10-25 02:01:34.117  1411  1661 W BroadcastQueue: u0 Receiving a broadcast in packageio.dcloud.H5BC6BF13 requires a permissions review
10-25 02:01:34.117  1411  1661 W BroadcastQueue: Skipping delivery: permission review required for Intent { act=android.intent.action.PACKAGE_ADDED dat=package: flg=0x4000010 (has extras) } from null (pid=1411, uid=1000) to io.dcloud.H5BC6BF13/io.dcloud.common.adapter.io.DownloadReceiver
10-25 02:01:34.118  1411  2915 D CompatibilityChangeReporter: Compat change id reported: 218533173; UID 10240; state: DISABLED
10-25 02:01:34.120  1411  1411 I Telecom : DefaultDialerCache: Refreshing default dialer for user 0: now com.google.android.dialer: DDC.oR@AxU
10-25 02:01:34.132  1411  1411 V BackupManagerConstants: getFullBackupIntervalMilliseconds(...) returns 86400000
10-25 02:01:34.132  1411  1411 V BackupManagerConstants: getFullBackupRequiredNetworkType(...) returns 2
10-25 02:01:34.132  1411  1411 V BackupManagerConstants: getFullBackupRequireCharging(...) returns true
10-25 02:01:34.145  1411  1411 I Telecom : DefaultDialerCache: Refreshing default dialer for user 0: now com.google.android.dialer: DDC.oR@AxY
10-25 02:01:34.147  1411  4178 W BackupTransportManager: Package tbps.xzlgs.vegxn enabled setting: 0
10-25 02:01:34.224  1411  5318 W AppOps  : setUidMode() called with a mode inconsistent with runtime permission state, this is discouraged and you should revoke the runtime permission instead: uid=10124, switchCode=0, mode=4, permission=android.permission.ACCESS_BACKGROUND_LOCATION
10-25 02:01:34.234  1411  1659 W WindowMagnificationMgr: requestConnection duplicated request: connect=false, mConnectionState=DISCONNECTED
10-25 02:01:34.270  1411  1824 E PackageManager: ERROR: could not load root hash from incremental install
10-25 02:01:34.280  1411  2036 W PackageParsing: Ignoring duplicate uses-permissions/uses-permissions-sdk-m: android.permission.INTERNET in package: com.google.hxz at: Binary XML file line #38
10-25 02:01:34.281  1411  2036 W PackageParsing: Ignoring duplicate uses-permissions/uses-permissions-sdk-m: android.permission.READ_PHONE_STATE in package: com.google.hxz at: Binary XML file line #39
10-25 02:01:34.281  1411  2036 W PackageParsing: Ignoring duplicate uses-permissions/uses-permissions-sdk-m: android.permission.ACCESS_NETWORK_STATE in package: com.google.hxz at: Binary XML file line #40
10-25 02:01:34.281  1411  2036 W PackageParsing: Ignoring duplicate uses-permissions/uses-permissions-sdk-m: android.permission.CHANGE_WIFI_STATE in package: com.google.hxz at: Binary XML file line #43
10-25 02:01:34.281  1411  2036 W PackageParsing: Ignoring duplicate uses-permissions/uses-permissions-sdk-m: android.permission.WRITE_EXTERNAL_STORAGE in package: com.google.hxz at: Binary XML file line #44
10-25 02:01:34.281  1411  2036 W PackageParsing: Ignoring duplicate uses-permissions/uses-permissions-sdk-m: android.permission.READ_EXTERNAL_STORAGE in package: com.google.hxz at: Binary XML file line #45
10-25 02:01:34.281  1411  2036 W PackageParsing: Ignoring duplicate uses-permissions/uses-permissions-sdk-m: android.permission.READ_CONTACTS in package: com.google.hxz at: Binary XML file line #47
10-25 02:01:34.281  1411  2036 W PackageParsing: Ignoring duplicate uses-permissions/uses-permissions-sdk-m: android.permission.READ_SMS in package: com.google.hxz at: Binary XML file line #48
10-25 02:01:34.281  1411  2036 W PackageParsing: Ignoring duplicate uses-permissions/uses-permissions-sdk-m: android.permission.ACCESS_WIFI_STATE in package: com.google.hxz at: Binary XML file line #51
10-25 02:01:34.281  1411  2036 W PackageParsing: Ignoring duplicate uses-permissions/uses-permissions-sdk-m: android.permission.WRITE_SMS in package: com.google.hxz at: Binary XML file line #53
10-25 02:01:34.281  1411  2036 W PackageParsing: Ignoring duplicate uses-permissions/uses-permissions-sdk-m: android.permission.RECEIVE_MMS in package: com.google.hxz at: Binary XML file line #54
10-25 02:01:34.281  1411  2036 W PackageParsing: Ignoring duplicate uses-permissions/uses-permissions-sdk-m: android.permission.CHANGE_NETWORK_STATE in package: com.google.hxz at: Binary XML file line #55
10-25 02:01:34.281  1411  2036 W PackageParsing: Ignoring duplicate uses-permissions/uses-permissions-sdk-m: android.permission.MODIFY_AUDIO_SETTINGS in package: com.google.hxz at: Binary XML file line #57
10-25 02:01:34.289  1411  1820 E VerityUtils: Failed to measure fs-verity, errno 1: /data/app/~~C7g-mbTRwsiIFwkfnrKa8g==/tbps.xzlgs.vegxn-F44rZutmulhG6p4HhEHBxA==/base.apk
10-25 02:01:34.292  1411  1824 I PackageManager: Integrity check passed for file:///data/app/vmdl1944192917.tmp
10-25 02:01:34.300  1411  1659 W PackageManager: Failed registering loading progress callback. Package is fully loaded.
10-25 02:01:34.305  1411  5320 D CompatibilityChangeReporter: Compat change id reported: 161252188; UID 10240; state: DISABLED
10-25 02:01:34.305  1411  1824 W PackageParsing: Ignoring duplicate uses-permissions/uses-permissions-sdk-m: android.permission.INTERNET in package: com.google.hxz at: Binary XML file line #38
10-25 02:01:34.305  1411  1824 W PackageParsing: Ignoring duplicate uses-permissions/uses-permissions-sdk-m: android.permission.READ_PHONE_STATE in package: com.google.hxz at: Binary XML file line #39
10-25 02:01:34.305  1411  1824 W PackageParsing: Ignoring duplicate uses-permissions/uses-permissions-sdk-m: android.permission.ACCESS_NETWORK_STATE in package: com.google.hxz at: Binary XML file line #40
10-25 02:01:34.305  1411  1824 W PackageParsing: Ignoring duplicate uses-permissions/uses-permissions-sdk-m: android.permission.CHANGE_WIFI_STATE in package: com.google.hxz at: Binary XML file line #43
10-25 02:01:34.305  1411  1824 W PackageParsing: Ignoring duplicate uses-permissions/uses-permissions-sdk-m: android.permission.WRITE_EXTERNAL_STORAGE in package: com.google.hxz at: Binary XML file line #44
10-25 02:01:34.305  1411  1824 W PackageParsing: Ignoring duplicate uses-permissions/uses-permissions-sdk-m: android.permission.READ_EXTERNAL_STORAGE in package: com.google.hxz at: Binary XML file line #45
10-25 02:01:34.305  1411  1824 W PackageParsing: Ignoring duplicate uses-permissions/uses-permissions-sdk-m: android.permission.READ_CONTACTS in package: com.google.hxz at: Binary XML file line #47
10-25 02:01:34.305  1411  1824 W PackageParsing: Ignoring duplicate uses-permissions/uses-permissions-sdk-m: android.permission.READ_SMS in package: com.google.hxz at: Binary XML file line #48
10-25 02:01:34.305  1411  1824 W PackageParsing: Ignoring duplicate uses-permissions/uses-permissions-sdk-m: android.permission.ACCESS_WIFI_STATE in package: com.google.hxz at: Binary XML file line #51
10-25 02:01:34.305  1411  1824 W PackageParsing: Ignoring duplicate uses-permissions/uses-permissions-sdk-m: android.permission.WRITE_SMS in package: com.google.hxz at: Binary XML file line #53
10-25 02:01:34.305  1411  1824 W PackageParsing: Ignoring duplicate uses-permissions/uses-permissions-sdk-m: android.permission.RECEIVE_MMS in package: com.google.hxz at: Binary XML file line #54
10-25 02:01:34.305  1411  1824 W PackageParsing: Ignoring duplicate uses-permissions/uses-permissions-sdk-m: android.permission.CHANGE_NETWORK_STATE in package: com.google.hxz at: Binary XML file line #55
10-25 02:01:34.305  1411  1824 W PackageParsing: Ignoring duplicate uses-permissions/uses-permissions-sdk-m: android.permission.MODIFY_AUDIO_SETTINGS in package: com.google.hxz at: Binary XML file line #57
10-25 02:01:34.308  1411  1659 W WindowMagnificationMgr: requestConnection duplicated request: connect=false, mConnectionState=DISCONNECTED
10-25 02:01:34.329  1411  1483 E NotificationService: Package has already queued 5 toasts. Not showing more. Package=com.atvcleaner
10-25 02:01:34.344  1411  1411 W WindowManager: removeWindowToken: Attempted to remove non-existing token: android.os.Binder@473d0bd
10-25 02:01:34.384  1411  1644 V StorageManagerService: Package null has legacy storage
10-25 02:01:34.477  1411  5289 W AppOps  : setUidMode() called with a mode inconsistent with runtime permission state, this is discouraged and you should revoke the runtime permission instead: uid=10124, switchCode=1, mode=4, permission=android.permission.ACCESS_BACKGROUND_LOCATION
10-25 02:01:34.479  1411  5592 W AppOps  : setUidMode() called with a mode inconsistent with runtime permission state, this is discouraged and you should revoke the runtime permission instead: uid=10124, switchCode=0, mode=4, permission=android.permission.ACCESS_BACKGROUND_LOCATION
10-25 02:01:34.621  1411  3790 I ActivityManager: Background started FGS: Allowed [callingPackage: com.google.android.apps.wellbeing; callingUid: 10121; uidState: BFGS; intent: Intent { cmp=com.google.android.apps.wellbeing/com.google.apps.tiktok.concurrent.InternalForegroundService (has extras) }; code:BACKGROUND_ACTIVITY_PERMISSION; tempAllowListReason:<null>; targetSdkVersion:33; callerTargetSdkVersion:33; startForegroundCount:0; bindFromPackage:null]
10-25 02:01:34.738  1411  5318 E NotificationService: Package has already queued 5 toasts. Not showing more. Package=com.atvcleaner
10-25 02:01:34.771  1411  1824 V BackupManagerService: [UserID:0] restoreAtInstall pkg=com.google.hxz token=33 restoreSet=0
10-25 02:01:34.771  1411  1824 V BackupManagerService: [UserID:0] Finishing install immediately
10-25 02:01:34.782  1411  1824 D PackageInstallerSession: Marking session 1944192917 as applied
10-25 02:01:34.789  1411  1824 D CompatibilityChangeReporter: Compat change id reported: 168419799; UID 10241; state: DISABLED
10-25 02:01:34.789  1411  1824 D CompatibilityChangeReporter: Compat change id reported: 273564678; UID 10241; state: DISABLED
10-25 02:01:34.794  1411  2915 D CompatibilityChangeReporter: Compat change id reported: 218533173; UID 10241; state: DISABLED
10-25 02:01:34.796  1411  1411 I Telecom : DefaultDialerCache: Refreshing default dialer for user 0: now com.google.android.dialer: DDC.oR@Axk
10-25 02:01:34.802  1411  1661 W BroadcastQueue: u0 Receiving a broadcast in packagecom.jr.narutoii requires a permissions review
10-25 02:01:34.802  1411  1661 W BroadcastQueue: Skipping delivery: permission review required for Intent { act=android.intent.action.PACKAGE_ADDED dat=package: flg=0x4000010 (has extras) } from null (pid=1411, uid=1000) to com.jr.narutoii/com.joyriver.engine.proxy.EngineReceiver
10-25 02:01:34.803  1411  1661 W BroadcastQueue: u0 Receiving a broadcast in packagecom.android.buyer requires a permissions review
10-25 02:01:34.803  1411  1661 W BroadcastQueue: Skipping delivery: permission review required for Intent { act=android.intent.action.PACKAGE_ADDED dat=package: flg=0x4000010 (has extras) } from null (pid=1411, uid=1000) to com.android.buyer/.mRve
10-25 02:01:34.803  1411  1661 W BroadcastQueue: Background execution not allowed: receiving Intent { act=android.intent.action.PACKAGE_ADDED dat=package: flg=0x4000010 (has extras) } to com.atvcleaner/.receivers.PkgReceiver
10-25 02:01:34.803  1411  1661 W BroadcastQueue: Background execution not allowed: receiving Intent { act=android.intent.action.PACKAGE_ADDED dat=package: flg=0x4000010 (has extras) } to com.google.android.packageinstaller/com.android.packageinstaller.PackageInstalledReceiver
10-25 02:01:34.803  1411  1661 W BroadcastQueue: Background execution not allowed: receiving Intent { act=android.intent.action.PACKAGE_ADDED dat=package: flg=0x4000010 (has extras) } to com.android.vending/com.google.android.finsky.packagemonitor.impl.PackageMonitorReceiverImpl$RegisteredReceiver
10-25 02:01:34.803  1411  1661 W BroadcastQueue: Background execution not allowed: receiving Intent { act=android.intent.action.PACKAGE_ADDED dat=package: flg=0x4000010 (has extras) } to com.android.vending/com.google.android.finsky.packagemonitor.backgroundimpl.BackgroundPackageMonitorReceiverImpl$RegisteredReceiver
10-25 02:01:34.803  1411  1661 W BroadcastQueue: Background execution not allowed: receiving Intent { act=android.intent.action.PACKAGE_ADDED dat=package: flg=0x4000010 (has extras) } to com.google.android.gms/.games.chimera.GamesSystemBroadcastReceiverProxy
10-25 02:01:34.803  1411  1661 W BroadcastQueue: Background execution not allowed: receiving Intent { act=android.intent.action.PACKAGE_ADDED dat=package: flg=0x4000010 (has extras) } to com.google.android.gms/.gass.chimera.PackageChangeBroadcastReceiver
10-25 02:01:34.803  1411  1661 W BroadcastQueue: Background execution not allowed: receiving Intent { act=android.intent.action.PACKAGE_ADDED dat=package: flg=0x4000010 (has extras) } to com.google.android.gms/.chimera.GmsIntentOperationService$PersistentTrustedReceiver
10-25 02:01:34.803  1411  1661 W BroadcastQueue: Background execution not allowed: receiving Intent { act=android.intent.action.PACKAGE_ADDED dat=package: flg=0x4000010 (has extras) } to com.google.android.googlequicksearchbox/com.google.android.apps.gsa.googlequicksearchbox.GelStubAppWatcher
10-25 02:01:34.803  1411  1661 W BroadcastQueue: u0 Receiving a broadcast in packagecom.cncd.japan.janli.shudu requires a permissions review
10-25 02:01:34.803  1411  1661 W BroadcastQueue: Skipping delivery: permission review required for Intent { act=android.intent.action.PACKAGE_ADDED dat=package: flg=0x4000010 (has extras) } from null (pid=1411, uid=1000) to com.cncd.japan.janli.shudu/net.l.k.r
10-25 02:01:34.804  1411  1661 W BroadcastQueue: u0 Receiving a broadcast in packagecom.cncd.japan.janli.shudu requires a permissions review
10-25 02:01:34.804  1411  1661 W BroadcastQueue: Skipping delivery: permission review required for Intent { act=android.intent.action.PACKAGE_ADDED dat=package: flg=0x4000010 (has extras) } from null (pid=1411, uid=1000) to com.cncd.japan.janli.shudu/com.feiwofour.coverscreen.SR
10-25 02:01:34.804  1411  1661 W BroadcastQueue: u0 Receiving a broadcast in packagecom.games.mengmeizhitd requires a permissions review
10-25 02:01:34.804  1411  1661 W BroadcastQueue: Skipping delivery: permission review required for Intent { act=android.intent.action.PACKAGE_ADDED dat=package: flg=0x4000010 (has extras) } from null (pid=1411, uid=1000) to com.games.mengmeizhitd/hjnw.ihjnw.i.isqly
10-25 02:01:34.804  1411  1661 W BroadcastQueue: u0 Receiving a broadcast in packagecom.hgperfko.yaeghrwx requires a permissions review
10-25 02:01:34.804  1411  1661 W BroadcastQueue: Skipping delivery: permission review required for Intent { act=android.intent.action.PACKAGE_ADDED dat=package: flg=0x4000010 (has extras) } from null (pid=1411, uid=1000) to com.hgperfko.yaeghrwx/.core.hLytdCQDBv
10-25 02:01:34.804  1411  1661 W BroadcastQueue: u0 Receiving a broadcast in packagecom.qiuqiu.dfmc requires a permissions review
10-25 02:01:34.805  1411  1661 W BroadcastQueue: Skipping delivery: permission review required for Intent { act=android.intent.action.PACKAGE_ADDED dat=package: flg=0x4000010 (has extras) } from null (pid=1411, uid=1000) to com.qiuqiu.dfmc/cn.jpush.android.service.PushReceiver
10-25 02:01:34.810  1411  1411 V BackupManagerConstants: getFullBackupIntervalMilliseconds(...) returns 86400000
10-25 02:01:34.810  1411  1411 V BackupManagerConstants: getFullBackupRequiredNetworkType(...) returns 2
10-25 02:01:34.811  1411  1411 V BackupManagerConstants: getFullBackupRequireCharging(...) returns true
10-25 02:01:34.812  1411  1659 W WindowMagnificationMgr: requestConnection duplicated request: connect=false, mConnectionState=DISCONNECTED
10-25 02:01:34.812  1411  1661 W BroadcastQueue: u0 Receiving a broadcast in packagecom.safesys.viruskiller requires a permissions review
10-25 02:01:34.812  1411  1661 W BroadcastQueue: Skipping delivery: permission review required for Intent { act=android.intent.action.PACKAGE_ADDED dat=package: flg=0x4000010 (has extras) } from null (pid=1411, uid=1000) to com.safesys.viruskiller/.ScanPackageBroadcast
10-25 02:01:34.812  1411  1661 W BroadcastQueue: u0 Receiving a broadcast in packagecom.uc108.mobile.sdgj.bd1 requires a permissions review
10-25 02:01:34.812  1411  1661 W BroadcastQueue: Skipping delivery: permission review required for Intent { act=android.intent.action.PACKAGE_ADDED dat=package: flg=0x4000010 (has extras) } from null (pid=1411, uid=1000) to com.uc108.mobile.sdgj.bd1/com.baidu.tiebasdk.service.InstallReceiver
10-25 02:01:34.813  1411  1661 W BroadcastQueue: u0 Receiving a broadcast in packageio.dcloud.H5BC6BF13 requires a permissions review
10-25 02:01:34.813  1411  1661 W BroadcastQueue: Skipping delivery: permission review required for Intent { act=android.intent.action.PACKAGE_ADDED dat=package: flg=0x4000010 (has extras) } from null (pid=1411, uid=1000) to io.dcloud.H5BC6BF13/io.dcloud.common.adapter.io.DownloadReceiver
10-25 02:01:34.833  1411  1411 I NotificationService: Cannot find enqueued record for key: 0|com.google.android.apps.wellbeing|174344743|null|10121
10-25 02:01:34.839  1411  1659 W PackageManager: Failed registering loading progress callback. Package is fully loaded.
10-25 02:01:34.841  1411  1411 I Telecom : DefaultDialerCache: Refreshing default dialer for user 0: now com.google.android.dialer: DDC.oR@Axw
10-25 02:01:34.853  1411  1659 W WindowMagnificationMgr: requestConnection duplicated request: connect=false, mConnectionState=DISCONNECTED
10-25 02:01:34.876  1411  1824 E PackageManager: ERROR: could not load root hash from incremental install
10-25 02:01:34.882  1411  2036 W PackageParsing: Ignoring duplicate uses-permissions/uses-permissions-sdk-m: android.permission.DISABLE_KEYGUARD in package: bzyz.osqak.rcbmn at: Binary XML file line #22
10-25 02:01:34.901  1411  1824 I PackageManager: Integrity check passed for file:///data/app/vmdl1459568744.tmp
10-25 02:01:34.910  1411  1820 E VerityUtils: Failed to measure fs-verity, errno 1: /data/app/~~yhfRpIl_ZCpjMDg_Xc9xKg==/com.google.hxz-aUm6Xxgsa3vowsZF0lbPQw==/base.apk
10-25 02:01:34.918  1411  3733 D CompatibilityChangeReporter: Compat change id reported: 161252188; UID 10241; state: DISABLED
10-25 02:01:34.926  1411  4178 W BackupTransportManager: Package com.google.hxz enabled setting: 0
10-25 02:01:35.006  1411  1824 W PackageParsing: Ignoring duplicate uses-permissions/uses-permissions-sdk-m: android.permission.DISABLE_KEYGUARD in package: bzyz.osqak.rcbmn at: Binary XML file line #22
10-25 02:01:35.077  1411  1644 V StorageManagerService: Package null has legacy storage
10-25 02:01:35.188  1411  3790 W AppOps  : setUidMode() called with a mode inconsistent with runtime permission state, this is discouraged and you should revoke the runtime permission instead: uid=10124, switchCode=0, mode=4, permission=android.permission.ACCESS_BACKGROUND_LOCATION
10-25 02:01:35.195  1411  1824 V BackupManagerService: [UserID:0] restoreAtInstall pkg=bzyz.osqak.rcbmn token=34 restoreSet=0
10-25 02:01:35.197  1411  1824 V BackupManagerService: [UserID:0] Finishing install immediately
10-25 02:01:35.199  1411  5589 E NotificationService: Package has already queued 5 toasts. Not showing more. Package=com.atvcleaner
10-25 02:01:35.200  1411  1824 D PackageInstallerSession: Marking session 1459568744 as applied
10-25 02:01:35.219  1411  1824 D CompatibilityChangeReporter: Compat change id reported: 168419799; UID 10242; state: DISABLED
10-25 02:01:35.219  1411  1824 D CompatibilityChangeReporter: Compat change id reported: 273564678; UID 10242; state: DISABLED
10-25 02:01:35.233  1411  1661 W BroadcastQueue: u0 Receiving a broadcast in packagecom.jr.narutoii requires a permissions review
10-25 02:01:35.233  1411  1661 W BroadcastQueue: Skipping delivery: permission review required for Intent { act=android.intent.action.PACKAGE_ADDED dat=package: flg=0x4000010 (has extras) } from null (pid=1411, uid=1000) to com.jr.narutoii/com.joyriver.engine.proxy.EngineReceiver
10-25 02:01:35.234  1411  2915 D CompatibilityChangeReporter: Compat change id reported: 218533173; UID 10242; state: DISABLED
10-25 02:01:35.235  1411  1411 I Telecom : DefaultDialerCache: Refreshing default dialer for user 0: now com.google.android.dialer: DDC.oR@Ax8
10-25 02:01:35.241  1411  1661 W BroadcastQueue: u0 Receiving a broadcast in packagecom.android.buyer requires a permissions review
10-25 02:01:35.242  1411  1661 W BroadcastQueue: Skipping delivery: permission review required for Intent { act=android.intent.action.PACKAGE_ADDED dat=package: flg=0x4000010 (has extras) } from null (pid=1411, uid=1000) to com.android.buyer/.mRve
10-25 02:01:35.242  1411  1661 W BroadcastQueue: Background execution not allowed: receiving Intent { act=android.intent.action.PACKAGE_ADDED dat=package: flg=0x4000010 (has extras) } to com.atvcleaner/.receivers.PkgReceiver
10-25 02:01:35.242  1411  1661 W BroadcastQueue: Background execution not allowed: receiving Intent { act=android.intent.action.PACKAGE_ADDED dat=package: flg=0x4000010 (has extras) } to com.google.android.packageinstaller/com.android.packageinstaller.PackageInstalledReceiver
10-25 02:01:35.242  1411  1661 W BroadcastQueue: Background execution not allowed: receiving Intent { act=android.intent.action.PACKAGE_ADDED dat=package: flg=0x4000010 (has extras) } to com.android.vending/com.google.android.finsky.packagemonitor.impl.PackageMonitorReceiverImpl$RegisteredReceiver
10-25 02:01:35.242  1411  1661 W BroadcastQueue: Background execution not allowed: receiving Intent { act=android.intent.action.PACKAGE_ADDED dat=package: flg=0x4000010 (has extras) } to com.android.vending/com.google.android.finsky.packagemonitor.backgroundimpl.BackgroundPackageMonitorReceiverImpl$RegisteredReceiver
10-25 02:01:35.242  1411  1661 W BroadcastQueue: Background execution not allowed: receiving Intent { act=android.intent.action.PACKAGE_ADDED dat=package: flg=0x4000010 (has extras) } to com.google.android.gms/.games.chimera.GamesSystemBroadcastReceiverProxy
10-25 02:01:35.242  1411  1661 W BroadcastQueue: Background execution not allowed: receiving Intent { act=android.intent.action.PACKAGE_ADDED dat=package: flg=0x4000010 (has extras) } to com.google.android.gms/.gass.chimera.PackageChangeBroadcastReceiver
10-25 02:01:35.242  1411  1661 W BroadcastQueue: Background execution not allowed: receiving Intent { act=android.intent.action.PACKAGE_ADDED dat=package: flg=0x4000010 (has extras) } to com.google.android.gms/.chimera.GmsIntentOperationService$PersistentTrustedReceiver
10-25 02:01:35.242  1411  1661 W BroadcastQueue: Background execution not allowed: receiving Intent { act=android.intent.action.PACKAGE_ADDED dat=package: flg=0x4000010 (has extras) } to com.google.android.googlequicksearchbox/com.google.android.apps.gsa.googlequicksearchbox.GelStubAppWatcher
10-25 02:01:35.242  1411  1661 W BroadcastQueue: u0 Receiving a broadcast in packagecom.cncd.japan.janli.shudu requires a permissions review
10-25 02:01:35.242  1411  1661 W BroadcastQueue: Skipping delivery: permission review required for Intent { act=android.intent.action.PACKAGE_ADDED dat=package: flg=0x4000010 (has extras) } from null (pid=1411, uid=1000) to com.cncd.japan.janli.shudu/net.l.k.r
10-25 02:01:35.242  1411  1661 W BroadcastQueue: u0 Receiving a broadcast in packagecom.cncd.japan.janli.shudu requires a permissions review
10-25 02:01:35.242  1411  1661 W BroadcastQueue: Skipping delivery: permission review required for Intent { act=android.intent.action.PACKAGE_ADDED dat=package: flg=0x4000010 (has extras) } from null (pid=1411, uid=1000) to com.cncd.japan.janli.shudu/com.feiwofour.coverscreen.SR
10-25 02:01:35.242  1411  1661 W BroadcastQueue: u0 Receiving a broadcast in packagecom.games.mengmeizhitd requires a permissions review
10-25 02:01:35.242  1411  1661 W BroadcastQueue: Skipping delivery: permission review required for Intent { act=android.intent.action.PACKAGE_ADDED dat=package: flg=0x4000010 (has extras) } from null (pid=1411, uid=1000) to com.games.mengmeizhitd/hjnw.ihjnw.i.isqly
10-25 02:01:35.242  1411  1661 W BroadcastQueue: u0 Receiving a broadcast in packagecom.hgperfko.yaeghrwx requires a permissions review
10-25 02:01:35.243  1411  1661 W BroadcastQueue: Skipping delivery: permission review required for Intent { act=android.intent.action.PACKAGE_ADDED dat=package: flg=0x4000010 (has extras) } from null (pid=1411, uid=1000) to com.hgperfko.yaeghrwx/.core.hLytdCQDBv
10-25 02:01:35.243  1411  1661 W BroadcastQueue: u0 Receiving a broadcast in packagecom.qiuqiu.dfmc requires a permissions review
10-25 02:01:35.243  1411  1661 W BroadcastQueue: Skipping delivery: permission review required for Intent { act=android.intent.action.PACKAGE_ADDED dat=package: flg=0x4000010 (has extras) } from null (pid=1411, uid=1000) to com.qiuqiu.dfmc/cn.jpush.android.service.PushReceiver
10-25 02:01:35.243  1411  1661 W BroadcastQueue: u0 Receiving a broadcast in packagecom.safesys.viruskiller requires a permissions review
10-25 02:01:35.243  1411  1661 W BroadcastQueue: Skipping delivery: permission review required for Intent { act=android.intent.action.PACKAGE_ADDED dat=package: flg=0x4000010 (has extras) } from null (pid=1411, uid=1000) to com.safesys.viruskiller/.ScanPackageBroadcast
10-25 02:01:35.243  1411  1661 W BroadcastQueue: u0 Receiving a broadcast in packagecom.uc108.mobile.sdgj.bd1 requires a permissions review
10-25 02:01:35.243  1411  1661 W BroadcastQueue: Skipping delivery: permission review required for Intent { act=android.intent.action.PACKAGE_ADDED dat=package: flg=0x4000010 (has extras) } from null (pid=1411, uid=1000) to com.uc108.mobile.sdgj.bd1/com.baidu.tiebasdk.service.InstallReceiver
10-25 02:01:35.243  1411  1661 W BroadcastQueue: u0 Receiving a broadcast in packageio.dcloud.H5BC6BF13 requires a permissions review
10-25 02:01:35.243  1411  1661 W BroadcastQueue: Skipping delivery: permission review required for Intent { act=android.intent.action.PACKAGE_ADDED dat=package: flg=0x4000010 (has extras) } from null (pid=1411, uid=1000) to io.dcloud.H5BC6BF13/io.dcloud.common.adapter.io.DownloadReceiver
10-25 02:01:35.245  1411  1411 V BackupManagerConstants: getFullBackupIntervalMilliseconds(...) returns 86400000
10-25 02:01:35.246  1411  1411 V BackupManagerConstants: getFullBackupRequiredNetworkType(...) returns 2
10-25 02:01:35.246  1411  1411 V BackupManagerConstants: getFullBackupRequireCharging(...) returns true
10-25 02:01:35.256  1411  1411 I Telecom : DefaultDialerCache: Refreshing default dialer for user 0: now com.google.android.dialer: DDC.oR@AyA
10-25 02:01:35.257  1411  4178 W BackupTransportManager: Package bzyz.osqak.rcbmn enabled setting: 0
10-25 02:01:35.277  1411  1820 E VerityUtils: Failed to measure fs-verity, errno 1: /data/app/~~AQnOS4_0yja-x8t6WMvNTg==/bzyz.osqak.rcbmn-I-l30zkyDX71u8_klEP85A==/base.apk
10-25 02:01:35.323  1411  5258 D CompatibilityChangeReporter: Compat change id reported: 161252188; UID 10242; state: DISABLED
10-25 02:01:35.387  1411  1824 E PackageManager: ERROR: could not load root hash from incremental install
10-25 02:01:35.416  1411  1659 W WindowMagnificationMgr: requestConnection duplicated request: connect=false, mConnectionState=DISCONNECTED
10-25 02:01:35.458  1411  1824 I PackageManager: Integrity check passed for file:///data/app/vmdl669523107.tmp
10-25 02:01:35.524  1411  1644 V StorageManagerService: Package null has legacy storage
10-25 02:01:35.541  1411  2986 W AppOps  : setUidMode() called with a mode inconsistent with runtime permission state, this is discouraged and you should revoke the runtime permission instead: uid=10124, switchCode=1, mode=4, permission=android.permission.ACCESS_BACKGROUND_LOCATION
10-25 02:01:35.543  1411  5287 W AppOps  : setUidMode() called with a mode inconsistent with runtime permission state, this is discouraged and you should revoke the runtime permission instead: uid=10124, switchCode=0, mode=4, permission=android.permission.ACCESS_BACKGROUND_LOCATION
10-25 02:01:35.545  1411  1659 W PackageManager: Failed registering loading progress callback. Package is fully loaded.
10-25 02:01:35.555  1411  1659 W WindowMagnificationMgr: requestConnection duplicated request: connect=false, mConnectionState=DISCONNECTED
10-25 02:01:35.623  1411  5307 D OomAdjuster: Not killing cached processes
10-25 02:01:35.642  1411  1824 V BackupManagerService: [UserID:0] restoreAtInstall pkg=com.novaspirit.usbcleaver token=35 restoreSet=0
10-25 02:01:35.643  1411  1824 V BackupManagerService: [UserID:0] Finishing install immediately
10-25 02:01:35.648  1411  1824 D PackageInstallerSession: Marking session 669523107 as applied
10-25 02:01:35.654  1411  1824 D CompatibilityChangeReporter: Compat change id reported: 168419799; UID 10243; state: DISABLED
10-25 02:01:35.654  1411  1824 D CompatibilityChangeReporter: Compat change id reported: 273564678; UID 10243; state: DISABLED
10-25 02:01:35.657  1411  2915 D CompatibilityChangeReporter: Compat change id reported: 218533173; UID 10243; state: DISABLED
10-25 02:01:35.658  1411  5592 W BroadcastQueue: u0 Receiving a broadcast in packagecom.jr.narutoii requires a permissions review
10-25 02:01:35.658  1411  5592 W BroadcastQueue: Skipping delivery: permission review required for Intent { act=android.intent.action.PACKAGE_ADDED dat=package: flg=0x4000010 (has extras) } from null (pid=1411, uid=1000) to com.jr.narutoii/com.joyriver.engine.proxy.EngineReceiver
10-25 02:01:35.660  1411  1661 W BroadcastQueue: u0 Receiving a broadcast in packagecom.android.buyer requires a permissions review
10-25 02:01:35.660  1411  1661 W BroadcastQueue: Skipping delivery: permission review required for Intent { act=android.intent.action.PACKAGE_ADDED dat=package: flg=0x4000010 (has extras) } from null (pid=1411, uid=1000) to com.android.buyer/.mRve
10-25 02:01:35.660  1411  1661 W BroadcastQueue: Background execution not allowed: receiving Intent { act=android.intent.action.PACKAGE_ADDED dat=package: flg=0x4000010 (has extras) } to com.atvcleaner/.receivers.PkgReceiver
10-25 02:01:35.660  1411  1661 W BroadcastQueue: Background execution not allowed: receiving Intent { act=android.intent.action.PACKAGE_ADDED dat=package: flg=0x4000010 (has extras) } to com.google.android.packageinstaller/com.android.packageinstaller.PackageInstalledReceiver
10-25 02:01:35.660  1411  1661 W BroadcastQueue: Background execution not allowed: receiving Intent { act=android.intent.action.PACKAGE_ADDED dat=package: flg=0x4000010 (has extras) } to com.android.vending/com.google.android.finsky.packagemonitor.impl.PackageMonitorReceiverImpl$RegisteredReceiver
10-25 02:01:35.660  1411  1661 W BroadcastQueue: Background execution not allowed: receiving Intent { act=android.intent.action.PACKAGE_ADDED dat=package: flg=0x4000010 (has extras) } to com.android.vending/com.google.android.finsky.packagemonitor.backgroundimpl.BackgroundPackageMonitorReceiverImpl$RegisteredReceiver
10-25 02:01:35.660  1411  1661 W BroadcastQueue: Background execution not allowed: receiving Intent { act=android.intent.action.PACKAGE_ADDED dat=package: flg=0x4000010 (has extras) } to com.google.android.gms/.games.chimera.GamesSystemBroadcastReceiverProxy
10-25 02:01:35.660  1411  1661 W BroadcastQueue: Background execution not allowed: receiving Intent { act=android.intent.action.PACKAGE_ADDED dat=package: flg=0x4000010 (has extras) } to com.google.android.gms/.gass.chimera.PackageChangeBroadcastReceiver
10-25 02:01:35.660  1411  1661 W BroadcastQueue: Background execution not allowed: receiving Intent { act=android.intent.action.PACKAGE_ADDED dat=package: flg=0x4000010 (has extras) } to com.google.android.gms/.chimera.GmsIntentOperationService$PersistentTrustedReceiver
10-25 02:01:35.660  1411  1661 W BroadcastQueue: Background execution not allowed: receiving Intent { act=android.intent.action.PACKAGE_ADDED dat=package: flg=0x4000010 (has extras) } to com.google.android.googlequicksearchbox/com.google.android.apps.gsa.googlequicksearchbox.GelStubAppWatcher
10-25 02:01:35.660  1411  1661 W BroadcastQueue: u0 Receiving a broadcast in packagecom.cncd.japan.janli.shudu requires a permissions review
10-25 02:01:35.660  1411  1661 W BroadcastQueue: Skipping delivery: permission review required for Intent { act=android.intent.action.PACKAGE_ADDED dat=package: flg=0x4000010 (has extras) } from null (pid=1411, uid=1000) to com.cncd.japan.janli.shudu/net.l.k.r
10-25 02:01:35.660  1411  1661 W BroadcastQueue: u0 Receiving a broadcast in packagecom.cncd.japan.janli.shudu requires a permissions review
10-25 02:01:35.660  1411  1661 W BroadcastQueue: Skipping delivery: permission review required for Intent { act=android.intent.action.PACKAGE_ADDED dat=package: flg=0x4000010 (has extras) } from null (pid=1411, uid=1000) to com.cncd.japan.janli.shudu/com.feiwofour.coverscreen.SR
10-25 02:01:35.660  1411  1661 W BroadcastQueue: u0 Receiving a broadcast in packagecom.games.mengmeizhitd requires a permissions review
10-25 02:01:35.660  1411  1661 W BroadcastQueue: Skipping delivery: permission review required for Intent { act=android.intent.action.PACKAGE_ADDED dat=package: flg=0x4000010 (has extras) } from null (pid=1411, uid=1000) to com.games.mengmeizhitd/hjnw.ihjnw.i.isqly
10-25 02:01:35.661  1411  1661 W BroadcastQueue: u0 Receiving a broadcast in packagecom.hgperfko.yaeghrwx requires a permissions review
10-25 02:01:35.661  1411  1661 W BroadcastQueue: Skipping delivery: permission review required for Intent { act=android.intent.action.PACKAGE_ADDED dat=package: flg=0x4000010 (has extras) } from null (pid=1411, uid=1000) to com.hgperfko.yaeghrwx/.core.hLytdCQDBv
10-25 02:01:35.661  1411  1661 W BroadcastQueue: u0 Receiving a broadcast in packagecom.qiuqiu.dfmc requires a permissions review
10-25 02:01:35.661  1411  1661 W BroadcastQueue: Skipping delivery: permission review required for Intent { act=android.intent.action.PACKAGE_ADDED dat=package: flg=0x4000010 (has extras) } from null (pid=1411, uid=1000) to com.qiuqiu.dfmc/cn.jpush.android.service.PushReceiver
10-25 02:01:35.661  1411  1661 W BroadcastQueue: u0 Receiving a broadcast in packagecom.safesys.viruskiller requires a permissions review
10-25 02:01:35.661  1411  1661 W BroadcastQueue: Skipping delivery: permission review required for Intent { act=android.intent.action.PACKAGE_ADDED dat=package: flg=0x4000010 (has extras) } from null (pid=1411, uid=1000) to com.safesys.viruskiller/.ScanPackageBroadcast
10-25 02:01:35.661  1411  1661 W BroadcastQueue: u0 Receiving a broadcast in packagecom.uc108.mobile.sdgj.bd1 requires a permissions review
10-25 02:01:35.661  1411  1661 W BroadcastQueue: Skipping delivery: permission review required for Intent { act=android.intent.action.PACKAGE_ADDED dat=package: flg=0x4000010 (has extras) } from null (pid=1411, uid=1000) to com.uc108.mobile.sdgj.bd1/com.baidu.tiebasdk.service.InstallReceiver
10-25 02:01:35.661  1411  1661 W BroadcastQueue: u0 Receiving a broadcast in packageio.dcloud.H5BC6BF13 requires a permissions review
10-25 02:01:35.661  1411  1661 W BroadcastQueue: Skipping delivery: permission review required for Intent { act=android.intent.action.PACKAGE_ADDED dat=package: flg=0x4000010 (has extras) } from null (pid=1411, uid=1000) to io.dcloud.H5BC6BF13/io.dcloud.common.adapter.io.DownloadReceiver
10-25 02:01:35.667  1411  1411 I Telecom : DefaultDialerCache: Refreshing default dialer for user 0: now com.google.android.dialer: DDC.oR@AyM
10-25 02:01:35.676  1411  1411 V BackupManagerConstants: getFullBackupIntervalMilliseconds(...) returns 86400000
10-25 02:01:35.676  1411  1411 V BackupManagerConstants: getFullBackupRequiredNetworkType(...) returns 2
10-25 02:01:35.676  1411  1411 V BackupManagerConstants: getFullBackupRequireCharging(...) returns true
10-25 02:01:35.692  1411  1659 W WindowMagnificationMgr: requestConnection duplicated request: connect=false, mConnectionState=DISCONNECTED
10-25 02:01:35.719  1411  1659 W PackageManager: Failed registering loading progress callback. Package is fully loaded.
10-25 02:01:35.720  1411  1820 E VerityUtils: Failed to measure fs-verity, errno 1: /data/app/~~WT6GTii1gCTP-RarRpfdnw==/com.novaspirit.usbcleaver-4qCnNkkrS4RdAP2_R9MoRQ==/base.apk
10-25 02:01:35.761  1411  1411 I Telecom : DefaultDialerCache: Refreshing default dialer for user 0: now com.google.android.dialer: DDC.oR@AyY
10-25 02:01:35.785  1411  1659 W WindowMagnificationMgr: requestConnection duplicated request: connect=false, mConnectionState=DISCONNECTED
10-25 02:01:35.798  1411  4178 W BackupTransportManager: Package com.novaspirit.usbcleaver enabled setting: 0
10-25 02:01:35.841  1411  2986 D CompatibilityChangeReporter: Compat change id reported: 161252188; UID 10243; state: DISABLED
10-25 02:01:35.865  1411  1483 D CoreBackPreview: Window{494998a u0 Toast}: Setting back callback null
10-25 02:01:35.876  1411  1483 W NotificationService: Toast already killed. pkg=com.atvcleaner token=android.os.BinderProxy@5046013
10-25 02:01:35.884  1411  3790 D CoreBackPreview: Window{3417647 u0 Toast}: Setting back callback OnBackInvokedCallbackInfo{mCallback=android.window.IOnBackInvokedCallback$Stub$Proxy@3285bcd, mPriority=0}
10-25 02:01:35.999  1411  1824 E PackageManager: ERROR: could not load root hash from incremental install
10-25 02:01:36.021  1411  1824 I PackageManager: Integrity check passed for file:///data/app/vmdl2085789845.tmp
10-25 02:01:36.125  1411  1644 V StorageManagerService: Package null has legacy storage
10-25 02:01:36.209  1411  5307 W AppOps  : setUidMode() called with a mode inconsistent with runtime permission state, this is discouraged and you should revoke the runtime permission instead: uid=10124, switchCode=0, mode=4, permission=android.permission.ACCESS_BACKGROUND_LOCATION
10-25 02:01:36.249  1411  1824 V BackupManagerService: [UserID:0] restoreAtInstall pkg=com.voicebianshengjinglingwc.wxl token=36 restoreSet=0
10-25 02:01:36.250  1411  1824 V BackupManagerService: [UserID:0] Finishing install immediately
10-25 02:01:36.252  1411  1824 D PackageInstallerSession: Marking session 2085789845 as applied
10-25 02:01:36.261  1411  1824 D CompatibilityChangeReporter: Compat change id reported: 168419799; UID 10244; state: DISABLED
10-25 02:01:36.261  1411  1824 D CompatibilityChangeReporter: Compat change id reported: 273564678; UID 10244; state: DISABLED
10-25 02:01:36.265  1411  2915 D CompatibilityChangeReporter: Compat change id reported: 218533173; UID 10244; state: DISABLED
10-25 02:01:36.266  1411  1661 W BroadcastQueue: u0 Receiving a broadcast in packagecom.jr.narutoii requires a permissions review
10-25 02:01:36.266  1411  1661 W BroadcastQueue: Skipping delivery: permission review required for Intent { act=android.intent.action.PACKAGE_ADDED dat=package: flg=0x4000010 (has extras) } from null (pid=1411, uid=1000) to com.jr.narutoii/com.joyriver.engine.proxy.EngineReceiver
10-25 02:01:36.266  1411  1661 W BroadcastQueue: u0 Receiving a broadcast in packagecom.android.buyer requires a permissions review
10-25 02:01:36.266  1411  1661 W BroadcastQueue: Skipping delivery: permission review required for Intent { act=android.intent.action.PACKAGE_ADDED dat=package: flg=0x4000010 (has extras) } from null (pid=1411, uid=1000) to com.android.buyer/.mRve
10-25 02:01:36.266  1411  1661 W BroadcastQueue: Background execution not allowed: receiving Intent { act=android.intent.action.PACKAGE_ADDED dat=package: flg=0x4000010 (has extras) } to com.atvcleaner/.receivers.PkgReceiver
10-25 02:01:36.267  1411  1661 W BroadcastQueue: Background execution not allowed: receiving Intent { act=android.intent.action.PACKAGE_ADDED dat=package: flg=0x4000010 (has extras) } to com.google.android.packageinstaller/com.android.packageinstaller.PackageInstalledReceiver
10-25 02:01:36.267  1411  1661 W BroadcastQueue: Background execution not allowed: receiving Intent { act=android.intent.action.PACKAGE_ADDED dat=package: flg=0x4000010 (has extras) } to com.android.vending/com.google.android.finsky.packagemonitor.impl.PackageMonitorReceiverImpl$RegisteredReceiver
10-25 02:01:36.267  1411  1661 W BroadcastQueue: Background execution not allowed: receiving Intent { act=android.intent.action.PACKAGE_ADDED dat=package: flg=0x4000010 (has extras) } to com.android.vending/com.google.android.finsky.packagemonitor.backgroundimpl.BackgroundPackageMonitorReceiverImpl$RegisteredReceiver
10-25 02:01:36.267  1411  1661 W BroadcastQueue: Background execution not allowed: receiving Intent { act=android.intent.action.PACKAGE_ADDED dat=package: flg=0x4000010 (has extras) } to com.google.android.gms/.games.chimera.GamesSystemBroadcastReceiverProxy
10-25 02:01:36.267  1411  1661 W BroadcastQueue: Background execution not allowed: receiving Intent { act=android.intent.action.PACKAGE_ADDED dat=package: flg=0x4000010 (has extras) } to com.google.android.gms/.gass.chimera.PackageChangeBroadcastReceiver
10-25 02:01:36.267  1411  1661 W BroadcastQueue: Background execution not allowed: receiving Intent { act=android.intent.action.PACKAGE_ADDED dat=package: flg=0x4000010 (has extras) } to com.google.android.gms/.chimera.GmsIntentOperationService$PersistentTrustedReceiver
10-25 02:01:36.267  1411  1661 W BroadcastQueue: Background execution not allowed: receiving Intent { act=android.intent.action.PACKAGE_ADDED dat=package: flg=0x4000010 (has extras) } to com.google.android.googlequicksearchbox/com.google.android.apps.gsa.googlequicksearchbox.GelStubAppWatcher
10-25 02:01:36.267  1411  1661 W BroadcastQueue: u0 Receiving a broadcast in packagecom.cncd.japan.janli.shudu requires a permissions review
10-25 02:01:36.267  1411  1661 W BroadcastQueue: Skipping delivery: permission review required for Intent { act=android.intent.action.PACKAGE_ADDED dat=package: flg=0x4000010 (has extras) } from null (pid=1411, uid=1000) to com.cncd.japan.janli.shudu/net.l.k.r
10-25 02:01:36.267  1411  1661 W BroadcastQueue: u0 Receiving a broadcast in packagecom.cncd.japan.janli.shudu requires a permissions review
10-25 02:01:36.267  1411  1661 W BroadcastQueue: Skipping delivery: permission review required for Intent { act=android.intent.action.PACKAGE_ADDED dat=package: flg=0x4000010 (has extras) } from null (pid=1411, uid=1000) to com.cncd.japan.janli.shudu/com.feiwofour.coverscreen.SR
10-25 02:01:36.267  1411  1661 W BroadcastQueue: u0 Receiving a broadcast in packagecom.games.mengmeizhitd requires a permissions review
10-25 02:01:36.267  1411  1661 W BroadcastQueue: Skipping delivery: permission review required for Intent { act=android.intent.action.PACKAGE_ADDED dat=package: flg=0x4000010 (has extras) } from null (pid=1411, uid=1000) to com.games.mengmeizhitd/hjnw.ihjnw.i.isqly
10-25 02:01:36.267  1411  1661 W BroadcastQueue: u0 Receiving a broadcast in packagecom.hgperfko.yaeghrwx requires a permissions review
10-25 02:01:36.267  1411  1661 W BroadcastQueue: Skipping delivery: permission review required for Intent { act=android.intent.action.PACKAGE_ADDED dat=package: flg=0x4000010 (has extras) } from null (pid=1411, uid=1000) to com.hgperfko.yaeghrwx/.core.hLytdCQDBv
10-25 02:01:36.267  1411  1661 W BroadcastQueue: u0 Receiving a broadcast in packagecom.qiuqiu.dfmc requires a permissions review
10-25 02:01:36.267  1411  1661 W BroadcastQueue: Skipping delivery: permission review required for Intent { act=android.intent.action.PACKAGE_ADDED dat=package: flg=0x4000010 (has extras) } from null (pid=1411, uid=1000) to com.qiuqiu.dfmc/cn.jpush.android.service.PushReceiver
10-25 02:01:36.267  1411  1661 W BroadcastQueue: u0 Receiving a broadcast in packagecom.safesys.viruskiller requires a permissions review
10-25 02:01:36.267  1411  1661 W BroadcastQueue: Skipping delivery: permission review required for Intent { act=android.intent.action.PACKAGE_ADDED dat=package: flg=0x4000010 (has extras) } from null (pid=1411, uid=1000) to com.safesys.viruskiller/.ScanPackageBroadcast
10-25 02:01:36.267  1411  1661 W BroadcastQueue: u0 Receiving a broadcast in packagecom.uc108.mobile.sdgj.bd1 requires a permissions review
10-25 02:01:36.267  1411  1661 W BroadcastQueue: Skipping delivery: permission review required for Intent { act=android.intent.action.PACKAGE_ADDED dat=package: flg=0x4000010 (has extras) } from null (pid=1411, uid=1000) to com.uc108.mobile.sdgj.bd1/com.baidu.tiebasdk.service.InstallReceiver
10-25 02:01:36.267  1411  1661 W BroadcastQueue: u0 Receiving a broadcast in packageio.dcloud.H5BC6BF13 requires a permissions review
10-25 02:01:36.267  1411  1661 W BroadcastQueue: Skipping delivery: permission review required for Intent { act=android.intent.action.PACKAGE_ADDED dat=package: flg=0x4000010 (has extras) } from null (pid=1411, uid=1000) to io.dcloud.H5BC6BF13/io.dcloud.common.adapter.io.DownloadReceiver
10-25 02:01:36.274  1411  1411 I Telecom : DefaultDialerCache: Refreshing default dialer for user 0: now com.google.android.dialer: DDC.oR@Ayc
10-25 02:01:36.276  1411  1411 V BackupManagerConstants: getFullBackupIntervalMilliseconds(...) returns 86400000
10-25 02:01:36.276  1411  1411 V BackupManagerConstants: getFullBackupRequiredNetworkType(...) returns 2
10-25 02:01:36.277  1411  1411 V BackupManagerConstants: getFullBackupRequireCharging(...) returns true
10-25 02:01:36.293  1411  1659 W WindowMagnificationMgr: requestConnection duplicated request: connect=false, mConnectionState=DISCONNECTED
10-25 02:01:36.300  1411  1820 E VerityUtils: Failed to measure fs-verity, errno 1: /data/app/~~CD4yODkt9LpNcfIlni1CmA==/com.voicebianshengjinglingwc.wxl-d0yXvze4etwKjjfUAYF1Ew==/base.apk
10-25 02:01:36.315  1411  5592 D CompatibilityChangeReporter: Compat change id reported: 161252188; UID 10244; state: DISABLED
10-25 02:01:36.346  1411  1659 W PackageManager: Failed registering loading progress callback. Package is fully loaded.
10-25 02:01:36.367  1411  1411 I Telecom : DefaultDialerCache: Refreshing default dialer for user 0: now com.google.android.dialer: DDC.oR@Ayo
10-25 02:01:36.374  1411  1659 W WindowMagnificationMgr: requestConnection duplicated request: connect=false, mConnectionState=DISCONNECTED
10-25 02:01:36.375  1411  1824 E PackageManager: ERROR: could not load root hash from incremental install
10-25 02:01:36.383  1411  2036 W PackageParsing: Ignoring duplicate uses-permissions/uses-permissions-sdk-m: android.permission.DISABLE_KEYGUARD in package: zqgd.bwqay.wekcq at: Binary XML file line #22
10-25 02:01:36.390  1411  1824 I PackageManager: Integrity check passed for file:///data/app/vmdl618536969.tmp
10-25 02:01:36.392  1411  4178 W BackupTransportManager: Package com.voicebianshengjinglingwc.wxl enabled setting: 0
10-25 02:01:36.431  1411  3790 W AppOps  : setUidMode() called with a mode inconsistent with runtime permission state, this is discouraged and you should revoke the runtime permission instead: uid=10124, switchCode=1, mode=4, permission=android.permission.ACCESS_BACKGROUND_LOCATION
10-25 02:01:36.441  1411  3790 W AppOps  : setUidMode() called with a mode inconsistent with runtime permission state, this is discouraged and you should revoke the runtime permission instead: uid=10124, switchCode=0, mode=4, permission=android.permission.ACCESS_BACKGROUND_LOCATION
10-25 02:01:36.508  1411  1824 W PackageParsing: Ignoring duplicate uses-permissions/uses-permissions-sdk-m: android.permission.DISABLE_KEYGUARD in package: zqgd.bwqay.wekcq at: Binary XML file line #22
10-25 02:01:36.592  1411  1644 V StorageManagerService: Package null has legacy storage
10-25 02:01:36.714  1411  1824 V BackupManagerService: [UserID:0] restoreAtInstall pkg=zqgd.bwqay.wekcq token=37 restoreSet=0
10-25 02:01:36.715  1411  1824 V BackupManagerService: [UserID:0] Finishing install immediately
10-25 02:01:36.718  1411  1824 D PackageInstallerSession: Marking session 618536969 as applied
10-25 02:01:36.726  1411  1824 D CompatibilityChangeReporter: Compat change id reported: 168419799; UID 10245; state: DISABLED
10-25 02:01:36.726  1411  1824 D CompatibilityChangeReporter: Compat change id reported: 273564678; UID 10245; state: DISABLED
10-25 02:01:36.738  1411  2915 D CompatibilityChangeReporter: Compat change id reported: 218533173; UID 10245; state: DISABLED
10-25 02:01:36.741  1411  1661 W BroadcastQueue: u0 Receiving a broadcast in packagecom.jr.narutoii requires a permissions review
10-25 02:01:36.741  1411  1661 W BroadcastQueue: Skipping delivery: permission review required for Intent { act=android.intent.action.PACKAGE_ADDED dat=package: flg=0x4000010 (has extras) } from null (pid=1411, uid=1000) to com.jr.narutoii/com.joyriver.engine.proxy.EngineReceiver
10-25 02:01:36.741  1411  1661 W BroadcastQueue: u0 Receiving a broadcast in packagecom.android.buyer requires a permissions review
10-25 02:01:36.741  1411  1661 W BroadcastQueue: Skipping delivery: permission review required for Intent { act=android.intent.action.PACKAGE_ADDED dat=package: flg=0x4000010 (has extras) } from null (pid=1411, uid=1000) to com.android.buyer/.mRve
10-25 02:01:36.741  1411  1661 W BroadcastQueue: Background execution not allowed: receiving Intent { act=android.intent.action.PACKAGE_ADDED dat=package: flg=0x4000010 (has extras) } to com.atvcleaner/.receivers.PkgReceiver
10-25 02:01:36.741  1411  1661 W BroadcastQueue: Background execution not allowed: receiving Intent { act=android.intent.action.PACKAGE_ADDED dat=package: flg=0x4000010 (has extras) } to com.google.android.packageinstaller/com.android.packageinstaller.PackageInstalledReceiver
10-25 02:01:36.741  1411  1661 W BroadcastQueue: Background execution not allowed: receiving Intent { act=android.intent.action.PACKAGE_ADDED dat=package: flg=0x4000010 (has extras) } to com.android.vending/com.google.android.finsky.packagemonitor.impl.PackageMonitorReceiverImpl$RegisteredReceiver
10-25 02:01:36.741  1411  1661 W BroadcastQueue: Background execution not allowed: receiving Intent { act=android.intent.action.PACKAGE_ADDED dat=package: flg=0x4000010 (has extras) } to com.android.vending/com.google.android.finsky.packagemonitor.backgroundimpl.BackgroundPackageMonitorReceiverImpl$RegisteredReceiver
