10-22 23:39:24.878  1480  1708 W BroadcastQueue: Background execution not allowed: receiving Intent { act=android.intent.action.PACKAGE_ADDED dat=package: flg=0x4000010 (has extras) } to com.google.android.gms/.games.chimera.GamesSystemBroadcastReceiverProxy
10-22 23:39:24.878  1480  1708 W BroadcastQueue: Background execution not allowed: receiving Intent { act=android.intent.action.PACKAGE_ADDED dat=package: flg=0x4000010 (has extras) } to com.google.android.gms/.gass.chimera.PackageChangeBroadcastReceiver
10-22 23:39:24.878  1480  1708 W BroadcastQueue: Background execution not allowed: receiving Intent { act=android.intent.action.PACKAGE_ADDED dat=package: flg=0x4000010 (has extras) } to com.google.android.gms/.chimera.GmsIntentOperationService$PersistentTrustedReceiver
10-22 23:39:24.879  1480  1708 W BroadcastQueue: u0 Receiving a broadcast in packagecom.cncd.japan.janli.shudu requires a permissions review
10-22 23:39:24.879  1480  1708 W BroadcastQueue: Skipping delivery: permission review required for Intent { act=android.intent.action.PACKAGE_ADDED dat=package: flg=0x4000010 (has extras) } from null (pid=1480, uid=1000) to com.cncd.japan.janli.shudu/net.l.k.r
10-22 23:39:24.879  1480  1708 W BroadcastQueue: u0 Receiving a broadcast in packagecom.cncd.japan.janli.shudu requires a permissions review
10-22 23:39:24.879  1480  1708 W BroadcastQueue: Skipping delivery: permission review required for Intent { act=android.intent.action.PACKAGE_ADDED dat=package: flg=0x4000010 (has extras) } from null (pid=1480, uid=1000) to com.cncd.japan.janli.shudu/com.feiwofour.coverscreen.SR
10-22 23:39:24.879  1480  1708 W BroadcastQueue: u0 Receiving a broadcast in packagecom.games.mengmeizhitd requires a permissions review
10-22 23:39:24.879  1480  1708 W BroadcastQueue: Skipping delivery: permission review required for Intent { act=android.intent.action.PACKAGE_ADDED dat=package: flg=0x4000010 (has extras) } from null (pid=1480, uid=1000) to com.games.mengmeizhitd/hjnw.ihjnw.i.isqly
10-22 23:39:24.879  1480  1708 W BroadcastQueue: u0 Receiving a broadcast in packagecom.hgperfko.yaeghrwx requires a permissions review
10-22 23:39:24.879  1480  1708 W BroadcastQueue: Skipping delivery: permission review required for Intent { act=android.intent.action.PACKAGE_ADDED dat=package: flg=0x4000010 (has extras) } from null (pid=1480, uid=1000) to com.hgperfko.yaeghrwx/.core.hLytdCQDBv
10-22 23:39:24.879  1480  1708 W BroadcastQueue: u0 Receiving a broadcast in packagecom.qiuqiu.dfmc requires a permissions review
10-22 23:39:24.879  1480  1708 W BroadcastQueue: Skipping delivery: permission review required for Intent { act=android.intent.action.PACKAGE_ADDED dat=package: flg=0x4000010 (has extras) } from null (pid=1480, uid=1000) to com.qiuqiu.dfmc/cn.jpush.android.service.PushReceiver
10-22 23:39:24.879  1480  1708 W BroadcastQueue: u0 Receiving a broadcast in packagecom.safesys.viruskiller requires a permissions review
10-22 23:39:24.879  1480  1708 W BroadcastQueue: Skipping delivery: permission review required for Intent { act=android.intent.action.PACKAGE_ADDED dat=package: flg=0x4000010 (has extras) } from null (pid=1480, uid=1000) to com.safesys.viruskiller/.ScanPackageBroadcast
10-22 23:39:24.879  1480  1708 W BroadcastQueue: u0 Receiving a broadcast in packagecom.uc108.mobile.sdgj.bd1 requires a permissions review
10-22 23:39:24.879  1480  1708 W BroadcastQueue: Skipping delivery: permission review required for Intent { act=android.intent.action.PACKAGE_ADDED dat=package: flg=0x4000010 (has extras) } from null (pid=1480, uid=1000) to com.uc108.mobile.sdgj.bd1/com.baidu.tiebasdk.service.InstallReceiver
10-22 23:39:24.879  1480  1708 W BroadcastQueue: u0 Receiving a broadcast in packagecom.voicebianshengjinglingwc.wxl requires a permissions review
10-22 23:39:24.879  1480  1708 W BroadcastQueue: Skipping delivery: permission review required for Intent { act=android.intent.action.PACKAGE_ADDED dat=package: flg=0x4000010 (has extras) } from null (pid=1480, uid=1000) to com.voicebianshengjinglingwc.wxl/mp.ruu.Ztjjwrj
10-22 23:39:24.879  1480  1708 W BroadcastQueue: u0 Receiving a broadcast in packageio.dcloud.H5BC6BF13 requires a permissions review
10-22 23:39:24.879  1480  1708 W BroadcastQueue: Skipping delivery: permission review required for Intent { act=android.intent.action.PACKAGE_ADDED dat=package: flg=0x4000010 (has extras) } from null (pid=1480, uid=1000) to io.dcloud.H5BC6BF13/io.dcloud.common.adapter.io.DownloadReceiver
10-22 23:39:24.901  1480  1480 I Telecom : DefaultDialerCache: Refreshing default dialer for user 0: now com.google.android.dialer: DDC.oR@CDU
10-22 23:39:24.920  1480  1825 E VerityUtils: Failed to measure fs-verity, errno 1: /data/app/~~nfdKl_-Qv38p_xqVnn50cA==/qiu.com-ibol_sRuHS987zgwardX0A==/base.apk
10-22 23:39:24.945  1480  1707 W WindowMagnificationMgr: requestConnection duplicated request: connect=false, mConnectionState=DISCONNECTED
10-22 23:39:24.950  1480  4172 W BackupTransportManager: Package qiu.com enabled setting: 0
10-22 23:39:24.957  1480  4216 D CompatibilityChangeReporter: Compat change id reported: 161252188; UID 10260; state: DISABLED
10-22 23:39:25.019  1480  1707 W PackageManager: Failed registering loading progress callback. Package is fully loaded.
10-22 23:39:25.027  1480  1707 W WindowMagnificationMgr: requestConnection duplicated request: connect=false, mConnectionState=DISCONNECTED
10-22 23:39:25.076  1480  1828 E PackageManager: ERROR: could not load root hash from incremental install
10-22 23:39:25.099  1480  1828 I PackageManager: Integrity check passed for file:///data/app/vmdl546120578.tmp
10-22 23:39:25.113  1480  2980 W ActivityManager: Invalid packageName: ch.nth.android.contentabo_l01_sim_univ
10-22 23:39:25.113  1480  2980 W ActivityManager: Invalid packageName: com.talkweb.ycya.free
10-22 23:39:25.198  1480  1689 V StorageManagerService: Package null has legacy storage
10-22 23:39:25.389  1480  1692 V WindowManager: Unknown focus tokens, dropping reportFocusChanged
10-22 23:39:25.395  1480  2980 W ActivityTaskManager: getApplicationThreadForTopActivity failed: Requested task not found
10-22 23:39:25.477  1480  1828 V BackupManagerService: [UserID:0] restoreAtInstall pkg=com.evilsunflower.reader.evilYufang15 token=62 restoreSet=0
10-22 23:39:25.477  1480  1828 V BackupManagerService: [UserID:0] Finishing install immediately
10-22 23:39:25.480  1480  1828 D PackageInstallerSession: Marking session 546120578 as applied
10-22 23:39:25.489  1480  1828 D CompatibilityChangeReporter: Compat change id reported: 168419799; UID 10261; state: DISABLED
10-22 23:39:25.490  1480  1828 D CompatibilityChangeReporter: Compat change id reported: 273564678; UID 10261; state: DISABLED
10-22 23:39:25.495  1480  2911 D CompatibilityChangeReporter: Compat change id reported: 218533173; UID 10261; state: DISABLED
10-22 23:39:25.496  1480  1480 I Telecom : DefaultDialerCache: Refreshing default dialer for user 0: now com.google.android.dialer: DDC.oR@CDg
10-22 23:39:25.498  1480  1708 W BroadcastQueue: u0 Receiving a broadcast in packagecom.jr.narutoii requires a permissions review
10-22 23:39:25.498  1480  1708 W BroadcastQueue: Skipping delivery: permission review required for Intent { act=android.intent.action.PACKAGE_ADDED dat=package: flg=0x4000010 (has extras) } from null (pid=1480, uid=1000) to com.jr.narutoii/com.joyriver.engine.proxy.EngineReceiver
10-22 23:39:25.498  1480  1708 W BroadcastQueue: u0 Receiving a broadcast in packagecom.android.buyer requires a permissions review
10-22 23:39:25.498  1480  1708 W BroadcastQueue: Skipping delivery: permission review required for Intent { act=android.intent.action.PACKAGE_ADDED dat=package: flg=0x4000010 (has extras) } from null (pid=1480, uid=1000) to com.android.buyer/.mRve
10-22 23:39:25.498  1480  1708 W BroadcastQueue: Background execution not allowed: receiving Intent { act=android.intent.action.PACKAGE_ADDED dat=package: flg=0x4000010 (has extras) } to com.drweb/.antivirus.lib.monitor.PackageInstallBroadcastReceiver
10-22 23:39:25.498  1480  1708 W BroadcastQueue: Background execution not allowed: receiving Intent { act=android.intent.action.PACKAGE_ADDED dat=package: flg=0x4000010 (has extras) } to com.google.android.packageinstaller/com.android.packageinstaller.PackageInstalledReceiver
10-22 23:39:25.498  1480  1708 W BroadcastQueue: Background execution not allowed: receiving Intent { act=android.intent.action.PACKAGE_ADDED dat=package: flg=0x4000010 (has extras) } to com.android.vending/com.google.android.finsky.packagemonitor.impl.PackageMonitorReceiverImpl$RegisteredReceiver
10-22 23:39:25.498  1480  1708 W BroadcastQueue: Background execution not allowed: receiving Intent { act=android.intent.action.PACKAGE_ADDED dat=package: flg=0x4000010 (has extras) } to com.android.vending/com.google.android.finsky.packagemonitor.backgroundimpl.BackgroundPackageMonitorReceiverImpl$RegisteredReceiver
10-22 23:39:25.498  1480  1708 W BroadcastQueue: Background execution not allowed: receiving Intent { act=android.intent.action.PACKAGE_ADDED dat=package: flg=0x4000010 (has extras) } to com.google.android.gms/.games.chimera.GamesSystemBroadcastReceiverProxy
10-22 23:39:25.498  1480  1708 W BroadcastQueue: Background execution not allowed: receiving Intent { act=android.intent.action.PACKAGE_ADDED dat=package: flg=0x4000010 (has extras) } to com.google.android.gms/.gass.chimera.PackageChangeBroadcastReceiver
10-22 23:39:25.498  1480  1708 W BroadcastQueue: Background execution not allowed: receiving Intent { act=android.intent.action.PACKAGE_ADDED dat=package: flg=0x4000010 (has extras) } to com.google.android.gms/.chimera.GmsIntentOperationService$PersistentTrustedReceiver
10-22 23:39:25.498  1480  1708 W BroadcastQueue: u0 Receiving a broadcast in packagecom.cncd.japan.janli.shudu requires a permissions review
10-22 23:39:25.498  1480  1708 W BroadcastQueue: Skipping delivery: permission review required for Intent { act=android.intent.action.PACKAGE_ADDED dat=package: flg=0x4000010 (has extras) } from null (pid=1480, uid=1000) to com.cncd.japan.janli.shudu/net.l.k.r
10-22 23:39:25.498  1480  1708 W BroadcastQueue: u0 Receiving a broadcast in packagecom.cncd.japan.janli.shudu requires a permissions review
10-22 23:39:25.499  1480  1708 W BroadcastQueue: Skipping delivery: permission review required for Intent { act=android.intent.action.PACKAGE_ADDED dat=package: flg=0x4000010 (has extras) } from null (pid=1480, uid=1000) to com.cncd.japan.janli.shudu/com.feiwofour.coverscreen.SR
10-22 23:39:25.499  1480  1708 W BroadcastQueue: u0 Receiving a broadcast in packagecom.games.mengmeizhitd requires a permissions review
10-22 23:39:25.499  1480  1708 W BroadcastQueue: Skipping delivery: permission review required for Intent { act=android.intent.action.PACKAGE_ADDED dat=package: flg=0x4000010 (has extras) } from null (pid=1480, uid=1000) to com.games.mengmeizhitd/hjnw.ihjnw.i.isqly
10-22 23:39:25.499  1480  1708 W BroadcastQueue: u0 Receiving a broadcast in packagecom.hgperfko.yaeghrwx requires a permissions review
10-22 23:39:25.499  1480  1708 W BroadcastQueue: Skipping delivery: permission review required for Intent { act=android.intent.action.PACKAGE_ADDED dat=package: flg=0x4000010 (has extras) } from null (pid=1480, uid=1000) to com.hgperfko.yaeghrwx/.core.hLytdCQDBv
10-22 23:39:25.499  1480  1708 W BroadcastQueue: u0 Receiving a broadcast in packagecom.qiuqiu.dfmc requires a permissions review
10-22 23:39:25.499  1480  1708 W BroadcastQueue: Skipping delivery: permission review required for Intent { act=android.intent.action.PACKAGE_ADDED dat=package: flg=0x4000010 (has extras) } from null (pid=1480, uid=1000) to com.qiuqiu.dfmc/cn.jpush.android.service.PushReceiver
10-22 23:39:25.499  1480  1708 W BroadcastQueue: u0 Receiving a broadcast in packagecom.safesys.viruskiller requires a permissions review
10-22 23:39:25.499  1480  1708 W BroadcastQueue: Skipping delivery: permission review required for Intent { act=android.intent.action.PACKAGE_ADDED dat=package: flg=0x4000010 (has extras) } from null (pid=1480, uid=1000) to com.safesys.viruskiller/.ScanPackageBroadcast
10-22 23:39:25.499  1480  1708 W BroadcastQueue: u0 Receiving a broadcast in packagecom.uc108.mobile.sdgj.bd1 requires a permissions review
10-22 23:39:25.499  1480  1708 W BroadcastQueue: Skipping delivery: permission review required for Intent { act=android.intent.action.PACKAGE_ADDED dat=package: flg=0x4000010 (has extras) } from null (pid=1480, uid=1000) to com.uc108.mobile.sdgj.bd1/com.baidu.tiebasdk.service.InstallReceiver
10-22 23:39:25.499  1480  1708 W BroadcastQueue: u0 Receiving a broadcast in packagecom.voicebianshengjinglingwc.wxl requires a permissions review
10-22 23:39:25.499  1480  1708 W BroadcastQueue: Skipping delivery: permission review required for Intent { act=android.intent.action.PACKAGE_ADDED dat=package: flg=0x4000010 (has extras) } from null (pid=1480, uid=1000) to com.voicebianshengjinglingwc.wxl/mp.ruu.Ztjjwrj
10-22 23:39:25.499  1480  1708 W BroadcastQueue: u0 Receiving a broadcast in packageio.dcloud.H5BC6BF13 requires a permissions review
10-22 23:39:25.499  1480  1708 W BroadcastQueue: Skipping delivery: permission review required for Intent { act=android.intent.action.PACKAGE_ADDED dat=package: flg=0x4000010 (has extras) } from null (pid=1480, uid=1000) to io.dcloud.H5BC6BF13/io.dcloud.common.adapter.io.DownloadReceiver
10-22 23:39:25.502  1480  3868 D CoreBackPreview: Window{a7bd406 u0 com.drweb/com.drweb.ui.main.MainActivity}: Setting back callback null
10-22 23:39:25.505  1480  1480 V BackupManagerConstants: getFullBackupIntervalMilliseconds(...) returns 86400000
10-22 23:39:25.505  1480  1480 V BackupManagerConstants: getFullBackupRequiredNetworkType(...) returns 2
10-22 23:39:25.506  1480  1480 V BackupManagerConstants: getFullBackupRequireCharging(...) returns true
10-22 23:39:25.527  1480  1825 E VerityUtils: Failed to measure fs-verity, errno 1: /data/app/~~JSpnqjshYH002d9IfB4FhA==/com.evilsunflower.reader.evilYufang15-1_iym1e0omPlvQ_stat5Tw==/base.apk
10-22 23:39:25.548  1480  5564 D CompatibilityChangeReporter: Compat change id reported: 161252188; UID 10261; state: DISABLED
10-22 23:39:25.578  1480  1480 I Telecom : DefaultDialerCache: Refreshing default dialer for user 0: now com.google.android.dialer: DDC.oR@CDk
10-22 23:39:25.612  1480  4172 W BackupTransportManager: Package com.evilsunflower.reader.evilYufang15 enabled setting: 0
10-22 23:39:25.676  1480  1707 W WindowMagnificationMgr: requestConnection duplicated request: connect=false, mConnectionState=DISCONNECTED
10-22 23:39:25.682  3120  3180 D ShellBackPreview: initAnimation mMotionStarted=false
10-22 23:39:25.682  1480  7479 D CoreBackPreview: Focused window found using getFocusedWindowToken
10-22 23:39:25.683  1480  7479 D CoreBackPreview: startBackNavigation currentTask=Task{27f9c2d #6 type=home I=com.google.android.apps.nexuslauncher/.NexusLauncherActivity}, topRunningActivity=ActivityRecord{3e79fb0 u0 com.google.android.apps.nexuslauncher/.NexusLauncherActivity} t6}, callbackInfo=OnBackInvokedCallbackInfo{mCallback=android.window.IOnBackInvokedCallback$Stub$Proxy@5661a2c, mPriority=0}, currentFocus=Window{44d1e00 u0 com.google.android.apps.nexuslauncher/com.google.android.apps.nexuslauncher.NexusLauncherActivity}
10-22 23:39:25.683  3120  3180 D ShellBackPreview: Received backNavigationInfo:BackNavigationInfo{mType=TYPE_CALLBACK (4), mDepartingAnimationTarget=null, mScreenshotSurface=null, mTaskWindowConfiguration= null, mScreenshotBuffer=null, mOnBackNavigationDone=android.os.RemoteCallback@4193a3c, mOnBackInvokedCallback=android.window.IOnBackInvokedCallback$Stub$Proxy@4e443c5}
10-22 23:39:25.730  1480  1707 W PackageManager: Failed registering loading progress callback. Package is fully loaded.
10-22 23:39:25.730  1480  1707 W UsageStatsService: Unexpected activity event reported! (com.drweb/com.drweb.ui.main.MainActivity event : 23 instanceId : 227549719)
10-22 23:39:25.738  1480  1707 W WindowMagnificationMgr: requestConnection duplicated request: connect=false, mConnectionState=DISCONNECTED
10-22 23:39:25.747  3120  3180 D ShellBackPreview: Finishing gesture with event action: 1
10-22 23:39:25.747  3120  3180 D ShellBackPreview: onGestureFinished() mTriggerBack == false
10-22 23:39:25.747  3120  3180 D ShellBackPreview: BackAnimationController: finishAnimation()
10-22 23:39:25.747  1480  7479 D CoreBackPreview: onBackNavigationDone backType=4, task=null, prevActivity=null
10-22 23:39:25.905  1480  1828 E PackageManager: ERROR: could not load root hash from incremental install
10-22 23:39:25.943  1480  1828 I PackageManager: Integrity check passed for file:///data/app/vmdl1669706218.tmp
10-22 23:39:25.997  1480  1828 I PackageManager: Permission ownership changed. Updating all permissions.
10-22 23:39:26.114  1480  1689 W Looper  : Slow dispatch took 116ms android.fg h=android.os.Handler c=<recycled PooledLambda@df2286c> m=0
10-22 23:39:26.255  1480  1689 V StorageManagerService: Package null has legacy storage
10-22 23:39:26.533  1480  1828 V BackupManagerService: [UserID:0] restoreAtInstall pkg=com.yoojar.zlsg.baidu token=63 restoreSet=0
10-22 23:39:26.534  1480  1828 V BackupManagerService: [UserID:0] Finishing install immediately
10-22 23:39:26.537  1480  1828 D PackageInstallerSession: Marking session 1669706218 as applied
10-22 23:39:26.554  1480  1828 D CompatibilityChangeReporter: Compat change id reported: 168419799; UID 10262; state: DISABLED
10-22 23:39:26.554  1480  1828 D CompatibilityChangeReporter: Compat change id reported: 273564678; UID 10262; state: DISABLED
10-22 23:39:26.558  1480  2911 D CompatibilityChangeReporter: Compat change id reported: 218533173; UID 10262; state: DISABLED
10-22 23:39:26.564  1480  7088 W BroadcastQueue: u0 Receiving a broadcast in packagecom.jr.narutoii requires a permissions review
10-22 23:39:26.564  1480  7088 W BroadcastQueue: Skipping delivery: permission review required for Intent { act=android.intent.action.PACKAGE_ADDED dat=package: flg=0x4000010 (has extras) } from null (pid=1480, uid=1000) to com.jr.narutoii/com.joyriver.engine.proxy.EngineReceiver
10-22 23:39:26.567  1480  1708 W BroadcastQueue: u0 Receiving a broadcast in packagecom.android.buyer requires a permissions review
10-22 23:39:26.567  1480  1708 W BroadcastQueue: Skipping delivery: permission review required for Intent { act=android.intent.action.PACKAGE_ADDED dat=package: flg=0x4000010 (has extras) } from null (pid=1480, uid=1000) to com.android.buyer/.mRve
10-22 23:39:26.568  1480  1708 W BroadcastQueue: Background execution not allowed: receiving Intent { act=android.intent.action.PACKAGE_ADDED dat=package: flg=0x4000010 (has extras) } to com.drweb/.antivirus.lib.monitor.PackageInstallBroadcastReceiver
10-22 23:39:26.568  1480  1708 W BroadcastQueue: Background execution not allowed: receiving Intent { act=android.intent.action.PACKAGE_ADDED dat=package: flg=0x4000010 (has extras) } to com.google.android.packageinstaller/com.android.packageinstaller.PackageInstalledReceiver
10-22 23:39:26.568  1480  1708 W BroadcastQueue: Background execution not allowed: receiving Intent { act=android.intent.action.PACKAGE_ADDED dat=package: flg=0x4000010 (has extras) } to com.android.vending/com.google.android.finsky.packagemonitor.impl.PackageMonitorReceiverImpl$RegisteredReceiver
10-22 23:39:26.568  1480  1708 W BroadcastQueue: Background execution not allowed: receiving Intent { act=android.intent.action.PACKAGE_ADDED dat=package: flg=0x4000010 (has extras) } to com.android.vending/com.google.android.finsky.packagemonitor.backgroundimpl.BackgroundPackageMonitorReceiverImpl$RegisteredReceiver
10-22 23:39:26.568  1480  1708 W BroadcastQueue: Background execution not allowed: receiving Intent { act=android.intent.action.PACKAGE_ADDED dat=package: flg=0x4000010 (has extras) } to com.google.android.gms/.games.chimera.GamesSystemBroadcastReceiverProxy
10-22 23:39:26.568  1480  1708 W BroadcastQueue: Background execution not allowed: receiving Intent { act=android.intent.action.PACKAGE_ADDED dat=package: flg=0x4000010 (has extras) } to com.google.android.gms/.gass.chimera.PackageChangeBroadcastReceiver
10-22 23:39:26.568  1480  1708 W BroadcastQueue: Background execution not allowed: receiving Intent { act=android.intent.action.PACKAGE_ADDED dat=package: flg=0x4000010 (has extras) } to com.google.android.gms/.chimera.GmsIntentOperationService$PersistentTrustedReceiver
10-22 23:39:26.568  1480  1708 W BroadcastQueue: u0 Receiving a broadcast in packagecom.cncd.japan.janli.shudu requires a permissions review
10-22 23:39:26.568  1480  1708 W BroadcastQueue: Skipping delivery: permission review required for Intent { act=android.intent.action.PACKAGE_ADDED dat=package: flg=0x4000010 (has extras) } from null (pid=1480, uid=1000) to com.cncd.japan.janli.shudu/net.l.k.r
10-22 23:39:26.568  1480  1708 W BroadcastQueue: u0 Receiving a broadcast in packagecom.cncd.japan.janli.shudu requires a permissions review
10-22 23:39:26.568  1480  1708 W BroadcastQueue: Skipping delivery: permission review required for Intent { act=android.intent.action.PACKAGE_ADDED dat=package: flg=0x4000010 (has extras) } from null (pid=1480, uid=1000) to com.cncd.japan.janli.shudu/com.feiwofour.coverscreen.SR
10-22 23:39:26.568  1480  1708 W BroadcastQueue: u0 Receiving a broadcast in packagecom.games.mengmeizhitd requires a permissions review
10-22 23:39:26.568  1480  1708 W BroadcastQueue: Skipping delivery: permission review required for Intent { act=android.intent.action.PACKAGE_ADDED dat=package: flg=0x4000010 (has extras) } from null (pid=1480, uid=1000) to com.games.mengmeizhitd/hjnw.ihjnw.i.isqly
10-22 23:39:26.568  1480  1708 W BroadcastQueue: u0 Receiving a broadcast in packagecom.hgperfko.yaeghrwx requires a permissions review
10-22 23:39:26.568  1480  1708 W BroadcastQueue: Skipping delivery: permission review required for Intent { act=android.intent.action.PACKAGE_ADDED dat=package: flg=0x4000010 (has extras) } from null (pid=1480, uid=1000) to com.hgperfko.yaeghrwx/.core.hLytdCQDBv
10-22 23:39:26.568  1480  1708 W BroadcastQueue: u0 Receiving a broadcast in packagecom.qiuqiu.dfmc requires a permissions review
10-22 23:39:26.568  1480  1708 W BroadcastQueue: Skipping delivery: permission review required for Intent { act=android.intent.action.PACKAGE_ADDED dat=package: flg=0x4000010 (has extras) } from null (pid=1480, uid=1000) to com.qiuqiu.dfmc/cn.jpush.android.service.PushReceiver
10-22 23:39:26.568  1480  1708 W BroadcastQueue: u0 Receiving a broadcast in packagecom.safesys.viruskiller requires a permissions review
10-22 23:39:26.568  1480  1708 W BroadcastQueue: Skipping delivery: permission review required for Intent { act=android.intent.action.PACKAGE_ADDED dat=package: flg=0x4000010 (has extras) } from null (pid=1480, uid=1000) to com.safesys.viruskiller/.ScanPackageBroadcast
10-22 23:39:26.568  1480  1708 W BroadcastQueue: u0 Receiving a broadcast in packagecom.uc108.mobile.sdgj.bd1 requires a permissions review
10-22 23:39:26.568  1480  1708 W BroadcastQueue: Skipping delivery: permission review required for Intent { act=android.intent.action.PACKAGE_ADDED dat=package: flg=0x4000010 (has extras) } from null (pid=1480, uid=1000) to com.uc108.mobile.sdgj.bd1/com.baidu.tiebasdk.service.InstallReceiver
10-22 23:39:26.568  1480  1708 W BroadcastQueue: u0 Receiving a broadcast in packagecom.voicebianshengjinglingwc.wxl requires a permissions review
10-22 23:39:26.568  1480  1708 W BroadcastQueue: Skipping delivery: permission review required for Intent { act=android.intent.action.PACKAGE_ADDED dat=package: flg=0x4000010 (has extras) } from null (pid=1480, uid=1000) to com.voicebianshengjinglingwc.wxl/mp.ruu.Ztjjwrj
10-22 23:39:26.568  1480  1708 W BroadcastQueue: u0 Receiving a broadcast in packageio.dcloud.H5BC6BF13 requires a permissions review
10-22 23:39:26.568  1480  1708 W BroadcastQueue: Skipping delivery: permission review required for Intent { act=android.intent.action.PACKAGE_ADDED dat=package: flg=0x4000010 (has extras) } from null (pid=1480, uid=1000) to io.dcloud.H5BC6BF13/io.dcloud.common.adapter.io.DownloadReceiver
10-22 23:39:26.582  1480  1480 I Telecom : DefaultDialerCache: Refreshing default dialer for user 0: now com.google.android.dialer: DDC.oR@CDw
10-22 23:39:26.585  1480  1480 V BackupManagerConstants: getFullBackupIntervalMilliseconds(...) returns 86400000
10-22 23:39:26.585  1480  1480 V BackupManagerConstants: getFullBackupRequiredNetworkType(...) returns 2
10-22 23:39:26.585  1480  1480 V BackupManagerConstants: getFullBackupRequireCharging(...) returns true
10-22 23:39:26.589  1480  1480 I Telecom : DefaultDialerCache: Refreshing default dialer for user 0: now com.google.android.dialer: DDC.oR@CD0
10-22 23:39:26.612  1480  1825 E VerityUtils: Failed to measure fs-verity, errno 1: /data/app/~~XVEzhvm8Uv0-P7cSORE5ZA==/com.yoojar.zlsg.baidu-eK0dE9ALG354bi9Rw76NxA==/base.apk
10-22 23:39:26.618  1480  1620 D CompatibilityChangeReporter: Compat change id reported: 161252188; UID 10262; state: DISABLED
10-22 23:39:26.639  1480  4172 W BackupTransportManager: Package com.yoojar.zlsg.baidu enabled setting: 0
10-22 23:39:26.656  1480  5565 W BroadcastQueue: u0 Receiving a broadcast in packagecom.yoojar.zlsg.baidu requires a permissions review
10-22 23:39:26.656  1480  5565 W BroadcastQueue: Skipping delivery: permission review required for Intent { act=android.intent.action.PACKAGE_CHANGED dat=package: flg=0x5000010 (has extras) } from null (pid=1480, uid=1000) to com.yoojar.zlsg.baidu/com.duoku.platform.download.broadcast.AppMonitorReceiver
10-22 23:39:26.702  1480  1707 W WindowMagnificationMgr: requestConnection duplicated request: connect=false, mConnectionState=DISCONNECTED
10-22 23:39:26.755  1480  1707 W PackageManager: Failed registering loading progress callback. Package is fully loaded.
10-22 23:39:26.763  1480  1707 W WindowMagnificationMgr: requestConnection duplicated request: connect=false, mConnectionState=DISCONNECTED
10-22 23:39:27.044  1480  1828 E PackageManager: ERROR: could not load root hash from incremental install
10-22 23:39:27.050  1480  2035 W PackageParsing: Ignoring duplicate uses-permissions/uses-permissions-sdk-m: android.permission.INTERNET in package: com.vbdcf54.d2b25 at: Binary XML file line #49
10-22 23:39:27.050  1480  2035 W PackageParsing: Ignoring duplicate uses-permissions/uses-permissions-sdk-m: android.permission.ACCESS_NETWORK_STATE in package: com.vbdcf54.d2b25 at: Binary XML file line #50
10-22 23:39:27.050  1480  2035 W PackageParsing: Ignoring duplicate uses-permissions/uses-permissions-sdk-m: android.permission.ACCESS_WIFI_STATE in package: com.vbdcf54.d2b25 at: Binary XML file line #51
10-22 23:39:27.050  1480  2035 W PackageParsing: Ignoring duplicate uses-permissions/uses-permissions-sdk-m: android.permission.READ_PHONE_STATE in package: com.vbdcf54.d2b25 at: Binary XML file line #52
10-22 23:39:27.050  1480  2035 W PackageParsing: Ignoring duplicate uses-permissions/uses-permissions-sdk-m: android.permission.WRITE_EXTERNAL_STORAGE in package: com.vbdcf54.d2b25 at: Binary XML file line #53
10-22 23:39:27.051  1480  2035 W PackageParsing: Ignoring duplicate uses-permissions/uses-permissions-sdk-m: android.permission.READ_PHONE_STATE in package: com.vbdcf54.d2b25 at: Binary XML file line #56
10-22 23:39:27.052  1480  2035 W PackageParsing: Ignoring duplicate uses-permissions/uses-permissions-sdk-m: android.permission.INTERNET in package: com.vbdcf54.d2b25 at: Binary XML file line #57
10-22 23:39:27.052  1480  2035 W PackageParsing: Ignoring duplicate uses-permissions/uses-permissions-sdk-m: android.permission.ACCESS_NETWORK_STATE in package: com.vbdcf54.d2b25 at: Binary XML file line #58
10-22 23:39:27.052  1480  2035 W PackageParsing: Ignoring duplicate uses-permissions/uses-permissions-sdk-m: android.permission.WRITE_EXTERNAL_STORAGE in package: com.vbdcf54.d2b25 at: Binary XML file line #59
10-22 23:39:27.052  1480  2035 W PackageParsing: Ignoring duplicate uses-permissions/uses-permissions-sdk-m: android.permission.GET_TASKS in package: com.vbdcf54.d2b25 at: Binary XML file line #61
10-22 23:39:27.059  1480  1828 I PackageManager: Integrity check passed for file:///data/app/vmdl775257555.tmp
10-22 23:39:27.069  1480  1828 W PackageParsing: Ignoring duplicate uses-permissions/uses-permissions-sdk-m: android.permission.INTERNET in package: com.vbdcf54.d2b25 at: Binary XML file line #49
10-22 23:39:27.069  1480  1828 W PackageParsing: Ignoring duplicate uses-permissions/uses-permissions-sdk-m: android.permission.ACCESS_NETWORK_STATE in package: com.vbdcf54.d2b25 at: Binary XML file line #50
10-22 23:39:27.069  1480  1828 W PackageParsing: Ignoring duplicate uses-permissions/uses-permissions-sdk-m: android.permission.ACCESS_WIFI_STATE in package: com.vbdcf54.d2b25 at: Binary XML file line #51
10-22 23:39:27.069  1480  1828 W PackageParsing: Ignoring duplicate uses-permissions/uses-permissions-sdk-m: android.permission.READ_PHONE_STATE in package: com.vbdcf54.d2b25 at: Binary XML file line #52
10-22 23:39:27.069  1480  1828 W PackageParsing: Ignoring duplicate uses-permissions/uses-permissions-sdk-m: android.permission.WRITE_EXTERNAL_STORAGE in package: com.vbdcf54.d2b25 at: Binary XML file line #53
10-22 23:39:27.069  1480  1828 W PackageParsing: Ignoring duplicate uses-permissions/uses-permissions-sdk-m: android.permission.READ_PHONE_STATE in package: com.vbdcf54.d2b25 at: Binary XML file line #56
10-22 23:39:27.069  1480  1828 W PackageParsing: Ignoring duplicate uses-permissions/uses-permissions-sdk-m: android.permission.INTERNET in package: com.vbdcf54.d2b25 at: Binary XML file line #57
10-22 23:39:27.069  1480  1828 W PackageParsing: Ignoring duplicate uses-permissions/uses-permissions-sdk-m: android.permission.ACCESS_NETWORK_STATE in package: com.vbdcf54.d2b25 at: Binary XML file line #58
10-22 23:39:27.069  1480  1828 W PackageParsing: Ignoring duplicate uses-permissions/uses-permissions-sdk-m: android.permission.WRITE_EXTERNAL_STORAGE in package: com.vbdcf54.d2b25 at: Binary XML file line #59
10-22 23:39:27.069  1480  1828 W PackageParsing: Ignoring duplicate uses-permissions/uses-permissions-sdk-m: android.permission.GET_TASKS in package: com.vbdcf54.d2b25 at: Binary XML file line #61
10-22 23:39:27.091  1480  1828 I PackageManager: Permission ownership changed. Updating all permissions.
10-22 23:39:27.165  1480  5568 D CompatibilityChangeReporter: Compat change id reported: 161252188; UID 10197; state: DISABLED
10-22 23:39:27.165  1480  5568 I ActivityTaskManager: START u0 {act=android.intent.action.MAIN cat=[android.intent.category.LAUNCHER] flg=0x10200000 cmp=com.drweb/.ui.main.MainActivity bnds=[59,107][218,390]} from uid 10170
10-22 23:39:27.170  1480  5568 D CompatibilityChangeReporter: Compat change id reported: 205907456; UID 10197; state: DISABLED
10-22 23:39:27.177  1480  5565 W ActivityTaskManager: Tried to set launchTime (0) < mLastActivityLaunchTime (923271)
10-22 23:39:27.182  1480  5568 D CoreBackPreview: Window{a3c7a9d u0 Splash Screen com.drweb}: Setting back callback OnBackInvokedCallbackInfo{mCallback=android.window.IOnBackInvokedCallback$Stub$Proxy@d780728, mPriority=0}
10-22 23:39:27.244  1480  1621 W ActivityManager: Invalid packageName: ch.nth.android.contentabo_l01_sim_univ
10-22 23:39:27.244  1480  1621 W ActivityManager: Invalid packageName: com.talkweb.ycya.free
10-22 23:39:27.256  1480  2012 D CoreBackPreview: Window{f67488e u0 com.drweb/com.drweb.ui.main.MainActivity}: Setting back callback OnBackInvokedCallbackInfo{mCallback=android.window.IOnBackInvokedCallback$Stub$Proxy@cba44bc, mPriority=0}
10-22 23:39:27.348  1480  1689 V StorageManagerService: Package null has legacy storage
10-22 23:39:27.403  1480  1828 V BackupManagerService: [UserID:0] restoreAtInstall pkg=com.vbdcf54.d2b25 token=64 restoreSet=0
10-22 23:39:27.403  1480  1828 V BackupManagerService: [UserID:0] Finishing install immediately
10-22 23:39:27.405  1480  1828 D PackageInstallerSession: Marking session 775257555 as applied
10-22 23:39:27.409  1480  1828 D CompatibilityChangeReporter: Compat change id reported: 168419799; UID 10263; state: DISABLED
10-22 23:39:27.410  1480  1828 D CompatibilityChangeReporter: Compat change id reported: 273564678; UID 10263; state: DISABLED
10-22 23:39:27.415  1480  2911 D CompatibilityChangeReporter: Compat change id reported: 218533173; UID 10263; state: DISABLED
10-22 23:39:27.423  1480  1480 I Telecom : DefaultDialerCache: Refreshing default dialer for user 0: now com.google.android.dialer: DDC.oR@CEA
10-22 23:39:27.431  1480  7416 W BroadcastQueue: u0 Receiving a broadcast in packagecom.jr.narutoii requires a permissions review
10-22 23:39:27.431  1480  7416 W BroadcastQueue: Skipping delivery: permission review required for Intent { act=android.intent.action.PACKAGE_ADDED dat=package: flg=0x4000010 (has extras) } from null (pid=1480, uid=1000) to com.jr.narutoii/com.joyriver.engine.proxy.EngineReceiver
10-22 23:39:27.436  1480  1708 W BroadcastQueue: u0 Receiving a broadcast in packagecom.android.buyer requires a permissions review
10-22 23:39:27.436  1480  1708 W BroadcastQueue: Skipping delivery: permission review required for Intent { act=android.intent.action.PACKAGE_ADDED dat=package: flg=0x4000010 (has extras) } from null (pid=1480, uid=1000) to com.android.buyer/.mRve
10-22 23:39:27.436  1480  1708 W BroadcastQueue: Background execution not allowed: receiving Intent { act=android.intent.action.PACKAGE_ADDED dat=package: flg=0x4000010 (has extras) } to com.drweb/.antivirus.lib.monitor.PackageInstallBroadcastReceiver
10-22 23:39:27.437  1480  1708 W BroadcastQueue: Background execution not allowed: receiving Intent { act=android.intent.action.PACKAGE_ADDED dat=package: flg=0x4000010 (has extras) } to com.google.android.packageinstaller/com.android.packageinstaller.PackageInstalledReceiver
10-22 23:39:27.437  1480  1708 W BroadcastQueue: Background execution not allowed: receiving Intent { act=android.intent.action.PACKAGE_ADDED dat=package: flg=0x4000010 (has extras) } to com.android.vending/com.google.android.finsky.packagemonitor.impl.PackageMonitorReceiverImpl$RegisteredReceiver
10-22 23:39:27.437  1480  1708 W BroadcastQueue: Background execution not allowed: receiving Intent { act=android.intent.action.PACKAGE_ADDED dat=package: flg=0x4000010 (has extras) } to com.android.vending/com.google.android.finsky.packagemonitor.backgroundimpl.BackgroundPackageMonitorReceiverImpl$RegisteredReceiver
10-22 23:39:27.437  1480  1708 W BroadcastQueue: Background execution not allowed: receiving Intent { act=android.intent.action.PACKAGE_ADDED dat=package: flg=0x4000010 (has extras) } to com.google.android.gms/.games.chimera.GamesSystemBroadcastReceiverProxy
10-22 23:39:27.437  1480  1708 W BroadcastQueue: Background execution not allowed: receiving Intent { act=android.intent.action.PACKAGE_ADDED dat=package: flg=0x4000010 (has extras) } to com.google.android.gms/.gass.chimera.PackageChangeBroadcastReceiver
10-22 23:39:27.437  1480  1708 W BroadcastQueue: Background execution not allowed: receiving Intent { act=android.intent.action.PACKAGE_ADDED dat=package: flg=0x4000010 (has extras) } to com.google.android.gms/.chimera.GmsIntentOperationService$PersistentTrustedReceiver
10-22 23:39:27.437  1480  1708 W BroadcastQueue: u0 Receiving a broadcast in packagecom.cncd.japan.janli.shudu requires a permissions review
10-22 23:39:27.437  1480  1708 W BroadcastQueue: Skipping delivery: permission review required for Intent { act=android.intent.action.PACKAGE_ADDED dat=package: flg=0x4000010 (has extras) } from null (pid=1480, uid=1000) to com.cncd.japan.janli.shudu/net.l.k.r
10-22 23:39:27.437  1480  1708 W BroadcastQueue: u0 Receiving a broadcast in packagecom.cncd.japan.janli.shudu requires a permissions review
10-22 23:39:27.437  1480  1708 W BroadcastQueue: Skipping delivery: permission review required for Intent { act=android.intent.action.PACKAGE_ADDED dat=package: flg=0x4000010 (has extras) } from null (pid=1480, uid=1000) to com.cncd.japan.janli.shudu/com.feiwofour.coverscreen.SR
10-22 23:39:27.438  1480  1708 W BroadcastQueue: u0 Receiving a broadcast in packagecom.games.mengmeizhitd requires a permissions review
10-22 23:39:27.438  1480  1708 W BroadcastQueue: Skipping delivery: permission review required for Intent { act=android.intent.action.PACKAGE_ADDED dat=package: flg=0x4000010 (has extras) } from null (pid=1480, uid=1000) to com.games.mengmeizhitd/hjnw.ihjnw.i.isqly
10-22 23:39:27.438  1480  1708 W BroadcastQueue: u0 Receiving a broadcast in packagecom.hgperfko.yaeghrwx requires a permissions review
10-22 23:39:27.438  1480  1708 W BroadcastQueue: Skipping delivery: permission review required for Intent { act=android.intent.action.PACKAGE_ADDED dat=package: flg=0x4000010 (has extras) } from null (pid=1480, uid=1000) to com.hgperfko.yaeghrwx/.core.hLytdCQDBv
10-22 23:39:27.438  1480  1708 W BroadcastQueue: u0 Receiving a broadcast in packagecom.qiuqiu.dfmc requires a permissions review
10-22 23:39:27.438  1480  1708 W BroadcastQueue: Skipping delivery: permission review required for Intent { act=android.intent.action.PACKAGE_ADDED dat=package: flg=0x4000010 (has extras) } from null (pid=1480, uid=1000) to com.qiuqiu.dfmc/cn.jpush.android.service.PushReceiver
10-22 23:39:27.438  1480  1708 W BroadcastQueue: u0 Receiving a broadcast in packagecom.safesys.viruskiller requires a permissions review
10-22 23:39:27.438  1480  1708 W BroadcastQueue: Skipping delivery: permission review required for Intent { act=android.intent.action.PACKAGE_ADDED dat=package: flg=0x4000010 (has extras) } from null (pid=1480, uid=1000) to com.safesys.viruskiller/.ScanPackageBroadcast
10-22 23:39:27.438  1480  1708 W BroadcastQueue: u0 Receiving a broadcast in packagecom.uc108.mobile.sdgj.bd1 requires a permissions review
10-22 23:39:27.438  1480  1708 W BroadcastQueue: Skipping delivery: permission review required for Intent { act=android.intent.action.PACKAGE_ADDED dat=package: flg=0x4000010 (has extras) } from null (pid=1480, uid=1000) to com.uc108.mobile.sdgj.bd1/com.baidu.tiebasdk.service.InstallReceiver
10-22 23:39:27.438  1480  1708 W BroadcastQueue: u0 Receiving a broadcast in packagecom.voicebianshengjinglingwc.wxl requires a permissions review
10-22 23:39:27.438  1480  1708 W BroadcastQueue: Skipping delivery: permission review required for Intent { act=android.intent.action.PACKAGE_ADDED dat=package: flg=0x4000010 (has extras) } from null (pid=1480, uid=1000) to com.voicebianshengjinglingwc.wxl/mp.ruu.Ztjjwrj
10-22 23:39:27.438  1480  1708 W BroadcastQueue: u0 Receiving a broadcast in packagecom.yoojar.zlsg.baidu requires a permissions review
10-22 23:39:27.438  1480  1708 W BroadcastQueue: Skipping delivery: permission review required for Intent { act=android.intent.action.PACKAGE_ADDED dat=package: flg=0x4000010 (has extras) } from null (pid=1480, uid=1000) to com.yoojar.zlsg.baidu/com.duoku.platform.download.broadcast.AppMonitorReceiver
10-22 23:39:27.438  1480  1708 W BroadcastQueue: u0 Receiving a broadcast in packageio.dcloud.H5BC6BF13 requires a permissions review
10-22 23:39:27.438  1480  1708 W BroadcastQueue: Skipping delivery: permission review required for Intent { act=android.intent.action.PACKAGE_ADDED dat=package: flg=0x4000010 (has extras) } from null (pid=1480, uid=1000) to io.dcloud.H5BC6BF13/io.dcloud.common.adapter.io.DownloadReceiver
10-22 23:39:27.441  1480  1480 V BackupManagerConstants: getFullBackupIntervalMilliseconds(...) returns 86400000
10-22 23:39:27.441  1480  1480 V BackupManagerConstants: getFullBackupRequiredNetworkType(...) returns 2
10-22 23:39:27.442  1480  1480 V BackupManagerConstants: getFullBackupRequireCharging(...) returns true
10-22 23:39:27.459  1480  1480 I Telecom : DefaultDialerCache: Refreshing default dialer for user 0: now com.google.android.dialer: DDC.oR@CEE
10-22 23:39:27.461  1480  1825 E VerityUtils: Failed to measure fs-verity, errno 1: /data/app/~~rzXAnjht2cs1DvJAh0tSDQ==/com.vbdcf54.d2b25-ujmCyW_359tdr9wRFmtZ6g==/base.apk
10-22 23:39:27.470  1480  4172 W BackupTransportManager: Package com.vbdcf54.d2b25 enabled setting: 0
10-22 23:39:27.471  1480  1480 W NotificationService: Removed summary didn't match old notification: old=0|com.drweb|2131296699|null|10197, removed=0|com.drweb|2131296699|null|10197
10-22 23:39:27.489  1480  5563 D CompatibilityChangeReporter: Compat change id reported: 161252188; UID 10263; state: DISABLED
10-22 23:39:27.497  1480  1707 W WindowMagnificationMgr: requestConnection duplicated request: connect=false, mConnectionState=DISCONNECTED
10-22 23:39:27.561  1480  1480 W NotificationHistory: Attempted to add notif for locked/gone/disabled user 0
10-22 23:39:27.571  1480  1707 W PackageManager: Failed registering loading progress callback. Package is fully loaded.
10-22 23:39:27.581  1480  1707 W WindowMagnificationMgr: requestConnection duplicated request: connect=false, mConnectionState=DISCONNECTED
10-22 23:39:27.632  1480  5568 W BroadcastQueue: u0 Receiving a broadcast in packagecom.yoojar.zlsg.baidu requires a permissions review
10-22 23:39:27.633  1480  5568 W BroadcastQueue: Skipping delivery: permission review required for Intent { act=android.intent.action.PACKAGE_CHANGED dat=package: flg=0x5000010 (has extras) } from null (pid=1480, uid=1000) to com.yoojar.zlsg.baidu/com.duoku.platform.download.broadcast.AppMonitorReceiver
10-22 23:39:27.674  1480  2978 D CoreBackPreview: Window{a3c7a9d u0 Splash Screen com.drweb EXITING}: Setting back callback null
10-22 23:39:27.754  1480  5568 W ActivityManager: Invalid packageName: ch.nth.android.contentabo_l01_sim_univ
10-22 23:39:27.754  1480  5568 W ActivityManager: Invalid packageName: com.talkweb.ycya.free
10-22 23:39:27.791  1480  7416 D SystemServerTiming: getUserSwitchability-0
10-22 23:39:27.791  1480  7416 D SystemServerTiming: TM.isInCall
10-22 23:39:27.791  1480  7416 D SystemServerTiming: hasUserRestriction-DISALLOW_USER_SWITCH
10-22 23:39:27.791  1480  7416 D SystemServerTiming: getInt-ALLOW_USER_SWITCHING_WHEN_SYSTEM_USER_LOCKED
10-22 23:39:27.792  1480  7416 D SystemServerTiming: isUserUnlocked-USER_SYSTEM
10-22 23:39:27.792  1480  5568 D SystemServerTiming: getUserSwitchability-0
10-22 23:39:27.792  1480  5568 D SystemServerTiming: TM.isInCall
10-22 23:39:27.793  1480  5568 D SystemServerTiming: hasUserRestriction-DISALLOW_USER_SWITCH
10-22 23:39:27.793  1480  5568 D SystemServerTiming: getInt-ALLOW_USER_SWITCHING_WHEN_SYSTEM_USER_LOCKED
10-22 23:39:27.793  1480  5568 D SystemServerTiming: isUserUnlocked-USER_SYSTEM
10-22 23:39:27.895  1480  1828 E PackageManager: ERROR: could not load root hash from incremental install
10-22 23:39:27.913  1480  1828 I PackageManager: Integrity check passed for file:///data/app/vmdl1768456156.tmp
10-22 23:39:28.006  1480  1689 V StorageManagerService: Package null has legacy storage
10-22 23:39:28.075  1480  5496 I ActivityManager: Background started FGS: Allowed [callingPackage: com.google.android.apps.wellbeing; callingUid: 10123; uidState: BFGS; intent: Intent { cmp=com.google.android.apps.wellbeing/com.google.apps.tiktok.concurrent.InternalForegroundService (has extras) }; code:BACKGROUND_ACTIVITY_PERMISSION; tempAllowListReason:<null>; targetSdkVersion:34; callerTargetSdkVersion:34; startForegroundCount:0; bindFromPackage:null]
10-22 23:39:28.162  1480  1828 V BackupManagerService: [UserID:0] restoreAtInstall pkg=cn.inssgame.paokugame token=65 restoreSet=0
10-22 23:39:28.163  1480  1828 V BackupManagerService: [UserID:0] Finishing install immediately
10-22 23:39:28.173  1480  1828 D PackageInstallerSession: Marking session 1768456156 as applied
10-22 23:39:28.178  1480  1828 D CompatibilityChangeReporter: Compat change id reported: 168419799; UID 10264; state: DISABLED
10-22 23:39:28.178  1480  1828 D CompatibilityChangeReporter: Compat change id reported: 273564678; UID 10264; state: DISABLED
10-22 23:39:28.186  1480  2911 D CompatibilityChangeReporter: Compat change id reported: 218533173; UID 10264; state: DISABLED
10-22 23:39:28.193  1480  1480 I Telecom : DefaultDialerCache: Refreshing default dialer for user 0: now com.google.android.dialer: DDC.oR@CE4
10-22 23:39:28.195  1480  2979 W BroadcastQueue: u0 Receiving a broadcast in packagecom.jr.narutoii requires a permissions review
10-22 23:39:28.195  1480  2979 W BroadcastQueue: Skipping delivery: permission review required for Intent { act=android.intent.action.PACKAGE_ADDED dat=package: flg=0x4000010 (has extras) } from null (pid=1480, uid=1000) to com.jr.narutoii/com.joyriver.engine.proxy.EngineReceiver
10-22 23:39:28.207  1480  1480 V BackupManagerConstants: getFullBackupIntervalMilliseconds(...) returns 86400000
10-22 23:39:28.207  1480  1480 V BackupManagerConstants: getFullBackupRequiredNetworkType(...) returns 2
10-22 23:39:28.207  1480  1480 V BackupManagerConstants: getFullBackupRequireCharging(...) returns true
10-22 23:39:28.221  1480  1825 E VerityUtils: Failed to measure fs-verity, errno 1: /data/app/~~eOrmmvR1F2XVgDE3-qxRTA==/cn.inssgame.paokugame-e6cEwu_s2bP1MoEM44Ofdw==/base.apk
10-22 23:39:28.229  1480  1708 W BroadcastQueue: u0 Receiving a broadcast in packagecom.android.buyer requires a permissions review
10-22 23:39:28.229  1480  1708 W BroadcastQueue: Skipping delivery: permission review required for Intent { act=android.intent.action.PACKAGE_ADDED dat=package: flg=0x4000010 (has extras) } from null (pid=1480, uid=1000) to com.android.buyer/.mRve
10-22 23:39:28.233  1480  1480 I Telecom : DefaultDialerCache: Refreshing default dialer for user 0: now com.google.android.dialer: DDC.oR@CE8
10-22 23:39:28.234  1480  1708 W BroadcastQueue: Background execution not allowed: receiving Intent { act=android.intent.action.PACKAGE_ADDED dat=package: flg=0x4000010 (has extras) } to com.drweb/.antivirus.lib.monitor.PackageInstallBroadcastReceiver
10-22 23:39:28.234  1480  1708 W BroadcastQueue: Background execution not allowed: receiving Intent { act=android.intent.action.PACKAGE_ADDED dat=package: flg=0x4000010 (has extras) } to com.google.android.packageinstaller/com.android.packageinstaller.PackageInstalledReceiver
10-22 23:39:28.234  1480  1708 W BroadcastQueue: Background execution not allowed: receiving Intent { act=android.intent.action.PACKAGE_ADDED dat=package: flg=0x4000010 (has extras) } to com.android.vending/com.google.android.finsky.packagemonitor.impl.PackageMonitorReceiverImpl$RegisteredReceiver
10-22 23:39:28.234  1480  1708 W BroadcastQueue: Background execution not allowed: receiving Intent { act=android.intent.action.PACKAGE_ADDED dat=package: flg=0x4000010 (has extras) } to com.android.vending/com.google.android.finsky.packagemonitor.backgroundimpl.BackgroundPackageMonitorReceiverImpl$RegisteredReceiver
10-22 23:39:28.234  1480  1708 W BroadcastQueue: Background execution not allowed: receiving Intent { act=android.intent.action.PACKAGE_ADDED dat=package: flg=0x4000010 (has extras) } to com.google.android.gms/.games.chimera.GamesSystemBroadcastReceiverProxy
10-22 23:39:28.234  1480  1708 W BroadcastQueue: Background execution not allowed: receiving Intent { act=android.intent.action.PACKAGE_ADDED dat=package: flg=0x4000010 (has extras) } to com.google.android.gms/.gass.chimera.PackageChangeBroadcastReceiver
10-22 23:39:28.234  1480  1708 W BroadcastQueue: Background execution not allowed: receiving Intent { act=android.intent.action.PACKAGE_ADDED dat=package: flg=0x4000010 (has extras) } to com.google.android.gms/.chimera.GmsIntentOperationService$PersistentTrustedReceiver
10-22 23:39:28.234  1480  1708 W BroadcastQueue: u0 Receiving a broadcast in packagecom.cncd.japan.janli.shudu requires a permissions review
10-22 23:39:28.234  1480  1708 W BroadcastQueue: Skipping delivery: permission review required for Intent { act=android.intent.action.PACKAGE_ADDED dat=package: flg=0x4000010 (has extras) } from null (pid=1480, uid=1000) to com.cncd.japan.janli.shudu/net.l.k.r
10-22 23:39:28.234  1480  1708 W BroadcastQueue: u0 Receiving a broadcast in packagecom.cncd.japan.janli.shudu requires a permissions review
10-22 23:39:28.234  1480  1708 W BroadcastQueue: Skipping delivery: permission review required for Intent { act=android.intent.action.PACKAGE_ADDED dat=package: flg=0x4000010 (has extras) } from null (pid=1480, uid=1000) to com.cncd.japan.janli.shudu/com.feiwofour.coverscreen.SR
10-22 23:39:28.234  1480  1708 W BroadcastQueue: u0 Receiving a broadcast in packagecom.games.mengmeizhitd requires a permissions review
10-22 23:39:28.234  1480  1708 W BroadcastQueue: Skipping delivery: permission review required for Intent { act=android.intent.action.PACKAGE_ADDED dat=package: flg=0x4000010 (has extras) } from null (pid=1480, uid=1000) to com.games.mengmeizhitd/hjnw.ihjnw.i.isqly
10-22 23:39:28.234  1480  1708 W BroadcastQueue: u0 Receiving a broadcast in packagecom.hgperfko.yaeghrwx requires a permissions review
10-22 23:39:28.234  1480  1708 W BroadcastQueue: Skipping delivery: permission review required for Intent { act=android.intent.action.PACKAGE_ADDED dat=package: flg=0x4000010 (has extras) } from null (pid=1480, uid=1000) to com.hgperfko.yaeghrwx/.core.hLytdCQDBv
10-22 23:39:28.234  1480  1708 W BroadcastQueue: u0 Receiving a broadcast in packagecom.qiuqiu.dfmc requires a permissions review
10-22 23:39:28.234  1480  1708 W BroadcastQueue: Skipping delivery: permission review required for Intent { act=android.intent.action.PACKAGE_ADDED dat=package: flg=0x4000010 (has extras) } from null (pid=1480, uid=1000) to com.qiuqiu.dfmc/cn.jpush.android.service.PushReceiver
10-22 23:39:28.234  1480  1708 W BroadcastQueue: u0 Receiving a broadcast in packagecom.safesys.viruskiller requires a permissions review
