10-25 00:18:31.526  1466  1696 W BroadcastQueue: Skipping delivery: permission review required for Intent { act=android.intent.action.PACKAGE_ADDED dat=package: flg=0x4000010 (has extras) } from null (pid=1466, uid=1000) to com.cncd.japan.janli.shudu/com.feiwofour.coverscreen.SR
10-25 00:18:31.537  1466  1466 I Telecom : DefaultDialerCache: Refreshing default dialer for user 0: now com.google.android.dialer: DDC.oR@BEU
10-25 00:18:31.537  1466  1696 W BroadcastQueue: u0 Receiving a broadcast in packagecom.games.mengmeizhitd requires a permissions review
10-25 00:18:31.537  1466  1696 W BroadcastQueue: Skipping delivery: permission review required for Intent { act=android.intent.action.PACKAGE_ADDED dat=package: flg=0x4000010 (has extras) } from null (pid=1466, uid=1000) to com.games.mengmeizhitd/hjnw.ihjnw.i.isqly
10-25 00:18:31.537  1466  1696 W BroadcastQueue: u0 Receiving a broadcast in packagecom.hgperfko.yaeghrwx requires a permissions review
10-25 00:18:31.537  1466  1696 W BroadcastQueue: Skipping delivery: permission review required for Intent { act=android.intent.action.PACKAGE_ADDED dat=package: flg=0x4000010 (has extras) } from null (pid=1466, uid=1000) to com.hgperfko.yaeghrwx/.core.hLytdCQDBv
10-25 00:18:31.537  1466  1696 W BroadcastQueue: u0 Receiving a broadcast in packagecom.qiuqiu.dfmc requires a permissions review
10-25 00:18:31.537  1466  1696 W BroadcastQueue: Skipping delivery: permission review required for Intent { act=android.intent.action.PACKAGE_ADDED dat=package: flg=0x4000010 (has extras) } from null (pid=1466, uid=1000) to com.qiuqiu.dfmc/cn.jpush.android.service.PushReceiver
10-25 00:18:31.537  1466  1696 W BroadcastQueue: u0 Receiving a broadcast in packagecom.safesys.viruskiller requires a permissions review
10-25 00:18:31.537  1466  1696 W BroadcastQueue: Skipping delivery: permission review required for Intent { act=android.intent.action.PACKAGE_ADDED dat=package: flg=0x4000010 (has extras) } from null (pid=1466, uid=1000) to com.safesys.viruskiller/.ScanPackageBroadcast
10-25 00:18:31.537  1466  1696 W BroadcastQueue: u0 Receiving a broadcast in packagecom.uc108.mobile.sdgj.bd1 requires a permissions review
10-25 00:18:31.537  1466  1696 W BroadcastQueue: Skipping delivery: permission review required for Intent { act=android.intent.action.PACKAGE_ADDED dat=package: flg=0x4000010 (has extras) } from null (pid=1466, uid=1000) to com.uc108.mobile.sdgj.bd1/com.baidu.tiebasdk.service.InstallReceiver
10-25 00:18:31.537  1466  1696 W BroadcastQueue: u0 Receiving a broadcast in packageio.dcloud.H5BC6BF13 requires a permissions review
10-25 00:18:31.537  1466  1696 W BroadcastQueue: Skipping delivery: permission review required for Intent { act=android.intent.action.PACKAGE_ADDED dat=package: flg=0x4000010 (has extras) } from null (pid=1466, uid=1000) to io.dcloud.H5BC6BF13/io.dcloud.common.adapter.io.DownloadReceiver
10-25 00:18:31.543  1466  1694 W WindowMagnificationMgr: requestConnection duplicated request: connect=false, mConnectionState=DISCONNECTED
10-25 00:18:31.546  1466  1466 V BackupManagerConstants: getFullBackupIntervalMilliseconds(...) returns 86400000
10-25 00:18:31.546  1466  1466 V BackupManagerConstants: getFullBackupRequiredNetworkType(...) returns 2
10-25 00:18:31.547  1466  1466 V BackupManagerConstants: getFullBackupRequireCharging(...) returns true
10-25 00:18:31.571  1466  1817 E VerityUtils: Failed to measure fs-verity, errno 1: /data/app/~~nXjGJF_6FSTYm3y0sa25bw==/bzyz.osqak.rcbmn-YiC-um71-d1Di4zbW4zXKQ==/base.apk
10-25 00:18:31.573  1466  1821 E PackageManager: ERROR: could not load root hash from incremental install
10-25 00:18:31.576  1466  1694 W PackageManager: Failed registering loading progress callback. Package is fully loaded.
10-25 00:18:31.591  1466  5336 E NotificationService: Package has already queued 5 toasts. Not showing more. Package=cleaner.antivirus
10-25 00:18:31.627  1466  1694 W WindowMagnificationMgr: requestConnection duplicated request: connect=false, mConnectionState=DISCONNECTED
10-25 00:18:31.639  1466  1466 I Telecom : DefaultDialerCache: Refreshing default dialer for user 0: now com.google.android.dialer: DDC.oR@BEg
10-25 00:18:31.640  1466  4136 W BackupTransportManager: Package bzyz.osqak.rcbmn enabled setting: 0
10-25 00:18:31.667  1466  1821 I PackageManager: Integrity check passed for file:///data/app/vmdl750666086.tmp
10-25 00:18:31.667  1466  4184 D CompatibilityChangeReporter: Compat change id reported: 161252188; UID 10243; state: DISABLED
10-25 00:18:31.712  1466  1555 W AppOps  : setUidMode() called with a mode inconsistent with runtime permission state, this is discouraged and you should revoke the runtime permission instead: uid=10126, switchCode=1, mode=4, permission=android.permission.ACCESS_BACKGROUND_LOCATION
10-25 00:18:31.718  1466  5513 W AppOps  : setUidMode() called with a mode inconsistent with runtime permission state, this is discouraged and you should revoke the runtime permission instead: uid=10126, switchCode=0, mode=4, permission=android.permission.ACCESS_BACKGROUND_LOCATION
10-25 00:18:31.832  1466  1676 V StorageManagerService: Package null has legacy storage
10-25 00:18:31.951  1466  1821 V BackupManagerService: [UserID:0] restoreAtInstall pkg=com.novaspirit.usbcleaver token=36 restoreSet=0
10-25 00:18:31.952  1466  1821 V BackupManagerService: [UserID:0] Finishing install immediately
10-25 00:18:31.955  1466  1821 D PackageInstallerSession: Marking session 750666086 as applied
10-25 00:18:31.964  1466  1821 D CompatibilityChangeReporter: Compat change id reported: 168419799; UID 10244; state: DISABLED
10-25 00:18:31.964  1466  1821 D CompatibilityChangeReporter: Compat change id reported: 273564678; UID 10244; state: DISABLED
10-25 00:18:31.968  1466  1696 W BroadcastQueue: u0 Receiving a broadcast in packagecom.jr.narutoii requires a permissions review
10-25 00:18:31.968  1466  1696 W BroadcastQueue: Skipping delivery: permission review required for Intent { act=android.intent.action.PACKAGE_ADDED dat=package: flg=0x4000010 (has extras) } from null (pid=1466, uid=1000) to com.jr.narutoii/com.joyriver.engine.proxy.EngineReceiver
10-25 00:18:31.968  1466  1696 W BroadcastQueue: u0 Receiving a broadcast in packagecom.android.buyer requires a permissions review
10-25 00:18:31.968  1466  1696 W BroadcastQueue: Skipping delivery: permission review required for Intent { act=android.intent.action.PACKAGE_ADDED dat=package: flg=0x4000010 (has extras) } from null (pid=1466, uid=1000) to com.android.buyer/.mRve
10-25 00:18:31.972  1466  2916 D CompatibilityChangeReporter: Compat change id reported: 218533173; UID 10244; state: DISABLED
10-25 00:18:31.978  1466  1696 W BroadcastQueue: Background execution not allowed: receiving Intent { act=android.intent.action.PACKAGE_ADDED dat=package: flg=0x4000010 (has extras) } to com.google.android.packageinstaller/com.android.packageinstaller.PackageInstalledReceiver
10-25 00:18:31.978  1466  1696 W BroadcastQueue: Background execution not allowed: receiving Intent { act=android.intent.action.PACKAGE_ADDED dat=package: flg=0x4000010 (has extras) } to com.android.vending/com.google.android.finsky.packagemonitor.impl.PackageMonitorReceiverImpl$RegisteredReceiver
10-25 00:18:31.978  1466  1696 W BroadcastQueue: Background execution not allowed: receiving Intent { act=android.intent.action.PACKAGE_ADDED dat=package: flg=0x4000010 (has extras) } to com.android.vending/com.google.android.finsky.packagemonitor.backgroundimpl.BackgroundPackageMonitorReceiverImpl$RegisteredReceiver
10-25 00:18:31.979  1466  1696 W BroadcastQueue: Background execution not allowed: receiving Intent { act=android.intent.action.PACKAGE_ADDED dat=package: flg=0x4000010 (has extras) } to com.google.android.gms/.games.chimera.GamesSystemBroadcastReceiverProxy
10-25 00:18:31.979  1466  1696 W BroadcastQueue: Background execution not allowed: receiving Intent { act=android.intent.action.PACKAGE_ADDED dat=package: flg=0x4000010 (has extras) } to com.google.android.gms/.gass.chimera.PackageChangeBroadcastReceiver
10-25 00:18:31.979  1466  1696 W BroadcastQueue: Background execution not allowed: receiving Intent { act=android.intent.action.PACKAGE_ADDED dat=package: flg=0x4000010 (has extras) } to com.google.android.gms/.chimera.GmsIntentOperationService$PersistentTrustedReceiver
10-25 00:18:31.979  1466  1696 W BroadcastQueue: Background execution not allowed: receiving Intent { act=android.intent.action.PACKAGE_ADDED dat=package: flg=0x4000010 (has extras) } to com.google.android.googlequicksearchbox/com.google.android.apps.gsa.googlequicksearchbox.GelStubAppWatcher
10-25 00:18:31.980  1466  1696 W BroadcastQueue: u0 Receiving a broadcast in packagecom.cncd.japan.janli.shudu requires a permissions review
10-25 00:18:31.980  1466  1696 W BroadcastQueue: Skipping delivery: permission review required for Intent { act=android.intent.action.PACKAGE_ADDED dat=package: flg=0x4000010 (has extras) } from null (pid=1466, uid=1000) to com.cncd.japan.janli.shudu/net.l.k.r
10-25 00:18:31.980  1466  1696 W BroadcastQueue: u0 Receiving a broadcast in packagecom.cncd.japan.janli.shudu requires a permissions review
10-25 00:18:31.980  1466  1696 W BroadcastQueue: Skipping delivery: permission review required for Intent { act=android.intent.action.PACKAGE_ADDED dat=package: flg=0x4000010 (has extras) } from null (pid=1466, uid=1000) to com.cncd.japan.janli.shudu/com.feiwofour.coverscreen.SR
10-25 00:18:31.980  1466  1696 W BroadcastQueue: u0 Receiving a broadcast in packagecom.games.mengmeizhitd requires a permissions review
10-25 00:18:31.980  1466  1696 W BroadcastQueue: Skipping delivery: permission review required for Intent { act=android.intent.action.PACKAGE_ADDED dat=package: flg=0x4000010 (has extras) } from null (pid=1466, uid=1000) to com.games.mengmeizhitd/hjnw.ihjnw.i.isqly
10-25 00:18:31.980  1466  1696 W BroadcastQueue: u0 Receiving a broadcast in packagecom.hgperfko.yaeghrwx requires a permissions review
10-25 00:18:31.980  1466  1696 W BroadcastQueue: Skipping delivery: permission review required for Intent { act=android.intent.action.PACKAGE_ADDED dat=package: flg=0x4000010 (has extras) } from null (pid=1466, uid=1000) to com.hgperfko.yaeghrwx/.core.hLytdCQDBv
10-25 00:18:31.980  1466  1696 W BroadcastQueue: u0 Receiving a broadcast in packagecom.qiuqiu.dfmc requires a permissions review
10-25 00:18:31.980  1466  1696 W BroadcastQueue: Skipping delivery: permission review required for Intent { act=android.intent.action.PACKAGE_ADDED dat=package: flg=0x4000010 (has extras) } from null (pid=1466, uid=1000) to com.qiuqiu.dfmc/cn.jpush.android.service.PushReceiver
10-25 00:18:31.980  1466  1696 W BroadcastQueue: u0 Receiving a broadcast in packagecom.safesys.viruskiller requires a permissions review
10-25 00:18:31.980  1466  1696 W BroadcastQueue: Skipping delivery: permission review required for Intent { act=android.intent.action.PACKAGE_ADDED dat=package: flg=0x4000010 (has extras) } from null (pid=1466, uid=1000) to com.safesys.viruskiller/.ScanPackageBroadcast
10-25 00:18:31.980  1466  1696 W BroadcastQueue: u0 Receiving a broadcast in packagecom.uc108.mobile.sdgj.bd1 requires a permissions review
10-25 00:18:31.980  1466  1696 W BroadcastQueue: Skipping delivery: permission review required for Intent { act=android.intent.action.PACKAGE_ADDED dat=package: flg=0x4000010 (has extras) } from null (pid=1466, uid=1000) to com.uc108.mobile.sdgj.bd1/com.baidu.tiebasdk.service.InstallReceiver
10-25 00:18:31.980  1466  1696 W BroadcastQueue: u0 Receiving a broadcast in packageio.dcloud.H5BC6BF13 requires a permissions review
10-25 00:18:31.980  1466  1696 W BroadcastQueue: Skipping delivery: permission review required for Intent { act=android.intent.action.PACKAGE_ADDED dat=package: flg=0x4000010 (has extras) } from null (pid=1466, uid=1000) to io.dcloud.H5BC6BF13/io.dcloud.common.adapter.io.DownloadReceiver
10-25 00:18:32.002  1466  1466 I Telecom : DefaultDialerCache: Refreshing default dialer for user 0: now com.google.android.dialer: DDC.oR@BE0
10-25 00:18:32.004  1466  1466 V BackupManagerConstants: getFullBackupIntervalMilliseconds(...) returns 86400000
10-25 00:18:32.004  1466  1466 V BackupManagerConstants: getFullBackupRequiredNetworkType(...) returns 2
10-25 00:18:32.004  1466  1466 V BackupManagerConstants: getFullBackupRequireCharging(...) returns true
10-25 00:18:32.010  1466  1694 W WindowMagnificationMgr: requestConnection duplicated request: connect=false, mConnectionState=DISCONNECTED
10-25 00:18:32.027  1466  1466 I Telecom : DefaultDialerCache: Refreshing default dialer for user 0: now com.google.android.dialer: DDC.oR@BE4
10-25 00:18:32.031  1466  5340 E NotificationService: Package has already queued 5 toasts. Not showing more. Package=cleaner.antivirus
10-25 00:18:32.043  1466  1694 W PackageManager: Failed registering loading progress callback. Package is fully loaded.
10-25 00:18:32.057  1466  1817 E VerityUtils: Failed to measure fs-verity, errno 1: /data/app/~~utnxSWwVuHOjrS2HQ4r8JQ==/com.novaspirit.usbcleaver-2JK1TRcA_3ooJOARMfXq8A==/base.apk
10-25 00:18:32.060  1466  1694 W WindowMagnificationMgr: requestConnection duplicated request: connect=false, mConnectionState=DISCONNECTED
10-25 00:18:32.064  1466  5513 D CompatibilityChangeReporter: Compat change id reported: 161252188; UID 10244; state: DISABLED
10-25 00:18:32.102  1466  1466 I Telecom : DefaultDialerCache: Refreshing default dialer for user 0: now com.google.android.dialer: DDC.oR@BFE
10-25 00:18:32.104  1466  4136 W BackupTransportManager: Package com.novaspirit.usbcleaver enabled setting: 0
10-25 00:18:32.128  1466  5336 D OomAdjuster: Not killing cached processes
10-25 00:18:32.234  1466  1821 E PackageManager: ERROR: could not load root hash from incremental install
10-25 00:18:32.256  1466  1821 I PackageManager: Integrity check passed for file:///data/app/vmdl1335036074.tmp
10-25 00:18:32.339  1466  1676 V StorageManagerService: Package null has legacy storage
10-25 00:18:32.383  1466  5513 W AppOps  : setUidMode() called with a mode inconsistent with runtime permission state, this is discouraged and you should revoke the runtime permission instead: uid=10126, switchCode=0, mode=4, permission=android.permission.ACCESS_BACKGROUND_LOCATION
10-25 00:18:32.464  1466  1821 V BackupManagerService: [UserID:0] restoreAtInstall pkg=com.voicebianshengjinglingwc.wxl token=37 restoreSet=0
10-25 00:18:32.480  1466  1821 V BackupManagerService: [UserID:0] Finishing install immediately
10-25 00:18:32.481  1466  1821 D PackageInstallerSession: Marking session 1335036074 as applied
10-25 00:18:32.486  1466  1821 D CompatibilityChangeReporter: Compat change id reported: 168419799; UID 10245; state: DISABLED
10-25 00:18:32.486  1466  1821 D CompatibilityChangeReporter: Compat change id reported: 273564678; UID 10245; state: DISABLED
10-25 00:18:32.496  1466  5513 W BroadcastQueue: u0 Receiving a broadcast in packagecom.jr.narutoii requires a permissions review
10-25 00:18:32.496  1466  5513 W BroadcastQueue: Skipping delivery: permission review required for Intent { act=android.intent.action.PACKAGE_ADDED dat=package: flg=0x4000010 (has extras) } from null (pid=1466, uid=1000) to com.jr.narutoii/com.joyriver.engine.proxy.EngineReceiver
10-25 00:18:32.499  1466  1696 W BroadcastQueue: u0 Receiving a broadcast in packagecom.android.buyer requires a permissions review
10-25 00:18:32.499  1466  1696 W BroadcastQueue: Skipping delivery: permission review required for Intent { act=android.intent.action.PACKAGE_ADDED dat=package: flg=0x4000010 (has extras) } from null (pid=1466, uid=1000) to com.android.buyer/.mRve
10-25 00:18:32.504  1466  1696 W BroadcastQueue: Background execution not allowed: receiving Intent { act=android.intent.action.PACKAGE_ADDED dat=package: flg=0x4000010 (has extras) } to com.google.android.packageinstaller/com.android.packageinstaller.PackageInstalledReceiver
10-25 00:18:32.504  1466  1696 W BroadcastQueue: Background execution not allowed: receiving Intent { act=android.intent.action.PACKAGE_ADDED dat=package: flg=0x4000010 (has extras) } to com.android.vending/com.google.android.finsky.packagemonitor.impl.PackageMonitorReceiverImpl$RegisteredReceiver
10-25 00:18:32.504  1466  1696 W BroadcastQueue: Background execution not allowed: receiving Intent { act=android.intent.action.PACKAGE_ADDED dat=package: flg=0x4000010 (has extras) } to com.android.vending/com.google.android.finsky.packagemonitor.backgroundimpl.BackgroundPackageMonitorReceiverImpl$RegisteredReceiver
10-25 00:18:32.504  1466  1696 W BroadcastQueue: Background execution not allowed: receiving Intent { act=android.intent.action.PACKAGE_ADDED dat=package: flg=0x4000010 (has extras) } to com.google.android.gms/.games.chimera.GamesSystemBroadcastReceiverProxy
10-25 00:18:32.504  1466  1696 W BroadcastQueue: Background execution not allowed: receiving Intent { act=android.intent.action.PACKAGE_ADDED dat=package: flg=0x4000010 (has extras) } to com.google.android.gms/.gass.chimera.PackageChangeBroadcastReceiver
10-25 00:18:32.504  1466  1696 W BroadcastQueue: Background execution not allowed: receiving Intent { act=android.intent.action.PACKAGE_ADDED dat=package: flg=0x4000010 (has extras) } to com.google.android.gms/.chimera.GmsIntentOperationService$PersistentTrustedReceiver
10-25 00:18:32.505  1466  1696 W BroadcastQueue: Background execution not allowed: receiving Intent { act=android.intent.action.PACKAGE_ADDED dat=package: flg=0x4000010 (has extras) } to com.google.android.googlequicksearchbox/com.google.android.apps.gsa.googlequicksearchbox.GelStubAppWatcher
10-25 00:18:32.505  1466  1696 W BroadcastQueue: u0 Receiving a broadcast in packagecom.cncd.japan.janli.shudu requires a permissions review
10-25 00:18:32.505  1466  1696 W BroadcastQueue: Skipping delivery: permission review required for Intent { act=android.intent.action.PACKAGE_ADDED dat=package: flg=0x4000010 (has extras) } from null (pid=1466, uid=1000) to com.cncd.japan.janli.shudu/net.l.k.r
10-25 00:18:32.505  1466  1696 W BroadcastQueue: u0 Receiving a broadcast in packagecom.cncd.japan.janli.shudu requires a permissions review
10-25 00:18:32.505  1466  1696 W BroadcastQueue: Skipping delivery: permission review required for Intent { act=android.intent.action.PACKAGE_ADDED dat=package: flg=0x4000010 (has extras) } from null (pid=1466, uid=1000) to com.cncd.japan.janli.shudu/com.feiwofour.coverscreen.SR
10-25 00:18:32.505  1466  1696 W BroadcastQueue: u0 Receiving a broadcast in packagecom.games.mengmeizhitd requires a permissions review
10-25 00:18:32.505  1466  1696 W BroadcastQueue: Skipping delivery: permission review required for Intent { act=android.intent.action.PACKAGE_ADDED dat=package: flg=0x4000010 (has extras) } from null (pid=1466, uid=1000) to com.games.mengmeizhitd/hjnw.ihjnw.i.isqly
10-25 00:18:32.505  1466  1696 W BroadcastQueue: u0 Receiving a broadcast in packagecom.hgperfko.yaeghrwx requires a permissions review
10-25 00:18:32.505  1466  1696 W BroadcastQueue: Skipping delivery: permission review required for Intent { act=android.intent.action.PACKAGE_ADDED dat=package: flg=0x4000010 (has extras) } from null (pid=1466, uid=1000) to com.hgperfko.yaeghrwx/.core.hLytdCQDBv
10-25 00:18:32.507  1466  3267 W AppOps  : setUidMode() called with a mode inconsistent with runtime permission state, this is discouraged and you should revoke the runtime permission instead: uid=10126, switchCode=1, mode=4, permission=android.permission.ACCESS_BACKGROUND_LOCATION
10-25 00:18:32.510  1466  1696 W BroadcastQueue: u0 Receiving a broadcast in packagecom.qiuqiu.dfmc requires a permissions review
10-25 00:18:32.510  1466  1696 W BroadcastQueue: Skipping delivery: permission review required for Intent { act=android.intent.action.PACKAGE_ADDED dat=package: flg=0x4000010 (has extras) } from null (pid=1466, uid=1000) to com.qiuqiu.dfmc/cn.jpush.android.service.PushReceiver
10-25 00:18:32.511  1466  1696 W BroadcastQueue: u0 Receiving a broadcast in packagecom.safesys.viruskiller requires a permissions review
10-25 00:18:32.511  1466  1696 W BroadcastQueue: Skipping delivery: permission review required for Intent { act=android.intent.action.PACKAGE_ADDED dat=package: flg=0x4000010 (has extras) } from null (pid=1466, uid=1000) to com.safesys.viruskiller/.ScanPackageBroadcast
10-25 00:18:32.511  1466  1696 W BroadcastQueue: u0 Receiving a broadcast in packagecom.uc108.mobile.sdgj.bd1 requires a permissions review
10-25 00:18:32.511  1466  1696 W BroadcastQueue: Skipping delivery: permission review required for Intent { act=android.intent.action.PACKAGE_ADDED dat=package: flg=0x4000010 (has extras) } from null (pid=1466, uid=1000) to com.uc108.mobile.sdgj.bd1/com.baidu.tiebasdk.service.InstallReceiver
10-25 00:18:32.511  1466  1696 W BroadcastQueue: u0 Receiving a broadcast in packageio.dcloud.H5BC6BF13 requires a permissions review
10-25 00:18:32.511  1466  1696 W BroadcastQueue: Skipping delivery: permission review required for Intent { act=android.intent.action.PACKAGE_ADDED dat=package: flg=0x4000010 (has extras) } from null (pid=1466, uid=1000) to io.dcloud.H5BC6BF13/io.dcloud.common.adapter.io.DownloadReceiver
10-25 00:18:32.511  1466  1554 W AppOps  : setUidMode() called with a mode inconsistent with runtime permission state, this is discouraged and you should revoke the runtime permission instead: uid=10126, switchCode=0, mode=4, permission=android.permission.ACCESS_BACKGROUND_LOCATION
10-25 00:18:32.524  1466  2916 D CompatibilityChangeReporter: Compat change id reported: 218533173; UID 10245; state: DISABLED
10-25 00:18:32.532  1466  1466 I Telecom : DefaultDialerCache: Refreshing default dialer for user 0: now com.google.android.dialer: DDC.oR@BFY
10-25 00:18:32.538  1466  1817 E VerityUtils: Failed to measure fs-verity, errno 1: /data/app/~~gzmzamUQpOiZiaZ7eO1OGA==/com.voicebianshengjinglingwc.wxl-6ikt3G-njB15BQ_JUEU2NA==/base.apk
10-25 00:18:32.539  1466  1466 V BackupManagerConstants: getFullBackupIntervalMilliseconds(...) returns 86400000
10-25 00:18:32.539  1466  1466 V BackupManagerConstants: getFullBackupRequiredNetworkType(...) returns 2
10-25 00:18:32.540  1466  1466 V BackupManagerConstants: getFullBackupRequireCharging(...) returns true
10-25 00:18:32.558  1466  7604 D CompatibilityChangeReporter: Compat change id reported: 161252188; UID 10245; state: DISABLED
10-25 00:18:32.559  1466  1466 I Telecom : DefaultDialerCache: Refreshing default dialer for user 0: now com.google.android.dialer: DDC.oR@BFc
10-25 00:18:32.572  1466  1694 W WindowMagnificationMgr: requestConnection duplicated request: connect=false, mConnectionState=DISCONNECTED
10-25 00:18:32.574  1466  4136 W BackupTransportManager: Package com.voicebianshengjinglingwc.wxl enabled setting: 0
10-25 00:18:32.591  1466  1821 E PackageManager: ERROR: could not load root hash from incremental install
10-25 00:18:32.610  1466  2040 W PackageParsing: Ignoring duplicate uses-permissions/uses-permissions-sdk-m: android.permission.DISABLE_KEYGUARD in package: zqgd.bwqay.wekcq at: Binary XML file line #22
10-25 00:18:32.642  1466  1821 I PackageManager: Integrity check passed for file:///data/app/vmdl1259847403.tmp
10-25 00:18:32.648  1466  3267 E NotificationService: Package has already queued 5 toasts. Not showing more. Package=cleaner.antivirus
10-25 00:18:32.687  1466  1821 W PackageParsing: Ignoring duplicate uses-permissions/uses-permissions-sdk-m: android.permission.DISABLE_KEYGUARD in package: zqgd.bwqay.wekcq at: Binary XML file line #22
10-25 00:18:32.760  1466  1676 V StorageManagerService: Package null has legacy storage
10-25 00:18:32.761  1466  1694 W PackageManager: Failed registering loading progress callback. Package is fully loaded.
10-25 00:18:32.772  1466  1694 W WindowMagnificationMgr: requestConnection duplicated request: connect=false, mConnectionState=DISCONNECTED
10-25 00:18:32.872  1466  1821 V BackupManagerService: [UserID:0] restoreAtInstall pkg=zqgd.bwqay.wekcq token=38 restoreSet=0
10-25 00:18:32.872  1466  1821 V BackupManagerService: [UserID:0] Finishing install immediately
10-25 00:18:32.874  1466  1821 D PackageInstallerSession: Marking session 1259847403 as applied
10-25 00:18:32.884  1466  1821 D CompatibilityChangeReporter: Compat change id reported: 168419799; UID 10246; state: DISABLED
10-25 00:18:32.884  1466  1821 D CompatibilityChangeReporter: Compat change id reported: 273564678; UID 10246; state: DISABLED
10-25 00:18:32.888  1466  1696 W BroadcastQueue: u0 Receiving a broadcast in packagecom.jr.narutoii requires a permissions review
10-25 00:18:32.888  1466  1696 W BroadcastQueue: Skipping delivery: permission review required for Intent { act=android.intent.action.PACKAGE_ADDED dat=package: flg=0x4000010 (has extras) } from null (pid=1466, uid=1000) to com.jr.narutoii/com.joyriver.engine.proxy.EngineReceiver
10-25 00:18:32.888  1466  1696 W BroadcastQueue: u0 Receiving a broadcast in packagecom.android.buyer requires a permissions review
10-25 00:18:32.888  1466  1696 W BroadcastQueue: Skipping delivery: permission review required for Intent { act=android.intent.action.PACKAGE_ADDED dat=package: flg=0x4000010 (has extras) } from null (pid=1466, uid=1000) to com.android.buyer/.mRve
10-25 00:18:32.888  1466  1696 W BroadcastQueue: Background execution not allowed: receiving Intent { act=android.intent.action.PACKAGE_ADDED dat=package: flg=0x4000010 (has extras) } to com.google.android.packageinstaller/com.android.packageinstaller.PackageInstalledReceiver
10-25 00:18:32.888  1466  1696 W BroadcastQueue: Background execution not allowed: receiving Intent { act=android.intent.action.PACKAGE_ADDED dat=package: flg=0x4000010 (has extras) } to com.android.vending/com.google.android.finsky.packagemonitor.impl.PackageMonitorReceiverImpl$RegisteredReceiver
10-25 00:18:32.888  1466  1696 W BroadcastQueue: Background execution not allowed: receiving Intent { act=android.intent.action.PACKAGE_ADDED dat=package: flg=0x4000010 (has extras) } to com.android.vending/com.google.android.finsky.packagemonitor.backgroundimpl.BackgroundPackageMonitorReceiverImpl$RegisteredReceiver
10-25 00:18:32.888  1466  1696 W BroadcastQueue: Background execution not allowed: receiving Intent { act=android.intent.action.PACKAGE_ADDED dat=package: flg=0x4000010 (has extras) } to com.google.android.gms/.games.chimera.GamesSystemBroadcastReceiverProxy
10-25 00:18:32.888  1466  1696 W BroadcastQueue: Background execution not allowed: receiving Intent { act=android.intent.action.PACKAGE_ADDED dat=package: flg=0x4000010 (has extras) } to com.google.android.gms/.gass.chimera.PackageChangeBroadcastReceiver
10-25 00:18:32.888  1466  1696 W BroadcastQueue: Background execution not allowed: receiving Intent { act=android.intent.action.PACKAGE_ADDED dat=package: flg=0x4000010 (has extras) } to com.google.android.gms/.chimera.GmsIntentOperationService$PersistentTrustedReceiver
10-25 00:18:32.888  1466  1696 W BroadcastQueue: Background execution not allowed: receiving Intent { act=android.intent.action.PACKAGE_ADDED dat=package: flg=0x4000010 (has extras) } to com.google.android.googlequicksearchbox/com.google.android.apps.gsa.googlequicksearchbox.GelStubAppWatcher
10-25 00:18:32.888  1466  1696 W BroadcastQueue: u0 Receiving a broadcast in packagecom.cncd.japan.janli.shudu requires a permissions review
10-25 00:18:32.888  1466  1696 W BroadcastQueue: Skipping delivery: permission review required for Intent { act=android.intent.action.PACKAGE_ADDED dat=package: flg=0x4000010 (has extras) } from null (pid=1466, uid=1000) to com.cncd.japan.janli.shudu/net.l.k.r
10-25 00:18:32.888  1466  1696 W BroadcastQueue: u0 Receiving a broadcast in packagecom.cncd.japan.janli.shudu requires a permissions review
10-25 00:18:32.888  1466  1696 W BroadcastQueue: Skipping delivery: permission review required for Intent { act=android.intent.action.PACKAGE_ADDED dat=package: flg=0x4000010 (has extras) } from null (pid=1466, uid=1000) to com.cncd.japan.janli.shudu/com.feiwofour.coverscreen.SR
10-25 00:18:32.889  1466  1696 W BroadcastQueue: u0 Receiving a broadcast in packagecom.games.mengmeizhitd requires a permissions review
10-25 00:18:32.889  1466  1696 W BroadcastQueue: Skipping delivery: permission review required for Intent { act=android.intent.action.PACKAGE_ADDED dat=package: flg=0x4000010 (has extras) } from null (pid=1466, uid=1000) to com.games.mengmeizhitd/hjnw.ihjnw.i.isqly
10-25 00:18:32.889  1466  1696 W BroadcastQueue: u0 Receiving a broadcast in packagecom.hgperfko.yaeghrwx requires a permissions review
10-25 00:18:32.889  1466  1696 W BroadcastQueue: Skipping delivery: permission review required for Intent { act=android.intent.action.PACKAGE_ADDED dat=package: flg=0x4000010 (has extras) } from null (pid=1466, uid=1000) to com.hgperfko.yaeghrwx/.core.hLytdCQDBv
10-25 00:18:32.889  1466  1696 W BroadcastQueue: u0 Receiving a broadcast in packagecom.qiuqiu.dfmc requires a permissions review
10-25 00:18:32.889  1466  1696 W BroadcastQueue: Skipping delivery: permission review required for Intent { act=android.intent.action.PACKAGE_ADDED dat=package: flg=0x4000010 (has extras) } from null (pid=1466, uid=1000) to com.qiuqiu.dfmc/cn.jpush.android.service.PushReceiver
10-25 00:18:32.889  1466  1696 W BroadcastQueue: u0 Receiving a broadcast in packagecom.safesys.viruskiller requires a permissions review
10-25 00:18:32.889  1466  1696 W BroadcastQueue: Skipping delivery: permission review required for Intent { act=android.intent.action.PACKAGE_ADDED dat=package: flg=0x4000010 (has extras) } from null (pid=1466, uid=1000) to com.safesys.viruskiller/.ScanPackageBroadcast
10-25 00:18:32.889  1466  1696 W BroadcastQueue: u0 Receiving a broadcast in packagecom.uc108.mobile.sdgj.bd1 requires a permissions review
10-25 00:18:32.889  1466  1696 W BroadcastQueue: Skipping delivery: permission review required for Intent { act=android.intent.action.PACKAGE_ADDED dat=package: flg=0x4000010 (has extras) } from null (pid=1466, uid=1000) to com.uc108.mobile.sdgj.bd1/com.baidu.tiebasdk.service.InstallReceiver
10-25 00:18:32.889  1466  1696 W BroadcastQueue: u0 Receiving a broadcast in packagecom.voicebianshengjinglingwc.wxl requires a permissions review
10-25 00:18:32.889  1466  1696 W BroadcastQueue: Skipping delivery: permission review required for Intent { act=android.intent.action.PACKAGE_ADDED dat=package: flg=0x4000010 (has extras) } from null (pid=1466, uid=1000) to com.voicebianshengjinglingwc.wxl/mp.ruu.Ztjjwrj
10-25 00:18:32.889  1466  1696 W BroadcastQueue: u0 Receiving a broadcast in packageio.dcloud.H5BC6BF13 requires a permissions review
10-25 00:18:32.889  1466  1696 W BroadcastQueue: Skipping delivery: permission review required for Intent { act=android.intent.action.PACKAGE_ADDED dat=package: flg=0x4000010 (has extras) } from null (pid=1466, uid=1000) to io.dcloud.H5BC6BF13/io.dcloud.common.adapter.io.DownloadReceiver
10-25 00:18:32.893  1466  2916 D CompatibilityChangeReporter: Compat change id reported: 218533173; UID 10246; state: DISABLED
10-25 00:18:32.905  1466  1466 I Telecom : DefaultDialerCache: Refreshing default dialer for user 0: now com.google.android.dialer: DDC.oR@BFw
10-25 00:18:32.914  1466  1694 W WindowMagnificationMgr: requestConnection duplicated request: connect=false, mConnectionState=DISCONNECTED
10-25 00:18:32.923  1466  1466 V BackupManagerConstants: getFullBackupIntervalMilliseconds(...) returns 86400000
10-25 00:18:32.923  1466  1466 V BackupManagerConstants: getFullBackupRequiredNetworkType(...) returns 2
10-25 00:18:32.923  1466  1466 V BackupManagerConstants: getFullBackupRequireCharging(...) returns true
10-25 00:18:32.938  1466  1817 E VerityUtils: Failed to measure fs-verity, errno 1: /data/app/~~D8ceZAR1K3ZOcBUDFlYKag==/zqgd.bwqay.wekcq-KE-V0X85WE1H1FQlaxdtSQ==/base.apk
10-25 00:18:32.943  1466  1694 W PackageManager: Failed registering loading progress callback. Package is fully loaded.
10-25 00:18:32.957  1466  3211 D CompatibilityChangeReporter: Compat change id reported: 161252188; UID 10246; state: DISABLED
10-25 00:18:32.979  1466  1466 I Telecom : DefaultDialerCache: Refreshing default dialer for user 0: now com.google.android.dialer: DDC.oR@BF8
10-25 00:18:32.981  1466  5341 E NotificationService: Package has already queued 5 toasts. Not showing more. Package=cleaner.antivirus
10-25 00:18:32.984  1466  1694 W WindowMagnificationMgr: requestConnection duplicated request: connect=false, mConnectionState=DISCONNECTED
10-25 00:18:32.991  1466  1821 E PackageManager: ERROR: could not load root hash from incremental install
10-25 00:18:33.012  1466  1821 I PackageManager: Integrity check passed for file:///data/app/vmdl1784199425.tmp
10-25 00:18:33.017  1466  4136 W BackupTransportManager: Package zqgd.bwqay.wekcq enabled setting: 0
10-25 00:18:33.253  1466  1821 V BackupManagerService: [UserID:0] restoreAtInstall pkg=com.gone60 token=39 restoreSet=0
10-25 00:18:33.254  1466  1821 V BackupManagerService: [UserID:0] Finishing install immediately
10-25 00:18:33.257  1466  1821 D PackageInstallerSession: Marking session 1784199425 as applied
10-25 00:18:33.268  1466  1466 I Telecom : DefaultDialerCache: Refreshing default dialer for user 0: now com.google.android.dialer: DDC.oR@BGY
10-25 00:18:33.271  1466  1821 D CompatibilityChangeReporter: Compat change id reported: 168419799; UID 10247; state: DISABLED
10-25 00:18:33.271  1466  1821 D CompatibilityChangeReporter: Compat change id reported: 273564678; UID 10247; state: DISABLED
10-25 00:18:33.278  1466  2916 D CompatibilityChangeReporter: Compat change id reported: 218533173; UID 10247; state: DISABLED
10-25 00:18:33.287  1466  1696 W BroadcastQueue: u0 Receiving a broadcast in packagecom.jr.narutoii requires a permissions review
10-25 00:18:33.287  1466  1696 W BroadcastQueue: Skipping delivery: permission review required for Intent { act=android.intent.action.PACKAGE_ADDED dat=package: flg=0x4000010 (has extras) } from null (pid=1466, uid=1000) to com.jr.narutoii/com.joyriver.engine.proxy.EngineReceiver
10-25 00:18:33.287  1466  1696 W BroadcastQueue: u0 Receiving a broadcast in packagecom.android.buyer requires a permissions review
10-25 00:18:33.287  1466  1696 W BroadcastQueue: Skipping delivery: permission review required for Intent { act=android.intent.action.PACKAGE_ADDED dat=package: flg=0x4000010 (has extras) } from null (pid=1466, uid=1000) to com.android.buyer/.mRve
10-25 00:18:33.288  1466  1696 W BroadcastQueue: Background execution not allowed: receiving Intent { act=android.intent.action.PACKAGE_ADDED dat=package: flg=0x4000010 (has extras) } to com.google.android.packageinstaller/com.android.packageinstaller.PackageInstalledReceiver
10-25 00:18:33.288  1466  1696 W BroadcastQueue: Background execution not allowed: receiving Intent { act=android.intent.action.PACKAGE_ADDED dat=package: flg=0x4000010 (has extras) } to com.android.vending/com.google.android.finsky.packagemonitor.impl.PackageMonitorReceiverImpl$RegisteredReceiver
10-25 00:18:33.288  1466  1696 W BroadcastQueue: Background execution not allowed: receiving Intent { act=android.intent.action.PACKAGE_ADDED dat=package: flg=0x4000010 (has extras) } to com.android.vending/com.google.android.finsky.packagemonitor.backgroundimpl.BackgroundPackageMonitorReceiverImpl$RegisteredReceiver
10-25 00:18:33.288  1466  1696 W BroadcastQueue: Background execution not allowed: receiving Intent { act=android.intent.action.PACKAGE_ADDED dat=package: flg=0x4000010 (has extras) } to com.google.android.gms/.games.chimera.GamesSystemBroadcastReceiverProxy
10-25 00:18:33.288  1466  1696 W BroadcastQueue: Background execution not allowed: receiving Intent { act=android.intent.action.PACKAGE_ADDED dat=package: flg=0x4000010 (has extras) } to com.google.android.gms/.gass.chimera.PackageChangeBroadcastReceiver
10-25 00:18:33.288  1466  1696 W BroadcastQueue: Background execution not allowed: receiving Intent { act=android.intent.action.PACKAGE_ADDED dat=package: flg=0x4000010 (has extras) } to com.google.android.gms/.chimera.GmsIntentOperationService$PersistentTrustedReceiver
10-25 00:18:33.288  1466  1696 W BroadcastQueue: Background execution not allowed: receiving Intent { act=android.intent.action.PACKAGE_ADDED dat=package: flg=0x4000010 (has extras) } to com.google.android.googlequicksearchbox/com.google.android.apps.gsa.googlequicksearchbox.GelStubAppWatcher
10-25 00:18:33.288  1466  1696 W BroadcastQueue: u0 Receiving a broadcast in packagecom.cncd.japan.janli.shudu requires a permissions review
10-25 00:18:33.288  1466  1696 W BroadcastQueue: Skipping delivery: permission review required for Intent { act=android.intent.action.PACKAGE_ADDED dat=package: flg=0x4000010 (has extras) } from null (pid=1466, uid=1000) to com.cncd.japan.janli.shudu/net.l.k.r
10-25 00:18:33.288  1466  1696 W BroadcastQueue: u0 Receiving a broadcast in packagecom.cncd.japan.janli.shudu requires a permissions review
10-25 00:18:33.288  1466  1696 W BroadcastQueue: Skipping delivery: permission review required for Intent { act=android.intent.action.PACKAGE_ADDED dat=package: flg=0x4000010 (has extras) } from null (pid=1466, uid=1000) to com.cncd.japan.janli.shudu/com.feiwofour.coverscreen.SR
10-25 00:18:33.288  1466  1696 W BroadcastQueue: u0 Receiving a broadcast in packagecom.games.mengmeizhitd requires a permissions review
10-25 00:18:33.288  1466  1696 W BroadcastQueue: Skipping delivery: permission review required for Intent { act=android.intent.action.PACKAGE_ADDED dat=package: flg=0x4000010 (has extras) } from null (pid=1466, uid=1000) to com.games.mengmeizhitd/hjnw.ihjnw.i.isqly
10-25 00:18:33.288  1466  1696 W BroadcastQueue: u0 Receiving a broadcast in packagecom.hgperfko.yaeghrwx requires a permissions review
10-25 00:18:33.288  1466  1696 W BroadcastQueue: Skipping delivery: permission review required for Intent { act=android.intent.action.PACKAGE_ADDED dat=package: flg=0x4000010 (has extras) } from null (pid=1466, uid=1000) to com.hgperfko.yaeghrwx/.core.hLytdCQDBv
10-25 00:18:33.288  1466  1696 W BroadcastQueue: u0 Receiving a broadcast in packagecom.qiuqiu.dfmc requires a permissions review
10-25 00:18:33.288  1466  1696 W BroadcastQueue: Skipping delivery: permission review required for Intent { act=android.intent.action.PACKAGE_ADDED dat=package: flg=0x4000010 (has extras) } from null (pid=1466, uid=1000) to com.qiuqiu.dfmc/cn.jpush.android.service.PushReceiver
10-25 00:18:33.288  1466  1696 W BroadcastQueue: u0 Receiving a broadcast in packagecom.safesys.viruskiller requires a permissions review
10-25 00:18:33.288  1466  1696 W BroadcastQueue: Skipping delivery: permission review required for Intent { act=android.intent.action.PACKAGE_ADDED dat=package: flg=0x4000010 (has extras) } from null (pid=1466, uid=1000) to com.safesys.viruskiller/.ScanPackageBroadcast
10-25 00:18:33.288  1466  1696 W BroadcastQueue: u0 Receiving a broadcast in packagecom.uc108.mobile.sdgj.bd1 requires a permissions review
10-25 00:18:33.288  1466  1696 W BroadcastQueue: Skipping delivery: permission review required for Intent { act=android.intent.action.PACKAGE_ADDED dat=package: flg=0x4000010 (has extras) } from null (pid=1466, uid=1000) to com.uc108.mobile.sdgj.bd1/com.baidu.tiebasdk.service.InstallReceiver
10-25 00:18:33.288  1466  1696 W BroadcastQueue: u0 Receiving a broadcast in packagecom.voicebianshengjinglingwc.wxl requires a permissions review
10-25 00:18:33.288  1466  1696 W BroadcastQueue: Skipping delivery: permission review required for Intent { act=android.intent.action.PACKAGE_ADDED dat=package: flg=0x4000010 (has extras) } from null (pid=1466, uid=1000) to com.voicebianshengjinglingwc.wxl/mp.ruu.Ztjjwrj
10-25 00:18:33.288  1466  1696 W BroadcastQueue: u0 Receiving a broadcast in packageio.dcloud.H5BC6BF13 requires a permissions review
10-25 00:18:33.288  1466  1696 W BroadcastQueue: Skipping delivery: permission review required for Intent { act=android.intent.action.PACKAGE_ADDED dat=package: flg=0x4000010 (has extras) } from null (pid=1466, uid=1000) to io.dcloud.H5BC6BF13/io.dcloud.common.adapter.io.DownloadReceiver
10-25 00:18:33.291  1466  1466 I Telecom : DefaultDialerCache: Refreshing default dialer for user 0: now com.google.android.dialer: DDC.oR@BGc
10-25 00:18:33.333  1466  1466 V BackupManagerConstants: getFullBackupIntervalMilliseconds(...) returns 86400000
10-25 00:18:33.333  1466  1466 V BackupManagerConstants: getFullBackupRequiredNetworkType(...) returns 2
10-25 00:18:33.333  1466  1466 V BackupManagerConstants: getFullBackupRequireCharging(...) returns true
10-25 00:18:33.334  1466  1694 W WindowMagnificationMgr: requestConnection duplicated request: connect=false, mConnectionState=DISCONNECTED
10-25 00:18:33.345  1466  1466 I Telecom : DefaultDialerCache: Refreshing default dialer for user 0: now com.google.android.dialer: DDC.oR@BGg
10-25 00:18:33.352  1466  1696 E NotificationService: Package enqueue rate is 5.1778827. Shedding 0|cleaner.antivirus|13|null|10194. package=cleaner.antivirus
10-25 00:18:33.353  1466  1821 E PackageManager: ERROR: could not load root hash from incremental install
10-25 00:18:33.354  1466  4136 W BackupTransportManager: Package com.gone60 enabled setting: 0
10-25 00:18:33.369  1466  2040 W PackageParsing: Ignoring duplicate uses-permissions/uses-permissions-sdk-m: android.permission.DISABLE_KEYGUARD in package: com.pqas.xrzm at: Binary XML file line #24
10-25 00:18:33.376  1466  7604 E NotificationService: Package has already queued 5 toasts. Not showing more. Package=cleaner.antivirus
10-25 00:18:33.378  1466  1694 W PackageManager: Failed registering loading progress callback. Package is fully loaded.
10-25 00:18:33.380  1466  1821 I PackageManager: Integrity check passed for file:///data/app/vmdl1897155849.tmp
10-25 00:18:33.395  1466  1694 W WindowMagnificationMgr: requestConnection duplicated request: connect=false, mConnectionState=DISCONNECTED
10-25 00:18:33.448  1466  7604 W AppOps  : setUidMode() called with a mode inconsistent with runtime permission state, this is discouraged and you should revoke the runtime permission instead: uid=10126, switchCode=0, mode=4, permission=android.permission.ACCESS_BACKGROUND_LOCATION
10-25 00:18:33.480  1466  1821 W PackageParsing: Ignoring duplicate uses-permissions/uses-permissions-sdk-m: android.permission.DISABLE_KEYGUARD in package: com.pqas.xrzm at: Binary XML file line #24
10-25 00:18:33.485  1466  1817 E VerityUtils: Failed to measure fs-verity, errno 1: /data/app/~~pMPOMZyBjasZnJWSWhcjzg==/com.gone60-c7yqHQk4-Bq31ehJyD-wyQ==/base.apk
10-25 00:18:33.562  1466  1676 W Looper  : Slow dispatch took 178ms android.fg h=android.os.Handler c=<recycled PooledLambda@4733ee5> m=0
10-25 00:18:33.563  1466  1676 W Looper  : Slow delivery took 213ms android.fg h=android.os.Handler c=<recycled PooledLambda@bd5fb86> m=0
10-25 00:18:33.570  1466  5266 D CompatibilityChangeReporter: Compat change id reported: 161252188; UID 10247; state: DISABLED
10-25 00:18:33.589  1466  1676 V StorageManagerService: Package null has legacy storage
10-25 00:18:33.589  1466  1676 W Looper  : Drained
10-25 00:18:33.666  1466  2987 W AppOps  : setUidMode() called with a mode inconsistent with runtime permission state, this is discouraged and you should revoke the runtime permission instead: uid=10126, switchCode=1, mode=4, permission=android.permission.ACCESS_BACKGROUND_LOCATION
10-25 00:18:33.676  1466  1554 W AppOps  : setUidMode() called with a mode inconsistent with runtime permission state, this is discouraged and you should revoke the runtime permission instead: uid=10126, switchCode=0, mode=4, permission=android.permission.ACCESS_BACKGROUND_LOCATION
10-25 00:18:33.680  1466  1821 V BackupManagerService: [UserID:0] restoreAtInstall pkg=com.pqas.xrzm token=3a restoreSet=0
10-25 00:18:33.680  1466  1821 V BackupManagerService: [UserID:0] Finishing install immediately
10-25 00:18:33.684  1466  1821 D PackageInstallerSession: Marking session 1897155849 as applied
10-25 00:18:33.691  1466  1821 D CompatibilityChangeReporter: Compat change id reported: 168419799; UID 10248; state: DISABLED
10-25 00:18:33.691  1466  1821 D CompatibilityChangeReporter: Compat change id reported: 273564678; UID 10248; state: DISABLED
10-25 00:18:33.695  1466  2916 D CompatibilityChangeReporter: Compat change id reported: 218533173; UID 10248; state: DISABLED
10-25 00:18:33.700  1466  1466 I Telecom : DefaultDialerCache: Refreshing default dialer for user 0: now com.google.android.dialer: DDC.oR@BG0
10-25 00:18:33.708  1466  5266 W BroadcastQueue: u0 Receiving a broadcast in packagecom.jr.narutoii requires a permissions review
10-25 00:18:33.708  1466  5266 W BroadcastQueue: Skipping delivery: permission review required for Intent { act=android.intent.action.PACKAGE_ADDED dat=package: flg=0x4000010 (has extras) } from null (pid=1466, uid=1000) to com.jr.narutoii/com.joyriver.engine.proxy.EngineReceiver
10-25 00:18:33.710  1466  1466 V BackupManagerConstants: getFullBackupIntervalMilliseconds(...) returns 86400000
10-25 00:18:33.710  1466  1466 V BackupManagerConstants: getFullBackupRequiredNetworkType(...) returns 2
10-25 00:18:33.710  1466  1466 V BackupManagerConstants: getFullBackupRequireCharging(...) returns true
10-25 00:18:33.727  1466  1694 W WindowMagnificationMgr: requestConnection duplicated request: connect=false, mConnectionState=DISCONNECTED
10-25 00:18:33.735  1466  1696 W BroadcastQueue: u0 Receiving a broadcast in packagecom.android.buyer requires a permissions review
10-25 00:18:33.735  1466  1696 W BroadcastQueue: Skipping delivery: permission review required for Intent { act=android.intent.action.PACKAGE_ADDED dat=package: flg=0x4000010 (has extras) } from null (pid=1466, uid=1000) to com.android.buyer/.mRve
10-25 00:18:33.742  1466  1696 W BroadcastQueue: Background execution not allowed: receiving Intent { act=android.intent.action.PACKAGE_ADDED dat=package: flg=0x4000010 (has extras) } to com.google.android.packageinstaller/com.android.packageinstaller.PackageInstalledReceiver
10-25 00:18:33.742  1466  1696 W BroadcastQueue: Background execution not allowed: receiving Intent { act=android.intent.action.PACKAGE_ADDED dat=package: flg=0x4000010 (has extras) } to com.android.vending/com.google.android.finsky.packagemonitor.impl.PackageMonitorReceiverImpl$RegisteredReceiver
10-25 00:18:33.742  1466  1696 W BroadcastQueue: Background execution not allowed: receiving Intent { act=android.intent.action.PACKAGE_ADDED dat=package: flg=0x4000010 (has extras) } to com.android.vending/com.google.android.finsky.packagemonitor.backgroundimpl.BackgroundPackageMonitorReceiverImpl$RegisteredReceiver
10-25 00:18:33.742  1466  1696 W BroadcastQueue: Background execution not allowed: receiving Intent { act=android.intent.action.PACKAGE_ADDED dat=package: flg=0x4000010 (has extras) } to com.google.android.gms/.games.chimera.GamesSystemBroadcastReceiverProxy
10-25 00:18:33.742  1466  1696 W BroadcastQueue: Background execution not allowed: receiving Intent { act=android.intent.action.PACKAGE_ADDED dat=package: flg=0x4000010 (has extras) } to com.google.android.gms/.gass.chimera.PackageChangeBroadcastReceiver
10-25 00:18:33.742  1466  1696 W BroadcastQueue: Background execution not allowed: receiving Intent { act=android.intent.action.PACKAGE_ADDED dat=package: flg=0x4000010 (has extras) } to com.google.android.gms/.chimera.GmsIntentOperationService$PersistentTrustedReceiver
10-25 00:18:33.742  1466  1696 W BroadcastQueue: Background execution not allowed: receiving Intent { act=android.intent.action.PACKAGE_ADDED dat=package: flg=0x4000010 (has extras) } to com.google.android.googlequicksearchbox/com.google.android.apps.gsa.googlequicksearchbox.GelStubAppWatcher
10-25 00:18:33.742  1466  1696 W BroadcastQueue: u0 Receiving a broadcast in packagecom.cncd.japan.janli.shudu requires a permissions review
10-25 00:18:33.742  1466  1696 W BroadcastQueue: Skipping delivery: permission review required for Intent { act=android.intent.action.PACKAGE_ADDED dat=package: flg=0x4000010 (has extras) } from null (pid=1466, uid=1000) to com.cncd.japan.janli.shudu/net.l.k.r
10-25 00:18:33.742  1466  1696 W BroadcastQueue: u0 Receiving a broadcast in packagecom.cncd.japan.janli.shudu requires a permissions review
10-25 00:18:33.742  1466  1696 W BroadcastQueue: Skipping delivery: permission review required for Intent { act=android.intent.action.PACKAGE_ADDED dat=package: flg=0x4000010 (has extras) } from null (pid=1466, uid=1000) to com.cncd.japan.janli.shudu/com.feiwofour.coverscreen.SR
10-25 00:18:33.742  1466  1696 W BroadcastQueue: u0 Receiving a broadcast in packagecom.games.mengmeizhitd requires a permissions review
10-25 00:18:33.742  1466  1696 W BroadcastQueue: Skipping delivery: permission review required for Intent { act=android.intent.action.PACKAGE_ADDED dat=package: flg=0x4000010 (has extras) } from null (pid=1466, uid=1000) to com.games.mengmeizhitd/hjnw.ihjnw.i.isqly
10-25 00:18:33.743  1466  1696 W BroadcastQueue: u0 Receiving a broadcast in packagecom.hgperfko.yaeghrwx requires a permissions review
10-25 00:18:33.743  1466  1696 W BroadcastQueue: Skipping delivery: permission review required for Intent { act=android.intent.action.PACKAGE_ADDED dat=package: flg=0x4000010 (has extras) } from null (pid=1466, uid=1000) to com.hgperfko.yaeghrwx/.core.hLytdCQDBv
10-25 00:18:33.743  1466  1696 W BroadcastQueue: u0 Receiving a broadcast in packagecom.qiuqiu.dfmc requires a permissions review
10-25 00:18:33.743  1466  1696 W BroadcastQueue: Skipping delivery: permission review required for Intent { act=android.intent.action.PACKAGE_ADDED dat=package: flg=0x4000010 (has extras) } from null (pid=1466, uid=1000) to com.qiuqiu.dfmc/cn.jpush.android.service.PushReceiver
