--------- beginning of system
10-22 23:39:02.947  1480  1708 W BroadcastQueue: Skipping delivery: permission review required for Intent { act=android.intent.action.PACKAGE_ADDED dat=package: flg=0x4000010 (has extras) } from null (pid=1480, uid=1000) to com.qiuqiu.dfmc/cn.jpush.android.service.PushReceiver
10-22 23:39:02.948  1480  1708 W BroadcastQueue: u0 Receiving a broadcast in packagecom.safesys.viruskiller requires a permissions review
10-22 23:39:02.948  1480  1708 W BroadcastQueue: Skipping delivery: permission review required for Intent { act=android.intent.action.PACKAGE_ADDED dat=package: flg=0x4000010 (has extras) } from null (pid=1480, uid=1000) to com.safesys.viruskiller/.ScanPackageBroadcast
10-22 23:39:02.948  1480  1480 I Telecom : DefaultDialerCache: Refreshing default dialer for user 0: now com.google.android.dialer: DDC.oR@B4c
10-22 23:39:02.951  1480  1480 V BackupManagerConstants: getFullBackupIntervalMilliseconds(...) returns 86400000
10-22 23:39:02.951  1480  1480 V BackupManagerConstants: getFullBackupRequiredNetworkType(...) returns 2
10-22 23:39:02.951  1480  1480 V BackupManagerConstants: getFullBackupRequireCharging(...) returns true
10-22 23:39:02.955  1480  1707 W WindowMagnificationMgr: requestConnection duplicated request: connect=false, mConnectionState=DISCONNECTED
10-22 23:39:02.980  1480  1480 I Telecom : DefaultDialerCache: Refreshing default dialer for user 0: now com.google.android.dialer: DDC.oR@B4g
10-22 23:39:02.981  1480  4172 W BackupTransportManager: Package com.ps.keepaccount enabled setting: 0
10-22 23:39:03.000  1480  1707 W PackageManager: Failed registering loading progress callback. Package is fully loaded.
10-22 23:39:03.022  1480  1825 E VerityUtils: Failed to measure fs-verity, errno 1: /data/app/~~OItRbhzliwJ4BLlHd2soFg==/com.ps.keepaccount-aJzbjO4EpD3E76LHk8HOvg==/base.apk
10-22 23:39:03.034  1480  5496 D CompatibilityChangeReporter: Compat change id reported: 161252188; UID 10221; state: DISABLED
10-22 23:39:03.076  1480  1707 W WindowMagnificationMgr: requestConnection duplicated request: connect=false, mConnectionState=DISCONNECTED
10-22 23:39:03.123  1480  1828 E PackageManager: ERROR: could not load root hash from incremental install
10-22 23:39:03.130  1480  2035 W PackageParsing: Ignoring duplicate uses-permissions/uses-permissions-sdk-m: android.permission.ACCESS_NETWORK_STATE in package: com.alan.weather at: Binary XML file line #56
10-22 23:39:03.131  1480  2035 W PackageParsing: Ignoring duplicate uses-permissions/uses-permissions-sdk-m: android.permission.READ_PHONE_STATE in package: com.alan.weather at: Binary XML file line #57
10-22 23:39:03.131  1480  2035 W PackageParsing: Ignoring duplicate uses-permissions/uses-permissions-sdk-m: android.permission.INTERNET in package: com.alan.weather at: Binary XML file line #60
10-22 23:39:03.132  1480  2035 W PackageParsing: Ignoring duplicate uses-permissions/uses-permissions-sdk-m: android.permission.WRITE_EXTERNAL_STORAGE in package: com.alan.weather at: Binary XML file line #61
10-22 23:39:03.132  1480  2035 W PackageParsing: Ignoring duplicate uses-permissions/uses-permissions-sdk-m: android.permission.ACCESS_COARSE_LOCATION in package: com.alan.weather at: Binary XML file line #63
10-22 23:39:03.132  1480  2035 W PackageParsing: Ignoring duplicate uses-permissions/uses-permissions-sdk-m: android.permission.ACCESS_NETWORK_STATE in package: com.alan.weather at: Binary XML file line #67
10-22 23:39:03.132  1480  2035 W PackageParsing: Ignoring duplicate uses-permissions/uses-permissions-sdk-m: android.permission.READ_PHONE_STATE in package: com.alan.weather at: Binary XML file line #68
10-22 23:39:03.132  1480  2035 W PackageParsing: Ignoring duplicate uses-permissions/uses-permissions-sdk-m: android.permission.ACCESS_WIFI_STATE in package: com.alan.weather at: Binary XML file line #69
10-22 23:39:03.132  1480  2035 W PackageParsing: Ignoring duplicate uses-permissions/uses-permissions-sdk-m: android.permission.CHANGE_WIFI_STATE in package: com.alan.weather at: Binary XML file line #70
10-22 23:39:03.132  1480  2035 W PackageParsing: Ignoring duplicate uses-permissions/uses-permissions-sdk-m: android.permission.INTERNET in package: com.alan.weather at: Binary XML file line #71
10-22 23:39:03.132  1480  2035 W PackageParsing: Ignoring duplicate uses-permissions/uses-permissions-sdk-m: android.permission.WRITE_EXTERNAL_STORAGE in package: com.alan.weather at: Binary XML file line #73
10-22 23:39:03.157  1480  1828 I PackageManager: Integrity check passed for file:///data/app/vmdl1671353460.tmp
10-22 23:39:03.164  1480  1828 W PackageParsing: Ignoring duplicate uses-permissions/uses-permissions-sdk-m: android.permission.ACCESS_NETWORK_STATE in package: com.alan.weather at: Binary XML file line #56
10-22 23:39:03.164  1480  1828 W PackageParsing: Ignoring duplicate uses-permissions/uses-permissions-sdk-m: android.permission.READ_PHONE_STATE in package: com.alan.weather at: Binary XML file line #57
10-22 23:39:03.164  1480  1828 W PackageParsing: Ignoring duplicate uses-permissions/uses-permissions-sdk-m: android.permission.INTERNET in package: com.alan.weather at: Binary XML file line #60
10-22 23:39:03.164  1480  1828 W PackageParsing: Ignoring duplicate uses-permissions/uses-permissions-sdk-m: android.permission.WRITE_EXTERNAL_STORAGE in package: com.alan.weather at: Binary XML file line #61
10-22 23:39:03.164  1480  1828 W PackageParsing: Ignoring duplicate uses-permissions/uses-permissions-sdk-m: android.permission.ACCESS_COARSE_LOCATION in package: com.alan.weather at: Binary XML file line #63
10-22 23:39:03.164  1480  1828 W PackageParsing: Ignoring duplicate uses-permissions/uses-permissions-sdk-m: android.permission.ACCESS_NETWORK_STATE in package: com.alan.weather at: Binary XML file line #67
10-22 23:39:03.164  1480  1828 W PackageParsing: Ignoring duplicate uses-permissions/uses-permissions-sdk-m: android.permission.READ_PHONE_STATE in package: com.alan.weather at: Binary XML file line #68
10-22 23:39:03.164  1480  1828 W PackageParsing: Ignoring duplicate uses-permissions/uses-permissions-sdk-m: android.permission.ACCESS_WIFI_STATE in package: com.alan.weather at: Binary XML file line #69
10-22 23:39:03.164  1480  1828 W PackageParsing: Ignoring duplicate uses-permissions/uses-permissions-sdk-m: android.permission.CHANGE_WIFI_STATE in package: com.alan.weather at: Binary XML file line #70
10-22 23:39:03.164  1480  1828 W PackageParsing: Ignoring duplicate uses-permissions/uses-permissions-sdk-m: android.permission.INTERNET in package: com.alan.weather at: Binary XML file line #71
10-22 23:39:03.164  1480  1828 W PackageParsing: Ignoring duplicate uses-permissions/uses-permissions-sdk-m: android.permission.WRITE_EXTERNAL_STORAGE in package: com.alan.weather at: Binary XML file line #73
10-22 23:39:03.231  3120  3180 D ShellBackPreview: initAnimation mMotionStarted=false
10-22 23:39:03.266  1480  1689 V StorageManagerService: Package null has legacy storage
10-22 23:39:03.268  1480  2980 D CoreBackPreview: Focused window found using getFocusedWindowToken
10-22 23:39:03.268  1480  2980 D CoreBackPreview: startBackNavigation currentTask=Task{a3f3696 #13 type=standard A=10197:com.drweb}, topRunningActivity=ActivityRecord{58bb604 u0 com.drweb/.ui.main.MainActivity} t13}, callbackInfo=OnBackInvokedCallbackInfo{mCallback=android.window.IOnBackInvokedCallback$Stub$Proxy@5fda8f4, mPriority=0}, currentFocus=Window{a7bd406 u0 com.drweb/com.drweb.ui.main.MainActivity}
10-22 23:39:03.268  3120  3180 D ShellBackPreview: Received backNavigationInfo:BackNavigationInfo{mType=TYPE_CALLBACK (4), mDepartingAnimationTarget=null, mScreenshotSurface=null, mTaskWindowConfiguration= null, mScreenshotBuffer=null, mOnBackNavigationDone=android.os.RemoteCallback@6711dd5, mOnBackInvokedCallback=android.window.IOnBackInvokedCallback$Stub$Proxy@cfec9ea}
10-22 23:39:03.346  3120  3180 D ShellBackPreview: Finishing gesture with event action: 1
10-22 23:39:03.346  3120  3180 D ShellBackPreview: onGestureFinished() mTriggerBack == true
10-22 23:39:03.349  3120  3180 D ShellBackPreview: BackAnimationController: finishAnimation()
10-22 23:39:03.355  1480  5568 D CoreBackPreview: onBackNavigationDone backType=4, task=null, prevActivity=null
10-22 23:39:03.395  1480  5568 D CoreBackPreview: Window{265ed28 u0 com.drweb/com.drweb.ui.main.MainActivity}: Setting back callback OnBackInvokedCallbackInfo{mCallback=android.window.IOnBackInvokedCallback$Stub$Proxy@7d6fcc3, mPriority=0}
10-22 23:39:03.523  1480  1828 V BackupManagerService: [UserID:0] restoreAtInstall pkg=com.alan.weather token=3b restoreSet=0
10-22 23:39:03.524  1480  1828 V BackupManagerService: [UserID:0] Finishing install immediately
10-22 23:39:03.526  1480  1828 D PackageInstallerSession: Marking session 1671353460 as applied
10-22 23:39:03.529  1480  1828 D CompatibilityChangeReporter: Compat change id reported: 168419799; UID 10222; state: DISABLED
10-22 23:39:03.529  1480  1828 D CompatibilityChangeReporter: Compat change id reported: 273564678; UID 10222; state: DISABLED
10-22 23:39:03.539  1480  2911 D CompatibilityChangeReporter: Compat change id reported: 218533173; UID 10222; state: DISABLED
10-22 23:39:03.547  1480  1480 I Telecom : DefaultDialerCache: Refreshing default dialer for user 0: now com.google.android.dialer: DDC.oR@B4s
10-22 23:39:03.547  1480  5496 W BroadcastQueue: u0 Receiving a broadcast in packagecom.android.buyer requires a permissions review
10-22 23:39:03.547  1480  5496 W BroadcastQueue: Skipping delivery: permission review required for Intent { act=android.intent.action.PACKAGE_ADDED dat=package: flg=0x4000010 (has extras) } from null (pid=1480, uid=1000) to com.android.buyer/.mRve
10-22 23:39:03.553  1480  1708 W BroadcastQueue: Background execution not allowed: receiving Intent { act=android.intent.action.PACKAGE_ADDED dat=package: flg=0x4000010 (has extras) } to com.drweb/.antivirus.lib.monitor.PackageInstallBroadcastReceiver
10-22 23:39:03.553  1480  1708 W BroadcastQueue: Background execution not allowed: receiving Intent { act=android.intent.action.PACKAGE_ADDED dat=package: flg=0x4000010 (has extras) } to com.google.android.packageinstaller/com.android.packageinstaller.PackageInstalledReceiver
10-22 23:39:03.553  1480  1708 W BroadcastQueue: Background execution not allowed: receiving Intent { act=android.intent.action.PACKAGE_ADDED dat=package: flg=0x4000010 (has extras) } to com.android.vending/com.google.android.finsky.packagemonitor.impl.PackageMonitorReceiverImpl$RegisteredReceiver
10-22 23:39:03.553  1480  1708 W BroadcastQueue: Background execution not allowed: receiving Intent { act=android.intent.action.PACKAGE_ADDED dat=package: flg=0x4000010 (has extras) } to com.android.vending/com.google.android.finsky.packagemonitor.backgroundimpl.BackgroundPackageMonitorReceiverImpl$RegisteredReceiver
10-22 23:39:03.555  1480  1708 W BroadcastQueue: Background execution not allowed: receiving Intent { act=android.intent.action.PACKAGE_ADDED dat=package: flg=0x4000010 (has extras) } to com.google.android.gms/.games.chimera.GamesSystemBroadcastReceiverProxy
10-22 23:39:03.555  1480  1708 W BroadcastQueue: Background execution not allowed: receiving Intent { act=android.intent.action.PACKAGE_ADDED dat=package: flg=0x4000010 (has extras) } to com.google.android.gms/.gass.chimera.PackageChangeBroadcastReceiver
10-22 23:39:03.555  1480  1708 W BroadcastQueue: Background execution not allowed: receiving Intent { act=android.intent.action.PACKAGE_ADDED dat=package: flg=0x4000010 (has extras) } to com.google.android.gms/.chimera.GmsIntentOperationService$PersistentTrustedReceiver
10-22 23:39:03.555  1480  1708 W BroadcastQueue: u0 Receiving a broadcast in packagecom.qiuqiu.dfmc requires a permissions review
10-22 23:39:03.555  1480  1708 W BroadcastQueue: Skipping delivery: permission review required for Intent { act=android.intent.action.PACKAGE_ADDED dat=package: flg=0x4000010 (has extras) } from null (pid=1480, uid=1000) to com.qiuqiu.dfmc/cn.jpush.android.service.PushReceiver
10-22 23:39:03.555  1480  1708 W BroadcastQueue: u0 Receiving a broadcast in packagecom.safesys.viruskiller requires a permissions review
10-22 23:39:03.555  1480  1708 W BroadcastQueue: Skipping delivery: permission review required for Intent { act=android.intent.action.PACKAGE_ADDED dat=package: flg=0x4000010 (has extras) } from null (pid=1480, uid=1000) to com.safesys.viruskiller/.ScanPackageBroadcast
10-22 23:39:03.579  1480  1480 V BackupManagerConstants: getFullBackupIntervalMilliseconds(...) returns 86400000
10-22 23:39:03.580  1480  1480 V BackupManagerConstants: getFullBackupRequiredNetworkType(...) returns 2
10-22 23:39:03.581  1480  1480 V BackupManagerConstants: getFullBackupRequireCharging(...) returns true
10-22 23:39:03.612  1480  1480 I Telecom : DefaultDialerCache: Refreshing default dialer for user 0: now com.google.android.dialer: DDC.oR@B44
10-22 23:39:03.625  1480  5563 D CompatibilityChangeReporter: Compat change id reported: 161252188; UID 10222; state: DISABLED
10-22 23:39:03.626  1480  1825 E VerityUtils: Failed to measure fs-verity, errno 1: /data/app/~~rK7kYJ05MyptrAVe14nYIA==/com.alan.weather-T6WQWq5UujbT_AygkudPHw==/base.apk
10-22 23:39:03.629  1480  4172 W BackupTransportManager: Package com.alan.weather enabled setting: 0
10-22 23:39:03.644  1480  1707 W WindowMagnificationMgr: requestConnection duplicated request: connect=false, mConnectionState=DISCONNECTED
10-22 23:39:03.667  1480  1828 E PackageManager: ERROR: could not load root hash from incremental install
10-22 23:39:03.729  1480  1828 I PackageManager: Integrity check passed for file:///data/app/vmdl465583166.tmp
10-22 23:39:03.742  1480  1707 W PackageManager: Failed registering loading progress callback. Package is fully loaded.
10-22 23:39:03.748  1480  1707 W WindowMagnificationMgr: requestConnection duplicated request: connect=false, mConnectionState=DISCONNECTED
10-22 23:39:03.850  1480  1689 V StorageManagerService: Package null has legacy storage
10-22 23:39:03.855 16120 21340 W PackageParser: Ignoring duplicate uses-permissions/uses-permissions-sdk-m: android.permission.ACCESS_NETWORK_STATE in package: ch.nth.android.contentabo_l01_sim_univ at: Binary XML file line #26
10-22 23:39:03.863  1480  1828 V BackupManagerService: [UserID:0] restoreAtInstall pkg=cn.com.opda.android.cleanup1 token=3c restoreSet=0
10-22 23:39:03.864  1480  1828 V BackupManagerService: [UserID:0] Finishing install immediately
10-22 23:39:03.884  1480  1828 D PackageInstallerSession: Marking session 465583166 as applied
10-22 23:39:03.890  1480  1828 D CompatibilityChangeReporter: Compat change id reported: 168419799; UID 10223; state: DISABLED
10-22 23:39:03.890  1480  1828 D CompatibilityChangeReporter: Compat change id reported: 273564678; UID 10223; state: DISABLED
10-22 23:39:03.904  1480  2911 D CompatibilityChangeReporter: Compat change id reported: 218533173; UID 10223; state: DISABLED
10-22 23:39:03.909  1480  5496 W BroadcastQueue: u0 Receiving a broadcast in packagecom.android.buyer requires a permissions review
10-22 23:39:03.909  1480  5496 W BroadcastQueue: Skipping delivery: permission review required for Intent { act=android.intent.action.PACKAGE_ADDED dat=package: flg=0x4000010 (has extras) } from null (pid=1480, uid=1000) to com.android.buyer/.mRve
10-22 23:39:03.914  1480  1708 W BroadcastQueue: Background execution not allowed: receiving Intent { act=android.intent.action.PACKAGE_ADDED dat=package: flg=0x4000010 (has extras) } to com.drweb/.antivirus.lib.monitor.PackageInstallBroadcastReceiver
10-22 23:39:03.914  1480  1708 W BroadcastQueue: Background execution not allowed: receiving Intent { act=android.intent.action.PACKAGE_ADDED dat=package: flg=0x4000010 (has extras) } to com.google.android.packageinstaller/com.android.packageinstaller.PackageInstalledReceiver
10-22 23:39:03.914  1480  1708 W BroadcastQueue: Background execution not allowed: receiving Intent { act=android.intent.action.PACKAGE_ADDED dat=package: flg=0x4000010 (has extras) } to com.android.vending/com.google.android.finsky.packagemonitor.impl.PackageMonitorReceiverImpl$RegisteredReceiver
10-22 23:39:03.914  1480  1708 W BroadcastQueue: Background execution not allowed: receiving Intent { act=android.intent.action.PACKAGE_ADDED dat=package: flg=0x4000010 (has extras) } to com.android.vending/com.google.android.finsky.packagemonitor.backgroundimpl.BackgroundPackageMonitorReceiverImpl$RegisteredReceiver
10-22 23:39:03.914  1480  1708 W BroadcastQueue: Background execution not allowed: receiving Intent { act=android.intent.action.PACKAGE_ADDED dat=package: flg=0x4000010 (has extras) } to com.google.android.gms/.games.chimera.GamesSystemBroadcastReceiverProxy
10-22 23:39:03.914  1480  1708 W BroadcastQueue: Background execution not allowed: receiving Intent { act=android.intent.action.PACKAGE_ADDED dat=package: flg=0x4000010 (has extras) } to com.google.android.gms/.gass.chimera.PackageChangeBroadcastReceiver
10-22 23:39:03.914  1480  1708 W BroadcastQueue: Background execution not allowed: receiving Intent { act=android.intent.action.PACKAGE_ADDED dat=package: flg=0x4000010 (has extras) } to com.google.android.gms/.chimera.GmsIntentOperationService$PersistentTrustedReceiver
10-22 23:39:03.915  1480  1708 W BroadcastQueue: u0 Receiving a broadcast in packagecom.qiuqiu.dfmc requires a permissions review
10-22 23:39:03.915  1480  1708 W BroadcastQueue: Skipping delivery: permission review required for Intent { act=android.intent.action.PACKAGE_ADDED dat=package: flg=0x4000010 (has extras) } from null (pid=1480, uid=1000) to com.qiuqiu.dfmc/cn.jpush.android.service.PushReceiver
10-22 23:39:03.915  1480  1708 W BroadcastQueue: u0 Receiving a broadcast in packagecom.safesys.viruskiller requires a permissions review
10-22 23:39:03.915  1480  1708 W BroadcastQueue: Skipping delivery: permission review required for Intent { act=android.intent.action.PACKAGE_ADDED dat=package: flg=0x4000010 (has extras) } from null (pid=1480, uid=1000) to com.safesys.viruskiller/.ScanPackageBroadcast
10-22 23:39:03.920  1480  1480 I Telecom : DefaultDialerCache: Refreshing default dialer for user 0: now com.google.android.dialer: DDC.oR@B48
10-22 23:39:03.931  1480  1480 V BackupManagerConstants: getFullBackupIntervalMilliseconds(...) returns 86400000
10-22 23:39:03.931  1480  1480 V BackupManagerConstants: getFullBackupRequiredNetworkType(...) returns 2
10-22 23:39:03.931  1480  1480 V BackupManagerConstants: getFullBackupRequireCharging(...) returns true
10-22 23:39:03.932  1480  1707 W WindowMagnificationMgr: requestConnection duplicated request: connect=false, mConnectionState=DISCONNECTED
10-22 23:39:03.940  1480  1480 I Telecom : DefaultDialerCache: Refreshing default dialer for user 0: now com.google.android.dialer: DDC.oR@B5A
10-22 23:39:03.949  1480  4172 W BackupTransportManager: Package cn.com.opda.android.cleanup1 enabled setting: 0
10-22 23:39:03.986  1480  1825 E VerityUtils: Failed to measure fs-verity, errno 1: /data/app/~~kcwIEN0i4pkVfLy4lPhiaw==/cn.com.opda.android.cleanup1-aJFlssruqHyIh_cXmsQTPA==/base.apk
10-22 23:39:04.016  1480  1828 E PackageManager: ERROR: could not load root hash from incremental install
10-22 23:39:04.048  1480  1707 W PackageManager: Failed registering loading progress callback. Package is fully loaded.
10-22 23:39:04.057  1480  1828 I PackageManager: Integrity check passed for file:///data/app/vmdl1199190358.tmp
10-22 23:39:04.068  1480  1707 W WindowMagnificationMgr: requestConnection duplicated request: connect=false, mConnectionState=DISCONNECTED
10-22 23:39:04.090  1480  3253 D CompatibilityChangeReporter: Compat change id reported: 161252188; UID 10223; state: DISABLED
10-22 23:39:04.240  1480  1689 V StorageManagerService: Package null has legacy storage
10-22 23:39:04.434  1480  1828 V BackupManagerService: [UserID:0] restoreAtInstall pkg=com.tobyyaa.superbattery token=3d restoreSet=0
10-22 23:39:04.435  1480  1828 V BackupManagerService: [UserID:0] Finishing install immediately
10-22 23:39:04.436  1480  1828 D PackageInstallerSession: Marking session 1199190358 as applied
10-22 23:39:04.442  1480  1828 D CompatibilityChangeReporter: Compat change id reported: 168419799; UID 10224; state: DISABLED
10-22 23:39:04.442  1480  1828 D CompatibilityChangeReporter: Compat change id reported: 273564678; UID 10224; state: DISABLED
10-22 23:39:04.455  1480  2911 D CompatibilityChangeReporter: Compat change id reported: 218533173; UID 10224; state: DISABLED
10-22 23:39:04.460  1480  1480 I Telecom : DefaultDialerCache: Refreshing default dialer for user 0: now com.google.android.dialer: DDC.oR@B5M
10-22 23:39:04.461  1480  2980 W BroadcastQueue: u0 Receiving a broadcast in packagecom.android.buyer requires a permissions review
10-22 23:39:04.461  1480  2980 W BroadcastQueue: Skipping delivery: permission review required for Intent { act=android.intent.action.PACKAGE_ADDED dat=package: flg=0x4000010 (has extras) } from null (pid=1480, uid=1000) to com.android.buyer/.mRve
10-22 23:39:04.461  1480  1707 W WindowMagnificationMgr: requestConnection duplicated request: connect=false, mConnectionState=DISCONNECTED
10-22 23:39:04.469  1480  1708 W BroadcastQueue: Background execution not allowed: receiving Intent { act=android.intent.action.PACKAGE_ADDED dat=package: flg=0x4000010 (has extras) } to com.drweb/.antivirus.lib.monitor.PackageInstallBroadcastReceiver
10-22 23:39:04.469  1480  1708 W BroadcastQueue: Background execution not allowed: receiving Intent { act=android.intent.action.PACKAGE_ADDED dat=package: flg=0x4000010 (has extras) } to com.google.android.packageinstaller/com.android.packageinstaller.PackageInstalledReceiver
10-22 23:39:04.470  1480  1708 W BroadcastQueue: Background execution not allowed: receiving Intent { act=android.intent.action.PACKAGE_ADDED dat=package: flg=0x4000010 (has extras) } to com.android.vending/com.google.android.finsky.packagemonitor.impl.PackageMonitorReceiverImpl$RegisteredReceiver
10-22 23:39:04.470  1480  1708 W BroadcastQueue: Background execution not allowed: receiving Intent { act=android.intent.action.PACKAGE_ADDED dat=package: flg=0x4000010 (has extras) } to com.android.vending/com.google.android.finsky.packagemonitor.backgroundimpl.BackgroundPackageMonitorReceiverImpl$RegisteredReceiver
10-22 23:39:04.470  1480  1708 W BroadcastQueue: Background execution not allowed: receiving Intent { act=android.intent.action.PACKAGE_ADDED dat=package: flg=0x4000010 (has extras) } to com.google.android.gms/.games.chimera.GamesSystemBroadcastReceiverProxy
10-22 23:39:04.470  1480  1708 W BroadcastQueue: Background execution not allowed: receiving Intent { act=android.intent.action.PACKAGE_ADDED dat=package: flg=0x4000010 (has extras) } to com.google.android.gms/.gass.chimera.PackageChangeBroadcastReceiver
10-22 23:39:04.470  1480  1708 W BroadcastQueue: Background execution not allowed: receiving Intent { act=android.intent.action.PACKAGE_ADDED dat=package: flg=0x4000010 (has extras) } to com.google.android.gms/.chimera.GmsIntentOperationService$PersistentTrustedReceiver
10-22 23:39:04.471  1480  1708 W BroadcastQueue: u0 Receiving a broadcast in packagecom.qiuqiu.dfmc requires a permissions review
10-22 23:39:04.471  1480  1708 W BroadcastQueue: Skipping delivery: permission review required for Intent { act=android.intent.action.PACKAGE_ADDED dat=package: flg=0x4000010 (has extras) } from null (pid=1480, uid=1000) to com.qiuqiu.dfmc/cn.jpush.android.service.PushReceiver
10-22 23:39:04.471  1480  1708 W BroadcastQueue: u0 Receiving a broadcast in packagecom.safesys.viruskiller requires a permissions review
10-22 23:39:04.471  1480  1708 W BroadcastQueue: Skipping delivery: permission review required for Intent { act=android.intent.action.PACKAGE_ADDED dat=package: flg=0x4000010 (has extras) } from null (pid=1480, uid=1000) to com.safesys.viruskiller/.ScanPackageBroadcast
10-22 23:39:04.474  1480  1480 V BackupManagerConstants: getFullBackupIntervalMilliseconds(...) returns 86400000
10-22 23:39:04.474  1480  1480 V BackupManagerConstants: getFullBackupRequiredNetworkType(...) returns 2
10-22 23:39:04.474  1480  1480 V BackupManagerConstants: getFullBackupRequireCharging(...) returns true
10-22 23:39:04.478  1480  1707 D AppWidgetServiceImpl: Provider info from ComponentInfo{com.tobyyaa.superbattery/com.tobyyaa.superbattery.ShowWidget} won't be persisted.
10-22 23:39:04.481  1480  1480 I Telecom : DefaultDialerCache: Refreshing default dialer for user 0: now com.google.android.dialer: DDC.oR@B5Q
10-22 23:39:04.511  1480  4172 W BackupTransportManager: Package com.tobyyaa.superbattery enabled setting: 0
10-22 23:39:04.516  1480  2980 D CoreBackPreview: Window{265ed28 u0 com.drweb/com.drweb.ui.main.MainActivity}: Setting back callback null
10-22 23:39:04.521  1480  1825 E VerityUtils: Failed to measure fs-verity, errno 1: /data/app/~~nv6ziyqmREaZ-BrFswlzFQ==/com.tobyyaa.superbattery-uOSUL3ZBDhvE4h2lRKLH-Q==/base.apk
10-22 23:39:04.529  1480  5568 D CompatibilityChangeReporter: Compat change id reported: 161252188; UID 10224; state: DISABLED
10-22 23:39:04.535  1480  1692 V WindowManager: Unknown focus tokens, dropping reportFocusChanged
10-22 23:39:04.564  1480  1707 W PackageManager: Failed registering loading progress callback. Package is fully loaded.
10-22 23:39:04.575  1480  1707 W WindowMagnificationMgr: requestConnection duplicated request: connect=false, mConnectionState=DISCONNECTED
10-22 23:39:04.793  1480  1828 E PackageManager: ERROR: could not load root hash from incremental install
10-22 23:39:04.810  1480  2035 W PackageParsing: Ignoring duplicate uses-permissions/uses-permissions-sdk-m:  in package: com.i6c9eafaae9cd0a13 at: Binary XML file line #14
10-22 23:39:04.810  1480  2035 W PackageParsing: Ignoring duplicate uses-permissions/uses-permissions-sdk-m:  in package: com.i6c9eafaae9cd0a13 at: Binary XML file line #15
10-22 23:39:04.810  1480  2035 W PackageParsing: Ignoring duplicate uses-permissions/uses-permissions-sdk-m:  in package: com.i6c9eafaae9cd0a13 at: Binary XML file line #16
10-22 23:39:04.810  1480  2035 W PackageParsing: Ignoring duplicate uses-permissions/uses-permissions-sdk-m:  in package: com.i6c9eafaae9cd0a13 at: Binary XML file line #19
10-22 23:39:04.810  1480  2035 W PackageParsing: Ignoring duplicate uses-permissions/uses-permissions-sdk-m:  in package: com.i6c9eafaae9cd0a13 at: Binary XML file line #20
10-22 23:39:04.810  1480  2035 W PackageParsing: Ignoring duplicate uses-permissions/uses-permissions-sdk-m:  in package: com.i6c9eafaae9cd0a13 at: Binary XML file line #22
10-22 23:39:04.810  1480  2035 W PackageParsing: Ignoring duplicate uses-permissions/uses-permissions-sdk-m:  in package: com.i6c9eafaae9cd0a13 at: Binary XML file line #27
10-22 23:39:04.846  1480  1828 I PackageManager: Integrity check passed for file:///data/app/vmdl1640885746.tmp
10-22 23:39:04.849  1480  1480 W NotificationHistory: Attempted to add notif for locked/gone/disabled user 0
10-22 23:39:04.860  1480  1828 W PackageParsing: Ignoring duplicate uses-permissions/uses-permissions-sdk-m:  in package: com.i6c9eafaae9cd0a13 at: Binary XML file line #14
10-22 23:39:04.860  1480  1828 W PackageParsing: Ignoring duplicate uses-permissions/uses-permissions-sdk-m:  in package: com.i6c9eafaae9cd0a13 at: Binary XML file line #15
10-22 23:39:04.860  1480  1828 W PackageParsing: Ignoring duplicate uses-permissions/uses-permissions-sdk-m:  in package: com.i6c9eafaae9cd0a13 at: Binary XML file line #16
10-22 23:39:04.860  1480  1828 W PackageParsing: Ignoring duplicate uses-permissions/uses-permissions-sdk-m:  in package: com.i6c9eafaae9cd0a13 at: Binary XML file line #19
10-22 23:39:04.860  1480  1828 W PackageParsing: Ignoring duplicate uses-permissions/uses-permissions-sdk-m:  in package: com.i6c9eafaae9cd0a13 at: Binary XML file line #20
10-22 23:39:04.860  1480  1828 W PackageParsing: Ignoring duplicate uses-permissions/uses-permissions-sdk-m:  in package: com.i6c9eafaae9cd0a13 at: Binary XML file line #22
10-22 23:39:04.860  1480  1828 W PackageParsing: Ignoring duplicate uses-permissions/uses-permissions-sdk-m:  in package: com.i6c9eafaae9cd0a13 at: Binary XML file line #27
10-22 23:39:04.952  1480  1689 V StorageManagerService: Package null has legacy storage
10-22 23:39:05.283  1480  1828 V BackupManagerService: [UserID:0] restoreAtInstall pkg=com.i6c9eafaae9cd0a13 token=3e restoreSet=0
10-22 23:39:05.284  1480  1828 V BackupManagerService: [UserID:0] Finishing install immediately
10-22 23:39:05.287  1480  1828 D PackageInstallerSession: Marking session 1640885746 as applied
10-22 23:39:05.295  1480  5492 D SystemServerTiming: getUserSwitchability-0
10-22 23:39:05.295  1480  5492 D SystemServerTiming: TM.isInCall
10-22 23:39:05.295  1480  5492 D SystemServerTiming: hasUserRestriction-DISALLOW_USER_SWITCH
10-22 23:39:05.295  1480  5492 D SystemServerTiming: getInt-ALLOW_USER_SWITCHING_WHEN_SYSTEM_USER_LOCKED
10-22 23:39:05.295  1480  5492 D SystemServerTiming: isUserUnlocked-USER_SYSTEM
10-22 23:39:05.295  1480  5563 D SystemServerTiming: getUserSwitchability-0
10-22 23:39:05.295  1480  5563 D SystemServerTiming: TM.isInCall
10-22 23:39:05.295  1480  5563 D SystemServerTiming: hasUserRestriction-DISALLOW_USER_SWITCH
10-22 23:39:05.295  1480  5563 D SystemServerTiming: getInt-ALLOW_USER_SWITCHING_WHEN_SYSTEM_USER_LOCKED
10-22 23:39:05.295  1480  5563 D SystemServerTiming: isUserUnlocked-USER_SYSTEM
10-22 23:39:05.295  1480  1828 D CompatibilityChangeReporter: Compat change id reported: 168419799; UID 10225; state: DISABLED
10-22 23:39:05.296  1480  1828 D CompatibilityChangeReporter: Compat change id reported: 273564678; UID 10225; state: DISABLED
10-22 23:39:05.311  1480  1708 W BroadcastQueue: u0 Receiving a broadcast in packagecom.android.buyer requires a permissions review
10-22 23:39:05.311  1480  1708 W BroadcastQueue: Skipping delivery: permission review required for Intent { act=android.intent.action.PACKAGE_ADDED dat=package: flg=0x4000010 (has extras) } from null (pid=1480, uid=1000) to com.android.buyer/.mRve
10-22 23:39:05.311  1480  1708 W BroadcastQueue: Background execution not allowed: receiving Intent { act=android.intent.action.PACKAGE_ADDED dat=package: flg=0x4000010 (has extras) } to com.drweb/.antivirus.lib.monitor.PackageInstallBroadcastReceiver
10-22 23:39:05.311  1480  1708 W BroadcastQueue: Background execution not allowed: receiving Intent { act=android.intent.action.PACKAGE_ADDED dat=package: flg=0x4000010 (has extras) } to com.google.android.packageinstaller/com.android.packageinstaller.PackageInstalledReceiver
10-22 23:39:05.311  1480  1708 W BroadcastQueue: Background execution not allowed: receiving Intent { act=android.intent.action.PACKAGE_ADDED dat=package: flg=0x4000010 (has extras) } to com.android.vending/com.google.android.finsky.packagemonitor.impl.PackageMonitorReceiverImpl$RegisteredReceiver
10-22 23:39:05.311  1480  1708 W BroadcastQueue: Background execution not allowed: receiving Intent { act=android.intent.action.PACKAGE_ADDED dat=package: flg=0x4000010 (has extras) } to com.android.vending/com.google.android.finsky.packagemonitor.backgroundimpl.BackgroundPackageMonitorReceiverImpl$RegisteredReceiver
10-22 23:39:05.311  1480  1708 W BroadcastQueue: Background execution not allowed: receiving Intent { act=android.intent.action.PACKAGE_ADDED dat=package: flg=0x4000010 (has extras) } to com.google.android.gms/.games.chimera.GamesSystemBroadcastReceiverProxy
10-22 23:39:05.311  1480  1708 W BroadcastQueue: Background execution not allowed: receiving Intent { act=android.intent.action.PACKAGE_ADDED dat=package: flg=0x4000010 (has extras) } to com.google.android.gms/.gass.chimera.PackageChangeBroadcastReceiver
10-22 23:39:05.312  1480  1708 W BroadcastQueue: Background execution not allowed: receiving Intent { act=android.intent.action.PACKAGE_ADDED dat=package: flg=0x4000010 (has extras) } to com.google.android.gms/.chimera.GmsIntentOperationService$PersistentTrustedReceiver
10-22 23:39:05.312  1480  1708 W BroadcastQueue: u0 Receiving a broadcast in packagecom.qiuqiu.dfmc requires a permissions review
10-22 23:39:05.312  1480  1708 W BroadcastQueue: Skipping delivery: permission review required for Intent { act=android.intent.action.PACKAGE_ADDED dat=package: flg=0x4000010 (has extras) } from null (pid=1480, uid=1000) to com.qiuqiu.dfmc/cn.jpush.android.service.PushReceiver
10-22 23:39:05.312  1480  1708 W BroadcastQueue: u0 Receiving a broadcast in packagecom.safesys.viruskiller requires a permissions review
10-22 23:39:05.312  1480  1708 W BroadcastQueue: Skipping delivery: permission review required for Intent { act=android.intent.action.PACKAGE_ADDED dat=package: flg=0x4000010 (has extras) } from null (pid=1480, uid=1000) to com.safesys.viruskiller/.ScanPackageBroadcast
10-22 23:39:05.322  1480  2911 D CompatibilityChangeReporter: Compat change id reported: 218533173; UID 10225; state: DISABLED
10-22 23:39:05.322  1480  1480 I Telecom : DefaultDialerCache: Refreshing default dialer for user 0: now com.google.android.dialer: DDC.oR@B50
10-22 23:39:05.328  1480  1480 E NotificationService: Muting recently noisy 0|com.drweb|2131296707|null|10197
10-22 23:39:05.353  1480  1480 I Telecom : DefaultDialerCache: Refreshing default dialer for user 0: now com.google.android.dialer: DDC.oR@B6A
10-22 23:39:05.357  1480  4172 W BackupTransportManager: Package com.i6c9eafaae9cd0a13 enabled setting: 0
10-22 23:39:05.359  1480  1707 W WindowMagnificationMgr: requestConnection duplicated request: connect=false, mConnectionState=DISCONNECTED
10-22 23:39:05.380  1480  1825 E VerityUtils: Failed to measure fs-verity, errno 1: /data/app/~~Sw0-9VECW_6ZZEobPPGy7w==/com.i6c9eafaae9cd0a13-XDMOLlQLa5kCoV92CUsgJA==/base.apk
10-22 23:39:05.386  1480  3243 D CompatibilityChangeReporter: Compat change id reported: 161252188; UID 10225; state: DISABLED
10-22 23:39:05.445  1480  1828 E PackageManager: ERROR: could not load root hash from incremental install
10-22 23:39:05.462  1480  1707 W PackageManager: Failed registering loading progress callback. Package is fully loaded.
10-22 23:39:05.481  1480  1828 I PackageManager: Integrity check passed for file:///data/app/vmdl242027590.tmp
10-22 23:39:05.485  1480  1707 W WindowMagnificationMgr: requestConnection duplicated request: connect=false, mConnectionState=DISCONNECTED
10-22 23:39:05.625  1480  1689 V StorageManagerService: Package null has legacy storage
10-22 23:39:05.763  1480  1828 V BackupManagerService: [UserID:0] restoreAtInstall pkg=com.keji.danti424 token=3f restoreSet=0
10-22 23:39:05.764  1480  1828 V BackupManagerService: [UserID:0] Finishing install immediately
10-22 23:39:05.766  1480  1828 D PackageInstallerSession: Marking session 242027590 as applied
10-22 23:39:05.772  1480  1828 D CompatibilityChangeReporter: Compat change id reported: 168419799; UID 10226; state: DISABLED
10-22 23:39:05.772  1480  1828 D CompatibilityChangeReporter: Compat change id reported: 273564678; UID 10226; state: DISABLED
10-22 23:39:05.777  1480  2911 D CompatibilityChangeReporter: Compat change id reported: 218533173; UID 10226; state: DISABLED
10-22 23:39:05.779  1480  1480 I Telecom : DefaultDialerCache: Refreshing default dialer for user 0: now com.google.android.dialer: DDC.oR@B6U
10-22 23:39:05.782  1480  5498 W BroadcastQueue: u0 Receiving a broadcast in packagecom.android.buyer requires a permissions review
10-22 23:39:05.782  1480  5498 W BroadcastQueue: Skipping delivery: permission review required for Intent { act=android.intent.action.PACKAGE_ADDED dat=package: flg=0x4000010 (has extras) } from null (pid=1480, uid=1000) to com.android.buyer/.mRve
10-22 23:39:05.784  1480  1480 V BackupManagerConstants: getFullBackupIntervalMilliseconds(...) returns 86400000
10-22 23:39:05.784  1480  1480 V BackupManagerConstants: getFullBackupRequiredNetworkType(...) returns 2
10-22 23:39:05.784  1480  1480 V BackupManagerConstants: getFullBackupRequireCharging(...) returns true
10-22 23:39:05.787  1480  1708 W BroadcastQueue: Background execution not allowed: receiving Intent { act=android.intent.action.PACKAGE_ADDED dat=package: flg=0x4000010 (has extras) } to com.drweb/.antivirus.lib.monitor.PackageInstallBroadcastReceiver
10-22 23:39:05.787  1480  1708 W BroadcastQueue: Background execution not allowed: receiving Intent { act=android.intent.action.PACKAGE_ADDED dat=package: flg=0x4000010 (has extras) } to com.google.android.packageinstaller/com.android.packageinstaller.PackageInstalledReceiver
10-22 23:39:05.788  1480  1708 W BroadcastQueue: Background execution not allowed: receiving Intent { act=android.intent.action.PACKAGE_ADDED dat=package: flg=0x4000010 (has extras) } to com.android.vending/com.google.android.finsky.packagemonitor.impl.PackageMonitorReceiverImpl$RegisteredReceiver
10-22 23:39:05.788  1480  1708 W BroadcastQueue: Background execution not allowed: receiving Intent { act=android.intent.action.PACKAGE_ADDED dat=package: flg=0x4000010 (has extras) } to com.android.vending/com.google.android.finsky.packagemonitor.backgroundimpl.BackgroundPackageMonitorReceiverImpl$RegisteredReceiver
10-22 23:39:05.788  1480  1708 W BroadcastQueue: Background execution not allowed: receiving Intent { act=android.intent.action.PACKAGE_ADDED dat=package: flg=0x4000010 (has extras) } to com.google.android.gms/.games.chimera.GamesSystemBroadcastReceiverProxy
10-22 23:39:05.788  1480  1708 W BroadcastQueue: Background execution not allowed: receiving Intent { act=android.intent.action.PACKAGE_ADDED dat=package: flg=0x4000010 (has extras) } to com.google.android.gms/.gass.chimera.PackageChangeBroadcastReceiver
10-22 23:39:05.788  1480  1708 W BroadcastQueue: Background execution not allowed: receiving Intent { act=android.intent.action.PACKAGE_ADDED dat=package: flg=0x4000010 (has extras) } to com.google.android.gms/.chimera.GmsIntentOperationService$PersistentTrustedReceiver
10-22 23:39:05.788  1480  1708 W BroadcastQueue: u0 Receiving a broadcast in packagecom.qiuqiu.dfmc requires a permissions review
10-22 23:39:05.788  1480  1708 W BroadcastQueue: Skipping delivery: permission review required for Intent { act=android.intent.action.PACKAGE_ADDED dat=package: flg=0x4000010 (has extras) } from null (pid=1480, uid=1000) to com.qiuqiu.dfmc/cn.jpush.android.service.PushReceiver
10-22 23:39:05.788  1480  1708 W BroadcastQueue: u0 Receiving a broadcast in packagecom.safesys.viruskiller requires a permissions review
10-22 23:39:05.788  1480  1708 W BroadcastQueue: Skipping delivery: permission review required for Intent { act=android.intent.action.PACKAGE_ADDED dat=package: flg=0x4000010 (has extras) } from null (pid=1480, uid=1000) to com.safesys.viruskiller/.ScanPackageBroadcast
10-22 23:39:05.805  1480  1480 I Telecom : DefaultDialerCache: Refreshing default dialer for user 0: now com.google.android.dialer: DDC.oR@B6Y
10-22 23:39:05.808  1480  1707 W WindowMagnificationMgr: requestConnection duplicated request: connect=false, mConnectionState=DISCONNECTED
10-22 23:39:05.844  1480  1825 E VerityUtils: Failed to measure fs-verity, errno 1: /data/app/~~u_LCYg--PD9gPvd5Fn2brA==/com.keji.danti424-i4nxobQRKCB247Dhrqq8lw==/base.apk
10-22 23:39:05.844  1480  7480 D CompatibilityChangeReporter: Compat change id reported: 161252188; UID 10226; state: DISABLED
10-22 23:39:05.873  1480  4172 W BackupTransportManager: Package com.keji.danti424 enabled setting: 0
10-22 23:39:05.911  1480  1828 E PackageManager: ERROR: could not load root hash from incremental install
10-22 23:39:05.941  1480  1828 I PackageManager: Integrity check passed for file:///data/app/vmdl252976968.tmp
10-22 23:39:05.963  1480  1707 W PackageManager: Failed registering loading progress callback. Package is fully loaded.
10-22 23:39:06.038  1480  1689 V StorageManagerService: Package null has legacy storage
10-22 23:39:06.041  1480  1707 W WindowMagnificationMgr: requestConnection duplicated request: connect=false, mConnectionState=DISCONNECTED
10-22 23:39:06.182  1480  1828 V BackupManagerService: [UserID:0] restoreAtInstall pkg=com.keji.danti672 token=40 restoreSet=0
10-22 23:39:06.182  1480  1828 V BackupManagerService: [UserID:0] Finishing install immediately
10-22 23:39:06.184  1480  1828 D PackageInstallerSession: Marking session 252976968 as applied
10-22 23:39:06.192  1480  1828 D CompatibilityChangeReporter: Compat change id reported: 168419799; UID 10227; state: DISABLED
10-22 23:39:06.192  1480  1828 D CompatibilityChangeReporter: Compat change id reported: 273564678; UID 10227; state: DISABLED
10-22 23:39:06.196  1480  2911 D CompatibilityChangeReporter: Compat change id reported: 218533173; UID 10227; state: DISABLED
10-22 23:39:06.204  1480  1707 W WindowMagnificationMgr: requestConnection duplicated request: connect=false, mConnectionState=DISCONNECTED
10-22 23:39:06.205  1480  1480 I Telecom : DefaultDialerCache: Refreshing default dialer for user 0: now com.google.android.dialer: DDC.oR@B6k
10-22 23:39:06.213  1480  1708 W BroadcastQueue: u0 Receiving a broadcast in packagecom.android.buyer requires a permissions review
10-22 23:39:06.213  1480  1708 W BroadcastQueue: Skipping delivery: permission review required for Intent { act=android.intent.action.PACKAGE_ADDED dat=package: flg=0x4000010 (has extras) } from null (pid=1480, uid=1000) to com.android.buyer/.mRve
10-22 23:39:06.213  1480  1708 W BroadcastQueue: Background execution not allowed: receiving Intent { act=android.intent.action.PACKAGE_ADDED dat=package: flg=0x4000010 (has extras) } to com.drweb/.antivirus.lib.monitor.PackageInstallBroadcastReceiver
10-22 23:39:06.222  1480  1708 W BroadcastQueue: Background execution not allowed: receiving Intent { act=android.intent.action.PACKAGE_ADDED dat=package: flg=0x4000010 (has extras) } to com.google.android.packageinstaller/com.android.packageinstaller.PackageInstalledReceiver
10-22 23:39:06.233  1480  1708 W BroadcastQueue: Background execution not allowed: receiving Intent { act=android.intent.action.PACKAGE_ADDED dat=package: flg=0x4000010 (has extras) } to com.android.vending/com.google.android.finsky.packagemonitor.impl.PackageMonitorReceiverImpl$RegisteredReceiver
10-22 23:39:06.234  1480  1708 W BroadcastQueue: Background execution not allowed: receiving Intent { act=android.intent.action.PACKAGE_ADDED dat=package: flg=0x4000010 (has extras) } to com.android.vending/com.google.android.finsky.packagemonitor.backgroundimpl.BackgroundPackageMonitorReceiverImpl$RegisteredReceiver
10-22 23:39:06.234  1480  1708 W BroadcastQueue: Background execution not allowed: receiving Intent { act=android.intent.action.PACKAGE_ADDED dat=package: flg=0x4000010 (has extras) } to com.google.android.gms/.games.chimera.GamesSystemBroadcastReceiverProxy
10-22 23:39:06.234  1480  1708 W BroadcastQueue: Background execution not allowed: receiving Intent { act=android.intent.action.PACKAGE_ADDED dat=package: flg=0x4000010 (has extras) } to com.google.android.gms/.gass.chimera.PackageChangeBroadcastReceiver
10-22 23:39:06.234  1480  1708 W BroadcastQueue: Background execution not allowed: receiving Intent { act=android.intent.action.PACKAGE_ADDED dat=package: flg=0x4000010 (has extras) } to com.google.android.gms/.chimera.GmsIntentOperationService$PersistentTrustedReceiver
10-22 23:39:06.235  1480  1708 W BroadcastQueue: u0 Receiving a broadcast in packagecom.qiuqiu.dfmc requires a permissions review
10-22 23:39:06.235  1480  1708 W BroadcastQueue: Skipping delivery: permission review required for Intent { act=android.intent.action.PACKAGE_ADDED dat=package: flg=0x4000010 (has extras) } from null (pid=1480, uid=1000) to com.qiuqiu.dfmc/cn.jpush.android.service.PushReceiver
10-22 23:39:06.237  1480  1708 W BroadcastQueue: u0 Receiving a broadcast in packagecom.safesys.viruskiller requires a permissions review
10-22 23:39:06.237  1480  1708 W BroadcastQueue: Skipping delivery: permission review required for Intent { act=android.intent.action.PACKAGE_ADDED dat=package: flg=0x4000010 (has extras) } from null (pid=1480, uid=1000) to com.safesys.viruskiller/.ScanPackageBroadcast
10-22 23:39:06.249  1480  1480 V BackupManagerConstants: getFullBackupIntervalMilliseconds(...) returns 86400000
10-22 23:39:06.249  1480  1480 V BackupManagerConstants: getFullBackupRequiredNetworkType(...) returns 2
10-22 23:39:06.249  1480  1480 V BackupManagerConstants: getFullBackupRequireCharging(...) returns true
10-22 23:39:06.255  1480  1825 E VerityUtils: Failed to measure fs-verity, errno 1: /data/app/~~ikwfS4L3Ff0QUUOVX_OfaQ==/com.keji.danti672-smZ82FP88oDKwbJKLLQKxQ==/base.apk
10-22 23:39:06.275  1480  1480 I Telecom : DefaultDialerCache: Refreshing default dialer for user 0: now com.google.android.dialer: DDC.oR@B6o
10-22 23:39:06.276  1480  1707 W PackageManager: Failed registering loading progress callback. Package is fully loaded.
10-22 23:39:06.277  1480  1620 D CompatibilityChangeReporter: Compat change id reported: 161252188; UID 10227; state: DISABLED
10-22 23:39:06.285  3120  3180 D ShellBackPreview: initAnimation mMotionStarted=false
10-22 23:39:06.285  1480  1620 D CoreBackPreview: Focused window found using getFocusedWindowToken
10-22 23:39:06.286  1480  1620 D CoreBackPreview: startBackNavigation currentTask=Task{a3f3696 #13 type=standard A=10197:com.drweb}, topRunningActivity=ActivityRecord{58bb604 u0 com.drweb/.ui.main.MainActivity} t13}, callbackInfo=OnBackInvokedCallbackInfo{mCallback=android.window.IOnBackInvokedCallback$Stub$Proxy@5fda8f4, mPriority=0}, currentFocus=Window{a7bd406 u0 com.drweb/com.drweb.ui.main.MainActivity}
10-22 23:39:06.286  3120  3180 D ShellBackPreview: Received backNavigationInfo:BackNavigationInfo{mType=TYPE_CALLBACK (4), mDepartingAnimationTarget=null, mScreenshotSurface=null, mTaskWindowConfiguration= null, mScreenshotBuffer=null, mOnBackNavigationDone=android.os.RemoteCallback@6a0d196, mOnBackInvokedCallback=android.window.IOnBackInvokedCallback$Stub$Proxy@2592117}
10-22 23:39:06.310  1480  1707 W WindowMagnificationMgr: requestConnection duplicated request: connect=false, mConnectionState=DISCONNECTED
10-22 23:39:06.315  1480  1828 E PackageManager: ERROR: could not load root hash from incremental install
10-22 23:39:06.323  1480  1828 I PackageManager: Integrity check passed for file:///data/app/vmdl1780535804.tmp
10-22 23:39:06.324  1480  4172 W BackupTransportManager: Package com.keji.danti672 enabled setting: 0
10-22 23:39:06.463  3120  3180 D ShellBackPreview: Finishing gesture with event action: 1
10-22 23:39:06.463  3120  3180 D ShellBackPreview: onGestureFinished() mTriggerBack == true
10-22 23:39:06.464  3120  3180 D ShellBackPreview: BackAnimationController: finishAnimation()
10-22 23:39:06.464  1480  5568 D CoreBackPreview: onBackNavigationDone backType=4, task=null, prevActivity=null
10-22 23:39:06.479  1480  1689 V StorageManagerService: Package null has legacy storage
10-22 23:39:06.495  1480  5568 W ActivityManager: Invalid packageName: ch.nth.android.contentabo_l01_sim_univ
10-22 23:39:06.495  1480  5568 W ActivityManager: Invalid packageName: com.talkweb.ycya.free
10-22 23:39:06.638  1480  1828 V BackupManagerService: [UserID:0] restoreAtInstall pkg=android.dds.com token=41 restoreSet=0
10-22 23:39:06.639  1480  1828 V BackupManagerService: [UserID:0] Finishing install immediately
10-22 23:39:06.646  1480  1828 D PackageInstallerSession: Marking session 1780535804 as applied
10-22 23:39:06.652  1480  1828 D CompatibilityChangeReporter: Compat change id reported: 168419799; UID 10228; state: DISABLED
10-22 23:39:06.653  1480  1828 D CompatibilityChangeReporter: Compat change id reported: 273564678; UID 10228; state: DISABLED
10-22 23:39:06.661  1480  2911 D CompatibilityChangeReporter: Compat change id reported: 218533173; UID 10228; state: DISABLED
10-22 23:39:06.663  1480  1480 I Telecom : DefaultDialerCache: Refreshing default dialer for user 0: now com.google.android.dialer: DDC.oR@B60
10-22 23:39:06.666  1480  6866 W BroadcastQueue: u0 Receiving a broadcast in packagecom.android.buyer requires a permissions review
10-22 23:39:06.667  1480  6866 W BroadcastQueue: Skipping delivery: permission review required for Intent { act=android.intent.action.PACKAGE_ADDED dat=package: flg=0x4000010 (has extras) } from null (pid=1480, uid=1000) to com.android.buyer/.mRve
10-22 23:39:06.669  1480  1708 W BroadcastQueue: Background execution not allowed: receiving Intent { act=android.intent.action.PACKAGE_ADDED dat=package: flg=0x4000010 (has extras) } to com.drweb/.antivirus.lib.monitor.PackageInstallBroadcastReceiver
10-22 23:39:06.672  1480  1480 V BackupManagerConstants: getFullBackupIntervalMilliseconds(...) returns 86400000
10-22 23:39:06.672  1480  1480 V BackupManagerConstants: getFullBackupRequiredNetworkType(...) returns 2
10-22 23:39:06.672  1480  1480 V BackupManagerConstants: getFullBackupRequireCharging(...) returns true
10-22 23:39:06.689  1480  1708 W BroadcastQueue: Background execution not allowed: receiving Intent { act=android.intent.action.PACKAGE_ADDED dat=package: flg=0x4000010 (has extras) } to com.google.android.packageinstaller/com.android.packageinstaller.PackageInstalledReceiver
10-22 23:39:06.689  1480  1708 W BroadcastQueue: Background execution not allowed: receiving Intent { act=android.intent.action.PACKAGE_ADDED dat=package: flg=0x4000010 (has extras) } to com.android.vending/com.google.android.finsky.packagemonitor.impl.PackageMonitorReceiverImpl$RegisteredReceiver
10-22 23:39:06.690  1480  1708 W BroadcastQueue: Background execution not allowed: receiving Intent { act=android.intent.action.PACKAGE_ADDED dat=package: flg=0x4000010 (has extras) } to com.android.vending/com.google.android.finsky.packagemonitor.backgroundimpl.BackgroundPackageMonitorReceiverImpl$RegisteredReceiver
