10-25 02:01:28.498  1411  3790 D CompatibilityChangeReporter: Compat change id reported: 161252188; UID 10231; state: DISABLED
10-25 02:01:28.559  1411  1411 I Telecom : DefaultDialerCache: Refreshing default dialer for user 0: now com.google.android.dialer: DDC.oR@AvA
10-25 02:01:28.559  1411  4178 W BackupTransportManager: Package com.keji.danti1052 enabled setting: 0
10-25 02:01:28.588  1411  1659 W PackageManager: Failed registering loading progress callback. Package is fully loaded.
10-25 02:01:28.593  1411  1659 W WindowMagnificationMgr: requestConnection duplicated request: connect=false, mConnectionState=DISCONNECTED
10-25 02:01:28.840  1411  5588 I ActivityManager: Background started FGS: Allowed [callingPackage: com.google.android.apps.wellbeing; callingUid: 10121; uidState: BFGS; intent: Intent { cmp=com.google.android.apps.wellbeing/com.google.apps.tiktok.concurrent.InternalForegroundService (has extras) }; code:BACKGROUND_ACTIVITY_PERMISSION; tempAllowListReason:<null>; targetSdkVersion:33; callerTargetSdkVersion:33; startForegroundCount:0; bindFromPackage:null]
10-25 02:01:29.049  1411  1411 I NotificationService: Cannot find enqueued record for key: 0|com.google.android.apps.wellbeing|174344743|null|10121
10-25 02:01:29.104  1411  5305 W AppOps  : setUidMode() called with a mode inconsistent with runtime permission state, this is discouraged and you should revoke the runtime permission instead: uid=10124, switchCode=0, mode=4, permission=android.permission.ACCESS_BACKGROUND_LOCATION
10-25 02:01:29.109  1411  5588 E NotificationService: Package has already queued 5 toasts. Not showing more. Package=com.atvcleaner
10-25 02:01:29.153  1411  5591 W AppOps  : setUidMode() called with a mode inconsistent with runtime permission state, this is discouraged and you should revoke the runtime permission instead: uid=10124, switchCode=1, mode=4, permission=android.permission.ACCESS_BACKGROUND_LOCATION
10-25 02:01:29.156  1411  5591 W AppOps  : setUidMode() called with a mode inconsistent with runtime permission state, this is discouraged and you should revoke the runtime permission instead: uid=10124, switchCode=0, mode=4, permission=android.permission.ACCESS_BACKGROUND_LOCATION
10-25 02:01:29.449  1411  1824 E PackageManager: ERROR: could not load root hash from incremental install
10-25 02:01:29.458  1411  2036 W PackageParsing: Ignoring duplicate uses-permissions/uses-permissions-sdk-m: android.permission.INTERNET in package: com.uc108.mobile.sdgj.bd1 at: Binary XML file line #25
10-25 02:01:29.459  1411  2036 W PackageParsing: Ignoring duplicate uses-permissions/uses-permissions-sdk-m: android.permission.READ_PHONE_STATE in package: com.uc108.mobile.sdgj.bd1 at: Binary XML file line #26
10-25 02:01:29.459  1411  2036 W PackageParsing: Ignoring duplicate uses-permissions/uses-permissions-sdk-m: android.permission.ACCESS_WIFI_STATE in package: com.uc108.mobile.sdgj.bd1 at: Binary XML file line #27
10-25 02:01:29.459  1411  2036 W PackageParsing: Ignoring duplicate uses-permissions/uses-permissions-sdk-m: android.permission.ACCESS_NETWORK_STATE in package: com.uc108.mobile.sdgj.bd1 at: Binary XML file line #28
10-25 02:01:29.459  1411  2036 W PackageParsing: Ignoring duplicate uses-permissions/uses-permissions-sdk-m: android.permission.BROADCAST_STICKY in package: com.uc108.mobile.sdgj.bd1 at: Binary XML file line #31
10-25 02:01:29.459  1411  2036 W PackageParsing: Ignoring duplicate uses-permissions/uses-permissions-sdk-m: android.permission.WRITE_SETTINGS in package: com.uc108.mobile.sdgj.bd1 at: Binary XML file line #32
10-25 02:01:29.459  1411  2036 W PackageParsing: Ignoring duplicate uses-permissions/uses-permissions-sdk-m: android.permission.WRITE_EXTERNAL_STORAGE in package: com.uc108.mobile.sdgj.bd1 at: Binary XML file line #34
10-25 02:01:29.459  1411  2036 W PackageParsing: Ignoring duplicate uses-permissions/uses-permissions-sdk-m: android.permission.WAKE_LOCK in package: com.uc108.mobile.sdgj.bd1 at: Binary XML file line #35
10-25 02:01:29.459  1411  2036 W PackageParsing: Ignoring duplicate uses-permissions/uses-permissions-sdk-m: android.permission.VIBRATE in package: com.uc108.mobile.sdgj.bd1 at: Binary XML file line #39
10-25 02:01:29.459  1411  2036 W PackageParsing: Ignoring duplicate uses-permissions/uses-permissions-sdk-m: android.permission.ACCESS_NETWORK_STATE in package: com.uc108.mobile.sdgj.bd1 at: Binary XML file line #46
10-25 02:01:29.459  1411  2036 W PackageParsing: Ignoring duplicate uses-permissions/uses-permissions-sdk-m: android.permission.ACCESS_WIFI_STATE in package: com.uc108.mobile.sdgj.bd1 at: Binary XML file line #47
10-25 02:01:29.459  1411  2036 W PackageParsing: Ignoring duplicate uses-permissions/uses-permissions-sdk-m: android.permission.READ_PHONE_STATE in package: com.uc108.mobile.sdgj.bd1 at: Binary XML file line #48
10-25 02:01:29.459  1411  2036 W PackageParsing: Ignoring duplicate uses-permissions/uses-permissions-sdk-m: android.permission.WRITE_SETTINGS in package: com.uc108.mobile.sdgj.bd1 at: Binary XML file line #49
10-25 02:01:29.459  1411  2036 W PackageParsing: Ignoring duplicate uses-permissions/uses-permissions-sdk-m: android.permission.WRITE_EXTERNAL_STORAGE in package: com.uc108.mobile.sdgj.bd1 at: Binary XML file line #50
10-25 02:01:29.459  1411  2036 W PackageParsing: Ignoring duplicate uses-permissions/uses-permissions-sdk-m: android.permission.INTERNET in package: com.uc108.mobile.sdgj.bd1 at: Binary XML file line #51
10-25 02:01:29.459  1411  2036 W PackageParsing: Ignoring duplicate uses-permissions/uses-permissions-sdk-m: android.permission.GET_TASKS in package: com.uc108.mobile.sdgj.bd1 at: Binary XML file line #52
10-25 02:01:29.459  1411  2036 W PackageParsing: Ignoring duplicate uses-permissions/uses-permissions-sdk-m: android.permission.ACCESS_COARSE_LOCATION in package: com.uc108.mobile.sdgj.bd1 at: Binary XML file line #56
10-25 02:01:29.459  1411  2036 W PackageParsing: Ignoring duplicate uses-permissions/uses-permissions-sdk-m: android.permission.RECEIVE_BOOT_COMPLETED in package: com.uc108.mobile.sdgj.bd1 at: Binary XML file line #63
10-25 02:01:29.459  1411  2036 W PackageParsing: Ignoring duplicate uses-permissions/uses-permissions-sdk-m: android.permission.VIBRATE in package: com.uc108.mobile.sdgj.bd1 at: Binary XML file line #64
10-25 02:01:29.460  1411  2036 W PackageParsing: Ignoring duplicate uses-permissions/uses-permissions-sdk-m: android.permission.BROADCAST_STICKY in package: com.uc108.mobile.sdgj.bd1 at: Binary XML file line #70
10-25 02:01:29.460  1411  2036 W PackageParsing: Ignoring duplicate uses-permissions/uses-permissions-sdk-m: android.permission.WAKE_LOCK in package: com.uc108.mobile.sdgj.bd1 at: Binary XML file line #76
10-25 02:01:29.460  1411  2036 W PackageParsing: Ignoring duplicate uses-permissions/uses-permissions-sdk-m: android.permission.ACCESS_COARSE_LOCATION in package: com.uc108.mobile.sdgj.bd1 at: Binary XML file line #77
10-25 02:01:29.461  1411  2036 D CompatibilityChangeReporter: Compat change id reported: 151163173; UID -1; state: DISABLED
10-25 02:01:29.463  1411  2036 W PackageParsing: No actions in intent-filter at /data/app/vmdl2005633421.tmp/base.apk Binary XML file line #482
10-25 02:01:29.463  1411  2036 W PackageParsing: No actions in intent-filter at /data/app/vmdl2005633421.tmp/base.apk Binary XML file line #489
10-25 02:01:29.463  1411  2036 W PackageParsing: No actions in intent-filter at /data/app/vmdl2005633421.tmp/base.apk Binary XML file line #496
10-25 02:01:29.464  1411  2036 W PackageParsing: No actions in intent-filter at /data/app/vmdl2005633421.tmp/base.apk Binary XML file line #503
10-25 02:01:29.464  1411  2036 W PackageParsing: No actions in intent-filter at /data/app/vmdl2005633421.tmp/base.apk Binary XML file line #510
10-25 02:01:29.464  1411  2036 W PackageParsing: No actions in intent-filter at /data/app/vmdl2005633421.tmp/base.apk Binary XML file line #527
10-25 02:01:29.464  1411  2036 W PackageParsing: No actions in intent-filter at /data/app/vmdl2005633421.tmp/base.apk Binary XML file line #534
10-25 02:01:29.464  1411  2036 W PackageParsing: No actions in intent-filter at /data/app/vmdl2005633421.tmp/base.apk Binary XML file line #541
10-25 02:01:29.464  1411  2036 W PackageParsing: No actions in intent-filter at /data/app/vmdl2005633421.tmp/base.apk Binary XML file line #549
10-25 02:01:29.464  1411  2036 W PackageParsing: No actions in intent-filter at /data/app/vmdl2005633421.tmp/base.apk Binary XML file line #557
10-25 02:01:29.464  1411  2036 W PackageParsing: No actions in intent-filter at /data/app/vmdl2005633421.tmp/base.apk Binary XML file line #565
10-25 02:01:29.465  1411  2036 W PackageParsing: No actions in intent-filter at /data/app/vmdl2005633421.tmp/base.apk Binary XML file line #573
10-25 02:01:29.465  1411  2036 W PackageParsing: No actions in intent-filter at /data/app/vmdl2005633421.tmp/base.apk Binary XML file line #581
10-25 02:01:29.465  1411  2036 W PackageParsing: No actions in intent-filter at /data/app/vmdl2005633421.tmp/base.apk Binary XML file line #588
10-25 02:01:29.465  1411  2036 W PackageParsing: No actions in intent-filter at /data/app/vmdl2005633421.tmp/base.apk Binary XML file line #595
10-25 02:01:29.465  1411  2036 W PackageParsing: No actions in intent-filter at /data/app/vmdl2005633421.tmp/base.apk Binary XML file line #602
10-25 02:01:29.465  1411  2036 W PackageParsing: No actions in intent-filter at /data/app/vmdl2005633421.tmp/base.apk Binary XML file line #609
10-25 02:01:29.465  1411  2036 W PackageParsing: No actions in intent-filter at /data/app/vmdl2005633421.tmp/base.apk Binary XML file line #615
10-25 02:01:29.500  1411  1824 I PackageManager: Integrity check passed for file:///data/app/vmdl2005633421.tmp
10-25 02:01:29.510  1411  1824 W PackageParsing: Ignoring duplicate uses-permissions/uses-permissions-sdk-m: android.permission.INTERNET in package: com.uc108.mobile.sdgj.bd1 at: Binary XML file line #25
10-25 02:01:29.510  1411  1824 W PackageParsing: Ignoring duplicate uses-permissions/uses-permissions-sdk-m: android.permission.READ_PHONE_STATE in package: com.uc108.mobile.sdgj.bd1 at: Binary XML file line #26
10-25 02:01:29.510  1411  1824 W PackageParsing: Ignoring duplicate uses-permissions/uses-permissions-sdk-m: android.permission.ACCESS_WIFI_STATE in package: com.uc108.mobile.sdgj.bd1 at: Binary XML file line #27
10-25 02:01:29.510  1411  1824 W PackageParsing: Ignoring duplicate uses-permissions/uses-permissions-sdk-m: android.permission.ACCESS_NETWORK_STATE in package: com.uc108.mobile.sdgj.bd1 at: Binary XML file line #28
10-25 02:01:29.510  1411  1824 W PackageParsing: Ignoring duplicate uses-permissions/uses-permissions-sdk-m: android.permission.BROADCAST_STICKY in package: com.uc108.mobile.sdgj.bd1 at: Binary XML file line #31
10-25 02:01:29.510  1411  1824 W PackageParsing: Ignoring duplicate uses-permissions/uses-permissions-sdk-m: android.permission.WRITE_SETTINGS in package: com.uc108.mobile.sdgj.bd1 at: Binary XML file line #32
10-25 02:01:29.510  1411  1824 W PackageParsing: Ignoring duplicate uses-permissions/uses-permissions-sdk-m: android.permission.WRITE_EXTERNAL_STORAGE in package: com.uc108.mobile.sdgj.bd1 at: Binary XML file line #34
10-25 02:01:29.510  1411  1824 W PackageParsing: Ignoring duplicate uses-permissions/uses-permissions-sdk-m: android.permission.WAKE_LOCK in package: com.uc108.mobile.sdgj.bd1 at: Binary XML file line #35
10-25 02:01:29.510  1411  1824 W PackageParsing: Ignoring duplicate uses-permissions/uses-permissions-sdk-m: android.permission.VIBRATE in package: com.uc108.mobile.sdgj.bd1 at: Binary XML file line #39
10-25 02:01:29.510  1411  1824 W PackageParsing: Ignoring duplicate uses-permissions/uses-permissions-sdk-m: android.permission.ACCESS_NETWORK_STATE in package: com.uc108.mobile.sdgj.bd1 at: Binary XML file line #46
10-25 02:01:29.510  1411  1824 W PackageParsing: Ignoring duplicate uses-permissions/uses-permissions-sdk-m: android.permission.ACCESS_WIFI_STATE in package: com.uc108.mobile.sdgj.bd1 at: Binary XML file line #47
10-25 02:01:29.510  1411  1824 W PackageParsing: Ignoring duplicate uses-permissions/uses-permissions-sdk-m: android.permission.READ_PHONE_STATE in package: com.uc108.mobile.sdgj.bd1 at: Binary XML file line #48
10-25 02:01:29.510  1411  1824 W PackageParsing: Ignoring duplicate uses-permissions/uses-permissions-sdk-m: android.permission.WRITE_SETTINGS in package: com.uc108.mobile.sdgj.bd1 at: Binary XML file line #49
10-25 02:01:29.510  1411  1824 W PackageParsing: Ignoring duplicate uses-permissions/uses-permissions-sdk-m: android.permission.WRITE_EXTERNAL_STORAGE in package: com.uc108.mobile.sdgj.bd1 at: Binary XML file line #50
10-25 02:01:29.510  1411  1824 W PackageParsing: Ignoring duplicate uses-permissions/uses-permissions-sdk-m: android.permission.INTERNET in package: com.uc108.mobile.sdgj.bd1 at: Binary XML file line #51
10-25 02:01:29.510  1411  1824 W PackageParsing: Ignoring duplicate uses-permissions/uses-permissions-sdk-m: android.permission.GET_TASKS in package: com.uc108.mobile.sdgj.bd1 at: Binary XML file line #52
10-25 02:01:29.511  1411  1824 W PackageParsing: Ignoring duplicate uses-permissions/uses-permissions-sdk-m: android.permission.ACCESS_COARSE_LOCATION in package: com.uc108.mobile.sdgj.bd1 at: Binary XML file line #56
10-25 02:01:29.511  1411  1824 W PackageParsing: Ignoring duplicate uses-permissions/uses-permissions-sdk-m: android.permission.RECEIVE_BOOT_COMPLETED in package: com.uc108.mobile.sdgj.bd1 at: Binary XML file line #63
10-25 02:01:29.511  1411  1824 W PackageParsing: Ignoring duplicate uses-permissions/uses-permissions-sdk-m: android.permission.VIBRATE in package: com.uc108.mobile.sdgj.bd1 at: Binary XML file line #64
10-25 02:01:29.511  1411  1824 W PackageParsing: Ignoring duplicate uses-permissions/uses-permissions-sdk-m: android.permission.BROADCAST_STICKY in package: com.uc108.mobile.sdgj.bd1 at: Binary XML file line #70
10-25 02:01:29.511  1411  1824 W PackageParsing: Ignoring duplicate uses-permissions/uses-permissions-sdk-m: android.permission.WAKE_LOCK in package: com.uc108.mobile.sdgj.bd1 at: Binary XML file line #76
10-25 02:01:29.511  1411  1824 W PackageParsing: Ignoring duplicate uses-permissions/uses-permissions-sdk-m: android.permission.ACCESS_COARSE_LOCATION in package: com.uc108.mobile.sdgj.bd1 at: Binary XML file line #77
10-25 02:01:29.514  1411  1824 W PackageParsing: No actions in intent-filter at /data/app/vmdl2005633421.tmp/base.apk Binary XML file line #482
10-25 02:01:29.514  1411  1824 W PackageParsing: No actions in intent-filter at /data/app/vmdl2005633421.tmp/base.apk Binary XML file line #489
10-25 02:01:29.514  1411  1824 W PackageParsing: No actions in intent-filter at /data/app/vmdl2005633421.tmp/base.apk Binary XML file line #496
10-25 02:01:29.515  1411  1824 W PackageParsing: No actions in intent-filter at /data/app/vmdl2005633421.tmp/base.apk Binary XML file line #503
10-25 02:01:29.515  1411  1824 W PackageParsing: No actions in intent-filter at /data/app/vmdl2005633421.tmp/base.apk Binary XML file line #510
10-25 02:01:29.515  1411  1824 W PackageParsing: No actions in intent-filter at /data/app/vmdl2005633421.tmp/base.apk Binary XML file line #527
10-25 02:01:29.515  1411  1824 W PackageParsing: No actions in intent-filter at /data/app/vmdl2005633421.tmp/base.apk Binary XML file line #534
10-25 02:01:29.515  1411  1824 W PackageParsing: No actions in intent-filter at /data/app/vmdl2005633421.tmp/base.apk Binary XML file line #541
10-25 02:01:29.515  1411  1824 W PackageParsing: No actions in intent-filter at /data/app/vmdl2005633421.tmp/base.apk Binary XML file line #549
10-25 02:01:29.515  1411  1824 W PackageParsing: No actions in intent-filter at /data/app/vmdl2005633421.tmp/base.apk Binary XML file line #557
10-25 02:01:29.515  1411  1824 W PackageParsing: No actions in intent-filter at /data/app/vmdl2005633421.tmp/base.apk Binary XML file line #565
10-25 02:01:29.516  1411  1824 W PackageParsing: No actions in intent-filter at /data/app/vmdl2005633421.tmp/base.apk Binary XML file line #573
10-25 02:01:29.516  1411  1824 W PackageParsing: No actions in intent-filter at /data/app/vmdl2005633421.tmp/base.apk Binary XML file line #581
10-25 02:01:29.516  1411  1824 W PackageParsing: No actions in intent-filter at /data/app/vmdl2005633421.tmp/base.apk Binary XML file line #588
10-25 02:01:29.516  1411  1824 W PackageParsing: No actions in intent-filter at /data/app/vmdl2005633421.tmp/base.apk Binary XML file line #595
10-25 02:01:29.516  1411  1824 W PackageParsing: No actions in intent-filter at /data/app/vmdl2005633421.tmp/base.apk Binary XML file line #602
10-25 02:01:29.516  1411  1824 W PackageParsing: No actions in intent-filter at /data/app/vmdl2005633421.tmp/base.apk Binary XML file line #609
10-25 02:01:29.516  1411  1824 W PackageParsing: No actions in intent-filter at /data/app/vmdl2005633421.tmp/base.apk Binary XML file line #615
10-25 02:01:29.620  1411  5305 E NotificationService: Package has already queued 5 toasts. Not showing more. Package=com.atvcleaner
10-25 02:01:29.622  1411  1644 V StorageManagerService: Package null has legacy storage
10-25 02:01:29.976  1411  1824 V BackupManagerService: [UserID:0] restoreAtInstall pkg=com.uc108.mobile.sdgj.bd1 token=2a restoreSet=0
10-25 02:01:29.976  1411  1824 V BackupManagerService: [UserID:0] Finishing install immediately
10-25 02:01:29.978  1411  1824 D PackageInstallerSession: Marking session 2005633421 as applied
10-25 02:01:29.981  1411  1824 D CompatibilityChangeReporter: Compat change id reported: 168419799; UID 10232; state: DISABLED
10-25 02:01:29.981  1411  1824 D CompatibilityChangeReporter: Compat change id reported: 273564678; UID 10232; state: DISABLED
10-25 02:01:29.989  1411  1659 W WindowMagnificationMgr: requestConnection duplicated request: connect=false, mConnectionState=DISCONNECTED
10-25 02:01:29.992  1411  2915 D CompatibilityChangeReporter: Compat change id reported: 218533173; UID 10232; state: DISABLED
10-25 02:01:30.003  1411  5582 W BroadcastQueue: u0 Receiving a broadcast in packagecom.android.buyer requires a permissions review
10-25 02:01:30.003  1411  5582 W BroadcastQueue: Skipping delivery: permission review required for Intent { act=android.intent.action.PACKAGE_ADDED dat=package: flg=0x4000010 (has extras) } from null (pid=1411, uid=1000) to com.android.buyer/.mRve
10-25 02:01:30.005  1411  1661 W BroadcastQueue: Background execution not allowed: receiving Intent { act=android.intent.action.PACKAGE_ADDED dat=package: flg=0x4000010 (has extras) } to com.atvcleaner/.receivers.PkgReceiver
10-25 02:01:30.005  1411  1661 W BroadcastQueue: Background execution not allowed: receiving Intent { act=android.intent.action.PACKAGE_ADDED dat=package: flg=0x4000010 (has extras) } to com.google.android.packageinstaller/com.android.packageinstaller.PackageInstalledReceiver
10-25 02:01:30.005  1411  1661 W BroadcastQueue: Background execution not allowed: receiving Intent { act=android.intent.action.PACKAGE_ADDED dat=package: flg=0x4000010 (has extras) } to com.android.vending/com.google.android.finsky.packagemonitor.impl.PackageMonitorReceiverImpl$RegisteredReceiver
10-25 02:01:30.005  1411  1661 W BroadcastQueue: Background execution not allowed: receiving Intent { act=android.intent.action.PACKAGE_ADDED dat=package: flg=0x4000010 (has extras) } to com.android.vending/com.google.android.finsky.packagemonitor.backgroundimpl.BackgroundPackageMonitorReceiverImpl$RegisteredReceiver
10-25 02:01:30.005  1411  1661 W BroadcastQueue: Background execution not allowed: receiving Intent { act=android.intent.action.PACKAGE_ADDED dat=package: flg=0x4000010 (has extras) } to com.google.android.gms/.games.chimera.GamesSystemBroadcastReceiverProxy
10-25 02:01:30.005  1411  1661 W BroadcastQueue: Background execution not allowed: receiving Intent { act=android.intent.action.PACKAGE_ADDED dat=package: flg=0x4000010 (has extras) } to com.google.android.gms/.gass.chimera.PackageChangeBroadcastReceiver
10-25 02:01:30.005  1411  1661 W BroadcastQueue: Background execution not allowed: receiving Intent { act=android.intent.action.PACKAGE_ADDED dat=package: flg=0x4000010 (has extras) } to com.google.android.gms/.chimera.GmsIntentOperationService$PersistentTrustedReceiver
10-25 02:01:30.005  1411  1661 W BroadcastQueue: Background execution not allowed: receiving Intent { act=android.intent.action.PACKAGE_ADDED dat=package: flg=0x4000010 (has extras) } to com.google.android.googlequicksearchbox/com.google.android.apps.gsa.googlequicksearchbox.GelStubAppWatcher
10-25 02:01:30.005  1411  1661 W BroadcastQueue: u0 Receiving a broadcast in packagecom.games.mengmeizhitd requires a permissions review
10-25 02:01:30.005  1411  1661 W BroadcastQueue: Skipping delivery: permission review required for Intent { act=android.intent.action.PACKAGE_ADDED dat=package: flg=0x4000010 (has extras) } from null (pid=1411, uid=1000) to com.games.mengmeizhitd/hjnw.ihjnw.i.isqly
10-25 02:01:30.005  1411  1661 W BroadcastQueue: u0 Receiving a broadcast in packagecom.qiuqiu.dfmc requires a permissions review
10-25 02:01:30.005  1411  1661 W BroadcastQueue: Skipping delivery: permission review required for Intent { act=android.intent.action.PACKAGE_ADDED dat=package: flg=0x4000010 (has extras) } from null (pid=1411, uid=1000) to com.qiuqiu.dfmc/cn.jpush.android.service.PushReceiver
10-25 02:01:30.005  1411  1661 W BroadcastQueue: u0 Receiving a broadcast in packagecom.safesys.viruskiller requires a permissions review
10-25 02:01:30.005  1411  1661 W BroadcastQueue: Skipping delivery: permission review required for Intent { act=android.intent.action.PACKAGE_ADDED dat=package: flg=0x4000010 (has extras) } from null (pid=1411, uid=1000) to com.safesys.viruskiller/.ScanPackageBroadcast
10-25 02:01:30.006  1411  1661 W BroadcastQueue: u0 Receiving a broadcast in packageio.dcloud.H5BC6BF13 requires a permissions review
10-25 02:01:30.006  1411  1661 W BroadcastQueue: Skipping delivery: permission review required for Intent { act=android.intent.action.PACKAGE_ADDED dat=package: flg=0x4000010 (has extras) } from null (pid=1411, uid=1000) to io.dcloud.H5BC6BF13/io.dcloud.common.adapter.io.DownloadReceiver
10-25 02:01:30.014  1411  1411 I Telecom : DefaultDialerCache: Refreshing default dialer for user 0: now com.google.android.dialer: DDC.oR@AvM
10-25 02:01:30.016  1411  1659 W PackageManager: Failed registering loading progress callback. Package is fully loaded.
10-25 02:01:30.026  1411  1411 V BackupManagerConstants: getFullBackupIntervalMilliseconds(...) returns 86400000
10-25 02:01:30.026  1411  1411 V BackupManagerConstants: getFullBackupRequiredNetworkType(...) returns 2
10-25 02:01:30.026  1411  1411 V BackupManagerConstants: getFullBackupRequireCharging(...) returns true
10-25 02:01:30.055  1411  1820 E VerityUtils: Failed to measure fs-verity, errno 1: /data/app/~~iRlU7RBwM-DcXmbFGS9ZGw==/com.uc108.mobile.sdgj.bd1-CI9pbbxPYaPkHhePcjlOiw==/base.apk
10-25 02:01:30.059  1411  5305 D CompatibilityChangeReporter: Compat change id reported: 161252188; UID 10232; state: DISABLED
10-25 02:01:30.082  1411  1411 I Telecom : DefaultDialerCache: Refreshing default dialer for user 0: now com.google.android.dialer: DDC.oR@AvQ
10-25 02:01:30.086  1411  1659 W WindowMagnificationMgr: requestConnection duplicated request: connect=false, mConnectionState=DISCONNECTED
10-25 02:01:30.098  1411  4178 W BackupTransportManager: Package com.uc108.mobile.sdgj.bd1 enabled setting: 0
10-25 02:01:30.219  1411  3790 W AppOps  : setUidMode() called with a mode inconsistent with runtime permission state, this is discouraged and you should revoke the runtime permission instead: uid=10124, switchCode=0, mode=4, permission=android.permission.ACCESS_BACKGROUND_LOCATION
10-25 02:01:30.259  1411  1411 W WindowManager: removeWindowToken: Attempted to remove non-existing token: android.os.Binder@c0bbbb7
10-25 02:01:30.288  1411  2988 W AppOps  : setUidMode() called with a mode inconsistent with runtime permission state, this is discouraged and you should revoke the runtime permission instead: uid=10124, switchCode=1, mode=4, permission=android.permission.ACCESS_BACKGROUND_LOCATION
10-25 02:01:30.290  1411  3790 W AppOps  : setUidMode() called with a mode inconsistent with runtime permission state, this is discouraged and you should revoke the runtime permission instead: uid=10124, switchCode=0, mode=4, permission=android.permission.ACCESS_BACKGROUND_LOCATION
10-25 02:01:30.323  1411  1824 E PackageManager: ERROR: could not load root hash from incremental install
10-25 02:01:30.352  1411  1824 I PackageManager: Integrity check passed for file:///data/app/vmdl1277472599.tmp
10-25 02:01:30.484  1411  1644 V StorageManagerService: Package null has legacy storage
10-25 02:01:30.598  1411  1824 V BackupManagerService: [UserID:0] restoreAtInstall pkg=com.ying.hzblhj token=2b restoreSet=0
10-25 02:01:30.599  1411  1824 V BackupManagerService: [UserID:0] Finishing install immediately
10-25 02:01:30.600  1411  1824 D PackageInstallerSession: Marking session 1277472599 as applied
10-25 02:01:30.604  1411  1661 D OomAdjuster: Not killing cached processes
10-25 02:01:30.605  1411  1824 D CompatibilityChangeReporter: Compat change id reported: 168419799; UID 10233; state: DISABLED
10-25 02:01:30.606  1411  1824 D CompatibilityChangeReporter: Compat change id reported: 273564678; UID 10233; state: DISABLED
10-25 02:01:30.608  1411  2915 D CompatibilityChangeReporter: Compat change id reported: 218533173; UID 10233; state: DISABLED
10-25 02:01:30.609  1411  1482 W BroadcastQueue: u0 Receiving a broadcast in packagecom.android.buyer requires a permissions review
10-25 02:01:30.609  1411  1482 W BroadcastQueue: Skipping delivery: permission review required for Intent { act=android.intent.action.PACKAGE_ADDED dat=package: flg=0x4000010 (has extras) } from null (pid=1411, uid=1000) to com.android.buyer/.mRve
10-25 02:01:30.617  1411  1661 W BroadcastQueue: Background execution not allowed: receiving Intent { act=android.intent.action.PACKAGE_ADDED dat=package: flg=0x4000010 (has extras) } to com.atvcleaner/.receivers.PkgReceiver
10-25 02:01:30.617  1411  1661 W BroadcastQueue: Background execution not allowed: receiving Intent { act=android.intent.action.PACKAGE_ADDED dat=package: flg=0x4000010 (has extras) } to com.google.android.packageinstaller/com.android.packageinstaller.PackageInstalledReceiver
10-25 02:01:30.617  1411  1661 W BroadcastQueue: Background execution not allowed: receiving Intent { act=android.intent.action.PACKAGE_ADDED dat=package: flg=0x4000010 (has extras) } to com.android.vending/com.google.android.finsky.packagemonitor.impl.PackageMonitorReceiverImpl$RegisteredReceiver
10-25 02:01:30.617  1411  1661 W BroadcastQueue: Background execution not allowed: receiving Intent { act=android.intent.action.PACKAGE_ADDED dat=package: flg=0x4000010 (has extras) } to com.android.vending/com.google.android.finsky.packagemonitor.backgroundimpl.BackgroundPackageMonitorReceiverImpl$RegisteredReceiver
10-25 02:01:30.617  1411  1661 W BroadcastQueue: Background execution not allowed: receiving Intent { act=android.intent.action.PACKAGE_ADDED dat=package: flg=0x4000010 (has extras) } to com.google.android.gms/.games.chimera.GamesSystemBroadcastReceiverProxy
10-25 02:01:30.617  1411  1661 W BroadcastQueue: Background execution not allowed: receiving Intent { act=android.intent.action.PACKAGE_ADDED dat=package: flg=0x4000010 (has extras) } to com.google.android.gms/.gass.chimera.PackageChangeBroadcastReceiver
10-25 02:01:30.617  1411  1661 W BroadcastQueue: Background execution not allowed: receiving Intent { act=android.intent.action.PACKAGE_ADDED dat=package: flg=0x4000010 (has extras) } to com.google.android.gms/.chimera.GmsIntentOperationService$PersistentTrustedReceiver
10-25 02:01:30.617  1411  1661 W BroadcastQueue: Background execution not allowed: receiving Intent { act=android.intent.action.PACKAGE_ADDED dat=package: flg=0x4000010 (has extras) } to com.google.android.googlequicksearchbox/com.google.android.apps.gsa.googlequicksearchbox.GelStubAppWatcher
10-25 02:01:30.617  1411  1661 W BroadcastQueue: u0 Receiving a broadcast in packagecom.games.mengmeizhitd requires a permissions review
10-25 02:01:30.617  1411  1661 W BroadcastQueue: Skipping delivery: permission review required for Intent { act=android.intent.action.PACKAGE_ADDED dat=package: flg=0x4000010 (has extras) } from null (pid=1411, uid=1000) to com.games.mengmeizhitd/hjnw.ihjnw.i.isqly
10-25 02:01:30.617  1411  1661 W BroadcastQueue: u0 Receiving a broadcast in packagecom.qiuqiu.dfmc requires a permissions review
10-25 02:01:30.617  1411  1661 W BroadcastQueue: Skipping delivery: permission review required for Intent { act=android.intent.action.PACKAGE_ADDED dat=package: flg=0x4000010 (has extras) } from null (pid=1411, uid=1000) to com.qiuqiu.dfmc/cn.jpush.android.service.PushReceiver
10-25 02:01:30.617  1411  1661 W BroadcastQueue: u0 Receiving a broadcast in packagecom.safesys.viruskiller requires a permissions review
10-25 02:01:30.617  1411  1661 W BroadcastQueue: Skipping delivery: permission review required for Intent { act=android.intent.action.PACKAGE_ADDED dat=package: flg=0x4000010 (has extras) } from null (pid=1411, uid=1000) to com.safesys.viruskiller/.ScanPackageBroadcast
10-25 02:01:30.617  1411  1661 W BroadcastQueue: u0 Receiving a broadcast in packagecom.uc108.mobile.sdgj.bd1 requires a permissions review
10-25 02:01:30.617  1411  1661 W BroadcastQueue: Skipping delivery: permission review required for Intent { act=android.intent.action.PACKAGE_ADDED dat=package: flg=0x4000010 (has extras) } from null (pid=1411, uid=1000) to com.uc108.mobile.sdgj.bd1/com.baidu.tiebasdk.service.InstallReceiver
10-25 02:01:30.617  1411  1661 W BroadcastQueue: u0 Receiving a broadcast in packageio.dcloud.H5BC6BF13 requires a permissions review
10-25 02:01:30.617  1411  1661 W BroadcastQueue: Skipping delivery: permission review required for Intent { act=android.intent.action.PACKAGE_ADDED dat=package: flg=0x4000010 (has extras) } from null (pid=1411, uid=1000) to io.dcloud.H5BC6BF13/io.dcloud.common.adapter.io.DownloadReceiver
10-25 02:01:30.638  1411  1411 I Telecom : DefaultDialerCache: Refreshing default dialer for user 0: now com.google.android.dialer: DDC.oR@Avc
10-25 02:01:30.642  1411  1411 V BackupManagerConstants: getFullBackupIntervalMilliseconds(...) returns 86400000
10-25 02:01:30.642  1411  1411 V BackupManagerConstants: getFullBackupRequiredNetworkType(...) returns 2
10-25 02:01:30.642  1411  1411 V BackupManagerConstants: getFullBackupRequireCharging(...) returns true
10-25 02:01:30.645  1411  1659 W WindowMagnificationMgr: requestConnection duplicated request: connect=false, mConnectionState=DISCONNECTED
10-25 02:01:30.652  1411  1411 I Telecom : DefaultDialerCache: Refreshing default dialer for user 0: now com.google.android.dialer: DDC.oR@Avg
10-25 02:01:30.675  1411  1820 E VerityUtils: Failed to measure fs-verity, errno 1: /data/app/~~V-jLSdU6NXLANEkeSxDyVw==/com.ying.hzblhj-mfcytyGtSRdEEGdU71mNYg==/base.apk
10-25 02:01:30.682  1411  5326 D CompatibilityChangeReporter: Compat change id reported: 161252188; UID 10233; state: DISABLED
10-25 02:01:30.688  1411  4178 W BackupTransportManager: Package com.ying.hzblhj enabled setting: 0
10-25 02:01:30.729  1411  1659 W PackageManager: Failed registering loading progress callback. Package is fully loaded.
10-25 02:01:30.737  1411  1824 E PackageManager: ERROR: could not load root hash from incremental install
10-25 02:01:30.745  1411  1659 W WindowMagnificationMgr: requestConnection duplicated request: connect=false, mConnectionState=DISCONNECTED
10-25 02:01:30.753  1411  1824 I PackageManager: Integrity check passed for file:///data/app/vmdl1646883535.tmp
10-25 02:01:30.829  1411  1824 I PackageManager: Permission ownership changed. Updating all permissions.
10-25 02:01:30.937  1411  1644 W Looper  : Slow dispatch took 106ms android.fg h=android.os.Handler c=<recycled PooledLambda@6ea7d50> m=0
10-25 02:01:31.093  1411  1644 V StorageManagerService: Package null has legacy storage
10-25 02:01:31.152  1411  5591 W AppOps  : setUidMode() called with a mode inconsistent with runtime permission state, this is discouraged and you should revoke the runtime permission instead: uid=10124, switchCode=0, mode=4, permission=android.permission.ACCESS_BACKGROUND_LOCATION
10-25 02:01:31.184  1411  1824 V BackupManagerService: [UserID:0] restoreAtInstall pkg=com.hgperfko.yaeghrwx token=2c restoreSet=0
10-25 02:01:31.184  1411  1824 V BackupManagerService: [UserID:0] Finishing install immediately
10-25 02:01:31.186  1411  1824 D PackageInstallerSession: Marking session 1646883535 as applied
10-25 02:01:31.189  1411  1824 D CompatibilityChangeReporter: Compat change id reported: 168419799; UID 10234; state: DISABLED
10-25 02:01:31.190  1411  1824 D CompatibilityChangeReporter: Compat change id reported: 273564678; UID 10234; state: DISABLED
10-25 02:01:31.196  1411  2915 D CompatibilityChangeReporter: Compat change id reported: 218533173; UID 10234; state: DISABLED
10-25 02:01:31.198  1411  1411 I Telecom : DefaultDialerCache: Refreshing default dialer for user 0: now com.google.android.dialer: DDC.oR@Avs
10-25 02:01:31.200  1411  1661 W BroadcastQueue: u0 Receiving a broadcast in packagecom.android.buyer requires a permissions review
10-25 02:01:31.200  1411  1661 W BroadcastQueue: Skipping delivery: permission review required for Intent { act=android.intent.action.PACKAGE_ADDED dat=package: flg=0x4000010 (has extras) } from null (pid=1411, uid=1000) to com.android.buyer/.mRve
10-25 02:01:31.202  1411  1661 W BroadcastQueue: Background execution not allowed: receiving Intent { act=android.intent.action.PACKAGE_ADDED dat=package: flg=0x4000010 (has extras) } to com.atvcleaner/.receivers.PkgReceiver
10-25 02:01:31.202  1411  1661 W BroadcastQueue: Background execution not allowed: receiving Intent { act=android.intent.action.PACKAGE_ADDED dat=package: flg=0x4000010 (has extras) } to com.google.android.packageinstaller/com.android.packageinstaller.PackageInstalledReceiver
10-25 02:01:31.202  1411  1661 W BroadcastQueue: Background execution not allowed: receiving Intent { act=android.intent.action.PACKAGE_ADDED dat=package: flg=0x4000010 (has extras) } to com.android.vending/com.google.android.finsky.packagemonitor.impl.PackageMonitorReceiverImpl$RegisteredReceiver
10-25 02:01:31.202  1411  1661 W BroadcastQueue: Background execution not allowed: receiving Intent { act=android.intent.action.PACKAGE_ADDED dat=package: flg=0x4000010 (has extras) } to com.android.vending/com.google.android.finsky.packagemonitor.backgroundimpl.BackgroundPackageMonitorReceiverImpl$RegisteredReceiver
10-25 02:01:31.202  1411  1661 W BroadcastQueue: Background execution not allowed: receiving Intent { act=android.intent.action.PACKAGE_ADDED dat=package: flg=0x4000010 (has extras) } to com.google.android.gms/.games.chimera.GamesSystemBroadcastReceiverProxy
10-25 02:01:31.202  1411  1661 W BroadcastQueue: Background execution not allowed: receiving Intent { act=android.intent.action.PACKAGE_ADDED dat=package: flg=0x4000010 (has extras) } to com.google.android.gms/.gass.chimera.PackageChangeBroadcastReceiver
10-25 02:01:31.202  1411  1661 W BroadcastQueue: Background execution not allowed: receiving Intent { act=android.intent.action.PACKAGE_ADDED dat=package: flg=0x4000010 (has extras) } to com.google.android.gms/.chimera.GmsIntentOperationService$PersistentTrustedReceiver
10-25 02:01:31.202  1411  1661 W BroadcastQueue: Background execution not allowed: receiving Intent { act=android.intent.action.PACKAGE_ADDED dat=package: flg=0x4000010 (has extras) } to com.google.android.googlequicksearchbox/com.google.android.apps.gsa.googlequicksearchbox.GelStubAppWatcher
10-25 02:01:31.203  1411  1661 W BroadcastQueue: u0 Receiving a broadcast in packagecom.games.mengmeizhitd requires a permissions review
10-25 02:01:31.204  1411  1661 W BroadcastQueue: Skipping delivery: permission review required for Intent { act=android.intent.action.PACKAGE_ADDED dat=package: flg=0x4000010 (has extras) } from null (pid=1411, uid=1000) to com.games.mengmeizhitd/hjnw.ihjnw.i.isqly
10-25 02:01:31.204  1411  1661 W BroadcastQueue: u0 Receiving a broadcast in packagecom.qiuqiu.dfmc requires a permissions review
10-25 02:01:31.204  1411  1661 W BroadcastQueue: Skipping delivery: permission review required for Intent { act=android.intent.action.PACKAGE_ADDED dat=package: flg=0x4000010 (has extras) } from null (pid=1411, uid=1000) to com.qiuqiu.dfmc/cn.jpush.android.service.PushReceiver
10-25 02:01:31.204  1411  1411 V BackupManagerConstants: getFullBackupIntervalMilliseconds(...) returns 86400000
10-25 02:01:31.204  1411  1411 V BackupManagerConstants: getFullBackupRequiredNetworkType(...) returns 2
10-25 02:01:31.205  1411  1661 W BroadcastQueue: u0 Receiving a broadcast in packagecom.safesys.viruskiller requires a permissions review
10-25 02:01:31.205  1411  1661 W BroadcastQueue: Skipping delivery: permission review required for Intent { act=android.intent.action.PACKAGE_ADDED dat=package: flg=0x4000010 (has extras) } from null (pid=1411, uid=1000) to com.safesys.viruskiller/.ScanPackageBroadcast
10-25 02:01:31.205  1411  1411 V BackupManagerConstants: getFullBackupRequireCharging(...) returns true
10-25 02:01:31.205  1411  1661 W BroadcastQueue: u0 Receiving a broadcast in packagecom.uc108.mobile.sdgj.bd1 requires a permissions review
10-25 02:01:31.205  1411  1661 W BroadcastQueue: Skipping delivery: permission review required for Intent { act=android.intent.action.PACKAGE_ADDED dat=package: flg=0x4000010 (has extras) } from null (pid=1411, uid=1000) to com.uc108.mobile.sdgj.bd1/com.baidu.tiebasdk.service.InstallReceiver
10-25 02:01:31.205  1411  1661 W BroadcastQueue: u0 Receiving a broadcast in packageio.dcloud.H5BC6BF13 requires a permissions review
10-25 02:01:31.205  1411  1661 W BroadcastQueue: Skipping delivery: permission review required for Intent { act=android.intent.action.PACKAGE_ADDED dat=package: flg=0x4000010 (has extras) } from null (pid=1411, uid=1000) to io.dcloud.H5BC6BF13/io.dcloud.common.adapter.io.DownloadReceiver
10-25 02:01:31.233  1411  1659 W WindowMagnificationMgr: requestConnection duplicated request: connect=false, mConnectionState=DISCONNECTED
10-25 02:01:31.240  1411  1411 I Telecom : DefaultDialerCache: Refreshing default dialer for user 0: now com.google.android.dialer: DDC.oR@Avw
10-25 02:01:31.243  1411  1820 E VerityUtils: Failed to measure fs-verity, errno 1: /data/app/~~qeZrpwqbf0Jak1DzVVkdOQ==/com.hgperfko.yaeghrwx-is0EaBODduxza1DfHi1SMw==/base.apk
10-25 02:01:31.249  1411  5320 D CompatibilityChangeReporter: Compat change id reported: 161252188; UID 10234; state: DISABLED
10-25 02:01:31.330  1411  4178 W BackupTransportManager: Package com.hgperfko.yaeghrwx enabled setting: 0
10-25 02:01:31.341  1411  1659 W PackageManager: Failed registering loading progress callback. Package is fully loaded.
10-25 02:01:31.354  1411  5320 W AppOps  : setUidMode() called with a mode inconsistent with runtime permission state, this is discouraged and you should revoke the runtime permission instead: uid=10124, switchCode=1, mode=4, permission=android.permission.ACCESS_BACKGROUND_LOCATION
10-25 02:01:31.356  1411  1824 E PackageManager: ERROR: could not load root hash from incremental install
10-25 02:01:31.361  1411  5588 W AppOps  : setUidMode() called with a mode inconsistent with runtime permission state, this is discouraged and you should revoke the runtime permission instead: uid=10124, switchCode=0, mode=4, permission=android.permission.ACCESS_BACKGROUND_LOCATION
10-25 02:01:31.364  1411  1659 W WindowMagnificationMgr: requestConnection duplicated request: connect=false, mConnectionState=DISCONNECTED
10-25 02:01:31.364  1411  2036 W PackageParsing: Ignoring duplicate uses-permissions/uses-permissions-sdk-m: android.permission.ACCESS_NETWORK_STATE in package: com.livegame.wallpapermingche at: Binary XML file line #99
10-25 02:01:31.364  1411  2036 W PackageParsing: Ignoring duplicate uses-permissions/uses-permissions-sdk-m: android.permission.READ_PHONE_STATE in package: com.livegame.wallpapermingche at: Binary XML file line #100
10-25 02:01:31.365  1411  2036 W PackageParsing: Ignoring duplicate uses-permissions/uses-permissions-sdk-m: android.permission.ACCESS_WIFI_STATE in package: com.livegame.wallpapermingche at: Binary XML file line #101
10-25 02:01:31.365  1411  2036 W PackageParsing: Ignoring duplicate uses-permissions/uses-permissions-sdk-m: android.permission.INTERNET in package: com.livegame.wallpapermingche at: Binary XML file line #103
10-25 02:01:31.365  1411  2036 W PackageParsing: Ignoring duplicate uses-permissions/uses-permissions-sdk-m: android.permission.WRITE_EXTERNAL_STORAGE in package: com.livegame.wallpapermingche at: Binary XML file line #105
10-25 02:01:31.380  1411  1824 I PackageManager: Integrity check passed for file:///data/app/vmdl1875234075.tmp
10-25 02:01:31.394  1411  1824 W PackageParsing: Ignoring duplicate uses-permissions/uses-permissions-sdk-m: android.permission.ACCESS_NETWORK_STATE in package: com.livegame.wallpapermingche at: Binary XML file line #99
10-25 02:01:31.394  1411  1824 W PackageParsing: Ignoring duplicate uses-permissions/uses-permissions-sdk-m: android.permission.READ_PHONE_STATE in package: com.livegame.wallpapermingche at: Binary XML file line #100
10-25 02:01:31.394  1411  1824 W PackageParsing: Ignoring duplicate uses-permissions/uses-permissions-sdk-m: android.permission.ACCESS_WIFI_STATE in package: com.livegame.wallpapermingche at: Binary XML file line #101
10-25 02:01:31.395  1411  1824 W PackageParsing: Ignoring duplicate uses-permissions/uses-permissions-sdk-m: android.permission.INTERNET in package: com.livegame.wallpapermingche at: Binary XML file line #103
10-25 02:01:31.395  1411  1824 W PackageParsing: Ignoring duplicate uses-permissions/uses-permissions-sdk-m: android.permission.WRITE_EXTERNAL_STORAGE in package: com.livegame.wallpapermingche at: Binary XML file line #105
10-25 02:01:31.463  1411  1644 V StorageManagerService: Package null has legacy storage
10-25 02:01:31.560  1411  5318 I ActivityManager: Background started FGS: Allowed [callingPackage: com.google.android.apps.wellbeing; callingUid: 10121; uidState: BFGS; intent: Intent { cmp=com.google.android.apps.wellbeing/com.google.apps.tiktok.concurrent.InternalForegroundService (has extras) }; code:BACKGROUND_ACTIVITY_PERMISSION; tempAllowListReason:<null>; targetSdkVersion:33; callerTargetSdkVersion:33; startForegroundCount:0; bindFromPackage:null]
10-25 02:01:31.632  1411  1824 V BackupManagerService: [UserID:0] restoreAtInstall pkg=com.livegame.wallpapermingche token=2d restoreSet=0
10-25 02:01:31.632  1411  1824 V BackupManagerService: [UserID:0] Finishing install immediately
10-25 02:01:31.636  1411  1824 D PackageInstallerSession: Marking session 1875234075 as applied
10-25 02:01:31.640  1411  1824 D CompatibilityChangeReporter: Compat change id reported: 168419799; UID 10235; state: DISABLED
10-25 02:01:31.640  1411  1824 D CompatibilityChangeReporter: Compat change id reported: 273564678; UID 10235; state: DISABLED
10-25 02:01:31.648  1411  2915 D CompatibilityChangeReporter: Compat change id reported: 218533173; UID 10235; state: DISABLED
10-25 02:01:31.651  1411  1411 I Telecom : DefaultDialerCache: Refreshing default dialer for user 0: now com.google.android.dialer: DDC.oR@Av8
10-25 02:01:31.654  1411  1482 W BroadcastQueue: u0 Receiving a broadcast in packagecom.android.buyer requires a permissions review
10-25 02:01:31.654  1411  1482 W BroadcastQueue: Skipping delivery: permission review required for Intent { act=android.intent.action.PACKAGE_ADDED dat=package: flg=0x4000010 (has extras) } from null (pid=1411, uid=1000) to com.android.buyer/.mRve
10-25 02:01:31.660  1411  1411 V BackupManagerConstants: getFullBackupIntervalMilliseconds(...) returns 86400000
10-25 02:01:31.660  1411  1411 V BackupManagerConstants: getFullBackupRequiredNetworkType(...) returns 2
10-25 02:01:31.660  1411  1411 V BackupManagerConstants: getFullBackupRequireCharging(...) returns true
10-25 02:01:31.667  1411  1661 W BroadcastQueue: Background execution not allowed: receiving Intent { act=android.intent.action.PACKAGE_ADDED dat=package: flg=0x4000010 (has extras) } to com.atvcleaner/.receivers.PkgReceiver
10-25 02:01:31.667  1411  1661 W BroadcastQueue: Background execution not allowed: receiving Intent { act=android.intent.action.PACKAGE_ADDED dat=package: flg=0x4000010 (has extras) } to com.google.android.packageinstaller/com.android.packageinstaller.PackageInstalledReceiver
10-25 02:01:31.667  1411  1661 W BroadcastQueue: Background execution not allowed: receiving Intent { act=android.intent.action.PACKAGE_ADDED dat=package: flg=0x4000010 (has extras) } to com.android.vending/com.google.android.finsky.packagemonitor.impl.PackageMonitorReceiverImpl$RegisteredReceiver
10-25 02:01:31.667  1411  1661 W BroadcastQueue: Background execution not allowed: receiving Intent { act=android.intent.action.PACKAGE_ADDED dat=package: flg=0x4000010 (has extras) } to com.android.vending/com.google.android.finsky.packagemonitor.backgroundimpl.BackgroundPackageMonitorReceiverImpl$RegisteredReceiver
10-25 02:01:31.667  1411  1661 W BroadcastQueue: Background execution not allowed: receiving Intent { act=android.intent.action.PACKAGE_ADDED dat=package: flg=0x4000010 (has extras) } to com.google.android.gms/.games.chimera.GamesSystemBroadcastReceiverProxy
10-25 02:01:31.667  1411  1661 W BroadcastQueue: Background execution not allowed: receiving Intent { act=android.intent.action.PACKAGE_ADDED dat=package: flg=0x4000010 (has extras) } to com.google.android.gms/.gass.chimera.PackageChangeBroadcastReceiver
10-25 02:01:31.667  1411  1661 W BroadcastQueue: Background execution not allowed: receiving Intent { act=android.intent.action.PACKAGE_ADDED dat=package: flg=0x4000010 (has extras) } to com.google.android.gms/.chimera.GmsIntentOperationService$PersistentTrustedReceiver
10-25 02:01:31.667  1411  1661 W BroadcastQueue: Background execution not allowed: receiving Intent { act=android.intent.action.PACKAGE_ADDED dat=package: flg=0x4000010 (has extras) } to com.google.android.googlequicksearchbox/com.google.android.apps.gsa.googlequicksearchbox.GelStubAppWatcher
10-25 02:01:31.667  1411  1661 W BroadcastQueue: u0 Receiving a broadcast in packagecom.games.mengmeizhitd requires a permissions review
10-25 02:01:31.667  1411  1661 W BroadcastQueue: Skipping delivery: permission review required for Intent { act=android.intent.action.PACKAGE_ADDED dat=package: flg=0x4000010 (has extras) } from null (pid=1411, uid=1000) to com.games.mengmeizhitd/hjnw.ihjnw.i.isqly
10-25 02:01:31.667  1411  1661 W BroadcastQueue: u0 Receiving a broadcast in packagecom.hgperfko.yaeghrwx requires a permissions review
10-25 02:01:31.667  1411  1661 W BroadcastQueue: Skipping delivery: permission review required for Intent { act=android.intent.action.PACKAGE_ADDED dat=package: flg=0x4000010 (has extras) } from null (pid=1411, uid=1000) to com.hgperfko.yaeghrwx/.core.hLytdCQDBv
10-25 02:01:31.667  1411  1661 W BroadcastQueue: u0 Receiving a broadcast in packagecom.qiuqiu.dfmc requires a permissions review
10-25 02:01:31.667  1411  1661 W BroadcastQueue: Skipping delivery: permission review required for Intent { act=android.intent.action.PACKAGE_ADDED dat=package: flg=0x4000010 (has extras) } from null (pid=1411, uid=1000) to com.qiuqiu.dfmc/cn.jpush.android.service.PushReceiver
10-25 02:01:31.667  1411  1661 W BroadcastQueue: u0 Receiving a broadcast in packagecom.safesys.viruskiller requires a permissions review
10-25 02:01:31.667  1411  1661 W BroadcastQueue: Skipping delivery: permission review required for Intent { act=android.intent.action.PACKAGE_ADDED dat=package: flg=0x4000010 (has extras) } from null (pid=1411, uid=1000) to com.safesys.viruskiller/.ScanPackageBroadcast
10-25 02:01:31.667  1411  1661 W BroadcastQueue: u0 Receiving a broadcast in packagecom.uc108.mobile.sdgj.bd1 requires a permissions review
10-25 02:01:31.667  1411  1661 W BroadcastQueue: Skipping delivery: permission review required for Intent { act=android.intent.action.PACKAGE_ADDED dat=package: flg=0x4000010 (has extras) } from null (pid=1411, uid=1000) to com.uc108.mobile.sdgj.bd1/com.baidu.tiebasdk.service.InstallReceiver
10-25 02:01:31.667  1411  1661 W BroadcastQueue: u0 Receiving a broadcast in packageio.dcloud.H5BC6BF13 requires a permissions review
10-25 02:01:31.667  1411  1661 W BroadcastQueue: Skipping delivery: permission review required for Intent { act=android.intent.action.PACKAGE_ADDED dat=package: flg=0x4000010 (has extras) } from null (pid=1411, uid=1000) to io.dcloud.H5BC6BF13/io.dcloud.common.adapter.io.DownloadReceiver
10-25 02:01:31.673  1411  1411 I Telecom : DefaultDialerCache: Refreshing default dialer for user 0: now com.google.android.dialer: DDC.oR@AwA
10-25 02:01:31.701  1411  1820 E VerityUtils: Failed to measure fs-verity, errno 1: /data/app/~~ktDGWFz1DMJN5TudgU5uBg==/com.livegame.wallpapermingche-fUFoJabGJBAiNBTogsSi8g==/base.apk
10-25 02:01:31.703  1411  5308 D CompatibilityChangeReporter: Compat change id reported: 161252188; UID 10235; state: DISABLED
10-25 02:01:31.724  1411  4178 W BackupTransportManager: Package com.livegame.wallpapermingche enabled setting: 0
10-25 02:01:31.746  1411  1659 W WindowMagnificationMgr: requestConnection duplicated request: connect=false, mConnectionState=DISCONNECTED
10-25 02:01:31.768  1411  1411 I NotificationService: Cannot find enqueued record for key: 0|com.google.android.apps.wellbeing|174344743|null|10121
