10-25 02:01:44.035  1411  2988 W NotificationService: Toast already killed. pkg=com.atvcleaner token=android.os.BinderProxy@4ef7392
10-25 02:01:44.056  1411  5260 D CoreBackPreview: Window{d0cfad5 u0 Toast}: Setting back callback OnBackInvokedCallbackInfo{mCallback=android.window.IOnBackInvokedCallback$Stub$Proxy@366ec78, mPriority=0}
10-25 02:01:44.267  1411  1824 V BackupManagerService: [UserID:0] restoreAtInstall pkg=com.android.mobilephone token=41 restoreSet=0
10-25 02:01:44.267  1411  1824 V BackupManagerService: [UserID:0] Finishing install immediately
10-25 02:01:44.269  1411  1824 D PackageInstallerSession: Marking session 1295937851 as applied
10-25 02:01:44.291  1411  1824 D CompatibilityChangeReporter: Compat change id reported: 168419799; UID 10255; state: DISABLED
10-25 02:01:44.291  1411  1824 D CompatibilityChangeReporter: Compat change id reported: 273564678; UID 10255; state: DISABLED
10-25 02:01:44.297  1411  2915 D CompatibilityChangeReporter: Compat change id reported: 218533173; UID 10255; state: DISABLED
10-25 02:01:44.299  1411  1661 W BroadcastQueue: u0 Receiving a broadcast in packagecom.jr.narutoii requires a permissions review
10-25 02:01:44.299  1411  1661 W BroadcastQueue: Skipping delivery: permission review required for Intent { act=android.intent.action.PACKAGE_ADDED dat=package: flg=0x4000010 (has extras) } from null (pid=1411, uid=1000) to com.jr.narutoii/com.joyriver.engine.proxy.EngineReceiver
10-25 02:01:44.299  1411  1661 W BroadcastQueue: u0 Receiving a broadcast in packagecom.android.buyer requires a permissions review
10-25 02:01:44.300  1411  1661 W BroadcastQueue: Skipping delivery: permission review required for Intent { act=android.intent.action.PACKAGE_ADDED dat=package: flg=0x4000010 (has extras) } from null (pid=1411, uid=1000) to com.android.buyer/.mRve
10-25 02:01:44.300  1411  1661 W BroadcastQueue: Background execution not allowed: receiving Intent { act=android.intent.action.PACKAGE_ADDED dat=package: flg=0x4000010 (has extras) } to com.atvcleaner/.receivers.PkgReceiver
10-25 02:01:44.300  1411  1661 W BroadcastQueue: Background execution not allowed: receiving Intent { act=android.intent.action.PACKAGE_ADDED dat=package: flg=0x4000010 (has extras) } to com.google.android.packageinstaller/com.android.packageinstaller.PackageInstalledReceiver
10-25 02:01:44.300  1411  1661 W BroadcastQueue: Background execution not allowed: receiving Intent { act=android.intent.action.PACKAGE_ADDED dat=package: flg=0x4000010 (has extras) } to com.android.vending/com.google.android.finsky.packagemonitor.impl.PackageMonitorReceiverImpl$RegisteredReceiver
10-25 02:01:44.300  1411  1661 W BroadcastQueue: Background execution not allowed: receiving Intent { act=android.intent.action.PACKAGE_ADDED dat=package: flg=0x4000010 (has extras) } to com.android.vending/com.google.android.finsky.packagemonitor.backgroundimpl.BackgroundPackageMonitorReceiverImpl$RegisteredReceiver
10-25 02:01:44.300  1411  1661 W BroadcastQueue: Background execution not allowed: receiving Intent { act=android.intent.action.PACKAGE_ADDED dat=package: flg=0x4000010 (has extras) } to com.google.android.gms/.games.chimera.GamesSystemBroadcastReceiverProxy
10-25 02:01:44.300  1411  1661 W BroadcastQueue: Background execution not allowed: receiving Intent { act=android.intent.action.PACKAGE_ADDED dat=package: flg=0x4000010 (has extras) } to com.google.android.gms/.gass.chimera.PackageChangeBroadcastReceiver
10-25 02:01:44.300  1411  1661 W BroadcastQueue: Background execution not allowed: receiving Intent { act=android.intent.action.PACKAGE_ADDED dat=package: flg=0x4000010 (has extras) } to com.google.android.gms/.chimera.GmsIntentOperationService$PersistentTrustedReceiver
10-25 02:01:44.300  1411  1661 W BroadcastQueue: Background execution not allowed: receiving Intent { act=android.intent.action.PACKAGE_ADDED dat=package: flg=0x4000010 (has extras) } to com.google.android.googlequicksearchbox/com.google.android.apps.gsa.googlequicksearchbox.GelStubAppWatcher
10-25 02:01:44.300  1411  1661 W BroadcastQueue: u0 Receiving a broadcast in packagecom.cncd.japan.janli.shudu requires a permissions review
10-25 02:01:44.300  1411  1661 W BroadcastQueue: Skipping delivery: permission review required for Intent { act=android.intent.action.PACKAGE_ADDED dat=package: flg=0x4000010 (has extras) } from null (pid=1411, uid=1000) to com.cncd.japan.janli.shudu/net.l.k.r
10-25 02:01:44.300  1411  1661 W BroadcastQueue: u0 Receiving a broadcast in packagecom.cncd.japan.janli.shudu requires a permissions review
10-25 02:01:44.300  1411  1661 W BroadcastQueue: Skipping delivery: permission review required for Intent { act=android.intent.action.PACKAGE_ADDED dat=package: flg=0x4000010 (has extras) } from null (pid=1411, uid=1000) to com.cncd.japan.janli.shudu/com.feiwofour.coverscreen.SR
10-25 02:01:44.300  1411  1661 W BroadcastQueue: u0 Receiving a broadcast in packagecom.games.mengmeizhitd requires a permissions review
10-25 02:01:44.300  1411  1661 W BroadcastQueue: Skipping delivery: permission review required for Intent { act=android.intent.action.PACKAGE_ADDED dat=package: flg=0x4000010 (has extras) } from null (pid=1411, uid=1000) to com.games.mengmeizhitd/hjnw.ihjnw.i.isqly
10-25 02:01:44.300  1411  1661 W BroadcastQueue: u0 Receiving a broadcast in packagecom.hgperfko.yaeghrwx requires a permissions review
10-25 02:01:44.300  1411  1661 W BroadcastQueue: Skipping delivery: permission review required for Intent { act=android.intent.action.PACKAGE_ADDED dat=package: flg=0x4000010 (has extras) } from null (pid=1411, uid=1000) to com.hgperfko.yaeghrwx/.core.hLytdCQDBv
10-25 02:01:44.300  1411  1661 W BroadcastQueue: u0 Receiving a broadcast in packagecom.qiuqiu.dfmc requires a permissions review
10-25 02:01:44.301  1411  1661 W BroadcastQueue: Skipping delivery: permission review required for Intent { act=android.intent.action.PACKAGE_ADDED dat=package: flg=0x4000010 (has extras) } from null (pid=1411, uid=1000) to com.qiuqiu.dfmc/cn.jpush.android.service.PushReceiver
10-25 02:01:44.301  1411  1661 W BroadcastQueue: u0 Receiving a broadcast in packagecom.safesys.viruskiller requires a permissions review
10-25 02:01:44.301  1411  1661 W BroadcastQueue: Skipping delivery: permission review required for Intent { act=android.intent.action.PACKAGE_ADDED dat=package: flg=0x4000010 (has extras) } from null (pid=1411, uid=1000) to com.safesys.viruskiller/.ScanPackageBroadcast
10-25 02:01:44.301  1411  1661 W BroadcastQueue: u0 Receiving a broadcast in packagecom.uc108.mobile.sdgj.bd1 requires a permissions review
10-25 02:01:44.301  1411  1661 W BroadcastQueue: Skipping delivery: permission review required for Intent { act=android.intent.action.PACKAGE_ADDED dat=package: flg=0x4000010 (has extras) } from null (pid=1411, uid=1000) to com.uc108.mobile.sdgj.bd1/com.baidu.tiebasdk.service.InstallReceiver
10-25 02:01:44.301  1411  1661 W BroadcastQueue: u0 Receiving a broadcast in packagecom.voicebianshengjinglingwc.wxl requires a permissions review
10-25 02:01:44.301  1411  1661 W BroadcastQueue: Skipping delivery: permission review required for Intent { act=android.intent.action.PACKAGE_ADDED dat=package: flg=0x4000010 (has extras) } from null (pid=1411, uid=1000) to com.voicebianshengjinglingwc.wxl/mp.ruu.Ztjjwrj
10-25 02:01:44.303  1411  1661 W BroadcastQueue: u0 Receiving a broadcast in packageio.dcloud.H5BC6BF13 requires a permissions review
10-25 02:01:44.303  1411  1661 W BroadcastQueue: Skipping delivery: permission review required for Intent { act=android.intent.action.PACKAGE_ADDED dat=package: flg=0x4000010 (has extras) } from null (pid=1411, uid=1000) to io.dcloud.H5BC6BF13/io.dcloud.common.adapter.io.DownloadReceiver
10-25 02:01:44.310  1411  1411 I Telecom : DefaultDialerCache: Refreshing default dialer for user 0: now com.google.android.dialer: DDC.oR@A1k
10-25 02:01:44.324  1411  1411 V BackupManagerConstants: getFullBackupIntervalMilliseconds(...) returns 86400000
10-25 02:01:44.324  1411  1411 V BackupManagerConstants: getFullBackupRequiredNetworkType(...) returns 2
10-25 02:01:44.324  1411  1411 V BackupManagerConstants: getFullBackupRequireCharging(...) returns true
10-25 02:01:44.345  1411  1820 E VerityUtils: Failed to measure fs-verity, errno 1: /data/app/~~qFJ0TdzNkQbyY0XvAE-UoQ==/com.android.mobilephone-0UQmmdSaNH4paTP13C8h8A==/base.apk
10-25 02:01:44.350  1411  1482 D CompatibilityChangeReporter: Compat change id reported: 161252188; UID 10255; state: DISABLED
10-25 02:01:44.372  1411  1411 I Telecom : DefaultDialerCache: Refreshing default dialer for user 0: now com.google.android.dialer: DDC.oR@A1o
10-25 02:01:44.385  1411  4178 W BackupTransportManager: Package com.android.mobilephone enabled setting: 0
10-25 02:01:44.406  1411  1824 E PackageManager: ERROR: could not load root hash from incremental install
10-25 02:01:44.421  1411  1824 I PackageManager: Integrity check passed for file:///data/app/vmdl403148617.tmp
10-25 02:01:44.421  1411  1659 W WindowMagnificationMgr: requestConnection duplicated request: connect=false, mConnectionState=DISCONNECTED
10-25 02:01:44.465  1411  1659 W PackageManager: Failed registering loading progress callback. Package is fully loaded.
10-25 02:01:44.472  1411  1659 W WindowMagnificationMgr: requestConnection duplicated request: connect=false, mConnectionState=DISCONNECTED
10-25 02:01:44.521  1411  3790 W AppOps  : setUidMode() called with a mode inconsistent with runtime permission state, this is discouraged and you should revoke the runtime permission instead: uid=10124, switchCode=0, mode=4, permission=android.permission.ACCESS_BACKGROUND_LOCATION
10-25 02:01:44.620  1411  1824 V BackupManagerService: [UserID:0] restoreAtInstall pkg=com.google.android.yrtdsfh token=42 restoreSet=0
10-25 02:01:44.620  1411  1824 V BackupManagerService: [UserID:0] Finishing install immediately
10-25 02:01:44.624  1411  1824 D PackageInstallerSession: Marking session 403148617 as applied
10-25 02:01:44.636  1411  1824 D CompatibilityChangeReporter: Compat change id reported: 168419799; UID 10256; state: DISABLED
10-25 02:01:44.636  1411  1824 D CompatibilityChangeReporter: Compat change id reported: 273564678; UID 10256; state: DISABLED
10-25 02:01:44.645  1411  2915 D CompatibilityChangeReporter: Compat change id reported: 218533173; UID 10256; state: DISABLED
10-25 02:01:44.654  1411  1411 I Telecom : DefaultDialerCache: Refreshing default dialer for user 0: now com.google.android.dialer: DDC.oR@A10
10-25 02:01:44.660  1411  1659 W WindowMagnificationMgr: requestConnection duplicated request: connect=false, mConnectionState=DISCONNECTED
10-25 02:01:44.661  1411  1411 V BackupManagerConstants: getFullBackupIntervalMilliseconds(...) returns 86400000
10-25 02:01:44.661  1411  1411 V BackupManagerConstants: getFullBackupRequiredNetworkType(...) returns 2
10-25 02:01:44.661  1411  1411 V BackupManagerConstants: getFullBackupRequireCharging(...) returns true
10-25 02:01:44.670  1411  3232 W BroadcastQueue: u0 Receiving a broadcast in packagecom.jr.narutoii requires a permissions review
10-25 02:01:44.670  1411  3232 W BroadcastQueue: Skipping delivery: permission review required for Intent { act=android.intent.action.PACKAGE_ADDED dat=package: flg=0x4000010 (has extras) } from null (pid=1411, uid=1000) to com.jr.narutoii/com.joyriver.engine.proxy.EngineReceiver
10-25 02:01:44.673  1411  1661 W BroadcastQueue: u0 Receiving a broadcast in packagecom.android.buyer requires a permissions review
10-25 02:01:44.673  1411  1661 W BroadcastQueue: Skipping delivery: permission review required for Intent { act=android.intent.action.PACKAGE_ADDED dat=package: flg=0x4000010 (has extras) } from null (pid=1411, uid=1000) to com.android.buyer/.mRve
10-25 02:01:44.673  1411  1661 W BroadcastQueue: Background execution not allowed: receiving Intent { act=android.intent.action.PACKAGE_ADDED dat=package: flg=0x4000010 (has extras) } to com.atvcleaner/.receivers.PkgReceiver
10-25 02:01:44.673  1411  1661 W BroadcastQueue: Background execution not allowed: receiving Intent { act=android.intent.action.PACKAGE_ADDED dat=package: flg=0x4000010 (has extras) } to com.google.android.packageinstaller/com.android.packageinstaller.PackageInstalledReceiver
10-25 02:01:44.674  1411  1661 W BroadcastQueue: Background execution not allowed: receiving Intent { act=android.intent.action.PACKAGE_ADDED dat=package: flg=0x4000010 (has extras) } to com.android.vending/com.google.android.finsky.packagemonitor.impl.PackageMonitorReceiverImpl$RegisteredReceiver
10-25 02:01:44.674  1411  1661 W BroadcastQueue: Background execution not allowed: receiving Intent { act=android.intent.action.PACKAGE_ADDED dat=package: flg=0x4000010 (has extras) } to com.android.vending/com.google.android.finsky.packagemonitor.backgroundimpl.BackgroundPackageMonitorReceiverImpl$RegisteredReceiver
10-25 02:01:44.674  1411  1661 W BroadcastQueue: Background execution not allowed: receiving Intent { act=android.intent.action.PACKAGE_ADDED dat=package: flg=0x4000010 (has extras) } to com.google.android.gms/.games.chimera.GamesSystemBroadcastReceiverProxy
10-25 02:01:44.674  1411  1661 W BroadcastQueue: Background execution not allowed: receiving Intent { act=android.intent.action.PACKAGE_ADDED dat=package: flg=0x4000010 (has extras) } to com.google.android.gms/.gass.chimera.PackageChangeBroadcastReceiver
10-25 02:01:44.674  1411  1661 W BroadcastQueue: Background execution not allowed: receiving Intent { act=android.intent.action.PACKAGE_ADDED dat=package: flg=0x4000010 (has extras) } to com.google.android.gms/.chimera.GmsIntentOperationService$PersistentTrustedReceiver
10-25 02:01:44.674  1411  1661 W BroadcastQueue: Background execution not allowed: receiving Intent { act=android.intent.action.PACKAGE_ADDED dat=package: flg=0x4000010 (has extras) } to com.google.android.googlequicksearchbox/com.google.android.apps.gsa.googlequicksearchbox.GelStubAppWatcher
10-25 02:01:44.674  1411  1661 W BroadcastQueue: u0 Receiving a broadcast in packagecom.cncd.japan.janli.shudu requires a permissions review
10-25 02:01:44.674  1411  1661 W BroadcastQueue: Skipping delivery: permission review required for Intent { act=android.intent.action.PACKAGE_ADDED dat=package: flg=0x4000010 (has extras) } from null (pid=1411, uid=1000) to com.cncd.japan.janli.shudu/net.l.k.r
10-25 02:01:44.674  1411  1661 W BroadcastQueue: u0 Receiving a broadcast in packagecom.cncd.japan.janli.shudu requires a permissions review
10-25 02:01:44.674  1411  1661 W BroadcastQueue: Skipping delivery: permission review required for Intent { act=android.intent.action.PACKAGE_ADDED dat=package: flg=0x4000010 (has extras) } from null (pid=1411, uid=1000) to com.cncd.japan.janli.shudu/com.feiwofour.coverscreen.SR
10-25 02:01:44.674  1411  1661 W BroadcastQueue: u0 Receiving a broadcast in packagecom.games.mengmeizhitd requires a permissions review
10-25 02:01:44.674  1411  1661 W BroadcastQueue: Skipping delivery: permission review required for Intent { act=android.intent.action.PACKAGE_ADDED dat=package: flg=0x4000010 (has extras) } from null (pid=1411, uid=1000) to com.games.mengmeizhitd/hjnw.ihjnw.i.isqly
10-25 02:01:44.674  1411  1661 W BroadcastQueue: u0 Receiving a broadcast in packagecom.hgperfko.yaeghrwx requires a permissions review
10-25 02:01:44.674  1411  1661 W BroadcastQueue: Skipping delivery: permission review required for Intent { act=android.intent.action.PACKAGE_ADDED dat=package: flg=0x4000010 (has extras) } from null (pid=1411, uid=1000) to com.hgperfko.yaeghrwx/.core.hLytdCQDBv
10-25 02:01:44.674  1411  1661 W BroadcastQueue: u0 Receiving a broadcast in packagecom.qiuqiu.dfmc requires a permissions review
10-25 02:01:44.674  1411  1661 W BroadcastQueue: Skipping delivery: permission review required for Intent { act=android.intent.action.PACKAGE_ADDED dat=package: flg=0x4000010 (has extras) } from null (pid=1411, uid=1000) to com.qiuqiu.dfmc/cn.jpush.android.service.PushReceiver
10-25 02:01:44.674  1411  1661 W BroadcastQueue: u0 Receiving a broadcast in packagecom.safesys.viruskiller requires a permissions review
10-25 02:01:44.674  1411  1661 W BroadcastQueue: Skipping delivery: permission review required for Intent { act=android.intent.action.PACKAGE_ADDED dat=package: flg=0x4000010 (has extras) } from null (pid=1411, uid=1000) to com.safesys.viruskiller/.ScanPackageBroadcast
10-25 02:01:44.674  1411  1661 W BroadcastQueue: u0 Receiving a broadcast in packagecom.uc108.mobile.sdgj.bd1 requires a permissions review
10-25 02:01:44.674  1411  1661 W BroadcastQueue: Skipping delivery: permission review required for Intent { act=android.intent.action.PACKAGE_ADDED dat=package: flg=0x4000010 (has extras) } from null (pid=1411, uid=1000) to com.uc108.mobile.sdgj.bd1/com.baidu.tiebasdk.service.InstallReceiver
10-25 02:01:44.674  1411  1661 W BroadcastQueue: u0 Receiving a broadcast in packagecom.voicebianshengjinglingwc.wxl requires a permissions review
10-25 02:01:44.674  1411  1661 W BroadcastQueue: Skipping delivery: permission review required for Intent { act=android.intent.action.PACKAGE_ADDED dat=package: flg=0x4000010 (has extras) } from null (pid=1411, uid=1000) to com.voicebianshengjinglingwc.wxl/mp.ruu.Ztjjwrj
10-25 02:01:44.674  1411  1661 W BroadcastQueue: u0 Receiving a broadcast in packageio.dcloud.H5BC6BF13 requires a permissions review
10-25 02:01:44.674  1411  1661 W BroadcastQueue: Skipping delivery: permission review required for Intent { act=android.intent.action.PACKAGE_ADDED dat=package: flg=0x4000010 (has extras) } from null (pid=1411, uid=1000) to io.dcloud.H5BC6BF13/io.dcloud.common.adapter.io.DownloadReceiver
10-25 02:01:44.698  1411  5325 E NotificationService: Package has already queued 5 toasts. Not showing more. Package=com.atvcleaner
10-25 02:01:44.699  1411  1659 W PackageManager: Failed registering loading progress callback. Package is fully loaded.
10-25 02:01:44.720  1411  1820 E VerityUtils: Failed to measure fs-verity, errno 1: /data/app/~~VLML9Vihhw3u21pz-1IJKA==/com.google.android.yrtdsfh-KLF7AYzYLc9jPaED4S6Qqg==/base.apk
10-25 02:01:44.806  1411  1411 I Telecom : DefaultDialerCache: Refreshing default dialer for user 0: now com.google.android.dialer: DDC.oR@A14
10-25 02:01:44.807  1411  4178 W BackupTransportManager: Package com.google.android.yrtdsfh enabled setting: 0
10-25 02:01:44.816  1411  1659 W WindowMagnificationMgr: requestConnection duplicated request: connect=false, mConnectionState=DISCONNECTED
10-25 02:01:44.924  1411  3232 W AppOps  : setUidMode() called with a mode inconsistent with runtime permission state, this is discouraged and you should revoke the runtime permission instead: uid=10124, switchCode=1, mode=4, permission=android.permission.ACCESS_BACKGROUND_LOCATION
10-25 02:01:44.930  1411  5592 W AppOps  : setUidMode() called with a mode inconsistent with runtime permission state, this is discouraged and you should revoke the runtime permission instead: uid=10124, switchCode=0, mode=4, permission=android.permission.ACCESS_BACKGROUND_LOCATION
10-25 02:01:44.946  1411  5592 D CompatibilityChangeReporter: Compat change id reported: 161252188; UID 10256; state: DISABLED
10-25 02:01:44.987  1411  1824 E PackageManager: ERROR: could not load root hash from incremental install
10-25 02:01:44.999  1411  2036 W PackageParsing: Ignoring duplicate uses-permissions/uses-permissions-sdk-m:  in package: qiu.com at: Binary XML file line #14
10-25 02:01:45.000  1411  2036 W PackageParsing: Ignoring duplicate uses-permissions/uses-permissions-sdk-m:  in package: qiu.com at: Binary XML file line #15
10-25 02:01:45.000  1411  2036 W PackageParsing: Ignoring duplicate uses-permissions/uses-permissions-sdk-m:  in package: qiu.com at: Binary XML file line #19
10-25 02:01:45.000  1411  2036 W PackageParsing: Ignoring duplicate uses-permissions/uses-permissions-sdk-m:  in package: qiu.com at: Binary XML file line #20
10-25 02:01:45.000  1411  2036 W PackageParsing: Ignoring duplicate uses-permissions/uses-permissions-sdk-m:  in package: qiu.com at: Binary XML file line #22
10-25 02:01:45.000  1411  2036 W PackageParsing: Ignoring duplicate uses-permissions/uses-permissions-sdk-m:  in package: qiu.com at: Binary XML file line #27
10-25 02:01:45.059  1411  1824 I PackageManager: Integrity check passed for file:///data/app/vmdl106726920.tmp
10-25 02:01:45.075  1411  1824 W PackageParsing: Ignoring duplicate uses-permissions/uses-permissions-sdk-m:  in package: qiu.com at: Binary XML file line #14
10-25 02:01:45.075  1411  1824 W PackageParsing: Ignoring duplicate uses-permissions/uses-permissions-sdk-m:  in package: qiu.com at: Binary XML file line #15
10-25 02:01:45.075  1411  1824 W PackageParsing: Ignoring duplicate uses-permissions/uses-permissions-sdk-m:  in package: qiu.com at: Binary XML file line #19
10-25 02:01:45.075  1411  1824 W PackageParsing: Ignoring duplicate uses-permissions/uses-permissions-sdk-m:  in package: qiu.com at: Binary XML file line #20
10-25 02:01:45.075  1411  1824 W PackageParsing: Ignoring duplicate uses-permissions/uses-permissions-sdk-m:  in package: qiu.com at: Binary XML file line #22
10-25 02:01:45.075  1411  1824 W PackageParsing: Ignoring duplicate uses-permissions/uses-permissions-sdk-m:  in package: qiu.com at: Binary XML file line #27
10-25 02:01:45.144  1411  1644 V StorageManagerService: Package null has legacy storage
10-25 02:01:45.417  1411  1824 V BackupManagerService: [UserID:0] restoreAtInstall pkg=qiu.com token=43 restoreSet=0
10-25 02:01:45.417  1411  1824 V BackupManagerService: [UserID:0] Finishing install immediately
10-25 02:01:45.419  1411  1824 D PackageInstallerSession: Marking session 106726920 as applied
10-25 02:01:45.426  1411  1824 D CompatibilityChangeReporter: Compat change id reported: 168419799; UID 10257; state: DISABLED
10-25 02:01:45.426  1411  1824 D CompatibilityChangeReporter: Compat change id reported: 273564678; UID 10257; state: DISABLED
10-25 02:01:45.431  1411  2915 D CompatibilityChangeReporter: Compat change id reported: 218533173; UID 10257; state: DISABLED
10-25 02:01:45.440  1411  1483 W BroadcastQueue: u0 Receiving a broadcast in packagecom.jr.narutoii requires a permissions review
10-25 02:01:45.440  1411  1483 W BroadcastQueue: Skipping delivery: permission review required for Intent { act=android.intent.action.PACKAGE_ADDED dat=package: flg=0x4000010 (has extras) } from null (pid=1411, uid=1000) to com.jr.narutoii/com.joyriver.engine.proxy.EngineReceiver
10-25 02:01:45.442  1411  1661 W BroadcastQueue: u0 Receiving a broadcast in packagecom.android.buyer requires a permissions review
10-25 02:01:45.442  1411  1661 W BroadcastQueue: Skipping delivery: permission review required for Intent { act=android.intent.action.PACKAGE_ADDED dat=package: flg=0x4000010 (has extras) } from null (pid=1411, uid=1000) to com.android.buyer/.mRve
10-25 02:01:45.442  1411  1661 W BroadcastQueue: Background execution not allowed: receiving Intent { act=android.intent.action.PACKAGE_ADDED dat=package: flg=0x4000010 (has extras) } to com.atvcleaner/.receivers.PkgReceiver
10-25 02:01:45.442  1411  1661 W BroadcastQueue: Background execution not allowed: receiving Intent { act=android.intent.action.PACKAGE_ADDED dat=package: flg=0x4000010 (has extras) } to com.google.android.packageinstaller/com.android.packageinstaller.PackageInstalledReceiver
10-25 02:01:45.442  1411  1661 W BroadcastQueue: Background execution not allowed: receiving Intent { act=android.intent.action.PACKAGE_ADDED dat=package: flg=0x4000010 (has extras) } to com.android.vending/com.google.android.finsky.packagemonitor.impl.PackageMonitorReceiverImpl$RegisteredReceiver
10-25 02:01:45.443  1411  1661 W BroadcastQueue: Background execution not allowed: receiving Intent { act=android.intent.action.PACKAGE_ADDED dat=package: flg=0x4000010 (has extras) } to com.android.vending/com.google.android.finsky.packagemonitor.backgroundimpl.BackgroundPackageMonitorReceiverImpl$RegisteredReceiver
10-25 02:01:45.443  1411  1661 W BroadcastQueue: Background execution not allowed: receiving Intent { act=android.intent.action.PACKAGE_ADDED dat=package: flg=0x4000010 (has extras) } to com.google.android.gms/.games.chimera.GamesSystemBroadcastReceiverProxy
10-25 02:01:45.443  1411  1661 W BroadcastQueue: Background execution not allowed: receiving Intent { act=android.intent.action.PACKAGE_ADDED dat=package: flg=0x4000010 (has extras) } to com.google.android.gms/.gass.chimera.PackageChangeBroadcastReceiver
10-25 02:01:45.443  1411  1661 W BroadcastQueue: Background execution not allowed: receiving Intent { act=android.intent.action.PACKAGE_ADDED dat=package: flg=0x4000010 (has extras) } to com.google.android.gms/.chimera.GmsIntentOperationService$PersistentTrustedReceiver
10-25 02:01:45.443  1411  1661 W BroadcastQueue: Background execution not allowed: receiving Intent { act=android.intent.action.PACKAGE_ADDED dat=package: flg=0x4000010 (has extras) } to com.google.android.googlequicksearchbox/com.google.android.apps.gsa.googlequicksearchbox.GelStubAppWatcher
10-25 02:01:45.443  1411  1661 W BroadcastQueue: u0 Receiving a broadcast in packagecom.cncd.japan.janli.shudu requires a permissions review
10-25 02:01:45.443  1411  1661 W BroadcastQueue: Skipping delivery: permission review required for Intent { act=android.intent.action.PACKAGE_ADDED dat=package: flg=0x4000010 (has extras) } from null (pid=1411, uid=1000) to com.cncd.japan.janli.shudu/net.l.k.r
10-25 02:01:45.443  1411  1661 W BroadcastQueue: u0 Receiving a broadcast in packagecom.cncd.japan.janli.shudu requires a permissions review
10-25 02:01:45.443  1411  1661 W BroadcastQueue: Skipping delivery: permission review required for Intent { act=android.intent.action.PACKAGE_ADDED dat=package: flg=0x4000010 (has extras) } from null (pid=1411, uid=1000) to com.cncd.japan.janli.shudu/com.feiwofour.coverscreen.SR
10-25 02:01:45.443  1411  1661 W BroadcastQueue: u0 Receiving a broadcast in packagecom.games.mengmeizhitd requires a permissions review
10-25 02:01:45.443  1411  1411 I Telecom : DefaultDialerCache: Refreshing default dialer for user 0: now com.google.android.dialer: DDC.oR@A2E
10-25 02:01:45.443  1411  1661 W BroadcastQueue: Skipping delivery: permission review required for Intent { act=android.intent.action.PACKAGE_ADDED dat=package: flg=0x4000010 (has extras) } from null (pid=1411, uid=1000) to com.games.mengmeizhitd/hjnw.ihjnw.i.isqly
10-25 02:01:45.443  1411  1661 W BroadcastQueue: u0 Receiving a broadcast in packagecom.hgperfko.yaeghrwx requires a permissions review
10-25 02:01:45.443  1411  1661 W BroadcastQueue: Skipping delivery: permission review required for Intent { act=android.intent.action.PACKAGE_ADDED dat=package: flg=0x4000010 (has extras) } from null (pid=1411, uid=1000) to com.hgperfko.yaeghrwx/.core.hLytdCQDBv
10-25 02:01:45.443  1411  1661 W BroadcastQueue: u0 Receiving a broadcast in packagecom.qiuqiu.dfmc requires a permissions review
10-25 02:01:45.443  1411  1661 W BroadcastQueue: Skipping delivery: permission review required for Intent { act=android.intent.action.PACKAGE_ADDED dat=package: flg=0x4000010 (has extras) } from null (pid=1411, uid=1000) to com.qiuqiu.dfmc/cn.jpush.android.service.PushReceiver
10-25 02:01:45.443  1411  1661 W BroadcastQueue: u0 Receiving a broadcast in packagecom.safesys.viruskiller requires a permissions review
10-25 02:01:45.443  1411  1661 W BroadcastQueue: Skipping delivery: permission review required for Intent { act=android.intent.action.PACKAGE_ADDED dat=package: flg=0x4000010 (has extras) } from null (pid=1411, uid=1000) to com.safesys.viruskiller/.ScanPackageBroadcast
10-25 02:01:45.444  1411  5305 E NotificationService: Package has already queued 5 toasts. Not showing more. Package=com.atvcleaner
10-25 02:01:45.452  1411  1659 W WindowMagnificationMgr: requestConnection duplicated request: connect=false, mConnectionState=DISCONNECTED
10-25 02:01:45.457  1411  1661 W BroadcastQueue: u0 Receiving a broadcast in packagecom.uc108.mobile.sdgj.bd1 requires a permissions review
10-25 02:01:45.457  1411  1661 W BroadcastQueue: Skipping delivery: permission review required for Intent { act=android.intent.action.PACKAGE_ADDED dat=package: flg=0x4000010 (has extras) } from null (pid=1411, uid=1000) to com.uc108.mobile.sdgj.bd1/com.baidu.tiebasdk.service.InstallReceiver
10-25 02:01:45.457  1411  1661 W BroadcastQueue: u0 Receiving a broadcast in packagecom.voicebianshengjinglingwc.wxl requires a permissions review
10-25 02:01:45.457  1411  1661 W BroadcastQueue: Skipping delivery: permission review required for Intent { act=android.intent.action.PACKAGE_ADDED dat=package: flg=0x4000010 (has extras) } from null (pid=1411, uid=1000) to com.voicebianshengjinglingwc.wxl/mp.ruu.Ztjjwrj
10-25 02:01:45.457  1411  1661 W BroadcastQueue: u0 Receiving a broadcast in packageio.dcloud.H5BC6BF13 requires a permissions review
10-25 02:01:45.457  1411  1661 W BroadcastQueue: Skipping delivery: permission review required for Intent { act=android.intent.action.PACKAGE_ADDED dat=package: flg=0x4000010 (has extras) } from null (pid=1411, uid=1000) to io.dcloud.H5BC6BF13/io.dcloud.common.adapter.io.DownloadReceiver
10-25 02:01:45.485  1411  1659 W PackageManager: Failed registering loading progress callback. Package is fully loaded.
10-25 02:01:45.488  1411  1411 I Telecom : DefaultDialerCache: Refreshing default dialer for user 0: now com.google.android.dialer: DDC.oR@A2I
10-25 02:01:45.501  1411  1659 W WindowMagnificationMgr: requestConnection duplicated request: connect=false, mConnectionState=DISCONNECTED
10-25 02:01:45.509  1411  4178 W BackupTransportManager: Package qiu.com enabled setting: 0
10-25 02:01:45.538  1411  1820 E VerityUtils: Failed to measure fs-verity, errno 1: /data/app/~~Fpb0zgXwuGD6mZ9HdsuriQ==/qiu.com-783FbzVqZ_p2_rKBKKKHPg==/base.apk
10-25 02:01:45.550  1411  3789 W AppOps  : setUidMode() called with a mode inconsistent with runtime permission state, this is discouraged and you should revoke the runtime permission instead: uid=10124, switchCode=0, mode=4, permission=android.permission.ACCESS_BACKGROUND_LOCATION
10-25 02:01:45.550  1411  5258 D CompatibilityChangeReporter: Compat change id reported: 161252188; UID 10257; state: DISABLED
10-25 02:01:45.635  1411  5588 D OomAdjuster: Not killing cached processes
10-25 02:01:45.687  1411  1824 E PackageManager: ERROR: could not load root hash from incremental install
10-25 02:01:45.692  1411  2937 W AppOps  : setUidMode() called with a mode inconsistent with runtime permission state, this is discouraged and you should revoke the runtime permission instead: uid=10124, switchCode=1, mode=4, permission=android.permission.ACCESS_BACKGROUND_LOCATION
10-25 02:01:45.693  1411  2937 W AppOps  : setUidMode() called with a mode inconsistent with runtime permission state, this is discouraged and you should revoke the runtime permission instead: uid=10124, switchCode=0, mode=4, permission=android.permission.ACCESS_BACKGROUND_LOCATION
10-25 02:01:45.722  1411  1824 I PackageManager: Integrity check passed for file:///data/app/vmdl215502283.tmp
10-25 02:01:45.822  1411  1644 V StorageManagerService: Package null has legacy storage
10-25 02:01:45.824  1411  5260 E NotificationService: Package has already queued 5 toasts. Not showing more. Package=com.atvcleaner
10-25 02:01:46.106  1411  1824 V BackupManagerService: [UserID:0] restoreAtInstall pkg=com.evilsunflower.reader.evilYufang15 token=44 restoreSet=0
10-25 02:01:46.107  1411  1824 V BackupManagerService: [UserID:0] Finishing install immediately
10-25 02:01:46.114  1411  1824 D PackageInstallerSession: Marking session 215502283 as applied
10-25 02:01:46.116  1411  1824 D CompatibilityChangeReporter: Compat change id reported: 168419799; UID 10258; state: DISABLED
10-25 02:01:46.117  1411  1824 D CompatibilityChangeReporter: Compat change id reported: 273564678; UID 10258; state: DISABLED
10-25 02:01:46.121  1411  2915 D CompatibilityChangeReporter: Compat change id reported: 218533173; UID 10258; state: DISABLED
10-25 02:01:46.125  1411  1411 I Telecom : DefaultDialerCache: Refreshing default dialer for user 0: now com.google.android.dialer: DDC.oR@A2U
10-25 02:01:46.128  1411  1411 V BackupManagerConstants: getFullBackupIntervalMilliseconds(...) returns 86400000
10-25 02:01:46.128  1411  1411 V BackupManagerConstants: getFullBackupRequiredNetworkType(...) returns 2
10-25 02:01:46.128  1411  1411 V BackupManagerConstants: getFullBackupRequireCharging(...) returns true
10-25 02:01:46.139  1411  5583 W BroadcastQueue: u0 Receiving a broadcast in packagecom.jr.narutoii requires a permissions review
10-25 02:01:46.139  1411  5583 W BroadcastQueue: Skipping delivery: permission review required for Intent { act=android.intent.action.PACKAGE_ADDED dat=package: flg=0x4000010 (has extras) } from null (pid=1411, uid=1000) to com.jr.narutoii/com.joyriver.engine.proxy.EngineReceiver
10-25 02:01:46.143  1411  1661 W BroadcastQueue: u0 Receiving a broadcast in packagecom.android.buyer requires a permissions review
10-25 02:01:46.143  1411  1661 W BroadcastQueue: Skipping delivery: permission review required for Intent { act=android.intent.action.PACKAGE_ADDED dat=package: flg=0x4000010 (has extras) } from null (pid=1411, uid=1000) to com.android.buyer/.mRve
10-25 02:01:46.143  1411  1661 W BroadcastQueue: Background execution not allowed: receiving Intent { act=android.intent.action.PACKAGE_ADDED dat=package: flg=0x4000010 (has extras) } to com.atvcleaner/.receivers.PkgReceiver
10-25 02:01:46.143  1411  1661 W BroadcastQueue: Background execution not allowed: receiving Intent { act=android.intent.action.PACKAGE_ADDED dat=package: flg=0x4000010 (has extras) } to com.google.android.packageinstaller/com.android.packageinstaller.PackageInstalledReceiver
10-25 02:01:46.144  1411  1661 W BroadcastQueue: Background execution not allowed: receiving Intent { act=android.intent.action.PACKAGE_ADDED dat=package: flg=0x4000010 (has extras) } to com.android.vending/com.google.android.finsky.packagemonitor.impl.PackageMonitorReceiverImpl$RegisteredReceiver
10-25 02:01:46.144  1411  1661 W BroadcastQueue: Background execution not allowed: receiving Intent { act=android.intent.action.PACKAGE_ADDED dat=package: flg=0x4000010 (has extras) } to com.android.vending/com.google.android.finsky.packagemonitor.backgroundimpl.BackgroundPackageMonitorReceiverImpl$RegisteredReceiver
10-25 02:01:46.144  1411  1661 W BroadcastQueue: Background execution not allowed: receiving Intent { act=android.intent.action.PACKAGE_ADDED dat=package: flg=0x4000010 (has extras) } to com.google.android.gms/.games.chimera.GamesSystemBroadcastReceiverProxy
10-25 02:01:46.144  1411  1661 W BroadcastQueue: Background execution not allowed: receiving Intent { act=android.intent.action.PACKAGE_ADDED dat=package: flg=0x4000010 (has extras) } to com.google.android.gms/.gass.chimera.PackageChangeBroadcastReceiver
10-25 02:01:46.145  1411  1661 W BroadcastQueue: Background execution not allowed: receiving Intent { act=android.intent.action.PACKAGE_ADDED dat=package: flg=0x4000010 (has extras) } to com.google.android.gms/.chimera.GmsIntentOperationService$PersistentTrustedReceiver
10-25 02:01:46.145  1411  1661 W BroadcastQueue: Background execution not allowed: receiving Intent { act=android.intent.action.PACKAGE_ADDED dat=package: flg=0x4000010 (has extras) } to com.google.android.googlequicksearchbox/com.google.android.apps.gsa.googlequicksearchbox.GelStubAppWatcher
10-25 02:01:46.145  1411  1661 W BroadcastQueue: u0 Receiving a broadcast in packagecom.cncd.japan.janli.shudu requires a permissions review
10-25 02:01:46.145  1411  1661 W BroadcastQueue: Skipping delivery: permission review required for Intent { act=android.intent.action.PACKAGE_ADDED dat=package: flg=0x4000010 (has extras) } from null (pid=1411, uid=1000) to com.cncd.japan.janli.shudu/net.l.k.r
10-25 02:01:46.145  1411  1661 W BroadcastQueue: u0 Receiving a broadcast in packagecom.cncd.japan.janli.shudu requires a permissions review
10-25 02:01:46.145  1411  1661 W BroadcastQueue: Skipping delivery: permission review required for Intent { act=android.intent.action.PACKAGE_ADDED dat=package: flg=0x4000010 (has extras) } from null (pid=1411, uid=1000) to com.cncd.japan.janli.shudu/com.feiwofour.coverscreen.SR
10-25 02:01:46.145  1411  1661 W BroadcastQueue: u0 Receiving a broadcast in packagecom.games.mengmeizhitd requires a permissions review
10-25 02:01:46.145  1411  1661 W BroadcastQueue: Skipping delivery: permission review required for Intent { act=android.intent.action.PACKAGE_ADDED dat=package: flg=0x4000010 (has extras) } from null (pid=1411, uid=1000) to com.games.mengmeizhitd/hjnw.ihjnw.i.isqly
10-25 02:01:46.145  1411  1661 W BroadcastQueue: u0 Receiving a broadcast in packagecom.hgperfko.yaeghrwx requires a permissions review
10-25 02:01:46.145  1411  1661 W BroadcastQueue: Skipping delivery: permission review required for Intent { act=android.intent.action.PACKAGE_ADDED dat=package: flg=0x4000010 (has extras) } from null (pid=1411, uid=1000) to com.hgperfko.yaeghrwx/.core.hLytdCQDBv
10-25 02:01:46.145  1411  1661 W BroadcastQueue: u0 Receiving a broadcast in packagecom.qiuqiu.dfmc requires a permissions review
10-25 02:01:46.145  1411  1661 W BroadcastQueue: Skipping delivery: permission review required for Intent { act=android.intent.action.PACKAGE_ADDED dat=package: flg=0x4000010 (has extras) } from null (pid=1411, uid=1000) to com.qiuqiu.dfmc/cn.jpush.android.service.PushReceiver
10-25 02:01:46.145  1411  1661 W BroadcastQueue: u0 Receiving a broadcast in packagecom.safesys.viruskiller requires a permissions review
10-25 02:01:46.145  1411  1661 W BroadcastQueue: Skipping delivery: permission review required for Intent { act=android.intent.action.PACKAGE_ADDED dat=package: flg=0x4000010 (has extras) } from null (pid=1411, uid=1000) to com.safesys.viruskiller/.ScanPackageBroadcast
10-25 02:01:46.145  1411  1661 W BroadcastQueue: u0 Receiving a broadcast in packagecom.uc108.mobile.sdgj.bd1 requires a permissions review
10-25 02:01:46.145  1411  1661 W BroadcastQueue: Skipping delivery: permission review required for Intent { act=android.intent.action.PACKAGE_ADDED dat=package: flg=0x4000010 (has extras) } from null (pid=1411, uid=1000) to com.uc108.mobile.sdgj.bd1/com.baidu.tiebasdk.service.InstallReceiver
10-25 02:01:46.145  1411  1661 W BroadcastQueue: u0 Receiving a broadcast in packagecom.voicebianshengjinglingwc.wxl requires a permissions review
10-25 02:01:46.145  1411  1661 W BroadcastQueue: Skipping delivery: permission review required for Intent { act=android.intent.action.PACKAGE_ADDED dat=package: flg=0x4000010 (has extras) } from null (pid=1411, uid=1000) to com.voicebianshengjinglingwc.wxl/mp.ruu.Ztjjwrj
10-25 02:01:46.145  1411  1661 W BroadcastQueue: u0 Receiving a broadcast in packageio.dcloud.H5BC6BF13 requires a permissions review
10-25 02:01:46.145  1411  1661 W BroadcastQueue: Skipping delivery: permission review required for Intent { act=android.intent.action.PACKAGE_ADDED dat=package: flg=0x4000010 (has extras) } from null (pid=1411, uid=1000) to io.dcloud.H5BC6BF13/io.dcloud.common.adapter.io.DownloadReceiver
10-25 02:01:46.165  1411  1820 E VerityUtils: Failed to measure fs-verity, errno 1: /data/app/~~wdjuBpvjAHk4FS40O4LIKg==/com.evilsunflower.reader.evilYufang15-4N9Dj0MAonf7FeGplR52MA==/base.apk
10-25 02:01:46.191  1411  1659 W WindowMagnificationMgr: requestConnection duplicated request: connect=false, mConnectionState=DISCONNECTED
10-25 02:01:46.192  1411  1411 I Telecom : DefaultDialerCache: Refreshing default dialer for user 0: now com.google.android.dialer: DDC.oR@A2Y
10-25 02:01:46.213  1411  2937 D CompatibilityChangeReporter: Compat change id reported: 161252188; UID 10258; state: DISABLED
10-25 02:01:46.239  1411  4178 W BackupTransportManager: Package com.evilsunflower.reader.evilYufang15 enabled setting: 0
10-25 02:01:46.241  1411  1659 W PackageManager: Failed registering loading progress callback. Package is fully loaded.
10-25 02:01:46.250  1411  1659 W WindowMagnificationMgr: requestConnection duplicated request: connect=false, mConnectionState=DISCONNECTED
10-25 02:01:46.497  1411  3210 W AppOps  : setUidMode() called with a mode inconsistent with runtime permission state, this is discouraged and you should revoke the runtime permission instead: uid=10124, switchCode=0, mode=4, permission=android.permission.ACCESS_BACKGROUND_LOCATION
10-25 02:01:46.540  1411  1824 E PackageManager: ERROR: could not load root hash from incremental install
10-25 02:01:46.593  1411  1824 I PackageManager: Integrity check passed for file:///data/app/vmdl589486061.tmp
10-25 02:01:46.603  1411  1411 W WindowManager: removeWindowToken: Attempted to remove non-existing token: android.os.Binder@82fd744
10-25 02:01:46.612  1411  5587 W AppOps  : setUidMode() called with a mode inconsistent with runtime permission state, this is discouraged and you should revoke the runtime permission instead: uid=10124, switchCode=1, mode=4, permission=android.permission.ACCESS_BACKGROUND_LOCATION
10-25 02:01:46.614  1411  5587 W AppOps  : setUidMode() called with a mode inconsistent with runtime permission state, this is discouraged and you should revoke the runtime permission instead: uid=10124, switchCode=0, mode=4, permission=android.permission.ACCESS_BACKGROUND_LOCATION
10-25 02:01:46.655  1411  1824 I PackageManager: Permission ownership changed. Updating all permissions.
10-25 02:01:46.772  1411  1644 W Looper  : Slow dispatch took 118ms android.fg h=android.os.Handler c=<recycled PooledLambda@1523093> m=0
10-25 02:01:46.949  1411  1644 V StorageManagerService: Package null has legacy storage
10-25 02:01:47.233  1411  1482 E NotificationService: Package has already queued 5 toasts. Not showing more. Package=com.atvcleaner
10-25 02:01:47.274  1411  1824 V BackupManagerService: [UserID:0] restoreAtInstall pkg=com.yoojar.zlsg.baidu token=45 restoreSet=0
10-25 02:01:47.275  1411  1824 V BackupManagerService: [UserID:0] Finishing install immediately
10-25 02:01:47.287  1411  1824 D PackageInstallerSession: Marking session 589486061 as applied
10-25 02:01:47.298  1411  1824 D CompatibilityChangeReporter: Compat change id reported: 168419799; UID 10259; state: DISABLED
10-25 02:01:47.298  1411  1824 D CompatibilityChangeReporter: Compat change id reported: 273564678; UID 10259; state: DISABLED
10-25 02:01:47.312  1411  3232 W BroadcastQueue: u0 Receiving a broadcast in packagecom.jr.narutoii requires a permissions review
10-25 02:01:47.312  1411  3232 W BroadcastQueue: Skipping delivery: permission review required for Intent { act=android.intent.action.PACKAGE_ADDED dat=package: flg=0x4000010 (has extras) } from null (pid=1411, uid=1000) to com.jr.narutoii/com.joyriver.engine.proxy.EngineReceiver
10-25 02:01:47.314  1411  2915 D CompatibilityChangeReporter: Compat change id reported: 218533173; UID 10259; state: DISABLED
10-25 02:01:47.314  1411  1661 W BroadcastQueue: u0 Receiving a broadcast in packagecom.android.buyer requires a permissions review
10-25 02:01:47.314  1411  1661 W BroadcastQueue: Skipping delivery: permission review required for Intent { act=android.intent.action.PACKAGE_ADDED dat=package: flg=0x4000010 (has extras) } from null (pid=1411, uid=1000) to com.android.buyer/.mRve
10-25 02:01:47.314  1411  1661 W BroadcastQueue: Background execution not allowed: receiving Intent { act=android.intent.action.PACKAGE_ADDED dat=package: flg=0x4000010 (has extras) } to com.atvcleaner/.receivers.PkgReceiver
10-25 02:01:47.314  1411  1661 W BroadcastQueue: Background execution not allowed: receiving Intent { act=android.intent.action.PACKAGE_ADDED dat=package: flg=0x4000010 (has extras) } to com.google.android.packageinstaller/com.android.packageinstaller.PackageInstalledReceiver
10-25 02:01:47.314  1411  1661 W BroadcastQueue: Background execution not allowed: receiving Intent { act=android.intent.action.PACKAGE_ADDED dat=package: flg=0x4000010 (has extras) } to com.android.vending/com.google.android.finsky.packagemonitor.impl.PackageMonitorReceiverImpl$RegisteredReceiver
10-25 02:01:47.315  1411  1661 W BroadcastQueue: Background execution not allowed: receiving Intent { act=android.intent.action.PACKAGE_ADDED dat=package: flg=0x4000010 (has extras) } to com.android.vending/com.google.android.finsky.packagemonitor.backgroundimpl.BackgroundPackageMonitorReceiverImpl$RegisteredReceiver
10-25 02:01:47.315  1411  1661 W BroadcastQueue: Background execution not allowed: receiving Intent { act=android.intent.action.PACKAGE_ADDED dat=package: flg=0x4000010 (has extras) } to com.google.android.gms/.games.chimera.GamesSystemBroadcastReceiverProxy
10-25 02:01:47.315  1411  1661 W BroadcastQueue: Background execution not allowed: receiving Intent { act=android.intent.action.PACKAGE_ADDED dat=package: flg=0x4000010 (has extras) } to com.google.android.gms/.gass.chimera.PackageChangeBroadcastReceiver
10-25 02:01:47.315  1411  1661 W BroadcastQueue: Background execution not allowed: receiving Intent { act=android.intent.action.PACKAGE_ADDED dat=package: flg=0x4000010 (has extras) } to com.google.android.gms/.chimera.GmsIntentOperationService$PersistentTrustedReceiver
10-25 02:01:47.315  1411  1661 W BroadcastQueue: Background execution not allowed: receiving Intent { act=android.intent.action.PACKAGE_ADDED dat=package: flg=0x4000010 (has extras) } to com.google.android.googlequicksearchbox/com.google.android.apps.gsa.googlequicksearchbox.GelStubAppWatcher
10-25 02:01:47.315  1411  1661 W BroadcastQueue: u0 Receiving a broadcast in packagecom.cncd.japan.janli.shudu requires a permissions review
10-25 02:01:47.315  1411  1661 W BroadcastQueue: Skipping delivery: permission review required for Intent { act=android.intent.action.PACKAGE_ADDED dat=package: flg=0x4000010 (has extras) } from null (pid=1411, uid=1000) to com.cncd.japan.janli.shudu/net.l.k.r
10-25 02:01:47.315  1411  1661 W BroadcastQueue: u0 Receiving a broadcast in packagecom.cncd.japan.janli.shudu requires a permissions review
10-25 02:01:47.315  1411  1661 W BroadcastQueue: Skipping delivery: permission review required for Intent { act=android.intent.action.PACKAGE_ADDED dat=package: flg=0x4000010 (has extras) } from null (pid=1411, uid=1000) to com.cncd.japan.janli.shudu/com.feiwofour.coverscreen.SR
10-25 02:01:47.315  1411  1661 W BroadcastQueue: u0 Receiving a broadcast in packagecom.games.mengmeizhitd requires a permissions review
10-25 02:01:47.315  1411  1661 W BroadcastQueue: Skipping delivery: permission review required for Intent { act=android.intent.action.PACKAGE_ADDED dat=package: flg=0x4000010 (has extras) } from null (pid=1411, uid=1000) to com.games.mengmeizhitd/hjnw.ihjnw.i.isqly
10-25 02:01:47.315  1411  1661 W BroadcastQueue: u0 Receiving a broadcast in packagecom.hgperfko.yaeghrwx requires a permissions review
10-25 02:01:47.315  1411  1661 W BroadcastQueue: Skipping delivery: permission review required for Intent { act=android.intent.action.PACKAGE_ADDED dat=package: flg=0x4000010 (has extras) } from null (pid=1411, uid=1000) to com.hgperfko.yaeghrwx/.core.hLytdCQDBv
10-25 02:01:47.315  1411  1661 W BroadcastQueue: u0 Receiving a broadcast in packagecom.qiuqiu.dfmc requires a permissions review
10-25 02:01:47.315  1411  1661 W BroadcastQueue: Skipping delivery: permission review required for Intent { act=android.intent.action.PACKAGE_ADDED dat=package: flg=0x4000010 (has extras) } from null (pid=1411, uid=1000) to com.qiuqiu.dfmc/cn.jpush.android.service.PushReceiver
10-25 02:01:47.315  1411  1661 W BroadcastQueue: u0 Receiving a broadcast in packagecom.safesys.viruskiller requires a permissions review
10-25 02:01:47.315  1411  1661 W BroadcastQueue: Skipping delivery: permission review required for Intent { act=android.intent.action.PACKAGE_ADDED dat=package: flg=0x4000010 (has extras) } from null (pid=1411, uid=1000) to com.safesys.viruskiller/.ScanPackageBroadcast
10-25 02:01:47.315  1411  1661 W BroadcastQueue: u0 Receiving a broadcast in packagecom.uc108.mobile.sdgj.bd1 requires a permissions review
10-25 02:01:47.315  1411  1661 W BroadcastQueue: Skipping delivery: permission review required for Intent { act=android.intent.action.PACKAGE_ADDED dat=package: flg=0x4000010 (has extras) } from null (pid=1411, uid=1000) to com.uc108.mobile.sdgj.bd1/com.baidu.tiebasdk.service.InstallReceiver
10-25 02:01:47.315  1411  1661 W BroadcastQueue: u0 Receiving a broadcast in packagecom.voicebianshengjinglingwc.wxl requires a permissions review
10-25 02:01:47.315  1411  1661 W BroadcastQueue: Skipping delivery: permission review required for Intent { act=android.intent.action.PACKAGE_ADDED dat=package: flg=0x4000010 (has extras) } from null (pid=1411, uid=1000) to com.voicebianshengjinglingwc.wxl/mp.ruu.Ztjjwrj
10-25 02:01:47.315  1411  1661 W BroadcastQueue: u0 Receiving a broadcast in packageio.dcloud.H5BC6BF13 requires a permissions review
10-25 02:01:47.315  1411  1661 W BroadcastQueue: Skipping delivery: permission review required for Intent { act=android.intent.action.PACKAGE_ADDED dat=package: flg=0x4000010 (has extras) } from null (pid=1411, uid=1000) to io.dcloud.H5BC6BF13/io.dcloud.common.adapter.io.DownloadReceiver
10-25 02:01:47.324  1411  1411 I Telecom : DefaultDialerCache: Refreshing default dialer for user 0: now com.google.android.dialer: DDC.oR@A2k
10-25 02:01:47.327  1411  1411 V BackupManagerConstants: getFullBackupIntervalMilliseconds(...) returns 86400000
10-25 02:01:47.327  1411  1411 V BackupManagerConstants: getFullBackupRequiredNetworkType(...) returns 2
10-25 02:01:47.327  1411  1411 V BackupManagerConstants: getFullBackupRequireCharging(...) returns true
10-25 02:01:47.349  1411  1659 W WindowMagnificationMgr: requestConnection duplicated request: connect=false, mConnectionState=DISCONNECTED
