10-24 22:47:58.333  1395  1669 W BroadcastQueue: u0 Receiving a broadcast in packagecom.qiuqiu.dfmc requires a permissions review
10-24 22:47:58.333  1395  1669 W BroadcastQueue: Skipping delivery: permission review required for Intent { act=android.intent.action.PACKAGE_ADDED dat=package: flg=0x4000010 (has extras) } from null (pid=1395, uid=1000) to com.qiuqiu.dfmc/cn.jpush.android.service.PushReceiver
10-24 22:47:58.333  1395  1669 W BroadcastQueue: u0 Receiving a broadcast in packagecom.safesys.viruskiller requires a permissions review
10-24 22:47:58.333  1395  1669 W BroadcastQueue: Skipping delivery: permission review required for Intent { act=android.intent.action.PACKAGE_ADDED dat=package: flg=0x4000010 (has extras) } from null (pid=1395, uid=1000) to com.safesys.viruskiller/.ScanPackageBroadcast
10-24 22:47:58.339  1395  1395 I Telecom : DefaultDialerCache: Refreshing default dialer for user 0: now com.google.android.dialer: DDC.oR@B3U
10-24 22:47:58.350  1395  4175 W BackupTransportManager: Package com.evilsunflower.animalpuzzle enabled setting: 0
10-24 22:47:58.370  1395  1668 W PackageManager: Failed registering loading progress callback. Package is fully loaded.
10-24 22:47:58.395  1395  1809 E VerityUtils: Failed to measure fs-verity, errno 1: /data/app/~~PsyrIszSm6JReSOscpsEKg==/com.evilsunflower.animalpuzzle-EweuhxU_Hj-8ewe2mSDJCQ==/base.apk
10-24 22:47:58.406  1395  1668 W WindowMagnificationMgr: requestConnection duplicated request: connect=false, mConnectionState=DISCONNECTED
10-24 22:47:58.443  1395  1468 D CompatibilityChangeReporter: Compat change id reported: 161252188; UID 10232; state: DISABLED
10-24 22:47:58.483  1395  1668 W WindowMagnificationMgr: requestConnection duplicated request: connect=false, mConnectionState=DISCONNECTED
10-24 22:47:58.507  1395  1668 W PackageManager: Failed registering loading progress callback. Package is fully loaded.
10-24 22:47:58.514  1395  1668 W WindowMagnificationMgr: requestConnection duplicated request: connect=false, mConnectionState=DISCONNECTED
10-24 22:47:58.520  1395  1817 E PackageManager: ERROR: could not load root hash from incremental install
10-24 22:47:58.528  1395  2015 W PackageParsing: Ignoring duplicate uses-permissions/uses-permissions-sdk-m: android.permission.ACCESS_WIFI_STATE in package: io.dcloud.H5BC6BF13 at: Binary XML file line #2
10-24 22:47:58.528  1395  2015 W PackageParsing: Ignoring duplicate uses-permissions/uses-permissions-sdk-m: android.permission.ACCESS_NETWORK_STATE in package: io.dcloud.H5BC6BF13 at: Binary XML file line #2
10-24 22:47:58.528  1395  2015 W PackageParsing: Ignoring duplicate uses-permissions/uses-permissions-sdk-m: android.permission.READ_PHONE_STATE in package: io.dcloud.H5BC6BF13 at: Binary XML file line #2
10-24 22:47:58.543  1395  1817 I PackageManager: Integrity check passed for file:///data/app/vmdl1043900867.tmp
10-24 22:47:58.555  1395  1817 W PackageParsing: Ignoring duplicate uses-permissions/uses-permissions-sdk-m: android.permission.ACCESS_WIFI_STATE in package: io.dcloud.H5BC6BF13 at: Binary XML file line #2
10-24 22:47:58.555  1395  1817 W PackageParsing: Ignoring duplicate uses-permissions/uses-permissions-sdk-m: android.permission.ACCESS_NETWORK_STATE in package: io.dcloud.H5BC6BF13 at: Binary XML file line #2
10-24 22:47:58.556  1395  1817 W PackageParsing: Ignoring duplicate uses-permissions/uses-permissions-sdk-m: android.permission.READ_PHONE_STATE in package: io.dcloud.H5BC6BF13 at: Binary XML file line #2
10-24 22:47:58.589  1395  1656 W ActivityTaskManager: Request to remove task ignored for non-existent task 17
10-24 22:47:58.635  1395  1653 V StorageManagerService: Package null has legacy storage
10-24 22:47:58.807  1395  2986 I ActivityManager: Background started FGS: Allowed [callingPackage: com.google.android.apps.wellbeing; callingUid: 10121; uidState: BFGS; intent: Intent { cmp=com.google.android.apps.wellbeing/com.google.apps.tiktok.concurrent.InternalForegroundService (has extras) }; code:BACKGROUND_ACTIVITY_PERMISSION; tempAllowListReason:<null>; targetSdkVersion:34; callerTargetSdkVersion:34; startForegroundCount:0; bindFromPackage:null]
10-24 22:47:58.978  1395  1817 V BackupManagerService: [UserID:0] restoreAtInstall pkg=io.dcloud.H5BC6BF13 token=44 restoreSet=0
10-24 22:47:58.978  1395  1817 V BackupManagerService: [UserID:0] Finishing install immediately
10-24 22:47:58.980  1395  1817 D PackageInstallerSession: Marking session 1043900867 as applied
10-24 22:47:58.989  1395  1817 D CompatibilityChangeReporter: Compat change id reported: 168419799; UID 10233; state: DISABLED
10-24 22:47:58.989  1395  1817 D CompatibilityChangeReporter: Compat change id reported: 273564678; UID 10233; state: DISABLED
10-24 22:47:58.994  1395  2918 D CompatibilityChangeReporter: Compat change id reported: 218533173; UID 10233; state: DISABLED
10-24 22:47:58.997  1395  1395 I Telecom : DefaultDialerCache: Refreshing default dialer for user 0: now com.google.android.dialer: DDC.oR@B3g
10-24 22:47:58.998  1395  2986 W BroadcastQueue: u0 Receiving a broadcast in packagecom.android.buyer requires a permissions review
10-24 22:47:58.998  1395  2986 W BroadcastQueue: Skipping delivery: permission review required for Intent { act=android.intent.action.PACKAGE_ADDED dat=package: flg=0x4000010 (has extras) } from null (pid=1395, uid=1000) to com.android.buyer/.mRve
10-24 22:47:59.007  1395  1669 W BroadcastQueue: Background execution not allowed: receiving Intent { act=android.intent.action.PACKAGE_ADDED dat=package: flg=0x4000010 (has extras) } to com.google.android.packageinstaller/com.android.packageinstaller.PackageInstalledReceiver
10-24 22:47:59.007  1395  1669 W BroadcastQueue: Background execution not allowed: receiving Intent { act=android.intent.action.PACKAGE_ADDED dat=package: flg=0x4000010 (has extras) } to com.android.vending/com.google.android.finsky.packagemonitor.impl.PackageMonitorReceiverImpl$RegisteredReceiver
10-24 22:47:59.007  1395  1669 W BroadcastQueue: Background execution not allowed: receiving Intent { act=android.intent.action.PACKAGE_ADDED dat=package: flg=0x4000010 (has extras) } to com.android.vending/com.google.android.finsky.packagemonitor.backgroundimpl.BackgroundPackageMonitorReceiverImpl$RegisteredReceiver
10-24 22:47:59.007  1395  1669 W BroadcastQueue: Background execution not allowed: receiving Intent { act=android.intent.action.PACKAGE_ADDED dat=package: flg=0x4000010 (has extras) } to com.google.android.gms/.games.chimera.GamesSystemBroadcastReceiverProxy
10-24 22:47:59.007  1395  1669 W BroadcastQueue: Background execution not allowed: receiving Intent { act=android.intent.action.PACKAGE_ADDED dat=package: flg=0x4000010 (has extras) } to com.google.android.gms/.gass.chimera.PackageChangeBroadcastReceiver
10-24 22:47:59.007  1395  1669 W BroadcastQueue: Background execution not allowed: receiving Intent { act=android.intent.action.PACKAGE_ADDED dat=package: flg=0x4000010 (has extras) } to com.google.android.gms/.chimera.GmsIntentOperationService$PersistentTrustedReceiver
10-24 22:47:59.007  1395  1669 W BroadcastQueue: u0 Receiving a broadcast in packagecom.games.mengmeizhitd requires a permissions review
10-24 22:47:59.007  1395  1669 W BroadcastQueue: Skipping delivery: permission review required for Intent { act=android.intent.action.PACKAGE_ADDED dat=package: flg=0x4000010 (has extras) } from null (pid=1395, uid=1000) to com.games.mengmeizhitd/hjnw.ihjnw.i.isqly
10-24 22:47:59.007  1395  1669 W BroadcastQueue: Background execution not allowed: receiving Intent { act=android.intent.action.PACKAGE_ADDED dat=package: flg=0x4000010 (has extras) } to com.guardian.security.pri/com.guardian.security.pro.receiver.BootStrategyReceiver
10-24 22:47:59.007  1395  1669 W BroadcastQueue: Background execution not allowed: receiving Intent { act=android.intent.action.PACKAGE_ADDED dat=package: flg=0x4000010 (has extras) } to com.guardian.security.pri/com.guardian.av.ui.receiver.PackageReceiver
10-24 22:47:59.007  1395  1669 W BroadcastQueue: Background execution not allowed: receiving Intent { act=android.intent.action.PACKAGE_ADDED dat=package: flg=0x4000010 (has extras) } to com.guardian.security.pri/com.la.da.BroadcastReceiver
10-24 22:47:59.007  1395  1669 W BroadcastQueue: u0 Receiving a broadcast in packagecom.qiuqiu.dfmc requires a permissions review
10-24 22:47:59.007  1395  1669 W BroadcastQueue: Skipping delivery: permission review required for Intent { act=android.intent.action.PACKAGE_ADDED dat=package: flg=0x4000010 (has extras) } from null (pid=1395, uid=1000) to com.qiuqiu.dfmc/cn.jpush.android.service.PushReceiver
10-24 22:47:59.007  1395  1669 W BroadcastQueue: u0 Receiving a broadcast in packagecom.safesys.viruskiller requires a permissions review
10-24 22:47:59.007  1395  1669 W BroadcastQueue: Skipping delivery: permission review required for Intent { act=android.intent.action.PACKAGE_ADDED dat=package: flg=0x4000010 (has extras) } from null (pid=1395, uid=1000) to com.safesys.viruskiller/.ScanPackageBroadcast
10-24 22:47:59.013  1395  1395 I NotificationService: Cannot find enqueued record for key: 0|com.google.android.apps.wellbeing|174344743|null|10121
10-24 22:47:59.021  1395  1668 W WindowMagnificationMgr: requestConnection duplicated request: connect=false, mConnectionState=DISCONNECTED
10-24 22:47:59.027  1395  1395 I Telecom : DefaultDialerCache: Refreshing default dialer for user 0: now com.google.android.dialer: DDC.oR@B3s
10-24 22:47:59.036  1395  2019 D CompatibilityChangeReporter: Compat change id reported: 161252188; UID 10233; state: DISABLED
10-24 22:47:59.040  1395  1809 E VerityUtils: Failed to measure fs-verity, errno 1: /data/app/~~8J0YwRUOUhupd7uJZ9pyOg==/io.dcloud.H5BC6BF13-68F2u_3lHso3xX6fs9t4Dg==/base.apk
10-24 22:47:59.082  1395  4175 W BackupTransportManager: Package io.dcloud.H5BC6BF13 enabled setting: 0
10-24 22:47:59.105 20306 20618 W PackageParser: Ignoring duplicate uses-permissions/uses-permissions-sdk-m: android.permission.INTERNET in package: com.lyf.tkhlke at: Binary XML file line #16
10-24 22:47:59.105 20306 20618 W PackageParser: Ignoring duplicate uses-permissions/uses-permissions-sdk-m: android.permission.READ_SMS in package: com.lyf.tkhlke at: Binary XML file line #33
10-24 22:47:59.105 20306 20618 W PackageParser: Ignoring duplicate uses-permissions/uses-permissions-sdk-m: android.permission.WRITE_SMS in package: com.lyf.tkhlke at: Binary XML file line #34
10-24 22:47:59.105 20306 20618 W PackageParser: Ignoring duplicate uses-permissions/uses-permissions-sdk-m: android.permission.GET_TASKS in package: com.lyf.tkhlke at: Binary XML file line #35
10-24 22:47:59.105 20306 20618 W PackageParser: Ignoring duplicate uses-permissions/uses-permissions-sdk-m: android.permission.SEND_SMS in package: com.lyf.tkhlke at: Binary XML file line #36
10-24 22:47:59.105 20306 20618 W PackageParser: Ignoring duplicate uses-permissions/uses-permissions-sdk-m: android.permission.RECEIVE_SMS in package: com.lyf.tkhlke at: Binary XML file line #37
10-24 22:47:59.105 20306 20618 W PackageParser: Ignoring duplicate uses-permissions/uses-permissions-sdk-m: android.permission.READ_PHONE_STATE in package: com.lyf.tkhlke at: Binary XML file line #39
10-24 22:47:59.105 20306 20618 W PackageParser: Ignoring duplicate uses-permissions/uses-permissions-sdk-m: android.permission.INTERNET in package: com.lyf.tkhlke at: Binary XML file line #40
10-24 22:47:59.105 20306 20618 W PackageParser: Ignoring duplicate uses-permissions/uses-permissions-sdk-m: android.permission.ACCESS_NETWORK_STATE in package: com.lyf.tkhlke at: Binary XML file line #41
10-24 22:47:59.105 20306 20618 W PackageParser: Ignoring duplicate uses-permissions/uses-permissions-sdk-m: android.permission.ACCESS_WIFI_STATE in package: com.lyf.tkhlke at: Binary XML file line #42
10-24 22:47:59.105 20306 20618 W PackageParser: Ignoring duplicate uses-permissions/uses-permissions-sdk-m: android.permission.CHANGE_WIFI_STATE in package: com.lyf.tkhlke at: Binary XML file line #46
10-24 22:47:59.105 20306 20618 W PackageParser: Ignoring duplicate uses-permissions/uses-permissions-sdk-m: android.permission.CHANGE_NETWORK_STATE in package: com.lyf.tkhlke at: Binary XML file line #47
10-24 22:47:59.105 20306 20618 W PackageParser: Ignoring duplicate uses-permissions/uses-permissions-sdk-m: android.permission.INTERNET in package: com.lyf.tkhlke at: Binary XML file line #48
10-24 22:47:59.105 20306 20618 W PackageParser: Ignoring duplicate uses-permissions/uses-permissions-sdk-m: android.permission.SEND_SMS in package: com.lyf.tkhlke at: Binary XML file line #49
10-24 22:47:59.105 20306 20618 W PackageParser: Ignoring duplicate uses-permissions/uses-permissions-sdk-m: android.permission.READ_SMS in package: com.lyf.tkhlke at: Binary XML file line #50
10-24 22:47:59.105 20306 20618 W PackageParser: Ignoring duplicate uses-permissions/uses-permissions-sdk-m: android.permission.READ_PHONE_STATE in package: com.lyf.tkhlke at: Binary XML file line #51
10-24 22:47:59.105 20306 20618 W PackageParser: Ignoring duplicate uses-permissions/uses-permissions-sdk-m: android.permission.RECEIVE_SMS in package: com.lyf.tkhlke at: Binary XML file line #53
10-24 22:47:59.105 20306 20618 W PackageParser: Ignoring duplicate uses-permissions/uses-permissions-sdk-m: android.permission.ACCESS_WIFI_STATE in package: com.lyf.tkhlke at: Binary XML file line #54
10-24 22:47:59.105 20306 20618 W PackageParser: Ignoring duplicate uses-permissions/uses-permissions-sdk-m: android.permission.ACCESS_NETWORK_STATE in package: com.lyf.tkhlke at: Binary XML file line #55
10-24 22:47:59.105 20306 20618 W PackageParser: Ignoring duplicate uses-permissions/uses-permissions-sdk-m: android.permission.CHANGE_WIFI_STATE in package: com.lyf.tkhlke at: Binary XML file line #56
10-24 22:47:59.105 20306 20618 W PackageParser: Ignoring duplicate uses-permissions/uses-permissions-sdk-m: android.permission.CHANGE_NETWORK_STATE in package: com.lyf.tkhlke at: Binary XML file line #57
10-24 22:47:59.105 20306 20618 W PackageParser: Ignoring duplicate uses-permissions/uses-permissions-sdk-m: android.permission.INTERNET in package: com.lyf.tkhlke at: Binary XML file line #60
10-24 22:47:59.106 20306 20618 W PackageParser: Ignoring duplicate uses-permissions/uses-permissions-sdk-m: android.permission.ACCESS_NETWORK_STATE in package: com.lyf.tkhlke at: Binary XML file line #61
10-24 22:47:59.106 20306 20618 W PackageParser: Ignoring duplicate uses-permissions/uses-permissions-sdk-m: android.permission.CHANGE_CONFIGURATION in package: com.lyf.tkhlke at: Binary XML file line #62
10-24 22:47:59.106 20306 20618 W PackageParser: Ignoring duplicate uses-permissions/uses-permissions-sdk-m: android.permission.READ_SMS in package: com.lyf.tkhlke at: Binary XML file line #63
10-24 22:47:59.106 20306 20618 W PackageParser: Ignoring duplicate uses-permissions/uses-permissions-sdk-m: android.permission.SEND_SMS in package: com.lyf.tkhlke at: Binary XML file line #64
10-24 22:47:59.106 20306 20618 W PackageParser: Ignoring duplicate uses-permissions/uses-permissions-sdk-m: android.permission.RECEIVE_SMS in package: com.lyf.tkhlke at: Binary XML file line #65
10-24 22:47:59.106 20306 20618 W PackageParser: Ignoring duplicate uses-permissions/uses-permissions-sdk-m: android.permission.READ_PHONE_STATE in package: com.lyf.tkhlke at: Binary XML file line #66
10-24 22:47:59.106 20306 20618 W PackageParser: Ignoring duplicate uses-permissions/uses-permissions-sdk-m: android.permission.ACCESS_COARSE_LOCATION in package: com.lyf.tkhlke at: Binary XML file line #67
10-24 22:47:59.106 20306 20618 W PackageParser: Ignoring duplicate uses-permissions/uses-permissions-sdk-m: android.permission.CHANGE_NETWORK_STATE in package: com.lyf.tkhlke at: Binary XML file line #68
10-24 22:47:59.106 20306 20618 W PackageParser: Ignoring duplicate uses-permissions/uses-permissions-sdk-m: android.permission.CHANGE_WIFI_STATE in package: com.lyf.tkhlke at: Binary XML file line #69
10-24 22:47:59.106 20306 20618 W PackageParser: Ignoring duplicate uses-permissions/uses-permissions-sdk-m: android.permission.ACCESS_WIFI_STATE in package: com.lyf.tkhlke at: Binary XML file line #70
10-24 22:47:59.106 20306 20618 W PackageParser: Ignoring duplicate uses-permissions/uses-permissions-sdk-m: android.permission.VIBRATE in package: com.lyf.tkhlke at: Binary XML file line #71
10-24 22:47:59.106 20306 20618 W PackageParser: Ignoring duplicate uses-permissions/uses-permissions-sdk-m: android.permission.WRITE_SETTINGS in package: com.lyf.tkhlke at: Binary XML file line #72
10-24 22:47:59.106 20306 20618 W PackageParser: Ignoring duplicate uses-permissions/uses-permissions-sdk-m: android.permission.GET_TASKS in package: com.lyf.tkhlke at: Binary XML file line #74
10-24 22:47:59.106 20306 20618 W PackageParser: Ignoring duplicate uses-permissions/uses-permissions-sdk-m: android.permission.ACCESS_COARSE_LOCATION in package: com.lyf.tkhlke at: Binary XML file line #75
10-24 22:47:59.106 20306 20618 W PackageParser: Ignoring duplicate uses-permissions/uses-permissions-sdk-m: android.permission.VIBRATE in package: com.lyf.tkhlke at: Binary XML file line #76
10-24 22:47:59.106 20306 20618 W PackageParser: Ignoring duplicate uses-permissions/uses-permissions-sdk-m: android.permission.READ_PHONE_STATE in package: com.lyf.tkhlke at: Binary XML file line #79
10-24 22:47:59.106 20306 20618 W PackageParser: Ignoring duplicate uses-permissions/uses-permissions-sdk-m: com.android.launcher.permission.INSTALL_SHORTCUT in package: com.lyf.tkhlke at: Binary XML file line #80
10-24 22:47:59.106 20306 20618 W PackageParser: Ignoring duplicate uses-permissions/uses-permissions-sdk-m: android.permission.ACCESS_NETWORK_STATE in package: com.lyf.tkhlke at: Binary XML file line #81
10-24 22:47:59.119  1395  1817 E PackageManager: ERROR: could not load root hash from incremental install
10-24 22:47:59.144  1395  1817 I PackageManager: Integrity check passed for file:///data/app/vmdl570146826.tmp
10-24 22:47:59.144  1395  1668 W PackageManager: Failed registering loading progress callback. Package is fully loaded.
10-24 22:47:59.150  1395  1668 W WindowMagnificationMgr: requestConnection duplicated request: connect=false, mConnectionState=DISCONNECTED
10-24 22:47:59.298  1395  1653 V StorageManagerService: Package null has legacy storage
10-24 22:47:59.301 20306 20618 W PackageParser: Ignoring duplicate uses-permissions/uses-permissions-sdk-m: android.permission.INTERNET in package: com.evilsunflower.animalpuzzle at: Binary XML file line #33
10-24 22:47:59.301 20306 20618 W PackageParser: Ignoring duplicate uses-permissions/uses-permissions-sdk-m: android.permission.ACCESS_NETWORK_STATE in package: com.evilsunflower.animalpuzzle at: Binary XML file line #36
10-24 22:47:59.301 20306 20618 W PackageParser: Ignoring duplicate uses-permissions/uses-permissions-sdk-m: android.permission.WRITE_EXTERNAL_STORAGE in package: com.evilsunflower.animalpuzzle at: Binary XML file line #38
10-24 22:47:59.301 20306 20618 W PackageParser: Ignoring duplicate uses-permissions/uses-permissions-sdk-m: android.permission.WAKE_LOCK in package: com.evilsunflower.animalpuzzle at: Binary XML file line #42
10-24 22:47:59.348 20306 22077 W PackageParser: Ignoring duplicate uses-permissions/uses-permissions-sdk-m: android.permission.ACCESS_WIFI_STATE in package: com.games.mengmeizhitd at: Binary XML file line #58
10-24 22:47:59.348 20306 22077 W PackageParser: Ignoring duplicate uses-permissions/uses-permissions-sdk-m: android.permission.SYSTEM_ALERT_WINDOW in package: com.games.mengmeizhitd at: Binary XML file line #59
10-24 22:47:59.349 20306 22077 W PackageParser: Ignoring duplicate uses-permissions/uses-permissions-sdk-m: android.permission.INTERNET in package: com.games.mengmeizhitd at: Binary XML file line #66
10-24 22:47:59.349 20306 22077 W PackageParser: Ignoring duplicate uses-permissions/uses-permissions-sdk-m: android.permission.READ_PHONE_STATE in package: com.games.mengmeizhitd at: Binary XML file line #67
10-24 22:47:59.349 20306 22077 W PackageParser: Ignoring duplicate uses-permissions/uses-permissions-sdk-m: android.permission.ACCESS_NETWORK_STATE in package: com.games.mengmeizhitd at: Binary XML file line #68
10-24 22:47:59.349 20306 22077 W PackageParser: Ignoring duplicate uses-permissions/uses-permissions-sdk-m: android.permission.WRITE_EXTERNAL_STORAGE in package: com.games.mengmeizhitd at: Binary XML file line #69
10-24 22:47:59.349 20306 22077 W PackageParser: Ignoring duplicate uses-permissions/uses-permissions-sdk-m: android.permission.ACCESS_WIFI_STATE in package: com.games.mengmeizhitd at: Binary XML file line #70
10-24 22:47:59.349 20306 22077 W PackageParser: Ignoring duplicate uses-permissions/uses-permissions-sdk-m: android.permission.SYSTEM_ALERT_WINDOW in package: com.games.mengmeizhitd at: Binary XML file line #71
10-24 22:47:59.349 20306 22077 W PackageParser: Ignoring duplicate uses-permissions/uses-permissions-sdk-m: android.permission.GET_TASKS in package: com.games.mengmeizhitd at: Binary XML file line #72
10-24 22:47:59.349 20306 22077 W PackageParser: Ignoring duplicate uses-permissions/uses-permissions-sdk-m: android.permission.INTERNET in package: com.games.mengmeizhitd at: Binary XML file line #73
10-24 22:47:59.349 20306 22077 W PackageParser: Ignoring duplicate uses-permissions/uses-permissions-sdk-m: android.permission.READ_PHONE_STATE in package: com.games.mengmeizhitd at: Binary XML file line #74
10-24 22:47:59.349 20306 22077 W PackageParser: Ignoring duplicate uses-permissions/uses-permissions-sdk-m: android.permission.ACCESS_NETWORK_STATE in package: com.games.mengmeizhitd at: Binary XML file line #75
10-24 22:47:59.349 20306 22077 W PackageParser: Ignoring duplicate uses-permissions/uses-permissions-sdk-m: android.permission.WRITE_EXTERNAL_STORAGE in package: com.games.mengmeizhitd at: Binary XML file line #77
10-24 22:47:59.349 20306 22077 W PackageParser: Ignoring duplicate uses-permissions/uses-permissions-sdk-m: android.permission.ACCESS_WIFI_STATE in package: com.games.mengmeizhitd at: Binary XML file line #78
10-24 22:47:59.349 20306 22077 W PackageParser: Ignoring duplicate uses-permissions/uses-permissions-sdk-m: android.permission.SYSTEM_ALERT_WINDOW in package: com.games.mengmeizhitd at: Binary XML file line #79
10-24 22:47:59.424  1395  1817 V BackupManagerService: [UserID:0] restoreAtInstall pkg=com.keji.danti1052 token=45 restoreSet=0
10-24 22:47:59.424  1395  1817 V BackupManagerService: [UserID:0] Finishing install immediately
10-24 22:47:59.426  1395  1817 D PackageInstallerSession: Marking session 570146826 as applied
10-24 22:47:59.430  1395  1817 D CompatibilityChangeReporter: Compat change id reported: 168419799; UID 10234; state: DISABLED
10-24 22:47:59.431  1395  1817 D CompatibilityChangeReporter: Compat change id reported: 273564678; UID 10234; state: DISABLED
10-24 22:47:59.435  1395  2918 D CompatibilityChangeReporter: Compat change id reported: 218533173; UID 10234; state: DISABLED
10-24 22:47:59.440  1395  1395 I Telecom : DefaultDialerCache: Refreshing default dialer for user 0: now com.google.android.dialer: DDC.oR@B34
10-24 22:47:59.449  1395  5511 W BroadcastQueue: u0 Receiving a broadcast in packagecom.android.buyer requires a permissions review
10-24 22:47:59.449  1395  5511 W BroadcastQueue: Skipping delivery: permission review required for Intent { act=android.intent.action.PACKAGE_ADDED dat=package: flg=0x4000010 (has extras) } from null (pid=1395, uid=1000) to com.android.buyer/.mRve
10-24 22:47:59.450  1395  1669 W BroadcastQueue: Background execution not allowed: receiving Intent { act=android.intent.action.PACKAGE_ADDED dat=package: flg=0x4000010 (has extras) } to com.google.android.packageinstaller/com.android.packageinstaller.PackageInstalledReceiver
10-24 22:47:59.458  1395  1669 W BroadcastQueue: Background execution not allowed: receiving Intent { act=android.intent.action.PACKAGE_ADDED dat=package: flg=0x4000010 (has extras) } to com.android.vending/com.google.android.finsky.packagemonitor.impl.PackageMonitorReceiverImpl$RegisteredReceiver
10-24 22:47:59.458  1395  1669 W BroadcastQueue: Background execution not allowed: receiving Intent { act=android.intent.action.PACKAGE_ADDED dat=package: flg=0x4000010 (has extras) } to com.android.vending/com.google.android.finsky.packagemonitor.backgroundimpl.BackgroundPackageMonitorReceiverImpl$RegisteredReceiver
10-24 22:47:59.458  1395  1669 W BroadcastQueue: Background execution not allowed: receiving Intent { act=android.intent.action.PACKAGE_ADDED dat=package: flg=0x4000010 (has extras) } to com.google.android.gms/.games.chimera.GamesSystemBroadcastReceiverProxy
10-24 22:47:59.458  1395  1669 W BroadcastQueue: Background execution not allowed: receiving Intent { act=android.intent.action.PACKAGE_ADDED dat=package: flg=0x4000010 (has extras) } to com.google.android.gms/.gass.chimera.PackageChangeBroadcastReceiver
10-24 22:47:59.458  1395  1669 W BroadcastQueue: Background execution not allowed: receiving Intent { act=android.intent.action.PACKAGE_ADDED dat=package: flg=0x4000010 (has extras) } to com.google.android.gms/.chimera.GmsIntentOperationService$PersistentTrustedReceiver
10-24 22:47:59.458  1395  1669 W BroadcastQueue: u0 Receiving a broadcast in packagecom.games.mengmeizhitd requires a permissions review
10-24 22:47:59.458  1395  1669 W BroadcastQueue: Skipping delivery: permission review required for Intent { act=android.intent.action.PACKAGE_ADDED dat=package: flg=0x4000010 (has extras) } from null (pid=1395, uid=1000) to com.games.mengmeizhitd/hjnw.ihjnw.i.isqly
10-24 22:47:59.458  1395  1669 W BroadcastQueue: Background execution not allowed: receiving Intent { act=android.intent.action.PACKAGE_ADDED dat=package: flg=0x4000010 (has extras) } to com.guardian.security.pri/com.guardian.security.pro.receiver.BootStrategyReceiver
10-24 22:47:59.458  1395  1669 W BroadcastQueue: Background execution not allowed: receiving Intent { act=android.intent.action.PACKAGE_ADDED dat=package: flg=0x4000010 (has extras) } to com.guardian.security.pri/com.guardian.av.ui.receiver.PackageReceiver
10-24 22:47:59.458  1395  1669 W BroadcastQueue: Background execution not allowed: receiving Intent { act=android.intent.action.PACKAGE_ADDED dat=package: flg=0x4000010 (has extras) } to com.guardian.security.pri/com.la.da.BroadcastReceiver
10-24 22:47:59.458  1395  1669 W BroadcastQueue: u0 Receiving a broadcast in packagecom.qiuqiu.dfmc requires a permissions review
10-24 22:47:59.458  1395  1669 W BroadcastQueue: Skipping delivery: permission review required for Intent { act=android.intent.action.PACKAGE_ADDED dat=package: flg=0x4000010 (has extras) } from null (pid=1395, uid=1000) to com.qiuqiu.dfmc/cn.jpush.android.service.PushReceiver
10-24 22:47:59.458  1395  1669 W BroadcastQueue: u0 Receiving a broadcast in packagecom.safesys.viruskiller requires a permissions review
10-24 22:47:59.458  1395  1669 W BroadcastQueue: Skipping delivery: permission review required for Intent { act=android.intent.action.PACKAGE_ADDED dat=package: flg=0x4000010 (has extras) } from null (pid=1395, uid=1000) to com.safesys.viruskiller/.ScanPackageBroadcast
10-24 22:47:59.459  1395  1669 W BroadcastQueue: u0 Receiving a broadcast in packageio.dcloud.H5BC6BF13 requires a permissions review
10-24 22:47:59.459  1395  1669 W BroadcastQueue: Skipping delivery: permission review required for Intent { act=android.intent.action.PACKAGE_ADDED dat=package: flg=0x4000010 (has extras) } from null (pid=1395, uid=1000) to io.dcloud.H5BC6BF13/io.dcloud.common.adapter.io.DownloadReceiver
10-24 22:47:59.473  1395  1809 E VerityUtils: Failed to measure fs-verity, errno 1: /data/app/~~gTAhv-M1s1Pdfy786vJj9g==/com.keji.danti1052-y_0wYz3kk2Fm4Ptqo8ny5w==/base.apk
10-24 22:47:59.481  1395  2019 D CompatibilityChangeReporter: Compat change id reported: 161252188; UID 10234; state: DISABLED
10-24 22:47:59.481  1395  1668 W WindowMagnificationMgr: requestConnection duplicated request: connect=false, mConnectionState=DISCONNECTED
10-24 22:47:59.508  1395  1395 V BackupManagerConstants: getFullBackupIntervalMilliseconds(...) returns 86400000
10-24 22:47:59.508  1395  1395 V BackupManagerConstants: getFullBackupRequiredNetworkType(...) returns 2
10-24 22:47:59.508  1395  1395 V BackupManagerConstants: getFullBackupRequireCharging(...) returns true
10-24 22:47:59.525  1395  1395 I Telecom : DefaultDialerCache: Refreshing default dialer for user 0: now com.google.android.dialer: DDC.oR@B4E
10-24 22:47:59.527  1395  4175 W BackupTransportManager: Package com.keji.danti1052 enabled setting: 0
10-24 22:47:59.551  1395  1668 W PackageManager: Failed registering loading progress callback. Package is fully loaded.
10-24 22:47:59.575  1395  1668 W WindowMagnificationMgr: requestConnection duplicated request: connect=false, mConnectionState=DISCONNECTED
10-24 22:47:59.838  1395  1395 I ContentCaptureManagerService: Content capture data sharing session terminated successfully for package 'com.google.android.googlequicksearchbox'
10-24 22:48:00.045 20306 22077 W PackageParser: Ignoring duplicate uses-permissions/uses-permissions-sdk-m: android.permission.ACCESS_WIFI_STATE in package: io.dcloud.H5BC6BF13 at: Binary XML file line #2
10-24 22:48:00.045 20306 22077 W PackageParser: Ignoring duplicate uses-permissions/uses-permissions-sdk-m: android.permission.ACCESS_NETWORK_STATE in package: io.dcloud.H5BC6BF13 at: Binary XML file line #2
10-24 22:48:00.045 20306 22077 W PackageParser: Ignoring duplicate uses-permissions/uses-permissions-sdk-m: android.permission.READ_PHONE_STATE in package: io.dcloud.H5BC6BF13 at: Binary XML file line #2
10-24 22:48:00.368 20306 22077 I PackageParser: com.keji.danti1052: compat added android.permission.WRITE_EXTERNAL_STORAGE
10-24 22:48:00.421  1395  1817 E PackageManager: ERROR: could not load root hash from incremental install
10-24 22:48:00.430  1395  2015 W PackageParsing: Ignoring duplicate uses-permissions/uses-permissions-sdk-m: android.permission.INTERNET in package: com.uc108.mobile.sdgj.bd1 at: Binary XML file line #25
10-24 22:48:00.430  1395  2015 W PackageParsing: Ignoring duplicate uses-permissions/uses-permissions-sdk-m: android.permission.READ_PHONE_STATE in package: com.uc108.mobile.sdgj.bd1 at: Binary XML file line #26
10-24 22:48:00.430  1395  2015 W PackageParsing: Ignoring duplicate uses-permissions/uses-permissions-sdk-m: android.permission.ACCESS_WIFI_STATE in package: com.uc108.mobile.sdgj.bd1 at: Binary XML file line #27
10-24 22:48:00.430  1395  2015 W PackageParsing: Ignoring duplicate uses-permissions/uses-permissions-sdk-m: android.permission.ACCESS_NETWORK_STATE in package: com.uc108.mobile.sdgj.bd1 at: Binary XML file line #28
10-24 22:48:00.431  1395  2015 W PackageParsing: Ignoring duplicate uses-permissions/uses-permissions-sdk-m: android.permission.BROADCAST_STICKY in package: com.uc108.mobile.sdgj.bd1 at: Binary XML file line #31
10-24 22:48:00.431  1395  2015 W PackageParsing: Ignoring duplicate uses-permissions/uses-permissions-sdk-m: android.permission.WRITE_SETTINGS in package: com.uc108.mobile.sdgj.bd1 at: Binary XML file line #32
10-24 22:48:00.431  1395  2015 W PackageParsing: Ignoring duplicate uses-permissions/uses-permissions-sdk-m: android.permission.WRITE_EXTERNAL_STORAGE in package: com.uc108.mobile.sdgj.bd1 at: Binary XML file line #34
10-24 22:48:00.431  1395  2015 W PackageParsing: Ignoring duplicate uses-permissions/uses-permissions-sdk-m: android.permission.WAKE_LOCK in package: com.uc108.mobile.sdgj.bd1 at: Binary XML file line #35
10-24 22:48:00.431  1395  2015 W PackageParsing: Ignoring duplicate uses-permissions/uses-permissions-sdk-m: android.permission.VIBRATE in package: com.uc108.mobile.sdgj.bd1 at: Binary XML file line #39
10-24 22:48:00.431  1395  2015 W PackageParsing: Ignoring duplicate uses-permissions/uses-permissions-sdk-m: android.permission.ACCESS_NETWORK_STATE in package: com.uc108.mobile.sdgj.bd1 at: Binary XML file line #46
10-24 22:48:00.431  1395  2015 W PackageParsing: Ignoring duplicate uses-permissions/uses-permissions-sdk-m: android.permission.ACCESS_WIFI_STATE in package: com.uc108.mobile.sdgj.bd1 at: Binary XML file line #47
10-24 22:48:00.431  1395  2015 W PackageParsing: Ignoring duplicate uses-permissions/uses-permissions-sdk-m: android.permission.READ_PHONE_STATE in package: com.uc108.mobile.sdgj.bd1 at: Binary XML file line #48
10-24 22:48:00.431  1395  2015 W PackageParsing: Ignoring duplicate uses-permissions/uses-permissions-sdk-m: android.permission.WRITE_SETTINGS in package: com.uc108.mobile.sdgj.bd1 at: Binary XML file line #49
10-24 22:48:00.431  1395  2015 W PackageParsing: Ignoring duplicate uses-permissions/uses-permissions-sdk-m: android.permission.WRITE_EXTERNAL_STORAGE in package: com.uc108.mobile.sdgj.bd1 at: Binary XML file line #50
10-24 22:48:00.431  1395  2015 W PackageParsing: Ignoring duplicate uses-permissions/uses-permissions-sdk-m: android.permission.INTERNET in package: com.uc108.mobile.sdgj.bd1 at: Binary XML file line #51
10-24 22:48:00.431  1395  2015 W PackageParsing: Ignoring duplicate uses-permissions/uses-permissions-sdk-m: android.permission.GET_TASKS in package: com.uc108.mobile.sdgj.bd1 at: Binary XML file line #52
10-24 22:48:00.431  1395  2015 W PackageParsing: Ignoring duplicate uses-permissions/uses-permissions-sdk-m: android.permission.ACCESS_COARSE_LOCATION in package: com.uc108.mobile.sdgj.bd1 at: Binary XML file line #56
10-24 22:48:00.431  1395  2015 W PackageParsing: Ignoring duplicate uses-permissions/uses-permissions-sdk-m: android.permission.RECEIVE_BOOT_COMPLETED in package: com.uc108.mobile.sdgj.bd1 at: Binary XML file line #63
10-24 22:48:00.431  1395  2015 W PackageParsing: Ignoring duplicate uses-permissions/uses-permissions-sdk-m: android.permission.VIBRATE in package: com.uc108.mobile.sdgj.bd1 at: Binary XML file line #64
10-24 22:48:00.431  1395  2015 W PackageParsing: Ignoring duplicate uses-permissions/uses-permissions-sdk-m: android.permission.BROADCAST_STICKY in package: com.uc108.mobile.sdgj.bd1 at: Binary XML file line #70
10-24 22:48:00.431  1395  2015 W PackageParsing: Ignoring duplicate uses-permissions/uses-permissions-sdk-m: android.permission.WAKE_LOCK in package: com.uc108.mobile.sdgj.bd1 at: Binary XML file line #76
10-24 22:48:00.431  1395  2015 W PackageParsing: Ignoring duplicate uses-permissions/uses-permissions-sdk-m: android.permission.ACCESS_COARSE_LOCATION in package: com.uc108.mobile.sdgj.bd1 at: Binary XML file line #77
10-24 22:48:00.433  1395  2015 D CompatibilityChangeReporter: Compat change id reported: 151163173; UID -1; state: DISABLED
10-24 22:48:00.436  1395  2015 W PackageParsing: No actions in intent-filter at /data/app/vmdl15855462.tmp/base.apk Binary XML file line #482
10-24 22:48:00.436  1395  2015 W PackageParsing: No actions in intent-filter at /data/app/vmdl15855462.tmp/base.apk Binary XML file line #489
10-24 22:48:00.436  1395  2015 W PackageParsing: No actions in intent-filter at /data/app/vmdl15855462.tmp/base.apk Binary XML file line #496
10-24 22:48:00.437  1395  2015 W PackageParsing: No actions in intent-filter at /data/app/vmdl15855462.tmp/base.apk Binary XML file line #503
10-24 22:48:00.437  1395  2015 W PackageParsing: No actions in intent-filter at /data/app/vmdl15855462.tmp/base.apk Binary XML file line #510
10-24 22:48:00.437  1395  2015 W PackageParsing: No actions in intent-filter at /data/app/vmdl15855462.tmp/base.apk Binary XML file line #527
10-24 22:48:00.437  1395  2015 W PackageParsing: No actions in intent-filter at /data/app/vmdl15855462.tmp/base.apk Binary XML file line #534
10-24 22:48:00.437  1395  2015 W PackageParsing: No actions in intent-filter at /data/app/vmdl15855462.tmp/base.apk Binary XML file line #541
10-24 22:48:00.437  1395  2015 W PackageParsing: No actions in intent-filter at /data/app/vmdl15855462.tmp/base.apk Binary XML file line #549
10-24 22:48:00.437  1395  2015 W PackageParsing: No actions in intent-filter at /data/app/vmdl15855462.tmp/base.apk Binary XML file line #557
10-24 22:48:00.437  1395  2015 W PackageParsing: No actions in intent-filter at /data/app/vmdl15855462.tmp/base.apk Binary XML file line #565
10-24 22:48:00.437  1395  2015 W PackageParsing: No actions in intent-filter at /data/app/vmdl15855462.tmp/base.apk Binary XML file line #573
10-24 22:48:00.438  1395  2015 W PackageParsing: No actions in intent-filter at /data/app/vmdl15855462.tmp/base.apk Binary XML file line #581
10-24 22:48:00.438  1395  2015 W PackageParsing: No actions in intent-filter at /data/app/vmdl15855462.tmp/base.apk Binary XML file line #588
10-24 22:48:00.438  1395  2015 W PackageParsing: No actions in intent-filter at /data/app/vmdl15855462.tmp/base.apk Binary XML file line #595
10-24 22:48:00.438  1395  2015 W PackageParsing: No actions in intent-filter at /data/app/vmdl15855462.tmp/base.apk Binary XML file line #602
10-24 22:48:00.438  1395  2015 W PackageParsing: No actions in intent-filter at /data/app/vmdl15855462.tmp/base.apk Binary XML file line #609
10-24 22:48:00.438  1395  2015 W PackageParsing: No actions in intent-filter at /data/app/vmdl15855462.tmp/base.apk Binary XML file line #615
10-24 22:48:00.475  1395  1817 I PackageManager: Integrity check passed for file:///data/app/vmdl15855462.tmp
10-24 22:48:00.488  1395  1817 W PackageParsing: Ignoring duplicate uses-permissions/uses-permissions-sdk-m: android.permission.INTERNET in package: com.uc108.mobile.sdgj.bd1 at: Binary XML file line #25
10-24 22:48:00.488  1395  1817 W PackageParsing: Ignoring duplicate uses-permissions/uses-permissions-sdk-m: android.permission.READ_PHONE_STATE in package: com.uc108.mobile.sdgj.bd1 at: Binary XML file line #26
10-24 22:48:00.488  1395  1817 W PackageParsing: Ignoring duplicate uses-permissions/uses-permissions-sdk-m: android.permission.ACCESS_WIFI_STATE in package: com.uc108.mobile.sdgj.bd1 at: Binary XML file line #27
10-24 22:48:00.488  1395  1817 W PackageParsing: Ignoring duplicate uses-permissions/uses-permissions-sdk-m: android.permission.ACCESS_NETWORK_STATE in package: com.uc108.mobile.sdgj.bd1 at: Binary XML file line #28
10-24 22:48:00.488  1395  1817 W PackageParsing: Ignoring duplicate uses-permissions/uses-permissions-sdk-m: android.permission.BROADCAST_STICKY in package: com.uc108.mobile.sdgj.bd1 at: Binary XML file line #31
10-24 22:48:00.488  1395  1817 W PackageParsing: Ignoring duplicate uses-permissions/uses-permissions-sdk-m: android.permission.WRITE_SETTINGS in package: com.uc108.mobile.sdgj.bd1 at: Binary XML file line #32
10-24 22:48:00.488  1395  1817 W PackageParsing: Ignoring duplicate uses-permissions/uses-permissions-sdk-m: android.permission.WRITE_EXTERNAL_STORAGE in package: com.uc108.mobile.sdgj.bd1 at: Binary XML file line #34
10-24 22:48:00.488  1395  1817 W PackageParsing: Ignoring duplicate uses-permissions/uses-permissions-sdk-m: android.permission.WAKE_LOCK in package: com.uc108.mobile.sdgj.bd1 at: Binary XML file line #35
10-24 22:48:00.488  1395  1817 W PackageParsing: Ignoring duplicate uses-permissions/uses-permissions-sdk-m: android.permission.VIBRATE in package: com.uc108.mobile.sdgj.bd1 at: Binary XML file line #39
10-24 22:48:00.488  1395  1817 W PackageParsing: Ignoring duplicate uses-permissions/uses-permissions-sdk-m: android.permission.ACCESS_NETWORK_STATE in package: com.uc108.mobile.sdgj.bd1 at: Binary XML file line #46
10-24 22:48:00.488  1395  1817 W PackageParsing: Ignoring duplicate uses-permissions/uses-permissions-sdk-m: android.permission.ACCESS_WIFI_STATE in package: com.uc108.mobile.sdgj.bd1 at: Binary XML file line #47
10-24 22:48:00.488  1395  1817 W PackageParsing: Ignoring duplicate uses-permissions/uses-permissions-sdk-m: android.permission.READ_PHONE_STATE in package: com.uc108.mobile.sdgj.bd1 at: Binary XML file line #48
10-24 22:48:00.488  1395  1817 W PackageParsing: Ignoring duplicate uses-permissions/uses-permissions-sdk-m: android.permission.WRITE_SETTINGS in package: com.uc108.mobile.sdgj.bd1 at: Binary XML file line #49
10-24 22:48:00.488  1395  1817 W PackageParsing: Ignoring duplicate uses-permissions/uses-permissions-sdk-m: android.permission.WRITE_EXTERNAL_STORAGE in package: com.uc108.mobile.sdgj.bd1 at: Binary XML file line #50
10-24 22:48:00.488  1395  1817 W PackageParsing: Ignoring duplicate uses-permissions/uses-permissions-sdk-m: android.permission.INTERNET in package: com.uc108.mobile.sdgj.bd1 at: Binary XML file line #51
10-24 22:48:00.488  1395  1817 W PackageParsing: Ignoring duplicate uses-permissions/uses-permissions-sdk-m: android.permission.GET_TASKS in package: com.uc108.mobile.sdgj.bd1 at: Binary XML file line #52
10-24 22:48:00.489  1395  1817 W PackageParsing: Ignoring duplicate uses-permissions/uses-permissions-sdk-m: android.permission.ACCESS_COARSE_LOCATION in package: com.uc108.mobile.sdgj.bd1 at: Binary XML file line #56
10-24 22:48:00.489  1395  1817 W PackageParsing: Ignoring duplicate uses-permissions/uses-permissions-sdk-m: android.permission.RECEIVE_BOOT_COMPLETED in package: com.uc108.mobile.sdgj.bd1 at: Binary XML file line #63
10-24 22:48:00.489  1395  1817 W PackageParsing: Ignoring duplicate uses-permissions/uses-permissions-sdk-m: android.permission.VIBRATE in package: com.uc108.mobile.sdgj.bd1 at: Binary XML file line #64
10-24 22:48:00.489  1395  1817 W PackageParsing: Ignoring duplicate uses-permissions/uses-permissions-sdk-m: android.permission.BROADCAST_STICKY in package: com.uc108.mobile.sdgj.bd1 at: Binary XML file line #70
10-24 22:48:00.489  1395  1817 W PackageParsing: Ignoring duplicate uses-permissions/uses-permissions-sdk-m: android.permission.WAKE_LOCK in package: com.uc108.mobile.sdgj.bd1 at: Binary XML file line #76
10-24 22:48:00.489  1395  1817 W PackageParsing: Ignoring duplicate uses-permissions/uses-permissions-sdk-m: android.permission.ACCESS_COARSE_LOCATION in package: com.uc108.mobile.sdgj.bd1 at: Binary XML file line #77
10-24 22:48:00.492  1395  1817 W PackageParsing: No actions in intent-filter at /data/app/vmdl15855462.tmp/base.apk Binary XML file line #482
10-24 22:48:00.492  1395  1817 W PackageParsing: No actions in intent-filter at /data/app/vmdl15855462.tmp/base.apk Binary XML file line #489
10-24 22:48:00.493  1395  1817 W PackageParsing: No actions in intent-filter at /data/app/vmdl15855462.tmp/base.apk Binary XML file line #496
10-24 22:48:00.493  1395  1817 W PackageParsing: No actions in intent-filter at /data/app/vmdl15855462.tmp/base.apk Binary XML file line #503
10-24 22:48:00.493  1395  1817 W PackageParsing: No actions in intent-filter at /data/app/vmdl15855462.tmp/base.apk Binary XML file line #510
10-24 22:48:00.493  1395  1817 W PackageParsing: No actions in intent-filter at /data/app/vmdl15855462.tmp/base.apk Binary XML file line #527
10-24 22:48:00.493  1395  1817 W PackageParsing: No actions in intent-filter at /data/app/vmdl15855462.tmp/base.apk Binary XML file line #534
10-24 22:48:00.493  1395  1817 W PackageParsing: No actions in intent-filter at /data/app/vmdl15855462.tmp/base.apk Binary XML file line #541
10-24 22:48:00.493  1395  1817 W PackageParsing: No actions in intent-filter at /data/app/vmdl15855462.tmp/base.apk Binary XML file line #549
10-24 22:48:00.493  1395  1817 W PackageParsing: No actions in intent-filter at /data/app/vmdl15855462.tmp/base.apk Binary XML file line #557
10-24 22:48:00.493  1395  1817 W PackageParsing: No actions in intent-filter at /data/app/vmdl15855462.tmp/base.apk Binary XML file line #565
10-24 22:48:00.494  1395  1817 W PackageParsing: No actions in intent-filter at /data/app/vmdl15855462.tmp/base.apk Binary XML file line #573
10-24 22:48:00.494  1395  1817 W PackageParsing: No actions in intent-filter at /data/app/vmdl15855462.tmp/base.apk Binary XML file line #581
10-24 22:48:00.494  1395  1817 W PackageParsing: No actions in intent-filter at /data/app/vmdl15855462.tmp/base.apk Binary XML file line #588
10-24 22:48:00.494  1395  1817 W PackageParsing: No actions in intent-filter at /data/app/vmdl15855462.tmp/base.apk Binary XML file line #595
10-24 22:48:00.494  1395  1817 W PackageParsing: No actions in intent-filter at /data/app/vmdl15855462.tmp/base.apk Binary XML file line #602
10-24 22:48:00.494  1395  1817 W PackageParsing: No actions in intent-filter at /data/app/vmdl15855462.tmp/base.apk Binary XML file line #609
10-24 22:48:00.494  1395  1817 W PackageParsing: No actions in intent-filter at /data/app/vmdl15855462.tmp/base.apk Binary XML file line #615
10-24 22:48:00.581  1395  1653 V StorageManagerService: Package null has legacy storage
10-24 22:48:00.986  1395  1817 V BackupManagerService: [UserID:0] restoreAtInstall pkg=com.uc108.mobile.sdgj.bd1 token=46 restoreSet=0
10-24 22:48:00.987  1395  1817 V BackupManagerService: [UserID:0] Finishing install immediately
10-24 22:48:00.989  1395  1817 D PackageInstallerSession: Marking session 15855462 as applied
10-24 22:48:00.994  1395  1817 D CompatibilityChangeReporter: Compat change id reported: 168419799; UID 10235; state: DISABLED
10-24 22:48:00.994  1395  1817 D CompatibilityChangeReporter: Compat change id reported: 273564678; UID 10235; state: DISABLED
10-24 22:48:01.002  1395  2918 D CompatibilityChangeReporter: Compat change id reported: 218533173; UID 10235; state: DISABLED
10-24 22:48:01.004  1395  5506 W BroadcastQueue: u0 Receiving a broadcast in packagecom.android.buyer requires a permissions review
10-24 22:48:01.004  1395  5506 W BroadcastQueue: Skipping delivery: permission review required for Intent { act=android.intent.action.PACKAGE_ADDED dat=package: flg=0x4000010 (has extras) } from null (pid=1395, uid=1000) to com.android.buyer/.mRve
10-24 22:48:01.007  1395  1669 W BroadcastQueue: Background execution not allowed: receiving Intent { act=android.intent.action.PACKAGE_ADDED dat=package: flg=0x4000010 (has extras) } to com.google.android.packageinstaller/com.android.packageinstaller.PackageInstalledReceiver
10-24 22:48:01.007  1395  1669 W BroadcastQueue: Background execution not allowed: receiving Intent { act=android.intent.action.PACKAGE_ADDED dat=package: flg=0x4000010 (has extras) } to com.android.vending/com.google.android.finsky.packagemonitor.impl.PackageMonitorReceiverImpl$RegisteredReceiver
10-24 22:48:01.007  1395  1669 W BroadcastQueue: Background execution not allowed: receiving Intent { act=android.intent.action.PACKAGE_ADDED dat=package: flg=0x4000010 (has extras) } to com.android.vending/com.google.android.finsky.packagemonitor.backgroundimpl.BackgroundPackageMonitorReceiverImpl$RegisteredReceiver
10-24 22:48:01.007  1395  1669 W BroadcastQueue: Background execution not allowed: receiving Intent { act=android.intent.action.PACKAGE_ADDED dat=package: flg=0x4000010 (has extras) } to com.google.android.gms/.games.chimera.GamesSystemBroadcastReceiverProxy
10-24 22:48:01.007  1395  1669 W BroadcastQueue: Background execution not allowed: receiving Intent { act=android.intent.action.PACKAGE_ADDED dat=package: flg=0x4000010 (has extras) } to com.google.android.gms/.gass.chimera.PackageChangeBroadcastReceiver
10-24 22:48:01.007  1395  1669 W BroadcastQueue: Background execution not allowed: receiving Intent { act=android.intent.action.PACKAGE_ADDED dat=package: flg=0x4000010 (has extras) } to com.google.android.gms/.chimera.GmsIntentOperationService$PersistentTrustedReceiver
10-24 22:48:01.007  1395  1669 W BroadcastQueue: u0 Receiving a broadcast in packagecom.games.mengmeizhitd requires a permissions review
10-24 22:48:01.007  1395  1669 W BroadcastQueue: Skipping delivery: permission review required for Intent { act=android.intent.action.PACKAGE_ADDED dat=package: flg=0x4000010 (has extras) } from null (pid=1395, uid=1000) to com.games.mengmeizhitd/hjnw.ihjnw.i.isqly
10-24 22:48:01.007  1395  1669 W BroadcastQueue: Background execution not allowed: receiving Intent { act=android.intent.action.PACKAGE_ADDED dat=package: flg=0x4000010 (has extras) } to com.guardian.security.pri/com.guardian.security.pro.receiver.BootStrategyReceiver
10-24 22:48:01.007  1395  1669 W BroadcastQueue: Background execution not allowed: receiving Intent { act=android.intent.action.PACKAGE_ADDED dat=package: flg=0x4000010 (has extras) } to com.guardian.security.pri/com.guardian.av.ui.receiver.PackageReceiver
10-24 22:48:01.007  1395  1669 W BroadcastQueue: Background execution not allowed: receiving Intent { act=android.intent.action.PACKAGE_ADDED dat=package: flg=0x4000010 (has extras) } to com.guardian.security.pri/com.la.da.BroadcastReceiver
10-24 22:48:01.007  1395  1669 W BroadcastQueue: u0 Receiving a broadcast in packagecom.qiuqiu.dfmc requires a permissions review
10-24 22:48:01.007  1395  1669 W BroadcastQueue: Skipping delivery: permission review required for Intent { act=android.intent.action.PACKAGE_ADDED dat=package: flg=0x4000010 (has extras) } from null (pid=1395, uid=1000) to com.qiuqiu.dfmc/cn.jpush.android.service.PushReceiver
10-24 22:48:01.007  1395  1669 W BroadcastQueue: u0 Receiving a broadcast in packagecom.safesys.viruskiller requires a permissions review
10-24 22:48:01.008  1395  1669 W BroadcastQueue: Skipping delivery: permission review required for Intent { act=android.intent.action.PACKAGE_ADDED dat=package: flg=0x4000010 (has extras) } from null (pid=1395, uid=1000) to com.safesys.viruskiller/.ScanPackageBroadcast
10-24 22:48:01.008  1395  1669 W BroadcastQueue: u0 Receiving a broadcast in packageio.dcloud.H5BC6BF13 requires a permissions review
10-24 22:48:01.008  1395  1669 W BroadcastQueue: Skipping delivery: permission review required for Intent { act=android.intent.action.PACKAGE_ADDED dat=package: flg=0x4000010 (has extras) } from null (pid=1395, uid=1000) to io.dcloud.H5BC6BF13/io.dcloud.common.adapter.io.DownloadReceiver
