10-24 22:48:05.953  1395  1669 W BroadcastQueue: Background execution not allowed: receiving Intent { act=android.intent.action.PACKAGE_ADDED dat=package: flg=0x4000010 (has extras) } to com.google.android.gms/.games.chimera.GamesSystemBroadcastReceiverProxy
10-24 22:48:05.953  1395  1669 W BroadcastQueue: Background execution not allowed: receiving Intent { act=android.intent.action.PACKAGE_ADDED dat=package: flg=0x4000010 (has extras) } to com.google.android.gms/.gass.chimera.PackageChangeBroadcastReceiver
10-24 22:48:05.953  1395  1669 W BroadcastQueue: Background execution not allowed: receiving Intent { act=android.intent.action.PACKAGE_ADDED dat=package: flg=0x4000010 (has extras) } to com.google.android.gms/.chimera.GmsIntentOperationService$PersistentTrustedReceiver
10-24 22:48:05.953  1395  1669 W BroadcastQueue: u0 Receiving a broadcast in packagecom.cncd.japan.janli.shudu requires a permissions review
10-24 22:48:05.953  1395  1669 W BroadcastQueue: Skipping delivery: permission review required for Intent { act=android.intent.action.PACKAGE_ADDED dat=package: flg=0x4000010 (has extras) } from null (pid=1395, uid=1000) to com.cncd.japan.janli.shudu/net.l.k.r
10-24 22:48:05.953  1395  1669 W BroadcastQueue: u0 Receiving a broadcast in packagecom.cncd.japan.janli.shudu requires a permissions review
10-24 22:48:05.954  1395  1669 W BroadcastQueue: Skipping delivery: permission review required for Intent { act=android.intent.action.PACKAGE_ADDED dat=package: flg=0x4000010 (has extras) } from null (pid=1395, uid=1000) to com.cncd.japan.janli.shudu/com.feiwofour.coverscreen.SR
10-24 22:48:05.954  1395  1669 W BroadcastQueue: u0 Receiving a broadcast in packagecom.games.mengmeizhitd requires a permissions review
10-24 22:48:05.954  1395  1669 W BroadcastQueue: Skipping delivery: permission review required for Intent { act=android.intent.action.PACKAGE_ADDED dat=package: flg=0x4000010 (has extras) } from null (pid=1395, uid=1000) to com.games.mengmeizhitd/hjnw.ihjnw.i.isqly
10-24 22:48:05.954  1395  1669 W BroadcastQueue: Background execution not allowed: receiving Intent { act=android.intent.action.PACKAGE_ADDED dat=package: flg=0x4000010 (has extras) } to com.guardian.security.pri/com.guardian.security.pro.receiver.BootStrategyReceiver
10-24 22:48:05.954  1395  1669 W BroadcastQueue: Background execution not allowed: receiving Intent { act=android.intent.action.PACKAGE_ADDED dat=package: flg=0x4000010 (has extras) } to com.guardian.security.pri/com.guardian.av.ui.receiver.PackageReceiver
10-24 22:48:05.954  1395  1669 W BroadcastQueue: Background execution not allowed: receiving Intent { act=android.intent.action.PACKAGE_ADDED dat=package: flg=0x4000010 (has extras) } to com.guardian.security.pri/com.la.da.BroadcastReceiver
10-24 22:48:05.954  1395  1669 W BroadcastQueue: u0 Receiving a broadcast in packagecom.hgperfko.yaeghrwx requires a permissions review
10-24 22:48:05.954  1395  1669 W BroadcastQueue: Skipping delivery: permission review required for Intent { act=android.intent.action.PACKAGE_ADDED dat=package: flg=0x4000010 (has extras) } from null (pid=1395, uid=1000) to com.hgperfko.yaeghrwx/.core.hLytdCQDBv
10-24 22:48:05.954  1395  1669 W BroadcastQueue: u0 Receiving a broadcast in packagecom.qiuqiu.dfmc requires a permissions review
10-24 22:48:05.954  1395  1669 W BroadcastQueue: Skipping delivery: permission review required for Intent { act=android.intent.action.PACKAGE_ADDED dat=package: flg=0x4000010 (has extras) } from null (pid=1395, uid=1000) to com.qiuqiu.dfmc/cn.jpush.android.service.PushReceiver
10-24 22:48:05.954  1395  1669 W BroadcastQueue: u0 Receiving a broadcast in packagecom.safesys.viruskiller requires a permissions review
10-24 22:48:05.954  1395  1669 W BroadcastQueue: Skipping delivery: permission review required for Intent { act=android.intent.action.PACKAGE_ADDED dat=package: flg=0x4000010 (has extras) } from null (pid=1395, uid=1000) to com.safesys.viruskiller/.ScanPackageBroadcast
10-24 22:48:05.954  1395  1669 W BroadcastQueue: u0 Receiving a broadcast in packagecom.uc108.mobile.sdgj.bd1 requires a permissions review
10-24 22:48:05.954  1395  1669 W BroadcastQueue: Skipping delivery: permission review required for Intent { act=android.intent.action.PACKAGE_ADDED dat=package: flg=0x4000010 (has extras) } from null (pid=1395, uid=1000) to com.uc108.mobile.sdgj.bd1/com.baidu.tiebasdk.service.InstallReceiver
10-24 22:48:05.954  1395  1669 W BroadcastQueue: u0 Receiving a broadcast in packageio.dcloud.H5BC6BF13 requires a permissions review
10-24 22:48:05.954  1395  1669 W BroadcastQueue: Skipping delivery: permission review required for Intent { act=android.intent.action.PACKAGE_ADDED dat=package: flg=0x4000010 (has extras) } from null (pid=1395, uid=1000) to io.dcloud.H5BC6BF13/io.dcloud.common.adapter.io.DownloadReceiver
10-24 22:48:05.963  1395  1395 I Telecom : DefaultDialerCache: Refreshing default dialer for user 0: now com.google.android.dialer: DDC.oR@B6s
10-24 22:48:05.964  1395  4175 W BackupTransportManager: Package com.google.hxz enabled setting: 0
10-24 22:48:05.971  1395  1668 W PackageManager: Failed registering loading progress callback. Package is fully loaded.
10-24 22:48:05.980  1395  1668 W WindowMagnificationMgr: requestConnection duplicated request: connect=false, mConnectionState=DISCONNECTED
10-24 22:48:06.013  1395  1817 E PackageManager: ERROR: could not load root hash from incremental install
10-24 22:48:06.022  1395  2015 W PackageParsing: Ignoring duplicate uses-permissions/uses-permissions-sdk-m: android.permission.DISABLE_KEYGUARD in package: bzyz.osqak.rcbmn at: Binary XML file line #22
10-24 22:48:06.039  1395  5513 D CompatibilityChangeReporter: Compat change id reported: 161252188; UID 10244; state: DISABLED
10-24 22:48:06.065  1395  1817 I PackageManager: Integrity check passed for file:///data/app/vmdl1030385054.tmp
10-24 22:48:06.066  1395  1809 E VerityUtils: Failed to measure fs-verity, errno 1: /data/app/~~dRo6HR62UoMSMx7WnLJe3g==/com.google.hxz-xXiqqSbj-S6pXemcvJ-bCg==/base.apk
10-24 22:48:06.192 20306 20737 W PackageParser: Ignoring duplicate uses-permissions/uses-permissions-sdk-m: android.permission.DISABLE_KEYGUARD in package: tbps.xzlgs.vegxn at: Binary XML file line #23
10-24 22:48:06.203  1395  1817 W PackageParsing: Ignoring duplicate uses-permissions/uses-permissions-sdk-m: android.permission.DISABLE_KEYGUARD in package: bzyz.osqak.rcbmn at: Binary XML file line #22
10-24 22:48:06.268  1395  1653 V StorageManagerService: Package null has legacy storage
10-24 22:48:06.375  1395  1817 V BackupManagerService: [UserID:0] restoreAtInstall pkg=bzyz.osqak.rcbmn token=50 restoreSet=0
10-24 22:48:06.375  1395  1817 V BackupManagerService: [UserID:0] Finishing install immediately
10-24 22:48:06.379  1395  1817 D PackageInstallerSession: Marking session 1030385054 as applied
10-24 22:48:06.385  1395  1817 D CompatibilityChangeReporter: Compat change id reported: 168419799; UID 10245; state: DISABLED
10-24 22:48:06.385  1395  1817 D CompatibilityChangeReporter: Compat change id reported: 273564678; UID 10245; state: DISABLED
10-24 22:48:06.391  1395  2918 D CompatibilityChangeReporter: Compat change id reported: 218533173; UID 10245; state: DISABLED
10-24 22:48:06.393  1395  5499 W BroadcastQueue: u0 Receiving a broadcast in packagecom.jr.narutoii requires a permissions review
10-24 22:48:06.393  1395  5499 W BroadcastQueue: Skipping delivery: permission review required for Intent { act=android.intent.action.PACKAGE_ADDED dat=package: flg=0x4000010 (has extras) } from null (pid=1395, uid=1000) to com.jr.narutoii/com.joyriver.engine.proxy.EngineReceiver
10-24 22:48:06.399  1395  1669 W BroadcastQueue: u0 Receiving a broadcast in packagecom.android.buyer requires a permissions review
10-24 22:48:06.399  1395  1669 W BroadcastQueue: Skipping delivery: permission review required for Intent { act=android.intent.action.PACKAGE_ADDED dat=package: flg=0x4000010 (has extras) } from null (pid=1395, uid=1000) to com.android.buyer/.mRve
10-24 22:48:06.399  1395  1669 W BroadcastQueue: Background execution not allowed: receiving Intent { act=android.intent.action.PACKAGE_ADDED dat=package: flg=0x4000010 (has extras) } to com.google.android.packageinstaller/com.android.packageinstaller.PackageInstalledReceiver
10-24 22:48:06.399  1395  1669 W BroadcastQueue: Background execution not allowed: receiving Intent { act=android.intent.action.PACKAGE_ADDED dat=package: flg=0x4000010 (has extras) } to com.android.vending/com.google.android.finsky.packagemonitor.impl.PackageMonitorReceiverImpl$RegisteredReceiver
10-24 22:48:06.399  1395  1669 W BroadcastQueue: Background execution not allowed: receiving Intent { act=android.intent.action.PACKAGE_ADDED dat=package: flg=0x4000010 (has extras) } to com.android.vending/com.google.android.finsky.packagemonitor.backgroundimpl.BackgroundPackageMonitorReceiverImpl$RegisteredReceiver
10-24 22:48:06.399  1395  1669 W BroadcastQueue: Background execution not allowed: receiving Intent { act=android.intent.action.PACKAGE_ADDED dat=package: flg=0x4000010 (has extras) } to com.google.android.gms/.games.chimera.GamesSystemBroadcastReceiverProxy
10-24 22:48:06.399  1395  1669 W BroadcastQueue: Background execution not allowed: receiving Intent { act=android.intent.action.PACKAGE_ADDED dat=package: flg=0x4000010 (has extras) } to com.google.android.gms/.gass.chimera.PackageChangeBroadcastReceiver
10-24 22:48:06.399  1395  1669 W BroadcastQueue: Background execution not allowed: receiving Intent { act=android.intent.action.PACKAGE_ADDED dat=package: flg=0x4000010 (has extras) } to com.google.android.gms/.chimera.GmsIntentOperationService$PersistentTrustedReceiver
10-24 22:48:06.399  1395  1669 W BroadcastQueue: u0 Receiving a broadcast in packagecom.cncd.japan.janli.shudu requires a permissions review
10-24 22:48:06.399  1395  1669 W BroadcastQueue: Skipping delivery: permission review required for Intent { act=android.intent.action.PACKAGE_ADDED dat=package: flg=0x4000010 (has extras) } from null (pid=1395, uid=1000) to com.cncd.japan.janli.shudu/net.l.k.r
10-24 22:48:06.399  1395  1669 W BroadcastQueue: u0 Receiving a broadcast in packagecom.cncd.japan.janli.shudu requires a permissions review
10-24 22:48:06.399  1395  1669 W BroadcastQueue: Skipping delivery: permission review required for Intent { act=android.intent.action.PACKAGE_ADDED dat=package: flg=0x4000010 (has extras) } from null (pid=1395, uid=1000) to com.cncd.japan.janli.shudu/com.feiwofour.coverscreen.SR
10-24 22:48:06.399  1395  1669 W BroadcastQueue: u0 Receiving a broadcast in packagecom.games.mengmeizhitd requires a permissions review
10-24 22:48:06.400  1395  1669 W BroadcastQueue: Skipping delivery: permission review required for Intent { act=android.intent.action.PACKAGE_ADDED dat=package: flg=0x4000010 (has extras) } from null (pid=1395, uid=1000) to com.games.mengmeizhitd/hjnw.ihjnw.i.isqly
10-24 22:48:06.400  1395  1669 W BroadcastQueue: Background execution not allowed: receiving Intent { act=android.intent.action.PACKAGE_ADDED dat=package: flg=0x4000010 (has extras) } to com.guardian.security.pri/com.guardian.security.pro.receiver.BootStrategyReceiver
10-24 22:48:06.400  1395  1669 W BroadcastQueue: Background execution not allowed: receiving Intent { act=android.intent.action.PACKAGE_ADDED dat=package: flg=0x4000010 (has extras) } to com.guardian.security.pri/com.guardian.av.ui.receiver.PackageReceiver
10-24 22:48:06.400  1395  1669 W BroadcastQueue: Background execution not allowed: receiving Intent { act=android.intent.action.PACKAGE_ADDED dat=package: flg=0x4000010 (has extras) } to com.guardian.security.pri/com.la.da.BroadcastReceiver
10-24 22:48:06.400  1395  1669 W BroadcastQueue: u0 Receiving a broadcast in packagecom.hgperfko.yaeghrwx requires a permissions review
10-24 22:48:06.400  1395  1669 W BroadcastQueue: Skipping delivery: permission review required for Intent { act=android.intent.action.PACKAGE_ADDED dat=package: flg=0x4000010 (has extras) } from null (pid=1395, uid=1000) to com.hgperfko.yaeghrwx/.core.hLytdCQDBv
10-24 22:48:06.400  1395  1669 W BroadcastQueue: u0 Receiving a broadcast in packagecom.qiuqiu.dfmc requires a permissions review
10-24 22:48:06.400  1395  1669 W BroadcastQueue: Skipping delivery: permission review required for Intent { act=android.intent.action.PACKAGE_ADDED dat=package: flg=0x4000010 (has extras) } from null (pid=1395, uid=1000) to com.qiuqiu.dfmc/cn.jpush.android.service.PushReceiver
10-24 22:48:06.400  1395  1669 W BroadcastQueue: u0 Receiving a broadcast in packagecom.safesys.viruskiller requires a permissions review
10-24 22:48:06.400  1395  1669 W BroadcastQueue: Skipping delivery: permission review required for Intent { act=android.intent.action.PACKAGE_ADDED dat=package: flg=0x4000010 (has extras) } from null (pid=1395, uid=1000) to com.safesys.viruskiller/.ScanPackageBroadcast
10-24 22:48:06.400  1395  1669 W BroadcastQueue: u0 Receiving a broadcast in packagecom.uc108.mobile.sdgj.bd1 requires a permissions review
10-24 22:48:06.400  1395  1669 W BroadcastQueue: Skipping delivery: permission review required for Intent { act=android.intent.action.PACKAGE_ADDED dat=package: flg=0x4000010 (has extras) } from null (pid=1395, uid=1000) to com.uc108.mobile.sdgj.bd1/com.baidu.tiebasdk.service.InstallReceiver
10-24 22:48:06.400  1395  1669 W BroadcastQueue: u0 Receiving a broadcast in packageio.dcloud.H5BC6BF13 requires a permissions review
10-24 22:48:06.400  1395  1669 W BroadcastQueue: Skipping delivery: permission review required for Intent { act=android.intent.action.PACKAGE_ADDED dat=package: flg=0x4000010 (has extras) } from null (pid=1395, uid=1000) to io.dcloud.H5BC6BF13/io.dcloud.common.adapter.io.DownloadReceiver
10-24 22:48:06.402  1395  1395 I Telecom : DefaultDialerCache: Refreshing default dialer for user 0: now com.google.android.dialer: DDC.oR@B64
10-24 22:48:06.409  1395  1809 E VerityUtils: Failed to measure fs-verity, errno 1: /data/app/~~7MjLk6jThBk4w7BlYC_6MQ==/bzyz.osqak.rcbmn-JKJJ532DdfEpcy9HREorlg==/base.apk
10-24 22:48:06.415  1395  1395 V BackupManagerConstants: getFullBackupIntervalMilliseconds(...) returns 86400000
10-24 22:48:06.415  1395  1395 V BackupManagerConstants: getFullBackupRequiredNetworkType(...) returns 2
10-24 22:48:06.415  1395  1395 V BackupManagerConstants: getFullBackupRequireCharging(...) returns true
10-24 22:48:06.470  1395  1395 I Telecom : DefaultDialerCache: Refreshing default dialer for user 0: now com.google.android.dialer: DDC.oR@B68
10-24 22:48:06.474  1395  4175 W BackupTransportManager: Package bzyz.osqak.rcbmn enabled setting: 0
10-24 22:48:06.477  1395  2988 D CompatibilityChangeReporter: Compat change id reported: 161252188; UID 10245; state: DISABLED
10-24 22:48:06.501  1395  1817 E PackageManager: ERROR: could not load root hash from incremental install
10-24 22:48:06.513  1395  1668 W WindowMagnificationMgr: requestConnection duplicated request: connect=false, mConnectionState=DISCONNECTED
10-24 22:48:06.522  1395  1817 I PackageManager: Integrity check passed for file:///data/app/vmdl893232775.tmp
10-24 22:48:06.587  1395  1668 W PackageManager: Failed registering loading progress callback. Package is fully loaded.
10-24 22:48:06.658  1395  1653 V StorageManagerService: Package null has legacy storage
10-24 22:48:06.671  1395  1668 W WindowMagnificationMgr: requestConnection duplicated request: connect=false, mConnectionState=DISCONNECTED
10-24 22:48:06.767  1395  1817 V BackupManagerService: [UserID:0] restoreAtInstall pkg=com.novaspirit.usbcleaver token=51 restoreSet=0
10-24 22:48:06.767  1395  1817 V BackupManagerService: [UserID:0] Finishing install immediately
10-24 22:48:06.770  1395  1817 D PackageInstallerSession: Marking session 893232775 as applied
10-24 22:48:06.784  1395  1817 D CompatibilityChangeReporter: Compat change id reported: 168419799; UID 10246; state: DISABLED
10-24 22:48:06.784  1395  1817 D CompatibilityChangeReporter: Compat change id reported: 273564678; UID 10246; state: DISABLED
10-24 22:48:06.788  1395  2918 D CompatibilityChangeReporter: Compat change id reported: 218533173; UID 10246; state: DISABLED
10-24 22:48:06.792  1395  1395 I Telecom : DefaultDialerCache: Refreshing default dialer for user 0: now com.google.android.dialer: DDC.oR@B7I
10-24 22:48:06.797  1395  1669 W BroadcastQueue: u0 Receiving a broadcast in packagecom.jr.narutoii requires a permissions review
10-24 22:48:06.797  1395  1669 W BroadcastQueue: Skipping delivery: permission review required for Intent { act=android.intent.action.PACKAGE_ADDED dat=package: flg=0x4000010 (has extras) } from null (pid=1395, uid=1000) to com.jr.narutoii/com.joyriver.engine.proxy.EngineReceiver
10-24 22:48:06.799  1395  1669 W BroadcastQueue: u0 Receiving a broadcast in packagecom.android.buyer requires a permissions review
10-24 22:48:06.799  1395  1669 W BroadcastQueue: Skipping delivery: permission review required for Intent { act=android.intent.action.PACKAGE_ADDED dat=package: flg=0x4000010 (has extras) } from null (pid=1395, uid=1000) to com.android.buyer/.mRve
10-24 22:48:06.800  1395  1395 V BackupManagerConstants: getFullBackupIntervalMilliseconds(...) returns 86400000
10-24 22:48:06.800  1395  1395 V BackupManagerConstants: getFullBackupRequiredNetworkType(...) returns 2
10-24 22:48:06.800  1395  1395 V BackupManagerConstants: getFullBackupRequireCharging(...) returns true
10-24 22:48:06.801  1395  1669 W BroadcastQueue: Background execution not allowed: receiving Intent { act=android.intent.action.PACKAGE_ADDED dat=package: flg=0x4000010 (has extras) } to com.google.android.packageinstaller/com.android.packageinstaller.PackageInstalledReceiver
10-24 22:48:06.801  1395  1669 W BroadcastQueue: Background execution not allowed: receiving Intent { act=android.intent.action.PACKAGE_ADDED dat=package: flg=0x4000010 (has extras) } to com.android.vending/com.google.android.finsky.packagemonitor.impl.PackageMonitorReceiverImpl$RegisteredReceiver
10-24 22:48:06.801  1395  1669 W BroadcastQueue: Background execution not allowed: receiving Intent { act=android.intent.action.PACKAGE_ADDED dat=package: flg=0x4000010 (has extras) } to com.android.vending/com.google.android.finsky.packagemonitor.backgroundimpl.BackgroundPackageMonitorReceiverImpl$RegisteredReceiver
10-24 22:48:06.801  1395  1669 W BroadcastQueue: Background execution not allowed: receiving Intent { act=android.intent.action.PACKAGE_ADDED dat=package: flg=0x4000010 (has extras) } to com.google.android.gms/.games.chimera.GamesSystemBroadcastReceiverProxy
10-24 22:48:06.801  1395  1669 W BroadcastQueue: Background execution not allowed: receiving Intent { act=android.intent.action.PACKAGE_ADDED dat=package: flg=0x4000010 (has extras) } to com.google.android.gms/.gass.chimera.PackageChangeBroadcastReceiver
10-24 22:48:06.801  1395  1669 W BroadcastQueue: Background execution not allowed: receiving Intent { act=android.intent.action.PACKAGE_ADDED dat=package: flg=0x4000010 (has extras) } to com.google.android.gms/.chimera.GmsIntentOperationService$PersistentTrustedReceiver
10-24 22:48:06.801  1395  1669 W BroadcastQueue: u0 Receiving a broadcast in packagecom.cncd.japan.janli.shudu requires a permissions review
10-24 22:48:06.801  1395  1669 W BroadcastQueue: Skipping delivery: permission review required for Intent { act=android.intent.action.PACKAGE_ADDED dat=package: flg=0x4000010 (has extras) } from null (pid=1395, uid=1000) to com.cncd.japan.janli.shudu/net.l.k.r
10-24 22:48:06.801  1395  1669 W BroadcastQueue: u0 Receiving a broadcast in packagecom.cncd.japan.janli.shudu requires a permissions review
10-24 22:48:06.801  1395  1669 W BroadcastQueue: Skipping delivery: permission review required for Intent { act=android.intent.action.PACKAGE_ADDED dat=package: flg=0x4000010 (has extras) } from null (pid=1395, uid=1000) to com.cncd.japan.janli.shudu/com.feiwofour.coverscreen.SR
10-24 22:48:06.801  1395  1669 W BroadcastQueue: u0 Receiving a broadcast in packagecom.games.mengmeizhitd requires a permissions review
10-24 22:48:06.801  1395  1669 W BroadcastQueue: Skipping delivery: permission review required for Intent { act=android.intent.action.PACKAGE_ADDED dat=package: flg=0x4000010 (has extras) } from null (pid=1395, uid=1000) to com.games.mengmeizhitd/hjnw.ihjnw.i.isqly
10-24 22:48:06.801  1395  1669 W BroadcastQueue: Background execution not allowed: receiving Intent { act=android.intent.action.PACKAGE_ADDED dat=package: flg=0x4000010 (has extras) } to com.guardian.security.pri/com.guardian.security.pro.receiver.BootStrategyReceiver
10-24 22:48:06.801  1395  1669 W BroadcastQueue: Background execution not allowed: receiving Intent { act=android.intent.action.PACKAGE_ADDED dat=package: flg=0x4000010 (has extras) } to com.guardian.security.pri/com.guardian.av.ui.receiver.PackageReceiver
10-24 22:48:06.801  1395  1669 W BroadcastQueue: Background execution not allowed: receiving Intent { act=android.intent.action.PACKAGE_ADDED dat=package: flg=0x4000010 (has extras) } to com.guardian.security.pri/com.la.da.BroadcastReceiver
10-24 22:48:06.801  1395  1668 W WindowMagnificationMgr: requestConnection duplicated request: connect=false, mConnectionState=DISCONNECTED
10-24 22:48:06.801  1395  1669 W BroadcastQueue: u0 Receiving a broadcast in packagecom.hgperfko.yaeghrwx requires a permissions review
10-24 22:48:06.802  1395  1669 W BroadcastQueue: Skipping delivery: permission review required for Intent { act=android.intent.action.PACKAGE_ADDED dat=package: flg=0x4000010 (has extras) } from null (pid=1395, uid=1000) to com.hgperfko.yaeghrwx/.core.hLytdCQDBv
10-24 22:48:06.802  1395  1669 W BroadcastQueue: u0 Receiving a broadcast in packagecom.qiuqiu.dfmc requires a permissions review
10-24 22:48:06.802  1395  1669 W BroadcastQueue: Skipping delivery: permission review required for Intent { act=android.intent.action.PACKAGE_ADDED dat=package: flg=0x4000010 (has extras) } from null (pid=1395, uid=1000) to com.qiuqiu.dfmc/cn.jpush.android.service.PushReceiver
10-24 22:48:06.802  1395  1669 W BroadcastQueue: u0 Receiving a broadcast in packagecom.safesys.viruskiller requires a permissions review
10-24 22:48:06.802  1395  1669 W BroadcastQueue: Skipping delivery: permission review required for Intent { act=android.intent.action.PACKAGE_ADDED dat=package: flg=0x4000010 (has extras) } from null (pid=1395, uid=1000) to com.safesys.viruskiller/.ScanPackageBroadcast
10-24 22:48:06.802  1395  1669 W BroadcastQueue: u0 Receiving a broadcast in packagecom.uc108.mobile.sdgj.bd1 requires a permissions review
10-24 22:48:06.802  1395  1669 W BroadcastQueue: Skipping delivery: permission review required for Intent { act=android.intent.action.PACKAGE_ADDED dat=package: flg=0x4000010 (has extras) } from null (pid=1395, uid=1000) to com.uc108.mobile.sdgj.bd1/com.baidu.tiebasdk.service.InstallReceiver
10-24 22:48:06.802  1395  1669 W BroadcastQueue: u0 Receiving a broadcast in packageio.dcloud.H5BC6BF13 requires a permissions review
10-24 22:48:06.802  1395  1669 W BroadcastQueue: Skipping delivery: permission review required for Intent { act=android.intent.action.PACKAGE_ADDED dat=package: flg=0x4000010 (has extras) } from null (pid=1395, uid=1000) to io.dcloud.H5BC6BF13/io.dcloud.common.adapter.io.DownloadReceiver
10-24 22:48:06.818  1395  1395 I Telecom : DefaultDialerCache: Refreshing default dialer for user 0: now com.google.android.dialer: DDC.oR@B7M
10-24 22:48:06.819  1395  4175 W BackupTransportManager: Package com.novaspirit.usbcleaver enabled setting: 0
10-24 22:48:06.826  1395  1809 E VerityUtils: Failed to measure fs-verity, errno 1: /data/app/~~aHfd9hVStdT25jy6EjBhfw==/com.novaspirit.usbcleaver-o4hbeimeXpIywZTz0r-zGw==/base.apk
10-24 22:48:06.840  1395  5506 D CompatibilityChangeReporter: Compat change id reported: 161252188; UID 10246; state: DISABLED
10-24 22:48:06.840  1395  1668 W PackageManager: Failed registering loading progress callback. Package is fully loaded.
10-24 22:48:06.853  1395  1668 W WindowMagnificationMgr: requestConnection duplicated request: connect=false, mConnectionState=DISCONNECTED
10-24 22:48:06.995 20306 22949 W PackageParser: Ignoring duplicate uses-permissions/uses-permissions-sdk-m: android.permission.INTERNET in package: com.google.hxz at: Binary XML file line #38
10-24 22:48:06.995 20306 22949 W PackageParser: Ignoring duplicate uses-permissions/uses-permissions-sdk-m: android.permission.READ_PHONE_STATE in package: com.google.hxz at: Binary XML file line #39
10-24 22:48:06.995 20306 22949 W PackageParser: Ignoring duplicate uses-permissions/uses-permissions-sdk-m: android.permission.ACCESS_NETWORK_STATE in package: com.google.hxz at: Binary XML file line #40
10-24 22:48:06.995 20306 22949 W PackageParser: Ignoring duplicate uses-permissions/uses-permissions-sdk-m: android.permission.CHANGE_WIFI_STATE in package: com.google.hxz at: Binary XML file line #43
10-24 22:48:06.995 20306 22949 W PackageParser: Ignoring duplicate uses-permissions/uses-permissions-sdk-m: android.permission.WRITE_EXTERNAL_STORAGE in package: com.google.hxz at: Binary XML file line #44
10-24 22:48:06.995 20306 22949 W PackageParser: Ignoring duplicate uses-permissions/uses-permissions-sdk-m: android.permission.READ_EXTERNAL_STORAGE in package: com.google.hxz at: Binary XML file line #45
10-24 22:48:06.995 20306 22949 W PackageParser: Ignoring duplicate uses-permissions/uses-permissions-sdk-m: android.permission.READ_CONTACTS in package: com.google.hxz at: Binary XML file line #47
10-24 22:48:06.996 20306 22949 W PackageParser: Ignoring duplicate uses-permissions/uses-permissions-sdk-m: android.permission.READ_SMS in package: com.google.hxz at: Binary XML file line #48
10-24 22:48:06.996 20306 22949 W PackageParser: Ignoring duplicate uses-permissions/uses-permissions-sdk-m: android.permission.ACCESS_WIFI_STATE in package: com.google.hxz at: Binary XML file line #51
10-24 22:48:06.996 20306 22949 W PackageParser: Ignoring duplicate uses-permissions/uses-permissions-sdk-m: android.permission.WRITE_SMS in package: com.google.hxz at: Binary XML file line #53
10-24 22:48:06.996 20306 22949 W PackageParser: Ignoring duplicate uses-permissions/uses-permissions-sdk-m: android.permission.RECEIVE_MMS in package: com.google.hxz at: Binary XML file line #54
10-24 22:48:06.996 20306 22949 W PackageParser: Ignoring duplicate uses-permissions/uses-permissions-sdk-m: android.permission.CHANGE_NETWORK_STATE in package: com.google.hxz at: Binary XML file line #55
10-24 22:48:06.996 20306 22949 W PackageParser: Ignoring duplicate uses-permissions/uses-permissions-sdk-m: android.permission.MODIFY_AUDIO_SETTINGS in package: com.google.hxz at: Binary XML file line #57
10-24 22:48:07.019  1395  1817 E PackageManager: ERROR: could not load root hash from incremental install
10-24 22:48:07.056  1395  1817 I PackageManager: Integrity check passed for file:///data/app/vmdl1310885988.tmp
10-24 22:48:07.131  1395  1653 V StorageManagerService: Package null has legacy storage
10-24 22:48:07.244  1395  5499 I ActivityManager: Background started FGS: Allowed [callingPackage: com.google.android.apps.wellbeing; callingUid: 10121; uidState: BFGS; intent: Intent { cmp=com.google.android.apps.wellbeing/com.google.apps.tiktok.concurrent.InternalForegroundService (has extras) }; code:BACKGROUND_ACTIVITY_PERMISSION; tempAllowListReason:<null>; targetSdkVersion:34; callerTargetSdkVersion:34; startForegroundCount:0; bindFromPackage:null]
10-24 22:48:07.248  1395  1817 V BackupManagerService: [UserID:0] restoreAtInstall pkg=com.voicebianshengjinglingwc.wxl token=52 restoreSet=0
10-24 22:48:07.249  1395  1817 V BackupManagerService: [UserID:0] Finishing install immediately
10-24 22:48:07.251  1395  1817 D PackageInstallerSession: Marking session 1310885988 as applied
10-24 22:48:07.257  1395  1817 D CompatibilityChangeReporter: Compat change id reported: 168419799; UID 10247; state: DISABLED
10-24 22:48:07.257  1395  1817 D CompatibilityChangeReporter: Compat change id reported: 273564678; UID 10247; state: DISABLED
10-24 22:48:07.261  1395  5499 W BroadcastQueue: u0 Receiving a broadcast in packagecom.jr.narutoii requires a permissions review
10-24 22:48:07.261  1395  5499 W BroadcastQueue: Skipping delivery: permission review required for Intent { act=android.intent.action.PACKAGE_ADDED dat=package: flg=0x4000010 (has extras) } from null (pid=1395, uid=1000) to com.jr.narutoii/com.joyriver.engine.proxy.EngineReceiver
10-24 22:48:07.262  1395  1669 W BroadcastQueue: u0 Receiving a broadcast in packagecom.android.buyer requires a permissions review
10-24 22:48:07.262  1395  1669 W BroadcastQueue: Skipping delivery: permission review required for Intent { act=android.intent.action.PACKAGE_ADDED dat=package: flg=0x4000010 (has extras) } from null (pid=1395, uid=1000) to com.android.buyer/.mRve
10-24 22:48:07.263  1395  1669 W BroadcastQueue: Background execution not allowed: receiving Intent { act=android.intent.action.PACKAGE_ADDED dat=package: flg=0x4000010 (has extras) } to com.google.android.packageinstaller/com.android.packageinstaller.PackageInstalledReceiver
10-24 22:48:07.263  1395  1669 W BroadcastQueue: Background execution not allowed: receiving Intent { act=android.intent.action.PACKAGE_ADDED dat=package: flg=0x4000010 (has extras) } to com.android.vending/com.google.android.finsky.packagemonitor.impl.PackageMonitorReceiverImpl$RegisteredReceiver
10-24 22:48:07.263  1395  1669 W BroadcastQueue: Background execution not allowed: receiving Intent { act=android.intent.action.PACKAGE_ADDED dat=package: flg=0x4000010 (has extras) } to com.android.vending/com.google.android.finsky.packagemonitor.backgroundimpl.BackgroundPackageMonitorReceiverImpl$RegisteredReceiver
10-24 22:48:07.263  1395  1669 W BroadcastQueue: Background execution not allowed: receiving Intent { act=android.intent.action.PACKAGE_ADDED dat=package: flg=0x4000010 (has extras) } to com.google.android.gms/.games.chimera.GamesSystemBroadcastReceiverProxy
10-24 22:48:07.263  1395  1669 W BroadcastQueue: Background execution not allowed: receiving Intent { act=android.intent.action.PACKAGE_ADDED dat=package: flg=0x4000010 (has extras) } to com.google.android.gms/.gass.chimera.PackageChangeBroadcastReceiver
10-24 22:48:07.263  1395  1669 W BroadcastQueue: Background execution not allowed: receiving Intent { act=android.intent.action.PACKAGE_ADDED dat=package: flg=0x4000010 (has extras) } to com.google.android.gms/.chimera.GmsIntentOperationService$PersistentTrustedReceiver
10-24 22:48:07.263  1395  1669 W BroadcastQueue: u0 Receiving a broadcast in packagecom.cncd.japan.janli.shudu requires a permissions review
10-24 22:48:07.263  1395  1669 W BroadcastQueue: Skipping delivery: permission review required for Intent { act=android.intent.action.PACKAGE_ADDED dat=package: flg=0x4000010 (has extras) } from null (pid=1395, uid=1000) to com.cncd.japan.janli.shudu/net.l.k.r
10-24 22:48:07.263  1395  1669 W BroadcastQueue: u0 Receiving a broadcast in packagecom.cncd.japan.janli.shudu requires a permissions review
10-24 22:48:07.263  1395  1669 W BroadcastQueue: Skipping delivery: permission review required for Intent { act=android.intent.action.PACKAGE_ADDED dat=package: flg=0x4000010 (has extras) } from null (pid=1395, uid=1000) to com.cncd.japan.janli.shudu/com.feiwofour.coverscreen.SR
10-24 22:48:07.263  1395  1669 W BroadcastQueue: u0 Receiving a broadcast in packagecom.games.mengmeizhitd requires a permissions review
10-24 22:48:07.263  1395  1669 W BroadcastQueue: Skipping delivery: permission review required for Intent { act=android.intent.action.PACKAGE_ADDED dat=package: flg=0x4000010 (has extras) } from null (pid=1395, uid=1000) to com.games.mengmeizhitd/hjnw.ihjnw.i.isqly
10-24 22:48:07.263  1395  1669 W BroadcastQueue: Background execution not allowed: receiving Intent { act=android.intent.action.PACKAGE_ADDED dat=package: flg=0x4000010 (has extras) } to com.guardian.security.pri/com.guardian.security.pro.receiver.BootStrategyReceiver
10-24 22:48:07.263  1395  1669 W BroadcastQueue: Background execution not allowed: receiving Intent { act=android.intent.action.PACKAGE_ADDED dat=package: flg=0x4000010 (has extras) } to com.guardian.security.pri/com.guardian.av.ui.receiver.PackageReceiver
10-24 22:48:07.263  1395  1669 W BroadcastQueue: Background execution not allowed: receiving Intent { act=android.intent.action.PACKAGE_ADDED dat=package: flg=0x4000010 (has extras) } to com.guardian.security.pri/com.la.da.BroadcastReceiver
10-24 22:48:07.263  1395  1669 W BroadcastQueue: u0 Receiving a broadcast in packagecom.hgperfko.yaeghrwx requires a permissions review
10-24 22:48:07.263  1395  1669 W BroadcastQueue: Skipping delivery: permission review required for Intent { act=android.intent.action.PACKAGE_ADDED dat=package: flg=0x4000010 (has extras) } from null (pid=1395, uid=1000) to com.hgperfko.yaeghrwx/.core.hLytdCQDBv
10-24 22:48:07.263  1395  1669 W BroadcastQueue: u0 Receiving a broadcast in packagecom.qiuqiu.dfmc requires a permissions review
10-24 22:48:07.263  1395  1669 W BroadcastQueue: Skipping delivery: permission review required for Intent { act=android.intent.action.PACKAGE_ADDED dat=package: flg=0x4000010 (has extras) } from null (pid=1395, uid=1000) to com.qiuqiu.dfmc/cn.jpush.android.service.PushReceiver
10-24 22:48:07.264  1395  1669 W BroadcastQueue: u0 Receiving a broadcast in packagecom.safesys.viruskiller requires a permissions review
10-24 22:48:07.264  1395  1669 W BroadcastQueue: Skipping delivery: permission review required for Intent { act=android.intent.action.PACKAGE_ADDED dat=package: flg=0x4000010 (has extras) } from null (pid=1395, uid=1000) to com.safesys.viruskiller/.ScanPackageBroadcast
10-24 22:48:07.264  1395  1669 W BroadcastQueue: u0 Receiving a broadcast in packagecom.uc108.mobile.sdgj.bd1 requires a permissions review
10-24 22:48:07.264  1395  1669 W BroadcastQueue: Skipping delivery: permission review required for Intent { act=android.intent.action.PACKAGE_ADDED dat=package: flg=0x4000010 (has extras) } from null (pid=1395, uid=1000) to com.uc108.mobile.sdgj.bd1/com.baidu.tiebasdk.service.InstallReceiver
10-24 22:48:07.264  1395  1669 W BroadcastQueue: u0 Receiving a broadcast in packageio.dcloud.H5BC6BF13 requires a permissions review
10-24 22:48:07.264  1395  1669 W BroadcastQueue: Skipping delivery: permission review required for Intent { act=android.intent.action.PACKAGE_ADDED dat=package: flg=0x4000010 (has extras) } from null (pid=1395, uid=1000) to io.dcloud.H5BC6BF13/io.dcloud.common.adapter.io.DownloadReceiver
10-24 22:48:07.264  1395  1395 I Telecom : DefaultDialerCache: Refreshing default dialer for user 0: now com.google.android.dialer: DDC.oR@B7Y
10-24 22:48:07.267  1395  1395 V BackupManagerConstants: getFullBackupIntervalMilliseconds(...) returns 86400000
10-24 22:48:07.267  1395  1395 V BackupManagerConstants: getFullBackupRequiredNetworkType(...) returns 2
10-24 22:48:07.267  1395  1395 V BackupManagerConstants: getFullBackupRequireCharging(...) returns true
10-24 22:48:07.268  1395  2918 D CompatibilityChangeReporter: Compat change id reported: 218533173; UID 10247; state: DISABLED
10-24 22:48:07.275  1395  1668 W WindowMagnificationMgr: requestConnection duplicated request: connect=false, mConnectionState=DISCONNECTED
10-24 22:48:07.309  1395  1668 W PackageManager: Failed registering loading progress callback. Package is fully loaded.
10-24 22:48:07.312  1395  1809 E VerityUtils: Failed to measure fs-verity, errno 1: /data/app/~~3gNg-A8ZUgm9cz41_fvnXw==/com.voicebianshengjinglingwc.wxl-sNRJuJd2BW981WGJSXdH4Q==/base.apk
10-24 22:48:07.322  1395  1668 W WindowMagnificationMgr: requestConnection duplicated request: connect=false, mConnectionState=DISCONNECTED
10-24 22:48:07.334  1395  5505 D CompatibilityChangeReporter: Compat change id reported: 161252188; UID 10247; state: DISABLED
10-24 22:48:07.334  1395  1395 I Telecom : DefaultDialerCache: Refreshing default dialer for user 0: now com.google.android.dialer: DDC.oR@B7k
10-24 22:48:07.339  1395  4175 W BackupTransportManager: Package com.voicebianshengjinglingwc.wxl enabled setting: 0
10-24 22:48:07.355 20306 20737 W PackageParser: Ignoring duplicate uses-permissions/uses-permissions-sdk-m: android.permission.DISABLE_KEYGUARD in package: bzyz.osqak.rcbmn at: Binary XML file line #22
10-24 22:48:07.357  1395  1817 E PackageManager: ERROR: could not load root hash from incremental install
10-24 22:48:07.385  1395  2015 W PackageParsing: Ignoring duplicate uses-permissions/uses-permissions-sdk-m: android.permission.DISABLE_KEYGUARD in package: zqgd.bwqay.wekcq at: Binary XML file line #22
10-24 22:48:07.400  1395  1817 I PackageManager: Integrity check passed for file:///data/app/vmdl988089095.tmp
10-24 22:48:07.454  1395  1395 I NotificationService: Cannot find enqueued record for key: 0|com.google.android.apps.wellbeing|174344743|null|10121
10-24 22:48:07.473  1395  1817 W PackageParsing: Ignoring duplicate uses-permissions/uses-permissions-sdk-m: android.permission.DISABLE_KEYGUARD in package: zqgd.bwqay.wekcq at: Binary XML file line #22
10-24 22:48:07.555  1395  1653 V StorageManagerService: Package null has legacy storage
10-24 22:48:07.664  1395  1817 V BackupManagerService: [UserID:0] restoreAtInstall pkg=zqgd.bwqay.wekcq token=53 restoreSet=0
10-24 22:48:07.664  1395  1817 V BackupManagerService: [UserID:0] Finishing install immediately
10-24 22:48:07.665  1395  1817 D PackageInstallerSession: Marking session 988089095 as applied
10-24 22:48:07.671  1395  1817 D CompatibilityChangeReporter: Compat change id reported: 168419799; UID 10248; state: DISABLED
10-24 22:48:07.672  1395  1817 D CompatibilityChangeReporter: Compat change id reported: 273564678; UID 10248; state: DISABLED
10-24 22:48:07.675  1395  2990 W BroadcastQueue: u0 Receiving a broadcast in packagecom.jr.narutoii requires a permissions review
10-24 22:48:07.675  1395  2990 W BroadcastQueue: Skipping delivery: permission review required for Intent { act=android.intent.action.PACKAGE_ADDED dat=package: flg=0x4000010 (has extras) } from null (pid=1395, uid=1000) to com.jr.narutoii/com.joyriver.engine.proxy.EngineReceiver
10-24 22:48:07.680  1395  1395 I Telecom : DefaultDialerCache: Refreshing default dialer for user 0: now com.google.android.dialer: DDC.oR@B7w
10-24 22:48:07.680  1395  1669 W BroadcastQueue: u0 Receiving a broadcast in packagecom.android.buyer requires a permissions review
10-24 22:48:07.680  1395  1669 W BroadcastQueue: Skipping delivery: permission review required for Intent { act=android.intent.action.PACKAGE_ADDED dat=package: flg=0x4000010 (has extras) } from null (pid=1395, uid=1000) to com.android.buyer/.mRve
10-24 22:48:07.680  1395  1669 W BroadcastQueue: Background execution not allowed: receiving Intent { act=android.intent.action.PACKAGE_ADDED dat=package: flg=0x4000010 (has extras) } to com.google.android.packageinstaller/com.android.packageinstaller.PackageInstalledReceiver
10-24 22:48:07.680  1395  1669 W BroadcastQueue: Background execution not allowed: receiving Intent { act=android.intent.action.PACKAGE_ADDED dat=package: flg=0x4000010 (has extras) } to com.android.vending/com.google.android.finsky.packagemonitor.impl.PackageMonitorReceiverImpl$RegisteredReceiver
10-24 22:48:07.680  1395  1669 W BroadcastQueue: Background execution not allowed: receiving Intent { act=android.intent.action.PACKAGE_ADDED dat=package: flg=0x4000010 (has extras) } to com.android.vending/com.google.android.finsky.packagemonitor.backgroundimpl.BackgroundPackageMonitorReceiverImpl$RegisteredReceiver
10-24 22:48:07.681  1395  1669 W BroadcastQueue: Background execution not allowed: receiving Intent { act=android.intent.action.PACKAGE_ADDED dat=package: flg=0x4000010 (has extras) } to com.google.android.gms/.games.chimera.GamesSystemBroadcastReceiverProxy
10-24 22:48:07.681  1395  1669 W BroadcastQueue: Background execution not allowed: receiving Intent { act=android.intent.action.PACKAGE_ADDED dat=package: flg=0x4000010 (has extras) } to com.google.android.gms/.gass.chimera.PackageChangeBroadcastReceiver
10-24 22:48:07.681  1395  1669 W BroadcastQueue: Background execution not allowed: receiving Intent { act=android.intent.action.PACKAGE_ADDED dat=package: flg=0x4000010 (has extras) } to com.google.android.gms/.chimera.GmsIntentOperationService$PersistentTrustedReceiver
10-24 22:48:07.681  1395  1669 W BroadcastQueue: u0 Receiving a broadcast in packagecom.cncd.japan.janli.shudu requires a permissions review
10-24 22:48:07.681  1395  1669 W BroadcastQueue: Skipping delivery: permission review required for Intent { act=android.intent.action.PACKAGE_ADDED dat=package: flg=0x4000010 (has extras) } from null (pid=1395, uid=1000) to com.cncd.japan.janli.shudu/net.l.k.r
10-24 22:48:07.681  1395  1669 W BroadcastQueue: u0 Receiving a broadcast in packagecom.cncd.japan.janli.shudu requires a permissions review
10-24 22:48:07.681  1395  1669 W BroadcastQueue: Skipping delivery: permission review required for Intent { act=android.intent.action.PACKAGE_ADDED dat=package: flg=0x4000010 (has extras) } from null (pid=1395, uid=1000) to com.cncd.japan.janli.shudu/com.feiwofour.coverscreen.SR
10-24 22:48:07.681  1395  1669 W BroadcastQueue: u0 Receiving a broadcast in packagecom.games.mengmeizhitd requires a permissions review
10-24 22:48:07.681  1395  1669 W BroadcastQueue: Skipping delivery: permission review required for Intent { act=android.intent.action.PACKAGE_ADDED dat=package: flg=0x4000010 (has extras) } from null (pid=1395, uid=1000) to com.games.mengmeizhitd/hjnw.ihjnw.i.isqly
10-24 22:48:07.681  1395  1669 W BroadcastQueue: Background execution not allowed: receiving Intent { act=android.intent.action.PACKAGE_ADDED dat=package: flg=0x4000010 (has extras) } to com.guardian.security.pri/com.guardian.security.pro.receiver.BootStrategyReceiver
10-24 22:48:07.681  1395  1669 W BroadcastQueue: Background execution not allowed: receiving Intent { act=android.intent.action.PACKAGE_ADDED dat=package: flg=0x4000010 (has extras) } to com.guardian.security.pri/com.guardian.av.ui.receiver.PackageReceiver
10-24 22:48:07.681  1395  1669 W BroadcastQueue: Background execution not allowed: receiving Intent { act=android.intent.action.PACKAGE_ADDED dat=package: flg=0x4000010 (has extras) } to com.guardian.security.pri/com.la.da.BroadcastReceiver
10-24 22:48:07.681  1395  1669 W BroadcastQueue: u0 Receiving a broadcast in packagecom.hgperfko.yaeghrwx requires a permissions review
10-24 22:48:07.681  1395  1669 W BroadcastQueue: Skipping delivery: permission review required for Intent { act=android.intent.action.PACKAGE_ADDED dat=package: flg=0x4000010 (has extras) } from null (pid=1395, uid=1000) to com.hgperfko.yaeghrwx/.core.hLytdCQDBv
10-24 22:48:07.681  1395  1669 W BroadcastQueue: u0 Receiving a broadcast in packagecom.qiuqiu.dfmc requires a permissions review
10-24 22:48:07.681  1395  1669 W BroadcastQueue: Skipping delivery: permission review required for Intent { act=android.intent.action.PACKAGE_ADDED dat=package: flg=0x4000010 (has extras) } from null (pid=1395, uid=1000) to com.qiuqiu.dfmc/cn.jpush.android.service.PushReceiver
10-24 22:48:07.681  1395  1669 W BroadcastQueue: u0 Receiving a broadcast in packagecom.safesys.viruskiller requires a permissions review
10-24 22:48:07.682  1395  1669 W BroadcastQueue: Skipping delivery: permission review required for Intent { act=android.intent.action.PACKAGE_ADDED dat=package: flg=0x4000010 (has extras) } from null (pid=1395, uid=1000) to com.safesys.viruskiller/.ScanPackageBroadcast
10-24 22:48:07.682  1395  1669 W BroadcastQueue: u0 Receiving a broadcast in packagecom.uc108.mobile.sdgj.bd1 requires a permissions review
10-24 22:48:07.682  1395  1669 W BroadcastQueue: Skipping delivery: permission review required for Intent { act=android.intent.action.PACKAGE_ADDED dat=package: flg=0x4000010 (has extras) } from null (pid=1395, uid=1000) to com.uc108.mobile.sdgj.bd1/com.baidu.tiebasdk.service.InstallReceiver
10-24 22:48:07.682  1395  1669 W BroadcastQueue: u0 Receiving a broadcast in packagecom.voicebianshengjinglingwc.wxl requires a permissions review
10-24 22:48:07.682  1395  1669 W BroadcastQueue: Skipping delivery: permission review required for Intent { act=android.intent.action.PACKAGE_ADDED dat=package: flg=0x4000010 (has extras) } from null (pid=1395, uid=1000) to com.voicebianshengjinglingwc.wxl/mp.ruu.Ztjjwrj
10-24 22:48:07.682  1395  1669 W BroadcastQueue: u0 Receiving a broadcast in packageio.dcloud.H5BC6BF13 requires a permissions review
10-24 22:48:07.682  1395  1669 W BroadcastQueue: Skipping delivery: permission review required for Intent { act=android.intent.action.PACKAGE_ADDED dat=package: flg=0x4000010 (has extras) } from null (pid=1395, uid=1000) to io.dcloud.H5BC6BF13/io.dcloud.common.adapter.io.DownloadReceiver
10-24 22:48:07.698  1395  1395 V BackupManagerConstants: getFullBackupIntervalMilliseconds(...) returns 86400000
10-24 22:48:07.699  1395  1395 V BackupManagerConstants: getFullBackupRequiredNetworkType(...) returns 2
10-24 22:48:07.699  1395  1395 V BackupManagerConstants: getFullBackupRequireCharging(...) returns true
10-24 22:48:07.700  1395  2918 D CompatibilityChangeReporter: Compat change id reported: 218533173; UID 10248; state: DISABLED
10-24 22:48:07.724  1395  1809 E VerityUtils: Failed to measure fs-verity, errno 1: /data/app/~~GsIjPhFBcfQFpLVzSvz3ug==/zqgd.bwqay.wekcq-1cndmi0uu-Mj5zlArjSgWg==/base.apk
10-24 22:48:07.726  1395  2988 D CompatibilityChangeReporter: Compat change id reported: 161252188; UID 10248; state: DISABLED
10-24 22:48:07.753  1395  1395 I Telecom : DefaultDialerCache: Refreshing default dialer for user 0: now com.google.android.dialer: DDC.oR@B70
10-24 22:48:07.753  1395  4175 W BackupTransportManager: Package zqgd.bwqay.wekcq enabled setting: 0
10-24 22:48:07.804  1395  1817 E PackageManager: ERROR: could not load root hash from incremental install
10-24 22:48:07.840  1395  1817 I PackageManager: Integrity check passed for file:///data/app/vmdl313979052.tmp
10-24 22:48:07.871  1395  1668 W WindowMagnificationMgr: requestConnection duplicated request: connect=false, mConnectionState=DISCONNECTED
10-24 22:48:07.969  1395  1668 W PackageManager: Failed registering loading progress callback. Package is fully loaded.
10-24 22:48:07.977  1395  1668 W WindowMagnificationMgr: requestConnection duplicated request: connect=false, mConnectionState=DISCONNECTED
10-24 22:48:08.038  1395  1817 V BackupManagerService: [UserID:0] restoreAtInstall pkg=com.gone60 token=54 restoreSet=0
10-24 22:48:08.038  1395  1817 V BackupManagerService: [UserID:0] Finishing install immediately
10-24 22:48:08.040  1395  1817 D PackageInstallerSession: Marking session 313979052 as applied
10-24 22:48:08.046  1395  1817 D CompatibilityChangeReporter: Compat change id reported: 168419799; UID 10249; state: DISABLED
10-24 22:48:08.046  1395  1817 D CompatibilityChangeReporter: Compat change id reported: 273564678; UID 10249; state: DISABLED
10-24 22:48:08.051  1395  1669 W BroadcastQueue: u0 Receiving a broadcast in packagecom.jr.narutoii requires a permissions review
10-24 22:48:08.051  1395  1669 W BroadcastQueue: Skipping delivery: permission review required for Intent { act=android.intent.action.PACKAGE_ADDED dat=package: flg=0x4000010 (has extras) } from null (pid=1395, uid=1000) to com.jr.narutoii/com.joyriver.engine.proxy.EngineReceiver
10-24 22:48:08.051  1395  1669 W BroadcastQueue: u0 Receiving a broadcast in packagecom.android.buyer requires a permissions review
10-24 22:48:08.051  1395  1669 W BroadcastQueue: Skipping delivery: permission review required for Intent { act=android.intent.action.PACKAGE_ADDED dat=package: flg=0x4000010 (has extras) } from null (pid=1395, uid=1000) to com.android.buyer/.mRve
10-24 22:48:08.051  1395  1669 W BroadcastQueue: Background execution not allowed: receiving Intent { act=android.intent.action.PACKAGE_ADDED dat=package: flg=0x4000010 (has extras) } to com.google.android.packageinstaller/com.android.packageinstaller.PackageInstalledReceiver
10-24 22:48:08.051  1395  1669 W BroadcastQueue: Background execution not allowed: receiving Intent { act=android.intent.action.PACKAGE_ADDED dat=package: flg=0x4000010 (has extras) } to com.android.vending/com.google.android.finsky.packagemonitor.impl.PackageMonitorReceiverImpl$RegisteredReceiver
10-24 22:48:08.051  1395  1669 W BroadcastQueue: Background execution not allowed: receiving Intent { act=android.intent.action.PACKAGE_ADDED dat=package: flg=0x4000010 (has extras) } to com.android.vending/com.google.android.finsky.packagemonitor.backgroundimpl.BackgroundPackageMonitorReceiverImpl$RegisteredReceiver
10-24 22:48:08.051  1395  1669 W BroadcastQueue: Background execution not allowed: receiving Intent { act=android.intent.action.PACKAGE_ADDED dat=package: flg=0x4000010 (has extras) } to com.google.android.gms/.games.chimera.GamesSystemBroadcastReceiverProxy
10-24 22:48:08.051  1395  1669 W BroadcastQueue: Background execution not allowed: receiving Intent { act=android.intent.action.PACKAGE_ADDED dat=package: flg=0x4000010 (has extras) } to com.google.android.gms/.gass.chimera.PackageChangeBroadcastReceiver
10-24 22:48:08.051  1395  1669 W BroadcastQueue: Background execution not allowed: receiving Intent { act=android.intent.action.PACKAGE_ADDED dat=package: flg=0x4000010 (has extras) } to com.google.android.gms/.chimera.GmsIntentOperationService$PersistentTrustedReceiver
10-24 22:48:08.051  1395  1669 W BroadcastQueue: u0 Receiving a broadcast in packagecom.cncd.japan.janli.shudu requires a permissions review
