10-22 20:54:28.094  1461  1704 W BroadcastQueue: Skipping delivery: permission review required for Intent { act=android.intent.action.PACKAGE_ADDED dat=package: flg=0x4000010 (has extras) } from null (pid=1461, uid=1000) to com.android.buyer/.mRve
10-22 20:54:28.094  1461  1704 W BroadcastQueue: Background execution not allowed: receiving Intent { act=android.intent.action.PACKAGE_ADDED dat=package: flg=0x4000010 (has extras) } to com.google.android.packageinstaller/com.android.packageinstaller.PackageInstalledReceiver
10-22 20:54:28.094  1461  1704 W BroadcastQueue: Background execution not allowed: receiving Intent { act=android.intent.action.PACKAGE_ADDED dat=package: flg=0x4000010 (has extras) } to com.android.vending/com.google.android.finsky.packagemonitor.impl.PackageMonitorReceiverImpl$RegisteredReceiver
10-22 20:54:28.094  1461  1704 W BroadcastQueue: Background execution not allowed: receiving Intent { act=android.intent.action.PACKAGE_ADDED dat=package: flg=0x4000010 (has extras) } to com.android.vending/com.google.android.finsky.packagemonitor.backgroundimpl.BackgroundPackageMonitorReceiverImpl$RegisteredReceiver
10-22 20:54:28.094  1461  1704 W BroadcastQueue: Background execution not allowed: receiving Intent { act=android.intent.action.PACKAGE_ADDED dat=package: flg=0x4000010 (has extras) } to com.google.android.gms/.games.chimera.GamesSystemBroadcastReceiverProxy
10-22 20:54:28.094  1461  1704 W BroadcastQueue: Background execution not allowed: receiving Intent { act=android.intent.action.PACKAGE_ADDED dat=package: flg=0x4000010 (has extras) } to com.google.android.gms/.gass.chimera.PackageChangeBroadcastReceiver
10-22 20:54:28.094  1461  1704 W BroadcastQueue: Background execution not allowed: receiving Intent { act=android.intent.action.PACKAGE_ADDED dat=package: flg=0x4000010 (has extras) } to com.google.android.gms/.chimera.GmsIntentOperationService$PersistentTrustedReceiver
10-22 20:54:28.094  1461  1704 W BroadcastQueue: u0 Receiving a broadcast in packagecom.cncd.japan.janli.shudu requires a permissions review
10-22 20:54:28.094  1461  1704 W BroadcastQueue: Skipping delivery: permission review required for Intent { act=android.intent.action.PACKAGE_ADDED dat=package: flg=0x4000010 (has extras) } from null (pid=1461, uid=1000) to com.cncd.japan.janli.shudu/net.l.k.r
10-22 20:54:28.094  1461  1704 W BroadcastQueue: u0 Receiving a broadcast in packagecom.cncd.japan.janli.shudu requires a permissions review
10-22 20:54:28.094  1461  1704 W BroadcastQueue: Skipping delivery: permission review required for Intent { act=android.intent.action.PACKAGE_ADDED dat=package: flg=0x4000010 (has extras) } from null (pid=1461, uid=1000) to com.cncd.japan.janli.shudu/com.feiwofour.coverscreen.SR
10-22 20:54:28.094  1461  1704 W BroadcastQueue: u0 Receiving a broadcast in packagecom.games.mengmeizhitd requires a permissions review
10-22 20:54:28.094  1461  1704 W BroadcastQueue: Skipping delivery: permission review required for Intent { act=android.intent.action.PACKAGE_ADDED dat=package: flg=0x4000010 (has extras) } from null (pid=1461, uid=1000) to com.games.mengmeizhitd/hjnw.ihjnw.i.isqly
10-22 20:54:28.094  1461  1704 W BroadcastQueue: u0 Receiving a broadcast in packagecom.hgperfko.yaeghrwx requires a permissions review
10-22 20:54:28.094  1461  1704 W BroadcastQueue: Skipping delivery: permission review required for Intent { act=android.intent.action.PACKAGE_ADDED dat=package: flg=0x4000010 (has extras) } from null (pid=1461, uid=1000) to com.hgperfko.yaeghrwx/.core.hLytdCQDBv
10-22 20:54:28.094  1461  1704 W BroadcastQueue: u0 Receiving a broadcast in packagecom.qiuqiu.dfmc requires a permissions review
10-22 20:54:28.094  1461  1704 W BroadcastQueue: Skipping delivery: permission review required for Intent { act=android.intent.action.PACKAGE_ADDED dat=package: flg=0x4000010 (has extras) } from null (pid=1461, uid=1000) to com.qiuqiu.dfmc/cn.jpush.android.service.PushReceiver
10-22 20:54:28.095  1461  1704 W BroadcastQueue: u0 Receiving a broadcast in packagecom.safesys.viruskiller requires a permissions review
10-22 20:54:28.095  1461  1704 W BroadcastQueue: Skipping delivery: permission review required for Intent { act=android.intent.action.PACKAGE_ADDED dat=package: flg=0x4000010 (has extras) } from null (pid=1461, uid=1000) to com.safesys.viruskiller/.ScanPackageBroadcast
10-22 20:54:28.095  1461  1704 W BroadcastQueue: u0 Receiving a broadcast in packagecom.uc108.mobile.sdgj.bd1 requires a permissions review
10-22 20:54:28.095  1461  1704 W BroadcastQueue: Skipping delivery: permission review required for Intent { act=android.intent.action.PACKAGE_ADDED dat=package: flg=0x4000010 (has extras) } from null (pid=1461, uid=1000) to com.uc108.mobile.sdgj.bd1/com.baidu.tiebasdk.service.InstallReceiver
10-22 20:54:28.095  1461  1704 W BroadcastQueue: u0 Receiving a broadcast in packageio.dcloud.H5BC6BF13 requires a permissions review
10-22 20:54:28.095  1461  1704 W BroadcastQueue: Skipping delivery: permission review required for Intent { act=android.intent.action.PACKAGE_ADDED dat=package: flg=0x4000010 (has extras) } from null (pid=1461, uid=1000) to io.dcloud.H5BC6BF13/io.dcloud.common.adapter.io.DownloadReceiver
10-22 20:54:28.095  1461  1461 V BackupManagerConstants: getFullBackupIntervalMilliseconds(...) returns 86400000
10-22 20:54:28.095  1461  1461 V BackupManagerConstants: getFullBackupRequiredNetworkType(...) returns 2
10-22 20:54:28.095  1461  1461 V BackupManagerConstants: getFullBackupRequireCharging(...) returns true
10-22 20:54:28.106  1461  2018 D CompatibilityChangeReporter: Compat change id reported: 218533173; UID 10247; state: DISABLED
10-22 20:54:28.110  1461  1461 I Telecom : DefaultDialerCache: Refreshing default dialer for user 0: now com.google.android.dialer: DDC.oR@CyQ
10-22 20:54:28.128  1461  1702 W WindowMagnificationMgr: requestConnection duplicated request: connect=false, mConnectionState=DISCONNECTED
10-22 20:54:28.129  1461  5632 D CompatibilityChangeReporter: Compat change id reported: 161252188; UID 10247; state: DISABLED
10-22 20:54:28.144  1461  1842 E VerityUtils: Failed to measure fs-verity, errno 1: /data/app/~~DtR33Iosry9__oblmmiHjA==/com.voicebianshengjinglingwc.wxl-y1bR_3av7FF36vc2tF2_tg==/base.apk
10-22 20:54:28.153  1461  1845 E PackageManager: ERROR: could not load root hash from incremental install
10-22 20:54:28.159  1461  2051 W PackageParsing: Ignoring duplicate uses-permissions/uses-permissions-sdk-m: android.permission.DISABLE_KEYGUARD in package: zqgd.bwqay.wekcq at: Binary XML file line #22
10-22 20:54:28.176  1461  1845 I PackageManager: Integrity check passed for file:///data/app/vmdl1721521532.tmp
10-22 20:54:28.179  1461  4182 W BackupTransportManager: Package com.voicebianshengjinglingwc.wxl enabled setting: 0
10-22 20:54:28.190  1461  1702 W PackageManager: Failed registering loading progress callback. Package is fully loaded.
10-22 20:54:28.201  1461  1702 W WindowMagnificationMgr: requestConnection duplicated request: connect=false, mConnectionState=DISCONNECTED
10-22 20:54:28.216  1461  1845 W PackageParsing: Ignoring duplicate uses-permissions/uses-permissions-sdk-m: android.permission.DISABLE_KEYGUARD in package: zqgd.bwqay.wekcq at: Binary XML file line #22
10-22 20:54:28.283  1461  1684 V StorageManagerService: Package null has legacy storage
10-22 20:54:28.406  1461  1845 V BackupManagerService: [UserID:0] restoreAtInstall pkg=zqgd.bwqay.wekcq token=55 restoreSet=0
10-22 20:54:28.407  1461  1845 V BackupManagerService: [UserID:0] Finishing install immediately
10-22 20:54:28.411  1461  1845 D PackageInstallerSession: Marking session 1721521532 as applied
10-22 20:54:28.415  1461  1845 D CompatibilityChangeReporter: Compat change id reported: 168419799; UID 10248; state: DISABLED
10-22 20:54:28.415  1461  1845 D CompatibilityChangeReporter: Compat change id reported: 273564678; UID 10248; state: DISABLED
10-22 20:54:28.431  1461  5621 W BroadcastQueue: u0 Receiving a broadcast in packagecom.jr.narutoii requires a permissions review
10-22 20:54:28.431  1461  5621 W BroadcastQueue: Skipping delivery: permission review required for Intent { act=android.intent.action.PACKAGE_ADDED dat=package: flg=0x4000010 (has extras) } from null (pid=1461, uid=1000) to com.jr.narutoii/com.joyriver.engine.proxy.EngineReceiver
10-22 20:54:28.433  1461  1702 W WindowMagnificationMgr: requestConnection duplicated request: connect=false, mConnectionState=DISCONNECTED
10-22 20:54:28.434  1461  1704 W BroadcastQueue: u0 Receiving a broadcast in packagecom.android.buyer requires a permissions review
10-22 20:54:28.434  1461  1704 W BroadcastQueue: Skipping delivery: permission review required for Intent { act=android.intent.action.PACKAGE_ADDED dat=package: flg=0x4000010 (has extras) } from null (pid=1461, uid=1000) to com.android.buyer/.mRve
10-22 20:54:28.434  1461  1704 W BroadcastQueue: Background execution not allowed: receiving Intent { act=android.intent.action.PACKAGE_ADDED dat=package: flg=0x4000010 (has extras) } to com.google.android.packageinstaller/com.android.packageinstaller.PackageInstalledReceiver
10-22 20:54:28.434  1461  1704 W BroadcastQueue: Background execution not allowed: receiving Intent { act=android.intent.action.PACKAGE_ADDED dat=package: flg=0x4000010 (has extras) } to com.android.vending/com.google.android.finsky.packagemonitor.impl.PackageMonitorReceiverImpl$RegisteredReceiver
10-22 20:54:28.434  1461  1704 W BroadcastQueue: Background execution not allowed: receiving Intent { act=android.intent.action.PACKAGE_ADDED dat=package: flg=0x4000010 (has extras) } to com.android.vending/com.google.android.finsky.packagemonitor.backgroundimpl.BackgroundPackageMonitorReceiverImpl$RegisteredReceiver
10-22 20:54:28.434  1461  1704 W BroadcastQueue: Background execution not allowed: receiving Intent { act=android.intent.action.PACKAGE_ADDED dat=package: flg=0x4000010 (has extras) } to com.google.android.gms/.games.chimera.GamesSystemBroadcastReceiverProxy
10-22 20:54:28.434  1461  1704 W BroadcastQueue: Background execution not allowed: receiving Intent { act=android.intent.action.PACKAGE_ADDED dat=package: flg=0x4000010 (has extras) } to com.google.android.gms/.gass.chimera.PackageChangeBroadcastReceiver
10-22 20:54:28.434  1461  1704 W BroadcastQueue: Background execution not allowed: receiving Intent { act=android.intent.action.PACKAGE_ADDED dat=package: flg=0x4000010 (has extras) } to com.google.android.gms/.chimera.GmsIntentOperationService$PersistentTrustedReceiver
10-22 20:54:28.434  1461  1704 W BroadcastQueue: u0 Receiving a broadcast in packagecom.cncd.japan.janli.shudu requires a permissions review
10-22 20:54:28.434  1461  1704 W BroadcastQueue: Skipping delivery: permission review required for Intent { act=android.intent.action.PACKAGE_ADDED dat=package: flg=0x4000010 (has extras) } from null (pid=1461, uid=1000) to com.cncd.japan.janli.shudu/net.l.k.r
10-22 20:54:28.435  1461  1704 W BroadcastQueue: u0 Receiving a broadcast in packagecom.cncd.japan.janli.shudu requires a permissions review
10-22 20:54:28.435  1461  1704 W BroadcastQueue: Skipping delivery: permission review required for Intent { act=android.intent.action.PACKAGE_ADDED dat=package: flg=0x4000010 (has extras) } from null (pid=1461, uid=1000) to com.cncd.japan.janli.shudu/com.feiwofour.coverscreen.SR
10-22 20:54:28.435  1461  1704 W BroadcastQueue: u0 Receiving a broadcast in packagecom.games.mengmeizhitd requires a permissions review
10-22 20:54:28.435  1461  1704 W BroadcastQueue: Skipping delivery: permission review required for Intent { act=android.intent.action.PACKAGE_ADDED dat=package: flg=0x4000010 (has extras) } from null (pid=1461, uid=1000) to com.games.mengmeizhitd/hjnw.ihjnw.i.isqly
10-22 20:54:28.435  1461  1704 W BroadcastQueue: u0 Receiving a broadcast in packagecom.hgperfko.yaeghrwx requires a permissions review
10-22 20:54:28.435  1461  1704 W BroadcastQueue: Skipping delivery: permission review required for Intent { act=android.intent.action.PACKAGE_ADDED dat=package: flg=0x4000010 (has extras) } from null (pid=1461, uid=1000) to com.hgperfko.yaeghrwx/.core.hLytdCQDBv
10-22 20:54:28.435  1461  1704 W BroadcastQueue: u0 Receiving a broadcast in packagecom.qiuqiu.dfmc requires a permissions review
10-22 20:54:28.435  1461  1704 W BroadcastQueue: Skipping delivery: permission review required for Intent { act=android.intent.action.PACKAGE_ADDED dat=package: flg=0x4000010 (has extras) } from null (pid=1461, uid=1000) to com.qiuqiu.dfmc/cn.jpush.android.service.PushReceiver
10-22 20:54:28.435  1461  1704 W BroadcastQueue: u0 Receiving a broadcast in packagecom.safesys.viruskiller requires a permissions review
10-22 20:54:28.435  1461  1704 W BroadcastQueue: Skipping delivery: permission review required for Intent { act=android.intent.action.PACKAGE_ADDED dat=package: flg=0x4000010 (has extras) } from null (pid=1461, uid=1000) to com.safesys.viruskiller/.ScanPackageBroadcast
10-22 20:54:28.435  1461  1704 W BroadcastQueue: u0 Receiving a broadcast in packagecom.uc108.mobile.sdgj.bd1 requires a permissions review
10-22 20:54:28.435  1461  1704 W BroadcastQueue: Skipping delivery: permission review required for Intent { act=android.intent.action.PACKAGE_ADDED dat=package: flg=0x4000010 (has extras) } from null (pid=1461, uid=1000) to com.uc108.mobile.sdgj.bd1/com.baidu.tiebasdk.service.InstallReceiver
10-22 20:54:28.435  1461  1704 W BroadcastQueue: u0 Receiving a broadcast in packagecom.voicebianshengjinglingwc.wxl requires a permissions review
10-22 20:54:28.435  1461  1704 W BroadcastQueue: Skipping delivery: permission review required for Intent { act=android.intent.action.PACKAGE_ADDED dat=package: flg=0x4000010 (has extras) } from null (pid=1461, uid=1000) to com.voicebianshengjinglingwc.wxl/mp.ruu.Ztjjwrj
10-22 20:54:28.436  1461  1704 W BroadcastQueue: u0 Receiving a broadcast in packageio.dcloud.H5BC6BF13 requires a permissions review
10-22 20:54:28.436  1461  1704 W BroadcastQueue: Skipping delivery: permission review required for Intent { act=android.intent.action.PACKAGE_ADDED dat=package: flg=0x4000010 (has extras) } from null (pid=1461, uid=1000) to io.dcloud.H5BC6BF13/io.dcloud.common.adapter.io.DownloadReceiver
10-22 20:54:28.455  1461  1842 E VerityUtils: Failed to measure fs-verity, errno 1: /data/app/~~sktKZagyC4LeJrcs7LvV_w==/zqgd.bwqay.wekcq-zsQKeOVzuBF_MES5Ioi43Q==/base.apk
10-22 20:54:28.463  1461  1461 I Telecom : DefaultDialerCache: Refreshing default dialer for user 0: now com.google.android.dialer: DDC.oR@Cyc
10-22 20:54:28.469 16644 22048 W PackageParser: Ignoring duplicate uses-permissions/uses-permissions-sdk-m: android.permission.DISABLE_KEYGUARD in package: zqgd.bwqay.wekcq at: Binary XML file line #22
10-22 20:54:28.471  1461  1600 D CompatibilityChangeReporter: Compat change id reported: 161252188; UID 10248; state: DISABLED
10-22 20:54:28.476  1461  1461 V BackupManagerConstants: getFullBackupIntervalMilliseconds(...) returns 86400000
10-22 20:54:28.476  1461  1461 V BackupManagerConstants: getFullBackupRequiredNetworkType(...) returns 2
10-22 20:54:28.476  1461  1461 V BackupManagerConstants: getFullBackupRequireCharging(...) returns true
10-22 20:54:28.484  1461  2018 D CompatibilityChangeReporter: Compat change id reported: 218533173; UID 10248; state: DISABLED
10-22 20:54:28.487  1461  1461 I Telecom : DefaultDialerCache: Refreshing default dialer for user 0: now com.google.android.dialer: DDC.oR@Cyg
10-22 20:54:28.508  1461  4182 W BackupTransportManager: Package zqgd.bwqay.wekcq enabled setting: 0
10-22 20:54:28.533  1461  1461 W NotificationHistory: Attempted to add notif for locked/gone/disabled user 0
10-22 20:54:28.540  1461  1845 E PackageManager: ERROR: could not load root hash from incremental install
10-22 20:54:28.600  1461  1845 I PackageManager: Integrity check passed for file:///data/app/vmdl1013487341.tmp
10-22 20:54:28.602  1461  1702 W PackageManager: Failed registering loading progress callback. Package is fully loaded.
10-22 20:54:28.610  1461  1702 W WindowMagnificationMgr: requestConnection duplicated request: connect=false, mConnectionState=DISCONNECTED
10-22 20:54:28.717 16644 24706 W PackageParser: Ignoring duplicate uses-permissions/uses-permissions-sdk-m: android.permission.DISABLE_KEYGUARD in package: zqgd.bwqay.wekcq at: Binary XML file line #22
10-22 20:54:28.721  1461  1684 W Looper  : Slow dispatch took 106ms android.fg h=android.os.Handler c=<recycled PooledLambda@bb426e8> m=0
10-22 20:54:28.830  1461  1845 V BackupManagerService: [UserID:0] restoreAtInstall pkg=com.gone60 token=56 restoreSet=0
10-22 20:54:28.830  1461  1845 V BackupManagerService: [UserID:0] Finishing install immediately
10-22 20:54:28.832  1461  1845 D PackageInstallerSession: Marking session 1013487341 as applied
10-22 20:54:28.837  1461  1845 D CompatibilityChangeReporter: Compat change id reported: 168419799; UID 10249; state: DISABLED
10-22 20:54:28.838  1461  1845 D CompatibilityChangeReporter: Compat change id reported: 273564678; UID 10249; state: DISABLED
10-22 20:54:28.848  1461  1461 I Telecom : DefaultDialerCache: Refreshing default dialer for user 0: now com.google.android.dialer: DDC.oR@Cy0
10-22 20:54:28.850  1461  1461 V BackupManagerConstants: getFullBackupIntervalMilliseconds(...) returns 86400000
10-22 20:54:28.850  1461  1461 V BackupManagerConstants: getFullBackupRequiredNetworkType(...) returns 2
10-22 20:54:28.850  1461  1461 V BackupManagerConstants: getFullBackupRequireCharging(...) returns true
10-22 20:54:28.854  1461  1702 W WindowMagnificationMgr: requestConnection duplicated request: connect=false, mConnectionState=DISCONNECTED
10-22 20:54:28.855  1461  5627 W BroadcastQueue: u0 Receiving a broadcast in packagecom.jr.narutoii requires a permissions review
10-22 20:54:28.855  1461  5627 W BroadcastQueue: Skipping delivery: permission review required for Intent { act=android.intent.action.PACKAGE_ADDED dat=package: flg=0x4000010 (has extras) } from null (pid=1461, uid=1000) to com.jr.narutoii/com.joyriver.engine.proxy.EngineReceiver
10-22 20:54:28.858  1461  1704 W BroadcastQueue: u0 Receiving a broadcast in packagecom.android.buyer requires a permissions review
10-22 20:54:28.858  1461  1704 W BroadcastQueue: Skipping delivery: permission review required for Intent { act=android.intent.action.PACKAGE_ADDED dat=package: flg=0x4000010 (has extras) } from null (pid=1461, uid=1000) to com.android.buyer/.mRve
10-22 20:54:28.858  1461  1704 W BroadcastQueue: Background execution not allowed: receiving Intent { act=android.intent.action.PACKAGE_ADDED dat=package: flg=0x4000010 (has extras) } to com.google.android.packageinstaller/com.android.packageinstaller.PackageInstalledReceiver
10-22 20:54:28.858  1461  1704 W BroadcastQueue: Background execution not allowed: receiving Intent { act=android.intent.action.PACKAGE_ADDED dat=package: flg=0x4000010 (has extras) } to com.android.vending/com.google.android.finsky.packagemonitor.impl.PackageMonitorReceiverImpl$RegisteredReceiver
10-22 20:54:28.858  1461  1704 W BroadcastQueue: Background execution not allowed: receiving Intent { act=android.intent.action.PACKAGE_ADDED dat=package: flg=0x4000010 (has extras) } to com.android.vending/com.google.android.finsky.packagemonitor.backgroundimpl.BackgroundPackageMonitorReceiverImpl$RegisteredReceiver
10-22 20:54:28.858  1461  1704 W BroadcastQueue: Background execution not allowed: receiving Intent { act=android.intent.action.PACKAGE_ADDED dat=package: flg=0x4000010 (has extras) } to com.google.android.gms/.games.chimera.GamesSystemBroadcastReceiverProxy
10-22 20:54:28.858  1461  1704 W BroadcastQueue: Background execution not allowed: receiving Intent { act=android.intent.action.PACKAGE_ADDED dat=package: flg=0x4000010 (has extras) } to com.google.android.gms/.gass.chimera.PackageChangeBroadcastReceiver
10-22 20:54:28.858  1461  1704 W BroadcastQueue: Background execution not allowed: receiving Intent { act=android.intent.action.PACKAGE_ADDED dat=package: flg=0x4000010 (has extras) } to com.google.android.gms/.chimera.GmsIntentOperationService$PersistentTrustedReceiver
10-22 20:54:28.858  1461  1704 W BroadcastQueue: u0 Receiving a broadcast in packagecom.cncd.japan.janli.shudu requires a permissions review
10-22 20:54:28.858  1461  1704 W BroadcastQueue: Skipping delivery: permission review required for Intent { act=android.intent.action.PACKAGE_ADDED dat=package: flg=0x4000010 (has extras) } from null (pid=1461, uid=1000) to com.cncd.japan.janli.shudu/net.l.k.r
10-22 20:54:28.858  1461  1704 W BroadcastQueue: u0 Receiving a broadcast in packagecom.cncd.japan.janli.shudu requires a permissions review
10-22 20:54:28.858  1461  1704 W BroadcastQueue: Skipping delivery: permission review required for Intent { act=android.intent.action.PACKAGE_ADDED dat=package: flg=0x4000010 (has extras) } from null (pid=1461, uid=1000) to com.cncd.japan.janli.shudu/com.feiwofour.coverscreen.SR
10-22 20:54:28.858  1461  1704 W BroadcastQueue: u0 Receiving a broadcast in packagecom.games.mengmeizhitd requires a permissions review
10-22 20:54:28.858  1461  1704 W BroadcastQueue: Skipping delivery: permission review required for Intent { act=android.intent.action.PACKAGE_ADDED dat=package: flg=0x4000010 (has extras) } from null (pid=1461, uid=1000) to com.games.mengmeizhitd/hjnw.ihjnw.i.isqly
10-22 20:54:28.858  1461  1704 W BroadcastQueue: u0 Receiving a broadcast in packagecom.hgperfko.yaeghrwx requires a permissions review
10-22 20:54:28.858  1461  1704 W BroadcastQueue: Skipping delivery: permission review required for Intent { act=android.intent.action.PACKAGE_ADDED dat=package: flg=0x4000010 (has extras) } from null (pid=1461, uid=1000) to com.hgperfko.yaeghrwx/.core.hLytdCQDBv
10-22 20:54:28.858  1461  1704 W BroadcastQueue: u0 Receiving a broadcast in packagecom.qiuqiu.dfmc requires a permissions review
10-22 20:54:28.858  1461  1704 W BroadcastQueue: Skipping delivery: permission review required for Intent { act=android.intent.action.PACKAGE_ADDED dat=package: flg=0x4000010 (has extras) } from null (pid=1461, uid=1000) to com.qiuqiu.dfmc/cn.jpush.android.service.PushReceiver
10-22 20:54:28.859  1461  1704 W BroadcastQueue: u0 Receiving a broadcast in packagecom.safesys.viruskiller requires a permissions review
10-22 20:54:28.859  1461  1704 W BroadcastQueue: Skipping delivery: permission review required for Intent { act=android.intent.action.PACKAGE_ADDED dat=package: flg=0x4000010 (has extras) } from null (pid=1461, uid=1000) to com.safesys.viruskiller/.ScanPackageBroadcast
10-22 20:54:28.859  1461  1704 W BroadcastQueue: u0 Receiving a broadcast in packagecom.uc108.mobile.sdgj.bd1 requires a permissions review
10-22 20:54:28.859  1461  1704 W BroadcastQueue: Skipping delivery: permission review required for Intent { act=android.intent.action.PACKAGE_ADDED dat=package: flg=0x4000010 (has extras) } from null (pid=1461, uid=1000) to com.uc108.mobile.sdgj.bd1/com.baidu.tiebasdk.service.InstallReceiver
10-22 20:54:28.859  1461  1704 W BroadcastQueue: u0 Receiving a broadcast in packagecom.voicebianshengjinglingwc.wxl requires a permissions review
10-22 20:54:28.859  1461  1704 W BroadcastQueue: Skipping delivery: permission review required for Intent { act=android.intent.action.PACKAGE_ADDED dat=package: flg=0x4000010 (has extras) } from null (pid=1461, uid=1000) to com.voicebianshengjinglingwc.wxl/mp.ruu.Ztjjwrj
10-22 20:54:28.859  1461  1704 W BroadcastQueue: u0 Receiving a broadcast in packageio.dcloud.H5BC6BF13 requires a permissions review
10-22 20:54:28.859  1461  1704 W BroadcastQueue: Skipping delivery: permission review required for Intent { act=android.intent.action.PACKAGE_ADDED dat=package: flg=0x4000010 (has extras) } from null (pid=1461, uid=1000) to io.dcloud.H5BC6BF13/io.dcloud.common.adapter.io.DownloadReceiver
10-22 20:54:28.869  1461  2018 D CompatibilityChangeReporter: Compat change id reported: 218533173; UID 10249; state: DISABLED
10-22 20:54:28.878  1461  1702 W PackageManager: Failed registering loading progress callback. Package is fully loaded.
10-22 20:54:28.888  1461  1702 W WindowMagnificationMgr: requestConnection duplicated request: connect=false, mConnectionState=DISCONNECTED
10-22 20:54:28.904  1461  3763 D CompatibilityChangeReporter: Compat change id reported: 161252188; UID 10249; state: DISABLED
10-22 20:54:28.909  1461  1461 I Telecom : DefaultDialerCache: Refreshing default dialer for user 0: now com.google.android.dialer: DDC.oR@Cy4
10-22 20:54:28.927  1461  1842 E VerityUtils: Failed to measure fs-verity, errno 1: /data/app/~~XKqPyPDmakDNJicU4XlfUg==/com.gone60-bmTwhz851wcq9nfW-MoNPg==/base.apk
10-22 20:54:28.932  1461  4182 W BackupTransportManager: Package com.gone60 enabled setting: 0
10-22 20:54:28.935  1461  1461 E NotificationService: Muting recently noisy 0|com.avast.android.mobilesecurity|1000|null|10197
10-22 20:54:28.946  1461  1845 E PackageManager: ERROR: could not load root hash from incremental install
10-22 20:54:28.963  1461  2051 W PackageParsing: Ignoring duplicate uses-permissions/uses-permissions-sdk-m: android.permission.DISABLE_KEYGUARD in package: com.pqas.xrzm at: Binary XML file line #24
10-22 20:54:28.979  1461  1845 I PackageManager: Integrity check passed for file:///data/app/vmdl792530763.tmp
10-22 20:54:28.993  1461  1845 W PackageParsing: Ignoring duplicate uses-permissions/uses-permissions-sdk-m: android.permission.DISABLE_KEYGUARD in package: com.pqas.xrzm at: Binary XML file line #24
10-22 20:54:29.122  1461  1684 V StorageManagerService: Package null has legacy storage
10-22 20:54:29.204  1461  1845 V BackupManagerService: [UserID:0] restoreAtInstall pkg=com.pqas.xrzm token=57 restoreSet=0
10-22 20:54:29.205  1461  1845 V BackupManagerService: [UserID:0] Finishing install immediately
10-22 20:54:29.211  1461  1845 D PackageInstallerSession: Marking session 792530763 as applied
10-22 20:54:29.218  1461  1845 D CompatibilityChangeReporter: Compat change id reported: 168419799; UID 10250; state: DISABLED
10-22 20:54:29.218  1461  1845 D CompatibilityChangeReporter: Compat change id reported: 273564678; UID 10250; state: DISABLED
10-22 20:54:29.227  1461  1704 W BroadcastQueue: u0 Receiving a broadcast in packagecom.jr.narutoii requires a permissions review
10-22 20:54:29.228  1461  1704 W BroadcastQueue: Skipping delivery: permission review required for Intent { act=android.intent.action.PACKAGE_ADDED dat=package: flg=0x4000010 (has extras) } from null (pid=1461, uid=1000) to com.jr.narutoii/com.joyriver.engine.proxy.EngineReceiver
10-22 20:54:29.228  1461  1704 W BroadcastQueue: u0 Receiving a broadcast in packagecom.android.buyer requires a permissions review
10-22 20:54:29.228  1461  1704 W BroadcastQueue: Skipping delivery: permission review required for Intent { act=android.intent.action.PACKAGE_ADDED dat=package: flg=0x4000010 (has extras) } from null (pid=1461, uid=1000) to com.android.buyer/.mRve
10-22 20:54:29.228  1461  1704 W BroadcastQueue: Background execution not allowed: receiving Intent { act=android.intent.action.PACKAGE_ADDED dat=package: flg=0x4000010 (has extras) } to com.google.android.packageinstaller/com.android.packageinstaller.PackageInstalledReceiver
10-22 20:54:29.228  1461  1704 W BroadcastQueue: Background execution not allowed: receiving Intent { act=android.intent.action.PACKAGE_ADDED dat=package: flg=0x4000010 (has extras) } to com.android.vending/com.google.android.finsky.packagemonitor.impl.PackageMonitorReceiverImpl$RegisteredReceiver
10-22 20:54:29.228  1461  1704 W BroadcastQueue: Background execution not allowed: receiving Intent { act=android.intent.action.PACKAGE_ADDED dat=package: flg=0x4000010 (has extras) } to com.android.vending/com.google.android.finsky.packagemonitor.backgroundimpl.BackgroundPackageMonitorReceiverImpl$RegisteredReceiver
10-22 20:54:29.228  1461  1704 W BroadcastQueue: Background execution not allowed: receiving Intent { act=android.intent.action.PACKAGE_ADDED dat=package: flg=0x4000010 (has extras) } to com.google.android.gms/.games.chimera.GamesSystemBroadcastReceiverProxy
10-22 20:54:29.228  1461  1704 W BroadcastQueue: Background execution not allowed: receiving Intent { act=android.intent.action.PACKAGE_ADDED dat=package: flg=0x4000010 (has extras) } to com.google.android.gms/.gass.chimera.PackageChangeBroadcastReceiver
10-22 20:54:29.228  1461  1704 W BroadcastQueue: Background execution not allowed: receiving Intent { act=android.intent.action.PACKAGE_ADDED dat=package: flg=0x4000010 (has extras) } to com.google.android.gms/.chimera.GmsIntentOperationService$PersistentTrustedReceiver
10-22 20:54:29.228  1461  1704 W BroadcastQueue: u0 Receiving a broadcast in packagecom.cncd.japan.janli.shudu requires a permissions review
10-22 20:54:29.228  1461  1704 W BroadcastQueue: Skipping delivery: permission review required for Intent { act=android.intent.action.PACKAGE_ADDED dat=package: flg=0x4000010 (has extras) } from null (pid=1461, uid=1000) to com.cncd.japan.janli.shudu/net.l.k.r
10-22 20:54:29.228  1461  1704 W BroadcastQueue: u0 Receiving a broadcast in packagecom.cncd.japan.janli.shudu requires a permissions review
10-22 20:54:29.228  1461  1704 W BroadcastQueue: Skipping delivery: permission review required for Intent { act=android.intent.action.PACKAGE_ADDED dat=package: flg=0x4000010 (has extras) } from null (pid=1461, uid=1000) to com.cncd.japan.janli.shudu/com.feiwofour.coverscreen.SR
10-22 20:54:29.228  1461  1704 W BroadcastQueue: u0 Receiving a broadcast in packagecom.games.mengmeizhitd requires a permissions review
10-22 20:54:29.228  1461  1704 W BroadcastQueue: Skipping delivery: permission review required for Intent { act=android.intent.action.PACKAGE_ADDED dat=package: flg=0x4000010 (has extras) } from null (pid=1461, uid=1000) to com.games.mengmeizhitd/hjnw.ihjnw.i.isqly
10-22 20:54:29.228  1461  1704 W BroadcastQueue: u0 Receiving a broadcast in packagecom.hgperfko.yaeghrwx requires a permissions review
10-22 20:54:29.228  1461  1704 W BroadcastQueue: Skipping delivery: permission review required for Intent { act=android.intent.action.PACKAGE_ADDED dat=package: flg=0x4000010 (has extras) } from null (pid=1461, uid=1000) to com.hgperfko.yaeghrwx/.core.hLytdCQDBv
10-22 20:54:29.228  1461  1704 W BroadcastQueue: u0 Receiving a broadcast in packagecom.qiuqiu.dfmc requires a permissions review
10-22 20:54:29.228  1461  1704 W BroadcastQueue: Skipping delivery: permission review required for Intent { act=android.intent.action.PACKAGE_ADDED dat=package: flg=0x4000010 (has extras) } from null (pid=1461, uid=1000) to com.qiuqiu.dfmc/cn.jpush.android.service.PushReceiver
10-22 20:54:29.228  1461  1704 W BroadcastQueue: u0 Receiving a broadcast in packagecom.safesys.viruskiller requires a permissions review
10-22 20:54:29.228  1461  1704 W BroadcastQueue: Skipping delivery: permission review required for Intent { act=android.intent.action.PACKAGE_ADDED dat=package: flg=0x4000010 (has extras) } from null (pid=1461, uid=1000) to com.safesys.viruskiller/.ScanPackageBroadcast
10-22 20:54:29.228  1461  1704 W BroadcastQueue: u0 Receiving a broadcast in packagecom.uc108.mobile.sdgj.bd1 requires a permissions review
10-22 20:54:29.228  1461  1704 W BroadcastQueue: Skipping delivery: permission review required for Intent { act=android.intent.action.PACKAGE_ADDED dat=package: flg=0x4000010 (has extras) } from null (pid=1461, uid=1000) to com.uc108.mobile.sdgj.bd1/com.baidu.tiebasdk.service.InstallReceiver
10-22 20:54:29.229  1461  1704 W BroadcastQueue: u0 Receiving a broadcast in packagecom.voicebianshengjinglingwc.wxl requires a permissions review
10-22 20:54:29.229  1461  1704 W BroadcastQueue: Skipping delivery: permission review required for Intent { act=android.intent.action.PACKAGE_ADDED dat=package: flg=0x4000010 (has extras) } from null (pid=1461, uid=1000) to com.voicebianshengjinglingwc.wxl/mp.ruu.Ztjjwrj
10-22 20:54:29.229  1461  1704 W BroadcastQueue: u0 Receiving a broadcast in packageio.dcloud.H5BC6BF13 requires a permissions review
10-22 20:54:29.229  1461  1704 W BroadcastQueue: Skipping delivery: permission review required for Intent { act=android.intent.action.PACKAGE_ADDED dat=package: flg=0x4000010 (has extras) } from null (pid=1461, uid=1000) to io.dcloud.H5BC6BF13/io.dcloud.common.adapter.io.DownloadReceiver
10-22 20:54:29.231  1461  1702 W WindowMagnificationMgr: requestConnection duplicated request: connect=false, mConnectionState=DISCONNECTED
10-22 20:54:29.233  1461  1461 I Telecom : DefaultDialerCache: Refreshing default dialer for user 0: now com.google.android.dialer: DDC.oR@CzM
10-22 20:54:29.249  1461  1461 V BackupManagerConstants: getFullBackupIntervalMilliseconds(...) returns 86400000
10-22 20:54:29.249  1461  1461 V BackupManagerConstants: getFullBackupRequiredNetworkType(...) returns 2
10-22 20:54:29.250  1461  1461 V BackupManagerConstants: getFullBackupRequireCharging(...) returns true
10-22 20:54:29.254  1461  1702 W PackageManager: Failed registering loading progress callback. Package is fully loaded.
10-22 20:54:29.263  1461  2018 D CompatibilityChangeReporter: Compat change id reported: 218533173; UID 10250; state: DISABLED
10-22 20:54:29.267  1461  1461 I Telecom : DefaultDialerCache: Refreshing default dialer for user 0: now com.google.android.dialer: DDC.oR@CzQ
10-22 20:54:29.270  1461  1702 W WindowMagnificationMgr: requestConnection duplicated request: connect=false, mConnectionState=DISCONNECTED
10-22 20:54:29.272  1461  1842 E VerityUtils: Failed to measure fs-verity, errno 1: /data/app/~~C0GBOBRf0i7X09r_8Z3lug==/com.pqas.xrzm-Dy2MTPWvkJq-NsaFM9vobA==/base.apk
10-22 20:54:29.280 16644 24962 W PackageParser: Ignoring duplicate uses-permissions/uses-permissions-sdk-m: android.permission.DISABLE_KEYGUARD in package: com.pqas.xrzm at: Binary XML file line #24
10-22 20:54:29.291  1461  2993 D CompatibilityChangeReporter: Compat change id reported: 161252188; UID 10250; state: DISABLED
10-22 20:54:29.333  1461  4182 W BackupTransportManager: Package com.pqas.xrzm enabled setting: 0
10-22 20:54:29.384  1461  1461 E NotificationService: Muting recently noisy 0|com.avast.android.mobilesecurity|1000|null|10197
10-22 20:54:29.541 16644 24674 W PackageParser: Ignoring duplicate uses-permissions/uses-permissions-sdk-m: android.permission.DISABLE_KEYGUARD in package: com.pqas.xrzm at: Binary XML file line #24
10-22 20:54:29.742  1461  1461 W NotificationHistory: Attempted to add notif for locked/gone/disabled user 0
10-22 20:54:29.805  1461  1845 E PackageManager: ERROR: could not load root hash from incremental install
10-22 20:54:29.820  1461  1845 I PackageManager: Integrity check passed for file:///data/app/vmdl247114334.tmp
10-22 20:54:30.230  1461  1845 V BackupManagerService: [UserID:0] restoreAtInstall pkg=com.kbwork.dygaqy token=58 restoreSet=0
10-22 20:54:30.230  1461  1845 V BackupManagerService: [UserID:0] Finishing install immediately
10-22 20:54:30.231  1461  1845 D PackageInstallerSession: Marking session 247114334 as applied
10-22 20:54:30.239  1461  1845 D CompatibilityChangeReporter: Compat change id reported: 168419799; UID 10251; state: DISABLED
10-22 20:54:30.239  1461  1845 D CompatibilityChangeReporter: Compat change id reported: 273564678; UID 10251; state: DISABLED
10-22 20:54:30.242  1461  4870 W BroadcastQueue: u0 Receiving a broadcast in packagecom.jr.narutoii requires a permissions review
10-22 20:54:30.242  1461  4870 W BroadcastQueue: Skipping delivery: permission review required for Intent { act=android.intent.action.PACKAGE_ADDED dat=package: flg=0x4000010 (has extras) } from null (pid=1461, uid=1000) to com.jr.narutoii/com.joyriver.engine.proxy.EngineReceiver
10-22 20:54:30.243  1461  1704 W BroadcastQueue: u0 Receiving a broadcast in packagecom.android.buyer requires a permissions review
10-22 20:54:30.243  1461  1704 W BroadcastQueue: Skipping delivery: permission review required for Intent { act=android.intent.action.PACKAGE_ADDED dat=package: flg=0x4000010 (has extras) } from null (pid=1461, uid=1000) to com.android.buyer/.mRve
10-22 20:54:30.243  1461  1704 W BroadcastQueue: Background execution not allowed: receiving Intent { act=android.intent.action.PACKAGE_ADDED dat=package: flg=0x4000010 (has extras) } to com.google.android.packageinstaller/com.android.packageinstaller.PackageInstalledReceiver
10-22 20:54:30.243  1461  1704 W BroadcastQueue: Background execution not allowed: receiving Intent { act=android.intent.action.PACKAGE_ADDED dat=package: flg=0x4000010 (has extras) } to com.android.vending/com.google.android.finsky.packagemonitor.impl.PackageMonitorReceiverImpl$RegisteredReceiver
10-22 20:54:30.243  1461  1704 W BroadcastQueue: Background execution not allowed: receiving Intent { act=android.intent.action.PACKAGE_ADDED dat=package: flg=0x4000010 (has extras) } to com.android.vending/com.google.android.finsky.packagemonitor.backgroundimpl.BackgroundPackageMonitorReceiverImpl$RegisteredReceiver
10-22 20:54:30.243  1461  1704 W BroadcastQueue: Background execution not allowed: receiving Intent { act=android.intent.action.PACKAGE_ADDED dat=package: flg=0x4000010 (has extras) } to com.google.android.gms/.games.chimera.GamesSystemBroadcastReceiverProxy
10-22 20:54:30.243  1461  1704 W BroadcastQueue: Background execution not allowed: receiving Intent { act=android.intent.action.PACKAGE_ADDED dat=package: flg=0x4000010 (has extras) } to com.google.android.gms/.gass.chimera.PackageChangeBroadcastReceiver
10-22 20:54:30.243  1461  1704 W BroadcastQueue: Background execution not allowed: receiving Intent { act=android.intent.action.PACKAGE_ADDED dat=package: flg=0x4000010 (has extras) } to com.google.android.gms/.chimera.GmsIntentOperationService$PersistentTrustedReceiver
10-22 20:54:30.243  1461  1704 W BroadcastQueue: u0 Receiving a broadcast in packagecom.cncd.japan.janli.shudu requires a permissions review
10-22 20:54:30.243  1461  1704 W BroadcastQueue: Skipping delivery: permission review required for Intent { act=android.intent.action.PACKAGE_ADDED dat=package: flg=0x4000010 (has extras) } from null (pid=1461, uid=1000) to com.cncd.japan.janli.shudu/net.l.k.r
10-22 20:54:30.243  1461  1704 W BroadcastQueue: u0 Receiving a broadcast in packagecom.cncd.japan.janli.shudu requires a permissions review
10-22 20:54:30.243  1461  1704 W BroadcastQueue: Skipping delivery: permission review required for Intent { act=android.intent.action.PACKAGE_ADDED dat=package: flg=0x4000010 (has extras) } from null (pid=1461, uid=1000) to com.cncd.japan.janli.shudu/com.feiwofour.coverscreen.SR
10-22 20:54:30.249  1461  1704 W BroadcastQueue: u0 Receiving a broadcast in packagecom.games.mengmeizhitd requires a permissions review
10-22 20:54:30.249  1461  1704 W BroadcastQueue: Skipping delivery: permission review required for Intent { act=android.intent.action.PACKAGE_ADDED dat=package: flg=0x4000010 (has extras) } from null (pid=1461, uid=1000) to com.games.mengmeizhitd/hjnw.ihjnw.i.isqly
10-22 20:54:30.249  1461  1704 W BroadcastQueue: u0 Receiving a broadcast in packagecom.hgperfko.yaeghrwx requires a permissions review
10-22 20:54:30.249  1461  1704 W BroadcastQueue: Skipping delivery: permission review required for Intent { act=android.intent.action.PACKAGE_ADDED dat=package: flg=0x4000010 (has extras) } from null (pid=1461, uid=1000) to com.hgperfko.yaeghrwx/.core.hLytdCQDBv
10-22 20:54:30.250  1461  1461 I Telecom : DefaultDialerCache: Refreshing default dialer for user 0: now com.google.android.dialer: DDC.oR@Czs
10-22 20:54:30.260  1461  1461 V BackupManagerConstants: getFullBackupIntervalMilliseconds(...) returns 86400000
10-22 20:54:30.260  1461  1461 V BackupManagerConstants: getFullBackupRequiredNetworkType(...) returns 2
10-22 20:54:30.261  1461  1461 V BackupManagerConstants: getFullBackupRequireCharging(...) returns true
10-22 20:54:30.265  1461  1704 W BroadcastQueue: u0 Receiving a broadcast in packagecom.qiuqiu.dfmc requires a permissions review
10-22 20:54:30.265  1461  1704 W BroadcastQueue: Skipping delivery: permission review required for Intent { act=android.intent.action.PACKAGE_ADDED dat=package: flg=0x4000010 (has extras) } from null (pid=1461, uid=1000) to com.qiuqiu.dfmc/cn.jpush.android.service.PushReceiver
10-22 20:54:30.268  1461  1704 W BroadcastQueue: u0 Receiving a broadcast in packagecom.safesys.viruskiller requires a permissions review
10-22 20:54:30.268  1461  1704 W BroadcastQueue: Skipping delivery: permission review required for Intent { act=android.intent.action.PACKAGE_ADDED dat=package: flg=0x4000010 (has extras) } from null (pid=1461, uid=1000) to com.safesys.viruskiller/.ScanPackageBroadcast
10-22 20:54:30.268  1461  1704 W BroadcastQueue: u0 Receiving a broadcast in packagecom.uc108.mobile.sdgj.bd1 requires a permissions review
10-22 20:54:30.268  1461  1704 W BroadcastQueue: Skipping delivery: permission review required for Intent { act=android.intent.action.PACKAGE_ADDED dat=package: flg=0x4000010 (has extras) } from null (pid=1461, uid=1000) to com.uc108.mobile.sdgj.bd1/com.baidu.tiebasdk.service.InstallReceiver
10-22 20:54:30.268  1461  1704 W BroadcastQueue: u0 Receiving a broadcast in packagecom.voicebianshengjinglingwc.wxl requires a permissions review
10-22 20:54:30.268  1461  1704 W BroadcastQueue: Skipping delivery: permission review required for Intent { act=android.intent.action.PACKAGE_ADDED dat=package: flg=0x4000010 (has extras) } from null (pid=1461, uid=1000) to com.voicebianshengjinglingwc.wxl/mp.ruu.Ztjjwrj
10-22 20:54:30.268  1461  1704 W BroadcastQueue: u0 Receiving a broadcast in packageio.dcloud.H5BC6BF13 requires a permissions review
10-22 20:54:30.268  1461  1704 W BroadcastQueue: Skipping delivery: permission review required for Intent { act=android.intent.action.PACKAGE_ADDED dat=package: flg=0x4000010 (has extras) } from null (pid=1461, uid=1000) to io.dcloud.H5BC6BF13/io.dcloud.common.adapter.io.DownloadReceiver
10-22 20:54:30.277  1461  1842 E VerityUtils: Failed to measure fs-verity, errno 1: /data/app/~~wNTs_RsNu4HN9w7y-5BZwQ==/com.kbwork.dygaqy-NjZveVD8i5sadHDEgmq0eA==/base.apk
10-22 20:54:30.278  1461  2018 D CompatibilityChangeReporter: Compat change id reported: 218533173; UID 10251; state: DISABLED
10-22 20:54:30.284  1461  1461 I Telecom : DefaultDialerCache: Refreshing default dialer for user 0: now com.google.android.dialer: DDC.oR@Czw
10-22 20:54:30.293  1461  1702 W WindowMagnificationMgr: requestConnection duplicated request: connect=false, mConnectionState=DISCONNECTED
10-22 20:54:30.314  1461  1702 W PackageManager: Failed registering loading progress callback. Package is fully loaded.
10-22 20:54:30.316  1461  4182 W BackupTransportManager: Package com.kbwork.dygaqy enabled setting: 0
10-22 20:54:30.317  1461  1600 D CompatibilityChangeReporter: Compat change id reported: 161252188; UID 10251; state: DISABLED
10-22 20:54:30.322  1461  1702 W WindowMagnificationMgr: requestConnection duplicated request: connect=false, mConnectionState=DISCONNECTED
10-22 20:54:30.436  1461  1845 E PackageManager: ERROR: could not load root hash from incremental install
10-22 20:54:30.442  1461  2051 W PackageParsing: Ignoring duplicate uses-permissions/uses-permissions-sdk-m: android.permission.KILL_BACKGROUND_PROCESSES in package: rjpmscxyoicgj.rcmuksahjbgmzodorjn.pebcsfmlgnqxshaierbhj at: Binary XML file line #24
10-22 20:54:30.461  1461  1845 I PackageManager: Integrity check passed for file:///data/app/vmdl36956026.tmp
10-22 20:54:30.467  1461  1845 W PackageParsing: Ignoring duplicate uses-permissions/uses-permissions-sdk-m: android.permission.KILL_BACKGROUND_PROCESSES in package: rjpmscxyoicgj.rcmuksahjbgmzodorjn.pebcsfmlgnqxshaierbhj at: Binary XML file line #24
10-22 20:54:30.541  1461  1684 V StorageManagerService: Package null does not have legacy storage
10-22 20:54:30.758  1461  3214 I ActivityManager: Background started FGS: Allowed [callingPackage: com.google.android.apps.wellbeing; callingUid: 10121; uidState: BFGS; intent: Intent { cmp=com.google.android.apps.wellbeing/com.google.apps.tiktok.concurrent.InternalForegroundService (has extras) }; code:BACKGROUND_ACTIVITY_PERMISSION; tempAllowListReason:<null>; targetSdkVersion:34; callerTargetSdkVersion:34; startForegroundCount:0; bindFromPackage:null]
10-22 20:54:30.897  1461  1845 V BackupManagerService: [UserID:0] restoreAtInstall pkg=rjpmscxyoicgj.rcmuksahjbgmzodorjn.pebcsfmlgnqxshaierbhj token=59 restoreSet=0
10-22 20:54:30.897  1461  1845 V BackupManagerService: [UserID:0] Finishing install immediately
10-22 20:54:30.901  1461  1845 D PackageInstallerSession: Marking session 36956026 as applied
10-22 20:54:30.903  1461  1845 D CompatibilityChangeReporter: Compat change id reported: 168419799; UID 10252; state: DISABLED
10-22 20:54:30.903  1461  1845 D CompatibilityChangeReporter: Compat change id reported: 273564678; UID 10252; state: DISABLED
10-22 20:54:30.909  1461  1461 I Telecom : DefaultDialerCache: Refreshing default dialer for user 0: now com.google.android.dialer: DDC.oR@Cz8
10-22 20:54:30.921  1461  1461 V BackupManagerConstants: getFullBackupIntervalMilliseconds(...) returns 86400000
10-22 20:54:30.921  1461  1461 V BackupManagerConstants: getFullBackupRequiredNetworkType(...) returns 2
10-22 20:54:30.921  1461  1461 V BackupManagerConstants: getFullBackupRequireCharging(...) returns true
10-22 20:54:30.933  1461  6880 W BroadcastQueue: u0 Receiving a broadcast in packagecom.jr.narutoii requires a permissions review
10-22 20:54:30.933  1461  6880 W BroadcastQueue: Skipping delivery: permission review required for Intent { act=android.intent.action.PACKAGE_ADDED dat=package: flg=0x4000010 (has extras) } from null (pid=1461, uid=1000) to com.jr.narutoii/com.joyriver.engine.proxy.EngineReceiver
10-22 20:54:30.937  1461  1704 W BroadcastQueue: u0 Receiving a broadcast in packagecom.android.buyer requires a permissions review
10-22 20:54:30.937  1461  1704 W BroadcastQueue: Skipping delivery: permission review required for Intent { act=android.intent.action.PACKAGE_ADDED dat=package: flg=0x4000010 (has extras) } from null (pid=1461, uid=1000) to com.android.buyer/.mRve
10-22 20:54:30.937  1461  1704 W BroadcastQueue: Background execution not allowed: receiving Intent { act=android.intent.action.PACKAGE_ADDED dat=package: flg=0x4000010 (has extras) } to com.google.android.packageinstaller/com.android.packageinstaller.PackageInstalledReceiver
10-22 20:54:30.937  1461  1704 W BroadcastQueue: Background execution not allowed: receiving Intent { act=android.intent.action.PACKAGE_ADDED dat=package: flg=0x4000010 (has extras) } to com.android.vending/com.google.android.finsky.packagemonitor.impl.PackageMonitorReceiverImpl$RegisteredReceiver
10-22 20:54:30.937  1461  1704 W BroadcastQueue: Background execution not allowed: receiving Intent { act=android.intent.action.PACKAGE_ADDED dat=package: flg=0x4000010 (has extras) } to com.android.vending/com.google.android.finsky.packagemonitor.backgroundimpl.BackgroundPackageMonitorReceiverImpl$RegisteredReceiver
10-22 20:54:30.937  1461  1704 W BroadcastQueue: Background execution not allowed: receiving Intent { act=android.intent.action.PACKAGE_ADDED dat=package: flg=0x4000010 (has extras) } to com.google.android.gms/.games.chimera.GamesSystemBroadcastReceiverProxy
10-22 20:54:30.938  1461  1704 W BroadcastQueue: Background execution not allowed: receiving Intent { act=android.intent.action.PACKAGE_ADDED dat=package: flg=0x4000010 (has extras) } to com.google.android.gms/.gass.chimera.PackageChangeBroadcastReceiver
10-22 20:54:30.938  1461  1704 W BroadcastQueue: Background execution not allowed: receiving Intent { act=android.intent.action.PACKAGE_ADDED dat=package: flg=0x4000010 (has extras) } to com.google.android.gms/.chimera.GmsIntentOperationService$PersistentTrustedReceiver
10-22 20:54:30.938  1461  1704 W BroadcastQueue: u0 Receiving a broadcast in packagecom.cncd.japan.janli.shudu requires a permissions review
10-22 20:54:30.938  1461  1704 W BroadcastQueue: Skipping delivery: permission review required for Intent { act=android.intent.action.PACKAGE_ADDED dat=package: flg=0x4000010 (has extras) } from null (pid=1461, uid=1000) to com.cncd.japan.janli.shudu/net.l.k.r
10-22 20:54:30.938  1461  1704 W BroadcastQueue: u0 Receiving a broadcast in packagecom.cncd.japan.janli.shudu requires a permissions review
10-22 20:54:30.938  1461  1704 W BroadcastQueue: Skipping delivery: permission review required for Intent { act=android.intent.action.PACKAGE_ADDED dat=package: flg=0x4000010 (has extras) } from null (pid=1461, uid=1000) to com.cncd.japan.janli.shudu/com.feiwofour.coverscreen.SR
10-22 20:54:30.940 16644 22048 W PackageParser: Ignoring duplicate uses-permissions/uses-permissions-sdk-m: android.permission.KILL_BACKGROUND_PROCESSES in package: rjpmscxyoicgj.rcmuksahjbgmzodorjn.pebcsfmlgnqxshaierbhj at: Binary XML file line #24
10-22 20:54:30.947  1461  2018 D CompatibilityChangeReporter: Compat change id reported: 218533173; UID 10252; state: DISABLED
10-22 20:54:30.948  1461  1461 I Telecom : DefaultDialerCache: Refreshing default dialer for user 0: now com.google.android.dialer: DDC.oR@C0A
10-22 20:54:30.948  1461  1704 W BroadcastQueue: u0 Receiving a broadcast in packagecom.games.mengmeizhitd requires a permissions review
10-22 20:54:30.949  1461  1704 W BroadcastQueue: Skipping delivery: permission review required for Intent { act=android.intent.action.PACKAGE_ADDED dat=package: flg=0x4000010 (has extras) } from null (pid=1461, uid=1000) to com.games.mengmeizhitd/hjnw.ihjnw.i.isqly
10-22 20:54:30.953  1461  1704 W BroadcastQueue: u0 Receiving a broadcast in packagecom.hgperfko.yaeghrwx requires a permissions review
