10-22 20:54:21.775  1461  2051 W PackageParsing: No actions in intent-filter at /data/app/vmdl1074338807.tmp/base.apk Binary XML file line #588
10-22 20:54:21.775  1461  2051 W PackageParsing: No actions in intent-filter at /data/app/vmdl1074338807.tmp/base.apk Binary XML file line #595
10-22 20:54:21.775  1461  2051 W PackageParsing: No actions in intent-filter at /data/app/vmdl1074338807.tmp/base.apk Binary XML file line #602
10-22 20:54:21.775  1461  2051 W PackageParsing: No actions in intent-filter at /data/app/vmdl1074338807.tmp/base.apk Binary XML file line #609
10-22 20:54:21.776  1461  2051 W PackageParsing: No actions in intent-filter at /data/app/vmdl1074338807.tmp/base.apk Binary XML file line #615
10-22 20:54:21.838  1461  1845 I PackageManager: Integrity check passed for file:///data/app/vmdl1074338807.tmp
10-22 20:54:21.859  1461  1845 W PackageParsing: Ignoring duplicate uses-permissions/uses-permissions-sdk-m: android.permission.INTERNET in package: com.uc108.mobile.sdgj.bd1 at: Binary XML file line #25
10-22 20:54:21.859  1461  1845 W PackageParsing: Ignoring duplicate uses-permissions/uses-permissions-sdk-m: android.permission.READ_PHONE_STATE in package: com.uc108.mobile.sdgj.bd1 at: Binary XML file line #26
10-22 20:54:21.859  1461  1845 W PackageParsing: Ignoring duplicate uses-permissions/uses-permissions-sdk-m: android.permission.ACCESS_WIFI_STATE in package: com.uc108.mobile.sdgj.bd1 at: Binary XML file line #27
10-22 20:54:21.859  1461  1845 W PackageParsing: Ignoring duplicate uses-permissions/uses-permissions-sdk-m: android.permission.ACCESS_NETWORK_STATE in package: com.uc108.mobile.sdgj.bd1 at: Binary XML file line #28
10-22 20:54:21.859  1461  1845 W PackageParsing: Ignoring duplicate uses-permissions/uses-permissions-sdk-m: android.permission.BROADCAST_STICKY in package: com.uc108.mobile.sdgj.bd1 at: Binary XML file line #31
10-22 20:54:21.859  1461  1845 W PackageParsing: Ignoring duplicate uses-permissions/uses-permissions-sdk-m: android.permission.WRITE_SETTINGS in package: com.uc108.mobile.sdgj.bd1 at: Binary XML file line #32
10-22 20:54:21.859  1461  1845 W PackageParsing: Ignoring duplicate uses-permissions/uses-permissions-sdk-m: android.permission.WRITE_EXTERNAL_STORAGE in package: com.uc108.mobile.sdgj.bd1 at: Binary XML file line #34
10-22 20:54:21.859  1461  1845 W PackageParsing: Ignoring duplicate uses-permissions/uses-permissions-sdk-m: android.permission.WAKE_LOCK in package: com.uc108.mobile.sdgj.bd1 at: Binary XML file line #35
10-22 20:54:21.859  1461  1845 W PackageParsing: Ignoring duplicate uses-permissions/uses-permissions-sdk-m: android.permission.VIBRATE in package: com.uc108.mobile.sdgj.bd1 at: Binary XML file line #39
10-22 20:54:21.859  1461  1845 W PackageParsing: Ignoring duplicate uses-permissions/uses-permissions-sdk-m: android.permission.ACCESS_NETWORK_STATE in package: com.uc108.mobile.sdgj.bd1 at: Binary XML file line #46
10-22 20:54:21.859  1461  1845 W PackageParsing: Ignoring duplicate uses-permissions/uses-permissions-sdk-m: android.permission.ACCESS_WIFI_STATE in package: com.uc108.mobile.sdgj.bd1 at: Binary XML file line #47
10-22 20:54:21.860  1461  1845 W PackageParsing: Ignoring duplicate uses-permissions/uses-permissions-sdk-m: android.permission.READ_PHONE_STATE in package: com.uc108.mobile.sdgj.bd1 at: Binary XML file line #48
10-22 20:54:21.860  1461  1845 W PackageParsing: Ignoring duplicate uses-permissions/uses-permissions-sdk-m: android.permission.WRITE_SETTINGS in package: com.uc108.mobile.sdgj.bd1 at: Binary XML file line #49
10-22 20:54:21.860  1461  1845 W PackageParsing: Ignoring duplicate uses-permissions/uses-permissions-sdk-m: android.permission.WRITE_EXTERNAL_STORAGE in package: com.uc108.mobile.sdgj.bd1 at: Binary XML file line #50
10-22 20:54:21.860  1461  1845 W PackageParsing: Ignoring duplicate uses-permissions/uses-permissions-sdk-m: android.permission.INTERNET in package: com.uc108.mobile.sdgj.bd1 at: Binary XML file line #51
10-22 20:54:21.860  1461  1845 W PackageParsing: Ignoring duplicate uses-permissions/uses-permissions-sdk-m: android.permission.GET_TASKS in package: com.uc108.mobile.sdgj.bd1 at: Binary XML file line #52
10-22 20:54:21.860  1461  1845 W PackageParsing: Ignoring duplicate uses-permissions/uses-permissions-sdk-m: android.permission.ACCESS_COARSE_LOCATION in package: com.uc108.mobile.sdgj.bd1 at: Binary XML file line #56
10-22 20:54:21.860  1461  1845 W PackageParsing: Ignoring duplicate uses-permissions/uses-permissions-sdk-m: android.permission.RECEIVE_BOOT_COMPLETED in package: com.uc108.mobile.sdgj.bd1 at: Binary XML file line #63
10-22 20:54:21.860  1461  1845 W PackageParsing: Ignoring duplicate uses-permissions/uses-permissions-sdk-m: android.permission.VIBRATE in package: com.uc108.mobile.sdgj.bd1 at: Binary XML file line #64
10-22 20:54:21.860  1461  1845 W PackageParsing: Ignoring duplicate uses-permissions/uses-permissions-sdk-m: android.permission.BROADCAST_STICKY in package: com.uc108.mobile.sdgj.bd1 at: Binary XML file line #70
10-22 20:54:21.860  1461  1845 W PackageParsing: Ignoring duplicate uses-permissions/uses-permissions-sdk-m: android.permission.WAKE_LOCK in package: com.uc108.mobile.sdgj.bd1 at: Binary XML file line #76
10-22 20:54:21.860  1461  1845 W PackageParsing: Ignoring duplicate uses-permissions/uses-permissions-sdk-m: android.permission.ACCESS_COARSE_LOCATION in package: com.uc108.mobile.sdgj.bd1 at: Binary XML file line #77
10-22 20:54:21.865  1461  1845 W PackageParsing: No actions in intent-filter at /data/app/vmdl1074338807.tmp/base.apk Binary XML file line #482
10-22 20:54:21.865  1461  1845 W PackageParsing: No actions in intent-filter at /data/app/vmdl1074338807.tmp/base.apk Binary XML file line #489
10-22 20:54:21.865  1461  1845 W PackageParsing: No actions in intent-filter at /data/app/vmdl1074338807.tmp/base.apk Binary XML file line #496
10-22 20:54:21.866  1461  1845 W PackageParsing: No actions in intent-filter at /data/app/vmdl1074338807.tmp/base.apk Binary XML file line #503
10-22 20:54:21.866  1461  1845 W PackageParsing: No actions in intent-filter at /data/app/vmdl1074338807.tmp/base.apk Binary XML file line #510
10-22 20:54:21.866  1461  1845 W PackageParsing: No actions in intent-filter at /data/app/vmdl1074338807.tmp/base.apk Binary XML file line #527
10-22 20:54:21.866  1461  1845 W PackageParsing: No actions in intent-filter at /data/app/vmdl1074338807.tmp/base.apk Binary XML file line #534
10-22 20:54:21.866  1461  1845 W PackageParsing: No actions in intent-filter at /data/app/vmdl1074338807.tmp/base.apk Binary XML file line #541
10-22 20:54:21.866  1461  1845 W PackageParsing: No actions in intent-filter at /data/app/vmdl1074338807.tmp/base.apk Binary XML file line #549
10-22 20:54:21.866  1461  1845 W PackageParsing: No actions in intent-filter at /data/app/vmdl1074338807.tmp/base.apk Binary XML file line #557
10-22 20:54:21.867  1461  1845 W PackageParsing: No actions in intent-filter at /data/app/vmdl1074338807.tmp/base.apk Binary XML file line #565
10-22 20:54:21.867  1461  1845 W PackageParsing: No actions in intent-filter at /data/app/vmdl1074338807.tmp/base.apk Binary XML file line #573
10-22 20:54:21.867  1461  1845 W PackageParsing: No actions in intent-filter at /data/app/vmdl1074338807.tmp/base.apk Binary XML file line #581
10-22 20:54:21.867  1461  1845 W PackageParsing: No actions in intent-filter at /data/app/vmdl1074338807.tmp/base.apk Binary XML file line #588
10-22 20:54:21.867  1461  1845 W PackageParsing: No actions in intent-filter at /data/app/vmdl1074338807.tmp/base.apk Binary XML file line #595
10-22 20:54:21.867  1461  1845 W PackageParsing: No actions in intent-filter at /data/app/vmdl1074338807.tmp/base.apk Binary XML file line #602
10-22 20:54:21.867  1461  1845 W PackageParsing: No actions in intent-filter at /data/app/vmdl1074338807.tmp/base.apk Binary XML file line #609
10-22 20:54:21.867  1461  1845 W PackageParsing: No actions in intent-filter at /data/app/vmdl1074338807.tmp/base.apk Binary XML file line #615
10-22 20:54:21.976  1461  1684 V StorageManagerService: Package null has legacy storage
10-22 20:54:22.391  1461  1845 V BackupManagerService: [UserID:0] restoreAtInstall pkg=com.uc108.mobile.sdgj.bd1 token=48 restoreSet=0
10-22 20:54:22.392  1461  1845 V BackupManagerService: [UserID:0] Finishing install immediately
10-22 20:54:22.395  1461  1845 D PackageInstallerSession: Marking session 1074338807 as applied
10-22 20:54:22.397  1461  1845 D CompatibilityChangeReporter: Compat change id reported: 168419799; UID 10235; state: DISABLED
10-22 20:54:22.397  1461  1845 D CompatibilityChangeReporter: Compat change id reported: 273564678; UID 10235; state: DISABLED
10-22 20:54:22.408  1461  1461 I Telecom : DefaultDialerCache: Refreshing default dialer for user 0: now com.google.android.dialer: DDC.oR@Ctk
10-22 20:54:22.414  1461  1461 V BackupManagerConstants: getFullBackupIntervalMilliseconds(...) returns 86400000
10-22 20:54:22.414  1461  1461 V BackupManagerConstants: getFullBackupRequiredNetworkType(...) returns 2
10-22 20:54:22.415  1461  1461 V BackupManagerConstants: getFullBackupRequireCharging(...) returns true
10-22 20:54:22.417  1461  1702 W WindowMagnificationMgr: requestConnection duplicated request: connect=false, mConnectionState=DISCONNECTED
10-22 20:54:22.420  1461  5628 W BroadcastQueue: u0 Receiving a broadcast in packagecom.android.buyer requires a permissions review
10-22 20:54:22.420  1461  5628 W BroadcastQueue: Skipping delivery: permission review required for Intent { act=android.intent.action.PACKAGE_ADDED dat=package: flg=0x4000010 (has extras) } from null (pid=1461, uid=1000) to com.android.buyer/.mRve
10-22 20:54:22.430  1461  1704 W BroadcastQueue: Background execution not allowed: receiving Intent { act=android.intent.action.PACKAGE_ADDED dat=package: flg=0x4000010 (has extras) } to com.google.android.packageinstaller/com.android.packageinstaller.PackageInstalledReceiver
10-22 20:54:22.430  1461  1704 W BroadcastQueue: Background execution not allowed: receiving Intent { act=android.intent.action.PACKAGE_ADDED dat=package: flg=0x4000010 (has extras) } to com.android.vending/com.google.android.finsky.packagemonitor.impl.PackageMonitorReceiverImpl$RegisteredReceiver
10-22 20:54:22.430  1461  1704 W BroadcastQueue: Background execution not allowed: receiving Intent { act=android.intent.action.PACKAGE_ADDED dat=package: flg=0x4000010 (has extras) } to com.android.vending/com.google.android.finsky.packagemonitor.backgroundimpl.BackgroundPackageMonitorReceiverImpl$RegisteredReceiver
10-22 20:54:22.430  1461  1704 W BroadcastQueue: Background execution not allowed: receiving Intent { act=android.intent.action.PACKAGE_ADDED dat=package: flg=0x4000010 (has extras) } to com.google.android.gms/.games.chimera.GamesSystemBroadcastReceiverProxy
10-22 20:54:22.430  1461  1704 W BroadcastQueue: Background execution not allowed: receiving Intent { act=android.intent.action.PACKAGE_ADDED dat=package: flg=0x4000010 (has extras) } to com.google.android.gms/.gass.chimera.PackageChangeBroadcastReceiver
10-22 20:54:22.431  1461  1704 W BroadcastQueue: Background execution not allowed: receiving Intent { act=android.intent.action.PACKAGE_ADDED dat=package: flg=0x4000010 (has extras) } to com.google.android.gms/.chimera.GmsIntentOperationService$PersistentTrustedReceiver
10-22 20:54:22.431  1461  1704 W BroadcastQueue: u0 Receiving a broadcast in packagecom.games.mengmeizhitd requires a permissions review
10-22 20:54:22.431  1461  1704 W BroadcastQueue: Skipping delivery: permission review required for Intent { act=android.intent.action.PACKAGE_ADDED dat=package: flg=0x4000010 (has extras) } from null (pid=1461, uid=1000) to com.games.mengmeizhitd/hjnw.ihjnw.i.isqly
10-22 20:54:22.431  1461  1704 W BroadcastQueue: u0 Receiving a broadcast in packagecom.qiuqiu.dfmc requires a permissions review
10-22 20:54:22.432  1461  1704 W BroadcastQueue: Skipping delivery: permission review required for Intent { act=android.intent.action.PACKAGE_ADDED dat=package: flg=0x4000010 (has extras) } from null (pid=1461, uid=1000) to com.qiuqiu.dfmc/cn.jpush.android.service.PushReceiver
10-22 20:54:22.432  1461  1704 W BroadcastQueue: u0 Receiving a broadcast in packagecom.safesys.viruskiller requires a permissions review
10-22 20:54:22.432  1461  1704 W BroadcastQueue: Skipping delivery: permission review required for Intent { act=android.intent.action.PACKAGE_ADDED dat=package: flg=0x4000010 (has extras) } from null (pid=1461, uid=1000) to com.safesys.viruskiller/.ScanPackageBroadcast
10-22 20:54:22.432  1461  1704 W BroadcastQueue: u0 Receiving a broadcast in packageio.dcloud.H5BC6BF13 requires a permissions review
10-22 20:54:22.432  1461  1704 W BroadcastQueue: Skipping delivery: permission review required for Intent { act=android.intent.action.PACKAGE_ADDED dat=package: flg=0x4000010 (has extras) } from null (pid=1461, uid=1000) to io.dcloud.H5BC6BF13/io.dcloud.common.adapter.io.DownloadReceiver
10-22 20:54:22.441  1461  2018 D CompatibilityChangeReporter: Compat change id reported: 218533173; UID 10235; state: DISABLED
10-22 20:54:22.455  1461  1461 I Telecom : DefaultDialerCache: Refreshing default dialer for user 0: now com.google.android.dialer: DDC.oR@Cto
10-22 20:54:22.458  1461  1702 W PackageManager: Failed registering loading progress callback. Package is fully loaded.
10-22 20:54:22.459 16644 25079 W PackageParser: Ignoring duplicate uses-permissions/uses-permissions-sdk-m: android.permission.INTERNET in package: com.uc108.mobile.sdgj.bd1 at: Binary XML file line #25
10-22 20:54:22.459 16644 25079 W PackageParser: Ignoring duplicate uses-permissions/uses-permissions-sdk-m: android.permission.READ_PHONE_STATE in package: com.uc108.mobile.sdgj.bd1 at: Binary XML file line #26
10-22 20:54:22.459 16644 25079 W PackageParser: Ignoring duplicate uses-permissions/uses-permissions-sdk-m: android.permission.ACCESS_WIFI_STATE in package: com.uc108.mobile.sdgj.bd1 at: Binary XML file line #27
10-22 20:54:22.459 16644 25079 W PackageParser: Ignoring duplicate uses-permissions/uses-permissions-sdk-m: android.permission.ACCESS_NETWORK_STATE in package: com.uc108.mobile.sdgj.bd1 at: Binary XML file line #28
10-22 20:54:22.459 16644 25079 W PackageParser: Ignoring duplicate uses-permissions/uses-permissions-sdk-m: android.permission.BROADCAST_STICKY in package: com.uc108.mobile.sdgj.bd1 at: Binary XML file line #31
10-22 20:54:22.459 16644 25079 W PackageParser: Ignoring duplicate uses-permissions/uses-permissions-sdk-m: android.permission.WRITE_SETTINGS in package: com.uc108.mobile.sdgj.bd1 at: Binary XML file line #32
10-22 20:54:22.459 16644 25079 W PackageParser: Ignoring duplicate uses-permissions/uses-permissions-sdk-m: android.permission.WRITE_EXTERNAL_STORAGE in package: com.uc108.mobile.sdgj.bd1 at: Binary XML file line #34
10-22 20:54:22.459 16644 25079 W PackageParser: Ignoring duplicate uses-permissions/uses-permissions-sdk-m: android.permission.WAKE_LOCK in package: com.uc108.mobile.sdgj.bd1 at: Binary XML file line #35
10-22 20:54:22.460 16644 25079 W PackageParser: Ignoring duplicate uses-permissions/uses-permissions-sdk-m: android.permission.VIBRATE in package: com.uc108.mobile.sdgj.bd1 at: Binary XML file line #39
10-22 20:54:22.460 16644 25079 W PackageParser: Ignoring duplicate uses-permissions/uses-permissions-sdk-m: android.permission.ACCESS_NETWORK_STATE in package: com.uc108.mobile.sdgj.bd1 at: Binary XML file line #46
10-22 20:54:22.460 16644 25079 W PackageParser: Ignoring duplicate uses-permissions/uses-permissions-sdk-m: android.permission.ACCESS_WIFI_STATE in package: com.uc108.mobile.sdgj.bd1 at: Binary XML file line #47
10-22 20:54:22.460 16644 25079 W PackageParser: Ignoring duplicate uses-permissions/uses-permissions-sdk-m: android.permission.READ_PHONE_STATE in package: com.uc108.mobile.sdgj.bd1 at: Binary XML file line #48
10-22 20:54:22.460 16644 25079 W PackageParser: Ignoring duplicate uses-permissions/uses-permissions-sdk-m: android.permission.WRITE_SETTINGS in package: com.uc108.mobile.sdgj.bd1 at: Binary XML file line #49
10-22 20:54:22.460 16644 25079 W PackageParser: Ignoring duplicate uses-permissions/uses-permissions-sdk-m: android.permission.WRITE_EXTERNAL_STORAGE in package: com.uc108.mobile.sdgj.bd1 at: Binary XML file line #50
10-22 20:54:22.460 16644 25079 W PackageParser: Ignoring duplicate uses-permissions/uses-permissions-sdk-m: android.permission.INTERNET in package: com.uc108.mobile.sdgj.bd1 at: Binary XML file line #51
10-22 20:54:22.460 16644 25079 W PackageParser: Ignoring duplicate uses-permissions/uses-permissions-sdk-m: android.permission.GET_TASKS in package: com.uc108.mobile.sdgj.bd1 at: Binary XML file line #52
10-22 20:54:22.460 16644 25079 W PackageParser: Ignoring duplicate uses-permissions/uses-permissions-sdk-m: android.permission.ACCESS_COARSE_LOCATION in package: com.uc108.mobile.sdgj.bd1 at: Binary XML file line #56
10-22 20:54:22.460 16644 25079 W PackageParser: Ignoring duplicate uses-permissions/uses-permissions-sdk-m: android.permission.RECEIVE_BOOT_COMPLETED in package: com.uc108.mobile.sdgj.bd1 at: Binary XML file line #63
10-22 20:54:22.460 16644 25079 W PackageParser: Ignoring duplicate uses-permissions/uses-permissions-sdk-m: android.permission.VIBRATE in package: com.uc108.mobile.sdgj.bd1 at: Binary XML file line #64
10-22 20:54:22.460 16644 25079 W PackageParser: Ignoring duplicate uses-permissions/uses-permissions-sdk-m: android.permission.BROADCAST_STICKY in package: com.uc108.mobile.sdgj.bd1 at: Binary XML file line #70
10-22 20:54:22.460 16644 25079 W PackageParser: Ignoring duplicate uses-permissions/uses-permissions-sdk-m: android.permission.WAKE_LOCK in package: com.uc108.mobile.sdgj.bd1 at: Binary XML file line #76
10-22 20:54:22.460 16644 25079 W PackageParser: Ignoring duplicate uses-permissions/uses-permissions-sdk-m: android.permission.ACCESS_COARSE_LOCATION in package: com.uc108.mobile.sdgj.bd1 at: Binary XML file line #77
10-22 20:54:22.460 16644 25079 W PackageParser: No actions in intent filter at /data/app/~~2QaPHndbUREE5lGLdE6n9w==/com.uc108.mobile.sdgj.bd1-ul2fM5eCWLX7Jb2P89Dv6Q==/base.apk Binary XML file line #482
10-22 20:54:22.460 16644 25079 W PackageParser: No actions in intent filter at /data/app/~~2QaPHndbUREE5lGLdE6n9w==/com.uc108.mobile.sdgj.bd1-ul2fM5eCWLX7Jb2P89Dv6Q==/base.apk Binary XML file line #489
10-22 20:54:22.460 16644 25079 W PackageParser: No actions in intent filter at /data/app/~~2QaPHndbUREE5lGLdE6n9w==/com.uc108.mobile.sdgj.bd1-ul2fM5eCWLX7Jb2P89Dv6Q==/base.apk Binary XML file line #496
10-22 20:54:22.461 16644 25079 W PackageParser: No actions in intent filter at /data/app/~~2QaPHndbUREE5lGLdE6n9w==/com.uc108.mobile.sdgj.bd1-ul2fM5eCWLX7Jb2P89Dv6Q==/base.apk Binary XML file line #503
10-22 20:54:22.461 16644 25079 W PackageParser: No actions in intent filter at /data/app/~~2QaPHndbUREE5lGLdE6n9w==/com.uc108.mobile.sdgj.bd1-ul2fM5eCWLX7Jb2P89Dv6Q==/base.apk Binary XML file line #510
10-22 20:54:22.461 16644 25079 W PackageParser: No actions in intent filter at /data/app/~~2QaPHndbUREE5lGLdE6n9w==/com.uc108.mobile.sdgj.bd1-ul2fM5eCWLX7Jb2P89Dv6Q==/base.apk Binary XML file line #527
10-22 20:54:22.461 16644 25079 W PackageParser: No actions in intent filter at /data/app/~~2QaPHndbUREE5lGLdE6n9w==/com.uc108.mobile.sdgj.bd1-ul2fM5eCWLX7Jb2P89Dv6Q==/base.apk Binary XML file line #534
10-22 20:54:22.461 16644 25079 W PackageParser: No actions in intent filter at /data/app/~~2QaPHndbUREE5lGLdE6n9w==/com.uc108.mobile.sdgj.bd1-ul2fM5eCWLX7Jb2P89Dv6Q==/base.apk Binary XML file line #541
10-22 20:54:22.461 16644 25079 W PackageParser: No actions in intent filter at /data/app/~~2QaPHndbUREE5lGLdE6n9w==/com.uc108.mobile.sdgj.bd1-ul2fM5eCWLX7Jb2P89Dv6Q==/base.apk Binary XML file line #549
10-22 20:54:22.461 16644 25079 W PackageParser: No actions in intent filter at /data/app/~~2QaPHndbUREE5lGLdE6n9w==/com.uc108.mobile.sdgj.bd1-ul2fM5eCWLX7Jb2P89Dv6Q==/base.apk Binary XML file line #557
10-22 20:54:22.461 16644 25079 W PackageParser: No actions in intent filter at /data/app/~~2QaPHndbUREE5lGLdE6n9w==/com.uc108.mobile.sdgj.bd1-ul2fM5eCWLX7Jb2P89Dv6Q==/base.apk Binary XML file line #565
10-22 20:54:22.461 16644 25079 W PackageParser: No actions in intent filter at /data/app/~~2QaPHndbUREE5lGLdE6n9w==/com.uc108.mobile.sdgj.bd1-ul2fM5eCWLX7Jb2P89Dv6Q==/base.apk Binary XML file line #573
10-22 20:54:22.461 16644 25079 W PackageParser: No actions in intent filter at /data/app/~~2QaPHndbUREE5lGLdE6n9w==/com.uc108.mobile.sdgj.bd1-ul2fM5eCWLX7Jb2P89Dv6Q==/base.apk Binary XML file line #581
10-22 20:54:22.461 16644 25079 W PackageParser: No actions in intent filter at /data/app/~~2QaPHndbUREE5lGLdE6n9w==/com.uc108.mobile.sdgj.bd1-ul2fM5eCWLX7Jb2P89Dv6Q==/base.apk Binary XML file line #588
10-22 20:54:22.461 16644 25079 W PackageParser: No actions in intent filter at /data/app/~~2QaPHndbUREE5lGLdE6n9w==/com.uc108.mobile.sdgj.bd1-ul2fM5eCWLX7Jb2P89Dv6Q==/base.apk Binary XML file line #595
10-22 20:54:22.461 16644 25079 W PackageParser: No actions in intent filter at /data/app/~~2QaPHndbUREE5lGLdE6n9w==/com.uc108.mobile.sdgj.bd1-ul2fM5eCWLX7Jb2P89Dv6Q==/base.apk Binary XML file line #602
10-22 20:54:22.461 16644 25079 W PackageParser: No actions in intent filter at /data/app/~~2QaPHndbUREE5lGLdE6n9w==/com.uc108.mobile.sdgj.bd1-ul2fM5eCWLX7Jb2P89Dv6Q==/base.apk Binary XML file line #609
10-22 20:54:22.461 16644 25079 W PackageParser: No actions in intent filter at /data/app/~~2QaPHndbUREE5lGLdE6n9w==/com.uc108.mobile.sdgj.bd1-ul2fM5eCWLX7Jb2P89Dv6Q==/base.apk Binary XML file line #615
10-22 20:54:22.463  1461  1842 E VerityUtils: Failed to measure fs-verity, errno 1: /data/app/~~2QaPHndbUREE5lGLdE6n9w==/com.uc108.mobile.sdgj.bd1-ul2fM5eCWLX7Jb2P89Dv6Q==/base.apk
10-22 20:54:22.467  1461  1702 W WindowMagnificationMgr: requestConnection duplicated request: connect=false, mConnectionState=DISCONNECTED
10-22 20:54:22.475  1461  3763 D CompatibilityChangeReporter: Compat change id reported: 161252188; UID 10235; state: DISABLED
10-22 20:54:22.479  1461  4182 W BackupTransportManager: Package com.uc108.mobile.sdgj.bd1 enabled setting: 0
10-22 20:54:22.713  1461  1845 E PackageManager: ERROR: could not load root hash from incremental install
10-22 20:54:22.730  1461  1845 I PackageManager: Integrity check passed for file:///data/app/vmdl273107861.tmp
10-22 20:54:22.817  1461  1684 V StorageManagerService: Package null has legacy storage
10-22 20:54:22.826 16644 24706 W PackageParser: Ignoring duplicate uses-permissions/uses-permissions-sdk-m: android.permission.INTERNET in package: com.uc108.mobile.sdgj.bd1 at: Binary XML file line #25
10-22 20:54:22.827 16644 24706 W PackageParser: Ignoring duplicate uses-permissions/uses-permissions-sdk-m: android.permission.READ_PHONE_STATE in package: com.uc108.mobile.sdgj.bd1 at: Binary XML file line #26
10-22 20:54:22.827 16644 24706 W PackageParser: Ignoring duplicate uses-permissions/uses-permissions-sdk-m: android.permission.ACCESS_WIFI_STATE in package: com.uc108.mobile.sdgj.bd1 at: Binary XML file line #27
10-22 20:54:22.827 16644 24706 W PackageParser: Ignoring duplicate uses-permissions/uses-permissions-sdk-m: android.permission.ACCESS_NETWORK_STATE in package: com.uc108.mobile.sdgj.bd1 at: Binary XML file line #28
10-22 20:54:22.827 16644 24706 W PackageParser: Ignoring duplicate uses-permissions/uses-permissions-sdk-m: android.permission.BROADCAST_STICKY in package: com.uc108.mobile.sdgj.bd1 at: Binary XML file line #31
10-22 20:54:22.827 16644 24706 W PackageParser: Ignoring duplicate uses-permissions/uses-permissions-sdk-m: android.permission.WRITE_SETTINGS in package: com.uc108.mobile.sdgj.bd1 at: Binary XML file line #32
10-22 20:54:22.827 16644 24706 W PackageParser: Ignoring duplicate uses-permissions/uses-permissions-sdk-m: android.permission.WRITE_EXTERNAL_STORAGE in package: com.uc108.mobile.sdgj.bd1 at: Binary XML file line #34
10-22 20:54:22.827 16644 24706 W PackageParser: Ignoring duplicate uses-permissions/uses-permissions-sdk-m: android.permission.WAKE_LOCK in package: com.uc108.mobile.sdgj.bd1 at: Binary XML file line #35
10-22 20:54:22.827 16644 24706 W PackageParser: Ignoring duplicate uses-permissions/uses-permissions-sdk-m: android.permission.VIBRATE in package: com.uc108.mobile.sdgj.bd1 at: Binary XML file line #39
10-22 20:54:22.827 16644 24706 W PackageParser: Ignoring duplicate uses-permissions/uses-permissions-sdk-m: android.permission.ACCESS_NETWORK_STATE in package: com.uc108.mobile.sdgj.bd1 at: Binary XML file line #46
10-22 20:54:22.827 16644 24706 W PackageParser: Ignoring duplicate uses-permissions/uses-permissions-sdk-m: android.permission.ACCESS_WIFI_STATE in package: com.uc108.mobile.sdgj.bd1 at: Binary XML file line #47
10-22 20:54:22.827 16644 24706 W PackageParser: Ignoring duplicate uses-permissions/uses-permissions-sdk-m: android.permission.READ_PHONE_STATE in package: com.uc108.mobile.sdgj.bd1 at: Binary XML file line #48
10-22 20:54:22.827 16644 24706 W PackageParser: Ignoring duplicate uses-permissions/uses-permissions-sdk-m: android.permission.WRITE_SETTINGS in package: com.uc108.mobile.sdgj.bd1 at: Binary XML file line #49
10-22 20:54:22.827 16644 24706 W PackageParser: Ignoring duplicate uses-permissions/uses-permissions-sdk-m: android.permission.WRITE_EXTERNAL_STORAGE in package: com.uc108.mobile.sdgj.bd1 at: Binary XML file line #50
10-22 20:54:22.827 16644 24706 W PackageParser: Ignoring duplicate uses-permissions/uses-permissions-sdk-m: android.permission.INTERNET in package: com.uc108.mobile.sdgj.bd1 at: Binary XML file line #51
10-22 20:54:22.827 16644 24706 W PackageParser: Ignoring duplicate uses-permissions/uses-permissions-sdk-m: android.permission.GET_TASKS in package: com.uc108.mobile.sdgj.bd1 at: Binary XML file line #52
10-22 20:54:22.827 16644 24706 W PackageParser: Ignoring duplicate uses-permissions/uses-permissions-sdk-m: android.permission.ACCESS_COARSE_LOCATION in package: com.uc108.mobile.sdgj.bd1 at: Binary XML file line #56
10-22 20:54:22.827 16644 24706 W PackageParser: Ignoring duplicate uses-permissions/uses-permissions-sdk-m: android.permission.RECEIVE_BOOT_COMPLETED in package: com.uc108.mobile.sdgj.bd1 at: Binary XML file line #63
10-22 20:54:22.827 16644 24706 W PackageParser: Ignoring duplicate uses-permissions/uses-permissions-sdk-m: android.permission.VIBRATE in package: com.uc108.mobile.sdgj.bd1 at: Binary XML file line #64
10-22 20:54:22.827 16644 24706 W PackageParser: Ignoring duplicate uses-permissions/uses-permissions-sdk-m: android.permission.BROADCAST_STICKY in package: com.uc108.mobile.sdgj.bd1 at: Binary XML file line #70
10-22 20:54:22.827 16644 24706 W PackageParser: Ignoring duplicate uses-permissions/uses-permissions-sdk-m: android.permission.WAKE_LOCK in package: com.uc108.mobile.sdgj.bd1 at: Binary XML file line #76
10-22 20:54:22.827 16644 24706 W PackageParser: Ignoring duplicate uses-permissions/uses-permissions-sdk-m: android.permission.ACCESS_COARSE_LOCATION in package: com.uc108.mobile.sdgj.bd1 at: Binary XML file line #77
10-22 20:54:22.828 16644 24706 W PackageParser: No actions in intent filter at /data/app/~~2QaPHndbUREE5lGLdE6n9w==/com.uc108.mobile.sdgj.bd1-ul2fM5eCWLX7Jb2P89Dv6Q==/base.apk Binary XML file line #482
10-22 20:54:22.828 16644 24706 W PackageParser: No actions in intent filter at /data/app/~~2QaPHndbUREE5lGLdE6n9w==/com.uc108.mobile.sdgj.bd1-ul2fM5eCWLX7Jb2P89Dv6Q==/base.apk Binary XML file line #489
10-22 20:54:22.828 16644 24706 W PackageParser: No actions in intent filter at /data/app/~~2QaPHndbUREE5lGLdE6n9w==/com.uc108.mobile.sdgj.bd1-ul2fM5eCWLX7Jb2P89Dv6Q==/base.apk Binary XML file line #496
10-22 20:54:22.828 16644 24706 W PackageParser: No actions in intent filter at /data/app/~~2QaPHndbUREE5lGLdE6n9w==/com.uc108.mobile.sdgj.bd1-ul2fM5eCWLX7Jb2P89Dv6Q==/base.apk Binary XML file line #503
10-22 20:54:22.828 16644 24706 W PackageParser: No actions in intent filter at /data/app/~~2QaPHndbUREE5lGLdE6n9w==/com.uc108.mobile.sdgj.bd1-ul2fM5eCWLX7Jb2P89Dv6Q==/base.apk Binary XML file line #510
10-22 20:54:22.828 16644 24706 W PackageParser: No actions in intent filter at /data/app/~~2QaPHndbUREE5lGLdE6n9w==/com.uc108.mobile.sdgj.bd1-ul2fM5eCWLX7Jb2P89Dv6Q==/base.apk Binary XML file line #527
10-22 20:54:22.828 16644 24706 W PackageParser: No actions in intent filter at /data/app/~~2QaPHndbUREE5lGLdE6n9w==/com.uc108.mobile.sdgj.bd1-ul2fM5eCWLX7Jb2P89Dv6Q==/base.apk Binary XML file line #534
10-22 20:54:22.828 16644 24706 W PackageParser: No actions in intent filter at /data/app/~~2QaPHndbUREE5lGLdE6n9w==/com.uc108.mobile.sdgj.bd1-ul2fM5eCWLX7Jb2P89Dv6Q==/base.apk Binary XML file line #541
10-22 20:54:22.828 16644 24706 W PackageParser: No actions in intent filter at /data/app/~~2QaPHndbUREE5lGLdE6n9w==/com.uc108.mobile.sdgj.bd1-ul2fM5eCWLX7Jb2P89Dv6Q==/base.apk Binary XML file line #549
10-22 20:54:22.828 16644 24706 W PackageParser: No actions in intent filter at /data/app/~~2QaPHndbUREE5lGLdE6n9w==/com.uc108.mobile.sdgj.bd1-ul2fM5eCWLX7Jb2P89Dv6Q==/base.apk Binary XML file line #557
10-22 20:54:22.828 16644 24706 W PackageParser: No actions in intent filter at /data/app/~~2QaPHndbUREE5lGLdE6n9w==/com.uc108.mobile.sdgj.bd1-ul2fM5eCWLX7Jb2P89Dv6Q==/base.apk Binary XML file line #565
10-22 20:54:22.829 16644 24706 W PackageParser: No actions in intent filter at /data/app/~~2QaPHndbUREE5lGLdE6n9w==/com.uc108.mobile.sdgj.bd1-ul2fM5eCWLX7Jb2P89Dv6Q==/base.apk Binary XML file line #573
10-22 20:54:22.829 16644 24706 W PackageParser: No actions in intent filter at /data/app/~~2QaPHndbUREE5lGLdE6n9w==/com.uc108.mobile.sdgj.bd1-ul2fM5eCWLX7Jb2P89Dv6Q==/base.apk Binary XML file line #581
10-22 20:54:22.829 16644 24706 W PackageParser: No actions in intent filter at /data/app/~~2QaPHndbUREE5lGLdE6n9w==/com.uc108.mobile.sdgj.bd1-ul2fM5eCWLX7Jb2P89Dv6Q==/base.apk Binary XML file line #588
10-22 20:54:22.829 16644 24706 W PackageParser: No actions in intent filter at /data/app/~~2QaPHndbUREE5lGLdE6n9w==/com.uc108.mobile.sdgj.bd1-ul2fM5eCWLX7Jb2P89Dv6Q==/base.apk Binary XML file line #595
10-22 20:54:22.829 16644 24706 W PackageParser: No actions in intent filter at /data/app/~~2QaPHndbUREE5lGLdE6n9w==/com.uc108.mobile.sdgj.bd1-ul2fM5eCWLX7Jb2P89Dv6Q==/base.apk Binary XML file line #602
10-22 20:54:22.829 16644 24706 W PackageParser: No actions in intent filter at /data/app/~~2QaPHndbUREE5lGLdE6n9w==/com.uc108.mobile.sdgj.bd1-ul2fM5eCWLX7Jb2P89Dv6Q==/base.apk Binary XML file line #609
10-22 20:54:22.829 16644 24706 W PackageParser: No actions in intent filter at /data/app/~~2QaPHndbUREE5lGLdE6n9w==/com.uc108.mobile.sdgj.bd1-ul2fM5eCWLX7Jb2P89Dv6Q==/base.apk Binary XML file line #615
10-22 20:54:22.938  1461  1845 V BackupManagerService: [UserID:0] restoreAtInstall pkg=com.ying.hzblhj token=49 restoreSet=0
10-22 20:54:22.938  1461  1845 V BackupManagerService: [UserID:0] Finishing install immediately
10-22 20:54:22.940  1461  1845 D PackageInstallerSession: Marking session 273107861 as applied
10-22 20:54:22.944  1461  1845 D CompatibilityChangeReporter: Compat change id reported: 168419799; UID 10236; state: DISABLED
10-22 20:54:22.944  1461  1845 D CompatibilityChangeReporter: Compat change id reported: 273564678; UID 10236; state: DISABLED
10-22 20:54:22.950  1461  5628 W BroadcastQueue: u0 Receiving a broadcast in packagecom.android.buyer requires a permissions review
10-22 20:54:22.950  1461  5628 W BroadcastQueue: Skipping delivery: permission review required for Intent { act=android.intent.action.PACKAGE_ADDED dat=package: flg=0x4000010 (has extras) } from null (pid=1461, uid=1000) to com.android.buyer/.mRve
10-22 20:54:22.951  1461  1461 I Telecom : DefaultDialerCache: Refreshing default dialer for user 0: now com.google.android.dialer: DDC.oR@Ct0
10-22 20:54:22.953  1461  1704 W BroadcastQueue: Background execution not allowed: receiving Intent { act=android.intent.action.PACKAGE_ADDED dat=package: flg=0x4000010 (has extras) } to com.google.android.packageinstaller/com.android.packageinstaller.PackageInstalledReceiver
10-22 20:54:22.954  1461  1704 W BroadcastQueue: Background execution not allowed: receiving Intent { act=android.intent.action.PACKAGE_ADDED dat=package: flg=0x4000010 (has extras) } to com.android.vending/com.google.android.finsky.packagemonitor.impl.PackageMonitorReceiverImpl$RegisteredReceiver
10-22 20:54:22.954  1461  1704 W BroadcastQueue: Background execution not allowed: receiving Intent { act=android.intent.action.PACKAGE_ADDED dat=package: flg=0x4000010 (has extras) } to com.android.vending/com.google.android.finsky.packagemonitor.backgroundimpl.BackgroundPackageMonitorReceiverImpl$RegisteredReceiver
10-22 20:54:22.954  1461  1704 W BroadcastQueue: Background execution not allowed: receiving Intent { act=android.intent.action.PACKAGE_ADDED dat=package: flg=0x4000010 (has extras) } to com.google.android.gms/.games.chimera.GamesSystemBroadcastReceiverProxy
10-22 20:54:22.959  1461  1704 W BroadcastQueue: Background execution not allowed: receiving Intent { act=android.intent.action.PACKAGE_ADDED dat=package: flg=0x4000010 (has extras) } to com.google.android.gms/.gass.chimera.PackageChangeBroadcastReceiver
10-22 20:54:22.960  1461  1704 W BroadcastQueue: Background execution not allowed: receiving Intent { act=android.intent.action.PACKAGE_ADDED dat=package: flg=0x4000010 (has extras) } to com.google.android.gms/.chimera.GmsIntentOperationService$PersistentTrustedReceiver
10-22 20:54:22.960  1461  1704 W BroadcastQueue: u0 Receiving a broadcast in packagecom.games.mengmeizhitd requires a permissions review
10-22 20:54:22.960  1461  1704 W BroadcastQueue: Skipping delivery: permission review required for Intent { act=android.intent.action.PACKAGE_ADDED dat=package: flg=0x4000010 (has extras) } from null (pid=1461, uid=1000) to com.games.mengmeizhitd/hjnw.ihjnw.i.isqly
10-22 20:54:22.961  1461  1704 W BroadcastQueue: u0 Receiving a broadcast in packagecom.qiuqiu.dfmc requires a permissions review
10-22 20:54:22.961  1461  1704 W BroadcastQueue: Skipping delivery: permission review required for Intent { act=android.intent.action.PACKAGE_ADDED dat=package: flg=0x4000010 (has extras) } from null (pid=1461, uid=1000) to com.qiuqiu.dfmc/cn.jpush.android.service.PushReceiver
10-22 20:54:22.961  1461  1704 W BroadcastQueue: u0 Receiving a broadcast in packagecom.safesys.viruskiller requires a permissions review
10-22 20:54:22.961  1461  1704 W BroadcastQueue: Skipping delivery: permission review required for Intent { act=android.intent.action.PACKAGE_ADDED dat=package: flg=0x4000010 (has extras) } from null (pid=1461, uid=1000) to com.safesys.viruskiller/.ScanPackageBroadcast
10-22 20:54:22.961  1461  1704 W BroadcastQueue: u0 Receiving a broadcast in packagecom.uc108.mobile.sdgj.bd1 requires a permissions review
10-22 20:54:22.961  1461  1704 W BroadcastQueue: Skipping delivery: permission review required for Intent { act=android.intent.action.PACKAGE_ADDED dat=package: flg=0x4000010 (has extras) } from null (pid=1461, uid=1000) to com.uc108.mobile.sdgj.bd1/com.baidu.tiebasdk.service.InstallReceiver
10-22 20:54:22.961  1461  1704 W BroadcastQueue: u0 Receiving a broadcast in packageio.dcloud.H5BC6BF13 requires a permissions review
10-22 20:54:22.961  1461  1704 W BroadcastQueue: Skipping delivery: permission review required for Intent { act=android.intent.action.PACKAGE_ADDED dat=package: flg=0x4000010 (has extras) } from null (pid=1461, uid=1000) to io.dcloud.H5BC6BF13/io.dcloud.common.adapter.io.DownloadReceiver
10-22 20:54:22.962  1461  1461 V BackupManagerConstants: getFullBackupIntervalMilliseconds(...) returns 86400000
10-22 20:54:22.962  1461  1461 V BackupManagerConstants: getFullBackupRequiredNetworkType(...) returns 2
10-22 20:54:22.962  1461  1461 V BackupManagerConstants: getFullBackupRequireCharging(...) returns true
10-22 20:54:22.983  1461  1702 W WindowMagnificationMgr: requestConnection duplicated request: connect=false, mConnectionState=DISCONNECTED
10-22 20:54:22.989  1461  1842 E VerityUtils: Failed to measure fs-verity, errno 1: /data/app/~~4UbfDJpvxL6SaQKSVU-2gQ==/com.ying.hzblhj-JittGBbfl3ZSjZ-PSY3lew==/base.apk
10-22 20:54:22.998  1461  4218 D CompatibilityChangeReporter: Compat change id reported: 161252188; UID 10236; state: DISABLED
10-22 20:54:22.998  1461  1461 W NotificationHistory: Attempted to add notif for locked/gone/disabled user 0
10-22 20:54:22.999  1461  2018 D CompatibilityChangeReporter: Compat change id reported: 218533173; UID 10236; state: DISABLED
10-22 20:54:23.015  1461  1461 I Telecom : DefaultDialerCache: Refreshing default dialer for user 0: now com.google.android.dialer: DDC.oR@CuA
10-22 20:54:23.024  1461  4182 W BackupTransportManager: Package com.ying.hzblhj enabled setting: 0
10-22 20:54:23.061  1461  1702 W PackageManager: Failed registering loading progress callback. Package is fully loaded.
10-22 20:54:23.069  1461  1702 W WindowMagnificationMgr: requestConnection duplicated request: connect=false, mConnectionState=DISCONNECTED
10-22 20:54:23.077  1461  1845 E PackageManager: ERROR: could not load root hash from incremental install
10-22 20:54:23.097  1461  1845 I PackageManager: Integrity check passed for file:///data/app/vmdl121199990.tmp
10-22 20:54:23.143  1461  1845 I PackageManager: Permission ownership changed. Updating all permissions.
10-22 20:54:23.384  1461  1684 V StorageManagerService: Package null has legacy storage
10-22 20:54:23.471  1461  1845 V BackupManagerService: [UserID:0] restoreAtInstall pkg=com.hgperfko.yaeghrwx token=4a restoreSet=0
10-22 20:54:23.471  1461  1845 V BackupManagerService: [UserID:0] Finishing install immediately
10-22 20:54:23.473  1461  1845 D PackageInstallerSession: Marking session 121199990 as applied
10-22 20:54:23.477  1461  1845 D CompatibilityChangeReporter: Compat change id reported: 168419799; UID 10237; state: DISABLED
10-22 20:54:23.478  1461  1845 D CompatibilityChangeReporter: Compat change id reported: 273564678; UID 10237; state: DISABLED
10-22 20:54:23.484  1461  1704 W BroadcastQueue: u0 Receiving a broadcast in packagecom.android.buyer requires a permissions review
10-22 20:54:23.484  1461  1704 W BroadcastQueue: Skipping delivery: permission review required for Intent { act=android.intent.action.PACKAGE_ADDED dat=package: flg=0x4000010 (has extras) } from null (pid=1461, uid=1000) to com.android.buyer/.mRve
10-22 20:54:23.484  1461  1704 W BroadcastQueue: Background execution not allowed: receiving Intent { act=android.intent.action.PACKAGE_ADDED dat=package: flg=0x4000010 (has extras) } to com.google.android.packageinstaller/com.android.packageinstaller.PackageInstalledReceiver
10-22 20:54:23.485  1461  1704 W BroadcastQueue: Background execution not allowed: receiving Intent { act=android.intent.action.PACKAGE_ADDED dat=package: flg=0x4000010 (has extras) } to com.android.vending/com.google.android.finsky.packagemonitor.impl.PackageMonitorReceiverImpl$RegisteredReceiver
10-22 20:54:23.485  1461  1704 W BroadcastQueue: Background execution not allowed: receiving Intent { act=android.intent.action.PACKAGE_ADDED dat=package: flg=0x4000010 (has extras) } to com.android.vending/com.google.android.finsky.packagemonitor.backgroundimpl.BackgroundPackageMonitorReceiverImpl$RegisteredReceiver
10-22 20:54:23.485  1461  1704 W BroadcastQueue: Background execution not allowed: receiving Intent { act=android.intent.action.PACKAGE_ADDED dat=package: flg=0x4000010 (has extras) } to com.google.android.gms/.games.chimera.GamesSystemBroadcastReceiverProxy
10-22 20:54:23.485  1461  1461 I Telecom : DefaultDialerCache: Refreshing default dialer for user 0: now com.google.android.dialer: DDC.oR@CuM
10-22 20:54:23.485  1461  1704 W BroadcastQueue: Background execution not allowed: receiving Intent { act=android.intent.action.PACKAGE_ADDED dat=package: flg=0x4000010 (has extras) } to com.google.android.gms/.gass.chimera.PackageChangeBroadcastReceiver
10-22 20:54:23.485  1461  1704 W BroadcastQueue: Background execution not allowed: receiving Intent { act=android.intent.action.PACKAGE_ADDED dat=package: flg=0x4000010 (has extras) } to com.google.android.gms/.chimera.GmsIntentOperationService$PersistentTrustedReceiver
10-22 20:54:23.485  1461  1704 W BroadcastQueue: u0 Receiving a broadcast in packagecom.games.mengmeizhitd requires a permissions review
10-22 20:54:23.485  1461  1704 W BroadcastQueue: Skipping delivery: permission review required for Intent { act=android.intent.action.PACKAGE_ADDED dat=package: flg=0x4000010 (has extras) } from null (pid=1461, uid=1000) to com.games.mengmeizhitd/hjnw.ihjnw.i.isqly
10-22 20:54:23.487  1461  1704 W BroadcastQueue: u0 Receiving a broadcast in packagecom.qiuqiu.dfmc requires a permissions review
10-22 20:54:23.487  1461  1704 W BroadcastQueue: Skipping delivery: permission review required for Intent { act=android.intent.action.PACKAGE_ADDED dat=package: flg=0x4000010 (has extras) } from null (pid=1461, uid=1000) to com.qiuqiu.dfmc/cn.jpush.android.service.PushReceiver
10-22 20:54:23.487  1461  1704 W BroadcastQueue: u0 Receiving a broadcast in packagecom.safesys.viruskiller requires a permissions review
10-22 20:54:23.487  1461  1704 W BroadcastQueue: Skipping delivery: permission review required for Intent { act=android.intent.action.PACKAGE_ADDED dat=package: flg=0x4000010 (has extras) } from null (pid=1461, uid=1000) to com.safesys.viruskiller/.ScanPackageBroadcast
10-22 20:54:23.487  1461  1704 W BroadcastQueue: u0 Receiving a broadcast in packagecom.uc108.mobile.sdgj.bd1 requires a permissions review
10-22 20:54:23.487  1461  1704 W BroadcastQueue: Skipping delivery: permission review required for Intent { act=android.intent.action.PACKAGE_ADDED dat=package: flg=0x4000010 (has extras) } from null (pid=1461, uid=1000) to com.uc108.mobile.sdgj.bd1/com.baidu.tiebasdk.service.InstallReceiver
10-22 20:54:23.487  1461  1704 W BroadcastQueue: u0 Receiving a broadcast in packageio.dcloud.H5BC6BF13 requires a permissions review
10-22 20:54:23.487  1461  1704 W BroadcastQueue: Skipping delivery: permission review required for Intent { act=android.intent.action.PACKAGE_ADDED dat=package: flg=0x4000010 (has extras) } from null (pid=1461, uid=1000) to io.dcloud.H5BC6BF13/io.dcloud.common.adapter.io.DownloadReceiver
10-22 20:54:23.497  1461  1461 V BackupManagerConstants: getFullBackupIntervalMilliseconds(...) returns 86400000
10-22 20:54:23.497  1461  1461 V BackupManagerConstants: getFullBackupRequiredNetworkType(...) returns 2
10-22 20:54:23.497  1461  1461 V BackupManagerConstants: getFullBackupRequireCharging(...) returns true
10-22 20:54:23.507  1461  1461 E NotificationService: Muting recently noisy 0|com.avast.android.mobilesecurity|1000|null|10197
10-22 20:54:23.515  1461  2018 D CompatibilityChangeReporter: Compat change id reported: 218533173; UID 10237; state: DISABLED
10-22 20:54:23.517  1461  1461 I Telecom : DefaultDialerCache: Refreshing default dialer for user 0: now com.google.android.dialer: DDC.oR@CuY
10-22 20:54:23.525  1461  1842 E VerityUtils: Failed to measure fs-verity, errno 1: /data/app/~~jwPyXLAdOEs9XleiyyX6zw==/com.hgperfko.yaeghrwx-vvv1ZPHex-4ev392ivn8ug==/base.apk
10-22 20:54:23.538  1461  2992 D CompatibilityChangeReporter: Compat change id reported: 161252188; UID 10237; state: DISABLED
10-22 20:54:23.546  1461  4182 W BackupTransportManager: Package com.hgperfko.yaeghrwx enabled setting: 0
10-22 20:54:23.580  1461  1702 W WindowMagnificationMgr: requestConnection duplicated request: connect=false, mConnectionState=DISCONNECTED
10-22 20:54:23.616  1461  1845 E PackageManager: ERROR: could not load root hash from incremental install
10-22 20:54:23.622  1461  2051 W PackageParsing: Ignoring duplicate uses-permissions/uses-permissions-sdk-m: android.permission.ACCESS_NETWORK_STATE in package: com.livegame.wallpapermingche at: Binary XML file line #99
10-22 20:54:23.622  1461  2051 W PackageParsing: Ignoring duplicate uses-permissions/uses-permissions-sdk-m: android.permission.READ_PHONE_STATE in package: com.livegame.wallpapermingche at: Binary XML file line #100
10-22 20:54:23.622  1461  2051 W PackageParsing: Ignoring duplicate uses-permissions/uses-permissions-sdk-m: android.permission.ACCESS_WIFI_STATE in package: com.livegame.wallpapermingche at: Binary XML file line #101
10-22 20:54:23.622  1461  2051 W PackageParsing: Ignoring duplicate uses-permissions/uses-permissions-sdk-m: android.permission.INTERNET in package: com.livegame.wallpapermingche at: Binary XML file line #103
10-22 20:54:23.622  1461  2051 W PackageParsing: Ignoring duplicate uses-permissions/uses-permissions-sdk-m: android.permission.WRITE_EXTERNAL_STORAGE in package: com.livegame.wallpapermingche at: Binary XML file line #105
10-22 20:54:23.639  1461  1845 I PackageManager: Integrity check passed for file:///data/app/vmdl243366312.tmp
10-22 20:54:23.645  1461  1702 W PackageManager: Failed registering loading progress callback. Package is fully loaded.
10-22 20:54:23.652  1461  1702 W WindowMagnificationMgr: requestConnection duplicated request: connect=false, mConnectionState=DISCONNECTED
10-22 20:54:23.669  1461  1845 W PackageParsing: Ignoring duplicate uses-permissions/uses-permissions-sdk-m: android.permission.ACCESS_NETWORK_STATE in package: com.livegame.wallpapermingche at: Binary XML file line #99
10-22 20:54:23.669  1461  1845 W PackageParsing: Ignoring duplicate uses-permissions/uses-permissions-sdk-m: android.permission.READ_PHONE_STATE in package: com.livegame.wallpapermingche at: Binary XML file line #100
10-22 20:54:23.669  1461  1845 W PackageParsing: Ignoring duplicate uses-permissions/uses-permissions-sdk-m: android.permission.ACCESS_WIFI_STATE in package: com.livegame.wallpapermingche at: Binary XML file line #101
10-22 20:54:23.669  1461  1845 W PackageParsing: Ignoring duplicate uses-permissions/uses-permissions-sdk-m: android.permission.INTERNET in package: com.livegame.wallpapermingche at: Binary XML file line #103
10-22 20:54:23.669  1461  1845 W PackageParsing: Ignoring duplicate uses-permissions/uses-permissions-sdk-m: android.permission.WRITE_EXTERNAL_STORAGE in package: com.livegame.wallpapermingche at: Binary XML file line #105
10-22 20:54:23.754  1461  1684 V StorageManagerService: Package null has legacy storage
10-22 20:54:23.932  1461  1845 V BackupManagerService: [UserID:0] restoreAtInstall pkg=com.livegame.wallpapermingche token=4b restoreSet=0
10-22 20:54:23.932  1461  1845 V BackupManagerService: [UserID:0] Finishing install immediately
10-22 20:54:23.933  1461  1845 D PackageInstallerSession: Marking session 243366312 as applied
10-22 20:54:23.938  1461  1845 D CompatibilityChangeReporter: Compat change id reported: 168419799; UID 10238; state: DISABLED
10-22 20:54:23.938  1461  1845 D CompatibilityChangeReporter: Compat change id reported: 273564678; UID 10238; state: DISABLED
10-22 20:54:23.946  1461  1600 W BroadcastQueue: u0 Receiving a broadcast in packagecom.android.buyer requires a permissions review
10-22 20:54:23.946  1461  1600 W BroadcastQueue: Skipping delivery: permission review required for Intent { act=android.intent.action.PACKAGE_ADDED dat=package: flg=0x4000010 (has extras) } from null (pid=1461, uid=1000) to com.android.buyer/.mRve
10-22 20:54:23.946  1461  1461 I Telecom : DefaultDialerCache: Refreshing default dialer for user 0: now com.google.android.dialer: DDC.oR@Cuk
10-22 20:54:23.953  1461  1461 V BackupManagerConstants: getFullBackupIntervalMilliseconds(...) returns 86400000
10-22 20:54:23.953  1461  1461 V BackupManagerConstants: getFullBackupRequiredNetworkType(...) returns 2
10-22 20:54:23.953  1461  1461 V BackupManagerConstants: getFullBackupRequireCharging(...) returns true
10-22 20:54:23.953  1461  1704 W BroadcastQueue: Background execution not allowed: receiving Intent { act=android.intent.action.PACKAGE_ADDED dat=package: flg=0x4000010 (has extras) } to com.google.android.packageinstaller/com.android.packageinstaller.PackageInstalledReceiver
10-22 20:54:23.953  1461  1704 W BroadcastQueue: Background execution not allowed: receiving Intent { act=android.intent.action.PACKAGE_ADDED dat=package: flg=0x4000010 (has extras) } to com.android.vending/com.google.android.finsky.packagemonitor.impl.PackageMonitorReceiverImpl$RegisteredReceiver
10-22 20:54:23.953  1461  1704 W BroadcastQueue: Background execution not allowed: receiving Intent { act=android.intent.action.PACKAGE_ADDED dat=package: flg=0x4000010 (has extras) } to com.android.vending/com.google.android.finsky.packagemonitor.backgroundimpl.BackgroundPackageMonitorReceiverImpl$RegisteredReceiver
10-22 20:54:23.954  1461  1704 W BroadcastQueue: Background execution not allowed: receiving Intent { act=android.intent.action.PACKAGE_ADDED dat=package: flg=0x4000010 (has extras) } to com.google.android.gms/.games.chimera.GamesSystemBroadcastReceiverProxy
10-22 20:54:23.954  1461  1704 W BroadcastQueue: Background execution not allowed: receiving Intent { act=android.intent.action.PACKAGE_ADDED dat=package: flg=0x4000010 (has extras) } to com.google.android.gms/.gass.chimera.PackageChangeBroadcastReceiver
10-22 20:54:23.954  1461  1704 W BroadcastQueue: Background execution not allowed: receiving Intent { act=android.intent.action.PACKAGE_ADDED dat=package: flg=0x4000010 (has extras) } to com.google.android.gms/.chimera.GmsIntentOperationService$PersistentTrustedReceiver
10-22 20:54:23.954  1461  1704 W BroadcastQueue: u0 Receiving a broadcast in packagecom.games.mengmeizhitd requires a permissions review
10-22 20:54:23.954  1461  1704 W BroadcastQueue: Skipping delivery: permission review required for Intent { act=android.intent.action.PACKAGE_ADDED dat=package: flg=0x4000010 (has extras) } from null (pid=1461, uid=1000) to com.games.mengmeizhitd/hjnw.ihjnw.i.isqly
