10-22 20:12:19.046  1445  1680 W BroadcastQueue: Background execution not allowed: receiving Intent { act=android.intent.action.PACKAGE_ADDED dat=package: flg=0x4000010 (has extras) } to com.google.android.gms/.gass.chimera.PackageChangeBroadcastReceiver
10-22 20:12:19.046  1445  1680 W BroadcastQueue: Background execution not allowed: receiving Intent { act=android.intent.action.PACKAGE_ADDED dat=package: flg=0x4000010 (has extras) } to com.google.android.gms/.chimera.GmsIntentOperationService$PersistentTrustedReceiver
10-22 20:12:19.046  1445  1680 W BroadcastQueue: u0 Receiving a broadcast in packagecom.cncd.japan.janli.shudu requires a permissions review
10-22 20:12:19.046  1445  1680 W BroadcastQueue: Skipping delivery: permission review required for Intent { act=android.intent.action.PACKAGE_ADDED dat=package: flg=0x4000010 (has extras) } from null (pid=1445, uid=1000) to com.cncd.japan.janli.shudu/net.l.k.r
10-22 20:12:19.046  1445  1680 W BroadcastQueue: u0 Receiving a broadcast in packagecom.cncd.japan.janli.shudu requires a permissions review
10-22 20:12:19.046  1445  1680 W BroadcastQueue: Skipping delivery: permission review required for Intent { act=android.intent.action.PACKAGE_ADDED dat=package: flg=0x4000010 (has extras) } from null (pid=1445, uid=1000) to com.cncd.japan.janli.shudu/com.feiwofour.coverscreen.SR
10-22 20:12:19.046  1445  1680 W BroadcastQueue: u0 Receiving a broadcast in packagecom.games.mengmeizhitd requires a permissions review
10-22 20:12:19.046  1445  1680 W BroadcastQueue: Skipping delivery: permission review required for Intent { act=android.intent.action.PACKAGE_ADDED dat=package: flg=0x4000010 (has extras) } from null (pid=1445, uid=1000) to com.games.mengmeizhitd/hjnw.ihjnw.i.isqly
10-22 20:12:19.046  1445  1680 W BroadcastQueue: u0 Receiving a broadcast in packagecom.hgperfko.yaeghrwx requires a permissions review
10-22 20:12:19.046  1445  1680 W BroadcastQueue: Skipping delivery: permission review required for Intent { act=android.intent.action.PACKAGE_ADDED dat=package: flg=0x4000010 (has extras) } from null (pid=1445, uid=1000) to com.hgperfko.yaeghrwx/.core.hLytdCQDBv
10-22 20:12:19.046  1445  1680 W BroadcastQueue: u0 Receiving a broadcast in packagecom.qiuqiu.dfmc requires a permissions review
10-22 20:12:19.046  1445  1680 W BroadcastQueue: Skipping delivery: permission review required for Intent { act=android.intent.action.PACKAGE_ADDED dat=package: flg=0x4000010 (has extras) } from null (pid=1445, uid=1000) to com.qiuqiu.dfmc/cn.jpush.android.service.PushReceiver
10-22 20:12:19.046  1445  1680 W BroadcastQueue: u0 Receiving a broadcast in packagecom.safesys.viruskiller requires a permissions review
10-22 20:12:19.046  1445  1680 W BroadcastQueue: Skipping delivery: permission review required for Intent { act=android.intent.action.PACKAGE_ADDED dat=package: flg=0x4000010 (has extras) } from null (pid=1445, uid=1000) to com.safesys.viruskiller/.ScanPackageBroadcast
10-22 20:12:19.046  1445  1680 W BroadcastQueue: u0 Receiving a broadcast in packagecom.uc108.mobile.sdgj.bd1 requires a permissions review
10-22 20:12:19.046  1445  1680 W BroadcastQueue: Skipping delivery: permission review required for Intent { act=android.intent.action.PACKAGE_ADDED dat=package: flg=0x4000010 (has extras) } from null (pid=1445, uid=1000) to com.uc108.mobile.sdgj.bd1/com.baidu.tiebasdk.service.InstallReceiver
10-22 20:12:19.046  1445  1680 W BroadcastQueue: u0 Receiving a broadcast in packagecom.voicebianshengjinglingwc.wxl requires a permissions review
10-22 20:12:19.046  1445  1680 W BroadcastQueue: Skipping delivery: permission review required for Intent { act=android.intent.action.PACKAGE_ADDED dat=package: flg=0x4000010 (has extras) } from null (pid=1445, uid=1000) to com.voicebianshengjinglingwc.wxl/mp.ruu.Ztjjwrj
10-22 20:12:19.046  1445  1680 W BroadcastQueue: u0 Receiving a broadcast in packageio.dcloud.H5BC6BF13 requires a permissions review
10-22 20:12:19.046  1445  1680 W BroadcastQueue: Skipping delivery: permission review required for Intent { act=android.intent.action.PACKAGE_ADDED dat=package: flg=0x4000010 (has extras) } from null (pid=1445, uid=1000) to io.dcloud.H5BC6BF13/io.dcloud.common.adapter.io.DownloadReceiver
10-22 20:12:19.052  1445  2009 D CompatibilityChangeReporter: Compat change id reported: 218533173; UID 10262; state: DISABLED
10-22 20:12:19.058  1445  1445 I Telecom : DefaultDialerCache: Refreshing default dialer for user 0: now com.google.android.dialer: DDC.oR@Css
10-22 20:12:19.058  1445  4177 W BackupTransportManager: Package com.yoojar.zlsg.baidu enabled setting: 0
10-22 20:12:19.072  1445  1828 E VerityUtils: Failed to measure fs-verity, errno 1: /data/app/~~uBuPCmkX6h87Y0-0-MhfBA==/com.yoojar.zlsg.baidu-owkW67wFCCJWtDMkYrMYRg==/base.apk
10-22 20:12:19.096  1445  3211 D CompatibilityChangeReporter: Compat change id reported: 161252188; UID 10262; state: DISABLED
10-22 20:12:19.136  1445  1679 W WindowMagnificationMgr: requestConnection duplicated request: connect=false, mConnectionState=DISCONNECTED
10-22 20:12:19.176  1445  3211 W BroadcastQueue: u0 Receiving a broadcast in packagecom.yoojar.zlsg.baidu requires a permissions review
10-22 20:12:19.176  1445  3211 W BroadcastQueue: Skipping delivery: permission review required for Intent { act=android.intent.action.PACKAGE_CHANGED dat=package: flg=0x5000010 (has extras) } from null (pid=1445, uid=1000) to com.yoojar.zlsg.baidu/com.duoku.platform.download.broadcast.AppMonitorReceiver
10-22 20:12:19.213  1445  1679 W PackageManager: Failed registering loading progress callback. Package is fully loaded.
10-22 20:12:19.222  1445  1679 W WindowMagnificationMgr: requestConnection duplicated request: connect=false, mConnectionState=DISCONNECTED
10-22 20:12:19.447  1445  1831 E PackageManager: ERROR: could not load root hash from incremental install
10-22 20:12:19.452  1445  2040 W PackageParsing: Ignoring duplicate uses-permissions/uses-permissions-sdk-m: android.permission.INTERNET in package: com.vbdcf54.d2b25 at: Binary XML file line #49
10-22 20:12:19.452  1445  2040 W PackageParsing: Ignoring duplicate uses-permissions/uses-permissions-sdk-m: android.permission.ACCESS_NETWORK_STATE in package: com.vbdcf54.d2b25 at: Binary XML file line #50
10-22 20:12:19.452  1445  2040 W PackageParsing: Ignoring duplicate uses-permissions/uses-permissions-sdk-m: android.permission.ACCESS_WIFI_STATE in package: com.vbdcf54.d2b25 at: Binary XML file line #51
10-22 20:12:19.452  1445  2040 W PackageParsing: Ignoring duplicate uses-permissions/uses-permissions-sdk-m: android.permission.READ_PHONE_STATE in package: com.vbdcf54.d2b25 at: Binary XML file line #52
10-22 20:12:19.452  1445  2040 W PackageParsing: Ignoring duplicate uses-permissions/uses-permissions-sdk-m: android.permission.WRITE_EXTERNAL_STORAGE in package: com.vbdcf54.d2b25 at: Binary XML file line #53
10-22 20:12:19.452  1445  2040 W PackageParsing: Ignoring duplicate uses-permissions/uses-permissions-sdk-m: android.permission.READ_PHONE_STATE in package: com.vbdcf54.d2b25 at: Binary XML file line #56
10-22 20:12:19.452  1445  2040 W PackageParsing: Ignoring duplicate uses-permissions/uses-permissions-sdk-m: android.permission.INTERNET in package: com.vbdcf54.d2b25 at: Binary XML file line #57
10-22 20:12:19.452  1445  2040 W PackageParsing: Ignoring duplicate uses-permissions/uses-permissions-sdk-m: android.permission.ACCESS_NETWORK_STATE in package: com.vbdcf54.d2b25 at: Binary XML file line #58
10-22 20:12:19.452  1445  2040 W PackageParsing: Ignoring duplicate uses-permissions/uses-permissions-sdk-m: android.permission.WRITE_EXTERNAL_STORAGE in package: com.vbdcf54.d2b25 at: Binary XML file line #59
10-22 20:12:19.452  1445  2040 W PackageParsing: Ignoring duplicate uses-permissions/uses-permissions-sdk-m: android.permission.GET_TASKS in package: com.vbdcf54.d2b25 at: Binary XML file line #61
10-22 20:12:19.457  1445  1831 I PackageManager: Integrity check passed for file:///data/app/vmdl80651896.tmp
10-22 20:12:19.459  1445  5553 D CoreBackPreview: Window{6af806b u0 Toast}: Setting back callback OnBackInvokedCallbackInfo{mCallback=android.window.IOnBackInvokedCallback$Stub$Proxy@ece2061, mPriority=0}
10-22 20:12:19.472  1445  1831 W PackageParsing: Ignoring duplicate uses-permissions/uses-permissions-sdk-m: android.permission.INTERNET in package: com.vbdcf54.d2b25 at: Binary XML file line #49
10-22 20:12:19.472  1445  1831 W PackageParsing: Ignoring duplicate uses-permissions/uses-permissions-sdk-m: android.permission.ACCESS_NETWORK_STATE in package: com.vbdcf54.d2b25 at: Binary XML file line #50
10-22 20:12:19.472  1445  1831 W PackageParsing: Ignoring duplicate uses-permissions/uses-permissions-sdk-m: android.permission.ACCESS_WIFI_STATE in package: com.vbdcf54.d2b25 at: Binary XML file line #51
10-22 20:12:19.472  1445  1831 W PackageParsing: Ignoring duplicate uses-permissions/uses-permissions-sdk-m: android.permission.READ_PHONE_STATE in package: com.vbdcf54.d2b25 at: Binary XML file line #52
10-22 20:12:19.472  1445  1831 W PackageParsing: Ignoring duplicate uses-permissions/uses-permissions-sdk-m: android.permission.WRITE_EXTERNAL_STORAGE in package: com.vbdcf54.d2b25 at: Binary XML file line #53
10-22 20:12:19.473  1445  1831 W PackageParsing: Ignoring duplicate uses-permissions/uses-permissions-sdk-m: android.permission.READ_PHONE_STATE in package: com.vbdcf54.d2b25 at: Binary XML file line #56
10-22 20:12:19.473  1445  1831 W PackageParsing: Ignoring duplicate uses-permissions/uses-permissions-sdk-m: android.permission.INTERNET in package: com.vbdcf54.d2b25 at: Binary XML file line #57
10-22 20:12:19.473  1445  1831 W PackageParsing: Ignoring duplicate uses-permissions/uses-permissions-sdk-m: android.permission.ACCESS_NETWORK_STATE in package: com.vbdcf54.d2b25 at: Binary XML file line #58
10-22 20:12:19.473  1445  1831 W PackageParsing: Ignoring duplicate uses-permissions/uses-permissions-sdk-m: android.permission.WRITE_EXTERNAL_STORAGE in package: com.vbdcf54.d2b25 at: Binary XML file line #59
10-22 20:12:19.473  1445  1831 W PackageParsing: Ignoring duplicate uses-permissions/uses-permissions-sdk-m: android.permission.GET_TASKS in package: com.vbdcf54.d2b25 at: Binary XML file line #61
10-22 20:12:19.503  1445  1831 I PackageManager: Permission ownership changed. Updating all permissions.
10-22 20:12:19.634  1445  1667 V StorageManagerService: Package null has legacy storage
10-22 20:12:19.778  1445  1831 V BackupManagerService: [UserID:0] restoreAtInstall pkg=com.vbdcf54.d2b25 token=61 restoreSet=0
10-22 20:12:19.778  1445  1831 V BackupManagerService: [UserID:0] Finishing install immediately
10-22 20:12:19.780  1445  1831 D PackageInstallerSession: Marking session 80651896 as applied
10-22 20:12:19.786  1445  1831 D CompatibilityChangeReporter: Compat change id reported: 168419799; UID 10263; state: DISABLED
10-22 20:12:19.786  1445  1831 D CompatibilityChangeReporter: Compat change id reported: 273564678; UID 10263; state: DISABLED
10-22 20:12:19.793  1445  1445 I Telecom : DefaultDialerCache: Refreshing default dialer for user 0: now com.google.android.dialer: DDC.oR@Cs4
10-22 20:12:19.795  1445  1680 W BroadcastQueue: u0 Receiving a broadcast in packagecom.jr.narutoii requires a permissions review
10-22 20:12:19.795  1445  1680 W BroadcastQueue: Skipping delivery: permission review required for Intent { act=android.intent.action.PACKAGE_ADDED dat=package: flg=0x4000010 (has extras) } from null (pid=1445, uid=1000) to com.jr.narutoii/com.joyriver.engine.proxy.EngineReceiver
10-22 20:12:19.796  1445  1680 W BroadcastQueue: u0 Receiving a broadcast in packagecom.android.buyer requires a permissions review
10-22 20:12:19.796  1445  1680 W BroadcastQueue: Skipping delivery: permission review required for Intent { act=android.intent.action.PACKAGE_ADDED dat=package: flg=0x4000010 (has extras) } from null (pid=1445, uid=1000) to com.android.buyer/.mRve
10-22 20:12:19.796  1445  1680 W BroadcastQueue: Background execution not allowed: receiving Intent { act=android.intent.action.PACKAGE_ADDED dat=package: flg=0x4000010 (has extras) } to com.google.android.packageinstaller/com.android.packageinstaller.PackageInstalledReceiver
10-22 20:12:19.796  1445  1680 W BroadcastQueue: Background execution not allowed: receiving Intent { act=android.intent.action.PACKAGE_ADDED dat=package: flg=0x4000010 (has extras) } to com.android.vending/com.google.android.finsky.packagemonitor.impl.PackageMonitorReceiverImpl$RegisteredReceiver
10-22 20:12:19.796  1445  1680 W BroadcastQueue: Background execution not allowed: receiving Intent { act=android.intent.action.PACKAGE_ADDED dat=package: flg=0x4000010 (has extras) } to com.android.vending/com.google.android.finsky.packagemonitor.backgroundimpl.BackgroundPackageMonitorReceiverImpl$RegisteredReceiver
10-22 20:12:19.796  1445  1680 W BroadcastQueue: Background execution not allowed: receiving Intent { act=android.intent.action.PACKAGE_ADDED dat=package: flg=0x4000010 (has extras) } to com.google.android.gms/.games.chimera.GamesSystemBroadcastReceiverProxy
10-22 20:12:19.796  1445  1680 W BroadcastQueue: Background execution not allowed: receiving Intent { act=android.intent.action.PACKAGE_ADDED dat=package: flg=0x4000010 (has extras) } to com.google.android.gms/.gass.chimera.PackageChangeBroadcastReceiver
10-22 20:12:19.796  1445  1680 W BroadcastQueue: Background execution not allowed: receiving Intent { act=android.intent.action.PACKAGE_ADDED dat=package: flg=0x4000010 (has extras) } to com.google.android.gms/.chimera.GmsIntentOperationService$PersistentTrustedReceiver
10-22 20:12:19.796  1445  1680 W BroadcastQueue: u0 Receiving a broadcast in packagecom.cncd.japan.janli.shudu requires a permissions review
10-22 20:12:19.796  1445  1680 W BroadcastQueue: Skipping delivery: permission review required for Intent { act=android.intent.action.PACKAGE_ADDED dat=package: flg=0x4000010 (has extras) } from null (pid=1445, uid=1000) to com.cncd.japan.janli.shudu/net.l.k.r
10-22 20:12:19.796  1445  1680 W BroadcastQueue: u0 Receiving a broadcast in packagecom.cncd.japan.janli.shudu requires a permissions review
10-22 20:12:19.796  1445  1680 W BroadcastQueue: Skipping delivery: permission review required for Intent { act=android.intent.action.PACKAGE_ADDED dat=package: flg=0x4000010 (has extras) } from null (pid=1445, uid=1000) to com.cncd.japan.janli.shudu/com.feiwofour.coverscreen.SR
10-22 20:12:19.796  1445  1680 W BroadcastQueue: u0 Receiving a broadcast in packagecom.games.mengmeizhitd requires a permissions review
10-22 20:12:19.796  1445  1680 W BroadcastQueue: Skipping delivery: permission review required for Intent { act=android.intent.action.PACKAGE_ADDED dat=package: flg=0x4000010 (has extras) } from null (pid=1445, uid=1000) to com.games.mengmeizhitd/hjnw.ihjnw.i.isqly
10-22 20:12:19.796  1445  1680 W BroadcastQueue: u0 Receiving a broadcast in packagecom.hgperfko.yaeghrwx requires a permissions review
10-22 20:12:19.797  1445  1680 W BroadcastQueue: Skipping delivery: permission review required for Intent { act=android.intent.action.PACKAGE_ADDED dat=package: flg=0x4000010 (has extras) } from null (pid=1445, uid=1000) to com.hgperfko.yaeghrwx/.core.hLytdCQDBv
10-22 20:12:19.802  1445  1445 V BackupManagerConstants: getFullBackupIntervalMilliseconds(...) returns 86400000
10-22 20:12:19.802  1445  1445 V BackupManagerConstants: getFullBackupRequiredNetworkType(...) returns 2
10-22 20:12:19.802  1445  1445 V BackupManagerConstants: getFullBackupRequireCharging(...) returns true
10-22 20:12:19.803  1445  1680 W BroadcastQueue: u0 Receiving a broadcast in packagecom.qiuqiu.dfmc requires a permissions review
10-22 20:12:19.803  1445  1680 W BroadcastQueue: Skipping delivery: permission review required for Intent { act=android.intent.action.PACKAGE_ADDED dat=package: flg=0x4000010 (has extras) } from null (pid=1445, uid=1000) to com.qiuqiu.dfmc/cn.jpush.android.service.PushReceiver
10-22 20:12:19.803  1445  1680 W BroadcastQueue: u0 Receiving a broadcast in packagecom.safesys.viruskiller requires a permissions review
10-22 20:12:19.803  1445  1680 W BroadcastQueue: Skipping delivery: permission review required for Intent { act=android.intent.action.PACKAGE_ADDED dat=package: flg=0x4000010 (has extras) } from null (pid=1445, uid=1000) to com.safesys.viruskiller/.ScanPackageBroadcast
10-22 20:12:19.803  1445  1680 W BroadcastQueue: u0 Receiving a broadcast in packagecom.uc108.mobile.sdgj.bd1 requires a permissions review
10-22 20:12:19.803  1445  1680 W BroadcastQueue: Skipping delivery: permission review required for Intent { act=android.intent.action.PACKAGE_ADDED dat=package: flg=0x4000010 (has extras) } from null (pid=1445, uid=1000) to com.uc108.mobile.sdgj.bd1/com.baidu.tiebasdk.service.InstallReceiver
10-22 20:12:19.803  1445  1680 W BroadcastQueue: u0 Receiving a broadcast in packagecom.voicebianshengjinglingwc.wxl requires a permissions review
10-22 20:12:19.803  1445  1680 W BroadcastQueue: Skipping delivery: permission review required for Intent { act=android.intent.action.PACKAGE_ADDED dat=package: flg=0x4000010 (has extras) } from null (pid=1445, uid=1000) to com.voicebianshengjinglingwc.wxl/mp.ruu.Ztjjwrj
10-22 20:12:19.803  1445  1680 W BroadcastQueue: u0 Receiving a broadcast in packagecom.yoojar.zlsg.baidu requires a permissions review
10-22 20:12:19.803  1445  1680 W BroadcastQueue: Skipping delivery: permission review required for Intent { act=android.intent.action.PACKAGE_ADDED dat=package: flg=0x4000010 (has extras) } from null (pid=1445, uid=1000) to com.yoojar.zlsg.baidu/com.duoku.platform.download.broadcast.AppMonitorReceiver
10-22 20:12:19.803  1445  1680 W BroadcastQueue: u0 Receiving a broadcast in packageio.dcloud.H5BC6BF13 requires a permissions review
10-22 20:12:19.803  1445  1680 W BroadcastQueue: Skipping delivery: permission review required for Intent { act=android.intent.action.PACKAGE_ADDED dat=package: flg=0x4000010 (has extras) } from null (pid=1445, uid=1000) to io.dcloud.H5BC6BF13/io.dcloud.common.adapter.io.DownloadReceiver
10-22 20:12:19.814 19058 25536 W PackageParser: Ignoring duplicate uses-permissions/uses-permissions-sdk-m: android.permission.INTERNET in package: com.vbdcf54.d2b25 at: Binary XML file line #49
10-22 20:12:19.814 19058 25536 W PackageParser: Ignoring duplicate uses-permissions/uses-permissions-sdk-m: android.permission.ACCESS_NETWORK_STATE in package: com.vbdcf54.d2b25 at: Binary XML file line #50
10-22 20:12:19.814 19058 25536 W PackageParser: Ignoring duplicate uses-permissions/uses-permissions-sdk-m: android.permission.ACCESS_WIFI_STATE in package: com.vbdcf54.d2b25 at: Binary XML file line #51
10-22 20:12:19.814 19058 25536 W PackageParser: Ignoring duplicate uses-permissions/uses-permissions-sdk-m: android.permission.READ_PHONE_STATE in package: com.vbdcf54.d2b25 at: Binary XML file line #52
10-22 20:12:19.814 19058 25536 W PackageParser: Ignoring duplicate uses-permissions/uses-permissions-sdk-m: android.permission.WRITE_EXTERNAL_STORAGE in package: com.vbdcf54.d2b25 at: Binary XML file line #53
10-22 20:12:19.814 19058 25536 W PackageParser: Ignoring duplicate uses-permissions/uses-permissions-sdk-m: android.permission.READ_PHONE_STATE in package: com.vbdcf54.d2b25 at: Binary XML file line #56
10-22 20:12:19.814 19058 25536 W PackageParser: Ignoring duplicate uses-permissions/uses-permissions-sdk-m: android.permission.INTERNET in package: com.vbdcf54.d2b25 at: Binary XML file line #57
10-22 20:12:19.814 19058 25536 W PackageParser: Ignoring duplicate uses-permissions/uses-permissions-sdk-m: android.permission.ACCESS_NETWORK_STATE in package: com.vbdcf54.d2b25 at: Binary XML file line #58
10-22 20:12:19.814 19058 25536 W PackageParser: Ignoring duplicate uses-permissions/uses-permissions-sdk-m: android.permission.WRITE_EXTERNAL_STORAGE in package: com.vbdcf54.d2b25 at: Binary XML file line #59
10-22 20:12:19.814 19058 25536 W PackageParser: Ignoring duplicate uses-permissions/uses-permissions-sdk-m: android.permission.GET_TASKS in package: com.vbdcf54.d2b25 at: Binary XML file line #61
10-22 20:12:19.816  1445  1828 E VerityUtils: Failed to measure fs-verity, errno 1: /data/app/~~p4g-juzzoCwKJ-Tc6HholA==/com.vbdcf54.d2b25-cfY1VZBTrfafowx03i_SCQ==/base.apk
10-22 20:12:19.827  1445  2009 D CompatibilityChangeReporter: Compat change id reported: 218533173; UID 10263; state: DISABLED
10-22 20:12:19.836  1445  1445 I Telecom : DefaultDialerCache: Refreshing default dialer for user 0: now com.google.android.dialer: DDC.oR@Cs8
10-22 20:12:19.841  1445  4177 W BackupTransportManager: Package com.vbdcf54.d2b25 enabled setting: 0
10-22 20:12:19.870  1445  3347 D CompatibilityChangeReporter: Compat change id reported: 161252188; UID 10263; state: DISABLED
10-22 20:12:19.876  1445  1679 W WindowMagnificationMgr: requestConnection duplicated request: connect=false, mConnectionState=DISCONNECTED
10-22 20:12:19.931  1445  2988 W BroadcastQueue: u0 Receiving a broadcast in packagecom.yoojar.zlsg.baidu requires a permissions review
10-22 20:12:19.931  1445  2988 W BroadcastQueue: Skipping delivery: permission review required for Intent { act=android.intent.action.PACKAGE_CHANGED dat=package: flg=0x5000010 (has extras) } from null (pid=1445, uid=1000) to com.yoojar.zlsg.baidu/com.duoku.platform.download.broadcast.AppMonitorReceiver
10-22 20:12:19.947  1445  1679 W PackageManager: Failed registering loading progress callback. Package is fully loaded.
10-22 20:12:19.962  1445  1679 W WindowMagnificationMgr: requestConnection duplicated request: connect=false, mConnectionState=DISCONNECTED
10-22 20:12:20.043 19058 24358 W PackageParser: Ignoring duplicate uses-permissions/uses-permissions-sdk-m: android.permission.INTERNET in package: com.vbdcf54.d2b25 at: Binary XML file line #49
10-22 20:12:20.044 19058 24358 W PackageParser: Ignoring duplicate uses-permissions/uses-permissions-sdk-m: android.permission.ACCESS_NETWORK_STATE in package: com.vbdcf54.d2b25 at: Binary XML file line #50
10-22 20:12:20.044 19058 24358 W PackageParser: Ignoring duplicate uses-permissions/uses-permissions-sdk-m: android.permission.ACCESS_WIFI_STATE in package: com.vbdcf54.d2b25 at: Binary XML file line #51
10-22 20:12:20.044 19058 24358 W PackageParser: Ignoring duplicate uses-permissions/uses-permissions-sdk-m: android.permission.READ_PHONE_STATE in package: com.vbdcf54.d2b25 at: Binary XML file line #52
10-22 20:12:20.045 19058 24358 W PackageParser: Ignoring duplicate uses-permissions/uses-permissions-sdk-m: android.permission.WRITE_EXTERNAL_STORAGE in package: com.vbdcf54.d2b25 at: Binary XML file line #53
10-22 20:12:20.045 19058 24358 W PackageParser: Ignoring duplicate uses-permissions/uses-permissions-sdk-m: android.permission.READ_PHONE_STATE in package: com.vbdcf54.d2b25 at: Binary XML file line #56
10-22 20:12:20.045 19058 24358 W PackageParser: Ignoring duplicate uses-permissions/uses-permissions-sdk-m: android.permission.INTERNET in package: com.vbdcf54.d2b25 at: Binary XML file line #57
10-22 20:12:20.045 19058 24358 W PackageParser: Ignoring duplicate uses-permissions/uses-permissions-sdk-m: android.permission.ACCESS_NETWORK_STATE in package: com.vbdcf54.d2b25 at: Binary XML file line #58
10-22 20:12:20.045 19058 24358 W PackageParser: Ignoring duplicate uses-permissions/uses-permissions-sdk-m: android.permission.WRITE_EXTERNAL_STORAGE in package: com.vbdcf54.d2b25 at: Binary XML file line #59
10-22 20:12:20.045 19058 24358 W PackageParser: Ignoring duplicate uses-permissions/uses-permissions-sdk-m: android.permission.GET_TASKS in package: com.vbdcf54.d2b25 at: Binary XML file line #61
10-22 20:12:20.227  1445  1831 E PackageManager: ERROR: could not load root hash from incremental install
10-22 20:12:20.244  1445  1831 I PackageManager: Integrity check passed for file:///data/app/vmdl927890789.tmp
10-22 20:12:20.316  1445  1667 V StorageManagerService: Package null has legacy storage
10-22 20:12:20.318  1445  1445 W NotificationHistory: Attempted to add notif for locked/gone/disabled user 0
10-22 20:12:20.466  1445  1831 V BackupManagerService: [UserID:0] restoreAtInstall pkg=cn.inssgame.paokugame token=62 restoreSet=0
10-22 20:12:20.466  1445  1831 V BackupManagerService: [UserID:0] Finishing install immediately
10-22 20:12:20.468  1445  1831 D PackageInstallerSession: Marking session 927890789 as applied
10-22 20:12:20.469  1445  1831 D CompatibilityChangeReporter: Compat change id reported: 168419799; UID 10264; state: DISABLED
10-22 20:12:20.470  1445  1831 D CompatibilityChangeReporter: Compat change id reported: 273564678; UID 10264; state: DISABLED
10-22 20:12:20.476  1445  1445 I Telecom : DefaultDialerCache: Refreshing default dialer for user 0: now com.google.android.dialer: DDC.oR@CtQ
10-22 20:12:20.481  1445  1445 V BackupManagerConstants: getFullBackupIntervalMilliseconds(...) returns 86400000
10-22 20:12:20.481  1445  1445 V BackupManagerConstants: getFullBackupRequiredNetworkType(...) returns 2
10-22 20:12:20.481  1445  1445 V BackupManagerConstants: getFullBackupRequireCharging(...) returns true
10-22 20:12:20.483  1445  5552 W BroadcastQueue: u0 Receiving a broadcast in packagecom.jr.narutoii requires a permissions review
10-22 20:12:20.483  1445  5552 W BroadcastQueue: Skipping delivery: permission review required for Intent { act=android.intent.action.PACKAGE_ADDED dat=package: flg=0x4000010 (has extras) } from null (pid=1445, uid=1000) to com.jr.narutoii/com.joyriver.engine.proxy.EngineReceiver
10-22 20:12:20.484  1445  1680 W BroadcastQueue: u0 Receiving a broadcast in packagecom.android.buyer requires a permissions review
10-22 20:12:20.484  1445  1680 W BroadcastQueue: Skipping delivery: permission review required for Intent { act=android.intent.action.PACKAGE_ADDED dat=package: flg=0x4000010 (has extras) } from null (pid=1445, uid=1000) to com.android.buyer/.mRve
10-22 20:12:20.484  1445  1680 W BroadcastQueue: Background execution not allowed: receiving Intent { act=android.intent.action.PACKAGE_ADDED dat=package: flg=0x4000010 (has extras) } to com.google.android.packageinstaller/com.android.packageinstaller.PackageInstalledReceiver
10-22 20:12:20.484  1445  1680 W BroadcastQueue: Background execution not allowed: receiving Intent { act=android.intent.action.PACKAGE_ADDED dat=package: flg=0x4000010 (has extras) } to com.android.vending/com.google.android.finsky.packagemonitor.impl.PackageMonitorReceiverImpl$RegisteredReceiver
10-22 20:12:20.487  1445  1680 W BroadcastQueue: Background execution not allowed: receiving Intent { act=android.intent.action.PACKAGE_ADDED dat=package: flg=0x4000010 (has extras) } to com.android.vending/com.google.android.finsky.packagemonitor.backgroundimpl.BackgroundPackageMonitorReceiverImpl$RegisteredReceiver
10-22 20:12:20.487  1445  1680 W BroadcastQueue: Background execution not allowed: receiving Intent { act=android.intent.action.PACKAGE_ADDED dat=package: flg=0x4000010 (has extras) } to com.google.android.gms/.games.chimera.GamesSystemBroadcastReceiverProxy
10-22 20:12:20.488  1445  1680 W BroadcastQueue: Background execution not allowed: receiving Intent { act=android.intent.action.PACKAGE_ADDED dat=package: flg=0x4000010 (has extras) } to com.google.android.gms/.gass.chimera.PackageChangeBroadcastReceiver
10-22 20:12:20.488  1445  1680 W BroadcastQueue: Background execution not allowed: receiving Intent { act=android.intent.action.PACKAGE_ADDED dat=package: flg=0x4000010 (has extras) } to com.google.android.gms/.chimera.GmsIntentOperationService$PersistentTrustedReceiver
10-22 20:12:20.488  1445  1680 W BroadcastQueue: u0 Receiving a broadcast in packagecom.cncd.japan.janli.shudu requires a permissions review
10-22 20:12:20.488  1445  1680 W BroadcastQueue: Skipping delivery: permission review required for Intent { act=android.intent.action.PACKAGE_ADDED dat=package: flg=0x4000010 (has extras) } from null (pid=1445, uid=1000) to com.cncd.japan.janli.shudu/net.l.k.r
10-22 20:12:20.488  1445  1680 W BroadcastQueue: u0 Receiving a broadcast in packagecom.cncd.japan.janli.shudu requires a permissions review
10-22 20:12:20.489  1445  1680 W BroadcastQueue: Skipping delivery: permission review required for Intent { act=android.intent.action.PACKAGE_ADDED dat=package: flg=0x4000010 (has extras) } from null (pid=1445, uid=1000) to com.cncd.japan.janli.shudu/com.feiwofour.coverscreen.SR
10-22 20:12:20.489  1445  1680 W BroadcastQueue: u0 Receiving a broadcast in packagecom.games.mengmeizhitd requires a permissions review
10-22 20:12:20.489  1445  1680 W BroadcastQueue: Skipping delivery: permission review required for Intent { act=android.intent.action.PACKAGE_ADDED dat=package: flg=0x4000010 (has extras) } from null (pid=1445, uid=1000) to com.games.mengmeizhitd/hjnw.ihjnw.i.isqly
10-22 20:12:20.489  1445  1680 W BroadcastQueue: u0 Receiving a broadcast in packagecom.hgperfko.yaeghrwx requires a permissions review
10-22 20:12:20.489  1445  1680 W BroadcastQueue: Skipping delivery: permission review required for Intent { act=android.intent.action.PACKAGE_ADDED dat=package: flg=0x4000010 (has extras) } from null (pid=1445, uid=1000) to com.hgperfko.yaeghrwx/.core.hLytdCQDBv
10-22 20:12:20.489  1445  1680 W BroadcastQueue: u0 Receiving a broadcast in packagecom.qiuqiu.dfmc requires a permissions review
10-22 20:12:20.489  1445  1680 W BroadcastQueue: Skipping delivery: permission review required for Intent { act=android.intent.action.PACKAGE_ADDED dat=package: flg=0x4000010 (has extras) } from null (pid=1445, uid=1000) to com.qiuqiu.dfmc/cn.jpush.android.service.PushReceiver
10-22 20:12:20.489  1445  1680 W BroadcastQueue: u0 Receiving a broadcast in packagecom.safesys.viruskiller requires a permissions review
10-22 20:12:20.489  1445  1680 W BroadcastQueue: Skipping delivery: permission review required for Intent { act=android.intent.action.PACKAGE_ADDED dat=package: flg=0x4000010 (has extras) } from null (pid=1445, uid=1000) to com.safesys.viruskiller/.ScanPackageBroadcast
10-22 20:12:20.489  1445  1680 W BroadcastQueue: u0 Receiving a broadcast in packagecom.uc108.mobile.sdgj.bd1 requires a permissions review
10-22 20:12:20.489  1445  1680 W BroadcastQueue: Skipping delivery: permission review required for Intent { act=android.intent.action.PACKAGE_ADDED dat=package: flg=0x4000010 (has extras) } from null (pid=1445, uid=1000) to com.uc108.mobile.sdgj.bd1/com.baidu.tiebasdk.service.InstallReceiver
10-22 20:12:20.489  1445  1680 W BroadcastQueue: u0 Receiving a broadcast in packagecom.voicebianshengjinglingwc.wxl requires a permissions review
10-22 20:12:20.489  1445  1680 W BroadcastQueue: Skipping delivery: permission review required for Intent { act=android.intent.action.PACKAGE_ADDED dat=package: flg=0x4000010 (has extras) } from null (pid=1445, uid=1000) to com.voicebianshengjinglingwc.wxl/mp.ruu.Ztjjwrj
10-22 20:12:20.489  1445  1680 W BroadcastQueue: u0 Receiving a broadcast in packagecom.yoojar.zlsg.baidu requires a permissions review
10-22 20:12:20.489  1445  1680 W BroadcastQueue: Skipping delivery: permission review required for Intent { act=android.intent.action.PACKAGE_ADDED dat=package: flg=0x4000010 (has extras) } from null (pid=1445, uid=1000) to com.yoojar.zlsg.baidu/com.duoku.platform.download.broadcast.AppMonitorReceiver
10-22 20:12:20.489  1445  1680 W BroadcastQueue: u0 Receiving a broadcast in packageio.dcloud.H5BC6BF13 requires a permissions review
10-22 20:12:20.489  1445  1680 W BroadcastQueue: Skipping delivery: permission review required for Intent { act=android.intent.action.PACKAGE_ADDED dat=package: flg=0x4000010 (has extras) } from null (pid=1445, uid=1000) to io.dcloud.H5BC6BF13/io.dcloud.common.adapter.io.DownloadReceiver
10-22 20:12:20.513  1445  1828 E VerityUtils: Failed to measure fs-verity, errno 1: /data/app/~~pYWw3PxAVZS8GsQ9QujDyw==/cn.inssgame.paokugame-Pa813S_4C6zf0Rf88lWmyg==/base.apk
10-22 20:12:20.526  1445  2009 D CompatibilityChangeReporter: Compat change id reported: 218533173; UID 10264; state: DISABLED
10-22 20:12:20.534  1445  1679 W WindowMagnificationMgr: requestConnection duplicated request: connect=false, mConnectionState=DISCONNECTED
10-22 20:12:20.535  1445  4230 D CompatibilityChangeReporter: Compat change id reported: 161252188; UID 10264; state: DISABLED
10-22 20:12:20.547  1445  1445 I Telecom : DefaultDialerCache: Refreshing default dialer for user 0: now com.google.android.dialer: DDC.oR@CtU
10-22 20:12:20.549  1445  4177 W BackupTransportManager: Package cn.inssgame.paokugame enabled setting: 0
10-22 20:12:20.608  1445  1679 W PackageManager: Failed registering loading progress callback. Package is fully loaded.
10-22 20:12:20.620  1445  1679 W WindowMagnificationMgr: requestConnection duplicated request: connect=false, mConnectionState=DISCONNECTED
10-22 20:12:20.630  1445  5556 W BroadcastQueue: u0 Receiving a broadcast in packagecom.yoojar.zlsg.baidu requires a permissions review
10-22 20:12:20.630  1445  5556 W BroadcastQueue: Skipping delivery: permission review required for Intent { act=android.intent.action.PACKAGE_CHANGED dat=package: flg=0x5000010 (has extras) } from null (pid=1445, uid=1000) to com.yoojar.zlsg.baidu/com.duoku.platform.download.broadcast.AppMonitorReceiver
10-22 20:12:20.924  1445  1445 E NotificationService: Muting recently noisy 0|com.antivirus|1000|null|10197
10-22 20:12:21.095  1445  1698 D KernelCpuUidUserSysTimeReader: Removing uids 90011-90011
10-22 20:12:21.095  1445  1698 D KernelCpuUidUserSysTimeReader: Removing uids 90012-90012
10-22 20:12:21.095  1445  1698 D KernelCpuUidUserSysTimeReader: Removing uids 90013-90013
10-22 20:12:21.096  1445  1698 D KernelCpuUidUserSysTimeReader: Removing uids 90014-90014
10-22 20:12:21.096  1445  1698 D KernelCpuUidUserSysTimeReader: Removing uids 90015-90015
10-22 20:12:21.344  1445  1831 E PackageManager: ERROR: could not load root hash from incremental install
10-22 20:12:21.427  1445  1831 I PackageManager: Integrity check passed for file:///data/app/vmdl2043562406.tmp
10-22 20:12:21.626  1445  1667 V StorageManagerService: Package null has legacy storage
10-22 20:12:21.816  1445  1831 V BackupManagerService: [UserID:0] restoreAtInstall pkg=com.kascend.chushov token=63 restoreSet=0
10-22 20:12:21.816  1445  1831 V BackupManagerService: [UserID:0] Finishing install immediately
10-22 20:12:21.819  1445  1831 D PackageInstallerSession: Marking session 2043562406 as applied
10-22 20:12:21.822  1445  1831 D CompatibilityChangeReporter: Compat change id reported: 168419799; UID 10265; state: DISABLED
10-22 20:12:21.822  1445  1831 D CompatibilityChangeReporter: Compat change id reported: 273564678; UID 10265; state: DISABLED
10-22 20:12:21.836  1445  1445 I Telecom : DefaultDialerCache: Refreshing default dialer for user 0: now com.google.android.dialer: DDC.oR@Cto
10-22 20:12:21.839  1445  1445 V BackupManagerConstants: getFullBackupIntervalMilliseconds(...) returns 86400000
10-22 20:12:21.839  1445  1445 V BackupManagerConstants: getFullBackupRequiredNetworkType(...) returns 2
10-22 20:12:21.839  1445  1445 V BackupManagerConstants: getFullBackupRequireCharging(...) returns true
10-22 20:12:21.842  1445  3347 W BroadcastQueue: u0 Receiving a broadcast in packagecom.jr.narutoii requires a permissions review
10-22 20:12:21.843  1445  3347 W BroadcastQueue: Skipping delivery: permission review required for Intent { act=android.intent.action.PACKAGE_ADDED dat=package: flg=0x4000010 (has extras) } from null (pid=1445, uid=1000) to com.jr.narutoii/com.joyriver.engine.proxy.EngineReceiver
10-22 20:12:21.848  1445  1680 W BroadcastQueue: u0 Receiving a broadcast in packagecom.android.buyer requires a permissions review
10-22 20:12:21.848  1445  1680 W BroadcastQueue: Skipping delivery: permission review required for Intent { act=android.intent.action.PACKAGE_ADDED dat=package: flg=0x4000010 (has extras) } from null (pid=1445, uid=1000) to com.android.buyer/.mRve
10-22 20:12:21.851  1445  1680 W BroadcastQueue: Background execution not allowed: receiving Intent { act=android.intent.action.PACKAGE_ADDED dat=package: flg=0x4000010 (has extras) } to com.google.android.packageinstaller/com.android.packageinstaller.PackageInstalledReceiver
10-22 20:12:21.851  1445  1680 W BroadcastQueue: Background execution not allowed: receiving Intent { act=android.intent.action.PACKAGE_ADDED dat=package: flg=0x4000010 (has extras) } to com.android.vending/com.google.android.finsky.packagemonitor.impl.PackageMonitorReceiverImpl$RegisteredReceiver
10-22 20:12:21.851  1445  1680 W BroadcastQueue: Background execution not allowed: receiving Intent { act=android.intent.action.PACKAGE_ADDED dat=package: flg=0x4000010 (has extras) } to com.android.vending/com.google.android.finsky.packagemonitor.backgroundimpl.BackgroundPackageMonitorReceiverImpl$RegisteredReceiver
10-22 20:12:21.851  1445  1680 W BroadcastQueue: Background execution not allowed: receiving Intent { act=android.intent.action.PACKAGE_ADDED dat=package: flg=0x4000010 (has extras) } to com.google.android.gms/.games.chimera.GamesSystemBroadcastReceiverProxy
10-22 20:12:21.851  1445  1680 W BroadcastQueue: Background execution not allowed: receiving Intent { act=android.intent.action.PACKAGE_ADDED dat=package: flg=0x4000010 (has extras) } to com.google.android.gms/.gass.chimera.PackageChangeBroadcastReceiver
10-22 20:12:21.854  1445  1680 W BroadcastQueue: Background execution not allowed: receiving Intent { act=android.intent.action.PACKAGE_ADDED dat=package: flg=0x4000010 (has extras) } to com.google.android.gms/.chimera.GmsIntentOperationService$PersistentTrustedReceiver
10-22 20:12:21.860  1445  1680 W BroadcastQueue: u0 Receiving a broadcast in packagecom.cncd.japan.janli.shudu requires a permissions review
10-22 20:12:21.860  1445  1680 W BroadcastQueue: Skipping delivery: permission review required for Intent { act=android.intent.action.PACKAGE_ADDED dat=package: flg=0x4000010 (has extras) } from null (pid=1445, uid=1000) to com.cncd.japan.janli.shudu/net.l.k.r
10-22 20:12:21.860  1445  1680 W BroadcastQueue: u0 Receiving a broadcast in packagecom.cncd.japan.janli.shudu requires a permissions review
10-22 20:12:21.860  1445  1680 W BroadcastQueue: Skipping delivery: permission review required for Intent { act=android.intent.action.PACKAGE_ADDED dat=package: flg=0x4000010 (has extras) } from null (pid=1445, uid=1000) to com.cncd.japan.janli.shudu/com.feiwofour.coverscreen.SR
10-22 20:12:21.860  1445  1680 W BroadcastQueue: u0 Receiving a broadcast in packagecom.games.mengmeizhitd requires a permissions review
10-22 20:12:21.860  1445  1680 W BroadcastQueue: Skipping delivery: permission review required for Intent { act=android.intent.action.PACKAGE_ADDED dat=package: flg=0x4000010 (has extras) } from null (pid=1445, uid=1000) to com.games.mengmeizhitd/hjnw.ihjnw.i.isqly
10-22 20:12:21.860  1445  1680 W BroadcastQueue: u0 Receiving a broadcast in packagecom.hgperfko.yaeghrwx requires a permissions review
10-22 20:12:21.860  1445  1680 W BroadcastQueue: Skipping delivery: permission review required for Intent { act=android.intent.action.PACKAGE_ADDED dat=package: flg=0x4000010 (has extras) } from null (pid=1445, uid=1000) to com.hgperfko.yaeghrwx/.core.hLytdCQDBv
10-22 20:12:21.860  1445  1680 W BroadcastQueue: u0 Receiving a broadcast in packagecom.qiuqiu.dfmc requires a permissions review
10-22 20:12:21.860  1445  1680 W BroadcastQueue: Skipping delivery: permission review required for Intent { act=android.intent.action.PACKAGE_ADDED dat=package: flg=0x4000010 (has extras) } from null (pid=1445, uid=1000) to com.qiuqiu.dfmc/cn.jpush.android.service.PushReceiver
10-22 20:12:21.860  1445  1680 W BroadcastQueue: u0 Receiving a broadcast in packagecom.safesys.viruskiller requires a permissions review
10-22 20:12:21.860  1445  1680 W BroadcastQueue: Skipping delivery: permission review required for Intent { act=android.intent.action.PACKAGE_ADDED dat=package: flg=0x4000010 (has extras) } from null (pid=1445, uid=1000) to com.safesys.viruskiller/.ScanPackageBroadcast
10-22 20:12:21.860  1445  1680 W BroadcastQueue: u0 Receiving a broadcast in packagecom.uc108.mobile.sdgj.bd1 requires a permissions review
10-22 20:12:21.860  1445  1680 W BroadcastQueue: Skipping delivery: permission review required for Intent { act=android.intent.action.PACKAGE_ADDED dat=package: flg=0x4000010 (has extras) } from null (pid=1445, uid=1000) to com.uc108.mobile.sdgj.bd1/com.baidu.tiebasdk.service.InstallReceiver
10-22 20:12:21.860  1445  1680 W BroadcastQueue: u0 Receiving a broadcast in packagecom.voicebianshengjinglingwc.wxl requires a permissions review
10-22 20:12:21.860  1445  1680 W BroadcastQueue: Skipping delivery: permission review required for Intent { act=android.intent.action.PACKAGE_ADDED dat=package: flg=0x4000010 (has extras) } from null (pid=1445, uid=1000) to com.voicebianshengjinglingwc.wxl/mp.ruu.Ztjjwrj
10-22 20:12:21.860  1445  1680 W BroadcastQueue: u0 Receiving a broadcast in packagecom.yoojar.zlsg.baidu requires a permissions review
10-22 20:12:21.860  1445  1680 W BroadcastQueue: Skipping delivery: permission review required for Intent { act=android.intent.action.PACKAGE_ADDED dat=package: flg=0x4000010 (has extras) } from null (pid=1445, uid=1000) to com.yoojar.zlsg.baidu/com.duoku.platform.download.broadcast.AppMonitorReceiver
10-22 20:12:21.860  1445  1680 W BroadcastQueue: u0 Receiving a broadcast in packageio.dcloud.H5BC6BF13 requires a permissions review
10-22 20:12:21.860  1445  1680 W BroadcastQueue: Skipping delivery: permission review required for Intent { act=android.intent.action.PACKAGE_ADDED dat=package: flg=0x4000010 (has extras) } from null (pid=1445, uid=1000) to io.dcloud.H5BC6BF13/io.dcloud.common.adapter.io.DownloadReceiver
10-22 20:12:21.874  1445  1828 E VerityUtils: Failed to measure fs-verity, errno 1: /data/app/~~B6NBzbLZNQ3jmKu_5i0Smg==/com.kascend.chushov-NZJHtyUpDtGfHk13IH00ag==/base.apk
10-22 20:12:21.881  1445  2009 D CompatibilityChangeReporter: Compat change id reported: 218533173; UID 10265; state: DISABLED
10-22 20:12:21.883  1445  1679 W WindowMagnificationMgr: requestConnection duplicated request: connect=false, mConnectionState=DISCONNECTED
10-22 20:12:21.886  1445  5554 D CompatibilityChangeReporter: Compat change id reported: 161252188; UID 10265; state: DISABLED
10-22 20:12:21.894  1445  1445 I Telecom : DefaultDialerCache: Refreshing default dialer for user 0: now com.google.android.dialer: DDC.oR@Ctw
10-22 20:12:21.926  1445  4177 W BackupTransportManager: Package com.kascend.chushov enabled setting: 0
10-22 20:12:21.927  1445  5541 W BroadcastQueue: u0 Receiving a broadcast in packagecom.yoojar.zlsg.baidu requires a permissions review
10-22 20:12:21.927  1445  5541 W BroadcastQueue: Skipping delivery: permission review required for Intent { act=android.intent.action.PACKAGE_CHANGED dat=package: flg=0x5000010 (has extras) } from null (pid=1445, uid=1000) to com.yoojar.zlsg.baidu/com.duoku.platform.download.broadcast.AppMonitorReceiver
10-22 20:12:21.979  1445  1679 W PackageManager: Failed registering loading progress callback. Package is fully loaded.
10-22 20:12:21.988  1445  1679 W WindowMagnificationMgr: requestConnection duplicated request: connect=false, mConnectionState=DISCONNECTED
10-22 20:12:22.029  1445  1831 E PackageManager: ERROR: could not load root hash from incremental install
10-22 20:12:22.032  1445  2040 W PackageParsing: Ignoring duplicate uses-permissions/uses-permissions-sdk-m: android.permission.INTERNET in package: tfcqzk.lofst.hkgkaucmthtsmy at: Binary XML file line #10
10-22 20:12:22.043  1445  1831 I PackageManager: Integrity check passed for file:///data/app/vmdl1778526460.tmp
10-22 20:12:22.054  1445  1831 W PackageParsing: Ignoring duplicate uses-permissions/uses-permissions-sdk-m: android.permission.INTERNET in package: tfcqzk.lofst.hkgkaucmthtsmy at: Binary XML file line #10
10-22 20:12:22.154  1445  1667 V StorageManagerService: Package null does not have legacy storage
10-22 20:12:22.382  1445  1445 W NotificationHistory: Attempted to add notif for locked/gone/disabled user 0
10-22 20:12:22.500  1445  1831 V BackupManagerService: [UserID:0] restoreAtInstall pkg=tfcqzk.lofst.hkgkaucmthtsmy token=64 restoreSet=0
10-22 20:12:22.500  1445  1831 V BackupManagerService: [UserID:0] Finishing install immediately
10-22 20:12:22.505  1445  1831 D PackageInstallerSession: Marking session 1778526460 as applied
10-22 20:12:22.508  1445  1831 D CompatibilityChangeReporter: Compat change id reported: 168419799; UID 10266; state: DISABLED
10-22 20:12:22.508  1445  1831 D CompatibilityChangeReporter: Compat change id reported: 273564678; UID 10266; state: DISABLED
10-22 20:12:22.514  1445  1445 I Telecom : DefaultDialerCache: Refreshing default dialer for user 0: now com.google.android.dialer: DDC.oR@CuA
10-22 20:12:22.518  1445  1445 V BackupManagerConstants: getFullBackupIntervalMilliseconds(...) returns 86400000
10-22 20:12:22.518  1445  1445 V BackupManagerConstants: getFullBackupRequiredNetworkType(...) returns 2
10-22 20:12:22.518  1445  1445 V BackupManagerConstants: getFullBackupRequireCharging(...) returns true
10-22 20:12:22.527  1445  3211 W BroadcastQueue: u0 Receiving a broadcast in packagecom.jr.narutoii requires a permissions review
10-22 20:12:22.527  1445  3211 W BroadcastQueue: Skipping delivery: permission review required for Intent { act=android.intent.action.PACKAGE_ADDED dat=package: flg=0x4000010 (has extras) } from null (pid=1445, uid=1000) to com.jr.narutoii/com.joyriver.engine.proxy.EngineReceiver
10-22 20:12:22.534 19058 25636 W PackageParser: Ignoring duplicate uses-permissions/uses-permissions-sdk-m: android.permission.INTERNET in package: tfcqzk.lofst.hkgkaucmthtsmy at: Binary XML file line #10
10-22 20:12:22.536  1445  1680 W BroadcastQueue: u0 Receiving a broadcast in packagecom.android.buyer requires a permissions review
10-22 20:12:22.536  1445  1680 W BroadcastQueue: Skipping delivery: permission review required for Intent { act=android.intent.action.PACKAGE_ADDED dat=package: flg=0x4000010 (has extras) } from null (pid=1445, uid=1000) to com.android.buyer/.mRve
10-22 20:12:22.546  1445  2009 D CompatibilityChangeReporter: Compat change id reported: 218533173; UID 10266; state: DISABLED
10-22 20:12:22.549  1445  1680 W BroadcastQueue: Background execution not allowed: receiving Intent { act=android.intent.action.PACKAGE_ADDED dat=package: flg=0x4000010 (has extras) } to com.google.android.packageinstaller/com.android.packageinstaller.PackageInstalledReceiver
10-22 20:12:22.549  1445  1680 W BroadcastQueue: Background execution not allowed: receiving Intent { act=android.intent.action.PACKAGE_ADDED dat=package: flg=0x4000010 (has extras) } to com.android.vending/com.google.android.finsky.packagemonitor.impl.PackageMonitorReceiverImpl$RegisteredReceiver
10-22 20:12:22.549  1445  1680 W BroadcastQueue: Background execution not allowed: receiving Intent { act=android.intent.action.PACKAGE_ADDED dat=package: flg=0x4000010 (has extras) } to com.android.vending/com.google.android.finsky.packagemonitor.backgroundimpl.BackgroundPackageMonitorReceiverImpl$RegisteredReceiver
10-22 20:12:22.550  1445  1680 W BroadcastQueue: Background execution not allowed: receiving Intent { act=android.intent.action.PACKAGE_ADDED dat=package: flg=0x4000010 (has extras) } to com.google.android.gms/.games.chimera.GamesSystemBroadcastReceiverProxy
10-22 20:12:22.550  1445  1680 W BroadcastQueue: Background execution not allowed: receiving Intent { act=android.intent.action.PACKAGE_ADDED dat=package: flg=0x4000010 (has extras) } to com.google.android.gms/.gass.chimera.PackageChangeBroadcastReceiver
10-22 20:12:22.550  1445  1680 W BroadcastQueue: Background execution not allowed: receiving Intent { act=android.intent.action.PACKAGE_ADDED dat=package: flg=0x4000010 (has extras) } to com.google.android.gms/.chimera.GmsIntentOperationService$PersistentTrustedReceiver
10-22 20:12:22.550  1445  1680 W BroadcastQueue: u0 Receiving a broadcast in packagecom.cncd.japan.janli.shudu requires a permissions review
10-22 20:12:22.550  1445  1680 W BroadcastQueue: Skipping delivery: permission review required for Intent { act=android.intent.action.PACKAGE_ADDED dat=package: flg=0x4000010 (has extras) } from null (pid=1445, uid=1000) to com.cncd.japan.janli.shudu/net.l.k.r
10-22 20:12:22.550  1445  1680 W BroadcastQueue: u0 Receiving a broadcast in packagecom.cncd.japan.janli.shudu requires a permissions review
10-22 20:12:22.550  1445  1680 W BroadcastQueue: Skipping delivery: permission review required for Intent { act=android.intent.action.PACKAGE_ADDED dat=package: flg=0x4000010 (has extras) } from null (pid=1445, uid=1000) to com.cncd.japan.janli.shudu/com.feiwofour.coverscreen.SR
10-22 20:12:22.550  1445  1680 W BroadcastQueue: u0 Receiving a broadcast in packagecom.games.mengmeizhitd requires a permissions review
10-22 20:12:22.550  1445  1680 W BroadcastQueue: Skipping delivery: permission review required for Intent { act=android.intent.action.PACKAGE_ADDED dat=package: flg=0x4000010 (has extras) } from null (pid=1445, uid=1000) to com.games.mengmeizhitd/hjnw.ihjnw.i.isqly
10-22 20:12:22.550  1445  1680 W BroadcastQueue: u0 Receiving a broadcast in packagecom.hgperfko.yaeghrwx requires a permissions review
10-22 20:12:22.550  1445  1680 W BroadcastQueue: Skipping delivery: permission review required for Intent { act=android.intent.action.PACKAGE_ADDED dat=package: flg=0x4000010 (has extras) } from null (pid=1445, uid=1000) to com.hgperfko.yaeghrwx/.core.hLytdCQDBv
10-22 20:12:22.550  1445  1680 W BroadcastQueue: u0 Receiving a broadcast in packagecom.qiuqiu.dfmc requires a permissions review
