--------- beginning of system
10-24 23:45:20.148  1456  1843 E PackageManager: ERROR: could not load root hash from incremental install
10-24 23:45:20.152  1456  1685 D CompatibilityChangeReporter: Compat change id reported: 168419799; UID 10140; state: DISABLED
10-24 23:45:20.152  1456  1685 D CompatibilityChangeReporter: Compat change id reported: 273564678; UID 10140; state: DISABLED
10-24 23:45:20.163  1456  3205 D CompatibilityChangeReporter: Compat change id reported: 161145287; UID 10140; state: DISABLED
10-24 23:45:20.166  1456  2042 W PackageParsing: Ignoring duplicate uses-permissions/uses-permissions-sdk-m: android.permission.ACCESS_NETWORK_STATE in package: ch.nth.android.contentabo_l01_sim_univ at: Binary XML file line #26
10-24 23:45:20.169  1456  2042 D CompatibilityChangeReporter: Compat change id reported: 132742131; UID -1; state: DISABLED
10-24 23:45:20.203  1456  1843 I PackageManager: Integrity check passed for file:///data/app/vmdl1074438964.tmp
10-24 23:45:20.228  1456  1843 W PackageParsing: Ignoring duplicate uses-permissions/uses-permissions-sdk-m: android.permission.ACCESS_NETWORK_STATE in package: ch.nth.android.contentabo_l01_sim_univ at: Binary XML file line #26
10-24 23:45:20.240  1456  1843 D CompatibilityChangeReporter: Compat change id reported: 133396946; UID -1; state: DISABLED
10-24 23:45:20.254  1456  1843 I PackageManager: Permission ownership changed. Updating all permissions.
10-24 23:45:20.400  1456  5505 D OomAdjuster: Not killing cached processes
10-24 23:45:20.432  1456  1668 V StorageManagerService: Package null has legacy storage
10-24 23:45:20.485  1456  5498 W BroadcastQueue: Association not allowed: broadcasting Intent { act=com.google.android.gms.phenotype.UPDATE flg=0x10 pkg=com.google.android.as (has extras) } from com.google.android.gms (pid=13642, uid=10134) to com.google.android.as/com.google.android.libraries.phenotype.client.stable.PhenotypeUpdateBackgroundBroadcastReceiver
10-24 23:45:20.508  1456  5498 I ActivityManager: com.android.vending is exempt from freezer
10-24 23:45:20.509  1456  5498 D CompatibilityChangeReporter: Compat change id reported: 135634846; UID 10140; state: DISABLED
10-24 23:45:20.509  1456  5498 D CompatibilityChangeReporter: Compat change id reported: 177438394; UID 10140; state: DISABLED
10-24 23:45:20.509  1456  5498 D CompatibilityChangeReporter: Compat change id reported: 135772972; UID 10140; state: DISABLED
10-24 23:45:20.509  1456  5498 D CompatibilityChangeReporter: Compat change id reported: 135754954; UID 10140; state: ENABLED
10-24 23:45:20.509  1456  1686 D CompatibilityChangeReporter: Compat change id reported: 143937733; UID 10140; state: ENABLED
10-24 23:45:20.534  1456  1686 I ActivityManager: Start proc 16074:com.android.vending:instant_app_installer/u0a140 for broadcast {com.android.vending/com.google.android.finsky.instantapps.PhenotypeUpdateReceiver}
10-24 23:45:20.665  1456  5505 D CompatibilityChangeReporter: Compat change id reported: 194532703; UID 10140; state: ENABLED
10-24 23:45:20.703  1456  1843 V BackupManagerService: [UserID:0] restoreAtInstall pkg=ch.nth.android.contentabo_l01_sim_univ token=6 restoreSet=0
10-24 23:45:20.703  1456  1843 V BackupManagerService: [UserID:0] Finishing install immediately
10-24 23:45:20.705  1456  1843 D PackageInstallerSession: Marking session 1074438964 as applied
10-24 23:45:20.708  1456  1843 D CompatibilityChangeReporter: Compat change id reported: 168419799; UID 10196; state: DISABLED
10-24 23:45:20.708  1456  1843 D CompatibilityChangeReporter: Compat change id reported: 273564678; UID 10196; state: DISABLED
10-24 23:45:20.712  1456  2919 D CompatibilityChangeReporter: Compat change id reported: 218533173; UID 10196; state: DISABLED
10-24 23:45:20.717  1456  1456 I Telecom : DefaultDialerCache: Refreshing default dialer for user 0: now com.google.android.dialer: DDC.oR@Anc
10-24 23:45:20.719  1456  1456 V BackupManagerConstants: getFullBackupIntervalMilliseconds(...) returns 86400000
10-24 23:45:20.719  1456  1456 V BackupManagerConstants: getFullBackupRequiredNetworkType(...) returns 2
10-24 23:45:20.719  1456  1456 V BackupManagerConstants: getFullBackupRequireCharging(...) returns true
10-24 23:45:20.739  1456  1684 W WindowMagnificationMgr: requestConnection duplicated request: connect=false, mConnectionState=DISCONNECTED
10-24 23:45:20.792  1456  1456 I Telecom : DefaultDialerCache: Refreshing default dialer for user 0: now com.google.android.dialer: DDC.oR@Ang
10-24 23:45:20.795  1456  4169 W BackupTransportManager: Package ch.nth.android.contentabo_l01_sim_univ enabled setting: 0
10-24 23:45:20.799  1456  1684 W PackageManager: Failed registering loading progress callback. Package is fully loaded.
10-24 23:45:20.807  1456  1684 W WindowMagnificationMgr: requestConnection duplicated request: connect=false, mConnectionState=DISCONNECTED
10-24 23:45:20.889  1456  1843 E PackageManager: ERROR: could not load root hash from incremental install
10-24 23:45:20.905  1456  4023 D CompatibilityChangeReporter: Compat change id reported: 161252188; UID 10196; state: DISABLED
10-24 23:45:20.912  1456  5510 D CompatibilityChangeReporter: Compat change id reported: 161145287; UID 10140; state: DISABLED
10-24 23:45:20.956  1456  1843 I PackageManager: Integrity check passed for file:///data/app/vmdl998422373.tmp
10-24 23:45:21.023  1456  1840 E VerityUtils: Failed to measure fs-verity, errno 1: /data/app/~~v3AlaTBp9wYFyt4dkdwQBA==/ch.nth.android.contentabo_l01_sim_univ-2BKxPwrEOTJPTt-oXwcsJg==/base.apk
10-24 23:45:21.030  1456  1668 V StorageManagerService: Package null has legacy storage
10-24 23:45:21.073  1456  5510 W AppOps  : setUidMode() called with a mode inconsistent with runtime permission state, this is discouraged and you should revoke the runtime permission instead: uid=10125, switchCode=0, mode=4, permission=android.permission.ACCESS_BACKGROUND_LOCATION
10-24 23:45:21.134  1456  1843 V BackupManagerService: [UserID:0] restoreAtInstall pkg=lakshmidevi.lakshmimata.laxmidoorlockscreen6 token=7 restoreSet=0
10-24 23:45:21.135  1456  1843 V BackupManagerService: [UserID:0] Finishing install immediately
10-24 23:45:21.137  1456  1843 D PackageInstallerSession: Marking session 998422373 as applied
10-24 23:45:21.143  1456  1843 D CompatibilityChangeReporter: Compat change id reported: 168419799; UID 10197; state: DISABLED
10-24 23:45:21.143  1456  1843 D CompatibilityChangeReporter: Compat change id reported: 273564678; UID 10197; state: DISABLED
10-24 23:45:21.148  1456  2919 D CompatibilityChangeReporter: Compat change id reported: 218533173; UID 10197; state: DISABLED
10-24 23:45:21.162  1456  1456 I Telecom : DefaultDialerCache: Refreshing default dialer for user 0: now com.google.android.dialer: DDC.oR@Ans
10-24 23:45:21.168  1456  1684 W WindowMagnificationMgr: requestConnection duplicated request: connect=false, mConnectionState=DISCONNECTED
10-24 23:45:21.193  1456  1684 W PackageManager: Failed registering loading progress callback. Package is fully loaded.
10-24 23:45:21.198  1456  1456 I Telecom : DefaultDialerCache: Refreshing default dialer for user 0: now com.google.android.dialer: DDC.oR@An4
10-24 23:45:21.198  1456  4169 W BackupTransportManager: Package lakshmidevi.lakshmimata.laxmidoorlockscreen6 enabled setting: 0
10-24 23:45:21.201  1456  1684 W WindowMagnificationMgr: requestConnection duplicated request: connect=false, mConnectionState=DISCONNECTED
10-24 23:45:21.217  1456  4023 W AppOps  : setUidMode() called with a mode inconsistent with runtime permission state, this is discouraged and you should revoke the runtime permission instead: uid=10125, switchCode=1, mode=4, permission=android.permission.ACCESS_BACKGROUND_LOCATION
10-24 23:45:21.226  1456  1840 E VerityUtils: Failed to measure fs-verity, errno 1: /data/app/~~DTtkr5w0vB9P0yB0KTcixw==/lakshmidevi.lakshmimata.laxmidoorlockscreen6-wB7Dsj8zq-OG6zlTRHplRw==/base.apk
10-24 23:45:21.233  1456  5510 W AppOps  : setUidMode() called with a mode inconsistent with runtime permission state, this is discouraged and you should revoke the runtime permission instead: uid=10125, switchCode=0, mode=4, permission=android.permission.ACCESS_BACKGROUND_LOCATION
10-24 23:45:21.236  1456  1986 D CompatibilityChangeReporter: Compat change id reported: 161252188; UID 10197; state: DISABLED
10-24 23:45:21.283  1456  1843 E PackageManager: ERROR: could not load root hash from incremental install
10-24 23:45:21.290  1456  1685 D CompatibilityChangeReporter: Compat change id reported: 168419799; UID 10140; state: DISABLED
10-24 23:45:21.290  1456  1685 D CompatibilityChangeReporter: Compat change id reported: 273564678; UID 10140; state: DISABLED
10-24 23:45:21.293  1456  1843 I PackageManager: Integrity check passed for file:///data/app/vmdl2108042988.tmp
10-24 23:45:21.446  1456  1843 V BackupManagerService: [UserID:0] restoreAtInstall pkg=com.example.eroplayer token=8 restoreSet=0
10-24 23:45:21.446  1456  1843 V BackupManagerService: [UserID:0] Finishing install immediately
10-24 23:45:21.448  1456  1843 D PackageInstallerSession: Marking session 2108042988 as applied
10-24 23:45:21.452  1456  1843 D CompatibilityChangeReporter: Compat change id reported: 168419799; UID 10198; state: DISABLED
10-24 23:45:21.452  1456  1843 D CompatibilityChangeReporter: Compat change id reported: 273564678; UID 10198; state: DISABLED
10-24 23:45:21.457  1456  2919 D CompatibilityChangeReporter: Compat change id reported: 218533173; UID 10198; state: DISABLED
10-24 23:45:21.460  1456  1456 I Telecom : DefaultDialerCache: Refreshing default dialer for user 0: now com.google.android.dialer: DDC.oR@An8
10-24 23:45:21.465  1456  1456 V BackupManagerConstants: getFullBackupIntervalMilliseconds(...) returns 86400000
10-24 23:45:21.465  1456  1456 V BackupManagerConstants: getFullBackupRequiredNetworkType(...) returns 2
10-24 23:45:21.465  1456  1456 V BackupManagerConstants: getFullBackupRequireCharging(...) returns true
10-24 23:45:21.469  1456  1684 W WindowMagnificationMgr: requestConnection duplicated request: connect=false, mConnectionState=DISCONNECTED
10-24 23:45:21.481  1456  1456 I Telecom : DefaultDialerCache: Refreshing default dialer for user 0: now com.google.android.dialer: DDC.oR@AoA
10-24 23:45:21.518  1456  1840 E VerityUtils: Failed to measure fs-verity, errno 1: /data/app/~~RHXIUi3bB2djYB1-i7ljZw==/com.example.eroplayer-U-ot1kdDyCKJ2VlILunnpg==/base.apk
10-24 23:45:21.522  1456  5505 D CompatibilityChangeReporter: Compat change id reported: 161252188; UID 10198; state: DISABLED
10-24 23:45:21.531  1456  1684 W PackageManager: Failed registering loading progress callback. Package is fully loaded.
10-24 23:45:21.537  1456  1684 W WindowMagnificationMgr: requestConnection duplicated request: connect=false, mConnectionState=DISCONNECTED
10-24 23:45:21.539  1456  4169 W BackupTransportManager: Package com.example.eroplayer enabled setting: 0
10-24 23:45:21.643  1456  1843 E PackageManager: ERROR: could not load root hash from incremental install
10-24 23:45:21.648  1456  2042 W PackageParsing: Ignoring duplicate uses-permissions/uses-permissions-sdk-m: android.permission.CHANGE_NETWORK_STATE in package: com.game.tangguo at: Binary XML file line #15
10-24 23:45:21.648  1456  2042 W PackageParsing: Ignoring duplicate uses-permissions/uses-permissions-sdk-m: android.permission.RECEIVE_SMS in package: com.game.tangguo at: Binary XML file line #16
10-24 23:45:21.648  1456  2042 W PackageParsing: Ignoring duplicate uses-permissions/uses-permissions-sdk-m: android.permission.READ_PHONE_STATE in package: com.game.tangguo at: Binary XML file line #17
10-24 23:45:21.648  1456  2042 W PackageParsing: Ignoring duplicate uses-permissions/uses-permissions-sdk-m: android.permission.CHANGE_WIFI_STATE in package: com.game.tangguo at: Binary XML file line #18
10-24 23:45:21.648  1456  2042 W PackageParsing: Ignoring duplicate uses-permissions/uses-permissions-sdk-m: android.permission.ACCESS_WIFI_STATE in package: com.game.tangguo at: Binary XML file line #19
10-24 23:45:21.648  1456  2042 W PackageParsing: Ignoring duplicate uses-permissions/uses-permissions-sdk-m: android.permission.ACCESS_NETWORK_STATE in package: com.game.tangguo at: Binary XML file line #20
10-24 23:45:21.648  1456  2042 W PackageParsing: Ignoring duplicate uses-permissions/uses-permissions-sdk-m: android.permission.RESTART_PACKAGES in package: com.game.tangguo at: Binary XML file line #21
10-24 23:45:21.648  1456  2042 W PackageParsing: Ignoring duplicate uses-permissions/uses-permissions-sdk-m: android.permission.WRITE_EXTERNAL_STORAGE in package: com.game.tangguo at: Binary XML file line #22
10-24 23:45:21.648  1456  2042 W PackageParsing: Ignoring duplicate uses-permissions/uses-permissions-sdk-m: android.permission.SEND_SMS in package: com.game.tangguo at: Binary XML file line #23
10-24 23:45:21.667  1456  1843 I PackageManager: Integrity check passed for file:///data/app/vmdl548116521.tmp
10-24 23:45:21.675  1456  1843 W PackageParsing: Ignoring duplicate uses-permissions/uses-permissions-sdk-m: android.permission.CHANGE_NETWORK_STATE in package: com.game.tangguo at: Binary XML file line #15
10-24 23:45:21.675  1456  1843 W PackageParsing: Ignoring duplicate uses-permissions/uses-permissions-sdk-m: android.permission.RECEIVE_SMS in package: com.game.tangguo at: Binary XML file line #16
10-24 23:45:21.676  1456  1843 W PackageParsing: Ignoring duplicate uses-permissions/uses-permissions-sdk-m: android.permission.READ_PHONE_STATE in package: com.game.tangguo at: Binary XML file line #17
10-24 23:45:21.676  1456  1843 W PackageParsing: Ignoring duplicate uses-permissions/uses-permissions-sdk-m: android.permission.CHANGE_WIFI_STATE in package: com.game.tangguo at: Binary XML file line #18
10-24 23:45:21.676  1456  1843 W PackageParsing: Ignoring duplicate uses-permissions/uses-permissions-sdk-m: android.permission.ACCESS_WIFI_STATE in package: com.game.tangguo at: Binary XML file line #19
10-24 23:45:21.676  1456  1843 W PackageParsing: Ignoring duplicate uses-permissions/uses-permissions-sdk-m: android.permission.ACCESS_NETWORK_STATE in package: com.game.tangguo at: Binary XML file line #20
10-24 23:45:21.676  1456  1843 W PackageParsing: Ignoring duplicate uses-permissions/uses-permissions-sdk-m: android.permission.RESTART_PACKAGES in package: com.game.tangguo at: Binary XML file line #21
10-24 23:45:21.676  1456  1843 W PackageParsing: Ignoring duplicate uses-permissions/uses-permissions-sdk-m: android.permission.WRITE_EXTERNAL_STORAGE in package: com.game.tangguo at: Binary XML file line #22
10-24 23:45:21.676  1456  1843 W PackageParsing: Ignoring duplicate uses-permissions/uses-permissions-sdk-m: android.permission.SEND_SMS in package: com.game.tangguo at: Binary XML file line #23
10-24 23:45:21.690  1456  3204 W BroadcastQueue: Background execution not allowed: receiving Intent { act=com.google.android.chimera.MODULE_CONFIGURATION_CHANGED flg=0x10 (has extras) } to com.google.android.gms/.chimera.GmsIntentOperationService$PersistentInternalReceiver
10-24 23:45:21.761  1456  1668 V StorageManagerService: Package null has legacy storage
10-24 23:45:21.766  1456  5245 W BroadcastQueue: Background execution not allowed: receiving Intent { act=com.google.android.chimera.MODULE_CONFIGURATION_CHANGED flg=0x10 (has extras) } to com.google.android.gms/.chimera.GmsIntentOperationService$PersistentInternalReceiver
10-24 23:45:21.772  1456  5245 W BroadcastQueue: Background execution not allowed: receiving Intent { act=com.google.android.chimera.MODULE_CONFIGURATION_CHANGED flg=0x10 (has extras) } to com.google.android.gms/.chimera.GmsIntentOperationService$PersistentInternalReceiver
10-24 23:45:21.857  1456  5501 W AppOps  : setUidMode() called with a mode inconsistent with runtime permission state, this is discouraged and you should revoke the runtime permission instead: uid=10125, switchCode=0, mode=4, permission=android.permission.ACCESS_BACKGROUND_LOCATION
10-24 23:45:21.865  1456  4030 I ActivityManager: Background started FGS: Allowed [callingPackage: com.google.android.apps.wellbeing; callingUid: 10121; uidState: BFGS; intent: Intent { cmp=com.google.android.apps.wellbeing/com.google.apps.tiktok.concurrent.InternalForegroundService (has extras) }; code:BACKGROUND_ACTIVITY_PERMISSION; tempAllowListReason:<null>; targetSdkVersion:33; callerTargetSdkVersion:33; startForegroundCount:0; bindFromPackage:null]
10-24 23:45:21.920  1456  1843 V BackupManagerService: [UserID:0] restoreAtInstall pkg=com.game.tangguo token=9 restoreSet=0
10-24 23:45:21.921  1456  5245 W AppOps  : setUidMode() called with a mode inconsistent with runtime permission state, this is discouraged and you should revoke the runtime permission instead: uid=10125, switchCode=1, mode=4, permission=android.permission.ACCESS_BACKGROUND_LOCATION
10-24 23:45:21.921  1456  1843 V BackupManagerService: [UserID:0] Finishing install immediately
10-24 23:45:21.922  1456  4030 W AppOps  : setUidMode() called with a mode inconsistent with runtime permission state, this is discouraged and you should revoke the runtime permission instead: uid=10125, switchCode=0, mode=4, permission=android.permission.ACCESS_BACKGROUND_LOCATION
10-24 23:45:21.923  1456  1843 D PackageInstallerSession: Marking session 548116521 as applied
10-24 23:45:21.926  1456  1843 D CompatibilityChangeReporter: Compat change id reported: 168419799; UID 10199; state: DISABLED
10-24 23:45:21.926  1456  1843 D CompatibilityChangeReporter: Compat change id reported: 273564678; UID 10199; state: DISABLED
10-24 23:45:21.933  1456  2919 D CompatibilityChangeReporter: Compat change id reported: 218533173; UID 10199; state: DISABLED
10-24 23:45:21.935  1456  1456 I Telecom : DefaultDialerCache: Refreshing default dialer for user 0: now com.google.android.dialer: DDC.oR@AoM
10-24 23:45:21.941  1456  1456 V BackupManagerConstants: getFullBackupIntervalMilliseconds(...) returns 86400000
10-24 23:45:21.941  1456  1456 V BackupManagerConstants: getFullBackupRequiredNetworkType(...) returns 2
10-24 23:45:21.941  1456  1456 V BackupManagerConstants: getFullBackupRequireCharging(...) returns true
10-24 23:45:21.964  1456  1840 E VerityUtils: Failed to measure fs-verity, errno 1: /data/app/~~dXrDf-GTmJEl_YD6Lq3p7A==/com.game.tangguo-sICa5YyvBbTGCHHHTbM9mw==/base.apk
10-24 23:45:21.978  1456  5499 D CompatibilityChangeReporter: Compat change id reported: 161252188; UID 10199; state: DISABLED
10-24 23:45:21.998  1456  1456 I Telecom : DefaultDialerCache: Refreshing default dialer for user 0: now com.google.android.dialer: DDC.oR@AoQ
10-24 23:45:22.005  1456  4169 W BackupTransportManager: Package com.game.tangguo enabled setting: 0
10-24 23:45:22.016  1456  1684 W WindowMagnificationMgr: requestConnection duplicated request: connect=false, mConnectionState=DISCONNECTED
10-24 23:45:22.073  1456  1684 W PackageManager: Failed registering loading progress callback. Package is fully loaded.
10-24 23:45:22.080  1456  1684 W WindowMagnificationMgr: requestConnection duplicated request: connect=false, mConnectionState=DISCONNECTED
10-24 23:45:22.111  1456  1843 E PackageManager: ERROR: could not load root hash from incremental install
10-24 23:45:22.128  1456  1843 I PackageManager: Integrity check passed for file:///data/app/vmdl385256005.tmp
10-24 23:45:22.183  1456  1668 V StorageManagerService: Package null has legacy storage
10-24 23:45:22.369  1456  5499 I ActivityManager: Background started FGS: Allowed [callingPackage: com.google.android.apps.wellbeing; callingUid: 10121; uidState: BFGS; intent: Intent { cmp=com.google.android.apps.wellbeing/com.google.apps.tiktok.concurrent.InternalForegroundService (has extras) }; code:BACKGROUND_ACTIVITY_PERMISSION; tempAllowListReason:<null>; targetSdkVersion:33; callerTargetSdkVersion:33; startForegroundCount:0; bindFromPackage:null]
10-24 23:45:22.370  1456  1843 V BackupManagerService: [UserID:0] restoreAtInstall pkg=test.root0911 token=a restoreSet=0
10-24 23:45:22.370  1456  1843 V BackupManagerService: [UserID:0] Finishing install immediately
10-24 23:45:22.372  1456  1843 D PackageInstallerSession: Marking session 385256005 as applied
10-24 23:45:22.388  1456  1843 D CompatibilityChangeReporter: Compat change id reported: 168419799; UID 10200; state: DISABLED
10-24 23:45:22.388  1456  1843 D CompatibilityChangeReporter: Compat change id reported: 273564678; UID 10200; state: DISABLED
10-24 23:45:22.392  1456  2919 D CompatibilityChangeReporter: Compat change id reported: 218533173; UID 10200; state: DISABLED
10-24 23:45:22.406  1456  1456 I Telecom : DefaultDialerCache: Refreshing default dialer for user 0: now com.google.android.dialer: DDC.oR@Aoc
10-24 23:45:22.416  1456  1456 V BackupManagerConstants: getFullBackupIntervalMilliseconds(...) returns 86400000
10-24 23:45:22.416  1456  1456 V BackupManagerConstants: getFullBackupRequiredNetworkType(...) returns 2
10-24 23:45:22.417  1456  1456 V BackupManagerConstants: getFullBackupRequireCharging(...) returns true
10-24 23:45:22.438  1456  1840 E VerityUtils: Failed to measure fs-verity, errno 1: /data/app/~~9ktLIfxRVfwupe3WA8WYcw==/test.root0911-lv8AKD5wuGiZaHPYs-t3jw==/base.apk
10-24 23:45:22.439  1456  1684 W WindowMagnificationMgr: requestConnection duplicated request: connect=false, mConnectionState=DISCONNECTED
10-24 23:45:22.459  1456  5510 D CompatibilityChangeReporter: Compat change id reported: 161252188; UID 10200; state: DISABLED
10-24 23:45:22.470  1456  1456 I Telecom : DefaultDialerCache: Refreshing default dialer for user 0: now com.google.android.dialer: DDC.oR@Aoo
10-24 23:45:22.471  1456  4169 W BackupTransportManager: Package test.root0911 enabled setting: 0
10-24 23:45:22.542  1456  1684 W PackageManager: Failed registering loading progress callback. Package is fully loaded.
10-24 23:45:22.545  1456  1843 E PackageManager: ERROR: could not load root hash from incremental install
10-24 23:45:22.549  1456  1684 W WindowMagnificationMgr: requestConnection duplicated request: connect=false, mConnectionState=DISCONNECTED
10-24 23:45:22.565  1456  1843 I PackageManager: Integrity check passed for file:///data/app/vmdl536339952.tmp
10-24 23:45:22.575  1456  1456 I NotificationService: Cannot find enqueued record for key: 0|com.google.android.apps.wellbeing|174344743|null|10121
10-24 23:45:22.656  1456  1668 V StorageManagerService: Package null has legacy storage
10-24 23:45:22.666  1456  1843 V BackupManagerService: [UserID:0] restoreAtInstall pkg=com.ck.services token=b restoreSet=0
10-24 23:45:22.666  1456  1843 V BackupManagerService: [UserID:0] Finishing install immediately
10-24 23:45:22.668  1456  1843 D PackageInstallerSession: Marking session 536339952 as applied
10-24 23:45:22.669  1456  1843 D CompatibilityChangeReporter: Compat change id reported: 168419799; UID 10201; state: DISABLED
10-24 23:45:22.669  1456  1843 D CompatibilityChangeReporter: Compat change id reported: 273564678; UID 10201; state: DISABLED
10-24 23:45:22.678  1456  2919 D CompatibilityChangeReporter: Compat change id reported: 218533173; UID 10201; state: DISABLED
10-24 23:45:22.679  1456  1456 I Telecom : DefaultDialerCache: Refreshing default dialer for user 0: now com.google.android.dialer: DDC.oR@Ao0
10-24 23:45:22.684  1456  1456 V BackupManagerConstants: getFullBackupIntervalMilliseconds(...) returns 86400000
10-24 23:45:22.684  1456  1456 V BackupManagerConstants: getFullBackupRequiredNetworkType(...) returns 2
10-24 23:45:22.684  1456  1456 V BackupManagerConstants: getFullBackupRequireCharging(...) returns true
10-24 23:45:22.688  1456  1684 W WindowMagnificationMgr: requestConnection duplicated request: connect=false, mConnectionState=DISCONNECTED
10-24 23:45:22.729  1456  1840 E VerityUtils: Failed to measure fs-verity, errno 1: /data/app/~~ywLC9mysxrRYEX_8xdyxHQ==/com.ck.services-JBE32toBOMxm9kb_9iOvaQ==/base.apk
10-24 23:45:22.729  1456  1456 I Telecom : DefaultDialerCache: Refreshing default dialer for user 0: now com.google.android.dialer: DDC.oR@ApA
10-24 23:45:22.730  1456  4169 W BackupTransportManager: Package com.ck.services enabled setting: 0
10-24 23:45:22.762  1456  1684 W PackageManager: Failed registering loading progress callback. Package is fully loaded.
10-24 23:45:22.788  1456  1684 W WindowMagnificationMgr: requestConnection duplicated request: connect=false, mConnectionState=DISCONNECTED
10-24 23:45:22.810  1456  1843 E PackageManager: ERROR: could not load root hash from incremental install
10-24 23:45:22.839  1456  2042 W PackageParsing: No actions in intent-filter at /data/app/vmdl2133464755.tmp/base.apk Binary XML file line #56
10-24 23:45:22.849  1456  1843 I PackageManager: Integrity check passed for file:///data/app/vmdl2133464755.tmp
10-24 23:45:22.862  1456  1843 W PackageParsing: No actions in intent-filter at /data/app/vmdl2133464755.tmp/base.apk Binary XML file line #56
10-24 23:45:22.933  1456  1668 V StorageManagerService: Package null has legacy storage
10-24 23:45:22.960  1456  3204 W AppOps  : setUidMode() called with a mode inconsistent with runtime permission state, this is discouraged and you should revoke the runtime permission instead: uid=10125, switchCode=0, mode=4, permission=android.permission.ACCESS_BACKGROUND_LOCATION
10-24 23:45:23.031  1456  3205 W AppOps  : setUidMode() called with a mode inconsistent with runtime permission state, this is discouraged and you should revoke the runtime permission instead: uid=10125, switchCode=1, mode=4, permission=android.permission.ACCESS_BACKGROUND_LOCATION
10-24 23:45:23.034  1456  3205 W AppOps  : setUidMode() called with a mode inconsistent with runtime permission state, this is discouraged and you should revoke the runtime permission instead: uid=10125, switchCode=0, mode=4, permission=android.permission.ACCESS_BACKGROUND_LOCATION
10-24 23:45:23.073  1456  1843 V BackupManagerService: [UserID:0] restoreAtInstall pkg=com.google.service token=c restoreSet=0
10-24 23:45:23.074  1456  1843 V BackupManagerService: [UserID:0] Finishing install immediately
10-24 23:45:23.075  1456  1843 D PackageInstallerSession: Marking session 2133464755 as applied
10-24 23:45:23.079  1456  1843 D CompatibilityChangeReporter: Compat change id reported: 168419799; UID 10202; state: DISABLED
10-24 23:45:23.080  1456  1843 D CompatibilityChangeReporter: Compat change id reported: 273564678; UID 10202; state: DISABLED
10-24 23:45:23.084  1456  2919 D CompatibilityChangeReporter: Compat change id reported: 218533173; UID 10202; state: DISABLED
10-24 23:45:23.088  1456  1456 I Telecom : DefaultDialerCache: Refreshing default dialer for user 0: now com.google.android.dialer: DDC.oR@ApE
10-24 23:45:23.111  1456  1456 I Telecom : DefaultDialerCache: Refreshing default dialer for user 0: now com.google.android.dialer: DDC.oR@ApI
10-24 23:45:23.125  1456  1684 W WindowMagnificationMgr: requestConnection duplicated request: connect=false, mConnectionState=DISCONNECTED
10-24 23:45:23.143  1456  4169 W BackupTransportManager: Package com.google.service enabled setting: 0
10-24 23:45:23.153  1456  3207 D CompatibilityChangeReporter: Compat change id reported: 161252188; UID 10202; state: DISABLED
10-24 23:45:23.163  1456  1684 W PackageManager: Failed registering loading progress callback. Package is fully loaded.
10-24 23:45:23.171  1456  1843 E PackageManager: ERROR: could not load root hash from incremental install
10-24 23:45:23.172  1456  1840 E VerityUtils: Failed to measure fs-verity, errno 1: /data/app/~~R5rssuY-DHuDR9AQ6ZF9vA==/com.google.service-q7eiMwql9vSDy9--N-R0vQ==/base.apk
10-24 23:45:23.172  1456  1684 W WindowMagnificationMgr: requestConnection duplicated request: connect=false, mConnectionState=DISCONNECTED
10-24 23:45:23.195  1456  1843 I PackageManager: Integrity check passed for file:///data/app/vmdl1740469862.tmp
10-24 23:45:23.452  1456  1843 V BackupManagerService: [UserID:0] restoreAtInstall pkg=com.android.buyer token=d restoreSet=0
10-24 23:45:23.453  1456  1843 V BackupManagerService: [UserID:0] Finishing install immediately
10-24 23:45:23.456  1456  1843 D PackageInstallerSession: Marking session 1740469862 as applied
10-24 23:45:23.466  1456  1843 D CompatibilityChangeReporter: Compat change id reported: 168419799; UID 10203; state: DISABLED
10-24 23:45:23.466  1456  1843 D CompatibilityChangeReporter: Compat change id reported: 273564678; UID 10203; state: DISABLED
10-24 23:45:23.471  1456  2919 D CompatibilityChangeReporter: Compat change id reported: 218533173; UID 10203; state: DISABLED
10-24 23:45:23.476  1456  1456 I Telecom : DefaultDialerCache: Refreshing default dialer for user 0: now com.google.android.dialer: DDC.oR@ApU
10-24 23:45:23.482  1456  1456 V BackupManagerConstants: getFullBackupIntervalMilliseconds(...) returns 86400000
10-24 23:45:23.482  1456  1456 V BackupManagerConstants: getFullBackupRequiredNetworkType(...) returns 2
10-24 23:45:23.482  1456  1456 V BackupManagerConstants: getFullBackupRequireCharging(...) returns true
10-24 23:45:23.508  1456  1456 I Telecom : DefaultDialerCache: Refreshing default dialer for user 0: now com.google.android.dialer: DDC.oR@ApY
10-24 23:45:23.534  1456  5497 D CompatibilityChangeReporter: Compat change id reported: 161252188; UID 10203; state: DISABLED
10-24 23:45:23.545  1456  4169 W BackupTransportManager: Package com.android.buyer enabled setting: 0
10-24 23:45:23.570  1456  1840 E VerityUtils: Failed to measure fs-verity, errno 1: /data/app/~~PzMJ2OW9wsKFnxErrungNQ==/com.android.buyer-SdSJFnyOtSIpUZVoY2V-nQ==/base.apk
10-24 23:45:23.624 12367 15656 W PackageParser: Ignoring duplicate uses-permissions/uses-permissions-sdk-m: android.permission.ACCESS_NETWORK_STATE in package: ch.nth.android.contentabo_l01_sim_univ at: Binary XML file line #26
10-24 23:45:23.632  1456  1684 W WindowMagnificationMgr: requestConnection duplicated request: connect=false, mConnectionState=DISCONNECTED
10-24 23:45:23.640  1456  1843 E PackageManager: ERROR: could not load root hash from incremental install
10-24 23:45:23.642  1456  2042 W PackageParsing: No actions in intent-filter at /data/app/vmdl1613644302.tmp/base.apk Binary XML file line #9
10-24 23:45:23.655  1456  1843 I PackageManager: Integrity check passed for file:///data/app/vmdl1613644302.tmp
10-24 23:45:23.665  1456  1843 W PackageParsing: No actions in intent-filter at /data/app/vmdl1613644302.tmp/base.apk Binary XML file line #9
10-24 23:45:23.724  1456  1684 W PackageManager: Failed registering loading progress callback. Package is fully loaded.
10-24 23:45:23.725  1456  1668 V StorageManagerService: Package null has legacy storage
10-24 23:45:23.743  1456  1684 W WindowMagnificationMgr: requestConnection duplicated request: connect=false, mConnectionState=DISCONNECTED
10-24 23:45:23.790  1456  5498 D SystemServerTiming: getUserSwitchability-0
10-24 23:45:23.790  1456  5498 D SystemServerTiming: TM.isInCall
10-24 23:45:23.790  1456  5502 D SystemServerTiming: getUserSwitchability-0
10-24 23:45:23.790  1456  5502 D SystemServerTiming: TM.isInCall
10-24 23:45:23.790  1456  5498 D SystemServerTiming: hasUserRestriction-DISALLOW_USER_SWITCH
10-24 23:45:23.790  1456  5498 D SystemServerTiming: getInt-ALLOW_USER_SWITCHING_WHEN_SYSTEM_USER_LOCKED
10-24 23:45:23.790  1456  5498 D SystemServerTiming: isUserUnlocked-USER_SYSTEM
10-24 23:45:23.790  1456  5502 D SystemServerTiming: hasUserRestriction-DISALLOW_USER_SWITCH
10-24 23:45:23.790  1456  5502 D SystemServerTiming: getInt-ALLOW_USER_SWITCHING_WHEN_SYSTEM_USER_LOCKED
10-24 23:45:23.790  1456  5502 D SystemServerTiming: isUserUnlocked-USER_SYSTEM
10-24 23:45:23.836  1456  1567 W AppOps  : setUidMode() called with a mode inconsistent with runtime permission state, this is discouraged and you should revoke the runtime permission instead: uid=10125, switchCode=0, mode=4, permission=android.permission.ACCESS_BACKGROUND_LOCATION
10-24 23:45:23.863  1456  1843 V BackupManagerService: [UserID:0] restoreAtInstall pkg=cgf.rqemaoif.cwgc3_hbtprvd_hjb token=e restoreSet=0
10-24 23:45:23.864  1456  1843 V BackupManagerService: [UserID:0] Finishing install immediately
10-24 23:45:23.866  1456  1843 D PackageInstallerSession: Marking session 1613644302 as applied
10-24 23:45:23.875  1456  1843 D CompatibilityChangeReporter: Compat change id reported: 168419799; UID 10204; state: DISABLED
10-24 23:45:23.875  1456  1843 D CompatibilityChangeReporter: Compat change id reported: 273564678; UID 10204; state: DISABLED
10-24 23:45:23.887  1456  2919 D CompatibilityChangeReporter: Compat change id reported: 218533173; UID 10204; state: DISABLED
10-24 23:45:23.890  1456  1456 I Telecom : DefaultDialerCache: Refreshing default dialer for user 0: now com.google.android.dialer: DDC.oR@Aps
10-24 23:45:23.897  1456  1684 W WindowMagnificationMgr: requestConnection duplicated request: connect=false, mConnectionState=DISCONNECTED
10-24 23:45:23.901  1456  1456 V BackupManagerConstants: getFullBackupIntervalMilliseconds(...) returns 86400000
10-24 23:45:23.901  1456  1456 V BackupManagerConstants: getFullBackupRequiredNetworkType(...) returns 2
10-24 23:45:23.901  1456  1456 V BackupManagerConstants: getFullBackupRequireCharging(...) returns true
10-24 23:45:23.909  1456  1456 I Telecom : DefaultDialerCache: Refreshing default dialer for user 0: now com.google.android.dialer: DDC.oR@Apw
10-24 23:45:23.930  1456  1840 E VerityUtils: Failed to measure fs-verity, errno 1: /data/app/~~di5g9suuTKE_zkfd5WkeHw==/cgf.rqemaoif.cwgc3_hbtprvd_hjb-kWZrsh0ir8QLRU8Xc2QAAQ==/base.apk
10-24 23:45:23.934  1456  1684 W PackageManager: Failed registering loading progress callback. Package is fully loaded.
10-24 23:45:23.946  1456  5503 D CompatibilityChangeReporter: Compat change id reported: 161252188; UID 10204; state: DISABLED
10-24 23:45:23.964  1456  4169 W BackupTransportManager: Package cgf.rqemaoif.cwgc3_hbtprvd_hjb enabled setting: 0
10-24 23:45:24.027  1456  5503 W AppOps  : setUidMode() called with a mode inconsistent with runtime permission state, this is discouraged and you should revoke the runtime permission instead: uid=10125, switchCode=1, mode=4, permission=android.permission.ACCESS_BACKGROUND_LOCATION
10-24 23:45:24.030  1456  5503 W AppOps  : setUidMode() called with a mode inconsistent with runtime permission state, this is discouraged and you should revoke the runtime permission instead: uid=10125, switchCode=0, mode=4, permission=android.permission.ACCESS_BACKGROUND_LOCATION
10-24 23:45:24.039  1456  1684 W WindowMagnificationMgr: requestConnection duplicated request: connect=false, mConnectionState=DISCONNECTED
10-24 23:45:24.090  1456  1843 E PackageManager: ERROR: could not load root hash from incremental install
10-24 23:45:24.125  1456  1843 I PackageManager: Integrity check passed for file:///data/app/vmdl117586401.tmp
10-24 23:45:24.208  1456  1668 V StorageManagerService: Package null has legacy storage
10-24 23:45:24.214  1456  1567 I ActivityManager: Background started FGS: Allowed [callingPackage: com.google.android.apps.wellbeing; callingUid: 10121; uidState: BFGS; intent: Intent { cmp=com.google.android.apps.wellbeing/com.google.apps.tiktok.concurrent.InternalForegroundService (has extras) }; code:BACKGROUND_ACTIVITY_PERMISSION; tempAllowListReason:<null>; targetSdkVersion:33; callerTargetSdkVersion:33; startForegroundCount:0; bindFromPackage:null]
10-24 23:45:24.366  1456  1843 V BackupManagerService: [UserID:0] restoreAtInstall pkg=com.talkweb.ycya.free token=f restoreSet=0
10-24 23:45:24.367  1456  1843 V BackupManagerService: [UserID:0] Finishing install immediately
10-24 23:45:24.369  1456  1843 D PackageInstallerSession: Marking session 117586401 as applied
10-24 23:45:24.372  1456  1843 D CompatibilityChangeReporter: Compat change id reported: 168419799; UID 10205; state: DISABLED
10-24 23:45:24.373  1456  1843 D CompatibilityChangeReporter: Compat change id reported: 273564678; UID 10205; state: DISABLED
10-24 23:45:24.377  1456  2919 D CompatibilityChangeReporter: Compat change id reported: 218533173; UID 10205; state: DISABLED
10-24 23:45:24.387  1456  1456 I Telecom : DefaultDialerCache: Refreshing default dialer for user 0: now com.google.android.dialer: DDC.oR@Ap8
10-24 23:45:24.393  1456  1456 V BackupManagerConstants: getFullBackupIntervalMilliseconds(...) returns 86400000
10-24 23:45:24.393  1456  1456 V BackupManagerConstants: getFullBackupRequiredNetworkType(...) returns 2
10-24 23:45:24.393  1456  1456 V BackupManagerConstants: getFullBackupRequireCharging(...) returns true
10-24 23:45:24.408  1456  1456 I Telecom : DefaultDialerCache: Refreshing default dialer for user 0: now com.google.android.dialer: DDC.oR@AqA
10-24 23:45:24.425  1456  1684 W WindowMagnificationMgr: requestConnection duplicated request: connect=false, mConnectionState=DISCONNECTED
10-24 23:45:24.425  1456  1456 I NotificationService: Cannot find enqueued record for key: 0|com.google.android.apps.wellbeing|174344743|null|10121
10-24 23:45:24.436  1456  1840 E VerityUtils: Failed to measure fs-verity, errno 1: /data/app/~~2_Hw1wrxoYu0fT_nHWhngA==/com.talkweb.ycya.free-irL8gQlAlBUoBm4PZHTtqQ==/base.apk
10-24 23:45:24.457  1456  5245 D CompatibilityChangeReporter: Compat change id reported: 161252188; UID 10205; state: DISABLED
10-24 23:45:24.475  1456  4169 W BackupTransportManager: Package com.talkweb.ycya.free enabled setting: 0
10-24 23:45:24.497  1456  1684 W PackageManager: Failed registering loading progress callback. Package is fully loaded.
10-24 23:45:24.507  1456  1684 W WindowMagnificationMgr: requestConnection duplicated request: connect=false, mConnectionState=DISCONNECTED
10-24 23:45:24.528  1456  1843 E PackageManager: ERROR: could not load root hash from incremental install
10-24 23:45:24.550  1456  1843 I PackageManager: Integrity check passed for file:///data/app/vmdl1150893741.tmp
10-24 23:45:24.630  1456  1668 V StorageManagerService: Package null has legacy storage
10-24 23:45:24.768  1456  1843 V BackupManagerService: [UserID:0] restoreAtInstall pkg=com.keji.danti420 token=10 restoreSet=0
10-24 23:45:24.768  1456  1843 V BackupManagerService: [UserID:0] Finishing install immediately
10-24 23:45:24.771  1456  1843 D PackageInstallerSession: Marking session 1150893741 as applied
10-24 23:45:24.776  1456  1843 D CompatibilityChangeReporter: Compat change id reported: 168419799; UID 10206; state: DISABLED
10-24 23:45:24.776  1456  1843 D CompatibilityChangeReporter: Compat change id reported: 273564678; UID 10206; state: DISABLED
10-24 23:45:24.779  1456  2919 D CompatibilityChangeReporter: Compat change id reported: 218533173; UID 10206; state: DISABLED
10-24 23:45:24.788  1456  1456 I Telecom : DefaultDialerCache: Refreshing default dialer for user 0: now com.google.android.dialer: DDC.oR@AqU
10-24 23:45:24.798  1456  1456 V BackupManagerConstants: getFullBackupIntervalMilliseconds(...) returns 86400000
10-24 23:45:24.799  1456  1456 V BackupManagerConstants: getFullBackupRequiredNetworkType(...) returns 2
10-24 23:45:24.799  1456  1456 V BackupManagerConstants: getFullBackupRequireCharging(...) returns true
10-24 23:45:24.814  1456  1456 I Telecom : DefaultDialerCache: Refreshing default dialer for user 0: now com.google.android.dialer: DDC.oR@AqY
10-24 23:45:24.821  1456  1684 W WindowMagnificationMgr: requestConnection duplicated request: connect=false, mConnectionState=DISCONNECTED
10-24 23:45:24.835  1456  1840 E VerityUtils: Failed to measure fs-verity, errno 1: /data/app/~~MhyLDekCkEF1JjOhNra7Bg==/com.keji.danti420-dMM4UvddV_zVo7DhIi9jmQ==/base.apk
10-24 23:45:24.855  1456  4169 W BackupTransportManager: Package com.keji.danti420 enabled setting: 0
10-24 23:45:24.857  1456  4023 D CompatibilityChangeReporter: Compat change id reported: 161252188; UID 10206; state: DISABLED
10-24 23:45:24.897  1456  1684 W PackageManager: Failed registering loading progress callback. Package is fully loaded.
10-24 23:45:24.904  1456  1684 W WindowMagnificationMgr: requestConnection duplicated request: connect=false, mConnectionState=DISCONNECTED
10-24 23:45:24.914  1456  1843 E PackageManager: ERROR: could not load root hash from incremental install
10-24 23:45:24.927  1456  1843 I PackageManager: Integrity check passed for file:///data/app/vmdl938541942.tmp
10-24 23:45:24.946  1456  4023 W AppOps  : setUidMode() called with a mode inconsistent with runtime permission state, this is discouraged and you should revoke the runtime permission instead: uid=10125, switchCode=0, mode=4, permission=android.permission.ACCESS_BACKGROUND_LOCATION
10-24 23:45:25.029  1456  1668 V StorageManagerService: Package null has legacy storage
10-24 23:45:25.050  1456  5506 I RescueParty: Starting to observe: [android], updated namespace: lmkd_native
10-24 23:45:25.051  1456  1684 I PackageWatchdog: Syncing state, reason: observing new packages
10-24 23:45:25.051  1456  1684 D PackageWatchdog: rescue-party-observer added the following packages to monitor [android]
10-24 23:45:25.051  1456  1684 I PackageWatchdog: Syncing state, reason: updated observers
10-24 23:45:25.051  1456  1684 I PackageWatchdog: Not pruning observers, elapsed time: 0ms
10-24 23:45:25.051  1456  1684 I PackageWatchdog: Saving observer state to file
10-24 23:45:25.056  1456  1456 I PackageWatchdog: Syncing health check requests for packages: {}
10-24 23:45:25.056  1456  1456 I ExplicitHealthCheckController: Service not ready to get health check supported packages. Binding...
10-24 23:45:25.059  1456  1456 I ExplicitHealthCheckController: Explicit health check service is bound
10-24 23:45:25.061  1456  1456 I ExplicitHealthCheckController: Explicit health check service is connected ComponentInfo{android.ext.services/android.ext.services.watchdog.ExplicitHealthCheckServiceImpl}
10-24 23:45:25.061  1456  1456 I ExplicitHealthCheckController: Service initialized, syncing requests
10-24 23:45:25.061  1456  1456 I PackageWatchdog: Syncing health check requests for packages: {}
10-24 23:45:25.061  1456  1456 D ExplicitHealthCheckController: Getting health check supported packages
10-24 23:45:25.063  1456  3206 I ExplicitHealthCheckController: Explicit health check supported packages [PackageConfig{com.android.networkstack, 86400000}]
10-24 23:45:25.063  1456  3206 D PackageWatchdog: Received supported packages [PackageConfig{com.android.networkstack, 86400000}]
10-24 23:45:25.063  1456  3206 D ExplicitHealthCheckController: Getting health check requested packages
10-24 23:45:25.063  1456  3206 I ExplicitHealthCheckController: Explicit health check requested packages []
10-24 23:45:25.063  1456  3206 I ExplicitHealthCheckController: No more health check requests, unbinding...
10-24 23:45:25.064  1456  3206 I ExplicitHealthCheckController: Explicit health check service is unbound
10-24 23:45:25.124  1456  3206 I RescueParty: Starting to observe: [android], updated namespace: configuration
10-24 23:45:25.125  1456  1684 I PackageWatchdog: Syncing state, reason: observing new packages
10-24 23:45:25.125  1456  1684 D PackageWatchdog: rescue-party-observer added the following packages to monitor [android]
10-24 23:45:25.125  1456  1684 I PackageWatchdog: Syncing state, reason: updated observers
10-24 23:45:25.125  1456  1684 I PackageWatchdog: Not pruning observers, elapsed time: 0ms
10-24 23:45:25.125  1456  1684 I PackageWatchdog: Saving observer state to file
10-24 23:45:25.135  1456  1456 I PackageWatchdog: Syncing health check requests for packages: {}
10-24 23:45:25.136  1456  1456 I ExplicitHealthCheckController: Service not ready to get health check supported packages. Binding...
10-24 23:45:25.144  1456  1456 I ExplicitHealthCheckController: Explicit health check service is bound
10-24 23:45:25.146  1456 12505 E SettingsToPropertiesMapper: adservices/disable_sdk_sandbox,adservices/enforce_broadcast_receiver_restrictions,adservices/fledge_ad_selection_enforce_foreground_status_custom_audience,adservices/fledge_custom_audience_max_count,adservices/fledge_custom_audience_max_num_ads,adservices/fledge_custom_audience_max_owner_count,adservices/fledge_custom_audience_per_app_max_count,adservices/fledge_js_isolate_enforce_max_heap_size,adservices/fledge_js_isolate_max_heap_size_bytes,adservices/sdk_request_permits_per_second,adservices/sdksandbox_customized_sdk_context_enabled,configuration/namespace_to_package_mapping,constrain_display_apis/always_constrain_display_apis,constrain_display_apis/never_constrain_display_apis,constrain_display_apis/never_constrain_display_apis_all_packages,device_policy_manager/disable_resources_updatability,flipendo/default_savings_mode_launch,flipendo/essential_apps,flipendo/flipendo_enabled_launch,flipendo/grayscale_enabled_launch,flipendo/lever_ble_scanning_enabled_launch,flipendo/lever_hotspot_enabled_launch,flipendo/lever_work_profile_enabled_launch,flipendo/resuspend_delay_minutes,namespace/key,namespace1/key1,namespace1/key2,namespace2/key1,namespace2/key2,package_manager_service/incfs_default_timeouts,package_manager_service/known_digesters_list,privacy/location_access_check_periodic_interval_millis,rollback/enable_rollback_timeout,rollback/watchdog_explicit_health_check_enabled,rollback/watchdog_request_timeout_millis,rollback/watchdog_trigger_failure_count,rollback/watchdog_trigger_failure_duration_millis,rollback_boot/rollback_lifetime_in_millis,systemui/nas_generate_actions,systemui/nas_generate_replies,systemui/nas_max_messages_to_extract,systemui/nas_max_suggestions,testspace/another,testspace/flagname,textclassifier/config_updater_model_enabled,textclassifier/key,textclassifier/key2,textclassifier/manifest_url_annotator_en,textclassifier/manifest_url_annotator_ru,textclassifier/model_download_backoff_delay_in_millis,textclassifier/model_download_manager_enabled,textclassifier/multi_language_support_enabled,textclassifier/testing_locale_list_override,textclassifier/textclassifier_service_package_override,window_manager/enable_default_rescind_bal_privileges_from_pending_intent_sender,wrong/nas_generate_replies, exceeds system property max length.
10-24 23:45:25.153  1456  1456 W NotificationHistory: Attempted to add notif for locked/gone/disabled user 0
10-24 23:45:25.154  1456  5500 W AppOps  : setUidMode() called with a mode inconsistent with runtime permission state, this is discouraged and you should revoke the runtime permission instead: uid=10125, switchCode=1, mode=4, permission=android.permission.ACCESS_BACKGROUND_LOCATION
10-24 23:45:25.155  1456  1456 I ExplicitHealthCheckController: Explicit health check service is connected ComponentInfo{android.ext.services/android.ext.services.watchdog.ExplicitHealthCheckServiceImpl}
10-24 23:45:25.155  1456  1456 I ExplicitHealthCheckController: Service initialized, syncing requests
10-24 23:45:25.156  1456  1456 I PackageWatchdog: Syncing health check requests for packages: {}
10-24 23:45:25.156  1456  1456 D ExplicitHealthCheckController: Getting health check supported packages
10-24 23:45:25.159  1456  5500 I ExplicitHealthCheckController: Explicit health check supported packages [PackageConfig{com.android.networkstack, 86400000}]
10-24 23:45:25.159  1456  5500 D PackageWatchdog: Received supported packages [PackageConfig{com.android.networkstack, 86400000}]
10-24 23:45:25.159  1456  5500 D ExplicitHealthCheckController: Getting health check requested packages
10-24 23:45:25.159  1456  5500 I ExplicitHealthCheckController: Explicit health check requested packages []
10-24 23:45:25.159  1456  5500 I ExplicitHealthCheckController: No more health check requests, unbinding...
10-24 23:45:25.162  1456  5500 I ExplicitHealthCheckController: Explicit health check service is unbound
10-24 23:45:25.165  1456  3209 W AppOps  : setUidMode() called with a mode inconsistent with runtime permission state, this is discouraged and you should revoke the runtime permission instead: uid=10125, switchCode=0, mode=4, permission=android.permission.ACCESS_BACKGROUND_LOCATION
10-24 23:45:25.193  1456  5506 I RescueParty: Starting to observe: [com.google.android.flipendo, com.android.bluetooth.bthelper, com.android.vending, com.android.networkstack, android, com.google.android.as, com.android.touch.gestures, co.aospa.sense, com.google.android.setupwizard, com.android.keychain, com.google.android.gms, com.google.android.gsf, android.ext.services, com.google.android.apps.nexuslauncher, com.android.settings, com.google.android.settings.intelligence, org.lineageos.settings, com.google.android.apps.wallpaper, com.android.phone, com.android.shell, com.android.providers.media.module, com.android.systemui, com.android.permissioncontroller, com.android.bluetooth, com.android.providers.contacts], updated namespace: privacy
10-24 23:45:25.193  1456  1684 I PackageWatchdog: Syncing state, reason: observing new packages
10-24 23:45:25.193  1456  1684 D PackageWatchdog: rescue-party-observer added the following packages to monitor [com.google.android.flipendo, com.android.bluetooth.bthelper, com.android.vending, com.android.networkstack, android, com.google.android.as, com.android.touch.gestures, co.aospa.sense, com.google.android.setupwizard, com.android.keychain, com.google.android.gms, com.google.android.gsf, android.ext.services, com.google.android.apps.nexuslauncher, com.android.settings, com.google.android.settings.intelligence, org.lineageos.settings, com.google.android.apps.wallpaper, com.android.phone, com.android.shell, com.android.providers.media.module, com.android.systemui, com.android.permissioncontroller, com.android.bluetooth, com.android.providers.contacts]
10-24 23:45:25.193  1456  1684 I PackageWatchdog: Syncing state, reason: updated observers
10-24 23:45:25.193  1456  1684 I PackageWatchdog: Not pruning observers, elapsed time: 0ms
10-24 23:45:25.193  1456  1684 I PackageWatchdog: Saving observer state to file
10-24 23:45:25.206  1456  1456 I PackageWatchdog: Syncing health check requests for packages: {}
