10-24 23:46:11.775 14821 16170 I Blockstore: [DataStoreImpl] Keyless data not found or its IsLastInstallationData = false. [CONTEXT service_id=258 ]
10-24 23:46:11.776 14821 16170 I Dck     : (REDACTED) doesDeviceHaveSupportedWirelessCapabilities: wccSysProp:%d, wccMendel:%d, deviceWccOverride:%s
10-24 23:46:11.776 14821 16170 I Dck     : (REDACTED) isDckModuleEligible: isAtLeastR:%s, hasWccSupport:%s, downloadAllowed:%s
10-24 23:46:11.776 14821 16170 W Dck     : Dck module not eligible for asynchronous downloading [CONTEXT service_id=289 ]
10-24 23:46:11.780 14821 14821 D BoundBrokerSvc: onBind: Intent { act=com.google.android.gms.common.BIND_SHARED_PREFS pkg=com.google.android.gms }
10-24 23:46:11.780 14821 14821 D BoundBrokerSvc: Loading bound service for intent: Intent { act=com.google.android.gms.common.BIND_SHARED_PREFS pkg=com.google.android.gms }
10-24 23:46:11.787 13642 16147 I Fitness : (REDACTED) OnPackageChangedOperation got intent: %s
10-24 23:46:11.788  1456  1986 D CompatibilityChangeReporter: Compat change id reported: 161252188; UID 10290; state: DISABLED
10-24 23:46:11.799  1456  1843 E PackageManager: ERROR: could not load root hash from incremental install
10-24 23:46:11.799 13619 13619 I Finsky  : [2] ahtk.c(44): Do not start WearSupportService due to Wear service optimization
10-24 23:46:11.805 13619 13619 I Finsky  : [2] abcr.f(9): Clearing split related stale data.
10-24 23:46:11.808  1456  1684 W WindowMagnificationMgr: requestConnection duplicated request: connect=false, mConnectionState=DISCONNECTED
10-24 23:46:11.810 13619 13619 I Finsky  : [2] ahfk.c(66): VerifyApps: Install-time verification requested for package kmfci.ydec.kcsftc.sdy, id = 100
10-24 23:46:11.810 13619 16162 I Finsky  : [759] koh.a(433): Asset module storage cleared for package segment.coral.blanket.
10-24 23:46:11.811 14821 14821 D BoundBrokerSvc: onUnbind: Intent { act=com.google.android.gms.common.BIND_SHARED_PREFS pkg=com.google.android.gms }
10-24 23:46:11.811 13619 16164 I Finsky  : [761] kwj.aew(124): [ContentSync] finished, scheduled=false
10-24 23:46:11.815 13619 16126 I Finsky  : [754] ozy.run(202): Wrote row to frosting DB: 464
10-24 23:46:11.815  1456  1843 I PackageManager: Integrity check passed for file:///data/app/vmdl1775514439.tmp
10-24 23:46:11.817 13642 13867 W ChimeraUtils: Module com.google.android.gms.nearby_en missing resource null(0)
10-24 23:46:11.820 13619 13734 I Finsky  : [592] kbc.a(53): AIM: AppInfoManager-Perf > OnDeviceAppInfo > cacheHitCount=1, cacheMissCount=0. Missed  in cache (limit 10) : []
10-24 23:46:11.821 13619 13734 I Finsky  : [592] jyw.apply(885): AIM: Got app ownership map. App counts: . Unique apps: 0
10-24 23:46:11.821 13619 13734 I Finsky  : [592] kay.a(202): AIM: AppInfoManager-Perf > ItemModel > CacheSize=35, cacheHitCount=0, cacheMissCount=0, total appsWithNoServerDataCount=2. Missed  in cache (limit 10) : []
10-24 23:46:11.827 13642 13867 W ChimeraUtils: Module com.google.android.gms.nearby_en missing resource null(0)
10-24 23:46:11.828 13619 16059 I Finsky  : [752] VerifyAppsInstallTask.akn(58): VerifyApps: Anti-malware verification task started for package=kmfci.ydec.kcsftc.sdy
10-24 23:46:11.830 13619 13734 I Finsky  : [592] jfy.accept(156): AIM: AppInfoManager-Perf > getApps > data collection finished
10-24 23:46:11.830 13619 13734 I Finsky  : [592] jpa.run(615): AIM: AppInfoManager-Perf > maybeDestroyAppInfoManager is called. actives = 2
10-24 23:46:11.831 13619 13734 I Finsky  : [592] kay.a(202): AIM: AppInfoManager-Perf > ItemModel > CacheSize=35, cacheHitCount=0, cacheMissCount=0, total appsWithNoServerDataCount=2. Missed  in cache (limit 10) : []
10-24 23:46:11.831 13642 16135 I Fitness : (REDACTED) FitCleanupIntentOperation received Intent %s
10-24 23:46:11.832 13619 16059 I Finsky  : [752] VerifyAppsInstallTask.akn(270): VerifyApps: Skipping verification. Disabled by user setting
10-24 23:46:11.832 13619 16059 I Finsky  : [752] VerifyAppsInstallTask.akn(726): VerifyApps: Skipping anti malware verification (preconditions not met). package=kmfci.ydec.kcsftc.sdy
10-24 23:46:11.835 13619 16059 E Finsky  : [752] VerifyPerSourceInstallationConsentInstallTask.d(20): Package name null is not an installed package
10-24 23:46:11.837 13619 16059 I Finsky  : [752] VerifyPerSourceInstallationConsentInstallTask.akn(231): PSIC verification started with installer uid: 2000 package name: null, originating uid: -1
10-24 23:46:11.839 13619 16059 I Finsky  : [752] VerifyInstallTask.i(29): VerifyApps: Returning package verification result id=100, result=ALLOW
10-24 23:46:11.841 13619 13619 I Finsky  : [2] VerifyInstallTask.akm(53): VerifyApps: Verification complete: id=100, package_name=kmfci.ydec.kcsftc.sdy
10-24 23:46:11.844  3503  3503 D CarrierSvcBindHelper: onPackageAdded: segment.coral.blanket
10-24 23:46:11.844  3503  3503 D CarrierSvcBindHelper: No carrier app for: 0
10-24 23:46:11.844  3503  3503 D CarrierSvcBindHelper: No carrier app for: 1
10-24 23:46:11.845  3503  3503 E VvmPkgInstalledRcvr: cannot create TelephonyManager from ComponentInfo{com.android.phone/com.android.services.telephony.TelephonyConnectionService}, E, UserHandle{0}
10-24 23:46:11.865 14821 17015 I Icing   : Indexing com.google.android.gms-apps from com.google.android.gms
10-24 23:46:11.875 13642 17422 W ChimeraUtils: Module com.google.android.gms.nearby_en missing resource null(0)
10-24 23:46:11.955  1456  1684 W PackageManager: Failed registering loading progress callback. Package is fully loaded.
10-24 23:46:11.957  1456  1668 V StorageManagerService: Package null has legacy storage
10-24 23:46:11.964  4531  4553 I MediaProvider: Invalidating LocalCallingIdentity cache for package kmfci.ydec.kcsftc.sdy. Reason: op android:read_external_storage
10-24 23:46:11.966 13642 17422 W ChimeraUtils: Module com.google.android.gms.nearby_en missing resource null(0)
10-24 23:46:11.980  1456  1843 W ziparchive: Unable to open '/data/app/~~mZJAgc-ilLDtR7gkxJANsw==/kmfci.ydec.kcsftc.sdy-t616r53NBm2aeeGJNHqzYw==/base.dm': No such file or directory
10-24 23:46:11.980  1456  1843 I PackageDexOptimizer: Running dexopt (dexoptNeeded=1) on: /data/app/~~mZJAgc-ilLDtR7gkxJANsw==/kmfci.ydec.kcsftc.sdy-t616r53NBm2aeeGJNHqzYw==/base.apk pkg=kmfci.ydec.kcsftc.sdy isa=arm dexoptFlags=boot_complete,profile_guided,public,enable_hidden_api_checks targetFilter=speed-profile oatDir=/data/app/~~mZJAgc-ilLDtR7gkxJANsw==/kmfci.ydec.kcsftc.sdy-t616r53NBm2aeeGJNHqzYw==/oat classLoaderContext=PCL[]{PCL[/system/framework/android.test.base.jar]#PCL[/system/framework/org.apache.http.legacy.jar]}
10-24 23:46:11.980  1456  1684 W WindowMagnificationMgr: requestConnection duplicated request: connect=false, mConnectionState=DISCONNECTED
10-24 23:46:11.981  1099  1099 V installd: DexInv: --- BEGIN '/data/app/~~mZJAgc-ilLDtR7gkxJANsw==/kmfci.ydec.kcsftc.sdy-t616r53NBm2aeeGJNHqzYw==/base.apk' ---
10-24 23:46:11.981  1099  1099 V installd: Running /apex/com.android.art/bin/dex2oat64 in=base.apk out=/data/app/~~mZJAgc-ilLDtR7gkxJANsw==/kmfci.ydec.kcsftc.sdy-t616r53NBm2aeeGJNHqzYw==/oat/arm/base.odex
10-24 23:46:11.983  4171  4171 I AiAiEcho: EchoSearch: AppFetcherImpl is initialized with [120] apps [time=17, reason=segment.coral.blanket is added]
10-24 23:46:11.985 19174 19174 W libprocessgroup: Failed to open /dev/blkio/background/tasks: No such file or directory
10-24 23:46:11.985 19174 19174 V libprocessgroup: Applying profile action SetCgroup failed
10-24 23:46:11.999 19174 19174 I dex2oat64: /apex/com.android.art/bin/dex2oat64 --input-vdex-fd=-1 --output-vdex-fd=10 --classpath-dir=/data/app/~~mZJAgc-ilLDtR7gkxJANsw==/kmfci.ydec.kcsftc.sdy-t616r53NBm2aeeGJNHqzYw== --class-loader-context=PCL[]{PCL[/system/framework/android.test.base.jar]#PCL[/system/framework/org.apache.http.legacy.jar]} --compact-dex-level=none --compiler-filter=speed-profile --compilation-reason=install --max-image-block-size=524288 --resolve-startup-const-strings=true --generate-mini-debug-info
10-24 23:46:11.999  1456  2022 I RoleService: Granting default roles...
10-24 23:46:12.004 19174 19174 W dex2oat64: ART APEX data files are untrusted.
10-24 23:46:12.005  3503  3503 D CarrierSvcBindHelper: onPackageModified: segment.coral.blanket
10-24 23:46:12.006  3503  3503 D CarrierSvcBindHelper: No carrier app for: 0
10-24 23:46:12.007  3503  3503 D CarrierSvcBindHelper: No carrier app for: 1
10-24 23:46:12.007  3503  3503 D ImsResolver: maybeAddedImsService, packageName: segment.coral.blanket
10-24 23:46:12.012  3503  3503 D ImsResolver: maybeAddedImsService, packageName: segment.coral.blanket
10-24 23:46:12.019  3150 16131 W Role    : Cannot get ApplicationInfo for default holder: com.android.settings.intelligence
10-24 23:46:12.023  3150 16131 W Role    : Default holder doesn't have required signing certificate: com.google.android.apps.work.clouddpc:23962F4B43B9857638EA66F4D419518EAE282491ACDA4B94707BD59003C45E58
10-24 23:46:12.033  4171  4488 I AiAiEcho: EchoSearch: WidgetFetcherImpl is initialized with [22] widgets [reason=package added for userId: 0]
10-24 23:46:12.034  4171  4488 W AiAiEcho: SmartspaceNotificationPredictor no parser can handle this notification or notification is invalid
10-24 23:46:12.035 14821 17015 I Icing   : Indexing done com.google.android.gms-apps
10-24 23:46:12.036 14821 17015 I Icing   : Indexing com.google.android.gms-apps from com.google.android.gms
10-24 23:46:12.036 14821 17015 I Icing   : Indexing done com.google.android.gms-apps
10-24 23:46:12.062  3150 16131 W Role    : Cannot get ApplicationInfo for default holder: com.google.android.apps.photos
10-24 23:46:12.063  3150 16131 W Role    : Cannot get ApplicationInfo for default holder: com.google.android.odad
10-24 23:46:12.099 19174 19174 I dex2oat64: dex2oat took 102.692ms (112.584ms cpu) (threads: 8) arena alloc=0B (0B) java alloc=386KB (395920B) native alloc=1694KB (1735664B) free=1489KB (1524752B)
10-24 23:46:12.104  1099  1099 V installd: DexInv: --- END '/data/app/~~mZJAgc-ilLDtR7gkxJANsw==/kmfci.ydec.kcsftc.sdy-t616r53NBm2aeeGJNHqzYw==/base.apk' (success) ---
10-24 23:46:12.105  1456  1843 V BackupManagerService: [UserID:0] restoreAtInstall pkg=kmfci.ydec.kcsftc.sdy token=65 restoreSet=0
10-24 23:46:12.105  1456  1843 V BackupManagerService: [UserID:0] Finishing install immediately
10-24 23:46:12.107  1456  1843 D PackageInstallerSession: Marking session 1775514439 as applied
10-24 23:46:12.107  1099  1099 E installd: Couldn't opendir /data/app/vmdl1775514439.tmp: No such file or directory
10-24 23:46:12.107  1099  1099 E installd: Failed to delete /data/app/vmdl1775514439.tmp: No such file or directory
10-24 23:46:12.108  1456  1843 D CompatibilityChangeReporter: Compat change id reported: 168419799; UID 10291; state: DISABLED
10-24 23:46:12.109  1456  1843 D CompatibilityChangeReporter: Compat change id reported: 273564678; UID 10291; state: DISABLED
10-24 23:46:12.110  4531  4531 I MediaProvider: Invalidating LocalCallingIdentity cache for package kmfci.ydec.kcsftc.sdy. Reason: package android.intent.action.PACKAGE_ADDED
10-24 23:46:12.112  1456  1456 W binder:1456_F: type=1400 audit(0.0:1281): avc: denied { getopt } for scontext=u:r:system_server:s0 tcontext=u:r:shell:s0 tclass=unix_stream_socket permissive=0
10-24 23:46:12.112  1456  1456 W binder:1456_F: type=1400 audit(0.0:1282): avc: denied { getopt } for scontext=u:r:system_server:s0 tcontext=u:r:shell:s0 tclass=unix_stream_socket permissive=0
10-24 23:46:12.112  1456  1456 W binder:1456_F: type=1400 audit(0.0:1283): avc: denied { getopt } for scontext=u:r:system_server:s0 tcontext=u:r:shell:s0 tclass=unix_stream_socket permissive=0
10-24 23:46:12.112  3125  3125 D ControlsListingControllerImpl: ServiceConfig reloaded, count: 0
10-24 23:46:12.112  3386  3386 V MediaPlayerList: mPackageChangedBroadcastReceiver: action: android.intent.action.PACKAGE_ADDED
10-24 23:46:12.112  3386  3386 D MediaPlayerList: Name of package changed: kmfci.ydec.kcsftc.sdy
10-24 23:46:12.113 13619 13619 I Finsky  : [2] wfg.g(1): wfg - Received: android.intent.action.PACKAGE_ADDED, [TsF9buPRRbjM01JgmUFA1jWuE5iZ8cnYBj00_mKV2gY]
10-24 23:46:12.113 14081 14081 I GsaVoiceInteractionSrv: (REDACTED) O received %s
10-24 23:46:12.118  1456  2919 D CompatibilityChangeReporter: Compat change id reported: 218533173; UID 10291; state: DISABLED
10-24 23:46:12.119  3150 16352 I PermissionControllerServiceImpl: Updating user sensitive for uid 10291
10-24 23:46:12.123 13619 16126 I Finsky  : [754] ozy.run(202): Wrote row to frosting DB: 465
10-24 23:46:12.125  1456  1456 I Telecom : DefaultDialerCache: Refreshing default dialer for user 0: now com.google.android.dialer: DDC.oR@BGc
10-24 23:46:12.127  1456  1552 I system_server: Background concurrent copying GC freed 347805(16MB) AllocSpace objects, 18(608KB) LOS objects, 70% free, 40MB/136MB, paused 107us,220us total 430.596ms
10-24 23:46:12.128  1456  2033 I InputReader: Reconfiguring input devices, changes=KEYBOARD_LAYOUTS | 
10-24 23:46:12.128 16048 16048 I abb     : StartCommandInProcess(73657474696e67730067657400656e61 settings.get.ena [truncated])
10-24 23:46:12.130  1456  1554 W System  : A resource failed to call close. 
10-24 23:46:12.133 16048 16048 I abb     : StartCommandInProcess(7061636b61676500696e7374616c6c00 package.install. [truncated])
10-24 23:46:12.122  1456  1456 W binder:1456_1B: type=1400 audit(0.0:1284): avc: denied { getopt } for scontext=u:r:system_server:s0 tcontext=u:r:shell:s0 tclass=unix_stream_socket permissive=0
10-24 23:46:12.122  1456  1456 W binder:1456_1B: type=1400 audit(0.0:1285): avc: denied { getopt } for scontext=u:r:system_server:s0 tcontext=u:r:shell:s0 tclass=unix_stream_socket permissive=0
10-24 23:46:12.134  1456  1456 V BackupManagerConstants: getFullBackupIntervalMilliseconds(...) returns 86400000
10-24 23:46:12.134  1456  1456 V BackupManagerConstants: getFullBackupRequiredNetworkType(...) returns 2
10-24 23:46:12.134  1456  1456 V BackupManagerConstants: getFullBackupRequireCharging(...) returns true
10-24 23:46:12.145 13619 13619 I Finsky  : [2] jzg.f(9): AIM: AppInfoCacheUpdater -> invalidating apps: [kmfci.ydec.kcsftc.sdy]
10-24 23:46:12.146 13619 13619 I Finsky  : [2] jzx.g(21): AIM: AppInfoManager-Perf > getApps > called for 1 apps
10-24 23:46:12.146  1456  1684 W WindowMagnificationMgr: requestConnection duplicated request: connect=false, mConnectionState=DISCONNECTED
10-24 23:46:12.149 13619 13706 I Finsky  : [584] kbc.a(53): AIM: AppInfoManager-Perf > OnDeviceAppInfo > cacheHitCount=0, cacheMissCount=1. Missed  in cache (limit 10) : [kmfci.ydec.kcsftc.sdy]
10-24 23:46:12.150 13619 13738 I Finsky  : [595] jyw.apply(885): AIM: Got app ownership map. App counts: . Unique apps: 0
10-24 23:46:12.150  1456  1840 E VerityUtils: Failed to measure fs-verity, errno 1: /data/app/~~mZJAgc-ilLDtR7gkxJANsw==/kmfci.ydec.kcsftc.sdy-t616r53NBm2aeeGJNHqzYw==/base.apk
10-24 23:46:12.152 14821 18721 I Auth    : [SupervisedAccountIntentOperation] onHandleIntent(): android.intent.action.PACKAGE_ADDED
10-24 23:46:12.155 14821 14821 D BoundBrokerSvc: onBind: Intent { act=com.google.android.gms.common.BIND_SHARED_PREFS pkg=com.google.android.gms }
10-24 23:46:12.155 14821 14821 D BoundBrokerSvc: Loading bound service for intent: Intent { act=com.google.android.gms.common.BIND_SHARED_PREFS pkg=com.google.android.gms }
10-24 23:46:12.156 14821 18721 I Dck     : (REDACTED) doesDeviceHaveSupportedWirelessCapabilities: wccSysProp:%d, wccMendel:%d, deviceWccOverride:%s
10-24 23:46:12.156 14821 18721 I Dck     : (REDACTED) isDckModuleEligible: isAtLeastR:%s, hasWccSupport:%s, downloadAllowed:%s
10-24 23:46:12.156 14821 18721 W Dck     : Dck module not eligible for asynchronous downloading [CONTEXT service_id=289 ]
10-24 23:46:12.159 13642 16152 I ProximityAuth: [RecentAppsMediator] Package added: (user=UserHandle{0}) kmfci.ydec.kcsftc.sdy
10-24 23:46:12.159 13642 18056 W GCM     : Unexpected forwarded intent: Intent { act=android.intent.action.PACKAGE_ADDED dat=package: flg=0x4000010 pkg=com.google.android.gms cmp=com.google.android.gms/.chimera.PersistentIntentOperationService (has extras) }
10-24 23:46:12.163  1456  5510 D CompatibilityChangeReporter: Compat change id reported: 161252188; UID 10291; state: DISABLED
10-24 23:46:12.163 14821 14821 D BoundBrokerSvc: onUnbind: Intent { act=com.google.android.gms.common.BIND_SHARED_PREFS pkg=com.google.android.gms }
10-24 23:46:12.164 13642 18056 W GCM     : Unexpected forwarded intent: Intent { act=android.intent.action.PACKAGE_ADDED dat=package: flg=0x4000010 pkg=com.google.android.gms cmp=com.google.android.gms/.chimera.PersistentIntentOperationService (has extras) }
10-24 23:46:12.166 13642 16135 I FontLog : (REDACTED) Package %s has no metadata
10-24 23:46:12.169 14821 16170 I Blockstore: (REDACTED) [DataStoreImpl] Clearing Blockstore Data for package %s
10-24 23:46:12.170 14821 16170 I Blockstore: [DataStoreImpl] Keyless data not found or its IsLastInstallationData = false. [CONTEXT service_id=258 ]
10-24 23:46:12.175 13642 16353 W ChimeraUtils: Module com.google.android.gms.nearby_en missing resource null(0)
10-24 23:46:12.179 13642 16353 W ChimeraUtils: Module com.google.android.gms.nearby_en missing resource null(0)
10-24 23:46:12.188  3386  3386 V MediaPlayerList: mPackageChangedBroadcastReceiver: action: android.intent.action.PACKAGE_CHANGED
10-24 23:46:12.188  3386  3386 D MediaPlayerList: Name of package changed: kmfci.ydec.kcsftc.sdy
10-24 23:46:12.189  1456  2033 I InputReader: Reconfiguring input devices, changes=KEYBOARD_LAYOUTS | 
10-24 23:46:12.189  3125  3125 D ControlsListingControllerImpl: ServiceConfig reloaded, count: 0
10-24 23:46:12.193  1456  5505 W AppOps  : setUidMode() called with a mode inconsistent with runtime permission state, this is discouraged and you should revoke the runtime permission instead: uid=10125, switchCode=0, mode=4, permission=android.permission.ACCESS_BACKGROUND_LOCATION
10-24 23:46:12.200  1456  1684 W PackageManager: Failed registering loading progress callback. Package is fully loaded.
10-24 23:46:12.221 13642 16135 I Fitness : (REDACTED) OnPackageChangedOperation got intent: %s
10-24 23:46:12.228  1456  1456 I Telecom : DefaultDialerCache: Refreshing default dialer for user 0: now com.google.android.dialer: DDC.oR@BGg
10-24 23:46:12.229  1456  4169 W BackupTransportManager: Package kmfci.ydec.kcsftc.sdy enabled setting: 0
10-24 23:46:12.230  1456  1684 W WindowMagnificationMgr: requestConnection duplicated request: connect=false, mConnectionState=DISCONNECTED
10-24 23:46:12.241 13642 16353 W ChimeraUtils: Module com.google.android.gms.nearby_en missing resource null(0)
10-24 23:46:12.245 13642 18056 I Fitness : (REDACTED) FitCleanupIntentOperation received Intent %s
10-24 23:46:12.246 13619 13619 I Finsky  : [2] rfc.aju(13): DTU: Received onPackageAdded, replacing: false
10-24 23:46:12.248 14821 18744 I Icing   : Indexing com.google.android.gms-apps from com.google.android.gms
10-24 23:46:12.250  3503  3503 D CarrierSvcBindHelper: onPackageAdded: kmfci.ydec.kcsftc.sdy
10-24 23:46:12.250  3150 16887 I PermissionControllerServiceImpl: Updating user sensitive for uid 10291
10-24 23:46:12.251 13642 16353 W ChimeraUtils: Module com.google.android.gms.nearby_en missing resource null(0)
10-24 23:46:12.252  3503  3503 D CarrierSvcBindHelper: No carrier app for: 0
10-24 23:46:12.258 13619 13619 I Finsky  : [2] ahtk.c(44): Do not start WearSupportService due to Wear service optimization
10-24 23:46:12.258 13619 13619 I Finsky  : [2] abcr.f(9): Clearing split related stale data.
10-24 23:46:12.258 13619 13706 I Finsky  : [584] kay.a(202): AIM: AppInfoManager-Perf > ItemModel > CacheSize=35, cacheHitCount=0, cacheMissCount=0, total appsWithNoServerDataCount=2. Missed  in cache (limit 10) : []
10-24 23:46:12.258 13619 16162 I Finsky  : [759] koh.a(433): Asset module storage cleared for package kmfci.ydec.kcsftc.sdy.
10-24 23:46:12.260 13619 16126 I Finsky  : [754] ozy.run(202): Wrote row to frosting DB: 466
10-24 23:46:12.261  3503  3503 D CarrierSvcBindHelper: No carrier app for: 1
10-24 23:46:12.265 13619 16164 I Finsky  : [761] kwj.aew(124): [ContentSync] finished, scheduled=false
10-24 23:46:12.266  3503  3503 E VvmPkgInstalledRcvr: cannot create TelephonyManager from ComponentInfo{com.android.phone/com.android.services.telephony.TelephonyConnectionService}, E, UserHandle{0}
10-24 23:46:12.272  4171  4488 I AiAiEcho: EchoSearch: WidgetFetcherImpl is initialized with [22] widgets [reason=package added for userId: 0]
10-24 23:46:12.282 13619 13721 I Finsky  : [591] kbc.a(53): AIM: AppInfoManager-Perf > OnDeviceAppInfo > cacheHitCount=1, cacheMissCount=0. Missed  in cache (limit 10) : []
10-24 23:46:12.282 13619 13738 I Finsky  : [595] jfy.accept(156): AIM: AppInfoManager-Perf > getApps > data collection finished
10-24 23:46:12.283 13619 13738 I Finsky  : [595] jpa.run(615): AIM: AppInfoManager-Perf > maybeDestroyAppInfoManager is called. actives = 2
10-24 23:46:12.283 13619 13721 I Finsky  : [591] jyw.apply(885): AIM: Got app ownership map. App counts: . Unique apps: 0
10-24 23:46:12.289 14821 18744 I Icing   : Indexing done com.google.android.gms-apps
10-24 23:46:12.290 13619 13721 I Finsky  : [591] kay.a(202): AIM: AppInfoManager-Perf > ItemModel > CacheSize=35, cacheHitCount=0, cacheMissCount=0, total appsWithNoServerDataCount=2. Missed  in cache (limit 10) : []
10-24 23:46:12.306 14821 18744 I Icing   : Indexing com.google.android.gms-apps from com.google.android.gms
10-24 23:46:12.307 14821 18744 I Icing   : Indexing done com.google.android.gms-apps
10-24 23:46:12.318  3503  3503 D CarrierSvcBindHelper: onPackageModified: kmfci.ydec.kcsftc.sdy
10-24 23:46:12.318  3503  3503 D CarrierSvcBindHelper: No carrier app for: 0
10-24 23:46:12.318  3503  3503 D CarrierSvcBindHelper: No carrier app for: 1
10-24 23:46:12.318  3503  3503 D ImsResolver: maybeAddedImsService, packageName: kmfci.ydec.kcsftc.sdy
10-24 23:46:12.321  3503  3503 D ImsResolver: maybeAddedImsService, packageName: kmfci.ydec.kcsftc.sdy
10-24 23:46:12.331  1456  1843 E PackageManager: ERROR: could not load root hash from incremental install
10-24 23:46:12.335 13619 13619 I Finsky  : [2] ahfk.c(66): VerifyApps: Install-time verification requested for package able.version.fever, id = 101
10-24 23:46:12.340 13619 16056 I Finsky  : [749] VerifyAppsInstallTask.akn(58): VerifyApps: Anti-malware verification task started for package=able.version.fever
10-24 23:46:12.342 13619 16056 I Finsky  : [749] VerifyAppsInstallTask.akn(270): VerifyApps: Skipping verification. Disabled by user setting
10-24 23:46:12.342 13619 16056 I Finsky  : [749] VerifyAppsInstallTask.akn(726): VerifyApps: Skipping anti malware verification (preconditions not met). package=able.version.fever
10-24 23:46:12.343 13619 16056 E Finsky  : [749] VerifyPerSourceInstallationConsentInstallTask.d(20): Package name null is not an installed package
10-24 23:46:12.344 13619 16056 I Finsky  : [749] VerifyPerSourceInstallationConsentInstallTask.akn(231): PSIC verification started with installer uid: 2000 package name: null, originating uid: -1
10-24 23:46:12.348 13619 16056 I Finsky  : [749] VerifyInstallTask.i(29): VerifyApps: Returning package verification result id=101, result=ALLOW
10-24 23:46:12.352 13619 13619 I Finsky  : [2] VerifyInstallTask.akm(53): VerifyApps: Verification complete: id=101, package_name=able.version.fever
10-24 23:46:12.352  1456  5503 W AppOps  : setUidMode() called with a mode inconsistent with runtime permission state, this is discouraged and you should revoke the runtime permission instead: uid=10125, switchCode=1, mode=4, permission=android.permission.ACCESS_BACKGROUND_LOCATION
10-24 23:46:12.353  1456  1843 I PackageManager: Integrity check passed for file:///data/app/vmdl930635389.tmp
10-24 23:46:12.354  1456  5507 W AppOps  : setUidMode() called with a mode inconsistent with runtime permission state, this is discouraged and you should revoke the runtime permission instead: uid=10125, switchCode=0, mode=4, permission=android.permission.ACCESS_BACKGROUND_LOCATION
10-24 23:46:12.449  1456  1668 V StorageManagerService: Package null does not have legacy storage
10-24 23:46:12.449  4531  4553 I MediaProvider: Invalidating LocalCallingIdentity cache for package able.version.fever. Reason: op android:read_external_storage
10-24 23:46:12.450  4531  4553 I MediaProvider: Invalidating LocalCallingIdentity cache for package able.version.fever. Reason: op android:read_external_storage
10-24 23:46:12.450  4531  4553 I MediaProvider: Invalidating LocalCallingIdentity cache for package able.version.fever. Reason: op android:read_external_storage
10-24 23:46:12.451  4531  4553 I MediaProvider: Invalidating LocalCallingIdentity cache for package able.version.fever. Reason: op android:read_external_storage
10-24 23:46:12.451  4531  4553 I MediaProvider: Invalidating LocalCallingIdentity cache for package able.version.fever. Reason: op android:read_external_storage
10-24 23:46:12.451  4531  4553 I MediaProvider: Invalidating LocalCallingIdentity cache for package able.version.fever. Reason: op android:read_external_storage
10-24 23:46:12.458  1456  1843 W ziparchive: Unable to open '/data/app/~~qQhDrV58gTtD4lyDzc1GlA==/able.version.fever-kRWs2iUWdcCO5b9jF9lQwg==/base.dm': No such file or directory
10-24 23:46:12.458  1456  1843 I PackageDexOptimizer: Running dexopt (dexoptNeeded=1) on: /data/app/~~qQhDrV58gTtD4lyDzc1GlA==/able.version.fever-kRWs2iUWdcCO5b9jF9lQwg==/base.apk pkg=able.version.fever isa=arm64 dexoptFlags=boot_complete,profile_guided,public,enable_hidden_api_checks targetFilter=speed-profile oatDir=/data/app/~~qQhDrV58gTtD4lyDzc1GlA==/able.version.fever-kRWs2iUWdcCO5b9jF9lQwg==/oat classLoaderContext=PCL[]{PCL[/system/framework/android.test.base.jar]}
10-24 23:46:12.461  1099  1099 V installd: DexInv: --- BEGIN '/data/app/~~qQhDrV58gTtD4lyDzc1GlA==/able.version.fever-kRWs2iUWdcCO5b9jF9lQwg==/base.apk' ---
10-24 23:46:12.461  1099  1099 V installd: Running /apex/com.android.art/bin/dex2oat64 in=base.apk out=/data/app/~~qQhDrV58gTtD4lyDzc1GlA==/able.version.fever-kRWs2iUWdcCO5b9jF9lQwg==/oat/arm64/base.odex
10-24 23:46:12.468 19207 19207 W libprocessgroup: Failed to open /dev/blkio/background/tasks: No such file or directory
10-24 23:46:12.468 19207 19207 V libprocessgroup: Applying profile action SetCgroup failed
10-24 23:46:12.482 19207 19207 W dex2oat64: Mismatch between dex2oat instruction set features to use (ISA: Arm64 Feature string: -a53,crc,lse,fp16,-dotprod,-sve) and those from CPP defines (ISA: Arm64 Feature string: -a53,crc,-lse,-fp16,-dotprod,-sve) for the command line:
10-24 23:46:12.482 19207 19207 W dex2oat64: /apex/com.android.art/bin/dex2oat64 --zip-fd=8 --zip-location=base.apk --oat-fd=9 --oat-location=/data/app/~~qQhDrV58gTtD4lyDzc1GlA==/able.version.fever-kRWs2iUWdcCO5b9jF9lQwg==/oat/arm64/base.odex --input-vdex-fd=-1 --output-vdex-fd=10 --swap-fd=11 --classpath-dir=/data/app/~~qQhDrV58gTtD4lyDzc1GlA==/able.version.fever-kRWs2iUWdcCO5b9jF9lQwg== --class-loader-context=PCL[]{PCL[/system/framework/android.test.base.jar]} --compact-dex-level=none --instruction-set=arm64 --instruction-set-features=default --instruction-set-variant=kryo385 --compiler-filter=speed-profile --compilation-reason=install --max-image-block-size=524288 --resolve-startup-const-strings=true --generate-mini-debug-info --runtime-arg -Xdeny-art-apex-data-files --runtime-arg -Xtarget-sdk-version:29 --runtime-arg -Xhidden-api-policy:enabled --runtime-arg -Xms64m --runtime-arg -Xmx512m
10-24 23:46:12.484 19207 19207 I dex2oat64: /apex/com.android.art/bin/dex2oat64 --input-vdex-fd=-1 --output-vdex-fd=10 --classpath-dir=/data/app/~~qQhDrV58gTtD4lyDzc1GlA==/able.version.fever-kRWs2iUWdcCO5b9jF9lQwg== --class-loader-context=PCL[]{PCL[/system/framework/android.test.base.jar]} --compact-dex-level=none --compiler-filter=speed-profile --compilation-reason=install --max-image-block-size=524288 --resolve-startup-const-strings=true --generate-mini-debug-info
10-24 23:46:12.519 19207 19207 W dex2oat64: ART APEX data files are untrusted.
10-24 23:46:12.550 13940 17641 I A       : (REDACTED) Writing data of size=%d bytes with N=%d keys to Geller corpus %s at ts=%d
10-24 23:46:12.552 13940 13999 I DeviceAppInfoWork: refreshDeviceAppInfoForAccount done.
10-24 23:46:12.561 13940 14026 W DeviceAppInfoWork: missing version info.
10-24 23:46:12.564 13940 14214 W SearchServiceCore: Abort, client detached.
10-24 23:46:12.575 13940 13996 I DeviceAppInfoWork: refreshDeviceAppInfoForAccount done.
10-24 23:46:12.588 13940 14039 W DeviceAppInfoWork: missing version info.
10-24 23:46:12.625  1456  4022 I ActivityManager: Background started FGS: Allowed [callingPackage: com.google.android.apps.wellbeing; callingUid: 10121; uidState: BFGS; intent: Intent { cmp=com.google.android.apps.wellbeing/com.google.apps.tiktok.concurrent.InternalForegroundService (has extras) }; code:BACKGROUND_ACTIVITY_PERMISSION; tempAllowListReason:<null>; targetSdkVersion:33; callerTargetSdkVersion:33; startForegroundCount:0; bindFromPackage:null]
10-24 23:46:12.659  4171  4488 W AiAiEcho: SmartspaceNotificationPredictor no parser can handle this notification or notification is invalid
10-24 23:46:12.831  1456  1456 I NotificationService: Cannot find enqueued record for key: 0|com.google.android.apps.wellbeing|174344743|null|10121
10-24 23:46:12.894  1456  5247 I ActivityManager: Background started FGS: Allowed [callingPackage: com.google.android.apps.wellbeing; callingUid: 10121; uidState: BFGS; intent: Intent { cmp=com.google.android.apps.wellbeing/com.google.apps.tiktok.concurrent.InternalForegroundService (has extras) }; code:BACKGROUND_ACTIVITY_PERMISSION; tempAllowListReason:<null>; targetSdkVersion:33; callerTargetSdkVersion:33; startForegroundCount:0; bindFromPackage:null]
10-24 23:46:12.927 19207 19207 I dex2oat64: dex2oat took 447.264ms (1.813s cpu) (threads: 8) arena alloc=0B (0B) java alloc=1431KB (1465504B) native alloc=2024KB (2072992B) free=1503KB (1539680B)
10-24 23:46:12.933  1099  1099 V installd: DexInv: --- END '/data/app/~~qQhDrV58gTtD4lyDzc1GlA==/able.version.fever-kRWs2iUWdcCO5b9jF9lQwg==/base.apk' (success) ---
10-24 23:46:12.936  1456  1843 V BackupManagerService: [UserID:0] restoreAtInstall pkg=able.version.fever token=66 restoreSet=0
10-24 23:46:12.936  1456  1843 V BackupManagerService: [UserID:0] Finishing install immediately
10-24 23:46:12.938  1456  1843 D PackageInstallerSession: Marking session 930635389 as applied
10-24 23:46:12.938  1099  1099 E installd: Couldn't opendir /data/app/vmdl930635389.tmp: No such file or directory
10-24 23:46:12.938  1099  1099 E installd: Failed to delete /data/app/vmdl930635389.tmp: No such file or directory
10-24 23:46:12.939  1456  1843 D CompatibilityChangeReporter: Compat change id reported: 168419799; UID 10292; state: DISABLED
10-24 23:46:12.939  1456  1843 D CompatibilityChangeReporter: Compat change id reported: 273564678; UID 10292; state: DISABLED
10-24 23:46:12.942  4531  4531 I MediaProvider: Invalidating LocalCallingIdentity cache for package able.version.fever. Reason: package android.intent.action.PACKAGE_ADDED
10-24 23:46:12.943  1456  2919 D CompatibilityChangeReporter: Compat change id reported: 218533173; UID 10292; state: DISABLED
10-24 23:46:12.943  3125  3125 D ControlsListingControllerImpl: ServiceConfig reloaded, count: 0
10-24 23:46:12.943  3386  3386 V MediaPlayerList: mPackageChangedBroadcastReceiver: action: android.intent.action.PACKAGE_ADDED
10-24 23:46:12.943  3386  3386 D MediaPlayerList: Name of package changed: able.version.fever
10-24 23:46:12.945  1456  2033 I InputReader: Reconfiguring input devices, changes=KEYBOARD_LAYOUTS | 
10-24 23:46:12.945 13619 13619 I Finsky  : [2] wfg.g(1): wfg - Received: android.intent.action.PACKAGE_ADDED, [BDoLE_grvrFv37OiuNI_AgqVRNh8FL534BLWgjO_8fk]
10-24 23:46:12.948 14081 14081 I GsaVoiceInteractionSrv: (REDACTED) O received %s
10-24 23:46:12.949 14465 14665 I Bugle   : BroadcastReceiverAsyncWorkTracker: Acknowledging broadcast of awyq@8db0c79
10-24 23:46:12.950 13619 16126 I Finsky  : [754] ozy.run(202): Wrote row to frosting DB: 467
10-24 23:46:12.951 16048 16048 I abb     : StartCommandInProcess(73657474696e67730067657400656e61 settings.get.ena [truncated])
10-24 23:46:12.952  1456  1456 I Telecom : DefaultDialerCache: Refreshing default dialer for user 0: now com.google.android.dialer: DDC.oR@BG8
10-24 23:46:12.954 16048 16048 I abb     : StartCommandInProcess(7061636b61676500696e7374616c6c00 package.install. [truncated])
10-24 23:46:12.954  1456  1456 V BackupManagerConstants: getFullBackupIntervalMilliseconds(...) returns 86400000
10-24 23:46:12.954  1456  1456 V BackupManagerConstants: getFullBackupRequiredNetworkType(...) returns 2
10-24 23:46:12.954  1456  1456 V BackupManagerConstants: getFullBackupRequireCharging(...) returns true
10-24 23:46:12.958  3150 16887 I PermissionControllerServiceImpl: Updating user sensitive for uid 10292
10-24 23:46:12.964 13619 13619 I Finsky  : [2] jzg.f(9): AIM: AppInfoCacheUpdater -> invalidating apps: [able.version.fever]
10-24 23:46:12.964 13619 13619 I Finsky  : [2] jzx.g(21): AIM: AppInfoManager-Perf > getApps > called for 1 apps
10-24 23:46:12.969  1456  1684 W WindowMagnificationMgr: requestConnection duplicated request: connect=false, mConnectionState=DISCONNECTED
10-24 23:46:12.969 13619 13738 I Finsky  : [595] kbc.a(53): AIM: AppInfoManager-Perf > OnDeviceAppInfo > cacheHitCount=0, cacheMissCount=1. Missed  in cache (limit 10) : [able.version.fever]
10-24 23:46:12.973 13619 13706 I Finsky  : [584] jyw.apply(885): AIM: Got app ownership map. App counts: . Unique apps: 0
10-24 23:46:12.975 13642 16135 I ProximityAuth: [RecentAppsMediator] Package added: (user=UserHandle{0}) able.version.fever
10-24 23:46:12.976 13619 13619 I Finsky  : [2] rfc.aju(13): DTU: Received onPackageAdded, replacing: false
10-24 23:46:12.977 13642 16152 W GCM     : Unexpected forwarded intent: Intent { act=android.intent.action.PACKAGE_ADDED dat=package: flg=0x4000010 pkg=com.google.android.gms cmp=com.google.android.gms/.chimera.PersistentIntentOperationService (has extras) }
10-24 23:46:12.978 13642 16157 W GCM     : Unexpected forwarded intent: Intent { act=android.intent.action.PACKAGE_ADDED dat=package: flg=0x4000010 pkg=com.google.android.gms cmp=com.google.android.gms/.chimera.PersistentIntentOperationService (has extras) }
10-24 23:46:12.988 14821 16175 I Auth    : [SupervisedAccountIntentOperation] onHandleIntent(): android.intent.action.PACKAGE_ADDED
10-24 23:46:12.992 13619 13619 I Finsky  : [2] ahtk.c(44): Do not start WearSupportService due to Wear service optimization
10-24 23:46:12.992 13619 13619 I Finsky  : [2] abcr.f(9): Clearing split related stale data.
10-24 23:46:12.993 14821 16175 I Blockstore: (REDACTED) [DataStoreImpl] Clearing Blockstore Data for package %s
10-24 23:46:12.994 14821 16175 I Blockstore: [DataStoreImpl] Keyless data not found or its IsLastInstallationData = false. [CONTEXT service_id=258 ]
10-24 23:46:12.994 14821 16175 I Dck     : (REDACTED) doesDeviceHaveSupportedWirelessCapabilities: wccSysProp:%d, wccMendel:%d, deviceWccOverride:%s
10-24 23:46:12.995 14821 16175 I Dck     : (REDACTED) isDckModuleEligible: isAtLeastR:%s, hasWccSupport:%s, downloadAllowed:%s
10-24 23:46:12.995 14821 16175 W Dck     : Dck module not eligible for asynchronous downloading [CONTEXT service_id=289 ]
10-24 23:46:12.995 13619 16162 I Finsky  : [759] koh.a(433): Asset module storage cleared for package able.version.fever.
10-24 23:46:12.995 13619 16126 I Finsky  : [754] ozy.run(202): Wrote row to frosting DB: 468
10-24 23:46:12.999  1456  4023 D CompatibilityChangeReporter: Compat change id reported: 161252188; UID 10292; state: DISABLED
10-24 23:46:12.999  1456  2022 I RoleService: Granting default roles...
10-24 23:46:12.999  1456  1840 E VerityUtils: Failed to measure fs-verity, errno 1: /data/app/~~qQhDrV58gTtD4lyDzc1GlA==/able.version.fever-kRWs2iUWdcCO5b9jF9lQwg==/base.apk
10-24 23:46:13.002 14821 14821 D BoundBrokerSvc: onBind: Intent { act=com.google.android.gms.common.BIND_SHARED_PREFS pkg=com.google.android.gms }
10-24 23:46:13.002 14821 14821 D BoundBrokerSvc: Loading bound service for intent: Intent { act=com.google.android.gms.common.BIND_SHARED_PREFS pkg=com.google.android.gms }
10-24 23:46:13.007  1456  1684 W PackageManager: Failed registering loading progress callback. Package is fully loaded.
10-24 23:46:13.010 13619 13734 I Finsky  : [592] kbc.a(53): AIM: AppInfoManager-Perf > OnDeviceAppInfo > cacheHitCount=0, cacheMissCount=1. Missed  in cache (limit 10) : [able.version.fever]
10-24 23:46:13.011 13619 13734 I Finsky  : [592] jyw.apply(885): AIM: Got app ownership map. App counts: . Unique apps: 0
10-24 23:46:13.018 13619 16164 I Finsky  : [761] kwj.aew(124): [ContentSync] finished, scheduled=false
10-24 23:46:13.021 13642 17422 W ChimeraUtils: Module com.google.android.gms.nearby_en missing resource null(0)
10-24 23:46:13.025  3150 16887 I PermissionControllerServiceImpl: Updating user sensitive for uid 10292
10-24 23:46:13.025  1456  1456 I Telecom : DefaultDialerCache: Refreshing default dialer for user 0: now com.google.android.dialer: DDC.oR@BHA
10-24 23:46:13.026  3386  3386 V MediaPlayerList: mPackageChangedBroadcastReceiver: action: android.intent.action.PACKAGE_CHANGED
10-24 23:46:13.026  3386  3386 D MediaPlayerList: Name of package changed: able.version.fever
10-24 23:46:13.026  3150 16131 W Role    : Cannot get ApplicationInfo for default holder: com.android.settings.intelligence
10-24 23:46:13.026  1456  2033 I InputReader: Reconfiguring input devices, changes=KEYBOARD_LAYOUTS | 
10-24 23:46:13.030  4171  4171 I AiAiEcho: EchoSearch: AppFetcherImpl is initialized with [121] apps [time=20, reason=able.version.fever is added]
10-24 23:46:13.030  3125  3125 D ControlsListingControllerImpl: ServiceConfig reloaded, count: 0
10-24 23:46:13.030 14465 14666 I Bugle   : BroadcastReceiverAsyncWorkTracker: Acknowledging broadcast of awyq@8db0c79
10-24 23:46:13.030  1456  4169 W BackupTransportManager: Package able.version.fever enabled setting: 0
10-24 23:46:13.031 14821 14821 D BoundBrokerSvc: onUnbind: Intent { act=com.google.android.gms.common.BIND_SHARED_PREFS pkg=com.google.android.gms }
10-24 23:46:13.044 13642 16152 I Fitness : (REDACTED) OnPackageChangedOperation got intent: %s
10-24 23:46:13.048 13642 17422 W ChimeraUtils: Module com.google.android.gms.nearby_en missing resource null(0)
10-24 23:46:13.051  1456  1684 W WindowMagnificationMgr: requestConnection duplicated request: connect=false, mConnectionState=DISCONNECTED
10-24 23:46:13.058  3150 16131 W Role    : Default holder doesn't have required signing certificate: com.google.android.apps.work.clouddpc:23962F4B43B9857638EA66F4D419518EAE282491ACDA4B94707BD59003C45E58
10-24 23:46:13.062  3545  3545 I OverviewComponentObserver: updateOverviewTargets: mIsHomeDisabled=false, isDefaultHomeNull=false, mIsDefaultHome=true
10-24 23:46:13.063  3545  3545 I OverviewComponentObserver: updateOverviewTargets: mIsHomeDisabled=false, isDefaultHomeNull=false, mIsDefaultHome=true
10-24 23:46:13.066  3545  3545 I OverviewComponentObserver: updateOverviewTargets: mIsHomeDisabled=false, isDefaultHomeNull=false, mIsDefaultHome=true
10-24 23:46:13.067  3545  3545 I OverviewComponentObserver: updateOverviewTargets: mIsHomeDisabled=false, isDefaultHomeNull=false, mIsDefaultHome=true
10-24 23:46:13.071  3545  3545 I OverviewComponentObserver: updateOverviewTargets: mIsHomeDisabled=false, isDefaultHomeNull=false, mIsDefaultHome=true
10-24 23:46:13.074 13642 18056 I Fitness : (REDACTED) FitCleanupIntentOperation received Intent %s
10-24 23:46:13.079  3545  3545 I OverviewComponentObserver: updateOverviewTargets: mIsHomeDisabled=false, isDefaultHomeNull=false, mIsDefaultHome=true
10-24 23:46:13.080  3545  3545 I OverviewComponentObserver: updateOverviewTargets: mIsHomeDisabled=false, isDefaultHomeNull=false, mIsDefaultHome=true
10-24 23:46:13.080 14821 16177 I Icing   : Indexing com.google.android.gms-apps from com.google.android.gms
10-24 23:46:13.081  3545  3545 I OverviewComponentObserver: updateOverviewTargets: mIsHomeDisabled=false, isDefaultHomeNull=false, mIsDefaultHome=true
10-24 23:46:13.082  3503  3503 D CarrierSvcBindHelper: onPackageAdded: able.version.fever
10-24 23:46:13.085  3503  3503 D CarrierSvcBindHelper: No carrier app for: 0
10-24 23:46:13.087 13619 13721 I Finsky  : [591] kay.a(202): AIM: AppInfoManager-Perf > ItemModel > CacheSize=35, cacheHitCount=0, cacheMissCount=0, total appsWithNoServerDataCount=2. Missed  in cache (limit 10) : []
10-24 23:46:13.092 13619 13721 I Finsky  : [591] jfy.accept(156): AIM: AppInfoManager-Perf > getApps > data collection finished
10-24 23:46:13.092 13619 13721 I Finsky  : [591] jpa.run(615): AIM: AppInfoManager-Perf > maybeDestroyAppInfoManager is called. actives = 2
10-24 23:46:13.094  4171  4488 I AiAiEcho: EchoSearch: WidgetFetcherImpl is initialized with [22] widgets [reason=package added for userId: 0]
10-24 23:46:13.096  3503  3503 D CarrierSvcBindHelper: No carrier app for: 1
10-24 23:46:13.097 13619 13721 I Finsky  : [591] kay.a(202): AIM: AppInfoManager-Perf > ItemModel > CacheSize=35, cacheHitCount=0, cacheMissCount=0, total appsWithNoServerDataCount=2. Missed  in cache (limit 10) : []
10-24 23:46:13.098 13642 13867 W ChimeraUtils: Module com.google.android.gms.nearby_en missing resource null(0)
10-24 23:46:13.099  3503  3503 E VvmPkgInstalledRcvr: cannot create TelephonyManager from ComponentInfo{com.android.phone/com.android.services.telephony.TelephonyConnectionService}, E, UserHandle{0}
10-24 23:46:13.100  1456  1456 I NotificationService: Cannot find enqueued record for key: 0|com.google.android.apps.wellbeing|174344743|null|10121
10-24 23:46:13.111 13642 13867 W ChimeraUtils: Module com.google.android.gms.nearby_en missing resource null(0)
10-24 23:46:13.120  3503  3503 D CarrierSvcBindHelper: onPackageModified: able.version.fever
10-24 23:46:13.121  3503  3503 D CarrierSvcBindHelper: No carrier app for: 0
10-24 23:46:13.121  3503  3503 D CarrierSvcBindHelper: No carrier app for: 1
10-24 23:46:13.121  3503  3503 D ImsResolver: maybeAddedImsService, packageName: able.version.fever
10-24 23:46:13.123  3503  3503 D ImsResolver: maybeAddedImsService, packageName: able.version.fever
10-24 23:46:13.133  3150 16131 W Role    : Cannot get ApplicationInfo for default holder: com.google.android.apps.photos
10-24 23:46:13.133  3150 16131 W Role    : Cannot get ApplicationInfo for default holder: com.google.android.odad
10-24 23:46:13.157 14821 16177 I Icing   : Indexing done com.google.android.gms-apps
10-24 23:46:13.168  1456  5503 W AppOps  : setUidMode() called with a mode inconsistent with runtime permission state, this is discouraged and you should revoke the runtime permission instead: uid=10125, switchCode=0, mode=4, permission=android.permission.ACCESS_BACKGROUND_LOCATION
10-24 23:46:13.177 14821 16177 I Icing   : Indexing com.google.android.gms-apps from com.google.android.gms
10-24 23:46:13.177 14821 16177 I Icing   : Indexing done com.google.android.gms-apps
10-24 23:46:13.233  1456  5503 W AppOps  : setUidMode() called with a mode inconsistent with runtime permission state, this is discouraged and you should revoke the runtime permission instead: uid=10125, switchCode=1, mode=4, permission=android.permission.ACCESS_BACKGROUND_LOCATION
10-24 23:46:13.235  1456  5503 W AppOps  : setUidMode() called with a mode inconsistent with runtime permission state, this is discouraged and you should revoke the runtime permission instead: uid=10125, switchCode=0, mode=4, permission=android.permission.ACCESS_BACKGROUND_LOCATION
10-24 23:46:13.252 13940 13998 I DeviceAppInfoWork: refreshDeviceAppInfoForAccount done.
10-24 23:46:13.259 13940 14034 W DeviceAppInfoWork: missing version info.
10-24 23:46:13.271  1456  1843 E PackageManager: ERROR: could not load root hash from incremental install
10-24 23:46:13.273  4171  4488 W AiAiEcho: SmartspaceNotificationPredictor no parser can handle this notification or notification is invalid
10-24 23:46:13.275 13619 13619 I Finsky  : [2] ahfk.c(66): VerifyApps: Install-time verification requested for package com.hs.rjk, id = 102
10-24 23:46:13.282 13619 16059 I Finsky  : [752] VerifyAppsInstallTask.akn(58): VerifyApps: Anti-malware verification task started for package=com.hs.rjk
10-24 23:46:13.284 13619 16059 I Finsky  : [752] VerifyAppsInstallTask.akn(270): VerifyApps: Skipping verification. Disabled by user setting
10-24 23:46:13.284 13619 16059 I Finsky  : [752] VerifyAppsInstallTask.akn(726): VerifyApps: Skipping anti malware verification (preconditions not met). package=com.hs.rjk
10-24 23:46:13.285 13619 16059 E Finsky  : [752] VerifyPerSourceInstallationConsentInstallTask.d(20): Package name null is not an installed package
10-24 23:46:13.285 13619 16059 I Finsky  : [752] VerifyPerSourceInstallationConsentInstallTask.akn(231): PSIC verification started with installer uid: 2000 package name: null, originating uid: -1
10-24 23:46:13.287 13619 16059 I Finsky  : [752] VerifyInstallTask.i(29): VerifyApps: Returning package verification result id=102, result=ALLOW
10-24 23:46:13.288 13619 13619 I Finsky  : [2] VerifyInstallTask.akm(53): VerifyApps: Verification complete: id=102, package_name=com.hs.rjk
10-24 23:46:13.320  1456  1843 I PackageManager: Integrity check passed for file:///data/app/vmdl1864822412.tmp
10-24 23:46:13.374 12367 15656 W PackageParser: Ignoring duplicate uses-permissions/uses-permissions-sdk-m:  in package: com.i6c9eafaae9cd0a13 at: Binary XML file line #14
10-24 23:46:13.374 12367 15656 W PackageParser: Ignoring duplicate uses-permissions/uses-permissions-sdk-m:  in package: com.i6c9eafaae9cd0a13 at: Binary XML file line #15
10-24 23:46:13.374 12367 15656 W PackageParser: Ignoring duplicate uses-permissions/uses-permissions-sdk-m:  in package: com.i6c9eafaae9cd0a13 at: Binary XML file line #16
10-24 23:46:13.374 12367 15656 W PackageParser: Ignoring duplicate uses-permissions/uses-permissions-sdk-m:  in package: com.i6c9eafaae9cd0a13 at: Binary XML file line #19
10-24 23:46:13.374 12367 15656 W PackageParser: Ignoring duplicate uses-permissions/uses-permissions-sdk-m:  in package: com.i6c9eafaae9cd0a13 at: Binary XML file line #20
10-24 23:46:13.374 12367 15656 W PackageParser: Ignoring duplicate uses-permissions/uses-permissions-sdk-m:  in package: com.i6c9eafaae9cd0a13 at: Binary XML file line #22
10-24 23:46:13.374 12367 15656 W PackageParser: Ignoring duplicate uses-permissions/uses-permissions-sdk-m:  in package: com.i6c9eafaae9cd0a13 at: Binary XML file line #27
10-24 23:46:13.399  1456  1668 V StorageManagerService: Package null has legacy storage
10-24 23:46:13.399  4531  4553 I MediaProvider: Invalidating LocalCallingIdentity cache for package com.hs.rjk. Reason: op android:read_external_storage
10-24 23:46:13.412  1456  1843 W ziparchive: Unable to open '/data/app/~~gZ6SL2qAcOG_IXKyGfcLfA==/com.hs.rjk-OrGwv_n43ytoMsJSjgx_pg==/base.dm': No such file or directory
10-24 23:46:13.413  1456  1843 I PackageDexOptimizer: Running dexopt (dexoptNeeded=1) on: /data/app/~~gZ6SL2qAcOG_IXKyGfcLfA==/com.hs.rjk-OrGwv_n43ytoMsJSjgx_pg==/base.apk pkg=com.hs.rjk isa=arm dexoptFlags=boot_complete,profile_guided,public,enable_hidden_api_checks targetFilter=speed-profile oatDir=/data/app/~~gZ6SL2qAcOG_IXKyGfcLfA==/com.hs.rjk-OrGwv_n43ytoMsJSjgx_pg==/oat classLoaderContext=PCL[]{PCL[/system/framework/android.test.base.jar]#PCL[/system/framework/org.apache.http.legacy.jar]}
10-24 23:46:13.415  1099  1099 V installd: DexInv: --- BEGIN '/data/app/~~gZ6SL2qAcOG_IXKyGfcLfA==/com.hs.rjk-OrGwv_n43ytoMsJSjgx_pg==/base.apk' ---
10-24 23:46:13.415  1099  1099 V installd: Running /apex/com.android.art/bin/dex2oat64 in=base.apk out=/data/app/~~gZ6SL2qAcOG_IXKyGfcLfA==/com.hs.rjk-OrGwv_n43ytoMsJSjgx_pg==/oat/arm/base.odex
10-24 23:46:13.422 19240 19240 W libprocessgroup: Failed to open /dev/blkio/background/tasks: No such file or directory
10-24 23:46:13.422 19240 19240 V libprocessgroup: Applying profile action SetCgroup failed
10-24 23:46:13.429  1456  1552 I system_server: Background concurrent copying GC freed 965075(44MB) AllocSpace objects, 91(3252KB) LOS objects, 71% free, 38MB/134MB, paused 263us,123us total 491.829ms
10-24 23:46:13.436  1456  1554 W System  : A resource failed to call close. 
10-24 23:46:13.439  1456  1554 W System  : A resource failed to call close. 
10-24 23:46:13.450 19240 19240 I dex2oat64: /apex/com.android.art/bin/dex2oat64 --input-vdex-fd=-1 --output-vdex-fd=10 --classpath-dir=/data/app/~~gZ6SL2qAcOG_IXKyGfcLfA==/com.hs.rjk-OrGwv_n43ytoMsJSjgx_pg== --class-loader-context=PCL[]{PCL[/system/framework/android.test.base.jar]#PCL[/system/framework/org.apache.http.legacy.jar]} --compact-dex-level=none --compiler-filter=speed-profile --compilation-reason=install --max-image-block-size=524288 --resolve-startup-const-strings=true --generate-mini-debug-info
10-24 23:46:13.503 19240 19240 W dex2oat64: ART APEX data files are untrusted.
10-24 23:46:13.710 19240 19240 I dex2oat64: dex2oat took 263.301ms (899.146ms cpu) (threads: 8) arena alloc=0B (0B) java alloc=2653KB (2717584B) native alloc=1938KB (1985352B) free=1693KB (1733816B)
10-24 23:46:13.720  1099  1099 V installd: DexInv: --- END '/data/app/~~gZ6SL2qAcOG_IXKyGfcLfA==/com.hs.rjk-OrGwv_n43ytoMsJSjgx_pg==/base.apk' (success) ---
10-24 23:46:13.729  1456  1843 V BackupManagerService: [UserID:0] restoreAtInstall pkg=com.hs.rjk token=67 restoreSet=0
10-24 23:46:13.729  1456  1843 V BackupManagerService: [UserID:0] Finishing install immediately
10-24 23:46:13.731  1456  1843 D PackageInstallerSession: Marking session 1864822412 as applied
10-24 23:46:13.732  1099  1099 E installd: Couldn't opendir /data/app/vmdl1864822412.tmp: No such file or directory
