10-24 23:45:36.571  1456  5498 D CompatibilityChangeReporter: Compat change id reported: 161252188; UID 10232; state: DISABLED
10-24 23:45:36.576  1456  1684 W PackageManager: Failed registering loading progress callback. Package is fully loaded.
10-24 23:45:36.583  1456  1684 W WindowMagnificationMgr: requestConnection duplicated request: connect=false, mConnectionState=DISCONNECTED
10-24 23:45:36.789  1456  1986 W AppOps  : setUidMode() called with a mode inconsistent with runtime permission state, this is discouraged and you should revoke the runtime permission instead: uid=10125, switchCode=0, mode=4, permission=android.permission.ACCESS_BACKGROUND_LOCATION
10-24 23:45:36.867  1456  5501 W AppOps  : setUidMode() called with a mode inconsistent with runtime permission state, this is discouraged and you should revoke the runtime permission instead: uid=10125, switchCode=1, mode=4, permission=android.permission.ACCESS_BACKGROUND_LOCATION
10-24 23:45:36.868  1456  1986 W AppOps  : setUidMode() called with a mode inconsistent with runtime permission state, this is discouraged and you should revoke the runtime permission instead: uid=10125, switchCode=0, mode=4, permission=android.permission.ACCESS_BACKGROUND_LOCATION
10-24 23:45:37.434  1456  1843 E PackageManager: ERROR: could not load root hash from incremental install
10-24 23:45:37.449  1456  2042 W PackageParsing: Ignoring duplicate uses-permissions/uses-permissions-sdk-m: android.permission.INTERNET in package: com.uc108.mobile.sdgj.bd1 at: Binary XML file line #25
10-24 23:45:37.449  1456  2042 W PackageParsing: Ignoring duplicate uses-permissions/uses-permissions-sdk-m: android.permission.READ_PHONE_STATE in package: com.uc108.mobile.sdgj.bd1 at: Binary XML file line #26
10-24 23:45:37.449  1456  2042 W PackageParsing: Ignoring duplicate uses-permissions/uses-permissions-sdk-m: android.permission.ACCESS_WIFI_STATE in package: com.uc108.mobile.sdgj.bd1 at: Binary XML file line #27
10-24 23:45:37.449  1456  2042 W PackageParsing: Ignoring duplicate uses-permissions/uses-permissions-sdk-m: android.permission.ACCESS_NETWORK_STATE in package: com.uc108.mobile.sdgj.bd1 at: Binary XML file line #28
10-24 23:45:37.449  1456  2042 W PackageParsing: Ignoring duplicate uses-permissions/uses-permissions-sdk-m: android.permission.BROADCAST_STICKY in package: com.uc108.mobile.sdgj.bd1 at: Binary XML file line #31
10-24 23:45:37.449  1456  2042 W PackageParsing: Ignoring duplicate uses-permissions/uses-permissions-sdk-m: android.permission.WRITE_SETTINGS in package: com.uc108.mobile.sdgj.bd1 at: Binary XML file line #32
10-24 23:45:37.449  1456  2042 W PackageParsing: Ignoring duplicate uses-permissions/uses-permissions-sdk-m: android.permission.WRITE_EXTERNAL_STORAGE in package: com.uc108.mobile.sdgj.bd1 at: Binary XML file line #34
10-24 23:45:37.449  1456  2042 W PackageParsing: Ignoring duplicate uses-permissions/uses-permissions-sdk-m: android.permission.WAKE_LOCK in package: com.uc108.mobile.sdgj.bd1 at: Binary XML file line #35
10-24 23:45:37.449  1456  2042 W PackageParsing: Ignoring duplicate uses-permissions/uses-permissions-sdk-m: android.permission.VIBRATE in package: com.uc108.mobile.sdgj.bd1 at: Binary XML file line #39
10-24 23:45:37.449  1456  2042 W PackageParsing: Ignoring duplicate uses-permissions/uses-permissions-sdk-m: android.permission.ACCESS_NETWORK_STATE in package: com.uc108.mobile.sdgj.bd1 at: Binary XML file line #46
10-24 23:45:37.449  1456  2042 W PackageParsing: Ignoring duplicate uses-permissions/uses-permissions-sdk-m: android.permission.ACCESS_WIFI_STATE in package: com.uc108.mobile.sdgj.bd1 at: Binary XML file line #47
10-24 23:45:37.449  1456  2042 W PackageParsing: Ignoring duplicate uses-permissions/uses-permissions-sdk-m: android.permission.READ_PHONE_STATE in package: com.uc108.mobile.sdgj.bd1 at: Binary XML file line #48
10-24 23:45:37.449  1456  2042 W PackageParsing: Ignoring duplicate uses-permissions/uses-permissions-sdk-m: android.permission.WRITE_SETTINGS in package: com.uc108.mobile.sdgj.bd1 at: Binary XML file line #49
10-24 23:45:37.449  1456  2042 W PackageParsing: Ignoring duplicate uses-permissions/uses-permissions-sdk-m: android.permission.WRITE_EXTERNAL_STORAGE in package: com.uc108.mobile.sdgj.bd1 at: Binary XML file line #50
10-24 23:45:37.449  1456  2042 W PackageParsing: Ignoring duplicate uses-permissions/uses-permissions-sdk-m: android.permission.INTERNET in package: com.uc108.mobile.sdgj.bd1 at: Binary XML file line #51
10-24 23:45:37.449  1456  2042 W PackageParsing: Ignoring duplicate uses-permissions/uses-permissions-sdk-m: android.permission.GET_TASKS in package: com.uc108.mobile.sdgj.bd1 at: Binary XML file line #52
10-24 23:45:37.450  1456  2042 W PackageParsing: Ignoring duplicate uses-permissions/uses-permissions-sdk-m: android.permission.ACCESS_COARSE_LOCATION in package: com.uc108.mobile.sdgj.bd1 at: Binary XML file line #56
10-24 23:45:37.450  1456  2042 W PackageParsing: Ignoring duplicate uses-permissions/uses-permissions-sdk-m: android.permission.RECEIVE_BOOT_COMPLETED in package: com.uc108.mobile.sdgj.bd1 at: Binary XML file line #63
10-24 23:45:37.450  1456  2042 W PackageParsing: Ignoring duplicate uses-permissions/uses-permissions-sdk-m: android.permission.VIBRATE in package: com.uc108.mobile.sdgj.bd1 at: Binary XML file line #64
10-24 23:45:37.450  1456  2042 W PackageParsing: Ignoring duplicate uses-permissions/uses-permissions-sdk-m: android.permission.BROADCAST_STICKY in package: com.uc108.mobile.sdgj.bd1 at: Binary XML file line #70
10-24 23:45:37.450  1456  2042 W PackageParsing: Ignoring duplicate uses-permissions/uses-permissions-sdk-m: android.permission.WAKE_LOCK in package: com.uc108.mobile.sdgj.bd1 at: Binary XML file line #76
10-24 23:45:37.450  1456  2042 W PackageParsing: Ignoring duplicate uses-permissions/uses-permissions-sdk-m: android.permission.ACCESS_COARSE_LOCATION in package: com.uc108.mobile.sdgj.bd1 at: Binary XML file line #77
10-24 23:45:37.452  1456  2042 D CompatibilityChangeReporter: Compat change id reported: 151163173; UID -1; state: DISABLED
10-24 23:45:37.454  1456  2042 W PackageParsing: No actions in intent-filter at /data/app/vmdl861901182.tmp/base.apk Binary XML file line #482
10-24 23:45:37.454  1456  2042 W PackageParsing: No actions in intent-filter at /data/app/vmdl861901182.tmp/base.apk Binary XML file line #489
10-24 23:45:37.454  1456  2042 W PackageParsing: No actions in intent-filter at /data/app/vmdl861901182.tmp/base.apk Binary XML file line #496
10-24 23:45:37.454  1456  2042 W PackageParsing: No actions in intent-filter at /data/app/vmdl861901182.tmp/base.apk Binary XML file line #503
10-24 23:45:37.454  1456  2042 W PackageParsing: No actions in intent-filter at /data/app/vmdl861901182.tmp/base.apk Binary XML file line #510
10-24 23:45:37.454  1456  2042 W PackageParsing: No actions in intent-filter at /data/app/vmdl861901182.tmp/base.apk Binary XML file line #527
10-24 23:45:37.455  1456  2042 W PackageParsing: No actions in intent-filter at /data/app/vmdl861901182.tmp/base.apk Binary XML file line #534
10-24 23:45:37.455  1456  2042 W PackageParsing: No actions in intent-filter at /data/app/vmdl861901182.tmp/base.apk Binary XML file line #541
10-24 23:45:37.455  1456  2042 W PackageParsing: No actions in intent-filter at /data/app/vmdl861901182.tmp/base.apk Binary XML file line #549
10-24 23:45:37.455  1456  2042 W PackageParsing: No actions in intent-filter at /data/app/vmdl861901182.tmp/base.apk Binary XML file line #557
10-24 23:45:37.455  1456  2042 W PackageParsing: No actions in intent-filter at /data/app/vmdl861901182.tmp/base.apk Binary XML file line #565
10-24 23:45:37.455  1456  2042 W PackageParsing: No actions in intent-filter at /data/app/vmdl861901182.tmp/base.apk Binary XML file line #573
10-24 23:45:37.455  1456  2042 W PackageParsing: No actions in intent-filter at /data/app/vmdl861901182.tmp/base.apk Binary XML file line #581
10-24 23:45:37.455  1456  2042 W PackageParsing: No actions in intent-filter at /data/app/vmdl861901182.tmp/base.apk Binary XML file line #588
10-24 23:45:37.456  1456  2042 W PackageParsing: No actions in intent-filter at /data/app/vmdl861901182.tmp/base.apk Binary XML file line #595
10-24 23:45:37.456  1456  2042 W PackageParsing: No actions in intent-filter at /data/app/vmdl861901182.tmp/base.apk Binary XML file line #602
10-24 23:45:37.456  1456  2042 W PackageParsing: No actions in intent-filter at /data/app/vmdl861901182.tmp/base.apk Binary XML file line #609
10-24 23:45:37.456  1456  2042 W PackageParsing: No actions in intent-filter at /data/app/vmdl861901182.tmp/base.apk Binary XML file line #615
10-24 23:45:37.494  1456  1843 I PackageManager: Integrity check passed for file:///data/app/vmdl861901182.tmp
10-24 23:45:37.506  1456  1843 W PackageParsing: Ignoring duplicate uses-permissions/uses-permissions-sdk-m: android.permission.INTERNET in package: com.uc108.mobile.sdgj.bd1 at: Binary XML file line #25
10-24 23:45:37.506  1456  1843 W PackageParsing: Ignoring duplicate uses-permissions/uses-permissions-sdk-m: android.permission.READ_PHONE_STATE in package: com.uc108.mobile.sdgj.bd1 at: Binary XML file line #26
10-24 23:45:37.506  1456  1843 W PackageParsing: Ignoring duplicate uses-permissions/uses-permissions-sdk-m: android.permission.ACCESS_WIFI_STATE in package: com.uc108.mobile.sdgj.bd1 at: Binary XML file line #27
10-24 23:45:37.506  1456  1843 W PackageParsing: Ignoring duplicate uses-permissions/uses-permissions-sdk-m: android.permission.ACCESS_NETWORK_STATE in package: com.uc108.mobile.sdgj.bd1 at: Binary XML file line #28
10-24 23:45:37.506  1456  1843 W PackageParsing: Ignoring duplicate uses-permissions/uses-permissions-sdk-m: android.permission.BROADCAST_STICKY in package: com.uc108.mobile.sdgj.bd1 at: Binary XML file line #31
10-24 23:45:37.506  1456  1843 W PackageParsing: Ignoring duplicate uses-permissions/uses-permissions-sdk-m: android.permission.WRITE_SETTINGS in package: com.uc108.mobile.sdgj.bd1 at: Binary XML file line #32
10-24 23:45:37.506  1456  1843 W PackageParsing: Ignoring duplicate uses-permissions/uses-permissions-sdk-m: android.permission.WRITE_EXTERNAL_STORAGE in package: com.uc108.mobile.sdgj.bd1 at: Binary XML file line #34
10-24 23:45:37.506  1456  1843 W PackageParsing: Ignoring duplicate uses-permissions/uses-permissions-sdk-m: android.permission.WAKE_LOCK in package: com.uc108.mobile.sdgj.bd1 at: Binary XML file line #35
10-24 23:45:37.506  1456  1843 W PackageParsing: Ignoring duplicate uses-permissions/uses-permissions-sdk-m: android.permission.VIBRATE in package: com.uc108.mobile.sdgj.bd1 at: Binary XML file line #39
10-24 23:45:37.506  1456  1843 W PackageParsing: Ignoring duplicate uses-permissions/uses-permissions-sdk-m: android.permission.ACCESS_NETWORK_STATE in package: com.uc108.mobile.sdgj.bd1 at: Binary XML file line #46
10-24 23:45:37.507  1456  1843 W PackageParsing: Ignoring duplicate uses-permissions/uses-permissions-sdk-m: android.permission.ACCESS_WIFI_STATE in package: com.uc108.mobile.sdgj.bd1 at: Binary XML file line #47
10-24 23:45:37.507  1456  1843 W PackageParsing: Ignoring duplicate uses-permissions/uses-permissions-sdk-m: android.permission.READ_PHONE_STATE in package: com.uc108.mobile.sdgj.bd1 at: Binary XML file line #48
10-24 23:45:37.507  1456  1843 W PackageParsing: Ignoring duplicate uses-permissions/uses-permissions-sdk-m: android.permission.WRITE_SETTINGS in package: com.uc108.mobile.sdgj.bd1 at: Binary XML file line #49
10-24 23:45:37.507  1456  1843 W PackageParsing: Ignoring duplicate uses-permissions/uses-permissions-sdk-m: android.permission.WRITE_EXTERNAL_STORAGE in package: com.uc108.mobile.sdgj.bd1 at: Binary XML file line #50
10-24 23:45:37.507  1456  1843 W PackageParsing: Ignoring duplicate uses-permissions/uses-permissions-sdk-m: android.permission.INTERNET in package: com.uc108.mobile.sdgj.bd1 at: Binary XML file line #51
10-24 23:45:37.507  1456  1843 W PackageParsing: Ignoring duplicate uses-permissions/uses-permissions-sdk-m: android.permission.GET_TASKS in package: com.uc108.mobile.sdgj.bd1 at: Binary XML file line #52
10-24 23:45:37.507  1456  1843 W PackageParsing: Ignoring duplicate uses-permissions/uses-permissions-sdk-m: android.permission.ACCESS_COARSE_LOCATION in package: com.uc108.mobile.sdgj.bd1 at: Binary XML file line #56
10-24 23:45:37.507  1456  1843 W PackageParsing: Ignoring duplicate uses-permissions/uses-permissions-sdk-m: android.permission.RECEIVE_BOOT_COMPLETED in package: com.uc108.mobile.sdgj.bd1 at: Binary XML file line #63
10-24 23:45:37.507  1456  1843 W PackageParsing: Ignoring duplicate uses-permissions/uses-permissions-sdk-m: android.permission.VIBRATE in package: com.uc108.mobile.sdgj.bd1 at: Binary XML file line #64
10-24 23:45:37.507  1456  1843 W PackageParsing: Ignoring duplicate uses-permissions/uses-permissions-sdk-m: android.permission.BROADCAST_STICKY in package: com.uc108.mobile.sdgj.bd1 at: Binary XML file line #70
10-24 23:45:37.507  1456  1843 W PackageParsing: Ignoring duplicate uses-permissions/uses-permissions-sdk-m: android.permission.WAKE_LOCK in package: com.uc108.mobile.sdgj.bd1 at: Binary XML file line #76
10-24 23:45:37.507  1456  1843 W PackageParsing: Ignoring duplicate uses-permissions/uses-permissions-sdk-m: android.permission.ACCESS_COARSE_LOCATION in package: com.uc108.mobile.sdgj.bd1 at: Binary XML file line #77
10-24 23:45:37.510  1456  1843 W PackageParsing: No actions in intent-filter at /data/app/vmdl861901182.tmp/base.apk Binary XML file line #482
10-24 23:45:37.511  1456  1843 W PackageParsing: No actions in intent-filter at /data/app/vmdl861901182.tmp/base.apk Binary XML file line #489
10-24 23:45:37.511  1456  1843 W PackageParsing: No actions in intent-filter at /data/app/vmdl861901182.tmp/base.apk Binary XML file line #496
10-24 23:45:37.511  1456  1843 W PackageParsing: No actions in intent-filter at /data/app/vmdl861901182.tmp/base.apk Binary XML file line #503
10-24 23:45:37.511  1456  1843 W PackageParsing: No actions in intent-filter at /data/app/vmdl861901182.tmp/base.apk Binary XML file line #510
10-24 23:45:37.511  1456  1843 W PackageParsing: No actions in intent-filter at /data/app/vmdl861901182.tmp/base.apk Binary XML file line #527
10-24 23:45:37.511  1456  1843 W PackageParsing: No actions in intent-filter at /data/app/vmdl861901182.tmp/base.apk Binary XML file line #534
10-24 23:45:37.511  1456  1843 W PackageParsing: No actions in intent-filter at /data/app/vmdl861901182.tmp/base.apk Binary XML file line #541
10-24 23:45:37.511  1456  1843 W PackageParsing: No actions in intent-filter at /data/app/vmdl861901182.tmp/base.apk Binary XML file line #549
10-24 23:45:37.512  1456  1843 W PackageParsing: No actions in intent-filter at /data/app/vmdl861901182.tmp/base.apk Binary XML file line #557
10-24 23:45:37.512  1456  1843 W PackageParsing: No actions in intent-filter at /data/app/vmdl861901182.tmp/base.apk Binary XML file line #565
10-24 23:45:37.512  1456  1843 W PackageParsing: No actions in intent-filter at /data/app/vmdl861901182.tmp/base.apk Binary XML file line #573
10-24 23:45:37.512  1456  1843 W PackageParsing: No actions in intent-filter at /data/app/vmdl861901182.tmp/base.apk Binary XML file line #581
10-24 23:45:37.512  1456  1843 W PackageParsing: No actions in intent-filter at /data/app/vmdl861901182.tmp/base.apk Binary XML file line #588
10-24 23:45:37.512  1456  1843 W PackageParsing: No actions in intent-filter at /data/app/vmdl861901182.tmp/base.apk Binary XML file line #595
10-24 23:45:37.512  1456  1843 W PackageParsing: No actions in intent-filter at /data/app/vmdl861901182.tmp/base.apk Binary XML file line #602
10-24 23:45:37.512  1456  1843 W PackageParsing: No actions in intent-filter at /data/app/vmdl861901182.tmp/base.apk Binary XML file line #609
10-24 23:45:37.512  1456  1843 W PackageParsing: No actions in intent-filter at /data/app/vmdl861901182.tmp/base.apk Binary XML file line #615
10-24 23:45:37.602  1456  1668 V StorageManagerService: Package null has legacy storage
10-24 23:45:37.987  1456  1843 V BackupManagerService: [UserID:0] restoreAtInstall pkg=com.uc108.mobile.sdgj.bd1 token=2b restoreSet=0
10-24 23:45:37.988  1456  1843 V BackupManagerService: [UserID:0] Finishing install immediately
10-24 23:45:37.990  1456  1843 D PackageInstallerSession: Marking session 861901182 as applied
10-24 23:45:37.991  1456  1843 D CompatibilityChangeReporter: Compat change id reported: 168419799; UID 10233; state: DISABLED
10-24 23:45:37.992  1456  1843 D CompatibilityChangeReporter: Compat change id reported: 273564678; UID 10233; state: DISABLED
10-24 23:45:37.999  1456  2919 D CompatibilityChangeReporter: Compat change id reported: 218533173; UID 10233; state: DISABLED
10-24 23:45:38.009  1456  1456 I Telecom : DefaultDialerCache: Refreshing default dialer for user 0: now com.google.android.dialer: DDC.oR@Azk
10-24 23:45:38.012  1456  1456 V BackupManagerConstants: getFullBackupIntervalMilliseconds(...) returns 86400000
10-24 23:45:38.012  1456  1456 V BackupManagerConstants: getFullBackupRequiredNetworkType(...) returns 2
10-24 23:45:38.012  1456  1456 V BackupManagerConstants: getFullBackupRequireCharging(...) returns true
10-24 23:45:38.037  1456  1684 W WindowMagnificationMgr: requestConnection duplicated request: connect=false, mConnectionState=DISCONNECTED
10-24 23:45:38.045  1456  1840 E VerityUtils: Failed to measure fs-verity, errno 1: /data/app/~~QKXa02-AeEpAsvMGOMufXg==/com.uc108.mobile.sdgj.bd1-7Dmq-xFe708GAP-7t2ZpTw==/base.apk
10-24 23:45:38.054  1456  1456 I Telecom : DefaultDialerCache: Refreshing default dialer for user 0: now com.google.android.dialer: DDC.oR@Azo
10-24 23:45:38.054  1456  4169 W BackupTransportManager: Package com.uc108.mobile.sdgj.bd1 enabled setting: 0
10-24 23:45:38.055  1456  1567 D CompatibilityChangeReporter: Compat change id reported: 161252188; UID 10233; state: DISABLED
10-24 23:45:38.136  1456  1684 W PackageManager: Failed registering loading progress callback. Package is fully loaded.
10-24 23:45:38.156  1456  1684 W WindowMagnificationMgr: requestConnection duplicated request: connect=false, mConnectionState=DISCONNECTED
10-24 23:45:38.203  1456  1566 W AppOps  : setUidMode() called with a mode inconsistent with runtime permission state, this is discouraged and you should revoke the runtime permission instead: uid=10125, switchCode=0, mode=4, permission=android.permission.ACCESS_BACKGROUND_LOCATION
10-24 23:45:38.262  1456  1566 W AppOps  : setUidMode() called with a mode inconsistent with runtime permission state, this is discouraged and you should revoke the runtime permission instead: uid=10125, switchCode=1, mode=4, permission=android.permission.ACCESS_BACKGROUND_LOCATION
10-24 23:45:38.264  1456  1566 W AppOps  : setUidMode() called with a mode inconsistent with runtime permission state, this is discouraged and you should revoke the runtime permission instead: uid=10125, switchCode=0, mode=4, permission=android.permission.ACCESS_BACKGROUND_LOCATION
10-24 23:45:38.346  1456  1843 E PackageManager: ERROR: could not load root hash from incremental install
10-24 23:45:38.372  1456  1843 I PackageManager: Integrity check passed for file:///data/app/vmdl1310211220.tmp
10-24 23:45:38.504  1456  1668 V StorageManagerService: Package null has legacy storage
10-24 23:45:38.544  1456  5497 I ActivityManager: Background started FGS: Allowed [callingPackage: com.google.android.apps.wellbeing; callingUid: 10121; uidState: BFGS; intent: Intent { cmp=com.google.android.apps.wellbeing/com.google.apps.tiktok.concurrent.InternalForegroundService (has extras) }; code:BACKGROUND_ACTIVITY_PERMISSION; tempAllowListReason:<null>; targetSdkVersion:33; callerTargetSdkVersion:33; startForegroundCount:0; bindFromPackage:null]
10-24 23:45:38.646  1456  1843 V BackupManagerService: [UserID:0] restoreAtInstall pkg=com.ying.hzblhj token=2c restoreSet=0
10-24 23:45:38.647  1456  1843 V BackupManagerService: [UserID:0] Finishing install immediately
10-24 23:45:38.650  1456  1843 D PackageInstallerSession: Marking session 1310211220 as applied
10-24 23:45:38.652  1456  1843 D CompatibilityChangeReporter: Compat change id reported: 168419799; UID 10234; state: DISABLED
10-24 23:45:38.652  1456  1843 D CompatibilityChangeReporter: Compat change id reported: 273564678; UID 10234; state: DISABLED
10-24 23:45:38.658  1456  2919 D CompatibilityChangeReporter: Compat change id reported: 218533173; UID 10234; state: DISABLED
10-24 23:45:38.665  1456  1456 I Telecom : DefaultDialerCache: Refreshing default dialer for user 0: now com.google.android.dialer: DDC.oR@Az0
10-24 23:45:38.676  1456  1456 V BackupManagerConstants: getFullBackupIntervalMilliseconds(...) returns 86400000
10-24 23:45:38.676  1456  1456 V BackupManagerConstants: getFullBackupRequiredNetworkType(...) returns 2
10-24 23:45:38.676  1456  1456 V BackupManagerConstants: getFullBackupRequireCharging(...) returns true
10-24 23:45:38.690  1456  1684 W WindowMagnificationMgr: requestConnection duplicated request: connect=false, mConnectionState=DISCONNECTED
10-24 23:45:38.706  1456  1840 E VerityUtils: Failed to measure fs-verity, errno 1: /data/app/~~c_sOewJagV2YNtw5xRGx_g==/com.ying.hzblhj-P6A_yOQGTwh6gOvHfMqveA==/base.apk
10-24 23:45:38.731  1456  1456 I Telecom : DefaultDialerCache: Refreshing default dialer for user 0: now com.google.android.dialer: DDC.oR@A0A
10-24 23:45:38.736  1456  4169 W BackupTransportManager: Package com.ying.hzblhj enabled setting: 0
10-24 23:45:38.751  1456  1684 W PackageManager: Failed registering loading progress callback. Package is fully loaded.
10-24 23:45:38.752  1456  1456 I NotificationService: Cannot find enqueued record for key: 0|com.google.android.apps.wellbeing|174344743|null|10121
10-24 23:45:38.760  1456  1684 W WindowMagnificationMgr: requestConnection duplicated request: connect=false, mConnectionState=DISCONNECTED
10-24 23:45:38.762  1456  1843 E PackageManager: ERROR: could not load root hash from incremental install
10-24 23:45:38.765  1456  1986 D CompatibilityChangeReporter: Compat change id reported: 161252188; UID 10234; state: DISABLED
10-24 23:45:38.793  1456  1843 I PackageManager: Integrity check passed for file:///data/app/vmdl86854537.tmp
10-24 23:45:38.869  1456  1843 I PackageManager: Permission ownership changed. Updating all permissions.
10-24 23:45:39.074  1456  1668 V StorageManagerService: Package null has legacy storage
10-24 23:45:39.074  1456  5500 W AppOps  : setUidMode() called with a mode inconsistent with runtime permission state, this is discouraged and you should revoke the runtime permission instead: uid=10125, switchCode=0, mode=4, permission=android.permission.ACCESS_BACKGROUND_LOCATION
10-24 23:45:39.140  1456  5500 W AppOps  : setUidMode() called with a mode inconsistent with runtime permission state, this is discouraged and you should revoke the runtime permission instead: uid=10125, switchCode=1, mode=4, permission=android.permission.ACCESS_BACKGROUND_LOCATION
10-24 23:45:39.143  1456  5500 W AppOps  : setUidMode() called with a mode inconsistent with runtime permission state, this is discouraged and you should revoke the runtime permission instead: uid=10125, switchCode=0, mode=4, permission=android.permission.ACCESS_BACKGROUND_LOCATION
10-24 23:45:39.209  1456  1843 V BackupManagerService: [UserID:0] restoreAtInstall pkg=com.hgperfko.yaeghrwx token=2d restoreSet=0
10-24 23:45:39.209  1456  1843 V BackupManagerService: [UserID:0] Finishing install immediately
10-24 23:45:39.211  1456  1843 D PackageInstallerSession: Marking session 86854537 as applied
10-24 23:45:39.213  1456  1843 D CompatibilityChangeReporter: Compat change id reported: 168419799; UID 10235; state: DISABLED
10-24 23:45:39.213  1456  1843 D CompatibilityChangeReporter: Compat change id reported: 273564678; UID 10235; state: DISABLED
10-24 23:45:39.218  1456  2919 D CompatibilityChangeReporter: Compat change id reported: 218533173; UID 10235; state: DISABLED
10-24 23:45:39.245  1456  1456 I Telecom : DefaultDialerCache: Refreshing default dialer for user 0: now com.google.android.dialer: DDC.oR@A0M
10-24 23:45:39.249  1456  1456 V BackupManagerConstants: getFullBackupIntervalMilliseconds(...) returns 86400000
10-24 23:45:39.249  1456  1456 V BackupManagerConstants: getFullBackupRequiredNetworkType(...) returns 2
10-24 23:45:39.250  1456  1456 V BackupManagerConstants: getFullBackupRequireCharging(...) returns true
10-24 23:45:39.260  1456  1684 W WindowMagnificationMgr: requestConnection duplicated request: connect=false, mConnectionState=DISCONNECTED
10-24 23:45:39.263  1456  1840 E VerityUtils: Failed to measure fs-verity, errno 1: /data/app/~~rrO3uB0VfvLAS8HY_qBF9A==/com.hgperfko.yaeghrwx-Im8FXjzkLNoSI4i2viRYmQ==/base.apk
10-24 23:45:39.277  1456  3204 D CompatibilityChangeReporter: Compat change id reported: 161252188; UID 10235; state: DISABLED
10-24 23:45:39.287  1456  1456 I Telecom : DefaultDialerCache: Refreshing default dialer for user 0: now com.google.android.dialer: DDC.oR@A0Y
10-24 23:45:39.317  1456  1684 W PackageManager: Failed registering loading progress callback. Package is fully loaded.
10-24 23:45:39.327  1456  4169 W BackupTransportManager: Package com.hgperfko.yaeghrwx enabled setting: 0
10-24 23:45:39.336  1456  1684 W WindowMagnificationMgr: requestConnection duplicated request: connect=false, mConnectionState=DISCONNECTED
10-24 23:45:39.366  1456  1843 E PackageManager: ERROR: could not load root hash from incremental install
10-24 23:45:39.371  1456  2042 W PackageParsing: Ignoring duplicate uses-permissions/uses-permissions-sdk-m: android.permission.ACCESS_NETWORK_STATE in package: com.livegame.wallpapermingche at: Binary XML file line #99
10-24 23:45:39.371  1456  2042 W PackageParsing: Ignoring duplicate uses-permissions/uses-permissions-sdk-m: android.permission.READ_PHONE_STATE in package: com.livegame.wallpapermingche at: Binary XML file line #100
10-24 23:45:39.371  1456  2042 W PackageParsing: Ignoring duplicate uses-permissions/uses-permissions-sdk-m: android.permission.ACCESS_WIFI_STATE in package: com.livegame.wallpapermingche at: Binary XML file line #101
10-24 23:45:39.371  1456  2042 W PackageParsing: Ignoring duplicate uses-permissions/uses-permissions-sdk-m: android.permission.INTERNET in package: com.livegame.wallpapermingche at: Binary XML file line #103
10-24 23:45:39.371  1456  2042 W PackageParsing: Ignoring duplicate uses-permissions/uses-permissions-sdk-m: android.permission.WRITE_EXTERNAL_STORAGE in package: com.livegame.wallpapermingche at: Binary XML file line #105
10-24 23:45:39.378  1456  1843 I PackageManager: Integrity check passed for file:///data/app/vmdl490351163.tmp
10-24 23:45:39.388  1456  1843 W PackageParsing: Ignoring duplicate uses-permissions/uses-permissions-sdk-m: android.permission.ACCESS_NETWORK_STATE in package: com.livegame.wallpapermingche at: Binary XML file line #99
10-24 23:45:39.388  1456  1843 W PackageParsing: Ignoring duplicate uses-permissions/uses-permissions-sdk-m: android.permission.READ_PHONE_STATE in package: com.livegame.wallpapermingche at: Binary XML file line #100
10-24 23:45:39.388  1456  1843 W PackageParsing: Ignoring duplicate uses-permissions/uses-permissions-sdk-m: android.permission.ACCESS_WIFI_STATE in package: com.livegame.wallpapermingche at: Binary XML file line #101
10-24 23:45:39.388  1456  1843 W PackageParsing: Ignoring duplicate uses-permissions/uses-permissions-sdk-m: android.permission.INTERNET in package: com.livegame.wallpapermingche at: Binary XML file line #103
10-24 23:45:39.388  1456  1843 W PackageParsing: Ignoring duplicate uses-permissions/uses-permissions-sdk-m: android.permission.WRITE_EXTERNAL_STORAGE in package: com.livegame.wallpapermingche at: Binary XML file line #105
10-24 23:45:39.449  1456  1668 V StorageManagerService: Package null has legacy storage
10-24 23:45:39.591  1456  1843 V BackupManagerService: [UserID:0] restoreAtInstall pkg=com.livegame.wallpapermingche token=2e restoreSet=0
10-24 23:45:39.591  1456  1843 V BackupManagerService: [UserID:0] Finishing install immediately
10-24 23:45:39.592  1456  1843 D PackageInstallerSession: Marking session 490351163 as applied
10-24 23:45:39.595  1456  1843 D CompatibilityChangeReporter: Compat change id reported: 168419799; UID 10236; state: DISABLED
10-24 23:45:39.595  1456  1843 D CompatibilityChangeReporter: Compat change id reported: 273564678; UID 10236; state: DISABLED
10-24 23:45:39.601  1456  2919 D CompatibilityChangeReporter: Compat change id reported: 218533173; UID 10236; state: DISABLED
10-24 23:45:39.605  1456  1456 I Telecom : DefaultDialerCache: Refreshing default dialer for user 0: now com.google.android.dialer: DDC.oR@A0c
10-24 23:45:39.611  1456  1456 V BackupManagerConstants: getFullBackupIntervalMilliseconds(...) returns 86400000
10-24 23:45:39.611  1456  1456 V BackupManagerConstants: getFullBackupRequiredNetworkType(...) returns 2
10-24 23:45:39.612  1456  1456 V BackupManagerConstants: getFullBackupRequireCharging(...) returns true
10-24 23:45:39.637  1456  1840 E VerityUtils: Failed to measure fs-verity, errno 1: /data/app/~~FiqYKIr9Z4YaW-pX6-TDjQ==/com.livegame.wallpapermingche-YPRFW95Bi3UP9YnYN-9i3A==/base.apk
10-24 23:45:39.637  1456  1684 W WindowMagnificationMgr: requestConnection duplicated request: connect=false, mConnectionState=DISCONNECTED
10-24 23:45:39.649  1456  1566 D CompatibilityChangeReporter: Compat change id reported: 161252188; UID 10236; state: DISABLED
10-24 23:45:39.650  1456  1456 I Telecom : DefaultDialerCache: Refreshing default dialer for user 0: now com.google.android.dialer: DDC.oR@A0g
10-24 23:45:39.678  1456  4169 W BackupTransportManager: Package com.livegame.wallpapermingche enabled setting: 0
10-24 23:45:39.688  1456  1684 W PackageManager: Failed registering loading progress callback. Package is fully loaded.
10-24 23:45:39.696  1456  1684 W WindowMagnificationMgr: requestConnection duplicated request: connect=false, mConnectionState=DISCONNECTED
10-24 23:45:39.731  1456  1843 E PackageManager: ERROR: could not load root hash from incremental install
10-24 23:45:39.746  1456  1843 I PackageManager: Integrity check passed for file:///data/app/vmdl297098584.tmp
10-24 23:45:39.832  1456  1668 V StorageManagerService: Package null has legacy storage
10-24 23:45:39.995  1456  1843 V BackupManagerService: [UserID:0] restoreAtInstall pkg=com.cncd.japan.janli.shudu token=2f restoreSet=0
10-24 23:45:39.995  1456  1843 V BackupManagerService: [UserID:0] Finishing install immediately
10-24 23:45:39.996  1456  1843 D PackageInstallerSession: Marking session 297098584 as applied
10-24 23:45:39.999  1456  1843 D CompatibilityChangeReporter: Compat change id reported: 168419799; UID 10237; state: DISABLED
10-24 23:45:39.999  1456  1843 D CompatibilityChangeReporter: Compat change id reported: 273564678; UID 10237; state: DISABLED
10-24 23:45:40.003  1456  2919 D CompatibilityChangeReporter: Compat change id reported: 218533173; UID 10237; state: DISABLED
10-24 23:45:40.006  1456  1456 I Telecom : DefaultDialerCache: Refreshing default dialer for user 0: now com.google.android.dialer: DDC.oR@A00
10-24 23:45:40.048  1456  1456 I Telecom : DefaultDialerCache: Refreshing default dialer for user 0: now com.google.android.dialer: DDC.oR@A04
10-24 23:45:40.048  1456  4169 W BackupTransportManager: Package com.cncd.japan.janli.shudu enabled setting: 0
10-24 23:45:40.065  1456  1684 W WindowMagnificationMgr: requestConnection duplicated request: connect=false, mConnectionState=DISCONNECTED
10-24 23:45:40.073  1456  1840 E VerityUtils: Failed to measure fs-verity, errno 1: /data/app/~~-w9C-UolF4erTjA_Y2sY4A==/com.cncd.japan.janli.shudu-2HJ6tg0bKS-oELzEFGhdaA==/base.apk
10-24 23:45:40.077  1456  1567 D CompatibilityChangeReporter: Compat change id reported: 161252188; UID 10237; state: DISABLED
10-24 23:45:40.109  1456  1843 E PackageManager: ERROR: could not load root hash from incremental install
10-24 23:45:40.112  1456  2042 W PackageParsing: Ignoring duplicate uses-permissions/uses-permissions-sdk-m: android.permission.ACCESS_WIFI_STATE in package: com.android.msc at: Binary XML file line #17
10-24 23:45:40.124  1456  1684 W PackageManager: Failed registering loading progress callback. Package is fully loaded.
10-24 23:45:40.133  1456  1684 W WindowMagnificationMgr: requestConnection duplicated request: connect=false, mConnectionState=DISCONNECTED
10-24 23:45:40.144  1456  1843 I PackageManager: Integrity check passed for file:///data/app/vmdl1416044002.tmp
10-24 23:45:40.154  1456  1843 W PackageParsing: Ignoring duplicate uses-permissions/uses-permissions-sdk-m: android.permission.ACCESS_WIFI_STATE in package: com.android.msc at: Binary XML file line #17
10-24 23:45:40.235  1456  1668 V StorageManagerService: Package null has legacy storage
10-24 23:45:40.236  1456  1843 V BackupManagerService: [UserID:0] restoreAtInstall pkg=com.android.msc token=30 restoreSet=0
10-24 23:45:40.239  1456  1843 V BackupManagerService: [UserID:0] Finishing install immediately
10-24 23:45:40.241  1456  1843 D PackageInstallerSession: Marking session 1416044002 as applied
10-24 23:45:40.246  1456  1843 D CompatibilityChangeReporter: Compat change id reported: 168419799; UID 10238; state: DISABLED
10-24 23:45:40.246  1456  1843 D CompatibilityChangeReporter: Compat change id reported: 273564678; UID 10238; state: DISABLED
10-24 23:45:40.251  1456  2919 D CompatibilityChangeReporter: Compat change id reported: 218533173; UID 10238; state: DISABLED
10-24 23:45:40.262  1456  1684 W WindowMagnificationMgr: requestConnection duplicated request: connect=false, mConnectionState=DISCONNECTED
10-24 23:45:40.265  1456  1456 I Telecom : DefaultDialerCache: Refreshing default dialer for user 0: now com.google.android.dialer: DDC.oR@A1E
10-24 23:45:40.277  1456  1456 V BackupManagerConstants: getFullBackupIntervalMilliseconds(...) returns 86400000
10-24 23:45:40.277  1456  1456 V BackupManagerConstants: getFullBackupRequiredNetworkType(...) returns 2
10-24 23:45:40.278  1456  1456 V BackupManagerConstants: getFullBackupRequireCharging(...) returns true
10-24 23:45:40.307  1456  1840 E VerityUtils: Failed to measure fs-verity, errno 1: /data/app/~~YKYcazg8gTGkD9SOJTWuAg==/com.android.msc-ws_rS5Kpwe5EtGNVlEXtkQ==/base.apk
10-24 23:45:40.312  1456  1684 W PackageManager: Failed registering loading progress callback. Package is fully loaded.
10-24 23:45:40.318  1456  5503 D CompatibilityChangeReporter: Compat change id reported: 161252188; UID 10238; state: DISABLED
10-24 23:45:40.342  1456  1456 I Telecom : DefaultDialerCache: Refreshing default dialer for user 0: now com.google.android.dialer: DDC.oR@A1Q
10-24 23:45:40.361  1456  4169 W BackupTransportManager: Package com.android.msc enabled setting: 0
10-24 23:45:40.363  1456  1684 W WindowMagnificationMgr: requestConnection duplicated request: connect=false, mConnectionState=DISCONNECTED
10-24 23:45:40.406  1456  3206 D OomAdjuster: Not killing cached processes
10-24 23:45:40.434  1456  5501 W AppOps  : setUidMode() called with a mode inconsistent with runtime permission state, this is discouraged and you should revoke the runtime permission instead: uid=10125, switchCode=0, mode=4, permission=android.permission.ACCESS_BACKGROUND_LOCATION
10-24 23:45:40.535  1456  5503 W AppOps  : setUidMode() called with a mode inconsistent with runtime permission state, this is discouraged and you should revoke the runtime permission instead: uid=10125, switchCode=1, mode=4, permission=android.permission.ACCESS_BACKGROUND_LOCATION
10-24 23:45:40.538  1456  5501 W AppOps  : setUidMode() called with a mode inconsistent with runtime permission state, this is discouraged and you should revoke the runtime permission instead: uid=10125, switchCode=0, mode=4, permission=android.permission.ACCESS_BACKGROUND_LOCATION
10-24 23:45:40.589  1456  3206 I ActivityManager: Background started FGS: Allowed [callingPackage: com.google.android.apps.wellbeing; callingUid: 10121; uidState: BFGS; intent: Intent { cmp=com.google.android.apps.wellbeing/com.google.apps.tiktok.concurrent.InternalForegroundService (has extras) }; code:BACKGROUND_ACTIVITY_PERMISSION; tempAllowListReason:<null>; targetSdkVersion:33; callerTargetSdkVersion:33; startForegroundCount:0; bindFromPackage:null]
10-24 23:45:40.730  1456  5497 I ActivityManager: Background started FGS: Allowed [callingPackage: com.google.android.apps.wellbeing; callingUid: 10121; uidState: BFGS; intent: Intent { cmp=com.google.android.apps.wellbeing/com.google.apps.tiktok.concurrent.InternalForegroundService (has extras) }; code:BACKGROUND_ACTIVITY_PERMISSION; tempAllowListReason:<null>; targetSdkVersion:33; callerTargetSdkVersion:33; startForegroundCount:0; bindFromPackage:null]
10-24 23:45:40.771  1456  1843 E PackageManager: ERROR: could not load root hash from incremental install
10-24 23:45:40.774  1456  2042 W PackageParsing: Ignoring duplicate uses-permissions/uses-permissions-sdk-m: android.permission.INTERNET in package: com.jr.narutoii at: Binary XML file line #10
10-24 23:45:40.774  1456  2042 W PackageParsing: Ignoring duplicate uses-permissions/uses-permissions-sdk-m: android.permission.ACCESS_NETWORK_STATE in package: com.jr.narutoii at: Binary XML file line #11
10-24 23:45:40.774  1456  2042 W PackageParsing: Ignoring duplicate uses-permissions/uses-permissions-sdk-m: android.permission.MOUNT_UNMOUNT_FILESYSTEMS in package: com.jr.narutoii at: Binary XML file line #13
10-24 23:45:40.774  1456  2042 W PackageParsing: Ignoring duplicate uses-permissions/uses-permissions-sdk-m: android.permission.WRITE_EXTERNAL_STORAGE in package: com.jr.narutoii at: Binary XML file line #14
10-24 23:45:40.774  1456  2042 W PackageParsing: Ignoring duplicate uses-permissions/uses-permissions-sdk-m: android.permission.INTERNET in package: com.jr.narutoii at: Binary XML file line #20
10-24 23:45:40.774  1456  2042 W PackageParsing: Ignoring duplicate uses-permissions/uses-permissions-sdk-m: android.permission.ACCESS_NETWORK_STATE in package: com.jr.narutoii at: Binary XML file line #21
10-24 23:45:40.774  1456  2042 W PackageParsing: Ignoring duplicate uses-permissions/uses-permissions-sdk-m: android.permission.READ_PHONE_STATE in package: com.jr.narutoii at: Binary XML file line #22
10-24 23:45:40.774  1456  2042 W PackageParsing: Ignoring duplicate uses-permissions/uses-permissions-sdk-m: android.permission.READ_PHONE_STATE in package: com.jr.narutoii at: Binary XML file line #35
10-24 23:45:40.774  1456  2042 W PackageParsing: Ignoring duplicate uses-permissions/uses-permissions-sdk-m: android.permission.ACCESS_NETWORK_STATE in package: com.jr.narutoii at: Binary XML file line #36
10-24 23:45:40.774  1456  2042 W PackageParsing: Ignoring duplicate uses-permissions/uses-permissions-sdk-m: android.permission.ACCESS_WIFI_STATE in package: com.jr.narutoii at: Binary XML file line #37
10-24 23:45:40.774  1456  2042 W PackageParsing: Ignoring duplicate uses-permissions/uses-permissions-sdk-m: android.permission.INTERNET in package: com.jr.narutoii at: Binary XML file line #38
10-24 23:45:40.774  1456  2042 W PackageParsing: Ignoring duplicate uses-permissions/uses-permissions-sdk-m: android.permission.WRITE_EXTERNAL_STORAGE in package: com.jr.narutoii at: Binary XML file line #39
10-24 23:45:40.774  1456  2042 W PackageParsing: Ignoring duplicate uses-permissions/uses-permissions-sdk-m: android.permission.READ_SMS in package: com.jr.narutoii at: Binary XML file line #48
10-24 23:45:40.774  1456  2042 W PackageParsing: Ignoring duplicate uses-permissions/uses-permissions-sdk-m: android.permission.SEND_SMS in package: com.jr.narutoii at: Binary XML file line #49
10-24 23:45:40.774  1456  2042 W PackageParsing: Ignoring duplicate uses-permissions/uses-permissions-sdk-m: android.permission.WRITE_SMS in package: com.jr.narutoii at: Binary XML file line #50
10-24 23:45:40.774  1456  2042 W PackageParsing: Ignoring duplicate uses-permissions/uses-permissions-sdk-m: android.permission.VIBRATE in package: com.jr.narutoii at: Binary XML file line #51
10-24 23:45:40.774  1456  2042 W PackageParsing: Ignoring duplicate uses-permissions/uses-permissions-sdk-m: android.permission.RECEIVE_BOOT_COMPLETED in package: com.jr.narutoii at: Binary XML file line #55
10-24 23:45:40.775  1456  2042 W PackageParsing: Ignoring duplicate uses-permissions/uses-permissions-sdk-m: android.permission.INTERNET in package: com.jr.narutoii at: Binary XML file line #142
10-24 23:45:40.787  1456  1843 I PackageManager: Integrity check passed for file:///data/app/vmdl774146764.tmp
10-24 23:45:40.793  1456  1843 W PackageParsing: Ignoring duplicate uses-permissions/uses-permissions-sdk-m: android.permission.INTERNET in package: com.jr.narutoii at: Binary XML file line #10
10-24 23:45:40.793  1456  1843 W PackageParsing: Ignoring duplicate uses-permissions/uses-permissions-sdk-m: android.permission.ACCESS_NETWORK_STATE in package: com.jr.narutoii at: Binary XML file line #11
10-24 23:45:40.793  1456  1843 W PackageParsing: Ignoring duplicate uses-permissions/uses-permissions-sdk-m: android.permission.MOUNT_UNMOUNT_FILESYSTEMS in package: com.jr.narutoii at: Binary XML file line #13
10-24 23:45:40.793  1456  1843 W PackageParsing: Ignoring duplicate uses-permissions/uses-permissions-sdk-m: android.permission.WRITE_EXTERNAL_STORAGE in package: com.jr.narutoii at: Binary XML file line #14
10-24 23:45:40.793  1456  1843 W PackageParsing: Ignoring duplicate uses-permissions/uses-permissions-sdk-m: android.permission.INTERNET in package: com.jr.narutoii at: Binary XML file line #20
10-24 23:45:40.793  1456  1843 W PackageParsing: Ignoring duplicate uses-permissions/uses-permissions-sdk-m: android.permission.ACCESS_NETWORK_STATE in package: com.jr.narutoii at: Binary XML file line #21
10-24 23:45:40.793  1456  1843 W PackageParsing: Ignoring duplicate uses-permissions/uses-permissions-sdk-m: android.permission.READ_PHONE_STATE in package: com.jr.narutoii at: Binary XML file line #22
10-24 23:45:40.793  1456  1843 W PackageParsing: Ignoring duplicate uses-permissions/uses-permissions-sdk-m: android.permission.READ_PHONE_STATE in package: com.jr.narutoii at: Binary XML file line #35
10-24 23:45:40.793  1456  1843 W PackageParsing: Ignoring duplicate uses-permissions/uses-permissions-sdk-m: android.permission.ACCESS_NETWORK_STATE in package: com.jr.narutoii at: Binary XML file line #36
10-24 23:45:40.793  1456  1843 W PackageParsing: Ignoring duplicate uses-permissions/uses-permissions-sdk-m: android.permission.ACCESS_WIFI_STATE in package: com.jr.narutoii at: Binary XML file line #37
10-24 23:45:40.793  1456  1843 W PackageParsing: Ignoring duplicate uses-permissions/uses-permissions-sdk-m: android.permission.INTERNET in package: com.jr.narutoii at: Binary XML file line #38
10-24 23:45:40.794  1456  1843 W PackageParsing: Ignoring duplicate uses-permissions/uses-permissions-sdk-m: android.permission.WRITE_EXTERNAL_STORAGE in package: com.jr.narutoii at: Binary XML file line #39
10-24 23:45:40.794  1456  1843 W PackageParsing: Ignoring duplicate uses-permissions/uses-permissions-sdk-m: android.permission.READ_SMS in package: com.jr.narutoii at: Binary XML file line #48
10-24 23:45:40.794  1456  1843 W PackageParsing: Ignoring duplicate uses-permissions/uses-permissions-sdk-m: android.permission.SEND_SMS in package: com.jr.narutoii at: Binary XML file line #49
10-24 23:45:40.794  1456  1843 W PackageParsing: Ignoring duplicate uses-permissions/uses-permissions-sdk-m: android.permission.WRITE_SMS in package: com.jr.narutoii at: Binary XML file line #50
10-24 23:45:40.794  1456  1843 W PackageParsing: Ignoring duplicate uses-permissions/uses-permissions-sdk-m: android.permission.VIBRATE in package: com.jr.narutoii at: Binary XML file line #51
10-24 23:45:40.794  1456  1843 W PackageParsing: Ignoring duplicate uses-permissions/uses-permissions-sdk-m: android.permission.RECEIVE_BOOT_COMPLETED in package: com.jr.narutoii at: Binary XML file line #55
10-24 23:45:40.795  1456  1456 I NotificationService: Cannot find enqueued record for key: 0|com.google.android.apps.wellbeing|174344743|null|10121
10-24 23:45:40.795  1456  1843 W PackageParsing: Ignoring duplicate uses-permissions/uses-permissions-sdk-m: android.permission.INTERNET in package: com.jr.narutoii at: Binary XML file line #142
10-24 23:45:40.887  1456  1668 V StorageManagerService: Package null has legacy storage
10-24 23:45:40.936  1456  1456 I NotificationService: Cannot find enqueued record for key: 0|com.google.android.apps.wellbeing|174344743|null|10121
10-24 23:45:41.045  1456  1843 V BackupManagerService: [UserID:0] restoreAtInstall pkg=com.jr.narutoii token=31 restoreSet=0
10-24 23:45:41.046  1456  1843 V BackupManagerService: [UserID:0] Finishing install immediately
10-24 23:45:41.055  1456  1843 D PackageInstallerSession: Marking session 774146764 as applied
10-24 23:45:41.059  1456  1843 D CompatibilityChangeReporter: Compat change id reported: 168419799; UID 10239; state: DISABLED
10-24 23:45:41.059  1456  1843 D CompatibilityChangeReporter: Compat change id reported: 273564678; UID 10239; state: DISABLED
10-24 23:45:41.065  1456  2919 D CompatibilityChangeReporter: Compat change id reported: 218533173; UID 10239; state: DISABLED
10-24 23:45:41.069  1456  3206 W AppOps  : setUidMode() called with a mode inconsistent with runtime permission state, this is discouraged and you should revoke the runtime permission instead: uid=10125, switchCode=0, mode=4, permission=android.permission.ACCESS_BACKGROUND_LOCATION
10-24 23:45:41.077  1456  1684 W WindowMagnificationMgr: requestConnection duplicated request: connect=false, mConnectionState=DISCONNECTED
10-24 23:45:41.078  1456  1456 I Telecom : DefaultDialerCache: Refreshing default dialer for user 0: now com.google.android.dialer: DDC.oR@A1k
10-24 23:45:41.080  1456  1456 V BackupManagerConstants: getFullBackupIntervalMilliseconds(...) returns 86400000
10-24 23:45:41.080  1456  1456 V BackupManagerConstants: getFullBackupRequiredNetworkType(...) returns 2
10-24 23:45:41.080  1456  1456 V BackupManagerConstants: getFullBackupRequireCharging(...) returns true
10-24 23:45:41.110  1456  1684 W PackageManager: Failed registering loading progress callback. Package is fully loaded.
10-24 23:45:41.126  1456  5504 D CompatibilityChangeReporter: Compat change id reported: 161252188; UID 10239; state: DISABLED
10-24 23:45:41.134  1456  1684 W WindowMagnificationMgr: requestConnection duplicated request: connect=false, mConnectionState=DISCONNECTED
10-24 23:45:41.135  1456  1840 E VerityUtils: Failed to measure fs-verity, errno 1: /data/app/~~biYl0MQNABul_STbwHtGLg==/com.jr.narutoii-j5HiBj_Sjq3n6dxV9WbAOQ==/base.apk
10-24 23:45:41.150  1456  1456 I Telecom : DefaultDialerCache: Refreshing default dialer for user 0: now com.google.android.dialer: DDC.oR@A1o
10-24 23:45:41.171  1456  1843 E PackageManager: ERROR: could not load root hash from incremental install
10-24 23:45:41.177  1456  2042 W PackageParsing: Ignoring duplicate uses-permissions/uses-permissions-sdk-m: android.permission.DISABLE_KEYGUARD in package: xoin.sctqi.crejg at: Binary XML file line #24
10-24 23:45:41.182  1456  1843 I PackageManager: Integrity check passed for file:///data/app/vmdl1954465832.tmp
10-24 23:45:41.210  1456  1843 W PackageParsing: Ignoring duplicate uses-permissions/uses-permissions-sdk-m: android.permission.DISABLE_KEYGUARD in package: xoin.sctqi.crejg at: Binary XML file line #24
10-24 23:45:41.211  1456  4169 W BackupTransportManager: Package com.jr.narutoii enabled setting: 0
10-24 23:45:41.299  1456  1668 V StorageManagerService: Package null has legacy storage
10-24 23:45:41.385  1456  5502 W AppOps  : setUidMode() called with a mode inconsistent with runtime permission state, this is discouraged and you should revoke the runtime permission instead: uid=10125, switchCode=1, mode=4, permission=android.permission.ACCESS_BACKGROUND_LOCATION
10-24 23:45:41.387  1456  5498 W AppOps  : setUidMode() called with a mode inconsistent with runtime permission state, this is discouraged and you should revoke the runtime permission instead: uid=10125, switchCode=0, mode=4, permission=android.permission.ACCESS_BACKGROUND_LOCATION
10-24 23:45:41.398  1456  1843 V BackupManagerService: [UserID:0] restoreAtInstall pkg=xoin.sctqi.crejg token=32 restoreSet=0
10-24 23:45:41.398  1456  1843 V BackupManagerService: [UserID:0] Finishing install immediately
10-24 23:45:41.402  1456  1843 D PackageInstallerSession: Marking session 1954465832 as applied
10-24 23:45:41.406  1456  1843 D CompatibilityChangeReporter: Compat change id reported: 168419799; UID 10240; state: DISABLED
10-24 23:45:41.406  1456  1843 D CompatibilityChangeReporter: Compat change id reported: 273564678; UID 10240; state: DISABLED
10-24 23:45:41.414  1456  1456 I Telecom : DefaultDialerCache: Refreshing default dialer for user 0: now com.google.android.dialer: DDC.oR@A10
10-24 23:45:41.419  1456  2919 D CompatibilityChangeReporter: Compat change id reported: 218533173; UID 10240; state: DISABLED
10-24 23:45:41.420  1456  1684 W WindowMagnificationMgr: requestConnection duplicated request: connect=false, mConnectionState=DISCONNECTED
10-24 23:45:41.445  1456  1840 E VerityUtils: Failed to measure fs-verity, errno 1: /data/app/~~ykHN33e1ZVNyP6oiWw9klw==/xoin.sctqi.crejg-5DNxhdoEGvuvrrFWK-Sh_g==/base.apk
10-24 23:45:41.448  1456  1684 W PackageManager: Failed registering loading progress callback. Package is fully loaded.
10-24 23:45:41.460  1456  1567 D CompatibilityChangeReporter: Compat change id reported: 161252188; UID 10240; state: DISABLED
10-24 23:45:41.475  1456  1843 E PackageManager: ERROR: could not load root hash from incremental install
