10-24 23:45:48.287  1456  1843 V BackupManagerService: [UserID:0] Finishing install immediately
10-24 23:45:48.292  1456  1843 D PackageInstallerSession: Marking session 914985301 as applied
10-24 23:45:48.294  1456  1843 D CompatibilityChangeReporter: Compat change id reported: 168419799; UID 10254; state: DISABLED
10-24 23:45:48.294  1456  1843 D CompatibilityChangeReporter: Compat change id reported: 273564678; UID 10254; state: DISABLED
10-24 23:45:48.298  1456  2919 D CompatibilityChangeReporter: Compat change id reported: 218533173; UID 10254; state: DISABLED
10-24 23:45:48.306  1456  1456 I Telecom : DefaultDialerCache: Refreshing default dialer for user 0: now com.google.android.dialer: DDC.oR@A6c
10-24 23:45:48.312  1456  1456 V BackupManagerConstants: getFullBackupIntervalMilliseconds(...) returns 86400000
10-24 23:45:48.312  1456  1456 V BackupManagerConstants: getFullBackupRequiredNetworkType(...) returns 2
10-24 23:45:48.312  1456  1456 V BackupManagerConstants: getFullBackupRequireCharging(...) returns true
10-24 23:45:48.357  1456  1456 I Telecom : DefaultDialerCache: Refreshing default dialer for user 0: now com.google.android.dialer: DDC.oR@A6g
10-24 23:45:48.357  1456  1840 E VerityUtils: Failed to measure fs-verity, errno 1: /data/app/~~ntALwGg4u0SyJ8nQcxZEbQ==/yeyrm.ywoqeyfxty.hdp-n5JiA9BIrPmWzqgz51wXKg==/base.apk
10-24 23:45:48.357  1456  4169 W BackupTransportManager: Package yeyrm.ywoqeyfxty.hdp enabled setting: 0
10-24 23:45:48.369  1456  5509 D CompatibilityChangeReporter: Compat change id reported: 161252188; UID 10254; state: DISABLED
10-24 23:45:48.371  1456  1684 W WindowMagnificationMgr: requestConnection duplicated request: connect=false, mConnectionState=DISCONNECTED
10-24 23:45:48.402 12367 15656 W PackageParser: Ignoring duplicate uses-permissions/uses-permissions-sdk-m: android.permission.ACCESS_NETWORK_STATE in package: com.qiuqiu.dfmc at: Binary XML file line #11
10-24 23:45:48.402 12367 15656 W PackageParser: Ignoring duplicate uses-permissions/uses-permissions-sdk-m: android.permission.INTERNET in package: com.qiuqiu.dfmc at: Binary XML file line #12
10-24 23:45:48.402 12367 15656 W PackageParser: Ignoring duplicate uses-permissions/uses-permissions-sdk-m: android.permission.READ_PHONE_STATE in package: com.qiuqiu.dfmc at: Binary XML file line #13
10-24 23:45:48.402 12367 15656 W PackageParser: Ignoring duplicate uses-permissions/uses-permissions-sdk-m: android.permission.ACCESS_FINE_LOCATION in package: com.qiuqiu.dfmc at: Binary XML file line #14
10-24 23:45:48.402 12367 15656 W PackageParser: Ignoring duplicate uses-permissions/uses-permissions-sdk-m: android.permission.ACCESS_WIFI_STATE in package: com.qiuqiu.dfmc at: Binary XML file line #99
10-24 23:45:48.403 12367 15656 W PackageParser: Ignoring duplicate uses-permissions/uses-permissions-sdk-m: android.permission.ACCESS_WIFI_STATE in package: com.qiuqiu.dfmc at: Binary XML file line #102
10-24 23:45:48.403 12367 15656 W PackageParser: Ignoring duplicate uses-permissions/uses-permissions-sdk-m: android.permission.SYSTEM_ALERT_WINDOW in package: com.qiuqiu.dfmc at: Binary XML file line #103
10-24 23:45:48.403 12367 15656 W PackageParser: Ignoring duplicate uses-permissions/uses-permissions-sdk-m: android.permission.READ_PHONE_STATE in package: com.qiuqiu.dfmc at: Binary XML file line #104
10-24 23:45:48.403 12367 15656 W PackageParser: Ignoring duplicate uses-permissions/uses-permissions-sdk-m: android.permission.ACCESS_NETWORK_STATE in package: com.qiuqiu.dfmc at: Binary XML file line #105
10-24 23:45:48.403 12367 15656 W PackageParser: Ignoring duplicate uses-permissions/uses-permissions-sdk-m: android.permission.WRITE_EXTERNAL_STORAGE in package: com.qiuqiu.dfmc at: Binary XML file line #106
10-24 23:45:48.403 12367 15656 W PackageParser: Ignoring duplicate uses-permissions/uses-permissions-sdk-m: android.permission.INTERNET in package: com.qiuqiu.dfmc at: Binary XML file line #107
10-24 23:45:48.424  1456  1843 E PackageManager: ERROR: could not load root hash from incremental install
10-24 23:45:48.429  1456  1684 W PackageManager: Failed registering loading progress callback. Package is fully loaded.
10-24 23:45:48.431  1456  2042 W PackageParsing: Ignoring duplicate uses-permissions/uses-permissions-sdk-m: android.permission.ACCESS_NETWORK_STATE in package: rsoiogtjulaok.cieldreweq.hbdjtupunuq at: Binary XML file line #25
10-24 23:45:48.439  1456  1684 W WindowMagnificationMgr: requestConnection duplicated request: connect=false, mConnectionState=DISCONNECTED
10-24 23:45:48.462  1456  1843 I PackageManager: Integrity check passed for file:///data/app/vmdl227276834.tmp
10-24 23:45:48.472  1456  1843 W PackageParsing: Ignoring duplicate uses-permissions/uses-permissions-sdk-m: android.permission.ACCESS_NETWORK_STATE in package: rsoiogtjulaok.cieldreweq.hbdjtupunuq at: Binary XML file line #25
10-24 23:45:48.547  1456  1668 V StorageManagerService: Package null does not have legacy storage
10-24 23:45:48.792  1456  1843 V BackupManagerService: [UserID:0] restoreAtInstall pkg=rsoiogtjulaok.cieldreweq.hbdjtupunuq token=41 restoreSet=0
10-24 23:45:48.792  1456  1843 V BackupManagerService: [UserID:0] Finishing install immediately
10-24 23:45:48.794  1456  1843 D PackageInstallerSession: Marking session 227276834 as applied
10-24 23:45:48.796  1456  1843 D CompatibilityChangeReporter: Compat change id reported: 168419799; UID 10255; state: DISABLED
10-24 23:45:48.796  1456  1843 D CompatibilityChangeReporter: Compat change id reported: 273564678; UID 10255; state: DISABLED
10-24 23:45:48.802  1456  2919 D CompatibilityChangeReporter: Compat change id reported: 218533173; UID 10255; state: DISABLED
10-24 23:45:48.807  1456  1456 I Telecom : DefaultDialerCache: Refreshing default dialer for user 0: now com.google.android.dialer: DDC.oR@A6s
10-24 23:45:48.816  1456  1456 V BackupManagerConstants: getFullBackupIntervalMilliseconds(...) returns 86400000
10-24 23:45:48.816  1456  1456 V BackupManagerConstants: getFullBackupRequiredNetworkType(...) returns 2
10-24 23:45:48.816  1456  1456 V BackupManagerConstants: getFullBackupRequireCharging(...) returns true
10-24 23:45:48.854  1456  1840 E VerityUtils: Failed to measure fs-verity, errno 1: /data/app/~~KCPq0W5qyvZdhRlJHiqp-A==/rsoiogtjulaok.cieldreweq.hbdjtupunuq-grzFtIR5WzxwwWyiXIYWng==/base.apk
10-24 23:45:48.862  1456  5502 D CompatibilityChangeReporter: Compat change id reported: 161252188; UID 10255; state: DISABLED
10-24 23:45:48.888  1456  1684 W WindowMagnificationMgr: requestConnection duplicated request: connect=false, mConnectionState=DISCONNECTED
10-24 23:45:48.912  1456  1456 I Telecom : DefaultDialerCache: Refreshing default dialer for user 0: now com.google.android.dialer: DDC.oR@A64
10-24 23:45:48.912  1456  4169 W BackupTransportManager: Package rsoiogtjulaok.cieldreweq.hbdjtupunuq enabled setting: 0
10-24 23:45:48.939  1456  1843 E PackageManager: ERROR: could not load root hash from incremental install
10-24 23:45:48.951  1456  1843 I PackageManager: Integrity check passed for file:///data/app/vmdl2049242643.tmp
10-24 23:45:48.958  1456  1684 W PackageManager: Failed registering loading progress callback. Package is fully loaded.
10-24 23:45:48.967  1456  1684 W WindowMagnificationMgr: requestConnection duplicated request: connect=false, mConnectionState=DISCONNECTED
10-24 23:45:49.038  1456  1668 V StorageManagerService: Package null does not have legacy storage
10-24 23:45:49.046  1456  5495 D CompatibilityChangeReporter: Compat change id reported: 161252188; UID 10256; state: DISABLED
10-24 23:45:49.159  1456  1987 W AppOps  : setUidMode() called with a mode inconsistent with runtime permission state, this is discouraged and you should revoke the runtime permission instead: uid=10125, switchCode=0, mode=4, permission=android.permission.ACCESS_BACKGROUND_LOCATION
10-24 23:45:49.244  1456  1987 W AppOps  : setUidMode() called with a mode inconsistent with runtime permission state, this is discouraged and you should revoke the runtime permission instead: uid=10125, switchCode=1, mode=4, permission=android.permission.ACCESS_BACKGROUND_LOCATION
10-24 23:45:49.247  1456  3209 W AppOps  : setUidMode() called with a mode inconsistent with runtime permission state, this is discouraged and you should revoke the runtime permission instead: uid=10125, switchCode=0, mode=4, permission=android.permission.ACCESS_BACKGROUND_LOCATION
10-24 23:45:49.310  1456  3209 I ActivityManager: Background started FGS: Allowed [callingPackage: com.google.android.apps.wellbeing; callingUid: 10121; uidState: BFGS; intent: Intent { cmp=com.google.android.apps.wellbeing/com.google.apps.tiktok.concurrent.InternalForegroundService (has extras) }; code:BACKGROUND_ACTIVITY_PERMISSION; tempAllowListReason:<null>; targetSdkVersion:33; callerTargetSdkVersion:33; startForegroundCount:0; bindFromPackage:null]
10-24 23:45:49.360  1456  1843 V BackupManagerService: [UserID:0] restoreAtInstall pkg=com.android.mobilephone token=42 restoreSet=0
10-24 23:45:49.360  1456  1843 V BackupManagerService: [UserID:0] Finishing install immediately
10-24 23:45:49.362  1456  1843 D PackageInstallerSession: Marking session 2049242643 as applied
10-24 23:45:49.367  1456  1843 D CompatibilityChangeReporter: Compat change id reported: 168419799; UID 10256; state: DISABLED
10-24 23:45:49.367  1456  1843 D CompatibilityChangeReporter: Compat change id reported: 273564678; UID 10256; state: DISABLED
10-24 23:45:49.372  1456  2919 D CompatibilityChangeReporter: Compat change id reported: 218533173; UID 10256; state: DISABLED
10-24 23:45:49.374  1456  1456 I Telecom : DefaultDialerCache: Refreshing default dialer for user 0: now com.google.android.dialer: DDC.oR@A7E
10-24 23:45:49.381  1456  1456 V BackupManagerConstants: getFullBackupIntervalMilliseconds(...) returns 86400000
10-24 23:45:49.381  1456  1456 V BackupManagerConstants: getFullBackupRequiredNetworkType(...) returns 2
10-24 23:45:49.381  1456  1456 V BackupManagerConstants: getFullBackupRequireCharging(...) returns true
10-24 23:45:49.420  1456  1840 E VerityUtils: Failed to measure fs-verity, errno 1: /data/app/~~5hmHh6kAJd6XpCc7Z6lOiA==/com.android.mobilephone-FeuHo0plVitVI_WIdxbk4g==/base.apk
10-24 23:45:49.422  1456  1456 I Telecom : DefaultDialerCache: Refreshing default dialer for user 0: now com.google.android.dialer: DDC.oR@A7I
10-24 23:45:49.423  1456  4169 W BackupTransportManager: Package com.android.mobilephone enabled setting: 0
10-24 23:45:49.438  1456  1684 W WindowMagnificationMgr: requestConnection duplicated request: connect=false, mConnectionState=DISCONNECTED
10-24 23:45:49.481  1456  1843 E PackageManager: ERROR: could not load root hash from incremental install
10-24 23:45:49.504  1456  1843 I PackageManager: Integrity check passed for file:///data/app/vmdl2136572529.tmp
10-24 23:45:49.571  1456  1456 I NotificationService: Cannot find enqueued record for key: 0|com.google.android.apps.wellbeing|174344743|null|10121
10-24 23:45:49.571  1456  1684 W PackageManager: Failed registering loading progress callback. Package is fully loaded.
10-24 23:45:49.571  1456  1843 V BackupManagerService: [UserID:0] restoreAtInstall pkg=com.google.android.yrtdsfh token=43 restoreSet=0
10-24 23:45:49.572  1456  1843 V BackupManagerService: [UserID:0] Finishing install immediately
10-24 23:45:49.574  1456  1843 D PackageInstallerSession: Marking session 2136572529 as applied
10-24 23:45:49.577  1456  1843 D CompatibilityChangeReporter: Compat change id reported: 168419799; UID 10257; state: DISABLED
10-24 23:45:49.577  1456  1843 D CompatibilityChangeReporter: Compat change id reported: 273564678; UID 10257; state: DISABLED
10-24 23:45:49.582  1456  1684 W WindowMagnificationMgr: requestConnection duplicated request: connect=false, mConnectionState=DISCONNECTED
10-24 23:45:49.585  1456  2919 D CompatibilityChangeReporter: Compat change id reported: 218533173; UID 10257; state: DISABLED
10-24 23:45:49.592  1456  1456 I Telecom : DefaultDialerCache: Refreshing default dialer for user 0: now com.google.android.dialer: DDC.oR@A7c
10-24 23:45:49.611  1456  1456 V BackupManagerConstants: getFullBackupIntervalMilliseconds(...) returns 86400000
10-24 23:45:49.611  1456  1456 V BackupManagerConstants: getFullBackupRequiredNetworkType(...) returns 2
10-24 23:45:49.611  1456  1456 V BackupManagerConstants: getFullBackupRequireCharging(...) returns true
10-24 23:45:49.635  1456  1456 I Telecom : DefaultDialerCache: Refreshing default dialer for user 0: now com.google.android.dialer: DDC.oR@A7g
10-24 23:45:49.637  1456  1840 E VerityUtils: Failed to measure fs-verity, errno 1: /data/app/~~Dcvd7PTdv6f5WdPYBCYT3g==/com.google.android.yrtdsfh-JtS-uqoNdcf6ZdNlCpzUyA==/base.apk
10-24 23:45:49.660  1456  4169 W BackupTransportManager: Package com.google.android.yrtdsfh enabled setting: 0
10-24 23:45:49.664  1456  1684 W WindowMagnificationMgr: requestConnection duplicated request: connect=false, mConnectionState=DISCONNECTED
10-24 23:45:49.717  1456  1684 W PackageManager: Failed registering loading progress callback. Package is fully loaded.
10-24 23:45:49.751  1456  1684 W WindowMagnificationMgr: requestConnection duplicated request: connect=false, mConnectionState=DISCONNECTED
10-24 23:45:49.823  1456  2987 D CompatibilityChangeReporter: Compat change id reported: 161252188; UID 10257; state: DISABLED
10-24 23:45:49.831  1456  1843 E PackageManager: ERROR: could not load root hash from incremental install
10-24 23:45:49.840  1456  2042 W PackageParsing: Ignoring duplicate uses-permissions/uses-permissions-sdk-m:  in package: qiu.com at: Binary XML file line #14
10-24 23:45:49.840  1456  2042 W PackageParsing: Ignoring duplicate uses-permissions/uses-permissions-sdk-m:  in package: qiu.com at: Binary XML file line #15
10-24 23:45:49.840  1456  2042 W PackageParsing: Ignoring duplicate uses-permissions/uses-permissions-sdk-m:  in package: qiu.com at: Binary XML file line #19
10-24 23:45:49.840  1456  2042 W PackageParsing: Ignoring duplicate uses-permissions/uses-permissions-sdk-m:  in package: qiu.com at: Binary XML file line #20
10-24 23:45:49.840  1456  2042 W PackageParsing: Ignoring duplicate uses-permissions/uses-permissions-sdk-m:  in package: qiu.com at: Binary XML file line #22
10-24 23:45:49.840  1456  2042 W PackageParsing: Ignoring duplicate uses-permissions/uses-permissions-sdk-m:  in package: qiu.com at: Binary XML file line #27
10-24 23:45:49.870  1456  1843 I PackageManager: Integrity check passed for file:///data/app/vmdl710844073.tmp
10-24 23:45:49.880  1456  1843 W PackageParsing: Ignoring duplicate uses-permissions/uses-permissions-sdk-m:  in package: qiu.com at: Binary XML file line #14
10-24 23:45:49.880  1456  1843 W PackageParsing: Ignoring duplicate uses-permissions/uses-permissions-sdk-m:  in package: qiu.com at: Binary XML file line #15
10-24 23:45:49.880  1456  1843 W PackageParsing: Ignoring duplicate uses-permissions/uses-permissions-sdk-m:  in package: qiu.com at: Binary XML file line #19
10-24 23:45:49.880  1456  1843 W PackageParsing: Ignoring duplicate uses-permissions/uses-permissions-sdk-m:  in package: qiu.com at: Binary XML file line #20
10-24 23:45:49.880  1456  1843 W PackageParsing: Ignoring duplicate uses-permissions/uses-permissions-sdk-m:  in package: qiu.com at: Binary XML file line #22
10-24 23:45:49.880  1456  1843 W PackageParsing: Ignoring duplicate uses-permissions/uses-permissions-sdk-m:  in package: qiu.com at: Binary XML file line #27
10-24 23:45:49.966  1456  1668 V StorageManagerService: Package null has legacy storage
10-24 23:45:50.059  1456  5511 W AppOps  : setUidMode() called with a mode inconsistent with runtime permission state, this is discouraged and you should revoke the runtime permission instead: uid=10125, switchCode=0, mode=4, permission=android.permission.ACCESS_BACKGROUND_LOCATION
10-24 23:45:50.130  1456  5496 W AppOps  : setUidMode() called with a mode inconsistent with runtime permission state, this is discouraged and you should revoke the runtime permission instead: uid=10125, switchCode=1, mode=4, permission=android.permission.ACCESS_BACKGROUND_LOCATION
10-24 23:45:50.133  1456  5511 W AppOps  : setUidMode() called with a mode inconsistent with runtime permission state, this is discouraged and you should revoke the runtime permission instead: uid=10125, switchCode=0, mode=4, permission=android.permission.ACCESS_BACKGROUND_LOCATION
10-24 23:45:50.188  1456  1843 V BackupManagerService: [UserID:0] restoreAtInstall pkg=qiu.com token=44 restoreSet=0
10-24 23:45:50.188  1456  1843 V BackupManagerService: [UserID:0] Finishing install immediately
10-24 23:45:50.195  1456  1843 D PackageInstallerSession: Marking session 710844073 as applied
10-24 23:45:50.198  1456  1843 D CompatibilityChangeReporter: Compat change id reported: 168419799; UID 10258; state: DISABLED
10-24 23:45:50.198  1456  1843 D CompatibilityChangeReporter: Compat change id reported: 273564678; UID 10258; state: DISABLED
10-24 23:45:50.202  1456  2919 D CompatibilityChangeReporter: Compat change id reported: 218533173; UID 10258; state: DISABLED
10-24 23:45:50.207  1456  1456 I Telecom : DefaultDialerCache: Refreshing default dialer for user 0: now com.google.android.dialer: DDC.oR@A7s
10-24 23:45:50.235  1456  1456 I Telecom : DefaultDialerCache: Refreshing default dialer for user 0: now com.google.android.dialer: DDC.oR@A7w
10-24 23:45:50.240  1456  1684 W WindowMagnificationMgr: requestConnection duplicated request: connect=false, mConnectionState=DISCONNECTED
10-24 23:45:50.242  1456  1840 E VerityUtils: Failed to measure fs-verity, errno 1: /data/app/~~ai0B4v31fiwQo5zhxLUqlg==/qiu.com-VbfnwKyOSYyuOhmUutxQnA==/base.apk
10-24 23:45:50.264  1456  1987 D CompatibilityChangeReporter: Compat change id reported: 161252188; UID 10258; state: DISABLED
10-24 23:45:50.266  1456  1684 W PackageManager: Failed registering loading progress callback. Package is fully loaded.
10-24 23:45:50.277  1456  1684 W WindowMagnificationMgr: requestConnection duplicated request: connect=false, mConnectionState=DISCONNECTED
10-24 23:45:50.342  1456  4169 W BackupTransportManager: Package qiu.com enabled setting: 0
10-24 23:45:50.352  1456  1843 E PackageManager: ERROR: could not load root hash from incremental install
10-24 23:45:50.372  1456  1843 I PackageManager: Integrity check passed for file:///data/app/vmdl628802730.tmp
10-24 23:45:50.486  1456  1668 V StorageManagerService: Package null has legacy storage
10-24 23:45:50.501  1456  4023 D OomAdjuster: Not killing cached processes
10-24 23:45:50.667  1456  1843 V BackupManagerService: [UserID:0] restoreAtInstall pkg=com.evilsunflower.reader.evilYufang15 token=45 restoreSet=0
10-24 23:45:50.667  1456  1843 V BackupManagerService: [UserID:0] Finishing install immediately
10-24 23:45:50.670  1456  1843 D PackageInstallerSession: Marking session 628802730 as applied
10-24 23:45:50.672  1456  1843 D CompatibilityChangeReporter: Compat change id reported: 168419799; UID 10259; state: DISABLED
10-24 23:45:50.672  1456  1843 D CompatibilityChangeReporter: Compat change id reported: 273564678; UID 10259; state: DISABLED
10-24 23:45:50.677  1456  2919 D CompatibilityChangeReporter: Compat change id reported: 218533173; UID 10259; state: DISABLED
10-24 23:45:50.702  1456  1456 I Telecom : DefaultDialerCache: Refreshing default dialer for user 0: now com.google.android.dialer: DDC.oR@A78
10-24 23:45:50.726  1456  1456 V BackupManagerConstants: getFullBackupIntervalMilliseconds(...) returns 86400000
10-24 23:45:50.726  1456  1456 V BackupManagerConstants: getFullBackupRequiredNetworkType(...) returns 2
10-24 23:45:50.726  1456  1456 V BackupManagerConstants: getFullBackupRequireCharging(...) returns true
10-24 23:45:50.727  1456  1840 E VerityUtils: Failed to measure fs-verity, errno 1: /data/app/~~mwbXunOrFHhFOeGpC_3Zng==/com.evilsunflower.reader.evilYufang15-OCKXB_ClOuXzTfPQjzGL2w==/base.apk
10-24 23:45:50.739  1456  1456 I Telecom : DefaultDialerCache: Refreshing default dialer for user 0: now com.google.android.dialer: DDC.oR@A8A
10-24 23:45:50.750  1456  5500 D CompatibilityChangeReporter: Compat change id reported: 161252188; UID 10259; state: DISABLED
10-24 23:45:50.786  1456  4169 W BackupTransportManager: Package com.evilsunflower.reader.evilYufang15 enabled setting: 0
10-24 23:45:50.804  1456  1684 W WindowMagnificationMgr: requestConnection duplicated request: connect=false, mConnectionState=DISCONNECTED
10-24 23:45:50.850  1456  1684 W PackageManager: Failed registering loading progress callback. Package is fully loaded.
10-24 23:45:50.858  1456  1684 W WindowMagnificationMgr: requestConnection duplicated request: connect=false, mConnectionState=DISCONNECTED
10-24 23:45:50.983  1456  5509 I ActivityManager: Background started FGS: Allowed [callingPackage: com.google.android.apps.wellbeing; callingUid: 10121; uidState: BFGS; intent: Intent { cmp=com.google.android.apps.wellbeing/com.google.apps.tiktok.concurrent.InternalForegroundService (has extras) }; code:BACKGROUND_ACTIVITY_PERMISSION; tempAllowListReason:<null>; targetSdkVersion:33; callerTargetSdkVersion:33; startForegroundCount:0; bindFromPackage:null]
10-24 23:45:51.059  1456  1843 E PackageManager: ERROR: could not load root hash from incremental install
10-24 23:45:51.079  1456  2987 W AppOps  : setUidMode() called with a mode inconsistent with runtime permission state, this is discouraged and you should revoke the runtime permission instead: uid=10125, switchCode=0, mode=4, permission=android.permission.ACCESS_BACKGROUND_LOCATION
10-24 23:45:51.101  1456  1843 I PackageManager: Integrity check passed for file:///data/app/vmdl1095645275.tmp
10-24 23:45:51.134  1456  1843 I PackageManager: Permission ownership changed. Updating all permissions.
10-24 23:45:51.205  1456  1456 I NotificationService: Cannot find enqueued record for key: 0|com.google.android.apps.wellbeing|174344743|null|10121
10-24 23:45:51.240  1456  3209 W AppOps  : setUidMode() called with a mode inconsistent with runtime permission state, this is discouraged and you should revoke the runtime permission instead: uid=10125, switchCode=1, mode=4, permission=android.permission.ACCESS_BACKGROUND_LOCATION
10-24 23:45:51.242  1456  3209 W AppOps  : setUidMode() called with a mode inconsistent with runtime permission state, this is discouraged and you should revoke the runtime permission instead: uid=10125, switchCode=0, mode=4, permission=android.permission.ACCESS_BACKGROUND_LOCATION
10-24 23:45:51.287  1456  1668 V StorageManagerService: Package null has legacy storage
10-24 23:45:51.613  1456  1843 V BackupManagerService: [UserID:0] restoreAtInstall pkg=com.yoojar.zlsg.baidu token=46 restoreSet=0
10-24 23:45:51.614  1456  1843 V BackupManagerService: [UserID:0] Finishing install immediately
10-24 23:45:51.625  1456  1843 D PackageInstallerSession: Marking session 1095645275 as applied
10-24 23:45:51.627  1456  1843 D CompatibilityChangeReporter: Compat change id reported: 168419799; UID 10260; state: DISABLED
10-24 23:45:51.627  1456  1843 D CompatibilityChangeReporter: Compat change id reported: 273564678; UID 10260; state: DISABLED
10-24 23:45:51.633  1456  2919 D CompatibilityChangeReporter: Compat change id reported: 218533173; UID 10260; state: DISABLED
10-24 23:45:51.637  1456  1456 I Telecom : DefaultDialerCache: Refreshing default dialer for user 0: now com.google.android.dialer: DDC.oR@A8U
10-24 23:45:51.644  1456  1456 V BackupManagerConstants: getFullBackupIntervalMilliseconds(...) returns 86400000
10-24 23:45:51.645  1456  1456 V BackupManagerConstants: getFullBackupRequiredNetworkType(...) returns 2
10-24 23:45:51.645  1456  1456 V BackupManagerConstants: getFullBackupRequireCharging(...) returns true
10-24 23:45:51.677  1456  1840 E VerityUtils: Failed to measure fs-verity, errno 1: /data/app/~~BG3cB7mjZF2SWLaxeVN-wg==/com.yoojar.zlsg.baidu-vGzE14zSry0NJnNbs-PPHA==/base.apk
10-24 23:45:51.681  1456  1456 I Telecom : DefaultDialerCache: Refreshing default dialer for user 0: now com.google.android.dialer: DDC.oR@A8Y
10-24 23:45:51.697  1456  4169 W BackupTransportManager: Package com.yoojar.zlsg.baidu enabled setting: 0
10-24 23:45:51.700  1456  4023 D CompatibilityChangeReporter: Compat change id reported: 161252188; UID 10260; state: DISABLED
10-24 23:45:51.749  1456  1684 W WindowMagnificationMgr: requestConnection duplicated request: connect=false, mConnectionState=DISCONNECTED
10-24 23:45:51.801  1456  1684 W PackageManager: Failed registering loading progress callback. Package is fully loaded.
10-24 23:45:51.811  1456  1684 W WindowMagnificationMgr: requestConnection duplicated request: connect=false, mConnectionState=DISCONNECTED
10-24 23:45:52.077  1456  5507 W AppOps  : setUidMode() called with a mode inconsistent with runtime permission state, this is discouraged and you should revoke the runtime permission instead: uid=10125, switchCode=0, mode=4, permission=android.permission.ACCESS_BACKGROUND_LOCATION
10-24 23:45:52.086  1456  1843 E PackageManager: ERROR: could not load root hash from incremental install
10-24 23:45:52.091  1456  2042 W PackageParsing: Ignoring duplicate uses-permissions/uses-permissions-sdk-m: android.permission.INTERNET in package: com.vbdcf54.d2b25 at: Binary XML file line #49
10-24 23:45:52.091  1456  2042 W PackageParsing: Ignoring duplicate uses-permissions/uses-permissions-sdk-m: android.permission.ACCESS_NETWORK_STATE in package: com.vbdcf54.d2b25 at: Binary XML file line #50
10-24 23:45:52.091  1456  2042 W PackageParsing: Ignoring duplicate uses-permissions/uses-permissions-sdk-m: android.permission.ACCESS_WIFI_STATE in package: com.vbdcf54.d2b25 at: Binary XML file line #51
10-24 23:45:52.091  1456  2042 W PackageParsing: Ignoring duplicate uses-permissions/uses-permissions-sdk-m: android.permission.READ_PHONE_STATE in package: com.vbdcf54.d2b25 at: Binary XML file line #52
10-24 23:45:52.091  1456  2042 W PackageParsing: Ignoring duplicate uses-permissions/uses-permissions-sdk-m: android.permission.WRITE_EXTERNAL_STORAGE in package: com.vbdcf54.d2b25 at: Binary XML file line #53
10-24 23:45:52.091  1456  2042 W PackageParsing: Ignoring duplicate uses-permissions/uses-permissions-sdk-m: android.permission.READ_PHONE_STATE in package: com.vbdcf54.d2b25 at: Binary XML file line #56
10-24 23:45:52.091  1456  2042 W PackageParsing: Ignoring duplicate uses-permissions/uses-permissions-sdk-m: android.permission.INTERNET in package: com.vbdcf54.d2b25 at: Binary XML file line #57
10-24 23:45:52.091  1456  2042 W PackageParsing: Ignoring duplicate uses-permissions/uses-permissions-sdk-m: android.permission.ACCESS_NETWORK_STATE in package: com.vbdcf54.d2b25 at: Binary XML file line #58
10-24 23:45:52.091  1456  2042 W PackageParsing: Ignoring duplicate uses-permissions/uses-permissions-sdk-m: android.permission.WRITE_EXTERNAL_STORAGE in package: com.vbdcf54.d2b25 at: Binary XML file line #59
10-24 23:45:52.091  1456  2042 W PackageParsing: Ignoring duplicate uses-permissions/uses-permissions-sdk-m: android.permission.GET_TASKS in package: com.vbdcf54.d2b25 at: Binary XML file line #61
10-24 23:45:52.104  1456  1843 I PackageManager: Integrity check passed for file:///data/app/vmdl1546202591.tmp
10-24 23:45:52.112  1456  1843 W PackageParsing: Ignoring duplicate uses-permissions/uses-permissions-sdk-m: android.permission.INTERNET in package: com.vbdcf54.d2b25 at: Binary XML file line #49
10-24 23:45:52.112  1456  1843 W PackageParsing: Ignoring duplicate uses-permissions/uses-permissions-sdk-m: android.permission.ACCESS_NETWORK_STATE in package: com.vbdcf54.d2b25 at: Binary XML file line #50
10-24 23:45:52.112  1456  1843 W PackageParsing: Ignoring duplicate uses-permissions/uses-permissions-sdk-m: android.permission.ACCESS_WIFI_STATE in package: com.vbdcf54.d2b25 at: Binary XML file line #51
10-24 23:45:52.112  1456  1843 W PackageParsing: Ignoring duplicate uses-permissions/uses-permissions-sdk-m: android.permission.READ_PHONE_STATE in package: com.vbdcf54.d2b25 at: Binary XML file line #52
10-24 23:45:52.112  1456  1843 W PackageParsing: Ignoring duplicate uses-permissions/uses-permissions-sdk-m: android.permission.WRITE_EXTERNAL_STORAGE in package: com.vbdcf54.d2b25 at: Binary XML file line #53
10-24 23:45:52.112  1456  1843 W PackageParsing: Ignoring duplicate uses-permissions/uses-permissions-sdk-m: android.permission.READ_PHONE_STATE in package: com.vbdcf54.d2b25 at: Binary XML file line #56
10-24 23:45:52.112  1456  1843 W PackageParsing: Ignoring duplicate uses-permissions/uses-permissions-sdk-m: android.permission.INTERNET in package: com.vbdcf54.d2b25 at: Binary XML file line #57
10-24 23:45:52.112  1456  1843 W PackageParsing: Ignoring duplicate uses-permissions/uses-permissions-sdk-m: android.permission.ACCESS_NETWORK_STATE in package: com.vbdcf54.d2b25 at: Binary XML file line #58
10-24 23:45:52.112  1456  1843 W PackageParsing: Ignoring duplicate uses-permissions/uses-permissions-sdk-m: android.permission.WRITE_EXTERNAL_STORAGE in package: com.vbdcf54.d2b25 at: Binary XML file line #59
10-24 23:45:52.112  1456  1843 W PackageParsing: Ignoring duplicate uses-permissions/uses-permissions-sdk-m: android.permission.GET_TASKS in package: com.vbdcf54.d2b25 at: Binary XML file line #61
10-24 23:45:52.135  1456  1843 I PackageManager: Permission ownership changed. Updating all permissions.
10-24 23:45:52.239  1456  5509 W AppOps  : setUidMode() called with a mode inconsistent with runtime permission state, this is discouraged and you should revoke the runtime permission instead: uid=10125, switchCode=1, mode=4, permission=android.permission.ACCESS_BACKGROUND_LOCATION
10-24 23:45:52.241  1456  2987 W AppOps  : setUidMode() called with a mode inconsistent with runtime permission state, this is discouraged and you should revoke the runtime permission instead: uid=10125, switchCode=0, mode=4, permission=android.permission.ACCESS_BACKGROUND_LOCATION
10-24 23:45:52.315  1456  1668 V StorageManagerService: Package null has legacy storage
10-24 23:45:52.385  1456  1843 V BackupManagerService: [UserID:0] restoreAtInstall pkg=com.vbdcf54.d2b25 token=47 restoreSet=0
10-24 23:45:52.385  1456  1843 V BackupManagerService: [UserID:0] Finishing install immediately
10-24 23:45:52.387  1456  1843 D PackageInstallerSession: Marking session 1546202591 as applied
10-24 23:45:52.388  1456  1843 D CompatibilityChangeReporter: Compat change id reported: 168419799; UID 10261; state: DISABLED
10-24 23:45:52.388  1456  1843 D CompatibilityChangeReporter: Compat change id reported: 273564678; UID 10261; state: DISABLED
10-24 23:45:52.392  1456  2919 D CompatibilityChangeReporter: Compat change id reported: 218533173; UID 10261; state: DISABLED
10-24 23:45:52.397  1456  1456 I Telecom : DefaultDialerCache: Refreshing default dialer for user 0: now com.google.android.dialer: DDC.oR@A8k
10-24 23:45:52.411  1456  1456 V BackupManagerConstants: getFullBackupIntervalMilliseconds(...) returns 86400000
10-24 23:45:52.411  1456  1456 V BackupManagerConstants: getFullBackupRequiredNetworkType(...) returns 2
10-24 23:45:52.411  1456  1456 V BackupManagerConstants: getFullBackupRequireCharging(...) returns true
10-24 23:45:52.430  1456  1840 E VerityUtils: Failed to measure fs-verity, errno 1: /data/app/~~DYmClueQw6U6qkYLocrP7w==/com.vbdcf54.d2b25-it3OXEK4ZAd2z7cR1rvPbA==/base.apk
10-24 23:45:52.435  1456  4023 D CompatibilityChangeReporter: Compat change id reported: 161252188; UID 10261; state: DISABLED
10-24 23:45:52.459  1456  1684 W WindowMagnificationMgr: requestConnection duplicated request: connect=false, mConnectionState=DISCONNECTED
10-24 23:45:52.489  1456  1456 I Telecom : DefaultDialerCache: Refreshing default dialer for user 0: now com.google.android.dialer: DDC.oR@A8w
10-24 23:45:52.504  1456  4169 W BackupTransportManager: Package com.vbdcf54.d2b25 enabled setting: 0
10-24 23:45:52.524  1456  1684 W PackageManager: Failed registering loading progress callback. Package is fully loaded.
10-24 23:45:52.533  1456  1684 W WindowMagnificationMgr: requestConnection duplicated request: connect=false, mConnectionState=DISCONNECTED
10-24 23:45:52.722  1456  3209 I ActivityManager: Background started FGS: Allowed [callingPackage: com.google.android.apps.wellbeing; callingUid: 10121; uidState: BFGS; intent: Intent { cmp=com.google.android.apps.wellbeing/com.google.apps.tiktok.concurrent.InternalForegroundService (has extras) }; code:BACKGROUND_ACTIVITY_PERMISSION; tempAllowListReason:<null>; targetSdkVersion:33; callerTargetSdkVersion:33; startForegroundCount:0; bindFromPackage:null]
10-24 23:45:52.809  1456  1843 E PackageManager: ERROR: could not load root hash from incremental install
10-24 23:45:52.821  1456  1843 I PackageManager: Integrity check passed for file:///data/app/vmdl992415275.tmp
10-24 23:45:52.888  1456  1668 V StorageManagerService: Package null has legacy storage
10-24 23:45:52.929  1456  1456 I NotificationService: Cannot find enqueued record for key: 0|com.google.android.apps.wellbeing|174344743|null|10121
10-24 23:45:53.066  1456  3209 W AppOps  : setUidMode() called with a mode inconsistent with runtime permission state, this is discouraged and you should revoke the runtime permission instead: uid=10125, switchCode=0, mode=4, permission=android.permission.ACCESS_BACKGROUND_LOCATION
10-24 23:45:53.076  1456  1843 V BackupManagerService: [UserID:0] restoreAtInstall pkg=cn.inssgame.paokugame token=48 restoreSet=0
10-24 23:45:53.077  1456  1843 V BackupManagerService: [UserID:0] Finishing install immediately
10-24 23:45:53.085  1456  1843 D PackageInstallerSession: Marking session 992415275 as applied
10-24 23:45:53.087  1456  1843 D CompatibilityChangeReporter: Compat change id reported: 168419799; UID 10262; state: DISABLED
10-24 23:45:53.087  1456  1843 D CompatibilityChangeReporter: Compat change id reported: 273564678; UID 10262; state: DISABLED
10-24 23:45:53.101  1456  2919 D CompatibilityChangeReporter: Compat change id reported: 218533173; UID 10262; state: DISABLED
10-24 23:45:53.102  1456  1456 I Telecom : DefaultDialerCache: Refreshing default dialer for user 0: now com.google.android.dialer: DDC.oR@A88
10-24 23:45:53.111  1456  1456 V BackupManagerConstants: getFullBackupIntervalMilliseconds(...) returns 86400000
10-24 23:45:53.111  1456  1456 V BackupManagerConstants: getFullBackupRequiredNetworkType(...) returns 2
10-24 23:45:53.111  1456  1456 V BackupManagerConstants: getFullBackupRequireCharging(...) returns true
10-24 23:45:53.137  1456  1456 I Telecom : DefaultDialerCache: Refreshing default dialer for user 0: now com.google.android.dialer: DDC.oR@A9A
10-24 23:45:53.140  1456  4023 D CompatibilityChangeReporter: Compat change id reported: 161252188; UID 10262; state: DISABLED
10-24 23:45:53.145  1456  1840 E VerityUtils: Failed to measure fs-verity, errno 1: /data/app/~~RTTZDmk-PdORh6DwqZGl0w==/cn.inssgame.paokugame-OaFBB6x2Cw8QR_twe5DoCg==/base.apk
10-24 23:45:53.147  1456  4169 W BackupTransportManager: Package cn.inssgame.paokugame enabled setting: 0
10-24 23:45:53.174  1456  1684 W WindowMagnificationMgr: requestConnection duplicated request: connect=false, mConnectionState=DISCONNECTED
10-24 23:45:53.239  1456  1684 W PackageManager: Failed registering loading progress callback. Package is fully loaded.
10-24 23:45:53.250  1456  1684 W WindowMagnificationMgr: requestConnection duplicated request: connect=false, mConnectionState=DISCONNECTED
10-24 23:45:53.258  1456  5500 W AppOps  : setUidMode() called with a mode inconsistent with runtime permission state, this is discouraged and you should revoke the runtime permission instead: uid=10125, switchCode=1, mode=4, permission=android.permission.ACCESS_BACKGROUND_LOCATION
10-24 23:45:53.260  1456  5500 W AppOps  : setUidMode() called with a mode inconsistent with runtime permission state, this is discouraged and you should revoke the runtime permission instead: uid=10125, switchCode=0, mode=4, permission=android.permission.ACCESS_BACKGROUND_LOCATION
10-24 23:45:53.494  1456  3207 I ActivityManager: Background started FGS: Allowed [callingPackage: com.google.android.apps.wellbeing; callingUid: 10121; uidState: BFGS; intent: Intent { cmp=com.google.android.apps.wellbeing/com.google.apps.tiktok.concurrent.InternalForegroundService (has extras) }; code:BACKGROUND_ACTIVITY_PERMISSION; tempAllowListReason:<null>; targetSdkVersion:33; callerTargetSdkVersion:33; startForegroundCount:0; bindFromPackage:null]
10-24 23:45:53.700  1456  1456 I NotificationService: Cannot find enqueued record for key: 0|com.google.android.apps.wellbeing|174344743|null|10121
10-24 23:45:54.095  1456  1843 E PackageManager: ERROR: could not load root hash from incremental install
10-24 23:45:54.184  1456  1843 I PackageManager: Integrity check passed for file:///data/app/vmdl1103731171.tmp
10-24 23:45:54.353  1456  1668 V StorageManagerService: Package null has legacy storage
10-24 23:45:54.520  1456  1843 V BackupManagerService: [UserID:0] restoreAtInstall pkg=com.kascend.chushov token=49 restoreSet=0
10-24 23:45:54.521  1456  1843 V BackupManagerService: [UserID:0] Finishing install immediately
10-24 23:45:54.522  1456  1843 D PackageInstallerSession: Marking session 1103731171 as applied
10-24 23:45:54.525  1456  1843 D CompatibilityChangeReporter: Compat change id reported: 168419799; UID 10263; state: DISABLED
10-24 23:45:54.526  1456  1843 D CompatibilityChangeReporter: Compat change id reported: 273564678; UID 10263; state: DISABLED
10-24 23:45:54.530  1456  2919 D CompatibilityChangeReporter: Compat change id reported: 218533173; UID 10263; state: DISABLED
10-24 23:45:54.534  1456  1456 I Telecom : DefaultDialerCache: Refreshing default dialer for user 0: now com.google.android.dialer: DDC.oR@A9U
10-24 23:45:54.546  1456  1456 V BackupManagerConstants: getFullBackupIntervalMilliseconds(...) returns 86400000
10-24 23:45:54.546  1456  1456 V BackupManagerConstants: getFullBackupRequiredNetworkType(...) returns 2
10-24 23:45:54.547  1456  1456 V BackupManagerConstants: getFullBackupRequireCharging(...) returns true
10-24 23:45:54.592  1456  1456 I Telecom : DefaultDialerCache: Refreshing default dialer for user 0: now com.google.android.dialer: DDC.oR@A9Y
10-24 23:45:54.593  1456  1684 W WindowMagnificationMgr: requestConnection duplicated request: connect=false, mConnectionState=DISCONNECTED
10-24 23:45:54.615  1456  1840 E VerityUtils: Failed to measure fs-verity, errno 1: /data/app/~~Q-n85v7XliJEvzvVkmFYmQ==/com.kascend.chushov-PFca5mcrI8w0J9gBKSNIEw==/base.apk
10-24 23:45:54.615  1456  3209 D CompatibilityChangeReporter: Compat change id reported: 161252188; UID 10263; state: DISABLED
10-24 23:45:54.629  1456  4169 W BackupTransportManager: Package com.kascend.chushov enabled setting: 0
10-24 23:45:54.668  1456  1684 W PackageManager: Failed registering loading progress callback. Package is fully loaded.
10-24 23:45:54.692  1456  1684 W WindowMagnificationMgr: requestConnection duplicated request: connect=false, mConnectionState=DISCONNECTED
10-24 23:45:54.743  1456  1843 E PackageManager: ERROR: could not load root hash from incremental install
10-24 23:45:54.749  1456  2042 W PackageParsing: Ignoring duplicate uses-permissions/uses-permissions-sdk-m: android.permission.INTERNET in package: tfcqzk.lofst.hkgkaucmthtsmy at: Binary XML file line #10
10-24 23:45:54.770  1456  1843 I PackageManager: Integrity check passed for file:///data/app/vmdl747738230.tmp
10-24 23:45:54.777  1456  1843 W PackageParsing: Ignoring duplicate uses-permissions/uses-permissions-sdk-m: android.permission.INTERNET in package: tfcqzk.lofst.hkgkaucmthtsmy at: Binary XML file line #10
10-24 23:45:54.866  1456  1668 V StorageManagerService: Package null does not have legacy storage
10-24 23:45:55.048  1456  3209 W AppOps  : setUidMode() called with a mode inconsistent with runtime permission state, this is discouraged and you should revoke the runtime permission instead: uid=10125, switchCode=0, mode=4, permission=android.permission.ACCESS_BACKGROUND_LOCATION
10-24 23:45:55.099  1456  5503 W AppOps  : setUidMode() called with a mode inconsistent with runtime permission state, this is discouraged and you should revoke the runtime permission instead: uid=10125, switchCode=1, mode=4, permission=android.permission.ACCESS_BACKGROUND_LOCATION
10-24 23:45:55.101  1456  3209 W AppOps  : setUidMode() called with a mode inconsistent with runtime permission state, this is discouraged and you should revoke the runtime permission instead: uid=10125, switchCode=0, mode=4, permission=android.permission.ACCESS_BACKGROUND_LOCATION
10-24 23:45:55.194  1456  1843 V BackupManagerService: [UserID:0] restoreAtInstall pkg=tfcqzk.lofst.hkgkaucmthtsmy token=4a restoreSet=0
10-24 23:45:55.194  1456  1843 V BackupManagerService: [UserID:0] Finishing install immediately
10-24 23:45:55.200  1456  1843 D PackageInstallerSession: Marking session 747738230 as applied
10-24 23:45:55.201  1456  1843 D CompatibilityChangeReporter: Compat change id reported: 168419799; UID 10264; state: DISABLED
10-24 23:45:55.201  1456  1843 D CompatibilityChangeReporter: Compat change id reported: 273564678; UID 10264; state: DISABLED
10-24 23:45:55.211  1456  2919 D CompatibilityChangeReporter: Compat change id reported: 218533173; UID 10264; state: DISABLED
10-24 23:45:55.212  1456  1456 I Telecom : DefaultDialerCache: Refreshing default dialer for user 0: now com.google.android.dialer: DDC.oR@A9k
10-24 23:45:55.221  1456  1456 V BackupManagerConstants: getFullBackupIntervalMilliseconds(...) returns 86400000
10-24 23:45:55.221  1456  1456 V BackupManagerConstants: getFullBackupRequiredNetworkType(...) returns 2
10-24 23:45:55.222  1456  1456 V BackupManagerConstants: getFullBackupRequireCharging(...) returns true
10-24 23:45:55.256  1456  1456 I Telecom : DefaultDialerCache: Refreshing default dialer for user 0: now com.google.android.dialer: DDC.oR@A9o
10-24 23:45:55.273  1456  1840 E VerityUtils: Failed to measure fs-verity, errno 1: /data/app/~~1-vxxaja4lt7VbJVf3AKvA==/tfcqzk.lofst.hkgkaucmthtsmy-ZwMBA4SMC-XaOWmt2pCP2w==/base.apk
10-24 23:45:55.277  1456  1684 W WindowMagnificationMgr: requestConnection duplicated request: connect=false, mConnectionState=DISCONNECTED
10-24 23:45:55.281  1456  5245 D CompatibilityChangeReporter: Compat change id reported: 161252188; UID 10264; state: DISABLED
10-24 23:45:55.318  1456  4169 W BackupTransportManager: Package tfcqzk.lofst.hkgkaucmthtsmy enabled setting: 0
10-24 23:45:55.342  1456  1843 E PackageManager: ERROR: could not load root hash from incremental install
10-24 23:45:55.345  1456  2042 W PackageParsing: Ignoring duplicate uses-permissions/uses-permissions-sdk-m: android.permission.INTERNET in package: com.init.env at: Binary XML file line #19
10-24 23:45:55.345  1456  2042 W PackageParsing: Ignoring duplicate uses-permissions/uses-permissions-sdk-m: android.permission.READ_PHONE_STATE in package: com.init.env at: Binary XML file line #20
10-24 23:45:55.350  1456  1843 I PackageManager: Integrity check passed for file:///data/app/vmdl1411820887.tmp
10-24 23:45:55.365  1456  1684 W PackageManager: Failed registering loading progress callback. Package is fully loaded.
10-24 23:45:55.375  1456  1684 W WindowMagnificationMgr: requestConnection duplicated request: connect=false, mConnectionState=DISCONNECTED
10-24 23:45:55.376  1456  1843 W PackageParsing: Ignoring duplicate uses-permissions/uses-permissions-sdk-m: android.permission.INTERNET in package: com.init.env at: Binary XML file line #19
10-24 23:45:55.376  1456  1843 W PackageParsing: Ignoring duplicate uses-permissions/uses-permissions-sdk-m: android.permission.READ_PHONE_STATE in package: com.init.env at: Binary XML file line #20
10-24 23:45:55.451  1456  1668 V StorageManagerService: Package null has legacy storage
10-24 23:45:55.522  1456  1987 D OomAdjuster: Not killing cached processes
10-24 23:45:55.582  1456  1843 V BackupManagerService: [UserID:0] restoreAtInstall pkg=com.init.env token=4b restoreSet=0
10-24 23:45:55.583  1456  1843 V BackupManagerService: [UserID:0] Finishing install immediately
10-24 23:45:55.584  1456  1843 D PackageInstallerSession: Marking session 1411820887 as applied
10-24 23:45:55.586  1456  1843 D CompatibilityChangeReporter: Compat change id reported: 168419799; UID 10265; state: DISABLED
10-24 23:45:55.587  1456  1843 D CompatibilityChangeReporter: Compat change id reported: 273564678; UID 10265; state: DISABLED
10-24 23:45:55.593  1456  2919 D CompatibilityChangeReporter: Compat change id reported: 218533173; UID 10265; state: DISABLED
10-24 23:45:55.609  1456  1456 I Telecom : DefaultDialerCache: Refreshing default dialer for user 0: now com.google.android.dialer: DDC.oR@A90
10-24 23:45:55.612  1456  1456 V BackupManagerConstants: getFullBackupIntervalMilliseconds(...) returns 86400000
10-24 23:45:55.612  1456  1456 V BackupManagerConstants: getFullBackupRequiredNetworkType(...) returns 2
10-24 23:45:55.612  1456  1456 V BackupManagerConstants: getFullBackupRequireCharging(...) returns true
10-24 23:45:55.626  1456  1456 I Telecom : DefaultDialerCache: Refreshing default dialer for user 0: now com.google.android.dialer: DDC.oR@A94
10-24 23:45:55.627  1456  1684 W WindowMagnificationMgr: requestConnection duplicated request: connect=false, mConnectionState=DISCONNECTED
10-24 23:45:55.646  1456  4169 W BackupTransportManager: Package com.init.env enabled setting: 0
10-24 23:45:55.660  1456  1840 E VerityUtils: Failed to measure fs-verity, errno 1: /data/app/~~W2F1IgFOMJPkukPdppBWWw==/com.init.env-680RWNnj2SuJZ9StpuQ2Vg==/base.apk
10-24 23:45:55.663  1456  4023 D CompatibilityChangeReporter: Compat change id reported: 161252188; UID 10265; state: DISABLED
10-24 23:45:55.664  1456  1684 W PackageManager: Failed registering loading progress callback. Package is fully loaded.
10-24 23:45:55.675  1456  1684 W WindowMagnificationMgr: requestConnection duplicated request: connect=false, mConnectionState=DISCONNECTED
10-24 23:45:55.721  1456  1843 E PackageManager: ERROR: could not load root hash from incremental install
10-24 23:45:55.764  1456  1843 I PackageManager: Integrity check passed for file:///data/app/vmdl51349731.tmp
10-24 23:45:55.828  1456  1668 V StorageManagerService: Package null has legacy storage
10-24 23:45:55.995  1456  1843 V BackupManagerService: [UserID:0] restoreAtInstall pkg=com.yadsssaawefnt.yyyfaa3a22eaa token=4c restoreSet=0
10-24 23:45:55.995  1456  1843 V BackupManagerService: [UserID:0] Finishing install immediately
10-24 23:45:55.997  1456  1843 D PackageInstallerSession: Marking session 51349731 as applied
10-24 23:45:55.999  1456  1843 D CompatibilityChangeReporter: Compat change id reported: 168419799; UID 10266; state: DISABLED
10-24 23:45:55.999  1456  1843 D CompatibilityChangeReporter: Compat change id reported: 273564678; UID 10266; state: DISABLED
10-24 23:45:56.006  1456  2919 D CompatibilityChangeReporter: Compat change id reported: 218533173; UID 10266; state: DISABLED
10-24 23:45:56.012  1456  1456 I Telecom : DefaultDialerCache: Refreshing default dialer for user 0: now com.google.android.dialer: DDC.oR@A+E
10-24 23:45:56.020  1456  1456 V BackupManagerConstants: getFullBackupIntervalMilliseconds(...) returns 86400000
10-24 23:45:56.020  1456  1456 V BackupManagerConstants: getFullBackupRequiredNetworkType(...) returns 2
10-24 23:45:56.020  1456  1456 V BackupManagerConstants: getFullBackupRequireCharging(...) returns true
10-24 23:45:56.034  1456  1840 E VerityUtils: Failed to measure fs-verity, errno 1: /data/app/~~yIsoNNd43o1KEKqyyFZYng==/com.yadsssaawefnt.yyyfaa3a22eaa-bEBvuZ35FApTO-vhL2_CYw==/base.apk
10-24 23:45:56.059  1456  1456 I Telecom : DefaultDialerCache: Refreshing default dialer for user 0: now com.google.android.dialer: DDC.oR@A+I
10-24 23:45:56.062  1456  4169 W BackupTransportManager: Package com.yadsssaawefnt.yyyfaa3a22eaa enabled setting: 0
10-24 23:45:56.075  1456  1684 W WindowMagnificationMgr: requestConnection duplicated request: connect=false, mConnectionState=DISCONNECTED
10-24 23:45:56.079  1456  5504 D CompatibilityChangeReporter: Compat change id reported: 161252188; UID 10266; state: DISABLED
10-24 23:45:56.142  1456  1684 W PackageManager: Failed registering loading progress callback. Package is fully loaded.
10-24 23:45:56.153  1456  1684 W WindowMagnificationMgr: requestConnection duplicated request: connect=false, mConnectionState=DISCONNECTED
10-24 23:45:56.157  1456  1843 E PackageManager: ERROR: could not load root hash from incremental install
10-24 23:45:56.188  1456  1843 I PackageManager: Integrity check passed for file:///data/app/vmdl1000617127.tmp
10-24 23:45:56.200  1456  5500 W AppOps  : setUidMode() called with a mode inconsistent with runtime permission state, this is discouraged and you should revoke the runtime permission instead: uid=10125, switchCode=0, mode=4, permission=android.permission.ACCESS_BACKGROUND_LOCATION
10-24 23:45:56.207  1456  1843 W PackageManager: Adding duplicate app id: 10267 name=com.eg.android.AlipayGphone
10-24 23:45:56.385  1456  5500 W AppOps  : setUidMode() called with a mode inconsistent with runtime permission state, this is discouraged and you should revoke the runtime permission instead: uid=10125, switchCode=1, mode=4, permission=android.permission.ACCESS_BACKGROUND_LOCATION
10-24 23:45:56.389  1456  5500 W AppOps  : setUidMode() called with a mode inconsistent with runtime permission state, this is discouraged and you should revoke the runtime permission instead: uid=10125, switchCode=0, mode=4, permission=android.permission.ACCESS_BACKGROUND_LOCATION
