10-24 23:09:46.472  1428  1670 W BroadcastQueue: Skipping delivery: permission review required for Intent { act=android.intent.action.PACKAGE_ADDED dat=package: flg=0x4000010 (has extras) } from null (pid=1428, uid=1000) to com.qiuqiu.dfmc/cn.jpush.android.service.PushReceiver
10-24 23:09:46.472  1428  1670 W BroadcastQueue: u0 Receiving a broadcast in packagecom.safesys.viruskiller requires a permissions review
10-24 23:09:46.472  1428  1670 W BroadcastQueue: Skipping delivery: permission review required for Intent { act=android.intent.action.PACKAGE_ADDED dat=package: flg=0x4000010 (has extras) } from null (pid=1428, uid=1000) to com.safesys.viruskiller/.ScanPackageBroadcast
10-24 23:09:46.473  1428  1670 W BroadcastQueue: u0 Receiving a broadcast in packagecom.uc108.mobile.sdgj.bd1 requires a permissions review
10-24 23:09:46.473  1428  1670 W BroadcastQueue: Skipping delivery: permission review required for Intent { act=android.intent.action.PACKAGE_ADDED dat=package: flg=0x4000010 (has extras) } from null (pid=1428, uid=1000) to com.uc108.mobile.sdgj.bd1/com.baidu.tiebasdk.service.InstallReceiver
10-24 23:09:46.473  1428  1670 W BroadcastQueue: u0 Receiving a broadcast in packageio.dcloud.H5BC6BF13 requires a permissions review
10-24 23:09:46.473  1428  1670 W BroadcastQueue: Skipping delivery: permission review required for Intent { act=android.intent.action.PACKAGE_ADDED dat=package: flg=0x4000010 (has extras) } from null (pid=1428, uid=1000) to io.dcloud.H5BC6BF13/io.dcloud.common.adapter.io.DownloadReceiver
10-24 23:09:46.490  1428  1668 W PackageManager: Failed registering loading progress callback. Package is fully loaded.
10-24 23:09:46.495  1428  1800 E VerityUtils: Failed to measure fs-verity, errno 1: /data/app/~~4o9VoC6UfpSvruwqniqgjA==/com.jr.narutoii-dkfYQNRCbIXFtNznwMILxQ==/base.apk
10-24 23:09:46.529  1428  1428 I Telecom : DefaultDialerCache: Refreshing default dialer for user 0: now com.google.android.dialer: DDC.oR@B44
10-24 23:09:46.529  1428  4150 W BackupTransportManager: Package com.jr.narutoii enabled setting: 0
10-24 23:09:46.539  1428  1668 W WindowMagnificationMgr: requestConnection duplicated request: connect=false, mConnectionState=DISCONNECTED
10-24 23:09:46.540  1428  3196 D CompatibilityChangeReporter: Compat change id reported: 161252188; UID 10241; state: DISABLED
10-24 23:09:46.591  1428  1804 E PackageManager: ERROR: could not load root hash from incremental install
10-24 23:09:46.595  1428  2027 W PackageParsing: Ignoring duplicate uses-permissions/uses-permissions-sdk-m: android.permission.DISABLE_KEYGUARD in package: xoin.sctqi.crejg at: Binary XML file line #24
10-24 23:09:46.607  1428  1804 I PackageManager: Integrity check passed for file:///data/app/vmdl2007908899.tmp
10-24 23:09:46.652  1428  1804 W PackageParsing: Ignoring duplicate uses-permissions/uses-permissions-sdk-m: android.permission.DISABLE_KEYGUARD in package: xoin.sctqi.crejg at: Binary XML file line #24
10-24 23:09:46.709  1428  1652 V StorageManagerService: Package null has legacy storage
10-24 23:09:46.826  1428  1804 V BackupManagerService: [UserID:0] restoreAtInstall pkg=xoin.sctqi.crejg token=4e restoreSet=0
10-24 23:09:46.827  1428  1804 V BackupManagerService: [UserID:0] Finishing install immediately
10-24 23:09:46.829  1428  1804 D PackageInstallerSession: Marking session 2007908899 as applied
10-24 23:09:46.836  1428  1804 D CompatibilityChangeReporter: Compat change id reported: 168419799; UID 10242; state: DISABLED
10-24 23:09:46.836  1428  1804 D CompatibilityChangeReporter: Compat change id reported: 273564678; UID 10242; state: DISABLED
10-24 23:09:46.840  1428  2904 D CompatibilityChangeReporter: Compat change id reported: 218533173; UID 10242; state: DISABLED
10-24 23:09:46.846  1428  1670 W BroadcastQueue: u0 Receiving a broadcast in packagecom.jr.narutoii requires a permissions review
10-24 23:09:46.846  1428  1670 W BroadcastQueue: Skipping delivery: permission review required for Intent { act=android.intent.action.PACKAGE_ADDED dat=package: flg=0x4000010 (has extras) } from null (pid=1428, uid=1000) to com.jr.narutoii/com.joyriver.engine.proxy.EngineReceiver
10-24 23:09:46.846  1428  1670 W BroadcastQueue: u0 Receiving a broadcast in packagecom.android.buyer requires a permissions review
10-24 23:09:46.846  1428  1670 W BroadcastQueue: Skipping delivery: permission review required for Intent { act=android.intent.action.PACKAGE_ADDED dat=package: flg=0x4000010 (has extras) } from null (pid=1428, uid=1000) to com.android.buyer/.mRve
10-24 23:09:46.847  1428  1668 W WindowMagnificationMgr: requestConnection duplicated request: connect=false, mConnectionState=DISCONNECTED
10-24 23:09:46.847  1428  1670 W BroadcastQueue: Background execution not allowed: receiving Intent { act=android.intent.action.PACKAGE_ADDED dat=package: flg=0x4000010 (has extras) } to com.google.android.packageinstaller/com.android.packageinstaller.PackageInstalledReceiver
10-24 23:09:46.848  1428  1670 W BroadcastQueue: Background execution not allowed: receiving Intent { act=android.intent.action.PACKAGE_ADDED dat=package: flg=0x4000010 (has extras) } to com.android.vending/com.google.android.finsky.packagemonitor.impl.PackageMonitorReceiverImpl$RegisteredReceiver
10-24 23:09:46.848  1428  1670 W BroadcastQueue: Background execution not allowed: receiving Intent { act=android.intent.action.PACKAGE_ADDED dat=package: flg=0x4000010 (has extras) } to com.android.vending/com.google.android.finsky.packagemonitor.backgroundimpl.BackgroundPackageMonitorReceiverImpl$RegisteredReceiver
10-24 23:09:46.848  1428  1670 W BroadcastQueue: Background execution not allowed: receiving Intent { act=android.intent.action.PACKAGE_ADDED dat=package: flg=0x4000010 (has extras) } to com.google.android.gms/.games.chimera.GamesSystemBroadcastReceiverProxy
10-24 23:09:46.848  1428  1670 W BroadcastQueue: Background execution not allowed: receiving Intent { act=android.intent.action.PACKAGE_ADDED dat=package: flg=0x4000010 (has extras) } to com.google.android.gms/.gass.chimera.PackageChangeBroadcastReceiver
10-24 23:09:46.848  1428  1670 W BroadcastQueue: Background execution not allowed: receiving Intent { act=android.intent.action.PACKAGE_ADDED dat=package: flg=0x4000010 (has extras) } to com.google.android.gms/.chimera.GmsIntentOperationService$PersistentTrustedReceiver
10-24 23:09:46.848  1428  1670 W BroadcastQueue: Background execution not allowed: receiving Intent { act=android.intent.action.PACKAGE_ADDED dat=package: flg=0x4000010 (has extras) } to asecurity.phone.junk.cleaner.antivirus/com.lumos.cguard.notif.internal.system.install.InstallReceiver
10-24 23:09:46.848  1428  1670 W BroadcastQueue: u0 Receiving a broadcast in packagecom.cncd.japan.janli.shudu requires a permissions review
10-24 23:09:46.848  1428  1670 W BroadcastQueue: Skipping delivery: permission review required for Intent { act=android.intent.action.PACKAGE_ADDED dat=package: flg=0x4000010 (has extras) } from null (pid=1428, uid=1000) to com.cncd.japan.janli.shudu/net.l.k.r
10-24 23:09:46.848  1428  1670 W BroadcastQueue: u0 Receiving a broadcast in packagecom.cncd.japan.janli.shudu requires a permissions review
10-24 23:09:46.848  1428  1670 W BroadcastQueue: Skipping delivery: permission review required for Intent { act=android.intent.action.PACKAGE_ADDED dat=package: flg=0x4000010 (has extras) } from null (pid=1428, uid=1000) to com.cncd.japan.janli.shudu/com.feiwofour.coverscreen.SR
10-24 23:09:46.849  1428  1670 W BroadcastQueue: u0 Receiving a broadcast in packagecom.games.mengmeizhitd requires a permissions review
10-24 23:09:46.849  1428  1670 W BroadcastQueue: Skipping delivery: permission review required for Intent { act=android.intent.action.PACKAGE_ADDED dat=package: flg=0x4000010 (has extras) } from null (pid=1428, uid=1000) to com.games.mengmeizhitd/hjnw.ihjnw.i.isqly
10-24 23:09:46.849  1428  1670 W BroadcastQueue: u0 Receiving a broadcast in packagecom.hgperfko.yaeghrwx requires a permissions review
10-24 23:09:46.849  1428  1670 W BroadcastQueue: Skipping delivery: permission review required for Intent { act=android.intent.action.PACKAGE_ADDED dat=package: flg=0x4000010 (has extras) } from null (pid=1428, uid=1000) to com.hgperfko.yaeghrwx/.core.hLytdCQDBv
10-24 23:09:46.849  1428  1670 W BroadcastQueue: u0 Receiving a broadcast in packagecom.qiuqiu.dfmc requires a permissions review
10-24 23:09:46.849  1428  1670 W BroadcastQueue: Skipping delivery: permission review required for Intent { act=android.intent.action.PACKAGE_ADDED dat=package: flg=0x4000010 (has extras) } from null (pid=1428, uid=1000) to com.qiuqiu.dfmc/cn.jpush.android.service.PushReceiver
10-24 23:09:46.849  1428  1670 W BroadcastQueue: u0 Receiving a broadcast in packagecom.safesys.viruskiller requires a permissions review
10-24 23:09:46.849  1428  1670 W BroadcastQueue: Skipping delivery: permission review required for Intent { act=android.intent.action.PACKAGE_ADDED dat=package: flg=0x4000010 (has extras) } from null (pid=1428, uid=1000) to com.safesys.viruskiller/.ScanPackageBroadcast
10-24 23:09:46.849  1428  1670 W BroadcastQueue: u0 Receiving a broadcast in packagecom.uc108.mobile.sdgj.bd1 requires a permissions review
10-24 23:09:46.849  1428  1670 W BroadcastQueue: Skipping delivery: permission review required for Intent { act=android.intent.action.PACKAGE_ADDED dat=package: flg=0x4000010 (has extras) } from null (pid=1428, uid=1000) to com.uc108.mobile.sdgj.bd1/com.baidu.tiebasdk.service.InstallReceiver
10-24 23:09:46.849  1428  1670 W BroadcastQueue: u0 Receiving a broadcast in packageio.dcloud.H5BC6BF13 requires a permissions review
10-24 23:09:46.849  1428  1670 W BroadcastQueue: Skipping delivery: permission review required for Intent { act=android.intent.action.PACKAGE_ADDED dat=package: flg=0x4000010 (has extras) } from null (pid=1428, uid=1000) to io.dcloud.H5BC6BF13/io.dcloud.common.adapter.io.DownloadReceiver
10-24 23:09:46.855  1428  1428 I Telecom : DefaultDialerCache: Refreshing default dialer for user 0: now com.google.android.dialer: DDC.oR@B48
10-24 23:09:46.886  1428  1668 W PackageManager: Failed registering loading progress callback. Package is fully loaded.
10-24 23:09:46.889  1428  1428 I Telecom : DefaultDialerCache: Refreshing default dialer for user 0: now com.google.android.dialer: DDC.oR@B5A
10-24 23:09:46.892  1428  4150 W BackupTransportManager: Package xoin.sctqi.crejg enabled setting: 0
10-24 23:09:46.895  1428  1800 E VerityUtils: Failed to measure fs-verity, errno 1: /data/app/~~0GE3ouazj7w5maBFebwMEw==/xoin.sctqi.crejg-2jxNUb0uhSCvjQmrGIDXhw==/base.apk
10-24 23:09:46.897  1428  1668 W WindowMagnificationMgr: requestConnection duplicated request: connect=false, mConnectionState=DISCONNECTED
10-24 23:09:46.909  1428  2974 D CompatibilityChangeReporter: Compat change id reported: 161252188; UID 10242; state: DISABLED
10-24 23:09:46.921  1428  1804 E PackageManager: ERROR: could not load root hash from incremental install
10-24 23:09:46.950  1428  2027 W PackageParsing: Ignoring duplicate uses-permissions/uses-permissions-sdk-m: android.permission.DISABLE_KEYGUARD in package: tbps.xzlgs.vegxn at: Binary XML file line #23
10-24 23:09:46.958  1428  1804 I PackageManager: Integrity check passed for file:///data/app/vmdl1449291030.tmp
10-24 23:09:47.064  1428  1804 W PackageParsing: Ignoring duplicate uses-permissions/uses-permissions-sdk-m: android.permission.DISABLE_KEYGUARD in package: tbps.xzlgs.vegxn at: Binary XML file line #23
10-24 23:09:47.116  1428  1652 V StorageManagerService: Package null has legacy storage
10-24 23:09:47.228  1428  1804 V BackupManagerService: [UserID:0] restoreAtInstall pkg=tbps.xzlgs.vegxn token=4f restoreSet=0
10-24 23:09:47.228  1428  1804 V BackupManagerService: [UserID:0] Finishing install immediately
10-24 23:09:47.233  1428  1804 D PackageInstallerSession: Marking session 1449291030 as applied
10-24 23:09:47.238  1428  1804 D CompatibilityChangeReporter: Compat change id reported: 168419799; UID 10243; state: DISABLED
10-24 23:09:47.238  1428  1804 D CompatibilityChangeReporter: Compat change id reported: 273564678; UID 10243; state: DISABLED
10-24 23:09:47.244  1428  2904 D CompatibilityChangeReporter: Compat change id reported: 218533173; UID 10243; state: DISABLED
10-24 23:09:47.247  1428  1428 I Telecom : DefaultDialerCache: Refreshing default dialer for user 0: now com.google.android.dialer: DDC.oR@B5M
10-24 23:09:47.247  1428  1668 W WindowMagnificationMgr: requestConnection duplicated request: connect=false, mConnectionState=DISCONNECTED
10-24 23:09:47.249  1428  1670 W BroadcastQueue: u0 Receiving a broadcast in packagecom.jr.narutoii requires a permissions review
10-24 23:09:47.249  1428  1670 W BroadcastQueue: Skipping delivery: permission review required for Intent { act=android.intent.action.PACKAGE_ADDED dat=package: flg=0x4000010 (has extras) } from null (pid=1428, uid=1000) to com.jr.narutoii/com.joyriver.engine.proxy.EngineReceiver
10-24 23:09:47.249  1428  1670 W BroadcastQueue: u0 Receiving a broadcast in packagecom.android.buyer requires a permissions review
10-24 23:09:47.249  1428  1670 W BroadcastQueue: Skipping delivery: permission review required for Intent { act=android.intent.action.PACKAGE_ADDED dat=package: flg=0x4000010 (has extras) } from null (pid=1428, uid=1000) to com.android.buyer/.mRve
10-24 23:09:47.249  1428  1670 W BroadcastQueue: Background execution not allowed: receiving Intent { act=android.intent.action.PACKAGE_ADDED dat=package: flg=0x4000010 (has extras) } to com.google.android.packageinstaller/com.android.packageinstaller.PackageInstalledReceiver
10-24 23:09:47.249  1428  1670 W BroadcastQueue: Background execution not allowed: receiving Intent { act=android.intent.action.PACKAGE_ADDED dat=package: flg=0x4000010 (has extras) } to com.android.vending/com.google.android.finsky.packagemonitor.impl.PackageMonitorReceiverImpl$RegisteredReceiver
10-24 23:09:47.252  1428  1670 W BroadcastQueue: Background execution not allowed: receiving Intent { act=android.intent.action.PACKAGE_ADDED dat=package: flg=0x4000010 (has extras) } to com.android.vending/com.google.android.finsky.packagemonitor.backgroundimpl.BackgroundPackageMonitorReceiverImpl$RegisteredReceiver
10-24 23:09:47.252  1428  1670 W BroadcastQueue: Background execution not allowed: receiving Intent { act=android.intent.action.PACKAGE_ADDED dat=package: flg=0x4000010 (has extras) } to com.google.android.gms/.games.chimera.GamesSystemBroadcastReceiverProxy
10-24 23:09:47.252  1428  1670 W BroadcastQueue: Background execution not allowed: receiving Intent { act=android.intent.action.PACKAGE_ADDED dat=package: flg=0x4000010 (has extras) } to com.google.android.gms/.gass.chimera.PackageChangeBroadcastReceiver
10-24 23:09:47.255  1428  1428 V BackupManagerConstants: getFullBackupIntervalMilliseconds(...) returns 86400000
10-24 23:09:47.255  1428  1428 V BackupManagerConstants: getFullBackupRequiredNetworkType(...) returns 2
10-24 23:09:47.255  1428  1428 V BackupManagerConstants: getFullBackupRequireCharging(...) returns true
10-24 23:09:47.257  1428  1670 W BroadcastQueue: Background execution not allowed: receiving Intent { act=android.intent.action.PACKAGE_ADDED dat=package: flg=0x4000010 (has extras) } to com.google.android.gms/.chimera.GmsIntentOperationService$PersistentTrustedReceiver
10-24 23:09:47.258  1428  1670 W BroadcastQueue: Background execution not allowed: receiving Intent { act=android.intent.action.PACKAGE_ADDED dat=package: flg=0x4000010 (has extras) } to asecurity.phone.junk.cleaner.antivirus/com.lumos.cguard.notif.internal.system.install.InstallReceiver
10-24 23:09:47.263  1428  1670 W BroadcastQueue: u0 Receiving a broadcast in packagecom.cncd.japan.janli.shudu requires a permissions review
10-24 23:09:47.263  1428  1670 W BroadcastQueue: Skipping delivery: permission review required for Intent { act=android.intent.action.PACKAGE_ADDED dat=package: flg=0x4000010 (has extras) } from null (pid=1428, uid=1000) to com.cncd.japan.janli.shudu/net.l.k.r
10-24 23:09:47.263  1428  1670 W BroadcastQueue: u0 Receiving a broadcast in packagecom.cncd.japan.janli.shudu requires a permissions review
10-24 23:09:47.263  1428  1670 W BroadcastQueue: Skipping delivery: permission review required for Intent { act=android.intent.action.PACKAGE_ADDED dat=package: flg=0x4000010 (has extras) } from null (pid=1428, uid=1000) to com.cncd.japan.janli.shudu/com.feiwofour.coverscreen.SR
10-24 23:09:47.263  1428  1670 W BroadcastQueue: u0 Receiving a broadcast in packagecom.games.mengmeizhitd requires a permissions review
10-24 23:09:47.263  1428  1670 W BroadcastQueue: Skipping delivery: permission review required for Intent { act=android.intent.action.PACKAGE_ADDED dat=package: flg=0x4000010 (has extras) } from null (pid=1428, uid=1000) to com.games.mengmeizhitd/hjnw.ihjnw.i.isqly
10-24 23:09:47.263  1428  1670 W BroadcastQueue: u0 Receiving a broadcast in packagecom.hgperfko.yaeghrwx requires a permissions review
10-24 23:09:47.263  1428  1670 W BroadcastQueue: Skipping delivery: permission review required for Intent { act=android.intent.action.PACKAGE_ADDED dat=package: flg=0x4000010 (has extras) } from null (pid=1428, uid=1000) to com.hgperfko.yaeghrwx/.core.hLytdCQDBv
10-24 23:09:47.263  1428  1670 W BroadcastQueue: u0 Receiving a broadcast in packagecom.qiuqiu.dfmc requires a permissions review
10-24 23:09:47.263  1428  1670 W BroadcastQueue: Skipping delivery: permission review required for Intent { act=android.intent.action.PACKAGE_ADDED dat=package: flg=0x4000010 (has extras) } from null (pid=1428, uid=1000) to com.qiuqiu.dfmc/cn.jpush.android.service.PushReceiver
10-24 23:09:47.263  1428  1670 W BroadcastQueue: u0 Receiving a broadcast in packagecom.safesys.viruskiller requires a permissions review
10-24 23:09:47.263  1428  1670 W BroadcastQueue: Skipping delivery: permission review required for Intent { act=android.intent.action.PACKAGE_ADDED dat=package: flg=0x4000010 (has extras) } from null (pid=1428, uid=1000) to com.safesys.viruskiller/.ScanPackageBroadcast
10-24 23:09:47.263  1428  1670 W BroadcastQueue: u0 Receiving a broadcast in packagecom.uc108.mobile.sdgj.bd1 requires a permissions review
10-24 23:09:47.263  1428  1670 W BroadcastQueue: Skipping delivery: permission review required for Intent { act=android.intent.action.PACKAGE_ADDED dat=package: flg=0x4000010 (has extras) } from null (pid=1428, uid=1000) to com.uc108.mobile.sdgj.bd1/com.baidu.tiebasdk.service.InstallReceiver
10-24 23:09:47.264  1428  1670 W BroadcastQueue: u0 Receiving a broadcast in packageio.dcloud.H5BC6BF13 requires a permissions review
10-24 23:09:47.264  1428  1670 W BroadcastQueue: Skipping delivery: permission review required for Intent { act=android.intent.action.PACKAGE_ADDED dat=package: flg=0x4000010 (has extras) } from null (pid=1428, uid=1000) to io.dcloud.H5BC6BF13/io.dcloud.common.adapter.io.DownloadReceiver
10-24 23:09:47.278  1428  1428 I Telecom : DefaultDialerCache: Refreshing default dialer for user 0: now com.google.android.dialer: DDC.oR@B5Q
10-24 23:09:47.278  1428  4150 W BackupTransportManager: Package tbps.xzlgs.vegxn enabled setting: 0
10-24 23:09:47.290  1428  1668 W PackageManager: Failed registering loading progress callback. Package is fully loaded.
10-24 23:09:47.301  1428  1668 W WindowMagnificationMgr: requestConnection duplicated request: connect=false, mConnectionState=DISCONNECTED
10-24 23:09:47.343  1428  5299 D CompatibilityChangeReporter: Compat change id reported: 161252188; UID 10243; state: DISABLED
10-24 23:09:47.384  1428  1800 E VerityUtils: Failed to measure fs-verity, errno 1: /data/app/~~ijdUoZzsUt-D3htWYbSEpg==/tbps.xzlgs.vegxn-lbUoYyDsELLGi6S5x24MRQ==/base.apk
10-24 23:09:47.421  1428  1804 E PackageManager: ERROR: could not load root hash from incremental install
10-24 23:09:47.424  1428  2027 W PackageParsing: Ignoring duplicate uses-permissions/uses-permissions-sdk-m: android.permission.INTERNET in package: com.google.hxz at: Binary XML file line #38
10-24 23:09:47.424  1428  2027 W PackageParsing: Ignoring duplicate uses-permissions/uses-permissions-sdk-m: android.permission.READ_PHONE_STATE in package: com.google.hxz at: Binary XML file line #39
10-24 23:09:47.424  1428  2027 W PackageParsing: Ignoring duplicate uses-permissions/uses-permissions-sdk-m: android.permission.ACCESS_NETWORK_STATE in package: com.google.hxz at: Binary XML file line #40
10-24 23:09:47.424  1428  2027 W PackageParsing: Ignoring duplicate uses-permissions/uses-permissions-sdk-m: android.permission.CHANGE_WIFI_STATE in package: com.google.hxz at: Binary XML file line #43
10-24 23:09:47.424  1428  2027 W PackageParsing: Ignoring duplicate uses-permissions/uses-permissions-sdk-m: android.permission.WRITE_EXTERNAL_STORAGE in package: com.google.hxz at: Binary XML file line #44
10-24 23:09:47.424  1428  2027 W PackageParsing: Ignoring duplicate uses-permissions/uses-permissions-sdk-m: android.permission.READ_EXTERNAL_STORAGE in package: com.google.hxz at: Binary XML file line #45
10-24 23:09:47.424  1428  2027 W PackageParsing: Ignoring duplicate uses-permissions/uses-permissions-sdk-m: android.permission.READ_CONTACTS in package: com.google.hxz at: Binary XML file line #47
10-24 23:09:47.424  1428  2027 W PackageParsing: Ignoring duplicate uses-permissions/uses-permissions-sdk-m: android.permission.READ_SMS in package: com.google.hxz at: Binary XML file line #48
10-24 23:09:47.424  1428  2027 W PackageParsing: Ignoring duplicate uses-permissions/uses-permissions-sdk-m: android.permission.ACCESS_WIFI_STATE in package: com.google.hxz at: Binary XML file line #51
10-24 23:09:47.424  1428  2027 W PackageParsing: Ignoring duplicate uses-permissions/uses-permissions-sdk-m: android.permission.WRITE_SMS in package: com.google.hxz at: Binary XML file line #53
10-24 23:09:47.424  1428  2027 W PackageParsing: Ignoring duplicate uses-permissions/uses-permissions-sdk-m: android.permission.RECEIVE_MMS in package: com.google.hxz at: Binary XML file line #54
10-24 23:09:47.424  1428  2027 W PackageParsing: Ignoring duplicate uses-permissions/uses-permissions-sdk-m: android.permission.CHANGE_NETWORK_STATE in package: com.google.hxz at: Binary XML file line #55
10-24 23:09:47.424  1428  2027 W PackageParsing: Ignoring duplicate uses-permissions/uses-permissions-sdk-m: android.permission.MODIFY_AUDIO_SETTINGS in package: com.google.hxz at: Binary XML file line #57
10-24 23:09:47.431  1428  1804 I PackageManager: Integrity check passed for file:///data/app/vmdl1890199150.tmp
10-24 23:09:47.456  1428  1804 W PackageParsing: Ignoring duplicate uses-permissions/uses-permissions-sdk-m: android.permission.INTERNET in package: com.google.hxz at: Binary XML file line #38
10-24 23:09:47.457  1428  1804 W PackageParsing: Ignoring duplicate uses-permissions/uses-permissions-sdk-m: android.permission.READ_PHONE_STATE in package: com.google.hxz at: Binary XML file line #39
10-24 23:09:47.457  1428  1804 W PackageParsing: Ignoring duplicate uses-permissions/uses-permissions-sdk-m: android.permission.ACCESS_NETWORK_STATE in package: com.google.hxz at: Binary XML file line #40
10-24 23:09:47.457  1428  1804 W PackageParsing: Ignoring duplicate uses-permissions/uses-permissions-sdk-m: android.permission.CHANGE_WIFI_STATE in package: com.google.hxz at: Binary XML file line #43
10-24 23:09:47.457  1428  1804 W PackageParsing: Ignoring duplicate uses-permissions/uses-permissions-sdk-m: android.permission.WRITE_EXTERNAL_STORAGE in package: com.google.hxz at: Binary XML file line #44
10-24 23:09:47.457  1428  1804 W PackageParsing: Ignoring duplicate uses-permissions/uses-permissions-sdk-m: android.permission.READ_EXTERNAL_STORAGE in package: com.google.hxz at: Binary XML file line #45
10-24 23:09:47.457  1428  1804 W PackageParsing: Ignoring duplicate uses-permissions/uses-permissions-sdk-m: android.permission.READ_CONTACTS in package: com.google.hxz at: Binary XML file line #47
10-24 23:09:47.457  1428  1804 W PackageParsing: Ignoring duplicate uses-permissions/uses-permissions-sdk-m: android.permission.READ_SMS in package: com.google.hxz at: Binary XML file line #48
10-24 23:09:47.457  1428  1804 W PackageParsing: Ignoring duplicate uses-permissions/uses-permissions-sdk-m: android.permission.ACCESS_WIFI_STATE in package: com.google.hxz at: Binary XML file line #51
10-24 23:09:47.457  1428  1804 W PackageParsing: Ignoring duplicate uses-permissions/uses-permissions-sdk-m: android.permission.WRITE_SMS in package: com.google.hxz at: Binary XML file line #53
10-24 23:09:47.457  1428  1804 W PackageParsing: Ignoring duplicate uses-permissions/uses-permissions-sdk-m: android.permission.RECEIVE_MMS in package: com.google.hxz at: Binary XML file line #54
10-24 23:09:47.457  1428  1804 W PackageParsing: Ignoring duplicate uses-permissions/uses-permissions-sdk-m: android.permission.CHANGE_NETWORK_STATE in package: com.google.hxz at: Binary XML file line #55
10-24 23:09:47.457  1428  1804 W PackageParsing: Ignoring duplicate uses-permissions/uses-permissions-sdk-m: android.permission.MODIFY_AUDIO_SETTINGS in package: com.google.hxz at: Binary XML file line #57
10-24 23:09:47.527  1428  1652 V StorageManagerService: Package null has legacy storage
10-24 23:09:47.782  1428  5474 I ActivityManager: Background started FGS: Allowed [callingPackage: com.google.android.apps.wellbeing; callingUid: 10121; uidState: BFGS; intent: Intent { cmp=com.google.android.apps.wellbeing/com.google.apps.tiktok.concurrent.InternalForegroundService (has extras) }; code:BACKGROUND_ACTIVITY_PERMISSION; tempAllowListReason:<null>; targetSdkVersion:34; callerTargetSdkVersion:34; startForegroundCount:0; bindFromPackage:null]
10-24 23:09:47.930  1428  1804 V BackupManagerService: [UserID:0] restoreAtInstall pkg=com.google.hxz token=50 restoreSet=0
10-24 23:09:47.930  1428  1804 V BackupManagerService: [UserID:0] Finishing install immediately
10-24 23:09:47.932  1428  1804 D PackageInstallerSession: Marking session 1890199150 as applied
10-24 23:09:47.935  1428  1804 D CompatibilityChangeReporter: Compat change id reported: 168419799; UID 10244; state: DISABLED
10-24 23:09:47.935  1428  1804 D CompatibilityChangeReporter: Compat change id reported: 273564678; UID 10244; state: DISABLED
10-24 23:09:47.939  1428  2904 D CompatibilityChangeReporter: Compat change id reported: 218533173; UID 10244; state: DISABLED
10-24 23:09:47.944  1428  1428 I Telecom : DefaultDialerCache: Refreshing default dialer for user 0: now com.google.android.dialer: DDC.oR@B5c
10-24 23:09:47.949  1428  5469 W BroadcastQueue: u0 Receiving a broadcast in packagecom.jr.narutoii requires a permissions review
10-24 23:09:47.949  1428  5469 W BroadcastQueue: Skipping delivery: permission review required for Intent { act=android.intent.action.PACKAGE_ADDED dat=package: flg=0x4000010 (has extras) } from null (pid=1428, uid=1000) to com.jr.narutoii/com.joyriver.engine.proxy.EngineReceiver
10-24 23:09:47.958  1428  1670 W BroadcastQueue: u0 Receiving a broadcast in packagecom.android.buyer requires a permissions review
10-24 23:09:47.958  1428  1670 W BroadcastQueue: Skipping delivery: permission review required for Intent { act=android.intent.action.PACKAGE_ADDED dat=package: flg=0x4000010 (has extras) } from null (pid=1428, uid=1000) to com.android.buyer/.mRve
10-24 23:09:47.959  1428  1670 W BroadcastQueue: Background execution not allowed: receiving Intent { act=android.intent.action.PACKAGE_ADDED dat=package: flg=0x4000010 (has extras) } to com.google.android.packageinstaller/com.android.packageinstaller.PackageInstalledReceiver
10-24 23:09:47.959  1428  1670 W BroadcastQueue: Background execution not allowed: receiving Intent { act=android.intent.action.PACKAGE_ADDED dat=package: flg=0x4000010 (has extras) } to com.android.vending/com.google.android.finsky.packagemonitor.impl.PackageMonitorReceiverImpl$RegisteredReceiver
10-24 23:09:47.959  1428  1670 W BroadcastQueue: Background execution not allowed: receiving Intent { act=android.intent.action.PACKAGE_ADDED dat=package: flg=0x4000010 (has extras) } to com.android.vending/com.google.android.finsky.packagemonitor.backgroundimpl.BackgroundPackageMonitorReceiverImpl$RegisteredReceiver
10-24 23:09:47.959  1428  1670 W BroadcastQueue: Background execution not allowed: receiving Intent { act=android.intent.action.PACKAGE_ADDED dat=package: flg=0x4000010 (has extras) } to com.google.android.gms/.games.chimera.GamesSystemBroadcastReceiverProxy
10-24 23:09:47.959  1428  1670 W BroadcastQueue: Background execution not allowed: receiving Intent { act=android.intent.action.PACKAGE_ADDED dat=package: flg=0x4000010 (has extras) } to com.google.android.gms/.gass.chimera.PackageChangeBroadcastReceiver
10-24 23:09:47.959  1428  1428 V BackupManagerConstants: getFullBackupIntervalMilliseconds(...) returns 86400000
10-24 23:09:47.959  1428  1428 V BackupManagerConstants: getFullBackupRequiredNetworkType(...) returns 2
10-24 23:09:47.959  1428  1670 W BroadcastQueue: Background execution not allowed: receiving Intent { act=android.intent.action.PACKAGE_ADDED dat=package: flg=0x4000010 (has extras) } to com.google.android.gms/.chimera.GmsIntentOperationService$PersistentTrustedReceiver
10-24 23:09:47.959  1428  1670 W BroadcastQueue: Background execution not allowed: receiving Intent { act=android.intent.action.PACKAGE_ADDED dat=package: flg=0x4000010 (has extras) } to asecurity.phone.junk.cleaner.antivirus/com.lumos.cguard.notif.internal.system.install.InstallReceiver
10-24 23:09:47.959  1428  1428 V BackupManagerConstants: getFullBackupRequireCharging(...) returns true
10-24 23:09:47.959  1428  1670 W BroadcastQueue: u0 Receiving a broadcast in packagecom.cncd.japan.janli.shudu requires a permissions review
10-24 23:09:47.959  1428  1670 W BroadcastQueue: Skipping delivery: permission review required for Intent { act=android.intent.action.PACKAGE_ADDED dat=package: flg=0x4000010 (has extras) } from null (pid=1428, uid=1000) to com.cncd.japan.janli.shudu/net.l.k.r
10-24 23:09:47.959  1428  1670 W BroadcastQueue: u0 Receiving a broadcast in packagecom.cncd.japan.janli.shudu requires a permissions review
10-24 23:09:47.959  1428  1670 W BroadcastQueue: Skipping delivery: permission review required for Intent { act=android.intent.action.PACKAGE_ADDED dat=package: flg=0x4000010 (has extras) } from null (pid=1428, uid=1000) to com.cncd.japan.janli.shudu/com.feiwofour.coverscreen.SR
10-24 23:09:47.960  1428  1670 W BroadcastQueue: u0 Receiving a broadcast in packagecom.games.mengmeizhitd requires a permissions review
10-24 23:09:47.960  1428  1670 W BroadcastQueue: Skipping delivery: permission review required for Intent { act=android.intent.action.PACKAGE_ADDED dat=package: flg=0x4000010 (has extras) } from null (pid=1428, uid=1000) to com.games.mengmeizhitd/hjnw.ihjnw.i.isqly
10-24 23:09:47.960  1428  1670 W BroadcastQueue: u0 Receiving a broadcast in packagecom.hgperfko.yaeghrwx requires a permissions review
10-24 23:09:47.960  1428  1670 W BroadcastQueue: Skipping delivery: permission review required for Intent { act=android.intent.action.PACKAGE_ADDED dat=package: flg=0x4000010 (has extras) } from null (pid=1428, uid=1000) to com.hgperfko.yaeghrwx/.core.hLytdCQDBv
10-24 23:09:47.960  1428  1670 W BroadcastQueue: u0 Receiving a broadcast in packagecom.qiuqiu.dfmc requires a permissions review
10-24 23:09:47.960  1428  1670 W BroadcastQueue: Skipping delivery: permission review required for Intent { act=android.intent.action.PACKAGE_ADDED dat=package: flg=0x4000010 (has extras) } from null (pid=1428, uid=1000) to com.qiuqiu.dfmc/cn.jpush.android.service.PushReceiver
10-24 23:09:47.960  1428  1670 W BroadcastQueue: u0 Receiving a broadcast in packagecom.safesys.viruskiller requires a permissions review
10-24 23:09:47.960  1428  1670 W BroadcastQueue: Skipping delivery: permission review required for Intent { act=android.intent.action.PACKAGE_ADDED dat=package: flg=0x4000010 (has extras) } from null (pid=1428, uid=1000) to com.safesys.viruskiller/.ScanPackageBroadcast
10-24 23:09:47.960  1428  1670 W BroadcastQueue: u0 Receiving a broadcast in packagecom.uc108.mobile.sdgj.bd1 requires a permissions review
10-24 23:09:47.960  1428  1670 W BroadcastQueue: Skipping delivery: permission review required for Intent { act=android.intent.action.PACKAGE_ADDED dat=package: flg=0x4000010 (has extras) } from null (pid=1428, uid=1000) to com.uc108.mobile.sdgj.bd1/com.baidu.tiebasdk.service.InstallReceiver
10-24 23:09:47.960  1428  1670 W BroadcastQueue: u0 Receiving a broadcast in packageio.dcloud.H5BC6BF13 requires a permissions review
10-24 23:09:47.960  1428  1670 W BroadcastQueue: Skipping delivery: permission review required for Intent { act=android.intent.action.PACKAGE_ADDED dat=package: flg=0x4000010 (has extras) } from null (pid=1428, uid=1000) to io.dcloud.H5BC6BF13/io.dcloud.common.adapter.io.DownloadReceiver
10-24 23:09:47.983  1428  1800 E VerityUtils: Failed to measure fs-verity, errno 1: /data/app/~~E6pBp8nx28Wp8PYIGKonyg==/com.google.hxz-1ha5s8V0Ry51Ayoj1XUH4g==/base.apk
10-24 23:09:47.985  1428  3196 W NotificationService: RemoteViews too large on pkg: asecurity.phone.junk.cleaner.antivirus tag: null id: 115 this might be stripped in a future release
10-24 23:09:47.986  1428  1668 W WindowMagnificationMgr: requestConnection duplicated request: connect=false, mConnectionState=DISCONNECTED
10-24 23:09:47.992  1428  1428 I NotificationService: Cannot find enqueued record for key: 0|com.google.android.apps.wellbeing|174344743|null|10121
10-24 23:09:47.994  1428  5472 D CompatibilityChangeReporter: Compat change id reported: 161252188; UID 10244; state: DISABLED
10-24 23:09:48.012  1428  1428 I Telecom : DefaultDialerCache: Refreshing default dialer for user 0: now com.google.android.dialer: DDC.oR@B5w
10-24 23:09:48.014  1428  4150 W BackupTransportManager: Package com.google.hxz enabled setting: 0
10-24 23:09:48.051  1428  1668 W PackageManager: Failed registering loading progress callback. Package is fully loaded.
10-24 23:09:48.057  1428  1668 W WindowMagnificationMgr: requestConnection duplicated request: connect=false, mConnectionState=DISCONNECTED
10-24 23:09:48.064  1428  1804 E PackageManager: ERROR: could not load root hash from incremental install
10-24 23:09:48.071  1428  2027 W PackageParsing: Ignoring duplicate uses-permissions/uses-permissions-sdk-m: android.permission.DISABLE_KEYGUARD in package: bzyz.osqak.rcbmn at: Binary XML file line #22
10-24 23:09:48.081  1428  1804 I PackageManager: Integrity check passed for file:///data/app/vmdl1219277964.tmp
10-24 23:09:48.168  1428  1804 W PackageParsing: Ignoring duplicate uses-permissions/uses-permissions-sdk-m: android.permission.DISABLE_KEYGUARD in package: bzyz.osqak.rcbmn at: Binary XML file line #22
10-24 23:09:48.228  1428  1652 V StorageManagerService: Package null has legacy storage
10-24 23:09:48.367  1428  1804 V BackupManagerService: [UserID:0] restoreAtInstall pkg=bzyz.osqak.rcbmn token=51 restoreSet=0
10-24 23:09:48.368  1428  1804 V BackupManagerService: [UserID:0] Finishing install immediately
10-24 23:09:48.373  1428  1804 D PackageInstallerSession: Marking session 1219277964 as applied
10-24 23:09:48.378  1428  1804 D CompatibilityChangeReporter: Compat change id reported: 168419799; UID 10245; state: DISABLED
10-24 23:09:48.378  1428  1804 D CompatibilityChangeReporter: Compat change id reported: 273564678; UID 10245; state: DISABLED
10-24 23:09:48.387  1428  2904 D CompatibilityChangeReporter: Compat change id reported: 218533173; UID 10245; state: DISABLED
10-24 23:09:48.388  1428  5474 W BroadcastQueue: u0 Receiving a broadcast in packagecom.jr.narutoii requires a permissions review
10-24 23:09:48.388  1428  5474 W BroadcastQueue: Skipping delivery: permission review required for Intent { act=android.intent.action.PACKAGE_ADDED dat=package: flg=0x4000010 (has extras) } from null (pid=1428, uid=1000) to com.jr.narutoii/com.joyriver.engine.proxy.EngineReceiver
10-24 23:09:48.390  1428  1670 W BroadcastQueue: u0 Receiving a broadcast in packagecom.android.buyer requires a permissions review
10-24 23:09:48.390  1428  1670 W BroadcastQueue: Skipping delivery: permission review required for Intent { act=android.intent.action.PACKAGE_ADDED dat=package: flg=0x4000010 (has extras) } from null (pid=1428, uid=1000) to com.android.buyer/.mRve
10-24 23:09:48.390  1428  1670 W BroadcastQueue: Background execution not allowed: receiving Intent { act=android.intent.action.PACKAGE_ADDED dat=package: flg=0x4000010 (has extras) } to com.google.android.packageinstaller/com.android.packageinstaller.PackageInstalledReceiver
10-24 23:09:48.390  1428  1670 W BroadcastQueue: Background execution not allowed: receiving Intent { act=android.intent.action.PACKAGE_ADDED dat=package: flg=0x4000010 (has extras) } to com.android.vending/com.google.android.finsky.packagemonitor.impl.PackageMonitorReceiverImpl$RegisteredReceiver
10-24 23:09:48.390  1428  1670 W BroadcastQueue: Background execution not allowed: receiving Intent { act=android.intent.action.PACKAGE_ADDED dat=package: flg=0x4000010 (has extras) } to com.android.vending/com.google.android.finsky.packagemonitor.backgroundimpl.BackgroundPackageMonitorReceiverImpl$RegisteredReceiver
10-24 23:09:48.390  1428  1670 W BroadcastQueue: Background execution not allowed: receiving Intent { act=android.intent.action.PACKAGE_ADDED dat=package: flg=0x4000010 (has extras) } to com.google.android.gms/.games.chimera.GamesSystemBroadcastReceiverProxy
10-24 23:09:48.390  1428  1670 W BroadcastQueue: Background execution not allowed: receiving Intent { act=android.intent.action.PACKAGE_ADDED dat=package: flg=0x4000010 (has extras) } to com.google.android.gms/.gass.chimera.PackageChangeBroadcastReceiver
10-24 23:09:48.390  1428  1670 W BroadcastQueue: Background execution not allowed: receiving Intent { act=android.intent.action.PACKAGE_ADDED dat=package: flg=0x4000010 (has extras) } to com.google.android.gms/.chimera.GmsIntentOperationService$PersistentTrustedReceiver
10-24 23:09:48.390  1428  1670 W BroadcastQueue: Background execution not allowed: receiving Intent { act=android.intent.action.PACKAGE_ADDED dat=package: flg=0x4000010 (has extras) } to asecurity.phone.junk.cleaner.antivirus/com.lumos.cguard.notif.internal.system.install.InstallReceiver
10-24 23:09:48.390  1428  1670 W BroadcastQueue: u0 Receiving a broadcast in packagecom.cncd.japan.janli.shudu requires a permissions review
10-24 23:09:48.390  1428  1670 W BroadcastQueue: Skipping delivery: permission review required for Intent { act=android.intent.action.PACKAGE_ADDED dat=package: flg=0x4000010 (has extras) } from null (pid=1428, uid=1000) to com.cncd.japan.janli.shudu/net.l.k.r
10-24 23:09:48.390  1428  1670 W BroadcastQueue: u0 Receiving a broadcast in packagecom.cncd.japan.janli.shudu requires a permissions review
10-24 23:09:48.391  1428  1670 W BroadcastQueue: Skipping delivery: permission review required for Intent { act=android.intent.action.PACKAGE_ADDED dat=package: flg=0x4000010 (has extras) } from null (pid=1428, uid=1000) to com.cncd.japan.janli.shudu/com.feiwofour.coverscreen.SR
10-24 23:09:48.391  1428  1670 W BroadcastQueue: u0 Receiving a broadcast in packagecom.games.mengmeizhitd requires a permissions review
10-24 23:09:48.391  1428  1670 W BroadcastQueue: Skipping delivery: permission review required for Intent { act=android.intent.action.PACKAGE_ADDED dat=package: flg=0x4000010 (has extras) } from null (pid=1428, uid=1000) to com.games.mengmeizhitd/hjnw.ihjnw.i.isqly
10-24 23:09:48.391  1428  1670 W BroadcastQueue: u0 Receiving a broadcast in packagecom.hgperfko.yaeghrwx requires a permissions review
10-24 23:09:48.391  1428  1670 W BroadcastQueue: Skipping delivery: permission review required for Intent { act=android.intent.action.PACKAGE_ADDED dat=package: flg=0x4000010 (has extras) } from null (pid=1428, uid=1000) to com.hgperfko.yaeghrwx/.core.hLytdCQDBv
10-24 23:09:48.391  1428  1670 W BroadcastQueue: u0 Receiving a broadcast in packagecom.qiuqiu.dfmc requires a permissions review
10-24 23:09:48.391  1428  1670 W BroadcastQueue: Skipping delivery: permission review required for Intent { act=android.intent.action.PACKAGE_ADDED dat=package: flg=0x4000010 (has extras) } from null (pid=1428, uid=1000) to com.qiuqiu.dfmc/cn.jpush.android.service.PushReceiver
10-24 23:09:48.391  1428  1670 W BroadcastQueue: u0 Receiving a broadcast in packagecom.safesys.viruskiller requires a permissions review
10-24 23:09:48.391  1428  1670 W BroadcastQueue: Skipping delivery: permission review required for Intent { act=android.intent.action.PACKAGE_ADDED dat=package: flg=0x4000010 (has extras) } from null (pid=1428, uid=1000) to com.safesys.viruskiller/.ScanPackageBroadcast
10-24 23:09:48.391  1428  1670 W BroadcastQueue: u0 Receiving a broadcast in packagecom.uc108.mobile.sdgj.bd1 requires a permissions review
10-24 23:09:48.391  1428  1670 W BroadcastQueue: Skipping delivery: permission review required for Intent { act=android.intent.action.PACKAGE_ADDED dat=package: flg=0x4000010 (has extras) } from null (pid=1428, uid=1000) to com.uc108.mobile.sdgj.bd1/com.baidu.tiebasdk.service.InstallReceiver
10-24 23:09:48.391  1428  1670 W BroadcastQueue: u0 Receiving a broadcast in packageio.dcloud.H5BC6BF13 requires a permissions review
10-24 23:09:48.391  1428  1670 W BroadcastQueue: Skipping delivery: permission review required for Intent { act=android.intent.action.PACKAGE_ADDED dat=package: flg=0x4000010 (has extras) } from null (pid=1428, uid=1000) to io.dcloud.H5BC6BF13/io.dcloud.common.adapter.io.DownloadReceiver
10-24 23:09:48.393  1428  1668 W WindowMagnificationMgr: requestConnection duplicated request: connect=false, mConnectionState=DISCONNECTED
10-24 23:09:48.397  1428  1428 I Telecom : DefaultDialerCache: Refreshing default dialer for user 0: now com.google.android.dialer: DDC.oR@B50
10-24 23:09:48.411  1428  1428 V BackupManagerConstants: getFullBackupIntervalMilliseconds(...) returns 86400000
10-24 23:09:48.411  1428  1428 V BackupManagerConstants: getFullBackupRequiredNetworkType(...) returns 2
10-24 23:09:48.411  1428  1428 V BackupManagerConstants: getFullBackupRequireCharging(...) returns true
10-24 23:09:48.421  1428  1800 E VerityUtils: Failed to measure fs-verity, errno 1: /data/app/~~GSo1D9xEi4O78rlmnLKFdA==/bzyz.osqak.rcbmn-39tDsz_S1IerGWFDWKREEQ==/base.apk
10-24 23:09:48.432  1428  1668 W PackageManager: Failed registering loading progress callback. Package is fully loaded.
10-24 23:09:48.439  1428  1804 E PackageManager: ERROR: could not load root hash from incremental install
10-24 23:09:48.441  1428  3198 D CompatibilityChangeReporter: Compat change id reported: 161252188; UID 10245; state: DISABLED
10-24 23:09:48.455  1428  1668 W WindowMagnificationMgr: requestConnection duplicated request: connect=false, mConnectionState=DISCONNECTED
10-24 23:09:48.461  1428  1428 I Telecom : DefaultDialerCache: Refreshing default dialer for user 0: now com.google.android.dialer: DDC.oR@B54
10-24 23:09:48.463  1428  4150 W BackupTransportManager: Package bzyz.osqak.rcbmn enabled setting: 0
10-24 23:09:48.475  1428  1804 I PackageManager: Integrity check passed for file:///data/app/vmdl357934615.tmp
10-24 23:09:48.750  1428  1652 V StorageManagerService: Package null has legacy storage
10-24 23:09:48.868  1428  1804 V BackupManagerService: [UserID:0] restoreAtInstall pkg=com.novaspirit.usbcleaver token=52 restoreSet=0
10-24 23:09:48.868  1428  1804 V BackupManagerService: [UserID:0] Finishing install immediately
10-24 23:09:48.871  1428  1804 D PackageInstallerSession: Marking session 357934615 as applied
10-24 23:09:48.874  1428  1804 D CompatibilityChangeReporter: Compat change id reported: 168419799; UID 10246; state: DISABLED
10-24 23:09:48.875  1428  1804 D CompatibilityChangeReporter: Compat change id reported: 273564678; UID 10246; state: DISABLED
10-24 23:09:48.879  1428  2904 D CompatibilityChangeReporter: Compat change id reported: 218533173; UID 10246; state: DISABLED
10-24 23:09:48.885  1428  2926 W BroadcastQueue: u0 Receiving a broadcast in packagecom.jr.narutoii requires a permissions review
10-24 23:09:48.885  1428  2926 W BroadcastQueue: Skipping delivery: permission review required for Intent { act=android.intent.action.PACKAGE_ADDED dat=package: flg=0x4000010 (has extras) } from null (pid=1428, uid=1000) to com.jr.narutoii/com.joyriver.engine.proxy.EngineReceiver
10-24 23:09:48.885  1428  1428 I Telecom : DefaultDialerCache: Refreshing default dialer for user 0: now com.google.android.dialer: DDC.oR@B6E
10-24 23:09:48.886  1428  1670 W BroadcastQueue: u0 Receiving a broadcast in packagecom.android.buyer requires a permissions review
10-24 23:09:48.886  1428  1670 W BroadcastQueue: Skipping delivery: permission review required for Intent { act=android.intent.action.PACKAGE_ADDED dat=package: flg=0x4000010 (has extras) } from null (pid=1428, uid=1000) to com.android.buyer/.mRve
10-24 23:09:48.886  1428  1670 W BroadcastQueue: Background execution not allowed: receiving Intent { act=android.intent.action.PACKAGE_ADDED dat=package: flg=0x4000010 (has extras) } to com.google.android.packageinstaller/com.android.packageinstaller.PackageInstalledReceiver
10-24 23:09:48.886  1428  1670 W BroadcastQueue: Background execution not allowed: receiving Intent { act=android.intent.action.PACKAGE_ADDED dat=package: flg=0x4000010 (has extras) } to com.android.vending/com.google.android.finsky.packagemonitor.impl.PackageMonitorReceiverImpl$RegisteredReceiver
10-24 23:09:48.887  1428  1670 W BroadcastQueue: Background execution not allowed: receiving Intent { act=android.intent.action.PACKAGE_ADDED dat=package: flg=0x4000010 (has extras) } to com.android.vending/com.google.android.finsky.packagemonitor.backgroundimpl.BackgroundPackageMonitorReceiverImpl$RegisteredReceiver
10-24 23:09:48.887  1428  1670 W BroadcastQueue: Background execution not allowed: receiving Intent { act=android.intent.action.PACKAGE_ADDED dat=package: flg=0x4000010 (has extras) } to com.google.android.gms/.games.chimera.GamesSystemBroadcastReceiverProxy
10-24 23:09:48.887  1428  1670 W BroadcastQueue: Background execution not allowed: receiving Intent { act=android.intent.action.PACKAGE_ADDED dat=package: flg=0x4000010 (has extras) } to com.google.android.gms/.gass.chimera.PackageChangeBroadcastReceiver
10-24 23:09:48.887  1428  1670 W BroadcastQueue: Background execution not allowed: receiving Intent { act=android.intent.action.PACKAGE_ADDED dat=package: flg=0x4000010 (has extras) } to com.google.android.gms/.chimera.GmsIntentOperationService$PersistentTrustedReceiver
10-24 23:09:48.888  1428  1668 W WindowMagnificationMgr: requestConnection duplicated request: connect=false, mConnectionState=DISCONNECTED
10-24 23:09:48.893  1428  1670 W BroadcastQueue: Background execution not allowed: receiving Intent { act=android.intent.action.PACKAGE_ADDED dat=package: flg=0x4000010 (has extras) } to asecurity.phone.junk.cleaner.antivirus/com.lumos.cguard.notif.internal.system.install.InstallReceiver
10-24 23:09:48.893  1428  1670 W BroadcastQueue: u0 Receiving a broadcast in packagecom.cncd.japan.janli.shudu requires a permissions review
10-24 23:09:48.893  1428  1670 W BroadcastQueue: Skipping delivery: permission review required for Intent { act=android.intent.action.PACKAGE_ADDED dat=package: flg=0x4000010 (has extras) } from null (pid=1428, uid=1000) to com.cncd.japan.janli.shudu/net.l.k.r
10-24 23:09:48.893  1428  1670 W BroadcastQueue: u0 Receiving a broadcast in packagecom.cncd.japan.janli.shudu requires a permissions review
10-24 23:09:48.893  1428  1670 W BroadcastQueue: Skipping delivery: permission review required for Intent { act=android.intent.action.PACKAGE_ADDED dat=package: flg=0x4000010 (has extras) } from null (pid=1428, uid=1000) to com.cncd.japan.janli.shudu/com.feiwofour.coverscreen.SR
10-24 23:09:48.893  1428  1670 W BroadcastQueue: u0 Receiving a broadcast in packagecom.games.mengmeizhitd requires a permissions review
10-24 23:09:48.893  1428  1670 W BroadcastQueue: Skipping delivery: permission review required for Intent { act=android.intent.action.PACKAGE_ADDED dat=package: flg=0x4000010 (has extras) } from null (pid=1428, uid=1000) to com.games.mengmeizhitd/hjnw.ihjnw.i.isqly
10-24 23:09:48.893  1428  1670 W BroadcastQueue: u0 Receiving a broadcast in packagecom.hgperfko.yaeghrwx requires a permissions review
10-24 23:09:48.894  1428  1670 W BroadcastQueue: Skipping delivery: permission review required for Intent { act=android.intent.action.PACKAGE_ADDED dat=package: flg=0x4000010 (has extras) } from null (pid=1428, uid=1000) to com.hgperfko.yaeghrwx/.core.hLytdCQDBv
10-24 23:09:48.894  1428  1670 W BroadcastQueue: u0 Receiving a broadcast in packagecom.qiuqiu.dfmc requires a permissions review
10-24 23:09:48.894  1428  1670 W BroadcastQueue: Skipping delivery: permission review required for Intent { act=android.intent.action.PACKAGE_ADDED dat=package: flg=0x4000010 (has extras) } from null (pid=1428, uid=1000) to com.qiuqiu.dfmc/cn.jpush.android.service.PushReceiver
10-24 23:09:48.894  1428  1670 W BroadcastQueue: u0 Receiving a broadcast in packagecom.safesys.viruskiller requires a permissions review
10-24 23:09:48.894  1428  1670 W BroadcastQueue: Skipping delivery: permission review required for Intent { act=android.intent.action.PACKAGE_ADDED dat=package: flg=0x4000010 (has extras) } from null (pid=1428, uid=1000) to com.safesys.viruskiller/.ScanPackageBroadcast
10-24 23:09:48.894  1428  1670 W BroadcastQueue: u0 Receiving a broadcast in packagecom.uc108.mobile.sdgj.bd1 requires a permissions review
