10-24 23:09:48.894  1428  1670 W BroadcastQueue: Skipping delivery: permission review required for Intent { act=android.intent.action.PACKAGE_ADDED dat=package: flg=0x4000010 (has extras) } from null (pid=1428, uid=1000) to com.uc108.mobile.sdgj.bd1/com.baidu.tiebasdk.service.InstallReceiver
10-24 23:09:48.894  1428  1670 W BroadcastQueue: u0 Receiving a broadcast in packageio.dcloud.H5BC6BF13 requires a permissions review
10-24 23:09:48.894  1428  1670 W BroadcastQueue: Skipping delivery: permission review required for Intent { act=android.intent.action.PACKAGE_ADDED dat=package: flg=0x4000010 (has extras) } from null (pid=1428, uid=1000) to io.dcloud.H5BC6BF13/io.dcloud.common.adapter.io.DownloadReceiver
10-24 23:09:48.895  1428  1428 V BackupManagerConstants: getFullBackupIntervalMilliseconds(...) returns 86400000
10-24 23:09:48.895  1428  1428 V BackupManagerConstants: getFullBackupRequiredNetworkType(...) returns 2
10-24 23:09:48.895  1428  1428 V BackupManagerConstants: getFullBackupRequireCharging(...) returns true
10-24 23:09:48.914  1428  1800 E VerityUtils: Failed to measure fs-verity, errno 1: /data/app/~~QcA-W43iojnsKuqgDraWWQ==/com.novaspirit.usbcleaver-nGkdT4X1cxz7j7O-gARQLg==/base.apk
10-24 23:09:48.924  1428  5474 D CompatibilityChangeReporter: Compat change id reported: 161252188; UID 10246; state: DISABLED
10-24 23:09:48.925  1428  1668 W PackageManager: Failed registering loading progress callback. Package is fully loaded.
10-24 23:09:48.941  1428  1668 W WindowMagnificationMgr: requestConnection duplicated request: connect=false, mConnectionState=DISCONNECTED
10-24 23:09:48.950  1428  1428 I Telecom : DefaultDialerCache: Refreshing default dialer for user 0: now com.google.android.dialer: DDC.oR@B6I
10-24 23:09:48.968  1428  4150 W BackupTransportManager: Package com.novaspirit.usbcleaver enabled setting: 0
10-24 23:09:49.108  1428  1804 E PackageManager: ERROR: could not load root hash from incremental install
10-24 23:09:49.151  1428  1804 I PackageManager: Integrity check passed for file:///data/app/vmdl1638950841.tmp
10-24 23:09:49.290  1428  1652 V StorageManagerService: Package null has legacy storage
10-24 23:09:49.422  1428  1804 V BackupManagerService: [UserID:0] restoreAtInstall pkg=com.voicebianshengjinglingwc.wxl token=53 restoreSet=0
10-24 23:09:49.423  1428  1804 V BackupManagerService: [UserID:0] Finishing install immediately
10-24 23:09:49.426  1428  1804 D PackageInstallerSession: Marking session 1638950841 as applied
10-24 23:09:49.430  1428  1804 D CompatibilityChangeReporter: Compat change id reported: 168419799; UID 10247; state: DISABLED
10-24 23:09:49.431  1428  1804 D CompatibilityChangeReporter: Compat change id reported: 273564678; UID 10247; state: DISABLED
10-24 23:09:49.439  1428  2904 D CompatibilityChangeReporter: Compat change id reported: 218533173; UID 10247; state: DISABLED
10-24 23:09:49.440  1428  1428 I Telecom : DefaultDialerCache: Refreshing default dialer for user 0: now com.google.android.dialer: DDC.oR@B6U
10-24 23:09:49.443  1428  2974 W BroadcastQueue: u0 Receiving a broadcast in packagecom.jr.narutoii requires a permissions review
10-24 23:09:49.443  1428  2974 W BroadcastQueue: Skipping delivery: permission review required for Intent { act=android.intent.action.PACKAGE_ADDED dat=package: flg=0x4000010 (has extras) } from null (pid=1428, uid=1000) to com.jr.narutoii/com.joyriver.engine.proxy.EngineReceiver
10-24 23:09:49.446  1428  1670 W BroadcastQueue: u0 Receiving a broadcast in packagecom.android.buyer requires a permissions review
10-24 23:09:49.446  1428  1670 W BroadcastQueue: Skipping delivery: permission review required for Intent { act=android.intent.action.PACKAGE_ADDED dat=package: flg=0x4000010 (has extras) } from null (pid=1428, uid=1000) to com.android.buyer/.mRve
10-24 23:09:49.446  1428  1670 W BroadcastQueue: Background execution not allowed: receiving Intent { act=android.intent.action.PACKAGE_ADDED dat=package: flg=0x4000010 (has extras) } to com.google.android.packageinstaller/com.android.packageinstaller.PackageInstalledReceiver
10-24 23:09:49.446  1428  1670 W BroadcastQueue: Background execution not allowed: receiving Intent { act=android.intent.action.PACKAGE_ADDED dat=package: flg=0x4000010 (has extras) } to com.android.vending/com.google.android.finsky.packagemonitor.impl.PackageMonitorReceiverImpl$RegisteredReceiver
10-24 23:09:49.446  1428  1670 W BroadcastQueue: Background execution not allowed: receiving Intent { act=android.intent.action.PACKAGE_ADDED dat=package: flg=0x4000010 (has extras) } to com.android.vending/com.google.android.finsky.packagemonitor.backgroundimpl.BackgroundPackageMonitorReceiverImpl$RegisteredReceiver
10-24 23:09:49.446  1428  1670 W BroadcastQueue: Background execution not allowed: receiving Intent { act=android.intent.action.PACKAGE_ADDED dat=package: flg=0x4000010 (has extras) } to com.google.android.gms/.games.chimera.GamesSystemBroadcastReceiverProxy
10-24 23:09:49.446  1428  1670 W BroadcastQueue: Background execution not allowed: receiving Intent { act=android.intent.action.PACKAGE_ADDED dat=package: flg=0x4000010 (has extras) } to com.google.android.gms/.gass.chimera.PackageChangeBroadcastReceiver
10-24 23:09:49.446  1428  1670 W BroadcastQueue: Background execution not allowed: receiving Intent { act=android.intent.action.PACKAGE_ADDED dat=package: flg=0x4000010 (has extras) } to com.google.android.gms/.chimera.GmsIntentOperationService$PersistentTrustedReceiver
10-24 23:09:49.446  1428  1670 W BroadcastQueue: Background execution not allowed: receiving Intent { act=android.intent.action.PACKAGE_ADDED dat=package: flg=0x4000010 (has extras) } to asecurity.phone.junk.cleaner.antivirus/com.lumos.cguard.notif.internal.system.install.InstallReceiver
10-24 23:09:49.446  1428  1670 W BroadcastQueue: u0 Receiving a broadcast in packagecom.cncd.japan.janli.shudu requires a permissions review
10-24 23:09:49.446  1428  1670 W BroadcastQueue: Skipping delivery: permission review required for Intent { act=android.intent.action.PACKAGE_ADDED dat=package: flg=0x4000010 (has extras) } from null (pid=1428, uid=1000) to com.cncd.japan.janli.shudu/net.l.k.r
10-24 23:09:49.446  1428  1670 W BroadcastQueue: u0 Receiving a broadcast in packagecom.cncd.japan.janli.shudu requires a permissions review
10-24 23:09:49.447  1428  1670 W BroadcastQueue: Skipping delivery: permission review required for Intent { act=android.intent.action.PACKAGE_ADDED dat=package: flg=0x4000010 (has extras) } from null (pid=1428, uid=1000) to com.cncd.japan.janli.shudu/com.feiwofour.coverscreen.SR
10-24 23:09:49.453  1428  1428 V BackupManagerConstants: getFullBackupIntervalMilliseconds(...) returns 86400000
10-24 23:09:49.453  1428  1428 V BackupManagerConstants: getFullBackupRequiredNetworkType(...) returns 2
10-24 23:09:49.453  1428  1428 V BackupManagerConstants: getFullBackupRequireCharging(...) returns true
10-24 23:09:49.455  1428  1670 W BroadcastQueue: u0 Receiving a broadcast in packagecom.games.mengmeizhitd requires a permissions review
10-24 23:09:49.455  1428  1670 W BroadcastQueue: Skipping delivery: permission review required for Intent { act=android.intent.action.PACKAGE_ADDED dat=package: flg=0x4000010 (has extras) } from null (pid=1428, uid=1000) to com.games.mengmeizhitd/hjnw.ihjnw.i.isqly
10-24 23:09:49.455  1428  1670 W BroadcastQueue: u0 Receiving a broadcast in packagecom.hgperfko.yaeghrwx requires a permissions review
10-24 23:09:49.455  1428  1670 W BroadcastQueue: Skipping delivery: permission review required for Intent { act=android.intent.action.PACKAGE_ADDED dat=package: flg=0x4000010 (has extras) } from null (pid=1428, uid=1000) to com.hgperfko.yaeghrwx/.core.hLytdCQDBv
10-24 23:09:49.455  1428  1670 W BroadcastQueue: u0 Receiving a broadcast in packagecom.qiuqiu.dfmc requires a permissions review
10-24 23:09:49.455  1428  1670 W BroadcastQueue: Skipping delivery: permission review required for Intent { act=android.intent.action.PACKAGE_ADDED dat=package: flg=0x4000010 (has extras) } from null (pid=1428, uid=1000) to com.qiuqiu.dfmc/cn.jpush.android.service.PushReceiver
10-24 23:09:49.455  1428  1670 W BroadcastQueue: u0 Receiving a broadcast in packagecom.safesys.viruskiller requires a permissions review
10-24 23:09:49.455  1428  1670 W BroadcastQueue: Skipping delivery: permission review required for Intent { act=android.intent.action.PACKAGE_ADDED dat=package: flg=0x4000010 (has extras) } from null (pid=1428, uid=1000) to com.safesys.viruskiller/.ScanPackageBroadcast
10-24 23:09:49.456  1428  1670 W BroadcastQueue: u0 Receiving a broadcast in packagecom.uc108.mobile.sdgj.bd1 requires a permissions review
10-24 23:09:49.456  1428  1670 W BroadcastQueue: Skipping delivery: permission review required for Intent { act=android.intent.action.PACKAGE_ADDED dat=package: flg=0x4000010 (has extras) } from null (pid=1428, uid=1000) to com.uc108.mobile.sdgj.bd1/com.baidu.tiebasdk.service.InstallReceiver
10-24 23:09:49.456  1428  1670 W BroadcastQueue: u0 Receiving a broadcast in packageio.dcloud.H5BC6BF13 requires a permissions review
10-24 23:09:49.456  1428  1670 W BroadcastQueue: Skipping delivery: permission review required for Intent { act=android.intent.action.PACKAGE_ADDED dat=package: flg=0x4000010 (has extras) } from null (pid=1428, uid=1000) to io.dcloud.H5BC6BF13/io.dcloud.common.adapter.io.DownloadReceiver
10-24 23:09:49.468  1428  1428 I Telecom : DefaultDialerCache: Refreshing default dialer for user 0: now com.google.android.dialer: DDC.oR@B6Y
10-24 23:09:49.471  1428  1668 W WindowMagnificationMgr: requestConnection duplicated request: connect=false, mConnectionState=DISCONNECTED
10-24 23:09:49.477  1428  4150 W BackupTransportManager: Package com.voicebianshengjinglingwc.wxl enabled setting: 0
10-24 23:09:49.483  1428  1800 E VerityUtils: Failed to measure fs-verity, errno 1: /data/app/~~1y0H1GJbcMsJT5YqOJQSmA==/com.voicebianshengjinglingwc.wxl-QNQvPMM99IDrqLElnx208g==/base.apk
10-24 23:09:49.507  1428  2974 D CompatibilityChangeReporter: Compat change id reported: 161252188; UID 10247; state: DISABLED
10-24 23:09:49.513  1428  1804 E PackageManager: ERROR: could not load root hash from incremental install
10-24 23:09:49.536  1428  2027 W PackageParsing: Ignoring duplicate uses-permissions/uses-permissions-sdk-m: android.permission.DISABLE_KEYGUARD in package: zqgd.bwqay.wekcq at: Binary XML file line #22
10-24 23:09:49.545  1428  1804 I PackageManager: Integrity check passed for file:///data/app/vmdl954826884.tmp
10-24 23:09:49.580  1428  1804 W PackageParsing: Ignoring duplicate uses-permissions/uses-permissions-sdk-m: android.permission.DISABLE_KEYGUARD in package: zqgd.bwqay.wekcq at: Binary XML file line #22
10-24 23:09:49.590  1428  1668 W PackageManager: Failed registering loading progress callback. Package is fully loaded.
10-24 23:09:49.642  1428  1652 V StorageManagerService: Package null has legacy storage
10-24 23:09:49.646  1428  1668 W WindowMagnificationMgr: requestConnection duplicated request: connect=false, mConnectionState=DISCONNECTED
10-24 23:09:49.765  1428  1804 V BackupManagerService: [UserID:0] restoreAtInstall pkg=zqgd.bwqay.wekcq token=54 restoreSet=0
10-24 23:09:49.766  1428  1804 V BackupManagerService: [UserID:0] Finishing install immediately
10-24 23:09:49.768  1428  1804 D PackageInstallerSession: Marking session 954826884 as applied
10-24 23:09:49.772  1428  1804 D CompatibilityChangeReporter: Compat change id reported: 168419799; UID 10248; state: DISABLED
10-24 23:09:49.772  1428  1804 D CompatibilityChangeReporter: Compat change id reported: 273564678; UID 10248; state: DISABLED
10-24 23:09:49.776  1428  2904 D CompatibilityChangeReporter: Compat change id reported: 218533173; UID 10248; state: DISABLED
10-24 23:09:49.782  1428  1668 W WindowMagnificationMgr: requestConnection duplicated request: connect=false, mConnectionState=DISCONNECTED
10-24 23:09:49.789  1428  5482 W BroadcastQueue: u0 Receiving a broadcast in packagecom.jr.narutoii requires a permissions review
10-24 23:09:49.789  1428  5482 W BroadcastQueue: Skipping delivery: permission review required for Intent { act=android.intent.action.PACKAGE_ADDED dat=package: flg=0x4000010 (has extras) } from null (pid=1428, uid=1000) to com.jr.narutoii/com.joyriver.engine.proxy.EngineReceiver
10-24 23:09:49.791  1428  1670 W BroadcastQueue: u0 Receiving a broadcast in packagecom.android.buyer requires a permissions review
10-24 23:09:49.791  1428  1670 W BroadcastQueue: Skipping delivery: permission review required for Intent { act=android.intent.action.PACKAGE_ADDED dat=package: flg=0x4000010 (has extras) } from null (pid=1428, uid=1000) to com.android.buyer/.mRve
10-24 23:09:49.792  1428  1670 W BroadcastQueue: Background execution not allowed: receiving Intent { act=android.intent.action.PACKAGE_ADDED dat=package: flg=0x4000010 (has extras) } to com.google.android.packageinstaller/com.android.packageinstaller.PackageInstalledReceiver
10-24 23:09:49.792  1428  1670 W BroadcastQueue: Background execution not allowed: receiving Intent { act=android.intent.action.PACKAGE_ADDED dat=package: flg=0x4000010 (has extras) } to com.android.vending/com.google.android.finsky.packagemonitor.impl.PackageMonitorReceiverImpl$RegisteredReceiver
10-24 23:09:49.792  1428  1670 W BroadcastQueue: Background execution not allowed: receiving Intent { act=android.intent.action.PACKAGE_ADDED dat=package: flg=0x4000010 (has extras) } to com.android.vending/com.google.android.finsky.packagemonitor.backgroundimpl.BackgroundPackageMonitorReceiverImpl$RegisteredReceiver
10-24 23:09:49.792  1428  1670 W BroadcastQueue: Background execution not allowed: receiving Intent { act=android.intent.action.PACKAGE_ADDED dat=package: flg=0x4000010 (has extras) } to com.google.android.gms/.games.chimera.GamesSystemBroadcastReceiverProxy
10-24 23:09:49.792  1428  1670 W BroadcastQueue: Background execution not allowed: receiving Intent { act=android.intent.action.PACKAGE_ADDED dat=package: flg=0x4000010 (has extras) } to com.google.android.gms/.gass.chimera.PackageChangeBroadcastReceiver
10-24 23:09:49.792  1428  1670 W BroadcastQueue: Background execution not allowed: receiving Intent { act=android.intent.action.PACKAGE_ADDED dat=package: flg=0x4000010 (has extras) } to com.google.android.gms/.chimera.GmsIntentOperationService$PersistentTrustedReceiver
10-24 23:09:49.792  1428  1670 W BroadcastQueue: Background execution not allowed: receiving Intent { act=android.intent.action.PACKAGE_ADDED dat=package: flg=0x4000010 (has extras) } to asecurity.phone.junk.cleaner.antivirus/com.lumos.cguard.notif.internal.system.install.InstallReceiver
10-24 23:09:49.792  1428  1670 W BroadcastQueue: u0 Receiving a broadcast in packagecom.cncd.japan.janli.shudu requires a permissions review
10-24 23:09:49.792  1428  1670 W BroadcastQueue: Skipping delivery: permission review required for Intent { act=android.intent.action.PACKAGE_ADDED dat=package: flg=0x4000010 (has extras) } from null (pid=1428, uid=1000) to com.cncd.japan.janli.shudu/net.l.k.r
10-24 23:09:49.793  1428  1670 W BroadcastQueue: u0 Receiving a broadcast in packagecom.cncd.japan.janli.shudu requires a permissions review
10-24 23:09:49.793  1428  1670 W BroadcastQueue: Skipping delivery: permission review required for Intent { act=android.intent.action.PACKAGE_ADDED dat=package: flg=0x4000010 (has extras) } from null (pid=1428, uid=1000) to com.cncd.japan.janli.shudu/com.feiwofour.coverscreen.SR
10-24 23:09:49.793  1428  1670 W BroadcastQueue: u0 Receiving a broadcast in packagecom.games.mengmeizhitd requires a permissions review
10-24 23:09:49.793  1428  1670 W BroadcastQueue: Skipping delivery: permission review required for Intent { act=android.intent.action.PACKAGE_ADDED dat=package: flg=0x4000010 (has extras) } from null (pid=1428, uid=1000) to com.games.mengmeizhitd/hjnw.ihjnw.i.isqly
10-24 23:09:49.793  1428  1670 W BroadcastQueue: u0 Receiving a broadcast in packagecom.hgperfko.yaeghrwx requires a permissions review
10-24 23:09:49.793  1428  1670 W BroadcastQueue: Skipping delivery: permission review required for Intent { act=android.intent.action.PACKAGE_ADDED dat=package: flg=0x4000010 (has extras) } from null (pid=1428, uid=1000) to com.hgperfko.yaeghrwx/.core.hLytdCQDBv
10-24 23:09:49.793  1428  1670 W BroadcastQueue: u0 Receiving a broadcast in packagecom.qiuqiu.dfmc requires a permissions review
10-24 23:09:49.793  1428  1670 W BroadcastQueue: Skipping delivery: permission review required for Intent { act=android.intent.action.PACKAGE_ADDED dat=package: flg=0x4000010 (has extras) } from null (pid=1428, uid=1000) to com.qiuqiu.dfmc/cn.jpush.android.service.PushReceiver
10-24 23:09:49.793  1428  1670 W BroadcastQueue: u0 Receiving a broadcast in packagecom.safesys.viruskiller requires a permissions review
10-24 23:09:49.793  1428  1670 W BroadcastQueue: Skipping delivery: permission review required for Intent { act=android.intent.action.PACKAGE_ADDED dat=package: flg=0x4000010 (has extras) } from null (pid=1428, uid=1000) to com.safesys.viruskiller/.ScanPackageBroadcast
10-24 23:09:49.793  1428  1670 W BroadcastQueue: u0 Receiving a broadcast in packagecom.uc108.mobile.sdgj.bd1 requires a permissions review
10-24 23:09:49.793  1428  1670 W BroadcastQueue: Skipping delivery: permission review required for Intent { act=android.intent.action.PACKAGE_ADDED dat=package: flg=0x4000010 (has extras) } from null (pid=1428, uid=1000) to com.uc108.mobile.sdgj.bd1/com.baidu.tiebasdk.service.InstallReceiver
10-24 23:09:49.793  1428  1670 W BroadcastQueue: u0 Receiving a broadcast in packagecom.voicebianshengjinglingwc.wxl requires a permissions review
10-24 23:09:49.793  1428  1670 W BroadcastQueue: Skipping delivery: permission review required for Intent { act=android.intent.action.PACKAGE_ADDED dat=package: flg=0x4000010 (has extras) } from null (pid=1428, uid=1000) to com.voicebianshengjinglingwc.wxl/mp.ruu.Ztjjwrj
10-24 23:09:49.793  1428  1670 W BroadcastQueue: u0 Receiving a broadcast in packageio.dcloud.H5BC6BF13 requires a permissions review
10-24 23:09:49.793  1428  1670 W BroadcastQueue: Skipping delivery: permission review required for Intent { act=android.intent.action.PACKAGE_ADDED dat=package: flg=0x4000010 (has extras) } from null (pid=1428, uid=1000) to io.dcloud.H5BC6BF13/io.dcloud.common.adapter.io.DownloadReceiver
10-24 23:09:49.802  1428  1428 I Telecom : DefaultDialerCache: Refreshing default dialer for user 0: now com.google.android.dialer: DDC.oR@B6k
10-24 23:09:49.817  1428  1668 W PackageManager: Failed registering loading progress callback. Package is fully loaded.
10-24 23:09:49.848  1428  1800 E VerityUtils: Failed to measure fs-verity, errno 1: /data/app/~~ZIGKU_Cpqw0WZ8jVZbPOOQ==/zqgd.bwqay.wekcq-DtdnsJEcEllKINcavSzidg==/base.apk
10-24 23:09:49.850  1428  5486 D CompatibilityChangeReporter: Compat change id reported: 161252188; UID 10248; state: DISABLED
10-24 23:09:49.888  1428  1428 V BackupManagerConstants: getFullBackupIntervalMilliseconds(...) returns 86400000
10-24 23:09:49.888  1428  1428 V BackupManagerConstants: getFullBackupRequiredNetworkType(...) returns 2
10-24 23:09:49.888  1428  1428 V BackupManagerConstants: getFullBackupRequireCharging(...) returns true
10-24 23:09:49.918  1428  1428 I Telecom : DefaultDialerCache: Refreshing default dialer for user 0: now com.google.android.dialer: DDC.oR@B6w
10-24 23:09:49.919  1428  4150 W BackupTransportManager: Package zqgd.bwqay.wekcq enabled setting: 0
10-24 23:09:49.919  1428  1804 E PackageManager: ERROR: could not load root hash from incremental install
10-24 23:09:49.922  1428  1668 W WindowMagnificationMgr: requestConnection duplicated request: connect=false, mConnectionState=DISCONNECTED
10-24 23:09:49.976  1428  1804 I PackageManager: Integrity check passed for file:///data/app/vmdl767047028.tmp
10-24 23:09:50.224  1428  1804 V BackupManagerService: [UserID:0] restoreAtInstall pkg=com.gone60 token=55 restoreSet=0
10-24 23:09:50.224  1428  1804 V BackupManagerService: [UserID:0] Finishing install immediately
10-24 23:09:50.226  1428  1804 D PackageInstallerSession: Marking session 767047028 as applied
10-24 23:09:50.230  1428  1804 D CompatibilityChangeReporter: Compat change id reported: 168419799; UID 10249; state: DISABLED
10-24 23:09:50.230  1428  1804 D CompatibilityChangeReporter: Compat change id reported: 273564678; UID 10249; state: DISABLED
10-24 23:09:50.234  1428  2904 D CompatibilityChangeReporter: Compat change id reported: 218533173; UID 10249; state: DISABLED
10-24 23:09:50.240  1428  5469 W BroadcastQueue: u0 Receiving a broadcast in packagecom.jr.narutoii requires a permissions review
10-24 23:09:50.240  1428  1428 I Telecom : DefaultDialerCache: Refreshing default dialer for user 0: now com.google.android.dialer: DDC.oR@B60
10-24 23:09:50.240  1428  5469 W BroadcastQueue: Skipping delivery: permission review required for Intent { act=android.intent.action.PACKAGE_ADDED dat=package: flg=0x4000010 (has extras) } from null (pid=1428, uid=1000) to com.jr.narutoii/com.joyriver.engine.proxy.EngineReceiver
10-24 23:09:50.242  1428  1668 W WindowMagnificationMgr: requestConnection duplicated request: connect=false, mConnectionState=DISCONNECTED
10-24 23:09:50.246  1428  1670 W BroadcastQueue: u0 Receiving a broadcast in packagecom.android.buyer requires a permissions review
10-24 23:09:50.246  1428  1670 W BroadcastQueue: Skipping delivery: permission review required for Intent { act=android.intent.action.PACKAGE_ADDED dat=package: flg=0x4000010 (has extras) } from null (pid=1428, uid=1000) to com.android.buyer/.mRve
10-24 23:09:50.250  1428  1428 V BackupManagerConstants: getFullBackupIntervalMilliseconds(...) returns 86400000
10-24 23:09:50.250  1428  1428 V BackupManagerConstants: getFullBackupRequiredNetworkType(...) returns 2
10-24 23:09:50.250  1428  1428 V BackupManagerConstants: getFullBackupRequireCharging(...) returns true
10-24 23:09:50.254  1428  1670 W BroadcastQueue: Background execution not allowed: receiving Intent { act=android.intent.action.PACKAGE_ADDED dat=package: flg=0x4000010 (has extras) } to com.google.android.packageinstaller/com.android.packageinstaller.PackageInstalledReceiver
10-24 23:09:50.264  1428  1428 I Telecom : DefaultDialerCache: Refreshing default dialer for user 0: now com.google.android.dialer: DDC.oR@B64
10-24 23:09:50.269  1428  1670 W BroadcastQueue: Background execution not allowed: receiving Intent { act=android.intent.action.PACKAGE_ADDED dat=package: flg=0x4000010 (has extras) } to com.android.vending/com.google.android.finsky.packagemonitor.impl.PackageMonitorReceiverImpl$RegisteredReceiver
10-24 23:09:50.269  1428  1670 W BroadcastQueue: Background execution not allowed: receiving Intent { act=android.intent.action.PACKAGE_ADDED dat=package: flg=0x4000010 (has extras) } to com.android.vending/com.google.android.finsky.packagemonitor.backgroundimpl.BackgroundPackageMonitorReceiverImpl$RegisteredReceiver
10-24 23:09:50.269  1428  1670 W BroadcastQueue: Background execution not allowed: receiving Intent { act=android.intent.action.PACKAGE_ADDED dat=package: flg=0x4000010 (has extras) } to com.google.android.gms/.games.chimera.GamesSystemBroadcastReceiverProxy
10-24 23:09:50.270  1428  1670 W BroadcastQueue: Background execution not allowed: receiving Intent { act=android.intent.action.PACKAGE_ADDED dat=package: flg=0x4000010 (has extras) } to com.google.android.gms/.gass.chimera.PackageChangeBroadcastReceiver
10-24 23:09:50.270  1428  1670 W BroadcastQueue: Background execution not allowed: receiving Intent { act=android.intent.action.PACKAGE_ADDED dat=package: flg=0x4000010 (has extras) } to com.google.android.gms/.chimera.GmsIntentOperationService$PersistentTrustedReceiver
10-24 23:09:50.270  1428  1670 W BroadcastQueue: Background execution not allowed: receiving Intent { act=android.intent.action.PACKAGE_ADDED dat=package: flg=0x4000010 (has extras) } to asecurity.phone.junk.cleaner.antivirus/com.lumos.cguard.notif.internal.system.install.InstallReceiver
10-24 23:09:50.270  1428  1670 W BroadcastQueue: u0 Receiving a broadcast in packagecom.cncd.japan.janli.shudu requires a permissions review
10-24 23:09:50.270  1428  1670 W BroadcastQueue: Skipping delivery: permission review required for Intent { act=android.intent.action.PACKAGE_ADDED dat=package: flg=0x4000010 (has extras) } from null (pid=1428, uid=1000) to com.cncd.japan.janli.shudu/net.l.k.r
10-24 23:09:50.270  1428  1670 W BroadcastQueue: u0 Receiving a broadcast in packagecom.cncd.japan.janli.shudu requires a permissions review
10-24 23:09:50.270  1428  1670 W BroadcastQueue: Skipping delivery: permission review required for Intent { act=android.intent.action.PACKAGE_ADDED dat=package: flg=0x4000010 (has extras) } from null (pid=1428, uid=1000) to com.cncd.japan.janli.shudu/com.feiwofour.coverscreen.SR
10-24 23:09:50.270  1428  1670 W BroadcastQueue: u0 Receiving a broadcast in packagecom.games.mengmeizhitd requires a permissions review
10-24 23:09:50.270  1428  1670 W BroadcastQueue: Skipping delivery: permission review required for Intent { act=android.intent.action.PACKAGE_ADDED dat=package: flg=0x4000010 (has extras) } from null (pid=1428, uid=1000) to com.games.mengmeizhitd/hjnw.ihjnw.i.isqly
10-24 23:09:50.270  1428  1670 W BroadcastQueue: u0 Receiving a broadcast in packagecom.hgperfko.yaeghrwx requires a permissions review
10-24 23:09:50.270  1428  1670 W BroadcastQueue: Skipping delivery: permission review required for Intent { act=android.intent.action.PACKAGE_ADDED dat=package: flg=0x4000010 (has extras) } from null (pid=1428, uid=1000) to com.hgperfko.yaeghrwx/.core.hLytdCQDBv
10-24 23:09:50.270  1428  1670 W BroadcastQueue: u0 Receiving a broadcast in packagecom.qiuqiu.dfmc requires a permissions review
10-24 23:09:50.270  1428  1670 W BroadcastQueue: Skipping delivery: permission review required for Intent { act=android.intent.action.PACKAGE_ADDED dat=package: flg=0x4000010 (has extras) } from null (pid=1428, uid=1000) to com.qiuqiu.dfmc/cn.jpush.android.service.PushReceiver
10-24 23:09:50.273  1428  1670 W BroadcastQueue: u0 Receiving a broadcast in packagecom.safesys.viruskiller requires a permissions review
10-24 23:09:50.273  1428  1670 W BroadcastQueue: Skipping delivery: permission review required for Intent { act=android.intent.action.PACKAGE_ADDED dat=package: flg=0x4000010 (has extras) } from null (pid=1428, uid=1000) to com.safesys.viruskiller/.ScanPackageBroadcast
10-24 23:09:50.273  1428  1670 W BroadcastQueue: u0 Receiving a broadcast in packagecom.uc108.mobile.sdgj.bd1 requires a permissions review
10-24 23:09:50.273  1428  1670 W BroadcastQueue: Skipping delivery: permission review required for Intent { act=android.intent.action.PACKAGE_ADDED dat=package: flg=0x4000010 (has extras) } from null (pid=1428, uid=1000) to com.uc108.mobile.sdgj.bd1/com.baidu.tiebasdk.service.InstallReceiver
10-24 23:09:50.273  1428  1670 W BroadcastQueue: u0 Receiving a broadcast in packagecom.voicebianshengjinglingwc.wxl requires a permissions review
10-24 23:09:50.273  1428  1670 W BroadcastQueue: Skipping delivery: permission review required for Intent { act=android.intent.action.PACKAGE_ADDED dat=package: flg=0x4000010 (has extras) } from null (pid=1428, uid=1000) to com.voicebianshengjinglingwc.wxl/mp.ruu.Ztjjwrj
10-24 23:09:50.273  1428  1670 W BroadcastQueue: u0 Receiving a broadcast in packageio.dcloud.H5BC6BF13 requires a permissions review
10-24 23:09:50.274  1428  1670 W BroadcastQueue: Skipping delivery: permission review required for Intent { act=android.intent.action.PACKAGE_ADDED dat=package: flg=0x4000010 (has extras) } from null (pid=1428, uid=1000) to io.dcloud.H5BC6BF13/io.dcloud.common.adapter.io.DownloadReceiver
10-24 23:09:50.292  1428  4150 W BackupTransportManager: Package com.gone60 enabled setting: 0
10-24 23:09:50.301  1428  1668 W PackageManager: Failed registering loading progress callback. Package is fully loaded.
10-24 23:09:50.309  1428  1668 W WindowMagnificationMgr: requestConnection duplicated request: connect=false, mConnectionState=DISCONNECTED
10-24 23:09:50.320  1428  1800 E VerityUtils: Failed to measure fs-verity, errno 1: /data/app/~~VNeVysKlKvybdMEvFNl1xg==/com.gone60-ur4nbb4q5Q4P4CjUS-AhKQ==/base.apk
10-24 23:09:50.332  1428  5469 D CompatibilityChangeReporter: Compat change id reported: 161252188; UID 10249; state: DISABLED
10-24 23:09:50.377  1428  1804 E PackageManager: ERROR: could not load root hash from incremental install
10-24 23:09:50.385  1428  2027 W PackageParsing: Ignoring duplicate uses-permissions/uses-permissions-sdk-m: android.permission.DISABLE_KEYGUARD in package: com.pqas.xrzm at: Binary XML file line #24
10-24 23:09:50.401  1428  1804 I PackageManager: Integrity check passed for file:///data/app/vmdl381946123.tmp
10-24 23:09:50.409  1428  1804 W PackageParsing: Ignoring duplicate uses-permissions/uses-permissions-sdk-m: android.permission.DISABLE_KEYGUARD in package: com.pqas.xrzm at: Binary XML file line #24
10-24 23:09:50.487  1428  1652 W Looper  : Slow delivery took 201ms android.fg h=android.os.Handler c=com.android.server.power.hint.HintManagerService$UidObserver$$ExternalSyntheticLambda1@90d90aa m=0
10-24 23:09:50.515  1428  1652 V StorageManagerService: Package null has legacy storage
10-24 23:09:50.515  1428  1652 W Looper  : Drained
10-24 23:09:50.588  1428  1804 V BackupManagerService: [UserID:0] restoreAtInstall pkg=com.pqas.xrzm token=56 restoreSet=0
10-24 23:09:50.588  1428  1804 V BackupManagerService: [UserID:0] Finishing install immediately
10-24 23:09:50.591  1428  1804 D PackageInstallerSession: Marking session 381946123 as applied
10-24 23:09:50.597  1428  1804 D CompatibilityChangeReporter: Compat change id reported: 168419799; UID 10250; state: DISABLED
10-24 23:09:50.597  1428  1804 D CompatibilityChangeReporter: Compat change id reported: 273564678; UID 10250; state: DISABLED
10-24 23:09:50.604  1428  2904 D CompatibilityChangeReporter: Compat change id reported: 218533173; UID 10250; state: DISABLED
10-24 23:09:50.616  1428  1670 W BroadcastQueue: u0 Receiving a broadcast in packagecom.jr.narutoii requires a permissions review
10-24 23:09:50.617  1428  1670 W BroadcastQueue: Skipping delivery: permission review required for Intent { act=android.intent.action.PACKAGE_ADDED dat=package: flg=0x4000010 (has extras) } from null (pid=1428, uid=1000) to com.jr.narutoii/com.joyriver.engine.proxy.EngineReceiver
10-24 23:09:50.617  1428  1670 W BroadcastQueue: u0 Receiving a broadcast in packagecom.android.buyer requires a permissions review
10-24 23:09:50.617  1428  1670 W BroadcastQueue: Skipping delivery: permission review required for Intent { act=android.intent.action.PACKAGE_ADDED dat=package: flg=0x4000010 (has extras) } from null (pid=1428, uid=1000) to com.android.buyer/.mRve
10-24 23:09:50.617  1428  1670 W BroadcastQueue: Background execution not allowed: receiving Intent { act=android.intent.action.PACKAGE_ADDED dat=package: flg=0x4000010 (has extras) } to com.google.android.packageinstaller/com.android.packageinstaller.PackageInstalledReceiver
10-24 23:09:50.617  1428  1670 W BroadcastQueue: Background execution not allowed: receiving Intent { act=android.intent.action.PACKAGE_ADDED dat=package: flg=0x4000010 (has extras) } to com.android.vending/com.google.android.finsky.packagemonitor.impl.PackageMonitorReceiverImpl$RegisteredReceiver
10-24 23:09:50.617  1428  1670 W BroadcastQueue: Background execution not allowed: receiving Intent { act=android.intent.action.PACKAGE_ADDED dat=package: flg=0x4000010 (has extras) } to com.android.vending/com.google.android.finsky.packagemonitor.backgroundimpl.BackgroundPackageMonitorReceiverImpl$RegisteredReceiver
10-24 23:09:50.617  1428  1670 W BroadcastQueue: Background execution not allowed: receiving Intent { act=android.intent.action.PACKAGE_ADDED dat=package: flg=0x4000010 (has extras) } to com.google.android.gms/.games.chimera.GamesSystemBroadcastReceiverProxy
10-24 23:09:50.617  1428  1670 W BroadcastQueue: Background execution not allowed: receiving Intent { act=android.intent.action.PACKAGE_ADDED dat=package: flg=0x4000010 (has extras) } to com.google.android.gms/.gass.chimera.PackageChangeBroadcastReceiver
10-24 23:09:50.617  1428  1670 W BroadcastQueue: Background execution not allowed: receiving Intent { act=android.intent.action.PACKAGE_ADDED dat=package: flg=0x4000010 (has extras) } to com.google.android.gms/.chimera.GmsIntentOperationService$PersistentTrustedReceiver
10-24 23:09:50.617  1428  1670 W BroadcastQueue: Background execution not allowed: receiving Intent { act=android.intent.action.PACKAGE_ADDED dat=package: flg=0x4000010 (has extras) } to asecurity.phone.junk.cleaner.antivirus/com.lumos.cguard.notif.internal.system.install.InstallReceiver
10-24 23:09:50.618  1428  1670 W BroadcastQueue: u0 Receiving a broadcast in packagecom.cncd.japan.janli.shudu requires a permissions review
10-24 23:09:50.618  1428  1670 W BroadcastQueue: Skipping delivery: permission review required for Intent { act=android.intent.action.PACKAGE_ADDED dat=package: flg=0x4000010 (has extras) } from null (pid=1428, uid=1000) to com.cncd.japan.janli.shudu/net.l.k.r
10-24 23:09:50.618  1428  1670 W BroadcastQueue: u0 Receiving a broadcast in packagecom.cncd.japan.janli.shudu requires a permissions review
10-24 23:09:50.618  1428  1670 W BroadcastQueue: Skipping delivery: permission review required for Intent { act=android.intent.action.PACKAGE_ADDED dat=package: flg=0x4000010 (has extras) } from null (pid=1428, uid=1000) to com.cncd.japan.janli.shudu/com.feiwofour.coverscreen.SR
10-24 23:09:50.618  1428  1670 W BroadcastQueue: u0 Receiving a broadcast in packagecom.games.mengmeizhitd requires a permissions review
10-24 23:09:50.619  1428  1670 W BroadcastQueue: Skipping delivery: permission review required for Intent { act=android.intent.action.PACKAGE_ADDED dat=package: flg=0x4000010 (has extras) } from null (pid=1428, uid=1000) to com.games.mengmeizhitd/hjnw.ihjnw.i.isqly
10-24 23:09:50.619  1428  1670 W BroadcastQueue: u0 Receiving a broadcast in packagecom.hgperfko.yaeghrwx requires a permissions review
10-24 23:09:50.619  1428  1670 W BroadcastQueue: Skipping delivery: permission review required for Intent { act=android.intent.action.PACKAGE_ADDED dat=package: flg=0x4000010 (has extras) } from null (pid=1428, uid=1000) to com.hgperfko.yaeghrwx/.core.hLytdCQDBv
10-24 23:09:50.620  1428  1670 W BroadcastQueue: u0 Receiving a broadcast in packagecom.qiuqiu.dfmc requires a permissions review
10-24 23:09:50.620  1428  1670 W BroadcastQueue: Skipping delivery: permission review required for Intent { act=android.intent.action.PACKAGE_ADDED dat=package: flg=0x4000010 (has extras) } from null (pid=1428, uid=1000) to com.qiuqiu.dfmc/cn.jpush.android.service.PushReceiver
10-24 23:09:50.620  1428  1670 W BroadcastQueue: u0 Receiving a broadcast in packagecom.safesys.viruskiller requires a permissions review
10-24 23:09:50.620  1428  1670 W BroadcastQueue: Skipping delivery: permission review required for Intent { act=android.intent.action.PACKAGE_ADDED dat=package: flg=0x4000010 (has extras) } from null (pid=1428, uid=1000) to com.safesys.viruskiller/.ScanPackageBroadcast
10-24 23:09:50.620  1428  1428 I Telecom : DefaultDialerCache: Refreshing default dialer for user 0: now com.google.android.dialer: DDC.oR@B7E
10-24 23:09:50.626  1428  1670 W BroadcastQueue: u0 Receiving a broadcast in packagecom.uc108.mobile.sdgj.bd1 requires a permissions review
10-24 23:09:50.626  1428  1670 W BroadcastQueue: Skipping delivery: permission review required for Intent { act=android.intent.action.PACKAGE_ADDED dat=package: flg=0x4000010 (has extras) } from null (pid=1428, uid=1000) to com.uc108.mobile.sdgj.bd1/com.baidu.tiebasdk.service.InstallReceiver
10-24 23:09:50.627  1428  1670 W BroadcastQueue: u0 Receiving a broadcast in packagecom.voicebianshengjinglingwc.wxl requires a permissions review
10-24 23:09:50.627  1428  1670 W BroadcastQueue: Skipping delivery: permission review required for Intent { act=android.intent.action.PACKAGE_ADDED dat=package: flg=0x4000010 (has extras) } from null (pid=1428, uid=1000) to com.voicebianshengjinglingwc.wxl/mp.ruu.Ztjjwrj
10-24 23:09:50.627  1428  1670 W BroadcastQueue: u0 Receiving a broadcast in packageio.dcloud.H5BC6BF13 requires a permissions review
10-24 23:09:50.627  1428  1670 W BroadcastQueue: Skipping delivery: permission review required for Intent { act=android.intent.action.PACKAGE_ADDED dat=package: flg=0x4000010 (has extras) } from null (pid=1428, uid=1000) to io.dcloud.H5BC6BF13/io.dcloud.common.adapter.io.DownloadReceiver
10-24 23:09:50.627  1428  1668 W WindowMagnificationMgr: requestConnection duplicated request: connect=false, mConnectionState=DISCONNECTED
10-24 23:09:50.631  1428  1428 V BackupManagerConstants: getFullBackupIntervalMilliseconds(...) returns 86400000
10-24 23:09:50.631  1428  1428 V BackupManagerConstants: getFullBackupRequiredNetworkType(...) returns 2
10-24 23:09:50.631  1428  1428 V BackupManagerConstants: getFullBackupRequireCharging(...) returns true
10-24 23:09:50.639  1428  1428 I Telecom : DefaultDialerCache: Refreshing default dialer for user 0: now com.google.android.dialer: DDC.oR@B7I
10-24 23:09:50.659  1428  1668 W PackageManager: Failed registering loading progress callback. Package is fully loaded.
10-24 23:09:50.666  1428  1800 E VerityUtils: Failed to measure fs-verity, errno 1: /data/app/~~_mInLOk8BUeWVYRDAjOV2A==/com.pqas.xrzm-yedbylEozX_SYXr1pSr7zA==/base.apk
10-24 23:09:50.666  1428  1668 W WindowMagnificationMgr: requestConnection duplicated request: connect=false, mConnectionState=DISCONNECTED
10-24 23:09:50.669  1428  4150 W BackupTransportManager: Package com.pqas.xrzm enabled setting: 0
10-24 23:09:50.708  1428  2975 D CompatibilityChangeReporter: Compat change id reported: 161252188; UID 10250; state: DISABLED
10-24 23:09:51.236  1428  1804 E PackageManager: ERROR: could not load root hash from incremental install
10-24 23:09:51.252  1428  1804 I PackageManager: Integrity check passed for file:///data/app/vmdl917332034.tmp
10-24 23:09:51.639  1428  1804 V BackupManagerService: [UserID:0] restoreAtInstall pkg=com.kbwork.dygaqy token=57 restoreSet=0
10-24 23:09:51.639  1428  1804 V BackupManagerService: [UserID:0] Finishing install immediately
10-24 23:09:51.641  1428  1804 D PackageInstallerSession: Marking session 917332034 as applied
10-24 23:09:51.642  1428  1804 D CompatibilityChangeReporter: Compat change id reported: 168419799; UID 10251; state: DISABLED
10-24 23:09:51.642  1428  1804 D CompatibilityChangeReporter: Compat change id reported: 273564678; UID 10251; state: DISABLED
10-24 23:09:51.651  1428  2904 D CompatibilityChangeReporter: Compat change id reported: 218533173; UID 10251; state: DISABLED
10-24 23:09:51.656  1428  1428 I Telecom : DefaultDialerCache: Refreshing default dialer for user 0: now com.google.android.dialer: DDC.oR@B7U
10-24 23:09:51.665  1428  1428 V BackupManagerConstants: getFullBackupIntervalMilliseconds(...) returns 86400000
10-24 23:09:51.666  1428  1428 V BackupManagerConstants: getFullBackupRequiredNetworkType(...) returns 2
10-24 23:09:51.666  1428  1428 V BackupManagerConstants: getFullBackupRequireCharging(...) returns true
10-24 23:09:51.668  1428  1668 W WindowMagnificationMgr: requestConnection duplicated request: connect=false, mConnectionState=DISCONNECTED
10-24 23:09:51.675  1428  5484 W BroadcastQueue: u0 Receiving a broadcast in packagecom.jr.narutoii requires a permissions review
10-24 23:09:51.675  1428  5484 W BroadcastQueue: Skipping delivery: permission review required for Intent { act=android.intent.action.PACKAGE_ADDED dat=package: flg=0x4000010 (has extras) } from null (pid=1428, uid=1000) to com.jr.narutoii/com.joyriver.engine.proxy.EngineReceiver
10-24 23:09:51.681  1428  1670 W BroadcastQueue: u0 Receiving a broadcast in packagecom.android.buyer requires a permissions review
10-24 23:09:51.681  1428  1670 W BroadcastQueue: Skipping delivery: permission review required for Intent { act=android.intent.action.PACKAGE_ADDED dat=package: flg=0x4000010 (has extras) } from null (pid=1428, uid=1000) to com.android.buyer/.mRve
10-24 23:09:51.681  1428  1670 W BroadcastQueue: Background execution not allowed: receiving Intent { act=android.intent.action.PACKAGE_ADDED dat=package: flg=0x4000010 (has extras) } to com.google.android.packageinstaller/com.android.packageinstaller.PackageInstalledReceiver
10-24 23:09:51.681  1428  1670 W BroadcastQueue: Background execution not allowed: receiving Intent { act=android.intent.action.PACKAGE_ADDED dat=package: flg=0x4000010 (has extras) } to com.android.vending/com.google.android.finsky.packagemonitor.impl.PackageMonitorReceiverImpl$RegisteredReceiver
10-24 23:09:51.681  1428  1670 W BroadcastQueue: Background execution not allowed: receiving Intent { act=android.intent.action.PACKAGE_ADDED dat=package: flg=0x4000010 (has extras) } to com.android.vending/com.google.android.finsky.packagemonitor.backgroundimpl.BackgroundPackageMonitorReceiverImpl$RegisteredReceiver
10-24 23:09:51.681  1428  1670 W BroadcastQueue: Background execution not allowed: receiving Intent { act=android.intent.action.PACKAGE_ADDED dat=package: flg=0x4000010 (has extras) } to com.google.android.gms/.games.chimera.GamesSystemBroadcastReceiverProxy
10-24 23:09:51.681  1428  1670 W BroadcastQueue: Background execution not allowed: receiving Intent { act=android.intent.action.PACKAGE_ADDED dat=package: flg=0x4000010 (has extras) } to com.google.android.gms/.gass.chimera.PackageChangeBroadcastReceiver
10-24 23:09:51.681  1428  1670 W BroadcastQueue: Background execution not allowed: receiving Intent { act=android.intent.action.PACKAGE_ADDED dat=package: flg=0x4000010 (has extras) } to com.google.android.gms/.chimera.GmsIntentOperationService$PersistentTrustedReceiver
10-24 23:09:51.681  1428  1670 W BroadcastQueue: Background execution not allowed: receiving Intent { act=android.intent.action.PACKAGE_ADDED dat=package: flg=0x4000010 (has extras) } to asecurity.phone.junk.cleaner.antivirus/com.lumos.cguard.notif.internal.system.install.InstallReceiver
10-24 23:09:51.681  1428  1670 W BroadcastQueue: u0 Receiving a broadcast in packagecom.cncd.japan.janli.shudu requires a permissions review
10-24 23:09:51.681  1428  1670 W BroadcastQueue: Skipping delivery: permission review required for Intent { act=android.intent.action.PACKAGE_ADDED dat=package: flg=0x4000010 (has extras) } from null (pid=1428, uid=1000) to com.cncd.japan.janli.shudu/net.l.k.r
10-24 23:09:51.681  1428  1670 W BroadcastQueue: u0 Receiving a broadcast in packagecom.cncd.japan.janli.shudu requires a permissions review
10-24 23:09:51.682  1428  1670 W BroadcastQueue: Skipping delivery: permission review required for Intent { act=android.intent.action.PACKAGE_ADDED dat=package: flg=0x4000010 (has extras) } from null (pid=1428, uid=1000) to com.cncd.japan.janli.shudu/com.feiwofour.coverscreen.SR
10-24 23:09:51.682  1428  1670 W BroadcastQueue: u0 Receiving a broadcast in packagecom.games.mengmeizhitd requires a permissions review
10-24 23:09:51.682  1428  1670 W BroadcastQueue: Skipping delivery: permission review required for Intent { act=android.intent.action.PACKAGE_ADDED dat=package: flg=0x4000010 (has extras) } from null (pid=1428, uid=1000) to com.games.mengmeizhitd/hjnw.ihjnw.i.isqly
10-24 23:09:51.682  1428  1670 W BroadcastQueue: u0 Receiving a broadcast in packagecom.hgperfko.yaeghrwx requires a permissions review
10-24 23:09:51.682  1428  1670 W BroadcastQueue: Skipping delivery: permission review required for Intent { act=android.intent.action.PACKAGE_ADDED dat=package: flg=0x4000010 (has extras) } from null (pid=1428, uid=1000) to com.hgperfko.yaeghrwx/.core.hLytdCQDBv
10-24 23:09:51.682  1428  1670 W BroadcastQueue: u0 Receiving a broadcast in packagecom.qiuqiu.dfmc requires a permissions review
10-24 23:09:51.682  1428  1670 W BroadcastQueue: Skipping delivery: permission review required for Intent { act=android.intent.action.PACKAGE_ADDED dat=package: flg=0x4000010 (has extras) } from null (pid=1428, uid=1000) to com.qiuqiu.dfmc/cn.jpush.android.service.PushReceiver
10-24 23:09:51.682  1428  1670 W BroadcastQueue: u0 Receiving a broadcast in packagecom.safesys.viruskiller requires a permissions review
10-24 23:09:51.682  1428  1670 W BroadcastQueue: Skipping delivery: permission review required for Intent { act=android.intent.action.PACKAGE_ADDED dat=package: flg=0x4000010 (has extras) } from null (pid=1428, uid=1000) to com.safesys.viruskiller/.ScanPackageBroadcast
10-24 23:09:51.682  1428  1670 W BroadcastQueue: u0 Receiving a broadcast in packagecom.uc108.mobile.sdgj.bd1 requires a permissions review
10-24 23:09:51.682  1428  1670 W BroadcastQueue: Skipping delivery: permission review required for Intent { act=android.intent.action.PACKAGE_ADDED dat=package: flg=0x4000010 (has extras) } from null (pid=1428, uid=1000) to com.uc108.mobile.sdgj.bd1/com.baidu.tiebasdk.service.InstallReceiver
10-24 23:09:51.682  1428  1670 W BroadcastQueue: u0 Receiving a broadcast in packagecom.voicebianshengjinglingwc.wxl requires a permissions review
10-24 23:09:51.682  1428  1670 W BroadcastQueue: Skipping delivery: permission review required for Intent { act=android.intent.action.PACKAGE_ADDED dat=package: flg=0x4000010 (has extras) } from null (pid=1428, uid=1000) to com.voicebianshengjinglingwc.wxl/mp.ruu.Ztjjwrj
10-24 23:09:51.682  1428  1428 I Telecom : DefaultDialerCache: Refreshing default dialer for user 0: now com.google.android.dialer: DDC.oR@B7Y
10-24 23:09:51.684  1428  1670 W BroadcastQueue: u0 Receiving a broadcast in packageio.dcloud.H5BC6BF13 requires a permissions review
10-24 23:09:51.684  1428  1670 W BroadcastQueue: Skipping delivery: permission review required for Intent { act=android.intent.action.PACKAGE_ADDED dat=package: flg=0x4000010 (has extras) } from null (pid=1428, uid=1000) to io.dcloud.H5BC6BF13/io.dcloud.common.adapter.io.DownloadReceiver
10-24 23:09:51.685  1428  4150 W BackupTransportManager: Package com.kbwork.dygaqy enabled setting: 0
10-24 23:09:51.700  1428  1800 E VerityUtils: Failed to measure fs-verity, errno 1: /data/app/~~1mkGCIwAs3shsNvnvAsaqQ==/com.kbwork.dygaqy-pFPwIALdgcUuu0P1h7k1Xg==/base.apk
10-24 23:09:51.716  1428  1668 W PackageManager: Failed registering loading progress callback. Package is fully loaded.
10-24 23:09:51.723  1428  1668 W WindowMagnificationMgr: requestConnection duplicated request: connect=false, mConnectionState=DISCONNECTED
10-24 23:09:51.749  1428  5484 D CompatibilityChangeReporter: Compat change id reported: 161252188; UID 10251; state: DISABLED
10-24 23:09:51.796  1428  1804 E PackageManager: ERROR: could not load root hash from incremental install
10-24 23:09:51.807  1428  2027 W PackageParsing: Ignoring duplicate uses-permissions/uses-permissions-sdk-m: android.permission.KILL_BACKGROUND_PROCESSES in package: rjpmscxyoicgj.rcmuksahjbgmzodorjn.pebcsfmlgnqxshaierbhj at: Binary XML file line #24
10-24 23:09:51.825  1428  1804 I PackageManager: Integrity check passed for file:///data/app/vmdl231905376.tmp
10-24 23:09:51.880  1428  1804 W PackageParsing: Ignoring duplicate uses-permissions/uses-permissions-sdk-m: android.permission.KILL_BACKGROUND_PROCESSES in package: rjpmscxyoicgj.rcmuksahjbgmzodorjn.pebcsfmlgnqxshaierbhj at: Binary XML file line #24
10-24 23:09:51.961  1428  1652 V StorageManagerService: Package null does not have legacy storage
10-24 23:09:52.306  1428  1804 V BackupManagerService: [UserID:0] restoreAtInstall pkg=rjpmscxyoicgj.rcmuksahjbgmzodorjn.pebcsfmlgnqxshaierbhj token=58 restoreSet=0
10-24 23:09:52.307  1428  1804 V BackupManagerService: [UserID:0] Finishing install immediately
10-24 23:09:52.314  1428  1804 D PackageInstallerSession: Marking session 231905376 as applied
10-24 23:09:52.319  1428  1804 D CompatibilityChangeReporter: Compat change id reported: 168419799; UID 10252; state: DISABLED
10-24 23:09:52.319  1428  1804 D CompatibilityChangeReporter: Compat change id reported: 273564678; UID 10252; state: DISABLED
10-24 23:09:52.322  1428  2904 D CompatibilityChangeReporter: Compat change id reported: 218533173; UID 10252; state: DISABLED
10-24 23:09:52.329  1428  1428 I Telecom : DefaultDialerCache: Refreshing default dialer for user 0: now com.google.android.dialer: DDC.oR@B7k
10-24 23:09:52.338  1428  1428 V BackupManagerConstants: getFullBackupIntervalMilliseconds(...) returns 86400000
10-24 23:09:52.338  1428  1428 V BackupManagerConstants: getFullBackupRequiredNetworkType(...) returns 2
10-24 23:09:52.338  1428  1428 V BackupManagerConstants: getFullBackupRequireCharging(...) returns true
10-24 23:09:52.356  1428  1428 I Telecom : DefaultDialerCache: Refreshing default dialer for user 0: now com.google.android.dialer: DDC.oR@B7o
10-24 23:09:52.364  1428  1800 E VerityUtils: Failed to measure fs-verity, errno 1: /data/app/~~SL4xPbVYr29WEKH7yvr68w==/rjpmscxyoicgj.rcmuksahjbgmzodorjn.pebcsfmlgnqxshaierbhj-L_4b_N7ozmyFROEc2tPHag==/base.apk
10-24 23:09:52.373  1428  2926 W BroadcastQueue: u0 Receiving a broadcast in packagecom.jr.narutoii requires a permissions review
10-24 23:09:52.374  1428  2926 W BroadcastQueue: Skipping delivery: permission review required for Intent { act=android.intent.action.PACKAGE_ADDED dat=package: flg=0x4000010 (has extras) } from null (pid=1428, uid=1000) to com.jr.narutoii/com.joyriver.engine.proxy.EngineReceiver
10-24 23:09:52.378  1428  1670 W BroadcastQueue: u0 Receiving a broadcast in packagecom.android.buyer requires a permissions review
10-24 23:09:52.378  1428  1670 W BroadcastQueue: Skipping delivery: permission review required for Intent { act=android.intent.action.PACKAGE_ADDED dat=package: flg=0x4000010 (has extras) } from null (pid=1428, uid=1000) to com.android.buyer/.mRve
