10-24 23:09:43.223  1428  1670 W BroadcastQueue: Background execution not allowed: receiving Intent { act=android.intent.action.PACKAGE_ADDED dat=package: flg=0x4000010 (has extras) } to asecurity.phone.junk.cleaner.antivirus/com.lumos.cguard.notif.internal.system.install.InstallReceiver
10-24 23:09:43.227  1428  1670 W BroadcastQueue: u0 Receiving a broadcast in packagecom.games.mengmeizhitd requires a permissions review
10-24 23:09:43.227  1428  1670 W BroadcastQueue: Skipping delivery: permission review required for Intent { act=android.intent.action.PACKAGE_ADDED dat=package: flg=0x4000010 (has extras) } from null (pid=1428, uid=1000) to com.games.mengmeizhitd/hjnw.ihjnw.i.isqly
10-24 23:09:43.227  1428  1670 W BroadcastQueue: u0 Receiving a broadcast in packagecom.qiuqiu.dfmc requires a permissions review
10-24 23:09:43.227  1428  1670 W BroadcastQueue: Skipping delivery: permission review required for Intent { act=android.intent.action.PACKAGE_ADDED dat=package: flg=0x4000010 (has extras) } from null (pid=1428, uid=1000) to com.qiuqiu.dfmc/cn.jpush.android.service.PushReceiver
10-24 23:09:43.227  1428  1670 W BroadcastQueue: u0 Receiving a broadcast in packagecom.safesys.viruskiller requires a permissions review
10-24 23:09:43.227  1428  1670 W BroadcastQueue: Skipping delivery: permission review required for Intent { act=android.intent.action.PACKAGE_ADDED dat=package: flg=0x4000010 (has extras) } from null (pid=1428, uid=1000) to com.safesys.viruskiller/.ScanPackageBroadcast
10-24 23:09:43.227  1428  1670 W BroadcastQueue: u0 Receiving a broadcast in packagecom.uc108.mobile.sdgj.bd1 requires a permissions review
10-24 23:09:43.227  1428  1670 W BroadcastQueue: Skipping delivery: permission review required for Intent { act=android.intent.action.PACKAGE_ADDED dat=package: flg=0x4000010 (has extras) } from null (pid=1428, uid=1000) to com.uc108.mobile.sdgj.bd1/com.baidu.tiebasdk.service.InstallReceiver
10-24 23:09:43.227  1428  1670 W BroadcastQueue: u0 Receiving a broadcast in packageio.dcloud.H5BC6BF13 requires a permissions review
10-24 23:09:43.227  1428  1670 W BroadcastQueue: Skipping delivery: permission review required for Intent { act=android.intent.action.PACKAGE_ADDED dat=package: flg=0x4000010 (has extras) } from null (pid=1428, uid=1000) to io.dcloud.H5BC6BF13/io.dcloud.common.adapter.io.DownloadReceiver
10-24 23:09:43.238  1428  1800 E VerityUtils: Failed to measure fs-verity, errno 1: /data/app/~~CnZTy8v6MITkWNTf688OkQ==/com.ying.hzblhj-iUkk8AJbgrThen1uBc16GQ==/base.apk
10-24 23:09:43.242  1428  1668 W WindowMagnificationMgr: requestConnection duplicated request: connect=false, mConnectionState=DISCONNECTED
10-24 23:09:43.251  1428  5472 D CompatibilityChangeReporter: Compat change id reported: 161252188; UID 10236; state: DISABLED
10-24 23:09:43.282  1428  1428 I Telecom : DefaultDialerCache: Refreshing default dialer for user 0: now com.google.android.dialer: DDC.oR@B3E
10-24 23:09:43.284  1428  4150 W BackupTransportManager: Package com.ying.hzblhj enabled setting: 0
10-24 23:09:43.294  1428  1804 E PackageManager: ERROR: could not load root hash from incremental install
10-24 23:09:43.322  1428  1668 W PackageManager: Failed registering loading progress callback. Package is fully loaded.
10-24 23:09:43.330  1428  1668 W WindowMagnificationMgr: requestConnection duplicated request: connect=false, mConnectionState=DISCONNECTED
10-24 23:09:43.331  1428  1804 I PackageManager: Integrity check passed for file:///data/app/vmdl339821938.tmp
10-24 23:09:43.382  1428  1428 I NotificationService: Cannot find enqueued record for key: 0|com.google.android.apps.wellbeing|174344743|null|10121
10-24 23:09:43.447  1428  1804 I PackageManager: Permission ownership changed. Updating all permissions.
10-24 23:09:43.646  1428  1652 V StorageManagerService: Package null has legacy storage
10-24 23:09:43.773  1428  1804 V BackupManagerService: [UserID:0] restoreAtInstall pkg=com.hgperfko.yaeghrwx token=49 restoreSet=0
10-24 23:09:43.774  1428  1804 V BackupManagerService: [UserID:0] Finishing install immediately
10-24 23:09:43.775  1428  1804 D PackageInstallerSession: Marking session 339821938 as applied
10-24 23:09:43.778  1428  1804 D CompatibilityChangeReporter: Compat change id reported: 168419799; UID 10237; state: DISABLED
10-24 23:09:43.778  1428  1804 D CompatibilityChangeReporter: Compat change id reported: 273564678; UID 10237; state: DISABLED
10-24 23:09:43.783  1428  2904 D CompatibilityChangeReporter: Compat change id reported: 218533173; UID 10237; state: DISABLED
10-24 23:09:43.787  1428  1428 I Telecom : DefaultDialerCache: Refreshing default dialer for user 0: now com.google.android.dialer: DDC.oR@B3Y
10-24 23:09:43.792  1428  5469 W BroadcastQueue: u0 Receiving a broadcast in packagecom.android.buyer requires a permissions review
10-24 23:09:43.792  1428  5469 W BroadcastQueue: Skipping delivery: permission review required for Intent { act=android.intent.action.PACKAGE_ADDED dat=package: flg=0x4000010 (has extras) } from null (pid=1428, uid=1000) to com.android.buyer/.mRve
10-24 23:09:43.794  1428  1428 V BackupManagerConstants: getFullBackupIntervalMilliseconds(...) returns 86400000
10-24 23:09:43.794  1428  1428 V BackupManagerConstants: getFullBackupRequiredNetworkType(...) returns 2
10-24 23:09:43.794  1428  1428 V BackupManagerConstants: getFullBackupRequireCharging(...) returns true
10-24 23:09:43.807  1428  1670 W BroadcastQueue: Background execution not allowed: receiving Intent { act=android.intent.action.PACKAGE_ADDED dat=package: flg=0x4000010 (has extras) } to com.google.android.packageinstaller/com.android.packageinstaller.PackageInstalledReceiver
10-24 23:09:43.808  1428  1670 W BroadcastQueue: Background execution not allowed: receiving Intent { act=android.intent.action.PACKAGE_ADDED dat=package: flg=0x4000010 (has extras) } to com.android.vending/com.google.android.finsky.packagemonitor.impl.PackageMonitorReceiverImpl$RegisteredReceiver
10-24 23:09:43.808  1428  1670 W BroadcastQueue: Background execution not allowed: receiving Intent { act=android.intent.action.PACKAGE_ADDED dat=package: flg=0x4000010 (has extras) } to com.android.vending/com.google.android.finsky.packagemonitor.backgroundimpl.BackgroundPackageMonitorReceiverImpl$RegisteredReceiver
10-24 23:09:43.808  1428  1670 W BroadcastQueue: Background execution not allowed: receiving Intent { act=android.intent.action.PACKAGE_ADDED dat=package: flg=0x4000010 (has extras) } to com.google.android.gms/.games.chimera.GamesSystemBroadcastReceiverProxy
10-24 23:09:43.808  1428  1670 W BroadcastQueue: Background execution not allowed: receiving Intent { act=android.intent.action.PACKAGE_ADDED dat=package: flg=0x4000010 (has extras) } to com.google.android.gms/.gass.chimera.PackageChangeBroadcastReceiver
10-24 23:09:43.808  1428  1670 W BroadcastQueue: Background execution not allowed: receiving Intent { act=android.intent.action.PACKAGE_ADDED dat=package: flg=0x4000010 (has extras) } to com.google.android.gms/.chimera.GmsIntentOperationService$PersistentTrustedReceiver
10-24 23:09:43.808  1428  1670 W BroadcastQueue: Background execution not allowed: receiving Intent { act=android.intent.action.PACKAGE_ADDED dat=package: flg=0x4000010 (has extras) } to asecurity.phone.junk.cleaner.antivirus/com.lumos.cguard.notif.internal.system.install.InstallReceiver
10-24 23:09:43.808  1428  1670 W BroadcastQueue: u0 Receiving a broadcast in packagecom.games.mengmeizhitd requires a permissions review
10-24 23:09:43.808  1428  1670 W BroadcastQueue: Skipping delivery: permission review required for Intent { act=android.intent.action.PACKAGE_ADDED dat=package: flg=0x4000010 (has extras) } from null (pid=1428, uid=1000) to com.games.mengmeizhitd/hjnw.ihjnw.i.isqly
10-24 23:09:43.808  1428  1670 W BroadcastQueue: u0 Receiving a broadcast in packagecom.qiuqiu.dfmc requires a permissions review
10-24 23:09:43.808  1428  1670 W BroadcastQueue: Skipping delivery: permission review required for Intent { act=android.intent.action.PACKAGE_ADDED dat=package: flg=0x4000010 (has extras) } from null (pid=1428, uid=1000) to com.qiuqiu.dfmc/cn.jpush.android.service.PushReceiver
10-24 23:09:43.808  1428  1670 W BroadcastQueue: u0 Receiving a broadcast in packagecom.safesys.viruskiller requires a permissions review
10-24 23:09:43.808  1428  1670 W BroadcastQueue: Skipping delivery: permission review required for Intent { act=android.intent.action.PACKAGE_ADDED dat=package: flg=0x4000010 (has extras) } from null (pid=1428, uid=1000) to com.safesys.viruskiller/.ScanPackageBroadcast
10-24 23:09:43.808  1428  1670 W BroadcastQueue: u0 Receiving a broadcast in packagecom.uc108.mobile.sdgj.bd1 requires a permissions review
10-24 23:09:43.808  1428  1670 W BroadcastQueue: Skipping delivery: permission review required for Intent { act=android.intent.action.PACKAGE_ADDED dat=package: flg=0x4000010 (has extras) } from null (pid=1428, uid=1000) to com.uc108.mobile.sdgj.bd1/com.baidu.tiebasdk.service.InstallReceiver
10-24 23:09:43.808  1428  1670 W BroadcastQueue: u0 Receiving a broadcast in packageio.dcloud.H5BC6BF13 requires a permissions review
10-24 23:09:43.808  1428  1670 W BroadcastQueue: Skipping delivery: permission review required for Intent { act=android.intent.action.PACKAGE_ADDED dat=package: flg=0x4000010 (has extras) } from null (pid=1428, uid=1000) to io.dcloud.H5BC6BF13/io.dcloud.common.adapter.io.DownloadReceiver
10-24 23:09:43.821  1428  1668 W WindowMagnificationMgr: requestConnection duplicated request: connect=false, mConnectionState=DISCONNECTED
10-24 23:09:43.834  1428  1428 I Telecom : DefaultDialerCache: Refreshing default dialer for user 0: now com.google.android.dialer: DDC.oR@B3c
10-24 23:09:43.848  1428  1800 E VerityUtils: Failed to measure fs-verity, errno 1: /data/app/~~7hM-kJMW27_-77B74DSsMw==/com.hgperfko.yaeghrwx-BvOIC97viPUVrqtqTRNhwg==/base.apk
10-24 23:09:43.861  1428  4211 D CompatibilityChangeReporter: Compat change id reported: 161252188; UID 10237; state: DISABLED
10-24 23:09:43.869  1428  4150 W BackupTransportManager: Package com.hgperfko.yaeghrwx enabled setting: 0
10-24 23:09:43.894  1428  1668 W PackageManager: Failed registering loading progress callback. Package is fully loaded.
10-24 23:09:43.902  1428  1668 W WindowMagnificationMgr: requestConnection duplicated request: connect=false, mConnectionState=DISCONNECTED
10-24 23:09:43.962  1428  1804 E PackageManager: ERROR: could not load root hash from incremental install
10-24 23:09:43.964  1428  2027 W PackageParsing: Ignoring duplicate uses-permissions/uses-permissions-sdk-m: android.permission.ACCESS_NETWORK_STATE in package: com.livegame.wallpapermingche at: Binary XML file line #99
10-24 23:09:43.964  1428  2027 W PackageParsing: Ignoring duplicate uses-permissions/uses-permissions-sdk-m: android.permission.READ_PHONE_STATE in package: com.livegame.wallpapermingche at: Binary XML file line #100
10-24 23:09:43.964  1428  2027 W PackageParsing: Ignoring duplicate uses-permissions/uses-permissions-sdk-m: android.permission.ACCESS_WIFI_STATE in package: com.livegame.wallpapermingche at: Binary XML file line #101
10-24 23:09:43.964  1428  2027 W PackageParsing: Ignoring duplicate uses-permissions/uses-permissions-sdk-m: android.permission.INTERNET in package: com.livegame.wallpapermingche at: Binary XML file line #103
10-24 23:09:43.964  1428  2027 W PackageParsing: Ignoring duplicate uses-permissions/uses-permissions-sdk-m: android.permission.WRITE_EXTERNAL_STORAGE in package: com.livegame.wallpapermingche at: Binary XML file line #105
10-24 23:09:43.984  1428  1804 I PackageManager: Integrity check passed for file:///data/app/vmdl438683892.tmp
10-24 23:09:44.017  1428  1804 W PackageParsing: Ignoring duplicate uses-permissions/uses-permissions-sdk-m: android.permission.ACCESS_NETWORK_STATE in package: com.livegame.wallpapermingche at: Binary XML file line #99
10-24 23:09:44.018  1428  1804 W PackageParsing: Ignoring duplicate uses-permissions/uses-permissions-sdk-m: android.permission.READ_PHONE_STATE in package: com.livegame.wallpapermingche at: Binary XML file line #100
10-24 23:09:44.018  1428  1804 W PackageParsing: Ignoring duplicate uses-permissions/uses-permissions-sdk-m: android.permission.ACCESS_WIFI_STATE in package: com.livegame.wallpapermingche at: Binary XML file line #101
10-24 23:09:44.018  1428  1804 W PackageParsing: Ignoring duplicate uses-permissions/uses-permissions-sdk-m: android.permission.INTERNET in package: com.livegame.wallpapermingche at: Binary XML file line #103
10-24 23:09:44.018  1428  1804 W PackageParsing: Ignoring duplicate uses-permissions/uses-permissions-sdk-m: android.permission.WRITE_EXTERNAL_STORAGE in package: com.livegame.wallpapermingche at: Binary XML file line #105
10-24 23:09:44.080  1428  1652 V StorageManagerService: Package null has legacy storage
10-24 23:09:44.241  1428  1804 V BackupManagerService: [UserID:0] restoreAtInstall pkg=com.livegame.wallpapermingche token=4a restoreSet=0
10-24 23:09:44.241  1428  1804 V BackupManagerService: [UserID:0] Finishing install immediately
10-24 23:09:44.243  1428  1804 D PackageInstallerSession: Marking session 438683892 as applied
10-24 23:09:44.248  1428  1804 D CompatibilityChangeReporter: Compat change id reported: 168419799; UID 10238; state: DISABLED
10-24 23:09:44.248  1428  1804 D CompatibilityChangeReporter: Compat change id reported: 273564678; UID 10238; state: DISABLED
10-24 23:09:44.256  1428  2904 D CompatibilityChangeReporter: Compat change id reported: 218533173; UID 10238; state: DISABLED
10-24 23:09:44.260  1428  1428 I Telecom : DefaultDialerCache: Refreshing default dialer for user 0: now com.google.android.dialer: DDC.oR@B3o
10-24 23:09:44.263  1428  5469 W BroadcastQueue: u0 Receiving a broadcast in packagecom.android.buyer requires a permissions review
10-24 23:09:44.263  1428  5469 W BroadcastQueue: Skipping delivery: permission review required for Intent { act=android.intent.action.PACKAGE_ADDED dat=package: flg=0x4000010 (has extras) } from null (pid=1428, uid=1000) to com.android.buyer/.mRve
10-24 23:09:44.267  1428  1670 W BroadcastQueue: Background execution not allowed: receiving Intent { act=android.intent.action.PACKAGE_ADDED dat=package: flg=0x4000010 (has extras) } to com.google.android.packageinstaller/com.android.packageinstaller.PackageInstalledReceiver
10-24 23:09:44.267  1428  1670 W BroadcastQueue: Background execution not allowed: receiving Intent { act=android.intent.action.PACKAGE_ADDED dat=package: flg=0x4000010 (has extras) } to com.android.vending/com.google.android.finsky.packagemonitor.impl.PackageMonitorReceiverImpl$RegisteredReceiver
10-24 23:09:44.274  1428  1670 W BroadcastQueue: Background execution not allowed: receiving Intent { act=android.intent.action.PACKAGE_ADDED dat=package: flg=0x4000010 (has extras) } to com.android.vending/com.google.android.finsky.packagemonitor.backgroundimpl.BackgroundPackageMonitorReceiverImpl$RegisteredReceiver
10-24 23:09:44.277  1428  1670 W BroadcastQueue: Background execution not allowed: receiving Intent { act=android.intent.action.PACKAGE_ADDED dat=package: flg=0x4000010 (has extras) } to com.google.android.gms/.games.chimera.GamesSystemBroadcastReceiverProxy
10-24 23:09:44.277  1428  1670 W BroadcastQueue: Background execution not allowed: receiving Intent { act=android.intent.action.PACKAGE_ADDED dat=package: flg=0x4000010 (has extras) } to com.google.android.gms/.gass.chimera.PackageChangeBroadcastReceiver
10-24 23:09:44.277  1428  1670 W BroadcastQueue: Background execution not allowed: receiving Intent { act=android.intent.action.PACKAGE_ADDED dat=package: flg=0x4000010 (has extras) } to com.google.android.gms/.chimera.GmsIntentOperationService$PersistentTrustedReceiver
10-24 23:09:44.277  1428  1670 W BroadcastQueue: Background execution not allowed: receiving Intent { act=android.intent.action.PACKAGE_ADDED dat=package: flg=0x4000010 (has extras) } to asecurity.phone.junk.cleaner.antivirus/com.lumos.cguard.notif.internal.system.install.InstallReceiver
10-24 23:09:44.277  1428  1670 W BroadcastQueue: u0 Receiving a broadcast in packagecom.games.mengmeizhitd requires a permissions review
10-24 23:09:44.277  1428  1670 W BroadcastQueue: Skipping delivery: permission review required for Intent { act=android.intent.action.PACKAGE_ADDED dat=package: flg=0x4000010 (has extras) } from null (pid=1428, uid=1000) to com.games.mengmeizhitd/hjnw.ihjnw.i.isqly
10-24 23:09:44.277  1428  1670 W BroadcastQueue: u0 Receiving a broadcast in packagecom.hgperfko.yaeghrwx requires a permissions review
10-24 23:09:44.277  1428  1670 W BroadcastQueue: Skipping delivery: permission review required for Intent { act=android.intent.action.PACKAGE_ADDED dat=package: flg=0x4000010 (has extras) } from null (pid=1428, uid=1000) to com.hgperfko.yaeghrwx/.core.hLytdCQDBv
10-24 23:09:44.277  1428  1670 W BroadcastQueue: u0 Receiving a broadcast in packagecom.qiuqiu.dfmc requires a permissions review
10-24 23:09:44.277  1428  1670 W BroadcastQueue: Skipping delivery: permission review required for Intent { act=android.intent.action.PACKAGE_ADDED dat=package: flg=0x4000010 (has extras) } from null (pid=1428, uid=1000) to com.qiuqiu.dfmc/cn.jpush.android.service.PushReceiver
10-24 23:09:44.277  1428  1670 W BroadcastQueue: u0 Receiving a broadcast in packagecom.safesys.viruskiller requires a permissions review
10-24 23:09:44.277  1428  1670 W BroadcastQueue: Skipping delivery: permission review required for Intent { act=android.intent.action.PACKAGE_ADDED dat=package: flg=0x4000010 (has extras) } from null (pid=1428, uid=1000) to com.safesys.viruskiller/.ScanPackageBroadcast
10-24 23:09:44.278  1428  1670 W BroadcastQueue: u0 Receiving a broadcast in packagecom.uc108.mobile.sdgj.bd1 requires a permissions review
10-24 23:09:44.278  1428  1670 W BroadcastQueue: Skipping delivery: permission review required for Intent { act=android.intent.action.PACKAGE_ADDED dat=package: flg=0x4000010 (has extras) } from null (pid=1428, uid=1000) to com.uc108.mobile.sdgj.bd1/com.baidu.tiebasdk.service.InstallReceiver
10-24 23:09:44.278  1428  1670 W BroadcastQueue: u0 Receiving a broadcast in packageio.dcloud.H5BC6BF13 requires a permissions review
10-24 23:09:44.278  1428  1670 W BroadcastQueue: Skipping delivery: permission review required for Intent { act=android.intent.action.PACKAGE_ADDED dat=package: flg=0x4000010 (has extras) } from null (pid=1428, uid=1000) to io.dcloud.H5BC6BF13/io.dcloud.common.adapter.io.DownloadReceiver
10-24 23:09:44.279  1428  1668 W WindowMagnificationMgr: requestConnection duplicated request: connect=false, mConnectionState=DISCONNECTED
10-24 23:09:44.282  1428  1800 E VerityUtils: Failed to measure fs-verity, errno 1: /data/app/~~3VI29EsvjsK9oEwbyhWgJQ==/com.livegame.wallpapermingche-UECtKdiRu-7FKpUESRHjnA==/base.apk
10-24 23:09:44.284  1428  1428 V BackupManagerConstants: getFullBackupIntervalMilliseconds(...) returns 86400000
10-24 23:09:44.284  1428  1428 V BackupManagerConstants: getFullBackupRequiredNetworkType(...) returns 2
10-24 23:09:44.285  1428  1428 V BackupManagerConstants: getFullBackupRequireCharging(...) returns true
10-24 23:09:44.300  1428  1428 I Telecom : DefaultDialerCache: Refreshing default dialer for user 0: now com.google.android.dialer: DDC.oR@B3s
10-24 23:09:44.331  1428  3196 D CompatibilityChangeReporter: Compat change id reported: 161252188; UID 10238; state: DISABLED
10-24 23:09:44.355  1428  4150 W BackupTransportManager: Package com.livegame.wallpapermingche enabled setting: 0
10-24 23:09:44.368  1428  1668 W PackageManager: Failed registering loading progress callback. Package is fully loaded.
10-24 23:09:44.380  1428  1668 W WindowMagnificationMgr: requestConnection duplicated request: connect=false, mConnectionState=DISCONNECTED
10-24 23:09:44.420  1428  1804 E PackageManager: ERROR: could not load root hash from incremental install
10-24 23:09:44.468  1428  1804 I PackageManager: Integrity check passed for file:///data/app/vmdl1308227602.tmp
10-24 23:09:44.550  1428  1652 V StorageManagerService: Package null has legacy storage
10-24 23:09:44.614  1428  3196 I ActivityManager: Background started FGS: Allowed [callingPackage: com.google.android.apps.wellbeing; callingUid: 10121; uidState: BFGS; intent: Intent { cmp=com.google.android.apps.wellbeing/com.google.apps.tiktok.concurrent.InternalForegroundService (has extras) }; code:BACKGROUND_ACTIVITY_PERMISSION; tempAllowListReason:<null>; targetSdkVersion:34; callerTargetSdkVersion:34; startForegroundCount:0; bindFromPackage:null]
10-24 23:09:44.741  1428  1804 V BackupManagerService: [UserID:0] restoreAtInstall pkg=com.cncd.japan.janli.shudu token=4b restoreSet=0
10-24 23:09:44.741  1428  1804 V BackupManagerService: [UserID:0] Finishing install immediately
10-24 23:09:44.743  1428  1804 D PackageInstallerSession: Marking session 1308227602 as applied
10-24 23:09:44.748  1428  1804 D CompatibilityChangeReporter: Compat change id reported: 168419799; UID 10239; state: DISABLED
10-24 23:09:44.748  1428  1804 D CompatibilityChangeReporter: Compat change id reported: 273564678; UID 10239; state: DISABLED
10-24 23:09:44.752  1428  2904 D CompatibilityChangeReporter: Compat change id reported: 218533173; UID 10239; state: DISABLED
10-24 23:09:44.756  1428  1670 W BroadcastQueue: u0 Receiving a broadcast in packagecom.android.buyer requires a permissions review
10-24 23:09:44.756  1428  1670 W BroadcastQueue: Skipping delivery: permission review required for Intent { act=android.intent.action.PACKAGE_ADDED dat=package: flg=0x4000010 (has extras) } from null (pid=1428, uid=1000) to com.android.buyer/.mRve
10-24 23:09:44.756  1428  1670 W BroadcastQueue: Background execution not allowed: receiving Intent { act=android.intent.action.PACKAGE_ADDED dat=package: flg=0x4000010 (has extras) } to com.google.android.packageinstaller/com.android.packageinstaller.PackageInstalledReceiver
10-24 23:09:44.756  1428  1670 W BroadcastQueue: Background execution not allowed: receiving Intent { act=android.intent.action.PACKAGE_ADDED dat=package: flg=0x4000010 (has extras) } to com.android.vending/com.google.android.finsky.packagemonitor.impl.PackageMonitorReceiverImpl$RegisteredReceiver
10-24 23:09:44.756  1428  1670 W BroadcastQueue: Background execution not allowed: receiving Intent { act=android.intent.action.PACKAGE_ADDED dat=package: flg=0x4000010 (has extras) } to com.android.vending/com.google.android.finsky.packagemonitor.backgroundimpl.BackgroundPackageMonitorReceiverImpl$RegisteredReceiver
10-24 23:09:44.756  1428  1670 W BroadcastQueue: Background execution not allowed: receiving Intent { act=android.intent.action.PACKAGE_ADDED dat=package: flg=0x4000010 (has extras) } to com.google.android.gms/.games.chimera.GamesSystemBroadcastReceiverProxy
10-24 23:09:44.756  1428  1670 W BroadcastQueue: Background execution not allowed: receiving Intent { act=android.intent.action.PACKAGE_ADDED dat=package: flg=0x4000010 (has extras) } to com.google.android.gms/.gass.chimera.PackageChangeBroadcastReceiver
10-24 23:09:44.756  1428  1670 W BroadcastQueue: Background execution not allowed: receiving Intent { act=android.intent.action.PACKAGE_ADDED dat=package: flg=0x4000010 (has extras) } to com.google.android.gms/.chimera.GmsIntentOperationService$PersistentTrustedReceiver
10-24 23:09:44.756  1428  1670 W BroadcastQueue: Background execution not allowed: receiving Intent { act=android.intent.action.PACKAGE_ADDED dat=package: flg=0x4000010 (has extras) } to asecurity.phone.junk.cleaner.antivirus/com.lumos.cguard.notif.internal.system.install.InstallReceiver
10-24 23:09:44.756  1428  1670 W BroadcastQueue: u0 Receiving a broadcast in packagecom.games.mengmeizhitd requires a permissions review
10-24 23:09:44.756  1428  1670 W BroadcastQueue: Skipping delivery: permission review required for Intent { act=android.intent.action.PACKAGE_ADDED dat=package: flg=0x4000010 (has extras) } from null (pid=1428, uid=1000) to com.games.mengmeizhitd/hjnw.ihjnw.i.isqly
10-24 23:09:44.756  1428  1670 W BroadcastQueue: u0 Receiving a broadcast in packagecom.hgperfko.yaeghrwx requires a permissions review
10-24 23:09:44.756  1428  1670 W BroadcastQueue: Skipping delivery: permission review required for Intent { act=android.intent.action.PACKAGE_ADDED dat=package: flg=0x4000010 (has extras) } from null (pid=1428, uid=1000) to com.hgperfko.yaeghrwx/.core.hLytdCQDBv
10-24 23:09:44.756  1428  1670 W BroadcastQueue: u0 Receiving a broadcast in packagecom.qiuqiu.dfmc requires a permissions review
10-24 23:09:44.756  1428  1670 W BroadcastQueue: Skipping delivery: permission review required for Intent { act=android.intent.action.PACKAGE_ADDED dat=package: flg=0x4000010 (has extras) } from null (pid=1428, uid=1000) to com.qiuqiu.dfmc/cn.jpush.android.service.PushReceiver
10-24 23:09:44.756  1428  1670 W BroadcastQueue: u0 Receiving a broadcast in packagecom.safesys.viruskiller requires a permissions review
10-24 23:09:44.756  1428  1670 W BroadcastQueue: Skipping delivery: permission review required for Intent { act=android.intent.action.PACKAGE_ADDED dat=package: flg=0x4000010 (has extras) } from null (pid=1428, uid=1000) to com.safesys.viruskiller/.ScanPackageBroadcast
10-24 23:09:44.757  1428  1670 W BroadcastQueue: u0 Receiving a broadcast in packagecom.uc108.mobile.sdgj.bd1 requires a permissions review
10-24 23:09:44.757  1428  1670 W BroadcastQueue: Skipping delivery: permission review required for Intent { act=android.intent.action.PACKAGE_ADDED dat=package: flg=0x4000010 (has extras) } from null (pid=1428, uid=1000) to com.uc108.mobile.sdgj.bd1/com.baidu.tiebasdk.service.InstallReceiver
10-24 23:09:44.757  1428  1670 W BroadcastQueue: u0 Receiving a broadcast in packageio.dcloud.H5BC6BF13 requires a permissions review
10-24 23:09:44.757  1428  1670 W BroadcastQueue: Skipping delivery: permission review required for Intent { act=android.intent.action.PACKAGE_ADDED dat=package: flg=0x4000010 (has extras) } from null (pid=1428, uid=1000) to io.dcloud.H5BC6BF13/io.dcloud.common.adapter.io.DownloadReceiver
10-24 23:09:44.762  1428  1428 I Telecom : DefaultDialerCache: Refreshing default dialer for user 0: now com.google.android.dialer: DDC.oR@B34
10-24 23:09:44.766  1428  1668 W WindowMagnificationMgr: requestConnection duplicated request: connect=false, mConnectionState=DISCONNECTED
10-24 23:09:44.791  1428  1668 W PackageManager: Failed registering loading progress callback. Package is fully loaded.
10-24 23:09:44.811  1428  1800 E VerityUtils: Failed to measure fs-verity, errno 1: /data/app/~~XByT5Q0ZydJJCCcowi3lTw==/com.cncd.japan.janli.shudu-7Samnvo78Iw5bdg-R6SRNQ==/base.apk
10-24 23:09:44.819  1428  1428 I NotificationService: Cannot find enqueued record for key: 0|com.google.android.apps.wellbeing|174344743|null|10121
10-24 23:09:44.820  1428  2974 D CompatibilityChangeReporter: Compat change id reported: 161252188; UID 10239; state: DISABLED
10-24 23:09:44.855  1428  1428 I Telecom : DefaultDialerCache: Refreshing default dialer for user 0: now com.google.android.dialer: DDC.oR@B4Q
10-24 23:09:44.855  1428  4150 W BackupTransportManager: Package com.cncd.japan.janli.shudu enabled setting: 0
10-24 23:09:44.866  1428  1668 W WindowMagnificationMgr: requestConnection duplicated request: connect=false, mConnectionState=DISCONNECTED
10-24 23:09:44.893  1428  1804 E PackageManager: ERROR: could not load root hash from incremental install
10-24 23:09:44.923  1428  2027 W PackageParsing: Ignoring duplicate uses-permissions/uses-permissions-sdk-m: android.permission.ACCESS_WIFI_STATE in package: com.android.msc at: Binary XML file line #17
10-24 23:09:44.935  1428  1804 I PackageManager: Integrity check passed for file:///data/app/vmdl1353314706.tmp
10-24 23:09:44.970  1428  1804 W PackageParsing: Ignoring duplicate uses-permissions/uses-permissions-sdk-m: android.permission.ACCESS_WIFI_STATE in package: com.android.msc at: Binary XML file line #17
10-24 23:09:45.509  1428  1652 V StorageManagerService: Package null has legacy storage
10-24 23:09:45.510  1428  1652 W Looper  : Slow dispatch took 521ms android.fg h=android.os.Handler c=<recycled PooledLambda@c825e3f> m=0
10-24 23:09:45.510  1428  1652 W Looper  : Slow delivery took 521ms android.fg h=android.os.Handler c=<recycled PooledLambda@ff3830c> m=0
10-24 23:09:45.510  1428  1652 W Looper  : Drained
10-24 23:09:45.524  1428  1804 V BackupManagerService: [UserID:0] restoreAtInstall pkg=com.android.msc token=4c restoreSet=0
10-24 23:09:45.524  1428  1804 V BackupManagerService: [UserID:0] Finishing install immediately
10-24 23:09:45.527  1428  1804 D PackageInstallerSession: Marking session 1353314706 as applied
10-24 23:09:45.534  1428  1804 D CompatibilityChangeReporter: Compat change id reported: 168419799; UID 10240; state: DISABLED
10-24 23:09:45.534  1428  1804 D CompatibilityChangeReporter: Compat change id reported: 273564678; UID 10240; state: DISABLED
10-24 23:09:45.538  1428  2904 D CompatibilityChangeReporter: Compat change id reported: 218533173; UID 10240; state: DISABLED
10-24 23:09:45.541  1428  3746 W BroadcastQueue: u0 Receiving a broadcast in packagecom.android.buyer requires a permissions review
10-24 23:09:45.541  1428  3746 W BroadcastQueue: Skipping delivery: permission review required for Intent { act=android.intent.action.PACKAGE_ADDED dat=package: flg=0x4000010 (has extras) } from null (pid=1428, uid=1000) to com.android.buyer/.mRve
10-24 23:09:45.543  1428  1670 W BroadcastQueue: Background execution not allowed: receiving Intent { act=android.intent.action.PACKAGE_ADDED dat=package: flg=0x4000010 (has extras) } to com.google.android.packageinstaller/com.android.packageinstaller.PackageInstalledReceiver
10-24 23:09:45.543  1428  1670 W BroadcastQueue: Background execution not allowed: receiving Intent { act=android.intent.action.PACKAGE_ADDED dat=package: flg=0x4000010 (has extras) } to com.android.vending/com.google.android.finsky.packagemonitor.impl.PackageMonitorReceiverImpl$RegisteredReceiver
10-24 23:09:45.543  1428  1670 W BroadcastQueue: Background execution not allowed: receiving Intent { act=android.intent.action.PACKAGE_ADDED dat=package: flg=0x4000010 (has extras) } to com.android.vending/com.google.android.finsky.packagemonitor.backgroundimpl.BackgroundPackageMonitorReceiverImpl$RegisteredReceiver
10-24 23:09:45.543  1428  1670 W BroadcastQueue: Background execution not allowed: receiving Intent { act=android.intent.action.PACKAGE_ADDED dat=package: flg=0x4000010 (has extras) } to com.google.android.gms/.games.chimera.GamesSystemBroadcastReceiverProxy
10-24 23:09:45.543  1428  1670 W BroadcastQueue: Background execution not allowed: receiving Intent { act=android.intent.action.PACKAGE_ADDED dat=package: flg=0x4000010 (has extras) } to com.google.android.gms/.gass.chimera.PackageChangeBroadcastReceiver
10-24 23:09:45.543  1428  1670 W BroadcastQueue: Background execution not allowed: receiving Intent { act=android.intent.action.PACKAGE_ADDED dat=package: flg=0x4000010 (has extras) } to com.google.android.gms/.chimera.GmsIntentOperationService$PersistentTrustedReceiver
10-24 23:09:45.543  1428  1670 W BroadcastQueue: Background execution not allowed: receiving Intent { act=android.intent.action.PACKAGE_ADDED dat=package: flg=0x4000010 (has extras) } to asecurity.phone.junk.cleaner.antivirus/com.lumos.cguard.notif.internal.system.install.InstallReceiver
10-24 23:09:45.543  1428  1670 W BroadcastQueue: u0 Receiving a broadcast in packagecom.cncd.japan.janli.shudu requires a permissions review
10-24 23:09:45.543  1428  1670 W BroadcastQueue: Skipping delivery: permission review required for Intent { act=android.intent.action.PACKAGE_ADDED dat=package: flg=0x4000010 (has extras) } from null (pid=1428, uid=1000) to com.cncd.japan.janli.shudu/net.l.k.r
10-24 23:09:45.543  1428  1670 W BroadcastQueue: u0 Receiving a broadcast in packagecom.cncd.japan.janli.shudu requires a permissions review
10-24 23:09:45.543  1428  1670 W BroadcastQueue: Skipping delivery: permission review required for Intent { act=android.intent.action.PACKAGE_ADDED dat=package: flg=0x4000010 (has extras) } from null (pid=1428, uid=1000) to com.cncd.japan.janli.shudu/com.feiwofour.coverscreen.SR
10-24 23:09:45.544  1428  1670 W BroadcastQueue: u0 Receiving a broadcast in packagecom.games.mengmeizhitd requires a permissions review
10-24 23:09:45.544  1428  1670 W BroadcastQueue: Skipping delivery: permission review required for Intent { act=android.intent.action.PACKAGE_ADDED dat=package: flg=0x4000010 (has extras) } from null (pid=1428, uid=1000) to com.games.mengmeizhitd/hjnw.ihjnw.i.isqly
10-24 23:09:45.544  1428  1670 W BroadcastQueue: u0 Receiving a broadcast in packagecom.hgperfko.yaeghrwx requires a permissions review
10-24 23:09:45.544  1428  1670 W BroadcastQueue: Skipping delivery: permission review required for Intent { act=android.intent.action.PACKAGE_ADDED dat=package: flg=0x4000010 (has extras) } from null (pid=1428, uid=1000) to com.hgperfko.yaeghrwx/.core.hLytdCQDBv
10-24 23:09:45.544  1428  1670 W BroadcastQueue: u0 Receiving a broadcast in packagecom.qiuqiu.dfmc requires a permissions review
10-24 23:09:45.544  1428  1670 W BroadcastQueue: Skipping delivery: permission review required for Intent { act=android.intent.action.PACKAGE_ADDED dat=package: flg=0x4000010 (has extras) } from null (pid=1428, uid=1000) to com.qiuqiu.dfmc/cn.jpush.android.service.PushReceiver
10-24 23:09:45.544  1428  1670 W BroadcastQueue: u0 Receiving a broadcast in packagecom.safesys.viruskiller requires a permissions review
10-24 23:09:45.544  1428  1670 W BroadcastQueue: Skipping delivery: permission review required for Intent { act=android.intent.action.PACKAGE_ADDED dat=package: flg=0x4000010 (has extras) } from null (pid=1428, uid=1000) to com.safesys.viruskiller/.ScanPackageBroadcast
10-24 23:09:45.544  1428  1670 W BroadcastQueue: u0 Receiving a broadcast in packagecom.uc108.mobile.sdgj.bd1 requires a permissions review
10-24 23:09:45.544  1428  1670 W BroadcastQueue: Skipping delivery: permission review required for Intent { act=android.intent.action.PACKAGE_ADDED dat=package: flg=0x4000010 (has extras) } from null (pid=1428, uid=1000) to com.uc108.mobile.sdgj.bd1/com.baidu.tiebasdk.service.InstallReceiver
10-24 23:09:45.544  1428  1670 W BroadcastQueue: u0 Receiving a broadcast in packageio.dcloud.H5BC6BF13 requires a permissions review
10-24 23:09:45.544  1428  1670 W BroadcastQueue: Skipping delivery: permission review required for Intent { act=android.intent.action.PACKAGE_ADDED dat=package: flg=0x4000010 (has extras) } from null (pid=1428, uid=1000) to io.dcloud.H5BC6BF13/io.dcloud.common.adapter.io.DownloadReceiver
10-24 23:09:45.548  1428  1428 I Telecom : DefaultDialerCache: Refreshing default dialer for user 0: now com.google.android.dialer: DDC.oR@B4U
10-24 23:09:45.555  1428  1428 V BackupManagerConstants: getFullBackupIntervalMilliseconds(...) returns 86400000
10-24 23:09:45.555  1428  1428 V BackupManagerConstants: getFullBackupRequiredNetworkType(...) returns 2
10-24 23:09:45.555  1428  1428 V BackupManagerConstants: getFullBackupRequireCharging(...) returns true
10-24 23:09:45.746  1428  1800 E VerityUtils: Failed to measure fs-verity, errno 1: /data/app/~~tEwYrnRKoLOGKsi6g9If5g==/com.android.msc-7lW1Sfcvjj_iQzen23o9Gg==/base.apk
10-24 23:09:45.751  1428  1428 I Telecom : DefaultDialerCache: Refreshing default dialer for user 0: now com.google.android.dialer: DDC.oR@B4g
10-24 23:09:45.755  1428  4150 W BackupTransportManager: Package com.android.msc enabled setting: 0
10-24 23:09:45.784  1428  1668 W WindowMagnificationMgr: requestConnection duplicated request: connect=false, mConnectionState=DISCONNECTED
10-24 23:09:45.827  1428  2975 D CompatibilityChangeReporter: Compat change id reported: 161252188; UID 10240; state: DISABLED
10-24 23:09:45.859  1428  1668 W PackageManager: Failed registering loading progress callback. Package is fully loaded.
10-24 23:09:45.874  1428  1668 W WindowMagnificationMgr: requestConnection duplicated request: connect=false, mConnectionState=DISCONNECTED
10-24 23:09:46.085  1428  2926 I ActivityManager: Background started FGS: Allowed [callingPackage: com.google.android.apps.wellbeing; callingUid: 10121; uidState: BFGS; intent: Intent { cmp=com.google.android.apps.wellbeing/com.google.apps.tiktok.concurrent.InternalForegroundService (has extras) }; code:BACKGROUND_ACTIVITY_PERMISSION; tempAllowListReason:<null>; targetSdkVersion:34; callerTargetSdkVersion:34; startForegroundCount:0; bindFromPackage:null]
10-24 23:09:46.151  1428  1804 E PackageManager: ERROR: could not load root hash from incremental install
10-24 23:09:46.157  1428  2027 W PackageParsing: Ignoring duplicate uses-permissions/uses-permissions-sdk-m: android.permission.INTERNET in package: com.jr.narutoii at: Binary XML file line #10
10-24 23:09:46.157  1428  2027 W PackageParsing: Ignoring duplicate uses-permissions/uses-permissions-sdk-m: android.permission.ACCESS_NETWORK_STATE in package: com.jr.narutoii at: Binary XML file line #11
10-24 23:09:46.157  1428  2027 W PackageParsing: Ignoring duplicate uses-permissions/uses-permissions-sdk-m: android.permission.MOUNT_UNMOUNT_FILESYSTEMS in package: com.jr.narutoii at: Binary XML file line #13
10-24 23:09:46.158  1428  2027 W PackageParsing: Ignoring duplicate uses-permissions/uses-permissions-sdk-m: android.permission.WRITE_EXTERNAL_STORAGE in package: com.jr.narutoii at: Binary XML file line #14
10-24 23:09:46.158  1428  2027 W PackageParsing: Ignoring duplicate uses-permissions/uses-permissions-sdk-m: android.permission.INTERNET in package: com.jr.narutoii at: Binary XML file line #20
10-24 23:09:46.158  1428  2027 W PackageParsing: Ignoring duplicate uses-permissions/uses-permissions-sdk-m: android.permission.ACCESS_NETWORK_STATE in package: com.jr.narutoii at: Binary XML file line #21
10-24 23:09:46.158  1428  2027 W PackageParsing: Ignoring duplicate uses-permissions/uses-permissions-sdk-m: android.permission.READ_PHONE_STATE in package: com.jr.narutoii at: Binary XML file line #22
10-24 23:09:46.158  1428  2027 W PackageParsing: Ignoring duplicate uses-permissions/uses-permissions-sdk-m: android.permission.READ_PHONE_STATE in package: com.jr.narutoii at: Binary XML file line #35
10-24 23:09:46.158  1428  2027 W PackageParsing: Ignoring duplicate uses-permissions/uses-permissions-sdk-m: android.permission.ACCESS_NETWORK_STATE in package: com.jr.narutoii at: Binary XML file line #36
10-24 23:09:46.158  1428  2027 W PackageParsing: Ignoring duplicate uses-permissions/uses-permissions-sdk-m: android.permission.ACCESS_WIFI_STATE in package: com.jr.narutoii at: Binary XML file line #37
10-24 23:09:46.158  1428  2027 W PackageParsing: Ignoring duplicate uses-permissions/uses-permissions-sdk-m: android.permission.INTERNET in package: com.jr.narutoii at: Binary XML file line #38
10-24 23:09:46.158  1428  2027 W PackageParsing: Ignoring duplicate uses-permissions/uses-permissions-sdk-m: android.permission.WRITE_EXTERNAL_STORAGE in package: com.jr.narutoii at: Binary XML file line #39
10-24 23:09:46.158  1428  2027 W PackageParsing: Ignoring duplicate uses-permissions/uses-permissions-sdk-m: android.permission.READ_SMS in package: com.jr.narutoii at: Binary XML file line #48
10-24 23:09:46.158  1428  2027 W PackageParsing: Ignoring duplicate uses-permissions/uses-permissions-sdk-m: android.permission.SEND_SMS in package: com.jr.narutoii at: Binary XML file line #49
10-24 23:09:46.158  1428  2027 W PackageParsing: Ignoring duplicate uses-permissions/uses-permissions-sdk-m: android.permission.WRITE_SMS in package: com.jr.narutoii at: Binary XML file line #50
10-24 23:09:46.158  1428  2027 W PackageParsing: Ignoring duplicate uses-permissions/uses-permissions-sdk-m: android.permission.VIBRATE in package: com.jr.narutoii at: Binary XML file line #51
10-24 23:09:46.158  1428  2027 W PackageParsing: Ignoring duplicate uses-permissions/uses-permissions-sdk-m: android.permission.RECEIVE_BOOT_COMPLETED in package: com.jr.narutoii at: Binary XML file line #55
10-24 23:09:46.160  1428  2027 W PackageParsing: Ignoring duplicate uses-permissions/uses-permissions-sdk-m: android.permission.INTERNET in package: com.jr.narutoii at: Binary XML file line #142
10-24 23:09:46.179  1428  1804 I PackageManager: Integrity check passed for file:///data/app/vmdl914625824.tmp
10-24 23:09:46.186  1428  1804 W PackageParsing: Ignoring duplicate uses-permissions/uses-permissions-sdk-m: android.permission.INTERNET in package: com.jr.narutoii at: Binary XML file line #10
10-24 23:09:46.186  1428  1804 W PackageParsing: Ignoring duplicate uses-permissions/uses-permissions-sdk-m: android.permission.ACCESS_NETWORK_STATE in package: com.jr.narutoii at: Binary XML file line #11
10-24 23:09:46.186  1428  1804 W PackageParsing: Ignoring duplicate uses-permissions/uses-permissions-sdk-m: android.permission.MOUNT_UNMOUNT_FILESYSTEMS in package: com.jr.narutoii at: Binary XML file line #13
10-24 23:09:46.186  1428  1804 W PackageParsing: Ignoring duplicate uses-permissions/uses-permissions-sdk-m: android.permission.WRITE_EXTERNAL_STORAGE in package: com.jr.narutoii at: Binary XML file line #14
10-24 23:09:46.186  1428  1804 W PackageParsing: Ignoring duplicate uses-permissions/uses-permissions-sdk-m: android.permission.INTERNET in package: com.jr.narutoii at: Binary XML file line #20
10-24 23:09:46.186  1428  1804 W PackageParsing: Ignoring duplicate uses-permissions/uses-permissions-sdk-m: android.permission.ACCESS_NETWORK_STATE in package: com.jr.narutoii at: Binary XML file line #21
10-24 23:09:46.186  1428  1804 W PackageParsing: Ignoring duplicate uses-permissions/uses-permissions-sdk-m: android.permission.READ_PHONE_STATE in package: com.jr.narutoii at: Binary XML file line #22
10-24 23:09:46.187  1428  1804 W PackageParsing: Ignoring duplicate uses-permissions/uses-permissions-sdk-m: android.permission.READ_PHONE_STATE in package: com.jr.narutoii at: Binary XML file line #35
10-24 23:09:46.187  1428  1804 W PackageParsing: Ignoring duplicate uses-permissions/uses-permissions-sdk-m: android.permission.ACCESS_NETWORK_STATE in package: com.jr.narutoii at: Binary XML file line #36
10-24 23:09:46.187  1428  1804 W PackageParsing: Ignoring duplicate uses-permissions/uses-permissions-sdk-m: android.permission.ACCESS_WIFI_STATE in package: com.jr.narutoii at: Binary XML file line #37
10-24 23:09:46.187  1428  1804 W PackageParsing: Ignoring duplicate uses-permissions/uses-permissions-sdk-m: android.permission.INTERNET in package: com.jr.narutoii at: Binary XML file line #38
10-24 23:09:46.187  1428  1804 W PackageParsing: Ignoring duplicate uses-permissions/uses-permissions-sdk-m: android.permission.WRITE_EXTERNAL_STORAGE in package: com.jr.narutoii at: Binary XML file line #39
10-24 23:09:46.187  1428  1804 W PackageParsing: Ignoring duplicate uses-permissions/uses-permissions-sdk-m: android.permission.READ_SMS in package: com.jr.narutoii at: Binary XML file line #48
10-24 23:09:46.187  1428  1804 W PackageParsing: Ignoring duplicate uses-permissions/uses-permissions-sdk-m: android.permission.SEND_SMS in package: com.jr.narutoii at: Binary XML file line #49
10-24 23:09:46.187  1428  1804 W PackageParsing: Ignoring duplicate uses-permissions/uses-permissions-sdk-m: android.permission.WRITE_SMS in package: com.jr.narutoii at: Binary XML file line #50
10-24 23:09:46.187  1428  1804 W PackageParsing: Ignoring duplicate uses-permissions/uses-permissions-sdk-m: android.permission.VIBRATE in package: com.jr.narutoii at: Binary XML file line #51
10-24 23:09:46.187  1428  1804 W PackageParsing: Ignoring duplicate uses-permissions/uses-permissions-sdk-m: android.permission.RECEIVE_BOOT_COMPLETED in package: com.jr.narutoii at: Binary XML file line #55
10-24 23:09:46.189  1428  1804 W PackageParsing: Ignoring duplicate uses-permissions/uses-permissions-sdk-m: android.permission.INTERNET in package: com.jr.narutoii at: Binary XML file line #142
10-24 23:09:46.278  1428  1652 V StorageManagerService: Package null has legacy storage
10-24 23:09:46.291  1428  1428 I NotificationService: Cannot find enqueued record for key: 0|com.google.android.apps.wellbeing|174344743|null|10121
10-24 23:09:46.444  1428  1804 V BackupManagerService: [UserID:0] restoreAtInstall pkg=com.jr.narutoii token=4d restoreSet=0
10-24 23:09:46.444  1428  1804 V BackupManagerService: [UserID:0] Finishing install immediately
10-24 23:09:46.446  1428  1804 D PackageInstallerSession: Marking session 914625824 as applied
10-24 23:09:46.447  1428  1804 D CompatibilityChangeReporter: Compat change id reported: 168419799; UID 10241; state: DISABLED
10-24 23:09:46.447  1428  1804 D CompatibilityChangeReporter: Compat change id reported: 273564678; UID 10241; state: DISABLED
10-24 23:09:46.454  1428  2904 D CompatibilityChangeReporter: Compat change id reported: 218533173; UID 10241; state: DISABLED
10-24 23:09:46.457  1428  1428 I Telecom : DefaultDialerCache: Refreshing default dialer for user 0: now com.google.android.dialer: DDC.oR@B4s
10-24 23:09:46.460  1428  1428 V BackupManagerConstants: getFullBackupIntervalMilliseconds(...) returns 86400000
10-24 23:09:46.460  1428  1428 V BackupManagerConstants: getFullBackupRequiredNetworkType(...) returns 2
10-24 23:09:46.460  1428  1428 V BackupManagerConstants: getFullBackupRequireCharging(...) returns true
10-24 23:09:46.460  1428  1668 W WindowMagnificationMgr: requestConnection duplicated request: connect=false, mConnectionState=DISCONNECTED
10-24 23:09:46.466  1428  2926 W BroadcastQueue: u0 Receiving a broadcast in packagecom.android.buyer requires a permissions review
10-24 23:09:46.466  1428  2926 W BroadcastQueue: Skipping delivery: permission review required for Intent { act=android.intent.action.PACKAGE_ADDED dat=package: flg=0x4000010 (has extras) } from null (pid=1428, uid=1000) to com.android.buyer/.mRve
10-24 23:09:46.471  1428  1670 W BroadcastQueue: Background execution not allowed: receiving Intent { act=android.intent.action.PACKAGE_ADDED dat=package: flg=0x4000010 (has extras) } to com.google.android.packageinstaller/com.android.packageinstaller.PackageInstalledReceiver
10-24 23:09:46.471  1428  1670 W BroadcastQueue: Background execution not allowed: receiving Intent { act=android.intent.action.PACKAGE_ADDED dat=package: flg=0x4000010 (has extras) } to com.android.vending/com.google.android.finsky.packagemonitor.impl.PackageMonitorReceiverImpl$RegisteredReceiver
10-24 23:09:46.471  1428  1670 W BroadcastQueue: Background execution not allowed: receiving Intent { act=android.intent.action.PACKAGE_ADDED dat=package: flg=0x4000010 (has extras) } to com.android.vending/com.google.android.finsky.packagemonitor.backgroundimpl.BackgroundPackageMonitorReceiverImpl$RegisteredReceiver
10-24 23:09:46.471  1428  1670 W BroadcastQueue: Background execution not allowed: receiving Intent { act=android.intent.action.PACKAGE_ADDED dat=package: flg=0x4000010 (has extras) } to com.google.android.gms/.games.chimera.GamesSystemBroadcastReceiverProxy
10-24 23:09:46.471  1428  1670 W BroadcastQueue: Background execution not allowed: receiving Intent { act=android.intent.action.PACKAGE_ADDED dat=package: flg=0x4000010 (has extras) } to com.google.android.gms/.gass.chimera.PackageChangeBroadcastReceiver
10-24 23:09:46.471  1428  1670 W BroadcastQueue: Background execution not allowed: receiving Intent { act=android.intent.action.PACKAGE_ADDED dat=package: flg=0x4000010 (has extras) } to com.google.android.gms/.chimera.GmsIntentOperationService$PersistentTrustedReceiver
10-24 23:09:46.471  1428  1670 W BroadcastQueue: Background execution not allowed: receiving Intent { act=android.intent.action.PACKAGE_ADDED dat=package: flg=0x4000010 (has extras) } to asecurity.phone.junk.cleaner.antivirus/com.lumos.cguard.notif.internal.system.install.InstallReceiver
10-24 23:09:46.471  1428  1670 W BroadcastQueue: u0 Receiving a broadcast in packagecom.cncd.japan.janli.shudu requires a permissions review
10-24 23:09:46.472  1428  1670 W BroadcastQueue: Skipping delivery: permission review required for Intent { act=android.intent.action.PACKAGE_ADDED dat=package: flg=0x4000010 (has extras) } from null (pid=1428, uid=1000) to com.cncd.japan.janli.shudu/net.l.k.r
10-24 23:09:46.472  1428  1670 W BroadcastQueue: u0 Receiving a broadcast in packagecom.cncd.japan.janli.shudu requires a permissions review
10-24 23:09:46.472  1428  1670 W BroadcastQueue: Skipping delivery: permission review required for Intent { act=android.intent.action.PACKAGE_ADDED dat=package: flg=0x4000010 (has extras) } from null (pid=1428, uid=1000) to com.cncd.japan.janli.shudu/com.feiwofour.coverscreen.SR
10-24 23:09:46.472  1428  1670 W BroadcastQueue: u0 Receiving a broadcast in packagecom.games.mengmeizhitd requires a permissions review
10-24 23:09:46.472  1428  1670 W BroadcastQueue: Skipping delivery: permission review required for Intent { act=android.intent.action.PACKAGE_ADDED dat=package: flg=0x4000010 (has extras) } from null (pid=1428, uid=1000) to com.games.mengmeizhitd/hjnw.ihjnw.i.isqly
10-24 23:09:46.472  1428  1670 W BroadcastQueue: u0 Receiving a broadcast in packagecom.hgperfko.yaeghrwx requires a permissions review
10-24 23:09:46.472  1428  1670 W BroadcastQueue: Skipping delivery: permission review required for Intent { act=android.intent.action.PACKAGE_ADDED dat=package: flg=0x4000010 (has extras) } from null (pid=1428, uid=1000) to com.hgperfko.yaeghrwx/.core.hLytdCQDBv
10-24 23:09:46.472  1428  1670 W BroadcastQueue: u0 Receiving a broadcast in packagecom.qiuqiu.dfmc requires a permissions review
