10-22 21:21:01.875  1522  3214 W BroadcastQueue: Skipping delivery: permission review required for Intent { act=android.intent.action.PACKAGE_ADDED dat=package: flg=0x4000010 (has extras) } from null (pid=1522, uid=1000) to com.android.buyer/.mRve
10-22 21:21:01.877  1522  1722 W BroadcastQueue: Background execution not allowed: receiving Intent { act=android.intent.action.PACKAGE_ADDED dat=package: flg=0x4000010 (has extras) } to com.google.android.packageinstaller/com.android.packageinstaller.PackageInstalledReceiver
10-22 21:21:01.878  1522  1722 W BroadcastQueue: Background execution not allowed: receiving Intent { act=android.intent.action.PACKAGE_ADDED dat=package: flg=0x4000010 (has extras) } to com.android.vending/com.google.android.finsky.packagemonitor.impl.PackageMonitorReceiverImpl$RegisteredReceiver
10-22 21:21:01.878  1522  1722 W BroadcastQueue: Background execution not allowed: receiving Intent { act=android.intent.action.PACKAGE_ADDED dat=package: flg=0x4000010 (has extras) } to com.android.vending/com.google.android.finsky.packagemonitor.backgroundimpl.BackgroundPackageMonitorReceiverImpl$RegisteredReceiver
10-22 21:21:01.878  1522  1722 W BroadcastQueue: Background execution not allowed: receiving Intent { act=android.intent.action.PACKAGE_ADDED dat=package: flg=0x4000010 (has extras) } to com.google.android.gms/.games.chimera.GamesSystemBroadcastReceiverProxy
10-22 21:21:01.878  1522  1722 W BroadcastQueue: Background execution not allowed: receiving Intent { act=android.intent.action.PACKAGE_ADDED dat=package: flg=0x4000010 (has extras) } to com.google.android.gms/.gass.chimera.PackageChangeBroadcastReceiver
10-22 21:21:01.878  1522  1722 W BroadcastQueue: Background execution not allowed: receiving Intent { act=android.intent.action.PACKAGE_ADDED dat=package: flg=0x4000010 (has extras) } to com.google.android.gms/.chimera.GmsIntentOperationService$PersistentTrustedReceiver
10-22 21:21:01.878  1522  1722 W BroadcastQueue: u0 Receiving a broadcast in packagecom.games.mengmeizhitd requires a permissions review
10-22 21:21:01.878  1522  1722 W BroadcastQueue: Skipping delivery: permission review required for Intent { act=android.intent.action.PACKAGE_ADDED dat=package: flg=0x4000010 (has extras) } from null (pid=1522, uid=1000) to com.games.mengmeizhitd/hjnw.ihjnw.i.isqly
10-22 21:21:01.878  1522  1722 W BroadcastQueue: u0 Receiving a broadcast in packagecom.hgperfko.yaeghrwx requires a permissions review
10-22 21:21:01.878  1522  1722 W BroadcastQueue: Skipping delivery: permission review required for Intent { act=android.intent.action.PACKAGE_ADDED dat=package: flg=0x4000010 (has extras) } from null (pid=1522, uid=1000) to com.hgperfko.yaeghrwx/.core.hLytdCQDBv
10-22 21:21:01.880  1522  1722 W BroadcastQueue: u0 Receiving a broadcast in packagecom.qiuqiu.dfmc requires a permissions review
10-22 21:21:01.881  1522  1722 W BroadcastQueue: Skipping delivery: permission review required for Intent { act=android.intent.action.PACKAGE_ADDED dat=package: flg=0x4000010 (has extras) } from null (pid=1522, uid=1000) to com.qiuqiu.dfmc/cn.jpush.android.service.PushReceiver
10-22 21:21:01.881  1522  1722 W BroadcastQueue: u0 Receiving a broadcast in packagecom.safesys.viruskiller requires a permissions review
10-22 21:21:01.881  1522  1722 W BroadcastQueue: Skipping delivery: permission review required for Intent { act=android.intent.action.PACKAGE_ADDED dat=package: flg=0x4000010 (has extras) } from null (pid=1522, uid=1000) to com.safesys.viruskiller/.ScanPackageBroadcast
10-22 21:21:01.881  1522  1722 W BroadcastQueue: u0 Receiving a broadcast in packagecom.uc108.mobile.sdgj.bd1 requires a permissions review
10-22 21:21:01.881  1522  1722 W BroadcastQueue: Skipping delivery: permission review required for Intent { act=android.intent.action.PACKAGE_ADDED dat=package: flg=0x4000010 (has extras) } from null (pid=1522, uid=1000) to com.uc108.mobile.sdgj.bd1/com.baidu.tiebasdk.service.InstallReceiver
10-22 21:21:01.881  1522  1722 W BroadcastQueue: u0 Receiving a broadcast in packageio.dcloud.H5BC6BF13 requires a permissions review
10-22 21:21:01.881  1522  1722 W BroadcastQueue: Skipping delivery: permission review required for Intent { act=android.intent.action.PACKAGE_ADDED dat=package: flg=0x4000010 (has extras) } from null (pid=1522, uid=1000) to io.dcloud.H5BC6BF13/io.dcloud.common.adapter.io.DownloadReceiver
10-22 21:21:01.899  1522  1522 I Telecom : DefaultDialerCache: Refreshing default dialer for user 0: now com.google.android.dialer: DDC.oR@BxY
10-22 21:21:01.909  1522  1848 E VerityUtils: Failed to measure fs-verity, errno 1: /data/app/~~WOJjgCJcjmxGinPmn2Jmpg==/com.cncd.japan.janli.shudu-J4XjYB1OulfL_5mhQTPaeA==/base.apk
10-22 21:21:01.915  1522  1718 W WindowMagnificationMgr: requestConnection duplicated request: connect=false, mConnectionState=DISCONNECTED
10-22 21:21:01.923  1522  5538 D CompatibilityChangeReporter: Compat change id reported: 161252188; UID 10239; state: DISABLED
10-22 21:21:01.939  1522  4186 W BackupTransportManager: Package com.cncd.japan.janli.shudu enabled setting: 0
10-22 21:21:01.984  1522  1852 E PackageManager: ERROR: could not load root hash from incremental install
10-22 21:21:01.990  1522  2048 W PackageParsing: Ignoring duplicate uses-permissions/uses-permissions-sdk-m: android.permission.ACCESS_WIFI_STATE in package: com.android.msc at: Binary XML file line #17
10-22 21:21:02.002  1522  1852 I PackageManager: Integrity check passed for file:///data/app/vmdl439244919.tmp
10-22 21:21:02.011  1522  1718 W PackageManager: Failed registering loading progress callback. Package is fully loaded.
10-22 21:21:02.023  1522  1852 W PackageParsing: Ignoring duplicate uses-permissions/uses-permissions-sdk-m: android.permission.ACCESS_WIFI_STATE in package: com.android.msc at: Binary XML file line #17
10-22 21:21:02.023  1522  1718 W WindowMagnificationMgr: requestConnection duplicated request: connect=false, mConnectionState=DISCONNECTED
10-22 21:21:02.098  1522  1852 V BackupManagerService: [UserID:0] restoreAtInstall pkg=com.android.msc token=4b restoreSet=0
10-22 21:21:02.099  1522  1852 V BackupManagerService: [UserID:0] Finishing install immediately
10-22 21:21:02.103  1522  1852 V StorageManagerService: Package null has legacy storage
10-22 21:21:02.103  1522  1852 D PackageInstallerSession: Marking session 439244919 as applied
10-22 21:21:02.110  1522  1852 D CompatibilityChangeReporter: Compat change id reported: 168419799; UID 10240; state: DISABLED
10-22 21:21:02.111  1522  1852 D CompatibilityChangeReporter: Compat change id reported: 273564678; UID 10240; state: DISABLED
10-22 21:21:02.111  1522  5428 D CompatibilityChangeReporter: Compat change id reported: 161252188; UID 10240; state: DISABLED
10-22 21:21:02.117  1522  2925 D CompatibilityChangeReporter: Compat change id reported: 218533173; UID 10240; state: DISABLED
10-22 21:21:02.131  1522  5429 W BroadcastQueue: u0 Receiving a broadcast in packagecom.android.buyer requires a permissions review
10-22 21:21:02.131  1522  5429 W BroadcastQueue: Skipping delivery: permission review required for Intent { act=android.intent.action.PACKAGE_ADDED dat=package: flg=0x4000010 (has extras) } from null (pid=1522, uid=1000) to com.android.buyer/.mRve
10-22 21:21:02.131  1522  1522 I Telecom : DefaultDialerCache: Refreshing default dialer for user 0: now com.google.android.dialer: DDC.oR@Bxk
10-22 21:21:02.134  1522  1722 W BroadcastQueue: Background execution not allowed: receiving Intent { act=android.intent.action.PACKAGE_ADDED dat=package: flg=0x4000010 (has extras) } to com.google.android.packageinstaller/com.android.packageinstaller.PackageInstalledReceiver
10-22 21:21:02.144  1522  1722 W BroadcastQueue: Background execution not allowed: receiving Intent { act=android.intent.action.PACKAGE_ADDED dat=package: flg=0x4000010 (has extras) } to com.android.vending/com.google.android.finsky.packagemonitor.impl.PackageMonitorReceiverImpl$RegisteredReceiver
10-22 21:21:02.144  1522  1722 W BroadcastQueue: Background execution not allowed: receiving Intent { act=android.intent.action.PACKAGE_ADDED dat=package: flg=0x4000010 (has extras) } to com.android.vending/com.google.android.finsky.packagemonitor.backgroundimpl.BackgroundPackageMonitorReceiverImpl$RegisteredReceiver
10-22 21:21:02.146  1522  1722 W BroadcastQueue: Background execution not allowed: receiving Intent { act=android.intent.action.PACKAGE_ADDED dat=package: flg=0x4000010 (has extras) } to com.google.android.gms/.games.chimera.GamesSystemBroadcastReceiverProxy
10-22 21:21:02.146  1522  1722 W BroadcastQueue: Background execution not allowed: receiving Intent { act=android.intent.action.PACKAGE_ADDED dat=package: flg=0x4000010 (has extras) } to com.google.android.gms/.gass.chimera.PackageChangeBroadcastReceiver
10-22 21:21:02.146  1522  1722 W BroadcastQueue: Background execution not allowed: receiving Intent { act=android.intent.action.PACKAGE_ADDED dat=package: flg=0x4000010 (has extras) } to com.google.android.gms/.chimera.GmsIntentOperationService$PersistentTrustedReceiver
10-22 21:21:02.146  1522  1522 V BackupManagerConstants: getFullBackupIntervalMilliseconds(...) returns 86400000
10-22 21:21:02.146  1522  1522 V BackupManagerConstants: getFullBackupRequiredNetworkType(...) returns 2
10-22 21:21:02.146  1522  1522 V BackupManagerConstants: getFullBackupRequireCharging(...) returns true
10-22 21:21:02.150  1522  1722 W BroadcastQueue: u0 Receiving a broadcast in packagecom.cncd.japan.janli.shudu requires a permissions review
10-22 21:21:02.150  1522  1722 W BroadcastQueue: Skipping delivery: permission review required for Intent { act=android.intent.action.PACKAGE_ADDED dat=package: flg=0x4000010 (has extras) } from null (pid=1522, uid=1000) to com.cncd.japan.janli.shudu/net.l.k.r
10-22 21:21:02.150  1522  1722 W BroadcastQueue: u0 Receiving a broadcast in packagecom.cncd.japan.janli.shudu requires a permissions review
10-22 21:21:02.150  1522  1722 W BroadcastQueue: Skipping delivery: permission review required for Intent { act=android.intent.action.PACKAGE_ADDED dat=package: flg=0x4000010 (has extras) } from null (pid=1522, uid=1000) to com.cncd.japan.janli.shudu/com.feiwofour.coverscreen.SR
10-22 21:21:02.150  1522  1722 W BroadcastQueue: u0 Receiving a broadcast in packagecom.games.mengmeizhitd requires a permissions review
10-22 21:21:02.150  1522  1722 W BroadcastQueue: Skipping delivery: permission review required for Intent { act=android.intent.action.PACKAGE_ADDED dat=package: flg=0x4000010 (has extras) } from null (pid=1522, uid=1000) to com.games.mengmeizhitd/hjnw.ihjnw.i.isqly
10-22 21:21:02.150  1522  1722 W BroadcastQueue: u0 Receiving a broadcast in packagecom.hgperfko.yaeghrwx requires a permissions review
10-22 21:21:02.150  1522  1722 W BroadcastQueue: Skipping delivery: permission review required for Intent { act=android.intent.action.PACKAGE_ADDED dat=package: flg=0x4000010 (has extras) } from null (pid=1522, uid=1000) to com.hgperfko.yaeghrwx/.core.hLytdCQDBv
10-22 21:21:02.150  1522  1722 W BroadcastQueue: u0 Receiving a broadcast in packagecom.qiuqiu.dfmc requires a permissions review
10-22 21:21:02.150  1522  1722 W BroadcastQueue: Skipping delivery: permission review required for Intent { act=android.intent.action.PACKAGE_ADDED dat=package: flg=0x4000010 (has extras) } from null (pid=1522, uid=1000) to com.qiuqiu.dfmc/cn.jpush.android.service.PushReceiver
10-22 21:21:02.150  1522  1722 W BroadcastQueue: u0 Receiving a broadcast in packagecom.safesys.viruskiller requires a permissions review
10-22 21:21:02.150  1522  1722 W BroadcastQueue: Skipping delivery: permission review required for Intent { act=android.intent.action.PACKAGE_ADDED dat=package: flg=0x4000010 (has extras) } from null (pid=1522, uid=1000) to com.safesys.viruskiller/.ScanPackageBroadcast
10-22 21:21:02.150  1522  1722 W BroadcastQueue: u0 Receiving a broadcast in packagecom.uc108.mobile.sdgj.bd1 requires a permissions review
10-22 21:21:02.150  1522  1722 W BroadcastQueue: Skipping delivery: permission review required for Intent { act=android.intent.action.PACKAGE_ADDED dat=package: flg=0x4000010 (has extras) } from null (pid=1522, uid=1000) to com.uc108.mobile.sdgj.bd1/com.baidu.tiebasdk.service.InstallReceiver
10-22 21:21:02.150  1522  1722 W BroadcastQueue: u0 Receiving a broadcast in packageio.dcloud.H5BC6BF13 requires a permissions review
10-22 21:21:02.150  1522  1722 W BroadcastQueue: Skipping delivery: permission review required for Intent { act=android.intent.action.PACKAGE_ADDED dat=package: flg=0x4000010 (has extras) } from null (pid=1522, uid=1000) to io.dcloud.H5BC6BF13/io.dcloud.common.adapter.io.DownloadReceiver
10-22 21:21:02.176  1522  1848 E VerityUtils: Failed to measure fs-verity, errno 1: /data/app/~~H8a0mp1md8XkxPf_-wj9TA==/com.android.msc-j3sYeCJR0Whl8FESGgnr-g==/base.apk
10-22 21:21:02.208  1522  1522 I Telecom : DefaultDialerCache: Refreshing default dialer for user 0: now com.google.android.dialer: DDC.oR@Bxw
10-22 21:21:02.209  1522  4186 W BackupTransportManager: Package com.android.msc enabled setting: 0
10-22 21:21:02.242  1522  1718 W WindowMagnificationMgr: requestConnection duplicated request: connect=false, mConnectionState=DISCONNECTED
10-22 21:21:02.301  1522  1718 W PackageManager: Failed registering loading progress callback. Package is fully loaded.
10-22 21:21:02.314  1522  1718 W WindowMagnificationMgr: requestConnection duplicated request: connect=false, mConnectionState=DISCONNECTED
10-22 21:21:02.673  1522  1852 E PackageManager: ERROR: could not load root hash from incremental install
10-22 21:21:02.677  1522  2048 W PackageParsing: Ignoring duplicate uses-permissions/uses-permissions-sdk-m: android.permission.INTERNET in package: com.jr.narutoii at: Binary XML file line #10
10-22 21:21:02.677  1522  2048 W PackageParsing: Ignoring duplicate uses-permissions/uses-permissions-sdk-m: android.permission.ACCESS_NETWORK_STATE in package: com.jr.narutoii at: Binary XML file line #11
10-22 21:21:02.677  1522  2048 W PackageParsing: Ignoring duplicate uses-permissions/uses-permissions-sdk-m: android.permission.MOUNT_UNMOUNT_FILESYSTEMS in package: com.jr.narutoii at: Binary XML file line #13
10-22 21:21:02.677  1522  2048 W PackageParsing: Ignoring duplicate uses-permissions/uses-permissions-sdk-m: android.permission.WRITE_EXTERNAL_STORAGE in package: com.jr.narutoii at: Binary XML file line #14
10-22 21:21:02.677  1522  2048 W PackageParsing: Ignoring duplicate uses-permissions/uses-permissions-sdk-m: android.permission.INTERNET in package: com.jr.narutoii at: Binary XML file line #20
10-22 21:21:02.677  1522  2048 W PackageParsing: Ignoring duplicate uses-permissions/uses-permissions-sdk-m: android.permission.ACCESS_NETWORK_STATE in package: com.jr.narutoii at: Binary XML file line #21
10-22 21:21:02.677  1522  2048 W PackageParsing: Ignoring duplicate uses-permissions/uses-permissions-sdk-m: android.permission.READ_PHONE_STATE in package: com.jr.narutoii at: Binary XML file line #22
10-22 21:21:02.677  1522  2048 W PackageParsing: Ignoring duplicate uses-permissions/uses-permissions-sdk-m: android.permission.READ_PHONE_STATE in package: com.jr.narutoii at: Binary XML file line #35
10-22 21:21:02.677  1522  2048 W PackageParsing: Ignoring duplicate uses-permissions/uses-permissions-sdk-m: android.permission.ACCESS_NETWORK_STATE in package: com.jr.narutoii at: Binary XML file line #36
10-22 21:21:02.678  1522  2048 W PackageParsing: Ignoring duplicate uses-permissions/uses-permissions-sdk-m: android.permission.ACCESS_WIFI_STATE in package: com.jr.narutoii at: Binary XML file line #37
10-22 21:21:02.678  1522  2048 W PackageParsing: Ignoring duplicate uses-permissions/uses-permissions-sdk-m: android.permission.INTERNET in package: com.jr.narutoii at: Binary XML file line #38
10-22 21:21:02.678  1522  2048 W PackageParsing: Ignoring duplicate uses-permissions/uses-permissions-sdk-m: android.permission.WRITE_EXTERNAL_STORAGE in package: com.jr.narutoii at: Binary XML file line #39
10-22 21:21:02.678  1522  2048 W PackageParsing: Ignoring duplicate uses-permissions/uses-permissions-sdk-m: android.permission.READ_SMS in package: com.jr.narutoii at: Binary XML file line #48
10-22 21:21:02.678  1522  2048 W PackageParsing: Ignoring duplicate uses-permissions/uses-permissions-sdk-m: android.permission.SEND_SMS in package: com.jr.narutoii at: Binary XML file line #49
10-22 21:21:02.678  1522  2048 W PackageParsing: Ignoring duplicate uses-permissions/uses-permissions-sdk-m: android.permission.WRITE_SMS in package: com.jr.narutoii at: Binary XML file line #50
10-22 21:21:02.678  1522  2048 W PackageParsing: Ignoring duplicate uses-permissions/uses-permissions-sdk-m: android.permission.VIBRATE in package: com.jr.narutoii at: Binary XML file line #51
10-22 21:21:02.678  1522  2048 W PackageParsing: Ignoring duplicate uses-permissions/uses-permissions-sdk-m: android.permission.RECEIVE_BOOT_COMPLETED in package: com.jr.narutoii at: Binary XML file line #55
10-22 21:21:02.679  1522  2048 W PackageParsing: Ignoring duplicate uses-permissions/uses-permissions-sdk-m: android.permission.INTERNET in package: com.jr.narutoii at: Binary XML file line #142
10-22 21:21:02.699  1522  1852 I PackageManager: Integrity check passed for file:///data/app/vmdl1608569788.tmp
10-22 21:21:02.705  1522  1852 W PackageParsing: Ignoring duplicate uses-permissions/uses-permissions-sdk-m: android.permission.INTERNET in package: com.jr.narutoii at: Binary XML file line #10
10-22 21:21:02.705  1522  1852 W PackageParsing: Ignoring duplicate uses-permissions/uses-permissions-sdk-m: android.permission.ACCESS_NETWORK_STATE in package: com.jr.narutoii at: Binary XML file line #11
10-22 21:21:02.705  1522  1852 W PackageParsing: Ignoring duplicate uses-permissions/uses-permissions-sdk-m: android.permission.MOUNT_UNMOUNT_FILESYSTEMS in package: com.jr.narutoii at: Binary XML file line #13
10-22 21:21:02.705  1522  1852 W PackageParsing: Ignoring duplicate uses-permissions/uses-permissions-sdk-m: android.permission.WRITE_EXTERNAL_STORAGE in package: com.jr.narutoii at: Binary XML file line #14
10-22 21:21:02.705  1522  1852 W PackageParsing: Ignoring duplicate uses-permissions/uses-permissions-sdk-m: android.permission.INTERNET in package: com.jr.narutoii at: Binary XML file line #20
10-22 21:21:02.705  1522  1852 W PackageParsing: Ignoring duplicate uses-permissions/uses-permissions-sdk-m: android.permission.ACCESS_NETWORK_STATE in package: com.jr.narutoii at: Binary XML file line #21
10-22 21:21:02.705  1522  1852 W PackageParsing: Ignoring duplicate uses-permissions/uses-permissions-sdk-m: android.permission.READ_PHONE_STATE in package: com.jr.narutoii at: Binary XML file line #22
10-22 21:21:02.706  1522  1852 W PackageParsing: Ignoring duplicate uses-permissions/uses-permissions-sdk-m: android.permission.READ_PHONE_STATE in package: com.jr.narutoii at: Binary XML file line #35
10-22 21:21:02.706  1522  1852 W PackageParsing: Ignoring duplicate uses-permissions/uses-permissions-sdk-m: android.permission.ACCESS_NETWORK_STATE in package: com.jr.narutoii at: Binary XML file line #36
10-22 21:21:02.706  1522  1852 W PackageParsing: Ignoring duplicate uses-permissions/uses-permissions-sdk-m: android.permission.ACCESS_WIFI_STATE in package: com.jr.narutoii at: Binary XML file line #37
10-22 21:21:02.706  1522  1852 W PackageParsing: Ignoring duplicate uses-permissions/uses-permissions-sdk-m: android.permission.INTERNET in package: com.jr.narutoii at: Binary XML file line #38
10-22 21:21:02.706  1522  1852 W PackageParsing: Ignoring duplicate uses-permissions/uses-permissions-sdk-m: android.permission.WRITE_EXTERNAL_STORAGE in package: com.jr.narutoii at: Binary XML file line #39
10-22 21:21:02.706  1522  1852 W PackageParsing: Ignoring duplicate uses-permissions/uses-permissions-sdk-m: android.permission.READ_SMS in package: com.jr.narutoii at: Binary XML file line #48
10-22 21:21:02.706  1522  1852 W PackageParsing: Ignoring duplicate uses-permissions/uses-permissions-sdk-m: android.permission.SEND_SMS in package: com.jr.narutoii at: Binary XML file line #49
10-22 21:21:02.706  1522  1852 W PackageParsing: Ignoring duplicate uses-permissions/uses-permissions-sdk-m: android.permission.WRITE_SMS in package: com.jr.narutoii at: Binary XML file line #50
10-22 21:21:02.706  1522  1852 W PackageParsing: Ignoring duplicate uses-permissions/uses-permissions-sdk-m: android.permission.VIBRATE in package: com.jr.narutoii at: Binary XML file line #51
10-22 21:21:02.706  1522  1852 W PackageParsing: Ignoring duplicate uses-permissions/uses-permissions-sdk-m: android.permission.RECEIVE_BOOT_COMPLETED in package: com.jr.narutoii at: Binary XML file line #55
10-22 21:21:02.708  1522  1852 W PackageParsing: Ignoring duplicate uses-permissions/uses-permissions-sdk-m: android.permission.INTERNET in package: com.jr.narutoii at: Binary XML file line #142
10-22 21:21:02.771  1522  1702 V StorageManagerService: Package null has legacy storage
10-22 21:21:02.802  1522  5528 I ActivityManager: Background started FGS: Allowed [callingPackage: com.google.android.apps.wellbeing; callingUid: 10121; uidState: BFGS; intent: Intent { cmp=com.google.android.apps.wellbeing/com.google.apps.tiktok.concurrent.InternalForegroundService (has extras) }; code:BACKGROUND_ACTIVITY_PERMISSION; tempAllowListReason:<null>; targetSdkVersion:34; callerTargetSdkVersion:34; startForegroundCount:0; bindFromPackage:null]
10-22 21:21:02.803  1522  1722 I DropBoxManagerService: add tag=system_server_wtf isTagEnabled=true flags=0x2
10-22 21:21:02.903  1522  1852 V BackupManagerService: [UserID:0] restoreAtInstall pkg=com.jr.narutoii token=4c restoreSet=0
10-22 21:21:02.903  1522  1852 V BackupManagerService: [UserID:0] Finishing install immediately
10-22 21:21:02.910  1522  1852 D PackageInstallerSession: Marking session 1608569788 as applied
10-22 21:21:02.915  1522  1852 D CompatibilityChangeReporter: Compat change id reported: 168419799; UID 10241; state: DISABLED
10-22 21:21:02.915  1522  1852 D CompatibilityChangeReporter: Compat change id reported: 273564678; UID 10241; state: DISABLED
10-22 21:21:02.919  1522  2925 D CompatibilityChangeReporter: Compat change id reported: 218533173; UID 10241; state: DISABLED
10-22 21:21:02.925  1522  5538 W BroadcastQueue: u0 Receiving a broadcast in packagecom.android.buyer requires a permissions review
10-22 21:21:02.925  1522  5538 W BroadcastQueue: Skipping delivery: permission review required for Intent { act=android.intent.action.PACKAGE_ADDED dat=package: flg=0x4000010 (has extras) } from null (pid=1522, uid=1000) to com.android.buyer/.mRve
10-22 21:21:02.926  1522  1522 I Telecom : DefaultDialerCache: Refreshing default dialer for user 0: now com.google.android.dialer: DDC.oR@Bx0
10-22 21:21:02.926  1522  1722 W BroadcastQueue: Background execution not allowed: receiving Intent { act=android.intent.action.PACKAGE_ADDED dat=package: flg=0x4000010 (has extras) } to com.google.android.packageinstaller/com.android.packageinstaller.PackageInstalledReceiver
10-22 21:21:02.926  1522  1722 W BroadcastQueue: Background execution not allowed: receiving Intent { act=android.intent.action.PACKAGE_ADDED dat=package: flg=0x4000010 (has extras) } to com.android.vending/com.google.android.finsky.packagemonitor.impl.PackageMonitorReceiverImpl$RegisteredReceiver
10-22 21:21:02.926  1522  1722 W BroadcastQueue: Background execution not allowed: receiving Intent { act=android.intent.action.PACKAGE_ADDED dat=package: flg=0x4000010 (has extras) } to com.android.vending/com.google.android.finsky.packagemonitor.backgroundimpl.BackgroundPackageMonitorReceiverImpl$RegisteredReceiver
10-22 21:21:02.926  1522  1722 W BroadcastQueue: Background execution not allowed: receiving Intent { act=android.intent.action.PACKAGE_ADDED dat=package: flg=0x4000010 (has extras) } to com.google.android.gms/.games.chimera.GamesSystemBroadcastReceiverProxy
10-22 21:21:02.926  1522  1722 W BroadcastQueue: Background execution not allowed: receiving Intent { act=android.intent.action.PACKAGE_ADDED dat=package: flg=0x4000010 (has extras) } to com.google.android.gms/.gass.chimera.PackageChangeBroadcastReceiver
10-22 21:21:02.926  1522  1722 W BroadcastQueue: Background execution not allowed: receiving Intent { act=android.intent.action.PACKAGE_ADDED dat=package: flg=0x4000010 (has extras) } to com.google.android.gms/.chimera.GmsIntentOperationService$PersistentTrustedReceiver
10-22 21:21:02.926  1522  1722 W BroadcastQueue: u0 Receiving a broadcast in packagecom.cncd.japan.janli.shudu requires a permissions review
10-22 21:21:02.926  1522  1722 W BroadcastQueue: Skipping delivery: permission review required for Intent { act=android.intent.action.PACKAGE_ADDED dat=package: flg=0x4000010 (has extras) } from null (pid=1522, uid=1000) to com.cncd.japan.janli.shudu/net.l.k.r
10-22 21:21:02.926  1522  1722 W BroadcastQueue: u0 Receiving a broadcast in packagecom.cncd.japan.janli.shudu requires a permissions review
10-22 21:21:02.926  1522  1722 W BroadcastQueue: Skipping delivery: permission review required for Intent { act=android.intent.action.PACKAGE_ADDED dat=package: flg=0x4000010 (has extras) } from null (pid=1522, uid=1000) to com.cncd.japan.janli.shudu/com.feiwofour.coverscreen.SR
10-22 21:21:02.926  1522  1722 W BroadcastQueue: u0 Receiving a broadcast in packagecom.games.mengmeizhitd requires a permissions review
10-22 21:21:02.926  1522  1722 W BroadcastQueue: Skipping delivery: permission review required for Intent { act=android.intent.action.PACKAGE_ADDED dat=package: flg=0x4000010 (has extras) } from null (pid=1522, uid=1000) to com.games.mengmeizhitd/hjnw.ihjnw.i.isqly
10-22 21:21:02.926  1522  1722 W BroadcastQueue: u0 Receiving a broadcast in packagecom.hgperfko.yaeghrwx requires a permissions review
10-22 21:21:02.926  1522  1722 W BroadcastQueue: Skipping delivery: permission review required for Intent { act=android.intent.action.PACKAGE_ADDED dat=package: flg=0x4000010 (has extras) } from null (pid=1522, uid=1000) to com.hgperfko.yaeghrwx/.core.hLytdCQDBv
10-22 21:21:02.926  1522  1722 W BroadcastQueue: u0 Receiving a broadcast in packagecom.qiuqiu.dfmc requires a permissions review
10-22 21:21:02.926  1522  1722 W BroadcastQueue: Skipping delivery: permission review required for Intent { act=android.intent.action.PACKAGE_ADDED dat=package: flg=0x4000010 (has extras) } from null (pid=1522, uid=1000) to com.qiuqiu.dfmc/cn.jpush.android.service.PushReceiver
10-22 21:21:02.926  1522  1722 W BroadcastQueue: u0 Receiving a broadcast in packagecom.safesys.viruskiller requires a permissions review
10-22 21:21:02.927  1522  1722 W BroadcastQueue: Skipping delivery: permission review required for Intent { act=android.intent.action.PACKAGE_ADDED dat=package: flg=0x4000010 (has extras) } from null (pid=1522, uid=1000) to com.safesys.viruskiller/.ScanPackageBroadcast
10-22 21:21:02.927  1522  1722 W BroadcastQueue: u0 Receiving a broadcast in packagecom.uc108.mobile.sdgj.bd1 requires a permissions review
10-22 21:21:02.927  1522  1722 W BroadcastQueue: Skipping delivery: permission review required for Intent { act=android.intent.action.PACKAGE_ADDED dat=package: flg=0x4000010 (has extras) } from null (pid=1522, uid=1000) to com.uc108.mobile.sdgj.bd1/com.baidu.tiebasdk.service.InstallReceiver
10-22 21:21:02.927  1522  1722 W BroadcastQueue: u0 Receiving a broadcast in packageio.dcloud.H5BC6BF13 requires a permissions review
10-22 21:21:02.927  1522  1722 W BroadcastQueue: Skipping delivery: permission review required for Intent { act=android.intent.action.PACKAGE_ADDED dat=package: flg=0x4000010 (has extras) } from null (pid=1522, uid=1000) to io.dcloud.H5BC6BF13/io.dcloud.common.adapter.io.DownloadReceiver
10-22 21:21:02.934  1522  1522 V BackupManagerConstants: getFullBackupIntervalMilliseconds(...) returns 86400000
10-22 21:21:02.934  1522  1522 V BackupManagerConstants: getFullBackupRequiredNetworkType(...) returns 2
10-22 21:21:02.934  1522  1522 V BackupManagerConstants: getFullBackupRequireCharging(...) returns true
10-22 21:21:02.944  1522  1718 W WindowMagnificationMgr: requestConnection duplicated request: connect=false, mConnectionState=DISCONNECTED
10-22 21:21:02.954  1522  1848 E VerityUtils: Failed to measure fs-verity, errno 1: /data/app/~~_wXnEvlRRydgD1tyTon-NQ==/com.jr.narutoii-NusDi8613k_U-ABWhw-tww==/base.apk
10-22 21:21:02.971  1522  4225 D CompatibilityChangeReporter: Compat change id reported: 161252188; UID 10241; state: DISABLED
10-22 21:21:02.974  1522  1718 W PackageManager: Failed registering loading progress callback. Package is fully loaded.
10-22 21:21:02.993  1522  1852 E PackageManager: ERROR: could not load root hash from incremental install
10-22 21:21:02.995  1522  2048 W PackageParsing: Ignoring duplicate uses-permissions/uses-permissions-sdk-m: android.permission.DISABLE_KEYGUARD in package: xoin.sctqi.crejg at: Binary XML file line #24
10-22 21:21:03.012  1522  1522 I NotificationService: Cannot find enqueued record for key: 0|com.google.android.apps.wellbeing|174344743|null|10121
10-22 21:21:03.024  1522  1522 I Telecom : DefaultDialerCache: Refreshing default dialer for user 0: now com.google.android.dialer: DDC.oR@ByI
10-22 21:21:03.025  1522  4186 W BackupTransportManager: Package com.jr.narutoii enabled setting: 0
10-22 21:21:03.032  1522  1852 I PackageManager: Integrity check passed for file:///data/app/vmdl14652194.tmp
10-22 21:21:03.052  1522  1718 W WindowMagnificationMgr: requestConnection duplicated request: connect=false, mConnectionState=DISCONNECTED
10-22 21:21:03.063  1522  1852 W PackageParsing: Ignoring duplicate uses-permissions/uses-permissions-sdk-m: android.permission.DISABLE_KEYGUARD in package: xoin.sctqi.crejg at: Binary XML file line #24
10-22 21:21:03.158  1522  1702 V StorageManagerService: Package null has legacy storage
10-22 21:21:03.276  1522  1852 V BackupManagerService: [UserID:0] restoreAtInstall pkg=xoin.sctqi.crejg token=4d restoreSet=0
10-22 21:21:03.277  1522  1852 V BackupManagerService: [UserID:0] Finishing install immediately
10-22 21:21:03.279  1522  1852 D PackageInstallerSession: Marking session 14652194 as applied
10-22 21:21:03.283  1522  1852 D CompatibilityChangeReporter: Compat change id reported: 168419799; UID 10242; state: DISABLED
10-22 21:21:03.283  1522  1852 D CompatibilityChangeReporter: Compat change id reported: 273564678; UID 10242; state: DISABLED
10-22 21:21:03.296  1522  2925 D CompatibilityChangeReporter: Compat change id reported: 218533173; UID 10242; state: DISABLED
10-22 21:21:03.296  1522  1718 W WindowMagnificationMgr: requestConnection duplicated request: connect=false, mConnectionState=DISCONNECTED
10-22 21:21:03.300  1522  1522 I Telecom : DefaultDialerCache: Refreshing default dialer for user 0: now com.google.android.dialer: DDC.oR@ByM
10-22 21:21:03.307  1522  5525 W BroadcastQueue: u0 Receiving a broadcast in packagecom.jr.narutoii requires a permissions review
10-22 21:21:03.307  1522  5525 W BroadcastQueue: Skipping delivery: permission review required for Intent { act=android.intent.action.PACKAGE_ADDED dat=package: flg=0x4000010 (has extras) } from null (pid=1522, uid=1000) to com.jr.narutoii/com.joyriver.engine.proxy.EngineReceiver
10-22 21:21:03.310  1522  1722 W BroadcastQueue: u0 Receiving a broadcast in packagecom.android.buyer requires a permissions review
10-22 21:21:03.310  1522  1722 W BroadcastQueue: Skipping delivery: permission review required for Intent { act=android.intent.action.PACKAGE_ADDED dat=package: flg=0x4000010 (has extras) } from null (pid=1522, uid=1000) to com.android.buyer/.mRve
10-22 21:21:03.318  3154  3199 D ShellBackPreview: initAnimation mMotionStarted=false
10-22 21:21:03.319  1522  3215 D CoreBackPreview: Focused window found using getFocusedWindowToken
10-22 21:21:03.319  1522  3215 D CoreBackPreview: startBackNavigation currentTask=Task{e092e19 #26 type=standard A=10196:com.psafe.msuite}, topRunningActivity=ActivityRecord{be66bf6 u0 com.psafe.msuite/com.psafe.antivirus.installmonitor.ui.InstallMonitorActivity} t26}, callbackInfo=OnBackInvokedCallbackInfo{mCallback=android.window.IOnBackInvokedCallback$Stub$Proxy@d78b830, mPriority=0}, currentFocus=Window{6d525c9 u0 com.psafe.msuite/com.psafe.antivirus.installmonitor.ui.InstallMonitorActivity}
10-22 21:21:03.320  1522  1722 W BroadcastQueue: Background execution not allowed: receiving Intent { act=android.intent.action.PACKAGE_ADDED dat=package: flg=0x4000010 (has extras) } to com.google.android.packageinstaller/com.android.packageinstaller.PackageInstalledReceiver
10-22 21:21:03.321  1522  1722 W BroadcastQueue: Background execution not allowed: receiving Intent { act=android.intent.action.PACKAGE_ADDED dat=package: flg=0x4000010 (has extras) } to com.android.vending/com.google.android.finsky.packagemonitor.impl.PackageMonitorReceiverImpl$RegisteredReceiver
10-22 21:21:03.321  1522  1722 W BroadcastQueue: Background execution not allowed: receiving Intent { act=android.intent.action.PACKAGE_ADDED dat=package: flg=0x4000010 (has extras) } to com.android.vending/com.google.android.finsky.packagemonitor.backgroundimpl.BackgroundPackageMonitorReceiverImpl$RegisteredReceiver
10-22 21:21:03.321  1522  1722 W BroadcastQueue: Background execution not allowed: receiving Intent { act=android.intent.action.PACKAGE_ADDED dat=package: flg=0x4000010 (has extras) } to com.google.android.gms/.games.chimera.GamesSystemBroadcastReceiverProxy
10-22 21:21:03.321  1522  1722 W BroadcastQueue: Background execution not allowed: receiving Intent { act=android.intent.action.PACKAGE_ADDED dat=package: flg=0x4000010 (has extras) } to com.google.android.gms/.gass.chimera.PackageChangeBroadcastReceiver
10-22 21:21:03.321  1522  1722 W BroadcastQueue: Background execution not allowed: receiving Intent { act=android.intent.action.PACKAGE_ADDED dat=package: flg=0x4000010 (has extras) } to com.google.android.gms/.chimera.GmsIntentOperationService$PersistentTrustedReceiver
10-22 21:21:03.321  1522  1722 W BroadcastQueue: u0 Receiving a broadcast in packagecom.cncd.japan.janli.shudu requires a permissions review
10-22 21:21:03.321  1522  1722 W BroadcastQueue: Skipping delivery: permission review required for Intent { act=android.intent.action.PACKAGE_ADDED dat=package: flg=0x4000010 (has extras) } from null (pid=1522, uid=1000) to com.cncd.japan.janli.shudu/net.l.k.r
10-22 21:21:03.321  1522  1722 W BroadcastQueue: u0 Receiving a broadcast in packagecom.cncd.japan.janli.shudu requires a permissions review
10-22 21:21:03.321  1522  1722 W BroadcastQueue: Skipping delivery: permission review required for Intent { act=android.intent.action.PACKAGE_ADDED dat=package: flg=0x4000010 (has extras) } from null (pid=1522, uid=1000) to com.cncd.japan.janli.shudu/com.feiwofour.coverscreen.SR
10-22 21:21:03.321  1522  1722 W BroadcastQueue: u0 Receiving a broadcast in packagecom.games.mengmeizhitd requires a permissions review
10-22 21:21:03.321  1522  1722 W BroadcastQueue: Skipping delivery: permission review required for Intent { act=android.intent.action.PACKAGE_ADDED dat=package: flg=0x4000010 (has extras) } from null (pid=1522, uid=1000) to com.games.mengmeizhitd/hjnw.ihjnw.i.isqly
10-22 21:21:03.321  1522  1722 W BroadcastQueue: u0 Receiving a broadcast in packagecom.hgperfko.yaeghrwx requires a permissions review
10-22 21:21:03.322  1522  1722 W BroadcastQueue: Skipping delivery: permission review required for Intent { act=android.intent.action.PACKAGE_ADDED dat=package: flg=0x4000010 (has extras) } from null (pid=1522, uid=1000) to com.hgperfko.yaeghrwx/.core.hLytdCQDBv
10-22 21:21:03.322  1522  1722 W BroadcastQueue: u0 Receiving a broadcast in packagecom.qiuqiu.dfmc requires a permissions review
10-22 21:21:03.322  1522  1722 W BroadcastQueue: Skipping delivery: permission review required for Intent { act=android.intent.action.PACKAGE_ADDED dat=package: flg=0x4000010 (has extras) } from null (pid=1522, uid=1000) to com.qiuqiu.dfmc/cn.jpush.android.service.PushReceiver
10-22 21:21:03.322  3154  3199 D ShellBackPreview: Received backNavigationInfo:BackNavigationInfo{mType=TYPE_CALLBACK (4), mDepartingAnimationTarget=null, mScreenshotSurface=null, mTaskWindowConfiguration= null, mScreenshotBuffer=null, mOnBackNavigationDone=android.os.RemoteCallback@e47af9d, mOnBackInvokedCallback=android.window.IOnBackInvokedCallback$Stub$Proxy@c75cc12}
10-22 21:21:03.324  1522  1722 W BroadcastQueue: u0 Receiving a broadcast in packagecom.safesys.viruskiller requires a permissions review
10-22 21:21:03.324  1522  1722 W BroadcastQueue: Skipping delivery: permission review required for Intent { act=android.intent.action.PACKAGE_ADDED dat=package: flg=0x4000010 (has extras) } from null (pid=1522, uid=1000) to com.safesys.viruskiller/.ScanPackageBroadcast
10-22 21:21:03.335  1522  1522 I Telecom : DefaultDialerCache: Refreshing default dialer for user 0: now com.google.android.dialer: DDC.oR@ByQ
10-22 21:21:03.336  1522  1722 W BroadcastQueue: u0 Receiving a broadcast in packagecom.uc108.mobile.sdgj.bd1 requires a permissions review
10-22 21:21:03.337  1522  1722 W BroadcastQueue: Skipping delivery: permission review required for Intent { act=android.intent.action.PACKAGE_ADDED dat=package: flg=0x4000010 (has extras) } from null (pid=1522, uid=1000) to com.uc108.mobile.sdgj.bd1/com.baidu.tiebasdk.service.InstallReceiver
10-22 21:21:03.337  1522  1722 W BroadcastQueue: u0 Receiving a broadcast in packageio.dcloud.H5BC6BF13 requires a permissions review
10-22 21:21:03.337  1522  1722 W BroadcastQueue: Skipping delivery: permission review required for Intent { act=android.intent.action.PACKAGE_ADDED dat=package: flg=0x4000010 (has extras) } from null (pid=1522, uid=1000) to io.dcloud.H5BC6BF13/io.dcloud.common.adapter.io.DownloadReceiver
10-22 21:21:03.345  1522  1718 W PackageManager: Failed registering loading progress callback. Package is fully loaded.
10-22 21:21:03.355  1522  1848 E VerityUtils: Failed to measure fs-verity, errno 1: /data/app/~~G4j6_7pmLGgfunZ68XJIBg==/xoin.sctqi.crejg-YMxvU_Ja6PAJHlF2vkvyRw==/base.apk
10-22 21:21:03.357  1522  1718 W WindowMagnificationMgr: requestConnection duplicated request: connect=false, mConnectionState=DISCONNECTED
10-22 21:21:03.371  1522  4225 D CompatibilityChangeReporter: Compat change id reported: 161252188; UID 10242; state: DISABLED
10-22 21:21:03.411  1522  4186 W BackupTransportManager: Package xoin.sctqi.crejg enabled setting: 0
10-22 21:21:03.466  3154  3199 D ShellBackPreview: Finishing gesture with event action: 1
10-22 21:21:03.466  3154  3199 D ShellBackPreview: onGestureFinished() mTriggerBack == false
10-22 21:21:03.466  3154  3199 D ShellBackPreview: BackAnimationController: finishAnimation()
10-22 21:21:03.466  1522  5543 D CoreBackPreview: onBackNavigationDone backType=4, task=null, prevActivity=null
10-22 21:21:03.493  1522  1852 E PackageManager: ERROR: could not load root hash from incremental install
10-22 21:21:03.505  1522  2048 W PackageParsing: Ignoring duplicate uses-permissions/uses-permissions-sdk-m: android.permission.DISABLE_KEYGUARD in package: tbps.xzlgs.vegxn at: Binary XML file line #23
10-22 21:21:03.521  1522  1852 I PackageManager: Integrity check passed for file:///data/app/vmdl1726854983.tmp
10-22 21:21:03.529  1522  1852 W PackageParsing: Ignoring duplicate uses-permissions/uses-permissions-sdk-m: android.permission.DISABLE_KEYGUARD in package: tbps.xzlgs.vegxn at: Binary XML file line #23
10-22 21:21:03.600  1522  1702 V StorageManagerService: Package null has legacy storage
10-22 21:21:03.708  1522  1852 V BackupManagerService: [UserID:0] restoreAtInstall pkg=tbps.xzlgs.vegxn token=4e restoreSet=0
10-22 21:21:03.708  1522  1852 V BackupManagerService: [UserID:0] Finishing install immediately
10-22 21:21:03.712  1522  1852 D PackageInstallerSession: Marking session 1726854983 as applied
10-22 21:21:03.719  1522  1852 D CompatibilityChangeReporter: Compat change id reported: 168419799; UID 10243; state: DISABLED
10-22 21:21:03.719  1522  1852 D CompatibilityChangeReporter: Compat change id reported: 273564678; UID 10243; state: DISABLED
10-22 21:21:03.724  1522  2925 D CompatibilityChangeReporter: Compat change id reported: 218533173; UID 10243; state: DISABLED
10-22 21:21:03.725  1522  1522 I Telecom : DefaultDialerCache: Refreshing default dialer for user 0: now com.google.android.dialer: DDC.oR@Byc
10-22 21:21:03.731  1522  5531 W BroadcastQueue: u0 Receiving a broadcast in packagecom.jr.narutoii requires a permissions review
10-22 21:21:03.731  1522  5531 W BroadcastQueue: Skipping delivery: permission review required for Intent { act=android.intent.action.PACKAGE_ADDED dat=package: flg=0x4000010 (has extras) } from null (pid=1522, uid=1000) to com.jr.narutoii/com.joyriver.engine.proxy.EngineReceiver
10-22 21:21:03.734  1522  1522 V BackupManagerConstants: getFullBackupIntervalMilliseconds(...) returns 86400000
10-22 21:21:03.735  1522  1522 V BackupManagerConstants: getFullBackupRequiredNetworkType(...) returns 2
10-22 21:21:03.735  1522  1522 V BackupManagerConstants: getFullBackupRequireCharging(...) returns true
10-22 21:21:03.741  1522  1722 W BroadcastQueue: u0 Receiving a broadcast in packagecom.android.buyer requires a permissions review
10-22 21:21:03.741  1522  1722 W BroadcastQueue: Skipping delivery: permission review required for Intent { act=android.intent.action.PACKAGE_ADDED dat=package: flg=0x4000010 (has extras) } from null (pid=1522, uid=1000) to com.android.buyer/.mRve
10-22 21:21:03.743  1522  1718 W WindowMagnificationMgr: requestConnection duplicated request: connect=false, mConnectionState=DISCONNECTED
10-22 21:21:03.744  1522  1722 W BroadcastQueue: Background execution not allowed: receiving Intent { act=android.intent.action.PACKAGE_ADDED dat=package: flg=0x4000010 (has extras) } to com.google.android.packageinstaller/com.android.packageinstaller.PackageInstalledReceiver
10-22 21:21:03.745  1522  1722 W BroadcastQueue: Background execution not allowed: receiving Intent { act=android.intent.action.PACKAGE_ADDED dat=package: flg=0x4000010 (has extras) } to com.android.vending/com.google.android.finsky.packagemonitor.impl.PackageMonitorReceiverImpl$RegisteredReceiver
10-22 21:21:03.746  1522  1722 W BroadcastQueue: Background execution not allowed: receiving Intent { act=android.intent.action.PACKAGE_ADDED dat=package: flg=0x4000010 (has extras) } to com.android.vending/com.google.android.finsky.packagemonitor.backgroundimpl.BackgroundPackageMonitorReceiverImpl$RegisteredReceiver
10-22 21:21:03.746  1522  1722 W BroadcastQueue: Background execution not allowed: receiving Intent { act=android.intent.action.PACKAGE_ADDED dat=package: flg=0x4000010 (has extras) } to com.google.android.gms/.games.chimera.GamesSystemBroadcastReceiverProxy
10-22 21:21:03.746  1522  1722 W BroadcastQueue: Background execution not allowed: receiving Intent { act=android.intent.action.PACKAGE_ADDED dat=package: flg=0x4000010 (has extras) } to com.google.android.gms/.gass.chimera.PackageChangeBroadcastReceiver
10-22 21:21:03.746  1522  1722 W BroadcastQueue: Background execution not allowed: receiving Intent { act=android.intent.action.PACKAGE_ADDED dat=package: flg=0x4000010 (has extras) } to com.google.android.gms/.chimera.GmsIntentOperationService$PersistentTrustedReceiver
10-22 21:21:03.746  1522  1722 W BroadcastQueue: u0 Receiving a broadcast in packagecom.cncd.japan.janli.shudu requires a permissions review
10-22 21:21:03.746  1522  1722 W BroadcastQueue: Skipping delivery: permission review required for Intent { act=android.intent.action.PACKAGE_ADDED dat=package: flg=0x4000010 (has extras) } from null (pid=1522, uid=1000) to com.cncd.japan.janli.shudu/net.l.k.r
10-22 21:21:03.746  1522  1722 W BroadcastQueue: u0 Receiving a broadcast in packagecom.cncd.japan.janli.shudu requires a permissions review
10-22 21:21:03.746  1522  1722 W BroadcastQueue: Skipping delivery: permission review required for Intent { act=android.intent.action.PACKAGE_ADDED dat=package: flg=0x4000010 (has extras) } from null (pid=1522, uid=1000) to com.cncd.japan.janli.shudu/com.feiwofour.coverscreen.SR
10-22 21:21:03.746  1522  1722 W BroadcastQueue: u0 Receiving a broadcast in packagecom.games.mengmeizhitd requires a permissions review
10-22 21:21:03.746  1522  1722 W BroadcastQueue: Skipping delivery: permission review required for Intent { act=android.intent.action.PACKAGE_ADDED dat=package: flg=0x4000010 (has extras) } from null (pid=1522, uid=1000) to com.games.mengmeizhitd/hjnw.ihjnw.i.isqly
10-22 21:21:03.746  1522  1722 W BroadcastQueue: u0 Receiving a broadcast in packagecom.hgperfko.yaeghrwx requires a permissions review
10-22 21:21:03.746  1522  1722 W BroadcastQueue: Skipping delivery: permission review required for Intent { act=android.intent.action.PACKAGE_ADDED dat=package: flg=0x4000010 (has extras) } from null (pid=1522, uid=1000) to com.hgperfko.yaeghrwx/.core.hLytdCQDBv
10-22 21:21:03.746  1522  1722 W BroadcastQueue: u0 Receiving a broadcast in packagecom.qiuqiu.dfmc requires a permissions review
10-22 21:21:03.746  1522  1722 W BroadcastQueue: Skipping delivery: permission review required for Intent { act=android.intent.action.PACKAGE_ADDED dat=package: flg=0x4000010 (has extras) } from null (pid=1522, uid=1000) to com.qiuqiu.dfmc/cn.jpush.android.service.PushReceiver
10-22 21:21:03.746  1522  1722 W BroadcastQueue: u0 Receiving a broadcast in packagecom.safesys.viruskiller requires a permissions review
10-22 21:21:03.746  1522  1722 W BroadcastQueue: Skipping delivery: permission review required for Intent { act=android.intent.action.PACKAGE_ADDED dat=package: flg=0x4000010 (has extras) } from null (pid=1522, uid=1000) to com.safesys.viruskiller/.ScanPackageBroadcast
10-22 21:21:03.746  1522  1722 W BroadcastQueue: u0 Receiving a broadcast in packagecom.uc108.mobile.sdgj.bd1 requires a permissions review
10-22 21:21:03.746  1522  1722 W BroadcastQueue: Skipping delivery: permission review required for Intent { act=android.intent.action.PACKAGE_ADDED dat=package: flg=0x4000010 (has extras) } from null (pid=1522, uid=1000) to com.uc108.mobile.sdgj.bd1/com.baidu.tiebasdk.service.InstallReceiver
10-22 21:21:03.746  1522  1722 W BroadcastQueue: u0 Receiving a broadcast in packageio.dcloud.H5BC6BF13 requires a permissions review
10-22 21:21:03.746  1522  1722 W BroadcastQueue: Skipping delivery: permission review required for Intent { act=android.intent.action.PACKAGE_ADDED dat=package: flg=0x4000010 (has extras) } from null (pid=1522, uid=1000) to io.dcloud.H5BC6BF13/io.dcloud.common.adapter.io.DownloadReceiver
10-22 21:21:03.769  1522  1718 W PackageManager: Failed registering loading progress callback. Package is fully loaded.
10-22 21:21:03.778  1522  1848 E VerityUtils: Failed to measure fs-verity, errno 1: /data/app/~~L-cO14KC0rsQJ2uuOmTkgg==/tbps.xzlgs.vegxn-J9XicaD4VVCvm_6f19SzXQ==/base.apk
10-22 21:21:03.779  1522  1718 W WindowMagnificationMgr: requestConnection duplicated request: connect=false, mConnectionState=DISCONNECTED
10-22 21:21:03.807  1522  1988 D CompatibilityChangeReporter: Compat change id reported: 161252188; UID 10243; state: DISABLED
10-22 21:21:03.818  1522  1522 I Telecom : DefaultDialerCache: Refreshing default dialer for user 0: now com.google.android.dialer: DDC.oR@Byg
10-22 21:21:03.819  1522  4186 W BackupTransportManager: Package tbps.xzlgs.vegxn enabled setting: 0
10-22 21:21:03.876  1522  1852 E PackageManager: ERROR: could not load root hash from incremental install
10-22 21:21:03.885  1522  2048 W PackageParsing: Ignoring duplicate uses-permissions/uses-permissions-sdk-m: android.permission.INTERNET in package: com.google.hxz at: Binary XML file line #38
10-22 21:21:03.885  1522  2048 W PackageParsing: Ignoring duplicate uses-permissions/uses-permissions-sdk-m: android.permission.READ_PHONE_STATE in package: com.google.hxz at: Binary XML file line #39
10-22 21:21:03.885  1522  2048 W PackageParsing: Ignoring duplicate uses-permissions/uses-permissions-sdk-m: android.permission.ACCESS_NETWORK_STATE in package: com.google.hxz at: Binary XML file line #40
10-22 21:21:03.885  1522  2048 W PackageParsing: Ignoring duplicate uses-permissions/uses-permissions-sdk-m: android.permission.CHANGE_WIFI_STATE in package: com.google.hxz at: Binary XML file line #43
10-22 21:21:03.885  1522  2048 W PackageParsing: Ignoring duplicate uses-permissions/uses-permissions-sdk-m: android.permission.WRITE_EXTERNAL_STORAGE in package: com.google.hxz at: Binary XML file line #44
10-22 21:21:03.885  1522  2048 W PackageParsing: Ignoring duplicate uses-permissions/uses-permissions-sdk-m: android.permission.READ_EXTERNAL_STORAGE in package: com.google.hxz at: Binary XML file line #45
10-22 21:21:03.885  1522  2048 W PackageParsing: Ignoring duplicate uses-permissions/uses-permissions-sdk-m: android.permission.READ_CONTACTS in package: com.google.hxz at: Binary XML file line #47
10-22 21:21:03.885  1522  2048 W PackageParsing: Ignoring duplicate uses-permissions/uses-permissions-sdk-m: android.permission.READ_SMS in package: com.google.hxz at: Binary XML file line #48
10-22 21:21:03.885  1522  2048 W PackageParsing: Ignoring duplicate uses-permissions/uses-permissions-sdk-m: android.permission.ACCESS_WIFI_STATE in package: com.google.hxz at: Binary XML file line #51
10-22 21:21:03.885  1522  2048 W PackageParsing: Ignoring duplicate uses-permissions/uses-permissions-sdk-m: android.permission.WRITE_SMS in package: com.google.hxz at: Binary XML file line #53
10-22 21:21:03.885  1522  2048 W PackageParsing: Ignoring duplicate uses-permissions/uses-permissions-sdk-m: android.permission.RECEIVE_MMS in package: com.google.hxz at: Binary XML file line #54
