10-25 00:05:34.986  1465  1700 W BroadcastQueue: Background execution not allowed: receiving Intent { act=android.intent.action.PACKAGE_ADDED dat=package: flg=0x4000010 (has extras) } to com.google.android.gms/.gass.chimera.PackageChangeBroadcastReceiver
10-25 00:05:34.986  1465  1700 W BroadcastQueue: Background execution not allowed: receiving Intent { act=android.intent.action.PACKAGE_ADDED dat=package: flg=0x4000010 (has extras) } to com.google.android.gms/.chimera.GmsIntentOperationService$PersistentTrustedReceiver
10-25 00:05:34.986  1465  1700 W BroadcastQueue: Background execution not allowed: receiving Intent { act=android.intent.action.PACKAGE_ADDED dat=package: flg=0x4000010 (has extras) } to com.google.android.googlequicksearchbox/com.google.android.apps.gsa.googlequicksearchbox.GelStubAppWatcher
10-25 00:05:34.987  1465  1700 W BroadcastQueue: u0 Receiving a broadcast in packagecom.cncd.japan.janli.shudu requires a permissions review
10-25 00:05:34.987  1465  1700 W BroadcastQueue: Skipping delivery: permission review required for Intent { act=android.intent.action.PACKAGE_ADDED dat=package: flg=0x4000010 (has extras) } from null (pid=1465, uid=1000) to com.cncd.japan.janli.shudu/net.l.k.r
10-25 00:05:34.987  1465  1700 W BroadcastQueue: u0 Receiving a broadcast in packagecom.cncd.japan.janli.shudu requires a permissions review
10-25 00:05:34.987  1465  1700 W BroadcastQueue: Skipping delivery: permission review required for Intent { act=android.intent.action.PACKAGE_ADDED dat=package: flg=0x4000010 (has extras) } from null (pid=1465, uid=1000) to com.cncd.japan.janli.shudu/com.feiwofour.coverscreen.SR
10-25 00:05:34.987  1465  1700 W BroadcastQueue: u0 Receiving a broadcast in packagecom.games.mengmeizhitd requires a permissions review
10-25 00:05:34.987  1465  1700 W BroadcastQueue: Skipping delivery: permission review required for Intent { act=android.intent.action.PACKAGE_ADDED dat=package: flg=0x4000010 (has extras) } from null (pid=1465, uid=1000) to com.games.mengmeizhitd/hjnw.ihjnw.i.isqly
10-25 00:05:34.987  1465  1700 W BroadcastQueue: u0 Receiving a broadcast in packagecom.hgperfko.yaeghrwx requires a permissions review
10-25 00:05:34.987  1465  1700 W BroadcastQueue: Skipping delivery: permission review required for Intent { act=android.intent.action.PACKAGE_ADDED dat=package: flg=0x4000010 (has extras) } from null (pid=1465, uid=1000) to com.hgperfko.yaeghrwx/.core.hLytdCQDBv
10-25 00:05:34.987  1465  1700 W BroadcastQueue: u0 Receiving a broadcast in packagecom.qiuqiu.dfmc requires a permissions review
10-25 00:05:34.987  1465  1700 W BroadcastQueue: Skipping delivery: permission review required for Intent { act=android.intent.action.PACKAGE_ADDED dat=package: flg=0x4000010 (has extras) } from null (pid=1465, uid=1000) to com.qiuqiu.dfmc/cn.jpush.android.service.PushReceiver
10-25 00:05:34.993  1465  1700 W BroadcastQueue: u0 Receiving a broadcast in packagecom.safesys.viruskiller requires a permissions review
10-25 00:05:34.993  1465  1700 W BroadcastQueue: Skipping delivery: permission review required for Intent { act=android.intent.action.PACKAGE_ADDED dat=package: flg=0x4000010 (has extras) } from null (pid=1465, uid=1000) to com.safesys.viruskiller/.ScanPackageBroadcast
10-25 00:05:34.993  1465  1700 W BroadcastQueue: u0 Receiving a broadcast in packagecom.uc108.mobile.sdgj.bd1 requires a permissions review
10-25 00:05:34.993  1465  1700 W BroadcastQueue: Skipping delivery: permission review required for Intent { act=android.intent.action.PACKAGE_ADDED dat=package: flg=0x4000010 (has extras) } from null (pid=1465, uid=1000) to com.uc108.mobile.sdgj.bd1/com.baidu.tiebasdk.service.InstallReceiver
10-25 00:05:34.993  1465  1700 W BroadcastQueue: u0 Receiving a broadcast in packagecom.voicebianshengjinglingwc.wxl requires a permissions review
10-25 00:05:34.993  1465  1700 W BroadcastQueue: Skipping delivery: permission review required for Intent { act=android.intent.action.PACKAGE_ADDED dat=package: flg=0x4000010 (has extras) } from null (pid=1465, uid=1000) to com.voicebianshengjinglingwc.wxl/mp.ruu.Ztjjwrj
10-25 00:05:34.993  1465  1700 W BroadcastQueue: u0 Receiving a broadcast in packageio.dcloud.H5BC6BF13 requires a permissions review
10-25 00:05:34.993  1465  1700 W BroadcastQueue: Skipping delivery: permission review required for Intent { act=android.intent.action.PACKAGE_ADDED dat=package: flg=0x4000010 (has extras) } from null (pid=1465, uid=1000) to io.dcloud.H5BC6BF13/io.dcloud.common.adapter.io.DownloadReceiver
10-25 00:05:35.000  1465  1465 I Telecom : DefaultDialerCache: Refreshing default dialer for user 0: now com.google.android.dialer: DDC.oR@BOI
10-25 00:05:35.011  1465  1699 W WindowMagnificationMgr: requestConnection duplicated request: connect=false, mConnectionState=DISCONNECTED
10-25 00:05:35.017  1465  4182 W BackupTransportManager: Package com.pqas.xrzm enabled setting: 0
10-25 00:05:35.043 10849 19867 W PackageParser: Ignoring duplicate uses-permissions/uses-permissions-sdk-m: android.permission.DISABLE_KEYGUARD in package: com.pqas.xrzm at: Binary XML file line #24
10-25 00:05:35.046  1465  1833 E VerityUtils: Failed to measure fs-verity, errno 1: /data/app/~~JhKwD2st7IiraoGjeB5C1w==/com.pqas.xrzm-U1qGuYb1Nf2fRwmnVU3o5w==/base.apk
10-25 00:05:35.046 10849 10849 W PackageParser: Ignoring duplicate uses-permissions/uses-permissions-sdk-m: android.permission.DISABLE_KEYGUARD in package: com.pqas.xrzm at: Binary XML file line #24
10-25 00:05:35.049  1465  4839 D CompatibilityChangeReporter: Compat change id reported: 161252188; UID 10249; state: DISABLED
10-25 00:05:35.088  1465  1699 W PackageManager: Failed registering loading progress callback. Package is fully loaded.
10-25 00:05:35.113  1465  1699 W WindowMagnificationMgr: requestConnection duplicated request: connect=false, mConnectionState=DISCONNECTED
10-25 00:05:35.513  1465  5481 W AppOps  : setUidMode() called with a mode inconsistent with runtime permission state, this is discouraged and you should revoke the runtime permission instead: uid=10125, switchCode=0, mode=4, permission=android.permission.ACCESS_BACKGROUND_LOCATION
10-25 00:05:35.566  1465  4983 W AppOps  : setUidMode() called with a mode inconsistent with runtime permission state, this is discouraged and you should revoke the runtime permission instead: uid=10125, switchCode=1, mode=4, permission=android.permission.ACCESS_BACKGROUND_LOCATION
10-25 00:05:35.567  1465  4983 W AppOps  : setUidMode() called with a mode inconsistent with runtime permission state, this is discouraged and you should revoke the runtime permission instead: uid=10125, switchCode=0, mode=4, permission=android.permission.ACCESS_BACKGROUND_LOCATION
10-25 00:05:35.572  1465  5467 I ActivityManager: Background started FGS: Allowed [callingPackage: com.google.android.apps.wellbeing; callingUid: 10121; uidState: BFGS; intent: Intent { cmp=com.google.android.apps.wellbeing/com.google.apps.tiktok.concurrent.InternalForegroundService (has extras) }; code:BACKGROUND_ACTIVITY_PERMISSION; tempAllowListReason:<null>; targetSdkVersion:33; callerTargetSdkVersion:33; startForegroundCount:0; bindFromPackage:null]
10-25 00:05:35.680  1465  1837 E PackageManager: ERROR: could not load root hash from incremental install
10-25 00:05:35.688  1465  1837 I PackageManager: Integrity check passed for file:///data/app/vmdl1407006612.tmp
10-25 00:05:35.777  1465  1465 I NotificationService: Cannot find enqueued record for key: 0|com.google.android.apps.wellbeing|174344743|null|10121
10-25 00:05:36.119  1465  1837 V BackupManagerService: [UserID:0] restoreAtInstall pkg=com.kbwork.dygaqy token=3c restoreSet=0
10-25 00:05:36.119  1465  1837 V BackupManagerService: [UserID:0] Finishing install immediately
10-25 00:05:36.121  1465  1837 D PackageInstallerSession: Marking session 1407006612 as applied
10-25 00:05:36.127  1465  1837 D CompatibilityChangeReporter: Compat change id reported: 168419799; UID 10250; state: DISABLED
10-25 00:05:36.127  1465  1837 D CompatibilityChangeReporter: Compat change id reported: 273564678; UID 10250; state: DISABLED
10-25 00:05:36.133  1465  2926 D CompatibilityChangeReporter: Compat change id reported: 218533173; UID 10250; state: DISABLED
10-25 00:05:36.136  1465  5474 W BroadcastQueue: u0 Receiving a broadcast in packagecom.jr.narutoii requires a permissions review
10-25 00:05:36.137  1465  5474 W BroadcastQueue: Skipping delivery: permission review required for Intent { act=android.intent.action.PACKAGE_ADDED dat=package: flg=0x4000010 (has extras) } from null (pid=1465, uid=1000) to com.jr.narutoii/com.joyriver.engine.proxy.EngineReceiver
10-25 00:05:36.140  1465  1700 W BroadcastQueue: u0 Receiving a broadcast in packagecom.android.buyer requires a permissions review
10-25 00:05:36.140  1465  1700 W BroadcastQueue: Skipping delivery: permission review required for Intent { act=android.intent.action.PACKAGE_ADDED dat=package: flg=0x4000010 (has extras) } from null (pid=1465, uid=1000) to com.android.buyer/.mRve
10-25 00:05:36.143  1465  1700 W BroadcastQueue: Background execution not allowed: receiving Intent { act=android.intent.action.PACKAGE_ADDED dat=package: flg=0x4000010 (has extras) } to com.google.android.packageinstaller/com.android.packageinstaller.PackageInstalledReceiver
10-25 00:05:36.143  1465  1700 W BroadcastQueue: Background execution not allowed: receiving Intent { act=android.intent.action.PACKAGE_ADDED dat=package: flg=0x4000010 (has extras) } to com.android.vending/com.google.android.finsky.packagemonitor.impl.PackageMonitorReceiverImpl$RegisteredReceiver
10-25 00:05:36.144  1465  1700 W BroadcastQueue: Background execution not allowed: receiving Intent { act=android.intent.action.PACKAGE_ADDED dat=package: flg=0x4000010 (has extras) } to com.android.vending/com.google.android.finsky.packagemonitor.backgroundimpl.BackgroundPackageMonitorReceiverImpl$RegisteredReceiver
10-25 00:05:36.144  1465  1700 W BroadcastQueue: Background execution not allowed: receiving Intent { act=android.intent.action.PACKAGE_ADDED dat=package: flg=0x4000010 (has extras) } to com.google.android.gms/.games.chimera.GamesSystemBroadcastReceiverProxy
10-25 00:05:36.144  1465  1700 W BroadcastQueue: Background execution not allowed: receiving Intent { act=android.intent.action.PACKAGE_ADDED dat=package: flg=0x4000010 (has extras) } to com.google.android.gms/.gass.chimera.PackageChangeBroadcastReceiver
10-25 00:05:36.144  1465  1700 W BroadcastQueue: Background execution not allowed: receiving Intent { act=android.intent.action.PACKAGE_ADDED dat=package: flg=0x4000010 (has extras) } to com.google.android.gms/.chimera.GmsIntentOperationService$PersistentTrustedReceiver
10-25 00:05:36.144  1465  1700 W BroadcastQueue: Background execution not allowed: receiving Intent { act=android.intent.action.PACKAGE_ADDED dat=package: flg=0x4000010 (has extras) } to com.google.android.googlequicksearchbox/com.google.android.apps.gsa.googlequicksearchbox.GelStubAppWatcher
10-25 00:05:36.144  1465  1700 W BroadcastQueue: u0 Receiving a broadcast in packagecom.cncd.japan.janli.shudu requires a permissions review
10-25 00:05:36.144  1465  1700 W BroadcastQueue: Skipping delivery: permission review required for Intent { act=android.intent.action.PACKAGE_ADDED dat=package: flg=0x4000010 (has extras) } from null (pid=1465, uid=1000) to com.cncd.japan.janli.shudu/net.l.k.r
10-25 00:05:36.144  1465  1700 W BroadcastQueue: u0 Receiving a broadcast in packagecom.cncd.japan.janli.shudu requires a permissions review
10-25 00:05:36.144  1465  1700 W BroadcastQueue: Skipping delivery: permission review required for Intent { act=android.intent.action.PACKAGE_ADDED dat=package: flg=0x4000010 (has extras) } from null (pid=1465, uid=1000) to com.cncd.japan.janli.shudu/com.feiwofour.coverscreen.SR
10-25 00:05:36.145  1465  1700 W BroadcastQueue: u0 Receiving a broadcast in packagecom.games.mengmeizhitd requires a permissions review
10-25 00:05:36.145  1465  1700 W BroadcastQueue: Skipping delivery: permission review required for Intent { act=android.intent.action.PACKAGE_ADDED dat=package: flg=0x4000010 (has extras) } from null (pid=1465, uid=1000) to com.games.mengmeizhitd/hjnw.ihjnw.i.isqly
10-25 00:05:36.145  1465  1700 W BroadcastQueue: u0 Receiving a broadcast in packagecom.hgperfko.yaeghrwx requires a permissions review
10-25 00:05:36.145  1465  1700 W BroadcastQueue: Skipping delivery: permission review required for Intent { act=android.intent.action.PACKAGE_ADDED dat=package: flg=0x4000010 (has extras) } from null (pid=1465, uid=1000) to com.hgperfko.yaeghrwx/.core.hLytdCQDBv
10-25 00:05:36.145  1465  1700 W BroadcastQueue: u0 Receiving a broadcast in packagecom.qiuqiu.dfmc requires a permissions review
10-25 00:05:36.145  1465  1700 W BroadcastQueue: Skipping delivery: permission review required for Intent { act=android.intent.action.PACKAGE_ADDED dat=package: flg=0x4000010 (has extras) } from null (pid=1465, uid=1000) to com.qiuqiu.dfmc/cn.jpush.android.service.PushReceiver
10-25 00:05:36.145  1465  1700 W BroadcastQueue: u0 Receiving a broadcast in packagecom.safesys.viruskiller requires a permissions review
10-25 00:05:36.145  1465  1700 W BroadcastQueue: Skipping delivery: permission review required for Intent { act=android.intent.action.PACKAGE_ADDED dat=package: flg=0x4000010 (has extras) } from null (pid=1465, uid=1000) to com.safesys.viruskiller/.ScanPackageBroadcast
10-25 00:05:36.145  1465  1700 W BroadcastQueue: u0 Receiving a broadcast in packagecom.uc108.mobile.sdgj.bd1 requires a permissions review
10-25 00:05:36.145  1465  1700 W BroadcastQueue: Skipping delivery: permission review required for Intent { act=android.intent.action.PACKAGE_ADDED dat=package: flg=0x4000010 (has extras) } from null (pid=1465, uid=1000) to com.uc108.mobile.sdgj.bd1/com.baidu.tiebasdk.service.InstallReceiver
10-25 00:05:36.147  1465  1700 W BroadcastQueue: u0 Receiving a broadcast in packagecom.voicebianshengjinglingwc.wxl requires a permissions review
10-25 00:05:36.147  1465  1700 W BroadcastQueue: Skipping delivery: permission review required for Intent { act=android.intent.action.PACKAGE_ADDED dat=package: flg=0x4000010 (has extras) } from null (pid=1465, uid=1000) to com.voicebianshengjinglingwc.wxl/mp.ruu.Ztjjwrj
10-25 00:05:36.147  1465  1700 W BroadcastQueue: u0 Receiving a broadcast in packageio.dcloud.H5BC6BF13 requires a permissions review
10-25 00:05:36.147  1465  1700 W BroadcastQueue: Skipping delivery: permission review required for Intent { act=android.intent.action.PACKAGE_ADDED dat=package: flg=0x4000010 (has extras) } from null (pid=1465, uid=1000) to io.dcloud.H5BC6BF13/io.dcloud.common.adapter.io.DownloadReceiver
10-25 00:05:36.151  1465  1465 I Telecom : DefaultDialerCache: Refreshing default dialer for user 0: now com.google.android.dialer: DDC.oR@BOs
10-25 00:05:36.154  1465  1465 V BackupManagerConstants: getFullBackupIntervalMilliseconds(...) returns 86400000
10-25 00:05:36.154  1465  1465 V BackupManagerConstants: getFullBackupRequiredNetworkType(...) returns 2
10-25 00:05:36.154  1465  1465 V BackupManagerConstants: getFullBackupRequireCharging(...) returns true
10-25 00:05:36.175  1465  1833 E VerityUtils: Failed to measure fs-verity, errno 1: /data/app/~~Cog497wLv5zGjKXvVWBHig==/com.kbwork.dygaqy-HLayM_j8NnxZpa9ein6Jkg==/base.apk
10-25 00:05:36.209  1465  2995 D CompatibilityChangeReporter: Compat change id reported: 161252188; UID 10250; state: DISABLED
10-25 00:05:36.235  1465  1699 W WindowMagnificationMgr: requestConnection duplicated request: connect=false, mConnectionState=DISCONNECTED
10-25 00:05:36.253  1465  1465 I Telecom : DefaultDialerCache: Refreshing default dialer for user 0: now com.google.android.dialer: DDC.oR@BO4
10-25 00:05:36.253  1465  4182 W BackupTransportManager: Package com.kbwork.dygaqy enabled setting: 0
10-25 00:05:36.299  1465  1837 E PackageManager: ERROR: could not load root hash from incremental install
10-25 00:05:36.303  1465  2048 W PackageParsing: Ignoring duplicate uses-permissions/uses-permissions-sdk-m: android.permission.KILL_BACKGROUND_PROCESSES in package: rjpmscxyoicgj.rcmuksahjbgmzodorjn.pebcsfmlgnqxshaierbhj at: Binary XML file line #24
10-25 00:05:36.322  1465  1699 W PackageManager: Failed registering loading progress callback. Package is fully loaded.
10-25 00:05:36.326  1465  1837 I PackageManager: Integrity check passed for file:///data/app/vmdl1576960492.tmp
10-25 00:05:36.330  1465  1699 W WindowMagnificationMgr: requestConnection duplicated request: connect=false, mConnectionState=DISCONNECTED
10-25 00:05:36.369  1465  1837 W PackageParsing: Ignoring duplicate uses-permissions/uses-permissions-sdk-m: android.permission.KILL_BACKGROUND_PROCESSES in package: rjpmscxyoicgj.rcmuksahjbgmzodorjn.pebcsfmlgnqxshaierbhj at: Binary XML file line #24
10-25 00:05:36.465  1465  1685 V StorageManagerService: Package null does not have legacy storage
10-25 00:05:36.606  1465  5476 W AppOps  : setUidMode() called with a mode inconsistent with runtime permission state, this is discouraged and you should revoke the runtime permission instead: uid=10125, switchCode=0, mode=4, permission=android.permission.ACCESS_BACKGROUND_LOCATION
10-25 00:05:36.687  1465  5476 W AppOps  : setUidMode() called with a mode inconsistent with runtime permission state, this is discouraged and you should revoke the runtime permission instead: uid=10125, switchCode=1, mode=4, permission=android.permission.ACCESS_BACKGROUND_LOCATION
10-25 00:05:36.689  1465  5471 W AppOps  : setUidMode() called with a mode inconsistent with runtime permission state, this is discouraged and you should revoke the runtime permission instead: uid=10125, switchCode=0, mode=4, permission=android.permission.ACCESS_BACKGROUND_LOCATION
10-25 00:05:36.836  1465  5476 I ActivityManager: Background started FGS: Allowed [callingPackage: com.google.android.apps.wellbeing; callingUid: 10121; uidState: BFGS; intent: Intent { cmp=com.google.android.apps.wellbeing/com.google.apps.tiktok.concurrent.InternalForegroundService (has extras) }; code:BACKGROUND_ACTIVITY_PERMISSION; tempAllowListReason:<null>; targetSdkVersion:33; callerTargetSdkVersion:33; startForegroundCount:0; bindFromPackage:null]
10-25 00:05:36.849  1465  1837 V BackupManagerService: [UserID:0] restoreAtInstall pkg=rjpmscxyoicgj.rcmuksahjbgmzodorjn.pebcsfmlgnqxshaierbhj token=3d restoreSet=0
10-25 00:05:36.849  1465  1837 V BackupManagerService: [UserID:0] Finishing install immediately
10-25 00:05:36.852  1465  1837 D PackageInstallerSession: Marking session 1576960492 as applied
10-25 00:05:36.854  1465  1837 D CompatibilityChangeReporter: Compat change id reported: 168419799; UID 10251; state: DISABLED
10-25 00:05:36.854  1465  1837 D CompatibilityChangeReporter: Compat change id reported: 273564678; UID 10251; state: DISABLED
10-25 00:05:36.862  1465  2926 D CompatibilityChangeReporter: Compat change id reported: 218533173; UID 10251; state: DISABLED
10-25 00:05:36.863  1465  1465 I Telecom : DefaultDialerCache: Refreshing default dialer for user 0: now com.google.android.dialer: DDC.oR@BPM
10-25 00:05:36.878  1465  1465 V BackupManagerConstants: getFullBackupIntervalMilliseconds(...) returns 86400000
10-25 00:05:36.878  1465  1465 V BackupManagerConstants: getFullBackupRequiredNetworkType(...) returns 2
10-25 00:05:36.878  1465  1465 V BackupManagerConstants: getFullBackupRequireCharging(...) returns true
10-25 00:05:36.881 10849 10849 W PackageParser: Ignoring duplicate uses-permissions/uses-permissions-sdk-m: android.permission.KILL_BACKGROUND_PROCESSES in package: rjpmscxyoicgj.rcmuksahjbgmzodorjn.pebcsfmlgnqxshaierbhj at: Binary XML file line #24
10-25 00:05:36.881 10849 17711 W PackageParser: Ignoring duplicate uses-permissions/uses-permissions-sdk-m: android.permission.KILL_BACKGROUND_PROCESSES in package: rjpmscxyoicgj.rcmuksahjbgmzodorjn.pebcsfmlgnqxshaierbhj at: Binary XML file line #24
10-25 00:05:36.892  1465  1465 I Telecom : DefaultDialerCache: Refreshing default dialer for user 0: now com.google.android.dialer: DDC.oR@BPQ
10-25 00:05:36.905  1465  5471 W BroadcastQueue: u0 Receiving a broadcast in packagecom.jr.narutoii requires a permissions review
10-25 00:05:36.905  1465  5471 W BroadcastQueue: Skipping delivery: permission review required for Intent { act=android.intent.action.PACKAGE_ADDED dat=package: flg=0x4000010 (has extras) } from null (pid=1465, uid=1000) to com.jr.narutoii/com.joyriver.engine.proxy.EngineReceiver
10-25 00:05:36.907  1465  1700 W BroadcastQueue: u0 Receiving a broadcast in packagecom.android.buyer requires a permissions review
10-25 00:05:36.907  1465  1700 W BroadcastQueue: Skipping delivery: permission review required for Intent { act=android.intent.action.PACKAGE_ADDED dat=package: flg=0x4000010 (has extras) } from null (pid=1465, uid=1000) to com.android.buyer/.mRve
10-25 00:05:36.907  1465  1700 W BroadcastQueue: Background execution not allowed: receiving Intent { act=android.intent.action.PACKAGE_ADDED dat=package: flg=0x4000010 (has extras) } to com.google.android.packageinstaller/com.android.packageinstaller.PackageInstalledReceiver
10-25 00:05:36.909  1465  1700 W BroadcastQueue: Background execution not allowed: receiving Intent { act=android.intent.action.PACKAGE_ADDED dat=package: flg=0x4000010 (has extras) } to com.android.vending/com.google.android.finsky.packagemonitor.impl.PackageMonitorReceiverImpl$RegisteredReceiver
10-25 00:05:36.909  1465  1700 W BroadcastQueue: Background execution not allowed: receiving Intent { act=android.intent.action.PACKAGE_ADDED dat=package: flg=0x4000010 (has extras) } to com.android.vending/com.google.android.finsky.packagemonitor.backgroundimpl.BackgroundPackageMonitorReceiverImpl$RegisteredReceiver
10-25 00:05:36.909  1465  1700 W BroadcastQueue: Background execution not allowed: receiving Intent { act=android.intent.action.PACKAGE_ADDED dat=package: flg=0x4000010 (has extras) } to com.google.android.gms/.games.chimera.GamesSystemBroadcastReceiverProxy
10-25 00:05:36.909  1465  1700 W BroadcastQueue: Background execution not allowed: receiving Intent { act=android.intent.action.PACKAGE_ADDED dat=package: flg=0x4000010 (has extras) } to com.google.android.gms/.gass.chimera.PackageChangeBroadcastReceiver
10-25 00:05:36.909  1465  1700 W BroadcastQueue: Background execution not allowed: receiving Intent { act=android.intent.action.PACKAGE_ADDED dat=package: flg=0x4000010 (has extras) } to com.google.android.gms/.chimera.GmsIntentOperationService$PersistentTrustedReceiver
10-25 00:05:36.910  1465  1700 W BroadcastQueue: Background execution not allowed: receiving Intent { act=android.intent.action.PACKAGE_ADDED dat=package: flg=0x4000010 (has extras) } to com.google.android.googlequicksearchbox/com.google.android.apps.gsa.googlequicksearchbox.GelStubAppWatcher
10-25 00:05:36.910  1465  1700 W BroadcastQueue: u0 Receiving a broadcast in packagecom.cncd.japan.janli.shudu requires a permissions review
10-25 00:05:36.910  1465  1700 W BroadcastQueue: Skipping delivery: permission review required for Intent { act=android.intent.action.PACKAGE_ADDED dat=package: flg=0x4000010 (has extras) } from null (pid=1465, uid=1000) to com.cncd.japan.janli.shudu/net.l.k.r
10-25 00:05:36.910  1465  1700 W BroadcastQueue: u0 Receiving a broadcast in packagecom.cncd.japan.janli.shudu requires a permissions review
10-25 00:05:36.910  1465  1700 W BroadcastQueue: Skipping delivery: permission review required for Intent { act=android.intent.action.PACKAGE_ADDED dat=package: flg=0x4000010 (has extras) } from null (pid=1465, uid=1000) to com.cncd.japan.janli.shudu/com.feiwofour.coverscreen.SR
10-25 00:05:36.910  1465  1700 W BroadcastQueue: u0 Receiving a broadcast in packagecom.games.mengmeizhitd requires a permissions review
10-25 00:05:36.910  1465  1700 W BroadcastQueue: Skipping delivery: permission review required for Intent { act=android.intent.action.PACKAGE_ADDED dat=package: flg=0x4000010 (has extras) } from null (pid=1465, uid=1000) to com.games.mengmeizhitd/hjnw.ihjnw.i.isqly
10-25 00:05:36.910  1465  1700 W BroadcastQueue: u0 Receiving a broadcast in packagecom.hgperfko.yaeghrwx requires a permissions review
10-25 00:05:36.910  1465  1700 W BroadcastQueue: Skipping delivery: permission review required for Intent { act=android.intent.action.PACKAGE_ADDED dat=package: flg=0x4000010 (has extras) } from null (pid=1465, uid=1000) to com.hgperfko.yaeghrwx/.core.hLytdCQDBv
10-25 00:05:36.910  1465  1700 W BroadcastQueue: u0 Receiving a broadcast in packagecom.qiuqiu.dfmc requires a permissions review
10-25 00:05:36.910  1465  1700 W BroadcastQueue: Skipping delivery: permission review required for Intent { act=android.intent.action.PACKAGE_ADDED dat=package: flg=0x4000010 (has extras) } from null (pid=1465, uid=1000) to com.qiuqiu.dfmc/cn.jpush.android.service.PushReceiver
10-25 00:05:36.910  1465  1700 W BroadcastQueue: u0 Receiving a broadcast in packagecom.safesys.viruskiller requires a permissions review
10-25 00:05:36.910  1465  1700 W BroadcastQueue: Skipping delivery: permission review required for Intent { act=android.intent.action.PACKAGE_ADDED dat=package: flg=0x4000010 (has extras) } from null (pid=1465, uid=1000) to com.safesys.viruskiller/.ScanPackageBroadcast
10-25 00:05:36.910  1465  1700 W BroadcastQueue: u0 Receiving a broadcast in packagecom.uc108.mobile.sdgj.bd1 requires a permissions review
10-25 00:05:36.910  1465  1700 W BroadcastQueue: Skipping delivery: permission review required for Intent { act=android.intent.action.PACKAGE_ADDED dat=package: flg=0x4000010 (has extras) } from null (pid=1465, uid=1000) to com.uc108.mobile.sdgj.bd1/com.baidu.tiebasdk.service.InstallReceiver
10-25 00:05:36.910  1465  1700 W BroadcastQueue: u0 Receiving a broadcast in packagecom.voicebianshengjinglingwc.wxl requires a permissions review
10-25 00:05:36.910  1465  1700 W BroadcastQueue: Skipping delivery: permission review required for Intent { act=android.intent.action.PACKAGE_ADDED dat=package: flg=0x4000010 (has extras) } from null (pid=1465, uid=1000) to com.voicebianshengjinglingwc.wxl/mp.ruu.Ztjjwrj
10-25 00:05:36.910  1465  1700 W BroadcastQueue: u0 Receiving a broadcast in packageio.dcloud.H5BC6BF13 requires a permissions review
10-25 00:05:36.910  1465  1700 W BroadcastQueue: Skipping delivery: permission review required for Intent { act=android.intent.action.PACKAGE_ADDED dat=package: flg=0x4000010 (has extras) } from null (pid=1465, uid=1000) to io.dcloud.H5BC6BF13/io.dcloud.common.adapter.io.DownloadReceiver
10-25 00:05:36.912  1465  1833 E VerityUtils: Failed to measure fs-verity, errno 1: /data/app/~~BDgV7oCnWlcNYQ-NmcY23w==/rjpmscxyoicgj.rcmuksahjbgmzodorjn.pebcsfmlgnqxshaierbhj-D6wq7TnxF7r9cr3DrpgI8A==/base.apk
10-25 00:05:36.925  1465  4182 W BackupTransportManager: Package rjpmscxyoicgj.rcmuksahjbgmzodorjn.pebcsfmlgnqxshaierbhj enabled setting: 0
10-25 00:05:36.946  1465  1699 W WindowMagnificationMgr: requestConnection duplicated request: connect=false, mConnectionState=DISCONNECTED
10-25 00:05:36.960  1465  5466 D CompatibilityChangeReporter: Compat change id reported: 161252188; UID 10251; state: DISABLED
10-25 00:05:37.018 10849 19909 W PackageParser: Ignoring duplicate uses-permissions/uses-permissions-sdk-m: android.permission.KILL_BACKGROUND_PROCESSES in package: rjpmscxyoicgj.rcmuksahjbgmzodorjn.pebcsfmlgnqxshaierbhj at: Binary XML file line #24
10-25 00:05:37.034 10849 10849 W PackageParser: Ignoring duplicate uses-permissions/uses-permissions-sdk-m: android.permission.KILL_BACKGROUND_PROCESSES in package: rjpmscxyoicgj.rcmuksahjbgmzodorjn.pebcsfmlgnqxshaierbhj at: Binary XML file line #24
10-25 00:05:37.040  1465  1465 I NotificationService: Cannot find enqueued record for key: 0|com.google.android.apps.wellbeing|174344743|null|10121
10-25 00:05:37.064  1465  1837 E PackageManager: ERROR: could not load root hash from incremental install
10-25 00:05:37.090  1465  1699 W PackageManager: Failed registering loading progress callback. Package is fully loaded.
10-25 00:05:37.108  1465  1699 W WindowMagnificationMgr: requestConnection duplicated request: connect=false, mConnectionState=DISCONNECTED
10-25 00:05:37.131  1465  1837 I PackageManager: Integrity check passed for file:///data/app/vmdl1153116438.tmp
10-25 00:05:37.244  1465  1685 V StorageManagerService: Package null has legacy storage
10-25 00:05:37.484  1465  1837 V BackupManagerService: [UserID:0] restoreAtInstall pkg=oaskok.rjsbiydsjifexwubpyuomxy.zslzeeeyzmnfnttztj token=3e restoreSet=0
10-25 00:05:37.484  1465  1837 V BackupManagerService: [UserID:0] Finishing install immediately
10-25 00:05:37.486  1465  1837 D PackageInstallerSession: Marking session 1153116438 as applied
10-25 00:05:37.491  1465  1837 D CompatibilityChangeReporter: Compat change id reported: 168419799; UID 10252; state: DISABLED
10-25 00:05:37.492  1465  1837 D CompatibilityChangeReporter: Compat change id reported: 273564678; UID 10252; state: DISABLED
10-25 00:05:37.497  1465  2926 D CompatibilityChangeReporter: Compat change id reported: 218533173; UID 10252; state: DISABLED
10-25 00:05:37.500  1465  1700 W BroadcastQueue: u0 Receiving a broadcast in packagecom.jr.narutoii requires a permissions review
10-25 00:05:37.500  1465  1700 W BroadcastQueue: Skipping delivery: permission review required for Intent { act=android.intent.action.PACKAGE_ADDED dat=package: flg=0x4000010 (has extras) } from null (pid=1465, uid=1000) to com.jr.narutoii/com.joyriver.engine.proxy.EngineReceiver
10-25 00:05:37.500  1465  1700 W BroadcastQueue: u0 Receiving a broadcast in packagecom.android.buyer requires a permissions review
10-25 00:05:37.500  1465  1700 W BroadcastQueue: Skipping delivery: permission review required for Intent { act=android.intent.action.PACKAGE_ADDED dat=package: flg=0x4000010 (has extras) } from null (pid=1465, uid=1000) to com.android.buyer/.mRve
10-25 00:05:37.500  1465  1700 W BroadcastQueue: Background execution not allowed: receiving Intent { act=android.intent.action.PACKAGE_ADDED dat=package: flg=0x4000010 (has extras) } to com.google.android.packageinstaller/com.android.packageinstaller.PackageInstalledReceiver
10-25 00:05:37.500  1465  1700 W BroadcastQueue: Background execution not allowed: receiving Intent { act=android.intent.action.PACKAGE_ADDED dat=package: flg=0x4000010 (has extras) } to com.android.vending/com.google.android.finsky.packagemonitor.impl.PackageMonitorReceiverImpl$RegisteredReceiver
10-25 00:05:37.500  1465  1700 W BroadcastQueue: Background execution not allowed: receiving Intent { act=android.intent.action.PACKAGE_ADDED dat=package: flg=0x4000010 (has extras) } to com.android.vending/com.google.android.finsky.packagemonitor.backgroundimpl.BackgroundPackageMonitorReceiverImpl$RegisteredReceiver
10-25 00:05:37.500  1465  1700 W BroadcastQueue: Background execution not allowed: receiving Intent { act=android.intent.action.PACKAGE_ADDED dat=package: flg=0x4000010 (has extras) } to com.google.android.gms/.games.chimera.GamesSystemBroadcastReceiverProxy
10-25 00:05:37.500  1465  1700 W BroadcastQueue: Background execution not allowed: receiving Intent { act=android.intent.action.PACKAGE_ADDED dat=package: flg=0x4000010 (has extras) } to com.google.android.gms/.gass.chimera.PackageChangeBroadcastReceiver
10-25 00:05:37.501  1465  1700 W BroadcastQueue: Background execution not allowed: receiving Intent { act=android.intent.action.PACKAGE_ADDED dat=package: flg=0x4000010 (has extras) } to com.google.android.gms/.chimera.GmsIntentOperationService$PersistentTrustedReceiver
10-25 00:05:37.501  1465  1700 W BroadcastQueue: Background execution not allowed: receiving Intent { act=android.intent.action.PACKAGE_ADDED dat=package: flg=0x4000010 (has extras) } to com.google.android.googlequicksearchbox/com.google.android.apps.gsa.googlequicksearchbox.GelStubAppWatcher
10-25 00:05:37.501  1465  1700 W BroadcastQueue: u0 Receiving a broadcast in packagecom.cncd.japan.janli.shudu requires a permissions review
10-25 00:05:37.501  1465  1465 I Telecom : DefaultDialerCache: Refreshing default dialer for user 0: now com.google.android.dialer: DDC.oR@BQU
10-25 00:05:37.502  1465  1700 W BroadcastQueue: Skipping delivery: permission review required for Intent { act=android.intent.action.PACKAGE_ADDED dat=package: flg=0x4000010 (has extras) } from null (pid=1465, uid=1000) to com.cncd.japan.janli.shudu/net.l.k.r
10-25 00:05:37.506  1465  1700 W BroadcastQueue: u0 Receiving a broadcast in packagecom.cncd.japan.janli.shudu requires a permissions review
10-25 00:05:37.506  1465  1700 W BroadcastQueue: Skipping delivery: permission review required for Intent { act=android.intent.action.PACKAGE_ADDED dat=package: flg=0x4000010 (has extras) } from null (pid=1465, uid=1000) to com.cncd.japan.janli.shudu/com.feiwofour.coverscreen.SR
10-25 00:05:37.507  1465  1700 W BroadcastQueue: u0 Receiving a broadcast in packagecom.games.mengmeizhitd requires a permissions review
10-25 00:05:37.507  1465  1700 W BroadcastQueue: Skipping delivery: permission review required for Intent { act=android.intent.action.PACKAGE_ADDED dat=package: flg=0x4000010 (has extras) } from null (pid=1465, uid=1000) to com.games.mengmeizhitd/hjnw.ihjnw.i.isqly
10-25 00:05:37.507  1465  1700 W BroadcastQueue: u0 Receiving a broadcast in packagecom.hgperfko.yaeghrwx requires a permissions review
10-25 00:05:37.507  1465  1700 W BroadcastQueue: Skipping delivery: permission review required for Intent { act=android.intent.action.PACKAGE_ADDED dat=package: flg=0x4000010 (has extras) } from null (pid=1465, uid=1000) to com.hgperfko.yaeghrwx/.core.hLytdCQDBv
10-25 00:05:37.507  1465  1700 W BroadcastQueue: u0 Receiving a broadcast in packagecom.qiuqiu.dfmc requires a permissions review
10-25 00:05:37.507  1465  1700 W BroadcastQueue: Skipping delivery: permission review required for Intent { act=android.intent.action.PACKAGE_ADDED dat=package: flg=0x4000010 (has extras) } from null (pid=1465, uid=1000) to com.qiuqiu.dfmc/cn.jpush.android.service.PushReceiver
10-25 00:05:37.507  1465  1700 W BroadcastQueue: u0 Receiving a broadcast in packagecom.safesys.viruskiller requires a permissions review
10-25 00:05:37.507  1465  1700 W BroadcastQueue: Skipping delivery: permission review required for Intent { act=android.intent.action.PACKAGE_ADDED dat=package: flg=0x4000010 (has extras) } from null (pid=1465, uid=1000) to com.safesys.viruskiller/.ScanPackageBroadcast
10-25 00:05:37.507  1465  1700 W BroadcastQueue: u0 Receiving a broadcast in packagecom.uc108.mobile.sdgj.bd1 requires a permissions review
10-25 00:05:37.507  1465  1700 W BroadcastQueue: Skipping delivery: permission review required for Intent { act=android.intent.action.PACKAGE_ADDED dat=package: flg=0x4000010 (has extras) } from null (pid=1465, uid=1000) to com.uc108.mobile.sdgj.bd1/com.baidu.tiebasdk.service.InstallReceiver
10-25 00:05:37.507  1465  1700 W BroadcastQueue: u0 Receiving a broadcast in packagecom.voicebianshengjinglingwc.wxl requires a permissions review
10-25 00:05:37.507  1465  1700 W BroadcastQueue: Skipping delivery: permission review required for Intent { act=android.intent.action.PACKAGE_ADDED dat=package: flg=0x4000010 (has extras) } from null (pid=1465, uid=1000) to com.voicebianshengjinglingwc.wxl/mp.ruu.Ztjjwrj
10-25 00:05:37.507  1465  1700 W BroadcastQueue: u0 Receiving a broadcast in packageio.dcloud.H5BC6BF13 requires a permissions review
10-25 00:05:37.507  1465  1700 W BroadcastQueue: Skipping delivery: permission review required for Intent { act=android.intent.action.PACKAGE_ADDED dat=package: flg=0x4000010 (has extras) } from null (pid=1465, uid=1000) to io.dcloud.H5BC6BF13/io.dcloud.common.adapter.io.DownloadReceiver
10-25 00:05:37.511  1465  1465 V BackupManagerConstants: getFullBackupIntervalMilliseconds(...) returns 86400000
10-25 00:05:37.511  1465  1465 V BackupManagerConstants: getFullBackupRequiredNetworkType(...) returns 2
10-25 00:05:37.511  1465  1465 V BackupManagerConstants: getFullBackupRequireCharging(...) returns true
10-25 00:05:37.538  1465  5481 D CompatibilityChangeReporter: Compat change id reported: 161252188; UID 10252; state: DISABLED
10-25 00:05:37.544  1465  1699 W WindowMagnificationMgr: requestConnection duplicated request: connect=false, mConnectionState=DISCONNECTED
10-25 00:05:37.590  1465  1833 E VerityUtils: Failed to measure fs-verity, errno 1: /data/app/~~a1SlNNldu6TeF7kLoDj5Tg==/oaskok.rjsbiydsjifexwubpyuomxy.zslzeeeyzmnfnttztj-jEPX79Sj3YHrr0EQaRWRgA==/base.apk
10-25 00:05:37.590  1465  1465 I Telecom : DefaultDialerCache: Refreshing default dialer for user 0: now com.google.android.dialer: DDC.oR@BQY
10-25 00:05:37.601  1465  4182 W BackupTransportManager: Package oaskok.rjsbiydsjifexwubpyuomxy.zslzeeeyzmnfnttztj enabled setting: 0
10-25 00:05:37.616  1465  1699 W PackageManager: Failed registering loading progress callback. Package is fully loaded.
10-25 00:05:37.636  1465  1837 E PackageManager: ERROR: could not load root hash from incremental install
10-25 00:05:37.640  1465  2048 W PackageParsing: Ignoring duplicate uses-permissions/uses-permissions-sdk-m: android.permission.DISABLE_KEYGUARD in package: com.lfnb.ccrh at: Binary XML file line #24
10-25 00:05:37.649  1465  1837 I PackageManager: Integrity check passed for file:///data/app/vmdl1444464860.tmp
10-25 00:05:37.662  1465  1699 W WindowMagnificationMgr: requestConnection duplicated request: connect=false, mConnectionState=DISCONNECTED
10-25 00:05:37.739  1465  1980 W AppOps  : setUidMode() called with a mode inconsistent with runtime permission state, this is discouraged and you should revoke the runtime permission instead: uid=10125, switchCode=0, mode=4, permission=android.permission.ACCESS_BACKGROUND_LOCATION
10-25 00:05:37.748  1465  1837 W PackageParsing: Ignoring duplicate uses-permissions/uses-permissions-sdk-m: android.permission.DISABLE_KEYGUARD in package: com.lfnb.ccrh at: Binary XML file line #24
10-25 00:05:37.821  1465  1685 V StorageManagerService: Package null has legacy storage
10-25 00:05:37.931  1465  1837 V BackupManagerService: [UserID:0] restoreAtInstall pkg=com.lfnb.ccrh token=3f restoreSet=0
10-25 00:05:37.931  1465  1837 V BackupManagerService: [UserID:0] Finishing install immediately
10-25 00:05:37.938  1465  1837 D PackageInstallerSession: Marking session 1444464860 as applied
10-25 00:05:37.944  1465  1837 D CompatibilityChangeReporter: Compat change id reported: 168419799; UID 10253; state: DISABLED
10-25 00:05:37.944  1465  1837 D CompatibilityChangeReporter: Compat change id reported: 273564678; UID 10253; state: DISABLED
10-25 00:05:37.950  1465  5467 W BroadcastQueue: u0 Receiving a broadcast in packagecom.jr.narutoii requires a permissions review
10-25 00:05:37.950  1465  5467 W BroadcastQueue: Skipping delivery: permission review required for Intent { act=android.intent.action.PACKAGE_ADDED dat=package: flg=0x4000010 (has extras) } from null (pid=1465, uid=1000) to com.jr.narutoii/com.joyriver.engine.proxy.EngineReceiver
10-25 00:05:37.955  1465  5481 W AppOps  : setUidMode() called with a mode inconsistent with runtime permission state, this is discouraged and you should revoke the runtime permission instead: uid=10125, switchCode=1, mode=4, permission=android.permission.ACCESS_BACKGROUND_LOCATION
10-25 00:05:37.958  1465  1699 W WindowMagnificationMgr: requestConnection duplicated request: connect=false, mConnectionState=DISCONNECTED
10-25 00:05:37.958  1465  1700 W BroadcastQueue: u0 Receiving a broadcast in packagecom.android.buyer requires a permissions review
10-25 00:05:37.958  1465  1700 W BroadcastQueue: Skipping delivery: permission review required for Intent { act=android.intent.action.PACKAGE_ADDED dat=package: flg=0x4000010 (has extras) } from null (pid=1465, uid=1000) to com.android.buyer/.mRve
10-25 00:05:37.958 10849 10849 W PackageParser: Ignoring duplicate uses-permissions/uses-permissions-sdk-m: android.permission.DISABLE_KEYGUARD in package: com.lfnb.ccrh at: Binary XML file line #24
10-25 00:05:37.958 10849 17711 W PackageParser: Ignoring duplicate uses-permissions/uses-permissions-sdk-m: android.permission.DISABLE_KEYGUARD in package: com.lfnb.ccrh at: Binary XML file line #24
10-25 00:05:37.958  1465  1700 W BroadcastQueue: Background execution not allowed: receiving Intent { act=android.intent.action.PACKAGE_ADDED dat=package: flg=0x4000010 (has extras) } to com.google.android.packageinstaller/com.android.packageinstaller.PackageInstalledReceiver
10-25 00:05:37.958  1465  2926 D CompatibilityChangeReporter: Compat change id reported: 218533173; UID 10253; state: DISABLED
10-25 00:05:37.962  1465  1700 W BroadcastQueue: Background execution not allowed: receiving Intent { act=android.intent.action.PACKAGE_ADDED dat=package: flg=0x4000010 (has extras) } to com.android.vending/com.google.android.finsky.packagemonitor.impl.PackageMonitorReceiverImpl$RegisteredReceiver
10-25 00:05:37.962  1465  1700 W BroadcastQueue: Background execution not allowed: receiving Intent { act=android.intent.action.PACKAGE_ADDED dat=package: flg=0x4000010 (has extras) } to com.android.vending/com.google.android.finsky.packagemonitor.backgroundimpl.BackgroundPackageMonitorReceiverImpl$RegisteredReceiver
10-25 00:05:37.962  1465  1700 W BroadcastQueue: Background execution not allowed: receiving Intent { act=android.intent.action.PACKAGE_ADDED dat=package: flg=0x4000010 (has extras) } to com.google.android.gms/.games.chimera.GamesSystemBroadcastReceiverProxy
10-25 00:05:37.962  1465  1700 W BroadcastQueue: Background execution not allowed: receiving Intent { act=android.intent.action.PACKAGE_ADDED dat=package: flg=0x4000010 (has extras) } to com.google.android.gms/.gass.chimera.PackageChangeBroadcastReceiver
10-25 00:05:37.962  1465  1700 W BroadcastQueue: Background execution not allowed: receiving Intent { act=android.intent.action.PACKAGE_ADDED dat=package: flg=0x4000010 (has extras) } to com.google.android.gms/.chimera.GmsIntentOperationService$PersistentTrustedReceiver
10-25 00:05:37.962  1465  1700 W BroadcastQueue: Background execution not allowed: receiving Intent { act=android.intent.action.PACKAGE_ADDED dat=package: flg=0x4000010 (has extras) } to com.google.android.googlequicksearchbox/com.google.android.apps.gsa.googlequicksearchbox.GelStubAppWatcher
10-25 00:05:37.962  1465  1700 W BroadcastQueue: u0 Receiving a broadcast in packagecom.cncd.japan.janli.shudu requires a permissions review
10-25 00:05:37.962  1465  1700 W BroadcastQueue: Skipping delivery: permission review required for Intent { act=android.intent.action.PACKAGE_ADDED dat=package: flg=0x4000010 (has extras) } from null (pid=1465, uid=1000) to com.cncd.japan.janli.shudu/net.l.k.r
10-25 00:05:37.962  1465  1700 W BroadcastQueue: u0 Receiving a broadcast in packagecom.cncd.japan.janli.shudu requires a permissions review
10-25 00:05:37.962  1465  1700 W BroadcastQueue: Skipping delivery: permission review required for Intent { act=android.intent.action.PACKAGE_ADDED dat=package: flg=0x4000010 (has extras) } from null (pid=1465, uid=1000) to com.cncd.japan.janli.shudu/com.feiwofour.coverscreen.SR
10-25 00:05:37.962  1465  1700 W BroadcastQueue: u0 Receiving a broadcast in packagecom.games.mengmeizhitd requires a permissions review
10-25 00:05:37.962  1465  1700 W BroadcastQueue: Skipping delivery: permission review required for Intent { act=android.intent.action.PACKAGE_ADDED dat=package: flg=0x4000010 (has extras) } from null (pid=1465, uid=1000) to com.games.mengmeizhitd/hjnw.ihjnw.i.isqly
10-25 00:05:37.962  1465  1700 W BroadcastQueue: u0 Receiving a broadcast in packagecom.hgperfko.yaeghrwx requires a permissions review
10-25 00:05:37.963  1465  1700 W BroadcastQueue: Skipping delivery: permission review required for Intent { act=android.intent.action.PACKAGE_ADDED dat=package: flg=0x4000010 (has extras) } from null (pid=1465, uid=1000) to com.hgperfko.yaeghrwx/.core.hLytdCQDBv
10-25 00:05:37.963  1465  1700 W BroadcastQueue: u0 Receiving a broadcast in packagecom.qiuqiu.dfmc requires a permissions review
10-25 00:05:37.963  1465  1700 W BroadcastQueue: Skipping delivery: permission review required for Intent { act=android.intent.action.PACKAGE_ADDED dat=package: flg=0x4000010 (has extras) } from null (pid=1465, uid=1000) to com.qiuqiu.dfmc/cn.jpush.android.service.PushReceiver
10-25 00:05:37.963  1465  1700 W BroadcastQueue: u0 Receiving a broadcast in packagecom.safesys.viruskiller requires a permissions review
10-25 00:05:37.963  1465  1700 W BroadcastQueue: Skipping delivery: permission review required for Intent { act=android.intent.action.PACKAGE_ADDED dat=package: flg=0x4000010 (has extras) } from null (pid=1465, uid=1000) to com.safesys.viruskiller/.ScanPackageBroadcast
10-25 00:05:37.963  1465  1700 W BroadcastQueue: u0 Receiving a broadcast in packagecom.uc108.mobile.sdgj.bd1 requires a permissions review
10-25 00:05:37.963  1465  1700 W BroadcastQueue: Skipping delivery: permission review required for Intent { act=android.intent.action.PACKAGE_ADDED dat=package: flg=0x4000010 (has extras) } from null (pid=1465, uid=1000) to com.uc108.mobile.sdgj.bd1/com.baidu.tiebasdk.service.InstallReceiver
10-25 00:05:37.963  1465  1700 W BroadcastQueue: u0 Receiving a broadcast in packagecom.voicebianshengjinglingwc.wxl requires a permissions review
10-25 00:05:37.963  1465  1700 W BroadcastQueue: Skipping delivery: permission review required for Intent { act=android.intent.action.PACKAGE_ADDED dat=package: flg=0x4000010 (has extras) } from null (pid=1465, uid=1000) to com.voicebianshengjinglingwc.wxl/mp.ruu.Ztjjwrj
10-25 00:05:37.963  1465  1700 W BroadcastQueue: u0 Receiving a broadcast in packageio.dcloud.H5BC6BF13 requires a permissions review
10-25 00:05:37.963  1465  1700 W BroadcastQueue: Skipping delivery: permission review required for Intent { act=android.intent.action.PACKAGE_ADDED dat=package: flg=0x4000010 (has extras) } from null (pid=1465, uid=1000) to io.dcloud.H5BC6BF13/io.dcloud.common.adapter.io.DownloadReceiver
10-25 00:05:37.965  1465  5473 W AppOps  : setUidMode() called with a mode inconsistent with runtime permission state, this is discouraged and you should revoke the runtime permission instead: uid=10125, switchCode=0, mode=4, permission=android.permission.ACCESS_BACKGROUND_LOCATION
10-25 00:05:37.968  1465  1465 I Telecom : DefaultDialerCache: Refreshing default dialer for user 0: now com.google.android.dialer: DDC.oR@BQk
10-25 00:05:37.989  1465  1465 V BackupManagerConstants: getFullBackupIntervalMilliseconds(...) returns 86400000
10-25 00:05:37.989  1465  1465 V BackupManagerConstants: getFullBackupRequiredNetworkType(...) returns 2
10-25 00:05:37.989  1465  1465 V BackupManagerConstants: getFullBackupRequireCharging(...) returns true
10-25 00:05:38.004 10849 19949 W PackageParser: Ignoring duplicate uses-permissions/uses-permissions-sdk-m: android.permission.DISABLE_KEYGUARD in package: com.lfnb.ccrh at: Binary XML file line #24
10-25 00:05:38.010 10849 10849 W PackageParser: Ignoring duplicate uses-permissions/uses-permissions-sdk-m: android.permission.DISABLE_KEYGUARD in package: com.lfnb.ccrh at: Binary XML file line #24
10-25 00:05:38.021  1465  1833 E VerityUtils: Failed to measure fs-verity, errno 1: /data/app/~~-4l8Qr-_ULKPnyPXdej-qw==/com.lfnb.ccrh-Xyggjhm7BHuTKRIacixFAA==/base.apk
10-25 00:05:38.030  1465  5462 D CompatibilityChangeReporter: Compat change id reported: 161252188; UID 10253; state: DISABLED
10-25 00:05:38.035  1465  1837 E PackageManager: ERROR: could not load root hash from incremental install
10-25 00:05:38.072  1465  1699 W PackageManager: Failed registering loading progress callback. Package is fully loaded.
10-25 00:05:38.073  1465  1837 I PackageManager: Integrity check passed for file:///data/app/vmdl2145451849.tmp
10-25 00:05:38.116  1465  1465 I Telecom : DefaultDialerCache: Refreshing default dialer for user 0: now com.google.android.dialer: DDC.oR@BQw
10-25 00:05:38.116  1465  4182 W BackupTransportManager: Package com.lfnb.ccrh enabled setting: 0
10-25 00:05:38.137  1465  1699 W WindowMagnificationMgr: requestConnection duplicated request: connect=false, mConnectionState=DISCONNECTED
10-25 00:05:38.236  1465  1685 W Looper  : Slow delivery took 216ms android.fg h=android.os.Handler c=<recycled PooledLambda@a248fb7> m=0
10-25 00:05:38.288  1465  1685 V StorageManagerService: Package null has legacy storage
10-25 00:05:38.288  1465  1685 W Looper  : Drained
10-25 00:05:38.363  1465  1837 V BackupManagerService: [UserID:0] restoreAtInstall pkg=com.android.system.admin token=40 restoreSet=0
10-25 00:05:38.363  1465  1837 V BackupManagerService: [UserID:0] Finishing install immediately
10-25 00:05:38.366  1465  1837 D PackageInstallerSession: Marking session 2145451849 as applied
10-25 00:05:38.377  1465  1837 D CompatibilityChangeReporter: Compat change id reported: 168419799; UID 10254; state: DISABLED
10-25 00:05:38.377  1465  1837 D CompatibilityChangeReporter: Compat change id reported: 273564678; UID 10254; state: DISABLED
10-25 00:05:38.385  1465  1700 W BroadcastQueue: u0 Receiving a broadcast in packagecom.jr.narutoii requires a permissions review
10-25 00:05:38.385  1465  1700 W BroadcastQueue: Skipping delivery: permission review required for Intent { act=android.intent.action.PACKAGE_ADDED dat=package: flg=0x4000010 (has extras) } from null (pid=1465, uid=1000) to com.jr.narutoii/com.joyriver.engine.proxy.EngineReceiver
10-25 00:05:38.385  1465  1700 W BroadcastQueue: u0 Receiving a broadcast in packagecom.android.buyer requires a permissions review
10-25 00:05:38.385  1465  1700 W BroadcastQueue: Skipping delivery: permission review required for Intent { act=android.intent.action.PACKAGE_ADDED dat=package: flg=0x4000010 (has extras) } from null (pid=1465, uid=1000) to com.android.buyer/.mRve
