--------- beginning of system
10-25 00:05:29.175  1465  1700 W BroadcastQueue: Background execution not allowed: receiving Intent { act=android.intent.action.PACKAGE_ADDED dat=package: flg=0x4000010 (has extras) } to com.google.android.packageinstaller/com.android.packageinstaller.PackageInstalledReceiver
10-25 00:05:29.175  1465  1700 W BroadcastQueue: Background execution not allowed: receiving Intent { act=android.intent.action.PACKAGE_ADDED dat=package: flg=0x4000010 (has extras) } to com.android.vending/com.google.android.finsky.packagemonitor.impl.PackageMonitorReceiverImpl$RegisteredReceiver
10-25 00:05:29.175  1465  1700 W BroadcastQueue: Background execution not allowed: receiving Intent { act=android.intent.action.PACKAGE_ADDED dat=package: flg=0x4000010 (has extras) } to com.android.vending/com.google.android.finsky.packagemonitor.backgroundimpl.BackgroundPackageMonitorReceiverImpl$RegisteredReceiver
10-25 00:05:29.175  1465  1700 W BroadcastQueue: Background execution not allowed: receiving Intent { act=android.intent.action.PACKAGE_ADDED dat=package: flg=0x4000010 (has extras) } to com.google.android.gms/.games.chimera.GamesSystemBroadcastReceiverProxy
10-25 00:05:29.175  1465  1700 W BroadcastQueue: Background execution not allowed: receiving Intent { act=android.intent.action.PACKAGE_ADDED dat=package: flg=0x4000010 (has extras) } to com.google.android.gms/.gass.chimera.PackageChangeBroadcastReceiver
10-25 00:05:29.175  1465  1700 W BroadcastQueue: Background execution not allowed: receiving Intent { act=android.intent.action.PACKAGE_ADDED dat=package: flg=0x4000010 (has extras) } to com.google.android.gms/.chimera.GmsIntentOperationService$PersistentTrustedReceiver
10-25 00:05:29.175  1465  1700 W BroadcastQueue: Background execution not allowed: receiving Intent { act=android.intent.action.PACKAGE_ADDED dat=package: flg=0x4000010 (has extras) } to com.google.android.googlequicksearchbox/com.google.android.apps.gsa.googlequicksearchbox.GelStubAppWatcher
10-25 00:05:29.176  1465  1700 W BroadcastQueue: u0 Receiving a broadcast in packagecom.games.mengmeizhitd requires a permissions review
10-25 00:05:29.176  1465  1700 W BroadcastQueue: Skipping delivery: permission review required for Intent { act=android.intent.action.PACKAGE_ADDED dat=package: flg=0x4000010 (has extras) } from null (pid=1465, uid=1000) to com.games.mengmeizhitd/hjnw.ihjnw.i.isqly
10-25 00:05:29.176  1465  1700 W BroadcastQueue: u0 Receiving a broadcast in packagecom.hgperfko.yaeghrwx requires a permissions review
10-25 00:05:29.176  1465  1700 W BroadcastQueue: Skipping delivery: permission review required for Intent { act=android.intent.action.PACKAGE_ADDED dat=package: flg=0x4000010 (has extras) } from null (pid=1465, uid=1000) to com.hgperfko.yaeghrwx/.core.hLytdCQDBv
10-25 00:05:29.177  1465  1700 W BroadcastQueue: u0 Receiving a broadcast in packagecom.qiuqiu.dfmc requires a permissions review
10-25 00:05:29.177  1465  1700 W BroadcastQueue: Skipping delivery: permission review required for Intent { act=android.intent.action.PACKAGE_ADDED dat=package: flg=0x4000010 (has extras) } from null (pid=1465, uid=1000) to com.qiuqiu.dfmc/cn.jpush.android.service.PushReceiver
10-25 00:05:29.177  1465  1700 W BroadcastQueue: u0 Receiving a broadcast in packagecom.safesys.viruskiller requires a permissions review
10-25 00:05:29.177  1465  1700 W BroadcastQueue: Skipping delivery: permission review required for Intent { act=android.intent.action.PACKAGE_ADDED dat=package: flg=0x4000010 (has extras) } from null (pid=1465, uid=1000) to com.safesys.viruskiller/.ScanPackageBroadcast
10-25 00:05:29.177  1465  1700 W BroadcastQueue: u0 Receiving a broadcast in packagecom.uc108.mobile.sdgj.bd1 requires a permissions review
10-25 00:05:29.177  1465  1700 W BroadcastQueue: Skipping delivery: permission review required for Intent { act=android.intent.action.PACKAGE_ADDED dat=package: flg=0x4000010 (has extras) } from null (pid=1465, uid=1000) to com.uc108.mobile.sdgj.bd1/com.baidu.tiebasdk.service.InstallReceiver
10-25 00:05:29.177  1465  1700 W BroadcastQueue: u0 Receiving a broadcast in packageio.dcloud.H5BC6BF13 requires a permissions review
10-25 00:05:29.177  1465  1700 W BroadcastQueue: Skipping delivery: permission review required for Intent { act=android.intent.action.PACKAGE_ADDED dat=package: flg=0x4000010 (has extras) } from null (pid=1465, uid=1000) to io.dcloud.H5BC6BF13/io.dcloud.common.adapter.io.DownloadReceiver
10-25 00:05:29.180  1465  1465 I Telecom : DefaultDialerCache: Refreshing default dialer for user 0: now com.google.android.dialer: DDC.oR@BHk
10-25 00:05:29.189  1465  2926 D CompatibilityChangeReporter: Compat change id reported: 218533173; UID 10238; state: DISABLED
10-25 00:05:29.225  1465  1699 W WindowMagnificationMgr: requestConnection duplicated request: connect=false, mConnectionState=DISCONNECTED
10-25 00:05:29.228  1465  5468 D CompatibilityChangeReporter: Compat change id reported: 161252188; UID 10238; state: DISABLED
10-25 00:05:29.255  1465  1833 E VerityUtils: Failed to measure fs-verity, errno 1: /data/app/~~ceQ-Idp-Z1T1Uz4LiltQDA==/com.cncd.japan.janli.shudu-NSAp9MeIKSmIJhA29V9F8Q==/base.apk
10-25 00:05:29.263  1465  1465 I Telecom : DefaultDialerCache: Refreshing default dialer for user 0: now com.google.android.dialer: DDC.oR@BHw
10-25 00:05:29.263  1465  4182 W BackupTransportManager: Package com.cncd.japan.janli.shudu enabled setting: 0
10-25 00:05:29.279  1465  1837 E PackageManager: ERROR: could not load root hash from incremental install
10-25 00:05:29.283  1465  2048 W PackageParsing: Ignoring duplicate uses-permissions/uses-permissions-sdk-m: android.permission.ACCESS_WIFI_STATE in package: com.android.msc at: Binary XML file line #17
10-25 00:05:29.290  1465  5468 I ActivityTaskManager: START u0 {flg=0x14000000 cmp=com.eset.ems2.gp/com.eset.ems.gui.EmsDialogActivity (has extras)} from uid 10196
10-25 00:05:29.294  1465  1699 W PackageManager: Failed registering loading progress callback. Package is fully loaded.
10-25 00:05:29.307  1465  1837 I PackageManager: Integrity check passed for file:///data/app/vmdl2071603410.tmp
10-25 00:05:29.321  1465  5483 W ActivityTaskManager: Tried to set launchTime (0) < mLastActivityLaunchTime (889070)
10-25 00:05:29.326  1465  1699 W WindowMagnificationMgr: requestConnection duplicated request: connect=false, mConnectionState=DISCONNECTED
10-25 00:05:29.372  1465  5472 D CoreBackPreview: Window{2aaeff7 u0 com.eset.ems2.gp/com.eset.ems.gui.EmsDialogActivity}: Setting back callback OnBackInvokedCallbackInfo{mCallback=android.window.IOnBackInvokedCallback$Stub$Proxy@61fc463, mPriority=0}
10-25 00:05:29.377  1465  3216 D CoreBackPreview: Window{93464bb u0 com.eset.ems2.gp/com.eset.ems.gui.EmsDialogActivity}: Setting back callback OnBackInvokedCallbackInfo{mCallback=android.window.IOnBackInvokedCallback$Stub$Proxy@347e531, mPriority=0}
10-25 00:05:29.424  1465  1837 W PackageParsing: Ignoring duplicate uses-permissions/uses-permissions-sdk-m: android.permission.ACCESS_WIFI_STATE in package: com.android.msc at: Binary XML file line #17
10-25 00:05:29.490  1465  1685 V StorageManagerService: Package null has legacy storage
10-25 00:05:29.497  1465  1837 V BackupManagerService: [UserID:0] restoreAtInstall pkg=com.android.msc token=31 restoreSet=0
10-25 00:05:29.498  1465  1837 V BackupManagerService: [UserID:0] Finishing install immediately
10-25 00:05:29.499  1465  1837 D PackageInstallerSession: Marking session 2071603410 as applied
10-25 00:05:29.507  1465  1837 D CompatibilityChangeReporter: Compat change id reported: 168419799; UID 10239; state: DISABLED
10-25 00:05:29.507  1465  1837 D CompatibilityChangeReporter: Compat change id reported: 273564678; UID 10239; state: DISABLED
10-25 00:05:29.511  1465  1700 W BroadcastQueue: u0 Receiving a broadcast in packagecom.android.buyer requires a permissions review
10-25 00:05:29.511  1465  1700 W BroadcastQueue: Skipping delivery: permission review required for Intent { act=android.intent.action.PACKAGE_ADDED dat=package: flg=0x4000010 (has extras) } from null (pid=1465, uid=1000) to com.android.buyer/.mRve
10-25 00:05:29.511  1465  1700 W BroadcastQueue: Background execution not allowed: receiving Intent { act=android.intent.action.PACKAGE_ADDED dat=package: flg=0x4000010 (has extras) } to com.google.android.packageinstaller/com.android.packageinstaller.PackageInstalledReceiver
10-25 00:05:29.511  1465  1700 W BroadcastQueue: Background execution not allowed: receiving Intent { act=android.intent.action.PACKAGE_ADDED dat=package: flg=0x4000010 (has extras) } to com.android.vending/com.google.android.finsky.packagemonitor.impl.PackageMonitorReceiverImpl$RegisteredReceiver
10-25 00:05:29.511  1465  1700 W BroadcastQueue: Background execution not allowed: receiving Intent { act=android.intent.action.PACKAGE_ADDED dat=package: flg=0x4000010 (has extras) } to com.android.vending/com.google.android.finsky.packagemonitor.backgroundimpl.BackgroundPackageMonitorReceiverImpl$RegisteredReceiver
10-25 00:05:29.511  1465  1700 W BroadcastQueue: Background execution not allowed: receiving Intent { act=android.intent.action.PACKAGE_ADDED dat=package: flg=0x4000010 (has extras) } to com.google.android.gms/.games.chimera.GamesSystemBroadcastReceiverProxy
10-25 00:05:29.511  1465  1700 W BroadcastQueue: Background execution not allowed: receiving Intent { act=android.intent.action.PACKAGE_ADDED dat=package: flg=0x4000010 (has extras) } to com.google.android.gms/.gass.chimera.PackageChangeBroadcastReceiver
10-25 00:05:29.511  1465  1700 W BroadcastQueue: Background execution not allowed: receiving Intent { act=android.intent.action.PACKAGE_ADDED dat=package: flg=0x4000010 (has extras) } to com.google.android.gms/.chimera.GmsIntentOperationService$PersistentTrustedReceiver
10-25 00:05:29.511  1465  1700 W BroadcastQueue: Background execution not allowed: receiving Intent { act=android.intent.action.PACKAGE_ADDED dat=package: flg=0x4000010 (has extras) } to com.google.android.googlequicksearchbox/com.google.android.apps.gsa.googlequicksearchbox.GelStubAppWatcher
10-25 00:05:29.511  1465  1700 W BroadcastQueue: u0 Receiving a broadcast in packagecom.cncd.japan.janli.shudu requires a permissions review
10-25 00:05:29.511  1465  1700 W BroadcastQueue: Skipping delivery: permission review required for Intent { act=android.intent.action.PACKAGE_ADDED dat=package: flg=0x4000010 (has extras) } from null (pid=1465, uid=1000) to com.cncd.japan.janli.shudu/net.l.k.r
10-25 00:05:29.511  1465  1700 W BroadcastQueue: u0 Receiving a broadcast in packagecom.cncd.japan.janli.shudu requires a permissions review
10-25 00:05:29.511  1465  1700 W BroadcastQueue: Skipping delivery: permission review required for Intent { act=android.intent.action.PACKAGE_ADDED dat=package: flg=0x4000010 (has extras) } from null (pid=1465, uid=1000) to com.cncd.japan.janli.shudu/com.feiwofour.coverscreen.SR
10-25 00:05:29.511  1465  1700 W BroadcastQueue: u0 Receiving a broadcast in packagecom.games.mengmeizhitd requires a permissions review
10-25 00:05:29.511  1465  1700 W BroadcastQueue: Skipping delivery: permission review required for Intent { act=android.intent.action.PACKAGE_ADDED dat=package: flg=0x4000010 (has extras) } from null (pid=1465, uid=1000) to com.games.mengmeizhitd/hjnw.ihjnw.i.isqly
10-25 00:05:29.511  1465  1700 W BroadcastQueue: u0 Receiving a broadcast in packagecom.hgperfko.yaeghrwx requires a permissions review
10-25 00:05:29.511  1465  1700 W BroadcastQueue: Skipping delivery: permission review required for Intent { act=android.intent.action.PACKAGE_ADDED dat=package: flg=0x4000010 (has extras) } from null (pid=1465, uid=1000) to com.hgperfko.yaeghrwx/.core.hLytdCQDBv
10-25 00:05:29.511  1465  1700 W BroadcastQueue: u0 Receiving a broadcast in packagecom.qiuqiu.dfmc requires a permissions review
10-25 00:05:29.511  1465  1700 W BroadcastQueue: Skipping delivery: permission review required for Intent { act=android.intent.action.PACKAGE_ADDED dat=package: flg=0x4000010 (has extras) } from null (pid=1465, uid=1000) to com.qiuqiu.dfmc/cn.jpush.android.service.PushReceiver
10-25 00:05:29.511  1465  1700 W BroadcastQueue: u0 Receiving a broadcast in packagecom.safesys.viruskiller requires a permissions review
10-25 00:05:29.511  1465  1700 W BroadcastQueue: Skipping delivery: permission review required for Intent { act=android.intent.action.PACKAGE_ADDED dat=package: flg=0x4000010 (has extras) } from null (pid=1465, uid=1000) to com.safesys.viruskiller/.ScanPackageBroadcast
10-25 00:05:29.511  1465  1700 W BroadcastQueue: u0 Receiving a broadcast in packagecom.uc108.mobile.sdgj.bd1 requires a permissions review
10-25 00:05:29.511  1465  1700 W BroadcastQueue: Skipping delivery: permission review required for Intent { act=android.intent.action.PACKAGE_ADDED dat=package: flg=0x4000010 (has extras) } from null (pid=1465, uid=1000) to com.uc108.mobile.sdgj.bd1/com.baidu.tiebasdk.service.InstallReceiver
10-25 00:05:29.511  1465  1700 W BroadcastQueue: u0 Receiving a broadcast in packageio.dcloud.H5BC6BF13 requires a permissions review
10-25 00:05:29.514  1465  2926 D CompatibilityChangeReporter: Compat change id reported: 218533173; UID 10239; state: DISABLED
10-25 00:05:29.518  1465  1465 I Telecom : DefaultDialerCache: Refreshing default dialer for user 0: now com.google.android.dialer: DDC.oR@BH8
10-25 00:05:29.520  1465  1465 V BackupManagerConstants: getFullBackupIntervalMilliseconds(...) returns 86400000
10-25 00:05:29.520  1465  1465 V BackupManagerConstants: getFullBackupRequiredNetworkType(...) returns 2
10-25 00:05:29.520  1465  1465 V BackupManagerConstants: getFullBackupRequireCharging(...) returns true
10-25 00:05:29.520 10849 10849 W PackageParser: Ignoring duplicate uses-permissions/uses-permissions-sdk-m: android.permission.ACCESS_WIFI_STATE in package: com.android.msc at: Binary XML file line #17
10-25 00:05:29.521 10849 17711 W PackageParser: Ignoring duplicate uses-permissions/uses-permissions-sdk-m: android.permission.ACCESS_WIFI_STATE in package: com.android.msc at: Binary XML file line #17
10-25 00:05:29.521  1465  1699 W WindowMagnificationMgr: requestConnection duplicated request: connect=false, mConnectionState=DISCONNECTED
10-25 00:05:29.525  1465  1700 W BroadcastQueue: Skipping delivery: permission review required for Intent { act=android.intent.action.PACKAGE_ADDED dat=package: flg=0x4000010 (has extras) } from null (pid=1465, uid=1000) to io.dcloud.H5BC6BF13/io.dcloud.common.adapter.io.DownloadReceiver
10-25 00:05:29.545  1465  1699 W PackageManager: Failed registering loading progress callback. Package is fully loaded.
10-25 00:05:29.569  1465  1465 I Telecom : DefaultDialerCache: Refreshing default dialer for user 0: now com.google.android.dialer: DDC.oR@BIQ
10-25 00:05:29.571  1465  1699 W WindowMagnificationMgr: requestConnection duplicated request: connect=false, mConnectionState=DISCONNECTED
10-25 00:05:29.590  1465  1833 E VerityUtils: Failed to measure fs-verity, errno 1: /data/app/~~-LqYFWb8exO1KPoIZ53GAg==/com.android.msc-XqdsHcvvQfLtDoSQyaMe0A==/base.apk
10-25 00:05:29.603  1465  5480 D CompatibilityChangeReporter: Compat change id reported: 161252188; UID 10239; state: DISABLED
10-25 00:05:29.619 10849 19637 W PackageParser: Ignoring duplicate uses-permissions/uses-permissions-sdk-m: android.permission.ACCESS_WIFI_STATE in package: com.android.msc at: Binary XML file line #17
10-25 00:05:29.622  1465  4182 W BackupTransportManager: Package com.android.msc enabled setting: 0
10-25 00:05:29.623 10849 10849 W PackageParser: Ignoring duplicate uses-permissions/uses-permissions-sdk-m: android.permission.ACCESS_WIFI_STATE in package: com.android.msc at: Binary XML file line #17
10-25 00:05:29.816  1465  3218 W AppOps  : setUidMode() called with a mode inconsistent with runtime permission state, this is discouraged and you should revoke the runtime permission instead: uid=10125, switchCode=0, mode=4, permission=android.permission.ACCESS_BACKGROUND_LOCATION
10-25 00:05:29.925  1465  2995 W AppOps  : setUidMode() called with a mode inconsistent with runtime permission state, this is discouraged and you should revoke the runtime permission instead: uid=10125, switchCode=1, mode=4, permission=android.permission.ACCESS_BACKGROUND_LOCATION
10-25 00:05:29.930  1465  5471 W AppOps  : setUidMode() called with a mode inconsistent with runtime permission state, this is discouraged and you should revoke the runtime permission instead: uid=10125, switchCode=0, mode=4, permission=android.permission.ACCESS_BACKGROUND_LOCATION
10-25 00:05:29.945  1465  2995 D CoreBackPreview: Window{e92f89f u0 com.eset.ems2.gp/com.eset.ems.gui.EmsDialogActivity}: Setting back callback null
10-25 00:05:29.953  1465  2995 D CoreBackPreview: Window{62b1303 u0 com.eset.ems2.gp/com.eset.ems.gui.EmsDialogActivity}: Setting back callback null
10-25 00:05:30.125  1465  1837 E PackageManager: ERROR: could not load root hash from incremental install
10-25 00:05:30.131  1465  2048 W PackageParsing: Ignoring duplicate uses-permissions/uses-permissions-sdk-m: android.permission.INTERNET in package: com.jr.narutoii at: Binary XML file line #10
10-25 00:05:30.131  1465  2048 W PackageParsing: Ignoring duplicate uses-permissions/uses-permissions-sdk-m: android.permission.ACCESS_NETWORK_STATE in package: com.jr.narutoii at: Binary XML file line #11
10-25 00:05:30.131  1465  2048 W PackageParsing: Ignoring duplicate uses-permissions/uses-permissions-sdk-m: android.permission.MOUNT_UNMOUNT_FILESYSTEMS in package: com.jr.narutoii at: Binary XML file line #13
10-25 00:05:30.131  1465  2048 W PackageParsing: Ignoring duplicate uses-permissions/uses-permissions-sdk-m: android.permission.WRITE_EXTERNAL_STORAGE in package: com.jr.narutoii at: Binary XML file line #14
10-25 00:05:30.132  1465  2048 W PackageParsing: Ignoring duplicate uses-permissions/uses-permissions-sdk-m: android.permission.INTERNET in package: com.jr.narutoii at: Binary XML file line #20
10-25 00:05:30.132  1465  2048 W PackageParsing: Ignoring duplicate uses-permissions/uses-permissions-sdk-m: android.permission.ACCESS_NETWORK_STATE in package: com.jr.narutoii at: Binary XML file line #21
10-25 00:05:30.132  1465  2048 W PackageParsing: Ignoring duplicate uses-permissions/uses-permissions-sdk-m: android.permission.READ_PHONE_STATE in package: com.jr.narutoii at: Binary XML file line #22
10-25 00:05:30.132  1465  2048 W PackageParsing: Ignoring duplicate uses-permissions/uses-permissions-sdk-m: android.permission.READ_PHONE_STATE in package: com.jr.narutoii at: Binary XML file line #35
10-25 00:05:30.132  1465  2048 W PackageParsing: Ignoring duplicate uses-permissions/uses-permissions-sdk-m: android.permission.ACCESS_NETWORK_STATE in package: com.jr.narutoii at: Binary XML file line #36
10-25 00:05:30.132  1465  2048 W PackageParsing: Ignoring duplicate uses-permissions/uses-permissions-sdk-m: android.permission.ACCESS_WIFI_STATE in package: com.jr.narutoii at: Binary XML file line #37
10-25 00:05:30.132  1465  2048 W PackageParsing: Ignoring duplicate uses-permissions/uses-permissions-sdk-m: android.permission.INTERNET in package: com.jr.narutoii at: Binary XML file line #38
10-25 00:05:30.132  1465  2048 W PackageParsing: Ignoring duplicate uses-permissions/uses-permissions-sdk-m: android.permission.WRITE_EXTERNAL_STORAGE in package: com.jr.narutoii at: Binary XML file line #39
10-25 00:05:30.132  1465  2048 W PackageParsing: Ignoring duplicate uses-permissions/uses-permissions-sdk-m: android.permission.READ_SMS in package: com.jr.narutoii at: Binary XML file line #48
10-25 00:05:30.132  1465  2048 W PackageParsing: Ignoring duplicate uses-permissions/uses-permissions-sdk-m: android.permission.SEND_SMS in package: com.jr.narutoii at: Binary XML file line #49
10-25 00:05:30.132  1465  2048 W PackageParsing: Ignoring duplicate uses-permissions/uses-permissions-sdk-m: android.permission.WRITE_SMS in package: com.jr.narutoii at: Binary XML file line #50
10-25 00:05:30.132  1465  2048 W PackageParsing: Ignoring duplicate uses-permissions/uses-permissions-sdk-m: android.permission.VIBRATE in package: com.jr.narutoii at: Binary XML file line #51
10-25 00:05:30.132  1465  2048 W PackageParsing: Ignoring duplicate uses-permissions/uses-permissions-sdk-m: android.permission.RECEIVE_BOOT_COMPLETED in package: com.jr.narutoii at: Binary XML file line #55
10-25 00:05:30.134  1465  2048 W PackageParsing: Ignoring duplicate uses-permissions/uses-permissions-sdk-m: android.permission.INTERNET in package: com.jr.narutoii at: Binary XML file line #142
10-25 00:05:30.153  1465  1837 I PackageManager: Integrity check passed for file:///data/app/vmdl1899764198.tmp
10-25 00:05:30.158  1465  1837 W PackageParsing: Ignoring duplicate uses-permissions/uses-permissions-sdk-m: android.permission.INTERNET in package: com.jr.narutoii at: Binary XML file line #10
10-25 00:05:30.158  1465  1837 W PackageParsing: Ignoring duplicate uses-permissions/uses-permissions-sdk-m: android.permission.ACCESS_NETWORK_STATE in package: com.jr.narutoii at: Binary XML file line #11
10-25 00:05:30.158  1465  1837 W PackageParsing: Ignoring duplicate uses-permissions/uses-permissions-sdk-m: android.permission.MOUNT_UNMOUNT_FILESYSTEMS in package: com.jr.narutoii at: Binary XML file line #13
10-25 00:05:30.158  1465  1837 W PackageParsing: Ignoring duplicate uses-permissions/uses-permissions-sdk-m: android.permission.WRITE_EXTERNAL_STORAGE in package: com.jr.narutoii at: Binary XML file line #14
10-25 00:05:30.159  1465  1837 W PackageParsing: Ignoring duplicate uses-permissions/uses-permissions-sdk-m: android.permission.INTERNET in package: com.jr.narutoii at: Binary XML file line #20
10-25 00:05:30.159  1465  1837 W PackageParsing: Ignoring duplicate uses-permissions/uses-permissions-sdk-m: android.permission.ACCESS_NETWORK_STATE in package: com.jr.narutoii at: Binary XML file line #21
10-25 00:05:30.159  1465  1837 W PackageParsing: Ignoring duplicate uses-permissions/uses-permissions-sdk-m: android.permission.READ_PHONE_STATE in package: com.jr.narutoii at: Binary XML file line #22
10-25 00:05:30.159  1465  1837 W PackageParsing: Ignoring duplicate uses-permissions/uses-permissions-sdk-m: android.permission.READ_PHONE_STATE in package: com.jr.narutoii at: Binary XML file line #35
10-25 00:05:30.159  1465  1837 W PackageParsing: Ignoring duplicate uses-permissions/uses-permissions-sdk-m: android.permission.ACCESS_NETWORK_STATE in package: com.jr.narutoii at: Binary XML file line #36
10-25 00:05:30.159  1465  1837 W PackageParsing: Ignoring duplicate uses-permissions/uses-permissions-sdk-m: android.permission.ACCESS_WIFI_STATE in package: com.jr.narutoii at: Binary XML file line #37
10-25 00:05:30.159  1465  1837 W PackageParsing: Ignoring duplicate uses-permissions/uses-permissions-sdk-m: android.permission.INTERNET in package: com.jr.narutoii at: Binary XML file line #38
10-25 00:05:30.159  1465  1837 W PackageParsing: Ignoring duplicate uses-permissions/uses-permissions-sdk-m: android.permission.WRITE_EXTERNAL_STORAGE in package: com.jr.narutoii at: Binary XML file line #39
10-25 00:05:30.159  1465  1837 W PackageParsing: Ignoring duplicate uses-permissions/uses-permissions-sdk-m: android.permission.READ_SMS in package: com.jr.narutoii at: Binary XML file line #48
10-25 00:05:30.159  1465  1837 W PackageParsing: Ignoring duplicate uses-permissions/uses-permissions-sdk-m: android.permission.SEND_SMS in package: com.jr.narutoii at: Binary XML file line #49
10-25 00:05:30.159  1465  1837 W PackageParsing: Ignoring duplicate uses-permissions/uses-permissions-sdk-m: android.permission.WRITE_SMS in package: com.jr.narutoii at: Binary XML file line #50
10-25 00:05:30.159  1465  1837 W PackageParsing: Ignoring duplicate uses-permissions/uses-permissions-sdk-m: android.permission.VIBRATE in package: com.jr.narutoii at: Binary XML file line #51
10-25 00:05:30.159  1465  1837 W PackageParsing: Ignoring duplicate uses-permissions/uses-permissions-sdk-m: android.permission.RECEIVE_BOOT_COMPLETED in package: com.jr.narutoii at: Binary XML file line #55
10-25 00:05:30.160  1465  1837 W PackageParsing: Ignoring duplicate uses-permissions/uses-permissions-sdk-m: android.permission.INTERNET in package: com.jr.narutoii at: Binary XML file line #142
10-25 00:05:30.220  1465  1685 V StorageManagerService: Package null has legacy storage
10-25 00:05:30.299  1465  5483 I ActivityManager: Background started FGS: Allowed [callingPackage: com.google.android.apps.wellbeing; callingUid: 10121; uidState: BFGS; intent: Intent { cmp=com.google.android.apps.wellbeing/com.google.apps.tiktok.concurrent.InternalForegroundService (has extras) }; code:BACKGROUND_ACTIVITY_PERMISSION; tempAllowListReason:<null>; targetSdkVersion:33; callerTargetSdkVersion:33; startForegroundCount:0; bindFromPackage:null]
10-25 00:05:30.368  1465  1837 V BackupManagerService: [UserID:0] restoreAtInstall pkg=com.jr.narutoii token=32 restoreSet=0
10-25 00:05:30.368  1465  1837 V BackupManagerService: [UserID:0] Finishing install immediately
10-25 00:05:30.371  1465  1837 D PackageInstallerSession: Marking session 1899764198 as applied
10-25 00:05:30.374  1465  1837 D CompatibilityChangeReporter: Compat change id reported: 168419799; UID 10240; state: DISABLED
10-25 00:05:30.375  1465  1837 D CompatibilityChangeReporter: Compat change id reported: 273564678; UID 10240; state: DISABLED
10-25 00:05:30.379  1465  2926 D CompatibilityChangeReporter: Compat change id reported: 218533173; UID 10240; state: DISABLED
10-25 00:05:30.384 10849 10849 W PackageParser: Ignoring duplicate uses-permissions/uses-permissions-sdk-m: android.permission.INTERNET in package: com.jr.narutoii at: Binary XML file line #10
10-25 00:05:30.384 10849 10849 W PackageParser: Ignoring duplicate uses-permissions/uses-permissions-sdk-m: android.permission.ACCESS_NETWORK_STATE in package: com.jr.narutoii at: Binary XML file line #11
10-25 00:05:30.384 10849 10849 W PackageParser: Ignoring duplicate uses-permissions/uses-permissions-sdk-m: android.permission.MOUNT_UNMOUNT_FILESYSTEMS in package: com.jr.narutoii at: Binary XML file line #13
10-25 00:05:30.384 10849 10849 W PackageParser: Ignoring duplicate uses-permissions/uses-permissions-sdk-m: android.permission.WRITE_EXTERNAL_STORAGE in package: com.jr.narutoii at: Binary XML file line #14
10-25 00:05:30.384 10849 10849 W PackageParser: Ignoring duplicate uses-permissions/uses-permissions-sdk-m: android.permission.INTERNET in package: com.jr.narutoii at: Binary XML file line #20
10-25 00:05:30.384 10849 10849 W PackageParser: Ignoring duplicate uses-permissions/uses-permissions-sdk-m: android.permission.ACCESS_NETWORK_STATE in package: com.jr.narutoii at: Binary XML file line #21
10-25 00:05:30.384 10849 10849 W PackageParser: Ignoring duplicate uses-permissions/uses-permissions-sdk-m: android.permission.READ_PHONE_STATE in package: com.jr.narutoii at: Binary XML file line #22
10-25 00:05:30.384 10849 10849 W PackageParser: Ignoring duplicate uses-permissions/uses-permissions-sdk-m: android.permission.READ_PHONE_STATE in package: com.jr.narutoii at: Binary XML file line #35
10-25 00:05:30.384 10849 10849 W PackageParser: Ignoring duplicate uses-permissions/uses-permissions-sdk-m: android.permission.ACCESS_NETWORK_STATE in package: com.jr.narutoii at: Binary XML file line #36
10-25 00:05:30.384 10849 10849 W PackageParser: Ignoring duplicate uses-permissions/uses-permissions-sdk-m: android.permission.ACCESS_WIFI_STATE in package: com.jr.narutoii at: Binary XML file line #37
10-25 00:05:30.384 10849 10849 W PackageParser: Ignoring duplicate uses-permissions/uses-permissions-sdk-m: android.permission.INTERNET in package: com.jr.narutoii at: Binary XML file line #38
10-25 00:05:30.384 10849 10849 W PackageParser: Ignoring duplicate uses-permissions/uses-permissions-sdk-m: android.permission.WRITE_EXTERNAL_STORAGE in package: com.jr.narutoii at: Binary XML file line #39
10-25 00:05:30.385 10849 10849 W PackageParser: Ignoring duplicate uses-permissions/uses-permissions-sdk-m: android.permission.READ_SMS in package: com.jr.narutoii at: Binary XML file line #48
10-25 00:05:30.385 10849 10849 W PackageParser: Ignoring duplicate uses-permissions/uses-permissions-sdk-m: android.permission.SEND_SMS in package: com.jr.narutoii at: Binary XML file line #49
10-25 00:05:30.385 10849 10849 W PackageParser: Ignoring duplicate uses-permissions/uses-permissions-sdk-m: android.permission.WRITE_SMS in package: com.jr.narutoii at: Binary XML file line #50
10-25 00:05:30.385 10849 10849 W PackageParser: Ignoring duplicate uses-permissions/uses-permissions-sdk-m: android.permission.VIBRATE in package: com.jr.narutoii at: Binary XML file line #51
10-25 00:05:30.385 10849 10849 W PackageParser: Ignoring duplicate uses-permissions/uses-permissions-sdk-m: android.permission.RECEIVE_BOOT_COMPLETED in package: com.jr.narutoii at: Binary XML file line #55
10-25 00:05:30.385 10849 10849 W PackageParser: Ignoring duplicate uses-permissions/uses-permissions-sdk-m: android.permission.INTERNET in package: com.jr.narutoii at: Binary XML file line #142
10-25 00:05:30.386  1465  5477 W BroadcastQueue: u0 Receiving a broadcast in packagecom.android.buyer requires a permissions review
10-25 00:05:30.386  1465  5477 W BroadcastQueue: Skipping delivery: permission review required for Intent { act=android.intent.action.PACKAGE_ADDED dat=package: flg=0x4000010 (has extras) } from null (pid=1465, uid=1000) to com.android.buyer/.mRve
10-25 00:05:30.387 10849 17711 W PackageParser: Ignoring duplicate uses-permissions/uses-permissions-sdk-m: android.permission.INTERNET in package: com.jr.narutoii at: Binary XML file line #10
10-25 00:05:30.387 10849 17711 W PackageParser: Ignoring duplicate uses-permissions/uses-permissions-sdk-m: android.permission.ACCESS_NETWORK_STATE in package: com.jr.narutoii at: Binary XML file line #11
10-25 00:05:30.388 10849 17711 W PackageParser: Ignoring duplicate uses-permissions/uses-permissions-sdk-m: android.permission.MOUNT_UNMOUNT_FILESYSTEMS in package: com.jr.narutoii at: Binary XML file line #13
10-25 00:05:30.388 10849 17711 W PackageParser: Ignoring duplicate uses-permissions/uses-permissions-sdk-m: android.permission.WRITE_EXTERNAL_STORAGE in package: com.jr.narutoii at: Binary XML file line #14
10-25 00:05:30.388 10849 17711 W PackageParser: Ignoring duplicate uses-permissions/uses-permissions-sdk-m: android.permission.INTERNET in package: com.jr.narutoii at: Binary XML file line #20
10-25 00:05:30.388 10849 17711 W PackageParser: Ignoring duplicate uses-permissions/uses-permissions-sdk-m: android.permission.ACCESS_NETWORK_STATE in package: com.jr.narutoii at: Binary XML file line #21
10-25 00:05:30.388 10849 17711 W PackageParser: Ignoring duplicate uses-permissions/uses-permissions-sdk-m: android.permission.READ_PHONE_STATE in package: com.jr.narutoii at: Binary XML file line #22
10-25 00:05:30.388 10849 17711 W PackageParser: Ignoring duplicate uses-permissions/uses-permissions-sdk-m: android.permission.READ_PHONE_STATE in package: com.jr.narutoii at: Binary XML file line #35
10-25 00:05:30.388 10849 17711 W PackageParser: Ignoring duplicate uses-permissions/uses-permissions-sdk-m: android.permission.ACCESS_NETWORK_STATE in package: com.jr.narutoii at: Binary XML file line #36
10-25 00:05:30.388 10849 17711 W PackageParser: Ignoring duplicate uses-permissions/uses-permissions-sdk-m: android.permission.ACCESS_WIFI_STATE in package: com.jr.narutoii at: Binary XML file line #37
10-25 00:05:30.388 10849 17711 W PackageParser: Ignoring duplicate uses-permissions/uses-permissions-sdk-m: android.permission.INTERNET in package: com.jr.narutoii at: Binary XML file line #38
10-25 00:05:30.388 10849 17711 W PackageParser: Ignoring duplicate uses-permissions/uses-permissions-sdk-m: android.permission.WRITE_EXTERNAL_STORAGE in package: com.jr.narutoii at: Binary XML file line #39
10-25 00:05:30.388 10849 17711 W PackageParser: Ignoring duplicate uses-permissions/uses-permissions-sdk-m: android.permission.READ_SMS in package: com.jr.narutoii at: Binary XML file line #48
10-25 00:05:30.388 10849 17711 W PackageParser: Ignoring duplicate uses-permissions/uses-permissions-sdk-m: android.permission.SEND_SMS in package: com.jr.narutoii at: Binary XML file line #49
10-25 00:05:30.388 10849 17711 W PackageParser: Ignoring duplicate uses-permissions/uses-permissions-sdk-m: android.permission.WRITE_SMS in package: com.jr.narutoii at: Binary XML file line #50
10-25 00:05:30.388 10849 17711 W PackageParser: Ignoring duplicate uses-permissions/uses-permissions-sdk-m: android.permission.VIBRATE in package: com.jr.narutoii at: Binary XML file line #51
10-25 00:05:30.388 10849 17711 W PackageParser: Ignoring duplicate uses-permissions/uses-permissions-sdk-m: android.permission.RECEIVE_BOOT_COMPLETED in package: com.jr.narutoii at: Binary XML file line #55
10-25 00:05:30.388 10849 17711 W PackageParser: Ignoring duplicate uses-permissions/uses-permissions-sdk-m: android.permission.INTERNET in package: com.jr.narutoii at: Binary XML file line #142
10-25 00:05:30.388  1465  1700 W BroadcastQueue: Background execution not allowed: receiving Intent { act=android.intent.action.PACKAGE_ADDED dat=package: flg=0x4000010 (has extras) } to com.google.android.packageinstaller/com.android.packageinstaller.PackageInstalledReceiver
10-25 00:05:30.389  1465  1700 W BroadcastQueue: Background execution not allowed: receiving Intent { act=android.intent.action.PACKAGE_ADDED dat=package: flg=0x4000010 (has extras) } to com.android.vending/com.google.android.finsky.packagemonitor.impl.PackageMonitorReceiverImpl$RegisteredReceiver
10-25 00:05:30.389  1465  1700 W BroadcastQueue: Background execution not allowed: receiving Intent { act=android.intent.action.PACKAGE_ADDED dat=package: flg=0x4000010 (has extras) } to com.android.vending/com.google.android.finsky.packagemonitor.backgroundimpl.BackgroundPackageMonitorReceiverImpl$RegisteredReceiver
10-25 00:05:30.389  1465  1700 W BroadcastQueue: Background execution not allowed: receiving Intent { act=android.intent.action.PACKAGE_ADDED dat=package: flg=0x4000010 (has extras) } to com.google.android.gms/.games.chimera.GamesSystemBroadcastReceiverProxy
10-25 00:05:30.389  1465  1700 W BroadcastQueue: Background execution not allowed: receiving Intent { act=android.intent.action.PACKAGE_ADDED dat=package: flg=0x4000010 (has extras) } to com.google.android.gms/.gass.chimera.PackageChangeBroadcastReceiver
10-25 00:05:30.389  1465  1700 W BroadcastQueue: Background execution not allowed: receiving Intent { act=android.intent.action.PACKAGE_ADDED dat=package: flg=0x4000010 (has extras) } to com.google.android.gms/.chimera.GmsIntentOperationService$PersistentTrustedReceiver
10-25 00:05:30.389  1465  1700 W BroadcastQueue: Background execution not allowed: receiving Intent { act=android.intent.action.PACKAGE_ADDED dat=package: flg=0x4000010 (has extras) } to com.google.android.googlequicksearchbox/com.google.android.apps.gsa.googlequicksearchbox.GelStubAppWatcher
10-25 00:05:30.389  1465  1700 W BroadcastQueue: u0 Receiving a broadcast in packagecom.cncd.japan.janli.shudu requires a permissions review
10-25 00:05:30.389  1465  1700 W BroadcastQueue: Skipping delivery: permission review required for Intent { act=android.intent.action.PACKAGE_ADDED dat=package: flg=0x4000010 (has extras) } from null (pid=1465, uid=1000) to com.cncd.japan.janli.shudu/net.l.k.r
10-25 00:05:30.389  1465  1700 W BroadcastQueue: u0 Receiving a broadcast in packagecom.cncd.japan.janli.shudu requires a permissions review
10-25 00:05:30.389  1465  1700 W BroadcastQueue: Skipping delivery: permission review required for Intent { act=android.intent.action.PACKAGE_ADDED dat=package: flg=0x4000010 (has extras) } from null (pid=1465, uid=1000) to com.cncd.japan.janli.shudu/com.feiwofour.coverscreen.SR
10-25 00:05:30.390  1465  1700 W BroadcastQueue: u0 Receiving a broadcast in packagecom.games.mengmeizhitd requires a permissions review
10-25 00:05:30.390  1465  1700 W BroadcastQueue: Skipping delivery: permission review required for Intent { act=android.intent.action.PACKAGE_ADDED dat=package: flg=0x4000010 (has extras) } from null (pid=1465, uid=1000) to com.games.mengmeizhitd/hjnw.ihjnw.i.isqly
10-25 00:05:30.390  1465  1700 W BroadcastQueue: u0 Receiving a broadcast in packagecom.hgperfko.yaeghrwx requires a permissions review
10-25 00:05:30.390  1465  1700 W BroadcastQueue: Skipping delivery: permission review required for Intent { act=android.intent.action.PACKAGE_ADDED dat=package: flg=0x4000010 (has extras) } from null (pid=1465, uid=1000) to com.hgperfko.yaeghrwx/.core.hLytdCQDBv
10-25 00:05:30.390  1465  1700 W BroadcastQueue: u0 Receiving a broadcast in packagecom.qiuqiu.dfmc requires a permissions review
10-25 00:05:30.390  1465  1700 W BroadcastQueue: Skipping delivery: permission review required for Intent { act=android.intent.action.PACKAGE_ADDED dat=package: flg=0x4000010 (has extras) } from null (pid=1465, uid=1000) to com.qiuqiu.dfmc/cn.jpush.android.service.PushReceiver
10-25 00:05:30.390  1465  1700 W BroadcastQueue: u0 Receiving a broadcast in packagecom.safesys.viruskiller requires a permissions review
10-25 00:05:30.390  1465  1700 W BroadcastQueue: Skipping delivery: permission review required for Intent { act=android.intent.action.PACKAGE_ADDED dat=package: flg=0x4000010 (has extras) } from null (pid=1465, uid=1000) to com.safesys.viruskiller/.ScanPackageBroadcast
10-25 00:05:30.391  1465  1465 I Telecom : DefaultDialerCache: Refreshing default dialer for user 0: now com.google.android.dialer: DDC.oR@BI0
10-25 00:05:30.397  1465  1465 V BackupManagerConstants: getFullBackupIntervalMilliseconds(...) returns 86400000
10-25 00:05:30.397  1465  1465 V BackupManagerConstants: getFullBackupRequiredNetworkType(...) returns 2
10-25 00:05:30.397  1465  1700 W BroadcastQueue: u0 Receiving a broadcast in packagecom.uc108.mobile.sdgj.bd1 requires a permissions review
10-25 00:05:30.397  1465  1465 V BackupManagerConstants: getFullBackupRequireCharging(...) returns true
10-25 00:05:30.397  1465  1700 W BroadcastQueue: Skipping delivery: permission review required for Intent { act=android.intent.action.PACKAGE_ADDED dat=package: flg=0x4000010 (has extras) } from null (pid=1465, uid=1000) to com.uc108.mobile.sdgj.bd1/com.baidu.tiebasdk.service.InstallReceiver
10-25 00:05:30.397  1465  1700 W BroadcastQueue: u0 Receiving a broadcast in packageio.dcloud.H5BC6BF13 requires a permissions review
10-25 00:05:30.397  1465  1700 W BroadcastQueue: Skipping delivery: permission review required for Intent { act=android.intent.action.PACKAGE_ADDED dat=package: flg=0x4000010 (has extras) } from null (pid=1465, uid=1000) to io.dcloud.H5BC6BF13/io.dcloud.common.adapter.io.DownloadReceiver
10-25 00:05:30.408  1465  1465 I Telecom : DefaultDialerCache: Refreshing default dialer for user 0: now com.google.android.dialer: DDC.oR@BI4
10-25 00:05:30.422  1465  1699 W WindowMagnificationMgr: requestConnection duplicated request: connect=false, mConnectionState=DISCONNECTED
10-25 00:05:30.434  1465  4182 W BackupTransportManager: Package com.jr.narutoii enabled setting: 0
10-25 00:05:30.456  1465  1833 E VerityUtils: Failed to measure fs-verity, errno 1: /data/app/~~e-HfOc_bMlOqivRPwxikrw==/com.jr.narutoii-ajDgkxPNngCZrm94mWfzHQ==/base.apk
10-25 00:05:30.463  1465  2048 W PackageParsing: Ignoring duplicate uses-permissions/uses-permissions-sdk-m: android.permission.DISABLE_KEYGUARD in package: xoin.sctqi.crejg at: Binary XML file line #24
10-25 00:05:30.465  1465  1837 E PackageManager: ERROR: could not load root hash from incremental install
10-25 00:05:30.470  1465  5471 D CompatibilityChangeReporter: Compat change id reported: 161252188; UID 10240; state: DISABLED
10-25 00:05:30.488  1465  1837 I PackageManager: Integrity check passed for file:///data/app/vmdl243454059.tmp
10-25 00:05:30.503  1465  1699 W PackageManager: Failed registering loading progress callback. Package is fully loaded.
10-25 00:05:30.508  1465  1465 I NotificationService: Cannot find enqueued record for key: 0|com.google.android.apps.wellbeing|174344743|null|10121
10-25 00:05:30.513  1465  1699 W WindowMagnificationMgr: requestConnection duplicated request: connect=false, mConnectionState=DISCONNECTED
10-25 00:05:30.599  1465  1837 W PackageParsing: Ignoring duplicate uses-permissions/uses-permissions-sdk-m: android.permission.DISABLE_KEYGUARD in package: xoin.sctqi.crejg at: Binary XML file line #24
10-25 00:05:30.659  1465  1685 V StorageManagerService: Package null has legacy storage
10-25 00:05:30.712  1465  5477 W AppOps  : setUidMode() called with a mode inconsistent with runtime permission state, this is discouraged and you should revoke the runtime permission instead: uid=10125, switchCode=0, mode=4, permission=android.permission.ACCESS_BACKGROUND_LOCATION
10-25 00:05:30.732 10849 19665 W PackageParser: Ignoring duplicate uses-permissions/uses-permissions-sdk-m: android.permission.INTERNET in package: com.jr.narutoii at: Binary XML file line #10
10-25 00:05:30.732 10849 19665 W PackageParser: Ignoring duplicate uses-permissions/uses-permissions-sdk-m: android.permission.ACCESS_NETWORK_STATE in package: com.jr.narutoii at: Binary XML file line #11
10-25 00:05:30.732 10849 19665 W PackageParser: Ignoring duplicate uses-permissions/uses-permissions-sdk-m: android.permission.MOUNT_UNMOUNT_FILESYSTEMS in package: com.jr.narutoii at: Binary XML file line #13
10-25 00:05:30.732 10849 19665 W PackageParser: Ignoring duplicate uses-permissions/uses-permissions-sdk-m: android.permission.WRITE_EXTERNAL_STORAGE in package: com.jr.narutoii at: Binary XML file line #14
10-25 00:05:30.732 10849 19665 W PackageParser: Ignoring duplicate uses-permissions/uses-permissions-sdk-m: android.permission.INTERNET in package: com.jr.narutoii at: Binary XML file line #20
10-25 00:05:30.732 10849 19665 W PackageParser: Ignoring duplicate uses-permissions/uses-permissions-sdk-m: android.permission.ACCESS_NETWORK_STATE in package: com.jr.narutoii at: Binary XML file line #21
10-25 00:05:30.732 10849 19665 W PackageParser: Ignoring duplicate uses-permissions/uses-permissions-sdk-m: android.permission.READ_PHONE_STATE in package: com.jr.narutoii at: Binary XML file line #22
10-25 00:05:30.732 10849 19665 W PackageParser: Ignoring duplicate uses-permissions/uses-permissions-sdk-m: android.permission.READ_PHONE_STATE in package: com.jr.narutoii at: Binary XML file line #35
10-25 00:05:30.732 10849 19665 W PackageParser: Ignoring duplicate uses-permissions/uses-permissions-sdk-m: android.permission.ACCESS_NETWORK_STATE in package: com.jr.narutoii at: Binary XML file line #36
10-25 00:05:30.732 10849 19665 W PackageParser: Ignoring duplicate uses-permissions/uses-permissions-sdk-m: android.permission.ACCESS_WIFI_STATE in package: com.jr.narutoii at: Binary XML file line #37
10-25 00:05:30.732 10849 19665 W PackageParser: Ignoring duplicate uses-permissions/uses-permissions-sdk-m: android.permission.INTERNET in package: com.jr.narutoii at: Binary XML file line #38
10-25 00:05:30.732 10849 19665 W PackageParser: Ignoring duplicate uses-permissions/uses-permissions-sdk-m: android.permission.WRITE_EXTERNAL_STORAGE in package: com.jr.narutoii at: Binary XML file line #39
10-25 00:05:30.732 10849 19665 W PackageParser: Ignoring duplicate uses-permissions/uses-permissions-sdk-m: android.permission.READ_SMS in package: com.jr.narutoii at: Binary XML file line #48
10-25 00:05:30.732 10849 19665 W PackageParser: Ignoring duplicate uses-permissions/uses-permissions-sdk-m: android.permission.SEND_SMS in package: com.jr.narutoii at: Binary XML file line #49
10-25 00:05:30.732 10849 19665 W PackageParser: Ignoring duplicate uses-permissions/uses-permissions-sdk-m: android.permission.WRITE_SMS in package: com.jr.narutoii at: Binary XML file line #50
10-25 00:05:30.732 10849 19665 W PackageParser: Ignoring duplicate uses-permissions/uses-permissions-sdk-m: android.permission.VIBRATE in package: com.jr.narutoii at: Binary XML file line #51
10-25 00:05:30.732 10849 19665 W PackageParser: Ignoring duplicate uses-permissions/uses-permissions-sdk-m: android.permission.RECEIVE_BOOT_COMPLETED in package: com.jr.narutoii at: Binary XML file line #55
10-25 00:05:30.733 10849 19665 W PackageParser: Ignoring duplicate uses-permissions/uses-permissions-sdk-m: android.permission.INTERNET in package: com.jr.narutoii at: Binary XML file line #142
10-25 00:05:30.736 10849 10849 W PackageParser: Ignoring duplicate uses-permissions/uses-permissions-sdk-m: android.permission.INTERNET in package: com.jr.narutoii at: Binary XML file line #10
10-25 00:05:30.736 10849 10849 W PackageParser: Ignoring duplicate uses-permissions/uses-permissions-sdk-m: android.permission.ACCESS_NETWORK_STATE in package: com.jr.narutoii at: Binary XML file line #11
10-25 00:05:30.736 10849 10849 W PackageParser: Ignoring duplicate uses-permissions/uses-permissions-sdk-m: android.permission.MOUNT_UNMOUNT_FILESYSTEMS in package: com.jr.narutoii at: Binary XML file line #13
10-25 00:05:30.736 10849 10849 W PackageParser: Ignoring duplicate uses-permissions/uses-permissions-sdk-m: android.permission.WRITE_EXTERNAL_STORAGE in package: com.jr.narutoii at: Binary XML file line #14
10-25 00:05:30.736 10849 10849 W PackageParser: Ignoring duplicate uses-permissions/uses-permissions-sdk-m: android.permission.INTERNET in package: com.jr.narutoii at: Binary XML file line #20
10-25 00:05:30.736 10849 10849 W PackageParser: Ignoring duplicate uses-permissions/uses-permissions-sdk-m: android.permission.ACCESS_NETWORK_STATE in package: com.jr.narutoii at: Binary XML file line #21
10-25 00:05:30.736 10849 10849 W PackageParser: Ignoring duplicate uses-permissions/uses-permissions-sdk-m: android.permission.READ_PHONE_STATE in package: com.jr.narutoii at: Binary XML file line #22
10-25 00:05:30.736 10849 10849 W PackageParser: Ignoring duplicate uses-permissions/uses-permissions-sdk-m: android.permission.READ_PHONE_STATE in package: com.jr.narutoii at: Binary XML file line #35
10-25 00:05:30.736 10849 10849 W PackageParser: Ignoring duplicate uses-permissions/uses-permissions-sdk-m: android.permission.ACCESS_NETWORK_STATE in package: com.jr.narutoii at: Binary XML file line #36
10-25 00:05:30.736 10849 10849 W PackageParser: Ignoring duplicate uses-permissions/uses-permissions-sdk-m: android.permission.ACCESS_WIFI_STATE in package: com.jr.narutoii at: Binary XML file line #37
10-25 00:05:30.736 10849 10849 W PackageParser: Ignoring duplicate uses-permissions/uses-permissions-sdk-m: android.permission.INTERNET in package: com.jr.narutoii at: Binary XML file line #38
10-25 00:05:30.736 10849 10849 W PackageParser: Ignoring duplicate uses-permissions/uses-permissions-sdk-m: android.permission.WRITE_EXTERNAL_STORAGE in package: com.jr.narutoii at: Binary XML file line #39
10-25 00:05:30.736 10849 10849 W PackageParser: Ignoring duplicate uses-permissions/uses-permissions-sdk-m: android.permission.READ_SMS in package: com.jr.narutoii at: Binary XML file line #48
10-25 00:05:30.736 10849 10849 W PackageParser: Ignoring duplicate uses-permissions/uses-permissions-sdk-m: android.permission.SEND_SMS in package: com.jr.narutoii at: Binary XML file line #49
10-25 00:05:30.737 10849 10849 W PackageParser: Ignoring duplicate uses-permissions/uses-permissions-sdk-m: android.permission.WRITE_SMS in package: com.jr.narutoii at: Binary XML file line #50
10-25 00:05:30.737 10849 10849 W PackageParser: Ignoring duplicate uses-permissions/uses-permissions-sdk-m: android.permission.VIBRATE in package: com.jr.narutoii at: Binary XML file line #51
10-25 00:05:30.737 10849 10849 W PackageParser: Ignoring duplicate uses-permissions/uses-permissions-sdk-m: android.permission.RECEIVE_BOOT_COMPLETED in package: com.jr.narutoii at: Binary XML file line #55
10-25 00:05:30.737 10849 10849 W PackageParser: Ignoring duplicate uses-permissions/uses-permissions-sdk-m: android.permission.INTERNET in package: com.jr.narutoii at: Binary XML file line #142
10-25 00:05:30.742  1465  4839 I ActivityTaskManager: START u0 {flg=0x14000000 cmp=com.eset.ems2.gp/com.eset.ems.gui.EmsDialogActivity (has extras)} from uid 10196
10-25 00:05:30.769  1465  5475 W ActivityTaskManager: Tried to set launchTime (0) < mLastActivityLaunchTime (890587)
10-25 00:05:30.810  1465  1837 V BackupManagerService: [UserID:0] restoreAtInstall pkg=xoin.sctqi.crejg token=33 restoreSet=0
10-25 00:05:30.811  1465  1837 V BackupManagerService: [UserID:0] Finishing install immediately
10-25 00:05:30.814  1465  1837 D PackageInstallerSession: Marking session 243454059 as applied
10-25 00:05:30.819  1465  5475 D CoreBackPreview: Window{ec68798 u0 com.eset.ems2.gp/com.eset.ems.gui.EmsDialogActivity}: Setting back callback OnBackInvokedCallbackInfo{mCallback=android.window.IOnBackInvokedCallback$Stub$Proxy@3d17829, mPriority=0}
10-25 00:05:30.822  1465  4839 D CoreBackPreview: Window{a6138dc u0 com.eset.ems2.gp/com.eset.ems.gui.EmsDialogActivity}: Setting back callback OnBackInvokedCallbackInfo{mCallback=android.window.IOnBackInvokedCallback$Stub$Proxy@6eeeb6b, mPriority=0}
10-25 00:05:30.828  1465  1837 D CompatibilityChangeReporter: Compat change id reported: 168419799; UID 10241; state: DISABLED
10-25 00:05:30.828  1465  1837 D CompatibilityChangeReporter: Compat change id reported: 273564678; UID 10241; state: DISABLED
10-25 00:05:30.833  1465  1700 W BroadcastQueue: u0 Receiving a broadcast in packagecom.jr.narutoii requires a permissions review
10-25 00:05:30.833  1465  1700 W BroadcastQueue: Skipping delivery: permission review required for Intent { act=android.intent.action.PACKAGE_ADDED dat=package: flg=0x4000010 (has extras) } from null (pid=1465, uid=1000) to com.jr.narutoii/com.joyriver.engine.proxy.EngineReceiver
