10-23 00:18:16.451  1530  2047 W PackageParsing: Ignoring duplicate uses-permissions/uses-permissions-sdk-m: android.permission.ACCESS_NETWORK_STATE in package: com.evilsunflower.animalpuzzle at: Binary XML file line #36
10-23 00:18:16.451  1530  2047 W PackageParsing: Ignoring duplicate uses-permissions/uses-permissions-sdk-m: android.permission.WRITE_EXTERNAL_STORAGE in package: com.evilsunflower.animalpuzzle at: Binary XML file line #38
10-23 00:18:16.451  1530  2047 W PackageParsing: Ignoring duplicate uses-permissions/uses-permissions-sdk-m: android.permission.WAKE_LOCK in package: com.evilsunflower.animalpuzzle at: Binary XML file line #42
10-23 00:18:16.457  1530  1861 I PackageManager: Integrity check passed for file:///data/app/vmdl146681497.tmp
10-23 00:18:16.488  1530  1861 W PackageParsing: Ignoring duplicate uses-permissions/uses-permissions-sdk-m: android.permission.INTERNET in package: com.evilsunflower.animalpuzzle at: Binary XML file line #33
10-23 00:18:16.488  1530  1861 W PackageParsing: Ignoring duplicate uses-permissions/uses-permissions-sdk-m: android.permission.ACCESS_NETWORK_STATE in package: com.evilsunflower.animalpuzzle at: Binary XML file line #36
10-23 00:18:16.488  1530  1861 W PackageParsing: Ignoring duplicate uses-permissions/uses-permissions-sdk-m: android.permission.WRITE_EXTERNAL_STORAGE in package: com.evilsunflower.animalpuzzle at: Binary XML file line #38
10-23 00:18:16.488  1530  1861 W PackageParsing: Ignoring duplicate uses-permissions/uses-permissions-sdk-m: android.permission.WAKE_LOCK in package: com.evilsunflower.animalpuzzle at: Binary XML file line #42
10-23 00:18:16.489  1530  1716 W PackageManager: Failed registering loading progress callback. Package is fully loaded.
10-23 00:18:16.504  1530  1716 W WindowMagnificationMgr: requestConnection duplicated request: connect=false, mConnectionState=DISCONNECTED
10-23 00:18:16.592  1530  1700 V StorageManagerService: Package null has legacy storage
10-23 00:18:16.593  1530  1861 V BackupManagerService: [UserID:0] restoreAtInstall pkg=com.evilsunflower.animalpuzzle token=43 restoreSet=0
10-23 00:18:16.594  1530  1861 V BackupManagerService: [UserID:0] Finishing install immediately
10-23 00:18:16.598  1530  1861 D PackageInstallerSession: Marking session 146681497 as applied
10-23 00:18:16.605  1530  1861 D CompatibilityChangeReporter: Compat change id reported: 168419799; UID 10231; state: DISABLED
10-23 00:18:16.605  1530  1861 D CompatibilityChangeReporter: Compat change id reported: 273564678; UID 10231; state: DISABLED
10-23 00:18:16.619  1530  3217 W BroadcastQueue: u0 Receiving a broadcast in packagecom.android.buyer requires a permissions review
10-23 00:18:16.619  1530  3217 W BroadcastQueue: Skipping delivery: permission review required for Intent { act=android.intent.action.PACKAGE_ADDED dat=package: flg=0x4000010 (has extras) } from null (pid=1530, uid=1000) to com.android.buyer/.mRve
10-23 00:18:16.620  1530  2923 D CompatibilityChangeReporter: Compat change id reported: 218533173; UID 10231; state: DISABLED
10-23 00:18:16.620  1530  1718 W BroadcastQueue: Background execution not allowed: receiving Intent { act=android.intent.action.PACKAGE_ADDED dat=package: flg=0x4000010 (has extras) } to com.google.android.packageinstaller/com.android.packageinstaller.PackageInstalledReceiver
10-23 00:18:16.620  1530  1718 W BroadcastQueue: Background execution not allowed: receiving Intent { act=android.intent.action.PACKAGE_ADDED dat=package: flg=0x4000010 (has extras) } to com.android.vending/com.google.android.finsky.packagemonitor.impl.PackageMonitorReceiverImpl$RegisteredReceiver
10-23 00:18:16.620  1530  1718 W BroadcastQueue: Background execution not allowed: receiving Intent { act=android.intent.action.PACKAGE_ADDED dat=package: flg=0x4000010 (has extras) } to com.android.vending/com.google.android.finsky.packagemonitor.backgroundimpl.BackgroundPackageMonitorReceiverImpl$RegisteredReceiver
10-23 00:18:16.620  1530  1718 W BroadcastQueue: Background execution not allowed: receiving Intent { act=android.intent.action.PACKAGE_ADDED dat=package: flg=0x4000010 (has extras) } to com.google.android.gms/.games.chimera.GamesSystemBroadcastReceiverProxy
10-23 00:18:16.620  1530  1718 W BroadcastQueue: Background execution not allowed: receiving Intent { act=android.intent.action.PACKAGE_ADDED dat=package: flg=0x4000010 (has extras) } to com.google.android.gms/.gass.chimera.PackageChangeBroadcastReceiver
10-23 00:18:16.620  1530  1718 W BroadcastQueue: Background execution not allowed: receiving Intent { act=android.intent.action.PACKAGE_ADDED dat=package: flg=0x4000010 (has extras) } to com.google.android.gms/.chimera.GmsIntentOperationService$PersistentTrustedReceiver
10-23 00:18:16.620  1530  1718 W BroadcastQueue: u0 Receiving a broadcast in packagecom.games.mengmeizhitd requires a permissions review
10-23 00:18:16.621  1530  1718 W BroadcastQueue: Skipping delivery: permission review required for Intent { act=android.intent.action.PACKAGE_ADDED dat=package: flg=0x4000010 (has extras) } from null (pid=1530, uid=1000) to com.games.mengmeizhitd/hjnw.ihjnw.i.isqly
10-23 00:18:16.621  1530  1718 W BroadcastQueue: Background execution not allowed: receiving Intent { act=android.intent.action.PACKAGE_ADDED dat=package: flg=0x4000010 (has extras) } to com.kms.free/com.kavsdk.AppInstallationReceiver
10-23 00:18:16.621  1530  1718 W BroadcastQueue: u0 Receiving a broadcast in packagecom.qiuqiu.dfmc requires a permissions review
10-23 00:18:16.621  1530  1718 W BroadcastQueue: Skipping delivery: permission review required for Intent { act=android.intent.action.PACKAGE_ADDED dat=package: flg=0x4000010 (has extras) } from null (pid=1530, uid=1000) to com.qiuqiu.dfmc/cn.jpush.android.service.PushReceiver
10-23 00:18:16.621  1530  1718 W BroadcastQueue: u0 Receiving a broadcast in packagecom.safesys.viruskiller requires a permissions review
10-23 00:18:16.621  1530  1718 W BroadcastQueue: Skipping delivery: permission review required for Intent { act=android.intent.action.PACKAGE_ADDED dat=package: flg=0x4000010 (has extras) } from null (pid=1530, uid=1000) to com.safesys.viruskiller/.ScanPackageBroadcast
10-23 00:18:16.627  1530  1530 I Telecom : DefaultDialerCache: Refreshing default dialer for user 0: now com.google.android.dialer: DDC.oR@CNg
10-23 00:18:16.629  1530  1530 V BackupManagerConstants: getFullBackupIntervalMilliseconds(...) returns 86400000
10-23 00:18:16.629  1530  1530 V BackupManagerConstants: getFullBackupRequiredNetworkType(...) returns 2
10-23 00:18:16.629  1530  1530 V BackupManagerConstants: getFullBackupRequireCharging(...) returns true
10-23 00:18:16.665  1530  1530 I Telecom : DefaultDialerCache: Refreshing default dialer for user 0: now com.google.android.dialer: DDC.oR@CNk
10-23 00:18:16.665  1530  1716 W WindowMagnificationMgr: requestConnection duplicated request: connect=false, mConnectionState=DISCONNECTED
10-23 00:18:16.687  1530  4206 W BackupTransportManager: Package com.evilsunflower.animalpuzzle enabled setting: 0
10-23 00:18:16.726  1530  1716 W PackageManager: Failed registering loading progress callback. Package is fully loaded.
10-23 00:18:16.733  1530  1716 W WindowMagnificationMgr: requestConnection duplicated request: connect=false, mConnectionState=DISCONNECTED
10-23 00:18:16.735  1530  1857 E VerityUtils: Failed to measure fs-verity, errno 1: /data/app/~~oioxsDZ4ZmiZJ7r92Z2IOQ==/com.evilsunflower.animalpuzzle-nPZwlXJ1dxGFohh0JzlZTQ==/base.apk
10-23 00:18:16.818  1530  1861 E PackageManager: ERROR: could not load root hash from incremental install
10-23 00:18:16.823  1530  2047 W PackageParsing: Ignoring duplicate uses-permissions/uses-permissions-sdk-m: android.permission.ACCESS_WIFI_STATE in package: io.dcloud.H5BC6BF13 at: Binary XML file line #2
10-23 00:18:16.823  1530  2047 W PackageParsing: Ignoring duplicate uses-permissions/uses-permissions-sdk-m: android.permission.ACCESS_NETWORK_STATE in package: io.dcloud.H5BC6BF13 at: Binary XML file line #2
10-23 00:18:16.823  1530  2047 W PackageParsing: Ignoring duplicate uses-permissions/uses-permissions-sdk-m: android.permission.READ_PHONE_STATE in package: io.dcloud.H5BC6BF13 at: Binary XML file line #2
10-23 00:18:16.827  1530  1861 I PackageManager: Integrity check passed for file:///data/app/vmdl772891726.tmp
10-23 00:18:16.858  1530  1861 W PackageParsing: Ignoring duplicate uses-permissions/uses-permissions-sdk-m: android.permission.ACCESS_WIFI_STATE in package: io.dcloud.H5BC6BF13 at: Binary XML file line #2
10-23 00:18:16.858  1530  1861 W PackageParsing: Ignoring duplicate uses-permissions/uses-permissions-sdk-m: android.permission.ACCESS_NETWORK_STATE in package: io.dcloud.H5BC6BF13 at: Binary XML file line #2
10-23 00:18:16.858  1530  1861 W PackageParsing: Ignoring duplicate uses-permissions/uses-permissions-sdk-m: android.permission.READ_PHONE_STATE in package: io.dcloud.H5BC6BF13 at: Binary XML file line #2
10-23 00:18:16.858  1530  4242 D CompatibilityChangeReporter: Compat change id reported: 161252188; UID 10231; state: DISABLED
10-23 00:18:16.932  1530  1700 V StorageManagerService: Package null has legacy storage
10-23 00:18:17.256  1530  1861 V BackupManagerService: [UserID:0] restoreAtInstall pkg=io.dcloud.H5BC6BF13 token=44 restoreSet=0
10-23 00:18:17.256  1530  1861 V BackupManagerService: [UserID:0] Finishing install immediately
10-23 00:18:17.257  1530  1861 D PackageInstallerSession: Marking session 772891726 as applied
10-23 00:18:17.260  1530  1861 D CompatibilityChangeReporter: Compat change id reported: 168419799; UID 10232; state: DISABLED
10-23 00:18:17.260  1530  1861 D CompatibilityChangeReporter: Compat change id reported: 273564678; UID 10232; state: DISABLED
10-23 00:18:17.266  1530  2923 D CompatibilityChangeReporter: Compat change id reported: 218533173; UID 10232; state: DISABLED
10-23 00:18:17.273  1530  5485 W BroadcastQueue: u0 Receiving a broadcast in packagecom.android.buyer requires a permissions review
10-23 00:18:17.273  1530  5485 W BroadcastQueue: Skipping delivery: permission review required for Intent { act=android.intent.action.PACKAGE_ADDED dat=package: flg=0x4000010 (has extras) } from null (pid=1530, uid=1000) to com.android.buyer/.mRve
10-23 00:18:17.273  1530  1530 I Telecom : DefaultDialerCache: Refreshing default dialer for user 0: now com.google.android.dialer: DDC.oR@CN4
10-23 00:18:17.276  1530  1716 W WindowMagnificationMgr: requestConnection duplicated request: connect=false, mConnectionState=DISCONNECTED
10-23 00:18:17.280  1530  1718 W BroadcastQueue: Background execution not allowed: receiving Intent { act=android.intent.action.PACKAGE_ADDED dat=package: flg=0x4000010 (has extras) } to com.google.android.packageinstaller/com.android.packageinstaller.PackageInstalledReceiver
10-23 00:18:17.280  1530  1718 W BroadcastQueue: Background execution not allowed: receiving Intent { act=android.intent.action.PACKAGE_ADDED dat=package: flg=0x4000010 (has extras) } to com.android.vending/com.google.android.finsky.packagemonitor.impl.PackageMonitorReceiverImpl$RegisteredReceiver
10-23 00:18:17.280  1530  1718 W BroadcastQueue: Background execution not allowed: receiving Intent { act=android.intent.action.PACKAGE_ADDED dat=package: flg=0x4000010 (has extras) } to com.android.vending/com.google.android.finsky.packagemonitor.backgroundimpl.BackgroundPackageMonitorReceiverImpl$RegisteredReceiver
10-23 00:18:17.281  1530  1718 W BroadcastQueue: Background execution not allowed: receiving Intent { act=android.intent.action.PACKAGE_ADDED dat=package: flg=0x4000010 (has extras) } to com.google.android.gms/.games.chimera.GamesSystemBroadcastReceiverProxy
10-23 00:18:17.281  1530  1718 W BroadcastQueue: Background execution not allowed: receiving Intent { act=android.intent.action.PACKAGE_ADDED dat=package: flg=0x4000010 (has extras) } to com.google.android.gms/.gass.chimera.PackageChangeBroadcastReceiver
10-23 00:18:17.281  1530  1718 W BroadcastQueue: Background execution not allowed: receiving Intent { act=android.intent.action.PACKAGE_ADDED dat=package: flg=0x4000010 (has extras) } to com.google.android.gms/.chimera.GmsIntentOperationService$PersistentTrustedReceiver
10-23 00:18:17.281  1530  1718 W BroadcastQueue: u0 Receiving a broadcast in packagecom.games.mengmeizhitd requires a permissions review
10-23 00:18:17.281  1530  1718 W BroadcastQueue: Skipping delivery: permission review required for Intent { act=android.intent.action.PACKAGE_ADDED dat=package: flg=0x4000010 (has extras) } from null (pid=1530, uid=1000) to com.games.mengmeizhitd/hjnw.ihjnw.i.isqly
10-23 00:18:17.281  1530  1718 W BroadcastQueue: Background execution not allowed: receiving Intent { act=android.intent.action.PACKAGE_ADDED dat=package: flg=0x4000010 (has extras) } to com.kms.free/com.kavsdk.AppInstallationReceiver
10-23 00:18:17.281  1530  1718 W BroadcastQueue: u0 Receiving a broadcast in packagecom.qiuqiu.dfmc requires a permissions review
10-23 00:18:17.281  1530  1718 W BroadcastQueue: Skipping delivery: permission review required for Intent { act=android.intent.action.PACKAGE_ADDED dat=package: flg=0x4000010 (has extras) } from null (pid=1530, uid=1000) to com.qiuqiu.dfmc/cn.jpush.android.service.PushReceiver
10-23 00:18:17.281  1530  1718 W BroadcastQueue: u0 Receiving a broadcast in packagecom.safesys.viruskiller requires a permissions review
10-23 00:18:17.281  1530  1718 W BroadcastQueue: Skipping delivery: permission review required for Intent { act=android.intent.action.PACKAGE_ADDED dat=package: flg=0x4000010 (has extras) } from null (pid=1530, uid=1000) to com.safesys.viruskiller/.ScanPackageBroadcast
10-23 00:18:17.290  1530  1530 I Telecom : DefaultDialerCache: Refreshing default dialer for user 0: now com.google.android.dialer: DDC.oR@CN8
10-23 00:18:17.294  1530  4206 W BackupTransportManager: Package io.dcloud.H5BC6BF13 enabled setting: 0
10-23 00:18:17.308  1530  1716 W PackageManager: Failed registering loading progress callback. Package is fully loaded.
10-23 00:18:17.313  1530  1857 E VerityUtils: Failed to measure fs-verity, errno 1: /data/app/~~aCdaGV0oRFlScFotHdIu4Q==/io.dcloud.H5BC6BF13-zieZ0V4TTE__8kc6Kzpf6A==/base.apk
10-23 00:18:17.334  1530  5180 D CompatibilityChangeReporter: Compat change id reported: 161252188; UID 10232; state: DISABLED
10-23 00:18:17.334  1530  1716 W WindowMagnificationMgr: requestConnection duplicated request: connect=false, mConnectionState=DISCONNECTED
10-23 00:18:17.425  1530  1861 E PackageManager: ERROR: could not load root hash from incremental install
10-23 00:18:17.435  1530  1861 I PackageManager: Integrity check passed for file:///data/app/vmdl229898303.tmp
10-23 00:18:17.533  1530  1700 V StorageManagerService: Package null has legacy storage
10-23 00:18:17.670  1530  1861 V BackupManagerService: [UserID:0] restoreAtInstall pkg=com.keji.danti1052 token=45 restoreSet=0
10-23 00:18:17.670  1530  1861 V BackupManagerService: [UserID:0] Finishing install immediately
10-23 00:18:17.671  1530  1861 D PackageInstallerSession: Marking session 229898303 as applied
10-23 00:18:17.676  1530  1861 D CompatibilityChangeReporter: Compat change id reported: 168419799; UID 10233; state: DISABLED
10-23 00:18:17.676  1530  1861 D CompatibilityChangeReporter: Compat change id reported: 273564678; UID 10233; state: DISABLED
10-23 00:18:17.683  1530  2923 D CompatibilityChangeReporter: Compat change id reported: 218533173; UID 10233; state: DISABLED
10-23 00:18:17.686  1530  5562 W BroadcastQueue: u0 Receiving a broadcast in packagecom.android.buyer requires a permissions review
10-23 00:18:17.687  1530  5562 W BroadcastQueue: Skipping delivery: permission review required for Intent { act=android.intent.action.PACKAGE_ADDED dat=package: flg=0x4000010 (has extras) } from null (pid=1530, uid=1000) to com.android.buyer/.mRve
10-23 00:18:17.689  1530  1718 W BroadcastQueue: Background execution not allowed: receiving Intent { act=android.intent.action.PACKAGE_ADDED dat=package: flg=0x4000010 (has extras) } to com.google.android.packageinstaller/com.android.packageinstaller.PackageInstalledReceiver
10-23 00:18:17.693  1530  1718 W BroadcastQueue: Background execution not allowed: receiving Intent { act=android.intent.action.PACKAGE_ADDED dat=package: flg=0x4000010 (has extras) } to com.android.vending/com.google.android.finsky.packagemonitor.impl.PackageMonitorReceiverImpl$RegisteredReceiver
10-23 00:18:17.693  1530  1718 W BroadcastQueue: Background execution not allowed: receiving Intent { act=android.intent.action.PACKAGE_ADDED dat=package: flg=0x4000010 (has extras) } to com.android.vending/com.google.android.finsky.packagemonitor.backgroundimpl.BackgroundPackageMonitorReceiverImpl$RegisteredReceiver
10-23 00:18:17.693  1530  1718 W BroadcastQueue: Background execution not allowed: receiving Intent { act=android.intent.action.PACKAGE_ADDED dat=package: flg=0x4000010 (has extras) } to com.google.android.gms/.games.chimera.GamesSystemBroadcastReceiverProxy
10-23 00:18:17.693  1530  1718 W BroadcastQueue: Background execution not allowed: receiving Intent { act=android.intent.action.PACKAGE_ADDED dat=package: flg=0x4000010 (has extras) } to com.google.android.gms/.gass.chimera.PackageChangeBroadcastReceiver
10-23 00:18:17.693  1530  1718 W BroadcastQueue: Background execution not allowed: receiving Intent { act=android.intent.action.PACKAGE_ADDED dat=package: flg=0x4000010 (has extras) } to com.google.android.gms/.chimera.GmsIntentOperationService$PersistentTrustedReceiver
10-23 00:18:17.693  1530  1718 W BroadcastQueue: u0 Receiving a broadcast in packagecom.games.mengmeizhitd requires a permissions review
10-23 00:18:17.693  1530  1718 W BroadcastQueue: Skipping delivery: permission review required for Intent { act=android.intent.action.PACKAGE_ADDED dat=package: flg=0x4000010 (has extras) } from null (pid=1530, uid=1000) to com.games.mengmeizhitd/hjnw.ihjnw.i.isqly
10-23 00:18:17.693  1530  1718 W BroadcastQueue: Background execution not allowed: receiving Intent { act=android.intent.action.PACKAGE_ADDED dat=package: flg=0x4000010 (has extras) } to com.kms.free/com.kavsdk.AppInstallationReceiver
10-23 00:18:17.693  1530  1718 W BroadcastQueue: u0 Receiving a broadcast in packagecom.qiuqiu.dfmc requires a permissions review
10-23 00:18:17.693  1530  1718 W BroadcastQueue: Skipping delivery: permission review required for Intent { act=android.intent.action.PACKAGE_ADDED dat=package: flg=0x4000010 (has extras) } from null (pid=1530, uid=1000) to com.qiuqiu.dfmc/cn.jpush.android.service.PushReceiver
10-23 00:18:17.693  1530  1718 W BroadcastQueue: u0 Receiving a broadcast in packagecom.safesys.viruskiller requires a permissions review
10-23 00:18:17.693  1530  1718 W BroadcastQueue: Skipping delivery: permission review required for Intent { act=android.intent.action.PACKAGE_ADDED dat=package: flg=0x4000010 (has extras) } from null (pid=1530, uid=1000) to com.safesys.viruskiller/.ScanPackageBroadcast
10-23 00:18:17.693  1530  1718 W BroadcastQueue: u0 Receiving a broadcast in packageio.dcloud.H5BC6BF13 requires a permissions review
10-23 00:18:17.693  1530  1718 W BroadcastQueue: Skipping delivery: permission review required for Intent { act=android.intent.action.PACKAGE_ADDED dat=package: flg=0x4000010 (has extras) } from null (pid=1530, uid=1000) to io.dcloud.H5BC6BF13/io.dcloud.common.adapter.io.DownloadReceiver
10-23 00:18:17.696  1530  1530 I Telecom : DefaultDialerCache: Refreshing default dialer for user 0: now com.google.android.dialer: DDC.oR@COQ
10-23 00:18:17.704  1530  1530 V BackupManagerConstants: getFullBackupIntervalMilliseconds(...) returns 86400000
10-23 00:18:17.704  1530  1530 V BackupManagerConstants: getFullBackupRequiredNetworkType(...) returns 2
10-23 00:18:17.704  1530  1530 V BackupManagerConstants: getFullBackupRequireCharging(...) returns true
10-23 00:18:17.714  1530  1530 I Telecom : DefaultDialerCache: Refreshing default dialer for user 0: now com.google.android.dialer: DDC.oR@COU
10-23 00:18:17.727  1530  1716 W WindowMagnificationMgr: requestConnection duplicated request: connect=false, mConnectionState=DISCONNECTED
10-23 00:18:17.730  1530  1857 E VerityUtils: Failed to measure fs-verity, errno 1: /data/app/~~CkWoMuqDAUVC6IS50DexPg==/com.keji.danti1052-2k8YyPtQWslQKFiunuGH7Q==/base.apk
10-23 00:18:17.754  1530  4206 W BackupTransportManager: Package com.keji.danti1052 enabled setting: 0
10-23 00:18:17.771  1530  2946 D CompatibilityChangeReporter: Compat change id reported: 161252188; UID 10233; state: DISABLED
10-23 00:18:17.857  1530  1716 W PackageManager: Failed registering loading progress callback. Package is fully loaded.
10-23 00:18:17.865  1530  1716 W WindowMagnificationMgr: requestConnection duplicated request: connect=false, mConnectionState=DISCONNECTED
10-23 00:18:18.630  1530  1861 E PackageManager: ERROR: could not load root hash from incremental install
10-23 00:18:18.640  1530  2047 W PackageParsing: Ignoring duplicate uses-permissions/uses-permissions-sdk-m: android.permission.INTERNET in package: com.uc108.mobile.sdgj.bd1 at: Binary XML file line #25
10-23 00:18:18.640  1530  2047 W PackageParsing: Ignoring duplicate uses-permissions/uses-permissions-sdk-m: android.permission.READ_PHONE_STATE in package: com.uc108.mobile.sdgj.bd1 at: Binary XML file line #26
10-23 00:18:18.640  1530  2047 W PackageParsing: Ignoring duplicate uses-permissions/uses-permissions-sdk-m: android.permission.ACCESS_WIFI_STATE in package: com.uc108.mobile.sdgj.bd1 at: Binary XML file line #27
10-23 00:18:18.640  1530  2047 W PackageParsing: Ignoring duplicate uses-permissions/uses-permissions-sdk-m: android.permission.ACCESS_NETWORK_STATE in package: com.uc108.mobile.sdgj.bd1 at: Binary XML file line #28
10-23 00:18:18.640  1530  2047 W PackageParsing: Ignoring duplicate uses-permissions/uses-permissions-sdk-m: android.permission.BROADCAST_STICKY in package: com.uc108.mobile.sdgj.bd1 at: Binary XML file line #31
10-23 00:18:18.640  1530  2047 W PackageParsing: Ignoring duplicate uses-permissions/uses-permissions-sdk-m: android.permission.WRITE_SETTINGS in package: com.uc108.mobile.sdgj.bd1 at: Binary XML file line #32
10-23 00:18:18.640  1530  2047 W PackageParsing: Ignoring duplicate uses-permissions/uses-permissions-sdk-m: android.permission.WRITE_EXTERNAL_STORAGE in package: com.uc108.mobile.sdgj.bd1 at: Binary XML file line #34
10-23 00:18:18.640  1530  2047 W PackageParsing: Ignoring duplicate uses-permissions/uses-permissions-sdk-m: android.permission.WAKE_LOCK in package: com.uc108.mobile.sdgj.bd1 at: Binary XML file line #35
10-23 00:18:18.640  1530  2047 W PackageParsing: Ignoring duplicate uses-permissions/uses-permissions-sdk-m: android.permission.VIBRATE in package: com.uc108.mobile.sdgj.bd1 at: Binary XML file line #39
10-23 00:18:18.641  1530  2047 W PackageParsing: Ignoring duplicate uses-permissions/uses-permissions-sdk-m: android.permission.ACCESS_NETWORK_STATE in package: com.uc108.mobile.sdgj.bd1 at: Binary XML file line #46
10-23 00:18:18.641  1530  2047 W PackageParsing: Ignoring duplicate uses-permissions/uses-permissions-sdk-m: android.permission.ACCESS_WIFI_STATE in package: com.uc108.mobile.sdgj.bd1 at: Binary XML file line #47
10-23 00:18:18.641  1530  2047 W PackageParsing: Ignoring duplicate uses-permissions/uses-permissions-sdk-m: android.permission.READ_PHONE_STATE in package: com.uc108.mobile.sdgj.bd1 at: Binary XML file line #48
10-23 00:18:18.641  1530  2047 W PackageParsing: Ignoring duplicate uses-permissions/uses-permissions-sdk-m: android.permission.WRITE_SETTINGS in package: com.uc108.mobile.sdgj.bd1 at: Binary XML file line #49
10-23 00:18:18.641  1530  2047 W PackageParsing: Ignoring duplicate uses-permissions/uses-permissions-sdk-m: android.permission.WRITE_EXTERNAL_STORAGE in package: com.uc108.mobile.sdgj.bd1 at: Binary XML file line #50
10-23 00:18:18.641  1530  2047 W PackageParsing: Ignoring duplicate uses-permissions/uses-permissions-sdk-m: android.permission.INTERNET in package: com.uc108.mobile.sdgj.bd1 at: Binary XML file line #51
10-23 00:18:18.641  1530  2047 W PackageParsing: Ignoring duplicate uses-permissions/uses-permissions-sdk-m: android.permission.GET_TASKS in package: com.uc108.mobile.sdgj.bd1 at: Binary XML file line #52
10-23 00:18:18.641  1530  2047 W PackageParsing: Ignoring duplicate uses-permissions/uses-permissions-sdk-m: android.permission.ACCESS_COARSE_LOCATION in package: com.uc108.mobile.sdgj.bd1 at: Binary XML file line #56
10-23 00:18:18.641  1530  2047 W PackageParsing: Ignoring duplicate uses-permissions/uses-permissions-sdk-m: android.permission.RECEIVE_BOOT_COMPLETED in package: com.uc108.mobile.sdgj.bd1 at: Binary XML file line #63
10-23 00:18:18.641  1530  2047 W PackageParsing: Ignoring duplicate uses-permissions/uses-permissions-sdk-m: android.permission.VIBRATE in package: com.uc108.mobile.sdgj.bd1 at: Binary XML file line #64
10-23 00:18:18.641  1530  2047 W PackageParsing: Ignoring duplicate uses-permissions/uses-permissions-sdk-m: android.permission.BROADCAST_STICKY in package: com.uc108.mobile.sdgj.bd1 at: Binary XML file line #70
10-23 00:18:18.641  1530  2047 W PackageParsing: Ignoring duplicate uses-permissions/uses-permissions-sdk-m: android.permission.WAKE_LOCK in package: com.uc108.mobile.sdgj.bd1 at: Binary XML file line #76
10-23 00:18:18.641  1530  2047 W PackageParsing: Ignoring duplicate uses-permissions/uses-permissions-sdk-m: android.permission.ACCESS_COARSE_LOCATION in package: com.uc108.mobile.sdgj.bd1 at: Binary XML file line #77
10-23 00:18:18.643  1530  2047 D CompatibilityChangeReporter: Compat change id reported: 151163173; UID -1; state: DISABLED
10-23 00:18:18.645  1530  2047 W PackageParsing: No actions in intent-filter at /data/app/vmdl982563657.tmp/base.apk Binary XML file line #482
10-23 00:18:18.645  1530  2047 W PackageParsing: No actions in intent-filter at /data/app/vmdl982563657.tmp/base.apk Binary XML file line #489
10-23 00:18:18.645  1530  2047 W PackageParsing: No actions in intent-filter at /data/app/vmdl982563657.tmp/base.apk Binary XML file line #496
10-23 00:18:18.645  1530  2047 W PackageParsing: No actions in intent-filter at /data/app/vmdl982563657.tmp/base.apk Binary XML file line #503
10-23 00:18:18.645  1530  2047 W PackageParsing: No actions in intent-filter at /data/app/vmdl982563657.tmp/base.apk Binary XML file line #510
10-23 00:18:18.646  1530  2047 W PackageParsing: No actions in intent-filter at /data/app/vmdl982563657.tmp/base.apk Binary XML file line #527
10-23 00:18:18.646  1530  2047 W PackageParsing: No actions in intent-filter at /data/app/vmdl982563657.tmp/base.apk Binary XML file line #534
10-23 00:18:18.646  1530  2047 W PackageParsing: No actions in intent-filter at /data/app/vmdl982563657.tmp/base.apk Binary XML file line #541
10-23 00:18:18.646  1530  2047 W PackageParsing: No actions in intent-filter at /data/app/vmdl982563657.tmp/base.apk Binary XML file line #549
10-23 00:18:18.647  1530  2047 W PackageParsing: No actions in intent-filter at /data/app/vmdl982563657.tmp/base.apk Binary XML file line #557
10-23 00:18:18.647  1530  2047 W PackageParsing: No actions in intent-filter at /data/app/vmdl982563657.tmp/base.apk Binary XML file line #565
10-23 00:18:18.647  1530  2047 W PackageParsing: No actions in intent-filter at /data/app/vmdl982563657.tmp/base.apk Binary XML file line #573
10-23 00:18:18.647  1530  2047 W PackageParsing: No actions in intent-filter at /data/app/vmdl982563657.tmp/base.apk Binary XML file line #581
10-23 00:18:18.647  1530  2047 W PackageParsing: No actions in intent-filter at /data/app/vmdl982563657.tmp/base.apk Binary XML file line #588
10-23 00:18:18.647  1530  2047 W PackageParsing: No actions in intent-filter at /data/app/vmdl982563657.tmp/base.apk Binary XML file line #595
10-23 00:18:18.647  1530  2047 W PackageParsing: No actions in intent-filter at /data/app/vmdl982563657.tmp/base.apk Binary XML file line #602
10-23 00:18:18.647  1530  2047 W PackageParsing: No actions in intent-filter at /data/app/vmdl982563657.tmp/base.apk Binary XML file line #609
10-23 00:18:18.647  1530  2047 W PackageParsing: No actions in intent-filter at /data/app/vmdl982563657.tmp/base.apk Binary XML file line #615
10-23 00:18:18.697  1530  1861 I PackageManager: Integrity check passed for file:///data/app/vmdl982563657.tmp
10-23 00:18:18.708  1530  1861 W PackageParsing: Ignoring duplicate uses-permissions/uses-permissions-sdk-m: android.permission.INTERNET in package: com.uc108.mobile.sdgj.bd1 at: Binary XML file line #25
10-23 00:18:18.708  1530  1861 W PackageParsing: Ignoring duplicate uses-permissions/uses-permissions-sdk-m: android.permission.READ_PHONE_STATE in package: com.uc108.mobile.sdgj.bd1 at: Binary XML file line #26
10-23 00:18:18.708  1530  1861 W PackageParsing: Ignoring duplicate uses-permissions/uses-permissions-sdk-m: android.permission.ACCESS_WIFI_STATE in package: com.uc108.mobile.sdgj.bd1 at: Binary XML file line #27
10-23 00:18:18.708  1530  1861 W PackageParsing: Ignoring duplicate uses-permissions/uses-permissions-sdk-m: android.permission.ACCESS_NETWORK_STATE in package: com.uc108.mobile.sdgj.bd1 at: Binary XML file line #28
10-23 00:18:18.709  1530  1861 W PackageParsing: Ignoring duplicate uses-permissions/uses-permissions-sdk-m: android.permission.BROADCAST_STICKY in package: com.uc108.mobile.sdgj.bd1 at: Binary XML file line #31
10-23 00:18:18.709  1530  1861 W PackageParsing: Ignoring duplicate uses-permissions/uses-permissions-sdk-m: android.permission.WRITE_SETTINGS in package: com.uc108.mobile.sdgj.bd1 at: Binary XML file line #32
10-23 00:18:18.709  1530  1861 W PackageParsing: Ignoring duplicate uses-permissions/uses-permissions-sdk-m: android.permission.WRITE_EXTERNAL_STORAGE in package: com.uc108.mobile.sdgj.bd1 at: Binary XML file line #34
10-23 00:18:18.709  1530  1861 W PackageParsing: Ignoring duplicate uses-permissions/uses-permissions-sdk-m: android.permission.WAKE_LOCK in package: com.uc108.mobile.sdgj.bd1 at: Binary XML file line #35
10-23 00:18:18.709  1530  1861 W PackageParsing: Ignoring duplicate uses-permissions/uses-permissions-sdk-m: android.permission.VIBRATE in package: com.uc108.mobile.sdgj.bd1 at: Binary XML file line #39
10-23 00:18:18.709  1530  1861 W PackageParsing: Ignoring duplicate uses-permissions/uses-permissions-sdk-m: android.permission.ACCESS_NETWORK_STATE in package: com.uc108.mobile.sdgj.bd1 at: Binary XML file line #46
10-23 00:18:18.709  1530  1861 W PackageParsing: Ignoring duplicate uses-permissions/uses-permissions-sdk-m: android.permission.ACCESS_WIFI_STATE in package: com.uc108.mobile.sdgj.bd1 at: Binary XML file line #47
10-23 00:18:18.709  1530  1861 W PackageParsing: Ignoring duplicate uses-permissions/uses-permissions-sdk-m: android.permission.READ_PHONE_STATE in package: com.uc108.mobile.sdgj.bd1 at: Binary XML file line #48
10-23 00:18:18.709  1530  1861 W PackageParsing: Ignoring duplicate uses-permissions/uses-permissions-sdk-m: android.permission.WRITE_SETTINGS in package: com.uc108.mobile.sdgj.bd1 at: Binary XML file line #49
10-23 00:18:18.709  1530  1861 W PackageParsing: Ignoring duplicate uses-permissions/uses-permissions-sdk-m: android.permission.WRITE_EXTERNAL_STORAGE in package: com.uc108.mobile.sdgj.bd1 at: Binary XML file line #50
10-23 00:18:18.709  1530  1861 W PackageParsing: Ignoring duplicate uses-permissions/uses-permissions-sdk-m: android.permission.INTERNET in package: com.uc108.mobile.sdgj.bd1 at: Binary XML file line #51
10-23 00:18:18.709  1530  1861 W PackageParsing: Ignoring duplicate uses-permissions/uses-permissions-sdk-m: android.permission.GET_TASKS in package: com.uc108.mobile.sdgj.bd1 at: Binary XML file line #52
10-23 00:18:18.709  1530  1861 W PackageParsing: Ignoring duplicate uses-permissions/uses-permissions-sdk-m: android.permission.ACCESS_COARSE_LOCATION in package: com.uc108.mobile.sdgj.bd1 at: Binary XML file line #56
10-23 00:18:18.709  1530  1861 W PackageParsing: Ignoring duplicate uses-permissions/uses-permissions-sdk-m: android.permission.RECEIVE_BOOT_COMPLETED in package: com.uc108.mobile.sdgj.bd1 at: Binary XML file line #63
10-23 00:18:18.709  1530  1861 W PackageParsing: Ignoring duplicate uses-permissions/uses-permissions-sdk-m: android.permission.VIBRATE in package: com.uc108.mobile.sdgj.bd1 at: Binary XML file line #64
10-23 00:18:18.709  1530  1861 W PackageParsing: Ignoring duplicate uses-permissions/uses-permissions-sdk-m: android.permission.BROADCAST_STICKY in package: com.uc108.mobile.sdgj.bd1 at: Binary XML file line #70
10-23 00:18:18.709  1530  1861 W PackageParsing: Ignoring duplicate uses-permissions/uses-permissions-sdk-m: android.permission.WAKE_LOCK in package: com.uc108.mobile.sdgj.bd1 at: Binary XML file line #76
10-23 00:18:18.709  1530  1861 W PackageParsing: Ignoring duplicate uses-permissions/uses-permissions-sdk-m: android.permission.ACCESS_COARSE_LOCATION in package: com.uc108.mobile.sdgj.bd1 at: Binary XML file line #77
10-23 00:18:18.710  1530  1861 W PackageParsing: No actions in intent-filter at /data/app/vmdl982563657.tmp/base.apk Binary XML file line #482
10-23 00:18:18.710  1530  1861 W PackageParsing: No actions in intent-filter at /data/app/vmdl982563657.tmp/base.apk Binary XML file line #489
10-23 00:18:18.710  1530  1861 W PackageParsing: No actions in intent-filter at /data/app/vmdl982563657.tmp/base.apk Binary XML file line #496
10-23 00:18:18.710  1530  1861 W PackageParsing: No actions in intent-filter at /data/app/vmdl982563657.tmp/base.apk Binary XML file line #503
10-23 00:18:18.710  1530  1861 W PackageParsing: No actions in intent-filter at /data/app/vmdl982563657.tmp/base.apk Binary XML file line #510
10-23 00:18:18.711  1530  1861 W PackageParsing: No actions in intent-filter at /data/app/vmdl982563657.tmp/base.apk Binary XML file line #527
10-23 00:18:18.711  1530  1861 W PackageParsing: No actions in intent-filter at /data/app/vmdl982563657.tmp/base.apk Binary XML file line #534
10-23 00:18:18.711  1530  1861 W PackageParsing: No actions in intent-filter at /data/app/vmdl982563657.tmp/base.apk Binary XML file line #541
10-23 00:18:18.711  1530  1861 W PackageParsing: No actions in intent-filter at /data/app/vmdl982563657.tmp/base.apk Binary XML file line #549
10-23 00:18:18.711  1530  1861 W PackageParsing: No actions in intent-filter at /data/app/vmdl982563657.tmp/base.apk Binary XML file line #557
10-23 00:18:18.711  1530  1861 W PackageParsing: No actions in intent-filter at /data/app/vmdl982563657.tmp/base.apk Binary XML file line #565
10-23 00:18:18.711  1530  1861 W PackageParsing: No actions in intent-filter at /data/app/vmdl982563657.tmp/base.apk Binary XML file line #573
10-23 00:18:18.711  1530  1861 W PackageParsing: No actions in intent-filter at /data/app/vmdl982563657.tmp/base.apk Binary XML file line #581
10-23 00:18:18.711  1530  1861 W PackageParsing: No actions in intent-filter at /data/app/vmdl982563657.tmp/base.apk Binary XML file line #588
10-23 00:18:18.711  1530  1861 W PackageParsing: No actions in intent-filter at /data/app/vmdl982563657.tmp/base.apk Binary XML file line #595
10-23 00:18:18.711  1530  1861 W PackageParsing: No actions in intent-filter at /data/app/vmdl982563657.tmp/base.apk Binary XML file line #602
10-23 00:18:18.711  1530  1861 W PackageParsing: No actions in intent-filter at /data/app/vmdl982563657.tmp/base.apk Binary XML file line #609
10-23 00:18:18.711  1530  1861 W PackageParsing: No actions in intent-filter at /data/app/vmdl982563657.tmp/base.apk Binary XML file line #615
10-23 00:18:18.774  1530  1700 V StorageManagerService: Package null has legacy storage
10-23 00:18:19.164  1530  1861 V BackupManagerService: [UserID:0] restoreAtInstall pkg=com.uc108.mobile.sdgj.bd1 token=46 restoreSet=0
10-23 00:18:19.165  1530  1861 V BackupManagerService: [UserID:0] Finishing install immediately
10-23 00:18:19.167  1530  1861 D PackageInstallerSession: Marking session 982563657 as applied
10-23 00:18:19.170  1530  1861 D CompatibilityChangeReporter: Compat change id reported: 168419799; UID 10234; state: DISABLED
10-23 00:18:19.170  1530  1861 D CompatibilityChangeReporter: Compat change id reported: 273564678; UID 10234; state: DISABLED
10-23 00:18:19.183  1530  1530 I Telecom : DefaultDialerCache: Refreshing default dialer for user 0: now com.google.android.dialer: DDC.oR@COo
10-23 00:18:19.185  1530  5562 W BroadcastQueue: u0 Receiving a broadcast in packagecom.android.buyer requires a permissions review
10-23 00:18:19.185  1530  5562 W BroadcastQueue: Skipping delivery: permission review required for Intent { act=android.intent.action.PACKAGE_ADDED dat=package: flg=0x4000010 (has extras) } from null (pid=1530, uid=1000) to com.android.buyer/.mRve
10-23 00:18:19.186  1530  2923 D CompatibilityChangeReporter: Compat change id reported: 218533173; UID 10234; state: DISABLED
10-23 00:18:19.190  1530  1718 W BroadcastQueue: Background execution not allowed: receiving Intent { act=android.intent.action.PACKAGE_ADDED dat=package: flg=0x4000010 (has extras) } to com.google.android.packageinstaller/com.android.packageinstaller.PackageInstalledReceiver
10-23 00:18:19.191  1530  1718 W BroadcastQueue: Background execution not allowed: receiving Intent { act=android.intent.action.PACKAGE_ADDED dat=package: flg=0x4000010 (has extras) } to com.android.vending/com.google.android.finsky.packagemonitor.impl.PackageMonitorReceiverImpl$RegisteredReceiver
10-23 00:18:19.191  1530  1718 W BroadcastQueue: Background execution not allowed: receiving Intent { act=android.intent.action.PACKAGE_ADDED dat=package: flg=0x4000010 (has extras) } to com.android.vending/com.google.android.finsky.packagemonitor.backgroundimpl.BackgroundPackageMonitorReceiverImpl$RegisteredReceiver
10-23 00:18:19.191  1530  1718 W BroadcastQueue: Background execution not allowed: receiving Intent { act=android.intent.action.PACKAGE_ADDED dat=package: flg=0x4000010 (has extras) } to com.google.android.gms/.games.chimera.GamesSystemBroadcastReceiverProxy
10-23 00:18:19.191  1530  1718 W BroadcastQueue: Background execution not allowed: receiving Intent { act=android.intent.action.PACKAGE_ADDED dat=package: flg=0x4000010 (has extras) } to com.google.android.gms/.gass.chimera.PackageChangeBroadcastReceiver
10-23 00:18:19.191  1530  1718 W BroadcastQueue: Background execution not allowed: receiving Intent { act=android.intent.action.PACKAGE_ADDED dat=package: flg=0x4000010 (has extras) } to com.google.android.gms/.chimera.GmsIntentOperationService$PersistentTrustedReceiver
10-23 00:18:19.191  1530  1718 W BroadcastQueue: u0 Receiving a broadcast in packagecom.games.mengmeizhitd requires a permissions review
10-23 00:18:19.191  1530  1718 W BroadcastQueue: Skipping delivery: permission review required for Intent { act=android.intent.action.PACKAGE_ADDED dat=package: flg=0x4000010 (has extras) } from null (pid=1530, uid=1000) to com.games.mengmeizhitd/hjnw.ihjnw.i.isqly
10-23 00:18:19.191  1530  1718 W BroadcastQueue: Background execution not allowed: receiving Intent { act=android.intent.action.PACKAGE_ADDED dat=package: flg=0x4000010 (has extras) } to com.kms.free/com.kavsdk.AppInstallationReceiver
10-23 00:18:19.191  1530  1718 W BroadcastQueue: u0 Receiving a broadcast in packagecom.qiuqiu.dfmc requires a permissions review
10-23 00:18:19.191  1530  1718 W BroadcastQueue: Skipping delivery: permission review required for Intent { act=android.intent.action.PACKAGE_ADDED dat=package: flg=0x4000010 (has extras) } from null (pid=1530, uid=1000) to com.qiuqiu.dfmc/cn.jpush.android.service.PushReceiver
10-23 00:18:19.191  1530  1718 W BroadcastQueue: u0 Receiving a broadcast in packagecom.safesys.viruskiller requires a permissions review
10-23 00:18:19.191  1530  1718 W BroadcastQueue: Skipping delivery: permission review required for Intent { act=android.intent.action.PACKAGE_ADDED dat=package: flg=0x4000010 (has extras) } from null (pid=1530, uid=1000) to com.safesys.viruskiller/.ScanPackageBroadcast
10-23 00:18:19.191  1530  1718 W BroadcastQueue: u0 Receiving a broadcast in packageio.dcloud.H5BC6BF13 requires a permissions review
10-23 00:18:19.192  1530  1718 W BroadcastQueue: Skipping delivery: permission review required for Intent { act=android.intent.action.PACKAGE_ADDED dat=package: flg=0x4000010 (has extras) } from null (pid=1530, uid=1000) to io.dcloud.H5BC6BF13/io.dcloud.common.adapter.io.DownloadReceiver
10-23 00:18:19.194  1530  1530 V BackupManagerConstants: getFullBackupIntervalMilliseconds(...) returns 86400000
10-23 00:18:19.194  1530  1530 V BackupManagerConstants: getFullBackupRequiredNetworkType(...) returns 2
10-23 00:18:19.194  1530  1530 V BackupManagerConstants: getFullBackupRequireCharging(...) returns true
10-23 00:18:19.212  1530  1716 W WindowMagnificationMgr: requestConnection duplicated request: connect=false, mConnectionState=DISCONNECTED
10-23 00:18:19.228  1530  1857 E VerityUtils: Failed to measure fs-verity, errno 1: /data/app/~~uFtO8D8wOrME4puxerbdVg==/com.uc108.mobile.sdgj.bd1-OAQrpOc0B-z3ZjOLgXxNXA==/base.apk
10-23 00:18:19.239  1530  1530 I Telecom : DefaultDialerCache: Refreshing default dialer for user 0: now com.google.android.dialer: DDC.oR@COs
10-23 00:18:19.260  1530  2994 D CompatibilityChangeReporter: Compat change id reported: 161252188; UID 10234; state: DISABLED
10-23 00:18:19.265  1530  4206 W BackupTransportManager: Package com.uc108.mobile.sdgj.bd1 enabled setting: 0
10-23 00:18:19.276  1530  1716 W PackageManager: Failed registering loading progress callback. Package is fully loaded.
10-23 00:18:19.286  1530  1716 W WindowMagnificationMgr: requestConnection duplicated request: connect=false, mConnectionState=DISCONNECTED
10-23 00:18:19.502  1530  1861 E PackageManager: ERROR: could not load root hash from incremental install
10-23 00:18:19.524  1530  1861 I PackageManager: Integrity check passed for file:///data/app/vmdl1931387247.tmp
10-23 00:18:19.658  1530  1700 V StorageManagerService: Package null has legacy storage
10-23 00:18:19.774  1530  1861 V BackupManagerService: [UserID:0] restoreAtInstall pkg=com.ying.hzblhj token=47 restoreSet=0
10-23 00:18:19.775  1530  1861 V BackupManagerService: [UserID:0] Finishing install immediately
10-23 00:18:19.776  1530  1861 D PackageInstallerSession: Marking session 1931387247 as applied
10-23 00:18:19.781  1530  1861 D CompatibilityChangeReporter: Compat change id reported: 168419799; UID 10235; state: DISABLED
10-23 00:18:19.781  1530  1861 D CompatibilityChangeReporter: Compat change id reported: 273564678; UID 10235; state: DISABLED
10-23 00:18:19.786  1530  2923 D CompatibilityChangeReporter: Compat change id reported: 218533173; UID 10235; state: DISABLED
10-23 00:18:19.788  1530  1530 I Telecom : DefaultDialerCache: Refreshing default dialer for user 0: now com.google.android.dialer: DDC.oR@CPA
10-23 00:18:19.792  1530  1530 V BackupManagerConstants: getFullBackupIntervalMilliseconds(...) returns 86400000
10-23 00:18:19.792  1530  1530 V BackupManagerConstants: getFullBackupRequiredNetworkType(...) returns 2
10-23 00:18:19.793  1530  1530 V BackupManagerConstants: getFullBackupRequireCharging(...) returns true
10-23 00:18:19.796  1530  5565 W BroadcastQueue: u0 Receiving a broadcast in packagecom.android.buyer requires a permissions review
10-23 00:18:19.796  1530  5565 W BroadcastQueue: Skipping delivery: permission review required for Intent { act=android.intent.action.PACKAGE_ADDED dat=package: flg=0x4000010 (has extras) } from null (pid=1530, uid=1000) to com.android.buyer/.mRve
10-23 00:18:19.798  1530  1718 W BroadcastQueue: Background execution not allowed: receiving Intent { act=android.intent.action.PACKAGE_ADDED dat=package: flg=0x4000010 (has extras) } to com.google.android.packageinstaller/com.android.packageinstaller.PackageInstalledReceiver
10-23 00:18:19.798  1530  1718 W BroadcastQueue: Background execution not allowed: receiving Intent { act=android.intent.action.PACKAGE_ADDED dat=package: flg=0x4000010 (has extras) } to com.android.vending/com.google.android.finsky.packagemonitor.impl.PackageMonitorReceiverImpl$RegisteredReceiver
10-23 00:18:19.798  1530  1718 W BroadcastQueue: Background execution not allowed: receiving Intent { act=android.intent.action.PACKAGE_ADDED dat=package: flg=0x4000010 (has extras) } to com.android.vending/com.google.android.finsky.packagemonitor.backgroundimpl.BackgroundPackageMonitorReceiverImpl$RegisteredReceiver
10-23 00:18:19.798  1530  1718 W BroadcastQueue: Background execution not allowed: receiving Intent { act=android.intent.action.PACKAGE_ADDED dat=package: flg=0x4000010 (has extras) } to com.google.android.gms/.games.chimera.GamesSystemBroadcastReceiverProxy
10-23 00:18:19.799  1530  1718 W BroadcastQueue: Background execution not allowed: receiving Intent { act=android.intent.action.PACKAGE_ADDED dat=package: flg=0x4000010 (has extras) } to com.google.android.gms/.gass.chimera.PackageChangeBroadcastReceiver
10-23 00:18:19.799  1530  1718 W BroadcastQueue: Background execution not allowed: receiving Intent { act=android.intent.action.PACKAGE_ADDED dat=package: flg=0x4000010 (has extras) } to com.google.android.gms/.chimera.GmsIntentOperationService$PersistentTrustedReceiver
10-23 00:18:19.799  1530  1718 W BroadcastQueue: u0 Receiving a broadcast in packagecom.games.mengmeizhitd requires a permissions review
10-23 00:18:19.799  1530  1718 W BroadcastQueue: Skipping delivery: permission review required for Intent { act=android.intent.action.PACKAGE_ADDED dat=package: flg=0x4000010 (has extras) } from null (pid=1530, uid=1000) to com.games.mengmeizhitd/hjnw.ihjnw.i.isqly
10-23 00:18:19.799  1530  1718 W BroadcastQueue: Background execution not allowed: receiving Intent { act=android.intent.action.PACKAGE_ADDED dat=package: flg=0x4000010 (has extras) } to com.kms.free/com.kavsdk.AppInstallationReceiver
10-23 00:18:19.799  1530  1718 W BroadcastQueue: u0 Receiving a broadcast in packagecom.qiuqiu.dfmc requires a permissions review
10-23 00:18:19.799  1530  1718 W BroadcastQueue: Skipping delivery: permission review required for Intent { act=android.intent.action.PACKAGE_ADDED dat=package: flg=0x4000010 (has extras) } from null (pid=1530, uid=1000) to com.qiuqiu.dfmc/cn.jpush.android.service.PushReceiver
10-23 00:18:19.799  1530  1718 W BroadcastQueue: u0 Receiving a broadcast in packagecom.safesys.viruskiller requires a permissions review
10-23 00:18:19.799  1530  1718 W BroadcastQueue: Skipping delivery: permission review required for Intent { act=android.intent.action.PACKAGE_ADDED dat=package: flg=0x4000010 (has extras) } from null (pid=1530, uid=1000) to com.safesys.viruskiller/.ScanPackageBroadcast
10-23 00:18:19.799  1530  1718 W BroadcastQueue: u0 Receiving a broadcast in packagecom.uc108.mobile.sdgj.bd1 requires a permissions review
10-23 00:18:19.799  1530  1718 W BroadcastQueue: Skipping delivery: permission review required for Intent { act=android.intent.action.PACKAGE_ADDED dat=package: flg=0x4000010 (has extras) } from null (pid=1530, uid=1000) to com.uc108.mobile.sdgj.bd1/com.baidu.tiebasdk.service.InstallReceiver
10-23 00:18:19.800  1530  1718 W BroadcastQueue: u0 Receiving a broadcast in packageio.dcloud.H5BC6BF13 requires a permissions review
10-23 00:18:19.800  1530  1718 W BroadcastQueue: Skipping delivery: permission review required for Intent { act=android.intent.action.PACKAGE_ADDED dat=package: flg=0x4000010 (has extras) } from null (pid=1530, uid=1000) to io.dcloud.H5BC6BF13/io.dcloud.common.adapter.io.DownloadReceiver
10-23 00:18:19.819  1530  1716 W WindowMagnificationMgr: requestConnection duplicated request: connect=false, mConnectionState=DISCONNECTED
10-23 00:18:19.828  1530  1530 I Telecom : DefaultDialerCache: Refreshing default dialer for user 0: now com.google.android.dialer: DDC.oR@CPE
10-23 00:18:19.828  1530  4206 W BackupTransportManager: Package com.ying.hzblhj enabled setting: 0
10-23 00:18:19.850  1530  1857 E VerityUtils: Failed to measure fs-verity, errno 1: /data/app/~~2WMTYWrCzFpWkiqYSuDtAw==/com.ying.hzblhj-T4Fk-u-IxQJ10cmsMw8HUw==/base.apk
10-23 00:18:19.854  1530  5746 D CompatibilityChangeReporter: Compat change id reported: 161252188; UID 10235; state: DISABLED
10-23 00:18:19.871  1530  1861 E PackageManager: ERROR: could not load root hash from incremental install
10-23 00:18:19.893  1530  1716 W PackageManager: Failed registering loading progress callback. Package is fully loaded.
10-23 00:18:19.896  1530  1861 I PackageManager: Integrity check passed for file:///data/app/vmdl1379097757.tmp
10-23 00:18:19.900  1530  1716 W WindowMagnificationMgr: requestConnection duplicated request: connect=false, mConnectionState=DISCONNECTED
10-23 00:18:20.005  1530  1861 I PackageManager: Permission ownership changed. Updating all permissions.
10-23 00:18:20.113  1530  1700 W Looper  : Slow dispatch took 107ms android.fg h=android.os.Handler c=<recycled PooledLambda@38be548> m=0
10-23 00:18:20.197  1530  1700 V StorageManagerService: Package null has legacy storage
10-23 00:18:20.305  1530  5748 I ActivityManager: Background started FGS: Allowed [callingPackage: com.google.android.apps.wellbeing; callingUid: 10121; uidState: BFGS; intent: Intent { cmp=com.google.android.apps.wellbeing/com.google.apps.tiktok.concurrent.InternalForegroundService (has extras) }; code:BACKGROUND_ACTIVITY_PERMISSION; tempAllowListReason:<null>; targetSdkVersion:34; callerTargetSdkVersion:34; startForegroundCount:0; bindFromPackage:null]
10-23 00:18:20.366  1530  1861 V BackupManagerService: [UserID:0] restoreAtInstall pkg=com.hgperfko.yaeghrwx token=48 restoreSet=0
10-23 00:18:20.366  1530  1861 V BackupManagerService: [UserID:0] Finishing install immediately
10-23 00:18:20.368  1530  1861 D PackageInstallerSession: Marking session 1379097757 as applied
