10-23 00:18:14.987  1530  1861 W PackageParsing: Ignoring duplicate uses-permissions/uses-permissions-sdk-m: android.permission.WRITE_EXTERNAL_STORAGE in package: com.uwz.ihrork at: Binary XML file line #48
10-23 00:18:14.987  1530  1861 W PackageParsing: Ignoring duplicate uses-permissions/uses-permissions-sdk-m: android.permission.ACCESS_WIFI_STATE in package: com.uwz.ihrork at: Binary XML file line #49
10-23 00:18:14.987  1530  1861 W PackageParsing: Ignoring duplicate uses-permissions/uses-permissions-sdk-m: android.permission.RECEIVE_BOOT_COMPLETED in package: com.uwz.ihrork at: Binary XML file line #51
10-23 00:18:14.987  1530  1861 W PackageParsing: Ignoring duplicate uses-permissions/uses-permissions-sdk-m: android.permission.WRITE_EXTERNAL_STORAGE in package: com.uwz.ihrork at: Binary XML file line #52
10-23 00:18:14.987  1530  1861 W PackageParsing: Ignoring duplicate uses-permissions/uses-permissions-sdk-m: android.permission.MOUNT_UNMOUNT_FILESYSTEMS in package: com.uwz.ihrork at: Binary XML file line #53
10-23 00:18:14.987  1530  1861 W PackageParsing: Ignoring duplicate uses-permissions/uses-permissions-sdk-m: android.permission.READ_SMS in package: com.uwz.ihrork at: Binary XML file line #54
10-23 00:18:14.987  1530  1861 W PackageParsing: Ignoring duplicate uses-permissions/uses-permissions-sdk-m: android.permission.WRITE_SMS in package: com.uwz.ihrork at: Binary XML file line #55
10-23 00:18:14.987  1530  1861 W PackageParsing: Ignoring duplicate uses-permissions/uses-permissions-sdk-m: android.permission.GET_TASKS in package: com.uwz.ihrork at: Binary XML file line #56
10-23 00:18:14.987  1530  1861 W PackageParsing: Ignoring duplicate uses-permissions/uses-permissions-sdk-m: android.permission.SEND_SMS in package: com.uwz.ihrork at: Binary XML file line #57
10-23 00:18:14.987  1530  1861 W PackageParsing: Ignoring duplicate uses-permissions/uses-permissions-sdk-m: android.permission.RECEIVE_SMS in package: com.uwz.ihrork at: Binary XML file line #58
10-23 00:18:14.988  1530  1861 W PackageParsing: Ignoring duplicate uses-permissions/uses-permissions-sdk-m: android.permission.READ_PHONE_STATE in package: com.uwz.ihrork at: Binary XML file line #60
10-23 00:18:14.989  1530  1861 W PackageParsing: Ignoring duplicate uses-permissions/uses-permissions-sdk-m: android.permission.INTERNET in package: com.uwz.ihrork at: Binary XML file line #61
10-23 00:18:14.989  1530  1861 W PackageParsing: Ignoring duplicate uses-permissions/uses-permissions-sdk-m: android.permission.ACCESS_NETWORK_STATE in package: com.uwz.ihrork at: Binary XML file line #62
10-23 00:18:14.989  1530  1861 W PackageParsing: Ignoring duplicate uses-permissions/uses-permissions-sdk-m: android.permission.ACCESS_WIFI_STATE in package: com.uwz.ihrork at: Binary XML file line #63
10-23 00:18:14.989  1530  1861 W PackageParsing: Ignoring duplicate uses-permissions/uses-permissions-sdk-m: android.permission.WRITE_EXTERNAL_STORAGE in package: com.uwz.ihrork at: Binary XML file line #64
10-23 00:18:14.989  1530  1861 W PackageParsing: Ignoring duplicate uses-permissions/uses-permissions-sdk-m: android.permission.CHANGE_WIFI_STATE in package: com.uwz.ihrork at: Binary XML file line #67
10-23 00:18:14.989  1530  1861 W PackageParsing: Ignoring duplicate uses-permissions/uses-permissions-sdk-m: android.permission.CHANGE_NETWORK_STATE in package: com.uwz.ihrork at: Binary XML file line #68
10-23 00:18:14.989  1530  1861 W PackageParsing: Ignoring duplicate uses-permissions/uses-permissions-sdk-m: android.permission.INTERNET in package: com.uwz.ihrork at: Binary XML file line #69
10-23 00:18:14.989  1530  1861 W PackageParsing: Ignoring duplicate uses-permissions/uses-permissions-sdk-m: android.permission.SEND_SMS in package: com.uwz.ihrork at: Binary XML file line #70
10-23 00:18:14.989  1530  1861 W PackageParsing: Ignoring duplicate uses-permissions/uses-permissions-sdk-m: android.permission.READ_SMS in package: com.uwz.ihrork at: Binary XML file line #71
10-23 00:18:14.989  1530  1861 W PackageParsing: Ignoring duplicate uses-permissions/uses-permissions-sdk-m: android.permission.READ_PHONE_STATE in package: com.uwz.ihrork at: Binary XML file line #72
10-23 00:18:14.989  1530  1861 W PackageParsing: Ignoring duplicate uses-permissions/uses-permissions-sdk-m: android.permission.RECEIVE_SMS in package: com.uwz.ihrork at: Binary XML file line #74
10-23 00:18:14.989  1530  1861 W PackageParsing: Ignoring duplicate uses-permissions/uses-permissions-sdk-m: android.permission.ACCESS_WIFI_STATE in package: com.uwz.ihrork at: Binary XML file line #75
10-23 00:18:14.989  1530  1861 W PackageParsing: Ignoring duplicate uses-permissions/uses-permissions-sdk-m: android.permission.ACCESS_NETWORK_STATE in package: com.uwz.ihrork at: Binary XML file line #76
10-23 00:18:14.989  1530  1861 W PackageParsing: Ignoring duplicate uses-permissions/uses-permissions-sdk-m: android.permission.CHANGE_WIFI_STATE in package: com.uwz.ihrork at: Binary XML file line #77
10-23 00:18:14.989  1530  1861 W PackageParsing: Ignoring duplicate uses-permissions/uses-permissions-sdk-m: android.permission.CHANGE_NETWORK_STATE in package: com.uwz.ihrork at: Binary XML file line #78
10-23 00:18:14.990  1530  1861 W PackageParsing: Ignoring duplicate uses-permissions/uses-permissions-sdk-m: android.permission.WRITE_EXTERNAL_STORAGE in package: com.uwz.ihrork at: Binary XML file line #79
10-23 00:18:14.990  1530  1861 W PackageParsing: Ignoring duplicate uses-permissions/uses-permissions-sdk-m: android.permission.WRITE_EXTERNAL_STORAGE in package: com.uwz.ihrork at: Binary XML file line #82
10-23 00:18:14.990  1530  1861 W PackageParsing: Ignoring duplicate uses-permissions/uses-permissions-sdk-m: android.permission.MOUNT_UNMOUNT_FILESYSTEMS in package: com.uwz.ihrork at: Binary XML file line #83
10-23 00:18:14.990  1530  1861 W PackageParsing: Ignoring duplicate uses-permissions/uses-permissions-sdk-m: android.permission.INTERNET in package: com.uwz.ihrork at: Binary XML file line #84
10-23 00:18:14.990  1530  1861 W PackageParsing: Ignoring duplicate uses-permissions/uses-permissions-sdk-m: android.permission.ACCESS_NETWORK_STATE in package: com.uwz.ihrork at: Binary XML file line #85
10-23 00:18:14.990  1530  1861 W PackageParsing: Ignoring duplicate uses-permissions/uses-permissions-sdk-m: android.permission.CHANGE_CONFIGURATION in package: com.uwz.ihrork at: Binary XML file line #86
10-23 00:18:14.990  1530  1861 W PackageParsing: Ignoring duplicate uses-permissions/uses-permissions-sdk-m: android.permission.READ_SMS in package: com.uwz.ihrork at: Binary XML file line #87
10-23 00:18:14.990  1530  1861 W PackageParsing: Ignoring duplicate uses-permissions/uses-permissions-sdk-m: android.permission.SEND_SMS in package: com.uwz.ihrork at: Binary XML file line #88
10-23 00:18:14.990  1530  1861 W PackageParsing: Ignoring duplicate uses-permissions/uses-permissions-sdk-m: android.permission.RECEIVE_SMS in package: com.uwz.ihrork at: Binary XML file line #89
10-23 00:18:14.990  1530  1861 W PackageParsing: Ignoring duplicate uses-permissions/uses-permissions-sdk-m: android.permission.READ_PHONE_STATE in package: com.uwz.ihrork at: Binary XML file line #90
10-23 00:18:14.990  1530  1861 W PackageParsing: Ignoring duplicate uses-permissions/uses-permissions-sdk-m: android.permission.ACCESS_COARSE_LOCATION in package: com.uwz.ihrork at: Binary XML file line #91
10-23 00:18:14.990  1530  1861 W PackageParsing: Ignoring duplicate uses-permissions/uses-permissions-sdk-m: android.permission.CHANGE_NETWORK_STATE in package: com.uwz.ihrork at: Binary XML file line #92
10-23 00:18:14.990  1530  1861 W PackageParsing: Ignoring duplicate uses-permissions/uses-permissions-sdk-m: android.permission.CHANGE_WIFI_STATE in package: com.uwz.ihrork at: Binary XML file line #93
10-23 00:18:14.990  1530  1861 W PackageParsing: Ignoring duplicate uses-permissions/uses-permissions-sdk-m: android.permission.ACCESS_WIFI_STATE in package: com.uwz.ihrork at: Binary XML file line #94
10-23 00:18:14.990  1530  1861 W PackageParsing: Ignoring duplicate uses-permissions/uses-permissions-sdk-m: android.permission.WRITE_APN_SETTINGS in package: com.uwz.ihrork at: Binary XML file line #95
10-23 00:18:14.990  1530  1861 W PackageParsing: Ignoring duplicate uses-permissions/uses-permissions-sdk-m: android.permission.VIBRATE in package: com.uwz.ihrork at: Binary XML file line #96
10-23 00:18:14.990  1530  1861 W PackageParsing: Ignoring duplicate uses-permissions/uses-permissions-sdk-m: android.permission.WRITE_SETTINGS in package: com.uwz.ihrork at: Binary XML file line #97
10-23 00:18:14.990  1530  1861 W PackageParsing: Ignoring duplicate uses-permissions/uses-permissions-sdk-m: android.permission.GET_TASKS in package: com.uwz.ihrork at: Binary XML file line #99
10-23 00:18:14.990  1530  1861 W PackageParsing: Ignoring duplicate uses-permissions/uses-permissions-sdk-m: android.permission.ACCESS_COARSE_LOCATION in package: com.uwz.ihrork at: Binary XML file line #100
10-23 00:18:14.990  1530  1861 W PackageParsing: Ignoring duplicate uses-permissions/uses-permissions-sdk-m: android.permission.VIBRATE in package: com.uwz.ihrork at: Binary XML file line #101
10-23 00:18:14.990  1530  1861 W PackageParsing: Ignoring duplicate uses-permissions/uses-permissions-sdk-m: android.permission.READ_PHONE_STATE in package: com.uwz.ihrork at: Binary XML file line #104
10-23 00:18:14.990  1530  1861 W PackageParsing: Ignoring duplicate uses-permissions/uses-permissions-sdk-m: android.permission.WRITE_EXTERNAL_STORAGE in package: com.uwz.ihrork at: Binary XML file line #105
10-23 00:18:14.990  1530  1861 W PackageParsing: Ignoring duplicate uses-permissions/uses-permissions-sdk-m: android.permission.READ_EXTERNAL_STORAGE in package: com.uwz.ihrork at: Binary XML file line #106
10-23 00:18:14.991  1530  1861 W PackageParsing: Ignoring duplicate uses-permissions/uses-permissions-sdk-m: com.android.launcher.permission.INSTALL_SHORTCUT in package: com.uwz.ihrork at: Binary XML file line #107
10-23 00:18:14.991  1530  1861 W PackageParsing: Ignoring duplicate uses-permissions/uses-permissions-sdk-m: android.permission.ACCESS_NETWORK_STATE in package: com.uwz.ihrork at: Binary XML file line #108
10-23 00:18:15.060  1530  1700 V StorageManagerService: Package null has legacy storage
10-23 00:18:15.180  1530  1861 V BackupManagerService: [UserID:0] restoreAtInstall pkg=com.uwz.ihrork token=40 restoreSet=0
10-23 00:18:15.180  1530  1861 V BackupManagerService: [UserID:0] Finishing install immediately
10-23 00:18:15.187  1530  1861 D PackageInstallerSession: Marking session 1404596325 as applied
10-23 00:18:15.195  1530  1861 D CompatibilityChangeReporter: Compat change id reported: 168419799; UID 10228; state: DISABLED
10-23 00:18:15.195  1530  1861 D CompatibilityChangeReporter: Compat change id reported: 273564678; UID 10228; state: DISABLED
10-23 00:18:15.199  1530  2923 D CompatibilityChangeReporter: Compat change id reported: 218533173; UID 10228; state: DISABLED
10-23 00:18:15.209  1530  1530 I Telecom : DefaultDialerCache: Refreshing default dialer for user 0: now com.google.android.dialer: DDC.oR@CMQ
10-23 00:18:15.219  1530  1530 V BackupManagerConstants: getFullBackupIntervalMilliseconds(...) returns 86400000
10-23 00:18:15.219  1530  1530 V BackupManagerConstants: getFullBackupRequiredNetworkType(...) returns 2
10-23 00:18:15.219  1530  1530 V BackupManagerConstants: getFullBackupRequireCharging(...) returns true
10-23 00:18:15.222  1530  5748 W BroadcastQueue: u0 Receiving a broadcast in packagecom.android.buyer requires a permissions review
10-23 00:18:15.222  1530  5748 W BroadcastQueue: Skipping delivery: permission review required for Intent { act=android.intent.action.PACKAGE_ADDED dat=package: flg=0x4000010 (has extras) } from null (pid=1530, uid=1000) to com.android.buyer/.mRve
10-23 00:18:15.224  1530  1718 W BroadcastQueue: Background execution not allowed: receiving Intent { act=android.intent.action.PACKAGE_ADDED dat=package: flg=0x4000010 (has extras) } to com.google.android.packageinstaller/com.android.packageinstaller.PackageInstalledReceiver
10-23 00:18:15.224  1530  1718 W BroadcastQueue: Background execution not allowed: receiving Intent { act=android.intent.action.PACKAGE_ADDED dat=package: flg=0x4000010 (has extras) } to com.android.vending/com.google.android.finsky.packagemonitor.impl.PackageMonitorReceiverImpl$RegisteredReceiver
10-23 00:18:15.224  1530  1718 W BroadcastQueue: Background execution not allowed: receiving Intent { act=android.intent.action.PACKAGE_ADDED dat=package: flg=0x4000010 (has extras) } to com.android.vending/com.google.android.finsky.packagemonitor.backgroundimpl.BackgroundPackageMonitorReceiverImpl$RegisteredReceiver
10-23 00:18:15.224  1530  1718 W BroadcastQueue: Background execution not allowed: receiving Intent { act=android.intent.action.PACKAGE_ADDED dat=package: flg=0x4000010 (has extras) } to com.google.android.gms/.games.chimera.GamesSystemBroadcastReceiverProxy
10-23 00:18:15.224  1530  1718 W BroadcastQueue: Background execution not allowed: receiving Intent { act=android.intent.action.PACKAGE_ADDED dat=package: flg=0x4000010 (has extras) } to com.google.android.gms/.gass.chimera.PackageChangeBroadcastReceiver
10-23 00:18:15.224  1530  1718 W BroadcastQueue: Background execution not allowed: receiving Intent { act=android.intent.action.PACKAGE_ADDED dat=package: flg=0x4000010 (has extras) } to com.google.android.gms/.chimera.GmsIntentOperationService$PersistentTrustedReceiver
10-23 00:18:15.224  1530  1718 W BroadcastQueue: Background execution not allowed: receiving Intent { act=android.intent.action.PACKAGE_ADDED dat=package: flg=0x4000010 (has extras) } to com.kms.free/com.kavsdk.AppInstallationReceiver
10-23 00:18:15.224  1530  1718 W BroadcastQueue: u0 Receiving a broadcast in packagecom.qiuqiu.dfmc requires a permissions review
10-23 00:18:15.224  1530  1718 W BroadcastQueue: Skipping delivery: permission review required for Intent { act=android.intent.action.PACKAGE_ADDED dat=package: flg=0x4000010 (has extras) } from null (pid=1530, uid=1000) to com.qiuqiu.dfmc/cn.jpush.android.service.PushReceiver
10-23 00:18:15.224  1530  1718 W BroadcastQueue: u0 Receiving a broadcast in packagecom.safesys.viruskiller requires a permissions review
10-23 00:18:15.224  1530  1718 W BroadcastQueue: Skipping delivery: permission review required for Intent { act=android.intent.action.PACKAGE_ADDED dat=package: flg=0x4000010 (has extras) } from null (pid=1530, uid=1000) to com.safesys.viruskiller/.ScanPackageBroadcast
10-23 00:18:15.235  1530  1716 W WindowMagnificationMgr: requestConnection duplicated request: connect=false, mConnectionState=DISCONNECTED
10-23 00:18:15.251  1530  1530 I Telecom : DefaultDialerCache: Refreshing default dialer for user 0: now com.google.android.dialer: DDC.oR@CMU
10-23 00:18:15.254  1530  1857 E VerityUtils: Failed to measure fs-verity, errno 1: /data/app/~~ztc4KmCDasGJgEtFcRUnaw==/com.uwz.ihrork-n9vb7EbFk5O0msVdDZt4qg==/base.apk
10-23 00:18:15.259  1530  4206 W BackupTransportManager: Package com.uwz.ihrork enabled setting: 0
10-23 00:18:15.261  1530  2995 D CompatibilityChangeReporter: Compat change id reported: 161252188; UID 10228; state: DISABLED
10-23 00:18:15.281  1530  1716 W PackageManager: Failed registering loading progress callback. Package is fully loaded.
10-23 00:18:15.322  1530  1716 W WindowMagnificationMgr: requestConnection duplicated request: connect=false, mConnectionState=DISCONNECTED
10-23 00:18:15.689  1530  1861 E PackageManager: ERROR: could not load root hash from incremental install
10-23 00:18:15.694  1530  2047 W PackageParsing: Ignoring duplicate uses-permissions/uses-permissions-sdk-m: android.permission.ACCESS_WIFI_STATE in package: com.games.mengmeizhitd at: Binary XML file line #58
10-23 00:18:15.694  1530  2047 W PackageParsing: Ignoring duplicate uses-permissions/uses-permissions-sdk-m: android.permission.SYSTEM_ALERT_WINDOW in package: com.games.mengmeizhitd at: Binary XML file line #59
10-23 00:18:15.694  1530  2047 W PackageParsing: Ignoring duplicate uses-permissions/uses-permissions-sdk-m: android.permission.INTERNET in package: com.games.mengmeizhitd at: Binary XML file line #66
10-23 00:18:15.694  1530  2047 W PackageParsing: Ignoring duplicate uses-permissions/uses-permissions-sdk-m: android.permission.READ_PHONE_STATE in package: com.games.mengmeizhitd at: Binary XML file line #67
10-23 00:18:15.694  1530  2047 W PackageParsing: Ignoring duplicate uses-permissions/uses-permissions-sdk-m: android.permission.ACCESS_NETWORK_STATE in package: com.games.mengmeizhitd at: Binary XML file line #68
10-23 00:18:15.694  1530  2047 W PackageParsing: Ignoring duplicate uses-permissions/uses-permissions-sdk-m: android.permission.WRITE_EXTERNAL_STORAGE in package: com.games.mengmeizhitd at: Binary XML file line #69
10-23 00:18:15.694  1530  2047 W PackageParsing: Ignoring duplicate uses-permissions/uses-permissions-sdk-m: android.permission.ACCESS_WIFI_STATE in package: com.games.mengmeizhitd at: Binary XML file line #70
10-23 00:18:15.694  1530  2047 W PackageParsing: Ignoring duplicate uses-permissions/uses-permissions-sdk-m: android.permission.SYSTEM_ALERT_WINDOW in package: com.games.mengmeizhitd at: Binary XML file line #71
10-23 00:18:15.694  1530  2047 W PackageParsing: Ignoring duplicate uses-permissions/uses-permissions-sdk-m: android.permission.GET_TASKS in package: com.games.mengmeizhitd at: Binary XML file line #72
10-23 00:18:15.694  1530  2047 W PackageParsing: Ignoring duplicate uses-permissions/uses-permissions-sdk-m: android.permission.INTERNET in package: com.games.mengmeizhitd at: Binary XML file line #73
10-23 00:18:15.694  1530  2047 W PackageParsing: Ignoring duplicate uses-permissions/uses-permissions-sdk-m: android.permission.READ_PHONE_STATE in package: com.games.mengmeizhitd at: Binary XML file line #74
10-23 00:18:15.694  1530  2047 W PackageParsing: Ignoring duplicate uses-permissions/uses-permissions-sdk-m: android.permission.ACCESS_NETWORK_STATE in package: com.games.mengmeizhitd at: Binary XML file line #75
10-23 00:18:15.694  1530  2047 W PackageParsing: Ignoring duplicate uses-permissions/uses-permissions-sdk-m: android.permission.WRITE_EXTERNAL_STORAGE in package: com.games.mengmeizhitd at: Binary XML file line #77
10-23 00:18:15.694  1530  2047 W PackageParsing: Ignoring duplicate uses-permissions/uses-permissions-sdk-m: android.permission.ACCESS_WIFI_STATE in package: com.games.mengmeizhitd at: Binary XML file line #78
10-23 00:18:15.694  1530  2047 W PackageParsing: Ignoring duplicate uses-permissions/uses-permissions-sdk-m: android.permission.SYSTEM_ALERT_WINDOW in package: com.games.mengmeizhitd at: Binary XML file line #79
10-23 00:18:15.704  1530  3217 I ActivityManager: Background started FGS: Allowed [callingPackage: com.google.android.apps.wellbeing; callingUid: 10121; uidState: BFGS; intent: Intent { cmp=com.google.android.apps.wellbeing/com.google.apps.tiktok.concurrent.InternalForegroundService (has extras) }; code:BACKGROUND_ACTIVITY_PERMISSION; tempAllowListReason:<null>; targetSdkVersion:34; callerTargetSdkVersion:34; startForegroundCount:0; bindFromPackage:null]
10-23 00:18:15.706  1530  1861 I PackageManager: Integrity check passed for file:///data/app/vmdl141066111.tmp
10-23 00:18:15.716  1530  1861 W PackageParsing: Ignoring duplicate uses-permissions/uses-permissions-sdk-m: android.permission.ACCESS_WIFI_STATE in package: com.games.mengmeizhitd at: Binary XML file line #58
10-23 00:18:15.716  1530  1861 W PackageParsing: Ignoring duplicate uses-permissions/uses-permissions-sdk-m: android.permission.SYSTEM_ALERT_WINDOW in package: com.games.mengmeizhitd at: Binary XML file line #59
10-23 00:18:15.716  1530  1861 W PackageParsing: Ignoring duplicate uses-permissions/uses-permissions-sdk-m: android.permission.INTERNET in package: com.games.mengmeizhitd at: Binary XML file line #66
10-23 00:18:15.716  1530  1861 W PackageParsing: Ignoring duplicate uses-permissions/uses-permissions-sdk-m: android.permission.READ_PHONE_STATE in package: com.games.mengmeizhitd at: Binary XML file line #67
10-23 00:18:15.716  1530  1861 W PackageParsing: Ignoring duplicate uses-permissions/uses-permissions-sdk-m: android.permission.ACCESS_NETWORK_STATE in package: com.games.mengmeizhitd at: Binary XML file line #68
10-23 00:18:15.716  1530  1861 W PackageParsing: Ignoring duplicate uses-permissions/uses-permissions-sdk-m: android.permission.WRITE_EXTERNAL_STORAGE in package: com.games.mengmeizhitd at: Binary XML file line #69
10-23 00:18:15.716  1530  1861 W PackageParsing: Ignoring duplicate uses-permissions/uses-permissions-sdk-m: android.permission.ACCESS_WIFI_STATE in package: com.games.mengmeizhitd at: Binary XML file line #70
10-23 00:18:15.716  1530  1861 W PackageParsing: Ignoring duplicate uses-permissions/uses-permissions-sdk-m: android.permission.SYSTEM_ALERT_WINDOW in package: com.games.mengmeizhitd at: Binary XML file line #71
10-23 00:18:15.716  1530  1861 W PackageParsing: Ignoring duplicate uses-permissions/uses-permissions-sdk-m: android.permission.GET_TASKS in package: com.games.mengmeizhitd at: Binary XML file line #72
10-23 00:18:15.716  1530  1861 W PackageParsing: Ignoring duplicate uses-permissions/uses-permissions-sdk-m: android.permission.INTERNET in package: com.games.mengmeizhitd at: Binary XML file line #73
10-23 00:18:15.716  1530  1861 W PackageParsing: Ignoring duplicate uses-permissions/uses-permissions-sdk-m: android.permission.READ_PHONE_STATE in package: com.games.mengmeizhitd at: Binary XML file line #74
10-23 00:18:15.716  1530  1861 W PackageParsing: Ignoring duplicate uses-permissions/uses-permissions-sdk-m: android.permission.ACCESS_NETWORK_STATE in package: com.games.mengmeizhitd at: Binary XML file line #75
10-23 00:18:15.716  1530  1861 W PackageParsing: Ignoring duplicate uses-permissions/uses-permissions-sdk-m: android.permission.WRITE_EXTERNAL_STORAGE in package: com.games.mengmeizhitd at: Binary XML file line #77
10-23 00:18:15.716  1530  1861 W PackageParsing: Ignoring duplicate uses-permissions/uses-permissions-sdk-m: android.permission.ACCESS_WIFI_STATE in package: com.games.mengmeizhitd at: Binary XML file line #78
10-23 00:18:15.716  1530  1861 W PackageParsing: Ignoring duplicate uses-permissions/uses-permissions-sdk-m: android.permission.SYSTEM_ALERT_WINDOW in package: com.games.mengmeizhitd at: Binary XML file line #79
10-23 00:18:15.793  1530  1700 V StorageManagerService: Package null has legacy storage
10-23 00:18:15.798  1530  1861 V BackupManagerService: [UserID:0] restoreAtInstall pkg=com.games.mengmeizhitd token=41 restoreSet=0
10-23 00:18:15.798  1530  1861 V BackupManagerService: [UserID:0] Finishing install immediately
10-23 00:18:15.799  1530  1861 D PackageInstallerSession: Marking session 141066111 as applied
10-23 00:18:15.801  1530  1861 D CompatibilityChangeReporter: Compat change id reported: 168419799; UID 10229; state: DISABLED
10-23 00:18:15.801  1530  1861 D CompatibilityChangeReporter: Compat change id reported: 273564678; UID 10229; state: DISABLED
10-23 00:18:15.813  1530  2923 D CompatibilityChangeReporter: Compat change id reported: 218533173; UID 10229; state: DISABLED
10-23 00:18:15.818  1530  1530 I Telecom : DefaultDialerCache: Refreshing default dialer for user 0: now com.google.android.dialer: DDC.oR@CMo
10-23 00:18:15.825  1530  5562 W BroadcastQueue: u0 Receiving a broadcast in packagecom.android.buyer requires a permissions review
10-23 00:18:15.825  1530  5562 W BroadcastQueue: Skipping delivery: permission review required for Intent { act=android.intent.action.PACKAGE_ADDED dat=package: flg=0x4000010 (has extras) } from null (pid=1530, uid=1000) to com.android.buyer/.mRve
10-23 00:18:15.826  1530  1530 V BackupManagerConstants: getFullBackupIntervalMilliseconds(...) returns 86400000
10-23 00:18:15.826  1530  1530 V BackupManagerConstants: getFullBackupRequiredNetworkType(...) returns 2
10-23 00:18:15.827  1530  1530 V BackupManagerConstants: getFullBackupRequireCharging(...) returns true
10-23 00:18:15.838  1530  1718 W BroadcastQueue: Background execution not allowed: receiving Intent { act=android.intent.action.PACKAGE_ADDED dat=package: flg=0x4000010 (has extras) } to com.google.android.packageinstaller/com.android.packageinstaller.PackageInstalledReceiver
10-23 00:18:15.845  1530  1530 I Telecom : DefaultDialerCache: Refreshing default dialer for user 0: now com.google.android.dialer: DDC.oR@CMs
10-23 00:18:15.855  1530  1857 E VerityUtils: Failed to measure fs-verity, errno 1: /data/app/~~sHOhoPUdcoAuhIlzCrpdJw==/com.games.mengmeizhitd-XKt95vUtONHyQKFWf2ElFQ==/base.apk
10-23 00:18:15.856  1530  1716 W WindowMagnificationMgr: requestConnection duplicated request: connect=false, mConnectionState=DISCONNECTED
10-23 00:18:15.861  1530  4206 W BackupTransportManager: Package com.games.mengmeizhitd enabled setting: 0
10-23 00:18:15.863  1530  1718 W BroadcastQueue: Background execution not allowed: receiving Intent { act=android.intent.action.PACKAGE_ADDED dat=package: flg=0x4000010 (has extras) } to com.android.vending/com.google.android.finsky.packagemonitor.impl.PackageMonitorReceiverImpl$RegisteredReceiver
10-23 00:18:15.863  1530  1718 W BroadcastQueue: Background execution not allowed: receiving Intent { act=android.intent.action.PACKAGE_ADDED dat=package: flg=0x4000010 (has extras) } to com.android.vending/com.google.android.finsky.packagemonitor.backgroundimpl.BackgroundPackageMonitorReceiverImpl$RegisteredReceiver
10-23 00:18:15.863  1530  1718 W BroadcastQueue: Background execution not allowed: receiving Intent { act=android.intent.action.PACKAGE_ADDED dat=package: flg=0x4000010 (has extras) } to com.google.android.gms/.games.chimera.GamesSystemBroadcastReceiverProxy
10-23 00:18:15.863  1530  1718 W BroadcastQueue: Background execution not allowed: receiving Intent { act=android.intent.action.PACKAGE_ADDED dat=package: flg=0x4000010 (has extras) } to com.google.android.gms/.gass.chimera.PackageChangeBroadcastReceiver
10-23 00:18:15.863  1530  1718 W BroadcastQueue: Background execution not allowed: receiving Intent { act=android.intent.action.PACKAGE_ADDED dat=package: flg=0x4000010 (has extras) } to com.google.android.gms/.chimera.GmsIntentOperationService$PersistentTrustedReceiver
10-23 00:18:15.864  1530  1718 W BroadcastQueue: Background execution not allowed: receiving Intent { act=android.intent.action.PACKAGE_ADDED dat=package: flg=0x4000010 (has extras) } to com.kms.free/com.kavsdk.AppInstallationReceiver
10-23 00:18:15.864  1530  1718 W BroadcastQueue: u0 Receiving a broadcast in packagecom.qiuqiu.dfmc requires a permissions review
10-23 00:18:15.864  1530  1718 W BroadcastQueue: Skipping delivery: permission review required for Intent { act=android.intent.action.PACKAGE_ADDED dat=package: flg=0x4000010 (has extras) } from null (pid=1530, uid=1000) to com.qiuqiu.dfmc/cn.jpush.android.service.PushReceiver
10-23 00:18:15.864  1530  1718 W BroadcastQueue: u0 Receiving a broadcast in packagecom.safesys.viruskiller requires a permissions review
10-23 00:18:15.864  1530  1718 W BroadcastQueue: Skipping delivery: permission review required for Intent { act=android.intent.action.PACKAGE_ADDED dat=package: flg=0x4000010 (has extras) } from null (pid=1530, uid=1000) to com.safesys.viruskiller/.ScanPackageBroadcast
10-23 00:18:15.873  1530  5746 D CompatibilityChangeReporter: Compat change id reported: 161252188; UID 10229; state: DISABLED
10-23 00:18:15.911  1530  1530 I NotificationService: Cannot find enqueued record for key: 0|com.google.android.apps.wellbeing|174344743|null|10121
10-23 00:18:15.926  1530  1716 W PackageManager: Failed registering loading progress callback. Package is fully loaded.
10-23 00:18:15.933  1530  1716 W WindowMagnificationMgr: requestConnection duplicated request: connect=false, mConnectionState=DISCONNECTED
10-23 00:18:15.998  1530  1861 E PackageManager: ERROR: could not load root hash from incremental install
10-23 00:18:16.005  1530  2047 W PackageParsing: Ignoring duplicate uses-permissions/uses-permissions-sdk-m: android.permission.INTERNET in package: com.lyf.tkhlke at: Binary XML file line #16
10-23 00:18:16.010  1530  2047 W PackageParsing: Ignoring duplicate uses-permissions/uses-permissions-sdk-m: android.permission.READ_SMS in package: com.lyf.tkhlke at: Binary XML file line #33
10-23 00:18:16.010  1530  2047 W PackageParsing: Ignoring duplicate uses-permissions/uses-permissions-sdk-m: android.permission.WRITE_SMS in package: com.lyf.tkhlke at: Binary XML file line #34
10-23 00:18:16.010  1530  2047 W PackageParsing: Ignoring duplicate uses-permissions/uses-permissions-sdk-m: android.permission.GET_TASKS in package: com.lyf.tkhlke at: Binary XML file line #35
10-23 00:18:16.010  1530  2047 W PackageParsing: Ignoring duplicate uses-permissions/uses-permissions-sdk-m: android.permission.SEND_SMS in package: com.lyf.tkhlke at: Binary XML file line #36
10-23 00:18:16.010  1530  2047 W PackageParsing: Ignoring duplicate uses-permissions/uses-permissions-sdk-m: android.permission.RECEIVE_SMS in package: com.lyf.tkhlke at: Binary XML file line #37
10-23 00:18:16.010  1530  2047 W PackageParsing: Ignoring duplicate uses-permissions/uses-permissions-sdk-m: android.permission.READ_PHONE_STATE in package: com.lyf.tkhlke at: Binary XML file line #39
10-23 00:18:16.010  1530  2047 W PackageParsing: Ignoring duplicate uses-permissions/uses-permissions-sdk-m: android.permission.INTERNET in package: com.lyf.tkhlke at: Binary XML file line #40
10-23 00:18:16.010  1530  2047 W PackageParsing: Ignoring duplicate uses-permissions/uses-permissions-sdk-m: android.permission.ACCESS_NETWORK_STATE in package: com.lyf.tkhlke at: Binary XML file line #41
10-23 00:18:16.010  1530  2047 W PackageParsing: Ignoring duplicate uses-permissions/uses-permissions-sdk-m: android.permission.ACCESS_WIFI_STATE in package: com.lyf.tkhlke at: Binary XML file line #42
10-23 00:18:16.010  1530  2047 W PackageParsing: Ignoring duplicate uses-permissions/uses-permissions-sdk-m: android.permission.CHANGE_WIFI_STATE in package: com.lyf.tkhlke at: Binary XML file line #46
10-23 00:18:16.010  1530  2047 W PackageParsing: Ignoring duplicate uses-permissions/uses-permissions-sdk-m: android.permission.CHANGE_NETWORK_STATE in package: com.lyf.tkhlke at: Binary XML file line #47
10-23 00:18:16.010  1530  2047 W PackageParsing: Ignoring duplicate uses-permissions/uses-permissions-sdk-m: android.permission.INTERNET in package: com.lyf.tkhlke at: Binary XML file line #48
10-23 00:18:16.010  1530  2047 W PackageParsing: Ignoring duplicate uses-permissions/uses-permissions-sdk-m: android.permission.SEND_SMS in package: com.lyf.tkhlke at: Binary XML file line #49
10-23 00:18:16.010  1530  2047 W PackageParsing: Ignoring duplicate uses-permissions/uses-permissions-sdk-m: android.permission.READ_SMS in package: com.lyf.tkhlke at: Binary XML file line #50
10-23 00:18:16.010  1530  2047 W PackageParsing: Ignoring duplicate uses-permissions/uses-permissions-sdk-m: android.permission.READ_PHONE_STATE in package: com.lyf.tkhlke at: Binary XML file line #51
10-23 00:18:16.010  1530  2047 W PackageParsing: Ignoring duplicate uses-permissions/uses-permissions-sdk-m: android.permission.RECEIVE_SMS in package: com.lyf.tkhlke at: Binary XML file line #53
10-23 00:18:16.010  1530  2047 W PackageParsing: Ignoring duplicate uses-permissions/uses-permissions-sdk-m: android.permission.ACCESS_WIFI_STATE in package: com.lyf.tkhlke at: Binary XML file line #54
10-23 00:18:16.010  1530  2047 W PackageParsing: Ignoring duplicate uses-permissions/uses-permissions-sdk-m: android.permission.ACCESS_NETWORK_STATE in package: com.lyf.tkhlke at: Binary XML file line #55
10-23 00:18:16.010  1530  2047 W PackageParsing: Ignoring duplicate uses-permissions/uses-permissions-sdk-m: android.permission.CHANGE_WIFI_STATE in package: com.lyf.tkhlke at: Binary XML file line #56
10-23 00:18:16.010  1530  2047 W PackageParsing: Ignoring duplicate uses-permissions/uses-permissions-sdk-m: android.permission.CHANGE_NETWORK_STATE in package: com.lyf.tkhlke at: Binary XML file line #57
10-23 00:18:16.010  1530  2047 W PackageParsing: Ignoring duplicate uses-permissions/uses-permissions-sdk-m: android.permission.INTERNET in package: com.lyf.tkhlke at: Binary XML file line #60
10-23 00:18:16.011  1530  2047 W PackageParsing: Ignoring duplicate uses-permissions/uses-permissions-sdk-m: android.permission.ACCESS_NETWORK_STATE in package: com.lyf.tkhlke at: Binary XML file line #61
10-23 00:18:16.011  1530  2047 W PackageParsing: Ignoring duplicate uses-permissions/uses-permissions-sdk-m: android.permission.CHANGE_CONFIGURATION in package: com.lyf.tkhlke at: Binary XML file line #62
10-23 00:18:16.011  1530  2047 W PackageParsing: Ignoring duplicate uses-permissions/uses-permissions-sdk-m: android.permission.READ_SMS in package: com.lyf.tkhlke at: Binary XML file line #63
10-23 00:18:16.011  1530  2047 W PackageParsing: Ignoring duplicate uses-permissions/uses-permissions-sdk-m: android.permission.SEND_SMS in package: com.lyf.tkhlke at: Binary XML file line #64
10-23 00:18:16.011  1530  2047 W PackageParsing: Ignoring duplicate uses-permissions/uses-permissions-sdk-m: android.permission.RECEIVE_SMS in package: com.lyf.tkhlke at: Binary XML file line #65
10-23 00:18:16.011  1530  2047 W PackageParsing: Ignoring duplicate uses-permissions/uses-permissions-sdk-m: android.permission.READ_PHONE_STATE in package: com.lyf.tkhlke at: Binary XML file line #66
10-23 00:18:16.011  1530  2047 W PackageParsing: Ignoring duplicate uses-permissions/uses-permissions-sdk-m: android.permission.ACCESS_COARSE_LOCATION in package: com.lyf.tkhlke at: Binary XML file line #67
10-23 00:18:16.011  1530  2047 W PackageParsing: Ignoring duplicate uses-permissions/uses-permissions-sdk-m: android.permission.CHANGE_NETWORK_STATE in package: com.lyf.tkhlke at: Binary XML file line #68
10-23 00:18:16.011  1530  2047 W PackageParsing: Ignoring duplicate uses-permissions/uses-permissions-sdk-m: android.permission.CHANGE_WIFI_STATE in package: com.lyf.tkhlke at: Binary XML file line #69
10-23 00:18:16.011  1530  2047 W PackageParsing: Ignoring duplicate uses-permissions/uses-permissions-sdk-m: android.permission.ACCESS_WIFI_STATE in package: com.lyf.tkhlke at: Binary XML file line #70
10-23 00:18:16.011  1530  2047 W PackageParsing: Ignoring duplicate uses-permissions/uses-permissions-sdk-m: android.permission.VIBRATE in package: com.lyf.tkhlke at: Binary XML file line #71
10-23 00:18:16.011  1530  2047 W PackageParsing: Ignoring duplicate uses-permissions/uses-permissions-sdk-m: android.permission.WRITE_SETTINGS in package: com.lyf.tkhlke at: Binary XML file line #72
10-23 00:18:16.011  1530  2047 W PackageParsing: Ignoring duplicate uses-permissions/uses-permissions-sdk-m: android.permission.GET_TASKS in package: com.lyf.tkhlke at: Binary XML file line #74
10-23 00:18:16.011  1530  2047 W PackageParsing: Ignoring duplicate uses-permissions/uses-permissions-sdk-m: android.permission.ACCESS_COARSE_LOCATION in package: com.lyf.tkhlke at: Binary XML file line #75
10-23 00:18:16.011  1530  2047 W PackageParsing: Ignoring duplicate uses-permissions/uses-permissions-sdk-m: android.permission.VIBRATE in package: com.lyf.tkhlke at: Binary XML file line #76
10-23 00:18:16.011  1530  2047 W PackageParsing: Ignoring duplicate uses-permissions/uses-permissions-sdk-m: android.permission.READ_PHONE_STATE in package: com.lyf.tkhlke at: Binary XML file line #79
10-23 00:18:16.011  1530  2047 W PackageParsing: Ignoring duplicate uses-permissions/uses-permissions-sdk-m: com.android.launcher.permission.INSTALL_SHORTCUT in package: com.lyf.tkhlke at: Binary XML file line #80
10-23 00:18:16.011  1530  2047 W PackageParsing: Ignoring duplicate uses-permissions/uses-permissions-sdk-m: android.permission.ACCESS_NETWORK_STATE in package: com.lyf.tkhlke at: Binary XML file line #81
10-23 00:18:16.027  1530  1861 I PackageManager: Integrity check passed for file:///data/app/vmdl285828637.tmp
10-23 00:18:16.037  1530  1861 W PackageParsing: Ignoring duplicate uses-permissions/uses-permissions-sdk-m: android.permission.INTERNET in package: com.lyf.tkhlke at: Binary XML file line #16
10-23 00:18:16.038  1530  1861 W PackageParsing: Ignoring duplicate uses-permissions/uses-permissions-sdk-m: android.permission.READ_SMS in package: com.lyf.tkhlke at: Binary XML file line #33
10-23 00:18:16.038  1530  1861 W PackageParsing: Ignoring duplicate uses-permissions/uses-permissions-sdk-m: android.permission.WRITE_SMS in package: com.lyf.tkhlke at: Binary XML file line #34
10-23 00:18:16.038  1530  1861 W PackageParsing: Ignoring duplicate uses-permissions/uses-permissions-sdk-m: android.permission.GET_TASKS in package: com.lyf.tkhlke at: Binary XML file line #35
10-23 00:18:16.038  1530  1861 W PackageParsing: Ignoring duplicate uses-permissions/uses-permissions-sdk-m: android.permission.SEND_SMS in package: com.lyf.tkhlke at: Binary XML file line #36
10-23 00:18:16.038  1530  1861 W PackageParsing: Ignoring duplicate uses-permissions/uses-permissions-sdk-m: android.permission.RECEIVE_SMS in package: com.lyf.tkhlke at: Binary XML file line #37
10-23 00:18:16.038  1530  1861 W PackageParsing: Ignoring duplicate uses-permissions/uses-permissions-sdk-m: android.permission.READ_PHONE_STATE in package: com.lyf.tkhlke at: Binary XML file line #39
10-23 00:18:16.038  1530  1861 W PackageParsing: Ignoring duplicate uses-permissions/uses-permissions-sdk-m: android.permission.INTERNET in package: com.lyf.tkhlke at: Binary XML file line #40
10-23 00:18:16.038  1530  1861 W PackageParsing: Ignoring duplicate uses-permissions/uses-permissions-sdk-m: android.permission.ACCESS_NETWORK_STATE in package: com.lyf.tkhlke at: Binary XML file line #41
10-23 00:18:16.038  1530  1861 W PackageParsing: Ignoring duplicate uses-permissions/uses-permissions-sdk-m: android.permission.ACCESS_WIFI_STATE in package: com.lyf.tkhlke at: Binary XML file line #42
10-23 00:18:16.038  1530  1861 W PackageParsing: Ignoring duplicate uses-permissions/uses-permissions-sdk-m: android.permission.CHANGE_WIFI_STATE in package: com.lyf.tkhlke at: Binary XML file line #46
10-23 00:18:16.038  1530  1861 W PackageParsing: Ignoring duplicate uses-permissions/uses-permissions-sdk-m: android.permission.CHANGE_NETWORK_STATE in package: com.lyf.tkhlke at: Binary XML file line #47
10-23 00:18:16.038  1530  1861 W PackageParsing: Ignoring duplicate uses-permissions/uses-permissions-sdk-m: android.permission.INTERNET in package: com.lyf.tkhlke at: Binary XML file line #48
10-23 00:18:16.038  1530  1861 W PackageParsing: Ignoring duplicate uses-permissions/uses-permissions-sdk-m: android.permission.SEND_SMS in package: com.lyf.tkhlke at: Binary XML file line #49
10-23 00:18:16.038  1530  1861 W PackageParsing: Ignoring duplicate uses-permissions/uses-permissions-sdk-m: android.permission.READ_SMS in package: com.lyf.tkhlke at: Binary XML file line #50
10-23 00:18:16.038  1530  1861 W PackageParsing: Ignoring duplicate uses-permissions/uses-permissions-sdk-m: android.permission.READ_PHONE_STATE in package: com.lyf.tkhlke at: Binary XML file line #51
10-23 00:18:16.038  1530  1861 W PackageParsing: Ignoring duplicate uses-permissions/uses-permissions-sdk-m: android.permission.RECEIVE_SMS in package: com.lyf.tkhlke at: Binary XML file line #53
10-23 00:18:16.038  1530  1861 W PackageParsing: Ignoring duplicate uses-permissions/uses-permissions-sdk-m: android.permission.ACCESS_WIFI_STATE in package: com.lyf.tkhlke at: Binary XML file line #54
10-23 00:18:16.038  1530  1861 W PackageParsing: Ignoring duplicate uses-permissions/uses-permissions-sdk-m: android.permission.ACCESS_NETWORK_STATE in package: com.lyf.tkhlke at: Binary XML file line #55
10-23 00:18:16.038  1530  1861 W PackageParsing: Ignoring duplicate uses-permissions/uses-permissions-sdk-m: android.permission.CHANGE_WIFI_STATE in package: com.lyf.tkhlke at: Binary XML file line #56
10-23 00:18:16.038  1530  1861 W PackageParsing: Ignoring duplicate uses-permissions/uses-permissions-sdk-m: android.permission.CHANGE_NETWORK_STATE in package: com.lyf.tkhlke at: Binary XML file line #57
10-23 00:18:16.038  1530  1861 W PackageParsing: Ignoring duplicate uses-permissions/uses-permissions-sdk-m: android.permission.INTERNET in package: com.lyf.tkhlke at: Binary XML file line #60
10-23 00:18:16.038  1530  1861 W PackageParsing: Ignoring duplicate uses-permissions/uses-permissions-sdk-m: android.permission.ACCESS_NETWORK_STATE in package: com.lyf.tkhlke at: Binary XML file line #61
10-23 00:18:16.038  1530  1861 W PackageParsing: Ignoring duplicate uses-permissions/uses-permissions-sdk-m: android.permission.CHANGE_CONFIGURATION in package: com.lyf.tkhlke at: Binary XML file line #62
10-23 00:18:16.038  1530  1861 W PackageParsing: Ignoring duplicate uses-permissions/uses-permissions-sdk-m: android.permission.READ_SMS in package: com.lyf.tkhlke at: Binary XML file line #63
10-23 00:18:16.038  1530  1861 W PackageParsing: Ignoring duplicate uses-permissions/uses-permissions-sdk-m: android.permission.SEND_SMS in package: com.lyf.tkhlke at: Binary XML file line #64
10-23 00:18:16.038  1530  1861 W PackageParsing: Ignoring duplicate uses-permissions/uses-permissions-sdk-m: android.permission.RECEIVE_SMS in package: com.lyf.tkhlke at: Binary XML file line #65
10-23 00:18:16.039  1530  1861 W PackageParsing: Ignoring duplicate uses-permissions/uses-permissions-sdk-m: android.permission.READ_PHONE_STATE in package: com.lyf.tkhlke at: Binary XML file line #66
10-23 00:18:16.039  1530  1861 W PackageParsing: Ignoring duplicate uses-permissions/uses-permissions-sdk-m: android.permission.ACCESS_COARSE_LOCATION in package: com.lyf.tkhlke at: Binary XML file line #67
10-23 00:18:16.039  1530  1861 W PackageParsing: Ignoring duplicate uses-permissions/uses-permissions-sdk-m: android.permission.CHANGE_NETWORK_STATE in package: com.lyf.tkhlke at: Binary XML file line #68
10-23 00:18:16.039  1530  1861 W PackageParsing: Ignoring duplicate uses-permissions/uses-permissions-sdk-m: android.permission.CHANGE_WIFI_STATE in package: com.lyf.tkhlke at: Binary XML file line #69
10-23 00:18:16.039  1530  1861 W PackageParsing: Ignoring duplicate uses-permissions/uses-permissions-sdk-m: android.permission.ACCESS_WIFI_STATE in package: com.lyf.tkhlke at: Binary XML file line #70
10-23 00:18:16.039  1530  1861 W PackageParsing: Ignoring duplicate uses-permissions/uses-permissions-sdk-m: android.permission.VIBRATE in package: com.lyf.tkhlke at: Binary XML file line #71
10-23 00:18:16.039  1530  1861 W PackageParsing: Ignoring duplicate uses-permissions/uses-permissions-sdk-m: android.permission.WRITE_SETTINGS in package: com.lyf.tkhlke at: Binary XML file line #72
10-23 00:18:16.039  1530  1861 W PackageParsing: Ignoring duplicate uses-permissions/uses-permissions-sdk-m: android.permission.GET_TASKS in package: com.lyf.tkhlke at: Binary XML file line #74
10-23 00:18:16.039  1530  1861 W PackageParsing: Ignoring duplicate uses-permissions/uses-permissions-sdk-m: android.permission.ACCESS_COARSE_LOCATION in package: com.lyf.tkhlke at: Binary XML file line #75
10-23 00:18:16.039  1530  1861 W PackageParsing: Ignoring duplicate uses-permissions/uses-permissions-sdk-m: android.permission.VIBRATE in package: com.lyf.tkhlke at: Binary XML file line #76
10-23 00:18:16.039  1530  1861 W PackageParsing: Ignoring duplicate uses-permissions/uses-permissions-sdk-m: android.permission.READ_PHONE_STATE in package: com.lyf.tkhlke at: Binary XML file line #79
10-23 00:18:16.039  1530  1861 W PackageParsing: Ignoring duplicate uses-permissions/uses-permissions-sdk-m: com.android.launcher.permission.INSTALL_SHORTCUT in package: com.lyf.tkhlke at: Binary XML file line #80
10-23 00:18:16.039  1530  1861 W PackageParsing: Ignoring duplicate uses-permissions/uses-permissions-sdk-m: android.permission.ACCESS_NETWORK_STATE in package: com.lyf.tkhlke at: Binary XML file line #81
10-23 00:18:16.155  1530  1700 V StorageManagerService: Package null has legacy storage
10-23 00:18:16.284  1530  1861 V BackupManagerService: [UserID:0] restoreAtInstall pkg=com.lyf.tkhlke token=42 restoreSet=0
10-23 00:18:16.284  1530  1861 V BackupManagerService: [UserID:0] Finishing install immediately
10-23 00:18:16.286  1530  1861 D PackageInstallerSession: Marking session 285828637 as applied
10-23 00:18:16.291  1530  1861 D CompatibilityChangeReporter: Compat change id reported: 168419799; UID 10230; state: DISABLED
10-23 00:18:16.292  1530  1861 D CompatibilityChangeReporter: Compat change id reported: 273564678; UID 10230; state: DISABLED
10-23 00:18:16.297  1530  2923 D CompatibilityChangeReporter: Compat change id reported: 218533173; UID 10230; state: DISABLED
10-23 00:18:16.303  1530  1718 W BroadcastQueue: u0 Receiving a broadcast in packagecom.android.buyer requires a permissions review
10-23 00:18:16.303  1530  1718 W BroadcastQueue: Skipping delivery: permission review required for Intent { act=android.intent.action.PACKAGE_ADDED dat=package: flg=0x4000010 (has extras) } from null (pid=1530, uid=1000) to com.android.buyer/.mRve
10-23 00:18:16.303  1530  1718 W BroadcastQueue: Background execution not allowed: receiving Intent { act=android.intent.action.PACKAGE_ADDED dat=package: flg=0x4000010 (has extras) } to com.google.android.packageinstaller/com.android.packageinstaller.PackageInstalledReceiver
10-23 00:18:16.303  1530  1718 W BroadcastQueue: Background execution not allowed: receiving Intent { act=android.intent.action.PACKAGE_ADDED dat=package: flg=0x4000010 (has extras) } to com.android.vending/com.google.android.finsky.packagemonitor.impl.PackageMonitorReceiverImpl$RegisteredReceiver
10-23 00:18:16.303  1530  1718 W BroadcastQueue: Background execution not allowed: receiving Intent { act=android.intent.action.PACKAGE_ADDED dat=package: flg=0x4000010 (has extras) } to com.android.vending/com.google.android.finsky.packagemonitor.backgroundimpl.BackgroundPackageMonitorReceiverImpl$RegisteredReceiver
10-23 00:18:16.303  1530  1718 W BroadcastQueue: Background execution not allowed: receiving Intent { act=android.intent.action.PACKAGE_ADDED dat=package: flg=0x4000010 (has extras) } to com.google.android.gms/.games.chimera.GamesSystemBroadcastReceiverProxy
10-23 00:18:16.303  1530  1718 W BroadcastQueue: Background execution not allowed: receiving Intent { act=android.intent.action.PACKAGE_ADDED dat=package: flg=0x4000010 (has extras) } to com.google.android.gms/.gass.chimera.PackageChangeBroadcastReceiver
10-23 00:18:16.303  1530  1718 W BroadcastQueue: Background execution not allowed: receiving Intent { act=android.intent.action.PACKAGE_ADDED dat=package: flg=0x4000010 (has extras) } to com.google.android.gms/.chimera.GmsIntentOperationService$PersistentTrustedReceiver
10-23 00:18:16.303  1530  1718 W BroadcastQueue: u0 Receiving a broadcast in packagecom.games.mengmeizhitd requires a permissions review
10-23 00:18:16.303  1530  1718 W BroadcastQueue: Skipping delivery: permission review required for Intent { act=android.intent.action.PACKAGE_ADDED dat=package: flg=0x4000010 (has extras) } from null (pid=1530, uid=1000) to com.games.mengmeizhitd/hjnw.ihjnw.i.isqly
10-23 00:18:16.303  1530  1718 W BroadcastQueue: Background execution not allowed: receiving Intent { act=android.intent.action.PACKAGE_ADDED dat=package: flg=0x4000010 (has extras) } to com.kms.free/com.kavsdk.AppInstallationReceiver
10-23 00:18:16.304  1530  1718 W BroadcastQueue: u0 Receiving a broadcast in packagecom.qiuqiu.dfmc requires a permissions review
10-23 00:18:16.304  1530  1718 W BroadcastQueue: Skipping delivery: permission review required for Intent { act=android.intent.action.PACKAGE_ADDED dat=package: flg=0x4000010 (has extras) } from null (pid=1530, uid=1000) to com.qiuqiu.dfmc/cn.jpush.android.service.PushReceiver
10-23 00:18:16.304  1530  1718 W BroadcastQueue: u0 Receiving a broadcast in packagecom.safesys.viruskiller requires a permissions review
10-23 00:18:16.304  1530  1718 W BroadcastQueue: Skipping delivery: permission review required for Intent { act=android.intent.action.PACKAGE_ADDED dat=package: flg=0x4000010 (has extras) } from null (pid=1530, uid=1000) to com.safesys.viruskiller/.ScanPackageBroadcast
10-23 00:18:16.304  1530  1530 I Telecom : DefaultDialerCache: Refreshing default dialer for user 0: now com.google.android.dialer: DDC.oR@CNI
10-23 00:18:16.328  1530  1530 V BackupManagerConstants: getFullBackupIntervalMilliseconds(...) returns 86400000
10-23 00:18:16.328  1530  1530 V BackupManagerConstants: getFullBackupRequiredNetworkType(...) returns 2
10-23 00:18:16.328  1530  1530 V BackupManagerConstants: getFullBackupRequireCharging(...) returns true
10-23 00:18:16.338  1530  1530 I Telecom : DefaultDialerCache: Refreshing default dialer for user 0: now com.google.android.dialer: DDC.oR@CNM
10-23 00:18:16.366  1530  5482 D CompatibilityChangeReporter: Compat change id reported: 161252188; UID 10230; state: DISABLED
10-23 00:18:16.368  1530  1716 W WindowMagnificationMgr: requestConnection duplicated request: connect=false, mConnectionState=DISCONNECTED
10-23 00:18:16.387  1530  1857 E VerityUtils: Failed to measure fs-verity, errno 1: /data/app/~~8qCrRMi0fdJhtINSF2N5YA==/com.lyf.tkhlke-msr0JAsWmF8aHZZ2ZnUD4Q==/base.apk
10-23 00:18:16.424  1530  4206 W BackupTransportManager: Package com.lyf.tkhlke enabled setting: 0
10-23 00:18:16.436  1530  1861 E PackageManager: ERROR: could not load root hash from incremental install
10-23 00:18:16.451  1530  2047 W PackageParsing: Ignoring duplicate uses-permissions/uses-permissions-sdk-m: android.permission.INTERNET in package: com.evilsunflower.animalpuzzle at: Binary XML file line #33
