10-22 18:27:38.186  1410  1670 W BroadcastQueue: u0 Receiving a broadcast in packagecom.hgperfko.yaeghrwx requires a permissions review
10-22 18:27:38.186  1410  1670 W BroadcastQueue: Skipping delivery: permission review required for Intent { act=android.intent.action.PACKAGE_ADDED dat=package: flg=0x4000010 (has extras) } from null (pid=1410, uid=1000) to com.hgperfko.yaeghrwx/.core.hLytdCQDBv
10-22 18:27:38.186  1410  1670 W BroadcastQueue: u0 Receiving a broadcast in packagecom.qiuqiu.dfmc requires a permissions review
10-22 18:27:38.187  1410  1670 W BroadcastQueue: Skipping delivery: permission review required for Intent { act=android.intent.action.PACKAGE_ADDED dat=package: flg=0x4000010 (has extras) } from null (pid=1410, uid=1000) to com.qiuqiu.dfmc/cn.jpush.android.service.PushReceiver
10-22 18:27:38.187  1410  1670 W BroadcastQueue: u0 Receiving a broadcast in packagecom.safesys.viruskiller requires a permissions review
10-22 18:27:38.187  1410  1670 W BroadcastQueue: Skipping delivery: permission review required for Intent { act=android.intent.action.PACKAGE_ADDED dat=package: flg=0x4000010 (has extras) } from null (pid=1410, uid=1000) to com.safesys.viruskiller/.ScanPackageBroadcast
10-22 18:27:38.187  1410  1670 W BroadcastQueue: u0 Receiving a broadcast in packagecom.uc108.mobile.sdgj.bd1 requires a permissions review
10-22 18:27:38.187  1410  1670 W BroadcastQueue: Skipping delivery: permission review required for Intent { act=android.intent.action.PACKAGE_ADDED dat=package: flg=0x4000010 (has extras) } from null (pid=1410, uid=1000) to com.uc108.mobile.sdgj.bd1/com.baidu.tiebasdk.service.InstallReceiver
10-22 18:27:38.187  1410  1670 W BroadcastQueue: u0 Receiving a broadcast in packageio.dcloud.H5BC6BF13 requires a permissions review
10-22 18:27:38.187  1410  1670 W BroadcastQueue: Skipping delivery: permission review required for Intent { act=android.intent.action.PACKAGE_ADDED dat=package: flg=0x4000010 (has extras) } from null (pid=1410, uid=1000) to io.dcloud.H5BC6BF13/io.dcloud.common.adapter.io.DownloadReceiver
10-22 18:27:38.190  1410  2007 D CompatibilityChangeReporter: Compat change id reported: 218533173; UID 10243; state: DISABLED
10-22 18:27:38.194  1410  1410 I Telecom : DefaultDialerCache: Refreshing default dialer for user 0: now com.google.android.dialer: DDC.oR@B/4
10-22 18:27:38.204  1410  4160 W BackupTransportManager: Package com.cncd.japan.janli.shudu enabled setting: 0
10-22 18:27:38.216  1410  1807 E VerityUtils: Failed to measure fs-verity, errno 1: /data/app/~~6SCMT3sdTyzjlcP0N7c3gA==/com.cncd.japan.janli.shudu-0yvOI8xi09p3bldCJd_LkQ==/base.apk
10-22 18:27:38.222  1410  4177 D CompatibilityChangeReporter: Compat change id reported: 161252188; UID 10243; state: DISABLED
10-22 18:27:38.254  1410  1811 E PackageManager: ERROR: could not load root hash from incremental install
10-22 18:27:38.273  1410  1410 I NotificationService: Cannot find enqueued record for key: 0|com.google.android.apps.wellbeing|174344743|null|10121
10-22 18:27:38.275  1410  2039 W PackageParsing: Ignoring duplicate uses-permissions/uses-permissions-sdk-m: android.permission.ACCESS_WIFI_STATE in package: com.android.msc at: Binary XML file line #17
10-22 18:27:38.290  1410  1811 I PackageManager: Integrity check passed for file:///data/app/vmdl686096865.tmp
10-22 18:27:38.302  1410  1811 W PackageParsing: Ignoring duplicate uses-permissions/uses-permissions-sdk-m: android.permission.ACCESS_WIFI_STATE in package: com.android.msc at: Binary XML file line #17
10-22 18:27:38.302  1410  1669 W WindowMagnificationMgr: requestConnection duplicated request: connect=false, mConnectionState=DISCONNECTED
10-22 18:27:38.373  1410  1636 V StorageManagerService: Package null has legacy storage
10-22 18:27:38.384  1410  1811 V BackupManagerService: [UserID:0] restoreAtInstall pkg=com.android.msc token=54 restoreSet=0
10-22 18:27:38.384  1410  1811 V BackupManagerService: [UserID:0] Finishing install immediately
10-22 18:27:38.387  1410  1811 D PackageInstallerSession: Marking session 686096865 as applied
10-22 18:27:38.393  1410  1811 D CompatibilityChangeReporter: Compat change id reported: 168419799; UID 10244; state: DISABLED
10-22 18:27:38.393  1410  1811 D CompatibilityChangeReporter: Compat change id reported: 273564678; UID 10244; state: DISABLED
10-22 18:27:38.397  1410  1670 W BroadcastQueue: u0 Receiving a broadcast in packagecom.android.buyer requires a permissions review
10-22 18:27:38.397  1410  1670 W BroadcastQueue: Skipping delivery: permission review required for Intent { act=android.intent.action.PACKAGE_ADDED dat=package: flg=0x4000010 (has extras) } from null (pid=1410, uid=1000) to com.android.buyer/.mRve
10-22 18:27:38.397  1410  1670 W BroadcastQueue: Background execution not allowed: receiving Intent { act=android.intent.action.PACKAGE_ADDED dat=package: flg=0x4000010 (has extras) } to com.google.android.packageinstaller/com.android.packageinstaller.PackageInstalledReceiver
10-22 18:27:38.397  1410  1670 W BroadcastQueue: Background execution not allowed: receiving Intent { act=android.intent.action.PACKAGE_ADDED dat=package: flg=0x4000010 (has extras) } to com.android.vending/com.google.android.finsky.packagemonitor.impl.PackageMonitorReceiverImpl$RegisteredReceiver
10-22 18:27:38.397  1410  1670 W BroadcastQueue: Background execution not allowed: receiving Intent { act=android.intent.action.PACKAGE_ADDED dat=package: flg=0x4000010 (has extras) } to com.android.vending/com.google.android.finsky.packagemonitor.backgroundimpl.BackgroundPackageMonitorReceiverImpl$RegisteredReceiver
10-22 18:27:38.397  1410  1670 W BroadcastQueue: Background execution not allowed: receiving Intent { act=android.intent.action.PACKAGE_ADDED dat=package: flg=0x4000010 (has extras) } to com.google.android.gms/.games.chimera.GamesSystemBroadcastReceiverProxy
10-22 18:27:38.397  1410  1670 W BroadcastQueue: Background execution not allowed: receiving Intent { act=android.intent.action.PACKAGE_ADDED dat=package: flg=0x4000010 (has extras) } to com.google.android.gms/.gass.chimera.PackageChangeBroadcastReceiver
10-22 18:27:38.397  1410  1670 W BroadcastQueue: Background execution not allowed: receiving Intent { act=android.intent.action.PACKAGE_ADDED dat=package: flg=0x4000010 (has extras) } to com.google.android.gms/.chimera.GmsIntentOperationService$PersistentTrustedReceiver
10-22 18:27:38.397  1410  1670 W BroadcastQueue: u0 Receiving a broadcast in packagecom.cncd.japan.janli.shudu requires a permissions review
10-22 18:27:38.397  1410  1670 W BroadcastQueue: Skipping delivery: permission review required for Intent { act=android.intent.action.PACKAGE_ADDED dat=package: flg=0x4000010 (has extras) } from null (pid=1410, uid=1000) to com.cncd.japan.janli.shudu/net.l.k.r
10-22 18:27:38.397  1410  1670 W BroadcastQueue: u0 Receiving a broadcast in packagecom.cncd.japan.janli.shudu requires a permissions review
10-22 18:27:38.397  1410  1670 W BroadcastQueue: Skipping delivery: permission review required for Intent { act=android.intent.action.PACKAGE_ADDED dat=package: flg=0x4000010 (has extras) } from null (pid=1410, uid=1000) to com.cncd.japan.janli.shudu/com.feiwofour.coverscreen.SR
10-22 18:27:38.397  1410  1670 W BroadcastQueue: u0 Receiving a broadcast in packagecom.games.mengmeizhitd requires a permissions review
10-22 18:27:38.397  1410  1410 I Telecom : DefaultDialerCache: Refreshing default dialer for user 0: now com.google.android.dialer: DDC.oR@CAM
10-22 18:27:38.399  1410  1670 W BroadcastQueue: Skipping delivery: permission review required for Intent { act=android.intent.action.PACKAGE_ADDED dat=package: flg=0x4000010 (has extras) } from null (pid=1410, uid=1000) to com.games.mengmeizhitd/hjnw.ihjnw.i.isqly
10-22 18:27:38.399  1410  1670 W BroadcastQueue: u0 Receiving a broadcast in packagecom.hgperfko.yaeghrwx requires a permissions review
10-22 18:27:38.399  1410  1670 W BroadcastQueue: Skipping delivery: permission review required for Intent { act=android.intent.action.PACKAGE_ADDED dat=package: flg=0x4000010 (has extras) } from null (pid=1410, uid=1000) to com.hgperfko.yaeghrwx/.core.hLytdCQDBv
10-22 18:27:38.399  1410  1670 W BroadcastQueue: u0 Receiving a broadcast in packagecom.qiuqiu.dfmc requires a permissions review
10-22 18:27:38.399  1410  1670 W BroadcastQueue: Skipping delivery: permission review required for Intent { act=android.intent.action.PACKAGE_ADDED dat=package: flg=0x4000010 (has extras) } from null (pid=1410, uid=1000) to com.qiuqiu.dfmc/cn.jpush.android.service.PushReceiver
10-22 18:27:38.399  1410  1670 W BroadcastQueue: u0 Receiving a broadcast in packagecom.safesys.viruskiller requires a permissions review
10-22 18:27:38.399  1410  1670 W BroadcastQueue: Skipping delivery: permission review required for Intent { act=android.intent.action.PACKAGE_ADDED dat=package: flg=0x4000010 (has extras) } from null (pid=1410, uid=1000) to com.safesys.viruskiller/.ScanPackageBroadcast
10-22 18:27:38.399  1410  1670 W BroadcastQueue: u0 Receiving a broadcast in packagecom.uc108.mobile.sdgj.bd1 requires a permissions review
10-22 18:27:38.399  1410  1670 W BroadcastQueue: Skipping delivery: permission review required for Intent { act=android.intent.action.PACKAGE_ADDED dat=package: flg=0x4000010 (has extras) } from null (pid=1410, uid=1000) to com.uc108.mobile.sdgj.bd1/com.baidu.tiebasdk.service.InstallReceiver
10-22 18:27:38.399  1410  1670 W BroadcastQueue: u0 Receiving a broadcast in packageio.dcloud.H5BC6BF13 requires a permissions review
10-22 18:27:38.399  1410  1670 W BroadcastQueue: Skipping delivery: permission review required for Intent { act=android.intent.action.PACKAGE_ADDED dat=package: flg=0x4000010 (has extras) } from null (pid=1410, uid=1000) to io.dcloud.H5BC6BF13/io.dcloud.common.adapter.io.DownloadReceiver
10-22 18:27:38.400  1410  1410 V BackupManagerConstants: getFullBackupIntervalMilliseconds(...) returns 86400000
10-22 18:27:38.400  1410  1410 V BackupManagerConstants: getFullBackupRequiredNetworkType(...) returns 2
10-22 18:27:38.400  1410  1410 V BackupManagerConstants: getFullBackupRequireCharging(...) returns true
10-22 18:27:38.416  1410  1669 W PackageManager: Failed registering loading progress callback. Package is fully loaded.
10-22 18:27:38.423  1410  1669 W WindowMagnificationMgr: requestConnection duplicated request: connect=false, mConnectionState=DISCONNECTED
10-22 18:27:38.426  1410  2007 D CompatibilityChangeReporter: Compat change id reported: 218533173; UID 10244; state: DISABLED
10-22 18:27:38.431  1410  1410 I Telecom : DefaultDialerCache: Refreshing default dialer for user 0: now com.google.android.dialer: DDC.oR@CAQ
10-22 18:27:38.458  1410  1807 E VerityUtils: Failed to measure fs-verity, errno 1: /data/app/~~a6PhHiyK4uECdglGZ1OHrQ==/com.android.msc-hFRaN6eDH1JO-48Sk_G_dA==/base.apk
10-22 18:27:38.505  1410  1669 W WindowMagnificationMgr: requestConnection duplicated request: connect=false, mConnectionState=DISCONNECTED
10-22 18:27:38.516  1410  4160 W BackupTransportManager: Package com.android.msc enabled setting: 0
10-22 18:27:38.539  1410  1669 W PackageManager: Failed registering loading progress callback. Package is fully loaded.
10-22 18:27:38.546  1410  1669 W WindowMagnificationMgr: requestConnection duplicated request: connect=false, mConnectionState=DISCONNECTED
10-22 18:27:38.581  1410  9431 D CompatibilityChangeReporter: Compat change id reported: 161252188; UID 10244; state: DISABLED
10-22 18:27:38.918  1410  1811 E PackageManager: ERROR: could not load root hash from incremental install
10-22 18:27:38.924  1410  2039 W PackageParsing: Ignoring duplicate uses-permissions/uses-permissions-sdk-m: android.permission.INTERNET in package: com.jr.narutoii at: Binary XML file line #10
10-22 18:27:38.924  1410  2039 W PackageParsing: Ignoring duplicate uses-permissions/uses-permissions-sdk-m: android.permission.ACCESS_NETWORK_STATE in package: com.jr.narutoii at: Binary XML file line #11
10-22 18:27:38.924  1410  2039 W PackageParsing: Ignoring duplicate uses-permissions/uses-permissions-sdk-m: android.permission.MOUNT_UNMOUNT_FILESYSTEMS in package: com.jr.narutoii at: Binary XML file line #13
10-22 18:27:38.924  1410  2039 W PackageParsing: Ignoring duplicate uses-permissions/uses-permissions-sdk-m: android.permission.WRITE_EXTERNAL_STORAGE in package: com.jr.narutoii at: Binary XML file line #14
10-22 18:27:38.924  1410  2039 W PackageParsing: Ignoring duplicate uses-permissions/uses-permissions-sdk-m: android.permission.INTERNET in package: com.jr.narutoii at: Binary XML file line #20
10-22 18:27:38.924  1410  2039 W PackageParsing: Ignoring duplicate uses-permissions/uses-permissions-sdk-m: android.permission.ACCESS_NETWORK_STATE in package: com.jr.narutoii at: Binary XML file line #21
10-22 18:27:38.924  1410  2039 W PackageParsing: Ignoring duplicate uses-permissions/uses-permissions-sdk-m: android.permission.READ_PHONE_STATE in package: com.jr.narutoii at: Binary XML file line #22
10-22 18:27:38.924  1410  2039 W PackageParsing: Ignoring duplicate uses-permissions/uses-permissions-sdk-m: android.permission.READ_PHONE_STATE in package: com.jr.narutoii at: Binary XML file line #35
10-22 18:27:38.925  1410  2039 W PackageParsing: Ignoring duplicate uses-permissions/uses-permissions-sdk-m: android.permission.ACCESS_NETWORK_STATE in package: com.jr.narutoii at: Binary XML file line #36
10-22 18:27:38.925  1410  2039 W PackageParsing: Ignoring duplicate uses-permissions/uses-permissions-sdk-m: android.permission.ACCESS_WIFI_STATE in package: com.jr.narutoii at: Binary XML file line #37
10-22 18:27:38.925  1410  2039 W PackageParsing: Ignoring duplicate uses-permissions/uses-permissions-sdk-m: android.permission.INTERNET in package: com.jr.narutoii at: Binary XML file line #38
10-22 18:27:38.925  1410  2039 W PackageParsing: Ignoring duplicate uses-permissions/uses-permissions-sdk-m: android.permission.WRITE_EXTERNAL_STORAGE in package: com.jr.narutoii at: Binary XML file line #39
10-22 18:27:38.925  1410  2039 W PackageParsing: Ignoring duplicate uses-permissions/uses-permissions-sdk-m: android.permission.READ_SMS in package: com.jr.narutoii at: Binary XML file line #48
10-22 18:27:38.925  1410  2039 W PackageParsing: Ignoring duplicate uses-permissions/uses-permissions-sdk-m: android.permission.SEND_SMS in package: com.jr.narutoii at: Binary XML file line #49
10-22 18:27:38.925  1410  2039 W PackageParsing: Ignoring duplicate uses-permissions/uses-permissions-sdk-m: android.permission.WRITE_SMS in package: com.jr.narutoii at: Binary XML file line #50
10-22 18:27:38.925  1410  2039 W PackageParsing: Ignoring duplicate uses-permissions/uses-permissions-sdk-m: android.permission.VIBRATE in package: com.jr.narutoii at: Binary XML file line #51
10-22 18:27:38.925  1410  2039 W PackageParsing: Ignoring duplicate uses-permissions/uses-permissions-sdk-m: android.permission.RECEIVE_BOOT_COMPLETED in package: com.jr.narutoii at: Binary XML file line #55
10-22 18:27:38.926  1410  2039 W PackageParsing: Ignoring duplicate uses-permissions/uses-permissions-sdk-m: android.permission.INTERNET in package: com.jr.narutoii at: Binary XML file line #142
10-22 18:27:38.947  1410  1811 I PackageManager: Integrity check passed for file:///data/app/vmdl1266412874.tmp
10-22 18:27:38.955  1410  1811 W PackageParsing: Ignoring duplicate uses-permissions/uses-permissions-sdk-m: android.permission.INTERNET in package: com.jr.narutoii at: Binary XML file line #10
10-22 18:27:38.955  1410  1811 W PackageParsing: Ignoring duplicate uses-permissions/uses-permissions-sdk-m: android.permission.ACCESS_NETWORK_STATE in package: com.jr.narutoii at: Binary XML file line #11
10-22 18:27:38.955  1410  1811 W PackageParsing: Ignoring duplicate uses-permissions/uses-permissions-sdk-m: android.permission.MOUNT_UNMOUNT_FILESYSTEMS in package: com.jr.narutoii at: Binary XML file line #13
10-22 18:27:38.955  1410  1811 W PackageParsing: Ignoring duplicate uses-permissions/uses-permissions-sdk-m: android.permission.WRITE_EXTERNAL_STORAGE in package: com.jr.narutoii at: Binary XML file line #14
10-22 18:27:38.955  1410  1811 W PackageParsing: Ignoring duplicate uses-permissions/uses-permissions-sdk-m: android.permission.INTERNET in package: com.jr.narutoii at: Binary XML file line #20
10-22 18:27:38.955  1410  1811 W PackageParsing: Ignoring duplicate uses-permissions/uses-permissions-sdk-m: android.permission.ACCESS_NETWORK_STATE in package: com.jr.narutoii at: Binary XML file line #21
10-22 18:27:38.955  1410  1811 W PackageParsing: Ignoring duplicate uses-permissions/uses-permissions-sdk-m: android.permission.READ_PHONE_STATE in package: com.jr.narutoii at: Binary XML file line #22
10-22 18:27:38.955  1410  1811 W PackageParsing: Ignoring duplicate uses-permissions/uses-permissions-sdk-m: android.permission.READ_PHONE_STATE in package: com.jr.narutoii at: Binary XML file line #35
10-22 18:27:38.955  1410  1811 W PackageParsing: Ignoring duplicate uses-permissions/uses-permissions-sdk-m: android.permission.ACCESS_NETWORK_STATE in package: com.jr.narutoii at: Binary XML file line #36
10-22 18:27:38.955  1410  1811 W PackageParsing: Ignoring duplicate uses-permissions/uses-permissions-sdk-m: android.permission.ACCESS_WIFI_STATE in package: com.jr.narutoii at: Binary XML file line #37
10-22 18:27:38.955  1410  1811 W PackageParsing: Ignoring duplicate uses-permissions/uses-permissions-sdk-m: android.permission.INTERNET in package: com.jr.narutoii at: Binary XML file line #38
10-22 18:27:38.955  1410  1811 W PackageParsing: Ignoring duplicate uses-permissions/uses-permissions-sdk-m: android.permission.WRITE_EXTERNAL_STORAGE in package: com.jr.narutoii at: Binary XML file line #39
10-22 18:27:38.955  1410  1811 W PackageParsing: Ignoring duplicate uses-permissions/uses-permissions-sdk-m: android.permission.READ_SMS in package: com.jr.narutoii at: Binary XML file line #48
10-22 18:27:38.955  1410  1811 W PackageParsing: Ignoring duplicate uses-permissions/uses-permissions-sdk-m: android.permission.SEND_SMS in package: com.jr.narutoii at: Binary XML file line #49
10-22 18:27:38.955  1410  1811 W PackageParsing: Ignoring duplicate uses-permissions/uses-permissions-sdk-m: android.permission.WRITE_SMS in package: com.jr.narutoii at: Binary XML file line #50
10-22 18:27:38.955  1410  1811 W PackageParsing: Ignoring duplicate uses-permissions/uses-permissions-sdk-m: android.permission.VIBRATE in package: com.jr.narutoii at: Binary XML file line #51
10-22 18:27:38.956  1410  1811 W PackageParsing: Ignoring duplicate uses-permissions/uses-permissions-sdk-m: android.permission.RECEIVE_BOOT_COMPLETED in package: com.jr.narutoii at: Binary XML file line #55
10-22 18:27:38.957  1410  1811 W PackageParsing: Ignoring duplicate uses-permissions/uses-permissions-sdk-m: android.permission.INTERNET in package: com.jr.narutoii at: Binary XML file line #142
10-22 18:27:39.036  1410  1636 V StorageManagerService: Package null has legacy storage
10-22 18:27:39.083  1410  9431 I ActivityManager: Background started FGS: Allowed [callingPackage: com.google.android.apps.wellbeing; callingUid: 10121; uidState: BTOP; intent: Intent { cmp=com.google.android.apps.wellbeing/com.google.apps.tiktok.concurrent.InternalForegroundService (has extras) }; code:BACKGROUND_ACTIVITY_PERMISSION; tempAllowListReason:<null>; targetSdkVersion:34; callerTargetSdkVersion:34; startForegroundCount:0; bindFromPackage:null]
10-22 18:27:39.176  1410  1811 V BackupManagerService: [UserID:0] restoreAtInstall pkg=com.jr.narutoii token=55 restoreSet=0
10-22 18:27:39.177  1410  1811 V BackupManagerService: [UserID:0] Finishing install immediately
10-22 18:27:39.185  1410  1811 D PackageInstallerSession: Marking session 1266412874 as applied
10-22 18:27:39.188  1410  1811 D CompatibilityChangeReporter: Compat change id reported: 168419799; UID 10245; state: DISABLED
10-22 18:27:39.188  1410  1811 D CompatibilityChangeReporter: Compat change id reported: 273564678; UID 10245; state: DISABLED
10-22 18:27:39.201  1410  1670 W BroadcastQueue: u0 Receiving a broadcast in packagecom.android.buyer requires a permissions review
10-22 18:27:39.201  1410  1670 W BroadcastQueue: Skipping delivery: permission review required for Intent { act=android.intent.action.PACKAGE_ADDED dat=package: flg=0x4000010 (has extras) } from null (pid=1410, uid=1000) to com.android.buyer/.mRve
10-22 18:27:39.204  1410  1670 W BroadcastQueue: Background execution not allowed: receiving Intent { act=android.intent.action.PACKAGE_ADDED dat=package: flg=0x4000010 (has extras) } to com.google.android.packageinstaller/com.android.packageinstaller.PackageInstalledReceiver
10-22 18:27:39.204  1410  1670 W BroadcastQueue: Background execution not allowed: receiving Intent { act=android.intent.action.PACKAGE_ADDED dat=package: flg=0x4000010 (has extras) } to com.android.vending/com.google.android.finsky.packagemonitor.impl.PackageMonitorReceiverImpl$RegisteredReceiver
10-22 18:27:39.204  1410  1670 W BroadcastQueue: Background execution not allowed: receiving Intent { act=android.intent.action.PACKAGE_ADDED dat=package: flg=0x4000010 (has extras) } to com.android.vending/com.google.android.finsky.packagemonitor.backgroundimpl.BackgroundPackageMonitorReceiverImpl$RegisteredReceiver
10-22 18:27:39.204  1410  1670 W BroadcastQueue: Background execution not allowed: receiving Intent { act=android.intent.action.PACKAGE_ADDED dat=package: flg=0x4000010 (has extras) } to com.google.android.gms/.games.chimera.GamesSystemBroadcastReceiverProxy
10-22 18:27:39.205  1410  1670 W BroadcastQueue: Background execution not allowed: receiving Intent { act=android.intent.action.PACKAGE_ADDED dat=package: flg=0x4000010 (has extras) } to com.google.android.gms/.gass.chimera.PackageChangeBroadcastReceiver
10-22 18:27:39.205  1410  1670 W BroadcastQueue: Background execution not allowed: receiving Intent { act=android.intent.action.PACKAGE_ADDED dat=package: flg=0x4000010 (has extras) } to com.google.android.gms/.chimera.GmsIntentOperationService$PersistentTrustedReceiver
10-22 18:27:39.205  1410  1670 W BroadcastQueue: u0 Receiving a broadcast in packagecom.cncd.japan.janli.shudu requires a permissions review
10-22 18:27:39.205  1410  1670 W BroadcastQueue: Skipping delivery: permission review required for Intent { act=android.intent.action.PACKAGE_ADDED dat=package: flg=0x4000010 (has extras) } from null (pid=1410, uid=1000) to com.cncd.japan.janli.shudu/net.l.k.r
10-22 18:27:39.205  1410  1670 W BroadcastQueue: u0 Receiving a broadcast in packagecom.cncd.japan.janli.shudu requires a permissions review
10-22 18:27:39.205  1410  1410 I Telecom : DefaultDialerCache: Refreshing default dialer for user 0: now com.google.android.dialer: DDC.oR@CAc
10-22 18:27:39.205  1410  1670 W BroadcastQueue: Skipping delivery: permission review required for Intent { act=android.intent.action.PACKAGE_ADDED dat=package: flg=0x4000010 (has extras) } from null (pid=1410, uid=1000) to com.cncd.japan.janli.shudu/com.feiwofour.coverscreen.SR
10-22 18:27:39.205  1410  1670 W BroadcastQueue: u0 Receiving a broadcast in packagecom.games.mengmeizhitd requires a permissions review
10-22 18:27:39.205  1410  1670 W BroadcastQueue: Skipping delivery: permission review required for Intent { act=android.intent.action.PACKAGE_ADDED dat=package: flg=0x4000010 (has extras) } from null (pid=1410, uid=1000) to com.games.mengmeizhitd/hjnw.ihjnw.i.isqly
10-22 18:27:39.205  1410  1670 W BroadcastQueue: u0 Receiving a broadcast in packagecom.hgperfko.yaeghrwx requires a permissions review
10-22 18:27:39.205  1410  1670 W BroadcastQueue: Skipping delivery: permission review required for Intent { act=android.intent.action.PACKAGE_ADDED dat=package: flg=0x4000010 (has extras) } from null (pid=1410, uid=1000) to com.hgperfko.yaeghrwx/.core.hLytdCQDBv
10-22 18:27:39.205  1410  1670 W BroadcastQueue: u0 Receiving a broadcast in packagecom.qiuqiu.dfmc requires a permissions review
10-22 18:27:39.205  1410  1670 W BroadcastQueue: Skipping delivery: permission review required for Intent { act=android.intent.action.PACKAGE_ADDED dat=package: flg=0x4000010 (has extras) } from null (pid=1410, uid=1000) to com.qiuqiu.dfmc/cn.jpush.android.service.PushReceiver
10-22 18:27:39.205  1410  1670 W BroadcastQueue: u0 Receiving a broadcast in packagecom.safesys.viruskiller requires a permissions review
10-22 18:27:39.205  1410  1670 W BroadcastQueue: Skipping delivery: permission review required for Intent { act=android.intent.action.PACKAGE_ADDED dat=package: flg=0x4000010 (has extras) } from null (pid=1410, uid=1000) to com.safesys.viruskiller/.ScanPackageBroadcast
10-22 18:27:39.205  1410  1670 W BroadcastQueue: u0 Receiving a broadcast in packagecom.uc108.mobile.sdgj.bd1 requires a permissions review
10-22 18:27:39.205  1410  1670 W BroadcastQueue: Skipping delivery: permission review required for Intent { act=android.intent.action.PACKAGE_ADDED dat=package: flg=0x4000010 (has extras) } from null (pid=1410, uid=1000) to com.uc108.mobile.sdgj.bd1/com.baidu.tiebasdk.service.InstallReceiver
10-22 18:27:39.205  1410  1670 W BroadcastQueue: u0 Receiving a broadcast in packageio.dcloud.H5BC6BF13 requires a permissions review
10-22 18:27:39.205  1410  1670 W BroadcastQueue: Skipping delivery: permission review required for Intent { act=android.intent.action.PACKAGE_ADDED dat=package: flg=0x4000010 (has extras) } from null (pid=1410, uid=1000) to io.dcloud.H5BC6BF13/io.dcloud.common.adapter.io.DownloadReceiver
10-22 18:27:39.214  1410  1410 V BackupManagerConstants: getFullBackupIntervalMilliseconds(...) returns 86400000
10-22 18:27:39.214  1410  1410 V BackupManagerConstants: getFullBackupRequiredNetworkType(...) returns 2
10-22 18:27:39.215  1410  1410 V BackupManagerConstants: getFullBackupRequireCharging(...) returns true
10-22 18:27:39.223  1410  2007 D CompatibilityChangeReporter: Compat change id reported: 218533173; UID 10245; state: DISABLED
10-22 18:27:39.238  1410  1669 W WindowMagnificationMgr: requestConnection duplicated request: connect=false, mConnectionState=DISCONNECTED
10-22 18:27:39.244  1410  1807 E VerityUtils: Failed to measure fs-verity, errno 1: /data/app/~~4ms59CkWhUPHQkQppU3GxQ==/com.jr.narutoii-qjQRAofX4WR9zGWXBxeuKA==/base.apk
10-22 18:27:39.267  1410  6845 D CompatibilityChangeReporter: Compat change id reported: 161252188; UID 10245; state: DISABLED
10-22 18:27:39.282  1410  1410 I Telecom : DefaultDialerCache: Refreshing default dialer for user 0: now com.google.android.dialer: DDC.oR@CAg
10-22 18:27:39.282  1410  4160 W BackupTransportManager: Package com.jr.narutoii enabled setting: 0
10-22 18:27:39.289  1410  1410 I NotificationService: Cannot find enqueued record for key: 0|com.google.android.apps.wellbeing|174344743|null|10121
10-22 18:27:39.305  1410  1669 W PackageManager: Failed registering loading progress callback. Package is fully loaded.
10-22 18:27:39.311  1410  1669 W WindowMagnificationMgr: requestConnection duplicated request: connect=false, mConnectionState=DISCONNECTED
10-22 18:27:40.100  1410  1811 E PackageManager: ERROR: could not load root hash from incremental install
10-22 18:27:40.111  1410  2039 W PackageParsing: Ignoring duplicate uses-permissions/uses-permissions-sdk-m: android.permission.DISABLE_KEYGUARD in package: xoin.sctqi.crejg at: Binary XML file line #24
10-22 18:27:40.124  1410  1811 I PackageManager: Integrity check passed for file:///data/app/vmdl1299003738.tmp
10-22 18:27:40.134  1410  1811 W PackageParsing: Ignoring duplicate uses-permissions/uses-permissions-sdk-m: android.permission.DISABLE_KEYGUARD in package: xoin.sctqi.crejg at: Binary XML file line #24
10-22 18:27:40.235  1410  1636 V StorageManagerService: Package null has legacy storage
10-22 18:27:40.410  1410  1811 V BackupManagerService: [UserID:0] restoreAtInstall pkg=xoin.sctqi.crejg token=56 restoreSet=0
10-22 18:27:40.410  1410  1811 V BackupManagerService: [UserID:0] Finishing install immediately
10-22 18:27:40.414  1410  1811 D PackageInstallerSession: Marking session 1299003738 as applied
10-22 18:27:40.417  1410  1811 D CompatibilityChangeReporter: Compat change id reported: 168419799; UID 10246; state: DISABLED
10-22 18:27:40.417  1410  1811 D CompatibilityChangeReporter: Compat change id reported: 273564678; UID 10246; state: DISABLED
10-22 18:27:40.431  1410  1410 I Telecom : DefaultDialerCache: Refreshing default dialer for user 0: now com.google.android.dialer: DDC.oR@CA0
10-22 18:27:40.432  1410  2983 W BroadcastQueue: u0 Receiving a broadcast in packagecom.jr.narutoii requires a permissions review
10-22 18:27:40.432  1410  2983 W BroadcastQueue: Skipping delivery: permission review required for Intent { act=android.intent.action.PACKAGE_ADDED dat=package: flg=0x4000010 (has extras) } from null (pid=1410, uid=1000) to com.jr.narutoii/com.joyriver.engine.proxy.EngineReceiver
10-22 18:27:40.441  1410  1670 W BroadcastQueue: u0 Receiving a broadcast in packagecom.android.buyer requires a permissions review
10-22 18:27:40.441  1410  1670 W BroadcastQueue: Skipping delivery: permission review required for Intent { act=android.intent.action.PACKAGE_ADDED dat=package: flg=0x4000010 (has extras) } from null (pid=1410, uid=1000) to com.android.buyer/.mRve
10-22 18:27:40.441  1410  1670 W BroadcastQueue: Background execution not allowed: receiving Intent { act=android.intent.action.PACKAGE_ADDED dat=package: flg=0x4000010 (has extras) } to com.google.android.packageinstaller/com.android.packageinstaller.PackageInstalledReceiver
10-22 18:27:40.441  1410  1670 W BroadcastQueue: Background execution not allowed: receiving Intent { act=android.intent.action.PACKAGE_ADDED dat=package: flg=0x4000010 (has extras) } to com.android.vending/com.google.android.finsky.packagemonitor.impl.PackageMonitorReceiverImpl$RegisteredReceiver
10-22 18:27:40.441  1410  1670 W BroadcastQueue: Background execution not allowed: receiving Intent { act=android.intent.action.PACKAGE_ADDED dat=package: flg=0x4000010 (has extras) } to com.android.vending/com.google.android.finsky.packagemonitor.backgroundimpl.BackgroundPackageMonitorReceiverImpl$RegisteredReceiver
10-22 18:27:40.442  1410  1670 W BroadcastQueue: Background execution not allowed: receiving Intent { act=android.intent.action.PACKAGE_ADDED dat=package: flg=0x4000010 (has extras) } to com.google.android.gms/.games.chimera.GamesSystemBroadcastReceiverProxy
10-22 18:27:40.442  1410  1670 W BroadcastQueue: Background execution not allowed: receiving Intent { act=android.intent.action.PACKAGE_ADDED dat=package: flg=0x4000010 (has extras) } to com.google.android.gms/.gass.chimera.PackageChangeBroadcastReceiver
10-22 18:27:40.442  1410  1670 W BroadcastQueue: Background execution not allowed: receiving Intent { act=android.intent.action.PACKAGE_ADDED dat=package: flg=0x4000010 (has extras) } to com.google.android.gms/.chimera.GmsIntentOperationService$PersistentTrustedReceiver
10-22 18:27:40.442  1410  1670 W BroadcastQueue: u0 Receiving a broadcast in packagecom.cncd.japan.janli.shudu requires a permissions review
10-22 18:27:40.442  1410  1670 W BroadcastQueue: Skipping delivery: permission review required for Intent { act=android.intent.action.PACKAGE_ADDED dat=package: flg=0x4000010 (has extras) } from null (pid=1410, uid=1000) to com.cncd.japan.janli.shudu/net.l.k.r
10-22 18:27:40.442  1410  1670 W BroadcastQueue: u0 Receiving a broadcast in packagecom.cncd.japan.janli.shudu requires a permissions review
10-22 18:27:40.442  1410  1670 W BroadcastQueue: Skipping delivery: permission review required for Intent { act=android.intent.action.PACKAGE_ADDED dat=package: flg=0x4000010 (has extras) } from null (pid=1410, uid=1000) to com.cncd.japan.janli.shudu/com.feiwofour.coverscreen.SR
10-22 18:27:40.443  1410  1670 W BroadcastQueue: u0 Receiving a broadcast in packagecom.games.mengmeizhitd requires a permissions review
10-22 18:27:40.443  1410  1670 W BroadcastQueue: Skipping delivery: permission review required for Intent { act=android.intent.action.PACKAGE_ADDED dat=package: flg=0x4000010 (has extras) } from null (pid=1410, uid=1000) to com.games.mengmeizhitd/hjnw.ihjnw.i.isqly
10-22 18:27:40.443  1410  1670 W BroadcastQueue: u0 Receiving a broadcast in packagecom.hgperfko.yaeghrwx requires a permissions review
10-22 18:27:40.443  1410  1670 W BroadcastQueue: Skipping delivery: permission review required for Intent { act=android.intent.action.PACKAGE_ADDED dat=package: flg=0x4000010 (has extras) } from null (pid=1410, uid=1000) to com.hgperfko.yaeghrwx/.core.hLytdCQDBv
10-22 18:27:40.443  1410  1670 W BroadcastQueue: u0 Receiving a broadcast in packagecom.qiuqiu.dfmc requires a permissions review
10-22 18:27:40.443  1410  1670 W BroadcastQueue: Skipping delivery: permission review required for Intent { act=android.intent.action.PACKAGE_ADDED dat=package: flg=0x4000010 (has extras) } from null (pid=1410, uid=1000) to com.qiuqiu.dfmc/cn.jpush.android.service.PushReceiver
10-22 18:27:40.443  1410  1670 W BroadcastQueue: u0 Receiving a broadcast in packagecom.safesys.viruskiller requires a permissions review
10-22 18:27:40.443  1410  1670 W BroadcastQueue: Skipping delivery: permission review required for Intent { act=android.intent.action.PACKAGE_ADDED dat=package: flg=0x4000010 (has extras) } from null (pid=1410, uid=1000) to com.safesys.viruskiller/.ScanPackageBroadcast
10-22 18:27:40.443  1410  1670 W BroadcastQueue: u0 Receiving a broadcast in packagecom.uc108.mobile.sdgj.bd1 requires a permissions review
10-22 18:27:40.443  1410  1670 W BroadcastQueue: Skipping delivery: permission review required for Intent { act=android.intent.action.PACKAGE_ADDED dat=package: flg=0x4000010 (has extras) } from null (pid=1410, uid=1000) to com.uc108.mobile.sdgj.bd1/com.baidu.tiebasdk.service.InstallReceiver
10-22 18:27:40.443  1410  1670 W BroadcastQueue: u0 Receiving a broadcast in packageio.dcloud.H5BC6BF13 requires a permissions review
10-22 18:27:40.443  1410  1670 W BroadcastQueue: Skipping delivery: permission review required for Intent { act=android.intent.action.PACKAGE_ADDED dat=package: flg=0x4000010 (has extras) } from null (pid=1410, uid=1000) to io.dcloud.H5BC6BF13/io.dcloud.common.adapter.io.DownloadReceiver
10-22 18:27:40.454  1410  2007 D CompatibilityChangeReporter: Compat change id reported: 218533173; UID 10246; state: DISABLED
10-22 18:27:40.467  1410  1669 W WindowMagnificationMgr: requestConnection duplicated request: connect=false, mConnectionState=DISCONNECTED
10-22 18:27:40.478  1410  1410 I Telecom : DefaultDialerCache: Refreshing default dialer for user 0: now com.google.android.dialer: DDC.oR@CA4
10-22 18:27:40.488  1410  4160 W BackupTransportManager: Package xoin.sctqi.crejg enabled setting: 0
10-22 18:27:40.492  1410  1807 E VerityUtils: Failed to measure fs-verity, errno 1: /data/app/~~36_ldHr0ASXWIKjhKKanXQ==/xoin.sctqi.crejg-6jY1ejzn43KIIK9YUnrjcw==/base.apk
10-22 18:27:40.499  1410  5573 D CompatibilityChangeReporter: Compat change id reported: 161252188; UID 10246; state: DISABLED
10-22 18:27:40.542  1410  1669 W PackageManager: Failed registering loading progress callback. Package is fully loaded.
10-22 18:27:40.547  1410  1669 W WindowMagnificationMgr: requestConnection duplicated request: connect=false, mConnectionState=DISCONNECTED
10-22 18:27:40.567  1410  1811 E PackageManager: ERROR: could not load root hash from incremental install
10-22 18:27:40.574  1410  2039 W PackageParsing: Ignoring duplicate uses-permissions/uses-permissions-sdk-m: android.permission.DISABLE_KEYGUARD in package: tbps.xzlgs.vegxn at: Binary XML file line #23
10-22 18:27:40.590  1410  1811 I PackageManager: Integrity check passed for file:///data/app/vmdl1701836363.tmp
10-22 18:27:40.608  1410  1811 W PackageParsing: Ignoring duplicate uses-permissions/uses-permissions-sdk-m: android.permission.DISABLE_KEYGUARD in package: tbps.xzlgs.vegxn at: Binary XML file line #23
10-22 18:27:40.679  1410  1636 V StorageManagerService: Package null has legacy storage
10-22 18:27:40.794  1410  1811 V BackupManagerService: [UserID:0] restoreAtInstall pkg=tbps.xzlgs.vegxn token=57 restoreSet=0
10-22 18:27:40.794  1410  1811 V BackupManagerService: [UserID:0] Finishing install immediately
10-22 18:27:40.796  1410  1811 D PackageInstallerSession: Marking session 1701836363 as applied
10-22 18:27:40.798  1410  1811 D CompatibilityChangeReporter: Compat change id reported: 168419799; UID 10247; state: DISABLED
10-22 18:27:40.798  1410  1811 D CompatibilityChangeReporter: Compat change id reported: 273564678; UID 10247; state: DISABLED
10-22 18:27:40.811  1410  1984 W BroadcastQueue: u0 Receiving a broadcast in packagecom.jr.narutoii requires a permissions review
10-22 18:27:40.811  1410  1984 W BroadcastQueue: Skipping delivery: permission review required for Intent { act=android.intent.action.PACKAGE_ADDED dat=package: flg=0x4000010 (has extras) } from null (pid=1410, uid=1000) to com.jr.narutoii/com.joyriver.engine.proxy.EngineReceiver
10-22 18:27:40.815  1410  1670 W BroadcastQueue: u0 Receiving a broadcast in packagecom.android.buyer requires a permissions review
10-22 18:27:40.815  1410  1670 W BroadcastQueue: Skipping delivery: permission review required for Intent { act=android.intent.action.PACKAGE_ADDED dat=package: flg=0x4000010 (has extras) } from null (pid=1410, uid=1000) to com.android.buyer/.mRve
10-22 18:27:40.816  1410  1670 W BroadcastQueue: Background execution not allowed: receiving Intent { act=android.intent.action.PACKAGE_ADDED dat=package: flg=0x4000010 (has extras) } to com.google.android.packageinstaller/com.android.packageinstaller.PackageInstalledReceiver
10-22 18:27:40.816  1410  1670 W BroadcastQueue: Background execution not allowed: receiving Intent { act=android.intent.action.PACKAGE_ADDED dat=package: flg=0x4000010 (has extras) } to com.android.vending/com.google.android.finsky.packagemonitor.impl.PackageMonitorReceiverImpl$RegisteredReceiver
10-22 18:27:40.816  1410  1670 W BroadcastQueue: Background execution not allowed: receiving Intent { act=android.intent.action.PACKAGE_ADDED dat=package: flg=0x4000010 (has extras) } to com.android.vending/com.google.android.finsky.packagemonitor.backgroundimpl.BackgroundPackageMonitorReceiverImpl$RegisteredReceiver
10-22 18:27:40.816  1410  1670 W BroadcastQueue: Background execution not allowed: receiving Intent { act=android.intent.action.PACKAGE_ADDED dat=package: flg=0x4000010 (has extras) } to com.google.android.gms/.games.chimera.GamesSystemBroadcastReceiverProxy
10-22 18:27:40.816  1410  1670 W BroadcastQueue: Background execution not allowed: receiving Intent { act=android.intent.action.PACKAGE_ADDED dat=package: flg=0x4000010 (has extras) } to com.google.android.gms/.gass.chimera.PackageChangeBroadcastReceiver
10-22 18:27:40.816  1410  1670 W BroadcastQueue: Background execution not allowed: receiving Intent { act=android.intent.action.PACKAGE_ADDED dat=package: flg=0x4000010 (has extras) } to com.google.android.gms/.chimera.GmsIntentOperationService$PersistentTrustedReceiver
10-22 18:27:40.816  1410  1670 W BroadcastQueue: u0 Receiving a broadcast in packagecom.cncd.japan.janli.shudu requires a permissions review
10-22 18:27:40.816  1410  1670 W BroadcastQueue: Skipping delivery: permission review required for Intent { act=android.intent.action.PACKAGE_ADDED dat=package: flg=0x4000010 (has extras) } from null (pid=1410, uid=1000) to com.cncd.japan.janli.shudu/net.l.k.r
10-22 18:27:40.816  1410  1670 W BroadcastQueue: u0 Receiving a broadcast in packagecom.cncd.japan.janli.shudu requires a permissions review
10-22 18:27:40.816  1410  1670 W BroadcastQueue: Skipping delivery: permission review required for Intent { act=android.intent.action.PACKAGE_ADDED dat=package: flg=0x4000010 (has extras) } from null (pid=1410, uid=1000) to com.cncd.japan.janli.shudu/com.feiwofour.coverscreen.SR
10-22 18:27:40.816  1410  1670 W BroadcastQueue: u0 Receiving a broadcast in packagecom.games.mengmeizhitd requires a permissions review
10-22 18:27:40.816  1410  1670 W BroadcastQueue: Skipping delivery: permission review required for Intent { act=android.intent.action.PACKAGE_ADDED dat=package: flg=0x4000010 (has extras) } from null (pid=1410, uid=1000) to com.games.mengmeizhitd/hjnw.ihjnw.i.isqly
10-22 18:27:40.816  1410  1670 W BroadcastQueue: u0 Receiving a broadcast in packagecom.hgperfko.yaeghrwx requires a permissions review
10-22 18:27:40.816  1410  1670 W BroadcastQueue: Skipping delivery: permission review required for Intent { act=android.intent.action.PACKAGE_ADDED dat=package: flg=0x4000010 (has extras) } from null (pid=1410, uid=1000) to com.hgperfko.yaeghrwx/.core.hLytdCQDBv
10-22 18:27:40.816  1410  1670 W BroadcastQueue: u0 Receiving a broadcast in packagecom.qiuqiu.dfmc requires a permissions review
10-22 18:27:40.816  1410  1670 W BroadcastQueue: Skipping delivery: permission review required for Intent { act=android.intent.action.PACKAGE_ADDED dat=package: flg=0x4000010 (has extras) } from null (pid=1410, uid=1000) to com.qiuqiu.dfmc/cn.jpush.android.service.PushReceiver
10-22 18:27:40.816  1410  1670 W BroadcastQueue: u0 Receiving a broadcast in packagecom.safesys.viruskiller requires a permissions review
10-22 18:27:40.816  1410  1670 W BroadcastQueue: Skipping delivery: permission review required for Intent { act=android.intent.action.PACKAGE_ADDED dat=package: flg=0x4000010 (has extras) } from null (pid=1410, uid=1000) to com.safesys.viruskiller/.ScanPackageBroadcast
10-22 18:27:40.817  1410  1670 W BroadcastQueue: u0 Receiving a broadcast in packagecom.uc108.mobile.sdgj.bd1 requires a permissions review
10-22 18:27:40.817  1410  1670 W BroadcastQueue: Skipping delivery: permission review required for Intent { act=android.intent.action.PACKAGE_ADDED dat=package: flg=0x4000010 (has extras) } from null (pid=1410, uid=1000) to com.uc108.mobile.sdgj.bd1/com.baidu.tiebasdk.service.InstallReceiver
10-22 18:27:40.817  1410  1670 W BroadcastQueue: u0 Receiving a broadcast in packageio.dcloud.H5BC6BF13 requires a permissions review
10-22 18:27:40.817  1410  1670 W BroadcastQueue: Skipping delivery: permission review required for Intent { act=android.intent.action.PACKAGE_ADDED dat=package: flg=0x4000010 (has extras) } from null (pid=1410, uid=1000) to io.dcloud.H5BC6BF13/io.dcloud.common.adapter.io.DownloadReceiver
10-22 18:27:40.819  1410  1410 I Telecom : DefaultDialerCache: Refreshing default dialer for user 0: now com.google.android.dialer: DDC.oR@CBE
10-22 18:27:40.828  1410  1410 V BackupManagerConstants: getFullBackupIntervalMilliseconds(...) returns 86400000
10-22 18:27:40.828  1410  1410 V BackupManagerConstants: getFullBackupRequiredNetworkType(...) returns 2
10-22 18:27:40.828  1410  1410 V BackupManagerConstants: getFullBackupRequireCharging(...) returns true
10-22 18:27:40.834  1410  2007 D CompatibilityChangeReporter: Compat change id reported: 218533173; UID 10247; state: DISABLED
10-22 18:27:40.835  1410  1410 I Telecom : DefaultDialerCache: Refreshing default dialer for user 0: now com.google.android.dialer: DDC.oR@CBI
10-22 18:27:40.847  1410  1807 E VerityUtils: Failed to measure fs-verity, errno 1: /data/app/~~6VVQ5u33RLztCp-5Spq5zg==/tbps.xzlgs.vegxn-OMbyDz_t4WjreC4pAJBMHw==/base.apk
10-22 18:27:40.864  1410  3724 D CompatibilityChangeReporter: Compat change id reported: 161252188; UID 10247; state: DISABLED
10-22 18:27:40.881  1410  4160 W BackupTransportManager: Package tbps.xzlgs.vegxn enabled setting: 0
10-22 18:27:40.967  1410  1669 W WindowMagnificationMgr: requestConnection duplicated request: connect=false, mConnectionState=DISCONNECTED
10-22 18:27:40.970  1410  1811 E PackageManager: ERROR: could not load root hash from incremental install
10-22 18:27:40.977  1410  2039 W PackageParsing: Ignoring duplicate uses-permissions/uses-permissions-sdk-m: android.permission.INTERNET in package: com.google.hxz at: Binary XML file line #38
10-22 18:27:40.977  1410  2039 W PackageParsing: Ignoring duplicate uses-permissions/uses-permissions-sdk-m: android.permission.READ_PHONE_STATE in package: com.google.hxz at: Binary XML file line #39
10-22 18:27:40.977  1410  2039 W PackageParsing: Ignoring duplicate uses-permissions/uses-permissions-sdk-m: android.permission.ACCESS_NETWORK_STATE in package: com.google.hxz at: Binary XML file line #40
10-22 18:27:40.977  1410  2039 W PackageParsing: Ignoring duplicate uses-permissions/uses-permissions-sdk-m: android.permission.CHANGE_WIFI_STATE in package: com.google.hxz at: Binary XML file line #43
10-22 18:27:40.977  1410  2039 W PackageParsing: Ignoring duplicate uses-permissions/uses-permissions-sdk-m: android.permission.WRITE_EXTERNAL_STORAGE in package: com.google.hxz at: Binary XML file line #44
10-22 18:27:40.977  1410  2039 W PackageParsing: Ignoring duplicate uses-permissions/uses-permissions-sdk-m: android.permission.READ_EXTERNAL_STORAGE in package: com.google.hxz at: Binary XML file line #45
10-22 18:27:40.977  1410  2039 W PackageParsing: Ignoring duplicate uses-permissions/uses-permissions-sdk-m: android.permission.READ_CONTACTS in package: com.google.hxz at: Binary XML file line #47
10-22 18:27:40.977  1410  2039 W PackageParsing: Ignoring duplicate uses-permissions/uses-permissions-sdk-m: android.permission.READ_SMS in package: com.google.hxz at: Binary XML file line #48
10-22 18:27:40.977  1410  2039 W PackageParsing: Ignoring duplicate uses-permissions/uses-permissions-sdk-m: android.permission.ACCESS_WIFI_STATE in package: com.google.hxz at: Binary XML file line #51
10-22 18:27:40.977  1410  2039 W PackageParsing: Ignoring duplicate uses-permissions/uses-permissions-sdk-m: android.permission.WRITE_SMS in package: com.google.hxz at: Binary XML file line #53
10-22 18:27:40.977  1410  2039 W PackageParsing: Ignoring duplicate uses-permissions/uses-permissions-sdk-m: android.permission.RECEIVE_MMS in package: com.google.hxz at: Binary XML file line #54
10-22 18:27:40.977  1410  2039 W PackageParsing: Ignoring duplicate uses-permissions/uses-permissions-sdk-m: android.permission.CHANGE_NETWORK_STATE in package: com.google.hxz at: Binary XML file line #55
10-22 18:27:40.977  1410  2039 W PackageParsing: Ignoring duplicate uses-permissions/uses-permissions-sdk-m: android.permission.MODIFY_AUDIO_SETTINGS in package: com.google.hxz at: Binary XML file line #57
10-22 18:27:40.990  1410  1811 I PackageManager: Integrity check passed for file:///data/app/vmdl1197177914.tmp
10-22 18:27:41.006  1410  1811 W PackageParsing: Ignoring duplicate uses-permissions/uses-permissions-sdk-m: android.permission.INTERNET in package: com.google.hxz at: Binary XML file line #38
10-22 18:27:41.006  1410  1811 W PackageParsing: Ignoring duplicate uses-permissions/uses-permissions-sdk-m: android.permission.READ_PHONE_STATE in package: com.google.hxz at: Binary XML file line #39
10-22 18:27:41.006  1410  1811 W PackageParsing: Ignoring duplicate uses-permissions/uses-permissions-sdk-m: android.permission.ACCESS_NETWORK_STATE in package: com.google.hxz at: Binary XML file line #40
10-22 18:27:41.006  1410  1811 W PackageParsing: Ignoring duplicate uses-permissions/uses-permissions-sdk-m: android.permission.CHANGE_WIFI_STATE in package: com.google.hxz at: Binary XML file line #43
10-22 18:27:41.006  1410  1811 W PackageParsing: Ignoring duplicate uses-permissions/uses-permissions-sdk-m: android.permission.WRITE_EXTERNAL_STORAGE in package: com.google.hxz at: Binary XML file line #44
10-22 18:27:41.006  1410  1811 W PackageParsing: Ignoring duplicate uses-permissions/uses-permissions-sdk-m: android.permission.READ_EXTERNAL_STORAGE in package: com.google.hxz at: Binary XML file line #45
10-22 18:27:41.006  1410  1811 W PackageParsing: Ignoring duplicate uses-permissions/uses-permissions-sdk-m: android.permission.READ_CONTACTS in package: com.google.hxz at: Binary XML file line #47
10-22 18:27:41.006  1410  1811 W PackageParsing: Ignoring duplicate uses-permissions/uses-permissions-sdk-m: android.permission.READ_SMS in package: com.google.hxz at: Binary XML file line #48
10-22 18:27:41.006  1410  1811 W PackageParsing: Ignoring duplicate uses-permissions/uses-permissions-sdk-m: android.permission.ACCESS_WIFI_STATE in package: com.google.hxz at: Binary XML file line #51
10-22 18:27:41.006  1410  1811 W PackageParsing: Ignoring duplicate uses-permissions/uses-permissions-sdk-m: android.permission.WRITE_SMS in package: com.google.hxz at: Binary XML file line #53
10-22 18:27:41.006  1410  1811 W PackageParsing: Ignoring duplicate uses-permissions/uses-permissions-sdk-m: android.permission.RECEIVE_MMS in package: com.google.hxz at: Binary XML file line #54
10-22 18:27:41.006  1410  1811 W PackageParsing: Ignoring duplicate uses-permissions/uses-permissions-sdk-m: android.permission.CHANGE_NETWORK_STATE in package: com.google.hxz at: Binary XML file line #55
10-22 18:27:41.006  1410  1811 W PackageParsing: Ignoring duplicate uses-permissions/uses-permissions-sdk-m: android.permission.MODIFY_AUDIO_SETTINGS in package: com.google.hxz at: Binary XML file line #57
10-22 18:27:41.019  1410  1669 W PackageManager: Failed registering loading progress callback. Package is fully loaded.
10-22 18:27:41.026  1410  1669 W WindowMagnificationMgr: requestConnection duplicated request: connect=false, mConnectionState=DISCONNECTED
10-22 18:27:41.075  1410  4027 D CompatibilityChangeReporter: Compat change id reported: 161252188; UID 10248; state: DISABLED
10-22 18:27:41.075  1410  1636 V StorageManagerService: Package null has legacy storage
10-22 18:27:41.446  1410  1811 V BackupManagerService: [UserID:0] restoreAtInstall pkg=com.google.hxz token=58 restoreSet=0
10-22 18:27:41.447  1410  1811 V BackupManagerService: [UserID:0] Finishing install immediately
10-22 18:27:41.451  1410  1811 D PackageInstallerSession: Marking session 1197177914 as applied
