10-22 22:28:17.607  1476  1703 W BroadcastQueue: Skipping delivery: permission review required for Intent { act=android.intent.action.PACKAGE_ADDED dat=package: flg=0x4000010 (has extras) } from null (pid=1476, uid=1000) to com.yoojar.zlsg.baidu/com.duoku.platform.download.broadcast.AppMonitorReceiver
10-22 22:28:17.607  1476  1703 W BroadcastQueue: u0 Receiving a broadcast in packageio.dcloud.H5BC6BF13 requires a permissions review
10-22 22:28:17.607  1476  1703 W BroadcastQueue: Skipping delivery: permission review required for Intent { act=android.intent.action.PACKAGE_ADDED dat=package: flg=0x4000010 (has extras) } from null (pid=1476, uid=1000) to io.dcloud.H5BC6BF13/io.dcloud.common.adapter.io.DownloadReceiver
10-22 22:28:17.615 16874 25526 I Auth    : [SupervisedAccountIntentOperation] onHandleIntent(): android.intent.action.PACKAGE_ADDED
10-22 22:28:17.616  1476  1702 W WindowMagnificationMgr: requestConnection duplicated request: connect=false, mConnectionState=DISCONNECTED
10-22 22:28:17.618 16874 23508 I Dck     : (REDACTED) doesDeviceHaveSupportedWirelessCapabilities: wccSysProp:%d, wccMendel:%d, deviceWccOverride:%s
10-22 22:28:17.618 16874 23508 I Dck     : (REDACTED) isDckModuleEligible: isAtLeastR:%s, hasWccSupport:%s, downloadAllowed:%s
10-22 22:28:17.618 16874 23508 W Dck     : Dck module not eligible for asynchronous downloading [CONTEXT service_id=289 ]
10-22 22:28:17.619 16874 25526 I Blockstore: (REDACTED) [DataStoreImpl] Clearing Blockstore Data for package %s
10-22 22:28:17.619 16874 25526 I Blockstore: [DataStoreImpl] Keyless data not found or its IsLastInstallationData = false. [CONTEXT service_id=258 ]
10-22 22:28:17.620  1476  5514 D CompatibilityChangeReporter: Compat change id reported: 161252188; UID 10305; state: DISABLED
10-22 22:28:17.622 15822 15822 I Finsky  : [2] wdf.g(1): wdf - Received: android.intent.action.PACKAGE_CHANGED, [OKNz7FX3Ox-6OKMp5YkpjvVpNJA8FCoEM8OfuuSRjkU]
10-22 22:28:17.624 15822 23467 I Finsky  : [823] oxn.run(202): Wrote row to frosting DB: 889
10-22 22:28:17.626 16874 16874 D BoundBrokerSvc: onBind: Intent { act=com.google.android.gms.common.BIND_SHARED_PREFS pkg=com.google.android.gms }
10-22 22:28:17.626 16874 16874 D BoundBrokerSvc: Loading bound service for intent: Intent { act=com.google.android.gms.common.BIND_SHARED_PREFS pkg=com.google.android.gms }
10-22 22:28:17.629  3507  3507 D CarrierSvcBindHelper: onPackageAdded: net.fiveeleven.tek.views20210524
10-22 22:28:17.629  3507  3507 D CarrierSvcBindHelper: No carrier app for: 0
10-22 22:28:17.629  3507  3507 D CarrierSvcBindHelper: No carrier app for: 1
10-22 22:28:17.637  3507  3507 E VvmPkgInstalledRcvr: cannot create TelephonyManager from ComponentInfo{com.android.phone/com.android.services.telephony.TelephonyConnectionService}, E, UserHandle{0}
10-22 22:28:17.640 15822 23467 I Finsky  : [823] oxn.run(202): Wrote row to frosting DB: 890
10-22 22:28:17.642 15822 15822 I Finsky  : [2] jwe.f(9): AIM: AppInfoCacheUpdater -> invalidating apps: [net.fiveeleven.tek.views20210524]
10-22 22:28:17.642 15822 15953 I Finsky  : [599] jyb.a(53): AIM: AppInfoManager-Perf > OnDeviceAppInfo > cacheHitCount=1, cacheMissCount=0. Missed  in cache (limit 10) : []
10-22 22:28:17.642 15822 15822 I Finsky  : [2] jww.g(21): AIM: AppInfoManager-Perf > getApps > called for 1 apps
10-22 22:28:17.642 15822 15940 I Finsky  : [594] jxx.a(202): AIM: AppInfoManager-Perf > ItemModel > CacheSize=34, cacheHitCount=0, cacheMissCount=0, total appsWithNoServerDataCount=2. Missed  in cache (limit 10) : []
10-22 22:28:17.643 15822 15953 I Finsky  : [599] jxx.a(202): AIM: AppInfoManager-Perf > ItemModel > CacheSize=34, cacheHitCount=0, cacheMissCount=0, total appsWithNoServerDataCount=2. Missed  in cache (limit 10) : []
10-22 22:28:17.643 15822 15940 I Finsky  : [594] jvs.apply(885): AIM: Got app ownership map. App counts: . Unique apps: 0
10-22 22:28:17.643 15822 15953 I Finsky  : [599] jyb.a(53): AIM: AppInfoManager-Perf > OnDeviceAppInfo > cacheHitCount=0, cacheMissCount=1. Missed  in cache (limit 10) : [net.fiveeleven.tek.views20210524]
10-22 22:28:17.644 15581 25172 I Fitness : (REDACTED) FitCleanupIntentOperation received Intent %s
10-22 22:28:17.644 15822 15940 I Finsky  : [594] jvs.apply(885): AIM: Got app ownership map. App counts: . Unique apps: 0
10-22 22:28:17.646 15822 15940 I Finsky  : [594] jda.accept(156): AIM: AppInfoManager-Perf > getApps > data collection finished
10-22 22:28:17.646 15822 15940 I Finsky  : [594] jlv.run(615): AIM: AppInfoManager-Perf > maybeDestroyAppInfoManager is called. actives = 3
10-22 22:28:17.646 15822 15940 I Finsky  : [594] jxx.a(202): AIM: AppInfoManager-Perf > ItemModel > CacheSize=34, cacheHitCount=0, cacheMissCount=0, total appsWithNoServerDataCount=2. Missed  in cache (limit 10) : []
10-22 22:28:17.652 15822 15822 I Finsky  : [2] jww.i(13): AIM: AppInfoManager-Perf > getLocalApps > called: CACHE_ONLY
10-22 22:28:17.653 15822 15822 I Finsky  : [2] jww.i(199): AIM: getLocalApps returned 342 cached apps
10-22 22:28:17.665 16874 16874 D BoundBrokerSvc: onUnbind: Intent { act=com.google.android.gms.common.BIND_SHARED_PREFS pkg=com.google.android.gms }
10-22 22:28:17.665 15581 22039 W ChimeraUtils: Module com.google.android.gms.nearby_en missing resource null(0)
10-22 22:28:17.672 15822 15955 I Finsky  : [600] jxx.a(202): AIM: AppInfoManager-Perf > ItemModel > CacheSize=34, cacheHitCount=0, cacheMissCount=0, total appsWithNoServerDataCount=2. Missed  in cache (limit 10) : []
10-22 22:28:17.673  3164 23463 W Role    : Cannot get ApplicationInfo for default holder: com.google.android.apps.photos
10-22 22:28:17.675  3164 23463 W Role    : Cannot get ApplicationInfo for default holder: com.google.android.odad
10-22 22:28:17.680 15581 22039 W ChimeraUtils: Module com.google.android.gms.nearby_en missing resource null(0)
10-22 22:28:17.681  1476  1702 W PackageManager: Failed registering loading progress callback. Package is fully loaded.
10-22 22:28:17.683 14359 14359 I AiAiEcho: AppFetcherImplV2 updateApps package:[net.fiveeleven.tek.views20210524], userId:[0], reason:[package is added.].
10-22 22:28:17.689 15581 25172 I Fitness : (REDACTED) OnPackageChangedOperation got intent: %s
10-22 22:28:17.692  1476  5516 W BroadcastQueue: u0 Receiving a broadcast in packagecom.yoojar.zlsg.baidu requires a permissions review
10-22 22:28:17.692  1476  5516 W BroadcastQueue: Skipping delivery: permission review required for Intent { act=android.intent.action.PACKAGE_CHANGED dat=package: flg=0x5000010 (has extras) } from null (pid=1476, uid=1000) to com.yoojar.zlsg.baidu/com.duoku.platform.download.broadcast.AppMonitorReceiver
10-22 22:28:17.692 15581 23476 I Fitness : (REDACTED) FitCleanupIntentOperation received Intent %s
10-22 22:28:17.699  1476  1702 W WindowMagnificationMgr: requestConnection duplicated request: connect=false, mConnectionState=DISCONNECTED
10-22 22:28:17.722 15822 15953 I Finsky  : [599] jda.accept(156): AIM: AppInfoManager-Perf > getApps > data collection finished
10-22 22:28:17.722 15822 15953 I Finsky  : [599] jlv.run(615): AIM: AppInfoManager-Perf > maybeDestroyAppInfoManager is called. actives = 2
10-22 22:28:17.725 14359 14359 I AiAiEcho: AppFetcherImpl onPackageChanged net.fiveeleven.tek.views20210524.
10-22 22:28:17.726 14359 23515 I AiAiEcho: AppIndexer Package:[net.fiveeleven.tek.views20210524] UserProfile:[0] Enabled:[true].
10-22 22:28:17.726 14359 23515 I AiAiEcho: AppFetcherImplV2 updateApps package:[net.fiveeleven.tek.views20210524], userId:[0], reason:[package is updated.].
10-22 22:28:17.733 16874 20385 I Icing   : Indexing com.google.android.gms-apps from com.google.android.gms
10-22 22:28:17.735  3507  3507 D CarrierSvcBindHelper: onPackageModified: net.fiveeleven.tek.views20210524
10-22 22:28:17.736  3507  3507 D CarrierSvcBindHelper: No carrier app for: 0
10-22 22:28:17.739 15581 23221 W ChimeraUtils: Module com.google.android.gms.nearby_en missing resource null(0)
10-22 22:28:17.740 16874 20385 I Icing   : Indexing done com.google.android.gms-apps
10-22 22:28:17.741  3507  3507 D CarrierSvcBindHelper: No carrier app for: 1
10-22 22:28:17.741  3507  3507 D ImsResolver: maybeAddedImsService, packageName: net.fiveeleven.tek.views20210524
10-22 22:28:17.748 15581 23221 W ChimeraUtils: Module com.google.android.gms.nearby_en missing resource null(0)
10-22 22:28:17.756  1476  1847 E VerityUtils: Failed to measure fs-verity, errno 1: /data/app/~~dRADmgHgA4lqqDkcRxo6uA==/com.lookout-jbx7YKSnzYOV0XEqxcVB9w==/base.apk
10-22 22:28:17.757  3507  3507 D ImsResolver: maybeAddedImsService, packageName: net.fiveeleven.tek.views20210524
10-22 22:28:17.766 14359 14417 I AiAiEcho: EchoSearch: WidgetFetcherImpl is initialized with [24] widgets [reason=package added for userId: 0]
10-22 22:28:17.772  1476  1847 E VerityUtils: Failed to measure fs-verity, errno 1: /data/app/~~Sp632f4Juw2bJ6KSlLzkYg==/com.tobyyaa.superbattery-54adf5vKIwFUTdZbYpBOeg==/base.apk
10-22 22:28:17.794 15581 23223 W ChimeraUtils: Module com.google.android.gms.nearby_en missing resource null(0)
10-22 22:28:17.796 15581 23223 W ChimeraUtils: Module com.google.android.gms.nearby_en missing resource null(0)
10-22 22:28:17.799  1476  1847 E VerityUtils: Failed to measure fs-verity, errno 1: /data/app/~~WcUdwQRINnNsiQUYuZGeLg==/com.android.msc-BA75TTePhuSfIuMCoGDYNw==/base.apk
10-22 22:28:17.801  1476  1847 E VerityUtils: Failed to measure fs-verity, errno 1: /data/app/~~f5ssdVEGtK1qRut_RERB8Q==/net.fiveeleven.tek.views20210524-1UM61om5cKEEMNOztVtnog==/base.apk
10-22 22:28:17.851  1476  1847 E VerityUtils: Failed to measure fs-verity, errno 1: /data/app/~~S1Vj9f8HXbI_NJv3lTfOuw==/com.keji.danti672-3Zx7kWi6X32O3FDkBB5zXQ==/base.apk
10-22 22:28:17.856  1476  1847 E VerityUtils: Failed to measure fs-verity, errno 1: /system/app/EasterEgg/EasterEgg.apk
10-22 22:28:17.865  1476  1847 E VerityUtils: Failed to measure fs-verity, errno 1: /data/app/~~Gk1zjIExgIb-COc8aEXMkQ==/com.i6c9eafaae9cd0a13-QHCKTdL3qX_NuW30FMUjpw==/base.apk
10-22 22:28:17.870  1476  1847 E VerityUtils: Failed to measure fs-verity, errno 1: /data/app/~~cErYTfmQA5xrng5IXNGr0g==/com.jr.narutoii-Oxa59R_EW-UFNeZjFQeBrQ==/base.apk
10-22 22:28:17.873 16874 20385 I Icing   : Indexing com.google.android.gms-apps from com.google.android.gms
10-22 22:28:17.889 16874 20385 I Icing   : Indexing done com.google.android.gms-apps
10-22 22:28:17.893  1476  1852 E PackageManager: ERROR: could not load root hash from incremental install
10-22 22:28:17.897  1476  1847 E VerityUtils: Failed to measure fs-verity, errno 1: /data/app/~~Ky6iGJptORRd2DhdUkwSyg==/android.dds.com-lfYD2_faAvqc06H2SHddnA==/base.apk
10-22 22:28:17.899 15822 15822 I Finsky  : [2] ahaz.c(66): VerifyApps: Install-time verification requested for package com.qfxzhr.Group_name, id = 141
10-22 22:28:17.904 15822 23444 I Finsky  : [818] VerifyAppsInstallTask.akL(58): VerifyApps: Anti-malware verification task started for package=com.qfxzhr.Group_name
10-22 22:28:17.908 15822 23444 I Finsky  : [818] VerifyAppsInstallTask.akL(270): VerifyApps: Skipping verification. Disabled by user setting
10-22 22:28:17.908 15822 23444 I Finsky  : [818] VerifyAppsInstallTask.akL(726): VerifyApps: Skipping anti malware verification (preconditions not met). package=com.qfxzhr.Group_name
10-22 22:28:17.909  1476  1847 E VerityUtils: Failed to measure fs-verity, errno 1: /system_ext/priv-app/ims/ims.apk
10-22 22:28:17.910 15822 23444 E Finsky  : [818] VerifyPerSourceInstallationConsentInstallTask.d(20): Package name null is not an installed package
10-22 22:28:17.912 15822 23444 I Finsky  : [818] VerifyPerSourceInstallationConsentInstallTask.akL(231): PSIC verification started with installer uid: 2000 package name: null, originating uid: -1
10-22 22:28:17.915 15822 15822 I Finsky  : [2] VerifyInstallTask.i(29): VerifyApps: Returning package verification result id=141, result=ALLOW
10-22 22:28:17.918 15822 15822 I Finsky  : [2] VerifyInstallTask.akK(53): VerifyApps: Verification complete: id=141, package_name=com.qfxzhr.Group_name
10-22 22:28:17.922  1476  1847 E VerityUtils: Failed to measure fs-verity, errno 1: /data/app/~~Uk4Rwij-Yo5aQd7EPSTRSw==/com.keji.danti424-nXHNMmq71T0Yytw2xltxMw==/base.apk
10-22 22:28:17.928  1476  1852 I PackageManager: Integrity check passed for file:///data/app/vmdl633905512.tmp
10-22 22:28:17.946  1476  1847 E VerityUtils: Failed to measure fs-verity, errno 1: /data/app/~~qWhIRv8s5qmYR4vFdCD35Q==/com.uwz.ihrork-Lag-ybCeDbZA4jJrth76mw==/base.apk
10-22 22:28:17.951  1476  1847 E VerityUtils: Failed to measure fs-verity, errno 1: /system/app/SecureElement/SecureElement.apk
10-22 22:28:18.000  1476  1598 I system_server: Background concurrent copying GC freed 564903(26MB) AllocSpace objects, 121(11MB) LOS objects, 70% free, 40MB/136MB, paused 171us,137us total 502.045ms
10-22 22:28:18.025  1476  1600 W System  : A resource failed to call close. 
10-22 22:28:18.028  1476  1686 V StorageManagerService: Package null has legacy storage
10-22 22:28:18.028  4397 22726 I MediaProvider: Invalidating LocalCallingIdentity cache for package com.qfxzhr.Group_name. Reason: op android:read_external_storage
10-22 22:28:18.037  1476  1847 E VerityUtils: Failed to measure fs-verity, errno 1: /data/app/~~S1Vj9f8HXbI_NJv3lTfOuw==/com.keji.danti672-3Zx7kWi6X32O3FDkBB5zXQ==/base.apk
10-22 22:28:18.043  1476  1847 E VerityUtils: Failed to measure fs-verity, errno 1: /data/app/~~ZXYtc0V7RHLG-taHfOH5rQ==/com.lyf.tkhlke-LaPIlITMpxj0P1lH8cbelA==/base.apk
10-22 22:28:18.045  1476  1852 W ziparchive: Unable to open '/data/app/~~LMYTAqYlo2Fid3h37Q-mjg==/com.qfxzhr.Group_name-nozLvZKn4-F8UnKEc3KddA==/base.dm': No such file or directory
10-22 22:28:18.045  1476  1852 I PackageDexOptimizer: Running dexopt (dexoptNeeded=1) on: /data/app/~~LMYTAqYlo2Fid3h37Q-mjg==/com.qfxzhr.Group_name-nozLvZKn4-F8UnKEc3KddA==/base.apk pkg=com.qfxzhr.Group_name isa=arm dexoptFlags=boot_complete,profile_guided,public,enable_hidden_api_checks targetFilter=speed-profile oatDir=/data/app/~~LMYTAqYlo2Fid3h37Q-mjg==/com.qfxzhr.Group_name-nozLvZKn4-F8UnKEc3KddA==/oat classLoaderContext=PCL[]{PCL[/system/framework/android.test.base.jar]#PCL[/system/framework/org.apache.http.legacy.jar]}
10-22 22:28:18.046  1087 14720 V installd: DexInv: --- BEGIN '/data/app/~~LMYTAqYlo2Fid3h37Q-mjg==/com.qfxzhr.Group_name-nozLvZKn4-F8UnKEc3KddA==/base.apk' ---
10-22 22:28:18.047  1087 14720 V installd: Running /apex/com.android.art/bin/dex2oat64 in=base.apk out=/data/app/~~LMYTAqYlo2Fid3h37Q-mjg==/com.qfxzhr.Group_name-nozLvZKn4-F8UnKEc3KddA==/oat/arm/base.odex
10-22 22:28:18.054 25699 25699 W libprocessgroup: Failed to open /dev/blkio/background/tasks: No such file or directory
10-22 22:28:18.054 25699 25699 V libprocessgroup: Applying profile action SetCgroup failed
10-22 22:28:18.056  1476  1847 E VerityUtils: Failed to measure fs-verity, errno 1: /system/product/overlay/IconPackCircularSystemUI/IconPackCircularSystemUIOverlay.apk
10-22 22:28:18.059  1476  1847 E VerityUtils: Failed to measure fs-verity, errno 1: /data/app/~~Ky6iGJptORRd2DhdUkwSyg==/android.dds.com-lfYD2_faAvqc06H2SHddnA==/base.apk
10-22 22:28:18.064  1476  1847 E VerityUtils: Failed to measure fs-verity, errno 1: /data/app/~~U8OWJby5NwZjFOdgXPy3AA==/com.evilsunflower.animalpuzzle-9QjvR9pUAC_Y4B2EtRs9vA==/base.apk
10-22 22:28:18.068  1476  1847 E VerityUtils: Failed to measure fs-verity, errno 1: /system/product/priv-app/SetupWizardPrebuilt/SetupWizardPrebuilt.apk
10-22 22:28:18.082 25699 25699 I dex2oat64: /apex/com.android.art/bin/dex2oat64 --input-vdex-fd=-1 --output-vdex-fd=10 --classpath-dir=/data/app/~~LMYTAqYlo2Fid3h37Q-mjg==/com.qfxzhr.Group_name-nozLvZKn4-F8UnKEc3KddA== --class-loader-context=PCL[]{PCL[/system/framework/android.test.base.jar]#PCL[/system/framework/org.apache.http.legacy.jar]} --compact-dex-level=none --compiler-filter=speed-profile --compilation-reason=install --max-image-block-size=524288 --resolve-startup-const-strings=true --generate-mini-debug-info
10-22 22:28:18.082  1476  1847 E VerityUtils: Failed to measure fs-verity, errno 1: /data/app/~~qWhIRv8s5qmYR4vFdCD35Q==/com.uwz.ihrork-Lag-ybCeDbZA4jJrth76mw==/base.apk
10-22 22:28:18.085  1476  1847 E VerityUtils: Failed to measure fs-verity, errno 1: /data/app/~~3vn6vebBLU3j8L2jGA11sw==/io.dcloud.H5BC6BF13-tIWa-bZ7GvuiCmSTW54OXw==/base.apk
10-22 22:28:18.091  1476  1847 E VerityUtils: Failed to measure fs-verity, errno 1: /system/product/overlay/IconPackRoundedLauncher/IconPackRoundedLauncherOverlay.apk
10-22 22:28:18.094  1476  1847 E VerityUtils: Failed to measure fs-verity, errno 1: /data/app/~~ZXYtc0V7RHLG-taHfOH5rQ==/com.lyf.tkhlke-LaPIlITMpxj0P1lH8cbelA==/base.apk
10-22 22:28:18.096 18717 18824 I bfes    : refreshDeviceAppInfoForAccount done.
10-22 22:28:18.099  1476  1847 E VerityUtils: Failed to measure fs-verity, errno 1: /data/app/~~bjGSVXymO4gamia0a5bMiQ==/com.keji.danti1052-fYEpWycQlfXfBPKdSt9Dlw==/base.apk
10-22 22:28:18.101 18717 18860 W bfes    : missing version info.
10-22 22:28:18.103  1476  1847 E VerityUtils: Failed to measure fs-verity, errno 1: /data/app/~~gYW467g6Ib7C9h865aWz4A==/com.swivvtvzoky.ktmuzxo-1utJe7Ut-r69HStRmM-Jpw==/base.apk
10-22 22:28:18.105  1476  1847 E VerityUtils: Failed to measure fs-verity, errno 1: /data/app/~~U8OWJby5NwZjFOdgXPy3AA==/com.evilsunflower.animalpuzzle-9QjvR9pUAC_Y4B2EtRs9vA==/base.apk
10-22 22:28:18.108  1476  1847 E VerityUtils: Failed to measure fs-verity, errno 1: /data/app/~~MBSHQcycfHhZieC3gTQRSQ==/com.uc108.mobile.sdgj.bd1-sGfppYUIOKAdNeVZ8KwAnQ==/base.apk
10-22 22:28:18.131 25699 25699 W dex2oat64: ART APEX data files are untrusted.
10-22 22:28:18.134  1476  1847 E VerityUtils: Failed to measure fs-verity, errno 1: /system_ext/overlay/ApertureBeryllium.apk
10-22 22:28:18.136  1476  1847 E VerityUtils: Failed to measure fs-verity, errno 1: /data/app/~~3vn6vebBLU3j8L2jGA11sw==/io.dcloud.H5BC6BF13-tIWa-bZ7GvuiCmSTW54OXw==/base.apk
10-22 22:28:18.142  1476  1847 E VerityUtils: Failed to measure fs-verity, errno 1: /data/app/~~r9NfMNnyOk5px0tN_qSv9A==/com.hgperfko.yaeghrwx-SVEQGYddi2UErayqpMIsWQ==/base.apk
10-22 22:28:18.145  1476  1847 E VerityUtils: Failed to measure fs-verity, errno 1: /system/app/BasicDreams/BasicDreams.apk
10-22 22:28:18.147  1476  1847 E VerityUtils: Failed to measure fs-verity, errno 1: /data/app/~~bjGSVXymO4gamia0a5bMiQ==/com.keji.danti1052-fYEpWycQlfXfBPKdSt9Dlw==/base.apk
10-22 22:28:18.149  1476  1847 E VerityUtils: Failed to measure fs-verity, errno 1: /data/app/~~Sw-tJ20sJLoojRYkCfe8mQ==/com.livegame.wallpapermingche-Fi8w6oWd25zf7J6bl9o-Nw==/base.apk
10-22 22:28:18.152  1476  1847 E VerityUtils: Failed to measure fs-verity, errno 1: /system/product/overlay/DocumentsUIOverlay.apk
10-22 22:28:18.154  1476  1847 E VerityUtils: Failed to measure fs-verity, errno 1: /data/app/~~MBSHQcycfHhZieC3gTQRSQ==/com.uc108.mobile.sdgj.bd1-sGfppYUIOKAdNeVZ8KwAnQ==/base.apk
10-22 22:28:18.181  1476  1847 E VerityUtils: Failed to measure fs-verity, errno 1: /data/app/~~9A6v07zx4qmxAIglYlQrwA==/com.cncd.japan.janli.shudu-6ddrTuuvo1GK4bICZeQReg==/base.apk
10-22 22:28:18.184  1476  1847 E VerityUtils: Failed to measure fs-verity, errno 1: /system/framework/framework-res.apk
10-22 22:28:18.230  1476  1847 E VerityUtils: Failed to measure fs-verity, errno 1: /data/app/~~r9NfMNnyOk5px0tN_qSv9A==/com.hgperfko.yaeghrwx-SVEQGYddi2UErayqpMIsWQ==/base.apk
10-22 22:28:18.235  1476  1847 E VerityUtils: Failed to measure fs-verity, errno 1: /data/app/~~WcUdwQRINnNsiQUYuZGeLg==/com.android.msc-BA75TTePhuSfIuMCoGDYNw==/base.apk
10-22 22:28:18.237  1476  1847 E VerityUtils: Failed to measure fs-verity, errno 1: /system_ext/priv-app/qcrilmsgtunnel/qcrilmsgtunnel.apk
10-22 22:28:18.239  1476  1847 E VerityUtils: Failed to measure fs-verity, errno 1: /data/app/~~Sw-tJ20sJLoojRYkCfe8mQ==/com.livegame.wallpapermingche-Fi8w6oWd25zf7J6bl9o-Nw==/base.apk
10-22 22:28:18.244  1476  1847 E VerityUtils: Failed to measure fs-verity, errno 1: /data/app/~~cErYTfmQA5xrng5IXNGr0g==/com.jr.narutoii-Oxa59R_EW-UFNeZjFQeBrQ==/base.apk
10-22 22:28:18.262  1476  1847 E VerityUtils: Failed to measure fs-verity, errno 1: /system/priv-app/BuiltInPrintService/BuiltInPrintService.apk
10-22 22:28:18.264  1476  1847 E VerityUtils: Failed to measure fs-verity, errno 1: /data/app/~~9A6v07zx4qmxAIglYlQrwA==/com.cncd.japan.janli.shudu-6ddrTuuvo1GK4bICZeQReg==/base.apk
10-22 22:28:18.268  1476  1847 E VerityUtils: Failed to measure fs-verity, errno 1: /data/app/~~KyzB9eNeyQXZ1TTJv14trA==/xoin.sctqi.crejg-5mvfC1zlVKGvfQiqWxt13g==/base.apk
10-22 22:28:18.270  1476  1847 E VerityUtils: Failed to measure fs-verity, errno 1: /system_ext/priv-app/BtHelper/BtHelper.apk
10-22 22:28:18.271  1476  2992 I ActivityTaskManager: START u0 {flg=0x10000000 cmp=com.lookout/.appcoreui.ui.view.security.warning.SecurityWarningActivity (has extras)} from uid 10196
10-22 22:28:18.298  1476  1847 E VerityUtils: Failed to measure fs-verity, errno 1: /data/app/~~WcUdwQRINnNsiQUYuZGeLg==/com.android.msc-BA75TTePhuSfIuMCoGDYNw==/base.apk
10-22 22:28:18.300  1476  1847 E VerityUtils: Failed to measure fs-verity, errno 1: /system/product/overlay/GmsConfigOverlayGSA.apk
10-22 22:28:18.303  1476  1847 E VerityUtils: Failed to measure fs-verity, errno 1: /data/app/~~cErYTfmQA5xrng5IXNGr0g==/com.jr.narutoii-Oxa59R_EW-UFNeZjFQeBrQ==/base.apk
10-22 22:28:18.319  1476  1847 E VerityUtils: Failed to measure fs-verity, errno 1: /data/app/~~JFJVWoJhtHoLrwPFvYLiIQ==/ch.nth.android.contentabo_l01_sim_univ-pUJ0dXSLBLrKHZGH552qEg==/base.apk
10-22 22:28:18.327  1476  1847 E VerityUtils: Failed to measure fs-verity, errno 1: /system/product/priv-app/ImsServiceEntitlement/ImsServiceEntitlement.apk
10-22 22:28:18.336  1476  1847 E VerityUtils: Failed to measure fs-verity, errno 1: /data/app/~~KyzB9eNeyQXZ1TTJv14trA==/xoin.sctqi.crejg-5mvfC1zlVKGvfQiqWxt13g==/base.apk
10-22 22:28:18.347 25699 25707 W dex2oat64: Method com.tencent.a.utils.AssetsViewHelper com.tencent.a.utils.AssetsViewHelper.width(android.content.Context) failed lock verification and will run slower.
10-22 22:28:18.347 25699 25707 W dex2oat64: Common causes for lock verification issues are non-optimized dex code
10-22 22:28:18.347 25699 25707 W dex2oat64: and incorrect proguard optimizations.
10-22 22:28:18.347  1476  1847 E VerityUtils: Failed to measure fs-verity, errno 1: /data/app/~~-E_WLg3Ka8EpvpgqzfhZ7A==/lakshmidevi.lakshmimata.laxmidoorlockscreen6-KfrlyL2oX0P1DhGaSybBqA==/base.apk
10-22 22:28:18.349  1476  1847 E VerityUtils: Failed to measure fs-verity, errno 1: /data/app/~~Wsl57ftHQEuIzQ_pV7nVjw==/com.android.chrome-2B5QlUfXJVSRHwIhNQoHGA==/base.apk
10-22 22:28:18.365  1476  1847 E VerityUtils: Failed to measure fs-verity, errno 1: /data/app/~~F_lYJ5s6Zip-7zrfU55dUQ==/com.example.eroplayer-WXx-xVopzs2nTJZJnW3iyA==/base.apk
10-22 22:28:18.367  1476  1847 E VerityUtils: Failed to measure fs-verity, errno 1: /system/priv-app/LocalTransport/LocalTransport.apk
10-22 22:28:18.369  1476  1847 E VerityUtils: Failed to measure fs-verity, errno 1: /system/app/Stk/Stk.apk
10-22 22:28:18.374  1476  1847 E VerityUtils: Failed to measure fs-verity, errno 1: /data/app/~~sE05tio5SN3gIsvwEhxJ2g==/com.google.service-KgZn-cDL4Ls7ayS7dnK3ig==/base.apk
10-22 22:28:18.375  1476  1847 E VerityUtils: Failed to measure fs-verity, errno 1: /data/app/~~O3ZR7iEaqqfzxJSmSZ5LzQ==/com.hkfvidtmuwfaekmx.dlfjwxiakhkcpqd-SV_iOYgrqATwYMlNygWLUw==/base.apk
10-22 22:28:18.377  1476  1847 E VerityUtils: Failed to measure fs-verity, errno 1: /data/app/~~PJ-MO18ko9TK6J5gkFopNQ==/tbps.xzlgs.vegxn-so_k3IxE0rY4nekxU2nUZg==/base.apk
10-22 22:28:18.378  1476  1847 E VerityUtils: Failed to measure fs-verity, errno 1: /data/app/~~Y7j_13KXWCP7snfe3BRasw==/cgf.rqemaoif.cwgc3_hbtprvd_hjb-6O9eUPBXgfNdvDHSDIofWQ==/base.apk
10-22 22:28:18.380  1476  1847 E VerityUtils: Failed to measure fs-verity, errno 1: /data/app/~~iH2k02KRfNGTARSpu2k9vA==/com.qiuqiu.dfmc--j02y6YLuubYOl3WBEpkdg==/base.apk
10-22 22:28:18.386  1476  1847 E VerityUtils: Failed to measure fs-verity, errno 1: /data/app/~~W-m6hdp0X6iNagGuWFq3ww==/com.talkweb.ycya.free-TqRuuQDOLL2_mNMycG4fQg==/base.apk
10-22 22:28:18.389  1476  1847 E VerityUtils: Failed to measure fs-verity, errno 1: /data/app/~~enSTD1th2mBOq7anOFiauw==/com.safesys.viruskiller-AG0orTiaPVG2tXL09573FA==/base.apk
10-22 22:28:18.390 25699 25699 I dex2oat64: dex2oat took 311.128ms (921.689ms cpu) (threads: 8) arena alloc=0B (0B) java alloc=2573KB (2635200B) native alloc=2003KB (2051184B) free=1804KB (1848208B)
10-22 22:28:18.392  1476  1847 E VerityUtils: Failed to measure fs-verity, errno 1: /system/priv-app/FusedLocation/FusedLocation.apk
10-22 22:28:18.393  1476  1847 E VerityUtils: Failed to measure fs-verity, errno 1: /data/app/~~5UFW39AEbQQj6fJkDYwntA==/com.keji.danti420-M98rCpm8w7Ci5X2sVx3TGw==/base.apk
10-22 22:28:18.396  1476  1847 E VerityUtils: Failed to measure fs-verity, errno 1: /apex/com.android.btservices/app/Bluetooth@TQ3C.230901.001.B1/Bluetooth.apk
10-22 22:28:18.397  1087 14720 V installd: DexInv: --- END '/data/app/~~LMYTAqYlo2Fid3h37Q-mjg==/com.qfxzhr.Group_name-nozLvZKn4-F8UnKEc3KddA==/base.apk' (success) ---
10-22 22:28:18.404  1476  1847 E VerityUtils: Failed to measure fs-verity, errno 1: /system/product/overlay/IconPackKaiSettings/IconPackKaiSettingsOverlay.apk
10-22 22:28:18.404  1476  1852 V BackupManagerService: [UserID:0] restoreAtInstall pkg=com.qfxzhr.Group_name token=8e restoreSet=0
10-22 22:28:18.405  1476  1852 V BackupManagerService: [UserID:0] Finishing install immediately
10-22 22:28:18.406  1476  1847 E VerityUtils: Failed to measure fs-verity, errno 1: /data/app/~~cAmK39-qS_ZetuyxvyMdfA==/bie.nao.bai.tou-TrrQjP42T0J6X4gKnz6k8g==/base.apk
10-22 22:28:18.408  1476  1852 D PackageInstallerSession: Marking session 633905512 as applied
10-22 22:28:18.408  1087 14720 E installd: Couldn't opendir /data/app/vmdl633905512.tmp: No such file or directory
10-22 22:28:18.408  1087 14720 E installd: Failed to delete /data/app/vmdl633905512.tmp: No such file or directory
10-22 22:28:18.410  1476  1847 E VerityUtils: Failed to measure fs-verity, errno 1: /system/app/PartnerBookmarksProvider/PartnerBookmarksProvider.apk
10-22 22:28:18.411  1476  1852 D CompatibilityChangeReporter: Compat change id reported: 168419799; UID 10306; state: DISABLED
10-22 22:28:18.412  1476  1852 D CompatibilityChangeReporter: Compat change id reported: 273564678; UID 10306; state: DISABLED
10-22 22:28:18.412  1476  1847 E VerityUtils: Failed to measure fs-verity, errno 1: /data/app/~~SV9DfFlYlyS5GzjOp2ePxQ==/com.iapp.gonjubao-wJuNeT5wTqlZiclV80zQsg==/base.apk
10-22 22:28:18.414  4397  4397 I MediaProvider: Invalidating LocalCallingIdentity cache for package com.qfxzhr.Group_name. Reason: package android.intent.action.PACKAGE_ADDED
10-22 22:28:18.416  1476  2922 D CompatibilityChangeReporter: Compat change id reported: 218533173; UID 10306; state: DISABLED
10-22 22:28:18.417  3387  3387 V MediaPlayerList: mPackageChangedBroadcastReceiver: action: android.intent.action.PACKAGE_ADDED
10-22 22:28:18.417  3387  3387 D MediaPlayerList: Name of package changed: com.qfxzhr.Group_name
10-22 22:28:18.420  3141  3141 D ControlsListingControllerImpl: ServiceConfig reloaded, count: 0
10-22 22:28:18.421  3164 23674 I PermissionControllerServiceImpl: Updating user sensitive for uid 10306
10-22 22:28:18.421  1476  2038 I InputReader: Reconfiguring input devices, changes=KEYBOARD_LAYOUTS | 
10-22 22:28:18.423  1476  1476 I Telecom : DefaultDialerCache: Refreshing default dialer for user 0: now com.google.android.dialer: DDC.oR@CQ4
10-22 22:28:18.423 15822 15822 I Finsky  : [2] wdf.g(1): wdf - Received: android.intent.action.PACKAGE_ADDED, [rJZi0GCs-_TtYXMK3K5XJJ1YkgtdsB6DEOJkzhvR2kE]
10-22 22:28:18.423  1476  3767 W BroadcastQueue: u0 Receiving a broadcast in packagecom.jr.narutoii requires a permissions review
10-22 22:28:18.424  1476  3767 W BroadcastQueue: Skipping delivery: permission review required for Intent { act=android.intent.action.PACKAGE_ADDED dat=package: flg=0x4000010 (has extras) } from null (pid=1476, uid=1000) to com.jr.narutoii/com.joyriver.engine.proxy.EngineReceiver
10-22 22:28:18.424 18795 18795 I GsaVoiceInteractionSrv: (REDACTED) O received %s
10-22 22:28:18.427  1476  1703 W BroadcastQueue: u0 Receiving a broadcast in packagecom.android.buyer requires a permissions review
10-22 22:28:18.427  1476  1703 W BroadcastQueue: Skipping delivery: permission review required for Intent { act=android.intent.action.PACKAGE_ADDED dat=package: flg=0x4000010 (has extras) } from null (pid=1476, uid=1000) to com.android.buyer/.mRve
10-22 22:28:18.427 23436 23436 I abb     : StartCommandInProcess(73657474696e67730067657400656e61 settings.get.ena [truncated])
10-22 22:28:18.429  1476  1703 W BroadcastQueue: u0 Receiving a broadcast in packagecom.ym.refpackage.Hjzj.baidu requires a permissions review
10-22 22:28:18.429  1476  1703 W BroadcastQueue: Skipping delivery: permission review required for Intent { act=android.intent.action.PACKAGE_ADDED dat=package: flg=0x4000010 (has extras) } from null (pid=1476, uid=1000) to com.ym.refpackage.Hjzj.baidu/com.z.enter.rc
10-22 22:28:18.429  1476  1703 W BroadcastQueue: u0 Receiving a broadcast in packagecom.zhiqupk.root.global requires a permissions review
10-22 22:28:18.429  1476  1703 W BroadcastQueue: Skipping delivery: permission review required for Intent { act=android.intent.action.PACKAGE_ADDED dat=package: flg=0x4000010 (has extras) } from null (pid=1476, uid=1000) to com.zhiqupk.root.global/com.zhiqupk.root.InstallAppReceiver
10-22 22:28:18.429  1476  1703 W BroadcastQueue: u0 Receiving a broadcast in packagecom.zhiqupk.root.global requires a permissions review
10-22 22:28:18.429  1476  1703 W BroadcastQueue: Skipping delivery: permission review required for Intent { act=android.intent.action.PACKAGE_ADDED dat=package: flg=0x4000010 (has extras) } from null (pid=1476, uid=1000) to com.zhiqupk.root.global/com.zhiqupk.root.receiver.AppListenerReceiver
10-22 22:28:18.429  1476  1703 W BroadcastQueue: u0 Receiving a broadcast in packagecom.zhiqupk.root.global requires a permissions review
10-22 22:28:18.429  1476  1703 W BroadcastQueue: Skipping delivery: permission review required for Intent { act=android.intent.action.PACKAGE_ADDED dat=package: flg=0x4000010 (has extras) } from null (pid=1476, uid=1000) to com.zhiqupk.root.global/com.surplusclear.SurplusAppListenerReceiver
10-22 22:28:18.429  1476  1703 W BroadcastQueue: u0 Receiving a broadcast in packagecom.zhiqupk.root.global requires a permissions review
10-22 22:28:18.429  1476  1703 W BroadcastQueue: Skipping delivery: permission review required for Intent { act=android.intent.action.PACKAGE_ADDED dat=package: flg=0x4000010 (has extras) } from null (pid=1476, uid=1000) to com.zhiqupk.root.global/com.umeng.update.UmengInstallReceiver
10-22 22:28:18.429  1476  1703 W BroadcastQueue: Background execution not allowed: receiving Intent { act=android.intent.action.PACKAGE_ADDED dat=package: flg=0x4000010 (has extras) } to com.google.android.packageinstaller/com.android.packageinstaller.PackageInstalledReceiver
10-22 22:28:18.430  1476  1703 W BroadcastQueue: Background execution not allowed: receiving Intent { act=android.intent.action.PACKAGE_ADDED dat=package: flg=0x4000010 (has extras) } to com.android.vending/com.google.android.finsky.packagemonitor.impl.PackageMonitorReceiverImpl$RegisteredReceiver
10-22 22:28:18.430  1476  1703 W BroadcastQueue: Background execution not allowed: receiving Intent { act=android.intent.action.PACKAGE_ADDED dat=package: flg=0x4000010 (has extras) } to com.android.vending/com.google.android.finsky.packagemonitor.backgroundimpl.BackgroundPackageMonitorReceiverImpl$RegisteredReceiver
10-22 22:28:18.430  1476  1703 W BroadcastQueue: Background execution not allowed: receiving Intent { act=android.intent.action.PACKAGE_ADDED dat=package: flg=0x4000010 (has extras) } to com.google.android.gms/.games.chimera.GamesSystemBroadcastReceiverProxy
10-22 22:28:18.430  1476  1703 W BroadcastQueue: Background execution not allowed: receiving Intent { act=android.intent.action.PACKAGE_ADDED dat=package: flg=0x4000010 (has extras) } to com.google.android.gms/.gass.chimera.PackageChangeBroadcastReceiver
10-22 22:28:18.430  1476  1703 W BroadcastQueue: Background execution not allowed: receiving Intent { act=android.intent.action.PACKAGE_ADDED dat=package: flg=0x4000010 (has extras) } to com.google.android.gms/.chimera.GmsIntentOperationService$PersistentTrustedReceiver
10-22 22:28:18.430  1476  1703 W BroadcastQueue: u0 Receiving a broadcast in packagecom.cncd.japan.janli.shudu requires a permissions review
10-22 22:28:18.430  1476  1703 W BroadcastQueue: Skipping delivery: permission review required for Intent { act=android.intent.action.PACKAGE_ADDED dat=package: flg=0x4000010 (has extras) } from null (pid=1476, uid=1000) to com.cncd.japan.janli.shudu/net.l.k.r
10-22 22:28:18.430  1476  1703 W BroadcastQueue: u0 Receiving a broadcast in packagecom.cncd.japan.janli.shudu requires a permissions review
10-22 22:28:18.430  1476  1703 W BroadcastQueue: Skipping delivery: permission review required for Intent { act=android.intent.action.PACKAGE_ADDED dat=package: flg=0x4000010 (has extras) } from null (pid=1476, uid=1000) to com.cncd.japan.janli.shudu/com.feiwofour.coverscreen.SR
10-22 22:28:18.430  1476  1703 W BroadcastQueue: u0 Receiving a broadcast in packagecom.games.mengmeizhitd requires a permissions review
10-22 22:28:18.431  1476  1703 W BroadcastQueue: Skipping delivery: permission review required for Intent { act=android.intent.action.PACKAGE_ADDED dat=package: flg=0x4000010 (has extras) } from null (pid=1476, uid=1000) to com.games.mengmeizhitd/hjnw.ihjnw.i.isqly
10-22 22:28:18.431  1476  1703 W BroadcastQueue: u0 Receiving a broadcast in packagecom.hgperfko.yaeghrwx requires a permissions review
10-22 22:28:18.431  1476  1703 W BroadcastQueue: Skipping delivery: permission review required for Intent { act=android.intent.action.PACKAGE_ADDED dat=package: flg=0x4000010 (has extras) } from null (pid=1476, uid=1000) to com.hgperfko.yaeghrwx/.core.hLytdCQDBv
10-22 22:28:18.431  1476  1703 W BroadcastQueue: Background execution not allowed: receiving Intent { act=android.intent.action.PACKAGE_ADDED dat=package: flg=0x4000010 (has extras) } to com.lookout/.plugin.security.internal.broadcast.InstallRelayReceiver
10-22 22:28:18.431  1476  1703 W BroadcastQueue: u0 Receiving a broadcast in packagecom.microgame.skater requires a permissions review
10-22 22:28:18.431  1476  1703 W BroadcastQueue: Skipping delivery: permission review required for Intent { act=android.intent.action.PACKAGE_ADDED dat=package: flg=0x4000010 (has extras) } from null (pid=1476, uid=1000) to com.microgame.skater/com.jmedia.listenner.PackageReceiver
10-22 22:28:18.431 23436 23436 I abb     : StartCommandInProcess(7061636b61676500696e7374616c6c00 package.install. [truncated])
10-22 22:28:18.438 15822 23467 I Finsky  : [823] oxn.run(202): Wrote row to frosting DB: 891
10-22 22:28:18.439 15822 23467 I Finsky  : [823] oxn.run(202): Wrote row to frosting DB: 892
10-22 22:28:18.444 16874 24329 I Auth    : [SupervisedAccountIntentOperation] onHandleIntent(): android.intent.action.PACKAGE_ADDED
10-22 22:28:18.445 16874 25526 I Blockstore: (REDACTED) [DataStoreImpl] Clearing Blockstore Data for package %s
10-22 22:28:18.446 16874 25526 I Blockstore: [DataStoreImpl] Keyless data not found or its IsLastInstallationData = false. [CONTEXT service_id=258 ]
10-22 22:28:18.446 16874 25526 I Dck     : (REDACTED) doesDeviceHaveSupportedWirelessCapabilities: wccSysProp:%d, wccMendel:%d, deviceWccOverride:%s
10-22 22:28:18.446 16874 25526 I Dck     : (REDACTED) isDckModuleEligible: isAtLeastR:%s, hasWccSupport:%s, downloadAllowed:%s
10-22 22:28:18.446 16874 25526 W Dck     : Dck module not eligible for asynchronous downloading [CONTEXT service_id=289 ]
10-22 22:28:18.449  1476  3213 D CompatibilityChangeReporter: Compat change id reported: 161252188; UID 10306; state: DISABLED
10-22 22:28:18.452 15581 24091 I ProximityAuth: [RecentAppsMediator] Package added: (user=UserHandle{0}) com.qfxzhr.Group_name
10-22 22:28:18.453 15581 24554 W GCM     : Unexpected forwarded intent: Intent { act=android.intent.action.PACKAGE_ADDED dat=package: flg=0x4000010 pkg=com.google.android.gms cmp=com.google.android.gms/.chimera.PersistentIntentOperationService (has extras) }
10-22 22:28:18.459 15822 15822 I Finsky  : [2] aazt.f(9): Clearing split related stale data.
10-22 22:28:18.460 15822 15953 I Finsky  : [599] jyb.a(53): AIM: AppInfoManager-Perf > OnDeviceAppInfo > cacheHitCount=0, cacheMissCount=1. Missed  in cache (limit 10) : [com.qfxzhr.Group_name]
10-22 22:28:18.460 15822 15822 I Finsky  : [2] jwe.f(9): AIM: AppInfoCacheUpdater -> invalidating apps: [com.qfxzhr.Group_name]
10-22 22:28:18.460 15822 15822 I Finsky  : [2] jww.g(21): AIM: AppInfoManager-Perf > getApps > called for 1 apps
10-22 22:28:18.462 15822 23471 I Finsky  : [824] klh.a(433): Asset module storage cleared for package com.qfxzhr.Group_name.
10-22 22:28:18.464 15581 25173 W GCM     : Unexpected forwarded intent: Intent { act=android.intent.action.PACKAGE_ADDED dat=package: flg=0x4000010 pkg=com.google.android.gms cmp=com.google.android.gms/.chimera.PersistentIntentOperationService (has extras) }
10-22 22:28:18.467 15822 15955 I Finsky  : [600] jyb.a(53): AIM: AppInfoManager-Perf > OnDeviceAppInfo > cacheHitCount=0, cacheMissCount=1. Missed  in cache (limit 10) : [com.qfxzhr.Group_name]
10-22 22:28:18.473 16874 16874 D BoundBrokerSvc: onBind: Intent { act=com.google.android.gms.common.BIND_SHARED_PREFS pkg=com.google.android.gms }
10-22 22:28:18.473 16874 16874 D BoundBrokerSvc: Loading bound service for intent: Intent { act=com.google.android.gms.common.BIND_SHARED_PREFS pkg=com.google.android.gms }
10-22 22:28:18.477 15822 15822 I Finsky  : [2] ahoy.c(44): Do not start WearSupportService due to Wear service optimization
10-22 22:28:18.477 15822 15822 I Finsky  : [2] rcv.ajS(13): DTU: Received onPackageAdded, replacing: false
10-22 22:28:18.478 15822 23529 I Finsky  : [828] ktm.aeP(143): [ContentSync] finished, scheduled=false
10-22 22:28:18.480  3387  3387 V MediaPlayerList: mPackageChangedBroadcastReceiver: action: android.intent.action.PACKAGE_CHANGED
10-22 22:28:18.480  3387  3387 D MediaPlayerList: Name of package changed: com.qfxzhr.Group_name
10-22 22:28:18.479  1476  2038 I InputReader: Reconfiguring input devices, changes=KEYBOARD_LAYOUTS | 
10-22 22:28:18.484  3141  3141 D ControlsListingControllerImpl: ServiceConfig reloaded, count: 0
10-22 22:28:18.486 25573 25573 D BinaryAssets: Extracting 'stagefright/stagefrightCheck-pie' from assets to '/data/user/0/com.nowsecure.android.vts/files/stagefrightCheck-pie' ...
10-22 22:28:18.490 15822 15956 I Finsky  : [601] jvs.apply(885): AIM: Got app ownership map. App counts: . Unique apps: 0
10-22 22:28:18.493 15822 15953 I Finsky  : [599] jvs.apply(885): AIM: Got app ownership map. App counts: . Unique apps: 0
10-22 22:28:18.499 16874 16874 D BoundBrokerSvc: onUnbind: Intent { act=com.google.android.gms.common.BIND_SHARED_PREFS pkg=com.google.android.gms }
10-22 22:28:18.500  1476  1476 I Telecom : DefaultDialerCache: Refreshing default dialer for user 0: now com.google.android.dialer: DDC.oR@CQ8
10-22 22:28:18.501 14359 14450 I AiAiTextClassifier: [VisualCortexAdapter]: provideRegistration: Registered Prominent Screen Entities for updates.
10-22 22:28:18.503  1476  2027 I RoleService: Granting default roles...
10-22 22:28:18.503 14359 14450 I AiAiTextClassifier: [VisualCortexAdapter]: provideRegistration: Registered Prominent Screen Entities for updates.
10-22 22:28:18.504 14359 14450 I AiAiTextClassifier: [VisualCortexAdapter]: provideRegistration: Registered Prominent Screen Entities for updates.
10-22 22:28:18.509  1476  1847 E VerityUtils: Failed to measure fs-verity, errno 1: /data/app/~~ZXYtc0V7RHLG-taHfOH5rQ==/com.lyf.tkhlke-LaPIlITMpxj0P1lH8cbelA==/base.apk
10-22 22:28:18.510 25573 25573 D StageFright: Is directory: true
10-22 22:28:18.511 25573 25573 D VULN_TEST_BROAD_UPDATE: Without new tests detected.
10-22 22:28:18.511  3164 23463 W Role    : Cannot get ApplicationInfo for default holder: com.android.settings.intelligence
10-22 22:28:18.512  1476  4158 W BackupTransportManager: Package com.qfxzhr.Group_name enabled setting: 0
10-22 22:28:18.512  1476  5516 W BroadcastQueue: u0 Receiving a broadcast in packagecom.qiuqiu.dfmc requires a permissions review
10-22 22:28:18.512  1476  5516 W BroadcastQueue: Skipping delivery: permission review required for Intent { act=android.intent.action.PACKAGE_ADDED dat=package: flg=0x4000010 (has extras) } from null (pid=1476, uid=1000) to com.qiuqiu.dfmc/cn.jpush.android.service.PushReceiver
10-22 22:28:18.513  1476  1703 W BroadcastQueue: u0 Receiving a broadcast in packagecom.safesys.viruskiller requires a permissions review
10-22 22:28:18.513  1476  1703 W BroadcastQueue: Skipping delivery: permission review required for Intent { act=android.intent.action.PACKAGE_ADDED dat=package: flg=0x4000010 (has extras) } from null (pid=1476, uid=1000) to com.safesys.viruskiller/.ScanPackageBroadcast
10-22 22:28:18.514  1476  1703 W BroadcastQueue: u0 Receiving a broadcast in packagecom.uc108.mobile.sdgj.bd1 requires a permissions review
10-22 22:28:18.514  1476  1703 W BroadcastQueue: Skipping delivery: permission review required for Intent { act=android.intent.action.PACKAGE_ADDED dat=package: flg=0x4000010 (has extras) } from null (pid=1476, uid=1000) to com.uc108.mobile.sdgj.bd1/com.baidu.tiebasdk.service.InstallReceiver
10-22 22:28:18.514  1476  1703 W BroadcastQueue: u0 Receiving a broadcast in packagecom.voicebianshengjinglingwc.wxl requires a permissions review
10-22 22:28:18.514  1476  1703 W BroadcastQueue: Skipping delivery: permission review required for Intent { act=android.intent.action.PACKAGE_ADDED dat=package: flg=0x4000010 (has extras) } from null (pid=1476, uid=1000) to com.voicebianshengjinglingwc.wxl/mp.ruu.Ztjjwrj
10-22 22:28:18.514  1476  1703 W BroadcastQueue: u0 Receiving a broadcast in packagecom.ym.refpackage.Hjzj.baidu requires a permissions review
10-22 22:28:18.514  1476  1703 W BroadcastQueue: Skipping delivery: permission review required for Intent { act=android.intent.action.PACKAGE_ADDED dat=package: flg=0x4000010 (has extras) } from null (pid=1476, uid=1000) to com.ym.refpackage.Hjzj.baidu/com.ym.refpackage.sjrr.baidu.Receiverbaidu
10-22 22:28:18.514  1476  1703 W BroadcastQueue: u0 Receiving a broadcast in packagecom.ym.refpackage.Hjzj.baidu requires a permissions review
10-22 22:28:18.514  1476  1703 W BroadcastQueue: Skipping delivery: permission review required for Intent { act=android.intent.action.PACKAGE_ADDED dat=package: flg=0x4000010 (has extras) } from null (pid=1476, uid=1000) to com.ym.refpackage.Hjzj.baidu/coco.husky.shell.Receiver
10-22 22:28:18.515  1476  1703 W BroadcastQueue: u0 Receiving a broadcast in packagecom.yoojar.zlsg.baidu requires a permissions review
10-22 22:28:18.515  1476  1703 W BroadcastQueue: Skipping delivery: permission review required for Intent { act=android.intent.action.PACKAGE_ADDED dat=package: flg=0x4000010 (has extras) } from null (pid=1476, uid=1000) to com.yoojar.zlsg.baidu/com.duoku.platform.download.broadcast.AppMonitorReceiver
10-22 22:28:18.515  1476  1703 W BroadcastQueue: u0 Receiving a broadcast in packageio.dcloud.H5BC6BF13 requires a permissions review
10-22 22:28:18.515  1476  1703 W BroadcastQueue: Skipping delivery: permission review required for Intent { act=android.intent.action.PACKAGE_ADDED dat=package: flg=0x4000010 (has extras) } from null (pid=1476, uid=1000) to io.dcloud.H5BC6BF13/io.dcloud.common.adapter.io.DownloadReceiver
10-22 22:28:18.520  3507  3507 D CarrierSvcBindHelper: onPackageAdded: com.qfxzhr.Group_name
10-22 22:28:18.520  3507  3507 D CarrierSvcBindHelper: No carrier app for: 0
10-22 22:28:18.520  3507  3507 D CarrierSvcBindHelper: No carrier app for: 1
10-22 22:28:18.521 15581 23221 W ChimeraUtils: Module com.google.android.gms.nearby_en missing resource null(0)
10-22 22:28:18.523  3507  3507 E VvmPkgInstalledRcvr: cannot create TelephonyManager from ComponentInfo{com.android.phone/com.android.services.telephony.TelephonyConnectionService}, E, UserHandle{0}
10-22 22:28:18.523 15822 15822 I Finsky  : [2] wdf.g(1): wdf - Received: android.intent.action.PACKAGE_CHANGED, [rJZi0GCs-_TtYXMK3K5XJJ1YkgtdsB6DEOJkzhvR2kE]
10-22 22:28:18.524  3164 23463 W Role    : Default holder doesn't have required signing certificate: com.google.android.apps.work.clouddpc:23962F4B43B9857638EA66F4D419518EAE282491ACDA4B94707BD59003C45E58
10-22 22:28:18.531 15581 23221 W ChimeraUtils: Module com.google.android.gms.nearby_en missing resource null(0)
10-22 22:28:18.531  1476  1702 W WindowMagnificationMgr: requestConnection duplicated request: connect=false, mConnectionState=DISCONNECTED
10-22 22:28:18.537 15822 15940 I Finsky  : [594] jxx.a(202): AIM: AppInfoManager-Perf > ItemModel > CacheSize=34, cacheHitCount=0, cacheMissCount=0, total appsWithNoServerDataCount=2. Missed  in cache (limit 10) : []
10-22 22:28:18.541 15822 15940 I Finsky  : [594] jxx.a(202): AIM: AppInfoManager-Perf > ItemModel > CacheSize=34, cacheHitCount=0, cacheMissCount=0, total appsWithNoServerDataCount=2. Missed  in cache (limit 10) : []
10-22 22:28:18.542  3164 23674 I PermissionControllerServiceImpl: Updating user sensitive for uid 10306
10-22 22:28:18.543 15822 15822 I Finsky  : [2] jwe.f(9): AIM: AppInfoCacheUpdater -> invalidating apps: [com.qfxzhr.Group_name]
10-22 22:28:18.544 15822 15822 I Finsky  : [2] jww.g(21): AIM: AppInfoManager-Perf > getApps > called for 1 apps
10-22 22:28:18.547 15822 23467 I Finsky  : [823] oxn.run(202): Wrote row to frosting DB: 893
10-22 22:28:18.548 15822 23467 I Finsky  : [823] oxn.run(202): Wrote row to frosting DB: 894
10-22 22:28:18.556 15822 15955 I Finsky  : [600] jyb.a(53): AIM: AppInfoManager-Perf > OnDeviceAppInfo > cacheHitCount=0, cacheMissCount=1. Missed  in cache (limit 10) : [com.qfxzhr.Group_name]
10-22 22:28:18.558 15822 15955 I Finsky  : [600] jyb.a(53): AIM: AppInfoManager-Perf > OnDeviceAppInfo > cacheHitCount=1, cacheMissCount=0. Missed  in cache (limit 10) : []
10-22 22:28:18.559 15822 15955 I Finsky  : [600] jvs.apply(885): AIM: Got app ownership map. App counts: . Unique apps: 0
10-22 22:28:18.560 15581 24091 I Fitness : (REDACTED) OnPackageChangedOperation got intent: %s
10-22 22:28:18.562  1476  1847 E VerityUtils: Failed to measure fs-verity, errno 1: /data/app/~~LMYTAqYlo2Fid3h37Q-mjg==/com.qfxzhr.Group_name-nozLvZKn4-F8UnKEc3KddA==/base.apk
10-22 22:28:18.562  1476  1476 W NotificationHistory: Attempted to add notif for locked/gone/disabled user 0
10-22 22:28:18.565 14359 14418 I AiAiEcho: SmartspaceNotificationPredictor no parser can handle this notification or notification is invalid
10-22 22:28:18.576 15822 15822 I Finsky  : [2] jww.i(13): AIM: AppInfoManager-Perf > getLocalApps > called: CACHE_ONLY
10-22 22:28:18.579  1476  5516 W BroadcastQueue: u0 Receiving a broadcast in packagecom.yoojar.zlsg.baidu requires a permissions review
10-22 22:28:18.579  1476  5516 W BroadcastQueue: Skipping delivery: permission review required for Intent { act=android.intent.action.PACKAGE_CHANGED dat=package: flg=0x5000010 (has extras) } from null (pid=1476, uid=1000) to com.yoojar.zlsg.baidu/com.duoku.platform.download.broadcast.AppMonitorReceiver
10-22 22:28:18.581 15822 15955 I Finsky  : [600] jvs.apply(885): AIM: Got app ownership map. App counts: . Unique apps: 0
10-22 22:28:18.583 15822 15822 I Finsky  : [2] jww.i(199): AIM: getLocalApps returned 343 cached apps
10-22 22:28:18.585 15822 15940 I Finsky  : [594] jda.accept(156): AIM: AppInfoManager-Perf > getApps > data collection finished
10-22 22:28:18.585 15822 15940 I Finsky  : [594] jlv.run(615): AIM: AppInfoManager-Perf > maybeDestroyAppInfoManager is called. actives = 3
10-22 22:28:18.585  1476  7592 E ActivityManager: Cannot find package for uid: 1013
10-22 22:28:18.585  1107  5524 E MediaPlayerService: Couldn't open fd for content://settings/system/notification_sound
10-22 22:28:18.586  3141 25720 E MediaPlayerNative: Unable to create media player
10-22 22:28:18.586  3141 25720 V MediaPlayer: resetDrmState:  mDrmInfo=null mDrmProvisioningThread=null mPrepareDrmInProgress=false mActiveDrmScheme=false
10-22 22:28:18.586  3141 25720 V MediaPlayer: cleanDrmObj: mDrmObj=null mDrmSessionId=null
10-22 22:28:18.586  3141 25720 W RingtonePlayer: error loading sound for content://settings/system/notification_sound
10-22 22:28:18.586  3141 25720 W RingtonePlayer: java.io.IOException: setDataSource failed.: status=0x80000000
10-22 22:28:18.586  3141 25720 W RingtonePlayer: 	at android.media.MediaPlayer.nativeSetDataSource(Native Method)
10-22 22:28:18.586  3141 25720 W RingtonePlayer: 	at android.media.MediaPlayer.setDataSource(MediaPlayer.java:1200)
10-22 22:28:18.586  3141 25720 W RingtonePlayer: 	at android.media.MediaPlayer.setDataSource(MediaPlayer.java:1187)
10-22 22:28:18.586  3141 25720 W RingtonePlayer: 	at android.media.MediaPlayer.setDataSource(MediaPlayer.java:1091)
10-22 22:28:18.586  3141 25720 W RingtonePlayer: 	at android.media.MediaPlayer.setDataSource(MediaPlayer.java:1023)
10-22 22:28:18.586  3141 25720 W RingtonePlayer: 	at com.android.systemui.media.NotificationPlayer$CreationAndCompletionThread.run(NotificationPlayer.java:105)
10-22 22:28:18.588 15581 24554 I Fitness : (REDACTED) FitCleanupIntentOperation received Intent %s
10-22 22:28:18.590  3507  3507 D CarrierSvcBindHelper: onPackageModified: com.qfxzhr.Group_name
10-22 22:28:18.590  3507  3507 D CarrierSvcBindHelper: No carrier app for: 0
10-22 22:28:18.590  3507  3507 D CarrierSvcBindHelper: No carrier app for: 1
10-22 22:28:18.590  3507  3507 D ImsResolver: maybeAddedImsService, packageName: com.qfxzhr.Group_name
