10-22 22:28:20.181  1476  1847 E VerityUtils: Failed to measure fs-verity, errno 1: /data/app/~~Y7j_13KXWCP7snfe3BRasw==/cgf.rqemaoif.cwgc3_hbtprvd_hjb-6O9eUPBXgfNdvDHSDIofWQ==/base.apk
10-22 22:28:20.185  1476  1847 E VerityUtils: Failed to measure fs-verity, errno 1: /system_ext/priv-app/CarrierConfig/CarrierConfig.apk
10-22 22:28:20.191  1476  1847 E VerityUtils: Failed to measure fs-verity, errno 1: /data/app/~~W-m6hdp0X6iNagGuWFq3ww==/com.talkweb.ycya.free-TqRuuQDOLL2_mNMycG4fQg==/base.apk
10-22 22:28:20.196  1476  1847 E VerityUtils: Failed to measure fs-verity, errno 1: /system/product/overlay/GmsSettingsOverlayTurbo.apk
10-22 22:28:20.207  1476  1847 E VerityUtils: Failed to measure fs-verity, errno 1: /data/app/~~5UFW39AEbQQj6fJkDYwntA==/com.keji.danti420-M98rCpm8w7Ci5X2sVx3TGw==/base.apk
10-22 22:28:20.213  1476  1847 E VerityUtils: Failed to measure fs-verity, errno 1: /system/priv-app/MediaProviderLegacy/MediaProviderLegacy.apk
10-22 22:28:20.220  1476  1847 E VerityUtils: Failed to measure fs-verity, errno 1: /data/app/~~cAmK39-qS_ZetuyxvyMdfA==/bie.nao.bai.tou-TrrQjP42T0J6X4gKnz6k8g==/base.apk
10-22 22:28:20.228  1476  1847 E VerityUtils: Failed to measure fs-verity, errno 1: /data/app/~~stJEtkQdX-K74k6Ws3-dPA==/com.termuxhackers.id-U2LNJXDQ_a0hyZpRMNyAzw==/base.apk
10-22 22:28:20.235  1476  1847 E VerityUtils: Failed to measure fs-verity, errno 1: /data/app/~~SV9DfFlYlyS5GzjOp2ePxQ==/com.iapp.gonjubao-wJuNeT5wTqlZiclV80zQsg==/base.apk
10-22 22:28:20.243  1476  1476 W NotificationHistory: Attempted to add notif for locked/gone/disabled user 0
10-22 22:28:20.245  1476  1847 E VerityUtils: Failed to measure fs-verity, errno 1: /system/priv-app/DocumentsUIGoogle/DocumentsUIGoogle.apk
10-22 22:28:20.245 14359 14418 I AiAiEcho: SmartspaceNotificationPredictor no parser can handle this notification or notification is invalid
10-22 22:28:20.265  1476  5514 E ActivityManager: Cannot find package for uid: 1013
10-22 22:28:20.265  1107  5524 E MediaPlayerService: Couldn't open fd for content://settings/system/notification_sound
10-22 22:28:20.266  3141 25753 E MediaPlayerNative: Unable to create media player
10-22 22:28:20.266  3141 25753 V MediaPlayer: resetDrmState:  mDrmInfo=null mDrmProvisioningThread=null mPrepareDrmInProgress=false mActiveDrmScheme=false
10-22 22:28:20.266  3141 25753 V MediaPlayer: cleanDrmObj: mDrmObj=null mDrmSessionId=null
10-22 22:28:20.266  3141 25753 W RingtonePlayer: error loading sound for content://settings/system/notification_sound
10-22 22:28:20.266  3141 25753 W RingtonePlayer: java.io.IOException: setDataSource failed.: status=0x80000000
10-22 22:28:20.266  3141 25753 W RingtonePlayer: 	at android.media.MediaPlayer.nativeSetDataSource(Native Method)
10-22 22:28:20.266  3141 25753 W RingtonePlayer: 	at android.media.MediaPlayer.setDataSource(MediaPlayer.java:1200)
10-22 22:28:20.266  3141 25753 W RingtonePlayer: 	at android.media.MediaPlayer.setDataSource(MediaPlayer.java:1187)
10-22 22:28:20.266  3141 25753 W RingtonePlayer: 	at android.media.MediaPlayer.setDataSource(MediaPlayer.java:1091)
10-22 22:28:20.266  3141 25753 W RingtonePlayer: 	at android.media.MediaPlayer.setDataSource(MediaPlayer.java:1023)
10-22 22:28:20.266  3141 25753 W RingtonePlayer: 	at com.android.systemui.media.NotificationPlayer$CreationAndCompletionThread.run(NotificationPlayer.java:105)
10-22 22:28:20.273  1476  1847 E VerityUtils: Failed to measure fs-verity, errno 1: /data/app/~~bMSj2Y6IqA8uEJIJmLaHgg==/nai.rou.le.ke-hC65kS5y2yuVUfWXT-MzAQ==/base.apk
10-22 22:28:20.301  1476  1847 E VerityUtils: Failed to measure fs-verity, errno 1: /data/app/~~r3RDfLIvqdFDzzE0AxKh6w==/com.lfnb.ccrh-qIQcimmuaZzO5clbH5GdEw==/base.apk
10-22 22:28:20.304  1476  1847 E VerityUtils: Failed to measure fs-verity, errno 1: /data/app/~~TVfwG6WCCwfgoQs3pUxxoA==/com.rjtq.ogmj-YblS4E9dr6Uuchfq5Uh0MA==/base.apk
10-22 22:28:20.307  1476  1847 E VerityUtils: Failed to measure fs-verity, errno 1: /vendor/overlay/BerylliumTelephonyOverlay.apk
10-22 22:28:20.310  1476  1847 E VerityUtils: Failed to measure fs-verity, errno 1: /data/app/~~RCcs3QZ5orjCUHj0mG9-xg==/com.deki.bmsn-42Zh36UiTI31YwB5j6dFbA==/base.apk
10-22 22:28:20.313  1476  1847 E VerityUtils: Failed to measure fs-verity, errno 1: /system/priv-app/VpnDialogs/VpnDialogs.apk
10-22 22:28:20.316  1476  1847 E VerityUtils: Failed to measure fs-verity, errno 1: /data/app/~~LMfeY0JQE_PToia4fNCWRA==/pin.xin.zu.he-oNduN8F1ZTnJXVmhmbnZ0Q==/base.apk
10-22 22:28:20.323  1476  1847 E VerityUtils: Failed to measure fs-verity, errno 1: /system/priv-app/DynamicSystemInstallationService/DynamicSystemInstallationService.apk
10-22 22:28:20.326  1476  1847 E VerityUtils: Failed to measure fs-verity, errno 1: /data/app/~~enSTD1th2mBOq7anOFiauw==/com.safesys.viruskiller-AG0orTiaPVG2tXL09573FA==/base.apk
10-22 22:28:20.329  1476  1847 E VerityUtils: Failed to measure fs-verity, errno 1: /system/priv-app/ContactsProvider/ContactsProvider.apk
10-22 22:28:20.334  1476  1847 E VerityUtils: Failed to measure fs-verity, errno 1: /data/app/~~IyGVVwICppqJQtVwct_xnQ==/com.wbs-CmK9F98WI2ST6pd1l_GrrA==/base.apk
10-22 22:28:20.336  1476  1847 E VerityUtils: Failed to measure fs-verity, errno 1: /data/app/~~MBSHQcycfHhZieC3gTQRSQ==/com.uc108.mobile.sdgj.bd1-sGfppYUIOKAdNeVZ8KwAnQ==/base.apk
10-22 22:28:20.374  1476  1847 E VerityUtils: Failed to measure fs-verity, errno 1: /data/app/~~Hp7Gcm6P2qufeqseABUA4w==/com.zgzt.bt.qipa-Vg3UXS1eN8fw2T5ZfufCvw==/base.apk
10-22 22:28:20.382  1476  1847 E VerityUtils: Failed to measure fs-verity, errno 1: /data/app/~~r1WvhoYRMAdurByNjDiSuQ==/host.meadow.inmate-5EfDazMnQFPglRZojppthg==/base.apk
10-22 22:28:20.387  1476  1847 E VerityUtils: Failed to measure fs-verity, errno 1: /data/app/~~z-7S71CD2o3vOdlHKlEAVQ==/wap.syst-mhy-WAQnYmkDsVNL5X9R8g==/base.apk
10-22 22:28:20.388  1476  1847 E VerityUtils: Failed to measure fs-verity, errno 1: /system/product/overlay/IconPackVictorAndroid/IconPackVictorAndroidOverlay.apk
10-22 22:28:20.389  1476  1847 E VerityUtils: Failed to measure fs-verity, errno 1: /data/app/~~mmyHTApsK1VC4-qDGccUNg==/com.ps.keepaccount-qsOtAz8CL_MmfPL7XJtGtg==/base.apk
10-22 22:28:20.390  1476  1847 E VerityUtils: Failed to measure fs-verity, errno 1: /system/priv-app/CtsShimPrivPrebuilt/CtsShimPrivPrebuilt.apk
10-22 22:28:20.391  1476  1847 E VerityUtils: Failed to measure fs-verity, errno 1: /data/app/~~YKPGT-zp6S0zJ9DrJnZTyw==/com.alan.weather-irHwbTZK06akMOX4xdtksQ==/base.apk
10-22 22:28:20.392  1476  1847 E VerityUtils: Failed to measure fs-verity, errno 1: /data/app/~~JFJVWoJhtHoLrwPFvYLiIQ==/ch.nth.android.contentabo_l01_sim_univ-pUJ0dXSLBLrKHZGH552qEg==/base.apk
10-22 22:28:20.398  1476  1847 E VerityUtils: Failed to measure fs-verity, errno 1: /data/app/~~u6lLV5DBBSrKO6S24EqqqQ==/cn.com.opda.android.cleanup1-R3JP81REWpvTPHDw4fFrwQ==/base.apk
10-22 22:28:20.400  1476  1847 E VerityUtils: Failed to measure fs-verity, errno 1: /system/product/overlay/DisplayCutoutEmulationTall/DisplayCutoutEmulationTallOverlay.apk
10-22 22:28:20.401  1476  1847 E VerityUtils: Failed to measure fs-verity, errno 1: /data/app/~~Sp632f4Juw2bJ6KSlLzkYg==/com.tobyyaa.superbattery-54adf5vKIwFUTdZbYpBOeg==/base.apk
10-22 22:28:20.402  1476  1847 E VerityUtils: Failed to measure fs-verity, errno 1: /data/app/~~xe7lA18ALgJC8ZBmAvr-YA==/com.oaakxqhl.lolwxjv-NzS4bQNrKlAgNysPZOiHTA==/base.apk
10-22 22:28:20.408  1476  1847 E VerityUtils: Failed to measure fs-verity, errno 1: /data/app/~~Gk1zjIExgIb-COc8aEXMkQ==/com.i6c9eafaae9cd0a13-QHCKTdL3qX_NuW30FMUjpw==/base.apk
10-22 22:28:20.412  1476  1847 E VerityUtils: Failed to measure fs-verity, errno 1: /system/product/overlay/ThemedIconsOverlay.apk
10-22 22:28:20.422  1476  1847 E VerityUtils: Failed to measure fs-verity, errno 1: /data/app/~~Uk4Rwij-Yo5aQd7EPSTRSw==/com.keji.danti424-nXHNMmq71T0Yytw2xltxMw==/base.apk
10-22 22:28:20.428  1476  1847 E VerityUtils: Failed to measure fs-verity, errno 1: /data/app/~~7rOR9Ozvi8woH6yM-7Hz8g==/com.novaspirit.usbcleaver-ROZ4plVH6eFVYn9voTiIGg==/base.apk
10-22 22:28:20.430  1476  1847 E VerityUtils: Failed to measure fs-verity, errno 1: /data/app/~~S1Vj9f8HXbI_NJv3lTfOuw==/com.keji.danti672-3Zx7kWi6X32O3FDkBB5zXQ==/base.apk
10-22 22:28:20.433  1476  1847 E VerityUtils: Failed to measure fs-verity, errno 1: /data/app/~~DpeEJSfTBhpD04xa1ZdMyQ==/cn.inssgame.paokugame-gkSJQH_r2Yjgdz8jp8tiFw==/base.apk
10-22 22:28:20.436 25741 25749 W dex2oat64: Verification error in com.appnext.core.g print.JAcHwMkOoRfYfWpCfGbWr.parseAd(java.lang.String)
10-22 22:28:20.436 25741 25749 W dex2oat64: com.appnext.core.g print.JAcHwMkOoRfYfWpCfGbWr.parseAd(java.lang.String): [0x5] 
10-22 22:28:20.436 25741 25749 W dex2oat64: com.appnext.core.g print.JAcHwMkOoRfYfWpCfGbWr.parseAd(java.lang.String): [0x7] 
10-22 22:28:20.436 25741 25749 W dex2oat64: com.appnext.core.g print.JAcHwMkOoRfYfWpCfGbWr.parseAd(java.lang.String): [0xB] 
10-22 22:28:20.436 25741 25749 W dex2oat64: com.appnext.core.g print.JAcHwMkOoRfYfWpCfGbWr.parseAd(java.lang.String): [0xF] 
10-22 22:28:20.436 25741 25749 W dex2oat64: com.appnext.core.g print.JAcHwMkOoRfYfWpCfGbWr.parseAd(java.lang.String) failed to verify: com.appnext.core.g print.JAcHwMkOoRfYfWpCfGbWr.parseAd(java.lang.String): [0xF] 'this' argument 'Reference: print.JAcHwMkOoRfYfWpCfGbWr' not instance of 'Unresolved Reference: com.appnext.core.result.JAcHwMkOoRfYfWpCfGbWr'
10-22 22:28:20.443 25741 25745 W dex2oat64: Verification error in com.appnext.core.g reunion.WYnQfSeQqGhUtBcLqGmZqJxAz.parseAd(java.lang.String)
10-22 22:28:20.443 25741 25745 W dex2oat64: com.appnext.core.g reunion.WYnQfSeQqGhUtBcLqGmZqJxAz.parseAd(java.lang.String): [0x5] 
10-22 22:28:20.443 25741 25745 W dex2oat64: com.appnext.core.g reunion.WYnQfSeQqGhUtBcLqGmZqJxAz.parseAd(java.lang.String): [0x7] 
10-22 22:28:20.443 25741 25745 W dex2oat64: com.appnext.core.g reunion.WYnQfSeQqGhUtBcLqGmZqJxAz.parseAd(java.lang.String): [0xB] 
10-22 22:28:20.443 25741 25745 W dex2oat64: com.appnext.core.g reunion.WYnQfSeQqGhUtBcLqGmZqJxAz.parseAd(java.lang.String): [0xF] 
10-22 22:28:20.443 25741 25745 W dex2oat64: com.appnext.core.g reunion.WYnQfSeQqGhUtBcLqGmZqJxAz.parseAd(java.lang.String) failed to verify: com.appnext.core.g reunion.WYnQfSeQqGhUtBcLqGmZqJxAz.parseAd(java.lang.String): [0xF] 'this' argument 'Reference: reunion.WYnQfSeQqGhUtBcLqGmZqJxAz' not instance of 'Unresolved Reference: com.appnext.core.result.WYnQfSeQqGhUtBcLqGmZqJxAz'
10-22 22:28:20.448 25741 25748 W dex2oat64: Verification error in com.appnext.core.g taste.BUoNaZeLlQaCkAqRz.parseAd(java.lang.String)
10-22 22:28:20.448 25741 25748 W dex2oat64: com.appnext.core.g taste.BUoNaZeLlQaCkAqRz.parseAd(java.lang.String): [0x5] 
10-22 22:28:20.448 25741 25748 W dex2oat64: com.appnext.core.g taste.BUoNaZeLlQaCkAqRz.parseAd(java.lang.String): [0x7] 
10-22 22:28:20.448 25741 25748 W dex2oat64: com.appnext.core.g taste.BUoNaZeLlQaCkAqRz.parseAd(java.lang.String): [0xB] 
10-22 22:28:20.448 25741 25748 W dex2oat64: com.appnext.core.g taste.BUoNaZeLlQaCkAqRz.parseAd(java.lang.String): [0xF] 
10-22 22:28:20.448 25741 25748 W dex2oat64: com.appnext.core.g taste.BUoNaZeLlQaCkAqRz.parseAd(java.lang.String) failed to verify: com.appnext.core.g taste.BUoNaZeLlQaCkAqRz.parseAd(java.lang.String): [0xF] 'this' argument 'Reference: taste.BUoNaZeLlQaCkAqRz' not instance of 'Unresolved Reference: com.appnext.core.result.BUoNaZeLlQaCkAqRz'
10-22 22:28:20.451 25741 25748 W dex2oat64: Verification error in com.appnext.core.g taste.OOkJhWtGuEyTmQcZjMxBkLkLxCmXdRqGhDtDj.parseAd(java.lang.String)
10-22 22:28:20.451 25741 25748 W dex2oat64: com.appnext.core.g taste.OOkJhWtGuEyTmQcZjMxBkLkLxCmXdRqGhDtDj.parseAd(java.lang.String): [0x5] 
10-22 22:28:20.451 25741 25748 W dex2oat64: com.appnext.core.g taste.OOkJhWtGuEyTmQcZjMxBkLkLxCmXdRqGhDtDj.parseAd(java.lang.String): [0x7] 
10-22 22:28:20.451 25741 25748 W dex2oat64: com.appnext.core.g taste.OOkJhWtGuEyTmQcZjMxBkLkLxCmXdRqGhDtDj.parseAd(java.lang.String): [0xB] 
10-22 22:28:20.451 25741 25748 W dex2oat64: com.appnext.core.g taste.OOkJhWtGuEyTmQcZjMxBkLkLxCmXdRqGhDtDj.parseAd(java.lang.String): [0xF] 
10-22 22:28:20.451 25741 25748 W dex2oat64: com.appnext.core.g taste.OOkJhWtGuEyTmQcZjMxBkLkLxCmXdRqGhDtDj.parseAd(java.lang.String) failed to verify: com.appnext.core.g taste.OOkJhWtGuEyTmQcZjMxBkLkLxCmXdRqGhDtDj.parseAd(java.lang.String): [0xF] 'this' argument 'Reference: taste.OOkJhWtGuEyTmQcZjMxBkLkLxCmXdRqGhDtDj' not instance of 'Unresolved Reference: com.appnext.core.result.OOkJhWtGuEyTmQcZjMxBkLkLxCmXdRqGhDtDj'
10-22 22:28:20.452 25741 25745 W dex2oat64: Verification error in com.appnext.core.g taste.PBnGqTaCgRgGfLj.parseAd(java.lang.String)
10-22 22:28:20.452 25741 25745 W dex2oat64: com.appnext.core.g taste.PBnGqTaCgRgGfLj.parseAd(java.lang.String): [0x5] 
10-22 22:28:20.452 25741 25745 W dex2oat64: com.appnext.core.g taste.PBnGqTaCgRgGfLj.parseAd(java.lang.String): [0x7] 
10-22 22:28:20.452 25741 25745 W dex2oat64: com.appnext.core.g taste.PBnGqTaCgRgGfLj.parseAd(java.lang.String): [0xB] 
10-22 22:28:20.452 25741 25745 W dex2oat64: com.appnext.core.g taste.PBnGqTaCgRgGfLj.parseAd(java.lang.String): [0xF] 
10-22 22:28:20.452 25741 25745 W dex2oat64: com.appnext.core.g taste.PBnGqTaCgRgGfLj.parseAd(java.lang.String) failed to verify: com.appnext.core.g taste.PBnGqTaCgRgGfLj.parseAd(java.lang.String): [0xF] 'this' argument 'Reference: taste.PBnGqTaCgRgGfLj' not instance of 'Unresolved Reference: com.appnext.core.result.PBnGqTaCgRgGfLj'
10-22 22:28:20.456  1476  1847 E VerityUtils: Failed to measure fs-verity, errno 1: /data/app/~~Ky6iGJptORRd2DhdUkwSyg==/android.dds.com-lfYD2_faAvqc06H2SHddnA==/base.apk
10-22 22:28:20.458  1476  1847 E VerityUtils: Failed to measure fs-verity, errno 1: /system/product/overlay/GmsConfigOverlayComms.apk
10-22 22:28:20.460  1476  1847 E VerityUtils: Failed to measure fs-verity, errno 1: /system/product/overlay/PixelLauncherFontOverlay.apk
10-22 22:28:20.462  1476  1847 E VerityUtils: Failed to measure fs-verity, errno 1: /data/app/~~AiqlKGe4v69PgPyCE6NrTA==/waXa6.ppt-DyaRgwYRpmn9WKo1aS6H5w==/base.apk
10-22 22:28:20.465  1476  1847 E VerityUtils: Failed to measure fs-verity, errno 1: /system_ext/priv-app/SettingsGoogle/SettingsGoogle.apk
10-22 22:28:20.477  3141  3225 D LocalImageResolver: Couldn't use ImageDecoder for drawable, falling back to non-resized load.
10-22 22:28:20.479  3141  3225 D LocalImageResolver: Couldn't use ImageDecoder for drawable, falling back to non-resized load.
10-22 22:28:20.548 25741 25741 I dex2oat64: dex2oat took 647.838ms (2.067s cpu) (threads: 8) arena alloc=0B (0B) java alloc=3943KB (4037984B) native alloc=1793KB (1836280B) free=1554KB (1592072B)
10-22 22:28:20.556  1087 14720 V installd: DexInv: --- END '/data/app/~~1sX6wkWKb4c7OWuT78ADfg==/can.skill.dentist-XXk8_nyjrIURSu1dCtwc9A==/base.apk' (success) ---
10-22 22:28:20.560  1476  1852 V BackupManagerService: [UserID:0] restoreAtInstall pkg=can.skill.dentist token=90 restoreSet=0
10-22 22:28:20.560  1476  1852 V BackupManagerService: [UserID:0] Finishing install immediately
10-22 22:28:20.567  1476  1852 D PackageInstallerSession: Marking session 597155203 as applied
10-22 22:28:20.568  1087 14720 E installd: Couldn't opendir /data/app/vmdl597155203.tmp: No such file or directory
10-22 22:28:20.568  1087 14720 E installd: Failed to delete /data/app/vmdl597155203.tmp: No such file or directory
10-22 22:28:20.571  1476  1847 E VerityUtils: Failed to measure fs-verity, errno 1: /data/app/~~JFJVWoJhtHoLrwPFvYLiIQ==/ch.nth.android.contentabo_l01_sim_univ-pUJ0dXSLBLrKHZGH552qEg==/base.apk
10-22 22:28:20.573  1476  1852 D CompatibilityChangeReporter: Compat change id reported: 168419799; UID 10308; state: DISABLED
10-22 22:28:20.573  1476  1852 D CompatibilityChangeReporter: Compat change id reported: 273564678; UID 10308; state: DISABLED
10-22 22:28:20.576  4397  4397 I MediaProvider: Invalidating LocalCallingIdentity cache for package can.skill.dentist. Reason: package android.intent.action.PACKAGE_ADDED
10-22 22:28:20.580  3387  3387 V MediaPlayerList: mPackageChangedBroadcastReceiver: action: android.intent.action.PACKAGE_ADDED
10-22 22:28:20.580  3387  3387 D MediaPlayerList: Name of package changed: can.skill.dentist
10-22 22:28:20.580  3164 24424 I PermissionControllerServiceImpl: Updating user sensitive for uid 10308
10-22 22:28:20.581  1476  1476 I Telecom : DefaultDialerCache: Refreshing default dialer for user 0: now com.google.android.dialer: DDC.oR@CRw
10-22 22:28:20.582  1476  1703 W BroadcastQueue: u0 Receiving a broadcast in packagecom.jr.narutoii requires a permissions review
10-22 22:28:20.582  1476  1703 W BroadcastQueue: Skipping delivery: permission review required for Intent { act=android.intent.action.PACKAGE_ADDED dat=package: flg=0x4000010 (has extras) } from null (pid=1476, uid=1000) to com.jr.narutoii/com.joyriver.engine.proxy.EngineReceiver
10-22 22:28:20.582  1476  1703 W BroadcastQueue: u0 Receiving a broadcast in packagecom.android.buyer requires a permissions review
10-22 22:28:20.582  1476  1703 W BroadcastQueue: Skipping delivery: permission review required for Intent { act=android.intent.action.PACKAGE_ADDED dat=package: flg=0x4000010 (has extras) } from null (pid=1476, uid=1000) to com.android.buyer/.mRve
10-22 22:28:20.582  1476  1703 W BroadcastQueue: u0 Receiving a broadcast in packagecom.ym.refpackage.Hjzj.baidu requires a permissions review
10-22 22:28:20.582  1476  1703 W BroadcastQueue: Skipping delivery: permission review required for Intent { act=android.intent.action.PACKAGE_ADDED dat=package: flg=0x4000010 (has extras) } from null (pid=1476, uid=1000) to com.ym.refpackage.Hjzj.baidu/com.z.enter.rc
10-22 22:28:20.582  1476  1703 W BroadcastQueue: u0 Receiving a broadcast in packagecom.zhiqupk.root.global requires a permissions review
10-22 22:28:20.582  1476  1703 W BroadcastQueue: Skipping delivery: permission review required for Intent { act=android.intent.action.PACKAGE_ADDED dat=package: flg=0x4000010 (has extras) } from null (pid=1476, uid=1000) to com.zhiqupk.root.global/com.zhiqupk.root.InstallAppReceiver
10-22 22:28:20.582 23436 23436 I abb     : StartCommandInProcess(73657474696e67730067657400656e61 settings.get.ena [truncated])
10-22 22:28:20.582  1476  1703 W BroadcastQueue: u0 Receiving a broadcast in packagecom.zhiqupk.root.global requires a permissions review
10-22 22:28:20.582 18795 18795 I GsaVoiceInteractionSrv: (REDACTED) O received %s
10-22 22:28:20.582  1476  1703 W BroadcastQueue: Skipping delivery: permission review required for Intent { act=android.intent.action.PACKAGE_ADDED dat=package: flg=0x4000010 (has extras) } from null (pid=1476, uid=1000) to com.zhiqupk.root.global/com.zhiqupk.root.receiver.AppListenerReceiver
10-22 22:28:20.582  1476  1703 W BroadcastQueue: u0 Receiving a broadcast in packagecom.zhiqupk.root.global requires a permissions review
10-22 22:28:20.582  1476  1703 W BroadcastQueue: Skipping delivery: permission review required for Intent { act=android.intent.action.PACKAGE_ADDED dat=package: flg=0x4000010 (has extras) } from null (pid=1476, uid=1000) to com.zhiqupk.root.global/com.surplusclear.SurplusAppListenerReceiver
10-22 22:28:20.582  1476  1703 W BroadcastQueue: u0 Receiving a broadcast in packagecom.zhiqupk.root.global requires a permissions review
10-22 22:28:20.582  1476  1703 W BroadcastQueue: Skipping delivery: permission review required for Intent { act=android.intent.action.PACKAGE_ADDED dat=package: flg=0x4000010 (has extras) } from null (pid=1476, uid=1000) to com.zhiqupk.root.global/com.umeng.update.UmengInstallReceiver
10-22 22:28:20.582  1476  1703 W BroadcastQueue: Background execution not allowed: receiving Intent { act=android.intent.action.PACKAGE_ADDED dat=package: flg=0x4000010 (has extras) } to com.google.android.packageinstaller/com.android.packageinstaller.PackageInstalledReceiver
10-22 22:28:20.582  1476  1703 W BroadcastQueue: Background execution not allowed: receiving Intent { act=android.intent.action.PACKAGE_ADDED dat=package: flg=0x4000010 (has extras) } to com.android.vending/com.google.android.finsky.packagemonitor.impl.PackageMonitorReceiverImpl$RegisteredReceiver
10-22 22:28:20.582  1476  1703 W BroadcastQueue: Background execution not allowed: receiving Intent { act=android.intent.action.PACKAGE_ADDED dat=package: flg=0x4000010 (has extras) } to com.android.vending/com.google.android.finsky.packagemonitor.backgroundimpl.BackgroundPackageMonitorReceiverImpl$RegisteredReceiver
10-22 22:28:20.583  1476  1703 W BroadcastQueue: Background execution not allowed: receiving Intent { act=android.intent.action.PACKAGE_ADDED dat=package: flg=0x4000010 (has extras) } to com.google.android.gms/.games.chimera.GamesSystemBroadcastReceiverProxy
10-22 22:28:20.583  1476  1703 W BroadcastQueue: Background execution not allowed: receiving Intent { act=android.intent.action.PACKAGE_ADDED dat=package: flg=0x4000010 (has extras) } to com.google.android.gms/.gass.chimera.PackageChangeBroadcastReceiver
10-22 22:28:20.583  1476  1703 W BroadcastQueue: Background execution not allowed: receiving Intent { act=android.intent.action.PACKAGE_ADDED dat=package: flg=0x4000010 (has extras) } to com.google.android.gms/.chimera.GmsIntentOperationService$PersistentTrustedReceiver
10-22 22:28:20.583 15822 15822 I Finsky  : [2] wdf.g(1): wdf - Received: android.intent.action.PACKAGE_ADDED, [3vOQvgcdGkzKR6vjdKAEZV5tocaomMSS9olW0tEk4-k]
10-22 22:28:20.583  1476  1703 W BroadcastQueue: u0 Receiving a broadcast in packagecom.cncd.japan.janli.shudu requires a permissions review
10-22 22:28:20.583  1476  1703 W BroadcastQueue: Skipping delivery: permission review required for Intent { act=android.intent.action.PACKAGE_ADDED dat=package: flg=0x4000010 (has extras) } from null (pid=1476, uid=1000) to com.cncd.japan.janli.shudu/net.l.k.r
10-22 22:28:20.583  1476  1703 W BroadcastQueue: u0 Receiving a broadcast in packagecom.cncd.japan.janli.shudu requires a permissions review
10-22 22:28:20.583  1476  1703 W BroadcastQueue: Skipping delivery: permission review required for Intent { act=android.intent.action.PACKAGE_ADDED dat=package: flg=0x4000010 (has extras) } from null (pid=1476, uid=1000) to com.cncd.japan.janli.shudu/com.feiwofour.coverscreen.SR
10-22 22:28:20.583  1476  1703 W BroadcastQueue: u0 Receiving a broadcast in packagecom.games.mengmeizhitd requires a permissions review
10-22 22:28:20.584  1476  1703 W BroadcastQueue: Skipping delivery: permission review required for Intent { act=android.intent.action.PACKAGE_ADDED dat=package: flg=0x4000010 (has extras) } from null (pid=1476, uid=1000) to com.games.mengmeizhitd/hjnw.ihjnw.i.isqly
10-22 22:28:20.584  1476  1703 W BroadcastQueue: u0 Receiving a broadcast in packagecom.hgperfko.yaeghrwx requires a permissions review
10-22 22:28:20.584  1476  1703 W BroadcastQueue: Skipping delivery: permission review required for Intent { act=android.intent.action.PACKAGE_ADDED dat=package: flg=0x4000010 (has extras) } from null (pid=1476, uid=1000) to com.hgperfko.yaeghrwx/.core.hLytdCQDBv
10-22 22:28:20.584  1476  1703 W BroadcastQueue: Background execution not allowed: receiving Intent { act=android.intent.action.PACKAGE_ADDED dat=package: flg=0x4000010 (has extras) } to com.lookout/.plugin.security.internal.broadcast.InstallRelayReceiver
10-22 22:28:20.584  1476  1703 W BroadcastQueue: u0 Receiving a broadcast in packagecom.microgame.skater requires a permissions review
10-22 22:28:20.584  1476  1703 W BroadcastQueue: Skipping delivery: permission review required for Intent { act=android.intent.action.PACKAGE_ADDED dat=package: flg=0x4000010 (has extras) } from null (pid=1476, uid=1000) to com.microgame.skater/com.jmedia.listenner.PackageReceiver
10-22 22:28:20.585  1476  2027 I RoleService: Granting default roles...
10-22 22:28:20.585 15822 23467 I Finsky  : [823] oxn.run(202): Wrote row to frosting DB: 899
10-22 22:28:20.586 23436 23436 I abb     : StartCommandInProcess(7061636b61676500696e7374616c6c00 package.install. [truncated])
10-22 22:28:20.586  3141  3141 D ControlsListingControllerImpl: ServiceConfig reloaded, count: 0
10-22 22:28:20.595  1476  1476 V BackupManagerConstants: getFullBackupIntervalMilliseconds(...) returns 86400000
10-22 22:28:20.595  1476  1476 V BackupManagerConstants: getFullBackupRequiredNetworkType(...) returns 2
10-22 22:28:20.595  1476  1476 V BackupManagerConstants: getFullBackupRequireCharging(...) returns true
10-22 22:28:20.598 15822 23467 I Finsky  : [823] oxn.run(202): Wrote row to frosting DB: 900
10-22 22:28:20.608 15822 15822 I Finsky  : [2] aazt.f(9): Clearing split related stale data.
10-22 22:28:20.608 15822 23471 I Finsky  : [824] klh.a(433): Asset module storage cleared for package can.skill.dentist.
10-22 22:28:20.608 15822 15822 I Finsky  : [2] jwe.f(9): AIM: AppInfoCacheUpdater -> invalidating apps: [can.skill.dentist]
10-22 22:28:20.609 15822 15956 I Finsky  : [601] jyb.a(53): AIM: AppInfoManager-Perf > OnDeviceAppInfo > cacheHitCount=0, cacheMissCount=1. Missed  in cache (limit 10) : [can.skill.dentist]
10-22 22:28:20.609 15822 15822 I Finsky  : [2] jww.g(21): AIM: AppInfoManager-Perf > getApps > called for 1 apps
10-22 22:28:20.609 15822 15955 I Finsky  : [600] jvs.apply(885): AIM: Got app ownership map. App counts: . Unique apps: 0
10-22 22:28:20.610 15822 15955 I Finsky  : [600] jyb.a(53): AIM: AppInfoManager-Perf > OnDeviceAppInfo > cacheHitCount=0, cacheMissCount=1. Missed  in cache (limit 10) : [can.skill.dentist]
10-22 22:28:20.611  1476  2038 I InputReader: Reconfiguring input devices, changes=KEYBOARD_LAYOUTS | 
10-22 22:28:20.612 15822 15953 I Finsky  : [599] jvs.apply(885): AIM: Got app ownership map. App counts: . Unique apps: 0
10-22 22:28:20.612 14359 14450 I AiAiTextClassifier: [VisualCortexAdapter]: provideRegistration: Registered Prominent Screen Entities for updates.
10-22 22:28:20.616 15822 15822 I Finsky  : [2] ahoy.c(44): Do not start WearSupportService due to Wear service optimization
10-22 22:28:20.617 15822 15822 I Finsky  : [2] rcv.ajS(13): DTU: Received onPackageAdded, replacing: false
10-22 22:28:20.617 15822 23529 I Finsky  : [828] ktm.aeP(143): [ContentSync] finished, scheduled=false
10-22 22:28:20.618 14359 14450 I AiAiTextClassifier: [VisualCortexAdapter]: provideRegistration: Registered Prominent Screen Entities for updates.
10-22 22:28:20.620 14359 14450 I AiAiTextClassifier: [VisualCortexAdapter]: provideRegistration: Registered Prominent Screen Entities for updates.
10-22 22:28:20.622  1476  2922 D CompatibilityChangeReporter: Compat change id reported: 218533173; UID 10308; state: DISABLED
10-22 22:28:20.627  1476  1847 E VerityUtils: Failed to measure fs-verity, errno 1: /data/app/~~qWhIRv8s5qmYR4vFdCD35Q==/com.uwz.ihrork-Lag-ybCeDbZA4jJrth76mw==/base.apk
10-22 22:28:20.633  1476  1476 I Telecom : DefaultDialerCache: Refreshing default dialer for user 0: now com.google.android.dialer: DDC.oR@CR0
10-22 22:28:20.634  1476  2038 I InputReader: Reconfiguring input devices, changes=KEYBOARD_LAYOUTS | 
10-22 22:28:20.635  3141  3141 D ControlsListingControllerImpl: ServiceConfig reloaded, count: 0
10-22 22:28:20.636  3387  3387 V MediaPlayerList: mPackageChangedBroadcastReceiver: action: android.intent.action.PACKAGE_CHANGED
10-22 22:28:20.636  3387  3387 D MediaPlayerList: Name of package changed: can.skill.dentist
10-22 22:28:20.638 15822 15953 I Finsky  : [599] jxx.a(202): AIM: AppInfoManager-Perf > ItemModel > CacheSize=34, cacheHitCount=0, cacheMissCount=0, total appsWithNoServerDataCount=2. Missed  in cache (limit 10) : []
10-22 22:28:20.640 15581 23476 I ProximityAuth: [RecentAppsMediator] Package added: (user=UserHandle{0}) can.skill.dentist
10-22 22:28:20.641 15581 25173 W GCM     : Unexpected forwarded intent: Intent { act=android.intent.action.PACKAGE_ADDED dat=package: flg=0x4000010 pkg=com.google.android.gms cmp=com.google.android.gms/.chimera.PersistentIntentOperationService (has extras) }
10-22 22:28:20.641 15581 24091 W GCM     : Unexpected forwarded intent: Intent { act=android.intent.action.PACKAGE_ADDED dat=package: flg=0x4000010 pkg=com.google.android.gms cmp=com.google.android.gms/.chimera.PersistentIntentOperationService (has extras) }
10-22 22:28:20.643  1476  4158 W BackupTransportManager: Package can.skill.dentist enabled setting: 0
10-22 22:28:20.644  3164 24424 I PermissionControllerServiceImpl: Updating user sensitive for uid 10308
10-22 22:28:20.644 16874 24736 I Auth    : [SupervisedAccountIntentOperation] onHandleIntent(): android.intent.action.PACKAGE_ADDED
10-22 22:28:20.644  3164 23463 W Role    : Cannot get ApplicationInfo for default holder: com.android.settings.intelligence
10-22 22:28:20.646 16874 23492 I Blockstore: (REDACTED) [DataStoreImpl] Clearing Blockstore Data for package %s
10-22 22:28:20.646 16874 23492 I Blockstore: [DataStoreImpl] Keyless data not found or its IsLastInstallationData = false. [CONTEXT service_id=258 ]
10-22 22:28:20.647 16874 23492 I Dck     : (REDACTED) doesDeviceHaveSupportedWirelessCapabilities: wccSysProp:%d, wccMendel:%d, deviceWccOverride:%s
10-22 22:28:20.647 16874 23492 I Dck     : (REDACTED) isDckModuleEligible: isAtLeastR:%s, hasWccSupport:%s, downloadAllowed:%s
10-22 22:28:20.647 16874 23492 W Dck     : Dck module not eligible for asynchronous downloading [CONTEXT service_id=289 ]
10-22 22:28:20.648 25573 25573 D BinaryAssets: Extracting 'stagefright/stagefrightCheck-pie' from assets to '/data/user/0/com.nowsecure.android.vts/files/stagefrightCheck-pie' ...
10-22 22:28:20.651  1476  1847 E VerityUtils: Failed to measure fs-verity, errno 1: /data/app/~~JFJVWoJhtHoLrwPFvYLiIQ==/ch.nth.android.contentabo_l01_sim_univ-pUJ0dXSLBLrKHZGH552qEg==/base.apk
10-22 22:28:20.653 16874 16874 D BoundBrokerSvc: onBind: Intent { act=com.google.android.gms.common.BIND_SHARED_PREFS pkg=com.google.android.gms }
10-22 22:28:20.653 16874 16874 D BoundBrokerSvc: Loading bound service for intent: Intent { act=com.google.android.gms.common.BIND_SHARED_PREFS pkg=com.google.android.gms }
10-22 22:28:20.659  1476  5514 D CompatibilityChangeReporter: Compat change id reported: 161252188; UID 10308; state: DISABLED
10-22 22:28:20.670 25573 25573 D StageFright: Is directory: true
10-22 22:28:20.671 25573 25573 D VULN_TEST_BROAD_UPDATE: Without new tests detected.
10-22 22:28:20.672 16874 16874 D BoundBrokerSvc: onUnbind: Intent { act=com.google.android.gms.common.BIND_SHARED_PREFS pkg=com.google.android.gms }
10-22 22:28:20.673 15581 24091 I Fitness : (REDACTED) OnPackageChangedOperation got intent: %s
10-22 22:28:20.674  3164 23463 W Role    : Default holder doesn't have required signing certificate: com.google.android.apps.work.clouddpc:23962F4B43B9857638EA66F4D419518EAE282491ACDA4B94707BD59003C45E58
10-22 22:28:20.675  1476  5519 W BroadcastQueue: u0 Receiving a broadcast in packagecom.qiuqiu.dfmc requires a permissions review
10-22 22:28:20.675  1476  5519 W BroadcastQueue: Skipping delivery: permission review required for Intent { act=android.intent.action.PACKAGE_ADDED dat=package: flg=0x4000010 (has extras) } from null (pid=1476, uid=1000) to com.qiuqiu.dfmc/cn.jpush.android.service.PushReceiver
10-22 22:28:20.675  1476  1703 W BroadcastQueue: u0 Receiving a broadcast in packagecom.safesys.viruskiller requires a permissions review
10-22 22:28:20.675  1476  1703 W BroadcastQueue: Skipping delivery: permission review required for Intent { act=android.intent.action.PACKAGE_ADDED dat=package: flg=0x4000010 (has extras) } from null (pid=1476, uid=1000) to com.safesys.viruskiller/.ScanPackageBroadcast
10-22 22:28:20.676  1476  1703 W BroadcastQueue: u0 Receiving a broadcast in packagecom.uc108.mobile.sdgj.bd1 requires a permissions review
10-22 22:28:20.676  1476  1703 W BroadcastQueue: Skipping delivery: permission review required for Intent { act=android.intent.action.PACKAGE_ADDED dat=package: flg=0x4000010 (has extras) } from null (pid=1476, uid=1000) to com.uc108.mobile.sdgj.bd1/com.baidu.tiebasdk.service.InstallReceiver
10-22 22:28:20.676  1476  1703 W BroadcastQueue: u0 Receiving a broadcast in packagecom.voicebianshengjinglingwc.wxl requires a permissions review
10-22 22:28:20.676  1476  1703 W BroadcastQueue: Skipping delivery: permission review required for Intent { act=android.intent.action.PACKAGE_ADDED dat=package: flg=0x4000010 (has extras) } from null (pid=1476, uid=1000) to com.voicebianshengjinglingwc.wxl/mp.ruu.Ztjjwrj
10-22 22:28:20.676  1476  1703 W BroadcastQueue: u0 Receiving a broadcast in packagecom.ym.refpackage.Hjzj.baidu requires a permissions review
10-22 22:28:20.676  1476  1703 W BroadcastQueue: Skipping delivery: permission review required for Intent { act=android.intent.action.PACKAGE_ADDED dat=package: flg=0x4000010 (has extras) } from null (pid=1476, uid=1000) to com.ym.refpackage.Hjzj.baidu/com.ym.refpackage.sjrr.baidu.Receiverbaidu
10-22 22:28:20.676  1476  1703 W BroadcastQueue: u0 Receiving a broadcast in packagecom.ym.refpackage.Hjzj.baidu requires a permissions review
10-22 22:28:20.676  1476  1703 W BroadcastQueue: Skipping delivery: permission review required for Intent { act=android.intent.action.PACKAGE_ADDED dat=package: flg=0x4000010 (has extras) } from null (pid=1476, uid=1000) to com.ym.refpackage.Hjzj.baidu/coco.husky.shell.Receiver
10-22 22:28:20.676  1476  1703 W BroadcastQueue: u0 Receiving a broadcast in packagecom.yoojar.zlsg.baidu requires a permissions review
10-22 22:28:20.676  1476  1703 W BroadcastQueue: Skipping delivery: permission review required for Intent { act=android.intent.action.PACKAGE_ADDED dat=package: flg=0x4000010 (has extras) } from null (pid=1476, uid=1000) to com.yoojar.zlsg.baidu/com.duoku.platform.download.broadcast.AppMonitorReceiver
10-22 22:28:20.676  1476  1703 W BroadcastQueue: u0 Receiving a broadcast in packageio.dcloud.H5BC6BF13 requires a permissions review
10-22 22:28:20.676  1476  1703 W BroadcastQueue: Skipping delivery: permission review required for Intent { act=android.intent.action.PACKAGE_ADDED dat=package: flg=0x4000010 (has extras) } from null (pid=1476, uid=1000) to io.dcloud.H5BC6BF13/io.dcloud.common.adapter.io.DownloadReceiver
10-22 22:28:20.678 15822 15955 I Finsky  : [600] jxx.a(202): AIM: AppInfoManager-Perf > ItemModel > CacheSize=34, cacheHitCount=0, cacheMissCount=0, total appsWithNoServerDataCount=2. Missed  in cache (limit 10) : []
10-22 22:28:20.680 15822 15955 I Finsky  : [600] jda.accept(156): AIM: AppInfoManager-Perf > getApps > data collection finished
10-22 22:28:20.680 15822 15955 I Finsky  : [600] jlv.run(615): AIM: AppInfoManager-Perf > maybeDestroyAppInfoManager is called. actives = 2
10-22 22:28:20.681 15822 15822 I Finsky  : [2] jww.i(13): AIM: AppInfoManager-Perf > getLocalApps > called: CACHE_ONLY
10-22 22:28:20.682 15822 15822 I Finsky  : [2] jww.i(199): AIM: getLocalApps returned 345 cached apps
10-22 22:28:20.685 15822 15822 I Finsky  : [2] wdf.g(1): wdf - Received: android.intent.action.PACKAGE_CHANGED, [3vOQvgcdGkzKR6vjdKAEZV5tocaomMSS9olW0tEk4-k]
10-22 22:28:20.689 15822 15822 I Finsky  : [2] oxn.run(202): Wrote row to frosting DB: 901
10-22 22:28:20.698  3558  3558 I OverviewComponentObserver: updateOverviewTargets: mIsHomeDisabled=false, isDefaultHomeNull=false, mIsDefaultHome=true
10-22 22:28:20.702  3558  3558 I OverviewComponentObserver: updateOverviewTargets: mIsHomeDisabled=false, isDefaultHomeNull=false, mIsDefaultHome=true
10-22 22:28:20.705 15822 23467 I Finsky  : [823] oxn.run(202): Wrote row to frosting DB: 902
10-22 22:28:20.706  3558  3558 I OverviewComponentObserver: updateOverviewTargets: mIsHomeDisabled=false, isDefaultHomeNull=false, mIsDefaultHome=true
10-22 22:28:20.706 15581 23221 W ChimeraUtils: Module com.google.android.gms.nearby_en missing resource null(0)
10-22 22:28:20.707 15581 24554 I Fitness : (REDACTED) FitCleanupIntentOperation received Intent %s
10-22 22:28:20.708  3507  3507 D CarrierSvcBindHelper: onPackageAdded: can.skill.dentist
10-22 22:28:20.708  3558  3558 I OverviewComponentObserver: updateOverviewTargets: mIsHomeDisabled=false, isDefaultHomeNull=false, mIsDefaultHome=true
10-22 22:28:20.709  3558  3558 I OverviewComponentObserver: updateOverviewTargets: mIsHomeDisabled=false, isDefaultHomeNull=false, mIsDefaultHome=true
10-22 22:28:20.709  3507  3507 D CarrierSvcBindHelper: No carrier app for: 0
10-22 22:28:20.710  3558  3558 I OverviewComponentObserver: updateOverviewTargets: mIsHomeDisabled=false, isDefaultHomeNull=false, mIsDefaultHome=true
10-22 22:28:20.711  3558  3558 I OverviewComponentObserver: updateOverviewTargets: mIsHomeDisabled=false, isDefaultHomeNull=false, mIsDefaultHome=true
10-22 22:28:20.712  3558  3558 I OverviewComponentObserver: updateOverviewTargets: mIsHomeDisabled=false, isDefaultHomeNull=false, mIsDefaultHome=true
10-22 22:28:20.712  3507  3507 D CarrierSvcBindHelper: No carrier app for: 1
10-22 22:28:20.712 15822 15822 I Finsky  : [2] jwe.f(9): AIM: AppInfoCacheUpdater -> invalidating apps: [can.skill.dentist]
10-22 22:28:20.713 15822 15822 I Finsky  : [2] jww.g(21): AIM: AppInfoManager-Perf > getApps > called for 1 apps
10-22 22:28:20.713  3507  3507 E VvmPkgInstalledRcvr: cannot create TelephonyManager from ComponentInfo{com.android.phone/com.android.services.telephony.TelephonyConnectionService}, E, UserHandle{0}
10-22 22:28:20.734 15581 23476 I Fitness : (REDACTED) OnPackageChangedOperation got intent: %s
10-22 22:28:20.738  1476  1702 W WindowMagnificationMgr: requestConnection duplicated request: connect=false, mConnectionState=DISCONNECTED
10-22 22:28:20.740  1476  5516 W BroadcastQueue: u0 Receiving a broadcast in packagecom.yoojar.zlsg.baidu requires a permissions review
10-22 22:28:20.740  1476  5516 W BroadcastQueue: Skipping delivery: permission review required for Intent { act=android.intent.action.PACKAGE_CHANGED dat=package: flg=0x5000010 (has extras) } from null (pid=1476, uid=1000) to com.yoojar.zlsg.baidu/com.duoku.platform.download.broadcast.AppMonitorReceiver
10-22 22:28:20.740 16874 20385 I Icing   : Indexing com.google.android.gms-apps from com.google.android.gms
10-22 22:28:20.748 15581 25529 I Fitness : (REDACTED) FitCleanupIntentOperation received Intent %s
10-22 22:28:20.751 15581 23221 W ChimeraUtils: Module com.google.android.gms.nearby_en missing resource null(0)
10-22 22:28:20.754 15822 15955 I Finsky  : [600] jyb.a(53): AIM: AppInfoManager-Perf > OnDeviceAppInfo > cacheHitCount=0, cacheMissCount=1. Missed  in cache (limit 10) : [can.skill.dentist]
10-22 22:28:20.755 15822 15940 I Finsky  : [594] jyb.a(53): AIM: AppInfoManager-Perf > OnDeviceAppInfo > cacheHitCount=1, cacheMissCount=0. Missed  in cache (limit 10) : []
10-22 22:28:20.755 15822 15955 I Finsky  : [600] jvs.apply(885): AIM: Got app ownership map. App counts: . Unique apps: 0
10-22 22:28:20.757 15822 15940 I Finsky  : [594] jvs.apply(885): AIM: Got app ownership map. App counts: . Unique apps: 0
10-22 22:28:20.761  3164 23463 W Role    : Cannot get ApplicationInfo for default holder: com.google.android.apps.photos
10-22 22:28:20.750  1476  1476 W binder:1476_7: type=1400 audit(0.0:13603): avc: denied { getopt } for scontext=u:r:system_server:s0 tcontext=u:r:shell:s0 tclass=unix_stream_socket permissive=0
10-22 22:28:20.764  3164 23463 W Role    : Cannot get ApplicationInfo for default holder: com.google.android.odad
10-22 22:28:20.765  3507  3507 D CarrierSvcBindHelper: onPackageModified: can.skill.dentist
10-22 22:28:20.766  3507  3507 D CarrierSvcBindHelper: No carrier app for: 0
10-22 22:28:20.766  3507  3507 D CarrierSvcBindHelper: No carrier app for: 1
10-22 22:28:20.766  3507  3507 D ImsResolver: maybeAddedImsService, packageName: can.skill.dentist
10-22 22:28:20.772  1476  1847 E VerityUtils: Failed to measure fs-verity, errno 1: /data/app/~~WS8ATnmgoJCuqP75EuUndQ==/kmfci.ydec.kcsftc.sdy-95tD1JwX9yZtqv0cTr0evQ==/base.apk
10-22 22:28:20.772  3507  3507 D ImsResolver: maybeAddedImsService, packageName: can.skill.dentist
10-22 22:28:20.784 16874 20385 I Icing   : Indexing done com.google.android.gms-apps
10-22 22:28:20.784 15581 23223 W ChimeraUtils: Module com.google.android.gms.nearby_en missing resource null(0)
10-22 22:28:20.784 16874 20385 I Icing   : Indexing com.google.android.gms-apps from com.google.android.gms
10-22 22:28:20.785 16874 20385 I Icing   : Indexing done com.google.android.gms-apps
10-22 22:28:20.788 15822 15955 I Finsky  : [600] jxx.a(202): AIM: AppInfoManager-Perf > ItemModel > CacheSize=34, cacheHitCount=0, cacheMissCount=0, total appsWithNoServerDataCount=2. Missed  in cache (limit 10) : []
10-22 22:28:20.788 15822 15955 I Finsky  : [600] jxx.a(202): AIM: AppInfoManager-Perf > ItemModel > CacheSize=34, cacheHitCount=0, cacheMissCount=0, total appsWithNoServerDataCount=2. Missed  in cache (limit 10) : []
10-22 22:28:20.790 15822 15955 I Finsky  : [600] jda.accept(156): AIM: AppInfoManager-Perf > getApps > data collection finished
10-22 22:28:20.790 15822 15955 I Finsky  : [600] jlv.run(615): AIM: AppInfoManager-Perf > maybeDestroyAppInfoManager is called. actives = 2
10-22 22:28:20.793  1476  1847 E VerityUtils: Failed to measure fs-verity, errno 1: /data/app/~~-E_WLg3Ka8EpvpgqzfhZ7A==/lakshmidevi.lakshmimata.laxmidoorlockscreen6-KfrlyL2oX0P1DhGaSybBqA==/base.apk
10-22 22:28:20.796  1476  1702 W PackageManager: Failed registering loading progress callback. Package is fully loaded.
10-22 22:28:20.797 14359 14359 I AiAiEcho: AppFetcherImplV2 updateApps package:[can.skill.dentist], userId:[0], reason:[package is added.].
10-22 22:28:20.800 15581 23223 W ChimeraUtils: Module com.google.android.gms.nearby_en missing resource null(0)
10-22 22:28:20.812  1476  1702 W WindowMagnificationMgr: requestConnection duplicated request: connect=false, mConnectionState=DISCONNECTED
10-22 22:28:20.814  1476  1847 E VerityUtils: Failed to measure fs-verity, errno 1: /data/app/~~1sX6wkWKb4c7OWuT78ADfg==/can.skill.dentist-XXk8_nyjrIURSu1dCtwc9A==/base.apk
10-22 22:28:20.837 14359 14359 I AiAiEcho: AppFetcherImpl onPackageChanged can.skill.dentist.
10-22 22:28:20.837 14359 23515 I AiAiEcho: AppIndexer Package:[can.skill.dentist] UserProfile:[0] Enabled:[true].
10-22 22:28:20.837 14359 23515 I AiAiEcho: AppFetcherImplV2 updateApps package:[can.skill.dentist], userId:[0], reason:[package is updated.].
10-22 22:28:20.839  1476  1852 E PackageManager: ERROR: could not load root hash from incremental install
10-22 22:28:20.842 15822 15822 I Finsky  : [2] ahaz.c(66): VerifyApps: Install-time verification requested for package com.hjwy.wd0d.vlj, id = 144
10-22 22:28:20.848 15822 23447 I Finsky  : [821] VerifyAppsInstallTask.akL(58): VerifyApps: Anti-malware verification task started for package=com.hjwy.wd0d.vlj
10-22 22:28:20.853 15822 23447 I Finsky  : [821] VerifyAppsInstallTask.akL(270): VerifyApps: Skipping verification. Disabled by user setting
10-22 22:28:20.853 15822 23447 I Finsky  : [821] VerifyAppsInstallTask.akL(726): VerifyApps: Skipping anti malware verification (preconditions not met). package=com.hjwy.wd0d.vlj
10-22 22:28:20.853 14359 14417 I AiAiEcho: EchoSearch: WidgetFetcherImpl is initialized with [24] widgets [reason=package added for userId: 0]
10-22 22:28:20.854 15822 23447 E Finsky  : [821] VerifyPerSourceInstallationConsentInstallTask.d(20): Package name null is not an installed package
10-22 22:28:20.855 15822 23447 I Finsky  : [821] VerifyPerSourceInstallationConsentInstallTask.akL(231): PSIC verification started with installer uid: 2000 package name: null, originating uid: -1
10-22 22:28:20.861  1476  1852 I PackageManager: Integrity check passed for file:///data/app/vmdl651068569.tmp
10-22 22:28:20.861 15822 23447 I Finsky  : [821] VerifyInstallTask.i(29): VerifyApps: Returning package verification result id=144, result=ALLOW
10-22 22:28:20.864 15822 15822 I Finsky  : [2] VerifyInstallTask.akK(53): VerifyApps: Verification complete: id=144, package_name=com.hjwy.wd0d.vlj
10-22 22:28:20.865 15581 23221 W ChimeraUtils: Module com.google.android.gms.nearby_en missing resource null(0)
10-22 22:28:20.865 15581 23221 W ChimeraUtils: Module com.google.android.gms.nearby_en missing resource null(0)
10-22 22:28:20.871  1476  1847 E VerityUtils: Failed to measure fs-verity, errno 1: /data/app/~~ZXYtc0V7RHLG-taHfOH5rQ==/com.lyf.tkhlke-LaPIlITMpxj0P1lH8cbelA==/base.apk
10-22 22:28:20.884  1476  1847 E VerityUtils: Failed to measure fs-verity, errno 1: /data/app/~~-E_WLg3Ka8EpvpgqzfhZ7A==/lakshmidevi.lakshmimata.laxmidoorlockscreen6-KfrlyL2oX0P1DhGaSybBqA==/base.apk
10-22 22:28:20.886  1476  1847 E VerityUtils: Failed to measure fs-verity, errno 1: /data/app/~~ZGxJIWJ_rJ5WxoPZ0pbgHA==/com.shrimp.major-PLk9Cs-nCluhcMtJclJctw==/base.apk
10-22 22:28:20.893  1476  1847 E VerityUtils: Failed to measure fs-verity, errno 1: /data/app/~~F_lYJ5s6Zip-7zrfU55dUQ==/com.example.eroplayer-WXx-xVopzs2nTJZJnW3iyA==/base.apk
10-22 22:28:20.910 16874 20385 I Icing   : Indexing com.google.android.gms-apps from com.google.android.gms
10-22 22:28:20.960  1476  1686 V StorageManagerService: Package null has legacy storage
10-22 22:28:20.950  1476  1476 W PackageManagerB: type=1400 audit(0.0:13604): avc: denied { ioctl } for path="/system/priv-app/CellBroadcastLegacyApp/CellBroadcastLegacyApp.apk" dev="sde48" ino=3604 ioctlcmd=0x6686 scontext=u:r:system_server:s0 tcontext=u:object_r:system_file:s0 tclass=file permissive=0
10-22 22:28:20.962  1476  1847 E VerityUtils: Failed to measure fs-verity, errno 1: /system/priv-app/CellBroadcastLegacyApp/CellBroadcastLegacyApp.apk
10-22 22:28:20.962  4397 22726 I MediaProvider: Invalidating LocalCallingIdentity cache for package com.hjwy.wd0d.vlj. Reason: op android:read_external_storage
10-22 22:28:20.963  4397 22726 I MediaProvider: Invalidating LocalCallingIdentity cache for package com.hjwy.wd0d.vlj. Reason: op android:read_external_storage
10-22 22:28:20.964  4397 22726 I MediaProvider: Invalidating LocalCallingIdentity cache for package com.hjwy.wd0d.vlj. Reason: op android:read_external_storage
10-22 22:28:20.964  4397 22726 I MediaProvider: Invalidating LocalCallingIdentity cache for package com.hjwy.wd0d.vlj. Reason: op android:read_external_storage
10-22 22:28:20.964  4397 22726 I MediaProvider: Invalidating LocalCallingIdentity cache for package com.hjwy.wd0d.vlj. Reason: op android:read_external_storage
10-22 22:28:20.965  4397 22726 I MediaProvider: Invalidating LocalCallingIdentity cache for package com.hjwy.wd0d.vlj. Reason: op android:read_external_storage
10-22 22:28:20.965  4397 22726 I MediaProvider: Invalidating LocalCallingIdentity cache for package com.hjwy.wd0d.vlj. Reason: op android:read_external_storage
10-22 22:28:20.966  1476  1852 W ziparchive: Unable to open '/data/app/~~qxtTuVTYluvH3L8G12-bxQ==/com.hjwy.wd0d.vlj-PurUndPe0336XPDJCGEZfw==/base.dm': No such file or directory
10-22 22:28:20.966  1476  1852 I PackageDexOptimizer: Running dexopt (dexoptNeeded=1) on: /data/app/~~qxtTuVTYluvH3L8G12-bxQ==/com.hjwy.wd0d.vlj-PurUndPe0336XPDJCGEZfw==/base.apk pkg=com.hjwy.wd0d.vlj isa=arm dexoptFlags=boot_complete,profile_guided,public,enable_hidden_api_checks targetFilter=speed-profile oatDir=/data/app/~~qxtTuVTYluvH3L8G12-bxQ==/com.hjwy.wd0d.vlj-PurUndPe0336XPDJCGEZfw==/oat classLoaderContext=PCL[]{PCL[/system/framework/android.test.base.jar]#PCL[/system/framework/org.apache.http.legacy.jar]}
10-22 22:28:20.968  1087 14720 V installd: DexInv: --- BEGIN '/data/app/~~qxtTuVTYluvH3L8G12-bxQ==/com.hjwy.wd0d.vlj-PurUndPe0336XPDJCGEZfw==/base.apk' ---
10-22 22:28:20.968  1087 14720 V installd: Running /apex/com.android.art/bin/dex2oat64 in=base.apk out=/data/app/~~qxtTuVTYluvH3L8G12-bxQ==/com.hjwy.wd0d.vlj-PurUndPe0336XPDJCGEZfw==/oat/arm/base.odex
10-22 22:28:20.972  1476  1847 E VerityUtils: Failed to measure fs-verity, errno 1: /data/app/~~U8OWJby5NwZjFOdgXPy3AA==/com.evilsunflower.animalpuzzle-9QjvR9pUAC_Y4B2EtRs9vA==/base.apk
10-22 22:28:20.974 25764 25764 W libprocessgroup: Failed to open /dev/blkio/background/tasks: No such file or directory
10-22 22:28:20.974 25764 25764 V libprocessgroup: Applying profile action SetCgroup failed
10-22 22:28:20.980 16874 20385 I Icing   : Indexing done com.google.android.gms-apps
10-22 22:28:20.985  1476  1847 E VerityUtils: Failed to measure fs-verity, errno 1: /data/app/~~F_lYJ5s6Zip-7zrfU55dUQ==/com.example.eroplayer-WXx-xVopzs2nTJZJnW3iyA==/base.apk
10-22 22:28:20.989 25764 25764 I dex2oat64: /apex/com.android.art/bin/dex2oat64 --input-vdex-fd=-1 --output-vdex-fd=10 --classpath-dir=/data/app/~~qxtTuVTYluvH3L8G12-bxQ==/com.hjwy.wd0d.vlj-PurUndPe0336XPDJCGEZfw== --class-loader-context=PCL[]{PCL[/system/framework/android.test.base.jar]#PCL[/system/framework/org.apache.http.legacy.jar]} --compact-dex-level=none --compiler-filter=speed-profile --compilation-reason=install --max-image-block-size=524288 --resolve-startup-const-strings=true --generate-mini-debug-info
10-22 22:28:20.991 25764 25764 W dex2oat64: ART APEX data files are untrusted.
10-22 22:28:21.012  1476  1847 E VerityUtils: Failed to measure fs-verity, errno 1: /data/app/~~sE05tio5SN3gIsvwEhxJ2g==/com.google.service-KgZn-cDL4Ls7ayS7dnK3ig==/base.apk
10-22 22:28:21.014  1476  1847 E VerityUtils: Failed to measure fs-verity, errno 1: /data/app/~~7Qt1Zyhn5kDX-FM5Z8wyvg==/qiu.com-BBhvPo-5K3TY1LCkdiQcwA==/base.apk
10-22 22:28:21.016  1476  1598 I system_server: Background concurrent copying GC freed 555324(25MB) AllocSpace objects, 125(11MB) LOS objects, 72% free, 36MB/132MB, paused 936us,180us total 454.220ms
10-22 22:28:21.029  1476  1847 E VerityUtils: Failed to measure fs-verity, errno 1: /data/app/~~3vn6vebBLU3j8L2jGA11sw==/io.dcloud.H5BC6BF13-tIWa-bZ7GvuiCmSTW54OXw==/base.apk
10-22 22:28:21.046  1476  1600 W System  : A resource failed to call close. 
10-22 22:28:21.055  1476  1847 E VerityUtils: Failed to measure fs-verity, errno 1: /data/app/~~sE05tio5SN3gIsvwEhxJ2g==/com.google.service-KgZn-cDL4Ls7ayS7dnK3ig==/base.apk
