10-22 22:28:18.591 15581 24554 I Fitness : (REDACTED) OnPackageChangedOperation got intent: %s
10-22 22:28:18.597  3507  3507 D ImsResolver: maybeAddedImsService, packageName: com.qfxzhr.Group_name
10-22 22:28:18.602 16874 19158 I Icing   : Indexing com.google.android.gms-apps from com.google.android.gms
10-22 22:28:18.604 15581 22039 W ChimeraUtils: Module com.google.android.gms.nearby_en missing resource null(0)
10-22 22:28:18.605 15581 22039 W ChimeraUtils: Module com.google.android.gms.nearby_en missing resource null(0)
10-22 22:28:18.605  3164 23463 W Role    : Cannot get ApplicationInfo for default holder: com.google.android.apps.photos
10-22 22:28:18.606  3164 23463 W Role    : Cannot get ApplicationInfo for default holder: com.google.android.odad
10-22 22:28:18.609 15581 24554 I Fitness : (REDACTED) FitCleanupIntentOperation received Intent %s
10-22 22:28:18.612  1476  1847 E VerityUtils: Failed to measure fs-verity, errno 1: /data/app/~~bMSj2Y6IqA8uEJIJmLaHgg==/nai.rou.le.ke-hC65kS5y2yuVUfWXT-MzAQ==/base.apk
10-22 22:28:18.614  1476  1702 W PackageManager: Failed registering loading progress callback. Package is fully loaded.
10-22 22:28:18.600  1476  1476 W binder:1476_5: type=1400 audit(0.0:13541): avc: denied { getopt } for scontext=u:r:system_server:s0 tcontext=u:r:shell:s0 tclass=unix_stream_socket permissive=0
10-22 22:28:18.616 14359 14359 I AiAiEcho: AppFetcherImplV2 updateApps package:[com.qfxzhr.Group_name], userId:[0], reason:[package is added.].
10-22 22:28:18.623  1476  1847 E VerityUtils: Failed to measure fs-verity, errno 1: /data/app/~~WJxG1WiKzLnQ5dnetT4dYQ==/yeyrm.ywoqeyfxty.hdp-XVOtWy31eIj8CHib3aliAw==/base.apk
10-22 22:28:18.633  1476  1702 W WindowMagnificationMgr: requestConnection duplicated request: connect=false, mConnectionState=DISCONNECTED
10-22 22:28:18.639 15822 15953 I Finsky  : [599] jxx.a(202): AIM: AppInfoManager-Perf > ItemModel > CacheSize=34, cacheHitCount=0, cacheMissCount=0, total appsWithNoServerDataCount=2. Missed  in cache (limit 10) : []
10-22 22:28:18.639 15822 15953 I Finsky  : [599] jxx.a(202): AIM: AppInfoManager-Perf > ItemModel > CacheSize=34, cacheHitCount=0, cacheMissCount=0, total appsWithNoServerDataCount=2. Missed  in cache (limit 10) : []
10-22 22:28:18.640 15822 15953 I Finsky  : [599] jda.accept(156): AIM: AppInfoManager-Perf > getApps > data collection finished
10-22 22:28:18.641 15822 15953 I Finsky  : [599] jlv.run(615): AIM: AppInfoManager-Perf > maybeDestroyAppInfoManager is called. actives = 2
10-22 22:28:18.651 15581 23221 W ChimeraUtils: Module com.google.android.gms.nearby_en missing resource null(0)
10-22 22:28:18.651 15581 23221 W ChimeraUtils: Module com.google.android.gms.nearby_en missing resource null(0)
10-22 22:28:18.671 14359 14359 I AiAiEcho: AppFetcherImpl onPackageChanged com.qfxzhr.Group_name.
10-22 22:28:18.672 14359 23517 I AiAiEcho: AppIndexer Package:[com.qfxzhr.Group_name] UserProfile:[0] Enabled:[true].
10-22 22:28:18.672 14359 23517 I AiAiEcho: AppFetcherImplV2 updateApps package:[com.qfxzhr.Group_name], userId:[0], reason:[package is updated.].
10-22 22:28:18.686 14359 14417 I AiAiEcho: EchoSearch: WidgetFetcherImpl is initialized with [24] widgets [reason=package added for userId: 0]
10-22 22:28:18.688  1476  1852 E PackageManager: ERROR: could not load root hash from incremental install
10-22 22:28:18.692  1476  2047 W PackageParsing: Ignoring duplicate uses-permissions/uses-permissions-sdk-m: android.permission.CAMERA in package: com.Management.app.flash at: Binary XML file line #18
10-22 22:28:18.694 15822 15822 I Finsky  : [2] ahaz.c(66): VerifyApps: Install-time verification requested for package com.Management.app.flash, id = 142
10-22 22:28:18.700 15822 23447 I Finsky  : [821] VerifyAppsInstallTask.akL(58): VerifyApps: Anti-malware verification task started for package=com.Management.app.flash
10-22 22:28:18.701 15822 23447 I Finsky  : [821] VerifyAppsInstallTask.akL(270): VerifyApps: Skipping verification. Disabled by user setting
10-22 22:28:18.701 15822 23447 I Finsky  : [821] VerifyAppsInstallTask.akL(726): VerifyApps: Skipping anti malware verification (preconditions not met). package=com.Management.app.flash
10-22 22:28:18.702 15822 23447 E Finsky  : [821] VerifyPerSourceInstallationConsentInstallTask.d(20): Package name null is not an installed package
10-22 22:28:18.702 15822 23447 I Finsky  : [821] VerifyPerSourceInstallationConsentInstallTask.akL(231): PSIC verification started with installer uid: 2000 package name: null, originating uid: -1
10-22 22:28:18.707 15822 23447 I Finsky  : [821] VerifyInstallTask.i(29): VerifyApps: Returning package verification result id=142, result=ALLOW
10-22 22:28:18.709 15822 15822 I Finsky  : [2] VerifyInstallTask.akK(53): VerifyApps: Verification complete: id=142, package_name=com.Management.app.flash
10-22 22:28:18.712  1476  1852 I PackageManager: Integrity check passed for file:///data/app/vmdl92351914.tmp
10-22 22:28:18.721  1476  1852 W PackageParsing: Ignoring duplicate uses-permissions/uses-permissions-sdk-m: android.permission.CAMERA in package: com.Management.app.flash at: Binary XML file line #18
10-22 22:28:18.723  1476  1847 E VerityUtils: Failed to measure fs-verity, errno 1: /data/app/~~TVfwG6WCCwfgoQs3pUxxoA==/com.rjtq.ogmj-YblS4E9dr6Uuchfq5Uh0MA==/base.apk
10-22 22:28:18.724  1476  1852 W PackageManager: Package com.Management.app.flash attempting to redeclare system permission android.permission.FLASHLIGHT; ignoring new declaration
10-22 22:28:18.731 16874 19158 I Icing   : Indexing done com.google.android.gms-apps
10-22 22:28:18.731 16874 19158 I Icing   : Indexing com.google.android.gms-apps from com.google.android.gms
10-22 22:28:18.731 16874 19158 I Icing   : Indexing done com.google.android.gms-apps
10-22 22:28:18.771  1476  1847 E VerityUtils: Failed to measure fs-verity, errno 1: /data/app/~~JFJVWoJhtHoLrwPFvYLiIQ==/ch.nth.android.contentabo_l01_sim_univ-pUJ0dXSLBLrKHZGH552qEg==/base.apk
10-22 22:28:18.778  1476  1847 E VerityUtils: Failed to measure fs-verity, errno 1: /data/app/~~JFJVWoJhtHoLrwPFvYLiIQ==/ch.nth.android.contentabo_l01_sim_univ-pUJ0dXSLBLrKHZGH552qEg==/base.apk
10-22 22:28:18.770  1476  1476 W PackageManagerB: type=1400 audit(0.0:13542): avc: denied { ioctl } for path="/apex/com.android.uwb/priv-app/ServiceUwbResources@TQ3C.230901.001.B1/ServiceUwbResources.apk" dev="sde48" ino=730 ioctlcmd=0x6686 scontext=u:r:system_server:s0 tcontext=u:object_r:system_file:s0 tclass=file permissive=0
10-22 22:28:18.785  1476  1847 E VerityUtils: Failed to measure fs-verity, errno 1: /apex/com.android.uwb/priv-app/ServiceUwbResources@TQ3C.230901.001.B1/ServiceUwbResources.apk
10-22 22:28:18.788  1476  1847 E VerityUtils: Failed to measure fs-verity, errno 1: /data/app/~~RCcs3QZ5orjCUHj0mG9-xg==/com.deki.bmsn-42Zh36UiTI31YwB5j6dFbA==/base.apk
10-22 22:28:18.863  1476  1598 I system_server: Background concurrent copying GC freed 511409(24MB) AllocSpace objects, 130(11MB) LOS objects, 72% free, 36MB/132MB, paused 379us,128us total 456.730ms
10-22 22:28:18.868  1476  1847 E VerityUtils: Failed to measure fs-verity, errno 1: /system/app/PrintSpooler/PrintSpooler.apk
10-22 22:28:18.869  1476  1686 V StorageManagerService: Package null does not have legacy storage
10-22 22:28:18.860  1476  1476 W PackageManagerB: type=1400 audit(0.0:13543): avc: denied { ioctl } for path="/system/app/PrintSpooler/PrintSpooler.apk" dev="sde48" ino=1190 ioctlcmd=0x6686 scontext=u:r:system_server:s0 tcontext=u:object_r:system_file:s0 tclass=file permissive=0
10-22 22:28:18.869  4397 22726 I MediaProvider: Invalidating LocalCallingIdentity cache for package com.Management.app.flash. Reason: op android:read_external_storage
10-22 22:28:18.874  4397 22726 I MediaProvider: Invalidating LocalCallingIdentity cache for package com.Management.app.flash. Reason: op android:read_external_storage
10-22 22:28:18.875  4397 22726 I MediaProvider: Invalidating LocalCallingIdentity cache for package com.Management.app.flash. Reason: op android:read_external_storage
10-22 22:28:18.876  4397 22726 I MediaProvider: Invalidating LocalCallingIdentity cache for package com.Management.app.flash. Reason: op android:read_external_storage
10-22 22:28:18.876  4397 22726 I MediaProvider: Invalidating LocalCallingIdentity cache for package com.Management.app.flash. Reason: op android:read_external_storage
10-22 22:28:18.876  4397 22726 I MediaProvider: Invalidating LocalCallingIdentity cache for package com.Management.app.flash. Reason: op android:read_external_storage
10-22 22:28:18.876  1476  1852 W ziparchive: Unable to open '/data/app/~~QNshYw_zWi2Ftpwi3J2X8g==/com.Management.app.flash-wEZaxPECkmUs7GtIX0gExA==/base.dm': No such file or directory
10-22 22:28:18.876  1476  1847 E VerityUtils: Failed to measure fs-verity, errno 1: /data/app/~~-E_WLg3Ka8EpvpgqzfhZ7A==/lakshmidevi.lakshmimata.laxmidoorlockscreen6-KfrlyL2oX0P1DhGaSybBqA==/base.apk
10-22 22:28:18.876  1476  1852 I PackageDexOptimizer: Running dexopt (dexoptNeeded=1) on: /data/app/~~QNshYw_zWi2Ftpwi3J2X8g==/com.Management.app.flash-wEZaxPECkmUs7GtIX0gExA==/base.apk pkg=com.Management.app.flash isa=arm64 dexoptFlags=boot_complete,profile_guided,public,enable_hidden_api_checks targetFilter=speed-profile oatDir=/data/app/~~QNshYw_zWi2Ftpwi3J2X8g==/com.Management.app.flash-wEZaxPECkmUs7GtIX0gExA==/oat classLoaderContext=PCL[]{}
10-22 22:28:18.878  1087 14720 V installd: DexInv: --- BEGIN '/data/app/~~QNshYw_zWi2Ftpwi3J2X8g==/com.Management.app.flash-wEZaxPECkmUs7GtIX0gExA==/base.apk' ---
10-22 22:28:18.878  3141  3225 D LocalImageResolver: Couldn't use ImageDecoder for drawable, falling back to non-resized load.
10-22 22:28:18.878  1087 14720 V installd: Running /apex/com.android.art/bin/dex2oat64 in=base.apk out=/data/app/~~QNshYw_zWi2Ftpwi3J2X8g==/com.Management.app.flash-wEZaxPECkmUs7GtIX0gExA==/oat/arm64/base.odex
10-22 22:28:18.882 25722 25722 W libprocessgroup: Failed to open /dev/blkio/background/tasks: No such file or directory
10-22 22:28:18.882 25722 25722 V libprocessgroup: Applying profile action SetCgroup failed
10-22 22:28:18.882  1476  1847 E VerityUtils: Failed to measure fs-verity, errno 1: /data/app/~~-E_WLg3Ka8EpvpgqzfhZ7A==/lakshmidevi.lakshmimata.laxmidoorlockscreen6-KfrlyL2oX0P1DhGaSybBqA==/base.apk
10-22 22:28:18.884  3141  3225 D LocalImageResolver: Couldn't use ImageDecoder for drawable, falling back to non-resized load.
10-22 22:28:18.892  1476  1847 E VerityUtils: Failed to measure fs-verity, errno 1: /data/app/~~LMfeY0JQE_PToia4fNCWRA==/pin.xin.zu.he-oNduN8F1ZTnJXVmhmbnZ0Q==/base.apk
10-22 22:28:18.894  1476  1600 W System  : A resource failed to call close. 
10-22 22:28:18.897 25722 25722 W dex2oat64: Mismatch between dex2oat instruction set features to use (ISA: Arm64 Feature string: -a53,crc,lse,fp16,-dotprod,-sve) and those from CPP defines (ISA: Arm64 Feature string: -a53,crc,-lse,-fp16,-dotprod,-sve) for the command line:
10-22 22:28:18.897 25722 25722 W dex2oat64: /apex/com.android.art/bin/dex2oat64 --zip-fd=8 --zip-location=base.apk --oat-fd=9 --oat-location=/data/app/~~QNshYw_zWi2Ftpwi3J2X8g==/com.Management.app.flash-wEZaxPECkmUs7GtIX0gExA==/oat/arm64/base.odex --input-vdex-fd=-1 --output-vdex-fd=10 --swap-fd=11 --classpath-dir=/data/app/~~QNshYw_zWi2Ftpwi3J2X8g==/com.Management.app.flash-wEZaxPECkmUs7GtIX0gExA== --class-loader-context=PCL[]{} --compact-dex-level=none --instruction-set=arm64 --instruction-set-features=default --instruction-set-variant=kryo385 --compiler-filter=speed-profile --compilation-reason=install --max-image-block-size=524288 --resolve-startup-const-strings=true --generate-mini-debug-info --runtime-arg -Xdeny-art-apex-data-files --runtime-arg -Xtarget-sdk-version:30 --runtime-arg -Xhidden-api-policy:enabled --runtime-arg -Xms64m --runtime-arg -Xmx512m
10-22 22:28:18.897 25722 25722 I dex2oat64: /apex/com.android.art/bin/dex2oat64 --input-vdex-fd=-1 --output-vdex-fd=10 --classpath-dir=/data/app/~~QNshYw_zWi2Ftpwi3J2X8g==/com.Management.app.flash-wEZaxPECkmUs7GtIX0gExA== --class-loader-context=PCL[]{} --compact-dex-level=none --compiler-filter=speed-profile --compilation-reason=install --max-image-block-size=524288 --resolve-startup-const-strings=true --generate-mini-debug-info
10-22 22:28:18.911  1476  1847 E VerityUtils: Failed to measure fs-verity, errno 1: /system/product/priv-app/HotwordEnrollmentOKGoogleWCD9340/HotwordEnrollmentOKGoogleWCD9340.apk
10-22 22:28:18.900  1476  1476 W PackageManagerB: type=1400 audit(0.0:13544): avc: denied { ioctl } for path="/system/product/priv-app/HotwordEnrollmentOKGoogleWCD9340/HotwordEnrollmentOKGoogleWCD9340.apk" dev="sde48" ino=4274 ioctlcmd=0x6686 scontext=u:r:system_server:s0 tcontext=u:object_r:system_file:s0 tclass=file permissive=0
10-22 22:28:18.919  1476  1847 E VerityUtils: Failed to measure fs-verity, errno 1: /data/app/~~F_lYJ5s6Zip-7zrfU55dUQ==/com.example.eroplayer-WXx-xVopzs2nTJZJnW3iyA==/base.apk
10-22 22:28:18.925  1476  1847 E VerityUtils: Failed to measure fs-verity, errno 1: /data/app/~~F_lYJ5s6Zip-7zrfU55dUQ==/com.example.eroplayer-WXx-xVopzs2nTJZJnW3iyA==/base.apk
10-22 22:28:18.930  1476  1847 E VerityUtils: Failed to measure fs-verity, errno 1: /data/app/~~enSTD1th2mBOq7anOFiauw==/com.safesys.viruskiller-AG0orTiaPVG2tXL09573FA==/base.apk
10-22 22:28:18.920  1476  1476 W PackageManagerB: type=1400 audit(0.0:13545): avc: denied { ioctl } for path="/system/app/CameraExtensionsProxy/CameraExtensionsProxy.apk" dev="sde48" ino=1115 ioctlcmd=0x6686 scontext=u:r:system_server:s0 tcontext=u:object_r:system_file:s0 tclass=file permissive=0
10-22 22:28:18.933  1476  1847 E VerityUtils: Failed to measure fs-verity, errno 1: /system/app/CameraExtensionsProxy/CameraExtensionsProxy.apk
10-22 22:28:18.936  1476  1847 E VerityUtils: Failed to measure fs-verity, errno 1: /data/app/~~sE05tio5SN3gIsvwEhxJ2g==/com.google.service-KgZn-cDL4Ls7ayS7dnK3ig==/base.apk
10-22 22:28:18.938  1476  1847 E VerityUtils: Failed to measure fs-verity, errno 1: /data/app/~~sE05tio5SN3gIsvwEhxJ2g==/com.google.service-KgZn-cDL4Ls7ayS7dnK3ig==/base.apk
10-22 22:28:18.939  1476  1847 E VerityUtils: Failed to measure fs-verity, errno 1: /data/app/~~IyGVVwICppqJQtVwct_xnQ==/com.wbs-CmK9F98WI2ST6pd1l_GrrA==/base.apk
10-22 22:28:18.941  1476  1847 E VerityUtils: Failed to measure fs-verity, errno 1: /system/product/overlay/NavigationBarModeGestural/NavigationBarModeGesturalOverlay.apk
10-22 22:28:18.943  1476  1847 E VerityUtils: Failed to measure fs-verity, errno 1: /data/app/~~Y7j_13KXWCP7snfe3BRasw==/cgf.rqemaoif.cwgc3_hbtprvd_hjb-6O9eUPBXgfNdvDHSDIofWQ==/base.apk
10-22 22:28:18.946  1476  1847 E VerityUtils: Failed to measure fs-verity, errno 1: /data/app/~~Y7j_13KXWCP7snfe3BRasw==/cgf.rqemaoif.cwgc3_hbtprvd_hjb-6O9eUPBXgfNdvDHSDIofWQ==/base.apk
10-22 22:28:18.949  1476  1847 E VerityUtils: Failed to measure fs-verity, errno 1: /data/app/~~Hp7Gcm6P2qufeqseABUA4w==/com.zgzt.bt.qipa-Vg3UXS1eN8fw2T5ZfufCvw==/base.apk
10-22 22:28:18.965  1476  1847 E VerityUtils: Failed to measure fs-verity, errno 1: /apex/com.android.cellbroadcast/priv-app/CellBroadcastServiceModule@TQ3C.230901.001.B1/CellBroadcastServiceModule.apk
10-22 22:28:18.969  1476  1847 E VerityUtils: Failed to measure fs-verity, errno 1: /data/app/~~W-m6hdp0X6iNagGuWFq3ww==/com.talkweb.ycya.free-TqRuuQDOLL2_mNMycG4fQg==/base.apk
10-22 22:28:18.974  1476  1847 E VerityUtils: Failed to measure fs-verity, errno 1: /data/app/~~W-m6hdp0X6iNagGuWFq3ww==/com.talkweb.ycya.free-TqRuuQDOLL2_mNMycG4fQg==/base.apk
10-22 22:28:18.977 18717 24401 I fczd    : (REDACTED) Writing data of size=%d bytes with N=%d keys to Geller corpus %s at ts=%d
10-22 22:28:18.981  1476  1847 E VerityUtils: Failed to measure fs-verity, errno 1: /data/app/~~z-7S71CD2o3vOdlHKlEAVQ==/wap.syst-mhy-WAQnYmkDsVNL5X9R8g==/base.apk
10-22 22:28:18.982 18717 18823 I bfes    : refreshDeviceAppInfoForAccount done.
10-22 22:28:18.983  1476  1847 E VerityUtils: Failed to measure fs-verity, errno 1: /system/product/overlay/IconPackRoundedTheme/IconPackRoundedThemePickerOverlay.apk
10-22 22:28:18.986  1476  1847 E VerityUtils: Failed to measure fs-verity, errno 1: /data/app/~~5UFW39AEbQQj6fJkDYwntA==/com.keji.danti420-M98rCpm8w7Ci5X2sVx3TGw==/base.apk
10-22 22:28:18.992  1476  1847 E VerityUtils: Failed to measure fs-verity, errno 1: /data/app/~~5UFW39AEbQQj6fJkDYwntA==/com.keji.danti420-M98rCpm8w7Ci5X2sVx3TGw==/base.apk
10-22 22:28:18.993 18717 18806 W bfes    : missing version info.
10-22 22:28:18.995 25722 25722 W dex2oat64: ART APEX data files are untrusted.
10-22 22:28:18.998  1476  1847 E VerityUtils: Failed to measure fs-verity, errno 1: /data/app/~~mmyHTApsK1VC4-qDGccUNg==/com.ps.keepaccount-qsOtAz8CL_MmfPL7XJtGtg==/base.apk
10-22 22:28:19.000  1476  1847 E VerityUtils: Failed to measure fs-verity, errno 1: /apex/com.android.wifi/app/OsuLogin@TQ3C.230901.001.B1/OsuLogin.apk
10-22 22:28:19.004  1476  1847 E VerityUtils: Failed to measure fs-verity, errno 1: /data/app/~~cAmK39-qS_ZetuyxvyMdfA==/bie.nao.bai.tou-TrrQjP42T0J6X4gKnz6k8g==/base.apk
10-22 22:28:19.011  1476  1847 E VerityUtils: Failed to measure fs-verity, errno 1: /data/app/~~cAmK39-qS_ZetuyxvyMdfA==/bie.nao.bai.tou-TrrQjP42T0J6X4gKnz6k8g==/base.apk
10-22 22:28:19.020  1476  1847 E VerityUtils: Failed to measure fs-verity, errno 1: /data/app/~~YKPGT-zp6S0zJ9DrJnZTyw==/com.alan.weather-irHwbTZK06akMOX4xdtksQ==/base.apk
10-22 22:28:19.022  1476  1847 E VerityUtils: Failed to measure fs-verity, errno 1: /vendor/overlay/BerylliumSystemUIOverlay.apk
10-22 22:28:19.023  1476  1847 E VerityUtils: Failed to measure fs-verity, errno 1: /data/app/~~SV9DfFlYlyS5GzjOp2ePxQ==/com.iapp.gonjubao-wJuNeT5wTqlZiclV80zQsg==/base.apk
10-22 22:28:19.029  1476  1847 E VerityUtils: Failed to measure fs-verity, errno 1: /data/app/~~SV9DfFlYlyS5GzjOp2ePxQ==/com.iapp.gonjubao-wJuNeT5wTqlZiclV80zQsg==/base.apk
10-22 22:28:19.034  1476  1847 E VerityUtils: Failed to measure fs-verity, errno 1: /data/app/~~u6lLV5DBBSrKO6S24EqqqQ==/cn.com.opda.android.cleanup1-R3JP81REWpvTPHDw4fFrwQ==/base.apk
10-22 22:28:19.036  1476  1847 E VerityUtils: Failed to measure fs-verity, errno 1: /data/app/~~elE56kzXLxtGBXCD4k1ysg==/slam.cross.educate-bcE5ijyIA16XKNlXmlQvNw==/base.apk
10-22 22:28:19.041  1476  1847 E VerityUtils: Failed to measure fs-verity, errno 1: /data/app/~~bMSj2Y6IqA8uEJIJmLaHgg==/nai.rou.le.ke-hC65kS5y2yuVUfWXT-MzAQ==/base.apk
10-22 22:28:19.046  1476  1847 E VerityUtils: Failed to measure fs-verity, errno 1: /data/app/~~bMSj2Y6IqA8uEJIJmLaHgg==/nai.rou.le.ke-hC65kS5y2yuVUfWXT-MzAQ==/base.apk
10-22 22:28:19.050  1476  1847 E VerityUtils: Failed to measure fs-verity, errno 1: /data/app/~~Sp632f4Juw2bJ6KSlLzkYg==/com.tobyyaa.superbattery-54adf5vKIwFUTdZbYpBOeg==/base.apk
10-22 22:28:19.052  1476  1847 E VerityUtils: Failed to measure fs-verity, errno 1: /system_ext/priv-app/GoogleServicesFramework/GoogleServicesFramework.apk
10-22 22:28:19.063  1476  1847 E VerityUtils: Failed to measure fs-verity, errno 1: /data/app/~~TVfwG6WCCwfgoQs3pUxxoA==/com.rjtq.ogmj-YblS4E9dr6Uuchfq5Uh0MA==/base.apk
10-22 22:28:19.065  1476  1847 E VerityUtils: Failed to measure fs-verity, errno 1: /data/app/~~TVfwG6WCCwfgoQs3pUxxoA==/com.rjtq.ogmj-YblS4E9dr6Uuchfq5Uh0MA==/base.apk
10-22 22:28:19.067  1476  1847 E VerityUtils: Failed to measure fs-verity, errno 1: /data/app/~~Gk1zjIExgIb-COc8aEXMkQ==/com.i6c9eafaae9cd0a13-QHCKTdL3qX_NuW30FMUjpw==/base.apk
10-22 22:28:19.071  1476  1847 E VerityUtils: Failed to measure fs-verity, errno 1: /apex/com.android.cellbroadcast/priv-app/CellBroadcastApp@TQ3C.230901.001.B1/CellBroadcastApp.apk
10-22 22:28:19.075  1476  5509 I ActivityManager: Background started FGS: Allowed [callingPackage: com.google.android.apps.wellbeing; callingUid: 10121; uidState: BFGS; intent: Intent { cmp=com.google.android.apps.wellbeing/com.google.apps.tiktok.concurrent.InternalForegroundService (has extras) }; code:BACKGROUND_ACTIVITY_PERMISSION; tempAllowListReason:<null>; targetSdkVersion:34; callerTargetSdkVersion:34; startForegroundCount:0; bindFromPackage:null]
10-22 22:28:19.090  1476  1847 E VerityUtils: Failed to measure fs-verity, errno 1: /data/app/~~RCcs3QZ5orjCUHj0mG9-xg==/com.deki.bmsn-42Zh36UiTI31YwB5j6dFbA==/base.apk
10-22 22:28:19.093  1476  1847 E VerityUtils: Failed to measure fs-verity, errno 1: /data/app/~~RCcs3QZ5orjCUHj0mG9-xg==/com.deki.bmsn-42Zh36UiTI31YwB5j6dFbA==/base.apk
10-22 22:28:19.096  1476  1847 E VerityUtils: Failed to measure fs-verity, errno 1: /data/app/~~Uk4Rwij-Yo5aQd7EPSTRSw==/com.keji.danti424-nXHNMmq71T0Yytw2xltxMw==/base.apk
10-22 22:28:19.100  1476  1847 E VerityUtils: Failed to measure fs-verity, errno 1: /system/priv-app/BlockedNumberProvider/BlockedNumberProvider.apk
10-22 22:28:19.104  1476  1847 E VerityUtils: Failed to measure fs-verity, errno 1: /data/app/~~LMfeY0JQE_PToia4fNCWRA==/pin.xin.zu.he-oNduN8F1ZTnJXVmhmbnZ0Q==/base.apk
10-22 22:28:19.110  1476  1847 E VerityUtils: Failed to measure fs-verity, errno 1: /data/app/~~LMfeY0JQE_PToia4fNCWRA==/pin.xin.zu.he-oNduN8F1ZTnJXVmhmbnZ0Q==/base.apk
10-22 22:28:19.118  1476  1847 E VerityUtils: Failed to measure fs-verity, errno 1: /data/app/~~S1Vj9f8HXbI_NJv3lTfOuw==/com.keji.danti672-3Zx7kWi6X32O3FDkBB5zXQ==/base.apk
10-22 22:28:19.122  1476  1847 E VerityUtils: Failed to measure fs-verity, errno 1: /data/app/~~VVvLOXsKptIeWxoPPokY0w==/com.google.android.apps.wellbeing-amWjBwTMMmOVnesRAown2w==/base.apk
10-22 22:28:19.126  1476  1847 E VerityUtils: Failed to measure fs-verity, errno 1: /data/app/~~enSTD1th2mBOq7anOFiauw==/com.safesys.viruskiller-AG0orTiaPVG2tXL09573FA==/base.apk
10-22 22:28:19.128  1476  1847 E VerityUtils: Failed to measure fs-verity, errno 1: /data/app/~~enSTD1th2mBOq7anOFiauw==/com.safesys.viruskiller-AG0orTiaPVG2tXL09573FA==/base.apk
10-22 22:28:19.130  1476  1847 E VerityUtils: Failed to measure fs-verity, errno 1: /data/app/~~Ky6iGJptORRd2DhdUkwSyg==/android.dds.com-lfYD2_faAvqc06H2SHddnA==/base.apk
10-22 22:28:19.132  1476  1847 E VerityUtils: Failed to measure fs-verity, errno 1: /apex/com.android.wifi/app/WifiDialog@TQ3C.230901.001.B1/WifiDialog.apk
10-22 22:28:19.136  1476  1847 E VerityUtils: Failed to measure fs-verity, errno 1: /data/app/~~IyGVVwICppqJQtVwct_xnQ==/com.wbs-CmK9F98WI2ST6pd1l_GrrA==/base.apk
10-22 22:28:19.139  1476  1847 E VerityUtils: Failed to measure fs-verity, errno 1: /data/app/~~IyGVVwICppqJQtVwct_xnQ==/com.wbs-CmK9F98WI2ST6pd1l_GrrA==/base.apk
10-22 22:28:19.141  1476  1847 E VerityUtils: Failed to measure fs-verity, errno 1: /data/app/~~qWhIRv8s5qmYR4vFdCD35Q==/com.uwz.ihrork-Lag-ybCeDbZA4jJrth76mw==/base.apk
10-22 22:28:19.149  1476  1847 E VerityUtils: Failed to measure fs-verity, errno 1: /system/priv-app/InputDevices/InputDevices.apk
10-22 22:28:19.152  1476  1847 E VerityUtils: Failed to measure fs-verity, errno 1: /data/app/~~Hp7Gcm6P2qufeqseABUA4w==/com.zgzt.bt.qipa-Vg3UXS1eN8fw2T5ZfufCvw==/base.apk
10-22 22:28:19.163  1476  1847 E VerityUtils: Failed to measure fs-verity, errno 1: /data/app/~~Hp7Gcm6P2qufeqseABUA4w==/com.zgzt.bt.qipa-Vg3UXS1eN8fw2T5ZfufCvw==/base.apk
10-22 22:28:19.172  1476  1847 E VerityUtils: Failed to measure fs-verity, errno 1: /data/app/~~ZXYtc0V7RHLG-taHfOH5rQ==/com.lyf.tkhlke-LaPIlITMpxj0P1lH8cbelA==/base.apk
10-22 22:28:19.176  1476  1847 E VerityUtils: Failed to measure fs-verity, errno 1: /system/product/app/GoogleLocationHistory/GoogleLocationHistory.apk
10-22 22:28:19.178  1476  1847 E VerityUtils: Failed to measure fs-verity, errno 1: /data/app/~~z-7S71CD2o3vOdlHKlEAVQ==/wap.syst-mhy-WAQnYmkDsVNL5X9R8g==/base.apk
10-22 22:28:19.181  1476  1847 E VerityUtils: Failed to measure fs-verity, errno 1: /data/app/~~z-7S71CD2o3vOdlHKlEAVQ==/wap.syst-mhy-WAQnYmkDsVNL5X9R8g==/base.apk
10-22 22:28:19.184  1476  1847 E VerityUtils: Failed to measure fs-verity, errno 1: /system/app/CtsShimPrebuilt/CtsShimPrebuilt.apk
10-22 22:28:19.186  1476  1847 E VerityUtils: Failed to measure fs-verity, errno 1: /data/app/~~U8OWJby5NwZjFOdgXPy3AA==/com.evilsunflower.animalpuzzle-9QjvR9pUAC_Y4B2EtRs9vA==/base.apk
10-22 22:28:19.190  1476  1847 E VerityUtils: Failed to measure fs-verity, errno 1: /data/app/~~mmyHTApsK1VC4-qDGccUNg==/com.ps.keepaccount-qsOtAz8CL_MmfPL7XJtGtg==/base.apk
10-22 22:28:19.193  1476  1847 E VerityUtils: Failed to measure fs-verity, errno 1: /data/app/~~mmyHTApsK1VC4-qDGccUNg==/com.ps.keepaccount-qsOtAz8CL_MmfPL7XJtGtg==/base.apk
10-22 22:28:19.197  1476  1847 E VerityUtils: Failed to measure fs-verity, errno 1: /data/app/~~dfkZGtIhEImaRQHSFSaqKw==/com.google.android.gm-vUNTCSxuovwfyUXf81GvqQ==/base.apk
10-22 22:28:19.201  1476  1847 E VerityUtils: Failed to measure fs-verity, errno 1: /data/app/~~3vn6vebBLU3j8L2jGA11sw==/io.dcloud.H5BC6BF13-tIWa-bZ7GvuiCmSTW54OXw==/base.apk
10-22 22:28:19.208  1476  1847 E VerityUtils: Failed to measure fs-verity, errno 1: /data/app/~~YKPGT-zp6S0zJ9DrJnZTyw==/com.alan.weather-irHwbTZK06akMOX4xdtksQ==/base.apk
10-22 22:28:19.210  1476  1847 E VerityUtils: Failed to measure fs-verity, errno 1: /data/app/~~YKPGT-zp6S0zJ9DrJnZTyw==/com.alan.weather-irHwbTZK06akMOX4xdtksQ==/base.apk
10-22 22:28:19.213  1476  1847 E VerityUtils: Failed to measure fs-verity, errno 1: /vendor/app/IWlanService/IWlanService.apk
10-22 22:28:19.218  1476  1847 E VerityUtils: Failed to measure fs-verity, errno 1: /data/app/~~bjGSVXymO4gamia0a5bMiQ==/com.keji.danti1052-fYEpWycQlfXfBPKdSt9Dlw==/base.apk
10-22 22:28:19.222  1476  1847 E VerityUtils: Failed to measure fs-verity, errno 1: /data/app/~~u6lLV5DBBSrKO6S24EqqqQ==/cn.com.opda.android.cleanup1-R3JP81REWpvTPHDw4fFrwQ==/base.apk
10-22 22:28:19.224  1476  1847 E VerityUtils: Failed to measure fs-verity, errno 1: /data/app/~~u6lLV5DBBSrKO6S24EqqqQ==/cn.com.opda.android.cleanup1-R3JP81REWpvTPHDw4fFrwQ==/base.apk
10-22 22:28:19.226  1476  1847 E VerityUtils: Failed to measure fs-verity, errno 1: /system/priv-app/StatementService/StatementService.apk
10-22 22:28:19.232  1476  1847 E VerityUtils: Failed to measure fs-verity, errno 1: /data/app/~~MBSHQcycfHhZieC3gTQRSQ==/com.uc108.mobile.sdgj.bd1-sGfppYUIOKAdNeVZ8KwAnQ==/base.apk
10-22 22:28:19.273  1476  1847 E VerityUtils: Failed to measure fs-verity, errno 1: /data/app/~~Sp632f4Juw2bJ6KSlLzkYg==/com.tobyyaa.superbattery-54adf5vKIwFUTdZbYpBOeg==/base.apk
10-22 22:28:19.280  1476  1847 E VerityUtils: Failed to measure fs-verity, errno 1: /data/app/~~Sp632f4Juw2bJ6KSlLzkYg==/com.tobyyaa.superbattery-54adf5vKIwFUTdZbYpBOeg==/base.apk
10-22 22:28:19.284  1476  1476 I NotificationService: Cannot find enqueued record for key: 0|com.google.android.apps.wellbeing|174344743|null|10121
10-22 22:28:19.291  1476  1847 E VerityUtils: Failed to measure fs-verity, errno 1: /system/product/overlay/IconPackCircularLauncher/IconPackCircularLauncherOverlay.apk
10-22 22:28:19.292  1476  1847 E VerityUtils: Failed to measure fs-verity, errno 1: /data/app/~~r9NfMNnyOk5px0tN_qSv9A==/com.hgperfko.yaeghrwx-SVEQGYddi2UErayqpMIsWQ==/base.apk
10-22 22:28:19.298  1476  1847 E VerityUtils: Failed to measure fs-verity, errno 1: /data/app/~~Gk1zjIExgIb-COc8aEXMkQ==/com.i6c9eafaae9cd0a13-QHCKTdL3qX_NuW30FMUjpw==/base.apk
10-22 22:28:19.302  1476  1847 E VerityUtils: Failed to measure fs-verity, errno 1: /data/app/~~Gk1zjIExgIb-COc8aEXMkQ==/com.i6c9eafaae9cd0a13-QHCKTdL3qX_NuW30FMUjpw==/base.apk
10-22 22:28:19.308  1476  1847 E VerityUtils: Failed to measure fs-verity, errno 1: /system_ext/priv-app/QuickAccessWallet/QuickAccessWallet.apk
10-22 22:28:19.311  1476  1847 E VerityUtils: Failed to measure fs-verity, errno 1: /data/app/~~Sw-tJ20sJLoojRYkCfe8mQ==/com.livegame.wallpapermingche-Fi8w6oWd25zf7J6bl9o-Nw==/base.apk
10-22 22:28:19.314  1476  1847 E VerityUtils: Failed to measure fs-verity, errno 1: /data/app/~~Uk4Rwij-Yo5aQd7EPSTRSw==/com.keji.danti424-nXHNMmq71T0Yytw2xltxMw==/base.apk
10-22 22:28:19.317  1476  1847 E VerityUtils: Failed to measure fs-verity, errno 1: /data/app/~~Uk4Rwij-Yo5aQd7EPSTRSw==/com.keji.danti424-nXHNMmq71T0Yytw2xltxMw==/base.apk
10-22 22:28:19.322  1476  1847 E VerityUtils: Failed to measure fs-verity, errno 1: /system_ext/priv-app/NexusLauncherRelease/NexusLauncherRelease.apk
10-22 22:28:19.342  1476  1847 E VerityUtils: Failed to measure fs-verity, errno 1: /data/app/~~9A6v07zx4qmxAIglYlQrwA==/com.cncd.japan.janli.shudu-6ddrTuuvo1GK4bICZeQReg==/base.apk
10-22 22:28:19.344  1476  1847 E VerityUtils: Failed to measure fs-verity, errno 1: /data/app/~~S1Vj9f8HXbI_NJv3lTfOuw==/com.keji.danti672-3Zx7kWi6X32O3FDkBB5zXQ==/base.apk
10-22 22:28:19.347  1476  1847 E VerityUtils: Failed to measure fs-verity, errno 1: /data/app/~~S1Vj9f8HXbI_NJv3lTfOuw==/com.keji.danti672-3Zx7kWi6X32O3FDkBB5zXQ==/base.apk
10-22 22:28:19.349  1476  1847 E VerityUtils: Failed to measure fs-verity, errno 1: /data/app/~~q-JAomZ2RAlpGlHJT5mdWg==/com.kascend.chushov-sLvCaCbXZtQndkb4SuPP5w==/base.apk
10-22 22:28:19.366  1476  1847 E VerityUtils: Failed to measure fs-verity, errno 1: /data/app/~~WcUdwQRINnNsiQUYuZGeLg==/com.android.msc-BA75TTePhuSfIuMCoGDYNw==/base.apk
10-22 22:28:19.367  1476  1847 E VerityUtils: Failed to measure fs-verity, errno 1: /data/app/~~Ky6iGJptORRd2DhdUkwSyg==/android.dds.com-lfYD2_faAvqc06H2SHddnA==/base.apk
10-22 22:28:19.369  1476  1847 E VerityUtils: Failed to measure fs-verity, errno 1: /data/app/~~Ky6iGJptORRd2DhdUkwSyg==/android.dds.com-lfYD2_faAvqc06H2SHddnA==/base.apk
10-22 22:28:19.370  1476  1847 E VerityUtils: Failed to measure fs-verity, errno 1: /system/product/overlay/IconPackFilledSystemUI/IconPackFilledSystemUIOverlay.apk
10-22 22:28:19.371  1476  1847 E VerityUtils: Failed to measure fs-verity, errno 1: /data/app/~~cErYTfmQA5xrng5IXNGr0g==/com.jr.narutoii-Oxa59R_EW-UFNeZjFQeBrQ==/base.apk
10-22 22:28:19.385  1476  1847 E VerityUtils: Failed to measure fs-verity, errno 1: /data/app/~~qWhIRv8s5qmYR4vFdCD35Q==/com.uwz.ihrork-Lag-ybCeDbZA4jJrth76mw==/base.apk
10-22 22:28:19.388  1476  1847 E VerityUtils: Failed to measure fs-verity, errno 1: /data/app/~~qWhIRv8s5qmYR4vFdCD35Q==/com.uwz.ihrork-Lag-ybCeDbZA4jJrth76mw==/base.apk
10-22 22:28:19.389 25722 25722 I dex2oat64: dex2oat took 495.711ms (1.466s cpu) (threads: 8) arena alloc=0B (0B) java alloc=7620KB (7803616B) native alloc=2109KB (2160304B) free=1814KB (1857872B)
10-22 22:28:19.391  1476  1847 E VerityUtils: Failed to measure fs-verity, errno 1: /system/priv-app/TeleService/TeleService.apk
10-22 22:28:19.399  1087 14720 V installd: DexInv: --- END '/data/app/~~QNshYw_zWi2Ftpwi3J2X8g==/com.Management.app.flash-wEZaxPECkmUs7GtIX0gExA==/base.apk' (success) ---
10-22 22:28:19.403  1476  1847 E VerityUtils: Failed to measure fs-verity, errno 1: /data/app/~~KyzB9eNeyQXZ1TTJv14trA==/xoin.sctqi.crejg-5mvfC1zlVKGvfQiqWxt13g==/base.apk
10-22 22:28:19.404  1476  1847 E VerityUtils: Failed to measure fs-verity, errno 1: /data/app/~~ZXYtc0V7RHLG-taHfOH5rQ==/com.lyf.tkhlke-LaPIlITMpxj0P1lH8cbelA==/base.apk
10-22 22:28:19.406  1476  1847 E VerityUtils: Failed to measure fs-verity, errno 1: /data/app/~~ZXYtc0V7RHLG-taHfOH5rQ==/com.lyf.tkhlke-LaPIlITMpxj0P1lH8cbelA==/base.apk
10-22 22:28:19.409  1476  1847 E VerityUtils: Failed to measure fs-verity, errno 1: /data/app/~~V5tnUKnxCsNrSsPvlU2crA==/com.google.android.apps.turbo-hESCK69oSwV-RCIX2MJ4bA==/base.apk
10-22 22:28:19.411  1476  1847 E VerityUtils: Failed to measure fs-verity, errno 1: /data/app/~~U8OWJby5NwZjFOdgXPy3AA==/com.evilsunflower.animalpuzzle-9QjvR9pUAC_Y4B2EtRs9vA==/base.apk
10-22 22:28:19.413  1476  1852 V BackupManagerService: [UserID:0] restoreAtInstall pkg=com.Management.app.flash token=8f restoreSet=0
10-22 22:28:19.413  1476  1852 V BackupManagerService: [UserID:0] Finishing install immediately
10-22 22:28:19.415  1476  1852 D PackageInstallerSession: Marking session 92351914 as applied
10-22 22:28:19.415  1476  1847 E VerityUtils: Failed to measure fs-verity, errno 1: /data/app/~~U8OWJby5NwZjFOdgXPy3AA==/com.evilsunflower.animalpuzzle-9QjvR9pUAC_Y4B2EtRs9vA==/base.apk
10-22 22:28:19.415  1087 14720 E installd: Couldn't opendir /data/app/vmdl92351914.tmp: No such file or directory
10-22 22:28:19.415  1087 14720 E installd: Failed to delete /data/app/vmdl92351914.tmp: No such file or directory
10-22 22:28:19.420  1476  1847 E VerityUtils: Failed to measure fs-verity, errno 1: /data/app/~~Ca8XLDc37qr3Ca3e1EgaXw==/com.yoojar.zlsg.baidu-6uZ_8aKOeHO04U6cBJ7atA==/base.apk
10-22 22:28:19.420  1476  1852 D CompatibilityChangeReporter: Compat change id reported: 168419799; UID 10307; state: DISABLED
10-22 22:28:19.420  1476  1852 D CompatibilityChangeReporter: Compat change id reported: 273564678; UID 10307; state: DISABLED
10-22 22:28:19.423  4397  4397 I MediaProvider: Invalidating LocalCallingIdentity cache for package com.Management.app.flash. Reason: package android.intent.action.PACKAGE_ADDED
10-22 22:28:19.424 18795 18795 I GsaVoiceInteractionSrv: (REDACTED) O received %s
10-22 22:28:19.424 15822 15822 I Finsky  : [2] wdf.g(1): wdf - Received: android.intent.action.PACKAGE_ADDED, [mGO3_y_AFPIYUhkAQinXSO5mf8W8vWObDcVH6SfAqS4]
10-22 22:28:19.425  1476  2922 D CompatibilityChangeReporter: Compat change id reported: 218533173; UID 10307; state: DISABLED
10-22 22:28:19.426  3387  3387 V MediaPlayerList: mPackageChangedBroadcastReceiver: action: android.intent.action.PACKAGE_ADDED
10-22 22:28:19.426  3387  3387 D MediaPlayerList: Name of package changed: com.Management.app.flash
10-22 22:28:19.426  1476  1476 I Telecom : DefaultDialerCache: Refreshing default dialer for user 0: now com.google.android.dialer: DDC.oR@CRY
10-22 22:28:19.427 15822 23467 I Finsky  : [823] oxn.run(202): Wrote row to frosting DB: 895
10-22 22:28:19.427  3164 23674 I PermissionControllerServiceImpl: Updating user sensitive for uid 10307
10-22 22:28:19.429  1476  2038 I InputReader: Reconfiguring input devices, changes=KEYBOARD_LAYOUTS | 
10-22 22:28:19.429  3141  3141 D ControlsListingControllerImpl: ServiceConfig reloaded, count: 0
10-22 22:28:19.434 15822 15822 I Finsky  : [2] aazt.f(9): Clearing split related stale data.
10-22 22:28:19.434 15822 23471 I Finsky  : [824] klh.a(433): Asset module storage cleared for package com.Management.app.flash.
10-22 22:28:19.435 23436 23436 I abb     : StartCommandInProcess(73657474696e67730067657400656e61 settings.get.ena [truncated])
10-22 22:28:19.436 15822 15822 I Finsky  : [2] jwe.f(9): AIM: AppInfoCacheUpdater -> invalidating apps: [com.Management.app.flash]
10-22 22:28:19.436  1476  1476 V BackupManagerConstants: getFullBackupIntervalMilliseconds(...) returns 86400000
10-22 22:28:19.436  1476  1476 V BackupManagerConstants: getFullBackupRequiredNetworkType(...) returns 2
10-22 22:28:19.437  1476  1476 V BackupManagerConstants: getFullBackupRequireCharging(...) returns true
10-22 22:28:19.437 15822 15822 I Finsky  : [2] jww.g(21): AIM: AppInfoManager-Perf > getApps > called for 1 apps
10-22 22:28:19.438 15822 15953 I Finsky  : [599] jyb.a(53): AIM: AppInfoManager-Perf > OnDeviceAppInfo > cacheHitCount=0, cacheMissCount=1. Missed  in cache (limit 10) : [com.Management.app.flash]
10-22 22:28:19.438 23436 23436 I abb     : StartCommandInProcess(7061636b61676500696e7374616c6c00 package.install. [truncated])
10-22 22:28:19.439 15822 15953 I Finsky  : [599] jvs.apply(885): AIM: Got app ownership map. App counts: . Unique apps: 0
10-22 22:28:19.439 15822 15953 I Finsky  : [599] jyb.a(53): AIM: AppInfoManager-Perf > OnDeviceAppInfo > cacheHitCount=0, cacheMissCount=1. Missed  in cache (limit 10) : [com.Management.app.flash]
10-22 22:28:19.439  1476  1847 E VerityUtils: Failed to measure fs-verity, errno 1: /data/app/~~3vn6vebBLU3j8L2jGA11sw==/io.dcloud.H5BC6BF13-tIWa-bZ7GvuiCmSTW54OXw==/base.apk
10-22 22:28:19.440 15822 23467 I Finsky  : [823] oxn.run(202): Wrote row to frosting DB: 896
10-22 22:28:19.441  1476  2992 W BroadcastQueue: u0 Receiving a broadcast in packagecom.jr.narutoii requires a permissions review
10-22 22:28:19.441  1476  2992 W BroadcastQueue: Skipping delivery: permission review required for Intent { act=android.intent.action.PACKAGE_ADDED dat=package: flg=0x4000010 (has extras) } from null (pid=1476, uid=1000) to com.jr.narutoii/com.joyriver.engine.proxy.EngineReceiver
10-22 22:28:19.441 15822 15955 I Finsky  : [600] jvs.apply(885): AIM: Got app ownership map. App counts: . Unique apps: 0
10-22 22:28:19.442  1476  1703 W BroadcastQueue: u0 Receiving a broadcast in packagecom.android.buyer requires a permissions review
10-22 22:28:19.442  1476  1703 W BroadcastQueue: Skipping delivery: permission review required for Intent { act=android.intent.action.PACKAGE_ADDED dat=package: flg=0x4000010 (has extras) } from null (pid=1476, uid=1000) to com.android.buyer/.mRve
10-22 22:28:19.445 14359 14450 I AiAiTextClassifier: [VisualCortexAdapter]: provideRegistration: Registered Prominent Screen Entities for updates.
10-22 22:28:19.447  1476  1703 W BroadcastQueue: u0 Receiving a broadcast in packagecom.ym.refpackage.Hjzj.baidu requires a permissions review
10-22 22:28:19.447  1476  1703 W BroadcastQueue: Skipping delivery: permission review required for Intent { act=android.intent.action.PACKAGE_ADDED dat=package: flg=0x4000010 (has extras) } from null (pid=1476, uid=1000) to com.ym.refpackage.Hjzj.baidu/com.z.enter.rc
10-22 22:28:19.451 15822 15822 I Finsky  : [2] ahoy.c(44): Do not start WearSupportService due to Wear service optimization
10-22 22:28:19.452 15822 15822 I Finsky  : [2] rcv.ajS(13): DTU: Received onPackageAdded, replacing: false
10-22 22:28:19.456 14359 14450 I AiAiTextClassifier: [VisualCortexAdapter]: provideRegistration: Registered Prominent Screen Entities for updates.
10-22 22:28:19.458 14359 14450 I AiAiTextClassifier: [VisualCortexAdapter]: provideRegistration: Registered Prominent Screen Entities for updates.
10-22 22:28:19.459 15822 23529 I Finsky  : [828] ktm.aeP(143): [ContentSync] finished, scheduled=false
10-22 22:28:19.465  3387  3387 V MediaPlayerList: mPackageChangedBroadcastReceiver: action: android.intent.action.PACKAGE_CHANGED
10-22 22:28:19.465  3387  3387 D MediaPlayerList: Name of package changed: com.Management.app.flash
10-22 22:28:19.466  1476  2038 I InputReader: Reconfiguring input devices, changes=KEYBOARD_LAYOUTS | 
10-22 22:28:19.466  1476  1703 W BroadcastQueue: u0 Receiving a broadcast in packagecom.zhiqupk.root.global requires a permissions review
10-22 22:28:19.466  1476  1703 W BroadcastQueue: Skipping delivery: permission review required for Intent { act=android.intent.action.PACKAGE_ADDED dat=package: flg=0x4000010 (has extras) } from null (pid=1476, uid=1000) to com.zhiqupk.root.global/com.zhiqupk.root.InstallAppReceiver
10-22 22:28:19.467  3164 23674 I PermissionControllerServiceImpl: Updating user sensitive for uid 10307
10-22 22:28:19.467  3141  3141 D ControlsListingControllerImpl: ServiceConfig reloaded, count: 0
10-22 22:28:19.470 15581 23476 I ProximityAuth: [RecentAppsMediator] Package added: (user=UserHandle{0}) com.Management.app.flash
10-22 22:28:19.471 15581 25529 W GCM     : Unexpected forwarded intent: Intent { act=android.intent.action.PACKAGE_ADDED dat=package: flg=0x4000010 pkg=com.google.android.gms cmp=com.google.android.gms/.chimera.PersistentIntentOperationService (has extras) }
10-22 22:28:19.474  1476  1703 W BroadcastQueue: u0 Receiving a broadcast in packagecom.zhiqupk.root.global requires a permissions review
10-22 22:28:19.474  1476  1703 W BroadcastQueue: Skipping delivery: permission review required for Intent { act=android.intent.action.PACKAGE_ADDED dat=package: flg=0x4000010 (has extras) } from null (pid=1476, uid=1000) to com.zhiqupk.root.global/com.zhiqupk.root.receiver.AppListenerReceiver
10-22 22:28:19.474  1476  1703 W BroadcastQueue: u0 Receiving a broadcast in packagecom.zhiqupk.root.global requires a permissions review
10-22 22:28:19.474  1476  1703 W BroadcastQueue: Skipping delivery: permission review required for Intent { act=android.intent.action.PACKAGE_ADDED dat=package: flg=0x4000010 (has extras) } from null (pid=1476, uid=1000) to com.zhiqupk.root.global/com.surplusclear.SurplusAppListenerReceiver
10-22 22:28:19.474  1476  1703 W BroadcastQueue: u0 Receiving a broadcast in packagecom.zhiqupk.root.global requires a permissions review
10-22 22:28:19.474  1476  1703 W BroadcastQueue: Skipping delivery: permission review required for Intent { act=android.intent.action.PACKAGE_ADDED dat=package: flg=0x4000010 (has extras) } from null (pid=1476, uid=1000) to com.zhiqupk.root.global/com.umeng.update.UmengInstallReceiver
10-22 22:28:19.474  1476  1703 W BroadcastQueue: Background execution not allowed: receiving Intent { act=android.intent.action.PACKAGE_ADDED dat=package: flg=0x4000010 (has extras) } to com.google.android.packageinstaller/com.android.packageinstaller.PackageInstalledReceiver
10-22 22:28:19.474  1476  1703 W BroadcastQueue: Background execution not allowed: receiving Intent { act=android.intent.action.PACKAGE_ADDED dat=package: flg=0x4000010 (has extras) } to com.android.vending/com.google.android.finsky.packagemonitor.impl.PackageMonitorReceiverImpl$RegisteredReceiver
10-22 22:28:19.474  1476  1703 W BroadcastQueue: Background execution not allowed: receiving Intent { act=android.intent.action.PACKAGE_ADDED dat=package: flg=0x4000010 (has extras) } to com.android.vending/com.google.android.finsky.packagemonitor.backgroundimpl.BackgroundPackageMonitorReceiverImpl$RegisteredReceiver
10-22 22:28:19.474  1476  1703 W BroadcastQueue: Background execution not allowed: receiving Intent { act=android.intent.action.PACKAGE_ADDED dat=package: flg=0x4000010 (has extras) } to com.google.android.gms/.games.chimera.GamesSystemBroadcastReceiverProxy
10-22 22:28:19.474  1476  1703 W BroadcastQueue: Background execution not allowed: receiving Intent { act=android.intent.action.PACKAGE_ADDED dat=package: flg=0x4000010 (has extras) } to com.google.android.gms/.gass.chimera.PackageChangeBroadcastReceiver
10-22 22:28:19.474  1476  1703 W BroadcastQueue: Background execution not allowed: receiving Intent { act=android.intent.action.PACKAGE_ADDED dat=package: flg=0x4000010 (has extras) } to com.google.android.gms/.chimera.GmsIntentOperationService$PersistentTrustedReceiver
10-22 22:28:19.474  1476  1703 W BroadcastQueue: u0 Receiving a broadcast in packagecom.cncd.japan.janli.shudu requires a permissions review
10-22 22:28:19.474  1476  1703 W BroadcastQueue: Skipping delivery: permission review required for Intent { act=android.intent.action.PACKAGE_ADDED dat=package: flg=0x4000010 (has extras) } from null (pid=1476, uid=1000) to com.cncd.japan.janli.shudu/net.l.k.r
10-22 22:28:19.474  1476  1703 W BroadcastQueue: u0 Receiving a broadcast in packagecom.cncd.japan.janli.shudu requires a permissions review
10-22 22:28:19.475  1476  1703 W BroadcastQueue: Skipping delivery: permission review required for Intent { act=android.intent.action.PACKAGE_ADDED dat=package: flg=0x4000010 (has extras) } from null (pid=1476, uid=1000) to com.cncd.japan.janli.shudu/com.feiwofour.coverscreen.SR
10-22 22:28:19.475  1476  1703 W BroadcastQueue: u0 Receiving a broadcast in packagecom.games.mengmeizhitd requires a permissions review
10-22 22:28:19.475  1476  1703 W BroadcastQueue: Skipping delivery: permission review required for Intent { act=android.intent.action.PACKAGE_ADDED dat=package: flg=0x4000010 (has extras) } from null (pid=1476, uid=1000) to com.games.mengmeizhitd/hjnw.ihjnw.i.isqly
10-22 22:28:19.475  1476  1703 W BroadcastQueue: u0 Receiving a broadcast in packagecom.hgperfko.yaeghrwx requires a permissions review
10-22 22:28:19.475  1476  1703 W BroadcastQueue: Skipping delivery: permission review required for Intent { act=android.intent.action.PACKAGE_ADDED dat=package: flg=0x4000010 (has extras) } from null (pid=1476, uid=1000) to com.hgperfko.yaeghrwx/.core.hLytdCQDBv
10-22 22:28:19.475  1476  1703 W BroadcastQueue: Background execution not allowed: receiving Intent { act=android.intent.action.PACKAGE_ADDED dat=package: flg=0x4000010 (has extras) } to com.lookout/.plugin.security.internal.broadcast.InstallRelayReceiver
10-22 22:28:19.475  1476  1703 W BroadcastQueue: u0 Receiving a broadcast in packagecom.microgame.skater requires a permissions review
10-22 22:28:19.475  1476  1703 W BroadcastQueue: Skipping delivery: permission review required for Intent { act=android.intent.action.PACKAGE_ADDED dat=package: flg=0x4000010 (has extras) } from null (pid=1476, uid=1000) to com.microgame.skater/com.jmedia.listenner.PackageReceiver
10-22 22:28:19.481 15581 25529 W GCM     : Unexpected forwarded intent: Intent { act=android.intent.action.PACKAGE_ADDED dat=package: flg=0x4000010 pkg=com.google.android.gms cmp=com.google.android.gms/.chimera.PersistentIntentOperationService (has extras) }
10-22 22:28:19.485 16874 24329 I Auth    : [SupervisedAccountIntentOperation] onHandleIntent(): android.intent.action.PACKAGE_ADDED
10-22 22:28:19.486 16874 24329 I Blockstore: (REDACTED) [DataStoreImpl] Clearing Blockstore Data for package %s
10-22 22:28:19.487 16874 24329 I Blockstore: [DataStoreImpl] Keyless data not found or its IsLastInstallationData = false. [CONTEXT service_id=258 ]
10-22 22:28:19.487 16874 24329 I Dck     : (REDACTED) doesDeviceHaveSupportedWirelessCapabilities: wccSysProp:%d, wccMendel:%d, deviceWccOverride:%s
10-22 22:28:19.487 16874 24329 I Dck     : (REDACTED) isDckModuleEligible: isAtLeastR:%s, hasWccSupport:%s, downloadAllowed:%s
10-22 22:28:19.487 16874 24329 W Dck     : Dck module not eligible for asynchronous downloading [CONTEXT service_id=289 ]
10-22 22:28:19.488  3507  3507 D CarrierSvcBindHelper: onPackageAdded: com.Management.app.flash
10-22 22:28:19.489  1476  5814 D CompatibilityChangeReporter: Compat change id reported: 161252188; UID 10307; state: DISABLED
10-22 22:28:19.489  3507  3507 D CarrierSvcBindHelper: No carrier app for: 0
10-22 22:28:19.489  3507  3507 D CarrierSvcBindHelper: No carrier app for: 1
10-22 22:28:19.494  1476  1476 I Telecom : DefaultDialerCache: Refreshing default dialer for user 0: now com.google.android.dialer: DDC.oR@CRc
10-22 22:28:19.495  3507  3507 E VvmPkgInstalledRcvr: cannot create TelephonyManager from ComponentInfo{com.android.phone/com.android.services.telephony.TelephonyConnectionService}, E, UserHandle{0}
10-22 22:28:19.502 15581 24554 I Fitness : (REDACTED) OnPackageChangedOperation got intent: %s
10-22 22:28:19.505 16874 16874 D BoundBrokerSvc: onBind: Intent { act=com.google.android.gms.common.BIND_SHARED_PREFS pkg=com.google.android.gms }
10-22 22:28:19.505 16874 16874 D BoundBrokerSvc: Loading bound service for intent: Intent { act=com.google.android.gms.common.BIND_SHARED_PREFS pkg=com.google.android.gms }
10-22 22:28:19.511  1476  2027 I RoleService: Granting default roles...
10-22 22:28:19.515 15581 22039 W ChimeraUtils: Module com.google.android.gms.nearby_en missing resource null(0)
10-22 22:28:19.519 15581 24091 I Fitness : (REDACTED) FitCleanupIntentOperation received Intent %s
10-22 22:28:19.520 15581 22039 W ChimeraUtils: Module com.google.android.gms.nearby_en missing resource null(0)
10-22 22:28:19.520 15822 15955 I Finsky  : [600] jxx.a(202): AIM: AppInfoManager-Perf > ItemModel > CacheSize=34, cacheHitCount=0, cacheMissCount=0, total appsWithNoServerDataCount=2. Missed  in cache (limit 10) : []
10-22 22:28:19.521 15822 15955 I Finsky  : [600] jxx.a(202): AIM: AppInfoManager-Perf > ItemModel > CacheSize=34, cacheHitCount=0, cacheMissCount=0, total appsWithNoServerDataCount=2. Missed  in cache (limit 10) : []
10-22 22:28:19.522 15822 15822 I Finsky  : [2] jww.i(13): AIM: AppInfoManager-Perf > getLocalApps > called: CACHE_ONLY
10-22 22:28:19.523 15822 15956 I Finsky  : [601] jda.accept(156): AIM: AppInfoManager-Perf > getApps > data collection finished
10-22 22:28:19.523 15822 15956 I Finsky  : [601] jlv.run(615): AIM: AppInfoManager-Perf > maybeDestroyAppInfoManager is called. actives = 2
10-22 22:28:19.525 15822 15822 I Finsky  : [2] jww.i(199): AIM: getLocalApps returned 344 cached apps
10-22 22:28:19.533 25573 25573 D BinaryAssets: Extracting 'stagefright/stagefrightCheck-pie' from assets to '/data/user/0/com.nowsecure.android.vts/files/stagefrightCheck-pie' ...
10-22 22:28:19.534  1476  1847 E VerityUtils: Failed to measure fs-verity, errno 1: /data/app/~~3vn6vebBLU3j8L2jGA11sw==/io.dcloud.H5BC6BF13-tIWa-bZ7GvuiCmSTW54OXw==/base.apk
10-22 22:28:19.535 16874 16874 D BoundBrokerSvc: onUnbind: Intent { act=com.google.android.gms.common.BIND_SHARED_PREFS pkg=com.google.android.gms }
10-22 22:28:19.539  1476  4158 W BackupTransportManager: Package com.Management.app.flash enabled setting: 0
10-22 22:28:19.548  3164 23463 W Role    : Cannot get ApplicationInfo for default holder: com.android.settings.intelligence
10-22 22:28:19.552  1476  1847 E VerityUtils: Failed to measure fs-verity, errno 1: /system_ext/priv-app/StorageManagerGoogle/StorageManagerGoogle.apk
10-22 22:28:19.557 16874 20385 I Icing   : Indexing com.google.android.gms-apps from com.google.android.gms
10-22 22:28:19.558  3164 23463 W Role    : Default holder doesn't have required signing certificate: com.google.android.apps.work.clouddpc:23962F4B43B9857638EA66F4D419518EAE282491ACDA4B94707BD59003C45E58
10-22 22:28:19.561 25573 25573 D StageFright: Is directory: true
10-22 22:28:19.562 25573 25573 D VULN_TEST_BROAD_UPDATE: Without new tests detected.
10-22 22:28:19.563  1476  5814 W BroadcastQueue: u0 Receiving a broadcast in packagecom.qiuqiu.dfmc requires a permissions review
10-22 22:28:19.563  1476  5814 W BroadcastQueue: Skipping delivery: permission review required for Intent { act=android.intent.action.PACKAGE_ADDED dat=package: flg=0x4000010 (has extras) } from null (pid=1476, uid=1000) to com.qiuqiu.dfmc/cn.jpush.android.service.PushReceiver
10-22 22:28:19.563  1476  1703 W BroadcastQueue: u0 Receiving a broadcast in packagecom.safesys.viruskiller requires a permissions review
