10-22 22:28:19.563  1476  1703 W BroadcastQueue: Skipping delivery: permission review required for Intent { act=android.intent.action.PACKAGE_ADDED dat=package: flg=0x4000010 (has extras) } from null (pid=1476, uid=1000) to com.safesys.viruskiller/.ScanPackageBroadcast
10-22 22:28:19.563  1476  1703 W BroadcastQueue: u0 Receiving a broadcast in packagecom.uc108.mobile.sdgj.bd1 requires a permissions review
10-22 22:28:19.564  1476  1703 W BroadcastQueue: Skipping delivery: permission review required for Intent { act=android.intent.action.PACKAGE_ADDED dat=package: flg=0x4000010 (has extras) } from null (pid=1476, uid=1000) to com.uc108.mobile.sdgj.bd1/com.baidu.tiebasdk.service.InstallReceiver
10-22 22:28:19.564  1476  1703 W BroadcastQueue: u0 Receiving a broadcast in packagecom.voicebianshengjinglingwc.wxl requires a permissions review
10-22 22:28:19.564  1476  1703 W BroadcastQueue: Skipping delivery: permission review required for Intent { act=android.intent.action.PACKAGE_ADDED dat=package: flg=0x4000010 (has extras) } from null (pid=1476, uid=1000) to com.voicebianshengjinglingwc.wxl/mp.ruu.Ztjjwrj
10-22 22:28:19.564  1476  1703 W BroadcastQueue: u0 Receiving a broadcast in packagecom.ym.refpackage.Hjzj.baidu requires a permissions review
10-22 22:28:19.564  1476  1703 W BroadcastQueue: Skipping delivery: permission review required for Intent { act=android.intent.action.PACKAGE_ADDED dat=package: flg=0x4000010 (has extras) } from null (pid=1476, uid=1000) to com.ym.refpackage.Hjzj.baidu/com.ym.refpackage.sjrr.baidu.Receiverbaidu
10-22 22:28:19.564  1476  1703 W BroadcastQueue: u0 Receiving a broadcast in packagecom.ym.refpackage.Hjzj.baidu requires a permissions review
10-22 22:28:19.564  1476  1703 W BroadcastQueue: Skipping delivery: permission review required for Intent { act=android.intent.action.PACKAGE_ADDED dat=package: flg=0x4000010 (has extras) } from null (pid=1476, uid=1000) to com.ym.refpackage.Hjzj.baidu/coco.husky.shell.Receiver
10-22 22:28:19.564  1476  1703 W BroadcastQueue: u0 Receiving a broadcast in packagecom.yoojar.zlsg.baidu requires a permissions review
10-22 22:28:19.564  1476  1703 W BroadcastQueue: Skipping delivery: permission review required for Intent { act=android.intent.action.PACKAGE_ADDED dat=package: flg=0x4000010 (has extras) } from null (pid=1476, uid=1000) to com.yoojar.zlsg.baidu/com.duoku.platform.download.broadcast.AppMonitorReceiver
10-22 22:28:19.564  1476  1703 W BroadcastQueue: u0 Receiving a broadcast in packageio.dcloud.H5BC6BF13 requires a permissions review
10-22 22:28:19.564  1476  1703 W BroadcastQueue: Skipping delivery: permission review required for Intent { act=android.intent.action.PACKAGE_ADDED dat=package: flg=0x4000010 (has extras) } from null (pid=1476, uid=1000) to io.dcloud.H5BC6BF13/io.dcloud.common.adapter.io.DownloadReceiver
10-22 22:28:19.568 15581 23221 W ChimeraUtils: Module com.google.android.gms.nearby_en missing resource null(0)
10-22 22:28:19.570 15822 15822 I Finsky  : [2] wdf.g(1): wdf - Received: android.intent.action.PACKAGE_CHANGED, [mGO3_y_AFPIYUhkAQinXSO5mf8W8vWObDcVH6SfAqS4]
10-22 22:28:19.571  1476  1702 W WindowMagnificationMgr: requestConnection duplicated request: connect=false, mConnectionState=DISCONNECTED
10-22 22:28:19.573 15822 23467 I Finsky  : [823] oxn.run(202): Wrote row to frosting DB: 897
10-22 22:28:19.578 15822 23467 I Finsky  : [823] oxn.run(202): Wrote row to frosting DB: 898
10-22 22:28:19.579 15581 23221 W ChimeraUtils: Module com.google.android.gms.nearby_en missing resource null(0)
10-22 22:28:19.580 15822 15822 I Finsky  : [2] jwe.f(9): AIM: AppInfoCacheUpdater -> invalidating apps: [com.Management.app.flash]
10-22 22:28:19.581 15822 15822 I Finsky  : [2] jww.g(21): AIM: AppInfoManager-Perf > getApps > called for 1 apps
10-22 22:28:19.581 15822 15953 I Finsky  : [599] jyb.a(53): AIM: AppInfoManager-Perf > OnDeviceAppInfo > cacheHitCount=1, cacheMissCount=0. Missed  in cache (limit 10) : []
10-22 22:28:19.581 15822 15953 I Finsky  : [599] jyb.a(53): AIM: AppInfoManager-Perf > OnDeviceAppInfo > cacheHitCount=0, cacheMissCount=1. Missed  in cache (limit 10) : [com.Management.app.flash]
10-22 22:28:19.582 15822 15953 I Finsky  : [599] jvs.apply(885): AIM: Got app ownership map. App counts: . Unique apps: 0
10-22 22:28:19.582 15822 15953 I Finsky  : [599] jvs.apply(885): AIM: Got app ownership map. App counts: . Unique apps: 0
10-22 22:28:19.588 15822 15955 I Finsky  : [600] jxx.a(202): AIM: AppInfoManager-Perf > ItemModel > CacheSize=34, cacheHitCount=0, cacheMissCount=0, total appsWithNoServerDataCount=2. Missed  in cache (limit 10) : []
10-22 22:28:19.592 16874 20385 I Icing   : Indexing done com.google.android.gms-apps
10-22 22:28:19.603  3164 23463 W Role    : Cannot get ApplicationInfo for default holder: com.google.android.apps.photos
10-22 22:28:19.605  3164 23463 W Role    : Cannot get ApplicationInfo for default holder: com.google.android.odad
10-22 22:28:19.607  3507  3507 D CarrierSvcBindHelper: onPackageModified: com.Management.app.flash
10-22 22:28:19.608  3507  3507 D CarrierSvcBindHelper: No carrier app for: 0
10-22 22:28:19.610  3507  3507 D CarrierSvcBindHelper: No carrier app for: 1
10-22 22:28:19.610  3507  3507 D ImsResolver: maybeAddedImsService, packageName: com.Management.app.flash
10-22 22:28:19.611  1476  5813 W BroadcastQueue: u0 Receiving a broadcast in packagecom.yoojar.zlsg.baidu requires a permissions review
10-22 22:28:19.611  1476  5813 W BroadcastQueue: Skipping delivery: permission review required for Intent { act=android.intent.action.PACKAGE_CHANGED dat=package: flg=0x5000010 (has extras) } from null (pid=1476, uid=1000) to com.yoojar.zlsg.baidu/com.duoku.platform.download.broadcast.AppMonitorReceiver
10-22 22:28:19.614 15581 23476 I Fitness : (REDACTED) OnPackageChangedOperation got intent: %s
10-22 22:28:19.615 15822 15953 I Finsky  : [599] jxx.a(202): AIM: AppInfoManager-Perf > ItemModel > CacheSize=34, cacheHitCount=0, cacheMissCount=0, total appsWithNoServerDataCount=2. Missed  in cache (limit 10) : []
10-22 22:28:19.616 15822 15953 I Finsky  : [599] jda.accept(156): AIM: AppInfoManager-Perf > getApps > data collection finished
10-22 22:28:19.616 15822 15953 I Finsky  : [599] jlv.run(615): AIM: AppInfoManager-Perf > maybeDestroyAppInfoManager is called. actives = 2
10-22 22:28:19.620  3507  3507 D ImsResolver: maybeAddedImsService, packageName: com.Management.app.flash
10-22 22:28:19.624 15581 23476 I Fitness : (REDACTED) FitCleanupIntentOperation received Intent %s
10-22 22:28:19.625  1476  1847 E VerityUtils: Failed to measure fs-verity, errno 1: /data/app/~~QNshYw_zWi2Ftpwi3J2X8g==/com.Management.app.flash-wEZaxPECkmUs7GtIX0gExA==/base.apk
10-22 22:28:19.636  1476  1702 W PackageManager: Failed registering loading progress callback. Package is fully loaded.
10-22 22:28:19.638 14359 14359 I AiAiEcho: AppFetcherImplV2 updateApps package:[com.Management.app.flash], userId:[0], reason:[package is added.].
10-22 22:28:19.649  1476  1847 E VerityUtils: Failed to measure fs-verity, errno 1: /data/app/~~bjGSVXymO4gamia0a5bMiQ==/com.keji.danti1052-fYEpWycQlfXfBPKdSt9Dlw==/base.apk
10-22 22:28:19.653  1476  1702 W WindowMagnificationMgr: requestConnection duplicated request: connect=false, mConnectionState=DISCONNECTED
10-22 22:28:19.669  1476  1847 E VerityUtils: Failed to measure fs-verity, errno 1: /data/app/~~bjGSVXymO4gamia0a5bMiQ==/com.keji.danti1052-fYEpWycQlfXfBPKdSt9Dlw==/base.apk
10-22 22:28:19.692 15581 22039 W ChimeraUtils: Module com.google.android.gms.nearby_en missing resource null(0)
10-22 22:28:19.680  1476  1476 W PackageManagerB: type=1400 audit(0.0:13573): avc: denied { ioctl } for path="/system/priv-app/ONS/ONS.apk" dev="sde48" ino=3821 ioctlcmd=0x6686 scontext=u:r:system_server:s0 tcontext=u:object_r:system_file:s0 tclass=file permissive=0
10-22 22:28:19.694  1476  1847 E VerityUtils: Failed to measure fs-verity, errno 1: /system/priv-app/ONS/ONS.apk
10-22 22:28:19.694 14359 14359 I AiAiEcho: AppFetcherImpl onPackageChanged com.Management.app.flash.
10-22 22:28:19.696 14359 23570 I AiAiEcho: AppIndexer Package:[com.Management.app.flash] UserProfile:[0] Enabled:[true].
10-22 22:28:19.696 14359 23570 I AiAiEcho: AppFetcherImplV2 updateApps package:[com.Management.app.flash], userId:[0], reason:[package is updated.].
10-22 22:28:19.702  1476  1847 E VerityUtils: Failed to measure fs-verity, errno 1: /data/app/~~MBSHQcycfHhZieC3gTQRSQ==/com.uc108.mobile.sdgj.bd1-sGfppYUIOKAdNeVZ8KwAnQ==/base.apk
10-22 22:28:19.708 15581 22039 W ChimeraUtils: Module com.google.android.gms.nearby_en missing resource null(0)
10-22 22:28:19.715 14359 14417 I AiAiEcho: EchoSearch: WidgetFetcherImpl is initialized with [24] widgets [reason=package added for userId: 0]
10-22 22:28:19.717 16874 20385 I Icing   : Indexing com.google.android.gms-apps from com.google.android.gms
10-22 22:28:19.718 16874 20385 I Icing   : Indexing done com.google.android.gms-apps
10-22 22:28:19.719  1476  1852 E PackageManager: ERROR: could not load root hash from incremental install
10-22 22:28:19.724 15822 15822 I Finsky  : [2] ahaz.c(66): VerifyApps: Install-time verification requested for package can.skill.dentist, id = 143
10-22 22:28:19.727  1476  2047 W PackageParsing: Ignoring duplicate uses-permissions/uses-permissions-sdk-m: android.permission.INTERNET in package: can.skill.dentist at: Binary XML file line #15
10-22 22:28:19.728 15822 23444 I Finsky  : [818] VerifyAppsInstallTask.akL(58): VerifyApps: Anti-malware verification task started for package=can.skill.dentist
10-22 22:28:19.733 15822 23444 I Finsky  : [818] VerifyAppsInstallTask.akL(270): VerifyApps: Skipping verification. Disabled by user setting
10-22 22:28:19.734 15822 23444 I Finsky  : [818] VerifyAppsInstallTask.akL(726): VerifyApps: Skipping anti malware verification (preconditions not met). package=can.skill.dentist
10-22 22:28:19.734 15822 23444 E Finsky  : [818] VerifyPerSourceInstallationConsentInstallTask.d(20): Package name null is not an installed package
10-22 22:28:19.736 15822 23444 I Finsky  : [818] VerifyPerSourceInstallationConsentInstallTask.akL(231): PSIC verification started with installer uid: 2000 package name: null, originating uid: -1
10-22 22:28:19.739 15822 23444 I Finsky  : [818] VerifyInstallTask.i(29): VerifyApps: Returning package verification result id=143, result=ALLOW
10-22 22:28:19.742 15822 15822 I Finsky  : [2] VerifyInstallTask.akK(53): VerifyApps: Verification complete: id=143, package_name=can.skill.dentist
10-22 22:28:19.758 16874 20385 I Icing   : Indexing com.google.android.gms-apps from com.google.android.gms
10-22 22:28:19.759  1476  1852 I PackageManager: Integrity check passed for file:///data/app/vmdl597155203.tmp
10-22 22:28:19.768  1476  1852 W PackageParsing: Ignoring duplicate uses-permissions/uses-permissions-sdk-m: android.permission.INTERNET in package: can.skill.dentist at: Binary XML file line #15
10-22 22:28:19.786 16874 20385 I Icing   : Indexing done com.google.android.gms-apps
10-22 22:28:19.789  1476  1847 E VerityUtils: Failed to measure fs-verity, errno 1: /data/app/~~MBSHQcycfHhZieC3gTQRSQ==/com.uc108.mobile.sdgj.bd1-sGfppYUIOKAdNeVZ8KwAnQ==/base.apk
10-22 22:28:19.815  1476  1847 E VerityUtils: Failed to measure fs-verity, errno 1: /system/product/overlay/IconPackFilledLauncher/IconPackFilledLauncherOverlay.apk
10-22 22:28:19.800  1476  1476 W PackageManagerB: type=1400 audit(0.0:13574): avc: denied { ioctl } for path="/system/product/overlay/IconPackFilledLauncher/IconPackFilledLauncherOverlay.apk" dev="sde48" ino=4177 ioctlcmd=0x6686 scontext=u:r:system_server:s0 tcontext=u:object_r:system_file:s0 tclass=file permissive=0
10-22 22:28:19.872  1476  1598 I system_server: Background concurrent copying GC freed 556435(26MB) AllocSpace objects, 196(16MB) LOS objects, 72% free, 35MB/131MB, paused 627us,95us total 457.454ms
10-22 22:28:19.880  1476  1852 W ziparchive: Unable to open '/data/app/~~1sX6wkWKb4c7OWuT78ADfg==/can.skill.dentist-XXk8_nyjrIURSu1dCtwc9A==/base.dm': No such file or directory
10-22 22:28:19.881  1476  1852 I PackageDexOptimizer: Running dexopt (dexoptNeeded=1) on: /data/app/~~1sX6wkWKb4c7OWuT78ADfg==/can.skill.dentist-XXk8_nyjrIURSu1dCtwc9A==/base.apk pkg=can.skill.dentist isa=arm64 dexoptFlags=boot_complete,profile_guided,public,enable_hidden_api_checks targetFilter=speed-profile oatDir=/data/app/~~1sX6wkWKb4c7OWuT78ADfg==/can.skill.dentist-XXk8_nyjrIURSu1dCtwc9A==/oat classLoaderContext=PCL[]{PCL[/system/framework/android.test.base.jar]}
10-22 22:28:19.884  1087 14720 V installd: DexInv: --- BEGIN '/data/app/~~1sX6wkWKb4c7OWuT78ADfg==/can.skill.dentist-XXk8_nyjrIURSu1dCtwc9A==/base.apk' ---
10-22 22:28:19.884  1087 14720 V installd: Running /apex/com.android.art/bin/dex2oat64 in=base.apk out=/data/app/~~1sX6wkWKb4c7OWuT78ADfg==/can.skill.dentist-XXk8_nyjrIURSu1dCtwc9A==/oat/arm64/base.odex
10-22 22:28:19.889 25741 25741 W libprocessgroup: Failed to open /dev/blkio/background/tasks: No such file or directory
10-22 22:28:19.889 25741 25741 V libprocessgroup: Applying profile action SetCgroup failed
10-22 22:28:19.890  1476  1847 E VerityUtils: Failed to measure fs-verity, errno 1: /data/app/~~IvNJqfcYXkf0qiTZrsl2OQ==/com.cdnb.w003-lRfkxeN-7OtGL7mO-kpoXA==/base.apk
10-22 22:28:19.900  1476  1600 W System  : A resource failed to call close. 
10-22 22:28:19.902 25741 25741 W dex2oat64: Mismatch between dex2oat instruction set features to use (ISA: Arm64 Feature string: -a53,crc,lse,fp16,-dotprod,-sve) and those from CPP defines (ISA: Arm64 Feature string: -a53,crc,-lse,-fp16,-dotprod,-sve) for the command line:
10-22 22:28:19.902 25741 25741 W dex2oat64: /apex/com.android.art/bin/dex2oat64 --zip-fd=8 --zip-location=base.apk --oat-fd=9 --oat-location=/data/app/~~1sX6wkWKb4c7OWuT78ADfg==/can.skill.dentist-XXk8_nyjrIURSu1dCtwc9A==/oat/arm64/base.odex --input-vdex-fd=-1 --output-vdex-fd=10 --swap-fd=11 --classpath-dir=/data/app/~~1sX6wkWKb4c7OWuT78ADfg==/can.skill.dentist-XXk8_nyjrIURSu1dCtwc9A== --class-loader-context=PCL[]{PCL[/system/framework/android.test.base.jar]} --compact-dex-level=none --instruction-set=arm64 --instruction-set-features=default --instruction-set-variant=kryo385 --compiler-filter=speed-profile --compilation-reason=install --max-image-block-size=524288 --resolve-startup-const-strings=true --generate-mini-debug-info --runtime-arg -Xdeny-art-apex-data-files --runtime-arg -Xtarget-sdk-version:28 --runtime-arg -Xhidden-api-policy:enabled --runtime-arg -Xms64m --runtime-arg -Xmx512m
10-22 22:28:19.903 25741 25741 I dex2oat64: /apex/com.android.art/bin/dex2oat64 --input-vdex-fd=-1 --output-vdex-fd=10 --classpath-dir=/data/app/~~1sX6wkWKb4c7OWuT78ADfg==/can.skill.dentist-XXk8_nyjrIURSu1dCtwc9A== --class-loader-context=PCL[]{PCL[/system/framework/android.test.base.jar]} --compact-dex-level=none --compiler-filter=speed-profile --compilation-reason=install --max-image-block-size=524288 --resolve-startup-const-strings=true --generate-mini-debug-info
10-22 22:28:19.921  1476  1847 E VerityUtils: Failed to measure fs-verity, errno 1: /data/app/~~r9NfMNnyOk5px0tN_qSv9A==/com.hgperfko.yaeghrwx-SVEQGYddi2UErayqpMIsWQ==/base.apk
10-22 22:28:19.927  1476  1847 E VerityUtils: Failed to measure fs-verity, errno 1: /data/app/~~r9NfMNnyOk5px0tN_qSv9A==/com.hgperfko.yaeghrwx-SVEQGYddi2UErayqpMIsWQ==/base.apk
10-22 22:28:19.933  1476  1847 E VerityUtils: Failed to measure fs-verity, errno 1: /apex/com.android.wifi/priv-app/ServiceWifiResources@TQ3C.230901.001.B1/ServiceWifiResources.apk
10-22 22:28:19.920  1476  1476 W PackageManagerB: type=1400 audit(0.0:13575): avc: denied { ioctl } for path="/apex/com.android.wifi/priv-app/ServiceWifiResources@TQ3C.230901.001.B1/ServiceWifiResources.apk" dev="sde48" ino=1094 ioctlcmd=0x6686 scontext=u:r:system_server:s0 tcontext=u:object_r:system_file:s0 tclass=file permissive=0
10-22 22:28:19.940  1476  1847 E VerityUtils: Failed to measure fs-verity, errno 1: /data/app/~~Sw-tJ20sJLoojRYkCfe8mQ==/com.livegame.wallpapermingche-Fi8w6oWd25zf7J6bl9o-Nw==/base.apk
10-22 22:28:19.943  1476  1847 E VerityUtils: Failed to measure fs-verity, errno 1: /data/app/~~Sw-tJ20sJLoojRYkCfe8mQ==/com.livegame.wallpapermingche-Fi8w6oWd25zf7J6bl9o-Nw==/base.apk
10-22 22:28:19.947  1476  1847 E VerityUtils: Failed to measure fs-verity, errno 1: /data/app/~~sE05tio5SN3gIsvwEhxJ2g==/com.google.service-KgZn-cDL4Ls7ayS7dnK3ig==/base.apk
10-22 22:28:19.951  1476  1847 E VerityUtils: Failed to measure fs-verity, errno 1: /data/app/~~9A6v07zx4qmxAIglYlQrwA==/com.cncd.japan.janli.shudu-6ddrTuuvo1GK4bICZeQReg==/base.apk
10-22 22:28:19.955  1476  1847 E VerityUtils: Failed to measure fs-verity, errno 1: /data/app/~~9A6v07zx4qmxAIglYlQrwA==/com.cncd.japan.janli.shudu-6ddrTuuvo1GK4bICZeQReg==/base.apk
10-22 22:28:19.960  1476  1847 E VerityUtils: Failed to measure fs-verity, errno 1: /data/app/~~bjGSVXymO4gamia0a5bMiQ==/com.keji.danti1052-fYEpWycQlfXfBPKdSt9Dlw==/base.apk
10-22 22:28:19.963  1476  1847 E VerityUtils: Failed to measure fs-verity, errno 1: /data/app/~~WcUdwQRINnNsiQUYuZGeLg==/com.android.msc-BA75TTePhuSfIuMCoGDYNw==/base.apk
10-22 22:28:19.966  1476  1847 E VerityUtils: Failed to measure fs-verity, errno 1: /data/app/~~WcUdwQRINnNsiQUYuZGeLg==/com.android.msc-BA75TTePhuSfIuMCoGDYNw==/base.apk
10-22 22:28:19.969  1476  1847 E VerityUtils: Failed to measure fs-verity, errno 1: /system/priv-app/IntentResolver/IntentResolver.apk
10-22 22:28:19.960  1476  1476 W PackageManagerB: type=1400 audit(0.0:13576): avc: denied { ioctl } for path="/system/priv-app/IntentResolver/IntentResolver.apk" dev="sde48" ino=3660 ioctlcmd=0x6686 scontext=u:r:system_server:s0 tcontext=u:object_r:system_file:s0 tclass=file permissive=0
10-22 22:28:19.972 25741 25741 W dex2oat64: ART APEX data files are untrusted.
10-22 22:28:19.975  1476  1847 E VerityUtils: Failed to measure fs-verity, errno 1: /data/app/~~cErYTfmQA5xrng5IXNGr0g==/com.jr.narutoii-Oxa59R_EW-UFNeZjFQeBrQ==/base.apk
10-22 22:28:20.005  1476  1847 E VerityUtils: Failed to measure fs-verity, errno 1: /data/app/~~cErYTfmQA5xrng5IXNGr0g==/com.jr.narutoii-Oxa59R_EW-UFNeZjFQeBrQ==/base.apk
10-22 22:28:20.017 18717 24401 I fczd    : (REDACTED) Writing data of size=%d bytes with N=%d keys to Geller corpus %s at ts=%d
10-22 22:28:20.019 18717 18824 I bfes    : refreshDeviceAppInfoForAccount done.
10-22 22:28:20.022  1476  1847 E VerityUtils: Failed to measure fs-verity, errno 1: /system/product/overlay/IconPackSamLauncher/IconPackSamLauncherOverlay.apk
10-22 22:28:20.010  1476  1476 W PackageManagerB: type=1400 audit(0.0:13577): avc: denied { ioctl } for path="/system/product/overlay/IconPackSamLauncher/IconPackSamLauncherOverlay.apk" dev="sde48" ino=4207 ioctlcmd=0x6686 scontext=u:r:system_server:s0 tcontext=u:object_r:system_file:s0 tclass=file permissive=0
10-22 22:28:20.025  1476  1847 E VerityUtils: Failed to measure fs-verity, errno 1: /data/app/~~KyzB9eNeyQXZ1TTJv14trA==/xoin.sctqi.crejg-5mvfC1zlVKGvfQiqWxt13g==/base.apk
10-22 22:28:20.027  1476  1847 E VerityUtils: Failed to measure fs-verity, errno 1: /data/app/~~KyzB9eNeyQXZ1TTJv14trA==/xoin.sctqi.crejg-5mvfC1zlVKGvfQiqWxt13g==/base.apk
10-22 22:28:20.028  1476  1847 E VerityUtils: Failed to measure fs-verity, errno 1: /apex/com.android.adservices/app/SdkSandbox@TQ3C.230901.001.B1/SdkSandbox.apk
10-22 22:28:20.029  1476  1847 E VerityUtils: Failed to measure fs-verity, errno 1: /data/app/~~PJ-MO18ko9TK6J5gkFopNQ==/tbps.xzlgs.vegxn-so_k3IxE0rY4nekxU2nUZg==/base.apk
10-22 22:28:20.030  1476  1847 E VerityUtils: Failed to measure fs-verity, errno 1: /data/app/~~PJ-MO18ko9TK6J5gkFopNQ==/tbps.xzlgs.vegxn-so_k3IxE0rY4nekxU2nUZg==/base.apk
10-22 22:28:20.032  1476  1847 E VerityUtils: Failed to measure fs-verity, errno 1: /data/app/~~F_lYJ5s6Zip-7zrfU55dUQ==/com.example.eroplayer-WXx-xVopzs2nTJZJnW3iyA==/base.apk
10-22 22:28:20.032  1476  3213 I ActivityTaskManager: START u0 {flg=0x10000000 cmp=com.lookout/.appcoreui.ui.view.security.warning.SecurityWarningActivity (has extras)} from uid 10196
10-22 22:28:20.034 18717 18859 W bfes    : missing version info.
10-22 22:28:20.035  1476  1847 E VerityUtils: Failed to measure fs-verity, errno 1: /system/product/overlay/PixelDocumentsUIOverlay.apk
10-22 22:28:20.042  1476  1847 E VerityUtils: Failed to measure fs-verity, errno 1: /system_ext/priv-app/PixelSetupWizard/PixelSetupWizard.apk
10-22 22:28:20.048 25741 25741 W dex2oat64: Verification error in com.appnext.core.g can.fish.NKuYlItIpTlPiWaZlWxWcJcPuQzDaDb.parseAd(java.lang.String)
10-22 22:28:20.048 25741 25741 W dex2oat64: com.appnext.core.g can.fish.NKuYlItIpTlPiWaZlWxWcJcPuQzDaDb.parseAd(java.lang.String): [0x5] 
10-22 22:28:20.048 25741 25741 W dex2oat64: com.appnext.core.g can.fish.NKuYlItIpTlPiWaZlWxWcJcPuQzDaDb.parseAd(java.lang.String): [0x7] 
10-22 22:28:20.048 25741 25741 W dex2oat64: com.appnext.core.g can.fish.NKuYlItIpTlPiWaZlWxWcJcPuQzDaDb.parseAd(java.lang.String): [0xB] 
10-22 22:28:20.048 25741 25741 W dex2oat64: com.appnext.core.g can.fish.NKuYlItIpTlPiWaZlWxWcJcPuQzDaDb.parseAd(java.lang.String): [0xF] 
10-22 22:28:20.048 25741 25741 W dex2oat64: com.appnext.core.g can.fish.NKuYlItIpTlPiWaZlWxWcJcPuQzDaDb.parseAd(java.lang.String) failed to verify: com.appnext.core.g can.fish.NKuYlItIpTlPiWaZlWxWcJcPuQzDaDb.parseAd(java.lang.String): [0xF] 'this' argument 'Reference: can.fish.NKuYlItIpTlPiWaZlWxWcJcPuQzDaDb' not instance of 'Unresolved Reference: com.appnext.core.result.NKuYlItIpTlPiWaZlWxWcJcPuQzDaDb'
10-22 22:28:20.053 25741 25741 W dex2oat64: Verification error in com.appnext.core.g can.fragile.CKrWjOoNeDeXfFqWrUwOgYuCsIgKmTpAq.parseAd(java.lang.String)
10-22 22:28:20.053 25741 25741 W dex2oat64: com.appnext.core.g can.fragile.CKrWjOoNeDeXfFqWrUwOgYuCsIgKmTpAq.parseAd(java.lang.String): [0x5] 
10-22 22:28:20.053 25741 25741 W dex2oat64: com.appnext.core.g can.fragile.CKrWjOoNeDeXfFqWrUwOgYuCsIgKmTpAq.parseAd(java.lang.String): [0x7] 
10-22 22:28:20.053 25741 25741 W dex2oat64: com.appnext.core.g can.fragile.CKrWjOoNeDeXfFqWrUwOgYuCsIgKmTpAq.parseAd(java.lang.String): [0xB] 
10-22 22:28:20.053 25741 25741 W dex2oat64: com.appnext.core.g can.fragile.CKrWjOoNeDeXfFqWrUwOgYuCsIgKmTpAq.parseAd(java.lang.String): [0xF] 
10-22 22:28:20.053 25741 25741 W dex2oat64: com.appnext.core.g can.fragile.CKrWjOoNeDeXfFqWrUwOgYuCsIgKmTpAq.parseAd(java.lang.String) failed to verify: com.appnext.core.g can.fragile.CKrWjOoNeDeXfFqWrUwOgYuCsIgKmTpAq.parseAd(java.lang.String): [0xF] 'this' argument 'Reference: can.fragile.CKrWjOoNeDeXfFqWrUwOgYuCsIgKmTpAq' not instance of 'Unresolved Reference: com.appnext.core.result.CKrWjOoNeDeXfFqWrUwOgYuCsIgKmTpAq'
10-22 22:28:20.054  1476  1847 E VerityUtils: Failed to measure fs-verity, errno 1: /data/app/~~YKPGT-zp6S0zJ9DrJnZTyw==/com.alan.weather-irHwbTZK06akMOX4xdtksQ==/base.apk
10-22 22:28:20.055 25741 25747 W dex2oat64: Verification error in com.appnext.core.g can.fish.MIhJbEeItKrMrAtTjOnQlYmFeXxFsEaWiNbQqBm.parseAd(java.lang.String)
10-22 22:28:20.055 25741 25747 W dex2oat64: com.appnext.core.g can.fish.MIhJbEeItKrMrAtTjOnQlYmFeXxFsEaWiNbQqBm.parseAd(java.lang.String): [0x5] 
10-22 22:28:20.055 25741 25747 W dex2oat64: com.appnext.core.g can.fish.MIhJbEeItKrMrAtTjOnQlYmFeXxFsEaWiNbQqBm.parseAd(java.lang.String): [0x7] 
10-22 22:28:20.055 25741 25747 W dex2oat64: com.appnext.core.g can.fish.MIhJbEeItKrMrAtTjOnQlYmFeXxFsEaWiNbQqBm.parseAd(java.lang.String): [0xB] 
10-22 22:28:20.055 25741 25747 W dex2oat64: com.appnext.core.g can.fish.MIhJbEeItKrMrAtTjOnQlYmFeXxFsEaWiNbQqBm.parseAd(java.lang.String): [0xF] 
10-22 22:28:20.055 25741 25747 W dex2oat64: com.appnext.core.g can.fish.MIhJbEeItKrMrAtTjOnQlYmFeXxFsEaWiNbQqBm.parseAd(java.lang.String) failed to verify: com.appnext.core.g can.fish.MIhJbEeItKrMrAtTjOnQlYmFeXxFsEaWiNbQqBm.parseAd(java.lang.String): [0xF] 'this' argument 'Reference: can.fish.MIhJbEeItKrMrAtTjOnQlYmFeXxFsEaWiNbQqBm' not instance of 'Unresolved Reference: com.appnext.core.result.MIhJbEeItKrMrAtTjOnQlYmFeXxFsEaWiNbQqBm'
10-22 22:28:20.057 25741 25748 W dex2oat64: Verification error in com.appnext.core.g can.fish.LKoZbSxIwPsFrQnQdIdPaGmKxOgCrIaGmFmJo.parseAd(java.lang.String)
10-22 22:28:20.057 25741 25748 W dex2oat64: com.appnext.core.g can.fish.LKoZbSxIwPsFrQnQdIdPaGmKxOgCrIaGmFmJo.parseAd(java.lang.String): [0x5] 
10-22 22:28:20.057 25741 25748 W dex2oat64: com.appnext.core.g can.fish.LKoZbSxIwPsFrQnQdIdPaGmKxOgCrIaGmFmJo.parseAd(java.lang.String): [0x7] 
10-22 22:28:20.057 25741 25748 W dex2oat64: com.appnext.core.g can.fish.LKoZbSxIwPsFrQnQdIdPaGmKxOgCrIaGmFmJo.parseAd(java.lang.String): [0xB] 
10-22 22:28:20.057 25741 25748 W dex2oat64: com.appnext.core.g can.fish.LKoZbSxIwPsFrQnQdIdPaGmKxOgCrIaGmFmJo.parseAd(java.lang.String): [0xF] 
10-22 22:28:20.057 25741 25748 W dex2oat64: com.appnext.core.g can.fish.LKoZbSxIwPsFrQnQdIdPaGmKxOgCrIaGmFmJo.parseAd(java.lang.String) failed to verify: com.appnext.core.g can.fish.LKoZbSxIwPsFrQnQdIdPaGmKxOgCrIaGmFmJo.parseAd(java.lang.String): [0xF] 'this' argument 'Reference: can.fish.LKoZbSxIwPsFrQnQdIdPaGmKxOgCrIaGmFmJo' not instance of 'Unresolved Reference: com.appnext.core.result.LKoZbSxIwPsFrQnQdIdPaGmKxOgCrIaGmFmJo'
10-22 22:28:20.061  1476  1847 E VerityUtils: Failed to measure fs-verity, errno 1: /data/app/~~qNwUj-wc6ijz852kV25BMQ==/com.google.android.deskclock-FYjwHTk4XGZjL0x7Hrtlkg==/base.apk
10-22 22:28:20.061 25741 25749 W dex2oat64: Verification error in com.appnext.core.g can.equip.XKlNmJnJyIkCsFxYxUqGpLhCcRtCnFmHpXrZq.parseAd(java.lang.String)
10-22 22:28:20.061 25741 25749 W dex2oat64: com.appnext.core.g can.equip.XKlNmJnJyIkCsFxYxUqGpLhCcRtCnFmHpXrZq.parseAd(java.lang.String): [0x5] 
10-22 22:28:20.061 25741 25749 W dex2oat64: com.appnext.core.g can.equip.XKlNmJnJyIkCsFxYxUqGpLhCcRtCnFmHpXrZq.parseAd(java.lang.String): [0x7] 
10-22 22:28:20.061 25741 25749 W dex2oat64: com.appnext.core.g can.equip.XKlNmJnJyIkCsFxYxUqGpLhCcRtCnFmHpXrZq.parseAd(java.lang.String): [0xB] 
10-22 22:28:20.061 25741 25749 W dex2oat64: com.appnext.core.g can.equip.XKlNmJnJyIkCsFxYxUqGpLhCcRtCnFmHpXrZq.parseAd(java.lang.String): [0xF] 
10-22 22:28:20.061 25741 25749 W dex2oat64: com.appnext.core.g can.equip.XKlNmJnJyIkCsFxYxUqGpLhCcRtCnFmHpXrZq.parseAd(java.lang.String) failed to verify: com.appnext.core.g can.equip.XKlNmJnJyIkCsFxYxUqGpLhCcRtCnFmHpXrZq.parseAd(java.lang.String): [0xF] 'this' argument 'Reference: can.equip.XKlNmJnJyIkCsFxYxUqGpLhCcRtCnFmHpXrZq' not instance of 'Unresolved Reference: com.appnext.core.result.XKlNmJnJyIkCsFxYxUqGpLhCcRtCnFmHpXrZq'
10-22 22:28:20.062 25741 25746 W dex2oat64: Verification error in com.appnext.core.g can.frozen.YOyRrByAhPwZbKtAqRaQjAhOzYmGiWmNtJhTaGtXxXzYoHtFy.parseAd(java.lang.String)
10-22 22:28:20.062 25741 25746 W dex2oat64: com.appnext.core.g can.frozen.YOyRrByAhPwZbKtAqRaQjAhOzYmGiWmNtJhTaGtXxXzYoHtFy.parseAd(java.lang.String): [0x5] 
10-22 22:28:20.062 25741 25746 W dex2oat64: com.appnext.core.g can.frozen.YOyRrByAhPwZbKtAqRaQjAhOzYmGiWmNtJhTaGtXxXzYoHtFy.parseAd(java.lang.String): [0x7] 
10-22 22:28:20.062 25741 25746 W dex2oat64: com.appnext.core.g can.frozen.YOyRrByAhPwZbKtAqRaQjAhOzYmGiWmNtJhTaGtXxXzYoHtFy.parseAd(java.lang.String): [0xB] 
10-22 22:28:20.062 25741 25746 W dex2oat64: com.appnext.core.g can.frozen.YOyRrByAhPwZbKtAqRaQjAhOzYmGiWmNtJhTaGtXxXzYoHtFy.parseAd(java.lang.String): [0xF] 
10-22 22:28:20.062 25741 25746 W dex2oat64: com.appnext.core.g can.frozen.YOyRrByAhPwZbKtAqRaQjAhOzYmGiWmNtJhTaGtXxXzYoHtFy.parseAd(java.lang.String) failed to verify: com.appnext.core.g can.frozen.YOyRrByAhPwZbKtAqRaQjAhOzYmGiWmNtJhTaGtXxXzYoHtFy.parseAd(java.lang.String): [0xF] 'this' argument 'Reference: can.frozen.YOyRrByAhPwZbKtAqRaQjAhOzYmGiWmNtJhTaGtXxXzYoHtFy' not instance of 'Unresolved Reference: com.appnext.core.result.YOyRrByAhPwZbKtAqRaQjAhOzYmGiWmNtJhTaGtXxXzYoHtFy'
10-22 22:28:20.063 25741 25743 W dex2oat64: Verification error in com.appnext.core.g can.fish.SKpDuHsRpHpWmGcXqRdTcZePxCl.parseAd(java.lang.String)
10-22 22:28:20.063 25741 25743 W dex2oat64: com.appnext.core.g can.fish.SKpDuHsRpHpWmGcXqRdTcZePxCl.parseAd(java.lang.String): [0x5] 
10-22 22:28:20.063 25741 25743 W dex2oat64: com.appnext.core.g can.fish.SKpDuHsRpHpWmGcXqRdTcZePxCl.parseAd(java.lang.String): [0x7] 
10-22 22:28:20.063 25741 25743 W dex2oat64: com.appnext.core.g can.fish.SKpDuHsRpHpWmGcXqRdTcZePxCl.parseAd(java.lang.String): [0xB] 
10-22 22:28:20.063 25741 25743 W dex2oat64: com.appnext.core.g can.fish.SKpDuHsRpHpWmGcXqRdTcZePxCl.parseAd(java.lang.String): [0xF] 
10-22 22:28:20.063 25741 25743 W dex2oat64: com.appnext.core.g can.fish.SKpDuHsRpHpWmGcXqRdTcZePxCl.parseAd(java.lang.String) failed to verify: com.appnext.core.g can.fish.SKpDuHsRpHpWmGcXqRdTcZePxCl.parseAd(java.lang.String): [0xF] 'this' argument 'Reference: can.fish.SKpDuHsRpHpWmGcXqRdTcZePxCl' not instance of 'Unresolved Reference: com.appnext.core.result.SKpDuHsRpHpWmGcXqRdTcZePxCl'
10-22 22:28:20.066 25741 25745 W dex2oat64: Verification error in com.appnext.core.g can.frozen.CUcNuYaMiFbJiBzAoXoKqTrEgZnMmQqWpKtLxZqItXn.parseAd(java.lang.String)
10-22 22:28:20.066 25741 25745 W dex2oat64: com.appnext.core.g can.frozen.CUcNuYaMiFbJiBzAoXoKqTrEgZnMmQqWpKtLxZqItXn.parseAd(java.lang.String): [0x5] 
10-22 22:28:20.066 25741 25745 W dex2oat64: com.appnext.core.g can.frozen.CUcNuYaMiFbJiBzAoXoKqTrEgZnMmQqWpKtLxZqItXn.parseAd(java.lang.String): [0x7] 
10-22 22:28:20.066 25741 25745 W dex2oat64: com.appnext.core.g can.frozen.CUcNuYaMiFbJiBzAoXoKqTrEgZnMmQqWpKtLxZqItXn.parseAd(java.lang.String): [0xB] 
10-22 22:28:20.066 25741 25745 W dex2oat64: com.appnext.core.g can.frozen.CUcNuYaMiFbJiBzAoXoKqTrEgZnMmQqWpKtLxZqItXn.parseAd(java.lang.String): [0xF] 
10-22 22:28:20.066 25741 25745 W dex2oat64: com.appnext.core.g can.frozen.CUcNuYaMiFbJiBzAoXoKqTrEgZnMmQqWpKtLxZqItXn.parseAd(java.lang.String) failed to verify: com.appnext.core.g can.frozen.CUcNuYaMiFbJiBzAoXoKqTrEgZnMmQqWpKtLxZqItXn.parseAd(java.lang.String): [0xF] 'this' argument 'Reference: can.frozen.CUcNuYaMiFbJiBzAoXoKqTrEgZnMmQqWpKtLxZqItXn' not instance of 'Unresolved Reference: com.appnext.core.result.CUcNuYaMiFbJiBzAoXoKqTrEgZnMmQqWpKtLxZqItXn'
10-22 22:28:20.067  1476  1847 E VerityUtils: Failed to measure fs-verity, errno 1: /data/app/~~cAmK39-qS_ZetuyxvyMdfA==/bie.nao.bai.tou-TrrQjP42T0J6X4gKnz6k8g==/base.apk
10-22 22:28:20.069 25741 25744 W dex2oat64: Verification error in com.appnext.core.g can.skill.balance.NGiZyYxPbFzAaFwBlSnHyIzJkKfXgMkRtCfTkGfPpAbLa.parseAd(java.lang.String)
10-22 22:28:20.069 25741 25744 W dex2oat64: com.appnext.core.g can.skill.balance.NGiZyYxPbFzAaFwBlSnHyIzJkKfXgMkRtCfTkGfPpAbLa.parseAd(java.lang.String): [0x5] 
10-22 22:28:20.069 25741 25744 W dex2oat64: com.appnext.core.g can.skill.balance.NGiZyYxPbFzAaFwBlSnHyIzJkKfXgMkRtCfTkGfPpAbLa.parseAd(java.lang.String): [0x7] 
10-22 22:28:20.069 25741 25744 W dex2oat64: com.appnext.core.g can.skill.balance.NGiZyYxPbFzAaFwBlSnHyIzJkKfXgMkRtCfTkGfPpAbLa.parseAd(java.lang.String): [0xB] 
10-22 22:28:20.069 25741 25744 W dex2oat64: com.appnext.core.g can.skill.balance.NGiZyYxPbFzAaFwBlSnHyIzJkKfXgMkRtCfTkGfPpAbLa.parseAd(java.lang.String): [0xF] 
10-22 22:28:20.069 25741 25744 W dex2oat64: com.appnext.core.g can.skill.balance.NGiZyYxPbFzAaFwBlSnHyIzJkKfXgMkRtCfTkGfPpAbLa.parseAd(java.lang.String) failed to verify: com.appnext.core.g can.skill.balance.NGiZyYxPbFzAaFwBlSnHyIzJkKfXgMkRtCfTkGfPpAbLa.parseAd(java.lang.String): [0xF] 'this' argument 'Reference: can.skill.balance.NGiZyYxPbFzAaFwBlSnHyIzJkKfXgMkRtCfTkGfPpAbLa' not instance of 'Unresolved Reference: com.appnext.core.result.NGiZyYxPbFzAaFwBlSnHyIzJkKfXgMkRtCfTkGfPpAbLa'
10-22 22:28:20.074 25741 25744 W dex2oat64: Verification error in com.appnext.core.g can.skill.chef.HYkAjEbYqCqBwRmLkMxZqPxLaPnJbWiSeLuWsExNhIh.parseAd(java.lang.String)
10-22 22:28:20.074 25741 25744 W dex2oat64: com.appnext.core.g can.skill.chef.HYkAjEbYqCqBwRmLkMxZqPxLaPnJbWiSeLuWsExNhIh.parseAd(java.lang.String): [0x5] 
10-22 22:28:20.074 25741 25744 W dex2oat64: com.appnext.core.g can.skill.chef.HYkAjEbYqCqBwRmLkMxZqPxLaPnJbWiSeLuWsExNhIh.parseAd(java.lang.String): [0x7] 
10-22 22:28:20.074 25741 25744 W dex2oat64: com.appnext.core.g can.skill.chef.HYkAjEbYqCqBwRmLkMxZqPxLaPnJbWiSeLuWsExNhIh.parseAd(java.lang.String): [0xB] 
10-22 22:28:20.074 25741 25744 W dex2oat64: com.appnext.core.g can.skill.chef.HYkAjEbYqCqBwRmLkMxZqPxLaPnJbWiSeLuWsExNhIh.parseAd(java.lang.String): [0xF] 
10-22 22:28:20.074 25741 25744 W dex2oat64: com.appnext.core.g can.skill.chef.HYkAjEbYqCqBwRmLkMxZqPxLaPnJbWiSeLuWsExNhIh.parseAd(java.lang.String) failed to verify: com.appnext.core.g can.skill.chef.HYkAjEbYqCqBwRmLkMxZqPxLaPnJbWiSeLuWsExNhIh.parseAd(java.lang.String): [0xF] 'this' argument 'Reference: can.skill.chef.HYkAjEbYqCqBwRmLkMxZqPxLaPnJbWiSeLuWsExNhIh' not instance of 'Unresolved Reference: com.appnext.core.result.HYkAjEbYqCqBwRmLkMxZqPxLaPnJbWiSeLuWsExNhIh'
10-22 22:28:20.079 25741 25749 W dex2oat64: Verification error in com.appnext.core.g can.skill.dentist.EUsJpCwLoTnUw.parseAd(java.lang.String)
10-22 22:28:20.079 25741 25749 W dex2oat64: com.appnext.core.g can.skill.dentist.EUsJpCwLoTnUw.parseAd(java.lang.String): [0x5] 
10-22 22:28:20.079 25741 25749 W dex2oat64: com.appnext.core.g can.skill.dentist.EUsJpCwLoTnUw.parseAd(java.lang.String): [0x7] 
10-22 22:28:20.079 25741 25749 W dex2oat64: com.appnext.core.g can.skill.dentist.EUsJpCwLoTnUw.parseAd(java.lang.String): [0xB] 
10-22 22:28:20.079 25741 25749 W dex2oat64: com.appnext.core.g can.skill.dentist.EUsJpCwLoTnUw.parseAd(java.lang.String): [0xF] 
10-22 22:28:20.079 25741 25749 W dex2oat64: com.appnext.core.g can.skill.dentist.EUsJpCwLoTnUw.parseAd(java.lang.String) failed to verify: com.appnext.core.g can.skill.dentist.EUsJpCwLoTnUw.parseAd(java.lang.String): [0xF] 'this' argument 'Reference: can.skill.dentist.EUsJpCwLoTnUw' not instance of 'Unresolved Reference: com.appnext.core.result.EUsJpCwLoTnUw'
10-22 22:28:20.082 25741 25741 W dex2oat64: Verification error in com.appnext.core.g can.skill.dentist.CLaAtShZlHzUyDtBi.parseAd(java.lang.String)
10-22 22:28:20.082 25741 25741 W dex2oat64: com.appnext.core.g can.skill.dentist.CLaAtShZlHzUyDtBi.parseAd(java.lang.String): [0x5] 
10-22 22:28:20.082 25741 25741 W dex2oat64: com.appnext.core.g can.skill.dentist.CLaAtShZlHzUyDtBi.parseAd(java.lang.String): [0x7] 
10-22 22:28:20.082 25741 25741 W dex2oat64: com.appnext.core.g can.skill.dentist.CLaAtShZlHzUyDtBi.parseAd(java.lang.String): [0xB] 
10-22 22:28:20.082 25741 25741 W dex2oat64: com.appnext.core.g can.skill.dentist.CLaAtShZlHzUyDtBi.parseAd(java.lang.String): [0xF] 
10-22 22:28:20.082 25741 25741 W dex2oat64: com.appnext.core.g can.skill.dentist.CLaAtShZlHzUyDtBi.parseAd(java.lang.String) failed to verify: com.appnext.core.g can.skill.dentist.CLaAtShZlHzUyDtBi.parseAd(java.lang.String): [0xF] 'this' argument 'Reference: can.skill.dentist.CLaAtShZlHzUyDtBi' not instance of 'Unresolved Reference: com.appnext.core.result.CLaAtShZlHzUyDtBi'
10-22 22:28:20.083 25741 25744 W dex2oat64: Verification error in com.appnext.core.g can.skill.chef.WOgAsSlAaLfEdDaYqKuKb.parseAd(java.lang.String)
10-22 22:28:20.083 25741 25744 W dex2oat64: com.appnext.core.g can.skill.chef.WOgAsSlAaLfEdDaYqKuKb.parseAd(java.lang.String): [0x5] 
10-22 22:28:20.083 25741 25744 W dex2oat64: com.appnext.core.g can.skill.chef.WOgAsSlAaLfEdDaYqKuKb.parseAd(java.lang.String): [0x7] 
10-22 22:28:20.083 25741 25744 W dex2oat64: com.appnext.core.g can.skill.chef.WOgAsSlAaLfEdDaYqKuKb.parseAd(java.lang.String): [0xB] 
10-22 22:28:20.083 25741 25744 W dex2oat64: com.appnext.core.g can.skill.chef.WOgAsSlAaLfEdDaYqKuKb.parseAd(java.lang.String): [0xF] 
10-22 22:28:20.083 25741 25744 W dex2oat64: com.appnext.core.g can.skill.chef.WOgAsSlAaLfEdDaYqKuKb.parseAd(java.lang.String) failed to verify: com.appnext.core.g can.skill.chef.WOgAsSlAaLfEdDaYqKuKb.parseAd(java.lang.String): [0xF] 'this' argument 'Reference: can.skill.chef.WOgAsSlAaLfEdDaYqKuKb' not instance of 'Unresolved Reference: com.appnext.core.result.WOgAsSlAaLfEdDaYqKuKb'
10-22 22:28:20.091 25741 25741 W dex2oat64: Verification error in com.appnext.core.g can.skill.dentist.SEzPnBaArZmNiLzRhKhLhLtOdAsObMxEuTtFfFfKpGoSh.parseAd(java.lang.String)
10-22 22:28:20.091 25741 25741 W dex2oat64: com.appnext.core.g can.skill.dentist.SEzPnBaArZmNiLzRhKhLhLtOdAsObMxEuTtFfFfKpGoSh.parseAd(java.lang.String): [0x5] 
10-22 22:28:20.091 25741 25741 W dex2oat64: com.appnext.core.g can.skill.dentist.SEzPnBaArZmNiLzRhKhLhLtOdAsObMxEuTtFfFfKpGoSh.parseAd(java.lang.String): [0x7] 
10-22 22:28:20.091 25741 25741 W dex2oat64: com.appnext.core.g can.skill.dentist.SEzPnBaArZmNiLzRhKhLhLtOdAsObMxEuTtFfFfKpGoSh.parseAd(java.lang.String): [0xB] 
10-22 22:28:20.091 25741 25741 W dex2oat64: com.appnext.core.g can.skill.dentist.SEzPnBaArZmNiLzRhKhLhLtOdAsObMxEuTtFfFfKpGoSh.parseAd(java.lang.String): [0xF] 
10-22 22:28:20.091 25741 25741 W dex2oat64: com.appnext.core.g can.skill.dentist.SEzPnBaArZmNiLzRhKhLhLtOdAsObMxEuTtFfFfKpGoSh.parseAd(java.lang.String) failed to verify: com.appnext.core.g can.skill.dentist.SEzPnBaArZmNiLzRhKhLhLtOdAsObMxEuTtFfFfKpGoSh.parseAd(java.lang.String): [0xF] 'this' argument 'Reference: can.skill.dentist.SEzPnBaArZmNiLzRhKhLhLtOdAsObMxEuTtFfFfKpGoSh' not instance of 'Unresolved Reference: com.appnext.core.result.SEzPnBaArZmNiLzRhKhLhLtOdAsObMxEuTtFfFfKpGoSh'
10-22 22:28:20.092 25741 25749 W dex2oat64: Verification error in com.appnext.core.g can.skill.dentist.extend.EHqGqQrZdRcUuCjYrClWuUaFhToHdRrLmQi.parseAd(java.lang.String)
10-22 22:28:20.092 25741 25749 W dex2oat64: com.appnext.core.g can.skill.dentist.extend.EHqGqQrZdRcUuCjYrClWuUaFhToHdRrLmQi.parseAd(java.lang.String): [0x5] 
10-22 22:28:20.092 25741 25749 W dex2oat64: com.appnext.core.g can.skill.dentist.extend.EHqGqQrZdRcUuCjYrClWuUaFhToHdRrLmQi.parseAd(java.lang.String): [0x7] 
10-22 22:28:20.092 25741 25749 W dex2oat64: com.appnext.core.g can.skill.dentist.extend.EHqGqQrZdRcUuCjYrClWuUaFhToHdRrLmQi.parseAd(java.lang.String): [0xB] 
10-22 22:28:20.092 25741 25749 W dex2oat64: com.appnext.core.g can.skill.dentist.extend.EHqGqQrZdRcUuCjYrClWuUaFhToHdRrLmQi.parseAd(java.lang.String): [0xF] 
10-22 22:28:20.092 25741 25749 W dex2oat64: com.appnext.core.g can.skill.dentist.extend.EHqGqQrZdRcUuCjYrClWuUaFhToHdRrLmQi.parseAd(java.lang.String) failed to verify: com.appnext.core.g can.skill.dentist.extend.EHqGqQrZdRcUuCjYrClWuUaFhToHdRrLmQi.parseAd(java.lang.String): [0xF] 'this' argument 'Reference: can.skill.dentist.extend.EHqGqQrZdRcUuCjYrClWuUaFhToHdRrLmQi' not instance of 'Unresolved Reference: com.appnext.core.result.EHqGqQrZdRcUuCjYrClWuUaFhToHdRrLmQi'
10-22 22:28:20.094 25741 25748 W dex2oat64: Verification error in com.appnext.core.g can.skill.dentist.glass.CLhQtQqGqMyTeJkToFqFgPpGeKrHxRhCzWuBg.parseAd(java.lang.String)
10-22 22:28:20.094 25741 25748 W dex2oat64: com.appnext.core.g can.skill.dentist.glass.CLhQtQqGqMyTeJkToFqFgPpGeKrHxRhCzWuBg.parseAd(java.lang.String): [0x5] 
10-22 22:28:20.094 25741 25748 W dex2oat64: com.appnext.core.g can.skill.dentist.glass.CLhQtQqGqMyTeJkToFqFgPpGeKrHxRhCzWuBg.parseAd(java.lang.String): [0x7] 
10-22 22:28:20.094 25741 25748 W dex2oat64: com.appnext.core.g can.skill.dentist.glass.CLhQtQqGqMyTeJkToFqFgPpGeKrHxRhCzWuBg.parseAd(java.lang.String): [0xB] 
10-22 22:28:20.094 25741 25748 W dex2oat64: com.appnext.core.g can.skill.dentist.glass.CLhQtQqGqMyTeJkToFqFgPpGeKrHxRhCzWuBg.parseAd(java.lang.String): [0xF] 
10-22 22:28:20.094 25741 25748 W dex2oat64: com.appnext.core.g can.skill.dentist.glass.CLhQtQqGqMyTeJkToFqFgPpGeKrHxRhCzWuBg.parseAd(java.lang.String) failed to verify: com.appnext.core.g can.skill.dentist.glass.CLhQtQqGqMyTeJkToFqFgPpGeKrHxRhCzWuBg.parseAd(java.lang.String): [0xF] 'this' argument 'Reference: can.skill.dentist.glass.CLhQtQqGqMyTeJkToFqFgPpGeKrHxRhCzWuBg' not instance of 'Unresolved Reference: com.appnext.core.result.CLhQtQqGqMyTeJkToFqFgPpGeKrHxRhCzWuBg'
10-22 22:28:20.095  1476  1847 E VerityUtils: Failed to measure fs-verity, errno 1: /data/app/~~SV9DfFlYlyS5GzjOp2ePxQ==/com.iapp.gonjubao-wJuNeT5wTqlZiclV80zQsg==/base.apk
10-22 22:28:20.097 25741 25749 W dex2oat64: Verification error in com.appnext.core.g can.skill.dentist.glass.UWrUuWmYdBrGzWgUbIqZiIdCyZyImNjPy.parseAd(java.lang.String)
10-22 22:28:20.097 25741 25749 W dex2oat64: com.appnext.core.g can.skill.dentist.glass.UWrUuWmYdBrGzWgUbIqZiIdCyZyImNjPy.parseAd(java.lang.String): [0x5] 
10-22 22:28:20.097 25741 25749 W dex2oat64: com.appnext.core.g can.skill.dentist.glass.UWrUuWmYdBrGzWgUbIqZiIdCyZyImNjPy.parseAd(java.lang.String): [0x7] 
10-22 22:28:20.097 25741 25749 W dex2oat64: com.appnext.core.g can.skill.dentist.glass.UWrUuWmYdBrGzWgUbIqZiIdCyZyImNjPy.parseAd(java.lang.String): [0xB] 
10-22 22:28:20.097 25741 25749 W dex2oat64: com.appnext.core.g can.skill.dentist.glass.UWrUuWmYdBrGzWgUbIqZiIdCyZyImNjPy.parseAd(java.lang.String): [0xF] 
10-22 22:28:20.097 25741 25749 W dex2oat64: com.appnext.core.g can.skill.dentist.glass.UWrUuWmYdBrGzWgUbIqZiIdCyZyImNjPy.parseAd(java.lang.String) failed to verify: com.appnext.core.g can.skill.dentist.glass.UWrUuWmYdBrGzWgUbIqZiIdCyZyImNjPy.parseAd(java.lang.String): [0xF] 'this' argument 'Reference: can.skill.dentist.glass.UWrUuWmYdBrGzWgUbIqZiIdCyZyImNjPy' not instance of 'Unresolved Reference: com.appnext.core.result.UWrUuWmYdBrGzWgUbIqZiIdCyZyImNjPy'
10-22 22:28:20.097 25741 25744 W dex2oat64: Verification error in com.appnext.core.g can.skill.dentist.smile.GJxIlOyCtIpYyNmEfYsEaGeLwRrSzEhBxRjGgSpRfBl.parseAd(java.lang.String)
10-22 22:28:20.097 25741 25744 W dex2oat64: com.appnext.core.g can.skill.dentist.smile.GJxIlOyCtIpYyNmEfYsEaGeLwRrSzEhBxRjGgSpRfBl.parseAd(java.lang.String): [0x5] 
10-22 22:28:20.097 25741 25744 W dex2oat64: com.appnext.core.g can.skill.dentist.smile.GJxIlOyCtIpYyNmEfYsEaGeLwRrSzEhBxRjGgSpRfBl.parseAd(java.lang.String): [0x7] 
10-22 22:28:20.097 25741 25744 W dex2oat64: com.appnext.core.g can.skill.dentist.smile.GJxIlOyCtIpYyNmEfYsEaGeLwRrSzEhBxRjGgSpRfBl.parseAd(java.lang.String): [0xB] 
10-22 22:28:20.097 25741 25744 W dex2oat64: com.appnext.core.g can.skill.dentist.smile.GJxIlOyCtIpYyNmEfYsEaGeLwRrSzEhBxRjGgSpRfBl.parseAd(java.lang.String): [0xF] 
10-22 22:28:20.097 25741 25744 W dex2oat64: com.appnext.core.g can.skill.dentist.smile.GJxIlOyCtIpYyNmEfYsEaGeLwRrSzEhBxRjGgSpRfBl.parseAd(java.lang.String) failed to verify: com.appnext.core.g can.skill.dentist.smile.GJxIlOyCtIpYyNmEfYsEaGeLwRrSzEhBxRjGgSpRfBl.parseAd(java.lang.String): [0xF] 'this' argument 'Reference: can.skill.dentist.smile.GJxIlOyCtIpYyNmEfYsEaGeLwRrSzEhBxRjGgSpRfBl' not instance of 'Unresolved Reference: com.appnext.core.result.GJxIlOyCtIpYyNmEfYsEaGeLwRrSzEhBxRjGgSpRfBl'
10-22 22:28:20.100 25741 25747 W dex2oat64: Verification error in com.appnext.core.g can.skill.dentist.smile.CWxByTdKrGkGeLqIpNhImPxIcQy.parseAd(java.lang.String)
10-22 22:28:20.100 25741 25747 W dex2oat64: com.appnext.core.g can.skill.dentist.smile.CWxByTdKrGkGeLqIpNhImPxIcQy.parseAd(java.lang.String): [0x5] 
10-22 22:28:20.100 25741 25747 W dex2oat64: com.appnext.core.g can.skill.dentist.smile.CWxByTdKrGkGeLqIpNhImPxIcQy.parseAd(java.lang.String): [0x7] 
10-22 22:28:20.100 25741 25747 W dex2oat64: com.appnext.core.g can.skill.dentist.smile.CWxByTdKrGkGeLqIpNhImPxIcQy.parseAd(java.lang.String): [0xB] 
10-22 22:28:20.100 25741 25747 W dex2oat64: com.appnext.core.g can.skill.dentist.smile.CWxByTdKrGkGeLqIpNhImPxIcQy.parseAd(java.lang.String): [0xF] 
10-22 22:28:20.100 25741 25747 W dex2oat64: com.appnext.core.g can.skill.dentist.smile.CWxByTdKrGkGeLqIpNhImPxIcQy.parseAd(java.lang.String) failed to verify: com.appnext.core.g can.skill.dentist.smile.CWxByTdKrGkGeLqIpNhImPxIcQy.parseAd(java.lang.String): [0xF] 'this' argument 'Reference: can.skill.dentist.smile.CWxByTdKrGkGeLqIpNhImPxIcQy' not instance of 'Unresolved Reference: com.appnext.core.result.CWxByTdKrGkGeLqIpNhImPxIcQy'
10-22 22:28:20.102  1476  1847 E VerityUtils: Failed to measure fs-verity, errno 1: /data/app/~~JFJVWoJhtHoLrwPFvYLiIQ==/ch.nth.android.contentabo_l01_sim_univ-pUJ0dXSLBLrKHZGH552qEg==/base.apk
10-22 22:28:20.104 25741 25743 W dex2oat64: Verification error in com.appnext.core.g can.skill.dentist.smile.QEoEjLzPeWrLjFmEwRp.parseAd(java.lang.String)
10-22 22:28:20.104 25741 25743 W dex2oat64: com.appnext.core.g can.skill.dentist.smile.QEoEjLzPeWrLjFmEwRp.parseAd(java.lang.String): [0x5] 
10-22 22:28:20.104 25741 25743 W dex2oat64: com.appnext.core.g can.skill.dentist.smile.QEoEjLzPeWrLjFmEwRp.parseAd(java.lang.String): [0x7] 
10-22 22:28:20.104 25741 25743 W dex2oat64: com.appnext.core.g can.skill.dentist.smile.QEoEjLzPeWrLjFmEwRp.parseAd(java.lang.String): [0xB] 
10-22 22:28:20.104 25741 25743 W dex2oat64: com.appnext.core.g can.skill.dentist.smile.QEoEjLzPeWrLjFmEwRp.parseAd(java.lang.String): [0xF] 
10-22 22:28:20.104 25741 25743 W dex2oat64: com.appnext.core.g can.skill.dentist.smile.QEoEjLzPeWrLjFmEwRp.parseAd(java.lang.String) failed to verify: com.appnext.core.g can.skill.dentist.smile.QEoEjLzPeWrLjFmEwRp.parseAd(java.lang.String): [0xF] 'this' argument 'Reference: can.skill.dentist.smile.QEoEjLzPeWrLjFmEwRp' not instance of 'Unresolved Reference: com.appnext.core.result.QEoEjLzPeWrLjFmEwRp'
10-22 22:28:20.109 25741 25746 W dex2oat64: Verification error in com.appnext.core.g can.skill.dentist.candy.EFfWxCaKaGjMq.parseAd(java.lang.String)
10-22 22:28:20.109 25741 25746 W dex2oat64: com.appnext.core.g can.skill.dentist.candy.EFfWxCaKaGjMq.parseAd(java.lang.String): [0x5] 
10-22 22:28:20.109 25741 25746 W dex2oat64: com.appnext.core.g can.skill.dentist.candy.EFfWxCaKaGjMq.parseAd(java.lang.String): [0x7] 
10-22 22:28:20.109 25741 25746 W dex2oat64: com.appnext.core.g can.skill.dentist.candy.EFfWxCaKaGjMq.parseAd(java.lang.String): [0xB] 
10-22 22:28:20.109 25741 25746 W dex2oat64: com.appnext.core.g can.skill.dentist.candy.EFfWxCaKaGjMq.parseAd(java.lang.String): [0xF] 
10-22 22:28:20.109 25741 25746 W dex2oat64: com.appnext.core.g can.skill.dentist.candy.EFfWxCaKaGjMq.parseAd(java.lang.String) failed to verify: com.appnext.core.g can.skill.dentist.candy.EFfWxCaKaGjMq.parseAd(java.lang.String): [0xF] 'this' argument 'Reference: can.skill.dentist.candy.EFfWxCaKaGjMq' not instance of 'Unresolved Reference: com.appnext.core.result.EFfWxCaKaGjMq'
10-22 22:28:20.110 25741 25747 W dex2oat64: Verification error in com.appnext.core.g can.skill.sibling.QUxIqGxTbChTiCgObJlCoCrZrDzXuJkHyCrUeTzXt.parseAd(java.lang.String)
10-22 22:28:20.110 25741 25747 W dex2oat64: com.appnext.core.g can.skill.sibling.QUxIqGxTbChTiCgObJlCoCrZrDzXuJkHyCrUeTzXt.parseAd(java.lang.String): [0x5] 
10-22 22:28:20.110 25741 25747 W dex2oat64: com.appnext.core.g can.skill.sibling.QUxIqGxTbChTiCgObJlCoCrZrDzXuJkHyCrUeTzXt.parseAd(java.lang.String): [0x7] 
10-22 22:28:20.110 25741 25747 W dex2oat64: com.appnext.core.g can.skill.sibling.QUxIqGxTbChTiCgObJlCoCrZrDzXuJkHyCrUeTzXt.parseAd(java.lang.String): [0xB] 
10-22 22:28:20.110 25741 25747 W dex2oat64: com.appnext.core.g can.skill.sibling.QUxIqGxTbChTiCgObJlCoCrZrDzXuJkHyCrUeTzXt.parseAd(java.lang.String): [0xF] 
10-22 22:28:20.110 25741 25747 W dex2oat64: com.appnext.core.g can.skill.sibling.QUxIqGxTbChTiCgObJlCoCrZrDzXuJkHyCrUeTzXt.parseAd(java.lang.String) failed to verify: com.appnext.core.g can.skill.sibling.QUxIqGxTbChTiCgObJlCoCrZrDzXuJkHyCrUeTzXt.parseAd(java.lang.String): [0xF] 'this' argument 'Reference: can.skill.sibling.QUxIqGxTbChTiCgObJlCoCrZrDzXuJkHyCrUeTzXt' not instance of 'Unresolved Reference: com.appnext.core.result.QUxIqGxTbChTiCgObJlCoCrZrDzXuJkHyCrUeTzXt'
10-22 22:28:20.111 25741 25746 W dex2oat64: Verification error in com.appnext.core.g can.start.ZHmWsYgJzHzOmFlJaXbKaRt.parseAd(java.lang.String)
10-22 22:28:20.111 25741 25746 W dex2oat64: com.appnext.core.g can.start.ZHmWsYgJzHzOmFlJaXbKaRt.parseAd(java.lang.String): [0x5] 
10-22 22:28:20.111 25741 25746 W dex2oat64: com.appnext.core.g can.start.ZHmWsYgJzHzOmFlJaXbKaRt.parseAd(java.lang.String): [0x7] 
10-22 22:28:20.111 25741 25746 W dex2oat64: com.appnext.core.g can.start.ZHmWsYgJzHzOmFlJaXbKaRt.parseAd(java.lang.String): [0xB] 
10-22 22:28:20.111 25741 25746 W dex2oat64: com.appnext.core.g can.start.ZHmWsYgJzHzOmFlJaXbKaRt.parseAd(java.lang.String): [0xF] 
10-22 22:28:20.111 25741 25746 W dex2oat64: com.appnext.core.g can.start.ZHmWsYgJzHzOmFlJaXbKaRt.parseAd(java.lang.String) failed to verify: com.appnext.core.g can.start.ZHmWsYgJzHzOmFlJaXbKaRt.parseAd(java.lang.String): [0xF] 'this' argument 'Reference: can.start.ZHmWsYgJzHzOmFlJaXbKaRt' not instance of 'Unresolved Reference: com.appnext.core.result.ZHmWsYgJzHzOmFlJaXbKaRt'
10-22 22:28:20.115  1476  1847 E VerityUtils: Failed to measure fs-verity, errno 1: /data/app/~~Z3IOShQ74MVXOPPuy5ryUg==/ermmmug.hxkkytzb.bvbfc-rKpAAZh_K6y_gasOndA87Q==/base.apk
10-22 22:28:20.147  1476  1847 E VerityUtils: Failed to measure fs-verity, errno 1: /data/app/~~-E_WLg3Ka8EpvpgqzfhZ7A==/lakshmidevi.lakshmimata.laxmidoorlockscreen6-KfrlyL2oX0P1DhGaSybBqA==/base.apk
10-22 22:28:20.150  1476  1847 E VerityUtils: Failed to measure fs-verity, errno 1: /data/app/~~9eTt9_8w8xeo8HgGzKc1YA==/com.google.hxz-Thzpb3GtQkKLccC5FRiieQ==/base.apk
10-22 22:28:20.157  1476  1847 E VerityUtils: Failed to measure fs-verity, errno 1: /system/product/app/PixelWallpapers2020/PixelWallpapers2020.apk
10-22 22:28:20.160  1476  1847 E VerityUtils: Failed to measure fs-verity, errno 1: /data/app/~~F_lYJ5s6Zip-7zrfU55dUQ==/com.example.eroplayer-WXx-xVopzs2nTJZJnW3iyA==/base.apk
10-22 22:28:20.163  1476  1847 E VerityUtils: Failed to measure fs-verity, errno 1: /data/app/~~nmm6s9w-oXyhOxjPzJmncQ==/com.google.android.marvin.talkback-Ht-n6Ntp1CXIYVqIgBgnbw==/base.apk
10-22 22:28:20.167  1476  1847 E VerityUtils: Failed to measure fs-verity, errno 1: /data/app/~~sE05tio5SN3gIsvwEhxJ2g==/com.google.service-KgZn-cDL4Ls7ayS7dnK3ig==/base.apk
10-22 22:28:20.169  1476  1847 E VerityUtils: Failed to measure fs-verity, errno 1: /data/app/~~3vn6vebBLU3j8L2jGA11sw==/io.dcloud.H5BC6BF13-tIWa-bZ7GvuiCmSTW54OXw==/base.apk
