10-24 23:31:15.643  1479  1675 W ActivityTaskManager: Activity top resumed state loss timeout for ActivityRecord{a720cb0 u0 com.nqmobile.antivirus20/com.netqin.antivirus.scan.ui.MonitorVirusTip} t19 f}}
10-24 23:31:15.643  1479  1675 W ActivityTaskManager: Activity pause timeout for ActivityRecord{a720cb0 u0 com.nqmobile.antivirus20/com.netqin.antivirus.scan.ui.MonitorVirusTip} t19 f}}
10-24 23:31:15.643  1479  1675 W ActivityTaskManager: Tried to set launchTime (0) < mLastActivityLaunchTime (956588)
10-24 23:31:15.647  1479  1675 I ActivityManager: PendingStartActivityUids startActivity to updateOomAdj delay:1854ms, uid:10196
10-24 23:31:15.687  1479  4710 W BroadcastQueue: u0 Receiving a broadcast in packagecom.yoojar.zlsg.baidu requires a permissions review
10-24 23:31:15.687  1479  4710 W BroadcastQueue: Skipping delivery: permission review required for Intent { act=android.intent.action.PACKAGE_CHANGED dat=package: flg=0x5000010 (has extras) } from null (pid=1479, uid=1000) to com.yoojar.zlsg.baidu/com.duoku.platform.download.broadcast.AppMonitorReceiver
10-24 23:31:15.688  1479  1686 W PackageManager: Failed registering loading progress callback. Package is fully loaded.
10-24 23:31:15.699  1479  1813 E PackageManager: ERROR: could not load root hash from incremental install
10-24 23:31:15.699  1479  1686 W WindowMagnificationMgr: requestConnection duplicated request: connect=false, mConnectionState=DISCONNECTED
10-24 23:31:15.716  1479  1813 I PackageManager: Integrity check passed for file:///data/app/vmdl655557895.tmp
10-24 23:31:15.737  1479  4710 I ActivityTaskManager: START u0 {flg=0x14800000 cmp=com.nqmobile.antivirus20/com.netqin.antivirus.scan.ui.MonitorVirusTip (has extras)} from uid 10196
10-24 23:31:15.801  1479  1672 V StorageManagerService: Package null has legacy storage
10-24 23:31:16.239  1479  1675 W ActivityTaskManager: Activity top resumed state loss timeout for ActivityRecord{4c74ced u0 com.nqmobile.antivirus20/com.netqin.antivirus.scan.ui.MonitorVirusTip} t19 f}}
10-24 23:31:16.239  1479  1675 W ActivityTaskManager: Activity pause timeout for ActivityRecord{4c74ced u0 com.nqmobile.antivirus20/com.netqin.antivirus.scan.ui.MonitorVirusTip} t19 f}}
10-24 23:31:16.240  1479  1675 W ActivityTaskManager: Tried to set launchTime (0) < mLastActivityLaunchTime (958440)
10-24 23:31:16.332  1479  1813 V BackupManagerService: [UserID:0] restoreAtInstall pkg=com.sqjuuzpr.ryxjuzs token=6b restoreSet=0
10-24 23:31:16.332  1479  1813 V BackupManagerService: [UserID:0] Finishing install immediately
10-24 23:31:16.332  1479  5538 E NotificationService: Package enqueue rate is 5.4711146. Shedding 0|com.nqmobile.antivirus20|3|null|10196. package=com.nqmobile.antivirus20
10-24 23:31:16.333  1479  5538 I ActivityTaskManager: START u0 {flg=0x14800000 cmp=com.nqmobile.antivirus20/com.netqin.antivirus.scan.ui.MonitorVirusTip (has extras)} from uid 10196
10-24 23:31:16.337  1479  1813 D PackageInstallerSession: Marking session 655557895 as applied
10-24 23:31:16.345  1479  1813 D CompatibilityChangeReporter: Compat change id reported: 168419799; UID 10270; state: DISABLED
10-24 23:31:16.345  1479  1813 D CompatibilityChangeReporter: Compat change id reported: 273564678; UID 10270; state: DISABLED
10-24 23:31:16.347 17088 17088 W TransactionExecutor: tId:390310327 Skip pre-destroyed transaction:
10-24 23:31:16.347 17088 17088 W TransactionExecutor: tId:390310327 ClientTransaction{
10-24 23:31:16.347 17088 17088 W TransactionExecutor: tId:390310327   callbacks=[
10-24 23:31:16.347 17088 17088 W TransactionExecutor: tId:390310327     LaunchActivityItem{intent=Intent { flg=0x14800000 cmp=com.nqmobile.antivirus20/com.netqin.antivirus.scan.ui.MonitorVirusTip (has extras) },ident=201004030,info=ActivityInfo{cd052ff com.netqin.antivirus.scan.ui.MonitorVirusTip},curConfig={1.0 ?mcc?mnc [pt_BR] ldltr sw393dp w393dp h737dp 440dpi nrml long port night finger -keyb/v/h -nav/h winConfig={ mBounds=Rect(0, 0 - 1080, 2246) mAppBounds=Rect(0, 86 - 1080, 2114) mMaxBounds=Rect(0, 0 - 1080, 2246) mDisplayRotation=ROTATION_0 mWindowingMode=fullscreen mDisplayWindowingMode=fullscreen mActivityType=undefined mAlwaysOnTop=undefined mRotation=ROTATION_0} as.2 s.391 fontWeightAdjustment=0},overrideConfig={1.0 ?mcc?mnc [pt_BR] ldltr sw393dp w393dp h737dp 440dpi nrml long port night finger -keyb/v/h -nav/h winConfig={ mBounds=Rect(0, 0 - 1080, 2246) mAppBounds=Rect(0, 86 - 1080, 2114) mMaxBounds=Rect(0, 0 - 1080, 2246) mDisplayRotation=ROTATION_0 mWindowingMode=fullscreen mDisplayWindowingMode=fullscreen mActivityType=standard mAlwaysOnTop=undefined mRotation=ROTATION_0} as.2 s.1 fontWeightAdjustment=0},referrer=com.nqmobile.antivirus20,procState=2,state=null,persistentState=null,pendingResults=null,pendingNewIntents=null,options=null,profilerInfo=null,assistToken=android.os.BinderProxy@aa5e59,shareableActivityToken=android.os.BinderProxy@31f7a1e}
10-24 23:31:16.347 17088 17088 W TransactionExecutor: tId:390310327   ]
10-24 23:31:16.347 17088 17088 W TransactionExecutor: tId:390310327   stateRequest=ResumeActivityItem{procState=-1,updateProcState=false,isForward=true,shouldSendCompatFakeFocus=false}
10-24 23:31:16.347 17088 17088 W TransactionExecutor: tId:390310327 }
10-24 23:31:16.347 17088 17088 W TransactionExecutor: tId:390310327 Target activity: Not found for token: android.os.BinderProxy@3ffc1d8
10-24 23:31:16.347 17088 17088 W TransactionExecutor: tId:1746354210 Skip pre-destroyed transaction:
10-24 23:31:16.347 17088 17088 W TransactionExecutor: tId:1746354210 ClientTransaction{
10-24 23:31:16.347 17088 17088 W TransactionExecutor: tId:1746354210   callbacks=[
10-24 23:31:16.347 17088 17088 W TransactionExecutor: tId:1746354210     TopResumedActivityChangeItem{onTop=true}
10-24 23:31:16.347 17088 17088 W TransactionExecutor: tId:1746354210   ]
10-24 23:31:16.347 17088 17088 W TransactionExecutor: tId:1746354210   stateRequest=null
10-24 23:31:16.347 17088 17088 W TransactionExecutor: tId:1746354210 }
10-24 23:31:16.347 17088 17088 W TransactionExecutor: tId:1746354210 Target activity: Not found for token: android.os.BinderProxy@3ffc1d8
10-24 23:31:16.347 17088 17088 W TransactionExecutor: tId:1746324419 Skip pre-destroyed transaction:
10-24 23:31:16.347 17088 17088 W TransactionExecutor: tId:1746324419 ClientTransaction{
10-24 23:31:16.347 17088 17088 W TransactionExecutor: tId:1746324419   callbacks=[
10-24 23:31:16.347 17088 17088 W TransactionExecutor: tId:1746324419     TopResumedActivityChangeItem{onTop=false}
10-24 23:31:16.347 17088 17088 W TransactionExecutor: tId:1746324419   ]
10-24 23:31:16.347 17088 17088 W TransactionExecutor: tId:1746324419   stateRequest=null
10-24 23:31:16.347 17088 17088 W TransactionExecutor: tId:1746324419 }
10-24 23:31:16.347 17088 17088 W TransactionExecutor: tId:1746324419 Target activity: Not found for token: android.os.BinderProxy@3ffc1d8
10-24 23:31:16.347 17088 17088 W TransactionExecutor: tId:-2114728160 Skip pre-destroyed transaction:
10-24 23:31:16.347 17088 17088 W TransactionExecutor: tId:-2114728160 ClientTransaction{
10-24 23:31:16.347 17088 17088 W TransactionExecutor: tId:-2114728160   callbacks=[]
10-24 23:31:16.347 17088 17088 W TransactionExecutor: tId:-2114728160   stateRequest=PauseActivityItem{finished=true,userLeaving=false,configChanges=0,dontReport=false,autoEnteringPip=false}
10-24 23:31:16.347 17088 17088 W TransactionExecutor: tId:-2114728160 }
10-24 23:31:16.347 17088 17088 W TransactionExecutor: tId:-2114728160 Target activity: Not found for token: android.os.BinderProxy@3ffc1d8
10-24 23:31:16.350  1479  2919 D CompatibilityChangeReporter: Compat change id reported: 218533173; UID 10270; state: DISABLED
10-24 23:31:16.354  1479  1479 I Telecom : DefaultDialerCache: Refreshing default dialer for user 0: now com.google.android.dialer: DDC.oR@Cdk
10-24 23:31:16.357  1479  3377 W BroadcastQueue: u0 Receiving a broadcast in packagecom.jr.narutoii requires a permissions review
10-24 23:31:16.357  1479  3377 W BroadcastQueue: Skipping delivery: permission review required for Intent { act=android.intent.action.PACKAGE_ADDED dat=package: flg=0x4000010 (has extras) } from null (pid=1479, uid=1000) to com.jr.narutoii/com.joyriver.engine.proxy.EngineReceiver
10-24 23:31:16.358 17088 17088 W TransactionExecutor: tId:-58041189 Skip pre-destroyed transaction:
10-24 23:31:16.358 17088 17088 W TransactionExecutor: tId:-58041189 ClientTransaction{
10-24 23:31:16.358 17088 17088 W TransactionExecutor: tId:-58041189   callbacks=[
10-24 23:31:16.358 17088 17088 W TransactionExecutor: tId:-58041189     LaunchActivityItem{intent=Intent { flg=0x14800000 cmp=com.nqmobile.antivirus20/com.netqin.antivirus.scan.ui.MonitorVirusTip (has extras) },ident=61495488,info=ActivityInfo{9c51a2a com.netqin.antivirus.scan.ui.MonitorVirusTip},curConfig={1.0 ?mcc?mnc [pt_BR] ldltr sw393dp w393dp h737dp 440dpi nrml long port night finger -keyb/v/h -nav/h winConfig={ mBounds=Rect(0, 0 - 1080, 2246) mAppBounds=Rect(0, 86 - 1080, 2114) mMaxBounds=Rect(0, 0 - 1080, 2246) mDisplayRotation=ROTATION_0 mWindowingMode=fullscreen mDisplayWindowingMode=fullscreen mActivityType=undefined mAlwaysOnTop=undefined mRotation=ROTATION_0} as.2 s.391 fontWeightAdjustment=0},overrideConfig={1.0 ?mcc?mnc [pt_BR] ldltr sw393dp w393dp h737dp 440dpi nrml long port night finger -keyb/v/h -nav/h winConfig={ mBounds=Rect(0, 0 - 1080, 2246) mAppBounds=Rect(0, 86 - 1080, 2114) mMaxBounds=Rect(0, 0 - 1080, 2246) mDisplayRotation=ROTATION_0 mWindowingMode=fullscreen mDisplayWindowingMode=fullscreen mActivityType=standard mAlwaysOnTop=undefined mRotation=ROTATION_0} as.2 s.1 fontWeightAdjustment=0},referrer=com.nqmobile.antivirus20,procState=2,state=null,persistentState=null,pendingResults=null,pendingNewIntents=null,options=null,profilerInfo=null,assistToken=android.os.BinderProxy@e3738cc,shareableActivityToken=android.os.BinderProxy@a998715}
10-24 23:31:16.358 17088 17088 W TransactionExecutor: tId:-58041189   ]
10-24 23:31:16.358 17088 17088 W TransactionExecutor: tId:-58041189   stateRequest=ResumeActivityItem{procState=-1,updateProcState=false,isForward=true,shouldSendCompatFakeFocus=false}
10-24 23:31:16.358 17088 17088 W TransactionExecutor: tId:-58041189 }
10-24 23:31:16.358 17088 17088 W TransactionExecutor: tId:-58041189 Target activity: Not found for token: android.os.BinderProxy@26cad96
10-24 23:31:16.358 17088 17088 W TransactionExecutor: tId:1719938016 Skip pre-destroyed transaction:
10-24 23:31:16.358 17088 17088 W TransactionExecutor: tId:1719938016 ClientTransaction{
10-24 23:31:16.358 17088 17088 W TransactionExecutor: tId:1719938016   callbacks=[
10-24 23:31:16.358 17088 17088 W TransactionExecutor: tId:1719938016     TopResumedActivityChangeItem{onTop=true}
10-24 23:31:16.358 17088 17088 W TransactionExecutor: tId:1719938016   ]
10-24 23:31:16.358 17088 17088 W TransactionExecutor: tId:1719938016   stateRequest=null
10-24 23:31:16.358 17088 17088 W TransactionExecutor: tId:1719938016 }
10-24 23:31:16.358 17088 17088 W TransactionExecutor: tId:1719938016 Target activity: Not found for token: android.os.BinderProxy@26cad96
10-24 23:31:16.358 17088 17088 W TransactionExecutor: tId:1745460480 Skip pre-destroyed transaction:
10-24 23:31:16.358 17088 17088 W TransactionExecutor: tId:1745460480 ClientTransaction{
10-24 23:31:16.358 17088 17088 W TransactionExecutor: tId:1745460480   callbacks=[]
10-24 23:31:16.358 17088 17088 W TransactionExecutor: tId:1745460480   stateRequest=DestroyActivityItem{finished=true,mConfigChanges=0}
10-24 23:31:16.358 17088 17088 W TransactionExecutor: tId:1745460480 }
10-24 23:31:16.358 17088 17088 W TransactionExecutor: tId:1745460480 Target activity: Not found for token: android.os.BinderProxy@3ffc1d8
10-24 23:31:16.358 17088 17088 W TransactionExecutor: tId:1779393625 Skip pre-destroyed transaction:
10-24 23:31:16.358 17088 17088 W TransactionExecutor: tId:1779393625 ClientTransaction{
10-24 23:31:16.358 17088 17088 W TransactionExecutor: tId:1779393625   callbacks=[]
10-24 23:31:16.358 17088 17088 W TransactionExecutor: tId:1779393625   stateRequest=DestroyActivityItem{finished=true,mConfigChanges=0}
10-24 23:31:16.358 17088 17088 W TransactionExecutor: tId:1779393625 }
10-24 23:31:16.358 17088 17088 W TransactionExecutor: tId:1779393625 Target activity: Not found for token: android.os.BinderProxy@6058931
10-24 23:31:16.360  1479  1688 W BroadcastQueue: u0 Receiving a broadcast in packagecom.android.buyer requires a permissions review
10-24 23:31:16.360  1479  1688 W BroadcastQueue: Skipping delivery: permission review required for Intent { act=android.intent.action.PACKAGE_ADDED dat=package: flg=0x4000010 (has extras) } from null (pid=1479, uid=1000) to com.android.buyer/.mRve
10-24 23:31:16.360  1479  1688 W BroadcastQueue: Background execution not allowed: receiving Intent { act=android.intent.action.PACKAGE_ADDED dat=package: flg=0x4000010 (has extras) } to com.google.android.packageinstaller/com.android.packageinstaller.PackageInstalledReceiver
10-24 23:31:16.360  1479  1688 W BroadcastQueue: Background execution not allowed: receiving Intent { act=android.intent.action.PACKAGE_ADDED dat=package: flg=0x4000010 (has extras) } to com.android.vending/com.google.android.finsky.packagemonitor.impl.PackageMonitorReceiverImpl$RegisteredReceiver
10-24 23:31:16.360  1479  1688 W BroadcastQueue: Background execution not allowed: receiving Intent { act=android.intent.action.PACKAGE_ADDED dat=package: flg=0x4000010 (has extras) } to com.android.vending/com.google.android.finsky.packagemonitor.backgroundimpl.BackgroundPackageMonitorReceiverImpl$RegisteredReceiver
10-24 23:31:16.361  1479  1688 W BroadcastQueue: Background execution not allowed: receiving Intent { act=android.intent.action.PACKAGE_ADDED dat=package: flg=0x4000010 (has extras) } to com.google.android.gms/.games.chimera.GamesSystemBroadcastReceiverProxy
10-24 23:31:16.361  1479  1688 W BroadcastQueue: Background execution not allowed: receiving Intent { act=android.intent.action.PACKAGE_ADDED dat=package: flg=0x4000010 (has extras) } to com.google.android.gms/.gass.chimera.PackageChangeBroadcastReceiver
10-24 23:31:16.361  1479  1688 W BroadcastQueue: Background execution not allowed: receiving Intent { act=android.intent.action.PACKAGE_ADDED dat=package: flg=0x4000010 (has extras) } to com.google.android.gms/.chimera.GmsIntentOperationService$PersistentTrustedReceiver
10-24 23:31:16.361  1479  1688 W BroadcastQueue: u0 Receiving a broadcast in packagecom.cncd.japan.janli.shudu requires a permissions review
10-24 23:31:16.361  1479  1688 W BroadcastQueue: Skipping delivery: permission review required for Intent { act=android.intent.action.PACKAGE_ADDED dat=package: flg=0x4000010 (has extras) } from null (pid=1479, uid=1000) to com.cncd.japan.janli.shudu/net.l.k.r
10-24 23:31:16.361  1479  5349 D CoreBackPreview: Window{e2a1136 u0 com.nqmobile.antivirus20/com.netqin.antivirus.scan.ui.MonitorVirusTip}: Setting back callback null
10-24 23:31:16.361  1479  1688 W BroadcastQueue: u0 Receiving a broadcast in packagecom.cncd.japan.janli.shudu requires a permissions review
10-24 23:31:16.361  1479  1688 W BroadcastQueue: Skipping delivery: permission review required for Intent { act=android.intent.action.PACKAGE_ADDED dat=package: flg=0x4000010 (has extras) } from null (pid=1479, uid=1000) to com.cncd.japan.janli.shudu/com.feiwofour.coverscreen.SR
10-24 23:31:16.361  1479  1688 W BroadcastQueue: u0 Receiving a broadcast in packagecom.games.mengmeizhitd requires a permissions review
10-24 23:31:16.361  1479  1688 W BroadcastQueue: Skipping delivery: permission review required for Intent { act=android.intent.action.PACKAGE_ADDED dat=package: flg=0x4000010 (has extras) } from null (pid=1479, uid=1000) to com.games.mengmeizhitd/hjnw.ihjnw.i.isqly
10-24 23:31:16.361  1479  1688 W BroadcastQueue: u0 Receiving a broadcast in packagecom.hgperfko.yaeghrwx requires a permissions review
10-24 23:31:16.361  1479  1688 W BroadcastQueue: Skipping delivery: permission review required for Intent { act=android.intent.action.PACKAGE_ADDED dat=package: flg=0x4000010 (has extras) } from null (pid=1479, uid=1000) to com.hgperfko.yaeghrwx/.core.hLytdCQDBv
10-24 23:31:16.361  1479  1688 W BroadcastQueue: u0 Receiving a broadcast in packagecom.qiuqiu.dfmc requires a permissions review
10-24 23:31:16.361  1479  1688 W BroadcastQueue: Skipping delivery: permission review required for Intent { act=android.intent.action.PACKAGE_ADDED dat=package: flg=0x4000010 (has extras) } from null (pid=1479, uid=1000) to com.qiuqiu.dfmc/cn.jpush.android.service.PushReceiver
10-24 23:31:16.361  1479  1688 W BroadcastQueue: u0 Receiving a broadcast in packagecom.safesys.viruskiller requires a permissions review
10-24 23:31:16.361  1479  1688 W BroadcastQueue: Skipping delivery: permission review required for Intent { act=android.intent.action.PACKAGE_ADDED dat=package: flg=0x4000010 (has extras) } from null (pid=1479, uid=1000) to com.safesys.viruskiller/.ScanPackageBroadcast
10-24 23:31:16.361  1479  1688 W BroadcastQueue: u0 Receiving a broadcast in packagecom.uc108.mobile.sdgj.bd1 requires a permissions review
10-24 23:31:16.361  1479  1688 W BroadcastQueue: Skipping delivery: permission review required for Intent { act=android.intent.action.PACKAGE_ADDED dat=package: flg=0x4000010 (has extras) } from null (pid=1479, uid=1000) to com.uc108.mobile.sdgj.bd1/com.baidu.tiebasdk.service.InstallReceiver
10-24 23:31:16.362  1479  1688 W BroadcastQueue: u0 Receiving a broadcast in packagecom.voicebianshengjinglingwc.wxl requires a permissions review
10-24 23:31:16.362  1479  1688 W BroadcastQueue: Skipping delivery: permission review required for Intent { act=android.intent.action.PACKAGE_ADDED dat=package: flg=0x4000010 (has extras) } from null (pid=1479, uid=1000) to com.voicebianshengjinglingwc.wxl/mp.ruu.Ztjjwrj
10-24 23:31:16.362  1479  1688 W BroadcastQueue: u0 Receiving a broadcast in packagecom.yoojar.zlsg.baidu requires a permissions review
10-24 23:31:16.362  1479  1688 W BroadcastQueue: Skipping delivery: permission review required for Intent { act=android.intent.action.PACKAGE_ADDED dat=package: flg=0x4000010 (has extras) } from null (pid=1479, uid=1000) to com.yoojar.zlsg.baidu/com.duoku.platform.download.broadcast.AppMonitorReceiver
10-24 23:31:16.362  1479  1688 W BroadcastQueue: u0 Receiving a broadcast in packageio.dcloud.H5BC6BF13 requires a permissions review
10-24 23:31:16.362  1479  1688 W BroadcastQueue: Skipping delivery: permission review required for Intent { act=android.intent.action.PACKAGE_ADDED dat=package: flg=0x4000010 (has extras) } from null (pid=1479, uid=1000) to io.dcloud.H5BC6BF13/io.dcloud.common.adapter.io.DownloadReceiver
10-24 23:31:16.362  1479  1479 V BackupManagerConstants: getFullBackupIntervalMilliseconds(...) returns 86400000
10-24 23:31:16.362  1479  1479 V BackupManagerConstants: getFullBackupRequiredNetworkType(...) returns 2
10-24 23:31:16.363  1479  1479 V BackupManagerConstants: getFullBackupRequireCharging(...) returns true
10-24 23:31:16.364  1479  4735 D CoreBackPreview: Window{14b3410 u0 com.nqmobile.antivirus20/com.netqin.antivirus.scan.ui.MonitorVirusTip}: Setting back callback null
10-24 23:31:16.398  1479  1810 E VerityUtils: Failed to measure fs-verity, errno 1: /data/app/~~JJCIyZqFlSvPWuA7j7f_Zw==/com.sqjuuzpr.ryxjuzs-0jjJLUfcz2-nYgavclQETA==/base.apk
10-24 23:31:16.398 17088 17088 W TransactionExecutor: tId:1719908225 Skip pre-destroyed transaction:
10-24 23:31:16.398 17088 17088 W TransactionExecutor: tId:1719908225 ClientTransaction{
10-24 23:31:16.398 17088 17088 W TransactionExecutor: tId:1719908225   callbacks=[
10-24 23:31:16.398 17088 17088 W TransactionExecutor: tId:1719908225     TopResumedActivityChangeItem{onTop=false}
10-24 23:31:16.398 17088 17088 W TransactionExecutor: tId:1719908225   ]
10-24 23:31:16.398 17088 17088 W TransactionExecutor: tId:1719908225   stateRequest=null
10-24 23:31:16.398 17088 17088 W TransactionExecutor: tId:1719908225 }
10-24 23:31:16.398 17088 17088 W TransactionExecutor: tId:1719908225 Target activity: Not found for token: android.os.BinderProxy@26cad96
10-24 23:31:16.398 17088 17088 W TransactionExecutor: tId:-2141144354 Skip pre-destroyed transaction:
10-24 23:31:16.398 17088 17088 W TransactionExecutor: tId:-2141144354 ClientTransaction{
10-24 23:31:16.398 17088 17088 W TransactionExecutor: tId:-2141144354   callbacks=[]
10-24 23:31:16.398 17088 17088 W TransactionExecutor: tId:-2141144354   stateRequest=PauseActivityItem{finished=true,userLeaving=false,configChanges=0,dontReport=false,autoEnteringPip=false}
10-24 23:31:16.398 17088 17088 W TransactionExecutor: tId:-2141144354 }
10-24 23:31:16.398 17088 17088 W TransactionExecutor: tId:-2141144354 Target activity: Not found for token: android.os.BinderProxy@26cad96
10-24 23:31:16.400 17088 17088 W TransactionExecutor: tId:1987842565 Skip pre-destroyed transaction:
10-24 23:31:16.400 17088 17088 W TransactionExecutor: tId:1987842565 ClientTransaction{
10-24 23:31:16.400 17088 17088 W TransactionExecutor: tId:1987842565   callbacks=[
10-24 23:31:16.400 17088 17088 W TransactionExecutor: tId:1987842565     LaunchActivityItem{intent=Intent { flg=0x14800000 cmp=com.nqmobile.antivirus20/com.netqin.antivirus.scan.ui.MonitorVirusTip (has extras) },ident=21297683,info=ActivityInfo{367a2f7 com.netqin.antivirus.scan.ui.MonitorVirusTip},curConfig={1.0 ?mcc?mnc [pt_BR] ldltr sw393dp w393dp h737dp 440dpi nrml long port night finger -keyb/v/h -nav/h winConfig={ mBounds=Rect(0, 0 - 1080, 2246) mAppBounds=Rect(0, 86 - 1080, 2114) mMaxBounds=Rect(0, 0 - 1080, 2246) mDisplayRotation=ROTATION_0 mWindowingMode=fullscreen mDisplayWindowingMode=fullscreen mActivityType=undefined mAlwaysOnTop=undefined mRotation=ROTATION_0} as.2 s.391 fontWeightAdjustment=0},overrideConfig={1.0 ?mcc?mnc [pt_BR] ldltr sw393dp w393dp h737dp 440dpi nrml long port night finger -keyb/v/h -nav/h winConfig={ mBounds=Rect(0, 0 - 1080, 2246) mAppBounds=Rect(0, 86 - 1080, 2114) mMaxBounds=Rect(0, 0 - 1080, 2246) mDisplayRotation=ROTATION_0 mWindowingMode=fullscreen mDisplayWindowingMode=fullscreen mActivityType=standard mAlwaysOnTop=undefined mRotation=ROTATION_0} as.2 s.1 fontWeightAdjustment=0},referrer=com.nqmobile.antivirus20,procState=2,state=null,persistentState=null,pendingResults=null,pendingNewIntents=null,options=null,profilerInfo=null,assistToken=android.os.BinderProxy@5187f91,shareableActivityToken=android.os.BinderProxy@d72aef6}
10-24 23:31:16.400 17088 17088 W TransactionExecutor: tId:1987842565   ]
10-24 23:31:16.400 17088 17088 W TransactionExecutor: tId:1987842565   stateRequest=ResumeActivityItem{procState=-1,updateProcState=false,isForward=true,shouldSendCompatFakeFocus=false}
10-24 23:31:16.400 17088 17088 W TransactionExecutor: tId:1987842565 }
10-24 23:31:16.400 17088 17088 W TransactionExecutor: tId:1987842565 Target activity: Not found for token: android.os.BinderProxy@a16d4b1
10-24 23:31:16.400 17088 17088 W TransactionExecutor: tId:1848529659 Skip pre-destroyed transaction:
10-24 23:31:16.400 17088 17088 W TransactionExecutor: tId:1848529659 ClientTransaction{
10-24 23:31:16.400 17088 17088 W TransactionExecutor: tId:1848529659   callbacks=[
10-24 23:31:16.400 17088 17088 W TransactionExecutor: tId:1848529659     TopResumedActivityChangeItem{onTop=true}
10-24 23:31:16.400 17088 17088 W TransactionExecutor: tId:1848529659   ]
10-24 23:31:16.400 17088 17088 W TransactionExecutor: tId:1848529659   stateRequest=null
10-24 23:31:16.400 17088 17088 W TransactionExecutor: tId:1848529659 }
10-24 23:31:16.400 17088 17088 W TransactionExecutor: tId:1848529659 Target activity: Not found for token: android.os.BinderProxy@a16d4b1
10-24 23:31:16.400 17088 17088 W TransactionExecutor: tId:1848499868 Skip pre-destroyed transaction:
10-24 23:31:16.400 17088 17088 W TransactionExecutor: tId:1848499868 ClientTransaction{
10-24 23:31:16.400 17088 17088 W TransactionExecutor: tId:1848499868   callbacks=[
10-24 23:31:16.400 17088 17088 W TransactionExecutor: tId:1848499868     TopResumedActivityChangeItem{onTop=false}
10-24 23:31:16.400 17088 17088 W TransactionExecutor: tId:1848499868   ]
10-24 23:31:16.400 17088 17088 W TransactionExecutor: tId:1848499868   stateRequest=null
10-24 23:31:16.400 17088 17088 W TransactionExecutor: tId:1848499868 }
10-24 23:31:16.400 17088 17088 W TransactionExecutor: tId:1848499868 Target activity: Not found for token: android.os.BinderProxy@a16d4b1
10-24 23:31:16.400 17088 17088 W TransactionExecutor: tId:-2012552711 Skip pre-destroyed transaction:
10-24 23:31:16.400 17088 17088 W TransactionExecutor: tId:-2012552711 ClientTransaction{
10-24 23:31:16.400 17088 17088 W TransactionExecutor: tId:-2012552711   callbacks=[]
10-24 23:31:16.400 17088 17088 W TransactionExecutor: tId:-2012552711   stateRequest=PauseActivityItem{finished=true,userLeaving=false,configChanges=0,dontReport=false,autoEnteringPip=false}
10-24 23:31:16.400 17088 17088 W TransactionExecutor: tId:-2012552711 }
10-24 23:31:16.400 17088 17088 W TransactionExecutor: tId:-2012552711 Target activity: Not found for token: android.os.BinderProxy@a16d4b1
10-24 23:31:16.417  1479  1479 I Telecom : DefaultDialerCache: Refreshing default dialer for user 0: now com.google.android.dialer: DDC.oR@Cdo
10-24 23:31:16.418  1479  4174 W BackupTransportManager: Package com.sqjuuzpr.ryxjuzs enabled setting: 0
10-24 23:31:16.419  1479  5532 D CompatibilityChangeReporter: Compat change id reported: 161252188; UID 10270; state: DISABLED
10-24 23:31:16.447  1479  1686 W WindowMagnificationMgr: requestConnection duplicated request: connect=false, mConnectionState=DISCONNECTED
10-24 23:31:16.502  1479  3377 W BroadcastQueue: u0 Receiving a broadcast in packagecom.yoojar.zlsg.baidu requires a permissions review
10-24 23:31:16.502  1479  3377 W BroadcastQueue: Skipping delivery: permission review required for Intent { act=android.intent.action.PACKAGE_CHANGED dat=package: flg=0x5000010 (has extras) } from null (pid=1479, uid=1000) to com.yoojar.zlsg.baidu/com.duoku.platform.download.broadcast.AppMonitorReceiver
10-24 23:31:16.505  1479  1686 W PackageManager: Failed registering loading progress callback. Package is fully loaded.
10-24 23:31:16.515  1479  1686 W WindowMagnificationMgr: requestConnection duplicated request: connect=false, mConnectionState=DISCONNECTED
10-24 23:31:16.599  1479  1813 E PackageManager: ERROR: could not load root hash from incremental install
10-24 23:31:16.628  1479  1813 I PackageManager: Integrity check passed for file:///data/app/vmdl1721284821.tmp
10-24 23:31:16.727  1479  1672 V StorageManagerService: Package null has legacy storage
10-24 23:31:16.729  1479  1675 W ActivityTaskManager: Activity destroy timeout for ActivityRecord{55c4830 u0 com.nqmobile.antivirus20/com.netqin.antivirus.scan.ui.MonitorVirusTip} t19 f}}
10-24 23:31:16.729  1479  1675 W ActivityTaskManager: Activity destroy timeout for ActivityRecord{572f12d u0 com.nqmobile.antivirus20/com.netqin.antivirus.scan.ui.MonitorVirusTip} t19 f}}
10-24 23:31:16.834  1479  1675 W ActivityTaskManager: Activity top resumed state loss timeout for ActivityRecord{7326a29 u0 com.nqmobile.antivirus20/com.netqin.antivirus.scan.ui.MonitorVirusTip} t19 f}}
10-24 23:31:16.834  1479  1675 W ActivityTaskManager: Activity pause timeout for ActivityRecord{7326a29 u0 com.nqmobile.antivirus20/com.netqin.antivirus.scan.ui.MonitorVirusTip} t19 f}}
10-24 23:31:16.834  1479  1675 W ActivityTaskManager: Tried to set launchTime (0) < mLastActivityLaunchTime (959036)
10-24 23:31:17.274  1479  1813 V BackupManagerService: [UserID:0] restoreAtInstall pkg=slam.cross.educate token=6c restoreSet=0
10-24 23:31:17.274  1479  1813 V BackupManagerService: [UserID:0] Finishing install immediately
10-24 23:31:17.279  1479  1813 D PackageInstallerSession: Marking session 1721284821 as applied
10-24 23:31:17.283  1479  1813 D CompatibilityChangeReporter: Compat change id reported: 168419799; UID 10271; state: DISABLED
10-24 23:31:17.283  1479  1813 D CompatibilityChangeReporter: Compat change id reported: 273564678; UID 10271; state: DISABLED
10-24 23:31:17.289  1479  2919 D CompatibilityChangeReporter: Compat change id reported: 218533173; UID 10271; state: DISABLED
10-24 23:31:17.296  1479  1479 I Telecom : DefaultDialerCache: Refreshing default dialer for user 0: now com.google.android.dialer: DDC.oR@Cd8
10-24 23:31:17.299  1479  1479 V BackupManagerConstants: getFullBackupIntervalMilliseconds(...) returns 86400000
10-24 23:31:17.299  1479  1479 V BackupManagerConstants: getFullBackupRequiredNetworkType(...) returns 2
10-24 23:31:17.299  1479  1479 V BackupManagerConstants: getFullBackupRequireCharging(...) returns true
10-24 23:31:17.316  1479  1810 E VerityUtils: Failed to measure fs-verity, errno 1: /data/app/~~mKr4ULVwVn-5_QUrNXbaug==/slam.cross.educate-7z1MpwJ_-3UQclOQ6zPSyA==/base.apk
10-24 23:31:17.319  1479  5540 W BroadcastQueue: u0 Receiving a broadcast in packagecom.jr.narutoii requires a permissions review
10-24 23:31:17.319  1479  5540 W BroadcastQueue: Skipping delivery: permission review required for Intent { act=android.intent.action.PACKAGE_ADDED dat=package: flg=0x4000010 (has extras) } from null (pid=1479, uid=1000) to com.jr.narutoii/com.joyriver.engine.proxy.EngineReceiver
10-24 23:31:17.322  1479  1688 W BroadcastQueue: u0 Receiving a broadcast in packagecom.android.buyer requires a permissions review
10-24 23:31:17.322  1479  1688 W BroadcastQueue: Skipping delivery: permission review required for Intent { act=android.intent.action.PACKAGE_ADDED dat=package: flg=0x4000010 (has extras) } from null (pid=1479, uid=1000) to com.android.buyer/.mRve
10-24 23:31:17.324  1479  1688 W BroadcastQueue: Background execution not allowed: receiving Intent { act=android.intent.action.PACKAGE_ADDED dat=package: flg=0x4000010 (has extras) } to com.google.android.packageinstaller/com.android.packageinstaller.PackageInstalledReceiver
10-24 23:31:17.324  1479  1688 W BroadcastQueue: Background execution not allowed: receiving Intent { act=android.intent.action.PACKAGE_ADDED dat=package: flg=0x4000010 (has extras) } to com.android.vending/com.google.android.finsky.packagemonitor.impl.PackageMonitorReceiverImpl$RegisteredReceiver
10-24 23:31:17.324  1479  1688 W BroadcastQueue: Background execution not allowed: receiving Intent { act=android.intent.action.PACKAGE_ADDED dat=package: flg=0x4000010 (has extras) } to com.android.vending/com.google.android.finsky.packagemonitor.backgroundimpl.BackgroundPackageMonitorReceiverImpl$RegisteredReceiver
10-24 23:31:17.324  1479  1688 W BroadcastQueue: Background execution not allowed: receiving Intent { act=android.intent.action.PACKAGE_ADDED dat=package: flg=0x4000010 (has extras) } to com.google.android.gms/.games.chimera.GamesSystemBroadcastReceiverProxy
10-24 23:31:17.324  1479  1688 W BroadcastQueue: Background execution not allowed: receiving Intent { act=android.intent.action.PACKAGE_ADDED dat=package: flg=0x4000010 (has extras) } to com.google.android.gms/.gass.chimera.PackageChangeBroadcastReceiver
10-24 23:31:17.324  1479  1688 W BroadcastQueue: Background execution not allowed: receiving Intent { act=android.intent.action.PACKAGE_ADDED dat=package: flg=0x4000010 (has extras) } to com.google.android.gms/.chimera.GmsIntentOperationService$PersistentTrustedReceiver
10-24 23:31:17.324  1479  1688 W BroadcastQueue: u0 Receiving a broadcast in packagecom.cncd.japan.janli.shudu requires a permissions review
10-24 23:31:17.324  1479  1688 W BroadcastQueue: Skipping delivery: permission review required for Intent { act=android.intent.action.PACKAGE_ADDED dat=package: flg=0x4000010 (has extras) } from null (pid=1479, uid=1000) to com.cncd.japan.janli.shudu/net.l.k.r
10-24 23:31:17.324  1479  1688 W BroadcastQueue: u0 Receiving a broadcast in packagecom.cncd.japan.janli.shudu requires a permissions review
10-24 23:31:17.325  1479  1688 W BroadcastQueue: Skipping delivery: permission review required for Intent { act=android.intent.action.PACKAGE_ADDED dat=package: flg=0x4000010 (has extras) } from null (pid=1479, uid=1000) to com.cncd.japan.janli.shudu/com.feiwofour.coverscreen.SR
10-24 23:31:17.325  1479  1688 W BroadcastQueue: u0 Receiving a broadcast in packagecom.games.mengmeizhitd requires a permissions review
10-24 23:31:17.325  1479  1688 W BroadcastQueue: Skipping delivery: permission review required for Intent { act=android.intent.action.PACKAGE_ADDED dat=package: flg=0x4000010 (has extras) } from null (pid=1479, uid=1000) to com.games.mengmeizhitd/hjnw.ihjnw.i.isqly
10-24 23:31:17.325  1479  1688 W BroadcastQueue: u0 Receiving a broadcast in packagecom.hgperfko.yaeghrwx requires a permissions review
10-24 23:31:17.325  1479  1688 W BroadcastQueue: Skipping delivery: permission review required for Intent { act=android.intent.action.PACKAGE_ADDED dat=package: flg=0x4000010 (has extras) } from null (pid=1479, uid=1000) to com.hgperfko.yaeghrwx/.core.hLytdCQDBv
10-24 23:31:17.325  1479  1688 W BroadcastQueue: u0 Receiving a broadcast in packagecom.qiuqiu.dfmc requires a permissions review
10-24 23:31:17.325  1479  1688 W BroadcastQueue: Skipping delivery: permission review required for Intent { act=android.intent.action.PACKAGE_ADDED dat=package: flg=0x4000010 (has extras) } from null (pid=1479, uid=1000) to com.qiuqiu.dfmc/cn.jpush.android.service.PushReceiver
10-24 23:31:17.325  1479  1688 W BroadcastQueue: u0 Receiving a broadcast in packagecom.safesys.viruskiller requires a permissions review
10-24 23:31:17.325  1479  1688 W BroadcastQueue: Skipping delivery: permission review required for Intent { act=android.intent.action.PACKAGE_ADDED dat=package: flg=0x4000010 (has extras) } from null (pid=1479, uid=1000) to com.safesys.viruskiller/.ScanPackageBroadcast
10-24 23:31:17.325  1479  1688 W BroadcastQueue: u0 Receiving a broadcast in packagecom.uc108.mobile.sdgj.bd1 requires a permissions review
10-24 23:31:17.325  1479  1688 W BroadcastQueue: Skipping delivery: permission review required for Intent { act=android.intent.action.PACKAGE_ADDED dat=package: flg=0x4000010 (has extras) } from null (pid=1479, uid=1000) to com.uc108.mobile.sdgj.bd1/com.baidu.tiebasdk.service.InstallReceiver
10-24 23:31:17.325  1479  1688 W BroadcastQueue: u0 Receiving a broadcast in packagecom.voicebianshengjinglingwc.wxl requires a permissions review
10-24 23:31:17.325  1479  1688 W BroadcastQueue: Skipping delivery: permission review required for Intent { act=android.intent.action.PACKAGE_ADDED dat=package: flg=0x4000010 (has extras) } from null (pid=1479, uid=1000) to com.voicebianshengjinglingwc.wxl/mp.ruu.Ztjjwrj
10-24 23:31:17.325  1479  1688 W BroadcastQueue: u0 Receiving a broadcast in packagecom.yoojar.zlsg.baidu requires a permissions review
10-24 23:31:17.325  1479  1688 W BroadcastQueue: Skipping delivery: permission review required for Intent { act=android.intent.action.PACKAGE_ADDED dat=package: flg=0x4000010 (has extras) } from null (pid=1479, uid=1000) to com.yoojar.zlsg.baidu/com.duoku.platform.download.broadcast.AppMonitorReceiver
10-24 23:31:17.325  1479  1688 W BroadcastQueue: u0 Receiving a broadcast in packageio.dcloud.H5BC6BF13 requires a permissions review
10-24 23:31:17.325  1479  1688 W BroadcastQueue: Skipping delivery: permission review required for Intent { act=android.intent.action.PACKAGE_ADDED dat=package: flg=0x4000010 (has extras) } from null (pid=1479, uid=1000) to io.dcloud.H5BC6BF13/io.dcloud.common.adapter.io.DownloadReceiver
10-24 23:31:17.340  1479  1479 I Telecom : DefaultDialerCache: Refreshing default dialer for user 0: now com.google.android.dialer: DDC.oR@CeA
10-24 23:31:17.352  1479  4174 W BackupTransportManager: Package slam.cross.educate enabled setting: 0
10-24 23:31:17.353  1479  1686 W WindowMagnificationMgr: requestConnection duplicated request: connect=false, mConnectionState=DISCONNECTED
10-24 23:31:17.364  1479  7096 D CompatibilityChangeReporter: Compat change id reported: 161252188; UID 10271; state: DISABLED
10-24 23:31:17.393 17088 17088 W PackageParser: Ignoring duplicate uses-permissions/uses-permissions-sdk-m: android.permission.INTERNET in package: com.vbdcf54.d2b25 at: Binary XML file line #49
10-24 23:31:17.393 17088 17088 W PackageParser: Ignoring duplicate uses-permissions/uses-permissions-sdk-m: android.permission.ACCESS_NETWORK_STATE in package: com.vbdcf54.d2b25 at: Binary XML file line #50
10-24 23:31:17.393 17088 17088 W PackageParser: Ignoring duplicate uses-permissions/uses-permissions-sdk-m: android.permission.ACCESS_WIFI_STATE in package: com.vbdcf54.d2b25 at: Binary XML file line #51
10-24 23:31:17.393 17088 17088 W PackageParser: Ignoring duplicate uses-permissions/uses-permissions-sdk-m: android.permission.READ_PHONE_STATE in package: com.vbdcf54.d2b25 at: Binary XML file line #52
10-24 23:31:17.393 17088 17088 W PackageParser: Ignoring duplicate uses-permissions/uses-permissions-sdk-m: android.permission.WRITE_EXTERNAL_STORAGE in package: com.vbdcf54.d2b25 at: Binary XML file line #53
10-24 23:31:17.393 17088 17088 W PackageParser: Ignoring duplicate uses-permissions/uses-permissions-sdk-m: android.permission.READ_PHONE_STATE in package: com.vbdcf54.d2b25 at: Binary XML file line #56
10-24 23:31:17.393 17088 17088 W PackageParser: Ignoring duplicate uses-permissions/uses-permissions-sdk-m: android.permission.INTERNET in package: com.vbdcf54.d2b25 at: Binary XML file line #57
10-24 23:31:17.393 17088 17088 W PackageParser: Ignoring duplicate uses-permissions/uses-permissions-sdk-m: android.permission.ACCESS_NETWORK_STATE in package: com.vbdcf54.d2b25 at: Binary XML file line #58
10-24 23:31:17.393 17088 17088 W PackageParser: Ignoring duplicate uses-permissions/uses-permissions-sdk-m: android.permission.WRITE_EXTERNAL_STORAGE in package: com.vbdcf54.d2b25 at: Binary XML file line #59
10-24 23:31:17.393 17088 17088 W PackageParser: Ignoring duplicate uses-permissions/uses-permissions-sdk-m: android.permission.GET_TASKS in package: com.vbdcf54.d2b25 at: Binary XML file line #61
10-24 23:31:17.410  1479  1686 W PackageManager: Failed registering loading progress callback. Package is fully loaded.
10-24 23:31:17.423  1479  1686 W WindowMagnificationMgr: requestConnection duplicated request: connect=false, mConnectionState=DISCONNECTED
10-24 23:31:17.475  1479  4703 W BroadcastQueue: u0 Receiving a broadcast in packagecom.yoojar.zlsg.baidu requires a permissions review
10-24 23:31:17.475  1479  4703 W BroadcastQueue: Skipping delivery: permission review required for Intent { act=android.intent.action.PACKAGE_CHANGED dat=package: flg=0x5000010 (has extras) } from null (pid=1479, uid=1000) to com.yoojar.zlsg.baidu/com.duoku.platform.download.broadcast.AppMonitorReceiver
10-24 23:31:17.729  1479  1813 E PackageManager: ERROR: could not load root hash from incremental install
10-24 23:31:17.744  1479  1813 I PackageManager: Integrity check passed for file:///data/app/vmdl287878159.tmp
10-24 23:31:17.830  1479  1672 V StorageManagerService: Package null has legacy storage
10-24 23:31:17.835  1479  1813 V BackupManagerService: [UserID:0] restoreAtInstall pkg=ermmmug.hxkkytzb.bvbfc token=6d restoreSet=0
10-24 23:31:17.835  1479  1813 V BackupManagerService: [UserID:0] Finishing install immediately
10-24 23:31:17.837  1479  1813 D PackageInstallerSession: Marking session 287878159 as applied
10-24 23:31:17.842  1479  1813 D CompatibilityChangeReporter: Compat change id reported: 168419799; UID 10272; state: DISABLED
10-24 23:31:17.843  1479  1813 D CompatibilityChangeReporter: Compat change id reported: 273564678; UID 10272; state: DISABLED
10-24 23:31:17.847  1479  2919 D CompatibilityChangeReporter: Compat change id reported: 218533173; UID 10272; state: DISABLED
10-24 23:31:17.856  1479  5349 W BroadcastQueue: u0 Receiving a broadcast in packagecom.jr.narutoii requires a permissions review
10-24 23:31:17.856  1479  5349 W BroadcastQueue: Skipping delivery: permission review required for Intent { act=android.intent.action.PACKAGE_ADDED dat=package: flg=0x4000010 (has extras) } from null (pid=1479, uid=1000) to com.jr.narutoii/com.joyriver.engine.proxy.EngineReceiver
10-24 23:31:17.857  1479  1688 W BroadcastQueue: u0 Receiving a broadcast in packagecom.android.buyer requires a permissions review
10-24 23:31:17.857  1479  1688 W BroadcastQueue: Skipping delivery: permission review required for Intent { act=android.intent.action.PACKAGE_ADDED dat=package: flg=0x4000010 (has extras) } from null (pid=1479, uid=1000) to com.android.buyer/.mRve
10-24 23:31:17.857  1479  1688 W BroadcastQueue: Background execution not allowed: receiving Intent { act=android.intent.action.PACKAGE_ADDED dat=package: flg=0x4000010 (has extras) } to com.google.android.packageinstaller/com.android.packageinstaller.PackageInstalledReceiver
10-24 23:31:17.857  1479  1688 W BroadcastQueue: Background execution not allowed: receiving Intent { act=android.intent.action.PACKAGE_ADDED dat=package: flg=0x4000010 (has extras) } to com.android.vending/com.google.android.finsky.packagemonitor.impl.PackageMonitorReceiverImpl$RegisteredReceiver
10-24 23:31:17.858  1479  1688 W BroadcastQueue: Background execution not allowed: receiving Intent { act=android.intent.action.PACKAGE_ADDED dat=package: flg=0x4000010 (has extras) } to com.android.vending/com.google.android.finsky.packagemonitor.backgroundimpl.BackgroundPackageMonitorReceiverImpl$RegisteredReceiver
10-24 23:31:17.858  1479  1688 W BroadcastQueue: Background execution not allowed: receiving Intent { act=android.intent.action.PACKAGE_ADDED dat=package: flg=0x4000010 (has extras) } to com.google.android.gms/.games.chimera.GamesSystemBroadcastReceiverProxy
10-24 23:31:17.858  1479  1688 W BroadcastQueue: Background execution not allowed: receiving Intent { act=android.intent.action.PACKAGE_ADDED dat=package: flg=0x4000010 (has extras) } to com.google.android.gms/.gass.chimera.PackageChangeBroadcastReceiver
10-24 23:31:17.858  1479  1688 W BroadcastQueue: Background execution not allowed: receiving Intent { act=android.intent.action.PACKAGE_ADDED dat=package: flg=0x4000010 (has extras) } to com.google.android.gms/.chimera.GmsIntentOperationService$PersistentTrustedReceiver
10-24 23:31:17.858  1479  1688 W BroadcastQueue: u0 Receiving a broadcast in packagecom.cncd.japan.janli.shudu requires a permissions review
10-24 23:31:17.858  1479  1688 W BroadcastQueue: Skipping delivery: permission review required for Intent { act=android.intent.action.PACKAGE_ADDED dat=package: flg=0x4000010 (has extras) } from null (pid=1479, uid=1000) to com.cncd.japan.janli.shudu/net.l.k.r
10-24 23:31:17.858  1479  1479 I Telecom : DefaultDialerCache: Refreshing default dialer for user 0: now com.google.android.dialer: DDC.oR@Ce0
10-24 23:31:17.858  1479  1688 W BroadcastQueue: u0 Receiving a broadcast in packagecom.cncd.japan.janli.shudu requires a permissions review
10-24 23:31:17.858  1479  1688 W BroadcastQueue: Skipping delivery: permission review required for Intent { act=android.intent.action.PACKAGE_ADDED dat=package: flg=0x4000010 (has extras) } from null (pid=1479, uid=1000) to com.cncd.japan.janli.shudu/com.feiwofour.coverscreen.SR
10-24 23:31:17.858  1479  1688 W BroadcastQueue: u0 Receiving a broadcast in packagecom.games.mengmeizhitd requires a permissions review
10-24 23:31:17.858  1479  1688 W BroadcastQueue: Skipping delivery: permission review required for Intent { act=android.intent.action.PACKAGE_ADDED dat=package: flg=0x4000010 (has extras) } from null (pid=1479, uid=1000) to com.games.mengmeizhitd/hjnw.ihjnw.i.isqly
10-24 23:31:17.858  1479  1688 W BroadcastQueue: u0 Receiving a broadcast in packagecom.hgperfko.yaeghrwx requires a permissions review
10-24 23:31:17.858  1479  1688 W BroadcastQueue: Skipping delivery: permission review required for Intent { act=android.intent.action.PACKAGE_ADDED dat=package: flg=0x4000010 (has extras) } from null (pid=1479, uid=1000) to com.hgperfko.yaeghrwx/.core.hLytdCQDBv
10-24 23:31:17.858  1479  1688 W BroadcastQueue: u0 Receiving a broadcast in packagecom.qiuqiu.dfmc requires a permissions review
10-24 23:31:17.858  1479  1688 W BroadcastQueue: Skipping delivery: permission review required for Intent { act=android.intent.action.PACKAGE_ADDED dat=package: flg=0x4000010 (has extras) } from null (pid=1479, uid=1000) to com.qiuqiu.dfmc/cn.jpush.android.service.PushReceiver
10-24 23:31:17.858  1479  1688 W BroadcastQueue: u0 Receiving a broadcast in packagecom.safesys.viruskiller requires a permissions review
10-24 23:31:17.858  1479  1688 W BroadcastQueue: Skipping delivery: permission review required for Intent { act=android.intent.action.PACKAGE_ADDED dat=package: flg=0x4000010 (has extras) } from null (pid=1479, uid=1000) to com.safesys.viruskiller/.ScanPackageBroadcast
10-24 23:31:17.858  1479  1688 W BroadcastQueue: u0 Receiving a broadcast in packagecom.uc108.mobile.sdgj.bd1 requires a permissions review
10-24 23:31:17.858  1479  1688 W BroadcastQueue: Skipping delivery: permission review required for Intent { act=android.intent.action.PACKAGE_ADDED dat=package: flg=0x4000010 (has extras) } from null (pid=1479, uid=1000) to com.uc108.mobile.sdgj.bd1/com.baidu.tiebasdk.service.InstallReceiver
10-24 23:31:17.858  1479  1688 W BroadcastQueue: u0 Receiving a broadcast in packagecom.voicebianshengjinglingwc.wxl requires a permissions review
10-24 23:31:17.858  1479  1688 W BroadcastQueue: Skipping delivery: permission review required for Intent { act=android.intent.action.PACKAGE_ADDED dat=package: flg=0x4000010 (has extras) } from null (pid=1479, uid=1000) to com.voicebianshengjinglingwc.wxl/mp.ruu.Ztjjwrj
10-24 23:31:17.859  1479  1688 W BroadcastQueue: u0 Receiving a broadcast in packagecom.yoojar.zlsg.baidu requires a permissions review
10-24 23:31:17.859  1479  1688 W BroadcastQueue: Skipping delivery: permission review required for Intent { act=android.intent.action.PACKAGE_ADDED dat=package: flg=0x4000010 (has extras) } from null (pid=1479, uid=1000) to com.yoojar.zlsg.baidu/com.duoku.platform.download.broadcast.AppMonitorReceiver
10-24 23:31:17.859  1479  1688 W BroadcastQueue: u0 Receiving a broadcast in packageio.dcloud.H5BC6BF13 requires a permissions review
10-24 23:31:17.859  1479  1688 W BroadcastQueue: Skipping delivery: permission review required for Intent { act=android.intent.action.PACKAGE_ADDED dat=package: flg=0x4000010 (has extras) } from null (pid=1479, uid=1000) to io.dcloud.H5BC6BF13/io.dcloud.common.adapter.io.DownloadReceiver
10-24 23:31:17.897  1479  1479 I Telecom : DefaultDialerCache: Refreshing default dialer for user 0: now com.google.android.dialer: DDC.oR@Ce4
10-24 23:31:17.909  1479  4174 W BackupTransportManager: Package ermmmug.hxkkytzb.bvbfc enabled setting: 0
10-24 23:31:17.916  1479  6868 I ActivityTaskManager: START u0 {flg=0x14800000 cmp=com.nqmobile.antivirus20/com.netqin.antivirus.scan.ui.MonitorVirusTip (has extras)} from uid 10196
10-24 23:31:17.923  1479  1810 E VerityUtils: Failed to measure fs-verity, errno 1: /data/app/~~J-1KfT_xzULmAjUP3LErqA==/ermmmug.hxkkytzb.bvbfc-Iqog5_dXCkPNwFk3KXQ5qg==/base.apk
10-24 23:31:17.939  1479  4195 I ActivityManager: PendingStartActivityUids startActivity to updateOomAdj delay:1105ms, uid:10196
10-24 23:31:17.941  1479  5529 D CompatibilityChangeReporter: Compat change id reported: 161252188; UID 10272; state: DISABLED
10-24 23:31:17.943 17088 17088 W TransactionExecutor: tId:18870257 Skip pre-destroyed transaction:
10-24 23:31:17.943 17088 17088 W TransactionExecutor: tId:18870257 ClientTransaction{
10-24 23:31:17.943 17088 17088 W TransactionExecutor: tId:18870257   callbacks=[
10-24 23:31:17.943 17088 17088 W TransactionExecutor: tId:18870257     LaunchActivityItem{intent=Intent { flg=0x14800000 cmp=com.nqmobile.antivirus20/com.netqin.antivirus.scan.ui.MonitorVirusTip (has extras) },ident=175246512,info=ActivityInfo{b630465 com.netqin.antivirus.scan.ui.MonitorVirusTip},curConfig={1.0 ?mcc?mnc [pt_BR] ldltr sw393dp w393dp h737dp 440dpi nrml long port night finger -keyb/v/h -nav/h winConfig={ mBounds=Rect(0, 0 - 1080, 2246) mAppBounds=Rect(0, 86 - 1080, 2114) mMaxBounds=Rect(0, 0 - 1080, 2246) mDisplayRotation=ROTATION_0 mWindowingMode=fullscreen mDisplayWindowingMode=fullscreen mActivityType=undefined mAlwaysOnTop=undefined mRotation=ROTATION_0} as.2 s.391 fontWeightAdjustment=0},overrideConfig={1.0 ?mcc?mnc [pt_BR] ldltr sw393dp w393dp h737dp 440dpi nrml long port night finger -keyb/v/h -nav/h winConfig={ mBounds=Rect(0, 0 - 1080, 2246) mAppBounds=Rect(0, 86 - 1080, 2114) mMaxBounds=Rect(0, 0 - 1080, 2246) mDisplayRotation=ROTATION_0 mWindowingMode=fullscreen mDisplayWindowingMode=fullscreen mActivityType=standard mAlwaysOnTop=undefined mRotation=ROTATION_0} as.2 s.1 fontWeightAdjustment=0},referrer=com.nqmobile.antivirus20,procState=2,state=null,persistentState=null,pendingResults=null,pendingNewIntents=null,options=null,profilerInfo=null,assistToken=android.os.BinderProxy@b4b1bcf,shareableActivityToken=android.os.BinderProxy@28e195c}
10-24 23:31:17.943 17088 17088 W TransactionExecutor: tId:18870257   ]
10-24 23:31:17.943 17088 17088 W TransactionExecutor: tId:18870257   stateRequest=ResumeActivityItem{procState=-1,updateProcState=false,isForward=true,shouldSendCompatFakeFocus=false}
10-24 23:31:17.943 17088 17088 W TransactionExecutor: tId:18870257 }
10-24 23:31:17.943 17088 17088 W TransactionExecutor: tId:18870257 Target activity: Not found for token: android.os.BinderProxy@ea10b58
10-24 23:31:17.943 17088 17088 W TransactionExecutor: tId:1924696482 Skip pre-destroyed transaction:
10-24 23:31:17.943 17088 17088 W TransactionExecutor: tId:1924696482 ClientTransaction{
10-24 23:31:17.943 17088 17088 W TransactionExecutor: tId:1924696482   callbacks=[
10-24 23:31:17.943 17088 17088 W TransactionExecutor: tId:1924696482     TopResumedActivityChangeItem{onTop=true}
10-24 23:31:17.943 17088 17088 W TransactionExecutor: tId:1924696482   ]
