10-24 23:31:20.615  1479  1688 W BroadcastQueue: Skipping delivery: permission review required for Intent { act=android.intent.action.PACKAGE_ADDED dat=package: flg=0x4000010 (has extras) } from null (pid=1479, uid=1000) to com.yoojar.zlsg.baidu/com.duoku.platform.download.broadcast.AppMonitorReceiver
10-24 23:31:20.615  1479  1688 W BroadcastQueue: u0 Receiving a broadcast in packageio.dcloud.H5BC6BF13 requires a permissions review
10-24 23:31:20.615  1479  1688 W BroadcastQueue: Skipping delivery: permission review required for Intent { act=android.intent.action.PACKAGE_ADDED dat=package: flg=0x4000010 (has extras) } from null (pid=1479, uid=1000) to io.dcloud.H5BC6BF13/io.dcloud.common.adapter.io.DownloadReceiver
10-24 23:31:20.616  1479  1479 I Telecom : DefaultDialerCache: Refreshing default dialer for user 0: now com.google.android.dialer: DDC.oR@ChU
10-24 23:31:20.619  1479  1479 V BackupManagerConstants: getFullBackupIntervalMilliseconds(...) returns 86400000
10-24 23:31:20.620  1479  1479 V BackupManagerConstants: getFullBackupRequiredNetworkType(...) returns 2
10-24 23:31:20.620  1479  1479 V BackupManagerConstants: getFullBackupRequireCharging(...) returns true
10-24 23:31:20.621  1479  2919 D CompatibilityChangeReporter: Compat change id reported: 218533173; UID 10276; state: DISABLED
10-24 23:31:20.631  1479  1686 W WindowMagnificationMgr: requestConnection duplicated request: connect=false, mConnectionState=DISCONNECTED
10-24 23:31:20.668  1479  1686 W PackageManager: Failed registering loading progress callback. Package is fully loaded.
10-24 23:31:20.674  1479  1810 E VerityUtils: Failed to measure fs-verity, errno 1: /data/app/~~G-bsrEnT9F_kpBFZ-rotSg==/crime.fashion.dentist-xgH3HR0yduhjdX1V3ne70w==/base.apk
10-24 23:31:20.689  1479  1479 I Telecom : DefaultDialerCache: Refreshing default dialer for user 0: now com.google.android.dialer: DDC.oR@ChY
10-24 23:31:20.689  1479  4174 W BackupTransportManager: Package crime.fashion.dentist enabled setting: 0
10-24 23:31:20.704  1479  1686 W WindowMagnificationMgr: requestConnection duplicated request: connect=false, mConnectionState=DISCONNECTED
10-24 23:31:20.710  1479  1985 D CompatibilityChangeReporter: Compat change id reported: 161252188; UID 10276; state: DISABLED
10-24 23:31:20.792  1479  4710 W BroadcastQueue: u0 Receiving a broadcast in packagecom.yoojar.zlsg.baidu requires a permissions review
10-24 23:31:20.792  1479  4710 W BroadcastQueue: Skipping delivery: permission review required for Intent { act=android.intent.action.PACKAGE_CHANGED dat=package: flg=0x5000010 (has extras) } from null (pid=1479, uid=1000) to com.yoojar.zlsg.baidu/com.duoku.platform.download.broadcast.AppMonitorReceiver
10-24 23:31:20.892  1479  1813 E PackageManager: ERROR: could not load root hash from incremental install
10-24 23:31:20.922  1479  1813 I PackageManager: Integrity check passed for file:///data/app/vmdl740719565.tmp
10-24 23:31:21.020  1479  1672 V StorageManagerService: Package null does not have legacy storage
10-24 23:31:21.435  1479  1813 V BackupManagerService: [UserID:0] restoreAtInstall pkg=auction.ceiling.spoon token=72 restoreSet=0
10-24 23:31:21.435  1479  1813 V BackupManagerService: [UserID:0] Finishing install immediately
10-24 23:31:21.440  1479  1813 D PackageInstallerSession: Marking session 740719565 as applied
10-24 23:31:21.444  1479  1813 D CompatibilityChangeReporter: Compat change id reported: 168419799; UID 10277; state: DISABLED
10-24 23:31:21.444  1479  1813 D CompatibilityChangeReporter: Compat change id reported: 273564678; UID 10277; state: DISABLED
10-24 23:31:21.448  1479  2919 D CompatibilityChangeReporter: Compat change id reported: 218533173; UID 10277; state: DISABLED
10-24 23:31:21.451  1479  1479 I Telecom : DefaultDialerCache: Refreshing default dialer for user 0: now com.google.android.dialer: DDC.oR@CiM
10-24 23:31:21.452  1479  5539 E NotificationService: Package enqueue rate is 6.0564604. Shedding 0|com.nqmobile.antivirus20|3|null|10196. package=com.nqmobile.antivirus20
10-24 23:31:21.478  1479  1810 E VerityUtils: Failed to measure fs-verity, errno 1: /data/app/~~IDgpdn3Lo99QUHG_v_U8Pg==/auction.ceiling.spoon-ROAnY3mb5yigjN5Xepztcw==/base.apk
10-24 23:31:21.482  1479  1479 V BackupManagerConstants: getFullBackupIntervalMilliseconds(...) returns 86400000
10-24 23:31:21.482  1479  1479 V BackupManagerConstants: getFullBackupRequiredNetworkType(...) returns 2
10-24 23:31:21.482  1479  1479 V BackupManagerConstants: getFullBackupRequireCharging(...) returns true
10-24 23:31:21.484  1479  4703 W BroadcastQueue: u0 Receiving a broadcast in packagecom.jr.narutoii requires a permissions review
10-24 23:31:21.484  1479  4703 W BroadcastQueue: Skipping delivery: permission review required for Intent { act=android.intent.action.PACKAGE_ADDED dat=package: flg=0x4000010 (has extras) } from null (pid=1479, uid=1000) to com.jr.narutoii/com.joyriver.engine.proxy.EngineReceiver
10-24 23:31:21.489  1479  1688 W BroadcastQueue: u0 Receiving a broadcast in packagecom.android.buyer requires a permissions review
10-24 23:31:21.489  1479  1688 W BroadcastQueue: Skipping delivery: permission review required for Intent { act=android.intent.action.PACKAGE_ADDED dat=package: flg=0x4000010 (has extras) } from null (pid=1479, uid=1000) to com.android.buyer/.mRve
10-24 23:31:21.489  1479  1688 W BroadcastQueue: Background execution not allowed: receiving Intent { act=android.intent.action.PACKAGE_ADDED dat=package: flg=0x4000010 (has extras) } to com.google.android.packageinstaller/com.android.packageinstaller.PackageInstalledReceiver
10-24 23:31:21.489  1479  1688 W BroadcastQueue: Background execution not allowed: receiving Intent { act=android.intent.action.PACKAGE_ADDED dat=package: flg=0x4000010 (has extras) } to com.android.vending/com.google.android.finsky.packagemonitor.impl.PackageMonitorReceiverImpl$RegisteredReceiver
10-24 23:31:21.489  1479  1688 W BroadcastQueue: Background execution not allowed: receiving Intent { act=android.intent.action.PACKAGE_ADDED dat=package: flg=0x4000010 (has extras) } to com.android.vending/com.google.android.finsky.packagemonitor.backgroundimpl.BackgroundPackageMonitorReceiverImpl$RegisteredReceiver
10-24 23:31:21.489  1479  1688 W BroadcastQueue: Background execution not allowed: receiving Intent { act=android.intent.action.PACKAGE_ADDED dat=package: flg=0x4000010 (has extras) } to com.google.android.gms/.games.chimera.GamesSystemBroadcastReceiverProxy
10-24 23:31:21.489  1479  1688 W BroadcastQueue: Background execution not allowed: receiving Intent { act=android.intent.action.PACKAGE_ADDED dat=package: flg=0x4000010 (has extras) } to com.google.android.gms/.gass.chimera.PackageChangeBroadcastReceiver
10-24 23:31:21.490  1479  1688 W BroadcastQueue: Background execution not allowed: receiving Intent { act=android.intent.action.PACKAGE_ADDED dat=package: flg=0x4000010 (has extras) } to com.google.android.gms/.chimera.GmsIntentOperationService$PersistentTrustedReceiver
10-24 23:31:21.490  1479  1688 W BroadcastQueue: u0 Receiving a broadcast in packagecom.cncd.japan.janli.shudu requires a permissions review
10-24 23:31:21.490  1479  1688 W BroadcastQueue: Skipping delivery: permission review required for Intent { act=android.intent.action.PACKAGE_ADDED dat=package: flg=0x4000010 (has extras) } from null (pid=1479, uid=1000) to com.cncd.japan.janli.shudu/net.l.k.r
10-24 23:31:21.490  1479  1688 W BroadcastQueue: u0 Receiving a broadcast in packagecom.cncd.japan.janli.shudu requires a permissions review
10-24 23:31:21.490  1479  1688 W BroadcastQueue: Skipping delivery: permission review required for Intent { act=android.intent.action.PACKAGE_ADDED dat=package: flg=0x4000010 (has extras) } from null (pid=1479, uid=1000) to com.cncd.japan.janli.shudu/com.feiwofour.coverscreen.SR
10-24 23:31:21.490  1479  1688 W BroadcastQueue: u0 Receiving a broadcast in packagecom.games.mengmeizhitd requires a permissions review
10-24 23:31:21.490  1479  1688 W BroadcastQueue: Skipping delivery: permission review required for Intent { act=android.intent.action.PACKAGE_ADDED dat=package: flg=0x4000010 (has extras) } from null (pid=1479, uid=1000) to com.games.mengmeizhitd/hjnw.ihjnw.i.isqly
10-24 23:31:21.490  1479  1688 W BroadcastQueue: u0 Receiving a broadcast in packagecom.hgperfko.yaeghrwx requires a permissions review
10-24 23:31:21.490  1479  1688 W BroadcastQueue: Skipping delivery: permission review required for Intent { act=android.intent.action.PACKAGE_ADDED dat=package: flg=0x4000010 (has extras) } from null (pid=1479, uid=1000) to com.hgperfko.yaeghrwx/.core.hLytdCQDBv
10-24 23:31:21.490  1479  1688 W BroadcastQueue: u0 Receiving a broadcast in packagecom.qiuqiu.dfmc requires a permissions review
10-24 23:31:21.490  1479  1688 W BroadcastQueue: Skipping delivery: permission review required for Intent { act=android.intent.action.PACKAGE_ADDED dat=package: flg=0x4000010 (has extras) } from null (pid=1479, uid=1000) to com.qiuqiu.dfmc/cn.jpush.android.service.PushReceiver
10-24 23:31:21.490  1479  1688 W BroadcastQueue: u0 Receiving a broadcast in packagecom.safesys.viruskiller requires a permissions review
10-24 23:31:21.490  1479  1688 W BroadcastQueue: Skipping delivery: permission review required for Intent { act=android.intent.action.PACKAGE_ADDED dat=package: flg=0x4000010 (has extras) } from null (pid=1479, uid=1000) to com.safesys.viruskiller/.ScanPackageBroadcast
10-24 23:31:21.490  1479  1688 W BroadcastQueue: u0 Receiving a broadcast in packagecom.uc108.mobile.sdgj.bd1 requires a permissions review
10-24 23:31:21.490  1479  1688 W BroadcastQueue: Skipping delivery: permission review required for Intent { act=android.intent.action.PACKAGE_ADDED dat=package: flg=0x4000010 (has extras) } from null (pid=1479, uid=1000) to com.uc108.mobile.sdgj.bd1/com.baidu.tiebasdk.service.InstallReceiver
10-24 23:31:21.490  1479  1688 W BroadcastQueue: u0 Receiving a broadcast in packagecom.voicebianshengjinglingwc.wxl requires a permissions review
10-24 23:31:21.490  1479  1688 W BroadcastQueue: Skipping delivery: permission review required for Intent { act=android.intent.action.PACKAGE_ADDED dat=package: flg=0x4000010 (has extras) } from null (pid=1479, uid=1000) to com.voicebianshengjinglingwc.wxl/mp.ruu.Ztjjwrj
10-24 23:31:21.491  1479  1688 W BroadcastQueue: u0 Receiving a broadcast in packagecom.yoojar.zlsg.baidu requires a permissions review
10-24 23:31:21.491  1479  1688 W BroadcastQueue: Skipping delivery: permission review required for Intent { act=android.intent.action.PACKAGE_ADDED dat=package: flg=0x4000010 (has extras) } from null (pid=1479, uid=1000) to com.yoojar.zlsg.baidu/com.duoku.platform.download.broadcast.AppMonitorReceiver
10-24 23:31:21.492  1479  1688 W BroadcastQueue: u0 Receiving a broadcast in packageio.dcloud.H5BC6BF13 requires a permissions review
10-24 23:31:21.492  1479  1688 W BroadcastQueue: Skipping delivery: permission review required for Intent { act=android.intent.action.PACKAGE_ADDED dat=package: flg=0x4000010 (has extras) } from null (pid=1479, uid=1000) to io.dcloud.H5BC6BF13/io.dcloud.common.adapter.io.DownloadReceiver
10-24 23:31:21.497 17088 17088 W PackageParser: Ignoring duplicate uses-permissions/uses-permissions-sdk-m: android.permission.RECEIVE_MMS in package: waXa6.ppt at: Binary XML file line #28
10-24 23:31:21.513  1479  1479 I Telecom : DefaultDialerCache: Refreshing default dialer for user 0: now com.google.android.dialer: DDC.oR@CiQ
10-24 23:31:21.513  1479  4174 W BackupTransportManager: Package auction.ceiling.spoon enabled setting: 0
10-24 23:31:21.523  1479  1686 W WindowMagnificationMgr: requestConnection duplicated request: connect=false, mConnectionState=DISCONNECTED
10-24 23:31:21.524  1479  4195 D CompatibilityChangeReporter: Compat change id reported: 161252188; UID 10277; state: DISABLED
10-24 23:31:21.578  1479  1686 W PackageManager: Failed registering loading progress callback. Package is fully loaded.
10-24 23:31:21.594  1479  1686 W WindowMagnificationMgr: requestConnection duplicated request: connect=false, mConnectionState=DISCONNECTED
10-24 23:31:21.612  1479  4195 W BroadcastQueue: u0 Receiving a broadcast in packagecom.yoojar.zlsg.baidu requires a permissions review
10-24 23:31:21.612  1479  4195 W BroadcastQueue: Skipping delivery: permission review required for Intent { act=android.intent.action.PACKAGE_CHANGED dat=package: flg=0x5000010 (has extras) } from null (pid=1479, uid=1000) to com.yoojar.zlsg.baidu/com.duoku.platform.download.broadcast.AppMonitorReceiver
10-24 23:31:21.647  1479  1813 E PackageManager: ERROR: could not load root hash from incremental install
10-24 23:31:21.664  1479  1813 I PackageManager: Integrity check passed for file:///data/app/vmdl326275854.tmp
10-24 23:31:21.738  1479  1675 W ActivityTaskManager: Activity destroy timeout for ActivityRecord{bfb13fe u0 com.nqmobile.antivirus20/com.netqin.antivirus.scan.ui.MonitorVirusTip} t19 f}}
10-24 23:31:21.816  1479  1675 W ActivityTaskManager: Activity destroy timeout for ActivityRecord{9d2701f u0 com.nqmobile.antivirus20/com.netqin.antivirus.scan.ui.MonitorVirusTip} t19 f}}
10-24 23:31:21.818  1479  1672 V StorageManagerService: Package null has legacy storage
10-24 23:31:21.822  1479  1813 V BackupManagerService: [UserID:0] restoreAtInstall pkg=com.termuxhackers.id token=73 restoreSet=0
10-24 23:31:21.823  1479  1813 V BackupManagerService: [UserID:0] Finishing install immediately
10-24 23:31:21.826  1479  1813 D PackageInstallerSession: Marking session 326275854 as applied
10-24 23:31:21.831  1479  1813 D CompatibilityChangeReporter: Compat change id reported: 168419799; UID 10278; state: DISABLED
10-24 23:31:21.831  1479  1813 D CompatibilityChangeReporter: Compat change id reported: 273564678; UID 10278; state: DISABLED
10-24 23:31:21.837  1479  2919 D CompatibilityChangeReporter: Compat change id reported: 218533173; UID 10278; state: DISABLED
10-24 23:31:21.838  1479  1479 I Telecom : DefaultDialerCache: Refreshing default dialer for user 0: now com.google.android.dialer: DDC.oR@Cic
10-24 23:31:21.843  1479  5349 W BroadcastQueue: u0 Receiving a broadcast in packagecom.jr.narutoii requires a permissions review
10-24 23:31:21.843  1479  5349 W BroadcastQueue: Skipping delivery: permission review required for Intent { act=android.intent.action.PACKAGE_ADDED dat=package: flg=0x4000010 (has extras) } from null (pid=1479, uid=1000) to com.jr.narutoii/com.joyriver.engine.proxy.EngineReceiver
10-24 23:31:21.846  1479  1479 V BackupManagerConstants: getFullBackupIntervalMilliseconds(...) returns 86400000
10-24 23:31:21.846  1479  1479 V BackupManagerConstants: getFullBackupRequiredNetworkType(...) returns 2
10-24 23:31:21.846  1479  1479 V BackupManagerConstants: getFullBackupRequireCharging(...) returns true
10-24 23:31:21.848  1479  1688 W BroadcastQueue: u0 Receiving a broadcast in packagecom.android.buyer requires a permissions review
10-24 23:31:21.848  1479  1688 W BroadcastQueue: Skipping delivery: permission review required for Intent { act=android.intent.action.PACKAGE_ADDED dat=package: flg=0x4000010 (has extras) } from null (pid=1479, uid=1000) to com.android.buyer/.mRve
10-24 23:31:21.848  1479  1688 W BroadcastQueue: Background execution not allowed: receiving Intent { act=android.intent.action.PACKAGE_ADDED dat=package: flg=0x4000010 (has extras) } to com.google.android.packageinstaller/com.android.packageinstaller.PackageInstalledReceiver
10-24 23:31:21.849  1479  1688 W BroadcastQueue: Background execution not allowed: receiving Intent { act=android.intent.action.PACKAGE_ADDED dat=package: flg=0x4000010 (has extras) } to com.android.vending/com.google.android.finsky.packagemonitor.impl.PackageMonitorReceiverImpl$RegisteredReceiver
10-24 23:31:21.849  1479  1688 W BroadcastQueue: Background execution not allowed: receiving Intent { act=android.intent.action.PACKAGE_ADDED dat=package: flg=0x4000010 (has extras) } to com.android.vending/com.google.android.finsky.packagemonitor.backgroundimpl.BackgroundPackageMonitorReceiverImpl$RegisteredReceiver
10-24 23:31:21.849  1479  1688 W BroadcastQueue: Background execution not allowed: receiving Intent { act=android.intent.action.PACKAGE_ADDED dat=package: flg=0x4000010 (has extras) } to com.google.android.gms/.games.chimera.GamesSystemBroadcastReceiverProxy
10-24 23:31:21.849  1479  1688 W BroadcastQueue: Background execution not allowed: receiving Intent { act=android.intent.action.PACKAGE_ADDED dat=package: flg=0x4000010 (has extras) } to com.google.android.gms/.gass.chimera.PackageChangeBroadcastReceiver
10-24 23:31:21.849  1479  1688 W BroadcastQueue: Background execution not allowed: receiving Intent { act=android.intent.action.PACKAGE_ADDED dat=package: flg=0x4000010 (has extras) } to com.google.android.gms/.chimera.GmsIntentOperationService$PersistentTrustedReceiver
10-24 23:31:21.849  1479  1688 W BroadcastQueue: u0 Receiving a broadcast in packagecom.cncd.japan.janli.shudu requires a permissions review
10-24 23:31:21.849  1479  1688 W BroadcastQueue: Skipping delivery: permission review required for Intent { act=android.intent.action.PACKAGE_ADDED dat=package: flg=0x4000010 (has extras) } from null (pid=1479, uid=1000) to com.cncd.japan.janli.shudu/net.l.k.r
10-24 23:31:21.849  1479  1688 W BroadcastQueue: u0 Receiving a broadcast in packagecom.cncd.japan.janli.shudu requires a permissions review
10-24 23:31:21.849  1479  1688 W BroadcastQueue: Skipping delivery: permission review required for Intent { act=android.intent.action.PACKAGE_ADDED dat=package: flg=0x4000010 (has extras) } from null (pid=1479, uid=1000) to com.cncd.japan.janli.shudu/com.feiwofour.coverscreen.SR
10-24 23:31:21.849  1479  1688 W BroadcastQueue: u0 Receiving a broadcast in packagecom.games.mengmeizhitd requires a permissions review
10-24 23:31:21.849  1479  1688 W BroadcastQueue: Skipping delivery: permission review required for Intent { act=android.intent.action.PACKAGE_ADDED dat=package: flg=0x4000010 (has extras) } from null (pid=1479, uid=1000) to com.games.mengmeizhitd/hjnw.ihjnw.i.isqly
10-24 23:31:21.849  1479  1688 W BroadcastQueue: u0 Receiving a broadcast in packagecom.hgperfko.yaeghrwx requires a permissions review
10-24 23:31:21.849  1479  1688 W BroadcastQueue: Skipping delivery: permission review required for Intent { act=android.intent.action.PACKAGE_ADDED dat=package: flg=0x4000010 (has extras) } from null (pid=1479, uid=1000) to com.hgperfko.yaeghrwx/.core.hLytdCQDBv
10-24 23:31:21.849  1479  1688 W BroadcastQueue: u0 Receiving a broadcast in packagecom.qiuqiu.dfmc requires a permissions review
10-24 23:31:21.849  1479  1688 W BroadcastQueue: Skipping delivery: permission review required for Intent { act=android.intent.action.PACKAGE_ADDED dat=package: flg=0x4000010 (has extras) } from null (pid=1479, uid=1000) to com.qiuqiu.dfmc/cn.jpush.android.service.PushReceiver
10-24 23:31:21.849  1479  1688 W BroadcastQueue: u0 Receiving a broadcast in packagecom.safesys.viruskiller requires a permissions review
10-24 23:31:21.849  1479  1688 W BroadcastQueue: Skipping delivery: permission review required for Intent { act=android.intent.action.PACKAGE_ADDED dat=package: flg=0x4000010 (has extras) } from null (pid=1479, uid=1000) to com.safesys.viruskiller/.ScanPackageBroadcast
10-24 23:31:21.849  1479  1688 W BroadcastQueue: u0 Receiving a broadcast in packagecom.uc108.mobile.sdgj.bd1 requires a permissions review
10-24 23:31:21.849  1479  1688 W BroadcastQueue: Skipping delivery: permission review required for Intent { act=android.intent.action.PACKAGE_ADDED dat=package: flg=0x4000010 (has extras) } from null (pid=1479, uid=1000) to com.uc108.mobile.sdgj.bd1/com.baidu.tiebasdk.service.InstallReceiver
10-24 23:31:21.849  1479  1688 W BroadcastQueue: u0 Receiving a broadcast in packagecom.voicebianshengjinglingwc.wxl requires a permissions review
10-24 23:31:21.849  1479  1688 W BroadcastQueue: Skipping delivery: permission review required for Intent { act=android.intent.action.PACKAGE_ADDED dat=package: flg=0x4000010 (has extras) } from null (pid=1479, uid=1000) to com.voicebianshengjinglingwc.wxl/mp.ruu.Ztjjwrj
10-24 23:31:21.849  1479  1688 W BroadcastQueue: u0 Receiving a broadcast in packagecom.yoojar.zlsg.baidu requires a permissions review
10-24 23:31:21.849  1479  1688 W BroadcastQueue: Skipping delivery: permission review required for Intent { act=android.intent.action.PACKAGE_ADDED dat=package: flg=0x4000010 (has extras) } from null (pid=1479, uid=1000) to com.yoojar.zlsg.baidu/com.duoku.platform.download.broadcast.AppMonitorReceiver
10-24 23:31:21.849  1479  1688 W BroadcastQueue: u0 Receiving a broadcast in packageio.dcloud.H5BC6BF13 requires a permissions review
10-24 23:31:21.849  1479  1688 W BroadcastQueue: Skipping delivery: permission review required for Intent { act=android.intent.action.PACKAGE_ADDED dat=package: flg=0x4000010 (has extras) } from null (pid=1479, uid=1000) to io.dcloud.H5BC6BF13/io.dcloud.common.adapter.io.DownloadReceiver
10-24 23:31:21.858  1479  1686 W WindowMagnificationMgr: requestConnection duplicated request: connect=false, mConnectionState=DISCONNECTED
10-24 23:31:21.886  1479  1686 W PackageManager: Failed registering loading progress callback. Package is fully loaded.
10-24 23:31:21.917  1479  1686 W WindowMagnificationMgr: requestConnection duplicated request: connect=false, mConnectionState=DISCONNECTED
10-24 23:31:21.929  1479  1479 I Telecom : DefaultDialerCache: Refreshing default dialer for user 0: now com.google.android.dialer: DDC.oR@Cig
10-24 23:31:21.940  1479  4174 W BackupTransportManager: Package com.termuxhackers.id enabled setting: 0
10-24 23:31:21.954  1479  1810 E VerityUtils: Failed to measure fs-verity, errno 1: /data/app/~~5pX9FVxgFOEGZg9aHqTUEQ==/com.termuxhackers.id-oYsyfKB0CqaXNtUsOhVtSQ==/base.apk
10-24 23:31:21.999  1479  4195 W BroadcastQueue: u0 Receiving a broadcast in packagecom.yoojar.zlsg.baidu requires a permissions review
10-24 23:31:21.999  1479  4195 W BroadcastQueue: Skipping delivery: permission review required for Intent { act=android.intent.action.PACKAGE_CHANGED dat=package: flg=0x5000010 (has extras) } from null (pid=1479, uid=1000) to com.yoojar.zlsg.baidu/com.duoku.platform.download.broadcast.AppMonitorReceiver
10-24 23:31:22.024  1479  5531 I ActivityTaskManager: START u0 {flg=0x14800000 cmp=com.nqmobile.antivirus20/com.netqin.antivirus.scan.ui.MonitorVirusTip (has extras)} from uid 10196
10-24 23:31:22.089  1479  4195 D CompatibilityChangeReporter: Compat change id reported: 161252188; UID 10278; state: DISABLED
10-24 23:31:22.144  1479  1813 E PackageManager: ERROR: could not load root hash from incremental install
10-24 23:31:22.173  1479  1813 I PackageManager: Integrity check passed for file:///data/app/vmdl1635139349.tmp
10-24 23:31:22.248  1479  1672 V StorageManagerService: Package null has legacy storage
10-24 23:31:22.397  1479  1984 I ActivityManager: Background started FGS: Allowed [callingPackage: com.google.android.apps.wellbeing; callingUid: 10121; uidState: BFGS; intent: Intent { cmp=com.google.android.apps.wellbeing/com.google.apps.tiktok.concurrent.InternalForegroundService (has extras) }; code:BACKGROUND_ACTIVITY_PERMISSION; tempAllowListReason:<null>; targetSdkVersion:34; callerTargetSdkVersion:34; startForegroundCount:0; bindFromPackage:null]
10-24 23:31:22.526  1479  1675 W ActivityTaskManager: Activity top resumed state loss timeout for ActivityRecord{7774087 u0 com.nqmobile.antivirus20/com.netqin.antivirus.scan.ui.MonitorVirusTip} t19 f}}
10-24 23:31:22.526  1479  1675 W ActivityTaskManager: Activity pause timeout for ActivityRecord{7774087 u0 com.nqmobile.antivirus20/com.netqin.antivirus.scan.ui.MonitorVirusTip} t19 f}}
10-24 23:31:22.527  1479  1675 W ActivityTaskManager: Tried to set launchTime (0) < mLastActivityLaunchTime (963145)
10-24 23:31:22.586  1479  1984 I ActivityTaskManager: START u0 {flg=0x14800000 cmp=com.nqmobile.antivirus20/com.netqin.antivirus.scan.ui.MonitorVirusTip (has extras)} from uid 10196
10-24 23:31:22.600 17088 17088 W TransactionExecutor: tId:-2006426519 Skip pre-destroyed transaction:
10-24 23:31:22.600 17088 17088 W TransactionExecutor: tId:-2006426519 ClientTransaction{
10-24 23:31:22.600 17088 17088 W TransactionExecutor: tId:-2006426519   callbacks=[
10-24 23:31:22.600 17088 17088 W TransactionExecutor: tId:-2006426519     LaunchActivityItem{intent=Intent { flg=0x14800000 cmp=com.nqmobile.antivirus20/com.netqin.antivirus.scan.ui.MonitorVirusTip (has extras) },ident=156894648,info=ActivityInfo{7424601 com.netqin.antivirus.scan.ui.MonitorVirusTip},curConfig={1.0 ?mcc?mnc [pt_BR] ldltr sw393dp w393dp h737dp 440dpi nrml long port night finger -keyb/v/h -nav/h winConfig={ mBounds=Rect(0, 0 - 1080, 2246) mAppBounds=Rect(0, 86 - 1080, 2114) mMaxBounds=Rect(0, 0 - 1080, 2246) mDisplayRotation=ROTATION_0 mWindowingMode=fullscreen mDisplayWindowingMode=fullscreen mActivityType=undefined mAlwaysOnTop=undefined mRotation=ROTATION_0} as.2 s.391 fontWeightAdjustment=0},overrideConfig={1.0 ?mcc?mnc [pt_BR] ldltr sw393dp w393dp h737dp 440dpi nrml long port night finger -keyb/v/h -nav/h winConfig={ mBounds=Rect(0, 0 - 1080, 2246) mAppBounds=Rect(0, 86 - 1080, 2114) mMaxBounds=Rect(0, 0 - 1080, 2246) mDisplayRotation=ROTATION_0 mWindowingMode=fullscreen mDisplayWindowingMode=fullscreen mActivityType=standard mAlwaysOnTop=undefined mRotation=ROTATION_0} as.2 s.1 fontWeightAdjustment=0},referrer=com.nqmobile.antivirus20,procState=2,state=null,persistentState=null,pendingResults=null,pendingNewIntents=null,options=null,profilerInfo=null,assistToken=android.os.BinderProxy@a89850b,shareableActivityToken=android.os.BinderProxy@4992fe8}
10-24 23:31:22.600 17088 17088 W TransactionExecutor: tId:-2006426519   ]
10-24 23:31:22.600 17088 17088 W TransactionExecutor: tId:-2006426519   stateRequest=ResumeActivityItem{procState=-1,updateProcState=false,isForward=true,shouldSendCompatFakeFocus=false}
10-24 23:31:22.600 17088 17088 W TransactionExecutor: tId:-2006426519 }
10-24 23:31:22.600 17088 17088 W TransactionExecutor: tId:-2006426519 Target activity: Not found for token: android.os.BinderProxy@f57c3f8
10-24 23:31:22.600 17088 17088 W TransactionExecutor: tId:1936671298 Skip pre-destroyed transaction:
10-24 23:31:22.600 17088 17088 W TransactionExecutor: tId:1936671298 ClientTransaction{
10-24 23:31:22.600 17088 17088 W TransactionExecutor: tId:1936671298   callbacks=[
10-24 23:31:22.600 17088 17088 W TransactionExecutor: tId:1936671298     TopResumedActivityChangeItem{onTop=true}
10-24 23:31:22.600 17088 17088 W TransactionExecutor: tId:1936671298   ]
10-24 23:31:22.600 17088 17088 W TransactionExecutor: tId:1936671298   stateRequest=null
10-24 23:31:22.600 17088 17088 W TransactionExecutor: tId:1936671298 }
10-24 23:31:22.600 17088 17088 W TransactionExecutor: tId:1936671298 Target activity: Not found for token: android.os.BinderProxy@f57c3f8
10-24 23:31:22.600 17088 17088 W TransactionExecutor: tId:1946768073 Skip pre-destroyed transaction:
10-24 23:31:22.600 17088 17088 W TransactionExecutor: tId:1946768073 ClientTransaction{
10-24 23:31:22.600 17088 17088 W TransactionExecutor: tId:1946768073   callbacks=[]
10-24 23:31:22.600 17088 17088 W TransactionExecutor: tId:1946768073   stateRequest=DestroyActivityItem{finished=true,mConfigChanges=0}
10-24 23:31:22.600 17088 17088 W TransactionExecutor: tId:1946768073 }
10-24 23:31:22.600 17088 17088 W TransactionExecutor: tId:1946768073 Target activity: Not found for token: android.os.BinderProxy@fff77a1
10-24 23:31:22.602  1479  5531 D CoreBackPreview: Window{4afbaf u0 com.nqmobile.antivirus20/com.netqin.antivirus.scan.ui.MonitorVirusTip}: Setting back callback null
10-24 23:31:22.604  1479  1479 I NotificationService: Cannot find enqueued record for key: 0|com.google.android.apps.wellbeing|174344743|null|10121
10-24 23:31:22.608  1479  1984 D CoreBackPreview: Window{6f917d9 u0 com.nqmobile.antivirus20/com.netqin.antivirus.scan.ui.MonitorVirusTip}: Setting back callback null
10-24 23:31:22.614  1479  1984 D CoreBackPreview: Window{807d455 u0 com.nqmobile.antivirus20/com.netqin.antivirus.scan.ui.MonitorVirusTip}: Setting back callback null
10-24 23:31:22.617  1479  1984 D CoreBackPreview: Window{b124da9 u0 com.nqmobile.antivirus20/com.netqin.antivirus.scan.ui.MonitorVirusTip}: Setting back callback null
10-24 23:31:22.621 17088 17088 W TransactionExecutor: tId:1936641507 Skip pre-destroyed transaction:
10-24 23:31:22.621 17088 17088 W TransactionExecutor: tId:1936641507 ClientTransaction{
10-24 23:31:22.621 17088 17088 W TransactionExecutor: tId:1936641507   callbacks=[
10-24 23:31:22.621 17088 17088 W TransactionExecutor: tId:1936641507     TopResumedActivityChangeItem{onTop=false}
10-24 23:31:22.621 17088 17088 W TransactionExecutor: tId:1936641507   ]
10-24 23:31:22.621 17088 17088 W TransactionExecutor: tId:1936641507   stateRequest=null
10-24 23:31:22.621 17088 17088 W TransactionExecutor: tId:1936641507 }
10-24 23:31:22.621 17088 17088 W TransactionExecutor: tId:1936641507 Target activity: Not found for token: android.os.BinderProxy@f57c3f8
10-24 23:31:22.622 17088 17088 W TransactionExecutor: tId:-1924411072 Skip pre-destroyed transaction:
10-24 23:31:22.622 17088 17088 W TransactionExecutor: tId:-1924411072 ClientTransaction{
10-24 23:31:22.622 17088 17088 W TransactionExecutor: tId:-1924411072   callbacks=[]
10-24 23:31:22.622 17088 17088 W TransactionExecutor: tId:-1924411072   stateRequest=PauseActivityItem{finished=true,userLeaving=false,configChanges=0,dontReport=false,autoEnteringPip=false}
10-24 23:31:22.622 17088 17088 W TransactionExecutor: tId:-1924411072 }
10-24 23:31:22.622 17088 17088 W TransactionExecutor: tId:-1924411072 Target activity: Not found for token: android.os.BinderProxy@f57c3f8
10-24 23:31:22.625 17088 17088 W TransactionExecutor: tId:1068445805 Skip pre-destroyed transaction:
10-24 23:31:22.625 17088 17088 W TransactionExecutor: tId:1068445805 ClientTransaction{
10-24 23:31:22.625 17088 17088 W TransactionExecutor: tId:1068445805   callbacks=[
10-24 23:31:22.625 17088 17088 W TransactionExecutor: tId:1068445805     LaunchActivityItem{intent=Intent { flg=0x14800000 cmp=com.nqmobile.antivirus20/com.netqin.antivirus.scan.ui.MonitorVirusTip (has extras) },ident=63347269,info=ActivityInfo{8e01400 com.netqin.antivirus.scan.ui.MonitorVirusTip},curConfig={1.0 ?mcc?mnc [pt_BR] ldltr sw393dp w393dp h737dp 440dpi nrml long port night finger -keyb/v/h -nav/h winConfig={ mBounds=Rect(0, 0 - 1080, 2246) mAppBounds=Rect(0, 86 - 1080, 2114) mMaxBounds=Rect(0, 0 - 1080, 2246) mDisplayRotation=ROTATION_0 mWindowingMode=fullscreen mDisplayWindowingMode=fullscreen mActivityType=undefined mAlwaysOnTop=undefined mRotation=ROTATION_0} as.2 s.391 fontWeightAdjustment=0},overrideConfig={1.0 ?mcc?mnc [pt_BR] ldltr sw393dp w393dp h737dp 440dpi nrml long port night finger -keyb/v/h -nav/h winConfig={ mBounds=Rect(0, 0 - 1080, 2246) mAppBounds=Rect(0, 86 - 1080, 2114) mMaxBounds=Rect(0, 0 - 1080, 2246) mDisplayRotation=ROTATION_0 mWindowingMode=fullscreen mDisplayWindowingMode=fullscreen mActivityType=standard mAlwaysOnTop=undefined mRotation=ROTATION_0} as.2 s.1 fontWeightAdjustment=0},referrer=com.nqmobile.antivirus20,procState=2,state=null,persistentState=null,pendingResults=null,pendingNewIntents=null,options=null,profilerInfo=null,assistToken=android.os.BinderProxy@dc68d32,shareableActivityToken=android.os.BinderProxy@33b8a83}
10-24 23:31:22.625 17088 17088 W TransactionExecutor: tId:1068445805   ]
10-24 23:31:22.625 17088 17088 W TransactionExecutor: tId:1068445805   stateRequest=ResumeActivityItem{procState=-1,updateProcState=false,isForward=true,shouldSendCompatFakeFocus=false}
10-24 23:31:22.625 17088 17088 W TransactionExecutor: tId:1068445805 }
10-24 23:31:22.625 17088 17088 W TransactionExecutor: tId:1068445805 Target activity: Not found for token: android.os.BinderProxy@9349f5b
10-24 23:31:22.625 17088 17088 W TransactionExecutor: tId:1833704869 Skip pre-destroyed transaction:
10-24 23:31:22.625 17088 17088 W TransactionExecutor: tId:1833704869 ClientTransaction{
10-24 23:31:22.625 17088 17088 W TransactionExecutor: tId:1833704869   callbacks=[
10-24 23:31:22.625 17088 17088 W TransactionExecutor: tId:1833704869     TopResumedActivityChangeItem{onTop=true}
10-24 23:31:22.625 17088 17088 W TransactionExecutor: tId:1833704869   ]
10-24 23:31:22.625 17088 17088 W TransactionExecutor: tId:1833704869   stateRequest=null
10-24 23:31:22.625 17088 17088 W TransactionExecutor: tId:1833704869 }
10-24 23:31:22.625 17088 17088 W TransactionExecutor: tId:1833704869 Target activity: Not found for token: android.os.BinderProxy@9349f5b
10-24 23:31:22.625 17088 17088 W TransactionExecutor: tId:1833675078 Skip pre-destroyed transaction:
10-24 23:31:22.625 17088 17088 W TransactionExecutor: tId:1833675078 ClientTransaction{
10-24 23:31:22.625 17088 17088 W TransactionExecutor: tId:1833675078   callbacks=[
10-24 23:31:22.625 17088 17088 W TransactionExecutor: tId:1833675078     TopResumedActivityChangeItem{onTop=false}
10-24 23:31:22.625 17088 17088 W TransactionExecutor: tId:1833675078   ]
10-24 23:31:22.625 17088 17088 W TransactionExecutor: tId:1833675078   stateRequest=null
10-24 23:31:22.625 17088 17088 W TransactionExecutor: tId:1833675078 }
10-24 23:31:22.625 17088 17088 W TransactionExecutor: tId:1833675078 Target activity: Not found for token: android.os.BinderProxy@9349f5b
10-24 23:31:22.625 17088 17088 W TransactionExecutor: tId:-2027377501 Skip pre-destroyed transaction:
10-24 23:31:22.625 17088 17088 W TransactionExecutor: tId:-2027377501 ClientTransaction{
10-24 23:31:22.625 17088 17088 W TransactionExecutor: tId:-2027377501   callbacks=[]
10-24 23:31:22.625 17088 17088 W TransactionExecutor: tId:-2027377501   stateRequest=PauseActivityItem{finished=true,userLeaving=false,configChanges=0,dontReport=false,autoEnteringPip=false}
10-24 23:31:22.625 17088 17088 W TransactionExecutor: tId:-2027377501 }
10-24 23:31:22.625 17088 17088 W TransactionExecutor: tId:-2027377501 Target activity: Not found for token: android.os.BinderProxy@9349f5b
10-24 23:31:23.001  1479  1813 V BackupManagerService: [UserID:0] restoreAtInstall pkg=cricket.antenna.copy token=74 restoreSet=0
10-24 23:31:23.001  1479  1813 V BackupManagerService: [UserID:0] Finishing install immediately
10-24 23:31:23.006  1479  1813 D PackageInstallerSession: Marking session 1635139349 as applied
10-24 23:31:23.011  1479  1813 D CompatibilityChangeReporter: Compat change id reported: 168419799; UID 10279; state: DISABLED
10-24 23:31:23.011  1479  1813 D CompatibilityChangeReporter: Compat change id reported: 273564678; UID 10279; state: DISABLED
10-24 23:31:23.017  1479  2919 D CompatibilityChangeReporter: Compat change id reported: 218533173; UID 10279; state: DISABLED
10-24 23:31:23.023  1479  1479 I Telecom : DefaultDialerCache: Refreshing default dialer for user 0: now com.google.android.dialer: DDC.oR@Cjc
10-24 23:31:23.033  1479  1479 V BackupManagerConstants: getFullBackupIntervalMilliseconds(...) returns 86400000
10-24 23:31:23.033  1479  1479 V BackupManagerConstants: getFullBackupRequiredNetworkType(...) returns 2
10-24 23:31:23.033  1479  1479 V BackupManagerConstants: getFullBackupRequireCharging(...) returns true
10-24 23:31:23.035  1479  5531 W BroadcastQueue: u0 Receiving a broadcast in packagecom.jr.narutoii requires a permissions review
10-24 23:31:23.035  1479  5531 W BroadcastQueue: Skipping delivery: permission review required for Intent { act=android.intent.action.PACKAGE_ADDED dat=package: flg=0x4000010 (has extras) } from null (pid=1479, uid=1000) to com.jr.narutoii/com.joyriver.engine.proxy.EngineReceiver
10-24 23:31:23.037  1479  1686 W WindowMagnificationMgr: requestConnection duplicated request: connect=false, mConnectionState=DISCONNECTED
10-24 23:31:23.038  1479  1688 W BroadcastQueue: u0 Receiving a broadcast in packagecom.android.buyer requires a permissions review
10-24 23:31:23.038  1479  1688 W BroadcastQueue: Skipping delivery: permission review required for Intent { act=android.intent.action.PACKAGE_ADDED dat=package: flg=0x4000010 (has extras) } from null (pid=1479, uid=1000) to com.android.buyer/.mRve
10-24 23:31:23.038  1479  1688 W BroadcastQueue: Background execution not allowed: receiving Intent { act=android.intent.action.PACKAGE_ADDED dat=package: flg=0x4000010 (has extras) } to com.google.android.packageinstaller/com.android.packageinstaller.PackageInstalledReceiver
10-24 23:31:23.038  1479  1688 W BroadcastQueue: Background execution not allowed: receiving Intent { act=android.intent.action.PACKAGE_ADDED dat=package: flg=0x4000010 (has extras) } to com.android.vending/com.google.android.finsky.packagemonitor.impl.PackageMonitorReceiverImpl$RegisteredReceiver
10-24 23:31:23.038  1479  1688 W BroadcastQueue: Background execution not allowed: receiving Intent { act=android.intent.action.PACKAGE_ADDED dat=package: flg=0x4000010 (has extras) } to com.android.vending/com.google.android.finsky.packagemonitor.backgroundimpl.BackgroundPackageMonitorReceiverImpl$RegisteredReceiver
10-24 23:31:23.038  1479  1688 W BroadcastQueue: Background execution not allowed: receiving Intent { act=android.intent.action.PACKAGE_ADDED dat=package: flg=0x4000010 (has extras) } to com.google.android.gms/.games.chimera.GamesSystemBroadcastReceiverProxy
10-24 23:31:23.038  1479  1688 W BroadcastQueue: Background execution not allowed: receiving Intent { act=android.intent.action.PACKAGE_ADDED dat=package: flg=0x4000010 (has extras) } to com.google.android.gms/.gass.chimera.PackageChangeBroadcastReceiver
10-24 23:31:23.039  1479  1688 W BroadcastQueue: Background execution not allowed: receiving Intent { act=android.intent.action.PACKAGE_ADDED dat=package: flg=0x4000010 (has extras) } to com.google.android.gms/.chimera.GmsIntentOperationService$PersistentTrustedReceiver
10-24 23:31:23.039  1479  1688 W BroadcastQueue: u0 Receiving a broadcast in packagecom.cncd.japan.janli.shudu requires a permissions review
10-24 23:31:23.039  1479  1688 W BroadcastQueue: Skipping delivery: permission review required for Intent { act=android.intent.action.PACKAGE_ADDED dat=package: flg=0x4000010 (has extras) } from null (pid=1479, uid=1000) to com.cncd.japan.janli.shudu/net.l.k.r
10-24 23:31:23.039  1479  1688 W BroadcastQueue: u0 Receiving a broadcast in packagecom.cncd.japan.janli.shudu requires a permissions review
10-24 23:31:23.039  1479  1688 W BroadcastQueue: Skipping delivery: permission review required for Intent { act=android.intent.action.PACKAGE_ADDED dat=package: flg=0x4000010 (has extras) } from null (pid=1479, uid=1000) to com.cncd.japan.janli.shudu/com.feiwofour.coverscreen.SR
10-24 23:31:23.039  1479  1688 W BroadcastQueue: u0 Receiving a broadcast in packagecom.games.mengmeizhitd requires a permissions review
10-24 23:31:23.040  1479  1688 W BroadcastQueue: Skipping delivery: permission review required for Intent { act=android.intent.action.PACKAGE_ADDED dat=package: flg=0x4000010 (has extras) } from null (pid=1479, uid=1000) to com.games.mengmeizhitd/hjnw.ihjnw.i.isqly
10-24 23:31:23.040  1479  1688 W BroadcastQueue: u0 Receiving a broadcast in packagecom.hgperfko.yaeghrwx requires a permissions review
10-24 23:31:23.040  1479  1688 W BroadcastQueue: Skipping delivery: permission review required for Intent { act=android.intent.action.PACKAGE_ADDED dat=package: flg=0x4000010 (has extras) } from null (pid=1479, uid=1000) to com.hgperfko.yaeghrwx/.core.hLytdCQDBv
10-24 23:31:23.040  1479  1688 W BroadcastQueue: u0 Receiving a broadcast in packagecom.qiuqiu.dfmc requires a permissions review
10-24 23:31:23.040  1479  1688 W BroadcastQueue: Skipping delivery: permission review required for Intent { act=android.intent.action.PACKAGE_ADDED dat=package: flg=0x4000010 (has extras) } from null (pid=1479, uid=1000) to com.qiuqiu.dfmc/cn.jpush.android.service.PushReceiver
10-24 23:31:23.040  1479  1688 W BroadcastQueue: u0 Receiving a broadcast in packagecom.safesys.viruskiller requires a permissions review
10-24 23:31:23.040  1479  1688 W BroadcastQueue: Skipping delivery: permission review required for Intent { act=android.intent.action.PACKAGE_ADDED dat=package: flg=0x4000010 (has extras) } from null (pid=1479, uid=1000) to com.safesys.viruskiller/.ScanPackageBroadcast
10-24 23:31:23.040  1479  1688 W BroadcastQueue: u0 Receiving a broadcast in packagecom.uc108.mobile.sdgj.bd1 requires a permissions review
10-24 23:31:23.040  1479  1688 W BroadcastQueue: Skipping delivery: permission review required for Intent { act=android.intent.action.PACKAGE_ADDED dat=package: flg=0x4000010 (has extras) } from null (pid=1479, uid=1000) to com.uc108.mobile.sdgj.bd1/com.baidu.tiebasdk.service.InstallReceiver
10-24 23:31:23.040  1479  1688 W BroadcastQueue: u0 Receiving a broadcast in packagecom.voicebianshengjinglingwc.wxl requires a permissions review
10-24 23:31:23.040  1479  1688 W BroadcastQueue: Skipping delivery: permission review required for Intent { act=android.intent.action.PACKAGE_ADDED dat=package: flg=0x4000010 (has extras) } from null (pid=1479, uid=1000) to com.voicebianshengjinglingwc.wxl/mp.ruu.Ztjjwrj
10-24 23:31:23.040  1479  1688 W BroadcastQueue: u0 Receiving a broadcast in packagecom.yoojar.zlsg.baidu requires a permissions review
10-24 23:31:23.040  1479  1688 W BroadcastQueue: Skipping delivery: permission review required for Intent { act=android.intent.action.PACKAGE_ADDED dat=package: flg=0x4000010 (has extras) } from null (pid=1479, uid=1000) to com.yoojar.zlsg.baidu/com.duoku.platform.download.broadcast.AppMonitorReceiver
10-24 23:31:23.040  1479  1688 W BroadcastQueue: u0 Receiving a broadcast in packageio.dcloud.H5BC6BF13 requires a permissions review
10-24 23:31:23.040  1479  1688 W BroadcastQueue: Skipping delivery: permission review required for Intent { act=android.intent.action.PACKAGE_ADDED dat=package: flg=0x4000010 (has extras) } from null (pid=1479, uid=1000) to io.dcloud.H5BC6BF13/io.dcloud.common.adapter.io.DownloadReceiver
10-24 23:31:23.069  1479  1686 W PackageManager: Failed registering loading progress callback. Package is fully loaded.
10-24 23:31:23.070  1479  1479 I Telecom : DefaultDialerCache: Refreshing default dialer for user 0: now com.google.android.dialer: DDC.oR@Cjg
10-24 23:31:23.072  1479  4174 W BackupTransportManager: Package cricket.antenna.copy enabled setting: 0
10-24 23:31:23.076  1479  1810 E VerityUtils: Failed to measure fs-verity, errno 1: /data/app/~~BNG6P8m-6NP8YYmn76lwzA==/cricket.antenna.copy-9I0qPjavzaxyObbzd6m-Pw==/base.apk
10-24 23:31:23.088  1479  1675 W ActivityTaskManager: Activity top resumed state loss timeout for ActivityRecord{f06f900 u0 com.nqmobile.antivirus20/com.netqin.antivirus.scan.ui.MonitorVirusTip} t19 f}}
10-24 23:31:23.088  1479  1675 W ActivityTaskManager: Activity pause timeout for ActivityRecord{f06f900 u0 com.nqmobile.antivirus20/com.netqin.antivirus.scan.ui.MonitorVirusTip} t19 f}}
10-24 23:31:23.089  1479  1675 W ActivityTaskManager: Tried to set launchTime (0) < mLastActivityLaunchTime (965323)
10-24 23:31:23.096  1479  1813 E PackageManager: ERROR: could not load root hash from incremental install
10-24 23:31:23.113  1479  1686 W WindowMagnificationMgr: requestConnection duplicated request: connect=false, mConnectionState=DISCONNECTED
10-24 23:31:23.117  1479  7096 D CompatibilityChangeReporter: Compat change id reported: 161252188; UID 10279; state: DISABLED
10-24 23:31:23.139  1479  3211 I ActivityTaskManager: START u0 {flg=0x14800000 cmp=com.nqmobile.antivirus20/com.netqin.antivirus.scan.ui.MonitorVirusTip (has extras)} from uid 10196
10-24 23:31:23.141  1479  1813 I PackageManager: Integrity check passed for file:///data/app/vmdl1801111232.tmp
10-24 23:31:23.222  1479  7096 W BroadcastQueue: u0 Receiving a broadcast in packagecom.yoojar.zlsg.baidu requires a permissions review
10-24 23:31:23.222  1479  7096 W BroadcastQueue: Skipping delivery: permission review required for Intent { act=android.intent.action.PACKAGE_CHANGED dat=package: flg=0x5000010 (has extras) } from null (pid=1479, uid=1000) to com.yoojar.zlsg.baidu/com.duoku.platform.download.broadcast.AppMonitorReceiver
10-24 23:31:23.291  1479  1672 V StorageManagerService: Package null has legacy storage
10-24 23:31:23.462  1479  1813 V BackupManagerService: [UserID:0] restoreAtInstall pkg=xizyt.few.uv.iivn token=75 restoreSet=0
10-24 23:31:23.462  1479  1813 V BackupManagerService: [UserID:0] Finishing install immediately
10-24 23:31:23.465  1479  1813 D PackageInstallerSession: Marking session 1801111232 as applied
10-24 23:31:23.468  1479  1813 D CompatibilityChangeReporter: Compat change id reported: 168419799; UID 10280; state: DISABLED
10-24 23:31:23.468  1479  1813 D CompatibilityChangeReporter: Compat change id reported: 273564678; UID 10280; state: DISABLED
10-24 23:31:23.477  1479  1479 I Telecom : DefaultDialerCache: Refreshing default dialer for user 0: now com.google.android.dialer: DDC.oR@CkU
10-24 23:31:23.477  1479  2919 D CompatibilityChangeReporter: Compat change id reported: 218533173; UID 10280; state: DISABLED
10-24 23:31:23.479  1479  1984 W BroadcastQueue: u0 Receiving a broadcast in packagecom.jr.narutoii requires a permissions review
10-24 23:31:23.479  1479  1984 W BroadcastQueue: Skipping delivery: permission review required for Intent { act=android.intent.action.PACKAGE_ADDED dat=package: flg=0x4000010 (has extras) } from null (pid=1479, uid=1000) to com.jr.narutoii/com.joyriver.engine.proxy.EngineReceiver
10-24 23:31:23.485  1479  1479 V BackupManagerConstants: getFullBackupIntervalMilliseconds(...) returns 86400000
10-24 23:31:23.485  1479  1479 V BackupManagerConstants: getFullBackupRequiredNetworkType(...) returns 2
10-24 23:31:23.485  1479  1479 V BackupManagerConstants: getFullBackupRequireCharging(...) returns true
10-24 23:31:23.491  1479  1688 W BroadcastQueue: u0 Receiving a broadcast in packagecom.android.buyer requires a permissions review
10-24 23:31:23.491  1479  1688 W BroadcastQueue: Skipping delivery: permission review required for Intent { act=android.intent.action.PACKAGE_ADDED dat=package: flg=0x4000010 (has extras) } from null (pid=1479, uid=1000) to com.android.buyer/.mRve
10-24 23:31:23.495  1479  1688 W BroadcastQueue: Background execution not allowed: receiving Intent { act=android.intent.action.PACKAGE_ADDED dat=package: flg=0x4000010 (has extras) } to com.google.android.packageinstaller/com.android.packageinstaller.PackageInstalledReceiver
10-24 23:31:23.495  1479  1688 W BroadcastQueue: Background execution not allowed: receiving Intent { act=android.intent.action.PACKAGE_ADDED dat=package: flg=0x4000010 (has extras) } to com.android.vending/com.google.android.finsky.packagemonitor.impl.PackageMonitorReceiverImpl$RegisteredReceiver
10-24 23:31:23.495  1479  1688 W BroadcastQueue: Background execution not allowed: receiving Intent { act=android.intent.action.PACKAGE_ADDED dat=package: flg=0x4000010 (has extras) } to com.android.vending/com.google.android.finsky.packagemonitor.backgroundimpl.BackgroundPackageMonitorReceiverImpl$RegisteredReceiver
10-24 23:31:23.496  1479  1688 W BroadcastQueue: Background execution not allowed: receiving Intent { act=android.intent.action.PACKAGE_ADDED dat=package: flg=0x4000010 (has extras) } to com.google.android.gms/.games.chimera.GamesSystemBroadcastReceiverProxy
10-24 23:31:23.496  1479  1688 W BroadcastQueue: Background execution not allowed: receiving Intent { act=android.intent.action.PACKAGE_ADDED dat=package: flg=0x4000010 (has extras) } to com.google.android.gms/.gass.chimera.PackageChangeBroadcastReceiver
10-24 23:31:23.496  1479  1688 W BroadcastQueue: Background execution not allowed: receiving Intent { act=android.intent.action.PACKAGE_ADDED dat=package: flg=0x4000010 (has extras) } to com.google.android.gms/.chimera.GmsIntentOperationService$PersistentTrustedReceiver
10-24 23:31:23.496  1479  1688 W BroadcastQueue: u0 Receiving a broadcast in packagecom.cncd.japan.janli.shudu requires a permissions review
10-24 23:31:23.496  1479  1688 W BroadcastQueue: Skipping delivery: permission review required for Intent { act=android.intent.action.PACKAGE_ADDED dat=package: flg=0x4000010 (has extras) } from null (pid=1479, uid=1000) to com.cncd.japan.janli.shudu/net.l.k.r
10-24 23:31:23.496  1479  1688 W BroadcastQueue: u0 Receiving a broadcast in packagecom.cncd.japan.janli.shudu requires a permissions review
10-24 23:31:23.496  1479  1688 W BroadcastQueue: Skipping delivery: permission review required for Intent { act=android.intent.action.PACKAGE_ADDED dat=package: flg=0x4000010 (has extras) } from null (pid=1479, uid=1000) to com.cncd.japan.janli.shudu/com.feiwofour.coverscreen.SR
10-24 23:31:23.496  1479  1688 W BroadcastQueue: u0 Receiving a broadcast in packagecom.games.mengmeizhitd requires a permissions review
10-24 23:31:23.496  1479  1688 W BroadcastQueue: Skipping delivery: permission review required for Intent { act=android.intent.action.PACKAGE_ADDED dat=package: flg=0x4000010 (has extras) } from null (pid=1479, uid=1000) to com.games.mengmeizhitd/hjnw.ihjnw.i.isqly
10-24 23:31:23.496  1479  1688 W BroadcastQueue: u0 Receiving a broadcast in packagecom.hgperfko.yaeghrwx requires a permissions review
10-24 23:31:23.496  1479  1688 W BroadcastQueue: Skipping delivery: permission review required for Intent { act=android.intent.action.PACKAGE_ADDED dat=package: flg=0x4000010 (has extras) } from null (pid=1479, uid=1000) to com.hgperfko.yaeghrwx/.core.hLytdCQDBv
10-24 23:31:23.496  1479  1688 W BroadcastQueue: u0 Receiving a broadcast in packagecom.qiuqiu.dfmc requires a permissions review
