10-24 23:31:10.688 17088 17088 W TransactionExecutor: tId:-915956932     LaunchActivityItem{intent=Intent { flg=0x14800000 cmp=com.nqmobile.antivirus20/com.netqin.antivirus.scan.ui.MonitorVirusTip (has extras) },ident=89933872,info=ActivityInfo{f67aa2c com.netqin.antivirus.scan.ui.MonitorVirusTip},curConfig={1.0 ?mcc?mnc [pt_BR] ldltr sw393dp w393dp h737dp 440dpi nrml long port night finger -keyb/v/h -nav/h winConfig={ mBounds=Rect(0, 0 - 1080, 2246) mAppBounds=Rect(0, 86 - 1080, 2114) mMaxBounds=Rect(0, 0 - 1080, 2246) mDisplayRotation=ROTATION_0 mWindowingMode=fullscreen mDisplayWindowingMode=fullscreen mActivityType=undefined mAlwaysOnTop=undefined mRotation=ROTATION_0} as.2 s.391 fontWeightAdjustment=0},overrideConfig={1.0 ?mcc?mnc [pt_BR] ldltr sw393dp w393dp h737dp 440dpi nrml long port night finger -keyb/v/h -nav/h winConfig={ mBounds=Rect(0, 0 - 1080, 2246) mAppBounds=Rect(0, 86 - 1080, 2114) mMaxBounds=Rect(0, 0 - 1080, 2246) mDisplayRotation=ROTATION_0 mWindowingMode=fullscreen mDisplayWindowingMode=fullscreen mActivityType=standard mAlwaysOnTop=undefined mRotation=ROTATION_0} as.2 s.1 fontWeightAdjustment=0},referrer=com.nqmobile.antivirus20,procState=2,state=null,persistentState=null,pendingResults=null,pendingNewIntents=null,options=null,profilerInfo=null,assistToken=android.os.BinderProxy@bac747e,shareableActivityToken=android.os.BinderProxy@b602ddf}
10-24 23:31:10.688 17088 17088 W TransactionExecutor: tId:-915956932   ]
10-24 23:31:10.688 17088 17088 W TransactionExecutor: tId:-915956932   stateRequest=ResumeActivityItem{procState=-1,updateProcState=false,isForward=true,shouldSendCompatFakeFocus=false}
10-24 23:31:10.688 17088 17088 W TransactionExecutor: tId:-915956932 }
10-24 23:31:10.688 17088 17088 W TransactionExecutor: tId:-915956932 Target activity: Not found for token: android.os.BinderProxy@e92836f
10-24 23:31:10.688 17088 17088 W TransactionExecutor: tId:1923744185 Skip pre-destroyed transaction:
10-24 23:31:10.688 17088 17088 W TransactionExecutor: tId:1923744185 ClientTransaction{
10-24 23:31:10.688 17088 17088 W TransactionExecutor: tId:1923744185   callbacks=[
10-24 23:31:10.688 17088 17088 W TransactionExecutor: tId:1923744185     TopResumedActivityChangeItem{onTop=true}
10-24 23:31:10.688 17088 17088 W TransactionExecutor: tId:1923744185   ]
10-24 23:31:10.688 17088 17088 W TransactionExecutor: tId:1923744185   stateRequest=null
10-24 23:31:10.688 17088 17088 W TransactionExecutor: tId:1923744185 }
10-24 23:31:10.688 17088 17088 W TransactionExecutor: tId:1923744185 Target activity: Not found for token: android.os.BinderProxy@e92836f
10-24 23:31:10.688 17088 17088 W TransactionExecutor: tId:1923714394 Skip pre-destroyed transaction:
10-24 23:31:10.688 17088 17088 W TransactionExecutor: tId:1923714394 ClientTransaction{
10-24 23:31:10.688 17088 17088 W TransactionExecutor: tId:1923714394   callbacks=[
10-24 23:31:10.688 17088 17088 W TransactionExecutor: tId:1923714394     TopResumedActivityChangeItem{onTop=false}
10-24 23:31:10.688 17088 17088 W TransactionExecutor: tId:1923714394   ]
10-24 23:31:10.688 17088 17088 W TransactionExecutor: tId:1923714394   stateRequest=null
10-24 23:31:10.688 17088 17088 W TransactionExecutor: tId:1923714394 }
10-24 23:31:10.688 17088 17088 W TransactionExecutor: tId:1923714394 Target activity: Not found for token: android.os.BinderProxy@e92836f
10-24 23:31:10.688 17088 17088 W TransactionExecutor: tId:-1937338185 Skip pre-destroyed transaction:
10-24 23:31:10.688 17088 17088 W TransactionExecutor: tId:-1937338185 ClientTransaction{
10-24 23:31:10.688 17088 17088 W TransactionExecutor: tId:-1937338185   callbacks=[]
10-24 23:31:10.688 17088 17088 W TransactionExecutor: tId:-1937338185   stateRequest=PauseActivityItem{finished=true,userLeaving=false,configChanges=0,dontReport=false,autoEnteringPip=false}
10-24 23:31:10.688 17088 17088 W TransactionExecutor: tId:-1937338185 }
10-24 23:31:10.688 17088 17088 W TransactionExecutor: tId:-1937338185 Target activity: Not found for token: android.os.BinderProxy@e92836f
10-24 23:31:10.691 17088 17088 W TransactionExecutor: tId:1190037195 Skip pre-destroyed transaction:
10-24 23:31:10.691 17088 17088 W TransactionExecutor: tId:1190037195 ClientTransaction{
10-24 23:31:10.691 17088 17088 W TransactionExecutor: tId:1190037195   callbacks=[
10-24 23:31:10.691 17088 17088 W TransactionExecutor: tId:1190037195     LaunchActivityItem{intent=Intent { flg=0x14800000 cmp=com.nqmobile.antivirus20/com.netqin.antivirus.scan.ui.MonitorVirusTip (has extras) },ident=235549264,info=ActivityInfo{3c3c8fb com.netqin.antivirus.scan.ui.MonitorVirusTip},curConfig={1.0 ?mcc?mnc [pt_BR] ldltr sw393dp w393dp h737dp 440dpi nrml long port night finger -keyb/v/h -nav/h winConfig={ mBounds=Rect(0, 0 - 1080, 2246) mAppBounds=Rect(0, 86 - 1080, 2114) mMaxBounds=Rect(0, 0 - 1080, 2246) mDisplayRotation=ROTATION_0 mWindowingMode=fullscreen mDisplayWindowingMode=fullscreen mActivityType=undefined mAlwaysOnTop=undefined mRotation=ROTATION_0} as.2 s.391 fontWeightAdjustment=0},overrideConfig={1.0 ?mcc?mnc [pt_BR] ldltr sw393dp w393dp h737dp 440dpi nrml long port night finger -keyb/v/h -nav/h winConfig={ mBounds=Rect(0, 0 - 1080, 2246) mAppBounds=Rect(0, 86 - 1080, 2114) mMaxBounds=Rect(0, 0 - 1080, 2246) mDisplayRotation=ROTATION_0 mWindowingMode=fullscreen mDisplayWindowingMode=fullscreen mActivityType=standard mAlwaysOnTop=undefined mRotation=ROTATION_0} as.2 s.1 fontWeightAdjustment=0},referrer=com.nqmobile.antivirus20,procState=2,state=null,persistentState=null,pendingResults=null,pendingNewIntents=null,options=null,profilerInfo=null,assistToken=android.os.BinderProxy@f050cf5,shareableActivityToken=android.os.BinderProxy@9975a8a}
10-24 23:31:10.691 17088 17088 W TransactionExecutor: tId:1190037195   ]
10-24 23:31:10.691 17088 17088 W TransactionExecutor: tId:1190037195   stateRequest=ResumeActivityItem{procState=-1,updateProcState=false,isForward=true,shouldSendCompatFakeFocus=false}
10-24 23:31:10.691 17088 17088 W TransactionExecutor: tId:1190037195 }
10-24 23:31:10.691 17088 17088 W TransactionExecutor: tId:1190037195 Target activity: Not found for token: android.os.BinderProxy@283d3ca
10-24 23:31:10.691 17088 17088 W TransactionExecutor: tId:1721455124 Skip pre-destroyed transaction:
10-24 23:31:10.691 17088 17088 W TransactionExecutor: tId:1721455124 ClientTransaction{
10-24 23:31:10.691 17088 17088 W TransactionExecutor: tId:1721455124   callbacks=[
10-24 23:31:10.691 17088 17088 W TransactionExecutor: tId:1721455124     TopResumedActivityChangeItem{onTop=true}
10-24 23:31:10.691 17088 17088 W TransactionExecutor: tId:1721455124   ]
10-24 23:31:10.691 17088 17088 W TransactionExecutor: tId:1721455124   stateRequest=null
10-24 23:31:10.691 17088 17088 W TransactionExecutor: tId:1721455124 }
10-24 23:31:10.691 17088 17088 W TransactionExecutor: tId:1721455124 Target activity: Not found for token: android.os.BinderProxy@283d3ca
10-24 23:31:10.692 17088 17088 W TransactionExecutor: tId:1922850455 Skip pre-destroyed transaction:
10-24 23:31:10.692 17088 17088 W TransactionExecutor: tId:1922850455 ClientTransaction{
10-24 23:31:10.692 17088 17088 W TransactionExecutor: tId:1922850455   callbacks=[]
10-24 23:31:10.692 17088 17088 W TransactionExecutor: tId:1922850455   stateRequest=DestroyActivityItem{finished=true,mConfigChanges=0}
10-24 23:31:10.692 17088 17088 W TransactionExecutor: tId:1922850455 }
10-24 23:31:10.692 17088 17088 W TransactionExecutor: tId:1922850455 Target activity: Not found for token: android.os.BinderProxy@e92836f
10-24 23:31:10.692 17088 17088 W TransactionExecutor: tId:1934742436 Skip pre-destroyed transaction:
10-24 23:31:10.692 17088 17088 W TransactionExecutor: tId:1934742436 ClientTransaction{
10-24 23:31:10.692 17088 17088 W TransactionExecutor: tId:1934742436   callbacks=[]
10-24 23:31:10.692 17088 17088 W TransactionExecutor: tId:1934742436   stateRequest=DestroyActivityItem{finished=true,mConfigChanges=0}
10-24 23:31:10.692 17088 17088 W TransactionExecutor: tId:1934742436 }
10-24 23:31:10.692 17088 17088 W TransactionExecutor: tId:1934742436 Target activity: Not found for token: android.os.BinderProxy@f47f87c
10-24 23:31:10.694  1479  4725 D CoreBackPreview: Window{ed95ef3 u0 com.nqmobile.antivirus20/com.netqin.antivirus.scan.ui.MonitorVirusTip}: Setting back callback null
10-24 23:31:10.697  1479  5532 D CoreBackPreview: Window{754b3e9 u0 com.nqmobile.antivirus20/com.netqin.antivirus.scan.ui.MonitorVirusTip}: Setting back callback null
10-24 23:31:10.700 17088 17088 W TransactionExecutor: tId:1721425333 Skip pre-destroyed transaction:
10-24 23:31:10.700 17088 17088 W TransactionExecutor: tId:1721425333 ClientTransaction{
10-24 23:31:10.700 17088 17088 W TransactionExecutor: tId:1721425333   callbacks=[
10-24 23:31:10.700 17088 17088 W TransactionExecutor: tId:1721425333     TopResumedActivityChangeItem{onTop=false}
10-24 23:31:10.700 17088 17088 W TransactionExecutor: tId:1721425333   ]
10-24 23:31:10.700 17088 17088 W TransactionExecutor: tId:1721425333   stateRequest=null
10-24 23:31:10.700 17088 17088 W TransactionExecutor: tId:1721425333 }
10-24 23:31:10.700 17088 17088 W TransactionExecutor: tId:1721425333 Target activity: Not found for token: android.os.BinderProxy@283d3ca
10-24 23:31:10.701 17088 17088 W TransactionExecutor: tId:-2139627246 Skip pre-destroyed transaction:
10-24 23:31:10.701 17088 17088 W TransactionExecutor: tId:-2139627246 ClientTransaction{
10-24 23:31:10.701 17088 17088 W TransactionExecutor: tId:-2139627246   callbacks=[]
10-24 23:31:10.701 17088 17088 W TransactionExecutor: tId:-2139627246   stateRequest=PauseActivityItem{finished=true,userLeaving=false,configChanges=0,dontReport=false,autoEnteringPip=false}
10-24 23:31:10.701 17088 17088 W TransactionExecutor: tId:-2139627246 }
10-24 23:31:10.701 17088 17088 W TransactionExecutor: tId:-2139627246 Target activity: Not found for token: android.os.BinderProxy@283d3ca
10-24 23:31:10.718 17088 17088 W TransactionExecutor: tId:1675964857 Skip pre-destroyed transaction:
10-24 23:31:10.718 17088 17088 W TransactionExecutor: tId:1675964857 ClientTransaction{
10-24 23:31:10.718 17088 17088 W TransactionExecutor: tId:1675964857   callbacks=[
10-24 23:31:10.718 17088 17088 W TransactionExecutor: tId:1675964857     LaunchActivityItem{intent=Intent { flg=0x14800000 cmp=com.nqmobile.antivirus20/com.netqin.antivirus.scan.ui.MonitorVirusTip (has extras) },ident=202690695,info=ActivityInfo{2b312c4 com.netqin.antivirus.scan.ui.MonitorVirusTip},curConfig={1.0 ?mcc?mnc [pt_BR] ldltr sw393dp w393dp h737dp 440dpi nrml long port night finger -keyb/v/h -nav/h winConfig={ mBounds=Rect(0, 0 - 1080, 2246) mAppBounds=Rect(0, 86 - 1080, 2114) mMaxBounds=Rect(0, 0 - 1080, 2246) mDisplayRotation=ROTATION_0 mWindowingMode=fullscreen mDisplayWindowingMode=fullscreen mActivityType=undefined mAlwaysOnTop=undefined mRotation=ROTATION_0} as.2 s.391 fontWeightAdjustment=0},overrideConfig={1.0 ?mcc?mnc [pt_BR] ldltr sw393dp w393dp h737dp 440dpi nrml long port night finger -keyb/v/h -nav/h winConfig={ mBounds=Rect(0, 0 - 1080, 2246) mAppBounds=Rect(0, 86 - 1080, 2114) mMaxBounds=Rect(0, 0 - 1080, 2246) mDisplayRotation=ROTATION_0 mWindowingMode=fullscreen mDisplayWindowingMode=fullscreen mActivityType=standard mAlwaysOnTop=undefined mRotation=ROTATION_0} as.2 s.1 fontWeightAdjustment=0},referrer=com.nqmobile.antivirus20,procState=2,state=null,persistentState=null,pendingResults=null,pendingNewIntents=null,options=null,profilerInfo=null,assistToken=android.os.BinderProxy@a989556,shareableActivityToken=android.os.BinderProxy@6fbf9d7}
10-24 23:31:10.718 17088 17088 W TransactionExecutor: tId:1675964857   ]
10-24 23:31:10.718 17088 17088 W TransactionExecutor: tId:1675964857   stateRequest=ResumeActivityItem{procState=-1,updateProcState=false,isForward=true,shouldSendCompatFakeFocus=false}
10-24 23:31:10.718 17088 17088 W TransactionExecutor: tId:1675964857 }
10-24 23:31:10.718 17088 17088 W TransactionExecutor: tId:1675964857 Target activity: Not found for token: android.os.BinderProxy@6dea335
10-24 23:31:10.718 17088 17088 W TransactionExecutor: tId:1794515327 Skip pre-destroyed transaction:
10-24 23:31:10.718 17088 17088 W TransactionExecutor: tId:1794515327 ClientTransaction{
10-24 23:31:10.718 17088 17088 W TransactionExecutor: tId:1794515327   callbacks=[
10-24 23:31:10.718 17088 17088 W TransactionExecutor: tId:1794515327     TopResumedActivityChangeItem{onTop=true}
10-24 23:31:10.718 17088 17088 W TransactionExecutor: tId:1794515327   ]
10-24 23:31:10.718 17088 17088 W TransactionExecutor: tId:1794515327   stateRequest=null
10-24 23:31:10.718 17088 17088 W TransactionExecutor: tId:1794515327 }
10-24 23:31:10.718 17088 17088 W TransactionExecutor: tId:1794515327 Target activity: Not found for token: android.os.BinderProxy@6dea335
10-24 23:31:10.725 17088 17088 W TransactionExecutor: tId:1794485536 Skip pre-destroyed transaction:
10-24 23:31:10.725 17088 17088 W TransactionExecutor: tId:1794485536 ClientTransaction{
10-24 23:31:10.725 17088 17088 W TransactionExecutor: tId:1794485536   callbacks=[
10-24 23:31:10.725 17088 17088 W TransactionExecutor: tId:1794485536     TopResumedActivityChangeItem{onTop=false}
10-24 23:31:10.725 17088 17088 W TransactionExecutor: tId:1794485536   ]
10-24 23:31:10.725 17088 17088 W TransactionExecutor: tId:1794485536   stateRequest=null
10-24 23:31:10.725 17088 17088 W TransactionExecutor: tId:1794485536 }
10-24 23:31:10.725 17088 17088 W TransactionExecutor: tId:1794485536 Target activity: Not found for token: android.os.BinderProxy@6dea335
10-24 23:31:10.725 17088 17088 W TransactionExecutor: tId:-2066567043 Skip pre-destroyed transaction:
10-24 23:31:10.725 17088 17088 W TransactionExecutor: tId:-2066567043 ClientTransaction{
10-24 23:31:10.725 17088 17088 W TransactionExecutor: tId:-2066567043   callbacks=[]
10-24 23:31:10.725 17088 17088 W TransactionExecutor: tId:-2066567043   stateRequest=PauseActivityItem{finished=true,userLeaving=false,configChanges=0,dontReport=false,autoEnteringPip=false}
10-24 23:31:10.725 17088 17088 W TransactionExecutor: tId:-2066567043 }
10-24 23:31:10.725 17088 17088 W TransactionExecutor: tId:-2066567043 Target activity: Not found for token: android.os.BinderProxy@6dea335
10-24 23:31:10.725 17088 17088 W TransactionExecutor: tId:-455719507 Skip pre-destroyed transaction:
10-24 23:31:10.725 17088 17088 W TransactionExecutor: tId:-455719507 ClientTransaction{
10-24 23:31:10.725 17088 17088 W TransactionExecutor: tId:-455719507   callbacks=[
10-24 23:31:10.725 17088 17088 W TransactionExecutor: tId:-455719507     LaunchActivityItem{intent=Intent { flg=0x14800000 cmp=com.nqmobile.antivirus20/com.netqin.antivirus.scan.ui.MonitorVirusTip (has extras) },ident=231061232,info=ActivityInfo{b1c5c73 com.netqin.antivirus.scan.ui.MonitorVirusTip},curConfig={1.0 ?mcc?mnc [pt_BR] ldltr sw393dp w393dp h737dp 440dpi nrml long port night finger -keyb/v/h -nav/h winConfig={ mBounds=Rect(0, 0 - 1080, 2246) mAppBounds=Rect(0, 86 - 1080, 2114) mMaxBounds=Rect(0, 0 - 1080, 2246) mDisplayRotation=ROTATION_0 mWindowingMode=fullscreen mDisplayWindowingMode=fullscreen mActivityType=undefined mAlwaysOnTop=undefined mRotation=ROTATION_0} as.2 s.391 fontWeightAdjustment=0},overrideConfig={1.0 ?mcc?mnc [pt_BR] ldltr sw393dp w393dp h737dp 440dpi nrml long port night finger -keyb/v/h -nav/h winConfig={ mBounds=Rect(0, 0 - 1080, 2246) mAppBounds=Rect(0, 86 - 1080, 2114) mMaxBounds=Rect(0, 0 - 1080, 2246) mDisplayRotation=ROTATION_0 mWindowingMode=fullscreen mDisplayWindowingMode=fullscreen mActivityType=standard mAlwaysOnTop=undefined mRotation=ROTATION_0} as.2 s.1 fontWeightAdjustment=0},referrer=com.nqmobile.antivirus20,procState=2,state=null,persistentState=null,pendingResults=null,pendingNewIntents=null,options=null,profilerInfo=null,assistToken=android.os.BinderProxy@d8ee5ad,shareableActivityToken=android.os.BinderProxy@a0b0e2}
10-24 23:31:10.725 17088 17088 W TransactionExecutor: tId:-455719507   ]
10-24 23:31:10.725 17088 17088 W TransactionExecutor: tId:-455719507   stateRequest=ResumeActivityItem{procState=-1,updateProcState=false,isForward=true,shouldSendCompatFakeFocus=false}
10-24 23:31:10.725 17088 17088 W TransactionExecutor: tId:-455719507 }
10-24 23:31:10.725 17088 17088 W TransactionExecutor: tId:-455719507 Target activity: Not found for token: android.os.BinderProxy@96cb16c
10-24 23:31:10.725 17088 17088 W TransactionExecutor: tId:1837379510 Skip pre-destroyed transaction:
10-24 23:31:10.725 17088 17088 W TransactionExecutor: tId:1837379510 ClientTransaction{
10-24 23:31:10.725 17088 17088 W TransactionExecutor: tId:1837379510   callbacks=[
10-24 23:31:10.725 17088 17088 W TransactionExecutor: tId:1837379510     TopResumedActivityChangeItem{onTop=true}
10-24 23:31:10.725 17088 17088 W TransactionExecutor: tId:1837379510   ]
10-24 23:31:10.725 17088 17088 W TransactionExecutor: tId:1837379510   stateRequest=null
10-24 23:31:10.725 17088 17088 W TransactionExecutor: tId:1837379510 }
10-24 23:31:10.725 17088 17088 W TransactionExecutor: tId:1837379510 Target activity: Not found for token: android.os.BinderProxy@96cb16c
10-24 23:31:10.725 17088 17088 W TransactionExecutor: tId:1837349719 Skip pre-destroyed transaction:
10-24 23:31:10.725 17088 17088 W TransactionExecutor: tId:1837349719 ClientTransaction{
10-24 23:31:10.725 17088 17088 W TransactionExecutor: tId:1837349719   callbacks=[
10-24 23:31:10.725 17088 17088 W TransactionExecutor: tId:1837349719     TopResumedActivityChangeItem{onTop=false}
10-24 23:31:10.725 17088 17088 W TransactionExecutor: tId:1837349719   ]
10-24 23:31:10.725 17088 17088 W TransactionExecutor: tId:1837349719   stateRequest=null
10-24 23:31:10.725 17088 17088 W TransactionExecutor: tId:1837349719 }
10-24 23:31:10.725 17088 17088 W TransactionExecutor: tId:1837349719 Target activity: Not found for token: android.os.BinderProxy@96cb16c
10-24 23:31:10.725 17088 17088 W TransactionExecutor: tId:-2023702860 Skip pre-destroyed transaction:
10-24 23:31:10.725 17088 17088 W TransactionExecutor: tId:-2023702860 ClientTransaction{
10-24 23:31:10.725 17088 17088 W TransactionExecutor: tId:-2023702860   callbacks=[]
10-24 23:31:10.725 17088 17088 W TransactionExecutor: tId:-2023702860   stateRequest=PauseActivityItem{finished=true,userLeaving=false,configChanges=0,dontReport=false,autoEnteringPip=false}
10-24 23:31:10.725 17088 17088 W TransactionExecutor: tId:-2023702860 }
10-24 23:31:10.725 17088 17088 W TransactionExecutor: tId:-2023702860 Target activity: Not found for token: android.os.BinderProxy@96cb16c
10-24 23:31:10.742  1479  6868 D CoreBackPreview: Window{e2a1136 u0 com.nqmobile.antivirus20/com.netqin.antivirus.scan.ui.MonitorVirusTip}: Setting back callback OnBackInvokedCallbackInfo{mCallback=android.window.IOnBackInvokedCallback$Stub$Proxy@6c3fb0d, mPriority=0}
10-24 23:31:10.747  1479  4703 D CoreBackPreview: Window{14b3410 u0 com.nqmobile.antivirus20/com.netqin.antivirus.scan.ui.MonitorVirusTip}: Setting back callback OnBackInvokedCallbackInfo{mCallback=android.window.IOnBackInvokedCallback$Stub$Proxy@61e9d46, mPriority=0}
10-24 23:31:10.748 17088 17088 W TransactionExecutor: tId:1836485780 Skip pre-destroyed transaction:
10-24 23:31:10.748 17088 17088 W TransactionExecutor: tId:1836485780 ClientTransaction{
10-24 23:31:10.748 17088 17088 W TransactionExecutor: tId:1836485780   callbacks=[]
10-24 23:31:10.748 17088 17088 W TransactionExecutor: tId:1836485780   stateRequest=DestroyActivityItem{finished=true,mConfigChanges=0}
10-24 23:31:10.748 17088 17088 W TransactionExecutor: tId:1836485780 }
10-24 23:31:10.748 17088 17088 W TransactionExecutor: tId:1836485780 Target activity: Not found for token: android.os.BinderProxy@96cb16c
10-24 23:31:10.748 17088 17088 W TransactionExecutor: tId:1793621597 Skip pre-destroyed transaction:
10-24 23:31:10.748 17088 17088 W TransactionExecutor: tId:1793621597 ClientTransaction{
10-24 23:31:10.748 17088 17088 W TransactionExecutor: tId:1793621597   callbacks=[]
10-24 23:31:10.748 17088 17088 W TransactionExecutor: tId:1793621597   stateRequest=DestroyActivityItem{finished=true,mConfigChanges=0}
10-24 23:31:10.748 17088 17088 W TransactionExecutor: tId:1793621597 }
10-24 23:31:10.748 17088 17088 W TransactionExecutor: tId:1793621597 Target activity: Not found for token: android.os.BinderProxy@6dea335
10-24 23:31:10.748 17088 17088 W TransactionExecutor: tId:1720561394 Skip pre-destroyed transaction:
10-24 23:31:10.748 17088 17088 W TransactionExecutor: tId:1720561394 ClientTransaction{
10-24 23:31:10.748 17088 17088 W TransactionExecutor: tId:1720561394   callbacks=[]
10-24 23:31:10.748 17088 17088 W TransactionExecutor: tId:1720561394   stateRequest=DestroyActivityItem{finished=true,mConfigChanges=0}
10-24 23:31:10.748 17088 17088 W TransactionExecutor: tId:1720561394 }
10-24 23:31:10.748 17088 17088 W TransactionExecutor: tId:1720561394 Target activity: Not found for token: android.os.BinderProxy@283d3ca
10-24 23:31:10.939  1479  5527 W NotificationHistory: Attempted to add notif for locked/gone/disabled user 0
10-24 23:31:10.959  1479  1813 E PackageManager: ERROR: could not load root hash from incremental install
10-24 23:31:10.988  1479  1813 I PackageManager: Integrity check passed for file:///data/app/vmdl1754176895.tmp
10-24 23:31:11.078  1479  1672 V StorageManagerService: Package null has legacy storage
10-24 23:31:11.161  1479  1675 W ActivityTaskManager: Activity top resumed state loss timeout for ActivityRecord{9d2701f u0 com.nqmobile.antivirus20/com.netqin.antivirus.scan.ui.MonitorVirusTip} t19 f}}
10-24 23:31:11.162  1479  1675 W ActivityTaskManager: Activity pause timeout for ActivityRecord{9d2701f u0 com.nqmobile.antivirus20/com.netqin.antivirus.scan.ui.MonitorVirusTip} t19 f}}
10-24 23:31:11.163  1479  1675 W ActivityTaskManager: Tried to set launchTime (0) < mLastActivityLaunchTime (953413)
10-24 23:31:11.234  1479  3377 I ActivityTaskManager: START u0 {flg=0x14800000 cmp=com.nqmobile.antivirus20/com.netqin.antivirus.scan.ui.MonitorVirusTip (has extras)} from uid 10196
10-24 23:31:11.254  1479  1813 V BackupManagerService: [UserID:0] restoreAtInstall pkg=cn.inssgame.paokugame token=64 restoreSet=0
10-24 23:31:11.255  1479  1813 V BackupManagerService: [UserID:0] Finishing install immediately
10-24 23:31:11.256 17088 17088 W PackageParser: Ignoring duplicate uses-permissions/uses-permissions-sdk-m: android.permission.DISABLE_KEYGUARD in package: com.lfnb.ccrh at: Binary XML file line #24
10-24 23:31:11.264  1479  1813 D PackageInstallerSession: Marking session 1754176895 as applied
10-24 23:31:11.268  1479  1813 D CompatibilityChangeReporter: Compat change id reported: 168419799; UID 10263; state: DISABLED
10-24 23:31:11.268  1479  1813 D CompatibilityChangeReporter: Compat change id reported: 273564678; UID 10263; state: DISABLED
10-24 23:31:11.277  1479  2919 D CompatibilityChangeReporter: Compat change id reported: 218533173; UID 10263; state: DISABLED
10-24 23:31:11.279  1479  1479 I Telecom : DefaultDialerCache: Refreshing default dialer for user 0: now com.google.android.dialer: DDC.oR@CYU
10-24 23:31:11.286  1479  3377 W BroadcastQueue: u0 Receiving a broadcast in packagecom.jr.narutoii requires a permissions review
10-24 23:31:11.286  1479  3377 W BroadcastQueue: Skipping delivery: permission review required for Intent { act=android.intent.action.PACKAGE_ADDED dat=package: flg=0x4000010 (has extras) } from null (pid=1479, uid=1000) to com.jr.narutoii/com.joyriver.engine.proxy.EngineReceiver
10-24 23:31:11.287  1479  1479 V BackupManagerConstants: getFullBackupIntervalMilliseconds(...) returns 86400000
10-24 23:31:11.287  1479  1479 V BackupManagerConstants: getFullBackupRequiredNetworkType(...) returns 2
10-24 23:31:11.287  1479  1479 V BackupManagerConstants: getFullBackupRequireCharging(...) returns true
10-24 23:31:11.304  1479  1688 W BroadcastQueue: u0 Receiving a broadcast in packagecom.android.buyer requires a permissions review
10-24 23:31:11.304  1479  1688 W BroadcastQueue: Skipping delivery: permission review required for Intent { act=android.intent.action.PACKAGE_ADDED dat=package: flg=0x4000010 (has extras) } from null (pid=1479, uid=1000) to com.android.buyer/.mRve
10-24 23:31:11.304  1479  1688 W BroadcastQueue: Background execution not allowed: receiving Intent { act=android.intent.action.PACKAGE_ADDED dat=package: flg=0x4000010 (has extras) } to com.google.android.packageinstaller/com.android.packageinstaller.PackageInstalledReceiver
10-24 23:31:11.305  1479  1688 W BroadcastQueue: Background execution not allowed: receiving Intent { act=android.intent.action.PACKAGE_ADDED dat=package: flg=0x4000010 (has extras) } to com.android.vending/com.google.android.finsky.packagemonitor.impl.PackageMonitorReceiverImpl$RegisteredReceiver
10-24 23:31:11.305  1479  1688 W BroadcastQueue: Background execution not allowed: receiving Intent { act=android.intent.action.PACKAGE_ADDED dat=package: flg=0x4000010 (has extras) } to com.android.vending/com.google.android.finsky.packagemonitor.backgroundimpl.BackgroundPackageMonitorReceiverImpl$RegisteredReceiver
10-24 23:31:11.305  1479  1688 W BroadcastQueue: Background execution not allowed: receiving Intent { act=android.intent.action.PACKAGE_ADDED dat=package: flg=0x4000010 (has extras) } to com.google.android.gms/.games.chimera.GamesSystemBroadcastReceiverProxy
10-24 23:31:11.305  1479  1688 W BroadcastQueue: Background execution not allowed: receiving Intent { act=android.intent.action.PACKAGE_ADDED dat=package: flg=0x4000010 (has extras) } to com.google.android.gms/.gass.chimera.PackageChangeBroadcastReceiver
10-24 23:31:11.309  1479  1479 I Telecom : DefaultDialerCache: Refreshing default dialer for user 0: now com.google.android.dialer: DDC.oR@CYY
10-24 23:31:11.309  1479  1688 W BroadcastQueue: Background execution not allowed: receiving Intent { act=android.intent.action.PACKAGE_ADDED dat=package: flg=0x4000010 (has extras) } to com.google.android.gms/.chimera.GmsIntentOperationService$PersistentTrustedReceiver
10-24 23:31:11.309  1479  1688 W BroadcastQueue: u0 Receiving a broadcast in packagecom.cncd.japan.janli.shudu requires a permissions review
10-24 23:31:11.309  1479  1688 W BroadcastQueue: Skipping delivery: permission review required for Intent { act=android.intent.action.PACKAGE_ADDED dat=package: flg=0x4000010 (has extras) } from null (pid=1479, uid=1000) to com.cncd.japan.janli.shudu/net.l.k.r
10-24 23:31:11.309  1479  1688 W BroadcastQueue: u0 Receiving a broadcast in packagecom.cncd.japan.janli.shudu requires a permissions review
10-24 23:31:11.309  1479  1688 W BroadcastQueue: Skipping delivery: permission review required for Intent { act=android.intent.action.PACKAGE_ADDED dat=package: flg=0x4000010 (has extras) } from null (pid=1479, uid=1000) to com.cncd.japan.janli.shudu/com.feiwofour.coverscreen.SR
10-24 23:31:11.309  1479  1688 W BroadcastQueue: u0 Receiving a broadcast in packagecom.games.mengmeizhitd requires a permissions review
10-24 23:31:11.309  1479  1688 W BroadcastQueue: Skipping delivery: permission review required for Intent { act=android.intent.action.PACKAGE_ADDED dat=package: flg=0x4000010 (has extras) } from null (pid=1479, uid=1000) to com.games.mengmeizhitd/hjnw.ihjnw.i.isqly
10-24 23:31:11.309  1479  1688 W BroadcastQueue: u0 Receiving a broadcast in packagecom.hgperfko.yaeghrwx requires a permissions review
10-24 23:31:11.309  1479  1688 W BroadcastQueue: Skipping delivery: permission review required for Intent { act=android.intent.action.PACKAGE_ADDED dat=package: flg=0x4000010 (has extras) } from null (pid=1479, uid=1000) to com.hgperfko.yaeghrwx/.core.hLytdCQDBv
10-24 23:31:11.309  1479  1688 W BroadcastQueue: u0 Receiving a broadcast in packagecom.qiuqiu.dfmc requires a permissions review
10-24 23:31:11.310  1479  1688 W BroadcastQueue: Skipping delivery: permission review required for Intent { act=android.intent.action.PACKAGE_ADDED dat=package: flg=0x4000010 (has extras) } from null (pid=1479, uid=1000) to com.qiuqiu.dfmc/cn.jpush.android.service.PushReceiver
10-24 23:31:11.310  1479  1688 W BroadcastQueue: u0 Receiving a broadcast in packagecom.safesys.viruskiller requires a permissions review
10-24 23:31:11.310  1479  1688 W BroadcastQueue: Skipping delivery: permission review required for Intent { act=android.intent.action.PACKAGE_ADDED dat=package: flg=0x4000010 (has extras) } from null (pid=1479, uid=1000) to com.safesys.viruskiller/.ScanPackageBroadcast
10-24 23:31:11.310  1479  1688 W BroadcastQueue: u0 Receiving a broadcast in packagecom.uc108.mobile.sdgj.bd1 requires a permissions review
10-24 23:31:11.310  1479  1688 W BroadcastQueue: Skipping delivery: permission review required for Intent { act=android.intent.action.PACKAGE_ADDED dat=package: flg=0x4000010 (has extras) } from null (pid=1479, uid=1000) to com.uc108.mobile.sdgj.bd1/com.baidu.tiebasdk.service.InstallReceiver
10-24 23:31:11.310  1479  1688 W BroadcastQueue: u0 Receiving a broadcast in packagecom.voicebianshengjinglingwc.wxl requires a permissions review
10-24 23:31:11.310  1479  1688 W BroadcastQueue: Skipping delivery: permission review required for Intent { act=android.intent.action.PACKAGE_ADDED dat=package: flg=0x4000010 (has extras) } from null (pid=1479, uid=1000) to com.voicebianshengjinglingwc.wxl/mp.ruu.Ztjjwrj
10-24 23:31:11.310  1479  1688 W BroadcastQueue: u0 Receiving a broadcast in packagecom.yoojar.zlsg.baidu requires a permissions review
10-24 23:31:11.310  1479  1688 W BroadcastQueue: Skipping delivery: permission review required for Intent { act=android.intent.action.PACKAGE_ADDED dat=package: flg=0x4000010 (has extras) } from null (pid=1479, uid=1000) to com.yoojar.zlsg.baidu/com.duoku.platform.download.broadcast.AppMonitorReceiver
10-24 23:31:11.310  1479  1688 W BroadcastQueue: u0 Receiving a broadcast in packageio.dcloud.H5BC6BF13 requires a permissions review
10-24 23:31:11.310  1479  1688 W BroadcastQueue: Skipping delivery: permission review required for Intent { act=android.intent.action.PACKAGE_ADDED dat=package: flg=0x4000010 (has extras) } from null (pid=1479, uid=1000) to io.dcloud.H5BC6BF13/io.dcloud.common.adapter.io.DownloadReceiver
10-24 23:31:11.312  1479  1810 E VerityUtils: Failed to measure fs-verity, errno 1: /data/app/~~bvp-_LfQZW1MhzCtOBgyLg==/cn.inssgame.paokugame-vqJVm3BmhM4uelYo-nBhMw==/base.apk
10-24 23:31:11.322  1479  1686 W WindowMagnificationMgr: requestConnection duplicated request: connect=false, mConnectionState=DISCONNECTED
10-24 23:31:11.334  1479  5540 D CompatibilityChangeReporter: Compat change id reported: 161252188; UID 10263; state: DISABLED
10-24 23:31:11.377  1479  1686 W PackageManager: Failed registering loading progress callback. Package is fully loaded.
10-24 23:31:11.380  1479  4174 W BackupTransportManager: Package cn.inssgame.paokugame enabled setting: 0
10-24 23:31:11.386  1479  1686 W WindowMagnificationMgr: requestConnection duplicated request: connect=false, mConnectionState=DISCONNECTED
10-24 23:31:11.407  1479  1675 W ActivityTaskManager: Activity destroy timeout for ActivityRecord{113fcd4 u0 com.nqmobile.antivirus20/com.netqin.antivirus.scan.ui.MonitorVirusTip} t19 f}}
10-24 23:31:11.423  1479  4703 W BroadcastQueue: u0 Receiving a broadcast in packagecom.yoojar.zlsg.baidu requires a permissions review
10-24 23:31:11.424  1479  4703 W BroadcastQueue: Skipping delivery: permission review required for Intent { act=android.intent.action.PACKAGE_CHANGED dat=package: flg=0x5000010 (has extras) } from null (pid=1479, uid=1000) to com.yoojar.zlsg.baidu/com.duoku.platform.download.broadcast.AppMonitorReceiver
10-24 23:31:11.723  1479  5540 I ActivityTaskManager: START u0 {flg=0x14800000 cmp=com.nqmobile.antivirus20/com.netqin.antivirus.scan.ui.MonitorVirusTip (has extras)} from uid 10196
10-24 23:31:11.726  1479  1686 W UsageStatsService: Unexpected activity event reported! (com.nqmobile.antivirus20/com.netqin.antivirus.scan.ui.MonitorVirusTip event : 23 instanceId : 111280127)
10-24 23:31:11.735  1479  1675 W ActivityTaskManager: Activity top resumed state loss timeout for ActivityRecord{bfb13fe u0 com.nqmobile.antivirus20/com.netqin.antivirus.scan.ui.MonitorVirusTip} t19 f}}
10-24 23:31:11.735  1479  1675 W ActivityTaskManager: Activity pause timeout for ActivityRecord{bfb13fe u0 com.nqmobile.antivirus20/com.netqin.antivirus.scan.ui.MonitorVirusTip} t19 f}}
10-24 23:31:11.735  1479  1675 W ActivityTaskManager: Tried to set launchTime (0) < mLastActivityLaunchTime (953959)
10-24 23:31:12.162  1479  1813 E PackageManager: ERROR: could not load root hash from incremental install
10-24 23:31:12.254 17088 17088 W PackageParser: Ignoring duplicate uses-permissions/uses-permissions-sdk-m: android.permission.WAKE_LOCK in package: yeyrm.ywoqeyfxty.hdp at: Binary XML file line #24
10-24 23:31:12.281  1479  1813 I PackageManager: Integrity check passed for file:///data/app/vmdl1626967486.tmp
10-24 23:31:12.448  1479  1672 V StorageManagerService: Package null has legacy storage
10-24 23:31:12.613  1479  1813 V BackupManagerService: [UserID:0] restoreAtInstall pkg=com.kascend.chushov token=65 restoreSet=0
10-24 23:31:12.613  1479  1813 V BackupManagerService: [UserID:0] Finishing install immediately
10-24 23:31:12.615  1479  1813 D PackageInstallerSession: Marking session 1626967486 as applied
10-24 23:31:12.620  1479  1813 D CompatibilityChangeReporter: Compat change id reported: 168419799; UID 10264; state: DISABLED
10-24 23:31:12.620  1479  1813 D CompatibilityChangeReporter: Compat change id reported: 273564678; UID 10264; state: DISABLED
10-24 23:31:12.627  1479  2919 D CompatibilityChangeReporter: Compat change id reported: 218533173; UID 10264; state: DISABLED
10-24 23:31:12.632  1479  1479 I Telecom : DefaultDialerCache: Refreshing default dialer for user 0: now com.google.android.dialer: DDC.oR@CZ0
10-24 23:31:12.634  1479  3809 W BroadcastQueue: u0 Receiving a broadcast in packagecom.jr.narutoii requires a permissions review
10-24 23:31:12.634  1479  3809 W BroadcastQueue: Skipping delivery: permission review required for Intent { act=android.intent.action.PACKAGE_ADDED dat=package: flg=0x4000010 (has extras) } from null (pid=1479, uid=1000) to com.jr.narutoii/com.joyriver.engine.proxy.EngineReceiver
10-24 23:31:12.636  1479  1688 W BroadcastQueue: u0 Receiving a broadcast in packagecom.android.buyer requires a permissions review
10-24 23:31:12.637  1479  1688 W BroadcastQueue: Skipping delivery: permission review required for Intent { act=android.intent.action.PACKAGE_ADDED dat=package: flg=0x4000010 (has extras) } from null (pid=1479, uid=1000) to com.android.buyer/.mRve
10-24 23:31:12.637  1479  1688 W BroadcastQueue: Background execution not allowed: receiving Intent { act=android.intent.action.PACKAGE_ADDED dat=package: flg=0x4000010 (has extras) } to com.google.android.packageinstaller/com.android.packageinstaller.PackageInstalledReceiver
10-24 23:31:12.637  1479  1688 W BroadcastQueue: Background execution not allowed: receiving Intent { act=android.intent.action.PACKAGE_ADDED dat=package: flg=0x4000010 (has extras) } to com.android.vending/com.google.android.finsky.packagemonitor.impl.PackageMonitorReceiverImpl$RegisteredReceiver
10-24 23:31:12.637  1479  1688 W BroadcastQueue: Background execution not allowed: receiving Intent { act=android.intent.action.PACKAGE_ADDED dat=package: flg=0x4000010 (has extras) } to com.android.vending/com.google.android.finsky.packagemonitor.backgroundimpl.BackgroundPackageMonitorReceiverImpl$RegisteredReceiver
10-24 23:31:12.638  1479  1688 W BroadcastQueue: Background execution not allowed: receiving Intent { act=android.intent.action.PACKAGE_ADDED dat=package: flg=0x4000010 (has extras) } to com.google.android.gms/.games.chimera.GamesSystemBroadcastReceiverProxy
10-24 23:31:12.638  1479  1688 W BroadcastQueue: Background execution not allowed: receiving Intent { act=android.intent.action.PACKAGE_ADDED dat=package: flg=0x4000010 (has extras) } to com.google.android.gms/.gass.chimera.PackageChangeBroadcastReceiver
10-24 23:31:12.638  1479  1688 W BroadcastQueue: Background execution not allowed: receiving Intent { act=android.intent.action.PACKAGE_ADDED dat=package: flg=0x4000010 (has extras) } to com.google.android.gms/.chimera.GmsIntentOperationService$PersistentTrustedReceiver
10-24 23:31:12.638  1479  1688 W BroadcastQueue: u0 Receiving a broadcast in packagecom.cncd.japan.janli.shudu requires a permissions review
10-24 23:31:12.638  1479  1688 W BroadcastQueue: Skipping delivery: permission review required for Intent { act=android.intent.action.PACKAGE_ADDED dat=package: flg=0x4000010 (has extras) } from null (pid=1479, uid=1000) to com.cncd.japan.janli.shudu/net.l.k.r
10-24 23:31:12.638  1479  1688 W BroadcastQueue: u0 Receiving a broadcast in packagecom.cncd.japan.janli.shudu requires a permissions review
10-24 23:31:12.638  1479  1688 W BroadcastQueue: Skipping delivery: permission review required for Intent { act=android.intent.action.PACKAGE_ADDED dat=package: flg=0x4000010 (has extras) } from null (pid=1479, uid=1000) to com.cncd.japan.janli.shudu/com.feiwofour.coverscreen.SR
10-24 23:31:12.638  1479  1688 W BroadcastQueue: u0 Receiving a broadcast in packagecom.games.mengmeizhitd requires a permissions review
10-24 23:31:12.638  1479  1688 W BroadcastQueue: Skipping delivery: permission review required for Intent { act=android.intent.action.PACKAGE_ADDED dat=package: flg=0x4000010 (has extras) } from null (pid=1479, uid=1000) to com.games.mengmeizhitd/hjnw.ihjnw.i.isqly
10-24 23:31:12.638  1479  1688 W BroadcastQueue: u0 Receiving a broadcast in packagecom.hgperfko.yaeghrwx requires a permissions review
10-24 23:31:12.638  1479  1688 W BroadcastQueue: Skipping delivery: permission review required for Intent { act=android.intent.action.PACKAGE_ADDED dat=package: flg=0x4000010 (has extras) } from null (pid=1479, uid=1000) to com.hgperfko.yaeghrwx/.core.hLytdCQDBv
10-24 23:31:12.638  1479  1688 W BroadcastQueue: u0 Receiving a broadcast in packagecom.qiuqiu.dfmc requires a permissions review
10-24 23:31:12.638  1479  1688 W BroadcastQueue: Skipping delivery: permission review required for Intent { act=android.intent.action.PACKAGE_ADDED dat=package: flg=0x4000010 (has extras) } from null (pid=1479, uid=1000) to com.qiuqiu.dfmc/cn.jpush.android.service.PushReceiver
10-24 23:31:12.638  1479  1688 W BroadcastQueue: u0 Receiving a broadcast in packagecom.safesys.viruskiller requires a permissions review
10-24 23:31:12.638  1479  1688 W BroadcastQueue: Skipping delivery: permission review required for Intent { act=android.intent.action.PACKAGE_ADDED dat=package: flg=0x4000010 (has extras) } from null (pid=1479, uid=1000) to com.safesys.viruskiller/.ScanPackageBroadcast
10-24 23:31:12.638  1479  1688 W BroadcastQueue: u0 Receiving a broadcast in packagecom.uc108.mobile.sdgj.bd1 requires a permissions review
10-24 23:31:12.638  1479  1688 W BroadcastQueue: Skipping delivery: permission review required for Intent { act=android.intent.action.PACKAGE_ADDED dat=package: flg=0x4000010 (has extras) } from null (pid=1479, uid=1000) to com.uc108.mobile.sdgj.bd1/com.baidu.tiebasdk.service.InstallReceiver
10-24 23:31:12.639  1479  1688 W BroadcastQueue: u0 Receiving a broadcast in packagecom.voicebianshengjinglingwc.wxl requires a permissions review
10-24 23:31:12.639  1479  1688 W BroadcastQueue: Skipping delivery: permission review required for Intent { act=android.intent.action.PACKAGE_ADDED dat=package: flg=0x4000010 (has extras) } from null (pid=1479, uid=1000) to com.voicebianshengjinglingwc.wxl/mp.ruu.Ztjjwrj
10-24 23:31:12.639  1479  1688 W BroadcastQueue: u0 Receiving a broadcast in packagecom.yoojar.zlsg.baidu requires a permissions review
10-24 23:31:12.639  1479  1688 W BroadcastQueue: Skipping delivery: permission review required for Intent { act=android.intent.action.PACKAGE_ADDED dat=package: flg=0x4000010 (has extras) } from null (pid=1479, uid=1000) to com.yoojar.zlsg.baidu/com.duoku.platform.download.broadcast.AppMonitorReceiver
10-24 23:31:12.639  1479  1688 W BroadcastQueue: u0 Receiving a broadcast in packageio.dcloud.H5BC6BF13 requires a permissions review
10-24 23:31:12.639  1479  1688 W BroadcastQueue: Skipping delivery: permission review required for Intent { act=android.intent.action.PACKAGE_ADDED dat=package: flg=0x4000010 (has extras) } from null (pid=1479, uid=1000) to io.dcloud.H5BC6BF13/io.dcloud.common.adapter.io.DownloadReceiver
10-24 23:31:12.643  1479  1479 V BackupManagerConstants: getFullBackupIntervalMilliseconds(...) returns 86400000
10-24 23:31:12.643  1479  1479 V BackupManagerConstants: getFullBackupRequiredNetworkType(...) returns 2
10-24 23:31:12.644  1479  1479 V BackupManagerConstants: getFullBackupRequireCharging(...) returns true
10-24 23:31:12.676  1479  4710 D CompatibilityChangeReporter: Compat change id reported: 161252188; UID 10264; state: DISABLED
10-24 23:31:12.677  1479  1686 W WindowMagnificationMgr: requestConnection duplicated request: connect=false, mConnectionState=DISCONNECTED
10-24 23:31:12.700  1479  1810 E VerityUtils: Failed to measure fs-verity, errno 1: /data/app/~~sdBf9xTixKsqGokHExfckg==/com.kascend.chushov-U0IiguzbASpbzVM_uiXZOw==/base.apk
10-24 23:31:12.714  1479  1479 I Telecom : DefaultDialerCache: Refreshing default dialer for user 0: now com.google.android.dialer: DDC.oR@CZ4
10-24 23:31:12.749  1479  4174 W BackupTransportManager: Package com.kascend.chushov enabled setting: 0
10-24 23:31:12.758  1479  4195 W BroadcastQueue: u0 Receiving a broadcast in packagecom.yoojar.zlsg.baidu requires a permissions review
10-24 23:31:12.758  1479  4195 W BroadcastQueue: Skipping delivery: permission review required for Intent { act=android.intent.action.PACKAGE_CHANGED dat=package: flg=0x5000010 (has extras) } from null (pid=1479, uid=1000) to com.yoojar.zlsg.baidu/com.duoku.platform.download.broadcast.AppMonitorReceiver
10-24 23:31:12.781  1479  4710 I ActivityTaskManager: START u0 {flg=0x14800000 cmp=com.nqmobile.antivirus20/com.netqin.antivirus.scan.ui.MonitorVirusTip (has extras)} from uid 10196
10-24 23:31:12.793  1479  1686 W PackageManager: Failed registering loading progress callback. Package is fully loaded.
10-24 23:31:12.805  1479  1686 W WindowMagnificationMgr: requestConnection duplicated request: connect=false, mConnectionState=DISCONNECTED
10-24 23:31:12.819 17088 17088 W PackageParser: Ignoring duplicate uses-permissions/uses-permissions-sdk-m: android.permission.ACCESS_NETWORK_STATE in package: rsoiogtjulaok.cieldreweq.hbdjtupunuq at: Binary XML file line #25
10-24 23:31:12.869  1479  1813 E PackageManager: ERROR: could not load root hash from incremental install
10-24 23:31:12.875  1479  2042 W PackageParsing: Ignoring duplicate uses-permissions/uses-permissions-sdk-m: android.permission.INTERNET in package: tfcqzk.lofst.hkgkaucmthtsmy at: Binary XML file line #10
10-24 23:31:12.894  1479  1813 I PackageManager: Integrity check passed for file:///data/app/vmdl1781030282.tmp
10-24 23:31:12.911  1479  1813 W PackageParsing: Ignoring duplicate uses-permissions/uses-permissions-sdk-m: android.permission.INTERNET in package: tfcqzk.lofst.hkgkaucmthtsmy at: Binary XML file line #10
10-24 23:31:12.978  1479  1672 V StorageManagerService: Package null does not have legacy storage
10-24 23:31:13.073  1479  1675 W ActivityTaskManager: Activity destroy timeout for ActivityRecord{a67acae u0 com.nqmobile.antivirus20/com.netqin.antivirus.scan.ui.MonitorVirusTip} t19 f}}
10-24 23:31:13.074  1479  1675 W ActivityTaskManager: Activity destroy timeout for ActivityRecord{407d06 u0 com.nqmobile.antivirus20/com.netqin.antivirus.scan.ui.MonitorVirusTip} t19 f}}
10-24 23:31:13.074  1479  1675 W ActivityTaskManager: Activity destroy timeout for ActivityRecord{ff95e75 u0 com.nqmobile.antivirus20/com.netqin.antivirus.scan.ui.MonitorVirusTip} t19 f}}
10-24 23:31:13.283  1479  1675 W ActivityTaskManager: Activity top resumed state loss timeout for ActivityRecord{3aa58c0 u0 com.nqmobile.antivirus20/com.netqin.antivirus.scan.ui.MonitorVirusTip} t19 f}}
10-24 23:31:13.283  1479  1675 W ActivityTaskManager: Activity pause timeout for ActivityRecord{3aa58c0 u0 com.nqmobile.antivirus20/com.netqin.antivirus.scan.ui.MonitorVirusTip} t19 f}}
10-24 23:31:13.284  1479  1675 W ActivityTaskManager: Tried to set launchTime (0) < mLastActivityLaunchTime (954532)
10-24 23:31:13.290  1479  5532 I ActivityTaskManager: START u0 {flg=0x14800000 cmp=com.nqmobile.antivirus20/com.netqin.antivirus.scan.ui.MonitorVirusTip (has extras)} from uid 10196
10-24 23:31:13.290  1479  5544 I ActivityManager: Background started FGS: Allowed [callingPackage: com.google.android.apps.wellbeing; callingUid: 10121; uidState: BFGS; intent: Intent { cmp=com.google.android.apps.wellbeing/com.google.apps.tiktok.concurrent.InternalForegroundService (has extras) }; code:BACKGROUND_ACTIVITY_PERMISSION; tempAllowListReason:<null>; targetSdkVersion:34; callerTargetSdkVersion:34; startForegroundCount:0; bindFromPackage:null]
10-24 23:31:13.310 17088 17088 W TransactionExecutor: tId:390499629 Skip pre-destroyed transaction:
10-24 23:31:13.310 17088 17088 W TransactionExecutor: tId:390499629 ClientTransaction{
10-24 23:31:13.310 17088 17088 W TransactionExecutor: tId:390499629   callbacks=[
10-24 23:31:13.310 17088 17088 W TransactionExecutor: tId:390499629     LaunchActivityItem{intent=Intent { flg=0x14800000 cmp=com.nqmobile.antivirus20/com.netqin.antivirus.scan.ui.MonitorVirusTip (has extras) },ident=164786207,info=ActivityInfo{31dbac com.netqin.antivirus.scan.ui.MonitorVirusTip},curConfig={1.0 ?mcc?mnc [pt_BR] ldltr sw393dp w393dp h737dp 440dpi nrml long port night finger -keyb/v/h -nav/h winConfig={ mBounds=Rect(0, 0 - 1080, 2246) mAppBounds=Rect(0, 86 - 1080, 2114) mMaxBounds=Rect(0, 0 - 1080, 2246) mDisplayRotation=ROTATION_0 mWindowingMode=fullscreen mDisplayWindowingMode=fullscreen mActivityType=undefined mAlwaysOnTop=undefined mRotation=ROTATION_0} as.2 s.391 fontWeightAdjustment=0},overrideConfig={1.0 ?mcc?mnc [pt_BR] ldltr sw393dp w393dp h737dp 440dpi nrml long port night finger -keyb/v/h -nav/h winConfig={ mBounds=Rect(0, 0 - 1080, 2246) mAppBounds=Rect(0, 86 - 1080, 2114) mMaxBounds=Rect(0, 0 - 1080, 2246) mDisplayRotation=ROTATION_0 mWindowingMode=fullscreen mDisplayWindowingMode=fullscreen mActivityType=standard mAlwaysOnTop=undefined mRotation=ROTATION_0} as.2 s.1 fontWeightAdjustment=0},referrer=com.nqmobile.antivirus20,procState=2,state=null,persistentState=null,pendingResults=null,pendingNewIntents=null,options=null,profilerInfo=null,assistToken=android.os.BinderProxy@7dfe9fe,shareableActivityToken=android.os.BinderProxy@c16355f}
10-24 23:31:13.310 17088 17088 W TransactionExecutor: tId:390499629   ]
10-24 23:31:13.310 17088 17088 W TransactionExecutor: tId:390499629   stateRequest=ResumeActivityItem{procState=-1,updateProcState=false,isForward=true,shouldSendCompatFakeFocus=false}
10-24 23:31:13.310 17088 17088 W TransactionExecutor: tId:390499629 }
10-24 23:31:13.310 17088 17088 W TransactionExecutor: tId:390499629 Target activity: Not found for token: android.os.BinderProxy@6058931
10-24 23:31:13.310 17088 17088 W TransactionExecutor: tId:1780287355 Skip pre-destroyed transaction:
10-24 23:31:13.310 17088 17088 W TransactionExecutor: tId:1780287355 ClientTransaction{
10-24 23:31:13.310 17088 17088 W TransactionExecutor: tId:1780287355   callbacks=[
10-24 23:31:13.310 17088 17088 W TransactionExecutor: tId:1780287355     TopResumedActivityChangeItem{onTop=true}
10-24 23:31:13.310 17088 17088 W TransactionExecutor: tId:1780287355   ]
10-24 23:31:13.310 17088 17088 W TransactionExecutor: tId:1780287355   stateRequest=null
10-24 23:31:13.310 17088 17088 W TransactionExecutor: tId:1780287355 }
10-24 23:31:13.310 17088 17088 W TransactionExecutor: tId:1780287355 Target activity: Not found for token: android.os.BinderProxy@6058931
10-24 23:31:13.310 17088 17088 W TransactionExecutor: tId:1780257564 Skip pre-destroyed transaction:
10-24 23:31:13.310 17088 17088 W TransactionExecutor: tId:1780257564 ClientTransaction{
10-24 23:31:13.310 17088 17088 W TransactionExecutor: tId:1780257564   callbacks=[
10-24 23:31:13.310 17088 17088 W TransactionExecutor: tId:1780257564     TopResumedActivityChangeItem{onTop=false}
10-24 23:31:13.310 17088 17088 W TransactionExecutor: tId:1780257564   ]
10-24 23:31:13.310 17088 17088 W TransactionExecutor: tId:1780257564   stateRequest=null
10-24 23:31:13.310 17088 17088 W TransactionExecutor: tId:1780257564 }
10-24 23:31:13.310 17088 17088 W TransactionExecutor: tId:1780257564 Target activity: Not found for token: android.os.BinderProxy@6058931
10-24 23:31:13.310 17088 17088 W TransactionExecutor: tId:-2080795015 Skip pre-destroyed transaction:
10-24 23:31:13.310 17088 17088 W TransactionExecutor: tId:-2080795015 ClientTransaction{
10-24 23:31:13.310 17088 17088 W TransactionExecutor: tId:-2080795015   callbacks=[]
10-24 23:31:13.310 17088 17088 W TransactionExecutor: tId:-2080795015   stateRequest=PauseActivityItem{finished=true,userLeaving=false,configChanges=0,dontReport=false,autoEnteringPip=false}
10-24 23:31:13.310 17088 17088 W TransactionExecutor: tId:-2080795015 }
10-24 23:31:13.310 17088 17088 W TransactionExecutor: tId:-2080795015 Target activity: Not found for token: android.os.BinderProxy@6058931
10-24 23:31:13.316  1479  1813 V BackupManagerService: [UserID:0] restoreAtInstall pkg=tfcqzk.lofst.hkgkaucmthtsmy token=66 restoreSet=0
10-24 23:31:13.317  1479  1813 V BackupManagerService: [UserID:0] Finishing install immediately
10-24 23:31:13.322  1479  1813 D PackageInstallerSession: Marking session 1781030282 as applied
10-24 23:31:13.329  1479  1813 D CompatibilityChangeReporter: Compat change id reported: 168419799; UID 10265; state: DISABLED
10-24 23:31:13.329  1479  1813 D CompatibilityChangeReporter: Compat change id reported: 273564678; UID 10265; state: DISABLED
