10-24 23:31:25.458  1479  1688 W BroadcastQueue: Skipping delivery: permission review required for Intent { act=android.intent.action.PACKAGE_ADDED dat=package: flg=0x4000010 (has extras) } from null (pid=1479, uid=1000) to com.android.buyer/.mRve
10-24 23:31:25.459  1479  1688 W BroadcastQueue: Background execution not allowed: receiving Intent { act=android.intent.action.PACKAGE_ADDED dat=package: flg=0x4000010 (has extras) } to com.google.android.packageinstaller/com.android.packageinstaller.PackageInstalledReceiver
10-24 23:31:25.459  1479  1688 W BroadcastQueue: Background execution not allowed: receiving Intent { act=android.intent.action.PACKAGE_ADDED dat=package: flg=0x4000010 (has extras) } to com.android.vending/com.google.android.finsky.packagemonitor.impl.PackageMonitorReceiverImpl$RegisteredReceiver
10-24 23:31:25.459  1479  1688 W BroadcastQueue: Background execution not allowed: receiving Intent { act=android.intent.action.PACKAGE_ADDED dat=package: flg=0x4000010 (has extras) } to com.android.vending/com.google.android.finsky.packagemonitor.backgroundimpl.BackgroundPackageMonitorReceiverImpl$RegisteredReceiver
10-24 23:31:25.459  1479  1688 W BroadcastQueue: Background execution not allowed: receiving Intent { act=android.intent.action.PACKAGE_ADDED dat=package: flg=0x4000010 (has extras) } to com.google.android.gms/.games.chimera.GamesSystemBroadcastReceiverProxy
10-24 23:31:25.459  1479  1688 W BroadcastQueue: Background execution not allowed: receiving Intent { act=android.intent.action.PACKAGE_ADDED dat=package: flg=0x4000010 (has extras) } to com.google.android.gms/.gass.chimera.PackageChangeBroadcastReceiver
10-24 23:31:25.464  1479  5543 D CompatibilityChangeReporter: Compat change id reported: 161252188; UID 10283; state: DISABLED
10-24 23:31:25.468  1479  1688 W BroadcastQueue: Background execution not allowed: receiving Intent { act=android.intent.action.PACKAGE_ADDED dat=package: flg=0x4000010 (has extras) } to com.google.android.gms/.chimera.GmsIntentOperationService$PersistentTrustedReceiver
10-24 23:31:25.468  1479  1688 W BroadcastQueue: u0 Receiving a broadcast in packagecom.cncd.japan.janli.shudu requires a permissions review
10-24 23:31:25.468  1479  1688 W BroadcastQueue: Skipping delivery: permission review required for Intent { act=android.intent.action.PACKAGE_ADDED dat=package: flg=0x4000010 (has extras) } from null (pid=1479, uid=1000) to com.cncd.japan.janli.shudu/net.l.k.r
10-24 23:31:25.470  1479  1688 W BroadcastQueue: u0 Receiving a broadcast in packagecom.cncd.japan.janli.shudu requires a permissions review
10-24 23:31:25.470  1479  1688 W BroadcastQueue: Skipping delivery: permission review required for Intent { act=android.intent.action.PACKAGE_ADDED dat=package: flg=0x4000010 (has extras) } from null (pid=1479, uid=1000) to com.cncd.japan.janli.shudu/com.feiwofour.coverscreen.SR
10-24 23:31:25.470  1479  1688 W BroadcastQueue: u0 Receiving a broadcast in packagecom.games.mengmeizhitd requires a permissions review
10-24 23:31:25.470  1479  1688 W BroadcastQueue: Skipping delivery: permission review required for Intent { act=android.intent.action.PACKAGE_ADDED dat=package: flg=0x4000010 (has extras) } from null (pid=1479, uid=1000) to com.games.mengmeizhitd/hjnw.ihjnw.i.isqly
10-24 23:31:25.470  1479  1688 W BroadcastQueue: u0 Receiving a broadcast in packagecom.hgperfko.yaeghrwx requires a permissions review
10-24 23:31:25.470  1479  1688 W BroadcastQueue: Skipping delivery: permission review required for Intent { act=android.intent.action.PACKAGE_ADDED dat=package: flg=0x4000010 (has extras) } from null (pid=1479, uid=1000) to com.hgperfko.yaeghrwx/.core.hLytdCQDBv
10-24 23:31:25.470  1479  1688 W BroadcastQueue: u0 Receiving a broadcast in packagecom.qiuqiu.dfmc requires a permissions review
10-24 23:31:25.470  1479  1688 W BroadcastQueue: Skipping delivery: permission review required for Intent { act=android.intent.action.PACKAGE_ADDED dat=package: flg=0x4000010 (has extras) } from null (pid=1479, uid=1000) to com.qiuqiu.dfmc/cn.jpush.android.service.PushReceiver
10-24 23:31:25.470  1479  1688 W BroadcastQueue: u0 Receiving a broadcast in packagecom.safesys.viruskiller requires a permissions review
10-24 23:31:25.470  1479  1688 W BroadcastQueue: Skipping delivery: permission review required for Intent { act=android.intent.action.PACKAGE_ADDED dat=package: flg=0x4000010 (has extras) } from null (pid=1479, uid=1000) to com.safesys.viruskiller/.ScanPackageBroadcast
10-24 23:31:25.470  1479  1688 W BroadcastQueue: u0 Receiving a broadcast in packagecom.uc108.mobile.sdgj.bd1 requires a permissions review
10-24 23:31:25.470  1479  1688 W BroadcastQueue: Skipping delivery: permission review required for Intent { act=android.intent.action.PACKAGE_ADDED dat=package: flg=0x4000010 (has extras) } from null (pid=1479, uid=1000) to com.uc108.mobile.sdgj.bd1/com.baidu.tiebasdk.service.InstallReceiver
10-24 23:31:25.470  1479  1688 W BroadcastQueue: u0 Receiving a broadcast in packagecom.voicebianshengjinglingwc.wxl requires a permissions review
10-24 23:31:25.470  1479  1688 W BroadcastQueue: Skipping delivery: permission review required for Intent { act=android.intent.action.PACKAGE_ADDED dat=package: flg=0x4000010 (has extras) } from null (pid=1479, uid=1000) to com.voicebianshengjinglingwc.wxl/mp.ruu.Ztjjwrj
10-24 23:31:25.470  1479  1688 W BroadcastQueue: u0 Receiving a broadcast in packagecom.yoojar.zlsg.baidu requires a permissions review
10-24 23:31:25.470  1479  1688 W BroadcastQueue: Skipping delivery: permission review required for Intent { act=android.intent.action.PACKAGE_ADDED dat=package: flg=0x4000010 (has extras) } from null (pid=1479, uid=1000) to com.yoojar.zlsg.baidu/com.duoku.platform.download.broadcast.AppMonitorReceiver
10-24 23:31:25.470  1479  1688 W BroadcastQueue: u0 Receiving a broadcast in packageio.dcloud.H5BC6BF13 requires a permissions review
10-24 23:31:25.470  1479  1688 W BroadcastQueue: Skipping delivery: permission review required for Intent { act=android.intent.action.PACKAGE_ADDED dat=package: flg=0x4000010 (has extras) } from null (pid=1479, uid=1000) to io.dcloud.H5BC6BF13/io.dcloud.common.adapter.io.DownloadReceiver
10-24 23:31:25.481  1479  5349 I ActivityTaskManager: START u0 {flg=0x14800000 cmp=com.nqmobile.antivirus20/com.netqin.antivirus.scan.ui.MonitorVirusTip (has extras)} from uid 10196
10-24 23:31:25.482  1479  1479 V BackupManagerConstants: getFullBackupIntervalMilliseconds(...) returns 86400000
10-24 23:31:25.482  1479  1479 V BackupManagerConstants: getFullBackupRequiredNetworkType(...) returns 2
10-24 23:31:25.482  1479  1479 V BackupManagerConstants: getFullBackupRequireCharging(...) returns true
10-24 23:31:25.526  1479  1686 D AppWidgetServiceImpl: Provider info from ComponentInfo{com.eyelid.steady/com.eyelid.steady.wp} won't be persisted.
10-24 23:31:25.527  1479  1479 I Telecom : DefaultDialerCache: Refreshing default dialer for user 0: now com.google.android.dialer: DDC.oR@Clw
10-24 23:31:25.531  1479  1686 W PackageManager: Failed registering loading progress callback. Package is fully loaded.
10-24 23:31:25.537  1479  4174 W BackupTransportManager: Package com.eyelid.steady enabled setting: 0
10-24 23:31:25.548  1479  1686 W WindowMagnificationMgr: requestConnection duplicated request: connect=false, mConnectionState=DISCONNECTED
10-24 23:31:25.643  1479  5543 W BroadcastQueue: u0 Receiving a broadcast in packagecom.yoojar.zlsg.baidu requires a permissions review
10-24 23:31:25.643  1479  5543 W BroadcastQueue: Skipping delivery: permission review required for Intent { act=android.intent.action.PACKAGE_CHANGED dat=package: flg=0x5000010 (has extras) } from null (pid=1479, uid=1000) to com.yoojar.zlsg.baidu/com.duoku.platform.download.broadcast.AppMonitorReceiver
10-24 23:31:25.646  1479  1675 W ActivityTaskManager: Activity destroy timeout for ActivityRecord{a720cb0 u0 com.nqmobile.antivirus20/com.netqin.antivirus.scan.ui.MonitorVirusTip} t19 f}}
10-24 23:31:25.646  1479  1675 W ActivityTaskManager: Activity destroy timeout for ActivityRecord{144fa13 u0 com.nqmobile.antivirus20/com.netqin.antivirus.scan.ui.MonitorVirusTip} t19 f}}
10-24 23:31:25.646  1479  1675 W ActivityTaskManager: Activity destroy timeout for ActivityRecord{3aa58c0 u0 com.nqmobile.antivirus20/com.netqin.antivirus.scan.ui.MonitorVirusTip} t19 f}}
10-24 23:31:25.834  1479  1813 E PackageManager: ERROR: could not load root hash from incremental install
10-24 23:31:25.860  1479  1813 I PackageManager: Integrity check passed for file:///data/app/vmdl23552401.tmp
10-24 23:31:25.937  1479  1672 V StorageManagerService: Package null has legacy storage
10-24 23:31:25.985  1479  1675 W ActivityTaskManager: Activity top resumed state loss timeout for ActivityRecord{312c4bd u0 com.nqmobile.antivirus20/com.netqin.antivirus.scan.ui.MonitorVirusTip} t19 f}}
10-24 23:31:25.985  1479  1675 W ActivityTaskManager: Activity pause timeout for ActivityRecord{312c4bd u0 com.nqmobile.antivirus20/com.netqin.antivirus.scan.ui.MonitorVirusTip} t19 f}}
10-24 23:31:25.985  1479  1675 W ActivityTaskManager: Tried to set launchTime (0) < mLastActivityLaunchTime (967532)
10-24 23:31:25.992  1479  1675 I ActivityManager: PendingStartActivityUids startActivity to updateOomAdj delay:1256ms, uid:10196
10-24 23:31:26.055  1479  1813 V BackupManagerService: [UserID:0] restoreAtInstall pkg=com.yang.game.dds token=79 restoreSet=0
10-24 23:31:26.056  1479  1813 V BackupManagerService: [UserID:0] Finishing install immediately
10-24 23:31:26.059  1479  1813 D PackageInstallerSession: Marking session 23552401 as applied
10-24 23:31:26.062  1479  1813 D CompatibilityChangeReporter: Compat change id reported: 168419799; UID 10284; state: DISABLED
10-24 23:31:26.063  1479  1813 D CompatibilityChangeReporter: Compat change id reported: 273564678; UID 10284; state: DISABLED
10-24 23:31:26.070  1479  2919 D CompatibilityChangeReporter: Compat change id reported: 218533173; UID 10284; state: DISABLED
10-24 23:31:26.075  1479  1479 I Telecom : DefaultDialerCache: Refreshing default dialer for user 0: now com.google.android.dialer: DDC.oR@Cmk
10-24 23:31:26.078  1479  1984 W BroadcastQueue: u0 Receiving a broadcast in packagecom.jr.narutoii requires a permissions review
10-24 23:31:26.078  1479  1984 W BroadcastQueue: Skipping delivery: permission review required for Intent { act=android.intent.action.PACKAGE_ADDED dat=package: flg=0x4000010 (has extras) } from null (pid=1479, uid=1000) to com.jr.narutoii/com.joyriver.engine.proxy.EngineReceiver
10-24 23:31:26.083  1479  1479 V BackupManagerConstants: getFullBackupIntervalMilliseconds(...) returns 86400000
10-24 23:31:26.083  1479  1479 V BackupManagerConstants: getFullBackupRequiredNetworkType(...) returns 2
10-24 23:31:26.085  1479  4703 I ActivityTaskManager: START u0 {flg=0x14800000 cmp=com.nqmobile.antivirus20/com.netqin.antivirus.scan.ui.MonitorVirusTip (has extras)} from uid 10196
10-24 23:31:26.085  1479  1479 V BackupManagerConstants: getFullBackupRequireCharging(...) returns true
10-24 23:31:26.086  1479  1688 W BroadcastQueue: u0 Receiving a broadcast in packagecom.android.buyer requires a permissions review
10-24 23:31:26.086  1479  1688 W BroadcastQueue: Skipping delivery: permission review required for Intent { act=android.intent.action.PACKAGE_ADDED dat=package: flg=0x4000010 (has extras) } from null (pid=1479, uid=1000) to com.android.buyer/.mRve
10-24 23:31:26.087  1479  1688 W BroadcastQueue: Background execution not allowed: receiving Intent { act=android.intent.action.PACKAGE_ADDED dat=package: flg=0x4000010 (has extras) } to com.google.android.packageinstaller/com.android.packageinstaller.PackageInstalledReceiver
10-24 23:31:26.087  1479  1688 W BroadcastQueue: Background execution not allowed: receiving Intent { act=android.intent.action.PACKAGE_ADDED dat=package: flg=0x4000010 (has extras) } to com.android.vending/com.google.android.finsky.packagemonitor.impl.PackageMonitorReceiverImpl$RegisteredReceiver
10-24 23:31:26.087  1479  1688 W BroadcastQueue: Background execution not allowed: receiving Intent { act=android.intent.action.PACKAGE_ADDED dat=package: flg=0x4000010 (has extras) } to com.android.vending/com.google.android.finsky.packagemonitor.backgroundimpl.BackgroundPackageMonitorReceiverImpl$RegisteredReceiver
10-24 23:31:26.087  1479  1688 W BroadcastQueue: Background execution not allowed: receiving Intent { act=android.intent.action.PACKAGE_ADDED dat=package: flg=0x4000010 (has extras) } to com.google.android.gms/.games.chimera.GamesSystemBroadcastReceiverProxy
10-24 23:31:26.087  1479  1688 W BroadcastQueue: Background execution not allowed: receiving Intent { act=android.intent.action.PACKAGE_ADDED dat=package: flg=0x4000010 (has extras) } to com.google.android.gms/.gass.chimera.PackageChangeBroadcastReceiver
10-24 23:31:26.087  1479  1688 W BroadcastQueue: Background execution not allowed: receiving Intent { act=android.intent.action.PACKAGE_ADDED dat=package: flg=0x4000010 (has extras) } to com.google.android.gms/.chimera.GmsIntentOperationService$PersistentTrustedReceiver
10-24 23:31:26.087  1479  1688 W BroadcastQueue: u0 Receiving a broadcast in packagecom.cncd.japan.janli.shudu requires a permissions review
10-24 23:31:26.087  1479  1688 W BroadcastQueue: Skipping delivery: permission review required for Intent { act=android.intent.action.PACKAGE_ADDED dat=package: flg=0x4000010 (has extras) } from null (pid=1479, uid=1000) to com.cncd.japan.janli.shudu/net.l.k.r
10-24 23:31:26.087  1479  1688 W BroadcastQueue: u0 Receiving a broadcast in packagecom.cncd.japan.janli.shudu requires a permissions review
10-24 23:31:26.088  1479  1688 W BroadcastQueue: Skipping delivery: permission review required for Intent { act=android.intent.action.PACKAGE_ADDED dat=package: flg=0x4000010 (has extras) } from null (pid=1479, uid=1000) to com.cncd.japan.janli.shudu/com.feiwofour.coverscreen.SR
10-24 23:31:26.088  1479  1688 W BroadcastQueue: u0 Receiving a broadcast in packagecom.games.mengmeizhitd requires a permissions review
10-24 23:31:26.088  1479  1688 W BroadcastQueue: Skipping delivery: permission review required for Intent { act=android.intent.action.PACKAGE_ADDED dat=package: flg=0x4000010 (has extras) } from null (pid=1479, uid=1000) to com.games.mengmeizhitd/hjnw.ihjnw.i.isqly
10-24 23:31:26.088  1479  1688 W BroadcastQueue: u0 Receiving a broadcast in packagecom.hgperfko.yaeghrwx requires a permissions review
10-24 23:31:26.088  1479  1688 W BroadcastQueue: Skipping delivery: permission review required for Intent { act=android.intent.action.PACKAGE_ADDED dat=package: flg=0x4000010 (has extras) } from null (pid=1479, uid=1000) to com.hgperfko.yaeghrwx/.core.hLytdCQDBv
10-24 23:31:26.088  1479  1688 W BroadcastQueue: u0 Receiving a broadcast in packagecom.qiuqiu.dfmc requires a permissions review
10-24 23:31:26.088  1479  1688 W BroadcastQueue: Skipping delivery: permission review required for Intent { act=android.intent.action.PACKAGE_ADDED dat=package: flg=0x4000010 (has extras) } from null (pid=1479, uid=1000) to com.qiuqiu.dfmc/cn.jpush.android.service.PushReceiver
10-24 23:31:26.088  1479  1688 W BroadcastQueue: u0 Receiving a broadcast in packagecom.safesys.viruskiller requires a permissions review
10-24 23:31:26.088  1479  1688 W BroadcastQueue: Skipping delivery: permission review required for Intent { act=android.intent.action.PACKAGE_ADDED dat=package: flg=0x4000010 (has extras) } from null (pid=1479, uid=1000) to com.safesys.viruskiller/.ScanPackageBroadcast
10-24 23:31:26.088  1479  1688 W BroadcastQueue: u0 Receiving a broadcast in packagecom.uc108.mobile.sdgj.bd1 requires a permissions review
10-24 23:31:26.088  1479  1688 W BroadcastQueue: Skipping delivery: permission review required for Intent { act=android.intent.action.PACKAGE_ADDED dat=package: flg=0x4000010 (has extras) } from null (pid=1479, uid=1000) to com.uc108.mobile.sdgj.bd1/com.baidu.tiebasdk.service.InstallReceiver
10-24 23:31:26.088  1479  1688 W BroadcastQueue: u0 Receiving a broadcast in packagecom.voicebianshengjinglingwc.wxl requires a permissions review
10-24 23:31:26.088  1479  1688 W BroadcastQueue: Skipping delivery: permission review required for Intent { act=android.intent.action.PACKAGE_ADDED dat=package: flg=0x4000010 (has extras) } from null (pid=1479, uid=1000) to com.voicebianshengjinglingwc.wxl/mp.ruu.Ztjjwrj
10-24 23:31:26.088  1479  1688 W BroadcastQueue: u0 Receiving a broadcast in packagecom.yoojar.zlsg.baidu requires a permissions review
10-24 23:31:26.088  1479  1688 W BroadcastQueue: Skipping delivery: permission review required for Intent { act=android.intent.action.PACKAGE_ADDED dat=package: flg=0x4000010 (has extras) } from null (pid=1479, uid=1000) to com.yoojar.zlsg.baidu/com.duoku.platform.download.broadcast.AppMonitorReceiver
10-24 23:31:26.088  1479  1688 W BroadcastQueue: u0 Receiving a broadcast in packageio.dcloud.H5BC6BF13 requires a permissions review
10-24 23:31:26.089  1479  1688 W BroadcastQueue: Skipping delivery: permission review required for Intent { act=android.intent.action.PACKAGE_ADDED dat=package: flg=0x4000010 (has extras) } from null (pid=1479, uid=1000) to io.dcloud.H5BC6BF13/io.dcloud.common.adapter.io.DownloadReceiver
10-24 23:31:26.103  1479  1686 W WindowMagnificationMgr: requestConnection duplicated request: connect=false, mConnectionState=DISCONNECTED
10-24 23:31:26.112  1479  1810 E VerityUtils: Failed to measure fs-verity, errno 1: /data/app/~~-ofiXWk4Rro8P_eKY_KYVQ==/com.yang.game.dds-n0n5wMYiKc737apYEdzEHQ==/base.apk
10-24 23:31:26.116  1479  1813 E PackageManager: ERROR: could not load root hash from incremental install
10-24 23:31:26.117  1479  1479 I Telecom : DefaultDialerCache: Refreshing default dialer for user 0: now com.google.android.dialer: DDC.oR@Cmo
10-24 23:31:26.141  1479  1813 I PackageManager: Integrity check passed for file:///data/app/vmdl43429124.tmp
10-24 23:31:26.143  1479  5531 D CompatibilityChangeReporter: Compat change id reported: 161252188; UID 10284; state: DISABLED
10-24 23:31:26.146  1479  1686 W PackageManager: Failed registering loading progress callback. Package is fully loaded.
10-24 23:31:26.164  1479  1686 W WindowMagnificationMgr: requestConnection duplicated request: connect=false, mConnectionState=DISCONNECTED
10-24 23:31:26.199  1479  4174 W BackupTransportManager: Package com.yang.game.dds enabled setting: 0
10-24 23:31:26.224  1479  3211 W BroadcastQueue: u0 Receiving a broadcast in packagecom.yoojar.zlsg.baidu requires a permissions review
10-24 23:31:26.224  1479  3211 W BroadcastQueue: Skipping delivery: permission review required for Intent { act=android.intent.action.PACKAGE_CHANGED dat=package: flg=0x5000010 (has extras) } from null (pid=1479, uid=1000) to com.yoojar.zlsg.baidu/com.duoku.platform.download.broadcast.AppMonitorReceiver
10-24 23:31:26.430  1479  1813 V BackupManagerService: [UserID:0] restoreAtInstall pkg=com.gupocufbbxbijsq.gtenurim token=7a restoreSet=0
10-24 23:31:26.430  1479  1813 V BackupManagerService: [UserID:0] Finishing install immediately
10-24 23:31:26.435  1479  1813 D PackageInstallerSession: Marking session 43429124 as applied
10-24 23:31:26.439  1479  1813 D CompatibilityChangeReporter: Compat change id reported: 168419799; UID 10285; state: DISABLED
10-24 23:31:26.440  1479  1813 D CompatibilityChangeReporter: Compat change id reported: 273564678; UID 10285; state: DISABLED
10-24 23:31:26.447  1479  2919 D CompatibilityChangeReporter: Compat change id reported: 218533173; UID 10285; state: DISABLED
10-24 23:31:26.458  1479  1479 I Telecom : DefaultDialerCache: Refreshing default dialer for user 0: now com.google.android.dialer: DDC.oR@Cm0
10-24 23:31:26.463  1479  1686 W WindowMagnificationMgr: requestConnection duplicated request: connect=false, mConnectionState=DISCONNECTED
10-24 23:31:26.467  1479  7097 W BroadcastQueue: u0 Receiving a broadcast in packagecom.jr.narutoii requires a permissions review
10-24 23:31:26.467  1479  7097 W BroadcastQueue: Skipping delivery: permission review required for Intent { act=android.intent.action.PACKAGE_ADDED dat=package: flg=0x4000010 (has extras) } from null (pid=1479, uid=1000) to com.jr.narutoii/com.joyriver.engine.proxy.EngineReceiver
10-24 23:31:26.473  1479  1688 W BroadcastQueue: u0 Receiving a broadcast in packagecom.android.buyer requires a permissions review
10-24 23:31:26.473  1479  1688 W BroadcastQueue: Skipping delivery: permission review required for Intent { act=android.intent.action.PACKAGE_ADDED dat=package: flg=0x4000010 (has extras) } from null (pid=1479, uid=1000) to com.android.buyer/.mRve
10-24 23:31:26.488  1479  1688 W BroadcastQueue: Background execution not allowed: receiving Intent { act=android.intent.action.PACKAGE_ADDED dat=package: flg=0x4000010 (has extras) } to com.google.android.packageinstaller/com.android.packageinstaller.PackageInstalledReceiver
10-24 23:31:26.490  1479  1688 W BroadcastQueue: Background execution not allowed: receiving Intent { act=android.intent.action.PACKAGE_ADDED dat=package: flg=0x4000010 (has extras) } to com.android.vending/com.google.android.finsky.packagemonitor.impl.PackageMonitorReceiverImpl$RegisteredReceiver
10-24 23:31:26.490  1479  1686 W PackageManager: Failed registering loading progress callback. Package is fully loaded.
10-24 23:31:26.490  1479  1688 W BroadcastQueue: Background execution not allowed: receiving Intent { act=android.intent.action.PACKAGE_ADDED dat=package: flg=0x4000010 (has extras) } to com.android.vending/com.google.android.finsky.packagemonitor.backgroundimpl.BackgroundPackageMonitorReceiverImpl$RegisteredReceiver
10-24 23:31:26.490  1479  1688 W BroadcastQueue: Background execution not allowed: receiving Intent { act=android.intent.action.PACKAGE_ADDED dat=package: flg=0x4000010 (has extras) } to com.google.android.gms/.games.chimera.GamesSystemBroadcastReceiverProxy
10-24 23:31:26.490  1479  1688 W BroadcastQueue: Background execution not allowed: receiving Intent { act=android.intent.action.PACKAGE_ADDED dat=package: flg=0x4000010 (has extras) } to com.google.android.gms/.gass.chimera.PackageChangeBroadcastReceiver
10-24 23:31:26.490  1479  1688 W BroadcastQueue: Background execution not allowed: receiving Intent { act=android.intent.action.PACKAGE_ADDED dat=package: flg=0x4000010 (has extras) } to com.google.android.gms/.chimera.GmsIntentOperationService$PersistentTrustedReceiver
10-24 23:31:26.490  1479  1688 W BroadcastQueue: u0 Receiving a broadcast in packagecom.cncd.japan.janli.shudu requires a permissions review
10-24 23:31:26.490  1479  1688 W BroadcastQueue: Skipping delivery: permission review required for Intent { act=android.intent.action.PACKAGE_ADDED dat=package: flg=0x4000010 (has extras) } from null (pid=1479, uid=1000) to com.cncd.japan.janli.shudu/net.l.k.r
10-24 23:31:26.490  1479  1688 W BroadcastQueue: u0 Receiving a broadcast in packagecom.cncd.japan.janli.shudu requires a permissions review
10-24 23:31:26.490  1479  1688 W BroadcastQueue: Skipping delivery: permission review required for Intent { act=android.intent.action.PACKAGE_ADDED dat=package: flg=0x4000010 (has extras) } from null (pid=1479, uid=1000) to com.cncd.japan.janli.shudu/com.feiwofour.coverscreen.SR
10-24 23:31:26.490  1479  1688 W BroadcastQueue: u0 Receiving a broadcast in packagecom.games.mengmeizhitd requires a permissions review
10-24 23:31:26.490  1479  1688 W BroadcastQueue: Skipping delivery: permission review required for Intent { act=android.intent.action.PACKAGE_ADDED dat=package: flg=0x4000010 (has extras) } from null (pid=1479, uid=1000) to com.games.mengmeizhitd/hjnw.ihjnw.i.isqly
10-24 23:31:26.490  1479  1688 W BroadcastQueue: u0 Receiving a broadcast in packagecom.hgperfko.yaeghrwx requires a permissions review
10-24 23:31:26.491  1479  1688 W BroadcastQueue: Skipping delivery: permission review required for Intent { act=android.intent.action.PACKAGE_ADDED dat=package: flg=0x4000010 (has extras) } from null (pid=1479, uid=1000) to com.hgperfko.yaeghrwx/.core.hLytdCQDBv
10-24 23:31:26.491  1479  1688 W BroadcastQueue: u0 Receiving a broadcast in packagecom.qiuqiu.dfmc requires a permissions review
10-24 23:31:26.491  1479  1688 W BroadcastQueue: Skipping delivery: permission review required for Intent { act=android.intent.action.PACKAGE_ADDED dat=package: flg=0x4000010 (has extras) } from null (pid=1479, uid=1000) to com.qiuqiu.dfmc/cn.jpush.android.service.PushReceiver
10-24 23:31:26.491  1479  1688 W BroadcastQueue: u0 Receiving a broadcast in packagecom.safesys.viruskiller requires a permissions review
10-24 23:31:26.491  1479  1688 W BroadcastQueue: Skipping delivery: permission review required for Intent { act=android.intent.action.PACKAGE_ADDED dat=package: flg=0x4000010 (has extras) } from null (pid=1479, uid=1000) to com.safesys.viruskiller/.ScanPackageBroadcast
10-24 23:31:26.491  1479  1688 W BroadcastQueue: u0 Receiving a broadcast in packagecom.uc108.mobile.sdgj.bd1 requires a permissions review
10-24 23:31:26.491  1479  1688 W BroadcastQueue: Skipping delivery: permission review required for Intent { act=android.intent.action.PACKAGE_ADDED dat=package: flg=0x4000010 (has extras) } from null (pid=1479, uid=1000) to com.uc108.mobile.sdgj.bd1/com.baidu.tiebasdk.service.InstallReceiver
10-24 23:31:26.491  1479  1688 W BroadcastQueue: u0 Receiving a broadcast in packagecom.voicebianshengjinglingwc.wxl requires a permissions review
10-24 23:31:26.491  1479  1688 W BroadcastQueue: Skipping delivery: permission review required for Intent { act=android.intent.action.PACKAGE_ADDED dat=package: flg=0x4000010 (has extras) } from null (pid=1479, uid=1000) to com.voicebianshengjinglingwc.wxl/mp.ruu.Ztjjwrj
10-24 23:31:26.491  1479  1688 W BroadcastQueue: u0 Receiving a broadcast in packagecom.yoojar.zlsg.baidu requires a permissions review
10-24 23:31:26.491  1479  1688 W BroadcastQueue: Skipping delivery: permission review required for Intent { act=android.intent.action.PACKAGE_ADDED dat=package: flg=0x4000010 (has extras) } from null (pid=1479, uid=1000) to com.yoojar.zlsg.baidu/com.duoku.platform.download.broadcast.AppMonitorReceiver
10-24 23:31:26.491  1479  1688 W BroadcastQueue: u0 Receiving a broadcast in packageio.dcloud.H5BC6BF13 requires a permissions review
10-24 23:31:26.491  1479  1688 W BroadcastQueue: Skipping delivery: permission review required for Intent { act=android.intent.action.PACKAGE_ADDED dat=package: flg=0x4000010 (has extras) } from null (pid=1479, uid=1000) to io.dcloud.H5BC6BF13/io.dcloud.common.adapter.io.DownloadReceiver
10-24 23:31:26.497  1479  1479 V BackupManagerConstants: getFullBackupIntervalMilliseconds(...) returns 86400000
10-24 23:31:26.497  1479  1479 V BackupManagerConstants: getFullBackupRequiredNetworkType(...) returns 2
10-24 23:31:26.497  1479  1479 V BackupManagerConstants: getFullBackupRequireCharging(...) returns true
10-24 23:31:26.499  1479  1810 E VerityUtils: Failed to measure fs-verity, errno 1: /data/app/~~QpID3IU6gG5-F7KByr-Apg==/com.gupocufbbxbijsq.gtenurim-BhojbBGGQXIRTR5uIn0K6g==/base.apk
10-24 23:31:26.516  1479  1479 I Telecom : DefaultDialerCache: Refreshing default dialer for user 0: now com.google.android.dialer: DDC.oR@Cm4
10-24 23:31:26.526  1479  1813 E PackageManager: ERROR: could not load root hash from incremental install
10-24 23:31:26.528  1479  1686 W WindowMagnificationMgr: requestConnection duplicated request: connect=false, mConnectionState=DISCONNECTED
10-24 23:31:26.532  1479  6868 D CompatibilityChangeReporter: Compat change id reported: 161252188; UID 10285; state: DISABLED
10-24 23:31:26.550  1479  4174 W BackupTransportManager: Package com.gupocufbbxbijsq.gtenurim enabled setting: 0
10-24 23:31:26.555  1479  1813 I PackageManager: Integrity check passed for file:///data/app/vmdl141410610.tmp
10-24 23:31:26.587  1479  1675 W ActivityTaskManager: Activity top resumed state loss timeout for ActivityRecord{8240c9c u0 com.nqmobile.antivirus20/com.netqin.antivirus.scan.ui.MonitorVirusTip} t19 f}}
10-24 23:31:26.587  1479  1675 W ActivityTaskManager: Activity pause timeout for ActivityRecord{8240c9c u0 com.nqmobile.antivirus20/com.netqin.antivirus.scan.ui.MonitorVirusTip} t19 f}}
10-24 23:31:26.588  1479  1675 W ActivityTaskManager: Tried to set launchTime (0) < mLastActivityLaunchTime (968782)
10-24 23:31:26.629  1479  5543 I ActivityTaskManager: START u0 {flg=0x14800000 cmp=com.nqmobile.antivirus20/com.netqin.antivirus.scan.ui.MonitorVirusTip (has extras)} from uid 10196
10-24 23:31:26.651  1479  3211 W BroadcastQueue: u0 Receiving a broadcast in packagecom.yoojar.zlsg.baidu requires a permissions review
10-24 23:31:26.651  1479  3211 W BroadcastQueue: Skipping delivery: permission review required for Intent { act=android.intent.action.PACKAGE_CHANGED dat=package: flg=0x5000010 (has extras) } from null (pid=1479, uid=1000) to com.yoojar.zlsg.baidu/com.duoku.platform.download.broadcast.AppMonitorReceiver
10-24 23:31:26.870  1479  1813 V BackupManagerService: [UserID:0] restoreAtInstall pkg=com.swivvtvzoky.ktmuzxo token=7b restoreSet=0
10-24 23:31:26.870  1479  1813 V BackupManagerService: [UserID:0] Finishing install immediately
10-24 23:31:26.873  1479  1813 D PackageInstallerSession: Marking session 141410610 as applied
10-24 23:31:26.880  1479  1813 D CompatibilityChangeReporter: Compat change id reported: 168419799; UID 10286; state: DISABLED
10-24 23:31:26.880  1479  1813 D CompatibilityChangeReporter: Compat change id reported: 273564678; UID 10286; state: DISABLED
10-24 23:31:26.885  1479  2919 D CompatibilityChangeReporter: Compat change id reported: 218533173; UID 10286; state: DISABLED
10-24 23:31:26.887  1479  4703 W BroadcastQueue: u0 Receiving a broadcast in packagecom.jr.narutoii requires a permissions review
10-24 23:31:26.887  1479  4703 W BroadcastQueue: Skipping delivery: permission review required for Intent { act=android.intent.action.PACKAGE_ADDED dat=package: flg=0x4000010 (has extras) } from null (pid=1479, uid=1000) to com.jr.narutoii/com.joyriver.engine.proxy.EngineReceiver
10-24 23:31:26.888  1479  1688 W BroadcastQueue: u0 Receiving a broadcast in packagecom.android.buyer requires a permissions review
10-24 23:31:26.888  1479  1688 W BroadcastQueue: Skipping delivery: permission review required for Intent { act=android.intent.action.PACKAGE_ADDED dat=package: flg=0x4000010 (has extras) } from null (pid=1479, uid=1000) to com.android.buyer/.mRve
10-24 23:31:26.888  1479  1688 W BroadcastQueue: Background execution not allowed: receiving Intent { act=android.intent.action.PACKAGE_ADDED dat=package: flg=0x4000010 (has extras) } to com.google.android.packageinstaller/com.android.packageinstaller.PackageInstalledReceiver
10-24 23:31:26.888  1479  1688 W BroadcastQueue: Background execution not allowed: receiving Intent { act=android.intent.action.PACKAGE_ADDED dat=package: flg=0x4000010 (has extras) } to com.android.vending/com.google.android.finsky.packagemonitor.impl.PackageMonitorReceiverImpl$RegisteredReceiver
10-24 23:31:26.888  1479  1688 W BroadcastQueue: Background execution not allowed: receiving Intent { act=android.intent.action.PACKAGE_ADDED dat=package: flg=0x4000010 (has extras) } to com.android.vending/com.google.android.finsky.packagemonitor.backgroundimpl.BackgroundPackageMonitorReceiverImpl$RegisteredReceiver
10-24 23:31:26.888  1479  1688 W BroadcastQueue: Background execution not allowed: receiving Intent { act=android.intent.action.PACKAGE_ADDED dat=package: flg=0x4000010 (has extras) } to com.google.android.gms/.games.chimera.GamesSystemBroadcastReceiverProxy
10-24 23:31:26.888  1479  1688 W BroadcastQueue: Background execution not allowed: receiving Intent { act=android.intent.action.PACKAGE_ADDED dat=package: flg=0x4000010 (has extras) } to com.google.android.gms/.gass.chimera.PackageChangeBroadcastReceiver
10-24 23:31:26.888  1479  1688 W BroadcastQueue: Background execution not allowed: receiving Intent { act=android.intent.action.PACKAGE_ADDED dat=package: flg=0x4000010 (has extras) } to com.google.android.gms/.chimera.GmsIntentOperationService$PersistentTrustedReceiver
10-24 23:31:26.888  1479  1688 W BroadcastQueue: u0 Receiving a broadcast in packagecom.cncd.japan.janli.shudu requires a permissions review
10-24 23:31:26.888  1479  1688 W BroadcastQueue: Skipping delivery: permission review required for Intent { act=android.intent.action.PACKAGE_ADDED dat=package: flg=0x4000010 (has extras) } from null (pid=1479, uid=1000) to com.cncd.japan.janli.shudu/net.l.k.r
10-24 23:31:26.888  1479  1688 W BroadcastQueue: u0 Receiving a broadcast in packagecom.cncd.japan.janli.shudu requires a permissions review
10-24 23:31:26.888  1479  1688 W BroadcastQueue: Skipping delivery: permission review required for Intent { act=android.intent.action.PACKAGE_ADDED dat=package: flg=0x4000010 (has extras) } from null (pid=1479, uid=1000) to com.cncd.japan.janli.shudu/com.feiwofour.coverscreen.SR
10-24 23:31:26.888  1479  1688 W BroadcastQueue: u0 Receiving a broadcast in packagecom.games.mengmeizhitd requires a permissions review
10-24 23:31:26.888  1479  1688 W BroadcastQueue: Skipping delivery: permission review required for Intent { act=android.intent.action.PACKAGE_ADDED dat=package: flg=0x4000010 (has extras) } from null (pid=1479, uid=1000) to com.games.mengmeizhitd/hjnw.ihjnw.i.isqly
10-24 23:31:26.888  1479  1688 W BroadcastQueue: u0 Receiving a broadcast in packagecom.hgperfko.yaeghrwx requires a permissions review
10-24 23:31:26.888  1479  1688 W BroadcastQueue: Skipping delivery: permission review required for Intent { act=android.intent.action.PACKAGE_ADDED dat=package: flg=0x4000010 (has extras) } from null (pid=1479, uid=1000) to com.hgperfko.yaeghrwx/.core.hLytdCQDBv
10-24 23:31:26.888  1479  1688 W BroadcastQueue: u0 Receiving a broadcast in packagecom.qiuqiu.dfmc requires a permissions review
10-24 23:31:26.888  1479  1688 W BroadcastQueue: Skipping delivery: permission review required for Intent { act=android.intent.action.PACKAGE_ADDED dat=package: flg=0x4000010 (has extras) } from null (pid=1479, uid=1000) to com.qiuqiu.dfmc/cn.jpush.android.service.PushReceiver
10-24 23:31:26.888  1479  1688 W BroadcastQueue: u0 Receiving a broadcast in packagecom.safesys.viruskiller requires a permissions review
10-24 23:31:26.888  1479  1688 W BroadcastQueue: Skipping delivery: permission review required for Intent { act=android.intent.action.PACKAGE_ADDED dat=package: flg=0x4000010 (has extras) } from null (pid=1479, uid=1000) to com.safesys.viruskiller/.ScanPackageBroadcast
10-24 23:31:26.888  1479  1688 W BroadcastQueue: u0 Receiving a broadcast in packagecom.uc108.mobile.sdgj.bd1 requires a permissions review
10-24 23:31:26.888  1479  1688 W BroadcastQueue: Skipping delivery: permission review required for Intent { act=android.intent.action.PACKAGE_ADDED dat=package: flg=0x4000010 (has extras) } from null (pid=1479, uid=1000) to com.uc108.mobile.sdgj.bd1/com.baidu.tiebasdk.service.InstallReceiver
10-24 23:31:26.888  1479  1688 W BroadcastQueue: u0 Receiving a broadcast in packagecom.voicebianshengjinglingwc.wxl requires a permissions review
10-24 23:31:26.888  1479  1688 W BroadcastQueue: Skipping delivery: permission review required for Intent { act=android.intent.action.PACKAGE_ADDED dat=package: flg=0x4000010 (has extras) } from null (pid=1479, uid=1000) to com.voicebianshengjinglingwc.wxl/mp.ruu.Ztjjwrj
10-24 23:31:26.888  1479  1688 W BroadcastQueue: u0 Receiving a broadcast in packagecom.yoojar.zlsg.baidu requires a permissions review
10-24 23:31:26.888  1479  1688 W BroadcastQueue: Skipping delivery: permission review required for Intent { act=android.intent.action.PACKAGE_ADDED dat=package: flg=0x4000010 (has extras) } from null (pid=1479, uid=1000) to com.yoojar.zlsg.baidu/com.duoku.platform.download.broadcast.AppMonitorReceiver
10-24 23:31:26.888  1479  1688 W BroadcastQueue: u0 Receiving a broadcast in packageio.dcloud.H5BC6BF13 requires a permissions review
10-24 23:31:26.888  1479  1688 W BroadcastQueue: Skipping delivery: permission review required for Intent { act=android.intent.action.PACKAGE_ADDED dat=package: flg=0x4000010 (has extras) } from null (pid=1479, uid=1000) to io.dcloud.H5BC6BF13/io.dcloud.common.adapter.io.DownloadReceiver
10-24 23:31:26.901  1479  1479 I Telecom : DefaultDialerCache: Refreshing default dialer for user 0: now com.google.android.dialer: DDC.oR@Cnc
10-24 23:31:26.921  1479  1810 E VerityUtils: Failed to measure fs-verity, errno 1: /data/app/~~SkOY0dkGkJx3lPmGk8NuwQ==/com.swivvtvzoky.ktmuzxo-lXQ9ETXnMU-oNlhc8N2sdw==/base.apk
10-24 23:31:26.925  1479  1479 V BackupManagerConstants: getFullBackupIntervalMilliseconds(...) returns 86400000
10-24 23:31:26.925  1479  1479 V BackupManagerConstants: getFullBackupRequiredNetworkType(...) returns 2
10-24 23:31:26.925  1479  1479 V BackupManagerConstants: getFullBackupRequireCharging(...) returns true
10-24 23:31:26.926  1479  1686 W WindowMagnificationMgr: requestConnection duplicated request: connect=false, mConnectionState=DISCONNECTED
10-24 23:31:26.932  1479  7097 D CompatibilityChangeReporter: Compat change id reported: 161252188; UID 10286; state: DISABLED
10-24 23:31:26.962  1479  1479 I Telecom : DefaultDialerCache: Refreshing default dialer for user 0: now com.google.android.dialer: DDC.oR@Cng
10-24 23:31:26.964  1479  4174 W BackupTransportManager: Package com.swivvtvzoky.ktmuzxo enabled setting: 0
10-24 23:31:26.973  1479  1686 W PackageManager: Failed registering loading progress callback. Package is fully loaded.
10-24 23:31:26.994  1479  1686 W WindowMagnificationMgr: requestConnection duplicated request: connect=false, mConnectionState=DISCONNECTED
10-24 23:31:27.042  1479  1813 E PackageManager: ERROR: could not load root hash from incremental install
10-24 23:31:27.062  1479  1813 I PackageManager: Integrity check passed for file:///data/app/vmdl2103935121.tmp
10-24 23:31:27.067  1479  5541 W BroadcastQueue: u0 Receiving a broadcast in packagecom.yoojar.zlsg.baidu requires a permissions review
10-24 23:31:27.067  1479  5541 W BroadcastQueue: Skipping delivery: permission review required for Intent { act=android.intent.action.PACKAGE_CHANGED dat=package: flg=0x5000010 (has extras) } from null (pid=1479, uid=1000) to com.yoojar.zlsg.baidu/com.duoku.platform.download.broadcast.AppMonitorReceiver
10-24 23:31:27.118  1479  1813 W PackageManager: Skipping provider name com.gsf.duopyj (in package com.gsf.duopyj): name already used by com.gsf.duopyj
10-24 23:31:27.118  1479  1813 W PackageManager: Skipping provider name com.gsf.duopyj (in package com.gsf.duopyj): name already used by com.gsf.duopyj
10-24 23:31:27.133  1479  1675 W ActivityTaskManager: Activity top resumed state loss timeout for ActivityRecord{8b1ba7d u0 com.nqmobile.antivirus20/com.netqin.antivirus.scan.ui.MonitorVirusTip} t19 f}}
10-24 23:31:27.133  1479  1675 W ActivityTaskManager: Activity pause timeout for ActivityRecord{8b1ba7d u0 com.nqmobile.antivirus20/com.netqin.antivirus.scan.ui.MonitorVirusTip} t19 f}}
10-24 23:31:27.176  1479  1675 W ActivityTaskManager: Tried to set launchTime (0) < mLastActivityLaunchTime (969385)
10-24 23:31:27.176  1479  1672 V StorageManagerService: Package null has legacy storage
10-24 23:31:27.306  1479  1813 V BackupManagerService: [UserID:0] restoreAtInstall pkg=com.gsf.duopyj token=7c restoreSet=0
10-24 23:31:27.306  1479  1813 V BackupManagerService: [UserID:0] Finishing install immediately
10-24 23:31:27.308  1479  1813 D PackageInstallerSession: Marking session 2103935121 as applied
10-24 23:31:27.309  1479  5540 E NotificationService: Package enqueue rate is 5.1087327. Shedding 0|com.nqmobile.antivirus20|3|null|10196. package=com.nqmobile.antivirus20
10-24 23:31:27.310  1479  3211 I ActivityTaskManager: START u0 {flg=0x14800000 cmp=com.nqmobile.antivirus20/com.netqin.antivirus.scan.ui.MonitorVirusTip (has extras)} from uid 10196
10-24 23:31:27.319  1479  1813 D CompatibilityChangeReporter: Compat change id reported: 168419799; UID 10287; state: DISABLED
10-24 23:31:27.319  1479  1813 D CompatibilityChangeReporter: Compat change id reported: 273564678; UID 10287; state: DISABLED
10-24 23:31:27.323  1479  5532 W BroadcastQueue: u0 Receiving a broadcast in packagecom.jr.narutoii requires a permissions review
10-24 23:31:27.323  1479  5532 W BroadcastQueue: Skipping delivery: permission review required for Intent { act=android.intent.action.PACKAGE_ADDED dat=package: flg=0x4000010 (has extras) } from null (pid=1479, uid=1000) to com.jr.narutoii/com.joyriver.engine.proxy.EngineReceiver
10-24 23:31:27.325  1479  1688 W BroadcastQueue: u0 Receiving a broadcast in packagecom.android.buyer requires a permissions review
10-24 23:31:27.325  1479  1688 W BroadcastQueue: Skipping delivery: permission review required for Intent { act=android.intent.action.PACKAGE_ADDED dat=package: flg=0x4000010 (has extras) } from null (pid=1479, uid=1000) to com.android.buyer/.mRve
10-24 23:31:27.325  1479  1688 W BroadcastQueue: Background execution not allowed: receiving Intent { act=android.intent.action.PACKAGE_ADDED dat=package: flg=0x4000010 (has extras) } to com.google.android.packageinstaller/com.android.packageinstaller.PackageInstalledReceiver
10-24 23:31:27.326  1479  1688 W BroadcastQueue: Background execution not allowed: receiving Intent { act=android.intent.action.PACKAGE_ADDED dat=package: flg=0x4000010 (has extras) } to com.android.vending/com.google.android.finsky.packagemonitor.impl.PackageMonitorReceiverImpl$RegisteredReceiver
10-24 23:31:27.326  1479  1688 W BroadcastQueue: Background execution not allowed: receiving Intent { act=android.intent.action.PACKAGE_ADDED dat=package: flg=0x4000010 (has extras) } to com.android.vending/com.google.android.finsky.packagemonitor.backgroundimpl.BackgroundPackageMonitorReceiverImpl$RegisteredReceiver
10-24 23:31:27.326  1479  1688 W BroadcastQueue: Background execution not allowed: receiving Intent { act=android.intent.action.PACKAGE_ADDED dat=package: flg=0x4000010 (has extras) } to com.google.android.gms/.games.chimera.GamesSystemBroadcastReceiverProxy
10-24 23:31:27.326  1479  1688 W BroadcastQueue: Background execution not allowed: receiving Intent { act=android.intent.action.PACKAGE_ADDED dat=package: flg=0x4000010 (has extras) } to com.google.android.gms/.gass.chimera.PackageChangeBroadcastReceiver
10-24 23:31:27.326  1479  1688 W BroadcastQueue: Background execution not allowed: receiving Intent { act=android.intent.action.PACKAGE_ADDED dat=package: flg=0x4000010 (has extras) } to com.google.android.gms/.chimera.GmsIntentOperationService$PersistentTrustedReceiver
10-24 23:31:27.326  1479  1688 W BroadcastQueue: u0 Receiving a broadcast in packagecom.cncd.japan.janli.shudu requires a permissions review
10-24 23:31:27.326  1479  1688 W BroadcastQueue: Skipping delivery: permission review required for Intent { act=android.intent.action.PACKAGE_ADDED dat=package: flg=0x4000010 (has extras) } from null (pid=1479, uid=1000) to com.cncd.japan.janli.shudu/net.l.k.r
10-24 23:31:27.326  1479  1688 W BroadcastQueue: u0 Receiving a broadcast in packagecom.cncd.japan.janli.shudu requires a permissions review
10-24 23:31:27.326  1479  1688 W BroadcastQueue: Skipping delivery: permission review required for Intent { act=android.intent.action.PACKAGE_ADDED dat=package: flg=0x4000010 (has extras) } from null (pid=1479, uid=1000) to com.cncd.japan.janli.shudu/com.feiwofour.coverscreen.SR
10-24 23:31:27.326  1479  1688 W BroadcastQueue: u0 Receiving a broadcast in packagecom.games.mengmeizhitd requires a permissions review
10-24 23:31:27.326  1479  1688 W BroadcastQueue: Skipping delivery: permission review required for Intent { act=android.intent.action.PACKAGE_ADDED dat=package: flg=0x4000010 (has extras) } from null (pid=1479, uid=1000) to com.games.mengmeizhitd/hjnw.ihjnw.i.isqly
10-24 23:31:27.326  1479  1688 W BroadcastQueue: u0 Receiving a broadcast in packagecom.hgperfko.yaeghrwx requires a permissions review
10-24 23:31:27.326  1479  1688 W BroadcastQueue: Skipping delivery: permission review required for Intent { act=android.intent.action.PACKAGE_ADDED dat=package: flg=0x4000010 (has extras) } from null (pid=1479, uid=1000) to com.hgperfko.yaeghrwx/.core.hLytdCQDBv
10-24 23:31:27.326  1479  1688 W BroadcastQueue: u0 Receiving a broadcast in packagecom.qiuqiu.dfmc requires a permissions review
10-24 23:31:27.326  1479  1688 W BroadcastQueue: Skipping delivery: permission review required for Intent { act=android.intent.action.PACKAGE_ADDED dat=package: flg=0x4000010 (has extras) } from null (pid=1479, uid=1000) to com.qiuqiu.dfmc/cn.jpush.android.service.PushReceiver
10-24 23:31:27.326  1479  1688 W BroadcastQueue: u0 Receiving a broadcast in packagecom.safesys.viruskiller requires a permissions review
10-24 23:31:27.326  1479  1688 W BroadcastQueue: Skipping delivery: permission review required for Intent { act=android.intent.action.PACKAGE_ADDED dat=package: flg=0x4000010 (has extras) } from null (pid=1479, uid=1000) to com.safesys.viruskiller/.ScanPackageBroadcast
10-24 23:31:27.327  1479  1688 W BroadcastQueue: u0 Receiving a broadcast in packagecom.uc108.mobile.sdgj.bd1 requires a permissions review
10-24 23:31:27.327  1479  1688 W BroadcastQueue: Skipping delivery: permission review required for Intent { act=android.intent.action.PACKAGE_ADDED dat=package: flg=0x4000010 (has extras) } from null (pid=1479, uid=1000) to com.uc108.mobile.sdgj.bd1/com.baidu.tiebasdk.service.InstallReceiver
10-24 23:31:27.327  1479  1688 W BroadcastQueue: u0 Receiving a broadcast in packagecom.voicebianshengjinglingwc.wxl requires a permissions review
10-24 23:31:27.327  1479  1688 W BroadcastQueue: Skipping delivery: permission review required for Intent { act=android.intent.action.PACKAGE_ADDED dat=package: flg=0x4000010 (has extras) } from null (pid=1479, uid=1000) to com.voicebianshengjinglingwc.wxl/mp.ruu.Ztjjwrj
10-24 23:31:27.327  1479  1688 W BroadcastQueue: u0 Receiving a broadcast in packagecom.yoojar.zlsg.baidu requires a permissions review
10-24 23:31:27.327  1479  1688 W BroadcastQueue: Skipping delivery: permission review required for Intent { act=android.intent.action.PACKAGE_ADDED dat=package: flg=0x4000010 (has extras) } from null (pid=1479, uid=1000) to com.yoojar.zlsg.baidu/com.duoku.platform.download.broadcast.AppMonitorReceiver
10-24 23:31:27.327  1479  1688 W BroadcastQueue: u0 Receiving a broadcast in packageio.dcloud.H5BC6BF13 requires a permissions review
10-24 23:31:27.327  1479  1688 W BroadcastQueue: Skipping delivery: permission review required for Intent { act=android.intent.action.PACKAGE_ADDED dat=package: flg=0x4000010 (has extras) } from null (pid=1479, uid=1000) to io.dcloud.H5BC6BF13/io.dcloud.common.adapter.io.DownloadReceiver
10-24 23:31:27.327  1479  1479 I Telecom : DefaultDialerCache: Refreshing default dialer for user 0: now com.google.android.dialer: DDC.oR@Cn8
10-24 23:31:27.327  1479  2919 D CompatibilityChangeReporter: Compat change id reported: 218533173; UID 10287; state: DISABLED
10-24 23:31:27.335  1479  1479 V BackupManagerConstants: getFullBackupIntervalMilliseconds(...) returns 86400000
10-24 23:31:27.335  1479  1479 V BackupManagerConstants: getFullBackupRequiredNetworkType(...) returns 2
10-24 23:31:27.335  1479  1479 V BackupManagerConstants: getFullBackupRequireCharging(...) returns true
10-24 23:31:27.349 17088 17088 W TransactionExecutor: tId:-1228036262 Skip pre-destroyed transaction:
10-24 23:31:27.349 17088 17088 W TransactionExecutor: tId:-1228036262 ClientTransaction{
10-24 23:31:27.349 17088 17088 W TransactionExecutor: tId:-1228036262   callbacks=[
10-24 23:31:27.349 17088 17088 W TransactionExecutor: tId:-1228036262     LaunchActivityItem{intent=Intent { flg=0x14800000 cmp=com.nqmobile.antivirus20/com.netqin.antivirus.scan.ui.MonitorVirusTip (has extras) },ident=14089689,info=ActivityInfo{6d5adf com.netqin.antivirus.scan.ui.MonitorVirusTip},curConfig={1.0 ?mcc?mnc [pt_BR] ldltr sw393dp w393dp h737dp 440dpi nrml long port night finger -keyb/v/h -nav/h winConfig={ mBounds=Rect(0, 0 - 1080, 2246) mAppBounds=Rect(0, 86 - 1080, 2114) mMaxBounds=Rect(0, 0 - 1080, 2246) mDisplayRotation=ROTATION_0 mWindowingMode=fullscreen mDisplayWindowingMode=fullscreen mActivityType=undefined mAlwaysOnTop=undefined mRotation=ROTATION_0} as.2 s.391 fontWeightAdjustment=0},overrideConfig={1.0 ?mcc?mnc [pt_BR] ldltr sw393dp w393dp h737dp 440dpi nrml long port night finger -keyb/v/h -nav/h winConfig={ mBounds=Rect(0, 0 - 1080, 2246) mAppBounds=Rect(0, 86 - 1080, 2114) mMaxBounds=Rect(0, 0 - 1080, 2246) mDisplayRotation=ROTATION_0 mWindowingMode=fullscreen mDisplayWindowingMode=fullscreen mActivityType=standard mAlwaysOnTop=undefined mRotation=ROTATION_0} as.2 s.1 fontWeightAdjustment=0},referrer=com.nqmobile.antivirus20,procState=2,state=null,persistentState=null,pendingResults=null,pendingNewIntents=null,options=null,profilerInfo=null,assistToken=android.os.BinderProxy@8db6b39,shareableActivityToken=android.os.BinderProxy@72e357e}
10-24 23:31:27.349 17088 17088 W TransactionExecutor: tId:-1228036262   ]
10-24 23:31:27.349 17088 17088 W TransactionExecutor: tId:-1228036262   stateRequest=ResumeActivityItem{procState=-1,updateProcState=false,isForward=true,shouldSendCompatFakeFocus=false}
10-24 23:31:27.349 17088 17088 W TransactionExecutor: tId:-1228036262 }
10-24 23:31:27.349 17088 17088 W TransactionExecutor: tId:-1228036262 Target activity: Not found for token: android.os.BinderProxy@75e6be0
10-24 23:31:27.349 17088 17088 W TransactionExecutor: tId:1802889770 Skip pre-destroyed transaction:
10-24 23:31:27.349 17088 17088 W TransactionExecutor: tId:1802889770 ClientTransaction{
10-24 23:31:27.349 17088 17088 W TransactionExecutor: tId:1802889770   callbacks=[
10-24 23:31:27.349 17088 17088 W TransactionExecutor: tId:1802889770     TopResumedActivityChangeItem{onTop=true}
