10-25 01:29:44.907  1446  1679 W BroadcastQueue: Background execution not allowed: receiving Intent { act=android.intent.action.PACKAGE_REMOVED dat=package: flg=0x4000010 (has extras) } to com.google.android.gms/.chimera.GmsIntentOperationService$PersistentTrustedReceiver
10-25 01:29:44.907  1446  1679 W BroadcastQueue: Background execution not allowed: receiving Intent { act=android.intent.action.PACKAGE_REMOVED dat=package: flg=0x4000010 (has extras) } to com.google.android.googlequicksearchbox/com.google.android.apps.gsa.googlequicksearchbox.GelStubAppWatcher
10-25 01:29:44.907  1446  1679 W BroadcastQueue: u0 Receiving a broadcast in packagecom.cncd.japan.janli.shudu requires a permissions review
10-25 01:29:44.907  1446  1679 W BroadcastQueue: Skipping delivery: permission review required for Intent { act=android.intent.action.PACKAGE_REMOVED dat=package: flg=0x4000010 (has extras) } from null (pid=1446, uid=1000) to com.cncd.japan.janli.shudu/com.feiwofour.coverscreen.SR
10-25 01:29:44.907  1446  1679 W BroadcastQueue: u0 Receiving a broadcast in packagecom.games.mengmeizhitd requires a permissions review
10-25 01:29:44.907  1446  1679 W BroadcastQueue: Skipping delivery: permission review required for Intent { act=android.intent.action.PACKAGE_REMOVED dat=package: flg=0x4000010 (has extras) } from null (pid=1446, uid=1000) to com.games.mengmeizhitd/hjnw.ihjnw.i.isqly
10-25 01:29:44.907  1446  1679 W BroadcastQueue: u0 Receiving a broadcast in packagecom.hgperfko.yaeghrwx requires a permissions review
10-25 01:29:44.907  1446  1679 W BroadcastQueue: Skipping delivery: permission review required for Intent { act=android.intent.action.PACKAGE_REMOVED dat=package: flg=0x4000010 (has extras) } from null (pid=1446, uid=1000) to com.hgperfko.yaeghrwx/.core.hLytdCQDBv
10-25 01:29:44.907  1446  1679 W BroadcastQueue: u0 Receiving a broadcast in packagecom.qiuqiu.dfmc requires a permissions review
10-25 01:29:44.907  1446  1679 W BroadcastQueue: Skipping delivery: permission review required for Intent { act=android.intent.action.PACKAGE_REMOVED dat=package: flg=0x4000010 (has extras) } from null (pid=1446, uid=1000) to com.qiuqiu.dfmc/cn.jpush.android.service.PushReceiver
10-25 01:29:44.913  1446  1679 W BroadcastQueue: u0 Receiving a broadcast in packagecom.safesys.viruskiller requires a permissions review
10-25 01:29:44.913  1446  1679 W BroadcastQueue: Skipping delivery: permission review required for Intent { act=android.intent.action.PACKAGE_REMOVED dat=package: flg=0x4000010 (has extras) } from null (pid=1446, uid=1000) to com.safesys.viruskiller/.ScanPackageBroadcast
10-25 01:29:44.913  1446  1679 W BroadcastQueue: u0 Receiving a broadcast in packagecom.uc108.mobile.sdgj.bd1 requires a permissions review
10-25 01:29:44.913  1446  1679 W BroadcastQueue: Skipping delivery: permission review required for Intent { act=android.intent.action.PACKAGE_REMOVED dat=package: flg=0x4000010 (has extras) } from null (pid=1446, uid=1000) to com.uc108.mobile.sdgj.bd1/com.baidu.android.pushservice.RegistrationReceiver
10-25 01:29:44.913  1446  1679 W BroadcastQueue: u0 Receiving a broadcast in packagecom.uc108.mobile.sdgj.bd1 requires a permissions review
10-25 01:29:44.913  1446  1679 W BroadcastQueue: Skipping delivery: permission review required for Intent { act=android.intent.action.PACKAGE_REMOVED dat=package: flg=0x4000010 (has extras) } from null (pid=1446, uid=1000) to com.uc108.mobile.sdgj.bd1/com.baidu.tiebasdk.service.InstallReceiver
10-25 01:29:44.915  1446  1446 D OomAdjuster: Not killing cached processes
10-25 01:29:44.917  1446  1446 I Telecom : CarModeTracker: Package com.yadsssaawefnt.yyyfaa3a22eaa is not tracked.: SSH.oR@CBk
10-25 01:29:44.917  1446  1446 I Telecom : InCallController: updateCarModeForConnections: car mode apps: : SSH.oR@CBk
10-25 01:29:44.925  1446  1446 I Telecom : DefaultDialerCache: Refreshing default dialer for user 0: now com.google.android.dialer: DDC.oR@CBo
10-25 01:29:44.928  1446  1679 W BroadcastQueue: u0 Receiving a broadcast in packagecom.yoojar.zlsg.baidu requires a permissions review
10-25 01:29:44.928  1446  1679 W BroadcastQueue: Skipping delivery: permission review required for Intent { act=android.intent.action.PACKAGE_REMOVED dat=package: flg=0x4000010 (has extras) } from null (pid=1446, uid=1000) to com.yoojar.zlsg.baidu/com.baidu.android.pushservice.RegistrationReceiver
10-25 01:29:44.928  1446  1679 W BroadcastQueue: u0 Receiving a broadcast in packagecom.yoojar.zlsg.baidu requires a permissions review
10-25 01:29:44.928  1446  1679 W BroadcastQueue: Skipping delivery: permission review required for Intent { act=android.intent.action.PACKAGE_REMOVED dat=package: flg=0x4000010 (has extras) } from null (pid=1446, uid=1000) to com.yoojar.zlsg.baidu/com.duoku.platform.download.broadcast.AppMonitorReceiver
10-25 01:29:44.928  1446  1679 W BroadcastQueue: Background execution not allowed: receiving Intent { act=android.intent.action.PACKAGE_REMOVED dat=package: flg=0x4000010 (has extras) } to jp.naver.lineantivirus.android/.handler.PackageRemoveReceiver
10-25 01:29:44.929  1446  1679 W BroadcastQueue: u0 Receiving a broadcast in packagecom.jr.narutoii requires a permissions review
10-25 01:29:44.929  1446  1679 W BroadcastQueue: Skipping delivery: permission review required for Intent { act=android.intent.action.PACKAGE_ADDED dat=package: flg=0x4000010 (has extras) } from null (pid=1446, uid=1000) to com.jr.narutoii/com.joyriver.engine.proxy.EngineReceiver
10-25 01:29:44.929  1446  1679 W BroadcastQueue: u0 Receiving a broadcast in packagecom.android.buyer requires a permissions review
10-25 01:29:44.929  1446  1679 W BroadcastQueue: Skipping delivery: permission review required for Intent { act=android.intent.action.PACKAGE_ADDED dat=package: flg=0x4000010 (has extras) } from null (pid=1446, uid=1000) to com.android.buyer/.mRve
10-25 01:29:44.929  1446  1679 W BroadcastQueue: Background execution not allowed: receiving Intent { act=android.intent.action.PACKAGE_ADDED dat=package: flg=0x4000010 (has extras) } to com.google.android.packageinstaller/com.android.packageinstaller.PackageInstalledReceiver
10-25 01:29:44.930  1446  1446 V BackupManagerConstants: getFullBackupIntervalMilliseconds(...) returns 86400000
10-25 01:29:44.930  1446  1446 V BackupManagerConstants: getFullBackupRequiredNetworkType(...) returns 2
10-25 01:29:44.930  1446  1446 V BackupManagerConstants: getFullBackupRequireCharging(...) returns true
10-25 01:29:44.931  1446  1446 D CompatibilityChangeReporter: Compat change id reported: 171306433; UID 10266; state: DISABLED
10-25 01:29:44.931  1446  1679 W BroadcastQueue: Background execution not allowed: receiving Intent { act=android.intent.action.PACKAGE_ADDED dat=package: flg=0x4000010 (has extras) } to com.android.vending/com.google.android.finsky.packagemonitor.impl.PackageMonitorReceiverImpl$RegisteredReceiver
10-25 01:29:44.932  1446  1679 W BroadcastQueue: Background execution not allowed: receiving Intent { act=android.intent.action.PACKAGE_ADDED dat=package: flg=0x4000010 (has extras) } to com.android.vending/com.google.android.finsky.packagemonitor.backgroundimpl.BackgroundPackageMonitorReceiverImpl$RegisteredReceiver
10-25 01:29:44.933  1446  1679 W BroadcastQueue: Background execution not allowed: receiving Intent { act=android.intent.action.PACKAGE_ADDED dat=package: flg=0x4000010 (has extras) } to com.google.android.gms/.games.chimera.GamesSystemBroadcastReceiverProxy
10-25 01:29:44.933  1446  1679 W BroadcastQueue: Background execution not allowed: receiving Intent { act=android.intent.action.PACKAGE_ADDED dat=package: flg=0x4000010 (has extras) } to com.google.android.gms/.gass.chimera.PackageChangeBroadcastReceiver
10-25 01:29:44.933  1446  1679 W BroadcastQueue: Background execution not allowed: receiving Intent { act=android.intent.action.PACKAGE_ADDED dat=package: flg=0x4000010 (has extras) } to com.google.android.gms/.chimera.GmsIntentOperationService$PersistentTrustedReceiver
10-25 01:29:44.933  1446  1679 W BroadcastQueue: Background execution not allowed: receiving Intent { act=android.intent.action.PACKAGE_ADDED dat=package: flg=0x4000010 (has extras) } to com.google.android.googlequicksearchbox/com.google.android.apps.gsa.googlequicksearchbox.GelStubAppWatcher
10-25 01:29:44.933  1446  1679 W BroadcastQueue: u0 Receiving a broadcast in packagecom.cncd.japan.janli.shudu requires a permissions review
10-25 01:29:44.933  1446  1679 W BroadcastQueue: Skipping delivery: permission review required for Intent { act=android.intent.action.PACKAGE_ADDED dat=package: flg=0x4000010 (has extras) } from null (pid=1446, uid=1000) to com.cncd.japan.janli.shudu/net.l.k.r
10-25 01:29:44.933  1446  1679 W BroadcastQueue: u0 Receiving a broadcast in packagecom.cncd.japan.janli.shudu requires a permissions review
10-25 01:29:44.933  1446  1679 W BroadcastQueue: Skipping delivery: permission review required for Intent { act=android.intent.action.PACKAGE_ADDED dat=package: flg=0x4000010 (has extras) } from null (pid=1446, uid=1000) to com.cncd.japan.janli.shudu/com.feiwofour.coverscreen.SR
10-25 01:29:44.933  1446  1679 W BroadcastQueue: u0 Receiving a broadcast in packagecom.games.mengmeizhitd requires a permissions review
10-25 01:29:44.934  1446  1679 W BroadcastQueue: Skipping delivery: permission review required for Intent { act=android.intent.action.PACKAGE_ADDED dat=package: flg=0x4000010 (has extras) } from null (pid=1446, uid=1000) to com.games.mengmeizhitd/hjnw.ihjnw.i.isqly
10-25 01:29:44.934  1446  1679 W BroadcastQueue: u0 Receiving a broadcast in packagecom.hgperfko.yaeghrwx requires a permissions review
10-25 01:29:44.934  1446  1679 W BroadcastQueue: Skipping delivery: permission review required for Intent { act=android.intent.action.PACKAGE_ADDED dat=package: flg=0x4000010 (has extras) } from null (pid=1446, uid=1000) to com.hgperfko.yaeghrwx/.core.hLytdCQDBv
10-25 01:29:44.934  1446  1679 W BroadcastQueue: u0 Receiving a broadcast in packagecom.qiuqiu.dfmc requires a permissions review
10-25 01:29:44.934  1446  1679 W BroadcastQueue: Skipping delivery: permission review required for Intent { act=android.intent.action.PACKAGE_ADDED dat=package: flg=0x4000010 (has extras) } from null (pid=1446, uid=1000) to com.qiuqiu.dfmc/cn.jpush.android.service.PushReceiver
10-25 01:29:44.934  1446  1679 W BroadcastQueue: u0 Receiving a broadcast in packagecom.safesys.viruskiller requires a permissions review
10-25 01:29:44.934  1446  1679 W BroadcastQueue: Skipping delivery: permission review required for Intent { act=android.intent.action.PACKAGE_ADDED dat=package: flg=0x4000010 (has extras) } from null (pid=1446, uid=1000) to com.safesys.viruskiller/.ScanPackageBroadcast
10-25 01:29:44.934  1446  1679 W BroadcastQueue: u0 Receiving a broadcast in packagecom.uc108.mobile.sdgj.bd1 requires a permissions review
10-25 01:29:44.934  1446  1679 W BroadcastQueue: Skipping delivery: permission review required for Intent { act=android.intent.action.PACKAGE_ADDED dat=package: flg=0x4000010 (has extras) } from null (pid=1446, uid=1000) to com.uc108.mobile.sdgj.bd1/com.baidu.tiebasdk.service.InstallReceiver
10-25 01:29:44.934  1446  1679 W BroadcastQueue: u0 Receiving a broadcast in packagecom.voicebianshengjinglingwc.wxl requires a permissions review
10-25 01:29:44.934  1446  1679 W BroadcastQueue: Skipping delivery: permission review required for Intent { act=android.intent.action.PACKAGE_ADDED dat=package: flg=0x4000010 (has extras) } from null (pid=1446, uid=1000) to com.voicebianshengjinglingwc.wxl/mp.ruu.Ztjjwrj
10-25 01:29:44.934  1446  1679 W BroadcastQueue: u0 Receiving a broadcast in packagecom.yoojar.zlsg.baidu requires a permissions review
10-25 01:29:44.934  1446  1679 W BroadcastQueue: Skipping delivery: permission review required for Intent { act=android.intent.action.PACKAGE_ADDED dat=package: flg=0x4000010 (has extras) } from null (pid=1446, uid=1000) to com.yoojar.zlsg.baidu/com.duoku.platform.download.broadcast.AppMonitorReceiver
10-25 01:29:44.934  1446  1679 W BroadcastQueue: u0 Receiving a broadcast in packageio.dcloud.H5BC6BF13 requires a permissions review
10-25 01:29:44.935  1446  1679 W BroadcastQueue: Skipping delivery: permission review required for Intent { act=android.intent.action.PACKAGE_ADDED dat=package: flg=0x4000010 (has extras) } from null (pid=1446, uid=1000) to io.dcloud.H5BC6BF13/io.dcloud.common.adapter.io.DownloadReceiver
10-25 01:29:44.935  1446  1679 W BroadcastQueue: Background execution not allowed: receiving Intent { act=android.intent.action.PACKAGE_ADDED dat=package: flg=0x4000010 (has extras) } to jp.naver.lineantivirus.android/.handler.PackageRemoveReceiver
10-25 01:29:44.937  1446  1814 D PackageInstallerSession: Marking session 433432948 as applied
10-25 01:29:45.074  1446  5473 W BroadcastQueue: Background execution not allowed: receiving Intent { act=android.intent.action.PACKAGE_REPLACED dat=package: flg=0x4000010 (has extras) } to com.google.android.gms/.gass.chimera.PackageChangeBroadcastReceiver
10-25 01:29:45.075  1446  1679 W BroadcastQueue: Background execution not allowed: receiving Intent { act=android.intent.action.PACKAGE_REPLACED dat=package: flg=0x4000010 (has extras) } to com.google.android.gms/.chimera.GmsIntentOperationService$PersistentTrustedReceiver
10-25 01:29:45.075  1446  1679 W BroadcastQueue: Background execution not allowed: receiving Intent { act=android.intent.action.PACKAGE_REPLACED dat=package: flg=0x4000010 (has extras) } to com.google.android.googlequicksearchbox/com.google.android.apps.gsa.googlequicksearchbox.GelStubAppWatcher
10-25 01:29:45.075  1446  1679 W BroadcastQueue: u0 Receiving a broadcast in packagecom.safesys.viruskiller requires a permissions review
10-25 01:29:45.075  1446  1679 W BroadcastQueue: Skipping delivery: permission review required for Intent { act=android.intent.action.PACKAGE_REPLACED dat=package: flg=0x4000010 (has extras) } from null (pid=1446, uid=1000) to com.safesys.viruskiller/.ScanPackageBroadcast
10-25 01:29:45.075  1446  1679 W BroadcastQueue: u0 Receiving a broadcast in packagecom.yoojar.zlsg.baidu requires a permissions review
10-25 01:29:45.075  1446  1679 W BroadcastQueue: Skipping delivery: permission review required for Intent { act=android.intent.action.PACKAGE_REPLACED dat=package: flg=0x4000010 (has extras) } from null (pid=1446, uid=1000) to com.yoojar.zlsg.baidu/com.duoku.platform.download.broadcast.AppMonitorReceiver
10-25 01:29:45.087  1446  1810 E VerityUtils: Failed to measure fs-verity, errno 1: /data/app/~~8G9PEy88ne7DYyUCgLZ9gQ==/com.yadsssaawefnt.yyyfaa3a22eaa-QrzVuGh4YZUuGEQ61oR6pA==/base.apk
10-25 01:29:45.145  1446  1810 E VerityUtils: Failed to measure fs-verity, errno 1: /data/app/~~8G9PEy88ne7DYyUCgLZ9gQ==/com.yadsssaawefnt.yyyfaa3a22eaa-QrzVuGh4YZUuGEQ61oR6pA==/base.apk
10-25 01:29:45.158  1446  1814 E PackageManager: ERROR: could not load root hash from incremental install
10-25 01:29:45.178  1446  1814 I PackageManager: Integrity check passed for file:///data/app/vmdl416863253.tmp
10-25 01:29:45.208  1446  1678 W WindowMagnificationMgr: requestConnection duplicated request: connect=false, mConnectionState=DISCONNECTED
10-25 01:29:45.217  1446  1679 I ActivityManager: Force stopping com.eg.android.AlipayGphone appid=10267 user=-1: installPackageLI
10-25 01:29:45.218  1446  1678 W WindowMagnificationMgr: requestConnection duplicated request: connect=false, mConnectionState=DISCONNECTED
10-25 01:29:45.222  1446  1814 I PackageManager: Update package com.eg.android.AlipayGphone code path from /data/app/~~HMzne21cM8h_HulfDfy6Ug==/com.eg.android.AlipayGphone-qEjlAmx8rJCwoqwZBdOgKg== to /data/app/~~tY81QQU3AHBmiSKHTDmBuQ==/com.eg.android.AlipayGphone-hA_z4hMLKnH9kBto-ZByJA==; Retain data and using new
10-25 01:29:45.681  1446  1814 I ActivityManager: Force stopping com.eg.android.AlipayGphone appid=10267 user=0: pkg removed
10-25 01:29:45.688  1446  1679 W BroadcastQueue: u0 Receiving a broadcast in packagecom.jr.narutoii requires a permissions review
10-25 01:29:45.688  1446  1679 W BroadcastQueue: Skipping delivery: permission review required for Intent { act=android.intent.action.PACKAGE_REMOVED dat=package: flg=0x4000010 (has extras) } from null (pid=1446, uid=1000) to com.jr.narutoii/com.joyriver.engine.proxy.EngineReceiver
10-25 01:29:45.688  1446  1679 W BroadcastQueue: u0 Receiving a broadcast in packagecom.android.buyer requires a permissions review
10-25 01:29:45.689  1446  1679 W BroadcastQueue: Skipping delivery: permission review required for Intent { act=android.intent.action.PACKAGE_REMOVED dat=package: flg=0x4000010 (has extras) } from null (pid=1446, uid=1000) to com.android.buyer/.mRve
10-25 01:29:45.689  1446  1679 W BroadcastQueue: Background execution not allowed: receiving Intent { act=android.intent.action.PACKAGE_REMOVED dat=package: flg=0x4000010 (has extras) } to com.android.vending/com.google.android.finsky.packagemonitor.impl.PackageMonitorReceiverImpl$RegisteredReceiver
10-25 01:29:45.689  1446  1679 W BroadcastQueue: Background execution not allowed: receiving Intent { act=android.intent.action.PACKAGE_REMOVED dat=package: flg=0x4000010 (has extras) } to com.android.vending/com.google.android.finsky.packagemonitor.backgroundimpl.BackgroundPackageMonitorReceiverImpl$RegisteredReceiver
10-25 01:29:45.689  1446  1679 W BroadcastQueue: Background execution not allowed: receiving Intent { act=android.intent.action.PACKAGE_REMOVED dat=package: flg=0x4000010 (has extras) } to com.android.vending/com.google.android.finsky.instantapps.appmanagement.InstantAppRemoveMonitor
10-25 01:29:45.689  1446  1679 W BroadcastQueue: Background execution not allowed: receiving Intent { act=android.intent.action.PACKAGE_REMOVED dat=package: flg=0x4000010 (has extras) } to com.google.android.gms/.games.chimera.GamesSystemBroadcastReceiverProxy
10-25 01:29:45.689  1446  1679 W BroadcastQueue: Background execution not allowed: receiving Intent { act=android.intent.action.PACKAGE_REMOVED dat=package: flg=0x4000010 (has extras) } to com.google.android.gms/.chimera.GmsIntentOperationService$PersistentTrustedReceiver
10-25 01:29:45.689  1446  1679 W BroadcastQueue: Background execution not allowed: receiving Intent { act=android.intent.action.PACKAGE_REMOVED dat=package: flg=0x4000010 (has extras) } to com.google.android.googlequicksearchbox/com.google.android.apps.gsa.googlequicksearchbox.GelStubAppWatcher
10-25 01:29:45.689  1446  1679 W BroadcastQueue: u0 Receiving a broadcast in packagecom.cncd.japan.janli.shudu requires a permissions review
10-25 01:29:45.689  1446  1679 W BroadcastQueue: Skipping delivery: permission review required for Intent { act=android.intent.action.PACKAGE_REMOVED dat=package: flg=0x4000010 (has extras) } from null (pid=1446, uid=1000) to com.cncd.japan.janli.shudu/com.feiwofour.coverscreen.SR
10-25 01:29:45.689  1446  1679 W BroadcastQueue: u0 Receiving a broadcast in packagecom.games.mengmeizhitd requires a permissions review
10-25 01:29:45.689  1446  1679 W BroadcastQueue: Skipping delivery: permission review required for Intent { act=android.intent.action.PACKAGE_REMOVED dat=package: flg=0x4000010 (has extras) } from null (pid=1446, uid=1000) to com.games.mengmeizhitd/hjnw.ihjnw.i.isqly
10-25 01:29:45.689  1446  1679 W BroadcastQueue: u0 Receiving a broadcast in packagecom.hgperfko.yaeghrwx requires a permissions review
10-25 01:29:45.689  1446  1679 W BroadcastQueue: Skipping delivery: permission review required for Intent { act=android.intent.action.PACKAGE_REMOVED dat=package: flg=0x4000010 (has extras) } from null (pid=1446, uid=1000) to com.hgperfko.yaeghrwx/.core.hLytdCQDBv
10-25 01:29:45.689  1446  1679 W BroadcastQueue: u0 Receiving a broadcast in packagecom.qiuqiu.dfmc requires a permissions review
10-25 01:29:45.689  1446  1679 W BroadcastQueue: Skipping delivery: permission review required for Intent { act=android.intent.action.PACKAGE_REMOVED dat=package: flg=0x4000010 (has extras) } from null (pid=1446, uid=1000) to com.qiuqiu.dfmc/cn.jpush.android.service.PushReceiver
10-25 01:29:45.689  1446  1679 W BroadcastQueue: u0 Receiving a broadcast in packagecom.safesys.viruskiller requires a permissions review
10-25 01:29:45.689  1446  1679 W BroadcastQueue: Skipping delivery: permission review required for Intent { act=android.intent.action.PACKAGE_REMOVED dat=package: flg=0x4000010 (has extras) } from null (pid=1446, uid=1000) to com.safesys.viruskiller/.ScanPackageBroadcast
10-25 01:29:45.689  1446  1679 W BroadcastQueue: u0 Receiving a broadcast in packagecom.uc108.mobile.sdgj.bd1 requires a permissions review
10-25 01:29:45.690  1446  1679 W BroadcastQueue: Skipping delivery: permission review required for Intent { act=android.intent.action.PACKAGE_REMOVED dat=package: flg=0x4000010 (has extras) } from null (pid=1446, uid=1000) to com.uc108.mobile.sdgj.bd1/com.baidu.android.pushservice.RegistrationReceiver
10-25 01:29:45.690  1446  1679 W BroadcastQueue: u0 Receiving a broadcast in packagecom.uc108.mobile.sdgj.bd1 requires a permissions review
10-25 01:29:45.690  1446  1679 W BroadcastQueue: Skipping delivery: permission review required for Intent { act=android.intent.action.PACKAGE_REMOVED dat=package: flg=0x4000010 (has extras) } from null (pid=1446, uid=1000) to com.uc108.mobile.sdgj.bd1/com.baidu.tiebasdk.service.InstallReceiver
10-25 01:29:45.690  1446  1679 W BroadcastQueue: u0 Receiving a broadcast in packagecom.yoojar.zlsg.baidu requires a permissions review
10-25 01:29:45.690  1446  1679 W BroadcastQueue: Skipping delivery: permission review required for Intent { act=android.intent.action.PACKAGE_REMOVED dat=package: flg=0x4000010 (has extras) } from null (pid=1446, uid=1000) to com.yoojar.zlsg.baidu/com.baidu.android.pushservice.RegistrationReceiver
10-25 01:29:45.690  1446  1679 W BroadcastQueue: u0 Receiving a broadcast in packagecom.yoojar.zlsg.baidu requires a permissions review
10-25 01:29:45.690  1446  1679 W BroadcastQueue: Skipping delivery: permission review required for Intent { act=android.intent.action.PACKAGE_REMOVED dat=package: flg=0x4000010 (has extras) } from null (pid=1446, uid=1000) to com.yoojar.zlsg.baidu/com.duoku.platform.download.broadcast.AppMonitorReceiver
10-25 01:29:45.690  1446  1679 W BroadcastQueue: Background execution not allowed: receiving Intent { act=android.intent.action.PACKAGE_REMOVED dat=package: flg=0x4000010 (has extras) } to jp.naver.lineantivirus.android/.handler.PackageRemoveReceiver
10-25 01:29:45.696  1446  1446 I Telecom : CarModeTracker: Package com.eg.android.AlipayGphone is not tracked.: SSH.oR@CCY
10-25 01:29:45.696  1446  1446 I Telecom : InCallController: updateCarModeForConnections: car mode apps: : SSH.oR@CCY
10-25 01:29:45.723  1446  3250 W BroadcastQueue: u0 Receiving a broadcast in packagecom.jr.narutoii requires a permissions review
10-25 01:29:45.723  1446  3250 W BroadcastQueue: Skipping delivery: permission review required for Intent { act=android.intent.action.PACKAGE_ADDED dat=package: flg=0x4000010 (has extras) } from null (pid=1446, uid=1000) to com.jr.narutoii/com.joyriver.engine.proxy.EngineReceiver
10-25 01:29:45.734  1446  1446 I Telecom : DefaultDialerCache: Refreshing default dialer for user 0: now com.google.android.dialer: DDC.oR@CCc
10-25 01:29:45.746  1446  1446 V BackupManagerConstants: getFullBackupIntervalMilliseconds(...) returns 86400000
10-25 01:29:45.746  1446  1446 V BackupManagerConstants: getFullBackupRequiredNetworkType(...) returns 2
10-25 01:29:45.746  1446  1446 V BackupManagerConstants: getFullBackupRequireCharging(...) returns true
10-25 01:29:45.747  1446  1446 D CompatibilityChangeReporter: Compat change id reported: 171306433; UID 10267; state: DISABLED
10-25 01:29:45.748  1446  1678 W WindowMagnificationMgr: requestConnection duplicated request: connect=false, mConnectionState=DISCONNECTED
10-25 01:29:45.752  1446  1679 W BroadcastQueue: u0 Receiving a broadcast in packagecom.android.buyer requires a permissions review
10-25 01:29:45.752  1446  1679 W BroadcastQueue: Skipping delivery: permission review required for Intent { act=android.intent.action.PACKAGE_ADDED dat=package: flg=0x4000010 (has extras) } from null (pid=1446, uid=1000) to com.android.buyer/.mRve
10-25 01:29:45.753  1446  1679 W BroadcastQueue: Background execution not allowed: receiving Intent { act=android.intent.action.PACKAGE_ADDED dat=package: flg=0x4000010 (has extras) } to com.google.android.packageinstaller/com.android.packageinstaller.PackageInstalledReceiver
10-25 01:29:45.753  1446  1679 W BroadcastQueue: Background execution not allowed: receiving Intent { act=android.intent.action.PACKAGE_ADDED dat=package: flg=0x4000010 (has extras) } to com.android.vending/com.google.android.finsky.packagemonitor.impl.PackageMonitorReceiverImpl$RegisteredReceiver
10-25 01:29:45.753  1446  1679 W BroadcastQueue: Background execution not allowed: receiving Intent { act=android.intent.action.PACKAGE_ADDED dat=package: flg=0x4000010 (has extras) } to com.android.vending/com.google.android.finsky.packagemonitor.backgroundimpl.BackgroundPackageMonitorReceiverImpl$RegisteredReceiver
10-25 01:29:45.753  1446  1679 W BroadcastQueue: Background execution not allowed: receiving Intent { act=android.intent.action.PACKAGE_ADDED dat=package: flg=0x4000010 (has extras) } to com.google.android.gms/.games.chimera.GamesSystemBroadcastReceiverProxy
10-25 01:29:45.753  1446  1679 W BroadcastQueue: Background execution not allowed: receiving Intent { act=android.intent.action.PACKAGE_ADDED dat=package: flg=0x4000010 (has extras) } to com.google.android.gms/.gass.chimera.PackageChangeBroadcastReceiver
10-25 01:29:45.753  1446  1679 W BroadcastQueue: Background execution not allowed: receiving Intent { act=android.intent.action.PACKAGE_ADDED dat=package: flg=0x4000010 (has extras) } to com.google.android.gms/.chimera.GmsIntentOperationService$PersistentTrustedReceiver
10-25 01:29:45.753  1446  1679 W BroadcastQueue: Background execution not allowed: receiving Intent { act=android.intent.action.PACKAGE_ADDED dat=package: flg=0x4000010 (has extras) } to com.google.android.googlequicksearchbox/com.google.android.apps.gsa.googlequicksearchbox.GelStubAppWatcher
10-25 01:29:45.754  1446  1679 W BroadcastQueue: u0 Receiving a broadcast in packagecom.cncd.japan.janli.shudu requires a permissions review
10-25 01:29:45.754  1446  1679 W BroadcastQueue: Skipping delivery: permission review required for Intent { act=android.intent.action.PACKAGE_ADDED dat=package: flg=0x4000010 (has extras) } from null (pid=1446, uid=1000) to com.cncd.japan.janli.shudu/net.l.k.r
10-25 01:29:45.754  1446  1679 W BroadcastQueue: u0 Receiving a broadcast in packagecom.cncd.japan.janli.shudu requires a permissions review
10-25 01:29:45.754  1446  1679 W BroadcastQueue: Skipping delivery: permission review required for Intent { act=android.intent.action.PACKAGE_ADDED dat=package: flg=0x4000010 (has extras) } from null (pid=1446, uid=1000) to com.cncd.japan.janli.shudu/com.feiwofour.coverscreen.SR
10-25 01:29:45.754  1446  1679 W BroadcastQueue: u0 Receiving a broadcast in packagecom.games.mengmeizhitd requires a permissions review
10-25 01:29:45.754  1446  1679 W BroadcastQueue: Skipping delivery: permission review required for Intent { act=android.intent.action.PACKAGE_ADDED dat=package: flg=0x4000010 (has extras) } from null (pid=1446, uid=1000) to com.games.mengmeizhitd/hjnw.ihjnw.i.isqly
10-25 01:29:45.754  1446  1679 W BroadcastQueue: u0 Receiving a broadcast in packagecom.hgperfko.yaeghrwx requires a permissions review
10-25 01:29:45.754  1446  1679 W BroadcastQueue: Skipping delivery: permission review required for Intent { act=android.intent.action.PACKAGE_ADDED dat=package: flg=0x4000010 (has extras) } from null (pid=1446, uid=1000) to com.hgperfko.yaeghrwx/.core.hLytdCQDBv
10-25 01:29:45.754  1446  1679 W BroadcastQueue: u0 Receiving a broadcast in packagecom.qiuqiu.dfmc requires a permissions review
10-25 01:29:45.754  1446  1679 W BroadcastQueue: Skipping delivery: permission review required for Intent { act=android.intent.action.PACKAGE_ADDED dat=package: flg=0x4000010 (has extras) } from null (pid=1446, uid=1000) to com.qiuqiu.dfmc/cn.jpush.android.service.PushReceiver
10-25 01:29:45.754  1446  1679 W BroadcastQueue: u0 Receiving a broadcast in packagecom.safesys.viruskiller requires a permissions review
10-25 01:29:45.754  1446  1679 W BroadcastQueue: Skipping delivery: permission review required for Intent { act=android.intent.action.PACKAGE_ADDED dat=package: flg=0x4000010 (has extras) } from null (pid=1446, uid=1000) to com.safesys.viruskiller/.ScanPackageBroadcast
10-25 01:29:45.754  1446  1679 W BroadcastQueue: u0 Receiving a broadcast in packagecom.uc108.mobile.sdgj.bd1 requires a permissions review
10-25 01:29:45.754  1446  1679 W BroadcastQueue: Skipping delivery: permission review required for Intent { act=android.intent.action.PACKAGE_ADDED dat=package: flg=0x4000010 (has extras) } from null (pid=1446, uid=1000) to com.uc108.mobile.sdgj.bd1/com.baidu.tiebasdk.service.InstallReceiver
10-25 01:29:45.754  1446  1679 W BroadcastQueue: u0 Receiving a broadcast in packagecom.voicebianshengjinglingwc.wxl requires a permissions review
10-25 01:29:45.754  1446  1679 W BroadcastQueue: Skipping delivery: permission review required for Intent { act=android.intent.action.PACKAGE_ADDED dat=package: flg=0x4000010 (has extras) } from null (pid=1446, uid=1000) to com.voicebianshengjinglingwc.wxl/mp.ruu.Ztjjwrj
10-25 01:29:45.754  1446  1679 W BroadcastQueue: u0 Receiving a broadcast in packagecom.yoojar.zlsg.baidu requires a permissions review
10-25 01:29:45.754  1446  1679 W BroadcastQueue: Skipping delivery: permission review required for Intent { act=android.intent.action.PACKAGE_ADDED dat=package: flg=0x4000010 (has extras) } from null (pid=1446, uid=1000) to com.yoojar.zlsg.baidu/com.duoku.platform.download.broadcast.AppMonitorReceiver
10-25 01:29:45.754  1446  1679 W BroadcastQueue: u0 Receiving a broadcast in packageio.dcloud.H5BC6BF13 requires a permissions review
10-25 01:29:45.754  1446  1679 W BroadcastQueue: Skipping delivery: permission review required for Intent { act=android.intent.action.PACKAGE_ADDED dat=package: flg=0x4000010 (has extras) } from null (pid=1446, uid=1000) to io.dcloud.H5BC6BF13/io.dcloud.common.adapter.io.DownloadReceiver
10-25 01:29:45.754  1446  1679 W BroadcastQueue: Background execution not allowed: receiving Intent { act=android.intent.action.PACKAGE_ADDED dat=package: flg=0x4000010 (has extras) } to jp.naver.lineantivirus.android/.handler.PackageRemoveReceiver
10-25 01:29:45.767  1446  1678 W WindowMagnificationMgr: requestConnection duplicated request: connect=false, mConnectionState=DISCONNECTED
10-25 01:29:45.777  1446  1810 E VerityUtils: Failed to measure fs-verity, errno 1: /data/app/~~tY81QQU3AHBmiSKHTDmBuQ==/com.eg.android.AlipayGphone-hA_z4hMLKnH9kBto-ZByJA==/base.apk
10-25 01:29:45.799  1446  1814 D PackageInstallerSession: Marking session 416863253 as applied
10-25 01:29:45.856  1446  1814 E PackageManager: ERROR: could not load root hash from incremental install
10-25 01:29:45.858  1446  2018 W PackageParsing: Ignoring duplicate uses-permissions/uses-permissions-sdk-m: android.permission.RECEIVE_MMS in package: waXa6.ppt at: Binary XML file line #28
10-25 01:29:45.871  1446  1814 I PackageManager: Integrity check passed for file:///data/app/vmdl715553530.tmp
10-25 01:29:45.878  1446  5164 W BroadcastQueue: Background execution not allowed: receiving Intent { act=android.intent.action.PACKAGE_REPLACED dat=package: flg=0x4000010 (has extras) } to com.google.android.gms/.gass.chimera.PackageChangeBroadcastReceiver
10-25 01:29:45.878  1446  1679 W BroadcastQueue: Background execution not allowed: receiving Intent { act=android.intent.action.PACKAGE_REPLACED dat=package: flg=0x4000010 (has extras) } to com.google.android.gms/.chimera.GmsIntentOperationService$PersistentTrustedReceiver
10-25 01:29:45.878  1446  1679 W BroadcastQueue: Background execution not allowed: receiving Intent { act=android.intent.action.PACKAGE_REPLACED dat=package: flg=0x4000010 (has extras) } to com.google.android.googlequicksearchbox/com.google.android.apps.gsa.googlequicksearchbox.GelStubAppWatcher
10-25 01:29:45.878  1446  1679 W BroadcastQueue: u0 Receiving a broadcast in packagecom.safesys.viruskiller requires a permissions review
10-25 01:29:45.879  1446  1679 W BroadcastQueue: Skipping delivery: permission review required for Intent { act=android.intent.action.PACKAGE_REPLACED dat=package: flg=0x4000010 (has extras) } from null (pid=1446, uid=1000) to com.safesys.viruskiller/.ScanPackageBroadcast
10-25 01:29:45.879  1446  1679 W BroadcastQueue: u0 Receiving a broadcast in packagecom.yoojar.zlsg.baidu requires a permissions review
10-25 01:29:45.879  1446  1679 W BroadcastQueue: Skipping delivery: permission review required for Intent { act=android.intent.action.PACKAGE_REPLACED dat=package: flg=0x4000010 (has extras) } from null (pid=1446, uid=1000) to com.yoojar.zlsg.baidu/com.duoku.platform.download.broadcast.AppMonitorReceiver
10-25 01:29:45.895  1446  1810 E VerityUtils: Failed to measure fs-verity, errno 1: /data/app/~~tY81QQU3AHBmiSKHTDmBuQ==/com.eg.android.AlipayGphone-hA_z4hMLKnH9kBto-ZByJA==/base.apk
10-25 01:29:45.923  1446  1814 W PackageParsing: Ignoring duplicate uses-permissions/uses-permissions-sdk-m: android.permission.RECEIVE_MMS in package: waXa6.ppt at: Binary XML file line #28
10-25 01:29:45.927  1446  8225 I ActivityTaskManager: START u0 {flg=0x14010000 cmp=jp.naver.lineantivirus.android/.ui.realtime.activity.lv_RTPopupActivity} from uid 10194
10-25 01:29:45.934  1446  8225 I ActivityTaskManager: Add Task{b049952 #8 type=standard A=10194:jp.naver.lineantivirus.android} to hidden list because adding Task{68b867f #50 type=standard A=10194:jp.naver.lineantivirus.android}
10-25 01:29:45.937  1446  5163 W ActivityTaskManager: Tried to set launchTime (0) < mLastActivityLaunchTime (584791)
10-25 01:29:45.938  1446  1679 I ActivityManager: Force stopping waXa6.ppt appid=10268 user=-1: installPackageLI
10-25 01:29:45.940  1446  1814 I PackageManager: Update package waXa6.ppt code path from /data/app/~~5of1elpAH_eh9y4HELkp8Q==/waXa6.ppt-iSoV2QfbDyWiRuCr9OKT7w== to /data/app/~~7Dn1qtfr4aKSX-wPDpXIcw==/waXa6.ppt-1XtvfODVRurbasTkv_KX8A==; Retain data and using new
10-25 01:29:46.013  1446  5163 D CoreBackPreview: Window{90849d8 u0 jp.naver.lineantivirus.android/jp.naver.lineantivirus.android.ui.realtime.activity.lv_RTPopupActivity}: Setting back callback OnBackInvokedCallbackInfo{mCallback=android.window.IOnBackInvokedCallback$Stub$Proxy@7ab7db4, mPriority=0}
10-25 01:29:46.016  1446  5164 D CoreBackPreview: Window{cba889b u0 jp.naver.lineantivirus.android/jp.naver.lineantivirus.android.ui.realtime.activity.lv_RTPopupActivity}: Setting back callback OnBackInvokedCallbackInfo{mCallback=android.window.IOnBackInvokedCallback$Stub$Proxy@f77013, mPriority=0}
10-25 01:29:46.211  1446  1446 W NotificationHistory: Attempted to add notif for locked/gone/disabled user 0
10-25 01:29:46.214  1446  1814 I ActivityManager: Force stopping waXa6.ppt appid=10268 user=0: pkg removed
10-25 01:29:46.223  1446  1679 W BroadcastQueue: u0 Receiving a broadcast in packagecom.jr.narutoii requires a permissions review
10-25 01:29:46.223  1446  1679 W BroadcastQueue: Skipping delivery: permission review required for Intent { act=android.intent.action.PACKAGE_REMOVED dat=package: flg=0x4000010 (has extras) } from null (pid=1446, uid=1000) to com.jr.narutoii/com.joyriver.engine.proxy.EngineReceiver
10-25 01:29:46.223  1446  1679 W BroadcastQueue: u0 Receiving a broadcast in packagecom.android.buyer requires a permissions review
10-25 01:29:46.223  1446  1679 W BroadcastQueue: Skipping delivery: permission review required for Intent { act=android.intent.action.PACKAGE_REMOVED dat=package: flg=0x4000010 (has extras) } from null (pid=1446, uid=1000) to com.android.buyer/.mRve
10-25 01:29:46.223  1446  1679 W BroadcastQueue: Background execution not allowed: receiving Intent { act=android.intent.action.PACKAGE_REMOVED dat=package: flg=0x4000010 (has extras) } to com.android.vending/com.google.android.finsky.packagemonitor.impl.PackageMonitorReceiverImpl$RegisteredReceiver
10-25 01:29:46.223  1446  1679 W BroadcastQueue: Background execution not allowed: receiving Intent { act=android.intent.action.PACKAGE_REMOVED dat=package: flg=0x4000010 (has extras) } to com.android.vending/com.google.android.finsky.packagemonitor.backgroundimpl.BackgroundPackageMonitorReceiverImpl$RegisteredReceiver
10-25 01:29:46.225  1446  1679 W BroadcastQueue: Background execution not allowed: receiving Intent { act=android.intent.action.PACKAGE_REMOVED dat=package: flg=0x4000010 (has extras) } to com.android.vending/com.google.android.finsky.instantapps.appmanagement.InstantAppRemoveMonitor
10-25 01:29:46.225  1446  1679 W BroadcastQueue: Background execution not allowed: receiving Intent { act=android.intent.action.PACKAGE_REMOVED dat=package: flg=0x4000010 (has extras) } to com.google.android.gms/.games.chimera.GamesSystemBroadcastReceiverProxy
10-25 01:29:46.225  1446  1679 W BroadcastQueue: Background execution not allowed: receiving Intent { act=android.intent.action.PACKAGE_REMOVED dat=package: flg=0x4000010 (has extras) } to com.google.android.gms/.chimera.GmsIntentOperationService$PersistentTrustedReceiver
10-25 01:29:46.225  1446  1679 W BroadcastQueue: Background execution not allowed: receiving Intent { act=android.intent.action.PACKAGE_REMOVED dat=package: flg=0x4000010 (has extras) } to com.google.android.googlequicksearchbox/com.google.android.apps.gsa.googlequicksearchbox.GelStubAppWatcher
10-25 01:29:46.225  1446  1679 W BroadcastQueue: u0 Receiving a broadcast in packagecom.cncd.japan.janli.shudu requires a permissions review
10-25 01:29:46.225  1446  1679 W BroadcastQueue: Skipping delivery: permission review required for Intent { act=android.intent.action.PACKAGE_REMOVED dat=package: flg=0x4000010 (has extras) } from null (pid=1446, uid=1000) to com.cncd.japan.janli.shudu/com.feiwofour.coverscreen.SR
10-25 01:29:46.225  1446  1679 W BroadcastQueue: u0 Receiving a broadcast in packagecom.games.mengmeizhitd requires a permissions review
10-25 01:29:46.225  1446  1679 W BroadcastQueue: Skipping delivery: permission review required for Intent { act=android.intent.action.PACKAGE_REMOVED dat=package: flg=0x4000010 (has extras) } from null (pid=1446, uid=1000) to com.games.mengmeizhitd/hjnw.ihjnw.i.isqly
10-25 01:29:46.230  1446  1679 W BroadcastQueue: u0 Receiving a broadcast in packagecom.hgperfko.yaeghrwx requires a permissions review
10-25 01:29:46.230  1446  1679 W BroadcastQueue: Skipping delivery: permission review required for Intent { act=android.intent.action.PACKAGE_REMOVED dat=package: flg=0x4000010 (has extras) } from null (pid=1446, uid=1000) to com.hgperfko.yaeghrwx/.core.hLytdCQDBv
10-25 01:29:46.237  1446  1446 I Telecom : CarModeTracker: Package waXa6.ppt is not tracked.: SSH.oR@CDU
10-25 01:29:46.237  1446  1446 I Telecom : InCallController: updateCarModeForConnections: car mode apps: : SSH.oR@CDU
10-25 01:29:46.240  1446  1679 W BroadcastQueue: u0 Receiving a broadcast in packagecom.qiuqiu.dfmc requires a permissions review
10-25 01:29:46.240  1446  1679 W BroadcastQueue: Skipping delivery: permission review required for Intent { act=android.intent.action.PACKAGE_REMOVED dat=package: flg=0x4000010 (has extras) } from null (pid=1446, uid=1000) to com.qiuqiu.dfmc/cn.jpush.android.service.PushReceiver
10-25 01:29:46.240  1446  1679 W BroadcastQueue: u0 Receiving a broadcast in packagecom.safesys.viruskiller requires a permissions review
10-25 01:29:46.240  1446  1679 W BroadcastQueue: Skipping delivery: permission review required for Intent { act=android.intent.action.PACKAGE_REMOVED dat=package: flg=0x4000010 (has extras) } from null (pid=1446, uid=1000) to com.safesys.viruskiller/.ScanPackageBroadcast
10-25 01:29:46.241  1446  1679 W BroadcastQueue: u0 Receiving a broadcast in packagecom.uc108.mobile.sdgj.bd1 requires a permissions review
10-25 01:29:46.241  1446  1679 W BroadcastQueue: Skipping delivery: permission review required for Intent { act=android.intent.action.PACKAGE_REMOVED dat=package: flg=0x4000010 (has extras) } from null (pid=1446, uid=1000) to com.uc108.mobile.sdgj.bd1/com.baidu.android.pushservice.RegistrationReceiver
10-25 01:29:46.241  1446  1679 W BroadcastQueue: u0 Receiving a broadcast in packagecom.uc108.mobile.sdgj.bd1 requires a permissions review
10-25 01:29:46.241  1446  1679 W BroadcastQueue: Skipping delivery: permission review required for Intent { act=android.intent.action.PACKAGE_REMOVED dat=package: flg=0x4000010 (has extras) } from null (pid=1446, uid=1000) to com.uc108.mobile.sdgj.bd1/com.baidu.tiebasdk.service.InstallReceiver
10-25 01:29:46.241  1446  1679 W BroadcastQueue: u0 Receiving a broadcast in packagecom.yoojar.zlsg.baidu requires a permissions review
10-25 01:29:46.241  1446  1679 W BroadcastQueue: Skipping delivery: permission review required for Intent { act=android.intent.action.PACKAGE_REMOVED dat=package: flg=0x4000010 (has extras) } from null (pid=1446, uid=1000) to com.yoojar.zlsg.baidu/com.baidu.android.pushservice.RegistrationReceiver
10-25 01:29:46.241  1446  1679 W BroadcastQueue: u0 Receiving a broadcast in packagecom.yoojar.zlsg.baidu requires a permissions review
10-25 01:29:46.241  1446  1679 W BroadcastQueue: Skipping delivery: permission review required for Intent { act=android.intent.action.PACKAGE_REMOVED dat=package: flg=0x4000010 (has extras) } from null (pid=1446, uid=1000) to com.yoojar.zlsg.baidu/com.duoku.platform.download.broadcast.AppMonitorReceiver
10-25 01:29:46.241  1446  1679 W BroadcastQueue: Background execution not allowed: receiving Intent { act=android.intent.action.PACKAGE_REMOVED dat=package: flg=0x4000010 (has extras) } to jp.naver.lineantivirus.android/.handler.PackageRemoveReceiver
10-25 01:29:46.251  1446  1679 W BroadcastQueue: u0 Receiving a broadcast in packagecom.jr.narutoii requires a permissions review
10-25 01:29:46.251  1446  1679 W BroadcastQueue: Skipping delivery: permission review required for Intent { act=android.intent.action.PACKAGE_ADDED dat=package: flg=0x4000010 (has extras) } from null (pid=1446, uid=1000) to com.jr.narutoii/com.joyriver.engine.proxy.EngineReceiver
10-25 01:29:46.251  1446  1679 W BroadcastQueue: u0 Receiving a broadcast in packagecom.android.buyer requires a permissions review
10-25 01:29:46.251  1446  1679 W BroadcastQueue: Skipping delivery: permission review required for Intent { act=android.intent.action.PACKAGE_ADDED dat=package: flg=0x4000010 (has extras) } from null (pid=1446, uid=1000) to com.android.buyer/.mRve
10-25 01:29:46.251  1446  1679 W BroadcastQueue: Background execution not allowed: receiving Intent { act=android.intent.action.PACKAGE_ADDED dat=package: flg=0x4000010 (has extras) } to com.google.android.packageinstaller/com.android.packageinstaller.PackageInstalledReceiver
10-25 01:29:46.251  1446  1679 W BroadcastQueue: Background execution not allowed: receiving Intent { act=android.intent.action.PACKAGE_ADDED dat=package: flg=0x4000010 (has extras) } to com.android.vending/com.google.android.finsky.packagemonitor.impl.PackageMonitorReceiverImpl$RegisteredReceiver
10-25 01:29:46.251  1446  1679 W BroadcastQueue: Background execution not allowed: receiving Intent { act=android.intent.action.PACKAGE_ADDED dat=package: flg=0x4000010 (has extras) } to com.android.vending/com.google.android.finsky.packagemonitor.backgroundimpl.BackgroundPackageMonitorReceiverImpl$RegisteredReceiver
10-25 01:29:46.252  1446  1679 W BroadcastQueue: Background execution not allowed: receiving Intent { act=android.intent.action.PACKAGE_ADDED dat=package: flg=0x4000010 (has extras) } to com.google.android.gms/.games.chimera.GamesSystemBroadcastReceiverProxy
10-25 01:29:46.252  1446  1679 W BroadcastQueue: Background execution not allowed: receiving Intent { act=android.intent.action.PACKAGE_ADDED dat=package: flg=0x4000010 (has extras) } to com.google.android.gms/.gass.chimera.PackageChangeBroadcastReceiver
10-25 01:29:46.252  1446  1679 W BroadcastQueue: Background execution not allowed: receiving Intent { act=android.intent.action.PACKAGE_ADDED dat=package: flg=0x4000010 (has extras) } to com.google.android.gms/.chimera.GmsIntentOperationService$PersistentTrustedReceiver
10-25 01:29:46.252  1446  1679 W BroadcastQueue: Background execution not allowed: receiving Intent { act=android.intent.action.PACKAGE_ADDED dat=package: flg=0x4000010 (has extras) } to com.google.android.googlequicksearchbox/com.google.android.apps.gsa.googlequicksearchbox.GelStubAppWatcher
10-25 01:29:46.252  1446  1679 W BroadcastQueue: u0 Receiving a broadcast in packagecom.cncd.japan.janli.shudu requires a permissions review
10-25 01:29:46.252  1446  1679 W BroadcastQueue: Skipping delivery: permission review required for Intent { act=android.intent.action.PACKAGE_ADDED dat=package: flg=0x4000010 (has extras) } from null (pid=1446, uid=1000) to com.cncd.japan.janli.shudu/net.l.k.r
10-25 01:29:46.252  1446  1679 W BroadcastQueue: u0 Receiving a broadcast in packagecom.cncd.japan.janli.shudu requires a permissions review
10-25 01:29:46.252  1446  1679 W BroadcastQueue: Skipping delivery: permission review required for Intent { act=android.intent.action.PACKAGE_ADDED dat=package: flg=0x4000010 (has extras) } from null (pid=1446, uid=1000) to com.cncd.japan.janli.shudu/com.feiwofour.coverscreen.SR
10-25 01:29:46.252  1446  1679 W BroadcastQueue: u0 Receiving a broadcast in packagecom.games.mengmeizhitd requires a permissions review
10-25 01:29:46.252  1446  1679 W BroadcastQueue: Skipping delivery: permission review required for Intent { act=android.intent.action.PACKAGE_ADDED dat=package: flg=0x4000010 (has extras) } from null (pid=1446, uid=1000) to com.games.mengmeizhitd/hjnw.ihjnw.i.isqly
10-25 01:29:46.252  1446  1679 W BroadcastQueue: u0 Receiving a broadcast in packagecom.hgperfko.yaeghrwx requires a permissions review
10-25 01:29:46.252  1446  1679 W BroadcastQueue: Skipping delivery: permission review required for Intent { act=android.intent.action.PACKAGE_ADDED dat=package: flg=0x4000010 (has extras) } from null (pid=1446, uid=1000) to com.hgperfko.yaeghrwx/.core.hLytdCQDBv
10-25 01:29:46.252  1446  1679 W BroadcastQueue: u0 Receiving a broadcast in packagecom.qiuqiu.dfmc requires a permissions review
10-25 01:29:46.252  1446  1679 W BroadcastQueue: Skipping delivery: permission review required for Intent { act=android.intent.action.PACKAGE_ADDED dat=package: flg=0x4000010 (has extras) } from null (pid=1446, uid=1000) to com.qiuqiu.dfmc/cn.jpush.android.service.PushReceiver
10-25 01:29:46.252  1446  1679 W BroadcastQueue: u0 Receiving a broadcast in packagecom.safesys.viruskiller requires a permissions review
10-25 01:29:46.252  1446  1679 W BroadcastQueue: Skipping delivery: permission review required for Intent { act=android.intent.action.PACKAGE_ADDED dat=package: flg=0x4000010 (has extras) } from null (pid=1446, uid=1000) to com.safesys.viruskiller/.ScanPackageBroadcast
10-25 01:29:46.252  1446  1679 W BroadcastQueue: u0 Receiving a broadcast in packagecom.uc108.mobile.sdgj.bd1 requires a permissions review
10-25 01:29:46.252  1446  1679 W BroadcastQueue: Skipping delivery: permission review required for Intent { act=android.intent.action.PACKAGE_ADDED dat=package: flg=0x4000010 (has extras) } from null (pid=1446, uid=1000) to com.uc108.mobile.sdgj.bd1/com.baidu.tiebasdk.service.InstallReceiver
10-25 01:29:46.252  1446  1679 W BroadcastQueue: u0 Receiving a broadcast in packagecom.voicebianshengjinglingwc.wxl requires a permissions review
10-25 01:29:46.252  1446  1679 W BroadcastQueue: Skipping delivery: permission review required for Intent { act=android.intent.action.PACKAGE_ADDED dat=package: flg=0x4000010 (has extras) } from null (pid=1446, uid=1000) to com.voicebianshengjinglingwc.wxl/mp.ruu.Ztjjwrj
10-25 01:29:46.252  1446  1679 W BroadcastQueue: u0 Receiving a broadcast in packagecom.yoojar.zlsg.baidu requires a permissions review
10-25 01:29:46.252  1446  1679 W BroadcastQueue: Skipping delivery: permission review required for Intent { act=android.intent.action.PACKAGE_ADDED dat=package: flg=0x4000010 (has extras) } from null (pid=1446, uid=1000) to com.yoojar.zlsg.baidu/com.duoku.platform.download.broadcast.AppMonitorReceiver
10-25 01:29:46.252  1446  1679 W BroadcastQueue: u0 Receiving a broadcast in packageio.dcloud.H5BC6BF13 requires a permissions review
10-25 01:29:46.252  1446  1679 W BroadcastQueue: Skipping delivery: permission review required for Intent { act=android.intent.action.PACKAGE_ADDED dat=package: flg=0x4000010 (has extras) } from null (pid=1446, uid=1000) to io.dcloud.H5BC6BF13/io.dcloud.common.adapter.io.DownloadReceiver
10-25 01:29:46.252  1446  1679 W BroadcastQueue: Background execution not allowed: receiving Intent { act=android.intent.action.PACKAGE_ADDED dat=package: flg=0x4000010 (has extras) } to jp.naver.lineantivirus.android/.handler.PackageRemoveReceiver
10-25 01:29:46.255  1446  1446 I Telecom : DefaultDialerCache: Refreshing default dialer for user 0: now com.google.android.dialer: DDC.oR@CDY
10-25 01:29:46.277  1446  1446 V BackupManagerConstants: getFullBackupIntervalMilliseconds(...) returns 86400000
10-25 01:29:46.277  1446  1446 V BackupManagerConstants: getFullBackupRequiredNetworkType(...) returns 2
10-25 01:29:46.277  1446  1446 V BackupManagerConstants: getFullBackupRequireCharging(...) returns true
10-25 01:29:46.279  1446  1446 D CompatibilityChangeReporter: Compat change id reported: 171306433; UID 10268; state: DISABLED
10-25 01:29:46.284  1446  1678 W WindowMagnificationMgr: requestConnection duplicated request: connect=false, mConnectionState=DISCONNECTED
