10-25 01:29:40.504  1446  1814 W PackageParsing: Ignoring duplicate uses-permissions/uses-permissions-sdk-m: android.permission.ACCESS_WIFI_STATE in package: com.vbdcf54.d2b25 at: Binary XML file line #51
10-25 01:29:40.504  1446  1814 W PackageParsing: Ignoring duplicate uses-permissions/uses-permissions-sdk-m: android.permission.READ_PHONE_STATE in package: com.vbdcf54.d2b25 at: Binary XML file line #52
10-25 01:29:40.504  1446  1814 W PackageParsing: Ignoring duplicate uses-permissions/uses-permissions-sdk-m: android.permission.WRITE_EXTERNAL_STORAGE in package: com.vbdcf54.d2b25 at: Binary XML file line #53
10-25 01:29:40.504  1446  1814 W PackageParsing: Ignoring duplicate uses-permissions/uses-permissions-sdk-m: android.permission.READ_PHONE_STATE in package: com.vbdcf54.d2b25 at: Binary XML file line #56
10-25 01:29:40.504  1446  1814 W PackageParsing: Ignoring duplicate uses-permissions/uses-permissions-sdk-m: android.permission.INTERNET in package: com.vbdcf54.d2b25 at: Binary XML file line #57
10-25 01:29:40.504  1446  1814 W PackageParsing: Ignoring duplicate uses-permissions/uses-permissions-sdk-m: android.permission.ACCESS_NETWORK_STATE in package: com.vbdcf54.d2b25 at: Binary XML file line #58
10-25 01:29:40.504  1446  1814 W PackageParsing: Ignoring duplicate uses-permissions/uses-permissions-sdk-m: android.permission.WRITE_EXTERNAL_STORAGE in package: com.vbdcf54.d2b25 at: Binary XML file line #59
10-25 01:29:40.504  1446  1814 W PackageParsing: Ignoring duplicate uses-permissions/uses-permissions-sdk-m: android.permission.GET_TASKS in package: com.vbdcf54.d2b25 at: Binary XML file line #61
10-25 01:29:40.520  1446  1679 I ActivityManager: Force stopping com.vbdcf54.d2b25 appid=10261 user=-1: installPackageLI
10-25 01:29:40.521  1446  1814 I PackageManager: Update package com.vbdcf54.d2b25 code path from /data/app/~~o1jU8ttfud6PObNCt54XcQ==/com.vbdcf54.d2b25-raNFfwDqLGi2UBMH9qvZsg== to /data/app/~~hkT5ES7bQZXMnq19IH5dAQ==/com.vbdcf54.d2b25-Xa3xm28wsNBi8mi046R1uw==; Retain data and using new
10-25 01:29:40.529  1446  1814 I PackageManager: Permission ownership changed. Updating all permissions.
10-25 01:29:40.811  1446  1814 I ActivityManager: Force stopping com.vbdcf54.d2b25 appid=10261 user=0: pkg removed
10-25 01:29:40.819  1446  1679 W BroadcastQueue: u0 Receiving a broadcast in packagecom.jr.narutoii requires a permissions review
10-25 01:29:40.819  1446  1679 W BroadcastQueue: Skipping delivery: permission review required for Intent { act=android.intent.action.PACKAGE_REMOVED dat=package: flg=0x4000010 (has extras) } from null (pid=1446, uid=1000) to com.jr.narutoii/com.joyriver.engine.proxy.EngineReceiver
10-25 01:29:40.819  1446  1679 W BroadcastQueue: u0 Receiving a broadcast in packagecom.android.buyer requires a permissions review
10-25 01:29:40.819  1446  1679 W BroadcastQueue: Skipping delivery: permission review required for Intent { act=android.intent.action.PACKAGE_REMOVED dat=package: flg=0x4000010 (has extras) } from null (pid=1446, uid=1000) to com.android.buyer/.mRve
10-25 01:29:40.819  1446  1679 W BroadcastQueue: Background execution not allowed: receiving Intent { act=android.intent.action.PACKAGE_REMOVED dat=package: flg=0x4000010 (has extras) } to com.android.vending/com.google.android.finsky.packagemonitor.impl.PackageMonitorReceiverImpl$RegisteredReceiver
10-25 01:29:40.819  1446  1679 W BroadcastQueue: Background execution not allowed: receiving Intent { act=android.intent.action.PACKAGE_REMOVED dat=package: flg=0x4000010 (has extras) } to com.android.vending/com.google.android.finsky.packagemonitor.backgroundimpl.BackgroundPackageMonitorReceiverImpl$RegisteredReceiver
10-25 01:29:40.819  1446  1679 W BroadcastQueue: Background execution not allowed: receiving Intent { act=android.intent.action.PACKAGE_REMOVED dat=package: flg=0x4000010 (has extras) } to com.android.vending/com.google.android.finsky.instantapps.appmanagement.InstantAppRemoveMonitor
10-25 01:29:40.820  1446  1679 W BroadcastQueue: Background execution not allowed: receiving Intent { act=android.intent.action.PACKAGE_REMOVED dat=package: flg=0x4000010 (has extras) } to com.google.android.gms/.games.chimera.GamesSystemBroadcastReceiverProxy
10-25 01:29:40.820  1446  1679 W BroadcastQueue: Background execution not allowed: receiving Intent { act=android.intent.action.PACKAGE_REMOVED dat=package: flg=0x4000010 (has extras) } to com.google.android.gms/.chimera.GmsIntentOperationService$PersistentTrustedReceiver
10-25 01:29:40.820  1446  1679 W BroadcastQueue: Background execution not allowed: receiving Intent { act=android.intent.action.PACKAGE_REMOVED dat=package: flg=0x4000010 (has extras) } to com.google.android.googlequicksearchbox/com.google.android.apps.gsa.googlequicksearchbox.GelStubAppWatcher
10-25 01:29:40.820  1446  1679 W BroadcastQueue: u0 Receiving a broadcast in packagecom.cncd.japan.janli.shudu requires a permissions review
10-25 01:29:40.820  1446  1679 W BroadcastQueue: Skipping delivery: permission review required for Intent { act=android.intent.action.PACKAGE_REMOVED dat=package: flg=0x4000010 (has extras) } from null (pid=1446, uid=1000) to com.cncd.japan.janli.shudu/com.feiwofour.coverscreen.SR
10-25 01:29:40.820  1446  1679 W BroadcastQueue: u0 Receiving a broadcast in packagecom.games.mengmeizhitd requires a permissions review
10-25 01:29:40.820  1446  1679 W BroadcastQueue: Skipping delivery: permission review required for Intent { act=android.intent.action.PACKAGE_REMOVED dat=package: flg=0x4000010 (has extras) } from null (pid=1446, uid=1000) to com.games.mengmeizhitd/hjnw.ihjnw.i.isqly
10-25 01:29:40.835  1446  1446 I Telecom : CarModeTracker: Package com.vbdcf54.d2b25 is not tracked.: SSH.oR@B9w
10-25 01:29:40.835  1446  1446 I Telecom : InCallController: updateCarModeForConnections: car mode apps: : SSH.oR@B9w
10-25 01:29:40.862  1446  1679 W BroadcastQueue: u0 Receiving a broadcast in packagecom.hgperfko.yaeghrwx requires a permissions review
10-25 01:29:40.862  1446  1679 W BroadcastQueue: Skipping delivery: permission review required for Intent { act=android.intent.action.PACKAGE_REMOVED dat=package: flg=0x4000010 (has extras) } from null (pid=1446, uid=1000) to com.hgperfko.yaeghrwx/.core.hLytdCQDBv
10-25 01:29:40.880  1446  1446 I Telecom : DefaultDialerCache: Refreshing default dialer for user 0: now com.google.android.dialer: DDC.oR@B90
10-25 01:29:40.885  1446  1446 V BackupManagerConstants: getFullBackupIntervalMilliseconds(...) returns 86400000
10-25 01:29:40.885  1446  1446 V BackupManagerConstants: getFullBackupRequiredNetworkType(...) returns 2
10-25 01:29:40.885  1446  1446 V BackupManagerConstants: getFullBackupRequireCharging(...) returns true
10-25 01:29:40.889  1446  1678 W WindowMagnificationMgr: requestConnection duplicated request: connect=false, mConnectionState=DISCONNECTED
10-25 01:29:40.897  1446  1446 D CompatibilityChangeReporter: Compat change id reported: 171306433; UID 10261; state: DISABLED
10-25 01:29:40.899  1446  1679 W BroadcastQueue: u0 Receiving a broadcast in packagecom.qiuqiu.dfmc requires a permissions review
10-25 01:29:40.899  1446  1679 W BroadcastQueue: Skipping delivery: permission review required for Intent { act=android.intent.action.PACKAGE_REMOVED dat=package: flg=0x4000010 (has extras) } from null (pid=1446, uid=1000) to com.qiuqiu.dfmc/cn.jpush.android.service.PushReceiver
10-25 01:29:40.899  1446  1679 W BroadcastQueue: u0 Receiving a broadcast in packagecom.safesys.viruskiller requires a permissions review
10-25 01:29:40.899  1446  1679 W BroadcastQueue: Skipping delivery: permission review required for Intent { act=android.intent.action.PACKAGE_REMOVED dat=package: flg=0x4000010 (has extras) } from null (pid=1446, uid=1000) to com.safesys.viruskiller/.ScanPackageBroadcast
10-25 01:29:40.899  1446  1679 W BroadcastQueue: u0 Receiving a broadcast in packagecom.uc108.mobile.sdgj.bd1 requires a permissions review
10-25 01:29:40.900  1446  1679 W BroadcastQueue: Skipping delivery: permission review required for Intent { act=android.intent.action.PACKAGE_REMOVED dat=package: flg=0x4000010 (has extras) } from null (pid=1446, uid=1000) to com.uc108.mobile.sdgj.bd1/com.baidu.android.pushservice.RegistrationReceiver
10-25 01:29:40.900  1446  1679 W BroadcastQueue: u0 Receiving a broadcast in packagecom.uc108.mobile.sdgj.bd1 requires a permissions review
10-25 01:29:40.900  1446  1679 W BroadcastQueue: Skipping delivery: permission review required for Intent { act=android.intent.action.PACKAGE_REMOVED dat=package: flg=0x4000010 (has extras) } from null (pid=1446, uid=1000) to com.uc108.mobile.sdgj.bd1/com.baidu.tiebasdk.service.InstallReceiver
10-25 01:29:40.901  1446  1679 W BroadcastQueue: u0 Receiving a broadcast in packagecom.yoojar.zlsg.baidu requires a permissions review
10-25 01:29:40.901  1446  1679 W BroadcastQueue: Skipping delivery: permission review required for Intent { act=android.intent.action.PACKAGE_REMOVED dat=package: flg=0x4000010 (has extras) } from null (pid=1446, uid=1000) to com.yoojar.zlsg.baidu/com.baidu.android.pushservice.RegistrationReceiver
10-25 01:29:40.901  1446  1679 W BroadcastQueue: u0 Receiving a broadcast in packagecom.yoojar.zlsg.baidu requires a permissions review
10-25 01:29:40.901  1446  1679 W BroadcastQueue: Skipping delivery: permission review required for Intent { act=android.intent.action.PACKAGE_REMOVED dat=package: flg=0x4000010 (has extras) } from null (pid=1446, uid=1000) to com.yoojar.zlsg.baidu/com.duoku.platform.download.broadcast.AppMonitorReceiver
10-25 01:29:40.901  1446  1679 W BroadcastQueue: Background execution not allowed: receiving Intent { act=android.intent.action.PACKAGE_REMOVED dat=package: flg=0x4000010 (has extras) } to jp.naver.lineantivirus.android/.handler.PackageRemoveReceiver
10-25 01:29:40.905  1446  1678 W WindowMagnificationMgr: requestConnection duplicated request: connect=false, mConnectionState=DISCONNECTED
10-25 01:29:40.912  1446  1814 D PackageInstallerSession: Marking session 894594916 as applied
10-25 01:29:40.918  1446  9521 W BroadcastQueue: u0 Receiving a broadcast in packagecom.jr.narutoii requires a permissions review
10-25 01:29:40.918  1446  9521 W BroadcastQueue: Skipping delivery: permission review required for Intent { act=android.intent.action.PACKAGE_ADDED dat=package: flg=0x4000010 (has extras) } from null (pid=1446, uid=1000) to com.jr.narutoii/com.joyriver.engine.proxy.EngineReceiver
10-25 01:29:40.932  1446  1679 W BroadcastQueue: u0 Receiving a broadcast in packagecom.android.buyer requires a permissions review
10-25 01:29:40.932  1446  1679 W BroadcastQueue: Skipping delivery: permission review required for Intent { act=android.intent.action.PACKAGE_ADDED dat=package: flg=0x4000010 (has extras) } from null (pid=1446, uid=1000) to com.android.buyer/.mRve
10-25 01:29:40.932  1446  1679 W BroadcastQueue: Background execution not allowed: receiving Intent { act=android.intent.action.PACKAGE_ADDED dat=package: flg=0x4000010 (has extras) } to com.google.android.packageinstaller/com.android.packageinstaller.PackageInstalledReceiver
10-25 01:29:40.932  1446  1679 W BroadcastQueue: Background execution not allowed: receiving Intent { act=android.intent.action.PACKAGE_ADDED dat=package: flg=0x4000010 (has extras) } to com.android.vending/com.google.android.finsky.packagemonitor.impl.PackageMonitorReceiverImpl$RegisteredReceiver
10-25 01:29:40.932  1446  1679 W BroadcastQueue: Background execution not allowed: receiving Intent { act=android.intent.action.PACKAGE_ADDED dat=package: flg=0x4000010 (has extras) } to com.android.vending/com.google.android.finsky.packagemonitor.backgroundimpl.BackgroundPackageMonitorReceiverImpl$RegisteredReceiver
10-25 01:29:40.932  1446  1679 W BroadcastQueue: Background execution not allowed: receiving Intent { act=android.intent.action.PACKAGE_ADDED dat=package: flg=0x4000010 (has extras) } to com.google.android.gms/.games.chimera.GamesSystemBroadcastReceiverProxy
10-25 01:29:40.932  1446  1679 W BroadcastQueue: Background execution not allowed: receiving Intent { act=android.intent.action.PACKAGE_ADDED dat=package: flg=0x4000010 (has extras) } to com.google.android.gms/.gass.chimera.PackageChangeBroadcastReceiver
10-25 01:29:40.932  1446  1679 W BroadcastQueue: Background execution not allowed: receiving Intent { act=android.intent.action.PACKAGE_ADDED dat=package: flg=0x4000010 (has extras) } to com.google.android.gms/.chimera.GmsIntentOperationService$PersistentTrustedReceiver
10-25 01:29:40.937  1446  1679 W BroadcastQueue: Background execution not allowed: receiving Intent { act=android.intent.action.PACKAGE_ADDED dat=package: flg=0x4000010 (has extras) } to com.google.android.googlequicksearchbox/com.google.android.apps.gsa.googlequicksearchbox.GelStubAppWatcher
10-25 01:29:40.941  1446  1679 W BroadcastQueue: u0 Receiving a broadcast in packagecom.cncd.japan.janli.shudu requires a permissions review
10-25 01:29:40.941  1446  1679 W BroadcastQueue: Skipping delivery: permission review required for Intent { act=android.intent.action.PACKAGE_ADDED dat=package: flg=0x4000010 (has extras) } from null (pid=1446, uid=1000) to com.cncd.japan.janli.shudu/net.l.k.r
10-25 01:29:40.941  1446  1679 W BroadcastQueue: u0 Receiving a broadcast in packagecom.cncd.japan.janli.shudu requires a permissions review
10-25 01:29:40.941  1446  1679 W BroadcastQueue: Skipping delivery: permission review required for Intent { act=android.intent.action.PACKAGE_ADDED dat=package: flg=0x4000010 (has extras) } from null (pid=1446, uid=1000) to com.cncd.japan.janli.shudu/com.feiwofour.coverscreen.SR
10-25 01:29:40.941  1446  1679 W BroadcastQueue: u0 Receiving a broadcast in packagecom.games.mengmeizhitd requires a permissions review
10-25 01:29:40.941  1446  1679 W BroadcastQueue: Skipping delivery: permission review required for Intent { act=android.intent.action.PACKAGE_ADDED dat=package: flg=0x4000010 (has extras) } from null (pid=1446, uid=1000) to com.games.mengmeizhitd/hjnw.ihjnw.i.isqly
10-25 01:29:40.941  1446  1679 W BroadcastQueue: u0 Receiving a broadcast in packagecom.hgperfko.yaeghrwx requires a permissions review
10-25 01:29:40.941  1446  1679 W BroadcastQueue: Skipping delivery: permission review required for Intent { act=android.intent.action.PACKAGE_ADDED dat=package: flg=0x4000010 (has extras) } from null (pid=1446, uid=1000) to com.hgperfko.yaeghrwx/.core.hLytdCQDBv
10-25 01:29:40.941  1446  1679 W BroadcastQueue: u0 Receiving a broadcast in packagecom.qiuqiu.dfmc requires a permissions review
10-25 01:29:40.941  1446  1679 W BroadcastQueue: Skipping delivery: permission review required for Intent { act=android.intent.action.PACKAGE_ADDED dat=package: flg=0x4000010 (has extras) } from null (pid=1446, uid=1000) to com.qiuqiu.dfmc/cn.jpush.android.service.PushReceiver
10-25 01:29:40.941  1446  1679 W BroadcastQueue: u0 Receiving a broadcast in packagecom.safesys.viruskiller requires a permissions review
10-25 01:29:40.941  1446  1679 W BroadcastQueue: Skipping delivery: permission review required for Intent { act=android.intent.action.PACKAGE_ADDED dat=package: flg=0x4000010 (has extras) } from null (pid=1446, uid=1000) to com.safesys.viruskiller/.ScanPackageBroadcast
10-25 01:29:40.941  1446  1679 W BroadcastQueue: u0 Receiving a broadcast in packagecom.uc108.mobile.sdgj.bd1 requires a permissions review
10-25 01:29:40.941  1446  1679 W BroadcastQueue: Skipping delivery: permission review required for Intent { act=android.intent.action.PACKAGE_ADDED dat=package: flg=0x4000010 (has extras) } from null (pid=1446, uid=1000) to com.uc108.mobile.sdgj.bd1/com.baidu.tiebasdk.service.InstallReceiver
10-25 01:29:40.941  1446  1679 W BroadcastQueue: u0 Receiving a broadcast in packagecom.voicebianshengjinglingwc.wxl requires a permissions review
10-25 01:29:40.941  1446  1679 W BroadcastQueue: Skipping delivery: permission review required for Intent { act=android.intent.action.PACKAGE_ADDED dat=package: flg=0x4000010 (has extras) } from null (pid=1446, uid=1000) to com.voicebianshengjinglingwc.wxl/mp.ruu.Ztjjwrj
10-25 01:29:40.941  1446  1679 W BroadcastQueue: u0 Receiving a broadcast in packagecom.yoojar.zlsg.baidu requires a permissions review
10-25 01:29:40.941  1446  1679 W BroadcastQueue: Skipping delivery: permission review required for Intent { act=android.intent.action.PACKAGE_ADDED dat=package: flg=0x4000010 (has extras) } from null (pid=1446, uid=1000) to com.yoojar.zlsg.baidu/com.duoku.platform.download.broadcast.AppMonitorReceiver
10-25 01:29:40.941  1446  1679 W BroadcastQueue: u0 Receiving a broadcast in packageio.dcloud.H5BC6BF13 requires a permissions review
10-25 01:29:40.941  1446  1679 W BroadcastQueue: Skipping delivery: permission review required for Intent { act=android.intent.action.PACKAGE_ADDED dat=package: flg=0x4000010 (has extras) } from null (pid=1446, uid=1000) to io.dcloud.H5BC6BF13/io.dcloud.common.adapter.io.DownloadReceiver
10-25 01:29:40.941  1446  1679 W BroadcastQueue: Background execution not allowed: receiving Intent { act=android.intent.action.PACKAGE_ADDED dat=package: flg=0x4000010 (has extras) } to jp.naver.lineantivirus.android/.handler.PackageRemoveReceiver
10-25 01:29:40.994  1446  1810 E VerityUtils: Failed to measure fs-verity, errno 1: /data/app/~~hkT5ES7bQZXMnq19IH5dAQ==/com.vbdcf54.d2b25-Xa3xm28wsNBi8mi046R1uw==/base.apk
10-25 01:29:41.032  1446  5478 W BroadcastQueue: Background execution not allowed: receiving Intent { act=android.intent.action.PACKAGE_REPLACED dat=package: flg=0x4000010 (has extras) } to com.google.android.gms/.gass.chimera.PackageChangeBroadcastReceiver
10-25 01:29:41.033  1446  1679 W BroadcastQueue: Background execution not allowed: receiving Intent { act=android.intent.action.PACKAGE_REPLACED dat=package: flg=0x4000010 (has extras) } to com.google.android.gms/.chimera.GmsIntentOperationService$PersistentTrustedReceiver
10-25 01:29:41.033  1446  1679 W BroadcastQueue: Background execution not allowed: receiving Intent { act=android.intent.action.PACKAGE_REPLACED dat=package: flg=0x4000010 (has extras) } to com.google.android.googlequicksearchbox/com.google.android.apps.gsa.googlequicksearchbox.GelStubAppWatcher
10-25 01:29:41.033  1446  1679 W BroadcastQueue: u0 Receiving a broadcast in packagecom.safesys.viruskiller requires a permissions review
10-25 01:29:41.033  1446  1679 W BroadcastQueue: Skipping delivery: permission review required for Intent { act=android.intent.action.PACKAGE_REPLACED dat=package: flg=0x4000010 (has extras) } from null (pid=1446, uid=1000) to com.safesys.viruskiller/.ScanPackageBroadcast
10-25 01:29:41.033  1446  1679 W BroadcastQueue: u0 Receiving a broadcast in packagecom.yoojar.zlsg.baidu requires a permissions review
10-25 01:29:41.033  1446  1679 W BroadcastQueue: Skipping delivery: permission review required for Intent { act=android.intent.action.PACKAGE_REPLACED dat=package: flg=0x4000010 (has extras) } from null (pid=1446, uid=1000) to com.yoojar.zlsg.baidu/com.duoku.platform.download.broadcast.AppMonitorReceiver
10-25 01:29:41.038  1446  1810 E VerityUtils: Failed to measure fs-verity, errno 1: /data/app/~~hkT5ES7bQZXMnq19IH5dAQ==/com.vbdcf54.d2b25-Xa3xm28wsNBi8mi046R1uw==/base.apk
10-25 01:29:41.381  1446  1814 E PackageManager: ERROR: could not load root hash from incremental install
10-25 01:29:41.405  1446  1814 I PackageManager: Integrity check passed for file:///data/app/vmdl1437828084.tmp
10-25 01:29:41.424  1446  1679 I ActivityManager: Force stopping cn.inssgame.paokugame appid=10262 user=-1: installPackageLI
10-25 01:29:41.427  1446  1814 I PackageManager: Update package cn.inssgame.paokugame code path from /data/app/~~WGenW3T9A8cjiCjsBVqsPg==/cn.inssgame.paokugame-ZnFN6OGu-c3SWZd8JF9VZw== to /data/app/~~SRjN97tKh9X22EfjC4KKhQ==/cn.inssgame.paokugame-mMCU3m8OhUCND5Hlkv55lQ==; Retain data and using new
10-25 01:29:41.637  1446  1814 I ActivityManager: Force stopping cn.inssgame.paokugame appid=10262 user=0: pkg removed
10-25 01:29:41.659  1446  1679 W BroadcastQueue: u0 Receiving a broadcast in packagecom.jr.narutoii requires a permissions review
10-25 01:29:41.659  1446  1679 W BroadcastQueue: Skipping delivery: permission review required for Intent { act=android.intent.action.PACKAGE_REMOVED dat=package: flg=0x4000010 (has extras) } from null (pid=1446, uid=1000) to com.jr.narutoii/com.joyriver.engine.proxy.EngineReceiver
10-25 01:29:41.659  1446  1679 W BroadcastQueue: u0 Receiving a broadcast in packagecom.android.buyer requires a permissions review
10-25 01:29:41.659  1446  1679 W BroadcastQueue: Skipping delivery: permission review required for Intent { act=android.intent.action.PACKAGE_REMOVED dat=package: flg=0x4000010 (has extras) } from null (pid=1446, uid=1000) to com.android.buyer/.mRve
10-25 01:29:41.659  1446  1679 W BroadcastQueue: Background execution not allowed: receiving Intent { act=android.intent.action.PACKAGE_REMOVED dat=package: flg=0x4000010 (has extras) } to com.android.vending/com.google.android.finsky.packagemonitor.impl.PackageMonitorReceiverImpl$RegisteredReceiver
10-25 01:29:41.659  1446  1679 W BroadcastQueue: Background execution not allowed: receiving Intent { act=android.intent.action.PACKAGE_REMOVED dat=package: flg=0x4000010 (has extras) } to com.android.vending/com.google.android.finsky.packagemonitor.backgroundimpl.BackgroundPackageMonitorReceiverImpl$RegisteredReceiver
10-25 01:29:41.659  1446  1679 W BroadcastQueue: Background execution not allowed: receiving Intent { act=android.intent.action.PACKAGE_REMOVED dat=package: flg=0x4000010 (has extras) } to com.android.vending/com.google.android.finsky.instantapps.appmanagement.InstantAppRemoveMonitor
10-25 01:29:41.659  1446  1679 W BroadcastQueue: Background execution not allowed: receiving Intent { act=android.intent.action.PACKAGE_REMOVED dat=package: flg=0x4000010 (has extras) } to com.google.android.gms/.games.chimera.GamesSystemBroadcastReceiverProxy
10-25 01:29:41.659  1446  1679 W BroadcastQueue: Background execution not allowed: receiving Intent { act=android.intent.action.PACKAGE_REMOVED dat=package: flg=0x4000010 (has extras) } to com.google.android.gms/.chimera.GmsIntentOperationService$PersistentTrustedReceiver
10-25 01:29:41.665  1446  1446 I Telecom : CarModeTracker: Package cn.inssgame.paokugame is not tracked.: SSH.oR@B+k
10-25 01:29:41.665  1446  1446 I Telecom : InCallController: updateCarModeForConnections: car mode apps: : SSH.oR@B+k
10-25 01:29:41.667  1446  1679 W BroadcastQueue: Background execution not allowed: receiving Intent { act=android.intent.action.PACKAGE_REMOVED dat=package: flg=0x4000010 (has extras) } to com.google.android.googlequicksearchbox/com.google.android.apps.gsa.googlequicksearchbox.GelStubAppWatcher
10-25 01:29:41.671  1446  1679 W BroadcastQueue: u0 Receiving a broadcast in packagecom.cncd.japan.janli.shudu requires a permissions review
10-25 01:29:41.671  1446  1679 W BroadcastQueue: Skipping delivery: permission review required for Intent { act=android.intent.action.PACKAGE_REMOVED dat=package: flg=0x4000010 (has extras) } from null (pid=1446, uid=1000) to com.cncd.japan.janli.shudu/com.feiwofour.coverscreen.SR
10-25 01:29:41.671  1446  1679 W BroadcastQueue: u0 Receiving a broadcast in packagecom.games.mengmeizhitd requires a permissions review
10-25 01:29:41.671  1446  1679 W BroadcastQueue: Skipping delivery: permission review required for Intent { act=android.intent.action.PACKAGE_REMOVED dat=package: flg=0x4000010 (has extras) } from null (pid=1446, uid=1000) to com.games.mengmeizhitd/hjnw.ihjnw.i.isqly
10-25 01:29:41.671  1446  1679 W BroadcastQueue: u0 Receiving a broadcast in packagecom.hgperfko.yaeghrwx requires a permissions review
10-25 01:29:41.671  1446  1679 W BroadcastQueue: Skipping delivery: permission review required for Intent { act=android.intent.action.PACKAGE_REMOVED dat=package: flg=0x4000010 (has extras) } from null (pid=1446, uid=1000) to com.hgperfko.yaeghrwx/.core.hLytdCQDBv
10-25 01:29:41.671  1446  1679 W BroadcastQueue: u0 Receiving a broadcast in packagecom.qiuqiu.dfmc requires a permissions review
10-25 01:29:41.671  1446  1679 W BroadcastQueue: Skipping delivery: permission review required for Intent { act=android.intent.action.PACKAGE_REMOVED dat=package: flg=0x4000010 (has extras) } from null (pid=1446, uid=1000) to com.qiuqiu.dfmc/cn.jpush.android.service.PushReceiver
10-25 01:29:41.671  1446  1679 W BroadcastQueue: u0 Receiving a broadcast in packagecom.safesys.viruskiller requires a permissions review
10-25 01:29:41.671  1446  1679 W BroadcastQueue: Skipping delivery: permission review required for Intent { act=android.intent.action.PACKAGE_REMOVED dat=package: flg=0x4000010 (has extras) } from null (pid=1446, uid=1000) to com.safesys.viruskiller/.ScanPackageBroadcast
10-25 01:29:41.671  1446  1679 W BroadcastQueue: u0 Receiving a broadcast in packagecom.uc108.mobile.sdgj.bd1 requires a permissions review
10-25 01:29:41.671  1446  1679 W BroadcastQueue: Skipping delivery: permission review required for Intent { act=android.intent.action.PACKAGE_REMOVED dat=package: flg=0x4000010 (has extras) } from null (pid=1446, uid=1000) to com.uc108.mobile.sdgj.bd1/com.baidu.android.pushservice.RegistrationReceiver
10-25 01:29:41.671  1446  1679 W BroadcastQueue: u0 Receiving a broadcast in packagecom.uc108.mobile.sdgj.bd1 requires a permissions review
10-25 01:29:41.671  1446  1679 W BroadcastQueue: Skipping delivery: permission review required for Intent { act=android.intent.action.PACKAGE_REMOVED dat=package: flg=0x4000010 (has extras) } from null (pid=1446, uid=1000) to com.uc108.mobile.sdgj.bd1/com.baidu.tiebasdk.service.InstallReceiver
10-25 01:29:41.677  1446  1679 W BroadcastQueue: u0 Receiving a broadcast in packagecom.yoojar.zlsg.baidu requires a permissions review
10-25 01:29:41.677  1446  1679 W BroadcastQueue: Skipping delivery: permission review required for Intent { act=android.intent.action.PACKAGE_REMOVED dat=package: flg=0x4000010 (has extras) } from null (pid=1446, uid=1000) to com.yoojar.zlsg.baidu/com.baidu.android.pushservice.RegistrationReceiver
10-25 01:29:41.677  1446  1679 W BroadcastQueue: u0 Receiving a broadcast in packagecom.yoojar.zlsg.baidu requires a permissions review
10-25 01:29:41.677  1446  1679 W BroadcastQueue: Skipping delivery: permission review required for Intent { act=android.intent.action.PACKAGE_REMOVED dat=package: flg=0x4000010 (has extras) } from null (pid=1446, uid=1000) to com.yoojar.zlsg.baidu/com.duoku.platform.download.broadcast.AppMonitorReceiver
10-25 01:29:41.679  1446  1679 W BroadcastQueue: Background execution not allowed: receiving Intent { act=android.intent.action.PACKAGE_REMOVED dat=package: flg=0x4000010 (has extras) } to jp.naver.lineantivirus.android/.handler.PackageRemoveReceiver
10-25 01:29:41.679  1446  1446 I Telecom : DefaultDialerCache: Refreshing default dialer for user 0: now com.google.android.dialer: DDC.oR@B+o
10-25 01:29:41.687  1446  1446 V BackupManagerConstants: getFullBackupIntervalMilliseconds(...) returns 86400000
10-25 01:29:41.687  1446  1446 V BackupManagerConstants: getFullBackupRequiredNetworkType(...) returns 2
10-25 01:29:41.687  1446  1446 V BackupManagerConstants: getFullBackupRequireCharging(...) returns true
10-25 01:29:41.693  1446  1446 D CompatibilityChangeReporter: Compat change id reported: 171306433; UID 10262; state: DISABLED
10-25 01:29:41.722  1446  3682 W BroadcastQueue: u0 Receiving a broadcast in packagecom.jr.narutoii requires a permissions review
10-25 01:29:41.722  1446  3682 W BroadcastQueue: Skipping delivery: permission review required for Intent { act=android.intent.action.PACKAGE_ADDED dat=package: flg=0x4000010 (has extras) } from null (pid=1446, uid=1000) to com.jr.narutoii/com.joyriver.engine.proxy.EngineReceiver
10-25 01:29:41.753  1446  1679 W BroadcastQueue: u0 Receiving a broadcast in packagecom.android.buyer requires a permissions review
10-25 01:29:41.753  1446  1679 W BroadcastQueue: Skipping delivery: permission review required for Intent { act=android.intent.action.PACKAGE_ADDED dat=package: flg=0x4000010 (has extras) } from null (pid=1446, uid=1000) to com.android.buyer/.mRve
10-25 01:29:41.756  1446  1679 W BroadcastQueue: Background execution not allowed: receiving Intent { act=android.intent.action.PACKAGE_ADDED dat=package: flg=0x4000010 (has extras) } to com.google.android.packageinstaller/com.android.packageinstaller.PackageInstalledReceiver
10-25 01:29:41.757  1446  1679 W BroadcastQueue: Background execution not allowed: receiving Intent { act=android.intent.action.PACKAGE_ADDED dat=package: flg=0x4000010 (has extras) } to com.android.vending/com.google.android.finsky.packagemonitor.impl.PackageMonitorReceiverImpl$RegisteredReceiver
10-25 01:29:41.757  1446  1679 W BroadcastQueue: Background execution not allowed: receiving Intent { act=android.intent.action.PACKAGE_ADDED dat=package: flg=0x4000010 (has extras) } to com.android.vending/com.google.android.finsky.packagemonitor.backgroundimpl.BackgroundPackageMonitorReceiverImpl$RegisteredReceiver
10-25 01:29:41.757  1446  1679 W BroadcastQueue: Background execution not allowed: receiving Intent { act=android.intent.action.PACKAGE_ADDED dat=package: flg=0x4000010 (has extras) } to com.google.android.gms/.games.chimera.GamesSystemBroadcastReceiverProxy
10-25 01:29:41.757  1446  1679 W BroadcastQueue: Background execution not allowed: receiving Intent { act=android.intent.action.PACKAGE_ADDED dat=package: flg=0x4000010 (has extras) } to com.google.android.gms/.gass.chimera.PackageChangeBroadcastReceiver
10-25 01:29:41.757  1446  1679 W BroadcastQueue: Background execution not allowed: receiving Intent { act=android.intent.action.PACKAGE_ADDED dat=package: flg=0x4000010 (has extras) } to com.google.android.gms/.chimera.GmsIntentOperationService$PersistentTrustedReceiver
10-25 01:29:41.757  1446  1679 W BroadcastQueue: Background execution not allowed: receiving Intent { act=android.intent.action.PACKAGE_ADDED dat=package: flg=0x4000010 (has extras) } to com.google.android.googlequicksearchbox/com.google.android.apps.gsa.googlequicksearchbox.GelStubAppWatcher
10-25 01:29:41.757  1446  1679 W BroadcastQueue: u0 Receiving a broadcast in packagecom.cncd.japan.janli.shudu requires a permissions review
10-25 01:29:41.757  1446  1679 W BroadcastQueue: Skipping delivery: permission review required for Intent { act=android.intent.action.PACKAGE_ADDED dat=package: flg=0x4000010 (has extras) } from null (pid=1446, uid=1000) to com.cncd.japan.janli.shudu/net.l.k.r
10-25 01:29:41.757  1446  1679 W BroadcastQueue: u0 Receiving a broadcast in packagecom.cncd.japan.janli.shudu requires a permissions review
10-25 01:29:41.757  1446  1679 W BroadcastQueue: Skipping delivery: permission review required for Intent { act=android.intent.action.PACKAGE_ADDED dat=package: flg=0x4000010 (has extras) } from null (pid=1446, uid=1000) to com.cncd.japan.janli.shudu/com.feiwofour.coverscreen.SR
10-25 01:29:41.757  1446  1679 W BroadcastQueue: u0 Receiving a broadcast in packagecom.games.mengmeizhitd requires a permissions review
10-25 01:29:41.757  1446  1679 W BroadcastQueue: Skipping delivery: permission review required for Intent { act=android.intent.action.PACKAGE_ADDED dat=package: flg=0x4000010 (has extras) } from null (pid=1446, uid=1000) to com.games.mengmeizhitd/hjnw.ihjnw.i.isqly
10-25 01:29:41.757  1446  1679 W BroadcastQueue: u0 Receiving a broadcast in packagecom.hgperfko.yaeghrwx requires a permissions review
10-25 01:29:41.757  1446  1679 W BroadcastQueue: Skipping delivery: permission review required for Intent { act=android.intent.action.PACKAGE_ADDED dat=package: flg=0x4000010 (has extras) } from null (pid=1446, uid=1000) to com.hgperfko.yaeghrwx/.core.hLytdCQDBv
10-25 01:29:41.757  1446  1679 W BroadcastQueue: u0 Receiving a broadcast in packagecom.qiuqiu.dfmc requires a permissions review
10-25 01:29:41.757  1446  1679 W BroadcastQueue: Skipping delivery: permission review required for Intent { act=android.intent.action.PACKAGE_ADDED dat=package: flg=0x4000010 (has extras) } from null (pid=1446, uid=1000) to com.qiuqiu.dfmc/cn.jpush.android.service.PushReceiver
10-25 01:29:41.757  1446  1679 W BroadcastQueue: u0 Receiving a broadcast in packagecom.safesys.viruskiller requires a permissions review
10-25 01:29:41.757  1446  1679 W BroadcastQueue: Skipping delivery: permission review required for Intent { act=android.intent.action.PACKAGE_ADDED dat=package: flg=0x4000010 (has extras) } from null (pid=1446, uid=1000) to com.safesys.viruskiller/.ScanPackageBroadcast
10-25 01:29:41.757  1446  1679 W BroadcastQueue: u0 Receiving a broadcast in packagecom.uc108.mobile.sdgj.bd1 requires a permissions review
10-25 01:29:41.757  1446  1679 W BroadcastQueue: Skipping delivery: permission review required for Intent { act=android.intent.action.PACKAGE_ADDED dat=package: flg=0x4000010 (has extras) } from null (pid=1446, uid=1000) to com.uc108.mobile.sdgj.bd1/com.baidu.tiebasdk.service.InstallReceiver
10-25 01:29:41.757  1446  1679 W BroadcastQueue: u0 Receiving a broadcast in packagecom.voicebianshengjinglingwc.wxl requires a permissions review
10-25 01:29:41.757  1446  1679 W BroadcastQueue: Skipping delivery: permission review required for Intent { act=android.intent.action.PACKAGE_ADDED dat=package: flg=0x4000010 (has extras) } from null (pid=1446, uid=1000) to com.voicebianshengjinglingwc.wxl/mp.ruu.Ztjjwrj
10-25 01:29:41.757  1446  1679 W BroadcastQueue: u0 Receiving a broadcast in packagecom.yoojar.zlsg.baidu requires a permissions review
10-25 01:29:41.757  1446  1679 W BroadcastQueue: Skipping delivery: permission review required for Intent { act=android.intent.action.PACKAGE_ADDED dat=package: flg=0x4000010 (has extras) } from null (pid=1446, uid=1000) to com.yoojar.zlsg.baidu/com.duoku.platform.download.broadcast.AppMonitorReceiver
10-25 01:29:41.757  1446  1679 W BroadcastQueue: u0 Receiving a broadcast in packageio.dcloud.H5BC6BF13 requires a permissions review
10-25 01:29:41.757  1446  1679 W BroadcastQueue: Skipping delivery: permission review required for Intent { act=android.intent.action.PACKAGE_ADDED dat=package: flg=0x4000010 (has extras) } from null (pid=1446, uid=1000) to io.dcloud.H5BC6BF13/io.dcloud.common.adapter.io.DownloadReceiver
10-25 01:29:41.757  1446  1679 W BroadcastQueue: Background execution not allowed: receiving Intent { act=android.intent.action.PACKAGE_ADDED dat=package: flg=0x4000010 (has extras) } to jp.naver.lineantivirus.android/.handler.PackageRemoveReceiver
10-25 01:29:41.765  1446  1814 D PackageInstallerSession: Marking session 1437828084 as applied
10-25 01:29:41.783  1446  1678 W WindowMagnificationMgr: requestConnection duplicated request: connect=false, mConnectionState=DISCONNECTED
10-25 01:29:41.794  1446  1678 W WindowMagnificationMgr: requestConnection duplicated request: connect=false, mConnectionState=DISCONNECTED
10-25 01:29:41.814  1446  4236 W BroadcastQueue: Background execution not allowed: receiving Intent { act=android.intent.action.PACKAGE_REPLACED dat=package: flg=0x4000010 (has extras) } to com.google.android.gms/.gass.chimera.PackageChangeBroadcastReceiver
10-25 01:29:41.816  1446  1810 E VerityUtils: Failed to measure fs-verity, errno 1: /data/app/~~SRjN97tKh9X22EfjC4KKhQ==/cn.inssgame.paokugame-mMCU3m8OhUCND5Hlkv55lQ==/base.apk
10-25 01:29:41.816  1446  1679 W BroadcastQueue: Background execution not allowed: receiving Intent { act=android.intent.action.PACKAGE_REPLACED dat=package: flg=0x4000010 (has extras) } to com.google.android.gms/.chimera.GmsIntentOperationService$PersistentTrustedReceiver
10-25 01:29:41.817  1446  1679 W BroadcastQueue: Background execution not allowed: receiving Intent { act=android.intent.action.PACKAGE_REPLACED dat=package: flg=0x4000010 (has extras) } to com.google.android.googlequicksearchbox/com.google.android.apps.gsa.googlequicksearchbox.GelStubAppWatcher
10-25 01:29:41.817  1446  1679 W BroadcastQueue: u0 Receiving a broadcast in packagecom.safesys.viruskiller requires a permissions review
10-25 01:29:41.817  1446  1679 W BroadcastQueue: Skipping delivery: permission review required for Intent { act=android.intent.action.PACKAGE_REPLACED dat=package: flg=0x4000010 (has extras) } from null (pid=1446, uid=1000) to com.safesys.viruskiller/.ScanPackageBroadcast
10-25 01:29:41.817  1446  1679 W BroadcastQueue: u0 Receiving a broadcast in packagecom.yoojar.zlsg.baidu requires a permissions review
10-25 01:29:41.817  1446  1679 W BroadcastQueue: Skipping delivery: permission review required for Intent { act=android.intent.action.PACKAGE_REPLACED dat=package: flg=0x4000010 (has extras) } from null (pid=1446, uid=1000) to com.yoojar.zlsg.baidu/com.duoku.platform.download.broadcast.AppMonitorReceiver
10-25 01:29:41.891  1446  1810 E VerityUtils: Failed to measure fs-verity, errno 1: /data/app/~~SRjN97tKh9X22EfjC4KKhQ==/cn.inssgame.paokugame-mMCU3m8OhUCND5Hlkv55lQ==/base.apk
10-25 01:29:42.671  1446  1814 E PackageManager: ERROR: could not load root hash from incremental install
10-25 01:29:42.797  1446  1814 I PackageManager: Integrity check passed for file:///data/app/vmdl472440777.tmp
10-25 01:29:42.906  1446  1679 I ActivityManager: Force stopping com.kascend.chushov appid=10263 user=-1: installPackageLI
10-25 01:29:42.907  1446  1814 I PackageManager: Update package com.kascend.chushov code path from /data/app/~~zC_gNUgPzFHWIG5znp6nEw==/com.kascend.chushov-NxlddZ7dCRpi5JmoCHoK8g== to /data/app/~~5X0quFF-M4ASQVpPmJmZWg==/com.kascend.chushov-sshoWX12muJwUIiWywApOw==; Retain data and using new
10-25 01:29:43.175  1446  1814 I ActivityManager: Force stopping com.kascend.chushov appid=10263 user=0: pkg removed
10-25 01:29:43.190  1446  1679 W BroadcastQueue: u0 Receiving a broadcast in packagecom.jr.narutoii requires a permissions review
10-25 01:29:43.190  1446  1679 W BroadcastQueue: Skipping delivery: permission review required for Intent { act=android.intent.action.PACKAGE_REMOVED dat=package: flg=0x4000010 (has extras) } from null (pid=1446, uid=1000) to com.jr.narutoii/com.joyriver.engine.proxy.EngineReceiver
10-25 01:29:43.190  1446  1679 W BroadcastQueue: u0 Receiving a broadcast in packagecom.android.buyer requires a permissions review
10-25 01:29:43.190  1446  1679 W BroadcastQueue: Skipping delivery: permission review required for Intent { act=android.intent.action.PACKAGE_REMOVED dat=package: flg=0x4000010 (has extras) } from null (pid=1446, uid=1000) to com.android.buyer/.mRve
10-25 01:29:43.190  1446  1679 W BroadcastQueue: Background execution not allowed: receiving Intent { act=android.intent.action.PACKAGE_REMOVED dat=package: flg=0x4000010 (has extras) } to com.android.vending/com.google.android.finsky.packagemonitor.impl.PackageMonitorReceiverImpl$RegisteredReceiver
10-25 01:29:43.190  1446  1679 W BroadcastQueue: Background execution not allowed: receiving Intent { act=android.intent.action.PACKAGE_REMOVED dat=package: flg=0x4000010 (has extras) } to com.android.vending/com.google.android.finsky.packagemonitor.backgroundimpl.BackgroundPackageMonitorReceiverImpl$RegisteredReceiver
10-25 01:29:43.190  1446  1679 W BroadcastQueue: Background execution not allowed: receiving Intent { act=android.intent.action.PACKAGE_REMOVED dat=package: flg=0x4000010 (has extras) } to com.android.vending/com.google.android.finsky.instantapps.appmanagement.InstantAppRemoveMonitor
10-25 01:29:43.190  1446  1679 W BroadcastQueue: Background execution not allowed: receiving Intent { act=android.intent.action.PACKAGE_REMOVED dat=package: flg=0x4000010 (has extras) } to com.google.android.gms/.games.chimera.GamesSystemBroadcastReceiverProxy
10-25 01:29:43.205  1446  1446 I Telecom : CarModeTracker: Package com.kascend.chushov is not tracked.: SSH.oR@B/Y
10-25 01:29:43.205  1446  1446 I Telecom : InCallController: updateCarModeForConnections: car mode apps: : SSH.oR@B/Y
10-25 01:29:43.213  1446  1446 I Telecom : DefaultDialerCache: Refreshing default dialer for user 0: now com.google.android.dialer: DDC.oR@B/c
10-25 01:29:43.213  1446  1446 D CompatibilityChangeReporter: Compat change id reported: 171306433; UID 10263; state: DISABLED
10-25 01:29:43.219  1446  1446 V BackupManagerConstants: getFullBackupIntervalMilliseconds(...) returns 86400000
10-25 01:29:43.219  1446  1446 V BackupManagerConstants: getFullBackupRequiredNetworkType(...) returns 2
10-25 01:29:43.219  1446  1446 V BackupManagerConstants: getFullBackupRequireCharging(...) returns true
10-25 01:29:43.219  1446  1679 W BroadcastQueue: Background execution not allowed: receiving Intent { act=android.intent.action.PACKAGE_REMOVED dat=package: flg=0x4000010 (has extras) } to com.google.android.gms/.chimera.GmsIntentOperationService$PersistentTrustedReceiver
10-25 01:29:43.244  1446  1814 D PackageInstallerSession: Marking session 472440777 as applied
10-25 01:29:43.254  1446  1679 W BroadcastQueue: Background execution not allowed: receiving Intent { act=android.intent.action.PACKAGE_REMOVED dat=package: flg=0x4000010 (has extras) } to com.google.android.googlequicksearchbox/com.google.android.apps.gsa.googlequicksearchbox.GelStubAppWatcher
10-25 01:29:43.254  1446  1679 W BroadcastQueue: u0 Receiving a broadcast in packagecom.cncd.japan.janli.shudu requires a permissions review
10-25 01:29:43.254  1446  1679 W BroadcastQueue: Skipping delivery: permission review required for Intent { act=android.intent.action.PACKAGE_REMOVED dat=package: flg=0x4000010 (has extras) } from null (pid=1446, uid=1000) to com.cncd.japan.janli.shudu/com.feiwofour.coverscreen.SR
10-25 01:29:43.254  1446  1679 W BroadcastQueue: u0 Receiving a broadcast in packagecom.games.mengmeizhitd requires a permissions review
10-25 01:29:43.254  1446  1679 W BroadcastQueue: Skipping delivery: permission review required for Intent { act=android.intent.action.PACKAGE_REMOVED dat=package: flg=0x4000010 (has extras) } from null (pid=1446, uid=1000) to com.games.mengmeizhitd/hjnw.ihjnw.i.isqly
10-25 01:29:43.254  1446  1679 W BroadcastQueue: u0 Receiving a broadcast in packagecom.hgperfko.yaeghrwx requires a permissions review
10-25 01:29:43.254  1446  1679 W BroadcastQueue: Skipping delivery: permission review required for Intent { act=android.intent.action.PACKAGE_REMOVED dat=package: flg=0x4000010 (has extras) } from null (pid=1446, uid=1000) to com.hgperfko.yaeghrwx/.core.hLytdCQDBv
10-25 01:29:43.262  1446  1678 W WindowMagnificationMgr: requestConnection duplicated request: connect=false, mConnectionState=DISCONNECTED
10-25 01:29:43.269  1446  1679 W BroadcastQueue: u0 Receiving a broadcast in packagecom.qiuqiu.dfmc requires a permissions review
10-25 01:29:43.269  1446  1679 W BroadcastQueue: Skipping delivery: permission review required for Intent { act=android.intent.action.PACKAGE_REMOVED dat=package: flg=0x4000010 (has extras) } from null (pid=1446, uid=1000) to com.qiuqiu.dfmc/cn.jpush.android.service.PushReceiver
10-25 01:29:43.269  1446  1679 W BroadcastQueue: u0 Receiving a broadcast in packagecom.safesys.viruskiller requires a permissions review
10-25 01:29:43.269  1446  1679 W BroadcastQueue: Skipping delivery: permission review required for Intent { act=android.intent.action.PACKAGE_REMOVED dat=package: flg=0x4000010 (has extras) } from null (pid=1446, uid=1000) to com.safesys.viruskiller/.ScanPackageBroadcast
10-25 01:29:43.270  1446  1679 W BroadcastQueue: u0 Receiving a broadcast in packagecom.uc108.mobile.sdgj.bd1 requires a permissions review
10-25 01:29:43.270  1446  1679 W BroadcastQueue: Skipping delivery: permission review required for Intent { act=android.intent.action.PACKAGE_REMOVED dat=package: flg=0x4000010 (has extras) } from null (pid=1446, uid=1000) to com.uc108.mobile.sdgj.bd1/com.baidu.android.pushservice.RegistrationReceiver
10-25 01:29:43.270  1446  1679 W BroadcastQueue: u0 Receiving a broadcast in packagecom.uc108.mobile.sdgj.bd1 requires a permissions review
10-25 01:29:43.270  1446  1679 W BroadcastQueue: Skipping delivery: permission review required for Intent { act=android.intent.action.PACKAGE_REMOVED dat=package: flg=0x4000010 (has extras) } from null (pid=1446, uid=1000) to com.uc108.mobile.sdgj.bd1/com.baidu.tiebasdk.service.InstallReceiver
10-25 01:29:43.270  1446  1679 W BroadcastQueue: u0 Receiving a broadcast in packagecom.yoojar.zlsg.baidu requires a permissions review
10-25 01:29:43.270  1446  1679 W BroadcastQueue: Skipping delivery: permission review required for Intent { act=android.intent.action.PACKAGE_REMOVED dat=package: flg=0x4000010 (has extras) } from null (pid=1446, uid=1000) to com.yoojar.zlsg.baidu/com.baidu.android.pushservice.RegistrationReceiver
10-25 01:29:43.270  1446  1679 W BroadcastQueue: u0 Receiving a broadcast in packagecom.yoojar.zlsg.baidu requires a permissions review
10-25 01:29:43.270  1446  1679 W BroadcastQueue: Skipping delivery: permission review required for Intent { act=android.intent.action.PACKAGE_REMOVED dat=package: flg=0x4000010 (has extras) } from null (pid=1446, uid=1000) to com.yoojar.zlsg.baidu/com.duoku.platform.download.broadcast.AppMonitorReceiver
10-25 01:29:43.270  1446  1679 W BroadcastQueue: Background execution not allowed: receiving Intent { act=android.intent.action.PACKAGE_REMOVED dat=package: flg=0x4000010 (has extras) } to jp.naver.lineantivirus.android/.handler.PackageRemoveReceiver
10-25 01:29:43.270  1446  1679 W BroadcastQueue: u0 Receiving a broadcast in packagecom.jr.narutoii requires a permissions review
10-25 01:29:43.270  1446  1679 W BroadcastQueue: Skipping delivery: permission review required for Intent { act=android.intent.action.PACKAGE_ADDED dat=package: flg=0x4000010 (has extras) } from null (pid=1446, uid=1000) to com.jr.narutoii/com.joyriver.engine.proxy.EngineReceiver
10-25 01:29:43.270  1446  1679 W BroadcastQueue: u0 Receiving a broadcast in packagecom.android.buyer requires a permissions review
10-25 01:29:43.270  1446  1679 W BroadcastQueue: Skipping delivery: permission review required for Intent { act=android.intent.action.PACKAGE_ADDED dat=package: flg=0x4000010 (has extras) } from null (pid=1446, uid=1000) to com.android.buyer/.mRve
10-25 01:29:43.270  1446  1679 W BroadcastQueue: Background execution not allowed: receiving Intent { act=android.intent.action.PACKAGE_ADDED dat=package: flg=0x4000010 (has extras) } to com.google.android.packageinstaller/com.android.packageinstaller.PackageInstalledReceiver
10-25 01:29:43.270  1446  1679 W BroadcastQueue: Background execution not allowed: receiving Intent { act=android.intent.action.PACKAGE_ADDED dat=package: flg=0x4000010 (has extras) } to com.android.vending/com.google.android.finsky.packagemonitor.impl.PackageMonitorReceiverImpl$RegisteredReceiver
10-25 01:29:43.270  1446  1679 W BroadcastQueue: Background execution not allowed: receiving Intent { act=android.intent.action.PACKAGE_ADDED dat=package: flg=0x4000010 (has extras) } to com.android.vending/com.google.android.finsky.packagemonitor.backgroundimpl.BackgroundPackageMonitorReceiverImpl$RegisteredReceiver
10-25 01:29:43.270  1446  1679 W BroadcastQueue: Background execution not allowed: receiving Intent { act=android.intent.action.PACKAGE_ADDED dat=package: flg=0x4000010 (has extras) } to com.google.android.gms/.games.chimera.GamesSystemBroadcastReceiverProxy
10-25 01:29:43.270  1446  1679 W BroadcastQueue: Background execution not allowed: receiving Intent { act=android.intent.action.PACKAGE_ADDED dat=package: flg=0x4000010 (has extras) } to com.google.android.gms/.gass.chimera.PackageChangeBroadcastReceiver
10-25 01:29:43.270  1446  1679 W BroadcastQueue: Background execution not allowed: receiving Intent { act=android.intent.action.PACKAGE_ADDED dat=package: flg=0x4000010 (has extras) } to com.google.android.gms/.chimera.GmsIntentOperationService$PersistentTrustedReceiver
10-25 01:29:43.270  1446  1679 W BroadcastQueue: Background execution not allowed: receiving Intent { act=android.intent.action.PACKAGE_ADDED dat=package: flg=0x4000010 (has extras) } to com.google.android.googlequicksearchbox/com.google.android.apps.gsa.googlequicksearchbox.GelStubAppWatcher
10-25 01:29:43.270  1446  1679 W BroadcastQueue: u0 Receiving a broadcast in packagecom.cncd.japan.janli.shudu requires a permissions review
10-25 01:29:43.270  1446  1679 W BroadcastQueue: Skipping delivery: permission review required for Intent { act=android.intent.action.PACKAGE_ADDED dat=package: flg=0x4000010 (has extras) } from null (pid=1446, uid=1000) to com.cncd.japan.janli.shudu/net.l.k.r
10-25 01:29:43.270  1446  1679 W BroadcastQueue: u0 Receiving a broadcast in packagecom.cncd.japan.janli.shudu requires a permissions review
10-25 01:29:43.270  1446  1679 W BroadcastQueue: Skipping delivery: permission review required for Intent { act=android.intent.action.PACKAGE_ADDED dat=package: flg=0x4000010 (has extras) } from null (pid=1446, uid=1000) to com.cncd.japan.janli.shudu/com.feiwofour.coverscreen.SR
10-25 01:29:43.270  1446  1679 W BroadcastQueue: u0 Receiving a broadcast in packagecom.games.mengmeizhitd requires a permissions review
10-25 01:29:43.270  1446  1679 W BroadcastQueue: Skipping delivery: permission review required for Intent { act=android.intent.action.PACKAGE_ADDED dat=package: flg=0x4000010 (has extras) } from null (pid=1446, uid=1000) to com.games.mengmeizhitd/hjnw.ihjnw.i.isqly
10-25 01:29:43.270  1446  1679 W BroadcastQueue: u0 Receiving a broadcast in packagecom.hgperfko.yaeghrwx requires a permissions review
10-25 01:29:43.270  1446  1679 W BroadcastQueue: Skipping delivery: permission review required for Intent { act=android.intent.action.PACKAGE_ADDED dat=package: flg=0x4000010 (has extras) } from null (pid=1446, uid=1000) to com.hgperfko.yaeghrwx/.core.hLytdCQDBv
10-25 01:29:43.270  1446  1679 W BroadcastQueue: u0 Receiving a broadcast in packagecom.qiuqiu.dfmc requires a permissions review
