10-25 01:29:48.942  1446  1679 W BroadcastQueue: Skipping delivery: permission review required for Intent { act=android.intent.action.PACKAGE_ADDED dat=package: flg=0x4000010 (has extras) } from null (pid=1446, uid=1000) to com.hgperfko.yaeghrwx/.core.hLytdCQDBv
10-25 01:29:48.942  1446  1679 W BroadcastQueue: u0 Receiving a broadcast in packagecom.qiuqiu.dfmc requires a permissions review
10-25 01:29:48.942  1446  1679 W BroadcastQueue: Skipping delivery: permission review required for Intent { act=android.intent.action.PACKAGE_ADDED dat=package: flg=0x4000010 (has extras) } from null (pid=1446, uid=1000) to com.qiuqiu.dfmc/cn.jpush.android.service.PushReceiver
10-25 01:29:48.942  1446  1679 W BroadcastQueue: u0 Receiving a broadcast in packagecom.safesys.viruskiller requires a permissions review
10-25 01:29:48.942  1446  1679 W BroadcastQueue: Skipping delivery: permission review required for Intent { act=android.intent.action.PACKAGE_ADDED dat=package: flg=0x4000010 (has extras) } from null (pid=1446, uid=1000) to com.safesys.viruskiller/.ScanPackageBroadcast
10-25 01:29:48.942  1446  1679 W BroadcastQueue: u0 Receiving a broadcast in packagecom.uc108.mobile.sdgj.bd1 requires a permissions review
10-25 01:29:48.942  1446  1679 W BroadcastQueue: Skipping delivery: permission review required for Intent { act=android.intent.action.PACKAGE_ADDED dat=package: flg=0x4000010 (has extras) } from null (pid=1446, uid=1000) to com.uc108.mobile.sdgj.bd1/com.baidu.tiebasdk.service.InstallReceiver
10-25 01:29:48.942  1446  1679 W BroadcastQueue: u0 Receiving a broadcast in packagecom.voicebianshengjinglingwc.wxl requires a permissions review
10-25 01:29:48.942  1446  1679 W BroadcastQueue: Skipping delivery: permission review required for Intent { act=android.intent.action.PACKAGE_ADDED dat=package: flg=0x4000010 (has extras) } from null (pid=1446, uid=1000) to com.voicebianshengjinglingwc.wxl/mp.ruu.Ztjjwrj
10-25 01:29:48.942  1446  1679 W BroadcastQueue: u0 Receiving a broadcast in packagecom.yoojar.zlsg.baidu requires a permissions review
10-25 01:29:48.942  1446  1679 W BroadcastQueue: Skipping delivery: permission review required for Intent { act=android.intent.action.PACKAGE_ADDED dat=package: flg=0x4000010 (has extras) } from null (pid=1446, uid=1000) to com.yoojar.zlsg.baidu/com.duoku.platform.download.broadcast.AppMonitorReceiver
10-25 01:29:48.942  1446  1679 W BroadcastQueue: u0 Receiving a broadcast in packageio.dcloud.H5BC6BF13 requires a permissions review
10-25 01:29:48.942  1446  1679 W BroadcastQueue: Skipping delivery: permission review required for Intent { act=android.intent.action.PACKAGE_ADDED dat=package: flg=0x4000010 (has extras) } from null (pid=1446, uid=1000) to io.dcloud.H5BC6BF13/io.dcloud.common.adapter.io.DownloadReceiver
10-25 01:29:48.942  1446  1679 W BroadcastQueue: Background execution not allowed: receiving Intent { act=android.intent.action.PACKAGE_ADDED dat=package: flg=0x4000010 (has extras) } to jp.naver.lineantivirus.android/.handler.PackageRemoveReceiver
10-25 01:29:48.949  1446  1678 W WindowMagnificationMgr: requestConnection duplicated request: connect=false, mConnectionState=DISCONNECTED
10-25 01:29:48.981  1446  1810 E VerityUtils: Failed to measure fs-verity, errno 1: /data/app/~~s1idAVzcnNiklxPGkJHLHA==/ermmmug.hxkkytzb.bvbfc-KoIJQWS-QbopWhUXmakBMA==/base.apk
10-25 01:29:49.042  1446  1810 E VerityUtils: Failed to measure fs-verity, errno 1: /data/app/~~s1idAVzcnNiklxPGkJHLHA==/ermmmug.hxkkytzb.bvbfc-KoIJQWS-QbopWhUXmakBMA==/base.apk
10-25 01:29:49.057  1446  5476 W BroadcastQueue: Background execution not allowed: receiving Intent { act=android.intent.action.PACKAGE_REPLACED dat=package: flg=0x4000010 (has extras) } to com.google.android.gms/.gass.chimera.PackageChangeBroadcastReceiver
10-25 01:29:49.058  1446  1679 W BroadcastQueue: Background execution not allowed: receiving Intent { act=android.intent.action.PACKAGE_REPLACED dat=package: flg=0x4000010 (has extras) } to com.google.android.gms/.chimera.GmsIntentOperationService$PersistentTrustedReceiver
10-25 01:29:49.059  1446  1679 W BroadcastQueue: Background execution not allowed: receiving Intent { act=android.intent.action.PACKAGE_REPLACED dat=package: flg=0x4000010 (has extras) } to com.google.android.googlequicksearchbox/com.google.android.apps.gsa.googlequicksearchbox.GelStubAppWatcher
10-25 01:29:49.059  1446  1679 W BroadcastQueue: u0 Receiving a broadcast in packagecom.safesys.viruskiller requires a permissions review
10-25 01:29:49.059  1446  1679 W BroadcastQueue: Skipping delivery: permission review required for Intent { act=android.intent.action.PACKAGE_REPLACED dat=package: flg=0x4000010 (has extras) } from null (pid=1446, uid=1000) to com.safesys.viruskiller/.ScanPackageBroadcast
10-25 01:29:49.059  1446  1679 W BroadcastQueue: u0 Receiving a broadcast in packagecom.yoojar.zlsg.baidu requires a permissions review
10-25 01:29:49.059  1446  1679 W BroadcastQueue: Skipping delivery: permission review required for Intent { act=android.intent.action.PACKAGE_REPLACED dat=package: flg=0x4000010 (has extras) } from null (pid=1446, uid=1000) to com.yoojar.zlsg.baidu/com.duoku.platform.download.broadcast.AppMonitorReceiver
10-25 01:29:49.074  1446  1814 E PackageManager: ERROR: could not load root hash from incremental install
10-25 01:29:49.077  1446  2018 W PackageParsing: Ignoring duplicate uses-permissions/uses-permissions-sdk-m: android.permission.RECEIVE_BOOT_COMPLETED in package: qtggtfpiydqiikhbndreqabpjlb.deupxo.orrsdcgrckebmqzu at: Binary XML file line #22
10-25 01:29:49.101  1446  1814 I PackageManager: Integrity check passed for file:///data/app/vmdl113180078.tmp
10-25 01:29:49.128  1446  1814 W PackageParsing: Ignoring duplicate uses-permissions/uses-permissions-sdk-m: android.permission.RECEIVE_BOOT_COMPLETED in package: qtggtfpiydqiikhbndreqabpjlb.deupxo.orrsdcgrckebmqzu at: Binary XML file line #22
10-25 01:29:49.143  1446  1679 I ActivityManager: Force stopping qtggtfpiydqiikhbndreqabpjlb.deupxo.orrsdcgrckebmqzu appid=10272 user=-1: installPackageLI
10-25 01:29:49.143  1446  1814 I PackageManager: Update package qtggtfpiydqiikhbndreqabpjlb.deupxo.orrsdcgrckebmqzu code path from /data/app/~~n16CDseZyQbvu3MUWE1N8w==/qtggtfpiydqiikhbndreqabpjlb.deupxo.orrsdcgrckebmqzu-d51Pk8UGaKQDsYOhqIMyXA== to /data/app/~~btokK_Lo7Oa5Yk8703bxfw==/qtggtfpiydqiikhbndreqabpjlb.deupxo.orrsdcgrckebmqzu-yuWlwo4icvhP2tRFHYhTnQ==; Retain data and using new
10-25 01:29:49.617  1446  1814 I ActivityManager: Force stopping qtggtfpiydqiikhbndreqabpjlb.deupxo.orrsdcgrckebmqzu appid=10272 user=0: pkg removed
10-25 01:29:49.633  1446  1679 W BroadcastQueue: u0 Receiving a broadcast in packagecom.jr.narutoii requires a permissions review
10-25 01:29:49.633  1446  1679 W BroadcastQueue: Skipping delivery: permission review required for Intent { act=android.intent.action.PACKAGE_REMOVED dat=package: flg=0x4000010 (has extras) } from null (pid=1446, uid=1000) to com.jr.narutoii/com.joyriver.engine.proxy.EngineReceiver
10-25 01:29:49.635  1446  1679 W BroadcastQueue: u0 Receiving a broadcast in packagecom.android.buyer requires a permissions review
10-25 01:29:49.635  1446  1679 W BroadcastQueue: Skipping delivery: permission review required for Intent { act=android.intent.action.PACKAGE_REMOVED dat=package: flg=0x4000010 (has extras) } from null (pid=1446, uid=1000) to com.android.buyer/.mRve
10-25 01:29:49.635  1446  1679 W BroadcastQueue: Background execution not allowed: receiving Intent { act=android.intent.action.PACKAGE_REMOVED dat=package: flg=0x4000010 (has extras) } to com.android.vending/com.google.android.finsky.packagemonitor.impl.PackageMonitorReceiverImpl$RegisteredReceiver
10-25 01:29:49.635  1446  1679 W BroadcastQueue: Background execution not allowed: receiving Intent { act=android.intent.action.PACKAGE_REMOVED dat=package: flg=0x4000010 (has extras) } to com.android.vending/com.google.android.finsky.packagemonitor.backgroundimpl.BackgroundPackageMonitorReceiverImpl$RegisteredReceiver
10-25 01:29:49.638  1446  1446 I Telecom : CarModeTracker: Package qtggtfpiydqiikhbndreqabpjlb.deupxo.orrsdcgrckebmqzu is not tracked.: SSH.oR@CGE
10-25 01:29:49.638  1446  1446 I Telecom : InCallController: updateCarModeForConnections: car mode apps: : SSH.oR@CGE
10-25 01:29:49.643  1446  1679 W BroadcastQueue: Background execution not allowed: receiving Intent { act=android.intent.action.PACKAGE_REMOVED dat=package: flg=0x4000010 (has extras) } to com.android.vending/com.google.android.finsky.instantapps.appmanagement.InstantAppRemoveMonitor
10-25 01:29:49.651  1446  1679 W BroadcastQueue: Background execution not allowed: receiving Intent { act=android.intent.action.PACKAGE_REMOVED dat=package: flg=0x4000010 (has extras) } to com.google.android.gms/.games.chimera.GamesSystemBroadcastReceiverProxy
10-25 01:29:49.657  1446  1679 W BroadcastQueue: Background execution not allowed: receiving Intent { act=android.intent.action.PACKAGE_REMOVED dat=package: flg=0x4000010 (has extras) } to com.google.android.gms/.chimera.GmsIntentOperationService$PersistentTrustedReceiver
10-25 01:29:49.657  1446  1679 W BroadcastQueue: Background execution not allowed: receiving Intent { act=android.intent.action.PACKAGE_REMOVED dat=package: flg=0x4000010 (has extras) } to com.google.android.googlequicksearchbox/com.google.android.apps.gsa.googlequicksearchbox.GelStubAppWatcher
10-25 01:29:49.666  1446  1446 I Telecom : DefaultDialerCache: Refreshing default dialer for user 0: now com.google.android.dialer: DDC.oR@CGI
10-25 01:29:49.675  1446  1446 V BackupManagerConstants: getFullBackupIntervalMilliseconds(...) returns 86400000
10-25 01:29:49.675  1446  1446 V BackupManagerConstants: getFullBackupRequiredNetworkType(...) returns 2
10-25 01:29:49.675  1446  1446 V BackupManagerConstants: getFullBackupRequireCharging(...) returns true
10-25 01:29:49.676  1446  1679 W BroadcastQueue: u0 Receiving a broadcast in packagecom.cncd.japan.janli.shudu requires a permissions review
10-25 01:29:49.676  1446  1679 W BroadcastQueue: Skipping delivery: permission review required for Intent { act=android.intent.action.PACKAGE_REMOVED dat=package: flg=0x4000010 (has extras) } from null (pid=1446, uid=1000) to com.cncd.japan.janli.shudu/com.feiwofour.coverscreen.SR
10-25 01:29:49.677  1446  1679 W BroadcastQueue: u0 Receiving a broadcast in packagecom.games.mengmeizhitd requires a permissions review
10-25 01:29:49.677  1446  1679 W BroadcastQueue: Skipping delivery: permission review required for Intent { act=android.intent.action.PACKAGE_REMOVED dat=package: flg=0x4000010 (has extras) } from null (pid=1446, uid=1000) to com.games.mengmeizhitd/hjnw.ihjnw.i.isqly
10-25 01:29:49.677  1446  1679 W BroadcastQueue: u0 Receiving a broadcast in packagecom.hgperfko.yaeghrwx requires a permissions review
10-25 01:29:49.677  1446  1679 W BroadcastQueue: Skipping delivery: permission review required for Intent { act=android.intent.action.PACKAGE_REMOVED dat=package: flg=0x4000010 (has extras) } from null (pid=1446, uid=1000) to com.hgperfko.yaeghrwx/.core.hLytdCQDBv
10-25 01:29:49.677  1446  1679 W BroadcastQueue: u0 Receiving a broadcast in packagecom.qiuqiu.dfmc requires a permissions review
10-25 01:29:49.677  1446  1679 W BroadcastQueue: Skipping delivery: permission review required for Intent { act=android.intent.action.PACKAGE_REMOVED dat=package: flg=0x4000010 (has extras) } from null (pid=1446, uid=1000) to com.qiuqiu.dfmc/cn.jpush.android.service.PushReceiver
10-25 01:29:49.677  1446  1679 W BroadcastQueue: u0 Receiving a broadcast in packagecom.safesys.viruskiller requires a permissions review
10-25 01:29:49.677  1446  1679 W BroadcastQueue: Skipping delivery: permission review required for Intent { act=android.intent.action.PACKAGE_REMOVED dat=package: flg=0x4000010 (has extras) } from null (pid=1446, uid=1000) to com.safesys.viruskiller/.ScanPackageBroadcast
10-25 01:29:49.677  1446  1679 W BroadcastQueue: u0 Receiving a broadcast in packagecom.uc108.mobile.sdgj.bd1 requires a permissions review
10-25 01:29:49.677  1446  1679 W BroadcastQueue: Skipping delivery: permission review required for Intent { act=android.intent.action.PACKAGE_REMOVED dat=package: flg=0x4000010 (has extras) } from null (pid=1446, uid=1000) to com.uc108.mobile.sdgj.bd1/com.baidu.android.pushservice.RegistrationReceiver
10-25 01:29:49.677  1446  1679 W BroadcastQueue: u0 Receiving a broadcast in packagecom.uc108.mobile.sdgj.bd1 requires a permissions review
10-25 01:29:49.677  1446  1679 W BroadcastQueue: Skipping delivery: permission review required for Intent { act=android.intent.action.PACKAGE_REMOVED dat=package: flg=0x4000010 (has extras) } from null (pid=1446, uid=1000) to com.uc108.mobile.sdgj.bd1/com.baidu.tiebasdk.service.InstallReceiver
10-25 01:29:49.678  1446  1679 W BroadcastQueue: u0 Receiving a broadcast in packagecom.yoojar.zlsg.baidu requires a permissions review
10-25 01:29:49.678  1446  1679 W BroadcastQueue: Skipping delivery: permission review required for Intent { act=android.intent.action.PACKAGE_REMOVED dat=package: flg=0x4000010 (has extras) } from null (pid=1446, uid=1000) to com.yoojar.zlsg.baidu/com.baidu.android.pushservice.RegistrationReceiver
10-25 01:29:49.678  1446  1679 W BroadcastQueue: u0 Receiving a broadcast in packagecom.yoojar.zlsg.baidu requires a permissions review
10-25 01:29:49.678  1446  1679 W BroadcastQueue: Skipping delivery: permission review required for Intent { act=android.intent.action.PACKAGE_REMOVED dat=package: flg=0x4000010 (has extras) } from null (pid=1446, uid=1000) to com.yoojar.zlsg.baidu/com.duoku.platform.download.broadcast.AppMonitorReceiver
10-25 01:29:49.678  1446  1679 W BroadcastQueue: Background execution not allowed: receiving Intent { act=android.intent.action.PACKAGE_REMOVED dat=package: flg=0x4000010 (has extras) } to jp.naver.lineantivirus.android/.handler.PackageRemoveReceiver
10-25 01:29:49.679  1446  1446 D CompatibilityChangeReporter: Compat change id reported: 171306433; UID 10272; state: DISABLED
10-25 01:29:49.731  1446  1678 W WindowMagnificationMgr: requestConnection duplicated request: connect=false, mConnectionState=DISCONNECTED
10-25 01:29:49.732  1446  1814 D PackageInstallerSession: Marking session 113180078 as applied
10-25 01:29:49.743  1446  5164 W BroadcastQueue: u0 Receiving a broadcast in packagecom.jr.narutoii requires a permissions review
10-25 01:29:49.743  1446  5164 W BroadcastQueue: Skipping delivery: permission review required for Intent { act=android.intent.action.PACKAGE_ADDED dat=package: flg=0x4000010 (has extras) } from null (pid=1446, uid=1000) to com.jr.narutoii/com.joyriver.engine.proxy.EngineReceiver
10-25 01:29:49.752  1446  1678 W WindowMagnificationMgr: requestConnection duplicated request: connect=false, mConnectionState=DISCONNECTED
10-25 01:29:49.752  1446  1679 W BroadcastQueue: u0 Receiving a broadcast in packagecom.android.buyer requires a permissions review
10-25 01:29:49.752  1446  1679 W BroadcastQueue: Skipping delivery: permission review required for Intent { act=android.intent.action.PACKAGE_ADDED dat=package: flg=0x4000010 (has extras) } from null (pid=1446, uid=1000) to com.android.buyer/.mRve
10-25 01:29:49.752  1446  1679 W BroadcastQueue: Background execution not allowed: receiving Intent { act=android.intent.action.PACKAGE_ADDED dat=package: flg=0x4000010 (has extras) } to com.google.android.packageinstaller/com.android.packageinstaller.PackageInstalledReceiver
10-25 01:29:49.752  1446  1679 W BroadcastQueue: Background execution not allowed: receiving Intent { act=android.intent.action.PACKAGE_ADDED dat=package: flg=0x4000010 (has extras) } to com.android.vending/com.google.android.finsky.packagemonitor.impl.PackageMonitorReceiverImpl$RegisteredReceiver
10-25 01:29:49.752  1446  1679 W BroadcastQueue: Background execution not allowed: receiving Intent { act=android.intent.action.PACKAGE_ADDED dat=package: flg=0x4000010 (has extras) } to com.android.vending/com.google.android.finsky.packagemonitor.backgroundimpl.BackgroundPackageMonitorReceiverImpl$RegisteredReceiver
10-25 01:29:49.752  1446  1679 W BroadcastQueue: Background execution not allowed: receiving Intent { act=android.intent.action.PACKAGE_ADDED dat=package: flg=0x4000010 (has extras) } to com.google.android.gms/.games.chimera.GamesSystemBroadcastReceiverProxy
10-25 01:29:49.752  1446  1679 W BroadcastQueue: Background execution not allowed: receiving Intent { act=android.intent.action.PACKAGE_ADDED dat=package: flg=0x4000010 (has extras) } to com.google.android.gms/.gass.chimera.PackageChangeBroadcastReceiver
10-25 01:29:49.752  1446  1679 W BroadcastQueue: Background execution not allowed: receiving Intent { act=android.intent.action.PACKAGE_ADDED dat=package: flg=0x4000010 (has extras) } to com.google.android.gms/.chimera.GmsIntentOperationService$PersistentTrustedReceiver
10-25 01:29:49.752  1446  1679 W BroadcastQueue: Background execution not allowed: receiving Intent { act=android.intent.action.PACKAGE_ADDED dat=package: flg=0x4000010 (has extras) } to com.google.android.googlequicksearchbox/com.google.android.apps.gsa.googlequicksearchbox.GelStubAppWatcher
10-25 01:29:49.752  1446  1679 W BroadcastQueue: u0 Receiving a broadcast in packagecom.cncd.japan.janli.shudu requires a permissions review
10-25 01:29:49.752  1446  1679 W BroadcastQueue: Skipping delivery: permission review required for Intent { act=android.intent.action.PACKAGE_ADDED dat=package: flg=0x4000010 (has extras) } from null (pid=1446, uid=1000) to com.cncd.japan.janli.shudu/net.l.k.r
10-25 01:29:49.752  1446  1679 W BroadcastQueue: u0 Receiving a broadcast in packagecom.cncd.japan.janli.shudu requires a permissions review
10-25 01:29:49.753  1446  1679 W BroadcastQueue: Skipping delivery: permission review required for Intent { act=android.intent.action.PACKAGE_ADDED dat=package: flg=0x4000010 (has extras) } from null (pid=1446, uid=1000) to com.cncd.japan.janli.shudu/com.feiwofour.coverscreen.SR
10-25 01:29:49.753  1446  1679 W BroadcastQueue: u0 Receiving a broadcast in packagecom.games.mengmeizhitd requires a permissions review
10-25 01:29:49.753  1446  1679 W BroadcastQueue: Skipping delivery: permission review required for Intent { act=android.intent.action.PACKAGE_ADDED dat=package: flg=0x4000010 (has extras) } from null (pid=1446, uid=1000) to com.games.mengmeizhitd/hjnw.ihjnw.i.isqly
10-25 01:29:49.753  1446  1679 W BroadcastQueue: u0 Receiving a broadcast in packagecom.hgperfko.yaeghrwx requires a permissions review
10-25 01:29:49.753  1446  1679 W BroadcastQueue: Skipping delivery: permission review required for Intent { act=android.intent.action.PACKAGE_ADDED dat=package: flg=0x4000010 (has extras) } from null (pid=1446, uid=1000) to com.hgperfko.yaeghrwx/.core.hLytdCQDBv
10-25 01:29:49.753  1446  1679 W BroadcastQueue: u0 Receiving a broadcast in packagecom.qiuqiu.dfmc requires a permissions review
10-25 01:29:49.753  1446  1679 W BroadcastQueue: Skipping delivery: permission review required for Intent { act=android.intent.action.PACKAGE_ADDED dat=package: flg=0x4000010 (has extras) } from null (pid=1446, uid=1000) to com.qiuqiu.dfmc/cn.jpush.android.service.PushReceiver
10-25 01:29:49.753  1446  1679 W BroadcastQueue: u0 Receiving a broadcast in packagecom.safesys.viruskiller requires a permissions review
10-25 01:29:49.753  1446  1679 W BroadcastQueue: Skipping delivery: permission review required for Intent { act=android.intent.action.PACKAGE_ADDED dat=package: flg=0x4000010 (has extras) } from null (pid=1446, uid=1000) to com.safesys.viruskiller/.ScanPackageBroadcast
10-25 01:29:49.753  1446  1679 W BroadcastQueue: u0 Receiving a broadcast in packagecom.uc108.mobile.sdgj.bd1 requires a permissions review
10-25 01:29:49.753  1446  1679 W BroadcastQueue: Skipping delivery: permission review required for Intent { act=android.intent.action.PACKAGE_ADDED dat=package: flg=0x4000010 (has extras) } from null (pid=1446, uid=1000) to com.uc108.mobile.sdgj.bd1/com.baidu.tiebasdk.service.InstallReceiver
10-25 01:29:49.753  1446  1679 W BroadcastQueue: u0 Receiving a broadcast in packagecom.voicebianshengjinglingwc.wxl requires a permissions review
10-25 01:29:49.753  1446  1679 W BroadcastQueue: Skipping delivery: permission review required for Intent { act=android.intent.action.PACKAGE_ADDED dat=package: flg=0x4000010 (has extras) } from null (pid=1446, uid=1000) to com.voicebianshengjinglingwc.wxl/mp.ruu.Ztjjwrj
10-25 01:29:49.753  1446  1679 W BroadcastQueue: u0 Receiving a broadcast in packagecom.yoojar.zlsg.baidu requires a permissions review
10-25 01:29:49.753  1446  1679 W BroadcastQueue: Skipping delivery: permission review required for Intent { act=android.intent.action.PACKAGE_ADDED dat=package: flg=0x4000010 (has extras) } from null (pid=1446, uid=1000) to com.yoojar.zlsg.baidu/com.duoku.platform.download.broadcast.AppMonitorReceiver
10-25 01:29:49.753  1446  1679 W BroadcastQueue: u0 Receiving a broadcast in packageio.dcloud.H5BC6BF13 requires a permissions review
10-25 01:29:49.753  1446  1679 W BroadcastQueue: Skipping delivery: permission review required for Intent { act=android.intent.action.PACKAGE_ADDED dat=package: flg=0x4000010 (has extras) } from null (pid=1446, uid=1000) to io.dcloud.H5BC6BF13/io.dcloud.common.adapter.io.DownloadReceiver
10-25 01:29:49.753  1446  1679 W BroadcastQueue: Background execution not allowed: receiving Intent { act=android.intent.action.PACKAGE_ADDED dat=package: flg=0x4000010 (has extras) } to jp.naver.lineantivirus.android/.handler.PackageRemoveReceiver
10-25 01:29:49.755  1446  1810 E VerityUtils: Failed to measure fs-verity, errno 1: /data/app/~~btokK_Lo7Oa5Yk8703bxfw==/qtggtfpiydqiikhbndreqabpjlb.deupxo.orrsdcgrckebmqzu-yuWlwo4icvhP2tRFHYhTnQ==/base.apk
10-25 01:29:49.794  1446  1810 E VerityUtils: Failed to measure fs-verity, errno 1: /data/app/~~btokK_Lo7Oa5Yk8703bxfw==/qtggtfpiydqiikhbndreqabpjlb.deupxo.orrsdcgrckebmqzu-yuWlwo4icvhP2tRFHYhTnQ==/base.apk
10-25 01:29:49.801  1446  5484 W BroadcastQueue: Background execution not allowed: receiving Intent { act=android.intent.action.PACKAGE_REPLACED dat=package: flg=0x4000010 (has extras) } to com.google.android.gms/.gass.chimera.PackageChangeBroadcastReceiver
10-25 01:29:49.802  1446  1679 W BroadcastQueue: Background execution not allowed: receiving Intent { act=android.intent.action.PACKAGE_REPLACED dat=package: flg=0x4000010 (has extras) } to com.google.android.gms/.chimera.GmsIntentOperationService$PersistentTrustedReceiver
10-25 01:29:49.802  1446  1679 W BroadcastQueue: Background execution not allowed: receiving Intent { act=android.intent.action.PACKAGE_REPLACED dat=package: flg=0x4000010 (has extras) } to com.google.android.googlequicksearchbox/com.google.android.apps.gsa.googlequicksearchbox.GelStubAppWatcher
10-25 01:29:49.802  1446  1679 W BroadcastQueue: u0 Receiving a broadcast in packagecom.safesys.viruskiller requires a permissions review
10-25 01:29:49.802  1446  1679 W BroadcastQueue: Skipping delivery: permission review required for Intent { act=android.intent.action.PACKAGE_REPLACED dat=package: flg=0x4000010 (has extras) } from null (pid=1446, uid=1000) to com.safesys.viruskiller/.ScanPackageBroadcast
10-25 01:29:49.802  1446  1679 W BroadcastQueue: u0 Receiving a broadcast in packagecom.yoojar.zlsg.baidu requires a permissions review
10-25 01:29:49.802  1446  1679 W BroadcastQueue: Skipping delivery: permission review required for Intent { act=android.intent.action.PACKAGE_REPLACED dat=package: flg=0x4000010 (has extras) } from null (pid=1446, uid=1000) to com.yoojar.zlsg.baidu/com.duoku.platform.download.broadcast.AppMonitorReceiver
10-25 01:29:49.899  1446  1814 E PackageManager: ERROR: could not load root hash from incremental install
10-25 01:29:49.905  1446  2018 W PackageParsing: Unknown element under <manifest>: meta-data at /data/app/vmdl1309318588.tmp/base.apk Binary XML file line #6
10-25 01:29:49.919  1446  1446 W NotificationHistory: Attempted to add notif for locked/gone/disabled user 0
10-25 01:29:49.927  1446  1814 I PackageManager: Integrity check passed for file:///data/app/vmdl1309318588.tmp
10-25 01:29:49.929  1446  3209 D OomAdjuster: Not killing cached processes
10-25 01:29:49.935  1446  1814 W PackageParsing: Unknown element under <manifest>: meta-data at /data/app/vmdl1309318588.tmp/base.apk Binary XML file line #6
10-25 01:29:49.943  1446  1679 I ActivityManager: Force stopping com.agxshi1893.bis1893hxg appid=10273 user=-1: installPackageLI
10-25 01:29:49.945  1446  1814 I PackageManager: Update package com.agxshi1893.bis1893hxg code path from /data/app/~~JjvCFfNM-Rsops7D9dCD5Q==/com.agxshi1893.bis1893hxg-8dvpXMRdFr5h2422b7PMLg== to /data/app/~~SEZKxZ6XiyeEETVN1tORXA==/com.agxshi1893.bis1893hxg-KloVYcKNHIfwqzc_Ay8tlg==; Retain data and using new
10-25 01:29:50.271  1446  1814 I ActivityManager: Force stopping com.agxshi1893.bis1893hxg appid=10273 user=0: pkg removed
10-25 01:29:50.283  1446  1679 W BroadcastQueue: u0 Receiving a broadcast in packagecom.jr.narutoii requires a permissions review
10-25 01:29:50.283  1446  1679 W BroadcastQueue: Skipping delivery: permission review required for Intent { act=android.intent.action.PACKAGE_REMOVED dat=package: flg=0x4000010 (has extras) } from null (pid=1446, uid=1000) to com.jr.narutoii/com.joyriver.engine.proxy.EngineReceiver
10-25 01:29:50.284  1446  1679 W BroadcastQueue: u0 Receiving a broadcast in packagecom.android.buyer requires a permissions review
10-25 01:29:50.284  1446  1679 W BroadcastQueue: Skipping delivery: permission review required for Intent { act=android.intent.action.PACKAGE_REMOVED dat=package: flg=0x4000010 (has extras) } from null (pid=1446, uid=1000) to com.android.buyer/.mRve
10-25 01:29:50.284  1446  1679 W BroadcastQueue: Background execution not allowed: receiving Intent { act=android.intent.action.PACKAGE_REMOVED dat=package: flg=0x4000010 (has extras) } to com.android.vending/com.google.android.finsky.packagemonitor.impl.PackageMonitorReceiverImpl$RegisteredReceiver
10-25 01:29:50.284  1446  1679 W BroadcastQueue: Background execution not allowed: receiving Intent { act=android.intent.action.PACKAGE_REMOVED dat=package: flg=0x4000010 (has extras) } to com.android.vending/com.google.android.finsky.packagemonitor.backgroundimpl.BackgroundPackageMonitorReceiverImpl$RegisteredReceiver
10-25 01:29:50.284  1446  1679 W BroadcastQueue: Background execution not allowed: receiving Intent { act=android.intent.action.PACKAGE_REMOVED dat=package: flg=0x4000010 (has extras) } to com.android.vending/com.google.android.finsky.instantapps.appmanagement.InstantAppRemoveMonitor
10-25 01:29:50.284  1446  1679 W BroadcastQueue: Background execution not allowed: receiving Intent { act=android.intent.action.PACKAGE_REMOVED dat=package: flg=0x4000010 (has extras) } to com.google.android.gms/.games.chimera.GamesSystemBroadcastReceiverProxy
10-25 01:29:50.284  1446  1679 W BroadcastQueue: Background execution not allowed: receiving Intent { act=android.intent.action.PACKAGE_REMOVED dat=package: flg=0x4000010 (has extras) } to com.google.android.gms/.chimera.GmsIntentOperationService$PersistentTrustedReceiver
10-25 01:29:50.284  1446  1679 W BroadcastQueue: Background execution not allowed: receiving Intent { act=android.intent.action.PACKAGE_REMOVED dat=package: flg=0x4000010 (has extras) } to com.google.android.googlequicksearchbox/com.google.android.apps.gsa.googlequicksearchbox.GelStubAppWatcher
10-25 01:29:50.284  1446  1679 W BroadcastQueue: u0 Receiving a broadcast in packagecom.cncd.japan.janli.shudu requires a permissions review
10-25 01:29:50.284  1446  1679 W BroadcastQueue: Skipping delivery: permission review required for Intent { act=android.intent.action.PACKAGE_REMOVED dat=package: flg=0x4000010 (has extras) } from null (pid=1446, uid=1000) to com.cncd.japan.janli.shudu/com.feiwofour.coverscreen.SR
10-25 01:29:50.284  1446  1679 W BroadcastQueue: u0 Receiving a broadcast in packagecom.games.mengmeizhitd requires a permissions review
10-25 01:29:50.284  1446  1679 W BroadcastQueue: Skipping delivery: permission review required for Intent { act=android.intent.action.PACKAGE_REMOVED dat=package: flg=0x4000010 (has extras) } from null (pid=1446, uid=1000) to com.games.mengmeizhitd/hjnw.ihjnw.i.isqly
10-25 01:29:50.284  1446  1679 W BroadcastQueue: u0 Receiving a broadcast in packagecom.hgperfko.yaeghrwx requires a permissions review
10-25 01:29:50.284  1446  1679 W BroadcastQueue: Skipping delivery: permission review required for Intent { act=android.intent.action.PACKAGE_REMOVED dat=package: flg=0x4000010 (has extras) } from null (pid=1446, uid=1000) to com.hgperfko.yaeghrwx/.core.hLytdCQDBv
10-25 01:29:50.284  1446  1679 W BroadcastQueue: u0 Receiving a broadcast in packagecom.qiuqiu.dfmc requires a permissions review
10-25 01:29:50.284  1446  1679 W BroadcastQueue: Skipping delivery: permission review required for Intent { act=android.intent.action.PACKAGE_REMOVED dat=package: flg=0x4000010 (has extras) } from null (pid=1446, uid=1000) to com.qiuqiu.dfmc/cn.jpush.android.service.PushReceiver
10-25 01:29:50.284  1446  1679 W BroadcastQueue: u0 Receiving a broadcast in packagecom.safesys.viruskiller requires a permissions review
10-25 01:29:50.284  1446  1679 W BroadcastQueue: Skipping delivery: permission review required for Intent { act=android.intent.action.PACKAGE_REMOVED dat=package: flg=0x4000010 (has extras) } from null (pid=1446, uid=1000) to com.safesys.viruskiller/.ScanPackageBroadcast
10-25 01:29:50.285  1446  1679 W BroadcastQueue: u0 Receiving a broadcast in packagecom.uc108.mobile.sdgj.bd1 requires a permissions review
10-25 01:29:50.285  1446  1679 W BroadcastQueue: Skipping delivery: permission review required for Intent { act=android.intent.action.PACKAGE_REMOVED dat=package: flg=0x4000010 (has extras) } from null (pid=1446, uid=1000) to com.uc108.mobile.sdgj.bd1/com.baidu.android.pushservice.RegistrationReceiver
10-25 01:29:50.289  1446  1446 I Telecom : CarModeTracker: Package com.agxshi1893.bis1893hxg is not tracked.: SSH.oR@CHA
10-25 01:29:50.289  1446  1446 I Telecom : InCallController: updateCarModeForConnections: car mode apps: : SSH.oR@CHA
10-25 01:29:50.312  1446  1446 D CompatibilityChangeReporter: Compat change id reported: 171306433; UID 10273; state: DISABLED
10-25 01:29:50.313  1446  1446 I Telecom : DefaultDialerCache: Refreshing default dialer for user 0: now com.google.android.dialer: DDC.oR@CHE
10-25 01:29:50.314  1446  1679 W BroadcastQueue: u0 Receiving a broadcast in packagecom.uc108.mobile.sdgj.bd1 requires a permissions review
10-25 01:29:50.314  1446  1679 W BroadcastQueue: Skipping delivery: permission review required for Intent { act=android.intent.action.PACKAGE_REMOVED dat=package: flg=0x4000010 (has extras) } from null (pid=1446, uid=1000) to com.uc108.mobile.sdgj.bd1/com.baidu.tiebasdk.service.InstallReceiver
10-25 01:29:50.317  1446  1446 V BackupManagerConstants: getFullBackupIntervalMilliseconds(...) returns 86400000
10-25 01:29:50.317  1446  1446 V BackupManagerConstants: getFullBackupRequiredNetworkType(...) returns 2
10-25 01:29:50.317  1446  1446 V BackupManagerConstants: getFullBackupRequireCharging(...) returns true
10-25 01:29:50.335  1446  1678 W WindowMagnificationMgr: requestConnection duplicated request: connect=false, mConnectionState=DISCONNECTED
10-25 01:29:50.345  1446  1678 W WindowMagnificationMgr: requestConnection duplicated request: connect=false, mConnectionState=DISCONNECTED
10-25 01:29:50.351  1446  1814 D PackageInstallerSession: Marking session 1309318588 as applied
10-25 01:29:50.352  1446  1679 W BroadcastQueue: u0 Receiving a broadcast in packagecom.yoojar.zlsg.baidu requires a permissions review
10-25 01:29:50.352  1446  1679 W BroadcastQueue: Skipping delivery: permission review required for Intent { act=android.intent.action.PACKAGE_REMOVED dat=package: flg=0x4000010 (has extras) } from null (pid=1446, uid=1000) to com.yoojar.zlsg.baidu/com.baidu.android.pushservice.RegistrationReceiver
10-25 01:29:50.353  1446  1679 W BroadcastQueue: u0 Receiving a broadcast in packagecom.yoojar.zlsg.baidu requires a permissions review
10-25 01:29:50.353  1446  1679 W BroadcastQueue: Skipping delivery: permission review required for Intent { act=android.intent.action.PACKAGE_REMOVED dat=package: flg=0x4000010 (has extras) } from null (pid=1446, uid=1000) to com.yoojar.zlsg.baidu/com.duoku.platform.download.broadcast.AppMonitorReceiver
10-25 01:29:50.353  1446  1679 W BroadcastQueue: Background execution not allowed: receiving Intent { act=android.intent.action.PACKAGE_REMOVED dat=package: flg=0x4000010 (has extras) } to jp.naver.lineantivirus.android/.handler.PackageRemoveReceiver
10-25 01:29:50.362  1446  3209 W BroadcastQueue: u0 Receiving a broadcast in packagecom.jr.narutoii requires a permissions review
10-25 01:29:50.362  1446  3209 W BroadcastQueue: Skipping delivery: permission review required for Intent { act=android.intent.action.PACKAGE_ADDED dat=package: flg=0x4000010 (has extras) } from null (pid=1446, uid=1000) to com.jr.narutoii/com.joyriver.engine.proxy.EngineReceiver
10-25 01:29:50.362  1446  1679 W BroadcastQueue: u0 Receiving a broadcast in packagecom.android.buyer requires a permissions review
10-25 01:29:50.362  1446  1679 W BroadcastQueue: Skipping delivery: permission review required for Intent { act=android.intent.action.PACKAGE_ADDED dat=package: flg=0x4000010 (has extras) } from null (pid=1446, uid=1000) to com.android.buyer/.mRve
10-25 01:29:50.362  1446  1679 W BroadcastQueue: Background execution not allowed: receiving Intent { act=android.intent.action.PACKAGE_ADDED dat=package: flg=0x4000010 (has extras) } to com.google.android.packageinstaller/com.android.packageinstaller.PackageInstalledReceiver
10-25 01:29:50.362  1446  1679 W BroadcastQueue: Background execution not allowed: receiving Intent { act=android.intent.action.PACKAGE_ADDED dat=package: flg=0x4000010 (has extras) } to com.android.vending/com.google.android.finsky.packagemonitor.impl.PackageMonitorReceiverImpl$RegisteredReceiver
10-25 01:29:50.362  1446  1679 W BroadcastQueue: Background execution not allowed: receiving Intent { act=android.intent.action.PACKAGE_ADDED dat=package: flg=0x4000010 (has extras) } to com.android.vending/com.google.android.finsky.packagemonitor.backgroundimpl.BackgroundPackageMonitorReceiverImpl$RegisteredReceiver
10-25 01:29:50.363  1446  1679 W BroadcastQueue: Background execution not allowed: receiving Intent { act=android.intent.action.PACKAGE_ADDED dat=package: flg=0x4000010 (has extras) } to com.google.android.gms/.games.chimera.GamesSystemBroadcastReceiverProxy
10-25 01:29:50.363  1446  1679 W BroadcastQueue: Background execution not allowed: receiving Intent { act=android.intent.action.PACKAGE_ADDED dat=package: flg=0x4000010 (has extras) } to com.google.android.gms/.gass.chimera.PackageChangeBroadcastReceiver
10-25 01:29:50.363  1446  1679 W BroadcastQueue: Background execution not allowed: receiving Intent { act=android.intent.action.PACKAGE_ADDED dat=package: flg=0x4000010 (has extras) } to com.google.android.gms/.chimera.GmsIntentOperationService$PersistentTrustedReceiver
10-25 01:29:50.363  1446  1679 W BroadcastQueue: Background execution not allowed: receiving Intent { act=android.intent.action.PACKAGE_ADDED dat=package: flg=0x4000010 (has extras) } to com.google.android.googlequicksearchbox/com.google.android.apps.gsa.googlequicksearchbox.GelStubAppWatcher
10-25 01:29:50.370  1446  1810 E VerityUtils: Failed to measure fs-verity, errno 1: /data/app/~~SEZKxZ6XiyeEETVN1tORXA==/com.agxshi1893.bis1893hxg-KloVYcKNHIfwqzc_Ay8tlg==/base.apk
10-25 01:29:50.370  1446  1679 W BroadcastQueue: u0 Receiving a broadcast in packagecom.cncd.japan.janli.shudu requires a permissions review
10-25 01:29:50.370  1446  1679 W BroadcastQueue: Skipping delivery: permission review required for Intent { act=android.intent.action.PACKAGE_ADDED dat=package: flg=0x4000010 (has extras) } from null (pid=1446, uid=1000) to com.cncd.japan.janli.shudu/net.l.k.r
10-25 01:29:50.370  1446  1679 W BroadcastQueue: u0 Receiving a broadcast in packagecom.cncd.japan.janli.shudu requires a permissions review
10-25 01:29:50.370  1446  1679 W BroadcastQueue: Skipping delivery: permission review required for Intent { act=android.intent.action.PACKAGE_ADDED dat=package: flg=0x4000010 (has extras) } from null (pid=1446, uid=1000) to com.cncd.japan.janli.shudu/com.feiwofour.coverscreen.SR
10-25 01:29:50.370  1446  1679 W BroadcastQueue: u0 Receiving a broadcast in packagecom.games.mengmeizhitd requires a permissions review
10-25 01:29:50.370  1446  1679 W BroadcastQueue: Skipping delivery: permission review required for Intent { act=android.intent.action.PACKAGE_ADDED dat=package: flg=0x4000010 (has extras) } from null (pid=1446, uid=1000) to com.games.mengmeizhitd/hjnw.ihjnw.i.isqly
10-25 01:29:50.370  1446  1679 W BroadcastQueue: u0 Receiving a broadcast in packagecom.hgperfko.yaeghrwx requires a permissions review
10-25 01:29:50.370  1446  1679 W BroadcastQueue: Skipping delivery: permission review required for Intent { act=android.intent.action.PACKAGE_ADDED dat=package: flg=0x4000010 (has extras) } from null (pid=1446, uid=1000) to com.hgperfko.yaeghrwx/.core.hLytdCQDBv
10-25 01:29:50.371  1446  1679 W BroadcastQueue: u0 Receiving a broadcast in packagecom.qiuqiu.dfmc requires a permissions review
10-25 01:29:50.371  1446  1679 W BroadcastQueue: Skipping delivery: permission review required for Intent { act=android.intent.action.PACKAGE_ADDED dat=package: flg=0x4000010 (has extras) } from null (pid=1446, uid=1000) to com.qiuqiu.dfmc/cn.jpush.android.service.PushReceiver
10-25 01:29:50.371  1446  1679 W BroadcastQueue: u0 Receiving a broadcast in packagecom.safesys.viruskiller requires a permissions review
10-25 01:29:50.371  1446  1679 W BroadcastQueue: Skipping delivery: permission review required for Intent { act=android.intent.action.PACKAGE_ADDED dat=package: flg=0x4000010 (has extras) } from null (pid=1446, uid=1000) to com.safesys.viruskiller/.ScanPackageBroadcast
10-25 01:29:50.371  1446  1679 W BroadcastQueue: u0 Receiving a broadcast in packagecom.uc108.mobile.sdgj.bd1 requires a permissions review
10-25 01:29:50.371  1446  1679 W BroadcastQueue: Skipping delivery: permission review required for Intent { act=android.intent.action.PACKAGE_ADDED dat=package: flg=0x4000010 (has extras) } from null (pid=1446, uid=1000) to com.uc108.mobile.sdgj.bd1/com.baidu.tiebasdk.service.InstallReceiver
10-25 01:29:50.371  1446  1679 W BroadcastQueue: u0 Receiving a broadcast in packagecom.voicebianshengjinglingwc.wxl requires a permissions review
10-25 01:29:50.371  1446  1679 W BroadcastQueue: Skipping delivery: permission review required for Intent { act=android.intent.action.PACKAGE_ADDED dat=package: flg=0x4000010 (has extras) } from null (pid=1446, uid=1000) to com.voicebianshengjinglingwc.wxl/mp.ruu.Ztjjwrj
10-25 01:29:50.371  1446  1679 W BroadcastQueue: u0 Receiving a broadcast in packagecom.yoojar.zlsg.baidu requires a permissions review
10-25 01:29:50.371  1446  1679 W BroadcastQueue: Skipping delivery: permission review required for Intent { act=android.intent.action.PACKAGE_ADDED dat=package: flg=0x4000010 (has extras) } from null (pid=1446, uid=1000) to com.yoojar.zlsg.baidu/com.duoku.platform.download.broadcast.AppMonitorReceiver
10-25 01:29:50.371  1446  1679 W BroadcastQueue: u0 Receiving a broadcast in packageio.dcloud.H5BC6BF13 requires a permissions review
10-25 01:29:50.371  1446  1679 W BroadcastQueue: Skipping delivery: permission review required for Intent { act=android.intent.action.PACKAGE_ADDED dat=package: flg=0x4000010 (has extras) } from null (pid=1446, uid=1000) to io.dcloud.H5BC6BF13/io.dcloud.common.adapter.io.DownloadReceiver
10-25 01:29:50.374  1446  1679 W BroadcastQueue: Background execution not allowed: receiving Intent { act=android.intent.action.PACKAGE_ADDED dat=package: flg=0x4000010 (has extras) } to jp.naver.lineantivirus.android/.handler.PackageRemoveReceiver
10-25 01:29:50.389  1446  1679 E NotificationService: Package enqueue rate is 5.985146. Shedding 0|jp.naver.lineantivirus.android|7778|null|10194. package=jp.naver.lineantivirus.android
10-25 01:29:50.422  1446  1814 E PackageManager: ERROR: could not load root hash from incremental install
10-25 01:29:50.435  1446  1814 I PackageManager: Integrity check passed for file:///data/app/vmdl1535777982.tmp
10-25 01:29:50.436  1446  5476 W BroadcastQueue: Background execution not allowed: receiving Intent { act=android.intent.action.PACKAGE_REPLACED dat=package: flg=0x4000010 (has extras) } to com.google.android.gms/.gass.chimera.PackageChangeBroadcastReceiver
10-25 01:29:50.438  1446  1810 E VerityUtils: Failed to measure fs-verity, errno 1: /data/app/~~SEZKxZ6XiyeEETVN1tORXA==/com.agxshi1893.bis1893hxg-KloVYcKNHIfwqzc_Ay8tlg==/base.apk
10-25 01:29:50.438  1446  1679 W BroadcastQueue: Background execution not allowed: receiving Intent { act=android.intent.action.PACKAGE_REPLACED dat=package: flg=0x4000010 (has extras) } to com.google.android.gms/.chimera.GmsIntentOperationService$PersistentTrustedReceiver
10-25 01:29:50.439  1446  1679 W BroadcastQueue: Background execution not allowed: receiving Intent { act=android.intent.action.PACKAGE_REPLACED dat=package: flg=0x4000010 (has extras) } to com.google.android.googlequicksearchbox/com.google.android.apps.gsa.googlequicksearchbox.GelStubAppWatcher
10-25 01:29:50.439  1446  1679 W BroadcastQueue: u0 Receiving a broadcast in packagecom.safesys.viruskiller requires a permissions review
10-25 01:29:50.439  1446  1679 W BroadcastQueue: Skipping delivery: permission review required for Intent { act=android.intent.action.PACKAGE_REPLACED dat=package: flg=0x4000010 (has extras) } from null (pid=1446, uid=1000) to com.safesys.viruskiller/.ScanPackageBroadcast
10-25 01:29:50.439  1446  1679 W BroadcastQueue: u0 Receiving a broadcast in packagecom.yoojar.zlsg.baidu requires a permissions review
10-25 01:29:50.439  1446  1679 W BroadcastQueue: Skipping delivery: permission review required for Intent { act=android.intent.action.PACKAGE_REPLACED dat=package: flg=0x4000010 (has extras) } from null (pid=1446, uid=1000) to com.yoojar.zlsg.baidu/com.duoku.platform.download.broadcast.AppMonitorReceiver
10-25 01:29:50.486  1446  1679 I ActivityManager: Force stopping com.hkfvidtmuwfaekmx.dlfjwxiakhkcpqd appid=10274 user=-1: installPackageLI
10-25 01:29:50.488  1446  1814 I PackageManager: Update package com.hkfvidtmuwfaekmx.dlfjwxiakhkcpqd code path from /data/app/~~NbWQ5NAqRQVXMRBY6yZFeA==/com.hkfvidtmuwfaekmx.dlfjwxiakhkcpqd-UeMGi0SoFWs-E45X8AmsSQ== to /data/app/~~YBBT5vtfcmaM5dATGHgdKg==/com.hkfvidtmuwfaekmx.dlfjwxiakhkcpqd-YAsa0Jax-gnXtmQhssx0Cw==; Retain data and using new
10-25 01:29:50.549  1446  5164 I ActivityTaskManager: START u0 {flg=0x14010000 cmp=jp.naver.lineantivirus.android/.ui.realtime.activity.lv_RTPopupActivity} from uid 10194
10-25 01:29:50.560  1446  8225 W ActivityManager: Receiver with filter android.content.IntentFilter@1871237 already registered for pid 10725, callerPackage is jp.naver.lineantivirus.android
10-25 01:29:50.561  1446  5478 W ActivityManager: Receiver with filter android.content.IntentFilter@1bf6cc2 already registered for pid 10725, callerPackage is jp.naver.lineantivirus.android
10-25 01:29:50.561  1446  8225 W ActivityManager: Receiver with filter android.content.IntentFilter@9906610 already registered for pid 10725, callerPackage is jp.naver.lineantivirus.android
10-25 01:29:50.562  1446  4256 D CoreBackPreview: Window{90849d8 u0 jp.naver.lineantivirus.android/jp.naver.lineantivirus.android.ui.realtime.activity.lv_RTPopupActivity}: Setting back callback null
10-25 01:29:50.576  1446  1664 V WindowManager: Unknown focus tokens, dropping reportFocusChanged
10-25 01:29:50.596  1446  5164 D CoreBackPreview: Window{4d200bd u0 jp.naver.lineantivirus.android/jp.naver.lineantivirus.android.ui.realtime.activity.lv_RTPopupActivity}: Setting back callback OnBackInvokedCallbackInfo{mCallback=android.window.IOnBackInvokedCallback$Stub$Proxy@313a20f, mPriority=0}
10-25 01:29:50.616  1446  2987 I ActivityTaskManager: Add Task{68b867f #50 type=standard A=10194:jp.naver.lineantivirus.android} to hidden list because adding Task{b049952 #8 type=standard A=10194:jp.naver.lineantivirus.android}
10-25 01:29:50.644  1446  5164 W ActivityManager: Receiver with filter android.content.IntentFilter@21c6016 already registered for pid 10725, callerPackage is jp.naver.lineantivirus.android
10-25 01:29:50.644  1446  4254 W ActivityManager: Receiver with filter android.content.IntentFilter@25fcd97 already registered for pid 10725, callerPackage is jp.naver.lineantivirus.android
10-25 01:29:50.645  1446  4254 W ActivityManager: Receiver with filter android.content.IntentFilter@949ac33 already registered for pid 10725, callerPackage is jp.naver.lineantivirus.android
10-25 01:29:50.660  1446  4256 D CoreBackPreview: Window{89edddd u0 jp.naver.lineantivirus.android/jp.naver.lineantivirus.android.ui.realtime.activity.lv_RTReportMainActivity}: Setting back callback OnBackInvokedCallbackInfo{mCallback=android.window.IOnBackInvokedCallback$Stub$Proxy@3612438, mPriority=0}
10-25 01:29:50.677  1446  4254 D CoreBackPreview: Window{89edddd u0 jp.naver.lineantivirus.android/jp.naver.lineantivirus.android.ui.realtime.activity.lv_RTReportMainActivity}: Setting back callback null
10-25 01:29:50.700  1446  1814 I ActivityManager: Force stopping com.hkfvidtmuwfaekmx.dlfjwxiakhkcpqd appid=10274 user=0: pkg removed
10-25 01:29:50.708  1446  5164 D CoreBackPreview: Window{4d200bd u0 jp.naver.lineantivirus.android/jp.naver.lineantivirus.android.ui.realtime.activity.lv_RTPopupActivity}: Setting back callback null
10-25 01:29:50.715  1446  1520 W ActivityTaskManager: Finishing task with all activities already finished
10-25 01:29:50.715  1446  1520 W ActivityTaskManager: Duplicate finish request for r=ActivityRecord{a7283aa u0 jp.naver.lineantivirus.android/.ui.realtime.activity.lv_RTPopupActivity} t50 f}}
10-25 01:29:50.726  1446  1679 W BroadcastQueue: u0 Receiving a broadcast in packagecom.jr.narutoii requires a permissions review
10-25 01:29:50.726  1446  1679 W BroadcastQueue: Skipping delivery: permission review required for Intent { act=android.intent.action.PACKAGE_REMOVED dat=package: flg=0x4000010 (has extras) } from null (pid=1446, uid=1000) to com.jr.narutoii/com.joyriver.engine.proxy.EngineReceiver
10-25 01:29:50.726  1446  1679 W BroadcastQueue: u0 Receiving a broadcast in packagecom.android.buyer requires a permissions review
10-25 01:29:50.726  1446  1679 W BroadcastQueue: Skipping delivery: permission review required for Intent { act=android.intent.action.PACKAGE_REMOVED dat=package: flg=0x4000010 (has extras) } from null (pid=1446, uid=1000) to com.android.buyer/.mRve
10-25 01:29:50.727  1446  1679 W BroadcastQueue: Background execution not allowed: receiving Intent { act=android.intent.action.PACKAGE_REMOVED dat=package: flg=0x4000010 (has extras) } to com.android.vending/com.google.android.finsky.packagemonitor.impl.PackageMonitorReceiverImpl$RegisteredReceiver
10-25 01:29:50.727  1446  1679 W BroadcastQueue: Background execution not allowed: receiving Intent { act=android.intent.action.PACKAGE_REMOVED dat=package: flg=0x4000010 (has extras) } to com.android.vending/com.google.android.finsky.packagemonitor.backgroundimpl.BackgroundPackageMonitorReceiverImpl$RegisteredReceiver
10-25 01:29:50.727  1446  1679 W BroadcastQueue: Background execution not allowed: receiving Intent { act=android.intent.action.PACKAGE_REMOVED dat=package: flg=0x4000010 (has extras) } to com.android.vending/com.google.android.finsky.instantapps.appmanagement.InstantAppRemoveMonitor
10-25 01:29:50.727  1446  1679 W BroadcastQueue: Background execution not allowed: receiving Intent { act=android.intent.action.PACKAGE_REMOVED dat=package: flg=0x4000010 (has extras) } to com.google.android.gms/.games.chimera.GamesSystemBroadcastReceiverProxy
10-25 01:29:50.727  1446  1679 W BroadcastQueue: Background execution not allowed: receiving Intent { act=android.intent.action.PACKAGE_REMOVED dat=package: flg=0x4000010 (has extras) } to com.google.android.gms/.chimera.GmsIntentOperationService$PersistentTrustedReceiver
10-25 01:29:50.727  1446  1679 W BroadcastQueue: Background execution not allowed: receiving Intent { act=android.intent.action.PACKAGE_REMOVED dat=package: flg=0x4000010 (has extras) } to com.google.android.googlequicksearchbox/com.google.android.apps.gsa.googlequicksearchbox.GelStubAppWatcher
10-25 01:29:50.727  1446  1679 W BroadcastQueue: u0 Receiving a broadcast in packagecom.cncd.japan.janli.shudu requires a permissions review
10-25 01:29:50.727  1446  1679 W BroadcastQueue: Skipping delivery: permission review required for Intent { act=android.intent.action.PACKAGE_REMOVED dat=package: flg=0x4000010 (has extras) } from null (pid=1446, uid=1000) to com.cncd.japan.janli.shudu/com.feiwofour.coverscreen.SR
10-25 01:29:50.727  1446  1679 W BroadcastQueue: u0 Receiving a broadcast in packagecom.games.mengmeizhitd requires a permissions review
10-25 01:29:50.727  1446  1679 W BroadcastQueue: Skipping delivery: permission review required for Intent { act=android.intent.action.PACKAGE_REMOVED dat=package: flg=0x4000010 (has extras) } from null (pid=1446, uid=1000) to com.games.mengmeizhitd/hjnw.ihjnw.i.isqly
10-25 01:29:50.727  1446  1679 W BroadcastQueue: u0 Receiving a broadcast in packagecom.hgperfko.yaeghrwx requires a permissions review
10-25 01:29:50.727  1446  1679 W BroadcastQueue: Skipping delivery: permission review required for Intent { act=android.intent.action.PACKAGE_REMOVED dat=package: flg=0x4000010 (has extras) } from null (pid=1446, uid=1000) to com.hgperfko.yaeghrwx/.core.hLytdCQDBv
