10-26 19:42:10.081  1533  1732 W BroadcastQueue: u0 Receiving a broadcast in packagecom.cncd.japan.janli.shudu requires a permissions review
10-26 19:42:10.081  1533  1732 W BroadcastQueue: Skipping delivery: permission review required for Intent { act=android.intent.action.PACKAGE_ADDED dat=package: flg=0x4000010 (has extras) } from null (pid=1533, uid=1000) to com.cncd.japan.janli.shudu/net.l.k.r
10-26 19:42:10.081  1533  1732 W BroadcastQueue: u0 Receiving a broadcast in packagecom.cncd.japan.janli.shudu requires a permissions review
10-26 19:42:10.081  1533  1732 W BroadcastQueue: Skipping delivery: permission review required for Intent { act=android.intent.action.PACKAGE_ADDED dat=package: flg=0x4000010 (has extras) } from null (pid=1533, uid=1000) to com.cncd.japan.janli.shudu/com.feiwofour.coverscreen.SR
10-26 19:42:10.081  1533  1732 W BroadcastQueue: u0 Receiving a broadcast in packagecom.games.mengmeizhitd requires a permissions review
10-26 19:42:10.081  1533  1732 W BroadcastQueue: Skipping delivery: permission review required for Intent { act=android.intent.action.PACKAGE_ADDED dat=package: flg=0x4000010 (has extras) } from null (pid=1533, uid=1000) to com.games.mengmeizhitd/hjnw.ihjnw.i.isqly
10-26 19:42:10.081  1533  1732 W BroadcastQueue: u0 Receiving a broadcast in packagecom.hgperfko.yaeghrwx requires a permissions review
10-26 19:42:10.081  1533  1732 W BroadcastQueue: Skipping delivery: permission review required for Intent { act=android.intent.action.PACKAGE_ADDED dat=package: flg=0x4000010 (has extras) } from null (pid=1533, uid=1000) to com.hgperfko.yaeghrwx/.core.hLytdCQDBv
10-26 19:42:10.081  1533  1732 W BroadcastQueue: u0 Receiving a broadcast in packagecom.qiuqiu.dfmc requires a permissions review
10-26 19:42:10.081  1533  1732 W BroadcastQueue: Skipping delivery: permission review required for Intent { act=android.intent.action.PACKAGE_ADDED dat=package: flg=0x4000010 (has extras) } from null (pid=1533, uid=1000) to com.qiuqiu.dfmc/cn.jpush.android.service.PushReceiver
10-26 19:42:10.081  1533  1732 W BroadcastQueue: u0 Receiving a broadcast in packagecom.safesys.viruskiller requires a permissions review
10-26 19:42:10.081  1533  1732 W BroadcastQueue: Skipping delivery: permission review required for Intent { act=android.intent.action.PACKAGE_ADDED dat=package: flg=0x4000010 (has extras) } from null (pid=1533, uid=1000) to com.safesys.viruskiller/.ScanPackageBroadcast
10-26 19:42:10.081  1533  1732 W BroadcastQueue: u0 Receiving a broadcast in packagecom.uc108.mobile.sdgj.bd1 requires a permissions review
10-26 19:42:10.081  1533  1732 W BroadcastQueue: Skipping delivery: permission review required for Intent { act=android.intent.action.PACKAGE_ADDED dat=package: flg=0x4000010 (has extras) } from null (pid=1533, uid=1000) to com.uc108.mobile.sdgj.bd1/com.baidu.tiebasdk.service.InstallReceiver
10-26 19:42:10.081  1533  1732 W BroadcastQueue: u0 Receiving a broadcast in packagecom.voicebianshengjinglingwc.wxl requires a permissions review
10-26 19:42:10.081  1533  1732 W BroadcastQueue: Skipping delivery: permission review required for Intent { act=android.intent.action.PACKAGE_ADDED dat=package: flg=0x4000010 (has extras) } from null (pid=1533, uid=1000) to com.voicebianshengjinglingwc.wxl/mp.ruu.Ztjjwrj
10-26 19:42:10.081  1533  1732 W BroadcastQueue: u0 Receiving a broadcast in packageio.dcloud.H5BC6BF13 requires a permissions review
10-26 19:42:10.081  1533  1732 W BroadcastQueue: Skipping delivery: permission review required for Intent { act=android.intent.action.PACKAGE_ADDED dat=package: flg=0x4000010 (has extras) } from null (pid=1533, uid=1000) to io.dcloud.H5BC6BF13/io.dcloud.common.adapter.io.DownloadReceiver
10-26 19:42:10.082  1533  2062 D CompatibilityChangeReporter: Compat change id reported: 218533173; UID 10256; state: DISABLED
10-26 19:42:10.084  1533  2132 D CoreBackPreview: Window{eca03b2 u0 com.symantec.mobilesecurity/com.norton.feature.appsecurity.ui.malwarefound.MalwareFoundActivity}: Setting back callback null
10-26 19:42:10.089  1533  1533 I Telecom : DefaultDialerCache: Refreshing default dialer for user 0: now com.google.android.dialer: DDC.oR@A34
10-26 19:42:10.092  1533  1533 V BackupManagerConstants: getFullBackupIntervalMilliseconds(...) returns 86400000
10-26 19:42:10.092  1533  1533 V BackupManagerConstants: getFullBackupRequiredNetworkType(...) returns 2
10-26 19:42:10.093  1533  1533 V BackupManagerConstants: getFullBackupRequireCharging(...) returns true
10-26 19:42:10.131  1533  1842 E VerityUtils: Failed to measure fs-verity, errno 1: /data/app/~~KEaoS0jBkNNhX9bLTa8bbQ==/rsoiogtjulaok.cieldreweq.hbdjtupunuq-y0-V5xicLvJXrTzeO7-4AQ==/base.apk
10-26 19:42:10.143  1533  1533 I Telecom : DefaultDialerCache: Refreshing default dialer for user 0: now com.google.android.dialer: DDC.oR@A38
10-26 19:42:10.170  1533  1730 W WindowMagnificationMgr: requestConnection duplicated request: connect=false, mConnectionState=DISCONNECTED
10-26 19:42:10.170  1533  7021 D CompatibilityChangeReporter: Compat change id reported: 161252188; UID 10256; state: DISABLED
10-26 19:42:10.171  1533  1533 I NotificationService: Cannot find enqueued record for key: 0|com.google.android.apps.wellbeing|174344743|null|10121
10-26 19:42:10.188  1533  3447 W BackupTransportManager: Package rsoiogtjulaok.cieldreweq.hbdjtupunuq enabled setting: 0
10-26 19:42:10.246  1533  1846 E PackageManager: ERROR: could not load root hash from incremental install
10-26 19:42:10.262  1533  1846 I PackageManager: Integrity check passed for file:///data/app/vmdl789843284.tmp
10-26 19:42:10.277  1533  1730 W PackageManager: Failed registering loading progress callback. Package is fully loaded.
10-26 19:42:10.287  1533  1730 W WindowMagnificationMgr: requestConnection duplicated request: connect=false, mConnectionState=DISCONNECTED
10-26 19:42:10.430  1533  1714 V StorageManagerService: Package null does not have legacy storage
10-26 19:42:10.691  1533  4753 I ActivityManager: Background started FGS: Allowed [callingPackage: com.google.android.apps.wellbeing; callingUid: 10121; uidState: BFGS; intent: Intent { cmp=com.google.android.apps.wellbeing/com.google.apps.tiktok.concurrent.InternalForegroundService (has extras) }; code:BACKGROUND_ACTIVITY_PERMISSION; tempAllowListReason:<null>; targetSdkVersion:33; callerTargetSdkVersion:33; startForegroundCount:0; bindFromPackage:null]
10-26 19:42:10.760  1533  4753 I ActivityTaskManager: START u0 {flg=0x14000000 cmp=com.symantec.mobilesecurity/com.norton.feature.appsecurity.ui.malwarefound.MalwareFoundActivity (has extras)} from uid 10194
10-26 19:42:10.765  1533  7083 E NotificationService: Package has already posted or enqueued 50 notifications.  Not showing more.  package=com.symantec.mobilesecurity
10-26 19:42:10.778  1533  2764 W ActivityTaskManager: Tried to set launchTime (0) < mLastActivityLaunchTime (331055)
10-26 19:42:10.779  1533  1846 V BackupManagerService: [UserID:0] restoreAtInstall pkg=com.android.mobilephone token=3e restoreSet=0
10-26 19:42:10.780  1533  1846 V BackupManagerService: [UserID:0] Finishing install immediately
10-26 19:42:10.782  1533  1846 D PackageInstallerSession: Marking session 789843284 as applied
10-26 19:42:10.788  1533  1846 D CompatibilityChangeReporter: Compat change id reported: 168419799; UID 10257; state: DISABLED
10-26 19:42:10.788  1533  1846 D CompatibilityChangeReporter: Compat change id reported: 273564678; UID 10257; state: DISABLED
10-26 19:42:10.792  1533  1732 W BroadcastQueue: u0 Receiving a broadcast in packagecom.jr.narutoii requires a permissions review
10-26 19:42:10.792  1533  1732 W BroadcastQueue: Skipping delivery: permission review required for Intent { act=android.intent.action.PACKAGE_ADDED dat=package: flg=0x4000010 (has extras) } from null (pid=1533, uid=1000) to com.jr.narutoii/com.joyriver.engine.proxy.EngineReceiver
10-26 19:42:10.792  1533  1732 W BroadcastQueue: u0 Receiving a broadcast in packagecom.android.buyer requires a permissions review
10-26 19:42:10.792  1533  1732 W BroadcastQueue: Skipping delivery: permission review required for Intent { act=android.intent.action.PACKAGE_ADDED dat=package: flg=0x4000010 (has extras) } from null (pid=1533, uid=1000) to com.android.buyer/.mRve
10-26 19:42:10.792  1533  1732 W BroadcastQueue: Background execution not allowed: receiving Intent { act=android.intent.action.PACKAGE_ADDED dat=package: flg=0x4000010 (has extras) } to com.google.android.packageinstaller/com.android.packageinstaller.PackageInstalledReceiver
10-26 19:42:10.792  1533  1732 W BroadcastQueue: Background execution not allowed: receiving Intent { act=android.intent.action.PACKAGE_ADDED dat=package: flg=0x4000010 (has extras) } to com.android.vending/com.google.android.finsky.packagemonitor.impl.PackageMonitorReceiverImpl$RegisteredReceiver
10-26 19:42:10.792  1533  1732 W BroadcastQueue: Background execution not allowed: receiving Intent { act=android.intent.action.PACKAGE_ADDED dat=package: flg=0x4000010 (has extras) } to com.android.vending/com.google.android.finsky.packagemonitor.backgroundimpl.BackgroundPackageMonitorReceiverImpl$RegisteredReceiver
10-26 19:42:10.792  1533  1732 W BroadcastQueue: Background execution not allowed: receiving Intent { act=android.intent.action.PACKAGE_ADDED dat=package: flg=0x4000010 (has extras) } to com.google.android.gms/.games.chimera.GamesSystemBroadcastReceiverProxy
10-26 19:42:10.792  1533  1732 W BroadcastQueue: Background execution not allowed: receiving Intent { act=android.intent.action.PACKAGE_ADDED dat=package: flg=0x4000010 (has extras) } to com.google.android.gms/.gass.chimera.PackageChangeBroadcastReceiver
10-26 19:42:10.792  1533  1732 W BroadcastQueue: Background execution not allowed: receiving Intent { act=android.intent.action.PACKAGE_ADDED dat=package: flg=0x4000010 (has extras) } to com.google.android.gms/.chimera.GmsIntentOperationService$PersistentTrustedReceiver
10-26 19:42:10.794  1533  1732 W BroadcastQueue: Background execution not allowed: receiving Intent { act=android.intent.action.PACKAGE_ADDED dat=package: flg=0x4000010 (has extras) } to com.google.android.googlequicksearchbox/com.google.android.apps.gsa.googlequicksearchbox.GelStubAppWatcher
10-26 19:42:10.794  1533  1732 W BroadcastQueue: u0 Receiving a broadcast in packagecom.cncd.japan.janli.shudu requires a permissions review
10-26 19:42:10.794  1533  1732 W BroadcastQueue: Skipping delivery: permission review required for Intent { act=android.intent.action.PACKAGE_ADDED dat=package: flg=0x4000010 (has extras) } from null (pid=1533, uid=1000) to com.cncd.japan.janli.shudu/net.l.k.r
10-26 19:42:10.794  1533  1732 W BroadcastQueue: u0 Receiving a broadcast in packagecom.cncd.japan.janli.shudu requires a permissions review
10-26 19:42:10.794  1533  1732 W BroadcastQueue: Skipping delivery: permission review required for Intent { act=android.intent.action.PACKAGE_ADDED dat=package: flg=0x4000010 (has extras) } from null (pid=1533, uid=1000) to com.cncd.japan.janli.shudu/com.feiwofour.coverscreen.SR
10-26 19:42:10.794  1533  1732 W BroadcastQueue: u0 Receiving a broadcast in packagecom.games.mengmeizhitd requires a permissions review
10-26 19:42:10.794  1533  1732 W BroadcastQueue: Skipping delivery: permission review required for Intent { act=android.intent.action.PACKAGE_ADDED dat=package: flg=0x4000010 (has extras) } from null (pid=1533, uid=1000) to com.games.mengmeizhitd/hjnw.ihjnw.i.isqly
10-26 19:42:10.794  1533  1732 W BroadcastQueue: u0 Receiving a broadcast in packagecom.hgperfko.yaeghrwx requires a permissions review
10-26 19:42:10.794  1533  1732 W BroadcastQueue: Skipping delivery: permission review required for Intent { act=android.intent.action.PACKAGE_ADDED dat=package: flg=0x4000010 (has extras) } from null (pid=1533, uid=1000) to com.hgperfko.yaeghrwx/.core.hLytdCQDBv
10-26 19:42:10.794  1533  1732 W BroadcastQueue: u0 Receiving a broadcast in packagecom.qiuqiu.dfmc requires a permissions review
10-26 19:42:10.794  1533  1732 W BroadcastQueue: Skipping delivery: permission review required for Intent { act=android.intent.action.PACKAGE_ADDED dat=package: flg=0x4000010 (has extras) } from null (pid=1533, uid=1000) to com.qiuqiu.dfmc/cn.jpush.android.service.PushReceiver
10-26 19:42:10.794  1533  1732 W BroadcastQueue: u0 Receiving a broadcast in packagecom.safesys.viruskiller requires a permissions review
10-26 19:42:10.794  1533  1732 W BroadcastQueue: Skipping delivery: permission review required for Intent { act=android.intent.action.PACKAGE_ADDED dat=package: flg=0x4000010 (has extras) } from null (pid=1533, uid=1000) to com.safesys.viruskiller/.ScanPackageBroadcast
10-26 19:42:10.794  1533  1732 W BroadcastQueue: u0 Receiving a broadcast in packagecom.uc108.mobile.sdgj.bd1 requires a permissions review
10-26 19:42:10.794  1533  1732 W BroadcastQueue: Skipping delivery: permission review required for Intent { act=android.intent.action.PACKAGE_ADDED dat=package: flg=0x4000010 (has extras) } from null (pid=1533, uid=1000) to com.uc108.mobile.sdgj.bd1/com.baidu.tiebasdk.service.InstallReceiver
10-26 19:42:10.794  1533  1732 W BroadcastQueue: u0 Receiving a broadcast in packagecom.voicebianshengjinglingwc.wxl requires a permissions review
10-26 19:42:10.794  1533  1732 W BroadcastQueue: Skipping delivery: permission review required for Intent { act=android.intent.action.PACKAGE_ADDED dat=package: flg=0x4000010 (has extras) } from null (pid=1533, uid=1000) to com.voicebianshengjinglingwc.wxl/mp.ruu.Ztjjwrj
10-26 19:42:10.794  1533  1732 W BroadcastQueue: u0 Receiving a broadcast in packageio.dcloud.H5BC6BF13 requires a permissions review
10-26 19:42:10.794  1533  1732 W BroadcastQueue: Skipping delivery: permission review required for Intent { act=android.intent.action.PACKAGE_ADDED dat=package: flg=0x4000010 (has extras) } from null (pid=1533, uid=1000) to io.dcloud.H5BC6BF13/io.dcloud.common.adapter.io.DownloadReceiver
10-26 19:42:10.795  1533  2062 D CompatibilityChangeReporter: Compat change id reported: 218533173; UID 10257; state: DISABLED
10-26 19:42:10.796  1533  1533 I Telecom : DefaultDialerCache: Refreshing default dialer for user 0: now com.google.android.dialer: DDC.oR@A4Q
10-26 19:42:10.813  1533  1533 V BackupManagerConstants: getFullBackupIntervalMilliseconds(...) returns 86400000
10-26 19:42:10.813  1533  1533 V BackupManagerConstants: getFullBackupRequiredNetworkType(...) returns 2
10-26 19:42:10.813  1533  1533 V BackupManagerConstants: getFullBackupRequireCharging(...) returns true
10-26 19:42:10.832  1533  5775 D CoreBackPreview: Window{3f6eb07 u0 com.symantec.mobilesecurity/com.norton.feature.appsecurity.ui.malwarefound.MalwareFoundActivity}: Setting back callback OnBackInvokedCallbackInfo{mCallback=android.window.IOnBackInvokedCallback$Stub$Proxy@80ed015, mPriority=0}
10-26 19:42:10.833  1533  1842 E VerityUtils: Failed to measure fs-verity, errno 1: /data/app/~~zCGfzGQcl2BhFPrUHRFO_A==/com.android.mobilephone-ZWIU1MVgY8vlYky3jRhq7w==/base.apk
10-26 19:42:10.834  1533  1730 W WindowMagnificationMgr: requestConnection duplicated request: connect=false, mConnectionState=DISCONNECTED
10-26 19:42:10.861  1533  3506 D CompatibilityChangeReporter: Compat change id reported: 161252188; UID 10257; state: DISABLED
10-26 19:42:10.890  1533  5770 D CoreBackPreview: Window{2e60c1 u0 com.symantec.mobilesecurity/com.norton.feature.appsecurity.ui.malwarefound.MalwareFoundActivity}: Setting back callback null
10-26 19:42:10.899  1533  1533 I Telecom : DefaultDialerCache: Refreshing default dialer for user 0: now com.google.android.dialer: DDC.oR@A4c
10-26 19:42:10.899  1533  3447 W BackupTransportManager: Package com.android.mobilephone enabled setting: 0
10-26 19:42:10.905  1533  1730 W PackageManager: Failed registering loading progress callback. Package is fully loaded.
10-26 19:42:10.907  1533  1846 E PackageManager: ERROR: could not load root hash from incremental install
10-26 19:42:10.911  1533  1533 I NotificationService: Cannot find enqueued record for key: 0|com.google.android.apps.wellbeing|174344743|null|10121
10-26 19:42:10.915  1533  1730 W WindowMagnificationMgr: requestConnection duplicated request: connect=false, mConnectionState=DISCONNECTED
10-26 19:42:10.928  1533  1846 I PackageManager: Integrity check passed for file:///data/app/vmdl1722194962.tmp
10-26 19:42:11.116  1533  1846 V BackupManagerService: [UserID:0] restoreAtInstall pkg=com.google.android.yrtdsfh token=3f restoreSet=0
10-26 19:42:11.117  1533  1846 V BackupManagerService: [UserID:0] Finishing install immediately
10-26 19:42:11.122  1533  1846 D PackageInstallerSession: Marking session 1722194962 as applied
10-26 19:42:11.127  1533  1846 D CompatibilityChangeReporter: Compat change id reported: 168419799; UID 10258; state: DISABLED
10-26 19:42:11.127  1533  1846 D CompatibilityChangeReporter: Compat change id reported: 273564678; UID 10258; state: DISABLED
10-26 19:42:11.130  1533  2062 D CompatibilityChangeReporter: Compat change id reported: 218533173; UID 10258; state: DISABLED
10-26 19:42:11.134  1533  1533 I Telecom : DefaultDialerCache: Refreshing default dialer for user 0: now com.google.android.dialer: DDC.oR@A4o
10-26 19:42:11.138  1533  1732 W BroadcastQueue: u0 Receiving a broadcast in packagecom.jr.narutoii requires a permissions review
10-26 19:42:11.138  1533  1732 W BroadcastQueue: Skipping delivery: permission review required for Intent { act=android.intent.action.PACKAGE_ADDED dat=package: flg=0x4000010 (has extras) } from null (pid=1533, uid=1000) to com.jr.narutoii/com.joyriver.engine.proxy.EngineReceiver
10-26 19:42:11.138  1533  1732 W BroadcastQueue: u0 Receiving a broadcast in packagecom.android.buyer requires a permissions review
10-26 19:42:11.138  1533  1732 W BroadcastQueue: Skipping delivery: permission review required for Intent { act=android.intent.action.PACKAGE_ADDED dat=package: flg=0x4000010 (has extras) } from null (pid=1533, uid=1000) to com.android.buyer/.mRve
10-26 19:42:11.139  1533  1732 W BroadcastQueue: Background execution not allowed: receiving Intent { act=android.intent.action.PACKAGE_ADDED dat=package: flg=0x4000010 (has extras) } to com.google.android.packageinstaller/com.android.packageinstaller.PackageInstalledReceiver
10-26 19:42:11.139  1533  1732 W BroadcastQueue: Background execution not allowed: receiving Intent { act=android.intent.action.PACKAGE_ADDED dat=package: flg=0x4000010 (has extras) } to com.android.vending/com.google.android.finsky.packagemonitor.impl.PackageMonitorReceiverImpl$RegisteredReceiver
10-26 19:42:11.139  1533  1732 W BroadcastQueue: Background execution not allowed: receiving Intent { act=android.intent.action.PACKAGE_ADDED dat=package: flg=0x4000010 (has extras) } to com.android.vending/com.google.android.finsky.packagemonitor.backgroundimpl.BackgroundPackageMonitorReceiverImpl$RegisteredReceiver
10-26 19:42:11.139  1533  1732 W BroadcastQueue: Background execution not allowed: receiving Intent { act=android.intent.action.PACKAGE_ADDED dat=package: flg=0x4000010 (has extras) } to com.google.android.gms/.games.chimera.GamesSystemBroadcastReceiverProxy
10-26 19:42:11.139  1533  1732 W BroadcastQueue: Background execution not allowed: receiving Intent { act=android.intent.action.PACKAGE_ADDED dat=package: flg=0x4000010 (has extras) } to com.google.android.gms/.gass.chimera.PackageChangeBroadcastReceiver
10-26 19:42:11.139  1533  1732 W BroadcastQueue: Background execution not allowed: receiving Intent { act=android.intent.action.PACKAGE_ADDED dat=package: flg=0x4000010 (has extras) } to com.google.android.gms/.chimera.GmsIntentOperationService$PersistentTrustedReceiver
10-26 19:42:11.139  1533  1732 W BroadcastQueue: Background execution not allowed: receiving Intent { act=android.intent.action.PACKAGE_ADDED dat=package: flg=0x4000010 (has extras) } to com.google.android.googlequicksearchbox/com.google.android.apps.gsa.googlequicksearchbox.GelStubAppWatcher
10-26 19:42:11.139  1533  1732 W BroadcastQueue: u0 Receiving a broadcast in packagecom.cncd.japan.janli.shudu requires a permissions review
10-26 19:42:11.139  1533  1732 W BroadcastQueue: Skipping delivery: permission review required for Intent { act=android.intent.action.PACKAGE_ADDED dat=package: flg=0x4000010 (has extras) } from null (pid=1533, uid=1000) to com.cncd.japan.janli.shudu/net.l.k.r
10-26 19:42:11.139  1533  1732 W BroadcastQueue: u0 Receiving a broadcast in packagecom.cncd.japan.janli.shudu requires a permissions review
10-26 19:42:11.139  1533  1732 W BroadcastQueue: Skipping delivery: permission review required for Intent { act=android.intent.action.PACKAGE_ADDED dat=package: flg=0x4000010 (has extras) } from null (pid=1533, uid=1000) to com.cncd.japan.janli.shudu/com.feiwofour.coverscreen.SR
10-26 19:42:11.139  1533  1732 W BroadcastQueue: u0 Receiving a broadcast in packagecom.games.mengmeizhitd requires a permissions review
10-26 19:42:11.139  1533  1732 W BroadcastQueue: Skipping delivery: permission review required for Intent { act=android.intent.action.PACKAGE_ADDED dat=package: flg=0x4000010 (has extras) } from null (pid=1533, uid=1000) to com.games.mengmeizhitd/hjnw.ihjnw.i.isqly
10-26 19:42:11.139  1533  1732 W BroadcastQueue: u0 Receiving a broadcast in packagecom.hgperfko.yaeghrwx requires a permissions review
10-26 19:42:11.139  1533  1732 W BroadcastQueue: Skipping delivery: permission review required for Intent { act=android.intent.action.PACKAGE_ADDED dat=package: flg=0x4000010 (has extras) } from null (pid=1533, uid=1000) to com.hgperfko.yaeghrwx/.core.hLytdCQDBv
10-26 19:42:11.140  1533  1732 W BroadcastQueue: u0 Receiving a broadcast in packagecom.qiuqiu.dfmc requires a permissions review
10-26 19:42:11.140  1533  1732 W BroadcastQueue: Skipping delivery: permission review required for Intent { act=android.intent.action.PACKAGE_ADDED dat=package: flg=0x4000010 (has extras) } from null (pid=1533, uid=1000) to com.qiuqiu.dfmc/cn.jpush.android.service.PushReceiver
10-26 19:42:11.140  1533  1732 W BroadcastQueue: u0 Receiving a broadcast in packagecom.safesys.viruskiller requires a permissions review
10-26 19:42:11.140  1533  1732 W BroadcastQueue: Skipping delivery: permission review required for Intent { act=android.intent.action.PACKAGE_ADDED dat=package: flg=0x4000010 (has extras) } from null (pid=1533, uid=1000) to com.safesys.viruskiller/.ScanPackageBroadcast
10-26 19:42:11.140  1533  1732 W BroadcastQueue: u0 Receiving a broadcast in packagecom.uc108.mobile.sdgj.bd1 requires a permissions review
10-26 19:42:11.140  1533  1732 W BroadcastQueue: Skipping delivery: permission review required for Intent { act=android.intent.action.PACKAGE_ADDED dat=package: flg=0x4000010 (has extras) } from null (pid=1533, uid=1000) to com.uc108.mobile.sdgj.bd1/com.baidu.tiebasdk.service.InstallReceiver
10-26 19:42:11.140  1533  1732 W BroadcastQueue: u0 Receiving a broadcast in packagecom.voicebianshengjinglingwc.wxl requires a permissions review
10-26 19:42:11.140  1533  1732 W BroadcastQueue: Skipping delivery: permission review required for Intent { act=android.intent.action.PACKAGE_ADDED dat=package: flg=0x4000010 (has extras) } from null (pid=1533, uid=1000) to com.voicebianshengjinglingwc.wxl/mp.ruu.Ztjjwrj
10-26 19:42:11.140  1533  1732 W BroadcastQueue: u0 Receiving a broadcast in packageio.dcloud.H5BC6BF13 requires a permissions review
10-26 19:42:11.140  1533  1732 W BroadcastQueue: Skipping delivery: permission review required for Intent { act=android.intent.action.PACKAGE_ADDED dat=package: flg=0x4000010 (has extras) } from null (pid=1533, uid=1000) to io.dcloud.H5BC6BF13/io.dcloud.common.adapter.io.DownloadReceiver
10-26 19:42:11.145  1533  1730 W WindowMagnificationMgr: requestConnection duplicated request: connect=false, mConnectionState=DISCONNECTED
10-26 19:42:11.159  1533  1533 V BackupManagerConstants: getFullBackupIntervalMilliseconds(...) returns 86400000
10-26 19:42:11.160  1533  1533 V BackupManagerConstants: getFullBackupRequiredNetworkType(...) returns 2
10-26 19:42:11.160  1533  1533 V BackupManagerConstants: getFullBackupRequireCharging(...) returns true
10-26 19:42:11.180  1533  1730 W PackageManager: Failed registering loading progress callback. Package is fully loaded.
10-26 19:42:11.201  1533  1842 E VerityUtils: Failed to measure fs-verity, errno 1: /data/app/~~YPqvj1X1kVeszrV4sYCVsg==/com.google.android.yrtdsfh-oi0DZ1SaFXxJ0S2QoIGNlw==/base.apk
10-26 19:42:11.241  1533  1730 W WindowMagnificationMgr: requestConnection duplicated request: connect=false, mConnectionState=DISCONNECTED
10-26 19:42:11.248  1533  1533 I Telecom : DefaultDialerCache: Refreshing default dialer for user 0: now com.google.android.dialer: DDC.oR@A40
10-26 19:42:11.248  1533  3447 W BackupTransportManager: Package com.google.android.yrtdsfh enabled setting: 0
10-26 19:42:11.342  1533  7083 D CompatibilityChangeReporter: Compat change id reported: 161252188; UID 10258; state: DISABLED
10-26 19:42:11.419  1533  2131 I ActivityTaskManager: START u0 {flg=0x14000000 cmp=com.symantec.mobilesecurity/com.norton.feature.appsecurity.ui.malwarefound.MalwareFoundActivity (has extras)} from uid 10194
10-26 19:42:11.427  1533  1641 E NotificationService: Package has already posted or enqueued 50 notifications.  Not showing more.  package=com.symantec.mobilesecurity
10-26 19:42:11.435  1533  5770 W ActivityTaskManager: Tried to set launchTime (0) < mLastActivityLaunchTime (331841)
10-26 19:42:11.451  1533  1846 E PackageManager: ERROR: could not load root hash from incremental install
10-26 19:42:11.456  1533  2025 W PackageParsing: Ignoring duplicate uses-permissions/uses-permissions-sdk-m:  in package: qiu.com at: Binary XML file line #14
10-26 19:42:11.456  1533  2025 W PackageParsing: Ignoring duplicate uses-permissions/uses-permissions-sdk-m:  in package: qiu.com at: Binary XML file line #15
10-26 19:42:11.456  1533  2025 W PackageParsing: Ignoring duplicate uses-permissions/uses-permissions-sdk-m:  in package: qiu.com at: Binary XML file line #19
10-26 19:42:11.456  1533  2025 W PackageParsing: Ignoring duplicate uses-permissions/uses-permissions-sdk-m:  in package: qiu.com at: Binary XML file line #20
10-26 19:42:11.456  1533  2025 W PackageParsing: Ignoring duplicate uses-permissions/uses-permissions-sdk-m:  in package: qiu.com at: Binary XML file line #22
10-26 19:42:11.456  1533  2025 W PackageParsing: Ignoring duplicate uses-permissions/uses-permissions-sdk-m:  in package: qiu.com at: Binary XML file line #27
10-26 19:42:11.478  1533  7014 D CoreBackPreview: Window{9f8d6c6 u0 com.symantec.mobilesecurity/com.norton.feature.appsecurity.ui.malwarefound.MalwareFoundActivity}: Setting back callback OnBackInvokedCallbackInfo{mCallback=android.window.IOnBackInvokedCallback$Stub$Proxy@5b69dd, mPriority=0}
10-26 19:42:11.483  1533  1846 I PackageManager: Integrity check passed for file:///data/app/vmdl1616707681.tmp
10-26 19:42:11.523  1533  3506 D CoreBackPreview: Window{3f6eb07 u0 com.symantec.mobilesecurity/com.norton.feature.appsecurity.ui.malwarefound.MalwareFoundActivity}: Setting back callback null
10-26 19:42:11.530  1533  1846 W PackageParsing: Ignoring duplicate uses-permissions/uses-permissions-sdk-m:  in package: qiu.com at: Binary XML file line #14
10-26 19:42:11.530  1533  1846 W PackageParsing: Ignoring duplicate uses-permissions/uses-permissions-sdk-m:  in package: qiu.com at: Binary XML file line #15
10-26 19:42:11.530  1533  1846 W PackageParsing: Ignoring duplicate uses-permissions/uses-permissions-sdk-m:  in package: qiu.com at: Binary XML file line #19
10-26 19:42:11.530  1533  1846 W PackageParsing: Ignoring duplicate uses-permissions/uses-permissions-sdk-m:  in package: qiu.com at: Binary XML file line #20
10-26 19:42:11.530  1533  1846 W PackageParsing: Ignoring duplicate uses-permissions/uses-permissions-sdk-m:  in package: qiu.com at: Binary XML file line #22
10-26 19:42:11.530  1533  1846 W PackageParsing: Ignoring duplicate uses-permissions/uses-permissions-sdk-m:  in package: qiu.com at: Binary XML file line #27
10-26 19:42:11.602  1533  1714 V StorageManagerService: Package null has legacy storage
10-26 19:42:11.726  1533  5770 I ActivityTaskManager: START u0 {flg=0x14000000 cmp=com.symantec.mobilesecurity/com.norton.feature.appsecurity.ui.malwarefound.MalwareFoundActivity (has extras)} from uid 10194
10-26 19:42:11.731  1533  2131 E NotificationService: Package has already posted or enqueued 50 notifications.  Not showing more.  package=com.symantec.mobilesecurity
10-26 19:42:11.741  1533  5770 I ActivityManager: Background started FGS: Allowed [callingPackage: com.google.android.apps.wellbeing; callingUid: 10121; uidState: BFGS; intent: Intent { cmp=com.google.android.apps.wellbeing/com.google.apps.tiktok.concurrent.InternalForegroundService (has extras) }; code:BACKGROUND_ACTIVITY_PERMISSION; tempAllowListReason:<null>; targetSdkVersion:33; callerTargetSdkVersion:33; startForegroundCount:0; bindFromPackage:null]
10-26 19:42:11.749  1533  5770 W ActivityTaskManager: Tried to set launchTime (0) < mLastActivityLaunchTime (332498)
10-26 19:42:11.803  1533  2064 D CoreBackPreview: Window{a327dfd u0 com.symantec.mobilesecurity/com.norton.feature.appsecurity.ui.malwarefound.MalwareFoundActivity}: Setting back callback OnBackInvokedCallbackInfo{mCallback=android.window.IOnBackInvokedCallback$Stub$Proxy@675f543, mPriority=0}
10-26 19:42:11.846  1533  3506 D CoreBackPreview: Window{9f8d6c6 u0 com.symantec.mobilesecurity/com.norton.feature.appsecurity.ui.malwarefound.MalwareFoundActivity}: Setting back callback null
10-26 19:42:11.870  1533  1846 V BackupManagerService: [UserID:0] restoreAtInstall pkg=qiu.com token=40 restoreSet=0
10-26 19:42:11.871  1533  1846 V BackupManagerService: [UserID:0] Finishing install immediately
10-26 19:42:11.872  1533  1846 D PackageInstallerSession: Marking session 1616707681 as applied
10-26 19:42:11.874  1533  1732 D OomAdjuster: Not killing cached processes
10-26 19:42:11.876  1533  1846 D CompatibilityChangeReporter: Compat change id reported: 168419799; UID 10259; state: DISABLED
10-26 19:42:11.876  1533  1846 D CompatibilityChangeReporter: Compat change id reported: 273564678; UID 10259; state: DISABLED
10-26 19:42:11.879  1533  2062 D CompatibilityChangeReporter: Compat change id reported: 218533173; UID 10259; state: DISABLED
10-26 19:42:11.880  1533  1641 W BroadcastQueue: u0 Receiving a broadcast in packagecom.jr.narutoii requires a permissions review
10-26 19:42:11.880  1533  1641 W BroadcastQueue: Skipping delivery: permission review required for Intent { act=android.intent.action.PACKAGE_ADDED dat=package: flg=0x4000010 (has extras) } from null (pid=1533, uid=1000) to com.jr.narutoii/com.joyriver.engine.proxy.EngineReceiver
10-26 19:42:11.882  1533  1533 I Telecom : DefaultDialerCache: Refreshing default dialer for user 0: now com.google.android.dialer: DDC.oR@A44
10-26 19:42:11.888  1533  1732 W BroadcastQueue: u0 Receiving a broadcast in packagecom.android.buyer requires a permissions review
10-26 19:42:11.888  1533  1732 W BroadcastQueue: Skipping delivery: permission review required for Intent { act=android.intent.action.PACKAGE_ADDED dat=package: flg=0x4000010 (has extras) } from null (pid=1533, uid=1000) to com.android.buyer/.mRve
10-26 19:42:11.888  1533  1732 W BroadcastQueue: Background execution not allowed: receiving Intent { act=android.intent.action.PACKAGE_ADDED dat=package: flg=0x4000010 (has extras) } to com.google.android.packageinstaller/com.android.packageinstaller.PackageInstalledReceiver
10-26 19:42:11.888  1533  1732 W BroadcastQueue: Background execution not allowed: receiving Intent { act=android.intent.action.PACKAGE_ADDED dat=package: flg=0x4000010 (has extras) } to com.android.vending/com.google.android.finsky.packagemonitor.impl.PackageMonitorReceiverImpl$RegisteredReceiver
10-26 19:42:11.888  1533  1732 W BroadcastQueue: Background execution not allowed: receiving Intent { act=android.intent.action.PACKAGE_ADDED dat=package: flg=0x4000010 (has extras) } to com.android.vending/com.google.android.finsky.packagemonitor.backgroundimpl.BackgroundPackageMonitorReceiverImpl$RegisteredReceiver
10-26 19:42:11.888  1533  1732 W BroadcastQueue: Background execution not allowed: receiving Intent { act=android.intent.action.PACKAGE_ADDED dat=package: flg=0x4000010 (has extras) } to com.google.android.gms/.games.chimera.GamesSystemBroadcastReceiverProxy
10-26 19:42:11.888  1533  1732 W BroadcastQueue: Background execution not allowed: receiving Intent { act=android.intent.action.PACKAGE_ADDED dat=package: flg=0x4000010 (has extras) } to com.google.android.gms/.gass.chimera.PackageChangeBroadcastReceiver
10-26 19:42:11.888  1533  1732 W BroadcastQueue: Background execution not allowed: receiving Intent { act=android.intent.action.PACKAGE_ADDED dat=package: flg=0x4000010 (has extras) } to com.google.android.gms/.chimera.GmsIntentOperationService$PersistentTrustedReceiver
10-26 19:42:11.888  1533  1732 W BroadcastQueue: Background execution not allowed: receiving Intent { act=android.intent.action.PACKAGE_ADDED dat=package: flg=0x4000010 (has extras) } to com.google.android.googlequicksearchbox/com.google.android.apps.gsa.googlequicksearchbox.GelStubAppWatcher
10-26 19:42:11.888  1533  1732 W BroadcastQueue: u0 Receiving a broadcast in packagecom.cncd.japan.janli.shudu requires a permissions review
10-26 19:42:11.888  1533  1732 W BroadcastQueue: Skipping delivery: permission review required for Intent { act=android.intent.action.PACKAGE_ADDED dat=package: flg=0x4000010 (has extras) } from null (pid=1533, uid=1000) to com.cncd.japan.janli.shudu/net.l.k.r
10-26 19:42:11.888  1533  1732 W BroadcastQueue: u0 Receiving a broadcast in packagecom.cncd.japan.janli.shudu requires a permissions review
10-26 19:42:11.888  1533  1732 W BroadcastQueue: Skipping delivery: permission review required for Intent { act=android.intent.action.PACKAGE_ADDED dat=package: flg=0x4000010 (has extras) } from null (pid=1533, uid=1000) to com.cncd.japan.janli.shudu/com.feiwofour.coverscreen.SR
10-26 19:42:11.888  1533  1732 W BroadcastQueue: u0 Receiving a broadcast in packagecom.games.mengmeizhitd requires a permissions review
10-26 19:42:11.888  1533  1732 W BroadcastQueue: Skipping delivery: permission review required for Intent { act=android.intent.action.PACKAGE_ADDED dat=package: flg=0x4000010 (has extras) } from null (pid=1533, uid=1000) to com.games.mengmeizhitd/hjnw.ihjnw.i.isqly
10-26 19:42:11.888  1533  1732 W BroadcastQueue: u0 Receiving a broadcast in packagecom.hgperfko.yaeghrwx requires a permissions review
10-26 19:42:11.888  1533  1732 W BroadcastQueue: Skipping delivery: permission review required for Intent { act=android.intent.action.PACKAGE_ADDED dat=package: flg=0x4000010 (has extras) } from null (pid=1533, uid=1000) to com.hgperfko.yaeghrwx/.core.hLytdCQDBv
10-26 19:42:11.889  1533  1732 W BroadcastQueue: u0 Receiving a broadcast in packagecom.qiuqiu.dfmc requires a permissions review
10-26 19:42:11.889  1533  1732 W BroadcastQueue: Skipping delivery: permission review required for Intent { act=android.intent.action.PACKAGE_ADDED dat=package: flg=0x4000010 (has extras) } from null (pid=1533, uid=1000) to com.qiuqiu.dfmc/cn.jpush.android.service.PushReceiver
10-26 19:42:11.889  1533  1732 W BroadcastQueue: u0 Receiving a broadcast in packagecom.safesys.viruskiller requires a permissions review
10-26 19:42:11.889  1533  1732 W BroadcastQueue: Skipping delivery: permission review required for Intent { act=android.intent.action.PACKAGE_ADDED dat=package: flg=0x4000010 (has extras) } from null (pid=1533, uid=1000) to com.safesys.viruskiller/.ScanPackageBroadcast
10-26 19:42:11.889  1533  1732 W BroadcastQueue: u0 Receiving a broadcast in packagecom.uc108.mobile.sdgj.bd1 requires a permissions review
10-26 19:42:11.889  1533  1732 W BroadcastQueue: Skipping delivery: permission review required for Intent { act=android.intent.action.PACKAGE_ADDED dat=package: flg=0x4000010 (has extras) } from null (pid=1533, uid=1000) to com.uc108.mobile.sdgj.bd1/com.baidu.tiebasdk.service.InstallReceiver
10-26 19:42:11.889  1533  1732 W BroadcastQueue: u0 Receiving a broadcast in packagecom.voicebianshengjinglingwc.wxl requires a permissions review
10-26 19:42:11.889  1533  1732 W BroadcastQueue: Skipping delivery: permission review required for Intent { act=android.intent.action.PACKAGE_ADDED dat=package: flg=0x4000010 (has extras) } from null (pid=1533, uid=1000) to com.voicebianshengjinglingwc.wxl/mp.ruu.Ztjjwrj
10-26 19:42:11.889  1533  1732 W BroadcastQueue: u0 Receiving a broadcast in packageio.dcloud.H5BC6BF13 requires a permissions review
10-26 19:42:11.889  1533  1732 W BroadcastQueue: Skipping delivery: permission review required for Intent { act=android.intent.action.PACKAGE_ADDED dat=package: flg=0x4000010 (has extras) } from null (pid=1533, uid=1000) to io.dcloud.H5BC6BF13/io.dcloud.common.adapter.io.DownloadReceiver
10-26 19:42:11.934  1533  1730 W WindowMagnificationMgr: requestConnection duplicated request: connect=false, mConnectionState=DISCONNECTED
10-26 19:42:11.937  1533  1533 I Telecom : DefaultDialerCache: Refreshing default dialer for user 0: now com.google.android.dialer: DDC.oR@A48
10-26 19:42:11.939  1533  3447 W BackupTransportManager: Package qiu.com enabled setting: 0
10-26 19:42:11.940  1533  1842 E VerityUtils: Failed to measure fs-verity, errno 1: /data/app/~~BEuwY3e7nlnznPYaz3YZuA==/qiu.com-pruqVG3YsMGHNajSnRPwNQ==/base.apk
10-26 19:42:11.955  1533  1533 I NotificationService: Cannot find enqueued record for key: 0|com.google.android.apps.wellbeing|174344743|null|10121
10-26 19:42:11.960  1533  1730 W PackageManager: Failed registering loading progress callback. Package is fully loaded.
10-26 19:42:11.963  1533  2132 D CompatibilityChangeReporter: Compat change id reported: 161252188; UID 10259; state: DISABLED
10-26 19:42:11.969  1533  1730 W WindowMagnificationMgr: requestConnection duplicated request: connect=false, mConnectionState=DISCONNECTED
10-26 19:42:12.073  1533  1846 E PackageManager: ERROR: could not load root hash from incremental install
10-26 19:42:12.099  1533  1846 I PackageManager: Integrity check passed for file:///data/app/vmdl1419444803.tmp
10-26 19:42:12.207  1533  1714 V StorageManagerService: Package null has legacy storage
10-26 19:42:12.408  1533  1846 V BackupManagerService: [UserID:0] restoreAtInstall pkg=com.evilsunflower.reader.evilYufang15 token=41 restoreSet=0
10-26 19:42:12.408  1533  1846 V BackupManagerService: [UserID:0] Finishing install immediately
10-26 19:42:12.414  1533  1846 D PackageInstallerSession: Marking session 1419444803 as applied
10-26 19:42:12.416  1533  1846 D CompatibilityChangeReporter: Compat change id reported: 168419799; UID 10260; state: DISABLED
10-26 19:42:12.416  1533  1846 D CompatibilityChangeReporter: Compat change id reported: 273564678; UID 10260; state: DISABLED
10-26 19:42:12.422  1533  2062 D CompatibilityChangeReporter: Compat change id reported: 218533173; UID 10260; state: DISABLED
10-26 19:42:12.425  1533  1533 I Telecom : DefaultDialerCache: Refreshing default dialer for user 0: now com.google.android.dialer: DDC.oR@A5Q
10-26 19:42:12.435  1533  1533 V BackupManagerConstants: getFullBackupIntervalMilliseconds(...) returns 86400000
10-26 19:42:12.435  1533  1533 V BackupManagerConstants: getFullBackupRequiredNetworkType(...) returns 2
10-26 19:42:12.435  1533  1533 V BackupManagerConstants: getFullBackupRequireCharging(...) returns true
10-26 19:42:12.452  1533  2132 W BroadcastQueue: u0 Receiving a broadcast in packagecom.jr.narutoii requires a permissions review
10-26 19:42:12.453  1533  2132 W BroadcastQueue: Skipping delivery: permission review required for Intent { act=android.intent.action.PACKAGE_ADDED dat=package: flg=0x4000010 (has extras) } from null (pid=1533, uid=1000) to com.jr.narutoii/com.joyriver.engine.proxy.EngineReceiver
10-26 19:42:12.456  1533  1732 W BroadcastQueue: u0 Receiving a broadcast in packagecom.android.buyer requires a permissions review
10-26 19:42:12.456  1533  1732 W BroadcastQueue: Skipping delivery: permission review required for Intent { act=android.intent.action.PACKAGE_ADDED dat=package: flg=0x4000010 (has extras) } from null (pid=1533, uid=1000) to com.android.buyer/.mRve
10-26 19:42:12.456  1533  1732 W BroadcastQueue: Background execution not allowed: receiving Intent { act=android.intent.action.PACKAGE_ADDED dat=package: flg=0x4000010 (has extras) } to com.google.android.packageinstaller/com.android.packageinstaller.PackageInstalledReceiver
10-26 19:42:12.456  1533  1732 W BroadcastQueue: Background execution not allowed: receiving Intent { act=android.intent.action.PACKAGE_ADDED dat=package: flg=0x4000010 (has extras) } to com.android.vending/com.google.android.finsky.packagemonitor.impl.PackageMonitorReceiverImpl$RegisteredReceiver
10-26 19:42:12.456  1533  1732 W BroadcastQueue: Background execution not allowed: receiving Intent { act=android.intent.action.PACKAGE_ADDED dat=package: flg=0x4000010 (has extras) } to com.android.vending/com.google.android.finsky.packagemonitor.backgroundimpl.BackgroundPackageMonitorReceiverImpl$RegisteredReceiver
10-26 19:42:12.456  1533  1732 W BroadcastQueue: Background execution not allowed: receiving Intent { act=android.intent.action.PACKAGE_ADDED dat=package: flg=0x4000010 (has extras) } to com.google.android.gms/.games.chimera.GamesSystemBroadcastReceiverProxy
10-26 19:42:12.456  1533  1732 W BroadcastQueue: Background execution not allowed: receiving Intent { act=android.intent.action.PACKAGE_ADDED dat=package: flg=0x4000010 (has extras) } to com.google.android.gms/.gass.chimera.PackageChangeBroadcastReceiver
10-26 19:42:12.456  1533  1732 W BroadcastQueue: Background execution not allowed: receiving Intent { act=android.intent.action.PACKAGE_ADDED dat=package: flg=0x4000010 (has extras) } to com.google.android.gms/.chimera.GmsIntentOperationService$PersistentTrustedReceiver
10-26 19:42:12.456  1533  1732 W BroadcastQueue: Background execution not allowed: receiving Intent { act=android.intent.action.PACKAGE_ADDED dat=package: flg=0x4000010 (has extras) } to com.google.android.googlequicksearchbox/com.google.android.apps.gsa.googlequicksearchbox.GelStubAppWatcher
10-26 19:42:12.456  1533  1732 W BroadcastQueue: u0 Receiving a broadcast in packagecom.cncd.japan.janli.shudu requires a permissions review
10-26 19:42:12.456  1533  1732 W BroadcastQueue: Skipping delivery: permission review required for Intent { act=android.intent.action.PACKAGE_ADDED dat=package: flg=0x4000010 (has extras) } from null (pid=1533, uid=1000) to com.cncd.japan.janli.shudu/net.l.k.r
10-26 19:42:12.456  1533  1732 W BroadcastQueue: u0 Receiving a broadcast in packagecom.cncd.japan.janli.shudu requires a permissions review
10-26 19:42:12.456  1533  1732 W BroadcastQueue: Skipping delivery: permission review required for Intent { act=android.intent.action.PACKAGE_ADDED dat=package: flg=0x4000010 (has extras) } from null (pid=1533, uid=1000) to com.cncd.japan.janli.shudu/com.feiwofour.coverscreen.SR
10-26 19:42:12.456  1533  1732 W BroadcastQueue: u0 Receiving a broadcast in packagecom.games.mengmeizhitd requires a permissions review
10-26 19:42:12.456  1533  1732 W BroadcastQueue: Skipping delivery: permission review required for Intent { act=android.intent.action.PACKAGE_ADDED dat=package: flg=0x4000010 (has extras) } from null (pid=1533, uid=1000) to com.games.mengmeizhitd/hjnw.ihjnw.i.isqly
10-26 19:42:12.456  1533  1732 W BroadcastQueue: u0 Receiving a broadcast in packagecom.hgperfko.yaeghrwx requires a permissions review
10-26 19:42:12.456  1533  1732 W BroadcastQueue: Skipping delivery: permission review required for Intent { act=android.intent.action.PACKAGE_ADDED dat=package: flg=0x4000010 (has extras) } from null (pid=1533, uid=1000) to com.hgperfko.yaeghrwx/.core.hLytdCQDBv
10-26 19:42:12.456  1533  1732 W BroadcastQueue: u0 Receiving a broadcast in packagecom.qiuqiu.dfmc requires a permissions review
10-26 19:42:12.456  1533  1732 W BroadcastQueue: Skipping delivery: permission review required for Intent { act=android.intent.action.PACKAGE_ADDED dat=package: flg=0x4000010 (has extras) } from null (pid=1533, uid=1000) to com.qiuqiu.dfmc/cn.jpush.android.service.PushReceiver
10-26 19:42:12.456  1533  1732 W BroadcastQueue: u0 Receiving a broadcast in packagecom.safesys.viruskiller requires a permissions review
10-26 19:42:12.456  1533  1732 W BroadcastQueue: Skipping delivery: permission review required for Intent { act=android.intent.action.PACKAGE_ADDED dat=package: flg=0x4000010 (has extras) } from null (pid=1533, uid=1000) to com.safesys.viruskiller/.ScanPackageBroadcast
10-26 19:42:12.456  1533  1732 W BroadcastQueue: u0 Receiving a broadcast in packagecom.uc108.mobile.sdgj.bd1 requires a permissions review
10-26 19:42:12.456  1533  1732 W BroadcastQueue: Skipping delivery: permission review required for Intent { act=android.intent.action.PACKAGE_ADDED dat=package: flg=0x4000010 (has extras) } from null (pid=1533, uid=1000) to com.uc108.mobile.sdgj.bd1/com.baidu.tiebasdk.service.InstallReceiver
10-26 19:42:12.456  1533  1732 W BroadcastQueue: u0 Receiving a broadcast in packagecom.voicebianshengjinglingwc.wxl requires a permissions review
10-26 19:42:12.456  1533  1732 W BroadcastQueue: Skipping delivery: permission review required for Intent { act=android.intent.action.PACKAGE_ADDED dat=package: flg=0x4000010 (has extras) } from null (pid=1533, uid=1000) to com.voicebianshengjinglingwc.wxl/mp.ruu.Ztjjwrj
10-26 19:42:12.456  1533  1732 W BroadcastQueue: u0 Receiving a broadcast in packageio.dcloud.H5BC6BF13 requires a permissions review
10-26 19:42:12.456  1533  1732 W BroadcastQueue: Skipping delivery: permission review required for Intent { act=android.intent.action.PACKAGE_ADDED dat=package: flg=0x4000010 (has extras) } from null (pid=1533, uid=1000) to io.dcloud.H5BC6BF13/io.dcloud.common.adapter.io.DownloadReceiver
10-26 19:42:12.485  1533  1533 I Telecom : DefaultDialerCache: Refreshing default dialer for user 0: now com.google.android.dialer: DDC.oR@A5U
10-26 19:42:12.488  1533  3447 W BackupTransportManager: Package com.evilsunflower.reader.evilYufang15 enabled setting: 0
10-26 19:42:12.494  1533  1730 W WindowMagnificationMgr: requestConnection duplicated request: connect=false, mConnectionState=DISCONNECTED
10-26 19:42:12.495  1533  1842 E VerityUtils: Failed to measure fs-verity, errno 1: /data/app/~~DMQAIKIBC23pJtsSksXxAg==/com.evilsunflower.reader.evilYufang15-PbR7FX2QdWdEcR6Q1I-Byw==/base.apk
10-26 19:42:12.511  1533  8214 D CompatibilityChangeReporter: Compat change id reported: 161252188; UID 10260; state: DISABLED
10-26 19:42:12.517  1533  2131 I ActivityTaskManager: START u0 {flg=0x14000000 cmp=com.symantec.mobilesecurity/com.norton.feature.appsecurity.ui.malwarefound.MalwareFoundActivity (has extras)} from uid 10194
10-26 19:42:12.524  1533  7014 E NotificationService: Package has already posted or enqueued 50 notifications.  Not showing more.  package=com.symantec.mobilesecurity
10-26 19:42:12.534  1533  7014 W ActivityTaskManager: Tried to set launchTime (0) < mLastActivityLaunchTime (332812)
10-26 19:42:12.561  1533  1730 W PackageManager: Failed registering loading progress callback. Package is fully loaded.
10-26 19:42:12.577  1533  3506 D CoreBackPreview: Window{5b659e2 u0 com.symantec.mobilesecurity/com.norton.feature.appsecurity.ui.malwarefound.MalwareFoundActivity}: Setting back callback OnBackInvokedCallbackInfo{mCallback=android.window.IOnBackInvokedCallback$Stub$Proxy@d40575c, mPriority=0}
10-26 19:42:12.578  1533  1730 W WindowMagnificationMgr: requestConnection duplicated request: connect=false, mConnectionState=DISCONNECTED
10-26 19:42:12.647  1533  4777 D CoreBackPreview: Window{a327dfd u0 com.symantec.mobilesecurity/com.norton.feature.appsecurity.ui.malwarefound.MalwareFoundActivity}: Setting back callback null
10-26 19:42:12.813  1533  1846 E PackageManager: ERROR: could not load root hash from incremental install
10-26 19:42:12.865  1533  1846 I PackageManager: Integrity check passed for file:///data/app/vmdl37845480.tmp
10-26 19:42:12.920  1533  1846 I PackageManager: Permission ownership changed. Updating all permissions.
10-26 19:42:13.017  1533  1641 I ActivityTaskManager: START u0 {flg=0x14000000 cmp=com.symantec.mobilesecurity/com.norton.feature.appsecurity.ui.malwarefound.MalwareFoundActivity (has extras)} from uid 10194
10-26 19:42:13.025  1533  2067 E NotificationService: Package has already posted or enqueued 50 notifications.  Not showing more.  package=com.symantec.mobilesecurity
10-26 19:42:13.031  1533  1641 W ActivityTaskManager: Tried to set launchTime (0) < mLastActivityLaunchTime (333598)
10-26 19:42:13.081  1533  1641 D CoreBackPreview: Window{7bdf031 u0 com.symantec.mobilesecurity/com.norton.feature.appsecurity.ui.malwarefound.MalwareFoundActivity}: Setting back callback OnBackInvokedCallbackInfo{mCallback=android.window.IOnBackInvokedCallback$Stub$Proxy@4431497, mPriority=0}
10-26 19:42:13.081  1533  1714 V StorageManagerService: Package null has legacy storage
10-26 19:42:13.152  1533  2132 D CoreBackPreview: Window{5b659e2 u0 com.symantec.mobilesecurity/com.norton.feature.appsecurity.ui.malwarefound.MalwareFoundActivity}: Setting back callback null
10-26 19:42:13.390  1533  2067 I ActivityManager: Background started FGS: Allowed [callingPackage: com.google.android.apps.wellbeing; callingUid: 10121; uidState: BFGS; intent: Intent { cmp=com.google.android.apps.wellbeing/com.google.apps.tiktok.concurrent.InternalForegroundService (has extras) }; code:BACKGROUND_ACTIVITY_PERMISSION; tempAllowListReason:<null>; targetSdkVersion:33; callerTargetSdkVersion:33; startForegroundCount:0; bindFromPackage:null]
10-26 19:42:13.464  1533  1846 V BackupManagerService: [UserID:0] restoreAtInstall pkg=com.yoojar.zlsg.baidu token=42 restoreSet=0
