10-26 19:41:55.142  1533  1533 I Telecom : DefaultDialerCache: Refreshing default dialer for user 0: now com.google.android.dialer: DDC.oR@Avg
10-26 19:41:55.154  1533  1533 V BackupManagerConstants: getFullBackupIntervalMilliseconds(...) returns 86400000
10-26 19:41:55.154  1533  1533 V BackupManagerConstants: getFullBackupRequiredNetworkType(...) returns 2
10-26 19:41:55.154  1533  1533 V BackupManagerConstants: getFullBackupRequireCharging(...) returns true
10-26 19:41:55.158  1533  1730 W WindowMagnificationMgr: requestConnection duplicated request: connect=false, mConnectionState=DISCONNECTED
10-26 19:41:55.163  1533  1533 I Telecom : DefaultDialerCache: Refreshing default dialer for user 0: now com.google.android.dialer: DDC.oR@Avk
10-26 19:41:55.204  1533  5770 D CompatibilityChangeReporter: Compat change id reported: 161252188; UID 10233; state: DISABLED
10-26 19:41:55.208  1533  1842 E VerityUtils: Failed to measure fs-verity, errno 1: /data/app/~~AFtrmd7RCUiJaQPtnn0uyw==/com.keji.danti1052-EW03a6O4r5SeqYgEQFiQsA==/base.apk
10-26 19:41:55.212  1533  5775 I ActivityTaskManager: START u0 {flg=0x14000000 cmp=com.symantec.mobilesecurity/com.norton.feature.appsecurity.ui.malwarefound.MalwareFoundActivity (has extras)} from uid 10194
10-26 19:41:55.234  1533  3447 W BackupTransportManager: Package com.keji.danti1052 enabled setting: 0
10-26 19:41:55.238  1533  2754 W ActivityTaskManager: Tried to set launchTime (0) < mLastActivityLaunchTime (315372)
10-26 19:41:55.242  1533  1730 W PackageManager: Failed registering loading progress callback. Package is fully loaded.
10-26 19:41:55.254  1533  1730 W WindowMagnificationMgr: requestConnection duplicated request: connect=false, mConnectionState=DISCONNECTED
10-26 19:41:55.318  1533  2764 D CoreBackPreview: Window{93be72e u0 com.symantec.mobilesecurity/com.norton.feature.appsecurity.ui.malwarefound.MalwareFoundActivity}: Setting back callback OnBackInvokedCallbackInfo{mCallback=android.window.IOnBackInvokedCallback$Stub$Proxy@d9b945c, mPriority=0}
10-26 19:41:55.387  1533  2064 D CoreBackPreview: Window{3c724d u0 com.symantec.mobilesecurity/com.norton.feature.appsecurity.ui.malwarefound.MalwareFoundActivity}: Setting back callback null
10-26 19:41:55.449  1533  1533 W NotificationHistory: Attempted to add notif for locked/gone/disabled user 0
10-26 19:41:56.136  1533  1846 E PackageManager: ERROR: could not load root hash from incremental install
10-26 19:41:56.148  1533  2025 W PackageParsing: Ignoring duplicate uses-permissions/uses-permissions-sdk-m: android.permission.INTERNET in package: com.uc108.mobile.sdgj.bd1 at: Binary XML file line #25
10-26 19:41:56.148  1533  2025 W PackageParsing: Ignoring duplicate uses-permissions/uses-permissions-sdk-m: android.permission.READ_PHONE_STATE in package: com.uc108.mobile.sdgj.bd1 at: Binary XML file line #26
10-26 19:41:56.148  1533  2025 W PackageParsing: Ignoring duplicate uses-permissions/uses-permissions-sdk-m: android.permission.ACCESS_WIFI_STATE in package: com.uc108.mobile.sdgj.bd1 at: Binary XML file line #27
10-26 19:41:56.148  1533  2025 W PackageParsing: Ignoring duplicate uses-permissions/uses-permissions-sdk-m: android.permission.ACCESS_NETWORK_STATE in package: com.uc108.mobile.sdgj.bd1 at: Binary XML file line #28
10-26 19:41:56.148  1533  2025 W PackageParsing: Ignoring duplicate uses-permissions/uses-permissions-sdk-m: android.permission.BROADCAST_STICKY in package: com.uc108.mobile.sdgj.bd1 at: Binary XML file line #31
10-26 19:41:56.148  1533  2025 W PackageParsing: Ignoring duplicate uses-permissions/uses-permissions-sdk-m: android.permission.WRITE_SETTINGS in package: com.uc108.mobile.sdgj.bd1 at: Binary XML file line #32
10-26 19:41:56.148  1533  2025 W PackageParsing: Ignoring duplicate uses-permissions/uses-permissions-sdk-m: android.permission.WRITE_EXTERNAL_STORAGE in package: com.uc108.mobile.sdgj.bd1 at: Binary XML file line #34
10-26 19:41:56.148  1533  2025 W PackageParsing: Ignoring duplicate uses-permissions/uses-permissions-sdk-m: android.permission.WAKE_LOCK in package: com.uc108.mobile.sdgj.bd1 at: Binary XML file line #35
10-26 19:41:56.148  1533  2025 W PackageParsing: Ignoring duplicate uses-permissions/uses-permissions-sdk-m: android.permission.VIBRATE in package: com.uc108.mobile.sdgj.bd1 at: Binary XML file line #39
10-26 19:41:56.148  1533  2025 W PackageParsing: Ignoring duplicate uses-permissions/uses-permissions-sdk-m: android.permission.ACCESS_NETWORK_STATE in package: com.uc108.mobile.sdgj.bd1 at: Binary XML file line #46
10-26 19:41:56.148  1533  2025 W PackageParsing: Ignoring duplicate uses-permissions/uses-permissions-sdk-m: android.permission.ACCESS_WIFI_STATE in package: com.uc108.mobile.sdgj.bd1 at: Binary XML file line #47
10-26 19:41:56.149  1533  2025 W PackageParsing: Ignoring duplicate uses-permissions/uses-permissions-sdk-m: android.permission.READ_PHONE_STATE in package: com.uc108.mobile.sdgj.bd1 at: Binary XML file line #48
10-26 19:41:56.149  1533  2025 W PackageParsing: Ignoring duplicate uses-permissions/uses-permissions-sdk-m: android.permission.WRITE_SETTINGS in package: com.uc108.mobile.sdgj.bd1 at: Binary XML file line #49
10-26 19:41:56.149  1533  2025 W PackageParsing: Ignoring duplicate uses-permissions/uses-permissions-sdk-m: android.permission.WRITE_EXTERNAL_STORAGE in package: com.uc108.mobile.sdgj.bd1 at: Binary XML file line #50
10-26 19:41:56.149  1533  2025 W PackageParsing: Ignoring duplicate uses-permissions/uses-permissions-sdk-m: android.permission.INTERNET in package: com.uc108.mobile.sdgj.bd1 at: Binary XML file line #51
10-26 19:41:56.149  1533  2025 W PackageParsing: Ignoring duplicate uses-permissions/uses-permissions-sdk-m: android.permission.GET_TASKS in package: com.uc108.mobile.sdgj.bd1 at: Binary XML file line #52
10-26 19:41:56.149  1533  2025 W PackageParsing: Ignoring duplicate uses-permissions/uses-permissions-sdk-m: android.permission.ACCESS_COARSE_LOCATION in package: com.uc108.mobile.sdgj.bd1 at: Binary XML file line #56
10-26 19:41:56.149  1533  2025 W PackageParsing: Ignoring duplicate uses-permissions/uses-permissions-sdk-m: android.permission.RECEIVE_BOOT_COMPLETED in package: com.uc108.mobile.sdgj.bd1 at: Binary XML file line #63
10-26 19:41:56.149  1533  2025 W PackageParsing: Ignoring duplicate uses-permissions/uses-permissions-sdk-m: android.permission.VIBRATE in package: com.uc108.mobile.sdgj.bd1 at: Binary XML file line #64
10-26 19:41:56.149  1533  2025 W PackageParsing: Ignoring duplicate uses-permissions/uses-permissions-sdk-m: android.permission.BROADCAST_STICKY in package: com.uc108.mobile.sdgj.bd1 at: Binary XML file line #70
10-26 19:41:56.149  1533  2025 W PackageParsing: Ignoring duplicate uses-permissions/uses-permissions-sdk-m: android.permission.WAKE_LOCK in package: com.uc108.mobile.sdgj.bd1 at: Binary XML file line #76
10-26 19:41:56.149  1533  2025 W PackageParsing: Ignoring duplicate uses-permissions/uses-permissions-sdk-m: android.permission.ACCESS_COARSE_LOCATION in package: com.uc108.mobile.sdgj.bd1 at: Binary XML file line #77
10-26 19:41:56.151  1533  2025 D CompatibilityChangeReporter: Compat change id reported: 151163173; UID -1; state: DISABLED
10-26 19:41:56.153  1533  2025 W PackageParsing: No actions in intent-filter at /data/app/vmdl561777029.tmp/base.apk Binary XML file line #482
10-26 19:41:56.153  1533  2025 W PackageParsing: No actions in intent-filter at /data/app/vmdl561777029.tmp/base.apk Binary XML file line #489
10-26 19:41:56.153  1533  2025 W PackageParsing: No actions in intent-filter at /data/app/vmdl561777029.tmp/base.apk Binary XML file line #496
10-26 19:41:56.153  1533  2025 W PackageParsing: No actions in intent-filter at /data/app/vmdl561777029.tmp/base.apk Binary XML file line #503
10-26 19:41:56.153  1533  2025 W PackageParsing: No actions in intent-filter at /data/app/vmdl561777029.tmp/base.apk Binary XML file line #510
10-26 19:41:56.153  1533  2025 W PackageParsing: No actions in intent-filter at /data/app/vmdl561777029.tmp/base.apk Binary XML file line #527
10-26 19:41:56.153  1533  2025 W PackageParsing: No actions in intent-filter at /data/app/vmdl561777029.tmp/base.apk Binary XML file line #534
10-26 19:41:56.153  1533  2025 W PackageParsing: No actions in intent-filter at /data/app/vmdl561777029.tmp/base.apk Binary XML file line #541
10-26 19:41:56.154  1533  2025 W PackageParsing: No actions in intent-filter at /data/app/vmdl561777029.tmp/base.apk Binary XML file line #549
10-26 19:41:56.154  1533  2025 W PackageParsing: No actions in intent-filter at /data/app/vmdl561777029.tmp/base.apk Binary XML file line #557
10-26 19:41:56.154  1533  2025 W PackageParsing: No actions in intent-filter at /data/app/vmdl561777029.tmp/base.apk Binary XML file line #565
10-26 19:41:56.154  1533  2025 W PackageParsing: No actions in intent-filter at /data/app/vmdl561777029.tmp/base.apk Binary XML file line #573
10-26 19:41:56.154  1533  2025 W PackageParsing: No actions in intent-filter at /data/app/vmdl561777029.tmp/base.apk Binary XML file line #581
10-26 19:41:56.154  1533  2025 W PackageParsing: No actions in intent-filter at /data/app/vmdl561777029.tmp/base.apk Binary XML file line #588
10-26 19:41:56.154  1533  2025 W PackageParsing: No actions in intent-filter at /data/app/vmdl561777029.tmp/base.apk Binary XML file line #595
10-26 19:41:56.154  1533  2025 W PackageParsing: No actions in intent-filter at /data/app/vmdl561777029.tmp/base.apk Binary XML file line #602
10-26 19:41:56.154  1533  2025 W PackageParsing: No actions in intent-filter at /data/app/vmdl561777029.tmp/base.apk Binary XML file line #609
10-26 19:41:56.154  1533  2025 W PackageParsing: No actions in intent-filter at /data/app/vmdl561777029.tmp/base.apk Binary XML file line #615
10-26 19:41:56.165  1533  2064 I ActivityTaskManager: START u0 {flg=0x14000000 cmp=com.symantec.mobilesecurity/com.norton.feature.appsecurity.ui.malwarefound.MalwareFoundActivity (has extras)} from uid 10194
10-26 19:41:56.177  1533  2131 W ActivityTaskManager: Tried to set launchTime (0) < mLastActivityLaunchTime (316301)
10-26 19:41:56.199  1533  1846 I PackageManager: Integrity check passed for file:///data/app/vmdl561777029.tmp
10-26 19:41:56.210  1533  2131 D CoreBackPreview: Window{3a74338 u0 com.symantec.mobilesecurity/com.norton.feature.appsecurity.ui.malwarefound.MalwareFoundActivity}: Setting back callback OnBackInvokedCallbackInfo{mCallback=android.window.IOnBackInvokedCallback$Stub$Proxy@3fbce77, mPriority=0}
10-26 19:41:56.211  1533  1846 W PackageParsing: Ignoring duplicate uses-permissions/uses-permissions-sdk-m: android.permission.INTERNET in package: com.uc108.mobile.sdgj.bd1 at: Binary XML file line #25
10-26 19:41:56.211  1533  1846 W PackageParsing: Ignoring duplicate uses-permissions/uses-permissions-sdk-m: android.permission.READ_PHONE_STATE in package: com.uc108.mobile.sdgj.bd1 at: Binary XML file line #26
10-26 19:41:56.211  1533  1846 W PackageParsing: Ignoring duplicate uses-permissions/uses-permissions-sdk-m: android.permission.ACCESS_WIFI_STATE in package: com.uc108.mobile.sdgj.bd1 at: Binary XML file line #27
10-26 19:41:56.211  1533  1846 W PackageParsing: Ignoring duplicate uses-permissions/uses-permissions-sdk-m: android.permission.ACCESS_NETWORK_STATE in package: com.uc108.mobile.sdgj.bd1 at: Binary XML file line #28
10-26 19:41:56.211  1533  1846 W PackageParsing: Ignoring duplicate uses-permissions/uses-permissions-sdk-m: android.permission.BROADCAST_STICKY in package: com.uc108.mobile.sdgj.bd1 at: Binary XML file line #31
10-26 19:41:56.211  1533  1846 W PackageParsing: Ignoring duplicate uses-permissions/uses-permissions-sdk-m: android.permission.WRITE_SETTINGS in package: com.uc108.mobile.sdgj.bd1 at: Binary XML file line #32
10-26 19:41:56.211  1533  1846 W PackageParsing: Ignoring duplicate uses-permissions/uses-permissions-sdk-m: android.permission.WRITE_EXTERNAL_STORAGE in package: com.uc108.mobile.sdgj.bd1 at: Binary XML file line #34
10-26 19:41:56.211  1533  1846 W PackageParsing: Ignoring duplicate uses-permissions/uses-permissions-sdk-m: android.permission.WAKE_LOCK in package: com.uc108.mobile.sdgj.bd1 at: Binary XML file line #35
10-26 19:41:56.212  1533  1846 W PackageParsing: Ignoring duplicate uses-permissions/uses-permissions-sdk-m: android.permission.VIBRATE in package: com.uc108.mobile.sdgj.bd1 at: Binary XML file line #39
10-26 19:41:56.212  1533  1846 W PackageParsing: Ignoring duplicate uses-permissions/uses-permissions-sdk-m: android.permission.ACCESS_NETWORK_STATE in package: com.uc108.mobile.sdgj.bd1 at: Binary XML file line #46
10-26 19:41:56.212  1533  1846 W PackageParsing: Ignoring duplicate uses-permissions/uses-permissions-sdk-m: android.permission.ACCESS_WIFI_STATE in package: com.uc108.mobile.sdgj.bd1 at: Binary XML file line #47
10-26 19:41:56.212  1533  1846 W PackageParsing: Ignoring duplicate uses-permissions/uses-permissions-sdk-m: android.permission.READ_PHONE_STATE in package: com.uc108.mobile.sdgj.bd1 at: Binary XML file line #48
10-26 19:41:56.212  1533  1846 W PackageParsing: Ignoring duplicate uses-permissions/uses-permissions-sdk-m: android.permission.WRITE_SETTINGS in package: com.uc108.mobile.sdgj.bd1 at: Binary XML file line #49
10-26 19:41:56.212  1533  1846 W PackageParsing: Ignoring duplicate uses-permissions/uses-permissions-sdk-m: android.permission.WRITE_EXTERNAL_STORAGE in package: com.uc108.mobile.sdgj.bd1 at: Binary XML file line #50
10-26 19:41:56.212  1533  1846 W PackageParsing: Ignoring duplicate uses-permissions/uses-permissions-sdk-m: android.permission.INTERNET in package: com.uc108.mobile.sdgj.bd1 at: Binary XML file line #51
10-26 19:41:56.212  1533  1846 W PackageParsing: Ignoring duplicate uses-permissions/uses-permissions-sdk-m: android.permission.GET_TASKS in package: com.uc108.mobile.sdgj.bd1 at: Binary XML file line #52
10-26 19:41:56.212  1533  1846 W PackageParsing: Ignoring duplicate uses-permissions/uses-permissions-sdk-m: android.permission.ACCESS_COARSE_LOCATION in package: com.uc108.mobile.sdgj.bd1 at: Binary XML file line #56
10-26 19:41:56.212  1533  1846 W PackageParsing: Ignoring duplicate uses-permissions/uses-permissions-sdk-m: android.permission.RECEIVE_BOOT_COMPLETED in package: com.uc108.mobile.sdgj.bd1 at: Binary XML file line #63
10-26 19:41:56.212  1533  1846 W PackageParsing: Ignoring duplicate uses-permissions/uses-permissions-sdk-m: android.permission.VIBRATE in package: com.uc108.mobile.sdgj.bd1 at: Binary XML file line #64
10-26 19:41:56.212  1533  1846 W PackageParsing: Ignoring duplicate uses-permissions/uses-permissions-sdk-m: android.permission.BROADCAST_STICKY in package: com.uc108.mobile.sdgj.bd1 at: Binary XML file line #70
10-26 19:41:56.212  1533  1846 W PackageParsing: Ignoring duplicate uses-permissions/uses-permissions-sdk-m: android.permission.WAKE_LOCK in package: com.uc108.mobile.sdgj.bd1 at: Binary XML file line #76
10-26 19:41:56.212  1533  1846 W PackageParsing: Ignoring duplicate uses-permissions/uses-permissions-sdk-m: android.permission.ACCESS_COARSE_LOCATION in package: com.uc108.mobile.sdgj.bd1 at: Binary XML file line #77
10-26 19:41:56.216  1533  1846 W PackageParsing: No actions in intent-filter at /data/app/vmdl561777029.tmp/base.apk Binary XML file line #482
10-26 19:41:56.217  1533  1846 W PackageParsing: No actions in intent-filter at /data/app/vmdl561777029.tmp/base.apk Binary XML file line #489
10-26 19:41:56.217  1533  1846 W PackageParsing: No actions in intent-filter at /data/app/vmdl561777029.tmp/base.apk Binary XML file line #496
10-26 19:41:56.217  1533  1846 W PackageParsing: No actions in intent-filter at /data/app/vmdl561777029.tmp/base.apk Binary XML file line #503
10-26 19:41:56.217  1533  1846 W PackageParsing: No actions in intent-filter at /data/app/vmdl561777029.tmp/base.apk Binary XML file line #510
10-26 19:41:56.217  1533  1846 W PackageParsing: No actions in intent-filter at /data/app/vmdl561777029.tmp/base.apk Binary XML file line #527
10-26 19:41:56.217  1533  1846 W PackageParsing: No actions in intent-filter at /data/app/vmdl561777029.tmp/base.apk Binary XML file line #534
10-26 19:41:56.217  1533  1846 W PackageParsing: No actions in intent-filter at /data/app/vmdl561777029.tmp/base.apk Binary XML file line #541
10-26 19:41:56.217  1533  1846 W PackageParsing: No actions in intent-filter at /data/app/vmdl561777029.tmp/base.apk Binary XML file line #549
10-26 19:41:56.217  1533  1846 W PackageParsing: No actions in intent-filter at /data/app/vmdl561777029.tmp/base.apk Binary XML file line #557
10-26 19:41:56.217  1533  1846 W PackageParsing: No actions in intent-filter at /data/app/vmdl561777029.tmp/base.apk Binary XML file line #565
10-26 19:41:56.217  1533  1846 W PackageParsing: No actions in intent-filter at /data/app/vmdl561777029.tmp/base.apk Binary XML file line #573
10-26 19:41:56.218  1533  1846 W PackageParsing: No actions in intent-filter at /data/app/vmdl561777029.tmp/base.apk Binary XML file line #581
10-26 19:41:56.218  1533  1846 W PackageParsing: No actions in intent-filter at /data/app/vmdl561777029.tmp/base.apk Binary XML file line #588
10-26 19:41:56.218  1533  1846 W PackageParsing: No actions in intent-filter at /data/app/vmdl561777029.tmp/base.apk Binary XML file line #595
10-26 19:41:56.218  1533  1846 W PackageParsing: No actions in intent-filter at /data/app/vmdl561777029.tmp/base.apk Binary XML file line #602
10-26 19:41:56.218  1533  1846 W PackageParsing: No actions in intent-filter at /data/app/vmdl561777029.tmp/base.apk Binary XML file line #609
10-26 19:41:56.218  1533  1846 W PackageParsing: No actions in intent-filter at /data/app/vmdl561777029.tmp/base.apk Binary XML file line #615
10-26 19:41:56.247  1533  2131 D CoreBackPreview: Window{93be72e u0 com.symantec.mobilesecurity/com.norton.feature.appsecurity.ui.malwarefound.MalwareFoundActivity}: Setting back callback null
10-26 19:41:56.296  1533  1714 V StorageManagerService: Package null has legacy storage
10-26 19:41:56.373  1533  1533 E NotificationService: Muting recently noisy 0|com.symantec.mobilesecurity|1001|com.keji.danti1052|10194
10-26 19:41:56.378  1533  1533 W NotificationHistory: Attempted to add notif for locked/gone/disabled user 0
10-26 19:41:56.669  1533  1717 D OomAdjuster: Not killing cached processes
10-26 19:41:56.709  1533  1846 V BackupManagerService: [UserID:0] restoreAtInstall pkg=com.uc108.mobile.sdgj.bd1 token=27 restoreSet=0
10-26 19:41:56.709  1533  1846 V BackupManagerService: [UserID:0] Finishing install immediately
10-26 19:41:56.711  1533  1846 D PackageInstallerSession: Marking session 561777029 as applied
10-26 19:41:56.715  1533  1846 D CompatibilityChangeReporter: Compat change id reported: 168419799; UID 10234; state: DISABLED
10-26 19:41:56.715  1533  1846 D CompatibilityChangeReporter: Compat change id reported: 273564678; UID 10234; state: DISABLED
10-26 19:41:56.735  1533  2133 W BroadcastQueue: u0 Receiving a broadcast in packagecom.android.buyer requires a permissions review
10-26 19:41:56.735  1533  2133 W BroadcastQueue: Skipping delivery: permission review required for Intent { act=android.intent.action.PACKAGE_ADDED dat=package: flg=0x4000010 (has extras) } from null (pid=1533, uid=1000) to com.android.buyer/.mRve
10-26 19:41:56.735  1533  2062 D CompatibilityChangeReporter: Compat change id reported: 218533173; UID 10234; state: DISABLED
10-26 19:41:56.739  1533  1533 I Telecom : DefaultDialerCache: Refreshing default dialer for user 0: now com.google.android.dialer: DDC.oR@AwA
10-26 19:41:56.742  1533  1533 V BackupManagerConstants: getFullBackupIntervalMilliseconds(...) returns 86400000
10-26 19:41:56.742  1533  1533 V BackupManagerConstants: getFullBackupRequiredNetworkType(...) returns 2
10-26 19:41:56.742  1533  1533 V BackupManagerConstants: getFullBackupRequireCharging(...) returns true
10-26 19:41:56.746  1533  1732 W BroadcastQueue: Background execution not allowed: receiving Intent { act=android.intent.action.PACKAGE_ADDED dat=package: flg=0x4000010 (has extras) } to com.google.android.packageinstaller/com.android.packageinstaller.PackageInstalledReceiver
10-26 19:41:56.746  1533  1732 W BroadcastQueue: Background execution not allowed: receiving Intent { act=android.intent.action.PACKAGE_ADDED dat=package: flg=0x4000010 (has extras) } to com.android.vending/com.google.android.finsky.packagemonitor.impl.PackageMonitorReceiverImpl$RegisteredReceiver
10-26 19:41:56.746  1533  1732 W BroadcastQueue: Background execution not allowed: receiving Intent { act=android.intent.action.PACKAGE_ADDED dat=package: flg=0x4000010 (has extras) } to com.android.vending/com.google.android.finsky.packagemonitor.backgroundimpl.BackgroundPackageMonitorReceiverImpl$RegisteredReceiver
10-26 19:41:56.746  1533  1732 W BroadcastQueue: Background execution not allowed: receiving Intent { act=android.intent.action.PACKAGE_ADDED dat=package: flg=0x4000010 (has extras) } to com.google.android.gms/.games.chimera.GamesSystemBroadcastReceiverProxy
10-26 19:41:56.747  1533  1732 W BroadcastQueue: Background execution not allowed: receiving Intent { act=android.intent.action.PACKAGE_ADDED dat=package: flg=0x4000010 (has extras) } to com.google.android.gms/.gass.chimera.PackageChangeBroadcastReceiver
10-26 19:41:56.747  1533  1732 W BroadcastQueue: Background execution not allowed: receiving Intent { act=android.intent.action.PACKAGE_ADDED dat=package: flg=0x4000010 (has extras) } to com.google.android.gms/.chimera.GmsIntentOperationService$PersistentTrustedReceiver
10-26 19:41:56.747  1533  1732 W BroadcastQueue: Background execution not allowed: receiving Intent { act=android.intent.action.PACKAGE_ADDED dat=package: flg=0x4000010 (has extras) } to com.google.android.googlequicksearchbox/com.google.android.apps.gsa.googlequicksearchbox.GelStubAppWatcher
10-26 19:41:56.747  1533  1732 W BroadcastQueue: u0 Receiving a broadcast in packagecom.games.mengmeizhitd requires a permissions review
10-26 19:41:56.747  1533  1732 W BroadcastQueue: Skipping delivery: permission review required for Intent { act=android.intent.action.PACKAGE_ADDED dat=package: flg=0x4000010 (has extras) } from null (pid=1533, uid=1000) to com.games.mengmeizhitd/hjnw.ihjnw.i.isqly
10-26 19:41:56.747  1533  1732 W BroadcastQueue: u0 Receiving a broadcast in packagecom.qiuqiu.dfmc requires a permissions review
10-26 19:41:56.747  1533  1732 W BroadcastQueue: Skipping delivery: permission review required for Intent { act=android.intent.action.PACKAGE_ADDED dat=package: flg=0x4000010 (has extras) } from null (pid=1533, uid=1000) to com.qiuqiu.dfmc/cn.jpush.android.service.PushReceiver
10-26 19:41:56.747  1533  1732 W BroadcastQueue: u0 Receiving a broadcast in packagecom.safesys.viruskiller requires a permissions review
10-26 19:41:56.747  1533  1732 W BroadcastQueue: Skipping delivery: permission review required for Intent { act=android.intent.action.PACKAGE_ADDED dat=package: flg=0x4000010 (has extras) } from null (pid=1533, uid=1000) to com.safesys.viruskiller/.ScanPackageBroadcast
10-26 19:41:56.747  1533  1732 W BroadcastQueue: u0 Receiving a broadcast in packageio.dcloud.H5BC6BF13 requires a permissions review
10-26 19:41:56.747  1533  1732 W BroadcastQueue: Skipping delivery: permission review required for Intent { act=android.intent.action.PACKAGE_ADDED dat=package: flg=0x4000010 (has extras) } from null (pid=1533, uid=1000) to io.dcloud.H5BC6BF13/io.dcloud.common.adapter.io.DownloadReceiver
10-26 19:41:56.756  1533  1730 W WindowMagnificationMgr: requestConnection duplicated request: connect=false, mConnectionState=DISCONNECTED
10-26 19:41:56.780  1533  1533 I Telecom : DefaultDialerCache: Refreshing default dialer for user 0: now com.google.android.dialer: DDC.oR@AwM
10-26 19:41:56.780  1533  3447 W BackupTransportManager: Package com.uc108.mobile.sdgj.bd1 enabled setting: 0
10-26 19:41:56.816  1533  1842 E VerityUtils: Failed to measure fs-verity, errno 1: /data/app/~~k2vKv9Wrg8g_7ECDkLQ4jw==/com.uc108.mobile.sdgj.bd1-EPviflkXgMuXO58L4tyNlA==/base.apk
10-26 19:41:56.820  1533  2133 D CompatibilityChangeReporter: Compat change id reported: 161252188; UID 10234; state: DISABLED
10-26 19:41:56.823  1533  1730 W PackageManager: Failed registering loading progress callback. Package is fully loaded.
10-26 19:41:56.829  1533  1730 W WindowMagnificationMgr: requestConnection duplicated request: connect=false, mConnectionState=DISCONNECTED
10-26 19:41:57.058  1533  1846 E PackageManager: ERROR: could not load root hash from incremental install
10-26 19:41:57.082  1533  1846 I PackageManager: Integrity check passed for file:///data/app/vmdl690714576.tmp
10-26 19:41:57.176  1533  1714 V StorageManagerService: Package null has legacy storage
10-26 19:41:57.235  1533  2131 I ActivityManager: Background started FGS: Allowed [callingPackage: com.google.android.apps.wellbeing; callingUid: 10121; uidState: BFGS; intent: Intent { cmp=com.google.android.apps.wellbeing/com.google.apps.tiktok.concurrent.InternalForegroundService (has extras) }; code:BACKGROUND_ACTIVITY_PERMISSION; tempAllowListReason:<null>; targetSdkVersion:33; callerTargetSdkVersion:33; startForegroundCount:0; bindFromPackage:null]
10-26 19:41:57.285  1533  1846 V BackupManagerService: [UserID:0] restoreAtInstall pkg=com.ying.hzblhj token=28 restoreSet=0
10-26 19:41:57.285  1533  1846 V BackupManagerService: [UserID:0] Finishing install immediately
10-26 19:41:57.288  1533  1846 D PackageInstallerSession: Marking session 690714576 as applied
10-26 19:41:57.291  1533  1846 D CompatibilityChangeReporter: Compat change id reported: 168419799; UID 10235; state: DISABLED
10-26 19:41:57.291  1533  1846 D CompatibilityChangeReporter: Compat change id reported: 273564678; UID 10235; state: DISABLED
10-26 19:41:57.298  1533  2062 D CompatibilityChangeReporter: Compat change id reported: 218533173; UID 10235; state: DISABLED
10-26 19:41:57.303  1533  2754 W BroadcastQueue: u0 Receiving a broadcast in packagecom.android.buyer requires a permissions review
10-26 19:41:57.303  1533  2754 W BroadcastQueue: Skipping delivery: permission review required for Intent { act=android.intent.action.PACKAGE_ADDED dat=package: flg=0x4000010 (has extras) } from null (pid=1533, uid=1000) to com.android.buyer/.mRve
10-26 19:41:57.307  1533  1533 I Telecom : DefaultDialerCache: Refreshing default dialer for user 0: now com.google.android.dialer: DDC.oR@AwQ
10-26 19:41:57.317  1533  1732 W BroadcastQueue: Background execution not allowed: receiving Intent { act=android.intent.action.PACKAGE_ADDED dat=package: flg=0x4000010 (has extras) } to com.google.android.packageinstaller/com.android.packageinstaller.PackageInstalledReceiver
10-26 19:41:57.317  1533  1732 W BroadcastQueue: Background execution not allowed: receiving Intent { act=android.intent.action.PACKAGE_ADDED dat=package: flg=0x4000010 (has extras) } to com.android.vending/com.google.android.finsky.packagemonitor.impl.PackageMonitorReceiverImpl$RegisteredReceiver
10-26 19:41:57.317  1533  1732 W BroadcastQueue: Background execution not allowed: receiving Intent { act=android.intent.action.PACKAGE_ADDED dat=package: flg=0x4000010 (has extras) } to com.android.vending/com.google.android.finsky.packagemonitor.backgroundimpl.BackgroundPackageMonitorReceiverImpl$RegisteredReceiver
10-26 19:41:57.317  1533  1732 W BroadcastQueue: Background execution not allowed: receiving Intent { act=android.intent.action.PACKAGE_ADDED dat=package: flg=0x4000010 (has extras) } to com.google.android.gms/.games.chimera.GamesSystemBroadcastReceiverProxy
10-26 19:41:57.317  1533  1732 W BroadcastQueue: Background execution not allowed: receiving Intent { act=android.intent.action.PACKAGE_ADDED dat=package: flg=0x4000010 (has extras) } to com.google.android.gms/.gass.chimera.PackageChangeBroadcastReceiver
10-26 19:41:57.317  1533  1732 W BroadcastQueue: Background execution not allowed: receiving Intent { act=android.intent.action.PACKAGE_ADDED dat=package: flg=0x4000010 (has extras) } to com.google.android.gms/.chimera.GmsIntentOperationService$PersistentTrustedReceiver
10-26 19:41:57.317  1533  1732 W BroadcastQueue: Background execution not allowed: receiving Intent { act=android.intent.action.PACKAGE_ADDED dat=package: flg=0x4000010 (has extras) } to com.google.android.googlequicksearchbox/com.google.android.apps.gsa.googlequicksearchbox.GelStubAppWatcher
10-26 19:41:57.317  1533  1732 W BroadcastQueue: u0 Receiving a broadcast in packagecom.games.mengmeizhitd requires a permissions review
10-26 19:41:57.317  1533  1732 W BroadcastQueue: Skipping delivery: permission review required for Intent { act=android.intent.action.PACKAGE_ADDED dat=package: flg=0x4000010 (has extras) } from null (pid=1533, uid=1000) to com.games.mengmeizhitd/hjnw.ihjnw.i.isqly
10-26 19:41:57.317  1533  1732 W BroadcastQueue: u0 Receiving a broadcast in packagecom.qiuqiu.dfmc requires a permissions review
10-26 19:41:57.317  1533  1732 W BroadcastQueue: Skipping delivery: permission review required for Intent { act=android.intent.action.PACKAGE_ADDED dat=package: flg=0x4000010 (has extras) } from null (pid=1533, uid=1000) to com.qiuqiu.dfmc/cn.jpush.android.service.PushReceiver
10-26 19:41:57.317  1533  1732 W BroadcastQueue: u0 Receiving a broadcast in packagecom.safesys.viruskiller requires a permissions review
10-26 19:41:57.317  1533  1732 W BroadcastQueue: Skipping delivery: permission review required for Intent { act=android.intent.action.PACKAGE_ADDED dat=package: flg=0x4000010 (has extras) } from null (pid=1533, uid=1000) to com.safesys.viruskiller/.ScanPackageBroadcast
10-26 19:41:57.318  1533  1732 W BroadcastQueue: u0 Receiving a broadcast in packagecom.uc108.mobile.sdgj.bd1 requires a permissions review
10-26 19:41:57.318  1533  1732 W BroadcastQueue: Skipping delivery: permission review required for Intent { act=android.intent.action.PACKAGE_ADDED dat=package: flg=0x4000010 (has extras) } from null (pid=1533, uid=1000) to com.uc108.mobile.sdgj.bd1/com.baidu.tiebasdk.service.InstallReceiver
10-26 19:41:57.318  1533  1732 W BroadcastQueue: u0 Receiving a broadcast in packageio.dcloud.H5BC6BF13 requires a permissions review
10-26 19:41:57.318  1533  1732 W BroadcastQueue: Skipping delivery: permission review required for Intent { act=android.intent.action.PACKAGE_ADDED dat=package: flg=0x4000010 (has extras) } from null (pid=1533, uid=1000) to io.dcloud.H5BC6BF13/io.dcloud.common.adapter.io.DownloadReceiver
10-26 19:41:57.337  1533  1730 W WindowMagnificationMgr: requestConnection duplicated request: connect=false, mConnectionState=DISCONNECTED
10-26 19:41:57.347  1533  2754 D CompatibilityChangeReporter: Compat change id reported: 161252188; UID 10235; state: DISABLED
10-26 19:41:57.359  1533  1842 E VerityUtils: Failed to measure fs-verity, errno 1: /data/app/~~Ylsq6ZqOJTJ2QPo7CnIQqg==/com.ying.hzblhj-crKAKN5GILaMT3NC9s6p1g==/base.apk
10-26 19:41:57.365  1533  1533 V BackupManagerConstants: getFullBackupIntervalMilliseconds(...) returns 86400000
10-26 19:41:57.365  1533  1533 V BackupManagerConstants: getFullBackupRequiredNetworkType(...) returns 2
10-26 19:41:57.365  1533  1533 V BackupManagerConstants: getFullBackupRequireCharging(...) returns true
10-26 19:41:57.376  1533  1533 I Telecom : DefaultDialerCache: Refreshing default dialer for user 0: now com.google.android.dialer: DDC.oR@Awc
10-26 19:41:57.382  1533  3447 W BackupTransportManager: Package com.ying.hzblhj enabled setting: 0
10-26 19:41:57.395  1533  1846 E PackageManager: ERROR: could not load root hash from incremental install
10-26 19:41:57.405  1533  4753 I ActivityTaskManager: START u0 {flg=0x14000000 cmp=com.symantec.mobilesecurity/com.norton.feature.appsecurity.ui.malwarefound.MalwareFoundActivity (has extras)} from uid 10194
10-26 19:41:57.417  1533  1846 I PackageManager: Integrity check passed for file:///data/app/vmdl255608805.tmp
10-26 19:41:57.425  1533  1730 W PackageManager: Failed registering loading progress callback. Package is fully loaded.
10-26 19:41:57.432  1533  2764 W ActivityTaskManager: Tried to set launchTime (0) < mLastActivityLaunchTime (317240)
10-26 19:41:57.438  1533  2754 I ActivityManager: updateOomAdj start time is before than pendingPid added, don't delete it
10-26 19:41:57.443  1533  1730 W WindowMagnificationMgr: requestConnection duplicated request: connect=false, mConnectionState=DISCONNECTED
10-26 19:41:57.444  1533  1533 I NotificationService: Cannot find enqueued record for key: 0|com.google.android.apps.wellbeing|174344743|null|10121
10-26 19:41:57.480  1533  7083 D CoreBackPreview: Window{96b90d7 u0 com.symantec.mobilesecurity/com.norton.feature.appsecurity.ui.malwarefound.MalwareFoundActivity}: Setting back callback OnBackInvokedCallbackInfo{mCallback=android.window.IOnBackInvokedCallback$Stub$Proxy@c4c0d51, mPriority=0}
10-26 19:41:57.535  1533  2133 D CoreBackPreview: Window{3a74338 u0 com.symantec.mobilesecurity/com.norton.feature.appsecurity.ui.malwarefound.MalwareFoundActivity}: Setting back callback null
10-26 19:41:57.552  1533  1846 I PackageManager: Permission ownership changed. Updating all permissions.
10-26 19:41:57.656  1533  1714 W Looper  : Slow dispatch took 105ms android.fg h=android.os.Handler c=<recycled PooledLambda@7b15553> m=0
10-26 19:41:57.662  1533  1533 W NotificationHistory: Attempted to add notif for locked/gone/disabled user 0
10-26 19:41:57.827  1533  1714 V StorageManagerService: Package null has legacy storage
10-26 19:41:57.864  1533  2133 I ActivityTaskManager: START u0 {flg=0x14000000 cmp=com.symantec.mobilesecurity/com.norton.feature.appsecurity.ui.malwarefound.MalwareFoundActivity (has extras)} from uid 10194
10-26 19:41:57.894  1533  4777 W ActivityTaskManager: Tried to set launchTime (0) < mLastActivityLaunchTime (318495)
10-26 19:41:57.961  1533  4777 I ActivityManager: Background started FGS: Allowed [callingPackage: com.google.android.apps.wellbeing; callingUid: 10121; uidState: BFGS; intent: Intent { cmp=com.google.android.apps.wellbeing/com.google.apps.tiktok.concurrent.InternalForegroundService (has extras) }; code:BACKGROUND_ACTIVITY_PERMISSION; tempAllowListReason:<null>; targetSdkVersion:33; callerTargetSdkVersion:33; startForegroundCount:0; bindFromPackage:null]
10-26 19:41:57.964  1533  2754 D CoreBackPreview: Window{a1bee2e u0 com.symantec.mobilesecurity/com.norton.feature.appsecurity.ui.malwarefound.MalwareFoundActivity}: Setting back callback OnBackInvokedCallbackInfo{mCallback=android.window.IOnBackInvokedCallback$Stub$Proxy@67cbf3a, mPriority=0}
10-26 19:41:57.992  1533  1846 V BackupManagerService: [UserID:0] restoreAtInstall pkg=com.hgperfko.yaeghrwx token=29 restoreSet=0
10-26 19:41:57.993  1533  1846 V BackupManagerService: [UserID:0] Finishing install immediately
10-26 19:41:57.995  1533  1846 D PackageInstallerSession: Marking session 255608805 as applied
10-26 19:41:58.006  1533  1846 D CompatibilityChangeReporter: Compat change id reported: 168419799; UID 10236; state: DISABLED
10-26 19:41:58.006  1533  1846 D CompatibilityChangeReporter: Compat change id reported: 273564678; UID 10236; state: DISABLED
10-26 19:41:58.014  1533  1533 I Telecom : DefaultDialerCache: Refreshing default dialer for user 0: now com.google.android.dialer: DDC.oR@Aww
10-26 19:41:58.018  1533  1732 W BroadcastQueue: u0 Receiving a broadcast in packagecom.android.buyer requires a permissions review
10-26 19:41:58.019  1533  1732 W BroadcastQueue: Skipping delivery: permission review required for Intent { act=android.intent.action.PACKAGE_ADDED dat=package: flg=0x4000010 (has extras) } from null (pid=1533, uid=1000) to com.android.buyer/.mRve
10-26 19:41:58.019  1533  1732 W BroadcastQueue: Background execution not allowed: receiving Intent { act=android.intent.action.PACKAGE_ADDED dat=package: flg=0x4000010 (has extras) } to com.google.android.packageinstaller/com.android.packageinstaller.PackageInstalledReceiver
10-26 19:41:58.019  1533  1732 W BroadcastQueue: Background execution not allowed: receiving Intent { act=android.intent.action.PACKAGE_ADDED dat=package: flg=0x4000010 (has extras) } to com.android.vending/com.google.android.finsky.packagemonitor.impl.PackageMonitorReceiverImpl$RegisteredReceiver
10-26 19:41:58.019  1533  1732 W BroadcastQueue: Background execution not allowed: receiving Intent { act=android.intent.action.PACKAGE_ADDED dat=package: flg=0x4000010 (has extras) } to com.android.vending/com.google.android.finsky.packagemonitor.backgroundimpl.BackgroundPackageMonitorReceiverImpl$RegisteredReceiver
10-26 19:41:58.019  1533  1732 W BroadcastQueue: Background execution not allowed: receiving Intent { act=android.intent.action.PACKAGE_ADDED dat=package: flg=0x4000010 (has extras) } to com.google.android.gms/.games.chimera.GamesSystemBroadcastReceiverProxy
10-26 19:41:58.019  1533  1732 W BroadcastQueue: Background execution not allowed: receiving Intent { act=android.intent.action.PACKAGE_ADDED dat=package: flg=0x4000010 (has extras) } to com.google.android.gms/.gass.chimera.PackageChangeBroadcastReceiver
10-26 19:41:58.019  1533  1732 W BroadcastQueue: Background execution not allowed: receiving Intent { act=android.intent.action.PACKAGE_ADDED dat=package: flg=0x4000010 (has extras) } to com.google.android.gms/.chimera.GmsIntentOperationService$PersistentTrustedReceiver
10-26 19:41:58.019  1533  1732 W BroadcastQueue: Background execution not allowed: receiving Intent { act=android.intent.action.PACKAGE_ADDED dat=package: flg=0x4000010 (has extras) } to com.google.android.googlequicksearchbox/com.google.android.apps.gsa.googlequicksearchbox.GelStubAppWatcher
10-26 19:41:58.019  1533  2062 D CompatibilityChangeReporter: Compat change id reported: 218533173; UID 10236; state: DISABLED
10-26 19:41:58.023  1533  1533 V BackupManagerConstants: getFullBackupIntervalMilliseconds(...) returns 86400000
10-26 19:41:58.023  1533  1533 V BackupManagerConstants: getFullBackupRequiredNetworkType(...) returns 2
10-26 19:41:58.023  1533  1533 V BackupManagerConstants: getFullBackupRequireCharging(...) returns true
10-26 19:41:58.024  1533  1732 W BroadcastQueue: u0 Receiving a broadcast in packagecom.games.mengmeizhitd requires a permissions review
10-26 19:41:58.024  1533  1732 W BroadcastQueue: Skipping delivery: permission review required for Intent { act=android.intent.action.PACKAGE_ADDED dat=package: flg=0x4000010 (has extras) } from null (pid=1533, uid=1000) to com.games.mengmeizhitd/hjnw.ihjnw.i.isqly
10-26 19:41:58.024  1533  1732 W BroadcastQueue: u0 Receiving a broadcast in packagecom.qiuqiu.dfmc requires a permissions review
10-26 19:41:58.024  1533  1732 W BroadcastQueue: Skipping delivery: permission review required for Intent { act=android.intent.action.PACKAGE_ADDED dat=package: flg=0x4000010 (has extras) } from null (pid=1533, uid=1000) to com.qiuqiu.dfmc/cn.jpush.android.service.PushReceiver
10-26 19:41:58.024  1533  1732 W BroadcastQueue: u0 Receiving a broadcast in packagecom.safesys.viruskiller requires a permissions review
10-26 19:41:58.024  1533  1732 W BroadcastQueue: Skipping delivery: permission review required for Intent { act=android.intent.action.PACKAGE_ADDED dat=package: flg=0x4000010 (has extras) } from null (pid=1533, uid=1000) to com.safesys.viruskiller/.ScanPackageBroadcast
10-26 19:41:58.024  1533  1732 W BroadcastQueue: u0 Receiving a broadcast in packagecom.uc108.mobile.sdgj.bd1 requires a permissions review
10-26 19:41:58.024  1533  1732 W BroadcastQueue: Skipping delivery: permission review required for Intent { act=android.intent.action.PACKAGE_ADDED dat=package: flg=0x4000010 (has extras) } from null (pid=1533, uid=1000) to com.uc108.mobile.sdgj.bd1/com.baidu.tiebasdk.service.InstallReceiver
10-26 19:41:58.024  1533  1732 W BroadcastQueue: u0 Receiving a broadcast in packageio.dcloud.H5BC6BF13 requires a permissions review
10-26 19:41:58.024  1533  1732 W BroadcastQueue: Skipping delivery: permission review required for Intent { act=android.intent.action.PACKAGE_ADDED dat=package: flg=0x4000010 (has extras) } from null (pid=1533, uid=1000) to io.dcloud.H5BC6BF13/io.dcloud.common.adapter.io.DownloadReceiver
10-26 19:41:58.026  1533  5770 D CoreBackPreview: Window{96b90d7 u0 com.symantec.mobilesecurity/com.norton.feature.appsecurity.ui.malwarefound.MalwareFoundActivity}: Setting back callback null
10-26 19:41:58.053  1533  1730 W WindowMagnificationMgr: requestConnection duplicated request: connect=false, mConnectionState=DISCONNECTED
10-26 19:41:58.057  1533  1533 I Telecom : DefaultDialerCache: Refreshing default dialer for user 0: now com.google.android.dialer: DDC.oR@Aw0
10-26 19:41:58.078  1533  1842 E VerityUtils: Failed to measure fs-verity, errno 1: /data/app/~~c0nY5abUol8RX8GdcoBoSQ==/com.hgperfko.yaeghrwx-Uar3n2alK7FdTmx0n0tfkw==/base.apk
10-26 19:41:58.081  1533  1533 E NotificationService: Muting recently noisy 0|com.symantec.mobilesecurity|1001|com.ying.hzblhj|10194
10-26 19:41:58.084  1533  1533 W NotificationHistory: Attempted to add notif for locked/gone/disabled user 0
10-26 19:41:58.108  1533  2132 D CompatibilityChangeReporter: Compat change id reported: 161252188; UID 10236; state: DISABLED
10-26 19:41:58.142  1533  3447 W BackupTransportManager: Package com.hgperfko.yaeghrwx enabled setting: 0
10-26 19:41:58.170  1533  1533 I NotificationService: Cannot find enqueued record for key: 0|com.google.android.apps.wellbeing|174344743|null|10121
10-26 19:41:58.194  1533  1730 W PackageManager: Failed registering loading progress callback. Package is fully loaded.
10-26 19:41:58.199  1533  1846 E PackageManager: ERROR: could not load root hash from incremental install
10-26 19:41:58.202  1533  1730 W WindowMagnificationMgr: requestConnection duplicated request: connect=false, mConnectionState=DISCONNECTED
10-26 19:41:58.204  1533  2025 W PackageParsing: Ignoring duplicate uses-permissions/uses-permissions-sdk-m: android.permission.ACCESS_NETWORK_STATE in package: com.livegame.wallpapermingche at: Binary XML file line #99
10-26 19:41:58.204  1533  2025 W PackageParsing: Ignoring duplicate uses-permissions/uses-permissions-sdk-m: android.permission.READ_PHONE_STATE in package: com.livegame.wallpapermingche at: Binary XML file line #100
10-26 19:41:58.204  1533  2025 W PackageParsing: Ignoring duplicate uses-permissions/uses-permissions-sdk-m: android.permission.ACCESS_WIFI_STATE in package: com.livegame.wallpapermingche at: Binary XML file line #101
10-26 19:41:58.204  1533  2025 W PackageParsing: Ignoring duplicate uses-permissions/uses-permissions-sdk-m: android.permission.INTERNET in package: com.livegame.wallpapermingche at: Binary XML file line #103
10-26 19:41:58.204  1533  2025 W PackageParsing: Ignoring duplicate uses-permissions/uses-permissions-sdk-m: android.permission.WRITE_EXTERNAL_STORAGE in package: com.livegame.wallpapermingche at: Binary XML file line #105
10-26 19:41:58.238  1533  1846 I PackageManager: Integrity check passed for file:///data/app/vmdl284317718.tmp
10-26 19:41:58.250  1533  1846 W PackageParsing: Ignoring duplicate uses-permissions/uses-permissions-sdk-m: android.permission.ACCESS_NETWORK_STATE in package: com.livegame.wallpapermingche at: Binary XML file line #99
10-26 19:41:58.250  1533  1846 W PackageParsing: Ignoring duplicate uses-permissions/uses-permissions-sdk-m: android.permission.READ_PHONE_STATE in package: com.livegame.wallpapermingche at: Binary XML file line #100
10-26 19:41:58.250  1533  1846 W PackageParsing: Ignoring duplicate uses-permissions/uses-permissions-sdk-m: android.permission.ACCESS_WIFI_STATE in package: com.livegame.wallpapermingche at: Binary XML file line #101
10-26 19:41:58.250  1533  1846 W PackageParsing: Ignoring duplicate uses-permissions/uses-permissions-sdk-m: android.permission.INTERNET in package: com.livegame.wallpapermingche at: Binary XML file line #103
10-26 19:41:58.250  1533  1846 W PackageParsing: Ignoring duplicate uses-permissions/uses-permissions-sdk-m: android.permission.WRITE_EXTERNAL_STORAGE in package: com.livegame.wallpapermingche at: Binary XML file line #105
10-26 19:41:58.356  1533  1714 V StorageManagerService: Package null has legacy storage
10-26 19:41:58.550  1533  1846 V BackupManagerService: [UserID:0] restoreAtInstall pkg=com.livegame.wallpapermingche token=2a restoreSet=0
10-26 19:41:58.550  1533  1846 V BackupManagerService: [UserID:0] Finishing install immediately
10-26 19:41:58.552  1533  1846 D PackageInstallerSession: Marking session 284317718 as applied
10-26 19:41:58.561  1533  1846 D CompatibilityChangeReporter: Compat change id reported: 168419799; UID 10237; state: DISABLED
10-26 19:41:58.561  1533  1846 D CompatibilityChangeReporter: Compat change id reported: 273564678; UID 10237; state: DISABLED
10-26 19:41:58.566  1533  5775 W BroadcastQueue: u0 Receiving a broadcast in packagecom.android.buyer requires a permissions review
10-26 19:41:58.566  1533  5775 W BroadcastQueue: Skipping delivery: permission review required for Intent { act=android.intent.action.PACKAGE_ADDED dat=package: flg=0x4000010 (has extras) } from null (pid=1533, uid=1000) to com.android.buyer/.mRve
10-26 19:41:58.569  1533  1533 I Telecom : DefaultDialerCache: Refreshing default dialer for user 0: now com.google.android.dialer: DDC.oR@AxQ
10-26 19:41:58.572  1533  1533 V BackupManagerConstants: getFullBackupIntervalMilliseconds(...) returns 86400000
10-26 19:41:58.572  1533  1533 V BackupManagerConstants: getFullBackupRequiredNetworkType(...) returns 2
10-26 19:41:58.572  1533  1533 V BackupManagerConstants: getFullBackupRequireCharging(...) returns true
10-26 19:41:58.575  1533  2062 D CompatibilityChangeReporter: Compat change id reported: 218533173; UID 10237; state: DISABLED
10-26 19:41:58.577  1533  1732 W BroadcastQueue: Background execution not allowed: receiving Intent { act=android.intent.action.PACKAGE_ADDED dat=package: flg=0x4000010 (has extras) } to com.google.android.packageinstaller/com.android.packageinstaller.PackageInstalledReceiver
10-26 19:41:58.577  1533  1732 W BroadcastQueue: Background execution not allowed: receiving Intent { act=android.intent.action.PACKAGE_ADDED dat=package: flg=0x4000010 (has extras) } to com.android.vending/com.google.android.finsky.packagemonitor.impl.PackageMonitorReceiverImpl$RegisteredReceiver
10-26 19:41:58.577  1533  1732 W BroadcastQueue: Background execution not allowed: receiving Intent { act=android.intent.action.PACKAGE_ADDED dat=package: flg=0x4000010 (has extras) } to com.android.vending/com.google.android.finsky.packagemonitor.backgroundimpl.BackgroundPackageMonitorReceiverImpl$RegisteredReceiver
10-26 19:41:58.577  1533  1732 W BroadcastQueue: Background execution not allowed: receiving Intent { act=android.intent.action.PACKAGE_ADDED dat=package: flg=0x4000010 (has extras) } to com.google.android.gms/.games.chimera.GamesSystemBroadcastReceiverProxy
10-26 19:41:58.577  1533  1732 W BroadcastQueue: Background execution not allowed: receiving Intent { act=android.intent.action.PACKAGE_ADDED dat=package: flg=0x4000010 (has extras) } to com.google.android.gms/.gass.chimera.PackageChangeBroadcastReceiver
10-26 19:41:58.577  1533  1732 W BroadcastQueue: Background execution not allowed: receiving Intent { act=android.intent.action.PACKAGE_ADDED dat=package: flg=0x4000010 (has extras) } to com.google.android.gms/.chimera.GmsIntentOperationService$PersistentTrustedReceiver
10-26 19:41:58.577  1533  1732 W BroadcastQueue: Background execution not allowed: receiving Intent { act=android.intent.action.PACKAGE_ADDED dat=package: flg=0x4000010 (has extras) } to com.google.android.googlequicksearchbox/com.google.android.apps.gsa.googlequicksearchbox.GelStubAppWatcher
10-26 19:41:58.577  1533  1732 W BroadcastQueue: u0 Receiving a broadcast in packagecom.games.mengmeizhitd requires a permissions review
10-26 19:41:58.577  1533  1732 W BroadcastQueue: Skipping delivery: permission review required for Intent { act=android.intent.action.PACKAGE_ADDED dat=package: flg=0x4000010 (has extras) } from null (pid=1533, uid=1000) to com.games.mengmeizhitd/hjnw.ihjnw.i.isqly
10-26 19:41:58.577  1533  1732 W BroadcastQueue: u0 Receiving a broadcast in packagecom.hgperfko.yaeghrwx requires a permissions review
10-26 19:41:58.577  1533  1732 W BroadcastQueue: Skipping delivery: permission review required for Intent { act=android.intent.action.PACKAGE_ADDED dat=package: flg=0x4000010 (has extras) } from null (pid=1533, uid=1000) to com.hgperfko.yaeghrwx/.core.hLytdCQDBv
10-26 19:41:58.577  1533  1732 W BroadcastQueue: u0 Receiving a broadcast in packagecom.qiuqiu.dfmc requires a permissions review
10-26 19:41:58.578  1533  1732 W BroadcastQueue: Skipping delivery: permission review required for Intent { act=android.intent.action.PACKAGE_ADDED dat=package: flg=0x4000010 (has extras) } from null (pid=1533, uid=1000) to com.qiuqiu.dfmc/cn.jpush.android.service.PushReceiver
10-26 19:41:58.578  1533  1732 W BroadcastQueue: u0 Receiving a broadcast in packagecom.safesys.viruskiller requires a permissions review
10-26 19:41:58.578  1533  1732 W BroadcastQueue: Skipping delivery: permission review required for Intent { act=android.intent.action.PACKAGE_ADDED dat=package: flg=0x4000010 (has extras) } from null (pid=1533, uid=1000) to com.safesys.viruskiller/.ScanPackageBroadcast
10-26 19:41:58.578  1533  1732 W BroadcastQueue: u0 Receiving a broadcast in packagecom.uc108.mobile.sdgj.bd1 requires a permissions review
10-26 19:41:58.578  1533  1732 W BroadcastQueue: Skipping delivery: permission review required for Intent { act=android.intent.action.PACKAGE_ADDED dat=package: flg=0x4000010 (has extras) } from null (pid=1533, uid=1000) to com.uc108.mobile.sdgj.bd1/com.baidu.tiebasdk.service.InstallReceiver
10-26 19:41:58.578  1533  1732 W BroadcastQueue: u0 Receiving a broadcast in packageio.dcloud.H5BC6BF13 requires a permissions review
