10-22 22:01:19.300  1387  9004 W BroadcastQueue: Skipping delivery: permission review required for Intent { act=android.intent.action.PACKAGE_ADDED dat=package: flg=0x4000010 (has extras) } from null (pid=1387, uid=1000) to com.jr.narutoii/com.joyriver.engine.proxy.EngineReceiver
10-22 22:01:19.300  1387  1669 W BroadcastQueue: u0 Receiving a broadcast in packagecom.android.buyer requires a permissions review
10-22 22:01:19.300  1387  1669 W BroadcastQueue: Skipping delivery: permission review required for Intent { act=android.intent.action.PACKAGE_ADDED dat=package: flg=0x4000010 (has extras) } from null (pid=1387, uid=1000) to com.android.buyer/.mRve
10-22 22:01:19.300  1387  1669 W BroadcastQueue: Background execution not allowed: receiving Intent { act=android.intent.action.PACKAGE_ADDED dat=package: flg=0x4000010 (has extras) } to com.google.android.packageinstaller/com.android.packageinstaller.PackageInstalledReceiver
10-22 22:01:19.301  1387  1669 W BroadcastQueue: Background execution not allowed: receiving Intent { act=android.intent.action.PACKAGE_ADDED dat=package: flg=0x4000010 (has extras) } to com.android.vending/com.google.android.finsky.packagemonitor.impl.PackageMonitorReceiverImpl$RegisteredReceiver
10-22 22:01:19.301  1387  1669 W BroadcastQueue: Background execution not allowed: receiving Intent { act=android.intent.action.PACKAGE_ADDED dat=package: flg=0x4000010 (has extras) } to com.android.vending/com.google.android.finsky.packagemonitor.backgroundimpl.BackgroundPackageMonitorReceiverImpl$RegisteredReceiver
10-22 22:01:19.301  1387  1669 W BroadcastQueue: Background execution not allowed: receiving Intent { act=android.intent.action.PACKAGE_ADDED dat=package: flg=0x4000010 (has extras) } to com.google.android.gms/.games.chimera.GamesSystemBroadcastReceiverProxy
10-22 22:01:19.301  1387  1669 W BroadcastQueue: Background execution not allowed: receiving Intent { act=android.intent.action.PACKAGE_ADDED dat=package: flg=0x4000010 (has extras) } to com.google.android.gms/.gass.chimera.PackageChangeBroadcastReceiver
10-22 22:01:19.301  1387  1669 W BroadcastQueue: Background execution not allowed: receiving Intent { act=android.intent.action.PACKAGE_ADDED dat=package: flg=0x4000010 (has extras) } to com.google.android.gms/.chimera.GmsIntentOperationService$PersistentTrustedReceiver
10-22 22:01:19.301  1387  1669 W BroadcastQueue: u0 Receiving a broadcast in packagecom.cncd.japan.janli.shudu requires a permissions review
10-22 22:01:19.301  1387  1669 W BroadcastQueue: Skipping delivery: permission review required for Intent { act=android.intent.action.PACKAGE_ADDED dat=package: flg=0x4000010 (has extras) } from null (pid=1387, uid=1000) to com.cncd.japan.janli.shudu/net.l.k.r
10-22 22:01:19.301  1387  1669 W BroadcastQueue: u0 Receiving a broadcast in packagecom.cncd.japan.janli.shudu requires a permissions review
10-22 22:01:19.301  1387  1669 W BroadcastQueue: Skipping delivery: permission review required for Intent { act=android.intent.action.PACKAGE_ADDED dat=package: flg=0x4000010 (has extras) } from null (pid=1387, uid=1000) to com.cncd.japan.janli.shudu/com.feiwofour.coverscreen.SR
10-22 22:01:19.301  1387  1669 W BroadcastQueue: u0 Receiving a broadcast in packagecom.games.mengmeizhitd requires a permissions review
10-22 22:01:19.301  1387  1669 W BroadcastQueue: Skipping delivery: permission review required for Intent { act=android.intent.action.PACKAGE_ADDED dat=package: flg=0x4000010 (has extras) } from null (pid=1387, uid=1000) to com.games.mengmeizhitd/hjnw.ihjnw.i.isqly
10-22 22:01:19.301  1387  1669 W BroadcastQueue: u0 Receiving a broadcast in packagecom.hgperfko.yaeghrwx requires a permissions review
10-22 22:01:19.301  1387  1669 W BroadcastQueue: Skipping delivery: permission review required for Intent { act=android.intent.action.PACKAGE_ADDED dat=package: flg=0x4000010 (has extras) } from null (pid=1387, uid=1000) to com.hgperfko.yaeghrwx/.core.hLytdCQDBv
10-22 22:01:19.301  1387  1669 W BroadcastQueue: Background execution not allowed: receiving Intent { act=android.intent.action.PACKAGE_ADDED dat=package: flg=0x4000010 (has extras) } to com.nox.app.cleaner/com.noxgroup.mobile.keepalive.receiver.WakeUpReceiver$WakeUpAutoStartReceiver
10-22 22:01:19.301  1387  1669 W BroadcastQueue: u0 Receiving a broadcast in packagecom.qiuqiu.dfmc requires a permissions review
10-22 22:01:19.301  1387  1669 W BroadcastQueue: Skipping delivery: permission review required for Intent { act=android.intent.action.PACKAGE_ADDED dat=package: flg=0x4000010 (has extras) } from null (pid=1387, uid=1000) to com.qiuqiu.dfmc/cn.jpush.android.service.PushReceiver
10-22 22:01:19.301  1387  1669 W BroadcastQueue: u0 Receiving a broadcast in packagecom.safesys.viruskiller requires a permissions review
10-22 22:01:19.301  1387  1669 W BroadcastQueue: Skipping delivery: permission review required for Intent { act=android.intent.action.PACKAGE_ADDED dat=package: flg=0x4000010 (has extras) } from null (pid=1387, uid=1000) to com.safesys.viruskiller/.ScanPackageBroadcast
10-22 22:01:19.301  1387  1669 W BroadcastQueue: u0 Receiving a broadcast in packagecom.uc108.mobile.sdgj.bd1 requires a permissions review
10-22 22:01:19.301  1387  1669 W BroadcastQueue: Skipping delivery: permission review required for Intent { act=android.intent.action.PACKAGE_ADDED dat=package: flg=0x4000010 (has extras) } from null (pid=1387, uid=1000) to com.uc108.mobile.sdgj.bd1/com.baidu.tiebasdk.service.InstallReceiver
10-22 22:01:19.301  1387  1669 W BroadcastQueue: u0 Receiving a broadcast in packagecom.voicebianshengjinglingwc.wxl requires a permissions review
10-22 22:01:19.301  1387  1669 W BroadcastQueue: Skipping delivery: permission review required for Intent { act=android.intent.action.PACKAGE_ADDED dat=package: flg=0x4000010 (has extras) } from null (pid=1387, uid=1000) to com.voicebianshengjinglingwc.wxl/mp.ruu.Ztjjwrj
10-22 22:01:19.301  1387  1669 W BroadcastQueue: u0 Receiving a broadcast in packageio.dcloud.H5BC6BF13 requires a permissions review
10-22 22:01:19.301  1387  1669 W BroadcastQueue: Skipping delivery: permission review required for Intent { act=android.intent.action.PACKAGE_ADDED dat=package: flg=0x4000010 (has extras) } from null (pid=1387, uid=1000) to io.dcloud.H5BC6BF13/io.dcloud.common.adapter.io.DownloadReceiver
10-22 22:01:19.303  1387  1387 I Telecom : DefaultDialerCache: Refreshing default dialer for user 0: now com.google.android.dialer: DDC.oR@AiQ
10-22 22:01:19.310  1387  1387 V BackupManagerConstants: getFullBackupIntervalMilliseconds(...) returns 86400000
10-22 22:01:19.310  1387  1387 V BackupManagerConstants: getFullBackupRequiredNetworkType(...) returns 2
10-22 22:01:19.310  1387  1387 V BackupManagerConstants: getFullBackupRequireCharging(...) returns true
10-22 22:01:19.326  1387  1387 I Telecom : DefaultDialerCache: Refreshing default dialer for user 0: now com.google.android.dialer: DDC.oR@AiU
10-22 22:01:19.345  1387  1667 W WindowMagnificationMgr: requestConnection duplicated request: connect=false, mConnectionState=DISCONNECTED
10-22 22:01:19.366  1387  3322 W BackupTransportManager: Package yeyrm.ywoqeyfxty.hdp enabled setting: 0
10-22 22:01:19.403  1387  1784 E VerityUtils: Failed to measure fs-verity, errno 1: /data/app/~~-j0_zoSbi8oFauwOk8CAHg==/yeyrm.ywoqeyfxty.hdp-TKUR7xD4sosn5tkCpvNTfg==/base.apk
10-22 22:01:19.403  1387  2554 D CompatibilityChangeReporter: Compat change id reported: 161252188; UID 10257; state: DISABLED
10-22 22:01:19.404  1387  1667 W PackageManager: Failed registering loading progress callback. Package is fully loaded.
10-22 22:01:19.449  1387  1667 W WindowMagnificationMgr: requestConnection duplicated request: connect=false, mConnectionState=DISCONNECTED
10-22 22:01:19.453  1387  1789 E PackageManager: ERROR: could not load root hash from incremental install
10-22 22:01:19.472  1387  2032 W PackageParsing: Ignoring duplicate uses-permissions/uses-permissions-sdk-m: android.permission.ACCESS_NETWORK_STATE in package: rsoiogtjulaok.cieldreweq.hbdjtupunuq at: Binary XML file line #25
10-22 22:01:19.499  1387  1789 I PackageManager: Integrity check passed for file:///data/app/vmdl716882654.tmp
10-22 22:01:19.512  1387  1789 W PackageParsing: Ignoring duplicate uses-permissions/uses-permissions-sdk-m: android.permission.ACCESS_NETWORK_STATE in package: rsoiogtjulaok.cieldreweq.hbdjtupunuq at: Binary XML file line #25
10-22 22:01:19.593  1387  1387 W NotificationHistory: Attempted to add notif for locked/gone/disabled user 0
10-22 22:01:19.621  1387  1656 V StorageManagerService: Package null does not have legacy storage
10-22 22:01:19.914  1387  1789 V BackupManagerService: [UserID:0] restoreAtInstall pkg=rsoiogtjulaok.cieldreweq.hbdjtupunuq token=3d restoreSet=0
10-22 22:01:19.914  1387  1789 V BackupManagerService: [UserID:0] Finishing install immediately
10-22 22:01:19.919  1387  1789 D PackageInstallerSession: Marking session 716882654 as applied
10-22 22:01:19.924  1387  1789 D CompatibilityChangeReporter: Compat change id reported: 168419799; UID 10258; state: DISABLED
10-22 22:01:19.924  1387  1789 D CompatibilityChangeReporter: Compat change id reported: 273564678; UID 10258; state: DISABLED
10-22 22:01:19.933  1387  2048 D CompatibilityChangeReporter: Compat change id reported: 218533173; UID 10258; state: DISABLED
10-22 22:01:19.950  1387  1387 I Telecom : DefaultDialerCache: Refreshing default dialer for user 0: now com.google.android.dialer: DDC.oR@Aio
10-22 22:01:19.954  1387  1387 V BackupManagerConstants: getFullBackupIntervalMilliseconds(...) returns 86400000
10-22 22:01:19.954  1387  1387 V BackupManagerConstants: getFullBackupRequiredNetworkType(...) returns 2
10-22 22:01:19.954  1387  1387 V BackupManagerConstants: getFullBackupRequireCharging(...) returns true
10-22 22:01:19.973  1387  2127 W BroadcastQueue: u0 Receiving a broadcast in packagecom.jr.narutoii requires a permissions review
10-22 22:01:19.973  1387  2127 W BroadcastQueue: Skipping delivery: permission review required for Intent { act=android.intent.action.PACKAGE_ADDED dat=package: flg=0x4000010 (has extras) } from null (pid=1387, uid=1000) to com.jr.narutoii/com.joyriver.engine.proxy.EngineReceiver
10-22 22:01:19.982  1387  1784 E VerityUtils: Failed to measure fs-verity, errno 1: /data/app/~~bVmlKSJiDMWO63HKmc5Aqg==/rsoiogtjulaok.cieldreweq.hbdjtupunuq-8Ay05JRguKtOL-Lh-tXRgg==/base.apk
10-22 22:01:19.986  1387  1669 W BroadcastQueue: u0 Receiving a broadcast in packagecom.android.buyer requires a permissions review
10-22 22:01:19.986  1387  1669 W BroadcastQueue: Skipping delivery: permission review required for Intent { act=android.intent.action.PACKAGE_ADDED dat=package: flg=0x4000010 (has extras) } from null (pid=1387, uid=1000) to com.android.buyer/.mRve
10-22 22:01:19.986  1387  1669 W BroadcastQueue: Background execution not allowed: receiving Intent { act=android.intent.action.PACKAGE_ADDED dat=package: flg=0x4000010 (has extras) } to com.google.android.packageinstaller/com.android.packageinstaller.PackageInstalledReceiver
10-22 22:01:19.986  1387  1669 W BroadcastQueue: Background execution not allowed: receiving Intent { act=android.intent.action.PACKAGE_ADDED dat=package: flg=0x4000010 (has extras) } to com.android.vending/com.google.android.finsky.packagemonitor.impl.PackageMonitorReceiverImpl$RegisteredReceiver
10-22 22:01:19.986  1387  1669 W BroadcastQueue: Background execution not allowed: receiving Intent { act=android.intent.action.PACKAGE_ADDED dat=package: flg=0x4000010 (has extras) } to com.android.vending/com.google.android.finsky.packagemonitor.backgroundimpl.BackgroundPackageMonitorReceiverImpl$RegisteredReceiver
10-22 22:01:19.986  1387  1669 W BroadcastQueue: Background execution not allowed: receiving Intent { act=android.intent.action.PACKAGE_ADDED dat=package: flg=0x4000010 (has extras) } to com.google.android.gms/.games.chimera.GamesSystemBroadcastReceiverProxy
10-22 22:01:19.988  1387  1669 W BroadcastQueue: Background execution not allowed: receiving Intent { act=android.intent.action.PACKAGE_ADDED dat=package: flg=0x4000010 (has extras) } to com.google.android.gms/.gass.chimera.PackageChangeBroadcastReceiver
10-22 22:01:19.988  1387  1669 W BroadcastQueue: Background execution not allowed: receiving Intent { act=android.intent.action.PACKAGE_ADDED dat=package: flg=0x4000010 (has extras) } to com.google.android.gms/.chimera.GmsIntentOperationService$PersistentTrustedReceiver
10-22 22:01:19.988  1387  1669 W BroadcastQueue: u0 Receiving a broadcast in packagecom.cncd.japan.janli.shudu requires a permissions review
10-22 22:01:19.988  1387  1669 W BroadcastQueue: Skipping delivery: permission review required for Intent { act=android.intent.action.PACKAGE_ADDED dat=package: flg=0x4000010 (has extras) } from null (pid=1387, uid=1000) to com.cncd.japan.janli.shudu/net.l.k.r
10-22 22:01:19.988  1387  1669 W BroadcastQueue: u0 Receiving a broadcast in packagecom.cncd.japan.janli.shudu requires a permissions review
10-22 22:01:19.988  1387  1669 W BroadcastQueue: Skipping delivery: permission review required for Intent { act=android.intent.action.PACKAGE_ADDED dat=package: flg=0x4000010 (has extras) } from null (pid=1387, uid=1000) to com.cncd.japan.janli.shudu/com.feiwofour.coverscreen.SR
10-22 22:01:19.988  1387  1669 W BroadcastQueue: u0 Receiving a broadcast in packagecom.games.mengmeizhitd requires a permissions review
10-22 22:01:19.988  1387  1669 W BroadcastQueue: Skipping delivery: permission review required for Intent { act=android.intent.action.PACKAGE_ADDED dat=package: flg=0x4000010 (has extras) } from null (pid=1387, uid=1000) to com.games.mengmeizhitd/hjnw.ihjnw.i.isqly
10-22 22:01:19.988  1387  1669 W BroadcastQueue: u0 Receiving a broadcast in packagecom.hgperfko.yaeghrwx requires a permissions review
10-22 22:01:19.988  1387  1669 W BroadcastQueue: Skipping delivery: permission review required for Intent { act=android.intent.action.PACKAGE_ADDED dat=package: flg=0x4000010 (has extras) } from null (pid=1387, uid=1000) to com.hgperfko.yaeghrwx/.core.hLytdCQDBv
10-22 22:01:19.988  1387  1669 W BroadcastQueue: Background execution not allowed: receiving Intent { act=android.intent.action.PACKAGE_ADDED dat=package: flg=0x4000010 (has extras) } to com.nox.app.cleaner/com.noxgroup.mobile.keepalive.receiver.WakeUpReceiver$WakeUpAutoStartReceiver
10-22 22:01:19.988  1387  1669 W BroadcastQueue: u0 Receiving a broadcast in packagecom.qiuqiu.dfmc requires a permissions review
10-22 22:01:19.988  1387  1669 W BroadcastQueue: Skipping delivery: permission review required for Intent { act=android.intent.action.PACKAGE_ADDED dat=package: flg=0x4000010 (has extras) } from null (pid=1387, uid=1000) to com.qiuqiu.dfmc/cn.jpush.android.service.PushReceiver
10-22 22:01:19.988  1387  1669 W BroadcastQueue: u0 Receiving a broadcast in packagecom.safesys.viruskiller requires a permissions review
10-22 22:01:19.988  1387  1669 W BroadcastQueue: Skipping delivery: permission review required for Intent { act=android.intent.action.PACKAGE_ADDED dat=package: flg=0x4000010 (has extras) } from null (pid=1387, uid=1000) to com.safesys.viruskiller/.ScanPackageBroadcast
10-22 22:01:19.988  1387  1669 W BroadcastQueue: u0 Receiving a broadcast in packagecom.uc108.mobile.sdgj.bd1 requires a permissions review
10-22 22:01:19.988  1387  1669 W BroadcastQueue: Skipping delivery: permission review required for Intent { act=android.intent.action.PACKAGE_ADDED dat=package: flg=0x4000010 (has extras) } from null (pid=1387, uid=1000) to com.uc108.mobile.sdgj.bd1/com.baidu.tiebasdk.service.InstallReceiver
10-22 22:01:19.988  1387  1669 W BroadcastQueue: u0 Receiving a broadcast in packagecom.voicebianshengjinglingwc.wxl requires a permissions review
10-22 22:01:19.988  1387  1669 W BroadcastQueue: Skipping delivery: permission review required for Intent { act=android.intent.action.PACKAGE_ADDED dat=package: flg=0x4000010 (has extras) } from null (pid=1387, uid=1000) to com.voicebianshengjinglingwc.wxl/mp.ruu.Ztjjwrj
10-22 22:01:19.988  1387  1669 W BroadcastQueue: u0 Receiving a broadcast in packageio.dcloud.H5BC6BF13 requires a permissions review
10-22 22:01:19.988  1387  1669 W BroadcastQueue: Skipping delivery: permission review required for Intent { act=android.intent.action.PACKAGE_ADDED dat=package: flg=0x4000010 (has extras) } from null (pid=1387, uid=1000) to io.dcloud.H5BC6BF13/io.dcloud.common.adapter.io.DownloadReceiver
10-22 22:01:19.996  1387  1667 W WindowMagnificationMgr: requestConnection duplicated request: connect=false, mConnectionState=DISCONNECTED
10-22 22:01:20.006  1387  2554 D CompatibilityChangeReporter: Compat change id reported: 161252188; UID 10258; state: DISABLED
10-22 22:01:20.037  1387  1387 I Telecom : DefaultDialerCache: Refreshing default dialer for user 0: now com.google.android.dialer: DDC.oR@Ai0
10-22 22:01:20.042  1387  3322 W BackupTransportManager: Package rsoiogtjulaok.cieldreweq.hbdjtupunuq enabled setting: 0
10-22 22:01:20.073  1387  1789 E PackageManager: ERROR: could not load root hash from incremental install
10-22 22:01:20.075  1387  1667 W PackageManager: Failed registering loading progress callback. Package is fully loaded.
10-22 22:01:20.094  1387  1789 I PackageManager: Integrity check passed for file:///data/app/vmdl376580811.tmp
10-22 22:01:20.113  1387  1667 W WindowMagnificationMgr: requestConnection duplicated request: connect=false, mConnectionState=DISCONNECTED
10-22 22:01:20.215  1387  1387 E NotificationService: Muting recently noisy 0|com.nox.app.cleaner|18065|null|10197
10-22 22:01:20.228  1387  1656 V StorageManagerService: Package null does not have legacy storage
10-22 22:01:20.491  1387  3646 I ActivityManager: Background started FGS: Allowed [callingPackage: com.google.android.apps.wellbeing; callingUid: 10121; uidState: BFGS; intent: Intent { cmp=com.google.android.apps.wellbeing/com.google.apps.tiktok.concurrent.InternalForegroundService (has extras) }; code:BACKGROUND_ACTIVITY_PERMISSION; tempAllowListReason:<null>; targetSdkVersion:34; callerTargetSdkVersion:34; startForegroundCount:0; bindFromPackage:null]
10-22 22:01:20.639  1387  1789 V BackupManagerService: [UserID:0] restoreAtInstall pkg=com.android.mobilephone token=3e restoreSet=0
10-22 22:01:20.639  1387  1789 V BackupManagerService: [UserID:0] Finishing install immediately
10-22 22:01:20.644  1387  1789 D PackageInstallerSession: Marking session 376580811 as applied
10-22 22:01:20.649  1387  1789 D CompatibilityChangeReporter: Compat change id reported: 168419799; UID 10259; state: DISABLED
10-22 22:01:20.649  1387  1789 D CompatibilityChangeReporter: Compat change id reported: 273564678; UID 10259; state: DISABLED
10-22 22:01:20.658  1387  2048 D CompatibilityChangeReporter: Compat change id reported: 218533173; UID 10259; state: DISABLED
10-22 22:01:20.663  1387  1669 W BroadcastQueue: u0 Receiving a broadcast in packagecom.jr.narutoii requires a permissions review
10-22 22:01:20.663  1387  1669 W BroadcastQueue: Skipping delivery: permission review required for Intent { act=android.intent.action.PACKAGE_ADDED dat=package: flg=0x4000010 (has extras) } from null (pid=1387, uid=1000) to com.jr.narutoii/com.joyriver.engine.proxy.EngineReceiver
10-22 22:01:20.663  1387  1669 W BroadcastQueue: u0 Receiving a broadcast in packagecom.android.buyer requires a permissions review
10-22 22:01:20.663  1387  1669 W BroadcastQueue: Skipping delivery: permission review required for Intent { act=android.intent.action.PACKAGE_ADDED dat=package: flg=0x4000010 (has extras) } from null (pid=1387, uid=1000) to com.android.buyer/.mRve
10-22 22:01:20.663  1387  1669 W BroadcastQueue: Background execution not allowed: receiving Intent { act=android.intent.action.PACKAGE_ADDED dat=package: flg=0x4000010 (has extras) } to com.google.android.packageinstaller/com.android.packageinstaller.PackageInstalledReceiver
10-22 22:01:20.664  1387  1669 W BroadcastQueue: Background execution not allowed: receiving Intent { act=android.intent.action.PACKAGE_ADDED dat=package: flg=0x4000010 (has extras) } to com.android.vending/com.google.android.finsky.packagemonitor.impl.PackageMonitorReceiverImpl$RegisteredReceiver
10-22 22:01:20.676  1387  1387 I Telecom : DefaultDialerCache: Refreshing default dialer for user 0: now com.google.android.dialer: DDC.oR@AjA
10-22 22:01:20.677  1387  1669 W BroadcastQueue: Background execution not allowed: receiving Intent { act=android.intent.action.PACKAGE_ADDED dat=package: flg=0x4000010 (has extras) } to com.android.vending/com.google.android.finsky.packagemonitor.backgroundimpl.BackgroundPackageMonitorReceiverImpl$RegisteredReceiver
10-22 22:01:20.678  1387  1669 W BroadcastQueue: Background execution not allowed: receiving Intent { act=android.intent.action.PACKAGE_ADDED dat=package: flg=0x4000010 (has extras) } to com.google.android.gms/.games.chimera.GamesSystemBroadcastReceiverProxy
10-22 22:01:20.678  1387  1669 W BroadcastQueue: Background execution not allowed: receiving Intent { act=android.intent.action.PACKAGE_ADDED dat=package: flg=0x4000010 (has extras) } to com.google.android.gms/.gass.chimera.PackageChangeBroadcastReceiver
10-22 22:01:20.678  1387  1669 W BroadcastQueue: Background execution not allowed: receiving Intent { act=android.intent.action.PACKAGE_ADDED dat=package: flg=0x4000010 (has extras) } to com.google.android.gms/.chimera.GmsIntentOperationService$PersistentTrustedReceiver
10-22 22:01:20.679  1387  1669 W BroadcastQueue: u0 Receiving a broadcast in packagecom.cncd.japan.janli.shudu requires a permissions review
10-22 22:01:20.679  1387  1669 W BroadcastQueue: Skipping delivery: permission review required for Intent { act=android.intent.action.PACKAGE_ADDED dat=package: flg=0x4000010 (has extras) } from null (pid=1387, uid=1000) to com.cncd.japan.janli.shudu/net.l.k.r
10-22 22:01:20.679  1387  1669 W BroadcastQueue: u0 Receiving a broadcast in packagecom.cncd.japan.janli.shudu requires a permissions review
10-22 22:01:20.679  1387  1669 W BroadcastQueue: Skipping delivery: permission review required for Intent { act=android.intent.action.PACKAGE_ADDED dat=package: flg=0x4000010 (has extras) } from null (pid=1387, uid=1000) to com.cncd.japan.janli.shudu/com.feiwofour.coverscreen.SR
10-22 22:01:20.679  1387  1669 W BroadcastQueue: u0 Receiving a broadcast in packagecom.games.mengmeizhitd requires a permissions review
10-22 22:01:20.679  1387  1669 W BroadcastQueue: Skipping delivery: permission review required for Intent { act=android.intent.action.PACKAGE_ADDED dat=package: flg=0x4000010 (has extras) } from null (pid=1387, uid=1000) to com.games.mengmeizhitd/hjnw.ihjnw.i.isqly
10-22 22:01:20.679  1387  1669 W BroadcastQueue: u0 Receiving a broadcast in packagecom.hgperfko.yaeghrwx requires a permissions review
10-22 22:01:20.679  1387  1669 W BroadcastQueue: Skipping delivery: permission review required for Intent { act=android.intent.action.PACKAGE_ADDED dat=package: flg=0x4000010 (has extras) } from null (pid=1387, uid=1000) to com.hgperfko.yaeghrwx/.core.hLytdCQDBv
10-22 22:01:20.679  1387  1669 W BroadcastQueue: Background execution not allowed: receiving Intent { act=android.intent.action.PACKAGE_ADDED dat=package: flg=0x4000010 (has extras) } to com.nox.app.cleaner/com.noxgroup.mobile.keepalive.receiver.WakeUpReceiver$WakeUpAutoStartReceiver
10-22 22:01:20.679  1387  1669 W BroadcastQueue: u0 Receiving a broadcast in packagecom.qiuqiu.dfmc requires a permissions review
10-22 22:01:20.679  1387  1669 W BroadcastQueue: Skipping delivery: permission review required for Intent { act=android.intent.action.PACKAGE_ADDED dat=package: flg=0x4000010 (has extras) } from null (pid=1387, uid=1000) to com.qiuqiu.dfmc/cn.jpush.android.service.PushReceiver
10-22 22:01:20.679  1387  1669 W BroadcastQueue: u0 Receiving a broadcast in packagecom.safesys.viruskiller requires a permissions review
10-22 22:01:20.679  1387  1669 W BroadcastQueue: Skipping delivery: permission review required for Intent { act=android.intent.action.PACKAGE_ADDED dat=package: flg=0x4000010 (has extras) } from null (pid=1387, uid=1000) to com.safesys.viruskiller/.ScanPackageBroadcast
10-22 22:01:20.679  1387  1669 W BroadcastQueue: u0 Receiving a broadcast in packagecom.uc108.mobile.sdgj.bd1 requires a permissions review
10-22 22:01:20.679  1387  1669 W BroadcastQueue: Skipping delivery: permission review required for Intent { act=android.intent.action.PACKAGE_ADDED dat=package: flg=0x4000010 (has extras) } from null (pid=1387, uid=1000) to com.uc108.mobile.sdgj.bd1/com.baidu.tiebasdk.service.InstallReceiver
10-22 22:01:20.679  1387  1669 W BroadcastQueue: u0 Receiving a broadcast in packagecom.voicebianshengjinglingwc.wxl requires a permissions review
10-22 22:01:20.679  1387  1669 W BroadcastQueue: Skipping delivery: permission review required for Intent { act=android.intent.action.PACKAGE_ADDED dat=package: flg=0x4000010 (has extras) } from null (pid=1387, uid=1000) to com.voicebianshengjinglingwc.wxl/mp.ruu.Ztjjwrj
10-22 22:01:20.679  1387  1669 W BroadcastQueue: u0 Receiving a broadcast in packageio.dcloud.H5BC6BF13 requires a permissions review
10-22 22:01:20.679  1387  1669 W BroadcastQueue: Skipping delivery: permission review required for Intent { act=android.intent.action.PACKAGE_ADDED dat=package: flg=0x4000010 (has extras) } from null (pid=1387, uid=1000) to io.dcloud.H5BC6BF13/io.dcloud.common.adapter.io.DownloadReceiver
10-22 22:01:20.695  1387  1667 W WindowMagnificationMgr: requestConnection duplicated request: connect=false, mConnectionState=DISCONNECTED
10-22 22:01:20.704  1387  1784 E VerityUtils: Failed to measure fs-verity, errno 1: /data/app/~~zhnrr1g4eQhnji7VXzyyTg==/com.android.mobilephone-JmOwsSJhn99YLaD4HO2qCA==/base.apk
10-22 22:01:20.709  1387  1387 V BackupManagerConstants: getFullBackupIntervalMilliseconds(...) returns 86400000
10-22 22:01:20.709  1387  1387 V BackupManagerConstants: getFullBackupRequiredNetworkType(...) returns 2
10-22 22:01:20.709  1387  1387 V BackupManagerConstants: getFullBackupRequireCharging(...) returns true
10-22 22:01:20.719  1387  1789 E PackageManager: ERROR: could not load root hash from incremental install
10-22 22:01:20.722  1387  1667 W PackageManager: Failed registering loading progress callback. Package is fully loaded.
10-22 22:01:20.733  1387  1387 I NotificationService: Cannot find enqueued record for key: 0|com.google.android.apps.wellbeing|174344743|null|10121
10-22 22:01:20.750  1387  1789 I PackageManager: Integrity check passed for file:///data/app/vmdl1484736463.tmp
10-22 22:01:20.768  1387  1667 W WindowMagnificationMgr: requestConnection duplicated request: connect=false, mConnectionState=DISCONNECTED
10-22 22:01:20.776  1387  1387 I Telecom : DefaultDialerCache: Refreshing default dialer for user 0: now com.google.android.dialer: DDC.oR@AjU
10-22 22:01:20.777  1387  3322 W BackupTransportManager: Package com.android.mobilephone enabled setting: 0
10-22 22:01:20.808  1387  2701 D CompatibilityChangeReporter: Compat change id reported: 161252188; UID 10259; state: DISABLED
10-22 22:01:20.935  1387  1387 W NotificationHistory: Attempted to add notif for locked/gone/disabled user 0
10-22 22:01:21.042  1387  1789 V BackupManagerService: [UserID:0] restoreAtInstall pkg=com.google.android.yrtdsfh token=3f restoreSet=0
10-22 22:01:21.043  1387  1789 V BackupManagerService: [UserID:0] Finishing install immediately
10-22 22:01:21.047  1387  1789 D PackageInstallerSession: Marking session 1484736463 as applied
10-22 22:01:21.062  1387  1789 D CompatibilityChangeReporter: Compat change id reported: 168419799; UID 10260; state: DISABLED
10-22 22:01:21.062  1387  1789 D CompatibilityChangeReporter: Compat change id reported: 273564678; UID 10260; state: DISABLED
10-22 22:01:21.066  1387  2048 D CompatibilityChangeReporter: Compat change id reported: 218533173; UID 10260; state: DISABLED
10-22 22:01:21.069  1387  1669 W BroadcastQueue: u0 Receiving a broadcast in packagecom.jr.narutoii requires a permissions review
10-22 22:01:21.069  1387  1669 W BroadcastQueue: Skipping delivery: permission review required for Intent { act=android.intent.action.PACKAGE_ADDED dat=package: flg=0x4000010 (has extras) } from null (pid=1387, uid=1000) to com.jr.narutoii/com.joyriver.engine.proxy.EngineReceiver
10-22 22:01:21.069  1387  1669 W BroadcastQueue: u0 Receiving a broadcast in packagecom.android.buyer requires a permissions review
10-22 22:01:21.069  1387  1669 W BroadcastQueue: Skipping delivery: permission review required for Intent { act=android.intent.action.PACKAGE_ADDED dat=package: flg=0x4000010 (has extras) } from null (pid=1387, uid=1000) to com.android.buyer/.mRve
10-22 22:01:21.070  1387  1669 W BroadcastQueue: Background execution not allowed: receiving Intent { act=android.intent.action.PACKAGE_ADDED dat=package: flg=0x4000010 (has extras) } to com.google.android.packageinstaller/com.android.packageinstaller.PackageInstalledReceiver
10-22 22:01:21.070  1387  1669 W BroadcastQueue: Background execution not allowed: receiving Intent { act=android.intent.action.PACKAGE_ADDED dat=package: flg=0x4000010 (has extras) } to com.android.vending/com.google.android.finsky.packagemonitor.impl.PackageMonitorReceiverImpl$RegisteredReceiver
10-22 22:01:21.070  1387  1669 W BroadcastQueue: Background execution not allowed: receiving Intent { act=android.intent.action.PACKAGE_ADDED dat=package: flg=0x4000010 (has extras) } to com.android.vending/com.google.android.finsky.packagemonitor.backgroundimpl.BackgroundPackageMonitorReceiverImpl$RegisteredReceiver
10-22 22:01:21.070  1387  1669 W BroadcastQueue: Background execution not allowed: receiving Intent { act=android.intent.action.PACKAGE_ADDED dat=package: flg=0x4000010 (has extras) } to com.google.android.gms/.games.chimera.GamesSystemBroadcastReceiverProxy
10-22 22:01:21.070  1387  1669 W BroadcastQueue: Background execution not allowed: receiving Intent { act=android.intent.action.PACKAGE_ADDED dat=package: flg=0x4000010 (has extras) } to com.google.android.gms/.gass.chimera.PackageChangeBroadcastReceiver
10-22 22:01:21.070  1387  1669 W BroadcastQueue: Background execution not allowed: receiving Intent { act=android.intent.action.PACKAGE_ADDED dat=package: flg=0x4000010 (has extras) } to com.google.android.gms/.chimera.GmsIntentOperationService$PersistentTrustedReceiver
10-22 22:01:21.070  1387  1669 W BroadcastQueue: u0 Receiving a broadcast in packagecom.cncd.japan.janli.shudu requires a permissions review
10-22 22:01:21.070  1387  1669 W BroadcastQueue: Skipping delivery: permission review required for Intent { act=android.intent.action.PACKAGE_ADDED dat=package: flg=0x4000010 (has extras) } from null (pid=1387, uid=1000) to com.cncd.japan.janli.shudu/net.l.k.r
10-22 22:01:21.070  1387  1669 W BroadcastQueue: u0 Receiving a broadcast in packagecom.cncd.japan.janli.shudu requires a permissions review
10-22 22:01:21.070  1387  1669 W BroadcastQueue: Skipping delivery: permission review required for Intent { act=android.intent.action.PACKAGE_ADDED dat=package: flg=0x4000010 (has extras) } from null (pid=1387, uid=1000) to com.cncd.japan.janli.shudu/com.feiwofour.coverscreen.SR
10-22 22:01:21.070  1387  1669 W BroadcastQueue: u0 Receiving a broadcast in packagecom.games.mengmeizhitd requires a permissions review
10-22 22:01:21.070  1387  1669 W BroadcastQueue: Skipping delivery: permission review required for Intent { act=android.intent.action.PACKAGE_ADDED dat=package: flg=0x4000010 (has extras) } from null (pid=1387, uid=1000) to com.games.mengmeizhitd/hjnw.ihjnw.i.isqly
10-22 22:01:21.070  1387  1669 W BroadcastQueue: u0 Receiving a broadcast in packagecom.hgperfko.yaeghrwx requires a permissions review
10-22 22:01:21.070  1387  1669 W BroadcastQueue: Skipping delivery: permission review required for Intent { act=android.intent.action.PACKAGE_ADDED dat=package: flg=0x4000010 (has extras) } from null (pid=1387, uid=1000) to com.hgperfko.yaeghrwx/.core.hLytdCQDBv
10-22 22:01:21.070  1387  1669 W BroadcastQueue: Background execution not allowed: receiving Intent { act=android.intent.action.PACKAGE_ADDED dat=package: flg=0x4000010 (has extras) } to com.nox.app.cleaner/com.noxgroup.mobile.keepalive.receiver.WakeUpReceiver$WakeUpAutoStartReceiver
10-22 22:01:21.070  1387  1669 W BroadcastQueue: u0 Receiving a broadcast in packagecom.qiuqiu.dfmc requires a permissions review
10-22 22:01:21.070  1387  1669 W BroadcastQueue: Skipping delivery: permission review required for Intent { act=android.intent.action.PACKAGE_ADDED dat=package: flg=0x4000010 (has extras) } from null (pid=1387, uid=1000) to com.qiuqiu.dfmc/cn.jpush.android.service.PushReceiver
10-22 22:01:21.070  1387  1669 W BroadcastQueue: u0 Receiving a broadcast in packagecom.safesys.viruskiller requires a permissions review
10-22 22:01:21.070  1387  1669 W BroadcastQueue: Skipping delivery: permission review required for Intent { act=android.intent.action.PACKAGE_ADDED dat=package: flg=0x4000010 (has extras) } from null (pid=1387, uid=1000) to com.safesys.viruskiller/.ScanPackageBroadcast
10-22 22:01:21.071  1387  1669 W BroadcastQueue: u0 Receiving a broadcast in packagecom.uc108.mobile.sdgj.bd1 requires a permissions review
10-22 22:01:21.071  1387  1669 W BroadcastQueue: Skipping delivery: permission review required for Intent { act=android.intent.action.PACKAGE_ADDED dat=package: flg=0x4000010 (has extras) } from null (pid=1387, uid=1000) to com.uc108.mobile.sdgj.bd1/com.baidu.tiebasdk.service.InstallReceiver
10-22 22:01:21.071  1387  1669 W BroadcastQueue: u0 Receiving a broadcast in packagecom.voicebianshengjinglingwc.wxl requires a permissions review
10-22 22:01:21.071  1387  1669 W BroadcastQueue: Skipping delivery: permission review required for Intent { act=android.intent.action.PACKAGE_ADDED dat=package: flg=0x4000010 (has extras) } from null (pid=1387, uid=1000) to com.voicebianshengjinglingwc.wxl/mp.ruu.Ztjjwrj
10-22 22:01:21.071  1387  1669 W BroadcastQueue: u0 Receiving a broadcast in packageio.dcloud.H5BC6BF13 requires a permissions review
10-22 22:01:21.071  1387  1669 W BroadcastQueue: Skipping delivery: permission review required for Intent { act=android.intent.action.PACKAGE_ADDED dat=package: flg=0x4000010 (has extras) } from null (pid=1387, uid=1000) to io.dcloud.H5BC6BF13/io.dcloud.common.adapter.io.DownloadReceiver
10-22 22:01:21.078  1387  1387 I Telecom : DefaultDialerCache: Refreshing default dialer for user 0: now com.google.android.dialer: DDC.oR@Ajg
10-22 22:01:21.095  1387  1387 V BackupManagerConstants: getFullBackupIntervalMilliseconds(...) returns 86400000
10-22 22:01:21.095  1387  1387 V BackupManagerConstants: getFullBackupRequiredNetworkType(...) returns 2
10-22 22:01:21.095  1387  1387 V BackupManagerConstants: getFullBackupRequireCharging(...) returns true
10-22 22:01:21.095  1387  1667 W WindowMagnificationMgr: requestConnection duplicated request: connect=false, mConnectionState=DISCONNECTED
10-22 22:01:21.127  1387  1387 I Telecom : DefaultDialerCache: Refreshing default dialer for user 0: now com.google.android.dialer: DDC.oR@Ajk
10-22 22:01:21.132  1387  1667 W PackageManager: Failed registering loading progress callback. Package is fully loaded.
10-22 22:01:21.147  1387  1667 W WindowMagnificationMgr: requestConnection duplicated request: connect=false, mConnectionState=DISCONNECTED
10-22 22:01:21.151  1387  3322 W BackupTransportManager: Package com.google.android.yrtdsfh enabled setting: 0
10-22 22:01:21.189  1387  1784 E VerityUtils: Failed to measure fs-verity, errno 1: /data/app/~~fwp4EZlrImiJxyWWRzmPdw==/com.google.android.yrtdsfh-38KDD9TaiSJUC50T211FGA==/base.apk
10-22 22:01:21.301  1387  1387 E NotificationService: Muting recently noisy 0|com.nox.app.cleaner|18065|null|10197
10-22 22:01:21.337  1387  3038 D CompatibilityChangeReporter: Compat change id reported: 161252188; UID 10260; state: DISABLED
10-22 22:01:21.365  1387  1789 E PackageManager: ERROR: could not load root hash from incremental install
10-22 22:01:21.379  1387  2032 W PackageParsing: Ignoring duplicate uses-permissions/uses-permissions-sdk-m:  in package: qiu.com at: Binary XML file line #14
10-22 22:01:21.379  1387  2032 W PackageParsing: Ignoring duplicate uses-permissions/uses-permissions-sdk-m:  in package: qiu.com at: Binary XML file line #15
10-22 22:01:21.379  1387  2032 W PackageParsing: Ignoring duplicate uses-permissions/uses-permissions-sdk-m:  in package: qiu.com at: Binary XML file line #19
10-22 22:01:21.379  1387  2032 W PackageParsing: Ignoring duplicate uses-permissions/uses-permissions-sdk-m:  in package: qiu.com at: Binary XML file line #20
10-22 22:01:21.379  1387  2032 W PackageParsing: Ignoring duplicate uses-permissions/uses-permissions-sdk-m:  in package: qiu.com at: Binary XML file line #22
10-22 22:01:21.379  1387  2032 W PackageParsing: Ignoring duplicate uses-permissions/uses-permissions-sdk-m:  in package: qiu.com at: Binary XML file line #27
10-22 22:01:21.381  1387  4384 D SystemServerTiming: getUserSwitchability-0
10-22 22:01:21.381  1387  4384 D SystemServerTiming: TM.isInCall
10-22 22:01:21.382  1387  2701 D SystemServerTiming: getUserSwitchability-0
10-22 22:01:21.382  1387  2701 D SystemServerTiming: TM.isInCall
10-22 22:01:21.382  1387  4384 D SystemServerTiming: hasUserRestriction-DISALLOW_USER_SWITCH
10-22 22:01:21.382  1387  4384 D SystemServerTiming: getInt-ALLOW_USER_SWITCHING_WHEN_SYSTEM_USER_LOCKED
10-22 22:01:21.382  1387  4384 D SystemServerTiming: isUserUnlocked-USER_SYSTEM
10-22 22:01:21.382  1387  2701 D SystemServerTiming: hasUserRestriction-DISALLOW_USER_SWITCH
10-22 22:01:21.382  1387  2701 D SystemServerTiming: getInt-ALLOW_USER_SWITCHING_WHEN_SYSTEM_USER_LOCKED
10-22 22:01:21.382  1387  2701 D SystemServerTiming: isUserUnlocked-USER_SYSTEM
10-22 22:01:21.445  1387  1789 I PackageManager: Integrity check passed for file:///data/app/vmdl632728323.tmp
10-22 22:01:21.489  1387  1789 W PackageParsing: Ignoring duplicate uses-permissions/uses-permissions-sdk-m:  in package: qiu.com at: Binary XML file line #14
10-22 22:01:21.489  1387  1789 W PackageParsing: Ignoring duplicate uses-permissions/uses-permissions-sdk-m:  in package: qiu.com at: Binary XML file line #15
10-22 22:01:21.489  1387  1789 W PackageParsing: Ignoring duplicate uses-permissions/uses-permissions-sdk-m:  in package: qiu.com at: Binary XML file line #19
10-22 22:01:21.489  1387  1789 W PackageParsing: Ignoring duplicate uses-permissions/uses-permissions-sdk-m:  in package: qiu.com at: Binary XML file line #20
10-22 22:01:21.490  1387  1789 W PackageParsing: Ignoring duplicate uses-permissions/uses-permissions-sdk-m:  in package: qiu.com at: Binary XML file line #22
10-22 22:01:21.490  1387  1789 W PackageParsing: Ignoring duplicate uses-permissions/uses-permissions-sdk-m:  in package: qiu.com at: Binary XML file line #27
10-22 22:01:21.550  1387  1656 V StorageManagerService: Package null has legacy storage
10-22 22:01:21.676  1387  3645 I ActivityManager: Background started FGS: Allowed [callingPackage: com.google.android.apps.wellbeing; callingUid: 10121; uidState: BFGS; intent: Intent { cmp=com.google.android.apps.wellbeing/com.google.apps.tiktok.concurrent.InternalForegroundService (has extras) }; code:BACKGROUND_ACTIVITY_PERMISSION; tempAllowListReason:<null>; targetSdkVersion:34; callerTargetSdkVersion:34; startForegroundCount:0; bindFromPackage:null]
10-22 22:01:21.866  1387  1789 V BackupManagerService: [UserID:0] restoreAtInstall pkg=qiu.com token=40 restoreSet=0
10-22 22:01:21.867  1387  1789 V BackupManagerService: [UserID:0] Finishing install immediately
10-22 22:01:21.870  1387  1789 D PackageInstallerSession: Marking session 632728323 as applied
10-22 22:01:21.874  1387  1789 D CompatibilityChangeReporter: Compat change id reported: 168419799; UID 10261; state: DISABLED
10-22 22:01:21.875  1387  1789 D CompatibilityChangeReporter: Compat change id reported: 273564678; UID 10261; state: DISABLED
10-22 22:01:21.880  1387  2048 D CompatibilityChangeReporter: Compat change id reported: 218533173; UID 10261; state: DISABLED
10-22 22:01:21.881  1387  2127 W BroadcastQueue: u0 Receiving a broadcast in packagecom.jr.narutoii requires a permissions review
10-22 22:01:21.881  1387  2127 W BroadcastQueue: Skipping delivery: permission review required for Intent { act=android.intent.action.PACKAGE_ADDED dat=package: flg=0x4000010 (has extras) } from null (pid=1387, uid=1000) to com.jr.narutoii/com.joyriver.engine.proxy.EngineReceiver
10-22 22:01:21.882  1387  1387 I Telecom : DefaultDialerCache: Refreshing default dialer for user 0: now com.google.android.dialer: DDC.oR@AkA
10-22 22:01:21.892  1387  1669 W BroadcastQueue: u0 Receiving a broadcast in packagecom.android.buyer requires a permissions review
10-22 22:01:21.892  1387  1669 W BroadcastQueue: Skipping delivery: permission review required for Intent { act=android.intent.action.PACKAGE_ADDED dat=package: flg=0x4000010 (has extras) } from null (pid=1387, uid=1000) to com.android.buyer/.mRve
10-22 22:01:21.892  1387  1669 W BroadcastQueue: Background execution not allowed: receiving Intent { act=android.intent.action.PACKAGE_ADDED dat=package: flg=0x4000010 (has extras) } to com.google.android.packageinstaller/com.android.packageinstaller.PackageInstalledReceiver
10-22 22:01:21.892  1387  1669 W BroadcastQueue: Background execution not allowed: receiving Intent { act=android.intent.action.PACKAGE_ADDED dat=package: flg=0x4000010 (has extras) } to com.android.vending/com.google.android.finsky.packagemonitor.impl.PackageMonitorReceiverImpl$RegisteredReceiver
10-22 22:01:21.892  1387  1669 W BroadcastQueue: Background execution not allowed: receiving Intent { act=android.intent.action.PACKAGE_ADDED dat=package: flg=0x4000010 (has extras) } to com.android.vending/com.google.android.finsky.packagemonitor.backgroundimpl.BackgroundPackageMonitorReceiverImpl$RegisteredReceiver
10-22 22:01:21.892  1387  1669 W BroadcastQueue: Background execution not allowed: receiving Intent { act=android.intent.action.PACKAGE_ADDED dat=package: flg=0x4000010 (has extras) } to com.google.android.gms/.games.chimera.GamesSystemBroadcastReceiverProxy
10-22 22:01:21.892  1387  1387 I NotificationService: Cannot find enqueued record for key: 0|com.google.android.apps.wellbeing|174344743|null|10121
10-22 22:01:21.892  1387  1669 W BroadcastQueue: Background execution not allowed: receiving Intent { act=android.intent.action.PACKAGE_ADDED dat=package: flg=0x4000010 (has extras) } to com.google.android.gms/.gass.chimera.PackageChangeBroadcastReceiver
10-22 22:01:21.892  1387  1669 W BroadcastQueue: Background execution not allowed: receiving Intent { act=android.intent.action.PACKAGE_ADDED dat=package: flg=0x4000010 (has extras) } to com.google.android.gms/.chimera.GmsIntentOperationService$PersistentTrustedReceiver
10-22 22:01:21.892  1387  1669 W BroadcastQueue: u0 Receiving a broadcast in packagecom.cncd.japan.janli.shudu requires a permissions review
10-22 22:01:21.892  1387  1669 W BroadcastQueue: Skipping delivery: permission review required for Intent { act=android.intent.action.PACKAGE_ADDED dat=package: flg=0x4000010 (has extras) } from null (pid=1387, uid=1000) to com.cncd.japan.janli.shudu/net.l.k.r
10-22 22:01:21.892  1387  1669 W BroadcastQueue: u0 Receiving a broadcast in packagecom.cncd.japan.janli.shudu requires a permissions review
10-22 22:01:21.892  1387  1669 W BroadcastQueue: Skipping delivery: permission review required for Intent { act=android.intent.action.PACKAGE_ADDED dat=package: flg=0x4000010 (has extras) } from null (pid=1387, uid=1000) to com.cncd.japan.janli.shudu/com.feiwofour.coverscreen.SR
10-22 22:01:21.892  1387  1669 W BroadcastQueue: u0 Receiving a broadcast in packagecom.games.mengmeizhitd requires a permissions review
10-22 22:01:21.892  1387  1669 W BroadcastQueue: Skipping delivery: permission review required for Intent { act=android.intent.action.PACKAGE_ADDED dat=package: flg=0x4000010 (has extras) } from null (pid=1387, uid=1000) to com.games.mengmeizhitd/hjnw.ihjnw.i.isqly
10-22 22:01:21.892  1387  1669 W BroadcastQueue: u0 Receiving a broadcast in packagecom.hgperfko.yaeghrwx requires a permissions review
10-22 22:01:21.892  1387  1669 W BroadcastQueue: Skipping delivery: permission review required for Intent { act=android.intent.action.PACKAGE_ADDED dat=package: flg=0x4000010 (has extras) } from null (pid=1387, uid=1000) to com.hgperfko.yaeghrwx/.core.hLytdCQDBv
10-22 22:01:21.892  1387  1669 W BroadcastQueue: Background execution not allowed: receiving Intent { act=android.intent.action.PACKAGE_ADDED dat=package: flg=0x4000010 (has extras) } to com.nox.app.cleaner/com.noxgroup.mobile.keepalive.receiver.WakeUpReceiver$WakeUpAutoStartReceiver
10-22 22:01:21.893  1387  1669 W BroadcastQueue: u0 Receiving a broadcast in packagecom.qiuqiu.dfmc requires a permissions review
10-22 22:01:21.893  1387  1669 W BroadcastQueue: Skipping delivery: permission review required for Intent { act=android.intent.action.PACKAGE_ADDED dat=package: flg=0x4000010 (has extras) } from null (pid=1387, uid=1000) to com.qiuqiu.dfmc/cn.jpush.android.service.PushReceiver
10-22 22:01:21.893  1387  1669 W BroadcastQueue: u0 Receiving a broadcast in packagecom.safesys.viruskiller requires a permissions review
10-22 22:01:21.893  1387  1669 W BroadcastQueue: Skipping delivery: permission review required for Intent { act=android.intent.action.PACKAGE_ADDED dat=package: flg=0x4000010 (has extras) } from null (pid=1387, uid=1000) to com.safesys.viruskiller/.ScanPackageBroadcast
10-22 22:01:21.893  1387  1669 W BroadcastQueue: u0 Receiving a broadcast in packagecom.uc108.mobile.sdgj.bd1 requires a permissions review
10-22 22:01:21.893  1387  1669 W BroadcastQueue: Skipping delivery: permission review required for Intent { act=android.intent.action.PACKAGE_ADDED dat=package: flg=0x4000010 (has extras) } from null (pid=1387, uid=1000) to com.uc108.mobile.sdgj.bd1/com.baidu.tiebasdk.service.InstallReceiver
10-22 22:01:21.893  1387  1669 W BroadcastQueue: u0 Receiving a broadcast in packagecom.voicebianshengjinglingwc.wxl requires a permissions review
10-22 22:01:21.893  1387  1669 W BroadcastQueue: Skipping delivery: permission review required for Intent { act=android.intent.action.PACKAGE_ADDED dat=package: flg=0x4000010 (has extras) } from null (pid=1387, uid=1000) to com.voicebianshengjinglingwc.wxl/mp.ruu.Ztjjwrj
10-22 22:01:21.893  1387  1669 W BroadcastQueue: u0 Receiving a broadcast in packageio.dcloud.H5BC6BF13 requires a permissions review
10-22 22:01:21.893  1387  1669 W BroadcastQueue: Skipping delivery: permission review required for Intent { act=android.intent.action.PACKAGE_ADDED dat=package: flg=0x4000010 (has extras) } from null (pid=1387, uid=1000) to io.dcloud.H5BC6BF13/io.dcloud.common.adapter.io.DownloadReceiver
10-22 22:01:21.897  1387  1667 W WindowMagnificationMgr: requestConnection duplicated request: connect=false, mConnectionState=DISCONNECTED
10-22 22:01:21.919  1387  1784 E VerityUtils: Failed to measure fs-verity, errno 1: /data/app/~~p2B6W0cuDUfTC1zoqvmPLg==/qiu.com-zEhLbkzL3odNWD_dd68fqw==/base.apk
10-22 22:01:21.928  1387  1667 W PackageManager: Failed registering loading progress callback. Package is fully loaded.
10-22 22:01:21.935  1387  1387 I Telecom : DefaultDialerCache: Refreshing default dialer for user 0: now com.google.android.dialer: DDC.oR@AkM
10-22 22:01:21.944  1387  1667 W WindowMagnificationMgr: requestConnection duplicated request: connect=false, mConnectionState=DISCONNECTED
10-22 22:01:21.963  1387  4391 D CompatibilityChangeReporter: Compat change id reported: 161252188; UID 10261; state: DISABLED
10-22 22:01:22.014  1387  3322 W BackupTransportManager: Package qiu.com enabled setting: 0
10-22 22:01:22.087  1387  1669 D OomAdjuster: Not killing cached processes
10-22 22:01:22.088  1387  1789 E PackageManager: ERROR: could not load root hash from incremental install
10-22 22:01:22.107  1387  1387 W NotificationHistory: Attempted to add notif for locked/gone/disabled user 0
10-22 22:01:22.117  1387  1789 I PackageManager: Integrity check passed for file:///data/app/vmdl766309163.tmp
10-22 22:01:22.249  1387  1656 V StorageManagerService: Package null has legacy storage
10-22 22:01:22.497  1387  1789 V BackupManagerService: [UserID:0] restoreAtInstall pkg=com.evilsunflower.reader.evilYufang15 token=41 restoreSet=0
10-22 22:01:22.497  1387  1789 V BackupManagerService: [UserID:0] Finishing install immediately
10-22 22:01:22.499  1387  1789 D PackageInstallerSession: Marking session 766309163 as applied
10-22 22:01:22.506  1387  1789 D CompatibilityChangeReporter: Compat change id reported: 168419799; UID 10262; state: DISABLED
10-22 22:01:22.507  1387  1789 D CompatibilityChangeReporter: Compat change id reported: 273564678; UID 10262; state: DISABLED
10-22 22:01:22.512  1387  2048 D CompatibilityChangeReporter: Compat change id reported: 218533173; UID 10262; state: DISABLED
10-22 22:01:22.517  1387  2127 W BroadcastQueue: u0 Receiving a broadcast in packagecom.jr.narutoii requires a permissions review
10-22 22:01:22.517  1387  2127 W BroadcastQueue: Skipping delivery: permission review required for Intent { act=android.intent.action.PACKAGE_ADDED dat=package: flg=0x4000010 (has extras) } from null (pid=1387, uid=1000) to com.jr.narutoii/com.joyriver.engine.proxy.EngineReceiver
10-22 22:01:22.519  1387  1387 I Telecom : DefaultDialerCache: Refreshing default dialer for user 0: now com.google.android.dialer: DDC.oR@Akg
10-22 22:01:22.522  1387  1669 W BroadcastQueue: u0 Receiving a broadcast in packagecom.android.buyer requires a permissions review
10-22 22:01:22.522  1387  1669 W BroadcastQueue: Skipping delivery: permission review required for Intent { act=android.intent.action.PACKAGE_ADDED dat=package: flg=0x4000010 (has extras) } from null (pid=1387, uid=1000) to com.android.buyer/.mRve
