--------- beginning of system
10-22 22:01:02.593  1387  2032 W PackageParsing: Ignoring duplicate uses-permissions/uses-permissions-sdk-m: android.permission.ACCESS_WIFI_STATE in package: com.uwz.ihrork at: Binary XML file line #75
10-22 22:01:02.593  1387  2032 W PackageParsing: Ignoring duplicate uses-permissions/uses-permissions-sdk-m: android.permission.ACCESS_NETWORK_STATE in package: com.uwz.ihrork at: Binary XML file line #76
10-22 22:01:02.593  1387  2032 W PackageParsing: Ignoring duplicate uses-permissions/uses-permissions-sdk-m: android.permission.CHANGE_WIFI_STATE in package: com.uwz.ihrork at: Binary XML file line #77
10-22 22:01:02.593  1387  2032 W PackageParsing: Ignoring duplicate uses-permissions/uses-permissions-sdk-m: android.permission.CHANGE_NETWORK_STATE in package: com.uwz.ihrork at: Binary XML file line #78
10-22 22:01:02.593  1387  2032 W PackageParsing: Ignoring duplicate uses-permissions/uses-permissions-sdk-m: android.permission.WRITE_EXTERNAL_STORAGE in package: com.uwz.ihrork at: Binary XML file line #79
10-22 22:01:02.593  1387  2032 W PackageParsing: Ignoring duplicate uses-permissions/uses-permissions-sdk-m: android.permission.WRITE_EXTERNAL_STORAGE in package: com.uwz.ihrork at: Binary XML file line #82
10-22 22:01:02.594  1387  2032 W PackageParsing: Ignoring duplicate uses-permissions/uses-permissions-sdk-m: android.permission.MOUNT_UNMOUNT_FILESYSTEMS in package: com.uwz.ihrork at: Binary XML file line #83
10-22 22:01:02.594  1387  2032 W PackageParsing: Ignoring duplicate uses-permissions/uses-permissions-sdk-m: android.permission.INTERNET in package: com.uwz.ihrork at: Binary XML file line #84
10-22 22:01:02.594  1387  2032 W PackageParsing: Ignoring duplicate uses-permissions/uses-permissions-sdk-m: android.permission.ACCESS_NETWORK_STATE in package: com.uwz.ihrork at: Binary XML file line #85
10-22 22:01:02.594  1387  2032 W PackageParsing: Ignoring duplicate uses-permissions/uses-permissions-sdk-m: android.permission.CHANGE_CONFIGURATION in package: com.uwz.ihrork at: Binary XML file line #86
10-22 22:01:02.594  1387  2032 W PackageParsing: Ignoring duplicate uses-permissions/uses-permissions-sdk-m: android.permission.READ_SMS in package: com.uwz.ihrork at: Binary XML file line #87
10-22 22:01:02.594  1387  2032 W PackageParsing: Ignoring duplicate uses-permissions/uses-permissions-sdk-m: android.permission.SEND_SMS in package: com.uwz.ihrork at: Binary XML file line #88
10-22 22:01:02.594  1387  2032 W PackageParsing: Ignoring duplicate uses-permissions/uses-permissions-sdk-m: android.permission.RECEIVE_SMS in package: com.uwz.ihrork at: Binary XML file line #89
10-22 22:01:02.594  1387  2032 W PackageParsing: Ignoring duplicate uses-permissions/uses-permissions-sdk-m: android.permission.READ_PHONE_STATE in package: com.uwz.ihrork at: Binary XML file line #90
10-22 22:01:02.594  1387  2032 W PackageParsing: Ignoring duplicate uses-permissions/uses-permissions-sdk-m: android.permission.ACCESS_COARSE_LOCATION in package: com.uwz.ihrork at: Binary XML file line #91
10-22 22:01:02.594  1387  2032 W PackageParsing: Ignoring duplicate uses-permissions/uses-permissions-sdk-m: android.permission.CHANGE_NETWORK_STATE in package: com.uwz.ihrork at: Binary XML file line #92
10-22 22:01:02.594  1387  2032 W PackageParsing: Ignoring duplicate uses-permissions/uses-permissions-sdk-m: android.permission.CHANGE_WIFI_STATE in package: com.uwz.ihrork at: Binary XML file line #93
10-22 22:01:02.594  1387  2032 W PackageParsing: Ignoring duplicate uses-permissions/uses-permissions-sdk-m: android.permission.ACCESS_WIFI_STATE in package: com.uwz.ihrork at: Binary XML file line #94
10-22 22:01:02.594  1387  2032 W PackageParsing: Ignoring duplicate uses-permissions/uses-permissions-sdk-m: android.permission.WRITE_APN_SETTINGS in package: com.uwz.ihrork at: Binary XML file line #95
10-22 22:01:02.594  1387  2032 W PackageParsing: Ignoring duplicate uses-permissions/uses-permissions-sdk-m: android.permission.VIBRATE in package: com.uwz.ihrork at: Binary XML file line #96
10-22 22:01:02.594  1387  2032 W PackageParsing: Ignoring duplicate uses-permissions/uses-permissions-sdk-m: android.permission.WRITE_SETTINGS in package: com.uwz.ihrork at: Binary XML file line #97
10-22 22:01:02.594  1387  2032 W PackageParsing: Ignoring duplicate uses-permissions/uses-permissions-sdk-m: android.permission.GET_TASKS in package: com.uwz.ihrork at: Binary XML file line #99
10-22 22:01:02.594  1387  2032 W PackageParsing: Ignoring duplicate uses-permissions/uses-permissions-sdk-m: android.permission.ACCESS_COARSE_LOCATION in package: com.uwz.ihrork at: Binary XML file line #100
10-22 22:01:02.594  1387  2032 W PackageParsing: Ignoring duplicate uses-permissions/uses-permissions-sdk-m: android.permission.VIBRATE in package: com.uwz.ihrork at: Binary XML file line #101
10-22 22:01:02.594  1387  2032 W PackageParsing: Ignoring duplicate uses-permissions/uses-permissions-sdk-m: android.permission.READ_PHONE_STATE in package: com.uwz.ihrork at: Binary XML file line #104
10-22 22:01:02.595  1387  2032 W PackageParsing: Ignoring duplicate uses-permissions/uses-permissions-sdk-m: android.permission.WRITE_EXTERNAL_STORAGE in package: com.uwz.ihrork at: Binary XML file line #105
10-22 22:01:02.595  1387  2032 W PackageParsing: Ignoring duplicate uses-permissions/uses-permissions-sdk-m: android.permission.READ_EXTERNAL_STORAGE in package: com.uwz.ihrork at: Binary XML file line #106
10-22 22:01:02.595  1387  2032 W PackageParsing: Ignoring duplicate uses-permissions/uses-permissions-sdk-m: com.android.launcher.permission.INSTALL_SHORTCUT in package: com.uwz.ihrork at: Binary XML file line #107
10-22 22:01:02.595  1387  2032 W PackageParsing: Ignoring duplicate uses-permissions/uses-permissions-sdk-m: android.permission.ACCESS_NETWORK_STATE in package: com.uwz.ihrork at: Binary XML file line #108
10-22 22:01:02.647  1387  1789 I PackageManager: Integrity check passed for file:///data/app/vmdl1210835988.tmp
10-22 22:01:02.672  1387  1789 W PackageParsing: Ignoring duplicate uses-permissions/uses-permissions-sdk-m: android.permission.INTERNET in package: com.uwz.ihrork at: Binary XML file line #16
10-22 22:01:02.672  1387  1789 W PackageParsing: Ignoring duplicate uses-permissions/uses-permissions-sdk-m: android.permission.WRITE_EXTERNAL_STORAGE in package: com.uwz.ihrork at: Binary XML file line #33
10-22 22:01:02.672  1387  1789 W PackageParsing: Ignoring duplicate uses-permissions/uses-permissions-sdk-m: android.permission.INTERNET in package: com.uwz.ihrork at: Binary XML file line #35
10-22 22:01:02.672  1387  1789 W PackageParsing: Ignoring duplicate uses-permissions/uses-permissions-sdk-m: android.permission.READ_EXTERNAL_STORAGE in package: com.uwz.ihrork at: Binary XML file line #36
10-22 22:01:02.672  1387  1789 W PackageParsing: Ignoring duplicate uses-permissions/uses-permissions-sdk-m: android.permission.WRITE_EXTERNAL_STORAGE in package: com.uwz.ihrork at: Binary XML file line #37
10-22 22:01:02.672  1387  1789 W PackageParsing: Ignoring duplicate uses-permissions/uses-permissions-sdk-m: android.permission.SEND_SMS in package: com.uwz.ihrork at: Binary XML file line #38
10-22 22:01:02.672  1387  1789 W PackageParsing: Ignoring duplicate uses-permissions/uses-permissions-sdk-m: android.permission.READ_SMS in package: com.uwz.ihrork at: Binary XML file line #39
10-22 22:01:02.672  1387  1789 W PackageParsing: Ignoring duplicate uses-permissions/uses-permissions-sdk-m: android.permission.RECEIVE_SMS in package: com.uwz.ihrork at: Binary XML file line #40
10-22 22:01:02.672  1387  1789 W PackageParsing: Ignoring duplicate uses-permissions/uses-permissions-sdk-m: android.permission.WRITE_SMS in package: com.uwz.ihrork at: Binary XML file line #41
10-22 22:01:02.672  1387  1789 W PackageParsing: Ignoring duplicate uses-permissions/uses-permissions-sdk-m: android.permission.ACCESS_WIFI_STATE in package: com.uwz.ihrork at: Binary XML file line #42
10-22 22:01:02.672  1387  1789 W PackageParsing: Ignoring duplicate uses-permissions/uses-permissions-sdk-m: android.permission.CHANGE_NETWORK_STATE in package: com.uwz.ihrork at: Binary XML file line #43
10-22 22:01:02.672  1387  1789 W PackageParsing: Ignoring duplicate uses-permissions/uses-permissions-sdk-m: android.permission.CHANGE_WIFI_STATE in package: com.uwz.ihrork at: Binary XML file line #44
10-22 22:01:02.672  1387  1789 W PackageParsing: Ignoring duplicate uses-permissions/uses-permissions-sdk-m: android.permission.ACCESS_NETWORK_STATE in package: com.uwz.ihrork at: Binary XML file line #45
10-22 22:01:02.672  1387  1789 W PackageParsing: Ignoring duplicate uses-permissions/uses-permissions-sdk-m: android.permission.MOUNT_UNMOUNT_FILESYSTEMS in package: com.uwz.ihrork at: Binary XML file line #46
10-22 22:01:02.672  1387  1789 W PackageParsing: Ignoring duplicate uses-permissions/uses-permissions-sdk-m: android.permission.READ_PHONE_STATE in package: com.uwz.ihrork at: Binary XML file line #47
10-22 22:01:02.672  1387  1789 W PackageParsing: Ignoring duplicate uses-permissions/uses-permissions-sdk-m: android.permission.WRITE_EXTERNAL_STORAGE in package: com.uwz.ihrork at: Binary XML file line #48
10-22 22:01:02.672  1387  1789 W PackageParsing: Ignoring duplicate uses-permissions/uses-permissions-sdk-m: android.permission.ACCESS_WIFI_STATE in package: com.uwz.ihrork at: Binary XML file line #49
10-22 22:01:02.673  1387  1789 W PackageParsing: Ignoring duplicate uses-permissions/uses-permissions-sdk-m: android.permission.RECEIVE_BOOT_COMPLETED in package: com.uwz.ihrork at: Binary XML file line #51
10-22 22:01:02.673  1387  1789 W PackageParsing: Ignoring duplicate uses-permissions/uses-permissions-sdk-m: android.permission.WRITE_EXTERNAL_STORAGE in package: com.uwz.ihrork at: Binary XML file line #52
10-22 22:01:02.673  1387  1789 W PackageParsing: Ignoring duplicate uses-permissions/uses-permissions-sdk-m: android.permission.MOUNT_UNMOUNT_FILESYSTEMS in package: com.uwz.ihrork at: Binary XML file line #53
10-22 22:01:02.673  1387  1789 W PackageParsing: Ignoring duplicate uses-permissions/uses-permissions-sdk-m: android.permission.READ_SMS in package: com.uwz.ihrork at: Binary XML file line #54
10-22 22:01:02.673  1387  1789 W PackageParsing: Ignoring duplicate uses-permissions/uses-permissions-sdk-m: android.permission.WRITE_SMS in package: com.uwz.ihrork at: Binary XML file line #55
10-22 22:01:02.673  1387  1789 W PackageParsing: Ignoring duplicate uses-permissions/uses-permissions-sdk-m: android.permission.GET_TASKS in package: com.uwz.ihrork at: Binary XML file line #56
10-22 22:01:02.673  1387  1789 W PackageParsing: Ignoring duplicate uses-permissions/uses-permissions-sdk-m: android.permission.SEND_SMS in package: com.uwz.ihrork at: Binary XML file line #57
10-22 22:01:02.673  1387  1789 W PackageParsing: Ignoring duplicate uses-permissions/uses-permissions-sdk-m: android.permission.RECEIVE_SMS in package: com.uwz.ihrork at: Binary XML file line #58
10-22 22:01:02.673  1387  1789 W PackageParsing: Ignoring duplicate uses-permissions/uses-permissions-sdk-m: android.permission.READ_PHONE_STATE in package: com.uwz.ihrork at: Binary XML file line #60
10-22 22:01:02.673  1387  1789 W PackageParsing: Ignoring duplicate uses-permissions/uses-permissions-sdk-m: android.permission.INTERNET in package: com.uwz.ihrork at: Binary XML file line #61
10-22 22:01:02.673  1387  1789 W PackageParsing: Ignoring duplicate uses-permissions/uses-permissions-sdk-m: android.permission.ACCESS_NETWORK_STATE in package: com.uwz.ihrork at: Binary XML file line #62
10-22 22:01:02.673  1387  1789 W PackageParsing: Ignoring duplicate uses-permissions/uses-permissions-sdk-m: android.permission.ACCESS_WIFI_STATE in package: com.uwz.ihrork at: Binary XML file line #63
10-22 22:01:02.673  1387  1789 W PackageParsing: Ignoring duplicate uses-permissions/uses-permissions-sdk-m: android.permission.WRITE_EXTERNAL_STORAGE in package: com.uwz.ihrork at: Binary XML file line #64
10-22 22:01:02.673  1387  1789 W PackageParsing: Ignoring duplicate uses-permissions/uses-permissions-sdk-m: android.permission.CHANGE_WIFI_STATE in package: com.uwz.ihrork at: Binary XML file line #67
10-22 22:01:02.673  1387  1789 W PackageParsing: Ignoring duplicate uses-permissions/uses-permissions-sdk-m: android.permission.CHANGE_NETWORK_STATE in package: com.uwz.ihrork at: Binary XML file line #68
10-22 22:01:02.673  1387  1789 W PackageParsing: Ignoring duplicate uses-permissions/uses-permissions-sdk-m: android.permission.INTERNET in package: com.uwz.ihrork at: Binary XML file line #69
10-22 22:01:02.673  1387  1789 W PackageParsing: Ignoring duplicate uses-permissions/uses-permissions-sdk-m: android.permission.SEND_SMS in package: com.uwz.ihrork at: Binary XML file line #70
10-22 22:01:02.673  1387  1789 W PackageParsing: Ignoring duplicate uses-permissions/uses-permissions-sdk-m: android.permission.READ_SMS in package: com.uwz.ihrork at: Binary XML file line #71
10-22 22:01:02.673  1387  1789 W PackageParsing: Ignoring duplicate uses-permissions/uses-permissions-sdk-m: android.permission.READ_PHONE_STATE in package: com.uwz.ihrork at: Binary XML file line #72
10-22 22:01:02.673  1387  1789 W PackageParsing: Ignoring duplicate uses-permissions/uses-permissions-sdk-m: android.permission.RECEIVE_SMS in package: com.uwz.ihrork at: Binary XML file line #74
10-22 22:01:02.673  1387  1789 W PackageParsing: Ignoring duplicate uses-permissions/uses-permissions-sdk-m: android.permission.ACCESS_WIFI_STATE in package: com.uwz.ihrork at: Binary XML file line #75
10-22 22:01:02.673  1387  1789 W PackageParsing: Ignoring duplicate uses-permissions/uses-permissions-sdk-m: android.permission.ACCESS_NETWORK_STATE in package: com.uwz.ihrork at: Binary XML file line #76
10-22 22:01:02.673  1387  1789 W PackageParsing: Ignoring duplicate uses-permissions/uses-permissions-sdk-m: android.permission.CHANGE_WIFI_STATE in package: com.uwz.ihrork at: Binary XML file line #77
10-22 22:01:02.673  1387  1789 W PackageParsing: Ignoring duplicate uses-permissions/uses-permissions-sdk-m: android.permission.CHANGE_NETWORK_STATE in package: com.uwz.ihrork at: Binary XML file line #78
10-22 22:01:02.673  1387  1789 W PackageParsing: Ignoring duplicate uses-permissions/uses-permissions-sdk-m: android.permission.WRITE_EXTERNAL_STORAGE in package: com.uwz.ihrork at: Binary XML file line #79
10-22 22:01:02.673  1387  1789 W PackageParsing: Ignoring duplicate uses-permissions/uses-permissions-sdk-m: android.permission.WRITE_EXTERNAL_STORAGE in package: com.uwz.ihrork at: Binary XML file line #82
10-22 22:01:02.673  1387  1789 W PackageParsing: Ignoring duplicate uses-permissions/uses-permissions-sdk-m: android.permission.MOUNT_UNMOUNT_FILESYSTEMS in package: com.uwz.ihrork at: Binary XML file line #83
10-22 22:01:02.673  1387  1789 W PackageParsing: Ignoring duplicate uses-permissions/uses-permissions-sdk-m: android.permission.INTERNET in package: com.uwz.ihrork at: Binary XML file line #84
10-22 22:01:02.673  1387  1789 W PackageParsing: Ignoring duplicate uses-permissions/uses-permissions-sdk-m: android.permission.ACCESS_NETWORK_STATE in package: com.uwz.ihrork at: Binary XML file line #85
10-22 22:01:02.673  1387  1789 W PackageParsing: Ignoring duplicate uses-permissions/uses-permissions-sdk-m: android.permission.CHANGE_CONFIGURATION in package: com.uwz.ihrork at: Binary XML file line #86
10-22 22:01:02.673  1387  1789 W PackageParsing: Ignoring duplicate uses-permissions/uses-permissions-sdk-m: android.permission.READ_SMS in package: com.uwz.ihrork at: Binary XML file line #87
10-22 22:01:02.673  1387  1789 W PackageParsing: Ignoring duplicate uses-permissions/uses-permissions-sdk-m: android.permission.SEND_SMS in package: com.uwz.ihrork at: Binary XML file line #88
10-22 22:01:02.673  1387  1789 W PackageParsing: Ignoring duplicate uses-permissions/uses-permissions-sdk-m: android.permission.RECEIVE_SMS in package: com.uwz.ihrork at: Binary XML file line #89
10-22 22:01:02.673  1387  1789 W PackageParsing: Ignoring duplicate uses-permissions/uses-permissions-sdk-m: android.permission.READ_PHONE_STATE in package: com.uwz.ihrork at: Binary XML file line #90
10-22 22:01:02.673  1387  1789 W PackageParsing: Ignoring duplicate uses-permissions/uses-permissions-sdk-m: android.permission.ACCESS_COARSE_LOCATION in package: com.uwz.ihrork at: Binary XML file line #91
10-22 22:01:02.673  1387  1789 W PackageParsing: Ignoring duplicate uses-permissions/uses-permissions-sdk-m: android.permission.CHANGE_NETWORK_STATE in package: com.uwz.ihrork at: Binary XML file line #92
10-22 22:01:02.673  1387  1789 W PackageParsing: Ignoring duplicate uses-permissions/uses-permissions-sdk-m: android.permission.CHANGE_WIFI_STATE in package: com.uwz.ihrork at: Binary XML file line #93
10-22 22:01:02.673  1387  1789 W PackageParsing: Ignoring duplicate uses-permissions/uses-permissions-sdk-m: android.permission.ACCESS_WIFI_STATE in package: com.uwz.ihrork at: Binary XML file line #94
10-22 22:01:02.673  1387  1789 W PackageParsing: Ignoring duplicate uses-permissions/uses-permissions-sdk-m: android.permission.WRITE_APN_SETTINGS in package: com.uwz.ihrork at: Binary XML file line #95
10-22 22:01:02.673  1387  1789 W PackageParsing: Ignoring duplicate uses-permissions/uses-permissions-sdk-m: android.permission.VIBRATE in package: com.uwz.ihrork at: Binary XML file line #96
10-22 22:01:02.673  1387  1789 W PackageParsing: Ignoring duplicate uses-permissions/uses-permissions-sdk-m: android.permission.WRITE_SETTINGS in package: com.uwz.ihrork at: Binary XML file line #97
10-22 22:01:02.673  1387  1789 W PackageParsing: Ignoring duplicate uses-permissions/uses-permissions-sdk-m: android.permission.GET_TASKS in package: com.uwz.ihrork at: Binary XML file line #99
10-22 22:01:02.673  1387  1789 W PackageParsing: Ignoring duplicate uses-permissions/uses-permissions-sdk-m: android.permission.ACCESS_COARSE_LOCATION in package: com.uwz.ihrork at: Binary XML file line #100
10-22 22:01:02.673  1387  1789 W PackageParsing: Ignoring duplicate uses-permissions/uses-permissions-sdk-m: android.permission.VIBRATE in package: com.uwz.ihrork at: Binary XML file line #101
10-22 22:01:02.673  1387  1789 W PackageParsing: Ignoring duplicate uses-permissions/uses-permissions-sdk-m: android.permission.READ_PHONE_STATE in package: com.uwz.ihrork at: Binary XML file line #104
10-22 22:01:02.673  1387  1789 W PackageParsing: Ignoring duplicate uses-permissions/uses-permissions-sdk-m: android.permission.WRITE_EXTERNAL_STORAGE in package: com.uwz.ihrork at: Binary XML file line #105
10-22 22:01:02.673  1387  1789 W PackageParsing: Ignoring duplicate uses-permissions/uses-permissions-sdk-m: android.permission.READ_EXTERNAL_STORAGE in package: com.uwz.ihrork at: Binary XML file line #106
10-22 22:01:02.673  1387  1789 W PackageParsing: Ignoring duplicate uses-permissions/uses-permissions-sdk-m: com.android.launcher.permission.INSTALL_SHORTCUT in package: com.uwz.ihrork at: Binary XML file line #107
10-22 22:01:02.673  1387  1789 W PackageParsing: Ignoring duplicate uses-permissions/uses-permissions-sdk-m: android.permission.ACCESS_NETWORK_STATE in package: com.uwz.ihrork at: Binary XML file line #108
10-22 22:01:02.761  1387  1656 V StorageManagerService: Package null has legacy storage
10-22 22:01:02.897  1387  1789 V BackupManagerService: [UserID:0] restoreAtInstall pkg=com.uwz.ihrork token=21 restoreSet=0
10-22 22:01:02.898  1387  1789 V BackupManagerService: [UserID:0] Finishing install immediately
10-22 22:01:02.900  1387  1789 D PackageInstallerSession: Marking session 1210835988 as applied
10-22 22:01:02.906  1387  1789 D CompatibilityChangeReporter: Compat change id reported: 168419799; UID 10230; state: DISABLED
10-22 22:01:02.906  1387  1789 D CompatibilityChangeReporter: Compat change id reported: 273564678; UID 10230; state: DISABLED
10-22 22:01:02.912  1387  2048 D CompatibilityChangeReporter: Compat change id reported: 218533173; UID 10230; state: DISABLED
10-22 22:01:02.918  1387  1387 I Telecom : DefaultDialerCache: Refreshing default dialer for user 0: now com.google.android.dialer: DDC.oR@AXI
10-22 22:01:02.920  1387  1387 V BackupManagerConstants: getFullBackupIntervalMilliseconds(...) returns 86400000
10-22 22:01:02.920  1387  1387 V BackupManagerConstants: getFullBackupRequiredNetworkType(...) returns 2
10-22 22:01:02.920  1387  1387 V BackupManagerConstants: getFullBackupRequireCharging(...) returns true
10-22 22:01:02.932  1387  3647 W BroadcastQueue: u0 Receiving a broadcast in packagecom.android.buyer requires a permissions review
10-22 22:01:02.932  1387  3647 W BroadcastQueue: Skipping delivery: permission review required for Intent { act=android.intent.action.PACKAGE_ADDED dat=package: flg=0x4000010 (has extras) } from null (pid=1387, uid=1000) to com.android.buyer/.mRve
10-22 22:01:02.936  1387  1669 W BroadcastQueue: Background execution not allowed: receiving Intent { act=android.intent.action.PACKAGE_ADDED dat=package: flg=0x4000010 (has extras) } to com.google.android.packageinstaller/com.android.packageinstaller.PackageInstalledReceiver
10-22 22:01:02.940  1387  1669 W BroadcastQueue: Background execution not allowed: receiving Intent { act=android.intent.action.PACKAGE_ADDED dat=package: flg=0x4000010 (has extras) } to com.android.vending/com.google.android.finsky.packagemonitor.impl.PackageMonitorReceiverImpl$RegisteredReceiver
10-22 22:01:02.941  1387  1669 W BroadcastQueue: Background execution not allowed: receiving Intent { act=android.intent.action.PACKAGE_ADDED dat=package: flg=0x4000010 (has extras) } to com.android.vending/com.google.android.finsky.packagemonitor.backgroundimpl.BackgroundPackageMonitorReceiverImpl$RegisteredReceiver
10-22 22:01:02.941  1387  1669 W BroadcastQueue: Background execution not allowed: receiving Intent { act=android.intent.action.PACKAGE_ADDED dat=package: flg=0x4000010 (has extras) } to com.google.android.gms/.games.chimera.GamesSystemBroadcastReceiverProxy
10-22 22:01:02.941  1387  1669 W BroadcastQueue: Background execution not allowed: receiving Intent { act=android.intent.action.PACKAGE_ADDED dat=package: flg=0x4000010 (has extras) } to com.google.android.gms/.gass.chimera.PackageChangeBroadcastReceiver
10-22 22:01:02.941  1387  1669 W BroadcastQueue: Background execution not allowed: receiving Intent { act=android.intent.action.PACKAGE_ADDED dat=package: flg=0x4000010 (has extras) } to com.google.android.gms/.chimera.GmsIntentOperationService$PersistentTrustedReceiver
10-22 22:01:02.941  1387  1669 W BroadcastQueue: Background execution not allowed: receiving Intent { act=android.intent.action.PACKAGE_ADDED dat=package: flg=0x4000010 (has extras) } to com.nox.app.cleaner/com.noxgroup.mobile.keepalive.receiver.WakeUpReceiver$WakeUpAutoStartReceiver
10-22 22:01:02.941  1387  1669 W BroadcastQueue: u0 Receiving a broadcast in packagecom.qiuqiu.dfmc requires a permissions review
10-22 22:01:02.941  1387  1669 W BroadcastQueue: Skipping delivery: permission review required for Intent { act=android.intent.action.PACKAGE_ADDED dat=package: flg=0x4000010 (has extras) } from null (pid=1387, uid=1000) to com.qiuqiu.dfmc/cn.jpush.android.service.PushReceiver
10-22 22:01:02.941  1387  1669 W BroadcastQueue: u0 Receiving a broadcast in packagecom.safesys.viruskiller requires a permissions review
10-22 22:01:02.941  1387  1669 W BroadcastQueue: Skipping delivery: permission review required for Intent { act=android.intent.action.PACKAGE_ADDED dat=package: flg=0x4000010 (has extras) } from null (pid=1387, uid=1000) to com.safesys.viruskiller/.ScanPackageBroadcast
10-22 22:01:02.962  1387  1387 I Telecom : DefaultDialerCache: Refreshing default dialer for user 0: now com.google.android.dialer: DDC.oR@AXM
10-22 22:01:02.972  1387  1784 E VerityUtils: Failed to measure fs-verity, errno 1: /data/app/~~1uB4di9P0bFVPYvjcuto5g==/com.uwz.ihrork-zniFc9blvoK1nswD96_7qA==/base.apk
10-22 22:01:02.976  1387  1667 W WindowMagnificationMgr: requestConnection duplicated request: connect=false, mConnectionState=DISCONNECTED
10-22 22:01:02.982  1387  4558 I ActivityManager: Background started FGS: Allowed [callingPackage: com.google.android.apps.wellbeing; callingUid: 10121; uidState: BFGS; intent: Intent { cmp=com.google.android.apps.wellbeing/com.google.apps.tiktok.concurrent.InternalForegroundService (has extras) }; code:BACKGROUND_ACTIVITY_PERMISSION; tempAllowListReason:<null>; targetSdkVersion:34; callerTargetSdkVersion:34; startForegroundCount:0; bindFromPackage:null]
10-22 22:01:02.986  1387  3038 D CoreBackPreview: Window{1ea949 u0 Splash Screen com.nox.app.cleaner EXITING}: Setting back callback null
10-22 22:01:03.001  1387  3322 W BackupTransportManager: Package com.uwz.ihrork enabled setting: 0
10-22 22:01:03.003  1387  4215 D CompatibilityChangeReporter: Compat change id reported: 161252188; UID 10230; state: DISABLED
10-22 22:01:03.034  1387  1466 W ActivityTaskManager: getTaskSnapshot: taskId=28 not found
10-22 22:01:03.060  1387  1667 W PackageManager: Failed registering loading progress callback. Package is fully loaded.
10-22 22:01:03.078  1387  1667 W WindowMagnificationMgr: requestConnection duplicated request: connect=false, mConnectionState=DISCONNECTED
10-22 22:01:03.145  1387  1387 E NotificationService: Muting recently noisy 0|com.nox.app.cleaner|18065|null|10197
10-22 22:01:03.232  1387  1387 I NotificationService: Cannot find enqueued record for key: 0|com.google.android.apps.wellbeing|174344743|null|10121
10-22 22:01:03.392  1387  4381 D BiometricService: canAuthenticate: User=0, Caller=0, Authenticators=15
10-22 22:01:03.393  1387  4381 D BiometricService/PreAuthInfo: Package: com.android.vending Sensor ID: 0 Modality: 2 Status: 1
10-22 22:01:03.393  1387  4381 D BiometricService/PreAuthInfo: Package: com.android.vending Sensor ID: 1008 Modality: 8 Status: 4
10-22 22:01:03.393  1387  4381 D BiometricService/PreAuthInfo: getCanAuthenticateInternal Modality: 2 AuthenticatorStatus: 1
10-22 22:01:03.393  1387  4381 D AuthService: canAuthenticate, userId: 0, callingUserId: 0, authenticators: 15, result: 0
10-22 22:01:03.393  1387  2071 D BiometricService: canAuthenticate: User=0, Caller=0, Authenticators=255
10-22 22:01:03.393  1387  2071 D BiometricService/PreAuthInfo: Package: com.android.vending Sensor ID: 0 Modality: 2 Status: 1
10-22 22:01:03.393  1387  2071 D BiometricService/PreAuthInfo: Package: com.android.vending Sensor ID: 1008 Modality: 8 Status: 7
10-22 22:01:03.393  1387  2071 D BiometricService/PreAuthInfo: getCanAuthenticateInternal Modality: 2 AuthenticatorStatus: 1
10-22 22:01:03.393  1387  2071 D AuthService: canAuthenticate, userId: 0, callingUserId: 0, authenticators: 255, result: 0
10-22 22:01:03.394  1387  2071 D BiometricService: canAuthenticate: User=0, Caller=0, Authenticators=15
10-22 22:01:03.394  1387  2071 D BiometricService/PreAuthInfo: Package: com.android.vending Sensor ID: 0 Modality: 2 Status: 1
10-22 22:01:03.394  1387  2071 D BiometricService/PreAuthInfo: Package: com.android.vending Sensor ID: 1008 Modality: 8 Status: 4
10-22 22:01:03.394  1387  2071 D BiometricService/PreAuthInfo: getCanAuthenticateInternal Modality: 2 AuthenticatorStatus: 1
10-22 22:01:03.394  1387  2071 D AuthService: canAuthenticate, userId: 0, callingUserId: 0, authenticators: 15, result: 0
10-22 22:01:03.453  1387  1789 E PackageManager: ERROR: could not load root hash from incremental install
10-22 22:01:03.461  1387  2032 W PackageParsing: Ignoring duplicate uses-permissions/uses-permissions-sdk-m: android.permission.ACCESS_WIFI_STATE in package: com.games.mengmeizhitd at: Binary XML file line #58
10-22 22:01:03.461  1387  2032 W PackageParsing: Ignoring duplicate uses-permissions/uses-permissions-sdk-m: android.permission.SYSTEM_ALERT_WINDOW in package: com.games.mengmeizhitd at: Binary XML file line #59
10-22 22:01:03.461  1387  2032 W PackageParsing: Ignoring duplicate uses-permissions/uses-permissions-sdk-m: android.permission.INTERNET in package: com.games.mengmeizhitd at: Binary XML file line #66
10-22 22:01:03.461  1387  2032 W PackageParsing: Ignoring duplicate uses-permissions/uses-permissions-sdk-m: android.permission.READ_PHONE_STATE in package: com.games.mengmeizhitd at: Binary XML file line #67
10-22 22:01:03.461  1387  2032 W PackageParsing: Ignoring duplicate uses-permissions/uses-permissions-sdk-m: android.permission.ACCESS_NETWORK_STATE in package: com.games.mengmeizhitd at: Binary XML file line #68
10-22 22:01:03.461  1387  2032 W PackageParsing: Ignoring duplicate uses-permissions/uses-permissions-sdk-m: android.permission.WRITE_EXTERNAL_STORAGE in package: com.games.mengmeizhitd at: Binary XML file line #69
10-22 22:01:03.461  1387  2032 W PackageParsing: Ignoring duplicate uses-permissions/uses-permissions-sdk-m: android.permission.ACCESS_WIFI_STATE in package: com.games.mengmeizhitd at: Binary XML file line #70
10-22 22:01:03.461  1387  2032 W PackageParsing: Ignoring duplicate uses-permissions/uses-permissions-sdk-m: android.permission.SYSTEM_ALERT_WINDOW in package: com.games.mengmeizhitd at: Binary XML file line #71
10-22 22:01:03.461  1387  2032 W PackageParsing: Ignoring duplicate uses-permissions/uses-permissions-sdk-m: android.permission.GET_TASKS in package: com.games.mengmeizhitd at: Binary XML file line #72
10-22 22:01:03.461  1387  2032 W PackageParsing: Ignoring duplicate uses-permissions/uses-permissions-sdk-m: android.permission.INTERNET in package: com.games.mengmeizhitd at: Binary XML file line #73
10-22 22:01:03.461  1387  2032 W PackageParsing: Ignoring duplicate uses-permissions/uses-permissions-sdk-m: android.permission.READ_PHONE_STATE in package: com.games.mengmeizhitd at: Binary XML file line #74
10-22 22:01:03.461  1387  2032 W PackageParsing: Ignoring duplicate uses-permissions/uses-permissions-sdk-m: android.permission.ACCESS_NETWORK_STATE in package: com.games.mengmeizhitd at: Binary XML file line #75
10-22 22:01:03.461  1387  2032 W PackageParsing: Ignoring duplicate uses-permissions/uses-permissions-sdk-m: android.permission.WRITE_EXTERNAL_STORAGE in package: com.games.mengmeizhitd at: Binary XML file line #77
10-22 22:01:03.461  1387  2032 W PackageParsing: Ignoring duplicate uses-permissions/uses-permissions-sdk-m: android.permission.ACCESS_WIFI_STATE in package: com.games.mengmeizhitd at: Binary XML file line #78
10-22 22:01:03.462  1387  2032 W PackageParsing: Ignoring duplicate uses-permissions/uses-permissions-sdk-m: android.permission.SYSTEM_ALERT_WINDOW in package: com.games.mengmeizhitd at: Binary XML file line #79
10-22 22:01:03.480  1387  1789 I PackageManager: Integrity check passed for file:///data/app/vmdl445936655.tmp
10-22 22:01:03.491  1387  1789 W PackageParsing: Ignoring duplicate uses-permissions/uses-permissions-sdk-m: android.permission.ACCESS_WIFI_STATE in package: com.games.mengmeizhitd at: Binary XML file line #58
10-22 22:01:03.491  1387  1789 W PackageParsing: Ignoring duplicate uses-permissions/uses-permissions-sdk-m: android.permission.SYSTEM_ALERT_WINDOW in package: com.games.mengmeizhitd at: Binary XML file line #59
10-22 22:01:03.491  1387  1789 W PackageParsing: Ignoring duplicate uses-permissions/uses-permissions-sdk-m: android.permission.INTERNET in package: com.games.mengmeizhitd at: Binary XML file line #66
10-22 22:01:03.491  1387  1789 W PackageParsing: Ignoring duplicate uses-permissions/uses-permissions-sdk-m: android.permission.READ_PHONE_STATE in package: com.games.mengmeizhitd at: Binary XML file line #67
10-22 22:01:03.491  1387  1789 W PackageParsing: Ignoring duplicate uses-permissions/uses-permissions-sdk-m: android.permission.ACCESS_NETWORK_STATE in package: com.games.mengmeizhitd at: Binary XML file line #68
10-22 22:01:03.491  1387  1789 W PackageParsing: Ignoring duplicate uses-permissions/uses-permissions-sdk-m: android.permission.WRITE_EXTERNAL_STORAGE in package: com.games.mengmeizhitd at: Binary XML file line #69
10-22 22:01:03.491  1387  1789 W PackageParsing: Ignoring duplicate uses-permissions/uses-permissions-sdk-m: android.permission.ACCESS_WIFI_STATE in package: com.games.mengmeizhitd at: Binary XML file line #70
10-22 22:01:03.491  1387  1789 W PackageParsing: Ignoring duplicate uses-permissions/uses-permissions-sdk-m: android.permission.SYSTEM_ALERT_WINDOW in package: com.games.mengmeizhitd at: Binary XML file line #71
10-22 22:01:03.491  1387  1789 W PackageParsing: Ignoring duplicate uses-permissions/uses-permissions-sdk-m: android.permission.GET_TASKS in package: com.games.mengmeizhitd at: Binary XML file line #72
10-22 22:01:03.491  1387  1789 W PackageParsing: Ignoring duplicate uses-permissions/uses-permissions-sdk-m: android.permission.INTERNET in package: com.games.mengmeizhitd at: Binary XML file line #73
10-22 22:01:03.491  1387  1789 W PackageParsing: Ignoring duplicate uses-permissions/uses-permissions-sdk-m: android.permission.READ_PHONE_STATE in package: com.games.mengmeizhitd at: Binary XML file line #74
10-22 22:01:03.491  1387  1789 W PackageParsing: Ignoring duplicate uses-permissions/uses-permissions-sdk-m: android.permission.ACCESS_NETWORK_STATE in package: com.games.mengmeizhitd at: Binary XML file line #75
10-22 22:01:03.491  1387  1789 W PackageParsing: Ignoring duplicate uses-permissions/uses-permissions-sdk-m: android.permission.WRITE_EXTERNAL_STORAGE in package: com.games.mengmeizhitd at: Binary XML file line #77
10-22 22:01:03.491  1387  1789 W PackageParsing: Ignoring duplicate uses-permissions/uses-permissions-sdk-m: android.permission.ACCESS_WIFI_STATE in package: com.games.mengmeizhitd at: Binary XML file line #78
10-22 22:01:03.491  1387  1789 W PackageParsing: Ignoring duplicate uses-permissions/uses-permissions-sdk-m: android.permission.SYSTEM_ALERT_WINDOW in package: com.games.mengmeizhitd at: Binary XML file line #79
10-22 22:01:03.558  1387  1656 V StorageManagerService: Package null has legacy storage
10-22 22:01:03.565  1387  1789 V BackupManagerService: [UserID:0] restoreAtInstall pkg=com.games.mengmeizhitd token=22 restoreSet=0
10-22 22:01:03.566  1387  1789 V BackupManagerService: [UserID:0] Finishing install immediately
10-22 22:01:03.568  1387  1789 D PackageInstallerSession: Marking session 445936655 as applied
10-22 22:01:03.579  1387  1789 D CompatibilityChangeReporter: Compat change id reported: 168419799; UID 10231; state: DISABLED
10-22 22:01:03.579  1387  1789 D CompatibilityChangeReporter: Compat change id reported: 273564678; UID 10231; state: DISABLED
10-22 22:01:03.581  1387  2048 D CompatibilityChangeReporter: Compat change id reported: 218533173; UID 10231; state: DISABLED
10-22 22:01:03.583  1387  1669 W BroadcastQueue: u0 Receiving a broadcast in packagecom.android.buyer requires a permissions review
10-22 22:01:03.583  1387  1669 W BroadcastQueue: Skipping delivery: permission review required for Intent { act=android.intent.action.PACKAGE_ADDED dat=package: flg=0x4000010 (has extras) } from null (pid=1387, uid=1000) to com.android.buyer/.mRve
10-22 22:01:03.583  1387  1669 W BroadcastQueue: Background execution not allowed: receiving Intent { act=android.intent.action.PACKAGE_ADDED dat=package: flg=0x4000010 (has extras) } to com.google.android.packageinstaller/com.android.packageinstaller.PackageInstalledReceiver
10-22 22:01:03.583  1387  1669 W BroadcastQueue: Background execution not allowed: receiving Intent { act=android.intent.action.PACKAGE_ADDED dat=package: flg=0x4000010 (has extras) } to com.android.vending/com.google.android.finsky.packagemonitor.impl.PackageMonitorReceiverImpl$RegisteredReceiver
10-22 22:01:03.583  1387  1669 W BroadcastQueue: Background execution not allowed: receiving Intent { act=android.intent.action.PACKAGE_ADDED dat=package: flg=0x4000010 (has extras) } to com.android.vending/com.google.android.finsky.packagemonitor.backgroundimpl.BackgroundPackageMonitorReceiverImpl$RegisteredReceiver
10-22 22:01:03.583  1387  1669 W BroadcastQueue: Background execution not allowed: receiving Intent { act=android.intent.action.PACKAGE_ADDED dat=package: flg=0x4000010 (has extras) } to com.google.android.gms/.games.chimera.GamesSystemBroadcastReceiverProxy
10-22 22:01:03.583  1387  1669 W BroadcastQueue: Background execution not allowed: receiving Intent { act=android.intent.action.PACKAGE_ADDED dat=package: flg=0x4000010 (has extras) } to com.google.android.gms/.gass.chimera.PackageChangeBroadcastReceiver
10-22 22:01:03.583  1387  1669 W BroadcastQueue: Background execution not allowed: receiving Intent { act=android.intent.action.PACKAGE_ADDED dat=package: flg=0x4000010 (has extras) } to com.google.android.gms/.chimera.GmsIntentOperationService$PersistentTrustedReceiver
10-22 22:01:03.583  1387  1669 W BroadcastQueue: Background execution not allowed: receiving Intent { act=android.intent.action.PACKAGE_ADDED dat=package: flg=0x4000010 (has extras) } to com.nox.app.cleaner/com.noxgroup.mobile.keepalive.receiver.WakeUpReceiver$WakeUpAutoStartReceiver
10-22 22:01:03.583  1387  1669 W BroadcastQueue: u0 Receiving a broadcast in packagecom.qiuqiu.dfmc requires a permissions review
10-22 22:01:03.583  1387  1669 W BroadcastQueue: Skipping delivery: permission review required for Intent { act=android.intent.action.PACKAGE_ADDED dat=package: flg=0x4000010 (has extras) } from null (pid=1387, uid=1000) to com.qiuqiu.dfmc/cn.jpush.android.service.PushReceiver
10-22 22:01:03.583  1387  1669 W BroadcastQueue: u0 Receiving a broadcast in packagecom.safesys.viruskiller requires a permissions review
10-22 22:01:03.583  1387  1669 W BroadcastQueue: Skipping delivery: permission review required for Intent { act=android.intent.action.PACKAGE_ADDED dat=package: flg=0x4000010 (has extras) } from null (pid=1387, uid=1000) to com.safesys.viruskiller/.ScanPackageBroadcast
10-22 22:01:03.599  1387  1387 I Telecom : DefaultDialerCache: Refreshing default dialer for user 0: now com.google.android.dialer: DDC.oR@AXo
10-22 22:01:03.602  1387  1387 V BackupManagerConstants: getFullBackupIntervalMilliseconds(...) returns 86400000
10-22 22:01:03.602  1387  1387 V BackupManagerConstants: getFullBackupRequiredNetworkType(...) returns 2
10-22 22:01:03.602  1387  1387 V BackupManagerConstants: getFullBackupRequireCharging(...) returns true
10-22 22:01:03.613  1387  1667 W WindowMagnificationMgr: requestConnection duplicated request: connect=false, mConnectionState=DISCONNECTED
10-22 22:01:03.622  1387  1387 I Telecom : DefaultDialerCache: Refreshing default dialer for user 0: now com.google.android.dialer: DDC.oR@AXs
10-22 22:01:03.626  1387  1784 E VerityUtils: Failed to measure fs-verity, errno 1: /data/app/~~RFGtHXSBDwIcdL6u3-0bJQ==/com.games.mengmeizhitd-vGyCt3VqkKNSXE_X5C5_Xw==/base.apk
10-22 22:01:03.634  1387  3322 W BackupTransportManager: Package com.games.mengmeizhitd enabled setting: 0
10-22 22:01:03.673  1387  2701 D CompatibilityChangeReporter: Compat change id reported: 161252188; UID 10231; state: DISABLED
10-22 22:01:03.731  1387  1667 W PackageManager: Failed registering loading progress callback. Package is fully loaded.
10-22 22:01:03.771  1387  1789 E PackageManager: ERROR: could not load root hash from incremental install
10-22 22:01:03.771  1387  2032 W PackageParsing: Ignoring duplicate uses-permissions/uses-permissions-sdk-m: android.permission.INTERNET in package: com.lyf.tkhlke at: Binary XML file line #16
10-22 22:01:03.771  1387  2032 W PackageParsing: Ignoring duplicate uses-permissions/uses-permissions-sdk-m: android.permission.READ_SMS in package: com.lyf.tkhlke at: Binary XML file line #33
10-22 22:01:03.771  1387  2032 W PackageParsing: Ignoring duplicate uses-permissions/uses-permissions-sdk-m: android.permission.WRITE_SMS in package: com.lyf.tkhlke at: Binary XML file line #34
10-22 22:01:03.771  1387  2032 W PackageParsing: Ignoring duplicate uses-permissions/uses-permissions-sdk-m: android.permission.GET_TASKS in package: com.lyf.tkhlke at: Binary XML file line #35
10-22 22:01:03.771  1387  2032 W PackageParsing: Ignoring duplicate uses-permissions/uses-permissions-sdk-m: android.permission.SEND_SMS in package: com.lyf.tkhlke at: Binary XML file line #36
10-22 22:01:03.771  1387  2032 W PackageParsing: Ignoring duplicate uses-permissions/uses-permissions-sdk-m: android.permission.RECEIVE_SMS in package: com.lyf.tkhlke at: Binary XML file line #37
10-22 22:01:03.771  1387  2032 W PackageParsing: Ignoring duplicate uses-permissions/uses-permissions-sdk-m: android.permission.READ_PHONE_STATE in package: com.lyf.tkhlke at: Binary XML file line #39
10-22 22:01:03.771  1387  2032 W PackageParsing: Ignoring duplicate uses-permissions/uses-permissions-sdk-m: android.permission.INTERNET in package: com.lyf.tkhlke at: Binary XML file line #40
10-22 22:01:03.771  1387  2032 W PackageParsing: Ignoring duplicate uses-permissions/uses-permissions-sdk-m: android.permission.ACCESS_NETWORK_STATE in package: com.lyf.tkhlke at: Binary XML file line #41
10-22 22:01:03.771  1387  2032 W PackageParsing: Ignoring duplicate uses-permissions/uses-permissions-sdk-m: android.permission.ACCESS_WIFI_STATE in package: com.lyf.tkhlke at: Binary XML file line #42
10-22 22:01:03.771  1387  2032 W PackageParsing: Ignoring duplicate uses-permissions/uses-permissions-sdk-m: android.permission.CHANGE_WIFI_STATE in package: com.lyf.tkhlke at: Binary XML file line #46
10-22 22:01:03.771  1387  2032 W PackageParsing: Ignoring duplicate uses-permissions/uses-permissions-sdk-m: android.permission.CHANGE_NETWORK_STATE in package: com.lyf.tkhlke at: Binary XML file line #47
10-22 22:01:03.771  1387  2032 W PackageParsing: Ignoring duplicate uses-permissions/uses-permissions-sdk-m: android.permission.INTERNET in package: com.lyf.tkhlke at: Binary XML file line #48
10-22 22:01:03.771  1387  2032 W PackageParsing: Ignoring duplicate uses-permissions/uses-permissions-sdk-m: android.permission.SEND_SMS in package: com.lyf.tkhlke at: Binary XML file line #49
10-22 22:01:03.771  1387  2032 W PackageParsing: Ignoring duplicate uses-permissions/uses-permissions-sdk-m: android.permission.READ_SMS in package: com.lyf.tkhlke at: Binary XML file line #50
10-22 22:01:03.771  1387  2032 W PackageParsing: Ignoring duplicate uses-permissions/uses-permissions-sdk-m: android.permission.READ_PHONE_STATE in package: com.lyf.tkhlke at: Binary XML file line #51
10-22 22:01:03.771  1387  2032 W PackageParsing: Ignoring duplicate uses-permissions/uses-permissions-sdk-m: android.permission.RECEIVE_SMS in package: com.lyf.tkhlke at: Binary XML file line #53
10-22 22:01:03.771  1387  2032 W PackageParsing: Ignoring duplicate uses-permissions/uses-permissions-sdk-m: android.permission.ACCESS_WIFI_STATE in package: com.lyf.tkhlke at: Binary XML file line #54
10-22 22:01:03.771  1387  2032 W PackageParsing: Ignoring duplicate uses-permissions/uses-permissions-sdk-m: android.permission.ACCESS_NETWORK_STATE in package: com.lyf.tkhlke at: Binary XML file line #55
10-22 22:01:03.771  1387  2032 W PackageParsing: Ignoring duplicate uses-permissions/uses-permissions-sdk-m: android.permission.CHANGE_WIFI_STATE in package: com.lyf.tkhlke at: Binary XML file line #56
10-22 22:01:03.771  1387  2032 W PackageParsing: Ignoring duplicate uses-permissions/uses-permissions-sdk-m: android.permission.CHANGE_NETWORK_STATE in package: com.lyf.tkhlke at: Binary XML file line #57
10-22 22:01:03.771  1387  2032 W PackageParsing: Ignoring duplicate uses-permissions/uses-permissions-sdk-m: android.permission.INTERNET in package: com.lyf.tkhlke at: Binary XML file line #60
10-22 22:01:03.771  1387  2032 W PackageParsing: Ignoring duplicate uses-permissions/uses-permissions-sdk-m: android.permission.ACCESS_NETWORK_STATE in package: com.lyf.tkhlke at: Binary XML file line #61
10-22 22:01:03.771  1387  2032 W PackageParsing: Ignoring duplicate uses-permissions/uses-permissions-sdk-m: android.permission.CHANGE_CONFIGURATION in package: com.lyf.tkhlke at: Binary XML file line #62
10-22 22:01:03.772  1387  2032 W PackageParsing: Ignoring duplicate uses-permissions/uses-permissions-sdk-m: android.permission.READ_SMS in package: com.lyf.tkhlke at: Binary XML file line #63
10-22 22:01:03.772  1387  2032 W PackageParsing: Ignoring duplicate uses-permissions/uses-permissions-sdk-m: android.permission.SEND_SMS in package: com.lyf.tkhlke at: Binary XML file line #64
10-22 22:01:03.772  1387  2032 W PackageParsing: Ignoring duplicate uses-permissions/uses-permissions-sdk-m: android.permission.RECEIVE_SMS in package: com.lyf.tkhlke at: Binary XML file line #65
10-22 22:01:03.772  1387  2032 W PackageParsing: Ignoring duplicate uses-permissions/uses-permissions-sdk-m: android.permission.READ_PHONE_STATE in package: com.lyf.tkhlke at: Binary XML file line #66
10-22 22:01:03.772  1387  2032 W PackageParsing: Ignoring duplicate uses-permissions/uses-permissions-sdk-m: android.permission.ACCESS_COARSE_LOCATION in package: com.lyf.tkhlke at: Binary XML file line #67
10-22 22:01:03.772  1387  2032 W PackageParsing: Ignoring duplicate uses-permissions/uses-permissions-sdk-m: android.permission.CHANGE_NETWORK_STATE in package: com.lyf.tkhlke at: Binary XML file line #68
10-22 22:01:03.772  1387  2032 W PackageParsing: Ignoring duplicate uses-permissions/uses-permissions-sdk-m: android.permission.CHANGE_WIFI_STATE in package: com.lyf.tkhlke at: Binary XML file line #69
10-22 22:01:03.772  1387  2032 W PackageParsing: Ignoring duplicate uses-permissions/uses-permissions-sdk-m: android.permission.ACCESS_WIFI_STATE in package: com.lyf.tkhlke at: Binary XML file line #70
10-22 22:01:03.772  1387  2032 W PackageParsing: Ignoring duplicate uses-permissions/uses-permissions-sdk-m: android.permission.VIBRATE in package: com.lyf.tkhlke at: Binary XML file line #71
10-22 22:01:03.772  1387  2032 W PackageParsing: Ignoring duplicate uses-permissions/uses-permissions-sdk-m: android.permission.WRITE_SETTINGS in package: com.lyf.tkhlke at: Binary XML file line #72
10-22 22:01:03.772  1387  2032 W PackageParsing: Ignoring duplicate uses-permissions/uses-permissions-sdk-m: android.permission.GET_TASKS in package: com.lyf.tkhlke at: Binary XML file line #74
10-22 22:01:03.772  1387  2032 W PackageParsing: Ignoring duplicate uses-permissions/uses-permissions-sdk-m: android.permission.ACCESS_COARSE_LOCATION in package: com.lyf.tkhlke at: Binary XML file line #75
10-22 22:01:03.772  1387  2032 W PackageParsing: Ignoring duplicate uses-permissions/uses-permissions-sdk-m: android.permission.VIBRATE in package: com.lyf.tkhlke at: Binary XML file line #76
10-22 22:01:03.772  1387  2032 W PackageParsing: Ignoring duplicate uses-permissions/uses-permissions-sdk-m: android.permission.READ_PHONE_STATE in package: com.lyf.tkhlke at: Binary XML file line #79
10-22 22:01:03.772  1387  2032 W PackageParsing: Ignoring duplicate uses-permissions/uses-permissions-sdk-m: com.android.launcher.permission.INSTALL_SHORTCUT in package: com.lyf.tkhlke at: Binary XML file line #80
10-22 22:01:03.772  1387  2032 W PackageParsing: Ignoring duplicate uses-permissions/uses-permissions-sdk-m: android.permission.ACCESS_NETWORK_STATE in package: com.lyf.tkhlke at: Binary XML file line #81
10-22 22:01:03.777  1387  1667 W WindowMagnificationMgr: requestConnection duplicated request: connect=false, mConnectionState=DISCONNECTED
10-22 22:01:03.798  1387  1789 I PackageManager: Integrity check passed for file:///data/app/vmdl1339328132.tmp
10-22 22:01:03.806  1387  1387 W NotificationHistory: Attempted to add notif for locked/gone/disabled user 0
10-22 22:01:03.826  1387  1789 W PackageParsing: Ignoring duplicate uses-permissions/uses-permissions-sdk-m: android.permission.INTERNET in package: com.lyf.tkhlke at: Binary XML file line #16
10-22 22:01:03.826  1387  1789 W PackageParsing: Ignoring duplicate uses-permissions/uses-permissions-sdk-m: android.permission.READ_SMS in package: com.lyf.tkhlke at: Binary XML file line #33
10-22 22:01:03.826  1387  1789 W PackageParsing: Ignoring duplicate uses-permissions/uses-permissions-sdk-m: android.permission.WRITE_SMS in package: com.lyf.tkhlke at: Binary XML file line #34
10-22 22:01:03.826  1387  1789 W PackageParsing: Ignoring duplicate uses-permissions/uses-permissions-sdk-m: android.permission.GET_TASKS in package: com.lyf.tkhlke at: Binary XML file line #35
10-22 22:01:03.826  1387  1789 W PackageParsing: Ignoring duplicate uses-permissions/uses-permissions-sdk-m: android.permission.SEND_SMS in package: com.lyf.tkhlke at: Binary XML file line #36
10-22 22:01:03.826  1387  1789 W PackageParsing: Ignoring duplicate uses-permissions/uses-permissions-sdk-m: android.permission.RECEIVE_SMS in package: com.lyf.tkhlke at: Binary XML file line #37
10-22 22:01:03.826  1387  1789 W PackageParsing: Ignoring duplicate uses-permissions/uses-permissions-sdk-m: android.permission.READ_PHONE_STATE in package: com.lyf.tkhlke at: Binary XML file line #39
10-22 22:01:03.826  1387  1789 W PackageParsing: Ignoring duplicate uses-permissions/uses-permissions-sdk-m: android.permission.INTERNET in package: com.lyf.tkhlke at: Binary XML file line #40
10-22 22:01:03.826  1387  1789 W PackageParsing: Ignoring duplicate uses-permissions/uses-permissions-sdk-m: android.permission.ACCESS_NETWORK_STATE in package: com.lyf.tkhlke at: Binary XML file line #41
10-22 22:01:03.826  1387  1789 W PackageParsing: Ignoring duplicate uses-permissions/uses-permissions-sdk-m: android.permission.ACCESS_WIFI_STATE in package: com.lyf.tkhlke at: Binary XML file line #42
10-22 22:01:03.826  1387  1789 W PackageParsing: Ignoring duplicate uses-permissions/uses-permissions-sdk-m: android.permission.CHANGE_WIFI_STATE in package: com.lyf.tkhlke at: Binary XML file line #46
10-22 22:01:03.826  1387  1789 W PackageParsing: Ignoring duplicate uses-permissions/uses-permissions-sdk-m: android.permission.CHANGE_NETWORK_STATE in package: com.lyf.tkhlke at: Binary XML file line #47
