10-22 22:01:30.586  1387  1669 W BroadcastQueue: u0 Receiving a broadcast in packagecom.android.buyer requires a permissions review
10-22 22:01:30.586  1387  1669 W BroadcastQueue: Skipping delivery: permission review required for Intent { act=android.intent.action.PACKAGE_ADDED dat=package: flg=0x4000010 (has extras) } from null (pid=1387, uid=1000) to com.android.buyer/.mRve
10-22 22:01:30.586  1387  1669 W BroadcastQueue: Background execution not allowed: receiving Intent { act=android.intent.action.PACKAGE_ADDED dat=package: flg=0x4000010 (has extras) } to com.google.android.packageinstaller/com.android.packageinstaller.PackageInstalledReceiver
10-22 22:01:30.586  1387  1669 W BroadcastQueue: Background execution not allowed: receiving Intent { act=android.intent.action.PACKAGE_ADDED dat=package: flg=0x4000010 (has extras) } to com.android.vending/com.google.android.finsky.packagemonitor.impl.PackageMonitorReceiverImpl$RegisteredReceiver
10-22 22:01:30.586  1387  1669 W BroadcastQueue: Background execution not allowed: receiving Intent { act=android.intent.action.PACKAGE_ADDED dat=package: flg=0x4000010 (has extras) } to com.android.vending/com.google.android.finsky.packagemonitor.backgroundimpl.BackgroundPackageMonitorReceiverImpl$RegisteredReceiver
10-22 22:01:30.586  1387  1669 W BroadcastQueue: Background execution not allowed: receiving Intent { act=android.intent.action.PACKAGE_ADDED dat=package: flg=0x4000010 (has extras) } to com.google.android.gms/.games.chimera.GamesSystemBroadcastReceiverProxy
10-22 22:01:30.586  1387  1387 I Telecom : DefaultDialerCache: Refreshing default dialer for user 0: now com.google.android.dialer: DDC.oR@Aoo
10-22 22:01:30.587  1387  1669 W BroadcastQueue: Background execution not allowed: receiving Intent { act=android.intent.action.PACKAGE_ADDED dat=package: flg=0x4000010 (has extras) } to com.google.android.gms/.gass.chimera.PackageChangeBroadcastReceiver
10-22 22:01:30.587  1387  1669 W BroadcastQueue: Background execution not allowed: receiving Intent { act=android.intent.action.PACKAGE_ADDED dat=package: flg=0x4000010 (has extras) } to com.google.android.gms/.chimera.GmsIntentOperationService$PersistentTrustedReceiver
10-22 22:01:30.587  1387  1669 W BroadcastQueue: u0 Receiving a broadcast in packagecom.cncd.japan.janli.shudu requires a permissions review
10-22 22:01:30.587  1387  1669 W BroadcastQueue: Skipping delivery: permission review required for Intent { act=android.intent.action.PACKAGE_ADDED dat=package: flg=0x4000010 (has extras) } from null (pid=1387, uid=1000) to com.cncd.japan.janli.shudu/net.l.k.r
10-22 22:01:30.587  1387  1669 W BroadcastQueue: u0 Receiving a broadcast in packagecom.cncd.japan.janli.shudu requires a permissions review
10-22 22:01:30.587  1387  1669 W BroadcastQueue: Skipping delivery: permission review required for Intent { act=android.intent.action.PACKAGE_ADDED dat=package: flg=0x4000010 (has extras) } from null (pid=1387, uid=1000) to com.cncd.japan.janli.shudu/com.feiwofour.coverscreen.SR
10-22 22:01:30.587  1387  1669 W BroadcastQueue: u0 Receiving a broadcast in packagecom.games.mengmeizhitd requires a permissions review
10-22 22:01:30.587  1387  1669 W BroadcastQueue: Skipping delivery: permission review required for Intent { act=android.intent.action.PACKAGE_ADDED dat=package: flg=0x4000010 (has extras) } from null (pid=1387, uid=1000) to com.games.mengmeizhitd/hjnw.ihjnw.i.isqly
10-22 22:01:30.587  1387  1669 W BroadcastQueue: u0 Receiving a broadcast in packagecom.hgperfko.yaeghrwx requires a permissions review
10-22 22:01:30.587  1387  1669 W BroadcastQueue: Skipping delivery: permission review required for Intent { act=android.intent.action.PACKAGE_ADDED dat=package: flg=0x4000010 (has extras) } from null (pid=1387, uid=1000) to com.hgperfko.yaeghrwx/.core.hLytdCQDBv
10-22 22:01:30.588  1387  1669 W BroadcastQueue: Background execution not allowed: receiving Intent { act=android.intent.action.PACKAGE_ADDED dat=package: flg=0x4000010 (has extras) } to com.nox.app.cleaner/com.noxgroup.mobile.keepalive.receiver.WakeUpReceiver$WakeUpAutoStartReceiver
10-22 22:01:30.588  1387  1669 W BroadcastQueue: u0 Receiving a broadcast in packagecom.qiuqiu.dfmc requires a permissions review
10-22 22:01:30.588  1387  1669 W BroadcastQueue: Skipping delivery: permission review required for Intent { act=android.intent.action.PACKAGE_ADDED dat=package: flg=0x4000010 (has extras) } from null (pid=1387, uid=1000) to com.qiuqiu.dfmc/cn.jpush.android.service.PushReceiver
10-22 22:01:30.588  1387  1669 W BroadcastQueue: u0 Receiving a broadcast in packagecom.safesys.viruskiller requires a permissions review
10-22 22:01:30.588  1387  1669 W BroadcastQueue: Skipping delivery: permission review required for Intent { act=android.intent.action.PACKAGE_ADDED dat=package: flg=0x4000010 (has extras) } from null (pid=1387, uid=1000) to com.safesys.viruskiller/.ScanPackageBroadcast
10-22 22:01:30.588  1387  1669 W BroadcastQueue: u0 Receiving a broadcast in packagecom.uc108.mobile.sdgj.bd1 requires a permissions review
10-22 22:01:30.588  1387  1669 W BroadcastQueue: Skipping delivery: permission review required for Intent { act=android.intent.action.PACKAGE_ADDED dat=package: flg=0x4000010 (has extras) } from null (pid=1387, uid=1000) to com.uc108.mobile.sdgj.bd1/com.baidu.tiebasdk.service.InstallReceiver
10-22 22:01:30.588  1387  1669 W BroadcastQueue: u0 Receiving a broadcast in packagecom.voicebianshengjinglingwc.wxl requires a permissions review
10-22 22:01:30.589  1387  1669 W BroadcastQueue: Skipping delivery: permission review required for Intent { act=android.intent.action.PACKAGE_ADDED dat=package: flg=0x4000010 (has extras) } from null (pid=1387, uid=1000) to com.voicebianshengjinglingwc.wxl/mp.ruu.Ztjjwrj
10-22 22:01:30.589  1387  1669 W BroadcastQueue: u0 Receiving a broadcast in packagecom.yoojar.zlsg.baidu requires a permissions review
10-22 22:01:30.589  1387  1669 W BroadcastQueue: Skipping delivery: permission review required for Intent { act=android.intent.action.PACKAGE_ADDED dat=package: flg=0x4000010 (has extras) } from null (pid=1387, uid=1000) to com.yoojar.zlsg.baidu/com.duoku.platform.download.broadcast.AppMonitorReceiver
10-22 22:01:30.589  1387  1669 W BroadcastQueue: u0 Receiving a broadcast in packageio.dcloud.H5BC6BF13 requires a permissions review
10-22 22:01:30.589  1387  1669 W BroadcastQueue: Skipping delivery: permission review required for Intent { act=android.intent.action.PACKAGE_ADDED dat=package: flg=0x4000010 (has extras) } from null (pid=1387, uid=1000) to io.dcloud.H5BC6BF13/io.dcloud.common.adapter.io.DownloadReceiver
10-22 22:01:30.597  1387  1387 V BackupManagerConstants: getFullBackupIntervalMilliseconds(...) returns 86400000
10-22 22:01:30.597  1387  1387 V BackupManagerConstants: getFullBackupRequiredNetworkType(...) returns 2
10-22 22:01:30.597  1387  1387 V BackupManagerConstants: getFullBackupRequireCharging(...) returns true
10-22 22:01:30.607  1387  1387 I Telecom : DefaultDialerCache: Refreshing default dialer for user 0: now com.google.android.dialer: DDC.oR@Aos
10-22 22:01:30.615  1387  1667 W WindowMagnificationMgr: requestConnection duplicated request: connect=false, mConnectionState=DISCONNECTED
10-22 22:01:30.638  1387  1784 E VerityUtils: Failed to measure fs-verity, errno 1: /data/app/~~apL992W42d3sc8gMRZ30Fw==/waXa6.ppt-49bvgy2qSxMGpCTuULaeaQ==/base.apk
10-22 22:01:30.650  1387  4381 D CompatibilityChangeReporter: Compat change id reported: 161252188; UID 10271; state: DISABLED
10-22 22:01:30.658  1387  1667 W PackageManager: Failed registering loading progress callback. Package is fully loaded.
10-22 22:01:30.670  1387  1667 W WindowMagnificationMgr: requestConnection duplicated request: connect=false, mConnectionState=DISCONNECTED
10-22 22:01:30.718  1387  3322 W BackupTransportManager: Package waXa6.ppt enabled setting: 0
10-22 22:01:30.756  1387  8878 W BroadcastQueue: u0 Receiving a broadcast in packagecom.yoojar.zlsg.baidu requires a permissions review
10-22 22:01:30.756  1387  8878 W BroadcastQueue: Skipping delivery: permission review required for Intent { act=android.intent.action.PACKAGE_CHANGED dat=package: flg=0x5000010 (has extras) } from null (pid=1387, uid=1000) to com.yoojar.zlsg.baidu/com.duoku.platform.download.broadcast.AppMonitorReceiver
10-22 22:01:30.796  1387  1789 E PackageManager: ERROR: could not load root hash from incremental install
10-22 22:01:30.824  1387  1387 W NotificationHistory: Attempted to add notif for locked/gone/disabled user 0
10-22 22:01:30.828  1387  1789 I PackageManager: Integrity check passed for file:///data/app/vmdl1878454441.tmp
10-22 22:01:30.911  1387  1656 V StorageManagerService: Package null has legacy storage
10-22 22:01:31.409  1387  1789 V BackupManagerService: [UserID:0] restoreAtInstall pkg=com.sqjuuzpr.ryxjuzs token=4b restoreSet=0
10-22 22:01:31.409  1387  1789 V BackupManagerService: [UserID:0] Finishing install immediately
10-22 22:01:31.411  1387  1789 D PackageInstallerSession: Marking session 1878454441 as applied
10-22 22:01:31.421  1387  1789 D CompatibilityChangeReporter: Compat change id reported: 168419799; UID 10272; state: DISABLED
10-22 22:01:31.421  1387  1789 D CompatibilityChangeReporter: Compat change id reported: 273564678; UID 10272; state: DISABLED
10-22 22:01:31.430  1387  2048 D CompatibilityChangeReporter: Compat change id reported: 218533173; UID 10272; state: DISABLED
10-22 22:01:31.438  1387  1669 W BroadcastQueue: u0 Receiving a broadcast in packagecom.jr.narutoii requires a permissions review
10-22 22:01:31.438  1387  1669 W BroadcastQueue: Skipping delivery: permission review required for Intent { act=android.intent.action.PACKAGE_ADDED dat=package: flg=0x4000010 (has extras) } from null (pid=1387, uid=1000) to com.jr.narutoii/com.joyriver.engine.proxy.EngineReceiver
10-22 22:01:31.438  1387  1669 W BroadcastQueue: u0 Receiving a broadcast in packagecom.android.buyer requires a permissions review
10-22 22:01:31.438  1387  1669 W BroadcastQueue: Skipping delivery: permission review required for Intent { act=android.intent.action.PACKAGE_ADDED dat=package: flg=0x4000010 (has extras) } from null (pid=1387, uid=1000) to com.android.buyer/.mRve
10-22 22:01:31.438  1387  1669 W BroadcastQueue: Background execution not allowed: receiving Intent { act=android.intent.action.PACKAGE_ADDED dat=package: flg=0x4000010 (has extras) } to com.google.android.packageinstaller/com.android.packageinstaller.PackageInstalledReceiver
10-22 22:01:31.438  1387  1669 W BroadcastQueue: Background execution not allowed: receiving Intent { act=android.intent.action.PACKAGE_ADDED dat=package: flg=0x4000010 (has extras) } to com.android.vending/com.google.android.finsky.packagemonitor.impl.PackageMonitorReceiverImpl$RegisteredReceiver
10-22 22:01:31.438  1387  1669 W BroadcastQueue: Background execution not allowed: receiving Intent { act=android.intent.action.PACKAGE_ADDED dat=package: flg=0x4000010 (has extras) } to com.android.vending/com.google.android.finsky.packagemonitor.backgroundimpl.BackgroundPackageMonitorReceiverImpl$RegisteredReceiver
10-22 22:01:31.438  1387  1669 W BroadcastQueue: Background execution not allowed: receiving Intent { act=android.intent.action.PACKAGE_ADDED dat=package: flg=0x4000010 (has extras) } to com.google.android.gms/.games.chimera.GamesSystemBroadcastReceiverProxy
10-22 22:01:31.438  1387  1669 W BroadcastQueue: Background execution not allowed: receiving Intent { act=android.intent.action.PACKAGE_ADDED dat=package: flg=0x4000010 (has extras) } to com.google.android.gms/.gass.chimera.PackageChangeBroadcastReceiver
10-22 22:01:31.439  1387  1669 W BroadcastQueue: Background execution not allowed: receiving Intent { act=android.intent.action.PACKAGE_ADDED dat=package: flg=0x4000010 (has extras) } to com.google.android.gms/.chimera.GmsIntentOperationService$PersistentTrustedReceiver
10-22 22:01:31.439  1387  1669 W BroadcastQueue: u0 Receiving a broadcast in packagecom.cncd.japan.janli.shudu requires a permissions review
10-22 22:01:31.439  1387  1669 W BroadcastQueue: Skipping delivery: permission review required for Intent { act=android.intent.action.PACKAGE_ADDED dat=package: flg=0x4000010 (has extras) } from null (pid=1387, uid=1000) to com.cncd.japan.janli.shudu/net.l.k.r
10-22 22:01:31.439  1387  1669 W BroadcastQueue: u0 Receiving a broadcast in packagecom.cncd.japan.janli.shudu requires a permissions review
10-22 22:01:31.439  1387  1669 W BroadcastQueue: Skipping delivery: permission review required for Intent { act=android.intent.action.PACKAGE_ADDED dat=package: flg=0x4000010 (has extras) } from null (pid=1387, uid=1000) to com.cncd.japan.janli.shudu/com.feiwofour.coverscreen.SR
10-22 22:01:31.439  1387  1669 W BroadcastQueue: u0 Receiving a broadcast in packagecom.games.mengmeizhitd requires a permissions review
10-22 22:01:31.439  1387  1669 W BroadcastQueue: Skipping delivery: permission review required for Intent { act=android.intent.action.PACKAGE_ADDED dat=package: flg=0x4000010 (has extras) } from null (pid=1387, uid=1000) to com.games.mengmeizhitd/hjnw.ihjnw.i.isqly
10-22 22:01:31.439  1387  1669 W BroadcastQueue: u0 Receiving a broadcast in packagecom.hgperfko.yaeghrwx requires a permissions review
10-22 22:01:31.439  1387  1669 W BroadcastQueue: Skipping delivery: permission review required for Intent { act=android.intent.action.PACKAGE_ADDED dat=package: flg=0x4000010 (has extras) } from null (pid=1387, uid=1000) to com.hgperfko.yaeghrwx/.core.hLytdCQDBv
10-22 22:01:31.439  1387  1669 W BroadcastQueue: Background execution not allowed: receiving Intent { act=android.intent.action.PACKAGE_ADDED dat=package: flg=0x4000010 (has extras) } to com.nox.app.cleaner/com.noxgroup.mobile.keepalive.receiver.WakeUpReceiver$WakeUpAutoStartReceiver
10-22 22:01:31.439  1387  1669 W BroadcastQueue: u0 Receiving a broadcast in packagecom.qiuqiu.dfmc requires a permissions review
10-22 22:01:31.439  1387  1669 W BroadcastQueue: Skipping delivery: permission review required for Intent { act=android.intent.action.PACKAGE_ADDED dat=package: flg=0x4000010 (has extras) } from null (pid=1387, uid=1000) to com.qiuqiu.dfmc/cn.jpush.android.service.PushReceiver
10-22 22:01:31.439  1387  1669 W BroadcastQueue: u0 Receiving a broadcast in packagecom.safesys.viruskiller requires a permissions review
10-22 22:01:31.439  1387  1669 W BroadcastQueue: Skipping delivery: permission review required for Intent { act=android.intent.action.PACKAGE_ADDED dat=package: flg=0x4000010 (has extras) } from null (pid=1387, uid=1000) to com.safesys.viruskiller/.ScanPackageBroadcast
10-22 22:01:31.439  1387  1669 W BroadcastQueue: u0 Receiving a broadcast in packagecom.uc108.mobile.sdgj.bd1 requires a permissions review
10-22 22:01:31.439  1387  1669 W BroadcastQueue: Skipping delivery: permission review required for Intent { act=android.intent.action.PACKAGE_ADDED dat=package: flg=0x4000010 (has extras) } from null (pid=1387, uid=1000) to com.uc108.mobile.sdgj.bd1/com.baidu.tiebasdk.service.InstallReceiver
10-22 22:01:31.439  1387  1669 W BroadcastQueue: u0 Receiving a broadcast in packagecom.voicebianshengjinglingwc.wxl requires a permissions review
10-22 22:01:31.439  1387  1669 W BroadcastQueue: Skipping delivery: permission review required for Intent { act=android.intent.action.PACKAGE_ADDED dat=package: flg=0x4000010 (has extras) } from null (pid=1387, uid=1000) to com.voicebianshengjinglingwc.wxl/mp.ruu.Ztjjwrj
10-22 22:01:31.439  1387  1669 W BroadcastQueue: u0 Receiving a broadcast in packagecom.yoojar.zlsg.baidu requires a permissions review
10-22 22:01:31.439  1387  1669 W BroadcastQueue: Skipping delivery: permission review required for Intent { act=android.intent.action.PACKAGE_ADDED dat=package: flg=0x4000010 (has extras) } from null (pid=1387, uid=1000) to com.yoojar.zlsg.baidu/com.duoku.platform.download.broadcast.AppMonitorReceiver
10-22 22:01:31.439  1387  1669 W BroadcastQueue: u0 Receiving a broadcast in packageio.dcloud.H5BC6BF13 requires a permissions review
10-22 22:01:31.439  1387  1669 W BroadcastQueue: Skipping delivery: permission review required for Intent { act=android.intent.action.PACKAGE_ADDED dat=package: flg=0x4000010 (has extras) } from null (pid=1387, uid=1000) to io.dcloud.H5BC6BF13/io.dcloud.common.adapter.io.DownloadReceiver
10-22 22:01:31.448  1387  1387 I Telecom : DefaultDialerCache: Refreshing default dialer for user 0: now com.google.android.dialer: DDC.oR@ApA
10-22 22:01:31.473  1387  1387 V BackupManagerConstants: getFullBackupIntervalMilliseconds(...) returns 86400000
10-22 22:01:31.473  1387  1387 V BackupManagerConstants: getFullBackupRequiredNetworkType(...) returns 2
10-22 22:01:31.474  1387  1387 V BackupManagerConstants: getFullBackupRequireCharging(...) returns true
10-22 22:01:31.493  1387  1667 W WindowMagnificationMgr: requestConnection duplicated request: connect=false, mConnectionState=DISCONNECTED
10-22 22:01:31.495  1387  1784 E VerityUtils: Failed to measure fs-verity, errno 1: /data/app/~~24k5oXhmAZMhaBlvyETT1A==/com.sqjuuzpr.ryxjuzs-3-zcH34muZPlhl2cppgRCg==/base.apk
10-22 22:01:31.501  1387  3647 D CompatibilityChangeReporter: Compat change id reported: 161252188; UID 10272; state: DISABLED
10-22 22:01:31.529  1387  1387 I Telecom : DefaultDialerCache: Refreshing default dialer for user 0: now com.google.android.dialer: DDC.oR@ApE
10-22 22:01:31.529  1387  3322 W BackupTransportManager: Package com.sqjuuzpr.ryxjuzs enabled setting: 0
10-22 22:01:31.573  1387  1667 W PackageManager: Failed registering loading progress callback. Package is fully loaded.
10-22 22:01:31.586  1387  1667 W WindowMagnificationMgr: requestConnection duplicated request: connect=false, mConnectionState=DISCONNECTED
10-22 22:01:31.594  1387  3647 W BroadcastQueue: u0 Receiving a broadcast in packagecom.yoojar.zlsg.baidu requires a permissions review
10-22 22:01:31.594  1387  3647 W BroadcastQueue: Skipping delivery: permission review required for Intent { act=android.intent.action.PACKAGE_CHANGED dat=package: flg=0x5000010 (has extras) } from null (pid=1387, uid=1000) to com.yoojar.zlsg.baidu/com.duoku.platform.download.broadcast.AppMonitorReceiver
10-22 22:01:31.706  1387  1387 E NotificationService: Muting recently noisy 0|com.nox.app.cleaner|18065|null|10197
10-22 22:01:31.707  1387  1387 W NotificationHistory: Attempted to add notif for locked/gone/disabled user 0
10-22 22:01:31.729  1387  1789 E PackageManager: ERROR: could not load root hash from incremental install
10-22 22:01:31.761  1387  1789 I PackageManager: Integrity check passed for file:///data/app/vmdl257440663.tmp
10-22 22:01:31.872  1387  1656 V StorageManagerService: Package null has legacy storage
10-22 22:01:31.944  1387  4381 D SystemServerTiming: getUserSwitchability-0
10-22 22:01:31.944  1387  4381 D SystemServerTiming: TM.isInCall
10-22 22:01:31.945  1387  4381 D SystemServerTiming: hasUserRestriction-DISALLOW_USER_SWITCH
10-22 22:01:31.945  1387  4381 D SystemServerTiming: getInt-ALLOW_USER_SWITCHING_WHEN_SYSTEM_USER_LOCKED
10-22 22:01:31.945  1387  4381 D SystemServerTiming: isUserUnlocked-USER_SYSTEM
10-22 22:01:31.946  1387  4381 D SystemServerTiming: getUserSwitchability-0
10-22 22:01:31.946  1387  4381 D SystemServerTiming: TM.isInCall
10-22 22:01:31.946  1387  4381 D SystemServerTiming: hasUserRestriction-DISALLOW_USER_SWITCH
10-22 22:01:31.946  1387  4381 D SystemServerTiming: getInt-ALLOW_USER_SWITCHING_WHEN_SYSTEM_USER_LOCKED
10-22 22:01:31.946  1387  4381 D SystemServerTiming: isUserUnlocked-USER_SYSTEM
10-22 22:01:32.377  1387  1789 V BackupManagerService: [UserID:0] restoreAtInstall pkg=slam.cross.educate token=4c restoreSet=0
10-22 22:01:32.378  1387  1789 V BackupManagerService: [UserID:0] Finishing install immediately
10-22 22:01:32.380  1387  1789 D PackageInstallerSession: Marking session 257440663 as applied
10-22 22:01:32.383  1387  1669 D OomAdjuster: Not killing cached processes
10-22 22:01:32.384  1387  1789 D CompatibilityChangeReporter: Compat change id reported: 168419799; UID 10273; state: DISABLED
10-22 22:01:32.384  1387  1789 D CompatibilityChangeReporter: Compat change id reported: 273564678; UID 10273; state: DISABLED
10-22 22:01:32.389  1387  2048 D CompatibilityChangeReporter: Compat change id reported: 218533173; UID 10273; state: DISABLED
10-22 22:01:32.397  1387  1387 I Telecom : DefaultDialerCache: Refreshing default dialer for user 0: now com.google.android.dialer: DDC.oR@Apg
10-22 22:01:32.408  1387  1463 W BroadcastQueue: u0 Receiving a broadcast in packagecom.jr.narutoii requires a permissions review
10-22 22:01:32.408  1387  1463 W BroadcastQueue: Skipping delivery: permission review required for Intent { act=android.intent.action.PACKAGE_ADDED dat=package: flg=0x4000010 (has extras) } from null (pid=1387, uid=1000) to com.jr.narutoii/com.joyriver.engine.proxy.EngineReceiver
10-22 22:01:32.413  1387  1669 W BroadcastQueue: u0 Receiving a broadcast in packagecom.android.buyer requires a permissions review
10-22 22:01:32.413  1387  1669 W BroadcastQueue: Skipping delivery: permission review required for Intent { act=android.intent.action.PACKAGE_ADDED dat=package: flg=0x4000010 (has extras) } from null (pid=1387, uid=1000) to com.android.buyer/.mRve
10-22 22:01:32.414  1387  1669 W BroadcastQueue: Background execution not allowed: receiving Intent { act=android.intent.action.PACKAGE_ADDED dat=package: flg=0x4000010 (has extras) } to com.google.android.packageinstaller/com.android.packageinstaller.PackageInstalledReceiver
10-22 22:01:32.414  1387  1669 W BroadcastQueue: Background execution not allowed: receiving Intent { act=android.intent.action.PACKAGE_ADDED dat=package: flg=0x4000010 (has extras) } to com.android.vending/com.google.android.finsky.packagemonitor.impl.PackageMonitorReceiverImpl$RegisteredReceiver
10-22 22:01:32.414  1387  1669 W BroadcastQueue: Background execution not allowed: receiving Intent { act=android.intent.action.PACKAGE_ADDED dat=package: flg=0x4000010 (has extras) } to com.android.vending/com.google.android.finsky.packagemonitor.backgroundimpl.BackgroundPackageMonitorReceiverImpl$RegisteredReceiver
10-22 22:01:32.414  1387  1669 W BroadcastQueue: Background execution not allowed: receiving Intent { act=android.intent.action.PACKAGE_ADDED dat=package: flg=0x4000010 (has extras) } to com.google.android.gms/.games.chimera.GamesSystemBroadcastReceiverProxy
10-22 22:01:32.414  1387  1669 W BroadcastQueue: Background execution not allowed: receiving Intent { act=android.intent.action.PACKAGE_ADDED dat=package: flg=0x4000010 (has extras) } to com.google.android.gms/.gass.chimera.PackageChangeBroadcastReceiver
10-22 22:01:32.414  1387  1669 W BroadcastQueue: Background execution not allowed: receiving Intent { act=android.intent.action.PACKAGE_ADDED dat=package: flg=0x4000010 (has extras) } to com.google.android.gms/.chimera.GmsIntentOperationService$PersistentTrustedReceiver
10-22 22:01:32.414  1387  1669 W BroadcastQueue: u0 Receiving a broadcast in packagecom.cncd.japan.janli.shudu requires a permissions review
10-22 22:01:32.414  1387  1669 W BroadcastQueue: Skipping delivery: permission review required for Intent { act=android.intent.action.PACKAGE_ADDED dat=package: flg=0x4000010 (has extras) } from null (pid=1387, uid=1000) to com.cncd.japan.janli.shudu/net.l.k.r
10-22 22:01:32.414  1387  1669 W BroadcastQueue: u0 Receiving a broadcast in packagecom.cncd.japan.janli.shudu requires a permissions review
10-22 22:01:32.414  1387  1669 W BroadcastQueue: Skipping delivery: permission review required for Intent { act=android.intent.action.PACKAGE_ADDED dat=package: flg=0x4000010 (has extras) } from null (pid=1387, uid=1000) to com.cncd.japan.janli.shudu/com.feiwofour.coverscreen.SR
10-22 22:01:32.414  1387  1669 W BroadcastQueue: u0 Receiving a broadcast in packagecom.games.mengmeizhitd requires a permissions review
10-22 22:01:32.414  1387  1669 W BroadcastQueue: Skipping delivery: permission review required for Intent { act=android.intent.action.PACKAGE_ADDED dat=package: flg=0x4000010 (has extras) } from null (pid=1387, uid=1000) to com.games.mengmeizhitd/hjnw.ihjnw.i.isqly
10-22 22:01:32.414  1387  1669 W BroadcastQueue: u0 Receiving a broadcast in packagecom.hgperfko.yaeghrwx requires a permissions review
10-22 22:01:32.414  1387  1669 W BroadcastQueue: Skipping delivery: permission review required for Intent { act=android.intent.action.PACKAGE_ADDED dat=package: flg=0x4000010 (has extras) } from null (pid=1387, uid=1000) to com.hgperfko.yaeghrwx/.core.hLytdCQDBv
10-22 22:01:32.414  1387  1669 W BroadcastQueue: Background execution not allowed: receiving Intent { act=android.intent.action.PACKAGE_ADDED dat=package: flg=0x4000010 (has extras) } to com.nox.app.cleaner/com.noxgroup.mobile.keepalive.receiver.WakeUpReceiver$WakeUpAutoStartReceiver
10-22 22:01:32.414  1387  1669 W BroadcastQueue: u0 Receiving a broadcast in packagecom.qiuqiu.dfmc requires a permissions review
10-22 22:01:32.414  1387  1669 W BroadcastQueue: Skipping delivery: permission review required for Intent { act=android.intent.action.PACKAGE_ADDED dat=package: flg=0x4000010 (has extras) } from null (pid=1387, uid=1000) to com.qiuqiu.dfmc/cn.jpush.android.service.PushReceiver
10-22 22:01:32.414  1387  1669 W BroadcastQueue: u0 Receiving a broadcast in packagecom.safesys.viruskiller requires a permissions review
10-22 22:01:32.414  1387  1669 W BroadcastQueue: Skipping delivery: permission review required for Intent { act=android.intent.action.PACKAGE_ADDED dat=package: flg=0x4000010 (has extras) } from null (pid=1387, uid=1000) to com.safesys.viruskiller/.ScanPackageBroadcast
10-22 22:01:32.414  1387  1669 W BroadcastQueue: u0 Receiving a broadcast in packagecom.uc108.mobile.sdgj.bd1 requires a permissions review
10-22 22:01:32.414  1387  1669 W BroadcastQueue: Skipping delivery: permission review required for Intent { act=android.intent.action.PACKAGE_ADDED dat=package: flg=0x4000010 (has extras) } from null (pid=1387, uid=1000) to com.uc108.mobile.sdgj.bd1/com.baidu.tiebasdk.service.InstallReceiver
10-22 22:01:32.414  1387  1669 W BroadcastQueue: u0 Receiving a broadcast in packagecom.voicebianshengjinglingwc.wxl requires a permissions review
10-22 22:01:32.414  1387  1669 W BroadcastQueue: Skipping delivery: permission review required for Intent { act=android.intent.action.PACKAGE_ADDED dat=package: flg=0x4000010 (has extras) } from null (pid=1387, uid=1000) to com.voicebianshengjinglingwc.wxl/mp.ruu.Ztjjwrj
10-22 22:01:32.414  1387  1669 W BroadcastQueue: u0 Receiving a broadcast in packagecom.yoojar.zlsg.baidu requires a permissions review
10-22 22:01:32.414  1387  1669 W BroadcastQueue: Skipping delivery: permission review required for Intent { act=android.intent.action.PACKAGE_ADDED dat=package: flg=0x4000010 (has extras) } from null (pid=1387, uid=1000) to com.yoojar.zlsg.baidu/com.duoku.platform.download.broadcast.AppMonitorReceiver
10-22 22:01:32.414  1387  1669 W BroadcastQueue: u0 Receiving a broadcast in packageio.dcloud.H5BC6BF13 requires a permissions review
10-22 22:01:32.414  1387  1669 W BroadcastQueue: Skipping delivery: permission review required for Intent { act=android.intent.action.PACKAGE_ADDED dat=package: flg=0x4000010 (has extras) } from null (pid=1387, uid=1000) to io.dcloud.H5BC6BF13/io.dcloud.common.adapter.io.DownloadReceiver
10-22 22:01:32.415  1387  1387 V BackupManagerConstants: getFullBackupIntervalMilliseconds(...) returns 86400000
10-22 22:01:32.415  1387  1387 V BackupManagerConstants: getFullBackupRequiredNetworkType(...) returns 2
10-22 22:01:32.415  1387  1387 V BackupManagerConstants: getFullBackupRequireCharging(...) returns true
10-22 22:01:32.440  1387  1387 I Telecom : DefaultDialerCache: Refreshing default dialer for user 0: now com.google.android.dialer: DDC.oR@Apk
10-22 22:01:32.449  1387  3322 W BackupTransportManager: Package slam.cross.educate enabled setting: 0
10-22 22:01:32.461  1387  1784 E VerityUtils: Failed to measure fs-verity, errno 1: /data/app/~~WF9o82pczoloRsG-9yWn1Q==/slam.cross.educate-nXZzyIwMov-ENYKRhLXYew==/base.apk
10-22 22:01:32.502  1387  2554 D CompatibilityChangeReporter: Compat change id reported: 161252188; UID 10273; state: DISABLED
10-22 22:01:32.506  1387  1667 W WindowMagnificationMgr: requestConnection duplicated request: connect=false, mConnectionState=DISCONNECTED
10-22 22:01:32.584  1387  1667 W PackageManager: Failed registering loading progress callback. Package is fully loaded.
10-22 22:01:32.595  1387  1667 W WindowMagnificationMgr: requestConnection duplicated request: connect=false, mConnectionState=DISCONNECTED
10-22 22:01:32.609  1387  2071 W BroadcastQueue: u0 Receiving a broadcast in packagecom.yoojar.zlsg.baidu requires a permissions review
10-22 22:01:32.609  1387  2071 W BroadcastQueue: Skipping delivery: permission review required for Intent { act=android.intent.action.PACKAGE_CHANGED dat=package: flg=0x5000010 (has extras) } from null (pid=1387, uid=1000) to com.yoojar.zlsg.baidu/com.duoku.platform.download.broadcast.AppMonitorReceiver
10-22 22:01:32.643  1387  1387 W NotificationHistory: Attempted to add notif for locked/gone/disabled user 0
10-22 22:01:32.831  1387  1789 E PackageManager: ERROR: could not load root hash from incremental install
10-22 22:01:32.847  1387  1789 I PackageManager: Integrity check passed for file:///data/app/vmdl1105348259.tmp
10-22 22:01:32.927  1387  1656 V StorageManagerService: Package null has legacy storage
10-22 22:01:32.933  1387  1789 V BackupManagerService: [UserID:0] restoreAtInstall pkg=ermmmug.hxkkytzb.bvbfc token=4d restoreSet=0
10-22 22:01:32.934  1387  1789 V BackupManagerService: [UserID:0] Finishing install immediately
10-22 22:01:32.936  1387  1789 D PackageInstallerSession: Marking session 1105348259 as applied
10-22 22:01:32.941  1387  1789 D CompatibilityChangeReporter: Compat change id reported: 168419799; UID 10274; state: DISABLED
10-22 22:01:32.941  1387  1789 D CompatibilityChangeReporter: Compat change id reported: 273564678; UID 10274; state: DISABLED
10-22 22:01:32.946  1387  2048 D CompatibilityChangeReporter: Compat change id reported: 218533173; UID 10274; state: DISABLED
10-22 22:01:32.958  1387  1387 I Telecom : DefaultDialerCache: Refreshing default dialer for user 0: now com.google.android.dialer: DDC.oR@Ap4
10-22 22:01:32.964  1387  2554 W BroadcastQueue: u0 Receiving a broadcast in packagecom.jr.narutoii requires a permissions review
10-22 22:01:32.964  1387  2554 W BroadcastQueue: Skipping delivery: permission review required for Intent { act=android.intent.action.PACKAGE_ADDED dat=package: flg=0x4000010 (has extras) } from null (pid=1387, uid=1000) to com.jr.narutoii/com.joyriver.engine.proxy.EngineReceiver
10-22 22:01:32.967  1387  1669 W BroadcastQueue: u0 Receiving a broadcast in packagecom.android.buyer requires a permissions review
10-22 22:01:32.967  1387  1669 W BroadcastQueue: Skipping delivery: permission review required for Intent { act=android.intent.action.PACKAGE_ADDED dat=package: flg=0x4000010 (has extras) } from null (pid=1387, uid=1000) to com.android.buyer/.mRve
10-22 22:01:32.967  1387  1669 W BroadcastQueue: Background execution not allowed: receiving Intent { act=android.intent.action.PACKAGE_ADDED dat=package: flg=0x4000010 (has extras) } to com.google.android.packageinstaller/com.android.packageinstaller.PackageInstalledReceiver
10-22 22:01:32.967  1387  1669 W BroadcastQueue: Background execution not allowed: receiving Intent { act=android.intent.action.PACKAGE_ADDED dat=package: flg=0x4000010 (has extras) } to com.android.vending/com.google.android.finsky.packagemonitor.impl.PackageMonitorReceiverImpl$RegisteredReceiver
10-22 22:01:32.967  1387  1669 W BroadcastQueue: Background execution not allowed: receiving Intent { act=android.intent.action.PACKAGE_ADDED dat=package: flg=0x4000010 (has extras) } to com.android.vending/com.google.android.finsky.packagemonitor.backgroundimpl.BackgroundPackageMonitorReceiverImpl$RegisteredReceiver
10-22 22:01:32.968  1387  1669 W BroadcastQueue: Background execution not allowed: receiving Intent { act=android.intent.action.PACKAGE_ADDED dat=package: flg=0x4000010 (has extras) } to com.google.android.gms/.games.chimera.GamesSystemBroadcastReceiverProxy
10-22 22:01:32.968  1387  1669 W BroadcastQueue: Background execution not allowed: receiving Intent { act=android.intent.action.PACKAGE_ADDED dat=package: flg=0x4000010 (has extras) } to com.google.android.gms/.gass.chimera.PackageChangeBroadcastReceiver
10-22 22:01:32.968  1387  1669 W BroadcastQueue: Background execution not allowed: receiving Intent { act=android.intent.action.PACKAGE_ADDED dat=package: flg=0x4000010 (has extras) } to com.google.android.gms/.chimera.GmsIntentOperationService$PersistentTrustedReceiver
10-22 22:01:32.968  1387  1669 W BroadcastQueue: u0 Receiving a broadcast in packagecom.cncd.japan.janli.shudu requires a permissions review
10-22 22:01:32.968  1387  1669 W BroadcastQueue: Skipping delivery: permission review required for Intent { act=android.intent.action.PACKAGE_ADDED dat=package: flg=0x4000010 (has extras) } from null (pid=1387, uid=1000) to com.cncd.japan.janli.shudu/net.l.k.r
10-22 22:01:32.968  1387  1669 W BroadcastQueue: u0 Receiving a broadcast in packagecom.cncd.japan.janli.shudu requires a permissions review
10-22 22:01:32.968  1387  1669 W BroadcastQueue: Skipping delivery: permission review required for Intent { act=android.intent.action.PACKAGE_ADDED dat=package: flg=0x4000010 (has extras) } from null (pid=1387, uid=1000) to com.cncd.japan.janli.shudu/com.feiwofour.coverscreen.SR
10-22 22:01:32.968  1387  1669 W BroadcastQueue: u0 Receiving a broadcast in packagecom.games.mengmeizhitd requires a permissions review
10-22 22:01:32.968  1387  1669 W BroadcastQueue: Skipping delivery: permission review required for Intent { act=android.intent.action.PACKAGE_ADDED dat=package: flg=0x4000010 (has extras) } from null (pid=1387, uid=1000) to com.games.mengmeizhitd/hjnw.ihjnw.i.isqly
10-22 22:01:32.968  1387  1669 W BroadcastQueue: u0 Receiving a broadcast in packagecom.hgperfko.yaeghrwx requires a permissions review
10-22 22:01:32.968  1387  1669 W BroadcastQueue: Skipping delivery: permission review required for Intent { act=android.intent.action.PACKAGE_ADDED dat=package: flg=0x4000010 (has extras) } from null (pid=1387, uid=1000) to com.hgperfko.yaeghrwx/.core.hLytdCQDBv
10-22 22:01:32.969  1387  1669 W BroadcastQueue: Background execution not allowed: receiving Intent { act=android.intent.action.PACKAGE_ADDED dat=package: flg=0x4000010 (has extras) } to com.nox.app.cleaner/com.noxgroup.mobile.keepalive.receiver.WakeUpReceiver$WakeUpAutoStartReceiver
10-22 22:01:32.969  1387  1669 W BroadcastQueue: u0 Receiving a broadcast in packagecom.qiuqiu.dfmc requires a permissions review
10-22 22:01:32.969  1387  1669 W BroadcastQueue: Skipping delivery: permission review required for Intent { act=android.intent.action.PACKAGE_ADDED dat=package: flg=0x4000010 (has extras) } from null (pid=1387, uid=1000) to com.qiuqiu.dfmc/cn.jpush.android.service.PushReceiver
10-22 22:01:32.969  1387  1669 W BroadcastQueue: u0 Receiving a broadcast in packagecom.safesys.viruskiller requires a permissions review
10-22 22:01:32.969  1387  1669 W BroadcastQueue: Skipping delivery: permission review required for Intent { act=android.intent.action.PACKAGE_ADDED dat=package: flg=0x4000010 (has extras) } from null (pid=1387, uid=1000) to com.safesys.viruskiller/.ScanPackageBroadcast
10-22 22:01:32.970  1387  1669 W BroadcastQueue: u0 Receiving a broadcast in packagecom.uc108.mobile.sdgj.bd1 requires a permissions review
10-22 22:01:32.971  1387  1669 W BroadcastQueue: Skipping delivery: permission review required for Intent { act=android.intent.action.PACKAGE_ADDED dat=package: flg=0x4000010 (has extras) } from null (pid=1387, uid=1000) to com.uc108.mobile.sdgj.bd1/com.baidu.tiebasdk.service.InstallReceiver
10-22 22:01:32.971  1387  1669 W BroadcastQueue: u0 Receiving a broadcast in packagecom.voicebianshengjinglingwc.wxl requires a permissions review
10-22 22:01:32.971  1387  1669 W BroadcastQueue: Skipping delivery: permission review required for Intent { act=android.intent.action.PACKAGE_ADDED dat=package: flg=0x4000010 (has extras) } from null (pid=1387, uid=1000) to com.voicebianshengjinglingwc.wxl/mp.ruu.Ztjjwrj
10-22 22:01:32.971  1387  1669 W BroadcastQueue: u0 Receiving a broadcast in packagecom.yoojar.zlsg.baidu requires a permissions review
10-22 22:01:32.971  1387  1669 W BroadcastQueue: Skipping delivery: permission review required for Intent { act=android.intent.action.PACKAGE_ADDED dat=package: flg=0x4000010 (has extras) } from null (pid=1387, uid=1000) to com.yoojar.zlsg.baidu/com.duoku.platform.download.broadcast.AppMonitorReceiver
10-22 22:01:32.971  1387  1669 W BroadcastQueue: u0 Receiving a broadcast in packageio.dcloud.H5BC6BF13 requires a permissions review
10-22 22:01:32.971  1387  1669 W BroadcastQueue: Skipping delivery: permission review required for Intent { act=android.intent.action.PACKAGE_ADDED dat=package: flg=0x4000010 (has extras) } from null (pid=1387, uid=1000) to io.dcloud.H5BC6BF13/io.dcloud.common.adapter.io.DownloadReceiver
10-22 22:01:33.008  1387  1387 I Telecom : DefaultDialerCache: Refreshing default dialer for user 0: now com.google.android.dialer: DDC.oR@Ap8
10-22 22:01:33.017  1387  1784 E VerityUtils: Failed to measure fs-verity, errno 1: /data/app/~~sBon32hEL_I7XinxkeaFRg==/ermmmug.hxkkytzb.bvbfc-kty_bnMzqd0dlZQzvWlubw==/base.apk
10-22 22:01:33.018  1387  1667 W WindowMagnificationMgr: requestConnection duplicated request: connect=false, mConnectionState=DISCONNECTED
10-22 22:01:33.028  1387  3322 W BackupTransportManager: Package ermmmug.hxkkytzb.bvbfc enabled setting: 0
10-22 22:01:33.072  1387  4555 D CompatibilityChangeReporter: Compat change id reported: 161252188; UID 10274; state: DISABLED
10-22 22:01:33.094  1387  1789 E PackageManager: ERROR: could not load root hash from incremental install
10-22 22:01:33.098  1387  2032 W PackageParsing: Ignoring duplicate uses-permissions/uses-permissions-sdk-m: android.permission.RECEIVE_BOOT_COMPLETED in package: qtggtfpiydqiikhbndreqabpjlb.deupxo.orrsdcgrckebmqzu at: Binary XML file line #22
10-22 22:01:33.103  1387  1667 W PackageManager: Failed registering loading progress callback. Package is fully loaded.
10-22 22:01:33.115  1387  1667 W WindowMagnificationMgr: requestConnection duplicated request: connect=false, mConnectionState=DISCONNECTED
10-22 22:01:33.120  1387  3647 W BroadcastQueue: u0 Receiving a broadcast in packagecom.yoojar.zlsg.baidu requires a permissions review
10-22 22:01:33.121  1387  3647 W BroadcastQueue: Skipping delivery: permission review required for Intent { act=android.intent.action.PACKAGE_CHANGED dat=package: flg=0x5000010 (has extras) } from null (pid=1387, uid=1000) to com.yoojar.zlsg.baidu/com.duoku.platform.download.broadcast.AppMonitorReceiver
10-22 22:01:33.135  1387  1789 I PackageManager: Integrity check passed for file:///data/app/vmdl1004131310.tmp
10-22 22:01:33.158  1387  1789 W PackageParsing: Ignoring duplicate uses-permissions/uses-permissions-sdk-m: android.permission.RECEIVE_BOOT_COMPLETED in package: qtggtfpiydqiikhbndreqabpjlb.deupxo.orrsdcgrckebmqzu at: Binary XML file line #22
10-22 22:01:33.223  1387  1656 V StorageManagerService: Package null has legacy storage
10-22 22:01:33.226  1387  1387 E NotificationService: Muting recently noisy 0|com.nox.app.cleaner|18065|null|10197
10-22 22:01:33.654  1387  1789 V BackupManagerService: [UserID:0] restoreAtInstall pkg=qtggtfpiydqiikhbndreqabpjlb.deupxo.orrsdcgrckebmqzu token=4e restoreSet=0
10-22 22:01:33.654  1387  1789 V BackupManagerService: [UserID:0] Finishing install immediately
10-22 22:01:33.661  1387  1789 D PackageInstallerSession: Marking session 1004131310 as applied
10-22 22:01:33.667  1387  1789 D CompatibilityChangeReporter: Compat change id reported: 168419799; UID 10275; state: DISABLED
10-22 22:01:33.667  1387  1789 D CompatibilityChangeReporter: Compat change id reported: 273564678; UID 10275; state: DISABLED
10-22 22:01:33.679  1387  2048 D CompatibilityChangeReporter: Compat change id reported: 218533173; UID 10275; state: DISABLED
10-22 22:01:33.681  1387  1387 I Telecom : DefaultDialerCache: Refreshing default dialer for user 0: now com.google.android.dialer: DDC.oR@AqQ
10-22 22:01:33.693  1387  1466 W BroadcastQueue: u0 Receiving a broadcast in packagecom.jr.narutoii requires a permissions review
10-22 22:01:33.693  1387  1466 W BroadcastQueue: Skipping delivery: permission review required for Intent { act=android.intent.action.PACKAGE_ADDED dat=package: flg=0x4000010 (has extras) } from null (pid=1387, uid=1000) to com.jr.narutoii/com.joyriver.engine.proxy.EngineReceiver
10-22 22:01:33.696  1387  1669 W BroadcastQueue: u0 Receiving a broadcast in packagecom.android.buyer requires a permissions review
10-22 22:01:33.696  1387  1669 W BroadcastQueue: Skipping delivery: permission review required for Intent { act=android.intent.action.PACKAGE_ADDED dat=package: flg=0x4000010 (has extras) } from null (pid=1387, uid=1000) to com.android.buyer/.mRve
10-22 22:01:33.696  1387  1669 W BroadcastQueue: Background execution not allowed: receiving Intent { act=android.intent.action.PACKAGE_ADDED dat=package: flg=0x4000010 (has extras) } to com.google.android.packageinstaller/com.android.packageinstaller.PackageInstalledReceiver
10-22 22:01:33.696  1387  1669 W BroadcastQueue: Background execution not allowed: receiving Intent { act=android.intent.action.PACKAGE_ADDED dat=package: flg=0x4000010 (has extras) } to com.android.vending/com.google.android.finsky.packagemonitor.impl.PackageMonitorReceiverImpl$RegisteredReceiver
10-22 22:01:33.696  1387  1669 W BroadcastQueue: Background execution not allowed: receiving Intent { act=android.intent.action.PACKAGE_ADDED dat=package: flg=0x4000010 (has extras) } to com.android.vending/com.google.android.finsky.packagemonitor.backgroundimpl.BackgroundPackageMonitorReceiverImpl$RegisteredReceiver
10-22 22:01:33.696  1387  1669 W BroadcastQueue: Background execution not allowed: receiving Intent { act=android.intent.action.PACKAGE_ADDED dat=package: flg=0x4000010 (has extras) } to com.google.android.gms/.games.chimera.GamesSystemBroadcastReceiverProxy
10-22 22:01:33.696  1387  1669 W BroadcastQueue: Background execution not allowed: receiving Intent { act=android.intent.action.PACKAGE_ADDED dat=package: flg=0x4000010 (has extras) } to com.google.android.gms/.gass.chimera.PackageChangeBroadcastReceiver
10-22 22:01:33.696  1387  1669 W BroadcastQueue: Background execution not allowed: receiving Intent { act=android.intent.action.PACKAGE_ADDED dat=package: flg=0x4000010 (has extras) } to com.google.android.gms/.chimera.GmsIntentOperationService$PersistentTrustedReceiver
10-22 22:01:33.696  1387  1669 W BroadcastQueue: u0 Receiving a broadcast in packagecom.cncd.japan.janli.shudu requires a permissions review
10-22 22:01:33.696  1387  1669 W BroadcastQueue: Skipping delivery: permission review required for Intent { act=android.intent.action.PACKAGE_ADDED dat=package: flg=0x4000010 (has extras) } from null (pid=1387, uid=1000) to com.cncd.japan.janli.shudu/net.l.k.r
10-22 22:01:33.697  1387  1669 W BroadcastQueue: u0 Receiving a broadcast in packagecom.cncd.japan.janli.shudu requires a permissions review
10-22 22:01:33.697  1387  1669 W BroadcastQueue: Skipping delivery: permission review required for Intent { act=android.intent.action.PACKAGE_ADDED dat=package: flg=0x4000010 (has extras) } from null (pid=1387, uid=1000) to com.cncd.japan.janli.shudu/com.feiwofour.coverscreen.SR
10-22 22:01:33.697  1387  1669 W BroadcastQueue: u0 Receiving a broadcast in packagecom.games.mengmeizhitd requires a permissions review
10-22 22:01:33.697  1387  1669 W BroadcastQueue: Skipping delivery: permission review required for Intent { act=android.intent.action.PACKAGE_ADDED dat=package: flg=0x4000010 (has extras) } from null (pid=1387, uid=1000) to com.games.mengmeizhitd/hjnw.ihjnw.i.isqly
10-22 22:01:33.697  1387  1669 W BroadcastQueue: u0 Receiving a broadcast in packagecom.hgperfko.yaeghrwx requires a permissions review
10-22 22:01:33.697  1387  1669 W BroadcastQueue: Skipping delivery: permission review required for Intent { act=android.intent.action.PACKAGE_ADDED dat=package: flg=0x4000010 (has extras) } from null (pid=1387, uid=1000) to com.hgperfko.yaeghrwx/.core.hLytdCQDBv
10-22 22:01:33.697  1387  1669 W BroadcastQueue: Background execution not allowed: receiving Intent { act=android.intent.action.PACKAGE_ADDED dat=package: flg=0x4000010 (has extras) } to com.nox.app.cleaner/com.noxgroup.mobile.keepalive.receiver.WakeUpReceiver$WakeUpAutoStartReceiver
10-22 22:01:33.697  1387  1669 W BroadcastQueue: u0 Receiving a broadcast in packagecom.qiuqiu.dfmc requires a permissions review
10-22 22:01:33.697  1387  1669 W BroadcastQueue: Skipping delivery: permission review required for Intent { act=android.intent.action.PACKAGE_ADDED dat=package: flg=0x4000010 (has extras) } from null (pid=1387, uid=1000) to com.qiuqiu.dfmc/cn.jpush.android.service.PushReceiver
10-22 22:01:33.697  1387  1669 W BroadcastQueue: u0 Receiving a broadcast in packagecom.safesys.viruskiller requires a permissions review
10-22 22:01:33.697  1387  1669 W BroadcastQueue: Skipping delivery: permission review required for Intent { act=android.intent.action.PACKAGE_ADDED dat=package: flg=0x4000010 (has extras) } from null (pid=1387, uid=1000) to com.safesys.viruskiller/.ScanPackageBroadcast
10-22 22:01:33.697  1387  1669 W BroadcastQueue: u0 Receiving a broadcast in packagecom.uc108.mobile.sdgj.bd1 requires a permissions review
10-22 22:01:33.697  1387  1669 W BroadcastQueue: Skipping delivery: permission review required for Intent { act=android.intent.action.PACKAGE_ADDED dat=package: flg=0x4000010 (has extras) } from null (pid=1387, uid=1000) to com.uc108.mobile.sdgj.bd1/com.baidu.tiebasdk.service.InstallReceiver
10-22 22:01:33.697  1387  1669 W BroadcastQueue: u0 Receiving a broadcast in packagecom.voicebianshengjinglingwc.wxl requires a permissions review
10-22 22:01:33.697  1387  1669 W BroadcastQueue: Skipping delivery: permission review required for Intent { act=android.intent.action.PACKAGE_ADDED dat=package: flg=0x4000010 (has extras) } from null (pid=1387, uid=1000) to com.voicebianshengjinglingwc.wxl/mp.ruu.Ztjjwrj
10-22 22:01:33.697  1387  1669 W BroadcastQueue: u0 Receiving a broadcast in packagecom.yoojar.zlsg.baidu requires a permissions review
10-22 22:01:33.697  1387  1669 W BroadcastQueue: Skipping delivery: permission review required for Intent { act=android.intent.action.PACKAGE_ADDED dat=package: flg=0x4000010 (has extras) } from null (pid=1387, uid=1000) to com.yoojar.zlsg.baidu/com.duoku.platform.download.broadcast.AppMonitorReceiver
10-22 22:01:33.697  1387  1669 W BroadcastQueue: u0 Receiving a broadcast in packageio.dcloud.H5BC6BF13 requires a permissions review
10-22 22:01:33.697  1387  1669 W BroadcastQueue: Skipping delivery: permission review required for Intent { act=android.intent.action.PACKAGE_ADDED dat=package: flg=0x4000010 (has extras) } from null (pid=1387, uid=1000) to io.dcloud.H5BC6BF13/io.dcloud.common.adapter.io.DownloadReceiver
10-22 22:01:33.698  1387  1387 V BackupManagerConstants: getFullBackupIntervalMilliseconds(...) returns 86400000
10-22 22:01:33.698  1387  1387 V BackupManagerConstants: getFullBackupRequiredNetworkType(...) returns 2
10-22 22:01:33.698  1387  1387 V BackupManagerConstants: getFullBackupRequireCharging(...) returns true
10-22 22:01:33.717  1387  1784 E VerityUtils: Failed to measure fs-verity, errno 1: /data/app/~~qq6WiT3FPApNLDfcCsbYYQ==/qtggtfpiydqiikhbndreqabpjlb.deupxo.orrsdcgrckebmqzu-hlWPCU7Dg8ILXm2NOD4TYQ==/base.apk
10-22 22:01:33.730  1387  8878 D CompatibilityChangeReporter: Compat change id reported: 161252188; UID 10275; state: DISABLED
10-22 22:01:33.763  1387  1387 I Telecom : DefaultDialerCache: Refreshing default dialer for user 0: now com.google.android.dialer: DDC.oR@AqU
10-22 22:01:33.766  1387  3322 W BackupTransportManager: Package qtggtfpiydqiikhbndreqabpjlb.deupxo.orrsdcgrckebmqzu enabled setting: 0
10-22 22:01:33.785  1387  1667 W WindowMagnificationMgr: requestConnection duplicated request: connect=false, mConnectionState=DISCONNECTED
10-22 22:01:33.857  1387  1667 W PackageManager: Failed registering loading progress callback. Package is fully loaded.
10-22 22:01:33.877  1387  1667 W WindowMagnificationMgr: requestConnection duplicated request: connect=false, mConnectionState=DISCONNECTED
10-22 22:01:33.880  1387  1789 E PackageManager: ERROR: could not load root hash from incremental install
10-22 22:01:33.881  1387  3415 W BroadcastQueue: u0 Receiving a broadcast in packagecom.yoojar.zlsg.baidu requires a permissions review
10-22 22:01:33.881  1387  3415 W BroadcastQueue: Skipping delivery: permission review required for Intent { act=android.intent.action.PACKAGE_CHANGED dat=package: flg=0x5000010 (has extras) } from null (pid=1387, uid=1000) to com.yoojar.zlsg.baidu/com.duoku.platform.download.broadcast.AppMonitorReceiver
10-22 22:01:33.893  1387  2032 W PackageParsing: Unknown element under <manifest>: meta-data at /data/app/vmdl918482405.tmp/base.apk Binary XML file line #6
10-22 22:01:33.921  1387  1789 I PackageManager: Integrity check passed for file:///data/app/vmdl918482405.tmp
10-22 22:01:33.948  1387  1387 I NotificationService: Cannot find enqueued record for key: 0|com.nox.app.cleaner|18065|null|10197
10-22 22:01:33.962  1387  1789 W PackageParsing: Unknown element under <manifest>: meta-data at /data/app/vmdl918482405.tmp/base.apk Binary XML file line #6
10-22 22:01:34.315  1387  1789 V BackupManagerService: [UserID:0] restoreAtInstall pkg=com.agxshi1893.bis1893hxg token=4f restoreSet=0
