10-22 22:01:15.930  1387  1789 E PackageManager: ERROR: could not load root hash from incremental install
10-22 22:01:15.940  1387  1789 I PackageManager: Integrity check passed for file:///data/app/vmdl1950731059.tmp
10-22 22:01:16.072  1387  1387 I NotificationService: Cannot find enqueued record for key: 0|com.google.android.apps.wellbeing|174344743|null|10121
10-22 22:01:16.369  1387  1789 V BackupManagerService: [UserID:0] restoreAtInstall pkg=com.kbwork.dygaqy token=37 restoreSet=0
10-22 22:01:16.369  1387  1789 V BackupManagerService: [UserID:0] Finishing install immediately
10-22 22:01:16.371  1387  1789 D PackageInstallerSession: Marking session 1950731059 as applied
10-22 22:01:16.375  1387  1789 D CompatibilityChangeReporter: Compat change id reported: 168419799; UID 10252; state: DISABLED
10-22 22:01:16.375  1387  1789 D CompatibilityChangeReporter: Compat change id reported: 273564678; UID 10252; state: DISABLED
10-22 22:01:16.379  1387  2048 D CompatibilityChangeReporter: Compat change id reported: 218533173; UID 10252; state: DISABLED
10-22 22:01:16.382  1387  1387 I Telecom : DefaultDialerCache: Refreshing default dialer for user 0: now com.google.android.dialer: DDC.oR@AgI
10-22 22:01:16.384  1387  1669 W BroadcastQueue: u0 Receiving a broadcast in packagecom.jr.narutoii requires a permissions review
10-22 22:01:16.384  1387  1669 W BroadcastQueue: Skipping delivery: permission review required for Intent { act=android.intent.action.PACKAGE_ADDED dat=package: flg=0x4000010 (has extras) } from null (pid=1387, uid=1000) to com.jr.narutoii/com.joyriver.engine.proxy.EngineReceiver
10-22 22:01:16.384  1387  1669 W BroadcastQueue: u0 Receiving a broadcast in packagecom.android.buyer requires a permissions review
10-22 22:01:16.384  1387  1669 W BroadcastQueue: Skipping delivery: permission review required for Intent { act=android.intent.action.PACKAGE_ADDED dat=package: flg=0x4000010 (has extras) } from null (pid=1387, uid=1000) to com.android.buyer/.mRve
10-22 22:01:16.388  1387  1669 W BroadcastQueue: Background execution not allowed: receiving Intent { act=android.intent.action.PACKAGE_ADDED dat=package: flg=0x4000010 (has extras) } to com.google.android.packageinstaller/com.android.packageinstaller.PackageInstalledReceiver
10-22 22:01:16.388  1387  1669 W BroadcastQueue: Background execution not allowed: receiving Intent { act=android.intent.action.PACKAGE_ADDED dat=package: flg=0x4000010 (has extras) } to com.android.vending/com.google.android.finsky.packagemonitor.impl.PackageMonitorReceiverImpl$RegisteredReceiver
10-22 22:01:16.388  1387  1669 W BroadcastQueue: Background execution not allowed: receiving Intent { act=android.intent.action.PACKAGE_ADDED dat=package: flg=0x4000010 (has extras) } to com.android.vending/com.google.android.finsky.packagemonitor.backgroundimpl.BackgroundPackageMonitorReceiverImpl$RegisteredReceiver
10-22 22:01:16.388  1387  1669 W BroadcastQueue: Background execution not allowed: receiving Intent { act=android.intent.action.PACKAGE_ADDED dat=package: flg=0x4000010 (has extras) } to com.google.android.gms/.games.chimera.GamesSystemBroadcastReceiverProxy
10-22 22:01:16.388  1387  1669 W BroadcastQueue: Background execution not allowed: receiving Intent { act=android.intent.action.PACKAGE_ADDED dat=package: flg=0x4000010 (has extras) } to com.google.android.gms/.gass.chimera.PackageChangeBroadcastReceiver
10-22 22:01:16.389  1387  1669 W BroadcastQueue: Background execution not allowed: receiving Intent { act=android.intent.action.PACKAGE_ADDED dat=package: flg=0x4000010 (has extras) } to com.google.android.gms/.chimera.GmsIntentOperationService$PersistentTrustedReceiver
10-22 22:01:16.389  1387  1669 W BroadcastQueue: u0 Receiving a broadcast in packagecom.cncd.japan.janli.shudu requires a permissions review
10-22 22:01:16.389  1387  1669 W BroadcastQueue: Skipping delivery: permission review required for Intent { act=android.intent.action.PACKAGE_ADDED dat=package: flg=0x4000010 (has extras) } from null (pid=1387, uid=1000) to com.cncd.japan.janli.shudu/net.l.k.r
10-22 22:01:16.389  1387  1669 W BroadcastQueue: u0 Receiving a broadcast in packagecom.cncd.japan.janli.shudu requires a permissions review
10-22 22:01:16.389  1387  1669 W BroadcastQueue: Skipping delivery: permission review required for Intent { act=android.intent.action.PACKAGE_ADDED dat=package: flg=0x4000010 (has extras) } from null (pid=1387, uid=1000) to com.cncd.japan.janli.shudu/com.feiwofour.coverscreen.SR
10-22 22:01:16.389  1387  1669 W BroadcastQueue: u0 Receiving a broadcast in packagecom.games.mengmeizhitd requires a permissions review
10-22 22:01:16.389  1387  1669 W BroadcastQueue: Skipping delivery: permission review required for Intent { act=android.intent.action.PACKAGE_ADDED dat=package: flg=0x4000010 (has extras) } from null (pid=1387, uid=1000) to com.games.mengmeizhitd/hjnw.ihjnw.i.isqly
10-22 22:01:16.391  1387  1669 W BroadcastQueue: u0 Receiving a broadcast in packagecom.hgperfko.yaeghrwx requires a permissions review
10-22 22:01:16.391  1387  1669 W BroadcastQueue: Skipping delivery: permission review required for Intent { act=android.intent.action.PACKAGE_ADDED dat=package: flg=0x4000010 (has extras) } from null (pid=1387, uid=1000) to com.hgperfko.yaeghrwx/.core.hLytdCQDBv
10-22 22:01:16.391  1387  1669 W BroadcastQueue: Background execution not allowed: receiving Intent { act=android.intent.action.PACKAGE_ADDED dat=package: flg=0x4000010 (has extras) } to com.nox.app.cleaner/com.noxgroup.mobile.keepalive.receiver.WakeUpReceiver$WakeUpAutoStartReceiver
10-22 22:01:16.391  1387  1669 W BroadcastQueue: u0 Receiving a broadcast in packagecom.qiuqiu.dfmc requires a permissions review
10-22 22:01:16.391  1387  1669 W BroadcastQueue: Skipping delivery: permission review required for Intent { act=android.intent.action.PACKAGE_ADDED dat=package: flg=0x4000010 (has extras) } from null (pid=1387, uid=1000) to com.qiuqiu.dfmc/cn.jpush.android.service.PushReceiver
10-22 22:01:16.391  1387  1669 W BroadcastQueue: u0 Receiving a broadcast in packagecom.safesys.viruskiller requires a permissions review
10-22 22:01:16.391  1387  1669 W BroadcastQueue: Skipping delivery: permission review required for Intent { act=android.intent.action.PACKAGE_ADDED dat=package: flg=0x4000010 (has extras) } from null (pid=1387, uid=1000) to com.safesys.viruskiller/.ScanPackageBroadcast
10-22 22:01:16.391  1387  1669 W BroadcastQueue: u0 Receiving a broadcast in packagecom.uc108.mobile.sdgj.bd1 requires a permissions review
10-22 22:01:16.391  1387  1669 W BroadcastQueue: Skipping delivery: permission review required for Intent { act=android.intent.action.PACKAGE_ADDED dat=package: flg=0x4000010 (has extras) } from null (pid=1387, uid=1000) to com.uc108.mobile.sdgj.bd1/com.baidu.tiebasdk.service.InstallReceiver
10-22 22:01:16.391  1387  1669 W BroadcastQueue: u0 Receiving a broadcast in packagecom.voicebianshengjinglingwc.wxl requires a permissions review
10-22 22:01:16.391  1387  1669 W BroadcastQueue: Skipping delivery: permission review required for Intent { act=android.intent.action.PACKAGE_ADDED dat=package: flg=0x4000010 (has extras) } from null (pid=1387, uid=1000) to com.voicebianshengjinglingwc.wxl/mp.ruu.Ztjjwrj
10-22 22:01:16.391  1387  1669 W BroadcastQueue: u0 Receiving a broadcast in packageio.dcloud.H5BC6BF13 requires a permissions review
10-22 22:01:16.391  1387  1669 W BroadcastQueue: Skipping delivery: permission review required for Intent { act=android.intent.action.PACKAGE_ADDED dat=package: flg=0x4000010 (has extras) } from null (pid=1387, uid=1000) to io.dcloud.H5BC6BF13/io.dcloud.common.adapter.io.DownloadReceiver
10-22 22:01:16.391  1387  1387 V BackupManagerConstants: getFullBackupIntervalMilliseconds(...) returns 86400000
10-22 22:01:16.391  1387  1387 V BackupManagerConstants: getFullBackupRequiredNetworkType(...) returns 2
10-22 22:01:16.392  1387  1387 V BackupManagerConstants: getFullBackupRequireCharging(...) returns true
10-22 22:01:16.419  1387  1784 E VerityUtils: Failed to measure fs-verity, errno 1: /data/app/~~Iy90Qeor8kgMDWQGUu3v7w==/com.kbwork.dygaqy-Pb-tCPdf4IsKekI8J35GvA==/base.apk
10-22 22:01:16.434  1387  3415 D CompatibilityChangeReporter: Compat change id reported: 161252188; UID 10252; state: DISABLED
10-22 22:01:16.441  1387  1667 W WindowMagnificationMgr: requestConnection duplicated request: connect=false, mConnectionState=DISCONNECTED
10-22 22:01:16.476  1387  1387 I Telecom : DefaultDialerCache: Refreshing default dialer for user 0: now com.google.android.dialer: DDC.oR@AgU
10-22 22:01:16.483  1387  3322 W BackupTransportManager: Package com.kbwork.dygaqy enabled setting: 0
10-22 22:01:16.511  1387  1667 W PackageManager: Failed registering loading progress callback. Package is fully loaded.
10-22 22:01:16.518  1387  1667 W WindowMagnificationMgr: requestConnection duplicated request: connect=false, mConnectionState=DISCONNECTED
10-22 22:01:16.566  1387  1789 E PackageManager: ERROR: could not load root hash from incremental install
10-22 22:01:16.578  1387  2032 W PackageParsing: Ignoring duplicate uses-permissions/uses-permissions-sdk-m: android.permission.KILL_BACKGROUND_PROCESSES in package: rjpmscxyoicgj.rcmuksahjbgmzodorjn.pebcsfmlgnqxshaierbhj at: Binary XML file line #24
10-22 22:01:16.596  1387  1789 I PackageManager: Integrity check passed for file:///data/app/vmdl179227609.tmp
10-22 22:01:16.624  1387  1789 W PackageParsing: Ignoring duplicate uses-permissions/uses-permissions-sdk-m: android.permission.KILL_BACKGROUND_PROCESSES in package: rjpmscxyoicgj.rcmuksahjbgmzodorjn.pebcsfmlgnqxshaierbhj at: Binary XML file line #24
10-22 22:01:16.632  1387  1387 W NotificationHistory: Attempted to add notif for locked/gone/disabled user 0
10-22 22:01:16.700  1387  1656 V StorageManagerService: Package null does not have legacy storage
10-22 22:01:17.038  1387  1789 V BackupManagerService: [UserID:0] restoreAtInstall pkg=rjpmscxyoicgj.rcmuksahjbgmzodorjn.pebcsfmlgnqxshaierbhj token=38 restoreSet=0
10-22 22:01:17.039  1387  1789 V BackupManagerService: [UserID:0] Finishing install immediately
10-22 22:01:17.043  1387  1789 D PackageInstallerSession: Marking session 179227609 as applied
10-22 22:01:17.047  1387  1789 D CompatibilityChangeReporter: Compat change id reported: 168419799; UID 10253; state: DISABLED
10-22 22:01:17.047  1387  1789 D CompatibilityChangeReporter: Compat change id reported: 273564678; UID 10253; state: DISABLED
10-22 22:01:17.058  1387  2048 D CompatibilityChangeReporter: Compat change id reported: 218533173; UID 10253; state: DISABLED
10-22 22:01:17.060  1387  1387 I Telecom : DefaultDialerCache: Refreshing default dialer for user 0: now com.google.android.dialer: DDC.oR@Agg
10-22 22:01:17.067  1387  8877 I ActivityManager: Background started FGS: Allowed [callingPackage: com.google.android.apps.wellbeing; callingUid: 10121; uidState: BFGS; intent: Intent { cmp=com.google.android.apps.wellbeing/com.google.apps.tiktok.concurrent.InternalForegroundService (has extras) }; code:BACKGROUND_ACTIVITY_PERMISSION; tempAllowListReason:<null>; targetSdkVersion:34; callerTargetSdkVersion:34; startForegroundCount:0; bindFromPackage:null]
10-22 22:01:17.068  1387  4452 W BroadcastQueue: u0 Receiving a broadcast in packagecom.jr.narutoii requires a permissions review
10-22 22:01:17.068  1387  4452 W BroadcastQueue: Skipping delivery: permission review required for Intent { act=android.intent.action.PACKAGE_ADDED dat=package: flg=0x4000010 (has extras) } from null (pid=1387, uid=1000) to com.jr.narutoii/com.joyriver.engine.proxy.EngineReceiver
10-22 22:01:17.070  1387  1669 W BroadcastQueue: u0 Receiving a broadcast in packagecom.android.buyer requires a permissions review
10-22 22:01:17.070  1387  1669 W BroadcastQueue: Skipping delivery: permission review required for Intent { act=android.intent.action.PACKAGE_ADDED dat=package: flg=0x4000010 (has extras) } from null (pid=1387, uid=1000) to com.android.buyer/.mRve
10-22 22:01:17.071  1387  1669 W BroadcastQueue: Background execution not allowed: receiving Intent { act=android.intent.action.PACKAGE_ADDED dat=package: flg=0x4000010 (has extras) } to com.google.android.packageinstaller/com.android.packageinstaller.PackageInstalledReceiver
10-22 22:01:17.071  1387  1669 W BroadcastQueue: Background execution not allowed: receiving Intent { act=android.intent.action.PACKAGE_ADDED dat=package: flg=0x4000010 (has extras) } to com.android.vending/com.google.android.finsky.packagemonitor.impl.PackageMonitorReceiverImpl$RegisteredReceiver
10-22 22:01:17.071  1387  1669 W BroadcastQueue: Background execution not allowed: receiving Intent { act=android.intent.action.PACKAGE_ADDED dat=package: flg=0x4000010 (has extras) } to com.android.vending/com.google.android.finsky.packagemonitor.backgroundimpl.BackgroundPackageMonitorReceiverImpl$RegisteredReceiver
10-22 22:01:17.071  1387  1669 W BroadcastQueue: Background execution not allowed: receiving Intent { act=android.intent.action.PACKAGE_ADDED dat=package: flg=0x4000010 (has extras) } to com.google.android.gms/.games.chimera.GamesSystemBroadcastReceiverProxy
10-22 22:01:17.071  1387  1669 W BroadcastQueue: Background execution not allowed: receiving Intent { act=android.intent.action.PACKAGE_ADDED dat=package: flg=0x4000010 (has extras) } to com.google.android.gms/.gass.chimera.PackageChangeBroadcastReceiver
10-22 22:01:17.071  1387  1669 W BroadcastQueue: Background execution not allowed: receiving Intent { act=android.intent.action.PACKAGE_ADDED dat=package: flg=0x4000010 (has extras) } to com.google.android.gms/.chimera.GmsIntentOperationService$PersistentTrustedReceiver
10-22 22:01:17.071  1387  1669 W BroadcastQueue: u0 Receiving a broadcast in packagecom.cncd.japan.janli.shudu requires a permissions review
10-22 22:01:17.071  1387  1669 W BroadcastQueue: Skipping delivery: permission review required for Intent { act=android.intent.action.PACKAGE_ADDED dat=package: flg=0x4000010 (has extras) } from null (pid=1387, uid=1000) to com.cncd.japan.janli.shudu/net.l.k.r
10-22 22:01:17.071  1387  1669 W BroadcastQueue: u0 Receiving a broadcast in packagecom.cncd.japan.janli.shudu requires a permissions review
10-22 22:01:17.071  1387  1669 W BroadcastQueue: Skipping delivery: permission review required for Intent { act=android.intent.action.PACKAGE_ADDED dat=package: flg=0x4000010 (has extras) } from null (pid=1387, uid=1000) to com.cncd.japan.janli.shudu/com.feiwofour.coverscreen.SR
10-22 22:01:17.071  1387  1669 W BroadcastQueue: u0 Receiving a broadcast in packagecom.games.mengmeizhitd requires a permissions review
10-22 22:01:17.071  1387  1669 W BroadcastQueue: Skipping delivery: permission review required for Intent { act=android.intent.action.PACKAGE_ADDED dat=package: flg=0x4000010 (has extras) } from null (pid=1387, uid=1000) to com.games.mengmeizhitd/hjnw.ihjnw.i.isqly
10-22 22:01:17.071  1387  1669 W BroadcastQueue: u0 Receiving a broadcast in packagecom.hgperfko.yaeghrwx requires a permissions review
10-22 22:01:17.071  1387  1669 W BroadcastQueue: Skipping delivery: permission review required for Intent { act=android.intent.action.PACKAGE_ADDED dat=package: flg=0x4000010 (has extras) } from null (pid=1387, uid=1000) to com.hgperfko.yaeghrwx/.core.hLytdCQDBv
10-22 22:01:17.072  1387  1669 W BroadcastQueue: Background execution not allowed: receiving Intent { act=android.intent.action.PACKAGE_ADDED dat=package: flg=0x4000010 (has extras) } to com.nox.app.cleaner/com.noxgroup.mobile.keepalive.receiver.WakeUpReceiver$WakeUpAutoStartReceiver
10-22 22:01:17.072  1387  1669 W BroadcastQueue: u0 Receiving a broadcast in packagecom.qiuqiu.dfmc requires a permissions review
10-22 22:01:17.072  1387  1669 W BroadcastQueue: Skipping delivery: permission review required for Intent { act=android.intent.action.PACKAGE_ADDED dat=package: flg=0x4000010 (has extras) } from null (pid=1387, uid=1000) to com.qiuqiu.dfmc/cn.jpush.android.service.PushReceiver
10-22 22:01:17.072  1387  1669 W BroadcastQueue: u0 Receiving a broadcast in packagecom.safesys.viruskiller requires a permissions review
10-22 22:01:17.072  1387  1669 W BroadcastQueue: Skipping delivery: permission review required for Intent { act=android.intent.action.PACKAGE_ADDED dat=package: flg=0x4000010 (has extras) } from null (pid=1387, uid=1000) to com.safesys.viruskiller/.ScanPackageBroadcast
10-22 22:01:17.072  1387  1669 W BroadcastQueue: u0 Receiving a broadcast in packagecom.uc108.mobile.sdgj.bd1 requires a permissions review
10-22 22:01:17.072  1387  1669 W BroadcastQueue: Skipping delivery: permission review required for Intent { act=android.intent.action.PACKAGE_ADDED dat=package: flg=0x4000010 (has extras) } from null (pid=1387, uid=1000) to com.uc108.mobile.sdgj.bd1/com.baidu.tiebasdk.service.InstallReceiver
10-22 22:01:17.072  1387  1669 W BroadcastQueue: u0 Receiving a broadcast in packagecom.voicebianshengjinglingwc.wxl requires a permissions review
10-22 22:01:17.072  1387  1669 W BroadcastQueue: Skipping delivery: permission review required for Intent { act=android.intent.action.PACKAGE_ADDED dat=package: flg=0x4000010 (has extras) } from null (pid=1387, uid=1000) to com.voicebianshengjinglingwc.wxl/mp.ruu.Ztjjwrj
10-22 22:01:17.072  1387  1669 W BroadcastQueue: u0 Receiving a broadcast in packageio.dcloud.H5BC6BF13 requires a permissions review
10-22 22:01:17.072  1387  1669 W BroadcastQueue: Skipping delivery: permission review required for Intent { act=android.intent.action.PACKAGE_ADDED dat=package: flg=0x4000010 (has extras) } from null (pid=1387, uid=1000) to io.dcloud.H5BC6BF13/io.dcloud.common.adapter.io.DownloadReceiver
10-22 22:01:17.073  1387  1669 D OomAdjuster: Not killing cached processes
10-22 22:01:17.077  1387  1387 V BackupManagerConstants: getFullBackupIntervalMilliseconds(...) returns 86400000
10-22 22:01:17.077  1387  1387 V BackupManagerConstants: getFullBackupRequiredNetworkType(...) returns 2
10-22 22:01:17.077  1387  1387 V BackupManagerConstants: getFullBackupRequireCharging(...) returns true
10-22 22:01:17.089  1387  1667 W WindowMagnificationMgr: requestConnection duplicated request: connect=false, mConnectionState=DISCONNECTED
10-22 22:01:17.113  1387  1784 E VerityUtils: Failed to measure fs-verity, errno 1: /data/app/~~KMtz_V1KSHPRtgID93JuAw==/rjpmscxyoicgj.rcmuksahjbgmzodorjn.pebcsfmlgnqxshaierbhj-9JqwvVoD3j_QWqykTnsQ9g==/base.apk
10-22 22:01:17.115  1387  1387 I Telecom : DefaultDialerCache: Refreshing default dialer for user 0: now com.google.android.dialer: DDC.oR@Agk
10-22 22:01:17.149  1387  1667 W PackageManager: Failed registering loading progress callback. Package is fully loaded.
10-22 22:01:17.176  1387  3322 W BackupTransportManager: Package rjpmscxyoicgj.rcmuksahjbgmzodorjn.pebcsfmlgnqxshaierbhj enabled setting: 0
10-22 22:01:17.177  1387  3647 D CompatibilityChangeReporter: Compat change id reported: 161252188; UID 10253; state: DISABLED
10-22 22:01:17.187  1387  1667 W WindowMagnificationMgr: requestConnection duplicated request: connect=false, mConnectionState=DISCONNECTED
10-22 22:01:17.261  1387  1789 E PackageManager: ERROR: could not load root hash from incremental install
10-22 22:01:17.295  1387  1789 I PackageManager: Integrity check passed for file:///data/app/vmdl952271898.tmp
10-22 22:01:17.371  1387  1387 E NotificationService: Muting recently noisy 0|com.nox.app.cleaner|18065|null|10197
10-22 22:01:17.374  1387  1656 V StorageManagerService: Package null has legacy storage
10-22 22:01:17.377  1387  1387 I NotificationService: Cannot find enqueued record for key: 0|com.google.android.apps.wellbeing|174344743|null|10121
10-22 22:01:17.515  1387  4558 D CompatibilityChangeReporter: Compat change id reported: 218533173; UID 10138; state: ENABLED
10-22 22:01:17.515  1387  4558 D CompatibilityChangeReporter: Compat change id reported: 218533173; UID 10159; state: ENABLED
10-22 22:01:17.515  1387  4558 D CompatibilityChangeReporter: Compat change id reported: 218533173; UID 10197; state: ENABLED
10-22 22:01:17.546  1387  4384 D CompatibilityChangeReporter: Compat change id reported: 194532703; UID 10117; state: ENABLED
10-22 22:01:17.648  1387  1789 V BackupManagerService: [UserID:0] restoreAtInstall pkg=oaskok.rjsbiydsjifexwubpyuomxy.zslzeeeyzmnfnttztj token=39 restoreSet=0
10-22 22:01:17.649  1387  1789 V BackupManagerService: [UserID:0] Finishing install immediately
10-22 22:01:17.654  1387  1789 D PackageInstallerSession: Marking session 952271898 as applied
10-22 22:01:17.662  1387  1789 D CompatibilityChangeReporter: Compat change id reported: 168419799; UID 10254; state: DISABLED
10-22 22:01:17.662  1387  1789 D CompatibilityChangeReporter: Compat change id reported: 273564678; UID 10254; state: DISABLED
10-22 22:01:17.667  1387  2048 D CompatibilityChangeReporter: Compat change id reported: 218533173; UID 10254; state: DISABLED
10-22 22:01:17.674  1387  1387 I Telecom : DefaultDialerCache: Refreshing default dialer for user 0: now com.google.android.dialer: DDC.oR@AhA
10-22 22:01:17.681  1387  1387 V BackupManagerConstants: getFullBackupIntervalMilliseconds(...) returns 86400000
10-22 22:01:17.681  1387  1387 V BackupManagerConstants: getFullBackupRequiredNetworkType(...) returns 2
10-22 22:01:17.682  1387  1387 V BackupManagerConstants: getFullBackupRequireCharging(...) returns true
10-22 22:01:17.684  1387  3647 W BroadcastQueue: u0 Receiving a broadcast in packagecom.jr.narutoii requires a permissions review
10-22 22:01:17.684  1387  3647 W BroadcastQueue: Skipping delivery: permission review required for Intent { act=android.intent.action.PACKAGE_ADDED dat=package: flg=0x4000010 (has extras) } from null (pid=1387, uid=1000) to com.jr.narutoii/com.joyriver.engine.proxy.EngineReceiver
10-22 22:01:17.706  1387  1669 W BroadcastQueue: u0 Receiving a broadcast in packagecom.android.buyer requires a permissions review
10-22 22:01:17.706  1387  1669 W BroadcastQueue: Skipping delivery: permission review required for Intent { act=android.intent.action.PACKAGE_ADDED dat=package: flg=0x4000010 (has extras) } from null (pid=1387, uid=1000) to com.android.buyer/.mRve
10-22 22:01:17.706  1387  1669 W BroadcastQueue: Background execution not allowed: receiving Intent { act=android.intent.action.PACKAGE_ADDED dat=package: flg=0x4000010 (has extras) } to com.google.android.packageinstaller/com.android.packageinstaller.PackageInstalledReceiver
10-22 22:01:17.715  1387  1466 D CompatibilityChangeReporter: Compat change id reported: 161252188; UID 10254; state: DISABLED
10-22 22:01:17.718  1387  1784 E VerityUtils: Failed to measure fs-verity, errno 1: /data/app/~~0qMsXY5AWB0_aTnPdAGRYQ==/oaskok.rjsbiydsjifexwubpyuomxy.zslzeeeyzmnfnttztj-dtb2ZzAPYDMUeWzDYj9Xdg==/base.apk
10-22 22:01:17.728  1387  1667 W WindowMagnificationMgr: requestConnection duplicated request: connect=false, mConnectionState=DISCONNECTED
10-22 22:01:17.728  1387  1789 E PackageManager: ERROR: could not load root hash from incremental install
10-22 22:01:17.750  1387  1669 W BroadcastQueue: Background execution not allowed: receiving Intent { act=android.intent.action.PACKAGE_ADDED dat=package: flg=0x4000010 (has extras) } to com.android.vending/com.google.android.finsky.packagemonitor.impl.PackageMonitorReceiverImpl$RegisteredReceiver
10-22 22:01:17.750  1387  1387 I Telecom : DefaultDialerCache: Refreshing default dialer for user 0: now com.google.android.dialer: DDC.oR@AhE
10-22 22:01:17.756  1387  2032 W PackageParsing: Ignoring duplicate uses-permissions/uses-permissions-sdk-m: android.permission.DISABLE_KEYGUARD in package: com.lfnb.ccrh at: Binary XML file line #24
10-22 22:01:17.767  1387  3322 W BackupTransportManager: Package oaskok.rjsbiydsjifexwubpyuomxy.zslzeeeyzmnfnttztj enabled setting: 0
10-22 22:01:17.771  1387  1669 W BroadcastQueue: Background execution not allowed: receiving Intent { act=android.intent.action.PACKAGE_ADDED dat=package: flg=0x4000010 (has extras) } to com.android.vending/com.google.android.finsky.packagemonitor.backgroundimpl.BackgroundPackageMonitorReceiverImpl$RegisteredReceiver
10-22 22:01:17.772  1387  1669 W BroadcastQueue: Background execution not allowed: receiving Intent { act=android.intent.action.PACKAGE_ADDED dat=package: flg=0x4000010 (has extras) } to com.google.android.gms/.games.chimera.GamesSystemBroadcastReceiverProxy
10-22 22:01:17.772  1387  1669 W BroadcastQueue: Background execution not allowed: receiving Intent { act=android.intent.action.PACKAGE_ADDED dat=package: flg=0x4000010 (has extras) } to com.google.android.gms/.gass.chimera.PackageChangeBroadcastReceiver
10-22 22:01:17.772  1387  1669 W BroadcastQueue: Background execution not allowed: receiving Intent { act=android.intent.action.PACKAGE_ADDED dat=package: flg=0x4000010 (has extras) } to com.google.android.gms/.chimera.GmsIntentOperationService$PersistentTrustedReceiver
10-22 22:01:17.772  1387  1669 W BroadcastQueue: u0 Receiving a broadcast in packagecom.cncd.japan.janli.shudu requires a permissions review
10-22 22:01:17.772  1387  1669 W BroadcastQueue: Skipping delivery: permission review required for Intent { act=android.intent.action.PACKAGE_ADDED dat=package: flg=0x4000010 (has extras) } from null (pid=1387, uid=1000) to com.cncd.japan.janli.shudu/net.l.k.r
10-22 22:01:17.772  1387  1669 W BroadcastQueue: u0 Receiving a broadcast in packagecom.cncd.japan.janli.shudu requires a permissions review
10-22 22:01:17.772  1387  1669 W BroadcastQueue: Skipping delivery: permission review required for Intent { act=android.intent.action.PACKAGE_ADDED dat=package: flg=0x4000010 (has extras) } from null (pid=1387, uid=1000) to com.cncd.japan.janli.shudu/com.feiwofour.coverscreen.SR
10-22 22:01:17.772  1387  1669 W BroadcastQueue: u0 Receiving a broadcast in packagecom.games.mengmeizhitd requires a permissions review
10-22 22:01:17.772  1387  1669 W BroadcastQueue: Skipping delivery: permission review required for Intent { act=android.intent.action.PACKAGE_ADDED dat=package: flg=0x4000010 (has extras) } from null (pid=1387, uid=1000) to com.games.mengmeizhitd/hjnw.ihjnw.i.isqly
10-22 22:01:17.772  1387  1669 W BroadcastQueue: u0 Receiving a broadcast in packagecom.hgperfko.yaeghrwx requires a permissions review
10-22 22:01:17.772  1387  1669 W BroadcastQueue: Skipping delivery: permission review required for Intent { act=android.intent.action.PACKAGE_ADDED dat=package: flg=0x4000010 (has extras) } from null (pid=1387, uid=1000) to com.hgperfko.yaeghrwx/.core.hLytdCQDBv
10-22 22:01:17.772  1387  1669 W BroadcastQueue: Background execution not allowed: receiving Intent { act=android.intent.action.PACKAGE_ADDED dat=package: flg=0x4000010 (has extras) } to com.nox.app.cleaner/com.noxgroup.mobile.keepalive.receiver.WakeUpReceiver$WakeUpAutoStartReceiver
10-22 22:01:17.772  1387  1669 W BroadcastQueue: u0 Receiving a broadcast in packagecom.qiuqiu.dfmc requires a permissions review
10-22 22:01:17.772  1387  1669 W BroadcastQueue: Skipping delivery: permission review required for Intent { act=android.intent.action.PACKAGE_ADDED dat=package: flg=0x4000010 (has extras) } from null (pid=1387, uid=1000) to com.qiuqiu.dfmc/cn.jpush.android.service.PushReceiver
10-22 22:01:17.772  1387  1669 W BroadcastQueue: u0 Receiving a broadcast in packagecom.safesys.viruskiller requires a permissions review
10-22 22:01:17.772  1387  1669 W BroadcastQueue: Skipping delivery: permission review required for Intent { act=android.intent.action.PACKAGE_ADDED dat=package: flg=0x4000010 (has extras) } from null (pid=1387, uid=1000) to com.safesys.viruskiller/.ScanPackageBroadcast
10-22 22:01:17.772  1387  1669 W BroadcastQueue: u0 Receiving a broadcast in packagecom.uc108.mobile.sdgj.bd1 requires a permissions review
10-22 22:01:17.772  1387  1669 W BroadcastQueue: Skipping delivery: permission review required for Intent { act=android.intent.action.PACKAGE_ADDED dat=package: flg=0x4000010 (has extras) } from null (pid=1387, uid=1000) to com.uc108.mobile.sdgj.bd1/com.baidu.tiebasdk.service.InstallReceiver
10-22 22:01:17.772  1387  1669 W BroadcastQueue: u0 Receiving a broadcast in packagecom.voicebianshengjinglingwc.wxl requires a permissions review
10-22 22:01:17.772  1387  1669 W BroadcastQueue: Skipping delivery: permission review required for Intent { act=android.intent.action.PACKAGE_ADDED dat=package: flg=0x4000010 (has extras) } from null (pid=1387, uid=1000) to com.voicebianshengjinglingwc.wxl/mp.ruu.Ztjjwrj
10-22 22:01:17.772  1387  1669 W BroadcastQueue: u0 Receiving a broadcast in packageio.dcloud.H5BC6BF13 requires a permissions review
10-22 22:01:17.772  1387  1669 W BroadcastQueue: Skipping delivery: permission review required for Intent { act=android.intent.action.PACKAGE_ADDED dat=package: flg=0x4000010 (has extras) } from null (pid=1387, uid=1000) to io.dcloud.H5BC6BF13/io.dcloud.common.adapter.io.DownloadReceiver
10-22 22:01:17.797  1387  1789 I PackageManager: Integrity check passed for file:///data/app/vmdl2139566787.tmp
10-22 22:01:17.807  1387  1789 W PackageParsing: Ignoring duplicate uses-permissions/uses-permissions-sdk-m: android.permission.DISABLE_KEYGUARD in package: com.lfnb.ccrh at: Binary XML file line #24
10-22 22:01:17.818  1387  1667 W PackageManager: Failed registering loading progress callback. Package is fully loaded.
10-22 22:01:17.874  1387  1667 W WindowMagnificationMgr: requestConnection duplicated request: connect=false, mConnectionState=DISCONNECTED
10-22 22:01:17.912  1387  1387 I NotificationService: Cannot find enqueued record for key: 0|com.nox.app.cleaner|18065|null|10197
10-22 22:01:17.930  1387  1656 V StorageManagerService: Package null has legacy storage
10-22 22:01:18.039  1387  1789 V BackupManagerService: [UserID:0] restoreAtInstall pkg=com.lfnb.ccrh token=3a restoreSet=0
10-22 22:01:18.039  1387  1789 V BackupManagerService: [UserID:0] Finishing install immediately
10-22 22:01:18.048  1387  1789 D PackageInstallerSession: Marking session 2139566787 as applied
10-22 22:01:18.057  1387  1789 D CompatibilityChangeReporter: Compat change id reported: 168419799; UID 10255; state: DISABLED
10-22 22:01:18.057  1387  1789 D CompatibilityChangeReporter: Compat change id reported: 273564678; UID 10255; state: DISABLED
10-22 22:01:18.064  1387  2048 D CompatibilityChangeReporter: Compat change id reported: 218533173; UID 10255; state: DISABLED
10-22 22:01:18.068  1387  1667 W WindowMagnificationMgr: requestConnection duplicated request: connect=false, mConnectionState=DISCONNECTED
10-22 22:01:18.071  1387  1669 W BroadcastQueue: u0 Receiving a broadcast in packagecom.jr.narutoii requires a permissions review
10-22 22:01:18.071  1387  1669 W BroadcastQueue: Skipping delivery: permission review required for Intent { act=android.intent.action.PACKAGE_ADDED dat=package: flg=0x4000010 (has extras) } from null (pid=1387, uid=1000) to com.jr.narutoii/com.joyriver.engine.proxy.EngineReceiver
10-22 22:01:18.071  1387  1669 W BroadcastQueue: u0 Receiving a broadcast in packagecom.android.buyer requires a permissions review
10-22 22:01:18.071  1387  1669 W BroadcastQueue: Skipping delivery: permission review required for Intent { act=android.intent.action.PACKAGE_ADDED dat=package: flg=0x4000010 (has extras) } from null (pid=1387, uid=1000) to com.android.buyer/.mRve
10-22 22:01:18.073  1387  1387 I Telecom : DefaultDialerCache: Refreshing default dialer for user 0: now com.google.android.dialer: DDC.oR@AhY
10-22 22:01:18.075  1387  1669 W BroadcastQueue: Background execution not allowed: receiving Intent { act=android.intent.action.PACKAGE_ADDED dat=package: flg=0x4000010 (has extras) } to com.google.android.packageinstaller/com.android.packageinstaller.PackageInstalledReceiver
10-22 22:01:18.075  1387  1669 W BroadcastQueue: Background execution not allowed: receiving Intent { act=android.intent.action.PACKAGE_ADDED dat=package: flg=0x4000010 (has extras) } to com.android.vending/com.google.android.finsky.packagemonitor.impl.PackageMonitorReceiverImpl$RegisteredReceiver
10-22 22:01:18.077  1387  1669 W BroadcastQueue: Background execution not allowed: receiving Intent { act=android.intent.action.PACKAGE_ADDED dat=package: flg=0x4000010 (has extras) } to com.android.vending/com.google.android.finsky.packagemonitor.backgroundimpl.BackgroundPackageMonitorReceiverImpl$RegisteredReceiver
10-22 22:01:18.100  1387  1667 W PackageManager: Failed registering loading progress callback. Package is fully loaded.
10-22 22:01:18.111  1387  1784 E VerityUtils: Failed to measure fs-verity, errno 1: /data/app/~~PclGX85qHmP8ZILYykQS8g==/com.lfnb.ccrh-q4EPDn3xmkB5sV_tbZq-JQ==/base.apk
10-22 22:01:18.144  1387  1669 W BroadcastQueue: Background execution not allowed: receiving Intent { act=android.intent.action.PACKAGE_ADDED dat=package: flg=0x4000010 (has extras) } to com.google.android.gms/.games.chimera.GamesSystemBroadcastReceiverProxy
10-22 22:01:18.144  1387  3646 D CompatibilityChangeReporter: Compat change id reported: 161252188; UID 10255; state: DISABLED
10-22 22:01:18.154  1387  1387 V BackupManagerConstants: getFullBackupIntervalMilliseconds(...) returns 86400000
10-22 22:01:18.154  1387  1387 V BackupManagerConstants: getFullBackupRequiredNetworkType(...) returns 2
10-22 22:01:18.154  1387  1387 V BackupManagerConstants: getFullBackupRequireCharging(...) returns true
10-22 22:01:18.161  1387  1669 W BroadcastQueue: Background execution not allowed: receiving Intent { act=android.intent.action.PACKAGE_ADDED dat=package: flg=0x4000010 (has extras) } to com.google.android.gms/.gass.chimera.PackageChangeBroadcastReceiver
10-22 22:01:18.165  1387  1669 W BroadcastQueue: Background execution not allowed: receiving Intent { act=android.intent.action.PACKAGE_ADDED dat=package: flg=0x4000010 (has extras) } to com.google.android.gms/.chimera.GmsIntentOperationService$PersistentTrustedReceiver
10-22 22:01:18.166  1387  1669 W BroadcastQueue: u0 Receiving a broadcast in packagecom.cncd.japan.janli.shudu requires a permissions review
10-22 22:01:18.166  1387  1669 W BroadcastQueue: Skipping delivery: permission review required for Intent { act=android.intent.action.PACKAGE_ADDED dat=package: flg=0x4000010 (has extras) } from null (pid=1387, uid=1000) to com.cncd.japan.janli.shudu/net.l.k.r
10-22 22:01:18.166  1387  1669 W BroadcastQueue: u0 Receiving a broadcast in packagecom.cncd.japan.janli.shudu requires a permissions review
10-22 22:01:18.166  1387  1669 W BroadcastQueue: Skipping delivery: permission review required for Intent { act=android.intent.action.PACKAGE_ADDED dat=package: flg=0x4000010 (has extras) } from null (pid=1387, uid=1000) to com.cncd.japan.janli.shudu/com.feiwofour.coverscreen.SR
10-22 22:01:18.166  1387  1669 W BroadcastQueue: u0 Receiving a broadcast in packagecom.games.mengmeizhitd requires a permissions review
10-22 22:01:18.166  1387  1669 W BroadcastQueue: Skipping delivery: permission review required for Intent { act=android.intent.action.PACKAGE_ADDED dat=package: flg=0x4000010 (has extras) } from null (pid=1387, uid=1000) to com.games.mengmeizhitd/hjnw.ihjnw.i.isqly
10-22 22:01:18.166  1387  1669 W BroadcastQueue: u0 Receiving a broadcast in packagecom.hgperfko.yaeghrwx requires a permissions review
10-22 22:01:18.166  1387  1669 W BroadcastQueue: Skipping delivery: permission review required for Intent { act=android.intent.action.PACKAGE_ADDED dat=package: flg=0x4000010 (has extras) } from null (pid=1387, uid=1000) to com.hgperfko.yaeghrwx/.core.hLytdCQDBv
10-22 22:01:18.166  1387  1669 W BroadcastQueue: Background execution not allowed: receiving Intent { act=android.intent.action.PACKAGE_ADDED dat=package: flg=0x4000010 (has extras) } to com.nox.app.cleaner/com.noxgroup.mobile.keepalive.receiver.WakeUpReceiver$WakeUpAutoStartReceiver
10-22 22:01:18.166  1387  1669 W BroadcastQueue: u0 Receiving a broadcast in packagecom.qiuqiu.dfmc requires a permissions review
10-22 22:01:18.166  1387  1669 W BroadcastQueue: Skipping delivery: permission review required for Intent { act=android.intent.action.PACKAGE_ADDED dat=package: flg=0x4000010 (has extras) } from null (pid=1387, uid=1000) to com.qiuqiu.dfmc/cn.jpush.android.service.PushReceiver
10-22 22:01:18.175  1387  1669 W BroadcastQueue: u0 Receiving a broadcast in packagecom.safesys.viruskiller requires a permissions review
10-22 22:01:18.175  1387  1669 W BroadcastQueue: Skipping delivery: permission review required for Intent { act=android.intent.action.PACKAGE_ADDED dat=package: flg=0x4000010 (has extras) } from null (pid=1387, uid=1000) to com.safesys.viruskiller/.ScanPackageBroadcast
10-22 22:01:18.175  1387  1669 W BroadcastQueue: u0 Receiving a broadcast in packagecom.uc108.mobile.sdgj.bd1 requires a permissions review
10-22 22:01:18.175  1387  1669 W BroadcastQueue: Skipping delivery: permission review required for Intent { act=android.intent.action.PACKAGE_ADDED dat=package: flg=0x4000010 (has extras) } from null (pid=1387, uid=1000) to com.uc108.mobile.sdgj.bd1/com.baidu.tiebasdk.service.InstallReceiver
10-22 22:01:18.175  1387  1669 W BroadcastQueue: u0 Receiving a broadcast in packagecom.voicebianshengjinglingwc.wxl requires a permissions review
10-22 22:01:18.175  1387  1669 W BroadcastQueue: Skipping delivery: permission review required for Intent { act=android.intent.action.PACKAGE_ADDED dat=package: flg=0x4000010 (has extras) } from null (pid=1387, uid=1000) to com.voicebianshengjinglingwc.wxl/mp.ruu.Ztjjwrj
10-22 22:01:18.176  1387  1789 E PackageManager: ERROR: could not load root hash from incremental install
10-22 22:01:18.179  1387  1669 W BroadcastQueue: u0 Receiving a broadcast in packageio.dcloud.H5BC6BF13 requires a permissions review
10-22 22:01:18.179  1387  1669 W BroadcastQueue: Skipping delivery: permission review required for Intent { act=android.intent.action.PACKAGE_ADDED dat=package: flg=0x4000010 (has extras) } from null (pid=1387, uid=1000) to io.dcloud.H5BC6BF13/io.dcloud.common.adapter.io.DownloadReceiver
10-22 22:01:18.183  1387  1667 W WindowMagnificationMgr: requestConnection duplicated request: connect=false, mConnectionState=DISCONNECTED
10-22 22:01:18.217  1387  1387 I Telecom : DefaultDialerCache: Refreshing default dialer for user 0: now com.google.android.dialer: DDC.oR@Ahk
10-22 22:01:18.221  1387  3322 W BackupTransportManager: Package com.lfnb.ccrh enabled setting: 0
10-22 22:01:18.237  1387  1789 I PackageManager: Integrity check passed for file:///data/app/vmdl1481140910.tmp
10-22 22:01:18.379  1387  1656 V StorageManagerService: Package null has legacy storage
10-22 22:01:18.384  1387  1387 W NotificationHistory: Attempted to add notif for locked/gone/disabled user 0
10-22 22:01:18.538  1387  1789 V BackupManagerService: [UserID:0] restoreAtInstall pkg=com.android.system.admin token=3b restoreSet=0
10-22 22:01:18.538  1387  1789 V BackupManagerService: [UserID:0] Finishing install immediately
10-22 22:01:18.540  1387  1789 D PackageInstallerSession: Marking session 1481140910 as applied
10-22 22:01:18.548  1387  1789 D CompatibilityChangeReporter: Compat change id reported: 168419799; UID 10256; state: DISABLED
10-22 22:01:18.548  1387  1789 D CompatibilityChangeReporter: Compat change id reported: 273564678; UID 10256; state: DISABLED
10-22 22:01:18.551  1387  2048 D CompatibilityChangeReporter: Compat change id reported: 218533173; UID 10256; state: DISABLED
10-22 22:01:18.552  1387  1669 W BroadcastQueue: u0 Receiving a broadcast in packagecom.jr.narutoii requires a permissions review
10-22 22:01:18.552  1387  1669 W BroadcastQueue: Skipping delivery: permission review required for Intent { act=android.intent.action.PACKAGE_ADDED dat=package: flg=0x4000010 (has extras) } from null (pid=1387, uid=1000) to com.jr.narutoii/com.joyriver.engine.proxy.EngineReceiver
10-22 22:01:18.552  1387  1669 W BroadcastQueue: u0 Receiving a broadcast in packagecom.android.buyer requires a permissions review
10-22 22:01:18.552  1387  1669 W BroadcastQueue: Skipping delivery: permission review required for Intent { act=android.intent.action.PACKAGE_ADDED dat=package: flg=0x4000010 (has extras) } from null (pid=1387, uid=1000) to com.android.buyer/.mRve
10-22 22:01:18.552  1387  1669 W BroadcastQueue: Background execution not allowed: receiving Intent { act=android.intent.action.PACKAGE_ADDED dat=package: flg=0x4000010 (has extras) } to com.google.android.packageinstaller/com.android.packageinstaller.PackageInstalledReceiver
10-22 22:01:18.553  1387  1669 W BroadcastQueue: Background execution not allowed: receiving Intent { act=android.intent.action.PACKAGE_ADDED dat=package: flg=0x4000010 (has extras) } to com.android.vending/com.google.android.finsky.packagemonitor.impl.PackageMonitorReceiverImpl$RegisteredReceiver
10-22 22:01:18.553  1387  1669 W BroadcastQueue: Background execution not allowed: receiving Intent { act=android.intent.action.PACKAGE_ADDED dat=package: flg=0x4000010 (has extras) } to com.android.vending/com.google.android.finsky.packagemonitor.backgroundimpl.BackgroundPackageMonitorReceiverImpl$RegisteredReceiver
10-22 22:01:18.553  1387  1669 W BroadcastQueue: Background execution not allowed: receiving Intent { act=android.intent.action.PACKAGE_ADDED dat=package: flg=0x4000010 (has extras) } to com.google.android.gms/.games.chimera.GamesSystemBroadcastReceiverProxy
10-22 22:01:18.553  1387  1669 W BroadcastQueue: Background execution not allowed: receiving Intent { act=android.intent.action.PACKAGE_ADDED dat=package: flg=0x4000010 (has extras) } to com.google.android.gms/.gass.chimera.PackageChangeBroadcastReceiver
10-22 22:01:18.553  1387  1669 W BroadcastQueue: Background execution not allowed: receiving Intent { act=android.intent.action.PACKAGE_ADDED dat=package: flg=0x4000010 (has extras) } to com.google.android.gms/.chimera.GmsIntentOperationService$PersistentTrustedReceiver
10-22 22:01:18.553  1387  1669 W BroadcastQueue: u0 Receiving a broadcast in packagecom.cncd.japan.janli.shudu requires a permissions review
10-22 22:01:18.553  1387  1669 W BroadcastQueue: Skipping delivery: permission review required for Intent { act=android.intent.action.PACKAGE_ADDED dat=package: flg=0x4000010 (has extras) } from null (pid=1387, uid=1000) to com.cncd.japan.janli.shudu/net.l.k.r
10-22 22:01:18.553  1387  1669 W BroadcastQueue: u0 Receiving a broadcast in packagecom.cncd.japan.janli.shudu requires a permissions review
10-22 22:01:18.553  1387  1669 W BroadcastQueue: Skipping delivery: permission review required for Intent { act=android.intent.action.PACKAGE_ADDED dat=package: flg=0x4000010 (has extras) } from null (pid=1387, uid=1000) to com.cncd.japan.janli.shudu/com.feiwofour.coverscreen.SR
10-22 22:01:18.553  1387  1669 W BroadcastQueue: u0 Receiving a broadcast in packagecom.games.mengmeizhitd requires a permissions review
10-22 22:01:18.553  1387  1669 W BroadcastQueue: Skipping delivery: permission review required for Intent { act=android.intent.action.PACKAGE_ADDED dat=package: flg=0x4000010 (has extras) } from null (pid=1387, uid=1000) to com.games.mengmeizhitd/hjnw.ihjnw.i.isqly
10-22 22:01:18.553  1387  1669 W BroadcastQueue: u0 Receiving a broadcast in packagecom.hgperfko.yaeghrwx requires a permissions review
10-22 22:01:18.553  1387  1669 W BroadcastQueue: Skipping delivery: permission review required for Intent { act=android.intent.action.PACKAGE_ADDED dat=package: flg=0x4000010 (has extras) } from null (pid=1387, uid=1000) to com.hgperfko.yaeghrwx/.core.hLytdCQDBv
10-22 22:01:18.553  1387  1669 W BroadcastQueue: Background execution not allowed: receiving Intent { act=android.intent.action.PACKAGE_ADDED dat=package: flg=0x4000010 (has extras) } to com.nox.app.cleaner/com.noxgroup.mobile.keepalive.receiver.WakeUpReceiver$WakeUpAutoStartReceiver
10-22 22:01:18.553  1387  1669 W BroadcastQueue: u0 Receiving a broadcast in packagecom.qiuqiu.dfmc requires a permissions review
10-22 22:01:18.553  1387  1669 W BroadcastQueue: Skipping delivery: permission review required for Intent { act=android.intent.action.PACKAGE_ADDED dat=package: flg=0x4000010 (has extras) } from null (pid=1387, uid=1000) to com.qiuqiu.dfmc/cn.jpush.android.service.PushReceiver
10-22 22:01:18.553  1387  1669 W BroadcastQueue: u0 Receiving a broadcast in packagecom.safesys.viruskiller requires a permissions review
10-22 22:01:18.553  1387  1669 W BroadcastQueue: Skipping delivery: permission review required for Intent { act=android.intent.action.PACKAGE_ADDED dat=package: flg=0x4000010 (has extras) } from null (pid=1387, uid=1000) to com.safesys.viruskiller/.ScanPackageBroadcast
10-22 22:01:18.553  1387  1669 W BroadcastQueue: u0 Receiving a broadcast in packagecom.uc108.mobile.sdgj.bd1 requires a permissions review
10-22 22:01:18.553  1387  1669 W BroadcastQueue: Skipping delivery: permission review required for Intent { act=android.intent.action.PACKAGE_ADDED dat=package: flg=0x4000010 (has extras) } from null (pid=1387, uid=1000) to com.uc108.mobile.sdgj.bd1/com.baidu.tiebasdk.service.InstallReceiver
10-22 22:01:18.553  1387  1669 W BroadcastQueue: u0 Receiving a broadcast in packagecom.voicebianshengjinglingwc.wxl requires a permissions review
10-22 22:01:18.553  1387  1669 W BroadcastQueue: Skipping delivery: permission review required for Intent { act=android.intent.action.PACKAGE_ADDED dat=package: flg=0x4000010 (has extras) } from null (pid=1387, uid=1000) to com.voicebianshengjinglingwc.wxl/mp.ruu.Ztjjwrj
10-22 22:01:18.553  1387  1669 W BroadcastQueue: u0 Receiving a broadcast in packageio.dcloud.H5BC6BF13 requires a permissions review
10-22 22:01:18.553  1387  1669 W BroadcastQueue: Skipping delivery: permission review required for Intent { act=android.intent.action.PACKAGE_ADDED dat=package: flg=0x4000010 (has extras) } from null (pid=1387, uid=1000) to io.dcloud.H5BC6BF13/io.dcloud.common.adapter.io.DownloadReceiver
10-22 22:01:18.560  1387  1387 I Telecom : DefaultDialerCache: Refreshing default dialer for user 0: now com.google.android.dialer: DDC.oR@Ahw
10-22 22:01:18.561  1387  1667 W WindowMagnificationMgr: requestConnection duplicated request: connect=false, mConnectionState=DISCONNECTED
10-22 22:01:18.568  1387  1387 V BackupManagerConstants: getFullBackupIntervalMilliseconds(...) returns 86400000
10-22 22:01:18.568  1387  1387 V BackupManagerConstants: getFullBackupRequiredNetworkType(...) returns 2
10-22 22:01:18.568  1387  1387 V BackupManagerConstants: getFullBackupRequireCharging(...) returns true
10-22 22:01:18.590  1387  1667 W PackageManager: Failed registering loading progress callback. Package is fully loaded.
10-22 22:01:18.604  1387  1784 E VerityUtils: Failed to measure fs-verity, errno 1: /data/app/~~MsOUeVost3xDjh9ycnegCQ==/com.android.system.admin-FQgfmzYtBysGiowS02DBqA==/base.apk
10-22 22:01:18.621  1387  1387 I Telecom : DefaultDialerCache: Refreshing default dialer for user 0: now com.google.android.dialer: DDC.oR@Ah8
10-22 22:01:18.626  1387  3322 W BackupTransportManager: Package com.android.system.admin enabled setting: 0
10-22 22:01:18.641  1387  1667 W WindowMagnificationMgr: requestConnection duplicated request: connect=false, mConnectionState=DISCONNECTED
10-22 22:01:18.650  1387  1466 D CompatibilityChangeReporter: Compat change id reported: 161252188; UID 10256; state: DISABLED
10-22 22:01:18.788  1387  1387 E NotificationService: Muting recently noisy 0|com.nox.app.cleaner|18065|null|10197
10-22 22:01:18.827  1387  1789 E PackageManager: ERROR: could not load root hash from incremental install
10-22 22:01:18.830  1387  2032 W PackageParsing: Ignoring duplicate uses-permissions/uses-permissions-sdk-m: android.permission.WAKE_LOCK in package: yeyrm.ywoqeyfxty.hdp at: Binary XML file line #24
10-22 22:01:18.890  1387  1789 I PackageManager: Integrity check passed for file:///data/app/vmdl1046092605.tmp
10-22 22:01:18.897  1387  1789 W PackageParsing: Ignoring duplicate uses-permissions/uses-permissions-sdk-m: android.permission.WAKE_LOCK in package: yeyrm.ywoqeyfxty.hdp at: Binary XML file line #24
10-22 22:01:18.992  1387  1656 V StorageManagerService: Package null has legacy storage
10-22 22:01:19.177  1387  4384 D SystemServerTiming: getUserSwitchability-0
10-22 22:01:19.177  1387  4384 D SystemServerTiming: TM.isInCall
10-22 22:01:19.177  1387  8878 D SystemServerTiming: getUserSwitchability-0
10-22 22:01:19.177  1387  8878 D SystemServerTiming: TM.isInCall
10-22 22:01:19.178  1387  4384 D SystemServerTiming: hasUserRestriction-DISALLOW_USER_SWITCH
10-22 22:01:19.178  1387  4384 D SystemServerTiming: getInt-ALLOW_USER_SWITCHING_WHEN_SYSTEM_USER_LOCKED
10-22 22:01:19.178  1387  4384 D SystemServerTiming: isUserUnlocked-USER_SYSTEM
10-22 22:01:19.179  1387  8878 D SystemServerTiming: hasUserRestriction-DISALLOW_USER_SWITCH
10-22 22:01:19.179  1387  8878 D SystemServerTiming: getInt-ALLOW_USER_SWITCHING_WHEN_SYSTEM_USER_LOCKED
10-22 22:01:19.179  1387  8878 D SystemServerTiming: isUserUnlocked-USER_SYSTEM
10-22 22:01:19.281  1387  1789 V BackupManagerService: [UserID:0] restoreAtInstall pkg=yeyrm.ywoqeyfxty.hdp token=3c restoreSet=0
10-22 22:01:19.282  1387  1789 V BackupManagerService: [UserID:0] Finishing install immediately
10-22 22:01:19.283  1387  1789 D PackageInstallerSession: Marking session 1046092605 as applied
10-22 22:01:19.287  1387  1789 D CompatibilityChangeReporter: Compat change id reported: 168419799; UID 10257; state: DISABLED
10-22 22:01:19.287  1387  1789 D CompatibilityChangeReporter: Compat change id reported: 273564678; UID 10257; state: DISABLED
10-22 22:01:19.292  1387  2048 D CompatibilityChangeReporter: Compat change id reported: 218533173; UID 10257; state: DISABLED
10-22 22:01:19.300  1387  9004 W BroadcastQueue: u0 Receiving a broadcast in packagecom.jr.narutoii requires a permissions review
