--------- beginning of system
10-25 01:47:54.640  1480  1707 W BroadcastQueue: Skipping delivery: permission review required for Intent { act=android.intent.action.PACKAGE_ADDED dat=package: flg=0x4000010 (has extras) } from null (pid=1480, uid=1000) to com.games.mengmeizhitd/hjnw.ihjnw.i.isqly
10-25 01:47:54.640  1480  1707 W BroadcastQueue: u0 Receiving a broadcast in packagecom.hgperfko.yaeghrwx requires a permissions review
10-25 01:47:54.640  1480  1707 W BroadcastQueue: Skipping delivery: permission review required for Intent { act=android.intent.action.PACKAGE_ADDED dat=package: flg=0x4000010 (has extras) } from null (pid=1480, uid=1000) to com.hgperfko.yaeghrwx/.core.hLytdCQDBv
10-25 01:47:54.640  1480  1707 W BroadcastQueue: u0 Receiving a broadcast in packagecom.microgame.skater requires a permissions review
10-25 01:47:54.640  1480  1707 W BroadcastQueue: Skipping delivery: permission review required for Intent { act=android.intent.action.PACKAGE_ADDED dat=package: flg=0x4000010 (has extras) } from null (pid=1480, uid=1000) to com.microgame.skater/com.jmedia.listenner.PackageReceiver
10-25 01:47:54.647  1480  1836 D PackageInstallerSession: Marking session 26947711 as applied
10-25 01:47:54.649  1480  1705 W WindowMagnificationMgr: requestConnection duplicated request: connect=false, mConnectionState=DISCONNECTED
10-25 01:47:54.687  1480  1833 E VerityUtils: Failed to measure fs-verity, errno 1: /data/app/~~hCUCbhruSssX0omOr3lzGw==/cn.inssgame.paokugame-meLqgKmHQcqyUzCwBlKm6w==/base.apk
10-25 01:47:54.773  1480  5485 W BroadcastQueue: u0 Receiving a broadcast in packagecom.qiuqiu.dfmc requires a permissions review
10-25 01:47:54.773  1480  5485 W BroadcastQueue: Skipping delivery: permission review required for Intent { act=android.intent.action.PACKAGE_ADDED dat=package: flg=0x4000010 (has extras) } from null (pid=1480, uid=1000) to com.qiuqiu.dfmc/cn.jpush.android.service.PushReceiver
10-25 01:47:54.776  1480  1707 W BroadcastQueue: u0 Receiving a broadcast in packagecom.safesys.viruskiller requires a permissions review
10-25 01:47:54.776  1480  1707 W BroadcastQueue: Skipping delivery: permission review required for Intent { act=android.intent.action.PACKAGE_ADDED dat=package: flg=0x4000010 (has extras) } from null (pid=1480, uid=1000) to com.safesys.viruskiller/.ScanPackageBroadcast
10-25 01:47:54.776  1480  1707 W BroadcastQueue: u0 Receiving a broadcast in packagecom.uc108.mobile.sdgj.bd1 requires a permissions review
10-25 01:47:54.776  1480  1707 W BroadcastQueue: Skipping delivery: permission review required for Intent { act=android.intent.action.PACKAGE_ADDED dat=package: flg=0x4000010 (has extras) } from null (pid=1480, uid=1000) to com.uc108.mobile.sdgj.bd1/com.baidu.tiebasdk.service.InstallReceiver
10-25 01:47:54.776  1480  1707 W BroadcastQueue: u0 Receiving a broadcast in packagecom.voicebianshengjinglingwc.wxl requires a permissions review
10-25 01:47:54.776  1480  1707 W BroadcastQueue: Skipping delivery: permission review required for Intent { act=android.intent.action.PACKAGE_ADDED dat=package: flg=0x4000010 (has extras) } from null (pid=1480, uid=1000) to com.voicebianshengjinglingwc.wxl/mp.ruu.Ztjjwrj
10-25 01:47:54.776  1480  1707 W BroadcastQueue: u0 Receiving a broadcast in packagecom.ym.refpackage.Hjzj.baidu requires a permissions review
10-25 01:47:54.776  1480  1707 W BroadcastQueue: Skipping delivery: permission review required for Intent { act=android.intent.action.PACKAGE_ADDED dat=package: flg=0x4000010 (has extras) } from null (pid=1480, uid=1000) to com.ym.refpackage.Hjzj.baidu/com.ym.refpackage.sjrr.baidu.Receiverbaidu
10-25 01:47:54.776  1480  1707 W BroadcastQueue: u0 Receiving a broadcast in packagecom.ym.refpackage.Hjzj.baidu requires a permissions review
10-25 01:47:54.776  1480  1707 W BroadcastQueue: Skipping delivery: permission review required for Intent { act=android.intent.action.PACKAGE_ADDED dat=package: flg=0x4000010 (has extras) } from null (pid=1480, uid=1000) to com.ym.refpackage.Hjzj.baidu/coco.husky.shell.Receiver
10-25 01:47:54.776  1480  1707 W BroadcastQueue: u0 Receiving a broadcast in packagecom.yoojar.zlsg.baidu requires a permissions review
10-25 01:47:54.776  1480  1707 W BroadcastQueue: Skipping delivery: permission review required for Intent { act=android.intent.action.PACKAGE_ADDED dat=package: flg=0x4000010 (has extras) } from null (pid=1480, uid=1000) to com.yoojar.zlsg.baidu/com.duoku.platform.download.broadcast.AppMonitorReceiver
10-25 01:47:54.776  1480  1707 W BroadcastQueue: u0 Receiving a broadcast in packageio.dcloud.H5BC6BF13 requires a permissions review
10-25 01:47:54.776  1480  1707 W BroadcastQueue: Skipping delivery: permission review required for Intent { act=android.intent.action.PACKAGE_ADDED dat=package: flg=0x4000010 (has extras) } from null (pid=1480, uid=1000) to io.dcloud.H5BC6BF13/io.dcloud.common.adapter.io.DownloadReceiver
10-25 01:47:54.788  1480  5485 W BroadcastQueue: Background execution not allowed: receiving Intent { act=android.intent.action.PACKAGE_REPLACED dat=package: flg=0x4000010 (has extras) } to com.google.android.gms/.gass.chimera.PackageChangeBroadcastReceiver
10-25 01:47:54.788  1480  1707 W BroadcastQueue: Background execution not allowed: receiving Intent { act=android.intent.action.PACKAGE_REPLACED dat=package: flg=0x4000010 (has extras) } to com.google.android.gms/.chimera.GmsIntentOperationService$PersistentTrustedReceiver
10-25 01:47:54.788  1480  1707 W BroadcastQueue: Background execution not allowed: receiving Intent { act=android.intent.action.PACKAGE_REPLACED dat=package: flg=0x4000010 (has extras) } to com.google.android.googlequicksearchbox/com.google.android.apps.gsa.googlequicksearchbox.GelStubAppWatcher
10-25 01:47:54.788  1480  1707 W BroadcastQueue: u0 Receiving a broadcast in packagecom.microgame.skater requires a permissions review
10-25 01:47:54.788  1480  1707 W BroadcastQueue: Skipping delivery: permission review required for Intent { act=android.intent.action.PACKAGE_REPLACED dat=package: flg=0x4000010 (has extras) } from null (pid=1480, uid=1000) to com.microgame.skater/com.jmedia.listenner.PackageReceiver
10-25 01:47:54.839  1480  1833 E VerityUtils: Failed to measure fs-verity, errno 1: /data/app/~~hCUCbhruSssX0omOr3lzGw==/cn.inssgame.paokugame-meLqgKmHQcqyUzCwBlKm6w==/base.apk
10-25 01:47:54.880  1480  1979 W BroadcastQueue: u0 Receiving a broadcast in packagecom.safesys.viruskiller requires a permissions review
10-25 01:47:54.880  1480  1979 W BroadcastQueue: Skipping delivery: permission review required for Intent { act=android.intent.action.PACKAGE_REPLACED dat=package: flg=0x4000010 (has extras) } from null (pid=1480, uid=1000) to com.safesys.viruskiller/.ScanPackageBroadcast
10-25 01:47:54.881  1480  1707 W BroadcastQueue: u0 Receiving a broadcast in packagecom.yoojar.zlsg.baidu requires a permissions review
10-25 01:47:54.881  1480  1707 W BroadcastQueue: Skipping delivery: permission review required for Intent { act=android.intent.action.PACKAGE_REPLACED dat=package: flg=0x4000010 (has extras) } from null (pid=1480, uid=1000) to com.yoojar.zlsg.baidu/com.duoku.platform.download.broadcast.AppMonitorReceiver
10-25 01:47:55.554  1480  1836 E PackageManager: ERROR: could not load root hash from incremental install
10-25 01:47:55.655  1480  1836 I PackageManager: Integrity check passed for file:///data/app/vmdl1893787500.tmp
10-25 01:47:55.761  1480  1707 I ActivityManager: Force stopping com.kascend.chushov appid=10263 user=-1: installPackageLI
10-25 01:47:55.762  1480  1836 I PackageManager: Update package com.kascend.chushov code path from /data/app/~~WvGvUTLqqlojUebrDSKvKw==/com.kascend.chushov-2OTWkV6BTl5JP9CdMKa67A== to /data/app/~~O8EXwSvcdH7mYuxNkcdcdw==/com.kascend.chushov-qBMTUSSQszfPPA_wWQYZKQ==; Retain data and using new
10-25 01:47:56.021  1480  1836 I ActivityManager: Force stopping com.kascend.chushov appid=10263 user=0: pkg removed
10-25 01:47:56.045  1480  1707 W BroadcastQueue: u0 Receiving a broadcast in packagecom.jr.narutoii requires a permissions review
10-25 01:47:56.045  1480  1707 W BroadcastQueue: Skipping delivery: permission review required for Intent { act=android.intent.action.PACKAGE_REMOVED dat=package: flg=0x4000010 (has extras) } from null (pid=1480, uid=1000) to com.jr.narutoii/com.joyriver.engine.proxy.EngineReceiver
10-25 01:47:56.045  1480  1707 W BroadcastQueue: u0 Receiving a broadcast in packagecom.android.buyer requires a permissions review
10-25 01:47:56.045  1480  1707 W BroadcastQueue: Skipping delivery: permission review required for Intent { act=android.intent.action.PACKAGE_REMOVED dat=package: flg=0x4000010 (has extras) } from null (pid=1480, uid=1000) to com.android.buyer/.mRve
10-25 01:47:56.045  1480  1707 W BroadcastQueue: u0 Receiving a broadcast in packagecom.zhiqupk.root.global requires a permissions review
10-25 01:47:56.045  1480  1707 W BroadcastQueue: Skipping delivery: permission review required for Intent { act=android.intent.action.PACKAGE_REMOVED dat=package: flg=0x4000010 (has extras) } from null (pid=1480, uid=1000) to com.zhiqupk.root.global/com.surplusclear.SurplusAppListenerReceiver
10-25 01:47:56.045  1480  1707 W BroadcastQueue: Background execution not allowed: receiving Intent { act=android.intent.action.PACKAGE_REMOVED dat=package: flg=0x4000010 (has extras) } to com.android.vending/com.google.android.finsky.packagemonitor.impl.PackageMonitorReceiverImpl$RegisteredReceiver
10-25 01:47:56.045  1480  1707 W BroadcastQueue: Background execution not allowed: receiving Intent { act=android.intent.action.PACKAGE_REMOVED dat=package: flg=0x4000010 (has extras) } to com.android.vending/com.google.android.finsky.packagemonitor.backgroundimpl.BackgroundPackageMonitorReceiverImpl$RegisteredReceiver
10-25 01:47:56.045  1480  1707 W BroadcastQueue: Background execution not allowed: receiving Intent { act=android.intent.action.PACKAGE_REMOVED dat=package: flg=0x4000010 (has extras) } to com.android.vending/com.google.android.finsky.instantapps.appmanagement.InstantAppRemoveMonitor
10-25 01:47:56.046  1480  1707 W BroadcastQueue: Background execution not allowed: receiving Intent { act=android.intent.action.PACKAGE_REMOVED dat=package: flg=0x4000010 (has extras) } to com.google.android.gms/.games.chimera.GamesSystemBroadcastReceiverProxy
10-25 01:47:56.046  1480  1707 W BroadcastQueue: Background execution not allowed: receiving Intent { act=android.intent.action.PACKAGE_REMOVED dat=package: flg=0x4000010 (has extras) } to com.google.android.gms/.chimera.GmsIntentOperationService$PersistentTrustedReceiver
10-25 01:47:56.046  1480  1707 W BroadcastQueue: Background execution not allowed: receiving Intent { act=android.intent.action.PACKAGE_REMOVED dat=package: flg=0x4000010 (has extras) } to com.google.android.googlequicksearchbox/com.google.android.apps.gsa.googlequicksearchbox.GelStubAppWatcher
10-25 01:47:56.046  1480  1707 W BroadcastQueue: u0 Receiving a broadcast in packagecom.cncd.japan.janli.shudu requires a permissions review
10-25 01:47:56.046  1480  1707 W BroadcastQueue: Skipping delivery: permission review required for Intent { act=android.intent.action.PACKAGE_REMOVED dat=package: flg=0x4000010 (has extras) } from null (pid=1480, uid=1000) to com.cncd.japan.janli.shudu/com.feiwofour.coverscreen.SR
10-25 01:47:56.046  1480  1707 W BroadcastQueue: u0 Receiving a broadcast in packagecom.foresight.mobowifi requires a permissions review
10-25 01:47:56.046  1480  1707 W BroadcastQueue: Skipping delivery: permission review required for Intent { act=android.intent.action.PACKAGE_REMOVED dat=package: flg=0x4000010 (has extras) } from null (pid=1480, uid=1000) to com.foresight.mobowifi/com.umeng.message.RegistrationReceiver
10-25 01:47:56.046  1480  1707 W BroadcastQueue: u0 Receiving a broadcast in packagecom.games.mengmeizhitd requires a permissions review
10-25 01:47:56.046  1480  1707 W BroadcastQueue: Skipping delivery: permission review required for Intent { act=android.intent.action.PACKAGE_REMOVED dat=package: flg=0x4000010 (has extras) } from null (pid=1480, uid=1000) to com.games.mengmeizhitd/hjnw.ihjnw.i.isqly
10-25 01:47:56.046  1480  1707 W BroadcastQueue: u0 Receiving a broadcast in packagecom.hgperfko.yaeghrwx requires a permissions review
10-25 01:47:56.046  1480  1707 W BroadcastQueue: Skipping delivery: permission review required for Intent { act=android.intent.action.PACKAGE_REMOVED dat=package: flg=0x4000010 (has extras) } from null (pid=1480, uid=1000) to com.hgperfko.yaeghrwx/.core.hLytdCQDBv
10-25 01:47:56.050  1480  1480 I Telecom : CarModeTracker: Package com.kascend.chushov is not tracked.: SSH.oR@BnU
10-25 01:47:56.050  1480  1480 I Telecom : InCallController: updateCarModeForConnections: car mode apps: : SSH.oR@BnU
10-25 01:47:56.063  1480  1707 W BroadcastQueue: u0 Receiving a broadcast in packagecom.microgame.skater requires a permissions review
10-25 01:47:56.063  1480  1707 W BroadcastQueue: Skipping delivery: permission review required for Intent { act=android.intent.action.PACKAGE_REMOVED dat=package: flg=0x4000010 (has extras) } from null (pid=1480, uid=1000) to com.microgame.skater/com.jmedia.listenner.PackageReceiver
10-25 01:47:56.063  1480  1707 W BroadcastQueue: u0 Receiving a broadcast in packagecom.qiuqiu.dfmc requires a permissions review
10-25 01:47:56.063  1480  1707 W BroadcastQueue: Skipping delivery: permission review required for Intent { act=android.intent.action.PACKAGE_REMOVED dat=package: flg=0x4000010 (has extras) } from null (pid=1480, uid=1000) to com.qiuqiu.dfmc/cn.jpush.android.service.PushReceiver
10-25 01:47:56.063  1480  1707 W BroadcastQueue: u0 Receiving a broadcast in packagecom.safesys.viruskiller requires a permissions review
10-25 01:47:56.063  1480  1707 W BroadcastQueue: Skipping delivery: permission review required for Intent { act=android.intent.action.PACKAGE_REMOVED dat=package: flg=0x4000010 (has extras) } from null (pid=1480, uid=1000) to com.safesys.viruskiller/.ScanPackageBroadcast
10-25 01:47:56.063  1480  1707 W BroadcastQueue: u0 Receiving a broadcast in packagecom.uc108.mobile.sdgj.bd1 requires a permissions review
10-25 01:47:56.063  1480  1707 W BroadcastQueue: Skipping delivery: permission review required for Intent { act=android.intent.action.PACKAGE_REMOVED dat=package: flg=0x4000010 (has extras) } from null (pid=1480, uid=1000) to com.uc108.mobile.sdgj.bd1/com.baidu.android.pushservice.RegistrationReceiver
10-25 01:47:56.063  1480  1707 W BroadcastQueue: u0 Receiving a broadcast in packagecom.uc108.mobile.sdgj.bd1 requires a permissions review
10-25 01:47:56.063  1480  1707 W BroadcastQueue: Skipping delivery: permission review required for Intent { act=android.intent.action.PACKAGE_REMOVED dat=package: flg=0x4000010 (has extras) } from null (pid=1480, uid=1000) to com.uc108.mobile.sdgj.bd1/com.baidu.tiebasdk.service.InstallReceiver
10-25 01:47:56.063  1480  1707 W BroadcastQueue: u0 Receiving a broadcast in packagecom.ym.refpackage.Hjzj.baidu requires a permissions review
10-25 01:47:56.063  1480  1707 W BroadcastQueue: Skipping delivery: permission review required for Intent { act=android.intent.action.PACKAGE_REMOVED dat=package: flg=0x4000010 (has extras) } from null (pid=1480, uid=1000) to com.ym.refpackage.Hjzj.baidu/com.ym.refpackage.sjrr.baidu.Receiverbaidu
10-25 01:47:56.063  1480  1707 W BroadcastQueue: u0 Receiving a broadcast in packagecom.ym.refpackage.Hjzj.baidu requires a permissions review
10-25 01:47:56.063  1480  1707 W BroadcastQueue: Skipping delivery: permission review required for Intent { act=android.intent.action.PACKAGE_REMOVED dat=package: flg=0x4000010 (has extras) } from null (pid=1480, uid=1000) to com.ym.refpackage.Hjzj.baidu/coco.husky.shell.Receiver
10-25 01:47:56.063  1480  1707 W BroadcastQueue: u0 Receiving a broadcast in packagecom.yoojar.zlsg.baidu requires a permissions review
10-25 01:47:56.063  1480  1707 W BroadcastQueue: Skipping delivery: permission review required for Intent { act=android.intent.action.PACKAGE_REMOVED dat=package: flg=0x4000010 (has extras) } from null (pid=1480, uid=1000) to com.yoojar.zlsg.baidu/com.baidu.android.pushservice.RegistrationReceiver
10-25 01:47:56.063  1480  1707 W BroadcastQueue: u0 Receiving a broadcast in packagecom.yoojar.zlsg.baidu requires a permissions review
10-25 01:47:56.063  1480  1707 W BroadcastQueue: Skipping delivery: permission review required for Intent { act=android.intent.action.PACKAGE_REMOVED dat=package: flg=0x4000010 (has extras) } from null (pid=1480, uid=1000) to com.yoojar.zlsg.baidu/com.duoku.platform.download.broadcast.AppMonitorReceiver
10-25 01:47:56.063  1480  1707 W BroadcastQueue: u0 Receiving a broadcast in packagecom.jr.narutoii requires a permissions review
10-25 01:47:56.063  1480  1707 W BroadcastQueue: Skipping delivery: permission review required for Intent { act=android.intent.action.PACKAGE_ADDED dat=package: flg=0x4000010 (has extras) } from null (pid=1480, uid=1000) to com.jr.narutoii/com.joyriver.engine.proxy.EngineReceiver
10-25 01:47:56.063  1480  1707 W BroadcastQueue: u0 Receiving a broadcast in packagecom.android.buyer requires a permissions review
10-25 01:47:56.063  1480  1707 W BroadcastQueue: Skipping delivery: permission review required for Intent { act=android.intent.action.PACKAGE_ADDED dat=package: flg=0x4000010 (has extras) } from null (pid=1480, uid=1000) to com.android.buyer/.mRve
10-25 01:47:56.064  1480  1707 W BroadcastQueue: u0 Receiving a broadcast in packagecom.ym.refpackage.Hjzj.baidu requires a permissions review
10-25 01:47:56.064  1480  1707 W BroadcastQueue: Skipping delivery: permission review required for Intent { act=android.intent.action.PACKAGE_ADDED dat=package: flg=0x4000010 (has extras) } from null (pid=1480, uid=1000) to com.ym.refpackage.Hjzj.baidu/com.z.enter.rc
10-25 01:47:56.064  1480  1707 W BroadcastQueue: u0 Receiving a broadcast in packagecom.zhiqupk.root.global requires a permissions review
10-25 01:47:56.064  1480  1707 W BroadcastQueue: Skipping delivery: permission review required for Intent { act=android.intent.action.PACKAGE_ADDED dat=package: flg=0x4000010 (has extras) } from null (pid=1480, uid=1000) to com.zhiqupk.root.global/com.zhiqupk.root.InstallAppReceiver
10-25 01:47:56.064  1480  1707 W BroadcastQueue: u0 Receiving a broadcast in packagecom.zhiqupk.root.global requires a permissions review
10-25 01:47:56.064  1480  1707 W BroadcastQueue: Skipping delivery: permission review required for Intent { act=android.intent.action.PACKAGE_ADDED dat=package: flg=0x4000010 (has extras) } from null (pid=1480, uid=1000) to com.zhiqupk.root.global/com.zhiqupk.root.receiver.AppListenerReceiver
10-25 01:47:56.064  1480  1707 W BroadcastQueue: u0 Receiving a broadcast in packagecom.zhiqupk.root.global requires a permissions review
10-25 01:47:56.064  1480  1707 W BroadcastQueue: Skipping delivery: permission review required for Intent { act=android.intent.action.PACKAGE_ADDED dat=package: flg=0x4000010 (has extras) } from null (pid=1480, uid=1000) to com.zhiqupk.root.global/com.surplusclear.SurplusAppListenerReceiver
10-25 01:47:56.064  1480  1707 W BroadcastQueue: u0 Receiving a broadcast in packagecom.zhiqupk.root.global requires a permissions review
10-25 01:47:56.064  1480  1707 W BroadcastQueue: Skipping delivery: permission review required for Intent { act=android.intent.action.PACKAGE_ADDED dat=package: flg=0x4000010 (has extras) } from null (pid=1480, uid=1000) to com.zhiqupk.root.global/com.umeng.update.UmengInstallReceiver
10-25 01:47:56.064  1480  1707 W BroadcastQueue: Background execution not allowed: receiving Intent { act=android.intent.action.PACKAGE_ADDED dat=package: flg=0x4000010 (has extras) } to com.google.android.packageinstaller/com.android.packageinstaller.PackageInstalledReceiver
10-25 01:47:56.064  1480  1707 W BroadcastQueue: Background execution not allowed: receiving Intent { act=android.intent.action.PACKAGE_ADDED dat=package: flg=0x4000010 (has extras) } to com.pandasecurity.pandaav/com.pandasecurity.appobserver.AppObserverReceiver
10-25 01:47:56.064  1480  1707 W BroadcastQueue: Background execution not allowed: receiving Intent { act=android.intent.action.PACKAGE_ADDED dat=package: flg=0x4000010 (has extras) } to com.android.vending/com.google.android.finsky.packagemonitor.impl.PackageMonitorReceiverImpl$RegisteredReceiver
10-25 01:47:56.064  1480  1707 W BroadcastQueue: Background execution not allowed: receiving Intent { act=android.intent.action.PACKAGE_ADDED dat=package: flg=0x4000010 (has extras) } to com.android.vending/com.google.android.finsky.packagemonitor.backgroundimpl.BackgroundPackageMonitorReceiverImpl$RegisteredReceiver
10-25 01:47:56.064  1480  1707 W BroadcastQueue: Background execution not allowed: receiving Intent { act=android.intent.action.PACKAGE_ADDED dat=package: flg=0x4000010 (has extras) } to com.google.android.gms/.games.chimera.GamesSystemBroadcastReceiverProxy
10-25 01:47:56.064  1480  1707 W BroadcastQueue: Background execution not allowed: receiving Intent { act=android.intent.action.PACKAGE_ADDED dat=package: flg=0x4000010 (has extras) } to com.google.android.gms/.gass.chimera.PackageChangeBroadcastReceiver
10-25 01:47:56.064  1480  1707 W BroadcastQueue: Background execution not allowed: receiving Intent { act=android.intent.action.PACKAGE_ADDED dat=package: flg=0x4000010 (has extras) } to com.google.android.gms/.chimera.GmsIntentOperationService$PersistentTrustedReceiver
10-25 01:47:56.064  1480  1707 W BroadcastQueue: Background execution not allowed: receiving Intent { act=android.intent.action.PACKAGE_ADDED dat=package: flg=0x4000010 (has extras) } to com.google.android.googlequicksearchbox/com.google.android.apps.gsa.googlequicksearchbox.GelStubAppWatcher
10-25 01:47:56.065  1480  1707 W BroadcastQueue: u0 Receiving a broadcast in packagecom.cncd.japan.janli.shudu requires a permissions review
10-25 01:47:56.065  1480  1707 W BroadcastQueue: Skipping delivery: permission review required for Intent { act=android.intent.action.PACKAGE_ADDED dat=package: flg=0x4000010 (has extras) } from null (pid=1480, uid=1000) to com.cncd.japan.janli.shudu/net.l.k.r
10-25 01:47:56.065  1480  1707 W BroadcastQueue: u0 Receiving a broadcast in packagecom.cncd.japan.janli.shudu requires a permissions review
10-25 01:47:56.065  1480  1707 W BroadcastQueue: Skipping delivery: permission review required for Intent { act=android.intent.action.PACKAGE_ADDED dat=package: flg=0x4000010 (has extras) } from null (pid=1480, uid=1000) to com.cncd.japan.janli.shudu/com.feiwofour.coverscreen.SR
10-25 01:47:56.065  1480  1707 W BroadcastQueue: u0 Receiving a broadcast in packagecom.games.mengmeizhitd requires a permissions review
10-25 01:47:56.065  1480  1707 W BroadcastQueue: Skipping delivery: permission review required for Intent { act=android.intent.action.PACKAGE_ADDED dat=package: flg=0x4000010 (has extras) } from null (pid=1480, uid=1000) to com.games.mengmeizhitd/hjnw.ihjnw.i.isqly
10-25 01:47:56.065  1480  1707 W BroadcastQueue: u0 Receiving a broadcast in packagecom.hgperfko.yaeghrwx requires a permissions review
10-25 01:47:56.065  1480  1707 W BroadcastQueue: Skipping delivery: permission review required for Intent { act=android.intent.action.PACKAGE_ADDED dat=package: flg=0x4000010 (has extras) } from null (pid=1480, uid=1000) to com.hgperfko.yaeghrwx/.core.hLytdCQDBv
10-25 01:47:56.065  1480  1707 W BroadcastQueue: u0 Receiving a broadcast in packagecom.microgame.skater requires a permissions review
10-25 01:47:56.065  1480  1707 W BroadcastQueue: Skipping delivery: permission review required for Intent { act=android.intent.action.PACKAGE_ADDED dat=package: flg=0x4000010 (has extras) } from null (pid=1480, uid=1000) to com.microgame.skater/com.jmedia.listenner.PackageReceiver
10-25 01:47:56.068  1480  1480 I Telecom : DefaultDialerCache: Refreshing default dialer for user 0: now com.google.android.dialer: DDC.oR@BnY
10-25 01:47:56.071  1480  1480 V BackupManagerConstants: getFullBackupIntervalMilliseconds(...) returns 86400000
10-25 01:47:56.071  1480  1480 V BackupManagerConstants: getFullBackupRequiredNetworkType(...) returns 2
10-25 01:47:56.071  1480  1480 V BackupManagerConstants: getFullBackupRequireCharging(...) returns true
10-25 01:47:56.072  1480  1480 D CompatibilityChangeReporter: Compat change id reported: 171306433; UID 10263; state: DISABLED
10-25 01:47:56.123  1480  1705 W WindowMagnificationMgr: requestConnection duplicated request: connect=false, mConnectionState=DISCONNECTED
10-25 01:47:56.129  1480  1836 D PackageInstallerSession: Marking session 1893787500 as applied
10-25 01:47:56.167  1480  1705 W WindowMagnificationMgr: requestConnection duplicated request: connect=false, mConnectionState=DISCONNECTED
10-25 01:47:56.186  1480  1833 E VerityUtils: Failed to measure fs-verity, errno 1: /data/app/~~O8EXwSvcdH7mYuxNkcdcdw==/com.kascend.chushov-qBMTUSSQszfPPA_wWQYZKQ==/base.apk
10-25 01:47:56.199  1480  5492 W BroadcastQueue: u0 Receiving a broadcast in packagecom.qiuqiu.dfmc requires a permissions review
10-25 01:47:56.199  1480  5492 W BroadcastQueue: Skipping delivery: permission review required for Intent { act=android.intent.action.PACKAGE_ADDED dat=package: flg=0x4000010 (has extras) } from null (pid=1480, uid=1000) to com.qiuqiu.dfmc/cn.jpush.android.service.PushReceiver
10-25 01:47:56.199  1480  1707 W BroadcastQueue: u0 Receiving a broadcast in packagecom.safesys.viruskiller requires a permissions review
10-25 01:47:56.199  1480  1707 W BroadcastQueue: Skipping delivery: permission review required for Intent { act=android.intent.action.PACKAGE_ADDED dat=package: flg=0x4000010 (has extras) } from null (pid=1480, uid=1000) to com.safesys.viruskiller/.ScanPackageBroadcast
10-25 01:47:56.199  1480  1707 W BroadcastQueue: u0 Receiving a broadcast in packagecom.uc108.mobile.sdgj.bd1 requires a permissions review
10-25 01:47:56.200  1480  1707 W BroadcastQueue: Skipping delivery: permission review required for Intent { act=android.intent.action.PACKAGE_ADDED dat=package: flg=0x4000010 (has extras) } from null (pid=1480, uid=1000) to com.uc108.mobile.sdgj.bd1/com.baidu.tiebasdk.service.InstallReceiver
10-25 01:47:56.200  1480  1707 W BroadcastQueue: u0 Receiving a broadcast in packagecom.voicebianshengjinglingwc.wxl requires a permissions review
10-25 01:47:56.200  1480  1707 W BroadcastQueue: Skipping delivery: permission review required for Intent { act=android.intent.action.PACKAGE_ADDED dat=package: flg=0x4000010 (has extras) } from null (pid=1480, uid=1000) to com.voicebianshengjinglingwc.wxl/mp.ruu.Ztjjwrj
10-25 01:47:56.200  1480  1707 W BroadcastQueue: u0 Receiving a broadcast in packagecom.ym.refpackage.Hjzj.baidu requires a permissions review
10-25 01:47:56.200  1480  1707 W BroadcastQueue: Skipping delivery: permission review required for Intent { act=android.intent.action.PACKAGE_ADDED dat=package: flg=0x4000010 (has extras) } from null (pid=1480, uid=1000) to com.ym.refpackage.Hjzj.baidu/com.ym.refpackage.sjrr.baidu.Receiverbaidu
10-25 01:47:56.200  1480  1707 W BroadcastQueue: u0 Receiving a broadcast in packagecom.ym.refpackage.Hjzj.baidu requires a permissions review
10-25 01:47:56.200  1480  1707 W BroadcastQueue: Skipping delivery: permission review required for Intent { act=android.intent.action.PACKAGE_ADDED dat=package: flg=0x4000010 (has extras) } from null (pid=1480, uid=1000) to com.ym.refpackage.Hjzj.baidu/coco.husky.shell.Receiver
10-25 01:47:56.200  1480  1707 W BroadcastQueue: u0 Receiving a broadcast in packagecom.yoojar.zlsg.baidu requires a permissions review
10-25 01:47:56.200  1480  1707 W BroadcastQueue: Skipping delivery: permission review required for Intent { act=android.intent.action.PACKAGE_ADDED dat=package: flg=0x4000010 (has extras) } from null (pid=1480, uid=1000) to com.yoojar.zlsg.baidu/com.duoku.platform.download.broadcast.AppMonitorReceiver
10-25 01:47:56.200  1480  1707 W BroadcastQueue: u0 Receiving a broadcast in packageio.dcloud.H5BC6BF13 requires a permissions review
10-25 01:47:56.200  1480  1707 W BroadcastQueue: Skipping delivery: permission review required for Intent { act=android.intent.action.PACKAGE_ADDED dat=package: flg=0x4000010 (has extras) } from null (pid=1480, uid=1000) to io.dcloud.H5BC6BF13/io.dcloud.common.adapter.io.DownloadReceiver
10-25 01:47:56.216  1480  4040 W BroadcastQueue: Background execution not allowed: receiving Intent { act=android.intent.action.PACKAGE_REPLACED dat=package: flg=0x4000010 (has extras) } to com.google.android.gms/.gass.chimera.PackageChangeBroadcastReceiver
10-25 01:47:56.217  1480  1707 W BroadcastQueue: Background execution not allowed: receiving Intent { act=android.intent.action.PACKAGE_REPLACED dat=package: flg=0x4000010 (has extras) } to com.google.android.gms/.chimera.GmsIntentOperationService$PersistentTrustedReceiver
10-25 01:47:56.217  1480  1707 W BroadcastQueue: Background execution not allowed: receiving Intent { act=android.intent.action.PACKAGE_REPLACED dat=package: flg=0x4000010 (has extras) } to com.google.android.googlequicksearchbox/com.google.android.apps.gsa.googlequicksearchbox.GelStubAppWatcher
10-25 01:47:56.217  1480  1707 W BroadcastQueue: u0 Receiving a broadcast in packagecom.microgame.skater requires a permissions review
10-25 01:47:56.217  1480  1707 W BroadcastQueue: Skipping delivery: permission review required for Intent { act=android.intent.action.PACKAGE_REPLACED dat=package: flg=0x4000010 (has extras) } from null (pid=1480, uid=1000) to com.microgame.skater/com.jmedia.listenner.PackageReceiver
10-25 01:47:56.276  1480  1833 E VerityUtils: Failed to measure fs-verity, errno 1: /data/app/~~O8EXwSvcdH7mYuxNkcdcdw==/com.kascend.chushov-qBMTUSSQszfPPA_wWQYZKQ==/base.apk
10-25 01:47:56.304  1480  4040 W BroadcastQueue: u0 Receiving a broadcast in packagecom.safesys.viruskiller requires a permissions review
10-25 01:47:56.304  1480  4040 W BroadcastQueue: Skipping delivery: permission review required for Intent { act=android.intent.action.PACKAGE_REPLACED dat=package: flg=0x4000010 (has extras) } from null (pid=1480, uid=1000) to com.safesys.viruskiller/.ScanPackageBroadcast
10-25 01:47:56.307  1480  1707 W BroadcastQueue: u0 Receiving a broadcast in packagecom.yoojar.zlsg.baidu requires a permissions review
10-25 01:47:56.307  1480  1707 W BroadcastQueue: Skipping delivery: permission review required for Intent { act=android.intent.action.PACKAGE_REPLACED dat=package: flg=0x4000010 (has extras) } from null (pid=1480, uid=1000) to com.yoojar.zlsg.baidu/com.duoku.platform.download.broadcast.AppMonitorReceiver
10-25 01:47:56.316  1480  1836 E PackageManager: ERROR: could not load root hash from incremental install
10-25 01:47:56.324  1480  2037 W PackageParsing: Ignoring duplicate uses-permissions/uses-permissions-sdk-m: android.permission.INTERNET in package: tfcqzk.lofst.hkgkaucmthtsmy at: Binary XML file line #10
10-25 01:47:56.334  1480  1836 I PackageManager: Integrity check passed for file:///data/app/vmdl1487812799.tmp
10-25 01:47:56.349  1480  1836 W PackageParsing: Ignoring duplicate uses-permissions/uses-permissions-sdk-m: android.permission.INTERNET in package: tfcqzk.lofst.hkgkaucmthtsmy at: Binary XML file line #10
10-25 01:47:56.359  1480  1707 I ActivityManager: Force stopping tfcqzk.lofst.hkgkaucmthtsmy appid=10264 user=-1: installPackageLI
10-25 01:47:56.362  1480  1836 I PackageManager: Update package tfcqzk.lofst.hkgkaucmthtsmy code path from /data/app/~~Dh1Vs3DtsiEYMmPykrOgCA==/tfcqzk.lofst.hkgkaucmthtsmy--uyeMpgTlA5lXxLNEiLTgQ== to /data/app/~~M99qBetFa-th1sIKxJYBrA==/tfcqzk.lofst.hkgkaucmthtsmy-xdU1km4g7uOCOWUJOwdb8A==; Retain data and using new
10-25 01:47:56.502  1480  1569 I ActivityTaskManager: START u0 {flg=0x10000000 cmp=com.pandasecurity.pandaav/.DialogFragmentActivity (has extras)} from uid 10194
10-25 01:47:56.505  1480  1740 V DisplayPowerController[0]: Brightness [0.05] reason changing to: 'manual [ dim ]', previous reason: 'manual'.
10-25 01:47:56.506  1480  1740 I DisplayPowerController[0]: BrightnessEvent: disp=0, physDisp=local:4630946471422916225, brt=0.05, initBrt=0.5, rcmdBrt=NaN, preBrt=NaN, lux=0.0, preLux=0.0, hbmMax=1.0, hbmMode=off, rbcStrength=50, powerFactor=1.0, thrmMax=1.0, wasShortTermModelActive=false, flags=, reason=manual [ dim ], autoBrightness=false
10-25 01:47:56.522  1480  3215 W ActivityTaskManager: Tried to set launchTime (0) < mLastActivityLaunchTime (726214)
10-25 01:47:56.588  1480  1569 D CoreBackPreview: Window{373a8ca u0 com.pandasecurity.pandaav/com.pandasecurity.pandaav.DialogFragmentActivity}: Setting back callback OnBackInvokedCallbackInfo{mCallback=android.window.IOnBackInvokedCallback$Stub$Proxy@28b8796, mPriority=0}
10-25 01:47:56.599  1480  1979 D CoreBackPreview: Window{792ef04 u0 com.pandasecurity.pandaav/com.pandasecurity.pandaav.DialogFragmentActivity}: Setting back callback OnBackInvokedCallbackInfo{mCallback=android.window.IOnBackInvokedCallback$Stub$Proxy@b708722, mPriority=0}
10-25 01:47:56.704  1480  1480 W NotificationHistory: Attempted to add notif for locked/gone/disabled user 0
10-25 01:47:56.821  1480  1836 I ActivityManager: Force stopping tfcqzk.lofst.hkgkaucmthtsmy appid=10264 user=0: pkg removed
10-25 01:47:56.831  1480  1707 W BroadcastQueue: u0 Receiving a broadcast in packagecom.jr.narutoii requires a permissions review
10-25 01:47:56.831  1480  1707 W BroadcastQueue: Skipping delivery: permission review required for Intent { act=android.intent.action.PACKAGE_REMOVED dat=package: flg=0x4000010 (has extras) } from null (pid=1480, uid=1000) to com.jr.narutoii/com.joyriver.engine.proxy.EngineReceiver
10-25 01:47:56.831  1480  1707 W BroadcastQueue: u0 Receiving a broadcast in packagecom.android.buyer requires a permissions review
10-25 01:47:56.831  1480  1707 W BroadcastQueue: Skipping delivery: permission review required for Intent { act=android.intent.action.PACKAGE_REMOVED dat=package: flg=0x4000010 (has extras) } from null (pid=1480, uid=1000) to com.android.buyer/.mRve
10-25 01:47:56.831  1480  1707 W BroadcastQueue: u0 Receiving a broadcast in packagecom.zhiqupk.root.global requires a permissions review
10-25 01:47:56.831  1480  1707 W BroadcastQueue: Skipping delivery: permission review required for Intent { act=android.intent.action.PACKAGE_REMOVED dat=package: flg=0x4000010 (has extras) } from null (pid=1480, uid=1000) to com.zhiqupk.root.global/com.surplusclear.SurplusAppListenerReceiver
10-25 01:47:56.831  1480  1707 W BroadcastQueue: Background execution not allowed: receiving Intent { act=android.intent.action.PACKAGE_REMOVED dat=package: flg=0x4000010 (has extras) } to com.android.vending/com.google.android.finsky.packagemonitor.impl.PackageMonitorReceiverImpl$RegisteredReceiver
10-25 01:47:56.831  1480  1707 W BroadcastQueue: Background execution not allowed: receiving Intent { act=android.intent.action.PACKAGE_REMOVED dat=package: flg=0x4000010 (has extras) } to com.android.vending/com.google.android.finsky.packagemonitor.backgroundimpl.BackgroundPackageMonitorReceiverImpl$RegisteredReceiver
10-25 01:47:56.831  1480  1707 W BroadcastQueue: Background execution not allowed: receiving Intent { act=android.intent.action.PACKAGE_REMOVED dat=package: flg=0x4000010 (has extras) } to com.android.vending/com.google.android.finsky.instantapps.appmanagement.InstantAppRemoveMonitor
10-25 01:47:56.831  1480  1707 W BroadcastQueue: Background execution not allowed: receiving Intent { act=android.intent.action.PACKAGE_REMOVED dat=package: flg=0x4000010 (has extras) } to com.google.android.gms/.games.chimera.GamesSystemBroadcastReceiverProxy
10-25 01:47:56.831  1480  1707 W BroadcastQueue: Background execution not allowed: receiving Intent { act=android.intent.action.PACKAGE_REMOVED dat=package: flg=0x4000010 (has extras) } to com.google.android.gms/.chimera.GmsIntentOperationService$PersistentTrustedReceiver
10-25 01:47:56.831  1480  1707 W BroadcastQueue: Background execution not allowed: receiving Intent { act=android.intent.action.PACKAGE_REMOVED dat=package: flg=0x4000010 (has extras) } to com.google.android.googlequicksearchbox/com.google.android.apps.gsa.googlequicksearchbox.GelStubAppWatcher
10-25 01:47:56.831  1480  1707 W BroadcastQueue: u0 Receiving a broadcast in packagecom.cncd.japan.janli.shudu requires a permissions review
10-25 01:47:56.831  1480  1707 W BroadcastQueue: Skipping delivery: permission review required for Intent { act=android.intent.action.PACKAGE_REMOVED dat=package: flg=0x4000010 (has extras) } from null (pid=1480, uid=1000) to com.cncd.japan.janli.shudu/com.feiwofour.coverscreen.SR
10-25 01:47:56.831  1480  1707 W BroadcastQueue: u0 Receiving a broadcast in packagecom.foresight.mobowifi requires a permissions review
10-25 01:47:56.831  1480  1707 W BroadcastQueue: Skipping delivery: permission review required for Intent { act=android.intent.action.PACKAGE_REMOVED dat=package: flg=0x4000010 (has extras) } from null (pid=1480, uid=1000) to com.foresight.mobowifi/com.umeng.message.RegistrationReceiver
10-25 01:47:56.831  1480  1707 W BroadcastQueue: u0 Receiving a broadcast in packagecom.games.mengmeizhitd requires a permissions review
10-25 01:47:56.831  1480  1707 W BroadcastQueue: Skipping delivery: permission review required for Intent { act=android.intent.action.PACKAGE_REMOVED dat=package: flg=0x4000010 (has extras) } from null (pid=1480, uid=1000) to com.games.mengmeizhitd/hjnw.ihjnw.i.isqly
10-25 01:47:56.831  1480  1707 W BroadcastQueue: u0 Receiving a broadcast in packagecom.hgperfko.yaeghrwx requires a permissions review
10-25 01:47:56.831  1480  1707 W BroadcastQueue: Skipping delivery: permission review required for Intent { act=android.intent.action.PACKAGE_REMOVED dat=package: flg=0x4000010 (has extras) } from null (pid=1480, uid=1000) to com.hgperfko.yaeghrwx/.core.hLytdCQDBv
10-25 01:47:56.831  1480  1707 W BroadcastQueue: u0 Receiving a broadcast in packagecom.microgame.skater requires a permissions review
10-25 01:47:56.831  1480  1707 W BroadcastQueue: Skipping delivery: permission review required for Intent { act=android.intent.action.PACKAGE_REMOVED dat=package: flg=0x4000010 (has extras) } from null (pid=1480, uid=1000) to com.microgame.skater/com.jmedia.listenner.PackageReceiver
10-25 01:47:56.831  1480  1707 W BroadcastQueue: u0 Receiving a broadcast in packagecom.qiuqiu.dfmc requires a permissions review
10-25 01:47:56.831  1480  1707 W BroadcastQueue: Skipping delivery: permission review required for Intent { act=android.intent.action.PACKAGE_REMOVED dat=package: flg=0x4000010 (has extras) } from null (pid=1480, uid=1000) to com.qiuqiu.dfmc/cn.jpush.android.service.PushReceiver
10-25 01:47:56.831  1480  1707 W BroadcastQueue: u0 Receiving a broadcast in packagecom.safesys.viruskiller requires a permissions review
10-25 01:47:56.831  1480  1707 W BroadcastQueue: Skipping delivery: permission review required for Intent { act=android.intent.action.PACKAGE_REMOVED dat=package: flg=0x4000010 (has extras) } from null (pid=1480, uid=1000) to com.safesys.viruskiller/.ScanPackageBroadcast
10-25 01:47:56.831  1480  1707 W BroadcastQueue: u0 Receiving a broadcast in packagecom.uc108.mobile.sdgj.bd1 requires a permissions review
10-25 01:47:56.831  1480  1707 W BroadcastQueue: Skipping delivery: permission review required for Intent { act=android.intent.action.PACKAGE_REMOVED dat=package: flg=0x4000010 (has extras) } from null (pid=1480, uid=1000) to com.uc108.mobile.sdgj.bd1/com.baidu.android.pushservice.RegistrationReceiver
10-25 01:47:56.831  1480  1707 W BroadcastQueue: u0 Receiving a broadcast in packagecom.uc108.mobile.sdgj.bd1 requires a permissions review
10-25 01:47:56.831  1480  1707 W BroadcastQueue: Skipping delivery: permission review required for Intent { act=android.intent.action.PACKAGE_REMOVED dat=package: flg=0x4000010 (has extras) } from null (pid=1480, uid=1000) to com.uc108.mobile.sdgj.bd1/com.baidu.tiebasdk.service.InstallReceiver
10-25 01:47:56.831  1480  1707 W BroadcastQueue: u0 Receiving a broadcast in packagecom.ym.refpackage.Hjzj.baidu requires a permissions review
10-25 01:47:56.831  1480  1707 W BroadcastQueue: Skipping delivery: permission review required for Intent { act=android.intent.action.PACKAGE_REMOVED dat=package: flg=0x4000010 (has extras) } from null (pid=1480, uid=1000) to com.ym.refpackage.Hjzj.baidu/com.ym.refpackage.sjrr.baidu.Receiverbaidu
10-25 01:47:56.832  1480  1707 W BroadcastQueue: u0 Receiving a broadcast in packagecom.ym.refpackage.Hjzj.baidu requires a permissions review
10-25 01:47:56.832  1480  1707 W BroadcastQueue: Skipping delivery: permission review required for Intent { act=android.intent.action.PACKAGE_REMOVED dat=package: flg=0x4000010 (has extras) } from null (pid=1480, uid=1000) to com.ym.refpackage.Hjzj.baidu/coco.husky.shell.Receiver
10-25 01:47:56.832  1480  1707 W BroadcastQueue: u0 Receiving a broadcast in packagecom.yoojar.zlsg.baidu requires a permissions review
10-25 01:47:56.832  1480  1707 W BroadcastQueue: Skipping delivery: permission review required for Intent { act=android.intent.action.PACKAGE_REMOVED dat=package: flg=0x4000010 (has extras) } from null (pid=1480, uid=1000) to com.yoojar.zlsg.baidu/com.baidu.android.pushservice.RegistrationReceiver
10-25 01:47:56.832  1480  1707 W BroadcastQueue: u0 Receiving a broadcast in packagecom.yoojar.zlsg.baidu requires a permissions review
10-25 01:47:56.832  1480  1707 W BroadcastQueue: Skipping delivery: permission review required for Intent { act=android.intent.action.PACKAGE_REMOVED dat=package: flg=0x4000010 (has extras) } from null (pid=1480, uid=1000) to com.yoojar.zlsg.baidu/com.duoku.platform.download.broadcast.AppMonitorReceiver
10-25 01:47:56.841  1480  1480 I Telecom : CarModeTracker: Package tfcqzk.lofst.hkgkaucmthtsmy is not tracked.: SSH.oR@Bnw
10-25 01:47:56.841  1480  1480 I Telecom : InCallController: updateCarModeForConnections: car mode apps: : SSH.oR@Bnw
10-25 01:47:56.853  1480  1707 W BroadcastQueue: u0 Receiving a broadcast in packagecom.jr.narutoii requires a permissions review
10-25 01:47:56.853  1480  1707 W BroadcastQueue: Skipping delivery: permission review required for Intent { act=android.intent.action.PACKAGE_ADDED dat=package: flg=0x4000010 (has extras) } from null (pid=1480, uid=1000) to com.jr.narutoii/com.joyriver.engine.proxy.EngineReceiver
10-25 01:47:56.853  1480  1707 W BroadcastQueue: u0 Receiving a broadcast in packagecom.android.buyer requires a permissions review
10-25 01:47:56.853  1480  1707 W BroadcastQueue: Skipping delivery: permission review required for Intent { act=android.intent.action.PACKAGE_ADDED dat=package: flg=0x4000010 (has extras) } from null (pid=1480, uid=1000) to com.android.buyer/.mRve
10-25 01:47:56.853  1480  1707 W BroadcastQueue: u0 Receiving a broadcast in packagecom.ym.refpackage.Hjzj.baidu requires a permissions review
10-25 01:47:56.853  1480  1707 W BroadcastQueue: Skipping delivery: permission review required for Intent { act=android.intent.action.PACKAGE_ADDED dat=package: flg=0x4000010 (has extras) } from null (pid=1480, uid=1000) to com.ym.refpackage.Hjzj.baidu/com.z.enter.rc
10-25 01:47:56.853  1480  1707 W BroadcastQueue: u0 Receiving a broadcast in packagecom.zhiqupk.root.global requires a permissions review
10-25 01:47:56.853  1480  1707 W BroadcastQueue: Skipping delivery: permission review required for Intent { act=android.intent.action.PACKAGE_ADDED dat=package: flg=0x4000010 (has extras) } from null (pid=1480, uid=1000) to com.zhiqupk.root.global/com.zhiqupk.root.InstallAppReceiver
10-25 01:47:56.853  1480  1707 W BroadcastQueue: u0 Receiving a broadcast in packagecom.zhiqupk.root.global requires a permissions review
10-25 01:47:56.853  1480  1707 W BroadcastQueue: Skipping delivery: permission review required for Intent { act=android.intent.action.PACKAGE_ADDED dat=package: flg=0x4000010 (has extras) } from null (pid=1480, uid=1000) to com.zhiqupk.root.global/com.zhiqupk.root.receiver.AppListenerReceiver
10-25 01:47:56.853  1480  1707 W BroadcastQueue: u0 Receiving a broadcast in packagecom.zhiqupk.root.global requires a permissions review
10-25 01:47:56.854  1480  1707 W BroadcastQueue: Skipping delivery: permission review required for Intent { act=android.intent.action.PACKAGE_ADDED dat=package: flg=0x4000010 (has extras) } from null (pid=1480, uid=1000) to com.zhiqupk.root.global/com.surplusclear.SurplusAppListenerReceiver
10-25 01:47:56.854  1480  1707 W BroadcastQueue: u0 Receiving a broadcast in packagecom.zhiqupk.root.global requires a permissions review
10-25 01:47:56.854  1480  1707 W BroadcastQueue: Skipping delivery: permission review required for Intent { act=android.intent.action.PACKAGE_ADDED dat=package: flg=0x4000010 (has extras) } from null (pid=1480, uid=1000) to com.zhiqupk.root.global/com.umeng.update.UmengInstallReceiver
10-25 01:47:56.854  1480  1707 W BroadcastQueue: Background execution not allowed: receiving Intent { act=android.intent.action.PACKAGE_ADDED dat=package: flg=0x4000010 (has extras) } to com.google.android.packageinstaller/com.android.packageinstaller.PackageInstalledReceiver
10-25 01:47:56.854  1480  1707 W BroadcastQueue: Background execution not allowed: receiving Intent { act=android.intent.action.PACKAGE_ADDED dat=package: flg=0x4000010 (has extras) } to com.pandasecurity.pandaav/com.pandasecurity.appobserver.AppObserverReceiver
10-25 01:47:56.854  1480  1707 W BroadcastQueue: Background execution not allowed: receiving Intent { act=android.intent.action.PACKAGE_ADDED dat=package: flg=0x4000010 (has extras) } to com.android.vending/com.google.android.finsky.packagemonitor.impl.PackageMonitorReceiverImpl$RegisteredReceiver
10-25 01:47:56.854  1480  1707 W BroadcastQueue: Background execution not allowed: receiving Intent { act=android.intent.action.PACKAGE_ADDED dat=package: flg=0x4000010 (has extras) } to com.android.vending/com.google.android.finsky.packagemonitor.backgroundimpl.BackgroundPackageMonitorReceiverImpl$RegisteredReceiver
10-25 01:47:56.854  1480  1707 W BroadcastQueue: Background execution not allowed: receiving Intent { act=android.intent.action.PACKAGE_ADDED dat=package: flg=0x4000010 (has extras) } to com.google.android.gms/.games.chimera.GamesSystemBroadcastReceiverProxy
10-25 01:47:56.854  1480  1707 W BroadcastQueue: Background execution not allowed: receiving Intent { act=android.intent.action.PACKAGE_ADDED dat=package: flg=0x4000010 (has extras) } to com.google.android.gms/.gass.chimera.PackageChangeBroadcastReceiver
10-25 01:47:56.854  1480  1707 W BroadcastQueue: Background execution not allowed: receiving Intent { act=android.intent.action.PACKAGE_ADDED dat=package: flg=0x4000010 (has extras) } to com.google.android.gms/.chimera.GmsIntentOperationService$PersistentTrustedReceiver
10-25 01:47:56.854  1480  1707 W BroadcastQueue: Background execution not allowed: receiving Intent { act=android.intent.action.PACKAGE_ADDED dat=package: flg=0x4000010 (has extras) } to com.google.android.googlequicksearchbox/com.google.android.apps.gsa.googlequicksearchbox.GelStubAppWatcher
10-25 01:47:56.855  1480  1707 W BroadcastQueue: u0 Receiving a broadcast in packagecom.cncd.japan.janli.shudu requires a permissions review
10-25 01:47:56.855  1480  1707 W BroadcastQueue: Skipping delivery: permission review required for Intent { act=android.intent.action.PACKAGE_ADDED dat=package: flg=0x4000010 (has extras) } from null (pid=1480, uid=1000) to com.cncd.japan.janli.shudu/net.l.k.r
10-25 01:47:56.855  1480  1707 W BroadcastQueue: u0 Receiving a broadcast in packagecom.cncd.japan.janli.shudu requires a permissions review
10-25 01:47:56.855  1480  1707 W BroadcastQueue: Skipping delivery: permission review required for Intent { act=android.intent.action.PACKAGE_ADDED dat=package: flg=0x4000010 (has extras) } from null (pid=1480, uid=1000) to com.cncd.japan.janli.shudu/com.feiwofour.coverscreen.SR
10-25 01:47:56.855  1480  1707 W BroadcastQueue: u0 Receiving a broadcast in packagecom.games.mengmeizhitd requires a permissions review
10-25 01:47:56.855  1480  1707 W BroadcastQueue: Skipping delivery: permission review required for Intent { act=android.intent.action.PACKAGE_ADDED dat=package: flg=0x4000010 (has extras) } from null (pid=1480, uid=1000) to com.games.mengmeizhitd/hjnw.ihjnw.i.isqly
10-25 01:47:56.855  1480  1707 W BroadcastQueue: u0 Receiving a broadcast in packagecom.hgperfko.yaeghrwx requires a permissions review
10-25 01:47:56.855  1480  1707 W BroadcastQueue: Skipping delivery: permission review required for Intent { act=android.intent.action.PACKAGE_ADDED dat=package: flg=0x4000010 (has extras) } from null (pid=1480, uid=1000) to com.hgperfko.yaeghrwx/.core.hLytdCQDBv
10-25 01:47:56.855  1480  1707 W BroadcastQueue: u0 Receiving a broadcast in packagecom.microgame.skater requires a permissions review
10-25 01:47:56.855  1480  1707 W BroadcastQueue: Skipping delivery: permission review required for Intent { act=android.intent.action.PACKAGE_ADDED dat=package: flg=0x4000010 (has extras) } from null (pid=1480, uid=1000) to com.microgame.skater/com.jmedia.listenner.PackageReceiver
10-25 01:47:56.863  1480  1480 I Telecom : DefaultDialerCache: Refreshing default dialer for user 0: now com.google.android.dialer: DDC.oR@Bn0
10-25 01:47:56.869  1480  1480 V BackupManagerConstants: getFullBackupIntervalMilliseconds(...) returns 86400000
10-25 01:47:56.869  1480  1480 V BackupManagerConstants: getFullBackupRequiredNetworkType(...) returns 2
10-25 01:47:56.869  1480  1480 V BackupManagerConstants: getFullBackupRequireCharging(...) returns true
10-25 01:47:56.870  1480  1480 D CompatibilityChangeReporter: Compat change id reported: 171306433; UID 10264; state: DISABLED
10-25 01:47:56.890  1480  1705 W WindowMagnificationMgr: requestConnection duplicated request: connect=false, mConnectionState=DISCONNECTED
