10-25 01:48:01.589  1480  1707 W BroadcastQueue: Background execution not allowed: receiving Intent { act=android.intent.action.PACKAGE_REPLACED dat=package: flg=0x4000010 (has extras) } to com.google.android.googlequicksearchbox/com.google.android.apps.gsa.googlequicksearchbox.GelStubAppWatcher
10-25 01:48:01.589  1480  1707 W BroadcastQueue: u0 Receiving a broadcast in packagecom.microgame.skater requires a permissions review
10-25 01:48:01.589  1480  1707 W BroadcastQueue: Skipping delivery: permission review required for Intent { act=android.intent.action.PACKAGE_REPLACED dat=package: flg=0x4000010 (has extras) } from null (pid=1480, uid=1000) to com.microgame.skater/com.jmedia.listenner.PackageReceiver
10-25 01:48:01.652  1480  5471 W BroadcastQueue: u0 Receiving a broadcast in packagecom.safesys.viruskiller requires a permissions review
10-25 01:48:01.652  1480  5471 W BroadcastQueue: Skipping delivery: permission review required for Intent { act=android.intent.action.PACKAGE_REPLACED dat=package: flg=0x4000010 (has extras) } from null (pid=1480, uid=1000) to com.safesys.viruskiller/.ScanPackageBroadcast
10-25 01:48:01.654  1480  1707 W BroadcastQueue: u0 Receiving a broadcast in packagecom.yoojar.zlsg.baidu requires a permissions review
10-25 01:48:01.654  1480  1707 W BroadcastQueue: Skipping delivery: permission review required for Intent { act=android.intent.action.PACKAGE_REPLACED dat=package: flg=0x4000010 (has extras) } from null (pid=1480, uid=1000) to com.yoojar.zlsg.baidu/com.duoku.platform.download.broadcast.AppMonitorReceiver
10-25 01:48:01.789  1480  5495 I ActivityTaskManager: START u0 {flg=0x10000000 cmp=com.pandasecurity.pandaav/.DialogFragmentActivity (has extras)} from uid 10194
10-25 01:48:01.806  1480  5495 W ActivityTaskManager: Tried to set launchTime (0) < mLastActivityLaunchTime (730760)
10-25 01:48:01.855  1480  1979 D CoreBackPreview: Window{697f52d u0 com.pandasecurity.pandaav/com.pandasecurity.pandaav.DialogFragmentActivity}: Setting back callback OnBackInvokedCallbackInfo{mCallback=android.window.IOnBackInvokedCallback$Stub$Proxy@e2bb729, mPriority=0}
10-25 01:48:01.864  1480  1979 D CoreBackPreview: Window{9eae04f u0 com.pandasecurity.pandaav/com.pandasecurity.pandaav.DialogFragmentActivity}: Setting back callback OnBackInvokedCallbackInfo{mCallback=android.window.IOnBackInvokedCallback$Stub$Proxy@1f9ce5, mPriority=0}
10-25 01:48:01.883  1480  1836 E PackageManager: ERROR: could not load root hash from incremental install
10-25 01:48:01.901  1480  1836 I PackageManager: Integrity check passed for file:///data/app/vmdl896856531.tmp
10-25 01:48:01.930  1480  1707 I ActivityManager: Force stopping ermmmug.hxkkytzb.bvbfc appid=10271 user=-1: installPackageLI
10-25 01:48:01.935  1480  1836 I PackageManager: Update package ermmmug.hxkkytzb.bvbfc code path from /data/app/~~7YmOx2zIeS5RAaWQDDhj2A==/ermmmug.hxkkytzb.bvbfc-UWrR1McwtSh511EkVr0GiA== to /data/app/~~-1T3KoGzwufKq_nEBJ7llg==/ermmmug.hxkkytzb.bvbfc-yTsNm07nEt7PzjjzChnsBw==; Retain data and using new
10-25 01:48:01.991  1480  1480 W NotificationHistory: Attempted to add notif for locked/gone/disabled user 0
10-25 01:48:01.999  1480  1836 I ActivityManager: Force stopping ermmmug.hxkkytzb.bvbfc appid=10271 user=0: pkg removed
10-25 01:48:02.018  1480  1707 W BroadcastQueue: u0 Receiving a broadcast in packagecom.jr.narutoii requires a permissions review
10-25 01:48:02.019  1480  1707 W BroadcastQueue: Skipping delivery: permission review required for Intent { act=android.intent.action.PACKAGE_REMOVED dat=package: flg=0x4000010 (has extras) } from null (pid=1480, uid=1000) to com.jr.narutoii/com.joyriver.engine.proxy.EngineReceiver
10-25 01:48:02.019  1480  1707 W BroadcastQueue: u0 Receiving a broadcast in packagecom.android.buyer requires a permissions review
10-25 01:48:02.019  1480  1707 W BroadcastQueue: Skipping delivery: permission review required for Intent { act=android.intent.action.PACKAGE_REMOVED dat=package: flg=0x4000010 (has extras) } from null (pid=1480, uid=1000) to com.android.buyer/.mRve
10-25 01:48:02.019  1480  1707 W BroadcastQueue: u0 Receiving a broadcast in packagecom.zhiqupk.root.global requires a permissions review
10-25 01:48:02.019  1480  1707 W BroadcastQueue: Skipping delivery: permission review required for Intent { act=android.intent.action.PACKAGE_REMOVED dat=package: flg=0x4000010 (has extras) } from null (pid=1480, uid=1000) to com.zhiqupk.root.global/com.surplusclear.SurplusAppListenerReceiver
10-25 01:48:02.019  1480  1707 W BroadcastQueue: Background execution not allowed: receiving Intent { act=android.intent.action.PACKAGE_REMOVED dat=package: flg=0x4000010 (has extras) } to com.android.vending/com.google.android.finsky.packagemonitor.impl.PackageMonitorReceiverImpl$RegisteredReceiver
10-25 01:48:02.019  1480  1707 W BroadcastQueue: Background execution not allowed: receiving Intent { act=android.intent.action.PACKAGE_REMOVED dat=package: flg=0x4000010 (has extras) } to com.android.vending/com.google.android.finsky.packagemonitor.backgroundimpl.BackgroundPackageMonitorReceiverImpl$RegisteredReceiver
10-25 01:48:02.019  1480  1707 W BroadcastQueue: Background execution not allowed: receiving Intent { act=android.intent.action.PACKAGE_REMOVED dat=package: flg=0x4000010 (has extras) } to com.android.vending/com.google.android.finsky.instantapps.appmanagement.InstantAppRemoveMonitor
10-25 01:48:02.019  1480  1707 W BroadcastQueue: Background execution not allowed: receiving Intent { act=android.intent.action.PACKAGE_REMOVED dat=package: flg=0x4000010 (has extras) } to com.google.android.gms/.games.chimera.GamesSystemBroadcastReceiverProxy
10-25 01:48:02.019  1480  1707 W BroadcastQueue: Background execution not allowed: receiving Intent { act=android.intent.action.PACKAGE_REMOVED dat=package: flg=0x4000010 (has extras) } to com.google.android.gms/.chimera.GmsIntentOperationService$PersistentTrustedReceiver
10-25 01:48:02.019  1480  1707 W BroadcastQueue: Background execution not allowed: receiving Intent { act=android.intent.action.PACKAGE_REMOVED dat=package: flg=0x4000010 (has extras) } to com.google.android.googlequicksearchbox/com.google.android.apps.gsa.googlequicksearchbox.GelStubAppWatcher
10-25 01:48:02.019  1480  1707 W BroadcastQueue: u0 Receiving a broadcast in packagecom.cncd.japan.janli.shudu requires a permissions review
10-25 01:48:02.019  1480  1707 W BroadcastQueue: Skipping delivery: permission review required for Intent { act=android.intent.action.PACKAGE_REMOVED dat=package: flg=0x4000010 (has extras) } from null (pid=1480, uid=1000) to com.cncd.japan.janli.shudu/com.feiwofour.coverscreen.SR
10-25 01:48:02.023  1480  1707 W BroadcastQueue: u0 Receiving a broadcast in packagecom.foresight.mobowifi requires a permissions review
10-25 01:48:02.023  1480  1707 W BroadcastQueue: Skipping delivery: permission review required for Intent { act=android.intent.action.PACKAGE_REMOVED dat=package: flg=0x4000010 (has extras) } from null (pid=1480, uid=1000) to com.foresight.mobowifi/com.umeng.message.RegistrationReceiver
10-25 01:48:02.023  1480  1707 W BroadcastQueue: u0 Receiving a broadcast in packagecom.games.mengmeizhitd requires a permissions review
10-25 01:48:02.023  1480  1707 W BroadcastQueue: Skipping delivery: permission review required for Intent { act=android.intent.action.PACKAGE_REMOVED dat=package: flg=0x4000010 (has extras) } from null (pid=1480, uid=1000) to com.games.mengmeizhitd/hjnw.ihjnw.i.isqly
10-25 01:48:02.024  1480  1480 I Telecom : CarModeTracker: Package ermmmug.hxkkytzb.bvbfc is not tracked.: SSH.oR@Bqs
10-25 01:48:02.024  1480  1707 W BroadcastQueue: u0 Receiving a broadcast in packagecom.hgperfko.yaeghrwx requires a permissions review
10-25 01:48:02.024  1480  1480 I Telecom : InCallController: updateCarModeForConnections: car mode apps: : SSH.oR@Bqs
10-25 01:48:02.026  1480  1707 W BroadcastQueue: Skipping delivery: permission review required for Intent { act=android.intent.action.PACKAGE_REMOVED dat=package: flg=0x4000010 (has extras) } from null (pid=1480, uid=1000) to com.hgperfko.yaeghrwx/.core.hLytdCQDBv
10-25 01:48:02.026  1480  1707 W BroadcastQueue: u0 Receiving a broadcast in packagecom.microgame.skater requires a permissions review
10-25 01:48:02.026  1480  1707 W BroadcastQueue: Skipping delivery: permission review required for Intent { act=android.intent.action.PACKAGE_REMOVED dat=package: flg=0x4000010 (has extras) } from null (pid=1480, uid=1000) to com.microgame.skater/com.jmedia.listenner.PackageReceiver
10-25 01:48:02.050  1480  1707 W BroadcastQueue: u0 Receiving a broadcast in packagecom.qiuqiu.dfmc requires a permissions review
10-25 01:48:02.050  1480  1707 W BroadcastQueue: Skipping delivery: permission review required for Intent { act=android.intent.action.PACKAGE_REMOVED dat=package: flg=0x4000010 (has extras) } from null (pid=1480, uid=1000) to com.qiuqiu.dfmc/cn.jpush.android.service.PushReceiver
10-25 01:48:02.050  1480  1707 W BroadcastQueue: u0 Receiving a broadcast in packagecom.safesys.viruskiller requires a permissions review
10-25 01:48:02.050  1480  1707 W BroadcastQueue: Skipping delivery: permission review required for Intent { act=android.intent.action.PACKAGE_REMOVED dat=package: flg=0x4000010 (has extras) } from null (pid=1480, uid=1000) to com.safesys.viruskiller/.ScanPackageBroadcast
10-25 01:48:02.050  1480  1707 W BroadcastQueue: u0 Receiving a broadcast in packagecom.uc108.mobile.sdgj.bd1 requires a permissions review
10-25 01:48:02.050  1480  1707 W BroadcastQueue: Skipping delivery: permission review required for Intent { act=android.intent.action.PACKAGE_REMOVED dat=package: flg=0x4000010 (has extras) } from null (pid=1480, uid=1000) to com.uc108.mobile.sdgj.bd1/com.baidu.android.pushservice.RegistrationReceiver
10-25 01:48:02.050  1480  1707 W BroadcastQueue: u0 Receiving a broadcast in packagecom.uc108.mobile.sdgj.bd1 requires a permissions review
10-25 01:48:02.050  1480  1707 W BroadcastQueue: Skipping delivery: permission review required for Intent { act=android.intent.action.PACKAGE_REMOVED dat=package: flg=0x4000010 (has extras) } from null (pid=1480, uid=1000) to com.uc108.mobile.sdgj.bd1/com.baidu.tiebasdk.service.InstallReceiver
10-25 01:48:02.050  1480  1707 W BroadcastQueue: u0 Receiving a broadcast in packagecom.ym.refpackage.Hjzj.baidu requires a permissions review
10-25 01:48:02.050  1480  1707 W BroadcastQueue: Skipping delivery: permission review required for Intent { act=android.intent.action.PACKAGE_REMOVED dat=package: flg=0x4000010 (has extras) } from null (pid=1480, uid=1000) to com.ym.refpackage.Hjzj.baidu/com.ym.refpackage.sjrr.baidu.Receiverbaidu
10-25 01:48:02.051  1480  1707 W BroadcastQueue: u0 Receiving a broadcast in packagecom.ym.refpackage.Hjzj.baidu requires a permissions review
10-25 01:48:02.051  1480  1707 W BroadcastQueue: Skipping delivery: permission review required for Intent { act=android.intent.action.PACKAGE_REMOVED dat=package: flg=0x4000010 (has extras) } from null (pid=1480, uid=1000) to com.ym.refpackage.Hjzj.baidu/coco.husky.shell.Receiver
10-25 01:48:02.051  1480  1707 W BroadcastQueue: u0 Receiving a broadcast in packagecom.yoojar.zlsg.baidu requires a permissions review
10-25 01:48:02.051  1480  1707 W BroadcastQueue: Skipping delivery: permission review required for Intent { act=android.intent.action.PACKAGE_REMOVED dat=package: flg=0x4000010 (has extras) } from null (pid=1480, uid=1000) to com.yoojar.zlsg.baidu/com.baidu.android.pushservice.RegistrationReceiver
10-25 01:48:02.051  1480  1707 W BroadcastQueue: u0 Receiving a broadcast in packagecom.yoojar.zlsg.baidu requires a permissions review
10-25 01:48:02.051  1480  1707 W BroadcastQueue: Skipping delivery: permission review required for Intent { act=android.intent.action.PACKAGE_REMOVED dat=package: flg=0x4000010 (has extras) } from null (pid=1480, uid=1000) to com.yoojar.zlsg.baidu/com.duoku.platform.download.broadcast.AppMonitorReceiver
10-25 01:48:02.051  1480  1707 W BroadcastQueue: u0 Receiving a broadcast in packagecom.jr.narutoii requires a permissions review
10-25 01:48:02.051  1480  1707 W BroadcastQueue: Skipping delivery: permission review required for Intent { act=android.intent.action.PACKAGE_ADDED dat=package: flg=0x4000010 (has extras) } from null (pid=1480, uid=1000) to com.jr.narutoii/com.joyriver.engine.proxy.EngineReceiver
10-25 01:48:02.051  1480  1707 W BroadcastQueue: u0 Receiving a broadcast in packagecom.android.buyer requires a permissions review
10-25 01:48:02.051  1480  1707 W BroadcastQueue: Skipping delivery: permission review required for Intent { act=android.intent.action.PACKAGE_ADDED dat=package: flg=0x4000010 (has extras) } from null (pid=1480, uid=1000) to com.android.buyer/.mRve
10-25 01:48:02.051  1480  1707 W BroadcastQueue: u0 Receiving a broadcast in packagecom.ym.refpackage.Hjzj.baidu requires a permissions review
10-25 01:48:02.051  1480  1707 W BroadcastQueue: Skipping delivery: permission review required for Intent { act=android.intent.action.PACKAGE_ADDED dat=package: flg=0x4000010 (has extras) } from null (pid=1480, uid=1000) to com.ym.refpackage.Hjzj.baidu/com.z.enter.rc
10-25 01:48:02.051  1480  1707 W BroadcastQueue: u0 Receiving a broadcast in packagecom.zhiqupk.root.global requires a permissions review
10-25 01:48:02.051  1480  1707 W BroadcastQueue: Skipping delivery: permission review required for Intent { act=android.intent.action.PACKAGE_ADDED dat=package: flg=0x4000010 (has extras) } from null (pid=1480, uid=1000) to com.zhiqupk.root.global/com.zhiqupk.root.InstallAppReceiver
10-25 01:48:02.051  1480  1707 W BroadcastQueue: u0 Receiving a broadcast in packagecom.zhiqupk.root.global requires a permissions review
10-25 01:48:02.051  1480  1707 W BroadcastQueue: Skipping delivery: permission review required for Intent { act=android.intent.action.PACKAGE_ADDED dat=package: flg=0x4000010 (has extras) } from null (pid=1480, uid=1000) to com.zhiqupk.root.global/com.zhiqupk.root.receiver.AppListenerReceiver
10-25 01:48:02.051  1480  1707 W BroadcastQueue: u0 Receiving a broadcast in packagecom.zhiqupk.root.global requires a permissions review
10-25 01:48:02.051  1480  1707 W BroadcastQueue: Skipping delivery: permission review required for Intent { act=android.intent.action.PACKAGE_ADDED dat=package: flg=0x4000010 (has extras) } from null (pid=1480, uid=1000) to com.zhiqupk.root.global/com.surplusclear.SurplusAppListenerReceiver
10-25 01:48:02.051  1480  1707 W BroadcastQueue: u0 Receiving a broadcast in packagecom.zhiqupk.root.global requires a permissions review
10-25 01:48:02.051  1480  1707 W BroadcastQueue: Skipping delivery: permission review required for Intent { act=android.intent.action.PACKAGE_ADDED dat=package: flg=0x4000010 (has extras) } from null (pid=1480, uid=1000) to com.zhiqupk.root.global/com.umeng.update.UmengInstallReceiver
10-25 01:48:02.051  1480  1707 W BroadcastQueue: Background execution not allowed: receiving Intent { act=android.intent.action.PACKAGE_ADDED dat=package: flg=0x4000010 (has extras) } to com.google.android.packageinstaller/com.android.packageinstaller.PackageInstalledReceiver
10-25 01:48:02.051  1480  1707 W BroadcastQueue: Background execution not allowed: receiving Intent { act=android.intent.action.PACKAGE_ADDED dat=package: flg=0x4000010 (has extras) } to com.pandasecurity.pandaav/com.pandasecurity.appobserver.AppObserverReceiver
10-25 01:48:02.051  1480  1707 W BroadcastQueue: Background execution not allowed: receiving Intent { act=android.intent.action.PACKAGE_ADDED dat=package: flg=0x4000010 (has extras) } to com.android.vending/com.google.android.finsky.packagemonitor.impl.PackageMonitorReceiverImpl$RegisteredReceiver
10-25 01:48:02.051  1480  1707 W BroadcastQueue: Background execution not allowed: receiving Intent { act=android.intent.action.PACKAGE_ADDED dat=package: flg=0x4000010 (has extras) } to com.android.vending/com.google.android.finsky.packagemonitor.backgroundimpl.BackgroundPackageMonitorReceiverImpl$RegisteredReceiver
10-25 01:48:02.051  1480  1707 W BroadcastQueue: Background execution not allowed: receiving Intent { act=android.intent.action.PACKAGE_ADDED dat=package: flg=0x4000010 (has extras) } to com.google.android.gms/.games.chimera.GamesSystemBroadcastReceiverProxy
10-25 01:48:02.053  1480  1707 W BroadcastQueue: Background execution not allowed: receiving Intent { act=android.intent.action.PACKAGE_ADDED dat=package: flg=0x4000010 (has extras) } to com.google.android.gms/.gass.chimera.PackageChangeBroadcastReceiver
10-25 01:48:02.053  1480  1707 W BroadcastQueue: Background execution not allowed: receiving Intent { act=android.intent.action.PACKAGE_ADDED dat=package: flg=0x4000010 (has extras) } to com.google.android.gms/.chimera.GmsIntentOperationService$PersistentTrustedReceiver
10-25 01:48:02.053  1480  1707 W BroadcastQueue: Background execution not allowed: receiving Intent { act=android.intent.action.PACKAGE_ADDED dat=package: flg=0x4000010 (has extras) } to com.google.android.googlequicksearchbox/com.google.android.apps.gsa.googlequicksearchbox.GelStubAppWatcher
10-25 01:48:02.053  1480  1707 W BroadcastQueue: u0 Receiving a broadcast in packagecom.cncd.japan.janli.shudu requires a permissions review
10-25 01:48:02.053  1480  1707 W BroadcastQueue: Skipping delivery: permission review required for Intent { act=android.intent.action.PACKAGE_ADDED dat=package: flg=0x4000010 (has extras) } from null (pid=1480, uid=1000) to com.cncd.japan.janli.shudu/net.l.k.r
10-25 01:48:02.053  1480  1707 W BroadcastQueue: u0 Receiving a broadcast in packagecom.cncd.japan.janli.shudu requires a permissions review
10-25 01:48:02.053  1480  1707 W BroadcastQueue: Skipping delivery: permission review required for Intent { act=android.intent.action.PACKAGE_ADDED dat=package: flg=0x4000010 (has extras) } from null (pid=1480, uid=1000) to com.cncd.japan.janli.shudu/com.feiwofour.coverscreen.SR
10-25 01:48:02.053  1480  1707 W BroadcastQueue: u0 Receiving a broadcast in packagecom.games.mengmeizhitd requires a permissions review
10-25 01:48:02.053  1480  1707 W BroadcastQueue: Skipping delivery: permission review required for Intent { act=android.intent.action.PACKAGE_ADDED dat=package: flg=0x4000010 (has extras) } from null (pid=1480, uid=1000) to com.games.mengmeizhitd/hjnw.ihjnw.i.isqly
10-25 01:48:02.053  1480  1707 W BroadcastQueue: u0 Receiving a broadcast in packagecom.hgperfko.yaeghrwx requires a permissions review
10-25 01:48:02.053  1480  1707 W BroadcastQueue: Skipping delivery: permission review required for Intent { act=android.intent.action.PACKAGE_ADDED dat=package: flg=0x4000010 (has extras) } from null (pid=1480, uid=1000) to com.hgperfko.yaeghrwx/.core.hLytdCQDBv
10-25 01:48:02.053  1480  1707 W BroadcastQueue: u0 Receiving a broadcast in packagecom.microgame.skater requires a permissions review
10-25 01:48:02.053  1480  1707 W BroadcastQueue: Skipping delivery: permission review required for Intent { act=android.intent.action.PACKAGE_ADDED dat=package: flg=0x4000010 (has extras) } from null (pid=1480, uid=1000) to com.microgame.skater/com.jmedia.listenner.PackageReceiver
10-25 01:48:02.060  1480  1480 I Telecom : DefaultDialerCache: Refreshing default dialer for user 0: now com.google.android.dialer: DDC.oR@Bqw
10-25 01:48:02.063  1480  1480 D CompatibilityChangeReporter: Compat change id reported: 171306433; UID 10271; state: DISABLED
10-25 01:48:02.077  1480  1705 W WindowMagnificationMgr: requestConnection duplicated request: connect=false, mConnectionState=DISCONNECTED
10-25 01:48:02.094  1480  1705 W WindowMagnificationMgr: requestConnection duplicated request: connect=false, mConnectionState=DISCONNECTED
10-25 01:48:02.107  1480  1836 D PackageInstallerSession: Marking session 896856531 as applied
10-25 01:48:02.165  1480  1833 E VerityUtils: Failed to measure fs-verity, errno 1: /data/app/~~-1T3KoGzwufKq_nEBJ7llg==/ermmmug.hxkkytzb.bvbfc-yTsNm07nEt7PzjjzChnsBw==/base.apk
10-25 01:48:02.202  1480  3353 W BroadcastQueue: u0 Receiving a broadcast in packagecom.qiuqiu.dfmc requires a permissions review
10-25 01:48:02.202  1480  3353 W BroadcastQueue: Skipping delivery: permission review required for Intent { act=android.intent.action.PACKAGE_ADDED dat=package: flg=0x4000010 (has extras) } from null (pid=1480, uid=1000) to com.qiuqiu.dfmc/cn.jpush.android.service.PushReceiver
10-25 01:48:02.203  1480  1707 W BroadcastQueue: u0 Receiving a broadcast in packagecom.safesys.viruskiller requires a permissions review
10-25 01:48:02.203  1480  1707 W BroadcastQueue: Skipping delivery: permission review required for Intent { act=android.intent.action.PACKAGE_ADDED dat=package: flg=0x4000010 (has extras) } from null (pid=1480, uid=1000) to com.safesys.viruskiller/.ScanPackageBroadcast
10-25 01:48:02.203  1480  1707 W BroadcastQueue: u0 Receiving a broadcast in packagecom.uc108.mobile.sdgj.bd1 requires a permissions review
10-25 01:48:02.203  1480  1707 W BroadcastQueue: Skipping delivery: permission review required for Intent { act=android.intent.action.PACKAGE_ADDED dat=package: flg=0x4000010 (has extras) } from null (pid=1480, uid=1000) to com.uc108.mobile.sdgj.bd1/com.baidu.tiebasdk.service.InstallReceiver
10-25 01:48:02.203  1480  1707 W BroadcastQueue: u0 Receiving a broadcast in packagecom.voicebianshengjinglingwc.wxl requires a permissions review
10-25 01:48:02.203  1480  1707 W BroadcastQueue: Skipping delivery: permission review required for Intent { act=android.intent.action.PACKAGE_ADDED dat=package: flg=0x4000010 (has extras) } from null (pid=1480, uid=1000) to com.voicebianshengjinglingwc.wxl/mp.ruu.Ztjjwrj
10-25 01:48:02.203  1480  1707 W BroadcastQueue: u0 Receiving a broadcast in packagecom.ym.refpackage.Hjzj.baidu requires a permissions review
10-25 01:48:02.203  1480  1707 W BroadcastQueue: Skipping delivery: permission review required for Intent { act=android.intent.action.PACKAGE_ADDED dat=package: flg=0x4000010 (has extras) } from null (pid=1480, uid=1000) to com.ym.refpackage.Hjzj.baidu/com.ym.refpackage.sjrr.baidu.Receiverbaidu
10-25 01:48:02.203  1480  1707 W BroadcastQueue: u0 Receiving a broadcast in packagecom.ym.refpackage.Hjzj.baidu requires a permissions review
10-25 01:48:02.203  1480  1707 W BroadcastQueue: Skipping delivery: permission review required for Intent { act=android.intent.action.PACKAGE_ADDED dat=package: flg=0x4000010 (has extras) } from null (pid=1480, uid=1000) to com.ym.refpackage.Hjzj.baidu/coco.husky.shell.Receiver
10-25 01:48:02.203  1480  1707 W BroadcastQueue: u0 Receiving a broadcast in packagecom.yoojar.zlsg.baidu requires a permissions review
10-25 01:48:02.203  1480  1707 W BroadcastQueue: Skipping delivery: permission review required for Intent { act=android.intent.action.PACKAGE_ADDED dat=package: flg=0x4000010 (has extras) } from null (pid=1480, uid=1000) to com.yoojar.zlsg.baidu/com.duoku.platform.download.broadcast.AppMonitorReceiver
10-25 01:48:02.203  1480  1707 W BroadcastQueue: u0 Receiving a broadcast in packageio.dcloud.H5BC6BF13 requires a permissions review
10-25 01:48:02.203  1480  1707 W BroadcastQueue: Skipping delivery: permission review required for Intent { act=android.intent.action.PACKAGE_ADDED dat=package: flg=0x4000010 (has extras) } from null (pid=1480, uid=1000) to io.dcloud.H5BC6BF13/io.dcloud.common.adapter.io.DownloadReceiver
10-25 01:48:02.216  1480  5480 W BroadcastQueue: Background execution not allowed: receiving Intent { act=android.intent.action.PACKAGE_REPLACED dat=package: flg=0x4000010 (has extras) } to com.google.android.gms/.gass.chimera.PackageChangeBroadcastReceiver
10-25 01:48:02.217  1480  1707 W BroadcastQueue: Background execution not allowed: receiving Intent { act=android.intent.action.PACKAGE_REPLACED dat=package: flg=0x4000010 (has extras) } to com.google.android.gms/.chimera.GmsIntentOperationService$PersistentTrustedReceiver
10-25 01:48:02.217  1480  1707 W BroadcastQueue: Background execution not allowed: receiving Intent { act=android.intent.action.PACKAGE_REPLACED dat=package: flg=0x4000010 (has extras) } to com.google.android.googlequicksearchbox/com.google.android.apps.gsa.googlequicksearchbox.GelStubAppWatcher
10-25 01:48:02.217  1480  1707 W BroadcastQueue: u0 Receiving a broadcast in packagecom.microgame.skater requires a permissions review
10-25 01:48:02.217  1480  1707 W BroadcastQueue: Skipping delivery: permission review required for Intent { act=android.intent.action.PACKAGE_REPLACED dat=package: flg=0x4000010 (has extras) } from null (pid=1480, uid=1000) to com.microgame.skater/com.jmedia.listenner.PackageReceiver
10-25 01:48:02.254  1480  1836 E PackageManager: ERROR: could not load root hash from incremental install
10-25 01:48:02.256  1480  2037 W PackageParsing: Ignoring duplicate uses-permissions/uses-permissions-sdk-m: android.permission.RECEIVE_BOOT_COMPLETED in package: qtggtfpiydqiikhbndreqabpjlb.deupxo.orrsdcgrckebmqzu at: Binary XML file line #22
10-25 01:48:02.260  1480  1833 E VerityUtils: Failed to measure fs-verity, errno 1: /data/app/~~-1T3KoGzwufKq_nEBJ7llg==/ermmmug.hxkkytzb.bvbfc-yTsNm07nEt7PzjjzChnsBw==/base.apk
10-25 01:48:02.281  1480  1836 I PackageManager: Integrity check passed for file:///data/app/vmdl916608034.tmp
10-25 01:48:02.290  1480  1836 W PackageParsing: Ignoring duplicate uses-permissions/uses-permissions-sdk-m: android.permission.RECEIVE_BOOT_COMPLETED in package: qtggtfpiydqiikhbndreqabpjlb.deupxo.orrsdcgrckebmqzu at: Binary XML file line #22
10-25 01:48:02.296  1480  1707 I ActivityManager: Force stopping qtggtfpiydqiikhbndreqabpjlb.deupxo.orrsdcgrckebmqzu appid=10272 user=-1: installPackageLI
10-25 01:48:02.298  1480  1836 I PackageManager: Update package qtggtfpiydqiikhbndreqabpjlb.deupxo.orrsdcgrckebmqzu code path from /data/app/~~HQwKt1eG3Kj2-TKGReNpaw==/qtggtfpiydqiikhbndreqabpjlb.deupxo.orrsdcgrckebmqzu-LnxpTL6219_oAcpUaWPH8A== to /data/app/~~V1iZqEkiKov6sApJPOfyqQ==/qtggtfpiydqiikhbndreqabpjlb.deupxo.orrsdcgrckebmqzu-W2C9hqApws1GIuNzPgeYLA==; Retain data and using new
10-25 01:48:02.370  1480  5486 W BroadcastQueue: u0 Receiving a broadcast in packagecom.safesys.viruskiller requires a permissions review
10-25 01:48:02.370  1480  5486 W BroadcastQueue: Skipping delivery: permission review required for Intent { act=android.intent.action.PACKAGE_REPLACED dat=package: flg=0x4000010 (has extras) } from null (pid=1480, uid=1000) to com.safesys.viruskiller/.ScanPackageBroadcast
10-25 01:48:02.372  1480  1707 W BroadcastQueue: u0 Receiving a broadcast in packagecom.yoojar.zlsg.baidu requires a permissions review
10-25 01:48:02.372  1480  1707 W BroadcastQueue: Skipping delivery: permission review required for Intent { act=android.intent.action.PACKAGE_REPLACED dat=package: flg=0x4000010 (has extras) } from null (pid=1480, uid=1000) to com.yoojar.zlsg.baidu/com.duoku.platform.download.broadcast.AppMonitorReceiver
10-25 01:48:02.600  1480  5475 I ActivityTaskManager: START u0 {flg=0x10000000 cmp=com.pandasecurity.pandaav/.DialogFragmentActivity (has extras)} from uid 10194
10-25 01:48:02.622  1480  5495 W ActivityTaskManager: Tried to set launchTime (0) < mLastActivityLaunchTime (734598)
10-25 01:48:02.700  1480  5491 D CoreBackPreview: Window{79efe7a u0 com.pandasecurity.pandaav/com.pandasecurity.pandaav.DialogFragmentActivity}: Setting back callback OnBackInvokedCallbackInfo{mCallback=android.window.IOnBackInvokedCallback$Stub$Proxy@b0e8846, mPriority=0}
10-25 01:48:02.707  1480  5491 D CoreBackPreview: Window{3181734 u0 com.pandasecurity.pandaav/com.pandasecurity.pandaav.DialogFragmentActivity}: Setting back callback OnBackInvokedCallbackInfo{mCallback=android.window.IOnBackInvokedCallback$Stub$Proxy@d9ae2d2, mPriority=0}
10-25 01:48:02.801  1480  1480 E NotificationService: Muting recently noisy 0|com.pandasecurity.pandaav|5394095|null|10194
10-25 01:48:02.821  1480  1836 I ActivityManager: Force stopping qtggtfpiydqiikhbndreqabpjlb.deupxo.orrsdcgrckebmqzu appid=10272 user=0: pkg removed
10-25 01:48:02.838  1480  1707 W BroadcastQueue: u0 Receiving a broadcast in packagecom.jr.narutoii requires a permissions review
10-25 01:48:02.838  1480  1707 W BroadcastQueue: Skipping delivery: permission review required for Intent { act=android.intent.action.PACKAGE_REMOVED dat=package: flg=0x4000010 (has extras) } from null (pid=1480, uid=1000) to com.jr.narutoii/com.joyriver.engine.proxy.EngineReceiver
10-25 01:48:02.838  1480  1707 W BroadcastQueue: u0 Receiving a broadcast in packagecom.android.buyer requires a permissions review
10-25 01:48:02.838  1480  1707 W BroadcastQueue: Skipping delivery: permission review required for Intent { act=android.intent.action.PACKAGE_REMOVED dat=package: flg=0x4000010 (has extras) } from null (pid=1480, uid=1000) to com.android.buyer/.mRve
10-25 01:48:02.838  1480  1707 W BroadcastQueue: u0 Receiving a broadcast in packagecom.zhiqupk.root.global requires a permissions review
10-25 01:48:02.838  1480  1707 W BroadcastQueue: Skipping delivery: permission review required for Intent { act=android.intent.action.PACKAGE_REMOVED dat=package: flg=0x4000010 (has extras) } from null (pid=1480, uid=1000) to com.zhiqupk.root.global/com.surplusclear.SurplusAppListenerReceiver
10-25 01:48:02.839  1480  1707 W BroadcastQueue: Background execution not allowed: receiving Intent { act=android.intent.action.PACKAGE_REMOVED dat=package: flg=0x4000010 (has extras) } to com.android.vending/com.google.android.finsky.packagemonitor.impl.PackageMonitorReceiverImpl$RegisteredReceiver
10-25 01:48:02.839  1480  1707 W BroadcastQueue: Background execution not allowed: receiving Intent { act=android.intent.action.PACKAGE_REMOVED dat=package: flg=0x4000010 (has extras) } to com.android.vending/com.google.android.finsky.packagemonitor.backgroundimpl.BackgroundPackageMonitorReceiverImpl$RegisteredReceiver
10-25 01:48:02.839  1480  1707 W BroadcastQueue: Background execution not allowed: receiving Intent { act=android.intent.action.PACKAGE_REMOVED dat=package: flg=0x4000010 (has extras) } to com.android.vending/com.google.android.finsky.instantapps.appmanagement.InstantAppRemoveMonitor
10-25 01:48:02.839  1480  1707 W BroadcastQueue: Background execution not allowed: receiving Intent { act=android.intent.action.PACKAGE_REMOVED dat=package: flg=0x4000010 (has extras) } to com.google.android.gms/.games.chimera.GamesSystemBroadcastReceiverProxy
10-25 01:48:02.839  1480  1707 W BroadcastQueue: Background execution not allowed: receiving Intent { act=android.intent.action.PACKAGE_REMOVED dat=package: flg=0x4000010 (has extras) } to com.google.android.gms/.chimera.GmsIntentOperationService$PersistentTrustedReceiver
10-25 01:48:02.839  1480  1707 W BroadcastQueue: Background execution not allowed: receiving Intent { act=android.intent.action.PACKAGE_REMOVED dat=package: flg=0x4000010 (has extras) } to com.google.android.googlequicksearchbox/com.google.android.apps.gsa.googlequicksearchbox.GelStubAppWatcher
10-25 01:48:02.839  1480  1707 W BroadcastQueue: u0 Receiving a broadcast in packagecom.cncd.japan.janli.shudu requires a permissions review
10-25 01:48:02.839  1480  1707 W BroadcastQueue: Skipping delivery: permission review required for Intent { act=android.intent.action.PACKAGE_REMOVED dat=package: flg=0x4000010 (has extras) } from null (pid=1480, uid=1000) to com.cncd.japan.janli.shudu/com.feiwofour.coverscreen.SR
10-25 01:48:02.844  1480  1707 W BroadcastQueue: u0 Receiving a broadcast in packagecom.foresight.mobowifi requires a permissions review
10-25 01:48:02.844  1480  1707 W BroadcastQueue: Skipping delivery: permission review required for Intent { act=android.intent.action.PACKAGE_REMOVED dat=package: flg=0x4000010 (has extras) } from null (pid=1480, uid=1000) to com.foresight.mobowifi/com.umeng.message.RegistrationReceiver
10-25 01:48:02.844  1480  1707 W BroadcastQueue: u0 Receiving a broadcast in packagecom.games.mengmeizhitd requires a permissions review
10-25 01:48:02.844  1480  1707 W BroadcastQueue: Skipping delivery: permission review required for Intent { act=android.intent.action.PACKAGE_REMOVED dat=package: flg=0x4000010 (has extras) } from null (pid=1480, uid=1000) to com.games.mengmeizhitd/hjnw.ihjnw.i.isqly
10-25 01:48:02.861  1480  1707 W BroadcastQueue: u0 Receiving a broadcast in packagecom.hgperfko.yaeghrwx requires a permissions review
10-25 01:48:02.861  1480  1707 W BroadcastQueue: Skipping delivery: permission review required for Intent { act=android.intent.action.PACKAGE_REMOVED dat=package: flg=0x4000010 (has extras) } from null (pid=1480, uid=1000) to com.hgperfko.yaeghrwx/.core.hLytdCQDBv
10-25 01:48:02.861  1480  1707 W BroadcastQueue: u0 Receiving a broadcast in packagecom.microgame.skater requires a permissions review
10-25 01:48:02.861  1480  1707 W BroadcastQueue: Skipping delivery: permission review required for Intent { act=android.intent.action.PACKAGE_REMOVED dat=package: flg=0x4000010 (has extras) } from null (pid=1480, uid=1000) to com.microgame.skater/com.jmedia.listenner.PackageReceiver
10-25 01:48:02.861  1480  1707 W BroadcastQueue: u0 Receiving a broadcast in packagecom.qiuqiu.dfmc requires a permissions review
10-25 01:48:02.861  1480  1707 W BroadcastQueue: Skipping delivery: permission review required for Intent { act=android.intent.action.PACKAGE_REMOVED dat=package: flg=0x4000010 (has extras) } from null (pid=1480, uid=1000) to com.qiuqiu.dfmc/cn.jpush.android.service.PushReceiver
10-25 01:48:02.861  1480  1707 W BroadcastQueue: u0 Receiving a broadcast in packagecom.safesys.viruskiller requires a permissions review
10-25 01:48:02.861  1480  1707 W BroadcastQueue: Skipping delivery: permission review required for Intent { act=android.intent.action.PACKAGE_REMOVED dat=package: flg=0x4000010 (has extras) } from null (pid=1480, uid=1000) to com.safesys.viruskiller/.ScanPackageBroadcast
10-25 01:48:02.861  1480  1707 W BroadcastQueue: u0 Receiving a broadcast in packagecom.uc108.mobile.sdgj.bd1 requires a permissions review
10-25 01:48:02.862  1480  1707 W BroadcastQueue: Skipping delivery: permission review required for Intent { act=android.intent.action.PACKAGE_REMOVED dat=package: flg=0x4000010 (has extras) } from null (pid=1480, uid=1000) to com.uc108.mobile.sdgj.bd1/com.baidu.android.pushservice.RegistrationReceiver
10-25 01:48:02.862  1480  1707 W BroadcastQueue: u0 Receiving a broadcast in packagecom.uc108.mobile.sdgj.bd1 requires a permissions review
10-25 01:48:02.862  1480  1707 W BroadcastQueue: Skipping delivery: permission review required for Intent { act=android.intent.action.PACKAGE_REMOVED dat=package: flg=0x4000010 (has extras) } from null (pid=1480, uid=1000) to com.uc108.mobile.sdgj.bd1/com.baidu.tiebasdk.service.InstallReceiver
10-25 01:48:02.862  1480  1707 W BroadcastQueue: u0 Receiving a broadcast in packagecom.ym.refpackage.Hjzj.baidu requires a permissions review
10-25 01:48:02.862  1480  1707 W BroadcastQueue: Skipping delivery: permission review required for Intent { act=android.intent.action.PACKAGE_REMOVED dat=package: flg=0x4000010 (has extras) } from null (pid=1480, uid=1000) to com.ym.refpackage.Hjzj.baidu/com.ym.refpackage.sjrr.baidu.Receiverbaidu
10-25 01:48:02.863  1480  1707 W BroadcastQueue: u0 Receiving a broadcast in packagecom.ym.refpackage.Hjzj.baidu requires a permissions review
10-25 01:48:02.863  1480  1707 W BroadcastQueue: Skipping delivery: permission review required for Intent { act=android.intent.action.PACKAGE_REMOVED dat=package: flg=0x4000010 (has extras) } from null (pid=1480, uid=1000) to com.ym.refpackage.Hjzj.baidu/coco.husky.shell.Receiver
10-25 01:48:02.863  1480  1707 W BroadcastQueue: u0 Receiving a broadcast in packagecom.yoojar.zlsg.baidu requires a permissions review
10-25 01:48:02.863  1480  1707 W BroadcastQueue: Skipping delivery: permission review required for Intent { act=android.intent.action.PACKAGE_REMOVED dat=package: flg=0x4000010 (has extras) } from null (pid=1480, uid=1000) to com.yoojar.zlsg.baidu/com.baidu.android.pushservice.RegistrationReceiver
10-25 01:48:02.863  1480  1707 W BroadcastQueue: u0 Receiving a broadcast in packagecom.yoojar.zlsg.baidu requires a permissions review
10-25 01:48:02.863  1480  1707 W BroadcastQueue: Skipping delivery: permission review required for Intent { act=android.intent.action.PACKAGE_REMOVED dat=package: flg=0x4000010 (has extras) } from null (pid=1480, uid=1000) to com.yoojar.zlsg.baidu/com.duoku.platform.download.broadcast.AppMonitorReceiver
10-25 01:48:02.864  1480  1707 W BroadcastQueue: u0 Receiving a broadcast in packagecom.jr.narutoii requires a permissions review
10-25 01:48:02.864  1480  1707 W BroadcastQueue: Skipping delivery: permission review required for Intent { act=android.intent.action.PACKAGE_ADDED dat=package: flg=0x4000010 (has extras) } from null (pid=1480, uid=1000) to com.jr.narutoii/com.joyriver.engine.proxy.EngineReceiver
10-25 01:48:02.864  1480  1707 W BroadcastQueue: u0 Receiving a broadcast in packagecom.android.buyer requires a permissions review
10-25 01:48:02.864  1480  1707 W BroadcastQueue: Skipping delivery: permission review required for Intent { act=android.intent.action.PACKAGE_ADDED dat=package: flg=0x4000010 (has extras) } from null (pid=1480, uid=1000) to com.android.buyer/.mRve
10-25 01:48:02.864  1480  1707 W BroadcastQueue: u0 Receiving a broadcast in packagecom.ym.refpackage.Hjzj.baidu requires a permissions review
10-25 01:48:02.864  1480  1707 W BroadcastQueue: Skipping delivery: permission review required for Intent { act=android.intent.action.PACKAGE_ADDED dat=package: flg=0x4000010 (has extras) } from null (pid=1480, uid=1000) to com.ym.refpackage.Hjzj.baidu/com.z.enter.rc
10-25 01:48:02.864  1480  1707 W BroadcastQueue: u0 Receiving a broadcast in packagecom.zhiqupk.root.global requires a permissions review
10-25 01:48:02.864  1480  1707 W BroadcastQueue: Skipping delivery: permission review required for Intent { act=android.intent.action.PACKAGE_ADDED dat=package: flg=0x4000010 (has extras) } from null (pid=1480, uid=1000) to com.zhiqupk.root.global/com.zhiqupk.root.InstallAppReceiver
10-25 01:48:02.864  1480  1707 W BroadcastQueue: u0 Receiving a broadcast in packagecom.zhiqupk.root.global requires a permissions review
10-25 01:48:02.864  1480  1707 W BroadcastQueue: Skipping delivery: permission review required for Intent { act=android.intent.action.PACKAGE_ADDED dat=package: flg=0x4000010 (has extras) } from null (pid=1480, uid=1000) to com.zhiqupk.root.global/com.zhiqupk.root.receiver.AppListenerReceiver
10-25 01:48:02.864  1480  1707 W BroadcastQueue: u0 Receiving a broadcast in packagecom.zhiqupk.root.global requires a permissions review
10-25 01:48:02.864  1480  1707 W BroadcastQueue: Skipping delivery: permission review required for Intent { act=android.intent.action.PACKAGE_ADDED dat=package: flg=0x4000010 (has extras) } from null (pid=1480, uid=1000) to com.zhiqupk.root.global/com.surplusclear.SurplusAppListenerReceiver
10-25 01:48:02.864  1480  1707 W BroadcastQueue: u0 Receiving a broadcast in packagecom.zhiqupk.root.global requires a permissions review
10-25 01:48:02.864  1480  1707 W BroadcastQueue: Skipping delivery: permission review required for Intent { act=android.intent.action.PACKAGE_ADDED dat=package: flg=0x4000010 (has extras) } from null (pid=1480, uid=1000) to com.zhiqupk.root.global/com.umeng.update.UmengInstallReceiver
10-25 01:48:02.864  1480  1707 W BroadcastQueue: Background execution not allowed: receiving Intent { act=android.intent.action.PACKAGE_ADDED dat=package: flg=0x4000010 (has extras) } to com.google.android.packageinstaller/com.android.packageinstaller.PackageInstalledReceiver
10-25 01:48:02.864  1480  1707 W BroadcastQueue: Background execution not allowed: receiving Intent { act=android.intent.action.PACKAGE_ADDED dat=package: flg=0x4000010 (has extras) } to com.pandasecurity.pandaav/com.pandasecurity.appobserver.AppObserverReceiver
10-25 01:48:02.864  1480  1707 W BroadcastQueue: Background execution not allowed: receiving Intent { act=android.intent.action.PACKAGE_ADDED dat=package: flg=0x4000010 (has extras) } to com.android.vending/com.google.android.finsky.packagemonitor.impl.PackageMonitorReceiverImpl$RegisteredReceiver
10-25 01:48:02.865  1480  1707 W BroadcastQueue: Background execution not allowed: receiving Intent { act=android.intent.action.PACKAGE_ADDED dat=package: flg=0x4000010 (has extras) } to com.android.vending/com.google.android.finsky.packagemonitor.backgroundimpl.BackgroundPackageMonitorReceiverImpl$RegisteredReceiver
10-25 01:48:02.865  1480  1707 W BroadcastQueue: Background execution not allowed: receiving Intent { act=android.intent.action.PACKAGE_ADDED dat=package: flg=0x4000010 (has extras) } to com.google.android.gms/.games.chimera.GamesSystemBroadcastReceiverProxy
10-25 01:48:02.865  1480  1707 W BroadcastQueue: Background execution not allowed: receiving Intent { act=android.intent.action.PACKAGE_ADDED dat=package: flg=0x4000010 (has extras) } to com.google.android.gms/.gass.chimera.PackageChangeBroadcastReceiver
10-25 01:48:02.865  1480  1707 W BroadcastQueue: Background execution not allowed: receiving Intent { act=android.intent.action.PACKAGE_ADDED dat=package: flg=0x4000010 (has extras) } to com.google.android.gms/.chimera.GmsIntentOperationService$PersistentTrustedReceiver
10-25 01:48:02.865  1480  1707 W BroadcastQueue: Background execution not allowed: receiving Intent { act=android.intent.action.PACKAGE_ADDED dat=package: flg=0x4000010 (has extras) } to com.google.android.googlequicksearchbox/com.google.android.apps.gsa.googlequicksearchbox.GelStubAppWatcher
10-25 01:48:02.865  1480  1707 W BroadcastQueue: u0 Receiving a broadcast in packagecom.cncd.japan.janli.shudu requires a permissions review
10-25 01:48:02.865  1480  1707 W BroadcastQueue: Skipping delivery: permission review required for Intent { act=android.intent.action.PACKAGE_ADDED dat=package: flg=0x4000010 (has extras) } from null (pid=1480, uid=1000) to com.cncd.japan.janli.shudu/net.l.k.r
10-25 01:48:02.865  1480  1707 W BroadcastQueue: u0 Receiving a broadcast in packagecom.cncd.japan.janli.shudu requires a permissions review
10-25 01:48:02.865  1480  1707 W BroadcastQueue: Skipping delivery: permission review required for Intent { act=android.intent.action.PACKAGE_ADDED dat=package: flg=0x4000010 (has extras) } from null (pid=1480, uid=1000) to com.cncd.japan.janli.shudu/com.feiwofour.coverscreen.SR
10-25 01:48:02.865  1480  1707 W BroadcastQueue: u0 Receiving a broadcast in packagecom.games.mengmeizhitd requires a permissions review
10-25 01:48:02.865  1480  1707 W BroadcastQueue: Skipping delivery: permission review required for Intent { act=android.intent.action.PACKAGE_ADDED dat=package: flg=0x4000010 (has extras) } from null (pid=1480, uid=1000) to com.games.mengmeizhitd/hjnw.ihjnw.i.isqly
10-25 01:48:02.865  1480  1707 W BroadcastQueue: u0 Receiving a broadcast in packagecom.hgperfko.yaeghrwx requires a permissions review
10-25 01:48:02.866  1480  1707 W BroadcastQueue: Skipping delivery: permission review required for Intent { act=android.intent.action.PACKAGE_ADDED dat=package: flg=0x4000010 (has extras) } from null (pid=1480, uid=1000) to com.hgperfko.yaeghrwx/.core.hLytdCQDBv
10-25 01:48:02.866  1480  1707 W BroadcastQueue: u0 Receiving a broadcast in packagecom.microgame.skater requires a permissions review
10-25 01:48:02.866  1480  1707 W BroadcastQueue: Skipping delivery: permission review required for Intent { act=android.intent.action.PACKAGE_ADDED dat=package: flg=0x4000010 (has extras) } from null (pid=1480, uid=1000) to com.microgame.skater/com.jmedia.listenner.PackageReceiver
10-25 01:48:02.872  1480  1480 I Telecom : CarModeTracker: Package qtggtfpiydqiikhbndreqabpjlb.deupxo.orrsdcgrckebmqzu is not tracked.: SSH.oR@BrI
10-25 01:48:02.872  1480  1480 I Telecom : InCallController: updateCarModeForConnections: car mode apps: : SSH.oR@BrI
10-25 01:48:02.880  1480  1480 I Telecom : DefaultDialerCache: Refreshing default dialer for user 0: now com.google.android.dialer: DDC.oR@BrM
10-25 01:48:02.891  1480  1480 V BackupManagerConstants: getFullBackupIntervalMilliseconds(...) returns 86400000
10-25 01:48:02.891  1480  1480 V BackupManagerConstants: getFullBackupRequiredNetworkType(...) returns 2
10-25 01:48:02.891  1480  1480 V BackupManagerConstants: getFullBackupRequireCharging(...) returns true
10-25 01:48:02.892  1480  1480 D CompatibilityChangeReporter: Compat change id reported: 171306433; UID 10272; state: DISABLED
10-25 01:48:02.906  1480  1833 E VerityUtils: Failed to measure fs-verity, errno 1: /data/app/~~V1iZqEkiKov6sApJPOfyqQ==/qtggtfpiydqiikhbndreqabpjlb.deupxo.orrsdcgrckebmqzu-W2C9hqApws1GIuNzPgeYLA==/base.apk
10-25 01:48:02.917  1480  1836 D PackageInstallerSession: Marking session 916608034 as applied
10-25 01:48:02.917  1480  1705 W WindowMagnificationMgr: requestConnection duplicated request: connect=false, mConnectionState=DISCONNECTED
10-25 01:48:02.967  1480  1705 W WindowMagnificationMgr: requestConnection duplicated request: connect=false, mConnectionState=DISCONNECTED
10-25 01:48:03.000  1480  2994 W BroadcastQueue: u0 Receiving a broadcast in packagecom.qiuqiu.dfmc requires a permissions review
10-25 01:48:03.000  1480  2994 W BroadcastQueue: Skipping delivery: permission review required for Intent { act=android.intent.action.PACKAGE_ADDED dat=package: flg=0x4000010 (has extras) } from null (pid=1480, uid=1000) to com.qiuqiu.dfmc/cn.jpush.android.service.PushReceiver
10-25 01:48:03.001  1480  1707 W BroadcastQueue: u0 Receiving a broadcast in packagecom.safesys.viruskiller requires a permissions review
10-25 01:48:03.001  1480  1707 W BroadcastQueue: Skipping delivery: permission review required for Intent { act=android.intent.action.PACKAGE_ADDED dat=package: flg=0x4000010 (has extras) } from null (pid=1480, uid=1000) to com.safesys.viruskiller/.ScanPackageBroadcast
10-25 01:48:03.001  1480  1707 W BroadcastQueue: u0 Receiving a broadcast in packagecom.uc108.mobile.sdgj.bd1 requires a permissions review
10-25 01:48:03.001  1480  1707 W BroadcastQueue: Skipping delivery: permission review required for Intent { act=android.intent.action.PACKAGE_ADDED dat=package: flg=0x4000010 (has extras) } from null (pid=1480, uid=1000) to com.uc108.mobile.sdgj.bd1/com.baidu.tiebasdk.service.InstallReceiver
10-25 01:48:03.001  1480  1707 W BroadcastQueue: u0 Receiving a broadcast in packagecom.voicebianshengjinglingwc.wxl requires a permissions review
10-25 01:48:03.001  1480  1707 W BroadcastQueue: Skipping delivery: permission review required for Intent { act=android.intent.action.PACKAGE_ADDED dat=package: flg=0x4000010 (has extras) } from null (pid=1480, uid=1000) to com.voicebianshengjinglingwc.wxl/mp.ruu.Ztjjwrj
10-25 01:48:03.001  1480  1707 W BroadcastQueue: u0 Receiving a broadcast in packagecom.ym.refpackage.Hjzj.baidu requires a permissions review
10-25 01:48:03.001  1480  1707 W BroadcastQueue: Skipping delivery: permission review required for Intent { act=android.intent.action.PACKAGE_ADDED dat=package: flg=0x4000010 (has extras) } from null (pid=1480, uid=1000) to com.ym.refpackage.Hjzj.baidu/com.ym.refpackage.sjrr.baidu.Receiverbaidu
10-25 01:48:03.001  1480  1707 W BroadcastQueue: u0 Receiving a broadcast in packagecom.ym.refpackage.Hjzj.baidu requires a permissions review
10-25 01:48:03.001  1480  1707 W BroadcastQueue: Skipping delivery: permission review required for Intent { act=android.intent.action.PACKAGE_ADDED dat=package: flg=0x4000010 (has extras) } from null (pid=1480, uid=1000) to com.ym.refpackage.Hjzj.baidu/coco.husky.shell.Receiver
10-25 01:48:03.001  1480  1707 W BroadcastQueue: u0 Receiving a broadcast in packagecom.yoojar.zlsg.baidu requires a permissions review
10-25 01:48:03.001  1480  1707 W BroadcastQueue: Skipping delivery: permission review required for Intent { act=android.intent.action.PACKAGE_ADDED dat=package: flg=0x4000010 (has extras) } from null (pid=1480, uid=1000) to com.yoojar.zlsg.baidu/com.duoku.platform.download.broadcast.AppMonitorReceiver
10-25 01:48:03.001  1480  1707 W BroadcastQueue: u0 Receiving a broadcast in packageio.dcloud.H5BC6BF13 requires a permissions review
10-25 01:48:03.001  1480  1707 W BroadcastQueue: Skipping delivery: permission review required for Intent { act=android.intent.action.PACKAGE_ADDED dat=package: flg=0x4000010 (has extras) } from null (pid=1480, uid=1000) to io.dcloud.H5BC6BF13/io.dcloud.common.adapter.io.DownloadReceiver
10-25 01:48:03.038  1480  4038 W BroadcastQueue: Background execution not allowed: receiving Intent { act=android.intent.action.PACKAGE_REPLACED dat=package: flg=0x4000010 (has extras) } to com.google.android.gms/.gass.chimera.PackageChangeBroadcastReceiver
10-25 01:48:03.039  1480  1707 W BroadcastQueue: Background execution not allowed: receiving Intent { act=android.intent.action.PACKAGE_REPLACED dat=package: flg=0x4000010 (has extras) } to com.google.android.gms/.chimera.GmsIntentOperationService$PersistentTrustedReceiver
10-25 01:48:03.039  1480  1707 W BroadcastQueue: Background execution not allowed: receiving Intent { act=android.intent.action.PACKAGE_REPLACED dat=package: flg=0x4000010 (has extras) } to com.google.android.googlequicksearchbox/com.google.android.apps.gsa.googlequicksearchbox.GelStubAppWatcher
10-25 01:48:03.039  1480  1707 W BroadcastQueue: u0 Receiving a broadcast in packagecom.microgame.skater requires a permissions review
10-25 01:48:03.039  1480  1707 W BroadcastQueue: Skipping delivery: permission review required for Intent { act=android.intent.action.PACKAGE_REPLACED dat=package: flg=0x4000010 (has extras) } from null (pid=1480, uid=1000) to com.microgame.skater/com.jmedia.listenner.PackageReceiver
10-25 01:48:03.040  1480  1833 E VerityUtils: Failed to measure fs-verity, errno 1: /data/app/~~V1iZqEkiKov6sApJPOfyqQ==/qtggtfpiydqiikhbndreqabpjlb.deupxo.orrsdcgrckebmqzu-W2C9hqApws1GIuNzPgeYLA==/base.apk
