10-25 01:48:10.309  1480  1707 W BroadcastQueue: Background execution not allowed: receiving Intent { act=android.intent.action.PACKAGE_REMOVED dat=package: flg=0x4000010 (has extras) } to com.google.android.gms/.games.chimera.GamesSystemBroadcastReceiverProxy
10-25 01:48:10.309  1480  1707 W BroadcastQueue: Background execution not allowed: receiving Intent { act=android.intent.action.PACKAGE_REMOVED dat=package: flg=0x4000010 (has extras) } to com.google.android.gms/.chimera.GmsIntentOperationService$PersistentTrustedReceiver
10-25 01:48:10.309  1480  1707 W BroadcastQueue: Background execution not allowed: receiving Intent { act=android.intent.action.PACKAGE_REMOVED dat=package: flg=0x4000010 (has extras) } to com.google.android.googlequicksearchbox/com.google.android.apps.gsa.googlequicksearchbox.GelStubAppWatcher
10-25 01:48:10.309  1480  1707 W BroadcastQueue: u0 Receiving a broadcast in packagecom.cncd.japan.janli.shudu requires a permissions review
10-25 01:48:10.309  1480  1707 W BroadcastQueue: Skipping delivery: permission review required for Intent { act=android.intent.action.PACKAGE_REMOVED dat=package: flg=0x4000010 (has extras) } from null (pid=1480, uid=1000) to com.cncd.japan.janli.shudu/com.feiwofour.coverscreen.SR
10-25 01:48:10.309  1480  1707 W BroadcastQueue: u0 Receiving a broadcast in packagecom.foresight.mobowifi requires a permissions review
10-25 01:48:10.309  1480  1707 W BroadcastQueue: Skipping delivery: permission review required for Intent { act=android.intent.action.PACKAGE_REMOVED dat=package: flg=0x4000010 (has extras) } from null (pid=1480, uid=1000) to com.foresight.mobowifi/com.umeng.message.RegistrationReceiver
10-25 01:48:10.309  1480  1707 W BroadcastQueue: u0 Receiving a broadcast in packagecom.games.mengmeizhitd requires a permissions review
10-25 01:48:10.309  1480  1707 W BroadcastQueue: Skipping delivery: permission review required for Intent { act=android.intent.action.PACKAGE_REMOVED dat=package: flg=0x4000010 (has extras) } from null (pid=1480, uid=1000) to com.games.mengmeizhitd/hjnw.ihjnw.i.isqly
10-25 01:48:10.309  1480  1707 W BroadcastQueue: u0 Receiving a broadcast in packagecom.hgperfko.yaeghrwx requires a permissions review
10-25 01:48:10.309  1480  1707 W BroadcastQueue: Skipping delivery: permission review required for Intent { act=android.intent.action.PACKAGE_REMOVED dat=package: flg=0x4000010 (has extras) } from null (pid=1480, uid=1000) to com.hgperfko.yaeghrwx/.core.hLytdCQDBv
10-25 01:48:10.309  1480  1707 W BroadcastQueue: u0 Receiving a broadcast in packagecom.microgame.skater requires a permissions review
10-25 01:48:10.309  1480  1707 W BroadcastQueue: Skipping delivery: permission review required for Intent { act=android.intent.action.PACKAGE_REMOVED dat=package: flg=0x4000010 (has extras) } from null (pid=1480, uid=1000) to com.microgame.skater/com.jmedia.listenner.PackageReceiver
10-25 01:48:10.309  1480  1707 W BroadcastQueue: u0 Receiving a broadcast in packagecom.qiuqiu.dfmc requires a permissions review
10-25 01:48:10.309  1480  1707 W BroadcastQueue: Skipping delivery: permission review required for Intent { act=android.intent.action.PACKAGE_REMOVED dat=package: flg=0x4000010 (has extras) } from null (pid=1480, uid=1000) to com.qiuqiu.dfmc/cn.jpush.android.service.PushReceiver
10-25 01:48:10.309  1480  1707 W BroadcastQueue: u0 Receiving a broadcast in packagecom.safesys.viruskiller requires a permissions review
10-25 01:48:10.309  1480  1707 W BroadcastQueue: Skipping delivery: permission review required for Intent { act=android.intent.action.PACKAGE_REMOVED dat=package: flg=0x4000010 (has extras) } from null (pid=1480, uid=1000) to com.safesys.viruskiller/.ScanPackageBroadcast
10-25 01:48:10.309  1480  1707 W BroadcastQueue: u0 Receiving a broadcast in packagecom.uc108.mobile.sdgj.bd1 requires a permissions review
10-25 01:48:10.309  1480  1707 W BroadcastQueue: Skipping delivery: permission review required for Intent { act=android.intent.action.PACKAGE_REMOVED dat=package: flg=0x4000010 (has extras) } from null (pid=1480, uid=1000) to com.uc108.mobile.sdgj.bd1/com.baidu.android.pushservice.RegistrationReceiver
10-25 01:48:10.309  1480  1707 W BroadcastQueue: u0 Receiving a broadcast in packagecom.uc108.mobile.sdgj.bd1 requires a permissions review
10-25 01:48:10.309  1480  1707 W BroadcastQueue: Skipping delivery: permission review required for Intent { act=android.intent.action.PACKAGE_REMOVED dat=package: flg=0x4000010 (has extras) } from null (pid=1480, uid=1000) to com.uc108.mobile.sdgj.bd1/com.baidu.tiebasdk.service.InstallReceiver
10-25 01:48:10.309  1480  1707 W BroadcastQueue: u0 Receiving a broadcast in packagecom.ym.refpackage.Hjzj.baidu requires a permissions review
10-25 01:48:10.309  1480  1707 W BroadcastQueue: Skipping delivery: permission review required for Intent { act=android.intent.action.PACKAGE_REMOVED dat=package: flg=0x4000010 (has extras) } from null (pid=1480, uid=1000) to com.ym.refpackage.Hjzj.baidu/com.ym.refpackage.sjrr.baidu.Receiverbaidu
10-25 01:48:10.309  1480  1707 W BroadcastQueue: u0 Receiving a broadcast in packagecom.ym.refpackage.Hjzj.baidu requires a permissions review
10-25 01:48:10.309  1480  1707 W BroadcastQueue: Skipping delivery: permission review required for Intent { act=android.intent.action.PACKAGE_REMOVED dat=package: flg=0x4000010 (has extras) } from null (pid=1480, uid=1000) to com.ym.refpackage.Hjzj.baidu/coco.husky.shell.Receiver
10-25 01:48:10.310  1480  1707 W BroadcastQueue: u0 Receiving a broadcast in packagecom.yoojar.zlsg.baidu requires a permissions review
10-25 01:48:10.310  1480  1707 W BroadcastQueue: Skipping delivery: permission review required for Intent { act=android.intent.action.PACKAGE_REMOVED dat=package: flg=0x4000010 (has extras) } from null (pid=1480, uid=1000) to com.yoojar.zlsg.baidu/com.baidu.android.pushservice.RegistrationReceiver
10-25 01:48:10.310  1480  1707 W BroadcastQueue: u0 Receiving a broadcast in packagecom.yoojar.zlsg.baidu requires a permissions review
10-25 01:48:10.310  1480  1707 W BroadcastQueue: Skipping delivery: permission review required for Intent { act=android.intent.action.PACKAGE_REMOVED dat=package: flg=0x4000010 (has extras) } from null (pid=1480, uid=1000) to com.yoojar.zlsg.baidu/com.duoku.platform.download.broadcast.AppMonitorReceiver
10-25 01:48:10.317  1480  1480 D CompatibilityChangeReporter: Compat change id reported: 171306433; UID 10281; state: DISABLED
10-25 01:48:10.318  1480  1480 I Telecom : DefaultDialerCache: Refreshing default dialer for user 0: now com.google.android.dialer: DDC.oR@BvI
10-25 01:48:10.328  1480  1707 W BroadcastQueue: u0 Receiving a broadcast in packagecom.jr.narutoii requires a permissions review
10-25 01:48:10.328  1480  1707 W BroadcastQueue: Skipping delivery: permission review required for Intent { act=android.intent.action.PACKAGE_ADDED dat=package: flg=0x4000010 (has extras) } from null (pid=1480, uid=1000) to com.jr.narutoii/com.joyriver.engine.proxy.EngineReceiver
10-25 01:48:10.328  1480  1707 W BroadcastQueue: u0 Receiving a broadcast in packagecom.android.buyer requires a permissions review
10-25 01:48:10.328  1480  1707 W BroadcastQueue: Skipping delivery: permission review required for Intent { act=android.intent.action.PACKAGE_ADDED dat=package: flg=0x4000010 (has extras) } from null (pid=1480, uid=1000) to com.android.buyer/.mRve
10-25 01:48:10.328  1480  1707 W BroadcastQueue: u0 Receiving a broadcast in packagecom.ym.refpackage.Hjzj.baidu requires a permissions review
10-25 01:48:10.329  1480  1707 W BroadcastQueue: Skipping delivery: permission review required for Intent { act=android.intent.action.PACKAGE_ADDED dat=package: flg=0x4000010 (has extras) } from null (pid=1480, uid=1000) to com.ym.refpackage.Hjzj.baidu/com.z.enter.rc
10-25 01:48:10.329  1480  1707 W BroadcastQueue: u0 Receiving a broadcast in packagecom.zhiqupk.root.global requires a permissions review
10-25 01:48:10.329  1480  1707 W BroadcastQueue: Skipping delivery: permission review required for Intent { act=android.intent.action.PACKAGE_ADDED dat=package: flg=0x4000010 (has extras) } from null (pid=1480, uid=1000) to com.zhiqupk.root.global/com.zhiqupk.root.InstallAppReceiver
10-25 01:48:10.329  1480  1707 W BroadcastQueue: u0 Receiving a broadcast in packagecom.zhiqupk.root.global requires a permissions review
10-25 01:48:10.329  1480  1707 W BroadcastQueue: Skipping delivery: permission review required for Intent { act=android.intent.action.PACKAGE_ADDED dat=package: flg=0x4000010 (has extras) } from null (pid=1480, uid=1000) to com.zhiqupk.root.global/com.zhiqupk.root.receiver.AppListenerReceiver
10-25 01:48:10.329  1480  1707 W BroadcastQueue: u0 Receiving a broadcast in packagecom.zhiqupk.root.global requires a permissions review
10-25 01:48:10.329  1480  1707 W BroadcastQueue: Skipping delivery: permission review required for Intent { act=android.intent.action.PACKAGE_ADDED dat=package: flg=0x4000010 (has extras) } from null (pid=1480, uid=1000) to com.zhiqupk.root.global/com.surplusclear.SurplusAppListenerReceiver
10-25 01:48:10.329  1480  1707 W BroadcastQueue: u0 Receiving a broadcast in packagecom.zhiqupk.root.global requires a permissions review
10-25 01:48:10.329  1480  1707 W BroadcastQueue: Skipping delivery: permission review required for Intent { act=android.intent.action.PACKAGE_ADDED dat=package: flg=0x4000010 (has extras) } from null (pid=1480, uid=1000) to com.zhiqupk.root.global/com.umeng.update.UmengInstallReceiver
10-25 01:48:10.329  1480  1707 W BroadcastQueue: Background execution not allowed: receiving Intent { act=android.intent.action.PACKAGE_ADDED dat=package: flg=0x4000010 (has extras) } to com.google.android.packageinstaller/com.android.packageinstaller.PackageInstalledReceiver
10-25 01:48:10.329  1480  1707 W BroadcastQueue: Background execution not allowed: receiving Intent { act=android.intent.action.PACKAGE_ADDED dat=package: flg=0x4000010 (has extras) } to com.pandasecurity.pandaav/com.pandasecurity.appobserver.AppObserverReceiver
10-25 01:48:10.329  1480  1707 W BroadcastQueue: Background execution not allowed: receiving Intent { act=android.intent.action.PACKAGE_ADDED dat=package: flg=0x4000010 (has extras) } to com.android.vending/com.google.android.finsky.packagemonitor.impl.PackageMonitorReceiverImpl$RegisteredReceiver
10-25 01:48:10.329  1480  1707 W BroadcastQueue: Background execution not allowed: receiving Intent { act=android.intent.action.PACKAGE_ADDED dat=package: flg=0x4000010 (has extras) } to com.android.vending/com.google.android.finsky.packagemonitor.backgroundimpl.BackgroundPackageMonitorReceiverImpl$RegisteredReceiver
10-25 01:48:10.329  1480  1707 W BroadcastQueue: Background execution not allowed: receiving Intent { act=android.intent.action.PACKAGE_ADDED dat=package: flg=0x4000010 (has extras) } to com.google.android.gms/.games.chimera.GamesSystemBroadcastReceiverProxy
10-25 01:48:10.329  1480  1707 W BroadcastQueue: Background execution not allowed: receiving Intent { act=android.intent.action.PACKAGE_ADDED dat=package: flg=0x4000010 (has extras) } to com.google.android.gms/.gass.chimera.PackageChangeBroadcastReceiver
10-25 01:48:10.329  1480  1707 W BroadcastQueue: Background execution not allowed: receiving Intent { act=android.intent.action.PACKAGE_ADDED dat=package: flg=0x4000010 (has extras) } to com.google.android.gms/.chimera.GmsIntentOperationService$PersistentTrustedReceiver
10-25 01:48:10.329  1480  1707 W BroadcastQueue: Background execution not allowed: receiving Intent { act=android.intent.action.PACKAGE_ADDED dat=package: flg=0x4000010 (has extras) } to com.google.android.googlequicksearchbox/com.google.android.apps.gsa.googlequicksearchbox.GelStubAppWatcher
10-25 01:48:10.329  1480  1707 W BroadcastQueue: u0 Receiving a broadcast in packagecom.cncd.japan.janli.shudu requires a permissions review
10-25 01:48:10.329  1480  1707 W BroadcastQueue: Skipping delivery: permission review required for Intent { act=android.intent.action.PACKAGE_ADDED dat=package: flg=0x4000010 (has extras) } from null (pid=1480, uid=1000) to com.cncd.japan.janli.shudu/net.l.k.r
10-25 01:48:10.330  1480  1707 W BroadcastQueue: u0 Receiving a broadcast in packagecom.cncd.japan.janli.shudu requires a permissions review
10-25 01:48:10.330  1480  1707 W BroadcastQueue: Skipping delivery: permission review required for Intent { act=android.intent.action.PACKAGE_ADDED dat=package: flg=0x4000010 (has extras) } from null (pid=1480, uid=1000) to com.cncd.japan.janli.shudu/com.feiwofour.coverscreen.SR
10-25 01:48:10.330  1480  1707 W BroadcastQueue: u0 Receiving a broadcast in packagecom.games.mengmeizhitd requires a permissions review
10-25 01:48:10.330  1480  1707 W BroadcastQueue: Skipping delivery: permission review required for Intent { act=android.intent.action.PACKAGE_ADDED dat=package: flg=0x4000010 (has extras) } from null (pid=1480, uid=1000) to com.games.mengmeizhitd/hjnw.ihjnw.i.isqly
10-25 01:48:10.330  1480  1707 W BroadcastQueue: u0 Receiving a broadcast in packagecom.hgperfko.yaeghrwx requires a permissions review
10-25 01:48:10.330  1480  1707 W BroadcastQueue: Skipping delivery: permission review required for Intent { act=android.intent.action.PACKAGE_ADDED dat=package: flg=0x4000010 (has extras) } from null (pid=1480, uid=1000) to com.hgperfko.yaeghrwx/.core.hLytdCQDBv
10-25 01:48:10.330  1480  1707 W BroadcastQueue: u0 Receiving a broadcast in packagecom.microgame.skater requires a permissions review
10-25 01:48:10.330  1480  1707 W BroadcastQueue: Skipping delivery: permission review required for Intent { act=android.intent.action.PACKAGE_ADDED dat=package: flg=0x4000010 (has extras) } from null (pid=1480, uid=1000) to com.microgame.skater/com.jmedia.listenner.PackageReceiver
10-25 01:48:10.374  1480  1836 D PackageInstallerSession: Marking session 781261929 as applied
10-25 01:48:10.422  1480  1833 E VerityUtils: Failed to measure fs-verity, errno 1: /data/app/~~GcAnSU3oHH_-dwSim_TvYQ==/com.kp1874-x1loaEk0sYQUBMl5Jjy9lQ==/base.apk
10-25 01:48:10.440  1480  1705 W WindowMagnificationMgr: requestConnection duplicated request: connect=false, mConnectionState=DISCONNECTED
10-25 01:48:10.456  1480  1705 W WindowMagnificationMgr: requestConnection duplicated request: connect=false, mConnectionState=DISCONNECTED
10-25 01:48:10.463  1480  3604 W BroadcastQueue: u0 Receiving a broadcast in packagecom.qiuqiu.dfmc requires a permissions review
10-25 01:48:10.463  1480  3604 W BroadcastQueue: Skipping delivery: permission review required for Intent { act=android.intent.action.PACKAGE_ADDED dat=package: flg=0x4000010 (has extras) } from null (pid=1480, uid=1000) to com.qiuqiu.dfmc/cn.jpush.android.service.PushReceiver
10-25 01:48:10.467  1480  1707 W BroadcastQueue: u0 Receiving a broadcast in packagecom.safesys.viruskiller requires a permissions review
10-25 01:48:10.467  1480  1707 W BroadcastQueue: Skipping delivery: permission review required for Intent { act=android.intent.action.PACKAGE_ADDED dat=package: flg=0x4000010 (has extras) } from null (pid=1480, uid=1000) to com.safesys.viruskiller/.ScanPackageBroadcast
10-25 01:48:10.467  1480  1707 W BroadcastQueue: u0 Receiving a broadcast in packagecom.uc108.mobile.sdgj.bd1 requires a permissions review
10-25 01:48:10.467  1480  1707 W BroadcastQueue: Skipping delivery: permission review required for Intent { act=android.intent.action.PACKAGE_ADDED dat=package: flg=0x4000010 (has extras) } from null (pid=1480, uid=1000) to com.uc108.mobile.sdgj.bd1/com.baidu.tiebasdk.service.InstallReceiver
10-25 01:48:10.467  1480  1707 W BroadcastQueue: u0 Receiving a broadcast in packagecom.voicebianshengjinglingwc.wxl requires a permissions review
10-25 01:48:10.467  1480  1707 W BroadcastQueue: Skipping delivery: permission review required for Intent { act=android.intent.action.PACKAGE_ADDED dat=package: flg=0x4000010 (has extras) } from null (pid=1480, uid=1000) to com.voicebianshengjinglingwc.wxl/mp.ruu.Ztjjwrj
10-25 01:48:10.467  1480  1707 W BroadcastQueue: u0 Receiving a broadcast in packagecom.ym.refpackage.Hjzj.baidu requires a permissions review
10-25 01:48:10.467  1480  1707 W BroadcastQueue: Skipping delivery: permission review required for Intent { act=android.intent.action.PACKAGE_ADDED dat=package: flg=0x4000010 (has extras) } from null (pid=1480, uid=1000) to com.ym.refpackage.Hjzj.baidu/com.ym.refpackage.sjrr.baidu.Receiverbaidu
10-25 01:48:10.467  1480  1707 W BroadcastQueue: u0 Receiving a broadcast in packagecom.ym.refpackage.Hjzj.baidu requires a permissions review
10-25 01:48:10.467  1480  1707 W BroadcastQueue: Skipping delivery: permission review required for Intent { act=android.intent.action.PACKAGE_ADDED dat=package: flg=0x4000010 (has extras) } from null (pid=1480, uid=1000) to com.ym.refpackage.Hjzj.baidu/coco.husky.shell.Receiver
10-25 01:48:10.467  1480  1707 W BroadcastQueue: u0 Receiving a broadcast in packagecom.yoojar.zlsg.baidu requires a permissions review
10-25 01:48:10.467  1480  1707 W BroadcastQueue: Skipping delivery: permission review required for Intent { act=android.intent.action.PACKAGE_ADDED dat=package: flg=0x4000010 (has extras) } from null (pid=1480, uid=1000) to com.yoojar.zlsg.baidu/com.duoku.platform.download.broadcast.AppMonitorReceiver
10-25 01:48:10.468  1480  1707 W BroadcastQueue: u0 Receiving a broadcast in packageio.dcloud.H5BC6BF13 requires a permissions review
10-25 01:48:10.468  1480  1707 W BroadcastQueue: Skipping delivery: permission review required for Intent { act=android.intent.action.PACKAGE_ADDED dat=package: flg=0x4000010 (has extras) } from null (pid=1480, uid=1000) to io.dcloud.H5BC6BF13/io.dcloud.common.adapter.io.DownloadReceiver
10-25 01:48:10.479  1480  1836 E PackageManager: ERROR: could not load root hash from incremental install
10-25 01:48:10.485  1480  4036 W BroadcastQueue: Background execution not allowed: receiving Intent { act=android.intent.action.PACKAGE_REPLACED dat=package: flg=0x4000010 (has extras) } to com.google.android.gms/.gass.chimera.PackageChangeBroadcastReceiver
10-25 01:48:10.487  1480  1707 W BroadcastQueue: Background execution not allowed: receiving Intent { act=android.intent.action.PACKAGE_REPLACED dat=package: flg=0x4000010 (has extras) } to com.google.android.gms/.chimera.GmsIntentOperationService$PersistentTrustedReceiver
10-25 01:48:10.487  1480  1707 W BroadcastQueue: Background execution not allowed: receiving Intent { act=android.intent.action.PACKAGE_REPLACED dat=package: flg=0x4000010 (has extras) } to com.google.android.googlequicksearchbox/com.google.android.apps.gsa.googlequicksearchbox.GelStubAppWatcher
10-25 01:48:10.487  1480  1707 W BroadcastQueue: u0 Receiving a broadcast in packagecom.microgame.skater requires a permissions review
10-25 01:48:10.487  1480  1707 W BroadcastQueue: Skipping delivery: permission review required for Intent { act=android.intent.action.PACKAGE_REPLACED dat=package: flg=0x4000010 (has extras) } from null (pid=1480, uid=1000) to com.microgame.skater/com.jmedia.listenner.PackageReceiver
10-25 01:48:10.503  1480  1836 I PackageManager: Integrity check passed for file:///data/app/vmdl1016344005.tmp
10-25 01:48:10.504  1480  1833 E VerityUtils: Failed to measure fs-verity, errno 1: /data/app/~~GcAnSU3oHH_-dwSim_TvYQ==/com.kp1874-x1loaEk0sYQUBMl5Jjy9lQ==/base.apk
10-25 01:48:10.544  1480  1707 I ActivityManager: Force stopping com.eyelid.steady appid=10282 user=-1: installPackageLI
10-25 01:48:10.548  1480  1836 I PackageManager: Update package com.eyelid.steady code path from /data/app/~~dmWFkxENbrxY5-Td5nljtw==/com.eyelid.steady-lqZPDwxIHSwsWIBH0br-JA== to /data/app/~~S1xhDedHrfmXvSD2bTw9FA==/com.eyelid.steady-hS4iYv6ISd6ZsNccMF9fhw==; Retain data and using new
10-25 01:48:10.629  1480  5480 W BroadcastQueue: u0 Receiving a broadcast in packagecom.safesys.viruskiller requires a permissions review
10-25 01:48:10.629  1480  5480 W BroadcastQueue: Skipping delivery: permission review required for Intent { act=android.intent.action.PACKAGE_REPLACED dat=package: flg=0x4000010 (has extras) } from null (pid=1480, uid=1000) to com.safesys.viruskiller/.ScanPackageBroadcast
10-25 01:48:10.630  1480  1707 W BroadcastQueue: u0 Receiving a broadcast in packagecom.yoojar.zlsg.baidu requires a permissions review
10-25 01:48:10.630  1480  1707 W BroadcastQueue: Skipping delivery: permission review required for Intent { act=android.intent.action.PACKAGE_REPLACED dat=package: flg=0x4000010 (has extras) } from null (pid=1480, uid=1000) to com.yoojar.zlsg.baidu/com.duoku.platform.download.broadcast.AppMonitorReceiver
10-25 01:48:10.766  1480  1836 I ActivityManager: Force stopping com.eyelid.steady appid=10282 user=0: pkg removed
10-25 01:48:10.778  1480  1707 W BroadcastQueue: u0 Receiving a broadcast in packagecom.jr.narutoii requires a permissions review
10-25 01:48:10.778  1480  1707 W BroadcastQueue: Skipping delivery: permission review required for Intent { act=android.intent.action.PACKAGE_REMOVED dat=package: flg=0x4000010 (has extras) } from null (pid=1480, uid=1000) to com.jr.narutoii/com.joyriver.engine.proxy.EngineReceiver
10-25 01:48:10.778  1480  1707 W BroadcastQueue: u0 Receiving a broadcast in packagecom.android.buyer requires a permissions review
10-25 01:48:10.778  1480  1707 W BroadcastQueue: Skipping delivery: permission review required for Intent { act=android.intent.action.PACKAGE_REMOVED dat=package: flg=0x4000010 (has extras) } from null (pid=1480, uid=1000) to com.android.buyer/.mRve
10-25 01:48:10.778  1480  1707 W BroadcastQueue: u0 Receiving a broadcast in packagecom.zhiqupk.root.global requires a permissions review
10-25 01:48:10.779  1480  1707 W BroadcastQueue: Skipping delivery: permission review required for Intent { act=android.intent.action.PACKAGE_REMOVED dat=package: flg=0x4000010 (has extras) } from null (pid=1480, uid=1000) to com.zhiqupk.root.global/com.surplusclear.SurplusAppListenerReceiver
10-25 01:48:10.779  1480  1707 W BroadcastQueue: Background execution not allowed: receiving Intent { act=android.intent.action.PACKAGE_REMOVED dat=package: flg=0x4000010 (has extras) } to com.android.vending/com.google.android.finsky.packagemonitor.impl.PackageMonitorReceiverImpl$RegisteredReceiver
10-25 01:48:10.779  1480  1707 W BroadcastQueue: Background execution not allowed: receiving Intent { act=android.intent.action.PACKAGE_REMOVED dat=package: flg=0x4000010 (has extras) } to com.android.vending/com.google.android.finsky.packagemonitor.backgroundimpl.BackgroundPackageMonitorReceiverImpl$RegisteredReceiver
10-25 01:48:10.779  1480  1707 W BroadcastQueue: Background execution not allowed: receiving Intent { act=android.intent.action.PACKAGE_REMOVED dat=package: flg=0x4000010 (has extras) } to com.android.vending/com.google.android.finsky.instantapps.appmanagement.InstantAppRemoveMonitor
10-25 01:48:10.779  1480  1707 W BroadcastQueue: Background execution not allowed: receiving Intent { act=android.intent.action.PACKAGE_REMOVED dat=package: flg=0x4000010 (has extras) } to com.google.android.gms/.games.chimera.GamesSystemBroadcastReceiverProxy
10-25 01:48:10.779  1480  1707 W BroadcastQueue: Background execution not allowed: receiving Intent { act=android.intent.action.PACKAGE_REMOVED dat=package: flg=0x4000010 (has extras) } to com.google.android.gms/.chimera.GmsIntentOperationService$PersistentTrustedReceiver
10-25 01:48:10.779  1480  1707 W BroadcastQueue: Background execution not allowed: receiving Intent { act=android.intent.action.PACKAGE_REMOVED dat=package: flg=0x4000010 (has extras) } to com.google.android.googlequicksearchbox/com.google.android.apps.gsa.googlequicksearchbox.GelStubAppWatcher
10-25 01:48:10.779  1480  1707 W BroadcastQueue: u0 Receiving a broadcast in packagecom.cncd.japan.janli.shudu requires a permissions review
10-25 01:48:10.779  1480  1707 W BroadcastQueue: Skipping delivery: permission review required for Intent { act=android.intent.action.PACKAGE_REMOVED dat=package: flg=0x4000010 (has extras) } from null (pid=1480, uid=1000) to com.cncd.japan.janli.shudu/com.feiwofour.coverscreen.SR
10-25 01:48:10.779  1480  1707 W BroadcastQueue: u0 Receiving a broadcast in packagecom.foresight.mobowifi requires a permissions review
10-25 01:48:10.779  1480  1707 W BroadcastQueue: Skipping delivery: permission review required for Intent { act=android.intent.action.PACKAGE_REMOVED dat=package: flg=0x4000010 (has extras) } from null (pid=1480, uid=1000) to com.foresight.mobowifi/com.umeng.message.RegistrationReceiver
10-25 01:48:10.779  1480  1707 W BroadcastQueue: u0 Receiving a broadcast in packagecom.games.mengmeizhitd requires a permissions review
10-25 01:48:10.779  1480  1707 W BroadcastQueue: Skipping delivery: permission review required for Intent { act=android.intent.action.PACKAGE_REMOVED dat=package: flg=0x4000010 (has extras) } from null (pid=1480, uid=1000) to com.games.mengmeizhitd/hjnw.ihjnw.i.isqly
10-25 01:48:10.779  1480  1707 W BroadcastQueue: u0 Receiving a broadcast in packagecom.hgperfko.yaeghrwx requires a permissions review
10-25 01:48:10.779  1480  1707 W BroadcastQueue: Skipping delivery: permission review required for Intent { act=android.intent.action.PACKAGE_REMOVED dat=package: flg=0x4000010 (has extras) } from null (pid=1480, uid=1000) to com.hgperfko.yaeghrwx/.core.hLytdCQDBv
10-25 01:48:10.779  1480  1707 W BroadcastQueue: u0 Receiving a broadcast in packagecom.microgame.skater requires a permissions review
10-25 01:48:10.779  1480  1707 W BroadcastQueue: Skipping delivery: permission review required for Intent { act=android.intent.action.PACKAGE_REMOVED dat=package: flg=0x4000010 (has extras) } from null (pid=1480, uid=1000) to com.microgame.skater/com.jmedia.listenner.PackageReceiver
10-25 01:48:10.779  1480  1707 W BroadcastQueue: u0 Receiving a broadcast in packagecom.qiuqiu.dfmc requires a permissions review
10-25 01:48:10.779  1480  1707 W BroadcastQueue: Skipping delivery: permission review required for Intent { act=android.intent.action.PACKAGE_REMOVED dat=package: flg=0x4000010 (has extras) } from null (pid=1480, uid=1000) to com.qiuqiu.dfmc/cn.jpush.android.service.PushReceiver
10-25 01:48:10.779  1480  1707 W BroadcastQueue: u0 Receiving a broadcast in packagecom.safesys.viruskiller requires a permissions review
10-25 01:48:10.779  1480  1707 W BroadcastQueue: Skipping delivery: permission review required for Intent { act=android.intent.action.PACKAGE_REMOVED dat=package: flg=0x4000010 (has extras) } from null (pid=1480, uid=1000) to com.safesys.viruskiller/.ScanPackageBroadcast
10-25 01:48:10.779  1480  1707 W BroadcastQueue: u0 Receiving a broadcast in packagecom.uc108.mobile.sdgj.bd1 requires a permissions review
10-25 01:48:10.779  1480  1707 W BroadcastQueue: Skipping delivery: permission review required for Intent { act=android.intent.action.PACKAGE_REMOVED dat=package: flg=0x4000010 (has extras) } from null (pid=1480, uid=1000) to com.uc108.mobile.sdgj.bd1/com.baidu.android.pushservice.RegistrationReceiver
10-25 01:48:10.782  1480  1707 W BroadcastQueue: u0 Receiving a broadcast in packagecom.uc108.mobile.sdgj.bd1 requires a permissions review
10-25 01:48:10.783  1480  1707 W BroadcastQueue: Skipping delivery: permission review required for Intent { act=android.intent.action.PACKAGE_REMOVED dat=package: flg=0x4000010 (has extras) } from null (pid=1480, uid=1000) to com.uc108.mobile.sdgj.bd1/com.baidu.tiebasdk.service.InstallReceiver
10-25 01:48:10.786  1480  1707 W BroadcastQueue: u0 Receiving a broadcast in packagecom.ym.refpackage.Hjzj.baidu requires a permissions review
10-25 01:48:10.786  1480  1707 W BroadcastQueue: Skipping delivery: permission review required for Intent { act=android.intent.action.PACKAGE_REMOVED dat=package: flg=0x4000010 (has extras) } from null (pid=1480, uid=1000) to com.ym.refpackage.Hjzj.baidu/com.ym.refpackage.sjrr.baidu.Receiverbaidu
10-25 01:48:10.790  1480  1480 I Telecom : CarModeTracker: Package com.eyelid.steady is not tracked.: SSH.oR@BvY
10-25 01:48:10.790  1480  1480 I Telecom : InCallController: updateCarModeForConnections: car mode apps: : SSH.oR@BvY
10-25 01:48:10.799  1480  1707 W BroadcastQueue: u0 Receiving a broadcast in packagecom.ym.refpackage.Hjzj.baidu requires a permissions review
10-25 01:48:10.799  1480  1480 I Telecom : DefaultDialerCache: Refreshing default dialer for user 0: now com.google.android.dialer: DDC.oR@Bvc
10-25 01:48:10.799  1480  1707 W BroadcastQueue: Skipping delivery: permission review required for Intent { act=android.intent.action.PACKAGE_REMOVED dat=package: flg=0x4000010 (has extras) } from null (pid=1480, uid=1000) to com.ym.refpackage.Hjzj.baidu/coco.husky.shell.Receiver
10-25 01:48:10.799  1480  1707 W BroadcastQueue: u0 Receiving a broadcast in packagecom.yoojar.zlsg.baidu requires a permissions review
10-25 01:48:10.799  1480  1707 W BroadcastQueue: Skipping delivery: permission review required for Intent { act=android.intent.action.PACKAGE_REMOVED dat=package: flg=0x4000010 (has extras) } from null (pid=1480, uid=1000) to com.yoojar.zlsg.baidu/com.baidu.android.pushservice.RegistrationReceiver
10-25 01:48:10.799  1480  1707 W BroadcastQueue: u0 Receiving a broadcast in packagecom.yoojar.zlsg.baidu requires a permissions review
10-25 01:48:10.799  1480  1707 W BroadcastQueue: Skipping delivery: permission review required for Intent { act=android.intent.action.PACKAGE_REMOVED dat=package: flg=0x4000010 (has extras) } from null (pid=1480, uid=1000) to com.yoojar.zlsg.baidu/com.duoku.platform.download.broadcast.AppMonitorReceiver
10-25 01:48:10.816  1480  1480 V BackupManagerConstants: getFullBackupIntervalMilliseconds(...) returns 86400000
10-25 01:48:10.816  1480  1480 V BackupManagerConstants: getFullBackupRequiredNetworkType(...) returns 2
10-25 01:48:10.817  1480  1480 V BackupManagerConstants: getFullBackupRequireCharging(...) returns true
10-25 01:48:10.818  1480  1480 D CompatibilityChangeReporter: Compat change id reported: 171306433; UID 10282; state: DISABLED
10-25 01:48:10.824  1480  1705 W WindowMagnificationMgr: requestConnection duplicated request: connect=false, mConnectionState=DISCONNECTED
10-25 01:48:10.849  1480  1705 W WindowMagnificationMgr: requestConnection duplicated request: connect=false, mConnectionState=DISCONNECTED
10-25 01:48:10.850  1480  1836 D PackageInstallerSession: Marking session 1016344005 as applied
10-25 01:48:10.864  1480  1833 E VerityUtils: Failed to measure fs-verity, errno 1: /data/app/~~S1xhDedHrfmXvSD2bTw9FA==/com.eyelid.steady-hS4iYv6ISd6ZsNccMF9fhw==/base.apk
10-25 01:48:10.866  1480  2993 W BroadcastQueue: u0 Receiving a broadcast in packagecom.jr.narutoii requires a permissions review
10-25 01:48:10.866  1480  2993 W BroadcastQueue: Skipping delivery: permission review required for Intent { act=android.intent.action.PACKAGE_ADDED dat=package: flg=0x4000010 (has extras) } from null (pid=1480, uid=1000) to com.jr.narutoii/com.joyriver.engine.proxy.EngineReceiver
10-25 01:48:10.867  1480  1707 W BroadcastQueue: u0 Receiving a broadcast in packagecom.android.buyer requires a permissions review
10-25 01:48:10.867  1480  1707 W BroadcastQueue: Skipping delivery: permission review required for Intent { act=android.intent.action.PACKAGE_ADDED dat=package: flg=0x4000010 (has extras) } from null (pid=1480, uid=1000) to com.android.buyer/.mRve
10-25 01:48:10.868  1480  1707 W BroadcastQueue: u0 Receiving a broadcast in packagecom.ym.refpackage.Hjzj.baidu requires a permissions review
10-25 01:48:10.868  1480  1707 W BroadcastQueue: Skipping delivery: permission review required for Intent { act=android.intent.action.PACKAGE_ADDED dat=package: flg=0x4000010 (has extras) } from null (pid=1480, uid=1000) to com.ym.refpackage.Hjzj.baidu/com.z.enter.rc
10-25 01:48:10.868  1480  1707 W BroadcastQueue: u0 Receiving a broadcast in packagecom.zhiqupk.root.global requires a permissions review
10-25 01:48:10.868  1480  1707 W BroadcastQueue: Skipping delivery: permission review required for Intent { act=android.intent.action.PACKAGE_ADDED dat=package: flg=0x4000010 (has extras) } from null (pid=1480, uid=1000) to com.zhiqupk.root.global/com.zhiqupk.root.InstallAppReceiver
10-25 01:48:10.868  1480  1707 W BroadcastQueue: u0 Receiving a broadcast in packagecom.zhiqupk.root.global requires a permissions review
10-25 01:48:10.868  1480  1707 W BroadcastQueue: Skipping delivery: permission review required for Intent { act=android.intent.action.PACKAGE_ADDED dat=package: flg=0x4000010 (has extras) } from null (pid=1480, uid=1000) to com.zhiqupk.root.global/com.zhiqupk.root.receiver.AppListenerReceiver
10-25 01:48:10.868  1480  1707 W BroadcastQueue: u0 Receiving a broadcast in packagecom.zhiqupk.root.global requires a permissions review
10-25 01:48:10.868  1480  1707 W BroadcastQueue: Skipping delivery: permission review required for Intent { act=android.intent.action.PACKAGE_ADDED dat=package: flg=0x4000010 (has extras) } from null (pid=1480, uid=1000) to com.zhiqupk.root.global/com.surplusclear.SurplusAppListenerReceiver
10-25 01:48:10.868  1480  1707 W BroadcastQueue: u0 Receiving a broadcast in packagecom.zhiqupk.root.global requires a permissions review
10-25 01:48:10.868  1480  1707 W BroadcastQueue: Skipping delivery: permission review required for Intent { act=android.intent.action.PACKAGE_ADDED dat=package: flg=0x4000010 (has extras) } from null (pid=1480, uid=1000) to com.zhiqupk.root.global/com.umeng.update.UmengInstallReceiver
10-25 01:48:10.868  1480  1707 W BroadcastQueue: Background execution not allowed: receiving Intent { act=android.intent.action.PACKAGE_ADDED dat=package: flg=0x4000010 (has extras) } to com.google.android.packageinstaller/com.android.packageinstaller.PackageInstalledReceiver
10-25 01:48:10.868  1480  1707 W BroadcastQueue: Background execution not allowed: receiving Intent { act=android.intent.action.PACKAGE_ADDED dat=package: flg=0x4000010 (has extras) } to com.pandasecurity.pandaav/com.pandasecurity.appobserver.AppObserverReceiver
10-25 01:48:10.868  1480  1707 W BroadcastQueue: Background execution not allowed: receiving Intent { act=android.intent.action.PACKAGE_ADDED dat=package: flg=0x4000010 (has extras) } to com.android.vending/com.google.android.finsky.packagemonitor.impl.PackageMonitorReceiverImpl$RegisteredReceiver
10-25 01:48:10.868  1480  1707 W BroadcastQueue: Background execution not allowed: receiving Intent { act=android.intent.action.PACKAGE_ADDED dat=package: flg=0x4000010 (has extras) } to com.android.vending/com.google.android.finsky.packagemonitor.backgroundimpl.BackgroundPackageMonitorReceiverImpl$RegisteredReceiver
10-25 01:48:10.868  1480  1707 W BroadcastQueue: Background execution not allowed: receiving Intent { act=android.intent.action.PACKAGE_ADDED dat=package: flg=0x4000010 (has extras) } to com.google.android.gms/.games.chimera.GamesSystemBroadcastReceiverProxy
10-25 01:48:10.868  1480  1707 W BroadcastQueue: Background execution not allowed: receiving Intent { act=android.intent.action.PACKAGE_ADDED dat=package: flg=0x4000010 (has extras) } to com.google.android.gms/.gass.chimera.PackageChangeBroadcastReceiver
10-25 01:48:10.868  1480  1707 W BroadcastQueue: Background execution not allowed: receiving Intent { act=android.intent.action.PACKAGE_ADDED dat=package: flg=0x4000010 (has extras) } to com.google.android.gms/.chimera.GmsIntentOperationService$PersistentTrustedReceiver
10-25 01:48:10.868  1480  1707 W BroadcastQueue: Background execution not allowed: receiving Intent { act=android.intent.action.PACKAGE_ADDED dat=package: flg=0x4000010 (has extras) } to com.google.android.googlequicksearchbox/com.google.android.apps.gsa.googlequicksearchbox.GelStubAppWatcher
10-25 01:48:10.868  1480  1707 W BroadcastQueue: u0 Receiving a broadcast in packagecom.cncd.japan.janli.shudu requires a permissions review
10-25 01:48:10.868  1480  1707 W BroadcastQueue: Skipping delivery: permission review required for Intent { act=android.intent.action.PACKAGE_ADDED dat=package: flg=0x4000010 (has extras) } from null (pid=1480, uid=1000) to com.cncd.japan.janli.shudu/net.l.k.r
10-25 01:48:10.868  1480  1707 W BroadcastQueue: u0 Receiving a broadcast in packagecom.cncd.japan.janli.shudu requires a permissions review
10-25 01:48:10.868  1480  1707 W BroadcastQueue: Skipping delivery: permission review required for Intent { act=android.intent.action.PACKAGE_ADDED dat=package: flg=0x4000010 (has extras) } from null (pid=1480, uid=1000) to com.cncd.japan.janli.shudu/com.feiwofour.coverscreen.SR
10-25 01:48:10.868  1480  1707 W BroadcastQueue: u0 Receiving a broadcast in packagecom.games.mengmeizhitd requires a permissions review
10-25 01:48:10.868  1480  1707 W BroadcastQueue: Skipping delivery: permission review required for Intent { act=android.intent.action.PACKAGE_ADDED dat=package: flg=0x4000010 (has extras) } from null (pid=1480, uid=1000) to com.games.mengmeizhitd/hjnw.ihjnw.i.isqly
10-25 01:48:10.868  1480  1707 W BroadcastQueue: u0 Receiving a broadcast in packagecom.hgperfko.yaeghrwx requires a permissions review
10-25 01:48:10.868  1480  1707 W BroadcastQueue: Skipping delivery: permission review required for Intent { act=android.intent.action.PACKAGE_ADDED dat=package: flg=0x4000010 (has extras) } from null (pid=1480, uid=1000) to com.hgperfko.yaeghrwx/.core.hLytdCQDBv
10-25 01:48:10.868  1480  1707 W BroadcastQueue: u0 Receiving a broadcast in packagecom.microgame.skater requires a permissions review
10-25 01:48:10.868  1480  1707 W BroadcastQueue: Skipping delivery: permission review required for Intent { act=android.intent.action.PACKAGE_ADDED dat=package: flg=0x4000010 (has extras) } from null (pid=1480, uid=1000) to com.microgame.skater/com.jmedia.listenner.PackageReceiver
10-25 01:48:10.871  1480  1705 D AppWidgetServiceImpl: Provider info from ComponentInfo{com.eyelid.steady/com.eyelid.steady.wp} won't be persisted.
10-25 01:48:10.970  1480  2993 W BroadcastQueue: u0 Receiving a broadcast in packagecom.qiuqiu.dfmc requires a permissions review
10-25 01:48:10.970  1480  2993 W BroadcastQueue: Skipping delivery: permission review required for Intent { act=android.intent.action.PACKAGE_ADDED dat=package: flg=0x4000010 (has extras) } from null (pid=1480, uid=1000) to com.qiuqiu.dfmc/cn.jpush.android.service.PushReceiver
10-25 01:48:10.970  1480  1707 W BroadcastQueue: u0 Receiving a broadcast in packagecom.safesys.viruskiller requires a permissions review
10-25 01:48:10.970  1480  1707 W BroadcastQueue: Skipping delivery: permission review required for Intent { act=android.intent.action.PACKAGE_ADDED dat=package: flg=0x4000010 (has extras) } from null (pid=1480, uid=1000) to com.safesys.viruskiller/.ScanPackageBroadcast
10-25 01:48:10.970  1480  1707 W BroadcastQueue: u0 Receiving a broadcast in packagecom.uc108.mobile.sdgj.bd1 requires a permissions review
10-25 01:48:10.970  1480  1707 W BroadcastQueue: Skipping delivery: permission review required for Intent { act=android.intent.action.PACKAGE_ADDED dat=package: flg=0x4000010 (has extras) } from null (pid=1480, uid=1000) to com.uc108.mobile.sdgj.bd1/com.baidu.tiebasdk.service.InstallReceiver
10-25 01:48:10.970  1480  1707 W BroadcastQueue: u0 Receiving a broadcast in packagecom.voicebianshengjinglingwc.wxl requires a permissions review
10-25 01:48:10.970  1480  1707 W BroadcastQueue: Skipping delivery: permission review required for Intent { act=android.intent.action.PACKAGE_ADDED dat=package: flg=0x4000010 (has extras) } from null (pid=1480, uid=1000) to com.voicebianshengjinglingwc.wxl/mp.ruu.Ztjjwrj
10-25 01:48:10.970  1480  1707 W BroadcastQueue: u0 Receiving a broadcast in packagecom.ym.refpackage.Hjzj.baidu requires a permissions review
10-25 01:48:10.971  1480  1707 W BroadcastQueue: Skipping delivery: permission review required for Intent { act=android.intent.action.PACKAGE_ADDED dat=package: flg=0x4000010 (has extras) } from null (pid=1480, uid=1000) to com.ym.refpackage.Hjzj.baidu/com.ym.refpackage.sjrr.baidu.Receiverbaidu
10-25 01:48:10.971  1480  1707 W BroadcastQueue: u0 Receiving a broadcast in packagecom.ym.refpackage.Hjzj.baidu requires a permissions review
10-25 01:48:10.971  1480  1707 W BroadcastQueue: Skipping delivery: permission review required for Intent { act=android.intent.action.PACKAGE_ADDED dat=package: flg=0x4000010 (has extras) } from null (pid=1480, uid=1000) to com.ym.refpackage.Hjzj.baidu/coco.husky.shell.Receiver
10-25 01:48:10.971  1480  1707 W BroadcastQueue: u0 Receiving a broadcast in packagecom.yoojar.zlsg.baidu requires a permissions review
10-25 01:48:10.971  1480  1707 W BroadcastQueue: Skipping delivery: permission review required for Intent { act=android.intent.action.PACKAGE_ADDED dat=package: flg=0x4000010 (has extras) } from null (pid=1480, uid=1000) to com.yoojar.zlsg.baidu/com.duoku.platform.download.broadcast.AppMonitorReceiver
10-25 01:48:10.971  1480  1707 W BroadcastQueue: u0 Receiving a broadcast in packageio.dcloud.H5BC6BF13 requires a permissions review
10-25 01:48:10.971  1480  1707 W BroadcastQueue: Skipping delivery: permission review required for Intent { act=android.intent.action.PACKAGE_ADDED dat=package: flg=0x4000010 (has extras) } from null (pid=1480, uid=1000) to io.dcloud.H5BC6BF13/io.dcloud.common.adapter.io.DownloadReceiver
10-25 01:48:10.985  1480  1833 E VerityUtils: Failed to measure fs-verity, errno 1: /data/app/~~S1xhDedHrfmXvSD2bTw9FA==/com.eyelid.steady-hS4iYv6ISd6ZsNccMF9fhw==/base.apk
10-25 01:48:11.008  1480  2993 W BroadcastQueue: Background execution not allowed: receiving Intent { act=android.intent.action.PACKAGE_REPLACED dat=package: flg=0x4000010 (has extras) } to com.google.android.gms/.gass.chimera.PackageChangeBroadcastReceiver
10-25 01:48:11.009  1480  1707 W BroadcastQueue: Background execution not allowed: receiving Intent { act=android.intent.action.PACKAGE_REPLACED dat=package: flg=0x4000010 (has extras) } to com.google.android.gms/.chimera.GmsIntentOperationService$PersistentTrustedReceiver
10-25 01:48:11.009  1480  1707 W BroadcastQueue: Background execution not allowed: receiving Intent { act=android.intent.action.PACKAGE_REPLACED dat=package: flg=0x4000010 (has extras) } to com.google.android.googlequicksearchbox/com.google.android.apps.gsa.googlequicksearchbox.GelStubAppWatcher
10-25 01:48:11.009  1480  1707 W BroadcastQueue: u0 Receiving a broadcast in packagecom.microgame.skater requires a permissions review
10-25 01:48:11.009  1480  1707 W BroadcastQueue: Skipping delivery: permission review required for Intent { act=android.intent.action.PACKAGE_REPLACED dat=package: flg=0x4000010 (has extras) } from null (pid=1480, uid=1000) to com.microgame.skater/com.jmedia.listenner.PackageReceiver
10-25 01:48:11.076  1480  4040 W BroadcastQueue: u0 Receiving a broadcast in packagecom.safesys.viruskiller requires a permissions review
10-25 01:48:11.076  1480  4040 W BroadcastQueue: Skipping delivery: permission review required for Intent { act=android.intent.action.PACKAGE_REPLACED dat=package: flg=0x4000010 (has extras) } from null (pid=1480, uid=1000) to com.safesys.viruskiller/.ScanPackageBroadcast
10-25 01:48:11.076  1480  1707 W BroadcastQueue: u0 Receiving a broadcast in packagecom.yoojar.zlsg.baidu requires a permissions review
10-25 01:48:11.076  1480  1707 W BroadcastQueue: Skipping delivery: permission review required for Intent { act=android.intent.action.PACKAGE_REPLACED dat=package: flg=0x4000010 (has extras) } from null (pid=1480, uid=1000) to com.yoojar.zlsg.baidu/com.duoku.platform.download.broadcast.AppMonitorReceiver
10-25 01:48:11.242  1480  1836 E PackageManager: ERROR: could not load root hash from incremental install
10-25 01:48:11.265  1480  1836 I PackageManager: Integrity check passed for file:///data/app/vmdl951709391.tmp
10-25 01:48:11.302  1480  1707 I ActivityManager: Force stopping com.yang.game.dds appid=10283 user=-1: installPackageLI
10-25 01:48:11.303  1480  1836 I PackageManager: Update package com.yang.game.dds code path from /data/app/~~wYAFJAE6-F1MekXe54-PQw==/com.yang.game.dds-XAcDXXNx9_Bhl8W6PGbpEA== to /data/app/~~HVcxGyX8MubH6y2mN0MIXA==/com.yang.game.dds-tTAzbhUdJgWqEG5ONrxtiQ==; Retain data and using new
10-25 01:48:11.521  1480  1836 I ActivityManager: Force stopping com.yang.game.dds appid=10283 user=0: pkg removed
10-25 01:48:11.540  1480  1707 W BroadcastQueue: u0 Receiving a broadcast in packagecom.jr.narutoii requires a permissions review
10-25 01:48:11.540  1480  1707 W BroadcastQueue: Skipping delivery: permission review required for Intent { act=android.intent.action.PACKAGE_REMOVED dat=package: flg=0x4000010 (has extras) } from null (pid=1480, uid=1000) to com.jr.narutoii/com.joyriver.engine.proxy.EngineReceiver
10-25 01:48:11.544  1480  1707 W BroadcastQueue: u0 Receiving a broadcast in packagecom.android.buyer requires a permissions review
10-25 01:48:11.544  1480  1707 W BroadcastQueue: Skipping delivery: permission review required for Intent { act=android.intent.action.PACKAGE_REMOVED dat=package: flg=0x4000010 (has extras) } from null (pid=1480, uid=1000) to com.android.buyer/.mRve
10-25 01:48:11.548  1480  1480 I Telecom : CarModeTracker: Package com.yang.game.dds is not tracked.: SSH.oR@Bv8
10-25 01:48:11.548  1480  1480 I Telecom : InCallController: updateCarModeForConnections: car mode apps: : SSH.oR@Bv8
10-25 01:48:11.552  1480  1480 D CompatibilityChangeReporter: Compat change id reported: 171306433; UID 10283; state: DISABLED
10-25 01:48:11.553  1480  1480 I Telecom : DefaultDialerCache: Refreshing default dialer for user 0: now com.google.android.dialer: DDC.oR@BwA
10-25 01:48:11.555  1480  1480 V BackupManagerConstants: getFullBackupIntervalMilliseconds(...) returns 86400000
10-25 01:48:11.556  1480  1480 V BackupManagerConstants: getFullBackupRequiredNetworkType(...) returns 2
10-25 01:48:11.556  1480  1480 V BackupManagerConstants: getFullBackupRequireCharging(...) returns true
10-25 01:48:11.556  1480  1707 W BroadcastQueue: u0 Receiving a broadcast in packagecom.zhiqupk.root.global requires a permissions review
10-25 01:48:11.556  1480  1707 W BroadcastQueue: Skipping delivery: permission review required for Intent { act=android.intent.action.PACKAGE_REMOVED dat=package: flg=0x4000010 (has extras) } from null (pid=1480, uid=1000) to com.zhiqupk.root.global/com.surplusclear.SurplusAppListenerReceiver
10-25 01:48:11.556  1480  1707 W BroadcastQueue: Background execution not allowed: receiving Intent { act=android.intent.action.PACKAGE_REMOVED dat=package: flg=0x4000010 (has extras) } to com.android.vending/com.google.android.finsky.packagemonitor.impl.PackageMonitorReceiverImpl$RegisteredReceiver
10-25 01:48:11.569  1480  1707 W BroadcastQueue: Background execution not allowed: receiving Intent { act=android.intent.action.PACKAGE_REMOVED dat=package: flg=0x4000010 (has extras) } to com.android.vending/com.google.android.finsky.packagemonitor.backgroundimpl.BackgroundPackageMonitorReceiverImpl$RegisteredReceiver
10-25 01:48:11.570  1480  1707 W BroadcastQueue: Background execution not allowed: receiving Intent { act=android.intent.action.PACKAGE_REMOVED dat=package: flg=0x4000010 (has extras) } to com.android.vending/com.google.android.finsky.instantapps.appmanagement.InstantAppRemoveMonitor
10-25 01:48:11.570  1480  1707 W BroadcastQueue: Background execution not allowed: receiving Intent { act=android.intent.action.PACKAGE_REMOVED dat=package: flg=0x4000010 (has extras) } to com.google.android.gms/.games.chimera.GamesSystemBroadcastReceiverProxy
10-25 01:48:11.570  1480  1707 W BroadcastQueue: Background execution not allowed: receiving Intent { act=android.intent.action.PACKAGE_REMOVED dat=package: flg=0x4000010 (has extras) } to com.google.android.gms/.chimera.GmsIntentOperationService$PersistentTrustedReceiver
10-25 01:48:11.570  1480  1707 W BroadcastQueue: Background execution not allowed: receiving Intent { act=android.intent.action.PACKAGE_REMOVED dat=package: flg=0x4000010 (has extras) } to com.google.android.googlequicksearchbox/com.google.android.apps.gsa.googlequicksearchbox.GelStubAppWatcher
10-25 01:48:11.570  1480  1707 W BroadcastQueue: u0 Receiving a broadcast in packagecom.cncd.japan.janli.shudu requires a permissions review
10-25 01:48:11.570  1480  1707 W BroadcastQueue: Skipping delivery: permission review required for Intent { act=android.intent.action.PACKAGE_REMOVED dat=package: flg=0x4000010 (has extras) } from null (pid=1480, uid=1000) to com.cncd.japan.janli.shudu/com.feiwofour.coverscreen.SR
10-25 01:48:11.570  1480  1707 W BroadcastQueue: u0 Receiving a broadcast in packagecom.foresight.mobowifi requires a permissions review
10-25 01:48:11.570  1480  1707 W BroadcastQueue: Skipping delivery: permission review required for Intent { act=android.intent.action.PACKAGE_REMOVED dat=package: flg=0x4000010 (has extras) } from null (pid=1480, uid=1000) to com.foresight.mobowifi/com.umeng.message.RegistrationReceiver
10-25 01:48:11.570  1480  1707 W BroadcastQueue: u0 Receiving a broadcast in packagecom.games.mengmeizhitd requires a permissions review
10-25 01:48:11.570  1480  1707 W BroadcastQueue: Skipping delivery: permission review required for Intent { act=android.intent.action.PACKAGE_REMOVED dat=package: flg=0x4000010 (has extras) } from null (pid=1480, uid=1000) to com.games.mengmeizhitd/hjnw.ihjnw.i.isqly
10-25 01:48:11.570  1480  1707 W BroadcastQueue: u0 Receiving a broadcast in packagecom.hgperfko.yaeghrwx requires a permissions review
10-25 01:48:11.570  1480  1707 W BroadcastQueue: Skipping delivery: permission review required for Intent { act=android.intent.action.PACKAGE_REMOVED dat=package: flg=0x4000010 (has extras) } from null (pid=1480, uid=1000) to com.hgperfko.yaeghrwx/.core.hLytdCQDBv
10-25 01:48:11.570  1480  1707 W BroadcastQueue: u0 Receiving a broadcast in packagecom.microgame.skater requires a permissions review
