10-22 19:21:07.517  1418  1418 V BackupManagerConstants: getFullBackupRequireCharging(...) returns true
10-22 19:21:07.521  1418  1686 W BroadcastQueue: u0 Receiving a broadcast in packagecom.android.buyer requires a permissions review
10-22 19:21:07.521  1418  1686 W BroadcastQueue: Skipping delivery: permission review required for Intent { act=android.intent.action.PACKAGE_ADDED dat=package: flg=0x4000010 (has extras) } from null (pid=1418, uid=1000) to com.android.buyer/.mRve
10-22 19:21:07.521  1418  1686 W BroadcastQueue: Background execution not allowed: receiving Intent { act=android.intent.action.PACKAGE_ADDED dat=package: flg=0x4000010 (has extras) } to com.google.android.packageinstaller/com.android.packageinstaller.PackageInstalledReceiver
10-22 19:21:07.521  1418  1686 W BroadcastQueue: Background execution not allowed: receiving Intent { act=android.intent.action.PACKAGE_ADDED dat=package: flg=0x4000010 (has extras) } to com.android.vending/com.google.android.finsky.packagemonitor.impl.PackageMonitorReceiverImpl$RegisteredReceiver
10-22 19:21:07.521  1418  1686 W BroadcastQueue: Background execution not allowed: receiving Intent { act=android.intent.action.PACKAGE_ADDED dat=package: flg=0x4000010 (has extras) } to com.android.vending/com.google.android.finsky.packagemonitor.backgroundimpl.BackgroundPackageMonitorReceiverImpl$RegisteredReceiver
10-22 19:21:07.521  1418  1686 W BroadcastQueue: Background execution not allowed: receiving Intent { act=android.intent.action.PACKAGE_ADDED dat=package: flg=0x4000010 (has extras) } to com.google.android.gms/.games.chimera.GamesSystemBroadcastReceiverProxy
10-22 19:21:07.521  1418  1686 W BroadcastQueue: Background execution not allowed: receiving Intent { act=android.intent.action.PACKAGE_ADDED dat=package: flg=0x4000010 (has extras) } to com.google.android.gms/.gass.chimera.PackageChangeBroadcastReceiver
10-22 19:21:07.521  1418  1686 W BroadcastQueue: Background execution not allowed: receiving Intent { act=android.intent.action.PACKAGE_ADDED dat=package: flg=0x4000010 (has extras) } to com.google.android.gms/.chimera.GmsIntentOperationService$PersistentTrustedReceiver
10-22 19:21:07.521  1418  1686 W BroadcastQueue: u0 Receiving a broadcast in packagecom.cncd.japan.janli.shudu requires a permissions review
10-22 19:21:07.521  1418  1686 W BroadcastQueue: Skipping delivery: permission review required for Intent { act=android.intent.action.PACKAGE_ADDED dat=package: flg=0x4000010 (has extras) } from null (pid=1418, uid=1000) to com.cncd.japan.janli.shudu/net.l.k.r
10-22 19:21:07.521  1418  1686 W BroadcastQueue: u0 Receiving a broadcast in packagecom.cncd.japan.janli.shudu requires a permissions review
10-22 19:21:07.521  1418  1686 W BroadcastQueue: Skipping delivery: permission review required for Intent { act=android.intent.action.PACKAGE_ADDED dat=package: flg=0x4000010 (has extras) } from null (pid=1418, uid=1000) to com.cncd.japan.janli.shudu/com.feiwofour.coverscreen.SR
10-22 19:21:07.521  1418  1686 W BroadcastQueue: u0 Receiving a broadcast in packagecom.games.mengmeizhitd requires a permissions review
10-22 19:21:07.521  1418  1686 W BroadcastQueue: Skipping delivery: permission review required for Intent { act=android.intent.action.PACKAGE_ADDED dat=package: flg=0x4000010 (has extras) } from null (pid=1418, uid=1000) to com.games.mengmeizhitd/hjnw.ihjnw.i.isqly
10-22 19:21:07.521  1418  1686 W BroadcastQueue: u0 Receiving a broadcast in packagecom.hgperfko.yaeghrwx requires a permissions review
10-22 19:21:07.521  1418  1686 W BroadcastQueue: Skipping delivery: permission review required for Intent { act=android.intent.action.PACKAGE_ADDED dat=package: flg=0x4000010 (has extras) } from null (pid=1418, uid=1000) to com.hgperfko.yaeghrwx/.core.hLytdCQDBv
10-22 19:21:07.521  1418  1686 W BroadcastQueue: u0 Receiving a broadcast in packagecom.qiuqiu.dfmc requires a permissions review
10-22 19:21:07.521  1418  1686 W BroadcastQueue: Skipping delivery: permission review required for Intent { act=android.intent.action.PACKAGE_ADDED dat=package: flg=0x4000010 (has extras) } from null (pid=1418, uid=1000) to com.qiuqiu.dfmc/cn.jpush.android.service.PushReceiver
10-22 19:21:07.521  1418  1686 W BroadcastQueue: u0 Receiving a broadcast in packagecom.safesys.viruskiller requires a permissions review
10-22 19:21:07.521  1418  1686 W BroadcastQueue: Skipping delivery: permission review required for Intent { act=android.intent.action.PACKAGE_ADDED dat=package: flg=0x4000010 (has extras) } from null (pid=1418, uid=1000) to com.safesys.viruskiller/.ScanPackageBroadcast
10-22 19:21:07.521  1418  1686 W BroadcastQueue: u0 Receiving a broadcast in packagecom.uc108.mobile.sdgj.bd1 requires a permissions review
10-22 19:21:07.521  1418  1686 W BroadcastQueue: Skipping delivery: permission review required for Intent { act=android.intent.action.PACKAGE_ADDED dat=package: flg=0x4000010 (has extras) } from null (pid=1418, uid=1000) to com.uc108.mobile.sdgj.bd1/com.baidu.tiebasdk.service.InstallReceiver
10-22 19:21:07.521  1418  1686 W BroadcastQueue: u0 Receiving a broadcast in packagecom.voicebianshengjinglingwc.wxl requires a permissions review
10-22 19:21:07.521  1418  1686 W BroadcastQueue: Skipping delivery: permission review required for Intent { act=android.intent.action.PACKAGE_ADDED dat=package: flg=0x4000010 (has extras) } from null (pid=1418, uid=1000) to com.voicebianshengjinglingwc.wxl/mp.ruu.Ztjjwrj
10-22 19:21:07.521  1418  1686 W BroadcastQueue: u0 Receiving a broadcast in packageio.dcloud.H5BC6BF13 requires a permissions review
10-22 19:21:07.521  1418  1686 W BroadcastQueue: Skipping delivery: permission review required for Intent { act=android.intent.action.PACKAGE_ADDED dat=package: flg=0x4000010 (has extras) } from null (pid=1418, uid=1000) to io.dcloud.H5BC6BF13/io.dcloud.common.adapter.io.DownloadReceiver
10-22 19:21:07.543  1418  1806 E VerityUtils: Failed to measure fs-verity, errno 1: /data/app/~~XvwfeoyIHjrd2D1s2Iuq9A==/com.gone60-aMIASDKfVNg-rTjgv3Pwpw==/base.apk
10-22 19:21:07.562  1418  1684 W PackageManager: Failed registering loading progress callback. Package is fully loaded.
10-22 19:21:07.566  1418  1418 I Telecom : DefaultDialerCache: Refreshing default dialer for user 0: now com.google.android.dialer: DDC.oR@CD8
10-22 19:21:07.567  1418  2007 D CompatibilityChangeReporter: Compat change id reported: 218533173; UID 10248; state: DISABLED
10-22 19:21:07.572  1418  4164 W BackupTransportManager: Package com.gone60 enabled setting: 0
10-22 19:21:07.584  1418  1684 W WindowMagnificationMgr: requestConnection duplicated request: connect=false, mConnectionState=DISCONNECTED
10-22 19:21:07.613  1418  7313 D CompatibilityChangeReporter: Compat change id reported: 161252188; UID 10248; state: DISABLED
10-22 19:21:07.630  1418  1811 E PackageManager: ERROR: could not load root hash from incremental install
10-22 19:21:07.650  1418  2039 W PackageParsing: Ignoring duplicate uses-permissions/uses-permissions-sdk-m: android.permission.DISABLE_KEYGUARD in package: com.pqas.xrzm at: Binary XML file line #24
10-22 19:21:07.664  1418  1811 I PackageManager: Integrity check passed for file:///data/app/vmdl584270449.tmp
10-22 19:21:07.697  1418  1811 W PackageParsing: Ignoring duplicate uses-permissions/uses-permissions-sdk-m: android.permission.DISABLE_KEYGUARD in package: com.pqas.xrzm at: Binary XML file line #24
10-22 19:21:07.809  1418  1670 V StorageManagerService: Package null has legacy storage
10-22 19:21:07.913  1418  1811 V BackupManagerService: [UserID:0] restoreAtInstall pkg=com.pqas.xrzm token=56 restoreSet=0
10-22 19:21:07.914  1418  1811 V BackupManagerService: [UserID:0] Finishing install immediately
10-22 19:21:07.915  1418  1811 D PackageInstallerSession: Marking session 584270449 as applied
10-22 19:21:07.920  1418  1811 D CompatibilityChangeReporter: Compat change id reported: 168419799; UID 10249; state: DISABLED
10-22 19:21:07.920  1418  1811 D CompatibilityChangeReporter: Compat change id reported: 273564678; UID 10249; state: DISABLED
10-22 19:21:07.934  1418  1418 I Telecom : DefaultDialerCache: Refreshing default dialer for user 0: now com.google.android.dialer: DDC.oR@CEI
10-22 19:21:07.937  1418  5482 W BroadcastQueue: u0 Receiving a broadcast in packagecom.jr.narutoii requires a permissions review
10-22 19:21:07.938  1418  5482 W BroadcastQueue: Skipping delivery: permission review required for Intent { act=android.intent.action.PACKAGE_ADDED dat=package: flg=0x4000010 (has extras) } from null (pid=1418, uid=1000) to com.jr.narutoii/com.joyriver.engine.proxy.EngineReceiver
10-22 19:21:07.938  1418  1418 V BackupManagerConstants: getFullBackupIntervalMilliseconds(...) returns 86400000
10-22 19:21:07.938  1418  1418 V BackupManagerConstants: getFullBackupRequiredNetworkType(...) returns 2
10-22 19:21:07.938  1418  1418 V BackupManagerConstants: getFullBackupRequireCharging(...) returns true
10-22 19:21:07.942  1418  1686 W BroadcastQueue: u0 Receiving a broadcast in packagecom.android.buyer requires a permissions review
10-22 19:21:07.942  1418  1686 W BroadcastQueue: Skipping delivery: permission review required for Intent { act=android.intent.action.PACKAGE_ADDED dat=package: flg=0x4000010 (has extras) } from null (pid=1418, uid=1000) to com.android.buyer/.mRve
10-22 19:21:07.942  1418  1686 W BroadcastQueue: Background execution not allowed: receiving Intent { act=android.intent.action.PACKAGE_ADDED dat=package: flg=0x4000010 (has extras) } to com.google.android.packageinstaller/com.android.packageinstaller.PackageInstalledReceiver
10-22 19:21:07.942  1418  1686 W BroadcastQueue: Background execution not allowed: receiving Intent { act=android.intent.action.PACKAGE_ADDED dat=package: flg=0x4000010 (has extras) } to com.android.vending/com.google.android.finsky.packagemonitor.impl.PackageMonitorReceiverImpl$RegisteredReceiver
10-22 19:21:07.942  1418  1686 W BroadcastQueue: Background execution not allowed: receiving Intent { act=android.intent.action.PACKAGE_ADDED dat=package: flg=0x4000010 (has extras) } to com.android.vending/com.google.android.finsky.packagemonitor.backgroundimpl.BackgroundPackageMonitorReceiverImpl$RegisteredReceiver
10-22 19:21:07.943  1418  1686 W BroadcastQueue: Background execution not allowed: receiving Intent { act=android.intent.action.PACKAGE_ADDED dat=package: flg=0x4000010 (has extras) } to com.google.android.gms/.games.chimera.GamesSystemBroadcastReceiverProxy
10-22 19:21:07.943  1418  1686 W BroadcastQueue: Background execution not allowed: receiving Intent { act=android.intent.action.PACKAGE_ADDED dat=package: flg=0x4000010 (has extras) } to com.google.android.gms/.gass.chimera.PackageChangeBroadcastReceiver
10-22 19:21:07.943  1418  1686 W BroadcastQueue: Background execution not allowed: receiving Intent { act=android.intent.action.PACKAGE_ADDED dat=package: flg=0x4000010 (has extras) } to com.google.android.gms/.chimera.GmsIntentOperationService$PersistentTrustedReceiver
10-22 19:21:07.943  1418  1686 W BroadcastQueue: u0 Receiving a broadcast in packagecom.cncd.japan.janli.shudu requires a permissions review
10-22 19:21:07.943  1418  1686 W BroadcastQueue: Skipping delivery: permission review required for Intent { act=android.intent.action.PACKAGE_ADDED dat=package: flg=0x4000010 (has extras) } from null (pid=1418, uid=1000) to com.cncd.japan.janli.shudu/net.l.k.r
10-22 19:21:07.943  1418  1686 W BroadcastQueue: u0 Receiving a broadcast in packagecom.cncd.japan.janli.shudu requires a permissions review
10-22 19:21:07.943  1418  1686 W BroadcastQueue: Skipping delivery: permission review required for Intent { act=android.intent.action.PACKAGE_ADDED dat=package: flg=0x4000010 (has extras) } from null (pid=1418, uid=1000) to com.cncd.japan.janli.shudu/com.feiwofour.coverscreen.SR
10-22 19:21:07.943  1418  1686 W BroadcastQueue: u0 Receiving a broadcast in packagecom.games.mengmeizhitd requires a permissions review
10-22 19:21:07.943  1418  1686 W BroadcastQueue: Skipping delivery: permission review required for Intent { act=android.intent.action.PACKAGE_ADDED dat=package: flg=0x4000010 (has extras) } from null (pid=1418, uid=1000) to com.games.mengmeizhitd/hjnw.ihjnw.i.isqly
10-22 19:21:07.943  1418  1686 W BroadcastQueue: u0 Receiving a broadcast in packagecom.hgperfko.yaeghrwx requires a permissions review
10-22 19:21:07.943  1418  1686 W BroadcastQueue: Skipping delivery: permission review required for Intent { act=android.intent.action.PACKAGE_ADDED dat=package: flg=0x4000010 (has extras) } from null (pid=1418, uid=1000) to com.hgperfko.yaeghrwx/.core.hLytdCQDBv
10-22 19:21:07.944  1418  1686 W BroadcastQueue: u0 Receiving a broadcast in packagecom.qiuqiu.dfmc requires a permissions review
10-22 19:21:07.944  1418  1686 W BroadcastQueue: Skipping delivery: permission review required for Intent { act=android.intent.action.PACKAGE_ADDED dat=package: flg=0x4000010 (has extras) } from null (pid=1418, uid=1000) to com.qiuqiu.dfmc/cn.jpush.android.service.PushReceiver
10-22 19:21:07.944  1418  1686 W BroadcastQueue: u0 Receiving a broadcast in packagecom.safesys.viruskiller requires a permissions review
10-22 19:21:07.945  1418  1686 W BroadcastQueue: Skipping delivery: permission review required for Intent { act=android.intent.action.PACKAGE_ADDED dat=package: flg=0x4000010 (has extras) } from null (pid=1418, uid=1000) to com.safesys.viruskiller/.ScanPackageBroadcast
10-22 19:21:07.945  1418  1686 W BroadcastQueue: u0 Receiving a broadcast in packagecom.uc108.mobile.sdgj.bd1 requires a permissions review
10-22 19:21:07.945  1418  1686 W BroadcastQueue: Skipping delivery: permission review required for Intent { act=android.intent.action.PACKAGE_ADDED dat=package: flg=0x4000010 (has extras) } from null (pid=1418, uid=1000) to com.uc108.mobile.sdgj.bd1/com.baidu.tiebasdk.service.InstallReceiver
10-22 19:21:07.945  1418  1686 W BroadcastQueue: u0 Receiving a broadcast in packagecom.voicebianshengjinglingwc.wxl requires a permissions review
10-22 19:21:07.945  1418  1686 W BroadcastQueue: Skipping delivery: permission review required for Intent { act=android.intent.action.PACKAGE_ADDED dat=package: flg=0x4000010 (has extras) } from null (pid=1418, uid=1000) to com.voicebianshengjinglingwc.wxl/mp.ruu.Ztjjwrj
10-22 19:21:07.945  1418  1686 W BroadcastQueue: u0 Receiving a broadcast in packageio.dcloud.H5BC6BF13 requires a permissions review
10-22 19:21:07.945  1418  1686 W BroadcastQueue: Skipping delivery: permission review required for Intent { act=android.intent.action.PACKAGE_ADDED dat=package: flg=0x4000010 (has extras) } from null (pid=1418, uid=1000) to io.dcloud.H5BC6BF13/io.dcloud.common.adapter.io.DownloadReceiver
10-22 19:21:07.978  1418  1684 W WindowMagnificationMgr: requestConnection duplicated request: connect=false, mConnectionState=DISCONNECTED
10-22 19:21:07.979  1418  2007 D CompatibilityChangeReporter: Compat change id reported: 218533173; UID 10249; state: DISABLED
10-22 19:21:07.991  1418  1418 I Telecom : DefaultDialerCache: Refreshing default dialer for user 0: now com.google.android.dialer: DDC.oR@CEM
10-22 19:21:08.016  1418  4164 W BackupTransportManager: Package com.pqas.xrzm enabled setting: 0
10-22 19:21:08.041  1418  1684 W PackageManager: Failed registering loading progress callback. Package is fully loaded.
10-22 19:21:08.048  1418  1684 W WindowMagnificationMgr: requestConnection duplicated request: connect=false, mConnectionState=DISCONNECTED
10-22 19:21:08.053  1418  1806 E VerityUtils: Failed to measure fs-verity, errno 1: /data/app/~~N8HoEqiwzDSR0SMxHB3bPg==/com.pqas.xrzm-QWwsCLyf4mH3SyN0eDZAoA==/base.apk
10-22 19:21:08.080  1418  3207 D CompatibilityChangeReporter: Compat change id reported: 161252188; UID 10249; state: DISABLED
10-22 19:21:08.402  1418  5483 I ActivityManager: Background started FGS: Allowed [callingPackage: com.google.android.apps.wellbeing; callingUid: 10121; uidState: BFGS; intent: Intent { cmp=com.google.android.apps.wellbeing/com.google.apps.tiktok.concurrent.InternalForegroundService (has extras) }; code:BACKGROUND_ACTIVITY_PERMISSION; tempAllowListReason:<null>; targetSdkVersion:34; callerTargetSdkVersion:34; startForegroundCount:0; bindFromPackage:null]
10-22 19:21:08.550  1418  1811 E PackageManager: ERROR: could not load root hash from incremental install
10-22 19:21:08.567  1418  1811 I PackageManager: Integrity check passed for file:///data/app/vmdl961826151.tmp
10-22 19:21:08.571  1418  5484 I ActivityManager: Background started FGS: Allowed [callingPackage: com.google.android.apps.wellbeing; callingUid: 10121; uidState: BFGS; intent: Intent { cmp=com.google.android.apps.wellbeing/com.google.apps.tiktok.concurrent.InternalForegroundService (has extras) }; code:BACKGROUND_ACTIVITY_PERMISSION; tempAllowListReason:<null>; targetSdkVersion:34; callerTargetSdkVersion:34; startForegroundCount:0; bindFromPackage:null]
10-22 19:21:08.676  1418  1418 I NotificationService: Cannot find enqueued record for key: 0|com.google.android.apps.wellbeing|174344743|null|10121
10-22 19:21:08.776  1418  1418 I NotificationService: Cannot find enqueued record for key: 0|com.google.android.apps.wellbeing|174344743|null|10121
10-22 19:21:09.953  1418  1811 V BackupManagerService: [UserID:0] restoreAtInstall pkg=com.kbwork.dygaqy token=57 restoreSet=0
10-22 19:21:09.954  1418  1811 V BackupManagerService: [UserID:0] Finishing install immediately
10-22 19:21:09.957  1418  1811 D PackageInstallerSession: Marking session 961826151 as applied
10-22 19:21:09.960  1418  1811 D CompatibilityChangeReporter: Compat change id reported: 168419799; UID 10250; state: DISABLED
10-22 19:21:09.960  1418  1811 D CompatibilityChangeReporter: Compat change id reported: 273564678; UID 10250; state: DISABLED
10-22 19:21:09.974  1418  1418 I Telecom : DefaultDialerCache: Refreshing default dialer for user 0: now com.google.android.dialer: DDC.oR@CEo
10-22 19:21:09.987  1418  1418 V BackupManagerConstants: getFullBackupIntervalMilliseconds(...) returns 86400000
10-22 19:21:09.987  1418  1418 V BackupManagerConstants: getFullBackupRequiredNetworkType(...) returns 2
10-22 19:21:09.987  1418  1418 V BackupManagerConstants: getFullBackupRequireCharging(...) returns true
10-22 19:21:09.989  1418  1525 W BroadcastQueue: u0 Receiving a broadcast in packagecom.jr.narutoii requires a permissions review
10-22 19:21:09.989  1418  1525 W BroadcastQueue: Skipping delivery: permission review required for Intent { act=android.intent.action.PACKAGE_ADDED dat=package: flg=0x4000010 (has extras) } from null (pid=1418, uid=1000) to com.jr.narutoii/com.joyriver.engine.proxy.EngineReceiver
10-22 19:21:09.990  1418  1686 W BroadcastQueue: u0 Receiving a broadcast in packagecom.android.buyer requires a permissions review
10-22 19:21:09.990  1418  1686 W BroadcastQueue: Skipping delivery: permission review required for Intent { act=android.intent.action.PACKAGE_ADDED dat=package: flg=0x4000010 (has extras) } from null (pid=1418, uid=1000) to com.android.buyer/.mRve
10-22 19:21:09.991  1418  1686 W BroadcastQueue: Background execution not allowed: receiving Intent { act=android.intent.action.PACKAGE_ADDED dat=package: flg=0x4000010 (has extras) } to com.google.android.packageinstaller/com.android.packageinstaller.PackageInstalledReceiver
10-22 19:21:09.991  1418  1686 W BroadcastQueue: Background execution not allowed: receiving Intent { act=android.intent.action.PACKAGE_ADDED dat=package: flg=0x4000010 (has extras) } to com.android.vending/com.google.android.finsky.packagemonitor.impl.PackageMonitorReceiverImpl$RegisteredReceiver
10-22 19:21:09.991  1418  1686 W BroadcastQueue: Background execution not allowed: receiving Intent { act=android.intent.action.PACKAGE_ADDED dat=package: flg=0x4000010 (has extras) } to com.android.vending/com.google.android.finsky.packagemonitor.backgroundimpl.BackgroundPackageMonitorReceiverImpl$RegisteredReceiver
10-22 19:21:09.993  1418  1686 W BroadcastQueue: Background execution not allowed: receiving Intent { act=android.intent.action.PACKAGE_ADDED dat=package: flg=0x4000010 (has extras) } to com.google.android.gms/.games.chimera.GamesSystemBroadcastReceiverProxy
10-22 19:21:09.993  1418  1686 W BroadcastQueue: Background execution not allowed: receiving Intent { act=android.intent.action.PACKAGE_ADDED dat=package: flg=0x4000010 (has extras) } to com.google.android.gms/.gass.chimera.PackageChangeBroadcastReceiver
10-22 19:21:09.993  1418  1686 W BroadcastQueue: Background execution not allowed: receiving Intent { act=android.intent.action.PACKAGE_ADDED dat=package: flg=0x4000010 (has extras) } to com.google.android.gms/.chimera.GmsIntentOperationService$PersistentTrustedReceiver
10-22 19:21:09.993  1418  1686 W BroadcastQueue: u0 Receiving a broadcast in packagecom.cncd.japan.janli.shudu requires a permissions review
10-22 19:21:09.993  1418  1686 W BroadcastQueue: Skipping delivery: permission review required for Intent { act=android.intent.action.PACKAGE_ADDED dat=package: flg=0x4000010 (has extras) } from null (pid=1418, uid=1000) to com.cncd.japan.janli.shudu/net.l.k.r
10-22 19:21:09.993  1418  1686 W BroadcastQueue: u0 Receiving a broadcast in packagecom.cncd.japan.janli.shudu requires a permissions review
10-22 19:21:09.993  1418  1686 W BroadcastQueue: Skipping delivery: permission review required for Intent { act=android.intent.action.PACKAGE_ADDED dat=package: flg=0x4000010 (has extras) } from null (pid=1418, uid=1000) to com.cncd.japan.janli.shudu/com.feiwofour.coverscreen.SR
10-22 19:21:09.993  1418  1686 W BroadcastQueue: u0 Receiving a broadcast in packagecom.games.mengmeizhitd requires a permissions review
10-22 19:21:09.993  1418  1686 W BroadcastQueue: Skipping delivery: permission review required for Intent { act=android.intent.action.PACKAGE_ADDED dat=package: flg=0x4000010 (has extras) } from null (pid=1418, uid=1000) to com.games.mengmeizhitd/hjnw.ihjnw.i.isqly
10-22 19:21:09.993  1418  1686 W BroadcastQueue: u0 Receiving a broadcast in packagecom.hgperfko.yaeghrwx requires a permissions review
10-22 19:21:09.993  1418  1686 W BroadcastQueue: Skipping delivery: permission review required for Intent { act=android.intent.action.PACKAGE_ADDED dat=package: flg=0x4000010 (has extras) } from null (pid=1418, uid=1000) to com.hgperfko.yaeghrwx/.core.hLytdCQDBv
10-22 19:21:09.993  1418  1686 W BroadcastQueue: u0 Receiving a broadcast in packagecom.qiuqiu.dfmc requires a permissions review
10-22 19:21:09.994  1418  1686 W BroadcastQueue: Skipping delivery: permission review required for Intent { act=android.intent.action.PACKAGE_ADDED dat=package: flg=0x4000010 (has extras) } from null (pid=1418, uid=1000) to com.qiuqiu.dfmc/cn.jpush.android.service.PushReceiver
10-22 19:21:09.994  1418  1686 W BroadcastQueue: u0 Receiving a broadcast in packagecom.safesys.viruskiller requires a permissions review
10-22 19:21:09.994  1418  1686 W BroadcastQueue: Skipping delivery: permission review required for Intent { act=android.intent.action.PACKAGE_ADDED dat=package: flg=0x4000010 (has extras) } from null (pid=1418, uid=1000) to com.safesys.viruskiller/.ScanPackageBroadcast
10-22 19:21:09.994  1418  1686 W BroadcastQueue: u0 Receiving a broadcast in packagecom.uc108.mobile.sdgj.bd1 requires a permissions review
10-22 19:21:09.994  1418  1686 W BroadcastQueue: Skipping delivery: permission review required for Intent { act=android.intent.action.PACKAGE_ADDED dat=package: flg=0x4000010 (has extras) } from null (pid=1418, uid=1000) to com.uc108.mobile.sdgj.bd1/com.baidu.tiebasdk.service.InstallReceiver
10-22 19:21:09.994  1418  1686 W BroadcastQueue: u0 Receiving a broadcast in packagecom.voicebianshengjinglingwc.wxl requires a permissions review
10-22 19:21:09.994  1418  1686 W BroadcastQueue: Skipping delivery: permission review required for Intent { act=android.intent.action.PACKAGE_ADDED dat=package: flg=0x4000010 (has extras) } from null (pid=1418, uid=1000) to com.voicebianshengjinglingwc.wxl/mp.ruu.Ztjjwrj
10-22 19:21:09.994  1418  1686 W BroadcastQueue: u0 Receiving a broadcast in packageio.dcloud.H5BC6BF13 requires a permissions review
10-22 19:21:09.994  1418  1686 W BroadcastQueue: Skipping delivery: permission review required for Intent { act=android.intent.action.PACKAGE_ADDED dat=package: flg=0x4000010 (has extras) } from null (pid=1418, uid=1000) to io.dcloud.H5BC6BF13/io.dcloud.common.adapter.io.DownloadReceiver
10-22 19:21:10.020  1418  4223 D CompatibilityChangeReporter: Compat change id reported: 161252188; UID 10250; state: DISABLED
10-22 19:21:10.036  1418  1806 E VerityUtils: Failed to measure fs-verity, errno 1: /data/app/~~fTXKnM6WJX7iFyUBwMVktw==/com.kbwork.dygaqy-EKbP3btuCdvPLusx8VTVgQ==/base.apk
10-22 19:21:10.041  1418  2007 D CompatibilityChangeReporter: Compat change id reported: 218533173; UID 10250; state: DISABLED
10-22 19:21:10.052  1418  1684 W WindowMagnificationMgr: requestConnection duplicated request: connect=false, mConnectionState=DISCONNECTED
10-22 19:21:10.119  1418  1684 W PackageManager: Failed registering loading progress callback. Package is fully loaded.
10-22 19:21:10.121  1418  1418 I Telecom : DefaultDialerCache: Refreshing default dialer for user 0: now com.google.android.dialer: DDC.oR@CE0
10-22 19:21:10.126  1418  1684 W WindowMagnificationMgr: requestConnection duplicated request: connect=false, mConnectionState=DISCONNECTED
10-22 19:21:10.130  1418  4164 W BackupTransportManager: Package com.kbwork.dygaqy enabled setting: 0
10-22 19:21:10.153  1418  1811 E PackageManager: ERROR: could not load root hash from incremental install
10-22 19:21:10.163  1418  2039 W PackageParsing: Ignoring duplicate uses-permissions/uses-permissions-sdk-m: android.permission.KILL_BACKGROUND_PROCESSES in package: rjpmscxyoicgj.rcmuksahjbgmzodorjn.pebcsfmlgnqxshaierbhj at: Binary XML file line #24
10-22 19:21:10.193  1418  1811 I PackageManager: Integrity check passed for file:///data/app/vmdl339493315.tmp
10-22 19:21:10.209  1418  1811 W PackageParsing: Ignoring duplicate uses-permissions/uses-permissions-sdk-m: android.permission.KILL_BACKGROUND_PROCESSES in package: rjpmscxyoicgj.rcmuksahjbgmzodorjn.pebcsfmlgnqxshaierbhj at: Binary XML file line #24
10-22 19:21:10.290  1418  1670 V StorageManagerService: Package null does not have legacy storage
10-22 19:21:10.557  1418  1811 V BackupManagerService: [UserID:0] restoreAtInstall pkg=rjpmscxyoicgj.rcmuksahjbgmzodorjn.pebcsfmlgnqxshaierbhj token=58 restoreSet=0
10-22 19:21:10.558  1418  1811 V BackupManagerService: [UserID:0] Finishing install immediately
10-22 19:21:10.560  1418  1811 D PackageInstallerSession: Marking session 339493315 as applied
10-22 19:21:10.561  1418  1811 D CompatibilityChangeReporter: Compat change id reported: 168419799; UID 10251; state: DISABLED
10-22 19:21:10.561  1418  1811 D CompatibilityChangeReporter: Compat change id reported: 273564678; UID 10251; state: DISABLED
10-22 19:21:10.579  1418  1418 I Telecom : DefaultDialerCache: Refreshing default dialer for user 0: now com.google.android.dialer: DDC.oR@CE4
10-22 19:21:10.590  1418  1979 W BroadcastQueue: u0 Receiving a broadcast in packagecom.jr.narutoii requires a permissions review
10-22 19:21:10.590  1418  1979 W BroadcastQueue: Skipping delivery: permission review required for Intent { act=android.intent.action.PACKAGE_ADDED dat=package: flg=0x4000010 (has extras) } from null (pid=1418, uid=1000) to com.jr.narutoii/com.joyriver.engine.proxy.EngineReceiver
10-22 19:21:10.591  1418  1418 V BackupManagerConstants: getFullBackupIntervalMilliseconds(...) returns 86400000
10-22 19:21:10.591  1418  1418 V BackupManagerConstants: getFullBackupRequiredNetworkType(...) returns 2
10-22 19:21:10.591  1418  1418 V BackupManagerConstants: getFullBackupRequireCharging(...) returns true
10-22 19:21:10.595  1418  1686 W BroadcastQueue: u0 Receiving a broadcast in packagecom.android.buyer requires a permissions review
10-22 19:21:10.596  1418  1686 W BroadcastQueue: Skipping delivery: permission review required for Intent { act=android.intent.action.PACKAGE_ADDED dat=package: flg=0x4000010 (has extras) } from null (pid=1418, uid=1000) to com.android.buyer/.mRve
10-22 19:21:10.596  1418  1686 W BroadcastQueue: Background execution not allowed: receiving Intent { act=android.intent.action.PACKAGE_ADDED dat=package: flg=0x4000010 (has extras) } to com.google.android.packageinstaller/com.android.packageinstaller.PackageInstalledReceiver
10-22 19:21:10.596  1418  1686 W BroadcastQueue: Background execution not allowed: receiving Intent { act=android.intent.action.PACKAGE_ADDED dat=package: flg=0x4000010 (has extras) } to com.android.vending/com.google.android.finsky.packagemonitor.impl.PackageMonitorReceiverImpl$RegisteredReceiver
10-22 19:21:10.596  1418  1686 W BroadcastQueue: Background execution not allowed: receiving Intent { act=android.intent.action.PACKAGE_ADDED dat=package: flg=0x4000010 (has extras) } to com.android.vending/com.google.android.finsky.packagemonitor.backgroundimpl.BackgroundPackageMonitorReceiverImpl$RegisteredReceiver
10-22 19:21:10.596  1418  1686 W BroadcastQueue: Background execution not allowed: receiving Intent { act=android.intent.action.PACKAGE_ADDED dat=package: flg=0x4000010 (has extras) } to com.google.android.gms/.games.chimera.GamesSystemBroadcastReceiverProxy
10-22 19:21:10.596  1418  1686 W BroadcastQueue: Background execution not allowed: receiving Intent { act=android.intent.action.PACKAGE_ADDED dat=package: flg=0x4000010 (has extras) } to com.google.android.gms/.gass.chimera.PackageChangeBroadcastReceiver
10-22 19:21:10.596  1418  1686 W BroadcastQueue: Background execution not allowed: receiving Intent { act=android.intent.action.PACKAGE_ADDED dat=package: flg=0x4000010 (has extras) } to com.google.android.gms/.chimera.GmsIntentOperationService$PersistentTrustedReceiver
10-22 19:21:10.596  1418  1686 W BroadcastQueue: u0 Receiving a broadcast in packagecom.cncd.japan.janli.shudu requires a permissions review
10-22 19:21:10.596  1418  1686 W BroadcastQueue: Skipping delivery: permission review required for Intent { act=android.intent.action.PACKAGE_ADDED dat=package: flg=0x4000010 (has extras) } from null (pid=1418, uid=1000) to com.cncd.japan.janli.shudu/net.l.k.r
10-22 19:21:10.596  1418  1686 W BroadcastQueue: u0 Receiving a broadcast in packagecom.cncd.japan.janli.shudu requires a permissions review
10-22 19:21:10.596  1418  1686 W BroadcastQueue: Skipping delivery: permission review required for Intent { act=android.intent.action.PACKAGE_ADDED dat=package: flg=0x4000010 (has extras) } from null (pid=1418, uid=1000) to com.cncd.japan.janli.shudu/com.feiwofour.coverscreen.SR
10-22 19:21:10.596  1418  1686 W BroadcastQueue: u0 Receiving a broadcast in packagecom.games.mengmeizhitd requires a permissions review
10-22 19:21:10.596  1418  1686 W BroadcastQueue: Skipping delivery: permission review required for Intent { act=android.intent.action.PACKAGE_ADDED dat=package: flg=0x4000010 (has extras) } from null (pid=1418, uid=1000) to com.games.mengmeizhitd/hjnw.ihjnw.i.isqly
10-22 19:21:10.596  1418  1686 W BroadcastQueue: u0 Receiving a broadcast in packagecom.hgperfko.yaeghrwx requires a permissions review
10-22 19:21:10.596  1418  1686 W BroadcastQueue: Skipping delivery: permission review required for Intent { act=android.intent.action.PACKAGE_ADDED dat=package: flg=0x4000010 (has extras) } from null (pid=1418, uid=1000) to com.hgperfko.yaeghrwx/.core.hLytdCQDBv
10-22 19:21:10.596  1418  1686 W BroadcastQueue: u0 Receiving a broadcast in packagecom.qiuqiu.dfmc requires a permissions review
10-22 19:21:10.596  1418  1686 W BroadcastQueue: Skipping delivery: permission review required for Intent { act=android.intent.action.PACKAGE_ADDED dat=package: flg=0x4000010 (has extras) } from null (pid=1418, uid=1000) to com.qiuqiu.dfmc/cn.jpush.android.service.PushReceiver
10-22 19:21:10.596  1418  1686 W BroadcastQueue: u0 Receiving a broadcast in packagecom.safesys.viruskiller requires a permissions review
10-22 19:21:10.597  1418  1686 W BroadcastQueue: Skipping delivery: permission review required for Intent { act=android.intent.action.PACKAGE_ADDED dat=package: flg=0x4000010 (has extras) } from null (pid=1418, uid=1000) to com.safesys.viruskiller/.ScanPackageBroadcast
10-22 19:21:10.597  1418  1686 W BroadcastQueue: u0 Receiving a broadcast in packagecom.uc108.mobile.sdgj.bd1 requires a permissions review
10-22 19:21:10.597  1418  1686 W BroadcastQueue: Skipping delivery: permission review required for Intent { act=android.intent.action.PACKAGE_ADDED dat=package: flg=0x4000010 (has extras) } from null (pid=1418, uid=1000) to com.uc108.mobile.sdgj.bd1/com.baidu.tiebasdk.service.InstallReceiver
10-22 19:21:10.597  1418  1686 W BroadcastQueue: u0 Receiving a broadcast in packagecom.voicebianshengjinglingwc.wxl requires a permissions review
10-22 19:21:10.597  1418  1686 W BroadcastQueue: Skipping delivery: permission review required for Intent { act=android.intent.action.PACKAGE_ADDED dat=package: flg=0x4000010 (has extras) } from null (pid=1418, uid=1000) to com.voicebianshengjinglingwc.wxl/mp.ruu.Ztjjwrj
10-22 19:21:10.597  1418  1686 W BroadcastQueue: u0 Receiving a broadcast in packageio.dcloud.H5BC6BF13 requires a permissions review
10-22 19:21:10.597  1418  1686 W BroadcastQueue: Skipping delivery: permission review required for Intent { act=android.intent.action.PACKAGE_ADDED dat=package: flg=0x4000010 (has extras) } from null (pid=1418, uid=1000) to io.dcloud.H5BC6BF13/io.dcloud.common.adapter.io.DownloadReceiver
10-22 19:21:10.608  1418  1684 W WindowMagnificationMgr: requestConnection duplicated request: connect=false, mConnectionState=DISCONNECTED
10-22 19:21:10.619  1418  1806 E VerityUtils: Failed to measure fs-verity, errno 1: /data/app/~~6z6kXb_S9Xczz10wm41F9A==/rjpmscxyoicgj.rcmuksahjbgmzodorjn.pebcsfmlgnqxshaierbhj-zUMmec-9Ec6zY1egNnhYHQ==/base.apk
10-22 19:21:10.628  1418  7891 D CompatibilityChangeReporter: Compat change id reported: 161252188; UID 10251; state: DISABLED
10-22 19:21:10.642  1418  2007 D CompatibilityChangeReporter: Compat change id reported: 218533173; UID 10251; state: DISABLED
10-22 19:21:10.680  1418  1418 I Telecom : DefaultDialerCache: Refreshing default dialer for user 0: now com.google.android.dialer: DDC.oR@CFE
10-22 19:21:10.681  1418  4164 W BackupTransportManager: Package rjpmscxyoicgj.rcmuksahjbgmzodorjn.pebcsfmlgnqxshaierbhj enabled setting: 0
10-22 19:21:10.688  1418  1684 W PackageManager: Failed registering loading progress callback. Package is fully loaded.
10-22 19:21:10.705  1418  1684 W WindowMagnificationMgr: requestConnection duplicated request: connect=false, mConnectionState=DISCONNECTED
10-22 19:21:10.772  1418  1811 E PackageManager: ERROR: could not load root hash from incremental install
10-22 19:21:10.806  1418  1811 I PackageManager: Integrity check passed for file:///data/app/vmdl1289399045.tmp
10-22 19:21:10.896  1418  1670 V StorageManagerService: Package null has legacy storage
10-22 19:21:11.133  1418  1811 V BackupManagerService: [UserID:0] restoreAtInstall pkg=oaskok.rjsbiydsjifexwubpyuomxy.zslzeeeyzmnfnttztj token=59 restoreSet=0
10-22 19:21:11.133  1418  1811 V BackupManagerService: [UserID:0] Finishing install immediately
10-22 19:21:11.139  1418  1811 D PackageInstallerSession: Marking session 1289399045 as applied
10-22 19:21:11.144  1418  1811 D CompatibilityChangeReporter: Compat change id reported: 168419799; UID 10252; state: DISABLED
10-22 19:21:11.144  1418  1811 D CompatibilityChangeReporter: Compat change id reported: 273564678; UID 10252; state: DISABLED
10-22 19:21:11.149  1418  1526 W BroadcastQueue: u0 Receiving a broadcast in packagecom.jr.narutoii requires a permissions review
10-22 19:21:11.149  1418  1526 W BroadcastQueue: Skipping delivery: permission review required for Intent { act=android.intent.action.PACKAGE_ADDED dat=package: flg=0x4000010 (has extras) } from null (pid=1418, uid=1000) to com.jr.narutoii/com.joyriver.engine.proxy.EngineReceiver
10-22 19:21:11.150  1418  1686 W BroadcastQueue: u0 Receiving a broadcast in packagecom.android.buyer requires a permissions review
10-22 19:21:11.150  1418  1686 W BroadcastQueue: Skipping delivery: permission review required for Intent { act=android.intent.action.PACKAGE_ADDED dat=package: flg=0x4000010 (has extras) } from null (pid=1418, uid=1000) to com.android.buyer/.mRve
10-22 19:21:11.150  1418  1686 W BroadcastQueue: Background execution not allowed: receiving Intent { act=android.intent.action.PACKAGE_ADDED dat=package: flg=0x4000010 (has extras) } to com.google.android.packageinstaller/com.android.packageinstaller.PackageInstalledReceiver
10-22 19:21:11.150  1418  1686 W BroadcastQueue: Background execution not allowed: receiving Intent { act=android.intent.action.PACKAGE_ADDED dat=package: flg=0x4000010 (has extras) } to com.android.vending/com.google.android.finsky.packagemonitor.impl.PackageMonitorReceiverImpl$RegisteredReceiver
10-22 19:21:11.151  1418  1686 W BroadcastQueue: Background execution not allowed: receiving Intent { act=android.intent.action.PACKAGE_ADDED dat=package: flg=0x4000010 (has extras) } to com.android.vending/com.google.android.finsky.packagemonitor.backgroundimpl.BackgroundPackageMonitorReceiverImpl$RegisteredReceiver
10-22 19:21:11.151  1418  1686 W BroadcastQueue: Background execution not allowed: receiving Intent { act=android.intent.action.PACKAGE_ADDED dat=package: flg=0x4000010 (has extras) } to com.google.android.gms/.games.chimera.GamesSystemBroadcastReceiverProxy
10-22 19:21:11.151  1418  1686 W BroadcastQueue: Background execution not allowed: receiving Intent { act=android.intent.action.PACKAGE_ADDED dat=package: flg=0x4000010 (has extras) } to com.google.android.gms/.gass.chimera.PackageChangeBroadcastReceiver
10-22 19:21:11.151  1418  1686 W BroadcastQueue: Background execution not allowed: receiving Intent { act=android.intent.action.PACKAGE_ADDED dat=package: flg=0x4000010 (has extras) } to com.google.android.gms/.chimera.GmsIntentOperationService$PersistentTrustedReceiver
10-22 19:21:11.151  1418  1686 W BroadcastQueue: u0 Receiving a broadcast in packagecom.cncd.japan.janli.shudu requires a permissions review
10-22 19:21:11.151  1418  1686 W BroadcastQueue: Skipping delivery: permission review required for Intent { act=android.intent.action.PACKAGE_ADDED dat=package: flg=0x4000010 (has extras) } from null (pid=1418, uid=1000) to com.cncd.japan.janli.shudu/net.l.k.r
10-22 19:21:11.151  1418  1686 W BroadcastQueue: u0 Receiving a broadcast in packagecom.cncd.japan.janli.shudu requires a permissions review
10-22 19:21:11.151  1418  1686 W BroadcastQueue: Skipping delivery: permission review required for Intent { act=android.intent.action.PACKAGE_ADDED dat=package: flg=0x4000010 (has extras) } from null (pid=1418, uid=1000) to com.cncd.japan.janli.shudu/com.feiwofour.coverscreen.SR
10-22 19:21:11.151  1418  1686 W BroadcastQueue: u0 Receiving a broadcast in packagecom.games.mengmeizhitd requires a permissions review
10-22 19:21:11.151  1418  1686 W BroadcastQueue: Skipping delivery: permission review required for Intent { act=android.intent.action.PACKAGE_ADDED dat=package: flg=0x4000010 (has extras) } from null (pid=1418, uid=1000) to com.games.mengmeizhitd/hjnw.ihjnw.i.isqly
10-22 19:21:11.151  1418  1686 W BroadcastQueue: u0 Receiving a broadcast in packagecom.hgperfko.yaeghrwx requires a permissions review
10-22 19:21:11.151  1418  1686 W BroadcastQueue: Skipping delivery: permission review required for Intent { act=android.intent.action.PACKAGE_ADDED dat=package: flg=0x4000010 (has extras) } from null (pid=1418, uid=1000) to com.hgperfko.yaeghrwx/.core.hLytdCQDBv
10-22 19:21:11.151  1418  1686 W BroadcastQueue: u0 Receiving a broadcast in packagecom.qiuqiu.dfmc requires a permissions review
10-22 19:21:11.151  1418  1686 W BroadcastQueue: Skipping delivery: permission review required for Intent { act=android.intent.action.PACKAGE_ADDED dat=package: flg=0x4000010 (has extras) } from null (pid=1418, uid=1000) to com.qiuqiu.dfmc/cn.jpush.android.service.PushReceiver
10-22 19:21:11.151  1418  1686 W BroadcastQueue: u0 Receiving a broadcast in packagecom.safesys.viruskiller requires a permissions review
10-22 19:21:11.151  1418  1686 W BroadcastQueue: Skipping delivery: permission review required for Intent { act=android.intent.action.PACKAGE_ADDED dat=package: flg=0x4000010 (has extras) } from null (pid=1418, uid=1000) to com.safesys.viruskiller/.ScanPackageBroadcast
10-22 19:21:11.151  1418  1686 W BroadcastQueue: u0 Receiving a broadcast in packagecom.uc108.mobile.sdgj.bd1 requires a permissions review
10-22 19:21:11.151  1418  1686 W BroadcastQueue: Skipping delivery: permission review required for Intent { act=android.intent.action.PACKAGE_ADDED dat=package: flg=0x4000010 (has extras) } from null (pid=1418, uid=1000) to com.uc108.mobile.sdgj.bd1/com.baidu.tiebasdk.service.InstallReceiver
10-22 19:21:11.151  1418  1686 W BroadcastQueue: u0 Receiving a broadcast in packagecom.voicebianshengjinglingwc.wxl requires a permissions review
10-22 19:21:11.151  1418  1686 W BroadcastQueue: Skipping delivery: permission review required for Intent { act=android.intent.action.PACKAGE_ADDED dat=package: flg=0x4000010 (has extras) } from null (pid=1418, uid=1000) to com.voicebianshengjinglingwc.wxl/mp.ruu.Ztjjwrj
10-22 19:21:11.151  1418  1686 W BroadcastQueue: u0 Receiving a broadcast in packageio.dcloud.H5BC6BF13 requires a permissions review
10-22 19:21:11.151  1418  1686 W BroadcastQueue: Skipping delivery: permission review required for Intent { act=android.intent.action.PACKAGE_ADDED dat=package: flg=0x4000010 (has extras) } from null (pid=1418, uid=1000) to io.dcloud.H5BC6BF13/io.dcloud.common.adapter.io.DownloadReceiver
10-22 19:21:11.157  1418  1418 I Telecom : DefaultDialerCache: Refreshing default dialer for user 0: now com.google.android.dialer: DDC.oR@CFI
10-22 19:21:11.164  1418  1418 V BackupManagerConstants: getFullBackupIntervalMilliseconds(...) returns 86400000
10-22 19:21:11.165  1418  1418 V BackupManagerConstants: getFullBackupRequiredNetworkType(...) returns 2
10-22 19:21:11.165  1418  1418 V BackupManagerConstants: getFullBackupRequireCharging(...) returns true
10-22 19:21:11.170  1418  2007 D CompatibilityChangeReporter: Compat change id reported: 218533173; UID 10252; state: DISABLED
10-22 19:21:11.203  1418  3207 D CompatibilityChangeReporter: Compat change id reported: 161252188; UID 10252; state: DISABLED
10-22 19:21:11.203  1418  1684 W WindowMagnificationMgr: requestConnection duplicated request: connect=false, mConnectionState=DISCONNECTED
10-22 19:21:11.214  1418  1418 I Telecom : DefaultDialerCache: Refreshing default dialer for user 0: now com.google.android.dialer: DDC.oR@CFM
10-22 19:21:11.238  1418  1806 E VerityUtils: Failed to measure fs-verity, errno 1: /data/app/~~vSweNFzwJMGRbUYyXdo7JA==/oaskok.rjsbiydsjifexwubpyuomxy.zslzeeeyzmnfnttztj-TNx01HVpxugWQ6s5pGohvw==/base.apk
10-22 19:21:11.253  1418  1684 W PackageManager: Failed registering loading progress callback. Package is fully loaded.
10-22 19:21:11.260  1418  1684 W WindowMagnificationMgr: requestConnection duplicated request: connect=false, mConnectionState=DISCONNECTED
10-22 19:21:11.269  1418  4164 W BackupTransportManager: Package oaskok.rjsbiydsjifexwubpyuomxy.zslzeeeyzmnfnttztj enabled setting: 0
10-22 19:21:11.270  1418  1811 E PackageManager: ERROR: could not load root hash from incremental install
10-22 19:21:11.275  1418  2039 W PackageParsing: Ignoring duplicate uses-permissions/uses-permissions-sdk-m: android.permission.DISABLE_KEYGUARD in package: com.lfnb.ccrh at: Binary XML file line #24
10-22 19:21:11.286  1418  1811 I PackageManager: Integrity check passed for file:///data/app/vmdl681909505.tmp
10-22 19:21:11.328  1418  1811 W PackageParsing: Ignoring duplicate uses-permissions/uses-permissions-sdk-m: android.permission.DISABLE_KEYGUARD in package: com.lfnb.ccrh at: Binary XML file line #24
10-22 19:21:11.397  1418  1670 V StorageManagerService: Package null has legacy storage
10-22 19:21:11.512  1418  1811 V BackupManagerService: [UserID:0] restoreAtInstall pkg=com.lfnb.ccrh token=5a restoreSet=0
10-22 19:21:11.513  1418  1811 V BackupManagerService: [UserID:0] Finishing install immediately
10-22 19:21:11.515  1418  1811 D PackageInstallerSession: Marking session 681909505 as applied
10-22 19:21:11.521  1418  1811 D CompatibilityChangeReporter: Compat change id reported: 168419799; UID 10253; state: DISABLED
10-22 19:21:11.522  1418  1811 D CompatibilityChangeReporter: Compat change id reported: 273564678; UID 10253; state: DISABLED
10-22 19:21:11.533  1418  1418 I Telecom : DefaultDialerCache: Refreshing default dialer for user 0: now com.google.android.dialer: DDC.oR@CFY
10-22 19:21:11.535  1418  5478 W BroadcastQueue: u0 Receiving a broadcast in packagecom.jr.narutoii requires a permissions review
10-22 19:21:11.535  1418  5478 W BroadcastQueue: Skipping delivery: permission review required for Intent { act=android.intent.action.PACKAGE_ADDED dat=package: flg=0x4000010 (has extras) } from null (pid=1418, uid=1000) to com.jr.narutoii/com.joyriver.engine.proxy.EngineReceiver
10-22 19:21:11.536  1418  1686 W BroadcastQueue: u0 Receiving a broadcast in packagecom.android.buyer requires a permissions review
10-22 19:21:11.536  1418  1686 W BroadcastQueue: Skipping delivery: permission review required for Intent { act=android.intent.action.PACKAGE_ADDED dat=package: flg=0x4000010 (has extras) } from null (pid=1418, uid=1000) to com.android.buyer/.mRve
10-22 19:21:11.537  1418  1686 W BroadcastQueue: Background execution not allowed: receiving Intent { act=android.intent.action.PACKAGE_ADDED dat=package: flg=0x4000010 (has extras) } to com.google.android.packageinstaller/com.android.packageinstaller.PackageInstalledReceiver
10-22 19:21:11.545  1418  1684 W WindowMagnificationMgr: requestConnection duplicated request: connect=false, mConnectionState=DISCONNECTED
10-22 19:21:11.553  1418  1686 W BroadcastQueue: Background execution not allowed: receiving Intent { act=android.intent.action.PACKAGE_ADDED dat=package: flg=0x4000010 (has extras) } to com.android.vending/com.google.android.finsky.packagemonitor.impl.PackageMonitorReceiverImpl$RegisteredReceiver
10-22 19:21:11.555  1418  1686 W BroadcastQueue: Background execution not allowed: receiving Intent { act=android.intent.action.PACKAGE_ADDED dat=package: flg=0x4000010 (has extras) } to com.android.vending/com.google.android.finsky.packagemonitor.backgroundimpl.BackgroundPackageMonitorReceiverImpl$RegisteredReceiver
10-22 19:21:11.555  1418  1686 W BroadcastQueue: Background execution not allowed: receiving Intent { act=android.intent.action.PACKAGE_ADDED dat=package: flg=0x4000010 (has extras) } to com.google.android.gms/.games.chimera.GamesSystemBroadcastReceiverProxy
10-22 19:21:11.555  1418  1686 W BroadcastQueue: Background execution not allowed: receiving Intent { act=android.intent.action.PACKAGE_ADDED dat=package: flg=0x4000010 (has extras) } to com.google.android.gms/.gass.chimera.PackageChangeBroadcastReceiver
10-22 19:21:11.555  1418  1686 W BroadcastQueue: Background execution not allowed: receiving Intent { act=android.intent.action.PACKAGE_ADDED dat=package: flg=0x4000010 (has extras) } to com.google.android.gms/.chimera.GmsIntentOperationService$PersistentTrustedReceiver
10-22 19:21:11.555  1418  1686 W BroadcastQueue: u0 Receiving a broadcast in packagecom.cncd.japan.janli.shudu requires a permissions review
10-22 19:21:11.555  1418  1686 W BroadcastQueue: Skipping delivery: permission review required for Intent { act=android.intent.action.PACKAGE_ADDED dat=package: flg=0x4000010 (has extras) } from null (pid=1418, uid=1000) to com.cncd.japan.janli.shudu/net.l.k.r
10-22 19:21:11.555  1418  1686 W BroadcastQueue: u0 Receiving a broadcast in packagecom.cncd.japan.janli.shudu requires a permissions review
10-22 19:21:11.555  1418  1686 W BroadcastQueue: Skipping delivery: permission review required for Intent { act=android.intent.action.PACKAGE_ADDED dat=package: flg=0x4000010 (has extras) } from null (pid=1418, uid=1000) to com.cncd.japan.janli.shudu/com.feiwofour.coverscreen.SR
10-22 19:21:11.555  1418  1686 W BroadcastQueue: u0 Receiving a broadcast in packagecom.games.mengmeizhitd requires a permissions review
10-22 19:21:11.555  1418  1686 W BroadcastQueue: Skipping delivery: permission review required for Intent { act=android.intent.action.PACKAGE_ADDED dat=package: flg=0x4000010 (has extras) } from null (pid=1418, uid=1000) to com.games.mengmeizhitd/hjnw.ihjnw.i.isqly
10-22 19:21:11.556  1418  1686 W BroadcastQueue: u0 Receiving a broadcast in packagecom.hgperfko.yaeghrwx requires a permissions review
10-22 19:21:11.556  1418  1686 W BroadcastQueue: Skipping delivery: permission review required for Intent { act=android.intent.action.PACKAGE_ADDED dat=package: flg=0x4000010 (has extras) } from null (pid=1418, uid=1000) to com.hgperfko.yaeghrwx/.core.hLytdCQDBv
10-22 19:21:11.556  1418  1686 W BroadcastQueue: u0 Receiving a broadcast in packagecom.qiuqiu.dfmc requires a permissions review
10-22 19:21:11.556  1418  1686 W BroadcastQueue: Skipping delivery: permission review required for Intent { act=android.intent.action.PACKAGE_ADDED dat=package: flg=0x4000010 (has extras) } from null (pid=1418, uid=1000) to com.qiuqiu.dfmc/cn.jpush.android.service.PushReceiver
10-22 19:21:11.556  1418  1686 W BroadcastQueue: u0 Receiving a broadcast in packagecom.safesys.viruskiller requires a permissions review
10-22 19:21:11.559  1418  1806 E VerityUtils: Failed to measure fs-verity, errno 1: /data/app/~~zfLSBtzN_vNB7ef_V_-shA==/com.lfnb.ccrh-teoiTtRR0ccYqwcbPmLolQ==/base.apk
