--------- beginning of system
10-22 19:20:40.971  1418  1811 E PackageManager: ERROR: could not load root hash from incremental install
10-22 19:20:40.991  1418  2039 W PackageParsing: Ignoring duplicate uses-permissions/uses-permissions-sdk-m: android.permission.ACCESS_NETWORK_STATE in package: ch.nth.android.contentabo_l01_sim_univ at: Binary XML file line #26
10-22 19:20:40.994  1418  2039 D CompatibilityChangeReporter: Compat change id reported: 132742131; UID -1; state: DISABLED
10-22 19:20:41.028  1418  1811 I PackageManager: Integrity check passed for file:///data/app/vmdl1737389997.tmp
10-22 19:20:41.044  1418  1811 W PackageParsing: Ignoring duplicate uses-permissions/uses-permissions-sdk-m: android.permission.ACCESS_NETWORK_STATE in package: ch.nth.android.contentabo_l01_sim_univ at: Binary XML file line #26
10-22 19:20:41.055  1418  1811 D CompatibilityChangeReporter: Compat change id reported: 133396946; UID -1; state: DISABLED
10-22 19:20:41.066  1418  1811 I PackageManager: Permission ownership changed. Updating all permissions.
10-22 19:20:41.191  1418  1670 V StorageManagerService: Package null has legacy storage
10-22 19:20:41.646  1418  1811 V BackupManagerService: [UserID:0] restoreAtInstall pkg=ch.nth.android.contentabo_l01_sim_univ token=22 restoreSet=0
10-22 19:20:41.646  1418  1811 V BackupManagerService: [UserID:0] Finishing install immediately
10-22 19:20:41.648  1418  1811 D PackageInstallerSession: Marking session 1737389997 as applied
10-22 19:20:41.650  1418  1811 D CompatibilityChangeReporter: Compat change id reported: 168419799; UID 10197; state: DISABLED
10-22 19:20:41.651  1418  1811 D CompatibilityChangeReporter: Compat change id reported: 273564678; UID 10197; state: DISABLED
10-22 19:20:41.662  1418  5487 W BroadcastQueue: Background execution not allowed: receiving Intent { act=android.intent.action.PACKAGE_ADDED dat=package: flg=0x4000010 (has extras) } to com.google.android.packageinstaller/com.android.packageinstaller.PackageInstalledReceiver
10-22 19:20:41.663  1418  1686 W BroadcastQueue: Background execution not allowed: receiving Intent { act=android.intent.action.PACKAGE_ADDED dat=package: flg=0x4000010 (has extras) } to com.android.vending/com.google.android.finsky.packagemonitor.impl.PackageMonitorReceiverImpl$RegisteredReceiver
10-22 19:20:41.663  1418  1686 W BroadcastQueue: Background execution not allowed: receiving Intent { act=android.intent.action.PACKAGE_ADDED dat=package: flg=0x4000010 (has extras) } to com.android.vending/com.google.android.finsky.packagemonitor.backgroundimpl.BackgroundPackageMonitorReceiverImpl$RegisteredReceiver
10-22 19:20:41.663  1418  1686 W BroadcastQueue: Background execution not allowed: receiving Intent { act=android.intent.action.PACKAGE_ADDED dat=package: flg=0x4000010 (has extras) } to com.google.android.gms/.games.chimera.GamesSystemBroadcastReceiverProxy
10-22 19:20:41.663  1418  1686 W BroadcastQueue: Background execution not allowed: receiving Intent { act=android.intent.action.PACKAGE_ADDED dat=package: flg=0x4000010 (has extras) } to com.google.android.gms/.gass.chimera.PackageChangeBroadcastReceiver
10-22 19:20:41.663  1418  1686 W BroadcastQueue: Background execution not allowed: receiving Intent { act=android.intent.action.PACKAGE_ADDED dat=package: flg=0x4000010 (has extras) } to com.google.android.gms/.chimera.GmsIntentOperationService$PersistentTrustedReceiver
10-22 19:20:41.664  1418  1686 D CompatibilityChangeReporter: Compat change id reported: 168419799; UID 10092; state: DISABLED
10-22 19:20:41.665  1418  1686 D CompatibilityChangeReporter: Compat change id reported: 273564678; UID 10092; state: DISABLED
10-22 19:20:41.674  1418  1418 I Telecom : DefaultDialerCache: Refreshing default dialer for user 0: now com.google.android.dialer: DDC.oR@B14
10-22 19:20:41.677  1418  1418 V BackupManagerConstants: getFullBackupIntervalMilliseconds(...) returns 86400000
10-22 19:20:41.677  1418  1418 V BackupManagerConstants: getFullBackupRequiredNetworkType(...) returns 2
10-22 19:20:41.677  1418  1418 V BackupManagerConstants: getFullBackupRequireCharging(...) returns true
10-22 19:20:41.688  1418  1684 W WindowMagnificationMgr: requestConnection duplicated request: connect=false, mConnectionState=DISCONNECTED
10-22 19:20:41.697  1418  2007 D CompatibilityChangeReporter: Compat change id reported: 218533173; UID 10197; state: DISABLED
10-22 19:20:41.712  1418  1418 I Telecom : DefaultDialerCache: Refreshing default dialer for user 0: now com.google.android.dialer: DDC.oR@B18
10-22 19:20:41.717  1418  4164 W BackupTransportManager: Package ch.nth.android.contentabo_l01_sim_univ enabled setting: 0
10-22 19:20:41.734  1418  1806 E VerityUtils: Failed to measure fs-verity, errno 1: /data/app/~~fU6w0pRINX7k-oP0OYkL1A==/ch.nth.android.contentabo_l01_sim_univ-nB9ui_Vsyv7kCWv2iG9yLQ==/base.apk
10-22 19:20:41.754  1418  1684 W PackageManager: Failed registering loading progress callback. Package is fully loaded.
10-22 19:20:41.761  1418  1684 W WindowMagnificationMgr: requestConnection duplicated request: connect=false, mConnectionState=DISCONNECTED
10-22 19:20:41.799  1418  5488 D CompatibilityChangeReporter: Compat change id reported: 161252188; UID 10197; state: DISABLED
10-22 19:20:41.826  1418  1811 E PackageManager: ERROR: could not load root hash from incremental install
10-22 19:20:41.867  1418  1811 I PackageManager: Integrity check passed for file:///data/app/vmdl578375230.tmp
10-22 19:20:41.984  1418  1670 V StorageManagerService: Package null has legacy storage
10-22 19:20:42.118  1418  1811 V BackupManagerService: [UserID:0] restoreAtInstall pkg=lakshmidevi.lakshmimata.laxmidoorlockscreen6 token=23 restoreSet=0
10-22 19:20:42.119  1418  1811 V BackupManagerService: [UserID:0] Finishing install immediately
10-22 19:20:42.120  1418  1811 D PackageInstallerSession: Marking session 578375230 as applied
10-22 19:20:42.123  1418  1811 D CompatibilityChangeReporter: Compat change id reported: 168419799; UID 10198; state: DISABLED
10-22 19:20:42.123  1418  1811 D CompatibilityChangeReporter: Compat change id reported: 273564678; UID 10198; state: DISABLED
10-22 19:20:42.139  1418  1418 I Telecom : DefaultDialerCache: Refreshing default dialer for user 0: now com.google.android.dialer: DDC.oR@B2I
10-22 19:20:42.146  1418  1684 W WindowMagnificationMgr: requestConnection duplicated request: connect=false, mConnectionState=DISCONNECTED
10-22 19:20:42.150  1418  9100 W BroadcastQueue: Background execution not allowed: receiving Intent { act=android.intent.action.PACKAGE_ADDED dat=package: flg=0x4000010 (has extras) } to com.google.android.packageinstaller/com.android.packageinstaller.PackageInstalledReceiver
10-22 19:20:42.151  1418  1686 W BroadcastQueue: Background execution not allowed: receiving Intent { act=android.intent.action.PACKAGE_ADDED dat=package: flg=0x4000010 (has extras) } to com.android.vending/com.google.android.finsky.packagemonitor.impl.PackageMonitorReceiverImpl$RegisteredReceiver
10-22 19:20:42.151  1418  1686 W BroadcastQueue: Background execution not allowed: receiving Intent { act=android.intent.action.PACKAGE_ADDED dat=package: flg=0x4000010 (has extras) } to com.android.vending/com.google.android.finsky.packagemonitor.backgroundimpl.BackgroundPackageMonitorReceiverImpl$RegisteredReceiver
10-22 19:20:42.151  1418  1686 W BroadcastQueue: Background execution not allowed: receiving Intent { act=android.intent.action.PACKAGE_ADDED dat=package: flg=0x4000010 (has extras) } to com.google.android.gms/.games.chimera.GamesSystemBroadcastReceiverProxy
10-22 19:20:42.151  1418  1686 W BroadcastQueue: Background execution not allowed: receiving Intent { act=android.intent.action.PACKAGE_ADDED dat=package: flg=0x4000010 (has extras) } to com.google.android.gms/.gass.chimera.PackageChangeBroadcastReceiver
10-22 19:20:42.151  1418  1686 W BroadcastQueue: Background execution not allowed: receiving Intent { act=android.intent.action.PACKAGE_ADDED dat=package: flg=0x4000010 (has extras) } to com.google.android.gms/.chimera.GmsIntentOperationService$PersistentTrustedReceiver
10-22 19:20:42.166  1418  1806 E VerityUtils: Failed to measure fs-verity, errno 1: /data/app/~~aD1iIkXOMz2Pxla-_n0ubA==/lakshmidevi.lakshmimata.laxmidoorlockscreen6-A2H3riQFSuZPbB-0A82hrg==/base.apk
10-22 19:20:42.171  1418  2007 D CompatibilityChangeReporter: Compat change id reported: 218533173; UID 10198; state: DISABLED
10-22 19:20:42.192  1418  1684 W PackageManager: Failed registering loading progress callback. Package is fully loaded.
10-22 19:20:42.199  1418  1684 W WindowMagnificationMgr: requestConnection duplicated request: connect=false, mConnectionState=DISCONNECTED
10-22 19:20:42.215  1418  1418 I Telecom : DefaultDialerCache: Refreshing default dialer for user 0: now com.google.android.dialer: DDC.oR@B2M
10-22 19:20:42.221  1418  4164 W BackupTransportManager: Package lakshmidevi.lakshmimata.laxmidoorlockscreen6 enabled setting: 0
10-22 19:20:42.225  1418  1811 E PackageManager: ERROR: could not load root hash from incremental install
10-22 19:20:42.265  1418  8904 D CompatibilityChangeReporter: Compat change id reported: 161252188; UID 10198; state: DISABLED
10-22 19:20:42.299  1418  1811 I PackageManager: Integrity check passed for file:///data/app/vmdl1556432927.tmp
10-22 19:20:42.469  1418  1811 V BackupManagerService: [UserID:0] restoreAtInstall pkg=com.example.eroplayer token=24 restoreSet=0
10-22 19:20:42.470  1418  1811 V BackupManagerService: [UserID:0] Finishing install immediately
10-22 19:20:42.471  1418  1811 D PackageInstallerSession: Marking session 1556432927 as applied
10-22 19:20:42.475  1418  1811 D CompatibilityChangeReporter: Compat change id reported: 168419799; UID 10199; state: DISABLED
10-22 19:20:42.475  1418  1811 D CompatibilityChangeReporter: Compat change id reported: 273564678; UID 10199; state: DISABLED
10-22 19:20:42.487  1418  1418 I Telecom : DefaultDialerCache: Refreshing default dialer for user 0: now com.google.android.dialer: DDC.oR@B2Y
10-22 19:20:42.488  1418  7313 W BroadcastQueue: Background execution not allowed: receiving Intent { act=android.intent.action.PACKAGE_ADDED dat=package: flg=0x4000010 (has extras) } to com.google.android.packageinstaller/com.android.packageinstaller.PackageInstalledReceiver
10-22 19:20:42.490  1418  1686 W BroadcastQueue: Background execution not allowed: receiving Intent { act=android.intent.action.PACKAGE_ADDED dat=package: flg=0x4000010 (has extras) } to com.android.vending/com.google.android.finsky.packagemonitor.impl.PackageMonitorReceiverImpl$RegisteredReceiver
10-22 19:20:42.490  1418  1686 W BroadcastQueue: Background execution not allowed: receiving Intent { act=android.intent.action.PACKAGE_ADDED dat=package: flg=0x4000010 (has extras) } to com.android.vending/com.google.android.finsky.packagemonitor.backgroundimpl.BackgroundPackageMonitorReceiverImpl$RegisteredReceiver
10-22 19:20:42.490  1418  1686 W BroadcastQueue: Background execution not allowed: receiving Intent { act=android.intent.action.PACKAGE_ADDED dat=package: flg=0x4000010 (has extras) } to com.google.android.gms/.games.chimera.GamesSystemBroadcastReceiverProxy
10-22 19:20:42.490  1418  1686 W BroadcastQueue: Background execution not allowed: receiving Intent { act=android.intent.action.PACKAGE_ADDED dat=package: flg=0x4000010 (has extras) } to com.google.android.gms/.gass.chimera.PackageChangeBroadcastReceiver
10-22 19:20:42.490  1418  1686 W BroadcastQueue: Background execution not allowed: receiving Intent { act=android.intent.action.PACKAGE_ADDED dat=package: flg=0x4000010 (has extras) } to com.google.android.gms/.chimera.GmsIntentOperationService$PersistentTrustedReceiver
10-22 19:20:42.496  1418  1684 W WindowMagnificationMgr: requestConnection duplicated request: connect=false, mConnectionState=DISCONNECTED
10-22 19:20:42.496  1418  1418 V BackupManagerConstants: getFullBackupIntervalMilliseconds(...) returns 86400000
10-22 19:20:42.496  1418  1418 V BackupManagerConstants: getFullBackupRequiredNetworkType(...) returns 2
10-22 19:20:42.496  1418  1418 V BackupManagerConstants: getFullBackupRequireCharging(...) returns true
10-22 19:20:42.500  1418  2007 D CompatibilityChangeReporter: Compat change id reported: 218533173; UID 10199; state: DISABLED
10-22 19:20:42.504  1418  1418 I Telecom : DefaultDialerCache: Refreshing default dialer for user 0: now com.google.android.dialer: DDC.oR@B2c
10-22 19:20:42.513  1418  1806 E VerityUtils: Failed to measure fs-verity, errno 1: /data/app/~~Hv9gMLW7YzzS3wFAYXj55Q==/com.example.eroplayer-xdmthkMrpScvLAzrpDpDxg==/base.apk
10-22 19:20:42.524  1418  1684 W PackageManager: Failed registering loading progress callback. Package is fully loaded.
10-22 19:20:42.530  1418  1684 W WindowMagnificationMgr: requestConnection duplicated request: connect=false, mConnectionState=DISCONNECTED
10-22 19:20:42.598  1418  4164 W BackupTransportManager: Package com.example.eroplayer enabled setting: 0
10-22 19:20:42.624  1418  4231 D CompatibilityChangeReporter: Compat change id reported: 161252188; UID 10199; state: DISABLED
10-22 19:20:42.737  1418  1811 E PackageManager: ERROR: could not load root hash from incremental install
10-22 19:20:42.740  1418  2039 W PackageParsing: Ignoring duplicate uses-permissions/uses-permissions-sdk-m: android.permission.CHANGE_NETWORK_STATE in package: com.game.tangguo at: Binary XML file line #15
10-22 19:20:42.740  1418  2039 W PackageParsing: Ignoring duplicate uses-permissions/uses-permissions-sdk-m: android.permission.RECEIVE_SMS in package: com.game.tangguo at: Binary XML file line #16
10-22 19:20:42.740  1418  2039 W PackageParsing: Ignoring duplicate uses-permissions/uses-permissions-sdk-m: android.permission.READ_PHONE_STATE in package: com.game.tangguo at: Binary XML file line #17
10-22 19:20:42.740  1418  2039 W PackageParsing: Ignoring duplicate uses-permissions/uses-permissions-sdk-m: android.permission.CHANGE_WIFI_STATE in package: com.game.tangguo at: Binary XML file line #18
10-22 19:20:42.740  1418  2039 W PackageParsing: Ignoring duplicate uses-permissions/uses-permissions-sdk-m: android.permission.ACCESS_WIFI_STATE in package: com.game.tangguo at: Binary XML file line #19
10-22 19:20:42.740  1418  2039 W PackageParsing: Ignoring duplicate uses-permissions/uses-permissions-sdk-m: android.permission.ACCESS_NETWORK_STATE in package: com.game.tangguo at: Binary XML file line #20
10-22 19:20:42.740  1418  2039 W PackageParsing: Ignoring duplicate uses-permissions/uses-permissions-sdk-m: android.permission.RESTART_PACKAGES in package: com.game.tangguo at: Binary XML file line #21
10-22 19:20:42.740  1418  2039 W PackageParsing: Ignoring duplicate uses-permissions/uses-permissions-sdk-m: android.permission.WRITE_EXTERNAL_STORAGE in package: com.game.tangguo at: Binary XML file line #22
10-22 19:20:42.740  1418  2039 W PackageParsing: Ignoring duplicate uses-permissions/uses-permissions-sdk-m: android.permission.SEND_SMS in package: com.game.tangguo at: Binary XML file line #23
10-22 19:20:42.764  1418  1811 I PackageManager: Integrity check passed for file:///data/app/vmdl1355735465.tmp
10-22 19:20:42.772  1418  1811 W PackageParsing: Ignoring duplicate uses-permissions/uses-permissions-sdk-m: android.permission.CHANGE_NETWORK_STATE in package: com.game.tangguo at: Binary XML file line #15
10-22 19:20:42.772  1418  1811 W PackageParsing: Ignoring duplicate uses-permissions/uses-permissions-sdk-m: android.permission.RECEIVE_SMS in package: com.game.tangguo at: Binary XML file line #16
10-22 19:20:42.772  1418  1811 W PackageParsing: Ignoring duplicate uses-permissions/uses-permissions-sdk-m: android.permission.READ_PHONE_STATE in package: com.game.tangguo at: Binary XML file line #17
10-22 19:20:42.772  1418  1811 W PackageParsing: Ignoring duplicate uses-permissions/uses-permissions-sdk-m: android.permission.CHANGE_WIFI_STATE in package: com.game.tangguo at: Binary XML file line #18
10-22 19:20:42.772  1418  1811 W PackageParsing: Ignoring duplicate uses-permissions/uses-permissions-sdk-m: android.permission.ACCESS_WIFI_STATE in package: com.game.tangguo at: Binary XML file line #19
10-22 19:20:42.772  1418  1811 W PackageParsing: Ignoring duplicate uses-permissions/uses-permissions-sdk-m: android.permission.ACCESS_NETWORK_STATE in package: com.game.tangguo at: Binary XML file line #20
10-22 19:20:42.772  1418  1811 W PackageParsing: Ignoring duplicate uses-permissions/uses-permissions-sdk-m: android.permission.RESTART_PACKAGES in package: com.game.tangguo at: Binary XML file line #21
10-22 19:20:42.772  1418  1811 W PackageParsing: Ignoring duplicate uses-permissions/uses-permissions-sdk-m: android.permission.WRITE_EXTERNAL_STORAGE in package: com.game.tangguo at: Binary XML file line #22
10-22 19:20:42.772  1418  1811 W PackageParsing: Ignoring duplicate uses-permissions/uses-permissions-sdk-m: android.permission.SEND_SMS in package: com.game.tangguo at: Binary XML file line #23
10-22 19:20:42.873  1418  1670 V StorageManagerService: Package null has legacy storage
10-22 19:20:42.969  1418  5487 I ActivityManager: Background started FGS: Allowed [callingPackage: com.google.android.apps.wellbeing; callingUid: 10121; uidState: BTOP; intent: Intent { cmp=com.google.android.apps.wellbeing/com.google.apps.tiktok.concurrent.InternalForegroundService (has extras) }; code:BACKGROUND_ACTIVITY_PERMISSION; tempAllowListReason:<null>; targetSdkVersion:34; callerTargetSdkVersion:34; startForegroundCount:0; bindFromPackage:null]
10-22 19:20:43.041  1418  1811 V BackupManagerService: [UserID:0] restoreAtInstall pkg=com.game.tangguo token=25 restoreSet=0
10-22 19:20:43.041  1418  1811 V BackupManagerService: [UserID:0] Finishing install immediately
10-22 19:20:43.044  1418  1811 D PackageInstallerSession: Marking session 1355735465 as applied
10-22 19:20:43.046  1418  1811 D CompatibilityChangeReporter: Compat change id reported: 168419799; UID 10200; state: DISABLED
10-22 19:20:43.046  1418  1811 D CompatibilityChangeReporter: Compat change id reported: 273564678; UID 10200; state: DISABLED
10-22 19:20:43.053  1418  1418 I Telecom : DefaultDialerCache: Refreshing default dialer for user 0: now com.google.android.dialer: DDC.oR@B2o
10-22 19:20:43.062  1418  1418 V BackupManagerConstants: getFullBackupIntervalMilliseconds(...) returns 86400000
10-22 19:20:43.062  1418  1418 V BackupManagerConstants: getFullBackupRequiredNetworkType(...) returns 2
10-22 19:20:43.062  1418  1418 V BackupManagerConstants: getFullBackupRequireCharging(...) returns true
10-22 19:20:43.070  1418  5484 W BroadcastQueue: Background execution not allowed: receiving Intent { act=android.intent.action.PACKAGE_ADDED dat=package: flg=0x4000010 (has extras) } to com.google.android.packageinstaller/com.android.packageinstaller.PackageInstalledReceiver
10-22 19:20:43.072  1418  1686 W BroadcastQueue: Background execution not allowed: receiving Intent { act=android.intent.action.PACKAGE_ADDED dat=package: flg=0x4000010 (has extras) } to com.android.vending/com.google.android.finsky.packagemonitor.impl.PackageMonitorReceiverImpl$RegisteredReceiver
10-22 19:20:43.072  1418  1686 W BroadcastQueue: Background execution not allowed: receiving Intent { act=android.intent.action.PACKAGE_ADDED dat=package: flg=0x4000010 (has extras) } to com.android.vending/com.google.android.finsky.packagemonitor.backgroundimpl.BackgroundPackageMonitorReceiverImpl$RegisteredReceiver
10-22 19:20:43.072  1418  1686 W BroadcastQueue: Background execution not allowed: receiving Intent { act=android.intent.action.PACKAGE_ADDED dat=package: flg=0x4000010 (has extras) } to com.google.android.gms/.games.chimera.GamesSystemBroadcastReceiverProxy
10-22 19:20:43.072  1418  1686 W BroadcastQueue: Background execution not allowed: receiving Intent { act=android.intent.action.PACKAGE_ADDED dat=package: flg=0x4000010 (has extras) } to com.google.android.gms/.gass.chimera.PackageChangeBroadcastReceiver
10-22 19:20:43.073  1418  1686 W BroadcastQueue: Background execution not allowed: receiving Intent { act=android.intent.action.PACKAGE_ADDED dat=package: flg=0x4000010 (has extras) } to com.google.android.gms/.chimera.GmsIntentOperationService$PersistentTrustedReceiver
10-22 19:20:43.086  1418  2007 D CompatibilityChangeReporter: Compat change id reported: 218533173; UID 10200; state: DISABLED
10-22 19:20:43.087  1418  1418 I Telecom : DefaultDialerCache: Refreshing default dialer for user 0: now com.google.android.dialer: DDC.oR@B2s
10-22 19:20:43.090  1418  1684 W WindowMagnificationMgr: requestConnection duplicated request: connect=false, mConnectionState=DISCONNECTED
10-22 19:20:43.097  1418  1806 E VerityUtils: Failed to measure fs-verity, errno 1: /data/app/~~4gRa6UoUUmoXzU7cFPBuww==/com.game.tangguo-zoPdVlRAiH6LUXfyt6WAVg==/base.apk
10-22 19:20:43.112  1418  3209 D CompatibilityChangeReporter: Compat change id reported: 161252188; UID 10200; state: DISABLED
10-22 19:20:43.152  1418  1684 W PackageManager: Failed registering loading progress callback. Package is fully loaded.
10-22 19:20:43.158  1418  1684 W WindowMagnificationMgr: requestConnection duplicated request: connect=false, mConnectionState=DISCONNECTED
10-22 19:20:43.173  1418  4164 W BackupTransportManager: Package com.game.tangguo enabled setting: 0
10-22 19:20:43.304  1418  1811 E PackageManager: ERROR: could not load root hash from incremental install
10-22 19:20:43.315  1418  1811 I PackageManager: Integrity check passed for file:///data/app/vmdl1006319257.tmp
10-22 19:20:43.410  1418  1670 V StorageManagerService: Package null has legacy storage
10-22 19:20:43.615  1418  5484 I ActivityManager: Background started FGS: Allowed [callingPackage: com.google.android.apps.wellbeing; callingUid: 10121; uidState: BTOP; intent: Intent { cmp=com.google.android.apps.wellbeing/com.google.apps.tiktok.concurrent.InternalForegroundService (has extras) }; code:BACKGROUND_ACTIVITY_PERMISSION; tempAllowListReason:<null>; targetSdkVersion:34; callerTargetSdkVersion:34; startForegroundCount:0; bindFromPackage:null]
10-22 19:20:43.631  1418  1811 V BackupManagerService: [UserID:0] restoreAtInstall pkg=test.root0911 token=26 restoreSet=0
10-22 19:20:43.632  1418  1811 V BackupManagerService: [UserID:0] Finishing install immediately
10-22 19:20:43.634  1418  1811 D PackageInstallerSession: Marking session 1006319257 as applied
10-22 19:20:43.639  1418  1811 D CompatibilityChangeReporter: Compat change id reported: 168419799; UID 10201; state: DISABLED
10-22 19:20:43.639  1418  1811 D CompatibilityChangeReporter: Compat change id reported: 273564678; UID 10201; state: DISABLED
10-22 19:20:43.643  1418  6957 W BroadcastQueue: Background execution not allowed: receiving Intent { act=android.intent.action.PACKAGE_ADDED dat=package: flg=0x4000010 (has extras) } to com.google.android.packageinstaller/com.android.packageinstaller.PackageInstalledReceiver
10-22 19:20:43.647  1418  1418 I Telecom : DefaultDialerCache: Refreshing default dialer for user 0: now com.google.android.dialer: DDC.oR@B24
10-22 19:20:43.649  1418  1686 W BroadcastQueue: Background execution not allowed: receiving Intent { act=android.intent.action.PACKAGE_ADDED dat=package: flg=0x4000010 (has extras) } to com.android.vending/com.google.android.finsky.packagemonitor.impl.PackageMonitorReceiverImpl$RegisteredReceiver
10-22 19:20:43.650  1418  1686 W BroadcastQueue: Background execution not allowed: receiving Intent { act=android.intent.action.PACKAGE_ADDED dat=package: flg=0x4000010 (has extras) } to com.android.vending/com.google.android.finsky.packagemonitor.backgroundimpl.BackgroundPackageMonitorReceiverImpl$RegisteredReceiver
10-22 19:20:43.650  1418  1686 W BroadcastQueue: Background execution not allowed: receiving Intent { act=android.intent.action.PACKAGE_ADDED dat=package: flg=0x4000010 (has extras) } to com.google.android.gms/.games.chimera.GamesSystemBroadcastReceiverProxy
10-22 19:20:43.650  1418  1686 W BroadcastQueue: Background execution not allowed: receiving Intent { act=android.intent.action.PACKAGE_ADDED dat=package: flg=0x4000010 (has extras) } to com.google.android.gms/.gass.chimera.PackageChangeBroadcastReceiver
10-22 19:20:43.651  1418  1686 W BroadcastQueue: Background execution not allowed: receiving Intent { act=android.intent.action.PACKAGE_ADDED dat=package: flg=0x4000010 (has extras) } to com.google.android.gms/.chimera.GmsIntentOperationService$PersistentTrustedReceiver
10-22 19:20:43.653  1418  1418 V BackupManagerConstants: getFullBackupIntervalMilliseconds(...) returns 86400000
10-22 19:20:43.653  1418  1418 V BackupManagerConstants: getFullBackupRequiredNetworkType(...) returns 2
10-22 19:20:43.654  1418  1418 V BackupManagerConstants: getFullBackupRequireCharging(...) returns true
10-22 19:20:43.667  1418  1806 E VerityUtils: Failed to measure fs-verity, errno 1: /data/app/~~SOHgnqrL02N6TSTzg5KPrg==/test.root0911-wYPOmkJiAr2j6wlepIGJaA==/base.apk
10-22 19:20:43.684  1418  1684 W WindowMagnificationMgr: requestConnection duplicated request: connect=false, mConnectionState=DISCONNECTED
10-22 19:20:43.685  1418  5487 D CompatibilityChangeReporter: Compat change id reported: 161252188; UID 10201; state: DISABLED
10-22 19:20:43.721  1418  2007 D CompatibilityChangeReporter: Compat change id reported: 218533173; UID 10201; state: DISABLED
10-22 19:20:43.728  1418  1418 I Telecom : DefaultDialerCache: Refreshing default dialer for user 0: now com.google.android.dialer: DDC.oR@B28
10-22 19:20:43.732  1418  4164 W BackupTransportManager: Package test.root0911 enabled setting: 0
10-22 19:20:43.755  1418  1684 W PackageManager: Failed registering loading progress callback. Package is fully loaded.
10-22 19:20:43.760  1418  1684 W WindowMagnificationMgr: requestConnection duplicated request: connect=false, mConnectionState=DISCONNECTED
10-22 19:20:43.795  1418  1811 E PackageManager: ERROR: could not load root hash from incremental install
10-22 19:20:43.804  1418  1811 I PackageManager: Integrity check passed for file:///data/app/vmdl1620449010.tmp
10-22 19:20:43.819  1418  1418 I NotificationService: Cannot find enqueued record for key: 0|com.google.android.apps.wellbeing|174344743|null|10121
10-22 19:20:43.942  1418  1670 V StorageManagerService: Package null has legacy storage
10-22 19:20:43.948  1418  1811 V BackupManagerService: [UserID:0] restoreAtInstall pkg=com.ck.services token=27 restoreSet=0
10-22 19:20:43.949  1418  1811 V BackupManagerService: [UserID:0] Finishing install immediately
10-22 19:20:43.950  1418  1811 D PackageInstallerSession: Marking session 1620449010 as applied
10-22 19:20:43.956  1418  1811 D CompatibilityChangeReporter: Compat change id reported: 168419799; UID 10202; state: DISABLED
10-22 19:20:43.956  1418  1811 D CompatibilityChangeReporter: Compat change id reported: 273564678; UID 10202; state: DISABLED
10-22 19:20:43.961  1418  9235 W BroadcastQueue: Background execution not allowed: receiving Intent { act=android.intent.action.PACKAGE_ADDED dat=package: flg=0x4000010 (has extras) } to com.google.android.packageinstaller/com.android.packageinstaller.PackageInstalledReceiver
10-22 19:20:43.968  1418  1418 I Telecom : DefaultDialerCache: Refreshing default dialer for user 0: now com.google.android.dialer: DDC.oR@B3Q
10-22 19:20:43.972  1418  1418 V BackupManagerConstants: getFullBackupIntervalMilliseconds(...) returns 86400000
10-22 19:20:43.972  1418  1418 V BackupManagerConstants: getFullBackupRequiredNetworkType(...) returns 2
10-22 19:20:43.973  1418  1418 V BackupManagerConstants: getFullBackupRequireCharging(...) returns true
10-22 19:20:43.974  1418  1684 W WindowMagnificationMgr: requestConnection duplicated request: connect=false, mConnectionState=DISCONNECTED
10-22 19:20:43.981  1418  1686 W BroadcastQueue: Background execution not allowed: receiving Intent { act=android.intent.action.PACKAGE_ADDED dat=package: flg=0x4000010 (has extras) } to com.android.vending/com.google.android.finsky.packagemonitor.impl.PackageMonitorReceiverImpl$RegisteredReceiver
10-22 19:20:43.981  1418  1686 W BroadcastQueue: Background execution not allowed: receiving Intent { act=android.intent.action.PACKAGE_ADDED dat=package: flg=0x4000010 (has extras) } to com.android.vending/com.google.android.finsky.packagemonitor.backgroundimpl.BackgroundPackageMonitorReceiverImpl$RegisteredReceiver
10-22 19:20:43.981  1418  1686 W BroadcastQueue: Background execution not allowed: receiving Intent { act=android.intent.action.PACKAGE_ADDED dat=package: flg=0x4000010 (has extras) } to com.google.android.gms/.games.chimera.GamesSystemBroadcastReceiverProxy
10-22 19:20:43.981  1418  1686 W BroadcastQueue: Background execution not allowed: receiving Intent { act=android.intent.action.PACKAGE_ADDED dat=package: flg=0x4000010 (has extras) } to com.google.android.gms/.gass.chimera.PackageChangeBroadcastReceiver
10-22 19:20:43.981  1418  1686 W BroadcastQueue: Background execution not allowed: receiving Intent { act=android.intent.action.PACKAGE_ADDED dat=package: flg=0x4000010 (has extras) } to com.google.android.gms/.chimera.GmsIntentOperationService$PersistentTrustedReceiver
10-22 19:20:44.019  1418  2007 D CompatibilityChangeReporter: Compat change id reported: 218533173; UID 10202; state: DISABLED
10-22 19:20:44.027  1418  1418 I Telecom : DefaultDialerCache: Refreshing default dialer for user 0: now com.google.android.dialer: DDC.oR@B3c
10-22 19:20:44.029  1418  4164 W BackupTransportManager: Package com.ck.services enabled setting: 0
10-22 19:20:44.039  1418  1811 E PackageManager: ERROR: could not load root hash from incremental install
10-22 19:20:44.048  1418  2039 W PackageParsing: No actions in intent-filter at /data/app/vmdl1120250355.tmp/base.apk Binary XML file line #56
10-22 19:20:44.051  1418  1806 E VerityUtils: Failed to measure fs-verity, errno 1: /data/app/~~VQN2xJdVu_BNVqPrVYH5_Q==/com.ck.services-4dQ87p9uJxE2KUH6iUKQog==/base.apk
10-22 19:20:44.053  1418  1684 W PackageManager: Failed registering loading progress callback. Package is fully loaded.
10-22 19:20:44.062  1418  1684 W WindowMagnificationMgr: requestConnection duplicated request: connect=false, mConnectionState=DISCONNECTED
10-22 19:20:44.074  1418  1811 I PackageManager: Integrity check passed for file:///data/app/vmdl1120250355.tmp
10-22 19:20:44.121  1418  1811 W PackageParsing: No actions in intent-filter at /data/app/vmdl1120250355.tmp/base.apk Binary XML file line #56
10-22 19:20:44.206  1418  1670 W Looper  : Slow delivery took 217ms android.fg h=android.os.Handler c=com.android.server.power.hint.HintManagerService$UidObserver$$ExternalSyntheticLambda1@ed6408 m=0
10-22 19:20:44.238  1418  1670 V StorageManagerService: Package null has legacy storage
10-22 19:20:44.239  1418  1670 W Looper  : Drained
10-22 19:20:44.398  1418  1811 V BackupManagerService: [UserID:0] restoreAtInstall pkg=com.google.service token=28 restoreSet=0
10-22 19:20:44.398  1418  1811 V BackupManagerService: [UserID:0] Finishing install immediately
10-22 19:20:44.400  1418  1811 D PackageInstallerSession: Marking session 1120250355 as applied
10-22 19:20:44.405  1418  1811 D CompatibilityChangeReporter: Compat change id reported: 168419799; UID 10203; state: DISABLED
10-22 19:20:44.406  1418  1811 D CompatibilityChangeReporter: Compat change id reported: 273564678; UID 10203; state: DISABLED
10-22 19:20:44.413  1418  1418 I Telecom : DefaultDialerCache: Refreshing default dialer for user 0: now com.google.android.dialer: DDC.oR@B3g
10-22 19:20:44.416  1418  1684 W WindowMagnificationMgr: requestConnection duplicated request: connect=false, mConnectionState=DISCONNECTED
10-22 19:20:44.420  1418  9100 W BroadcastQueue: Background execution not allowed: receiving Intent { act=android.intent.action.PACKAGE_ADDED dat=package: flg=0x4000010 (has extras) } to com.google.android.packageinstaller/com.android.packageinstaller.PackageInstalledReceiver
10-22 19:20:44.422  1418  1686 W BroadcastQueue: Background execution not allowed: receiving Intent { act=android.intent.action.PACKAGE_ADDED dat=package: flg=0x4000010 (has extras) } to com.android.vending/com.google.android.finsky.packagemonitor.impl.PackageMonitorReceiverImpl$RegisteredReceiver
10-22 19:20:44.422  1418  1686 W BroadcastQueue: Background execution not allowed: receiving Intent { act=android.intent.action.PACKAGE_ADDED dat=package: flg=0x4000010 (has extras) } to com.android.vending/com.google.android.finsky.packagemonitor.backgroundimpl.BackgroundPackageMonitorReceiverImpl$RegisteredReceiver
10-22 19:20:44.422  1418  1686 W BroadcastQueue: Background execution not allowed: receiving Intent { act=android.intent.action.PACKAGE_ADDED dat=package: flg=0x4000010 (has extras) } to com.google.android.gms/.games.chimera.GamesSystemBroadcastReceiverProxy
10-22 19:20:44.422  1418  1686 W BroadcastQueue: Background execution not allowed: receiving Intent { act=android.intent.action.PACKAGE_ADDED dat=package: flg=0x4000010 (has extras) } to com.google.android.gms/.gass.chimera.PackageChangeBroadcastReceiver
10-22 19:20:44.422  1418  1686 W BroadcastQueue: Background execution not allowed: receiving Intent { act=android.intent.action.PACKAGE_ADDED dat=package: flg=0x4000010 (has extras) } to com.google.android.gms/.chimera.GmsIntentOperationService$PersistentTrustedReceiver
10-22 19:20:44.443  1418  1806 E VerityUtils: Failed to measure fs-verity, errno 1: /data/app/~~M3ZYiQFyeNjuQHHJVCjrjQ==/com.google.service-OtD8hKZZoTLawrpXL4CPlg==/base.apk
10-22 19:20:44.445  1418  1684 W PackageManager: Failed registering loading progress callback. Package is fully loaded.
10-22 19:20:44.447  1418  1979 D CompatibilityChangeReporter: Compat change id reported: 161252188; UID 10203; state: DISABLED
10-22 19:20:44.498  1418  1811 E PackageManager: ERROR: could not load root hash from incremental install
10-22 19:20:44.501  1418  2007 D CompatibilityChangeReporter: Compat change id reported: 218533173; UID 10203; state: DISABLED
10-22 19:20:44.507  1418  1418 I Telecom : DefaultDialerCache: Refreshing default dialer for user 0: now com.google.android.dialer: DDC.oR@B3s
10-22 19:20:44.512  1418  4164 W BackupTransportManager: Package com.google.service enabled setting: 0
10-22 19:20:44.535  1418  1684 W WindowMagnificationMgr: requestConnection duplicated request: connect=false, mConnectionState=DISCONNECTED
10-22 19:20:44.558  1418  1811 I PackageManager: Integrity check passed for file:///data/app/vmdl882660513.tmp
10-22 19:20:44.815  1418  1811 V BackupManagerService: [UserID:0] restoreAtInstall pkg=com.android.buyer token=29 restoreSet=0
10-22 19:20:44.815  1418  1811 V BackupManagerService: [UserID:0] Finishing install immediately
10-22 19:20:44.817  1418  1811 D PackageInstallerSession: Marking session 882660513 as applied
10-22 19:20:44.825  1418  1811 D CompatibilityChangeReporter: Compat change id reported: 168419799; UID 10204; state: DISABLED
10-22 19:20:44.825  1418  1811 D CompatibilityChangeReporter: Compat change id reported: 273564678; UID 10204; state: DISABLED
10-22 19:20:44.834  1418  1418 I Telecom : DefaultDialerCache: Refreshing default dialer for user 0: now com.google.android.dialer: DDC.oR@B3w
10-22 19:20:44.837  1418  1418 V BackupManagerConstants: getFullBackupIntervalMilliseconds(...) returns 86400000
10-22 19:20:44.837  1418  1418 V BackupManagerConstants: getFullBackupRequiredNetworkType(...) returns 2
10-22 19:20:44.837  1418  1418 V BackupManagerConstants: getFullBackupRequireCharging(...) returns true
10-22 19:20:44.842  1418  1980 W BroadcastQueue: Background execution not allowed: receiving Intent { act=android.intent.action.PACKAGE_ADDED dat=package: flg=0x4000010 (has extras) } to com.google.android.packageinstaller/com.android.packageinstaller.PackageInstalledReceiver
10-22 19:20:44.843  1418  1686 W BroadcastQueue: Background execution not allowed: receiving Intent { act=android.intent.action.PACKAGE_ADDED dat=package: flg=0x4000010 (has extras) } to com.android.vending/com.google.android.finsky.packagemonitor.impl.PackageMonitorReceiverImpl$RegisteredReceiver
10-22 19:20:44.843  1418  1686 W BroadcastQueue: Background execution not allowed: receiving Intent { act=android.intent.action.PACKAGE_ADDED dat=package: flg=0x4000010 (has extras) } to com.android.vending/com.google.android.finsky.packagemonitor.backgroundimpl.BackgroundPackageMonitorReceiverImpl$RegisteredReceiver
10-22 19:20:44.844  1418  1686 W BroadcastQueue: Background execution not allowed: receiving Intent { act=android.intent.action.PACKAGE_ADDED dat=package: flg=0x4000010 (has extras) } to com.google.android.gms/.games.chimera.GamesSystemBroadcastReceiverProxy
10-22 19:20:44.844  1418  1686 W BroadcastQueue: Background execution not allowed: receiving Intent { act=android.intent.action.PACKAGE_ADDED dat=package: flg=0x4000010 (has extras) } to com.google.android.gms/.gass.chimera.PackageChangeBroadcastReceiver
10-22 19:20:44.844  1418  1686 W BroadcastQueue: Background execution not allowed: receiving Intent { act=android.intent.action.PACKAGE_ADDED dat=package: flg=0x4000010 (has extras) } to com.google.android.gms/.chimera.GmsIntentOperationService$PersistentTrustedReceiver
10-22 19:20:44.852  1418  1806 E VerityUtils: Failed to measure fs-verity, errno 1: /data/app/~~DslqikiPOpveAoTbbFHf6w==/com.android.buyer-qsZfIMFeT3fPoEKOA0uz_w==/base.apk
10-22 19:20:44.859  1418  1684 W WindowMagnificationMgr: requestConnection duplicated request: connect=false, mConnectionState=DISCONNECTED
10-22 19:20:44.860  1418  2007 D CompatibilityChangeReporter: Compat change id reported: 218533173; UID 10204; state: DISABLED
10-22 19:20:44.862  1418  1418 I Telecom : DefaultDialerCache: Refreshing default dialer for user 0: now com.google.android.dialer: DDC.oR@B30
10-22 19:20:44.912  1418  4231 D CompatibilityChangeReporter: Compat change id reported: 161252188; UID 10204; state: DISABLED
10-22 19:20:44.924  1418  4164 W BackupTransportManager: Package com.android.buyer enabled setting: 0
10-22 19:20:44.935  1418  1684 W PackageManager: Failed registering loading progress callback. Package is fully loaded.
10-22 19:20:44.944  1418  1684 W WindowMagnificationMgr: requestConnection duplicated request: connect=false, mConnectionState=DISCONNECTED
10-22 19:20:45.022  1418  1811 E PackageManager: ERROR: could not load root hash from incremental install
10-22 19:20:45.027  1418  2039 W PackageParsing: No actions in intent-filter at /data/app/vmdl1799004358.tmp/base.apk Binary XML file line #9
10-22 19:20:45.043  1418  1811 I PackageManager: Integrity check passed for file:///data/app/vmdl1799004358.tmp
10-22 19:20:45.054  1418  1811 W PackageParsing: No actions in intent-filter at /data/app/vmdl1799004358.tmp/base.apk Binary XML file line #9
10-22 19:20:45.111  1418  1670 V StorageManagerService: Package null has legacy storage
10-22 19:20:45.248  1418  1811 V BackupManagerService: [UserID:0] restoreAtInstall pkg=cgf.rqemaoif.cwgc3_hbtprvd_hjb token=2a restoreSet=0
10-22 19:20:45.249  1418  1811 V BackupManagerService: [UserID:0] Finishing install immediately
10-22 19:20:45.251  1418  1811 D PackageInstallerSession: Marking session 1799004358 as applied
10-22 19:20:45.257  1418  1811 D CompatibilityChangeReporter: Compat change id reported: 168419799; UID 10205; state: DISABLED
10-22 19:20:45.257  1418  1811 D CompatibilityChangeReporter: Compat change id reported: 273564678; UID 10205; state: DISABLED
10-22 19:20:45.268  1418  1686 W BroadcastQueue: u0 Receiving a broadcast in packagecom.android.buyer requires a permissions review
10-22 19:20:45.268  1418  1686 W BroadcastQueue: Skipping delivery: permission review required for Intent { act=android.intent.action.PACKAGE_ADDED dat=package: flg=0x4000010 (has extras) } from null (pid=1418, uid=1000) to com.android.buyer/.mRve
10-22 19:20:45.268  1418  1686 W BroadcastQueue: Background execution not allowed: receiving Intent { act=android.intent.action.PACKAGE_ADDED dat=package: flg=0x4000010 (has extras) } to com.google.android.packageinstaller/com.android.packageinstaller.PackageInstalledReceiver
10-22 19:20:45.268  1418  1686 W BroadcastQueue: Background execution not allowed: receiving Intent { act=android.intent.action.PACKAGE_ADDED dat=package: flg=0x4000010 (has extras) } to com.android.vending/com.google.android.finsky.packagemonitor.impl.PackageMonitorReceiverImpl$RegisteredReceiver
10-22 19:20:45.268  1418  1686 W BroadcastQueue: Background execution not allowed: receiving Intent { act=android.intent.action.PACKAGE_ADDED dat=package: flg=0x4000010 (has extras) } to com.android.vending/com.google.android.finsky.packagemonitor.backgroundimpl.BackgroundPackageMonitorReceiverImpl$RegisteredReceiver
10-22 19:20:45.268  1418  1686 W BroadcastQueue: Background execution not allowed: receiving Intent { act=android.intent.action.PACKAGE_ADDED dat=package: flg=0x4000010 (has extras) } to com.google.android.gms/.games.chimera.GamesSystemBroadcastReceiverProxy
10-22 19:20:45.268  1418  1686 W BroadcastQueue: Background execution not allowed: receiving Intent { act=android.intent.action.PACKAGE_ADDED dat=package: flg=0x4000010 (has extras) } to com.google.android.gms/.gass.chimera.PackageChangeBroadcastReceiver
10-22 19:20:45.268  1418  1686 W BroadcastQueue: Background execution not allowed: receiving Intent { act=android.intent.action.PACKAGE_ADDED dat=package: flg=0x4000010 (has extras) } to com.google.android.gms/.chimera.GmsIntentOperationService$PersistentTrustedReceiver
10-22 19:20:45.270  1418  1418 I Telecom : DefaultDialerCache: Refreshing default dialer for user 0: now com.google.android.dialer: DDC.oR@B4A
10-22 19:20:45.272  1418  1418 V BackupManagerConstants: getFullBackupIntervalMilliseconds(...) returns 86400000
10-22 19:20:45.272  1418  1418 V BackupManagerConstants: getFullBackupRequiredNetworkType(...) returns 2
10-22 19:20:45.272  1418  1418 V BackupManagerConstants: getFullBackupRequireCharging(...) returns true
10-22 19:20:45.274  1418  2007 D CompatibilityChangeReporter: Compat change id reported: 218533173; UID 10205; state: DISABLED
10-22 19:20:45.276  1418  1684 W WindowMagnificationMgr: requestConnection duplicated request: connect=false, mConnectionState=DISCONNECTED
10-22 19:20:45.293  1418  1806 E VerityUtils: Failed to measure fs-verity, errno 1: /data/app/~~LX-LeqMD4otfwKcs0NMY4w==/cgf.rqemaoif.cwgc3_hbtprvd_hjb-qDvdcx5MnAWZKXtv2ZsZnQ==/base.apk
10-22 19:20:45.295  1418  1418 I Telecom : DefaultDialerCache: Refreshing default dialer for user 0: now com.google.android.dialer: DDC.oR@B4E
10-22 19:20:45.308  1418  4164 W BackupTransportManager: Package cgf.rqemaoif.cwgc3_hbtprvd_hjb enabled setting: 0
10-22 19:20:45.323  1418  5484 D CompatibilityChangeReporter: Compat change id reported: 161252188; UID 10205; state: DISABLED
10-22 19:20:45.325  1418  1684 W PackageManager: Failed registering loading progress callback. Package is fully loaded.
10-22 19:20:45.330  1418  1684 W WindowMagnificationMgr: requestConnection duplicated request: connect=false, mConnectionState=DISCONNECTED
10-22 19:20:45.424  1418  1811 E PackageManager: ERROR: could not load root hash from incremental install
10-22 19:20:45.447  1418  1811 I PackageManager: Integrity check passed for file:///data/app/vmdl13492388.tmp
10-22 19:20:45.585  1418  1670 V StorageManagerService: Package null has legacy storage
10-22 19:20:45.649  1418  5484 I ActivityManager: Background started FGS: Allowed [callingPackage: com.google.android.apps.wellbeing; callingUid: 10121; uidState: BTOP; intent: Intent { cmp=com.google.android.apps.wellbeing/com.google.apps.tiktok.concurrent.InternalForegroundService (has extras) }; code:BACKGROUND_ACTIVITY_PERMISSION; tempAllowListReason:<null>; targetSdkVersion:34; callerTargetSdkVersion:34; startForegroundCount:0; bindFromPackage:null]
10-22 19:20:45.727  1418  1811 V BackupManagerService: [UserID:0] restoreAtInstall pkg=com.talkweb.ycya.free token=2b restoreSet=0
10-22 19:20:45.727  1418  1811 V BackupManagerService: [UserID:0] Finishing install immediately
10-22 19:20:45.731  1418  1811 D PackageInstallerSession: Marking session 13492388 as applied
10-22 19:20:45.737  1418  1811 D CompatibilityChangeReporter: Compat change id reported: 168419799; UID 10206; state: DISABLED
10-22 19:20:45.738  1418  1811 D CompatibilityChangeReporter: Compat change id reported: 273564678; UID 10206; state: DISABLED
10-22 19:20:45.748  1418  1686 W BroadcastQueue: u0 Receiving a broadcast in packagecom.android.buyer requires a permissions review
10-22 19:20:45.749  1418  1686 W BroadcastQueue: Skipping delivery: permission review required for Intent { act=android.intent.action.PACKAGE_ADDED dat=package: flg=0x4000010 (has extras) } from null (pid=1418, uid=1000) to com.android.buyer/.mRve
10-22 19:20:45.749  1418  1686 W BroadcastQueue: Background execution not allowed: receiving Intent { act=android.intent.action.PACKAGE_ADDED dat=package: flg=0x4000010 (has extras) } to com.google.android.packageinstaller/com.android.packageinstaller.PackageInstalledReceiver
10-22 19:20:45.749  1418  1686 W BroadcastQueue: Background execution not allowed: receiving Intent { act=android.intent.action.PACKAGE_ADDED dat=package: flg=0x4000010 (has extras) } to com.android.vending/com.google.android.finsky.packagemonitor.impl.PackageMonitorReceiverImpl$RegisteredReceiver
10-22 19:20:45.749  1418  1686 W BroadcastQueue: Background execution not allowed: receiving Intent { act=android.intent.action.PACKAGE_ADDED dat=package: flg=0x4000010 (has extras) } to com.android.vending/com.google.android.finsky.packagemonitor.backgroundimpl.BackgroundPackageMonitorReceiverImpl$RegisteredReceiver
10-22 19:20:45.749  1418  1686 W BroadcastQueue: Background execution not allowed: receiving Intent { act=android.intent.action.PACKAGE_ADDED dat=package: flg=0x4000010 (has extras) } to com.google.android.gms/.games.chimera.GamesSystemBroadcastReceiverProxy
10-22 19:20:45.752  1418  1686 W BroadcastQueue: Background execution not allowed: receiving Intent { act=android.intent.action.PACKAGE_ADDED dat=package: flg=0x4000010 (has extras) } to com.google.android.gms/.gass.chimera.PackageChangeBroadcastReceiver
10-22 19:20:45.752  1418  1686 W BroadcastQueue: Background execution not allowed: receiving Intent { act=android.intent.action.PACKAGE_ADDED dat=package: flg=0x4000010 (has extras) } to com.google.android.gms/.chimera.GmsIntentOperationService$PersistentTrustedReceiver
10-22 19:20:45.771  1418  1684 W WindowMagnificationMgr: requestConnection duplicated request: connect=false, mConnectionState=DISCONNECTED
10-22 19:20:45.776  1418  1418 I Telecom : DefaultDialerCache: Refreshing default dialer for user 0: now com.google.android.dialer: DDC.oR@B4Q
10-22 19:20:45.779  1418  1418 V BackupManagerConstants: getFullBackupIntervalMilliseconds(...) returns 86400000
10-22 19:20:45.779  1418  1418 V BackupManagerConstants: getFullBackupRequiredNetworkType(...) returns 2
10-22 19:20:45.779  1418  1418 V BackupManagerConstants: getFullBackupRequireCharging(...) returns true
10-22 19:20:45.799  1418  1806 E VerityUtils: Failed to measure fs-verity, errno 1: /data/app/~~6hielCg1RhW0dOfxISvuOw==/com.talkweb.ycya.free-IOetia28iG1HGFbIWrZ38g==/base.apk
10-22 19:20:45.814  1418  2007 D CompatibilityChangeReporter: Compat change id reported: 218533173; UID 10206; state: DISABLED
10-22 19:20:45.817  1418  8904 D CompatibilityChangeReporter: Compat change id reported: 161252188; UID 10206; state: DISABLED
10-22 19:20:45.822  1418  1418 I Telecom : DefaultDialerCache: Refreshing default dialer for user 0: now com.google.android.dialer: DDC.oR@B4U
10-22 19:20:45.830  1418  4164 W BackupTransportManager: Package com.talkweb.ycya.free enabled setting: 0
10-22 19:20:45.836  1418  1684 W PackageManager: Failed registering loading progress callback. Package is fully loaded.
10-22 19:20:45.842  1418  1684 W WindowMagnificationMgr: requestConnection duplicated request: connect=false, mConnectionState=DISCONNECTED
10-22 19:20:45.855  1418  1418 I NotificationService: Cannot find enqueued record for key: 0|com.google.android.apps.wellbeing|174344743|null|10121
10-22 19:20:45.897  1418  1811 E PackageManager: ERROR: could not load root hash from incremental install
10-22 19:20:45.932  1418  1811 I PackageManager: Integrity check passed for file:///data/app/vmdl569383299.tmp
10-22 19:20:46.085  1418  1670 V StorageManagerService: Package null has legacy storage
10-22 19:20:46.225  1418  1811 V BackupManagerService: [UserID:0] restoreAtInstall pkg=com.keji.danti420 token=2c restoreSet=0
10-22 19:20:46.225  1418  1811 V BackupManagerService: [UserID:0] Finishing install immediately
10-22 19:20:46.231  1418  1811 D PackageInstallerSession: Marking session 569383299 as applied
10-22 19:20:46.235  1418  5487 I ActivityManager: Background started FGS: Allowed [callingPackage: com.google.android.apps.wellbeing; callingUid: 10121; uidState: BTOP; intent: Intent { cmp=com.google.android.apps.wellbeing/com.google.apps.tiktok.concurrent.InternalForegroundService (has extras) }; code:BACKGROUND_ACTIVITY_PERMISSION; tempAllowListReason:<null>; targetSdkVersion:34; callerTargetSdkVersion:34; startForegroundCount:0; bindFromPackage:null]
10-22 19:20:46.237  1418  1811 D CompatibilityChangeReporter: Compat change id reported: 168419799; UID 10207; state: DISABLED
10-22 19:20:46.237  1418  1811 D CompatibilityChangeReporter: Compat change id reported: 273564678; UID 10207; state: DISABLED
10-22 19:20:46.241  1418  1418 I Telecom : DefaultDialerCache: Refreshing default dialer for user 0: now com.google.android.dialer: DDC.oR@B4o
10-22 19:20:46.246  1418  1418 V BackupManagerConstants: getFullBackupIntervalMilliseconds(...) returns 86400000
10-22 19:20:46.246  1418  1418 V BackupManagerConstants: getFullBackupRequiredNetworkType(...) returns 2
