10-25 01:01:05.072  1482  1831 V BackupManagerService: [UserID:0] restoreAtInstall pkg=com.safesys.viruskiller token=1a restoreSet=0
10-25 01:01:05.072  1482  1831 V BackupManagerService: [UserID:0] Finishing install immediately
10-25 01:01:05.073  1482  1831 D PackageInstallerSession: Marking session 386295836 as applied
10-25 01:01:05.076  1482  1831 D CompatibilityChangeReporter: Compat change id reported: 168419799; UID 10216; state: DISABLED
10-25 01:01:05.076  1482  1831 D CompatibilityChangeReporter: Compat change id reported: 273564678; UID 10216; state: DISABLED
10-25 01:01:05.080  1482  2921 D CompatibilityChangeReporter: Compat change id reported: 218533173; UID 10216; state: DISABLED
10-25 01:01:05.092  1482  1482 I Telecom : DefaultDialerCache: Refreshing default dialer for user 0: now com.google.android.dialer: DDC.oR@AyA
10-25 01:01:05.095  1482  1482 V BackupManagerConstants: getFullBackupIntervalMilliseconds(...) returns 86400000
10-25 01:01:05.095  1482  1482 V BackupManagerConstants: getFullBackupRequiredNetworkType(...) returns 2
10-25 01:01:05.095  1482  1482 V BackupManagerConstants: getFullBackupRequireCharging(...) returns true
10-25 01:01:05.100  1482  3211 W AppOps  : setUidMode() called with a mode inconsistent with runtime permission state, this is discouraged and you should revoke the runtime permission instead: uid=10123, switchCode=1, mode=4, permission=android.permission.ACCESS_BACKGROUND_LOCATION
10-25 01:01:05.104  1482  5596 W AppOps  : setUidMode() called with a mode inconsistent with runtime permission state, this is discouraged and you should revoke the runtime permission instead: uid=10123, switchCode=0, mode=4, permission=android.permission.ACCESS_BACKGROUND_LOCATION
10-25 01:01:05.117  1482  1718 W WindowMagnificationMgr: requestConnection duplicated request: connect=false, mConnectionState=DISCONNECTED
10-25 01:01:05.123  1482  1982 W BroadcastQueue: u0 Receiving a broadcast in packagecom.android.buyer requires a permissions review
10-25 01:01:05.123  1482  1982 W BroadcastQueue: Skipping delivery: permission review required for Intent { act=android.intent.action.PACKAGE_ADDED dat=package: flg=0x4000010 (has extras) } from null (pid=1482, uid=1000) to com.android.buyer/.mRve
10-25 01:01:05.123  1482  1719 W BroadcastQueue: Background execution not allowed: receiving Intent { act=android.intent.action.PACKAGE_ADDED dat=package: flg=0x4000010 (has extras) } to com.google.android.packageinstaller/com.android.packageinstaller.PackageInstalledReceiver
10-25 01:01:05.123  1482  1719 W BroadcastQueue: Background execution not allowed: receiving Intent { act=android.intent.action.PACKAGE_ADDED dat=package: flg=0x4000010 (has extras) } to com.android.vending/com.google.android.finsky.packagemonitor.impl.PackageMonitorReceiverImpl$RegisteredReceiver
10-25 01:01:05.123  1482  1719 W BroadcastQueue: Background execution not allowed: receiving Intent { act=android.intent.action.PACKAGE_ADDED dat=package: flg=0x4000010 (has extras) } to com.android.vending/com.google.android.finsky.packagemonitor.backgroundimpl.BackgroundPackageMonitorReceiverImpl$RegisteredReceiver
10-25 01:01:05.123  1482  1719 W BroadcastQueue: Background execution not allowed: receiving Intent { act=android.intent.action.PACKAGE_ADDED dat=package: flg=0x4000010 (has extras) } to com.google.android.gms/.games.chimera.GamesSystemBroadcastReceiverProxy
10-25 01:01:05.123  1482  1719 W BroadcastQueue: Background execution not allowed: receiving Intent { act=android.intent.action.PACKAGE_ADDED dat=package: flg=0x4000010 (has extras) } to com.google.android.gms/.gass.chimera.PackageChangeBroadcastReceiver
10-25 01:01:05.123  1482  1719 W BroadcastQueue: Background execution not allowed: receiving Intent { act=android.intent.action.PACKAGE_ADDED dat=package: flg=0x4000010 (has extras) } to com.google.android.gms/.chimera.GmsIntentOperationService$PersistentTrustedReceiver
10-25 01:01:05.124  1482  1719 W BroadcastQueue: Background execution not allowed: receiving Intent { act=android.intent.action.PACKAGE_ADDED dat=package: flg=0x4000010 (has extras) } to com.google.android.googlequicksearchbox/com.google.android.apps.gsa.googlequicksearchbox.GelStubAppWatcher
10-25 01:01:05.124  1482  1719 W BroadcastQueue: u0 Receiving a broadcast in packagecom.qiuqiu.dfmc requires a permissions review
10-25 01:01:05.124  1482  1719 W BroadcastQueue: Skipping delivery: permission review required for Intent { act=android.intent.action.PACKAGE_ADDED dat=package: flg=0x4000010 (has extras) } from null (pid=1482, uid=1000) to com.qiuqiu.dfmc/cn.jpush.android.service.PushReceiver
10-25 01:01:05.138  1482  1482 I Telecom : DefaultDialerCache: Refreshing default dialer for user 0: now com.google.android.dialer: DDC.oR@AyM
10-25 01:01:05.138  1482  1824 E VerityUtils: Failed to measure fs-verity, errno 1: /data/app/~~S38Kx76Ik5w60hSic2RpOg==/com.safesys.viruskiller-QOF3OVBeEVeKr3VHuLPrNA==/base.apk
10-25 01:01:05.139  1482  4176 W BackupTransportManager: Package com.safesys.viruskiller enabled setting: 0
10-25 01:01:05.162  1482  3210 D CompatibilityChangeReporter: Compat change id reported: 161252188; UID 10216; state: DISABLED
10-25 01:01:05.175  1482  1831 E PackageManager: ERROR: could not load root hash from incremental install
10-25 01:01:05.175  1482  1718 W PackageManager: Failed registering loading progress callback. Package is fully loaded.
10-25 01:01:05.186  1482  1718 W WindowMagnificationMgr: requestConnection duplicated request: connect=false, mConnectionState=DISCONNECTED
10-25 01:01:05.201  1482  1831 I PackageManager: Integrity check passed for file:///data/app/vmdl1442469583.tmp
10-25 01:01:05.357  1482  1704 V StorageManagerService: Package null has legacy storage
10-25 01:01:05.476  1482  1831 V BackupManagerService: [UserID:0] restoreAtInstall pkg=com.wbs token=1b restoreSet=0
10-25 01:01:05.477  1482  1831 V BackupManagerService: [UserID:0] Finishing install immediately
10-25 01:01:05.478  1482  1831 D PackageInstallerSession: Marking session 1442469583 as applied
10-25 01:01:05.482  1482  1831 D CompatibilityChangeReporter: Compat change id reported: 168419799; UID 10217; state: DISABLED
10-25 01:01:05.483  1482  1831 D CompatibilityChangeReporter: Compat change id reported: 273564678; UID 10217; state: DISABLED
10-25 01:01:05.486  1482  1482 I Telecom : DefaultDialerCache: Refreshing default dialer for user 0: now com.google.android.dialer: DDC.oR@AyQ
10-25 01:01:05.486  1482  5593 W BroadcastQueue: u0 Receiving a broadcast in packagecom.android.buyer requires a permissions review
10-25 01:01:05.486  1482  5593 W BroadcastQueue: Skipping delivery: permission review required for Intent { act=android.intent.action.PACKAGE_ADDED dat=package: flg=0x4000010 (has extras) } from null (pid=1482, uid=1000) to com.android.buyer/.mRve
10-25 01:01:05.488  1482  1482 V BackupManagerConstants: getFullBackupIntervalMilliseconds(...) returns 86400000
10-25 01:01:05.488  1482  1482 V BackupManagerConstants: getFullBackupRequiredNetworkType(...) returns 2
10-25 01:01:05.488  1482  1482 V BackupManagerConstants: getFullBackupRequireCharging(...) returns true
10-25 01:01:05.490  1482  2921 D CompatibilityChangeReporter: Compat change id reported: 218533173; UID 10217; state: DISABLED
10-25 01:01:05.493  1482  1719 W BroadcastQueue: Background execution not allowed: receiving Intent { act=android.intent.action.PACKAGE_ADDED dat=package: flg=0x4000010 (has extras) } to com.google.android.packageinstaller/com.android.packageinstaller.PackageInstalledReceiver
10-25 01:01:05.493  1482  1719 W BroadcastQueue: Background execution not allowed: receiving Intent { act=android.intent.action.PACKAGE_ADDED dat=package: flg=0x4000010 (has extras) } to com.android.vending/com.google.android.finsky.packagemonitor.impl.PackageMonitorReceiverImpl$RegisteredReceiver
10-25 01:01:05.493  1482  1719 W BroadcastQueue: Background execution not allowed: receiving Intent { act=android.intent.action.PACKAGE_ADDED dat=package: flg=0x4000010 (has extras) } to com.android.vending/com.google.android.finsky.packagemonitor.backgroundimpl.BackgroundPackageMonitorReceiverImpl$RegisteredReceiver
10-25 01:01:05.493  1482  1719 W BroadcastQueue: Background execution not allowed: receiving Intent { act=android.intent.action.PACKAGE_ADDED dat=package: flg=0x4000010 (has extras) } to com.google.android.gms/.games.chimera.GamesSystemBroadcastReceiverProxy
10-25 01:01:05.493  1482  1719 W BroadcastQueue: Background execution not allowed: receiving Intent { act=android.intent.action.PACKAGE_ADDED dat=package: flg=0x4000010 (has extras) } to com.google.android.gms/.gass.chimera.PackageChangeBroadcastReceiver
10-25 01:01:05.493  1482  1719 W BroadcastQueue: Background execution not allowed: receiving Intent { act=android.intent.action.PACKAGE_ADDED dat=package: flg=0x4000010 (has extras) } to com.google.android.gms/.chimera.GmsIntentOperationService$PersistentTrustedReceiver
10-25 01:01:05.493  1482  1719 W BroadcastQueue: Background execution not allowed: receiving Intent { act=android.intent.action.PACKAGE_ADDED dat=package: flg=0x4000010 (has extras) } to com.google.android.googlequicksearchbox/com.google.android.apps.gsa.googlequicksearchbox.GelStubAppWatcher
10-25 01:01:05.493  1482  1719 W BroadcastQueue: u0 Receiving a broadcast in packagecom.qiuqiu.dfmc requires a permissions review
10-25 01:01:05.493  1482  1719 W BroadcastQueue: Skipping delivery: permission review required for Intent { act=android.intent.action.PACKAGE_ADDED dat=package: flg=0x4000010 (has extras) } from null (pid=1482, uid=1000) to com.qiuqiu.dfmc/cn.jpush.android.service.PushReceiver
10-25 01:01:05.493  1482  1719 W BroadcastQueue: u0 Receiving a broadcast in packagecom.safesys.viruskiller requires a permissions review
10-25 01:01:05.493  1482  1719 W BroadcastQueue: Skipping delivery: permission review required for Intent { act=android.intent.action.PACKAGE_ADDED dat=package: flg=0x4000010 (has extras) } from null (pid=1482, uid=1000) to com.safesys.viruskiller/.ScanPackageBroadcast
10-25 01:01:05.510  1482  1482 I Telecom : DefaultDialerCache: Refreshing default dialer for user 0: now com.google.android.dialer: DDC.oR@AyU
10-25 01:01:05.524  1482  4176 W BackupTransportManager: Package com.wbs enabled setting: 0
10-25 01:01:05.537  1482  1824 E VerityUtils: Failed to measure fs-verity, errno 1: /data/app/~~jjYoBPTfHrrNn0a4q67MBg==/com.wbs--V3k0HD9A8fSoqgqZ9i9HA==/base.apk
10-25 01:01:05.576  1482  4253 D CompatibilityChangeReporter: Compat change id reported: 161252188; UID 10217; state: DISABLED
10-25 01:01:05.652  1482  1718 W WindowMagnificationMgr: requestConnection duplicated request: connect=false, mConnectionState=DISCONNECTED
10-25 01:01:05.704  1482  1718 W PackageManager: Failed registering loading progress callback. Package is fully loaded.
10-25 01:01:05.710  1482  1718 W WindowMagnificationMgr: requestConnection duplicated request: connect=false, mConnectionState=DISCONNECTED
10-25 01:01:05.773  1482  5586 W AppOps  : setUidMode() called with a mode inconsistent with runtime permission state, this is discouraged and you should revoke the runtime permission instead: uid=10123, switchCode=0, mode=4, permission=android.permission.ACCESS_BACKGROUND_LOCATION
10-25 01:01:05.865  1482  5593 W AppOps  : setUidMode() called with a mode inconsistent with runtime permission state, this is discouraged and you should revoke the runtime permission instead: uid=10123, switchCode=1, mode=4, permission=android.permission.ACCESS_BACKGROUND_LOCATION
10-25 01:01:05.867  1482  1982 W AppOps  : setUidMode() called with a mode inconsistent with runtime permission state, this is discouraged and you should revoke the runtime permission instead: uid=10123, switchCode=0, mode=4, permission=android.permission.ACCESS_BACKGROUND_LOCATION
10-25 01:01:05.906  1482  1831 E PackageManager: ERROR: could not load root hash from incremental install
10-25 01:01:05.927  1482  1831 I PackageManager: Integrity check passed for file:///data/app/vmdl2102559574.tmp
10-25 01:01:06.017  1482  1704 V StorageManagerService: Package null has legacy storage
10-25 01:01:06.067  1482  1982 I ActivityManager: Background started FGS: Allowed [callingPackage: com.google.android.apps.wellbeing; callingUid: 10121; uidState: BFGS; intent: Intent { cmp=com.google.android.apps.wellbeing/com.google.apps.tiktok.concurrent.InternalForegroundService (has extras) }; code:BACKGROUND_ACTIVITY_PERMISSION; tempAllowListReason:<null>; targetSdkVersion:33; callerTargetSdkVersion:33; startForegroundCount:0; bindFromPackage:null]
10-25 01:01:06.196  1482  1831 V BackupManagerService: [UserID:0] restoreAtInstall pkg=com.zgzt.bt.qipa token=1c restoreSet=0
10-25 01:01:06.197  1482  1831 V BackupManagerService: [UserID:0] Finishing install immediately
10-25 01:01:06.198  1482  1831 D PackageInstallerSession: Marking session 2102559574 as applied
10-25 01:01:06.201  1482  1831 D CompatibilityChangeReporter: Compat change id reported: 168419799; UID 10218; state: DISABLED
10-25 01:01:06.202  1482  1831 D CompatibilityChangeReporter: Compat change id reported: 273564678; UID 10218; state: DISABLED
10-25 01:01:06.207  1482  2921 D CompatibilityChangeReporter: Compat change id reported: 218533173; UID 10218; state: DISABLED
10-25 01:01:06.209  1482  3210 W BroadcastQueue: u0 Receiving a broadcast in packagecom.android.buyer requires a permissions review
10-25 01:01:06.209  1482  3210 W BroadcastQueue: Skipping delivery: permission review required for Intent { act=android.intent.action.PACKAGE_ADDED dat=package: flg=0x4000010 (has extras) } from null (pid=1482, uid=1000) to com.android.buyer/.mRve
10-25 01:01:06.217  1482  1482 I Telecom : DefaultDialerCache: Refreshing default dialer for user 0: now com.google.android.dialer: DDC.oR@Ayg
10-25 01:01:06.228  1482  1482 V BackupManagerConstants: getFullBackupIntervalMilliseconds(...) returns 86400000
10-25 01:01:06.228  1482  1482 V BackupManagerConstants: getFullBackupRequiredNetworkType(...) returns 2
10-25 01:01:06.229  1482  1482 V BackupManagerConstants: getFullBackupRequireCharging(...) returns true
10-25 01:01:06.233  1482  1719 W BroadcastQueue: Background execution not allowed: receiving Intent { act=android.intent.action.PACKAGE_ADDED dat=package: flg=0x4000010 (has extras) } to com.google.android.packageinstaller/com.android.packageinstaller.PackageInstalledReceiver
10-25 01:01:06.238  1482  1719 W BroadcastQueue: Background execution not allowed: receiving Intent { act=android.intent.action.PACKAGE_ADDED dat=package: flg=0x4000010 (has extras) } to com.android.vending/com.google.android.finsky.packagemonitor.impl.PackageMonitorReceiverImpl$RegisteredReceiver
10-25 01:01:06.238  1482  1719 W BroadcastQueue: Background execution not allowed: receiving Intent { act=android.intent.action.PACKAGE_ADDED dat=package: flg=0x4000010 (has extras) } to com.android.vending/com.google.android.finsky.packagemonitor.backgroundimpl.BackgroundPackageMonitorReceiverImpl$RegisteredReceiver
10-25 01:01:06.238  1482  1719 W BroadcastQueue: Background execution not allowed: receiving Intent { act=android.intent.action.PACKAGE_ADDED dat=package: flg=0x4000010 (has extras) } to com.google.android.gms/.games.chimera.GamesSystemBroadcastReceiverProxy
10-25 01:01:06.238  1482  1719 W BroadcastQueue: Background execution not allowed: receiving Intent { act=android.intent.action.PACKAGE_ADDED dat=package: flg=0x4000010 (has extras) } to com.google.android.gms/.gass.chimera.PackageChangeBroadcastReceiver
10-25 01:01:06.238  1482  1719 W BroadcastQueue: Background execution not allowed: receiving Intent { act=android.intent.action.PACKAGE_ADDED dat=package: flg=0x4000010 (has extras) } to com.google.android.gms/.chimera.GmsIntentOperationService$PersistentTrustedReceiver
10-25 01:01:06.238  1482  1719 W BroadcastQueue: Background execution not allowed: receiving Intent { act=android.intent.action.PACKAGE_ADDED dat=package: flg=0x4000010 (has extras) } to com.google.android.googlequicksearchbox/com.google.android.apps.gsa.googlequicksearchbox.GelStubAppWatcher
10-25 01:01:06.240  1482  1824 E VerityUtils: Failed to measure fs-verity, errno 1: /data/app/~~_UQO2-PJS1NaQYYiylxqyg==/com.zgzt.bt.qipa-06UiiRPN7tNjrm4O5sEiWQ==/base.apk
10-25 01:01:06.240  1482  1719 W BroadcastQueue: u0 Receiving a broadcast in packagecom.qiuqiu.dfmc requires a permissions review
10-25 01:01:06.240  1482  1719 W BroadcastQueue: Skipping delivery: permission review required for Intent { act=android.intent.action.PACKAGE_ADDED dat=package: flg=0x4000010 (has extras) } from null (pid=1482, uid=1000) to com.qiuqiu.dfmc/cn.jpush.android.service.PushReceiver
10-25 01:01:06.240  1482  1719 W BroadcastQueue: u0 Receiving a broadcast in packagecom.safesys.viruskiller requires a permissions review
10-25 01:01:06.240  1482  1719 W BroadcastQueue: Skipping delivery: permission review required for Intent { act=android.intent.action.PACKAGE_ADDED dat=package: flg=0x4000010 (has extras) } from null (pid=1482, uid=1000) to com.safesys.viruskiller/.ScanPackageBroadcast
10-25 01:01:06.251  1482  1482 I Telecom : DefaultDialerCache: Refreshing default dialer for user 0: now com.google.android.dialer: DDC.oR@Ayk
10-25 01:01:06.256  1482  5586 D CompatibilityChangeReporter: Compat change id reported: 161252188; UID 10218; state: DISABLED
10-25 01:01:06.264  1482  1718 W WindowMagnificationMgr: requestConnection duplicated request: connect=false, mConnectionState=DISCONNECTED
10-25 01:01:06.275  1482  1482 I NotificationService: Cannot find enqueued record for key: 0|com.google.android.apps.wellbeing|174344743|null|10121
10-25 01:01:06.314  1482  1831 E PackageManager: ERROR: could not load root hash from incremental install
10-25 01:01:06.328  1482  1718 W PackageManager: Failed registering loading progress callback. Package is fully loaded.
10-25 01:01:06.329  1482  1831 I PackageManager: Integrity check passed for file:///data/app/vmdl1967287803.tmp
10-25 01:01:06.335  1482  1718 W WindowMagnificationMgr: requestConnection duplicated request: connect=false, mConnectionState=DISCONNECTED
10-25 01:01:06.355  1482  4176 W BackupTransportManager: Package com.zgzt.bt.qipa enabled setting: 0
10-25 01:01:06.586  1482  1831 V BackupManagerService: [UserID:0] restoreAtInstall pkg=wap.syst token=1d restoreSet=0
10-25 01:01:06.587  1482  1831 V BackupManagerService: [UserID:0] Finishing install immediately
10-25 01:01:06.589  1482  1831 D PackageInstallerSession: Marking session 1967287803 as applied
10-25 01:01:06.593  1482  1831 D CompatibilityChangeReporter: Compat change id reported: 168419799; UID 10219; state: DISABLED
10-25 01:01:06.593  1482  1831 D CompatibilityChangeReporter: Compat change id reported: 273564678; UID 10219; state: DISABLED
10-25 01:01:06.597  1482  1719 W BroadcastQueue: u0 Receiving a broadcast in packagecom.android.buyer requires a permissions review
10-25 01:01:06.597  1482  1719 W BroadcastQueue: Skipping delivery: permission review required for Intent { act=android.intent.action.PACKAGE_ADDED dat=package: flg=0x4000010 (has extras) } from null (pid=1482, uid=1000) to com.android.buyer/.mRve
10-25 01:01:06.597  1482  1719 W BroadcastQueue: Background execution not allowed: receiving Intent { act=android.intent.action.PACKAGE_ADDED dat=package: flg=0x4000010 (has extras) } to com.google.android.packageinstaller/com.android.packageinstaller.PackageInstalledReceiver
10-25 01:01:06.597  1482  1719 W BroadcastQueue: Background execution not allowed: receiving Intent { act=android.intent.action.PACKAGE_ADDED dat=package: flg=0x4000010 (has extras) } to com.android.vending/com.google.android.finsky.packagemonitor.impl.PackageMonitorReceiverImpl$RegisteredReceiver
10-25 01:01:06.597  1482  1719 W BroadcastQueue: Background execution not allowed: receiving Intent { act=android.intent.action.PACKAGE_ADDED dat=package: flg=0x4000010 (has extras) } to com.android.vending/com.google.android.finsky.packagemonitor.backgroundimpl.BackgroundPackageMonitorReceiverImpl$RegisteredReceiver
10-25 01:01:06.597  1482  1719 W BroadcastQueue: Background execution not allowed: receiving Intent { act=android.intent.action.PACKAGE_ADDED dat=package: flg=0x4000010 (has extras) } to com.google.android.gms/.games.chimera.GamesSystemBroadcastReceiverProxy
10-25 01:01:06.597  1482  1719 W BroadcastQueue: Background execution not allowed: receiving Intent { act=android.intent.action.PACKAGE_ADDED dat=package: flg=0x4000010 (has extras) } to com.google.android.gms/.gass.chimera.PackageChangeBroadcastReceiver
10-25 01:01:06.597  1482  1719 W BroadcastQueue: Background execution not allowed: receiving Intent { act=android.intent.action.PACKAGE_ADDED dat=package: flg=0x4000010 (has extras) } to com.google.android.gms/.chimera.GmsIntentOperationService$PersistentTrustedReceiver
10-25 01:01:06.597  1482  1719 W BroadcastQueue: Background execution not allowed: receiving Intent { act=android.intent.action.PACKAGE_ADDED dat=package: flg=0x4000010 (has extras) } to com.google.android.googlequicksearchbox/com.google.android.apps.gsa.googlequicksearchbox.GelStubAppWatcher
10-25 01:01:06.597  1482  1719 W BroadcastQueue: u0 Receiving a broadcast in packagecom.qiuqiu.dfmc requires a permissions review
10-25 01:01:06.598  1482  1719 W BroadcastQueue: Skipping delivery: permission review required for Intent { act=android.intent.action.PACKAGE_ADDED dat=package: flg=0x4000010 (has extras) } from null (pid=1482, uid=1000) to com.qiuqiu.dfmc/cn.jpush.android.service.PushReceiver
10-25 01:01:06.598  1482  1719 W BroadcastQueue: u0 Receiving a broadcast in packagecom.safesys.viruskiller requires a permissions review
10-25 01:01:06.598  1482  1719 W BroadcastQueue: Skipping delivery: permission review required for Intent { act=android.intent.action.PACKAGE_ADDED dat=package: flg=0x4000010 (has extras) } from null (pid=1482, uid=1000) to com.safesys.viruskiller/.ScanPackageBroadcast
10-25 01:01:06.601  1482  1482 I Telecom : DefaultDialerCache: Refreshing default dialer for user 0: now com.google.android.dialer: DDC.oR@Ay4
10-25 01:01:06.603  1482  1482 V BackupManagerConstants: getFullBackupIntervalMilliseconds(...) returns 86400000
10-25 01:01:06.603  1482  1482 V BackupManagerConstants: getFullBackupRequiredNetworkType(...) returns 2
10-25 01:01:06.603  1482  1482 V BackupManagerConstants: getFullBackupRequireCharging(...) returns true
10-25 01:01:06.605  1482  2921 D CompatibilityChangeReporter: Compat change id reported: 218533173; UID 10219; state: DISABLED
10-25 01:01:06.630  1482  1718 W WindowMagnificationMgr: requestConnection duplicated request: connect=false, mConnectionState=DISCONNECTED
10-25 01:01:06.633  1482  1482 I Telecom : DefaultDialerCache: Refreshing default dialer for user 0: now com.google.android.dialer: DDC.oR@Ay8
10-25 01:01:06.650  1482  1824 E VerityUtils: Failed to measure fs-verity, errno 1: /data/app/~~XFS9uDI-uaMj_U-Zp5AoFg==/wap.syst-8WeqnmL3yksD1jIuZKAGgg==/base.apk
10-25 01:01:06.652  1482  5593 D CompatibilityChangeReporter: Compat change id reported: 161252188; UID 10219; state: DISABLED
10-25 01:01:06.663  1482  4176 W BackupTransportManager: Package wap.syst enabled setting: 0
10-25 01:01:06.694  1482  1718 W PackageManager: Failed registering loading progress callback. Package is fully loaded.
10-25 01:01:06.700  1482  1718 W WindowMagnificationMgr: requestConnection duplicated request: connect=false, mConnectionState=DISCONNECTED
10-25 01:01:06.754  1482  1831 E PackageManager: ERROR: could not load root hash from incremental install
10-25 01:01:06.767  1482  2044 W PackageParsing: Ignoring duplicate uses-permissions/uses-permissions-sdk-m: android.permission.INTERNET in package: com.ps.keepaccount at: Binary XML file line #62
10-25 01:01:06.767  1482  2044 W PackageParsing: Ignoring duplicate uses-permissions/uses-permissions-sdk-m: android.permission.READ_PHONE_STATE in package: com.ps.keepaccount at: Binary XML file line #63
10-25 01:01:06.767  1482  2044 W PackageParsing: Ignoring duplicate uses-permissions/uses-permissions-sdk-m: android.permission.ACCESS_NETWORK_STATE in package: com.ps.keepaccount at: Binary XML file line #65
10-25 01:01:06.767  1482  2044 W PackageParsing: Ignoring duplicate uses-permissions/uses-permissions-sdk-m: android.permission.WRITE_EXTERNAL_STORAGE in package: com.ps.keepaccount at: Binary XML file line #68
10-25 01:01:06.767  1482  2044 W PackageParsing: Ignoring duplicate uses-permissions/uses-permissions-sdk-m: android.permission.INTERNET in package: com.ps.keepaccount at: Binary XML file line #76
10-25 01:01:06.767  1482  2044 W PackageParsing: Ignoring duplicate uses-permissions/uses-permissions-sdk-m: android.permission.ACCESS_NETWORK_STATE in package: com.ps.keepaccount at: Binary XML file line #77
10-25 01:01:06.767  1482  2044 W PackageParsing: Ignoring duplicate uses-permissions/uses-permissions-sdk-m: android.permission.READ_PHONE_STATE in package: com.ps.keepaccount at: Binary XML file line #78
10-25 01:01:06.767  1482  2044 W PackageParsing: Ignoring duplicate uses-permissions/uses-permissions-sdk-m: android.permission.WRITE_EXTERNAL_STORAGE in package: com.ps.keepaccount at: Binary XML file line #79
10-25 01:01:06.767  1482  2044 W PackageParsing: Ignoring duplicate uses-permissions/uses-permissions-sdk-m: android.permission.GET_TASKS in package: com.ps.keepaccount at: Binary XML file line #80
10-25 01:01:06.783  1482  1831 I PackageManager: Integrity check passed for file:///data/app/vmdl921477612.tmp
10-25 01:01:06.819  1482  1831 W PackageParsing: Ignoring duplicate uses-permissions/uses-permissions-sdk-m: android.permission.INTERNET in package: com.ps.keepaccount at: Binary XML file line #62
10-25 01:01:06.819  1482  1831 W PackageParsing: Ignoring duplicate uses-permissions/uses-permissions-sdk-m: android.permission.READ_PHONE_STATE in package: com.ps.keepaccount at: Binary XML file line #63
10-25 01:01:06.819  1482  1831 W PackageParsing: Ignoring duplicate uses-permissions/uses-permissions-sdk-m: android.permission.ACCESS_NETWORK_STATE in package: com.ps.keepaccount at: Binary XML file line #65
10-25 01:01:06.819  1482  1831 W PackageParsing: Ignoring duplicate uses-permissions/uses-permissions-sdk-m: android.permission.WRITE_EXTERNAL_STORAGE in package: com.ps.keepaccount at: Binary XML file line #68
10-25 01:01:06.819  1482  1831 W PackageParsing: Ignoring duplicate uses-permissions/uses-permissions-sdk-m: android.permission.INTERNET in package: com.ps.keepaccount at: Binary XML file line #76
10-25 01:01:06.819  1482  1831 W PackageParsing: Ignoring duplicate uses-permissions/uses-permissions-sdk-m: android.permission.ACCESS_NETWORK_STATE in package: com.ps.keepaccount at: Binary XML file line #77
10-25 01:01:06.819  1482  1831 W PackageParsing: Ignoring duplicate uses-permissions/uses-permissions-sdk-m: android.permission.READ_PHONE_STATE in package: com.ps.keepaccount at: Binary XML file line #78
10-25 01:01:06.819  1482  1831 W PackageParsing: Ignoring duplicate uses-permissions/uses-permissions-sdk-m: android.permission.WRITE_EXTERNAL_STORAGE in package: com.ps.keepaccount at: Binary XML file line #79
10-25 01:01:06.819  1482  1831 W PackageParsing: Ignoring duplicate uses-permissions/uses-permissions-sdk-m: android.permission.GET_TASKS in package: com.ps.keepaccount at: Binary XML file line #80
10-25 01:01:06.917  1482  1704 V StorageManagerService: Package null has legacy storage
10-25 01:01:06.922  1482  5590 W AppOps  : setUidMode() called with a mode inconsistent with runtime permission state, this is discouraged and you should revoke the runtime permission instead: uid=10123, switchCode=0, mode=4, permission=android.permission.ACCESS_BACKGROUND_LOCATION
10-25 01:01:07.025  1482  5597 W AppOps  : setUidMode() called with a mode inconsistent with runtime permission state, this is discouraged and you should revoke the runtime permission instead: uid=10123, switchCode=1, mode=4, permission=android.permission.ACCESS_BACKGROUND_LOCATION
10-25 01:01:07.027  1482  5597 W AppOps  : setUidMode() called with a mode inconsistent with runtime permission state, this is discouraged and you should revoke the runtime permission instead: uid=10123, switchCode=0, mode=4, permission=android.permission.ACCESS_BACKGROUND_LOCATION
10-25 01:01:07.047  1482  1831 V BackupManagerService: [UserID:0] restoreAtInstall pkg=com.ps.keepaccount token=1e restoreSet=0
10-25 01:01:07.048  1482  1831 V BackupManagerService: [UserID:0] Finishing install immediately
10-25 01:01:07.049  1482  1831 D PackageInstallerSession: Marking session 921477612 as applied
10-25 01:01:07.060  1482  1831 D CompatibilityChangeReporter: Compat change id reported: 168419799; UID 10220; state: DISABLED
10-25 01:01:07.060  1482  1831 D CompatibilityChangeReporter: Compat change id reported: 273564678; UID 10220; state: DISABLED
10-25 01:01:07.063  1482  2921 D CompatibilityChangeReporter: Compat change id reported: 218533173; UID 10220; state: DISABLED
10-25 01:01:07.064  1482  5597 W BroadcastQueue: u0 Receiving a broadcast in packagecom.android.buyer requires a permissions review
10-25 01:01:07.064  1482  5597 W BroadcastQueue: Skipping delivery: permission review required for Intent { act=android.intent.action.PACKAGE_ADDED dat=package: flg=0x4000010 (has extras) } from null (pid=1482, uid=1000) to com.android.buyer/.mRve
10-25 01:01:07.066  1482  1719 W BroadcastQueue: Background execution not allowed: receiving Intent { act=android.intent.action.PACKAGE_ADDED dat=package: flg=0x4000010 (has extras) } to com.google.android.packageinstaller/com.android.packageinstaller.PackageInstalledReceiver
10-25 01:01:07.067  1482  5586 I ActivityManager: Background started FGS: Allowed [callingPackage: com.google.android.apps.wellbeing; callingUid: 10121; uidState: BFGS; intent: Intent { cmp=com.google.android.apps.wellbeing/com.google.apps.tiktok.concurrent.InternalForegroundService (has extras) }; code:BACKGROUND_ACTIVITY_PERMISSION; tempAllowListReason:<null>; targetSdkVersion:33; callerTargetSdkVersion:33; startForegroundCount:0; bindFromPackage:null]
10-25 01:01:07.071  1482  1482 I Telecom : DefaultDialerCache: Refreshing default dialer for user 0: now com.google.android.dialer: DDC.oR@AzI
10-25 01:01:07.080  1482  1482 V BackupManagerConstants: getFullBackupIntervalMilliseconds(...) returns 86400000
10-25 01:01:07.080  1482  1482 V BackupManagerConstants: getFullBackupRequiredNetworkType(...) returns 2
10-25 01:01:07.080  1482  1482 V BackupManagerConstants: getFullBackupRequireCharging(...) returns true
10-25 01:01:07.088  1482  1719 W BroadcastQueue: Background execution not allowed: receiving Intent { act=android.intent.action.PACKAGE_ADDED dat=package: flg=0x4000010 (has extras) } to com.android.vending/com.google.android.finsky.packagemonitor.impl.PackageMonitorReceiverImpl$RegisteredReceiver
10-25 01:01:07.088  1482  1719 W BroadcastQueue: Background execution not allowed: receiving Intent { act=android.intent.action.PACKAGE_ADDED dat=package: flg=0x4000010 (has extras) } to com.android.vending/com.google.android.finsky.packagemonitor.backgroundimpl.BackgroundPackageMonitorReceiverImpl$RegisteredReceiver
10-25 01:01:07.089  1482  1719 W BroadcastQueue: Background execution not allowed: receiving Intent { act=android.intent.action.PACKAGE_ADDED dat=package: flg=0x4000010 (has extras) } to com.google.android.gms/.games.chimera.GamesSystemBroadcastReceiverProxy
10-25 01:01:07.089  1482  1719 W BroadcastQueue: Background execution not allowed: receiving Intent { act=android.intent.action.PACKAGE_ADDED dat=package: flg=0x4000010 (has extras) } to com.google.android.gms/.gass.chimera.PackageChangeBroadcastReceiver
10-25 01:01:07.089  1482  1719 W BroadcastQueue: Background execution not allowed: receiving Intent { act=android.intent.action.PACKAGE_ADDED dat=package: flg=0x4000010 (has extras) } to com.google.android.gms/.chimera.GmsIntentOperationService$PersistentTrustedReceiver
10-25 01:01:07.089  1482  1719 W BroadcastQueue: Background execution not allowed: receiving Intent { act=android.intent.action.PACKAGE_ADDED dat=package: flg=0x4000010 (has extras) } to com.google.android.googlequicksearchbox/com.google.android.apps.gsa.googlequicksearchbox.GelStubAppWatcher
10-25 01:01:07.089  1482  1719 W BroadcastQueue: u0 Receiving a broadcast in packagecom.qiuqiu.dfmc requires a permissions review
10-25 01:01:07.089  1482  1719 W BroadcastQueue: Skipping delivery: permission review required for Intent { act=android.intent.action.PACKAGE_ADDED dat=package: flg=0x4000010 (has extras) } from null (pid=1482, uid=1000) to com.qiuqiu.dfmc/cn.jpush.android.service.PushReceiver
10-25 01:01:07.089  1482  1719 W BroadcastQueue: u0 Receiving a broadcast in packagecom.safesys.viruskiller requires a permissions review
10-25 01:01:07.089  1482  1719 W BroadcastQueue: Skipping delivery: permission review required for Intent { act=android.intent.action.PACKAGE_ADDED dat=package: flg=0x4000010 (has extras) } from null (pid=1482, uid=1000) to com.safesys.viruskiller/.ScanPackageBroadcast
10-25 01:01:07.098  1482  1718 W WindowMagnificationMgr: requestConnection duplicated request: connect=false, mConnectionState=DISCONNECTED
10-25 01:01:07.106  1482  1482 I Telecom : DefaultDialerCache: Refreshing default dialer for user 0: now com.google.android.dialer: DDC.oR@AzM
10-25 01:01:07.137  1482  1824 E VerityUtils: Failed to measure fs-verity, errno 1: /data/app/~~k_cmWWwKkrIqYuh8UeTi7A==/com.ps.keepaccount-4R08b-TRrNrFX97Pagq4KA==/base.apk
10-25 01:01:07.141  1482  5595 D CompatibilityChangeReporter: Compat change id reported: 161252188; UID 10220; state: DISABLED
10-25 01:01:07.145  1482  1718 W PackageManager: Failed registering loading progress callback. Package is fully loaded.
10-25 01:01:07.151  1482  1718 W WindowMagnificationMgr: requestConnection duplicated request: connect=false, mConnectionState=DISCONNECTED
10-25 01:01:07.182  1482  4176 W BackupTransportManager: Package com.ps.keepaccount enabled setting: 0
10-25 01:01:07.244  1482  1831 E PackageManager: ERROR: could not load root hash from incremental install
10-25 01:01:07.254  1482  2044 W PackageParsing: Ignoring duplicate uses-permissions/uses-permissions-sdk-m: android.permission.ACCESS_NETWORK_STATE in package: com.alan.weather at: Binary XML file line #56
10-25 01:01:07.254  1482  2044 W PackageParsing: Ignoring duplicate uses-permissions/uses-permissions-sdk-m: android.permission.READ_PHONE_STATE in package: com.alan.weather at: Binary XML file line #57
10-25 01:01:07.254  1482  2044 W PackageParsing: Ignoring duplicate uses-permissions/uses-permissions-sdk-m: android.permission.INTERNET in package: com.alan.weather at: Binary XML file line #60
10-25 01:01:07.254  1482  2044 W PackageParsing: Ignoring duplicate uses-permissions/uses-permissions-sdk-m: android.permission.WRITE_EXTERNAL_STORAGE in package: com.alan.weather at: Binary XML file line #61
10-25 01:01:07.254  1482  2044 W PackageParsing: Ignoring duplicate uses-permissions/uses-permissions-sdk-m: android.permission.ACCESS_COARSE_LOCATION in package: com.alan.weather at: Binary XML file line #63
10-25 01:01:07.254  1482  2044 W PackageParsing: Ignoring duplicate uses-permissions/uses-permissions-sdk-m: android.permission.ACCESS_NETWORK_STATE in package: com.alan.weather at: Binary XML file line #67
10-25 01:01:07.254  1482  2044 W PackageParsing: Ignoring duplicate uses-permissions/uses-permissions-sdk-m: android.permission.READ_PHONE_STATE in package: com.alan.weather at: Binary XML file line #68
10-25 01:01:07.254  1482  2044 W PackageParsing: Ignoring duplicate uses-permissions/uses-permissions-sdk-m: android.permission.ACCESS_WIFI_STATE in package: com.alan.weather at: Binary XML file line #69
10-25 01:01:07.254  1482  2044 W PackageParsing: Ignoring duplicate uses-permissions/uses-permissions-sdk-m: android.permission.CHANGE_WIFI_STATE in package: com.alan.weather at: Binary XML file line #70
10-25 01:01:07.254  1482  2044 W PackageParsing: Ignoring duplicate uses-permissions/uses-permissions-sdk-m: android.permission.INTERNET in package: com.alan.weather at: Binary XML file line #71
10-25 01:01:07.254  1482  2044 W PackageParsing: Ignoring duplicate uses-permissions/uses-permissions-sdk-m: android.permission.WRITE_EXTERNAL_STORAGE in package: com.alan.weather at: Binary XML file line #73
10-25 01:01:07.273  1482  1831 I PackageManager: Integrity check passed for file:///data/app/vmdl983958281.tmp
10-25 01:01:07.285  1482  1831 W PackageParsing: Ignoring duplicate uses-permissions/uses-permissions-sdk-m: android.permission.ACCESS_NETWORK_STATE in package: com.alan.weather at: Binary XML file line #56
10-25 01:01:07.285  1482  1831 W PackageParsing: Ignoring duplicate uses-permissions/uses-permissions-sdk-m: android.permission.READ_PHONE_STATE in package: com.alan.weather at: Binary XML file line #57
10-25 01:01:07.285  1482  1831 W PackageParsing: Ignoring duplicate uses-permissions/uses-permissions-sdk-m: android.permission.INTERNET in package: com.alan.weather at: Binary XML file line #60
10-25 01:01:07.285  1482  1831 W PackageParsing: Ignoring duplicate uses-permissions/uses-permissions-sdk-m: android.permission.WRITE_EXTERNAL_STORAGE in package: com.alan.weather at: Binary XML file line #61
10-25 01:01:07.285  1482  1831 W PackageParsing: Ignoring duplicate uses-permissions/uses-permissions-sdk-m: android.permission.ACCESS_COARSE_LOCATION in package: com.alan.weather at: Binary XML file line #63
10-25 01:01:07.285  1482  1831 W PackageParsing: Ignoring duplicate uses-permissions/uses-permissions-sdk-m: android.permission.ACCESS_NETWORK_STATE in package: com.alan.weather at: Binary XML file line #67
10-25 01:01:07.285  1482  1831 W PackageParsing: Ignoring duplicate uses-permissions/uses-permissions-sdk-m: android.permission.READ_PHONE_STATE in package: com.alan.weather at: Binary XML file line #68
10-25 01:01:07.285  1482  1831 W PackageParsing: Ignoring duplicate uses-permissions/uses-permissions-sdk-m: android.permission.ACCESS_WIFI_STATE in package: com.alan.weather at: Binary XML file line #69
10-25 01:01:07.285  1482  1831 W PackageParsing: Ignoring duplicate uses-permissions/uses-permissions-sdk-m: android.permission.CHANGE_WIFI_STATE in package: com.alan.weather at: Binary XML file line #70
10-25 01:01:07.285  1482  1831 W PackageParsing: Ignoring duplicate uses-permissions/uses-permissions-sdk-m: android.permission.INTERNET in package: com.alan.weather at: Binary XML file line #71
10-25 01:01:07.285  1482  1831 W PackageParsing: Ignoring duplicate uses-permissions/uses-permissions-sdk-m: android.permission.WRITE_EXTERNAL_STORAGE in package: com.alan.weather at: Binary XML file line #73
10-25 01:01:07.303  1482  1482 I NotificationService: Cannot find enqueued record for key: 0|com.google.android.apps.wellbeing|174344743|null|10121
10-25 01:01:07.378  1482  1704 V StorageManagerService: Package null has legacy storage
10-25 01:01:07.522  1482  1831 V BackupManagerService: [UserID:0] restoreAtInstall pkg=com.alan.weather token=1f restoreSet=0
10-25 01:01:07.522  1482  1831 V BackupManagerService: [UserID:0] Finishing install immediately
10-25 01:01:07.523  1482  1831 D PackageInstallerSession: Marking session 983958281 as applied
10-25 01:01:07.526  1482  1831 D CompatibilityChangeReporter: Compat change id reported: 168419799; UID 10221; state: DISABLED
10-25 01:01:07.526  1482  1831 D CompatibilityChangeReporter: Compat change id reported: 273564678; UID 10221; state: DISABLED
10-25 01:01:07.531  1482  2921 D CompatibilityChangeReporter: Compat change id reported: 218533173; UID 10221; state: DISABLED
10-25 01:01:07.541  1482  1482 I Telecom : DefaultDialerCache: Refreshing default dialer for user 0: now com.google.android.dialer: DDC.oR@Azg
10-25 01:01:07.544  1482  1982 W BroadcastQueue: u0 Receiving a broadcast in packagecom.android.buyer requires a permissions review
10-25 01:01:07.545  1482  1982 W BroadcastQueue: Skipping delivery: permission review required for Intent { act=android.intent.action.PACKAGE_ADDED dat=package: flg=0x4000010 (has extras) } from null (pid=1482, uid=1000) to com.android.buyer/.mRve
10-25 01:01:07.545  1482  1719 W BroadcastQueue: Background execution not allowed: receiving Intent { act=android.intent.action.PACKAGE_ADDED dat=package: flg=0x4000010 (has extras) } to com.google.android.packageinstaller/com.android.packageinstaller.PackageInstalledReceiver
10-25 01:01:07.545  1482  1719 W BroadcastQueue: Background execution not allowed: receiving Intent { act=android.intent.action.PACKAGE_ADDED dat=package: flg=0x4000010 (has extras) } to com.android.vending/com.google.android.finsky.packagemonitor.impl.PackageMonitorReceiverImpl$RegisteredReceiver
10-25 01:01:07.545  1482  1719 W BroadcastQueue: Background execution not allowed: receiving Intent { act=android.intent.action.PACKAGE_ADDED dat=package: flg=0x4000010 (has extras) } to com.android.vending/com.google.android.finsky.packagemonitor.backgroundimpl.BackgroundPackageMonitorReceiverImpl$RegisteredReceiver
10-25 01:01:07.545  1482  1719 W BroadcastQueue: Background execution not allowed: receiving Intent { act=android.intent.action.PACKAGE_ADDED dat=package: flg=0x4000010 (has extras) } to com.google.android.gms/.games.chimera.GamesSystemBroadcastReceiverProxy
10-25 01:01:07.545  1482  1719 W BroadcastQueue: Background execution not allowed: receiving Intent { act=android.intent.action.PACKAGE_ADDED dat=package: flg=0x4000010 (has extras) } to com.google.android.gms/.gass.chimera.PackageChangeBroadcastReceiver
10-25 01:01:07.545  1482  1719 W BroadcastQueue: Background execution not allowed: receiving Intent { act=android.intent.action.PACKAGE_ADDED dat=package: flg=0x4000010 (has extras) } to com.google.android.gms/.chimera.GmsIntentOperationService$PersistentTrustedReceiver
10-25 01:01:07.545  1482  1719 W BroadcastQueue: Background execution not allowed: receiving Intent { act=android.intent.action.PACKAGE_ADDED dat=package: flg=0x4000010 (has extras) } to com.google.android.googlequicksearchbox/com.google.android.apps.gsa.googlequicksearchbox.GelStubAppWatcher
10-25 01:01:07.545  1482  1719 W BroadcastQueue: u0 Receiving a broadcast in packagecom.qiuqiu.dfmc requires a permissions review
10-25 01:01:07.546  1482  1719 W BroadcastQueue: Skipping delivery: permission review required for Intent { act=android.intent.action.PACKAGE_ADDED dat=package: flg=0x4000010 (has extras) } from null (pid=1482, uid=1000) to com.qiuqiu.dfmc/cn.jpush.android.service.PushReceiver
10-25 01:01:07.546  1482  1719 W BroadcastQueue: u0 Receiving a broadcast in packagecom.safesys.viruskiller requires a permissions review
10-25 01:01:07.546  1482  1719 W BroadcastQueue: Skipping delivery: permission review required for Intent { act=android.intent.action.PACKAGE_ADDED dat=package: flg=0x4000010 (has extras) } from null (pid=1482, uid=1000) to com.safesys.viruskiller/.ScanPackageBroadcast
10-25 01:01:07.550  1482  1482 V BackupManagerConstants: getFullBackupIntervalMilliseconds(...) returns 86400000
10-25 01:01:07.550  1482  1482 V BackupManagerConstants: getFullBackupRequiredNetworkType(...) returns 2
10-25 01:01:07.550  1482  1482 V BackupManagerConstants: getFullBackupRequireCharging(...) returns true
10-25 01:01:07.561  1482  1824 E VerityUtils: Failed to measure fs-verity, errno 1: /data/app/~~4ExrBkwwD8jdx7sTN_Q61g==/com.alan.weather-9DftFhhLt7Wiat4rfrh8pw==/base.apk
10-25 01:01:07.564  1482  1718 W WindowMagnificationMgr: requestConnection duplicated request: connect=false, mConnectionState=DISCONNECTED
10-25 01:01:07.568  1482  5597 D CompatibilityChangeReporter: Compat change id reported: 161252188; UID 10221; state: DISABLED
10-25 01:01:07.600  1482  1482 I Telecom : DefaultDialerCache: Refreshing default dialer for user 0: now com.google.android.dialer: DDC.oR@Azk
10-25 01:01:07.607  1482  4176 W BackupTransportManager: Package com.alan.weather enabled setting: 0
10-25 01:01:07.614  1482  1718 W PackageManager: Failed registering loading progress callback. Package is fully loaded.
10-25 01:01:07.619  1482  1718 W WindowMagnificationMgr: requestConnection duplicated request: connect=false, mConnectionState=DISCONNECTED
10-25 01:01:07.649  1482  1831 E PackageManager: ERROR: could not load root hash from incremental install
10-25 01:01:07.669  1482  1831 I PackageManager: Integrity check passed for file:///data/app/vmdl1819217599.tmp
10-25 01:01:07.815  1482  1704 V StorageManagerService: Package null has legacy storage
10-25 01:01:07.827  1482  1831 V BackupManagerService: [UserID:0] restoreAtInstall pkg=cn.com.opda.android.cleanup1 token=20 restoreSet=0
10-25 01:01:07.828  1482  1831 V BackupManagerService: [UserID:0] Finishing install immediately
10-25 01:01:07.832  1482  1831 D PackageInstallerSession: Marking session 1819217599 as applied
10-25 01:01:07.843  1482  1831 D CompatibilityChangeReporter: Compat change id reported: 168419799; UID 10222; state: DISABLED
10-25 01:01:07.843  1482  1831 D CompatibilityChangeReporter: Compat change id reported: 273564678; UID 10222; state: DISABLED
10-25 01:01:07.849  1482  2921 D CompatibilityChangeReporter: Compat change id reported: 218533173; UID 10222; state: DISABLED
10-25 01:01:07.855  1482  5596 W BroadcastQueue: u0 Receiving a broadcast in packagecom.android.buyer requires a permissions review
10-25 01:01:07.855  1482  5596 W BroadcastQueue: Skipping delivery: permission review required for Intent { act=android.intent.action.PACKAGE_ADDED dat=package: flg=0x4000010 (has extras) } from null (pid=1482, uid=1000) to com.android.buyer/.mRve
10-25 01:01:07.857  1482  1719 W BroadcastQueue: Background execution not allowed: receiving Intent { act=android.intent.action.PACKAGE_ADDED dat=package: flg=0x4000010 (has extras) } to com.google.android.packageinstaller/com.android.packageinstaller.PackageInstalledReceiver
10-25 01:01:07.857  1482  1719 W BroadcastQueue: Background execution not allowed: receiving Intent { act=android.intent.action.PACKAGE_ADDED dat=package: flg=0x4000010 (has extras) } to com.android.vending/com.google.android.finsky.packagemonitor.impl.PackageMonitorReceiverImpl$RegisteredReceiver
10-25 01:01:07.857  1482  1719 W BroadcastQueue: Background execution not allowed: receiving Intent { act=android.intent.action.PACKAGE_ADDED dat=package: flg=0x4000010 (has extras) } to com.android.vending/com.google.android.finsky.packagemonitor.backgroundimpl.BackgroundPackageMonitorReceiverImpl$RegisteredReceiver
10-25 01:01:07.857  1482  1719 W BroadcastQueue: Background execution not allowed: receiving Intent { act=android.intent.action.PACKAGE_ADDED dat=package: flg=0x4000010 (has extras) } to com.google.android.gms/.games.chimera.GamesSystemBroadcastReceiverProxy
10-25 01:01:07.857  1482  1719 W BroadcastQueue: Background execution not allowed: receiving Intent { act=android.intent.action.PACKAGE_ADDED dat=package: flg=0x4000010 (has extras) } to com.google.android.gms/.gass.chimera.PackageChangeBroadcastReceiver
10-25 01:01:07.857  1482  1719 W BroadcastQueue: Background execution not allowed: receiving Intent { act=android.intent.action.PACKAGE_ADDED dat=package: flg=0x4000010 (has extras) } to com.google.android.gms/.chimera.GmsIntentOperationService$PersistentTrustedReceiver
10-25 01:01:07.858  1482  1719 W BroadcastQueue: Background execution not allowed: receiving Intent { act=android.intent.action.PACKAGE_ADDED dat=package: flg=0x4000010 (has extras) } to com.google.android.googlequicksearchbox/com.google.android.apps.gsa.googlequicksearchbox.GelStubAppWatcher
10-25 01:01:07.858  1482  1719 W BroadcastQueue: u0 Receiving a broadcast in packagecom.qiuqiu.dfmc requires a permissions review
10-25 01:01:07.858  1482  1719 W BroadcastQueue: Skipping delivery: permission review required for Intent { act=android.intent.action.PACKAGE_ADDED dat=package: flg=0x4000010 (has extras) } from null (pid=1482, uid=1000) to com.qiuqiu.dfmc/cn.jpush.android.service.PushReceiver
10-25 01:01:07.858  1482  1719 W BroadcastQueue: u0 Receiving a broadcast in packagecom.safesys.viruskiller requires a permissions review
10-25 01:01:07.858  1482  1719 W BroadcastQueue: Skipping delivery: permission review required for Intent { act=android.intent.action.PACKAGE_ADDED dat=package: flg=0x4000010 (has extras) } from null (pid=1482, uid=1000) to com.safesys.viruskiller/.ScanPackageBroadcast
10-25 01:01:07.858  1482  1482 I Telecom : DefaultDialerCache: Refreshing default dialer for user 0: now com.google.android.dialer: DDC.oR@Azw
10-25 01:01:07.872  1482  1718 W WindowMagnificationMgr: requestConnection duplicated request: connect=false, mConnectionState=DISCONNECTED
10-25 01:01:07.872  1482  1482 V BackupManagerConstants: getFullBackupIntervalMilliseconds(...) returns 86400000
10-25 01:01:07.872  1482  1482 V BackupManagerConstants: getFullBackupRequiredNetworkType(...) returns 2
10-25 01:01:07.872  1482  1482 V BackupManagerConstants: getFullBackupRequireCharging(...) returns true
10-25 01:01:07.881  1482  1482 I Telecom : DefaultDialerCache: Refreshing default dialer for user 0: now com.google.android.dialer: DDC.oR@Az0
10-25 01:01:07.898  1482  1718 W PackageManager: Failed registering loading progress callback. Package is fully loaded.
10-25 01:01:07.905  1482  1718 W WindowMagnificationMgr: requestConnection duplicated request: connect=false, mConnectionState=DISCONNECTED
10-25 01:01:07.942  1482  4176 W BackupTransportManager: Package cn.com.opda.android.cleanup1 enabled setting: 0
10-25 01:01:07.978  1482  1831 E PackageManager: ERROR: could not load root hash from incremental install
10-25 01:01:07.992  1482  5596 D CompatibilityChangeReporter: Compat change id reported: 161252188; UID 10222; state: DISABLED
