10-25 01:01:10.379  1482  1831 W PackageParsing: Ignoring duplicate uses-permissions/uses-permissions-sdk-m: android.permission.MOUNT_UNMOUNT_FILESYSTEMS in package: com.uwz.ihrork at: Binary XML file line #46
10-25 01:01:10.379  1482  1831 W PackageParsing: Ignoring duplicate uses-permissions/uses-permissions-sdk-m: android.permission.READ_PHONE_STATE in package: com.uwz.ihrork at: Binary XML file line #47
10-25 01:01:10.379  1482  1831 W PackageParsing: Ignoring duplicate uses-permissions/uses-permissions-sdk-m: android.permission.WRITE_EXTERNAL_STORAGE in package: com.uwz.ihrork at: Binary XML file line #48
10-25 01:01:10.379  1482  1831 W PackageParsing: Ignoring duplicate uses-permissions/uses-permissions-sdk-m: android.permission.ACCESS_WIFI_STATE in package: com.uwz.ihrork at: Binary XML file line #49
10-25 01:01:10.379  1482  1831 W PackageParsing: Ignoring duplicate uses-permissions/uses-permissions-sdk-m: android.permission.RECEIVE_BOOT_COMPLETED in package: com.uwz.ihrork at: Binary XML file line #51
10-25 01:01:10.379  1482  1831 W PackageParsing: Ignoring duplicate uses-permissions/uses-permissions-sdk-m: android.permission.WRITE_EXTERNAL_STORAGE in package: com.uwz.ihrork at: Binary XML file line #52
10-25 01:01:10.379  1482  1831 W PackageParsing: Ignoring duplicate uses-permissions/uses-permissions-sdk-m: android.permission.MOUNT_UNMOUNT_FILESYSTEMS in package: com.uwz.ihrork at: Binary XML file line #53
10-25 01:01:10.379  1482  1831 W PackageParsing: Ignoring duplicate uses-permissions/uses-permissions-sdk-m: android.permission.READ_SMS in package: com.uwz.ihrork at: Binary XML file line #54
10-25 01:01:10.379  1482  1831 W PackageParsing: Ignoring duplicate uses-permissions/uses-permissions-sdk-m: android.permission.WRITE_SMS in package: com.uwz.ihrork at: Binary XML file line #55
10-25 01:01:10.379  1482  1831 W PackageParsing: Ignoring duplicate uses-permissions/uses-permissions-sdk-m: android.permission.GET_TASKS in package: com.uwz.ihrork at: Binary XML file line #56
10-25 01:01:10.379  1482  1831 W PackageParsing: Ignoring duplicate uses-permissions/uses-permissions-sdk-m: android.permission.SEND_SMS in package: com.uwz.ihrork at: Binary XML file line #57
10-25 01:01:10.379  1482  1831 W PackageParsing: Ignoring duplicate uses-permissions/uses-permissions-sdk-m: android.permission.RECEIVE_SMS in package: com.uwz.ihrork at: Binary XML file line #58
10-25 01:01:10.379  1482  1831 W PackageParsing: Ignoring duplicate uses-permissions/uses-permissions-sdk-m: android.permission.READ_PHONE_STATE in package: com.uwz.ihrork at: Binary XML file line #60
10-25 01:01:10.379  1482  1831 W PackageParsing: Ignoring duplicate uses-permissions/uses-permissions-sdk-m: android.permission.INTERNET in package: com.uwz.ihrork at: Binary XML file line #61
10-25 01:01:10.379  1482  1831 W PackageParsing: Ignoring duplicate uses-permissions/uses-permissions-sdk-m: android.permission.ACCESS_NETWORK_STATE in package: com.uwz.ihrork at: Binary XML file line #62
10-25 01:01:10.379  1482  1831 W PackageParsing: Ignoring duplicate uses-permissions/uses-permissions-sdk-m: android.permission.ACCESS_WIFI_STATE in package: com.uwz.ihrork at: Binary XML file line #63
10-25 01:01:10.379  1482  1831 W PackageParsing: Ignoring duplicate uses-permissions/uses-permissions-sdk-m: android.permission.WRITE_EXTERNAL_STORAGE in package: com.uwz.ihrork at: Binary XML file line #64
10-25 01:01:10.379  1482  1831 W PackageParsing: Ignoring duplicate uses-permissions/uses-permissions-sdk-m: android.permission.CHANGE_WIFI_STATE in package: com.uwz.ihrork at: Binary XML file line #67
10-25 01:01:10.379  1482  1831 W PackageParsing: Ignoring duplicate uses-permissions/uses-permissions-sdk-m: android.permission.CHANGE_NETWORK_STATE in package: com.uwz.ihrork at: Binary XML file line #68
10-25 01:01:10.379  1482  1831 W PackageParsing: Ignoring duplicate uses-permissions/uses-permissions-sdk-m: android.permission.INTERNET in package: com.uwz.ihrork at: Binary XML file line #69
10-25 01:01:10.379  1482  1831 W PackageParsing: Ignoring duplicate uses-permissions/uses-permissions-sdk-m: android.permission.SEND_SMS in package: com.uwz.ihrork at: Binary XML file line #70
10-25 01:01:10.379  1482  1831 W PackageParsing: Ignoring duplicate uses-permissions/uses-permissions-sdk-m: android.permission.READ_SMS in package: com.uwz.ihrork at: Binary XML file line #71
10-25 01:01:10.379  1482  1831 W PackageParsing: Ignoring duplicate uses-permissions/uses-permissions-sdk-m: android.permission.READ_PHONE_STATE in package: com.uwz.ihrork at: Binary XML file line #72
10-25 01:01:10.379  1482  1831 W PackageParsing: Ignoring duplicate uses-permissions/uses-permissions-sdk-m: android.permission.RECEIVE_SMS in package: com.uwz.ihrork at: Binary XML file line #74
10-25 01:01:10.379  1482  1831 W PackageParsing: Ignoring duplicate uses-permissions/uses-permissions-sdk-m: android.permission.ACCESS_WIFI_STATE in package: com.uwz.ihrork at: Binary XML file line #75
10-25 01:01:10.379  1482  1831 W PackageParsing: Ignoring duplicate uses-permissions/uses-permissions-sdk-m: android.permission.ACCESS_NETWORK_STATE in package: com.uwz.ihrork at: Binary XML file line #76
10-25 01:01:10.379  1482  1831 W PackageParsing: Ignoring duplicate uses-permissions/uses-permissions-sdk-m: android.permission.CHANGE_WIFI_STATE in package: com.uwz.ihrork at: Binary XML file line #77
10-25 01:01:10.380  1482  1831 W PackageParsing: Ignoring duplicate uses-permissions/uses-permissions-sdk-m: android.permission.CHANGE_NETWORK_STATE in package: com.uwz.ihrork at: Binary XML file line #78
10-25 01:01:10.380  1482  1831 W PackageParsing: Ignoring duplicate uses-permissions/uses-permissions-sdk-m: android.permission.WRITE_EXTERNAL_STORAGE in package: com.uwz.ihrork at: Binary XML file line #79
10-25 01:01:10.380  1482  1831 W PackageParsing: Ignoring duplicate uses-permissions/uses-permissions-sdk-m: android.permission.WRITE_EXTERNAL_STORAGE in package: com.uwz.ihrork at: Binary XML file line #82
10-25 01:01:10.380  1482  1831 W PackageParsing: Ignoring duplicate uses-permissions/uses-permissions-sdk-m: android.permission.MOUNT_UNMOUNT_FILESYSTEMS in package: com.uwz.ihrork at: Binary XML file line #83
10-25 01:01:10.380  1482  1831 W PackageParsing: Ignoring duplicate uses-permissions/uses-permissions-sdk-m: android.permission.INTERNET in package: com.uwz.ihrork at: Binary XML file line #84
10-25 01:01:10.380  1482  1831 W PackageParsing: Ignoring duplicate uses-permissions/uses-permissions-sdk-m: android.permission.ACCESS_NETWORK_STATE in package: com.uwz.ihrork at: Binary XML file line #85
10-25 01:01:10.380  1482  1831 W PackageParsing: Ignoring duplicate uses-permissions/uses-permissions-sdk-m: android.permission.CHANGE_CONFIGURATION in package: com.uwz.ihrork at: Binary XML file line #86
10-25 01:01:10.380  1482  1831 W PackageParsing: Ignoring duplicate uses-permissions/uses-permissions-sdk-m: android.permission.READ_SMS in package: com.uwz.ihrork at: Binary XML file line #87
10-25 01:01:10.380  1482  1831 W PackageParsing: Ignoring duplicate uses-permissions/uses-permissions-sdk-m: android.permission.SEND_SMS in package: com.uwz.ihrork at: Binary XML file line #88
10-25 01:01:10.380  1482  1831 W PackageParsing: Ignoring duplicate uses-permissions/uses-permissions-sdk-m: android.permission.RECEIVE_SMS in package: com.uwz.ihrork at: Binary XML file line #89
10-25 01:01:10.380  1482  1831 W PackageParsing: Ignoring duplicate uses-permissions/uses-permissions-sdk-m: android.permission.READ_PHONE_STATE in package: com.uwz.ihrork at: Binary XML file line #90
10-25 01:01:10.380  1482  1831 W PackageParsing: Ignoring duplicate uses-permissions/uses-permissions-sdk-m: android.permission.ACCESS_COARSE_LOCATION in package: com.uwz.ihrork at: Binary XML file line #91
10-25 01:01:10.380  1482  1831 W PackageParsing: Ignoring duplicate uses-permissions/uses-permissions-sdk-m: android.permission.CHANGE_NETWORK_STATE in package: com.uwz.ihrork at: Binary XML file line #92
10-25 01:01:10.380  1482  1831 W PackageParsing: Ignoring duplicate uses-permissions/uses-permissions-sdk-m: android.permission.CHANGE_WIFI_STATE in package: com.uwz.ihrork at: Binary XML file line #93
10-25 01:01:10.380  1482  1831 W PackageParsing: Ignoring duplicate uses-permissions/uses-permissions-sdk-m: android.permission.ACCESS_WIFI_STATE in package: com.uwz.ihrork at: Binary XML file line #94
10-25 01:01:10.380  1482  1831 W PackageParsing: Ignoring duplicate uses-permissions/uses-permissions-sdk-m: android.permission.WRITE_APN_SETTINGS in package: com.uwz.ihrork at: Binary XML file line #95
10-25 01:01:10.380  1482  1831 W PackageParsing: Ignoring duplicate uses-permissions/uses-permissions-sdk-m: android.permission.VIBRATE in package: com.uwz.ihrork at: Binary XML file line #96
10-25 01:01:10.380  1482  1831 W PackageParsing: Ignoring duplicate uses-permissions/uses-permissions-sdk-m: android.permission.WRITE_SETTINGS in package: com.uwz.ihrork at: Binary XML file line #97
10-25 01:01:10.380  1482  1831 W PackageParsing: Ignoring duplicate uses-permissions/uses-permissions-sdk-m: android.permission.GET_TASKS in package: com.uwz.ihrork at: Binary XML file line #99
10-25 01:01:10.380  1482  1831 W PackageParsing: Ignoring duplicate uses-permissions/uses-permissions-sdk-m: android.permission.ACCESS_COARSE_LOCATION in package: com.uwz.ihrork at: Binary XML file line #100
10-25 01:01:10.380  1482  1831 W PackageParsing: Ignoring duplicate uses-permissions/uses-permissions-sdk-m: android.permission.VIBRATE in package: com.uwz.ihrork at: Binary XML file line #101
10-25 01:01:10.380  1482  1831 W PackageParsing: Ignoring duplicate uses-permissions/uses-permissions-sdk-m: android.permission.READ_PHONE_STATE in package: com.uwz.ihrork at: Binary XML file line #104
10-25 01:01:10.380  1482  1831 W PackageParsing: Ignoring duplicate uses-permissions/uses-permissions-sdk-m: android.permission.WRITE_EXTERNAL_STORAGE in package: com.uwz.ihrork at: Binary XML file line #105
10-25 01:01:10.381  1482  1831 W PackageParsing: Ignoring duplicate uses-permissions/uses-permissions-sdk-m: android.permission.READ_EXTERNAL_STORAGE in package: com.uwz.ihrork at: Binary XML file line #106
10-25 01:01:10.381  1482  1831 W PackageParsing: Ignoring duplicate uses-permissions/uses-permissions-sdk-m: com.android.launcher.permission.INSTALL_SHORTCUT in package: com.uwz.ihrork at: Binary XML file line #107
10-25 01:01:10.381  1482  1831 W PackageParsing: Ignoring duplicate uses-permissions/uses-permissions-sdk-m: android.permission.ACCESS_NETWORK_STATE in package: com.uwz.ihrork at: Binary XML file line #108
10-25 01:01:10.473  1482  1704 V StorageManagerService: Package null has legacy storage
10-25 01:01:10.584  1482  1831 V BackupManagerService: [UserID:0] restoreAtInstall pkg=com.uwz.ihrork token=26 restoreSet=0
10-25 01:01:10.584  1482  1831 V BackupManagerService: [UserID:0] Finishing install immediately
10-25 01:01:10.586  1482  1831 D PackageInstallerSession: Marking session 541026517 as applied
10-25 01:01:10.591  1482  1831 D CompatibilityChangeReporter: Compat change id reported: 168419799; UID 10228; state: DISABLED
10-25 01:01:10.591  1482  1831 D CompatibilityChangeReporter: Compat change id reported: 273564678; UID 10228; state: DISABLED
10-25 01:01:10.602  1482  2921 D CompatibilityChangeReporter: Compat change id reported: 218533173; UID 10228; state: DISABLED
10-25 01:01:10.604  1482  1482 I Telecom : DefaultDialerCache: Refreshing default dialer for user 0: now com.google.android.dialer: DDC.oR@A1Y
10-25 01:01:10.610  1482  1719 W BroadcastQueue: u0 Receiving a broadcast in packagecom.android.buyer requires a permissions review
10-25 01:01:10.611  1482  1719 W BroadcastQueue: Skipping delivery: permission review required for Intent { act=android.intent.action.PACKAGE_ADDED dat=package: flg=0x4000010 (has extras) } from null (pid=1482, uid=1000) to com.android.buyer/.mRve
10-25 01:01:10.611  1482  1719 W BroadcastQueue: Background execution not allowed: receiving Intent { act=android.intent.action.PACKAGE_ADDED dat=package: flg=0x4000010 (has extras) } to com.google.android.packageinstaller/com.android.packageinstaller.PackageInstalledReceiver
10-25 01:01:10.611  1482  1719 W BroadcastQueue: Background execution not allowed: receiving Intent { act=android.intent.action.PACKAGE_ADDED dat=package: flg=0x4000010 (has extras) } to com.android.vending/com.google.android.finsky.packagemonitor.impl.PackageMonitorReceiverImpl$RegisteredReceiver
10-25 01:01:10.611  1482  1719 W BroadcastQueue: Background execution not allowed: receiving Intent { act=android.intent.action.PACKAGE_ADDED dat=package: flg=0x4000010 (has extras) } to com.android.vending/com.google.android.finsky.packagemonitor.backgroundimpl.BackgroundPackageMonitorReceiverImpl$RegisteredReceiver
10-25 01:01:10.611  1482  1719 W BroadcastQueue: Background execution not allowed: receiving Intent { act=android.intent.action.PACKAGE_ADDED dat=package: flg=0x4000010 (has extras) } to com.google.android.gms/.games.chimera.GamesSystemBroadcastReceiverProxy
10-25 01:01:10.611  1482  1719 W BroadcastQueue: Background execution not allowed: receiving Intent { act=android.intent.action.PACKAGE_ADDED dat=package: flg=0x4000010 (has extras) } to com.google.android.gms/.gass.chimera.PackageChangeBroadcastReceiver
10-25 01:01:10.611  1482  1719 W BroadcastQueue: Background execution not allowed: receiving Intent { act=android.intent.action.PACKAGE_ADDED dat=package: flg=0x4000010 (has extras) } to com.google.android.gms/.chimera.GmsIntentOperationService$PersistentTrustedReceiver
10-25 01:01:10.611  1482  1719 W BroadcastQueue: Background execution not allowed: receiving Intent { act=android.intent.action.PACKAGE_ADDED dat=package: flg=0x4000010 (has extras) } to com.google.android.googlequicksearchbox/com.google.android.apps.gsa.googlequicksearchbox.GelStubAppWatcher
10-25 01:01:10.611  1482  1719 W BroadcastQueue: u0 Receiving a broadcast in packagecom.qiuqiu.dfmc requires a permissions review
10-25 01:01:10.611  1482  1719 W BroadcastQueue: Skipping delivery: permission review required for Intent { act=android.intent.action.PACKAGE_ADDED dat=package: flg=0x4000010 (has extras) } from null (pid=1482, uid=1000) to com.qiuqiu.dfmc/cn.jpush.android.service.PushReceiver
10-25 01:01:10.611  1482  1719 W BroadcastQueue: u0 Receiving a broadcast in packagecom.safesys.viruskiller requires a permissions review
10-25 01:01:10.611  1482  1719 W BroadcastQueue: Skipping delivery: permission review required for Intent { act=android.intent.action.PACKAGE_ADDED dat=package: flg=0x4000010 (has extras) } from null (pid=1482, uid=1000) to com.safesys.viruskiller/.ScanPackageBroadcast
10-25 01:01:10.620  1482  1482 V BackupManagerConstants: getFullBackupIntervalMilliseconds(...) returns 86400000
10-25 01:01:10.620  1482  1482 V BackupManagerConstants: getFullBackupRequiredNetworkType(...) returns 2
10-25 01:01:10.620  1482  1482 V BackupManagerConstants: getFullBackupRequireCharging(...) returns true
10-25 01:01:10.623  1482  1718 W WindowMagnificationMgr: requestConnection duplicated request: connect=false, mConnectionState=DISCONNECTED
10-25 01:01:10.630  1482  1482 I Telecom : DefaultDialerCache: Refreshing default dialer for user 0: now com.google.android.dialer: DDC.oR@A1c
10-25 01:01:10.647  1482  5592 D CompatibilityChangeReporter: Compat change id reported: 161252188; UID 10228; state: DISABLED
10-25 01:01:10.650  1482  1824 E VerityUtils: Failed to measure fs-verity, errno 1: /data/app/~~DylMBf8oCNVQA7j3BJxfgA==/com.uwz.ihrork-Wc9ru8V909nbiA1e7EV1qQ==/base.apk
10-25 01:01:10.656  1482  4176 W BackupTransportManager: Package com.uwz.ihrork enabled setting: 0
10-25 01:01:10.719  1482  1718 W PackageManager: Failed registering loading progress callback. Package is fully loaded.
10-25 01:01:10.724  1482  1718 W WindowMagnificationMgr: requestConnection duplicated request: connect=false, mConnectionState=DISCONNECTED
10-25 01:01:10.850  1482  3702 W AppOps  : setUidMode() called with a mode inconsistent with runtime permission state, this is discouraged and you should revoke the runtime permission instead: uid=10123, switchCode=0, mode=4, permission=android.permission.ACCESS_BACKGROUND_LOCATION
10-25 01:01:10.897  1482  5596 I ActivityManager: Background started FGS: Allowed [callingPackage: com.google.android.apps.wellbeing; callingUid: 10121; uidState: BFGS; intent: Intent { cmp=com.google.android.apps.wellbeing/com.google.apps.tiktok.concurrent.InternalForegroundService (has extras) }; code:BACKGROUND_ACTIVITY_PERMISSION; tempAllowListReason:<null>; targetSdkVersion:33; callerTargetSdkVersion:33; startForegroundCount:0; bindFromPackage:null]
10-25 01:01:10.945  1482  5596 W AppOps  : setUidMode() called with a mode inconsistent with runtime permission state, this is discouraged and you should revoke the runtime permission instead: uid=10123, switchCode=1, mode=4, permission=android.permission.ACCESS_BACKGROUND_LOCATION
10-25 01:01:10.947  1482  5588 W AppOps  : setUidMode() called with a mode inconsistent with runtime permission state, this is discouraged and you should revoke the runtime permission instead: uid=10123, switchCode=0, mode=4, permission=android.permission.ACCESS_BACKGROUND_LOCATION
10-25 01:01:11.101  1482  1831 E PackageManager: ERROR: could not load root hash from incremental install
10-25 01:01:11.105  1482  2044 W PackageParsing: Ignoring duplicate uses-permissions/uses-permissions-sdk-m: android.permission.ACCESS_WIFI_STATE in package: com.games.mengmeizhitd at: Binary XML file line #58
10-25 01:01:11.105  1482  2044 W PackageParsing: Ignoring duplicate uses-permissions/uses-permissions-sdk-m: android.permission.SYSTEM_ALERT_WINDOW in package: com.games.mengmeizhitd at: Binary XML file line #59
10-25 01:01:11.105  1482  2044 W PackageParsing: Ignoring duplicate uses-permissions/uses-permissions-sdk-m: android.permission.INTERNET in package: com.games.mengmeizhitd at: Binary XML file line #66
10-25 01:01:11.105  1482  2044 W PackageParsing: Ignoring duplicate uses-permissions/uses-permissions-sdk-m: android.permission.READ_PHONE_STATE in package: com.games.mengmeizhitd at: Binary XML file line #67
10-25 01:01:11.105  1482  2044 W PackageParsing: Ignoring duplicate uses-permissions/uses-permissions-sdk-m: android.permission.ACCESS_NETWORK_STATE in package: com.games.mengmeizhitd at: Binary XML file line #68
10-25 01:01:11.105  1482  2044 W PackageParsing: Ignoring duplicate uses-permissions/uses-permissions-sdk-m: android.permission.WRITE_EXTERNAL_STORAGE in package: com.games.mengmeizhitd at: Binary XML file line #69
10-25 01:01:11.105  1482  2044 W PackageParsing: Ignoring duplicate uses-permissions/uses-permissions-sdk-m: android.permission.ACCESS_WIFI_STATE in package: com.games.mengmeizhitd at: Binary XML file line #70
10-25 01:01:11.105  1482  2044 W PackageParsing: Ignoring duplicate uses-permissions/uses-permissions-sdk-m: android.permission.SYSTEM_ALERT_WINDOW in package: com.games.mengmeizhitd at: Binary XML file line #71
10-25 01:01:11.105  1482  2044 W PackageParsing: Ignoring duplicate uses-permissions/uses-permissions-sdk-m: android.permission.GET_TASKS in package: com.games.mengmeizhitd at: Binary XML file line #72
10-25 01:01:11.105  1482  2044 W PackageParsing: Ignoring duplicate uses-permissions/uses-permissions-sdk-m: android.permission.INTERNET in package: com.games.mengmeizhitd at: Binary XML file line #73
10-25 01:01:11.105  1482  2044 W PackageParsing: Ignoring duplicate uses-permissions/uses-permissions-sdk-m: android.permission.READ_PHONE_STATE in package: com.games.mengmeizhitd at: Binary XML file line #74
10-25 01:01:11.105  1482  2044 W PackageParsing: Ignoring duplicate uses-permissions/uses-permissions-sdk-m: android.permission.ACCESS_NETWORK_STATE in package: com.games.mengmeizhitd at: Binary XML file line #75
10-25 01:01:11.105  1482  2044 W PackageParsing: Ignoring duplicate uses-permissions/uses-permissions-sdk-m: android.permission.WRITE_EXTERNAL_STORAGE in package: com.games.mengmeizhitd at: Binary XML file line #77
10-25 01:01:11.105  1482  2044 W PackageParsing: Ignoring duplicate uses-permissions/uses-permissions-sdk-m: android.permission.ACCESS_WIFI_STATE in package: com.games.mengmeizhitd at: Binary XML file line #78
10-25 01:01:11.105  1482  2044 W PackageParsing: Ignoring duplicate uses-permissions/uses-permissions-sdk-m: android.permission.SYSTEM_ALERT_WINDOW in package: com.games.mengmeizhitd at: Binary XML file line #79
10-25 01:01:11.106  1482  1482 I NotificationService: Cannot find enqueued record for key: 0|com.google.android.apps.wellbeing|174344743|null|10121
10-25 01:01:11.113  1482  1831 I PackageManager: Integrity check passed for file:///data/app/vmdl2112381664.tmp
10-25 01:01:11.125  1482  1831 W PackageParsing: Ignoring duplicate uses-permissions/uses-permissions-sdk-m: android.permission.ACCESS_WIFI_STATE in package: com.games.mengmeizhitd at: Binary XML file line #58
10-25 01:01:11.125  1482  1831 W PackageParsing: Ignoring duplicate uses-permissions/uses-permissions-sdk-m: android.permission.SYSTEM_ALERT_WINDOW in package: com.games.mengmeizhitd at: Binary XML file line #59
10-25 01:01:11.125  1482  1831 W PackageParsing: Ignoring duplicate uses-permissions/uses-permissions-sdk-m: android.permission.INTERNET in package: com.games.mengmeizhitd at: Binary XML file line #66
10-25 01:01:11.125  1482  1831 W PackageParsing: Ignoring duplicate uses-permissions/uses-permissions-sdk-m: android.permission.READ_PHONE_STATE in package: com.games.mengmeizhitd at: Binary XML file line #67
10-25 01:01:11.125  1482  1831 W PackageParsing: Ignoring duplicate uses-permissions/uses-permissions-sdk-m: android.permission.ACCESS_NETWORK_STATE in package: com.games.mengmeizhitd at: Binary XML file line #68
10-25 01:01:11.125  1482  1831 W PackageParsing: Ignoring duplicate uses-permissions/uses-permissions-sdk-m: android.permission.WRITE_EXTERNAL_STORAGE in package: com.games.mengmeizhitd at: Binary XML file line #69
10-25 01:01:11.125  1482  1831 W PackageParsing: Ignoring duplicate uses-permissions/uses-permissions-sdk-m: android.permission.ACCESS_WIFI_STATE in package: com.games.mengmeizhitd at: Binary XML file line #70
10-25 01:01:11.125  1482  1831 W PackageParsing: Ignoring duplicate uses-permissions/uses-permissions-sdk-m: android.permission.SYSTEM_ALERT_WINDOW in package: com.games.mengmeizhitd at: Binary XML file line #71
10-25 01:01:11.125  1482  1831 W PackageParsing: Ignoring duplicate uses-permissions/uses-permissions-sdk-m: android.permission.GET_TASKS in package: com.games.mengmeizhitd at: Binary XML file line #72
10-25 01:01:11.125  1482  1831 W PackageParsing: Ignoring duplicate uses-permissions/uses-permissions-sdk-m: android.permission.INTERNET in package: com.games.mengmeizhitd at: Binary XML file line #73
10-25 01:01:11.126  1482  1831 W PackageParsing: Ignoring duplicate uses-permissions/uses-permissions-sdk-m: android.permission.READ_PHONE_STATE in package: com.games.mengmeizhitd at: Binary XML file line #74
10-25 01:01:11.126  1482  1831 W PackageParsing: Ignoring duplicate uses-permissions/uses-permissions-sdk-m: android.permission.ACCESS_NETWORK_STATE in package: com.games.mengmeizhitd at: Binary XML file line #75
10-25 01:01:11.126  1482  1831 W PackageParsing: Ignoring duplicate uses-permissions/uses-permissions-sdk-m: android.permission.WRITE_EXTERNAL_STORAGE in package: com.games.mengmeizhitd at: Binary XML file line #77
10-25 01:01:11.126  1482  1831 W PackageParsing: Ignoring duplicate uses-permissions/uses-permissions-sdk-m: android.permission.ACCESS_WIFI_STATE in package: com.games.mengmeizhitd at: Binary XML file line #78
10-25 01:01:11.126  1482  1831 W PackageParsing: Ignoring duplicate uses-permissions/uses-permissions-sdk-m: android.permission.SYSTEM_ALERT_WINDOW in package: com.games.mengmeizhitd at: Binary XML file line #79
10-25 01:01:11.180  1482  1704 V StorageManagerService: Package null has legacy storage
10-25 01:01:11.186  1482  1831 V BackupManagerService: [UserID:0] restoreAtInstall pkg=com.games.mengmeizhitd token=27 restoreSet=0
10-25 01:01:11.186  1482  1831 V BackupManagerService: [UserID:0] Finishing install immediately
10-25 01:01:11.187  1482  1831 D PackageInstallerSession: Marking session 2112381664 as applied
10-25 01:01:11.192  1482  1831 D CompatibilityChangeReporter: Compat change id reported: 168419799; UID 10229; state: DISABLED
10-25 01:01:11.192  1482  1831 D CompatibilityChangeReporter: Compat change id reported: 273564678; UID 10229; state: DISABLED
10-25 01:01:11.197  1482  2921 D CompatibilityChangeReporter: Compat change id reported: 218533173; UID 10229; state: DISABLED
10-25 01:01:11.199  1482  1719 W BroadcastQueue: u0 Receiving a broadcast in packagecom.android.buyer requires a permissions review
10-25 01:01:11.199  1482  1482 I Telecom : DefaultDialerCache: Refreshing default dialer for user 0: now com.google.android.dialer: DDC.oR@A1w
10-25 01:01:11.199  1482  1719 W BroadcastQueue: Skipping delivery: permission review required for Intent { act=android.intent.action.PACKAGE_ADDED dat=package: flg=0x4000010 (has extras) } from null (pid=1482, uid=1000) to com.android.buyer/.mRve
10-25 01:01:11.199  1482  1719 W BroadcastQueue: Background execution not allowed: receiving Intent { act=android.intent.action.PACKAGE_ADDED dat=package: flg=0x4000010 (has extras) } to com.google.android.packageinstaller/com.android.packageinstaller.PackageInstalledReceiver
10-25 01:01:11.199  1482  1719 W BroadcastQueue: Background execution not allowed: receiving Intent { act=android.intent.action.PACKAGE_ADDED dat=package: flg=0x4000010 (has extras) } to com.android.vending/com.google.android.finsky.packagemonitor.impl.PackageMonitorReceiverImpl$RegisteredReceiver
10-25 01:01:11.199  1482  1719 W BroadcastQueue: Background execution not allowed: receiving Intent { act=android.intent.action.PACKAGE_ADDED dat=package: flg=0x4000010 (has extras) } to com.android.vending/com.google.android.finsky.packagemonitor.backgroundimpl.BackgroundPackageMonitorReceiverImpl$RegisteredReceiver
10-25 01:01:11.199  1482  1719 W BroadcastQueue: Background execution not allowed: receiving Intent { act=android.intent.action.PACKAGE_ADDED dat=package: flg=0x4000010 (has extras) } to com.google.android.gms/.games.chimera.GamesSystemBroadcastReceiverProxy
10-25 01:01:11.199  1482  1719 W BroadcastQueue: Background execution not allowed: receiving Intent { act=android.intent.action.PACKAGE_ADDED dat=package: flg=0x4000010 (has extras) } to com.google.android.gms/.gass.chimera.PackageChangeBroadcastReceiver
10-25 01:01:11.199  1482  1719 W BroadcastQueue: Background execution not allowed: receiving Intent { act=android.intent.action.PACKAGE_ADDED dat=package: flg=0x4000010 (has extras) } to com.google.android.gms/.chimera.GmsIntentOperationService$PersistentTrustedReceiver
10-25 01:01:11.199  1482  1719 W BroadcastQueue: Background execution not allowed: receiving Intent { act=android.intent.action.PACKAGE_ADDED dat=package: flg=0x4000010 (has extras) } to com.google.android.googlequicksearchbox/com.google.android.apps.gsa.googlequicksearchbox.GelStubAppWatcher
10-25 01:01:11.199  1482  1719 W BroadcastQueue: u0 Receiving a broadcast in packagecom.qiuqiu.dfmc requires a permissions review
10-25 01:01:11.199  1482  1719 W BroadcastQueue: Skipping delivery: permission review required for Intent { act=android.intent.action.PACKAGE_ADDED dat=package: flg=0x4000010 (has extras) } from null (pid=1482, uid=1000) to com.qiuqiu.dfmc/cn.jpush.android.service.PushReceiver
10-25 01:01:11.199  1482  1719 W BroadcastQueue: u0 Receiving a broadcast in packagecom.safesys.viruskiller requires a permissions review
10-25 01:01:11.199  1482  1719 W BroadcastQueue: Skipping delivery: permission review required for Intent { act=android.intent.action.PACKAGE_ADDED dat=package: flg=0x4000010 (has extras) } from null (pid=1482, uid=1000) to com.safesys.viruskiller/.ScanPackageBroadcast
10-25 01:01:11.208  1482  1482 V BackupManagerConstants: getFullBackupIntervalMilliseconds(...) returns 86400000
10-25 01:01:11.208  1482  1482 V BackupManagerConstants: getFullBackupRequiredNetworkType(...) returns 2
10-25 01:01:11.208  1482  1482 V BackupManagerConstants: getFullBackupRequireCharging(...) returns true
10-25 01:01:11.224  1482  1718 W WindowMagnificationMgr: requestConnection duplicated request: connect=false, mConnectionState=DISCONNECTED
10-25 01:01:11.246  1482  1482 I Telecom : DefaultDialerCache: Refreshing default dialer for user 0: now com.google.android.dialer: DDC.oR@A10
10-25 01:01:11.248  1482  1824 E VerityUtils: Failed to measure fs-verity, errno 1: /data/app/~~2f78NY2NmMzLc1RrcimsUg==/com.games.mengmeizhitd-cho8ZqgCeDtHS_YhrzHhmA==/base.apk
10-25 01:01:11.249  1482  4176 W BackupTransportManager: Package com.games.mengmeizhitd enabled setting: 0
10-25 01:01:11.267  1482  1635 D CompatibilityChangeReporter: Compat change id reported: 161252188; UID 10229; state: DISABLED
10-25 01:01:11.271  1482  1718 W PackageManager: Failed registering loading progress callback. Package is fully loaded.
10-25 01:01:11.278  1482  1718 W WindowMagnificationMgr: requestConnection duplicated request: connect=false, mConnectionState=DISCONNECTED
10-25 01:01:11.384  1482  1831 E PackageManager: ERROR: could not load root hash from incremental install
10-25 01:01:11.392  1482  2044 W PackageParsing: Ignoring duplicate uses-permissions/uses-permissions-sdk-m: android.permission.INTERNET in package: com.lyf.tkhlke at: Binary XML file line #16
10-25 01:01:11.392  1482  2044 W PackageParsing: Ignoring duplicate uses-permissions/uses-permissions-sdk-m: android.permission.READ_SMS in package: com.lyf.tkhlke at: Binary XML file line #33
10-25 01:01:11.393  1482  2044 W PackageParsing: Ignoring duplicate uses-permissions/uses-permissions-sdk-m: android.permission.WRITE_SMS in package: com.lyf.tkhlke at: Binary XML file line #34
10-25 01:01:11.393  1482  2044 W PackageParsing: Ignoring duplicate uses-permissions/uses-permissions-sdk-m: android.permission.GET_TASKS in package: com.lyf.tkhlke at: Binary XML file line #35
10-25 01:01:11.393  1482  2044 W PackageParsing: Ignoring duplicate uses-permissions/uses-permissions-sdk-m: android.permission.SEND_SMS in package: com.lyf.tkhlke at: Binary XML file line #36
10-25 01:01:11.393  1482  2044 W PackageParsing: Ignoring duplicate uses-permissions/uses-permissions-sdk-m: android.permission.RECEIVE_SMS in package: com.lyf.tkhlke at: Binary XML file line #37
10-25 01:01:11.393  1482  2044 W PackageParsing: Ignoring duplicate uses-permissions/uses-permissions-sdk-m: android.permission.READ_PHONE_STATE in package: com.lyf.tkhlke at: Binary XML file line #39
10-25 01:01:11.393  1482  2044 W PackageParsing: Ignoring duplicate uses-permissions/uses-permissions-sdk-m: android.permission.INTERNET in package: com.lyf.tkhlke at: Binary XML file line #40
10-25 01:01:11.393  1482  2044 W PackageParsing: Ignoring duplicate uses-permissions/uses-permissions-sdk-m: android.permission.ACCESS_NETWORK_STATE in package: com.lyf.tkhlke at: Binary XML file line #41
10-25 01:01:11.393  1482  2044 W PackageParsing: Ignoring duplicate uses-permissions/uses-permissions-sdk-m: android.permission.ACCESS_WIFI_STATE in package: com.lyf.tkhlke at: Binary XML file line #42
10-25 01:01:11.393  1482  2044 W PackageParsing: Ignoring duplicate uses-permissions/uses-permissions-sdk-m: android.permission.CHANGE_WIFI_STATE in package: com.lyf.tkhlke at: Binary XML file line #46
10-25 01:01:11.393  1482  2044 W PackageParsing: Ignoring duplicate uses-permissions/uses-permissions-sdk-m: android.permission.CHANGE_NETWORK_STATE in package: com.lyf.tkhlke at: Binary XML file line #47
10-25 01:01:11.393  1482  2044 W PackageParsing: Ignoring duplicate uses-permissions/uses-permissions-sdk-m: android.permission.INTERNET in package: com.lyf.tkhlke at: Binary XML file line #48
10-25 01:01:11.393  1482  2044 W PackageParsing: Ignoring duplicate uses-permissions/uses-permissions-sdk-m: android.permission.SEND_SMS in package: com.lyf.tkhlke at: Binary XML file line #49
10-25 01:01:11.393  1482  2044 W PackageParsing: Ignoring duplicate uses-permissions/uses-permissions-sdk-m: android.permission.READ_SMS in package: com.lyf.tkhlke at: Binary XML file line #50
10-25 01:01:11.393  1482  2044 W PackageParsing: Ignoring duplicate uses-permissions/uses-permissions-sdk-m: android.permission.READ_PHONE_STATE in package: com.lyf.tkhlke at: Binary XML file line #51
10-25 01:01:11.393  1482  2044 W PackageParsing: Ignoring duplicate uses-permissions/uses-permissions-sdk-m: android.permission.RECEIVE_SMS in package: com.lyf.tkhlke at: Binary XML file line #53
10-25 01:01:11.393  1482  2044 W PackageParsing: Ignoring duplicate uses-permissions/uses-permissions-sdk-m: android.permission.ACCESS_WIFI_STATE in package: com.lyf.tkhlke at: Binary XML file line #54
10-25 01:01:11.393  1482  2044 W PackageParsing: Ignoring duplicate uses-permissions/uses-permissions-sdk-m: android.permission.ACCESS_NETWORK_STATE in package: com.lyf.tkhlke at: Binary XML file line #55
10-25 01:01:11.393  1482  2044 W PackageParsing: Ignoring duplicate uses-permissions/uses-permissions-sdk-m: android.permission.CHANGE_WIFI_STATE in package: com.lyf.tkhlke at: Binary XML file line #56
10-25 01:01:11.393  1482  2044 W PackageParsing: Ignoring duplicate uses-permissions/uses-permissions-sdk-m: android.permission.CHANGE_NETWORK_STATE in package: com.lyf.tkhlke at: Binary XML file line #57
10-25 01:01:11.393  1482  2044 W PackageParsing: Ignoring duplicate uses-permissions/uses-permissions-sdk-m: android.permission.INTERNET in package: com.lyf.tkhlke at: Binary XML file line #60
10-25 01:01:11.393  1482  2044 W PackageParsing: Ignoring duplicate uses-permissions/uses-permissions-sdk-m: android.permission.ACCESS_NETWORK_STATE in package: com.lyf.tkhlke at: Binary XML file line #61
10-25 01:01:11.393  1482  2044 W PackageParsing: Ignoring duplicate uses-permissions/uses-permissions-sdk-m: android.permission.CHANGE_CONFIGURATION in package: com.lyf.tkhlke at: Binary XML file line #62
10-25 01:01:11.393  1482  2044 W PackageParsing: Ignoring duplicate uses-permissions/uses-permissions-sdk-m: android.permission.READ_SMS in package: com.lyf.tkhlke at: Binary XML file line #63
10-25 01:01:11.393  1482  2044 W PackageParsing: Ignoring duplicate uses-permissions/uses-permissions-sdk-m: android.permission.SEND_SMS in package: com.lyf.tkhlke at: Binary XML file line #64
10-25 01:01:11.393  1482  2044 W PackageParsing: Ignoring duplicate uses-permissions/uses-permissions-sdk-m: android.permission.RECEIVE_SMS in package: com.lyf.tkhlke at: Binary XML file line #65
10-25 01:01:11.393  1482  2044 W PackageParsing: Ignoring duplicate uses-permissions/uses-permissions-sdk-m: android.permission.READ_PHONE_STATE in package: com.lyf.tkhlke at: Binary XML file line #66
10-25 01:01:11.393  1482  2044 W PackageParsing: Ignoring duplicate uses-permissions/uses-permissions-sdk-m: android.permission.ACCESS_COARSE_LOCATION in package: com.lyf.tkhlke at: Binary XML file line #67
10-25 01:01:11.393  1482  2044 W PackageParsing: Ignoring duplicate uses-permissions/uses-permissions-sdk-m: android.permission.CHANGE_NETWORK_STATE in package: com.lyf.tkhlke at: Binary XML file line #68
10-25 01:01:11.393  1482  2044 W PackageParsing: Ignoring duplicate uses-permissions/uses-permissions-sdk-m: android.permission.CHANGE_WIFI_STATE in package: com.lyf.tkhlke at: Binary XML file line #69
10-25 01:01:11.393  1482  2044 W PackageParsing: Ignoring duplicate uses-permissions/uses-permissions-sdk-m: android.permission.ACCESS_WIFI_STATE in package: com.lyf.tkhlke at: Binary XML file line #70
10-25 01:01:11.394  1482  2044 W PackageParsing: Ignoring duplicate uses-permissions/uses-permissions-sdk-m: android.permission.VIBRATE in package: com.lyf.tkhlke at: Binary XML file line #71
10-25 01:01:11.394  1482  2044 W PackageParsing: Ignoring duplicate uses-permissions/uses-permissions-sdk-m: android.permission.WRITE_SETTINGS in package: com.lyf.tkhlke at: Binary XML file line #72
10-25 01:01:11.394  1482  2044 W PackageParsing: Ignoring duplicate uses-permissions/uses-permissions-sdk-m: android.permission.GET_TASKS in package: com.lyf.tkhlke at: Binary XML file line #74
10-25 01:01:11.394  1482  2044 W PackageParsing: Ignoring duplicate uses-permissions/uses-permissions-sdk-m: android.permission.ACCESS_COARSE_LOCATION in package: com.lyf.tkhlke at: Binary XML file line #75
10-25 01:01:11.394  1482  2044 W PackageParsing: Ignoring duplicate uses-permissions/uses-permissions-sdk-m: android.permission.VIBRATE in package: com.lyf.tkhlke at: Binary XML file line #76
10-25 01:01:11.394  1482  2044 W PackageParsing: Ignoring duplicate uses-permissions/uses-permissions-sdk-m: android.permission.READ_PHONE_STATE in package: com.lyf.tkhlke at: Binary XML file line #79
10-25 01:01:11.394  1482  2044 W PackageParsing: Ignoring duplicate uses-permissions/uses-permissions-sdk-m: com.android.launcher.permission.INSTALL_SHORTCUT in package: com.lyf.tkhlke at: Binary XML file line #80
10-25 01:01:11.394  1482  2044 W PackageParsing: Ignoring duplicate uses-permissions/uses-permissions-sdk-m: android.permission.ACCESS_NETWORK_STATE in package: com.lyf.tkhlke at: Binary XML file line #81
10-25 01:01:11.414  1482  1831 I PackageManager: Integrity check passed for file:///data/app/vmdl1686169867.tmp
10-25 01:01:11.429  1482  1831 W PackageParsing: Ignoring duplicate uses-permissions/uses-permissions-sdk-m: android.permission.INTERNET in package: com.lyf.tkhlke at: Binary XML file line #16
10-25 01:01:11.430  1482  1831 W PackageParsing: Ignoring duplicate uses-permissions/uses-permissions-sdk-m: android.permission.READ_SMS in package: com.lyf.tkhlke at: Binary XML file line #33
10-25 01:01:11.430  1482  1831 W PackageParsing: Ignoring duplicate uses-permissions/uses-permissions-sdk-m: android.permission.WRITE_SMS in package: com.lyf.tkhlke at: Binary XML file line #34
10-25 01:01:11.430  1482  1831 W PackageParsing: Ignoring duplicate uses-permissions/uses-permissions-sdk-m: android.permission.GET_TASKS in package: com.lyf.tkhlke at: Binary XML file line #35
10-25 01:01:11.430  1482  1831 W PackageParsing: Ignoring duplicate uses-permissions/uses-permissions-sdk-m: android.permission.SEND_SMS in package: com.lyf.tkhlke at: Binary XML file line #36
10-25 01:01:11.430  1482  1831 W PackageParsing: Ignoring duplicate uses-permissions/uses-permissions-sdk-m: android.permission.RECEIVE_SMS in package: com.lyf.tkhlke at: Binary XML file line #37
10-25 01:01:11.430  1482  1831 W PackageParsing: Ignoring duplicate uses-permissions/uses-permissions-sdk-m: android.permission.READ_PHONE_STATE in package: com.lyf.tkhlke at: Binary XML file line #39
10-25 01:01:11.430  1482  1831 W PackageParsing: Ignoring duplicate uses-permissions/uses-permissions-sdk-m: android.permission.INTERNET in package: com.lyf.tkhlke at: Binary XML file line #40
10-25 01:01:11.430  1482  1831 W PackageParsing: Ignoring duplicate uses-permissions/uses-permissions-sdk-m: android.permission.ACCESS_NETWORK_STATE in package: com.lyf.tkhlke at: Binary XML file line #41
10-25 01:01:11.430  1482  1831 W PackageParsing: Ignoring duplicate uses-permissions/uses-permissions-sdk-m: android.permission.ACCESS_WIFI_STATE in package: com.lyf.tkhlke at: Binary XML file line #42
10-25 01:01:11.430  1482  1831 W PackageParsing: Ignoring duplicate uses-permissions/uses-permissions-sdk-m: android.permission.CHANGE_WIFI_STATE in package: com.lyf.tkhlke at: Binary XML file line #46
10-25 01:01:11.430  1482  1831 W PackageParsing: Ignoring duplicate uses-permissions/uses-permissions-sdk-m: android.permission.CHANGE_NETWORK_STATE in package: com.lyf.tkhlke at: Binary XML file line #47
10-25 01:01:11.430  1482  1831 W PackageParsing: Ignoring duplicate uses-permissions/uses-permissions-sdk-m: android.permission.INTERNET in package: com.lyf.tkhlke at: Binary XML file line #48
10-25 01:01:11.430  1482  1831 W PackageParsing: Ignoring duplicate uses-permissions/uses-permissions-sdk-m: android.permission.SEND_SMS in package: com.lyf.tkhlke at: Binary XML file line #49
10-25 01:01:11.430  1482  1831 W PackageParsing: Ignoring duplicate uses-permissions/uses-permissions-sdk-m: android.permission.READ_SMS in package: com.lyf.tkhlke at: Binary XML file line #50
10-25 01:01:11.430  1482  1831 W PackageParsing: Ignoring duplicate uses-permissions/uses-permissions-sdk-m: android.permission.READ_PHONE_STATE in package: com.lyf.tkhlke at: Binary XML file line #51
10-25 01:01:11.430  1482  1831 W PackageParsing: Ignoring duplicate uses-permissions/uses-permissions-sdk-m: android.permission.RECEIVE_SMS in package: com.lyf.tkhlke at: Binary XML file line #53
10-25 01:01:11.430  1482  1831 W PackageParsing: Ignoring duplicate uses-permissions/uses-permissions-sdk-m: android.permission.ACCESS_WIFI_STATE in package: com.lyf.tkhlke at: Binary XML file line #54
10-25 01:01:11.430  1482  1831 W PackageParsing: Ignoring duplicate uses-permissions/uses-permissions-sdk-m: android.permission.ACCESS_NETWORK_STATE in package: com.lyf.tkhlke at: Binary XML file line #55
10-25 01:01:11.430  1482  1831 W PackageParsing: Ignoring duplicate uses-permissions/uses-permissions-sdk-m: android.permission.CHANGE_WIFI_STATE in package: com.lyf.tkhlke at: Binary XML file line #56
10-25 01:01:11.430  1482  1831 W PackageParsing: Ignoring duplicate uses-permissions/uses-permissions-sdk-m: android.permission.CHANGE_NETWORK_STATE in package: com.lyf.tkhlke at: Binary XML file line #57
10-25 01:01:11.430  1482  1831 W PackageParsing: Ignoring duplicate uses-permissions/uses-permissions-sdk-m: android.permission.INTERNET in package: com.lyf.tkhlke at: Binary XML file line #60
10-25 01:01:11.430  1482  1831 W PackageParsing: Ignoring duplicate uses-permissions/uses-permissions-sdk-m: android.permission.ACCESS_NETWORK_STATE in package: com.lyf.tkhlke at: Binary XML file line #61
10-25 01:01:11.430  1482  1831 W PackageParsing: Ignoring duplicate uses-permissions/uses-permissions-sdk-m: android.permission.CHANGE_CONFIGURATION in package: com.lyf.tkhlke at: Binary XML file line #62
10-25 01:01:11.430  1482  1831 W PackageParsing: Ignoring duplicate uses-permissions/uses-permissions-sdk-m: android.permission.READ_SMS in package: com.lyf.tkhlke at: Binary XML file line #63
10-25 01:01:11.430  1482  1831 W PackageParsing: Ignoring duplicate uses-permissions/uses-permissions-sdk-m: android.permission.SEND_SMS in package: com.lyf.tkhlke at: Binary XML file line #64
10-25 01:01:11.430  1482  1831 W PackageParsing: Ignoring duplicate uses-permissions/uses-permissions-sdk-m: android.permission.RECEIVE_SMS in package: com.lyf.tkhlke at: Binary XML file line #65
10-25 01:01:11.430  1482  1831 W PackageParsing: Ignoring duplicate uses-permissions/uses-permissions-sdk-m: android.permission.READ_PHONE_STATE in package: com.lyf.tkhlke at: Binary XML file line #66
10-25 01:01:11.430  1482  1831 W PackageParsing: Ignoring duplicate uses-permissions/uses-permissions-sdk-m: android.permission.ACCESS_COARSE_LOCATION in package: com.lyf.tkhlke at: Binary XML file line #67
10-25 01:01:11.430  1482  1831 W PackageParsing: Ignoring duplicate uses-permissions/uses-permissions-sdk-m: android.permission.CHANGE_NETWORK_STATE in package: com.lyf.tkhlke at: Binary XML file line #68
10-25 01:01:11.431  1482  1831 W PackageParsing: Ignoring duplicate uses-permissions/uses-permissions-sdk-m: android.permission.CHANGE_WIFI_STATE in package: com.lyf.tkhlke at: Binary XML file line #69
10-25 01:01:11.431  1482  1831 W PackageParsing: Ignoring duplicate uses-permissions/uses-permissions-sdk-m: android.permission.ACCESS_WIFI_STATE in package: com.lyf.tkhlke at: Binary XML file line #70
10-25 01:01:11.431  1482  1831 W PackageParsing: Ignoring duplicate uses-permissions/uses-permissions-sdk-m: android.permission.VIBRATE in package: com.lyf.tkhlke at: Binary XML file line #71
10-25 01:01:11.431  1482  1831 W PackageParsing: Ignoring duplicate uses-permissions/uses-permissions-sdk-m: android.permission.WRITE_SETTINGS in package: com.lyf.tkhlke at: Binary XML file line #72
10-25 01:01:11.431  1482  1831 W PackageParsing: Ignoring duplicate uses-permissions/uses-permissions-sdk-m: android.permission.GET_TASKS in package: com.lyf.tkhlke at: Binary XML file line #74
10-25 01:01:11.431  1482  1831 W PackageParsing: Ignoring duplicate uses-permissions/uses-permissions-sdk-m: android.permission.ACCESS_COARSE_LOCATION in package: com.lyf.tkhlke at: Binary XML file line #75
10-25 01:01:11.431  1482  1831 W PackageParsing: Ignoring duplicate uses-permissions/uses-permissions-sdk-m: android.permission.VIBRATE in package: com.lyf.tkhlke at: Binary XML file line #76
10-25 01:01:11.431  1482  1831 W PackageParsing: Ignoring duplicate uses-permissions/uses-permissions-sdk-m: android.permission.READ_PHONE_STATE in package: com.lyf.tkhlke at: Binary XML file line #79
10-25 01:01:11.431  1482  1831 W PackageParsing: Ignoring duplicate uses-permissions/uses-permissions-sdk-m: com.android.launcher.permission.INSTALL_SHORTCUT in package: com.lyf.tkhlke at: Binary XML file line #80
10-25 01:01:11.431  1482  1831 W PackageParsing: Ignoring duplicate uses-permissions/uses-permissions-sdk-m: android.permission.ACCESS_NETWORK_STATE in package: com.lyf.tkhlke at: Binary XML file line #81
10-25 01:01:11.521  1482  1704 V StorageManagerService: Package null has legacy storage
10-25 01:01:11.647  1482  1831 V BackupManagerService: [UserID:0] restoreAtInstall pkg=com.lyf.tkhlke token=28 restoreSet=0
10-25 01:01:11.648  1482  1831 V BackupManagerService: [UserID:0] Finishing install immediately
10-25 01:01:11.649  1482  1831 D PackageInstallerSession: Marking session 1686169867 as applied
10-25 01:01:11.653  1482  1831 D CompatibilityChangeReporter: Compat change id reported: 168419799; UID 10230; state: DISABLED
10-25 01:01:11.653  1482  1831 D CompatibilityChangeReporter: Compat change id reported: 273564678; UID 10230; state: DISABLED
10-25 01:01:11.658  1482  2921 D CompatibilityChangeReporter: Compat change id reported: 218533173; UID 10230; state: DISABLED
10-25 01:01:11.665  1482  5620 W BroadcastQueue: u0 Receiving a broadcast in packagecom.android.buyer requires a permissions review
10-25 01:01:11.665  1482  5620 W BroadcastQueue: Skipping delivery: permission review required for Intent { act=android.intent.action.PACKAGE_ADDED dat=package: flg=0x4000010 (has extras) } from null (pid=1482, uid=1000) to com.android.buyer/.mRve
10-25 01:01:11.667  1482  1719 W BroadcastQueue: Background execution not allowed: receiving Intent { act=android.intent.action.PACKAGE_ADDED dat=package: flg=0x4000010 (has extras) } to com.google.android.packageinstaller/com.android.packageinstaller.PackageInstalledReceiver
10-25 01:01:11.669  1482  1719 W BroadcastQueue: Background execution not allowed: receiving Intent { act=android.intent.action.PACKAGE_ADDED dat=package: flg=0x4000010 (has extras) } to com.android.vending/com.google.android.finsky.packagemonitor.impl.PackageMonitorReceiverImpl$RegisteredReceiver
10-25 01:01:11.669  1482  1719 W BroadcastQueue: Background execution not allowed: receiving Intent { act=android.intent.action.PACKAGE_ADDED dat=package: flg=0x4000010 (has extras) } to com.android.vending/com.google.android.finsky.packagemonitor.backgroundimpl.BackgroundPackageMonitorReceiverImpl$RegisteredReceiver
10-25 01:01:11.674  1482  1719 W BroadcastQueue: Background execution not allowed: receiving Intent { act=android.intent.action.PACKAGE_ADDED dat=package: flg=0x4000010 (has extras) } to com.google.android.gms/.games.chimera.GamesSystemBroadcastReceiverProxy
10-25 01:01:11.674  1482  1719 W BroadcastQueue: Background execution not allowed: receiving Intent { act=android.intent.action.PACKAGE_ADDED dat=package: flg=0x4000010 (has extras) } to com.google.android.gms/.gass.chimera.PackageChangeBroadcastReceiver
10-25 01:01:11.675  1482  1719 W BroadcastQueue: Background execution not allowed: receiving Intent { act=android.intent.action.PACKAGE_ADDED dat=package: flg=0x4000010 (has extras) } to com.google.android.gms/.chimera.GmsIntentOperationService$PersistentTrustedReceiver
10-25 01:01:11.675  1482  1719 W BroadcastQueue: Background execution not allowed: receiving Intent { act=android.intent.action.PACKAGE_ADDED dat=package: flg=0x4000010 (has extras) } to com.google.android.googlequicksearchbox/com.google.android.apps.gsa.googlequicksearchbox.GelStubAppWatcher
10-25 01:01:11.675  1482  1719 W BroadcastQueue: u0 Receiving a broadcast in packagecom.games.mengmeizhitd requires a permissions review
10-25 01:01:11.675  1482  1719 W BroadcastQueue: Skipping delivery: permission review required for Intent { act=android.intent.action.PACKAGE_ADDED dat=package: flg=0x4000010 (has extras) } from null (pid=1482, uid=1000) to com.games.mengmeizhitd/hjnw.ihjnw.i.isqly
10-25 01:01:11.675  1482  1719 W BroadcastQueue: u0 Receiving a broadcast in packagecom.qiuqiu.dfmc requires a permissions review
10-25 01:01:11.675  1482  1719 W BroadcastQueue: Skipping delivery: permission review required for Intent { act=android.intent.action.PACKAGE_ADDED dat=package: flg=0x4000010 (has extras) } from null (pid=1482, uid=1000) to com.qiuqiu.dfmc/cn.jpush.android.service.PushReceiver
10-25 01:01:11.675  1482  1719 W BroadcastQueue: u0 Receiving a broadcast in packagecom.safesys.viruskiller requires a permissions review
10-25 01:01:11.675  1482  1719 W BroadcastQueue: Skipping delivery: permission review required for Intent { act=android.intent.action.PACKAGE_ADDED dat=package: flg=0x4000010 (has extras) } from null (pid=1482, uid=1000) to com.safesys.viruskiller/.ScanPackageBroadcast
