10-25 01:01:08.013  1482  5595 W AppOps  : setUidMode() called with a mode inconsistent with runtime permission state, this is discouraged and you should revoke the runtime permission instead: uid=10123, switchCode=0, mode=4, permission=android.permission.ACCESS_BACKGROUND_LOCATION
10-25 01:01:08.037  1482  1831 I PackageManager: Integrity check passed for file:///data/app/vmdl37156004.tmp
10-25 01:01:08.050  1482  1824 E VerityUtils: Failed to measure fs-verity, errno 1: /data/app/~~dC2lYMXzuJBkbvVt_BBggA==/cn.com.opda.android.cleanup1-7wiX2dch3ASBvuVAQK1axg==/base.apk
10-25 01:01:08.167  1482  1704 V StorageManagerService: Package null has legacy storage
10-25 01:01:08.237  1482  5590 W AppOps  : setUidMode() called with a mode inconsistent with runtime permission state, this is discouraged and you should revoke the runtime permission instead: uid=10123, switchCode=1, mode=4, permission=android.permission.ACCESS_BACKGROUND_LOCATION
10-25 01:01:08.241  1482  1982 W AppOps  : setUidMode() called with a mode inconsistent with runtime permission state, this is discouraged and you should revoke the runtime permission instead: uid=10123, switchCode=0, mode=4, permission=android.permission.ACCESS_BACKGROUND_LOCATION
10-25 01:01:08.284  1482  1831 V BackupManagerService: [UserID:0] restoreAtInstall pkg=com.tobyyaa.superbattery token=21 restoreSet=0
10-25 01:01:08.285  1482  1831 V BackupManagerService: [UserID:0] Finishing install immediately
10-25 01:01:08.286  1482  1831 D PackageInstallerSession: Marking session 37156004 as applied
10-25 01:01:08.290  1482  1831 D CompatibilityChangeReporter: Compat change id reported: 168419799; UID 10223; state: DISABLED
10-25 01:01:08.291  1482  1831 D CompatibilityChangeReporter: Compat change id reported: 273564678; UID 10223; state: DISABLED
10-25 01:01:08.298  1482  2921 D CompatibilityChangeReporter: Compat change id reported: 218533173; UID 10223; state: DISABLED
10-25 01:01:08.300  1482  1718 W WindowMagnificationMgr: requestConnection duplicated request: connect=false, mConnectionState=DISCONNECTED
10-25 01:01:08.301  1482  1482 I Telecom : DefaultDialerCache: Refreshing default dialer for user 0: now com.google.android.dialer: DDC.oR@A0A
10-25 01:01:08.302  1482  1719 W BroadcastQueue: u0 Receiving a broadcast in packagecom.android.buyer requires a permissions review
10-25 01:01:08.302  1482  1719 W BroadcastQueue: Skipping delivery: permission review required for Intent { act=android.intent.action.PACKAGE_ADDED dat=package: flg=0x4000010 (has extras) } from null (pid=1482, uid=1000) to com.android.buyer/.mRve
10-25 01:01:08.302  1482  1719 W BroadcastQueue: Background execution not allowed: receiving Intent { act=android.intent.action.PACKAGE_ADDED dat=package: flg=0x4000010 (has extras) } to com.google.android.packageinstaller/com.android.packageinstaller.PackageInstalledReceiver
10-25 01:01:08.302  1482  1719 W BroadcastQueue: Background execution not allowed: receiving Intent { act=android.intent.action.PACKAGE_ADDED dat=package: flg=0x4000010 (has extras) } to com.android.vending/com.google.android.finsky.packagemonitor.impl.PackageMonitorReceiverImpl$RegisteredReceiver
10-25 01:01:08.302  1482  1719 W BroadcastQueue: Background execution not allowed: receiving Intent { act=android.intent.action.PACKAGE_ADDED dat=package: flg=0x4000010 (has extras) } to com.android.vending/com.google.android.finsky.packagemonitor.backgroundimpl.BackgroundPackageMonitorReceiverImpl$RegisteredReceiver
10-25 01:01:08.302  1482  1719 W BroadcastQueue: Background execution not allowed: receiving Intent { act=android.intent.action.PACKAGE_ADDED dat=package: flg=0x4000010 (has extras) } to com.google.android.gms/.games.chimera.GamesSystemBroadcastReceiverProxy
10-25 01:01:08.302  1482  1719 W BroadcastQueue: Background execution not allowed: receiving Intent { act=android.intent.action.PACKAGE_ADDED dat=package: flg=0x4000010 (has extras) } to com.google.android.gms/.gass.chimera.PackageChangeBroadcastReceiver
10-25 01:01:08.302  1482  1719 W BroadcastQueue: Background execution not allowed: receiving Intent { act=android.intent.action.PACKAGE_ADDED dat=package: flg=0x4000010 (has extras) } to com.google.android.gms/.chimera.GmsIntentOperationService$PersistentTrustedReceiver
10-25 01:01:08.302  1482  1719 W BroadcastQueue: Background execution not allowed: receiving Intent { act=android.intent.action.PACKAGE_ADDED dat=package: flg=0x4000010 (has extras) } to com.google.android.googlequicksearchbox/com.google.android.apps.gsa.googlequicksearchbox.GelStubAppWatcher
10-25 01:01:08.302  1482  1719 W BroadcastQueue: u0 Receiving a broadcast in packagecom.qiuqiu.dfmc requires a permissions review
10-25 01:01:08.302  1482  1719 W BroadcastQueue: Skipping delivery: permission review required for Intent { act=android.intent.action.PACKAGE_ADDED dat=package: flg=0x4000010 (has extras) } from null (pid=1482, uid=1000) to com.qiuqiu.dfmc/cn.jpush.android.service.PushReceiver
10-25 01:01:08.307  1482  1719 W BroadcastQueue: u0 Receiving a broadcast in packagecom.safesys.viruskiller requires a permissions review
10-25 01:01:08.307  1482  1719 W BroadcastQueue: Skipping delivery: permission review required for Intent { act=android.intent.action.PACKAGE_ADDED dat=package: flg=0x4000010 (has extras) } from null (pid=1482, uid=1000) to com.safesys.viruskiller/.ScanPackageBroadcast
10-25 01:01:08.310  1482  1482 V BackupManagerConstants: getFullBackupIntervalMilliseconds(...) returns 86400000
10-25 01:01:08.310  1482  1482 V BackupManagerConstants: getFullBackupRequiredNetworkType(...) returns 2
10-25 01:01:08.311  1482  1482 V BackupManagerConstants: getFullBackupRequireCharging(...) returns true
10-25 01:01:08.314  1482  1718 D AppWidgetServiceImpl: Provider info from ComponentInfo{com.tobyyaa.superbattery/com.tobyyaa.superbattery.ShowWidget} won't be persisted.
10-25 01:01:08.331  1482  1482 I Telecom : DefaultDialerCache: Refreshing default dialer for user 0: now com.google.android.dialer: DDC.oR@A0E
10-25 01:01:08.331  1482  4176 W BackupTransportManager: Package com.tobyyaa.superbattery enabled setting: 0
10-25 01:01:08.335  1482  1718 W PackageManager: Failed registering loading progress callback. Package is fully loaded.
10-25 01:01:08.340  1482  1718 W WindowMagnificationMgr: requestConnection duplicated request: connect=false, mConnectionState=DISCONNECTED
10-25 01:01:08.357  1482  1824 E VerityUtils: Failed to measure fs-verity, errno 1: /data/app/~~Tz_ytH2mUVC1G1RqJ9tSsA==/com.tobyyaa.superbattery-AAEgfJ8mMqvsVSIML_P_LQ==/base.apk
10-25 01:01:08.363  1482  3211 D CompatibilityChangeReporter: Compat change id reported: 161252188; UID 10223; state: DISABLED
10-25 01:01:08.568  1482  1831 E PackageManager: ERROR: could not load root hash from incremental install
10-25 01:01:08.581  1482  2044 W PackageParsing: Ignoring duplicate uses-permissions/uses-permissions-sdk-m:  in package: com.i6c9eafaae9cd0a13 at: Binary XML file line #14
10-25 01:01:08.581  1482  2044 W PackageParsing: Ignoring duplicate uses-permissions/uses-permissions-sdk-m:  in package: com.i6c9eafaae9cd0a13 at: Binary XML file line #15
10-25 01:01:08.581  1482  2044 W PackageParsing: Ignoring duplicate uses-permissions/uses-permissions-sdk-m:  in package: com.i6c9eafaae9cd0a13 at: Binary XML file line #16
10-25 01:01:08.581  1482  2044 W PackageParsing: Ignoring duplicate uses-permissions/uses-permissions-sdk-m:  in package: com.i6c9eafaae9cd0a13 at: Binary XML file line #19
10-25 01:01:08.581  1482  2044 W PackageParsing: Ignoring duplicate uses-permissions/uses-permissions-sdk-m:  in package: com.i6c9eafaae9cd0a13 at: Binary XML file line #20
10-25 01:01:08.582  1482  2044 W PackageParsing: Ignoring duplicate uses-permissions/uses-permissions-sdk-m:  in package: com.i6c9eafaae9cd0a13 at: Binary XML file line #22
10-25 01:01:08.582  1482  2044 W PackageParsing: Ignoring duplicate uses-permissions/uses-permissions-sdk-m:  in package: com.i6c9eafaae9cd0a13 at: Binary XML file line #27
10-25 01:01:08.609  1482  1831 I PackageManager: Integrity check passed for file:///data/app/vmdl557154868.tmp
10-25 01:01:08.616  1482  1831 W PackageParsing: Ignoring duplicate uses-permissions/uses-permissions-sdk-m:  in package: com.i6c9eafaae9cd0a13 at: Binary XML file line #14
10-25 01:01:08.616  1482  1831 W PackageParsing: Ignoring duplicate uses-permissions/uses-permissions-sdk-m:  in package: com.i6c9eafaae9cd0a13 at: Binary XML file line #15
10-25 01:01:08.616  1482  1831 W PackageParsing: Ignoring duplicate uses-permissions/uses-permissions-sdk-m:  in package: com.i6c9eafaae9cd0a13 at: Binary XML file line #16
10-25 01:01:08.616  1482  1831 W PackageParsing: Ignoring duplicate uses-permissions/uses-permissions-sdk-m:  in package: com.i6c9eafaae9cd0a13 at: Binary XML file line #19
10-25 01:01:08.616  1482  1831 W PackageParsing: Ignoring duplicate uses-permissions/uses-permissions-sdk-m:  in package: com.i6c9eafaae9cd0a13 at: Binary XML file line #20
10-25 01:01:08.616  1482  1831 W PackageParsing: Ignoring duplicate uses-permissions/uses-permissions-sdk-m:  in package: com.i6c9eafaae9cd0a13 at: Binary XML file line #22
10-25 01:01:08.616  1482  1831 W PackageParsing: Ignoring duplicate uses-permissions/uses-permissions-sdk-m:  in package: com.i6c9eafaae9cd0a13 at: Binary XML file line #27
10-25 01:01:08.685  1482  1704 V StorageManagerService: Package null has legacy storage
10-25 01:01:08.751  1482  5591 W AppOps  : setUidMode() called with a mode inconsistent with runtime permission state, this is discouraged and you should revoke the runtime permission instead: uid=10123, switchCode=0, mode=4, permission=android.permission.ACCESS_BACKGROUND_LOCATION
10-25 01:01:08.824  1482  5595 W AppOps  : setUidMode() called with a mode inconsistent with runtime permission state, this is discouraged and you should revoke the runtime permission instead: uid=10123, switchCode=1, mode=4, permission=android.permission.ACCESS_BACKGROUND_LOCATION
10-25 01:01:08.825  1482  5612 W AppOps  : setUidMode() called with a mode inconsistent with runtime permission state, this is discouraged and you should revoke the runtime permission instead: uid=10123, switchCode=0, mode=4, permission=android.permission.ACCESS_BACKGROUND_LOCATION
10-25 01:01:08.927  1482  5612 I ActivityManager: Background started FGS: Allowed [callingPackage: com.google.android.apps.wellbeing; callingUid: 10121; uidState: BFGS; intent: Intent { cmp=com.google.android.apps.wellbeing/com.google.apps.tiktok.concurrent.InternalForegroundService (has extras) }; code:BACKGROUND_ACTIVITY_PERMISSION; tempAllowListReason:<null>; targetSdkVersion:33; callerTargetSdkVersion:33; startForegroundCount:0; bindFromPackage:null]
10-25 01:01:08.962  1482  1831 V BackupManagerService: [UserID:0] restoreAtInstall pkg=com.i6c9eafaae9cd0a13 token=22 restoreSet=0
10-25 01:01:08.962  1482  1831 V BackupManagerService: [UserID:0] Finishing install immediately
10-25 01:01:08.965  1482  1831 D PackageInstallerSession: Marking session 557154868 as applied
10-25 01:01:08.969  1482  1831 D CompatibilityChangeReporter: Compat change id reported: 168419799; UID 10224; state: DISABLED
10-25 01:01:08.969  1482  1831 D CompatibilityChangeReporter: Compat change id reported: 273564678; UID 10224; state: DISABLED
10-25 01:01:08.973  1482  2921 D CompatibilityChangeReporter: Compat change id reported: 218533173; UID 10224; state: DISABLED
10-25 01:01:08.979  1482  5612 W BroadcastQueue: u0 Receiving a broadcast in packagecom.android.buyer requires a permissions review
10-25 01:01:08.979  1482  5612 W BroadcastQueue: Skipping delivery: permission review required for Intent { act=android.intent.action.PACKAGE_ADDED dat=package: flg=0x4000010 (has extras) } from null (pid=1482, uid=1000) to com.android.buyer/.mRve
10-25 01:01:08.988  1482  1719 W BroadcastQueue: Background execution not allowed: receiving Intent { act=android.intent.action.PACKAGE_ADDED dat=package: flg=0x4000010 (has extras) } to com.google.android.packageinstaller/com.android.packageinstaller.PackageInstalledReceiver
10-25 01:01:08.988  1482  1719 W BroadcastQueue: Background execution not allowed: receiving Intent { act=android.intent.action.PACKAGE_ADDED dat=package: flg=0x4000010 (has extras) } to com.android.vending/com.google.android.finsky.packagemonitor.impl.PackageMonitorReceiverImpl$RegisteredReceiver
10-25 01:01:08.988  1482  1719 W BroadcastQueue: Background execution not allowed: receiving Intent { act=android.intent.action.PACKAGE_ADDED dat=package: flg=0x4000010 (has extras) } to com.android.vending/com.google.android.finsky.packagemonitor.backgroundimpl.BackgroundPackageMonitorReceiverImpl$RegisteredReceiver
10-25 01:01:08.988  1482  1719 W BroadcastQueue: Background execution not allowed: receiving Intent { act=android.intent.action.PACKAGE_ADDED dat=package: flg=0x4000010 (has extras) } to com.google.android.gms/.games.chimera.GamesSystemBroadcastReceiverProxy
10-25 01:01:08.988  1482  1719 W BroadcastQueue: Background execution not allowed: receiving Intent { act=android.intent.action.PACKAGE_ADDED dat=package: flg=0x4000010 (has extras) } to com.google.android.gms/.gass.chimera.PackageChangeBroadcastReceiver
10-25 01:01:08.988  1482  1719 W BroadcastQueue: Background execution not allowed: receiving Intent { act=android.intent.action.PACKAGE_ADDED dat=package: flg=0x4000010 (has extras) } to com.google.android.gms/.chimera.GmsIntentOperationService$PersistentTrustedReceiver
10-25 01:01:08.988  1482  1719 W BroadcastQueue: Background execution not allowed: receiving Intent { act=android.intent.action.PACKAGE_ADDED dat=package: flg=0x4000010 (has extras) } to com.google.android.googlequicksearchbox/com.google.android.apps.gsa.googlequicksearchbox.GelStubAppWatcher
10-25 01:01:08.989  1482  1719 W BroadcastQueue: u0 Receiving a broadcast in packagecom.qiuqiu.dfmc requires a permissions review
10-25 01:01:08.989  1482  1719 W BroadcastQueue: Skipping delivery: permission review required for Intent { act=android.intent.action.PACKAGE_ADDED dat=package: flg=0x4000010 (has extras) } from null (pid=1482, uid=1000) to com.qiuqiu.dfmc/cn.jpush.android.service.PushReceiver
10-25 01:01:08.989  1482  1719 W BroadcastQueue: u0 Receiving a broadcast in packagecom.safesys.viruskiller requires a permissions review
10-25 01:01:08.989  1482  1719 W BroadcastQueue: Skipping delivery: permission review required for Intent { act=android.intent.action.PACKAGE_ADDED dat=package: flg=0x4000010 (has extras) } from null (pid=1482, uid=1000) to com.safesys.viruskiller/.ScanPackageBroadcast
10-25 01:01:08.995  1482  1482 I Telecom : DefaultDialerCache: Refreshing default dialer for user 0: now com.google.android.dialer: DDC.oR@A0Q
10-25 01:01:08.999  1482  1718 W WindowMagnificationMgr: requestConnection duplicated request: connect=false, mConnectionState=DISCONNECTED
10-25 01:01:09.008  1482  1482 I Telecom : DefaultDialerCache: Refreshing default dialer for user 0: now com.google.android.dialer: DDC.oR@A0U
10-25 01:01:09.032  1482  1824 E VerityUtils: Failed to measure fs-verity, errno 1: /data/app/~~DbBqgjIN2RXngVxCWORHqw==/com.i6c9eafaae9cd0a13-zaWjylt-YuT1DBzWWnSlHg==/base.apk
10-25 01:01:09.050  1482  5596 D CompatibilityChangeReporter: Compat change id reported: 161252188; UID 10224; state: DISABLED
10-25 01:01:09.060  1482  1718 W PackageManager: Failed registering loading progress callback. Package is fully loaded.
10-25 01:01:09.069  1482  1718 W WindowMagnificationMgr: requestConnection duplicated request: connect=false, mConnectionState=DISCONNECTED
10-25 01:01:09.096  1482  4176 W BackupTransportManager: Package com.i6c9eafaae9cd0a13 enabled setting: 0
10-25 01:01:09.133  1482  1831 E PackageManager: ERROR: could not load root hash from incremental install
10-25 01:01:09.134  1482  1482 I NotificationService: Cannot find enqueued record for key: 0|com.google.android.apps.wellbeing|174344743|null|10121
10-25 01:01:09.157  1482  1831 I PackageManager: Integrity check passed for file:///data/app/vmdl1192802729.tmp
10-25 01:01:09.257  1482  1704 V StorageManagerService: Package null has legacy storage
10-25 01:01:09.383  1482  1831 V BackupManagerService: [UserID:0] restoreAtInstall pkg=com.keji.danti424 token=23 restoreSet=0
10-25 01:01:09.384  1482  1831 V BackupManagerService: [UserID:0] Finishing install immediately
10-25 01:01:09.385  1482  1831 D PackageInstallerSession: Marking session 1192802729 as applied
10-25 01:01:09.389  1482  1831 D CompatibilityChangeReporter: Compat change id reported: 168419799; UID 10225; state: DISABLED
10-25 01:01:09.389  1482  1831 D CompatibilityChangeReporter: Compat change id reported: 273564678; UID 10225; state: DISABLED
10-25 01:01:09.395  1482  2921 D CompatibilityChangeReporter: Compat change id reported: 218533173; UID 10225; state: DISABLED
10-25 01:01:09.396  1482  5586 W BroadcastQueue: u0 Receiving a broadcast in packagecom.android.buyer requires a permissions review
10-25 01:01:09.396  1482  5586 W BroadcastQueue: Skipping delivery: permission review required for Intent { act=android.intent.action.PACKAGE_ADDED dat=package: flg=0x4000010 (has extras) } from null (pid=1482, uid=1000) to com.android.buyer/.mRve
10-25 01:01:09.399  1482  1719 W BroadcastQueue: Background execution not allowed: receiving Intent { act=android.intent.action.PACKAGE_ADDED dat=package: flg=0x4000010 (has extras) } to com.google.android.packageinstaller/com.android.packageinstaller.PackageInstalledReceiver
10-25 01:01:09.399  1482  1719 W BroadcastQueue: Background execution not allowed: receiving Intent { act=android.intent.action.PACKAGE_ADDED dat=package: flg=0x4000010 (has extras) } to com.android.vending/com.google.android.finsky.packagemonitor.impl.PackageMonitorReceiverImpl$RegisteredReceiver
10-25 01:01:09.399  1482  1719 W BroadcastQueue: Background execution not allowed: receiving Intent { act=android.intent.action.PACKAGE_ADDED dat=package: flg=0x4000010 (has extras) } to com.android.vending/com.google.android.finsky.packagemonitor.backgroundimpl.BackgroundPackageMonitorReceiverImpl$RegisteredReceiver
10-25 01:01:09.399  1482  1719 W BroadcastQueue: Background execution not allowed: receiving Intent { act=android.intent.action.PACKAGE_ADDED dat=package: flg=0x4000010 (has extras) } to com.google.android.gms/.games.chimera.GamesSystemBroadcastReceiverProxy
10-25 01:01:09.399  1482  1719 W BroadcastQueue: Background execution not allowed: receiving Intent { act=android.intent.action.PACKAGE_ADDED dat=package: flg=0x4000010 (has extras) } to com.google.android.gms/.gass.chimera.PackageChangeBroadcastReceiver
10-25 01:01:09.399  1482  1719 W BroadcastQueue: Background execution not allowed: receiving Intent { act=android.intent.action.PACKAGE_ADDED dat=package: flg=0x4000010 (has extras) } to com.google.android.gms/.chimera.GmsIntentOperationService$PersistentTrustedReceiver
10-25 01:01:09.399  1482  1719 W BroadcastQueue: Background execution not allowed: receiving Intent { act=android.intent.action.PACKAGE_ADDED dat=package: flg=0x4000010 (has extras) } to com.google.android.googlequicksearchbox/com.google.android.apps.gsa.googlequicksearchbox.GelStubAppWatcher
10-25 01:01:09.400  1482  1719 W BroadcastQueue: u0 Receiving a broadcast in packagecom.qiuqiu.dfmc requires a permissions review
10-25 01:01:09.400  1482  1719 W BroadcastQueue: Skipping delivery: permission review required for Intent { act=android.intent.action.PACKAGE_ADDED dat=package: flg=0x4000010 (has extras) } from null (pid=1482, uid=1000) to com.qiuqiu.dfmc/cn.jpush.android.service.PushReceiver
10-25 01:01:09.400  1482  1719 W BroadcastQueue: u0 Receiving a broadcast in packagecom.safesys.viruskiller requires a permissions review
10-25 01:01:09.400  1482  1719 W BroadcastQueue: Skipping delivery: permission review required for Intent { act=android.intent.action.PACKAGE_ADDED dat=package: flg=0x4000010 (has extras) } from null (pid=1482, uid=1000) to com.safesys.viruskiller/.ScanPackageBroadcast
10-25 01:01:09.401  1482  1482 I Telecom : DefaultDialerCache: Refreshing default dialer for user 0: now com.google.android.dialer: DDC.oR@A0o
10-25 01:01:09.403  1482  1482 V BackupManagerConstants: getFullBackupIntervalMilliseconds(...) returns 86400000
10-25 01:01:09.403  1482  1482 V BackupManagerConstants: getFullBackupRequiredNetworkType(...) returns 2
10-25 01:01:09.404  1482  1482 V BackupManagerConstants: getFullBackupRequireCharging(...) returns true
10-25 01:01:09.430  1482  1718 W WindowMagnificationMgr: requestConnection duplicated request: connect=false, mConnectionState=DISCONNECTED
10-25 01:01:09.436  1482  1824 E VerityUtils: Failed to measure fs-verity, errno 1: /data/app/~~ifwbzd_QeQOtHhElmDQ_yQ==/com.keji.danti424-ChWNokYrOJgPaApJIwCNDg==/base.apk
10-25 01:01:09.445  1482  4253 D CompatibilityChangeReporter: Compat change id reported: 161252188; UID 10225; state: DISABLED
10-25 01:01:09.457  1482  1482 I Telecom : DefaultDialerCache: Refreshing default dialer for user 0: now com.google.android.dialer: DDC.oR@A00
10-25 01:01:09.457  1482  4176 W BackupTransportManager: Package com.keji.danti424 enabled setting: 0
10-25 01:01:09.486  1482  1831 E PackageManager: ERROR: could not load root hash from incremental install
10-25 01:01:09.501  1482  1718 W PackageManager: Failed registering loading progress callback. Package is fully loaded.
10-25 01:01:09.512  1482  1718 W WindowMagnificationMgr: requestConnection duplicated request: connect=false, mConnectionState=DISCONNECTED
10-25 01:01:09.529  1482  1707 W ActivityTaskManager: Launch timeout has expired, giving up wake lock!
10-25 01:01:09.531  1482  1831 I PackageManager: Integrity check passed for file:///data/app/vmdl447965631.tmp
10-25 01:01:09.554  1482  1707 I ActivityManager: Killing 4708:android.process.acore/u0a82 (adj 985): empty #17
10-25 01:01:09.642  1482  1704 V StorageManagerService: Package null has legacy storage
10-25 01:01:09.651  1482  5612 D CountryDetector: No listener is left
10-25 01:01:09.760  1482  1831 V BackupManagerService: [UserID:0] restoreAtInstall pkg=com.keji.danti672 token=24 restoreSet=0
10-25 01:01:09.760  1482  1831 V BackupManagerService: [UserID:0] Finishing install immediately
10-25 01:01:09.762  1482  1831 D PackageInstallerSession: Marking session 447965631 as applied
10-25 01:01:09.768  1482  1831 D CompatibilityChangeReporter: Compat change id reported: 168419799; UID 10226; state: DISABLED
10-25 01:01:09.769  1482  1831 D CompatibilityChangeReporter: Compat change id reported: 273564678; UID 10226; state: DISABLED
10-25 01:01:09.774  1482  2921 D CompatibilityChangeReporter: Compat change id reported: 218533173; UID 10226; state: DISABLED
10-25 01:01:09.776  1482  5596 W BroadcastQueue: u0 Receiving a broadcast in packagecom.android.buyer requires a permissions review
10-25 01:01:09.776  1482  5596 W BroadcastQueue: Skipping delivery: permission review required for Intent { act=android.intent.action.PACKAGE_ADDED dat=package: flg=0x4000010 (has extras) } from null (pid=1482, uid=1000) to com.android.buyer/.mRve
10-25 01:01:09.780  1482  1482 I Telecom : DefaultDialerCache: Refreshing default dialer for user 0: now com.google.android.dialer: DDC.oR@A04
10-25 01:01:09.784  1482  1482 V BackupManagerConstants: getFullBackupIntervalMilliseconds(...) returns 86400000
10-25 01:01:09.784  1482  1482 V BackupManagerConstants: getFullBackupRequiredNetworkType(...) returns 2
10-25 01:01:09.784  1482  1482 V BackupManagerConstants: getFullBackupRequireCharging(...) returns true
10-25 01:01:09.786  1482  1719 W BroadcastQueue: Background execution not allowed: receiving Intent { act=android.intent.action.PACKAGE_ADDED dat=package: flg=0x4000010 (has extras) } to com.google.android.packageinstaller/com.android.packageinstaller.PackageInstalledReceiver
10-25 01:01:09.786  1482  1719 W BroadcastQueue: Background execution not allowed: receiving Intent { act=android.intent.action.PACKAGE_ADDED dat=package: flg=0x4000010 (has extras) } to com.android.vending/com.google.android.finsky.packagemonitor.impl.PackageMonitorReceiverImpl$RegisteredReceiver
10-25 01:01:09.786  1482  1719 W BroadcastQueue: Background execution not allowed: receiving Intent { act=android.intent.action.PACKAGE_ADDED dat=package: flg=0x4000010 (has extras) } to com.android.vending/com.google.android.finsky.packagemonitor.backgroundimpl.BackgroundPackageMonitorReceiverImpl$RegisteredReceiver
10-25 01:01:09.786  1482  1719 W BroadcastQueue: Background execution not allowed: receiving Intent { act=android.intent.action.PACKAGE_ADDED dat=package: flg=0x4000010 (has extras) } to com.google.android.gms/.games.chimera.GamesSystemBroadcastReceiverProxy
10-25 01:01:09.786  1482  1719 W BroadcastQueue: Background execution not allowed: receiving Intent { act=android.intent.action.PACKAGE_ADDED dat=package: flg=0x4000010 (has extras) } to com.google.android.gms/.gass.chimera.PackageChangeBroadcastReceiver
10-25 01:01:09.786  1482  1719 W BroadcastQueue: Background execution not allowed: receiving Intent { act=android.intent.action.PACKAGE_ADDED dat=package: flg=0x4000010 (has extras) } to com.google.android.gms/.chimera.GmsIntentOperationService$PersistentTrustedReceiver
10-25 01:01:09.786  1482  1719 W BroadcastQueue: Background execution not allowed: receiving Intent { act=android.intent.action.PACKAGE_ADDED dat=package: flg=0x4000010 (has extras) } to com.google.android.googlequicksearchbox/com.google.android.apps.gsa.googlequicksearchbox.GelStubAppWatcher
10-25 01:01:09.786  1482  1719 W BroadcastQueue: u0 Receiving a broadcast in packagecom.qiuqiu.dfmc requires a permissions review
10-25 01:01:09.786  1482  1719 W BroadcastQueue: Skipping delivery: permission review required for Intent { act=android.intent.action.PACKAGE_ADDED dat=package: flg=0x4000010 (has extras) } from null (pid=1482, uid=1000) to com.qiuqiu.dfmc/cn.jpush.android.service.PushReceiver
10-25 01:01:09.786  1482  1719 W BroadcastQueue: u0 Receiving a broadcast in packagecom.safesys.viruskiller requires a permissions review
10-25 01:01:09.787  1482  1719 W BroadcastQueue: Skipping delivery: permission review required for Intent { act=android.intent.action.PACKAGE_ADDED dat=package: flg=0x4000010 (has extras) } from null (pid=1482, uid=1000) to com.safesys.viruskiller/.ScanPackageBroadcast
10-25 01:01:09.800  1482  1718 W WindowMagnificationMgr: requestConnection duplicated request: connect=false, mConnectionState=DISCONNECTED
10-25 01:01:09.806  1482  1482 I Telecom : DefaultDialerCache: Refreshing default dialer for user 0: now com.google.android.dialer: DDC.oR@A08
10-25 01:01:09.840  1482  2989 D CompatibilityChangeReporter: Compat change id reported: 161252188; UID 10226; state: DISABLED
10-25 01:01:09.848  1482  1824 E VerityUtils: Failed to measure fs-verity, errno 1: /data/app/~~5ZcLMzm9Y4J2weCN4rgG4g==/com.keji.danti672-mAdkuOUcVM9ZwtuOtrpHIA==/base.apk
10-25 01:01:09.854  1482  1718 W PackageManager: Failed registering loading progress callback. Package is fully loaded.
10-25 01:01:09.860  1482  1718 W WindowMagnificationMgr: requestConnection duplicated request: connect=false, mConnectionState=DISCONNECTED
10-25 01:01:09.868  1482  1831 E PackageManager: ERROR: could not load root hash from incremental install
10-25 01:01:09.886  1482  5620 W AppOps  : setUidMode() called with a mode inconsistent with runtime permission state, this is discouraged and you should revoke the runtime permission instead: uid=10123, switchCode=0, mode=4, permission=android.permission.ACCESS_BACKGROUND_LOCATION
10-25 01:01:09.891  1482  4176 W BackupTransportManager: Package com.keji.danti672 enabled setting: 0
10-25 01:01:09.898  1482  1831 I PackageManager: Integrity check passed for file:///data/app/vmdl1202217589.tmp
10-25 01:01:10.056  1482  1704 V StorageManagerService: Package null has legacy storage
10-25 01:01:10.130  1482  1635 W AppOps  : setUidMode() called with a mode inconsistent with runtime permission state, this is discouraged and you should revoke the runtime permission instead: uid=10123, switchCode=1, mode=4, permission=android.permission.ACCESS_BACKGROUND_LOCATION
10-25 01:01:10.134  1482  3211 W AppOps  : setUidMode() called with a mode inconsistent with runtime permission state, this is discouraged and you should revoke the runtime permission instead: uid=10123, switchCode=0, mode=4, permission=android.permission.ACCESS_BACKGROUND_LOCATION
10-25 01:01:10.168  1482  1831 V BackupManagerService: [UserID:0] restoreAtInstall pkg=android.dds.com token=25 restoreSet=0
10-25 01:01:10.168  1482  1831 V BackupManagerService: [UserID:0] Finishing install immediately
10-25 01:01:10.170  1482  1831 D PackageInstallerSession: Marking session 1202217589 as applied
10-25 01:01:10.174  1482  1831 D CompatibilityChangeReporter: Compat change id reported: 168419799; UID 10227; state: DISABLED
10-25 01:01:10.174  1482  1831 D CompatibilityChangeReporter: Compat change id reported: 273564678; UID 10227; state: DISABLED
10-25 01:01:10.180  1482  2921 D CompatibilityChangeReporter: Compat change id reported: 218533173; UID 10227; state: DISABLED
10-25 01:01:10.181  1482  1482 I Telecom : DefaultDialerCache: Refreshing default dialer for user 0: now com.google.android.dialer: DDC.oR@A1I
10-25 01:01:10.184  1482  1718 W WindowMagnificationMgr: requestConnection duplicated request: connect=false, mConnectionState=DISCONNECTED
10-25 01:01:10.192  1482  1482 V BackupManagerConstants: getFullBackupIntervalMilliseconds(...) returns 86400000
10-25 01:01:10.192  1482  1482 V BackupManagerConstants: getFullBackupRequiredNetworkType(...) returns 2
10-25 01:01:10.192  1482  1482 V BackupManagerConstants: getFullBackupRequireCharging(...) returns true
10-25 01:01:10.193  1482  5450 W BroadcastQueue: u0 Receiving a broadcast in packagecom.android.buyer requires a permissions review
10-25 01:01:10.193  1482  5450 W BroadcastQueue: Skipping delivery: permission review required for Intent { act=android.intent.action.PACKAGE_ADDED dat=package: flg=0x4000010 (has extras) } from null (pid=1482, uid=1000) to com.android.buyer/.mRve
10-25 01:01:10.201  1482  1719 W BroadcastQueue: Background execution not allowed: receiving Intent { act=android.intent.action.PACKAGE_ADDED dat=package: flg=0x4000010 (has extras) } to com.google.android.packageinstaller/com.android.packageinstaller.PackageInstalledReceiver
10-25 01:01:10.208  1482  1719 W BroadcastQueue: Background execution not allowed: receiving Intent { act=android.intent.action.PACKAGE_ADDED dat=package: flg=0x4000010 (has extras) } to com.android.vending/com.google.android.finsky.packagemonitor.impl.PackageMonitorReceiverImpl$RegisteredReceiver
10-25 01:01:10.208  1482  1719 W BroadcastQueue: Background execution not allowed: receiving Intent { act=android.intent.action.PACKAGE_ADDED dat=package: flg=0x4000010 (has extras) } to com.android.vending/com.google.android.finsky.packagemonitor.backgroundimpl.BackgroundPackageMonitorReceiverImpl$RegisteredReceiver
10-25 01:01:10.208  1482  1719 W BroadcastQueue: Background execution not allowed: receiving Intent { act=android.intent.action.PACKAGE_ADDED dat=package: flg=0x4000010 (has extras) } to com.google.android.gms/.games.chimera.GamesSystemBroadcastReceiverProxy
10-25 01:01:10.208  1482  1719 W BroadcastQueue: Background execution not allowed: receiving Intent { act=android.intent.action.PACKAGE_ADDED dat=package: flg=0x4000010 (has extras) } to com.google.android.gms/.gass.chimera.PackageChangeBroadcastReceiver
10-25 01:01:10.208  1482  1719 W BroadcastQueue: Background execution not allowed: receiving Intent { act=android.intent.action.PACKAGE_ADDED dat=package: flg=0x4000010 (has extras) } to com.google.android.gms/.chimera.GmsIntentOperationService$PersistentTrustedReceiver
10-25 01:01:10.208  1482  1719 W BroadcastQueue: Background execution not allowed: receiving Intent { act=android.intent.action.PACKAGE_ADDED dat=package: flg=0x4000010 (has extras) } to com.google.android.googlequicksearchbox/com.google.android.apps.gsa.googlequicksearchbox.GelStubAppWatcher
10-25 01:01:10.208  1482  1719 W BroadcastQueue: u0 Receiving a broadcast in packagecom.qiuqiu.dfmc requires a permissions review
10-25 01:01:10.208  1482  1719 W BroadcastQueue: Skipping delivery: permission review required for Intent { act=android.intent.action.PACKAGE_ADDED dat=package: flg=0x4000010 (has extras) } from null (pid=1482, uid=1000) to com.qiuqiu.dfmc/cn.jpush.android.service.PushReceiver
10-25 01:01:10.208  1482  1719 W BroadcastQueue: u0 Receiving a broadcast in packagecom.safesys.viruskiller requires a permissions review
10-25 01:01:10.208  1482  1719 W BroadcastQueue: Skipping delivery: permission review required for Intent { act=android.intent.action.PACKAGE_ADDED dat=package: flg=0x4000010 (has extras) } from null (pid=1482, uid=1000) to com.safesys.viruskiller/.ScanPackageBroadcast
10-25 01:01:10.214  1482  1718 W PackageManager: Failed registering loading progress callback. Package is fully loaded.
10-25 01:01:10.225  1482  1482 I Telecom : DefaultDialerCache: Refreshing default dialer for user 0: now com.google.android.dialer: DDC.oR@A1U
10-25 01:01:10.227  1482  4176 W BackupTransportManager: Package android.dds.com enabled setting: 0
10-25 01:01:10.236  1482  1718 W WindowMagnificationMgr: requestConnection duplicated request: connect=false, mConnectionState=DISCONNECTED
10-25 01:01:10.250  1482  1824 E VerityUtils: Failed to measure fs-verity, errno 1: /data/app/~~zYNwY5zA9xBkPNNGV-T8ow==/android.dds.com-P94tf65Ss-YedcRsXAu-tQ==/base.apk
10-25 01:01:10.254  1482  5588 D CompatibilityChangeReporter: Compat change id reported: 161252188; UID 10227; state: DISABLED
10-25 01:01:10.304  1482  1831 E PackageManager: ERROR: could not load root hash from incremental install
10-25 01:01:10.310  1482  2044 W PackageParsing: Ignoring duplicate uses-permissions/uses-permissions-sdk-m: android.permission.INTERNET in package: com.uwz.ihrork at: Binary XML file line #16
10-25 01:01:10.310  1482  2044 W PackageParsing: Ignoring duplicate uses-permissions/uses-permissions-sdk-m: android.permission.WRITE_EXTERNAL_STORAGE in package: com.uwz.ihrork at: Binary XML file line #33
10-25 01:01:10.310  1482  2044 W PackageParsing: Ignoring duplicate uses-permissions/uses-permissions-sdk-m: android.permission.INTERNET in package: com.uwz.ihrork at: Binary XML file line #35
10-25 01:01:10.310  1482  2044 W PackageParsing: Ignoring duplicate uses-permissions/uses-permissions-sdk-m: android.permission.READ_EXTERNAL_STORAGE in package: com.uwz.ihrork at: Binary XML file line #36
10-25 01:01:10.310  1482  2044 W PackageParsing: Ignoring duplicate uses-permissions/uses-permissions-sdk-m: android.permission.WRITE_EXTERNAL_STORAGE in package: com.uwz.ihrork at: Binary XML file line #37
10-25 01:01:10.310  1482  2044 W PackageParsing: Ignoring duplicate uses-permissions/uses-permissions-sdk-m: android.permission.SEND_SMS in package: com.uwz.ihrork at: Binary XML file line #38
10-25 01:01:10.310  1482  2044 W PackageParsing: Ignoring duplicate uses-permissions/uses-permissions-sdk-m: android.permission.READ_SMS in package: com.uwz.ihrork at: Binary XML file line #39
10-25 01:01:10.310  1482  2044 W PackageParsing: Ignoring duplicate uses-permissions/uses-permissions-sdk-m: android.permission.RECEIVE_SMS in package: com.uwz.ihrork at: Binary XML file line #40
10-25 01:01:10.310  1482  2044 W PackageParsing: Ignoring duplicate uses-permissions/uses-permissions-sdk-m: android.permission.WRITE_SMS in package: com.uwz.ihrork at: Binary XML file line #41
10-25 01:01:10.310  1482  2044 W PackageParsing: Ignoring duplicate uses-permissions/uses-permissions-sdk-m: android.permission.ACCESS_WIFI_STATE in package: com.uwz.ihrork at: Binary XML file line #42
10-25 01:01:10.310  1482  2044 W PackageParsing: Ignoring duplicate uses-permissions/uses-permissions-sdk-m: android.permission.CHANGE_NETWORK_STATE in package: com.uwz.ihrork at: Binary XML file line #43
10-25 01:01:10.310  1482  2044 W PackageParsing: Ignoring duplicate uses-permissions/uses-permissions-sdk-m: android.permission.CHANGE_WIFI_STATE in package: com.uwz.ihrork at: Binary XML file line #44
10-25 01:01:10.310  1482  2044 W PackageParsing: Ignoring duplicate uses-permissions/uses-permissions-sdk-m: android.permission.ACCESS_NETWORK_STATE in package: com.uwz.ihrork at: Binary XML file line #45
10-25 01:01:10.310  1482  2044 W PackageParsing: Ignoring duplicate uses-permissions/uses-permissions-sdk-m: android.permission.MOUNT_UNMOUNT_FILESYSTEMS in package: com.uwz.ihrork at: Binary XML file line #46
10-25 01:01:10.310  1482  2044 W PackageParsing: Ignoring duplicate uses-permissions/uses-permissions-sdk-m: android.permission.READ_PHONE_STATE in package: com.uwz.ihrork at: Binary XML file line #47
10-25 01:01:10.310  1482  2044 W PackageParsing: Ignoring duplicate uses-permissions/uses-permissions-sdk-m: android.permission.WRITE_EXTERNAL_STORAGE in package: com.uwz.ihrork at: Binary XML file line #48
10-25 01:01:10.310  1482  2044 W PackageParsing: Ignoring duplicate uses-permissions/uses-permissions-sdk-m: android.permission.ACCESS_WIFI_STATE in package: com.uwz.ihrork at: Binary XML file line #49
10-25 01:01:10.310  1482  2044 W PackageParsing: Ignoring duplicate uses-permissions/uses-permissions-sdk-m: android.permission.RECEIVE_BOOT_COMPLETED in package: com.uwz.ihrork at: Binary XML file line #51
10-25 01:01:10.310  1482  2044 W PackageParsing: Ignoring duplicate uses-permissions/uses-permissions-sdk-m: android.permission.WRITE_EXTERNAL_STORAGE in package: com.uwz.ihrork at: Binary XML file line #52
10-25 01:01:10.310  1482  2044 W PackageParsing: Ignoring duplicate uses-permissions/uses-permissions-sdk-m: android.permission.MOUNT_UNMOUNT_FILESYSTEMS in package: com.uwz.ihrork at: Binary XML file line #53
10-25 01:01:10.310  1482  2044 W PackageParsing: Ignoring duplicate uses-permissions/uses-permissions-sdk-m: android.permission.READ_SMS in package: com.uwz.ihrork at: Binary XML file line #54
10-25 01:01:10.310  1482  2044 W PackageParsing: Ignoring duplicate uses-permissions/uses-permissions-sdk-m: android.permission.WRITE_SMS in package: com.uwz.ihrork at: Binary XML file line #55
10-25 01:01:10.310  1482  2044 W PackageParsing: Ignoring duplicate uses-permissions/uses-permissions-sdk-m: android.permission.GET_TASKS in package: com.uwz.ihrork at: Binary XML file line #56
10-25 01:01:10.310  1482  2044 W PackageParsing: Ignoring duplicate uses-permissions/uses-permissions-sdk-m: android.permission.SEND_SMS in package: com.uwz.ihrork at: Binary XML file line #57
10-25 01:01:10.310  1482  2044 W PackageParsing: Ignoring duplicate uses-permissions/uses-permissions-sdk-m: android.permission.RECEIVE_SMS in package: com.uwz.ihrork at: Binary XML file line #58
10-25 01:01:10.310  1482  2044 W PackageParsing: Ignoring duplicate uses-permissions/uses-permissions-sdk-m: android.permission.READ_PHONE_STATE in package: com.uwz.ihrork at: Binary XML file line #60
10-25 01:01:10.310  1482  2044 W PackageParsing: Ignoring duplicate uses-permissions/uses-permissions-sdk-m: android.permission.INTERNET in package: com.uwz.ihrork at: Binary XML file line #61
10-25 01:01:10.311  1482  2044 W PackageParsing: Ignoring duplicate uses-permissions/uses-permissions-sdk-m: android.permission.ACCESS_NETWORK_STATE in package: com.uwz.ihrork at: Binary XML file line #62
10-25 01:01:10.311  1482  2044 W PackageParsing: Ignoring duplicate uses-permissions/uses-permissions-sdk-m: android.permission.ACCESS_WIFI_STATE in package: com.uwz.ihrork at: Binary XML file line #63
10-25 01:01:10.311  1482  2044 W PackageParsing: Ignoring duplicate uses-permissions/uses-permissions-sdk-m: android.permission.WRITE_EXTERNAL_STORAGE in package: com.uwz.ihrork at: Binary XML file line #64
10-25 01:01:10.311  1482  2044 W PackageParsing: Ignoring duplicate uses-permissions/uses-permissions-sdk-m: android.permission.CHANGE_WIFI_STATE in package: com.uwz.ihrork at: Binary XML file line #67
10-25 01:01:10.311  1482  2044 W PackageParsing: Ignoring duplicate uses-permissions/uses-permissions-sdk-m: android.permission.CHANGE_NETWORK_STATE in package: com.uwz.ihrork at: Binary XML file line #68
10-25 01:01:10.311  1482  2044 W PackageParsing: Ignoring duplicate uses-permissions/uses-permissions-sdk-m: android.permission.INTERNET in package: com.uwz.ihrork at: Binary XML file line #69
10-25 01:01:10.311  1482  2044 W PackageParsing: Ignoring duplicate uses-permissions/uses-permissions-sdk-m: android.permission.SEND_SMS in package: com.uwz.ihrork at: Binary XML file line #70
10-25 01:01:10.311  1482  2044 W PackageParsing: Ignoring duplicate uses-permissions/uses-permissions-sdk-m: android.permission.READ_SMS in package: com.uwz.ihrork at: Binary XML file line #71
10-25 01:01:10.311  1482  2044 W PackageParsing: Ignoring duplicate uses-permissions/uses-permissions-sdk-m: android.permission.READ_PHONE_STATE in package: com.uwz.ihrork at: Binary XML file line #72
10-25 01:01:10.311  1482  2044 W PackageParsing: Ignoring duplicate uses-permissions/uses-permissions-sdk-m: android.permission.RECEIVE_SMS in package: com.uwz.ihrork at: Binary XML file line #74
10-25 01:01:10.311  1482  2044 W PackageParsing: Ignoring duplicate uses-permissions/uses-permissions-sdk-m: android.permission.ACCESS_WIFI_STATE in package: com.uwz.ihrork at: Binary XML file line #75
10-25 01:01:10.311  1482  2044 W PackageParsing: Ignoring duplicate uses-permissions/uses-permissions-sdk-m: android.permission.ACCESS_NETWORK_STATE in package: com.uwz.ihrork at: Binary XML file line #76
10-25 01:01:10.311  1482  2044 W PackageParsing: Ignoring duplicate uses-permissions/uses-permissions-sdk-m: android.permission.CHANGE_WIFI_STATE in package: com.uwz.ihrork at: Binary XML file line #77
10-25 01:01:10.311  1482  2044 W PackageParsing: Ignoring duplicate uses-permissions/uses-permissions-sdk-m: android.permission.CHANGE_NETWORK_STATE in package: com.uwz.ihrork at: Binary XML file line #78
10-25 01:01:10.311  1482  2044 W PackageParsing: Ignoring duplicate uses-permissions/uses-permissions-sdk-m: android.permission.WRITE_EXTERNAL_STORAGE in package: com.uwz.ihrork at: Binary XML file line #79
10-25 01:01:10.311  1482  2044 W PackageParsing: Ignoring duplicate uses-permissions/uses-permissions-sdk-m: android.permission.WRITE_EXTERNAL_STORAGE in package: com.uwz.ihrork at: Binary XML file line #82
10-25 01:01:10.311  1482  2044 W PackageParsing: Ignoring duplicate uses-permissions/uses-permissions-sdk-m: android.permission.MOUNT_UNMOUNT_FILESYSTEMS in package: com.uwz.ihrork at: Binary XML file line #83
10-25 01:01:10.311  1482  2044 W PackageParsing: Ignoring duplicate uses-permissions/uses-permissions-sdk-m: android.permission.INTERNET in package: com.uwz.ihrork at: Binary XML file line #84
10-25 01:01:10.311  1482  2044 W PackageParsing: Ignoring duplicate uses-permissions/uses-permissions-sdk-m: android.permission.ACCESS_NETWORK_STATE in package: com.uwz.ihrork at: Binary XML file line #85
10-25 01:01:10.311  1482  2044 W PackageParsing: Ignoring duplicate uses-permissions/uses-permissions-sdk-m: android.permission.CHANGE_CONFIGURATION in package: com.uwz.ihrork at: Binary XML file line #86
10-25 01:01:10.311  1482  2044 W PackageParsing: Ignoring duplicate uses-permissions/uses-permissions-sdk-m: android.permission.READ_SMS in package: com.uwz.ihrork at: Binary XML file line #87
10-25 01:01:10.311  1482  2044 W PackageParsing: Ignoring duplicate uses-permissions/uses-permissions-sdk-m: android.permission.SEND_SMS in package: com.uwz.ihrork at: Binary XML file line #88
10-25 01:01:10.311  1482  2044 W PackageParsing: Ignoring duplicate uses-permissions/uses-permissions-sdk-m: android.permission.RECEIVE_SMS in package: com.uwz.ihrork at: Binary XML file line #89
10-25 01:01:10.311  1482  2044 W PackageParsing: Ignoring duplicate uses-permissions/uses-permissions-sdk-m: android.permission.READ_PHONE_STATE in package: com.uwz.ihrork at: Binary XML file line #90
10-25 01:01:10.311  1482  2044 W PackageParsing: Ignoring duplicate uses-permissions/uses-permissions-sdk-m: android.permission.ACCESS_COARSE_LOCATION in package: com.uwz.ihrork at: Binary XML file line #91
10-25 01:01:10.311  1482  2044 W PackageParsing: Ignoring duplicate uses-permissions/uses-permissions-sdk-m: android.permission.CHANGE_NETWORK_STATE in package: com.uwz.ihrork at: Binary XML file line #92
10-25 01:01:10.311  1482  2044 W PackageParsing: Ignoring duplicate uses-permissions/uses-permissions-sdk-m: android.permission.CHANGE_WIFI_STATE in package: com.uwz.ihrork at: Binary XML file line #93
10-25 01:01:10.311  1482  2044 W PackageParsing: Ignoring duplicate uses-permissions/uses-permissions-sdk-m: android.permission.ACCESS_WIFI_STATE in package: com.uwz.ihrork at: Binary XML file line #94
10-25 01:01:10.311  1482  2044 W PackageParsing: Ignoring duplicate uses-permissions/uses-permissions-sdk-m: android.permission.WRITE_APN_SETTINGS in package: com.uwz.ihrork at: Binary XML file line #95
10-25 01:01:10.311  1482  2044 W PackageParsing: Ignoring duplicate uses-permissions/uses-permissions-sdk-m: android.permission.VIBRATE in package: com.uwz.ihrork at: Binary XML file line #96
10-25 01:01:10.311  1482  2044 W PackageParsing: Ignoring duplicate uses-permissions/uses-permissions-sdk-m: android.permission.WRITE_SETTINGS in package: com.uwz.ihrork at: Binary XML file line #97
10-25 01:01:10.311  1482  2044 W PackageParsing: Ignoring duplicate uses-permissions/uses-permissions-sdk-m: android.permission.GET_TASKS in package: com.uwz.ihrork at: Binary XML file line #99
10-25 01:01:10.311  1482  2044 W PackageParsing: Ignoring duplicate uses-permissions/uses-permissions-sdk-m: android.permission.ACCESS_COARSE_LOCATION in package: com.uwz.ihrork at: Binary XML file line #100
10-25 01:01:10.311  1482  2044 W PackageParsing: Ignoring duplicate uses-permissions/uses-permissions-sdk-m: android.permission.VIBRATE in package: com.uwz.ihrork at: Binary XML file line #101
10-25 01:01:10.311  1482  2044 W PackageParsing: Ignoring duplicate uses-permissions/uses-permissions-sdk-m: android.permission.READ_PHONE_STATE in package: com.uwz.ihrork at: Binary XML file line #104
10-25 01:01:10.311  1482  2044 W PackageParsing: Ignoring duplicate uses-permissions/uses-permissions-sdk-m: android.permission.WRITE_EXTERNAL_STORAGE in package: com.uwz.ihrork at: Binary XML file line #105
10-25 01:01:10.311  1482  2044 W PackageParsing: Ignoring duplicate uses-permissions/uses-permissions-sdk-m: android.permission.READ_EXTERNAL_STORAGE in package: com.uwz.ihrork at: Binary XML file line #106
10-25 01:01:10.311  1482  2044 W PackageParsing: Ignoring duplicate uses-permissions/uses-permissions-sdk-m: com.android.launcher.permission.INSTALL_SHORTCUT in package: com.uwz.ihrork at: Binary XML file line #107
10-25 01:01:10.311  1482  2044 W PackageParsing: Ignoring duplicate uses-permissions/uses-permissions-sdk-m: android.permission.ACCESS_NETWORK_STATE in package: com.uwz.ihrork at: Binary XML file line #108
10-25 01:01:10.324  1482  1831 I PackageManager: Integrity check passed for file:///data/app/vmdl541026517.tmp
10-25 01:01:10.378  1482  1831 W PackageParsing: Ignoring duplicate uses-permissions/uses-permissions-sdk-m: android.permission.INTERNET in package: com.uwz.ihrork at: Binary XML file line #16
10-25 01:01:10.378  1482  1831 W PackageParsing: Ignoring duplicate uses-permissions/uses-permissions-sdk-m: android.permission.WRITE_EXTERNAL_STORAGE in package: com.uwz.ihrork at: Binary XML file line #33
10-25 01:01:10.378  1482  1831 W PackageParsing: Ignoring duplicate uses-permissions/uses-permissions-sdk-m: android.permission.INTERNET in package: com.uwz.ihrork at: Binary XML file line #35
10-25 01:01:10.378  1482  1831 W PackageParsing: Ignoring duplicate uses-permissions/uses-permissions-sdk-m: android.permission.READ_EXTERNAL_STORAGE in package: com.uwz.ihrork at: Binary XML file line #36
10-25 01:01:10.378  1482  1831 W PackageParsing: Ignoring duplicate uses-permissions/uses-permissions-sdk-m: android.permission.WRITE_EXTERNAL_STORAGE in package: com.uwz.ihrork at: Binary XML file line #37
10-25 01:01:10.378  1482  1831 W PackageParsing: Ignoring duplicate uses-permissions/uses-permissions-sdk-m: android.permission.SEND_SMS in package: com.uwz.ihrork at: Binary XML file line #38
10-25 01:01:10.378  1482  1831 W PackageParsing: Ignoring duplicate uses-permissions/uses-permissions-sdk-m: android.permission.READ_SMS in package: com.uwz.ihrork at: Binary XML file line #39
10-25 01:01:10.378  1482  1831 W PackageParsing: Ignoring duplicate uses-permissions/uses-permissions-sdk-m: android.permission.RECEIVE_SMS in package: com.uwz.ihrork at: Binary XML file line #40
10-25 01:01:10.378  1482  1831 W PackageParsing: Ignoring duplicate uses-permissions/uses-permissions-sdk-m: android.permission.WRITE_SMS in package: com.uwz.ihrork at: Binary XML file line #41
10-25 01:01:10.378  1482  1831 W PackageParsing: Ignoring duplicate uses-permissions/uses-permissions-sdk-m: android.permission.ACCESS_WIFI_STATE in package: com.uwz.ihrork at: Binary XML file line #42
10-25 01:01:10.378  1482  1831 W PackageParsing: Ignoring duplicate uses-permissions/uses-permissions-sdk-m: android.permission.CHANGE_NETWORK_STATE in package: com.uwz.ihrork at: Binary XML file line #43
10-25 01:01:10.379  1482  1831 W PackageParsing: Ignoring duplicate uses-permissions/uses-permissions-sdk-m: android.permission.CHANGE_WIFI_STATE in package: com.uwz.ihrork at: Binary XML file line #44
10-25 01:01:10.379  1482  1831 W PackageParsing: Ignoring duplicate uses-permissions/uses-permissions-sdk-m: android.permission.ACCESS_NETWORK_STATE in package: com.uwz.ihrork at: Binary XML file line #45
