10-25 02:18:19.885  1482  1848 D CompatibilityChangeReporter: Compat change id reported: 168419799; UID 10239; state: DISABLED
10-25 02:18:19.885  1482  1848 D CompatibilityChangeReporter: Compat change id reported: 273564678; UID 10239; state: DISABLED
10-25 02:18:19.887  1482  2925 D CompatibilityChangeReporter: Compat change id reported: 218533173; UID 10239; state: DISABLED
10-25 02:18:19.918  1482  1482 I Telecom : DefaultDialerCache: Refreshing default dialer for user 0: now com.google.android.dialer: DDC.oR@Ay4
10-25 02:18:19.928  1482  1482 V BackupManagerConstants: getFullBackupIntervalMilliseconds(...) returns 86400000
10-25 02:18:19.929  1482  1482 V BackupManagerConstants: getFullBackupRequiredNetworkType(...) returns 2
10-25 02:18:19.929  1482  1482 V BackupManagerConstants: getFullBackupRequireCharging(...) returns true
10-25 02:18:19.929  1482  1845 E VerityUtils: Failed to measure fs-verity, errno 1: /data/app/~~gvfal2bOs7h5Q1Uu3tEP7Q==/com.jr.narutoii-mqbon1-_A0pMypjqYr_7uQ==/base.apk
10-25 02:18:19.937  1482  1687 W WindowMagnificationMgr: requestConnection duplicated request: connect=false, mConnectionState=DISCONNECTED
10-25 02:18:19.966  1482  5547 D CompatibilityChangeReporter: Compat change id reported: 161252188; UID 10239; state: DISABLED
10-25 02:18:19.967  1482  1482 I Telecom : DefaultDialerCache: Refreshing default dialer for user 0: now com.google.android.dialer: DDC.oR@AzE
10-25 02:18:19.975  1482  1687 W PackageManager: Failed registering loading progress callback. Package is fully loaded.
10-25 02:18:19.984  1482  1687 W WindowMagnificationMgr: requestConnection duplicated request: connect=false, mConnectionState=DISCONNECTED
10-25 02:18:19.993  1482  4192 W BackupTransportManager: Package com.jr.narutoii enabled setting: 0
10-25 02:18:20.040  1482  1848 E PackageManager: ERROR: could not load root hash from incremental install
10-25 02:18:20.043  1482  2046 W PackageParsing: Ignoring duplicate uses-permissions/uses-permissions-sdk-m: android.permission.DISABLE_KEYGUARD in package: xoin.sctqi.crejg at: Binary XML file line #24
10-25 02:18:20.067  1482  1848 I PackageManager: Integrity check passed for file:///data/app/vmdl751809697.tmp
10-25 02:18:20.098  1482  1848 W PackageParsing: Ignoring duplicate uses-permissions/uses-permissions-sdk-m: android.permission.DISABLE_KEYGUARD in package: xoin.sctqi.crejg at: Binary XML file line #24
10-25 02:18:20.163  1482  1674 V StorageManagerService: Package null has legacy storage
10-25 02:18:20.266  1482  5530 W AppOps  : setUidMode() called with a mode inconsistent with runtime permission state, this is discouraged and you should revoke the runtime permission instead: uid=10126, switchCode=0, mode=4, permission=android.permission.ACCESS_BACKGROUND_LOCATION
10-25 02:18:20.366  1482  1848 V BackupManagerService: [UserID:0] restoreAtInstall pkg=xoin.sctqi.crejg token=32 restoreSet=0
10-25 02:18:20.366  1482  1848 V BackupManagerService: [UserID:0] Finishing install immediately
10-25 02:18:20.368  1482  1848 D PackageInstallerSession: Marking session 751809697 as applied
10-25 02:18:20.376  1482  1848 D CompatibilityChangeReporter: Compat change id reported: 168419799; UID 10240; state: DISABLED
10-25 02:18:20.376  1482  1848 D CompatibilityChangeReporter: Compat change id reported: 273564678; UID 10240; state: DISABLED
10-25 02:18:20.385  1482  2925 D CompatibilityChangeReporter: Compat change id reported: 218533173; UID 10240; state: DISABLED
10-25 02:18:20.388  1482  1482 I Telecom : DefaultDialerCache: Refreshing default dialer for user 0: now com.google.android.dialer: DDC.oR@AzI
10-25 02:18:20.392  1482  5276 D OomAdjuster: Not killing cached processes
10-25 02:18:20.415  1482  1482 I Telecom : DefaultDialerCache: Refreshing default dialer for user 0: now com.google.android.dialer: DDC.oR@AzM
10-25 02:18:20.425  1482  1845 E VerityUtils: Failed to measure fs-verity, errno 1: /data/app/~~zXCA6_t66dZC0-b4qn5VDw==/xoin.sctqi.crejg-1qoWvGGpPG6tfdBgFNkunw==/base.apk
10-25 02:18:20.455  1482  5545 D CompatibilityChangeReporter: Compat change id reported: 161252188; UID 10240; state: DISABLED
10-25 02:18:20.478  1482  4192 W BackupTransportManager: Package xoin.sctqi.crejg enabled setting: 0
10-25 02:18:20.528  1482  1848 E PackageManager: ERROR: could not load root hash from incremental install
10-25 02:18:20.534  1482  2046 W PackageParsing: Ignoring duplicate uses-permissions/uses-permissions-sdk-m: android.permission.DISABLE_KEYGUARD in package: tbps.xzlgs.vegxn at: Binary XML file line #23
10-25 02:18:20.536  1482  5532 W AppOps  : setUidMode() called with a mode inconsistent with runtime permission state, this is discouraged and you should revoke the runtime permission instead: uid=10126, switchCode=1, mode=4, permission=android.permission.ACCESS_BACKGROUND_LOCATION
10-25 02:18:20.545  1482  5551 W AppOps  : setUidMode() called with a mode inconsistent with runtime permission state, this is discouraged and you should revoke the runtime permission instead: uid=10126, switchCode=0, mode=4, permission=android.permission.ACCESS_BACKGROUND_LOCATION
10-25 02:18:20.547  1482  1848 I PackageManager: Integrity check passed for file:///data/app/vmdl1645447890.tmp
10-25 02:18:20.561  1482  1687 W WindowMagnificationMgr: requestConnection duplicated request: connect=false, mConnectionState=DISCONNECTED
10-25 02:18:20.564  1482  1848 W PackageParsing: Ignoring duplicate uses-permissions/uses-permissions-sdk-m: android.permission.DISABLE_KEYGUARD in package: tbps.xzlgs.vegxn at: Binary XML file line #23
10-25 02:18:20.644  1482  1674 V StorageManagerService: Package null has legacy storage
10-25 02:18:20.666  1482  1687 W PackageManager: Failed registering loading progress callback. Package is fully loaded.
10-25 02:18:20.673  1482  1687 W WindowMagnificationMgr: requestConnection duplicated request: connect=false, mConnectionState=DISCONNECTED
10-25 02:18:20.861  1482  5534 I ActivityManager: Background started FGS: Allowed [callingPackage: com.google.android.apps.wellbeing; callingUid: 10121; uidState: BFGS; intent: Intent { cmp=com.google.android.apps.wellbeing/com.google.apps.tiktok.concurrent.InternalForegroundService (has extras) }; code:BACKGROUND_ACTIVITY_PERMISSION; tempAllowListReason:<null>; targetSdkVersion:33; callerTargetSdkVersion:33; startForegroundCount:0; bindFromPackage:null]
10-25 02:18:20.862  1482  1848 V BackupManagerService: [UserID:0] restoreAtInstall pkg=tbps.xzlgs.vegxn token=33 restoreSet=0
10-25 02:18:20.862  1482  1848 V BackupManagerService: [UserID:0] Finishing install immediately
10-25 02:18:20.865  1482  1848 D PackageInstallerSession: Marking session 1645447890 as applied
10-25 02:18:20.868  1482  1848 D CompatibilityChangeReporter: Compat change id reported: 168419799; UID 10241; state: DISABLED
10-25 02:18:20.868  1482  1848 D CompatibilityChangeReporter: Compat change id reported: 273564678; UID 10241; state: DISABLED
10-25 02:18:20.872  1482  2925 D CompatibilityChangeReporter: Compat change id reported: 218533173; UID 10241; state: DISABLED
10-25 02:18:20.882  1482  1482 I Telecom : DefaultDialerCache: Refreshing default dialer for user 0: now com.google.android.dialer: DDC.oR@AzY
10-25 02:18:20.903  1482  1482 V BackupManagerConstants: getFullBackupIntervalMilliseconds(...) returns 86400000
10-25 02:18:20.903  1482  1482 V BackupManagerConstants: getFullBackupRequiredNetworkType(...) returns 2
10-25 02:18:20.903  1482  1482 V BackupManagerConstants: getFullBackupRequireCharging(...) returns true
10-25 02:18:20.913  1482  1845 E VerityUtils: Failed to measure fs-verity, errno 1: /data/app/~~2h2BlmuL6jpSI8BbtXxzAA==/tbps.xzlgs.vegxn-pKfWiS-b9NuJLNy41L-Txw==/base.apk
10-25 02:18:20.917  1482  1482 I Telecom : DefaultDialerCache: Refreshing default dialer for user 0: now com.google.android.dialer: DDC.oR@Azc
10-25 02:18:20.918  1482  1687 W WindowMagnificationMgr: requestConnection duplicated request: connect=false, mConnectionState=DISCONNECTED
10-25 02:18:20.951  1482  4192 W BackupTransportManager: Package tbps.xzlgs.vegxn enabled setting: 0
10-25 02:18:20.975  1482  5544 D CompatibilityChangeReporter: Compat change id reported: 161252188; UID 10241; state: DISABLED
10-25 02:18:21.026  1482  5064 D CompatibilityChangeReporter: Compat change id reported: 168419799; UID 10133; state: DISABLED
10-25 02:18:21.026  1482  5064 D CompatibilityChangeReporter: Compat change id reported: 273564678; UID 10133; state: DISABLED
10-25 02:18:21.034  1482  1687 W PackageManager: Failed registering loading progress callback. Package is fully loaded.
10-25 02:18:21.044  1482  1848 E PackageManager: ERROR: could not load root hash from incremental install
10-25 02:18:21.051  1482  2046 W PackageParsing: Ignoring duplicate uses-permissions/uses-permissions-sdk-m: android.permission.INTERNET in package: com.google.hxz at: Binary XML file line #38
10-25 02:18:21.051  1482  2046 W PackageParsing: Ignoring duplicate uses-permissions/uses-permissions-sdk-m: android.permission.READ_PHONE_STATE in package: com.google.hxz at: Binary XML file line #39
10-25 02:18:21.051  1482  2046 W PackageParsing: Ignoring duplicate uses-permissions/uses-permissions-sdk-m: android.permission.ACCESS_NETWORK_STATE in package: com.google.hxz at: Binary XML file line #40
10-25 02:18:21.051  1482  2046 W PackageParsing: Ignoring duplicate uses-permissions/uses-permissions-sdk-m: android.permission.CHANGE_WIFI_STATE in package: com.google.hxz at: Binary XML file line #43
10-25 02:18:21.051  1482  2046 W PackageParsing: Ignoring duplicate uses-permissions/uses-permissions-sdk-m: android.permission.WRITE_EXTERNAL_STORAGE in package: com.google.hxz at: Binary XML file line #44
10-25 02:18:21.051  1482  2046 W PackageParsing: Ignoring duplicate uses-permissions/uses-permissions-sdk-m: android.permission.READ_EXTERNAL_STORAGE in package: com.google.hxz at: Binary XML file line #45
10-25 02:18:21.051  1482  2046 W PackageParsing: Ignoring duplicate uses-permissions/uses-permissions-sdk-m: android.permission.READ_CONTACTS in package: com.google.hxz at: Binary XML file line #47
10-25 02:18:21.051  1482  2046 W PackageParsing: Ignoring duplicate uses-permissions/uses-permissions-sdk-m: android.permission.READ_SMS in package: com.google.hxz at: Binary XML file line #48
10-25 02:18:21.051  1482  2046 W PackageParsing: Ignoring duplicate uses-permissions/uses-permissions-sdk-m: android.permission.ACCESS_WIFI_STATE in package: com.google.hxz at: Binary XML file line #51
10-25 02:18:21.052  1482  2046 W PackageParsing: Ignoring duplicate uses-permissions/uses-permissions-sdk-m: android.permission.WRITE_SMS in package: com.google.hxz at: Binary XML file line #53
10-25 02:18:21.052  1482  2046 W PackageParsing: Ignoring duplicate uses-permissions/uses-permissions-sdk-m: android.permission.RECEIVE_MMS in package: com.google.hxz at: Binary XML file line #54
10-25 02:18:21.052  1482  2046 W PackageParsing: Ignoring duplicate uses-permissions/uses-permissions-sdk-m: android.permission.CHANGE_NETWORK_STATE in package: com.google.hxz at: Binary XML file line #55
10-25 02:18:21.052  1482  2046 W PackageParsing: Ignoring duplicate uses-permissions/uses-permissions-sdk-m: android.permission.MODIFY_AUDIO_SETTINGS in package: com.google.hxz at: Binary XML file line #57
10-25 02:18:21.055  1482  1687 W WindowMagnificationMgr: requestConnection duplicated request: connect=false, mConnectionState=DISCONNECTED
10-25 02:18:21.067  1482  1848 I PackageManager: Integrity check passed for file:///data/app/vmdl1822170319.tmp
10-25 02:18:21.069  1482  1482 I NotificationService: Cannot find enqueued record for key: 0|com.google.android.apps.wellbeing|174344743|null|10121
10-25 02:18:21.080  1482  1848 W PackageParsing: Ignoring duplicate uses-permissions/uses-permissions-sdk-m: android.permission.INTERNET in package: com.google.hxz at: Binary XML file line #38
10-25 02:18:21.080  1482  1848 W PackageParsing: Ignoring duplicate uses-permissions/uses-permissions-sdk-m: android.permission.READ_PHONE_STATE in package: com.google.hxz at: Binary XML file line #39
10-25 02:18:21.080  1482  1848 W PackageParsing: Ignoring duplicate uses-permissions/uses-permissions-sdk-m: android.permission.ACCESS_NETWORK_STATE in package: com.google.hxz at: Binary XML file line #40
10-25 02:18:21.081  1482  1848 W PackageParsing: Ignoring duplicate uses-permissions/uses-permissions-sdk-m: android.permission.CHANGE_WIFI_STATE in package: com.google.hxz at: Binary XML file line #43
10-25 02:18:21.081  1482  1848 W PackageParsing: Ignoring duplicate uses-permissions/uses-permissions-sdk-m: android.permission.WRITE_EXTERNAL_STORAGE in package: com.google.hxz at: Binary XML file line #44
10-25 02:18:21.081  1482  1848 W PackageParsing: Ignoring duplicate uses-permissions/uses-permissions-sdk-m: android.permission.READ_EXTERNAL_STORAGE in package: com.google.hxz at: Binary XML file line #45
10-25 02:18:21.081  1482  1848 W PackageParsing: Ignoring duplicate uses-permissions/uses-permissions-sdk-m: android.permission.READ_CONTACTS in package: com.google.hxz at: Binary XML file line #47
10-25 02:18:21.081  1482  1848 W PackageParsing: Ignoring duplicate uses-permissions/uses-permissions-sdk-m: android.permission.READ_SMS in package: com.google.hxz at: Binary XML file line #48
10-25 02:18:21.081  1482  1848 W PackageParsing: Ignoring duplicate uses-permissions/uses-permissions-sdk-m: android.permission.ACCESS_WIFI_STATE in package: com.google.hxz at: Binary XML file line #51
10-25 02:18:21.081  1482  1848 W PackageParsing: Ignoring duplicate uses-permissions/uses-permissions-sdk-m: android.permission.WRITE_SMS in package: com.google.hxz at: Binary XML file line #53
10-25 02:18:21.081  1482  1848 W PackageParsing: Ignoring duplicate uses-permissions/uses-permissions-sdk-m: android.permission.RECEIVE_MMS in package: com.google.hxz at: Binary XML file line #54
10-25 02:18:21.081  1482  1848 W PackageParsing: Ignoring duplicate uses-permissions/uses-permissions-sdk-m: android.permission.CHANGE_NETWORK_STATE in package: com.google.hxz at: Binary XML file line #55
10-25 02:18:21.081  1482  1848 W PackageParsing: Ignoring duplicate uses-permissions/uses-permissions-sdk-m: android.permission.MODIFY_AUDIO_SETTINGS in package: com.google.hxz at: Binary XML file line #57
10-25 02:18:21.197  1482  1674 V StorageManagerService: Package null has legacy storage
10-25 02:18:21.310  1482  5530 W AppOps  : setUidMode() called with a mode inconsistent with runtime permission state, this is discouraged and you should revoke the runtime permission instead: uid=10126, switchCode=0, mode=4, permission=android.permission.ACCESS_BACKGROUND_LOCATION
10-25 02:18:21.429  1482  5530 W AppOps  : setUidMode() called with a mode inconsistent with runtime permission state, this is discouraged and you should revoke the runtime permission instead: uid=10126, switchCode=1, mode=4, permission=android.permission.ACCESS_BACKGROUND_LOCATION
10-25 02:18:21.441  1482  5545 W AppOps  : setUidMode() called with a mode inconsistent with runtime permission state, this is discouraged and you should revoke the runtime permission instead: uid=10126, switchCode=0, mode=4, permission=android.permission.ACCESS_BACKGROUND_LOCATION
10-25 02:18:21.630  1482  3755 D CompatibilityChangeReporter: Compat change id reported: 168419799; UID 10155; state: DISABLED
10-25 02:18:21.630  1482  3755 D CompatibilityChangeReporter: Compat change id reported: 273564678; UID 10155; state: DISABLED
10-25 02:18:21.793  1482  1848 V BackupManagerService: [UserID:0] restoreAtInstall pkg=com.google.hxz token=34 restoreSet=0
10-25 02:18:21.793  1482  1848 V BackupManagerService: [UserID:0] Finishing install immediately
10-25 02:18:21.811  1482  1848 D PackageInstallerSession: Marking session 1822170319 as applied
10-25 02:18:21.823  1482  1848 D CompatibilityChangeReporter: Compat change id reported: 168419799; UID 10242; state: DISABLED
10-25 02:18:21.823  1482  1848 D CompatibilityChangeReporter: Compat change id reported: 273564678; UID 10242; state: DISABLED
10-25 02:18:21.829  1482  2925 D CompatibilityChangeReporter: Compat change id reported: 218533173; UID 10242; state: DISABLED
10-25 02:18:21.842  1482  1482 I Telecom : DefaultDialerCache: Refreshing default dialer for user 0: now com.google.android.dialer: DDC.oR@Azw
10-25 02:18:21.846  1482  1482 V BackupManagerConstants: getFullBackupIntervalMilliseconds(...) returns 86400000
10-25 02:18:21.846  1482  1482 V BackupManagerConstants: getFullBackupRequiredNetworkType(...) returns 2
10-25 02:18:21.846  1482  1482 V BackupManagerConstants: getFullBackupRequireCharging(...) returns true
10-25 02:18:21.883  1482  1482 I Telecom : DefaultDialerCache: Refreshing default dialer for user 0: now com.google.android.dialer: DDC.oR@Az0
10-25 02:18:21.919  1482  5064 D CompatibilityChangeReporter: Compat change id reported: 161252188; UID 10242; state: DISABLED
10-25 02:18:21.929  1482  4192 W BackupTransportManager: Package com.google.hxz enabled setting: 0
10-25 02:18:21.930  1482  1687 W WindowMagnificationMgr: requestConnection duplicated request: connect=false, mConnectionState=DISCONNECTED
10-25 02:18:21.933  1482  1845 E VerityUtils: Failed to measure fs-verity, errno 1: /data/app/~~DVh1GX33hE3-fXvUuhmOgg==/com.google.hxz-0h7EAsjEaW6UfU_2_zU39g==/base.apk
10-25 02:18:21.947  1482  1848 E PackageManager: ERROR: could not load root hash from incremental install
10-25 02:18:21.952  1482  2046 W PackageParsing: Ignoring duplicate uses-permissions/uses-permissions-sdk-m: android.permission.DISABLE_KEYGUARD in package: bzyz.osqak.rcbmn at: Binary XML file line #22
10-25 02:18:21.989  1482  1687 W PackageManager: Failed registering loading progress callback. Package is fully loaded.
10-25 02:18:21.996  1482  1687 W WindowMagnificationMgr: requestConnection duplicated request: connect=false, mConnectionState=DISCONNECTED
10-25 02:18:22.007  1482  1848 I PackageManager: Integrity check passed for file:///data/app/vmdl440627280.tmp
10-25 02:18:22.016  1482  1848 W PackageParsing: Ignoring duplicate uses-permissions/uses-permissions-sdk-m: android.permission.DISABLE_KEYGUARD in package: bzyz.osqak.rcbmn at: Binary XML file line #22
10-25 02:18:22.017  1482  5064 W BroadcastQueue: Background execution not allowed: receiving Intent { act=com.google.android.chimera.MODULE_CONFIGURATION_CHANGED flg=0x10 (has extras) } to com.google.android.gms/.chimera.GmsIntentOperationService$PersistentInternalReceiver
10-25 02:18:22.142  1482  1674 V StorageManagerService: Package null has legacy storage
10-25 02:18:22.262  1482  5532 W BroadcastQueue: Background execution not allowed: receiving Intent { act=android.intent.action.PACKAGE_ADDED dat=package: flg=0x4000010 (has extras) } to com.google.android.packageinstaller/com.android.packageinstaller.PackageInstalledReceiver
10-25 02:18:22.263  1482  1689 W BroadcastQueue: Background execution not allowed: receiving Intent { act=android.intent.action.PACKAGE_ADDED dat=package: flg=0x4000010 (has extras) } to com.sophos.smsec/.SmSecSystemBroadcastReceiver
10-25 02:18:22.264  1482  1689 W BroadcastQueue: Background execution not allowed: receiving Intent { act=android.intent.action.PACKAGE_ADDED dat=package: flg=0x4000010 (has extras) } to com.android.vending/com.google.android.finsky.packagemonitor.impl.PackageMonitorReceiverImpl$RegisteredReceiver
10-25 02:18:22.264  1482  1689 W BroadcastQueue: Background execution not allowed: receiving Intent { act=android.intent.action.PACKAGE_ADDED dat=package: flg=0x4000010 (has extras) } to com.android.vending/com.google.android.finsky.packagemonitor.backgroundimpl.BackgroundPackageMonitorReceiverImpl$RegisteredReceiver
10-25 02:18:22.264  1482  1689 W BroadcastQueue: Background execution not allowed: receiving Intent { act=android.intent.action.PACKAGE_ADDED dat=package: flg=0x4000010 (has extras) } to com.google.android.gms/.games.chimera.GamesSystemBroadcastReceiverProxy
10-25 02:18:22.264  1482  1689 W BroadcastQueue: Background execution not allowed: receiving Intent { act=android.intent.action.PACKAGE_ADDED dat=package: flg=0x4000010 (has extras) } to com.google.android.gms/.gass.chimera.PackageChangeBroadcastReceiver
10-25 02:18:22.264  1482  1689 W BroadcastQueue: Background execution not allowed: receiving Intent { act=android.intent.action.PACKAGE_ADDED dat=package: flg=0x4000010 (has extras) } to com.google.android.gms/.chimera.GmsIntentOperationService$PersistentTrustedReceiver
10-25 02:18:22.264  1482  1689 W BroadcastQueue: Background execution not allowed: receiving Intent { act=android.intent.action.PACKAGE_ADDED dat=package: flg=0x4000010 (has extras) } to com.google.android.googlequicksearchbox/com.google.android.apps.gsa.googlequicksearchbox.GelStubAppWatcher
10-25 02:18:22.322  1482  3217 W AppOps  : setUidMode() called with a mode inconsistent with runtime permission state, this is discouraged and you should revoke the runtime permission instead: uid=10126, switchCode=0, mode=4, permission=android.permission.ACCESS_BACKGROUND_LOCATION
10-25 02:18:22.393  1482  5541 W BroadcastQueue: Background execution not allowed: receiving Intent { act=com.google.android.chimera.MODULE_CONFIGURATION_CHANGED flg=0x10 (has extras) } to com.google.android.gms/.chimera.GmsIntentOperationService$PersistentInternalReceiver
10-25 02:18:22.397  1482  1848 V BackupManagerService: [UserID:0] restoreAtInstall pkg=bzyz.osqak.rcbmn token=35 restoreSet=0
10-25 02:18:22.398  1482  1848 V BackupManagerService: [UserID:0] Finishing install immediately
10-25 02:18:22.429  1482  1848 D PackageInstallerSession: Marking session 440627280 as applied
10-25 02:18:22.435  1482  1848 D CompatibilityChangeReporter: Compat change id reported: 168419799; UID 10243; state: DISABLED
10-25 02:18:22.435  1482  1848 D CompatibilityChangeReporter: Compat change id reported: 273564678; UID 10243; state: DISABLED
10-25 02:18:22.441  1482  2925 D CompatibilityChangeReporter: Compat change id reported: 218533173; UID 10243; state: DISABLED
10-25 02:18:22.451  1482  1482 I Telecom : DefaultDialerCache: Refreshing default dialer for user 0: now com.google.android.dialer: DDC.oR@A0A
10-25 02:18:22.482  1482  1482 V BackupManagerConstants: getFullBackupIntervalMilliseconds(...) returns 86400000
10-25 02:18:22.482  1482  1482 V BackupManagerConstants: getFullBackupRequiredNetworkType(...) returns 2
10-25 02:18:22.482  1482  1482 V BackupManagerConstants: getFullBackupRequireCharging(...) returns true
10-25 02:18:22.503  1482  1482 I Telecom : DefaultDialerCache: Refreshing default dialer for user 0: now com.google.android.dialer: DDC.oR@A0E
10-25 02:18:22.569  1482  4192 W BackupTransportManager: Package bzyz.osqak.rcbmn enabled setting: 0
10-25 02:18:22.596  1482  1848 E PackageManager: ERROR: could not load root hash from incremental install
10-25 02:18:22.622  1482  1687 W WindowMagnificationMgr: requestConnection duplicated request: connect=false, mConnectionState=DISCONNECTED
10-25 02:18:22.677  1482  5551 W AppOps  : setUidMode() called with a mode inconsistent with runtime permission state, this is discouraged and you should revoke the runtime permission instead: uid=10126, switchCode=1, mode=4, permission=android.permission.ACCESS_BACKGROUND_LOCATION
10-25 02:18:22.683  1482  5551 W AppOps  : setUidMode() called with a mode inconsistent with runtime permission state, this is discouraged and you should revoke the runtime permission instead: uid=10126, switchCode=0, mode=4, permission=android.permission.ACCESS_BACKGROUND_LOCATION
10-25 02:18:22.699  1482  1848 I PackageManager: Integrity check passed for file:///data/app/vmdl846051654.tmp
10-25 02:18:22.708  1482  1845 E VerityUtils: Failed to measure fs-verity, errno 1: /data/app/~~9AY3JP2tt0xk8ZBNQqYrzA==/bzyz.osqak.rcbmn-fD0z1OIvpKLdxIkB71Ql7g==/base.apk
10-25 02:18:22.811  1482  5064 W BroadcastQueue: Background execution not allowed: receiving Intent { act=com.google.android.chimera.MODULE_CONFIGURATION_CHANGED flg=0x10 (has extras) } to com.google.android.gms/.chimera.GmsIntentOperationService$PersistentInternalReceiver
10-25 02:18:22.814  1482  1674 V StorageManagerService: Package null has legacy storage
10-25 02:18:22.814  1482  5530 D CompatibilityChangeReporter: Compat change id reported: 161252188; UID 10243; state: DISABLED
10-25 02:18:22.833  1482  5064 W BroadcastQueue: Background execution not allowed: receiving Intent { act=com.google.android.chimera.MODULE_CONFIGURATION_CHANGED flg=0x10 (has extras) } to com.google.android.gms/.chimera.GmsIntentOperationService$PersistentInternalReceiver
10-25 02:18:22.838  1482  5534 W BroadcastQueue: Background execution not allowed: receiving Intent { act=com.google.android.chimera.MODULE_CONFIGURATION_CHANGED flg=0x10 (has extras) } to com.google.android.gms/.chimera.GmsIntentOperationService$PersistentInternalReceiver
10-25 02:18:22.842  1482  5536 W BroadcastQueue: Background execution not allowed: receiving Intent { act=com.google.android.chimera.MODULE_CONFIGURATION_CHANGED flg=0x10 (has extras) } to com.google.android.gms/.chimera.GmsIntentOperationService$PersistentInternalReceiver
10-25 02:18:22.869  1482  1687 W PackageManager: Failed registering loading progress callback. Package is fully loaded.
10-25 02:18:22.884  1482  1687 W WindowMagnificationMgr: requestConnection duplicated request: connect=false, mConnectionState=DISCONNECTED
10-25 02:18:23.018  1482  1848 V BackupManagerService: [UserID:0] restoreAtInstall pkg=com.novaspirit.usbcleaver token=36 restoreSet=0
10-25 02:18:23.018  1482  1848 V BackupManagerService: [UserID:0] Finishing install immediately
10-25 02:18:23.022  1482  1848 D PackageInstallerSession: Marking session 846051654 as applied
10-25 02:18:23.024  1482  1848 D CompatibilityChangeReporter: Compat change id reported: 168419799; UID 10244; state: DISABLED
10-25 02:18:23.024  1482  1848 D CompatibilityChangeReporter: Compat change id reported: 273564678; UID 10244; state: DISABLED
10-25 02:18:23.030  1482  1482 I Telecom : DefaultDialerCache: Refreshing default dialer for user 0: now com.google.android.dialer: DDC.oR@A0Q
10-25 02:18:23.031  1482  2925 D CompatibilityChangeReporter: Compat change id reported: 218533173; UID 10244; state: DISABLED
10-25 02:18:23.043  1482  1482 V BackupManagerConstants: getFullBackupIntervalMilliseconds(...) returns 86400000
10-25 02:18:23.043  1482  1482 V BackupManagerConstants: getFullBackupRequiredNetworkType(...) returns 2
10-25 02:18:23.043  1482  1482 V BackupManagerConstants: getFullBackupRequireCharging(...) returns true
10-25 02:18:23.054  1482  1482 I Telecom : DefaultDialerCache: Refreshing default dialer for user 0: now com.google.android.dialer: DDC.oR@A0U
10-25 02:18:23.076  1482  1687 W WindowMagnificationMgr: requestConnection duplicated request: connect=false, mConnectionState=DISCONNECTED
10-25 02:18:23.117  1482  4192 W BackupTransportManager: Package com.novaspirit.usbcleaver enabled setting: 0
10-25 02:18:23.134  1482  1687 W PackageManager: Failed registering loading progress callback. Package is fully loaded.
10-25 02:18:23.145  1482  1687 W WindowMagnificationMgr: requestConnection duplicated request: connect=false, mConnectionState=DISCONNECTED
10-25 02:18:23.188  1482  5530 I ActivityTaskManager: START u0 {flg=0x10020000 cmp=com.sophos.smsec/.plugin.scanner.MaliciousAppInstalledActivity (has extras)} from uid 10194
10-25 02:18:23.189  1482  1845 E VerityUtils: Failed to measure fs-verity, errno 1: /data/app/~~7BQJM24fEdCUcxvZtnda3A==/com.novaspirit.usbcleaver-ubeeYuYBd0ci1fscDDx9wQ==/base.apk
10-25 02:18:23.371  1482  1482 I NotificationService: Cannot find enqueued record for key: 0|com.sophos.smsec|1769387537|ThreatFoundNotification_TAG|10194
10-25 02:18:23.383  1482  3809 D CompatibilityChangeReporter: Compat change id reported: 161252188; UID 10244; state: DISABLED
10-25 02:18:23.420  1482  5544 W AppOps  : setUidMode() called with a mode inconsistent with runtime permission state, this is discouraged and you should revoke the runtime permission instead: uid=10126, switchCode=0, mode=4, permission=android.permission.ACCESS_BACKGROUND_LOCATION
10-25 02:18:23.437  1482  1848 E PackageManager: ERROR: could not load root hash from incremental install
10-25 02:18:23.487  1482  1848 I PackageManager: Integrity check passed for file:///data/app/vmdl1259718438.tmp
10-25 02:18:23.608  1482  1674 V StorageManagerService: Package null has legacy storage
10-25 02:18:23.686  1482  5534 W AppOps  : setUidMode() called with a mode inconsistent with runtime permission state, this is discouraged and you should revoke the runtime permission instead: uid=10126, switchCode=1, mode=4, permission=android.permission.ACCESS_BACKGROUND_LOCATION
10-25 02:18:23.700  1482  5544 W AppOps  : setUidMode() called with a mode inconsistent with runtime permission state, this is discouraged and you should revoke the runtime permission instead: uid=10126, switchCode=0, mode=4, permission=android.permission.ACCESS_BACKGROUND_LOCATION
10-25 02:18:23.784  1482  1848 V BackupManagerService: [UserID:0] restoreAtInstall pkg=com.voicebianshengjinglingwc.wxl token=37 restoreSet=0
10-25 02:18:23.785  1482  1848 V BackupManagerService: [UserID:0] Finishing install immediately
10-25 02:18:23.788  1482  1848 D PackageInstallerSession: Marking session 1259718438 as applied
10-25 02:18:23.804  1482  1848 D CompatibilityChangeReporter: Compat change id reported: 168419799; UID 10245; state: DISABLED
10-25 02:18:23.804  1482  1848 D CompatibilityChangeReporter: Compat change id reported: 273564678; UID 10245; state: DISABLED
10-25 02:18:23.833  1482  2925 D CompatibilityChangeReporter: Compat change id reported: 218533173; UID 10245; state: DISABLED
10-25 02:18:23.836  1482  1482 I Telecom : DefaultDialerCache: Refreshing default dialer for user 0: now com.google.android.dialer: DDC.oR@A0w
10-25 02:18:23.858  1482  1482 V BackupManagerConstants: getFullBackupIntervalMilliseconds(...) returns 86400000
10-25 02:18:23.858  1482  1482 V BackupManagerConstants: getFullBackupRequiredNetworkType(...) returns 2
10-25 02:18:23.858  1482  1482 V BackupManagerConstants: getFullBackupRequireCharging(...) returns true
10-25 02:18:23.867  1482  1482 I Telecom : DefaultDialerCache: Refreshing default dialer for user 0: now com.google.android.dialer: DDC.oR@A00
10-25 02:18:23.900  1482  4192 W BackupTransportManager: Package com.voicebianshengjinglingwc.wxl enabled setting: 0
10-25 02:18:23.919  1482  1848 E PackageManager: ERROR: could not load root hash from incremental install
10-25 02:18:23.958  1482  2046 W PackageParsing: Ignoring duplicate uses-permissions/uses-permissions-sdk-m: android.permission.DISABLE_KEYGUARD in package: zqgd.bwqay.wekcq at: Binary XML file line #22
10-25 02:18:23.970  1482  5533 D SystemServerTiming: getUserSwitchability-0
10-25 02:18:23.970  1482  5533 D SystemServerTiming: TM.isInCall
10-25 02:18:23.970  1482  2995 D SystemServerTiming: getUserSwitchability-0
10-25 02:18:23.970  1482  2995 D SystemServerTiming: TM.isInCall
10-25 02:18:23.971  1482  5533 D SystemServerTiming: hasUserRestriction-DISALLOW_USER_SWITCH
10-25 02:18:23.971  1482  5533 D SystemServerTiming: getInt-ALLOW_USER_SWITCHING_WHEN_SYSTEM_USER_LOCKED
10-25 02:18:23.971  1482  5533 D SystemServerTiming: isUserUnlocked-USER_SYSTEM
10-25 02:18:23.973  1482  2995 D SystemServerTiming: hasUserRestriction-DISALLOW_USER_SWITCH
10-25 02:18:23.973  1482  2995 D SystemServerTiming: getInt-ALLOW_USER_SWITCHING_WHEN_SYSTEM_USER_LOCKED
10-25 02:18:23.973  1482  2995 D SystemServerTiming: isUserUnlocked-USER_SYSTEM
10-25 02:18:24.027  1482  1687 W WindowMagnificationMgr: requestConnection duplicated request: connect=false, mConnectionState=DISCONNECTED
10-25 02:18:24.031  1482  1848 I PackageManager: Integrity check passed for file:///data/app/vmdl188715603.tmp
10-25 02:18:24.045  1482  1848 W PackageParsing: Ignoring duplicate uses-permissions/uses-permissions-sdk-m: android.permission.DISABLE_KEYGUARD in package: zqgd.bwqay.wekcq at: Binary XML file line #22
10-25 02:18:24.054  1482  1845 E VerityUtils: Failed to measure fs-verity, errno 1: /data/app/~~A2aM_veKTlwj6oErZQ7tnA==/com.voicebianshengjinglingwc.wxl-OgCV89dVw_3Mdeegqtoc1g==/base.apk
10-25 02:18:24.122  1482  5530 D CompatibilityChangeReporter: Compat change id reported: 161252188; UID 10245; state: DISABLED
10-25 02:18:24.122  1482  1674 V StorageManagerService: Package null has legacy storage
10-25 02:18:24.159  1482  1687 W PackageManager: Failed registering loading progress callback. Package is fully loaded.
10-25 02:18:24.172  1482  1687 W WindowMagnificationMgr: requestConnection duplicated request: connect=false, mConnectionState=DISCONNECTED
10-25 02:18:24.284  1482  5544 I ActivityTaskManager: START u0 {flg=0x10020000 cmp=com.sophos.smsec/.plugin.scanner.MaliciousAppInstalledActivity (has extras)} from uid 10194
10-25 02:18:24.310  1482  5530 W BroadcastQueue: Background execution not allowed: receiving Intent { act=android.intent.action.PACKAGE_ADDED dat=package: flg=0x4000010 (has extras) } to com.google.android.packageinstaller/com.android.packageinstaller.PackageInstalledReceiver
10-25 02:18:24.310  1482  1689 W BroadcastQueue: Background execution not allowed: receiving Intent { act=android.intent.action.PACKAGE_ADDED dat=package: flg=0x4000010 (has extras) } to com.sophos.smsec/.SmSecSystemBroadcastReceiver
10-25 02:18:24.310  1482  1689 W BroadcastQueue: Background execution not allowed: receiving Intent { act=android.intent.action.PACKAGE_ADDED dat=package: flg=0x4000010 (has extras) } to com.android.vending/com.google.android.finsky.packagemonitor.impl.PackageMonitorReceiverImpl$RegisteredReceiver
10-25 02:18:24.310  1482  1689 W BroadcastQueue: Background execution not allowed: receiving Intent { act=android.intent.action.PACKAGE_ADDED dat=package: flg=0x4000010 (has extras) } to com.android.vending/com.google.android.finsky.packagemonitor.backgroundimpl.BackgroundPackageMonitorReceiverImpl$RegisteredReceiver
10-25 02:18:24.310  1482  1689 W BroadcastQueue: Background execution not allowed: receiving Intent { act=android.intent.action.PACKAGE_ADDED dat=package: flg=0x4000010 (has extras) } to com.google.android.gms/.games.chimera.GamesSystemBroadcastReceiverProxy
10-25 02:18:24.310  1482  1689 W BroadcastQueue: Background execution not allowed: receiving Intent { act=android.intent.action.PACKAGE_ADDED dat=package: flg=0x4000010 (has extras) } to com.google.android.gms/.gass.chimera.PackageChangeBroadcastReceiver
10-25 02:18:24.310  1482  1689 W BroadcastQueue: Background execution not allowed: receiving Intent { act=android.intent.action.PACKAGE_ADDED dat=package: flg=0x4000010 (has extras) } to com.google.android.gms/.chimera.GmsIntentOperationService$PersistentTrustedReceiver
10-25 02:18:24.310  1482  1689 W BroadcastQueue: Background execution not allowed: receiving Intent { act=android.intent.action.PACKAGE_ADDED dat=package: flg=0x4000010 (has extras) } to com.google.android.googlequicksearchbox/com.google.android.apps.gsa.googlequicksearchbox.GelStubAppWatcher
10-25 02:18:24.358  1482  5276 W AppOps  : setUidMode() called with a mode inconsistent with runtime permission state, this is discouraged and you should revoke the runtime permission instead: uid=10126, switchCode=0, mode=4, permission=android.permission.ACCESS_BACKGROUND_LOCATION
10-25 02:18:24.365  1482  1848 V BackupManagerService: [UserID:0] restoreAtInstall pkg=zqgd.bwqay.wekcq token=38 restoreSet=0
10-25 02:18:24.365  1482  1848 V BackupManagerService: [UserID:0] Finishing install immediately
10-25 02:18:24.372  1482  1848 D PackageInstallerSession: Marking session 188715603 as applied
10-25 02:18:24.390  1482  1848 D CompatibilityChangeReporter: Compat change id reported: 168419799; UID 10246; state: DISABLED
10-25 02:18:24.390  1482  1848 D CompatibilityChangeReporter: Compat change id reported: 273564678; UID 10246; state: DISABLED
10-25 02:18:24.394  1482  2925 D CompatibilityChangeReporter: Compat change id reported: 218533173; UID 10246; state: DISABLED
10-25 02:18:24.396  1482  5551 W BroadcastQueue: Background execution not allowed: receiving Intent { act=android.intent.action.PACKAGE_ADDED dat=package: flg=0x4000010 (has extras) } to com.google.android.packageinstaller/com.android.packageinstaller.PackageInstalledReceiver
10-25 02:18:24.400  1482  1689 W BroadcastQueue: Background execution not allowed: receiving Intent { act=android.intent.action.PACKAGE_ADDED dat=package: flg=0x4000010 (has extras) } to com.sophos.smsec/.SmSecSystemBroadcastReceiver
10-25 02:18:24.400  1482  1689 W BroadcastQueue: Background execution not allowed: receiving Intent { act=android.intent.action.PACKAGE_ADDED dat=package: flg=0x4000010 (has extras) } to com.android.vending/com.google.android.finsky.packagemonitor.impl.PackageMonitorReceiverImpl$RegisteredReceiver
10-25 02:18:24.400  1482  1689 W BroadcastQueue: Background execution not allowed: receiving Intent { act=android.intent.action.PACKAGE_ADDED dat=package: flg=0x4000010 (has extras) } to com.android.vending/com.google.android.finsky.packagemonitor.backgroundimpl.BackgroundPackageMonitorReceiverImpl$RegisteredReceiver
10-25 02:18:24.400  1482  1689 W BroadcastQueue: Background execution not allowed: receiving Intent { act=android.intent.action.PACKAGE_ADDED dat=package: flg=0x4000010 (has extras) } to com.google.android.gms/.games.chimera.GamesSystemBroadcastReceiverProxy
10-25 02:18:24.400  1482  1689 W BroadcastQueue: Background execution not allowed: receiving Intent { act=android.intent.action.PACKAGE_ADDED dat=package: flg=0x4000010 (has extras) } to com.google.android.gms/.gass.chimera.PackageChangeBroadcastReceiver
10-25 02:18:24.400  1482  1689 W BroadcastQueue: Background execution not allowed: receiving Intent { act=android.intent.action.PACKAGE_ADDED dat=package: flg=0x4000010 (has extras) } to com.google.android.gms/.chimera.GmsIntentOperationService$PersistentTrustedReceiver
10-25 02:18:24.400  1482  1689 W BroadcastQueue: Background execution not allowed: receiving Intent { act=android.intent.action.PACKAGE_ADDED dat=package: flg=0x4000010 (has extras) } to com.google.android.googlequicksearchbox/com.google.android.apps.gsa.googlequicksearchbox.GelStubAppWatcher
10-25 02:18:24.408  1482  1482 I Telecom : DefaultDialerCache: Refreshing default dialer for user 0: now com.google.android.dialer: DDC.oR@A1I
10-25 02:18:24.413  1482  1482 V BackupManagerConstants: getFullBackupIntervalMilliseconds(...) returns 86400000
10-25 02:18:24.413  1482  1482 V BackupManagerConstants: getFullBackupRequiredNetworkType(...) returns 2
10-25 02:18:24.414  1482  1482 V BackupManagerConstants: getFullBackupRequireCharging(...) returns true
10-25 02:18:24.464  1482  1482 I Telecom : DefaultDialerCache: Refreshing default dialer for user 0: now com.google.android.dialer: DDC.oR@A1M
10-25 02:18:24.474  1482  1482 I NotificationService: Cannot find enqueued record for key: 0|com.sophos.smsec|-335559810|ThreatFoundNotification_TAG|10194
10-25 02:18:24.494  1482  4192 W BackupTransportManager: Package zqgd.bwqay.wekcq enabled setting: 0
10-25 02:18:24.498  1482  1687 W WindowMagnificationMgr: requestConnection duplicated request: connect=false, mConnectionState=DISCONNECTED
10-25 02:18:24.524  1482  1848 E PackageManager: ERROR: could not load root hash from incremental install
10-25 02:18:24.556  1482  1845 E VerityUtils: Failed to measure fs-verity, errno 1: /data/app/~~M-TDumxE3LKHSFKNNpIIww==/zqgd.bwqay.wekcq-SaZ7_XgvWQTDYzWNFgmZ1A==/base.apk
10-25 02:18:24.591  1482  1848 I PackageManager: Integrity check passed for file:///data/app/vmdl1429571472.tmp
10-25 02:18:24.622  1482  1687 W PackageManager: Failed registering loading progress callback. Package is fully loaded.
10-25 02:18:24.658  1482  1687 W WindowMagnificationMgr: requestConnection duplicated request: connect=false, mConnectionState=DISCONNECTED
10-25 02:18:24.663  1482  5532 W BroadcastQueue: Background execution not allowed: receiving Intent { act=android.intent.action.PACKAGE_ADDED dat=package: flg=0x4000010 (has extras) } to com.google.android.packageinstaller/com.android.packageinstaller.PackageInstalledReceiver
10-25 02:18:24.664  1482  1689 W BroadcastQueue: Background execution not allowed: receiving Intent { act=android.intent.action.PACKAGE_ADDED dat=package: flg=0x4000010 (has extras) } to com.sophos.smsec/.SmSecSystemBroadcastReceiver
10-25 02:18:24.664  1482  1689 W BroadcastQueue: Background execution not allowed: receiving Intent { act=android.intent.action.PACKAGE_ADDED dat=package: flg=0x4000010 (has extras) } to com.android.vending/com.google.android.finsky.packagemonitor.impl.PackageMonitorReceiverImpl$RegisteredReceiver
10-25 02:18:24.664  1482  1689 W BroadcastQueue: Background execution not allowed: receiving Intent { act=android.intent.action.PACKAGE_ADDED dat=package: flg=0x4000010 (has extras) } to com.android.vending/com.google.android.finsky.packagemonitor.backgroundimpl.BackgroundPackageMonitorReceiverImpl$RegisteredReceiver
10-25 02:18:24.664  1482  1689 W BroadcastQueue: Background execution not allowed: receiving Intent { act=android.intent.action.PACKAGE_ADDED dat=package: flg=0x4000010 (has extras) } to com.google.android.gms/.games.chimera.GamesSystemBroadcastReceiverProxy
10-25 02:18:24.664  1482  1689 W BroadcastQueue: Background execution not allowed: receiving Intent { act=android.intent.action.PACKAGE_ADDED dat=package: flg=0x4000010 (has extras) } to com.google.android.gms/.gass.chimera.PackageChangeBroadcastReceiver
10-25 02:18:24.664  1482  1689 W BroadcastQueue: Background execution not allowed: receiving Intent { act=android.intent.action.PACKAGE_ADDED dat=package: flg=0x4000010 (has extras) } to com.google.android.gms/.chimera.GmsIntentOperationService$PersistentTrustedReceiver
10-25 02:18:24.664  1482  1689 W BroadcastQueue: Background execution not allowed: receiving Intent { act=android.intent.action.PACKAGE_ADDED dat=package: flg=0x4000010 (has extras) } to com.google.android.googlequicksearchbox/com.google.android.apps.gsa.googlequicksearchbox.GelStubAppWatcher
10-25 02:18:24.809  1482  2999 W AppOps  : setUidMode() called with a mode inconsistent with runtime permission state, this is discouraged and you should revoke the runtime permission instead: uid=10126, switchCode=1, mode=4, permission=android.permission.ACCESS_BACKGROUND_LOCATION
10-25 02:18:24.815  1482  1532 W AppOps  : setUidMode() called with a mode inconsistent with runtime permission state, this is discouraged and you should revoke the runtime permission instead: uid=10126, switchCode=0, mode=4, permission=android.permission.ACCESS_BACKGROUND_LOCATION
10-25 02:18:24.868  1482  5544 W BroadcastQueue: Background execution not allowed: receiving Intent { act=android.intent.action.PACKAGE_ADDED dat=package: flg=0x4000010 (has extras) } to com.google.android.packageinstaller/com.android.packageinstaller.PackageInstalledReceiver
10-25 02:18:24.870  1482  1689 W BroadcastQueue: Background execution not allowed: receiving Intent { act=android.intent.action.PACKAGE_ADDED dat=package: flg=0x4000010 (has extras) } to com.sophos.smsec/.SmSecSystemBroadcastReceiver
10-25 02:18:24.870  1482  1689 W BroadcastQueue: Background execution not allowed: receiving Intent { act=android.intent.action.PACKAGE_ADDED dat=package: flg=0x4000010 (has extras) } to com.android.vending/com.google.android.finsky.packagemonitor.impl.PackageMonitorReceiverImpl$RegisteredReceiver
10-25 02:18:24.870  1482  1689 W BroadcastQueue: Background execution not allowed: receiving Intent { act=android.intent.action.PACKAGE_ADDED dat=package: flg=0x4000010 (has extras) } to com.android.vending/com.google.android.finsky.packagemonitor.backgroundimpl.BackgroundPackageMonitorReceiverImpl$RegisteredReceiver
10-25 02:18:24.870  1482  1689 W BroadcastQueue: Background execution not allowed: receiving Intent { act=android.intent.action.PACKAGE_ADDED dat=package: flg=0x4000010 (has extras) } to com.google.android.gms/.games.chimera.GamesSystemBroadcastReceiverProxy
10-25 02:18:24.870  1482  1689 W BroadcastQueue: Background execution not allowed: receiving Intent { act=android.intent.action.PACKAGE_ADDED dat=package: flg=0x4000010 (has extras) } to com.google.android.gms/.gass.chimera.PackageChangeBroadcastReceiver
10-25 02:18:24.870  1482  1689 W BroadcastQueue: Background execution not allowed: receiving Intent { act=android.intent.action.PACKAGE_ADDED dat=package: flg=0x4000010 (has extras) } to com.google.android.gms/.chimera.GmsIntentOperationService$PersistentTrustedReceiver
10-25 02:18:24.871  1482  1689 W BroadcastQueue: Background execution not allowed: receiving Intent { act=android.intent.action.PACKAGE_ADDED dat=package: flg=0x4000010 (has extras) } to com.google.android.googlequicksearchbox/com.google.android.apps.gsa.googlequicksearchbox.GelStubAppWatcher
10-25 02:18:24.886  1482  1531 D CompatibilityChangeReporter: Compat change id reported: 161252188; UID 10246; state: DISABLED
10-25 02:18:24.969  1482  5551 W BroadcastQueue: Background execution not allowed: receiving Intent { act=android.intent.action.PACKAGE_ADDED dat=package: flg=0x4000010 (has extras) } to com.google.android.packageinstaller/com.android.packageinstaller.PackageInstalledReceiver
10-25 02:18:24.972  1482  1689 W BroadcastQueue: Background execution not allowed: receiving Intent { act=android.intent.action.PACKAGE_ADDED dat=package: flg=0x4000010 (has extras) } to com.sophos.smsec/.SmSecSystemBroadcastReceiver
10-25 02:18:24.972  1482  1689 W BroadcastQueue: Background execution not allowed: receiving Intent { act=android.intent.action.PACKAGE_ADDED dat=package: flg=0x4000010 (has extras) } to com.android.vending/com.google.android.finsky.packagemonitor.impl.PackageMonitorReceiverImpl$RegisteredReceiver
10-25 02:18:24.972  1482  1689 W BroadcastQueue: Background execution not allowed: receiving Intent { act=android.intent.action.PACKAGE_ADDED dat=package: flg=0x4000010 (has extras) } to com.android.vending/com.google.android.finsky.packagemonitor.backgroundimpl.BackgroundPackageMonitorReceiverImpl$RegisteredReceiver
10-25 02:18:24.972  1482  1689 W BroadcastQueue: Background execution not allowed: receiving Intent { act=android.intent.action.PACKAGE_ADDED dat=package: flg=0x4000010 (has extras) } to com.google.android.gms/.games.chimera.GamesSystemBroadcastReceiverProxy
10-25 02:18:24.972  1482  1689 W BroadcastQueue: Background execution not allowed: receiving Intent { act=android.intent.action.PACKAGE_ADDED dat=package: flg=0x4000010 (has extras) } to com.google.android.gms/.gass.chimera.PackageChangeBroadcastReceiver
10-25 02:18:24.972  1482  1689 W BroadcastQueue: Background execution not allowed: receiving Intent { act=android.intent.action.PACKAGE_ADDED dat=package: flg=0x4000010 (has extras) } to com.google.android.gms/.chimera.GmsIntentOperationService$PersistentTrustedReceiver
10-25 02:18:24.972  1482  1689 W BroadcastQueue: Background execution not allowed: receiving Intent { act=android.intent.action.PACKAGE_ADDED dat=package: flg=0x4000010 (has extras) } to com.google.android.googlequicksearchbox/com.google.android.apps.gsa.googlequicksearchbox.GelStubAppWatcher
10-25 02:18:24.977  1482  5550 D CompatibilityChangeReporter: Compat change id reported: 201794303; UID 10136; state: ENABLED
10-25 02:18:24.996  1482  1848 V BackupManagerService: [UserID:0] restoreAtInstall pkg=com.gone60 token=39 restoreSet=0
10-25 02:18:24.996  1482  1848 V BackupManagerService: [UserID:0] Finishing install immediately
10-25 02:18:25.000  1482  1848 D PackageInstallerSession: Marking session 1429571472 as applied
10-25 02:18:25.026  1482  1848 D CompatibilityChangeReporter: Compat change id reported: 168419799; UID 10247; state: DISABLED
10-25 02:18:25.026  1482  1848 D CompatibilityChangeReporter: Compat change id reported: 273564678; UID 10247; state: DISABLED
10-25 02:18:25.039  1482  2925 D CompatibilityChangeReporter: Compat change id reported: 218533173; UID 10247; state: DISABLED
10-25 02:18:25.085  1482  5542 W BroadcastQueue: Background execution not allowed: receiving Intent { act=android.intent.action.PACKAGE_ADDED dat=package: flg=0x4000010 (has extras) } to com.google.android.packageinstaller/com.android.packageinstaller.PackageInstalledReceiver
10-25 02:18:25.086  1482  1689 W BroadcastQueue: Background execution not allowed: receiving Intent { act=android.intent.action.PACKAGE_ADDED dat=package: flg=0x4000010 (has extras) } to com.sophos.smsec/.SmSecSystemBroadcastReceiver
10-25 02:18:25.086  1482  1689 W BroadcastQueue: Background execution not allowed: receiving Intent { act=android.intent.action.PACKAGE_ADDED dat=package: flg=0x4000010 (has extras) } to com.android.vending/com.google.android.finsky.packagemonitor.impl.PackageMonitorReceiverImpl$RegisteredReceiver
10-25 02:18:25.086  1482  1689 W BroadcastQueue: Background execution not allowed: receiving Intent { act=android.intent.action.PACKAGE_ADDED dat=package: flg=0x4000010 (has extras) } to com.android.vending/com.google.android.finsky.packagemonitor.backgroundimpl.BackgroundPackageMonitorReceiverImpl$RegisteredReceiver
10-25 02:18:25.086  1482  1689 W BroadcastQueue: Background execution not allowed: receiving Intent { act=android.intent.action.PACKAGE_ADDED dat=package: flg=0x4000010 (has extras) } to com.google.android.gms/.games.chimera.GamesSystemBroadcastReceiverProxy
10-25 02:18:25.086  1482  1689 W BroadcastQueue: Background execution not allowed: receiving Intent { act=android.intent.action.PACKAGE_ADDED dat=package: flg=0x4000010 (has extras) } to com.google.android.gms/.gass.chimera.PackageChangeBroadcastReceiver
