10-25 02:34:40.099  1451  1698 W BroadcastQueue: Skipping delivery: permission review required for Intent { act=android.intent.action.PACKAGE_ADDED dat=package: flg=0x4000010 (has extras) } from null (pid=1451, uid=1000) to com.cncd.japan.janli.shudu/net.l.k.r
10-25 02:34:40.099  1451  1698 W BroadcastQueue: u0 Receiving a broadcast in packagecom.cncd.japan.janli.shudu requires a permissions review
10-25 02:34:40.099  1451  1698 W BroadcastQueue: Skipping delivery: permission review required for Intent { act=android.intent.action.PACKAGE_ADDED dat=package: flg=0x4000010 (has extras) } from null (pid=1451, uid=1000) to com.cncd.japan.janli.shudu/com.feiwofour.coverscreen.SR
10-25 02:34:40.105  1451  2915 D CompatibilityChangeReporter: Compat change id reported: 218533173; UID 10273; state: DISABLED
10-25 02:34:40.108  1451  1451 V BackupManagerConstants: getFullBackupIntervalMilliseconds(...) returns 86400000
10-25 02:34:40.108  1451  1451 V BackupManagerConstants: getFullBackupRequiredNetworkType(...) returns 2
10-25 02:34:40.108  1451  1451 V BackupManagerConstants: getFullBackupRequireCharging(...) returns true
10-25 02:34:40.112  1451  1698 W BroadcastQueue: u0 Receiving a broadcast in packagecom.games.mengmeizhitd requires a permissions review
10-25 02:34:40.112  1451  1698 W BroadcastQueue: Skipping delivery: permission review required for Intent { act=android.intent.action.PACKAGE_ADDED dat=package: flg=0x4000010 (has extras) } from null (pid=1451, uid=1000) to com.games.mengmeizhitd/hjnw.ihjnw.i.isqly
10-25 02:34:40.112  1451  1698 W BroadcastQueue: u0 Receiving a broadcast in packagecom.hgperfko.yaeghrwx requires a permissions review
10-25 02:34:40.112  1451  1698 W BroadcastQueue: Skipping delivery: permission review required for Intent { act=android.intent.action.PACKAGE_ADDED dat=package: flg=0x4000010 (has extras) } from null (pid=1451, uid=1000) to com.hgperfko.yaeghrwx/.core.hLytdCQDBv
10-25 02:34:40.113  1451  1698 W BroadcastQueue: u0 Receiving a broadcast in packagecom.qiuqiu.dfmc requires a permissions review
10-25 02:34:40.113  1451  1698 W BroadcastQueue: Skipping delivery: permission review required for Intent { act=android.intent.action.PACKAGE_ADDED dat=package: flg=0x4000010 (has extras) } from null (pid=1451, uid=1000) to com.qiuqiu.dfmc/cn.jpush.android.service.PushReceiver
10-25 02:34:40.113  1451  1698 W BroadcastQueue: u0 Receiving a broadcast in packagecom.safesys.viruskiller requires a permissions review
10-25 02:34:40.113  1451  1698 W BroadcastQueue: Skipping delivery: permission review required for Intent { act=android.intent.action.PACKAGE_ADDED dat=package: flg=0x4000010 (has extras) } from null (pid=1451, uid=1000) to com.safesys.viruskiller/.ScanPackageBroadcast
10-25 02:34:40.114  1451  1698 W BroadcastQueue: u0 Receiving a broadcast in packagecom.uc108.mobile.sdgj.bd1 requires a permissions review
10-25 02:34:40.114  1451  1698 W BroadcastQueue: Skipping delivery: permission review required for Intent { act=android.intent.action.PACKAGE_ADDED dat=package: flg=0x4000010 (has extras) } from null (pid=1451, uid=1000) to com.uc108.mobile.sdgj.bd1/com.baidu.tiebasdk.service.InstallReceiver
10-25 02:34:40.114  1451  1698 W BroadcastQueue: u0 Receiving a broadcast in packagecom.voicebianshengjinglingwc.wxl requires a permissions review
10-25 02:34:40.114  1451  1698 W BroadcastQueue: Skipping delivery: permission review required for Intent { act=android.intent.action.PACKAGE_ADDED dat=package: flg=0x4000010 (has extras) } from null (pid=1451, uid=1000) to com.voicebianshengjinglingwc.wxl/mp.ruu.Ztjjwrj
10-25 02:34:40.115  1451  1698 W BroadcastQueue: u0 Receiving a broadcast in packagecom.yoojar.zlsg.baidu requires a permissions review
10-25 02:34:40.115  1451  1698 W BroadcastQueue: Skipping delivery: permission review required for Intent { act=android.intent.action.PACKAGE_ADDED dat=package: flg=0x4000010 (has extras) } from null (pid=1451, uid=1000) to com.yoojar.zlsg.baidu/com.duoku.platform.download.broadcast.AppMonitorReceiver
10-25 02:34:40.115  1451  1698 W BroadcastQueue: u0 Receiving a broadcast in packageio.dcloud.H5BC6BF13 requires a permissions review
10-25 02:34:40.115  1451  1698 W BroadcastQueue: Skipping delivery: permission review required for Intent { act=android.intent.action.PACKAGE_ADDED dat=package: flg=0x4000010 (has extras) } from null (pid=1451, uid=1000) to io.dcloud.H5BC6BF13/io.dcloud.common.adapter.io.DownloadReceiver
10-25 02:34:40.138  1451  1451 I Telecom : DefaultDialerCache: Refreshing default dialer for user 0: now com.google.android.dialer: DDC.oR@A7U
10-25 02:34:40.139  1451  4166 W BackupTransportManager: Package com.hkfvidtmuwfaekmx.dlfjwxiakhkcpqd enabled setting: 0
10-25 02:34:40.150  1451  1823 E VerityUtils: Failed to measure fs-verity, errno 1: /data/app/~~fD-HVlYRIWh42DE6OjBA5g==/com.hkfvidtmuwfaekmx.dlfjwxiakhkcpqd-Lcg45JhV_XldUD2C6f-6Iw==/base.apk
10-25 02:34:40.162  1451  5775 D CompatibilityChangeReporter: Compat change id reported: 161252188; UID 10273; state: DISABLED
10-25 02:34:40.185  1451  1696 W WindowMagnificationMgr: requestConnection duplicated request: connect=false, mConnectionState=DISCONNECTED
10-25 02:34:40.247  1451  1979 D OomAdjuster: Not killing cached processes
10-25 02:34:40.260  1451  4226 W BroadcastQueue: u0 Receiving a broadcast in packagecom.yoojar.zlsg.baidu requires a permissions review
10-25 02:34:40.260  1451  4226 W BroadcastQueue: Skipping delivery: permission review required for Intent { act=android.intent.action.PACKAGE_CHANGED dat=package: flg=0x5000010 (has extras) } from null (pid=1451, uid=1000) to com.yoojar.zlsg.baidu/com.duoku.platform.download.broadcast.AppMonitorReceiver
10-25 02:34:40.286  1451  1696 W PackageManager: Failed registering loading progress callback. Package is fully loaded.
10-25 02:34:40.297  1451  1696 W WindowMagnificationMgr: requestConnection duplicated request: connect=false, mConnectionState=DISCONNECTED
10-25 02:34:40.317  1451  1826 E PackageManager: ERROR: could not load root hash from incremental install
10-25 02:34:40.347  1451  1826 I PackageManager: Integrity check passed for file:///data/app/vmdl947271891.tmp
10-25 02:34:40.422  1451  1679 V StorageManagerService: Package null does not have legacy storage
10-25 02:34:40.427  1451  1978 I ActivityTaskManager: START u0 {flg=0x14800000 cmp=com.trendmicro.tmmspersonal/com.trendmicro.tmmssuite.antimalware.scan.RealtimeAlert (has extras)} from uid 10194
10-25 02:34:40.440  1451  1978 W ActivityTaskManager: Tried to set launchTime (0) < mLastActivityLaunchTime (595311)
10-25 02:34:40.461  1451  1979 D CoreBackPreview: Window{8f1906 u0 com.trendmicro.tmmspersonal/com.trendmicro.tmmssuite.antimalware.scan.RealtimeAlert}: Setting back callback OnBackInvokedCallbackInfo{mCallback=android.window.IOnBackInvokedCallback$Stub$Proxy@904ab51, mPriority=0}
10-25 02:34:40.517  1451  3204 D CoreBackPreview: Window{a5f2738 u0 com.trendmicro.tmmspersonal/com.trendmicro.tmmssuite.antimalware.scan.RealtimeAlert}: Setting back callback null
10-25 02:34:40.528  1451  1979 W AppOps  : setUidMode() called with a mode inconsistent with runtime permission state, this is discouraged and you should revoke the runtime permission instead: uid=10126, switchCode=0, mode=4, permission=android.permission.ACCESS_BACKGROUND_LOCATION
10-25 02:34:40.590  1451  1514 W AppOps  : setUidMode() called with a mode inconsistent with runtime permission state, this is discouraged and you should revoke the runtime permission instead: uid=10126, switchCode=1, mode=4, permission=android.permission.ACCESS_BACKGROUND_LOCATION
10-25 02:34:40.592  1451  1514 W AppOps  : setUidMode() called with a mode inconsistent with runtime permission state, this is discouraged and you should revoke the runtime permission instead: uid=10126, switchCode=0, mode=4, permission=android.permission.ACCESS_BACKGROUND_LOCATION
10-25 02:34:40.875  1451  1826 V BackupManagerService: [UserID:0] restoreAtInstall pkg=crime.fashion.dentist token=54 restoreSet=0
10-25 02:34:40.876  1451  1826 V BackupManagerService: [UserID:0] Finishing install immediately
10-25 02:34:40.879  1451  1826 D PackageInstallerSession: Marking session 947271891 as applied
10-25 02:34:40.884  1451  1826 D CompatibilityChangeReporter: Compat change id reported: 168419799; UID 10274; state: DISABLED
10-25 02:34:40.884  1451  1826 D CompatibilityChangeReporter: Compat change id reported: 273564678; UID 10274; state: DISABLED
10-25 02:34:40.894  1451  2915 D CompatibilityChangeReporter: Compat change id reported: 218533173; UID 10274; state: DISABLED
10-25 02:34:40.897  1451  1451 I Telecom : DefaultDialerCache: Refreshing default dialer for user 0: now com.google.android.dialer: DDC.oR@A7g
10-25 02:34:40.905  1451  6924 W BroadcastQueue: u0 Receiving a broadcast in packagecom.jr.narutoii requires a permissions review
10-25 02:34:40.905  1451  6924 W BroadcastQueue: Skipping delivery: permission review required for Intent { act=android.intent.action.PACKAGE_ADDED dat=package: flg=0x4000010 (has extras) } from null (pid=1451, uid=1000) to com.jr.narutoii/com.joyriver.engine.proxy.EngineReceiver
10-25 02:34:40.908  1451  1451 V BackupManagerConstants: getFullBackupIntervalMilliseconds(...) returns 86400000
10-25 02:34:40.908  1451  1451 V BackupManagerConstants: getFullBackupRequiredNetworkType(...) returns 2
10-25 02:34:40.908  1451  1451 V BackupManagerConstants: getFullBackupRequireCharging(...) returns true
10-25 02:34:40.909  1451  1696 W WindowMagnificationMgr: requestConnection duplicated request: connect=false, mConnectionState=DISCONNECTED
10-25 02:34:40.933  1451  1698 W BroadcastQueue: u0 Receiving a broadcast in packagecom.android.buyer requires a permissions review
10-25 02:34:40.933  1451  1698 W BroadcastQueue: Skipping delivery: permission review required for Intent { act=android.intent.action.PACKAGE_ADDED dat=package: flg=0x4000010 (has extras) } from null (pid=1451, uid=1000) to com.android.buyer/.mRve
10-25 02:34:40.933  1451  1823 E VerityUtils: Failed to measure fs-verity, errno 1: /data/app/~~OyxXeZSaG93Ym2ZMCEotRQ==/crime.fashion.dentist-PEb7D9ZfUXLRmpmvMBEW9g==/base.apk
10-25 02:34:40.935  1451  1698 W BroadcastQueue: Background execution not allowed: receiving Intent { act=android.intent.action.PACKAGE_ADDED dat=package: flg=0x4000010 (has extras) } to com.google.android.packageinstaller/com.android.packageinstaller.PackageInstalledReceiver
10-25 02:34:40.938  1451  1696 W PackageManager: Failed registering loading progress callback. Package is fully loaded.
10-25 02:34:40.939  1451  1698 W BroadcastQueue: Background execution not allowed: receiving Intent { act=android.intent.action.PACKAGE_ADDED dat=package: flg=0x4000010 (has extras) } to com.trendmicro.tmmspersonal/com.trendmicro.android.base.util.PackageListReceiver
10-25 02:34:40.939  1451  1698 W BroadcastQueue: Background execution not allowed: receiving Intent { act=android.intent.action.PACKAGE_ADDED dat=package: flg=0x4000010 (has extras) } to com.android.vending/com.google.android.finsky.packagemonitor.impl.PackageMonitorReceiverImpl$RegisteredReceiver
10-25 02:34:40.939  1451  1698 W BroadcastQueue: Background execution not allowed: receiving Intent { act=android.intent.action.PACKAGE_ADDED dat=package: flg=0x4000010 (has extras) } to com.android.vending/com.google.android.finsky.packagemonitor.backgroundimpl.BackgroundPackageMonitorReceiverImpl$RegisteredReceiver
10-25 02:34:40.939  1451  1698 W BroadcastQueue: Background execution not allowed: receiving Intent { act=android.intent.action.PACKAGE_ADDED dat=package: flg=0x4000010 (has extras) } to com.google.android.gms/.games.chimera.GamesSystemBroadcastReceiverProxy
10-25 02:34:40.939  1451  1698 W BroadcastQueue: Background execution not allowed: receiving Intent { act=android.intent.action.PACKAGE_ADDED dat=package: flg=0x4000010 (has extras) } to com.google.android.gms/.gass.chimera.PackageChangeBroadcastReceiver
10-25 02:34:40.939  1451  1698 W BroadcastQueue: Background execution not allowed: receiving Intent { act=android.intent.action.PACKAGE_ADDED dat=package: flg=0x4000010 (has extras) } to com.google.android.gms/.chimera.GmsIntentOperationService$PersistentTrustedReceiver
10-25 02:34:40.940  1451  1698 W BroadcastQueue: Background execution not allowed: receiving Intent { act=android.intent.action.PACKAGE_ADDED dat=package: flg=0x4000010 (has extras) } to com.google.android.googlequicksearchbox/com.google.android.apps.gsa.googlequicksearchbox.GelStubAppWatcher
10-25 02:34:40.949  1451  1451 I Telecom : DefaultDialerCache: Refreshing default dialer for user 0: now com.google.android.dialer: DDC.oR@A7k
10-25 02:34:40.951  1451  4166 W BackupTransportManager: Package crime.fashion.dentist enabled setting: 0
10-25 02:34:40.951  1451  1696 W WindowMagnificationMgr: requestConnection duplicated request: connect=false, mConnectionState=DISCONNECTED
10-25 02:34:40.953  1451  1978 D CompatibilityChangeReporter: Compat change id reported: 161252188; UID 10274; state: DISABLED
10-25 02:34:40.964  1451  1698 W BroadcastQueue: u0 Receiving a broadcast in packagecom.cncd.japan.janli.shudu requires a permissions review
10-25 02:34:40.964  1451  1698 W BroadcastQueue: Skipping delivery: permission review required for Intent { act=android.intent.action.PACKAGE_ADDED dat=package: flg=0x4000010 (has extras) } from null (pid=1451, uid=1000) to com.cncd.japan.janli.shudu/net.l.k.r
10-25 02:34:40.972  1451  6924 I ActivityTaskManager: START u0 {flg=0x14800000 cmp=com.trendmicro.tmmspersonal/com.trendmicro.tmmssuite.antimalware.scan.RealtimeAlert4PUA (has extras)} from uid 10194
10-25 02:34:40.976  1451  1698 W BroadcastQueue: u0 Receiving a broadcast in packagecom.cncd.japan.janli.shudu requires a permissions review
10-25 02:34:40.976  1451  1698 W BroadcastQueue: Skipping delivery: permission review required for Intent { act=android.intent.action.PACKAGE_ADDED dat=package: flg=0x4000010 (has extras) } from null (pid=1451, uid=1000) to com.cncd.japan.janli.shudu/com.feiwofour.coverscreen.SR
10-25 02:34:40.977  1451  1698 W BroadcastQueue: u0 Receiving a broadcast in packagecom.games.mengmeizhitd requires a permissions review
10-25 02:34:40.977  1451  1698 W BroadcastQueue: Skipping delivery: permission review required for Intent { act=android.intent.action.PACKAGE_ADDED dat=package: flg=0x4000010 (has extras) } from null (pid=1451, uid=1000) to com.games.mengmeizhitd/hjnw.ihjnw.i.isqly
10-25 02:34:40.978  1451  1698 W BroadcastQueue: u0 Receiving a broadcast in packagecom.hgperfko.yaeghrwx requires a permissions review
10-25 02:34:40.978  1451  1698 W BroadcastQueue: Skipping delivery: permission review required for Intent { act=android.intent.action.PACKAGE_ADDED dat=package: flg=0x4000010 (has extras) } from null (pid=1451, uid=1000) to com.hgperfko.yaeghrwx/.core.hLytdCQDBv
10-25 02:34:40.978  1451  1698 W BroadcastQueue: u0 Receiving a broadcast in packagecom.qiuqiu.dfmc requires a permissions review
10-25 02:34:40.978  1451  1698 W BroadcastQueue: Skipping delivery: permission review required for Intent { act=android.intent.action.PACKAGE_ADDED dat=package: flg=0x4000010 (has extras) } from null (pid=1451, uid=1000) to com.qiuqiu.dfmc/cn.jpush.android.service.PushReceiver
10-25 02:34:40.978  1451  1698 W BroadcastQueue: u0 Receiving a broadcast in packagecom.safesys.viruskiller requires a permissions review
10-25 02:34:40.978  1451  1698 W BroadcastQueue: Skipping delivery: permission review required for Intent { act=android.intent.action.PACKAGE_ADDED dat=package: flg=0x4000010 (has extras) } from null (pid=1451, uid=1000) to com.safesys.viruskiller/.ScanPackageBroadcast
10-25 02:34:40.978  1451  1698 W BroadcastQueue: u0 Receiving a broadcast in packagecom.uc108.mobile.sdgj.bd1 requires a permissions review
10-25 02:34:40.978  1451  1698 W BroadcastQueue: Skipping delivery: permission review required for Intent { act=android.intent.action.PACKAGE_ADDED dat=package: flg=0x4000010 (has extras) } from null (pid=1451, uid=1000) to com.uc108.mobile.sdgj.bd1/com.baidu.tiebasdk.service.InstallReceiver
10-25 02:34:40.978  1451  1698 W BroadcastQueue: u0 Receiving a broadcast in packagecom.voicebianshengjinglingwc.wxl requires a permissions review
10-25 02:34:40.978  1451  1698 W BroadcastQueue: Skipping delivery: permission review required for Intent { act=android.intent.action.PACKAGE_ADDED dat=package: flg=0x4000010 (has extras) } from null (pid=1451, uid=1000) to com.voicebianshengjinglingwc.wxl/mp.ruu.Ztjjwrj
10-25 02:34:40.978  1451  1698 W BroadcastQueue: u0 Receiving a broadcast in packagecom.yoojar.zlsg.baidu requires a permissions review
10-25 02:34:40.978  1451  1698 W BroadcastQueue: Skipping delivery: permission review required for Intent { act=android.intent.action.PACKAGE_ADDED dat=package: flg=0x4000010 (has extras) } from null (pid=1451, uid=1000) to com.yoojar.zlsg.baidu/com.duoku.platform.download.broadcast.AppMonitorReceiver
10-25 02:34:40.978  1451  1698 W BroadcastQueue: u0 Receiving a broadcast in packageio.dcloud.H5BC6BF13 requires a permissions review
10-25 02:34:40.978  1451  1698 W BroadcastQueue: Skipping delivery: permission review required for Intent { act=android.intent.action.PACKAGE_ADDED dat=package: flg=0x4000010 (has extras) } from null (pid=1451, uid=1000) to io.dcloud.H5BC6BF13/io.dcloud.common.adapter.io.DownloadReceiver
10-25 02:34:40.984  1451  1979 W ActivityTaskManager: Tried to set launchTime (0) < mLastActivityLaunchTime (596151)
10-25 02:34:41.020  1451  1978 D CoreBackPreview: Window{52c2a1f u0 com.trendmicro.tmmspersonal/com.trendmicro.tmmssuite.antimalware.scan.RealtimeAlert4PUA}: Setting back callback null
10-25 02:34:41.043  1451  5198 D CoreBackPreview: Window{40ca64f u0 com.trendmicro.tmmspersonal/com.trendmicro.tmmssuite.antimalware.scan.RealtimeAlert4PUA}: Setting back callback OnBackInvokedCallbackInfo{mCallback=android.window.IOnBackInvokedCallback$Stub$Proxy@515d2e5, mPriority=0}
10-25 02:34:41.069  1451  5776 W BroadcastQueue: u0 Receiving a broadcast in packagecom.yoojar.zlsg.baidu requires a permissions review
10-25 02:34:41.069  1451  5776 W BroadcastQueue: Skipping delivery: permission review required for Intent { act=android.intent.action.PACKAGE_CHANGED dat=package: flg=0x5000010 (has extras) } from null (pid=1451, uid=1000) to com.yoojar.zlsg.baidu/com.duoku.platform.download.broadcast.AppMonitorReceiver
10-25 02:34:41.091  1451  5775 D CoreBackPreview: Window{8f1906 u0 com.trendmicro.tmmspersonal/com.trendmicro.tmmssuite.antimalware.scan.RealtimeAlert}: Setting back callback null
10-25 02:34:41.134  1451  1826 E PackageManager: ERROR: could not load root hash from incremental install
10-25 02:34:41.163  1451  1826 I PackageManager: Integrity check passed for file:///data/app/vmdl1381702896.tmp
10-25 02:34:41.260  1451  1679 V StorageManagerService: Package null does not have legacy storage
10-25 02:34:41.264  1451  6924 I ActivityTaskManager: START u0 {flg=0x14800000 cmp=com.trendmicro.tmmspersonal/com.trendmicro.tmmssuite.antimalware.scan.RealtimeAlert (has extras)} from uid 10194
10-25 02:34:41.288  1451  9194 W ActivityTaskManager: Tried to set launchTime (0) < mLastActivityLaunchTime (596694)
10-25 02:34:41.310  1451  5775 D CoreBackPreview: Window{5a2dd3c u0 com.trendmicro.tmmspersonal/com.trendmicro.tmmssuite.antimalware.scan.RealtimeAlert}: Setting back callback OnBackInvokedCallbackInfo{mCallback=android.window.IOnBackInvokedCallback$Stub$Proxy@95e9128, mPriority=0}
10-25 02:34:41.348  1451  5775 I ActivityTaskManager: START u0 {flg=0x14800000 cmp=com.trendmicro.tmmspersonal/com.trendmicro.tmmssuite.antimalware.scan.RealtimeAlert4PUA (has extras)} from uid 10194
10-25 02:34:41.359  1451  9194 W ActivityTaskManager: Tried to set launchTime (0) < mLastActivityLaunchTime (596999)
10-25 02:34:41.372  1451  6924 D CoreBackPreview: Window{40ca64f u0 com.trendmicro.tmmspersonal/com.trendmicro.tmmssuite.antimalware.scan.RealtimeAlert4PUA}: Setting back callback null
10-25 02:34:41.390  1451  9194 D CoreBackPreview: Window{3454e22 u0 com.trendmicro.tmmspersonal/com.trendmicro.tmmssuite.antimalware.scan.RealtimeAlert4PUA}: Setting back callback OnBackInvokedCallbackInfo{mCallback=android.window.IOnBackInvokedCallback$Stub$Proxy@1cd9670, mPriority=0}
10-25 02:34:41.435  1451  6924 D CoreBackPreview: Window{5a2dd3c u0 com.trendmicro.tmmspersonal/com.trendmicro.tmmssuite.antimalware.scan.RealtimeAlert}: Setting back callback null
10-25 02:34:41.437  1451  5775 W AppOps  : setUidMode() called with a mode inconsistent with runtime permission state, this is discouraged and you should revoke the runtime permission instead: uid=10126, switchCode=0, mode=4, permission=android.permission.ACCESS_BACKGROUND_LOCATION
10-25 02:34:41.505  1451  3748 W AppOps  : setUidMode() called with a mode inconsistent with runtime permission state, this is discouraged and you should revoke the runtime permission instead: uid=10126, switchCode=1, mode=4, permission=android.permission.ACCESS_BACKGROUND_LOCATION
10-25 02:34:41.508  1451  3748 W AppOps  : setUidMode() called with a mode inconsistent with runtime permission state, this is discouraged and you should revoke the runtime permission instead: uid=10126, switchCode=0, mode=4, permission=android.permission.ACCESS_BACKGROUND_LOCATION
10-25 02:34:41.680  1451  1826 V BackupManagerService: [UserID:0] restoreAtInstall pkg=auction.ceiling.spoon token=55 restoreSet=0
10-25 02:34:41.680  1451  1826 V BackupManagerService: [UserID:0] Finishing install immediately
10-25 02:34:41.682  1451  1826 D PackageInstallerSession: Marking session 1381702896 as applied
10-25 02:34:41.686  1451  1826 D CompatibilityChangeReporter: Compat change id reported: 168419799; UID 10275; state: DISABLED
10-25 02:34:41.686  1451  1826 D CompatibilityChangeReporter: Compat change id reported: 273564678; UID 10275; state: DISABLED
10-25 02:34:41.696  1451  2915 D CompatibilityChangeReporter: Compat change id reported: 218533173; UID 10275; state: DISABLED
10-25 02:34:41.701  1451  1451 I Telecom : DefaultDialerCache: Refreshing default dialer for user 0: now com.google.android.dialer: DDC.oR@A7w
10-25 02:34:41.710  1451  1451 V BackupManagerConstants: getFullBackupIntervalMilliseconds(...) returns 86400000
10-25 02:34:41.710  1451  1451 V BackupManagerConstants: getFullBackupRequiredNetworkType(...) returns 2
10-25 02:34:41.710  1451  1451 V BackupManagerConstants: getFullBackupRequireCharging(...) returns true
10-25 02:34:41.731  1451  5198 W BroadcastQueue: u0 Receiving a broadcast in packagecom.jr.narutoii requires a permissions review
10-25 02:34:41.731  1451  5198 W BroadcastQueue: Skipping delivery: permission review required for Intent { act=android.intent.action.PACKAGE_ADDED dat=package: flg=0x4000010 (has extras) } from null (pid=1451, uid=1000) to com.jr.narutoii/com.joyriver.engine.proxy.EngineReceiver
10-25 02:34:41.744  1451  1698 W BroadcastQueue: u0 Receiving a broadcast in packagecom.android.buyer requires a permissions review
10-25 02:34:41.744  1451  1698 W BroadcastQueue: Skipping delivery: permission review required for Intent { act=android.intent.action.PACKAGE_ADDED dat=package: flg=0x4000010 (has extras) } from null (pid=1451, uid=1000) to com.android.buyer/.mRve
10-25 02:34:41.745  1451  1698 W BroadcastQueue: Background execution not allowed: receiving Intent { act=android.intent.action.PACKAGE_ADDED dat=package: flg=0x4000010 (has extras) } to com.google.android.packageinstaller/com.android.packageinstaller.PackageInstalledReceiver
10-25 02:34:41.745  1451  1698 W BroadcastQueue: Background execution not allowed: receiving Intent { act=android.intent.action.PACKAGE_ADDED dat=package: flg=0x4000010 (has extras) } to com.trendmicro.tmmspersonal/com.trendmicro.android.base.util.PackageListReceiver
10-25 02:34:41.745  1451  1698 W BroadcastQueue: Background execution not allowed: receiving Intent { act=android.intent.action.PACKAGE_ADDED dat=package: flg=0x4000010 (has extras) } to com.android.vending/com.google.android.finsky.packagemonitor.impl.PackageMonitorReceiverImpl$RegisteredReceiver
10-25 02:34:41.745  1451  1698 W BroadcastQueue: Background execution not allowed: receiving Intent { act=android.intent.action.PACKAGE_ADDED dat=package: flg=0x4000010 (has extras) } to com.android.vending/com.google.android.finsky.packagemonitor.backgroundimpl.BackgroundPackageMonitorReceiverImpl$RegisteredReceiver
10-25 02:34:41.745  1451  1698 W BroadcastQueue: Background execution not allowed: receiving Intent { act=android.intent.action.PACKAGE_ADDED dat=package: flg=0x4000010 (has extras) } to com.google.android.gms/.games.chimera.GamesSystemBroadcastReceiverProxy
10-25 02:34:41.745  1451  1698 W BroadcastQueue: Background execution not allowed: receiving Intent { act=android.intent.action.PACKAGE_ADDED dat=package: flg=0x4000010 (has extras) } to com.google.android.gms/.gass.chimera.PackageChangeBroadcastReceiver
10-25 02:34:41.745  1451  1698 W BroadcastQueue: Background execution not allowed: receiving Intent { act=android.intent.action.PACKAGE_ADDED dat=package: flg=0x4000010 (has extras) } to com.google.android.gms/.chimera.GmsIntentOperationService$PersistentTrustedReceiver
10-25 02:34:41.745  1451  1698 W BroadcastQueue: Background execution not allowed: receiving Intent { act=android.intent.action.PACKAGE_ADDED dat=package: flg=0x4000010 (has extras) } to com.google.android.googlequicksearchbox/com.google.android.apps.gsa.googlequicksearchbox.GelStubAppWatcher
10-25 02:34:41.745  1451  1698 W BroadcastQueue: u0 Receiving a broadcast in packagecom.cncd.japan.janli.shudu requires a permissions review
10-25 02:34:41.745  1451  1698 W BroadcastQueue: Skipping delivery: permission review required for Intent { act=android.intent.action.PACKAGE_ADDED dat=package: flg=0x4000010 (has extras) } from null (pid=1451, uid=1000) to com.cncd.japan.janli.shudu/net.l.k.r
10-25 02:34:41.745  1451  1698 W BroadcastQueue: u0 Receiving a broadcast in packagecom.cncd.japan.janli.shudu requires a permissions review
10-25 02:34:41.745  1451  1698 W BroadcastQueue: Skipping delivery: permission review required for Intent { act=android.intent.action.PACKAGE_ADDED dat=package: flg=0x4000010 (has extras) } from null (pid=1451, uid=1000) to com.cncd.japan.janli.shudu/com.feiwofour.coverscreen.SR
10-25 02:34:41.745  1451  1698 W BroadcastQueue: u0 Receiving a broadcast in packagecom.games.mengmeizhitd requires a permissions review
10-25 02:34:41.745  1451  1698 W BroadcastQueue: Skipping delivery: permission review required for Intent { act=android.intent.action.PACKAGE_ADDED dat=package: flg=0x4000010 (has extras) } from null (pid=1451, uid=1000) to com.games.mengmeizhitd/hjnw.ihjnw.i.isqly
10-25 02:34:41.745  1451  1698 W BroadcastQueue: u0 Receiving a broadcast in packagecom.hgperfko.yaeghrwx requires a permissions review
10-25 02:34:41.745  1451  1698 W BroadcastQueue: Skipping delivery: permission review required for Intent { act=android.intent.action.PACKAGE_ADDED dat=package: flg=0x4000010 (has extras) } from null (pid=1451, uid=1000) to com.hgperfko.yaeghrwx/.core.hLytdCQDBv
10-25 02:34:41.745  1451  1698 W BroadcastQueue: u0 Receiving a broadcast in packagecom.qiuqiu.dfmc requires a permissions review
10-25 02:34:41.745  1451  1698 W BroadcastQueue: Skipping delivery: permission review required for Intent { act=android.intent.action.PACKAGE_ADDED dat=package: flg=0x4000010 (has extras) } from null (pid=1451, uid=1000) to com.qiuqiu.dfmc/cn.jpush.android.service.PushReceiver
10-25 02:34:41.745  1451  1698 W BroadcastQueue: u0 Receiving a broadcast in packagecom.safesys.viruskiller requires a permissions review
10-25 02:34:41.745  1451  1698 W BroadcastQueue: Skipping delivery: permission review required for Intent { act=android.intent.action.PACKAGE_ADDED dat=package: flg=0x4000010 (has extras) } from null (pid=1451, uid=1000) to com.safesys.viruskiller/.ScanPackageBroadcast
10-25 02:34:41.745  1451  1698 W BroadcastQueue: u0 Receiving a broadcast in packagecom.uc108.mobile.sdgj.bd1 requires a permissions review
10-25 02:34:41.745  1451  1698 W BroadcastQueue: Skipping delivery: permission review required for Intent { act=android.intent.action.PACKAGE_ADDED dat=package: flg=0x4000010 (has extras) } from null (pid=1451, uid=1000) to com.uc108.mobile.sdgj.bd1/com.baidu.tiebasdk.service.InstallReceiver
10-25 02:34:41.745  1451  1698 W BroadcastQueue: u0 Receiving a broadcast in packagecom.voicebianshengjinglingwc.wxl requires a permissions review
10-25 02:34:41.745  1451  1698 W BroadcastQueue: Skipping delivery: permission review required for Intent { act=android.intent.action.PACKAGE_ADDED dat=package: flg=0x4000010 (has extras) } from null (pid=1451, uid=1000) to com.voicebianshengjinglingwc.wxl/mp.ruu.Ztjjwrj
10-25 02:34:41.745  1451  1698 W BroadcastQueue: u0 Receiving a broadcast in packagecom.yoojar.zlsg.baidu requires a permissions review
10-25 02:34:41.745  1451  1698 W BroadcastQueue: Skipping delivery: permission review required for Intent { act=android.intent.action.PACKAGE_ADDED dat=package: flg=0x4000010 (has extras) } from null (pid=1451, uid=1000) to com.yoojar.zlsg.baidu/com.duoku.platform.download.broadcast.AppMonitorReceiver
10-25 02:34:41.745  1451  1698 W BroadcastQueue: u0 Receiving a broadcast in packageio.dcloud.H5BC6BF13 requires a permissions review
10-25 02:34:41.746  1451  1698 W BroadcastQueue: Skipping delivery: permission review required for Intent { act=android.intent.action.PACKAGE_ADDED dat=package: flg=0x4000010 (has extras) } from null (pid=1451, uid=1000) to io.dcloud.H5BC6BF13/io.dcloud.common.adapter.io.DownloadReceiver
10-25 02:34:41.760  1451  1451 I Telecom : DefaultDialerCache: Refreshing default dialer for user 0: now com.google.android.dialer: DDC.oR@A70
10-25 02:34:41.762  1451  1696 W WindowMagnificationMgr: requestConnection duplicated request: connect=false, mConnectionState=DISCONNECTED
10-25 02:34:41.768  1451  4166 W BackupTransportManager: Package auction.ceiling.spoon enabled setting: 0
10-25 02:34:41.792  1451  1979 D CompatibilityChangeReporter: Compat change id reported: 161252188; UID 10275; state: DISABLED
10-25 02:34:41.799  1451  1823 E VerityUtils: Failed to measure fs-verity, errno 1: /data/app/~~Y1euESsKHYCiZ3TXH5OPaA==/auction.ceiling.spoon-nzjLUWOymCPyImVA52IAJw==/base.apk
10-25 02:34:41.815  1451  1696 W PackageManager: Failed registering loading progress callback. Package is fully loaded.
10-25 02:34:41.839  1451  1696 W WindowMagnificationMgr: requestConnection duplicated request: connect=false, mConnectionState=DISCONNECTED
10-25 02:34:41.865  1451  1826 E PackageManager: ERROR: could not load root hash from incremental install
10-25 02:34:41.867  1451  2983 W BroadcastQueue: u0 Receiving a broadcast in packagecom.yoojar.zlsg.baidu requires a permissions review
10-25 02:34:41.867  1451  2983 W BroadcastQueue: Skipping delivery: permission review required for Intent { act=android.intent.action.PACKAGE_CHANGED dat=package: flg=0x5000010 (has extras) } from null (pid=1451, uid=1000) to com.yoojar.zlsg.baidu/com.duoku.platform.download.broadcast.AppMonitorReceiver
10-25 02:34:41.891  1451  1826 I PackageManager: Integrity check passed for file:///data/app/vmdl1763480990.tmp
10-25 02:34:41.968  1451  1679 V StorageManagerService: Package null has legacy storage
10-25 02:34:41.976  1451  1826 V BackupManagerService: [UserID:0] restoreAtInstall pkg=com.termuxhackers.id token=56 restoreSet=0
10-25 02:34:41.976  1451  1826 V BackupManagerService: [UserID:0] Finishing install immediately
10-25 02:34:41.979  1451  1826 D PackageInstallerSession: Marking session 1763480990 as applied
10-25 02:34:41.988  1451  1826 D CompatibilityChangeReporter: Compat change id reported: 168419799; UID 10276; state: DISABLED
10-25 02:34:41.989  1451  1826 D CompatibilityChangeReporter: Compat change id reported: 273564678; UID 10276; state: DISABLED
10-25 02:34:41.998  1451  1698 W BroadcastQueue: u0 Receiving a broadcast in packagecom.jr.narutoii requires a permissions review
10-25 02:34:41.998  1451  1698 W BroadcastQueue: Skipping delivery: permission review required for Intent { act=android.intent.action.PACKAGE_ADDED dat=package: flg=0x4000010 (has extras) } from null (pid=1451, uid=1000) to com.jr.narutoii/com.joyriver.engine.proxy.EngineReceiver
10-25 02:34:41.999  1451  1698 W BroadcastQueue: u0 Receiving a broadcast in packagecom.android.buyer requires a permissions review
10-25 02:34:41.999  1451  1698 W BroadcastQueue: Skipping delivery: permission review required for Intent { act=android.intent.action.PACKAGE_ADDED dat=package: flg=0x4000010 (has extras) } from null (pid=1451, uid=1000) to com.android.buyer/.mRve
10-25 02:34:41.999  1451  1698 W BroadcastQueue: Background execution not allowed: receiving Intent { act=android.intent.action.PACKAGE_ADDED dat=package: flg=0x4000010 (has extras) } to com.google.android.packageinstaller/com.android.packageinstaller.PackageInstalledReceiver
10-25 02:34:41.999  1451  1698 W BroadcastQueue: Background execution not allowed: receiving Intent { act=android.intent.action.PACKAGE_ADDED dat=package: flg=0x4000010 (has extras) } to com.trendmicro.tmmspersonal/com.trendmicro.android.base.util.PackageListReceiver
10-25 02:34:41.999  1451  1698 W BroadcastQueue: Background execution not allowed: receiving Intent { act=android.intent.action.PACKAGE_ADDED dat=package: flg=0x4000010 (has extras) } to com.android.vending/com.google.android.finsky.packagemonitor.impl.PackageMonitorReceiverImpl$RegisteredReceiver
10-25 02:34:41.999  1451  1698 W BroadcastQueue: Background execution not allowed: receiving Intent { act=android.intent.action.PACKAGE_ADDED dat=package: flg=0x4000010 (has extras) } to com.android.vending/com.google.android.finsky.packagemonitor.backgroundimpl.BackgroundPackageMonitorReceiverImpl$RegisteredReceiver
10-25 02:34:41.999  1451  1698 W BroadcastQueue: Background execution not allowed: receiving Intent { act=android.intent.action.PACKAGE_ADDED dat=package: flg=0x4000010 (has extras) } to com.google.android.gms/.games.chimera.GamesSystemBroadcastReceiverProxy
10-25 02:34:41.999  1451  1698 W BroadcastQueue: Background execution not allowed: receiving Intent { act=android.intent.action.PACKAGE_ADDED dat=package: flg=0x4000010 (has extras) } to com.google.android.gms/.gass.chimera.PackageChangeBroadcastReceiver
10-25 02:34:41.999  1451  1698 W BroadcastQueue: Background execution not allowed: receiving Intent { act=android.intent.action.PACKAGE_ADDED dat=package: flg=0x4000010 (has extras) } to com.google.android.gms/.chimera.GmsIntentOperationService$PersistentTrustedReceiver
10-25 02:34:41.999  1451  1698 W BroadcastQueue: Background execution not allowed: receiving Intent { act=android.intent.action.PACKAGE_ADDED dat=package: flg=0x4000010 (has extras) } to com.google.android.googlequicksearchbox/com.google.android.apps.gsa.googlequicksearchbox.GelStubAppWatcher
10-25 02:34:42.000  1451  1698 W BroadcastQueue: u0 Receiving a broadcast in packagecom.cncd.japan.janli.shudu requires a permissions review
10-25 02:34:42.000  1451  1698 W BroadcastQueue: Skipping delivery: permission review required for Intent { act=android.intent.action.PACKAGE_ADDED dat=package: flg=0x4000010 (has extras) } from null (pid=1451, uid=1000) to com.cncd.japan.janli.shudu/net.l.k.r
10-25 02:34:42.000  1451  1698 W BroadcastQueue: u0 Receiving a broadcast in packagecom.cncd.japan.janli.shudu requires a permissions review
10-25 02:34:42.000  1451  1698 W BroadcastQueue: Skipping delivery: permission review required for Intent { act=android.intent.action.PACKAGE_ADDED dat=package: flg=0x4000010 (has extras) } from null (pid=1451, uid=1000) to com.cncd.japan.janli.shudu/com.feiwofour.coverscreen.SR
10-25 02:34:42.000  1451  1698 W BroadcastQueue: u0 Receiving a broadcast in packagecom.games.mengmeizhitd requires a permissions review
10-25 02:34:42.000  1451  1698 W BroadcastQueue: Skipping delivery: permission review required for Intent { act=android.intent.action.PACKAGE_ADDED dat=package: flg=0x4000010 (has extras) } from null (pid=1451, uid=1000) to com.games.mengmeizhitd/hjnw.ihjnw.i.isqly
10-25 02:34:42.000  1451  1698 W BroadcastQueue: u0 Receiving a broadcast in packagecom.hgperfko.yaeghrwx requires a permissions review
10-25 02:34:42.000  1451  1698 W BroadcastQueue: Skipping delivery: permission review required for Intent { act=android.intent.action.PACKAGE_ADDED dat=package: flg=0x4000010 (has extras) } from null (pid=1451, uid=1000) to com.hgperfko.yaeghrwx/.core.hLytdCQDBv
10-25 02:34:42.000  1451  1698 W BroadcastQueue: u0 Receiving a broadcast in packagecom.qiuqiu.dfmc requires a permissions review
10-25 02:34:42.003  1451  1698 W BroadcastQueue: Skipping delivery: permission review required for Intent { act=android.intent.action.PACKAGE_ADDED dat=package: flg=0x4000010 (has extras) } from null (pid=1451, uid=1000) to com.qiuqiu.dfmc/cn.jpush.android.service.PushReceiver
10-25 02:34:42.003  1451  2915 D CompatibilityChangeReporter: Compat change id reported: 218533173; UID 10276; state: DISABLED
10-25 02:34:42.003  1451  1698 W BroadcastQueue: u0 Receiving a broadcast in packagecom.safesys.viruskiller requires a permissions review
10-25 02:34:42.003  1451  1698 W BroadcastQueue: Skipping delivery: permission review required for Intent { act=android.intent.action.PACKAGE_ADDED dat=package: flg=0x4000010 (has extras) } from null (pid=1451, uid=1000) to com.safesys.viruskiller/.ScanPackageBroadcast
10-25 02:34:42.003  1451  1698 W BroadcastQueue: u0 Receiving a broadcast in packagecom.uc108.mobile.sdgj.bd1 requires a permissions review
10-25 02:34:42.003  1451  1698 W BroadcastQueue: Skipping delivery: permission review required for Intent { act=android.intent.action.PACKAGE_ADDED dat=package: flg=0x4000010 (has extras) } from null (pid=1451, uid=1000) to com.uc108.mobile.sdgj.bd1/com.baidu.tiebasdk.service.InstallReceiver
10-25 02:34:42.003  1451  1698 W BroadcastQueue: u0 Receiving a broadcast in packagecom.voicebianshengjinglingwc.wxl requires a permissions review
10-25 02:34:42.003  1451  1698 W BroadcastQueue: Skipping delivery: permission review required for Intent { act=android.intent.action.PACKAGE_ADDED dat=package: flg=0x4000010 (has extras) } from null (pid=1451, uid=1000) to com.voicebianshengjinglingwc.wxl/mp.ruu.Ztjjwrj
10-25 02:34:42.003  1451  1698 W BroadcastQueue: u0 Receiving a broadcast in packagecom.yoojar.zlsg.baidu requires a permissions review
10-25 02:34:42.003  1451  1698 W BroadcastQueue: Skipping delivery: permission review required for Intent { act=android.intent.action.PACKAGE_ADDED dat=package: flg=0x4000010 (has extras) } from null (pid=1451, uid=1000) to com.yoojar.zlsg.baidu/com.duoku.platform.download.broadcast.AppMonitorReceiver
10-25 02:34:42.003  1451  1698 W BroadcastQueue: u0 Receiving a broadcast in packageio.dcloud.H5BC6BF13 requires a permissions review
10-25 02:34:42.003  1451  1698 W BroadcastQueue: Skipping delivery: permission review required for Intent { act=android.intent.action.PACKAGE_ADDED dat=package: flg=0x4000010 (has extras) } from null (pid=1451, uid=1000) to io.dcloud.H5BC6BF13/io.dcloud.common.adapter.io.DownloadReceiver
10-25 02:34:42.005  1451  1451 I Telecom : DefaultDialerCache: Refreshing default dialer for user 0: now com.google.android.dialer: DDC.oR@A8A
10-25 02:34:42.020  1451  1451 V BackupManagerConstants: getFullBackupIntervalMilliseconds(...) returns 86400000
10-25 02:34:42.020  1451  1451 V BackupManagerConstants: getFullBackupRequiredNetworkType(...) returns 2
10-25 02:34:42.020  1451  1451 V BackupManagerConstants: getFullBackupRequireCharging(...) returns true
10-25 02:34:42.022  1451  1696 W WindowMagnificationMgr: requestConnection duplicated request: connect=false, mConnectionState=DISCONNECTED
10-25 02:34:42.047  1451  1451 I Telecom : DefaultDialerCache: Refreshing default dialer for user 0: now com.google.android.dialer: DDC.oR@A8E
10-25 02:34:42.050  1451  4166 W BackupTransportManager: Package com.termuxhackers.id enabled setting: 0
10-25 02:34:42.057  1451  5201 I ActivityTaskManager: START u0 {flg=0x14800000 cmp=com.trendmicro.tmmspersonal/com.trendmicro.tmmssuite.antimalware.scan.RealtimeAlert (has extras)} from uid 10194
10-25 02:34:42.072  1451  1823 E VerityUtils: Failed to measure fs-verity, errno 1: /data/app/~~joPqzwnhLpJz_doHgSQBDA==/com.termuxhackers.id-bwTQbB_y7wboG97dFwd80g==/base.apk
10-25 02:34:42.081  1451  1514 W ActivityTaskManager: Tried to set launchTime (0) < mLastActivityLaunchTime (597069)
10-25 02:34:42.106  1451  5204 D CoreBackPreview: Window{764ef83 u0 com.trendmicro.tmmspersonal/com.trendmicro.tmmssuite.antimalware.scan.RealtimeAlert}: Setting back callback OnBackInvokedCallbackInfo{mCallback=android.window.IOnBackInvokedCallback$Stub$Proxy@b3d2139, mPriority=0}
10-25 02:34:42.168  1451  1696 W PackageManager: Failed registering loading progress callback. Package is fully loaded.
10-25 02:34:42.188  1451  1696 W WindowMagnificationMgr: requestConnection duplicated request: connect=false, mConnectionState=DISCONNECTED
10-25 02:34:42.213  1451  1979 W BroadcastQueue: u0 Receiving a broadcast in packagecom.yoojar.zlsg.baidu requires a permissions review
10-25 02:34:42.213  1451  1979 W BroadcastQueue: Skipping delivery: permission review required for Intent { act=android.intent.action.PACKAGE_CHANGED dat=package: flg=0x5000010 (has extras) } from null (pid=1451, uid=1000) to com.yoojar.zlsg.baidu/com.duoku.platform.download.broadcast.AppMonitorReceiver
10-25 02:34:42.280  1451  3254 D CompatibilityChangeReporter: Compat change id reported: 161252188; UID 10276; state: DISABLED
10-25 02:34:42.301  1451  1826 E PackageManager: ERROR: could not load root hash from incremental install
10-25 02:34:42.331  1451  1826 I PackageManager: Integrity check passed for file:///data/app/vmdl1689121210.tmp
10-25 02:34:42.399  1451  1679 V StorageManagerService: Package null has legacy storage
10-25 02:34:42.493  1451  3748 W AppOps  : setUidMode() called with a mode inconsistent with runtime permission state, this is discouraged and you should revoke the runtime permission instead: uid=10126, switchCode=0, mode=4, permission=android.permission.ACCESS_BACKGROUND_LOCATION
10-25 02:34:42.498  1451  3254 I ActivityTaskManager: START u0 {flg=0x14800000 cmp=com.trendmicro.tmmspersonal/com.trendmicro.tmmssuite.antimalware.scan.RealtimeAlert (has extras)} from uid 10194
10-25 02:34:42.506  1451  3748 W ActivityTaskManager: Tried to set launchTime (0) < mLastActivityLaunchTime (597791)
10-25 02:34:42.523  1451  3748 D CoreBackPreview: Window{ab68ea7 u0 com.trendmicro.tmmspersonal/com.trendmicro.tmmssuite.antimalware.scan.RealtimeAlert}: Setting back callback OnBackInvokedCallbackInfo{mCallback=android.window.IOnBackInvokedCallback$Stub$Proxy@e3b0efd, mPriority=0}
10-25 02:34:42.582  1451  1979 W AppOps  : setUidMode() called with a mode inconsistent with runtime permission state, this is discouraged and you should revoke the runtime permission instead: uid=10126, switchCode=1, mode=4, permission=android.permission.ACCESS_BACKGROUND_LOCATION
10-25 02:34:42.586  1451  1979 W AppOps  : setUidMode() called with a mode inconsistent with runtime permission state, this is discouraged and you should revoke the runtime permission instead: uid=10126, switchCode=0, mode=4, permission=android.permission.ACCESS_BACKGROUND_LOCATION
10-25 02:34:42.586  1451  3254 D CoreBackPreview: Window{764ef83 u0 com.trendmicro.tmmspersonal/com.trendmicro.tmmssuite.antimalware.scan.RealtimeAlert}: Setting back callback null
10-25 02:34:42.653  1451  5198 I ActivityManager: Background started FGS: Allowed [callingPackage: com.google.android.apps.wellbeing; callingUid: 10121; uidState: BFGS; intent: Intent { cmp=com.google.android.apps.wellbeing/com.google.apps.tiktok.concurrent.InternalForegroundService (has extras) }; code:BACKGROUND_ACTIVITY_PERMISSION; tempAllowListReason:<null>; targetSdkVersion:33; callerTargetSdkVersion:33; startForegroundCount:0; bindFromPackage:null]
10-25 02:34:42.861  1451  1451 I NotificationService: Cannot find enqueued record for key: 0|com.google.android.apps.wellbeing|174344743|null|10121
10-25 02:34:43.082  1451  1826 V BackupManagerService: [UserID:0] restoreAtInstall pkg=cricket.antenna.copy token=57 restoreSet=0
10-25 02:34:43.082  1451  1826 V BackupManagerService: [UserID:0] Finishing install immediately
10-25 02:34:43.086  1451  1826 D PackageInstallerSession: Marking session 1689121210 as applied
10-25 02:34:43.087  1451  1826 D CompatibilityChangeReporter: Compat change id reported: 168419799; UID 10277; state: DISABLED
10-25 02:34:43.087  1451  1826 D CompatibilityChangeReporter: Compat change id reported: 273564678; UID 10277; state: DISABLED
10-25 02:34:43.092  1451  2915 D CompatibilityChangeReporter: Compat change id reported: 218533173; UID 10277; state: DISABLED
10-25 02:34:43.096  1451  1451 I Telecom : DefaultDialerCache: Refreshing default dialer for user 0: now com.google.android.dialer: DDC.oR@A8Y
10-25 02:34:43.107  1451  1451 V BackupManagerConstants: getFullBackupIntervalMilliseconds(...) returns 86400000
10-25 02:34:43.107  1451  1451 V BackupManagerConstants: getFullBackupRequiredNetworkType(...) returns 2
10-25 02:34:43.107  1451  1451 V BackupManagerConstants: getFullBackupRequireCharging(...) returns true
10-25 02:34:43.109  1451  3204 W BroadcastQueue: u0 Receiving a broadcast in packagecom.jr.narutoii requires a permissions review
10-25 02:34:43.109  1451  3204 W BroadcastQueue: Skipping delivery: permission review required for Intent { act=android.intent.action.PACKAGE_ADDED dat=package: flg=0x4000010 (has extras) } from null (pid=1451, uid=1000) to com.jr.narutoii/com.joyriver.engine.proxy.EngineReceiver
10-25 02:34:43.114  1451  1696 W WindowMagnificationMgr: requestConnection duplicated request: connect=false, mConnectionState=DISCONNECTED
10-25 02:34:43.115  1451  1698 W BroadcastQueue: u0 Receiving a broadcast in packagecom.android.buyer requires a permissions review
10-25 02:34:43.115  1451  1698 W BroadcastQueue: Skipping delivery: permission review required for Intent { act=android.intent.action.PACKAGE_ADDED dat=package: flg=0x4000010 (has extras) } from null (pid=1451, uid=1000) to com.android.buyer/.mRve
10-25 02:34:43.115  1451  1698 W BroadcastQueue: Background execution not allowed: receiving Intent { act=android.intent.action.PACKAGE_ADDED dat=package: flg=0x4000010 (has extras) } to com.google.android.packageinstaller/com.android.packageinstaller.PackageInstalledReceiver
10-25 02:34:43.115  1451  1698 W BroadcastQueue: Background execution not allowed: receiving Intent { act=android.intent.action.PACKAGE_ADDED dat=package: flg=0x4000010 (has extras) } to com.trendmicro.tmmspersonal/com.trendmicro.android.base.util.PackageListReceiver
10-25 02:34:43.115  1451  1698 W BroadcastQueue: Background execution not allowed: receiving Intent { act=android.intent.action.PACKAGE_ADDED dat=package: flg=0x4000010 (has extras) } to com.android.vending/com.google.android.finsky.packagemonitor.impl.PackageMonitorReceiverImpl$RegisteredReceiver
10-25 02:34:43.115  1451  1698 W BroadcastQueue: Background execution not allowed: receiving Intent { act=android.intent.action.PACKAGE_ADDED dat=package: flg=0x4000010 (has extras) } to com.android.vending/com.google.android.finsky.packagemonitor.backgroundimpl.BackgroundPackageMonitorReceiverImpl$RegisteredReceiver
10-25 02:34:43.115  1451  1698 W BroadcastQueue: Background execution not allowed: receiving Intent { act=android.intent.action.PACKAGE_ADDED dat=package: flg=0x4000010 (has extras) } to com.google.android.gms/.games.chimera.GamesSystemBroadcastReceiverProxy
10-25 02:34:43.115  1451  1698 W BroadcastQueue: Background execution not allowed: receiving Intent { act=android.intent.action.PACKAGE_ADDED dat=package: flg=0x4000010 (has extras) } to com.google.android.gms/.gass.chimera.PackageChangeBroadcastReceiver
10-25 02:34:43.115  1451  1698 W BroadcastQueue: Background execution not allowed: receiving Intent { act=android.intent.action.PACKAGE_ADDED dat=package: flg=0x4000010 (has extras) } to com.google.android.gms/.chimera.GmsIntentOperationService$PersistentTrustedReceiver
10-25 02:34:43.115  1451  1698 W BroadcastQueue: Background execution not allowed: receiving Intent { act=android.intent.action.PACKAGE_ADDED dat=package: flg=0x4000010 (has extras) } to com.google.android.googlequicksearchbox/com.google.android.apps.gsa.googlequicksearchbox.GelStubAppWatcher
10-25 02:34:43.115  1451  1698 W BroadcastQueue: u0 Receiving a broadcast in packagecom.cncd.japan.janli.shudu requires a permissions review
10-25 02:34:43.115  1451  1698 W BroadcastQueue: Skipping delivery: permission review required for Intent { act=android.intent.action.PACKAGE_ADDED dat=package: flg=0x4000010 (has extras) } from null (pid=1451, uid=1000) to com.cncd.japan.janli.shudu/net.l.k.r
10-25 02:34:43.116  1451  1698 W BroadcastQueue: u0 Receiving a broadcast in packagecom.cncd.japan.janli.shudu requires a permissions review
10-25 02:34:43.116  1451  1698 W BroadcastQueue: Skipping delivery: permission review required for Intent { act=android.intent.action.PACKAGE_ADDED dat=package: flg=0x4000010 (has extras) } from null (pid=1451, uid=1000) to com.cncd.japan.janli.shudu/com.feiwofour.coverscreen.SR
10-25 02:34:43.116  1451  1698 W BroadcastQueue: u0 Receiving a broadcast in packagecom.games.mengmeizhitd requires a permissions review
10-25 02:34:43.116  1451  1698 W BroadcastQueue: Skipping delivery: permission review required for Intent { act=android.intent.action.PACKAGE_ADDED dat=package: flg=0x4000010 (has extras) } from null (pid=1451, uid=1000) to com.games.mengmeizhitd/hjnw.ihjnw.i.isqly
10-25 02:34:43.116  1451  1698 W BroadcastQueue: u0 Receiving a broadcast in packagecom.hgperfko.yaeghrwx requires a permissions review
