10-25 02:34:14.662  1451  1698 W BroadcastQueue: Skipping delivery: permission review required for Intent { act=android.intent.action.PACKAGE_ADDED dat=package: flg=0x4000010 (has extras) } from null (pid=1451, uid=1000) to io.dcloud.H5BC6BF13/io.dcloud.common.adapter.io.DownloadReceiver
10-25 02:34:14.754  1451  1823 E VerityUtils: Failed to measure fs-verity, errno 1: /data/app/~~Hn3hgjUS1XBoUjyOgX_WfQ==/com.jr.narutoii-fgyvW4JJCRAt63IKx0DreQ==/base.apk
10-25 02:34:14.790  1451  1696 W WindowMagnificationMgr: requestConnection duplicated request: connect=false, mConnectionState=DISCONNECTED
10-25 02:34:14.810  1451  4215 D CompatibilityChangeReporter: Compat change id reported: 161252188; UID 10238; state: DISABLED
10-25 02:34:14.867  1451  1451 I Telecom : DefaultDialerCache: Refreshing default dialer for user 0: now com.google.android.dialer: DDC.oR@Axc
10-25 02:34:14.869  1451  1696 W PackageManager: Failed registering loading progress callback. Package is fully loaded.
10-25 02:34:14.892  1451  1696 W WindowMagnificationMgr: requestConnection duplicated request: connect=false, mConnectionState=DISCONNECTED
10-25 02:34:14.901  1451  4166 W BackupTransportManager: Package com.jr.narutoii enabled setting: 0
10-25 02:34:15.009  1451  1679 W Looper  : Slow dispatch took 205ms android.fg h=android.os.Handler c=<recycled PooledLambda@50f76f2> m=0
10-25 02:34:15.026  1451  1679 W Looper  : Slow delivery took 231ms android.fg h=android.os.Handler c=<recycled PooledLambda@fee5528> m=0
10-25 02:34:15.135  1451  6924 I ActivityTaskManager: START u0 {flg=0x14800000 cmp=com.trendmicro.tmmspersonal/com.trendmicro.tmmssuite.antimalware.scan.RealtimeAlert4PUA (has extras)} from uid 10194
10-25 02:34:15.164  1451  3205 W ActivityTaskManager: Tried to set launchTime (0) < mLastActivityLaunchTime (569231)
10-25 02:34:15.171  1451  1679 W Looper  : Drained
10-25 02:34:15.207  1451  5199 D OomAdjuster: Not killing cached processes
10-25 02:34:15.217  1451  5199 D CoreBackPreview: Window{b02a003 u0 com.trendmicro.tmmspersonal/com.trendmicro.tmmssuite.antimalware.scan.RealtimeAlert4PUA}: Setting back callback OnBackInvokedCallbackInfo{mCallback=android.window.IOnBackInvokedCallback$Stub$Proxy@ed87dfe, mPriority=0}
10-25 02:34:15.222  1451  3204 W AppOps  : setUidMode() called with a mode inconsistent with runtime permission state, this is discouraged and you should revoke the runtime permission instead: uid=10126, switchCode=0, mode=4, permission=android.permission.ACCESS_BACKGROUND_LOCATION
10-25 02:34:15.273  1451  1826 E PackageManager: ERROR: could not load root hash from incremental install
10-25 02:34:15.308  1451  2040 W PackageParsing: Ignoring duplicate uses-permissions/uses-permissions-sdk-m: android.permission.DISABLE_KEYGUARD in package: xoin.sctqi.crejg at: Binary XML file line #24
10-25 02:34:15.308  1451  9194 W WindowManager: Failed looking up window session=Session{5748cd8 8053:u0a10194} callers=com.android.server.wm.WindowManagerService.windowForClientLocked:6056 com.android.server.wm.Session.setOnBackInvokedCallbackInfo:944 android.view.IWindowSession$Stub.onTransact:1180 
10-25 02:34:15.308  1451  9194 E WindowManager: setOnBackInvokedCallback(): No window state for package:com.trendmicro.tmmspersonal
10-25 02:34:15.336  1451  1826 I PackageManager: Integrity check passed for file:///data/app/vmdl100259246.tmp
10-25 02:34:15.427  1451  1826 W PackageParsing: Ignoring duplicate uses-permissions/uses-permissions-sdk-m: android.permission.DISABLE_KEYGUARD in package: xoin.sctqi.crejg at: Binary XML file line #24
10-25 02:34:15.465  1451  5199 W AppOps  : setUidMode() called with a mode inconsistent with runtime permission state, this is discouraged and you should revoke the runtime permission instead: uid=10126, switchCode=1, mode=4, permission=android.permission.ACCESS_BACKGROUND_LOCATION
10-25 02:34:15.475  1451  5777 W AppOps  : setUidMode() called with a mode inconsistent with runtime permission state, this is discouraged and you should revoke the runtime permission instead: uid=10126, switchCode=0, mode=4, permission=android.permission.ACCESS_BACKGROUND_LOCATION
10-25 02:34:15.607  1451  1679 V StorageManagerService: Package null has legacy storage
10-25 02:34:15.607  1451  1679 W Looper  : Slow dispatch took 102ms android.fg h=android.os.Handler c=<recycled PooledLambda@acd04e1> m=0
10-25 02:34:15.906  1451  1978 W AppOps  : setUidMode() called with a mode inconsistent with runtime permission state, this is discouraged and you should revoke the runtime permission instead: uid=10126, switchCode=0, mode=4, permission=android.permission.ACCESS_BACKGROUND_LOCATION
10-25 02:34:16.012  1451  6924 W AppOps  : setUidMode() called with a mode inconsistent with runtime permission state, this is discouraged and you should revoke the runtime permission instead: uid=10126, switchCode=1, mode=4, permission=android.permission.ACCESS_BACKGROUND_LOCATION
10-25 02:34:16.015  1451  6924 W AppOps  : setUidMode() called with a mode inconsistent with runtime permission state, this is discouraged and you should revoke the runtime permission instead: uid=10126, switchCode=0, mode=4, permission=android.permission.ACCESS_BACKGROUND_LOCATION
10-25 02:34:16.024  1451  1826 V BackupManagerService: [UserID:0] restoreAtInstall pkg=xoin.sctqi.crejg token=31 restoreSet=0
10-25 02:34:16.024  1451  1826 V BackupManagerService: [UserID:0] Finishing install immediately
10-25 02:34:16.031  1451  1826 D PackageInstallerSession: Marking session 100259246 as applied
10-25 02:34:16.036  1451  1826 D CompatibilityChangeReporter: Compat change id reported: 168419799; UID 10239; state: DISABLED
10-25 02:34:16.037  1451  1826 D CompatibilityChangeReporter: Compat change id reported: 273564678; UID 10239; state: DISABLED
10-25 02:34:16.046  1451  2915 D CompatibilityChangeReporter: Compat change id reported: 218533173; UID 10239; state: DISABLED
10-25 02:34:16.053  1451  1451 I Telecom : DefaultDialerCache: Refreshing default dialer for user 0: now com.google.android.dialer: DDC.oR@Axg
10-25 02:34:16.111  1451  1696 W WindowMagnificationMgr: requestConnection duplicated request: connect=false, mConnectionState=DISCONNECTED
10-25 02:34:16.126  1451  5198 W BroadcastQueue: u0 Receiving a broadcast in packagecom.jr.narutoii requires a permissions review
10-25 02:34:16.126  1451  5198 W BroadcastQueue: Skipping delivery: permission review required for Intent { act=android.intent.action.PACKAGE_ADDED dat=package: flg=0x4000010 (has extras) } from null (pid=1451, uid=1000) to com.jr.narutoii/com.joyriver.engine.proxy.EngineReceiver
10-25 02:34:16.128  1451  1698 W BroadcastQueue: u0 Receiving a broadcast in packagecom.android.buyer requires a permissions review
10-25 02:34:16.128  1451  1698 W BroadcastQueue: Skipping delivery: permission review required for Intent { act=android.intent.action.PACKAGE_ADDED dat=package: flg=0x4000010 (has extras) } from null (pid=1451, uid=1000) to com.android.buyer/.mRve
10-25 02:34:16.129  1451  1698 W BroadcastQueue: Background execution not allowed: receiving Intent { act=android.intent.action.PACKAGE_ADDED dat=package: flg=0x4000010 (has extras) } to com.google.android.packageinstaller/com.android.packageinstaller.PackageInstalledReceiver
10-25 02:34:16.129  1451  1698 W BroadcastQueue: Background execution not allowed: receiving Intent { act=android.intent.action.PACKAGE_ADDED dat=package: flg=0x4000010 (has extras) } to com.trendmicro.tmmspersonal/com.trendmicro.android.base.util.PackageListReceiver
10-25 02:34:16.129  1451  1698 W BroadcastQueue: Background execution not allowed: receiving Intent { act=android.intent.action.PACKAGE_ADDED dat=package: flg=0x4000010 (has extras) } to com.android.vending/com.google.android.finsky.packagemonitor.impl.PackageMonitorReceiverImpl$RegisteredReceiver
10-25 02:34:16.129  1451  1698 W BroadcastQueue: Background execution not allowed: receiving Intent { act=android.intent.action.PACKAGE_ADDED dat=package: flg=0x4000010 (has extras) } to com.android.vending/com.google.android.finsky.packagemonitor.backgroundimpl.BackgroundPackageMonitorReceiverImpl$RegisteredReceiver
10-25 02:34:16.129  1451  1698 W BroadcastQueue: Background execution not allowed: receiving Intent { act=android.intent.action.PACKAGE_ADDED dat=package: flg=0x4000010 (has extras) } to com.google.android.gms/.games.chimera.GamesSystemBroadcastReceiverProxy
10-25 02:34:16.129  1451  1698 W BroadcastQueue: Background execution not allowed: receiving Intent { act=android.intent.action.PACKAGE_ADDED dat=package: flg=0x4000010 (has extras) } to com.google.android.gms/.gass.chimera.PackageChangeBroadcastReceiver
10-25 02:34:16.129  1451  1698 W BroadcastQueue: Background execution not allowed: receiving Intent { act=android.intent.action.PACKAGE_ADDED dat=package: flg=0x4000010 (has extras) } to com.google.android.gms/.chimera.GmsIntentOperationService$PersistentTrustedReceiver
10-25 02:34:16.129  1451  1698 W BroadcastQueue: Background execution not allowed: receiving Intent { act=android.intent.action.PACKAGE_ADDED dat=package: flg=0x4000010 (has extras) } to com.google.android.googlequicksearchbox/com.google.android.apps.gsa.googlequicksearchbox.GelStubAppWatcher
10-25 02:34:16.129  1451  1698 W BroadcastQueue: u0 Receiving a broadcast in packagecom.cncd.japan.janli.shudu requires a permissions review
10-25 02:34:16.129  1451  1698 W BroadcastQueue: Skipping delivery: permission review required for Intent { act=android.intent.action.PACKAGE_ADDED dat=package: flg=0x4000010 (has extras) } from null (pid=1451, uid=1000) to com.cncd.japan.janli.shudu/net.l.k.r
10-25 02:34:16.129  1451  1698 W BroadcastQueue: u0 Receiving a broadcast in packagecom.cncd.japan.janli.shudu requires a permissions review
10-25 02:34:16.129  1451  1698 W BroadcastQueue: Skipping delivery: permission review required for Intent { act=android.intent.action.PACKAGE_ADDED dat=package: flg=0x4000010 (has extras) } from null (pid=1451, uid=1000) to com.cncd.japan.janli.shudu/com.feiwofour.coverscreen.SR
10-25 02:34:16.129  1451  1698 W BroadcastQueue: u0 Receiving a broadcast in packagecom.games.mengmeizhitd requires a permissions review
10-25 02:34:16.129  1451  1698 W BroadcastQueue: Skipping delivery: permission review required for Intent { act=android.intent.action.PACKAGE_ADDED dat=package: flg=0x4000010 (has extras) } from null (pid=1451, uid=1000) to com.games.mengmeizhitd/hjnw.ihjnw.i.isqly
10-25 02:34:16.129  1451  1698 W BroadcastQueue: u0 Receiving a broadcast in packagecom.hgperfko.yaeghrwx requires a permissions review
10-25 02:34:16.130  1451  1698 W BroadcastQueue: Skipping delivery: permission review required for Intent { act=android.intent.action.PACKAGE_ADDED dat=package: flg=0x4000010 (has extras) } from null (pid=1451, uid=1000) to com.hgperfko.yaeghrwx/.core.hLytdCQDBv
10-25 02:34:16.130  1451  1698 W BroadcastQueue: u0 Receiving a broadcast in packagecom.qiuqiu.dfmc requires a permissions review
10-25 02:34:16.130  1451  1698 W BroadcastQueue: Skipping delivery: permission review required for Intent { act=android.intent.action.PACKAGE_ADDED dat=package: flg=0x4000010 (has extras) } from null (pid=1451, uid=1000) to com.qiuqiu.dfmc/cn.jpush.android.service.PushReceiver
10-25 02:34:16.130  1451  1698 W BroadcastQueue: u0 Receiving a broadcast in packagecom.safesys.viruskiller requires a permissions review
10-25 02:34:16.130  1451  1698 W BroadcastQueue: Skipping delivery: permission review required for Intent { act=android.intent.action.PACKAGE_ADDED dat=package: flg=0x4000010 (has extras) } from null (pid=1451, uid=1000) to com.safesys.viruskiller/.ScanPackageBroadcast
10-25 02:34:16.130  1451  1698 W BroadcastQueue: u0 Receiving a broadcast in packagecom.uc108.mobile.sdgj.bd1 requires a permissions review
10-25 02:34:16.130  1451  1698 W BroadcastQueue: Skipping delivery: permission review required for Intent { act=android.intent.action.PACKAGE_ADDED dat=package: flg=0x4000010 (has extras) } from null (pid=1451, uid=1000) to com.uc108.mobile.sdgj.bd1/com.baidu.tiebasdk.service.InstallReceiver
10-25 02:34:16.130  1451  1698 W BroadcastQueue: u0 Receiving a broadcast in packageio.dcloud.H5BC6BF13 requires a permissions review
10-25 02:34:16.130  1451  1698 W BroadcastQueue: Skipping delivery: permission review required for Intent { act=android.intent.action.PACKAGE_ADDED dat=package: flg=0x4000010 (has extras) } from null (pid=1451, uid=1000) to io.dcloud.H5BC6BF13/io.dcloud.common.adapter.io.DownloadReceiver
10-25 02:34:16.163  1451  1451 I Telecom : DefaultDialerCache: Refreshing default dialer for user 0: now com.google.android.dialer: DDC.oR@Axs
10-25 02:34:16.186  1451  4166 W BackupTransportManager: Package xoin.sctqi.crejg enabled setting: 0
10-25 02:34:16.245  1451  1696 W PackageManager: Failed registering loading progress callback. Package is fully loaded.
10-25 02:34:16.252  1451  1696 W WindowMagnificationMgr: requestConnection duplicated request: connect=false, mConnectionState=DISCONNECTED
10-25 02:34:16.267  1451  1823 E VerityUtils: Failed to measure fs-verity, errno 1: /data/app/~~t_-Jtl-RhbPBG-Wa7EoWDQ==/xoin.sctqi.crejg-UOlP46Lrfa0PeWah5rwdzg==/base.apk
10-25 02:34:16.286  1451  3204 D CompatibilityChangeReporter: Compat change id reported: 161252188; UID 10239; state: DISABLED
10-25 02:34:16.411  1451  1679 W Looper  : Slow dispatch took 161ms android.fg h=android.os.Handler c=<recycled PooledLambda@9cb0db1> m=0
10-25 02:34:16.458  1451  1826 E PackageManager: ERROR: could not load root hash from incremental install
10-25 02:34:16.467  1451  2040 W PackageParsing: Ignoring duplicate uses-permissions/uses-permissions-sdk-m: android.permission.DISABLE_KEYGUARD in package: tbps.xzlgs.vegxn at: Binary XML file line #23
10-25 02:34:16.493  1451  1826 I PackageManager: Integrity check passed for file:///data/app/vmdl1138563905.tmp
10-25 02:34:16.518  1451  5777 I ActivityTaskManager: START u0 {flg=0x14800000 cmp=com.trendmicro.tmmspersonal/com.trendmicro.tmmssuite.antimalware.scan.RealtimeAlert (has extras)} from uid 10194
10-25 02:34:16.546  1451  5777 W ActivityTaskManager: Tried to set launchTime (0) < mLastActivityLaunchTime (570875)
10-25 02:34:16.607  1451  1679 W Looper  : Slow dispatch took 188ms android.fg h=android.os.Handler c=<recycled PooledLambda@50f76f2> m=0
10-25 02:34:16.635  1451  1679 W Looper  : Slow delivery took 383ms android.fg h=android.os.Handler c=<recycled PooledLambda@499661e> m=0
10-25 02:34:16.641  1451  9194 D CoreBackPreview: Window{93104cc u0 com.trendmicro.tmmspersonal/com.trendmicro.tmmssuite.antimalware.scan.RealtimeAlert}: Setting back callback OnBackInvokedCallbackInfo{mCallback=android.window.IOnBackInvokedCallback$Stub$Proxy@8cfa1b8, mPriority=0}
10-25 02:34:16.740  1451  1679 W Looper  : Slow dispatch took 106ms android.fg h=android.os.Handler c=<recycled PooledLambda@706e68b> m=0
10-25 02:34:16.772  1451  1679 W Looper  : Drained
10-25 02:34:16.851  1451  1826 W PackageParsing: Ignoring duplicate uses-permissions/uses-permissions-sdk-m: android.permission.DISABLE_KEYGUARD in package: tbps.xzlgs.vegxn at: Binary XML file line #23
10-25 02:34:17.013  1451  1679 V StorageManagerService: Package null has legacy storage
10-25 02:34:17.013  1451  1679 W Looper  : Slow dispatch took 110ms android.fg h=android.os.Handler c=<recycled PooledLambda@ffc6dfe> m=0
10-25 02:34:17.302  1451  1826 V BackupManagerService: [UserID:0] restoreAtInstall pkg=tbps.xzlgs.vegxn token=32 restoreSet=0
10-25 02:34:17.303  1451  1826 V BackupManagerService: [UserID:0] Finishing install immediately
10-25 02:34:17.307  1451  1826 D PackageInstallerSession: Marking session 1138563905 as applied
10-25 02:34:17.317  1451  1826 D CompatibilityChangeReporter: Compat change id reported: 168419799; UID 10240; state: DISABLED
10-25 02:34:17.317  1451  1826 D CompatibilityChangeReporter: Compat change id reported: 273564678; UID 10240; state: DISABLED
10-25 02:34:17.331  1451  2915 D CompatibilityChangeReporter: Compat change id reported: 218533173; UID 10240; state: DISABLED
10-25 02:34:17.343  1451  5197 W BroadcastQueue: u0 Receiving a broadcast in packagecom.jr.narutoii requires a permissions review
10-25 02:34:17.343  1451  5197 W BroadcastQueue: Skipping delivery: permission review required for Intent { act=android.intent.action.PACKAGE_ADDED dat=package: flg=0x4000010 (has extras) } from null (pid=1451, uid=1000) to com.jr.narutoii/com.joyriver.engine.proxy.EngineReceiver
10-25 02:34:17.350  1451  1451 I Telecom : DefaultDialerCache: Refreshing default dialer for user 0: now com.google.android.dialer: DDC.oR@Axw
10-25 02:34:17.358  1451  1451 V BackupManagerConstants: getFullBackupIntervalMilliseconds(...) returns 86400000
10-25 02:34:17.358  1451  1451 V BackupManagerConstants: getFullBackupRequiredNetworkType(...) returns 2
10-25 02:34:17.359  1451  1451 V BackupManagerConstants: getFullBackupRequireCharging(...) returns true
10-25 02:34:17.378  1451  1698 W BroadcastQueue: u0 Receiving a broadcast in packagecom.android.buyer requires a permissions review
10-25 02:34:17.379  1451  1698 W BroadcastQueue: Skipping delivery: permission review required for Intent { act=android.intent.action.PACKAGE_ADDED dat=package: flg=0x4000010 (has extras) } from null (pid=1451, uid=1000) to com.android.buyer/.mRve
10-25 02:34:17.379  1451  1698 W BroadcastQueue: Background execution not allowed: receiving Intent { act=android.intent.action.PACKAGE_ADDED dat=package: flg=0x4000010 (has extras) } to com.google.android.packageinstaller/com.android.packageinstaller.PackageInstalledReceiver
10-25 02:34:17.379  1451  1698 W BroadcastQueue: Background execution not allowed: receiving Intent { act=android.intent.action.PACKAGE_ADDED dat=package: flg=0x4000010 (has extras) } to com.trendmicro.tmmspersonal/com.trendmicro.android.base.util.PackageListReceiver
10-25 02:34:17.379  1451  1698 W BroadcastQueue: Background execution not allowed: receiving Intent { act=android.intent.action.PACKAGE_ADDED dat=package: flg=0x4000010 (has extras) } to com.android.vending/com.google.android.finsky.packagemonitor.impl.PackageMonitorReceiverImpl$RegisteredReceiver
10-25 02:34:17.379  1451  1698 W BroadcastQueue: Background execution not allowed: receiving Intent { act=android.intent.action.PACKAGE_ADDED dat=package: flg=0x4000010 (has extras) } to com.android.vending/com.google.android.finsky.packagemonitor.backgroundimpl.BackgroundPackageMonitorReceiverImpl$RegisteredReceiver
10-25 02:34:17.379  1451  1698 W BroadcastQueue: Background execution not allowed: receiving Intent { act=android.intent.action.PACKAGE_ADDED dat=package: flg=0x4000010 (has extras) } to com.google.android.gms/.games.chimera.GamesSystemBroadcastReceiverProxy
10-25 02:34:17.379  1451  1698 W BroadcastQueue: Background execution not allowed: receiving Intent { act=android.intent.action.PACKAGE_ADDED dat=package: flg=0x4000010 (has extras) } to com.google.android.gms/.gass.chimera.PackageChangeBroadcastReceiver
10-25 02:34:17.379  1451  1698 W BroadcastQueue: Background execution not allowed: receiving Intent { act=android.intent.action.PACKAGE_ADDED dat=package: flg=0x4000010 (has extras) } to com.google.android.gms/.chimera.GmsIntentOperationService$PersistentTrustedReceiver
10-25 02:34:17.379  1451  1698 W BroadcastQueue: Background execution not allowed: receiving Intent { act=android.intent.action.PACKAGE_ADDED dat=package: flg=0x4000010 (has extras) } to com.google.android.googlequicksearchbox/com.google.android.apps.gsa.googlequicksearchbox.GelStubAppWatcher
10-25 02:34:17.379  1451  1698 W BroadcastQueue: u0 Receiving a broadcast in packagecom.cncd.japan.janli.shudu requires a permissions review
10-25 02:34:17.379  1451  1698 W BroadcastQueue: Skipping delivery: permission review required for Intent { act=android.intent.action.PACKAGE_ADDED dat=package: flg=0x4000010 (has extras) } from null (pid=1451, uid=1000) to com.cncd.japan.janli.shudu/net.l.k.r
10-25 02:34:17.379  1451  1698 W BroadcastQueue: u0 Receiving a broadcast in packagecom.cncd.japan.janli.shudu requires a permissions review
10-25 02:34:17.380  1451  1698 W BroadcastQueue: Skipping delivery: permission review required for Intent { act=android.intent.action.PACKAGE_ADDED dat=package: flg=0x4000010 (has extras) } from null (pid=1451, uid=1000) to com.cncd.japan.janli.shudu/com.feiwofour.coverscreen.SR
10-25 02:34:17.380  1451  1698 W BroadcastQueue: u0 Receiving a broadcast in packagecom.games.mengmeizhitd requires a permissions review
10-25 02:34:17.380  1451  1698 W BroadcastQueue: Skipping delivery: permission review required for Intent { act=android.intent.action.PACKAGE_ADDED dat=package: flg=0x4000010 (has extras) } from null (pid=1451, uid=1000) to com.games.mengmeizhitd/hjnw.ihjnw.i.isqly
10-25 02:34:17.380  1451  1698 W BroadcastQueue: u0 Receiving a broadcast in packagecom.hgperfko.yaeghrwx requires a permissions review
10-25 02:34:17.380  1451  1698 W BroadcastQueue: Skipping delivery: permission review required for Intent { act=android.intent.action.PACKAGE_ADDED dat=package: flg=0x4000010 (has extras) } from null (pid=1451, uid=1000) to com.hgperfko.yaeghrwx/.core.hLytdCQDBv
10-25 02:34:17.380  1451  1698 W BroadcastQueue: u0 Receiving a broadcast in packagecom.qiuqiu.dfmc requires a permissions review
10-25 02:34:17.380  1451  1698 W BroadcastQueue: Skipping delivery: permission review required for Intent { act=android.intent.action.PACKAGE_ADDED dat=package: flg=0x4000010 (has extras) } from null (pid=1451, uid=1000) to com.qiuqiu.dfmc/cn.jpush.android.service.PushReceiver
10-25 02:34:17.380  1451  1698 W BroadcastQueue: u0 Receiving a broadcast in packagecom.safesys.viruskiller requires a permissions review
10-25 02:34:17.380  1451  1698 W BroadcastQueue: Skipping delivery: permission review required for Intent { act=android.intent.action.PACKAGE_ADDED dat=package: flg=0x4000010 (has extras) } from null (pid=1451, uid=1000) to com.safesys.viruskiller/.ScanPackageBroadcast
10-25 02:34:17.380  1451  1698 W BroadcastQueue: u0 Receiving a broadcast in packagecom.uc108.mobile.sdgj.bd1 requires a permissions review
10-25 02:34:17.380  1451  1698 W BroadcastQueue: Skipping delivery: permission review required for Intent { act=android.intent.action.PACKAGE_ADDED dat=package: flg=0x4000010 (has extras) } from null (pid=1451, uid=1000) to com.uc108.mobile.sdgj.bd1/com.baidu.tiebasdk.service.InstallReceiver
10-25 02:34:17.380  1451  1698 W BroadcastQueue: u0 Receiving a broadcast in packageio.dcloud.H5BC6BF13 requires a permissions review
10-25 02:34:17.380  1451  1698 W BroadcastQueue: Skipping delivery: permission review required for Intent { act=android.intent.action.PACKAGE_ADDED dat=package: flg=0x4000010 (has extras) } from null (pid=1451, uid=1000) to io.dcloud.H5BC6BF13/io.dcloud.common.adapter.io.DownloadReceiver
10-25 02:34:17.506  1451  1823 E VerityUtils: Failed to measure fs-verity, errno 1: /data/app/~~ixy-gUbvApgqSVUsZMCQ0A==/tbps.xzlgs.vegxn-wpVLPvbb6aRloASy8t5KvA==/base.apk
10-25 02:34:17.549  1451  1451 I Telecom : DefaultDialerCache: Refreshing default dialer for user 0: now com.google.android.dialer: DDC.oR@Ax8
10-25 02:34:17.558  1451  1513 D CompatibilityChangeReporter: Compat change id reported: 161252188; UID 10240; state: DISABLED
10-25 02:34:17.576  1451  4166 W BackupTransportManager: Package tbps.xzlgs.vegxn enabled setting: 0
10-25 02:34:17.675  1451  1696 W WindowMagnificationMgr: requestConnection duplicated request: connect=false, mConnectionState=DISCONNECTED
10-25 02:34:17.742  1451  1696 W PackageManager: Failed registering loading progress callback. Package is fully loaded.
10-25 02:34:17.751  1451  1696 W WindowMagnificationMgr: requestConnection duplicated request: connect=false, mConnectionState=DISCONNECTED
10-25 02:34:17.843  1451  6924 I ActivityTaskManager: START u0 {flg=0x14800000 cmp=com.trendmicro.tmmspersonal/com.trendmicro.tmmssuite.antimalware.scan.RealtimeAlert (has extras)} from uid 10194
10-25 02:34:17.983  1451  1826 E PackageManager: ERROR: could not load root hash from incremental install
10-25 02:34:17.987  1451  9194 W ActivityTaskManager: Tried to set launchTime (0) < mLastActivityLaunchTime (572256)
10-25 02:34:18.006  1451  2040 W PackageParsing: Ignoring duplicate uses-permissions/uses-permissions-sdk-m: android.permission.INTERNET in package: com.google.hxz at: Binary XML file line #38
10-25 02:34:18.006  1451  2040 W PackageParsing: Ignoring duplicate uses-permissions/uses-permissions-sdk-m: android.permission.READ_PHONE_STATE in package: com.google.hxz at: Binary XML file line #39
10-25 02:34:18.006  1451  2040 W PackageParsing: Ignoring duplicate uses-permissions/uses-permissions-sdk-m: android.permission.ACCESS_NETWORK_STATE in package: com.google.hxz at: Binary XML file line #40
10-25 02:34:18.006  1451  2040 W PackageParsing: Ignoring duplicate uses-permissions/uses-permissions-sdk-m: android.permission.CHANGE_WIFI_STATE in package: com.google.hxz at: Binary XML file line #43
10-25 02:34:18.006  1451  2040 W PackageParsing: Ignoring duplicate uses-permissions/uses-permissions-sdk-m: android.permission.WRITE_EXTERNAL_STORAGE in package: com.google.hxz at: Binary XML file line #44
10-25 02:34:18.006  1451  2040 W PackageParsing: Ignoring duplicate uses-permissions/uses-permissions-sdk-m: android.permission.READ_EXTERNAL_STORAGE in package: com.google.hxz at: Binary XML file line #45
10-25 02:34:18.006  1451  2040 W PackageParsing: Ignoring duplicate uses-permissions/uses-permissions-sdk-m: android.permission.READ_CONTACTS in package: com.google.hxz at: Binary XML file line #47
10-25 02:34:18.006  1451  2040 W PackageParsing: Ignoring duplicate uses-permissions/uses-permissions-sdk-m: android.permission.READ_SMS in package: com.google.hxz at: Binary XML file line #48
10-25 02:34:18.006  1451  2040 W PackageParsing: Ignoring duplicate uses-permissions/uses-permissions-sdk-m: android.permission.ACCESS_WIFI_STATE in package: com.google.hxz at: Binary XML file line #51
10-25 02:34:18.007  1451  2040 W PackageParsing: Ignoring duplicate uses-permissions/uses-permissions-sdk-m: android.permission.WRITE_SMS in package: com.google.hxz at: Binary XML file line #53
10-25 02:34:18.007  1451  2040 W PackageParsing: Ignoring duplicate uses-permissions/uses-permissions-sdk-m: android.permission.RECEIVE_MMS in package: com.google.hxz at: Binary XML file line #54
10-25 02:34:18.007  1451  2040 W PackageParsing: Ignoring duplicate uses-permissions/uses-permissions-sdk-m: android.permission.CHANGE_NETWORK_STATE in package: com.google.hxz at: Binary XML file line #55
10-25 02:34:18.007  1451  2040 W PackageParsing: Ignoring duplicate uses-permissions/uses-permissions-sdk-m: android.permission.MODIFY_AUDIO_SETTINGS in package: com.google.hxz at: Binary XML file line #57
10-25 02:34:18.022  1451  1826 I PackageManager: Integrity check passed for file:///data/app/vmdl20476033.tmp
10-25 02:34:18.034  1451  6924 D CoreBackPreview: Window{8f61b6d u0 com.trendmicro.tmmspersonal/com.trendmicro.tmmssuite.antimalware.scan.RealtimeAlert}: Setting back callback OnBackInvokedCallbackInfo{mCallback=android.window.IOnBackInvokedCallback$Stub$Proxy@d6297f0, mPriority=0}
10-25 02:34:18.054  1451  5199 W AppOps  : setUidMode() called with a mode inconsistent with runtime permission state, this is discouraged and you should revoke the runtime permission instead: uid=10126, switchCode=0, mode=4, permission=android.permission.ACCESS_BACKGROUND_LOCATION
10-25 02:34:18.119  1451  1826 W PackageParsing: Ignoring duplicate uses-permissions/uses-permissions-sdk-m: android.permission.INTERNET in package: com.google.hxz at: Binary XML file line #38
10-25 02:34:18.119  1451  1826 W PackageParsing: Ignoring duplicate uses-permissions/uses-permissions-sdk-m: android.permission.READ_PHONE_STATE in package: com.google.hxz at: Binary XML file line #39
10-25 02:34:18.119  1451  1826 W PackageParsing: Ignoring duplicate uses-permissions/uses-permissions-sdk-m: android.permission.ACCESS_NETWORK_STATE in package: com.google.hxz at: Binary XML file line #40
10-25 02:34:18.119  1451  1826 W PackageParsing: Ignoring duplicate uses-permissions/uses-permissions-sdk-m: android.permission.CHANGE_WIFI_STATE in package: com.google.hxz at: Binary XML file line #43
10-25 02:34:18.123  1451  1826 W PackageParsing: Ignoring duplicate uses-permissions/uses-permissions-sdk-m: android.permission.WRITE_EXTERNAL_STORAGE in package: com.google.hxz at: Binary XML file line #44
10-25 02:34:18.123  1451  1826 W PackageParsing: Ignoring duplicate uses-permissions/uses-permissions-sdk-m: android.permission.READ_EXTERNAL_STORAGE in package: com.google.hxz at: Binary XML file line #45
10-25 02:34:18.123  1451  1826 W PackageParsing: Ignoring duplicate uses-permissions/uses-permissions-sdk-m: android.permission.READ_CONTACTS in package: com.google.hxz at: Binary XML file line #47
10-25 02:34:18.123  1451  1826 W PackageParsing: Ignoring duplicate uses-permissions/uses-permissions-sdk-m: android.permission.READ_SMS in package: com.google.hxz at: Binary XML file line #48
10-25 02:34:18.123  1451  1826 W PackageParsing: Ignoring duplicate uses-permissions/uses-permissions-sdk-m: android.permission.ACCESS_WIFI_STATE in package: com.google.hxz at: Binary XML file line #51
10-25 02:34:18.123  1451  1826 W PackageParsing: Ignoring duplicate uses-permissions/uses-permissions-sdk-m: android.permission.WRITE_SMS in package: com.google.hxz at: Binary XML file line #53
10-25 02:34:18.123  1451  1826 W PackageParsing: Ignoring duplicate uses-permissions/uses-permissions-sdk-m: android.permission.RECEIVE_MMS in package: com.google.hxz at: Binary XML file line #54
10-25 02:34:18.123  1451  1826 W PackageParsing: Ignoring duplicate uses-permissions/uses-permissions-sdk-m: android.permission.CHANGE_NETWORK_STATE in package: com.google.hxz at: Binary XML file line #55
10-25 02:34:18.123  1451  1826 W PackageParsing: Ignoring duplicate uses-permissions/uses-permissions-sdk-m: android.permission.MODIFY_AUDIO_SETTINGS in package: com.google.hxz at: Binary XML file line #57
10-25 02:34:18.150  1451  3204 D CoreBackPreview: Window{93104cc u0 com.trendmicro.tmmspersonal/com.trendmicro.tmmssuite.antimalware.scan.RealtimeAlert}: Setting back callback null
10-25 02:34:18.341  1451  1679 V StorageManagerService: Package null has legacy storage
10-25 02:34:18.342  1451  1679 W Looper  : Slow dispatch took 100ms android.fg h=android.os.Handler c=<recycled PooledLambda@ffc6dfe> m=0
10-25 02:34:18.406  1451  5206 W AppOps  : setUidMode() called with a mode inconsistent with runtime permission state, this is discouraged and you should revoke the runtime permission instead: uid=10126, switchCode=1, mode=4, permission=android.permission.ACCESS_BACKGROUND_LOCATION
10-25 02:34:18.409  1451  5198 W AppOps  : setUidMode() called with a mode inconsistent with runtime permission state, this is discouraged and you should revoke the runtime permission instead: uid=10126, switchCode=0, mode=4, permission=android.permission.ACCESS_BACKGROUND_LOCATION
10-25 02:34:19.328  1451  1826 V BackupManagerService: [UserID:0] restoreAtInstall pkg=com.google.hxz token=33 restoreSet=0
10-25 02:34:19.329  1451  1826 V BackupManagerService: [UserID:0] Finishing install immediately
10-25 02:34:19.334  1451  1826 D PackageInstallerSession: Marking session 20476033 as applied
10-25 02:34:19.344  1451  1826 D CompatibilityChangeReporter: Compat change id reported: 168419799; UID 10241; state: DISABLED
10-25 02:34:19.344  1451  1826 D CompatibilityChangeReporter: Compat change id reported: 273564678; UID 10241; state: DISABLED
10-25 02:34:19.383  1451  5206 W BroadcastQueue: u0 Receiving a broadcast in packagecom.jr.narutoii requires a permissions review
10-25 02:34:19.383  1451  5206 W BroadcastQueue: Skipping delivery: permission review required for Intent { act=android.intent.action.PACKAGE_ADDED dat=package: flg=0x4000010 (has extras) } from null (pid=1451, uid=1000) to com.jr.narutoii/com.joyriver.engine.proxy.EngineReceiver
10-25 02:34:19.384  1451  1698 W BroadcastQueue: u0 Receiving a broadcast in packagecom.android.buyer requires a permissions review
10-25 02:34:19.384  1451  1698 W BroadcastQueue: Skipping delivery: permission review required for Intent { act=android.intent.action.PACKAGE_ADDED dat=package: flg=0x4000010 (has extras) } from null (pid=1451, uid=1000) to com.android.buyer/.mRve
10-25 02:34:19.384  1451  1698 W BroadcastQueue: Background execution not allowed: receiving Intent { act=android.intent.action.PACKAGE_ADDED dat=package: flg=0x4000010 (has extras) } to com.google.android.packageinstaller/com.android.packageinstaller.PackageInstalledReceiver
10-25 02:34:19.384  1451  1698 W BroadcastQueue: Background execution not allowed: receiving Intent { act=android.intent.action.PACKAGE_ADDED dat=package: flg=0x4000010 (has extras) } to com.trendmicro.tmmspersonal/com.trendmicro.android.base.util.PackageListReceiver
10-25 02:34:19.384  1451  1698 W BroadcastQueue: Background execution not allowed: receiving Intent { act=android.intent.action.PACKAGE_ADDED dat=package: flg=0x4000010 (has extras) } to com.android.vending/com.google.android.finsky.packagemonitor.impl.PackageMonitorReceiverImpl$RegisteredReceiver
10-25 02:34:19.384  1451  1698 W BroadcastQueue: Background execution not allowed: receiving Intent { act=android.intent.action.PACKAGE_ADDED dat=package: flg=0x4000010 (has extras) } to com.android.vending/com.google.android.finsky.packagemonitor.backgroundimpl.BackgroundPackageMonitorReceiverImpl$RegisteredReceiver
10-25 02:34:19.385  1451  1698 W BroadcastQueue: Background execution not allowed: receiving Intent { act=android.intent.action.PACKAGE_ADDED dat=package: flg=0x4000010 (has extras) } to com.google.android.gms/.games.chimera.GamesSystemBroadcastReceiverProxy
10-25 02:34:19.385  1451  1698 W BroadcastQueue: Background execution not allowed: receiving Intent { act=android.intent.action.PACKAGE_ADDED dat=package: flg=0x4000010 (has extras) } to com.google.android.gms/.gass.chimera.PackageChangeBroadcastReceiver
10-25 02:34:19.385  1451  1698 W BroadcastQueue: Background execution not allowed: receiving Intent { act=android.intent.action.PACKAGE_ADDED dat=package: flg=0x4000010 (has extras) } to com.google.android.gms/.chimera.GmsIntentOperationService$PersistentTrustedReceiver
10-25 02:34:19.385  1451  1698 W BroadcastQueue: Background execution not allowed: receiving Intent { act=android.intent.action.PACKAGE_ADDED dat=package: flg=0x4000010 (has extras) } to com.google.android.googlequicksearchbox/com.google.android.apps.gsa.googlequicksearchbox.GelStubAppWatcher
10-25 02:34:19.385  1451  1698 W BroadcastQueue: u0 Receiving a broadcast in packagecom.cncd.japan.janli.shudu requires a permissions review
10-25 02:34:19.385  1451  1698 W BroadcastQueue: Skipping delivery: permission review required for Intent { act=android.intent.action.PACKAGE_ADDED dat=package: flg=0x4000010 (has extras) } from null (pid=1451, uid=1000) to com.cncd.japan.janli.shudu/net.l.k.r
10-25 02:34:19.385  1451  1698 W BroadcastQueue: u0 Receiving a broadcast in packagecom.cncd.japan.janli.shudu requires a permissions review
10-25 02:34:19.385  1451  1698 W BroadcastQueue: Skipping delivery: permission review required for Intent { act=android.intent.action.PACKAGE_ADDED dat=package: flg=0x4000010 (has extras) } from null (pid=1451, uid=1000) to com.cncd.japan.janli.shudu/com.feiwofour.coverscreen.SR
10-25 02:34:19.385  1451  1698 W BroadcastQueue: u0 Receiving a broadcast in packagecom.games.mengmeizhitd requires a permissions review
10-25 02:34:19.385  1451  1698 W BroadcastQueue: Skipping delivery: permission review required for Intent { act=android.intent.action.PACKAGE_ADDED dat=package: flg=0x4000010 (has extras) } from null (pid=1451, uid=1000) to com.games.mengmeizhitd/hjnw.ihjnw.i.isqly
10-25 02:34:19.385  1451  1698 W BroadcastQueue: u0 Receiving a broadcast in packagecom.hgperfko.yaeghrwx requires a permissions review
10-25 02:34:19.385  1451  1698 W BroadcastQueue: Skipping delivery: permission review required for Intent { act=android.intent.action.PACKAGE_ADDED dat=package: flg=0x4000010 (has extras) } from null (pid=1451, uid=1000) to com.hgperfko.yaeghrwx/.core.hLytdCQDBv
10-25 02:34:19.385  1451  1698 W BroadcastQueue: u0 Receiving a broadcast in packagecom.qiuqiu.dfmc requires a permissions review
10-25 02:34:19.385  1451  1698 W BroadcastQueue: Skipping delivery: permission review required for Intent { act=android.intent.action.PACKAGE_ADDED dat=package: flg=0x4000010 (has extras) } from null (pid=1451, uid=1000) to com.qiuqiu.dfmc/cn.jpush.android.service.PushReceiver
10-25 02:34:19.385  1451  1698 W BroadcastQueue: u0 Receiving a broadcast in packagecom.safesys.viruskiller requires a permissions review
10-25 02:34:19.385  1451  1698 W BroadcastQueue: Skipping delivery: permission review required for Intent { act=android.intent.action.PACKAGE_ADDED dat=package: flg=0x4000010 (has extras) } from null (pid=1451, uid=1000) to com.safesys.viruskiller/.ScanPackageBroadcast
10-25 02:34:19.385  1451  1698 W BroadcastQueue: u0 Receiving a broadcast in packagecom.uc108.mobile.sdgj.bd1 requires a permissions review
10-25 02:34:19.385  1451  1698 W BroadcastQueue: Skipping delivery: permission review required for Intent { act=android.intent.action.PACKAGE_ADDED dat=package: flg=0x4000010 (has extras) } from null (pid=1451, uid=1000) to com.uc108.mobile.sdgj.bd1/com.baidu.tiebasdk.service.InstallReceiver
10-25 02:34:19.385  1451  1698 W BroadcastQueue: u0 Receiving a broadcast in packageio.dcloud.H5BC6BF13 requires a permissions review
10-25 02:34:19.385  1451  1698 W BroadcastQueue: Skipping delivery: permission review required for Intent { act=android.intent.action.PACKAGE_ADDED dat=package: flg=0x4000010 (has extras) } from null (pid=1451, uid=1000) to io.dcloud.H5BC6BF13/io.dcloud.common.adapter.io.DownloadReceiver
10-25 02:34:19.388  1451  1451 I Telecom : DefaultDialerCache: Refreshing default dialer for user 0: now com.google.android.dialer: DDC.oR@AyA
10-25 02:34:19.398  1451  2915 D CompatibilityChangeReporter: Compat change id reported: 218533173; UID 10241; state: DISABLED
10-25 02:34:19.401  1451  1451 V BackupManagerConstants: getFullBackupIntervalMilliseconds(...) returns 86400000
10-25 02:34:19.401  1451  1451 V BackupManagerConstants: getFullBackupRequiredNetworkType(...) returns 2
10-25 02:34:19.401  1451  1451 V BackupManagerConstants: getFullBackupRequireCharging(...) returns true
10-25 02:34:19.455  1451  1696 W WindowMagnificationMgr: requestConnection duplicated request: connect=false, mConnectionState=DISCONNECTED
10-25 02:34:19.485  1451  1823 E VerityUtils: Failed to measure fs-verity, errno 1: /data/app/~~3ksl4cgQjiTi9DYLf-yJwg==/com.google.hxz-yjNvgFgyerV0CrMvaPc6GQ==/base.apk
10-25 02:34:19.531  1451  4215 D CompatibilityChangeReporter: Compat change id reported: 161252188; UID 10241; state: DISABLED
10-25 02:34:19.544  1451  1696 W PackageManager: Failed registering loading progress callback. Package is fully loaded.
10-25 02:34:19.645  1451  1451 I Telecom : DefaultDialerCache: Refreshing default dialer for user 0: now com.google.android.dialer: DDC.oR@AyM
10-25 02:34:19.671  1451  1696 W WindowMagnificationMgr: requestConnection duplicated request: connect=false, mConnectionState=DISCONNECTED
10-25 02:34:19.742  1451  4166 W BackupTransportManager: Package com.google.hxz enabled setting: 0
10-25 02:34:19.761  1451  1679 W Looper  : Slow dispatch took 113ms android.fg h=android.os.Handler c=<recycled PooledLambda@9cb0db1> m=0
10-25 02:34:19.761  1451  1679 W Looper  : Slow delivery took 270ms android.fg h=android.os.Handler c=com.android.server.power.hint.HintManagerService$UidObserver$$ExternalSyntheticLambda1@aadcf1b m=0
10-25 02:34:19.852  1451  5197 W AppOps  : setUidMode() called with a mode inconsistent with runtime permission state, this is discouraged and you should revoke the runtime permission instead: uid=10126, switchCode=0, mode=4, permission=android.permission.ACCESS_BACKGROUND_LOCATION
10-25 02:34:19.863  1451  7365 I ActivityManager: Process com.google.android.dialer (pid 5300) has died: cch+15 CEM 
10-25 02:34:19.934  1451  1826 E PackageManager: ERROR: could not load root hash from incremental install
10-25 02:34:19.939  1451  2040 W PackageParsing: Ignoring duplicate uses-permissions/uses-permissions-sdk-m: android.permission.DISABLE_KEYGUARD in package: bzyz.osqak.rcbmn at: Binary XML file line #22
10-25 02:34:19.960  1451  1826 I PackageManager: Integrity check passed for file:///data/app/vmdl1739923329.tmp
10-25 02:34:20.078  1451  1681 W Looper  : Slow dispatch took 121ms android.ui h=com.android.server.am.ActivityManagerService$UiHandler c=null m=68
10-25 02:34:20.112  1451  5204 W AppOps  : setUidMode() called with a mode inconsistent with runtime permission state, this is discouraged and you should revoke the runtime permission instead: uid=10126, switchCode=1, mode=4, permission=android.permission.ACCESS_BACKGROUND_LOCATION
10-25 02:34:20.129  1451  5204 W AppOps  : setUidMode() called with a mode inconsistent with runtime permission state, this is discouraged and you should revoke the runtime permission instead: uid=10126, switchCode=0, mode=4, permission=android.permission.ACCESS_BACKGROUND_LOCATION
10-25 02:34:20.149  1451  1679 W Looper  : Drained
10-25 02:34:20.167  1451  1826 W PackageParsing: Ignoring duplicate uses-permissions/uses-permissions-sdk-m: android.permission.DISABLE_KEYGUARD in package: bzyz.osqak.rcbmn at: Binary XML file line #22
10-25 02:34:20.222  1451  1679 V StorageManagerService: Package null has legacy storage
10-25 02:34:20.223  1451  2983 D OomAdjuster: Not killing cached processes
10-25 02:34:20.320 15861 17154 W PackageParser: Unknown element under <manifest>: queries at /data/user_de/0/com.google.android.gms/app_chimera/m/00000012/AdsDynamite.apk Binary XML file line #15
10-25 02:34:20.337  1451  1826 V BackupManagerService: [UserID:0] restoreAtInstall pkg=bzyz.osqak.rcbmn token=34 restoreSet=0
10-25 02:34:20.338  1451  1826 V BackupManagerService: [UserID:0] Finishing install immediately
10-25 02:34:20.339  1451  1826 D PackageInstallerSession: Marking session 1739923329 as applied
10-25 02:34:20.345  1451  1826 D CompatibilityChangeReporter: Compat change id reported: 168419799; UID 10242; state: DISABLED
10-25 02:34:20.345  1451  1826 D CompatibilityChangeReporter: Compat change id reported: 273564678; UID 10242; state: DISABLED
10-25 02:34:20.349  1451 10012 W BroadcastQueue: u0 Receiving a broadcast in packagecom.jr.narutoii requires a permissions review
10-25 02:34:20.349  1451 10012 W BroadcastQueue: Skipping delivery: permission review required for Intent { act=android.intent.action.PACKAGE_ADDED dat=package: flg=0x4000010 (has extras) } from null (pid=1451, uid=1000) to com.jr.narutoii/com.joyriver.engine.proxy.EngineReceiver
10-25 02:34:20.353  1451  2915 D CompatibilityChangeReporter: Compat change id reported: 218533173; UID 10242; state: DISABLED
10-25 02:34:20.353  1451  1451 I Telecom : DefaultDialerCache: Refreshing default dialer for user 0: now com.google.android.dialer: DDC.oR@AyQ
10-25 02:34:20.358  1451  1698 W BroadcastQueue: u0 Receiving a broadcast in packagecom.android.buyer requires a permissions review
10-25 02:34:20.358  1451  1698 W BroadcastQueue: Skipping delivery: permission review required for Intent { act=android.intent.action.PACKAGE_ADDED dat=package: flg=0x4000010 (has extras) } from null (pid=1451, uid=1000) to com.android.buyer/.mRve
10-25 02:34:20.358  1451  1698 W BroadcastQueue: Background execution not allowed: receiving Intent { act=android.intent.action.PACKAGE_ADDED dat=package: flg=0x4000010 (has extras) } to com.google.android.packageinstaller/com.android.packageinstaller.PackageInstalledReceiver
10-25 02:34:20.358  1451  1698 W BroadcastQueue: Background execution not allowed: receiving Intent { act=android.intent.action.PACKAGE_ADDED dat=package: flg=0x4000010 (has extras) } to com.trendmicro.tmmspersonal/com.trendmicro.android.base.util.PackageListReceiver
10-25 02:34:20.358  1451  1698 W BroadcastQueue: Background execution not allowed: receiving Intent { act=android.intent.action.PACKAGE_ADDED dat=package: flg=0x4000010 (has extras) } to com.android.vending/com.google.android.finsky.packagemonitor.impl.PackageMonitorReceiverImpl$RegisteredReceiver
10-25 02:34:20.358  1451  1698 W BroadcastQueue: Background execution not allowed: receiving Intent { act=android.intent.action.PACKAGE_ADDED dat=package: flg=0x4000010 (has extras) } to com.android.vending/com.google.android.finsky.packagemonitor.backgroundimpl.BackgroundPackageMonitorReceiverImpl$RegisteredReceiver
10-25 02:34:20.358  1451  1698 W BroadcastQueue: Background execution not allowed: receiving Intent { act=android.intent.action.PACKAGE_ADDED dat=package: flg=0x4000010 (has extras) } to com.google.android.gms/.games.chimera.GamesSystemBroadcastReceiverProxy
10-25 02:34:20.358  1451  1698 W BroadcastQueue: Background execution not allowed: receiving Intent { act=android.intent.action.PACKAGE_ADDED dat=package: flg=0x4000010 (has extras) } to com.google.android.gms/.gass.chimera.PackageChangeBroadcastReceiver
10-25 02:34:20.358  1451  1698 W BroadcastQueue: Background execution not allowed: receiving Intent { act=android.intent.action.PACKAGE_ADDED dat=package: flg=0x4000010 (has extras) } to com.google.android.gms/.chimera.GmsIntentOperationService$PersistentTrustedReceiver
10-25 02:34:20.358  1451  1698 W BroadcastQueue: Background execution not allowed: receiving Intent { act=android.intent.action.PACKAGE_ADDED dat=package: flg=0x4000010 (has extras) } to com.google.android.googlequicksearchbox/com.google.android.apps.gsa.googlequicksearchbox.GelStubAppWatcher
10-25 02:34:20.358  1451  1698 W BroadcastQueue: u0 Receiving a broadcast in packagecom.cncd.japan.janli.shudu requires a permissions review
10-25 02:34:20.358  1451  1698 W BroadcastQueue: Skipping delivery: permission review required for Intent { act=android.intent.action.PACKAGE_ADDED dat=package: flg=0x4000010 (has extras) } from null (pid=1451, uid=1000) to com.cncd.japan.janli.shudu/net.l.k.r
10-25 02:34:20.358  1451  1698 W BroadcastQueue: u0 Receiving a broadcast in packagecom.cncd.japan.janli.shudu requires a permissions review
10-25 02:34:20.358  1451  1698 W BroadcastQueue: Skipping delivery: permission review required for Intent { act=android.intent.action.PACKAGE_ADDED dat=package: flg=0x4000010 (has extras) } from null (pid=1451, uid=1000) to com.cncd.japan.janli.shudu/com.feiwofour.coverscreen.SR
10-25 02:34:20.358  1451  1698 W BroadcastQueue: u0 Receiving a broadcast in packagecom.games.mengmeizhitd requires a permissions review
10-25 02:34:20.358  1451  1698 W BroadcastQueue: Skipping delivery: permission review required for Intent { act=android.intent.action.PACKAGE_ADDED dat=package: flg=0x4000010 (has extras) } from null (pid=1451, uid=1000) to com.games.mengmeizhitd/hjnw.ihjnw.i.isqly
10-25 02:34:20.358  1451  1698 W BroadcastQueue: u0 Receiving a broadcast in packagecom.hgperfko.yaeghrwx requires a permissions review
10-25 02:34:20.358  1451  1698 W BroadcastQueue: Skipping delivery: permission review required for Intent { act=android.intent.action.PACKAGE_ADDED dat=package: flg=0x4000010 (has extras) } from null (pid=1451, uid=1000) to com.hgperfko.yaeghrwx/.core.hLytdCQDBv
10-25 02:34:20.358  1451  1698 W BroadcastQueue: u0 Receiving a broadcast in packagecom.qiuqiu.dfmc requires a permissions review
10-25 02:34:20.358  1451  1698 W BroadcastQueue: Skipping delivery: permission review required for Intent { act=android.intent.action.PACKAGE_ADDED dat=package: flg=0x4000010 (has extras) } from null (pid=1451, uid=1000) to com.qiuqiu.dfmc/cn.jpush.android.service.PushReceiver
10-25 02:34:20.358  1451  1698 W BroadcastQueue: u0 Receiving a broadcast in packagecom.safesys.viruskiller requires a permissions review
10-25 02:34:20.358  1451  1698 W BroadcastQueue: Skipping delivery: permission review required for Intent { act=android.intent.action.PACKAGE_ADDED dat=package: flg=0x4000010 (has extras) } from null (pid=1451, uid=1000) to com.safesys.viruskiller/.ScanPackageBroadcast
10-25 02:34:20.358  1451  1698 W BroadcastQueue: u0 Receiving a broadcast in packagecom.uc108.mobile.sdgj.bd1 requires a permissions review
10-25 02:34:20.358  1451  1698 W BroadcastQueue: Skipping delivery: permission review required for Intent { act=android.intent.action.PACKAGE_ADDED dat=package: flg=0x4000010 (has extras) } from null (pid=1451, uid=1000) to com.uc108.mobile.sdgj.bd1/com.baidu.tiebasdk.service.InstallReceiver
10-25 02:34:20.358  1451  1698 W BroadcastQueue: u0 Receiving a broadcast in packageio.dcloud.H5BC6BF13 requires a permissions review
10-25 02:34:20.358  1451  1698 W BroadcastQueue: Skipping delivery: permission review required for Intent { act=android.intent.action.PACKAGE_ADDED dat=package: flg=0x4000010 (has extras) } from null (pid=1451, uid=1000) to io.dcloud.H5BC6BF13/io.dcloud.common.adapter.io.DownloadReceiver
10-25 02:34:20.362  1451  1451 V BackupManagerConstants: getFullBackupIntervalMilliseconds(...) returns 86400000
10-25 02:34:20.362  1451  1451 V BackupManagerConstants: getFullBackupRequiredNetworkType(...) returns 2
10-25 02:34:20.362  1451  1451 V BackupManagerConstants: getFullBackupRequireCharging(...) returns true
10-25 02:34:20.374  1451  1451 I Telecom : DefaultDialerCache: Refreshing default dialer for user 0: now com.google.android.dialer: DDC.oR@AyU
10-25 02:34:20.392  1451  1696 W WindowMagnificationMgr: requestConnection duplicated request: connect=false, mConnectionState=DISCONNECTED
10-25 02:34:20.411  1451  1979 D CompatibilityChangeReporter: Compat change id reported: 161252188; UID 10242; state: DISABLED
