10-25 02:34:28.011  1451  1698 W BroadcastQueue: u0 Receiving a broadcast in packagecom.voicebianshengjinglingwc.wxl requires a permissions review
10-25 02:34:28.011  1451  1698 W BroadcastQueue: Skipping delivery: permission review required for Intent { act=android.intent.action.PACKAGE_ADDED dat=package: flg=0x4000010 (has extras) } from null (pid=1451, uid=1000) to com.voicebianshengjinglingwc.wxl/mp.ruu.Ztjjwrj
10-25 02:34:28.011  1451  1698 W BroadcastQueue: u0 Receiving a broadcast in packageio.dcloud.H5BC6BF13 requires a permissions review
10-25 02:34:28.011  1451  1698 W BroadcastQueue: Skipping delivery: permission review required for Intent { act=android.intent.action.PACKAGE_ADDED dat=package: flg=0x4000010 (has extras) } from null (pid=1451, uid=1000) to io.dcloud.H5BC6BF13/io.dcloud.common.adapter.io.DownloadReceiver
10-25 02:34:28.012  1451  1451 I Telecom : DefaultDialerCache: Refreshing default dialer for user 0: now com.google.android.dialer: DDC.oR@A2Q
10-25 02:34:28.028  1451  1823 E VerityUtils: Failed to measure fs-verity, errno 1: /data/app/~~KkXR7a1zQ79C6aZuF2cnog==/com.google.android.yrtdsfh-xDOf0NbN1yORS4k3d5ppvw==/base.apk
10-25 02:34:28.029  1451  1451 V BackupManagerConstants: getFullBackupIntervalMilliseconds(...) returns 86400000
10-25 02:34:28.029  1451  1451 V BackupManagerConstants: getFullBackupRequiredNetworkType(...) returns 2
10-25 02:34:28.029  1451  1451 V BackupManagerConstants: getFullBackupRequireCharging(...) returns true
10-25 02:34:28.047  1451  1451 I Telecom : DefaultDialerCache: Refreshing default dialer for user 0: now com.google.android.dialer: DDC.oR@A2U
10-25 02:34:28.050  1451  1696 W WindowMagnificationMgr: requestConnection duplicated request: connect=false, mConnectionState=DISCONNECTED
10-25 02:34:28.065  1451  4166 W BackupTransportManager: Package com.google.android.yrtdsfh enabled setting: 0
10-25 02:34:28.084  1451  1696 W PackageManager: Failed registering loading progress callback. Package is fully loaded.
10-25 02:34:28.098  1451  1696 W WindowMagnificationMgr: requestConnection duplicated request: connect=false, mConnectionState=DISCONNECTED
10-25 02:34:28.245  1451  3748 D CompatibilityChangeReporter: Compat change id reported: 161252188; UID 10256; state: DISABLED
10-25 02:34:28.257  1451  1826 E PackageManager: ERROR: could not load root hash from incremental install
10-25 02:34:28.268  1451  2040 W PackageParsing: Ignoring duplicate uses-permissions/uses-permissions-sdk-m:  in package: qiu.com at: Binary XML file line #14
10-25 02:34:28.268  1451  2040 W PackageParsing: Ignoring duplicate uses-permissions/uses-permissions-sdk-m:  in package: qiu.com at: Binary XML file line #15
10-25 02:34:28.268  1451  2040 W PackageParsing: Ignoring duplicate uses-permissions/uses-permissions-sdk-m:  in package: qiu.com at: Binary XML file line #19
10-25 02:34:28.268  1451  2040 W PackageParsing: Ignoring duplicate uses-permissions/uses-permissions-sdk-m:  in package: qiu.com at: Binary XML file line #20
10-25 02:34:28.268  1451  2040 W PackageParsing: Ignoring duplicate uses-permissions/uses-permissions-sdk-m:  in package: qiu.com at: Binary XML file line #22
10-25 02:34:28.268  1451  2040 W PackageParsing: Ignoring duplicate uses-permissions/uses-permissions-sdk-m:  in package: qiu.com at: Binary XML file line #27
10-25 02:34:28.294  1451  1826 I PackageManager: Integrity check passed for file:///data/app/vmdl719299358.tmp
10-25 02:34:28.303  1451  1826 W PackageParsing: Ignoring duplicate uses-permissions/uses-permissions-sdk-m:  in package: qiu.com at: Binary XML file line #14
10-25 02:34:28.303  1451  1826 W PackageParsing: Ignoring duplicate uses-permissions/uses-permissions-sdk-m:  in package: qiu.com at: Binary XML file line #15
10-25 02:34:28.303  1451  1826 W PackageParsing: Ignoring duplicate uses-permissions/uses-permissions-sdk-m:  in package: qiu.com at: Binary XML file line #19
10-25 02:34:28.303  1451  1826 W PackageParsing: Ignoring duplicate uses-permissions/uses-permissions-sdk-m:  in package: qiu.com at: Binary XML file line #20
10-25 02:34:28.303  1451  1826 W PackageParsing: Ignoring duplicate uses-permissions/uses-permissions-sdk-m:  in package: qiu.com at: Binary XML file line #22
10-25 02:34:28.303  1451  1826 W PackageParsing: Ignoring duplicate uses-permissions/uses-permissions-sdk-m:  in package: qiu.com at: Binary XML file line #27
10-25 02:34:28.408  1451  1679 V StorageManagerService: Package null has legacy storage
10-25 02:34:28.416  1451  5775 I ActivityTaskManager: START u0 {flg=0x14800000 cmp=com.trendmicro.tmmspersonal/com.trendmicro.tmmssuite.antimalware.scan.RealtimeAlert (has extras)} from uid 10194
10-25 02:34:28.431  1451  2983 W ActivityTaskManager: Tried to set launchTime (0) < mLastActivityLaunchTime (583377)
10-25 02:34:28.435  1451  5205 I ActivityTaskManager: START u0 {flg=0x14800000 cmp=com.trendmicro.tmmspersonal/com.trendmicro.tmmssuite.antimalware.scan.RealtimeAlert4PUA (has extras)} from uid 10194
10-25 02:34:28.469  1451  5198 D CoreBackPreview: Window{b810ee5 u0 com.trendmicro.tmmspersonal/com.trendmicro.tmmssuite.antimalware.scan.RealtimeAlert}: Setting back callback OnBackInvokedCallbackInfo{mCallback=android.window.IOnBackInvokedCallback$Stub$Proxy@5aaf46b, mPriority=0}
10-25 02:34:28.471  1451  5201 W ActivityTaskManager: Tried to set launchTime (0) < mLastActivityLaunchTime (584141)
10-25 02:34:28.491  1451  5201 D CoreBackPreview: Window{7252284 u0 com.trendmicro.tmmspersonal/com.trendmicro.tmmssuite.antimalware.scan.RealtimeAlert4PUA}: Setting back callback null
10-25 02:34:28.515  1451  5198 W AppOps  : setUidMode() called with a mode inconsistent with runtime permission state, this is discouraged and you should revoke the runtime permission instead: uid=10126, switchCode=0, mode=4, permission=android.permission.ACCESS_BACKGROUND_LOCATION
10-25 02:34:28.526  1451  5201 D CoreBackPreview: Window{68a9d3f u0 com.trendmicro.tmmspersonal/com.trendmicro.tmmssuite.antimalware.scan.RealtimeAlert4PUA}: Setting back callback OnBackInvokedCallbackInfo{mCallback=android.window.IOnBackInvokedCallback$Stub$Proxy@a42996a, mPriority=0}
10-25 02:34:28.575  1451  5198 D CoreBackPreview: Window{b810ee5 u0 com.trendmicro.tmmspersonal/com.trendmicro.tmmssuite.antimalware.scan.RealtimeAlert}: Setting back callback null
10-25 02:34:28.585  1451  3204 W WindowManager: Failed looking up window session=Session{5748cd8 8053:u0a10194} callers=com.android.server.wm.WindowManagerService.windowForClientLocked:6056 com.android.server.wm.Session.setOnBackInvokedCallbackInfo:944 android.view.IWindowSession$Stub.onTransact:1180 
10-25 02:34:28.585  1451  3204 E WindowManager: setOnBackInvokedCallback(): No window state for package:com.trendmicro.tmmspersonal
10-25 02:34:28.608  1451  3748 W AppOps  : setUidMode() called with a mode inconsistent with runtime permission state, this is discouraged and you should revoke the runtime permission instead: uid=10126, switchCode=1, mode=4, permission=android.permission.ACCESS_BACKGROUND_LOCATION
10-25 02:34:28.612  1451  5775 W AppOps  : setUidMode() called with a mode inconsistent with runtime permission state, this is discouraged and you should revoke the runtime permission instead: uid=10126, switchCode=0, mode=4, permission=android.permission.ACCESS_BACKGROUND_LOCATION
10-25 02:34:28.664  1451  1826 V BackupManagerService: [UserID:0] restoreAtInstall pkg=qiu.com token=43 restoreSet=0
10-25 02:34:28.664  1451  1826 V BackupManagerService: [UserID:0] Finishing install immediately
10-25 02:34:28.667  1451  1826 D PackageInstallerSession: Marking session 719299358 as applied
10-25 02:34:28.672  1451  1826 D CompatibilityChangeReporter: Compat change id reported: 168419799; UID 10257; state: DISABLED
10-25 02:34:28.672  1451  1826 D CompatibilityChangeReporter: Compat change id reported: 273564678; UID 10257; state: DISABLED
10-25 02:34:28.679  1451  2915 D CompatibilityChangeReporter: Compat change id reported: 218533173; UID 10257; state: DISABLED
10-25 02:34:28.685  1451  1451 I Telecom : DefaultDialerCache: Refreshing default dialer for user 0: now com.google.android.dialer: DDC.oR@A2g
10-25 02:34:28.685  1451  3204 W BroadcastQueue: u0 Receiving a broadcast in packagecom.jr.narutoii requires a permissions review
10-25 02:34:28.685  1451  3204 W BroadcastQueue: Skipping delivery: permission review required for Intent { act=android.intent.action.PACKAGE_ADDED dat=package: flg=0x4000010 (has extras) } from null (pid=1451, uid=1000) to com.jr.narutoii/com.joyriver.engine.proxy.EngineReceiver
10-25 02:34:28.687  1451  1696 W WindowMagnificationMgr: requestConnection duplicated request: connect=false, mConnectionState=DISCONNECTED
10-25 02:34:28.687  1451  1698 W BroadcastQueue: u0 Receiving a broadcast in packagecom.android.buyer requires a permissions review
10-25 02:34:28.687  1451  1698 W BroadcastQueue: Skipping delivery: permission review required for Intent { act=android.intent.action.PACKAGE_ADDED dat=package: flg=0x4000010 (has extras) } from null (pid=1451, uid=1000) to com.android.buyer/.mRve
10-25 02:34:28.693  1451  1698 W BroadcastQueue: Background execution not allowed: receiving Intent { act=android.intent.action.PACKAGE_ADDED dat=package: flg=0x4000010 (has extras) } to com.google.android.packageinstaller/com.android.packageinstaller.PackageInstalledReceiver
10-25 02:34:28.693  1451  1698 W BroadcastQueue: Background execution not allowed: receiving Intent { act=android.intent.action.PACKAGE_ADDED dat=package: flg=0x4000010 (has extras) } to com.trendmicro.tmmspersonal/com.trendmicro.android.base.util.PackageListReceiver
10-25 02:34:28.693  1451  1698 W BroadcastQueue: Background execution not allowed: receiving Intent { act=android.intent.action.PACKAGE_ADDED dat=package: flg=0x4000010 (has extras) } to com.android.vending/com.google.android.finsky.packagemonitor.impl.PackageMonitorReceiverImpl$RegisteredReceiver
10-25 02:34:28.693  1451  1698 W BroadcastQueue: Background execution not allowed: receiving Intent { act=android.intent.action.PACKAGE_ADDED dat=package: flg=0x4000010 (has extras) } to com.android.vending/com.google.android.finsky.packagemonitor.backgroundimpl.BackgroundPackageMonitorReceiverImpl$RegisteredReceiver
10-25 02:34:28.693  1451  1698 W BroadcastQueue: Background execution not allowed: receiving Intent { act=android.intent.action.PACKAGE_ADDED dat=package: flg=0x4000010 (has extras) } to com.google.android.gms/.games.chimera.GamesSystemBroadcastReceiverProxy
10-25 02:34:28.693  1451  1698 W BroadcastQueue: Background execution not allowed: receiving Intent { act=android.intent.action.PACKAGE_ADDED dat=package: flg=0x4000010 (has extras) } to com.google.android.gms/.gass.chimera.PackageChangeBroadcastReceiver
10-25 02:34:28.693  1451  1698 W BroadcastQueue: Background execution not allowed: receiving Intent { act=android.intent.action.PACKAGE_ADDED dat=package: flg=0x4000010 (has extras) } to com.google.android.gms/.chimera.GmsIntentOperationService$PersistentTrustedReceiver
10-25 02:34:28.694  1451  1698 W BroadcastQueue: Background execution not allowed: receiving Intent { act=android.intent.action.PACKAGE_ADDED dat=package: flg=0x4000010 (has extras) } to com.google.android.googlequicksearchbox/com.google.android.apps.gsa.googlequicksearchbox.GelStubAppWatcher
10-25 02:34:28.694  1451  1698 W BroadcastQueue: u0 Receiving a broadcast in packagecom.cncd.japan.janli.shudu requires a permissions review
10-25 02:34:28.694  1451  1698 W BroadcastQueue: Skipping delivery: permission review required for Intent { act=android.intent.action.PACKAGE_ADDED dat=package: flg=0x4000010 (has extras) } from null (pid=1451, uid=1000) to com.cncd.japan.janli.shudu/net.l.k.r
10-25 02:34:28.694  1451  1698 W BroadcastQueue: u0 Receiving a broadcast in packagecom.cncd.japan.janli.shudu requires a permissions review
10-25 02:34:28.694  1451  1698 W BroadcastQueue: Skipping delivery: permission review required for Intent { act=android.intent.action.PACKAGE_ADDED dat=package: flg=0x4000010 (has extras) } from null (pid=1451, uid=1000) to com.cncd.japan.janli.shudu/com.feiwofour.coverscreen.SR
10-25 02:34:28.694  1451  1698 W BroadcastQueue: u0 Receiving a broadcast in packagecom.games.mengmeizhitd requires a permissions review
10-25 02:34:28.694  1451  1698 W BroadcastQueue: Skipping delivery: permission review required for Intent { act=android.intent.action.PACKAGE_ADDED dat=package: flg=0x4000010 (has extras) } from null (pid=1451, uid=1000) to com.games.mengmeizhitd/hjnw.ihjnw.i.isqly
10-25 02:34:28.694  1451  1698 W BroadcastQueue: u0 Receiving a broadcast in packagecom.hgperfko.yaeghrwx requires a permissions review
10-25 02:34:28.694  1451  1698 W BroadcastQueue: Skipping delivery: permission review required for Intent { act=android.intent.action.PACKAGE_ADDED dat=package: flg=0x4000010 (has extras) } from null (pid=1451, uid=1000) to com.hgperfko.yaeghrwx/.core.hLytdCQDBv
10-25 02:34:28.694  1451  1698 W BroadcastQueue: u0 Receiving a broadcast in packagecom.qiuqiu.dfmc requires a permissions review
10-25 02:34:28.694  1451  1698 W BroadcastQueue: Skipping delivery: permission review required for Intent { act=android.intent.action.PACKAGE_ADDED dat=package: flg=0x4000010 (has extras) } from null (pid=1451, uid=1000) to com.qiuqiu.dfmc/cn.jpush.android.service.PushReceiver
10-25 02:34:28.694  1451  1698 W BroadcastQueue: u0 Receiving a broadcast in packagecom.safesys.viruskiller requires a permissions review
10-25 02:34:28.694  1451  1698 W BroadcastQueue: Skipping delivery: permission review required for Intent { act=android.intent.action.PACKAGE_ADDED dat=package: flg=0x4000010 (has extras) } from null (pid=1451, uid=1000) to com.safesys.viruskiller/.ScanPackageBroadcast
10-25 02:34:28.694  1451  1698 W BroadcastQueue: u0 Receiving a broadcast in packagecom.uc108.mobile.sdgj.bd1 requires a permissions review
10-25 02:34:28.694  1451  1698 W BroadcastQueue: Skipping delivery: permission review required for Intent { act=android.intent.action.PACKAGE_ADDED dat=package: flg=0x4000010 (has extras) } from null (pid=1451, uid=1000) to com.uc108.mobile.sdgj.bd1/com.baidu.tiebasdk.service.InstallReceiver
10-25 02:34:28.694  1451  1698 W BroadcastQueue: u0 Receiving a broadcast in packagecom.voicebianshengjinglingwc.wxl requires a permissions review
10-25 02:34:28.694  1451  1698 W BroadcastQueue: Skipping delivery: permission review required for Intent { act=android.intent.action.PACKAGE_ADDED dat=package: flg=0x4000010 (has extras) } from null (pid=1451, uid=1000) to com.voicebianshengjinglingwc.wxl/mp.ruu.Ztjjwrj
10-25 02:34:28.694  1451  1698 W BroadcastQueue: u0 Receiving a broadcast in packageio.dcloud.H5BC6BF13 requires a permissions review
10-25 02:34:28.694  1451  1698 W BroadcastQueue: Skipping delivery: permission review required for Intent { act=android.intent.action.PACKAGE_ADDED dat=package: flg=0x4000010 (has extras) } from null (pid=1451, uid=1000) to io.dcloud.H5BC6BF13/io.dcloud.common.adapter.io.DownloadReceiver
10-25 02:34:28.719  1451  1696 W PackageManager: Failed registering loading progress callback. Package is fully loaded.
10-25 02:34:28.745  1451  1451 I Telecom : DefaultDialerCache: Refreshing default dialer for user 0: now com.google.android.dialer: DDC.oR@A2k
10-25 02:34:28.746  1451  4166 W BackupTransportManager: Package qiu.com enabled setting: 0
10-25 02:34:28.748  1451  1696 W WindowMagnificationMgr: requestConnection duplicated request: connect=false, mConnectionState=DISCONNECTED
10-25 02:34:28.760  1451  3254 D CompatibilityChangeReporter: Compat change id reported: 161252188; UID 10257; state: DISABLED
10-25 02:34:28.792  1451  1823 E VerityUtils: Failed to measure fs-verity, errno 1: /data/app/~~4iJUxASKFbg73_QilusQYA==/qiu.com-uOswKq4o9AoKgjbjLKNg2A==/base.apk
10-25 02:34:28.833  1451  1826 E PackageManager: ERROR: could not load root hash from incremental install
10-25 02:34:28.862  1451  1826 I PackageManager: Integrity check passed for file:///data/app/vmdl571325622.tmp
10-25 02:34:28.951  1451  1679 V StorageManagerService: Package null has legacy storage
10-25 02:34:29.147  1451  1826 V BackupManagerService: [UserID:0] restoreAtInstall pkg=com.evilsunflower.reader.evilYufang15 token=44 restoreSet=0
10-25 02:34:29.147  1451  1826 V BackupManagerService: [UserID:0] Finishing install immediately
10-25 02:34:29.148  1451  1826 D PackageInstallerSession: Marking session 571325622 as applied
10-25 02:34:29.152  1451  1826 D CompatibilityChangeReporter: Compat change id reported: 168419799; UID 10258; state: DISABLED
10-25 02:34:29.152  1451  1826 D CompatibilityChangeReporter: Compat change id reported: 273564678; UID 10258; state: DISABLED
10-25 02:34:29.156  1451  5198 W BroadcastQueue: u0 Receiving a broadcast in packagecom.jr.narutoii requires a permissions review
10-25 02:34:29.157  1451  5198 W BroadcastQueue: Skipping delivery: permission review required for Intent { act=android.intent.action.PACKAGE_ADDED dat=package: flg=0x4000010 (has extras) } from null (pid=1451, uid=1000) to com.jr.narutoii/com.joyriver.engine.proxy.EngineReceiver
10-25 02:34:29.159  1451  2915 D CompatibilityChangeReporter: Compat change id reported: 218533173; UID 10258; state: DISABLED
10-25 02:34:29.161  1451  1451 I Telecom : DefaultDialerCache: Refreshing default dialer for user 0: now com.google.android.dialer: DDC.oR@A2w
10-25 02:34:29.166  1451  1698 W BroadcastQueue: u0 Receiving a broadcast in packagecom.android.buyer requires a permissions review
10-25 02:34:29.166  1451  1698 W BroadcastQueue: Skipping delivery: permission review required for Intent { act=android.intent.action.PACKAGE_ADDED dat=package: flg=0x4000010 (has extras) } from null (pid=1451, uid=1000) to com.android.buyer/.mRve
10-25 02:34:29.166  1451  1698 W BroadcastQueue: Background execution not allowed: receiving Intent { act=android.intent.action.PACKAGE_ADDED dat=package: flg=0x4000010 (has extras) } to com.google.android.packageinstaller/com.android.packageinstaller.PackageInstalledReceiver
10-25 02:34:29.166  1451  1698 W BroadcastQueue: Background execution not allowed: receiving Intent { act=android.intent.action.PACKAGE_ADDED dat=package: flg=0x4000010 (has extras) } to com.trendmicro.tmmspersonal/com.trendmicro.android.base.util.PackageListReceiver
10-25 02:34:29.166  1451  1698 W BroadcastQueue: Background execution not allowed: receiving Intent { act=android.intent.action.PACKAGE_ADDED dat=package: flg=0x4000010 (has extras) } to com.android.vending/com.google.android.finsky.packagemonitor.impl.PackageMonitorReceiverImpl$RegisteredReceiver
10-25 02:34:29.167  1451  1698 W BroadcastQueue: Background execution not allowed: receiving Intent { act=android.intent.action.PACKAGE_ADDED dat=package: flg=0x4000010 (has extras) } to com.android.vending/com.google.android.finsky.packagemonitor.backgroundimpl.BackgroundPackageMonitorReceiverImpl$RegisteredReceiver
10-25 02:34:29.167  1451  1698 W BroadcastQueue: Background execution not allowed: receiving Intent { act=android.intent.action.PACKAGE_ADDED dat=package: flg=0x4000010 (has extras) } to com.google.android.gms/.games.chimera.GamesSystemBroadcastReceiverProxy
10-25 02:34:29.167  1451  1698 W BroadcastQueue: Background execution not allowed: receiving Intent { act=android.intent.action.PACKAGE_ADDED dat=package: flg=0x4000010 (has extras) } to com.google.android.gms/.gass.chimera.PackageChangeBroadcastReceiver
10-25 02:34:29.167  1451  1698 W BroadcastQueue: Background execution not allowed: receiving Intent { act=android.intent.action.PACKAGE_ADDED dat=package: flg=0x4000010 (has extras) } to com.google.android.gms/.chimera.GmsIntentOperationService$PersistentTrustedReceiver
10-25 02:34:29.167  1451  1698 W BroadcastQueue: Background execution not allowed: receiving Intent { act=android.intent.action.PACKAGE_ADDED dat=package: flg=0x4000010 (has extras) } to com.google.android.googlequicksearchbox/com.google.android.apps.gsa.googlequicksearchbox.GelStubAppWatcher
10-25 02:34:29.167  1451  1698 W BroadcastQueue: u0 Receiving a broadcast in packagecom.cncd.japan.janli.shudu requires a permissions review
10-25 02:34:29.167  1451  1698 W BroadcastQueue: Skipping delivery: permission review required for Intent { act=android.intent.action.PACKAGE_ADDED dat=package: flg=0x4000010 (has extras) } from null (pid=1451, uid=1000) to com.cncd.japan.janli.shudu/net.l.k.r
10-25 02:34:29.167  1451  1698 W BroadcastQueue: u0 Receiving a broadcast in packagecom.cncd.japan.janli.shudu requires a permissions review
10-25 02:34:29.168  1451  1698 W BroadcastQueue: Skipping delivery: permission review required for Intent { act=android.intent.action.PACKAGE_ADDED dat=package: flg=0x4000010 (has extras) } from null (pid=1451, uid=1000) to com.cncd.japan.janli.shudu/com.feiwofour.coverscreen.SR
10-25 02:34:29.168  1451  1698 W BroadcastQueue: u0 Receiving a broadcast in packagecom.games.mengmeizhitd requires a permissions review
10-25 02:34:29.168  1451  1698 W BroadcastQueue: Skipping delivery: permission review required for Intent { act=android.intent.action.PACKAGE_ADDED dat=package: flg=0x4000010 (has extras) } from null (pid=1451, uid=1000) to com.games.mengmeizhitd/hjnw.ihjnw.i.isqly
10-25 02:34:29.168  1451  1698 W BroadcastQueue: u0 Receiving a broadcast in packagecom.hgperfko.yaeghrwx requires a permissions review
10-25 02:34:29.168  1451  1698 W BroadcastQueue: Skipping delivery: permission review required for Intent { act=android.intent.action.PACKAGE_ADDED dat=package: flg=0x4000010 (has extras) } from null (pid=1451, uid=1000) to com.hgperfko.yaeghrwx/.core.hLytdCQDBv
10-25 02:34:29.168  1451  1698 W BroadcastQueue: u0 Receiving a broadcast in packagecom.qiuqiu.dfmc requires a permissions review
10-25 02:34:29.168  1451  1698 W BroadcastQueue: Skipping delivery: permission review required for Intent { act=android.intent.action.PACKAGE_ADDED dat=package: flg=0x4000010 (has extras) } from null (pid=1451, uid=1000) to com.qiuqiu.dfmc/cn.jpush.android.service.PushReceiver
10-25 02:34:29.168  1451  1698 W BroadcastQueue: u0 Receiving a broadcast in packagecom.safesys.viruskiller requires a permissions review
10-25 02:34:29.168  1451  1451 V BackupManagerConstants: getFullBackupIntervalMilliseconds(...) returns 86400000
10-25 02:34:29.168  1451  1698 W BroadcastQueue: Skipping delivery: permission review required for Intent { act=android.intent.action.PACKAGE_ADDED dat=package: flg=0x4000010 (has extras) } from null (pid=1451, uid=1000) to com.safesys.viruskiller/.ScanPackageBroadcast
10-25 02:34:29.168  1451  1698 W BroadcastQueue: u0 Receiving a broadcast in packagecom.uc108.mobile.sdgj.bd1 requires a permissions review
10-25 02:34:29.168  1451  1698 W BroadcastQueue: Skipping delivery: permission review required for Intent { act=android.intent.action.PACKAGE_ADDED dat=package: flg=0x4000010 (has extras) } from null (pid=1451, uid=1000) to com.uc108.mobile.sdgj.bd1/com.baidu.tiebasdk.service.InstallReceiver
10-25 02:34:29.168  1451  1698 W BroadcastQueue: u0 Receiving a broadcast in packagecom.voicebianshengjinglingwc.wxl requires a permissions review
10-25 02:34:29.168  1451  1698 W BroadcastQueue: Skipping delivery: permission review required for Intent { act=android.intent.action.PACKAGE_ADDED dat=package: flg=0x4000010 (has extras) } from null (pid=1451, uid=1000) to com.voicebianshengjinglingwc.wxl/mp.ruu.Ztjjwrj
10-25 02:34:29.168  1451  1698 W BroadcastQueue: u0 Receiving a broadcast in packageio.dcloud.H5BC6BF13 requires a permissions review
10-25 02:34:29.168  1451  1698 W BroadcastQueue: Skipping delivery: permission review required for Intent { act=android.intent.action.PACKAGE_ADDED dat=package: flg=0x4000010 (has extras) } from null (pid=1451, uid=1000) to io.dcloud.H5BC6BF13/io.dcloud.common.adapter.io.DownloadReceiver
10-25 02:34:29.169  1451  1451 V BackupManagerConstants: getFullBackupRequiredNetworkType(...) returns 2
10-25 02:34:29.169  1451  1451 V BackupManagerConstants: getFullBackupRequireCharging(...) returns true
10-25 02:34:29.194  1451  1823 E VerityUtils: Failed to measure fs-verity, errno 1: /data/app/~~bJkIsHWW7Io8pMFCBmT_Tg==/com.evilsunflower.reader.evilYufang15-zB3j62VBKxczY8p-TN97Yw==/base.apk
10-25 02:34:29.205  1451  1696 W WindowMagnificationMgr: requestConnection duplicated request: connect=false, mConnectionState=DISCONNECTED
10-25 02:34:29.211  1451  1451 I Telecom : DefaultDialerCache: Refreshing default dialer for user 0: now com.google.android.dialer: DDC.oR@A20
10-25 02:34:29.212  1451  4166 W BackupTransportManager: Package com.evilsunflower.reader.evilYufang15 enabled setting: 0
10-25 02:34:29.242  1451  5205 D CompatibilityChangeReporter: Compat change id reported: 161252188; UID 10258; state: DISABLED
10-25 02:34:29.256  1451  1696 W PackageManager: Failed registering loading progress callback. Package is fully loaded.
10-25 02:34:29.264  1451  1696 W WindowMagnificationMgr: requestConnection duplicated request: connect=false, mConnectionState=DISCONNECTED
10-25 02:34:29.441  1451  3206 W AppOps  : setUidMode() called with a mode inconsistent with runtime permission state, this is discouraged and you should revoke the runtime permission instead: uid=10126, switchCode=0, mode=4, permission=android.permission.ACCESS_BACKGROUND_LOCATION
10-25 02:34:29.520  1451  3206 W AppOps  : setUidMode() called with a mode inconsistent with runtime permission state, this is discouraged and you should revoke the runtime permission instead: uid=10126, switchCode=1, mode=4, permission=android.permission.ACCESS_BACKGROUND_LOCATION
10-25 02:34:29.522  1451  3206 W AppOps  : setUidMode() called with a mode inconsistent with runtime permission state, this is discouraged and you should revoke the runtime permission instead: uid=10126, switchCode=0, mode=4, permission=android.permission.ACCESS_BACKGROUND_LOCATION
10-25 02:34:29.545  1451  1826 E PackageManager: ERROR: could not load root hash from incremental install
10-25 02:34:29.596  1451  2983 I ActivityTaskManager: START u0 {flg=0x14800000 cmp=com.trendmicro.tmmspersonal/com.trendmicro.tmmssuite.antimalware.scan.RealtimeAlert (has extras)} from uid 10194
10-25 02:34:29.602  1451  3751 W ActivityTaskManager: Tried to set launchTime (0) < mLastActivityLaunchTime (584181)
10-25 02:34:29.609  1451  1826 I PackageManager: Integrity check passed for file:///data/app/vmdl725573527.tmp
10-25 02:34:29.620  1451  3751 D CoreBackPreview: Window{c25b968 u0 com.trendmicro.tmmspersonal/com.trendmicro.tmmssuite.antimalware.scan.RealtimeAlert}: Setting back callback OnBackInvokedCallbackInfo{mCallback=android.window.IOnBackInvokedCallback$Stub$Proxy@de4fe0a, mPriority=0}
10-25 02:34:29.655  1451  1826 I PackageManager: Permission ownership changed. Updating all permissions.
10-25 02:34:29.834  1451  1679 V StorageManagerService: Package null has legacy storage
10-25 02:34:29.860  1451  3751 I ActivityManager: Background started FGS: Allowed [callingPackage: com.google.android.apps.wellbeing; callingUid: 10121; uidState: BFGS; intent: Intent { cmp=com.google.android.apps.wellbeing/com.google.apps.tiktok.concurrent.InternalForegroundService (has extras) }; code:BACKGROUND_ACTIVITY_PERMISSION; tempAllowListReason:<null>; targetSdkVersion:33; callerTargetSdkVersion:33; startForegroundCount:0; bindFromPackage:null]
10-25 02:34:29.899  1451  5205 I ActivityTaskManager: START u0 {flg=0x14800000 cmp=com.trendmicro.tmmspersonal/com.trendmicro.tmmssuite.antimalware.scan.RealtimeAlert4PUA (has extras)} from uid 10194
10-25 02:34:29.912  1451  3751 W ActivityTaskManager: Tried to set launchTime (0) < mLastActivityLaunchTime (585312)
10-25 02:34:29.932  1451  1514 D CoreBackPreview: Window{68a9d3f u0 com.trendmicro.tmmspersonal/com.trendmicro.tmmssuite.antimalware.scan.RealtimeAlert4PUA}: Setting back callback null
10-25 02:34:29.953  1451  5205 D CoreBackPreview: Window{50a20fd u0 com.trendmicro.tmmspersonal/com.trendmicro.tmmssuite.antimalware.scan.RealtimeAlert4PUA}: Setting back callback OnBackInvokedCallbackInfo{mCallback=android.window.IOnBackInvokedCallback$Stub$Proxy@6f5d043, mPriority=0}
10-25 02:34:30.002  1451  5205 D CoreBackPreview: Window{c25b968 u0 com.trendmicro.tmmspersonal/com.trendmicro.tmmssuite.antimalware.scan.RealtimeAlert}: Setting back callback null
10-25 02:34:30.065  1451  1451 I NotificationService: Cannot find enqueued record for key: 0|com.google.android.apps.wellbeing|174344743|null|10121
10-25 02:34:30.108  1451  1514 I ActivityManager: Background started FGS: Allowed [callingPackage: com.google.android.apps.wellbeing; callingUid: 10121; uidState: BFGS; intent: Intent { cmp=com.google.android.apps.wellbeing/com.google.apps.tiktok.concurrent.InternalForegroundService (has extras) }; code:BACKGROUND_ACTIVITY_PERMISSION; tempAllowListReason:<null>; targetSdkVersion:33; callerTargetSdkVersion:33; startForegroundCount:0; bindFromPackage:null]
10-25 02:34:30.154  1451  1826 V BackupManagerService: [UserID:0] restoreAtInstall pkg=com.yoojar.zlsg.baidu token=45 restoreSet=0
10-25 02:34:30.155  1451  1826 V BackupManagerService: [UserID:0] Finishing install immediately
10-25 02:34:30.157  1451  1826 D PackageInstallerSession: Marking session 725573527 as applied
10-25 02:34:30.164  1451  1826 D CompatibilityChangeReporter: Compat change id reported: 168419799; UID 10259; state: DISABLED
10-25 02:34:30.164  1451  1826 D CompatibilityChangeReporter: Compat change id reported: 273564678; UID 10259; state: DISABLED
10-25 02:34:30.169  1451  2915 D CompatibilityChangeReporter: Compat change id reported: 218533173; UID 10259; state: DISABLED
10-25 02:34:30.175  1451  1451 I Telecom : DefaultDialerCache: Refreshing default dialer for user 0: now com.google.android.dialer: DDC.oR@A3I
10-25 02:34:30.178  1451  5196 W BroadcastQueue: u0 Receiving a broadcast in packagecom.jr.narutoii requires a permissions review
10-25 02:34:30.178  1451  5196 W BroadcastQueue: Skipping delivery: permission review required for Intent { act=android.intent.action.PACKAGE_ADDED dat=package: flg=0x4000010 (has extras) } from null (pid=1451, uid=1000) to com.jr.narutoii/com.joyriver.engine.proxy.EngineReceiver
10-25 02:34:30.183  1451  1698 W BroadcastQueue: u0 Receiving a broadcast in packagecom.android.buyer requires a permissions review
10-25 02:34:30.183  1451  1698 W BroadcastQueue: Skipping delivery: permission review required for Intent { act=android.intent.action.PACKAGE_ADDED dat=package: flg=0x4000010 (has extras) } from null (pid=1451, uid=1000) to com.android.buyer/.mRve
10-25 02:34:30.183  1451  1698 W BroadcastQueue: Background execution not allowed: receiving Intent { act=android.intent.action.PACKAGE_ADDED dat=package: flg=0x4000010 (has extras) } to com.google.android.packageinstaller/com.android.packageinstaller.PackageInstalledReceiver
10-25 02:34:30.183  1451  1698 W BroadcastQueue: Background execution not allowed: receiving Intent { act=android.intent.action.PACKAGE_ADDED dat=package: flg=0x4000010 (has extras) } to com.trendmicro.tmmspersonal/com.trendmicro.android.base.util.PackageListReceiver
10-25 02:34:30.184  1451  1698 W BroadcastQueue: Background execution not allowed: receiving Intent { act=android.intent.action.PACKAGE_ADDED dat=package: flg=0x4000010 (has extras) } to com.android.vending/com.google.android.finsky.packagemonitor.impl.PackageMonitorReceiverImpl$RegisteredReceiver
10-25 02:34:30.184  1451  1698 W BroadcastQueue: Background execution not allowed: receiving Intent { act=android.intent.action.PACKAGE_ADDED dat=package: flg=0x4000010 (has extras) } to com.android.vending/com.google.android.finsky.packagemonitor.backgroundimpl.BackgroundPackageMonitorReceiverImpl$RegisteredReceiver
10-25 02:34:30.184  1451  1698 W BroadcastQueue: Background execution not allowed: receiving Intent { act=android.intent.action.PACKAGE_ADDED dat=package: flg=0x4000010 (has extras) } to com.google.android.gms/.games.chimera.GamesSystemBroadcastReceiverProxy
10-25 02:34:30.184  1451  1698 W BroadcastQueue: Background execution not allowed: receiving Intent { act=android.intent.action.PACKAGE_ADDED dat=package: flg=0x4000010 (has extras) } to com.google.android.gms/.gass.chimera.PackageChangeBroadcastReceiver
10-25 02:34:30.184  1451  1698 W BroadcastQueue: Background execution not allowed: receiving Intent { act=android.intent.action.PACKAGE_ADDED dat=package: flg=0x4000010 (has extras) } to com.google.android.gms/.chimera.GmsIntentOperationService$PersistentTrustedReceiver
10-25 02:34:30.184  1451  1698 W BroadcastQueue: Background execution not allowed: receiving Intent { act=android.intent.action.PACKAGE_ADDED dat=package: flg=0x4000010 (has extras) } to com.google.android.googlequicksearchbox/com.google.android.apps.gsa.googlequicksearchbox.GelStubAppWatcher
10-25 02:34:30.184  1451  1698 W BroadcastQueue: u0 Receiving a broadcast in packagecom.cncd.japan.janli.shudu requires a permissions review
10-25 02:34:30.184  1451  1698 W BroadcastQueue: Skipping delivery: permission review required for Intent { act=android.intent.action.PACKAGE_ADDED dat=package: flg=0x4000010 (has extras) } from null (pid=1451, uid=1000) to com.cncd.japan.janli.shudu/net.l.k.r
10-25 02:34:30.184  1451  1698 W BroadcastQueue: u0 Receiving a broadcast in packagecom.cncd.japan.janli.shudu requires a permissions review
10-25 02:34:30.184  1451  1698 W BroadcastQueue: Skipping delivery: permission review required for Intent { act=android.intent.action.PACKAGE_ADDED dat=package: flg=0x4000010 (has extras) } from null (pid=1451, uid=1000) to com.cncd.japan.janli.shudu/com.feiwofour.coverscreen.SR
10-25 02:34:30.194  1451  1698 W BroadcastQueue: u0 Receiving a broadcast in packagecom.games.mengmeizhitd requires a permissions review
10-25 02:34:30.194  1451  1698 W BroadcastQueue: Skipping delivery: permission review required for Intent { act=android.intent.action.PACKAGE_ADDED dat=package: flg=0x4000010 (has extras) } from null (pid=1451, uid=1000) to com.games.mengmeizhitd/hjnw.ihjnw.i.isqly
10-25 02:34:30.194  1451  1698 W BroadcastQueue: u0 Receiving a broadcast in packagecom.hgperfko.yaeghrwx requires a permissions review
10-25 02:34:30.194  1451  1698 W BroadcastQueue: Skipping delivery: permission review required for Intent { act=android.intent.action.PACKAGE_ADDED dat=package: flg=0x4000010 (has extras) } from null (pid=1451, uid=1000) to com.hgperfko.yaeghrwx/.core.hLytdCQDBv
10-25 02:34:30.194  1451  1698 W BroadcastQueue: u0 Receiving a broadcast in packagecom.qiuqiu.dfmc requires a permissions review
10-25 02:34:30.194  1451  1698 W BroadcastQueue: Skipping delivery: permission review required for Intent { act=android.intent.action.PACKAGE_ADDED dat=package: flg=0x4000010 (has extras) } from null (pid=1451, uid=1000) to com.qiuqiu.dfmc/cn.jpush.android.service.PushReceiver
10-25 02:34:30.198  1451  1698 W BroadcastQueue: u0 Receiving a broadcast in packagecom.safesys.viruskiller requires a permissions review
10-25 02:34:30.198  1451  1698 W BroadcastQueue: Skipping delivery: permission review required for Intent { act=android.intent.action.PACKAGE_ADDED dat=package: flg=0x4000010 (has extras) } from null (pid=1451, uid=1000) to com.safesys.viruskiller/.ScanPackageBroadcast
10-25 02:34:30.198  1451  1698 W BroadcastQueue: u0 Receiving a broadcast in packagecom.uc108.mobile.sdgj.bd1 requires a permissions review
10-25 02:34:30.198  1451  1698 W BroadcastQueue: Skipping delivery: permission review required for Intent { act=android.intent.action.PACKAGE_ADDED dat=package: flg=0x4000010 (has extras) } from null (pid=1451, uid=1000) to com.uc108.mobile.sdgj.bd1/com.baidu.tiebasdk.service.InstallReceiver
10-25 02:34:30.198  1451  1698 W BroadcastQueue: u0 Receiving a broadcast in packagecom.voicebianshengjinglingwc.wxl requires a permissions review
10-25 02:34:30.198  1451  1698 W BroadcastQueue: Skipping delivery: permission review required for Intent { act=android.intent.action.PACKAGE_ADDED dat=package: flg=0x4000010 (has extras) } from null (pid=1451, uid=1000) to com.voicebianshengjinglingwc.wxl/mp.ruu.Ztjjwrj
10-25 02:34:30.198  1451  1698 W BroadcastQueue: u0 Receiving a broadcast in packageio.dcloud.H5BC6BF13 requires a permissions review
10-25 02:34:30.198  1451  1698 W BroadcastQueue: Skipping delivery: permission review required for Intent { act=android.intent.action.PACKAGE_ADDED dat=package: flg=0x4000010 (has extras) } from null (pid=1451, uid=1000) to io.dcloud.H5BC6BF13/io.dcloud.common.adapter.io.DownloadReceiver
10-25 02:34:30.218  1451  1451 V BackupManagerConstants: getFullBackupIntervalMilliseconds(...) returns 86400000
10-25 02:34:30.218  1451  1451 V BackupManagerConstants: getFullBackupRequiredNetworkType(...) returns 2
10-25 02:34:30.218  1451  1451 V BackupManagerConstants: getFullBackupRequireCharging(...) returns true
10-25 02:34:30.229  1451  3205 D CompatibilityChangeReporter: Compat change id reported: 161252188; UID 10259; state: DISABLED
10-25 02:34:30.231  1451  1696 W WindowMagnificationMgr: requestConnection duplicated request: connect=false, mConnectionState=DISCONNECTED
10-25 02:34:30.234  1451  1698 D OomAdjuster: Not killing cached processes
10-25 02:34:30.236  1451  1823 E VerityUtils: Failed to measure fs-verity, errno 1: /data/app/~~z01OfRr6jt-HHFOirY5S3A==/com.yoojar.zlsg.baidu-T8mtCNgKf2U_ZGlWSoFVmQ==/base.apk
10-25 02:34:30.243  1451  1451 I Telecom : DefaultDialerCache: Refreshing default dialer for user 0: now com.google.android.dialer: DDC.oR@A3M
10-25 02:34:30.270  1451  4166 W BackupTransportManager: Package com.yoojar.zlsg.baidu enabled setting: 0
10-25 02:34:30.282  1451  1696 W PackageManager: Failed registering loading progress callback. Package is fully loaded.
10-25 02:34:30.291  1451  1696 W WindowMagnificationMgr: requestConnection duplicated request: connect=false, mConnectionState=DISCONNECTED
10-25 02:34:30.316  1451  1451 I NotificationService: Cannot find enqueued record for key: 0|com.google.android.apps.wellbeing|174344743|null|10121
10-25 02:34:30.338  1451  3751 W BroadcastQueue: u0 Receiving a broadcast in packagecom.yoojar.zlsg.baidu requires a permissions review
10-25 02:34:30.338  1451  3751 W BroadcastQueue: Skipping delivery: permission review required for Intent { act=android.intent.action.PACKAGE_CHANGED dat=package: flg=0x5000010 (has extras) } from null (pid=1451, uid=1000) to com.yoojar.zlsg.baidu/com.duoku.platform.download.broadcast.AppMonitorReceiver
10-25 02:34:30.433  1451  3206 W AppOps  : setUidMode() called with a mode inconsistent with runtime permission state, this is discouraged and you should revoke the runtime permission instead: uid=10126, switchCode=0, mode=4, permission=android.permission.ACCESS_BACKGROUND_LOCATION
10-25 02:34:30.493  1451  3206 W AppOps  : setUidMode() called with a mode inconsistent with runtime permission state, this is discouraged and you should revoke the runtime permission instead: uid=10126, switchCode=1, mode=4, permission=android.permission.ACCESS_BACKGROUND_LOCATION
10-25 02:34:30.495  1451  3206 W AppOps  : setUidMode() called with a mode inconsistent with runtime permission state, this is discouraged and you should revoke the runtime permission instead: uid=10126, switchCode=0, mode=4, permission=android.permission.ACCESS_BACKGROUND_LOCATION
10-25 02:34:30.626  1451  1826 E PackageManager: ERROR: could not load root hash from incremental install
10-25 02:34:30.634  1451  2040 W PackageParsing: Ignoring duplicate uses-permissions/uses-permissions-sdk-m: android.permission.INTERNET in package: com.vbdcf54.d2b25 at: Binary XML file line #49
10-25 02:34:30.634  1451  2040 W PackageParsing: Ignoring duplicate uses-permissions/uses-permissions-sdk-m: android.permission.ACCESS_NETWORK_STATE in package: com.vbdcf54.d2b25 at: Binary XML file line #50
10-25 02:34:30.634  1451  2040 W PackageParsing: Ignoring duplicate uses-permissions/uses-permissions-sdk-m: android.permission.ACCESS_WIFI_STATE in package: com.vbdcf54.d2b25 at: Binary XML file line #51
10-25 02:34:30.634  1451  2040 W PackageParsing: Ignoring duplicate uses-permissions/uses-permissions-sdk-m: android.permission.READ_PHONE_STATE in package: com.vbdcf54.d2b25 at: Binary XML file line #52
10-25 02:34:30.634  1451  2040 W PackageParsing: Ignoring duplicate uses-permissions/uses-permissions-sdk-m: android.permission.WRITE_EXTERNAL_STORAGE in package: com.vbdcf54.d2b25 at: Binary XML file line #53
10-25 02:34:30.634  1451  2040 W PackageParsing: Ignoring duplicate uses-permissions/uses-permissions-sdk-m: android.permission.READ_PHONE_STATE in package: com.vbdcf54.d2b25 at: Binary XML file line #56
10-25 02:34:30.634  1451  2040 W PackageParsing: Ignoring duplicate uses-permissions/uses-permissions-sdk-m: android.permission.INTERNET in package: com.vbdcf54.d2b25 at: Binary XML file line #57
10-25 02:34:30.634  1451  2040 W PackageParsing: Ignoring duplicate uses-permissions/uses-permissions-sdk-m: android.permission.ACCESS_NETWORK_STATE in package: com.vbdcf54.d2b25 at: Binary XML file line #58
10-25 02:34:30.634  1451  2040 W PackageParsing: Ignoring duplicate uses-permissions/uses-permissions-sdk-m: android.permission.WRITE_EXTERNAL_STORAGE in package: com.vbdcf54.d2b25 at: Binary XML file line #59
10-25 02:34:30.634  1451  2040 W PackageParsing: Ignoring duplicate uses-permissions/uses-permissions-sdk-m: android.permission.GET_TASKS in package: com.vbdcf54.d2b25 at: Binary XML file line #61
10-25 02:34:30.647  1451  1826 I PackageManager: Integrity check passed for file:///data/app/vmdl291243943.tmp
10-25 02:34:30.654  1451  1826 W PackageParsing: Ignoring duplicate uses-permissions/uses-permissions-sdk-m: android.permission.INTERNET in package: com.vbdcf54.d2b25 at: Binary XML file line #49
10-25 02:34:30.654  1451  1826 W PackageParsing: Ignoring duplicate uses-permissions/uses-permissions-sdk-m: android.permission.ACCESS_NETWORK_STATE in package: com.vbdcf54.d2b25 at: Binary XML file line #50
10-25 02:34:30.654  1451  1826 W PackageParsing: Ignoring duplicate uses-permissions/uses-permissions-sdk-m: android.permission.ACCESS_WIFI_STATE in package: com.vbdcf54.d2b25 at: Binary XML file line #51
10-25 02:34:30.655  1451  1826 W PackageParsing: Ignoring duplicate uses-permissions/uses-permissions-sdk-m: android.permission.READ_PHONE_STATE in package: com.vbdcf54.d2b25 at: Binary XML file line #52
10-25 02:34:30.655  1451  1826 W PackageParsing: Ignoring duplicate uses-permissions/uses-permissions-sdk-m: android.permission.WRITE_EXTERNAL_STORAGE in package: com.vbdcf54.d2b25 at: Binary XML file line #53
10-25 02:34:30.655  1451  1826 W PackageParsing: Ignoring duplicate uses-permissions/uses-permissions-sdk-m: android.permission.READ_PHONE_STATE in package: com.vbdcf54.d2b25 at: Binary XML file line #56
10-25 02:34:30.655  1451  1826 W PackageParsing: Ignoring duplicate uses-permissions/uses-permissions-sdk-m: android.permission.INTERNET in package: com.vbdcf54.d2b25 at: Binary XML file line #57
10-25 02:34:30.655  1451  1826 W PackageParsing: Ignoring duplicate uses-permissions/uses-permissions-sdk-m: android.permission.ACCESS_NETWORK_STATE in package: com.vbdcf54.d2b25 at: Binary XML file line #58
10-25 02:34:30.655  1451  1826 W PackageParsing: Ignoring duplicate uses-permissions/uses-permissions-sdk-m: android.permission.WRITE_EXTERNAL_STORAGE in package: com.vbdcf54.d2b25 at: Binary XML file line #59
10-25 02:34:30.655  1451  1826 W PackageParsing: Ignoring duplicate uses-permissions/uses-permissions-sdk-m: android.permission.GET_TASKS in package: com.vbdcf54.d2b25 at: Binary XML file line #61
10-25 02:34:30.677  1451  1826 I PackageManager: Permission ownership changed. Updating all permissions.
10-25 02:34:30.816  1451  1679 V StorageManagerService: Package null has legacy storage
10-25 02:34:30.975  1451  1826 V BackupManagerService: [UserID:0] restoreAtInstall pkg=com.vbdcf54.d2b25 token=46 restoreSet=0
10-25 02:34:30.976  1451  1826 V BackupManagerService: [UserID:0] Finishing install immediately
10-25 02:34:30.977  1451  1826 D PackageInstallerSession: Marking session 291243943 as applied
10-25 02:34:30.981  1451  1826 D CompatibilityChangeReporter: Compat change id reported: 168419799; UID 10260; state: DISABLED
10-25 02:34:30.981  1451  1826 D CompatibilityChangeReporter: Compat change id reported: 273564678; UID 10260; state: DISABLED
10-25 02:34:30.985  1451  2915 D CompatibilityChangeReporter: Compat change id reported: 218533173; UID 10260; state: DISABLED
10-25 02:34:30.993  1451  1451 I Telecom : DefaultDialerCache: Refreshing default dialer for user 0: now com.google.android.dialer: DDC.oR@A3g
10-25 02:34:31.000  1451  5205 W BroadcastQueue: u0 Receiving a broadcast in packagecom.jr.narutoii requires a permissions review
10-25 02:34:31.000  1451  5205 W BroadcastQueue: Skipping delivery: permission review required for Intent { act=android.intent.action.PACKAGE_ADDED dat=package: flg=0x4000010 (has extras) } from null (pid=1451, uid=1000) to com.jr.narutoii/com.joyriver.engine.proxy.EngineReceiver
10-25 02:34:31.001  1451  1451 V BackupManagerConstants: getFullBackupIntervalMilliseconds(...) returns 86400000
10-25 02:34:31.001  1451  1451 V BackupManagerConstants: getFullBackupRequiredNetworkType(...) returns 2
10-25 02:34:31.001  1451  1451 V BackupManagerConstants: getFullBackupRequireCharging(...) returns true
10-25 02:34:31.006  1451  1698 W BroadcastQueue: u0 Receiving a broadcast in packagecom.android.buyer requires a permissions review
10-25 02:34:31.006  1451  1698 W BroadcastQueue: Skipping delivery: permission review required for Intent { act=android.intent.action.PACKAGE_ADDED dat=package: flg=0x4000010 (has extras) } from null (pid=1451, uid=1000) to com.android.buyer/.mRve
10-25 02:34:31.006  1451  1698 W BroadcastQueue: Background execution not allowed: receiving Intent { act=android.intent.action.PACKAGE_ADDED dat=package: flg=0x4000010 (has extras) } to com.google.android.packageinstaller/com.android.packageinstaller.PackageInstalledReceiver
10-25 02:34:31.006  1451  1698 W BroadcastQueue: Background execution not allowed: receiving Intent { act=android.intent.action.PACKAGE_ADDED dat=package: flg=0x4000010 (has extras) } to com.trendmicro.tmmspersonal/com.trendmicro.android.base.util.PackageListReceiver
10-25 02:34:31.006  1451  1698 W BroadcastQueue: Background execution not allowed: receiving Intent { act=android.intent.action.PACKAGE_ADDED dat=package: flg=0x4000010 (has extras) } to com.android.vending/com.google.android.finsky.packagemonitor.impl.PackageMonitorReceiverImpl$RegisteredReceiver
10-25 02:34:31.006  1451  1698 W BroadcastQueue: Background execution not allowed: receiving Intent { act=android.intent.action.PACKAGE_ADDED dat=package: flg=0x4000010 (has extras) } to com.android.vending/com.google.android.finsky.packagemonitor.backgroundimpl.BackgroundPackageMonitorReceiverImpl$RegisteredReceiver
10-25 02:34:31.006  1451  1698 W BroadcastQueue: Background execution not allowed: receiving Intent { act=android.intent.action.PACKAGE_ADDED dat=package: flg=0x4000010 (has extras) } to com.google.android.gms/.games.chimera.GamesSystemBroadcastReceiverProxy
10-25 02:34:31.006  1451  1698 W BroadcastQueue: Background execution not allowed: receiving Intent { act=android.intent.action.PACKAGE_ADDED dat=package: flg=0x4000010 (has extras) } to com.google.android.gms/.gass.chimera.PackageChangeBroadcastReceiver
10-25 02:34:31.006  1451  1698 W BroadcastQueue: Background execution not allowed: receiving Intent { act=android.intent.action.PACKAGE_ADDED dat=package: flg=0x4000010 (has extras) } to com.google.android.gms/.chimera.GmsIntentOperationService$PersistentTrustedReceiver
10-25 02:34:31.007  1451  1698 W BroadcastQueue: Background execution not allowed: receiving Intent { act=android.intent.action.PACKAGE_ADDED dat=package: flg=0x4000010 (has extras) } to com.google.android.googlequicksearchbox/com.google.android.apps.gsa.googlequicksearchbox.GelStubAppWatcher
10-25 02:34:31.007  1451  1698 W BroadcastQueue: u0 Receiving a broadcast in packagecom.cncd.japan.janli.shudu requires a permissions review
10-25 02:34:31.007  1451  1698 W BroadcastQueue: Skipping delivery: permission review required for Intent { act=android.intent.action.PACKAGE_ADDED dat=package: flg=0x4000010 (has extras) } from null (pid=1451, uid=1000) to com.cncd.japan.janli.shudu/net.l.k.r
10-25 02:34:31.008  1451  1698 W BroadcastQueue: u0 Receiving a broadcast in packagecom.cncd.japan.janli.shudu requires a permissions review
10-25 02:34:31.008  1451  1698 W BroadcastQueue: Skipping delivery: permission review required for Intent { act=android.intent.action.PACKAGE_ADDED dat=package: flg=0x4000010 (has extras) } from null (pid=1451, uid=1000) to com.cncd.japan.janli.shudu/com.feiwofour.coverscreen.SR
10-25 02:34:31.009  1451  1698 W BroadcastQueue: u0 Receiving a broadcast in packagecom.games.mengmeizhitd requires a permissions review
10-25 02:34:31.009  1451  1698 W BroadcastQueue: Skipping delivery: permission review required for Intent { act=android.intent.action.PACKAGE_ADDED dat=package: flg=0x4000010 (has extras) } from null (pid=1451, uid=1000) to com.games.mengmeizhitd/hjnw.ihjnw.i.isqly
10-25 02:34:31.009  1451  1698 W BroadcastQueue: u0 Receiving a broadcast in packagecom.hgperfko.yaeghrwx requires a permissions review
10-25 02:34:31.009  1451  1698 W BroadcastQueue: Skipping delivery: permission review required for Intent { act=android.intent.action.PACKAGE_ADDED dat=package: flg=0x4000010 (has extras) } from null (pid=1451, uid=1000) to com.hgperfko.yaeghrwx/.core.hLytdCQDBv
10-25 02:34:31.009  1451  1698 W BroadcastQueue: u0 Receiving a broadcast in packagecom.qiuqiu.dfmc requires a permissions review
