10-25 01:14:36.710  1446  1446 V BackupManagerConstants: getFullBackupRequireCharging(...) returns true
10-25 01:14:36.714  1446  1678 D AppWidgetServiceImpl: Provider info from ComponentInfo{com.tobyyaa.superbattery/com.tobyyaa.superbattery.ShowWidget} won't be persisted.
10-25 01:14:36.723  1446  1446 I Telecom : DefaultDialerCache: Refreshing default dialer for user 0: now com.google.android.dialer: DDC.oR@Avg
10-25 01:14:36.724  1446  4175 W BackupTransportManager: Package com.tobyyaa.superbattery enabled setting: 0
10-25 01:14:36.741  1446  1678 W PackageManager: Failed registering loading progress callback. Package is fully loaded.
10-25 01:14:36.751  1446  1678 W WindowMagnificationMgr: requestConnection duplicated request: connect=false, mConnectionState=DISCONNECTED
10-25 01:14:36.756  1446  1793 E VerityUtils: Failed to measure fs-verity, errno 1: /data/app/~~_hdKPP4UNkniP3Jxc_7cyQ==/com.tobyyaa.superbattery-ZGuPqSck_VJn4TDyrLZ4KA==/base.apk
10-25 01:14:36.764  1446  4033 D CompatibilityChangeReporter: Compat change id reported: 161252188; UID 10222; state: DISABLED
10-25 01:14:36.915  1446  5620 W AppOps  : setUidMode() called with a mode inconsistent with runtime permission state, this is discouraged and you should revoke the runtime permission instead: uid=10126, switchCode=0, mode=4, permission=android.permission.ACCESS_BACKGROUND_LOCATION
10-25 01:14:36.944  1446  1797 E PackageManager: ERROR: could not load root hash from incremental install
10-25 01:14:36.959  1446  2049 W PackageParsing: Ignoring duplicate uses-permissions/uses-permissions-sdk-m:  in package: com.i6c9eafaae9cd0a13 at: Binary XML file line #14
10-25 01:14:36.959  1446  2049 W PackageParsing: Ignoring duplicate uses-permissions/uses-permissions-sdk-m:  in package: com.i6c9eafaae9cd0a13 at: Binary XML file line #15
10-25 01:14:36.959  1446  2049 W PackageParsing: Ignoring duplicate uses-permissions/uses-permissions-sdk-m:  in package: com.i6c9eafaae9cd0a13 at: Binary XML file line #16
10-25 01:14:36.959  1446  2049 W PackageParsing: Ignoring duplicate uses-permissions/uses-permissions-sdk-m:  in package: com.i6c9eafaae9cd0a13 at: Binary XML file line #19
10-25 01:14:36.959  1446  2049 W PackageParsing: Ignoring duplicate uses-permissions/uses-permissions-sdk-m:  in package: com.i6c9eafaae9cd0a13 at: Binary XML file line #20
10-25 01:14:36.960  1446  2049 W PackageParsing: Ignoring duplicate uses-permissions/uses-permissions-sdk-m:  in package: com.i6c9eafaae9cd0a13 at: Binary XML file line #22
10-25 01:14:36.960  1446  2049 W PackageParsing: Ignoring duplicate uses-permissions/uses-permissions-sdk-m:  in package: com.i6c9eafaae9cd0a13 at: Binary XML file line #27
10-25 01:14:36.971  1446  4239 I ActivityManager: Background started FGS: Allowed [callingPackage: com.google.android.apps.wellbeing; callingUid: 10123; uidState: BFGS; intent: Intent { cmp=com.google.android.apps.wellbeing/com.google.apps.tiktok.concurrent.InternalForegroundService (has extras) }; code:BACKGROUND_ACTIVITY_PERMISSION; tempAllowListReason:<null>; targetSdkVersion:33; callerTargetSdkVersion:33; startForegroundCount:0; bindFromPackage:null]
10-25 01:14:36.987  1446  1797 I PackageManager: Integrity check passed for file:///data/app/vmdl714115252.tmp
10-25 01:14:37.001  1446  1797 W PackageParsing: Ignoring duplicate uses-permissions/uses-permissions-sdk-m:  in package: com.i6c9eafaae9cd0a13 at: Binary XML file line #14
10-25 01:14:37.001  1446  1797 W PackageParsing: Ignoring duplicate uses-permissions/uses-permissions-sdk-m:  in package: com.i6c9eafaae9cd0a13 at: Binary XML file line #15
10-25 01:14:37.001  1446  1797 W PackageParsing: Ignoring duplicate uses-permissions/uses-permissions-sdk-m:  in package: com.i6c9eafaae9cd0a13 at: Binary XML file line #16
10-25 01:14:37.001  1446  1797 W PackageParsing: Ignoring duplicate uses-permissions/uses-permissions-sdk-m:  in package: com.i6c9eafaae9cd0a13 at: Binary XML file line #19
10-25 01:14:37.001  1446  1797 W PackageParsing: Ignoring duplicate uses-permissions/uses-permissions-sdk-m:  in package: com.i6c9eafaae9cd0a13 at: Binary XML file line #20
10-25 01:14:37.001  1446  1797 W PackageParsing: Ignoring duplicate uses-permissions/uses-permissions-sdk-m:  in package: com.i6c9eafaae9cd0a13 at: Binary XML file line #22
10-25 01:14:37.001  1446  1797 W PackageParsing: Ignoring duplicate uses-permissions/uses-permissions-sdk-m:  in package: com.i6c9eafaae9cd0a13 at: Binary XML file line #27
10-25 01:14:37.077  1446  1665 V StorageManagerService: Package null has legacy storage
10-25 01:14:37.104  1446  5619 W AppOps  : setUidMode() called with a mode inconsistent with runtime permission state, this is discouraged and you should revoke the runtime permission instead: uid=10126, switchCode=1, mode=4, permission=android.permission.ACCESS_BACKGROUND_LOCATION
10-25 01:14:37.107  1446  5619 W AppOps  : setUidMode() called with a mode inconsistent with runtime permission state, this is discouraged and you should revoke the runtime permission instead: uid=10126, switchCode=0, mode=4, permission=android.permission.ACCESS_BACKGROUND_LOCATION
10-25 01:14:37.185  1446  1446 I NotificationService: Cannot find enqueued record for key: 0|com.google.android.apps.wellbeing|174344743|null|10123
10-25 01:14:37.249  1446  5619 I ActivityManager: Background started FGS: Allowed [callingPackage: com.google.android.apps.wellbeing; callingUid: 10123; uidState: BFGS; intent: Intent { cmp=com.google.android.apps.wellbeing/com.google.apps.tiktok.concurrent.InternalForegroundService (has extras) }; code:BACKGROUND_ACTIVITY_PERMISSION; tempAllowListReason:<null>; targetSdkVersion:33; callerTargetSdkVersion:33; startForegroundCount:0; bindFromPackage:null]
10-25 01:14:37.362  1446  1797 V BackupManagerService: [UserID:0] restoreAtInstall pkg=com.i6c9eafaae9cd0a13 token=21 restoreSet=0
10-25 01:14:37.363  1446  1797 V BackupManagerService: [UserID:0] Finishing install immediately
10-25 01:14:37.364  1446  1797 D PackageInstallerSession: Marking session 714115252 as applied
10-25 01:14:37.367  1446  1679 D OomAdjuster: Not killing cached processes
10-25 01:14:37.369  1446  1797 D CompatibilityChangeReporter: Compat change id reported: 168419799; UID 10223; state: DISABLED
10-25 01:14:37.369  1446  1797 D CompatibilityChangeReporter: Compat change id reported: 273564678; UID 10223; state: DISABLED
10-25 01:14:37.372  1446  2951 W BroadcastQueue: u0 Receiving a broadcast in packagecom.android.buyer requires a permissions review
10-25 01:14:37.372  1446  2951 W BroadcastQueue: Skipping delivery: permission review required for Intent { act=android.intent.action.PACKAGE_ADDED dat=package: flg=0x4000010 (has extras) } from null (pid=1446, uid=1000) to com.android.buyer/.mRve
10-25 01:14:37.374  1446  1679 W BroadcastQueue: Background execution not allowed: receiving Intent { act=android.intent.action.PACKAGE_ADDED dat=package: flg=0x4000010 (has extras) } to com.google.android.packageinstaller/com.android.packageinstaller.PackageInstalledReceiver
10-25 01:14:37.374  1446  1679 W BroadcastQueue: Background execution not allowed: receiving Intent { act=android.intent.action.PACKAGE_ADDED dat=package: flg=0x4000010 (has extras) } to com.android.vending/com.google.android.finsky.packagemonitor.impl.PackageMonitorReceiverImpl$RegisteredReceiver
10-25 01:14:37.374  1446  1679 W BroadcastQueue: Background execution not allowed: receiving Intent { act=android.intent.action.PACKAGE_ADDED dat=package: flg=0x4000010 (has extras) } to com.android.vending/com.google.android.finsky.packagemonitor.backgroundimpl.BackgroundPackageMonitorReceiverImpl$RegisteredReceiver
10-25 01:14:37.374  1446  1679 W BroadcastQueue: Background execution not allowed: receiving Intent { act=android.intent.action.PACKAGE_ADDED dat=package: flg=0x4000010 (has extras) } to com.google.android.gms/.games.chimera.GamesSystemBroadcastReceiverProxy
10-25 01:14:37.374  1446  1679 W BroadcastQueue: Background execution not allowed: receiving Intent { act=android.intent.action.PACKAGE_ADDED dat=package: flg=0x4000010 (has extras) } to com.google.android.gms/.gass.chimera.PackageChangeBroadcastReceiver
10-25 01:14:37.374  1446  1679 W BroadcastQueue: Background execution not allowed: receiving Intent { act=android.intent.action.PACKAGE_ADDED dat=package: flg=0x4000010 (has extras) } to com.google.android.gms/.chimera.GmsIntentOperationService$PersistentTrustedReceiver
10-25 01:14:37.375  1446  1679 W BroadcastQueue: Background execution not allowed: receiving Intent { act=android.intent.action.PACKAGE_ADDED dat=package: flg=0x4000010 (has extras) } to com.google.android.googlequicksearchbox/com.google.android.apps.gsa.googlequicksearchbox.GelStubAppWatcher
10-25 01:14:37.375  1446  1679 W BroadcastQueue: u0 Receiving a broadcast in packagecom.qiuqiu.dfmc requires a permissions review
10-25 01:14:37.375  1446  1679 W BroadcastQueue: Skipping delivery: permission review required for Intent { act=android.intent.action.PACKAGE_ADDED dat=package: flg=0x4000010 (has extras) } from null (pid=1446, uid=1000) to com.qiuqiu.dfmc/cn.jpush.android.service.PushReceiver
10-25 01:14:37.375  1446  1679 W BroadcastQueue: u0 Receiving a broadcast in packagecom.safesys.viruskiller requires a permissions review
10-25 01:14:37.375  1446  1679 W BroadcastQueue: Skipping delivery: permission review required for Intent { act=android.intent.action.PACKAGE_ADDED dat=package: flg=0x4000010 (has extras) } from null (pid=1446, uid=1000) to com.safesys.viruskiller/.ScanPackageBroadcast
10-25 01:14:37.375  1446  1446 I Telecom : DefaultDialerCache: Refreshing default dialer for user 0: now com.google.android.dialer: DDC.oR@Av0
10-25 01:14:37.380  1446  2929 D CompatibilityChangeReporter: Compat change id reported: 218533173; UID 10223; state: DISABLED
10-25 01:14:37.420  1446  1678 W WindowMagnificationMgr: requestConnection duplicated request: connect=false, mConnectionState=DISCONNECTED
10-25 01:14:37.424  1446  1446 I Telecom : DefaultDialerCache: Refreshing default dialer for user 0: now com.google.android.dialer: DDC.oR@Av4
10-25 01:14:37.428  1446  1793 E VerityUtils: Failed to measure fs-verity, errno 1: /data/app/~~WrqgUT8BymSLbkImupwR_g==/com.i6c9eafaae9cd0a13-8QvNR9jWoioElMwiwQIY5Q==/base.apk
10-25 01:14:37.454  1446  1997 D CompatibilityChangeReporter: Compat change id reported: 161252188; UID 10223; state: DISABLED
10-25 01:14:37.454  1446  4175 W BackupTransportManager: Package com.i6c9eafaae9cd0a13 enabled setting: 0
10-25 01:14:37.457  1446  1446 I NotificationService: Cannot find enqueued record for key: 0|com.google.android.apps.wellbeing|174344743|null|10123
10-25 01:14:37.472  1446  1678 W PackageManager: Failed registering loading progress callback. Package is fully loaded.
10-25 01:14:37.479  1446  1678 W WindowMagnificationMgr: requestConnection duplicated request: connect=false, mConnectionState=DISCONNECTED
10-25 01:14:37.555  1446  1797 E PackageManager: ERROR: could not load root hash from incremental install
10-25 01:14:37.585  1446  1797 I PackageManager: Integrity check passed for file:///data/app/vmdl90584990.tmp
10-25 01:14:37.746  1446  1665 V StorageManagerService: Package null has legacy storage
10-25 01:14:37.829  1446  3221 W AppOps  : setUidMode() called with a mode inconsistent with runtime permission state, this is discouraged and you should revoke the runtime permission instead: uid=10126, switchCode=0, mode=4, permission=android.permission.ACCESS_BACKGROUND_LOCATION
10-25 01:14:37.868  1446  1797 V BackupManagerService: [UserID:0] restoreAtInstall pkg=com.keji.danti424 token=22 restoreSet=0
10-25 01:14:37.869  1446  1797 V BackupManagerService: [UserID:0] Finishing install immediately
10-25 01:14:37.870  1446  1797 D PackageInstallerSession: Marking session 90584990 as applied
10-25 01:14:37.875  1446  1797 D CompatibilityChangeReporter: Compat change id reported: 168419799; UID 10224; state: DISABLED
10-25 01:14:37.875  1446  1797 D CompatibilityChangeReporter: Compat change id reported: 273564678; UID 10224; state: DISABLED
10-25 01:14:37.881  1446  1446 I Telecom : DefaultDialerCache: Refreshing default dialer for user 0: now com.google.android.dialer: DDC.oR@AwM
10-25 01:14:37.883  1446  1446 V BackupManagerConstants: getFullBackupIntervalMilliseconds(...) returns 86400000
10-25 01:14:37.883  1446  1446 V BackupManagerConstants: getFullBackupRequiredNetworkType(...) returns 2
10-25 01:14:37.883  1446  1446 V BackupManagerConstants: getFullBackupRequireCharging(...) returns true
10-25 01:14:37.884  1446  2929 D CompatibilityChangeReporter: Compat change id reported: 218533173; UID 10224; state: DISABLED
10-25 01:14:37.887  1446  4239 W BroadcastQueue: u0 Receiving a broadcast in packagecom.android.buyer requires a permissions review
10-25 01:14:37.887  1446  4239 W BroadcastQueue: Skipping delivery: permission review required for Intent { act=android.intent.action.PACKAGE_ADDED dat=package: flg=0x4000010 (has extras) } from null (pid=1446, uid=1000) to com.android.buyer/.mRve
10-25 01:14:37.893  1446  1679 W BroadcastQueue: Background execution not allowed: receiving Intent { act=android.intent.action.PACKAGE_ADDED dat=package: flg=0x4000010 (has extras) } to com.google.android.packageinstaller/com.android.packageinstaller.PackageInstalledReceiver
10-25 01:14:37.917  1446  1446 I Telecom : DefaultDialerCache: Refreshing default dialer for user 0: now com.google.android.dialer: DDC.oR@AwQ
10-25 01:14:37.917  1446  4175 W BackupTransportManager: Package com.keji.danti424 enabled setting: 0
10-25 01:14:37.918  1446  1678 W WindowMagnificationMgr: requestConnection duplicated request: connect=false, mConnectionState=DISCONNECTED
10-25 01:14:37.929  1446  1679 W BroadcastQueue: Background execution not allowed: receiving Intent { act=android.intent.action.PACKAGE_ADDED dat=package: flg=0x4000010 (has extras) } to com.android.vending/com.google.android.finsky.packagemonitor.impl.PackageMonitorReceiverImpl$RegisteredReceiver
10-25 01:14:37.949  1446  4239 D CompatibilityChangeReporter: Compat change id reported: 161252188; UID 10224; state: DISABLED
10-25 01:14:37.950  1446  1793 E VerityUtils: Failed to measure fs-verity, errno 1: /data/app/~~XsGEkRfLv_bdm7emXF6mZA==/com.keji.danti424-ANKe8LWiOewVlua9iHp0Uw==/base.apk
10-25 01:14:37.979  1446  1797 E PackageManager: ERROR: could not load root hash from incremental install
10-25 01:14:37.980  1446  1679 W BroadcastQueue: Background execution not allowed: receiving Intent { act=android.intent.action.PACKAGE_ADDED dat=package: flg=0x4000010 (has extras) } to com.android.vending/com.google.android.finsky.packagemonitor.backgroundimpl.BackgroundPackageMonitorReceiverImpl$RegisteredReceiver
10-25 01:14:37.991  1446  1678 W PackageManager: Failed registering loading progress callback. Package is fully loaded.
10-25 01:14:37.993  1446  1679 W BroadcastQueue: Background execution not allowed: receiving Intent { act=android.intent.action.PACKAGE_ADDED dat=package: flg=0x4000010 (has extras) } to com.google.android.gms/.games.chimera.GamesSystemBroadcastReceiverProxy
10-25 01:14:38.001  1446  1678 W WindowMagnificationMgr: requestConnection duplicated request: connect=false, mConnectionState=DISCONNECTED
10-25 01:14:38.004  1446  1679 W BroadcastQueue: Background execution not allowed: receiving Intent { act=android.intent.action.PACKAGE_ADDED dat=package: flg=0x4000010 (has extras) } to com.google.android.gms/.gass.chimera.PackageChangeBroadcastReceiver
10-25 01:14:38.004  1446  1679 W BroadcastQueue: Background execution not allowed: receiving Intent { act=android.intent.action.PACKAGE_ADDED dat=package: flg=0x4000010 (has extras) } to com.google.android.gms/.chimera.GmsIntentOperationService$PersistentTrustedReceiver
10-25 01:14:38.004  1446  1679 W BroadcastQueue: Background execution not allowed: receiving Intent { act=android.intent.action.PACKAGE_ADDED dat=package: flg=0x4000010 (has extras) } to com.google.android.googlequicksearchbox/com.google.android.apps.gsa.googlequicksearchbox.GelStubAppWatcher
10-25 01:14:38.004  1446  1679 W BroadcastQueue: u0 Receiving a broadcast in packagecom.qiuqiu.dfmc requires a permissions review
10-25 01:14:38.004  1446  1679 W BroadcastQueue: Skipping delivery: permission review required for Intent { act=android.intent.action.PACKAGE_ADDED dat=package: flg=0x4000010 (has extras) } from null (pid=1446, uid=1000) to com.qiuqiu.dfmc/cn.jpush.android.service.PushReceiver
10-25 01:14:38.004  1446  1679 W BroadcastQueue: u0 Receiving a broadcast in packagecom.safesys.viruskiller requires a permissions review
10-25 01:14:38.005  1446  1679 W BroadcastQueue: Skipping delivery: permission review required for Intent { act=android.intent.action.PACKAGE_ADDED dat=package: flg=0x4000010 (has extras) } from null (pid=1446, uid=1000) to com.safesys.viruskiller/.ScanPackageBroadcast
10-25 01:14:38.011  1446  3360 W AppOps  : setUidMode() called with a mode inconsistent with runtime permission state, this is discouraged and you should revoke the runtime permission instead: uid=10126, switchCode=1, mode=4, permission=android.permission.ACCESS_BACKGROUND_LOCATION
10-25 01:14:38.031  1446  5613 W AppOps  : setUidMode() called with a mode inconsistent with runtime permission state, this is discouraged and you should revoke the runtime permission instead: uid=10126, switchCode=0, mode=4, permission=android.permission.ACCESS_BACKGROUND_LOCATION
10-25 01:14:38.032  1446  1797 I PackageManager: Integrity check passed for file:///data/app/vmdl1262322492.tmp
10-25 01:14:38.246  1446  1665 V StorageManagerService: Package null has legacy storage
10-25 01:14:38.357  1446  5613 I ActivityManager: Background started FGS: Allowed [callingPackage: com.google.android.apps.wellbeing; callingUid: 10123; uidState: BFGS; intent: Intent { cmp=com.google.android.apps.wellbeing/com.google.apps.tiktok.concurrent.InternalForegroundService (has extras) }; code:BACKGROUND_ACTIVITY_PERMISSION; tempAllowListReason:<null>; targetSdkVersion:33; callerTargetSdkVersion:33; startForegroundCount:0; bindFromPackage:null]
10-25 01:14:38.379  1446  1797 V BackupManagerService: [UserID:0] restoreAtInstall pkg=com.keji.danti672 token=23 restoreSet=0
10-25 01:14:38.380  1446  1797 V BackupManagerService: [UserID:0] Finishing install immediately
10-25 01:14:38.381  1446  1797 D PackageInstallerSession: Marking session 1262322492 as applied
10-25 01:14:38.387  1446  1797 D CompatibilityChangeReporter: Compat change id reported: 168419799; UID 10225; state: DISABLED
10-25 01:14:38.387  1446  1797 D CompatibilityChangeReporter: Compat change id reported: 273564678; UID 10225; state: DISABLED
10-25 01:14:38.391  1446  2929 D CompatibilityChangeReporter: Compat change id reported: 218533173; UID 10225; state: DISABLED
10-25 01:14:38.396  1446  1446 I Telecom : DefaultDialerCache: Refreshing default dialer for user 0: now com.google.android.dialer: DDC.oR@Awc
10-25 01:14:38.400  1446  2998 W BroadcastQueue: u0 Receiving a broadcast in packagecom.android.buyer requires a permissions review
10-25 01:14:38.400  1446  2998 W BroadcastQueue: Skipping delivery: permission review required for Intent { act=android.intent.action.PACKAGE_ADDED dat=package: flg=0x4000010 (has extras) } from null (pid=1446, uid=1000) to com.android.buyer/.mRve
10-25 01:14:38.406  1446  1679 W BroadcastQueue: Background execution not allowed: receiving Intent { act=android.intent.action.PACKAGE_ADDED dat=package: flg=0x4000010 (has extras) } to com.google.android.packageinstaller/com.android.packageinstaller.PackageInstalledReceiver
10-25 01:14:38.407  1446  1679 W BroadcastQueue: Background execution not allowed: receiving Intent { act=android.intent.action.PACKAGE_ADDED dat=package: flg=0x4000010 (has extras) } to com.android.vending/com.google.android.finsky.packagemonitor.impl.PackageMonitorReceiverImpl$RegisteredReceiver
10-25 01:14:38.407  1446  1679 W BroadcastQueue: Background execution not allowed: receiving Intent { act=android.intent.action.PACKAGE_ADDED dat=package: flg=0x4000010 (has extras) } to com.android.vending/com.google.android.finsky.packagemonitor.backgroundimpl.BackgroundPackageMonitorReceiverImpl$RegisteredReceiver
10-25 01:14:38.407  1446  1679 W BroadcastQueue: Background execution not allowed: receiving Intent { act=android.intent.action.PACKAGE_ADDED dat=package: flg=0x4000010 (has extras) } to com.google.android.gms/.games.chimera.GamesSystemBroadcastReceiverProxy
10-25 01:14:38.407  1446  1679 W BroadcastQueue: Background execution not allowed: receiving Intent { act=android.intent.action.PACKAGE_ADDED dat=package: flg=0x4000010 (has extras) } to com.google.android.gms/.gass.chimera.PackageChangeBroadcastReceiver
10-25 01:14:38.407  1446  1679 W BroadcastQueue: Background execution not allowed: receiving Intent { act=android.intent.action.PACKAGE_ADDED dat=package: flg=0x4000010 (has extras) } to com.google.android.gms/.chimera.GmsIntentOperationService$PersistentTrustedReceiver
10-25 01:14:38.407  1446  1679 W BroadcastQueue: Background execution not allowed: receiving Intent { act=android.intent.action.PACKAGE_ADDED dat=package: flg=0x4000010 (has extras) } to com.google.android.googlequicksearchbox/com.google.android.apps.gsa.googlequicksearchbox.GelStubAppWatcher
10-25 01:14:38.407  1446  1679 W BroadcastQueue: u0 Receiving a broadcast in packagecom.qiuqiu.dfmc requires a permissions review
10-25 01:14:38.407  1446  1679 W BroadcastQueue: Skipping delivery: permission review required for Intent { act=android.intent.action.PACKAGE_ADDED dat=package: flg=0x4000010 (has extras) } from null (pid=1446, uid=1000) to com.qiuqiu.dfmc/cn.jpush.android.service.PushReceiver
10-25 01:14:38.407  1446  1446 V BackupManagerConstants: getFullBackupIntervalMilliseconds(...) returns 86400000
10-25 01:14:38.407  1446  1446 V BackupManagerConstants: getFullBackupRequiredNetworkType(...) returns 2
10-25 01:14:38.407  1446  1679 W BroadcastQueue: u0 Receiving a broadcast in packagecom.safesys.viruskiller requires a permissions review
10-25 01:14:38.407  1446  1679 W BroadcastQueue: Skipping delivery: permission review required for Intent { act=android.intent.action.PACKAGE_ADDED dat=package: flg=0x4000010 (has extras) } from null (pid=1446, uid=1000) to com.safesys.viruskiller/.ScanPackageBroadcast
10-25 01:14:38.407  1446  1446 V BackupManagerConstants: getFullBackupRequireCharging(...) returns true
10-25 01:14:38.419  1446  1678 W WindowMagnificationMgr: requestConnection duplicated request: connect=false, mConnectionState=DISCONNECTED
10-25 01:14:38.420  1446  1793 E VerityUtils: Failed to measure fs-verity, errno 1: /data/app/~~nOWG7I12CY5QixBHziH-fQ==/com.keji.danti672-QdNUoLI135PwSFEifybvEw==/base.apk
10-25 01:14:38.440  1446  5619 D CompatibilityChangeReporter: Compat change id reported: 161252188; UID 10225; state: DISABLED
10-25 01:14:38.466  1446  1678 W PackageManager: Failed registering loading progress callback. Package is fully loaded.
10-25 01:14:38.473  1446  1446 I Telecom : DefaultDialerCache: Refreshing default dialer for user 0: now com.google.android.dialer: DDC.oR@Awo
10-25 01:14:38.474  1446  4175 W BackupTransportManager: Package com.keji.danti672 enabled setting: 0
10-25 01:14:38.476  1446  1678 W WindowMagnificationMgr: requestConnection duplicated request: connect=false, mConnectionState=DISCONNECTED
10-25 01:14:38.522  1446  1797 E PackageManager: ERROR: could not load root hash from incremental install
10-25 01:14:38.541  1446  1797 I PackageManager: Integrity check passed for file:///data/app/vmdl462114168.tmp
10-25 01:14:38.562  1446  1446 I NotificationService: Cannot find enqueued record for key: 0|com.google.android.apps.wellbeing|174344743|null|10123
10-25 01:14:38.668  1446  1665 V StorageManagerService: Package null has legacy storage
10-25 01:14:38.806  1446  1797 V BackupManagerService: [UserID:0] restoreAtInstall pkg=android.dds.com token=24 restoreSet=0
10-25 01:14:38.807  1446  1797 V BackupManagerService: [UserID:0] Finishing install immediately
10-25 01:14:38.808  1446  1797 D PackageInstallerSession: Marking session 462114168 as applied
10-25 01:14:38.816  1446  1797 D CompatibilityChangeReporter: Compat change id reported: 168419799; UID 10226; state: DISABLED
10-25 01:14:38.816  1446  1797 D CompatibilityChangeReporter: Compat change id reported: 273564678; UID 10226; state: DISABLED
10-25 01:14:38.824  1446  2929 D CompatibilityChangeReporter: Compat change id reported: 218533173; UID 10226; state: DISABLED
10-25 01:14:38.829  1446  1446 I Telecom : DefaultDialerCache: Refreshing default dialer for user 0: now com.google.android.dialer: DDC.oR@Aw0
10-25 01:14:38.830  1446  1679 W BroadcastQueue: u0 Receiving a broadcast in packagecom.android.buyer requires a permissions review
10-25 01:14:38.830  1446  1679 W BroadcastQueue: Skipping delivery: permission review required for Intent { act=android.intent.action.PACKAGE_ADDED dat=package: flg=0x4000010 (has extras) } from null (pid=1446, uid=1000) to com.android.buyer/.mRve
10-25 01:14:38.830  1446  1679 W BroadcastQueue: Background execution not allowed: receiving Intent { act=android.intent.action.PACKAGE_ADDED dat=package: flg=0x4000010 (has extras) } to com.google.android.packageinstaller/com.android.packageinstaller.PackageInstalledReceiver
10-25 01:14:38.830  1446  1679 W BroadcastQueue: Background execution not allowed: receiving Intent { act=android.intent.action.PACKAGE_ADDED dat=package: flg=0x4000010 (has extras) } to com.android.vending/com.google.android.finsky.packagemonitor.impl.PackageMonitorReceiverImpl$RegisteredReceiver
10-25 01:14:38.831  1446  1679 W BroadcastQueue: Background execution not allowed: receiving Intent { act=android.intent.action.PACKAGE_ADDED dat=package: flg=0x4000010 (has extras) } to com.android.vending/com.google.android.finsky.packagemonitor.backgroundimpl.BackgroundPackageMonitorReceiverImpl$RegisteredReceiver
10-25 01:14:38.835  1446  1446 V BackupManagerConstants: getFullBackupIntervalMilliseconds(...) returns 86400000
10-25 01:14:38.835  1446  1446 V BackupManagerConstants: getFullBackupRequiredNetworkType(...) returns 2
10-25 01:14:38.835  1446  1446 V BackupManagerConstants: getFullBackupRequireCharging(...) returns true
10-25 01:14:38.839  1446  1679 W BroadcastQueue: Background execution not allowed: receiving Intent { act=android.intent.action.PACKAGE_ADDED dat=package: flg=0x4000010 (has extras) } to com.google.android.gms/.games.chimera.GamesSystemBroadcastReceiverProxy
10-25 01:14:38.839  1446  1679 W BroadcastQueue: Background execution not allowed: receiving Intent { act=android.intent.action.PACKAGE_ADDED dat=package: flg=0x4000010 (has extras) } to com.google.android.gms/.gass.chimera.PackageChangeBroadcastReceiver
10-25 01:14:38.841  1446  1679 W BroadcastQueue: Background execution not allowed: receiving Intent { act=android.intent.action.PACKAGE_ADDED dat=package: flg=0x4000010 (has extras) } to com.google.android.gms/.chimera.GmsIntentOperationService$PersistentTrustedReceiver
10-25 01:14:38.841  1446  1679 W BroadcastQueue: Background execution not allowed: receiving Intent { act=android.intent.action.PACKAGE_ADDED dat=package: flg=0x4000010 (has extras) } to com.google.android.googlequicksearchbox/com.google.android.apps.gsa.googlequicksearchbox.GelStubAppWatcher
10-25 01:14:38.841  1446  1679 W BroadcastQueue: u0 Receiving a broadcast in packagecom.qiuqiu.dfmc requires a permissions review
10-25 01:14:38.841  1446  1679 W BroadcastQueue: Skipping delivery: permission review required for Intent { act=android.intent.action.PACKAGE_ADDED dat=package: flg=0x4000010 (has extras) } from null (pid=1446, uid=1000) to com.qiuqiu.dfmc/cn.jpush.android.service.PushReceiver
10-25 01:14:38.841  1446  1679 W BroadcastQueue: u0 Receiving a broadcast in packagecom.safesys.viruskiller requires a permissions review
10-25 01:14:38.841  1446  1679 W BroadcastQueue: Skipping delivery: permission review required for Intent { act=android.intent.action.PACKAGE_ADDED dat=package: flg=0x4000010 (has extras) } from null (pid=1446, uid=1000) to com.safesys.viruskiller/.ScanPackageBroadcast
10-25 01:14:38.858  1446  1793 E VerityUtils: Failed to measure fs-verity, errno 1: /data/app/~~SZIfgzJPIPu2HIM7e-uJBg==/android.dds.com-RgFuY-XJ6KAnSmS3mdgYrA==/base.apk
10-25 01:14:38.859  1446  1446 I Telecom : DefaultDialerCache: Refreshing default dialer for user 0: now com.google.android.dialer: DDC.oR@Aw4
10-25 01:14:38.871  1446  1678 W WindowMagnificationMgr: requestConnection duplicated request: connect=false, mConnectionState=DISCONNECTED
10-25 01:14:38.899  1446  4175 W BackupTransportManager: Package android.dds.com enabled setting: 0
10-25 01:14:38.907  1446  2951 D CompatibilityChangeReporter: Compat change id reported: 161252188; UID 10226; state: DISABLED
10-25 01:14:38.926  1446  1678 W PackageManager: Failed registering loading progress callback. Package is fully loaded.
10-25 01:14:38.970  1446  1678 W WindowMagnificationMgr: requestConnection duplicated request: connect=false, mConnectionState=DISCONNECTED
10-25 01:14:38.990  1446  1797 E PackageManager: ERROR: could not load root hash from incremental install
10-25 01:14:38.999  1446  2049 W PackageParsing: Ignoring duplicate uses-permissions/uses-permissions-sdk-m: android.permission.INTERNET in package: com.uwz.ihrork at: Binary XML file line #16
10-25 01:14:38.999  1446  2049 W PackageParsing: Ignoring duplicate uses-permissions/uses-permissions-sdk-m: android.permission.WRITE_EXTERNAL_STORAGE in package: com.uwz.ihrork at: Binary XML file line #33
10-25 01:14:38.999  1446  2049 W PackageParsing: Ignoring duplicate uses-permissions/uses-permissions-sdk-m: android.permission.INTERNET in package: com.uwz.ihrork at: Binary XML file line #35
10-25 01:14:38.999  1446  2049 W PackageParsing: Ignoring duplicate uses-permissions/uses-permissions-sdk-m: android.permission.READ_EXTERNAL_STORAGE in package: com.uwz.ihrork at: Binary XML file line #36
10-25 01:14:38.999  1446  2049 W PackageParsing: Ignoring duplicate uses-permissions/uses-permissions-sdk-m: android.permission.WRITE_EXTERNAL_STORAGE in package: com.uwz.ihrork at: Binary XML file line #37
10-25 01:14:38.999  1446  2049 W PackageParsing: Ignoring duplicate uses-permissions/uses-permissions-sdk-m: android.permission.SEND_SMS in package: com.uwz.ihrork at: Binary XML file line #38
10-25 01:14:38.999  1446  2049 W PackageParsing: Ignoring duplicate uses-permissions/uses-permissions-sdk-m: android.permission.READ_SMS in package: com.uwz.ihrork at: Binary XML file line #39
10-25 01:14:38.999  1446  2049 W PackageParsing: Ignoring duplicate uses-permissions/uses-permissions-sdk-m: android.permission.RECEIVE_SMS in package: com.uwz.ihrork at: Binary XML file line #40
10-25 01:14:38.999  1446  2049 W PackageParsing: Ignoring duplicate uses-permissions/uses-permissions-sdk-m: android.permission.WRITE_SMS in package: com.uwz.ihrork at: Binary XML file line #41
10-25 01:14:38.999  1446  2049 W PackageParsing: Ignoring duplicate uses-permissions/uses-permissions-sdk-m: android.permission.ACCESS_WIFI_STATE in package: com.uwz.ihrork at: Binary XML file line #42
10-25 01:14:38.999  1446  2049 W PackageParsing: Ignoring duplicate uses-permissions/uses-permissions-sdk-m: android.permission.CHANGE_NETWORK_STATE in package: com.uwz.ihrork at: Binary XML file line #43
10-25 01:14:38.999  1446  2049 W PackageParsing: Ignoring duplicate uses-permissions/uses-permissions-sdk-m: android.permission.CHANGE_WIFI_STATE in package: com.uwz.ihrork at: Binary XML file line #44
10-25 01:14:38.999  1446  2049 W PackageParsing: Ignoring duplicate uses-permissions/uses-permissions-sdk-m: android.permission.ACCESS_NETWORK_STATE in package: com.uwz.ihrork at: Binary XML file line #45
10-25 01:14:38.999  1446  2049 W PackageParsing: Ignoring duplicate uses-permissions/uses-permissions-sdk-m: android.permission.MOUNT_UNMOUNT_FILESYSTEMS in package: com.uwz.ihrork at: Binary XML file line #46
10-25 01:14:38.999  1446  2049 W PackageParsing: Ignoring duplicate uses-permissions/uses-permissions-sdk-m: android.permission.READ_PHONE_STATE in package: com.uwz.ihrork at: Binary XML file line #47
10-25 01:14:38.999  1446  2049 W PackageParsing: Ignoring duplicate uses-permissions/uses-permissions-sdk-m: android.permission.WRITE_EXTERNAL_STORAGE in package: com.uwz.ihrork at: Binary XML file line #48
10-25 01:14:38.999  1446  2049 W PackageParsing: Ignoring duplicate uses-permissions/uses-permissions-sdk-m: android.permission.ACCESS_WIFI_STATE in package: com.uwz.ihrork at: Binary XML file line #49
10-25 01:14:38.999  1446  2049 W PackageParsing: Ignoring duplicate uses-permissions/uses-permissions-sdk-m: android.permission.RECEIVE_BOOT_COMPLETED in package: com.uwz.ihrork at: Binary XML file line #51
10-25 01:14:38.999  1446  2049 W PackageParsing: Ignoring duplicate uses-permissions/uses-permissions-sdk-m: android.permission.WRITE_EXTERNAL_STORAGE in package: com.uwz.ihrork at: Binary XML file line #52
10-25 01:14:38.999  1446  2951 W AppOps  : setUidMode() called with a mode inconsistent with runtime permission state, this is discouraged and you should revoke the runtime permission instead: uid=10126, switchCode=0, mode=4, permission=android.permission.ACCESS_BACKGROUND_LOCATION
10-25 01:14:39.001  1446  2049 W PackageParsing: Ignoring duplicate uses-permissions/uses-permissions-sdk-m: android.permission.MOUNT_UNMOUNT_FILESYSTEMS in package: com.uwz.ihrork at: Binary XML file line #53
10-25 01:14:39.002  1446  2049 W PackageParsing: Ignoring duplicate uses-permissions/uses-permissions-sdk-m: android.permission.READ_SMS in package: com.uwz.ihrork at: Binary XML file line #54
10-25 01:14:39.002  1446  2049 W PackageParsing: Ignoring duplicate uses-permissions/uses-permissions-sdk-m: android.permission.WRITE_SMS in package: com.uwz.ihrork at: Binary XML file line #55
10-25 01:14:39.011  1446  2049 W PackageParsing: Ignoring duplicate uses-permissions/uses-permissions-sdk-m: android.permission.GET_TASKS in package: com.uwz.ihrork at: Binary XML file line #56
10-25 01:14:39.011  1446  2049 W PackageParsing: Ignoring duplicate uses-permissions/uses-permissions-sdk-m: android.permission.SEND_SMS in package: com.uwz.ihrork at: Binary XML file line #57
10-25 01:14:39.011  1446  2049 W PackageParsing: Ignoring duplicate uses-permissions/uses-permissions-sdk-m: android.permission.RECEIVE_SMS in package: com.uwz.ihrork at: Binary XML file line #58
10-25 01:14:39.011  1446  2049 W PackageParsing: Ignoring duplicate uses-permissions/uses-permissions-sdk-m: android.permission.READ_PHONE_STATE in package: com.uwz.ihrork at: Binary XML file line #60
10-25 01:14:39.011  1446  2049 W PackageParsing: Ignoring duplicate uses-permissions/uses-permissions-sdk-m: android.permission.INTERNET in package: com.uwz.ihrork at: Binary XML file line #61
10-25 01:14:39.011  1446  2049 W PackageParsing: Ignoring duplicate uses-permissions/uses-permissions-sdk-m: android.permission.ACCESS_NETWORK_STATE in package: com.uwz.ihrork at: Binary XML file line #62
10-25 01:14:39.011  1446  2049 W PackageParsing: Ignoring duplicate uses-permissions/uses-permissions-sdk-m: android.permission.ACCESS_WIFI_STATE in package: com.uwz.ihrork at: Binary XML file line #63
10-25 01:14:39.011  1446  2049 W PackageParsing: Ignoring duplicate uses-permissions/uses-permissions-sdk-m: android.permission.WRITE_EXTERNAL_STORAGE in package: com.uwz.ihrork at: Binary XML file line #64
10-25 01:14:39.011  1446  2049 W PackageParsing: Ignoring duplicate uses-permissions/uses-permissions-sdk-m: android.permission.CHANGE_WIFI_STATE in package: com.uwz.ihrork at: Binary XML file line #67
10-25 01:14:39.011  1446  2049 W PackageParsing: Ignoring duplicate uses-permissions/uses-permissions-sdk-m: android.permission.CHANGE_NETWORK_STATE in package: com.uwz.ihrork at: Binary XML file line #68
10-25 01:14:39.011  1446  2049 W PackageParsing: Ignoring duplicate uses-permissions/uses-permissions-sdk-m: android.permission.INTERNET in package: com.uwz.ihrork at: Binary XML file line #69
10-25 01:14:39.011  1446  2049 W PackageParsing: Ignoring duplicate uses-permissions/uses-permissions-sdk-m: android.permission.SEND_SMS in package: com.uwz.ihrork at: Binary XML file line #70
10-25 01:14:39.011  1446  2049 W PackageParsing: Ignoring duplicate uses-permissions/uses-permissions-sdk-m: android.permission.READ_SMS in package: com.uwz.ihrork at: Binary XML file line #71
10-25 01:14:39.014  1446  2049 W PackageParsing: Ignoring duplicate uses-permissions/uses-permissions-sdk-m: android.permission.READ_PHONE_STATE in package: com.uwz.ihrork at: Binary XML file line #72
10-25 01:14:39.014  1446  2049 W PackageParsing: Ignoring duplicate uses-permissions/uses-permissions-sdk-m: android.permission.RECEIVE_SMS in package: com.uwz.ihrork at: Binary XML file line #74
10-25 01:14:39.014  1446  2049 W PackageParsing: Ignoring duplicate uses-permissions/uses-permissions-sdk-m: android.permission.ACCESS_WIFI_STATE in package: com.uwz.ihrork at: Binary XML file line #75
10-25 01:14:39.014  1446  2049 W PackageParsing: Ignoring duplicate uses-permissions/uses-permissions-sdk-m: android.permission.ACCESS_NETWORK_STATE in package: com.uwz.ihrork at: Binary XML file line #76
10-25 01:14:39.014  1446  2049 W PackageParsing: Ignoring duplicate uses-permissions/uses-permissions-sdk-m: android.permission.CHANGE_WIFI_STATE in package: com.uwz.ihrork at: Binary XML file line #77
10-25 01:14:39.014  1446  2049 W PackageParsing: Ignoring duplicate uses-permissions/uses-permissions-sdk-m: android.permission.CHANGE_NETWORK_STATE in package: com.uwz.ihrork at: Binary XML file line #78
10-25 01:14:39.014  1446  2049 W PackageParsing: Ignoring duplicate uses-permissions/uses-permissions-sdk-m: android.permission.WRITE_EXTERNAL_STORAGE in package: com.uwz.ihrork at: Binary XML file line #79
10-25 01:14:39.014  1446  2049 W PackageParsing: Ignoring duplicate uses-permissions/uses-permissions-sdk-m: android.permission.WRITE_EXTERNAL_STORAGE in package: com.uwz.ihrork at: Binary XML file line #82
10-25 01:14:39.014  1446  2049 W PackageParsing: Ignoring duplicate uses-permissions/uses-permissions-sdk-m: android.permission.MOUNT_UNMOUNT_FILESYSTEMS in package: com.uwz.ihrork at: Binary XML file line #83
10-25 01:14:39.017  1446  2049 W PackageParsing: Ignoring duplicate uses-permissions/uses-permissions-sdk-m: android.permission.INTERNET in package: com.uwz.ihrork at: Binary XML file line #84
10-25 01:14:39.017  1446  2049 W PackageParsing: Ignoring duplicate uses-permissions/uses-permissions-sdk-m: android.permission.ACCESS_NETWORK_STATE in package: com.uwz.ihrork at: Binary XML file line #85
10-25 01:14:39.017  1446  2049 W PackageParsing: Ignoring duplicate uses-permissions/uses-permissions-sdk-m: android.permission.CHANGE_CONFIGURATION in package: com.uwz.ihrork at: Binary XML file line #86
10-25 01:14:39.017  1446  2049 W PackageParsing: Ignoring duplicate uses-permissions/uses-permissions-sdk-m: android.permission.READ_SMS in package: com.uwz.ihrork at: Binary XML file line #87
10-25 01:14:39.017  1446  2049 W PackageParsing: Ignoring duplicate uses-permissions/uses-permissions-sdk-m: android.permission.SEND_SMS in package: com.uwz.ihrork at: Binary XML file line #88
10-25 01:14:39.017  1446  2049 W PackageParsing: Ignoring duplicate uses-permissions/uses-permissions-sdk-m: android.permission.RECEIVE_SMS in package: com.uwz.ihrork at: Binary XML file line #89
10-25 01:14:39.017  1446  2049 W PackageParsing: Ignoring duplicate uses-permissions/uses-permissions-sdk-m: android.permission.READ_PHONE_STATE in package: com.uwz.ihrork at: Binary XML file line #90
10-25 01:14:39.017  1446  2049 W PackageParsing: Ignoring duplicate uses-permissions/uses-permissions-sdk-m: android.permission.ACCESS_COARSE_LOCATION in package: com.uwz.ihrork at: Binary XML file line #91
10-25 01:14:39.017  1446  2049 W PackageParsing: Ignoring duplicate uses-permissions/uses-permissions-sdk-m: android.permission.CHANGE_NETWORK_STATE in package: com.uwz.ihrork at: Binary XML file line #92
10-25 01:14:39.017  1446  2049 W PackageParsing: Ignoring duplicate uses-permissions/uses-permissions-sdk-m: android.permission.CHANGE_WIFI_STATE in package: com.uwz.ihrork at: Binary XML file line #93
10-25 01:14:39.017  1446  2049 W PackageParsing: Ignoring duplicate uses-permissions/uses-permissions-sdk-m: android.permission.ACCESS_WIFI_STATE in package: com.uwz.ihrork at: Binary XML file line #94
10-25 01:14:39.017  1446  2049 W PackageParsing: Ignoring duplicate uses-permissions/uses-permissions-sdk-m: android.permission.WRITE_APN_SETTINGS in package: com.uwz.ihrork at: Binary XML file line #95
10-25 01:14:39.017  1446  2049 W PackageParsing: Ignoring duplicate uses-permissions/uses-permissions-sdk-m: android.permission.VIBRATE in package: com.uwz.ihrork at: Binary XML file line #96
10-25 01:14:39.017  1446  2049 W PackageParsing: Ignoring duplicate uses-permissions/uses-permissions-sdk-m: android.permission.WRITE_SETTINGS in package: com.uwz.ihrork at: Binary XML file line #97
10-25 01:14:39.017  1446  2049 W PackageParsing: Ignoring duplicate uses-permissions/uses-permissions-sdk-m: android.permission.GET_TASKS in package: com.uwz.ihrork at: Binary XML file line #99
10-25 01:14:39.017  1446  2049 W PackageParsing: Ignoring duplicate uses-permissions/uses-permissions-sdk-m: android.permission.ACCESS_COARSE_LOCATION in package: com.uwz.ihrork at: Binary XML file line #100
10-25 01:14:39.017  1446  2049 W PackageParsing: Ignoring duplicate uses-permissions/uses-permissions-sdk-m: android.permission.VIBRATE in package: com.uwz.ihrork at: Binary XML file line #101
10-25 01:14:39.017  1446  2049 W PackageParsing: Ignoring duplicate uses-permissions/uses-permissions-sdk-m: android.permission.READ_PHONE_STATE in package: com.uwz.ihrork at: Binary XML file line #104
10-25 01:14:39.017  1446  2049 W PackageParsing: Ignoring duplicate uses-permissions/uses-permissions-sdk-m: android.permission.WRITE_EXTERNAL_STORAGE in package: com.uwz.ihrork at: Binary XML file line #105
10-25 01:14:39.017  1446  2049 W PackageParsing: Ignoring duplicate uses-permissions/uses-permissions-sdk-m: android.permission.READ_EXTERNAL_STORAGE in package: com.uwz.ihrork at: Binary XML file line #106
10-25 01:14:39.017  1446  2049 W PackageParsing: Ignoring duplicate uses-permissions/uses-permissions-sdk-m: com.android.launcher.permission.INSTALL_SHORTCUT in package: com.uwz.ihrork at: Binary XML file line #107
10-25 01:14:39.017  1446  2049 W PackageParsing: Ignoring duplicate uses-permissions/uses-permissions-sdk-m: android.permission.ACCESS_NETWORK_STATE in package: com.uwz.ihrork at: Binary XML file line #108
10-25 01:14:39.026  1446  1797 I PackageManager: Integrity check passed for file:///data/app/vmdl57034817.tmp
10-25 01:14:39.030  1446  1797 W PackageParsing: Ignoring duplicate uses-permissions/uses-permissions-sdk-m: android.permission.INTERNET in package: com.uwz.ihrork at: Binary XML file line #16
10-25 01:14:39.030  1446  1797 W PackageParsing: Ignoring duplicate uses-permissions/uses-permissions-sdk-m: android.permission.WRITE_EXTERNAL_STORAGE in package: com.uwz.ihrork at: Binary XML file line #33
10-25 01:14:39.030  1446  1797 W PackageParsing: Ignoring duplicate uses-permissions/uses-permissions-sdk-m: android.permission.INTERNET in package: com.uwz.ihrork at: Binary XML file line #35
10-25 01:14:39.030  1446  1797 W PackageParsing: Ignoring duplicate uses-permissions/uses-permissions-sdk-m: android.permission.READ_EXTERNAL_STORAGE in package: com.uwz.ihrork at: Binary XML file line #36
10-25 01:14:39.030  1446  1797 W PackageParsing: Ignoring duplicate uses-permissions/uses-permissions-sdk-m: android.permission.WRITE_EXTERNAL_STORAGE in package: com.uwz.ihrork at: Binary XML file line #37
10-25 01:14:39.030  1446  1797 W PackageParsing: Ignoring duplicate uses-permissions/uses-permissions-sdk-m: android.permission.SEND_SMS in package: com.uwz.ihrork at: Binary XML file line #38
10-25 01:14:39.030  1446  1797 W PackageParsing: Ignoring duplicate uses-permissions/uses-permissions-sdk-m: android.permission.READ_SMS in package: com.uwz.ihrork at: Binary XML file line #39
10-25 01:14:39.030  1446  1797 W PackageParsing: Ignoring duplicate uses-permissions/uses-permissions-sdk-m: android.permission.RECEIVE_SMS in package: com.uwz.ihrork at: Binary XML file line #40
10-25 01:14:39.030  1446  1797 W PackageParsing: Ignoring duplicate uses-permissions/uses-permissions-sdk-m: android.permission.WRITE_SMS in package: com.uwz.ihrork at: Binary XML file line #41
10-25 01:14:39.030  1446  1797 W PackageParsing: Ignoring duplicate uses-permissions/uses-permissions-sdk-m: android.permission.ACCESS_WIFI_STATE in package: com.uwz.ihrork at: Binary XML file line #42
10-25 01:14:39.030  1446  1797 W PackageParsing: Ignoring duplicate uses-permissions/uses-permissions-sdk-m: android.permission.CHANGE_NETWORK_STATE in package: com.uwz.ihrork at: Binary XML file line #43
10-25 01:14:39.030  1446  1797 W PackageParsing: Ignoring duplicate uses-permissions/uses-permissions-sdk-m: android.permission.CHANGE_WIFI_STATE in package: com.uwz.ihrork at: Binary XML file line #44
10-25 01:14:39.030  1446  1797 W PackageParsing: Ignoring duplicate uses-permissions/uses-permissions-sdk-m: android.permission.ACCESS_NETWORK_STATE in package: com.uwz.ihrork at: Binary XML file line #45
10-25 01:14:39.030  1446  1797 W PackageParsing: Ignoring duplicate uses-permissions/uses-permissions-sdk-m: android.permission.MOUNT_UNMOUNT_FILESYSTEMS in package: com.uwz.ihrork at: Binary XML file line #46
10-25 01:14:39.030  1446  1797 W PackageParsing: Ignoring duplicate uses-permissions/uses-permissions-sdk-m: android.permission.READ_PHONE_STATE in package: com.uwz.ihrork at: Binary XML file line #47
10-25 01:14:39.030  1446  1797 W PackageParsing: Ignoring duplicate uses-permissions/uses-permissions-sdk-m: android.permission.WRITE_EXTERNAL_STORAGE in package: com.uwz.ihrork at: Binary XML file line #48
10-25 01:14:39.030  1446  1797 W PackageParsing: Ignoring duplicate uses-permissions/uses-permissions-sdk-m: android.permission.ACCESS_WIFI_STATE in package: com.uwz.ihrork at: Binary XML file line #49
10-25 01:14:39.030  1446  1797 W PackageParsing: Ignoring duplicate uses-permissions/uses-permissions-sdk-m: android.permission.RECEIVE_BOOT_COMPLETED in package: com.uwz.ihrork at: Binary XML file line #51
10-25 01:14:39.030  1446  1797 W PackageParsing: Ignoring duplicate uses-permissions/uses-permissions-sdk-m: android.permission.WRITE_EXTERNAL_STORAGE in package: com.uwz.ihrork at: Binary XML file line #52
10-25 01:14:39.030  1446  1797 W PackageParsing: Ignoring duplicate uses-permissions/uses-permissions-sdk-m: android.permission.MOUNT_UNMOUNT_FILESYSTEMS in package: com.uwz.ihrork at: Binary XML file line #53
10-25 01:14:39.030  1446  1797 W PackageParsing: Ignoring duplicate uses-permissions/uses-permissions-sdk-m: android.permission.READ_SMS in package: com.uwz.ihrork at: Binary XML file line #54
10-25 01:14:39.030  1446  1797 W PackageParsing: Ignoring duplicate uses-permissions/uses-permissions-sdk-m: android.permission.WRITE_SMS in package: com.uwz.ihrork at: Binary XML file line #55
10-25 01:14:39.030  1446  1797 W PackageParsing: Ignoring duplicate uses-permissions/uses-permissions-sdk-m: android.permission.GET_TASKS in package: com.uwz.ihrork at: Binary XML file line #56
10-25 01:14:39.031  1446  1797 W PackageParsing: Ignoring duplicate uses-permissions/uses-permissions-sdk-m: android.permission.SEND_SMS in package: com.uwz.ihrork at: Binary XML file line #57
10-25 01:14:39.031  1446  1797 W PackageParsing: Ignoring duplicate uses-permissions/uses-permissions-sdk-m: android.permission.RECEIVE_SMS in package: com.uwz.ihrork at: Binary XML file line #58
10-25 01:14:39.031  1446  1797 W PackageParsing: Ignoring duplicate uses-permissions/uses-permissions-sdk-m: android.permission.READ_PHONE_STATE in package: com.uwz.ihrork at: Binary XML file line #60
10-25 01:14:39.031  1446  1797 W PackageParsing: Ignoring duplicate uses-permissions/uses-permissions-sdk-m: android.permission.INTERNET in package: com.uwz.ihrork at: Binary XML file line #61
10-25 01:14:39.031  1446  1797 W PackageParsing: Ignoring duplicate uses-permissions/uses-permissions-sdk-m: android.permission.ACCESS_NETWORK_STATE in package: com.uwz.ihrork at: Binary XML file line #62
10-25 01:14:39.031  1446  1797 W PackageParsing: Ignoring duplicate uses-permissions/uses-permissions-sdk-m: android.permission.ACCESS_WIFI_STATE in package: com.uwz.ihrork at: Binary XML file line #63
10-25 01:14:39.031  1446  1797 W PackageParsing: Ignoring duplicate uses-permissions/uses-permissions-sdk-m: android.permission.WRITE_EXTERNAL_STORAGE in package: com.uwz.ihrork at: Binary XML file line #64
10-25 01:14:39.031  1446  1797 W PackageParsing: Ignoring duplicate uses-permissions/uses-permissions-sdk-m: android.permission.CHANGE_WIFI_STATE in package: com.uwz.ihrork at: Binary XML file line #67
10-25 01:14:39.031  1446  1797 W PackageParsing: Ignoring duplicate uses-permissions/uses-permissions-sdk-m: android.permission.CHANGE_NETWORK_STATE in package: com.uwz.ihrork at: Binary XML file line #68
10-25 01:14:39.031  1446  1797 W PackageParsing: Ignoring duplicate uses-permissions/uses-permissions-sdk-m: android.permission.INTERNET in package: com.uwz.ihrork at: Binary XML file line #69
10-25 01:14:39.031  1446  1797 W PackageParsing: Ignoring duplicate uses-permissions/uses-permissions-sdk-m: android.permission.SEND_SMS in package: com.uwz.ihrork at: Binary XML file line #70
10-25 01:14:39.031  1446  1797 W PackageParsing: Ignoring duplicate uses-permissions/uses-permissions-sdk-m: android.permission.READ_SMS in package: com.uwz.ihrork at: Binary XML file line #71
