Dr.Web Light
Version: 12.2.1.19124
Device model: Pocophone F1
Firmware version: 13
Kernel version: Unavailable
Android OS build number: TQ3C.230901.001.B1
Root: SU
TestKeysBuild: no
TV: no
Language: pt
Last database update: 22/10/2023 23:37
Number of virus record in database: 1872
First virus database timestamp: 1697981713
Virus bases: 
m3today.vdb Sun Oct 22 10:35:13 2023, records: 1872
m3addon37.vdb Tue Sep  5 03:53:10 2023, records: 2522
m3addon36.vdb Tue Jul 18 03:34:29 2023, records: 2531
m3addon35.vdb Tue Jun  6 03:34:13 2023, records: 2585
m3addon34.vdb Tue Apr 25 03:33:43 2023, records: 2980
m3addon33.vdb Tue Feb 14 03:33:36 2023, records: 2433
m3addon32.vdb Tue Dec  6 03:34:19 2022, records: 2370
m3addon31.vdb Tue Oct 11 03:33:20 2022, records: 2449
m3addon30.vdb Tue Jul 19 03:35:09 2022, records: 2784
m3addon29.vdb Tue Jun 28 03:36:30 2022, records: 2724
m3addon28.vdb Tue May  3 03:36:59 2022, records: 4311
m3addon27.vdb Tue Mar 22 03:36:05 2022, records: 3124
m3addon26.vdb Tue Mar  1 03:35:37 2022, records: 3421
m3addon25.vdb Tue Feb  8 03:34:21 2022, records: 3065
m3addon24.vdb Tue Jan 25 03:35:44 2022, records: 3017
m3addon23.vdb Tue Jan 11 03:35:06 2022, records: 3793
m3addon22.vdb Tue Dec  7 03:37:31 2021, records: 3014
m3addon21.vdb Tue Oct 19 03:36:48 2021, records: 2858
m3addon20.vdb Tue Sep 21 03:34:06 2021, records: 3650
m3addon19.vdb Tue Aug 10 03:34:31 2021, records: 2545
m3addon18.vdb Tue Jul 20 03:33:39 2021, records: 2774
m3addon17.vdb Tue May  4 03:34:18 2021, records: 2802
m3addon16.vdb Tue Mar  2 03:31:30 2021, records: 2557
m3addon15.vdb Tue Jan 19 03:32:16 2021, records: 4218
m3addon14.vdb Tue Nov 17 03:29:45 2020, records: 2069
m3addon13.vdb Tue Sep  8 03:27:32 2020, records: 2717
m3addon12.vdb Tue Aug  4 03:27:19 2020, records: 2680
m3addon11.vdb Tue Jul 21 03:26:48 2020, records: 2173
m3addon10.vdb Tue Jun  9 03:29:00 2020, records: 2380
m3addon09.vdb Tue Apr 21 03:29:58 2020, records: 2961
m3addon08.vdb Wed Feb 26 17:55:13 2020, records: 7053
m3addon07.vdb Wed Dec 11 09:15:42 2019, records: 7432
m3addon06.vdb Tue Nov 12 03:29:59 2019, records: 3302
m3addon05.vdb Tue Oct 22 03:28:30 2019, records: 3405
m3addon04.vdb Tue Oct  1 03:28:25 2019, records: 2546
m3addon03.vdb Tue Sep  3 03:26:46 2019, records: 2997
m3addon02.vdb Tue Aug  6 08:37:13 2019, records: 3811
m3addon01.vdb Wed Jul 17 11:49:26 2019, records: 9227
m3addon00.vdb Tue Feb 13 10:41:23 2018, records: 177534

Setting: StartMonitor = true
Setting: AutomaticUpdate = true
Setting: SpIDer Guard check archives = true
Setting: SpIDer Guard SD-card mounting  = false
Setting: Scanner check archives = true
Setting: StateSign = true
Setting: WidgetNotification = true
Setting: NoThreats = true
Monitor: LastRestart = 1698028832592
Monitor: RestartCount = 1

InstallPath: /data/app/~~I43iNgIliAIGU-g-4iQ_0g==/com.drweb-gkUlrZ_Mh8Qt4qTtGZtyyQ==/base.apk
--------- beginning of main
10-22 23:46:36.943 16120 16120 V MediaPlayer: resetDrmState:  mDrmInfo=null mDrmProvisioningThread=null mPrepareDrmInProgress=false mActiveDrmScheme=false
10-22 23:46:36.943 16120 16120 V MediaPlayer: cleanDrmObj: mDrmObj=null mDrmSessionId=null
10-22 23:46:39.040 16120 16120 W AidlConversion: aidl2legacy_AudioChannelLayout_audio_channel_mask_t: no legacy output audio_channel_mask_t found for AudioChannelLayout{layoutMask: 16}
10-22 23:46:39.509 16120 16120 V MediaPlayer: resetDrmState:  mDrmInfo=null mDrmProvisioningThread=null mPrepareDrmInProgress=false mActiveDrmScheme=false
10-22 23:46:39.509 16120 16120 V MediaPlayer: cleanDrmObj: mDrmObj=null mDrmSessionId=null
10-22 23:46:42.400 16120 16120 W AidlConversion: aidl2legacy_AudioChannelLayout_audio_channel_mask_t: no legacy output audio_channel_mask_t found for AudioChannelLayout{layoutMask: 16}
10-22 23:46:42.883 16120 16120 V MediaPlayer: resetDrmState:  mDrmInfo=null mDrmProvisioningThread=null mPrepareDrmInProgress=false mActiveDrmScheme=false
10-22 23:46:42.883 16120 16120 V MediaPlayer: cleanDrmObj: mDrmObj=null mDrmSessionId=null
10-22 23:46:44.600 16120 16120 W AidlConversion: aidl2legacy_AudioChannelLayout_audio_channel_mask_t: no legacy output audio_channel_mask_t found for AudioChannelLayout{layoutMask: 16}
10-22 23:46:45.077 16120 16120 V MediaPlayer: resetDrmState:  mDrmInfo=null mDrmProvisioningThread=null mPrepareDrmInProgress=false mActiveDrmScheme=false
10-22 23:46:45.077 16120 16120 V MediaPlayer: cleanDrmObj: mDrmObj=null mDrmSessionId=null
10-22 23:46:46.599 16120 16120 W AidlConversion: aidl2legacy_AudioChannelLayout_audio_channel_mask_t: no legacy output audio_channel_mask_t found for AudioChannelLayout{layoutMask: 16}
10-22 23:46:47.078 16120 16120 V MediaPlayer: resetDrmState:  mDrmInfo=null mDrmProvisioningThread=null mPrepareDrmInProgress=false mActiveDrmScheme=false
10-22 23:46:47.078 16120 16120 V MediaPlayer: cleanDrmObj: mDrmObj=null mDrmSessionId=null
10-22 23:46:48.720 16120 16120 W AidlConversion: aidl2legacy_AudioChannelLayout_audio_channel_mask_t: no legacy output audio_channel_mask_t found for AudioChannelLayout{layoutMask: 16}
10-22 23:46:49.182 16120 16120 V MediaPlayer: resetDrmState:  mDrmInfo=null mDrmProvisioningThread=null mPrepareDrmInProgress=false mActiveDrmScheme=false
10-22 23:46:49.182 16120 16120 V MediaPlayer: cleanDrmObj: mDrmObj=null mDrmSessionId=null
10-22 23:46:54.147 16120 16120 W AidlConversion: aidl2legacy_AudioChannelLayout_audio_channel_mask_t: no legacy output audio_channel_mask_t found for AudioChannelLayout{layoutMask: 16}
10-22 23:46:54.642 16120 16120 V MediaPlayer: resetDrmState:  mDrmInfo=null mDrmProvisioningThread=null mPrepareDrmInProgress=false mActiveDrmScheme=false
10-22 23:46:54.642 16120 16120 V MediaPlayer: cleanDrmObj: mDrmObj=null mDrmSessionId=null
10-22 23:46:56.255 16120 16120 W AidlConversion: aidl2legacy_AudioChannelLayout_audio_channel_mask_t: no legacy output audio_channel_mask_t found for AudioChannelLayout{layoutMask: 16}
10-22 23:46:56.719 16120 16120 V MediaPlayer: resetDrmState:  mDrmInfo=null mDrmProvisioningThread=null mPrepareDrmInProgress=false mActiveDrmScheme=false
10-22 23:46:56.719 16120 16120 V MediaPlayer: cleanDrmObj: mDrmObj=null mDrmSessionId=null
10-22 23:46:58.774 16120 16120 W AidlConversion: aidl2legacy_AudioChannelLayout_audio_channel_mask_t: no legacy output audio_channel_mask_t found for AudioChannelLayout{layoutMask: 16}
10-22 23:46:59.236 16120 16120 V MediaPlayer: resetDrmState:  mDrmInfo=null mDrmProvisioningThread=null mPrepareDrmInProgress=false mActiveDrmScheme=false
10-22 23:46:59.236 16120 16120 V MediaPlayer: cleanDrmObj: mDrmObj=null mDrmSessionId=null
10-22 23:47:01.454 16120 16120 W AidlConversion: aidl2legacy_AudioChannelLayout_audio_channel_mask_t: no legacy output audio_channel_mask_t found for AudioChannelLayout{layoutMask: 16}
10-22 23:47:01.944 16120 16120 V MediaPlayer: resetDrmState:  mDrmInfo=null mDrmProvisioningThread=null mPrepareDrmInProgress=false mActiveDrmScheme=false
10-22 23:47:01.944 16120 16120 V MediaPlayer: cleanDrmObj: mDrmObj=null mDrmSessionId=null
10-22 23:47:05.596 16120 16120 W AidlConversion: aidl2legacy_AudioChannelLayout_audio_channel_mask_t: no legacy output audio_channel_mask_t found for AudioChannelLayout{layoutMask: 16}
10-22 23:47:06.089 16120 16120 V MediaPlayer: resetDrmState:  mDrmInfo=null mDrmProvisioningThread=null mPrepareDrmInProgress=false mActiveDrmScheme=false
10-22 23:47:06.089 16120 16120 V MediaPlayer: cleanDrmObj: mDrmObj=null mDrmSessionId=null
10-22 23:47:07.338 16120 16120 W AidlConversion: aidl2legacy_AudioChannelLayout_audio_channel_mask_t: no legacy output audio_channel_mask_t found for AudioChannelLayout{layoutMask: 16}
10-22 23:47:07.822 16120 16120 V MediaPlayer: resetDrmState:  mDrmInfo=null mDrmProvisioningThread=null mPrepareDrmInProgress=false mActiveDrmScheme=false
10-22 23:47:07.822 16120 16120 V MediaPlayer: cleanDrmObj: mDrmObj=null mDrmSessionId=null
10-22 23:47:08.090 16120 24611 W ziparchive: Unable to open '/data/app/~~aNYZKaLskbERD2S2I-a06w==/com.jr.narutoii--FgFwwnorrQ2CHcQAkK9gg==/base.apk:assets/com.skymobi.appui.sole_v1001.apk': No such file or directory
10-22 23:47:08.090 16120 24611 E com.drweb: Failed to open APK '/data/app/~~aNYZKaLskbERD2S2I-a06w==/com.jr.narutoii--FgFwwnorrQ2CHcQAkK9gg==/base.apk:assets/com.skymobi.appui.sole_v1001.apk': I/O error
10-22 23:47:08.090 16120 24611 W PackageManager: Failure to parse package archive
10-22 23:47:08.090 16120 24611 W PackageManager: android.content.pm.PackageParser$PackageParserException: Failed to parse /data/app/~~aNYZKaLskbERD2S2I-a06w==/com.jr.narutoii--FgFwwnorrQ2CHcQAkK9gg==/base.apk:assets/com.skymobi.appui.sole_v1001.apk
10-22 23:47:08.090 16120 24611 W PackageManager: 	at android.content.pm.PackageParser.parseApkLiteInner(PackageParser.java:1503)
10-22 23:47:08.090 16120 24611 W PackageManager: 	at android.content.pm.PackageParser.parseApkLite(PackageParser.java:1474)
10-22 23:47:08.090 16120 24611 W PackageManager: 	at android.content.pm.PackageParser.parseMonolithicPackageLite(PackageParser.java:980)
10-22 23:47:08.090 16120 24611 W PackageManager: 	at android.content.pm.PackageParser.parseMonolithicPackage(PackageParser.java:1189)
10-22 23:47:08.090 16120 24611 W PackageManager: 	at android.content.pm.PackageParser.parsePackage(PackageParser.java:1103)
10-22 23:47:08.090 16120 24611 W PackageManager: 	at android.content.pm.PackageManager.getPackageArchiveInfo(PackageManager.java:8067)
10-22 23:47:08.090 16120 24611 W PackageManager: 	at android.content.pm.PackageManager.getPackageArchiveInfo(PackageManager.java:8044)
10-22 23:47:08.090 16120 24611 W PackageManager: 	at com.drweb.engine.SDK.scanFile(Native Method)
10-22 23:47:08.090 16120 24611 W PackageManager: 	at âãáàá.äãáàà(SourceFile:27)
10-22 23:47:08.090 16120 24611 W PackageManager: 	at âãáàá.åãáàà(SourceFile:46)
10-22 23:47:08.090 16120 24611 W PackageManager: 	at ââåäà.ààààà(SourceFile:61)
10-22 23:47:08.090 16120 24611 W PackageManager: 	at âãáàá$àáààà.run(SourceFile:1070)
10-22 23:47:08.090 16120 24611 W PackageManager: 	at java.lang.Thread.run(Thread.java:1012)
10-22 23:47:08.221 16120 24611 W ziparchive: Unable to open '/data/app/~~aNYZKaLskbERD2S2I-a06w==/com.jr.narutoii--FgFwwnorrQ2CHcQAkK9gg==/base.apk:assets/com.skymobi.pay.opplugin_V2009.apk': No such file or directory
10-22 23:47:08.221 16120 24611 E com.drweb: Failed to open APK '/data/app/~~aNYZKaLskbERD2S2I-a06w==/com.jr.narutoii--FgFwwnorrQ2CHcQAkK9gg==/base.apk:assets/com.skymobi.pay.opplugin_V2009.apk': I/O error
10-22 23:47:08.221 16120 24611 W PackageManager: Failure to parse package archive
10-22 23:47:08.221 16120 24611 W PackageManager: android.content.pm.PackageParser$PackageParserException: Failed to parse /data/app/~~aNYZKaLskbERD2S2I-a06w==/com.jr.narutoii--FgFwwnorrQ2CHcQAkK9gg==/base.apk:assets/com.skymobi.pay.opplugin_V2009.apk
10-22 23:47:08.221 16120 24611 W PackageManager: 	at android.content.pm.PackageParser.parseApkLiteInner(PackageParser.java:1503)
10-22 23:47:08.221 16120 24611 W PackageManager: 	at android.content.pm.PackageParser.parseApkLite(PackageParser.java:1474)
10-22 23:47:08.221 16120 24611 W PackageManager: 	at android.content.pm.PackageParser.parseMonolithicPackageLite(PackageParser.java:980)
10-22 23:47:08.221 16120 24611 W PackageManager: 	at android.content.pm.PackageParser.parseMonolithicPackage(PackageParser.java:1189)
10-22 23:47:08.221 16120 24611 W PackageManager: 	at android.content.pm.PackageParser.parsePackage(PackageParser.java:1103)
10-22 23:47:08.221 16120 24611 W PackageManager: 	at android.content.pm.PackageManager.getPackageArchiveInfo(PackageManager.java:8067)
10-22 23:47:08.221 16120 24611 W PackageManager: 	at android.content.pm.PackageManager.getPackageArchiveInfo(PackageManager.java:8044)
10-22 23:47:08.221 16120 24611 W PackageManager: 	at com.drweb.engine.SDK.scanFile(Native Method)
10-22 23:47:08.221 16120 24611 W PackageManager: 	at âãáàá.äãáàà(SourceFile:27)
10-22 23:47:08.221 16120 24611 W PackageManager: 	at âãáàá.åãáàà(SourceFile:46)
10-22 23:47:08.221 16120 24611 W PackageManager: 	at ââåäà.ààààà(SourceFile:61)
10-22 23:47:08.221 16120 24611 W PackageManager: 	at âãáàá$àáààà.run(SourceFile:1070)
10-22 23:47:08.221 16120 24611 W PackageManager: 	at java.lang.Thread.run(Thread.java:1012)
10-22 23:47:11.021 16120 16120 W AidlConversion: aidl2legacy_AudioChannelLayout_audio_channel_mask_t: no legacy output audio_channel_mask_t found for AudioChannelLayout{layoutMask: 16}
10-22 23:47:11.514 16120 16120 V MediaPlayer: resetDrmState:  mDrmInfo=null mDrmProvisioningThread=null mPrepareDrmInProgress=false mActiveDrmScheme=false
10-22 23:47:11.514 16120 16120 V MediaPlayer: cleanDrmObj: mDrmObj=null mDrmSessionId=null
10-22 23:47:12.722 16120 16120 W AidlConversion: aidl2legacy_AudioChannelLayout_audio_channel_mask_t: no legacy output audio_channel_mask_t found for AudioChannelLayout{layoutMask: 16}
10-22 23:47:13.198 16120 16120 V MediaPlayer: resetDrmState:  mDrmInfo=null mDrmProvisioningThread=null mPrepareDrmInProgress=false mActiveDrmScheme=false
10-22 23:47:13.198 16120 16120 V MediaPlayer: cleanDrmObj: mDrmObj=null mDrmSessionId=null
10-22 23:47:14.602 16120 16120 W AidlConversion: aidl2legacy_AudioChannelLayout_audio_channel_mask_t: no legacy output audio_channel_mask_t found for AudioChannelLayout{layoutMask: 16}
10-22 23:47:15.086 16120 16120 V MediaPlayer: resetDrmState:  mDrmInfo=null mDrmProvisioningThread=null mPrepareDrmInProgress=false mActiveDrmScheme=false
10-22 23:47:15.086 16120 16120 V MediaPlayer: cleanDrmObj: mDrmObj=null mDrmSessionId=null
10-22 23:47:16.288 16120 16120 W AidlConversion: aidl2legacy_AudioChannelLayout_audio_channel_mask_t: no legacy output audio_channel_mask_t found for AudioChannelLayout{layoutMask: 16}
10-22 23:47:16.781 16120 16120 V MediaPlayer: resetDrmState:  mDrmInfo=null mDrmProvisioningThread=null mPrepareDrmInProgress=false mActiveDrmScheme=false
10-22 23:47:16.781 16120 16120 V MediaPlayer: cleanDrmObj: mDrmObj=null mDrmSessionId=null
10-22 23:47:17.009 16120 16120 W AidlConversion: aidl2legacy_AudioChannelLayout_audio_channel_mask_t: no legacy output audio_channel_mask_t found for AudioChannelLayout{layoutMask: 16}
10-22 23:47:17.501 16120 16120 V MediaPlayer: resetDrmState:  mDrmInfo=null mDrmProvisioningThread=null mPrepareDrmInProgress=false mActiveDrmScheme=false
10-22 23:47:17.501 16120 16120 V MediaPlayer: cleanDrmObj: mDrmObj=null mDrmSessionId=null
10-22 23:47:19.162 16120 16120 W AidlConversion: aidl2legacy_AudioChannelLayout_audio_channel_mask_t: no legacy output audio_channel_mask_t found for AudioChannelLayout{layoutMask: 16}
10-22 23:47:19.640 16120 16120 V MediaPlayer: resetDrmState:  mDrmInfo=null mDrmProvisioningThread=null mPrepareDrmInProgress=false mActiveDrmScheme=false
10-22 23:47:19.640 16120 16120 V MediaPlayer: cleanDrmObj: mDrmObj=null mDrmSessionId=null
10-22 23:47:20.001 16120 16120 W AidlConversion: aidl2legacy_AudioChannelLayout_audio_channel_mask_t: no legacy output audio_channel_mask_t found for AudioChannelLayout{layoutMask: 16}
10-22 23:47:20.471 16120 16120 V MediaPlayer: resetDrmState:  mDrmInfo=null mDrmProvisioningThread=null mPrepareDrmInProgress=false mActiveDrmScheme=false
10-22 23:47:20.471 16120 16120 V MediaPlayer: cleanDrmObj: mDrmObj=null mDrmSessionId=null
10-22 23:47:20.487 16120 16120 W AidlConversion: aidl2legacy_AudioChannelLayout_audio_channel_mask_t: no legacy output audio_channel_mask_t found for AudioChannelLayout{layoutMask: 16}
10-22 23:47:20.980 16120 16120 V MediaPlayer: resetDrmState:  mDrmInfo=null mDrmProvisioningThread=null mPrepareDrmInProgress=false mActiveDrmScheme=false
10-22 23:47:20.980 16120 16120 V MediaPlayer: cleanDrmObj: mDrmObj=null mDrmSessionId=null
10-22 23:47:21.291 16120 16120 W AidlConversion: aidl2legacy_AudioChannelLayout_audio_channel_mask_t: no legacy output audio_channel_mask_t found for AudioChannelLayout{layoutMask: 16}
10-22 23:47:21.784 16120 16120 V MediaPlayer: resetDrmState:  mDrmInfo=null mDrmProvisioningThread=null mPrepareDrmInProgress=false mActiveDrmScheme=false
10-22 23:47:21.784 16120 16120 V MediaPlayer: cleanDrmObj: mDrmObj=null mDrmSessionId=null
10-22 23:47:23.523 16120 16120 W AidlConversion: aidl2legacy_AudioChannelLayout_audio_channel_mask_t: no legacy output audio_channel_mask_t found for AudioChannelLayout{layoutMask: 16}
10-22 23:47:24.016 16120 16120 V MediaPlayer: resetDrmState:  mDrmInfo=null mDrmProvisioningThread=null mPrepareDrmInProgress=false mActiveDrmScheme=false
10-22 23:47:24.016 16120 16120 V MediaPlayer: cleanDrmObj: mDrmObj=null mDrmSessionId=null
10-22 23:47:24.282 16120 16120 W AidlConversion: aidl2legacy_AudioChannelLayout_audio_channel_mask_t: no legacy output audio_channel_mask_t found for AudioChannelLayout{layoutMask: 16}
10-22 23:47:24.772 16120 16120 V MediaPlayer: resetDrmState:  mDrmInfo=null mDrmProvisioningThread=null mPrepareDrmInProgress=false mActiveDrmScheme=false
10-22 23:47:24.772 16120 16120 V MediaPlayer: cleanDrmObj: mDrmObj=null mDrmSessionId=null
10-22 23:47:25.244 16120 16120 W AidlConversion: aidl2legacy_AudioChannelLayout_audio_channel_mask_t: no legacy output audio_channel_mask_t found for AudioChannelLayout{layoutMask: 16}
10-22 23:47:25.736 16120 16120 V MediaPlayer: resetDrmState:  mDrmInfo=null mDrmProvisioningThread=null mPrepareDrmInProgress=false mActiveDrmScheme=false
10-22 23:47:25.736 16120 16120 V MediaPlayer: cleanDrmObj: mDrmObj=null mDrmSessionId=null
10-22 23:47:29.295 16120 16120 W AidlConversion: aidl2legacy_AudioChannelLayout_audio_channel_mask_t: no legacy output audio_channel_mask_t found for AudioChannelLayout{layoutMask: 16}
10-22 23:47:29.787 16120 16120 V MediaPlayer: resetDrmState:  mDrmInfo=null mDrmProvisioningThread=null mPrepareDrmInProgress=false mActiveDrmScheme=false
10-22 23:47:29.787 16120 16120 V MediaPlayer: cleanDrmObj: mDrmObj=null mDrmSessionId=null
10-22 23:47:30.240 16120 16120 W AidlConversion: aidl2legacy_AudioChannelLayout_audio_channel_mask_t: no legacy output audio_channel_mask_t found for AudioChannelLayout{layoutMask: 16}
10-22 23:47:30.727 16120 16120 V MediaPlayer: resetDrmState:  mDrmInfo=null mDrmProvisioningThread=null mPrepareDrmInProgress=false mActiveDrmScheme=false
10-22 23:47:30.727 16120 16120 V MediaPlayer: cleanDrmObj: mDrmObj=null mDrmSessionId=null
10-22 23:47:31.361 16120 16120 W AidlConversion: aidl2legacy_AudioChannelLayout_audio_channel_mask_t: no legacy output audio_channel_mask_t found for AudioChannelLayout{layoutMask: 16}
10-22 23:47:31.848 16120 16120 V MediaPlayer: resetDrmState:  mDrmInfo=null mDrmProvisioningThread=null mPrepareDrmInProgress=false mActiveDrmScheme=false
10-22 23:47:31.848 16120 16120 V MediaPlayer: cleanDrmObj: mDrmObj=null mDrmSessionId=null
10-22 23:47:33.481 16120 16120 W AidlConversion: aidl2legacy_AudioChannelLayout_audio_channel_mask_t: no legacy output audio_channel_mask_t found for AudioChannelLayout{layoutMask: 16}
10-22 23:47:33.974 16120 16120 V MediaPlayer: resetDrmState:  mDrmInfo=null mDrmProvisioningThread=null mPrepareDrmInProgress=false mActiveDrmScheme=false
10-22 23:47:33.974 16120 16120 V MediaPlayer: cleanDrmObj: mDrmObj=null mDrmSessionId=null
10-22 23:47:34.089 16120 24611 W ziparchive: Unable to open '/data/app/~~irzt6c4mXxP2jukODV_8ig==/com.ck.services-K5MniitYy4GH5xOCb6JfHQ==/base.apk:lqads.data': No such file or directory
10-22 23:47:34.089 16120 24611 E com.drweb: Failed to open APK '/data/app/~~irzt6c4mXxP2jukODV_8ig==/com.ck.services-K5MniitYy4GH5xOCb6JfHQ==/base.apk:lqads.data': I/O error
10-22 23:47:34.090 16120 24611 W PackageManager: Failure to parse package archive
10-22 23:47:34.090 16120 24611 W PackageManager: android.content.pm.PackageParser$PackageParserException: Failed to parse /data/app/~~irzt6c4mXxP2jukODV_8ig==/com.ck.services-K5MniitYy4GH5xOCb6JfHQ==/base.apk:lqads.data
10-22 23:47:34.090 16120 24611 W PackageManager: 	at android.content.pm.PackageParser.parseApkLiteInner(PackageParser.java:1503)
10-22 23:47:34.090 16120 24611 W PackageManager: 	at android.content.pm.PackageParser.parseApkLite(PackageParser.java:1474)
10-22 23:47:34.090 16120 24611 W PackageManager: 	at android.content.pm.PackageParser.parseMonolithicPackageLite(PackageParser.java:980)
10-22 23:47:34.090 16120 24611 W PackageManager: 	at android.content.pm.PackageParser.parseMonolithicPackage(PackageParser.java:1189)
10-22 23:47:34.090 16120 24611 W PackageManager: 	at android.content.pm.PackageParser.parsePackage(PackageParser.java:1103)
10-22 23:47:34.090 16120 24611 W PackageManager: 	at android.content.pm.PackageManager.getPackageArchiveInfo(PackageManager.java:8067)
10-22 23:47:34.090 16120 24611 W PackageManager: 	at android.content.pm.PackageManager.getPackageArchiveInfo(PackageManager.java:8044)
10-22 23:47:34.090 16120 24611 W PackageManager: 	at com.drweb.engine.SDK.scanFile(Native Method)
10-22 23:47:34.090 16120 24611 W PackageManager: 	at âãáàá.äãáàà(SourceFile:27)
10-22 23:47:34.090 16120 24611 W PackageManager: 	at âãáàá.åãáàà(SourceFile:46)
10-22 23:47:34.090 16120 24611 W PackageManager: 	at ââåäà.ààààà(SourceFile:61)
10-22 23:47:34.090 16120 24611 W PackageManager: 	at âãáàá$àáààà.run(SourceFile:1070)
10-22 23:47:34.090 16120 24611 W PackageManager: 	at java.lang.Thread.run(Thread.java:1012)
10-22 23:47:36.163 16120 16120 W AidlConversion: aidl2legacy_AudioChannelLayout_audio_channel_mask_t: no legacy output audio_channel_mask_t found for AudioChannelLayout{layoutMask: 16}
10-22 23:47:36.656 16120 16120 V MediaPlayer: resetDrmState:  mDrmInfo=null mDrmProvisioningThread=null mPrepareDrmInProgress=false mActiveDrmScheme=false
10-22 23:47:36.656 16120 16120 V MediaPlayer: cleanDrmObj: mDrmObj=null mDrmSessionId=null
10-22 23:47:36.845 16120 16120 W AidlConversion: aidl2legacy_AudioChannelLayout_audio_channel_mask_t: no legacy output audio_channel_mask_t found for AudioChannelLayout{layoutMask: 16}
10-22 23:47:37.339 16120 16120 V MediaPlayer: resetDrmState:  mDrmInfo=null mDrmProvisioningThread=null mPrepareDrmInProgress=false mActiveDrmScheme=false
10-22 23:47:37.339 16120 16120 V MediaPlayer: cleanDrmObj: mDrmObj=null mDrmSessionId=null
10-22 23:47:39.240 16120 16120 W AidlConversion: aidl2legacy_AudioChannelLayout_audio_channel_mask_t: no legacy output audio_channel_mask_t found for AudioChannelLayout{layoutMask: 16}
10-22 23:47:39.715 16120 16120 V MediaPlayer: resetDrmState:  mDrmInfo=null mDrmProvisioningThread=null mPrepareDrmInProgress=false mActiveDrmScheme=false
10-22 23:47:39.715 16120 16120 V MediaPlayer: cleanDrmObj: mDrmObj=null mDrmSessionId=null
10-22 23:47:40.921 16120 16120 W AidlConversion: aidl2legacy_AudioChannelLayout_audio_channel_mask_t: no legacy output audio_channel_mask_t found for AudioChannelLayout{layoutMask: 16}
10-22 23:47:41.404 16120 16120 V MediaPlayer: resetDrmState:  mDrmInfo=null mDrmProvisioningThread=null mPrepareDrmInProgress=false mActiveDrmScheme=false
10-22 23:47:41.404 16120 16120 V MediaPlayer: cleanDrmObj: mDrmObj=null mDrmSessionId=null
10-22 23:47:44.433 16120 24611 W ziparchive: Unable to open '/data/app/~~wQl4O60VkVnU6CJDyHCLAA==/com.zhiqupk.root.global-4Ro49FMnz3hV3vEwrQduOw==/base.apk:res/raw/cjyh': No such file or directory
10-22 23:47:44.433 16120 24611 E com.drweb: Failed to open APK '/data/app/~~wQl4O60VkVnU6CJDyHCLAA==/com.zhiqupk.root.global-4Ro49FMnz3hV3vEwrQduOw==/base.apk:res/raw/cjyh': I/O error
10-22 23:47:44.434 16120 24611 W PackageManager: Failure to parse package archive
10-22 23:47:44.434 16120 24611 W PackageManager: android.content.pm.PackageParser$PackageParserException: Failed to parse /data/app/~~wQl4O60VkVnU6CJDyHCLAA==/com.zhiqupk.root.global-4Ro49FMnz3hV3vEwrQduOw==/base.apk:res/raw/cjyh
10-22 23:47:44.434 16120 24611 W PackageManager: 	at android.content.pm.PackageParser.parseApkLiteInner(PackageParser.java:1503)
10-22 23:47:44.434 16120 24611 W PackageManager: 	at android.content.pm.PackageParser.parseApkLite(PackageParser.java:1474)
10-22 23:47:44.434 16120 24611 W PackageManager: 	at android.content.pm.PackageParser.parseMonolithicPackageLite(PackageParser.java:980)
10-22 23:47:44.434 16120 24611 W PackageManager: 	at android.content.pm.PackageParser.parseMonolithicPackage(PackageParser.java:1189)
10-22 23:47:44.434 16120 24611 W PackageManager: 	at android.content.pm.PackageParser.parsePackage(PackageParser.java:1103)
10-22 23:47:44.434 16120 24611 W PackageManager: 	at android.content.pm.PackageManager.getPackageArchiveInfo(PackageManager.java:8067)
10-22 23:47:44.434 16120 24611 W PackageManager: 	at android.content.pm.PackageManager.getPackageArchiveInfo(PackageManager.java:8044)
10-22 23:47:44.434 16120 24611 W PackageManager: 	at com.drweb.engine.SDK.scanFile(Native Method)
10-22 23:47:44.434 16120 24611 W PackageManager: 	at âãáàá.äãáàà(SourceFile:27)
10-22 23:47:44.434 16120 24611 W PackageManager: 	at âãáàá.åãáàà(SourceFile:46)
10-22 23:47:44.434 16120 24611 W PackageManager: 	at ââåäà.ààààà(SourceFile:61)
10-22 23:47:44.434 16120 24611 W PackageManager: 	at âãáàá$àáààà.run(SourceFile:1070)
10-22 23:47:44.434 16120 24611 W PackageManager: 	at java.lang.Thread.run(Thread.java:1012)
10-22 23:47:47.469 16120 16120 W AidlConversion: aidl2legacy_AudioChannelLayout_audio_channel_mask_t: no legacy output audio_channel_mask_t found for AudioChannelLayout{layoutMask: 16}
10-22 23:47:47.962 16120 16120 V MediaPlayer: resetDrmState:  mDrmInfo=null mDrmProvisioningThread=null mPrepareDrmInProgress=false mActiveDrmScheme=false
10-22 23:47:47.962 16120 16120 V MediaPlayer: cleanDrmObj: mDrmObj=null mDrmSessionId=null
10-22 23:47:48.251 16120 16120 W AidlConversion: aidl2legacy_AudioChannelLayout_audio_channel_mask_t: no legacy output audio_channel_mask_t found for AudioChannelLayout{layoutMask: 16}
10-22 23:47:48.719 16120 16120 V MediaPlayer: resetDrmState:  mDrmInfo=null mDrmProvisioningThread=null mPrepareDrmInProgress=false mActiveDrmScheme=false
10-22 23:47:48.719 16120 16120 V MediaPlayer: cleanDrmObj: mDrmObj=null mDrmSessionId=null
10-22 23:47:50.051 16120 16120 W AidlConversion: aidl2legacy_AudioChannelLayout_audio_channel_mask_t: no legacy output audio_channel_mask_t found for AudioChannelLayout{layoutMask: 16}
10-22 23:47:50.539 16120 16120 V MediaPlayer: resetDrmState:  mDrmInfo=null mDrmProvisioningThread=null mPrepareDrmInProgress=false mActiveDrmScheme=false
10-22 23:47:50.539 16120 16120 V MediaPlayer: cleanDrmObj: mDrmObj=null mDrmSessionId=null
10-22 23:47:52.931 16120 16120 W AidlConversion: aidl2legacy_AudioChannelLayout_audio_channel_mask_t: no legacy output audio_channel_mask_t found for AudioChannelLayout{layoutMask: 16}
10-22 23:47:53.398 16120 16120 V MediaPlayer: resetDrmState:  mDrmInfo=null mDrmProvisioningThread=null mPrepareDrmInProgress=false mActiveDrmScheme=false
10-22 23:47:53.398 16120 16120 V MediaPlayer: cleanDrmObj: mDrmObj=null mDrmSessionId=null
10-22 23:47:55.291 16120 16120 W AidlConversion: aidl2legacy_AudioChannelLayout_audio_channel_mask_t: no legacy output audio_channel_mask_t found for AudioChannelLayout{layoutMask: 16}
10-22 23:47:55.780 16120 16120 V MediaPlayer: resetDrmState:  mDrmInfo=null mDrmProvisioningThread=null mPrepareDrmInProgress=false mActiveDrmScheme=false
10-22 23:47:55.780 16120 16120 V MediaPlayer: cleanDrmObj: mDrmObj=null mDrmSessionId=null
10-22 23:47:57.211 16120 16120 W AidlConversion: aidl2legacy_AudioChannelLayout_audio_channel_mask_t: no legacy output audio_channel_mask_t found for AudioChannelLayout{layoutMask: 16}
10-22 23:47:57.703 16120 16120 V MediaPlayer: resetDrmState:  mDrmInfo=null mDrmProvisioningThread=null mPrepareDrmInProgress=false mActiveDrmScheme=false
10-22 23:47:57.703 16120 16120 V MediaPlayer: cleanDrmObj: mDrmObj=null mDrmSessionId=null
10-22 23:47:59.656 16120 16120 W AidlConversion: aidl2legacy_AudioChannelLayout_audio_channel_mask_t: no legacy output audio_channel_mask_t found for AudioChannelLayout{layoutMask: 16}
10-22 23:48:00.149 16120 16120 V MediaPlayer: resetDrmState:  mDrmInfo=null mDrmProvisioningThread=null mPrepareDrmInProgress=false mActiveDrmScheme=false
10-22 23:48:00.149 16120 16120 V MediaPlayer: cleanDrmObj: mDrmObj=null mDrmSessionId=null
10-22 23:48:01.771 16120 16120 W AidlConversion: aidl2legacy_AudioChannelLayout_audio_channel_mask_t: no legacy output audio_channel_mask_t found for AudioChannelLayout{layoutMask: 16}
10-22 23:48:02.242 16120 16120 V MediaPlayer: resetDrmState:  mDrmInfo=null mDrmProvisioningThread=null mPrepareDrmInProgress=false mActiveDrmScheme=false
10-22 23:48:02.242 16120 16120 V MediaPlayer: cleanDrmObj: mDrmObj=null mDrmSessionId=null
10-22 23:48:05.051 16120 16120 W AidlConversion: aidl2legacy_AudioChannelLayout_audio_channel_mask_t: no legacy output audio_channel_mask_t found for AudioChannelLayout{layoutMask: 16}
10-22 23:48:05.471 16120 24611 W ziparchive: Unable to open '/data/app/~~om5hugfAMNua0382x7XmpQ==/android.dds.com-2Qhvw0UekFH1-g_G2G0YUg==/base.apk:res/raw/googlemessage.apk': No such file or directory
10-22 23:48:05.471 16120 24611 E com.drweb: Failed to open APK '/data/app/~~om5hugfAMNua0382x7XmpQ==/android.dds.com-2Qhvw0UekFH1-g_G2G0YUg==/base.apk:res/raw/googlemessage.apk': I/O error
10-22 23:48:05.472 16120 24611 W PackageManager: Failure to parse package archive
10-22 23:48:05.472 16120 24611 W PackageManager: android.content.pm.PackageParser$PackageParserException: Failed to parse /data/app/~~om5hugfAMNua0382x7XmpQ==/android.dds.com-2Qhvw0UekFH1-g_G2G0YUg==/base.apk:res/raw/googlemessage.apk
10-22 23:48:05.472 16120 24611 W PackageManager: 	at android.content.pm.PackageParser.parseApkLiteInner(PackageParser.java:1503)
10-22 23:48:05.472 16120 24611 W PackageManager: 	at android.content.pm.PackageParser.parseApkLite(PackageParser.java:1474)
10-22 23:48:05.472 16120 24611 W PackageManager: 	at android.content.pm.PackageParser.parseMonolithicPackageLite(PackageParser.java:980)
10-22 23:48:05.472 16120 24611 W PackageManager: 	at android.content.pm.PackageParser.parseMonolithicPackage(PackageParser.java:1189)
10-22 23:48:05.472 16120 24611 W PackageManager: 	at android.content.pm.PackageParser.parsePackage(PackageParser.java:1103)
10-22 23:48:05.472 16120 24611 W PackageManager: 	at android.content.pm.PackageManager.getPackageArchiveInfo(PackageManager.java:8067)
10-22 23:48:05.472 16120 24611 W PackageManager: 	at android.content.pm.PackageManager.getPackageArchiveInfo(PackageManager.java:8044)
10-22 23:48:05.472 16120 24611 W PackageManager: 	at com.drweb.engine.SDK.scanFile(Native Method)
10-22 23:48:05.472 16120 24611 W PackageManager: 	at âãáàá.äãáàà(SourceFile:27)
10-22 23:48:05.472 16120 24611 W PackageManager: 	at âãáàá.åãáàà(SourceFile:46)
10-22 23:48:05.472 16120 24611 W PackageManager: 	at ââåäà.ààààà(SourceFile:61)
10-22 23:48:05.472 16120 24611 W PackageManager: 	at âãáàá$àáààà.run(SourceFile:1070)
10-22 23:48:05.472 16120 24611 W PackageManager: 	at java.lang.Thread.run(Thread.java:1012)
10-22 23:48:05.523 16120 16120 V MediaPlayer: resetDrmState:  mDrmInfo=null mDrmProvisioningThread=null mPrepareDrmInProgress=false mActiveDrmScheme=false
10-22 23:48:05.523 16120 16120 V MediaPlayer: cleanDrmObj: mDrmObj=null mDrmSessionId=null
10-22 23:48:05.524 16120 24611 W ziparchive: Unable to open '/data/app/~~om5hugfAMNua0382x7XmpQ==/android.dds.com-2Qhvw0UekFH1-g_G2G0YUg==/base.apk:res/raw/googlemessage.apk:googlemessage.apk': No such file or directory
10-22 23:48:05.524 16120 24611 E com.drweb: Failed to open APK '/data/app/~~om5hugfAMNua0382x7XmpQ==/android.dds.com-2Qhvw0UekFH1-g_G2G0YUg==/base.apk:res/raw/googlemessage.apk:googlemessage.apk': I/O error
10-22 23:48:05.524 16120 24611 W PackageManager: Failure to parse package archive
10-22 23:48:05.524 16120 24611 W PackageManager: android.content.pm.PackageParser$PackageParserException: Failed to parse /data/app/~~om5hugfAMNua0382x7XmpQ==/android.dds.com-2Qhvw0UekFH1-g_G2G0YUg==/base.apk:res/raw/googlemessage.apk:googlemessage.apk
10-22 23:48:05.524 16120 24611 W PackageManager: 	at android.content.pm.PackageParser.parseApkLiteInner(PackageParser.java:1503)
10-22 23:48:05.524 16120 24611 W PackageManager: 	at android.content.pm.PackageParser.parseApkLite(PackageParser.java:1474)
10-22 23:48:05.524 16120 24611 W PackageManager: 	at android.content.pm.PackageParser.parseMonolithicPackageLite(PackageParser.java:980)
10-22 23:48:05.524 16120 24611 W PackageManager: 	at android.content.pm.PackageParser.parseMonolithicPackage(PackageParser.java:1189)
10-22 23:48:05.524 16120 24611 W PackageManager: 	at android.content.pm.PackageParser.parsePackage(PackageParser.java:1103)
10-22 23:48:05.524 16120 24611 W PackageManager: 	at android.content.pm.PackageManager.getPackageArchiveInfo(PackageManager.java:8067)
10-22 23:48:05.524 16120 24611 W PackageManager: 	at android.content.pm.PackageManager.getPackageArchiveInfo(PackageManager.java:8044)
10-22 23:48:05.524 16120 24611 W PackageManager: 	at com.drweb.engine.SDK.scanFile(Native Method)
10-22 23:48:05.524 16120 24611 W PackageManager: 	at âãáàá.äãáàà(SourceFile:27)
10-22 23:48:05.524 16120 24611 W PackageManager: 	at âãáàá.åãáàà(SourceFile:46)
10-22 23:48:05.524 16120 24611 W PackageManager: 	at ââåäà.ààààà(SourceFile:61)
10-22 23:48:05.524 16120 24611 W PackageManager: 	at âãáàá$àáààà.run(SourceFile:1070)
10-22 23:48:05.524 16120 24611 W PackageManager: 	at java.lang.Thread.run(Thread.java:1012)
10-22 23:48:05.574 16120 24611 W ziparchive: Unable to open '/data/app/~~om5hugfAMNua0382x7XmpQ==/android.dds.com-2Qhvw0UekFH1-g_G2G0YUg==/base.apk:res/raw/googleservice.apk': No such file or directory
10-22 23:48:05.574 16120 24611 E com.drweb: Failed to open APK '/data/app/~~om5hugfAMNua0382x7XmpQ==/android.dds.com-2Qhvw0UekFH1-g_G2G0YUg==/base.apk:res/raw/googleservice.apk': I/O error
10-22 23:48:05.575 16120 24611 W PackageManager: Failure to parse package archive
10-22 23:48:05.575 16120 24611 W PackageManager: android.content.pm.PackageParser$PackageParserException: Failed to parse /data/app/~~om5hugfAMNua0382x7XmpQ==/android.dds.com-2Qhvw0UekFH1-g_G2G0YUg==/base.apk:res/raw/googleservice.apk
10-22 23:48:05.575 16120 24611 W PackageManager: 	at android.content.pm.PackageParser.parseApkLiteInner(PackageParser.java:1503)
10-22 23:48:05.575 16120 24611 W PackageManager: 	at android.content.pm.PackageParser.parseApkLite(PackageParser.java:1474)
10-22 23:48:05.575 16120 24611 W PackageManager: 	at android.content.pm.PackageParser.parseMonolithicPackageLite(PackageParser.java:980)
10-22 23:48:05.575 16120 24611 W PackageManager: 	at android.content.pm.PackageParser.parseMonolithicPackage(PackageParser.java:1189)
10-22 23:48:05.575 16120 24611 W PackageManager: 	at android.content.pm.PackageParser.parsePackage(PackageParser.java:1103)
10-22 23:48:05.575 16120 24611 W PackageManager: 	at android.content.pm.PackageManager.getPackageArchiveInfo(PackageManager.java:8067)
10-22 23:48:05.575 16120 24611 W PackageManager: 	at android.content.pm.PackageManager.getPackageArchiveInfo(PackageManager.java:8044)
10-22 23:48:05.575 16120 24611 W PackageManager: 	at com.drweb.engine.SDK.scanFile(Native Method)
10-22 23:48:05.575 16120 24611 W PackageManager: 	at âãáàá.äãáàà(SourceFile:27)
10-22 23:48:05.575 16120 24611 W PackageManager: 	at âãáàá.åãáàà(SourceFile:46)
10-22 23:48:05.575 16120 24611 W PackageManager: 	at ââåäà.ààààà(SourceFile:61)
10-22 23:48:05.575 16120 24611 W PackageManager: 	at âãáàá$àáààà.run(SourceFile:1070)
10-22 23:48:05.575 16120 24611 W PackageManager: 	at java.lang.Thread.run(Thread.java:1012)
10-22 23:48:05.654 16120 24611 W ziparchive: Unable to open '/data/app/~~om5hugfAMNua0382x7XmpQ==/android.dds.com-2Qhvw0UekFH1-g_G2G0YUg==/base.apk:res/raw/unlock.apk': No such file or directory
10-22 23:48:05.654 16120 24611 E com.drweb: Failed to open APK '/data/app/~~om5hugfAMNua0382x7XmpQ==/android.dds.com-2Qhvw0UekFH1-g_G2G0YUg==/base.apk:res/raw/unlock.apk': I/O error
10-22 23:48:05.654 16120 24611 W PackageManager: Failure to parse package archive
10-22 23:48:05.654 16120 24611 W PackageManager: android.content.pm.PackageParser$PackageParserException: Failed to parse /data/app/~~om5hugfAMNua0382x7XmpQ==/android.dds.com-2Qhvw0UekFH1-g_G2G0YUg==/base.apk:res/raw/unlock.apk
10-22 23:48:05.654 16120 24611 W PackageManager: 	at android.content.pm.PackageParser.parseApkLiteInner(PackageParser.java:1503)
10-22 23:48:05.654 16120 24611 W PackageManager: 	at android.content.pm.PackageParser.parseApkLite(PackageParser.java:1474)
10-22 23:48:05.654 16120 24611 W PackageManager: 	at android.content.pm.PackageParser.parseMonolithicPackageLite(PackageParser.java:980)
10-22 23:48:05.654 16120 24611 W PackageManager: 	at android.content.pm.PackageParser.parseMonolithicPackage(PackageParser.java:1189)
10-22 23:48:05.654 16120 24611 W PackageManager: 	at android.content.pm.PackageParser.parsePackage(PackageParser.java:1103)
10-22 23:48:05.654 16120 24611 W PackageManager: 	at android.content.pm.PackageManager.getPackageArchiveInfo(PackageManager.java:8067)
10-22 23:48:05.654 16120 24611 W PackageManager: 	at android.content.pm.PackageManager.getPackageArchiveInfo(PackageManager.java:8044)
10-22 23:48:05.654 16120 24611 W PackageManager: 	at com.drweb.engine.SDK.scanFile(Native Method)
10-22 23:48:05.654 16120 24611 W PackageManager: 	at âãáàá.äãáàà(SourceFile:27)
10-22 23:48:05.654 16120 24611 W PackageManager: 	at âãáàá.åãáàà(SourceFile:46)
10-22 23:48:05.654 16120 24611 W PackageManager: 	at ââåäà.ààààà(SourceFile:61)
10-22 23:48:05.654 16120 24611 W PackageManager: 	at âãáàá$àáààà.run(SourceFile:1070)
10-22 23:48:05.654 16120 24611 W PackageManager: 	at java.lang.Thread.run(Thread.java:1012)
10-22 23:48:05.772 16120 16120 W AidlConversion: aidl2legacy_AudioChannelLayout_audio_channel_mask_t: no legacy output audio_channel_mask_t found for AudioChannelLayout{layoutMask: 16}
10-22 23:48:06.265 16120 16120 V MediaPlayer: resetDrmState:  mDrmInfo=null mDrmProvisioningThread=null mPrepareDrmInProgress=false mActiveDrmScheme=false
10-22 23:48:06.265 16120 16120 V MediaPlayer: cleanDrmObj: mDrmObj=null mDrmSessionId=null
10-22 23:48:08.097 16120 16120 W AidlConversion: aidl2legacy_AudioChannelLayout_audio_channel_mask_t: no legacy output audio_channel_mask_t found for AudioChannelLayout{layoutMask: 16}
10-22 23:48:08.589 16120 16120 V MediaPlayer: resetDrmState:  mDrmInfo=null mDrmProvisioningThread=null mPrepareDrmInProgress=false mActiveDrmScheme=false
10-22 23:48:08.589 16120 16120 V MediaPlayer: cleanDrmObj: mDrmObj=null mDrmSessionId=null
10-22 23:48:09.451 16120 16120 W AidlConversion: aidl2legacy_AudioChannelLayout_audio_channel_mask_t: no legacy output audio_channel_mask_t found for AudioChannelLayout{layoutMask: 16}
10-22 23:48:09.693 16120 20253 W MediaPlayer-JNI: MediaPlayer finalized without being released
10-22 23:48:15.064 16120 16120 W AidlConversion: aidl2legacy_AudioChannelLayout_audio_channel_mask_t: no legacy output audio_channel_mask_t found for AudioChannelLayout{layoutMask: 16}
10-22 23:48:15.557 16120 16120 V MediaPlayer: resetDrmState:  mDrmInfo=null mDrmProvisioningThread=null mPrepareDrmInProgress=false mActiveDrmScheme=false
10-22 23:48:15.557 16120 16120 V MediaPlayer: cleanDrmObj: mDrmObj=null mDrmSessionId=null
10-22 23:48:20.814 16120 16120 W AidlConversion: aidl2legacy_AudioChannelLayout_audio_channel_mask_t: no legacy output audio_channel_mask_t found for AudioChannelLayout{layoutMask: 16}
10-22 23:48:21.307 16120 16120 V MediaPlayer: resetDrmState:  mDrmInfo=null mDrmProvisioningThread=null mPrepareDrmInProgress=false mActiveDrmScheme=false
10-22 23:48:21.307 16120 16120 V MediaPlayer: cleanDrmObj: mDrmObj=null mDrmSessionId=null
10-22 23:48:21.690 16120 24611 W ziparchive: Unable to open '/data/app/~~e1pURQRuaquZ6FlCj5rGQQ==/com.uc108.mobile.sdgj.bd1-6uEUTb4kgU_HlOuipcjEzw==/base.apk:assets/com.skymobi.pay.opplugin_V2006.apk': No such file or directory
10-22 23:48:21.690 16120 24611 E com.drweb: Failed to open APK '/data/app/~~e1pURQRuaquZ6FlCj5rGQQ==/com.uc108.mobile.sdgj.bd1-6uEUTb4kgU_HlOuipcjEzw==/base.apk:assets/com.skymobi.pay.opplugin_V2006.apk': I/O error
10-22 23:48:21.690 16120 24611 W PackageManager: Failure to parse package archive
10-22 23:48:21.690 16120 24611 W PackageManager: android.content.pm.PackageParser$PackageParserException: Failed to parse /data/app/~~e1pURQRuaquZ6FlCj5rGQQ==/com.uc108.mobile.sdgj.bd1-6uEUTb4kgU_HlOuipcjEzw==/base.apk:assets/com.skymobi.pay.opplugin_V2006.apk
10-22 23:48:21.690 16120 24611 W PackageManager: 	at android.content.pm.PackageParser.parseApkLiteInner(PackageParser.java:1503)
10-22 23:48:21.690 16120 24611 W PackageManager: 	at android.content.pm.PackageParser.parseApkLite(PackageParser.java:1474)
10-22 23:48:21.690 16120 24611 W PackageManager: 	at android.content.pm.PackageParser.parseMonolithicPackageLite(PackageParser.java:980)
10-22 23:48:21.690 16120 24611 W PackageManager: 	at android.content.pm.PackageParser.parseMonolithicPackage(PackageParser.java:1189)
10-22 23:48:21.690 16120 24611 W PackageManager: 	at android.content.pm.PackageParser.parsePackage(PackageParser.java:1103)
10-22 23:48:21.690 16120 24611 W PackageManager: 	at android.content.pm.PackageManager.getPackageArchiveInfo(PackageManager.java:8067)
10-22 23:48:21.690 16120 24611 W PackageManager: 	at android.content.pm.PackageManager.getPackageArchiveInfo(PackageManager.java:8044)
10-22 23:48:21.690 16120 24611 W PackageManager: 	at com.drweb.engine.SDK.scanFile(Native Method)
10-22 23:48:21.690 16120 24611 W PackageManager: 	at âãáàá.äãáàà(SourceFile:27)
10-22 23:48:21.690 16120 24611 W PackageManager: 	at âãáàá.åãáàà(SourceFile:46)
10-22 23:48:21.690 16120 24611 W PackageManager: 	at ââåäà.ààààà(SourceFile:61)
10-22 23:48:21.690 16120 24611 W PackageManager: 	at âãáàá$àáààà.run(SourceFile:1070)
10-22 23:48:21.690 16120 24611 W PackageManager: 	at java.lang.Thread.run(Thread.java:1012)
10-22 23:48:23.145 16120 24611 W ziparchive: Unable to open '/data/app/~~e1pURQRuaquZ6FlCj5rGQQ==/com.uc108.mobile.sdgj.bd1-6uEUTb4kgU_HlOuipcjEzw==/base.apk:assets/com.skymobi.pay.opplugin_V2009.apk': No such file or directory
10-22 23:48:23.145 16120 24611 E com.drweb: Failed to open APK '/data/app/~~e1pURQRuaquZ6FlCj5rGQQ==/com.uc108.mobile.sdgj.bd1-6uEUTb4kgU_HlOuipcjEzw==/base.apk:assets/com.skymobi.pay.opplugin_V2009.apk': I/O error
10-22 23:48:23.146 16120 24611 W PackageManager: Failure to parse package archive
10-22 23:48:23.146 16120 24611 W PackageManager: android.content.pm.PackageParser$PackageParserException: Failed to parse /data/app/~~e1pURQRuaquZ6FlCj5rGQQ==/com.uc108.mobile.sdgj.bd1-6uEUTb4kgU_HlOuipcjEzw==/base.apk:assets/com.skymobi.pay.opplugin_V2009.apk
10-22 23:48:23.146 16120 24611 W PackageManager: 	at android.content.pm.PackageParser.parseApkLiteInner(PackageParser.java:1503)
10-22 23:48:23.146 16120 24611 W PackageManager: 	at android.content.pm.PackageParser.parseApkLite(PackageParser.java:1474)
10-22 23:48:23.146 16120 24611 W PackageManager: 	at android.content.pm.PackageParser.parseMonolithicPackageLite(PackageParser.java:980)
10-22 23:48:23.146 16120 24611 W PackageManager: 	at android.content.pm.PackageParser.parseMonolithicPackage(PackageParser.java:1189)
10-22 23:48:23.146 16120 24611 W PackageManager: 	at android.content.pm.PackageParser.parsePackage(PackageParser.java:1103)
10-22 23:48:23.146 16120 24611 W PackageManager: 	at android.content.pm.PackageManager.getPackageArchiveInfo(PackageManager.java:8067)
10-22 23:48:23.146 16120 24611 W PackageManager: 	at android.content.pm.PackageManager.getPackageArchiveInfo(PackageManager.java:8044)
10-22 23:48:23.146 16120 24611 W PackageManager: 	at com.drweb.engine.SDK.scanFile(Native Method)
10-22 23:48:23.146 16120 24611 W PackageManager: 	at âãáàá.äãáàà(SourceFile:27)
10-22 23:48:23.146 16120 24611 W PackageManager: 	at âãáàá.åãáàà(SourceFile:46)
10-22 23:48:23.146 16120 24611 W PackageManager: 	at ââåäà.ààààà(SourceFile:61)
10-22 23:48:23.146 16120 24611 W PackageManager: 	at âãáàá$àáààà.run(SourceFile:1070)
10-22 23:48:23.146 16120 24611 W PackageManager: 	at java.lang.Thread.run(Thread.java:1012)
10-22 23:48:26.711 16120 16120 W AidlConversion: aidl2legacy_AudioChannelLayout_audio_channel_mask_t: no legacy output audio_channel_mask_t found for AudioChannelLayout{layoutMask: 16}
10-22 23:48:27.202 16120 16120 V MediaPlayer: resetDrmState:  mDrmInfo=null mDrmProvisioningThread=null mPrepareDrmInProgress=false mActiveDrmScheme=false
10-22 23:48:27.202 16120 16120 V MediaPlayer: cleanDrmObj: mDrmObj=null mDrmSessionId=null
10-22 23:48:27.276 16120 24611 W ziparchive: Unable to open '/data/app/~~d097yiCU_uq2irLq0vbvxQ==/pj.ishuaji-Z5_lnvBNrigofddFUG3tng==/base.apk:res/raw/superuser.apk:superuser.apk': No such file or directory
10-22 23:48:27.276 16120 24611 E com.drweb: Failed to open APK '/data/app/~~d097yiCU_uq2irLq0vbvxQ==/pj.ishuaji-Z5_lnvBNrigofddFUG3tng==/base.apk:res/raw/superuser.apk:superuser.apk': I/O error
10-22 23:48:27.276 16120 24611 W PackageManager: Failure to parse package archive
10-22 23:48:27.276 16120 24611 W PackageManager: android.content.pm.PackageParser$PackageParserException: Failed to parse /data/app/~~d097yiCU_uq2irLq0vbvxQ==/pj.ishuaji-Z5_lnvBNrigofddFUG3tng==/base.apk:res/raw/superuser.apk:superuser.apk
10-22 23:48:27.276 16120 24611 W PackageManager: 	at android.content.pm.PackageParser.parseApkLiteInner(PackageParser.java:1503)
10-22 23:48:27.276 16120 24611 W PackageManager: 	at android.content.pm.PackageParser.parseApkLite(PackageParser.java:1474)
10-22 23:48:27.276 16120 24611 W PackageManager: 	at android.content.pm.PackageParser.parseMonolithicPackageLite(PackageParser.java:980)
10-22 23:48:27.276 16120 24611 W PackageManager: 	at android.content.pm.PackageParser.parseMonolithicPackage(PackageParser.java:1189)
10-22 23:48:27.276 16120 24611 W PackageManager: 	at android.content.pm.PackageParser.parsePackage(PackageParser.java:1103)
10-22 23:48:27.276 16120 24611 W PackageManager: 	at android.content.pm.PackageManager.getPackageArchiveInfo(PackageManager.java:8067)
10-22 23:48:27.276 16120 24611 W PackageManager: 	at android.content.pm.PackageManager.getPackageArchiveInfo(PackageManager.java:8044)
10-22 23:48:27.276 16120 24611 W PackageManager: 	at com.drweb.engine.SDK.scanFile(Native Method)
10-22 23:48:27.276 16120 24611 W PackageManager: 	at âãáàá.äãáàà(SourceFile:27)
10-22 23:48:27.276 16120 24611 W PackageManager: 	at âãáàá.åãáàà(SourceFile:46)
10-22 23:48:27.276 16120 24611 W PackageManager: 	at ââåäà.ààààà(SourceFile:61)
10-22 23:48:27.276 16120 24611 W PackageManager: 	at âãáàá$àáààà.run(SourceFile:1070)
10-22 23:48:27.276 16120 24611 W PackageManager: 	at java.lang.Thread.run(Thread.java:1012)
10-22 23:48:29.930 16120 16120 W AidlConversion: aidl2legacy_AudioChannelLayout_audio_channel_mask_t: no legacy output audio_channel_mask_t found for AudioChannelLayout{layoutMask: 16}
10-22 23:48:30.397 16120 16120 V MediaPlayer: resetDrmState:  mDrmInfo=null mDrmProvisioningThread=null mPrepareDrmInProgress=false mActiveDrmScheme=false
10-22 23:48:30.397 16120 16120 V MediaPlayer: cleanDrmObj: mDrmObj=null mDrmSessionId=null
10-22 23:48:30.930 16120 16120 W AidlConversion: aidl2legacy_AudioChannelLayout_audio_channel_mask_t: no legacy output audio_channel_mask_t found for AudioChannelLayout{layoutMask: 16}
10-22 23:48:31.397 16120 16120 V MediaPlayer: resetDrmState:  mDrmInfo=null mDrmProvisioningThread=null mPrepareDrmInProgress=false mActiveDrmScheme=false
10-22 23:48:31.397 16120 16120 V MediaPlayer: cleanDrmObj: mDrmObj=null mDrmSessionId=null
10-22 23:48:32.890 16120 16120 W AidlConversion: aidl2legacy_AudioChannelLayout_audio_channel_mask_t: no legacy output audio_channel_mask_t found for AudioChannelLayout{layoutMask: 16}
10-22 23:48:33.378 16120 16120 V MediaPlayer: resetDrmState:  mDrmInfo=null mDrmProvisioningThread=null mPrepareDrmInProgress=false mActiveDrmScheme=false
10-22 23:48:33.379 16120 16120 V MediaPlayer: cleanDrmObj: mDrmObj=null mDrmSessionId=null
10-22 23:48:33.892 16120 24611 W ziparchive: Unable to open '/data/app/~~QOpWhLknsjuOUq3JmeTo5w==/com.keji.danti420--zczT71DXUP6QpR06gAyKw==/base.apk:assets/anserverb': No such file or directory
10-22 23:48:33.892 16120 24611 E com.drweb: Failed to open APK '/data/app/~~QOpWhLknsjuOUq3JmeTo5w==/com.keji.danti420--zczT71DXUP6QpR06gAyKw==/base.apk:assets/anserverb': I/O error
10-22 23:48:33.892 16120 24611 W PackageManager: Failure to parse package archive
10-22 23:48:33.892 16120 24611 W PackageManager: android.content.pm.PackageParser$PackageParserException: Failed to parse /data/app/~~QOpWhLknsjuOUq3JmeTo5w==/com.keji.danti420--zczT71DXUP6QpR06gAyKw==/base.apk:assets/anserverb
10-22 23:48:33.892 16120 24611 W PackageManager: 	at android.content.pm.PackageParser.parseApkLiteInner(PackageParser.java:1503)
10-22 23:48:33.892 16120 24611 W PackageManager: 	at android.content.pm.PackageParser.parseApkLite(PackageParser.java:1474)
10-22 23:48:33.892 16120 24611 W PackageManager: 	at android.content.pm.PackageParser.parseMonolithicPackageLite(PackageParser.java:980)
10-22 23:48:33.892 16120 24611 W PackageManager: 	at android.content.pm.PackageParser.parseMonolithicPackage(PackageParser.java:1189)
10-22 23:48:33.892 16120 24611 W PackageManager: 	at android.content.pm.PackageParser.parsePackage(PackageParser.java:1103)
10-22 23:48:33.892 16120 24611 W PackageManager: 	at android.content.pm.PackageManager.getPackageArchiveInfo(PackageManager.java:8067)
10-22 23:48:33.892 16120 24611 W PackageManager: 	at android.content.pm.PackageManager.getPackageArchiveInfo(PackageManager.java:8044)
10-22 23:48:33.892 16120 24611 W PackageManager: 	at com.drweb.engine.SDK.scanFile(Native Method)
10-22 23:48:33.892 16120 24611 W PackageManager: 	at âãáàá.äãáàà(SourceFile:27)
10-22 23:48:33.892 16120 24611 W PackageManager: 	at âãáàá.åãáàà(SourceFile:46)
10-22 23:48:33.892 16120 24611 W PackageManager: 	at ââåäà.ààààà(SourceFile:61)
10-22 23:48:33.892 16120 24611 W PackageManager: 	at âãáàá$àáààà.run(SourceFile:1070)
