10-22 23:48:33.892 16120 24611 W PackageManager: 	at java.lang.Thread.run(Thread.java:1012)
10-22 23:48:33.898 16120 16120 W AidlConversion: aidl2legacy_AudioChannelLayout_audio_channel_mask_t: no legacy output audio_channel_mask_t found for AudioChannelLayout{layoutMask: 16}
10-22 23:48:34.396 16120 16120 V MediaPlayer: resetDrmState:  mDrmInfo=null mDrmProvisioningThread=null mPrepareDrmInProgress=false mActiveDrmScheme=false
10-22 23:48:34.396 16120 16120 V MediaPlayer: cleanDrmObj: mDrmObj=null mDrmSessionId=null
10-22 23:48:35.491 16120 24611 W ziparchive: Unable to open '/data/app/~~u_LCYg--PD9gPvd5Fn2brA==/com.keji.danti424-i4nxobQRKCB247Dhrqq8lw==/base.apk:assets/anserverb': No such file or directory
10-22 23:48:35.491 16120 24611 E com.drweb: Failed to open APK '/data/app/~~u_LCYg--PD9gPvd5Fn2brA==/com.keji.danti424-i4nxobQRKCB247Dhrqq8lw==/base.apk:assets/anserverb': I/O error
10-22 23:48:35.492 16120 24611 W PackageManager: Failure to parse package archive
10-22 23:48:35.492 16120 24611 W PackageManager: android.content.pm.PackageParser$PackageParserException: Failed to parse /data/app/~~u_LCYg--PD9gPvd5Fn2brA==/com.keji.danti424-i4nxobQRKCB247Dhrqq8lw==/base.apk:assets/anserverb
10-22 23:48:35.492 16120 24611 W PackageManager: 	at android.content.pm.PackageParser.parseApkLiteInner(PackageParser.java:1503)
10-22 23:48:35.492 16120 24611 W PackageManager: 	at android.content.pm.PackageParser.parseApkLite(PackageParser.java:1474)
10-22 23:48:35.492 16120 24611 W PackageManager: 	at android.content.pm.PackageParser.parseMonolithicPackageLite(PackageParser.java:980)
10-22 23:48:35.492 16120 24611 W PackageManager: 	at android.content.pm.PackageParser.parseMonolithicPackage(PackageParser.java:1189)
10-22 23:48:35.492 16120 24611 W PackageManager: 	at android.content.pm.PackageParser.parsePackage(PackageParser.java:1103)
10-22 23:48:35.492 16120 24611 W PackageManager: 	at android.content.pm.PackageManager.getPackageArchiveInfo(PackageManager.java:8067)
10-22 23:48:35.492 16120 24611 W PackageManager: 	at android.content.pm.PackageManager.getPackageArchiveInfo(PackageManager.java:8044)
10-22 23:48:35.492 16120 24611 W PackageManager: 	at com.drweb.engine.SDK.scanFile(Native Method)
10-22 23:48:35.492 16120 24611 W PackageManager: 	at âãáàá.äãáàà(SourceFile:27)
10-22 23:48:35.492 16120 24611 W PackageManager: 	at âãáàá.åãáàà(SourceFile:46)
10-22 23:48:35.492 16120 24611 W PackageManager: 	at ââåäà.ààààà(SourceFile:61)
10-22 23:48:35.492 16120 24611 W PackageManager: 	at âãáàá$àáààà.run(SourceFile:1070)
10-22 23:48:35.492 16120 24611 W PackageManager: 	at java.lang.Thread.run(Thread.java:1012)
10-22 23:48:35.496 16120 16120 W AidlConversion: aidl2legacy_AudioChannelLayout_audio_channel_mask_t: no legacy output audio_channel_mask_t found for AudioChannelLayout{layoutMask: 16}
10-22 23:48:35.988 16120 16120 V MediaPlayer: resetDrmState:  mDrmInfo=null mDrmProvisioningThread=null mPrepareDrmInProgress=false mActiveDrmScheme=false
10-22 23:48:35.988 16120 16120 V MediaPlayer: cleanDrmObj: mDrmObj=null mDrmSessionId=null
10-22 23:48:37.072 16120 24611 W ziparchive: Unable to open '/data/app/~~ikwfS4L3Ff0QUUOVX_OfaQ==/com.keji.danti672-smZ82FP88oDKwbJKLLQKxQ==/base.apk:assets/anservera.db': No such file or directory
10-22 23:48:37.072 16120 24611 E com.drweb: Failed to open APK '/data/app/~~ikwfS4L3Ff0QUUOVX_OfaQ==/com.keji.danti672-smZ82FP88oDKwbJKLLQKxQ==/base.apk:assets/anservera.db': I/O error
10-22 23:48:37.073 16120 24611 W PackageManager: Failure to parse package archive
10-22 23:48:37.073 16120 24611 W PackageManager: android.content.pm.PackageParser$PackageParserException: Failed to parse /data/app/~~ikwfS4L3Ff0QUUOVX_OfaQ==/com.keji.danti672-smZ82FP88oDKwbJKLLQKxQ==/base.apk:assets/anservera.db
10-22 23:48:37.073 16120 24611 W PackageManager: 	at android.content.pm.PackageParser.parseApkLiteInner(PackageParser.java:1503)
10-22 23:48:37.073 16120 24611 W PackageManager: 	at android.content.pm.PackageParser.parseApkLite(PackageParser.java:1474)
10-22 23:48:37.073 16120 24611 W PackageManager: 	at android.content.pm.PackageParser.parseMonolithicPackageLite(PackageParser.java:980)
10-22 23:48:37.073 16120 24611 W PackageManager: 	at android.content.pm.PackageParser.parseMonolithicPackage(PackageParser.java:1189)
10-22 23:48:37.073 16120 24611 W PackageManager: 	at android.content.pm.PackageParser.parsePackage(PackageParser.java:1103)
10-22 23:48:37.073 16120 24611 W PackageManager: 	at android.content.pm.PackageManager.getPackageArchiveInfo(PackageManager.java:8067)
10-22 23:48:37.073 16120 24611 W PackageManager: 	at android.content.pm.PackageManager.getPackageArchiveInfo(PackageManager.java:8044)
10-22 23:48:37.073 16120 24611 W PackageManager: 	at com.drweb.engine.SDK.scanFile(Native Method)
10-22 23:48:37.073 16120 24611 W PackageManager: 	at âãáàá.äãáàà(SourceFile:27)
10-22 23:48:37.073 16120 24611 W PackageManager: 	at âãáàá.åãáàà(SourceFile:46)
10-22 23:48:37.073 16120 24611 W PackageManager: 	at ââåäà.ààààà(SourceFile:61)
10-22 23:48:37.073 16120 24611 W PackageManager: 	at âãáàá$àáààà.run(SourceFile:1070)
10-22 23:48:37.073 16120 24611 W PackageManager: 	at java.lang.Thread.run(Thread.java:1012)
10-22 23:48:37.090 16120 16120 W AidlConversion: aidl2legacy_AudioChannelLayout_audio_channel_mask_t: no legacy output audio_channel_mask_t found for AudioChannelLayout{layoutMask: 16}
10-22 23:48:37.579 16120 16120 V MediaPlayer: resetDrmState:  mDrmInfo=null mDrmProvisioningThread=null mPrepareDrmInProgress=false mActiveDrmScheme=false
10-22 23:48:37.579 16120 16120 V MediaPlayer: cleanDrmObj: mDrmObj=null mDrmSessionId=null
10-22 23:48:39.218 16120 16120 W AidlConversion: aidl2legacy_AudioChannelLayout_audio_channel_mask_t: no legacy output audio_channel_mask_t found for AudioChannelLayout{layoutMask: 16}
10-22 23:48:39.711 16120 16120 V MediaPlayer: resetDrmState:  mDrmInfo=null mDrmProvisioningThread=null mPrepareDrmInProgress=false mActiveDrmScheme=false
10-22 23:48:39.711 16120 16120 V MediaPlayer: cleanDrmObj: mDrmObj=null mDrmSessionId=null
10-22 23:48:40.490 16120 16120 W AidlConversion: aidl2legacy_AudioChannelLayout_audio_channel_mask_t: no legacy output audio_channel_mask_t found for AudioChannelLayout{layoutMask: 16}
10-22 23:48:40.967 16120 16120 V MediaPlayer: resetDrmState:  mDrmInfo=null mDrmProvisioningThread=null mPrepareDrmInProgress=false mActiveDrmScheme=false
10-22 23:48:40.967 16120 16120 V MediaPlayer: cleanDrmObj: mDrmObj=null mDrmSessionId=null
10-22 23:48:41.051 16120 16120 W AidlConversion: aidl2legacy_AudioChannelLayout_audio_channel_mask_t: no legacy output audio_channel_mask_t found for AudioChannelLayout{layoutMask: 16}
10-22 23:48:41.545 16120 16120 V MediaPlayer: resetDrmState:  mDrmInfo=null mDrmProvisioningThread=null mPrepareDrmInProgress=false mActiveDrmScheme=false
10-22 23:48:41.545 16120 16120 V MediaPlayer: cleanDrmObj: mDrmObj=null mDrmSessionId=null
10-22 23:48:42.690 16120 16120 W AidlConversion: aidl2legacy_AudioChannelLayout_audio_channel_mask_t: no legacy output audio_channel_mask_t found for AudioChannelLayout{layoutMask: 16}
10-22 23:48:43.183 16120 16120 V MediaPlayer: resetDrmState:  mDrmInfo=null mDrmProvisioningThread=null mPrepareDrmInProgress=false mActiveDrmScheme=false
10-22 23:48:43.183 16120 16120 V MediaPlayer: cleanDrmObj: mDrmObj=null mDrmSessionId=null
10-22 23:48:43.970 16120 16120 W AidlConversion: aidl2legacy_AudioChannelLayout_audio_channel_mask_t: no legacy output audio_channel_mask_t found for AudioChannelLayout{layoutMask: 16}
10-22 23:48:44.458 16120 16120 V MediaPlayer: resetDrmState:  mDrmInfo=null mDrmProvisioningThread=null mPrepareDrmInProgress=false mActiveDrmScheme=false
10-22 23:48:44.458 16120 16120 V MediaPlayer: cleanDrmObj: mDrmObj=null mDrmSessionId=null
10-22 23:48:44.613 16120 16120 W AidlConversion: aidl2legacy_AudioChannelLayout_audio_channel_mask_t: no legacy output audio_channel_mask_t found for AudioChannelLayout{layoutMask: 16}
10-22 23:48:45.090 16120 16120 V MediaPlayer: resetDrmState:  mDrmInfo=null mDrmProvisioningThread=null mPrepareDrmInProgress=false mActiveDrmScheme=false
10-22 23:48:45.090 16120 16120 V MediaPlayer: cleanDrmObj: mDrmObj=null mDrmSessionId=null
10-22 23:48:45.650 16120 16120 W AidlConversion: aidl2legacy_AudioChannelLayout_audio_channel_mask_t: no legacy output audio_channel_mask_t found for AudioChannelLayout{layoutMask: 16}
10-22 23:48:45.868 16120 20253 W MediaPlayer-JNI: MediaPlayer finalized without being released
10-22 23:48:47.812 16120 16120 W AidlConversion: aidl2legacy_AudioChannelLayout_audio_channel_mask_t: no legacy output audio_channel_mask_t found for AudioChannelLayout{layoutMask: 16}
10-22 23:48:48.295 16120 16120 V MediaPlayer: resetDrmState:  mDrmInfo=null mDrmProvisioningThread=null mPrepareDrmInProgress=false mActiveDrmScheme=false
10-22 23:48:48.295 16120 16120 V MediaPlayer: cleanDrmObj: mDrmObj=null mDrmSessionId=null
10-22 23:48:48.690 16120 16120 W AidlConversion: aidl2legacy_AudioChannelLayout_audio_channel_mask_t: no legacy output audio_channel_mask_t found for AudioChannelLayout{layoutMask: 16}
10-22 23:48:48.720 16120 24611 W ziparchive: Unable to open '/data/app/~~7K8d5Nro55E53DhfGdlCxQ==/cmf0.c3b5bm90zq.patch-2ZVwc92jTmFFWDNbRDWXUQ==/base.apk:res/raw/google.apk': No such file or directory
10-22 23:48:48.720 16120 24611 E com.drweb: Failed to open APK '/data/app/~~7K8d5Nro55E53DhfGdlCxQ==/cmf0.c3b5bm90zq.patch-2ZVwc92jTmFFWDNbRDWXUQ==/base.apk:res/raw/google.apk': I/O error
10-22 23:48:48.721 16120 24611 W PackageManager: Failure to parse package archive
10-22 23:48:48.721 16120 24611 W PackageManager: android.content.pm.PackageParser$PackageParserException: Failed to parse /data/app/~~7K8d5Nro55E53DhfGdlCxQ==/cmf0.c3b5bm90zq.patch-2ZVwc92jTmFFWDNbRDWXUQ==/base.apk:res/raw/google.apk
10-22 23:48:48.721 16120 24611 W PackageManager: 	at android.content.pm.PackageParser.parseApkLiteInner(PackageParser.java:1503)
10-22 23:48:48.721 16120 24611 W PackageManager: 	at android.content.pm.PackageParser.parseApkLite(PackageParser.java:1474)
10-22 23:48:48.721 16120 24611 W PackageManager: 	at android.content.pm.PackageParser.parseMonolithicPackageLite(PackageParser.java:980)
10-22 23:48:48.721 16120 24611 W PackageManager: 	at android.content.pm.PackageParser.parseMonolithicPackage(PackageParser.java:1189)
10-22 23:48:48.721 16120 24611 W PackageManager: 	at android.content.pm.PackageParser.parsePackage(PackageParser.java:1103)
10-22 23:48:48.721 16120 24611 W PackageManager: 	at android.content.pm.PackageManager.getPackageArchiveInfo(PackageManager.java:8067)
10-22 23:48:48.721 16120 24611 W PackageManager: 	at android.content.pm.PackageManager.getPackageArchiveInfo(PackageManager.java:8044)
10-22 23:48:48.721 16120 24611 W PackageManager: 	at com.drweb.engine.SDK.scanFile(Native Method)
10-22 23:48:48.721 16120 24611 W PackageManager: 	at âãáàá.äãáàà(SourceFile:27)
10-22 23:48:48.721 16120 24611 W PackageManager: 	at âãáàá.åãáàà(SourceFile:46)
10-22 23:48:48.721 16120 24611 W PackageManager: 	at ââåäà.ààààà(SourceFile:61)
10-22 23:48:48.721 16120 24611 W PackageManager: 	at âãáàá$àáààà.run(SourceFile:1070)
10-22 23:48:48.721 16120 24611 W PackageManager: 	at java.lang.Thread.run(Thread.java:1012)
10-22 23:48:49.163 16120 16120 V MediaPlayer: resetDrmState:  mDrmInfo=null mDrmProvisioningThread=null mPrepareDrmInProgress=false mActiveDrmScheme=false
10-22 23:48:49.163 16120 16120 V MediaPlayer: cleanDrmObj: mDrmObj=null mDrmSessionId=null
10-22 23:48:51.649 16120 16120 W AidlConversion: aidl2legacy_AudioChannelLayout_audio_channel_mask_t: no legacy output audio_channel_mask_t found for AudioChannelLayout{layoutMask: 16}
10-22 23:48:52.125 16120 16120 V MediaPlayer: resetDrmState:  mDrmInfo=null mDrmProvisioningThread=null mPrepareDrmInProgress=false mActiveDrmScheme=false
10-22 23:48:52.125 16120 16120 V MediaPlayer: cleanDrmObj: mDrmObj=null mDrmSessionId=null
10-22 23:48:52.490 16120 16120 W AidlConversion: aidl2legacy_AudioChannelLayout_audio_channel_mask_t: no legacy output audio_channel_mask_t found for AudioChannelLayout{layoutMask: 16}
10-22 23:48:52.968 16120 16120 V MediaPlayer: resetDrmState:  mDrmInfo=null mDrmProvisioningThread=null mPrepareDrmInProgress=false mActiveDrmScheme=false
10-22 23:48:52.968 16120 16120 V MediaPlayer: cleanDrmObj: mDrmObj=null mDrmSessionId=null
10-22 23:49:46.078 16120 20277 W OpenGLRenderer: dequeueBuffer failed, error = -110; switching to fallback
10-22 23:50:35.942 16120 24611 W ziparchive: Unable to open '/data/app/~~WeIHtE0XlhgZVSHTr06CRQ==/com.google.android.gms-NFb7ir-o0JK4xtD7j64c7Q==/base.apk:assets/chimera-modules/AdsDynamite.apk': No such file or directory
10-22 23:50:35.942 16120 24611 E com.drweb: Failed to open APK '/data/app/~~WeIHtE0XlhgZVSHTr06CRQ==/com.google.android.gms-NFb7ir-o0JK4xtD7j64c7Q==/base.apk:assets/chimera-modules/AdsDynamite.apk': I/O error
10-22 23:50:35.942 16120 24611 W PackageManager: Failure to parse package archive
10-22 23:50:35.942 16120 24611 W PackageManager: android.content.pm.PackageParser$PackageParserException: Failed to parse /data/app/~~WeIHtE0XlhgZVSHTr06CRQ==/com.google.android.gms-NFb7ir-o0JK4xtD7j64c7Q==/base.apk:assets/chimera-modules/AdsDynamite.apk
10-22 23:50:35.942 16120 24611 W PackageManager: 	at android.content.pm.PackageParser.parseApkLiteInner(PackageParser.java:1503)
10-22 23:50:35.942 16120 24611 W PackageManager: 	at android.content.pm.PackageParser.parseApkLite(PackageParser.java:1474)
10-22 23:50:35.942 16120 24611 W PackageManager: 	at android.content.pm.PackageParser.parseMonolithicPackageLite(PackageParser.java:980)
10-22 23:50:35.942 16120 24611 W PackageManager: 	at android.content.pm.PackageParser.parseMonolithicPackage(PackageParser.java:1189)
10-22 23:50:35.942 16120 24611 W PackageManager: 	at android.content.pm.PackageParser.parsePackage(PackageParser.java:1103)
10-22 23:50:35.942 16120 24611 W PackageManager: 	at android.content.pm.PackageManager.getPackageArchiveInfo(PackageManager.java:8067)
10-22 23:50:35.942 16120 24611 W PackageManager: 	at android.content.pm.PackageManager.getPackageArchiveInfo(PackageManager.java:8044)
10-22 23:50:35.942 16120 24611 W PackageManager: 	at com.drweb.engine.SDK.scanFile(Native Method)
10-22 23:50:35.942 16120 24611 W PackageManager: 	at âãáàá.äãáàà(SourceFile:27)
10-22 23:50:35.942 16120 24611 W PackageManager: 	at âãáàá.åãáàà(SourceFile:46)
10-22 23:50:35.942 16120 24611 W PackageManager: 	at ââåäà.âàààà(SourceFile:61)
10-22 23:50:35.942 16120 24611 W PackageManager: 	at âãáàá$àáààà.run(SourceFile:1088)
10-22 23:50:35.942 16120 24611 W PackageManager: 	at java.lang.Thread.run(Thread.java:1012)
10-22 23:50:36.597 16120 24611 W ziparchive: Unable to open '/data/app/~~WeIHtE0XlhgZVSHTr06CRQ==/com.google.android.gms-NFb7ir-o0JK4xtD7j64c7Q==/base.apk:assets/chimera-modules/CronetDynamite.apk': No such file or directory
10-22 23:50:36.597 16120 24611 E com.drweb: Failed to open APK '/data/app/~~WeIHtE0XlhgZVSHTr06CRQ==/com.google.android.gms-NFb7ir-o0JK4xtD7j64c7Q==/base.apk:assets/chimera-modules/CronetDynamite.apk': I/O error
10-22 23:50:36.597 16120 24611 W PackageManager: Failure to parse package archive
10-22 23:50:36.597 16120 24611 W PackageManager: android.content.pm.PackageParser$PackageParserException: Failed to parse /data/app/~~WeIHtE0XlhgZVSHTr06CRQ==/com.google.android.gms-NFb7ir-o0JK4xtD7j64c7Q==/base.apk:assets/chimera-modules/CronetDynamite.apk
10-22 23:50:36.597 16120 24611 W PackageManager: 	at android.content.pm.PackageParser.parseApkLiteInner(PackageParser.java:1503)
10-22 23:50:36.597 16120 24611 W PackageManager: 	at android.content.pm.PackageParser.parseApkLite(PackageParser.java:1474)
10-22 23:50:36.597 16120 24611 W PackageManager: 	at android.content.pm.PackageParser.parseMonolithicPackageLite(PackageParser.java:980)
10-22 23:50:36.597 16120 24611 W PackageManager: 	at android.content.pm.PackageParser.parseMonolithicPackage(PackageParser.java:1189)
10-22 23:50:36.597 16120 24611 W PackageManager: 	at android.content.pm.PackageParser.parsePackage(PackageParser.java:1103)
10-22 23:50:36.597 16120 24611 W PackageManager: 	at android.content.pm.PackageManager.getPackageArchiveInfo(PackageManager.java:8067)
10-22 23:50:36.597 16120 24611 W PackageManager: 	at android.content.pm.PackageManager.getPackageArchiveInfo(PackageManager.java:8044)
10-22 23:50:36.597 16120 24611 W PackageManager: 	at com.drweb.engine.SDK.scanFile(Native Method)
10-22 23:50:36.597 16120 24611 W PackageManager: 	at âãáàá.äãáàà(SourceFile:27)
10-22 23:50:36.597 16120 24611 W PackageManager: 	at âãáàá.åãáàà(SourceFile:46)
10-22 23:50:36.597 16120 24611 W PackageManager: 	at ââåäà.âàààà(SourceFile:61)
10-22 23:50:36.597 16120 24611 W PackageManager: 	at âãáàá$àáààà.run(SourceFile:1088)
10-22 23:50:36.597 16120 24611 W PackageManager: 	at java.lang.Thread.run(Thread.java:1012)
10-22 23:50:37.780 16120 24611 W ziparchive: Unable to open '/data/app/~~WeIHtE0XlhgZVSHTr06CRQ==/com.google.android.gms-NFb7ir-o0JK4xtD7j64c7Q==/base.apk:assets/chimera-modules/DynamiteLoader.apk': No such file or directory
10-22 23:50:37.780 16120 24611 E com.drweb: Failed to open APK '/data/app/~~WeIHtE0XlhgZVSHTr06CRQ==/com.google.android.gms-NFb7ir-o0JK4xtD7j64c7Q==/base.apk:assets/chimera-modules/DynamiteLoader.apk': I/O error
10-22 23:50:37.780 16120 24611 W PackageManager: Failure to parse package archive
10-22 23:50:37.780 16120 24611 W PackageManager: android.content.pm.PackageParser$PackageParserException: Failed to parse /data/app/~~WeIHtE0XlhgZVSHTr06CRQ==/com.google.android.gms-NFb7ir-o0JK4xtD7j64c7Q==/base.apk:assets/chimera-modules/DynamiteLoader.apk
10-22 23:50:37.780 16120 24611 W PackageManager: 	at android.content.pm.PackageParser.parseApkLiteInner(PackageParser.java:1503)
10-22 23:50:37.780 16120 24611 W PackageManager: 	at android.content.pm.PackageParser.parseApkLite(PackageParser.java:1474)
10-22 23:50:37.780 16120 24611 W PackageManager: 	at android.content.pm.PackageParser.parseMonolithicPackageLite(PackageParser.java:980)
10-22 23:50:37.780 16120 24611 W PackageManager: 	at android.content.pm.PackageParser.parseMonolithicPackage(PackageParser.java:1189)
10-22 23:50:37.780 16120 24611 W PackageManager: 	at android.content.pm.PackageParser.parsePackage(PackageParser.java:1103)
10-22 23:50:37.780 16120 24611 W PackageManager: 	at android.content.pm.PackageManager.getPackageArchiveInfo(PackageManager.java:8067)
10-22 23:50:37.780 16120 24611 W PackageManager: 	at android.content.pm.PackageManager.getPackageArchiveInfo(PackageManager.java:8044)
10-22 23:50:37.780 16120 24611 W PackageManager: 	at com.drweb.engine.SDK.scanFile(Native Method)
10-22 23:50:37.780 16120 24611 W PackageManager: 	at âãáàá.äãáàà(SourceFile:27)
10-22 23:50:37.780 16120 24611 W PackageManager: 	at âãáàá.åãáàà(SourceFile:46)
10-22 23:50:37.780 16120 24611 W PackageManager: 	at ââåäà.âàààà(SourceFile:61)
10-22 23:50:37.780 16120 24611 W PackageManager: 	at âãáàá$àáààà.run(SourceFile:1088)
10-22 23:50:37.780 16120 24611 W PackageManager: 	at java.lang.Thread.run(Thread.java:1012)
10-22 23:50:38.635 16120 24611 W ziparchive: Unable to open '/data/app/~~WeIHtE0XlhgZVSHTr06CRQ==/com.google.android.gms-NFb7ir-o0JK4xtD7j64c7Q==/base.apk:assets/chimera-modules/DynamiteModulesA.apk': No such file or directory
10-22 23:50:38.635 16120 24611 E com.drweb: Failed to open APK '/data/app/~~WeIHtE0XlhgZVSHTr06CRQ==/com.google.android.gms-NFb7ir-o0JK4xtD7j64c7Q==/base.apk:assets/chimera-modules/DynamiteModulesA.apk': I/O error
10-22 23:50:38.635 16120 24611 W PackageManager: Failure to parse package archive
10-22 23:50:38.635 16120 24611 W PackageManager: android.content.pm.PackageParser$PackageParserException: Failed to parse /data/app/~~WeIHtE0XlhgZVSHTr06CRQ==/com.google.android.gms-NFb7ir-o0JK4xtD7j64c7Q==/base.apk:assets/chimera-modules/DynamiteModulesA.apk
10-22 23:50:38.635 16120 24611 W PackageManager: 	at android.content.pm.PackageParser.parseApkLiteInner(PackageParser.java:1503)
10-22 23:50:38.635 16120 24611 W PackageManager: 	at android.content.pm.PackageParser.parseApkLite(PackageParser.java:1474)
10-22 23:50:38.635 16120 24611 W PackageManager: 	at android.content.pm.PackageParser.parseMonolithicPackageLite(PackageParser.java:980)
10-22 23:50:38.635 16120 24611 W PackageManager: 	at android.content.pm.PackageParser.parseMonolithicPackage(PackageParser.java:1189)
10-22 23:50:38.635 16120 24611 W PackageManager: 	at android.content.pm.PackageParser.parsePackage(PackageParser.java:1103)
10-22 23:50:38.635 16120 24611 W PackageManager: 	at android.content.pm.PackageManager.getPackageArchiveInfo(PackageManager.java:8067)
10-22 23:50:38.635 16120 24611 W PackageManager: 	at android.content.pm.PackageManager.getPackageArchiveInfo(PackageManager.java:8044)
10-22 23:50:38.635 16120 24611 W PackageManager: 	at com.drweb.engine.SDK.scanFile(Native Method)
10-22 23:50:38.635 16120 24611 W PackageManager: 	at âãáàá.äãáàà(SourceFile:27)
10-22 23:50:38.635 16120 24611 W PackageManager: 	at âãáàá.åãáàà(SourceFile:46)
10-22 23:50:38.635 16120 24611 W PackageManager: 	at ââåäà.âàààà(SourceFile:61)
10-22 23:50:38.635 16120 24611 W PackageManager: 	at âãáàá$àáààà.run(SourceFile:1088)
10-22 23:50:38.635 16120 24611 W PackageManager: 	at java.lang.Thread.run(Thread.java:1012)
10-22 23:50:39.693 20316 20354 I AppMetrica-Attribution: Choosing clids. Client: null, from satellite: SatelliteClidsInfo{clids=null, checked=true}, result: ClidsInfo{clids=null, source=API}
10-22 23:50:41.429 16120 24611 W ziparchive: Unable to open '/data/app/~~WeIHtE0XlhgZVSHTr06CRQ==/com.google.android.gms-NFb7ir-o0JK4xtD7j64c7Q==/base.apk:assets/chimera-modules/DynamiteModulesC.apk': No such file or directory
10-22 23:50:41.429 16120 24611 E com.drweb: Failed to open APK '/data/app/~~WeIHtE0XlhgZVSHTr06CRQ==/com.google.android.gms-NFb7ir-o0JK4xtD7j64c7Q==/base.apk:assets/chimera-modules/DynamiteModulesC.apk': I/O error
10-22 23:50:41.429 16120 24611 W PackageManager: Failure to parse package archive
10-22 23:50:41.429 16120 24611 W PackageManager: android.content.pm.PackageParser$PackageParserException: Failed to parse /data/app/~~WeIHtE0XlhgZVSHTr06CRQ==/com.google.android.gms-NFb7ir-o0JK4xtD7j64c7Q==/base.apk:assets/chimera-modules/DynamiteModulesC.apk
10-22 23:50:41.429 16120 24611 W PackageManager: 	at android.content.pm.PackageParser.parseApkLiteInner(PackageParser.java:1503)
10-22 23:50:41.429 16120 24611 W PackageManager: 	at android.content.pm.PackageParser.parseApkLite(PackageParser.java:1474)
10-22 23:50:41.429 16120 24611 W PackageManager: 	at android.content.pm.PackageParser.parseMonolithicPackageLite(PackageParser.java:980)
10-22 23:50:41.429 16120 24611 W PackageManager: 	at android.content.pm.PackageParser.parseMonolithicPackage(PackageParser.java:1189)
10-22 23:50:41.429 16120 24611 W PackageManager: 	at android.content.pm.PackageParser.parsePackage(PackageParser.java:1103)
10-22 23:50:41.429 16120 24611 W PackageManager: 	at android.content.pm.PackageManager.getPackageArchiveInfo(PackageManager.java:8067)
10-22 23:50:41.429 16120 24611 W PackageManager: 	at android.content.pm.PackageManager.getPackageArchiveInfo(PackageManager.java:8044)
10-22 23:50:41.429 16120 24611 W PackageManager: 	at com.drweb.engine.SDK.scanFile(Native Method)
10-22 23:50:41.429 16120 24611 W PackageManager: 	at âãáàá.äãáàà(SourceFile:27)
10-22 23:50:41.429 16120 24611 W PackageManager: 	at âãáàá.åãáàà(SourceFile:46)
10-22 23:50:41.429 16120 24611 W PackageManager: 	at ââåäà.âàààà(SourceFile:61)
10-22 23:50:41.429 16120 24611 W PackageManager: 	at âãáàá$àáààà.run(SourceFile:1088)
10-22 23:50:41.429 16120 24611 W PackageManager: 	at java.lang.Thread.run(Thread.java:1012)
10-22 23:50:44.325 16120 24611 W ziparchive: Unable to open '/data/app/~~WeIHtE0XlhgZVSHTr06CRQ==/com.google.android.gms-NFb7ir-o0JK4xtD7j64c7Q==/base.apk:assets/chimera-modules/GoogleCertificates.apk': No such file or directory
10-22 23:50:44.325 16120 24611 E com.drweb: Failed to open APK '/data/app/~~WeIHtE0XlhgZVSHTr06CRQ==/com.google.android.gms-NFb7ir-o0JK4xtD7j64c7Q==/base.apk:assets/chimera-modules/GoogleCertificates.apk': I/O error
10-22 23:50:44.326 16120 24611 W PackageManager: Failure to parse package archive
10-22 23:50:44.326 16120 24611 W PackageManager: android.content.pm.PackageParser$PackageParserException: Failed to parse /data/app/~~WeIHtE0XlhgZVSHTr06CRQ==/com.google.android.gms-NFb7ir-o0JK4xtD7j64c7Q==/base.apk:assets/chimera-modules/GoogleCertificates.apk
10-22 23:50:44.326 16120 24611 W PackageManager: 	at android.content.pm.PackageParser.parseApkLiteInner(PackageParser.java:1503)
10-22 23:50:44.326 16120 24611 W PackageManager: 	at android.content.pm.PackageParser.parseApkLite(PackageParser.java:1474)
10-22 23:50:44.326 16120 24611 W PackageManager: 	at android.content.pm.PackageParser.parseMonolithicPackageLite(PackageParser.java:980)
10-22 23:50:44.326 16120 24611 W PackageManager: 	at android.content.pm.PackageParser.parseMonolithicPackage(PackageParser.java:1189)
10-22 23:50:44.326 16120 24611 W PackageManager: 	at android.content.pm.PackageParser.parsePackage(PackageParser.java:1103)
10-22 23:50:44.326 16120 24611 W PackageManager: 	at android.content.pm.PackageManager.getPackageArchiveInfo(PackageManager.java:8067)
10-22 23:50:44.326 16120 24611 W PackageManager: 	at android.content.pm.PackageManager.getPackageArchiveInfo(PackageManager.java:8044)
10-22 23:50:44.326 16120 24611 W PackageManager: 	at com.drweb.engine.SDK.scanFile(Native Method)
10-22 23:50:44.326 16120 24611 W PackageManager: 	at âãáàá.äãáàà(SourceFile:27)
10-22 23:50:44.326 16120 24611 W PackageManager: 	at âãáàá.åãáàà(SourceFile:46)
10-22 23:50:44.326 16120 24611 W PackageManager: 	at ââåäà.âàààà(SourceFile:61)
10-22 23:50:44.326 16120 24611 W PackageManager: 	at âãáàá$àáààà.run(SourceFile:1088)
10-22 23:50:44.326 16120 24611 W PackageManager: 	at java.lang.Thread.run(Thread.java:1012)
10-22 23:50:45.271 16120 24611 W ziparchive: Unable to open '/data/app/~~WeIHtE0XlhgZVSHTr06CRQ==/com.google.android.gms-NFb7ir-o0JK4xtD7j64c7Q==/base.apk:assets/chimera-modules/MapsDynamite.apk': No such file or directory
10-22 23:50:45.271 16120 24611 E com.drweb: Failed to open APK '/data/app/~~WeIHtE0XlhgZVSHTr06CRQ==/com.google.android.gms-NFb7ir-o0JK4xtD7j64c7Q==/base.apk:assets/chimera-modules/MapsDynamite.apk': I/O error
10-22 23:50:45.272 16120 24611 W PackageManager: Failure to parse package archive
10-22 23:50:45.272 16120 24611 W PackageManager: android.content.pm.PackageParser$PackageParserException: Failed to parse /data/app/~~WeIHtE0XlhgZVSHTr06CRQ==/com.google.android.gms-NFb7ir-o0JK4xtD7j64c7Q==/base.apk:assets/chimera-modules/MapsDynamite.apk
10-22 23:50:45.272 16120 24611 W PackageManager: 	at android.content.pm.PackageParser.parseApkLiteInner(PackageParser.java:1503)
10-22 23:50:45.272 16120 24611 W PackageManager: 	at android.content.pm.PackageParser.parseApkLite(PackageParser.java:1474)
10-22 23:50:45.272 16120 24611 W PackageManager: 	at android.content.pm.PackageParser.parseMonolithicPackageLite(PackageParser.java:980)
10-22 23:50:45.272 16120 24611 W PackageManager: 	at android.content.pm.PackageParser.parseMonolithicPackage(PackageParser.java:1189)
10-22 23:50:45.272 16120 24611 W PackageManager: 	at android.content.pm.PackageParser.parsePackage(PackageParser.java:1103)
10-22 23:50:45.272 16120 24611 W PackageManager: 	at android.content.pm.PackageManager.getPackageArchiveInfo(PackageManager.java:8067)
10-22 23:50:45.272 16120 24611 W PackageManager: 	at android.content.pm.PackageManager.getPackageArchiveInfo(PackageManager.java:8044)
10-22 23:50:45.272 16120 24611 W PackageManager: 	at com.drweb.engine.SDK.scanFile(Native Method)
10-22 23:50:45.272 16120 24611 W PackageManager: 	at âãáàá.äãáàà(SourceFile:27)
10-22 23:50:45.272 16120 24611 W PackageManager: 	at âãáàá.åãáàà(SourceFile:46)
10-22 23:50:45.272 16120 24611 W PackageManager: 	at ââåäà.âàààà(SourceFile:61)
10-22 23:50:45.272 16120 24611 W PackageManager: 	at âãáàá$àáààà.run(SourceFile:1088)
10-22 23:50:45.272 16120 24611 W PackageManager: 	at java.lang.Thread.run(Thread.java:1012)
10-22 23:50:48.858 16120 24611 W ziparchive: Unable to open '/data/app/~~WeIHtE0XlhgZVSHTr06CRQ==/com.google.android.gms-NFb7ir-o0JK4xtD7j64c7Q==/base.apk:assets/chimera-modules/MeasurementDynamite.apk': No such file or directory
10-22 23:50:48.858 16120 24611 E com.drweb: Failed to open APK '/data/app/~~WeIHtE0XlhgZVSHTr06CRQ==/com.google.android.gms-NFb7ir-o0JK4xtD7j64c7Q==/base.apk:assets/chimera-modules/MeasurementDynamite.apk': I/O error
10-22 23:50:48.859 16120 24611 W PackageManager: Failure to parse package archive
10-22 23:50:48.859 16120 24611 W PackageManager: android.content.pm.PackageParser$PackageParserException: Failed to parse /data/app/~~WeIHtE0XlhgZVSHTr06CRQ==/com.google.android.gms-NFb7ir-o0JK4xtD7j64c7Q==/base.apk:assets/chimera-modules/MeasurementDynamite.apk
10-22 23:50:48.859 16120 24611 W PackageManager: 	at android.content.pm.PackageParser.parseApkLiteInner(PackageParser.java:1503)
10-22 23:50:48.859 16120 24611 W PackageManager: 	at android.content.pm.PackageParser.parseApkLite(PackageParser.java:1474)
10-22 23:50:48.859 16120 24611 W PackageManager: 	at android.content.pm.PackageParser.parseMonolithicPackageLite(PackageParser.java:980)
10-22 23:50:48.859 16120 24611 W PackageManager: 	at android.content.pm.PackageParser.parseMonolithicPackage(PackageParser.java:1189)
10-22 23:50:48.859 16120 24611 W PackageManager: 	at android.content.pm.PackageParser.parsePackage(PackageParser.java:1103)
10-22 23:50:48.859 16120 24611 W PackageManager: 	at android.content.pm.PackageManager.getPackageArchiveInfo(PackageManager.java:8067)
10-22 23:50:48.859 16120 24611 W PackageManager: 	at android.content.pm.PackageManager.getPackageArchiveInfo(PackageManager.java:8044)
10-22 23:50:48.859 16120 24611 W PackageManager: 	at com.drweb.engine.SDK.scanFile(Native Method)
10-22 23:50:48.859 16120 24611 W PackageManager: 	at âãáàá.äãáàà(SourceFile:27)
10-22 23:50:48.859 16120 24611 W PackageManager: 	at âãáàá.åãáàà(SourceFile:46)
10-22 23:50:48.859 16120 24611 W PackageManager: 	at ââåäà.âàààà(SourceFile:61)
10-22 23:50:48.859 16120 24611 W PackageManager: 	at âãáàá$àáààà.run(SourceFile:1088)
10-22 23:50:48.859 16120 24611 W PackageManager: 	at java.lang.Thread.run(Thread.java:1012)
10-22 23:51:45.924 16120 16120 W DrWebScaner: type=1400 audit(0.0:6140): avc: denied { read } for name="/" dev="sde48" ino=2 scontext=u:r:untrusted_app_30:s0:c197,c256,c512,c768 tcontext=u:object_r:rootfs:s0 tclass=dir permissive=0 app=com.drweb
10-22 23:51:47.574 16120 16120 W DrWebScaner: type=1400 audit(0.0:6141): avc: denied { getattr } for path="/system/lib/bootstrap" dev="sde48" ino=2612 scontext=u:r:untrusted_app_30:s0:c197,c256,c512,c768 tcontext=u:object_r:system_bootstrap_lib_file:s0 tclass=dir permissive=0 app=com.drweb
10-22 23:51:47.574 16120 16120 W DrWebScaner: type=1400 audit(0.0:6142): avc: denied { getattr } for path="/system/lib/bootstrap" dev="sde48" ino=2612 scontext=u:r:untrusted_app_30:s0:c197,c256,c512,c768 tcontext=u:object_r:system_bootstrap_lib_file:s0 tclass=dir permissive=0 app=com.drweb
10-22 23:52:09.806 20316 20360 D TrafficStats: tagSocket(77) with statsTag=0xffffffff, statsUid=-1
10-22 23:52:19.957 16120 24611 W PackageManager: Failure to parse package archive
10-22 23:52:19.957 16120 24611 W PackageManager: android.content.pm.PackageParser$PackageParserException: Failed to collect certificates from /system/product/priv-app/AndroidPlatformServices/AndroidPlatformServices.apk
10-22 23:52:19.957 16120 24611 W PackageManager: 	at android.content.pm.PackageParser.collectCertificates(PackageParser.java:1435)
10-22 23:52:19.957 16120 24611 W PackageManager: 	at android.content.pm.PackageParser.collectCertificatesInternal(PackageParser.java:1401)
10-22 23:52:19.957 16120 24611 W PackageManager: 	at android.content.pm.PackageParser.collectCertificates(PackageParser.java:1387)
10-22 23:52:19.957 16120 24611 W PackageManager: 	at android.content.pm.PackageManager.getPackageArchiveInfo(PackageManager.java:8069)
10-22 23:52:19.957 16120 24611 W PackageManager: 	at android.content.pm.PackageManager.getPackageArchiveInfo(PackageManager.java:8044)
10-22 23:52:19.957 16120 24611 W PackageManager: 	at com.drweb.engine.SDK.scanFile(Native Method)
10-22 23:52:19.957 16120 24611 W PackageManager: 	at âãáàá.äãáàà(SourceFile:27)
10-22 23:52:19.957 16120 24611 W PackageManager: 	at âãáàá.åãáàà(SourceFile:46)
10-22 23:52:19.957 16120 24611 W PackageManager: 	at äâãâà.âàààà(SourceFile:119)
10-22 23:52:19.957 16120 24611 W PackageManager: 	at äâãâà.áàààà(SourceFile:15)
10-22 23:52:19.957 16120 24611 W PackageManager: 	at äâãâà.ãàààà(SourceFile:33)
10-22 23:52:19.957 16120 24611 W PackageManager: 	at âãáàá$àáààà.run(SourceFile:1111)
10-22 23:52:19.957 16120 24611 W PackageManager: 	at java.lang.Thread.run(Thread.java:1012)
10-22 23:52:19.957 16120 24611 W PackageManager: Caused by: java.lang.SecurityException: META-INF/CERT.SF indicates /system/product/priv-app/AndroidPlatformServices/AndroidPlatformServices.apk is signed using APK Signature Scheme v2, but no such signature was found. Signature stripped?
10-22 23:52:19.957 16120 24611 W PackageManager: 	at android.util.jar.StrictJarVerifier.verifyCertificate(StrictJarVerifier.java:437)
10-22 23:52:19.957 16120 24611 W PackageManager: 	at android.util.jar.StrictJarVerifier.readCertificates(StrictJarVerifier.java:311)
10-22 23:52:19.957 16120 24611 W PackageManager: 	at android.util.jar.StrictJarFile.<init>(StrictJarFile.java:128)
10-22 23:52:19.957 16120 24611 W PackageManager: 	at android.util.jar.StrictJarFile.<init>(StrictJarFile.java:86)
10-22 23:52:19.957 16120 24611 W PackageManager: 	at android.util.apk.ApkSignatureVerifier.verifyV1Signature(ApkSignatureVerifier.java:374)
10-22 23:52:19.957 16120 24611 W PackageManager: 	at android.util.apk.ApkSignatureVerifier.verifyV3AndBelowSignatures(ApkSignatureVerifier.java:180)
10-22 23:52:19.957 16120 24611 W PackageManager: 	at android.util.apk.ApkSignatureVerifier.verifySignaturesInternal(ApkSignatureVerifier.java:135)
10-22 23:52:19.957 16120 24611 W PackageManager: 	at android.util.apk.ApkSignatureVerifier.verifySignatures(ApkSignatureVerifier.java:93)
10-22 23:52:19.957 16120 24611 W PackageManager: 	at android.util.apk.ApkSignatureVerifier.verify(ApkSignatureVerifier.java:72)
10-22 23:52:19.957 16120 24611 W PackageManager: 	at android.content.pm.PackageParser.collectCertificates(PackageParser.java:1431)
10-22 23:52:19.957 16120 24611 W PackageManager: 	... 12 more
10-22 23:52:45.313 16120 24611 W ziparchive: Unable to open '/system/product/priv-app/GmsCore/GmsCore.apk:assets/chimera-modules/AdsDynamite.apk': No such file or directory
10-22 23:52:45.313 16120 24611 E com.drweb: Failed to open APK '/system/product/priv-app/GmsCore/GmsCore.apk:assets/chimera-modules/AdsDynamite.apk': I/O error
10-22 23:52:45.313 16120 24611 W PackageManager: Failure to parse package archive
10-22 23:52:45.313 16120 24611 W PackageManager: android.content.pm.PackageParser$PackageParserException: Failed to parse /system/product/priv-app/GmsCore/GmsCore.apk:assets/chimera-modules/AdsDynamite.apk
10-22 23:52:45.313 16120 24611 W PackageManager: 	at android.content.pm.PackageParser.parseApkLiteInner(PackageParser.java:1503)
10-22 23:52:45.313 16120 24611 W PackageManager: 	at android.content.pm.PackageParser.parseApkLite(PackageParser.java:1474)
10-22 23:52:45.313 16120 24611 W PackageManager: 	at android.content.pm.PackageParser.parseMonolithicPackageLite(PackageParser.java:980)
10-22 23:52:45.313 16120 24611 W PackageManager: 	at android.content.pm.PackageParser.parseMonolithicPackage(PackageParser.java:1189)
10-22 23:52:45.313 16120 24611 W PackageManager: 	at android.content.pm.PackageParser.parsePackage(PackageParser.java:1103)
10-22 23:52:45.313 16120 24611 W PackageManager: 	at android.content.pm.PackageManager.getPackageArchiveInfo(PackageManager.java:8067)
10-22 23:52:45.313 16120 24611 W PackageManager: 	at android.content.pm.PackageManager.getPackageArchiveInfo(PackageManager.java:8044)
10-22 23:52:45.313 16120 24611 W PackageManager: 	at com.drweb.engine.SDK.scanFile(Native Method)
10-22 23:52:45.313 16120 24611 W PackageManager: 	at âãáàá.äãáàà(SourceFile:27)
10-22 23:52:45.313 16120 24611 W PackageManager: 	at âãáàá.åãáàà(SourceFile:46)
10-22 23:52:45.313 16120 24611 W PackageManager: 	at äâãâà.âàààà(SourceFile:119)
10-22 23:52:45.313 16120 24611 W PackageManager: 	at äâãâà.áàààà(SourceFile:15)
10-22 23:52:45.313 16120 24611 W PackageManager: 	at äâãâà.ãàààà(SourceFile:33)
10-22 23:52:45.313 16120 24611 W PackageManager: 	at âãáàá$àáààà.run(SourceFile:1111)
10-22 23:52:45.313 16120 24611 W PackageManager: 	at java.lang.Thread.run(Thread.java:1012)
10-22 23:52:45.790 16120 24611 W ziparchive: Unable to open '/system/product/priv-app/GmsCore/GmsCore.apk:assets/chimera-modules/CronetDynamite.apk': No such file or directory
10-22 23:52:45.791 16120 24611 E com.drweb: Failed to open APK '/system/product/priv-app/GmsCore/GmsCore.apk:assets/chimera-modules/CronetDynamite.apk': I/O error
10-22 23:52:45.791 16120 24611 W PackageManager: Failure to parse package archive
10-22 23:52:45.791 16120 24611 W PackageManager: android.content.pm.PackageParser$PackageParserException: Failed to parse /system/product/priv-app/GmsCore/GmsCore.apk:assets/chimera-modules/CronetDynamite.apk
10-22 23:52:45.791 16120 24611 W PackageManager: 	at android.content.pm.PackageParser.parseApkLiteInner(PackageParser.java:1503)
10-22 23:52:45.791 16120 24611 W PackageManager: 	at android.content.pm.PackageParser.parseApkLite(PackageParser.java:1474)
10-22 23:52:45.791 16120 24611 W PackageManager: 	at android.content.pm.PackageParser.parseMonolithicPackageLite(PackageParser.java:980)
10-22 23:52:45.791 16120 24611 W PackageManager: 	at android.content.pm.PackageParser.parseMonolithicPackage(PackageParser.java:1189)
10-22 23:52:45.791 16120 24611 W PackageManager: 	at android.content.pm.PackageParser.parsePackage(PackageParser.java:1103)
10-22 23:52:45.791 16120 24611 W PackageManager: 	at android.content.pm.PackageManager.getPackageArchiveInfo(PackageManager.java:8067)
10-22 23:52:45.791 16120 24611 W PackageManager: 	at android.content.pm.PackageManager.getPackageArchiveInfo(PackageManager.java:8044)
10-22 23:52:45.791 16120 24611 W PackageManager: 	at com.drweb.engine.SDK.scanFile(Native Method)
10-22 23:52:45.791 16120 24611 W PackageManager: 	at âãáàá.äãáàà(SourceFile:27)
10-22 23:52:45.791 16120 24611 W PackageManager: 	at âãáàá.åãáàà(SourceFile:46)
10-22 23:52:45.791 16120 24611 W PackageManager: 	at äâãâà.âàààà(SourceFile:119)
10-22 23:52:45.791 16120 24611 W PackageManager: 	at äâãâà.áàààà(SourceFile:15)
10-22 23:52:45.791 16120 24611 W PackageManager: 	at äâãâà.ãàààà(SourceFile:33)
10-22 23:52:45.791 16120 24611 W PackageManager: 	at âãáàá$àáààà.run(SourceFile:1111)
10-22 23:52:45.791 16120 24611 W PackageManager: 	at java.lang.Thread.run(Thread.java:1012)
10-22 23:52:46.629 16120 24611 W ziparchive: Unable to open '/system/product/priv-app/GmsCore/GmsCore.apk:assets/chimera-modules/DynamiteLoader.apk': No such file or directory
10-22 23:52:46.629 16120 24611 E com.drweb: Failed to open APK '/system/product/priv-app/GmsCore/GmsCore.apk:assets/chimera-modules/DynamiteLoader.apk': I/O error
10-22 23:52:46.629 16120 24611 W PackageManager: Failure to parse package archive
10-22 23:52:46.629 16120 24611 W PackageManager: android.content.pm.PackageParser$PackageParserException: Failed to parse /system/product/priv-app/GmsCore/GmsCore.apk:assets/chimera-modules/DynamiteLoader.apk
10-22 23:52:46.629 16120 24611 W PackageManager: 	at android.content.pm.PackageParser.parseApkLiteInner(PackageParser.java:1503)
10-22 23:52:46.629 16120 24611 W PackageManager: 	at android.content.pm.PackageParser.parseApkLite(PackageParser.java:1474)
10-22 23:52:46.629 16120 24611 W PackageManager: 	at android.content.pm.PackageParser.parseMonolithicPackageLite(PackageParser.java:980)
10-22 23:52:46.629 16120 24611 W PackageManager: 	at android.content.pm.PackageParser.parseMonolithicPackage(PackageParser.java:1189)
10-22 23:52:46.629 16120 24611 W PackageManager: 	at android.content.pm.PackageParser.parsePackage(PackageParser.java:1103)
10-22 23:52:46.629 16120 24611 W PackageManager: 	at android.content.pm.PackageManager.getPackageArchiveInfo(PackageManager.java:8067)
10-22 23:52:46.629 16120 24611 W PackageManager: 	at android.content.pm.PackageManager.getPackageArchiveInfo(PackageManager.java:8044)
10-22 23:52:46.629 16120 24611 W PackageManager: 	at com.drweb.engine.SDK.scanFile(Native Method)
10-22 23:52:46.629 16120 24611 W PackageManager: 	at âãáàá.äãáàà(SourceFile:27)
10-22 23:52:46.629 16120 24611 W PackageManager: 	at âãáàá.åãáàà(SourceFile:46)
10-22 23:52:46.629 16120 24611 W PackageManager: 	at äâãâà.âàààà(SourceFile:119)
10-22 23:52:46.629 16120 24611 W PackageManager: 	at äâãâà.áàààà(SourceFile:15)
10-22 23:52:46.629 16120 24611 W PackageManager: 	at äâãâà.ãàààà(SourceFile:33)
10-22 23:52:46.629 16120 24611 W PackageManager: 	at âãáàá$àáààà.run(SourceFile:1111)
10-22 23:52:46.629 16120 24611 W PackageManager: 	at java.lang.Thread.run(Thread.java:1012)
10-22 23:52:47.493 16120 24611 W ziparchive: Unable to open '/system/product/priv-app/GmsCore/GmsCore.apk:assets/chimera-modules/DynamiteModulesA.apk': No such file or directory
10-22 23:52:47.494 16120 24611 E com.drweb: Failed to open APK '/system/product/priv-app/GmsCore/GmsCore.apk:assets/chimera-modules/DynamiteModulesA.apk': I/O error
10-22 23:52:47.494 16120 24611 W PackageManager: Failure to parse package archive
10-22 23:52:47.494 16120 24611 W PackageManager: android.content.pm.PackageParser$PackageParserException: Failed to parse /system/product/priv-app/GmsCore/GmsCore.apk:assets/chimera-modules/DynamiteModulesA.apk
10-22 23:52:47.494 16120 24611 W PackageManager: 	at android.content.pm.PackageParser.parseApkLiteInner(PackageParser.java:1503)
10-22 23:52:47.494 16120 24611 W PackageManager: 	at android.content.pm.PackageParser.parseApkLite(PackageParser.java:1474)
10-22 23:52:47.494 16120 24611 W PackageManager: 	at android.content.pm.PackageParser.parseMonolithicPackageLite(PackageParser.java:980)
10-22 23:52:47.494 16120 24611 W PackageManager: 	at android.content.pm.PackageParser.parseMonolithicPackage(PackageParser.java:1189)
10-22 23:52:47.494 16120 24611 W PackageManager: 	at android.content.pm.PackageParser.parsePackage(PackageParser.java:1103)
10-22 23:52:47.494 16120 24611 W PackageManager: 	at android.content.pm.PackageManager.getPackageArchiveInfo(PackageManager.java:8067)
10-22 23:52:47.494 16120 24611 W PackageManager: 	at android.content.pm.PackageManager.getPackageArchiveInfo(PackageManager.java:8044)
10-22 23:52:47.494 16120 24611 W PackageManager: 	at com.drweb.engine.SDK.scanFile(Native Method)
10-22 23:52:47.494 16120 24611 W PackageManager: 	at âãáàá.äãáàà(SourceFile:27)
10-22 23:52:47.494 16120 24611 W PackageManager: 	at âãáàá.åãáàà(SourceFile:46)
10-22 23:52:47.494 16120 24611 W PackageManager: 	at äâãâà.âàààà(SourceFile:119)
10-22 23:52:47.494 16120 24611 W PackageManager: 	at äâãâà.áàààà(SourceFile:15)
10-22 23:52:47.494 16120 24611 W PackageManager: 	at äâãâà.ãàààà(SourceFile:33)
10-22 23:52:47.494 16120 24611 W PackageManager: 	at âãáàá$àáààà.run(SourceFile:1111)
10-22 23:52:47.494 16120 24611 W PackageManager: 	at java.lang.Thread.run(Thread.java:1012)
10-22 23:52:49.980 16120 24611 W ziparchive: Unable to open '/system/product/priv-app/GmsCore/GmsCore.apk:assets/chimera-modules/DynamiteModulesC.apk': No such file or directory
10-22 23:52:49.980 16120 24611 E com.drweb: Failed to open APK '/system/product/priv-app/GmsCore/GmsCore.apk:assets/chimera-modules/DynamiteModulesC.apk': I/O error
10-22 23:52:49.980 16120 24611 W PackageManager: Failure to parse package archive
10-22 23:52:49.980 16120 24611 W PackageManager: android.content.pm.PackageParser$PackageParserException: Failed to parse /system/product/priv-app/GmsCore/GmsCore.apk:assets/chimera-modules/DynamiteModulesC.apk
10-22 23:52:49.980 16120 24611 W PackageManager: 	at android.content.pm.PackageParser.parseApkLiteInner(PackageParser.java:1503)
10-22 23:52:49.980 16120 24611 W PackageManager: 	at android.content.pm.PackageParser.parseApkLite(PackageParser.java:1474)
10-22 23:52:49.980 16120 24611 W PackageManager: 	at android.content.pm.PackageParser.parseMonolithicPackageLite(PackageParser.java:980)
10-22 23:52:49.980 16120 24611 W PackageManager: 	at android.content.pm.PackageParser.parseMonolithicPackage(PackageParser.java:1189)
10-22 23:52:49.980 16120 24611 W PackageManager: 	at android.content.pm.PackageParser.parsePackage(PackageParser.java:1103)
10-22 23:52:49.980 16120 24611 W PackageManager: 	at android.content.pm.PackageManager.getPackageArchiveInfo(PackageManager.java:8067)
10-22 23:52:49.980 16120 24611 W PackageManager: 	at android.content.pm.PackageManager.getPackageArchiveInfo(PackageManager.java:8044)
10-22 23:52:49.980 16120 24611 W PackageManager: 	at com.drweb.engine.SDK.scanFile(Native Method)
10-22 23:52:49.980 16120 24611 W PackageManager: 	at âãáàá.äãáàà(SourceFile:27)
10-22 23:52:49.980 16120 24611 W PackageManager: 	at âãáàá.åãáàà(SourceFile:46)
10-22 23:52:49.980 16120 24611 W PackageManager: 	at äâãâà.âàààà(SourceFile:119)
10-22 23:52:49.980 16120 24611 W PackageManager: 	at äâãâà.áàààà(SourceFile:15)
10-22 23:52:49.980 16120 24611 W PackageManager: 	at äâãâà.ãàààà(SourceFile:33)
10-22 23:52:49.980 16120 24611 W PackageManager: 	at âãáàá$àáààà.run(SourceFile:1111)
10-22 23:52:49.980 16120 24611 W PackageManager: 	at java.lang.Thread.run(Thread.java:1012)
10-22 23:52:52.515 16120 24611 W ziparchive: Unable to open '/system/product/priv-app/GmsCore/GmsCore.apk:assets/chimera-modules/GoogleCertificates.apk': No such file or directory
10-22 23:52:52.515 16120 24611 E com.drweb: Failed to open APK '/system/product/priv-app/GmsCore/GmsCore.apk:assets/chimera-modules/GoogleCertificates.apk': I/O error
10-22 23:52:52.515 16120 24611 W PackageManager: Failure to parse package archive
10-22 23:52:52.515 16120 24611 W PackageManager: android.content.pm.PackageParser$PackageParserException: Failed to parse /system/product/priv-app/GmsCore/GmsCore.apk:assets/chimera-modules/GoogleCertificates.apk
10-22 23:52:52.515 16120 24611 W PackageManager: 	at android.content.pm.PackageParser.parseApkLiteInner(PackageParser.java:1503)
10-22 23:52:52.515 16120 24611 W PackageManager: 	at android.content.pm.PackageParser.parseApkLite(PackageParser.java:1474)
10-22 23:52:52.515 16120 24611 W PackageManager: 	at android.content.pm.PackageParser.parseMonolithicPackageLite(PackageParser.java:980)
10-22 23:52:52.515 16120 24611 W PackageManager: 	at android.content.pm.PackageParser.parseMonolithicPackage(PackageParser.java:1189)
10-22 23:52:52.515 16120 24611 W PackageManager: 	at android.content.pm.PackageParser.parsePackage(PackageParser.java:1103)
10-22 23:52:52.515 16120 24611 W PackageManager: 	at android.content.pm.PackageManager.getPackageArchiveInfo(PackageManager.java:8067)
10-22 23:52:52.515 16120 24611 W PackageManager: 	at android.content.pm.PackageManager.getPackageArchiveInfo(PackageManager.java:8044)
10-22 23:52:52.515 16120 24611 W PackageManager: 	at com.drweb.engine.SDK.scanFile(Native Method)
10-22 23:52:52.515 16120 24611 W PackageManager: 	at âãáàá.äãáàà(SourceFile:27)
10-22 23:52:52.515 16120 24611 W PackageManager: 	at âãáàá.åãáàà(SourceFile:46)
10-22 23:52:52.515 16120 24611 W PackageManager: 	at äâãâà.âàààà(SourceFile:119)
10-22 23:52:52.515 16120 24611 W PackageManager: 	at äâãâà.áàààà(SourceFile:15)
10-22 23:52:52.515 16120 24611 W PackageManager: 	at äâãâà.ãàààà(SourceFile:33)
10-22 23:52:52.515 16120 24611 W PackageManager: 	at âãáàá$àáààà.run(SourceFile:1111)
10-22 23:52:52.515 16120 24611 W PackageManager: 	at java.lang.Thread.run(Thread.java:1012)
10-22 23:52:53.457 16120 24611 W ziparchive: Unable to open '/system/product/priv-app/GmsCore/GmsCore.apk:assets/chimera-modules/MapsDynamite.apk': No such file or directory
10-22 23:52:53.458 16120 24611 E com.drweb: Failed to open APK '/system/product/priv-app/GmsCore/GmsCore.apk:assets/chimera-modules/MapsDynamite.apk': I/O error
10-22 23:52:53.458 16120 24611 W PackageManager: Failure to parse package archive
10-22 23:52:53.458 16120 24611 W PackageManager: android.content.pm.PackageParser$PackageParserException: Failed to parse /system/product/priv-app/GmsCore/GmsCore.apk:assets/chimera-modules/MapsDynamite.apk
10-22 23:52:53.458 16120 24611 W PackageManager: 	at android.content.pm.PackageParser.parseApkLiteInner(PackageParser.java:1503)
10-22 23:52:53.458 16120 24611 W PackageManager: 	at android.content.pm.PackageParser.parseApkLite(PackageParser.java:1474)
10-22 23:52:53.458 16120 24611 W PackageManager: 	at android.content.pm.PackageParser.parseMonolithicPackageLite(PackageParser.java:980)
10-22 23:52:53.458 16120 24611 W PackageManager: 	at android.content.pm.PackageParser.parseMonolithicPackage(PackageParser.java:1189)
10-22 23:52:53.458 16120 24611 W PackageManager: 	at android.content.pm.PackageParser.parsePackage(PackageParser.java:1103)
10-22 23:52:53.458 16120 24611 W PackageManager: 	at android.content.pm.PackageManager.getPackageArchiveInfo(PackageManager.java:8067)
10-22 23:52:53.458 16120 24611 W PackageManager: 	at android.content.pm.PackageManager.getPackageArchiveInfo(PackageManager.java:8044)
10-22 23:52:53.458 16120 24611 W PackageManager: 	at com.drweb.engine.SDK.scanFile(Native Method)
10-22 23:52:53.458 16120 24611 W PackageManager: 	at âãáàá.äãáàà(SourceFile:27)
10-22 23:52:53.458 16120 24611 W PackageManager: 	at âãáàá.åãáàà(SourceFile:46)
10-22 23:52:53.458 16120 24611 W PackageManager: 	at äâãâà.âàààà(SourceFile:119)
10-22 23:52:53.458 16120 24611 W PackageManager: 	at äâãâà.áàààà(SourceFile:15)
