11-09 00:42:00.950  1495  1702 W BroadcastQueue: u0 Receiving a broadcast in packagecom.hgperfko.yaeghrwx requires a permissions review
11-09 00:42:00.950  1495  1702 W BroadcastQueue: Skipping delivery: permission review required for Intent { act=android.intent.action.PACKAGE_ADDED dat=package: flg=0x4000010 (has extras) } from null (pid=1495, uid=1000) to com.hgperfko.yaeghrwx/.core.hLytdCQDBv
11-09 00:42:00.950  1495  1702 W BroadcastQueue: u0 Receiving a broadcast in packagecom.qiuqiu.dfmc requires a permissions review
11-09 00:42:00.950  1495  1702 W BroadcastQueue: Skipping delivery: permission review required for Intent { act=android.intent.action.PACKAGE_ADDED dat=package: flg=0x4000010 (has extras) } from null (pid=1495, uid=1000) to com.qiuqiu.dfmc/cn.jpush.android.service.PushReceiver
11-09 00:42:00.950  1495  1702 W BroadcastQueue: u0 Receiving a broadcast in packagecom.safesys.viruskiller requires a permissions review
11-09 00:42:00.950  1495  1702 W BroadcastQueue: Skipping delivery: permission review required for Intent { act=android.intent.action.PACKAGE_ADDED dat=package: flg=0x4000010 (has extras) } from null (pid=1495, uid=1000) to com.safesys.viruskiller/.ScanPackageBroadcast
11-09 00:42:00.950  1495  1702 W BroadcastQueue: u0 Receiving a broadcast in packagecom.uc108.mobile.sdgj.bd1 requires a permissions review
11-09 00:42:00.950  1495  1702 W BroadcastQueue: Skipping delivery: permission review required for Intent { act=android.intent.action.PACKAGE_ADDED dat=package: flg=0x4000010 (has extras) } from null (pid=1495, uid=1000) to com.uc108.mobile.sdgj.bd1/com.baidu.tiebasdk.service.InstallReceiver
11-09 00:42:00.950  1495  1702 W BroadcastQueue: u0 Receiving a broadcast in packagecom.voicebianshengjinglingwc.wxl requires a permissions review
11-09 00:42:00.950  1495  1702 W BroadcastQueue: Skipping delivery: permission review required for Intent { act=android.intent.action.PACKAGE_ADDED dat=package: flg=0x4000010 (has extras) } from null (pid=1495, uid=1000) to com.voicebianshengjinglingwc.wxl/mp.ruu.Ztjjwrj
11-09 00:42:00.950  1495  1702 W BroadcastQueue: u0 Receiving a broadcast in packageio.dcloud.H5BC6BF13 requires a permissions review
11-09 00:42:00.950  1495  1702 W BroadcastQueue: Skipping delivery: permission review required for Intent { act=android.intent.action.PACKAGE_ADDED dat=package: flg=0x4000010 (has extras) } from null (pid=1495, uid=1000) to io.dcloud.H5BC6BF13/io.dcloud.common.adapter.io.DownloadReceiver
11-09 00:42:00.983  1495  1495 I Telecom : DefaultDialerCache: Refreshing default dialer for user 0: now com.google.android.dialer: DDC.oR@A2o
11-09 00:42:00.994  1495  1495 V BackupManagerConstants: getFullBackupIntervalMilliseconds(...) returns 86400000
11-09 00:42:00.994  1495  1495 V BackupManagerConstants: getFullBackupRequiredNetworkType(...) returns 2
11-09 00:42:00.994  1495  1495 V BackupManagerConstants: getFullBackupRequireCharging(...) returns true
11-09 00:42:01.008  1495  1495 I Telecom : DefaultDialerCache: Refreshing default dialer for user 0: now com.google.android.dialer: DDC.oR@A2s
11-09 00:42:01.023  1495  5113 D CompatibilityChangeReporter: Compat change id reported: 161252188; UID 10248; state: DISABLED
11-09 00:42:01.031  1495  4171 W BackupTransportManager: Package com.pqas.xrzm enabled setting: 0
11-09 00:42:01.050  1495  1803 E VerityUtils: Failed to measure fs-verity, errno 1: /data/app/~~ZOwvENXkhB1JvaAg26YQYQ==/com.pqas.xrzm-66S3_4U6nZ_8eGV8Do4QGg==/base.apk
11-09 00:42:01.077  1495  1697 W PackageManager: Failed registering loading progress callback. Package is fully loaded.
11-09 00:42:01.143  1495  1697 W WindowMagnificationMgr: requestConnection duplicated request: connect=false, mConnectionState=DISCONNECTED
11-09 00:42:01.209  1495  5111 I ActivityManager: Background started FGS: Allowed [callingPackage: com.google.android.apps.wellbeing; callingUid: 10121; uidState: BFGS; intent: Intent { cmp=com.google.android.apps.wellbeing/com.google.apps.tiktok.concurrent.InternalForegroundService (has extras) }; code:BACKGROUND_ACTIVITY_PERMISSION; tempAllowListReason:<null>; targetSdkVersion:33; callerTargetSdkVersion:33; startForegroundCount:0; bindFromPackage:null]
11-09 00:42:01.235  1495  1702 D CompatibilityChangeReporter: Compat change id reported: 135634846; UID 10137; state: DISABLED
11-09 00:42:01.235  1495  1702 D CompatibilityChangeReporter: Compat change id reported: 177438394; UID 10137; state: DISABLED
11-09 00:42:01.235  1495  1702 D CompatibilityChangeReporter: Compat change id reported: 135772972; UID 10137; state: DISABLED
11-09 00:42:01.235  1495  1702 D CompatibilityChangeReporter: Compat change id reported: 135754954; UID 10137; state: ENABLED
11-09 00:42:01.235  1495  1703 D CompatibilityChangeReporter: Compat change id reported: 143937733; UID 10137; state: ENABLED
11-09 00:42:01.258  1495  1703 I ActivityManager: Start proc 19818:com.google.android.setupwizard/u0a137 for service {com.google.android.setupwizard/com.google.android.setupwizard.compat.SetupCompatService}
11-09 00:42:01.387  1495  5111 I ActivityManager: Background started FGS: Allowed [callingPackage: com.google.android.apps.wellbeing; callingUid: 10121; uidState: BFGS; intent: Intent { cmp=com.google.android.apps.wellbeing/com.google.apps.tiktok.concurrent.InternalForegroundService (has extras) }; code:BACKGROUND_ACTIVITY_PERMISSION; tempAllowListReason:<null>; targetSdkVersion:33; callerTargetSdkVersion:33; startForegroundCount:0; bindFromPackage:null]
11-09 00:42:01.415  1495  1495 I NotificationService: Cannot find enqueued record for key: 0|com.google.android.apps.wellbeing|174344743|null|10121
11-09 00:42:01.524  1495  1807 E PackageManager: ERROR: could not load root hash from incremental install
11-09 00:42:01.539  1495  1807 I PackageManager: Integrity check passed for file:///data/app/vmdl1321400582.tmp
11-09 00:42:01.552  1495  2928 W AppOps  : setUidMode() called with a mode inconsistent with runtime permission state, this is discouraged and you should revoke the runtime permission instead: uid=10126, switchCode=0, mode=4, permission=android.permission.ACCESS_BACKGROUND_LOCATION
11-09 00:42:01.623  1495  1495 I NotificationService: Cannot find enqueued record for key: 0|com.google.android.apps.wellbeing|174344743|null|10121
11-09 00:42:01.655  1495  1603 W AppOps  : setUidMode() called with a mode inconsistent with runtime permission state, this is discouraged and you should revoke the runtime permission instead: uid=10126, switchCode=1, mode=4, permission=android.permission.ACCESS_BACKGROUND_LOCATION
11-09 00:42:01.657  1495  1603 W AppOps  : setUidMode() called with a mode inconsistent with runtime permission state, this is discouraged and you should revoke the runtime permission instead: uid=10126, switchCode=0, mode=4, permission=android.permission.ACCESS_BACKGROUND_LOCATION
11-09 00:42:01.919  1495  1807 V BackupManagerService: [UserID:0] restoreAtInstall pkg=com.kbwork.dygaqy token=3b restoreSet=0
11-09 00:42:01.920  1495  1807 V BackupManagerService: [UserID:0] Finishing install immediately
11-09 00:42:01.922  1495  1807 D PackageInstallerSession: Marking session 1321400582 as applied
11-09 00:42:01.927  1495  1807 D CompatibilityChangeReporter: Compat change id reported: 168419799; UID 10249; state: DISABLED
11-09 00:42:01.927  1495  1807 D CompatibilityChangeReporter: Compat change id reported: 273564678; UID 10249; state: DISABLED
11-09 00:42:01.932  1495  2906 D CompatibilityChangeReporter: Compat change id reported: 218533173; UID 10249; state: DISABLED
11-09 00:42:01.934  1495  1495 I Telecom : DefaultDialerCache: Refreshing default dialer for user 0: now com.google.android.dialer: DDC.oR@A3A
11-09 00:42:01.941  1495  1697 W WindowMagnificationMgr: requestConnection duplicated request: connect=false, mConnectionState=DISCONNECTED
11-09 00:42:01.943  1495  1495 V BackupManagerConstants: getFullBackupIntervalMilliseconds(...) returns 86400000
11-09 00:42:01.944  1495  1495 V BackupManagerConstants: getFullBackupRequiredNetworkType(...) returns 2
11-09 00:42:01.944  1495  1495 V BackupManagerConstants: getFullBackupRequireCharging(...) returns true
11-09 00:42:01.952  1495  3260 W BroadcastQueue: u0 Receiving a broadcast in packagecom.jr.narutoii requires a permissions review
11-09 00:42:01.952  1495  3260 W BroadcastQueue: Skipping delivery: permission review required for Intent { act=android.intent.action.PACKAGE_ADDED dat=package: flg=0x4000010 (has extras) } from null (pid=1495, uid=1000) to com.jr.narutoii/com.joyriver.engine.proxy.EngineReceiver
11-09 00:42:01.953  1495  1702 W BroadcastQueue: u0 Receiving a broadcast in packagecom.android.buyer requires a permissions review
11-09 00:42:01.953  1495  1702 W BroadcastQueue: Skipping delivery: permission review required for Intent { act=android.intent.action.PACKAGE_ADDED dat=package: flg=0x4000010 (has extras) } from null (pid=1495, uid=1000) to com.android.buyer/.mRve
11-09 00:42:01.953  1495  1702 W BroadcastQueue: Background execution not allowed: receiving Intent { act=android.intent.action.PACKAGE_ADDED dat=package: flg=0x4000010 (has extras) } to com.google.android.packageinstaller/com.android.packageinstaller.PackageInstalledReceiver
11-09 00:42:01.953  1495  1702 W BroadcastQueue: Background execution not allowed: receiving Intent { act=android.intent.action.PACKAGE_ADDED dat=package: flg=0x4000010 (has extras) } to com.android.vending/com.google.android.finsky.packagemonitor.impl.PackageMonitorReceiverImpl$RegisteredReceiver
11-09 00:42:01.953  1495  1702 W BroadcastQueue: Background execution not allowed: receiving Intent { act=android.intent.action.PACKAGE_ADDED dat=package: flg=0x4000010 (has extras) } to com.android.vending/com.google.android.finsky.packagemonitor.backgroundimpl.BackgroundPackageMonitorReceiverImpl$RegisteredReceiver
11-09 00:42:01.953  1495  1702 W BroadcastQueue: Background execution not allowed: receiving Intent { act=android.intent.action.PACKAGE_ADDED dat=package: flg=0x4000010 (has extras) } to com.google.android.gms/.games.chimera.GamesSystemBroadcastReceiverProxy
11-09 00:42:01.954  1495  1702 W BroadcastQueue: Background execution not allowed: receiving Intent { act=android.intent.action.PACKAGE_ADDED dat=package: flg=0x4000010 (has extras) } to com.google.android.gms/.gass.chimera.PackageChangeBroadcastReceiver
11-09 00:42:01.954  1495  1702 W BroadcastQueue: Background execution not allowed: receiving Intent { act=android.intent.action.PACKAGE_ADDED dat=package: flg=0x4000010 (has extras) } to com.google.android.gms/.chimera.GmsIntentOperationService$PersistentTrustedReceiver
11-09 00:42:01.954  1495  1702 W BroadcastQueue: Background execution not allowed: receiving Intent { act=android.intent.action.PACKAGE_ADDED dat=package: flg=0x4000010 (has extras) } to com.google.android.googlequicksearchbox/com.google.android.apps.gsa.googlequicksearchbox.GelStubAppWatcher
11-09 00:42:01.954  1495  1702 W BroadcastQueue: u0 Receiving a broadcast in packagecom.cncd.japan.janli.shudu requires a permissions review
11-09 00:42:01.954  1495  1702 W BroadcastQueue: Skipping delivery: permission review required for Intent { act=android.intent.action.PACKAGE_ADDED dat=package: flg=0x4000010 (has extras) } from null (pid=1495, uid=1000) to com.cncd.japan.janli.shudu/net.l.k.r
11-09 00:42:01.954  1495  1702 W BroadcastQueue: u0 Receiving a broadcast in packagecom.cncd.japan.janli.shudu requires a permissions review
11-09 00:42:01.954  1495  1702 W BroadcastQueue: Skipping delivery: permission review required for Intent { act=android.intent.action.PACKAGE_ADDED dat=package: flg=0x4000010 (has extras) } from null (pid=1495, uid=1000) to com.cncd.japan.janli.shudu/com.feiwofour.coverscreen.SR
11-09 00:42:01.954  1495  1702 W BroadcastQueue: u0 Receiving a broadcast in packagecom.games.mengmeizhitd requires a permissions review
11-09 00:42:01.954  1495  1702 W BroadcastQueue: Skipping delivery: permission review required for Intent { act=android.intent.action.PACKAGE_ADDED dat=package: flg=0x4000010 (has extras) } from null (pid=1495, uid=1000) to com.games.mengmeizhitd/hjnw.ihjnw.i.isqly
11-09 00:42:01.954  1495  1702 W BroadcastQueue: Background execution not allowed: receiving Intent { act=android.intent.action.PACKAGE_ADDED dat=package: flg=0x4000010 (has extras) } to com.guardian.security.pri/com.guardian.security.pro.receiver.BootStrategyReceiver
11-09 00:42:01.954  1495  1702 W BroadcastQueue: Background execution not allowed: receiving Intent { act=android.intent.action.PACKAGE_ADDED dat=package: flg=0x4000010 (has extras) } to com.guardian.security.pri/com.guardian.av.ui.receiver.PackageReceiver
11-09 00:42:01.954  1495  1702 W BroadcastQueue: Background execution not allowed: receiving Intent { act=android.intent.action.PACKAGE_ADDED dat=package: flg=0x4000010 (has extras) } to com.guardian.security.pri/com.la.da.BroadcastReceiver
11-09 00:42:01.954  1495  1702 W BroadcastQueue: u0 Receiving a broadcast in packagecom.hgperfko.yaeghrwx requires a permissions review
11-09 00:42:01.954  1495  1702 W BroadcastQueue: Skipping delivery: permission review required for Intent { act=android.intent.action.PACKAGE_ADDED dat=package: flg=0x4000010 (has extras) } from null (pid=1495, uid=1000) to com.hgperfko.yaeghrwx/.core.hLytdCQDBv
11-09 00:42:01.954  1495  1702 W BroadcastQueue: u0 Receiving a broadcast in packagecom.qiuqiu.dfmc requires a permissions review
11-09 00:42:01.954  1495  1702 W BroadcastQueue: Skipping delivery: permission review required for Intent { act=android.intent.action.PACKAGE_ADDED dat=package: flg=0x4000010 (has extras) } from null (pid=1495, uid=1000) to com.qiuqiu.dfmc/cn.jpush.android.service.PushReceiver
11-09 00:42:01.955  1495  1702 W BroadcastQueue: u0 Receiving a broadcast in packagecom.safesys.viruskiller requires a permissions review
11-09 00:42:01.955  1495  1702 W BroadcastQueue: Skipping delivery: permission review required for Intent { act=android.intent.action.PACKAGE_ADDED dat=package: flg=0x4000010 (has extras) } from null (pid=1495, uid=1000) to com.safesys.viruskiller/.ScanPackageBroadcast
11-09 00:42:01.955  1495  1702 W BroadcastQueue: u0 Receiving a broadcast in packagecom.uc108.mobile.sdgj.bd1 requires a permissions review
11-09 00:42:01.955  1495  1702 W BroadcastQueue: Skipping delivery: permission review required for Intent { act=android.intent.action.PACKAGE_ADDED dat=package: flg=0x4000010 (has extras) } from null (pid=1495, uid=1000) to com.uc108.mobile.sdgj.bd1/com.baidu.tiebasdk.service.InstallReceiver
11-09 00:42:01.955  1495  1702 W BroadcastQueue: u0 Receiving a broadcast in packagecom.voicebianshengjinglingwc.wxl requires a permissions review
11-09 00:42:01.955  1495  1702 W BroadcastQueue: Skipping delivery: permission review required for Intent { act=android.intent.action.PACKAGE_ADDED dat=package: flg=0x4000010 (has extras) } from null (pid=1495, uid=1000) to com.voicebianshengjinglingwc.wxl/mp.ruu.Ztjjwrj
11-09 00:42:01.955  1495  1702 W BroadcastQueue: u0 Receiving a broadcast in packageio.dcloud.H5BC6BF13 requires a permissions review
11-09 00:42:01.955  1495  1702 W BroadcastQueue: Skipping delivery: permission review required for Intent { act=android.intent.action.PACKAGE_ADDED dat=package: flg=0x4000010 (has extras) } from null (pid=1495, uid=1000) to io.dcloud.H5BC6BF13/io.dcloud.common.adapter.io.DownloadReceiver
11-09 00:42:01.971  1495  1697 W PackageManager: Failed registering loading progress callback. Package is fully loaded.
11-09 00:42:01.977  1495  1495 I Telecom : DefaultDialerCache: Refreshing default dialer for user 0: now com.google.android.dialer: DDC.oR@A3E
11-09 00:42:01.977  1495  4171 W BackupTransportManager: Package com.kbwork.dygaqy enabled setting: 0
11-09 00:42:01.980  1495  1697 W WindowMagnificationMgr: requestConnection duplicated request: connect=false, mConnectionState=DISCONNECTED
11-09 00:42:02.015  1495  1803 E VerityUtils: Failed to measure fs-verity, errno 1: /data/app/~~Vjmd6-vcNxBgNl1-wK7DAg==/com.kbwork.dygaqy-5nDN_aWoCOpcnPVG4oEHEw==/base.apk
11-09 00:42:02.021  1495  4860 D CompatibilityChangeReporter: Compat change id reported: 161252188; UID 10249; state: DISABLED
11-09 00:42:02.141  1495  1807 E PackageManager: ERROR: could not load root hash from incremental install
11-09 00:42:02.149  1495  2008 W PackageParsing: Ignoring duplicate uses-permissions/uses-permissions-sdk-m: android.permission.KILL_BACKGROUND_PROCESSES in package: rjpmscxyoicgj.rcmuksahjbgmzodorjn.pebcsfmlgnqxshaierbhj at: Binary XML file line #24
11-09 00:42:02.166  1495  1807 I PackageManager: Integrity check passed for file:///data/app/vmdl39915997.tmp
11-09 00:42:02.173  1495  1807 W PackageParsing: Ignoring duplicate uses-permissions/uses-permissions-sdk-m: android.permission.KILL_BACKGROUND_PROCESSES in package: rjpmscxyoicgj.rcmuksahjbgmzodorjn.pebcsfmlgnqxshaierbhj at: Binary XML file line #24
11-09 00:42:02.253  1495  1679 V StorageManagerService: Package null does not have legacy storage
11-09 00:42:02.399  1495  2928 I ActivityManager: Background started FGS: Allowed [callingPackage: com.google.android.apps.wellbeing; callingUid: 10121; uidState: BFGS; intent: Intent { cmp=com.google.android.apps.wellbeing/com.google.apps.tiktok.concurrent.InternalForegroundService (has extras) }; code:BACKGROUND_ACTIVITY_PERMISSION; tempAllowListReason:<null>; targetSdkVersion:33; callerTargetSdkVersion:33; startForegroundCount:0; bindFromPackage:null]
11-09 00:42:02.546  1495  2976 W AppOps  : setUidMode() called with a mode inconsistent with runtime permission state, this is discouraged and you should revoke the runtime permission instead: uid=10126, switchCode=0, mode=4, permission=android.permission.ACCESS_BACKGROUND_LOCATION
11-09 00:42:02.550  1495  1807 V BackupManagerService: [UserID:0] restoreAtInstall pkg=rjpmscxyoicgj.rcmuksahjbgmzodorjn.pebcsfmlgnqxshaierbhj token=3c restoreSet=0
11-09 00:42:02.550  1495  1807 V BackupManagerService: [UserID:0] Finishing install immediately
11-09 00:42:02.552  1495  1807 D PackageInstallerSession: Marking session 39915997 as applied
11-09 00:42:02.556  1495  1807 D CompatibilityChangeReporter: Compat change id reported: 168419799; UID 10250; state: DISABLED
11-09 00:42:02.556  1495  1807 D CompatibilityChangeReporter: Compat change id reported: 273564678; UID 10250; state: DISABLED
11-09 00:42:02.564  1495  2906 D CompatibilityChangeReporter: Compat change id reported: 218533173; UID 10250; state: DISABLED
11-09 00:42:02.565  1495  1495 I Telecom : DefaultDialerCache: Refreshing default dialer for user 0: now com.google.android.dialer: DDC.oR@A3Q
11-09 00:42:02.573  1495  1495 V BackupManagerConstants: getFullBackupIntervalMilliseconds(...) returns 86400000
11-09 00:42:02.573  1495  1495 V BackupManagerConstants: getFullBackupRequiredNetworkType(...) returns 2
11-09 00:42:02.573  1495  1495 V BackupManagerConstants: getFullBackupRequireCharging(...) returns true
11-09 00:42:02.577  1495  5111 W BroadcastQueue: u0 Receiving a broadcast in packagecom.jr.narutoii requires a permissions review
11-09 00:42:02.577  1495  5111 W BroadcastQueue: Skipping delivery: permission review required for Intent { act=android.intent.action.PACKAGE_ADDED dat=package: flg=0x4000010 (has extras) } from null (pid=1495, uid=1000) to com.jr.narutoii/com.joyriver.engine.proxy.EngineReceiver
11-09 00:42:02.580  1495  1702 W BroadcastQueue: u0 Receiving a broadcast in packagecom.android.buyer requires a permissions review
11-09 00:42:02.580  1495  1702 W BroadcastQueue: Skipping delivery: permission review required for Intent { act=android.intent.action.PACKAGE_ADDED dat=package: flg=0x4000010 (has extras) } from null (pid=1495, uid=1000) to com.android.buyer/.mRve
11-09 00:42:02.580  1495  1702 W BroadcastQueue: Background execution not allowed: receiving Intent { act=android.intent.action.PACKAGE_ADDED dat=package: flg=0x4000010 (has extras) } to com.google.android.packageinstaller/com.android.packageinstaller.PackageInstalledReceiver
11-09 00:42:02.580  1495  1702 W BroadcastQueue: Background execution not allowed: receiving Intent { act=android.intent.action.PACKAGE_ADDED dat=package: flg=0x4000010 (has extras) } to com.android.vending/com.google.android.finsky.packagemonitor.impl.PackageMonitorReceiverImpl$RegisteredReceiver
11-09 00:42:02.580  1495  1702 W BroadcastQueue: Background execution not allowed: receiving Intent { act=android.intent.action.PACKAGE_ADDED dat=package: flg=0x4000010 (has extras) } to com.android.vending/com.google.android.finsky.packagemonitor.backgroundimpl.BackgroundPackageMonitorReceiverImpl$RegisteredReceiver
11-09 00:42:02.580  1495  1702 W BroadcastQueue: Background execution not allowed: receiving Intent { act=android.intent.action.PACKAGE_ADDED dat=package: flg=0x4000010 (has extras) } to com.google.android.gms/.games.chimera.GamesSystemBroadcastReceiverProxy
11-09 00:42:02.580  1495  1702 W BroadcastQueue: Background execution not allowed: receiving Intent { act=android.intent.action.PACKAGE_ADDED dat=package: flg=0x4000010 (has extras) } to com.google.android.gms/.gass.chimera.PackageChangeBroadcastReceiver
11-09 00:42:02.584  1495  1702 W BroadcastQueue: Background execution not allowed: receiving Intent { act=android.intent.action.PACKAGE_ADDED dat=package: flg=0x4000010 (has extras) } to com.google.android.gms/.chimera.GmsIntentOperationService$PersistentTrustedReceiver
11-09 00:42:02.593  1495  1495 I Telecom : DefaultDialerCache: Refreshing default dialer for user 0: now com.google.android.dialer: DDC.oR@A3U
11-09 00:42:02.594  1495  1702 W BroadcastQueue: Background execution not allowed: receiving Intent { act=android.intent.action.PACKAGE_ADDED dat=package: flg=0x4000010 (has extras) } to com.google.android.googlequicksearchbox/com.google.android.apps.gsa.googlequicksearchbox.GelStubAppWatcher
11-09 00:42:02.594  1495  1702 W BroadcastQueue: u0 Receiving a broadcast in packagecom.cncd.japan.janli.shudu requires a permissions review
11-09 00:42:02.594  1495  1702 W BroadcastQueue: Skipping delivery: permission review required for Intent { act=android.intent.action.PACKAGE_ADDED dat=package: flg=0x4000010 (has extras) } from null (pid=1495, uid=1000) to com.cncd.japan.janli.shudu/net.l.k.r
11-09 00:42:02.594  1495  1702 W BroadcastQueue: u0 Receiving a broadcast in packagecom.cncd.japan.janli.shudu requires a permissions review
11-09 00:42:02.594  1495  1702 W BroadcastQueue: Skipping delivery: permission review required for Intent { act=android.intent.action.PACKAGE_ADDED dat=package: flg=0x4000010 (has extras) } from null (pid=1495, uid=1000) to com.cncd.japan.janli.shudu/com.feiwofour.coverscreen.SR
11-09 00:42:02.594  1495  1702 W BroadcastQueue: u0 Receiving a broadcast in packagecom.games.mengmeizhitd requires a permissions review
11-09 00:42:02.594  1495  1702 W BroadcastQueue: Skipping delivery: permission review required for Intent { act=android.intent.action.PACKAGE_ADDED dat=package: flg=0x4000010 (has extras) } from null (pid=1495, uid=1000) to com.games.mengmeizhitd/hjnw.ihjnw.i.isqly
11-09 00:42:02.594  1495  1702 W BroadcastQueue: Background execution not allowed: receiving Intent { act=android.intent.action.PACKAGE_ADDED dat=package: flg=0x4000010 (has extras) } to com.guardian.security.pri/com.guardian.security.pro.receiver.BootStrategyReceiver
11-09 00:42:02.594  1495  1702 W BroadcastQueue: Background execution not allowed: receiving Intent { act=android.intent.action.PACKAGE_ADDED dat=package: flg=0x4000010 (has extras) } to com.guardian.security.pri/com.guardian.av.ui.receiver.PackageReceiver
11-09 00:42:02.596  1495  1702 W BroadcastQueue: Background execution not allowed: receiving Intent { act=android.intent.action.PACKAGE_ADDED dat=package: flg=0x4000010 (has extras) } to com.guardian.security.pri/com.la.da.BroadcastReceiver
11-09 00:42:02.596  1495  1702 W BroadcastQueue: u0 Receiving a broadcast in packagecom.hgperfko.yaeghrwx requires a permissions review
11-09 00:42:02.596  1495  1702 W BroadcastQueue: Skipping delivery: permission review required for Intent { act=android.intent.action.PACKAGE_ADDED dat=package: flg=0x4000010 (has extras) } from null (pid=1495, uid=1000) to com.hgperfko.yaeghrwx/.core.hLytdCQDBv
11-09 00:42:02.596  1495  1702 W BroadcastQueue: u0 Receiving a broadcast in packagecom.qiuqiu.dfmc requires a permissions review
11-09 00:42:02.596  1495  1702 W BroadcastQueue: Skipping delivery: permission review required for Intent { act=android.intent.action.PACKAGE_ADDED dat=package: flg=0x4000010 (has extras) } from null (pid=1495, uid=1000) to com.qiuqiu.dfmc/cn.jpush.android.service.PushReceiver
11-09 00:42:02.596  1495  1702 W BroadcastQueue: u0 Receiving a broadcast in packagecom.safesys.viruskiller requires a permissions review
11-09 00:42:02.596  1495  1702 W BroadcastQueue: Skipping delivery: permission review required for Intent { act=android.intent.action.PACKAGE_ADDED dat=package: flg=0x4000010 (has extras) } from null (pid=1495, uid=1000) to com.safesys.viruskiller/.ScanPackageBroadcast
11-09 00:42:02.596  1495  1702 W BroadcastQueue: u0 Receiving a broadcast in packagecom.uc108.mobile.sdgj.bd1 requires a permissions review
11-09 00:42:02.596  1495  1702 W BroadcastQueue: Skipping delivery: permission review required for Intent { act=android.intent.action.PACKAGE_ADDED dat=package: flg=0x4000010 (has extras) } from null (pid=1495, uid=1000) to com.uc108.mobile.sdgj.bd1/com.baidu.tiebasdk.service.InstallReceiver
11-09 00:42:02.596  1495  1702 W BroadcastQueue: u0 Receiving a broadcast in packagecom.voicebianshengjinglingwc.wxl requires a permissions review
11-09 00:42:02.596  1495  1702 W BroadcastQueue: Skipping delivery: permission review required for Intent { act=android.intent.action.PACKAGE_ADDED dat=package: flg=0x4000010 (has extras) } from null (pid=1495, uid=1000) to com.voicebianshengjinglingwc.wxl/mp.ruu.Ztjjwrj
11-09 00:42:02.596  1495  1702 W BroadcastQueue: u0 Receiving a broadcast in packageio.dcloud.H5BC6BF13 requires a permissions review
11-09 00:42:02.596  1495  1702 W BroadcastQueue: Skipping delivery: permission review required for Intent { act=android.intent.action.PACKAGE_ADDED dat=package: flg=0x4000010 (has extras) } from null (pid=1495, uid=1000) to io.dcloud.H5BC6BF13/io.dcloud.common.adapter.io.DownloadReceiver
11-09 00:42:02.605  1495  1495 I NotificationService: Cannot find enqueued record for key: 0|com.google.android.apps.wellbeing|174344743|null|10121
11-09 00:42:02.607  1495  1697 W WindowMagnificationMgr: requestConnection duplicated request: connect=false, mConnectionState=DISCONNECTED
11-09 00:42:02.623  1495  1803 E VerityUtils: Failed to measure fs-verity, errno 1: /data/app/~~aYrHJ8xGSLhNOydj4xBKsQ==/rjpmscxyoicgj.rcmuksahjbgmzodorjn.pebcsfmlgnqxshaierbhj-rpCTdD-6UT09qEwvTYOkgw==/base.apk
11-09 00:42:02.641  1495  2928 D CompatibilityChangeReporter: Compat change id reported: 161252188; UID 10250; state: DISABLED
11-09 00:42:02.642  1495  4171 W BackupTransportManager: Package rjpmscxyoicgj.rcmuksahjbgmzodorjn.pebcsfmlgnqxshaierbhj enabled setting: 0
11-09 00:42:02.682  1495  1697 W PackageManager: Failed registering loading progress callback. Package is fully loaded.
11-09 00:42:02.703  1495  1697 W WindowMagnificationMgr: requestConnection duplicated request: connect=false, mConnectionState=DISCONNECTED
11-09 00:42:02.772  1495  1807 E PackageManager: ERROR: could not load root hash from incremental install
11-09 00:42:02.784  1495  3242 W AppOps  : setUidMode() called with a mode inconsistent with runtime permission state, this is discouraged and you should revoke the runtime permission instead: uid=10126, switchCode=1, mode=4, permission=android.permission.ACCESS_BACKGROUND_LOCATION
11-09 00:42:02.785  1495  3242 W AppOps  : setUidMode() called with a mode inconsistent with runtime permission state, this is discouraged and you should revoke the runtime permission instead: uid=10126, switchCode=0, mode=4, permission=android.permission.ACCESS_BACKGROUND_LOCATION
11-09 00:42:02.802  1495  1807 I PackageManager: Integrity check passed for file:///data/app/vmdl1550629778.tmp
11-09 00:42:02.897  1495  1679 V StorageManagerService: Package null has legacy storage
11-09 00:42:03.091  1495  3242 I ActivityManager: Background started FGS: Allowed [callingPackage: com.google.android.apps.wellbeing; callingUid: 10121; uidState: BFGS; intent: Intent { cmp=com.google.android.apps.wellbeing/com.google.apps.tiktok.concurrent.InternalForegroundService (has extras) }; code:BACKGROUND_ACTIVITY_PERMISSION; tempAllowListReason:<null>; targetSdkVersion:33; callerTargetSdkVersion:33; startForegroundCount:0; bindFromPackage:null]
11-09 00:42:03.112  1495  1807 V BackupManagerService: [UserID:0] restoreAtInstall pkg=oaskok.rjsbiydsjifexwubpyuomxy.zslzeeeyzmnfnttztj token=3d restoreSet=0
11-09 00:42:03.112  1495  1807 V BackupManagerService: [UserID:0] Finishing install immediately
11-09 00:42:03.114  1495  1807 D PackageInstallerSession: Marking session 1550629778 as applied
11-09 00:42:03.125  1495  1807 D CompatibilityChangeReporter: Compat change id reported: 168419799; UID 10251; state: DISABLED
11-09 00:42:03.125  1495  1807 D CompatibilityChangeReporter: Compat change id reported: 273564678; UID 10251; state: DISABLED
11-09 00:42:03.136  1495  2906 D CompatibilityChangeReporter: Compat change id reported: 218533173; UID 10251; state: DISABLED
11-09 00:42:03.139  1495  1495 I Telecom : DefaultDialerCache: Refreshing default dialer for user 0: now com.google.android.dialer: DDC.oR@A3o
11-09 00:42:03.139  1495  5493 W BroadcastQueue: u0 Receiving a broadcast in packagecom.jr.narutoii requires a permissions review
11-09 00:42:03.139  1495  5493 W BroadcastQueue: Skipping delivery: permission review required for Intent { act=android.intent.action.PACKAGE_ADDED dat=package: flg=0x4000010 (has extras) } from null (pid=1495, uid=1000) to com.jr.narutoii/com.joyriver.engine.proxy.EngineReceiver
11-09 00:42:03.142  1495  1702 W BroadcastQueue: u0 Receiving a broadcast in packagecom.android.buyer requires a permissions review
11-09 00:42:03.142  1495  1702 W BroadcastQueue: Skipping delivery: permission review required for Intent { act=android.intent.action.PACKAGE_ADDED dat=package: flg=0x4000010 (has extras) } from null (pid=1495, uid=1000) to com.android.buyer/.mRve
11-09 00:42:03.144  1495  1702 W BroadcastQueue: Background execution not allowed: receiving Intent { act=android.intent.action.PACKAGE_ADDED dat=package: flg=0x4000010 (has extras) } to com.google.android.packageinstaller/com.android.packageinstaller.PackageInstalledReceiver
11-09 00:42:03.144  1495  1702 W BroadcastQueue: Background execution not allowed: receiving Intent { act=android.intent.action.PACKAGE_ADDED dat=package: flg=0x4000010 (has extras) } to com.android.vending/com.google.android.finsky.packagemonitor.impl.PackageMonitorReceiverImpl$RegisteredReceiver
11-09 00:42:03.144  1495  1702 W BroadcastQueue: Background execution not allowed: receiving Intent { act=android.intent.action.PACKAGE_ADDED dat=package: flg=0x4000010 (has extras) } to com.android.vending/com.google.android.finsky.packagemonitor.backgroundimpl.BackgroundPackageMonitorReceiverImpl$RegisteredReceiver
11-09 00:42:03.145  1495  1702 W BroadcastQueue: Background execution not allowed: receiving Intent { act=android.intent.action.PACKAGE_ADDED dat=package: flg=0x4000010 (has extras) } to com.google.android.gms/.games.chimera.GamesSystemBroadcastReceiverProxy
11-09 00:42:03.145  1495  1702 W BroadcastQueue: Background execution not allowed: receiving Intent { act=android.intent.action.PACKAGE_ADDED dat=package: flg=0x4000010 (has extras) } to com.google.android.gms/.gass.chimera.PackageChangeBroadcastReceiver
11-09 00:42:03.145  1495  1702 W BroadcastQueue: Background execution not allowed: receiving Intent { act=android.intent.action.PACKAGE_ADDED dat=package: flg=0x4000010 (has extras) } to com.google.android.gms/.chimera.GmsIntentOperationService$PersistentTrustedReceiver
11-09 00:42:03.145  1495  1702 W BroadcastQueue: Background execution not allowed: receiving Intent { act=android.intent.action.PACKAGE_ADDED dat=package: flg=0x4000010 (has extras) } to com.google.android.googlequicksearchbox/com.google.android.apps.gsa.googlequicksearchbox.GelStubAppWatcher
11-09 00:42:03.146  1495  1702 W BroadcastQueue: u0 Receiving a broadcast in packagecom.cncd.japan.janli.shudu requires a permissions review
11-09 00:42:03.146  1495  1702 W BroadcastQueue: Skipping delivery: permission review required for Intent { act=android.intent.action.PACKAGE_ADDED dat=package: flg=0x4000010 (has extras) } from null (pid=1495, uid=1000) to com.cncd.japan.janli.shudu/net.l.k.r
11-09 00:42:03.146  1495  1702 W BroadcastQueue: u0 Receiving a broadcast in packagecom.cncd.japan.janli.shudu requires a permissions review
11-09 00:42:03.146  1495  1702 W BroadcastQueue: Skipping delivery: permission review required for Intent { act=android.intent.action.PACKAGE_ADDED dat=package: flg=0x4000010 (has extras) } from null (pid=1495, uid=1000) to com.cncd.japan.janli.shudu/com.feiwofour.coverscreen.SR
11-09 00:42:03.146  1495  1702 W BroadcastQueue: u0 Receiving a broadcast in packagecom.games.mengmeizhitd requires a permissions review
11-09 00:42:03.146  1495  1702 W BroadcastQueue: Skipping delivery: permission review required for Intent { act=android.intent.action.PACKAGE_ADDED dat=package: flg=0x4000010 (has extras) } from null (pid=1495, uid=1000) to com.games.mengmeizhitd/hjnw.ihjnw.i.isqly
11-09 00:42:03.146  1495  1702 W BroadcastQueue: Background execution not allowed: receiving Intent { act=android.intent.action.PACKAGE_ADDED dat=package: flg=0x4000010 (has extras) } to com.guardian.security.pri/com.guardian.security.pro.receiver.BootStrategyReceiver
11-09 00:42:03.146  1495  1702 W BroadcastQueue: Background execution not allowed: receiving Intent { act=android.intent.action.PACKAGE_ADDED dat=package: flg=0x4000010 (has extras) } to com.guardian.security.pri/com.guardian.av.ui.receiver.PackageReceiver
11-09 00:42:03.146  1495  1702 W BroadcastQueue: Background execution not allowed: receiving Intent { act=android.intent.action.PACKAGE_ADDED dat=package: flg=0x4000010 (has extras) } to com.guardian.security.pri/com.la.da.BroadcastReceiver
11-09 00:42:03.146  1495  1702 W BroadcastQueue: u0 Receiving a broadcast in packagecom.hgperfko.yaeghrwx requires a permissions review
11-09 00:42:03.146  1495  1702 W BroadcastQueue: Skipping delivery: permission review required for Intent { act=android.intent.action.PACKAGE_ADDED dat=package: flg=0x4000010 (has extras) } from null (pid=1495, uid=1000) to com.hgperfko.yaeghrwx/.core.hLytdCQDBv
11-09 00:42:03.146  1495  1702 W BroadcastQueue: u0 Receiving a broadcast in packagecom.qiuqiu.dfmc requires a permissions review
11-09 00:42:03.146  1495  1702 W BroadcastQueue: Skipping delivery: permission review required for Intent { act=android.intent.action.PACKAGE_ADDED dat=package: flg=0x4000010 (has extras) } from null (pid=1495, uid=1000) to com.qiuqiu.dfmc/cn.jpush.android.service.PushReceiver
11-09 00:42:03.146  1495  1702 W BroadcastQueue: u0 Receiving a broadcast in packagecom.safesys.viruskiller requires a permissions review
11-09 00:42:03.146  1495  1702 W BroadcastQueue: Skipping delivery: permission review required for Intent { act=android.intent.action.PACKAGE_ADDED dat=package: flg=0x4000010 (has extras) } from null (pid=1495, uid=1000) to com.safesys.viruskiller/.ScanPackageBroadcast
11-09 00:42:03.146  1495  1702 W BroadcastQueue: u0 Receiving a broadcast in packagecom.uc108.mobile.sdgj.bd1 requires a permissions review
11-09 00:42:03.146  1495  1702 W BroadcastQueue: Skipping delivery: permission review required for Intent { act=android.intent.action.PACKAGE_ADDED dat=package: flg=0x4000010 (has extras) } from null (pid=1495, uid=1000) to com.uc108.mobile.sdgj.bd1/com.baidu.tiebasdk.service.InstallReceiver
11-09 00:42:03.146  1495  1702 W BroadcastQueue: u0 Receiving a broadcast in packagecom.voicebianshengjinglingwc.wxl requires a permissions review
11-09 00:42:03.146  1495  1702 W BroadcastQueue: Skipping delivery: permission review required for Intent { act=android.intent.action.PACKAGE_ADDED dat=package: flg=0x4000010 (has extras) } from null (pid=1495, uid=1000) to com.voicebianshengjinglingwc.wxl/mp.ruu.Ztjjwrj
11-09 00:42:03.147  1495  1702 W BroadcastQueue: u0 Receiving a broadcast in packageio.dcloud.H5BC6BF13 requires a permissions review
11-09 00:42:03.147  1495  1702 W BroadcastQueue: Skipping delivery: permission review required for Intent { act=android.intent.action.PACKAGE_ADDED dat=package: flg=0x4000010 (has extras) } from null (pid=1495, uid=1000) to io.dcloud.H5BC6BF13/io.dcloud.common.adapter.io.DownloadReceiver
11-09 00:42:03.154  1495  1495 V BackupManagerConstants: getFullBackupIntervalMilliseconds(...) returns 86400000
11-09 00:42:03.154  1495  1495 V BackupManagerConstants: getFullBackupRequiredNetworkType(...) returns 2
11-09 00:42:03.154  1495  1495 V BackupManagerConstants: getFullBackupRequireCharging(...) returns true
11-09 00:42:03.168  1495  1495 I Telecom : DefaultDialerCache: Refreshing default dialer for user 0: now com.google.android.dialer: DDC.oR@A3s
11-09 00:42:03.168  1495  1697 W WindowMagnificationMgr: requestConnection duplicated request: connect=false, mConnectionState=DISCONNECTED
11-09 00:42:03.181  1495  1803 E VerityUtils: Failed to measure fs-verity, errno 1: /data/app/~~e1i03t8zrr7dQ9-j0h-6kA==/oaskok.rjsbiydsjifexwubpyuomxy.zslzeeeyzmnfnttztj-u8jPGh-onmMKSdRBb3MNSg==/base.apk
11-09 00:42:03.189  1495  3251 D CompatibilityChangeReporter: Compat change id reported: 161252188; UID 10251; state: DISABLED
11-09 00:42:03.213  1495  4171 W BackupTransportManager: Package oaskok.rjsbiydsjifexwubpyuomxy.zslzeeeyzmnfnttztj enabled setting: 0
11-09 00:42:03.224  1495  1697 W PackageManager: Failed registering loading progress callback. Package is fully loaded.
11-09 00:42:03.240  1495  1697 W WindowMagnificationMgr: requestConnection duplicated request: connect=false, mConnectionState=DISCONNECTED
11-09 00:42:03.274  1495  1807 E PackageManager: ERROR: could not load root hash from incremental install
11-09 00:42:03.278  1495  2008 W PackageParsing: Ignoring duplicate uses-permissions/uses-permissions-sdk-m: android.permission.DISABLE_KEYGUARD in package: com.lfnb.ccrh at: Binary XML file line #24
11-09 00:42:03.289  1495  1807 I PackageManager: Integrity check passed for file:///data/app/vmdl1885440028.tmp
11-09 00:42:03.299  1495  1495 I NotificationService: Cannot find enqueued record for key: 0|com.google.android.apps.wellbeing|174344743|null|10121
11-09 00:42:03.325  1495  1807 W PackageParsing: Ignoring duplicate uses-permissions/uses-permissions-sdk-m: android.permission.DISABLE_KEYGUARD in package: com.lfnb.ccrh at: Binary XML file line #24
11-09 00:42:03.443  1495  1679 V StorageManagerService: Package null has legacy storage
11-09 00:42:03.507  1495  1807 V BackupManagerService: [UserID:0] restoreAtInstall pkg=com.lfnb.ccrh token=3e restoreSet=0
11-09 00:42:03.507  1495  1807 V BackupManagerService: [UserID:0] Finishing install immediately
11-09 00:42:03.514  1495  1807 D PackageInstallerSession: Marking session 1885440028 as applied
11-09 00:42:03.522  1495  1807 D CompatibilityChangeReporter: Compat change id reported: 168419799; UID 10252; state: DISABLED
11-09 00:42:03.522  1495  1807 D CompatibilityChangeReporter: Compat change id reported: 273564678; UID 10252; state: DISABLED
11-09 00:42:03.530  1495  2906 D CompatibilityChangeReporter: Compat change id reported: 218533173; UID 10252; state: DISABLED
11-09 00:42:03.533  1495  1702 W BroadcastQueue: u0 Receiving a broadcast in packagecom.jr.narutoii requires a permissions review
11-09 00:42:03.533  1495  1702 W BroadcastQueue: Skipping delivery: permission review required for Intent { act=android.intent.action.PACKAGE_ADDED dat=package: flg=0x4000010 (has extras) } from null (pid=1495, uid=1000) to com.jr.narutoii/com.joyriver.engine.proxy.EngineReceiver
11-09 00:42:03.542  1495  1495 I Telecom : DefaultDialerCache: Refreshing default dialer for user 0: now com.google.android.dialer: DDC.oR@A4A
11-09 00:42:03.542  1495  1697 W WindowMagnificationMgr: requestConnection duplicated request: connect=false, mConnectionState=DISCONNECTED
11-09 00:42:03.549  1495  1702 W BroadcastQueue: u0 Receiving a broadcast in packagecom.android.buyer requires a permissions review
11-09 00:42:03.549  1495  1702 W BroadcastQueue: Skipping delivery: permission review required for Intent { act=android.intent.action.PACKAGE_ADDED dat=package: flg=0x4000010 (has extras) } from null (pid=1495, uid=1000) to com.android.buyer/.mRve
11-09 00:42:03.549  1495  1702 W BroadcastQueue: Background execution not allowed: receiving Intent { act=android.intent.action.PACKAGE_ADDED dat=package: flg=0x4000010 (has extras) } to com.google.android.packageinstaller/com.android.packageinstaller.PackageInstalledReceiver
11-09 00:42:03.549  1495  1702 W BroadcastQueue: Background execution not allowed: receiving Intent { act=android.intent.action.PACKAGE_ADDED dat=package: flg=0x4000010 (has extras) } to com.android.vending/com.google.android.finsky.packagemonitor.impl.PackageMonitorReceiverImpl$RegisteredReceiver
11-09 00:42:03.549  1495  1702 W BroadcastQueue: Background execution not allowed: receiving Intent { act=android.intent.action.PACKAGE_ADDED dat=package: flg=0x4000010 (has extras) } to com.android.vending/com.google.android.finsky.packagemonitor.backgroundimpl.BackgroundPackageMonitorReceiverImpl$RegisteredReceiver
11-09 00:42:03.550  1495  1702 W BroadcastQueue: Background execution not allowed: receiving Intent { act=android.intent.action.PACKAGE_ADDED dat=package: flg=0x4000010 (has extras) } to com.google.android.gms/.games.chimera.GamesSystemBroadcastReceiverProxy
11-09 00:42:03.550  1495  1702 W BroadcastQueue: Background execution not allowed: receiving Intent { act=android.intent.action.PACKAGE_ADDED dat=package: flg=0x4000010 (has extras) } to com.google.android.gms/.gass.chimera.PackageChangeBroadcastReceiver
11-09 00:42:03.550  1495  1702 W BroadcastQueue: Background execution not allowed: receiving Intent { act=android.intent.action.PACKAGE_ADDED dat=package: flg=0x4000010 (has extras) } to com.google.android.gms/.chimera.GmsIntentOperationService$PersistentTrustedReceiver
11-09 00:42:03.551  1495  1702 W BroadcastQueue: Background execution not allowed: receiving Intent { act=android.intent.action.PACKAGE_ADDED dat=package: flg=0x4000010 (has extras) } to com.google.android.googlequicksearchbox/com.google.android.apps.gsa.googlequicksearchbox.GelStubAppWatcher
11-09 00:42:03.551  1495  1702 W BroadcastQueue: u0 Receiving a broadcast in packagecom.cncd.japan.janli.shudu requires a permissions review
11-09 00:42:03.551  1495  1702 W BroadcastQueue: Skipping delivery: permission review required for Intent { act=android.intent.action.PACKAGE_ADDED dat=package: flg=0x4000010 (has extras) } from null (pid=1495, uid=1000) to com.cncd.japan.janli.shudu/net.l.k.r
11-09 00:42:03.551  1495  1702 W BroadcastQueue: u0 Receiving a broadcast in packagecom.cncd.japan.janli.shudu requires a permissions review
11-09 00:42:03.551  1495  1702 W BroadcastQueue: Skipping delivery: permission review required for Intent { act=android.intent.action.PACKAGE_ADDED dat=package: flg=0x4000010 (has extras) } from null (pid=1495, uid=1000) to com.cncd.japan.janli.shudu/com.feiwofour.coverscreen.SR
11-09 00:42:03.551  1495  1702 W BroadcastQueue: u0 Receiving a broadcast in packagecom.games.mengmeizhitd requires a permissions review
11-09 00:42:03.551  1495  1702 W BroadcastQueue: Skipping delivery: permission review required for Intent { act=android.intent.action.PACKAGE_ADDED dat=package: flg=0x4000010 (has extras) } from null (pid=1495, uid=1000) to com.games.mengmeizhitd/hjnw.ihjnw.i.isqly
11-09 00:42:03.551  1495  1702 W BroadcastQueue: Background execution not allowed: receiving Intent { act=android.intent.action.PACKAGE_ADDED dat=package: flg=0x4000010 (has extras) } to com.guardian.security.pri/com.guardian.security.pro.receiver.BootStrategyReceiver
11-09 00:42:03.551  1495  1702 W BroadcastQueue: Background execution not allowed: receiving Intent { act=android.intent.action.PACKAGE_ADDED dat=package: flg=0x4000010 (has extras) } to com.guardian.security.pri/com.guardian.av.ui.receiver.PackageReceiver
11-09 00:42:03.552  1495  1702 W BroadcastQueue: Background execution not allowed: receiving Intent { act=android.intent.action.PACKAGE_ADDED dat=package: flg=0x4000010 (has extras) } to com.guardian.security.pri/com.la.da.BroadcastReceiver
11-09 00:42:03.552  1495  1702 W BroadcastQueue: u0 Receiving a broadcast in packagecom.hgperfko.yaeghrwx requires a permissions review
11-09 00:42:03.552  1495  1702 W BroadcastQueue: Skipping delivery: permission review required for Intent { act=android.intent.action.PACKAGE_ADDED dat=package: flg=0x4000010 (has extras) } from null (pid=1495, uid=1000) to com.hgperfko.yaeghrwx/.core.hLytdCQDBv
11-09 00:42:03.552  1495  1702 W BroadcastQueue: u0 Receiving a broadcast in packagecom.qiuqiu.dfmc requires a permissions review
11-09 00:42:03.552  1495  1702 W BroadcastQueue: Skipping delivery: permission review required for Intent { act=android.intent.action.PACKAGE_ADDED dat=package: flg=0x4000010 (has extras) } from null (pid=1495, uid=1000) to com.qiuqiu.dfmc/cn.jpush.android.service.PushReceiver
11-09 00:42:03.552  1495  1702 W BroadcastQueue: u0 Receiving a broadcast in packagecom.safesys.viruskiller requires a permissions review
11-09 00:42:03.552  1495  1702 W BroadcastQueue: Skipping delivery: permission review required for Intent { act=android.intent.action.PACKAGE_ADDED dat=package: flg=0x4000010 (has extras) } from null (pid=1495, uid=1000) to com.safesys.viruskiller/.ScanPackageBroadcast
11-09 00:42:03.552  1495  1702 W BroadcastQueue: u0 Receiving a broadcast in packagecom.uc108.mobile.sdgj.bd1 requires a permissions review
11-09 00:42:03.552  1495  1702 W BroadcastQueue: Skipping delivery: permission review required for Intent { act=android.intent.action.PACKAGE_ADDED dat=package: flg=0x4000010 (has extras) } from null (pid=1495, uid=1000) to com.uc108.mobile.sdgj.bd1/com.baidu.tiebasdk.service.InstallReceiver
11-09 00:42:03.552  1495  1702 W BroadcastQueue: u0 Receiving a broadcast in packagecom.voicebianshengjinglingwc.wxl requires a permissions review
11-09 00:42:03.552  1495  1702 W BroadcastQueue: Skipping delivery: permission review required for Intent { act=android.intent.action.PACKAGE_ADDED dat=package: flg=0x4000010 (has extras) } from null (pid=1495, uid=1000) to com.voicebianshengjinglingwc.wxl/mp.ruu.Ztjjwrj
11-09 00:42:03.552  1495  1702 W BroadcastQueue: u0 Receiving a broadcast in packageio.dcloud.H5BC6BF13 requires a permissions review
11-09 00:42:03.552  1495  1702 W BroadcastQueue: Skipping delivery: permission review required for Intent { act=android.intent.action.PACKAGE_ADDED dat=package: flg=0x4000010 (has extras) } from null (pid=1495, uid=1000) to io.dcloud.H5BC6BF13/io.dcloud.common.adapter.io.DownloadReceiver
11-09 00:42:03.558  1495  1495 V BackupManagerConstants: getFullBackupIntervalMilliseconds(...) returns 86400000
11-09 00:42:03.558  1495  1495 V BackupManagerConstants: getFullBackupRequiredNetworkType(...) returns 2
11-09 00:42:03.558  1495  1495 V BackupManagerConstants: getFullBackupRequireCharging(...) returns true
11-09 00:42:03.576  1495  1803 E VerityUtils: Failed to measure fs-verity, errno 1: /data/app/~~OrAVhv9fg99Giy8Vy5hpKw==/com.lfnb.ccrh-9JrDTavD6PvVkpro-21fmw==/base.apk
11-09 00:42:03.580  1495  2928 D CompatibilityChangeReporter: Compat change id reported: 161252188; UID 10252; state: DISABLED
11-09 00:42:03.609  1495  1495 I Telecom : DefaultDialerCache: Refreshing default dialer for user 0: now com.google.android.dialer: DDC.oR@A4E
11-09 00:42:03.615  1495  4171 W BackupTransportManager: Package com.lfnb.ccrh enabled setting: 0
11-09 00:42:03.621  1495  1807 E PackageManager: ERROR: could not load root hash from incremental install
11-09 00:42:03.622  1495  1697 W PackageManager: Failed registering loading progress callback. Package is fully loaded.
11-09 00:42:03.636  1495  1697 W WindowMagnificationMgr: requestConnection duplicated request: connect=false, mConnectionState=DISCONNECTED
11-09 00:42:03.676  1495  1807 I PackageManager: Integrity check passed for file:///data/app/vmdl1465963132.tmp
11-09 00:42:03.825  1495  1679 V StorageManagerService: Package null has legacy storage
11-09 00:42:03.864  1495  3242 W AppOps  : setUidMode() called with a mode inconsistent with runtime permission state, this is discouraged and you should revoke the runtime permission instead: uid=10126, switchCode=0, mode=4, permission=android.permission.ACCESS_BACKGROUND_LOCATION
11-09 00:42:03.945  1495  5493 W AppOps  : setUidMode() called with a mode inconsistent with runtime permission state, this is discouraged and you should revoke the runtime permission instead: uid=10126, switchCode=1, mode=4, permission=android.permission.ACCESS_BACKGROUND_LOCATION
11-09 00:42:03.948  1495  5113 W AppOps  : setUidMode() called with a mode inconsistent with runtime permission state, this is discouraged and you should revoke the runtime permission instead: uid=10126, switchCode=0, mode=4, permission=android.permission.ACCESS_BACKGROUND_LOCATION
11-09 00:42:03.953  1495  1807 V BackupManagerService: [UserID:0] restoreAtInstall pkg=com.android.system.admin token=3f restoreSet=0
11-09 00:42:03.953  1495  1807 V BackupManagerService: [UserID:0] Finishing install immediately
11-09 00:42:03.954  1495  1807 D PackageInstallerSession: Marking session 1465963132 as applied
11-09 00:42:03.959  1495  1807 D CompatibilityChangeReporter: Compat change id reported: 168419799; UID 10253; state: DISABLED
