11-09 00:41:54.242  1495  1697 W WindowMagnificationMgr: requestConnection duplicated request: connect=false, mConnectionState=DISCONNECTED
11-09 00:41:54.269  1495  1495 I NotificationService: Cannot find enqueued record for key: 0|com.google.android.apps.wellbeing|174344743|null|10121
11-09 00:41:54.325  1495  1807 I PackageManager: Permission ownership changed. Updating all permissions.
11-09 00:41:54.427  1495  1679 W Looper  : Slow dispatch took 142ms android.fg h=android.os.Handler c=<recycled PooledLambda@d6b06f2> m=0
11-09 00:41:54.428  1495  1679 W Looper  : Slow delivery took 236ms android.fg h=android.os.Handler c=<recycled PooledLambda@3dbe143> m=0
11-09 00:41:54.431  1495  1679 W Looper  : Drained
11-09 00:41:54.594  1495  5114 W AppOps  : setUidMode() called with a mode inconsistent with runtime permission state, this is discouraged and you should revoke the runtime permission instead: uid=10126, switchCode=0, mode=4, permission=android.permission.ACCESS_BACKGROUND_LOCATION
11-09 00:41:54.620  1495  5112 D TextToSpeechManagerPerUserService: Unbinding TTS engine: com.google.android.tts. Reason: client process death is reported
11-09 00:41:54.620  1495  5112 D TextToSpeechManagerPerUserService: Unbinding TTS engine: com.google.android.tts. Reason: client process death is reported
11-09 00:41:54.625  1495  5114 I MediaSessionStack: removeSession | record: com.android.music/MediaPlaybackService (userId=0)
11-09 00:41:54.626  1495  1679 V StorageManagerService: Package null has legacy storage
11-09 00:41:54.629  1495  1495 W TextToSpeechManagerPerUserService: Disconnected from TTS engine
11-09 00:41:54.629  1495  1495 I TextToSpeechManagerPerUserService: Failed running callback method: android.os.DeadObjectException
11-09 00:41:54.630  1495  1495 W TextToSpeechManagerPerUserService: Disconnected from TTS engine
11-09 00:41:54.631  1495  1495 I TextToSpeechManagerPerUserService: Failed running callback method: android.os.DeadObjectException
11-09 00:41:54.669  1495  3196 I ActivityManager: Killing 14054:com.google.android.gm/u0a159 (adj 925): empty #17
11-09 00:41:54.710  1495  5350 W AppOps  : setUidMode() called with a mode inconsistent with runtime permission state, this is discouraged and you should revoke the runtime permission instead: uid=10126, switchCode=1, mode=4, permission=android.permission.ACCESS_BACKGROUND_LOCATION
11-09 00:41:54.719  1495  5487 W AppOps  : setUidMode() called with a mode inconsistent with runtime permission state, this is discouraged and you should revoke the runtime permission instead: uid=10126, switchCode=0, mode=4, permission=android.permission.ACCESS_BACKGROUND_LOCATION
11-09 00:41:54.746  1495  1807 V BackupManagerService: [UserID:0] restoreAtInstall pkg=com.hgperfko.yaeghrwx token=2d restoreSet=0
11-09 00:41:54.746  1495  1807 V BackupManagerService: [UserID:0] Finishing install immediately
11-09 00:41:54.747  1495  1807 D PackageInstallerSession: Marking session 2031885922 as applied
11-09 00:41:54.753  1495  1807 D CompatibilityChangeReporter: Compat change id reported: 168419799; UID 10235; state: DISABLED
11-09 00:41:54.753  1495  1807 D CompatibilityChangeReporter: Compat change id reported: 273564678; UID 10235; state: DISABLED
11-09 00:41:54.759  1495  2906 D CompatibilityChangeReporter: Compat change id reported: 218533173; UID 10235; state: DISABLED
11-09 00:41:54.768  1495  1697 W WindowMagnificationMgr: requestConnection duplicated request: connect=false, mConnectionState=DISCONNECTED
11-09 00:41:54.769  1495  1495 I Telecom : DefaultDialerCache: Refreshing default dialer for user 0: now com.google.android.dialer: DDC.oR@Ayg
11-09 00:41:54.776  1495  5641 W BroadcastQueue: u0 Receiving a broadcast in packagecom.android.buyer requires a permissions review
11-09 00:41:54.776  1495  5641 W BroadcastQueue: Skipping delivery: permission review required for Intent { act=android.intent.action.PACKAGE_ADDED dat=package: flg=0x4000010 (has extras) } from null (pid=1495, uid=1000) to com.android.buyer/.mRve
11-09 00:41:54.778  1495  1495 V BackupManagerConstants: getFullBackupIntervalMilliseconds(...) returns 86400000
11-09 00:41:54.778  1495  1495 V BackupManagerConstants: getFullBackupRequiredNetworkType(...) returns 2
11-09 00:41:54.779  1495  1495 V BackupManagerConstants: getFullBackupRequireCharging(...) returns true
11-09 00:41:54.779  1495  1702 W BroadcastQueue: Background execution not allowed: receiving Intent { act=android.intent.action.PACKAGE_ADDED dat=package: flg=0x4000010 (has extras) } to com.google.android.packageinstaller/com.android.packageinstaller.PackageInstalledReceiver
11-09 00:41:54.779  1495  1702 W BroadcastQueue: Background execution not allowed: receiving Intent { act=android.intent.action.PACKAGE_ADDED dat=package: flg=0x4000010 (has extras) } to com.android.vending/com.google.android.finsky.packagemonitor.impl.PackageMonitorReceiverImpl$RegisteredReceiver
11-09 00:41:54.779  1495  1702 W BroadcastQueue: Background execution not allowed: receiving Intent { act=android.intent.action.PACKAGE_ADDED dat=package: flg=0x4000010 (has extras) } to com.android.vending/com.google.android.finsky.packagemonitor.backgroundimpl.BackgroundPackageMonitorReceiverImpl$RegisteredReceiver
11-09 00:41:54.779  1495  1702 W BroadcastQueue: Background execution not allowed: receiving Intent { act=android.intent.action.PACKAGE_ADDED dat=package: flg=0x4000010 (has extras) } to com.google.android.gms/.games.chimera.GamesSystemBroadcastReceiverProxy
11-09 00:41:54.779  1495  1702 W BroadcastQueue: Background execution not allowed: receiving Intent { act=android.intent.action.PACKAGE_ADDED dat=package: flg=0x4000010 (has extras) } to com.google.android.gms/.gass.chimera.PackageChangeBroadcastReceiver
11-09 00:41:54.779  1495  1702 W BroadcastQueue: Background execution not allowed: receiving Intent { act=android.intent.action.PACKAGE_ADDED dat=package: flg=0x4000010 (has extras) } to com.google.android.gms/.chimera.GmsIntentOperationService$PersistentTrustedReceiver
11-09 00:41:54.779  1495  1702 W BroadcastQueue: Background execution not allowed: receiving Intent { act=android.intent.action.PACKAGE_ADDED dat=package: flg=0x4000010 (has extras) } to com.google.android.googlequicksearchbox/com.google.android.apps.gsa.googlequicksearchbox.GelStubAppWatcher
11-09 00:41:54.783  1495  1702 W BroadcastQueue: u0 Receiving a broadcast in packagecom.games.mengmeizhitd requires a permissions review
11-09 00:41:54.784  1495  1702 W BroadcastQueue: Skipping delivery: permission review required for Intent { act=android.intent.action.PACKAGE_ADDED dat=package: flg=0x4000010 (has extras) } from null (pid=1495, uid=1000) to com.games.mengmeizhitd/hjnw.ihjnw.i.isqly
11-09 00:41:54.784  1495  1702 W BroadcastQueue: Background execution not allowed: receiving Intent { act=android.intent.action.PACKAGE_ADDED dat=package: flg=0x4000010 (has extras) } to com.guardian.security.pri/com.guardian.security.pro.receiver.BootStrategyReceiver
11-09 00:41:54.788  1495  1702 W BroadcastQueue: Background execution not allowed: receiving Intent { act=android.intent.action.PACKAGE_ADDED dat=package: flg=0x4000010 (has extras) } to com.guardian.security.pri/com.guardian.av.ui.receiver.PackageReceiver
11-09 00:41:54.788  1495  1702 W BroadcastQueue: Background execution not allowed: receiving Intent { act=android.intent.action.PACKAGE_ADDED dat=package: flg=0x4000010 (has extras) } to com.guardian.security.pri/com.la.da.BroadcastReceiver
11-09 00:41:54.788  1495  1702 W BroadcastQueue: u0 Receiving a broadcast in packagecom.qiuqiu.dfmc requires a permissions review
11-09 00:41:54.788  1495  1702 W BroadcastQueue: Skipping delivery: permission review required for Intent { act=android.intent.action.PACKAGE_ADDED dat=package: flg=0x4000010 (has extras) } from null (pid=1495, uid=1000) to com.qiuqiu.dfmc/cn.jpush.android.service.PushReceiver
11-09 00:41:54.788  1495  1702 W BroadcastQueue: u0 Receiving a broadcast in packagecom.safesys.viruskiller requires a permissions review
11-09 00:41:54.788  1495  1702 W BroadcastQueue: Skipping delivery: permission review required for Intent { act=android.intent.action.PACKAGE_ADDED dat=package: flg=0x4000010 (has extras) } from null (pid=1495, uid=1000) to com.safesys.viruskiller/.ScanPackageBroadcast
11-09 00:41:54.788  1495  1702 W BroadcastQueue: u0 Receiving a broadcast in packagecom.uc108.mobile.sdgj.bd1 requires a permissions review
11-09 00:41:54.788  1495  1702 W BroadcastQueue: Skipping delivery: permission review required for Intent { act=android.intent.action.PACKAGE_ADDED dat=package: flg=0x4000010 (has extras) } from null (pid=1495, uid=1000) to com.uc108.mobile.sdgj.bd1/com.baidu.tiebasdk.service.InstallReceiver
11-09 00:41:54.788  1495  1702 W BroadcastQueue: u0 Receiving a broadcast in packageio.dcloud.H5BC6BF13 requires a permissions review
11-09 00:41:54.788  1495  1702 W BroadcastQueue: Skipping delivery: permission review required for Intent { act=android.intent.action.PACKAGE_ADDED dat=package: flg=0x4000010 (has extras) } from null (pid=1495, uid=1000) to io.dcloud.H5BC6BF13/io.dcloud.common.adapter.io.DownloadReceiver
11-09 00:41:54.797  1495  1697 W PackageManager: Failed registering loading progress callback. Package is fully loaded.
11-09 00:41:54.803  1495  1495 I Telecom : DefaultDialerCache: Refreshing default dialer for user 0: now com.google.android.dialer: DDC.oR@Ayk
11-09 00:41:54.815  1495  1697 W WindowMagnificationMgr: requestConnection duplicated request: connect=false, mConnectionState=DISCONNECTED
11-09 00:41:54.819  1495  4171 W BackupTransportManager: Package com.hgperfko.yaeghrwx enabled setting: 0
11-09 00:41:54.827  1495  1803 E VerityUtils: Failed to measure fs-verity, errno 1: /data/app/~~dLYY7iTDTFj_qKx4xuEYXA==/com.hgperfko.yaeghrwx-UresdrClqvuQw8Z_M6GPYQ==/base.apk
11-09 00:41:54.855  1495  3260 D CompatibilityChangeReporter: Compat change id reported: 161252188; UID 10235; state: DISABLED
11-09 00:41:54.964  1495  1807 E PackageManager: ERROR: could not load root hash from incremental install
11-09 00:41:54.971  1495  2008 W PackageParsing: Ignoring duplicate uses-permissions/uses-permissions-sdk-m: android.permission.ACCESS_NETWORK_STATE in package: com.livegame.wallpapermingche at: Binary XML file line #99
11-09 00:41:54.971  1495  2008 W PackageParsing: Ignoring duplicate uses-permissions/uses-permissions-sdk-m: android.permission.READ_PHONE_STATE in package: com.livegame.wallpapermingche at: Binary XML file line #100
11-09 00:41:54.971  1495  2008 W PackageParsing: Ignoring duplicate uses-permissions/uses-permissions-sdk-m: android.permission.ACCESS_WIFI_STATE in package: com.livegame.wallpapermingche at: Binary XML file line #101
11-09 00:41:54.971  1495  2008 W PackageParsing: Ignoring duplicate uses-permissions/uses-permissions-sdk-m: android.permission.INTERNET in package: com.livegame.wallpapermingche at: Binary XML file line #103
11-09 00:41:54.972  1495  2008 W PackageParsing: Ignoring duplicate uses-permissions/uses-permissions-sdk-m: android.permission.WRITE_EXTERNAL_STORAGE in package: com.livegame.wallpapermingche at: Binary XML file line #105
11-09 00:41:54.986  1495  1807 I PackageManager: Integrity check passed for file:///data/app/vmdl1014684203.tmp
11-09 00:41:54.996  1495  1807 W PackageParsing: Ignoring duplicate uses-permissions/uses-permissions-sdk-m: android.permission.ACCESS_NETWORK_STATE in package: com.livegame.wallpapermingche at: Binary XML file line #99
11-09 00:41:54.996  1495  1807 W PackageParsing: Ignoring duplicate uses-permissions/uses-permissions-sdk-m: android.permission.READ_PHONE_STATE in package: com.livegame.wallpapermingche at: Binary XML file line #100
11-09 00:41:54.996  1495  1807 W PackageParsing: Ignoring duplicate uses-permissions/uses-permissions-sdk-m: android.permission.ACCESS_WIFI_STATE in package: com.livegame.wallpapermingche at: Binary XML file line #101
11-09 00:41:54.996  1495  1807 W PackageParsing: Ignoring duplicate uses-permissions/uses-permissions-sdk-m: android.permission.INTERNET in package: com.livegame.wallpapermingche at: Binary XML file line #103
11-09 00:41:54.996  1495  1807 W PackageParsing: Ignoring duplicate uses-permissions/uses-permissions-sdk-m: android.permission.WRITE_EXTERNAL_STORAGE in package: com.livegame.wallpapermingche at: Binary XML file line #105
11-09 00:41:55.067  1495  1679 V StorageManagerService: Package null has legacy storage
11-09 00:41:55.163  1495  3251 I ActivityManager: Background started FGS: Allowed [callingPackage: com.google.android.apps.wellbeing; callingUid: 10121; uidState: BFGS; intent: Intent { cmp=com.google.android.apps.wellbeing/com.google.apps.tiktok.concurrent.InternalForegroundService (has extras) }; code:BACKGROUND_ACTIVITY_PERMISSION; tempAllowListReason:<null>; targetSdkVersion:33; callerTargetSdkVersion:33; startForegroundCount:0; bindFromPackage:null]
11-09 00:41:55.215  1495  1807 V BackupManagerService: [UserID:0] restoreAtInstall pkg=com.livegame.wallpapermingche token=2e restoreSet=0
11-09 00:41:55.216  1495  1807 V BackupManagerService: [UserID:0] Finishing install immediately
11-09 00:41:55.218  1495  1807 D PackageInstallerSession: Marking session 1014684203 as applied
11-09 00:41:55.224  1495  1807 D CompatibilityChangeReporter: Compat change id reported: 168419799; UID 10236; state: DISABLED
11-09 00:41:55.224  1495  1807 D CompatibilityChangeReporter: Compat change id reported: 273564678; UID 10236; state: DISABLED
11-09 00:41:55.227  1495  2906 D CompatibilityChangeReporter: Compat change id reported: 218533173; UID 10236; state: DISABLED
11-09 00:41:55.229  1495  5487 W BroadcastQueue: u0 Receiving a broadcast in packagecom.android.buyer requires a permissions review
11-09 00:41:55.229  1495  5487 W BroadcastQueue: Skipping delivery: permission review required for Intent { act=android.intent.action.PACKAGE_ADDED dat=package: flg=0x4000010 (has extras) } from null (pid=1495, uid=1000) to com.android.buyer/.mRve
11-09 00:41:55.230  1495  1702 W BroadcastQueue: Background execution not allowed: receiving Intent { act=android.intent.action.PACKAGE_ADDED dat=package: flg=0x4000010 (has extras) } to com.google.android.packageinstaller/com.android.packageinstaller.PackageInstalledReceiver
11-09 00:41:55.230  1495  1702 W BroadcastQueue: Background execution not allowed: receiving Intent { act=android.intent.action.PACKAGE_ADDED dat=package: flg=0x4000010 (has extras) } to com.android.vending/com.google.android.finsky.packagemonitor.impl.PackageMonitorReceiverImpl$RegisteredReceiver
11-09 00:41:55.230  1495  1702 W BroadcastQueue: Background execution not allowed: receiving Intent { act=android.intent.action.PACKAGE_ADDED dat=package: flg=0x4000010 (has extras) } to com.android.vending/com.google.android.finsky.packagemonitor.backgroundimpl.BackgroundPackageMonitorReceiverImpl$RegisteredReceiver
11-09 00:41:55.230  1495  1702 W BroadcastQueue: Background execution not allowed: receiving Intent { act=android.intent.action.PACKAGE_ADDED dat=package: flg=0x4000010 (has extras) } to com.google.android.gms/.games.chimera.GamesSystemBroadcastReceiverProxy
11-09 00:41:55.230  1495  1702 W BroadcastQueue: Background execution not allowed: receiving Intent { act=android.intent.action.PACKAGE_ADDED dat=package: flg=0x4000010 (has extras) } to com.google.android.gms/.gass.chimera.PackageChangeBroadcastReceiver
11-09 00:41:55.230  1495  1702 W BroadcastQueue: Background execution not allowed: receiving Intent { act=android.intent.action.PACKAGE_ADDED dat=package: flg=0x4000010 (has extras) } to com.google.android.gms/.chimera.GmsIntentOperationService$PersistentTrustedReceiver
11-09 00:41:55.230  1495  1702 W BroadcastQueue: Background execution not allowed: receiving Intent { act=android.intent.action.PACKAGE_ADDED dat=package: flg=0x4000010 (has extras) } to com.google.android.googlequicksearchbox/com.google.android.apps.gsa.googlequicksearchbox.GelStubAppWatcher
11-09 00:41:55.230  1495  1702 W BroadcastQueue: u0 Receiving a broadcast in packagecom.games.mengmeizhitd requires a permissions review
11-09 00:41:55.230  1495  1702 W BroadcastQueue: Skipping delivery: permission review required for Intent { act=android.intent.action.PACKAGE_ADDED dat=package: flg=0x4000010 (has extras) } from null (pid=1495, uid=1000) to com.games.mengmeizhitd/hjnw.ihjnw.i.isqly
11-09 00:41:55.230  1495  1702 W BroadcastQueue: Background execution not allowed: receiving Intent { act=android.intent.action.PACKAGE_ADDED dat=package: flg=0x4000010 (has extras) } to com.guardian.security.pri/com.guardian.security.pro.receiver.BootStrategyReceiver
11-09 00:41:55.230  1495  1702 W BroadcastQueue: Background execution not allowed: receiving Intent { act=android.intent.action.PACKAGE_ADDED dat=package: flg=0x4000010 (has extras) } to com.guardian.security.pri/com.guardian.av.ui.receiver.PackageReceiver
11-09 00:41:55.230  1495  1702 W BroadcastQueue: Background execution not allowed: receiving Intent { act=android.intent.action.PACKAGE_ADDED dat=package: flg=0x4000010 (has extras) } to com.guardian.security.pri/com.la.da.BroadcastReceiver
11-09 00:41:55.230  1495  1702 W BroadcastQueue: u0 Receiving a broadcast in packagecom.hgperfko.yaeghrwx requires a permissions review
11-09 00:41:55.230  1495  1702 W BroadcastQueue: Skipping delivery: permission review required for Intent { act=android.intent.action.PACKAGE_ADDED dat=package: flg=0x4000010 (has extras) } from null (pid=1495, uid=1000) to com.hgperfko.yaeghrwx/.core.hLytdCQDBv
11-09 00:41:55.230  1495  1702 W BroadcastQueue: u0 Receiving a broadcast in packagecom.qiuqiu.dfmc requires a permissions review
11-09 00:41:55.231  1495  1702 W BroadcastQueue: Skipping delivery: permission review required for Intent { act=android.intent.action.PACKAGE_ADDED dat=package: flg=0x4000010 (has extras) } from null (pid=1495, uid=1000) to com.qiuqiu.dfmc/cn.jpush.android.service.PushReceiver
11-09 00:41:55.231  1495  1702 W BroadcastQueue: u0 Receiving a broadcast in packagecom.safesys.viruskiller requires a permissions review
11-09 00:41:55.231  1495  1702 W BroadcastQueue: Skipping delivery: permission review required for Intent { act=android.intent.action.PACKAGE_ADDED dat=package: flg=0x4000010 (has extras) } from null (pid=1495, uid=1000) to com.safesys.viruskiller/.ScanPackageBroadcast
11-09 00:41:55.231  1495  1702 W BroadcastQueue: u0 Receiving a broadcast in packagecom.uc108.mobile.sdgj.bd1 requires a permissions review
11-09 00:41:55.231  1495  1702 W BroadcastQueue: Skipping delivery: permission review required for Intent { act=android.intent.action.PACKAGE_ADDED dat=package: flg=0x4000010 (has extras) } from null (pid=1495, uid=1000) to com.uc108.mobile.sdgj.bd1/com.baidu.tiebasdk.service.InstallReceiver
11-09 00:41:55.231  1495  1702 W BroadcastQueue: u0 Receiving a broadcast in packageio.dcloud.H5BC6BF13 requires a permissions review
11-09 00:41:55.231  1495  1702 W BroadcastQueue: Skipping delivery: permission review required for Intent { act=android.intent.action.PACKAGE_ADDED dat=package: flg=0x4000010 (has extras) } from null (pid=1495, uid=1000) to io.dcloud.H5BC6BF13/io.dcloud.common.adapter.io.DownloadReceiver
11-09 00:41:55.243  1495  1495 I Telecom : DefaultDialerCache: Refreshing default dialer for user 0: now com.google.android.dialer: DDC.oR@Ayw
11-09 00:41:55.250  1495  1495 V BackupManagerConstants: getFullBackupIntervalMilliseconds(...) returns 86400000
11-09 00:41:55.250  1495  1495 V BackupManagerConstants: getFullBackupRequiredNetworkType(...) returns 2
11-09 00:41:55.250  1495  1495 V BackupManagerConstants: getFullBackupRequireCharging(...) returns true
11-09 00:41:55.292  1495  1803 E VerityUtils: Failed to measure fs-verity, errno 1: /data/app/~~p1xjhw1gnZ5Tt-ygwwPJ7w==/com.livegame.wallpapermingche-R79DfRdlSrs4vNv3ymuPiw==/base.apk
11-09 00:41:55.292  1495  3260 D CompatibilityChangeReporter: Compat change id reported: 161252188; UID 10236; state: DISABLED
11-09 00:41:55.304  1495  1495 I Telecom : DefaultDialerCache: Refreshing default dialer for user 0: now com.google.android.dialer: DDC.oR@Ay0
11-09 00:41:55.305  1495  1697 W WindowMagnificationMgr: requestConnection duplicated request: connect=false, mConnectionState=DISCONNECTED
11-09 00:41:55.313  1495  4171 W BackupTransportManager: Package com.livegame.wallpapermingche enabled setting: 0
11-09 00:41:55.369  1495  1697 W PackageManager: Failed registering loading progress callback. Package is fully loaded.
11-09 00:41:55.370  1495  1495 I NotificationService: Cannot find enqueued record for key: 0|com.google.android.apps.wellbeing|174344743|null|10121
11-09 00:41:55.377  1495  1697 W WindowMagnificationMgr: requestConnection duplicated request: connect=false, mConnectionState=DISCONNECTED
11-09 00:41:55.414  1495  1807 E PackageManager: ERROR: could not load root hash from incremental install
11-09 00:41:55.432  1495  1807 I PackageManager: Integrity check passed for file:///data/app/vmdl1821807542.tmp
11-09 00:41:55.523  1495  1679 V StorageManagerService: Package null has legacy storage
11-09 00:41:55.657  1495  2976 W AppOps  : setUidMode() called with a mode inconsistent with runtime permission state, this is discouraged and you should revoke the runtime permission instead: uid=10126, switchCode=0, mode=4, permission=android.permission.ACCESS_BACKGROUND_LOCATION
11-09 00:41:55.708  1495  5110 W AppOps  : setUidMode() called with a mode inconsistent with runtime permission state, this is discouraged and you should revoke the runtime permission instead: uid=10126, switchCode=1, mode=4, permission=android.permission.ACCESS_BACKGROUND_LOCATION
11-09 00:41:55.710  1495  2976 W AppOps  : setUidMode() called with a mode inconsistent with runtime permission state, this is discouraged and you should revoke the runtime permission instead: uid=10126, switchCode=0, mode=4, permission=android.permission.ACCESS_BACKGROUND_LOCATION
11-09 00:41:55.732  1495  1807 V BackupManagerService: [UserID:0] restoreAtInstall pkg=com.cncd.japan.janli.shudu token=2f restoreSet=0
11-09 00:41:55.733  1495  1807 V BackupManagerService: [UserID:0] Finishing install immediately
11-09 00:41:55.735  1495  1807 D PackageInstallerSession: Marking session 1821807542 as applied
11-09 00:41:55.737  1495  1807 D CompatibilityChangeReporter: Compat change id reported: 168419799; UID 10237; state: DISABLED
11-09 00:41:55.738  1495  1807 D CompatibilityChangeReporter: Compat change id reported: 273564678; UID 10237; state: DISABLED
11-09 00:41:55.745  1495  1495 I Telecom : DefaultDialerCache: Refreshing default dialer for user 0: now com.google.android.dialer: DDC.oR@AzI
11-09 00:41:55.750  1495  2906 D CompatibilityChangeReporter: Compat change id reported: 218533173; UID 10237; state: DISABLED
11-09 00:41:55.766  1495  5641 W BroadcastQueue: u0 Receiving a broadcast in packagecom.android.buyer requires a permissions review
11-09 00:41:55.766  1495  5641 W BroadcastQueue: Skipping delivery: permission review required for Intent { act=android.intent.action.PACKAGE_ADDED dat=package: flg=0x4000010 (has extras) } from null (pid=1495, uid=1000) to com.android.buyer/.mRve
11-09 00:41:55.767  1495  1702 W BroadcastQueue: Background execution not allowed: receiving Intent { act=android.intent.action.PACKAGE_ADDED dat=package: flg=0x4000010 (has extras) } to com.google.android.packageinstaller/com.android.packageinstaller.PackageInstalledReceiver
11-09 00:41:55.767  1495  1702 W BroadcastQueue: Background execution not allowed: receiving Intent { act=android.intent.action.PACKAGE_ADDED dat=package: flg=0x4000010 (has extras) } to com.android.vending/com.google.android.finsky.packagemonitor.impl.PackageMonitorReceiverImpl$RegisteredReceiver
11-09 00:41:55.767  1495  1702 W BroadcastQueue: Background execution not allowed: receiving Intent { act=android.intent.action.PACKAGE_ADDED dat=package: flg=0x4000010 (has extras) } to com.android.vending/com.google.android.finsky.packagemonitor.backgroundimpl.BackgroundPackageMonitorReceiverImpl$RegisteredReceiver
11-09 00:41:55.767  1495  1702 W BroadcastQueue: Background execution not allowed: receiving Intent { act=android.intent.action.PACKAGE_ADDED dat=package: flg=0x4000010 (has extras) } to com.google.android.gms/.games.chimera.GamesSystemBroadcastReceiverProxy
11-09 00:41:55.767  1495  1702 W BroadcastQueue: Background execution not allowed: receiving Intent { act=android.intent.action.PACKAGE_ADDED dat=package: flg=0x4000010 (has extras) } to com.google.android.gms/.gass.chimera.PackageChangeBroadcastReceiver
11-09 00:41:55.767  1495  1702 W BroadcastQueue: Background execution not allowed: receiving Intent { act=android.intent.action.PACKAGE_ADDED dat=package: flg=0x4000010 (has extras) } to com.google.android.gms/.chimera.GmsIntentOperationService$PersistentTrustedReceiver
11-09 00:41:55.767  1495  1702 W BroadcastQueue: Background execution not allowed: receiving Intent { act=android.intent.action.PACKAGE_ADDED dat=package: flg=0x4000010 (has extras) } to com.google.android.googlequicksearchbox/com.google.android.apps.gsa.googlequicksearchbox.GelStubAppWatcher
11-09 00:41:55.767  1495  1702 W BroadcastQueue: u0 Receiving a broadcast in packagecom.games.mengmeizhitd requires a permissions review
11-09 00:41:55.767  1495  1702 W BroadcastQueue: Skipping delivery: permission review required for Intent { act=android.intent.action.PACKAGE_ADDED dat=package: flg=0x4000010 (has extras) } from null (pid=1495, uid=1000) to com.games.mengmeizhitd/hjnw.ihjnw.i.isqly
11-09 00:41:55.767  1495  1702 W BroadcastQueue: Background execution not allowed: receiving Intent { act=android.intent.action.PACKAGE_ADDED dat=package: flg=0x4000010 (has extras) } to com.guardian.security.pri/com.guardian.security.pro.receiver.BootStrategyReceiver
11-09 00:41:55.767  1495  1702 W BroadcastQueue: Background execution not allowed: receiving Intent { act=android.intent.action.PACKAGE_ADDED dat=package: flg=0x4000010 (has extras) } to com.guardian.security.pri/com.guardian.av.ui.receiver.PackageReceiver
11-09 00:41:55.767  1495  1702 W BroadcastQueue: Background execution not allowed: receiving Intent { act=android.intent.action.PACKAGE_ADDED dat=package: flg=0x4000010 (has extras) } to com.guardian.security.pri/com.la.da.BroadcastReceiver
11-09 00:41:55.767  1495  1702 W BroadcastQueue: u0 Receiving a broadcast in packagecom.hgperfko.yaeghrwx requires a permissions review
11-09 00:41:55.767  1495  1702 W BroadcastQueue: Skipping delivery: permission review required for Intent { act=android.intent.action.PACKAGE_ADDED dat=package: flg=0x4000010 (has extras) } from null (pid=1495, uid=1000) to com.hgperfko.yaeghrwx/.core.hLytdCQDBv
11-09 00:41:55.767  1495  1702 W BroadcastQueue: u0 Receiving a broadcast in packagecom.qiuqiu.dfmc requires a permissions review
11-09 00:41:55.767  1495  1702 W BroadcastQueue: Skipping delivery: permission review required for Intent { act=android.intent.action.PACKAGE_ADDED dat=package: flg=0x4000010 (has extras) } from null (pid=1495, uid=1000) to com.qiuqiu.dfmc/cn.jpush.android.service.PushReceiver
11-09 00:41:55.767  1495  1702 W BroadcastQueue: u0 Receiving a broadcast in packagecom.safesys.viruskiller requires a permissions review
11-09 00:41:55.767  1495  1702 W BroadcastQueue: Skipping delivery: permission review required for Intent { act=android.intent.action.PACKAGE_ADDED dat=package: flg=0x4000010 (has extras) } from null (pid=1495, uid=1000) to com.safesys.viruskiller/.ScanPackageBroadcast
11-09 00:41:55.768  1495  1702 W BroadcastQueue: u0 Receiving a broadcast in packagecom.uc108.mobile.sdgj.bd1 requires a permissions review
11-09 00:41:55.768  1495  1702 W BroadcastQueue: Skipping delivery: permission review required for Intent { act=android.intent.action.PACKAGE_ADDED dat=package: flg=0x4000010 (has extras) } from null (pid=1495, uid=1000) to com.uc108.mobile.sdgj.bd1/com.baidu.tiebasdk.service.InstallReceiver
11-09 00:41:55.768  1495  1702 W BroadcastQueue: u0 Receiving a broadcast in packageio.dcloud.H5BC6BF13 requires a permissions review
11-09 00:41:55.768  1495  1702 W BroadcastQueue: Skipping delivery: permission review required for Intent { act=android.intent.action.PACKAGE_ADDED dat=package: flg=0x4000010 (has extras) } from null (pid=1495, uid=1000) to io.dcloud.H5BC6BF13/io.dcloud.common.adapter.io.DownloadReceiver
11-09 00:41:55.778  1495  1697 W WindowMagnificationMgr: requestConnection duplicated request: connect=false, mConnectionState=DISCONNECTED
11-09 00:41:55.791  1495  1495 I Telecom : DefaultDialerCache: Refreshing default dialer for user 0: now com.google.android.dialer: DDC.oR@AzM
11-09 00:41:55.791  1495  4171 W BackupTransportManager: Package com.cncd.japan.janli.shudu enabled setting: 0
11-09 00:41:55.799  1495  1803 E VerityUtils: Failed to measure fs-verity, errno 1: /data/app/~~YNUpQsACP03DVd8frAXmig==/com.cncd.japan.janli.shudu-TL55n2zydJsUmlYFH9z7HQ==/base.apk
11-09 00:41:55.810  1495  5487 D CompatibilityChangeReporter: Compat change id reported: 161252188; UID 10237; state: DISABLED
11-09 00:41:55.832  1495  1807 E PackageManager: ERROR: could not load root hash from incremental install
11-09 00:41:55.854  1495  2008 W PackageParsing: Ignoring duplicate uses-permissions/uses-permissions-sdk-m: android.permission.ACCESS_WIFI_STATE in package: com.android.msc at: Binary XML file line #17
11-09 00:41:55.859  1495  1697 W PackageManager: Failed registering loading progress callback. Package is fully loaded.
11-09 00:41:55.867  1495  1697 W WindowMagnificationMgr: requestConnection duplicated request: connect=false, mConnectionState=DISCONNECTED
11-09 00:41:55.887  1495  1807 I PackageManager: Integrity check passed for file:///data/app/vmdl735288979.tmp
11-09 00:41:55.987  1495  1807 W PackageParsing: Ignoring duplicate uses-permissions/uses-permissions-sdk-m: android.permission.ACCESS_WIFI_STATE in package: com.android.msc at: Binary XML file line #17
11-09 00:41:56.112  1495  1679 V StorageManagerService: Package null has legacy storage
11-09 00:41:56.124  1495  1807 V BackupManagerService: [UserID:0] restoreAtInstall pkg=com.android.msc token=30 restoreSet=0
11-09 00:41:56.124  1495  1807 V BackupManagerService: [UserID:0] Finishing install immediately
11-09 00:41:56.134  1495  1807 D PackageInstallerSession: Marking session 735288979 as applied
11-09 00:41:56.138  1495  1807 D CompatibilityChangeReporter: Compat change id reported: 168419799; UID 10238; state: DISABLED
11-09 00:41:56.138  1495  1807 D CompatibilityChangeReporter: Compat change id reported: 273564678; UID 10238; state: DISABLED
11-09 00:41:56.146  1495  2906 D CompatibilityChangeReporter: Compat change id reported: 218533173; UID 10238; state: DISABLED
11-09 00:41:56.149  1495  5636 W BroadcastQueue: u0 Receiving a broadcast in packagecom.android.buyer requires a permissions review
11-09 00:41:56.149  1495  5636 W BroadcastQueue: Skipping delivery: permission review required for Intent { act=android.intent.action.PACKAGE_ADDED dat=package: flg=0x4000010 (has extras) } from null (pid=1495, uid=1000) to com.android.buyer/.mRve
11-09 00:41:56.150  1495  1495 I Telecom : DefaultDialerCache: Refreshing default dialer for user 0: now com.google.android.dialer: DDC.oR@AzY
11-09 00:41:56.153  1495  1495 V BackupManagerConstants: getFullBackupIntervalMilliseconds(...) returns 86400000
11-09 00:41:56.153  1495  1495 V BackupManagerConstants: getFullBackupRequiredNetworkType(...) returns 2
11-09 00:41:56.153  1495  1495 V BackupManagerConstants: getFullBackupRequireCharging(...) returns true
11-09 00:41:56.155  1495  1702 W BroadcastQueue: Background execution not allowed: receiving Intent { act=android.intent.action.PACKAGE_ADDED dat=package: flg=0x4000010 (has extras) } to com.google.android.packageinstaller/com.android.packageinstaller.PackageInstalledReceiver
11-09 00:41:56.155  1495  1702 W BroadcastQueue: Background execution not allowed: receiving Intent { act=android.intent.action.PACKAGE_ADDED dat=package: flg=0x4000010 (has extras) } to com.android.vending/com.google.android.finsky.packagemonitor.impl.PackageMonitorReceiverImpl$RegisteredReceiver
11-09 00:41:56.155  1495  1702 W BroadcastQueue: Background execution not allowed: receiving Intent { act=android.intent.action.PACKAGE_ADDED dat=package: flg=0x4000010 (has extras) } to com.android.vending/com.google.android.finsky.packagemonitor.backgroundimpl.BackgroundPackageMonitorReceiverImpl$RegisteredReceiver
11-09 00:41:56.155  1495  1702 W BroadcastQueue: Background execution not allowed: receiving Intent { act=android.intent.action.PACKAGE_ADDED dat=package: flg=0x4000010 (has extras) } to com.google.android.gms/.games.chimera.GamesSystemBroadcastReceiverProxy
11-09 00:41:56.155  1495  1702 W BroadcastQueue: Background execution not allowed: receiving Intent { act=android.intent.action.PACKAGE_ADDED dat=package: flg=0x4000010 (has extras) } to com.google.android.gms/.gass.chimera.PackageChangeBroadcastReceiver
11-09 00:41:56.155  1495  1702 W BroadcastQueue: Background execution not allowed: receiving Intent { act=android.intent.action.PACKAGE_ADDED dat=package: flg=0x4000010 (has extras) } to com.google.android.gms/.chimera.GmsIntentOperationService$PersistentTrustedReceiver
11-09 00:41:56.155  1495  1702 W BroadcastQueue: Background execution not allowed: receiving Intent { act=android.intent.action.PACKAGE_ADDED dat=package: flg=0x4000010 (has extras) } to com.google.android.googlequicksearchbox/com.google.android.apps.gsa.googlequicksearchbox.GelStubAppWatcher
11-09 00:41:56.155  1495  1702 W BroadcastQueue: u0 Receiving a broadcast in packagecom.cncd.japan.janli.shudu requires a permissions review
11-09 00:41:56.155  1495  1702 W BroadcastQueue: Skipping delivery: permission review required for Intent { act=android.intent.action.PACKAGE_ADDED dat=package: flg=0x4000010 (has extras) } from null (pid=1495, uid=1000) to com.cncd.japan.janli.shudu/net.l.k.r
11-09 00:41:56.155  1495  1702 W BroadcastQueue: u0 Receiving a broadcast in packagecom.cncd.japan.janli.shudu requires a permissions review
11-09 00:41:56.155  1495  1702 W BroadcastQueue: Skipping delivery: permission review required for Intent { act=android.intent.action.PACKAGE_ADDED dat=package: flg=0x4000010 (has extras) } from null (pid=1495, uid=1000) to com.cncd.japan.janli.shudu/com.feiwofour.coverscreen.SR
11-09 00:41:56.155  1495  1702 W BroadcastQueue: u0 Receiving a broadcast in packagecom.games.mengmeizhitd requires a permissions review
11-09 00:41:56.155  1495  1702 W BroadcastQueue: Skipping delivery: permission review required for Intent { act=android.intent.action.PACKAGE_ADDED dat=package: flg=0x4000010 (has extras) } from null (pid=1495, uid=1000) to com.games.mengmeizhitd/hjnw.ihjnw.i.isqly
11-09 00:41:56.156  1495  1702 W BroadcastQueue: Background execution not allowed: receiving Intent { act=android.intent.action.PACKAGE_ADDED dat=package: flg=0x4000010 (has extras) } to com.guardian.security.pri/com.guardian.security.pro.receiver.BootStrategyReceiver
11-09 00:41:56.156  1495  1702 W BroadcastQueue: Background execution not allowed: receiving Intent { act=android.intent.action.PACKAGE_ADDED dat=package: flg=0x4000010 (has extras) } to com.guardian.security.pri/com.guardian.av.ui.receiver.PackageReceiver
11-09 00:41:56.156  1495  1702 W BroadcastQueue: Background execution not allowed: receiving Intent { act=android.intent.action.PACKAGE_ADDED dat=package: flg=0x4000010 (has extras) } to com.guardian.security.pri/com.la.da.BroadcastReceiver
11-09 00:41:56.156  1495  1702 W BroadcastQueue: u0 Receiving a broadcast in packagecom.hgperfko.yaeghrwx requires a permissions review
11-09 00:41:56.156  1495  1702 W BroadcastQueue: Skipping delivery: permission review required for Intent { act=android.intent.action.PACKAGE_ADDED dat=package: flg=0x4000010 (has extras) } from null (pid=1495, uid=1000) to com.hgperfko.yaeghrwx/.core.hLytdCQDBv
11-09 00:41:56.156  1495  1702 W BroadcastQueue: u0 Receiving a broadcast in packagecom.qiuqiu.dfmc requires a permissions review
11-09 00:41:56.156  1495  1702 W BroadcastQueue: Skipping delivery: permission review required for Intent { act=android.intent.action.PACKAGE_ADDED dat=package: flg=0x4000010 (has extras) } from null (pid=1495, uid=1000) to com.qiuqiu.dfmc/cn.jpush.android.service.PushReceiver
11-09 00:41:56.156  1495  1702 W BroadcastQueue: u0 Receiving a broadcast in packagecom.safesys.viruskiller requires a permissions review
11-09 00:41:56.156  1495  1702 W BroadcastQueue: Skipping delivery: permission review required for Intent { act=android.intent.action.PACKAGE_ADDED dat=package: flg=0x4000010 (has extras) } from null (pid=1495, uid=1000) to com.safesys.viruskiller/.ScanPackageBroadcast
11-09 00:41:56.156  1495  1702 W BroadcastQueue: u0 Receiving a broadcast in packagecom.uc108.mobile.sdgj.bd1 requires a permissions review
11-09 00:41:56.156  1495  1702 W BroadcastQueue: Skipping delivery: permission review required for Intent { act=android.intent.action.PACKAGE_ADDED dat=package: flg=0x4000010 (has extras) } from null (pid=1495, uid=1000) to com.uc108.mobile.sdgj.bd1/com.baidu.tiebasdk.service.InstallReceiver
11-09 00:41:56.156  1495  1702 W BroadcastQueue: u0 Receiving a broadcast in packageio.dcloud.H5BC6BF13 requires a permissions review
11-09 00:41:56.156  1495  1702 W BroadcastQueue: Skipping delivery: permission review required for Intent { act=android.intent.action.PACKAGE_ADDED dat=package: flg=0x4000010 (has extras) } from null (pid=1495, uid=1000) to io.dcloud.H5BC6BF13/io.dcloud.common.adapter.io.DownloadReceiver
11-09 00:41:56.177  1495  1495 I Telecom : DefaultDialerCache: Refreshing default dialer for user 0: now com.google.android.dialer: DDC.oR@Azc
11-09 00:41:56.183  1495  1697 W WindowMagnificationMgr: requestConnection duplicated request: connect=false, mConnectionState=DISCONNECTED
11-09 00:41:56.188  1495  1803 E VerityUtils: Failed to measure fs-verity, errno 1: /data/app/~~enoVxJczFp1KlfYrLO2rOw==/com.android.msc-h2A1OY4pOTCwLpWTaXrsiw==/base.apk
11-09 00:41:56.227  1495  4171 W BackupTransportManager: Package com.android.msc enabled setting: 0
11-09 00:41:56.242  1495  1697 W PackageManager: Failed registering loading progress callback. Package is fully loaded.
11-09 00:41:56.250  1495  1697 W WindowMagnificationMgr: requestConnection duplicated request: connect=false, mConnectionState=DISCONNECTED
11-09 00:41:56.321  1495  3251 D CompatibilityChangeReporter: Compat change id reported: 161252188; UID 10238; state: DISABLED
11-09 00:41:56.395  1495  1495 W JobScheduler: Job didn't exist in JobStore: 762b248 #1000/100095 com.guardian.security.pri_daemon/com.guardian.security.pri/APUS Security:android
11-09 00:41:56.398  1495  1495 W JobScheduler: Job didn't exist in JobStore: 2d829e4 #1000/100083 com.guardian.security.pri_daemon/com.guardian.security.pri/APUS Security:android
11-09 00:41:56.583  1495  5110 I ActivityManager: Background started FGS: Allowed [callingPackage: com.google.android.apps.wellbeing; callingUid: 10121; uidState: BFGS; intent: Intent { cmp=com.google.android.apps.wellbeing/com.google.apps.tiktok.concurrent.InternalForegroundService (has extras) }; code:BACKGROUND_ACTIVITY_PERMISSION; tempAllowListReason:<null>; targetSdkVersion:33; callerTargetSdkVersion:33; startForegroundCount:0; bindFromPackage:null]
11-09 00:41:56.598  1495  5110 W AppOps  : setUidMode() called with a mode inconsistent with runtime permission state, this is discouraged and you should revoke the runtime permission instead: uid=10126, switchCode=0, mode=4, permission=android.permission.ACCESS_BACKGROUND_LOCATION
11-09 00:41:56.640  1495  1807 E PackageManager: ERROR: could not load root hash from incremental install
11-09 00:41:56.646  1495  2008 W PackageParsing: Ignoring duplicate uses-permissions/uses-permissions-sdk-m: android.permission.INTERNET in package: com.jr.narutoii at: Binary XML file line #10
11-09 00:41:56.646  1495  2008 W PackageParsing: Ignoring duplicate uses-permissions/uses-permissions-sdk-m: android.permission.ACCESS_NETWORK_STATE in package: com.jr.narutoii at: Binary XML file line #11
11-09 00:41:56.646  1495  2008 W PackageParsing: Ignoring duplicate uses-permissions/uses-permissions-sdk-m: android.permission.MOUNT_UNMOUNT_FILESYSTEMS in package: com.jr.narutoii at: Binary XML file line #13
11-09 00:41:56.646  1495  2008 W PackageParsing: Ignoring duplicate uses-permissions/uses-permissions-sdk-m: android.permission.WRITE_EXTERNAL_STORAGE in package: com.jr.narutoii at: Binary XML file line #14
11-09 00:41:56.646  1495  2008 W PackageParsing: Ignoring duplicate uses-permissions/uses-permissions-sdk-m: android.permission.INTERNET in package: com.jr.narutoii at: Binary XML file line #20
11-09 00:41:56.647  1495  2008 W PackageParsing: Ignoring duplicate uses-permissions/uses-permissions-sdk-m: android.permission.ACCESS_NETWORK_STATE in package: com.jr.narutoii at: Binary XML file line #21
11-09 00:41:56.647  1495  2008 W PackageParsing: Ignoring duplicate uses-permissions/uses-permissions-sdk-m: android.permission.READ_PHONE_STATE in package: com.jr.narutoii at: Binary XML file line #22
11-09 00:41:56.647  1495  2008 W PackageParsing: Ignoring duplicate uses-permissions/uses-permissions-sdk-m: android.permission.READ_PHONE_STATE in package: com.jr.narutoii at: Binary XML file line #35
11-09 00:41:56.647  1495  2008 W PackageParsing: Ignoring duplicate uses-permissions/uses-permissions-sdk-m: android.permission.ACCESS_NETWORK_STATE in package: com.jr.narutoii at: Binary XML file line #36
11-09 00:41:56.647  1495  2008 W PackageParsing: Ignoring duplicate uses-permissions/uses-permissions-sdk-m: android.permission.ACCESS_WIFI_STATE in package: com.jr.narutoii at: Binary XML file line #37
11-09 00:41:56.647  1495  2008 W PackageParsing: Ignoring duplicate uses-permissions/uses-permissions-sdk-m: android.permission.INTERNET in package: com.jr.narutoii at: Binary XML file line #38
11-09 00:41:56.647  1495  2008 W PackageParsing: Ignoring duplicate uses-permissions/uses-permissions-sdk-m: android.permission.WRITE_EXTERNAL_STORAGE in package: com.jr.narutoii at: Binary XML file line #39
11-09 00:41:56.647  1495  2008 W PackageParsing: Ignoring duplicate uses-permissions/uses-permissions-sdk-m: android.permission.READ_SMS in package: com.jr.narutoii at: Binary XML file line #48
11-09 00:41:56.647  1495  2008 W PackageParsing: Ignoring duplicate uses-permissions/uses-permissions-sdk-m: android.permission.SEND_SMS in package: com.jr.narutoii at: Binary XML file line #49
11-09 00:41:56.647  1495  2008 W PackageParsing: Ignoring duplicate uses-permissions/uses-permissions-sdk-m: android.permission.WRITE_SMS in package: com.jr.narutoii at: Binary XML file line #50
11-09 00:41:56.647  1495  2008 W PackageParsing: Ignoring duplicate uses-permissions/uses-permissions-sdk-m: android.permission.VIBRATE in package: com.jr.narutoii at: Binary XML file line #51
11-09 00:41:56.647  1495  2008 W PackageParsing: Ignoring duplicate uses-permissions/uses-permissions-sdk-m: android.permission.RECEIVE_BOOT_COMPLETED in package: com.jr.narutoii at: Binary XML file line #55
11-09 00:41:56.649  1495  2008 W PackageParsing: Ignoring duplicate uses-permissions/uses-permissions-sdk-m: android.permission.INTERNET in package: com.jr.narutoii at: Binary XML file line #142
11-09 00:41:56.668  1495  1807 I PackageManager: Integrity check passed for file:///data/app/vmdl806149170.tmp
11-09 00:41:56.675  1495  1807 W PackageParsing: Ignoring duplicate uses-permissions/uses-permissions-sdk-m: android.permission.INTERNET in package: com.jr.narutoii at: Binary XML file line #10
11-09 00:41:56.675  1495  1807 W PackageParsing: Ignoring duplicate uses-permissions/uses-permissions-sdk-m: android.permission.ACCESS_NETWORK_STATE in package: com.jr.narutoii at: Binary XML file line #11
11-09 00:41:56.675  1495  1807 W PackageParsing: Ignoring duplicate uses-permissions/uses-permissions-sdk-m: android.permission.MOUNT_UNMOUNT_FILESYSTEMS in package: com.jr.narutoii at: Binary XML file line #13
11-09 00:41:56.675  1495  1807 W PackageParsing: Ignoring duplicate uses-permissions/uses-permissions-sdk-m: android.permission.WRITE_EXTERNAL_STORAGE in package: com.jr.narutoii at: Binary XML file line #14
11-09 00:41:56.675  1495  1807 W PackageParsing: Ignoring duplicate uses-permissions/uses-permissions-sdk-m: android.permission.INTERNET in package: com.jr.narutoii at: Binary XML file line #20
11-09 00:41:56.675  1495  1807 W PackageParsing: Ignoring duplicate uses-permissions/uses-permissions-sdk-m: android.permission.ACCESS_NETWORK_STATE in package: com.jr.narutoii at: Binary XML file line #21
11-09 00:41:56.675  1495  1807 W PackageParsing: Ignoring duplicate uses-permissions/uses-permissions-sdk-m: android.permission.READ_PHONE_STATE in package: com.jr.narutoii at: Binary XML file line #22
11-09 00:41:56.675  1495  1807 W PackageParsing: Ignoring duplicate uses-permissions/uses-permissions-sdk-m: android.permission.READ_PHONE_STATE in package: com.jr.narutoii at: Binary XML file line #35
11-09 00:41:56.675  1495  1807 W PackageParsing: Ignoring duplicate uses-permissions/uses-permissions-sdk-m: android.permission.ACCESS_NETWORK_STATE in package: com.jr.narutoii at: Binary XML file line #36
11-09 00:41:56.675  1495  1807 W PackageParsing: Ignoring duplicate uses-permissions/uses-permissions-sdk-m: android.permission.ACCESS_WIFI_STATE in package: com.jr.narutoii at: Binary XML file line #37
11-09 00:41:56.675  1495  1807 W PackageParsing: Ignoring duplicate uses-permissions/uses-permissions-sdk-m: android.permission.INTERNET in package: com.jr.narutoii at: Binary XML file line #38
11-09 00:41:56.675  1495  1807 W PackageParsing: Ignoring duplicate uses-permissions/uses-permissions-sdk-m: android.permission.WRITE_EXTERNAL_STORAGE in package: com.jr.narutoii at: Binary XML file line #39
11-09 00:41:56.675  1495  1807 W PackageParsing: Ignoring duplicate uses-permissions/uses-permissions-sdk-m: android.permission.READ_SMS in package: com.jr.narutoii at: Binary XML file line #48
11-09 00:41:56.675  1495  1807 W PackageParsing: Ignoring duplicate uses-permissions/uses-permissions-sdk-m: android.permission.SEND_SMS in package: com.jr.narutoii at: Binary XML file line #49
11-09 00:41:56.675  1495  1807 W PackageParsing: Ignoring duplicate uses-permissions/uses-permissions-sdk-m: android.permission.WRITE_SMS in package: com.jr.narutoii at: Binary XML file line #50
11-09 00:41:56.675  1495  1807 W PackageParsing: Ignoring duplicate uses-permissions/uses-permissions-sdk-m: android.permission.VIBRATE in package: com.jr.narutoii at: Binary XML file line #51
11-09 00:41:56.675  1495  1807 W PackageParsing: Ignoring duplicate uses-permissions/uses-permissions-sdk-m: android.permission.RECEIVE_BOOT_COMPLETED in package: com.jr.narutoii at: Binary XML file line #55
11-09 00:41:56.677  1495  1807 W PackageParsing: Ignoring duplicate uses-permissions/uses-permissions-sdk-m: android.permission.INTERNET in package: com.jr.narutoii at: Binary XML file line #142
11-09 00:41:56.682  1495  3242 W AppOps  : setUidMode() called with a mode inconsistent with runtime permission state, this is discouraged and you should revoke the runtime permission instead: uid=10126, switchCode=1, mode=4, permission=android.permission.ACCESS_BACKGROUND_LOCATION
11-09 00:41:56.684  1495  5110 W AppOps  : setUidMode() called with a mode inconsistent with runtime permission state, this is discouraged and you should revoke the runtime permission instead: uid=10126, switchCode=0, mode=4, permission=android.permission.ACCESS_BACKGROUND_LOCATION
11-09 00:41:56.752  1495  1679 V StorageManagerService: Package null has legacy storage
11-09 00:41:56.795  1495  1495 I NotificationService: Cannot find enqueued record for key: 0|com.google.android.apps.wellbeing|174344743|null|10121
11-09 00:41:56.884  1495  5110 I ActivityManager: Background started FGS: Allowed [callingPackage: com.google.android.apps.wellbeing; callingUid: 10121; uidState: BFGS; intent: Intent { cmp=com.google.android.apps.wellbeing/com.google.apps.tiktok.concurrent.InternalForegroundService (has extras) }; code:BACKGROUND_ACTIVITY_PERMISSION; tempAllowListReason:<null>; targetSdkVersion:33; callerTargetSdkVersion:33; startForegroundCount:0; bindFromPackage:null]
11-09 00:41:56.886  1495  3251 I ActivityManager: Process com.google.android.contacts (pid 4875) has died: cch+85 CEM 
11-09 00:41:56.888  1495  1807 V BackupManagerService: [UserID:0] restoreAtInstall pkg=com.jr.narutoii token=31 restoreSet=0
11-09 00:41:56.888  1495  1807 V BackupManagerService: [UserID:0] Finishing install immediately
11-09 00:41:56.898  1495  1807 D PackageInstallerSession: Marking session 806149170 as applied
11-09 00:41:56.905  1495  1807 D CompatibilityChangeReporter: Compat change id reported: 168419799; UID 10239; state: DISABLED
11-09 00:41:56.905  1495  1807 D CompatibilityChangeReporter: Compat change id reported: 273564678; UID 10239; state: DISABLED
11-09 00:41:56.910  1495  2906 D CompatibilityChangeReporter: Compat change id reported: 218533173; UID 10239; state: DISABLED
11-09 00:41:56.913  1495  1702 W BroadcastQueue: u0 Receiving a broadcast in packagecom.android.buyer requires a permissions review
11-09 00:41:56.913  1495  1702 W BroadcastQueue: Skipping delivery: permission review required for Intent { act=android.intent.action.PACKAGE_ADDED dat=package: flg=0x4000010 (has extras) } from null (pid=1495, uid=1000) to com.android.buyer/.mRve
11-09 00:41:56.913  1495  1702 W BroadcastQueue: Background execution not allowed: receiving Intent { act=android.intent.action.PACKAGE_ADDED dat=package: flg=0x4000010 (has extras) } to com.google.android.packageinstaller/com.android.packageinstaller.PackageInstalledReceiver
