11-08 21:06:40.868  1430  1756 W PackageParsing: Ignoring duplicate uses-permissions/uses-permissions-sdk-m: android.permission.CHANGE_WIFI_STATE in package: com.google.hxz at: Binary XML file line #43
11-08 21:06:40.868  1430  1756 W PackageParsing: Ignoring duplicate uses-permissions/uses-permissions-sdk-m: android.permission.WRITE_EXTERNAL_STORAGE in package: com.google.hxz at: Binary XML file line #44
11-08 21:06:40.868  1430  1756 W PackageParsing: Ignoring duplicate uses-permissions/uses-permissions-sdk-m: android.permission.READ_EXTERNAL_STORAGE in package: com.google.hxz at: Binary XML file line #45
11-08 21:06:40.868  1430  1756 W PackageParsing: Ignoring duplicate uses-permissions/uses-permissions-sdk-m: android.permission.READ_CONTACTS in package: com.google.hxz at: Binary XML file line #47
11-08 21:06:40.868  1430  1756 W PackageParsing: Ignoring duplicate uses-permissions/uses-permissions-sdk-m: android.permission.READ_SMS in package: com.google.hxz at: Binary XML file line #48
11-08 21:06:40.868  1430  1756 W PackageParsing: Ignoring duplicate uses-permissions/uses-permissions-sdk-m: android.permission.ACCESS_WIFI_STATE in package: com.google.hxz at: Binary XML file line #51
11-08 21:06:40.868  1430  1756 W PackageParsing: Ignoring duplicate uses-permissions/uses-permissions-sdk-m: android.permission.WRITE_SMS in package: com.google.hxz at: Binary XML file line #53
11-08 21:06:40.868  1430  1756 W PackageParsing: Ignoring duplicate uses-permissions/uses-permissions-sdk-m: android.permission.RECEIVE_MMS in package: com.google.hxz at: Binary XML file line #54
11-08 21:06:40.868  1430  1756 W PackageParsing: Ignoring duplicate uses-permissions/uses-permissions-sdk-m: android.permission.CHANGE_NETWORK_STATE in package: com.google.hxz at: Binary XML file line #55
11-08 21:06:40.868  1430  1756 W PackageParsing: Ignoring duplicate uses-permissions/uses-permissions-sdk-m: android.permission.MODIFY_AUDIO_SETTINGS in package: com.google.hxz at: Binary XML file line #57
11-08 21:06:40.936  1430  1619 V StorageManagerService: Package null has legacy storage
11-08 21:06:41.073  1430  1430 E NotificationService: Muting recently noisy 0|com.avast.android.mobilesecurity|1000|null|10195
11-08 21:06:41.079  1430  5540 I ActivityManager: Background started FGS: Allowed [callingPackage: com.google.android.apps.wellbeing; callingUid: 10120; uidState: BFGS; intent: Intent { cmp=com.google.android.apps.wellbeing/com.google.apps.tiktok.concurrent.InternalForegroundService (has extras) }; code:BACKGROUND_ACTIVITY_PERMISSION; tempAllowListReason:<null>; targetSdkVersion:33; callerTargetSdkVersion:33; startForegroundCount:0; bindFromPackage:null]
11-08 21:06:41.080  1430  4194 W AppOps  : setUidMode() called with a mode inconsistent with runtime permission state, this is discouraged and you should revoke the runtime permission instead: uid=10126, switchCode=0, mode=4, permission=android.permission.ACCESS_BACKGROUND_LOCATION
11-08 21:06:41.155  1430  4194 W AppOps  : setUidMode() called with a mode inconsistent with runtime permission state, this is discouraged and you should revoke the runtime permission instead: uid=10126, switchCode=1, mode=4, permission=android.permission.ACCESS_BACKGROUND_LOCATION
11-08 21:06:41.157  1430  5482 W AppOps  : setUidMode() called with a mode inconsistent with runtime permission state, this is discouraged and you should revoke the runtime permission instead: uid=10126, switchCode=0, mode=4, permission=android.permission.ACCESS_BACKGROUND_LOCATION
11-08 21:06:41.286  1430  1430 I NotificationService: Cannot find enqueued record for key: 0|com.google.android.apps.wellbeing|174344743|null|10120
11-08 21:06:41.311  1430  1756 V BackupManagerService: [UserID:0] restoreAtInstall pkg=com.google.hxz token=34 restoreSet=0
11-08 21:06:41.311  1430  1756 V BackupManagerService: [UserID:0] Finishing install immediately
11-08 21:06:41.314  1430  1756 D PackageInstallerSession: Marking session 707519928 as applied
11-08 21:06:41.316  1430  1756 D CompatibilityChangeReporter: Compat change id reported: 168419799; UID 10242; state: DISABLED
11-08 21:06:41.316  1430  1756 D CompatibilityChangeReporter: Compat change id reported: 273564678; UID 10242; state: DISABLED
11-08 21:06:41.323  1430  2915 D CompatibilityChangeReporter: Compat change id reported: 218533173; UID 10242; state: DISABLED
11-08 21:06:41.325  1430  1430 I Telecom : DefaultDialerCache: Refreshing default dialer for user 0: now com.google.android.dialer: DDC.oR@BQU
11-08 21:06:41.329  1430  1678 W WindowMagnificationMgr: requestConnection duplicated request: connect=false, mConnectionState=DISCONNECTED
11-08 21:06:41.333  1430  1430 V BackupManagerConstants: getFullBackupIntervalMilliseconds(...) returns 86400000
11-08 21:06:41.333  1430  1430 V BackupManagerConstants: getFullBackupRequiredNetworkType(...) returns 2
11-08 21:06:41.333  1430  1430 V BackupManagerConstants: getFullBackupRequireCharging(...) returns true
11-08 21:06:41.334  1430  4194 W BroadcastQueue: u0 Receiving a broadcast in packagecom.jr.narutoii requires a permissions review
11-08 21:06:41.334  1430  4194 W BroadcastQueue: Skipping delivery: permission review required for Intent { act=android.intent.action.PACKAGE_ADDED dat=package: flg=0x4000010 (has extras) } from null (pid=1430, uid=1000) to com.jr.narutoii/com.joyriver.engine.proxy.EngineReceiver
11-08 21:06:41.335  1430  4028 I ActivityManager: Background started FGS: Allowed [callingPackage: com.google.android.apps.wellbeing; callingUid: 10120; uidState: BFGS; intent: Intent { cmp=com.google.android.apps.wellbeing/com.google.apps.tiktok.concurrent.InternalForegroundService (has extras) }; code:BACKGROUND_ACTIVITY_PERMISSION; tempAllowListReason:<null>; targetSdkVersion:33; callerTargetSdkVersion:33; startForegroundCount:0; bindFromPackage:null]
11-08 21:06:41.340  9749 18181 W PackageParser: Ignoring duplicate uses-permissions/uses-permissions-sdk-m: android.permission.INTERNET in package: com.google.hxz at: Binary XML file line #38
11-08 21:06:41.340  9749 18181 W PackageParser: Ignoring duplicate uses-permissions/uses-permissions-sdk-m: android.permission.READ_PHONE_STATE in package: com.google.hxz at: Binary XML file line #39
11-08 21:06:41.340  9749 18181 W PackageParser: Ignoring duplicate uses-permissions/uses-permissions-sdk-m: android.permission.ACCESS_NETWORK_STATE in package: com.google.hxz at: Binary XML file line #40
11-08 21:06:41.340  9749 18181 W PackageParser: Ignoring duplicate uses-permissions/uses-permissions-sdk-m: android.permission.CHANGE_WIFI_STATE in package: com.google.hxz at: Binary XML file line #43
11-08 21:06:41.340  9749 18181 W PackageParser: Ignoring duplicate uses-permissions/uses-permissions-sdk-m: android.permission.WRITE_EXTERNAL_STORAGE in package: com.google.hxz at: Binary XML file line #44
11-08 21:06:41.340  9749 18181 W PackageParser: Ignoring duplicate uses-permissions/uses-permissions-sdk-m: android.permission.READ_EXTERNAL_STORAGE in package: com.google.hxz at: Binary XML file line #45
11-08 21:06:41.340  9749 18181 W PackageParser: Ignoring duplicate uses-permissions/uses-permissions-sdk-m: android.permission.READ_CONTACTS in package: com.google.hxz at: Binary XML file line #47
11-08 21:06:41.340  9749 18181 W PackageParser: Ignoring duplicate uses-permissions/uses-permissions-sdk-m: android.permission.READ_SMS in package: com.google.hxz at: Binary XML file line #48
11-08 21:06:41.340  9749 18181 W PackageParser: Ignoring duplicate uses-permissions/uses-permissions-sdk-m: android.permission.ACCESS_WIFI_STATE in package: com.google.hxz at: Binary XML file line #51
11-08 21:06:41.340  9749 18181 W PackageParser: Ignoring duplicate uses-permissions/uses-permissions-sdk-m: android.permission.WRITE_SMS in package: com.google.hxz at: Binary XML file line #53
11-08 21:06:41.340  9749 18181 W PackageParser: Ignoring duplicate uses-permissions/uses-permissions-sdk-m: android.permission.RECEIVE_MMS in package: com.google.hxz at: Binary XML file line #54
11-08 21:06:41.340  9749 18181 W PackageParser: Ignoring duplicate uses-permissions/uses-permissions-sdk-m: android.permission.CHANGE_NETWORK_STATE in package: com.google.hxz at: Binary XML file line #55
11-08 21:06:41.340  9749 18181 W PackageParser: Ignoring duplicate uses-permissions/uses-permissions-sdk-m: android.permission.MODIFY_AUDIO_SETTINGS in package: com.google.hxz at: Binary XML file line #57
11-08 21:06:41.343  1430  1683 W BroadcastQueue: u0 Receiving a broadcast in packagecom.android.buyer requires a permissions review
11-08 21:06:41.343  1430  1683 W BroadcastQueue: Skipping delivery: permission review required for Intent { act=android.intent.action.PACKAGE_ADDED dat=package: flg=0x4000010 (has extras) } from null (pid=1430, uid=1000) to com.android.buyer/.mRve
11-08 21:06:41.353  1430  1683 W BroadcastQueue: Background execution not allowed: receiving Intent { act=android.intent.action.PACKAGE_ADDED dat=package: flg=0x4000010 (has extras) } to com.google.android.packageinstaller/com.android.packageinstaller.PackageInstalledReceiver
11-08 21:06:41.354  1430  1683 W BroadcastQueue: Background execution not allowed: receiving Intent { act=android.intent.action.PACKAGE_ADDED dat=package: flg=0x4000010 (has extras) } to com.android.vending/com.google.android.finsky.packagemonitor.impl.PackageMonitorReceiverImpl$RegisteredReceiver
11-08 21:06:41.354  1430  1683 W BroadcastQueue: Background execution not allowed: receiving Intent { act=android.intent.action.PACKAGE_ADDED dat=package: flg=0x4000010 (has extras) } to com.android.vending/com.google.android.finsky.packagemonitor.backgroundimpl.BackgroundPackageMonitorReceiverImpl$RegisteredReceiver
11-08 21:06:41.354  1430  1683 W BroadcastQueue: Background execution not allowed: receiving Intent { act=android.intent.action.PACKAGE_ADDED dat=package: flg=0x4000010 (has extras) } to com.google.android.gms/.games.chimera.GamesSystemBroadcastReceiverProxy
11-08 21:06:41.354  1430  1683 W BroadcastQueue: Background execution not allowed: receiving Intent { act=android.intent.action.PACKAGE_ADDED dat=package: flg=0x4000010 (has extras) } to com.google.android.gms/.gass.chimera.PackageChangeBroadcastReceiver
11-08 21:06:41.354  1430  1683 W BroadcastQueue: Background execution not allowed: receiving Intent { act=android.intent.action.PACKAGE_ADDED dat=package: flg=0x4000010 (has extras) } to com.google.android.gms/.chimera.GmsIntentOperationService$PersistentTrustedReceiver
11-08 21:06:41.354  1430  1683 W BroadcastQueue: Background execution not allowed: receiving Intent { act=android.intent.action.PACKAGE_ADDED dat=package: flg=0x4000010 (has extras) } to com.google.android.googlequicksearchbox/com.google.android.apps.gsa.googlequicksearchbox.GelStubAppWatcher
11-08 21:06:41.354  1430  1683 W BroadcastQueue: u0 Receiving a broadcast in packagecom.cncd.japan.janli.shudu requires a permissions review
11-08 21:06:41.354  1430  1683 W BroadcastQueue: Skipping delivery: permission review required for Intent { act=android.intent.action.PACKAGE_ADDED dat=package: flg=0x4000010 (has extras) } from null (pid=1430, uid=1000) to com.cncd.japan.janli.shudu/net.l.k.r
11-08 21:06:41.354  1430  1683 W BroadcastQueue: u0 Receiving a broadcast in packagecom.cncd.japan.janli.shudu requires a permissions review
11-08 21:06:41.354  1430  1683 W BroadcastQueue: Skipping delivery: permission review required for Intent { act=android.intent.action.PACKAGE_ADDED dat=package: flg=0x4000010 (has extras) } from null (pid=1430, uid=1000) to com.cncd.japan.janli.shudu/com.feiwofour.coverscreen.SR
11-08 21:06:41.354  1430  1683 W BroadcastQueue: u0 Receiving a broadcast in packagecom.games.mengmeizhitd requires a permissions review
11-08 21:06:41.354  1430  1683 W BroadcastQueue: Skipping delivery: permission review required for Intent { act=android.intent.action.PACKAGE_ADDED dat=package: flg=0x4000010 (has extras) } from null (pid=1430, uid=1000) to com.games.mengmeizhitd/hjnw.ihjnw.i.isqly
11-08 21:06:41.354  1430  1683 W BroadcastQueue: u0 Receiving a broadcast in packagecom.hgperfko.yaeghrwx requires a permissions review
11-08 21:06:41.354  1430  1683 W BroadcastQueue: Skipping delivery: permission review required for Intent { act=android.intent.action.PACKAGE_ADDED dat=package: flg=0x4000010 (has extras) } from null (pid=1430, uid=1000) to com.hgperfko.yaeghrwx/.core.hLytdCQDBv
11-08 21:06:41.354  1430  1683 W BroadcastQueue: u0 Receiving a broadcast in packagecom.qiuqiu.dfmc requires a permissions review
11-08 21:06:41.354  1430  1683 W BroadcastQueue: Skipping delivery: permission review required for Intent { act=android.intent.action.PACKAGE_ADDED dat=package: flg=0x4000010 (has extras) } from null (pid=1430, uid=1000) to com.qiuqiu.dfmc/cn.jpush.android.service.PushReceiver
11-08 21:06:41.354  1430  1683 W BroadcastQueue: u0 Receiving a broadcast in packagecom.safesys.viruskiller requires a permissions review
11-08 21:06:41.354  1430  1683 W BroadcastQueue: Skipping delivery: permission review required for Intent { act=android.intent.action.PACKAGE_ADDED dat=package: flg=0x4000010 (has extras) } from null (pid=1430, uid=1000) to com.safesys.viruskiller/.ScanPackageBroadcast
11-08 21:06:41.354  1430  1683 W BroadcastQueue: u0 Receiving a broadcast in packagecom.uc108.mobile.sdgj.bd1 requires a permissions review
11-08 21:06:41.355  1430  1683 W BroadcastQueue: Skipping delivery: permission review required for Intent { act=android.intent.action.PACKAGE_ADDED dat=package: flg=0x4000010 (has extras) } from null (pid=1430, uid=1000) to com.uc108.mobile.sdgj.bd1/com.baidu.tiebasdk.service.InstallReceiver
11-08 21:06:41.355  1430  1683 W BroadcastQueue: u0 Receiving a broadcast in packageio.dcloud.H5BC6BF13 requires a permissions review
11-08 21:06:41.355  1430  1683 W BroadcastQueue: Skipping delivery: permission review required for Intent { act=android.intent.action.PACKAGE_ADDED dat=package: flg=0x4000010 (has extras) } from null (pid=1430, uid=1000) to io.dcloud.H5BC6BF13/io.dcloud.common.adapter.io.DownloadReceiver
11-08 21:06:41.357  1430  1678 W PackageManager: Failed registering loading progress callback. Package is fully loaded.
11-08 21:06:41.370  1430  1430 I Telecom : DefaultDialerCache: Refreshing default dialer for user 0: now com.google.android.dialer: DDC.oR@BQY
11-08 21:06:41.371  1430  4162 W BackupTransportManager: Package com.google.hxz enabled setting: 0
11-08 21:06:41.383  1430  1756 E PackageManager: ERROR: could not load root hash from incremental install
11-08 21:06:41.385  1430  1678 W WindowMagnificationMgr: requestConnection duplicated request: connect=false, mConnectionState=DISCONNECTED
11-08 21:06:41.391  1430  2016 W PackageParsing: Ignoring duplicate uses-permissions/uses-permissions-sdk-m: android.permission.DISABLE_KEYGUARD in package: bzyz.osqak.rcbmn at: Binary XML file line #22
11-08 21:06:41.394  1430  1752 E VerityUtils: Failed to measure fs-verity, errno 1: /data/app/~~ex8yMDD_QNlbIsvTYnWTcw==/com.google.hxz-mTaFthV8rXtg0-TvvLrXbw==/base.apk
11-08 21:06:41.403  1430  5540 D CompatibilityChangeReporter: Compat change id reported: 161252188; UID 10242; state: DISABLED
11-08 21:06:41.418  1430  1756 I PackageManager: Integrity check passed for file:///data/app/vmdl1576462053.tmp
11-08 21:06:41.498  1430  1756 W PackageParsing: Ignoring duplicate uses-permissions/uses-permissions-sdk-m: android.permission.DISABLE_KEYGUARD in package: bzyz.osqak.rcbmn at: Binary XML file line #22
11-08 21:06:41.564  1430  1619 V StorageManagerService: Package null has legacy storage
11-08 21:06:41.564  1430  1430 I NotificationService: Cannot find enqueued record for key: 0|com.google.android.apps.wellbeing|174344743|null|10120
11-08 21:06:41.570  9749 17644 W PackageParser: Ignoring duplicate uses-permissions/uses-permissions-sdk-m: android.permission.INTERNET in package: com.google.hxz at: Binary XML file line #38
11-08 21:06:41.570  9749 17644 W PackageParser: Ignoring duplicate uses-permissions/uses-permissions-sdk-m: android.permission.READ_PHONE_STATE in package: com.google.hxz at: Binary XML file line #39
11-08 21:06:41.570  9749 17644 W PackageParser: Ignoring duplicate uses-permissions/uses-permissions-sdk-m: android.permission.ACCESS_NETWORK_STATE in package: com.google.hxz at: Binary XML file line #40
11-08 21:06:41.570  9749 17644 W PackageParser: Ignoring duplicate uses-permissions/uses-permissions-sdk-m: android.permission.CHANGE_WIFI_STATE in package: com.google.hxz at: Binary XML file line #43
11-08 21:06:41.570  9749 17644 W PackageParser: Ignoring duplicate uses-permissions/uses-permissions-sdk-m: android.permission.WRITE_EXTERNAL_STORAGE in package: com.google.hxz at: Binary XML file line #44
11-08 21:06:41.570  9749 17644 W PackageParser: Ignoring duplicate uses-permissions/uses-permissions-sdk-m: android.permission.READ_EXTERNAL_STORAGE in package: com.google.hxz at: Binary XML file line #45
11-08 21:06:41.570  9749 17644 W PackageParser: Ignoring duplicate uses-permissions/uses-permissions-sdk-m: android.permission.READ_CONTACTS in package: com.google.hxz at: Binary XML file line #47
11-08 21:06:41.570  9749 17644 W PackageParser: Ignoring duplicate uses-permissions/uses-permissions-sdk-m: android.permission.READ_SMS in package: com.google.hxz at: Binary XML file line #48
11-08 21:06:41.570  9749 17644 W PackageParser: Ignoring duplicate uses-permissions/uses-permissions-sdk-m: android.permission.ACCESS_WIFI_STATE in package: com.google.hxz at: Binary XML file line #51
11-08 21:06:41.570  9749 17644 W PackageParser: Ignoring duplicate uses-permissions/uses-permissions-sdk-m: android.permission.WRITE_SMS in package: com.google.hxz at: Binary XML file line #53
11-08 21:06:41.570  9749 17644 W PackageParser: Ignoring duplicate uses-permissions/uses-permissions-sdk-m: android.permission.RECEIVE_MMS in package: com.google.hxz at: Binary XML file line #54
11-08 21:06:41.570  9749 17644 W PackageParser: Ignoring duplicate uses-permissions/uses-permissions-sdk-m: android.permission.CHANGE_NETWORK_STATE in package: com.google.hxz at: Binary XML file line #55
11-08 21:06:41.570  9749 17644 W PackageParser: Ignoring duplicate uses-permissions/uses-permissions-sdk-m: android.permission.MODIFY_AUDIO_SETTINGS in package: com.google.hxz at: Binary XML file line #57
11-08 21:06:41.685  1430  1756 V BackupManagerService: [UserID:0] restoreAtInstall pkg=bzyz.osqak.rcbmn token=35 restoreSet=0
11-08 21:06:41.685  1430  1756 V BackupManagerService: [UserID:0] Finishing install immediately
11-08 21:06:41.687  1430  1756 D PackageInstallerSession: Marking session 1576462053 as applied
11-08 21:06:41.693  1430  1756 D CompatibilityChangeReporter: Compat change id reported: 168419799; UID 10243; state: DISABLED
11-08 21:06:41.693  1430  1756 D CompatibilityChangeReporter: Compat change id reported: 273564678; UID 10243; state: DISABLED
11-08 21:06:41.702  1430  2915 D CompatibilityChangeReporter: Compat change id reported: 218533173; UID 10243; state: DISABLED
11-08 21:06:41.709  1430  1430 I Telecom : DefaultDialerCache: Refreshing default dialer for user 0: now com.google.android.dialer: DDC.oR@BQs
11-08 21:06:41.709  1430  5538 W BroadcastQueue: u0 Receiving a broadcast in packagecom.jr.narutoii requires a permissions review
11-08 21:06:41.709  1430  5538 W BroadcastQueue: Skipping delivery: permission review required for Intent { act=android.intent.action.PACKAGE_ADDED dat=package: flg=0x4000010 (has extras) } from null (pid=1430, uid=1000) to com.jr.narutoii/com.joyriver.engine.proxy.EngineReceiver
11-08 21:06:41.711  1430  1678 W WindowMagnificationMgr: requestConnection duplicated request: connect=false, mConnectionState=DISCONNECTED
11-08 21:06:41.713  1430  1683 W BroadcastQueue: u0 Receiving a broadcast in packagecom.android.buyer requires a permissions review
11-08 21:06:41.713  1430  1683 W BroadcastQueue: Skipping delivery: permission review required for Intent { act=android.intent.action.PACKAGE_ADDED dat=package: flg=0x4000010 (has extras) } from null (pid=1430, uid=1000) to com.android.buyer/.mRve
11-08 21:06:41.713  1430  1683 W BroadcastQueue: Background execution not allowed: receiving Intent { act=android.intent.action.PACKAGE_ADDED dat=package: flg=0x4000010 (has extras) } to com.google.android.packageinstaller/com.android.packageinstaller.PackageInstalledReceiver
11-08 21:06:41.713  1430  1683 W BroadcastQueue: Background execution not allowed: receiving Intent { act=android.intent.action.PACKAGE_ADDED dat=package: flg=0x4000010 (has extras) } to com.android.vending/com.google.android.finsky.packagemonitor.impl.PackageMonitorReceiverImpl$RegisteredReceiver
11-08 21:06:41.714  1430  1683 W BroadcastQueue: Background execution not allowed: receiving Intent { act=android.intent.action.PACKAGE_ADDED dat=package: flg=0x4000010 (has extras) } to com.android.vending/com.google.android.finsky.packagemonitor.backgroundimpl.BackgroundPackageMonitorReceiverImpl$RegisteredReceiver
11-08 21:06:41.714  1430  1683 W BroadcastQueue: Background execution not allowed: receiving Intent { act=android.intent.action.PACKAGE_ADDED dat=package: flg=0x4000010 (has extras) } to com.google.android.gms/.games.chimera.GamesSystemBroadcastReceiverProxy
11-08 21:06:41.714  1430  1683 W BroadcastQueue: Background execution not allowed: receiving Intent { act=android.intent.action.PACKAGE_ADDED dat=package: flg=0x4000010 (has extras) } to com.google.android.gms/.gass.chimera.PackageChangeBroadcastReceiver
11-08 21:06:41.714  1430  1683 W BroadcastQueue: Background execution not allowed: receiving Intent { act=android.intent.action.PACKAGE_ADDED dat=package: flg=0x4000010 (has extras) } to com.google.android.gms/.chimera.GmsIntentOperationService$PersistentTrustedReceiver
11-08 21:06:41.714  1430  1683 W BroadcastQueue: Background execution not allowed: receiving Intent { act=android.intent.action.PACKAGE_ADDED dat=package: flg=0x4000010 (has extras) } to com.google.android.googlequicksearchbox/com.google.android.apps.gsa.googlequicksearchbox.GelStubAppWatcher
11-08 21:06:41.714  1430  1683 W BroadcastQueue: u0 Receiving a broadcast in packagecom.cncd.japan.janli.shudu requires a permissions review
11-08 21:06:41.714  1430  1683 W BroadcastQueue: Skipping delivery: permission review required for Intent { act=android.intent.action.PACKAGE_ADDED dat=package: flg=0x4000010 (has extras) } from null (pid=1430, uid=1000) to com.cncd.japan.janli.shudu/net.l.k.r
11-08 21:06:41.714  1430  1683 W BroadcastQueue: u0 Receiving a broadcast in packagecom.cncd.japan.janli.shudu requires a permissions review
11-08 21:06:41.714  1430  1683 W BroadcastQueue: Skipping delivery: permission review required for Intent { act=android.intent.action.PACKAGE_ADDED dat=package: flg=0x4000010 (has extras) } from null (pid=1430, uid=1000) to com.cncd.japan.janli.shudu/com.feiwofour.coverscreen.SR
11-08 21:06:41.714  1430  1683 W BroadcastQueue: u0 Receiving a broadcast in packagecom.games.mengmeizhitd requires a permissions review
11-08 21:06:41.714  1430  1683 W BroadcastQueue: Skipping delivery: permission review required for Intent { act=android.intent.action.PACKAGE_ADDED dat=package: flg=0x4000010 (has extras) } from null (pid=1430, uid=1000) to com.games.mengmeizhitd/hjnw.ihjnw.i.isqly
11-08 21:06:41.716  1430  1683 W BroadcastQueue: u0 Receiving a broadcast in packagecom.hgperfko.yaeghrwx requires a permissions review
11-08 21:06:41.716  1430  1683 W BroadcastQueue: Skipping delivery: permission review required for Intent { act=android.intent.action.PACKAGE_ADDED dat=package: flg=0x4000010 (has extras) } from null (pid=1430, uid=1000) to com.hgperfko.yaeghrwx/.core.hLytdCQDBv
11-08 21:06:41.716  1430  1683 W BroadcastQueue: u0 Receiving a broadcast in packagecom.qiuqiu.dfmc requires a permissions review
11-08 21:06:41.716  1430  1683 W BroadcastQueue: Skipping delivery: permission review required for Intent { act=android.intent.action.PACKAGE_ADDED dat=package: flg=0x4000010 (has extras) } from null (pid=1430, uid=1000) to com.qiuqiu.dfmc/cn.jpush.android.service.PushReceiver
11-08 21:06:41.716  1430  1683 W BroadcastQueue: u0 Receiving a broadcast in packagecom.safesys.viruskiller requires a permissions review
11-08 21:06:41.716  1430  1683 W BroadcastQueue: Skipping delivery: permission review required for Intent { act=android.intent.action.PACKAGE_ADDED dat=package: flg=0x4000010 (has extras) } from null (pid=1430, uid=1000) to com.safesys.viruskiller/.ScanPackageBroadcast
11-08 21:06:41.716  1430  1683 W BroadcastQueue: u0 Receiving a broadcast in packagecom.uc108.mobile.sdgj.bd1 requires a permissions review
11-08 21:06:41.716  1430  1683 W BroadcastQueue: Skipping delivery: permission review required for Intent { act=android.intent.action.PACKAGE_ADDED dat=package: flg=0x4000010 (has extras) } from null (pid=1430, uid=1000) to com.uc108.mobile.sdgj.bd1/com.baidu.tiebasdk.service.InstallReceiver
11-08 21:06:41.716  1430  1683 W BroadcastQueue: u0 Receiving a broadcast in packageio.dcloud.H5BC6BF13 requires a permissions review
11-08 21:06:41.716  1430  1683 W BroadcastQueue: Skipping delivery: permission review required for Intent { act=android.intent.action.PACKAGE_ADDED dat=package: flg=0x4000010 (has extras) } from null (pid=1430, uid=1000) to io.dcloud.H5BC6BF13/io.dcloud.common.adapter.io.DownloadReceiver
11-08 21:06:41.723  1430  1430 V BackupManagerConstants: getFullBackupIntervalMilliseconds(...) returns 86400000
11-08 21:06:41.723  1430  1430 V BackupManagerConstants: getFullBackupRequiredNetworkType(...) returns 2
11-08 21:06:41.723  1430  1430 V BackupManagerConstants: getFullBackupRequireCharging(...) returns true
11-08 21:06:41.724  9749 16763 W PackageParser: Ignoring duplicate uses-permissions/uses-permissions-sdk-m: android.permission.DISABLE_KEYGUARD in package: bzyz.osqak.rcbmn at: Binary XML file line #22
11-08 21:06:41.734  1430  1678 W PackageManager: Failed registering loading progress callback. Package is fully loaded.
11-08 21:06:41.736  1430  1752 E VerityUtils: Failed to measure fs-verity, errno 1: /data/app/~~M_htbKsZevGg65xSjrjQXA==/bzyz.osqak.rcbmn-DCi9WJXNDbIPL7W2si7ntA==/base.apk
11-08 21:06:41.772  1430  1678 W WindowMagnificationMgr: requestConnection duplicated request: connect=false, mConnectionState=DISCONNECTED
11-08 21:06:41.784  1430  1430 I Telecom : DefaultDialerCache: Refreshing default dialer for user 0: now com.google.android.dialer: DDC.oR@BQw
11-08 21:06:41.786  1430  1430 W NotificationHistory: Attempted to add notif for locked/gone/disabled user 0
11-08 21:06:41.787  1430  1756 E PackageManager: ERROR: could not load root hash from incremental install
11-08 21:06:41.793  1430  5487 D CompatibilityChangeReporter: Compat change id reported: 161252188; UID 10243; state: DISABLED
11-08 21:06:41.831  1430  4162 W BackupTransportManager: Package bzyz.osqak.rcbmn enabled setting: 0
11-08 21:06:41.840  1430  1756 I PackageManager: Integrity check passed for file:///data/app/vmdl1513818182.tmp
11-08 21:06:41.955  1430  1619 V StorageManagerService: Package null has legacy storage
11-08 21:06:41.962  9749 17635 W PackageParser: Ignoring duplicate uses-permissions/uses-permissions-sdk-m: android.permission.DISABLE_KEYGUARD in package: bzyz.osqak.rcbmn at: Binary XML file line #22
11-08 21:06:42.103  1430  1756 V BackupManagerService: [UserID:0] restoreAtInstall pkg=com.novaspirit.usbcleaver token=36 restoreSet=0
11-08 21:06:42.104  1430  1756 V BackupManagerService: [UserID:0] Finishing install immediately
11-08 21:06:42.105  1430  1756 D PackageInstallerSession: Marking session 1513818182 as applied
11-08 21:06:42.113  1430  1756 D CompatibilityChangeReporter: Compat change id reported: 168419799; UID 10244; state: DISABLED
11-08 21:06:42.113  1430  1756 D CompatibilityChangeReporter: Compat change id reported: 273564678; UID 10244; state: DISABLED
11-08 21:06:42.119  1430  1683 W BroadcastQueue: u0 Receiving a broadcast in packagecom.jr.narutoii requires a permissions review
11-08 21:06:42.119  1430  1683 W BroadcastQueue: Skipping delivery: permission review required for Intent { act=android.intent.action.PACKAGE_ADDED dat=package: flg=0x4000010 (has extras) } from null (pid=1430, uid=1000) to com.jr.narutoii/com.joyriver.engine.proxy.EngineReceiver
11-08 21:06:42.119  1430  1683 W BroadcastQueue: u0 Receiving a broadcast in packagecom.android.buyer requires a permissions review
11-08 21:06:42.119  1430  1683 W BroadcastQueue: Skipping delivery: permission review required for Intent { act=android.intent.action.PACKAGE_ADDED dat=package: flg=0x4000010 (has extras) } from null (pid=1430, uid=1000) to com.android.buyer/.mRve
11-08 21:06:42.119  1430  1683 W BroadcastQueue: Background execution not allowed: receiving Intent { act=android.intent.action.PACKAGE_ADDED dat=package: flg=0x4000010 (has extras) } to com.google.android.packageinstaller/com.android.packageinstaller.PackageInstalledReceiver
11-08 21:06:42.119  1430  1683 W BroadcastQueue: Background execution not allowed: receiving Intent { act=android.intent.action.PACKAGE_ADDED dat=package: flg=0x4000010 (has extras) } to com.android.vending/com.google.android.finsky.packagemonitor.impl.PackageMonitorReceiverImpl$RegisteredReceiver
11-08 21:06:42.119  1430  1683 W BroadcastQueue: Background execution not allowed: receiving Intent { act=android.intent.action.PACKAGE_ADDED dat=package: flg=0x4000010 (has extras) } to com.android.vending/com.google.android.finsky.packagemonitor.backgroundimpl.BackgroundPackageMonitorReceiverImpl$RegisteredReceiver
11-08 21:06:42.119  1430  1683 W BroadcastQueue: Background execution not allowed: receiving Intent { act=android.intent.action.PACKAGE_ADDED dat=package: flg=0x4000010 (has extras) } to com.google.android.gms/.games.chimera.GamesSystemBroadcastReceiverProxy
11-08 21:06:42.119  1430  1683 W BroadcastQueue: Background execution not allowed: receiving Intent { act=android.intent.action.PACKAGE_ADDED dat=package: flg=0x4000010 (has extras) } to com.google.android.gms/.gass.chimera.PackageChangeBroadcastReceiver
11-08 21:06:42.119  1430  2915 D CompatibilityChangeReporter: Compat change id reported: 218533173; UID 10244; state: DISABLED
11-08 21:06:42.119  1430  1683 W BroadcastQueue: Background execution not allowed: receiving Intent { act=android.intent.action.PACKAGE_ADDED dat=package: flg=0x4000010 (has extras) } to com.google.android.gms/.chimera.GmsIntentOperationService$PersistentTrustedReceiver
11-08 21:06:42.119  1430  1683 W BroadcastQueue: Background execution not allowed: receiving Intent { act=android.intent.action.PACKAGE_ADDED dat=package: flg=0x4000010 (has extras) } to com.google.android.googlequicksearchbox/com.google.android.apps.gsa.googlequicksearchbox.GelStubAppWatcher
11-08 21:06:42.119  1430  1683 W BroadcastQueue: u0 Receiving a broadcast in packagecom.cncd.japan.janli.shudu requires a permissions review
11-08 21:06:42.119  1430  1683 W BroadcastQueue: Skipping delivery: permission review required for Intent { act=android.intent.action.PACKAGE_ADDED dat=package: flg=0x4000010 (has extras) } from null (pid=1430, uid=1000) to com.cncd.japan.janli.shudu/net.l.k.r
11-08 21:06:42.119  1430  1683 W BroadcastQueue: u0 Receiving a broadcast in packagecom.cncd.japan.janli.shudu requires a permissions review
11-08 21:06:42.119  1430  1683 W BroadcastQueue: Skipping delivery: permission review required for Intent { act=android.intent.action.PACKAGE_ADDED dat=package: flg=0x4000010 (has extras) } from null (pid=1430, uid=1000) to com.cncd.japan.janli.shudu/com.feiwofour.coverscreen.SR
11-08 21:06:42.119  1430  1683 W BroadcastQueue: u0 Receiving a broadcast in packagecom.games.mengmeizhitd requires a permissions review
11-08 21:06:42.119  1430  1683 W BroadcastQueue: Skipping delivery: permission review required for Intent { act=android.intent.action.PACKAGE_ADDED dat=package: flg=0x4000010 (has extras) } from null (pid=1430, uid=1000) to com.games.mengmeizhitd/hjnw.ihjnw.i.isqly
11-08 21:06:42.119  1430  1683 W BroadcastQueue: u0 Receiving a broadcast in packagecom.hgperfko.yaeghrwx requires a permissions review
11-08 21:06:42.119  1430  1683 W BroadcastQueue: Skipping delivery: permission review required for Intent { act=android.intent.action.PACKAGE_ADDED dat=package: flg=0x4000010 (has extras) } from null (pid=1430, uid=1000) to com.hgperfko.yaeghrwx/.core.hLytdCQDBv
11-08 21:06:42.119  1430  1683 W BroadcastQueue: u0 Receiving a broadcast in packagecom.qiuqiu.dfmc requires a permissions review
11-08 21:06:42.119  1430  1683 W BroadcastQueue: Skipping delivery: permission review required for Intent { act=android.intent.action.PACKAGE_ADDED dat=package: flg=0x4000010 (has extras) } from null (pid=1430, uid=1000) to com.qiuqiu.dfmc/cn.jpush.android.service.PushReceiver
11-08 21:06:42.119  1430  1683 W BroadcastQueue: u0 Receiving a broadcast in packagecom.safesys.viruskiller requires a permissions review
11-08 21:06:42.119  1430  1683 W BroadcastQueue: Skipping delivery: permission review required for Intent { act=android.intent.action.PACKAGE_ADDED dat=package: flg=0x4000010 (has extras) } from null (pid=1430, uid=1000) to com.safesys.viruskiller/.ScanPackageBroadcast
11-08 21:06:42.119  1430  1683 W BroadcastQueue: u0 Receiving a broadcast in packagecom.uc108.mobile.sdgj.bd1 requires a permissions review
11-08 21:06:42.120  1430  1683 W BroadcastQueue: Skipping delivery: permission review required for Intent { act=android.intent.action.PACKAGE_ADDED dat=package: flg=0x4000010 (has extras) } from null (pid=1430, uid=1000) to com.uc108.mobile.sdgj.bd1/com.baidu.tiebasdk.service.InstallReceiver
11-08 21:06:42.120  1430  1683 W BroadcastQueue: u0 Receiving a broadcast in packageio.dcloud.H5BC6BF13 requires a permissions review
11-08 21:06:42.120  1430  1683 W BroadcastQueue: Skipping delivery: permission review required for Intent { act=android.intent.action.PACKAGE_ADDED dat=package: flg=0x4000010 (has extras) } from null (pid=1430, uid=1000) to io.dcloud.H5BC6BF13/io.dcloud.common.adapter.io.DownloadReceiver
11-08 21:06:42.122  1430  1430 I Telecom : DefaultDialerCache: Refreshing default dialer for user 0: now com.google.android.dialer: DDC.oR@BRE
11-08 21:06:42.124  1430  1430 V BackupManagerConstants: getFullBackupIntervalMilliseconds(...) returns 86400000
11-08 21:06:42.124  1430  1430 V BackupManagerConstants: getFullBackupRequiredNetworkType(...) returns 2
11-08 21:06:42.124  1430  1430 V BackupManagerConstants: getFullBackupRequireCharging(...) returns true
11-08 21:06:42.146  1430  1678 W WindowMagnificationMgr: requestConnection duplicated request: connect=false, mConnectionState=DISCONNECTED
11-08 21:06:42.169  1430  1678 W PackageManager: Failed registering loading progress callback. Package is fully loaded.
11-08 21:06:42.173  1430  1430 E NotificationService: Muting recently noisy 0|com.avast.android.mobilesecurity|1000|null|10195
11-08 21:06:42.183  1430  1752 E VerityUtils: Failed to measure fs-verity, errno 1: /data/app/~~ihFZfNgzAVh1ROCCZmleJQ==/com.novaspirit.usbcleaver-n9icGab5fyejp55UXpW9hw==/base.apk
11-08 21:06:42.184  1430  1430 I Telecom : DefaultDialerCache: Refreshing default dialer for user 0: now com.google.android.dialer: DDC.oR@BRQ
11-08 21:06:42.213  1430  1678 W WindowMagnificationMgr: requestConnection duplicated request: connect=false, mConnectionState=DISCONNECTED
11-08 21:06:42.218  1430  2984 D CompatibilityChangeReporter: Compat change id reported: 161252188; UID 10244; state: DISABLED
11-08 21:06:42.253  1430  4162 W BackupTransportManager: Package com.novaspirit.usbcleaver enabled setting: 0
11-08 21:06:42.286  1430  5495 W AppOps  : setUidMode() called with a mode inconsistent with runtime permission state, this is discouraged and you should revoke the runtime permission instead: uid=10126, switchCode=0, mode=4, permission=android.permission.ACCESS_BACKGROUND_LOCATION
11-08 21:06:42.390  1430  1756 E PackageManager: ERROR: could not load root hash from incremental install
11-08 21:06:42.415  1430  1954 W AppOps  : setUidMode() called with a mode inconsistent with runtime permission state, this is discouraged and you should revoke the runtime permission instead: uid=10126, switchCode=1, mode=4, permission=android.permission.ACCESS_BACKGROUND_LOCATION
11-08 21:06:42.419  1430  2984 W AppOps  : setUidMode() called with a mode inconsistent with runtime permission state, this is discouraged and you should revoke the runtime permission instead: uid=10126, switchCode=0, mode=4, permission=android.permission.ACCESS_BACKGROUND_LOCATION
11-08 21:06:42.422  1430  1756 I PackageManager: Integrity check passed for file:///data/app/vmdl1991810095.tmp
11-08 21:06:42.531  1430  1619 V StorageManagerService: Package null has legacy storage
11-08 21:06:42.572  1430  1430 E NotificationService: Muting recently noisy 0|com.avast.android.mobilesecurity|1000|null|10195
11-08 21:06:42.628  1430  5481 I ActivityManager: Background started FGS: Allowed [callingPackage: com.google.android.apps.wellbeing; callingUid: 10120; uidState: BFGS; intent: Intent { cmp=com.google.android.apps.wellbeing/com.google.apps.tiktok.concurrent.InternalForegroundService (has extras) }; code:BACKGROUND_ACTIVITY_PERMISSION; tempAllowListReason:<null>; targetSdkVersion:33; callerTargetSdkVersion:33; startForegroundCount:0; bindFromPackage:null]
11-08 21:06:42.670  1430  1756 V BackupManagerService: [UserID:0] restoreAtInstall pkg=com.voicebianshengjinglingwc.wxl token=37 restoreSet=0
11-08 21:06:42.671  1430  1756 V BackupManagerService: [UserID:0] Finishing install immediately
11-08 21:06:42.680  1430  1756 D PackageInstallerSession: Marking session 1991810095 as applied
11-08 21:06:42.684  1430  1756 D CompatibilityChangeReporter: Compat change id reported: 168419799; UID 10245; state: DISABLED
11-08 21:06:42.684  1430  1756 D CompatibilityChangeReporter: Compat change id reported: 273564678; UID 10245; state: DISABLED
11-08 21:06:42.690  1430  2915 D CompatibilityChangeReporter: Compat change id reported: 218533173; UID 10245; state: DISABLED
11-08 21:06:42.694  1430  1430 I Telecom : DefaultDialerCache: Refreshing default dialer for user 0: now com.google.android.dialer: DDC.oR@BRk
11-08 21:06:42.699  1430  5725 W BroadcastQueue: u0 Receiving a broadcast in packagecom.jr.narutoii requires a permissions review
11-08 21:06:42.699  1430  5725 W BroadcastQueue: Skipping delivery: permission review required for Intent { act=android.intent.action.PACKAGE_ADDED dat=package: flg=0x4000010 (has extras) } from null (pid=1430, uid=1000) to com.jr.narutoii/com.joyriver.engine.proxy.EngineReceiver
11-08 21:06:42.701  1430  1683 W BroadcastQueue: u0 Receiving a broadcast in packagecom.android.buyer requires a permissions review
11-08 21:06:42.701  1430  1683 W BroadcastQueue: Skipping delivery: permission review required for Intent { act=android.intent.action.PACKAGE_ADDED dat=package: flg=0x4000010 (has extras) } from null (pid=1430, uid=1000) to com.android.buyer/.mRve
11-08 21:06:42.703  1430  1683 W BroadcastQueue: Background execution not allowed: receiving Intent { act=android.intent.action.PACKAGE_ADDED dat=package: flg=0x4000010 (has extras) } to com.google.android.packageinstaller/com.android.packageinstaller.PackageInstalledReceiver
11-08 21:06:42.704  1430  1683 W BroadcastQueue: Background execution not allowed: receiving Intent { act=android.intent.action.PACKAGE_ADDED dat=package: flg=0x4000010 (has extras) } to com.android.vending/com.google.android.finsky.packagemonitor.impl.PackageMonitorReceiverImpl$RegisteredReceiver
11-08 21:06:42.704  1430  1683 W BroadcastQueue: Background execution not allowed: receiving Intent { act=android.intent.action.PACKAGE_ADDED dat=package: flg=0x4000010 (has extras) } to com.android.vending/com.google.android.finsky.packagemonitor.backgroundimpl.BackgroundPackageMonitorReceiverImpl$RegisteredReceiver
11-08 21:06:42.704  1430  1683 W BroadcastQueue: Background execution not allowed: receiving Intent { act=android.intent.action.PACKAGE_ADDED dat=package: flg=0x4000010 (has extras) } to com.google.android.gms/.games.chimera.GamesSystemBroadcastReceiverProxy
11-08 21:06:42.704  1430  1683 W BroadcastQueue: Background execution not allowed: receiving Intent { act=android.intent.action.PACKAGE_ADDED dat=package: flg=0x4000010 (has extras) } to com.google.android.gms/.gass.chimera.PackageChangeBroadcastReceiver
11-08 21:06:42.704  1430  1683 W BroadcastQueue: Background execution not allowed: receiving Intent { act=android.intent.action.PACKAGE_ADDED dat=package: flg=0x4000010 (has extras) } to com.google.android.gms/.chimera.GmsIntentOperationService$PersistentTrustedReceiver
11-08 21:06:42.704  1430  1430 V BackupManagerConstants: getFullBackupIntervalMilliseconds(...) returns 86400000
11-08 21:06:42.704  1430  1430 V BackupManagerConstants: getFullBackupRequiredNetworkType(...) returns 2
11-08 21:06:42.704  1430  1430 V BackupManagerConstants: getFullBackupRequireCharging(...) returns true
11-08 21:06:42.705  1430  1683 W BroadcastQueue: Background execution not allowed: receiving Intent { act=android.intent.action.PACKAGE_ADDED dat=package: flg=0x4000010 (has extras) } to com.google.android.googlequicksearchbox/com.google.android.apps.gsa.googlequicksearchbox.GelStubAppWatcher
11-08 21:06:42.705  1430  1683 W BroadcastQueue: u0 Receiving a broadcast in packagecom.cncd.japan.janli.shudu requires a permissions review
11-08 21:06:42.705  1430  1683 W BroadcastQueue: Skipping delivery: permission review required for Intent { act=android.intent.action.PACKAGE_ADDED dat=package: flg=0x4000010 (has extras) } from null (pid=1430, uid=1000) to com.cncd.japan.janli.shudu/net.l.k.r
11-08 21:06:42.705  1430  1683 W BroadcastQueue: u0 Receiving a broadcast in packagecom.cncd.japan.janli.shudu requires a permissions review
11-08 21:06:42.705  1430  1683 W BroadcastQueue: Skipping delivery: permission review required for Intent { act=android.intent.action.PACKAGE_ADDED dat=package: flg=0x4000010 (has extras) } from null (pid=1430, uid=1000) to com.cncd.japan.janli.shudu/com.feiwofour.coverscreen.SR
11-08 21:06:42.705  1430  1683 W BroadcastQueue: u0 Receiving a broadcast in packagecom.games.mengmeizhitd requires a permissions review
11-08 21:06:42.705  1430  1683 W BroadcastQueue: Skipping delivery: permission review required for Intent { act=android.intent.action.PACKAGE_ADDED dat=package: flg=0x4000010 (has extras) } from null (pid=1430, uid=1000) to com.games.mengmeizhitd/hjnw.ihjnw.i.isqly
11-08 21:06:42.705  1430  1683 W BroadcastQueue: u0 Receiving a broadcast in packagecom.hgperfko.yaeghrwx requires a permissions review
11-08 21:06:42.705  1430  1683 W BroadcastQueue: Skipping delivery: permission review required for Intent { act=android.intent.action.PACKAGE_ADDED dat=package: flg=0x4000010 (has extras) } from null (pid=1430, uid=1000) to com.hgperfko.yaeghrwx/.core.hLytdCQDBv
11-08 21:06:42.706  1430  1683 W BroadcastQueue: u0 Receiving a broadcast in packagecom.qiuqiu.dfmc requires a permissions review
11-08 21:06:42.706  1430  1683 W BroadcastQueue: Skipping delivery: permission review required for Intent { act=android.intent.action.PACKAGE_ADDED dat=package: flg=0x4000010 (has extras) } from null (pid=1430, uid=1000) to com.qiuqiu.dfmc/cn.jpush.android.service.PushReceiver
11-08 21:06:42.706  1430  1683 W BroadcastQueue: u0 Receiving a broadcast in packagecom.safesys.viruskiller requires a permissions review
11-08 21:06:42.706  1430  1683 W BroadcastQueue: Skipping delivery: permission review required for Intent { act=android.intent.action.PACKAGE_ADDED dat=package: flg=0x4000010 (has extras) } from null (pid=1430, uid=1000) to com.safesys.viruskiller/.ScanPackageBroadcast
11-08 21:06:42.706  1430  1683 W BroadcastQueue: u0 Receiving a broadcast in packagecom.uc108.mobile.sdgj.bd1 requires a permissions review
11-08 21:06:42.706  1430  1683 W BroadcastQueue: Skipping delivery: permission review required for Intent { act=android.intent.action.PACKAGE_ADDED dat=package: flg=0x4000010 (has extras) } from null (pid=1430, uid=1000) to com.uc108.mobile.sdgj.bd1/com.baidu.tiebasdk.service.InstallReceiver
11-08 21:06:42.706  1430  1683 W BroadcastQueue: u0 Receiving a broadcast in packageio.dcloud.H5BC6BF13 requires a permissions review
11-08 21:06:42.706  1430  1683 W BroadcastQueue: Skipping delivery: permission review required for Intent { act=android.intent.action.PACKAGE_ADDED dat=package: flg=0x4000010 (has extras) } from null (pid=1430, uid=1000) to io.dcloud.H5BC6BF13/io.dcloud.common.adapter.io.DownloadReceiver
11-08 21:06:42.720  1430  1678 W WindowMagnificationMgr: requestConnection duplicated request: connect=false, mConnectionState=DISCONNECTED
11-08 21:06:42.731  1430  1430 I Telecom : DefaultDialerCache: Refreshing default dialer for user 0: now com.google.android.dialer: DDC.oR@BRo
11-08 21:06:42.740  1430  1752 E VerityUtils: Failed to measure fs-verity, errno 1: /data/app/~~3-hqjC1RErqiddyni35oXw==/com.voicebianshengjinglingwc.wxl-mAvqZhHSc-xMWdjAGjqtDg==/base.apk
11-08 21:06:42.747  1430  5491 D CompatibilityChangeReporter: Compat change id reported: 161252188; UID 10245; state: DISABLED
11-08 21:06:42.767  1430  1678 W PackageManager: Failed registering loading progress callback. Package is fully loaded.
11-08 21:06:42.771  1430  4162 W BackupTransportManager: Package com.voicebianshengjinglingwc.wxl enabled setting: 0
11-08 21:06:42.774  1430  1678 W WindowMagnificationMgr: requestConnection duplicated request: connect=false, mConnectionState=DISCONNECTED
11-08 21:06:42.788  1430  1756 E PackageManager: ERROR: could not load root hash from incremental install
11-08 21:06:42.791  1430  2016 W PackageParsing: Ignoring duplicate uses-permissions/uses-permissions-sdk-m: android.permission.DISABLE_KEYGUARD in package: zqgd.bwqay.wekcq at: Binary XML file line #22
11-08 21:06:42.797  1430  1756 I PackageManager: Integrity check passed for file:///data/app/vmdl1512695299.tmp
11-08 21:06:42.834  1430  1430 I NotificationService: Cannot find enqueued record for key: 0|com.google.android.apps.wellbeing|174344743|null|10120
11-08 21:06:42.860  1430  1756 W PackageParsing: Ignoring duplicate uses-permissions/uses-permissions-sdk-m: android.permission.DISABLE_KEYGUARD in package: zqgd.bwqay.wekcq at: Binary XML file line #22
11-08 21:06:42.937  1430  1619 V StorageManagerService: Package null has legacy storage
11-08 21:06:43.050  1430  1756 V BackupManagerService: [UserID:0] restoreAtInstall pkg=zqgd.bwqay.wekcq token=38 restoreSet=0
11-08 21:06:43.050  1430  1756 V BackupManagerService: [UserID:0] Finishing install immediately
11-08 21:06:43.052  1430  1756 D PackageInstallerSession: Marking session 1512695299 as applied
11-08 21:06:43.058  1430  1756 D CompatibilityChangeReporter: Compat change id reported: 168419799; UID 10246; state: DISABLED
11-08 21:06:43.058  1430  1756 D CompatibilityChangeReporter: Compat change id reported: 273564678; UID 10246; state: DISABLED
11-08 21:06:43.068  1430  2915 D CompatibilityChangeReporter: Compat change id reported: 218533173; UID 10246; state: DISABLED
11-08 21:06:43.078  1430  1683 W BroadcastQueue: u0 Receiving a broadcast in packagecom.jr.narutoii requires a permissions review
11-08 21:06:43.078  1430  1683 W BroadcastQueue: Skipping delivery: permission review required for Intent { act=android.intent.action.PACKAGE_ADDED dat=package: flg=0x4000010 (has extras) } from null (pid=1430, uid=1000) to com.jr.narutoii/com.joyriver.engine.proxy.EngineReceiver
11-08 21:06:43.078  1430  1683 W BroadcastQueue: u0 Receiving a broadcast in packagecom.android.buyer requires a permissions review
11-08 21:06:43.078  1430  1683 W BroadcastQueue: Skipping delivery: permission review required for Intent { act=android.intent.action.PACKAGE_ADDED dat=package: flg=0x4000010 (has extras) } from null (pid=1430, uid=1000) to com.android.buyer/.mRve
11-08 21:06:43.078  1430  1683 W BroadcastQueue: Background execution not allowed: receiving Intent { act=android.intent.action.PACKAGE_ADDED dat=package: flg=0x4000010 (has extras) } to com.google.android.packageinstaller/com.android.packageinstaller.PackageInstalledReceiver
11-08 21:06:43.079  1430  1683 W BroadcastQueue: Background execution not allowed: receiving Intent { act=android.intent.action.PACKAGE_ADDED dat=package: flg=0x4000010 (has extras) } to com.android.vending/com.google.android.finsky.packagemonitor.impl.PackageMonitorReceiverImpl$RegisteredReceiver
11-08 21:06:43.079  1430  1683 W BroadcastQueue: Background execution not allowed: receiving Intent { act=android.intent.action.PACKAGE_ADDED dat=package: flg=0x4000010 (has extras) } to com.android.vending/com.google.android.finsky.packagemonitor.backgroundimpl.BackgroundPackageMonitorReceiverImpl$RegisteredReceiver
11-08 21:06:43.079  1430  1683 W BroadcastQueue: Background execution not allowed: receiving Intent { act=android.intent.action.PACKAGE_ADDED dat=package: flg=0x4000010 (has extras) } to com.google.android.gms/.games.chimera.GamesSystemBroadcastReceiverProxy
11-08 21:06:43.079  1430  1683 W BroadcastQueue: Background execution not allowed: receiving Intent { act=android.intent.action.PACKAGE_ADDED dat=package: flg=0x4000010 (has extras) } to com.google.android.gms/.gass.chimera.PackageChangeBroadcastReceiver
11-08 21:06:43.079  1430  1683 W BroadcastQueue: Background execution not allowed: receiving Intent { act=android.intent.action.PACKAGE_ADDED dat=package: flg=0x4000010 (has extras) } to com.google.android.gms/.chimera.GmsIntentOperationService$PersistentTrustedReceiver
11-08 21:06:43.079  1430  1683 W BroadcastQueue: Background execution not allowed: receiving Intent { act=android.intent.action.PACKAGE_ADDED dat=package: flg=0x4000010 (has extras) } to com.google.android.googlequicksearchbox/com.google.android.apps.gsa.googlequicksearchbox.GelStubAppWatcher
