11-08 21:06:48.704  1430  1683 W BroadcastQueue: Skipping delivery: permission review required for Intent { act=android.intent.action.PACKAGE_ADDED dat=package: flg=0x4000010 (has extras) } from null (pid=1430, uid=1000) to com.android.buyer/.mRve
11-08 21:06:48.704  1430  1683 W BroadcastQueue: Background execution not allowed: receiving Intent { act=android.intent.action.PACKAGE_ADDED dat=package: flg=0x4000010 (has extras) } to com.google.android.packageinstaller/com.android.packageinstaller.PackageInstalledReceiver
11-08 21:06:48.704  1430  1683 W BroadcastQueue: Background execution not allowed: receiving Intent { act=android.intent.action.PACKAGE_ADDED dat=package: flg=0x4000010 (has extras) } to com.android.vending/com.google.android.finsky.packagemonitor.impl.PackageMonitorReceiverImpl$RegisteredReceiver
11-08 21:06:48.704  1430  1683 W BroadcastQueue: Background execution not allowed: receiving Intent { act=android.intent.action.PACKAGE_ADDED dat=package: flg=0x4000010 (has extras) } to com.android.vending/com.google.android.finsky.packagemonitor.backgroundimpl.BackgroundPackageMonitorReceiverImpl$RegisteredReceiver
11-08 21:06:48.705  1430  1683 W BroadcastQueue: Background execution not allowed: receiving Intent { act=android.intent.action.PACKAGE_ADDED dat=package: flg=0x4000010 (has extras) } to com.google.android.gms/.games.chimera.GamesSystemBroadcastReceiverProxy
11-08 21:06:48.705  1430  1683 W BroadcastQueue: Background execution not allowed: receiving Intent { act=android.intent.action.PACKAGE_ADDED dat=package: flg=0x4000010 (has extras) } to com.google.android.gms/.gass.chimera.PackageChangeBroadcastReceiver
11-08 21:06:48.707  1430  1683 W BroadcastQueue: Background execution not allowed: receiving Intent { act=android.intent.action.PACKAGE_ADDED dat=package: flg=0x4000010 (has extras) } to com.google.android.gms/.chimera.GmsIntentOperationService$PersistentTrustedReceiver
11-08 21:06:48.707  1430  1683 W BroadcastQueue: Background execution not allowed: receiving Intent { act=android.intent.action.PACKAGE_ADDED dat=package: flg=0x4000010 (has extras) } to com.google.android.googlequicksearchbox/com.google.android.apps.gsa.googlequicksearchbox.GelStubAppWatcher
11-08 21:06:48.707  1430  1430 I Telecom : DefaultDialerCache: Refreshing default dialer for user 0: now com.google.android.dialer: DDC.oR@BWM
11-08 21:06:48.707  1430  1683 W BroadcastQueue: u0 Receiving a broadcast in packagecom.cncd.japan.janli.shudu requires a permissions review
11-08 21:06:48.707  1430  1683 W BroadcastQueue: Skipping delivery: permission review required for Intent { act=android.intent.action.PACKAGE_ADDED dat=package: flg=0x4000010 (has extras) } from null (pid=1430, uid=1000) to com.cncd.japan.janli.shudu/net.l.k.r
11-08 21:06:48.707  1430  1683 W BroadcastQueue: u0 Receiving a broadcast in packagecom.cncd.japan.janli.shudu requires a permissions review
11-08 21:06:48.707  1430  1683 W BroadcastQueue: Skipping delivery: permission review required for Intent { act=android.intent.action.PACKAGE_ADDED dat=package: flg=0x4000010 (has extras) } from null (pid=1430, uid=1000) to com.cncd.japan.janli.shudu/com.feiwofour.coverscreen.SR
11-08 21:06:48.707  1430  1683 W BroadcastQueue: u0 Receiving a broadcast in packagecom.games.mengmeizhitd requires a permissions review
11-08 21:06:48.707  1430  1683 W BroadcastQueue: Skipping delivery: permission review required for Intent { act=android.intent.action.PACKAGE_ADDED dat=package: flg=0x4000010 (has extras) } from null (pid=1430, uid=1000) to com.games.mengmeizhitd/hjnw.ihjnw.i.isqly
11-08 21:06:48.707  1430  1683 W BroadcastQueue: u0 Receiving a broadcast in packagecom.hgperfko.yaeghrwx requires a permissions review
11-08 21:06:48.707  1430  1683 W BroadcastQueue: Skipping delivery: permission review required for Intent { act=android.intent.action.PACKAGE_ADDED dat=package: flg=0x4000010 (has extras) } from null (pid=1430, uid=1000) to com.hgperfko.yaeghrwx/.core.hLytdCQDBv
11-08 21:06:48.708  1430  1683 W BroadcastQueue: u0 Receiving a broadcast in packagecom.qiuqiu.dfmc requires a permissions review
11-08 21:06:48.708  1430  1683 W BroadcastQueue: Skipping delivery: permission review required for Intent { act=android.intent.action.PACKAGE_ADDED dat=package: flg=0x4000010 (has extras) } from null (pid=1430, uid=1000) to com.qiuqiu.dfmc/cn.jpush.android.service.PushReceiver
11-08 21:06:48.708  1430  1683 W BroadcastQueue: u0 Receiving a broadcast in packagecom.safesys.viruskiller requires a permissions review
11-08 21:06:48.708  1430  1683 W BroadcastQueue: Skipping delivery: permission review required for Intent { act=android.intent.action.PACKAGE_ADDED dat=package: flg=0x4000010 (has extras) } from null (pid=1430, uid=1000) to com.safesys.viruskiller/.ScanPackageBroadcast
11-08 21:06:48.708  1430  1683 W BroadcastQueue: u0 Receiving a broadcast in packagecom.uc108.mobile.sdgj.bd1 requires a permissions review
11-08 21:06:48.708  1430  1683 W BroadcastQueue: Skipping delivery: permission review required for Intent { act=android.intent.action.PACKAGE_ADDED dat=package: flg=0x4000010 (has extras) } from null (pid=1430, uid=1000) to com.uc108.mobile.sdgj.bd1/com.baidu.tiebasdk.service.InstallReceiver
11-08 21:06:48.708  1430  1683 W BroadcastQueue: u0 Receiving a broadcast in packagecom.voicebianshengjinglingwc.wxl requires a permissions review
11-08 21:06:48.708  1430  1683 W BroadcastQueue: Skipping delivery: permission review required for Intent { act=android.intent.action.PACKAGE_ADDED dat=package: flg=0x4000010 (has extras) } from null (pid=1430, uid=1000) to com.voicebianshengjinglingwc.wxl/mp.ruu.Ztjjwrj
11-08 21:06:48.708  1430  1683 W BroadcastQueue: u0 Receiving a broadcast in packageio.dcloud.H5BC6BF13 requires a permissions review
11-08 21:06:48.708  1430  1683 W BroadcastQueue: Skipping delivery: permission review required for Intent { act=android.intent.action.PACKAGE_ADDED dat=package: flg=0x4000010 (has extras) } from null (pid=1430, uid=1000) to io.dcloud.H5BC6BF13/io.dcloud.common.adapter.io.DownloadReceiver
11-08 21:06:48.725  1430  1430 V BackupManagerConstants: getFullBackupIntervalMilliseconds(...) returns 86400000
11-08 21:06:48.725  1430  1430 V BackupManagerConstants: getFullBackupRequiredNetworkType(...) returns 2
11-08 21:06:48.726  1430  1430 V BackupManagerConstants: getFullBackupRequireCharging(...) returns true
11-08 21:06:48.749  1430  1430 I Telecom : DefaultDialerCache: Refreshing default dialer for user 0: now com.google.android.dialer: DDC.oR@BWQ
11-08 21:06:48.749  1430  4162 W BackupTransportManager: Package com.android.mobilephone enabled setting: 0
11-08 21:06:48.752  1430  1678 W WindowMagnificationMgr: requestConnection duplicated request: connect=false, mConnectionState=DISCONNECTED
11-08 21:06:48.762  1430  1756 E PackageManager: ERROR: could not load root hash from incremental install
11-08 21:06:48.764  1430  1752 E VerityUtils: Failed to measure fs-verity, errno 1: /data/app/~~jA1DCTSV-83GaHvEs8af1A==/com.android.mobilephone-Web_3Ob6lFWMIefsbR__kg==/base.apk
11-08 21:06:48.772  1430  5540 D CompatibilityChangeReporter: Compat change id reported: 161252188; UID 10256; state: DISABLED
11-08 21:06:48.814  1430  1756 I PackageManager: Integrity check passed for file:///data/app/vmdl1770387395.tmp
11-08 21:06:48.846  1430  1678 W PackageManager: Failed registering loading progress callback. Package is fully loaded.
11-08 21:06:48.856  1430  1678 W WindowMagnificationMgr: requestConnection duplicated request: connect=false, mConnectionState=DISCONNECTED
11-08 21:06:49.004  1430  1756 V BackupManagerService: [UserID:0] restoreAtInstall pkg=com.google.android.yrtdsfh token=43 restoreSet=0
11-08 21:06:49.005  1430  1756 V BackupManagerService: [UserID:0] Finishing install immediately
11-08 21:06:49.008  1430  1756 D PackageInstallerSession: Marking session 1770387395 as applied
11-08 21:06:49.016  1430  1756 D CompatibilityChangeReporter: Compat change id reported: 168419799; UID 10257; state: DISABLED
11-08 21:06:49.016  1430  1756 D CompatibilityChangeReporter: Compat change id reported: 273564678; UID 10257; state: DISABLED
11-08 21:06:49.020  1430  2915 D CompatibilityChangeReporter: Compat change id reported: 218533173; UID 10257; state: DISABLED
11-08 21:06:49.026  1430  5723 W BroadcastQueue: u0 Receiving a broadcast in packagecom.jr.narutoii requires a permissions review
11-08 21:06:49.026  1430  5723 W BroadcastQueue: Skipping delivery: permission review required for Intent { act=android.intent.action.PACKAGE_ADDED dat=package: flg=0x4000010 (has extras) } from null (pid=1430, uid=1000) to com.jr.narutoii/com.joyriver.engine.proxy.EngineReceiver
11-08 21:06:49.027  1430  1683 W BroadcastQueue: u0 Receiving a broadcast in packagecom.android.buyer requires a permissions review
11-08 21:06:49.027  1430  1683 W BroadcastQueue: Skipping delivery: permission review required for Intent { act=android.intent.action.PACKAGE_ADDED dat=package: flg=0x4000010 (has extras) } from null (pid=1430, uid=1000) to com.android.buyer/.mRve
11-08 21:06:49.027  1430  1683 W BroadcastQueue: Background execution not allowed: receiving Intent { act=android.intent.action.PACKAGE_ADDED dat=package: flg=0x4000010 (has extras) } to com.google.android.packageinstaller/com.android.packageinstaller.PackageInstalledReceiver
11-08 21:06:49.027  1430  1683 W BroadcastQueue: Background execution not allowed: receiving Intent { act=android.intent.action.PACKAGE_ADDED dat=package: flg=0x4000010 (has extras) } to com.android.vending/com.google.android.finsky.packagemonitor.impl.PackageMonitorReceiverImpl$RegisteredReceiver
11-08 21:06:49.027  1430  1683 W BroadcastQueue: Background execution not allowed: receiving Intent { act=android.intent.action.PACKAGE_ADDED dat=package: flg=0x4000010 (has extras) } to com.android.vending/com.google.android.finsky.packagemonitor.backgroundimpl.BackgroundPackageMonitorReceiverImpl$RegisteredReceiver
11-08 21:06:49.027  1430  1683 W BroadcastQueue: Background execution not allowed: receiving Intent { act=android.intent.action.PACKAGE_ADDED dat=package: flg=0x4000010 (has extras) } to com.google.android.gms/.games.chimera.GamesSystemBroadcastReceiverProxy
11-08 21:06:49.027  1430  1683 W BroadcastQueue: Background execution not allowed: receiving Intent { act=android.intent.action.PACKAGE_ADDED dat=package: flg=0x4000010 (has extras) } to com.google.android.gms/.gass.chimera.PackageChangeBroadcastReceiver
11-08 21:06:49.027  1430  1683 W BroadcastQueue: Background execution not allowed: receiving Intent { act=android.intent.action.PACKAGE_ADDED dat=package: flg=0x4000010 (has extras) } to com.google.android.gms/.chimera.GmsIntentOperationService$PersistentTrustedReceiver
11-08 21:06:49.027  1430  1683 W BroadcastQueue: Background execution not allowed: receiving Intent { act=android.intent.action.PACKAGE_ADDED dat=package: flg=0x4000010 (has extras) } to com.google.android.googlequicksearchbox/com.google.android.apps.gsa.googlequicksearchbox.GelStubAppWatcher
11-08 21:06:49.027  1430  1683 W BroadcastQueue: u0 Receiving a broadcast in packagecom.cncd.japan.janli.shudu requires a permissions review
11-08 21:06:49.027  1430  1683 W BroadcastQueue: Skipping delivery: permission review required for Intent { act=android.intent.action.PACKAGE_ADDED dat=package: flg=0x4000010 (has extras) } from null (pid=1430, uid=1000) to com.cncd.japan.janli.shudu/net.l.k.r
11-08 21:06:49.027  1430  1683 W BroadcastQueue: u0 Receiving a broadcast in packagecom.cncd.japan.janli.shudu requires a permissions review
11-08 21:06:49.027  1430  1683 W BroadcastQueue: Skipping delivery: permission review required for Intent { act=android.intent.action.PACKAGE_ADDED dat=package: flg=0x4000010 (has extras) } from null (pid=1430, uid=1000) to com.cncd.japan.janli.shudu/com.feiwofour.coverscreen.SR
11-08 21:06:49.027  1430  1683 W BroadcastQueue: u0 Receiving a broadcast in packagecom.games.mengmeizhitd requires a permissions review
11-08 21:06:49.027  1430  1683 W BroadcastQueue: Skipping delivery: permission review required for Intent { act=android.intent.action.PACKAGE_ADDED dat=package: flg=0x4000010 (has extras) } from null (pid=1430, uid=1000) to com.games.mengmeizhitd/hjnw.ihjnw.i.isqly
11-08 21:06:49.027  1430  1683 W BroadcastQueue: u0 Receiving a broadcast in packagecom.hgperfko.yaeghrwx requires a permissions review
11-08 21:06:49.027  1430  1683 W BroadcastQueue: Skipping delivery: permission review required for Intent { act=android.intent.action.PACKAGE_ADDED dat=package: flg=0x4000010 (has extras) } from null (pid=1430, uid=1000) to com.hgperfko.yaeghrwx/.core.hLytdCQDBv
11-08 21:06:49.027  1430  1683 W BroadcastQueue: u0 Receiving a broadcast in packagecom.qiuqiu.dfmc requires a permissions review
11-08 21:06:49.028  1430  1683 W BroadcastQueue: Skipping delivery: permission review required for Intent { act=android.intent.action.PACKAGE_ADDED dat=package: flg=0x4000010 (has extras) } from null (pid=1430, uid=1000) to com.qiuqiu.dfmc/cn.jpush.android.service.PushReceiver
11-08 21:06:49.028  1430  1683 W BroadcastQueue: u0 Receiving a broadcast in packagecom.safesys.viruskiller requires a permissions review
11-08 21:06:49.028  1430  1683 W BroadcastQueue: Skipping delivery: permission review required for Intent { act=android.intent.action.PACKAGE_ADDED dat=package: flg=0x4000010 (has extras) } from null (pid=1430, uid=1000) to com.safesys.viruskiller/.ScanPackageBroadcast
11-08 21:06:49.028  1430  1683 W BroadcastQueue: u0 Receiving a broadcast in packagecom.uc108.mobile.sdgj.bd1 requires a permissions review
11-08 21:06:49.028  1430  1683 W BroadcastQueue: Skipping delivery: permission review required for Intent { act=android.intent.action.PACKAGE_ADDED dat=package: flg=0x4000010 (has extras) } from null (pid=1430, uid=1000) to com.uc108.mobile.sdgj.bd1/com.baidu.tiebasdk.service.InstallReceiver
11-08 21:06:49.028  1430  1683 W BroadcastQueue: u0 Receiving a broadcast in packagecom.voicebianshengjinglingwc.wxl requires a permissions review
11-08 21:06:49.028  1430  1683 W BroadcastQueue: Skipping delivery: permission review required for Intent { act=android.intent.action.PACKAGE_ADDED dat=package: flg=0x4000010 (has extras) } from null (pid=1430, uid=1000) to com.voicebianshengjinglingwc.wxl/mp.ruu.Ztjjwrj
11-08 21:06:49.028  1430  1683 W BroadcastQueue: u0 Receiving a broadcast in packageio.dcloud.H5BC6BF13 requires a permissions review
11-08 21:06:49.028  1430  1683 W BroadcastQueue: Skipping delivery: permission review required for Intent { act=android.intent.action.PACKAGE_ADDED dat=package: flg=0x4000010 (has extras) } from null (pid=1430, uid=1000) to io.dcloud.H5BC6BF13/io.dcloud.common.adapter.io.DownloadReceiver
11-08 21:06:49.031  1430  1430 I Telecom : DefaultDialerCache: Refreshing default dialer for user 0: now com.google.android.dialer: DDC.oR@BWc
11-08 21:06:49.033  1430  1430 V BackupManagerConstants: getFullBackupIntervalMilliseconds(...) returns 86400000
11-08 21:06:49.033  1430  1430 V BackupManagerConstants: getFullBackupRequiredNetworkType(...) returns 2
11-08 21:06:49.033  1430  1430 V BackupManagerConstants: getFullBackupRequireCharging(...) returns true
11-08 21:06:49.058  1430  1430 I Telecom : DefaultDialerCache: Refreshing default dialer for user 0: now com.google.android.dialer: DDC.oR@BWg
11-08 21:06:49.061  1430  4162 W BackupTransportManager: Package com.google.android.yrtdsfh enabled setting: 0
11-08 21:06:49.067  1430  1752 E VerityUtils: Failed to measure fs-verity, errno 1: /data/app/~~dahtgpXno5myCMpvSjc5jw==/com.google.android.yrtdsfh-fDMHgWNCsuw3Wze14CcZDA==/base.apk
11-08 21:06:49.200  1430  1678 W WindowMagnificationMgr: requestConnection duplicated request: connect=false, mConnectionState=DISCONNECTED
11-08 21:06:49.210  1430  5725 W AppOps  : setUidMode() called with a mode inconsistent with runtime permission state, this is discouraged and you should revoke the runtime permission instead: uid=10126, switchCode=0, mode=4, permission=android.permission.ACCESS_BACKGROUND_LOCATION
11-08 21:06:49.242  1430  1678 W PackageManager: Failed registering loading progress callback. Package is fully loaded.
11-08 21:06:49.251  1430  1678 W WindowMagnificationMgr: requestConnection duplicated request: connect=false, mConnectionState=DISCONNECTED
11-08 21:06:49.252  1430  1430 W NotificationHistory: Attempted to add notif for locked/gone/disabled user 0
11-08 21:06:49.286  1430  1756 E PackageManager: ERROR: could not load root hash from incremental install
11-08 21:06:49.291  1430  5487 D CompatibilityChangeReporter: Compat change id reported: 161252188; UID 10257; state: DISABLED
11-08 21:06:49.296  1430  2016 W PackageParsing: Ignoring duplicate uses-permissions/uses-permissions-sdk-m:  in package: qiu.com at: Binary XML file line #14
11-08 21:06:49.296  1430  2016 W PackageParsing: Ignoring duplicate uses-permissions/uses-permissions-sdk-m:  in package: qiu.com at: Binary XML file line #15
11-08 21:06:49.296  1430  2016 W PackageParsing: Ignoring duplicate uses-permissions/uses-permissions-sdk-m:  in package: qiu.com at: Binary XML file line #19
11-08 21:06:49.297  1430  2016 W PackageParsing: Ignoring duplicate uses-permissions/uses-permissions-sdk-m:  in package: qiu.com at: Binary XML file line #20
11-08 21:06:49.297  1430  2016 W PackageParsing: Ignoring duplicate uses-permissions/uses-permissions-sdk-m:  in package: qiu.com at: Binary XML file line #22
11-08 21:06:49.297  1430  2016 W PackageParsing: Ignoring duplicate uses-permissions/uses-permissions-sdk-m:  in package: qiu.com at: Binary XML file line #27
11-08 21:06:49.304  1430  5496 W AppOps  : setUidMode() called with a mode inconsistent with runtime permission state, this is discouraged and you should revoke the runtime permission instead: uid=10126, switchCode=1, mode=4, permission=android.permission.ACCESS_BACKGROUND_LOCATION
11-08 21:06:49.307  1430  5487 W AppOps  : setUidMode() called with a mode inconsistent with runtime permission state, this is discouraged and you should revoke the runtime permission instead: uid=10126, switchCode=0, mode=4, permission=android.permission.ACCESS_BACKGROUND_LOCATION
11-08 21:06:49.321  1430  1756 I PackageManager: Integrity check passed for file:///data/app/vmdl2130398751.tmp
11-08 21:06:49.326  1430  1756 W PackageParsing: Ignoring duplicate uses-permissions/uses-permissions-sdk-m:  in package: qiu.com at: Binary XML file line #14
11-08 21:06:49.326  1430  1756 W PackageParsing: Ignoring duplicate uses-permissions/uses-permissions-sdk-m:  in package: qiu.com at: Binary XML file line #15
11-08 21:06:49.326  1430  1756 W PackageParsing: Ignoring duplicate uses-permissions/uses-permissions-sdk-m:  in package: qiu.com at: Binary XML file line #19
11-08 21:06:49.326  1430  1756 W PackageParsing: Ignoring duplicate uses-permissions/uses-permissions-sdk-m:  in package: qiu.com at: Binary XML file line #20
11-08 21:06:49.326  1430  1756 W PackageParsing: Ignoring duplicate uses-permissions/uses-permissions-sdk-m:  in package: qiu.com at: Binary XML file line #22
11-08 21:06:49.326  1430  1756 W PackageParsing: Ignoring duplicate uses-permissions/uses-permissions-sdk-m:  in package: qiu.com at: Binary XML file line #27
11-08 21:06:49.386  1430  1619 V StorageManagerService: Package null has legacy storage
11-08 21:06:49.470  1430  1430 E NotificationService: Muting recently noisy 0|com.avast.android.mobilesecurity|1000|null|10195
11-08 21:06:49.615  1430  1756 V BackupManagerService: [UserID:0] restoreAtInstall pkg=qiu.com token=44 restoreSet=0
11-08 21:06:49.615  1430  1756 V BackupManagerService: [UserID:0] Finishing install immediately
11-08 21:06:49.617  1430  1756 D PackageInstallerSession: Marking session 2130398751 as applied
11-08 21:06:49.621  1430  1756 D CompatibilityChangeReporter: Compat change id reported: 168419799; UID 10258; state: DISABLED
11-08 21:06:49.621  1430  1756 D CompatibilityChangeReporter: Compat change id reported: 273564678; UID 10258; state: DISABLED
11-08 21:06:49.627  1430  2915 D CompatibilityChangeReporter: Compat change id reported: 218533173; UID 10258; state: DISABLED
11-08 21:06:49.629  1430  1430 I Telecom : DefaultDialerCache: Refreshing default dialer for user 0: now com.google.android.dialer: DDC.oR@BW8
11-08 21:06:49.632  1430  5486 W BroadcastQueue: u0 Receiving a broadcast in packagecom.jr.narutoii requires a permissions review
11-08 21:06:49.633  1430  5486 W BroadcastQueue: Skipping delivery: permission review required for Intent { act=android.intent.action.PACKAGE_ADDED dat=package: flg=0x4000010 (has extras) } from null (pid=1430, uid=1000) to com.jr.narutoii/com.joyriver.engine.proxy.EngineReceiver
11-08 21:06:49.634  1430  1683 W BroadcastQueue: u0 Receiving a broadcast in packagecom.android.buyer requires a permissions review
11-08 21:06:49.634  1430  1683 W BroadcastQueue: Skipping delivery: permission review required for Intent { act=android.intent.action.PACKAGE_ADDED dat=package: flg=0x4000010 (has extras) } from null (pid=1430, uid=1000) to com.android.buyer/.mRve
11-08 21:06:49.634  1430  1683 W BroadcastQueue: Background execution not allowed: receiving Intent { act=android.intent.action.PACKAGE_ADDED dat=package: flg=0x4000010 (has extras) } to com.google.android.packageinstaller/com.android.packageinstaller.PackageInstalledReceiver
11-08 21:06:49.634  1430  1683 W BroadcastQueue: Background execution not allowed: receiving Intent { act=android.intent.action.PACKAGE_ADDED dat=package: flg=0x4000010 (has extras) } to com.android.vending/com.google.android.finsky.packagemonitor.impl.PackageMonitorReceiverImpl$RegisteredReceiver
11-08 21:06:49.634  1430  1683 W BroadcastQueue: Background execution not allowed: receiving Intent { act=android.intent.action.PACKAGE_ADDED dat=package: flg=0x4000010 (has extras) } to com.android.vending/com.google.android.finsky.packagemonitor.backgroundimpl.BackgroundPackageMonitorReceiverImpl$RegisteredReceiver
11-08 21:06:49.634  1430  1683 W BroadcastQueue: Background execution not allowed: receiving Intent { act=android.intent.action.PACKAGE_ADDED dat=package: flg=0x4000010 (has extras) } to com.google.android.gms/.games.chimera.GamesSystemBroadcastReceiverProxy
11-08 21:06:49.634  1430  1683 W BroadcastQueue: Background execution not allowed: receiving Intent { act=android.intent.action.PACKAGE_ADDED dat=package: flg=0x4000010 (has extras) } to com.google.android.gms/.gass.chimera.PackageChangeBroadcastReceiver
11-08 21:06:49.635  1430  1683 W BroadcastQueue: Background execution not allowed: receiving Intent { act=android.intent.action.PACKAGE_ADDED dat=package: flg=0x4000010 (has extras) } to com.google.android.gms/.chimera.GmsIntentOperationService$PersistentTrustedReceiver
11-08 21:06:49.635  1430  1683 W BroadcastQueue: Background execution not allowed: receiving Intent { act=android.intent.action.PACKAGE_ADDED dat=package: flg=0x4000010 (has extras) } to com.google.android.googlequicksearchbox/com.google.android.apps.gsa.googlequicksearchbox.GelStubAppWatcher
11-08 21:06:49.635  1430  1683 W BroadcastQueue: u0 Receiving a broadcast in packagecom.cncd.japan.janli.shudu requires a permissions review
11-08 21:06:49.635  1430  1683 W BroadcastQueue: Skipping delivery: permission review required for Intent { act=android.intent.action.PACKAGE_ADDED dat=package: flg=0x4000010 (has extras) } from null (pid=1430, uid=1000) to com.cncd.japan.janli.shudu/net.l.k.r
11-08 21:06:49.635  1430  1683 W BroadcastQueue: u0 Receiving a broadcast in packagecom.cncd.japan.janli.shudu requires a permissions review
11-08 21:06:49.635  1430  1683 W BroadcastQueue: Skipping delivery: permission review required for Intent { act=android.intent.action.PACKAGE_ADDED dat=package: flg=0x4000010 (has extras) } from null (pid=1430, uid=1000) to com.cncd.japan.janli.shudu/com.feiwofour.coverscreen.SR
11-08 21:06:49.635  1430  1683 W BroadcastQueue: u0 Receiving a broadcast in packagecom.games.mengmeizhitd requires a permissions review
11-08 21:06:49.635  1430  1683 W BroadcastQueue: Skipping delivery: permission review required for Intent { act=android.intent.action.PACKAGE_ADDED dat=package: flg=0x4000010 (has extras) } from null (pid=1430, uid=1000) to com.games.mengmeizhitd/hjnw.ihjnw.i.isqly
11-08 21:06:49.635  1430  1683 W BroadcastQueue: u0 Receiving a broadcast in packagecom.hgperfko.yaeghrwx requires a permissions review
11-08 21:06:49.635  1430  1683 W BroadcastQueue: Skipping delivery: permission review required for Intent { act=android.intent.action.PACKAGE_ADDED dat=package: flg=0x4000010 (has extras) } from null (pid=1430, uid=1000) to com.hgperfko.yaeghrwx/.core.hLytdCQDBv
11-08 21:06:49.635  1430  1683 W BroadcastQueue: u0 Receiving a broadcast in packagecom.qiuqiu.dfmc requires a permissions review
11-08 21:06:49.635  1430  1683 W BroadcastQueue: Skipping delivery: permission review required for Intent { act=android.intent.action.PACKAGE_ADDED dat=package: flg=0x4000010 (has extras) } from null (pid=1430, uid=1000) to com.qiuqiu.dfmc/cn.jpush.android.service.PushReceiver
11-08 21:06:49.635  1430  1683 W BroadcastQueue: u0 Receiving a broadcast in packagecom.safesys.viruskiller requires a permissions review
11-08 21:06:49.635  1430  1683 W BroadcastQueue: Skipping delivery: permission review required for Intent { act=android.intent.action.PACKAGE_ADDED dat=package: flg=0x4000010 (has extras) } from null (pid=1430, uid=1000) to com.safesys.viruskiller/.ScanPackageBroadcast
11-08 21:06:49.635  1430  1683 W BroadcastQueue: u0 Receiving a broadcast in packagecom.uc108.mobile.sdgj.bd1 requires a permissions review
11-08 21:06:49.635  1430  1683 W BroadcastQueue: Skipping delivery: permission review required for Intent { act=android.intent.action.PACKAGE_ADDED dat=package: flg=0x4000010 (has extras) } from null (pid=1430, uid=1000) to com.uc108.mobile.sdgj.bd1/com.baidu.tiebasdk.service.InstallReceiver
11-08 21:06:49.635  1430  1683 W BroadcastQueue: u0 Receiving a broadcast in packagecom.voicebianshengjinglingwc.wxl requires a permissions review
11-08 21:06:49.635  1430  1683 W BroadcastQueue: Skipping delivery: permission review required for Intent { act=android.intent.action.PACKAGE_ADDED dat=package: flg=0x4000010 (has extras) } from null (pid=1430, uid=1000) to com.voicebianshengjinglingwc.wxl/mp.ruu.Ztjjwrj
11-08 21:06:49.635  1430  1683 W BroadcastQueue: u0 Receiving a broadcast in packageio.dcloud.H5BC6BF13 requires a permissions review
11-08 21:06:49.635  1430  1683 W BroadcastQueue: Skipping delivery: permission review required for Intent { act=android.intent.action.PACKAGE_ADDED dat=package: flg=0x4000010 (has extras) } from null (pid=1430, uid=1000) to io.dcloud.H5BC6BF13/io.dcloud.common.adapter.io.DownloadReceiver
11-08 21:06:49.637  1430  1678 W WindowMagnificationMgr: requestConnection duplicated request: connect=false, mConnectionState=DISCONNECTED
11-08 21:06:49.645  9749 18181 W PackageParser: Ignoring duplicate uses-permissions/uses-permissions-sdk-m:  in package: qiu.com at: Binary XML file line #14
11-08 21:06:49.645  9749 18181 W PackageParser: Ignoring duplicate uses-permissions/uses-permissions-sdk-m:  in package: qiu.com at: Binary XML file line #15
11-08 21:06:49.645  9749 18181 W PackageParser: Ignoring duplicate uses-permissions/uses-permissions-sdk-m:  in package: qiu.com at: Binary XML file line #19
11-08 21:06:49.645  9749 18181 W PackageParser: Ignoring duplicate uses-permissions/uses-permissions-sdk-m:  in package: qiu.com at: Binary XML file line #20
11-08 21:06:49.645  9749 18181 W PackageParser: Ignoring duplicate uses-permissions/uses-permissions-sdk-m:  in package: qiu.com at: Binary XML file line #22
11-08 21:06:49.645  9749 18181 W PackageParser: Ignoring duplicate uses-permissions/uses-permissions-sdk-m:  in package: qiu.com at: Binary XML file line #27
11-08 21:06:49.686  1430  1430 I Telecom : DefaultDialerCache: Refreshing default dialer for user 0: now com.google.android.dialer: DDC.oR@BXA
11-08 21:06:49.687  1430  4162 W BackupTransportManager: Package qiu.com enabled setting: 0
11-08 21:06:49.694  1430  5540 I ActivityManager: Background started FGS: Allowed [callingPackage: com.google.android.apps.wellbeing; callingUid: 10120; uidState: BFGS; intent: Intent { cmp=com.google.android.apps.wellbeing/com.google.apps.tiktok.concurrent.InternalForegroundService (has extras) }; code:BACKGROUND_ACTIVITY_PERMISSION; tempAllowListReason:<null>; targetSdkVersion:33; callerTargetSdkVersion:33; startForegroundCount:0; bindFromPackage:null]
11-08 21:06:49.695  1430  1678 W PackageManager: Failed registering loading progress callback. Package is fully loaded.
11-08 21:06:49.727  1430  1752 E VerityUtils: Failed to measure fs-verity, errno 1: /data/app/~~aNtboUNsVOKHM8A8eKJEZg==/qiu.com-Xr21GafJ_l-sGZLMwCoWEA==/base.apk
11-08 21:06:49.735  1430  2984 D CompatibilityChangeReporter: Compat change id reported: 161252188; UID 10258; state: DISABLED
11-08 21:06:49.744  1430  1678 W WindowMagnificationMgr: requestConnection duplicated request: connect=false, mConnectionState=DISCONNECTED
11-08 21:06:49.818  1430  1756 E PackageManager: ERROR: could not load root hash from incremental install
11-08 21:06:49.838  1430  1756 I PackageManager: Integrity check passed for file:///data/app/vmdl945534179.tmp
11-08 21:06:49.930  1430  1619 V StorageManagerService: Package null has legacy storage
11-08 21:06:49.941  1430  1430 I NotificationService: Cannot find enqueued record for key: 0|com.google.android.apps.wellbeing|174344743|null|10120
11-08 21:06:49.948  9749 18215 W PackageParser: Ignoring duplicate uses-permissions/uses-permissions-sdk-m:  in package: qiu.com at: Binary XML file line #14
11-08 21:06:49.948  9749 18215 W PackageParser: Ignoring duplicate uses-permissions/uses-permissions-sdk-m:  in package: qiu.com at: Binary XML file line #15
11-08 21:06:49.948  9749 18215 W PackageParser: Ignoring duplicate uses-permissions/uses-permissions-sdk-m:  in package: qiu.com at: Binary XML file line #19
11-08 21:06:49.948  9749 18215 W PackageParser: Ignoring duplicate uses-permissions/uses-permissions-sdk-m:  in package: qiu.com at: Binary XML file line #20
11-08 21:06:49.948  9749 18215 W PackageParser: Ignoring duplicate uses-permissions/uses-permissions-sdk-m:  in package: qiu.com at: Binary XML file line #22
11-08 21:06:49.948  9749 18215 W PackageParser: Ignoring duplicate uses-permissions/uses-permissions-sdk-m:  in package: qiu.com at: Binary XML file line #27
11-08 21:06:50.099  1430  4194 W AppOps  : setUidMode() called with a mode inconsistent with runtime permission state, this is discouraged and you should revoke the runtime permission instead: uid=10126, switchCode=0, mode=4, permission=android.permission.ACCESS_BACKGROUND_LOCATION
11-08 21:06:50.140  1430  5540 I ActivityManager: Background started FGS: Allowed [callingPackage: com.google.android.apps.wellbeing; callingUid: 10120; uidState: BFGS; intent: Intent { cmp=com.google.android.apps.wellbeing/com.google.apps.tiktok.concurrent.InternalForegroundService (has extras) }; code:BACKGROUND_ACTIVITY_PERMISSION; tempAllowListReason:<null>; targetSdkVersion:33; callerTargetSdkVersion:33; startForegroundCount:0; bindFromPackage:null]
11-08 21:06:50.143  1430  1756 V BackupManagerService: [UserID:0] restoreAtInstall pkg=com.evilsunflower.reader.evilYufang15 token=45 restoreSet=0
11-08 21:06:50.144  1430  1756 V BackupManagerService: [UserID:0] Finishing install immediately
11-08 21:06:50.145  1430  1756 D PackageInstallerSession: Marking session 945534179 as applied
11-08 21:06:50.150  1430  1756 D CompatibilityChangeReporter: Compat change id reported: 168419799; UID 10259; state: DISABLED
11-08 21:06:50.150  1430  1756 D CompatibilityChangeReporter: Compat change id reported: 273564678; UID 10259; state: DISABLED
11-08 21:06:50.157  1430  1430 E NotificationService: Muting recently noisy 0|com.avast.android.mobilesecurity|1000|null|10195
11-08 21:06:50.160  1430  5540 W BroadcastQueue: u0 Receiving a broadcast in packagecom.jr.narutoii requires a permissions review
11-08 21:06:50.160  1430  5540 W BroadcastQueue: Skipping delivery: permission review required for Intent { act=android.intent.action.PACKAGE_ADDED dat=package: flg=0x4000010 (has extras) } from null (pid=1430, uid=1000) to com.jr.narutoii/com.joyriver.engine.proxy.EngineReceiver
11-08 21:06:50.161  1430  1430 I Telecom : DefaultDialerCache: Refreshing default dialer for user 0: now com.google.android.dialer: DDC.oR@BXc
11-08 21:06:50.164  1430  1430 V BackupManagerConstants: getFullBackupIntervalMilliseconds(...) returns 86400000
11-08 21:06:50.164  1430  1430 V BackupManagerConstants: getFullBackupRequiredNetworkType(...) returns 2
11-08 21:06:50.164  1430  1430 V BackupManagerConstants: getFullBackupRequireCharging(...) returns true
11-08 21:06:50.168  1430  1683 W BroadcastQueue: u0 Receiving a broadcast in packagecom.android.buyer requires a permissions review
11-08 21:06:50.168  1430  1683 W BroadcastQueue: Skipping delivery: permission review required for Intent { act=android.intent.action.PACKAGE_ADDED dat=package: flg=0x4000010 (has extras) } from null (pid=1430, uid=1000) to com.android.buyer/.mRve
11-08 21:06:50.168  1430  1683 W BroadcastQueue: Background execution not allowed: receiving Intent { act=android.intent.action.PACKAGE_ADDED dat=package: flg=0x4000010 (has extras) } to com.google.android.packageinstaller/com.android.packageinstaller.PackageInstalledReceiver
11-08 21:06:50.168  1430  1683 W BroadcastQueue: Background execution not allowed: receiving Intent { act=android.intent.action.PACKAGE_ADDED dat=package: flg=0x4000010 (has extras) } to com.android.vending/com.google.android.finsky.packagemonitor.impl.PackageMonitorReceiverImpl$RegisteredReceiver
11-08 21:06:50.168  1430  1683 W BroadcastQueue: Background execution not allowed: receiving Intent { act=android.intent.action.PACKAGE_ADDED dat=package: flg=0x4000010 (has extras) } to com.android.vending/com.google.android.finsky.packagemonitor.backgroundimpl.BackgroundPackageMonitorReceiverImpl$RegisteredReceiver
11-08 21:06:50.169  1430  1683 W BroadcastQueue: Background execution not allowed: receiving Intent { act=android.intent.action.PACKAGE_ADDED dat=package: flg=0x4000010 (has extras) } to com.google.android.gms/.games.chimera.GamesSystemBroadcastReceiverProxy
11-08 21:06:50.169  1430  1683 W BroadcastQueue: Background execution not allowed: receiving Intent { act=android.intent.action.PACKAGE_ADDED dat=package: flg=0x4000010 (has extras) } to com.google.android.gms/.gass.chimera.PackageChangeBroadcastReceiver
11-08 21:06:50.169  1430  2915 D CompatibilityChangeReporter: Compat change id reported: 218533173; UID 10259; state: DISABLED
11-08 21:06:50.172  1430  1683 W BroadcastQueue: Background execution not allowed: receiving Intent { act=android.intent.action.PACKAGE_ADDED dat=package: flg=0x4000010 (has extras) } to com.google.android.gms/.chimera.GmsIntentOperationService$PersistentTrustedReceiver
11-08 21:06:50.172  1430  1683 W BroadcastQueue: Background execution not allowed: receiving Intent { act=android.intent.action.PACKAGE_ADDED dat=package: flg=0x4000010 (has extras) } to com.google.android.googlequicksearchbox/com.google.android.apps.gsa.googlequicksearchbox.GelStubAppWatcher
11-08 21:06:50.172  1430  1683 W BroadcastQueue: u0 Receiving a broadcast in packagecom.cncd.japan.janli.shudu requires a permissions review
11-08 21:06:50.172  1430  1683 W BroadcastQueue: Skipping delivery: permission review required for Intent { act=android.intent.action.PACKAGE_ADDED dat=package: flg=0x4000010 (has extras) } from null (pid=1430, uid=1000) to com.cncd.japan.janli.shudu/net.l.k.r
11-08 21:06:50.173  1430  1683 W BroadcastQueue: u0 Receiving a broadcast in packagecom.cncd.japan.janli.shudu requires a permissions review
11-08 21:06:50.173  1430  1683 W BroadcastQueue: Skipping delivery: permission review required for Intent { act=android.intent.action.PACKAGE_ADDED dat=package: flg=0x4000010 (has extras) } from null (pid=1430, uid=1000) to com.cncd.japan.janli.shudu/com.feiwofour.coverscreen.SR
11-08 21:06:50.173  1430  1683 W BroadcastQueue: u0 Receiving a broadcast in packagecom.games.mengmeizhitd requires a permissions review
11-08 21:06:50.173  1430  1683 W BroadcastQueue: Skipping delivery: permission review required for Intent { act=android.intent.action.PACKAGE_ADDED dat=package: flg=0x4000010 (has extras) } from null (pid=1430, uid=1000) to com.games.mengmeizhitd/hjnw.ihjnw.i.isqly
11-08 21:06:50.173  1430  1683 W BroadcastQueue: u0 Receiving a broadcast in packagecom.hgperfko.yaeghrwx requires a permissions review
11-08 21:06:50.173  1430  1683 W BroadcastQueue: Skipping delivery: permission review required for Intent { act=android.intent.action.PACKAGE_ADDED dat=package: flg=0x4000010 (has extras) } from null (pid=1430, uid=1000) to com.hgperfko.yaeghrwx/.core.hLytdCQDBv
11-08 21:06:50.173  1430  1683 W BroadcastQueue: u0 Receiving a broadcast in packagecom.qiuqiu.dfmc requires a permissions review
11-08 21:06:50.173  1430  1683 W BroadcastQueue: Skipping delivery: permission review required for Intent { act=android.intent.action.PACKAGE_ADDED dat=package: flg=0x4000010 (has extras) } from null (pid=1430, uid=1000) to com.qiuqiu.dfmc/cn.jpush.android.service.PushReceiver
11-08 21:06:50.173  1430  1683 W BroadcastQueue: u0 Receiving a broadcast in packagecom.safesys.viruskiller requires a permissions review
11-08 21:06:50.173  1430  1683 W BroadcastQueue: Skipping delivery: permission review required for Intent { act=android.intent.action.PACKAGE_ADDED dat=package: flg=0x4000010 (has extras) } from null (pid=1430, uid=1000) to com.safesys.viruskiller/.ScanPackageBroadcast
11-08 21:06:50.173  1430  1683 W BroadcastQueue: u0 Receiving a broadcast in packagecom.uc108.mobile.sdgj.bd1 requires a permissions review
11-08 21:06:50.173  1430  1683 W BroadcastQueue: Skipping delivery: permission review required for Intent { act=android.intent.action.PACKAGE_ADDED dat=package: flg=0x4000010 (has extras) } from null (pid=1430, uid=1000) to com.uc108.mobile.sdgj.bd1/com.baidu.tiebasdk.service.InstallReceiver
11-08 21:06:50.173  1430  1683 W BroadcastQueue: u0 Receiving a broadcast in packagecom.voicebianshengjinglingwc.wxl requires a permissions review
11-08 21:06:50.173  1430  1683 W BroadcastQueue: Skipping delivery: permission review required for Intent { act=android.intent.action.PACKAGE_ADDED dat=package: flg=0x4000010 (has extras) } from null (pid=1430, uid=1000) to com.voicebianshengjinglingwc.wxl/mp.ruu.Ztjjwrj
11-08 21:06:50.173  1430  1683 W BroadcastQueue: u0 Receiving a broadcast in packageio.dcloud.H5BC6BF13 requires a permissions review
11-08 21:06:50.173  1430  1683 W BroadcastQueue: Skipping delivery: permission review required for Intent { act=android.intent.action.PACKAGE_ADDED dat=package: flg=0x4000010 (has extras) } from null (pid=1430, uid=1000) to io.dcloud.H5BC6BF13/io.dcloud.common.adapter.io.DownloadReceiver
11-08 21:06:50.185  1430  1430 I Telecom : DefaultDialerCache: Refreshing default dialer for user 0: now com.google.android.dialer: DDC.oR@BXg
11-08 21:06:50.190  1430  4162 W BackupTransportManager: Package com.evilsunflower.reader.evilYufang15 enabled setting: 0
11-08 21:06:50.206  1430  1752 E VerityUtils: Failed to measure fs-verity, errno 1: /data/app/~~EEmMPYwMaLMVXeW8D8G5Jg==/com.evilsunflower.reader.evilYufang15-4kq9M0cpDBHcYpYldt3LOw==/base.apk
11-08 21:06:50.231  1430  4187 W AppOps  : setUidMode() called with a mode inconsistent with runtime permission state, this is discouraged and you should revoke the runtime permission instead: uid=10126, switchCode=1, mode=4, permission=android.permission.ACCESS_BACKGROUND_LOCATION
11-08 21:06:50.239  1430  1678 W WindowMagnificationMgr: requestConnection duplicated request: connect=false, mConnectionState=DISCONNECTED
11-08 21:06:50.249  1430  2983 W AppOps  : setUidMode() called with a mode inconsistent with runtime permission state, this is discouraged and you should revoke the runtime permission instead: uid=10126, switchCode=0, mode=4, permission=android.permission.ACCESS_BACKGROUND_LOCATION
11-08 21:06:50.249  1430  5496 D CompatibilityChangeReporter: Compat change id reported: 161252188; UID 10259; state: DISABLED
11-08 21:06:50.285  1430  1678 W PackageManager: Failed registering loading progress callback. Package is fully loaded.
11-08 21:06:50.310  1430  1678 W WindowMagnificationMgr: requestConnection duplicated request: connect=false, mConnectionState=DISCONNECTED
11-08 21:06:50.312  1430  5486 I ActivityManager: Killing 15186:com.google.android.gms.ui/u0a135 (adj 975): empty #17
11-08 21:06:50.348  1430  1430 I NotificationService: Cannot find enqueued record for key: 0|com.google.android.apps.wellbeing|174344743|null|10120
11-08 21:06:50.536  1430  1756 E PackageManager: ERROR: could not load root hash from incremental install
11-08 21:06:50.586  1430  1756 I PackageManager: Integrity check passed for file:///data/app/vmdl299660807.tmp
11-08 21:06:50.597  1430  1430 W NotificationHistory: Attempted to add notif for locked/gone/disabled user 0
11-08 21:06:50.622  1430  1756 I PackageManager: Permission ownership changed. Updating all permissions.
11-08 21:06:50.780  1430  1619 V StorageManagerService: Package null has legacy storage
11-08 21:06:50.808  1430  1499 I ActivityManager: Background started FGS: Allowed [callingPackage: com.google.android.apps.wellbeing; callingUid: 10120; uidState: BFGS; intent: Intent { cmp=com.google.android.apps.wellbeing/com.google.apps.tiktok.concurrent.InternalForegroundService (has extras) }; code:BACKGROUND_ACTIVITY_PERMISSION; tempAllowListReason:<null>; targetSdkVersion:33; callerTargetSdkVersion:33; startForegroundCount:0; bindFromPackage:null]
11-08 21:06:51.015  1430  1430 I NotificationService: Cannot find enqueued record for key: 0|com.google.android.apps.wellbeing|174344743|null|10120
11-08 21:06:51.077  1430  1756 V BackupManagerService: [UserID:0] restoreAtInstall pkg=com.yoojar.zlsg.baidu token=46 restoreSet=0
11-08 21:06:51.077  1430  1756 V BackupManagerService: [UserID:0] Finishing install immediately
11-08 21:06:51.079  1430  5725 W AppOps  : setUidMode() called with a mode inconsistent with runtime permission state, this is discouraged and you should revoke the runtime permission instead: uid=10126, switchCode=0, mode=4, permission=android.permission.ACCESS_BACKGROUND_LOCATION
11-08 21:06:51.080  1430  1756 D PackageInstallerSession: Marking session 299660807 as applied
11-08 21:06:51.085  1430  1756 D CompatibilityChangeReporter: Compat change id reported: 168419799; UID 10260; state: DISABLED
11-08 21:06:51.085  1430  1756 D CompatibilityChangeReporter: Compat change id reported: 273564678; UID 10260; state: DISABLED
11-08 21:06:51.089  1430  5725 W BroadcastQueue: u0 Receiving a broadcast in packagecom.jr.narutoii requires a permissions review
11-08 21:06:51.089  1430  5725 W BroadcastQueue: Skipping delivery: permission review required for Intent { act=android.intent.action.PACKAGE_ADDED dat=package: flg=0x4000010 (has extras) } from null (pid=1430, uid=1000) to com.jr.narutoii/com.joyriver.engine.proxy.EngineReceiver
11-08 21:06:51.090  1430  1683 W BroadcastQueue: u0 Receiving a broadcast in packagecom.android.buyer requires a permissions review
11-08 21:06:51.090  1430  1683 W BroadcastQueue: Skipping delivery: permission review required for Intent { act=android.intent.action.PACKAGE_ADDED dat=package: flg=0x4000010 (has extras) } from null (pid=1430, uid=1000) to com.android.buyer/.mRve
11-08 21:06:51.090  1430  1683 W BroadcastQueue: Background execution not allowed: receiving Intent { act=android.intent.action.PACKAGE_ADDED dat=package: flg=0x4000010 (has extras) } to com.google.android.packageinstaller/com.android.packageinstaller.PackageInstalledReceiver
11-08 21:06:51.090  1430  1683 W BroadcastQueue: Background execution not allowed: receiving Intent { act=android.intent.action.PACKAGE_ADDED dat=package: flg=0x4000010 (has extras) } to com.android.vending/com.google.android.finsky.packagemonitor.impl.PackageMonitorReceiverImpl$RegisteredReceiver
11-08 21:06:51.090  1430  1683 W BroadcastQueue: Background execution not allowed: receiving Intent { act=android.intent.action.PACKAGE_ADDED dat=package: flg=0x4000010 (has extras) } to com.android.vending/com.google.android.finsky.packagemonitor.backgroundimpl.BackgroundPackageMonitorReceiverImpl$RegisteredReceiver
11-08 21:06:51.090  1430  1683 W BroadcastQueue: Background execution not allowed: receiving Intent { act=android.intent.action.PACKAGE_ADDED dat=package: flg=0x4000010 (has extras) } to com.google.android.gms/.games.chimera.GamesSystemBroadcastReceiverProxy
11-08 21:06:51.091  1430  2915 D CompatibilityChangeReporter: Compat change id reported: 218533173; UID 10260; state: DISABLED
11-08 21:06:51.091  1430  1683 W BroadcastQueue: Background execution not allowed: receiving Intent { act=android.intent.action.PACKAGE_ADDED dat=package: flg=0x4000010 (has extras) } to com.google.android.gms/.gass.chimera.PackageChangeBroadcastReceiver
11-08 21:06:51.091  1430  1683 W BroadcastQueue: Background execution not allowed: receiving Intent { act=android.intent.action.PACKAGE_ADDED dat=package: flg=0x4000010 (has extras) } to com.google.android.gms/.chimera.GmsIntentOperationService$PersistentTrustedReceiver
11-08 21:06:51.091  1430  1683 W BroadcastQueue: Background execution not allowed: receiving Intent { act=android.intent.action.PACKAGE_ADDED dat=package: flg=0x4000010 (has extras) } to com.google.android.googlequicksearchbox/com.google.android.apps.gsa.googlequicksearchbox.GelStubAppWatcher
11-08 21:06:51.091  1430  1683 W BroadcastQueue: u0 Receiving a broadcast in packagecom.cncd.japan.janli.shudu requires a permissions review
11-08 21:06:51.091  1430  1683 W BroadcastQueue: Skipping delivery: permission review required for Intent { act=android.intent.action.PACKAGE_ADDED dat=package: flg=0x4000010 (has extras) } from null (pid=1430, uid=1000) to com.cncd.japan.janli.shudu/net.l.k.r
11-08 21:06:51.091  1430  1683 W BroadcastQueue: u0 Receiving a broadcast in packagecom.cncd.japan.janli.shudu requires a permissions review
11-08 21:06:51.091  1430  1683 W BroadcastQueue: Skipping delivery: permission review required for Intent { act=android.intent.action.PACKAGE_ADDED dat=package: flg=0x4000010 (has extras) } from null (pid=1430, uid=1000) to com.cncd.japan.janli.shudu/com.feiwofour.coverscreen.SR
11-08 21:06:51.091  1430  1683 W BroadcastQueue: u0 Receiving a broadcast in packagecom.games.mengmeizhitd requires a permissions review
11-08 21:06:51.091  1430  1683 W BroadcastQueue: Skipping delivery: permission review required for Intent { act=android.intent.action.PACKAGE_ADDED dat=package: flg=0x4000010 (has extras) } from null (pid=1430, uid=1000) to com.games.mengmeizhitd/hjnw.ihjnw.i.isqly
11-08 21:06:51.091  1430  1683 W BroadcastQueue: u0 Receiving a broadcast in packagecom.hgperfko.yaeghrwx requires a permissions review
11-08 21:06:51.091  1430  1683 W BroadcastQueue: Skipping delivery: permission review required for Intent { act=android.intent.action.PACKAGE_ADDED dat=package: flg=0x4000010 (has extras) } from null (pid=1430, uid=1000) to com.hgperfko.yaeghrwx/.core.hLytdCQDBv
11-08 21:06:51.091  1430  1683 W BroadcastQueue: u0 Receiving a broadcast in packagecom.qiuqiu.dfmc requires a permissions review
11-08 21:06:51.091  1430  1683 W BroadcastQueue: Skipping delivery: permission review required for Intent { act=android.intent.action.PACKAGE_ADDED dat=package: flg=0x4000010 (has extras) } from null (pid=1430, uid=1000) to com.qiuqiu.dfmc/cn.jpush.android.service.PushReceiver
11-08 21:06:51.091  1430  1683 W BroadcastQueue: u0 Receiving a broadcast in packagecom.safesys.viruskiller requires a permissions review
11-08 21:06:51.091  1430  1683 W BroadcastQueue: Skipping delivery: permission review required for Intent { act=android.intent.action.PACKAGE_ADDED dat=package: flg=0x4000010 (has extras) } from null (pid=1430, uid=1000) to com.safesys.viruskiller/.ScanPackageBroadcast
11-08 21:06:51.091  1430  1683 W BroadcastQueue: u0 Receiving a broadcast in packagecom.uc108.mobile.sdgj.bd1 requires a permissions review
11-08 21:06:51.091  1430  1683 W BroadcastQueue: Skipping delivery: permission review required for Intent { act=android.intent.action.PACKAGE_ADDED dat=package: flg=0x4000010 (has extras) } from null (pid=1430, uid=1000) to com.uc108.mobile.sdgj.bd1/com.baidu.tiebasdk.service.InstallReceiver
11-08 21:06:51.091  1430  1683 W BroadcastQueue: u0 Receiving a broadcast in packagecom.voicebianshengjinglingwc.wxl requires a permissions review
11-08 21:06:51.091  1430  1683 W BroadcastQueue: Skipping delivery: permission review required for Intent { act=android.intent.action.PACKAGE_ADDED dat=package: flg=0x4000010 (has extras) } from null (pid=1430, uid=1000) to com.voicebianshengjinglingwc.wxl/mp.ruu.Ztjjwrj
11-08 21:06:51.092  1430  1683 W BroadcastQueue: u0 Receiving a broadcast in packageio.dcloud.H5BC6BF13 requires a permissions review
11-08 21:06:51.092  1430  1683 W BroadcastQueue: Skipping delivery: permission review required for Intent { act=android.intent.action.PACKAGE_ADDED dat=package: flg=0x4000010 (has extras) } from null (pid=1430, uid=1000) to io.dcloud.H5BC6BF13/io.dcloud.common.adapter.io.DownloadReceiver
11-08 21:06:51.104  1430  1430 I Telecom : DefaultDialerCache: Refreshing default dialer for user 0: now com.google.android.dialer: DDC.oR@BYE
11-08 21:06:51.113  1430  1430 V BackupManagerConstants: getFullBackupIntervalMilliseconds(...) returns 86400000
11-08 21:06:51.113  1430  1430 V BackupManagerConstants: getFullBackupRequiredNetworkType(...) returns 2
11-08 21:06:51.114  1430  1430 V BackupManagerConstants: getFullBackupRequireCharging(...) returns true
