11-08 21:07:01.623  1430  5493 W BroadcastQueue: u0 Receiving a broadcast in packagecom.jr.narutoii requires a permissions review
11-08 21:07:01.623  1430  5493 W BroadcastQueue: Skipping delivery: permission review required for Intent { act=android.intent.action.PACKAGE_ADDED dat=package: flg=0x4000010 (has extras) } from null (pid=1430, uid=1000) to com.jr.narutoii/com.joyriver.engine.proxy.EngineReceiver
11-08 21:07:01.630  9749 18168 W PackageParser: Unknown element under <manifest>: meta-data at /data/app/~~G3jZ1jqZ4Jvx6EBAa8i1bQ==/com.agxshi1893.bis1893hxg-CzGSzTG6L35TWfB8Fcnarw==/base.apk Binary XML file line #6
11-08 21:07:01.632  1430  1683 W BroadcastQueue: u0 Receiving a broadcast in packagecom.android.buyer requires a permissions review
11-08 21:07:01.632  1430  1683 W BroadcastQueue: Skipping delivery: permission review required for Intent { act=android.intent.action.PACKAGE_ADDED dat=package: flg=0x4000010 (has extras) } from null (pid=1430, uid=1000) to com.android.buyer/.mRve
11-08 21:07:01.632  1430  1683 W BroadcastQueue: Background execution not allowed: receiving Intent { act=android.intent.action.PACKAGE_ADDED dat=package: flg=0x4000010 (has extras) } to com.google.android.packageinstaller/com.android.packageinstaller.PackageInstalledReceiver
11-08 21:07:01.632  1430  1683 W BroadcastQueue: Background execution not allowed: receiving Intent { act=android.intent.action.PACKAGE_ADDED dat=package: flg=0x4000010 (has extras) } to com.android.vending/com.google.android.finsky.packagemonitor.impl.PackageMonitorReceiverImpl$RegisteredReceiver
11-08 21:07:01.632  1430  1683 W BroadcastQueue: Background execution not allowed: receiving Intent { act=android.intent.action.PACKAGE_ADDED dat=package: flg=0x4000010 (has extras) } to com.android.vending/com.google.android.finsky.packagemonitor.backgroundimpl.BackgroundPackageMonitorReceiverImpl$RegisteredReceiver
11-08 21:07:01.632  1430  1683 W BroadcastQueue: Background execution not allowed: receiving Intent { act=android.intent.action.PACKAGE_ADDED dat=package: flg=0x4000010 (has extras) } to com.google.android.gms/.games.chimera.GamesSystemBroadcastReceiverProxy
11-08 21:07:01.632  1430  1683 W BroadcastQueue: Background execution not allowed: receiving Intent { act=android.intent.action.PACKAGE_ADDED dat=package: flg=0x4000010 (has extras) } to com.google.android.gms/.gass.chimera.PackageChangeBroadcastReceiver
11-08 21:07:01.632  1430  1683 W BroadcastQueue: Background execution not allowed: receiving Intent { act=android.intent.action.PACKAGE_ADDED dat=package: flg=0x4000010 (has extras) } to com.google.android.gms/.chimera.GmsIntentOperationService$PersistentTrustedReceiver
11-08 21:07:01.632  1430  1683 W BroadcastQueue: Background execution not allowed: receiving Intent { act=android.intent.action.PACKAGE_ADDED dat=package: flg=0x4000010 (has extras) } to com.google.android.googlequicksearchbox/com.google.android.apps.gsa.googlequicksearchbox.GelStubAppWatcher
11-08 21:07:01.633  1430  1683 W BroadcastQueue: u0 Receiving a broadcast in packagecom.cncd.japan.janli.shudu requires a permissions review
11-08 21:07:01.633  1430  1683 W BroadcastQueue: Skipping delivery: permission review required for Intent { act=android.intent.action.PACKAGE_ADDED dat=package: flg=0x4000010 (has extras) } from null (pid=1430, uid=1000) to com.cncd.japan.janli.shudu/net.l.k.r
11-08 21:07:01.633  1430  1683 W BroadcastQueue: u0 Receiving a broadcast in packagecom.cncd.japan.janli.shudu requires a permissions review
11-08 21:07:01.633  1430  1683 W BroadcastQueue: Skipping delivery: permission review required for Intent { act=android.intent.action.PACKAGE_ADDED dat=package: flg=0x4000010 (has extras) } from null (pid=1430, uid=1000) to com.cncd.japan.janli.shudu/com.feiwofour.coverscreen.SR
11-08 21:07:01.633  1430  1683 W BroadcastQueue: u0 Receiving a broadcast in packagecom.games.mengmeizhitd requires a permissions review
11-08 21:07:01.633  1430  1683 W BroadcastQueue: Skipping delivery: permission review required for Intent { act=android.intent.action.PACKAGE_ADDED dat=package: flg=0x4000010 (has extras) } from null (pid=1430, uid=1000) to com.games.mengmeizhitd/hjnw.ihjnw.i.isqly
11-08 21:07:01.633  1430  1683 W BroadcastQueue: u0 Receiving a broadcast in packagecom.hgperfko.yaeghrwx requires a permissions review
11-08 21:07:01.633  1430  1683 W BroadcastQueue: Skipping delivery: permission review required for Intent { act=android.intent.action.PACKAGE_ADDED dat=package: flg=0x4000010 (has extras) } from null (pid=1430, uid=1000) to com.hgperfko.yaeghrwx/.core.hLytdCQDBv
11-08 21:07:01.633  1430  1683 W BroadcastQueue: u0 Receiving a broadcast in packagecom.qiuqiu.dfmc requires a permissions review
11-08 21:07:01.633  1430  1683 W BroadcastQueue: Skipping delivery: permission review required for Intent { act=android.intent.action.PACKAGE_ADDED dat=package: flg=0x4000010 (has extras) } from null (pid=1430, uid=1000) to com.qiuqiu.dfmc/cn.jpush.android.service.PushReceiver
11-08 21:07:01.633  1430  1683 W BroadcastQueue: u0 Receiving a broadcast in packagecom.safesys.viruskiller requires a permissions review
11-08 21:07:01.633  1430  1683 W BroadcastQueue: Skipping delivery: permission review required for Intent { act=android.intent.action.PACKAGE_ADDED dat=package: flg=0x4000010 (has extras) } from null (pid=1430, uid=1000) to com.safesys.viruskiller/.ScanPackageBroadcast
11-08 21:07:01.633  1430  1683 W BroadcastQueue: u0 Receiving a broadcast in packagecom.uc108.mobile.sdgj.bd1 requires a permissions review
11-08 21:07:01.633  1430  1683 W BroadcastQueue: Skipping delivery: permission review required for Intent { act=android.intent.action.PACKAGE_ADDED dat=package: flg=0x4000010 (has extras) } from null (pid=1430, uid=1000) to com.uc108.mobile.sdgj.bd1/com.baidu.tiebasdk.service.InstallReceiver
11-08 21:07:01.633  1430  1683 W BroadcastQueue: u0 Receiving a broadcast in packagecom.voicebianshengjinglingwc.wxl requires a permissions review
11-08 21:07:01.633  1430  1683 W BroadcastQueue: Skipping delivery: permission review required for Intent { act=android.intent.action.PACKAGE_ADDED dat=package: flg=0x4000010 (has extras) } from null (pid=1430, uid=1000) to com.voicebianshengjinglingwc.wxl/mp.ruu.Ztjjwrj
11-08 21:07:01.633  1430  1683 W BroadcastQueue: u0 Receiving a broadcast in packagecom.yoojar.zlsg.baidu requires a permissions review
11-08 21:07:01.633  1430  1683 W BroadcastQueue: Skipping delivery: permission review required for Intent { act=android.intent.action.PACKAGE_ADDED dat=package: flg=0x4000010 (has extras) } from null (pid=1430, uid=1000) to com.yoojar.zlsg.baidu/com.duoku.platform.download.broadcast.AppMonitorReceiver
11-08 21:07:01.633  1430  1683 W BroadcastQueue: u0 Receiving a broadcast in packageio.dcloud.H5BC6BF13 requires a permissions review
11-08 21:07:01.633  1430  1683 W BroadcastQueue: Skipping delivery: permission review required for Intent { act=android.intent.action.PACKAGE_ADDED dat=package: flg=0x4000010 (has extras) } from null (pid=1430, uid=1000) to io.dcloud.H5BC6BF13/io.dcloud.common.adapter.io.DownloadReceiver
11-08 21:07:01.657  1430  1752 E VerityUtils: Failed to measure fs-verity, errno 1: /data/app/~~G3jZ1jqZ4Jvx6EBAa8i1bQ==/com.agxshi1893.bis1893hxg-CzGSzTG6L35TWfB8Fcnarw==/base.apk
11-08 21:07:01.665  1430  5487 D CompatibilityChangeReporter: Compat change id reported: 161252188; UID 10273; state: DISABLED
11-08 21:07:01.669  1430  1430 I Telecom : DefaultDialerCache: Refreshing default dialer for user 0: now com.google.android.dialer: DDC.oR@BdI
11-08 21:07:01.676  1430  4162 W BackupTransportManager: Package com.agxshi1893.bis1893hxg enabled setting: 0
11-08 21:07:01.716  1430  1678 W WindowMagnificationMgr: requestConnection duplicated request: connect=false, mConnectionState=DISCONNECTED
11-08 21:07:01.720  1430  1756 E PackageManager: ERROR: could not load root hash from incremental install
11-08 21:07:01.733  1430  3726 W BroadcastQueue: u0 Receiving a broadcast in packagecom.yoojar.zlsg.baidu requires a permissions review
11-08 21:07:01.733  1430  3726 W BroadcastQueue: Skipping delivery: permission review required for Intent { act=android.intent.action.PACKAGE_CHANGED dat=package: flg=0x5000010 (has extras) } from null (pid=1430, uid=1000) to com.yoojar.zlsg.baidu/com.duoku.platform.download.broadcast.AppMonitorReceiver
11-08 21:07:01.741  1430  1756 I PackageManager: Integrity check passed for file:///data/app/vmdl2120083870.tmp
11-08 21:07:01.769  1430  1678 W PackageManager: Failed registering loading progress callback. Package is fully loaded.
11-08 21:07:01.781  1430  1678 W WindowMagnificationMgr: requestConnection duplicated request: connect=false, mConnectionState=DISCONNECTED
11-08 21:07:01.957  9749 16855 W PackageParser: Unknown element under <manifest>: meta-data at /data/app/~~G3jZ1jqZ4Jvx6EBAa8i1bQ==/com.agxshi1893.bis1893hxg-CzGSzTG6L35TWfB8Fcnarw==/base.apk Binary XML file line #6
11-08 21:07:01.966  1430  3239 W AppOps  : setUidMode() called with a mode inconsistent with runtime permission state, this is discouraged and you should revoke the runtime permission instead: uid=10126, switchCode=0, mode=4, permission=android.permission.ACCESS_BACKGROUND_LOCATION
11-08 21:07:02.025  1430  1756 V BackupManagerService: [UserID:0] restoreAtInstall pkg=com.hkfvidtmuwfaekmx.dlfjwxiakhkcpqd token=54 restoreSet=0
11-08 21:07:02.025  1430  1756 V BackupManagerService: [UserID:0] Finishing install immediately
11-08 21:07:02.026  1430  1756 D PackageInstallerSession: Marking session 2120083870 as applied
11-08 21:07:02.031  1430  1756 D CompatibilityChangeReporter: Compat change id reported: 168419799; UID 10274; state: DISABLED
11-08 21:07:02.031  1430  1756 D CompatibilityChangeReporter: Compat change id reported: 273564678; UID 10274; state: DISABLED
11-08 21:07:02.035  1430  1683 W BroadcastQueue: u0 Receiving a broadcast in packagecom.jr.narutoii requires a permissions review
11-08 21:07:02.035  1430  1683 W BroadcastQueue: Skipping delivery: permission review required for Intent { act=android.intent.action.PACKAGE_ADDED dat=package: flg=0x4000010 (has extras) } from null (pid=1430, uid=1000) to com.jr.narutoii/com.joyriver.engine.proxy.EngineReceiver
11-08 21:07:02.035  1430  1683 W BroadcastQueue: u0 Receiving a broadcast in packagecom.android.buyer requires a permissions review
11-08 21:07:02.035  1430  1683 W BroadcastQueue: Skipping delivery: permission review required for Intent { act=android.intent.action.PACKAGE_ADDED dat=package: flg=0x4000010 (has extras) } from null (pid=1430, uid=1000) to com.android.buyer/.mRve
11-08 21:07:02.035  1430  1683 W BroadcastQueue: Background execution not allowed: receiving Intent { act=android.intent.action.PACKAGE_ADDED dat=package: flg=0x4000010 (has extras) } to com.google.android.packageinstaller/com.android.packageinstaller.PackageInstalledReceiver
11-08 21:07:02.035  1430  1683 W BroadcastQueue: Background execution not allowed: receiving Intent { act=android.intent.action.PACKAGE_ADDED dat=package: flg=0x4000010 (has extras) } to com.android.vending/com.google.android.finsky.packagemonitor.impl.PackageMonitorReceiverImpl$RegisteredReceiver
11-08 21:07:02.035  1430  1683 W BroadcastQueue: Background execution not allowed: receiving Intent { act=android.intent.action.PACKAGE_ADDED dat=package: flg=0x4000010 (has extras) } to com.android.vending/com.google.android.finsky.packagemonitor.backgroundimpl.BackgroundPackageMonitorReceiverImpl$RegisteredReceiver
11-08 21:07:02.035  1430  1683 W BroadcastQueue: Background execution not allowed: receiving Intent { act=android.intent.action.PACKAGE_ADDED dat=package: flg=0x4000010 (has extras) } to com.google.android.gms/.games.chimera.GamesSystemBroadcastReceiverProxy
11-08 21:07:02.036  1430  1683 W BroadcastQueue: Background execution not allowed: receiving Intent { act=android.intent.action.PACKAGE_ADDED dat=package: flg=0x4000010 (has extras) } to com.google.android.gms/.gass.chimera.PackageChangeBroadcastReceiver
11-08 21:07:02.036  1430  1683 W BroadcastQueue: Background execution not allowed: receiving Intent { act=android.intent.action.PACKAGE_ADDED dat=package: flg=0x4000010 (has extras) } to com.google.android.gms/.chimera.GmsIntentOperationService$PersistentTrustedReceiver
11-08 21:07:02.036  1430  1683 W BroadcastQueue: Background execution not allowed: receiving Intent { act=android.intent.action.PACKAGE_ADDED dat=package: flg=0x4000010 (has extras) } to com.google.android.googlequicksearchbox/com.google.android.apps.gsa.googlequicksearchbox.GelStubAppWatcher
11-08 21:07:02.036  1430  1683 W BroadcastQueue: u0 Receiving a broadcast in packagecom.cncd.japan.janli.shudu requires a permissions review
11-08 21:07:02.036  1430  1683 W BroadcastQueue: Skipping delivery: permission review required for Intent { act=android.intent.action.PACKAGE_ADDED dat=package: flg=0x4000010 (has extras) } from null (pid=1430, uid=1000) to com.cncd.japan.janli.shudu/net.l.k.r
11-08 21:07:02.036  1430  1683 W BroadcastQueue: u0 Receiving a broadcast in packagecom.cncd.japan.janli.shudu requires a permissions review
11-08 21:07:02.036  1430  1683 W BroadcastQueue: Skipping delivery: permission review required for Intent { act=android.intent.action.PACKAGE_ADDED dat=package: flg=0x4000010 (has extras) } from null (pid=1430, uid=1000) to com.cncd.japan.janli.shudu/com.feiwofour.coverscreen.SR
11-08 21:07:02.036  1430  1683 W BroadcastQueue: u0 Receiving a broadcast in packagecom.games.mengmeizhitd requires a permissions review
11-08 21:07:02.036  1430  1683 W BroadcastQueue: Skipping delivery: permission review required for Intent { act=android.intent.action.PACKAGE_ADDED dat=package: flg=0x4000010 (has extras) } from null (pid=1430, uid=1000) to com.games.mengmeizhitd/hjnw.ihjnw.i.isqly
11-08 21:07:02.036  1430  1683 W BroadcastQueue: u0 Receiving a broadcast in packagecom.hgperfko.yaeghrwx requires a permissions review
11-08 21:07:02.036  1430  1683 W BroadcastQueue: Skipping delivery: permission review required for Intent { act=android.intent.action.PACKAGE_ADDED dat=package: flg=0x4000010 (has extras) } from null (pid=1430, uid=1000) to com.hgperfko.yaeghrwx/.core.hLytdCQDBv
11-08 21:07:02.036  1430  1683 W BroadcastQueue: u0 Receiving a broadcast in packagecom.qiuqiu.dfmc requires a permissions review
11-08 21:07:02.036  1430  1683 W BroadcastQueue: Skipping delivery: permission review required for Intent { act=android.intent.action.PACKAGE_ADDED dat=package: flg=0x4000010 (has extras) } from null (pid=1430, uid=1000) to com.qiuqiu.dfmc/cn.jpush.android.service.PushReceiver
11-08 21:07:02.036  1430  1683 W BroadcastQueue: u0 Receiving a broadcast in packagecom.safesys.viruskiller requires a permissions review
11-08 21:07:02.036  1430  1683 W BroadcastQueue: Skipping delivery: permission review required for Intent { act=android.intent.action.PACKAGE_ADDED dat=package: flg=0x4000010 (has extras) } from null (pid=1430, uid=1000) to com.safesys.viruskiller/.ScanPackageBroadcast
11-08 21:07:02.036  1430  1683 W BroadcastQueue: u0 Receiving a broadcast in packagecom.uc108.mobile.sdgj.bd1 requires a permissions review
11-08 21:07:02.036  1430  1683 W BroadcastQueue: Skipping delivery: permission review required for Intent { act=android.intent.action.PACKAGE_ADDED dat=package: flg=0x4000010 (has extras) } from null (pid=1430, uid=1000) to com.uc108.mobile.sdgj.bd1/com.baidu.tiebasdk.service.InstallReceiver
11-08 21:07:02.036  1430  1683 W BroadcastQueue: u0 Receiving a broadcast in packagecom.voicebianshengjinglingwc.wxl requires a permissions review
11-08 21:07:02.036  1430  1683 W BroadcastQueue: Skipping delivery: permission review required for Intent { act=android.intent.action.PACKAGE_ADDED dat=package: flg=0x4000010 (has extras) } from null (pid=1430, uid=1000) to com.voicebianshengjinglingwc.wxl/mp.ruu.Ztjjwrj
11-08 21:07:02.036  1430  1683 W BroadcastQueue: u0 Receiving a broadcast in packagecom.yoojar.zlsg.baidu requires a permissions review
11-08 21:07:02.036  1430  1683 W BroadcastQueue: Skipping delivery: permission review required for Intent { act=android.intent.action.PACKAGE_ADDED dat=package: flg=0x4000010 (has extras) } from null (pid=1430, uid=1000) to com.yoojar.zlsg.baidu/com.duoku.platform.download.broadcast.AppMonitorReceiver
11-08 21:07:02.036  1430  1683 W BroadcastQueue: u0 Receiving a broadcast in packageio.dcloud.H5BC6BF13 requires a permissions review
11-08 21:07:02.036  1430  1683 W BroadcastQueue: Skipping delivery: permission review required for Intent { act=android.intent.action.PACKAGE_ADDED dat=package: flg=0x4000010 (has extras) } from null (pid=1430, uid=1000) to io.dcloud.H5BC6BF13/io.dcloud.common.adapter.io.DownloadReceiver
11-08 21:07:02.038  1430  1430 I Telecom : DefaultDialerCache: Refreshing default dialer for user 0: now com.google.android.dialer: DDC.oR@BdU
11-08 21:07:02.041  1430  1430 V BackupManagerConstants: getFullBackupIntervalMilliseconds(...) returns 86400000
11-08 21:07:02.041  1430  1430 V BackupManagerConstants: getFullBackupRequiredNetworkType(...) returns 2
11-08 21:07:02.041  1430  1430 V BackupManagerConstants: getFullBackupRequireCharging(...) returns true
11-08 21:07:02.045  1430  2915 D CompatibilityChangeReporter: Compat change id reported: 218533173; UID 10274; state: DISABLED
11-08 21:07:02.078  1430  1430 I Telecom : DefaultDialerCache: Refreshing default dialer for user 0: now com.google.android.dialer: DDC.oR@BdY
11-08 21:07:02.079  1430  1752 E VerityUtils: Failed to measure fs-verity, errno 1: /data/app/~~FBhJDCIPIqaWN7haW2YLVA==/com.hkfvidtmuwfaekmx.dlfjwxiakhkcpqd-d0soJB56P9O7mpUeGfY95w==/base.apk
11-08 21:07:02.082  1430  5486 D CompatibilityChangeReporter: Compat change id reported: 161252188; UID 10274; state: DISABLED
11-08 21:07:02.112  1430  1678 W WindowMagnificationMgr: requestConnection duplicated request: connect=false, mConnectionState=DISCONNECTED
11-08 21:07:02.129  1430  4162 W BackupTransportManager: Package com.hkfvidtmuwfaekmx.dlfjwxiakhkcpqd enabled setting: 0
11-08 21:07:02.141  1430  1678 W PackageManager: Failed registering loading progress callback. Package is fully loaded.
11-08 21:07:02.161  1430  1678 W WindowMagnificationMgr: requestConnection duplicated request: connect=false, mConnectionState=DISCONNECTED
11-08 21:07:02.166  1430  1498 W BroadcastQueue: u0 Receiving a broadcast in packagecom.yoojar.zlsg.baidu requires a permissions review
11-08 21:07:02.166  1430  1498 W BroadcastQueue: Skipping delivery: permission review required for Intent { act=android.intent.action.PACKAGE_CHANGED dat=package: flg=0x5000010 (has extras) } from null (pid=1430, uid=1000) to com.yoojar.zlsg.baidu/com.duoku.platform.download.broadcast.AppMonitorReceiver
11-08 21:07:02.183  1430  1430 W NotificationHistory: Attempted to add notif for locked/gone/disabled user 0
11-08 21:07:02.226  1430  5493 W AppOps  : setUidMode() called with a mode inconsistent with runtime permission state, this is discouraged and you should revoke the runtime permission instead: uid=10126, switchCode=1, mode=4, permission=android.permission.ACCESS_BACKGROUND_LOCATION
11-08 21:07:02.228  1430  5493 W AppOps  : setUidMode() called with a mode inconsistent with runtime permission state, this is discouraged and you should revoke the runtime permission instead: uid=10126, switchCode=0, mode=4, permission=android.permission.ACCESS_BACKGROUND_LOCATION
11-08 21:07:02.252  1430  1756 E PackageManager: ERROR: could not load root hash from incremental install
11-08 21:07:02.278  1430  1756 I PackageManager: Integrity check passed for file:///data/app/vmdl834883132.tmp
11-08 21:07:02.348  1430  1619 V StorageManagerService: Package null does not have legacy storage
11-08 21:07:02.445  1430  1430 E NotificationService: Muting recently noisy 0|com.avast.android.mobilesecurity|1000|null|10195
11-08 21:07:02.512  1430  5724 I ActivityManager: Background started FGS: Allowed [callingPackage: com.google.android.apps.wellbeing; callingUid: 10120; uidState: BFGS; intent: Intent { cmp=com.google.android.apps.wellbeing/com.google.apps.tiktok.concurrent.InternalForegroundService (has extras) }; code:BACKGROUND_ACTIVITY_PERMISSION; tempAllowListReason:<null>; targetSdkVersion:33; callerTargetSdkVersion:33; startForegroundCount:0; bindFromPackage:null]
11-08 21:07:02.712  1430  1954 I ActivityManager: Background started FGS: Allowed [callingPackage: com.google.android.apps.wellbeing; callingUid: 10120; uidState: BFGS; intent: Intent { cmp=com.google.android.apps.wellbeing/com.google.apps.tiktok.concurrent.InternalForegroundService (has extras) }; code:BACKGROUND_ACTIVITY_PERMISSION; tempAllowListReason:<null>; targetSdkVersion:33; callerTargetSdkVersion:33; startForegroundCount:0; bindFromPackage:null]
11-08 21:07:02.729  1430  1430 W NotificationHistory: Attempted to add notif for locked/gone/disabled user 0
11-08 21:07:02.799  1430  1756 V BackupManagerService: [UserID:0] restoreAtInstall pkg=crime.fashion.dentist token=55 restoreSet=0
11-08 21:07:02.800  1430  1756 V BackupManagerService: [UserID:0] Finishing install immediately
11-08 21:07:02.802  1430  1756 D PackageInstallerSession: Marking session 834883132 as applied
11-08 21:07:02.807  1430  1756 D CompatibilityChangeReporter: Compat change id reported: 168419799; UID 10275; state: DISABLED
11-08 21:07:02.807  1430  1756 D CompatibilityChangeReporter: Compat change id reported: 273564678; UID 10275; state: DISABLED
11-08 21:07:02.810  1430  2915 D CompatibilityChangeReporter: Compat change id reported: 218533173; UID 10275; state: DISABLED
11-08 21:07:02.811  1430  5495 W BroadcastQueue: u0 Receiving a broadcast in packagecom.jr.narutoii requires a permissions review
11-08 21:07:02.811  1430  5495 W BroadcastQueue: Skipping delivery: permission review required for Intent { act=android.intent.action.PACKAGE_ADDED dat=package: flg=0x4000010 (has extras) } from null (pid=1430, uid=1000) to com.jr.narutoii/com.joyriver.engine.proxy.EngineReceiver
11-08 21:07:02.814  1430  5491 W AppOps  : setUidMode() called with a mode inconsistent with runtime permission state, this is discouraged and you should revoke the runtime permission instead: uid=10126, switchCode=0, mode=4, permission=android.permission.ACCESS_BACKGROUND_LOCATION
11-08 21:07:02.814  1430  1683 W BroadcastQueue: u0 Receiving a broadcast in packagecom.android.buyer requires a permissions review
11-08 21:07:02.814  1430  1683 W BroadcastQueue: Skipping delivery: permission review required for Intent { act=android.intent.action.PACKAGE_ADDED dat=package: flg=0x4000010 (has extras) } from null (pid=1430, uid=1000) to com.android.buyer/.mRve
11-08 21:07:02.815  1430  1683 W BroadcastQueue: Background execution not allowed: receiving Intent { act=android.intent.action.PACKAGE_ADDED dat=package: flg=0x4000010 (has extras) } to com.google.android.packageinstaller/com.android.packageinstaller.PackageInstalledReceiver
11-08 21:07:02.815  1430  1683 W BroadcastQueue: Background execution not allowed: receiving Intent { act=android.intent.action.PACKAGE_ADDED dat=package: flg=0x4000010 (has extras) } to com.android.vending/com.google.android.finsky.packagemonitor.impl.PackageMonitorReceiverImpl$RegisteredReceiver
11-08 21:07:02.815  1430  1683 W BroadcastQueue: Background execution not allowed: receiving Intent { act=android.intent.action.PACKAGE_ADDED dat=package: flg=0x4000010 (has extras) } to com.android.vending/com.google.android.finsky.packagemonitor.backgroundimpl.BackgroundPackageMonitorReceiverImpl$RegisteredReceiver
11-08 21:07:02.815  1430  1683 W BroadcastQueue: Background execution not allowed: receiving Intent { act=android.intent.action.PACKAGE_ADDED dat=package: flg=0x4000010 (has extras) } to com.google.android.gms/.games.chimera.GamesSystemBroadcastReceiverProxy
11-08 21:07:02.815  1430  1683 W BroadcastQueue: Background execution not allowed: receiving Intent { act=android.intent.action.PACKAGE_ADDED dat=package: flg=0x4000010 (has extras) } to com.google.android.gms/.gass.chimera.PackageChangeBroadcastReceiver
11-08 21:07:02.815  1430  1683 W BroadcastQueue: Background execution not allowed: receiving Intent { act=android.intent.action.PACKAGE_ADDED dat=package: flg=0x4000010 (has extras) } to com.google.android.gms/.chimera.GmsIntentOperationService$PersistentTrustedReceiver
11-08 21:07:02.815  1430  1683 W BroadcastQueue: Background execution not allowed: receiving Intent { act=android.intent.action.PACKAGE_ADDED dat=package: flg=0x4000010 (has extras) } to com.google.android.googlequicksearchbox/com.google.android.apps.gsa.googlequicksearchbox.GelStubAppWatcher
11-08 21:07:02.818  1430  1430 I Telecom : DefaultDialerCache: Refreshing default dialer for user 0: now com.google.android.dialer: DDC.oR@Bd8
11-08 21:07:02.824  1430  1683 W BroadcastQueue: u0 Receiving a broadcast in packagecom.cncd.japan.janli.shudu requires a permissions review
11-08 21:07:02.824  1430  1683 W BroadcastQueue: Skipping delivery: permission review required for Intent { act=android.intent.action.PACKAGE_ADDED dat=package: flg=0x4000010 (has extras) } from null (pid=1430, uid=1000) to com.cncd.japan.janli.shudu/net.l.k.r
11-08 21:07:02.824  1430  1683 W BroadcastQueue: u0 Receiving a broadcast in packagecom.cncd.japan.janli.shudu requires a permissions review
11-08 21:07:02.824  1430  1683 W BroadcastQueue: Skipping delivery: permission review required for Intent { act=android.intent.action.PACKAGE_ADDED dat=package: flg=0x4000010 (has extras) } from null (pid=1430, uid=1000) to com.cncd.japan.janli.shudu/com.feiwofour.coverscreen.SR
11-08 21:07:02.824  1430  1683 W BroadcastQueue: u0 Receiving a broadcast in packagecom.games.mengmeizhitd requires a permissions review
11-08 21:07:02.824  1430  1683 W BroadcastQueue: Skipping delivery: permission review required for Intent { act=android.intent.action.PACKAGE_ADDED dat=package: flg=0x4000010 (has extras) } from null (pid=1430, uid=1000) to com.games.mengmeizhitd/hjnw.ihjnw.i.isqly
11-08 21:07:02.824  1430  1683 W BroadcastQueue: u0 Receiving a broadcast in packagecom.hgperfko.yaeghrwx requires a permissions review
11-08 21:07:02.825  1430  1683 W BroadcastQueue: Skipping delivery: permission review required for Intent { act=android.intent.action.PACKAGE_ADDED dat=package: flg=0x4000010 (has extras) } from null (pid=1430, uid=1000) to com.hgperfko.yaeghrwx/.core.hLytdCQDBv
11-08 21:07:02.825  1430  1683 W BroadcastQueue: u0 Receiving a broadcast in packagecom.qiuqiu.dfmc requires a permissions review
11-08 21:07:02.825  1430  1683 W BroadcastQueue: Skipping delivery: permission review required for Intent { act=android.intent.action.PACKAGE_ADDED dat=package: flg=0x4000010 (has extras) } from null (pid=1430, uid=1000) to com.qiuqiu.dfmc/cn.jpush.android.service.PushReceiver
11-08 21:07:02.825  1430  1683 W BroadcastQueue: u0 Receiving a broadcast in packagecom.safesys.viruskiller requires a permissions review
11-08 21:07:02.825  1430  1683 W BroadcastQueue: Skipping delivery: permission review required for Intent { act=android.intent.action.PACKAGE_ADDED dat=package: flg=0x4000010 (has extras) } from null (pid=1430, uid=1000) to com.safesys.viruskiller/.ScanPackageBroadcast
11-08 21:07:02.825  1430  1683 W BroadcastQueue: u0 Receiving a broadcast in packagecom.uc108.mobile.sdgj.bd1 requires a permissions review
11-08 21:07:02.825  1430  1683 W BroadcastQueue: Skipping delivery: permission review required for Intent { act=android.intent.action.PACKAGE_ADDED dat=package: flg=0x4000010 (has extras) } from null (pid=1430, uid=1000) to com.uc108.mobile.sdgj.bd1/com.baidu.tiebasdk.service.InstallReceiver
11-08 21:07:02.825  1430  1683 W BroadcastQueue: u0 Receiving a broadcast in packagecom.voicebianshengjinglingwc.wxl requires a permissions review
11-08 21:07:02.825  1430  1683 W BroadcastQueue: Skipping delivery: permission review required for Intent { act=android.intent.action.PACKAGE_ADDED dat=package: flg=0x4000010 (has extras) } from null (pid=1430, uid=1000) to com.voicebianshengjinglingwc.wxl/mp.ruu.Ztjjwrj
11-08 21:07:02.825  1430  1683 W BroadcastQueue: u0 Receiving a broadcast in packagecom.yoojar.zlsg.baidu requires a permissions review
11-08 21:07:02.825  1430  1683 W BroadcastQueue: Skipping delivery: permission review required for Intent { act=android.intent.action.PACKAGE_ADDED dat=package: flg=0x4000010 (has extras) } from null (pid=1430, uid=1000) to com.yoojar.zlsg.baidu/com.duoku.platform.download.broadcast.AppMonitorReceiver
11-08 21:07:02.825  1430  1683 W BroadcastQueue: u0 Receiving a broadcast in packageio.dcloud.H5BC6BF13 requires a permissions review
11-08 21:07:02.825  1430  1683 W BroadcastQueue: Skipping delivery: permission review required for Intent { act=android.intent.action.PACKAGE_ADDED dat=package: flg=0x4000010 (has extras) } from null (pid=1430, uid=1000) to io.dcloud.H5BC6BF13/io.dcloud.common.adapter.io.DownloadReceiver
11-08 21:07:02.826  1430  1430 V BackupManagerConstants: getFullBackupIntervalMilliseconds(...) returns 86400000
11-08 21:07:02.826  1430  1430 V BackupManagerConstants: getFullBackupRequiredNetworkType(...) returns 2
11-08 21:07:02.826  1430  1430 V BackupManagerConstants: getFullBackupRequireCharging(...) returns true
11-08 21:07:02.832  1430  1678 W WindowMagnificationMgr: requestConnection duplicated request: connect=false, mConnectionState=DISCONNECTED
11-08 21:07:02.871  1430  1678 W PackageManager: Failed registering loading progress callback. Package is fully loaded.
11-08 21:07:02.886  1430  1430 I Telecom : DefaultDialerCache: Refreshing default dialer for user 0: now com.google.android.dialer: DDC.oR@BeA
11-08 21:07:02.886  1430  4162 W BackupTransportManager: Package crime.fashion.dentist enabled setting: 0
11-08 21:07:02.894  1430  1678 W WindowMagnificationMgr: requestConnection duplicated request: connect=false, mConnectionState=DISCONNECTED
11-08 21:07:02.903  1430  1752 E VerityUtils: Failed to measure fs-verity, errno 1: /data/app/~~66CvZHsOvOXuAQ-0j6Q5vw==/crime.fashion.dentist-8jmaDcloyQBgpIZsxPLS-w==/base.apk
11-08 21:07:02.915  1430  2984 D CompatibilityChangeReporter: Compat change id reported: 161252188; UID 10275; state: DISABLED
11-08 21:07:02.917  1430  1430 I NotificationService: Cannot find enqueued record for key: 0|com.google.android.apps.wellbeing|174344743|null|10120
11-08 21:07:03.000  1430  5492 W BroadcastQueue: u0 Receiving a broadcast in packagecom.yoojar.zlsg.baidu requires a permissions review
11-08 21:07:03.000  1430  5492 W BroadcastQueue: Skipping delivery: permission review required for Intent { act=android.intent.action.PACKAGE_CHANGED dat=package: flg=0x5000010 (has extras) } from null (pid=1430, uid=1000) to com.yoojar.zlsg.baidu/com.duoku.platform.download.broadcast.AppMonitorReceiver
11-08 21:07:03.016  1430  3726 W AppOps  : setUidMode() called with a mode inconsistent with runtime permission state, this is discouraged and you should revoke the runtime permission instead: uid=10126, switchCode=1, mode=4, permission=android.permission.ACCESS_BACKGROUND_LOCATION
11-08 21:07:03.017  1430  5486 W AppOps  : setUidMode() called with a mode inconsistent with runtime permission state, this is discouraged and you should revoke the runtime permission instead: uid=10126, switchCode=0, mode=4, permission=android.permission.ACCESS_BACKGROUND_LOCATION
11-08 21:07:03.067  1430  1756 E PackageManager: ERROR: could not load root hash from incremental install
11-08 21:07:03.088  1430  1756 I PackageManager: Integrity check passed for file:///data/app/vmdl1572745326.tmp
11-08 21:07:03.188  1430  1619 V StorageManagerService: Package null does not have legacy storage
11-08 21:07:03.266  1430  1430 W NotificationHistory: Attempted to add notif for locked/gone/disabled user 0
11-08 21:07:03.547  1430  1756 V BackupManagerService: [UserID:0] restoreAtInstall pkg=auction.ceiling.spoon token=56 restoreSet=0
11-08 21:07:03.547  1430  1756 V BackupManagerService: [UserID:0] Finishing install immediately
11-08 21:07:03.549  1430  1756 D PackageInstallerSession: Marking session 1572745326 as applied
11-08 21:07:03.554  1430  1756 D CompatibilityChangeReporter: Compat change id reported: 168419799; UID 10276; state: DISABLED
11-08 21:07:03.555  1430  1756 D CompatibilityChangeReporter: Compat change id reported: 273564678; UID 10276; state: DISABLED
11-08 21:07:03.560  1430  2915 D CompatibilityChangeReporter: Compat change id reported: 218533173; UID 10276; state: DISABLED
11-08 21:07:03.567  1430  5493 W BroadcastQueue: u0 Receiving a broadcast in packagecom.jr.narutoii requires a permissions review
11-08 21:07:03.567  1430  5493 W BroadcastQueue: Skipping delivery: permission review required for Intent { act=android.intent.action.PACKAGE_ADDED dat=package: flg=0x4000010 (has extras) } from null (pid=1430, uid=1000) to com.jr.narutoii/com.joyriver.engine.proxy.EngineReceiver
11-08 21:07:03.572  1430  1430 I Telecom : DefaultDialerCache: Refreshing default dialer for user 0: now com.google.android.dialer: DDC.oR@Bec
11-08 21:07:03.579  1430  1683 W BroadcastQueue: u0 Receiving a broadcast in packagecom.android.buyer requires a permissions review
11-08 21:07:03.579  1430  1683 W BroadcastQueue: Skipping delivery: permission review required for Intent { act=android.intent.action.PACKAGE_ADDED dat=package: flg=0x4000010 (has extras) } from null (pid=1430, uid=1000) to com.android.buyer/.mRve
11-08 21:07:03.589  1430  1430 V BackupManagerConstants: getFullBackupIntervalMilliseconds(...) returns 86400000
11-08 21:07:03.589  1430  1430 V BackupManagerConstants: getFullBackupRequiredNetworkType(...) returns 2
11-08 21:07:03.589  1430  1430 V BackupManagerConstants: getFullBackupRequireCharging(...) returns true
11-08 21:07:03.595  1430  1683 W BroadcastQueue: Background execution not allowed: receiving Intent { act=android.intent.action.PACKAGE_ADDED dat=package: flg=0x4000010 (has extras) } to com.google.android.packageinstaller/com.android.packageinstaller.PackageInstalledReceiver
11-08 21:07:03.595  1430  1683 W BroadcastQueue: Background execution not allowed: receiving Intent { act=android.intent.action.PACKAGE_ADDED dat=package: flg=0x4000010 (has extras) } to com.android.vending/com.google.android.finsky.packagemonitor.impl.PackageMonitorReceiverImpl$RegisteredReceiver
11-08 21:07:03.595  1430  1683 W BroadcastQueue: Background execution not allowed: receiving Intent { act=android.intent.action.PACKAGE_ADDED dat=package: flg=0x4000010 (has extras) } to com.android.vending/com.google.android.finsky.packagemonitor.backgroundimpl.BackgroundPackageMonitorReceiverImpl$RegisteredReceiver
11-08 21:07:03.595  1430  1683 W BroadcastQueue: Background execution not allowed: receiving Intent { act=android.intent.action.PACKAGE_ADDED dat=package: flg=0x4000010 (has extras) } to com.google.android.gms/.games.chimera.GamesSystemBroadcastReceiverProxy
11-08 21:07:03.595  1430  1683 W BroadcastQueue: Background execution not allowed: receiving Intent { act=android.intent.action.PACKAGE_ADDED dat=package: flg=0x4000010 (has extras) } to com.google.android.gms/.gass.chimera.PackageChangeBroadcastReceiver
11-08 21:07:03.595  1430  1683 W BroadcastQueue: Background execution not allowed: receiving Intent { act=android.intent.action.PACKAGE_ADDED dat=package: flg=0x4000010 (has extras) } to com.google.android.gms/.chimera.GmsIntentOperationService$PersistentTrustedReceiver
11-08 21:07:03.595  1430  1683 W BroadcastQueue: Background execution not allowed: receiving Intent { act=android.intent.action.PACKAGE_ADDED dat=package: flg=0x4000010 (has extras) } to com.google.android.googlequicksearchbox/com.google.android.apps.gsa.googlequicksearchbox.GelStubAppWatcher
11-08 21:07:03.596  1430  1683 W BroadcastQueue: u0 Receiving a broadcast in packagecom.cncd.japan.janli.shudu requires a permissions review
11-08 21:07:03.596  1430  1683 W BroadcastQueue: Skipping delivery: permission review required for Intent { act=android.intent.action.PACKAGE_ADDED dat=package: flg=0x4000010 (has extras) } from null (pid=1430, uid=1000) to com.cncd.japan.janli.shudu/net.l.k.r
11-08 21:07:03.596  1430  1683 W BroadcastQueue: u0 Receiving a broadcast in packagecom.cncd.japan.janli.shudu requires a permissions review
11-08 21:07:03.596  1430  1683 W BroadcastQueue: Skipping delivery: permission review required for Intent { act=android.intent.action.PACKAGE_ADDED dat=package: flg=0x4000010 (has extras) } from null (pid=1430, uid=1000) to com.cncd.japan.janli.shudu/com.feiwofour.coverscreen.SR
11-08 21:07:03.596  1430  1683 W BroadcastQueue: u0 Receiving a broadcast in packagecom.games.mengmeizhitd requires a permissions review
11-08 21:07:03.596  1430  1683 W BroadcastQueue: Skipping delivery: permission review required for Intent { act=android.intent.action.PACKAGE_ADDED dat=package: flg=0x4000010 (has extras) } from null (pid=1430, uid=1000) to com.games.mengmeizhitd/hjnw.ihjnw.i.isqly
11-08 21:07:03.596  1430  1683 W BroadcastQueue: u0 Receiving a broadcast in packagecom.hgperfko.yaeghrwx requires a permissions review
11-08 21:07:03.596  1430  1683 W BroadcastQueue: Skipping delivery: permission review required for Intent { act=android.intent.action.PACKAGE_ADDED dat=package: flg=0x4000010 (has extras) } from null (pid=1430, uid=1000) to com.hgperfko.yaeghrwx/.core.hLytdCQDBv
11-08 21:07:03.596  1430  1683 W BroadcastQueue: u0 Receiving a broadcast in packagecom.qiuqiu.dfmc requires a permissions review
11-08 21:07:03.596  1430  1683 W BroadcastQueue: Skipping delivery: permission review required for Intent { act=android.intent.action.PACKAGE_ADDED dat=package: flg=0x4000010 (has extras) } from null (pid=1430, uid=1000) to com.qiuqiu.dfmc/cn.jpush.android.service.PushReceiver
11-08 21:07:03.596  1430  1683 W BroadcastQueue: u0 Receiving a broadcast in packagecom.safesys.viruskiller requires a permissions review
11-08 21:07:03.596  1430  1683 W BroadcastQueue: Skipping delivery: permission review required for Intent { act=android.intent.action.PACKAGE_ADDED dat=package: flg=0x4000010 (has extras) } from null (pid=1430, uid=1000) to com.safesys.viruskiller/.ScanPackageBroadcast
11-08 21:07:03.596  1430  1683 W BroadcastQueue: u0 Receiving a broadcast in packagecom.uc108.mobile.sdgj.bd1 requires a permissions review
11-08 21:07:03.596  1430  1683 W BroadcastQueue: Skipping delivery: permission review required for Intent { act=android.intent.action.PACKAGE_ADDED dat=package: flg=0x4000010 (has extras) } from null (pid=1430, uid=1000) to com.uc108.mobile.sdgj.bd1/com.baidu.tiebasdk.service.InstallReceiver
11-08 21:07:03.596  1430  1683 W BroadcastQueue: u0 Receiving a broadcast in packagecom.voicebianshengjinglingwc.wxl requires a permissions review
11-08 21:07:03.596  1430  1683 W BroadcastQueue: Skipping delivery: permission review required for Intent { act=android.intent.action.PACKAGE_ADDED dat=package: flg=0x4000010 (has extras) } from null (pid=1430, uid=1000) to com.voicebianshengjinglingwc.wxl/mp.ruu.Ztjjwrj
11-08 21:07:03.596  1430  1683 W BroadcastQueue: u0 Receiving a broadcast in packagecom.yoojar.zlsg.baidu requires a permissions review
11-08 21:07:03.597  1430  1683 W BroadcastQueue: Skipping delivery: permission review required for Intent { act=android.intent.action.PACKAGE_ADDED dat=package: flg=0x4000010 (has extras) } from null (pid=1430, uid=1000) to com.yoojar.zlsg.baidu/com.duoku.platform.download.broadcast.AppMonitorReceiver
11-08 21:07:03.598  1430  1683 W BroadcastQueue: u0 Receiving a broadcast in packageio.dcloud.H5BC6BF13 requires a permissions review
11-08 21:07:03.598  1430  1683 W BroadcastQueue: Skipping delivery: permission review required for Intent { act=android.intent.action.PACKAGE_ADDED dat=package: flg=0x4000010 (has extras) } from null (pid=1430, uid=1000) to io.dcloud.H5BC6BF13/io.dcloud.common.adapter.io.DownloadReceiver
11-08 21:07:03.619  1430  1752 E VerityUtils: Failed to measure fs-verity, errno 1: /data/app/~~U8xiN-m5QTPuVaKVShvBQQ==/auction.ceiling.spoon-J6eAS7Yy-vRKDexpUAMkrg==/base.apk
11-08 21:07:03.627  1430  1430 I Telecom : DefaultDialerCache: Refreshing default dialer for user 0: now com.google.android.dialer: DDC.oR@Beg
11-08 21:07:03.627  1430  4162 W BackupTransportManager: Package auction.ceiling.spoon enabled setting: 0
11-08 21:07:03.641  1430  3255 D CompatibilityChangeReporter: Compat change id reported: 161252188; UID 10276; state: DISABLED
11-08 21:07:03.645  1430  1678 W WindowMagnificationMgr: requestConnection duplicated request: connect=false, mConnectionState=DISCONNECTED
11-08 21:07:03.694  1430  1678 W PackageManager: Failed registering loading progress callback. Package is fully loaded.
11-08 21:07:03.707  1430  1678 W WindowMagnificationMgr: requestConnection duplicated request: connect=false, mConnectionState=DISCONNECTED
11-08 21:07:03.717  1430  5495 W BroadcastQueue: u0 Receiving a broadcast in packagecom.yoojar.zlsg.baidu requires a permissions review
11-08 21:07:03.717  1430  5495 W BroadcastQueue: Skipping delivery: permission review required for Intent { act=android.intent.action.PACKAGE_CHANGED dat=package: flg=0x5000010 (has extras) } from null (pid=1430, uid=1000) to com.yoojar.zlsg.baidu/com.duoku.platform.download.broadcast.AppMonitorReceiver
11-08 21:07:03.719  1430  1756 E PackageManager: ERROR: could not load root hash from incremental install
11-08 21:07:03.741  1430  1756 I PackageManager: Integrity check passed for file:///data/app/vmdl334871769.tmp
11-08 21:07:03.832  1430  1756 V BackupManagerService: [UserID:0] restoreAtInstall pkg=com.termuxhackers.id token=57 restoreSet=0
11-08 21:07:03.833  1430  1756 V BackupManagerService: [UserID:0] Finishing install immediately
11-08 21:07:03.850  1430  1756 V StorageManagerService: Package null has legacy storage
11-08 21:07:03.850  1430  1756 D PackageInstallerSession: Marking session 334871769 as applied
11-08 21:07:03.859  1430  1756 D CompatibilityChangeReporter: Compat change id reported: 168419799; UID 10277; state: DISABLED
11-08 21:07:03.859  1430  1756 D CompatibilityChangeReporter: Compat change id reported: 273564678; UID 10277; state: DISABLED
11-08 21:07:03.867  1430  2915 D CompatibilityChangeReporter: Compat change id reported: 218533173; UID 10277; state: DISABLED
11-08 21:07:03.868  1430  1430 I Telecom : DefaultDialerCache: Refreshing default dialer for user 0: now com.google.android.dialer: DDC.oR@Bes
11-08 21:07:03.870  1430  1683 W BroadcastQueue: u0 Receiving a broadcast in packagecom.jr.narutoii requires a permissions review
11-08 21:07:03.870  1430  1683 W BroadcastQueue: Skipping delivery: permission review required for Intent { act=android.intent.action.PACKAGE_ADDED dat=package: flg=0x4000010 (has extras) } from null (pid=1430, uid=1000) to com.jr.narutoii/com.joyriver.engine.proxy.EngineReceiver
11-08 21:07:03.870  1430  1683 W BroadcastQueue: u0 Receiving a broadcast in packagecom.android.buyer requires a permissions review
11-08 21:07:03.870  1430  1683 W BroadcastQueue: Skipping delivery: permission review required for Intent { act=android.intent.action.PACKAGE_ADDED dat=package: flg=0x4000010 (has extras) } from null (pid=1430, uid=1000) to com.android.buyer/.mRve
11-08 21:07:03.870  1430  1683 W BroadcastQueue: Background execution not allowed: receiving Intent { act=android.intent.action.PACKAGE_ADDED dat=package: flg=0x4000010 (has extras) } to com.google.android.packageinstaller/com.android.packageinstaller.PackageInstalledReceiver
11-08 21:07:03.870  1430  1683 W BroadcastQueue: Background execution not allowed: receiving Intent { act=android.intent.action.PACKAGE_ADDED dat=package: flg=0x4000010 (has extras) } to com.android.vending/com.google.android.finsky.packagemonitor.impl.PackageMonitorReceiverImpl$RegisteredReceiver
11-08 21:07:03.870  1430  1683 W BroadcastQueue: Background execution not allowed: receiving Intent { act=android.intent.action.PACKAGE_ADDED dat=package: flg=0x4000010 (has extras) } to com.android.vending/com.google.android.finsky.packagemonitor.backgroundimpl.BackgroundPackageMonitorReceiverImpl$RegisteredReceiver
11-08 21:07:03.870  1430  1683 W BroadcastQueue: Background execution not allowed: receiving Intent { act=android.intent.action.PACKAGE_ADDED dat=package: flg=0x4000010 (has extras) } to com.google.android.gms/.games.chimera.GamesSystemBroadcastReceiverProxy
11-08 21:07:03.870  1430  1683 W BroadcastQueue: Background execution not allowed: receiving Intent { act=android.intent.action.PACKAGE_ADDED dat=package: flg=0x4000010 (has extras) } to com.google.android.gms/.gass.chimera.PackageChangeBroadcastReceiver
11-08 21:07:03.870  1430  1683 W BroadcastQueue: Background execution not allowed: receiving Intent { act=android.intent.action.PACKAGE_ADDED dat=package: flg=0x4000010 (has extras) } to com.google.android.gms/.chimera.GmsIntentOperationService$PersistentTrustedReceiver
11-08 21:07:03.870  1430  1683 W BroadcastQueue: Background execution not allowed: receiving Intent { act=android.intent.action.PACKAGE_ADDED dat=package: flg=0x4000010 (has extras) } to com.google.android.googlequicksearchbox/com.google.android.apps.gsa.googlequicksearchbox.GelStubAppWatcher
11-08 21:07:03.870  1430  1683 W BroadcastQueue: u0 Receiving a broadcast in packagecom.cncd.japan.janli.shudu requires a permissions review
11-08 21:07:03.871  1430  1683 W BroadcastQueue: Skipping delivery: permission review required for Intent { act=android.intent.action.PACKAGE_ADDED dat=package: flg=0x4000010 (has extras) } from null (pid=1430, uid=1000) to com.cncd.japan.janli.shudu/net.l.k.r
11-08 21:07:03.871  1430  1683 W BroadcastQueue: u0 Receiving a broadcast in packagecom.cncd.japan.janli.shudu requires a permissions review
11-08 21:07:03.871  1430  1683 W BroadcastQueue: Skipping delivery: permission review required for Intent { act=android.intent.action.PACKAGE_ADDED dat=package: flg=0x4000010 (has extras) } from null (pid=1430, uid=1000) to com.cncd.japan.janli.shudu/com.feiwofour.coverscreen.SR
11-08 21:07:03.871  1430  1683 W BroadcastQueue: u0 Receiving a broadcast in packagecom.games.mengmeizhitd requires a permissions review
11-08 21:07:03.871  1430  1683 W BroadcastQueue: Skipping delivery: permission review required for Intent { act=android.intent.action.PACKAGE_ADDED dat=package: flg=0x4000010 (has extras) } from null (pid=1430, uid=1000) to com.games.mengmeizhitd/hjnw.ihjnw.i.isqly
11-08 21:07:03.871  1430  1683 W BroadcastQueue: u0 Receiving a broadcast in packagecom.hgperfko.yaeghrwx requires a permissions review
11-08 21:07:03.871  1430  1683 W BroadcastQueue: Skipping delivery: permission review required for Intent { act=android.intent.action.PACKAGE_ADDED dat=package: flg=0x4000010 (has extras) } from null (pid=1430, uid=1000) to com.hgperfko.yaeghrwx/.core.hLytdCQDBv
11-08 21:07:03.871  1430  1683 W BroadcastQueue: u0 Receiving a broadcast in packagecom.qiuqiu.dfmc requires a permissions review
11-08 21:07:03.871  1430  1683 W BroadcastQueue: Skipping delivery: permission review required for Intent { act=android.intent.action.PACKAGE_ADDED dat=package: flg=0x4000010 (has extras) } from null (pid=1430, uid=1000) to com.qiuqiu.dfmc/cn.jpush.android.service.PushReceiver
11-08 21:07:03.871  1430  1683 W BroadcastQueue: u0 Receiving a broadcast in packagecom.safesys.viruskiller requires a permissions review
11-08 21:07:03.871  1430  1683 W BroadcastQueue: Skipping delivery: permission review required for Intent { act=android.intent.action.PACKAGE_ADDED dat=package: flg=0x4000010 (has extras) } from null (pid=1430, uid=1000) to com.safesys.viruskiller/.ScanPackageBroadcast
11-08 21:07:03.871  1430  1683 W BroadcastQueue: u0 Receiving a broadcast in packagecom.uc108.mobile.sdgj.bd1 requires a permissions review
11-08 21:07:03.871  1430  1683 W BroadcastQueue: Skipping delivery: permission review required for Intent { act=android.intent.action.PACKAGE_ADDED dat=package: flg=0x4000010 (has extras) } from null (pid=1430, uid=1000) to com.uc108.mobile.sdgj.bd1/com.baidu.tiebasdk.service.InstallReceiver
11-08 21:07:03.871  1430  1683 W BroadcastQueue: u0 Receiving a broadcast in packagecom.voicebianshengjinglingwc.wxl requires a permissions review
11-08 21:07:03.871  1430  1683 W BroadcastQueue: Skipping delivery: permission review required for Intent { act=android.intent.action.PACKAGE_ADDED dat=package: flg=0x4000010 (has extras) } from null (pid=1430, uid=1000) to com.voicebianshengjinglingwc.wxl/mp.ruu.Ztjjwrj
11-08 21:07:03.871  1430  1683 W BroadcastQueue: u0 Receiving a broadcast in packagecom.yoojar.zlsg.baidu requires a permissions review
11-08 21:07:03.871  1430  1683 W BroadcastQueue: Skipping delivery: permission review required for Intent { act=android.intent.action.PACKAGE_ADDED dat=package: flg=0x4000010 (has extras) } from null (pid=1430, uid=1000) to com.yoojar.zlsg.baidu/com.duoku.platform.download.broadcast.AppMonitorReceiver
11-08 21:07:03.872  1430  1683 W BroadcastQueue: u0 Receiving a broadcast in packageio.dcloud.H5BC6BF13 requires a permissions review
11-08 21:07:03.872  1430  1683 W BroadcastQueue: Skipping delivery: permission review required for Intent { act=android.intent.action.PACKAGE_ADDED dat=package: flg=0x4000010 (has extras) } from null (pid=1430, uid=1000) to io.dcloud.H5BC6BF13/io.dcloud.common.adapter.io.DownloadReceiver
11-08 21:07:03.887  1430  1430 V BackupManagerConstants: getFullBackupIntervalMilliseconds(...) returns 86400000
11-08 21:07:03.887  1430  1430 V BackupManagerConstants: getFullBackupRequiredNetworkType(...) returns 2
11-08 21:07:03.887  1430  1430 V BackupManagerConstants: getFullBackupRequireCharging(...) returns true
11-08 21:07:03.891  1430  1678 W WindowMagnificationMgr: requestConnection duplicated request: connect=false, mConnectionState=DISCONNECTED
11-08 21:07:03.918  1430  1678 W PackageManager: Failed registering loading progress callback. Package is fully loaded.
