11-08 20:46:24.835  1549  7491 W AppOps  : setUidMode() called with a mode inconsistent with runtime permission state, this is discouraged and you should revoke the runtime permission instead: uid=10126, switchCode=1, mode=4, permission=android.permission.ACCESS_BACKGROUND_LOCATION
11-08 20:46:24.836  1549  7491 W AppOps  : setUidMode() called with a mode inconsistent with runtime permission state, this is discouraged and you should revoke the runtime permission instead: uid=10126, switchCode=0, mode=4, permission=android.permission.ACCESS_BACKGROUND_LOCATION
11-08 20:46:24.934  1549  1832 E PackageManager: ERROR: could not load root hash from incremental install
11-08 20:46:24.940  1549  2035 W PackageParsing: Ignoring duplicate uses-permissions/uses-permissions-sdk-m: android.permission.INTERNET in package: com.vbdcf54.d2b25 at: Binary XML file line #49
11-08 20:46:24.940  1549  2035 W PackageParsing: Ignoring duplicate uses-permissions/uses-permissions-sdk-m: android.permission.ACCESS_NETWORK_STATE in package: com.vbdcf54.d2b25 at: Binary XML file line #50
11-08 20:46:24.940  1549  2035 W PackageParsing: Ignoring duplicate uses-permissions/uses-permissions-sdk-m: android.permission.ACCESS_WIFI_STATE in package: com.vbdcf54.d2b25 at: Binary XML file line #51
11-08 20:46:24.940  1549  2035 W PackageParsing: Ignoring duplicate uses-permissions/uses-permissions-sdk-m: android.permission.READ_PHONE_STATE in package: com.vbdcf54.d2b25 at: Binary XML file line #52
11-08 20:46:24.940  1549  2035 W PackageParsing: Ignoring duplicate uses-permissions/uses-permissions-sdk-m: android.permission.WRITE_EXTERNAL_STORAGE in package: com.vbdcf54.d2b25 at: Binary XML file line #53
11-08 20:46:24.940  1549  2035 W PackageParsing: Ignoring duplicate uses-permissions/uses-permissions-sdk-m: android.permission.READ_PHONE_STATE in package: com.vbdcf54.d2b25 at: Binary XML file line #56
11-08 20:46:24.940  1549  2035 W PackageParsing: Ignoring duplicate uses-permissions/uses-permissions-sdk-m: android.permission.INTERNET in package: com.vbdcf54.d2b25 at: Binary XML file line #57
11-08 20:46:24.940  1549  2035 W PackageParsing: Ignoring duplicate uses-permissions/uses-permissions-sdk-m: android.permission.ACCESS_NETWORK_STATE in package: com.vbdcf54.d2b25 at: Binary XML file line #58
11-08 20:46:24.940  1549  2035 W PackageParsing: Ignoring duplicate uses-permissions/uses-permissions-sdk-m: android.permission.WRITE_EXTERNAL_STORAGE in package: com.vbdcf54.d2b25 at: Binary XML file line #59
11-08 20:46:24.940  1549  2035 W PackageParsing: Ignoring duplicate uses-permissions/uses-permissions-sdk-m: android.permission.GET_TASKS in package: com.vbdcf54.d2b25 at: Binary XML file line #61
11-08 20:46:24.954  1549  1832 I PackageManager: Integrity check passed for file:///data/app/vmdl128160838.tmp
11-08 20:46:24.957  1549  4936 D CoreBackPreview: Window{a33e87f u0 Toast}: Setting back callback OnBackInvokedCallbackInfo{mCallback=android.window.IOnBackInvokedCallback$Stub$Proxy@bf86877, mPriority=0}
11-08 20:46:24.963  1549  1832 W PackageParsing: Ignoring duplicate uses-permissions/uses-permissions-sdk-m: android.permission.INTERNET in package: com.vbdcf54.d2b25 at: Binary XML file line #49
11-08 20:46:24.963  1549  1832 W PackageParsing: Ignoring duplicate uses-permissions/uses-permissions-sdk-m: android.permission.ACCESS_NETWORK_STATE in package: com.vbdcf54.d2b25 at: Binary XML file line #50
11-08 20:46:24.963  1549  1832 W PackageParsing: Ignoring duplicate uses-permissions/uses-permissions-sdk-m: android.permission.ACCESS_WIFI_STATE in package: com.vbdcf54.d2b25 at: Binary XML file line #51
11-08 20:46:24.963  1549  1832 W PackageParsing: Ignoring duplicate uses-permissions/uses-permissions-sdk-m: android.permission.READ_PHONE_STATE in package: com.vbdcf54.d2b25 at: Binary XML file line #52
11-08 20:46:24.963  1549  1832 W PackageParsing: Ignoring duplicate uses-permissions/uses-permissions-sdk-m: android.permission.WRITE_EXTERNAL_STORAGE in package: com.vbdcf54.d2b25 at: Binary XML file line #53
11-08 20:46:24.963  1549  1832 W PackageParsing: Ignoring duplicate uses-permissions/uses-permissions-sdk-m: android.permission.READ_PHONE_STATE in package: com.vbdcf54.d2b25 at: Binary XML file line #56
11-08 20:46:24.963  1549  1832 W PackageParsing: Ignoring duplicate uses-permissions/uses-permissions-sdk-m: android.permission.INTERNET in package: com.vbdcf54.d2b25 at: Binary XML file line #57
11-08 20:46:24.963  1549  1832 W PackageParsing: Ignoring duplicate uses-permissions/uses-permissions-sdk-m: android.permission.ACCESS_NETWORK_STATE in package: com.vbdcf54.d2b25 at: Binary XML file line #58
11-08 20:46:24.963  1549  1832 W PackageParsing: Ignoring duplicate uses-permissions/uses-permissions-sdk-m: android.permission.WRITE_EXTERNAL_STORAGE in package: com.vbdcf54.d2b25 at: Binary XML file line #59
11-08 20:46:24.963  1549  1832 W PackageParsing: Ignoring duplicate uses-permissions/uses-permissions-sdk-m: android.permission.GET_TASKS in package: com.vbdcf54.d2b25 at: Binary XML file line #61
11-08 20:46:24.982  1549  1832 I PackageManager: Permission ownership changed. Updating all permissions.
11-08 20:46:25.155  1549  1726 V StorageManagerService: Package null has legacy storage
11-08 20:46:25.233  1549  1832 V BackupManagerService: [UserID:0] restoreAtInstall pkg=com.vbdcf54.d2b25 token=47 restoreSet=0
11-08 20:46:25.233  1549  1832 V BackupManagerService: [UserID:0] Finishing install immediately
11-08 20:46:25.235  1549  1832 D PackageInstallerSession: Marking session 128160838 as applied
11-08 20:46:25.239  1549  1832 D CompatibilityChangeReporter: Compat change id reported: 168419799; UID 10261; state: DISABLED
11-08 20:46:25.239  1549  1832 D CompatibilityChangeReporter: Compat change id reported: 273564678; UID 10261; state: DISABLED
11-08 20:46:25.244  1549  2911 D CompatibilityChangeReporter: Compat change id reported: 218533173; UID 10261; state: DISABLED
11-08 20:46:25.248  1549  1549 I Telecom : DefaultDialerCache: Refreshing default dialer for user 0: now com.google.android.dialer: DDC.oR@BVw
11-08 20:46:25.254  1549  5575 W BroadcastQueue: u0 Receiving a broadcast in packagecom.jr.narutoii requires a permissions review
11-08 20:46:25.254  1549  5575 W BroadcastQueue: Skipping delivery: permission review required for Intent { act=android.intent.action.PACKAGE_ADDED dat=package: flg=0x4000010 (has extras) } from null (pid=1549, uid=1000) to com.jr.narutoii/com.joyriver.engine.proxy.EngineReceiver
11-08 20:46:25.256  1549  1741 W BroadcastQueue: u0 Receiving a broadcast in packagecom.android.buyer requires a permissions review
11-08 20:46:25.256  1549  1741 W BroadcastQueue: Skipping delivery: permission review required for Intent { act=android.intent.action.PACKAGE_ADDED dat=package: flg=0x4000010 (has extras) } from null (pid=1549, uid=1000) to com.android.buyer/.mRve
11-08 20:46:25.256  1549  1741 W BroadcastQueue: Background execution not allowed: receiving Intent { act=android.intent.action.PACKAGE_ADDED dat=package: flg=0x4000010 (has extras) } to com.google.android.packageinstaller/com.android.packageinstaller.PackageInstalledReceiver
11-08 20:46:25.256  1549  1741 W BroadcastQueue: Background execution not allowed: receiving Intent { act=android.intent.action.PACKAGE_ADDED dat=package: flg=0x4000010 (has extras) } to com.android.vending/com.google.android.finsky.packagemonitor.impl.PackageMonitorReceiverImpl$RegisteredReceiver
11-08 20:46:25.256  1549  1741 W BroadcastQueue: Background execution not allowed: receiving Intent { act=android.intent.action.PACKAGE_ADDED dat=package: flg=0x4000010 (has extras) } to com.android.vending/com.google.android.finsky.packagemonitor.backgroundimpl.BackgroundPackageMonitorReceiverImpl$RegisteredReceiver
11-08 20:46:25.256  1549  1741 W BroadcastQueue: Background execution not allowed: receiving Intent { act=android.intent.action.PACKAGE_ADDED dat=package: flg=0x4000010 (has extras) } to com.google.android.gms/.games.chimera.GamesSystemBroadcastReceiverProxy
11-08 20:46:25.256  1549  1741 W BroadcastQueue: Background execution not allowed: receiving Intent { act=android.intent.action.PACKAGE_ADDED dat=package: flg=0x4000010 (has extras) } to com.google.android.gms/.gass.chimera.PackageChangeBroadcastReceiver
11-08 20:46:25.256  1549  1741 W BroadcastQueue: Background execution not allowed: receiving Intent { act=android.intent.action.PACKAGE_ADDED dat=package: flg=0x4000010 (has extras) } to com.google.android.gms/.chimera.GmsIntentOperationService$PersistentTrustedReceiver
11-08 20:46:25.257  1549  1741 W BroadcastQueue: Background execution not allowed: receiving Intent { act=android.intent.action.PACKAGE_ADDED dat=package: flg=0x4000010 (has extras) } to com.google.android.googlequicksearchbox/com.google.android.apps.gsa.googlequicksearchbox.GelStubAppWatcher
11-08 20:46:25.257  1549  1741 W BroadcastQueue: u0 Receiving a broadcast in packagecom.cncd.japan.janli.shudu requires a permissions review
11-08 20:46:25.257  1549  1741 W BroadcastQueue: Skipping delivery: permission review required for Intent { act=android.intent.action.PACKAGE_ADDED dat=package: flg=0x4000010 (has extras) } from null (pid=1549, uid=1000) to com.cncd.japan.janli.shudu/net.l.k.r
11-08 20:46:25.257  1549  1741 W BroadcastQueue: u0 Receiving a broadcast in packagecom.cncd.japan.janli.shudu requires a permissions review
11-08 20:46:25.257  1549  1741 W BroadcastQueue: Skipping delivery: permission review required for Intent { act=android.intent.action.PACKAGE_ADDED dat=package: flg=0x4000010 (has extras) } from null (pid=1549, uid=1000) to com.cncd.japan.janli.shudu/com.feiwofour.coverscreen.SR
11-08 20:46:25.257  1549  1741 W BroadcastQueue: u0 Receiving a broadcast in packagecom.games.mengmeizhitd requires a permissions review
11-08 20:46:25.257  1549  1741 W BroadcastQueue: Skipping delivery: permission review required for Intent { act=android.intent.action.PACKAGE_ADDED dat=package: flg=0x4000010 (has extras) } from null (pid=1549, uid=1000) to com.games.mengmeizhitd/hjnw.ihjnw.i.isqly
11-08 20:46:25.257  1549  1741 W BroadcastQueue: u0 Receiving a broadcast in packagecom.hgperfko.yaeghrwx requires a permissions review
11-08 20:46:25.257  1549  1741 W BroadcastQueue: Skipping delivery: permission review required for Intent { act=android.intent.action.PACKAGE_ADDED dat=package: flg=0x4000010 (has extras) } from null (pid=1549, uid=1000) to com.hgperfko.yaeghrwx/.core.hLytdCQDBv
11-08 20:46:25.257  1549  1741 W BroadcastQueue: u0 Receiving a broadcast in packagecom.qiuqiu.dfmc requires a permissions review
11-08 20:46:25.257  1549  1741 W BroadcastQueue: Skipping delivery: permission review required for Intent { act=android.intent.action.PACKAGE_ADDED dat=package: flg=0x4000010 (has extras) } from null (pid=1549, uid=1000) to com.qiuqiu.dfmc/cn.jpush.android.service.PushReceiver
11-08 20:46:25.257  1549  1741 W BroadcastQueue: u0 Receiving a broadcast in packagecom.safesys.viruskiller requires a permissions review
11-08 20:46:25.257  1549  1741 W BroadcastQueue: Skipping delivery: permission review required for Intent { act=android.intent.action.PACKAGE_ADDED dat=package: flg=0x4000010 (has extras) } from null (pid=1549, uid=1000) to com.safesys.viruskiller/.ScanPackageBroadcast
11-08 20:46:25.257  1549  1741 W BroadcastQueue: u0 Receiving a broadcast in packagecom.uc108.mobile.sdgj.bd1 requires a permissions review
11-08 20:46:25.257  1549  1741 W BroadcastQueue: Skipping delivery: permission review required for Intent { act=android.intent.action.PACKAGE_ADDED dat=package: flg=0x4000010 (has extras) } from null (pid=1549, uid=1000) to com.uc108.mobile.sdgj.bd1/com.baidu.tiebasdk.service.InstallReceiver
11-08 20:46:25.257  1549  1741 W BroadcastQueue: u0 Receiving a broadcast in packagecom.voicebianshengjinglingwc.wxl requires a permissions review
11-08 20:46:25.257  1549  1741 W BroadcastQueue: Skipping delivery: permission review required for Intent { act=android.intent.action.PACKAGE_ADDED dat=package: flg=0x4000010 (has extras) } from null (pid=1549, uid=1000) to com.voicebianshengjinglingwc.wxl/mp.ruu.Ztjjwrj
11-08 20:46:25.257  1549  1741 W BroadcastQueue: u0 Receiving a broadcast in packagecom.yoojar.zlsg.baidu requires a permissions review
11-08 20:46:25.257  1549  1741 W BroadcastQueue: Skipping delivery: permission review required for Intent { act=android.intent.action.PACKAGE_ADDED dat=package: flg=0x4000010 (has extras) } from null (pid=1549, uid=1000) to com.yoojar.zlsg.baidu/com.duoku.platform.download.broadcast.AppMonitorReceiver
11-08 20:46:25.257  1549  1741 W BroadcastQueue: u0 Receiving a broadcast in packageio.dcloud.H5BC6BF13 requires a permissions review
11-08 20:46:25.258  1549  1741 W BroadcastQueue: Skipping delivery: permission review required for Intent { act=android.intent.action.PACKAGE_ADDED dat=package: flg=0x4000010 (has extras) } from null (pid=1549, uid=1000) to io.dcloud.H5BC6BF13/io.dcloud.common.adapter.io.DownloadReceiver
11-08 20:46:25.258  1549  1549 V BackupManagerConstants: getFullBackupIntervalMilliseconds(...) returns 86400000
11-08 20:46:25.258  1549  1549 V BackupManagerConstants: getFullBackupRequiredNetworkType(...) returns 2
11-08 20:46:25.259  1549  1549 V BackupManagerConstants: getFullBackupRequireCharging(...) returns true
11-08 20:46:25.267 15084 17878 W PackageParser: Ignoring duplicate uses-permissions/uses-permissions-sdk-m: android.permission.INTERNET in package: com.vbdcf54.d2b25 at: Binary XML file line #49
11-08 20:46:25.267 15084 17878 W PackageParser: Ignoring duplicate uses-permissions/uses-permissions-sdk-m: android.permission.ACCESS_NETWORK_STATE in package: com.vbdcf54.d2b25 at: Binary XML file line #50
11-08 20:46:25.267 15084 17878 W PackageParser: Ignoring duplicate uses-permissions/uses-permissions-sdk-m: android.permission.ACCESS_WIFI_STATE in package: com.vbdcf54.d2b25 at: Binary XML file line #51
11-08 20:46:25.267 15084 17878 W PackageParser: Ignoring duplicate uses-permissions/uses-permissions-sdk-m: android.permission.READ_PHONE_STATE in package: com.vbdcf54.d2b25 at: Binary XML file line #52
11-08 20:46:25.267 15084 17878 W PackageParser: Ignoring duplicate uses-permissions/uses-permissions-sdk-m: android.permission.WRITE_EXTERNAL_STORAGE in package: com.vbdcf54.d2b25 at: Binary XML file line #53
11-08 20:46:25.267 15084 17878 W PackageParser: Ignoring duplicate uses-permissions/uses-permissions-sdk-m: android.permission.READ_PHONE_STATE in package: com.vbdcf54.d2b25 at: Binary XML file line #56
11-08 20:46:25.267 15084 17878 W PackageParser: Ignoring duplicate uses-permissions/uses-permissions-sdk-m: android.permission.INTERNET in package: com.vbdcf54.d2b25 at: Binary XML file line #57
11-08 20:46:25.267 15084 17878 W PackageParser: Ignoring duplicate uses-permissions/uses-permissions-sdk-m: android.permission.ACCESS_NETWORK_STATE in package: com.vbdcf54.d2b25 at: Binary XML file line #58
11-08 20:46:25.267 15084 17878 W PackageParser: Ignoring duplicate uses-permissions/uses-permissions-sdk-m: android.permission.WRITE_EXTERNAL_STORAGE in package: com.vbdcf54.d2b25 at: Binary XML file line #59
11-08 20:46:25.267 15084 17878 W PackageParser: Ignoring duplicate uses-permissions/uses-permissions-sdk-m: android.permission.GET_TASKS in package: com.vbdcf54.d2b25 at: Binary XML file line #61
11-08 20:46:25.288  1549  1549 I Telecom : DefaultDialerCache: Refreshing default dialer for user 0: now com.google.android.dialer: DDC.oR@BV0
11-08 20:46:25.293  1549  1739 W WindowMagnificationMgr: requestConnection duplicated request: connect=false, mConnectionState=DISCONNECTED
11-08 20:46:25.312  1549  6966 D CompatibilityChangeReporter: Compat change id reported: 161252188; UID 10261; state: DISABLED
11-08 20:46:25.320  1549  4169 W BackupTransportManager: Package com.vbdcf54.d2b25 enabled setting: 0
11-08 20:46:25.341  1549  1829 E VerityUtils: Failed to measure fs-verity, errno 1: /data/app/~~JlfvA6WK7zXbNsVwX04ryQ==/com.vbdcf54.d2b25-dGali-Smx9K6Eg60NdIBig==/base.apk
11-08 20:46:25.365  1549  5564 W BroadcastQueue: u0 Receiving a broadcast in packagecom.yoojar.zlsg.baidu requires a permissions review
11-08 20:46:25.365  1549  5564 W BroadcastQueue: Skipping delivery: permission review required for Intent { act=android.intent.action.PACKAGE_CHANGED dat=package: flg=0x5000010 (has extras) } from null (pid=1549, uid=1000) to com.yoojar.zlsg.baidu/com.duoku.platform.download.broadcast.AppMonitorReceiver
11-08 20:46:25.379  1549  1739 W PackageManager: Failed registering loading progress callback. Package is fully loaded.
11-08 20:46:25.389  1549  1739 W WindowMagnificationMgr: requestConnection duplicated request: connect=false, mConnectionState=DISCONNECTED
11-08 20:46:25.490 15084 17428 W PackageParser: Ignoring duplicate uses-permissions/uses-permissions-sdk-m: android.permission.INTERNET in package: com.vbdcf54.d2b25 at: Binary XML file line #49
11-08 20:46:25.490 15084 17428 W PackageParser: Ignoring duplicate uses-permissions/uses-permissions-sdk-m: android.permission.ACCESS_NETWORK_STATE in package: com.vbdcf54.d2b25 at: Binary XML file line #50
11-08 20:46:25.490 15084 17428 W PackageParser: Ignoring duplicate uses-permissions/uses-permissions-sdk-m: android.permission.ACCESS_WIFI_STATE in package: com.vbdcf54.d2b25 at: Binary XML file line #51
11-08 20:46:25.490 15084 17428 W PackageParser: Ignoring duplicate uses-permissions/uses-permissions-sdk-m: android.permission.READ_PHONE_STATE in package: com.vbdcf54.d2b25 at: Binary XML file line #52
11-08 20:46:25.490 15084 17428 W PackageParser: Ignoring duplicate uses-permissions/uses-permissions-sdk-m: android.permission.WRITE_EXTERNAL_STORAGE in package: com.vbdcf54.d2b25 at: Binary XML file line #53
11-08 20:46:25.490 15084 17428 W PackageParser: Ignoring duplicate uses-permissions/uses-permissions-sdk-m: android.permission.READ_PHONE_STATE in package: com.vbdcf54.d2b25 at: Binary XML file line #56
11-08 20:46:25.490 15084 17428 W PackageParser: Ignoring duplicate uses-permissions/uses-permissions-sdk-m: android.permission.INTERNET in package: com.vbdcf54.d2b25 at: Binary XML file line #57
11-08 20:46:25.490 15084 17428 W PackageParser: Ignoring duplicate uses-permissions/uses-permissions-sdk-m: android.permission.ACCESS_NETWORK_STATE in package: com.vbdcf54.d2b25 at: Binary XML file line #58
11-08 20:46:25.490 15084 17428 W PackageParser: Ignoring duplicate uses-permissions/uses-permissions-sdk-m: android.permission.WRITE_EXTERNAL_STORAGE in package: com.vbdcf54.d2b25 at: Binary XML file line #59
11-08 20:46:25.490 15084 17428 W PackageParser: Ignoring duplicate uses-permissions/uses-permissions-sdk-m: android.permission.GET_TASKS in package: com.vbdcf54.d2b25 at: Binary XML file line #61
11-08 20:46:25.582  1549  2982 W AppOps  : setUidMode() called with a mode inconsistent with runtime permission state, this is discouraged and you should revoke the runtime permission instead: uid=10126, switchCode=0, mode=4, permission=android.permission.ACCESS_BACKGROUND_LOCATION
11-08 20:46:25.659  1549  5564 W AppOps  : setUidMode() called with a mode inconsistent with runtime permission state, this is discouraged and you should revoke the runtime permission instead: uid=10126, switchCode=1, mode=4, permission=android.permission.ACCESS_BACKGROUND_LOCATION
11-08 20:46:25.661  1549  5564 W AppOps  : setUidMode() called with a mode inconsistent with runtime permission state, this is discouraged and you should revoke the runtime permission instead: uid=10126, switchCode=0, mode=4, permission=android.permission.ACCESS_BACKGROUND_LOCATION
11-08 20:46:25.682  1549  1832 E PackageManager: ERROR: could not load root hash from incremental install
11-08 20:46:25.689  1549  1549 W NotificationHistory: Attempted to add notif for locked/gone/disabled user 0
11-08 20:46:25.705  1549  1832 I PackageManager: Integrity check passed for file:///data/app/vmdl1827468169.tmp
11-08 20:46:25.771  1549  1726 V StorageManagerService: Package null has legacy storage
11-08 20:46:25.932  1549  1832 V BackupManagerService: [UserID:0] restoreAtInstall pkg=cn.inssgame.paokugame token=48 restoreSet=0
11-08 20:46:25.932  1549  1832 V BackupManagerService: [UserID:0] Finishing install immediately
11-08 20:46:25.934  1549  1832 D PackageInstallerSession: Marking session 1827468169 as applied
11-08 20:46:25.936  1549  1832 D CompatibilityChangeReporter: Compat change id reported: 168419799; UID 10262; state: DISABLED
11-08 20:46:25.936  1549  1832 D CompatibilityChangeReporter: Compat change id reported: 273564678; UID 10262; state: DISABLED
11-08 20:46:25.942  1549  2911 D CompatibilityChangeReporter: Compat change id reported: 218533173; UID 10262; state: DISABLED
11-08 20:46:25.942  1549  1549 I Telecom : DefaultDialerCache: Refreshing default dialer for user 0: now com.google.android.dialer: DDC.oR@BWI
11-08 20:46:25.952  1549  1549 V BackupManagerConstants: getFullBackupIntervalMilliseconds(...) returns 86400000
11-08 20:46:25.952  1549  1549 V BackupManagerConstants: getFullBackupRequiredNetworkType(...) returns 2
11-08 20:46:25.952  1549  6966 W BroadcastQueue: u0 Receiving a broadcast in packagecom.jr.narutoii requires a permissions review
11-08 20:46:25.952  1549  6966 W BroadcastQueue: Skipping delivery: permission review required for Intent { act=android.intent.action.PACKAGE_ADDED dat=package: flg=0x4000010 (has extras) } from null (pid=1549, uid=1000) to com.jr.narutoii/com.joyriver.engine.proxy.EngineReceiver
11-08 20:46:25.957  1549  1549 V BackupManagerConstants: getFullBackupRequireCharging(...) returns true
11-08 20:46:25.973  1549  1829 E VerityUtils: Failed to measure fs-verity, errno 1: /data/app/~~Tjft3jqwPeXTLL4An7LvHg==/cn.inssgame.paokugame-3dimXsgOzK3iTN4OXvxDCw==/base.apk
11-08 20:46:25.986  1549  1741 W BroadcastQueue: u0 Receiving a broadcast in packagecom.android.buyer requires a permissions review
11-08 20:46:25.986  1549  1741 W BroadcastQueue: Skipping delivery: permission review required for Intent { act=android.intent.action.PACKAGE_ADDED dat=package: flg=0x4000010 (has extras) } from null (pid=1549, uid=1000) to com.android.buyer/.mRve
11-08 20:46:25.987  1549  1741 W BroadcastQueue: Background execution not allowed: receiving Intent { act=android.intent.action.PACKAGE_ADDED dat=package: flg=0x4000010 (has extras) } to com.google.android.packageinstaller/com.android.packageinstaller.PackageInstalledReceiver
11-08 20:46:25.987  1549  1741 W BroadcastQueue: Background execution not allowed: receiving Intent { act=android.intent.action.PACKAGE_ADDED dat=package: flg=0x4000010 (has extras) } to com.android.vending/com.google.android.finsky.packagemonitor.impl.PackageMonitorReceiverImpl$RegisteredReceiver
11-08 20:46:25.987  1549  1741 W BroadcastQueue: Background execution not allowed: receiving Intent { act=android.intent.action.PACKAGE_ADDED dat=package: flg=0x4000010 (has extras) } to com.android.vending/com.google.android.finsky.packagemonitor.backgroundimpl.BackgroundPackageMonitorReceiverImpl$RegisteredReceiver
11-08 20:46:25.987  1549  1741 W BroadcastQueue: Background execution not allowed: receiving Intent { act=android.intent.action.PACKAGE_ADDED dat=package: flg=0x4000010 (has extras) } to com.google.android.gms/.games.chimera.GamesSystemBroadcastReceiverProxy
11-08 20:46:25.987  1549  1741 W BroadcastQueue: Background execution not allowed: receiving Intent { act=android.intent.action.PACKAGE_ADDED dat=package: flg=0x4000010 (has extras) } to com.google.android.gms/.gass.chimera.PackageChangeBroadcastReceiver
11-08 20:46:25.987  1549  1741 W BroadcastQueue: Background execution not allowed: receiving Intent { act=android.intent.action.PACKAGE_ADDED dat=package: flg=0x4000010 (has extras) } to com.google.android.gms/.chimera.GmsIntentOperationService$PersistentTrustedReceiver
11-08 20:46:25.987  1549  1741 W BroadcastQueue: Background execution not allowed: receiving Intent { act=android.intent.action.PACKAGE_ADDED dat=package: flg=0x4000010 (has extras) } to com.google.android.googlequicksearchbox/com.google.android.apps.gsa.googlequicksearchbox.GelStubAppWatcher
11-08 20:46:25.989  1549  1741 W BroadcastQueue: u0 Receiving a broadcast in packagecom.cncd.japan.janli.shudu requires a permissions review
11-08 20:46:25.989  1549  1741 W BroadcastQueue: Skipping delivery: permission review required for Intent { act=android.intent.action.PACKAGE_ADDED dat=package: flg=0x4000010 (has extras) } from null (pid=1549, uid=1000) to com.cncd.japan.janli.shudu/net.l.k.r
11-08 20:46:25.989  1549  1741 W BroadcastQueue: u0 Receiving a broadcast in packagecom.cncd.japan.janli.shudu requires a permissions review
11-08 20:46:25.989  1549  1741 W BroadcastQueue: Skipping delivery: permission review required for Intent { act=android.intent.action.PACKAGE_ADDED dat=package: flg=0x4000010 (has extras) } from null (pid=1549, uid=1000) to com.cncd.japan.janli.shudu/com.feiwofour.coverscreen.SR
11-08 20:46:25.989  1549  1741 W BroadcastQueue: u0 Receiving a broadcast in packagecom.games.mengmeizhitd requires a permissions review
11-08 20:46:25.989  1549  1741 W BroadcastQueue: Skipping delivery: permission review required for Intent { act=android.intent.action.PACKAGE_ADDED dat=package: flg=0x4000010 (has extras) } from null (pid=1549, uid=1000) to com.games.mengmeizhitd/hjnw.ihjnw.i.isqly
11-08 20:46:25.989  1549  1741 W BroadcastQueue: u0 Receiving a broadcast in packagecom.hgperfko.yaeghrwx requires a permissions review
11-08 20:46:25.989  1549  1741 W BroadcastQueue: Skipping delivery: permission review required for Intent { act=android.intent.action.PACKAGE_ADDED dat=package: flg=0x4000010 (has extras) } from null (pid=1549, uid=1000) to com.hgperfko.yaeghrwx/.core.hLytdCQDBv
11-08 20:46:25.989  1549  1741 W BroadcastQueue: u0 Receiving a broadcast in packagecom.qiuqiu.dfmc requires a permissions review
11-08 20:46:25.989  1549  1741 W BroadcastQueue: Skipping delivery: permission review required for Intent { act=android.intent.action.PACKAGE_ADDED dat=package: flg=0x4000010 (has extras) } from null (pid=1549, uid=1000) to com.qiuqiu.dfmc/cn.jpush.android.service.PushReceiver
11-08 20:46:25.989  1549  1741 W BroadcastQueue: u0 Receiving a broadcast in packagecom.safesys.viruskiller requires a permissions review
11-08 20:46:25.989  1549  1741 W BroadcastQueue: Skipping delivery: permission review required for Intent { act=android.intent.action.PACKAGE_ADDED dat=package: flg=0x4000010 (has extras) } from null (pid=1549, uid=1000) to com.safesys.viruskiller/.ScanPackageBroadcast
11-08 20:46:25.989  1549  1741 W BroadcastQueue: u0 Receiving a broadcast in packagecom.uc108.mobile.sdgj.bd1 requires a permissions review
11-08 20:46:25.989  1549  1741 W BroadcastQueue: Skipping delivery: permission review required for Intent { act=android.intent.action.PACKAGE_ADDED dat=package: flg=0x4000010 (has extras) } from null (pid=1549, uid=1000) to com.uc108.mobile.sdgj.bd1/com.baidu.tiebasdk.service.InstallReceiver
11-08 20:46:25.989  1549  1741 W BroadcastQueue: u0 Receiving a broadcast in packagecom.voicebianshengjinglingwc.wxl requires a permissions review
11-08 20:46:25.989  1549  1741 W BroadcastQueue: Skipping delivery: permission review required for Intent { act=android.intent.action.PACKAGE_ADDED dat=package: flg=0x4000010 (has extras) } from null (pid=1549, uid=1000) to com.voicebianshengjinglingwc.wxl/mp.ruu.Ztjjwrj
11-08 20:46:25.989  1549  1741 W BroadcastQueue: u0 Receiving a broadcast in packagecom.yoojar.zlsg.baidu requires a permissions review
11-08 20:46:25.989  1549  1741 W BroadcastQueue: Skipping delivery: permission review required for Intent { act=android.intent.action.PACKAGE_ADDED dat=package: flg=0x4000010 (has extras) } from null (pid=1549, uid=1000) to com.yoojar.zlsg.baidu/com.duoku.platform.download.broadcast.AppMonitorReceiver
11-08 20:46:25.989  1549  1741 W BroadcastQueue: u0 Receiving a broadcast in packageio.dcloud.H5BC6BF13 requires a permissions review
11-08 20:46:25.989  1549  1741 W BroadcastQueue: Skipping delivery: permission review required for Intent { act=android.intent.action.PACKAGE_ADDED dat=package: flg=0x4000010 (has extras) } from null (pid=1549, uid=1000) to io.dcloud.H5BC6BF13/io.dcloud.common.adapter.io.DownloadReceiver
11-08 20:46:25.999  1549  1549 I Telecom : DefaultDialerCache: Refreshing default dialer for user 0: now com.google.android.dialer: DDC.oR@BWM
11-08 20:46:26.019  1549  1739 W WindowMagnificationMgr: requestConnection duplicated request: connect=false, mConnectionState=DISCONNECTED
11-08 20:46:26.023  1549  5564 D CompatibilityChangeReporter: Compat change id reported: 161252188; UID 10262; state: DISABLED
11-08 20:46:26.034  1549  4169 W BackupTransportManager: Package cn.inssgame.paokugame enabled setting: 0
11-08 20:46:26.071  1549  4193 W BroadcastQueue: u0 Receiving a broadcast in packagecom.yoojar.zlsg.baidu requires a permissions review
11-08 20:46:26.071  1549  4193 W BroadcastQueue: Skipping delivery: permission review required for Intent { act=android.intent.action.PACKAGE_CHANGED dat=package: flg=0x5000010 (has extras) } from null (pid=1549, uid=1000) to com.yoojar.zlsg.baidu/com.duoku.platform.download.broadcast.AppMonitorReceiver
11-08 20:46:26.086  1549  1739 W PackageManager: Failed registering loading progress callback. Package is fully loaded.
11-08 20:46:26.096  1549  1739 W WindowMagnificationMgr: requestConnection duplicated request: connect=false, mConnectionState=DISCONNECTED
11-08 20:46:26.316  1549  7491 I ActivityManager: Background started FGS: Allowed [callingPackage: com.google.android.apps.wellbeing; callingUid: 10121; uidState: BFGS; intent: Intent { cmp=com.google.android.apps.wellbeing/com.google.apps.tiktok.concurrent.InternalForegroundService (has extras) }; code:BACKGROUND_ACTIVITY_PERMISSION; tempAllowListReason:<null>; targetSdkVersion:33; callerTargetSdkVersion:33; startForegroundCount:0; bindFromPackage:null]
11-08 20:46:26.392  1549  1549 E NotificationService: Muting recently noisy 0|com.antivirus|1000|null|10195
11-08 20:46:26.525  1549  1549 I NotificationService: Cannot find enqueued record for key: 0|com.google.android.apps.wellbeing|174344743|null|10121
11-08 20:46:26.561  1549  7491 W AppOps  : setUidMode() called with a mode inconsistent with runtime permission state, this is discouraged and you should revoke the runtime permission instead: uid=10126, switchCode=0, mode=4, permission=android.permission.ACCESS_BACKGROUND_LOCATION
11-08 20:46:26.608  1549  4208 W AppOps  : setUidMode() called with a mode inconsistent with runtime permission state, this is discouraged and you should revoke the runtime permission instead: uid=10126, switchCode=1, mode=4, permission=android.permission.ACCESS_BACKGROUND_LOCATION
11-08 20:46:26.609  1549  4208 W AppOps  : setUidMode() called with a mode inconsistent with runtime permission state, this is discouraged and you should revoke the runtime permission instead: uid=10126, switchCode=0, mode=4, permission=android.permission.ACCESS_BACKGROUND_LOCATION
11-08 20:46:26.777  1549  1832 E PackageManager: ERROR: could not load root hash from incremental install
11-08 20:46:26.876  1549  1832 I PackageManager: Integrity check passed for file:///data/app/vmdl1435838155.tmp
11-08 20:46:27.052  1549  1726 V StorageManagerService: Package null has legacy storage
11-08 20:46:27.235  1549  1832 V BackupManagerService: [UserID:0] restoreAtInstall pkg=com.kascend.chushov token=49 restoreSet=0
11-08 20:46:27.235  1549  1832 V BackupManagerService: [UserID:0] Finishing install immediately
11-08 20:46:27.238  1549  1832 D PackageInstallerSession: Marking session 1435838155 as applied
11-08 20:46:27.243  1549  1832 D CompatibilityChangeReporter: Compat change id reported: 168419799; UID 10263; state: DISABLED
11-08 20:46:27.243  1549  1832 D CompatibilityChangeReporter: Compat change id reported: 273564678; UID 10263; state: DISABLED
11-08 20:46:27.248  1549  2911 D CompatibilityChangeReporter: Compat change id reported: 218533173; UID 10263; state: DISABLED
11-08 20:46:27.256  1549  1549 I Telecom : DefaultDialerCache: Refreshing default dialer for user 0: now com.google.android.dialer: DDC.oR@BWo
11-08 20:46:27.260  1549  5573 W BroadcastQueue: u0 Receiving a broadcast in packagecom.jr.narutoii requires a permissions review
11-08 20:46:27.260  1549  5573 W BroadcastQueue: Skipping delivery: permission review required for Intent { act=android.intent.action.PACKAGE_ADDED dat=package: flg=0x4000010 (has extras) } from null (pid=1549, uid=1000) to com.jr.narutoii/com.joyriver.engine.proxy.EngineReceiver
11-08 20:46:27.260  1549  1741 W BroadcastQueue: u0 Receiving a broadcast in packagecom.android.buyer requires a permissions review
11-08 20:46:27.260  1549  1741 W BroadcastQueue: Skipping delivery: permission review required for Intent { act=android.intent.action.PACKAGE_ADDED dat=package: flg=0x4000010 (has extras) } from null (pid=1549, uid=1000) to com.android.buyer/.mRve
11-08 20:46:27.260  1549  1741 W BroadcastQueue: Background execution not allowed: receiving Intent { act=android.intent.action.PACKAGE_ADDED dat=package: flg=0x4000010 (has extras) } to com.google.android.packageinstaller/com.android.packageinstaller.PackageInstalledReceiver
11-08 20:46:27.260  1549  1741 W BroadcastQueue: Background execution not allowed: receiving Intent { act=android.intent.action.PACKAGE_ADDED dat=package: flg=0x4000010 (has extras) } to com.android.vending/com.google.android.finsky.packagemonitor.impl.PackageMonitorReceiverImpl$RegisteredReceiver
11-08 20:46:27.260  1549  1741 W BroadcastQueue: Background execution not allowed: receiving Intent { act=android.intent.action.PACKAGE_ADDED dat=package: flg=0x4000010 (has extras) } to com.android.vending/com.google.android.finsky.packagemonitor.backgroundimpl.BackgroundPackageMonitorReceiverImpl$RegisteredReceiver
11-08 20:46:27.261  1549  1741 W BroadcastQueue: Background execution not allowed: receiving Intent { act=android.intent.action.PACKAGE_ADDED dat=package: flg=0x4000010 (has extras) } to com.google.android.gms/.games.chimera.GamesSystemBroadcastReceiverProxy
11-08 20:46:27.261  1549  1741 W BroadcastQueue: Background execution not allowed: receiving Intent { act=android.intent.action.PACKAGE_ADDED dat=package: flg=0x4000010 (has extras) } to com.google.android.gms/.gass.chimera.PackageChangeBroadcastReceiver
11-08 20:46:27.261  1549  1741 W BroadcastQueue: Background execution not allowed: receiving Intent { act=android.intent.action.PACKAGE_ADDED dat=package: flg=0x4000010 (has extras) } to com.google.android.gms/.chimera.GmsIntentOperationService$PersistentTrustedReceiver
11-08 20:46:27.261  1549  1741 W BroadcastQueue: Background execution not allowed: receiving Intent { act=android.intent.action.PACKAGE_ADDED dat=package: flg=0x4000010 (has extras) } to com.google.android.googlequicksearchbox/com.google.android.apps.gsa.googlequicksearchbox.GelStubAppWatcher
11-08 20:46:27.261  1549  1741 W BroadcastQueue: u0 Receiving a broadcast in packagecom.cncd.japan.janli.shudu requires a permissions review
11-08 20:46:27.261  1549  1741 W BroadcastQueue: Skipping delivery: permission review required for Intent { act=android.intent.action.PACKAGE_ADDED dat=package: flg=0x4000010 (has extras) } from null (pid=1549, uid=1000) to com.cncd.japan.janli.shudu/net.l.k.r
11-08 20:46:27.261  1549  1741 W BroadcastQueue: u0 Receiving a broadcast in packagecom.cncd.japan.janli.shudu requires a permissions review
11-08 20:46:27.261  1549  1741 W BroadcastQueue: Skipping delivery: permission review required for Intent { act=android.intent.action.PACKAGE_ADDED dat=package: flg=0x4000010 (has extras) } from null (pid=1549, uid=1000) to com.cncd.japan.janli.shudu/com.feiwofour.coverscreen.SR
11-08 20:46:27.261  1549  1741 W BroadcastQueue: u0 Receiving a broadcast in packagecom.games.mengmeizhitd requires a permissions review
11-08 20:46:27.261  1549  1741 W BroadcastQueue: Skipping delivery: permission review required for Intent { act=android.intent.action.PACKAGE_ADDED dat=package: flg=0x4000010 (has extras) } from null (pid=1549, uid=1000) to com.games.mengmeizhitd/hjnw.ihjnw.i.isqly
11-08 20:46:27.261  1549  1741 W BroadcastQueue: u0 Receiving a broadcast in packagecom.hgperfko.yaeghrwx requires a permissions review
11-08 20:46:27.261  1549  1741 W BroadcastQueue: Skipping delivery: permission review required for Intent { act=android.intent.action.PACKAGE_ADDED dat=package: flg=0x4000010 (has extras) } from null (pid=1549, uid=1000) to com.hgperfko.yaeghrwx/.core.hLytdCQDBv
11-08 20:46:27.261  1549  1741 W BroadcastQueue: u0 Receiving a broadcast in packagecom.qiuqiu.dfmc requires a permissions review
11-08 20:46:27.261  1549  1741 W BroadcastQueue: Skipping delivery: permission review required for Intent { act=android.intent.action.PACKAGE_ADDED dat=package: flg=0x4000010 (has extras) } from null (pid=1549, uid=1000) to com.qiuqiu.dfmc/cn.jpush.android.service.PushReceiver
11-08 20:46:27.261  1549  1741 W BroadcastQueue: u0 Receiving a broadcast in packagecom.safesys.viruskiller requires a permissions review
11-08 20:46:27.261  1549  1741 W BroadcastQueue: Skipping delivery: permission review required for Intent { act=android.intent.action.PACKAGE_ADDED dat=package: flg=0x4000010 (has extras) } from null (pid=1549, uid=1000) to com.safesys.viruskiller/.ScanPackageBroadcast
11-08 20:46:27.261  1549  1741 W BroadcastQueue: u0 Receiving a broadcast in packagecom.uc108.mobile.sdgj.bd1 requires a permissions review
11-08 20:46:27.261  1549  1741 W BroadcastQueue: Skipping delivery: permission review required for Intent { act=android.intent.action.PACKAGE_ADDED dat=package: flg=0x4000010 (has extras) } from null (pid=1549, uid=1000) to com.uc108.mobile.sdgj.bd1/com.baidu.tiebasdk.service.InstallReceiver
11-08 20:46:27.261  1549  1741 W BroadcastQueue: u0 Receiving a broadcast in packagecom.voicebianshengjinglingwc.wxl requires a permissions review
11-08 20:46:27.261  1549  1741 W BroadcastQueue: Skipping delivery: permission review required for Intent { act=android.intent.action.PACKAGE_ADDED dat=package: flg=0x4000010 (has extras) } from null (pid=1549, uid=1000) to com.voicebianshengjinglingwc.wxl/mp.ruu.Ztjjwrj
11-08 20:46:27.262  1549  1741 W BroadcastQueue: u0 Receiving a broadcast in packagecom.yoojar.zlsg.baidu requires a permissions review
11-08 20:46:27.262  1549  1741 W BroadcastQueue: Skipping delivery: permission review required for Intent { act=android.intent.action.PACKAGE_ADDED dat=package: flg=0x4000010 (has extras) } from null (pid=1549, uid=1000) to com.yoojar.zlsg.baidu/com.duoku.platform.download.broadcast.AppMonitorReceiver
11-08 20:46:27.262  1549  1741 W BroadcastQueue: u0 Receiving a broadcast in packageio.dcloud.H5BC6BF13 requires a permissions review
11-08 20:46:27.262  1549  1741 W BroadcastQueue: Skipping delivery: permission review required for Intent { act=android.intent.action.PACKAGE_ADDED dat=package: flg=0x4000010 (has extras) } from null (pid=1549, uid=1000) to io.dcloud.H5BC6BF13/io.dcloud.common.adapter.io.DownloadReceiver
11-08 20:46:27.263  1549  1549 V BackupManagerConstants: getFullBackupIntervalMilliseconds(...) returns 86400000
11-08 20:46:27.263  1549  1549 V BackupManagerConstants: getFullBackupRequiredNetworkType(...) returns 2
11-08 20:46:27.263  1549  1549 V BackupManagerConstants: getFullBackupRequireCharging(...) returns true
11-08 20:46:27.295  1549  1549 I Telecom : DefaultDialerCache: Refreshing default dialer for user 0: now com.google.android.dialer: DDC.oR@BW0
11-08 20:46:27.305  1549  1829 E VerityUtils: Failed to measure fs-verity, errno 1: /data/app/~~qJP7NsddxH1Wlkr5noXjhg==/com.kascend.chushov-9k-oG6GGhzSVM1ooRhhtmg==/base.apk
11-08 20:46:27.326  1549  4193 D CompatibilityChangeReporter: Compat change id reported: 161252188; UID 10263; state: DISABLED
11-08 20:46:27.338  1549  1739 W WindowMagnificationMgr: requestConnection duplicated request: connect=false, mConnectionState=DISCONNECTED
11-08 20:46:27.372  1549  4169 W BackupTransportManager: Package com.kascend.chushov enabled setting: 0
11-08 20:46:27.404  1549  5573 W BroadcastQueue: u0 Receiving a broadcast in packagecom.yoojar.zlsg.baidu requires a permissions review
11-08 20:46:27.404  1549  5573 W BroadcastQueue: Skipping delivery: permission review required for Intent { act=android.intent.action.PACKAGE_CHANGED dat=package: flg=0x5000010 (has extras) } from null (pid=1549, uid=1000) to com.yoojar.zlsg.baidu/com.duoku.platform.download.broadcast.AppMonitorReceiver
11-08 20:46:27.422  1549  1739 W PackageManager: Failed registering loading progress callback. Package is fully loaded.
11-08 20:46:27.434  1549  1739 W WindowMagnificationMgr: requestConnection duplicated request: connect=false, mConnectionState=DISCONNECTED
11-08 20:46:27.458  1549  1832 E PackageManager: ERROR: could not load root hash from incremental install
11-08 20:46:27.462  1549  2035 W PackageParsing: Ignoring duplicate uses-permissions/uses-permissions-sdk-m: android.permission.INTERNET in package: tfcqzk.lofst.hkgkaucmthtsmy at: Binary XML file line #10
11-08 20:46:27.473  1549  1832 I PackageManager: Integrity check passed for file:///data/app/vmdl450254252.tmp
11-08 20:46:27.507  1549  1832 W PackageParsing: Ignoring duplicate uses-permissions/uses-permissions-sdk-m: android.permission.INTERNET in package: tfcqzk.lofst.hkgkaucmthtsmy at: Binary XML file line #10
11-08 20:46:27.596  1549  1726 V StorageManagerService: Package null does not have legacy storage
11-08 20:46:27.727  1549  3602 W AppOps  : setUidMode() called with a mode inconsistent with runtime permission state, this is discouraged and you should revoke the runtime permission instead: uid=10126, switchCode=0, mode=4, permission=android.permission.ACCESS_BACKGROUND_LOCATION
11-08 20:46:27.793  1549  5575 W AppOps  : setUidMode() called with a mode inconsistent with runtime permission state, this is discouraged and you should revoke the runtime permission instead: uid=10126, switchCode=1, mode=4, permission=android.permission.ACCESS_BACKGROUND_LOCATION
11-08 20:46:27.804  1549  5575 W AppOps  : setUidMode() called with a mode inconsistent with runtime permission state, this is discouraged and you should revoke the runtime permission instead: uid=10126, switchCode=0, mode=4, permission=android.permission.ACCESS_BACKGROUND_LOCATION
11-08 20:46:27.832  1549  1549 W NotificationHistory: Attempted to add notif for locked/gone/disabled user 0
11-08 20:46:27.946  1549  1832 V BackupManagerService: [UserID:0] restoreAtInstall pkg=tfcqzk.lofst.hkgkaucmthtsmy token=4a restoreSet=0
11-08 20:46:27.946  1549  1832 V BackupManagerService: [UserID:0] Finishing install immediately
11-08 20:46:27.950  1549  1832 D PackageInstallerSession: Marking session 450254252 as applied
11-08 20:46:27.953  1549  1832 D CompatibilityChangeReporter: Compat change id reported: 168419799; UID 10264; state: DISABLED
11-08 20:46:27.953  1549  1832 D CompatibilityChangeReporter: Compat change id reported: 273564678; UID 10264; state: DISABLED
11-08 20:46:27.959  1549  2911 D CompatibilityChangeReporter: Compat change id reported: 218533173; UID 10264; state: DISABLED
11-08 20:46:27.964  1549  1549 I Telecom : DefaultDialerCache: Refreshing default dialer for user 0: now com.google.android.dialer: DDC.oR@BXA
11-08 20:46:27.967  1549  1549 V BackupManagerConstants: getFullBackupIntervalMilliseconds(...) returns 86400000
11-08 20:46:27.967  1549  1549 V BackupManagerConstants: getFullBackupRequiredNetworkType(...) returns 2
11-08 20:46:27.967  1549  1549 V BackupManagerConstants: getFullBackupRequireCharging(...) returns true
11-08 20:46:27.974  1549  5575 W BroadcastQueue: u0 Receiving a broadcast in packagecom.jr.narutoii requires a permissions review
11-08 20:46:27.974  1549  5575 W BroadcastQueue: Skipping delivery: permission review required for Intent { act=android.intent.action.PACKAGE_ADDED dat=package: flg=0x4000010 (has extras) } from null (pid=1549, uid=1000) to com.jr.narutoii/com.joyriver.engine.proxy.EngineReceiver
11-08 20:46:27.978 15084 17810 W PackageParser: Ignoring duplicate uses-permissions/uses-permissions-sdk-m: android.permission.INTERNET in package: tfcqzk.lofst.hkgkaucmthtsmy at: Binary XML file line #10
11-08 20:46:27.984  1549  1741 W BroadcastQueue: u0 Receiving a broadcast in packagecom.android.buyer requires a permissions review
11-08 20:46:27.984  1549  1741 W BroadcastQueue: Skipping delivery: permission review required for Intent { act=android.intent.action.PACKAGE_ADDED dat=package: flg=0x4000010 (has extras) } from null (pid=1549, uid=1000) to com.android.buyer/.mRve
11-08 20:46:27.986  1549  1741 W BroadcastQueue: Background execution not allowed: receiving Intent { act=android.intent.action.PACKAGE_ADDED dat=package: flg=0x4000010 (has extras) } to com.google.android.packageinstaller/com.android.packageinstaller.PackageInstalledReceiver
11-08 20:46:27.986  1549  1741 W BroadcastQueue: Background execution not allowed: receiving Intent { act=android.intent.action.PACKAGE_ADDED dat=package: flg=0x4000010 (has extras) } to com.android.vending/com.google.android.finsky.packagemonitor.impl.PackageMonitorReceiverImpl$RegisteredReceiver
11-08 20:46:27.986  1549  1741 W BroadcastQueue: Background execution not allowed: receiving Intent { act=android.intent.action.PACKAGE_ADDED dat=package: flg=0x4000010 (has extras) } to com.android.vending/com.google.android.finsky.packagemonitor.backgroundimpl.BackgroundPackageMonitorReceiverImpl$RegisteredReceiver
11-08 20:46:27.987  1549  1741 W BroadcastQueue: Background execution not allowed: receiving Intent { act=android.intent.action.PACKAGE_ADDED dat=package: flg=0x4000010 (has extras) } to com.google.android.gms/.games.chimera.GamesSystemBroadcastReceiverProxy
11-08 20:46:27.987  1549  1741 W BroadcastQueue: Background execution not allowed: receiving Intent { act=android.intent.action.PACKAGE_ADDED dat=package: flg=0x4000010 (has extras) } to com.google.android.gms/.gass.chimera.PackageChangeBroadcastReceiver
11-08 20:46:27.987  1549  1741 W BroadcastQueue: Background execution not allowed: receiving Intent { act=android.intent.action.PACKAGE_ADDED dat=package: flg=0x4000010 (has extras) } to com.google.android.gms/.chimera.GmsIntentOperationService$PersistentTrustedReceiver
11-08 20:46:27.987  1549  1741 W BroadcastQueue: Background execution not allowed: receiving Intent { act=android.intent.action.PACKAGE_ADDED dat=package: flg=0x4000010 (has extras) } to com.google.android.googlequicksearchbox/com.google.android.apps.gsa.googlequicksearchbox.GelStubAppWatcher
11-08 20:46:27.989  1549  1741 W BroadcastQueue: u0 Receiving a broadcast in packagecom.cncd.japan.janli.shudu requires a permissions review
11-08 20:46:27.989  1549  1741 W BroadcastQueue: Skipping delivery: permission review required for Intent { act=android.intent.action.PACKAGE_ADDED dat=package: flg=0x4000010 (has extras) } from null (pid=1549, uid=1000) to com.cncd.japan.janli.shudu/net.l.k.r
11-08 20:46:27.989  1549  1741 W BroadcastQueue: u0 Receiving a broadcast in packagecom.cncd.japan.janli.shudu requires a permissions review
11-08 20:46:27.989  1549  1741 W BroadcastQueue: Skipping delivery: permission review required for Intent { act=android.intent.action.PACKAGE_ADDED dat=package: flg=0x4000010 (has extras) } from null (pid=1549, uid=1000) to com.cncd.japan.janli.shudu/com.feiwofour.coverscreen.SR
11-08 20:46:27.989  1549  1741 W BroadcastQueue: u0 Receiving a broadcast in packagecom.games.mengmeizhitd requires a permissions review
11-08 20:46:27.989  1549  1741 W BroadcastQueue: Skipping delivery: permission review required for Intent { act=android.intent.action.PACKAGE_ADDED dat=package: flg=0x4000010 (has extras) } from null (pid=1549, uid=1000) to com.games.mengmeizhitd/hjnw.ihjnw.i.isqly
11-08 20:46:27.989  1549  1741 W BroadcastQueue: u0 Receiving a broadcast in packagecom.hgperfko.yaeghrwx requires a permissions review
11-08 20:46:27.989  1549  1741 W BroadcastQueue: Skipping delivery: permission review required for Intent { act=android.intent.action.PACKAGE_ADDED dat=package: flg=0x4000010 (has extras) } from null (pid=1549, uid=1000) to com.hgperfko.yaeghrwx/.core.hLytdCQDBv
11-08 20:46:27.989  1549  1741 W BroadcastQueue: u0 Receiving a broadcast in packagecom.qiuqiu.dfmc requires a permissions review
11-08 20:46:27.989  1549  1741 W BroadcastQueue: Skipping delivery: permission review required for Intent { act=android.intent.action.PACKAGE_ADDED dat=package: flg=0x4000010 (has extras) } from null (pid=1549, uid=1000) to com.qiuqiu.dfmc/cn.jpush.android.service.PushReceiver
11-08 20:46:27.989  1549  1741 W BroadcastQueue: u0 Receiving a broadcast in packagecom.safesys.viruskiller requires a permissions review
11-08 20:46:27.989  1549  1741 W BroadcastQueue: Skipping delivery: permission review required for Intent { act=android.intent.action.PACKAGE_ADDED dat=package: flg=0x4000010 (has extras) } from null (pid=1549, uid=1000) to com.safesys.viruskiller/.ScanPackageBroadcast
11-08 20:46:27.989  1549  1741 W BroadcastQueue: u0 Receiving a broadcast in packagecom.uc108.mobile.sdgj.bd1 requires a permissions review
11-08 20:46:27.989  1549  1741 W BroadcastQueue: Skipping delivery: permission review required for Intent { act=android.intent.action.PACKAGE_ADDED dat=package: flg=0x4000010 (has extras) } from null (pid=1549, uid=1000) to com.uc108.mobile.sdgj.bd1/com.baidu.tiebasdk.service.InstallReceiver
11-08 20:46:27.989  1549  1741 W BroadcastQueue: u0 Receiving a broadcast in packagecom.voicebianshengjinglingwc.wxl requires a permissions review
11-08 20:46:27.989  1549  1741 W BroadcastQueue: Skipping delivery: permission review required for Intent { act=android.intent.action.PACKAGE_ADDED dat=package: flg=0x4000010 (has extras) } from null (pid=1549, uid=1000) to com.voicebianshengjinglingwc.wxl/mp.ruu.Ztjjwrj
