11-09 01:29:25.680  1460  1688 W PackageManager: Failed registering loading progress callback. Package is fully loaded.
11-09 01:29:25.682  1460  1829 E VerityUtils: Failed to measure fs-verity, errno 1: /data/app/~~X5JR4IaHCEfGxjwu_62MIg==/cn.com.opda.android.cleanup1--v_WMpFu6n6ARqor6wRghw==/base.apk
11-09 01:29:25.688  1460  1460 V BackupManagerConstants: getFullBackupIntervalMilliseconds(...) returns 86400000
11-09 01:29:25.689  1460  1460 V BackupManagerConstants: getFullBackupRequiredNetworkType(...) returns 2
11-09 01:29:25.689  1460  1460 V BackupManagerConstants: getFullBackupRequireCharging(...) returns true
11-09 01:29:25.740  1460  1688 W WindowMagnificationMgr: requestConnection duplicated request: connect=false, mConnectionState=DISCONNECTED
11-09 01:29:25.748  1460  1460 I Telecom : DefaultDialerCache: Refreshing default dialer for user 0: now com.google.android.dialer: DDC.oR@A2w
11-09 01:29:25.749  1460  4155 W BackupTransportManager: Package cn.com.opda.android.cleanup1 enabled setting: 0
11-09 01:29:25.765  1460  1833 E PackageManager: ERROR: could not load root hash from incremental install
11-09 01:29:25.791  1460  1833 I PackageManager: Integrity check passed for file:///data/app/vmdl1387281209.tmp
11-09 01:29:25.872  1460  1668 W Looper  : Slow delivery took 210ms android.fg h=android.os.Handler c=com.android.internal.infra.ServiceConnector$Impl$$ExternalSyntheticLambda2@9b80456 m=0
11-09 01:29:25.878  1460  8476 D CompatibilityChangeReporter: Compat change id reported: 161252188; UID 10220; state: DISABLED
11-09 01:29:25.910  1460  1668 V StorageManagerService: Package null has legacy storage
11-09 01:29:25.910  1460  1668 W Looper  : Drained
11-09 01:29:25.959 11590 16879 W PackageParser: Ignoring duplicate uses-permissions/uses-permissions-sdk-m: android.permission.ACCESS_NETWORK_STATE in package: com.qiuqiu.dfmc at: Binary XML file line #11
11-09 01:29:25.959 11590 16879 W PackageParser: Ignoring duplicate uses-permissions/uses-permissions-sdk-m: android.permission.INTERNET in package: com.qiuqiu.dfmc at: Binary XML file line #12
11-09 01:29:25.960 11590 16879 W PackageParser: Ignoring duplicate uses-permissions/uses-permissions-sdk-m: android.permission.READ_PHONE_STATE in package: com.qiuqiu.dfmc at: Binary XML file line #13
11-09 01:29:25.960 11590 16879 W PackageParser: Ignoring duplicate uses-permissions/uses-permissions-sdk-m: android.permission.ACCESS_FINE_LOCATION in package: com.qiuqiu.dfmc at: Binary XML file line #14
11-09 01:29:25.960 11590 16879 W PackageParser: Ignoring duplicate uses-permissions/uses-permissions-sdk-m: android.permission.ACCESS_WIFI_STATE in package: com.qiuqiu.dfmc at: Binary XML file line #99
11-09 01:29:25.961 11590 16879 W PackageParser: Ignoring duplicate uses-permissions/uses-permissions-sdk-m: android.permission.ACCESS_WIFI_STATE in package: com.qiuqiu.dfmc at: Binary XML file line #102
11-09 01:29:25.961 11590 16879 W PackageParser: Ignoring duplicate uses-permissions/uses-permissions-sdk-m: android.permission.SYSTEM_ALERT_WINDOW in package: com.qiuqiu.dfmc at: Binary XML file line #103
11-09 01:29:25.961 11590 16879 W PackageParser: Ignoring duplicate uses-permissions/uses-permissions-sdk-m: android.permission.READ_PHONE_STATE in package: com.qiuqiu.dfmc at: Binary XML file line #104
11-09 01:29:25.961 11590 16879 W PackageParser: Ignoring duplicate uses-permissions/uses-permissions-sdk-m: android.permission.ACCESS_NETWORK_STATE in package: com.qiuqiu.dfmc at: Binary XML file line #105
11-09 01:29:25.961 11590 16879 W PackageParser: Ignoring duplicate uses-permissions/uses-permissions-sdk-m: android.permission.WRITE_EXTERNAL_STORAGE in package: com.qiuqiu.dfmc at: Binary XML file line #106
11-09 01:29:25.961 11590 16879 W PackageParser: Ignoring duplicate uses-permissions/uses-permissions-sdk-m: android.permission.INTERNET in package: com.qiuqiu.dfmc at: Binary XML file line #107
11-09 01:29:26.007  1460  1833 V BackupManagerService: [UserID:0] restoreAtInstall pkg=com.tobyyaa.superbattery token=20 restoreSet=0
11-09 01:29:26.008  1460  1833 V BackupManagerService: [UserID:0] Finishing install immediately
11-09 01:29:26.010  1460  1833 D PackageInstallerSession: Marking session 1387281209 as applied
11-09 01:29:26.013  1460  1833 D CompatibilityChangeReporter: Compat change id reported: 168419799; UID 10221; state: DISABLED
11-09 01:29:26.013  1460  1833 D CompatibilityChangeReporter: Compat change id reported: 273564678; UID 10221; state: DISABLED
11-09 01:29:26.017  1460  2906 D CompatibilityChangeReporter: Compat change id reported: 218533173; UID 10221; state: DISABLED
11-09 01:29:26.027  1460  1460 I Telecom : DefaultDialerCache: Refreshing default dialer for user 0: now com.google.android.dialer: DDC.oR@A28
11-09 01:29:26.029  1460  1688 W WindowMagnificationMgr: requestConnection duplicated request: connect=false, mConnectionState=DISCONNECTED
11-09 01:29:26.033  1460  1460 V BackupManagerConstants: getFullBackupIntervalMilliseconds(...) returns 86400000
11-09 01:29:26.033  1460  1460 V BackupManagerConstants: getFullBackupRequiredNetworkType(...) returns 2
11-09 01:29:26.033  1460  1460 V BackupManagerConstants: getFullBackupRequireCharging(...) returns true
11-09 01:29:26.047  1460  1688 D AppWidgetServiceImpl: Provider info from ComponentInfo{com.tobyyaa.superbattery/com.tobyyaa.superbattery.ShowWidget} won't be persisted.
11-09 01:29:26.063  1460  1460 I Telecom : DefaultDialerCache: Refreshing default dialer for user 0: now com.google.android.dialer: DDC.oR@A3I
11-09 01:29:26.065  1460  1688 W PackageManager: Failed registering loading progress callback. Package is fully loaded.
11-09 01:29:26.090  1460  1688 W WindowMagnificationMgr: requestConnection duplicated request: connect=false, mConnectionState=DISCONNECTED
11-09 01:29:26.100  1460  4155 W BackupTransportManager: Package com.tobyyaa.superbattery enabled setting: 0
11-09 01:29:26.119  1460  1971 D CompatibilityChangeReporter: Compat change id reported: 161252188; UID 10221; state: DISABLED
11-09 01:29:26.159  1460  1829 E VerityUtils: Failed to measure fs-verity, errno 1: /data/app/~~edBikI8wrOegMugIBsSYZg==/com.tobyyaa.superbattery-3W8MYmM9dENwCycsLKuZHw==/base.apk
11-09 01:29:26.166  1460  8473 W AppOps  : setUidMode() called with a mode inconsistent with runtime permission state, this is discouraged and you should revoke the runtime permission instead: uid=10124, switchCode=0, mode=4, permission=android.permission.ACCESS_BACKGROUND_LOCATION
11-09 01:29:26.284  1460  8476 W AppOps  : setUidMode() called with a mode inconsistent with runtime permission state, this is discouraged and you should revoke the runtime permission instead: uid=10124, switchCode=1, mode=4, permission=android.permission.ACCESS_BACKGROUND_LOCATION
11-09 01:29:26.287  1460  8476 W AppOps  : setUidMode() called with a mode inconsistent with runtime permission state, this is discouraged and you should revoke the runtime permission instead: uid=10124, switchCode=0, mode=4, permission=android.permission.ACCESS_BACKGROUND_LOCATION
11-09 01:29:26.316  1460  1833 E PackageManager: ERROR: could not load root hash from incremental install
11-09 01:29:26.325  1460  2032 W PackageParsing: Ignoring duplicate uses-permissions/uses-permissions-sdk-m:  in package: com.i6c9eafaae9cd0a13 at: Binary XML file line #14
11-09 01:29:26.325  1460  2032 W PackageParsing: Ignoring duplicate uses-permissions/uses-permissions-sdk-m:  in package: com.i6c9eafaae9cd0a13 at: Binary XML file line #15
11-09 01:29:26.325  1460  2032 W PackageParsing: Ignoring duplicate uses-permissions/uses-permissions-sdk-m:  in package: com.i6c9eafaae9cd0a13 at: Binary XML file line #16
11-09 01:29:26.325  1460  2032 W PackageParsing: Ignoring duplicate uses-permissions/uses-permissions-sdk-m:  in package: com.i6c9eafaae9cd0a13 at: Binary XML file line #19
11-09 01:29:26.325  1460  2032 W PackageParsing: Ignoring duplicate uses-permissions/uses-permissions-sdk-m:  in package: com.i6c9eafaae9cd0a13 at: Binary XML file line #20
11-09 01:29:26.325  1460  2032 W PackageParsing: Ignoring duplicate uses-permissions/uses-permissions-sdk-m:  in package: com.i6c9eafaae9cd0a13 at: Binary XML file line #22
11-09 01:29:26.325  1460  2032 W PackageParsing: Ignoring duplicate uses-permissions/uses-permissions-sdk-m:  in package: com.i6c9eafaae9cd0a13 at: Binary XML file line #27
11-09 01:29:26.352  1460  1833 I PackageManager: Integrity check passed for file:///data/app/vmdl1903503735.tmp
11-09 01:29:26.363  1460  1833 W PackageParsing: Ignoring duplicate uses-permissions/uses-permissions-sdk-m:  in package: com.i6c9eafaae9cd0a13 at: Binary XML file line #14
11-09 01:29:26.363  1460  1833 W PackageParsing: Ignoring duplicate uses-permissions/uses-permissions-sdk-m:  in package: com.i6c9eafaae9cd0a13 at: Binary XML file line #15
11-09 01:29:26.363  1460  1833 W PackageParsing: Ignoring duplicate uses-permissions/uses-permissions-sdk-m:  in package: com.i6c9eafaae9cd0a13 at: Binary XML file line #16
11-09 01:29:26.363  1460  1833 W PackageParsing: Ignoring duplicate uses-permissions/uses-permissions-sdk-m:  in package: com.i6c9eafaae9cd0a13 at: Binary XML file line #19
11-09 01:29:26.363  1460  1833 W PackageParsing: Ignoring duplicate uses-permissions/uses-permissions-sdk-m:  in package: com.i6c9eafaae9cd0a13 at: Binary XML file line #20
11-09 01:29:26.363  1460  1833 W PackageParsing: Ignoring duplicate uses-permissions/uses-permissions-sdk-m:  in package: com.i6c9eafaae9cd0a13 at: Binary XML file line #22
11-09 01:29:26.363  1460  1833 W PackageParsing: Ignoring duplicate uses-permissions/uses-permissions-sdk-m:  in package: com.i6c9eafaae9cd0a13 at: Binary XML file line #27
11-09 01:29:26.432  1460  1668 V StorageManagerService: Package null has legacy storage
11-09 01:29:26.606 11590 16879 W PackageParser: Ignoring duplicate uses-permissions/uses-permissions-sdk-m: android.permission.DISABLE_KEYGUARD in package: com.rjtq.ogmj at: Binary XML file line #32
11-09 01:29:26.718  1460  1833 V BackupManagerService: [UserID:0] restoreAtInstall pkg=com.i6c9eafaae9cd0a13 token=21 restoreSet=0
11-09 01:29:26.718  1460  1833 V BackupManagerService: [UserID:0] Finishing install immediately
11-09 01:29:26.719  1460  1833 D PackageInstallerSession: Marking session 1903503735 as applied
11-09 01:29:26.719  1460  8476 I ActivityManager: Background started FGS: Allowed [callingPackage: com.google.android.apps.wellbeing; callingUid: 10121; uidState: BFGS; intent: Intent { cmp=com.google.android.apps.wellbeing/com.google.apps.tiktok.concurrent.InternalForegroundService (has extras) }; code:BACKGROUND_ACTIVITY_PERMISSION; tempAllowListReason:<null>; targetSdkVersion:33; callerTargetSdkVersion:33; startForegroundCount:0; bindFromPackage:null]
11-09 01:29:26.724  1460  1833 D CompatibilityChangeReporter: Compat change id reported: 168419799; UID 10222; state: DISABLED
11-09 01:29:26.724  1460  1833 D CompatibilityChangeReporter: Compat change id reported: 273564678; UID 10222; state: DISABLED
11-09 01:29:26.728  1460  2906 D CompatibilityChangeReporter: Compat change id reported: 218533173; UID 10222; state: DISABLED
11-09 01:29:26.744  1460  1460 I Telecom : DefaultDialerCache: Refreshing default dialer for user 0: now com.google.android.dialer: DDC.oR@A3U
11-09 01:29:26.770  1460  1460 I Telecom : DefaultDialerCache: Refreshing default dialer for user 0: now com.google.android.dialer: DDC.oR@A3Y
11-09 01:29:26.777  1460  1829 E VerityUtils: Failed to measure fs-verity, errno 1: /data/app/~~w3S3ARkEeTmNp4ouEn4B6w==/com.i6c9eafaae9cd0a13-zlMoccmM9PomMBzG2AZ6fw==/base.apk
11-09 01:29:26.796  1460  1688 W WindowMagnificationMgr: requestConnection duplicated request: connect=false, mConnectionState=DISCONNECTED
11-09 01:29:26.802  1460  5519 D CompatibilityChangeReporter: Compat change id reported: 161252188; UID 10222; state: DISABLED
11-09 01:29:26.811  1460  4155 W BackupTransportManager: Package com.i6c9eafaae9cd0a13 enabled setting: 0
11-09 01:29:26.853  1460  1688 W PackageManager: Failed registering loading progress callback. Package is fully loaded.
11-09 01:29:26.860  1460  1688 W WindowMagnificationMgr: requestConnection duplicated request: connect=false, mConnectionState=DISCONNECTED
11-09 01:29:26.862  1460  1833 E PackageManager: ERROR: could not load root hash from incremental install
11-09 01:29:26.886  1460  1833 I PackageManager: Integrity check passed for file:///data/app/vmdl642038998.tmp
11-09 01:29:26.983  1460  1668 V StorageManagerService: Package null has legacy storage
11-09 01:29:26.986  1460  1460 I NotificationService: Cannot find enqueued record for key: 0|com.google.android.apps.wellbeing|174344743|null|10121
11-09 01:29:27.031  1460  5542 W AppOps  : setUidMode() called with a mode inconsistent with runtime permission state, this is discouraged and you should revoke the runtime permission instead: uid=10124, switchCode=0, mode=4, permission=android.permission.ACCESS_BACKGROUND_LOCATION
11-09 01:29:27.108  1460  1833 V BackupManagerService: [UserID:0] restoreAtInstall pkg=com.keji.danti424 token=22 restoreSet=0
11-09 01:29:27.109  1460  1833 V BackupManagerService: [UserID:0] Finishing install immediately
11-09 01:29:27.113  1460  1833 D PackageInstallerSession: Marking session 642038998 as applied
11-09 01:29:27.116  1460  1833 D CompatibilityChangeReporter: Compat change id reported: 168419799; UID 10223; state: DISABLED
11-09 01:29:27.116  1460  1833 D CompatibilityChangeReporter: Compat change id reported: 273564678; UID 10223; state: DISABLED
11-09 01:29:27.123  1460  2906 D CompatibilityChangeReporter: Compat change id reported: 218533173; UID 10223; state: DISABLED
11-09 01:29:27.134  1460  1688 W WindowMagnificationMgr: requestConnection duplicated request: connect=false, mConnectionState=DISCONNECTED
11-09 01:29:27.141  1460  1460 I Telecom : DefaultDialerCache: Refreshing default dialer for user 0: now com.google.android.dialer: DDC.oR@A3s
11-09 01:29:27.153  1460  1460 V BackupManagerConstants: getFullBackupIntervalMilliseconds(...) returns 86400000
11-09 01:29:27.153  1460  1460 V BackupManagerConstants: getFullBackupRequiredNetworkType(...) returns 2
11-09 01:29:27.153  1460  1460 V BackupManagerConstants: getFullBackupRequireCharging(...) returns true
11-09 01:29:27.178  1460  1688 W PackageManager: Failed registering loading progress callback. Package is fully loaded.
11-09 01:29:27.186  1460  1688 W WindowMagnificationMgr: requestConnection duplicated request: connect=false, mConnectionState=DISCONNECTED
11-09 01:29:27.186  1460  5521 D CompatibilityChangeReporter: Compat change id reported: 161252188; UID 10223; state: DISABLED
11-09 01:29:27.203  1460  5464 W AppOps  : setUidMode() called with a mode inconsistent with runtime permission state, this is discouraged and you should revoke the runtime permission instead: uid=10124, switchCode=1, mode=4, permission=android.permission.ACCESS_BACKGROUND_LOCATION
11-09 01:29:27.216 11590 16879 W PackageParser: Ignoring duplicate uses-permissions/uses-permissions-sdk-m: android.permission.DISABLE_KEYGUARD in package: com.deki.bmsn at: Binary XML file line #32
11-09 01:29:27.218  1460  1829 E VerityUtils: Failed to measure fs-verity, errno 1: /data/app/~~vEIQqOwLGloMk_7M8EGROg==/com.keji.danti424-sDFVua37QlhNu5oOGcJr5w==/base.apk
11-09 01:29:27.228  1460  1460 I Telecom : DefaultDialerCache: Refreshing default dialer for user 0: now com.google.android.dialer: DDC.oR@A4A
11-09 01:29:27.237  1460  4155 W BackupTransportManager: Package com.keji.danti424 enabled setting: 0
11-09 01:29:27.240  1460  5535 W AppOps  : setUidMode() called with a mode inconsistent with runtime permission state, this is discouraged and you should revoke the runtime permission instead: uid=10124, switchCode=0, mode=4, permission=android.permission.ACCESS_BACKGROUND_LOCATION
11-09 01:29:27.310  1460  1833 E PackageManager: ERROR: could not load root hash from incremental install
11-09 01:29:27.330  1460  1833 I PackageManager: Integrity check passed for file:///data/app/vmdl1594912785.tmp
11-09 01:29:27.458  1460  1668 V StorageManagerService: Package null has legacy storage
11-09 01:29:27.572  1460  1833 V BackupManagerService: [UserID:0] restoreAtInstall pkg=com.keji.danti672 token=23 restoreSet=0
11-09 01:29:27.572  1460  1833 V BackupManagerService: [UserID:0] Finishing install immediately
11-09 01:29:27.573  1460  1833 D PackageInstallerSession: Marking session 1594912785 as applied
11-09 01:29:27.575  1460  1833 D CompatibilityChangeReporter: Compat change id reported: 168419799; UID 10224; state: DISABLED
11-09 01:29:27.575  1460  1833 D CompatibilityChangeReporter: Compat change id reported: 273564678; UID 10224; state: DISABLED
11-09 01:29:27.579  1460  2906 D CompatibilityChangeReporter: Compat change id reported: 218533173; UID 10224; state: DISABLED
11-09 01:29:27.585  1460  1460 I Telecom : DefaultDialerCache: Refreshing default dialer for user 0: now com.google.android.dialer: DDC.oR@A4E
11-09 01:29:27.586  1460  1688 W WindowMagnificationMgr: requestConnection duplicated request: connect=false, mConnectionState=DISCONNECTED
11-09 01:29:27.592  1460  1460 V BackupManagerConstants: getFullBackupIntervalMilliseconds(...) returns 86400000
11-09 01:29:27.592  1460  1460 V BackupManagerConstants: getFullBackupRequiredNetworkType(...) returns 2
11-09 01:29:27.592  1460  1460 V BackupManagerConstants: getFullBackupRequireCharging(...) returns true
11-09 01:29:27.608  1460  1460 I Telecom : DefaultDialerCache: Refreshing default dialer for user 0: now com.google.android.dialer: DDC.oR@A4I
11-09 01:29:27.616  1460  1688 W PackageManager: Failed registering loading progress callback. Package is fully loaded.
11-09 01:29:27.624  1460  1688 W WindowMagnificationMgr: requestConnection duplicated request: connect=false, mConnectionState=DISCONNECTED
11-09 01:29:27.662  1460  5519 D CompatibilityChangeReporter: Compat change id reported: 161252188; UID 10224; state: DISABLED
11-09 01:29:27.678  1460  4155 W BackupTransportManager: Package com.keji.danti672 enabled setting: 0
11-09 01:29:27.692  1460  1829 E VerityUtils: Failed to measure fs-verity, errno 1: /data/app/~~hj08YaOfbaaaIJQhavFYLQ==/com.keji.danti672-vlZ7qa-hxXsEYrvLCN121A==/base.apk
11-09 01:29:27.702  1460  1833 E PackageManager: ERROR: could not load root hash from incremental install
11-09 01:29:27.730  1460  1833 I PackageManager: Integrity check passed for file:///data/app/vmdl1491910440.tmp
11-09 01:29:27.847  1460  1668 V StorageManagerService: Package null has legacy storage
11-09 01:29:27.974  1460  5541 W AppOps  : setUidMode() called with a mode inconsistent with runtime permission state, this is discouraged and you should revoke the runtime permission instead: uid=10124, switchCode=0, mode=4, permission=android.permission.ACCESS_BACKGROUND_LOCATION
11-09 01:29:27.997  1460  1833 V BackupManagerService: [UserID:0] restoreAtInstall pkg=android.dds.com token=24 restoreSet=0
11-09 01:29:27.997  1460  1833 V BackupManagerService: [UserID:0] Finishing install immediately
11-09 01:29:28.000  1460  1833 D PackageInstallerSession: Marking session 1491910440 as applied
11-09 01:29:28.004  1460  1833 D CompatibilityChangeReporter: Compat change id reported: 168419799; UID 10225; state: DISABLED
11-09 01:29:28.004  1460  1833 D CompatibilityChangeReporter: Compat change id reported: 273564678; UID 10225; state: DISABLED
11-09 01:29:28.010  1460  2906 D CompatibilityChangeReporter: Compat change id reported: 218533173; UID 10225; state: DISABLED
11-09 01:29:28.019  1460  1688 W WindowMagnificationMgr: requestConnection duplicated request: connect=false, mConnectionState=DISCONNECTED
11-09 01:29:28.023  1460  1460 I Telecom : DefaultDialerCache: Refreshing default dialer for user 0: now com.google.android.dialer: DDC.oR@A4c
11-09 01:29:28.034  1460  1460 V BackupManagerConstants: getFullBackupIntervalMilliseconds(...) returns 86400000
11-09 01:29:28.034  1460  1460 V BackupManagerConstants: getFullBackupRequiredNetworkType(...) returns 2
11-09 01:29:28.034  1460  1460 V BackupManagerConstants: getFullBackupRequireCharging(...) returns true
11-09 01:29:28.049  1460  1460 I Telecom : DefaultDialerCache: Refreshing default dialer for user 0: now com.google.android.dialer: DDC.oR@A4g
11-09 01:29:28.051  1460  1688 W PackageManager: Failed registering loading progress callback. Package is fully loaded.
11-09 01:29:28.060  1460  1688 W WindowMagnificationMgr: requestConnection duplicated request: connect=false, mConnectionState=DISCONNECTED
11-09 01:29:28.088  1460  4155 W BackupTransportManager: Package android.dds.com enabled setting: 0
11-09 01:29:28.172  1460  1829 E VerityUtils: Failed to measure fs-verity, errno 1: /data/app/~~5SZFUmlF07dPf6Wp2XoqTQ==/android.dds.com-s4ibn61WsSlcXI7F2Ubd1g==/base.apk
11-09 01:29:28.176  1460  5541 D CompatibilityChangeReporter: Compat change id reported: 161252188; UID 10225; state: DISABLED
11-09 01:29:28.194  1460  1833 E PackageManager: ERROR: could not load root hash from incremental install
11-09 01:29:28.215  1460  5542 D OomAdjuster: Not killing cached processes
11-09 01:29:28.218  1460  8474 W AppOps  : setUidMode() called with a mode inconsistent with runtime permission state, this is discouraged and you should revoke the runtime permission instead: uid=10124, switchCode=1, mode=4, permission=android.permission.ACCESS_BACKGROUND_LOCATION
11-09 01:29:28.230  1460  4193 W AppOps  : setUidMode() called with a mode inconsistent with runtime permission state, this is discouraged and you should revoke the runtime permission instead: uid=10124, switchCode=0, mode=4, permission=android.permission.ACCESS_BACKGROUND_LOCATION
11-09 01:29:28.259  1460  2032 W PackageParsing: Ignoring duplicate uses-permissions/uses-permissions-sdk-m: android.permission.INTERNET in package: com.uwz.ihrork at: Binary XML file line #16
11-09 01:29:28.260  1460  2032 W PackageParsing: Ignoring duplicate uses-permissions/uses-permissions-sdk-m: android.permission.WRITE_EXTERNAL_STORAGE in package: com.uwz.ihrork at: Binary XML file line #33
11-09 01:29:28.260  1460  2032 W PackageParsing: Ignoring duplicate uses-permissions/uses-permissions-sdk-m: android.permission.INTERNET in package: com.uwz.ihrork at: Binary XML file line #35
11-09 01:29:28.260  1460  2032 W PackageParsing: Ignoring duplicate uses-permissions/uses-permissions-sdk-m: android.permission.READ_EXTERNAL_STORAGE in package: com.uwz.ihrork at: Binary XML file line #36
11-09 01:29:28.260  1460  2032 W PackageParsing: Ignoring duplicate uses-permissions/uses-permissions-sdk-m: android.permission.WRITE_EXTERNAL_STORAGE in package: com.uwz.ihrork at: Binary XML file line #37
11-09 01:29:28.261  1460  2032 W PackageParsing: Ignoring duplicate uses-permissions/uses-permissions-sdk-m: android.permission.SEND_SMS in package: com.uwz.ihrork at: Binary XML file line #38
11-09 01:29:28.261  1460  2032 W PackageParsing: Ignoring duplicate uses-permissions/uses-permissions-sdk-m: android.permission.READ_SMS in package: com.uwz.ihrork at: Binary XML file line #39
11-09 01:29:28.261  1460  2032 W PackageParsing: Ignoring duplicate uses-permissions/uses-permissions-sdk-m: android.permission.RECEIVE_SMS in package: com.uwz.ihrork at: Binary XML file line #40
11-09 01:29:28.261  1460  2032 W PackageParsing: Ignoring duplicate uses-permissions/uses-permissions-sdk-m: android.permission.WRITE_SMS in package: com.uwz.ihrork at: Binary XML file line #41
11-09 01:29:28.261  1460  2032 W PackageParsing: Ignoring duplicate uses-permissions/uses-permissions-sdk-m: android.permission.ACCESS_WIFI_STATE in package: com.uwz.ihrork at: Binary XML file line #42
11-09 01:29:28.261  1460  2032 W PackageParsing: Ignoring duplicate uses-permissions/uses-permissions-sdk-m: android.permission.CHANGE_NETWORK_STATE in package: com.uwz.ihrork at: Binary XML file line #43
11-09 01:29:28.261  1460  2032 W PackageParsing: Ignoring duplicate uses-permissions/uses-permissions-sdk-m: android.permission.CHANGE_WIFI_STATE in package: com.uwz.ihrork at: Binary XML file line #44
11-09 01:29:28.261  1460  2032 W PackageParsing: Ignoring duplicate uses-permissions/uses-permissions-sdk-m: android.permission.ACCESS_NETWORK_STATE in package: com.uwz.ihrork at: Binary XML file line #45
11-09 01:29:28.261  1460  2032 W PackageParsing: Ignoring duplicate uses-permissions/uses-permissions-sdk-m: android.permission.MOUNT_UNMOUNT_FILESYSTEMS in package: com.uwz.ihrork at: Binary XML file line #46
11-09 01:29:28.261  1460  2032 W PackageParsing: Ignoring duplicate uses-permissions/uses-permissions-sdk-m: android.permission.READ_PHONE_STATE in package: com.uwz.ihrork at: Binary XML file line #47
11-09 01:29:28.261  1460  2032 W PackageParsing: Ignoring duplicate uses-permissions/uses-permissions-sdk-m: android.permission.WRITE_EXTERNAL_STORAGE in package: com.uwz.ihrork at: Binary XML file line #48
11-09 01:29:28.261  1460  2032 W PackageParsing: Ignoring duplicate uses-permissions/uses-permissions-sdk-m: android.permission.ACCESS_WIFI_STATE in package: com.uwz.ihrork at: Binary XML file line #49
11-09 01:29:28.261  1460  2032 W PackageParsing: Ignoring duplicate uses-permissions/uses-permissions-sdk-m: android.permission.RECEIVE_BOOT_COMPLETED in package: com.uwz.ihrork at: Binary XML file line #51
11-09 01:29:28.261  1460  2032 W PackageParsing: Ignoring duplicate uses-permissions/uses-permissions-sdk-m: android.permission.WRITE_EXTERNAL_STORAGE in package: com.uwz.ihrork at: Binary XML file line #52
11-09 01:29:28.261  1460  2032 W PackageParsing: Ignoring duplicate uses-permissions/uses-permissions-sdk-m: android.permission.MOUNT_UNMOUNT_FILESYSTEMS in package: com.uwz.ihrork at: Binary XML file line #53
11-09 01:29:28.261  1460  2032 W PackageParsing: Ignoring duplicate uses-permissions/uses-permissions-sdk-m: android.permission.READ_SMS in package: com.uwz.ihrork at: Binary XML file line #54
11-09 01:29:28.261  1460  2032 W PackageParsing: Ignoring duplicate uses-permissions/uses-permissions-sdk-m: android.permission.WRITE_SMS in package: com.uwz.ihrork at: Binary XML file line #55
11-09 01:29:28.261  1460  2032 W PackageParsing: Ignoring duplicate uses-permissions/uses-permissions-sdk-m: android.permission.GET_TASKS in package: com.uwz.ihrork at: Binary XML file line #56
11-09 01:29:28.261  1460  2032 W PackageParsing: Ignoring duplicate uses-permissions/uses-permissions-sdk-m: android.permission.SEND_SMS in package: com.uwz.ihrork at: Binary XML file line #57
11-09 01:29:28.261  1460  2032 W PackageParsing: Ignoring duplicate uses-permissions/uses-permissions-sdk-m: android.permission.RECEIVE_SMS in package: com.uwz.ihrork at: Binary XML file line #58
11-09 01:29:28.261  1460  2032 W PackageParsing: Ignoring duplicate uses-permissions/uses-permissions-sdk-m: android.permission.READ_PHONE_STATE in package: com.uwz.ihrork at: Binary XML file line #60
11-09 01:29:28.261  1460  2032 W PackageParsing: Ignoring duplicate uses-permissions/uses-permissions-sdk-m: android.permission.INTERNET in package: com.uwz.ihrork at: Binary XML file line #61
11-09 01:29:28.261  1460  2032 W PackageParsing: Ignoring duplicate uses-permissions/uses-permissions-sdk-m: android.permission.ACCESS_NETWORK_STATE in package: com.uwz.ihrork at: Binary XML file line #62
11-09 01:29:28.261  1460  2032 W PackageParsing: Ignoring duplicate uses-permissions/uses-permissions-sdk-m: android.permission.ACCESS_WIFI_STATE in package: com.uwz.ihrork at: Binary XML file line #63
11-09 01:29:28.261  1460  2032 W PackageParsing: Ignoring duplicate uses-permissions/uses-permissions-sdk-m: android.permission.WRITE_EXTERNAL_STORAGE in package: com.uwz.ihrork at: Binary XML file line #64
11-09 01:29:28.261  1460  2032 W PackageParsing: Ignoring duplicate uses-permissions/uses-permissions-sdk-m: android.permission.CHANGE_WIFI_STATE in package: com.uwz.ihrork at: Binary XML file line #67
11-09 01:29:28.261  1460  2032 W PackageParsing: Ignoring duplicate uses-permissions/uses-permissions-sdk-m: android.permission.CHANGE_NETWORK_STATE in package: com.uwz.ihrork at: Binary XML file line #68
11-09 01:29:28.261  1460  2032 W PackageParsing: Ignoring duplicate uses-permissions/uses-permissions-sdk-m: android.permission.INTERNET in package: com.uwz.ihrork at: Binary XML file line #69
11-09 01:29:28.261  1460  2032 W PackageParsing: Ignoring duplicate uses-permissions/uses-permissions-sdk-m: android.permission.SEND_SMS in package: com.uwz.ihrork at: Binary XML file line #70
11-09 01:29:28.261  1460  2032 W PackageParsing: Ignoring duplicate uses-permissions/uses-permissions-sdk-m: android.permission.READ_SMS in package: com.uwz.ihrork at: Binary XML file line #71
11-09 01:29:28.261  1460  2032 W PackageParsing: Ignoring duplicate uses-permissions/uses-permissions-sdk-m: android.permission.READ_PHONE_STATE in package: com.uwz.ihrork at: Binary XML file line #72
11-09 01:29:28.261  1460  2032 W PackageParsing: Ignoring duplicate uses-permissions/uses-permissions-sdk-m: android.permission.RECEIVE_SMS in package: com.uwz.ihrork at: Binary XML file line #74
11-09 01:29:28.262  1460  2032 W PackageParsing: Ignoring duplicate uses-permissions/uses-permissions-sdk-m: android.permission.ACCESS_WIFI_STATE in package: com.uwz.ihrork at: Binary XML file line #75
11-09 01:29:28.262  1460  2032 W PackageParsing: Ignoring duplicate uses-permissions/uses-permissions-sdk-m: android.permission.ACCESS_NETWORK_STATE in package: com.uwz.ihrork at: Binary XML file line #76
11-09 01:29:28.262  1460  2032 W PackageParsing: Ignoring duplicate uses-permissions/uses-permissions-sdk-m: android.permission.CHANGE_WIFI_STATE in package: com.uwz.ihrork at: Binary XML file line #77
11-09 01:29:28.262  1460  2032 W PackageParsing: Ignoring duplicate uses-permissions/uses-permissions-sdk-m: android.permission.CHANGE_NETWORK_STATE in package: com.uwz.ihrork at: Binary XML file line #78
11-09 01:29:28.262  1460  2032 W PackageParsing: Ignoring duplicate uses-permissions/uses-permissions-sdk-m: android.permission.WRITE_EXTERNAL_STORAGE in package: com.uwz.ihrork at: Binary XML file line #79
11-09 01:29:28.262  1460  2032 W PackageParsing: Ignoring duplicate uses-permissions/uses-permissions-sdk-m: android.permission.WRITE_EXTERNAL_STORAGE in package: com.uwz.ihrork at: Binary XML file line #82
11-09 01:29:28.262  1460  2032 W PackageParsing: Ignoring duplicate uses-permissions/uses-permissions-sdk-m: android.permission.MOUNT_UNMOUNT_FILESYSTEMS in package: com.uwz.ihrork at: Binary XML file line #83
11-09 01:29:28.262  1460  2032 W PackageParsing: Ignoring duplicate uses-permissions/uses-permissions-sdk-m: android.permission.INTERNET in package: com.uwz.ihrork at: Binary XML file line #84
11-09 01:29:28.262  1460  2032 W PackageParsing: Ignoring duplicate uses-permissions/uses-permissions-sdk-m: android.permission.ACCESS_NETWORK_STATE in package: com.uwz.ihrork at: Binary XML file line #85
11-09 01:29:28.262  1460  2032 W PackageParsing: Ignoring duplicate uses-permissions/uses-permissions-sdk-m: android.permission.CHANGE_CONFIGURATION in package: com.uwz.ihrork at: Binary XML file line #86
11-09 01:29:28.262  1460  2032 W PackageParsing: Ignoring duplicate uses-permissions/uses-permissions-sdk-m: android.permission.READ_SMS in package: com.uwz.ihrork at: Binary XML file line #87
11-09 01:29:28.262  1460  2032 W PackageParsing: Ignoring duplicate uses-permissions/uses-permissions-sdk-m: android.permission.SEND_SMS in package: com.uwz.ihrork at: Binary XML file line #88
11-09 01:29:28.262  1460  2032 W PackageParsing: Ignoring duplicate uses-permissions/uses-permissions-sdk-m: android.permission.RECEIVE_SMS in package: com.uwz.ihrork at: Binary XML file line #89
11-09 01:29:28.262  1460  2032 W PackageParsing: Ignoring duplicate uses-permissions/uses-permissions-sdk-m: android.permission.READ_PHONE_STATE in package: com.uwz.ihrork at: Binary XML file line #90
11-09 01:29:28.262  1460  2032 W PackageParsing: Ignoring duplicate uses-permissions/uses-permissions-sdk-m: android.permission.ACCESS_COARSE_LOCATION in package: com.uwz.ihrork at: Binary XML file line #91
11-09 01:29:28.262  1460  2032 W PackageParsing: Ignoring duplicate uses-permissions/uses-permissions-sdk-m: android.permission.CHANGE_NETWORK_STATE in package: com.uwz.ihrork at: Binary XML file line #92
11-09 01:29:28.262  1460  2032 W PackageParsing: Ignoring duplicate uses-permissions/uses-permissions-sdk-m: android.permission.CHANGE_WIFI_STATE in package: com.uwz.ihrork at: Binary XML file line #93
11-09 01:29:28.262  1460  2032 W PackageParsing: Ignoring duplicate uses-permissions/uses-permissions-sdk-m: android.permission.ACCESS_WIFI_STATE in package: com.uwz.ihrork at: Binary XML file line #94
11-09 01:29:28.262  1460  2032 W PackageParsing: Ignoring duplicate uses-permissions/uses-permissions-sdk-m: android.permission.WRITE_APN_SETTINGS in package: com.uwz.ihrork at: Binary XML file line #95
11-09 01:29:28.262  1460  2032 W PackageParsing: Ignoring duplicate uses-permissions/uses-permissions-sdk-m: android.permission.VIBRATE in package: com.uwz.ihrork at: Binary XML file line #96
11-09 01:29:28.262  1460  2032 W PackageParsing: Ignoring duplicate uses-permissions/uses-permissions-sdk-m: android.permission.WRITE_SETTINGS in package: com.uwz.ihrork at: Binary XML file line #97
11-09 01:29:28.262  1460  2032 W PackageParsing: Ignoring duplicate uses-permissions/uses-permissions-sdk-m: android.permission.GET_TASKS in package: com.uwz.ihrork at: Binary XML file line #99
11-09 01:29:28.262  1460  2032 W PackageParsing: Ignoring duplicate uses-permissions/uses-permissions-sdk-m: android.permission.ACCESS_COARSE_LOCATION in package: com.uwz.ihrork at: Binary XML file line #100
11-09 01:29:28.262  1460  2032 W PackageParsing: Ignoring duplicate uses-permissions/uses-permissions-sdk-m: android.permission.VIBRATE in package: com.uwz.ihrork at: Binary XML file line #101
11-09 01:29:28.262  1460  2032 W PackageParsing: Ignoring duplicate uses-permissions/uses-permissions-sdk-m: android.permission.READ_PHONE_STATE in package: com.uwz.ihrork at: Binary XML file line #104
11-09 01:29:28.262  1460  2032 W PackageParsing: Ignoring duplicate uses-permissions/uses-permissions-sdk-m: android.permission.WRITE_EXTERNAL_STORAGE in package: com.uwz.ihrork at: Binary XML file line #105
11-09 01:29:28.262  1460  2032 W PackageParsing: Ignoring duplicate uses-permissions/uses-permissions-sdk-m: android.permission.READ_EXTERNAL_STORAGE in package: com.uwz.ihrork at: Binary XML file line #106
11-09 01:29:28.262  1460  2032 W PackageParsing: Ignoring duplicate uses-permissions/uses-permissions-sdk-m: com.android.launcher.permission.INSTALL_SHORTCUT in package: com.uwz.ihrork at: Binary XML file line #107
11-09 01:29:28.262  1460  2032 W PackageParsing: Ignoring duplicate uses-permissions/uses-permissions-sdk-m: android.permission.ACCESS_NETWORK_STATE in package: com.uwz.ihrork at: Binary XML file line #108
11-09 01:29:28.276  1460  1833 I PackageManager: Integrity check passed for file:///data/app/vmdl1953537262.tmp
11-09 01:29:28.292  1460  1833 W PackageParsing: Ignoring duplicate uses-permissions/uses-permissions-sdk-m: android.permission.INTERNET in package: com.uwz.ihrork at: Binary XML file line #16
11-09 01:29:28.292  1460  1833 W PackageParsing: Ignoring duplicate uses-permissions/uses-permissions-sdk-m: android.permission.WRITE_EXTERNAL_STORAGE in package: com.uwz.ihrork at: Binary XML file line #33
11-09 01:29:28.293  1460  1833 W PackageParsing: Ignoring duplicate uses-permissions/uses-permissions-sdk-m: android.permission.INTERNET in package: com.uwz.ihrork at: Binary XML file line #35
11-09 01:29:28.293  1460  1833 W PackageParsing: Ignoring duplicate uses-permissions/uses-permissions-sdk-m: android.permission.READ_EXTERNAL_STORAGE in package: com.uwz.ihrork at: Binary XML file line #36
11-09 01:29:28.293  1460  1833 W PackageParsing: Ignoring duplicate uses-permissions/uses-permissions-sdk-m: android.permission.WRITE_EXTERNAL_STORAGE in package: com.uwz.ihrork at: Binary XML file line #37
11-09 01:29:28.293  1460  1833 W PackageParsing: Ignoring duplicate uses-permissions/uses-permissions-sdk-m: android.permission.SEND_SMS in package: com.uwz.ihrork at: Binary XML file line #38
11-09 01:29:28.293  1460  1833 W PackageParsing: Ignoring duplicate uses-permissions/uses-permissions-sdk-m: android.permission.READ_SMS in package: com.uwz.ihrork at: Binary XML file line #39
11-09 01:29:28.293  1460  1833 W PackageParsing: Ignoring duplicate uses-permissions/uses-permissions-sdk-m: android.permission.RECEIVE_SMS in package: com.uwz.ihrork at: Binary XML file line #40
11-09 01:29:28.293  1460  1833 W PackageParsing: Ignoring duplicate uses-permissions/uses-permissions-sdk-m: android.permission.WRITE_SMS in package: com.uwz.ihrork at: Binary XML file line #41
11-09 01:29:28.293  1460  1833 W PackageParsing: Ignoring duplicate uses-permissions/uses-permissions-sdk-m: android.permission.ACCESS_WIFI_STATE in package: com.uwz.ihrork at: Binary XML file line #42
11-09 01:29:28.293  1460  1833 W PackageParsing: Ignoring duplicate uses-permissions/uses-permissions-sdk-m: android.permission.CHANGE_NETWORK_STATE in package: com.uwz.ihrork at: Binary XML file line #43
11-09 01:29:28.293  1460  1833 W PackageParsing: Ignoring duplicate uses-permissions/uses-permissions-sdk-m: android.permission.CHANGE_WIFI_STATE in package: com.uwz.ihrork at: Binary XML file line #44
11-09 01:29:28.293  1460  1833 W PackageParsing: Ignoring duplicate uses-permissions/uses-permissions-sdk-m: android.permission.ACCESS_NETWORK_STATE in package: com.uwz.ihrork at: Binary XML file line #45
11-09 01:29:28.293  1460  1833 W PackageParsing: Ignoring duplicate uses-permissions/uses-permissions-sdk-m: android.permission.MOUNT_UNMOUNT_FILESYSTEMS in package: com.uwz.ihrork at: Binary XML file line #46
11-09 01:29:28.293  1460  1833 W PackageParsing: Ignoring duplicate uses-permissions/uses-permissions-sdk-m: android.permission.READ_PHONE_STATE in package: com.uwz.ihrork at: Binary XML file line #47
11-09 01:29:28.293  1460  1833 W PackageParsing: Ignoring duplicate uses-permissions/uses-permissions-sdk-m: android.permission.WRITE_EXTERNAL_STORAGE in package: com.uwz.ihrork at: Binary XML file line #48
11-09 01:29:28.293  1460  1833 W PackageParsing: Ignoring duplicate uses-permissions/uses-permissions-sdk-m: android.permission.ACCESS_WIFI_STATE in package: com.uwz.ihrork at: Binary XML file line #49
11-09 01:29:28.293  1460  1833 W PackageParsing: Ignoring duplicate uses-permissions/uses-permissions-sdk-m: android.permission.RECEIVE_BOOT_COMPLETED in package: com.uwz.ihrork at: Binary XML file line #51
11-09 01:29:28.293  1460  1833 W PackageParsing: Ignoring duplicate uses-permissions/uses-permissions-sdk-m: android.permission.WRITE_EXTERNAL_STORAGE in package: com.uwz.ihrork at: Binary XML file line #52
11-09 01:29:28.293  1460  1833 W PackageParsing: Ignoring duplicate uses-permissions/uses-permissions-sdk-m: android.permission.MOUNT_UNMOUNT_FILESYSTEMS in package: com.uwz.ihrork at: Binary XML file line #53
11-09 01:29:28.293  1460  1833 W PackageParsing: Ignoring duplicate uses-permissions/uses-permissions-sdk-m: android.permission.READ_SMS in package: com.uwz.ihrork at: Binary XML file line #54
11-09 01:29:28.293  1460  1833 W PackageParsing: Ignoring duplicate uses-permissions/uses-permissions-sdk-m: android.permission.WRITE_SMS in package: com.uwz.ihrork at: Binary XML file line #55
11-09 01:29:28.293  1460  1833 W PackageParsing: Ignoring duplicate uses-permissions/uses-permissions-sdk-m: android.permission.GET_TASKS in package: com.uwz.ihrork at: Binary XML file line #56
11-09 01:29:28.293  1460  1833 W PackageParsing: Ignoring duplicate uses-permissions/uses-permissions-sdk-m: android.permission.SEND_SMS in package: com.uwz.ihrork at: Binary XML file line #57
11-09 01:29:28.293  1460  1833 W PackageParsing: Ignoring duplicate uses-permissions/uses-permissions-sdk-m: android.permission.RECEIVE_SMS in package: com.uwz.ihrork at: Binary XML file line #58
11-09 01:29:28.293  1460  1833 W PackageParsing: Ignoring duplicate uses-permissions/uses-permissions-sdk-m: android.permission.READ_PHONE_STATE in package: com.uwz.ihrork at: Binary XML file line #60
11-09 01:29:28.293  1460  1833 W PackageParsing: Ignoring duplicate uses-permissions/uses-permissions-sdk-m: android.permission.INTERNET in package: com.uwz.ihrork at: Binary XML file line #61
11-09 01:29:28.294  1460  1833 W PackageParsing: Ignoring duplicate uses-permissions/uses-permissions-sdk-m: android.permission.ACCESS_NETWORK_STATE in package: com.uwz.ihrork at: Binary XML file line #62
11-09 01:29:28.294  1460  1833 W PackageParsing: Ignoring duplicate uses-permissions/uses-permissions-sdk-m: android.permission.ACCESS_WIFI_STATE in package: com.uwz.ihrork at: Binary XML file line #63
11-09 01:29:28.294  1460  1833 W PackageParsing: Ignoring duplicate uses-permissions/uses-permissions-sdk-m: android.permission.WRITE_EXTERNAL_STORAGE in package: com.uwz.ihrork at: Binary XML file line #64
11-09 01:29:28.294  1460  1833 W PackageParsing: Ignoring duplicate uses-permissions/uses-permissions-sdk-m: android.permission.CHANGE_WIFI_STATE in package: com.uwz.ihrork at: Binary XML file line #67
11-09 01:29:28.294  1460  1833 W PackageParsing: Ignoring duplicate uses-permissions/uses-permissions-sdk-m: android.permission.CHANGE_NETWORK_STATE in package: com.uwz.ihrork at: Binary XML file line #68
11-09 01:29:28.294  1460  1833 W PackageParsing: Ignoring duplicate uses-permissions/uses-permissions-sdk-m: android.permission.INTERNET in package: com.uwz.ihrork at: Binary XML file line #69
11-09 01:29:28.294  1460  1833 W PackageParsing: Ignoring duplicate uses-permissions/uses-permissions-sdk-m: android.permission.SEND_SMS in package: com.uwz.ihrork at: Binary XML file line #70
11-09 01:29:28.294  1460  1833 W PackageParsing: Ignoring duplicate uses-permissions/uses-permissions-sdk-m: android.permission.READ_SMS in package: com.uwz.ihrork at: Binary XML file line #71
11-09 01:29:28.294  1460  1833 W PackageParsing: Ignoring duplicate uses-permissions/uses-permissions-sdk-m: android.permission.READ_PHONE_STATE in package: com.uwz.ihrork at: Binary XML file line #72
11-09 01:29:28.294  1460  1833 W PackageParsing: Ignoring duplicate uses-permissions/uses-permissions-sdk-m: android.permission.RECEIVE_SMS in package: com.uwz.ihrork at: Binary XML file line #74
11-09 01:29:28.294  1460  1833 W PackageParsing: Ignoring duplicate uses-permissions/uses-permissions-sdk-m: android.permission.ACCESS_WIFI_STATE in package: com.uwz.ihrork at: Binary XML file line #75
11-09 01:29:28.294  1460  1833 W PackageParsing: Ignoring duplicate uses-permissions/uses-permissions-sdk-m: android.permission.ACCESS_NETWORK_STATE in package: com.uwz.ihrork at: Binary XML file line #76
11-09 01:29:28.294  1460  1833 W PackageParsing: Ignoring duplicate uses-permissions/uses-permissions-sdk-m: android.permission.CHANGE_WIFI_STATE in package: com.uwz.ihrork at: Binary XML file line #77
11-09 01:29:28.294  1460  1833 W PackageParsing: Ignoring duplicate uses-permissions/uses-permissions-sdk-m: android.permission.CHANGE_NETWORK_STATE in package: com.uwz.ihrork at: Binary XML file line #78
11-09 01:29:28.294  1460  1833 W PackageParsing: Ignoring duplicate uses-permissions/uses-permissions-sdk-m: android.permission.WRITE_EXTERNAL_STORAGE in package: com.uwz.ihrork at: Binary XML file line #79
11-09 01:29:28.294  1460  1833 W PackageParsing: Ignoring duplicate uses-permissions/uses-permissions-sdk-m: android.permission.WRITE_EXTERNAL_STORAGE in package: com.uwz.ihrork at: Binary XML file line #82
11-09 01:29:28.294  1460  1833 W PackageParsing: Ignoring duplicate uses-permissions/uses-permissions-sdk-m: android.permission.MOUNT_UNMOUNT_FILESYSTEMS in package: com.uwz.ihrork at: Binary XML file line #83
11-09 01:29:28.294  1460  1833 W PackageParsing: Ignoring duplicate uses-permissions/uses-permissions-sdk-m: android.permission.INTERNET in package: com.uwz.ihrork at: Binary XML file line #84
11-09 01:29:28.294  1460  1833 W PackageParsing: Ignoring duplicate uses-permissions/uses-permissions-sdk-m: android.permission.ACCESS_NETWORK_STATE in package: com.uwz.ihrork at: Binary XML file line #85
11-09 01:29:28.294  1460  1833 W PackageParsing: Ignoring duplicate uses-permissions/uses-permissions-sdk-m: android.permission.CHANGE_CONFIGURATION in package: com.uwz.ihrork at: Binary XML file line #86
11-09 01:29:28.294  1460  1833 W PackageParsing: Ignoring duplicate uses-permissions/uses-permissions-sdk-m: android.permission.READ_SMS in package: com.uwz.ihrork at: Binary XML file line #87
11-09 01:29:28.294  1460  1833 W PackageParsing: Ignoring duplicate uses-permissions/uses-permissions-sdk-m: android.permission.SEND_SMS in package: com.uwz.ihrork at: Binary XML file line #88
11-09 01:29:28.294  1460  1833 W PackageParsing: Ignoring duplicate uses-permissions/uses-permissions-sdk-m: android.permission.RECEIVE_SMS in package: com.uwz.ihrork at: Binary XML file line #89
11-09 01:29:28.294  1460  1833 W PackageParsing: Ignoring duplicate uses-permissions/uses-permissions-sdk-m: android.permission.READ_PHONE_STATE in package: com.uwz.ihrork at: Binary XML file line #90
11-09 01:29:28.294  1460  1833 W PackageParsing: Ignoring duplicate uses-permissions/uses-permissions-sdk-m: android.permission.ACCESS_COARSE_LOCATION in package: com.uwz.ihrork at: Binary XML file line #91
11-09 01:29:28.294  1460  1833 W PackageParsing: Ignoring duplicate uses-permissions/uses-permissions-sdk-m: android.permission.CHANGE_NETWORK_STATE in package: com.uwz.ihrork at: Binary XML file line #92
11-09 01:29:28.294  1460  1833 W PackageParsing: Ignoring duplicate uses-permissions/uses-permissions-sdk-m: android.permission.CHANGE_WIFI_STATE in package: com.uwz.ihrork at: Binary XML file line #93
11-09 01:29:28.294  1460  1833 W PackageParsing: Ignoring duplicate uses-permissions/uses-permissions-sdk-m: android.permission.ACCESS_WIFI_STATE in package: com.uwz.ihrork at: Binary XML file line #94
11-09 01:29:28.294  1460  1833 W PackageParsing: Ignoring duplicate uses-permissions/uses-permissions-sdk-m: android.permission.WRITE_APN_SETTINGS in package: com.uwz.ihrork at: Binary XML file line #95
11-09 01:29:28.294  1460  1833 W PackageParsing: Ignoring duplicate uses-permissions/uses-permissions-sdk-m: android.permission.VIBRATE in package: com.uwz.ihrork at: Binary XML file line #96
11-09 01:29:28.294  1460  1833 W PackageParsing: Ignoring duplicate uses-permissions/uses-permissions-sdk-m: android.permission.WRITE_SETTINGS in package: com.uwz.ihrork at: Binary XML file line #97
11-09 01:29:28.294  1460  1833 W PackageParsing: Ignoring duplicate uses-permissions/uses-permissions-sdk-m: android.permission.GET_TASKS in package: com.uwz.ihrork at: Binary XML file line #99
11-09 01:29:28.295  1460  1833 W PackageParsing: Ignoring duplicate uses-permissions/uses-permissions-sdk-m: android.permission.ACCESS_COARSE_LOCATION in package: com.uwz.ihrork at: Binary XML file line #100
11-09 01:29:28.295  1460  1833 W PackageParsing: Ignoring duplicate uses-permissions/uses-permissions-sdk-m: android.permission.VIBRATE in package: com.uwz.ihrork at: Binary XML file line #101
11-09 01:29:28.295  1460  1833 W PackageParsing: Ignoring duplicate uses-permissions/uses-permissions-sdk-m: android.permission.READ_PHONE_STATE in package: com.uwz.ihrork at: Binary XML file line #104
11-09 01:29:28.295  1460  1833 W PackageParsing: Ignoring duplicate uses-permissions/uses-permissions-sdk-m: android.permission.WRITE_EXTERNAL_STORAGE in package: com.uwz.ihrork at: Binary XML file line #105
11-09 01:29:28.295  1460  1833 W PackageParsing: Ignoring duplicate uses-permissions/uses-permissions-sdk-m: android.permission.READ_EXTERNAL_STORAGE in package: com.uwz.ihrork at: Binary XML file line #106
11-09 01:29:28.295  1460  1833 W PackageParsing: Ignoring duplicate uses-permissions/uses-permissions-sdk-m: com.android.launcher.permission.INSTALL_SHORTCUT in package: com.uwz.ihrork at: Binary XML file line #107
11-09 01:29:28.295  1460  1833 W PackageParsing: Ignoring duplicate uses-permissions/uses-permissions-sdk-m: android.permission.ACCESS_NETWORK_STATE in package: com.uwz.ihrork at: Binary XML file line #108
11-09 01:29:28.358  1460  1668 V StorageManagerService: Package null has legacy storage
11-09 01:29:28.456  1460  1833 V BackupManagerService: [UserID:0] restoreAtInstall pkg=com.uwz.ihrork token=25 restoreSet=0
11-09 01:29:28.456  1460  1833 V BackupManagerService: [UserID:0] Finishing install immediately
11-09 01:29:28.457  1460  1833 D PackageInstallerSession: Marking session 1953537262 as applied
11-09 01:29:28.463  1460  1833 D CompatibilityChangeReporter: Compat change id reported: 168419799; UID 10226; state: DISABLED
11-09 01:29:28.463  1460  1833 D CompatibilityChangeReporter: Compat change id reported: 273564678; UID 10226; state: DISABLED
11-09 01:29:28.471  1460  2906 D CompatibilityChangeReporter: Compat change id reported: 218533173; UID 10226; state: DISABLED
11-09 01:29:28.472  1460  1460 I Telecom : DefaultDialerCache: Refreshing default dialer for user 0: now com.google.android.dialer: DDC.oR@A40
11-09 01:29:28.485  1460  1460 V BackupManagerConstants: getFullBackupIntervalMilliseconds(...) returns 86400000
11-09 01:29:28.485  1460  1460 V BackupManagerConstants: getFullBackupRequiredNetworkType(...) returns 2
11-09 01:29:28.486  1460  1460 V BackupManagerConstants: getFullBackupRequireCharging(...) returns true
11-09 01:29:28.497  1460  1688 W WindowMagnificationMgr: requestConnection duplicated request: connect=false, mConnectionState=DISCONNECTED
11-09 01:29:28.530  1460  1688 W PackageManager: Failed registering loading progress callback. Package is fully loaded.
