11-09 01:29:20.223  1460  1971 W AppOps  : setUidMode() called with a mode inconsistent with runtime permission state, this is discouraged and you should revoke the runtime permission instead: uid=10124, switchCode=1, mode=4, permission=android.permission.ACCESS_BACKGROUND_LOCATION
11-09 01:29:20.225  1460  5521 W AppOps  : setUidMode() called with a mode inconsistent with runtime permission state, this is discouraged and you should revoke the runtime permission instead: uid=10124, switchCode=0, mode=4, permission=android.permission.ACCESS_BACKGROUND_LOCATION
11-09 01:29:20.335 11590 16879 W PackageParser: No actions in intent filter at /data/app/~~_tjAWQn-kp25zTfxzi5QoQ==/com.google.service-pa8kkJG1ejZtfLYG4B1OQg==/base.apk Binary XML file line #56
11-09 01:29:20.348  1460  1833 V BackupManagerService: [UserID:0] restoreAtInstall pkg=nai.rou.le.ke token=14 restoreSet=0
11-09 01:29:20.348  1460  1833 V BackupManagerService: [UserID:0] Finishing install immediately
11-09 01:29:20.355  1460  1833 D PackageInstallerSession: Marking session 946996393 as applied
11-09 01:29:20.358  1460  1833 D CompatibilityChangeReporter: Compat change id reported: 168419799; UID 10209; state: DISABLED
11-09 01:29:20.358  1460  1833 D CompatibilityChangeReporter: Compat change id reported: 273564678; UID 10209; state: DISABLED
11-09 01:29:20.365  1460  2906 D CompatibilityChangeReporter: Compat change id reported: 218533173; UID 10209; state: DISABLED
11-09 01:29:20.370  1460  1460 I Telecom : DefaultDialerCache: Refreshing default dialer for user 0: now com.google.android.dialer: DDC.oR@AyU
11-09 01:29:20.376  1460  1460 V BackupManagerConstants: getFullBackupIntervalMilliseconds(...) returns 86400000
11-09 01:29:20.377  1460  1460 V BackupManagerConstants: getFullBackupRequiredNetworkType(...) returns 2
11-09 01:29:20.377  1460  1460 V BackupManagerConstants: getFullBackupRequireCharging(...) returns true
11-09 01:29:20.397  1460  1829 E VerityUtils: Failed to measure fs-verity, errno 1: /data/app/~~VB5RNKh4X2pzehJXsQV9aQ==/nai.rou.le.ke-8uT-xAhFWusZQnenr73dmQ==/base.apk
11-09 01:29:20.429  1460  1688 W WindowMagnificationMgr: requestConnection duplicated request: connect=false, mConnectionState=DISCONNECTED
11-09 01:29:20.433  1460  5521 D CompatibilityChangeReporter: Compat change id reported: 161252188; UID 10209; state: DISABLED
11-09 01:29:20.460  1460  1460 I Telecom : DefaultDialerCache: Refreshing default dialer for user 0: now com.google.android.dialer: DDC.oR@AyY
11-09 01:29:20.460  1460  4155 W BackupTransportManager: Package nai.rou.le.ke enabled setting: 0
11-09 01:29:20.529  1460  1688 W PackageManager: Failed registering loading progress callback. Package is fully loaded.
11-09 01:29:20.551  1460  1688 W WindowMagnificationMgr: requestConnection duplicated request: connect=false, mConnectionState=DISCONNECTED
11-09 01:29:20.583  1460  3196 I ActivityManager: Process com.google.android.dialer (pid 5010) has died: cch+99 CEM 
11-09 01:29:20.703  1460  1833 E PackageManager: ERROR: could not load root hash from incremental install
11-09 01:29:20.718  1460  2032 W PackageParsing: Ignoring duplicate uses-permissions/uses-permissions-sdk-m: android.permission.ACCESS_NETWORK_STATE in package: com.qiuqiu.dfmc at: Binary XML file line #11
11-09 01:29:20.718  1460  2032 W PackageParsing: Ignoring duplicate uses-permissions/uses-permissions-sdk-m: android.permission.INTERNET in package: com.qiuqiu.dfmc at: Binary XML file line #12
11-09 01:29:20.718  1460  2032 W PackageParsing: Ignoring duplicate uses-permissions/uses-permissions-sdk-m: android.permission.READ_PHONE_STATE in package: com.qiuqiu.dfmc at: Binary XML file line #13
11-09 01:29:20.718  1460  2032 W PackageParsing: Ignoring duplicate uses-permissions/uses-permissions-sdk-m: android.permission.ACCESS_FINE_LOCATION in package: com.qiuqiu.dfmc at: Binary XML file line #14
11-09 01:29:20.718  1460  2032 W PackageParsing: Ignoring duplicate uses-permissions/uses-permissions-sdk-m: android.permission.ACCESS_WIFI_STATE in package: com.qiuqiu.dfmc at: Binary XML file line #99
11-09 01:29:20.718  1460  2032 W PackageParsing: Ignoring duplicate uses-permissions/uses-permissions-sdk-m: android.permission.ACCESS_WIFI_STATE in package: com.qiuqiu.dfmc at: Binary XML file line #102
11-09 01:29:20.718  1460  2032 W PackageParsing: Ignoring duplicate uses-permissions/uses-permissions-sdk-m: android.permission.SYSTEM_ALERT_WINDOW in package: com.qiuqiu.dfmc at: Binary XML file line #103
11-09 01:29:20.718  1460  2032 W PackageParsing: Ignoring duplicate uses-permissions/uses-permissions-sdk-m: android.permission.READ_PHONE_STATE in package: com.qiuqiu.dfmc at: Binary XML file line #104
11-09 01:29:20.718  1460  2032 W PackageParsing: Ignoring duplicate uses-permissions/uses-permissions-sdk-m: android.permission.ACCESS_NETWORK_STATE in package: com.qiuqiu.dfmc at: Binary XML file line #105
11-09 01:29:20.718  1460  2032 W PackageParsing: Ignoring duplicate uses-permissions/uses-permissions-sdk-m: android.permission.WRITE_EXTERNAL_STORAGE in package: com.qiuqiu.dfmc at: Binary XML file line #106
11-09 01:29:20.718  1460  2032 W PackageParsing: Ignoring duplicate uses-permissions/uses-permissions-sdk-m: android.permission.INTERNET in package: com.qiuqiu.dfmc at: Binary XML file line #107
11-09 01:29:20.750  1460  1833 I PackageManager: Integrity check passed for file:///data/app/vmdl1995501049.tmp
11-09 01:29:20.758  1460  1833 W PackageParsing: Ignoring duplicate uses-permissions/uses-permissions-sdk-m: android.permission.ACCESS_NETWORK_STATE in package: com.qiuqiu.dfmc at: Binary XML file line #11
11-09 01:29:20.758  1460  1833 W PackageParsing: Ignoring duplicate uses-permissions/uses-permissions-sdk-m: android.permission.INTERNET in package: com.qiuqiu.dfmc at: Binary XML file line #12
11-09 01:29:20.758  1460  1833 W PackageParsing: Ignoring duplicate uses-permissions/uses-permissions-sdk-m: android.permission.READ_PHONE_STATE in package: com.qiuqiu.dfmc at: Binary XML file line #13
11-09 01:29:20.758  1460  1833 W PackageParsing: Ignoring duplicate uses-permissions/uses-permissions-sdk-m: android.permission.ACCESS_FINE_LOCATION in package: com.qiuqiu.dfmc at: Binary XML file line #14
11-09 01:29:20.759  1460  1833 W PackageParsing: Ignoring duplicate uses-permissions/uses-permissions-sdk-m: android.permission.ACCESS_WIFI_STATE in package: com.qiuqiu.dfmc at: Binary XML file line #99
11-09 01:29:20.760  1460  1833 W PackageParsing: Ignoring duplicate uses-permissions/uses-permissions-sdk-m: android.permission.ACCESS_WIFI_STATE in package: com.qiuqiu.dfmc at: Binary XML file line #102
11-09 01:29:20.760  1460  1833 W PackageParsing: Ignoring duplicate uses-permissions/uses-permissions-sdk-m: android.permission.SYSTEM_ALERT_WINDOW in package: com.qiuqiu.dfmc at: Binary XML file line #103
11-09 01:29:20.760  1460  1833 W PackageParsing: Ignoring duplicate uses-permissions/uses-permissions-sdk-m: android.permission.READ_PHONE_STATE in package: com.qiuqiu.dfmc at: Binary XML file line #104
11-09 01:29:20.760  1460  1833 W PackageParsing: Ignoring duplicate uses-permissions/uses-permissions-sdk-m: android.permission.ACCESS_NETWORK_STATE in package: com.qiuqiu.dfmc at: Binary XML file line #105
11-09 01:29:20.760  1460  1833 W PackageParsing: Ignoring duplicate uses-permissions/uses-permissions-sdk-m: android.permission.WRITE_EXTERNAL_STORAGE in package: com.qiuqiu.dfmc at: Binary XML file line #106
11-09 01:29:20.760  1460  1833 W PackageParsing: Ignoring duplicate uses-permissions/uses-permissions-sdk-m: android.permission.INTERNET in package: com.qiuqiu.dfmc at: Binary XML file line #107
11-09 01:29:20.782  1460  1833 I PackageManager: Permission ownership changed. Updating all permissions.
11-09 01:29:20.950  1460  1668 V StorageManagerService: Package null has legacy storage
11-09 01:29:20.954  1460  5464 W AppOps  : setUidMode() called with a mode inconsistent with runtime permission state, this is discouraged and you should revoke the runtime permission instead: uid=10124, switchCode=0, mode=4, permission=android.permission.ACCESS_BACKGROUND_LOCATION
11-09 01:29:20.956  1460  3196 I ActivityManager: Background started FGS: Allowed [callingPackage: com.google.android.apps.wellbeing; callingUid: 10121; uidState: BFGS; intent: Intent { cmp=com.google.android.apps.wellbeing/com.google.apps.tiktok.concurrent.InternalForegroundService (has extras) }; code:BACKGROUND_ACTIVITY_PERMISSION; tempAllowListReason:<null>; targetSdkVersion:33; callerTargetSdkVersion:33; startForegroundCount:0; bindFromPackage:null]
11-09 01:29:21.069  1460  5464 W AppOps  : setUidMode() called with a mode inconsistent with runtime permission state, this is discouraged and you should revoke the runtime permission instead: uid=10124, switchCode=1, mode=4, permission=android.permission.ACCESS_BACKGROUND_LOCATION
11-09 01:29:21.072  1460  5531 W AppOps  : setUidMode() called with a mode inconsistent with runtime permission state, this is discouraged and you should revoke the runtime permission instead: uid=10124, switchCode=0, mode=4, permission=android.permission.ACCESS_BACKGROUND_LOCATION
11-09 01:29:21.145  1460  1833 V BackupManagerService: [UserID:0] restoreAtInstall pkg=com.qiuqiu.dfmc token=15 restoreSet=0
11-09 01:29:21.146  1460  1833 V BackupManagerService: [UserID:0] Finishing install immediately
11-09 01:29:21.150  1460  1833 D PackageInstallerSession: Marking session 1995501049 as applied
11-09 01:29:21.153  1460  1833 D CompatibilityChangeReporter: Compat change id reported: 168419799; UID 10210; state: DISABLED
11-09 01:29:21.153  1460  1833 D CompatibilityChangeReporter: Compat change id reported: 273564678; UID 10210; state: DISABLED
11-09 01:29:21.157  1460  2906 D CompatibilityChangeReporter: Compat change id reported: 218533173; UID 10210; state: DISABLED
11-09 01:29:21.161  1460  1460 I Telecom : DefaultDialerCache: Refreshing default dialer for user 0: now com.google.android.dialer: DDC.oR@Ays
11-09 01:29:21.166  1460  1460 V BackupManagerConstants: getFullBackupIntervalMilliseconds(...) returns 86400000
11-09 01:29:21.166  1460  1460 V BackupManagerConstants: getFullBackupRequiredNetworkType(...) returns 2
11-09 01:29:21.166  1460  1460 V BackupManagerConstants: getFullBackupRequireCharging(...) returns true
11-09 01:29:21.170  1460  1460 I NotificationService: Cannot find enqueued record for key: 0|com.google.android.apps.wellbeing|174344743|null|10121
11-09 01:29:21.178  1460  1460 I Telecom : DefaultDialerCache: Refreshing default dialer for user 0: now com.google.android.dialer: DDC.oR@Ay4
11-09 01:29:21.219  1460  4155 W BackupTransportManager: Package com.qiuqiu.dfmc enabled setting: 0
11-09 01:29:21.223  1460  8474 D CompatibilityChangeReporter: Compat change id reported: 161252188; UID 10210; state: DISABLED
11-09 01:29:21.224  1460  1829 E VerityUtils: Failed to measure fs-verity, errno 1: /data/app/~~GCPlWDoHq0cqEOw5WW69Fw==/com.qiuqiu.dfmc-Vk0NRfbCCwaugkIovD-61g==/base.apk
11-09 01:29:21.238  1460  1688 W WindowMagnificationMgr: requestConnection duplicated request: connect=false, mConnectionState=DISCONNECTED
11-09 01:29:21.247  1460  1833 E PackageManager: ERROR: could not load root hash from incremental install
11-09 01:29:21.252  1460  2032 W PackageParsing: Ignoring duplicate uses-permissions/uses-permissions-sdk-m: android.permission.DISABLE_KEYGUARD in package: com.rjtq.ogmj at: Binary XML file line #32
11-09 01:29:21.258  1460  1833 I PackageManager: Integrity check passed for file:///data/app/vmdl2023992400.tmp
11-09 01:29:21.292  1460  1688 W PackageManager: Failed registering loading progress callback. Package is fully loaded.
11-09 01:29:21.299  1460  1688 W WindowMagnificationMgr: requestConnection duplicated request: connect=false, mConnectionState=DISCONNECTED
11-09 01:29:21.354  1460  1833 W PackageParsing: Ignoring duplicate uses-permissions/uses-permissions-sdk-m: android.permission.DISABLE_KEYGUARD in package: com.rjtq.ogmj at: Binary XML file line #32
11-09 01:29:21.419  1460  1668 V StorageManagerService: Package null has legacy storage
11-09 01:29:21.478 11590 16879 W PackageParser: No actions in intent filter at /data/app/~~IPDM-VA_Nx8G4U-jefoGng==/cgf.rqemaoif.cwgc3_hbtprvd_hjb-TGD_IeZeLNxtvRBJ1U01gg==/base.apk Binary XML file line #9
11-09 01:29:21.532  1460  1833 V BackupManagerService: [UserID:0] restoreAtInstall pkg=com.rjtq.ogmj token=16 restoreSet=0
11-09 01:29:21.533  1460  1833 V BackupManagerService: [UserID:0] Finishing install immediately
11-09 01:29:21.534  1460  1833 D PackageInstallerSession: Marking session 2023992400 as applied
11-09 01:29:21.536  1460  1833 D CompatibilityChangeReporter: Compat change id reported: 168419799; UID 10211; state: DISABLED
11-09 01:29:21.536  1460  1833 D CompatibilityChangeReporter: Compat change id reported: 273564678; UID 10211; state: DISABLED
11-09 01:29:21.543  1460  2906 D CompatibilityChangeReporter: Compat change id reported: 218533173; UID 10211; state: DISABLED
11-09 01:29:21.547  1460  1460 I Telecom : DefaultDialerCache: Refreshing default dialer for user 0: now com.google.android.dialer: DDC.oR@AzM
11-09 01:29:21.562  1460  1460 V BackupManagerConstants: getFullBackupIntervalMilliseconds(...) returns 86400000
11-09 01:29:21.562  1460  1460 V BackupManagerConstants: getFullBackupRequiredNetworkType(...) returns 2
11-09 01:29:21.562  1460  1460 V BackupManagerConstants: getFullBackupRequireCharging(...) returns true
11-09 01:29:21.567  1460  1688 W WindowMagnificationMgr: requestConnection duplicated request: connect=false, mConnectionState=DISCONNECTED
11-09 01:29:21.600  1460  1688 W PackageManager: Failed registering loading progress callback. Package is fully loaded.
11-09 01:29:21.620  1460  1460 I Telecom : DefaultDialerCache: Refreshing default dialer for user 0: now com.google.android.dialer: DDC.oR@AzY
11-09 01:29:21.630  1460  1688 W WindowMagnificationMgr: requestConnection duplicated request: connect=false, mConnectionState=DISCONNECTED
11-09 01:29:21.646  1460  8475 D CompatibilityChangeReporter: Compat change id reported: 161252188; UID 10211; state: DISABLED
11-09 01:29:21.652  1460  1829 E VerityUtils: Failed to measure fs-verity, errno 1: /data/app/~~Wa_Gb82rpT8V1A__5rQW-g==/com.rjtq.ogmj--ARwhtwPuB4dvxjsBXUQDw==/base.apk
11-09 01:29:21.657  1460  4155 W BackupTransportManager: Package com.rjtq.ogmj enabled setting: 0
11-09 01:29:21.659  1460  1833 E PackageManager: ERROR: could not load root hash from incremental install
11-09 01:29:21.678  1460  2032 W PackageParsing: Ignoring duplicate uses-permissions/uses-permissions-sdk-m: android.permission.DISABLE_KEYGUARD in package: com.deki.bmsn at: Binary XML file line #32
11-09 01:29:21.700  1460  1833 I PackageManager: Integrity check passed for file:///data/app/vmdl1683550684.tmp
11-09 01:29:21.753  1460  1833 W PackageParsing: Ignoring duplicate uses-permissions/uses-permissions-sdk-m: android.permission.DISABLE_KEYGUARD in package: com.deki.bmsn at: Binary XML file line #32
11-09 01:29:21.850  1460  1668 V StorageManagerService: Package null has legacy storage
11-09 01:29:21.939  1460  5536 W AppOps  : setUidMode() called with a mode inconsistent with runtime permission state, this is discouraged and you should revoke the runtime permission instead: uid=10124, switchCode=0, mode=4, permission=android.permission.ACCESS_BACKGROUND_LOCATION
11-09 01:29:21.973  1460  1833 V BackupManagerService: [UserID:0] restoreAtInstall pkg=com.deki.bmsn token=17 restoreSet=0
11-09 01:29:21.973  1460  1833 V BackupManagerService: [UserID:0] Finishing install immediately
11-09 01:29:21.974  1460  1833 D PackageInstallerSession: Marking session 1683550684 as applied
11-09 01:29:21.977  1460  1833 D CompatibilityChangeReporter: Compat change id reported: 168419799; UID 10212; state: DISABLED
11-09 01:29:21.977  1460  1833 D CompatibilityChangeReporter: Compat change id reported: 273564678; UID 10212; state: DISABLED
11-09 01:29:21.987  1460  2906 D CompatibilityChangeReporter: Compat change id reported: 218533173; UID 10212; state: DISABLED
11-09 01:29:21.998  1460  1460 I Telecom : DefaultDialerCache: Refreshing default dialer for user 0: now com.google.android.dialer: DDC.oR@Azc
11-09 01:29:21.998  1460  1688 W WindowMagnificationMgr: requestConnection duplicated request: connect=false, mConnectionState=DISCONNECTED
11-09 01:29:22.003  1460  1460 V BackupManagerConstants: getFullBackupIntervalMilliseconds(...) returns 86400000
11-09 01:29:22.003  1460  1460 V BackupManagerConstants: getFullBackupRequiredNetworkType(...) returns 2
11-09 01:29:22.004  1460  1460 V BackupManagerConstants: getFullBackupRequireCharging(...) returns true
11-09 01:29:22.016  1460  1460 I Telecom : DefaultDialerCache: Refreshing default dialer for user 0: now com.google.android.dialer: DDC.oR@Azg
11-09 01:29:22.018  1460  4155 W BackupTransportManager: Package com.deki.bmsn enabled setting: 0
11-09 01:29:22.033  1460  1688 W PackageManager: Failed registering loading progress callback. Package is fully loaded.
11-09 01:29:22.046  1460  1688 W WindowMagnificationMgr: requestConnection duplicated request: connect=false, mConnectionState=DISCONNECTED
11-09 01:29:22.052  1460  1829 E VerityUtils: Failed to measure fs-verity, errno 1: /data/app/~~-UnQne3hAkYGdl66ap9Z6A==/com.deki.bmsn-ZFH8qHSOmreqYIUI2_0-Mw==/base.apk
11-09 01:29:22.052  1460  5531 D CompatibilityChangeReporter: Compat change id reported: 161252188; UID 10212; state: DISABLED
11-09 01:29:22.091  1460  1833 E PackageManager: ERROR: could not load root hash from incremental install
11-09 01:29:22.102  1460  1833 I PackageManager: Integrity check passed for file:///data/app/vmdl1816685414.tmp
11-09 01:29:22.148  1460  5531 W AppOps  : setUidMode() called with a mode inconsistent with runtime permission state, this is discouraged and you should revoke the runtime permission instead: uid=10124, switchCode=1, mode=4, permission=android.permission.ACCESS_BACKGROUND_LOCATION
11-09 01:29:22.152  1460  5531 W AppOps  : setUidMode() called with a mode inconsistent with runtime permission state, this is discouraged and you should revoke the runtime permission instead: uid=10124, switchCode=0, mode=4, permission=android.permission.ACCESS_BACKGROUND_LOCATION
11-09 01:29:22.234  1460  1668 V StorageManagerService: Package null has legacy storage
11-09 01:29:22.458  1460  1833 V BackupManagerService: [UserID:0] restoreAtInstall pkg=pin.xin.zu.he token=18 restoreSet=0
11-09 01:29:22.459  1460  1833 V BackupManagerService: [UserID:0] Finishing install immediately
11-09 01:29:22.461  1460  1833 D PackageInstallerSession: Marking session 1816685414 as applied
11-09 01:29:22.464  1460  1833 D CompatibilityChangeReporter: Compat change id reported: 168419799; UID 10213; state: DISABLED
11-09 01:29:22.464  1460  1833 D CompatibilityChangeReporter: Compat change id reported: 273564678; UID 10213; state: DISABLED
11-09 01:29:22.468  1460  2906 D CompatibilityChangeReporter: Compat change id reported: 218533173; UID 10213; state: DISABLED
11-09 01:29:22.475  1460  1460 I Telecom : DefaultDialerCache: Refreshing default dialer for user 0: now com.google.android.dialer: DDC.oR@Az0
11-09 01:29:22.486  1460  1460 V BackupManagerConstants: getFullBackupIntervalMilliseconds(...) returns 86400000
11-09 01:29:22.487  1460  1460 V BackupManagerConstants: getFullBackupRequiredNetworkType(...) returns 2
11-09 01:29:22.487  1460  1460 V BackupManagerConstants: getFullBackupRequireCharging(...) returns true
11-09 01:29:22.506  1460  1460 I Telecom : DefaultDialerCache: Refreshing default dialer for user 0: now com.google.android.dialer: DDC.oR@Az4
11-09 01:29:22.522  1460  1688 W WindowMagnificationMgr: requestConnection duplicated request: connect=false, mConnectionState=DISCONNECTED
11-09 01:29:22.537  1460  4155 W BackupTransportManager: Package pin.xin.zu.he enabled setting: 0
11-09 01:29:22.579  1460  1688 W PackageManager: Failed registering loading progress callback. Package is fully loaded.
11-09 01:29:22.582  1460  1829 E VerityUtils: Failed to measure fs-verity, errno 1: /data/app/~~m6A8cYR8NswUPG5LSjWTvA==/pin.xin.zu.he-LVdIIFHIbDAKwuB_J8d0nA==/base.apk
11-09 01:29:22.608  1460  1688 W WindowMagnificationMgr: requestConnection duplicated request: connect=false, mConnectionState=DISCONNECTED
11-09 01:29:22.608  1460  3199 D CompatibilityChangeReporter: Compat change id reported: 161252188; UID 10213; state: DISABLED
11-09 01:29:22.628  1460  1833 E PackageManager: ERROR: could not load root hash from incremental install
11-09 01:29:22.657  1460  1833 I PackageManager: Integrity check passed for file:///data/app/vmdl1705667414.tmp
11-09 01:29:22.730  1460  1668 V StorageManagerService: Package null has legacy storage
11-09 01:29:22.792  1460  1460 D CompatibilityChangeReporter: Compat change id reported: 135634846; UID 10133; state: DISABLED
11-09 01:29:22.792  1460  1460 D CompatibilityChangeReporter: Compat change id reported: 177438394; UID 10133; state: DISABLED
11-09 01:29:22.792  1460  1460 D CompatibilityChangeReporter: Compat change id reported: 135772972; UID 10133; state: DISABLED
11-09 01:29:22.792  1460  1460 D CompatibilityChangeReporter: Compat change id reported: 135754954; UID 10133; state: ENABLED
11-09 01:29:22.794  1460  1691 D CompatibilityChangeReporter: Compat change id reported: 143937733; UID 10133; state: ENABLED
11-09 01:29:22.822  1460  1691 I ActivityManager: Start proc 18109:com.google.android.dialer/u0a133 for service {com.google.android.dialer/androidx.work.impl.background.systemjob.SystemJobService}
11-09 01:29:22.864  1460  1833 V BackupManagerService: [UserID:0] restoreAtInstall pkg=com.safesys.viruskiller token=19 restoreSet=0
11-09 01:29:22.864  1460  1833 V BackupManagerService: [UserID:0] Finishing install immediately
11-09 01:29:22.866  1460  1833 D PackageInstallerSession: Marking session 1705667414 as applied
11-09 01:29:22.869  1460  1833 D CompatibilityChangeReporter: Compat change id reported: 168419799; UID 10214; state: DISABLED
11-09 01:29:22.869  1460  1833 D CompatibilityChangeReporter: Compat change id reported: 273564678; UID 10214; state: DISABLED
11-09 01:29:22.879  1460  2906 D CompatibilityChangeReporter: Compat change id reported: 218533173; UID 10214; state: DISABLED
11-09 01:29:22.900  1460  1460 I Telecom : DefaultDialerCache: Refreshing default dialer for user 0: now com.google.android.dialer: DDC.oR@A0M
11-09 01:29:22.924  1460  1460 V BackupManagerConstants: getFullBackupIntervalMilliseconds(...) returns 86400000
11-09 01:29:22.924  1460  1460 V BackupManagerConstants: getFullBackupRequiredNetworkType(...) returns 2
11-09 01:29:22.924  1460  1460 V BackupManagerConstants: getFullBackupRequireCharging(...) returns true
11-09 01:29:22.944  1460  5534 D CompatibilityChangeReporter: Compat change id reported: 161252188; UID 10214; state: DISABLED
11-09 01:29:22.946  1460  1688 W WindowMagnificationMgr: requestConnection duplicated request: connect=false, mConnectionState=DISCONNECTED
11-09 01:29:22.947  1460  1460 I Telecom : DefaultDialerCache: Refreshing default dialer for user 0: now com.google.android.dialer: DDC.oR@A0Q
11-09 01:29:22.955  1460  4155 W BackupTransportManager: Package com.safesys.viruskiller enabled setting: 0
11-09 01:29:22.962  1460  1829 E VerityUtils: Failed to measure fs-verity, errno 1: /data/app/~~QeY3Rn4FHV8X9IXWF_lGDw==/com.safesys.viruskiller-gz3R7IqZpQhLkEb_l76bfw==/base.apk
11-09 01:29:22.977  1460  1833 E PackageManager: ERROR: could not load root hash from incremental install
11-09 01:29:22.978  1460  1688 W PackageManager: Failed registering loading progress callback. Package is fully loaded.
11-09 01:29:23.022  1460  1688 W WindowMagnificationMgr: requestConnection duplicated request: connect=false, mConnectionState=DISCONNECTED
11-09 01:29:23.087  1460  1833 I PackageManager: Integrity check passed for file:///data/app/vmdl601832566.tmp
11-09 01:29:23.192  1460  5464 W AppOps  : setUidMode() called with a mode inconsistent with runtime permission state, this is discouraged and you should revoke the runtime permission instead: uid=10124, switchCode=0, mode=4, permission=android.permission.ACCESS_BACKGROUND_LOCATION
11-09 01:29:23.213  1460  5519 D OomAdjuster: Not killing cached processes
11-09 01:29:23.214  1460  1668 V StorageManagerService: Package null has legacy storage
11-09 01:29:23.289  1460  8476 W AppOps  : setUidMode() called with a mode inconsistent with runtime permission state, this is discouraged and you should revoke the runtime permission instead: uid=10124, switchCode=1, mode=4, permission=android.permission.ACCESS_BACKGROUND_LOCATION
11-09 01:29:23.292  1460  4193 W AppOps  : setUidMode() called with a mode inconsistent with runtime permission state, this is discouraged and you should revoke the runtime permission instead: uid=10124, switchCode=0, mode=4, permission=android.permission.ACCESS_BACKGROUND_LOCATION
11-09 01:29:23.293  1460  4193 D CompatibilityChangeReporter: Compat change id reported: 183407956; UID 10133; state: ENABLED
11-09 01:29:23.311  1460  1833 V BackupManagerService: [UserID:0] restoreAtInstall pkg=com.wbs token=1a restoreSet=0
11-09 01:29:23.311  1460  1833 V BackupManagerService: [UserID:0] Finishing install immediately
11-09 01:29:23.314  1460  1833 D PackageInstallerSession: Marking session 601832566 as applied
11-09 01:29:23.315  1460  1833 D CompatibilityChangeReporter: Compat change id reported: 168419799; UID 10215; state: DISABLED
11-09 01:29:23.315  1460  1833 D CompatibilityChangeReporter: Compat change id reported: 273564678; UID 10215; state: DISABLED
11-09 01:29:23.320  1460  2906 D CompatibilityChangeReporter: Compat change id reported: 218533173; UID 10215; state: DISABLED
11-09 01:29:23.325  1460  1460 I Telecom : DefaultDialerCache: Refreshing default dialer for user 0: now com.google.android.dialer: DDC.oR@A0k
11-09 01:29:23.332  1460  1460 V BackupManagerConstants: getFullBackupIntervalMilliseconds(...) returns 86400000
11-09 01:29:23.332  1460  1460 V BackupManagerConstants: getFullBackupRequiredNetworkType(...) returns 2
11-09 01:29:23.332  1460  1460 V BackupManagerConstants: getFullBackupRequireCharging(...) returns true
11-09 01:29:23.348  1460  1688 W WindowMagnificationMgr: requestConnection duplicated request: connect=false, mConnectionState=DISCONNECTED
11-09 01:29:23.355  1460  1829 E VerityUtils: Failed to measure fs-verity, errno 1: /data/app/~~S4ZgpRehQiXBXB4PGhefkw==/com.wbs-0SiEDtncC826dpHupSAGow==/base.apk
11-09 01:29:23.378  1460  1688 W PackageManager: Failed registering loading progress callback. Package is fully loaded.
11-09 01:29:23.386  1460  1688 W WindowMagnificationMgr: requestConnection duplicated request: connect=false, mConnectionState=DISCONNECTED
11-09 01:29:23.404  1460  1460 I Telecom : DefaultDialerCache: Refreshing default dialer for user 0: now com.google.android.dialer: DDC.oR@A0o
11-09 01:29:23.408  1460  4155 W BackupTransportManager: Package com.wbs enabled setting: 0
11-09 01:29:23.425  1460  1971 D CompatibilityChangeReporter: Compat change id reported: 161252188; UID 10215; state: DISABLED
11-09 01:29:23.697  1460  1833 E PackageManager: ERROR: could not load root hash from incremental install
11-09 01:29:23.713  1460  8475 D CompatibilityChangeReporter: Compat change id reported: 194532703; UID 10133; state: ENABLED
11-09 01:29:23.717  1460  1833 I PackageManager: Integrity check passed for file:///data/app/vmdl1737612447.tmp
11-09 01:29:23.803  1460  1668 V StorageManagerService: Package null has legacy storage
11-09 01:29:23.868  1460  8475 I ActivityManager: Background started FGS: Allowed [callingPackage: com.google.android.apps.wellbeing; callingUid: 10121; uidState: BFGS; intent: Intent { cmp=com.google.android.apps.wellbeing/com.google.apps.tiktok.concurrent.InternalForegroundService (has extras) }; code:BACKGROUND_ACTIVITY_PERMISSION; tempAllowListReason:<null>; targetSdkVersion:33; callerTargetSdkVersion:33; startForegroundCount:0; bindFromPackage:null]
11-09 01:29:23.885  1460  5535 W AppOps  : setUidMode() called with a mode inconsistent with runtime permission state, this is discouraged and you should revoke the runtime permission instead: uid=10124, switchCode=0, mode=4, permission=android.permission.ACCESS_BACKGROUND_LOCATION
11-09 01:29:23.954  1460  8475 W AppOps  : setUidMode() called with a mode inconsistent with runtime permission state, this is discouraged and you should revoke the runtime permission instead: uid=10124, switchCode=1, mode=4, permission=android.permission.ACCESS_BACKGROUND_LOCATION
11-09 01:29:23.956  1460  8475 W AppOps  : setUidMode() called with a mode inconsistent with runtime permission state, this is discouraged and you should revoke the runtime permission instead: uid=10124, switchCode=0, mode=4, permission=android.permission.ACCESS_BACKGROUND_LOCATION
11-09 01:29:23.998  1460  1833 V BackupManagerService: [UserID:0] restoreAtInstall pkg=com.zgzt.bt.qipa token=1b restoreSet=0
11-09 01:29:23.999  1460  1833 V BackupManagerService: [UserID:0] Finishing install immediately
11-09 01:29:24.001  1460  1833 D PackageInstallerSession: Marking session 1737612447 as applied
11-09 01:29:24.002  1460  1833 D CompatibilityChangeReporter: Compat change id reported: 168419799; UID 10216; state: DISABLED
11-09 01:29:24.003  1460  1833 D CompatibilityChangeReporter: Compat change id reported: 273564678; UID 10216; state: DISABLED
11-09 01:29:24.008  1460  2906 D CompatibilityChangeReporter: Compat change id reported: 218533173; UID 10216; state: DISABLED
11-09 01:29:24.022  1460  1460 I Telecom : DefaultDialerCache: Refreshing default dialer for user 0: now com.google.android.dialer: DDC.oR@A08
11-09 01:29:24.032  1460  1460 V BackupManagerConstants: getFullBackupIntervalMilliseconds(...) returns 86400000
11-09 01:29:24.032  1460  1460 V BackupManagerConstants: getFullBackupRequiredNetworkType(...) returns 2
11-09 01:29:24.032  1460  1460 V BackupManagerConstants: getFullBackupRequireCharging(...) returns true
11-09 01:29:24.057  1460  1688 W WindowMagnificationMgr: requestConnection duplicated request: connect=false, mConnectionState=DISCONNECTED
11-09 01:29:24.064  1460  1460 I Telecom : DefaultDialerCache: Refreshing default dialer for user 0: now com.google.android.dialer: DDC.oR@A1I
11-09 01:29:24.074  1460  4155 W BackupTransportManager: Package com.zgzt.bt.qipa enabled setting: 0
11-09 01:29:24.078  1460  1460 I NotificationService: Cannot find enqueued record for key: 0|com.google.android.apps.wellbeing|174344743|null|10121
11-09 01:29:24.098  1460  1829 E VerityUtils: Failed to measure fs-verity, errno 1: /data/app/~~jG-q4Rbqw7mcCRDA9du4oA==/com.zgzt.bt.qipa-TTy-rShtuJsEx0BRczgtDQ==/base.apk
11-09 01:29:24.114  1460  8475 D CompatibilityChangeReporter: Compat change id reported: 161252188; UID 10216; state: DISABLED
11-09 01:29:24.132  1460  1833 E PackageManager: ERROR: could not load root hash from incremental install
11-09 01:29:24.132  1460  1688 W PackageManager: Failed registering loading progress callback. Package is fully loaded.
11-09 01:29:24.141  1460  1688 W WindowMagnificationMgr: requestConnection duplicated request: connect=false, mConnectionState=DISCONNECTED
11-09 01:29:24.152  1460  1833 I PackageManager: Integrity check passed for file:///data/app/vmdl1745552434.tmp
11-09 01:29:24.400  1460  1668 W Looper  : Slow dispatch took 122ms android.fg h=android.os.Handler c=<recycled PooledLambda@9403ddc> m=0
11-09 01:29:24.481  1460  8477 I ActivityManager: Background started FGS: Allowed [callingPackage: com.google.android.apps.wellbeing; callingUid: 10121; uidState: BFGS; intent: Intent { cmp=com.google.android.apps.wellbeing/com.google.apps.tiktok.concurrent.InternalForegroundService (has extras) }; code:BACKGROUND_ACTIVITY_PERMISSION; tempAllowListReason:<null>; targetSdkVersion:33; callerTargetSdkVersion:33; startForegroundCount:0; bindFromPackage:null]
11-09 01:29:24.516  1460  1833 V BackupManagerService: [UserID:0] restoreAtInstall pkg=wap.syst token=1c restoreSet=0
11-09 01:29:24.517  1460  1833 V BackupManagerService: [UserID:0] Finishing install immediately
11-09 01:29:24.518  1460  1833 D PackageInstallerSession: Marking session 1745552434 as applied
11-09 01:29:24.520  1460  1833 D CompatibilityChangeReporter: Compat change id reported: 168419799; UID 10217; state: DISABLED
11-09 01:29:24.520  1460  1833 D CompatibilityChangeReporter: Compat change id reported: 273564678; UID 10217; state: DISABLED
11-09 01:29:24.525  1460  2906 D CompatibilityChangeReporter: Compat change id reported: 218533173; UID 10217; state: DISABLED
11-09 01:29:24.527  1460  1460 I Telecom : DefaultDialerCache: Refreshing default dialer for user 0: now com.google.android.dialer: DDC.oR@A1c
11-09 01:29:24.546  1460  1460 V BackupManagerConstants: getFullBackupIntervalMilliseconds(...) returns 86400000
11-09 01:29:24.546  1460  1460 V BackupManagerConstants: getFullBackupRequiredNetworkType(...) returns 2
11-09 01:29:24.546  1460  1460 V BackupManagerConstants: getFullBackupRequireCharging(...) returns true
11-09 01:29:24.567  1460  1688 W WindowMagnificationMgr: requestConnection duplicated request: connect=false, mConnectionState=DISCONNECTED
11-09 01:29:24.571  1460  1460 I Telecom : DefaultDialerCache: Refreshing default dialer for user 0: now com.google.android.dialer: DDC.oR@A1g
11-09 01:29:24.603  1460  4155 W BackupTransportManager: Package wap.syst enabled setting: 0
11-09 01:29:24.625  1460  1829 E VerityUtils: Failed to measure fs-verity, errno 1: /data/app/~~dl0wHczEcRVQiKf5yap59Q==/wap.syst-8SrzWc_ohnOwq-4X4aFrrA==/base.apk
11-09 01:29:24.634  1460  5536 D CompatibilityChangeReporter: Compat change id reported: 161252188; UID 10217; state: DISABLED
11-09 01:29:24.655  1460  1688 W PackageManager: Failed registering loading progress callback. Package is fully loaded.
11-09 01:29:24.656  1460  1833 E PackageManager: ERROR: could not load root hash from incremental install
11-09 01:29:24.670  1460  2032 W PackageParsing: Ignoring duplicate uses-permissions/uses-permissions-sdk-m: android.permission.INTERNET in package: com.ps.keepaccount at: Binary XML file line #62
11-09 01:29:24.670  1460  2032 W PackageParsing: Ignoring duplicate uses-permissions/uses-permissions-sdk-m: android.permission.READ_PHONE_STATE in package: com.ps.keepaccount at: Binary XML file line #63
11-09 01:29:24.670  1460  2032 W PackageParsing: Ignoring duplicate uses-permissions/uses-permissions-sdk-m: android.permission.ACCESS_NETWORK_STATE in package: com.ps.keepaccount at: Binary XML file line #65
11-09 01:29:24.670  1460  2032 W PackageParsing: Ignoring duplicate uses-permissions/uses-permissions-sdk-m: android.permission.WRITE_EXTERNAL_STORAGE in package: com.ps.keepaccount at: Binary XML file line #68
11-09 01:29:24.670  1460  2032 W PackageParsing: Ignoring duplicate uses-permissions/uses-permissions-sdk-m: android.permission.INTERNET in package: com.ps.keepaccount at: Binary XML file line #76
11-09 01:29:24.670  1460  2032 W PackageParsing: Ignoring duplicate uses-permissions/uses-permissions-sdk-m: android.permission.ACCESS_NETWORK_STATE in package: com.ps.keepaccount at: Binary XML file line #77
11-09 01:29:24.670  1460  2032 W PackageParsing: Ignoring duplicate uses-permissions/uses-permissions-sdk-m: android.permission.READ_PHONE_STATE in package: com.ps.keepaccount at: Binary XML file line #78
11-09 01:29:24.670  1460  2032 W PackageParsing: Ignoring duplicate uses-permissions/uses-permissions-sdk-m: android.permission.WRITE_EXTERNAL_STORAGE in package: com.ps.keepaccount at: Binary XML file line #79
11-09 01:29:24.670  1460  2032 W PackageParsing: Ignoring duplicate uses-permissions/uses-permissions-sdk-m: android.permission.GET_TASKS in package: com.ps.keepaccount at: Binary XML file line #80
11-09 01:29:24.679  1460  1688 W WindowMagnificationMgr: requestConnection duplicated request: connect=false, mConnectionState=DISCONNECTED
11-09 01:29:24.688  1460  1460 I NotificationService: Cannot find enqueued record for key: 0|com.google.android.apps.wellbeing|174344743|null|10121
11-09 01:29:24.693  1460  1833 I PackageManager: Integrity check passed for file:///data/app/vmdl625851373.tmp
11-09 01:29:24.698  1460  1833 W PackageParsing: Ignoring duplicate uses-permissions/uses-permissions-sdk-m: android.permission.INTERNET in package: com.ps.keepaccount at: Binary XML file line #62
11-09 01:29:24.698  1460  1833 W PackageParsing: Ignoring duplicate uses-permissions/uses-permissions-sdk-m: android.permission.READ_PHONE_STATE in package: com.ps.keepaccount at: Binary XML file line #63
11-09 01:29:24.698  1460  1833 W PackageParsing: Ignoring duplicate uses-permissions/uses-permissions-sdk-m: android.permission.ACCESS_NETWORK_STATE in package: com.ps.keepaccount at: Binary XML file line #65
11-09 01:29:24.698  1460  1833 W PackageParsing: Ignoring duplicate uses-permissions/uses-permissions-sdk-m: android.permission.WRITE_EXTERNAL_STORAGE in package: com.ps.keepaccount at: Binary XML file line #68
11-09 01:29:24.698  1460  1833 W PackageParsing: Ignoring duplicate uses-permissions/uses-permissions-sdk-m: android.permission.INTERNET in package: com.ps.keepaccount at: Binary XML file line #76
11-09 01:29:24.698  1460  1833 W PackageParsing: Ignoring duplicate uses-permissions/uses-permissions-sdk-m: android.permission.ACCESS_NETWORK_STATE in package: com.ps.keepaccount at: Binary XML file line #77
11-09 01:29:24.698  1460  1833 W PackageParsing: Ignoring duplicate uses-permissions/uses-permissions-sdk-m: android.permission.READ_PHONE_STATE in package: com.ps.keepaccount at: Binary XML file line #78
11-09 01:29:24.698  1460  1833 W PackageParsing: Ignoring duplicate uses-permissions/uses-permissions-sdk-m: android.permission.WRITE_EXTERNAL_STORAGE in package: com.ps.keepaccount at: Binary XML file line #79
11-09 01:29:24.698  1460  1833 W PackageParsing: Ignoring duplicate uses-permissions/uses-permissions-sdk-m: android.permission.GET_TASKS in package: com.ps.keepaccount at: Binary XML file line #80
11-09 01:29:24.746 11590 16879 W PackageParser: Ignoring duplicate uses-permissions/uses-permissions-sdk-m: android.permission.WRITE_EXTERNAL_STORAGE in package: com.iapp.gonjubao at: Binary XML file line #30
11-09 01:29:24.746 11590 16879 W PackageParser: Ignoring duplicate uses-permissions/uses-permissions-sdk-m: android.permission.INTERNET in package: com.iapp.gonjubao at: Binary XML file line #31
11-09 01:29:24.746 11590 16879 W PackageParser: Ignoring duplicate uses-permissions/uses-permissions-sdk-m: android.permission.READ_PHONE_STATE in package: com.iapp.gonjubao at: Binary XML file line #32
11-09 01:29:24.765  1460  1668 V StorageManagerService: Package null has legacy storage
11-09 01:29:24.904  1460  1971 W AppOps  : setUidMode() called with a mode inconsistent with runtime permission state, this is discouraged and you should revoke the runtime permission instead: uid=10124, switchCode=0, mode=4, permission=android.permission.ACCESS_BACKGROUND_LOCATION
11-09 01:29:24.917  1460  1833 V BackupManagerService: [UserID:0] restoreAtInstall pkg=com.ps.keepaccount token=1d restoreSet=0
11-09 01:29:24.917  1460  1833 V BackupManagerService: [UserID:0] Finishing install immediately
11-09 01:29:24.919  1460  1833 D PackageInstallerSession: Marking session 625851373 as applied
11-09 01:29:24.921  1460  1833 D CompatibilityChangeReporter: Compat change id reported: 168419799; UID 10218; state: DISABLED
11-09 01:29:24.921  1460  1833 D CompatibilityChangeReporter: Compat change id reported: 273564678; UID 10218; state: DISABLED
11-09 01:29:24.925  1460  2906 D CompatibilityChangeReporter: Compat change id reported: 218533173; UID 10218; state: DISABLED
11-09 01:29:24.941  1460  1460 I Telecom : DefaultDialerCache: Refreshing default dialer for user 0: now com.google.android.dialer: DDC.oR@A18
11-09 01:29:24.947  1460  1688 W WindowMagnificationMgr: requestConnection duplicated request: connect=false, mConnectionState=DISCONNECTED
11-09 01:29:24.964  1460  1829 E VerityUtils: Failed to measure fs-verity, errno 1: /data/app/~~Gjln9ZAZEPQeZqXZsDfIew==/com.ps.keepaccount-6YbrbPuj5kTYjvhPFc25wA==/base.apk
11-09 01:29:24.965  1460  1460 V BackupManagerConstants: getFullBackupIntervalMilliseconds(...) returns 86400000
11-09 01:29:24.965  1460  1460 V BackupManagerConstants: getFullBackupRequiredNetworkType(...) returns 2
11-09 01:29:24.965  1460  1460 V BackupManagerConstants: getFullBackupRequireCharging(...) returns true
11-09 01:29:25.003  1460  1688 W PackageManager: Failed registering loading progress callback. Package is fully loaded.
11-09 01:29:25.005  1460  5536 D CompatibilityChangeReporter: Compat change id reported: 161252188; UID 10218; state: DISABLED
11-09 01:29:25.006  1460  1460 I Telecom : DefaultDialerCache: Refreshing default dialer for user 0: now com.google.android.dialer: DDC.oR@A2I
11-09 01:29:25.015  1460  1688 W WindowMagnificationMgr: requestConnection duplicated request: connect=false, mConnectionState=DISCONNECTED
11-09 01:29:25.040  1460  4155 W BackupTransportManager: Package com.ps.keepaccount enabled setting: 0
11-09 01:29:25.097  1460  1833 E PackageManager: ERROR: could not load root hash from incremental install
11-09 01:29:25.113  1460  2032 W PackageParsing: Ignoring duplicate uses-permissions/uses-permissions-sdk-m: android.permission.ACCESS_NETWORK_STATE in package: com.alan.weather at: Binary XML file line #56
11-09 01:29:25.114  1460  2032 W PackageParsing: Ignoring duplicate uses-permissions/uses-permissions-sdk-m: android.permission.READ_PHONE_STATE in package: com.alan.weather at: Binary XML file line #57
11-09 01:29:25.114  1460  2032 W PackageParsing: Ignoring duplicate uses-permissions/uses-permissions-sdk-m: android.permission.INTERNET in package: com.alan.weather at: Binary XML file line #60
11-09 01:29:25.114  1460  2032 W PackageParsing: Ignoring duplicate uses-permissions/uses-permissions-sdk-m: android.permission.WRITE_EXTERNAL_STORAGE in package: com.alan.weather at: Binary XML file line #61
11-09 01:29:25.114  1460  2032 W PackageParsing: Ignoring duplicate uses-permissions/uses-permissions-sdk-m: android.permission.ACCESS_COARSE_LOCATION in package: com.alan.weather at: Binary XML file line #63
11-09 01:29:25.115  1460  2032 W PackageParsing: Ignoring duplicate uses-permissions/uses-permissions-sdk-m: android.permission.ACCESS_NETWORK_STATE in package: com.alan.weather at: Binary XML file line #67
11-09 01:29:25.115  1460  2032 W PackageParsing: Ignoring duplicate uses-permissions/uses-permissions-sdk-m: android.permission.READ_PHONE_STATE in package: com.alan.weather at: Binary XML file line #68
11-09 01:29:25.115  1460  2032 W PackageParsing: Ignoring duplicate uses-permissions/uses-permissions-sdk-m: android.permission.ACCESS_WIFI_STATE in package: com.alan.weather at: Binary XML file line #69
11-09 01:29:25.115  1460  2032 W PackageParsing: Ignoring duplicate uses-permissions/uses-permissions-sdk-m: android.permission.CHANGE_WIFI_STATE in package: com.alan.weather at: Binary XML file line #70
11-09 01:29:25.115  1460  2032 W PackageParsing: Ignoring duplicate uses-permissions/uses-permissions-sdk-m: android.permission.INTERNET in package: com.alan.weather at: Binary XML file line #71
11-09 01:29:25.115  1460  2032 W PackageParsing: Ignoring duplicate uses-permissions/uses-permissions-sdk-m: android.permission.WRITE_EXTERNAL_STORAGE in package: com.alan.weather at: Binary XML file line #73
11-09 01:29:25.143  1460  1833 I PackageManager: Integrity check passed for file:///data/app/vmdl772392080.tmp
11-09 01:29:25.151  1460  1833 W PackageParsing: Ignoring duplicate uses-permissions/uses-permissions-sdk-m: android.permission.ACCESS_NETWORK_STATE in package: com.alan.weather at: Binary XML file line #56
11-09 01:29:25.151  1460  1833 W PackageParsing: Ignoring duplicate uses-permissions/uses-permissions-sdk-m: android.permission.READ_PHONE_STATE in package: com.alan.weather at: Binary XML file line #57
11-09 01:29:25.151  1460  1833 W PackageParsing: Ignoring duplicate uses-permissions/uses-permissions-sdk-m: android.permission.INTERNET in package: com.alan.weather at: Binary XML file line #60
11-09 01:29:25.151  1460  1833 W PackageParsing: Ignoring duplicate uses-permissions/uses-permissions-sdk-m: android.permission.WRITE_EXTERNAL_STORAGE in package: com.alan.weather at: Binary XML file line #61
11-09 01:29:25.151  1460  1833 W PackageParsing: Ignoring duplicate uses-permissions/uses-permissions-sdk-m: android.permission.ACCESS_COARSE_LOCATION in package: com.alan.weather at: Binary XML file line #63
11-09 01:29:25.152  1460  1833 W PackageParsing: Ignoring duplicate uses-permissions/uses-permissions-sdk-m: android.permission.ACCESS_NETWORK_STATE in package: com.alan.weather at: Binary XML file line #67
11-09 01:29:25.152  1460  1833 W PackageParsing: Ignoring duplicate uses-permissions/uses-permissions-sdk-m: android.permission.READ_PHONE_STATE in package: com.alan.weather at: Binary XML file line #68
11-09 01:29:25.152  1460  1833 W PackageParsing: Ignoring duplicate uses-permissions/uses-permissions-sdk-m: android.permission.ACCESS_WIFI_STATE in package: com.alan.weather at: Binary XML file line #69
11-09 01:29:25.152  1460  1833 W PackageParsing: Ignoring duplicate uses-permissions/uses-permissions-sdk-m: android.permission.CHANGE_WIFI_STATE in package: com.alan.weather at: Binary XML file line #70
11-09 01:29:25.152  1460  1833 W PackageParsing: Ignoring duplicate uses-permissions/uses-permissions-sdk-m: android.permission.INTERNET in package: com.alan.weather at: Binary XML file line #71
11-09 01:29:25.152  1460  1833 W PackageParsing: Ignoring duplicate uses-permissions/uses-permissions-sdk-m: android.permission.WRITE_EXTERNAL_STORAGE in package: com.alan.weather at: Binary XML file line #73
11-09 01:29:25.220  1460  1668 V StorageManagerService: Package null has legacy storage
11-09 01:29:25.226  1460  1566 W AppOps  : setUidMode() called with a mode inconsistent with runtime permission state, this is discouraged and you should revoke the runtime permission instead: uid=10124, switchCode=1, mode=4, permission=android.permission.ACCESS_BACKGROUND_LOCATION
11-09 01:29:25.234  1460  3200 W AppOps  : setUidMode() called with a mode inconsistent with runtime permission state, this is discouraged and you should revoke the runtime permission instead: uid=10124, switchCode=0, mode=4, permission=android.permission.ACCESS_BACKGROUND_LOCATION
11-09 01:29:25.356  1460  1833 V BackupManagerService: [UserID:0] restoreAtInstall pkg=com.alan.weather token=1e restoreSet=0
11-09 01:29:25.356  1460  1833 V BackupManagerService: [UserID:0] Finishing install immediately
11-09 01:29:25.357  1460  1833 D PackageInstallerSession: Marking session 772392080 as applied
11-09 01:29:25.361  1460  1833 D CompatibilityChangeReporter: Compat change id reported: 168419799; UID 10219; state: DISABLED
11-09 01:29:25.361  1460  1833 D CompatibilityChangeReporter: Compat change id reported: 273564678; UID 10219; state: DISABLED
11-09 01:29:25.365  1460  2906 D CompatibilityChangeReporter: Compat change id reported: 218533173; UID 10219; state: DISABLED
11-09 01:29:25.368  1460  1460 I Telecom : DefaultDialerCache: Refreshing default dialer for user 0: now com.google.android.dialer: DDC.oR@A2U
11-09 01:29:25.375  1460  1688 W WindowMagnificationMgr: requestConnection duplicated request: connect=false, mConnectionState=DISCONNECTED
11-09 01:29:25.376  1460  1460 V BackupManagerConstants: getFullBackupIntervalMilliseconds(...) returns 86400000
11-09 01:29:25.376  1460  1460 V BackupManagerConstants: getFullBackupRequiredNetworkType(...) returns 2
11-09 01:29:25.376  1460  1460 V BackupManagerConstants: getFullBackupRequireCharging(...) returns true
11-09 01:29:25.399  1460  1460 I Telecom : DefaultDialerCache: Refreshing default dialer for user 0: now com.google.android.dialer: DDC.oR@A2Y
11-09 01:29:25.422  1460  1829 E VerityUtils: Failed to measure fs-verity, errno 1: /data/app/~~eECyuY7GtkCriNraFHEzHw==/com.alan.weather-dBL1PT085B8JGSGiBe-dDA==/base.apk
11-09 01:29:25.423  1460  4155 W BackupTransportManager: Package com.alan.weather enabled setting: 0
11-09 01:29:25.427  1460  1688 W PackageManager: Failed registering loading progress callback. Package is fully loaded.
11-09 01:29:25.450  1460  1833 E PackageManager: ERROR: could not load root hash from incremental install
11-09 01:29:25.479  1460  1833 I PackageManager: Integrity check passed for file:///data/app/vmdl1412271289.tmp
11-09 01:29:25.481  1460  1688 W WindowMagnificationMgr: requestConnection duplicated request: connect=false, mConnectionState=DISCONNECTED
11-09 01:29:25.496  1460  5519 D CompatibilityChangeReporter: Compat change id reported: 161252188; UID 10219; state: DISABLED
11-09 01:29:25.596  1460  1833 V BackupManagerService: [UserID:0] restoreAtInstall pkg=cn.com.opda.android.cleanup1 token=1f restoreSet=0
11-09 01:29:25.596  1460  1833 V BackupManagerService: [UserID:0] Finishing install immediately
11-09 01:29:25.600  1460  1833 V StorageManagerService: Package null has legacy storage
11-09 01:29:25.600  1460  1833 D PackageInstallerSession: Marking session 1412271289 as applied
11-09 01:29:25.614  1460  1833 D CompatibilityChangeReporter: Compat change id reported: 168419799; UID 10220; state: DISABLED
11-09 01:29:25.614  1460  1833 D CompatibilityChangeReporter: Compat change id reported: 273564678; UID 10220; state: DISABLED
11-09 01:29:25.627  1460  2906 D CompatibilityChangeReporter: Compat change id reported: 218533173; UID 10220; state: DISABLED
11-09 01:29:25.647  1460  1688 W WindowMagnificationMgr: requestConnection duplicated request: connect=false, mConnectionState=DISCONNECTED
11-09 01:29:25.667  1460  1460 I Telecom : DefaultDialerCache: Refreshing default dialer for user 0: now com.google.android.dialer: DDC.oR@A2k
