11-09 01:29:39.479  1460  1833 V BackupManagerService: [UserID:0] restoreAtInstall pkg=com.pqas.xrzm token=3a restoreSet=0
11-09 01:29:39.479  1460  1833 V BackupManagerService: [UserID:0] Finishing install immediately
11-09 01:29:39.480  1460  1833 D PackageInstallerSession: Marking session 1980025049 as applied
11-09 01:29:39.483  1460  1833 D CompatibilityChangeReporter: Compat change id reported: 168419799; UID 10247; state: DISABLED
11-09 01:29:39.483  1460  1833 D CompatibilityChangeReporter: Compat change id reported: 273564678; UID 10247; state: DISABLED
11-09 01:29:39.487  1460  2906 D CompatibilityChangeReporter: Compat change id reported: 218533173; UID 10247; state: DISABLED
11-09 01:29:39.525  1460  1460 I Telecom : DefaultDialerCache: Refreshing default dialer for user 0: now com.google.android.dialer: DDC.oR@BA8
11-09 01:29:39.529  1460  1460 V BackupManagerConstants: getFullBackupIntervalMilliseconds(...) returns 86400000
11-09 01:29:39.529  1460  1460 V BackupManagerConstants: getFullBackupRequiredNetworkType(...) returns 2
11-09 01:29:39.529  1460  1460 V BackupManagerConstants: getFullBackupRequireCharging(...) returns true
11-09 01:29:39.534  1460  1688 W WindowMagnificationMgr: requestConnection duplicated request: connect=false, mConnectionState=DISCONNECTED
11-09 01:29:39.535  1460  1829 E VerityUtils: Failed to measure fs-verity, errno 1: /data/app/~~iVHkl4SOLzJnSSBO15gBEg==/com.pqas.xrzm-_rU9FXjX5031h16AzYVOGg==/base.apk
11-09 01:29:39.553  1460  5536 D CompatibilityChangeReporter: Compat change id reported: 161252188; UID 10247; state: DISABLED
11-09 01:29:39.572  1460  1460 I Telecom : DefaultDialerCache: Refreshing default dialer for user 0: now com.google.android.dialer: DDC.oR@BBA
11-09 01:29:39.583  1460  1688 W PackageManager: Failed registering loading progress callback. Package is fully loaded.
11-09 01:29:39.603  1460  1688 W WindowMagnificationMgr: requestConnection duplicated request: connect=false, mConnectionState=DISCONNECTED
11-09 01:29:39.633  1460  4155 W BackupTransportManager: Package com.pqas.xrzm enabled setting: 0
11-09 01:29:39.892  1460  5542 W AppOps  : setUidMode() called with a mode inconsistent with runtime permission state, this is discouraged and you should revoke the runtime permission instead: uid=10124, switchCode=0, mode=4, permission=android.permission.ACCESS_BACKGROUND_LOCATION
11-09 01:29:39.979  1460  6937 W AppOps  : setUidMode() called with a mode inconsistent with runtime permission state, this is discouraged and you should revoke the runtime permission instead: uid=10124, switchCode=1, mode=4, permission=android.permission.ACCESS_BACKGROUND_LOCATION
11-09 01:29:39.981  1460  5542 W AppOps  : setUidMode() called with a mode inconsistent with runtime permission state, this is discouraged and you should revoke the runtime permission instead: uid=10124, switchCode=0, mode=4, permission=android.permission.ACCESS_BACKGROUND_LOCATION
11-09 01:29:40.044  1460  8476 I ActivityManager: Background started FGS: Allowed [callingPackage: com.google.android.apps.wellbeing; callingUid: 10121; uidState: BFGS; intent: Intent { cmp=com.google.android.apps.wellbeing/com.google.apps.tiktok.concurrent.InternalForegroundService (has extras) }; code:BACKGROUND_ACTIVITY_PERMISSION; tempAllowListReason:<null>; targetSdkVersion:33; callerTargetSdkVersion:33; startForegroundCount:0; bindFromPackage:null]
11-09 01:29:40.127 11590 16879 I PackageParser: com.keji.danti1052: compat added android.permission.WRITE_EXTERNAL_STORAGE
11-09 01:29:40.155  1460  1833 E PackageManager: ERROR: could not load root hash from incremental install
11-09 01:29:40.171  1460  1833 I PackageManager: Integrity check passed for file:///data/app/vmdl1337679964.tmp
11-09 01:29:40.257  1460  1460 I NotificationService: Cannot find enqueued record for key: 0|com.google.android.apps.wellbeing|174344743|null|10121
11-09 01:29:40.572  1460  1833 V BackupManagerService: [UserID:0] restoreAtInstall pkg=com.kbwork.dygaqy token=3b restoreSet=0
11-09 01:29:40.573  1460  1833 V BackupManagerService: [UserID:0] Finishing install immediately
11-09 01:29:40.575  1460  1833 D PackageInstallerSession: Marking session 1337679964 as applied
11-09 01:29:40.577  1460  1833 D CompatibilityChangeReporter: Compat change id reported: 168419799; UID 10248; state: DISABLED
11-09 01:29:40.577  1460  1833 D CompatibilityChangeReporter: Compat change id reported: 273564678; UID 10248; state: DISABLED
11-09 01:29:40.583  1460  2906 D CompatibilityChangeReporter: Compat change id reported: 218533173; UID 10248; state: DISABLED
11-09 01:29:40.611  1460  1460 I Telecom : DefaultDialerCache: Refreshing default dialer for user 0: now com.google.android.dialer: DDC.oR@BBc
11-09 01:29:40.614  1460  1688 W WindowMagnificationMgr: requestConnection duplicated request: connect=false, mConnectionState=DISCONNECTED
11-09 01:29:40.615  1460  1460 V BackupManagerConstants: getFullBackupIntervalMilliseconds(...) returns 86400000
11-09 01:29:40.615  1460  1460 V BackupManagerConstants: getFullBackupRequiredNetworkType(...) returns 2
11-09 01:29:40.615  1460  1460 V BackupManagerConstants: getFullBackupRequireCharging(...) returns true
11-09 01:29:40.646  1460  1829 E VerityUtils: Failed to measure fs-verity, errno 1: /data/app/~~_xJtpYtDlrgrVqJuknI_Jw==/com.kbwork.dygaqy-Jti1DY_q_JdgPPeggAjVjA==/base.apk
11-09 01:29:40.670  1460  1460 I Telecom : DefaultDialerCache: Refreshing default dialer for user 0: now com.google.android.dialer: DDC.oR@BBo
11-09 01:29:40.684  1460  1688 W PackageManager: Failed registering loading progress callback. Package is fully loaded.
11-09 01:29:40.700  1460  4155 W BackupTransportManager: Package com.kbwork.dygaqy enabled setting: 0
11-09 01:29:40.727  1460  4193 D CompatibilityChangeReporter: Compat change id reported: 161252188; UID 10248; state: DISABLED
11-09 01:29:40.741  1460  1688 W WindowMagnificationMgr: requestConnection duplicated request: connect=false, mConnectionState=DISCONNECTED
11-09 01:29:40.792  1460  1833 E PackageManager: ERROR: could not load root hash from incremental install
11-09 01:29:40.801  1460  2032 W PackageParsing: Ignoring duplicate uses-permissions/uses-permissions-sdk-m: android.permission.KILL_BACKGROUND_PROCESSES in package: rjpmscxyoicgj.rcmuksahjbgmzodorjn.pebcsfmlgnqxshaierbhj at: Binary XML file line #24
11-09 01:29:40.817  1460  1833 I PackageManager: Integrity check passed for file:///data/app/vmdl259399849.tmp
11-09 01:29:40.831  1460  1833 W PackageParsing: Ignoring duplicate uses-permissions/uses-permissions-sdk-m: android.permission.KILL_BACKGROUND_PROCESSES in package: rjpmscxyoicgj.rcmuksahjbgmzodorjn.pebcsfmlgnqxshaierbhj at: Binary XML file line #24
11-09 01:29:40.841 11590 16879 W PackageParser: Ignoring duplicate uses-permissions/uses-permissions-sdk-m: android.permission.INTERNET in package: com.uc108.mobile.sdgj.bd1 at: Binary XML file line #25
11-09 01:29:40.841 11590 16879 W PackageParser: Ignoring duplicate uses-permissions/uses-permissions-sdk-m: android.permission.READ_PHONE_STATE in package: com.uc108.mobile.sdgj.bd1 at: Binary XML file line #26
11-09 01:29:40.841 11590 16879 W PackageParser: Ignoring duplicate uses-permissions/uses-permissions-sdk-m: android.permission.ACCESS_WIFI_STATE in package: com.uc108.mobile.sdgj.bd1 at: Binary XML file line #27
11-09 01:29:40.841 11590 16879 W PackageParser: Ignoring duplicate uses-permissions/uses-permissions-sdk-m: android.permission.ACCESS_NETWORK_STATE in package: com.uc108.mobile.sdgj.bd1 at: Binary XML file line #28
11-09 01:29:40.841 11590 16879 W PackageParser: Ignoring duplicate uses-permissions/uses-permissions-sdk-m: android.permission.BROADCAST_STICKY in package: com.uc108.mobile.sdgj.bd1 at: Binary XML file line #31
11-09 01:29:40.841 11590 16879 W PackageParser: Ignoring duplicate uses-permissions/uses-permissions-sdk-m: android.permission.WRITE_SETTINGS in package: com.uc108.mobile.sdgj.bd1 at: Binary XML file line #32
11-09 01:29:40.841 11590 16879 W PackageParser: Ignoring duplicate uses-permissions/uses-permissions-sdk-m: android.permission.WRITE_EXTERNAL_STORAGE in package: com.uc108.mobile.sdgj.bd1 at: Binary XML file line #34
11-09 01:29:40.841 11590 16879 W PackageParser: Ignoring duplicate uses-permissions/uses-permissions-sdk-m: android.permission.WAKE_LOCK in package: com.uc108.mobile.sdgj.bd1 at: Binary XML file line #35
11-09 01:29:40.841 11590 16879 W PackageParser: Ignoring duplicate uses-permissions/uses-permissions-sdk-m: android.permission.VIBRATE in package: com.uc108.mobile.sdgj.bd1 at: Binary XML file line #39
11-09 01:29:40.841 11590 16879 W PackageParser: Ignoring duplicate uses-permissions/uses-permissions-sdk-m: android.permission.ACCESS_NETWORK_STATE in package: com.uc108.mobile.sdgj.bd1 at: Binary XML file line #46
11-09 01:29:40.841 11590 16879 W PackageParser: Ignoring duplicate uses-permissions/uses-permissions-sdk-m: android.permission.ACCESS_WIFI_STATE in package: com.uc108.mobile.sdgj.bd1 at: Binary XML file line #47
11-09 01:29:40.841 11590 16879 W PackageParser: Ignoring duplicate uses-permissions/uses-permissions-sdk-m: android.permission.READ_PHONE_STATE in package: com.uc108.mobile.sdgj.bd1 at: Binary XML file line #48
11-09 01:29:40.841 11590 16879 W PackageParser: Ignoring duplicate uses-permissions/uses-permissions-sdk-m: android.permission.WRITE_SETTINGS in package: com.uc108.mobile.sdgj.bd1 at: Binary XML file line #49
11-09 01:29:40.841 11590 16879 W PackageParser: Ignoring duplicate uses-permissions/uses-permissions-sdk-m: android.permission.WRITE_EXTERNAL_STORAGE in package: com.uc108.mobile.sdgj.bd1 at: Binary XML file line #50
11-09 01:29:40.841 11590 16879 W PackageParser: Ignoring duplicate uses-permissions/uses-permissions-sdk-m: android.permission.INTERNET in package: com.uc108.mobile.sdgj.bd1 at: Binary XML file line #51
11-09 01:29:40.841 11590 16879 W PackageParser: Ignoring duplicate uses-permissions/uses-permissions-sdk-m: android.permission.GET_TASKS in package: com.uc108.mobile.sdgj.bd1 at: Binary XML file line #52
11-09 01:29:40.841 11590 16879 W PackageParser: Ignoring duplicate uses-permissions/uses-permissions-sdk-m: android.permission.ACCESS_COARSE_LOCATION in package: com.uc108.mobile.sdgj.bd1 at: Binary XML file line #56
11-09 01:29:40.841 11590 16879 W PackageParser: Ignoring duplicate uses-permissions/uses-permissions-sdk-m: android.permission.RECEIVE_BOOT_COMPLETED in package: com.uc108.mobile.sdgj.bd1 at: Binary XML file line #63
11-09 01:29:40.841 11590 16879 W PackageParser: Ignoring duplicate uses-permissions/uses-permissions-sdk-m: android.permission.VIBRATE in package: com.uc108.mobile.sdgj.bd1 at: Binary XML file line #64
11-09 01:29:40.841 11590 16879 W PackageParser: Ignoring duplicate uses-permissions/uses-permissions-sdk-m: android.permission.BROADCAST_STICKY in package: com.uc108.mobile.sdgj.bd1 at: Binary XML file line #70
11-09 01:29:40.841 11590 16879 W PackageParser: Ignoring duplicate uses-permissions/uses-permissions-sdk-m: android.permission.WAKE_LOCK in package: com.uc108.mobile.sdgj.bd1 at: Binary XML file line #76
11-09 01:29:40.842 11590 16879 W PackageParser: Ignoring duplicate uses-permissions/uses-permissions-sdk-m: android.permission.ACCESS_COARSE_LOCATION in package: com.uc108.mobile.sdgj.bd1 at: Binary XML file line #77
11-09 01:29:40.842 11590 16879 W PackageParser: No actions in intent filter at /data/app/~~6ebHn5q5uOQccPNn7uRP3Q==/com.uc108.mobile.sdgj.bd1-d4_7W0PWu5kbSyjhIdgE5Q==/base.apk Binary XML file line #482
11-09 01:29:40.842 11590 16879 W PackageParser: No actions in intent filter at /data/app/~~6ebHn5q5uOQccPNn7uRP3Q==/com.uc108.mobile.sdgj.bd1-d4_7W0PWu5kbSyjhIdgE5Q==/base.apk Binary XML file line #489
11-09 01:29:40.842 11590 16879 W PackageParser: No actions in intent filter at /data/app/~~6ebHn5q5uOQccPNn7uRP3Q==/com.uc108.mobile.sdgj.bd1-d4_7W0PWu5kbSyjhIdgE5Q==/base.apk Binary XML file line #496
11-09 01:29:40.842 11590 16879 W PackageParser: No actions in intent filter at /data/app/~~6ebHn5q5uOQccPNn7uRP3Q==/com.uc108.mobile.sdgj.bd1-d4_7W0PWu5kbSyjhIdgE5Q==/base.apk Binary XML file line #503
11-09 01:29:40.842 11590 16879 W PackageParser: No actions in intent filter at /data/app/~~6ebHn5q5uOQccPNn7uRP3Q==/com.uc108.mobile.sdgj.bd1-d4_7W0PWu5kbSyjhIdgE5Q==/base.apk Binary XML file line #510
11-09 01:29:40.842 11590 16879 W PackageParser: No actions in intent filter at /data/app/~~6ebHn5q5uOQccPNn7uRP3Q==/com.uc108.mobile.sdgj.bd1-d4_7W0PWu5kbSyjhIdgE5Q==/base.apk Binary XML file line #527
11-09 01:29:40.843 11590 16879 W PackageParser: No actions in intent filter at /data/app/~~6ebHn5q5uOQccPNn7uRP3Q==/com.uc108.mobile.sdgj.bd1-d4_7W0PWu5kbSyjhIdgE5Q==/base.apk Binary XML file line #534
11-09 01:29:40.843 11590 16879 W PackageParser: No actions in intent filter at /data/app/~~6ebHn5q5uOQccPNn7uRP3Q==/com.uc108.mobile.sdgj.bd1-d4_7W0PWu5kbSyjhIdgE5Q==/base.apk Binary XML file line #541
11-09 01:29:40.843 11590 16879 W PackageParser: No actions in intent filter at /data/app/~~6ebHn5q5uOQccPNn7uRP3Q==/com.uc108.mobile.sdgj.bd1-d4_7W0PWu5kbSyjhIdgE5Q==/base.apk Binary XML file line #549
11-09 01:29:40.843 11590 16879 W PackageParser: No actions in intent filter at /data/app/~~6ebHn5q5uOQccPNn7uRP3Q==/com.uc108.mobile.sdgj.bd1-d4_7W0PWu5kbSyjhIdgE5Q==/base.apk Binary XML file line #557
11-09 01:29:40.843 11590 16879 W PackageParser: No actions in intent filter at /data/app/~~6ebHn5q5uOQccPNn7uRP3Q==/com.uc108.mobile.sdgj.bd1-d4_7W0PWu5kbSyjhIdgE5Q==/base.apk Binary XML file line #565
11-09 01:29:40.843 11590 16879 W PackageParser: No actions in intent filter at /data/app/~~6ebHn5q5uOQccPNn7uRP3Q==/com.uc108.mobile.sdgj.bd1-d4_7W0PWu5kbSyjhIdgE5Q==/base.apk Binary XML file line #573
11-09 01:29:40.843 11590 16879 W PackageParser: No actions in intent filter at /data/app/~~6ebHn5q5uOQccPNn7uRP3Q==/com.uc108.mobile.sdgj.bd1-d4_7W0PWu5kbSyjhIdgE5Q==/base.apk Binary XML file line #581
11-09 01:29:40.843 11590 16879 W PackageParser: No actions in intent filter at /data/app/~~6ebHn5q5uOQccPNn7uRP3Q==/com.uc108.mobile.sdgj.bd1-d4_7W0PWu5kbSyjhIdgE5Q==/base.apk Binary XML file line #588
11-09 01:29:40.843 11590 16879 W PackageParser: No actions in intent filter at /data/app/~~6ebHn5q5uOQccPNn7uRP3Q==/com.uc108.mobile.sdgj.bd1-d4_7W0PWu5kbSyjhIdgE5Q==/base.apk Binary XML file line #595
11-09 01:29:40.843 11590 16879 W PackageParser: No actions in intent filter at /data/app/~~6ebHn5q5uOQccPNn7uRP3Q==/com.uc108.mobile.sdgj.bd1-d4_7W0PWu5kbSyjhIdgE5Q==/base.apk Binary XML file line #602
11-09 01:29:40.843 11590 16879 W PackageParser: No actions in intent filter at /data/app/~~6ebHn5q5uOQccPNn7uRP3Q==/com.uc108.mobile.sdgj.bd1-d4_7W0PWu5kbSyjhIdgE5Q==/base.apk Binary XML file line #609
11-09 01:29:40.843 11590 16879 W PackageParser: No actions in intent filter at /data/app/~~6ebHn5q5uOQccPNn7uRP3Q==/com.uc108.mobile.sdgj.bd1-d4_7W0PWu5kbSyjhIdgE5Q==/base.apk Binary XML file line #615
11-09 01:29:40.893  1460  1668 V StorageManagerService: Package null does not have legacy storage
11-09 01:29:40.988  1460  5464 W AppOps  : setUidMode() called with a mode inconsistent with runtime permission state, this is discouraged and you should revoke the runtime permission instead: uid=10124, switchCode=0, mode=4, permission=android.permission.ACCESS_BACKGROUND_LOCATION
11-09 01:29:41.106  1460  1970 W AppOps  : setUidMode() called with a mode inconsistent with runtime permission state, this is discouraged and you should revoke the runtime permission instead: uid=10124, switchCode=1, mode=4, permission=android.permission.ACCESS_BACKGROUND_LOCATION
11-09 01:29:41.108  1460  1970 W AppOps  : setUidMode() called with a mode inconsistent with runtime permission state, this is discouraged and you should revoke the runtime permission instead: uid=10124, switchCode=0, mode=4, permission=android.permission.ACCESS_BACKGROUND_LOCATION
11-09 01:29:41.221  1460  1833 V BackupManagerService: [UserID:0] restoreAtInstall pkg=rjpmscxyoicgj.rcmuksahjbgmzodorjn.pebcsfmlgnqxshaierbhj token=3c restoreSet=0
11-09 01:29:41.222  1460  1833 V BackupManagerService: [UserID:0] Finishing install immediately
11-09 01:29:41.227  1460  1833 D PackageInstallerSession: Marking session 259399849 as applied
11-09 01:29:41.231  1460  1833 D CompatibilityChangeReporter: Compat change id reported: 168419799; UID 10249; state: DISABLED
11-09 01:29:41.231  1460  1833 D CompatibilityChangeReporter: Compat change id reported: 273564678; UID 10249; state: DISABLED
11-09 01:29:41.234  1460  2906 D CompatibilityChangeReporter: Compat change id reported: 218533173; UID 10249; state: DISABLED
11-09 01:29:41.237  1460  1460 I Telecom : DefaultDialerCache: Refreshing default dialer for user 0: now com.google.android.dialer: DDC.oR@BB0
11-09 01:29:41.244  1460  1460 V BackupManagerConstants: getFullBackupIntervalMilliseconds(...) returns 86400000
11-09 01:29:41.244  1460  1460 V BackupManagerConstants: getFullBackupRequiredNetworkType(...) returns 2
11-09 01:29:41.244  1460  1460 V BackupManagerConstants: getFullBackupRequireCharging(...) returns true
11-09 01:29:41.271  1460  1829 E VerityUtils: Failed to measure fs-verity, errno 1: /data/app/~~Vm3dPXPy932Bf5r9dw2WNw==/rjpmscxyoicgj.rcmuksahjbgmzodorjn.pebcsfmlgnqxshaierbhj-3BT54Xvaw5hiQtb12p4X1w==/base.apk
11-09 01:29:41.301  1460  5519 D CompatibilityChangeReporter: Compat change id reported: 161252188; UID 10249; state: DISABLED
11-09 01:29:41.308  1460  1688 W WindowMagnificationMgr: requestConnection duplicated request: connect=false, mConnectionState=DISCONNECTED
11-09 01:29:41.328  1460  1460 I Telecom : DefaultDialerCache: Refreshing default dialer for user 0: now com.google.android.dialer: DDC.oR@BCA
11-09 01:29:41.328  1460  4155 W BackupTransportManager: Package rjpmscxyoicgj.rcmuksahjbgmzodorjn.pebcsfmlgnqxshaierbhj enabled setting: 0
11-09 01:29:41.377  1460  1688 W PackageManager: Failed registering loading progress callback. Package is fully loaded.
11-09 01:29:41.388  1460  1688 W WindowMagnificationMgr: requestConnection duplicated request: connect=false, mConnectionState=DISCONNECTED
11-09 01:29:41.469  1460  1833 E PackageManager: ERROR: could not load root hash from incremental install
11-09 01:29:41.495  1460  1833 I PackageManager: Integrity check passed for file:///data/app/vmdl63723384.tmp
11-09 01:29:41.564  1460  1668 V StorageManagerService: Package null has legacy storage
11-09 01:29:41.756  1460  5534 I ActivityManager: Background started FGS: Allowed [callingPackage: com.google.android.apps.wellbeing; callingUid: 10121; uidState: BFGS; intent: Intent { cmp=com.google.android.apps.wellbeing/com.google.apps.tiktok.concurrent.InternalForegroundService (has extras) }; code:BACKGROUND_ACTIVITY_PERMISSION; tempAllowListReason:<null>; targetSdkVersion:33; callerTargetSdkVersion:33; startForegroundCount:0; bindFromPackage:null]
11-09 01:29:41.783  1460  1833 V BackupManagerService: [UserID:0] restoreAtInstall pkg=oaskok.rjsbiydsjifexwubpyuomxy.zslzeeeyzmnfnttztj token=3d restoreSet=0
11-09 01:29:41.784  1460  1833 V BackupManagerService: [UserID:0] Finishing install immediately
11-09 01:29:41.785  1460  1833 D PackageInstallerSession: Marking session 63723384 as applied
11-09 01:29:41.787  1460  1833 D CompatibilityChangeReporter: Compat change id reported: 168419799; UID 10250; state: DISABLED
11-09 01:29:41.787  1460  1833 D CompatibilityChangeReporter: Compat change id reported: 273564678; UID 10250; state: DISABLED
11-09 01:29:41.792  1460  2906 D CompatibilityChangeReporter: Compat change id reported: 218533173; UID 10250; state: DISABLED
11-09 01:29:41.793  1460  1460 I Telecom : DefaultDialerCache: Refreshing default dialer for user 0: now com.google.android.dialer: DDC.oR@BCM
11-09 01:29:41.830  1460  1460 V BackupManagerConstants: getFullBackupIntervalMilliseconds(...) returns 86400000
11-09 01:29:41.830  1460  1460 V BackupManagerConstants: getFullBackupRequiredNetworkType(...) returns 2
11-09 01:29:41.830  1460  1460 V BackupManagerConstants: getFullBackupRequireCharging(...) returns true
11-09 01:29:41.836  1460  1688 W WindowMagnificationMgr: requestConnection duplicated request: connect=false, mConnectionState=DISCONNECTED
11-09 01:29:41.838  1460  1460 I Telecom : DefaultDialerCache: Refreshing default dialer for user 0: now com.google.android.dialer: DDC.oR@BCQ
11-09 01:29:41.838  1460  4155 W BackupTransportManager: Package oaskok.rjsbiydsjifexwubpyuomxy.zslzeeeyzmnfnttztj enabled setting: 0
11-09 01:29:41.856  1460  1833 E PackageManager: ERROR: could not load root hash from incremental install
11-09 01:29:41.859  1460  1829 E VerityUtils: Failed to measure fs-verity, errno 1: /data/app/~~kKiRUo5WIPeAK8Uj5m9mMg==/oaskok.rjsbiydsjifexwubpyuomxy.zslzeeeyzmnfnttztj-fdAw-iBLdMkoHXUDJKJIhQ==/base.apk
11-09 01:29:41.867  1460  5536 D CompatibilityChangeReporter: Compat change id reported: 161252188; UID 10250; state: DISABLED
11-09 01:29:41.872  1460  2032 W PackageParsing: Ignoring duplicate uses-permissions/uses-permissions-sdk-m: android.permission.DISABLE_KEYGUARD in package: com.lfnb.ccrh at: Binary XML file line #24
11-09 01:29:41.891  1460  1833 I PackageManager: Integrity check passed for file:///data/app/vmdl553186653.tmp
11-09 01:29:41.914  1460  1688 W PackageManager: Failed registering loading progress callback. Package is fully loaded.
11-09 01:29:41.935  1460  1688 W WindowMagnificationMgr: requestConnection duplicated request: connect=false, mConnectionState=DISCONNECTED
11-09 01:29:41.961  1460  1460 I NotificationService: Cannot find enqueued record for key: 0|com.google.android.apps.wellbeing|174344743|null|10121
11-09 01:29:41.983  1460  1833 W PackageParsing: Ignoring duplicate uses-permissions/uses-permissions-sdk-m: android.permission.DISABLE_KEYGUARD in package: com.lfnb.ccrh at: Binary XML file line #24
11-09 01:29:42.051  1460  1668 V StorageManagerService: Package null has legacy storage
11-09 01:29:42.135  1460  8259 W AppOps  : setUidMode() called with a mode inconsistent with runtime permission state, this is discouraged and you should revoke the runtime permission instead: uid=10124, switchCode=0, mode=4, permission=android.permission.ACCESS_BACKGROUND_LOCATION
11-09 01:29:42.153  1460  1833 V BackupManagerService: [UserID:0] restoreAtInstall pkg=com.lfnb.ccrh token=3e restoreSet=0
11-09 01:29:42.153  1460  1833 V BackupManagerService: [UserID:0] Finishing install immediately
11-09 01:29:42.158  1460  1833 D PackageInstallerSession: Marking session 553186653 as applied
11-09 01:29:42.160  1460  1833 D CompatibilityChangeReporter: Compat change id reported: 168419799; UID 10251; state: DISABLED
11-09 01:29:42.161  1460  1833 D CompatibilityChangeReporter: Compat change id reported: 273564678; UID 10251; state: DISABLED
11-09 01:29:42.169  1460  2906 D CompatibilityChangeReporter: Compat change id reported: 218533173; UID 10251; state: DISABLED
11-09 01:29:42.183  1460  1688 W WindowMagnificationMgr: requestConnection duplicated request: connect=false, mConnectionState=DISCONNECTED
11-09 01:29:42.201  1460  1460 I Telecom : DefaultDialerCache: Refreshing default dialer for user 0: now com.google.android.dialer: DDC.oR@BCs
11-09 01:29:42.212  1460  1688 W PackageManager: Failed registering loading progress callback. Package is fully loaded.
11-09 01:29:42.218  1460  1460 V BackupManagerConstants: getFullBackupIntervalMilliseconds(...) returns 86400000
11-09 01:29:42.218  1460  1460 V BackupManagerConstants: getFullBackupRequiredNetworkType(...) returns 2
11-09 01:29:42.218  1460  1460 V BackupManagerConstants: getFullBackupRequireCharging(...) returns true
11-09 01:29:42.240  1460  1460 I Telecom : DefaultDialerCache: Refreshing default dialer for user 0: now com.google.android.dialer: DDC.oR@BCw
11-09 01:29:42.272  1460  1688 W WindowMagnificationMgr: requestConnection duplicated request: connect=false, mConnectionState=DISCONNECTED
11-09 01:29:42.289  1460  4155 W BackupTransportManager: Package com.lfnb.ccrh enabled setting: 0
11-09 01:29:42.305  1460  1829 E VerityUtils: Failed to measure fs-verity, errno 1: /data/app/~~UX5q6dm_wg0UmTK7R_BbBQ==/com.lfnb.ccrh-16VMByHIMYSS2RJfSTCJmw==/base.apk
11-09 01:29:42.307  1460  1833 E PackageManager: ERROR: could not load root hash from incremental install
11-09 01:29:42.319  1460  8476 D CompatibilityChangeReporter: Compat change id reported: 161252188; UID 10251; state: DISABLED
11-09 01:29:42.330  1460  1833 I PackageManager: Integrity check passed for file:///data/app/vmdl362130389.tmp
11-09 01:29:42.501  1460  5535 W AppOps  : setUidMode() called with a mode inconsistent with runtime permission state, this is discouraged and you should revoke the runtime permission instead: uid=10124, switchCode=1, mode=4, permission=android.permission.ACCESS_BACKGROUND_LOCATION
11-09 01:29:42.511  1460  1668 V StorageManagerService: Package null has legacy storage
11-09 01:29:42.513  1460  5535 W AppOps  : setUidMode() called with a mode inconsistent with runtime permission state, this is discouraged and you should revoke the runtime permission instead: uid=10124, switchCode=0, mode=4, permission=android.permission.ACCESS_BACKGROUND_LOCATION
11-09 01:29:42.604  1460  1833 V BackupManagerService: [UserID:0] restoreAtInstall pkg=com.android.system.admin token=3f restoreSet=0
11-09 01:29:42.605  1460  1833 V BackupManagerService: [UserID:0] Finishing install immediately
11-09 01:29:42.606  1460  1833 D PackageInstallerSession: Marking session 362130389 as applied
11-09 01:29:42.609  1460  1833 D CompatibilityChangeReporter: Compat change id reported: 168419799; UID 10252; state: DISABLED
11-09 01:29:42.610  1460  1833 D CompatibilityChangeReporter: Compat change id reported: 273564678; UID 10252; state: DISABLED
11-09 01:29:42.616  1460  2906 D CompatibilityChangeReporter: Compat change id reported: 218533173; UID 10252; state: DISABLED
11-09 01:29:42.630  1460  1688 W WindowMagnificationMgr: requestConnection duplicated request: connect=false, mConnectionState=DISCONNECTED
11-09 01:29:42.643  1460  1460 I Telecom : DefaultDialerCache: Refreshing default dialer for user 0: now com.google.android.dialer: DDC.oR@BC8
11-09 01:29:42.650  1460  1460 V BackupManagerConstants: getFullBackupIntervalMilliseconds(...) returns 86400000
11-09 01:29:42.650  1460  1460 V BackupManagerConstants: getFullBackupRequiredNetworkType(...) returns 2
11-09 01:29:42.650  1460  1460 V BackupManagerConstants: getFullBackupRequireCharging(...) returns true
11-09 01:29:42.663  1460  1829 E VerityUtils: Failed to measure fs-verity, errno 1: /data/app/~~mbLX8rhsC0X6Pr6pHpT2WA==/com.android.system.admin-t0Z4JujM-eVJvCqwc00vEw==/base.apk
11-09 01:29:42.667  1460  1460 I Telecom : DefaultDialerCache: Refreshing default dialer for user 0: now com.google.android.dialer: DDC.oR@BDA
11-09 01:29:42.670  1460  5537 D CompatibilityChangeReporter: Compat change id reported: 161252188; UID 10252; state: DISABLED
11-09 01:29:42.672  1460  4155 W BackupTransportManager: Package com.android.system.admin enabled setting: 0
11-09 01:29:42.713  1460  1688 W PackageManager: Failed registering loading progress callback. Package is fully loaded.
11-09 01:29:42.724  1460  1688 W WindowMagnificationMgr: requestConnection duplicated request: connect=false, mConnectionState=DISCONNECTED
11-09 01:29:42.756 11590 16879 W PackageParser: Ignoring duplicate uses-permissions/uses-permissions-sdk-m: android.permission.ACCESS_NETWORK_STATE in package: com.livegame.wallpapermingche at: Binary XML file line #99
11-09 01:29:42.756 11590 16879 W PackageParser: Ignoring duplicate uses-permissions/uses-permissions-sdk-m: android.permission.READ_PHONE_STATE in package: com.livegame.wallpapermingche at: Binary XML file line #100
11-09 01:29:42.756 11590 16879 W PackageParser: Ignoring duplicate uses-permissions/uses-permissions-sdk-m: android.permission.ACCESS_WIFI_STATE in package: com.livegame.wallpapermingche at: Binary XML file line #101
11-09 01:29:42.756 11590 16879 W PackageParser: Ignoring duplicate uses-permissions/uses-permissions-sdk-m: android.permission.INTERNET in package: com.livegame.wallpapermingche at: Binary XML file line #103
11-09 01:29:42.756 11590 16879 W PackageParser: Ignoring duplicate uses-permissions/uses-permissions-sdk-m: android.permission.WRITE_EXTERNAL_STORAGE in package: com.livegame.wallpapermingche at: Binary XML file line #105
11-09 01:29:42.843  1460  1833 E PackageManager: ERROR: could not load root hash from incremental install
11-09 01:29:42.857  1460  2032 W PackageParsing: Ignoring duplicate uses-permissions/uses-permissions-sdk-m: android.permission.WAKE_LOCK in package: yeyrm.ywoqeyfxty.hdp at: Binary XML file line #24
11-09 01:29:42.877  1460  1833 I PackageManager: Integrity check passed for file:///data/app/vmdl1515783697.tmp
11-09 01:29:42.885  1460  1833 W PackageParsing: Ignoring duplicate uses-permissions/uses-permissions-sdk-m: android.permission.WAKE_LOCK in package: yeyrm.ywoqeyfxty.hdp at: Binary XML file line #24
11-09 01:29:42.965  1460  1668 V StorageManagerService: Package null has legacy storage
11-09 01:29:43.019  1460  5535 W AppOps  : setUidMode() called with a mode inconsistent with runtime permission state, this is discouraged and you should revoke the runtime permission instead: uid=10124, switchCode=0, mode=4, permission=android.permission.ACCESS_BACKGROUND_LOCATION
11-09 01:29:43.079  1460  2977 W AppOps  : setUidMode() called with a mode inconsistent with runtime permission state, this is discouraged and you should revoke the runtime permission instead: uid=10124, switchCode=1, mode=4, permission=android.permission.ACCESS_BACKGROUND_LOCATION
11-09 01:29:43.081  1460  3196 W AppOps  : setUidMode() called with a mode inconsistent with runtime permission state, this is discouraged and you should revoke the runtime permission instead: uid=10124, switchCode=0, mode=4, permission=android.permission.ACCESS_BACKGROUND_LOCATION
11-09 01:29:43.194  1460  1833 V BackupManagerService: [UserID:0] restoreAtInstall pkg=yeyrm.ywoqeyfxty.hdp token=40 restoreSet=0
11-09 01:29:43.194  1460  1833 V BackupManagerService: [UserID:0] Finishing install immediately
11-09 01:29:43.198  1460  1833 D PackageInstallerSession: Marking session 1515783697 as applied
11-09 01:29:43.200  1460  1833 D CompatibilityChangeReporter: Compat change id reported: 168419799; UID 10253; state: DISABLED
11-09 01:29:43.200  1460  1833 D CompatibilityChangeReporter: Compat change id reported: 273564678; UID 10253; state: DISABLED
11-09 01:29:43.209  1460  2906 D CompatibilityChangeReporter: Compat change id reported: 218533173; UID 10253; state: DISABLED
11-09 01:29:43.220  1460  1460 I Telecom : DefaultDialerCache: Refreshing default dialer for user 0: now com.google.android.dialer: DDC.oR@BDU
11-09 01:29:43.223  1460  1460 V BackupManagerConstants: getFullBackupIntervalMilliseconds(...) returns 86400000
11-09 01:29:43.223  1460  1460 V BackupManagerConstants: getFullBackupRequiredNetworkType(...) returns 2
11-09 01:29:43.223  1460  1460 V BackupManagerConstants: getFullBackupRequireCharging(...) returns true
11-09 01:29:43.230  1460  1460 I Telecom : DefaultDialerCache: Refreshing default dialer for user 0: now com.google.android.dialer: DDC.oR@BDY
11-09 01:29:43.247  1460  4155 W BackupTransportManager: Package yeyrm.ywoqeyfxty.hdp enabled setting: 0
11-09 01:29:43.253  1460  1688 W WindowMagnificationMgr: requestConnection duplicated request: connect=false, mConnectionState=DISCONNECTED
11-09 01:29:43.267  1460  3196 D OomAdjuster: Not killing cached processes
11-09 01:29:43.281  1460  1829 E VerityUtils: Failed to measure fs-verity, errno 1: /data/app/~~BsXLxYTyxEUdTV1uOOxI4Q==/yeyrm.ywoqeyfxty.hdp-f7nicXyvMSi5Rt7eC0PLKg==/base.apk
11-09 01:29:43.294  1460  5537 D CompatibilityChangeReporter: Compat change id reported: 161252188; UID 10253; state: DISABLED
11-09 01:29:43.337  1460  1688 W PackageManager: Failed registering loading progress callback. Package is fully loaded.
11-09 01:29:43.348  1460  1688 W WindowMagnificationMgr: requestConnection duplicated request: connect=false, mConnectionState=DISCONNECTED
11-09 01:29:43.370  1460  1833 E PackageManager: ERROR: could not load root hash from incremental install
11-09 01:29:43.376  1460  2032 W PackageParsing: Ignoring duplicate uses-permissions/uses-permissions-sdk-m: android.permission.ACCESS_NETWORK_STATE in package: rsoiogtjulaok.cieldreweq.hbdjtupunuq at: Binary XML file line #25
11-09 01:29:43.388  1460  1833 I PackageManager: Integrity check passed for file:///data/app/vmdl2030869286.tmp
11-09 01:29:43.406  1460  1833 W PackageParsing: Ignoring duplicate uses-permissions/uses-permissions-sdk-m: android.permission.ACCESS_NETWORK_STATE in package: rsoiogtjulaok.cieldreweq.hbdjtupunuq at: Binary XML file line #25
11-09 01:29:43.470  1460  1668 V StorageManagerService: Package null does not have legacy storage
11-09 01:29:43.717  1460  1833 V BackupManagerService: [UserID:0] restoreAtInstall pkg=rsoiogtjulaok.cieldreweq.hbdjtupunuq token=41 restoreSet=0
11-09 01:29:43.718  1460  1833 V BackupManagerService: [UserID:0] Finishing install immediately
11-09 01:29:43.719  1460  1833 D PackageInstallerSession: Marking session 2030869286 as applied
11-09 01:29:43.721  1460  1833 D CompatibilityChangeReporter: Compat change id reported: 168419799; UID 10254; state: DISABLED
11-09 01:29:43.721  1460  1833 D CompatibilityChangeReporter: Compat change id reported: 273564678; UID 10254; state: DISABLED
11-09 01:29:43.725  1460  2906 D CompatibilityChangeReporter: Compat change id reported: 218533173; UID 10254; state: DISABLED
11-09 01:29:43.729  1460  1460 I Telecom : DefaultDialerCache: Refreshing default dialer for user 0: now com.google.android.dialer: DDC.oR@BDs
11-09 01:29:43.737  1460  1460 V BackupManagerConstants: getFullBackupIntervalMilliseconds(...) returns 86400000
11-09 01:29:43.737  1460  1460 V BackupManagerConstants: getFullBackupRequiredNetworkType(...) returns 2
11-09 01:29:43.737  1460  1460 V BackupManagerConstants: getFullBackupRequireCharging(...) returns true
11-09 01:29:43.773  1460  1460 I Telecom : DefaultDialerCache: Refreshing default dialer for user 0: now com.google.android.dialer: DDC.oR@BDw
11-09 01:29:43.784  1460  1688 W WindowMagnificationMgr: requestConnection duplicated request: connect=false, mConnectionState=DISCONNECTED
11-09 01:29:43.794  1460  4155 W BackupTransportManager: Package rsoiogtjulaok.cieldreweq.hbdjtupunuq enabled setting: 0
11-09 01:29:43.799  1460  1829 E VerityUtils: Failed to measure fs-verity, errno 1: /data/app/~~N0FBLM8314D0voRXqptlsQ==/rsoiogtjulaok.cieldreweq.hbdjtupunuq-W5Aukkt2-eQeLPNsWX4bwA==/base.apk
11-09 01:29:43.811  1460  5535 D CompatibilityChangeReporter: Compat change id reported: 161252188; UID 10254; state: DISABLED
11-09 01:29:43.839  1460  1688 W PackageManager: Failed registering loading progress callback. Package is fully loaded.
11-09 01:29:43.865  1460  1833 E PackageManager: ERROR: could not load root hash from incremental install
11-09 01:29:43.870  1460  1833 I PackageManager: Integrity check passed for file:///data/app/vmdl358736846.tmp
11-09 01:29:43.873  1460  1688 W WindowMagnificationMgr: requestConnection duplicated request: connect=false, mConnectionState=DISCONNECTED
11-09 01:29:44.002  1460  1668 W Looper  : Slow dispatch took 100ms android.fg h=android.os.Handler c=<recycled PooledLambda@311d405> m=0
11-09 01:29:44.012  1460  1668 V StorageManagerService: Package null does not have legacy storage
11-09 01:29:44.106 11590 16879 W PackageParser: Ignoring duplicate uses-permissions/uses-permissions-sdk-m: android.permission.ACCESS_WIFI_STATE in package: com.android.msc at: Binary XML file line #17
11-09 01:29:44.131  1460  2977 W AppOps  : setUidMode() called with a mode inconsistent with runtime permission state, this is discouraged and you should revoke the runtime permission instead: uid=10124, switchCode=0, mode=4, permission=android.permission.ACCESS_BACKGROUND_LOCATION
11-09 01:29:44.229  1460  3196 W AppOps  : setUidMode() called with a mode inconsistent with runtime permission state, this is discouraged and you should revoke the runtime permission instead: uid=10124, switchCode=1, mode=4, permission=android.permission.ACCESS_BACKGROUND_LOCATION
11-09 01:29:44.231  1460  3196 W AppOps  : setUidMode() called with a mode inconsistent with runtime permission state, this is discouraged and you should revoke the runtime permission instead: uid=10124, switchCode=0, mode=4, permission=android.permission.ACCESS_BACKGROUND_LOCATION
11-09 01:29:44.418  1460  1833 V BackupManagerService: [UserID:0] restoreAtInstall pkg=com.android.mobilephone token=42 restoreSet=0
11-09 01:29:44.418  1460  1833 V BackupManagerService: [UserID:0] Finishing install immediately
11-09 01:29:44.420  1460  1833 D PackageInstallerSession: Marking session 358736846 as applied
11-09 01:29:44.423  1460  1833 D CompatibilityChangeReporter: Compat change id reported: 168419799; UID 10255; state: DISABLED
11-09 01:29:44.423  1460  1833 D CompatibilityChangeReporter: Compat change id reported: 273564678; UID 10255; state: DISABLED
11-09 01:29:44.429  1460  2906 D CompatibilityChangeReporter: Compat change id reported: 218533173; UID 10255; state: DISABLED
11-09 01:29:44.432  1460  1460 I Telecom : DefaultDialerCache: Refreshing default dialer for user 0: now com.google.android.dialer: DDC.oR@BEE
11-09 01:29:44.440  1460  1460 V BackupManagerConstants: getFullBackupIntervalMilliseconds(...) returns 86400000
11-09 01:29:44.440  1460  1460 V BackupManagerConstants: getFullBackupRequiredNetworkType(...) returns 2
11-09 01:29:44.440  1460  1460 V BackupManagerConstants: getFullBackupRequireCharging(...) returns true
11-09 01:29:44.463  1460  1829 E VerityUtils: Failed to measure fs-verity, errno 1: /data/app/~~W2ED65A4uUoQ22cBDb6TFQ==/com.android.mobilephone-y6YX41z6-RXbn_j8XaLxNA==/base.apk
11-09 01:29:44.464  1460  1460 I Telecom : DefaultDialerCache: Refreshing default dialer for user 0: now com.google.android.dialer: DDC.oR@BEI
11-09 01:29:44.502  1460  5464 D CompatibilityChangeReporter: Compat change id reported: 161252188; UID 10255; state: DISABLED
11-09 01:29:44.565  1460  4155 W BackupTransportManager: Package com.android.mobilephone enabled setting: 0
11-09 01:29:44.598  1460  1833 E PackageManager: ERROR: could not load root hash from incremental install
11-09 01:29:44.612  1460  1688 W WindowMagnificationMgr: requestConnection duplicated request: connect=false, mConnectionState=DISCONNECTED
11-09 01:29:44.615  1460  1833 I PackageManager: Integrity check passed for file:///data/app/vmdl998598485.tmp
11-09 01:29:44.696  1460  1833 V BackupManagerService: [UserID:0] restoreAtInstall pkg=com.google.android.yrtdsfh token=43 restoreSet=0
11-09 01:29:44.697  1460  1833 V BackupManagerService: [UserID:0] Finishing install immediately
11-09 01:29:44.702  1460  1833 D PackageInstallerSession: Marking session 998598485 as applied
11-09 01:29:44.705  1460  1833 D CompatibilityChangeReporter: Compat change id reported: 168419799; UID 10256; state: DISABLED
11-09 01:29:44.705  1460  1833 D CompatibilityChangeReporter: Compat change id reported: 273564678; UID 10256; state: DISABLED
11-09 01:29:44.709 11590 16879 W PackageParser: Ignoring duplicate uses-permissions/uses-permissions-sdk-m: android.permission.INTERNET in package: com.jr.narutoii at: Binary XML file line #10
11-09 01:29:44.710 11590 16879 W PackageParser: Ignoring duplicate uses-permissions/uses-permissions-sdk-m: android.permission.ACCESS_NETWORK_STATE in package: com.jr.narutoii at: Binary XML file line #11
11-09 01:29:44.710 11590 16879 W PackageParser: Ignoring duplicate uses-permissions/uses-permissions-sdk-m: android.permission.MOUNT_UNMOUNT_FILESYSTEMS in package: com.jr.narutoii at: Binary XML file line #13
11-09 01:29:44.710 11590 16879 W PackageParser: Ignoring duplicate uses-permissions/uses-permissions-sdk-m: android.permission.WRITE_EXTERNAL_STORAGE in package: com.jr.narutoii at: Binary XML file line #14
11-09 01:29:44.710 11590 16879 W PackageParser: Ignoring duplicate uses-permissions/uses-permissions-sdk-m: android.permission.INTERNET in package: com.jr.narutoii at: Binary XML file line #20
11-09 01:29:44.710 11590 16879 W PackageParser: Ignoring duplicate uses-permissions/uses-permissions-sdk-m: android.permission.ACCESS_NETWORK_STATE in package: com.jr.narutoii at: Binary XML file line #21
11-09 01:29:44.710 11590 16879 W PackageParser: Ignoring duplicate uses-permissions/uses-permissions-sdk-m: android.permission.READ_PHONE_STATE in package: com.jr.narutoii at: Binary XML file line #22
11-09 01:29:44.710 11590 16879 W PackageParser: Ignoring duplicate uses-permissions/uses-permissions-sdk-m: android.permission.READ_PHONE_STATE in package: com.jr.narutoii at: Binary XML file line #35
11-09 01:29:44.710 11590 16879 W PackageParser: Ignoring duplicate uses-permissions/uses-permissions-sdk-m: android.permission.ACCESS_NETWORK_STATE in package: com.jr.narutoii at: Binary XML file line #36
11-09 01:29:44.710 11590 16879 W PackageParser: Ignoring duplicate uses-permissions/uses-permissions-sdk-m: android.permission.ACCESS_WIFI_STATE in package: com.jr.narutoii at: Binary XML file line #37
11-09 01:29:44.710 11590 16879 W PackageParser: Ignoring duplicate uses-permissions/uses-permissions-sdk-m: android.permission.INTERNET in package: com.jr.narutoii at: Binary XML file line #38
11-09 01:29:44.710 11590 16879 W PackageParser: Ignoring duplicate uses-permissions/uses-permissions-sdk-m: android.permission.WRITE_EXTERNAL_STORAGE in package: com.jr.narutoii at: Binary XML file line #39
11-09 01:29:44.710 11590 16879 W PackageParser: Ignoring duplicate uses-permissions/uses-permissions-sdk-m: android.permission.READ_SMS in package: com.jr.narutoii at: Binary XML file line #48
11-09 01:29:44.710 11590 16879 W PackageParser: Ignoring duplicate uses-permissions/uses-permissions-sdk-m: android.permission.SEND_SMS in package: com.jr.narutoii at: Binary XML file line #49
11-09 01:29:44.710 11590 16879 W PackageParser: Ignoring duplicate uses-permissions/uses-permissions-sdk-m: android.permission.WRITE_SMS in package: com.jr.narutoii at: Binary XML file line #50
11-09 01:29:44.710 11590 16879 W PackageParser: Ignoring duplicate uses-permissions/uses-permissions-sdk-m: android.permission.VIBRATE in package: com.jr.narutoii at: Binary XML file line #51
11-09 01:29:44.710 11590 16879 W PackageParser: Ignoring duplicate uses-permissions/uses-permissions-sdk-m: android.permission.RECEIVE_BOOT_COMPLETED in package: com.jr.narutoii at: Binary XML file line #55
11-09 01:29:44.711 11590 16879 W PackageParser: Ignoring duplicate uses-permissions/uses-permissions-sdk-m: android.permission.INTERNET in package: com.jr.narutoii at: Binary XML file line #142
11-09 01:29:44.712  1460  2906 D CompatibilityChangeReporter: Compat change id reported: 218533173; UID 10256; state: DISABLED
11-09 01:29:44.729  1460  1460 I Telecom : DefaultDialerCache: Refreshing default dialer for user 0: now com.google.android.dialer: DDC.oR@BEc
11-09 01:29:44.746  1460  1460 V BackupManagerConstants: getFullBackupIntervalMilliseconds(...) returns 86400000
11-09 01:29:44.746  1460  1460 V BackupManagerConstants: getFullBackupRequiredNetworkType(...) returns 2
11-09 01:29:44.746  1460  1460 V BackupManagerConstants: getFullBackupRequireCharging(...) returns true
11-09 01:29:44.756  1460  1688 W PackageManager: Failed registering loading progress callback. Package is fully loaded.
11-09 01:29:44.768  1460  1688 W WindowMagnificationMgr: requestConnection duplicated request: connect=false, mConnectionState=DISCONNECTED
11-09 01:29:44.788  1460  1460 I Telecom : DefaultDialerCache: Refreshing default dialer for user 0: now com.google.android.dialer: DDC.oR@BEg
11-09 01:29:44.789  1460  4155 W BackupTransportManager: Package com.google.android.yrtdsfh enabled setting: 0
11-09 01:29:44.832  1460  1688 W WindowMagnificationMgr: requestConnection duplicated request: connect=false, mConnectionState=DISCONNECTED
11-09 01:29:44.891  1460  1688 W PackageManager: Failed registering loading progress callback. Package is fully loaded.
11-09 01:29:44.909  1460  1688 W WindowMagnificationMgr: requestConnection duplicated request: connect=false, mConnectionState=DISCONNECTED
11-09 01:29:44.999  1460  5542 W AppOps  : setUidMode() called with a mode inconsistent with runtime permission state, this is discouraged and you should revoke the runtime permission instead: uid=10124, switchCode=0, mode=4, permission=android.permission.ACCESS_BACKGROUND_LOCATION
11-09 01:29:45.034  1460  1829 E VerityUtils: Failed to measure fs-verity, errno 1: /data/app/~~-1vVTfcTxL7cldC4cP_DoA==/com.google.android.yrtdsfh-mEm8nJ6PMyPub_bY-qUi4g==/base.apk
11-09 01:29:45.040  1460  8476 D CompatibilityChangeReporter: Compat change id reported: 161252188; UID 10256; state: DISABLED
11-09 01:29:45.047  1460  1833 E PackageManager: ERROR: could not load root hash from incremental install
11-09 01:29:45.060  1460  2032 W PackageParsing: Ignoring duplicate uses-permissions/uses-permissions-sdk-m:  in package: qiu.com at: Binary XML file line #14
11-09 01:29:45.060  1460  2032 W PackageParsing: Ignoring duplicate uses-permissions/uses-permissions-sdk-m:  in package: qiu.com at: Binary XML file line #15
11-09 01:29:45.060  1460  2032 W PackageParsing: Ignoring duplicate uses-permissions/uses-permissions-sdk-m:  in package: qiu.com at: Binary XML file line #19
11-09 01:29:45.060  1460  2032 W PackageParsing: Ignoring duplicate uses-permissions/uses-permissions-sdk-m:  in package: qiu.com at: Binary XML file line #20
11-09 01:29:45.060  1460  2032 W PackageParsing: Ignoring duplicate uses-permissions/uses-permissions-sdk-m:  in package: qiu.com at: Binary XML file line #22
11-09 01:29:45.060  1460  2032 W PackageParsing: Ignoring duplicate uses-permissions/uses-permissions-sdk-m:  in package: qiu.com at: Binary XML file line #27
11-09 01:29:45.085  1460  1833 I PackageManager: Integrity check passed for file:///data/app/vmdl228709747.tmp
11-09 01:29:45.093  1460  1833 W PackageParsing: Ignoring duplicate uses-permissions/uses-permissions-sdk-m:  in package: qiu.com at: Binary XML file line #14
11-09 01:29:45.093  1460  1833 W PackageParsing: Ignoring duplicate uses-permissions/uses-permissions-sdk-m:  in package: qiu.com at: Binary XML file line #15
11-09 01:29:45.093  1460  1833 W PackageParsing: Ignoring duplicate uses-permissions/uses-permissions-sdk-m:  in package: qiu.com at: Binary XML file line #19
11-09 01:29:45.093  1460  1833 W PackageParsing: Ignoring duplicate uses-permissions/uses-permissions-sdk-m:  in package: qiu.com at: Binary XML file line #20
11-09 01:29:45.093  1460  1833 W PackageParsing: Ignoring duplicate uses-permissions/uses-permissions-sdk-m:  in package: qiu.com at: Binary XML file line #22
11-09 01:29:45.093  1460  1833 W PackageParsing: Ignoring duplicate uses-permissions/uses-permissions-sdk-m:  in package: qiu.com at: Binary XML file line #27
11-09 01:29:45.154  1460  1668 V StorageManagerService: Package null has legacy storage
11-09 01:29:45.164  1460  5521 W AppOps  : setUidMode() called with a mode inconsistent with runtime permission state, this is discouraged and you should revoke the runtime permission instead: uid=10124, switchCode=1, mode=4, permission=android.permission.ACCESS_BACKGROUND_LOCATION
11-09 01:29:45.174  1460  5534 W AppOps  : setUidMode() called with a mode inconsistent with runtime permission state, this is discouraged and you should revoke the runtime permission instead: uid=10124, switchCode=0, mode=4, permission=android.permission.ACCESS_BACKGROUND_LOCATION
11-09 01:29:45.310 11590 16879 W PackageParser: Ignoring duplicate uses-permissions/uses-permissions-sdk-m: android.permission.DISABLE_KEYGUARD in package: xoin.sctqi.crejg at: Binary XML file line #24
11-09 01:29:45.405  1460  1833 V BackupManagerService: [UserID:0] restoreAtInstall pkg=qiu.com token=44 restoreSet=0
11-09 01:29:45.405  1460  1833 V BackupManagerService: [UserID:0] Finishing install immediately
11-09 01:29:45.407  1460  1833 D PackageInstallerSession: Marking session 228709747 as applied
11-09 01:29:45.408  1460  1833 D CompatibilityChangeReporter: Compat change id reported: 168419799; UID 10257; state: DISABLED
11-09 01:29:45.409  1460  1833 D CompatibilityChangeReporter: Compat change id reported: 273564678; UID 10257; state: DISABLED
11-09 01:29:45.412  1460  2906 D CompatibilityChangeReporter: Compat change id reported: 218533173; UID 10257; state: DISABLED
11-09 01:29:45.426  1460  1460 I Telecom : DefaultDialerCache: Refreshing default dialer for user 0: now com.google.android.dialer: DDC.oR@BE0
11-09 01:29:45.436  1460  1688 W WindowMagnificationMgr: requestConnection duplicated request: connect=false, mConnectionState=DISCONNECTED
11-09 01:29:45.485  1460  1460 I Telecom : DefaultDialerCache: Refreshing default dialer for user 0: now com.google.android.dialer: DDC.oR@BE4
11-09 01:29:45.486  1460  4155 W BackupTransportManager: Package qiu.com enabled setting: 0
11-09 01:29:45.510  1460  8477 D CompatibilityChangeReporter: Compat change id reported: 161252188; UID 10257; state: DISABLED
11-09 01:29:45.522  1460  1688 W PackageManager: Failed registering loading progress callback. Package is fully loaded.
11-09 01:29:45.582  1460  1688 W WindowMagnificationMgr: requestConnection duplicated request: connect=false, mConnectionState=DISCONNECTED
11-09 01:29:45.616  1460  1829 E VerityUtils: Failed to measure fs-verity, errno 1: /data/app/~~xPj6FWRfy0MzE5qlgc9DNw==/qiu.com-08USp35DWsp9lhIld4Vs2A==/base.apk
11-09 01:29:45.634  1460  1833 E PackageManager: ERROR: could not load root hash from incremental install
11-09 01:29:45.660  1460  1833 I PackageManager: Integrity check passed for file:///data/app/vmdl1612982021.tmp
