11-09 01:13:38.928  1434  1686 W PackageManager: Failed registering loading progress callback. Package is fully loaded.
11-09 01:13:38.942  1434  1777 I PackageManager: Integrity check passed for file:///data/app/vmdl1211339237.tmp
11-09 01:13:38.963  1434  1686 W WindowMagnificationMgr: requestConnection duplicated request: connect=false, mConnectionState=DISCONNECTED
11-09 01:13:38.974  1434  1676 W ActivityTaskManager: Activity top resumed state loss timeout for ActivityRecord{37f26bf u0 com.nqmobile.antivirus20/com.netqin.antivirus.scan.ui.MonitorVirusTip} t21 f}}
11-09 01:13:38.974  1434  5378 W AppOps  : setUidMode() called with a mode inconsistent with runtime permission state, this is discouraged and you should revoke the runtime permission instead: uid=10124, switchCode=1, mode=4, permission=android.permission.ACCESS_BACKGROUND_LOCATION
11-09 01:13:38.974  1434  1676 W ActivityTaskManager: Activity pause timeout for ActivityRecord{37f26bf u0 com.nqmobile.antivirus20/com.netqin.antivirus.scan.ui.MonitorVirusTip} t21 f}}
11-09 01:13:38.975  1434  1676 W ActivityTaskManager: Tried to set launchTime (0) < mLastActivityLaunchTime (787256)
11-09 01:13:38.977  1434  5507 W AppOps  : setUidMode() called with a mode inconsistent with runtime permission state, this is discouraged and you should revoke the runtime permission instead: uid=10124, switchCode=0, mode=4, permission=android.permission.ACCESS_BACKGROUND_LOCATION
11-09 01:13:38.993  1434  1676 I ActivityManager: PendingStartActivityUids startActivity to updateOomAdj delay:1197ms, uid:10195
11-09 01:13:39.017  1434  5502 W BroadcastQueue: u0 Receiving a broadcast in packagecom.yoojar.zlsg.baidu requires a permissions review
11-09 01:13:39.017  1434  5502 W BroadcastQueue: Skipping delivery: permission review required for Intent { act=android.intent.action.PACKAGE_CHANGED dat=package: flg=0x5000010 (has extras) } from null (pid=1434, uid=1000) to com.yoojar.zlsg.baidu/com.duoku.platform.download.broadcast.AppMonitorReceiver
11-09 01:13:39.303  1434  1777 V BackupManagerService: [UserID:0] restoreAtInstall pkg=com.hkfvidtmuwfaekmx.dlfjwxiakhkcpqd token=54 restoreSet=0
11-09 01:13:39.304  1434  1777 V BackupManagerService: [UserID:0] Finishing install immediately
11-09 01:13:39.307  1434  1777 D PackageInstallerSession: Marking session 1211339237 as applied
11-09 01:13:39.314  1434  1777 D CompatibilityChangeReporter: Compat change id reported: 168419799; UID 10274; state: DISABLED
11-09 01:13:39.315  1434  1777 D CompatibilityChangeReporter: Compat change id reported: 273564678; UID 10274; state: DISABLED
11-09 01:13:39.324  1434  2906 D CompatibilityChangeReporter: Compat change id reported: 218533173; UID 10274; state: DISABLED
11-09 01:13:39.328  1434  1434 I Telecom : DefaultDialerCache: Refreshing default dialer for user 0: now com.google.android.dialer: DDC.oR@BXQ
11-09 01:13:39.339  1434  1688 W BroadcastQueue: u0 Receiving a broadcast in packagecom.jr.narutoii requires a permissions review
11-09 01:13:39.339  1434  1688 W BroadcastQueue: Skipping delivery: permission review required for Intent { act=android.intent.action.PACKAGE_ADDED dat=package: flg=0x4000010 (has extras) } from null (pid=1434, uid=1000) to com.jr.narutoii/com.joyriver.engine.proxy.EngineReceiver
11-09 01:13:39.339  1434  1688 W BroadcastQueue: u0 Receiving a broadcast in packagecom.android.buyer requires a permissions review
11-09 01:13:39.340  1434  1688 W BroadcastQueue: Skipping delivery: permission review required for Intent { act=android.intent.action.PACKAGE_ADDED dat=package: flg=0x4000010 (has extras) } from null (pid=1434, uid=1000) to com.android.buyer/.mRve
11-09 01:13:39.343  1434  1686 W WindowMagnificationMgr: requestConnection duplicated request: connect=false, mConnectionState=DISCONNECTED
11-09 01:13:39.345  1434  1434 V BackupManagerConstants: getFullBackupIntervalMilliseconds(...) returns 86400000
11-09 01:13:39.345  1434  1434 V BackupManagerConstants: getFullBackupRequiredNetworkType(...) returns 2
11-09 01:13:39.346  1434  1434 V BackupManagerConstants: getFullBackupRequireCharging(...) returns true
11-09 01:13:39.350  1434  1688 W BroadcastQueue: Background execution not allowed: receiving Intent { act=android.intent.action.PACKAGE_ADDED dat=package: flg=0x4000010 (has extras) } to com.google.android.packageinstaller/com.android.packageinstaller.PackageInstalledReceiver
11-09 01:13:39.350  1434  1688 W BroadcastQueue: Background execution not allowed: receiving Intent { act=android.intent.action.PACKAGE_ADDED dat=package: flg=0x4000010 (has extras) } to com.android.vending/com.google.android.finsky.packagemonitor.impl.PackageMonitorReceiverImpl$RegisteredReceiver
11-09 01:13:39.350  1434  1688 W BroadcastQueue: Background execution not allowed: receiving Intent { act=android.intent.action.PACKAGE_ADDED dat=package: flg=0x4000010 (has extras) } to com.android.vending/com.google.android.finsky.packagemonitor.backgroundimpl.BackgroundPackageMonitorReceiverImpl$RegisteredReceiver
11-09 01:13:39.351  1434  1688 W BroadcastQueue: Background execution not allowed: receiving Intent { act=android.intent.action.PACKAGE_ADDED dat=package: flg=0x4000010 (has extras) } to com.google.android.gms/.games.chimera.GamesSystemBroadcastReceiverProxy
11-09 01:13:39.351  1434  1688 W BroadcastQueue: Background execution not allowed: receiving Intent { act=android.intent.action.PACKAGE_ADDED dat=package: flg=0x4000010 (has extras) } to com.google.android.gms/.gass.chimera.PackageChangeBroadcastReceiver
11-09 01:13:39.351  1434  1688 W BroadcastQueue: Background execution not allowed: receiving Intent { act=android.intent.action.PACKAGE_ADDED dat=package: flg=0x4000010 (has extras) } to com.google.android.gms/.chimera.GmsIntentOperationService$PersistentTrustedReceiver
11-09 01:13:39.351  1434  1688 W BroadcastQueue: Background execution not allowed: receiving Intent { act=android.intent.action.PACKAGE_ADDED dat=package: flg=0x4000010 (has extras) } to com.google.android.googlequicksearchbox/com.google.android.apps.gsa.googlequicksearchbox.GelStubAppWatcher
11-09 01:13:39.351  1434  1688 W BroadcastQueue: u0 Receiving a broadcast in packagecom.cncd.japan.janli.shudu requires a permissions review
11-09 01:13:39.351  1434  1688 W BroadcastQueue: Skipping delivery: permission review required for Intent { act=android.intent.action.PACKAGE_ADDED dat=package: flg=0x4000010 (has extras) } from null (pid=1434, uid=1000) to com.cncd.japan.janli.shudu/net.l.k.r
11-09 01:13:39.351  1434  1688 W BroadcastQueue: u0 Receiving a broadcast in packagecom.cncd.japan.janli.shudu requires a permissions review
11-09 01:13:39.351  1434  1688 W BroadcastQueue: Skipping delivery: permission review required for Intent { act=android.intent.action.PACKAGE_ADDED dat=package: flg=0x4000010 (has extras) } from null (pid=1434, uid=1000) to com.cncd.japan.janli.shudu/com.feiwofour.coverscreen.SR
11-09 01:13:39.351  1434  1688 W BroadcastQueue: u0 Receiving a broadcast in packagecom.games.mengmeizhitd requires a permissions review
11-09 01:13:39.351  1434  1688 W BroadcastQueue: Skipping delivery: permission review required for Intent { act=android.intent.action.PACKAGE_ADDED dat=package: flg=0x4000010 (has extras) } from null (pid=1434, uid=1000) to com.games.mengmeizhitd/hjnw.ihjnw.i.isqly
11-09 01:13:39.351  1434  1688 W BroadcastQueue: u0 Receiving a broadcast in packagecom.hgperfko.yaeghrwx requires a permissions review
11-09 01:13:39.351  1434  1688 W BroadcastQueue: Skipping delivery: permission review required for Intent { act=android.intent.action.PACKAGE_ADDED dat=package: flg=0x4000010 (has extras) } from null (pid=1434, uid=1000) to com.hgperfko.yaeghrwx/.core.hLytdCQDBv
11-09 01:13:39.352  1434  1688 W BroadcastQueue: u0 Receiving a broadcast in packagecom.qiuqiu.dfmc requires a permissions review
11-09 01:13:39.352  1434  1688 W BroadcastQueue: Skipping delivery: permission review required for Intent { act=android.intent.action.PACKAGE_ADDED dat=package: flg=0x4000010 (has extras) } from null (pid=1434, uid=1000) to com.qiuqiu.dfmc/cn.jpush.android.service.PushReceiver
11-09 01:13:39.352  1434  1688 W BroadcastQueue: u0 Receiving a broadcast in packagecom.safesys.viruskiller requires a permissions review
11-09 01:13:39.352  1434  1688 W BroadcastQueue: Skipping delivery: permission review required for Intent { act=android.intent.action.PACKAGE_ADDED dat=package: flg=0x4000010 (has extras) } from null (pid=1434, uid=1000) to com.safesys.viruskiller/.ScanPackageBroadcast
11-09 01:13:39.352  1434  1688 W BroadcastQueue: u0 Receiving a broadcast in packagecom.uc108.mobile.sdgj.bd1 requires a permissions review
11-09 01:13:39.352  1434  1688 W BroadcastQueue: Skipping delivery: permission review required for Intent { act=android.intent.action.PACKAGE_ADDED dat=package: flg=0x4000010 (has extras) } from null (pid=1434, uid=1000) to com.uc108.mobile.sdgj.bd1/com.baidu.tiebasdk.service.InstallReceiver
11-09 01:13:39.352  1434  1688 W BroadcastQueue: u0 Receiving a broadcast in packagecom.voicebianshengjinglingwc.wxl requires a permissions review
11-09 01:13:39.352  1434  1688 W BroadcastQueue: Skipping delivery: permission review required for Intent { act=android.intent.action.PACKAGE_ADDED dat=package: flg=0x4000010 (has extras) } from null (pid=1434, uid=1000) to com.voicebianshengjinglingwc.wxl/mp.ruu.Ztjjwrj
11-09 01:13:39.352  1434  1688 W BroadcastQueue: u0 Receiving a broadcast in packagecom.yoojar.zlsg.baidu requires a permissions review
11-09 01:13:39.352  1434  1688 W BroadcastQueue: Skipping delivery: permission review required for Intent { act=android.intent.action.PACKAGE_ADDED dat=package: flg=0x4000010 (has extras) } from null (pid=1434, uid=1000) to com.yoojar.zlsg.baidu/com.duoku.platform.download.broadcast.AppMonitorReceiver
11-09 01:13:39.354  1434  1688 W BroadcastQueue: u0 Receiving a broadcast in packageio.dcloud.H5BC6BF13 requires a permissions review
11-09 01:13:39.354  1434  1688 W BroadcastQueue: Skipping delivery: permission review required for Intent { act=android.intent.action.PACKAGE_ADDED dat=package: flg=0x4000010 (has extras) } from null (pid=1434, uid=1000) to io.dcloud.H5BC6BF13/io.dcloud.common.adapter.io.DownloadReceiver
11-09 01:13:39.355  1434  5508 I ActivityTaskManager: START u0 {flg=0x14800000 cmp=com.nqmobile.antivirus20/com.netqin.antivirus.scan.ui.MonitorVirusTip (has extras)} from uid 10195
11-09 01:13:39.376  1434  1773 E VerityUtils: Failed to measure fs-verity, errno 1: /data/app/~~3UYOUyzkNwfRObBketa0Tg==/com.hkfvidtmuwfaekmx.dlfjwxiakhkcpqd-UJUSKuSYo13E8SXs4ZJuZg==/base.apk
11-09 01:13:39.377  1434  1686 W PackageManager: Failed registering loading progress callback. Package is fully loaded.
11-09 01:13:39.388  1434  3198 D CompatibilityChangeReporter: Compat change id reported: 161252188; UID 10274; state: DISABLED
11-09 01:13:39.398  1434  1434 I Telecom : DefaultDialerCache: Refreshing default dialer for user 0: now com.google.android.dialer: DDC.oR@BXU
11-09 01:13:39.401  1434  1686 W WindowMagnificationMgr: requestConnection duplicated request: connect=false, mConnectionState=DISCONNECTED
11-09 01:13:39.411  1434  4158 W BackupTransportManager: Package com.hkfvidtmuwfaekmx.dlfjwxiakhkcpqd enabled setting: 0
11-09 01:13:39.543 11759 11759 W TransactionExecutor: tId:1116333194 Skip pre-destroyed transaction:
11-09 01:13:39.543 11759 11759 W TransactionExecutor: tId:1116333194 ClientTransaction{
11-09 01:13:39.543 11759 11759 W TransactionExecutor: tId:1116333194   callbacks=[
11-09 01:13:39.543 11759 11759 W TransactionExecutor: tId:1116333194     LaunchActivityItem{intent=Intent { flg=0x14800000 cmp=com.nqmobile.antivirus20/com.netqin.antivirus.scan.ui.MonitorVirusTip (has extras) },ident=8533233,info=ActivityInfo{3059256 com.netqin.antivirus.scan.ui.MonitorVirusTip},curConfig={1.0 ?mcc?mnc [en_US] ldltr sw393dp w393dp h737dp 440dpi nrml long port night finger -keyb/v/h -nav/h winConfig={ mBounds=Rect(0, 0 - 1080, 2246) mAppBounds=Rect(0, 86 - 1080, 2114) mMaxBounds=Rect(0, 0 - 1080, 2246) mDisplayRotation=ROTATION_0 mWindowingMode=fullscreen mDisplayWindowingMode=fullscreen mActivityType=undefined mAlwaysOnTop=undefined mRotation=ROTATION_0} as.2 s.89 fontWeightAdjustment=0},overrideConfig={1.0 ?mcc?mnc [en_US] ldltr sw393dp w393dp h737dp 440dpi nrml long port night finger -keyb/v/h -nav/h winConfig={ mBounds=Rect(0, 0 - 1080, 2246) mAppBounds=Rect(0, 86 - 1080, 2114) mMaxBounds=Rect(0, 0 - 1080, 2246) mDisplayRotation=ROTATION_0 mWindowingMode=fullscreen mDisplayWindowingMode=fullscreen mActivityType=standard mAlwaysOnTop=undefined mRotation=ROTATION_0} as.2 s.1 fontWeightAdjustment=0},referrer=com.nqmobile.antivirus20,procState=2,state=null,persistentState=null,pendingResults=null,pendingNewIntents=null,options=null,profilerInfo=null,assistToken=android.os.BinderProxy@e5eb218,shareableActivityToken=android.os.BinderProxy@f255471}
11-09 01:13:39.543 11759 11759 W TransactionExecutor: tId:1116333194   ]
11-09 01:13:39.543 11759 11759 W TransactionExecutor: tId:1116333194   stateRequest=ResumeActivityItem{procState=-1,updateProcState=false,isForward=true,shouldSendCompatFakeFocus=false}
11-09 01:13:39.543 11759 11759 W TransactionExecutor: tId:1116333194 }
11-09 01:13:39.543 11759 11759 W TransactionExecutor: tId:1116333194 Target activity: Not found for token: android.os.BinderProxy@a7988d
11-09 01:13:39.543 11759 11759 W TransactionExecutor: tId:201397934 Skip pre-destroyed transaction:
11-09 01:13:39.543 11759 11759 W TransactionExecutor: tId:201397934 ClientTransaction{
11-09 01:13:39.543 11759 11759 W TransactionExecutor: tId:201397934   callbacks=[
11-09 01:13:39.543 11759 11759 W TransactionExecutor: tId:201397934     TopResumedActivityChangeItem{onTop=true}
11-09 01:13:39.543 11759 11759 W TransactionExecutor: tId:201397934   ]
11-09 01:13:39.543 11759 11759 W TransactionExecutor: tId:201397934   stateRequest=null
11-09 01:13:39.543 11759 11759 W TransactionExecutor: tId:201397934 }
11-09 01:13:39.543 11759 11759 W TransactionExecutor: tId:201397934 Target activity: Not found for token: android.os.BinderProxy@a7988d
11-09 01:13:39.550 11759 11759 W TransactionExecutor: tId:201368143 Skip pre-destroyed transaction:
11-09 01:13:39.550 11759 11759 W TransactionExecutor: tId:201368143 ClientTransaction{
11-09 01:13:39.550 11759 11759 W TransactionExecutor: tId:201368143   callbacks=[
11-09 01:13:39.550 11759 11759 W TransactionExecutor: tId:201368143     TopResumedActivityChangeItem{onTop=false}
11-09 01:13:39.550 11759 11759 W TransactionExecutor: tId:201368143   ]
11-09 01:13:39.550 11759 11759 W TransactionExecutor: tId:201368143   stateRequest=null
11-09 01:13:39.550 11759 11759 W TransactionExecutor: tId:201368143 }
11-09 01:13:39.550 11759 11759 W TransactionExecutor: tId:201368143 Target activity: Not found for token: android.os.BinderProxy@a7988d
11-09 01:13:39.550 11759 11759 W TransactionExecutor: tId:635282860 Skip pre-destroyed transaction:
11-09 01:13:39.550 11759 11759 W TransactionExecutor: tId:635282860 ClientTransaction{
11-09 01:13:39.550 11759 11759 W TransactionExecutor: tId:635282860   callbacks=[]
11-09 01:13:39.550 11759 11759 W TransactionExecutor: tId:635282860   stateRequest=PauseActivityItem{finished=true,userLeaving=false,configChanges=0,dontReport=false,autoEnteringPip=false}
11-09 01:13:39.550 11759 11759 W TransactionExecutor: tId:635282860 }
11-09 01:13:39.550 11759 11759 W TransactionExecutor: tId:635282860 Target activity: Not found for token: android.os.BinderProxy@a7988d
11-09 01:13:39.560 11759 11759 W TransactionExecutor: tId:-88935153 Skip pre-destroyed transaction:
11-09 01:13:39.560 11759 11759 W TransactionExecutor: tId:-88935153 ClientTransaction{
11-09 01:13:39.560 11759 11759 W TransactionExecutor: tId:-88935153   callbacks=[
11-09 01:13:39.560 11759 11759 W TransactionExecutor: tId:-88935153     LaunchActivityItem{intent=Intent { flg=0x14800000 cmp=com.nqmobile.antivirus20/com.netqin.antivirus.scan.ui.MonitorVirusTip (has extras) },ident=244579796,info=ActivityInfo{569c6ad com.netqin.antivirus.scan.ui.MonitorVirusTip},curConfig={1.0 ?mcc?mnc [en_US] ldltr sw393dp w393dp h737dp 440dpi nrml long port night finger -keyb/v/h -nav/h winConfig={ mBounds=Rect(0, 0 - 1080, 2246) mAppBounds=Rect(0, 86 - 1080, 2114) mMaxBounds=Rect(0, 0 - 1080, 2246) mDisplayRotation=ROTATION_0 mWindowingMode=fullscreen mDisplayWindowingMode=fullscreen mActivityType=undefined mAlwaysOnTop=undefined mRotation=ROTATION_0} as.2 s.89 fontWeightAdjustment=0},overrideConfig={1.0 ?mcc?mnc [en_US] ldltr sw393dp w393dp h737dp 440dpi nrml long port night finger -keyb/v/h -nav/h winConfig={ mBounds=Rect(0, 0 - 1080, 2246) mAppBounds=Rect(0, 86 - 1080, 2114) mMaxBounds=Rect(0, 0 - 1080, 2246) mDisplayRotation=ROTATION_0 mWindowingMode=fullscreen mDisplayWindowingMode=fullscreen mActivityType=standard mAlwaysOnTop=undefined mRotation=ROTATION_0} as.2 s.1 fontWeightAdjustment=0},referrer=com.nqmobile.antivirus20,procState=2,state=null,persistentState=null,pendingResults=null,pendingNewIntents=null,options=null,profilerInfo=null,assistToken=android.os.BinderProxy@79b2d7,shareableActivityToken=android.os.BinderProxy@198d7c4}
11-09 01:13:39.560 11759 11759 W TransactionExecutor: tId:-88935153   ]
11-09 01:13:39.560 11759 11759 W TransactionExecutor: tId:-88935153   stateRequest=ResumeActivityItem{procState=-1,updateProcState=false,isForward=true,shouldSendCompatFakeFocus=false}
11-09 01:13:39.560 11759 11759 W TransactionExecutor: tId:-88935153 }
11-09 01:13:39.560 11759 11759 W TransactionExecutor: tId:-88935153 Target activity: Not found for token: android.os.BinderProxy@a4df27b
11-09 01:13:39.561 11759 11759 W TransactionExecutor: tId:363294876 Skip pre-destroyed transaction:
11-09 01:13:39.561 11759 11759 W TransactionExecutor: tId:363294876 ClientTransaction{
11-09 01:13:39.561 11759 11759 W TransactionExecutor: tId:363294876   callbacks=[
11-09 01:13:39.561 11759 11759 W TransactionExecutor: tId:363294876     TopResumedActivityChangeItem{onTop=true}
11-09 01:13:39.561 11759 11759 W TransactionExecutor: tId:363294876   ]
11-09 01:13:39.561 11759 11759 W TransactionExecutor: tId:363294876   stateRequest=null
11-09 01:13:39.561 11759 11759 W TransactionExecutor: tId:363294876 }
11-09 01:13:39.561 11759 11759 W TransactionExecutor: tId:363294876 Target activity: Not found for token: android.os.BinderProxy@a4df27b
11-09 01:13:39.561 11759 11759 W TransactionExecutor: tId:200504204 Skip pre-destroyed transaction:
11-09 01:13:39.561 11759 11759 W TransactionExecutor: tId:200504204 ClientTransaction{
11-09 01:13:39.561 11759 11759 W TransactionExecutor: tId:200504204   callbacks=[]
11-09 01:13:39.561 11759 11759 W TransactionExecutor: tId:200504204   stateRequest=DestroyActivityItem{finished=true,mConfigChanges=0}
11-09 01:13:39.561 11759 11759 W TransactionExecutor: tId:200504204 }
11-09 01:13:39.561 11759 11759 W TransactionExecutor: tId:200504204 Target activity: Not found for token: android.os.BinderProxy@a7988d
11-09 01:13:39.561 11759 11759 W TransactionExecutor: tId:221312321 Skip pre-destroyed transaction:
11-09 01:13:39.561 11759 11759 W TransactionExecutor: tId:221312321 ClientTransaction{
11-09 01:13:39.561 11759 11759 W TransactionExecutor: tId:221312321   callbacks=[]
11-09 01:13:39.561 11759 11759 W TransactionExecutor: tId:221312321   stateRequest=DestroyActivityItem{finished=true,mConfigChanges=0}
11-09 01:13:39.561 11759 11759 W TransactionExecutor: tId:221312321 }
11-09 01:13:39.561 11759 11759 W TransactionExecutor: tId:221312321 Target activity: Not found for token: android.os.BinderProxy@1e51a42
11-09 01:13:39.561 11759 11759 W TransactionExecutor: tId:417617234 Skip pre-destroyed transaction:
11-09 01:13:39.561 11759 11759 W TransactionExecutor: tId:417617234 ClientTransaction{
11-09 01:13:39.561 11759 11759 W TransactionExecutor: tId:417617234   callbacks=[]
11-09 01:13:39.561 11759 11759 W TransactionExecutor: tId:417617234   stateRequest=DestroyActivityItem{finished=true,mConfigChanges=0}
11-09 01:13:39.561 11759 11759 W TransactionExecutor: tId:417617234 }
11-09 01:13:39.561 11759 11759 W TransactionExecutor: tId:417617234 Target activity: Not found for token: android.os.BinderProxy@d987a53
11-09 01:13:39.561 11759 11759 W TransactionExecutor: tId:430926479 Skip pre-destroyed transaction:
11-09 01:13:39.561 11759 11759 W TransactionExecutor: tId:430926479 ClientTransaction{
11-09 01:13:39.561 11759 11759 W TransactionExecutor: tId:430926479   callbacks=[]
11-09 01:13:39.561 11759 11759 W TransactionExecutor: tId:430926479   stateRequest=DestroyActivityItem{finished=true,mConfigChanges=0}
11-09 01:13:39.561 11759 11759 W TransactionExecutor: tId:430926479 }
11-09 01:13:39.561 11759 11759 W TransactionExecutor: tId:430926479 Target activity: Not found for token: android.os.BinderProxy@e638f90
11-09 01:13:39.572 11759 11759 W TransactionExecutor: tId:363265085 Skip pre-destroyed transaction:
11-09 01:13:39.572 11759 11759 W TransactionExecutor: tId:363265085 ClientTransaction{
11-09 01:13:39.572 11759 11759 W TransactionExecutor: tId:363265085   callbacks=[
11-09 01:13:39.572 11759 11759 W TransactionExecutor: tId:363265085     TopResumedActivityChangeItem{onTop=false}
11-09 01:13:39.572 11759 11759 W TransactionExecutor: tId:363265085   ]
11-09 01:13:39.572 11759 11759 W TransactionExecutor: tId:363265085   stateRequest=null
11-09 01:13:39.572 11759 11759 W TransactionExecutor: tId:363265085 }
11-09 01:13:39.572 11759 11759 W TransactionExecutor: tId:363265085 Target activity: Not found for token: android.os.BinderProxy@a4df27b
11-09 01:13:39.572 11759 11759 W TransactionExecutor: tId:797179802 Skip pre-destroyed transaction:
11-09 01:13:39.572 11759 11759 W TransactionExecutor: tId:797179802 ClientTransaction{
11-09 01:13:39.572 11759 11759 W TransactionExecutor: tId:797179802   callbacks=[]
11-09 01:13:39.572 11759 11759 W TransactionExecutor: tId:797179802   stateRequest=PauseActivityItem{finished=true,userLeaving=false,configChanges=0,dontReport=false,autoEnteringPip=false}
11-09 01:13:39.572 11759 11759 W TransactionExecutor: tId:797179802 }
11-09 01:13:39.572 11759 11759 W TransactionExecutor: tId:797179802 Target activity: Not found for token: android.os.BinderProxy@a4df27b
11-09 01:13:39.592 11759 11759 W TransactionExecutor: tId:-2079876121 Skip pre-destroyed transaction:
11-09 01:13:39.592 11759 11759 W TransactionExecutor: tId:-2079876121 ClientTransaction{
11-09 01:13:39.592 11759 11759 W TransactionExecutor: tId:-2079876121   callbacks=[
11-09 01:13:39.592 11759 11759 W TransactionExecutor: tId:-2079876121     LaunchActivityItem{intent=Intent { flg=0x14800000 cmp=com.nqmobile.antivirus20/com.netqin.antivirus.scan.ui.MonitorVirusTip (has extras) },ident=80728665,info=ActivityInfo{b2dac30 com.netqin.antivirus.scan.ui.MonitorVirusTip},curConfig={1.0 ?mcc?mnc [en_US] ldltr sw393dp w393dp h737dp 440dpi nrml long port night finger -keyb/v/h -nav/h winConfig={ mBounds=Rect(0, 0 - 1080, 2246) mAppBounds=Rect(0, 86 - 1080, 2114) mMaxBounds=Rect(0, 0 - 1080, 2246) mDisplayRotation=ROTATION_0 mWindowingMode=fullscreen mDisplayWindowingMode=fullscreen mActivityType=undefined mAlwaysOnTop=undefined mRotation=ROTATION_0} as.2 s.89 fontWeightAdjustment=0},overrideConfig={1.0 ?mcc?mnc [en_US] ldltr sw393dp w393dp h737dp 440dpi nrml long port night finger -keyb/v/h -nav/h winConfig={ mBounds=Rect(0, 0 - 1080, 2246) mAppBounds=Rect(0, 86 - 1080, 2114) mMaxBounds=Rect(0, 0 - 1080, 2246) mDisplayRotation=ROTATION_0 mWindowingMode=fullscreen mDisplayWindowingMode=fullscreen mActivityType=standard mAlwaysOnTop=undefined mRotation=ROTATION_0} as.2 s.1 fontWeightAdjustment=0},referrer=com.nqmobile.antivirus20,procState=2,state=null,persistentState=null,pendingResults=null,pendingNewIntents=null,options=null,profilerInfo=null,assistToken=android.os.BinderProxy@f607de2,shareableActivityToken=android.os.BinderProxy@13ca573}
11-09 01:13:39.592 11759 11759 W TransactionExecutor: tId:-2079876121   ]
11-09 01:13:39.592 11759 11759 W TransactionExecutor: tId:-2079876121   stateRequest=ResumeActivityItem{procState=-1,updateProcState=false,isForward=true,shouldSendCompatFakeFocus=false}
11-09 01:13:39.592 11759 11759 W TransactionExecutor: tId:-2079876121 }
11-09 01:13:39.592 11759 11759 W TransactionExecutor: tId:-2079876121 Target activity: Not found for token: android.os.BinderProxy@fb23a0a
11-09 01:13:39.592 11759 11759 W TransactionExecutor: tId:453752875 Skip pre-destroyed transaction:
11-09 01:13:39.592 11759 11759 W TransactionExecutor: tId:453752875 ClientTransaction{
11-09 01:13:39.592 11759 11759 W TransactionExecutor: tId:453752875   callbacks=[
11-09 01:13:39.592 11759 11759 W TransactionExecutor: tId:453752875     TopResumedActivityChangeItem{onTop=true}
11-09 01:13:39.592 11759 11759 W TransactionExecutor: tId:453752875   ]
11-09 01:13:39.592 11759 11759 W TransactionExecutor: tId:453752875   stateRequest=null
11-09 01:13:39.592 11759 11759 W TransactionExecutor: tId:453752875 }
11-09 01:13:39.592 11759 11759 W TransactionExecutor: tId:453752875 Target activity: Not found for token: android.os.BinderProxy@fb23a0a
11-09 01:13:39.592 11759 11759 W TransactionExecutor: tId:453723084 Skip pre-destroyed transaction:
11-09 01:13:39.592 11759 11759 W TransactionExecutor: tId:453723084 ClientTransaction{
11-09 01:13:39.592 11759 11759 W TransactionExecutor: tId:453723084   callbacks=[
11-09 01:13:39.592 11759 11759 W TransactionExecutor: tId:453723084     TopResumedActivityChangeItem{onTop=false}
11-09 01:13:39.592 11759 11759 W TransactionExecutor: tId:453723084   ]
11-09 01:13:39.592 11759 11759 W TransactionExecutor: tId:453723084   stateRequest=null
11-09 01:13:39.592 11759 11759 W TransactionExecutor: tId:453723084 }
11-09 01:13:39.592 11759 11759 W TransactionExecutor: tId:453723084 Target activity: Not found for token: android.os.BinderProxy@fb23a0a
11-09 01:13:39.592 11759 11759 W TransactionExecutor: tId:887637801 Skip pre-destroyed transaction:
11-09 01:13:39.592 11759 11759 W TransactionExecutor: tId:887637801 ClientTransaction{
11-09 01:13:39.592 11759 11759 W TransactionExecutor: tId:887637801   callbacks=[]
11-09 01:13:39.592 11759 11759 W TransactionExecutor: tId:887637801   stateRequest=PauseActivityItem{finished=true,userLeaving=false,configChanges=0,dontReport=false,autoEnteringPip=false}
11-09 01:13:39.592 11759 11759 W TransactionExecutor: tId:887637801 }
11-09 01:13:39.592 11759 11759 W TransactionExecutor: tId:887637801 Target activity: Not found for token: android.os.BinderProxy@fb23a0a
11-09 01:13:39.612  1434  1777 E PackageManager: ERROR: could not load root hash from incremental install
11-09 01:13:39.625 11759 11759 W PackageParser: Ignoring duplicate uses-permissions/uses-permissions-sdk-m: android.permission.KILL_BACKGROUND_PROCESSES in package: rjpmscxyoicgj.rcmuksahjbgmzodorjn.pebcsfmlgnqxshaierbhj at: Binary XML file line #24
11-09 01:13:39.666  1434  3198 W BroadcastQueue: u0 Receiving a broadcast in packagecom.yoojar.zlsg.baidu requires a permissions review
11-09 01:13:39.666  1434  3198 W BroadcastQueue: Skipping delivery: permission review required for Intent { act=android.intent.action.PACKAGE_CHANGED dat=package: flg=0x5000010 (has extras) } from null (pid=1434, uid=1000) to com.yoojar.zlsg.baidu/com.duoku.platform.download.broadcast.AppMonitorReceiver
11-09 01:13:39.683  1434  1777 I PackageManager: Integrity check passed for file:///data/app/vmdl300198375.tmp
11-09 01:13:39.751  1434  1673 V StorageManagerService: Package null does not have legacy storage
11-09 01:13:39.842  1434  5504 W AppOps  : setUidMode() called with a mode inconsistent with runtime permission state, this is discouraged and you should revoke the runtime permission instead: uid=10124, switchCode=0, mode=4, permission=android.permission.ACCESS_BACKGROUND_LOCATION
11-09 01:13:39.861  1434  1676 W ActivityTaskManager: Activity top resumed state loss timeout for ActivityRecord{5956ec u0 com.nqmobile.antivirus20/com.netqin.antivirus.scan.ui.MonitorVirusTip} t21 f}}
11-09 01:13:39.861  1434  1676 W ActivityTaskManager: Activity pause timeout for ActivityRecord{5956ec u0 com.nqmobile.antivirus20/com.netqin.antivirus.scan.ui.MonitorVirusTip} t21 f}}
11-09 01:13:39.861  1434  1676 W ActivityTaskManager: Tried to set launchTime (0) < mLastActivityLaunchTime (787791)
11-09 01:13:39.907  1434  1995 W AppOps  : setUidMode() called with a mode inconsistent with runtime permission state, this is discouraged and you should revoke the runtime permission instead: uid=10124, switchCode=1, mode=4, permission=android.permission.ACCESS_BACKGROUND_LOCATION
11-09 01:13:39.908  1434  1995 W AppOps  : setUidMode() called with a mode inconsistent with runtime permission state, this is discouraged and you should revoke the runtime permission instead: uid=10124, switchCode=0, mode=4, permission=android.permission.ACCESS_BACKGROUND_LOCATION
11-09 01:13:39.947  1434  5504 I ActivityManager: Background started FGS: Allowed [callingPackage: com.google.android.apps.wellbeing; callingUid: 10123; uidState: BFGS; intent: Intent { cmp=com.google.android.apps.wellbeing/com.google.apps.tiktok.concurrent.InternalForegroundService (has extras) }; code:BACKGROUND_ACTIVITY_PERMISSION; tempAllowListReason:<null>; targetSdkVersion:33; callerTargetSdkVersion:33; startForegroundCount:0; bindFromPackage:null]
11-09 01:13:40.105  1434  5504 I ActivityTaskManager: START u0 {flg=0x14800000 cmp=com.nqmobile.antivirus20/com.netqin.antivirus.scan.ui.MonitorVirusTip (has extras)} from uid 10195
11-09 01:13:40.124 11759 11759 W TransactionExecutor: tId:-319724112 Skip pre-destroyed transaction:
11-09 01:13:40.124 11759 11759 W TransactionExecutor: tId:-319724112 ClientTransaction{
11-09 01:13:40.124 11759 11759 W TransactionExecutor: tId:-319724112   callbacks=[
11-09 01:13:40.124 11759 11759 W TransactionExecutor: tId:-319724112     LaunchActivityItem{intent=Intent { flg=0x14800000 cmp=com.nqmobile.antivirus20/com.netqin.antivirus.scan.ui.MonitorVirusTip (has extras) },ident=38517095,info=ActivityInfo{378538c com.netqin.antivirus.scan.ui.MonitorVirusTip},curConfig={1.0 ?mcc?mnc [en_US] ldltr sw393dp w393dp h737dp 440dpi nrml long port night finger -keyb/v/h -nav/h winConfig={ mBounds=Rect(0, 0 - 1080, 2246) mAppBounds=Rect(0, 86 - 1080, 2114) mMaxBounds=Rect(0, 0 - 1080, 2246) mDisplayRotation=ROTATION_0 mWindowingMode=fullscreen mDisplayWindowingMode=fullscreen mActivityType=undefined mAlwaysOnTop=undefined mRotation=ROTATION_0} as.2 s.89 fontWeightAdjustment=0},overrideConfig={1.0 ?mcc?mnc [en_US] ldltr sw393dp w393dp h737dp 440dpi nrml long port night finger -keyb/v/h -nav/h winConfig={ mBounds=Rect(0, 0 - 1080, 2246) mAppBounds=Rect(0, 86 - 1080, 2114) mMaxBounds=Rect(0, 0 - 1080, 2246) mDisplayRotation=ROTATION_0 mWindowingMode=fullscreen mDisplayWindowingMode=fullscreen mActivityType=standard mAlwaysOnTop=undefined mRotation=ROTATION_0} as.2 s.1 fontWeightAdjustment=0},referrer=com.nqmobile.antivirus20,procState=2,state=null,persistentState=null,pendingResults=null,pendingNewIntents=null,options=null,profilerInfo=null,assistToken=android.os.BinderProxy@4e0e6de,shareableActivityToken=android.os.BinderProxy@7ce20bf}
11-09 01:13:40.124 11759 11759 W TransactionExecutor: tId:-319724112   ]
11-09 01:13:40.124 11759 11759 W TransactionExecutor: tId:-319724112   stateRequest=ResumeActivityItem{procState=-1,updateProcState=false,isForward=true,shouldSendCompatFakeFocus=false}
11-09 01:13:40.124 11759 11759 W TransactionExecutor: tId:-319724112 }
11-09 01:13:40.124 11759 11759 W TransactionExecutor: tId:-319724112 Target activity: Not found for token: android.os.BinderProxy@649ba75
11-09 01:13:40.124 11759 11759 W TransactionExecutor: tId:295909526 Skip pre-destroyed transaction:
11-09 01:13:40.124 11759 11759 W TransactionExecutor: tId:295909526 ClientTransaction{
11-09 01:13:40.124 11759 11759 W TransactionExecutor: tId:295909526   callbacks=[
11-09 01:13:40.124 11759 11759 W TransactionExecutor: tId:295909526     TopResumedActivityChangeItem{onTop=true}
11-09 01:13:40.124 11759 11759 W TransactionExecutor: tId:295909526   ]
11-09 01:13:40.124 11759 11759 W TransactionExecutor: tId:295909526   stateRequest=null
11-09 01:13:40.124 11759 11759 W TransactionExecutor: tId:295909526 }
11-09 01:13:40.124 11759 11759 W TransactionExecutor: tId:295909526 Target activity: Not found for token: android.os.BinderProxy@649ba75
11-09 01:13:40.128 11759 11759 W TransactionExecutor: tId:295879735 Skip pre-destroyed transaction:
11-09 01:13:40.128 11759 11759 W TransactionExecutor: tId:295879735 ClientTransaction{
11-09 01:13:40.128 11759 11759 W TransactionExecutor: tId:295879735   callbacks=[
11-09 01:13:40.128 11759 11759 W TransactionExecutor: tId:295879735     TopResumedActivityChangeItem{onTop=false}
11-09 01:13:40.128 11759 11759 W TransactionExecutor: tId:295879735   ]
11-09 01:13:40.128 11759 11759 W TransactionExecutor: tId:295879735   stateRequest=null
11-09 01:13:40.128 11759 11759 W TransactionExecutor: tId:295879735 }
11-09 01:13:40.128 11759 11759 W TransactionExecutor: tId:295879735 Target activity: Not found for token: android.os.BinderProxy@649ba75
11-09 01:13:40.128 11759 11759 W TransactionExecutor: tId:729794452 Skip pre-destroyed transaction:
11-09 01:13:40.128 11759 11759 W TransactionExecutor: tId:729794452 ClientTransaction{
11-09 01:13:40.128 11759 11759 W TransactionExecutor: tId:729794452   callbacks=[]
11-09 01:13:40.128 11759 11759 W TransactionExecutor: tId:729794452   stateRequest=PauseActivityItem{finished=true,userLeaving=false,configChanges=0,dontReport=false,autoEnteringPip=false}
11-09 01:13:40.128 11759 11759 W TransactionExecutor: tId:729794452 }
11-09 01:13:40.128 11759 11759 W TransactionExecutor: tId:729794452 Target activity: Not found for token: android.os.BinderProxy@649ba75
11-09 01:13:40.129 11759 11759 W TransactionExecutor: tId:861476211 Skip pre-destroyed transaction:
11-09 01:13:40.129 11759 11759 W TransactionExecutor: tId:861476211 ClientTransaction{
11-09 01:13:40.129 11759 11759 W TransactionExecutor: tId:861476211   callbacks=[
11-09 01:13:40.129 11759 11759 W TransactionExecutor: tId:861476211     LaunchActivityItem{intent=Intent { flg=0x14800000 cmp=com.nqmobile.antivirus20/com.netqin.antivirus.scan.ui.MonitorVirusTip (has extras) },ident=93565151,info=ActivityInfo{3ce09db com.netqin.antivirus.scan.ui.MonitorVirusTip},curConfig={1.0 ?mcc?mnc [en_US] ldltr sw393dp w393dp h737dp 440dpi nrml long port night finger -keyb/v/h -nav/h winConfig={ mBounds=Rect(0, 0 - 1080, 2246) mAppBounds=Rect(0, 86 - 1080, 2114) mMaxBounds=Rect(0, 0 - 1080, 2246) mDisplayRotation=ROTATION_0 mWindowingMode=fullscreen mDisplayWindowingMode=fullscreen mActivityType=undefined mAlwaysOnTop=undefined mRotation=ROTATION_0} as.2 s.89 fontWeightAdjustment=0},overrideConfig={1.0 ?mcc?mnc [en_US] ldltr sw393dp w393dp h737dp 440dpi nrml long port night finger -keyb/v/h -nav/h winConfig={ mBounds=Rect(0, 0 - 1080, 2246) mAppBounds=Rect(0, 86 - 1080, 2114) mMaxBounds=Rect(0, 0 - 1080, 2246) mDisplayRotation=ROTATION_0 mWindowingMode=fullscreen mDisplayWindowingMode=fullscreen mActivityType=standard mAlwaysOnTop=undefined mRotation=ROTATION_0} as.2 s.1 fontWeightAdjustment=0},referrer=com.nqmobile.antivirus20,procState=2,state=null,persistentState=null,pendingResults=null,pendingNewIntents=null,options=null,profilerInfo=null,assistToken=android.os.BinderProxy@df86ad5,shareableActivityToken=android.os.BinderProxy@91092ea}
11-09 01:13:40.129 11759 11759 W TransactionExecutor: tId:861476211   ]
11-09 01:13:40.129 11759 11759 W TransactionExecutor: tId:861476211   stateRequest=ResumeActivityItem{procState=-1,updateProcState=false,isForward=true,shouldSendCompatFakeFocus=false}
11-09 01:13:40.129 11759 11759 W TransactionExecutor: tId:861476211 }
11-09 01:13:40.129 11759 11759 W TransactionExecutor: tId:861476211 Target activity: Not found for token: android.os.BinderProxy@a449dac
11-09 01:13:40.129 11759 11759 W TransactionExecutor: tId:362683341 Skip pre-destroyed transaction:
11-09 01:13:40.129 11759 11759 W TransactionExecutor: tId:362683341 ClientTransaction{
11-09 01:13:40.129 11759 11759 W TransactionExecutor: tId:362683341   callbacks=[
11-09 01:13:40.129 11759 11759 W TransactionExecutor: tId:362683341     TopResumedActivityChangeItem{onTop=true}
11-09 01:13:40.129 11759 11759 W TransactionExecutor: tId:362683341   ]
11-09 01:13:40.129 11759 11759 W TransactionExecutor: tId:362683341   stateRequest=null
11-09 01:13:40.129 11759 11759 W TransactionExecutor: tId:362683341 }
11-09 01:13:40.129 11759 11759 W TransactionExecutor: tId:362683341 Target activity: Not found for token: android.os.BinderProxy@a449dac
11-09 01:13:40.129 11759 11759 W TransactionExecutor: tId:362653550 Skip pre-destroyed transaction:
11-09 01:13:40.129 11759 11759 W TransactionExecutor: tId:362653550 ClientTransaction{
11-09 01:13:40.129 11759 11759 W TransactionExecutor: tId:362653550   callbacks=[
11-09 01:13:40.129 11759 11759 W TransactionExecutor: tId:362653550     TopResumedActivityChangeItem{onTop=false}
11-09 01:13:40.129 11759 11759 W TransactionExecutor: tId:362653550   ]
11-09 01:13:40.129 11759 11759 W TransactionExecutor: tId:362653550   stateRequest=null
11-09 01:13:40.129 11759 11759 W TransactionExecutor: tId:362653550 }
11-09 01:13:40.129 11759 11759 W TransactionExecutor: tId:362653550 Target activity: Not found for token: android.os.BinderProxy@a449dac
11-09 01:13:40.129 11759 11759 W TransactionExecutor: tId:796568267 Skip pre-destroyed transaction:
11-09 01:13:40.129 11759 11759 W TransactionExecutor: tId:796568267 ClientTransaction{
11-09 01:13:40.129 11759 11759 W TransactionExecutor: tId:796568267   callbacks=[]
11-09 01:13:40.129 11759 11759 W TransactionExecutor: tId:796568267   stateRequest=PauseActivityItem{finished=true,userLeaving=false,configChanges=0,dontReport=false,autoEnteringPip=false}
11-09 01:13:40.129 11759 11759 W TransactionExecutor: tId:796568267 }
11-09 01:13:40.129 11759 11759 W TransactionExecutor: tId:796568267 Target activity: Not found for token: android.os.BinderProxy@a449dac
11-09 01:13:40.131 11759 11759 W TransactionExecutor: tId:1191685715 Skip pre-destroyed transaction:
11-09 01:13:40.131 11759 11759 W TransactionExecutor: tId:1191685715 ClientTransaction{
11-09 01:13:40.131 11759 11759 W TransactionExecutor: tId:1191685715   callbacks=[
11-09 01:13:40.131 11759 11759 W TransactionExecutor: tId:1191685715     LaunchActivityItem{intent=Intent { flg=0x14800000 cmp=com.nqmobile.antivirus20/com.netqin.antivirus.scan.ui.MonitorVirusTip (has extras) },ident=116511259,info=ActivityInfo{6dcf3b6 com.netqin.antivirus.scan.ui.MonitorVirusTip},curConfig={1.0 ?mcc?mnc [en_US] ldltr sw393dp w393dp h737dp 440dpi nrml long port night finger -keyb/v/h -nav/h winConfig={ mBounds=Rect(0, 0 - 1080, 2246) mAppBounds=Rect(0, 86 - 1080, 2114) mMaxBounds=Rect(0, 0 - 1080, 2246) mDisplayRotation=ROTATION_0 mWindowingMode=fullscreen mDisplayWindowingMode=fullscreen mActivityType=undefined mAlwaysOnTop=undefined mRotation=ROTATION_0} as.2 s.89 fontWeightAdjustment=0},overrideConfig={1.0 ?mcc?mnc [en_US] ldltr sw393dp w393dp h737dp 440dpi nrml long port night finger -keyb/v/h -nav/h winConfig={ mBounds=Rect(0, 0 - 1080, 2246) mAppBounds=Rect(0, 86 - 1080, 2114) mMaxBounds=Rect(0, 0 - 1080, 2246) mDisplayRotation=ROTATION_0 mWindowingMode=fullscreen mDisplayWindowingMode=fullscreen mActivityType=standard mAlwaysOnTop=undefined mRotation=ROTATION_0} as.2 s.1 fontWeightAdjustment=0},referrer=com.nqmobile.antivirus20,procState=2,state=null,persistentState=null,pendingResults=null,pendingNewIntents=null,options=null,profilerInfo=null,assistToken=android.os.BinderProxy@1d1c78,shareableActivityToken=android.os.BinderProxy@7e1df51}
11-09 01:13:40.131 11759 11759 W TransactionExecutor: tId:1191685715   ]
11-09 01:13:40.131 11759 11759 W TransactionExecutor: tId:1191685715   stateRequest=ResumeActivityItem{procState=-1,updateProcState=false,isForward=true,shouldSendCompatFakeFocus=false}
11-09 01:13:40.131 11759 11759 W TransactionExecutor: tId:1191685715 }
11-09 01:13:40.131 11759 11759 W TransactionExecutor: tId:1191685715 Target activity: Not found for token: android.os.BinderProxy@64dcf2c
11-09 01:13:40.132 11759 11759 W TransactionExecutor: tId:296176973 Skip pre-destroyed transaction:
11-09 01:13:40.132 11759 11759 W TransactionExecutor: tId:296176973 ClientTransaction{
11-09 01:13:40.132 11759 11759 W TransactionExecutor: tId:296176973   callbacks=[
11-09 01:13:40.132 11759 11759 W TransactionExecutor: tId:296176973     TopResumedActivityChangeItem{onTop=true}
11-09 01:13:40.132 11759 11759 W TransactionExecutor: tId:296176973   ]
11-09 01:13:40.132 11759 11759 W TransactionExecutor: tId:296176973   stateRequest=null
11-09 01:13:40.132 11759 11759 W TransactionExecutor: tId:296176973 }
11-09 01:13:40.132 11759 11759 W TransactionExecutor: tId:296176973 Target activity: Not found for token: android.os.BinderProxy@64dcf2c
11-09 01:13:40.132 11759 11759 W TransactionExecutor: tId:361789611 Skip pre-destroyed transaction:
11-09 01:13:40.132 11759 11759 W TransactionExecutor: tId:361789611 ClientTransaction{
11-09 01:13:40.132 11759 11759 W TransactionExecutor: tId:361789611   callbacks=[]
11-09 01:13:40.132 11759 11759 W TransactionExecutor: tId:361789611   stateRequest=DestroyActivityItem{finished=true,mConfigChanges=0}
11-09 01:13:40.132 11759 11759 W TransactionExecutor: tId:361789611 }
11-09 01:13:40.132 11759 11759 W TransactionExecutor: tId:361789611 Target activity: Not found for token: android.os.BinderProxy@a449dac
11-09 01:13:40.132 11759 11759 W TransactionExecutor: tId:295015796 Skip pre-destroyed transaction:
11-09 01:13:40.132 11759 11759 W TransactionExecutor: tId:295015796 ClientTransaction{
11-09 01:13:40.132 11759 11759 W TransactionExecutor: tId:295015796   callbacks=[]
11-09 01:13:40.132 11759 11759 W TransactionExecutor: tId:295015796   stateRequest=DestroyActivityItem{finished=true,mConfigChanges=0}
11-09 01:13:40.132 11759 11759 W TransactionExecutor: tId:295015796 }
11-09 01:13:40.132 11759 11759 W TransactionExecutor: tId:295015796 Target activity: Not found for token: android.os.BinderProxy@649ba75
11-09 01:13:40.132 11759 11759 W TransactionExecutor: tId:452859145 Skip pre-destroyed transaction:
11-09 01:13:40.132 11759 11759 W TransactionExecutor: tId:452859145 ClientTransaction{
11-09 01:13:40.132 11759 11759 W TransactionExecutor: tId:452859145   callbacks=[]
11-09 01:13:40.132 11759 11759 W TransactionExecutor: tId:452859145   stateRequest=DestroyActivityItem{finished=true,mConfigChanges=0}
11-09 01:13:40.132 11759 11759 W TransactionExecutor: tId:452859145 }
11-09 01:13:40.132 11759 11759 W TransactionExecutor: tId:452859145 Target activity: Not found for token: android.os.BinderProxy@fb23a0a
11-09 01:13:40.132 11759 11759 W TransactionExecutor: tId:362401146 Skip pre-destroyed transaction:
11-09 01:13:40.132 11759 11759 W TransactionExecutor: tId:362401146 ClientTransaction{
11-09 01:13:40.132 11759 11759 W TransactionExecutor: tId:362401146   callbacks=[]
11-09 01:13:40.132 11759 11759 W TransactionExecutor: tId:362401146   stateRequest=DestroyActivityItem{finished=true,mConfigChanges=0}
11-09 01:13:40.132 11759 11759 W TransactionExecutor: tId:362401146 }
11-09 01:13:40.132 11759 11759 W TransactionExecutor: tId:362401146 Target activity: Not found for token: android.os.BinderProxy@a4df27b
11-09 01:13:40.132 11759 11759 W TransactionExecutor: tId:296147182 Skip pre-destroyed transaction:
11-09 01:13:40.132 11759 11759 W TransactionExecutor: tId:296147182 ClientTransaction{
11-09 01:13:40.132 11759 11759 W TransactionExecutor: tId:296147182   callbacks=[
11-09 01:13:40.132 11759 11759 W TransactionExecutor: tId:296147182     TopResumedActivityChangeItem{onTop=false}
11-09 01:13:40.132 11759 11759 W TransactionExecutor: tId:296147182   ]
11-09 01:13:40.132 11759 11759 W TransactionExecutor: tId:296147182   stateRequest=null
11-09 01:13:40.132 11759 11759 W TransactionExecutor: tId:296147182 }
11-09 01:13:40.132 11759 11759 W TransactionExecutor: tId:296147182 Target activity: Not found for token: android.os.BinderProxy@64dcf2c
11-09 01:13:40.132 11759 11759 W TransactionExecutor: tId:730061899 Skip pre-destroyed transaction:
11-09 01:13:40.132 11759 11759 W TransactionExecutor: tId:730061899 ClientTransaction{
11-09 01:13:40.132 11759 11759 W TransactionExecutor: tId:730061899   callbacks=[]
11-09 01:13:40.132 11759 11759 W TransactionExecutor: tId:730061899   stateRequest=PauseActivityItem{finished=true,userLeaving=false,configChanges=0,dontReport=false,autoEnteringPip=false}
11-09 01:13:40.132 11759 11759 W TransactionExecutor: tId:730061899 }
11-09 01:13:40.132 11759 11759 W TransactionExecutor: tId:730061899 Target activity: Not found for token: android.os.BinderProxy@64dcf2c
11-09 01:13:40.135 11759 11759 W TransactionExecutor: tId:904358206 Skip pre-destroyed transaction:
11-09 01:13:40.135 11759 11759 W TransactionExecutor: tId:904358206 ClientTransaction{
11-09 01:13:40.135 11759 11759 W TransactionExecutor: tId:904358206   callbacks=[
11-09 01:13:40.135 11759 11759 W TransactionExecutor: tId:904358206     LaunchActivityItem{intent=Intent { flg=0x14800000 cmp=com.nqmobile.antivirus20/com.netqin.antivirus.scan.ui.MonitorVirusTip (has extras) },ident=17789919,info=ActivityInfo{4141f8d com.netqin.antivirus.scan.ui.MonitorVirusTip},curConfig={1.0 ?mcc?mnc [en_US] ldltr sw393dp w393dp h737dp 440dpi nrml long port night finger -keyb/v/h -nav/h winConfig={ mBounds=Rect(0, 0 - 1080, 2246) mAppBounds=Rect(0, 86 - 1080, 2114) mMaxBounds=Rect(0, 0 - 1080, 2246) mDisplayRotation=ROTATION_0 mWindowingMode=fullscreen mDisplayWindowingMode=fullscreen mActivityType=undefined mAlwaysOnTop=undefined mRotation=ROTATION_0} as.2 s.89 fontWeightAdjustment=0},overrideConfig={1.0 ?mcc?mnc [en_US] ldltr sw393dp w393dp h737dp 440dpi nrml long port night finger -keyb/v/h -nav/h winConfig={ mBounds=Rect(0, 0 - 1080, 2246) mAppBounds=Rect(0, 86 - 1080, 2114) mMaxBounds=Rect(0, 0 - 1080, 2246) mDisplayRotation=ROTATION_0 mWindowingMode=fullscreen mDisplayWindowingMode=fullscreen mActivityType=standard mAlwaysOnTop=undefined mRotation=ROTATION_0} as.2 s.1 fontWeightAdjustment=0},referrer=com.nqmobile.antivirus20,procState=2,state=null,persistentState=null,pendingResults=null,pendingNewIntents=null,options=null,profilerInfo=null,assistToken=android.os.BinderProxy@31968b7,shareableActivityToken=android.os.BinderProxy@4438824}
11-09 01:13:40.135 11759 11759 W TransactionExecutor: tId:904358206   ]
11-09 01:13:40.135 11759 11759 W TransactionExecutor: tId:904358206   stateRequest=ResumeActivityItem{procState=-1,updateProcState=false,isForward=true,shouldSendCompatFakeFocus=false}
11-09 01:13:40.135 11759 11759 W TransactionExecutor: tId:904358206 }
11-09 01:13:40.135 11759 11759 W TransactionExecutor: tId:904358206 Target activity: Not found for token: android.os.BinderProxy@523c6df
11-09 01:13:40.135 11759 11759 W TransactionExecutor: tId:276645120 Skip pre-destroyed transaction:
11-09 01:13:40.135 11759 11759 W TransactionExecutor: tId:276645120 ClientTransaction{
11-09 01:13:40.135 11759 11759 W TransactionExecutor: tId:276645120   callbacks=[
11-09 01:13:40.135 11759 11759 W TransactionExecutor: tId:276645120     TopResumedActivityChangeItem{onTop=true}
11-09 01:13:40.135 11759 11759 W TransactionExecutor: tId:276645120   ]
11-09 01:13:40.135 11759 11759 W TransactionExecutor: tId:276645120   stateRequest=null
11-09 01:13:40.135 11759 11759 W TransactionExecutor: tId:276645120 }
11-09 01:13:40.135 11759 11759 W TransactionExecutor: tId:276645120 Target activity: Not found for token: android.os.BinderProxy@523c6df
11-09 01:13:40.138 11759 11759 W TransactionExecutor: tId:276615329 Skip pre-destroyed transaction:
11-09 01:13:40.138 11759 11759 W TransactionExecutor: tId:276615329 ClientTransaction{
11-09 01:13:40.138 11759 11759 W TransactionExecutor: tId:276615329   callbacks=[
11-09 01:13:40.138 11759 11759 W TransactionExecutor: tId:276615329     TopResumedActivityChangeItem{onTop=false}
11-09 01:13:40.138 11759 11759 W TransactionExecutor: tId:276615329   ]
11-09 01:13:40.138 11759 11759 W TransactionExecutor: tId:276615329   stateRequest=null
11-09 01:13:40.138 11759 11759 W TransactionExecutor: tId:276615329 }
11-09 01:13:40.138 11759 11759 W TransactionExecutor: tId:276615329 Target activity: Not found for token: android.os.BinderProxy@523c6df
11-09 01:13:40.138 11759 11759 W TransactionExecutor: tId:710530046 Skip pre-destroyed transaction:
11-09 01:13:40.138 11759 11759 W TransactionExecutor: tId:710530046 ClientTransaction{
11-09 01:13:40.138 11759 11759 W TransactionExecutor: tId:710530046   callbacks=[]
11-09 01:13:40.138 11759 11759 W TransactionExecutor: tId:710530046   stateRequest=PauseActivityItem{finished=true,userLeaving=false,configChanges=0,dontReport=false,autoEnteringPip=false}
11-09 01:13:40.138 11759 11759 W TransactionExecutor: tId:710530046 }
11-09 01:13:40.138 11759 11759 W TransactionExecutor: tId:710530046 Target activity: Not found for token: android.os.BinderProxy@523c6df
11-09 01:13:40.153  1434  1434 I NotificationService: Cannot find enqueued record for key: 0|com.google.android.apps.wellbeing|174344743|null|10123
11-09 01:13:40.211  1434  1995 I ActivityManager: Background started FGS: Allowed [callingPackage: com.google.android.apps.wellbeing; callingUid: 10123; uidState: BFGS; intent: Intent { cmp=com.google.android.apps.wellbeing/com.google.apps.tiktok.concurrent.InternalForegroundService (has extras) }; code:BACKGROUND_ACTIVITY_PERMISSION; tempAllowListReason:<null>; targetSdkVersion:33; callerTargetSdkVersion:33; startForegroundCount:0; bindFromPackage:null]
11-09 01:13:40.239  1434  1777 V BackupManagerService: [UserID:0] restoreAtInstall pkg=crime.fashion.dentist token=55 restoreSet=0
