11-09 01:13:45.949  1434  1688 W BroadcastQueue: u0 Receiving a broadcast in packagecom.hgperfko.yaeghrwx requires a permissions review
11-09 01:13:45.949  1434  1688 W BroadcastQueue: Skipping delivery: permission review required for Intent { act=android.intent.action.PACKAGE_ADDED dat=package: flg=0x4000010 (has extras) } from null (pid=1434, uid=1000) to com.hgperfko.yaeghrwx/.core.hLytdCQDBv
11-09 01:13:45.949  1434  1688 W BroadcastQueue: u0 Receiving a broadcast in packagecom.qiuqiu.dfmc requires a permissions review
11-09 01:13:45.949  1434  1688 W BroadcastQueue: Skipping delivery: permission review required for Intent { act=android.intent.action.PACKAGE_ADDED dat=package: flg=0x4000010 (has extras) } from null (pid=1434, uid=1000) to com.qiuqiu.dfmc/cn.jpush.android.service.PushReceiver
11-09 01:13:45.949  1434  1688 W BroadcastQueue: u0 Receiving a broadcast in packagecom.safesys.viruskiller requires a permissions review
11-09 01:13:45.949  1434  1688 W BroadcastQueue: Skipping delivery: permission review required for Intent { act=android.intent.action.PACKAGE_ADDED dat=package: flg=0x4000010 (has extras) } from null (pid=1434, uid=1000) to com.safesys.viruskiller/.ScanPackageBroadcast
11-09 01:13:45.950  1434  1688 W BroadcastQueue: u0 Receiving a broadcast in packagecom.uc108.mobile.sdgj.bd1 requires a permissions review
11-09 01:13:45.950  1434  1688 W BroadcastQueue: Skipping delivery: permission review required for Intent { act=android.intent.action.PACKAGE_ADDED dat=package: flg=0x4000010 (has extras) } from null (pid=1434, uid=1000) to com.uc108.mobile.sdgj.bd1/com.baidu.tiebasdk.service.InstallReceiver
11-09 01:13:45.950  1434  1688 W BroadcastQueue: u0 Receiving a broadcast in packagecom.voicebianshengjinglingwc.wxl requires a permissions review
11-09 01:13:45.950  1434  1688 W BroadcastQueue: Skipping delivery: permission review required for Intent { act=android.intent.action.PACKAGE_ADDED dat=package: flg=0x4000010 (has extras) } from null (pid=1434, uid=1000) to com.voicebianshengjinglingwc.wxl/mp.ruu.Ztjjwrj
11-09 01:13:45.950  1434  1688 W BroadcastQueue: u0 Receiving a broadcast in packagecom.yoojar.zlsg.baidu requires a permissions review
11-09 01:13:45.950  1434  1688 W BroadcastQueue: Skipping delivery: permission review required for Intent { act=android.intent.action.PACKAGE_ADDED dat=package: flg=0x4000010 (has extras) } from null (pid=1434, uid=1000) to com.yoojar.zlsg.baidu/com.duoku.platform.download.broadcast.AppMonitorReceiver
11-09 01:13:45.950  1434  1688 W BroadcastQueue: u0 Receiving a broadcast in packageio.dcloud.H5BC6BF13 requires a permissions review
11-09 01:13:45.950  1434  1688 W BroadcastQueue: Skipping delivery: permission review required for Intent { act=android.intent.action.PACKAGE_ADDED dat=package: flg=0x4000010 (has extras) } from null (pid=1434, uid=1000) to io.dcloud.H5BC6BF13/io.dcloud.common.adapter.io.DownloadReceiver
11-09 01:13:45.961  1434  1434 I Telecom : DefaultDialerCache: Refreshing default dialer for user 0: now com.google.android.dialer: DDC.oR@Bdo
11-09 01:13:45.977  1434  1434 V BackupManagerConstants: getFullBackupIntervalMilliseconds(...) returns 86400000
11-09 01:13:45.978  1434  1434 V BackupManagerConstants: getFullBackupRequiredNetworkType(...) returns 2
11-09 01:13:45.978  1434  1434 V BackupManagerConstants: getFullBackupRequireCharging(...) returns true
11-09 01:13:45.987  1434  1773 E VerityUtils: Failed to measure fs-verity, errno 1: /data/app/~~CqATrEacxFQqfOfQihFP-g==/com.yang.game.dds-EsOnwMFAmUuMhw36FJxETg==/base.apk
11-09 01:13:45.989  1434  1434 I Telecom : DefaultDialerCache: Refreshing default dialer for user 0: now com.google.android.dialer: DDC.oR@Bds
11-09 01:13:45.995  1434  4158 W BackupTransportManager: Package com.yang.game.dds enabled setting: 0
11-09 01:13:46.002  1434  1686 W WindowMagnificationMgr: requestConnection duplicated request: connect=false, mConnectionState=DISCONNECTED
11-09 01:13:46.008  1434  4215 D CompatibilityChangeReporter: Compat change id reported: 161252188; UID 10283; state: DISABLED
11-09 01:13:46.061  1434  1777 E PackageManager: ERROR: could not load root hash from incremental install
11-09 01:13:46.062  1434  1686 W PackageManager: Failed registering loading progress callback. Package is fully loaded.
11-09 01:13:46.068  1434  5369 W BroadcastQueue: u0 Receiving a broadcast in packagecom.yoojar.zlsg.baidu requires a permissions review
11-09 01:13:46.069  1434  5369 W BroadcastQueue: Skipping delivery: permission review required for Intent { act=android.intent.action.PACKAGE_CHANGED dat=package: flg=0x5000010 (has extras) } from null (pid=1434, uid=1000) to com.yoojar.zlsg.baidu/com.duoku.platform.download.broadcast.AppMonitorReceiver
11-09 01:13:46.095  1434  1777 I PackageManager: Integrity check passed for file:///data/app/vmdl683378498.tmp
11-09 01:13:46.107  1434  1686 W WindowMagnificationMgr: requestConnection duplicated request: connect=false, mConnectionState=DISCONNECTED
11-09 01:13:46.349  1434  5378 I ActivityTaskManager: START u0 {flg=0x14800000 cmp=com.nqmobile.antivirus20/com.netqin.antivirus.scan.ui.MonitorVirusTip (has extras)} from uid 10195
11-09 01:13:46.383  1434  1777 V BackupManagerService: [UserID:0] restoreAtInstall pkg=com.gupocufbbxbijsq.gtenurim token=5e restoreSet=0
11-09 01:13:46.383  1434  1777 V BackupManagerService: [UserID:0] Finishing install immediately
11-09 01:13:46.389  1434  1777 D PackageInstallerSession: Marking session 683378498 as applied
11-09 01:13:46.394  1434  1777 D CompatibilityChangeReporter: Compat change id reported: 168419799; UID 10284; state: DISABLED
11-09 01:13:46.394  1434  1777 D CompatibilityChangeReporter: Compat change id reported: 273564678; UID 10284; state: DISABLED
11-09 01:13:46.404  1434  2906 D CompatibilityChangeReporter: Compat change id reported: 218533173; UID 10284; state: DISABLED
11-09 01:13:46.409  1434  4215 W BroadcastQueue: u0 Receiving a broadcast in packagecom.jr.narutoii requires a permissions review
11-09 01:13:46.409  1434  4215 W BroadcastQueue: Skipping delivery: permission review required for Intent { act=android.intent.action.PACKAGE_ADDED dat=package: flg=0x4000010 (has extras) } from null (pid=1434, uid=1000) to com.jr.narutoii/com.joyriver.engine.proxy.EngineReceiver
11-09 01:13:46.411  1434  1434 I Telecom : DefaultDialerCache: Refreshing default dialer for user 0: now com.google.android.dialer: DDC.oR@Bd4
11-09 01:13:46.420  1434  1688 W BroadcastQueue: u0 Receiving a broadcast in packagecom.android.buyer requires a permissions review
11-09 01:13:46.420  1434  1688 W BroadcastQueue: Skipping delivery: permission review required for Intent { act=android.intent.action.PACKAGE_ADDED dat=package: flg=0x4000010 (has extras) } from null (pid=1434, uid=1000) to com.android.buyer/.mRve
11-09 01:13:46.420  1434  1688 W BroadcastQueue: Background execution not allowed: receiving Intent { act=android.intent.action.PACKAGE_ADDED dat=package: flg=0x4000010 (has extras) } to com.google.android.packageinstaller/com.android.packageinstaller.PackageInstalledReceiver
11-09 01:13:46.420  1434  1688 W BroadcastQueue: Background execution not allowed: receiving Intent { act=android.intent.action.PACKAGE_ADDED dat=package: flg=0x4000010 (has extras) } to com.android.vending/com.google.android.finsky.packagemonitor.impl.PackageMonitorReceiverImpl$RegisteredReceiver
11-09 01:13:46.421  1434  1688 W BroadcastQueue: Background execution not allowed: receiving Intent { act=android.intent.action.PACKAGE_ADDED dat=package: flg=0x4000010 (has extras) } to com.android.vending/com.google.android.finsky.packagemonitor.backgroundimpl.BackgroundPackageMonitorReceiverImpl$RegisteredReceiver
11-09 01:13:46.421  1434  1688 W BroadcastQueue: Background execution not allowed: receiving Intent { act=android.intent.action.PACKAGE_ADDED dat=package: flg=0x4000010 (has extras) } to com.google.android.gms/.games.chimera.GamesSystemBroadcastReceiverProxy
11-09 01:13:46.421  1434  1688 W BroadcastQueue: Background execution not allowed: receiving Intent { act=android.intent.action.PACKAGE_ADDED dat=package: flg=0x4000010 (has extras) } to com.google.android.gms/.gass.chimera.PackageChangeBroadcastReceiver
11-09 01:13:46.421  1434  1688 W BroadcastQueue: Background execution not allowed: receiving Intent { act=android.intent.action.PACKAGE_ADDED dat=package: flg=0x4000010 (has extras) } to com.google.android.gms/.chimera.GmsIntentOperationService$PersistentTrustedReceiver
11-09 01:13:46.421  1434  1688 W BroadcastQueue: Background execution not allowed: receiving Intent { act=android.intent.action.PACKAGE_ADDED dat=package: flg=0x4000010 (has extras) } to com.google.android.googlequicksearchbox/com.google.android.apps.gsa.googlequicksearchbox.GelStubAppWatcher
11-09 01:13:46.421  1434  1688 W BroadcastQueue: u0 Receiving a broadcast in packagecom.cncd.japan.janli.shudu requires a permissions review
11-09 01:13:46.421  1434  1688 W BroadcastQueue: Skipping delivery: permission review required for Intent { act=android.intent.action.PACKAGE_ADDED dat=package: flg=0x4000010 (has extras) } from null (pid=1434, uid=1000) to com.cncd.japan.janli.shudu/net.l.k.r
11-09 01:13:46.421  1434  1688 W BroadcastQueue: u0 Receiving a broadcast in packagecom.cncd.japan.janli.shudu requires a permissions review
11-09 01:13:46.421  1434  1688 W BroadcastQueue: Skipping delivery: permission review required for Intent { act=android.intent.action.PACKAGE_ADDED dat=package: flg=0x4000010 (has extras) } from null (pid=1434, uid=1000) to com.cncd.japan.janli.shudu/com.feiwofour.coverscreen.SR
11-09 01:13:46.421  1434  1688 W BroadcastQueue: u0 Receiving a broadcast in packagecom.games.mengmeizhitd requires a permissions review
11-09 01:13:46.421  1434  1688 W BroadcastQueue: Skipping delivery: permission review required for Intent { act=android.intent.action.PACKAGE_ADDED dat=package: flg=0x4000010 (has extras) } from null (pid=1434, uid=1000) to com.games.mengmeizhitd/hjnw.ihjnw.i.isqly
11-09 01:13:46.421  1434  1688 W BroadcastQueue: u0 Receiving a broadcast in packagecom.hgperfko.yaeghrwx requires a permissions review
11-09 01:13:46.421  1434  1688 W BroadcastQueue: Skipping delivery: permission review required for Intent { act=android.intent.action.PACKAGE_ADDED dat=package: flg=0x4000010 (has extras) } from null (pid=1434, uid=1000) to com.hgperfko.yaeghrwx/.core.hLytdCQDBv
11-09 01:13:46.421  1434  1688 W BroadcastQueue: u0 Receiving a broadcast in packagecom.qiuqiu.dfmc requires a permissions review
11-09 01:13:46.421  1434  1688 W BroadcastQueue: Skipping delivery: permission review required for Intent { act=android.intent.action.PACKAGE_ADDED dat=package: flg=0x4000010 (has extras) } from null (pid=1434, uid=1000) to com.qiuqiu.dfmc/cn.jpush.android.service.PushReceiver
11-09 01:13:46.421  1434  1688 W BroadcastQueue: u0 Receiving a broadcast in packagecom.safesys.viruskiller requires a permissions review
11-09 01:13:46.421  1434  1688 W BroadcastQueue: Skipping delivery: permission review required for Intent { act=android.intent.action.PACKAGE_ADDED dat=package: flg=0x4000010 (has extras) } from null (pid=1434, uid=1000) to com.safesys.viruskiller/.ScanPackageBroadcast
11-09 01:13:46.421  1434  1688 W BroadcastQueue: u0 Receiving a broadcast in packagecom.uc108.mobile.sdgj.bd1 requires a permissions review
11-09 01:13:46.421  1434  1688 W BroadcastQueue: Skipping delivery: permission review required for Intent { act=android.intent.action.PACKAGE_ADDED dat=package: flg=0x4000010 (has extras) } from null (pid=1434, uid=1000) to com.uc108.mobile.sdgj.bd1/com.baidu.tiebasdk.service.InstallReceiver
11-09 01:13:46.421  1434  1688 W BroadcastQueue: u0 Receiving a broadcast in packagecom.voicebianshengjinglingwc.wxl requires a permissions review
11-09 01:13:46.421  1434  1688 W BroadcastQueue: Skipping delivery: permission review required for Intent { act=android.intent.action.PACKAGE_ADDED dat=package: flg=0x4000010 (has extras) } from null (pid=1434, uid=1000) to com.voicebianshengjinglingwc.wxl/mp.ruu.Ztjjwrj
11-09 01:13:46.421  1434  1688 W BroadcastQueue: u0 Receiving a broadcast in packagecom.yoojar.zlsg.baidu requires a permissions review
11-09 01:13:46.421  1434  1688 W BroadcastQueue: Skipping delivery: permission review required for Intent { act=android.intent.action.PACKAGE_ADDED dat=package: flg=0x4000010 (has extras) } from null (pid=1434, uid=1000) to com.yoojar.zlsg.baidu/com.duoku.platform.download.broadcast.AppMonitorReceiver
11-09 01:13:46.425  1434  1688 W BroadcastQueue: u0 Receiving a broadcast in packageio.dcloud.H5BC6BF13 requires a permissions review
11-09 01:13:46.425  1434  1688 W BroadcastQueue: Skipping delivery: permission review required for Intent { act=android.intent.action.PACKAGE_ADDED dat=package: flg=0x4000010 (has extras) } from null (pid=1434, uid=1000) to io.dcloud.H5BC6BF13/io.dcloud.common.adapter.io.DownloadReceiver
11-09 01:13:46.427  1434  1434 V BackupManagerConstants: getFullBackupIntervalMilliseconds(...) returns 86400000
11-09 01:13:46.427  1434  1434 V BackupManagerConstants: getFullBackupRequiredNetworkType(...) returns 2
11-09 01:13:46.427  1434  1434 V BackupManagerConstants: getFullBackupRequireCharging(...) returns true
11-09 01:13:46.431  1434  1686 W WindowMagnificationMgr: requestConnection duplicated request: connect=false, mConnectionState=DISCONNECTED
11-09 01:13:46.441  1434  1773 E VerityUtils: Failed to measure fs-verity, errno 1: /data/app/~~ADLxLfuURi2soVGY1N-RqQ==/com.gupocufbbxbijsq.gtenurim-sh82Ui-ar6HdJaYRL4FMpQ==/base.apk
11-09 01:13:46.460  1434  1434 I Telecom : DefaultDialerCache: Refreshing default dialer for user 0: now com.google.android.dialer: DDC.oR@Bd8
11-09 01:13:46.460  1434  4158 W BackupTransportManager: Package com.gupocufbbxbijsq.gtenurim enabled setting: 0
11-09 01:13:46.463  1434  1686 W PackageManager: Failed registering loading progress callback. Package is fully loaded.
11-09 01:13:46.480  1434  1686 W WindowMagnificationMgr: requestConnection duplicated request: connect=false, mConnectionState=DISCONNECTED
11-09 01:13:46.504  1434  2975 D CompatibilityChangeReporter: Compat change id reported: 161252188; UID 10284; state: DISABLED
11-09 01:13:46.525  1434  1777 E PackageManager: ERROR: could not load root hash from incremental install
11-09 01:13:46.572  1434  1777 I PackageManager: Integrity check passed for file:///data/app/vmdl1782119446.tmp
11-09 01:13:46.729  1434  5508 W BroadcastQueue: u0 Receiving a broadcast in packagecom.yoojar.zlsg.baidu requires a permissions review
11-09 01:13:46.729  1434  5508 W BroadcastQueue: Skipping delivery: permission review required for Intent { act=android.intent.action.PACKAGE_CHANGED dat=package: flg=0x5000010 (has extras) } from null (pid=1434, uid=1000) to com.yoojar.zlsg.baidu/com.duoku.platform.download.broadcast.AppMonitorReceiver
11-09 01:13:46.830  1434  5508 W AppOps  : setUidMode() called with a mode inconsistent with runtime permission state, this is discouraged and you should revoke the runtime permission instead: uid=10124, switchCode=0, mode=4, permission=android.permission.ACCESS_BACKGROUND_LOCATION
11-09 01:13:46.844  1434  1777 V BackupManagerService: [UserID:0] restoreAtInstall pkg=com.swivvtvzoky.ktmuzxo token=5f restoreSet=0
11-09 01:13:46.845  1434  1777 V BackupManagerService: [UserID:0] Finishing install immediately
11-09 01:13:46.847  1434  1777 D PackageInstallerSession: Marking session 1782119446 as applied
11-09 01:13:46.852  1434  1676 W ActivityTaskManager: Activity top resumed state loss timeout for ActivityRecord{2fafbdb u0 com.nqmobile.antivirus20/com.netqin.antivirus.scan.ui.MonitorVirusTip} t21 f}}
11-09 01:13:46.853  1434  1676 W ActivityTaskManager: Activity pause timeout for ActivityRecord{2fafbdb u0 com.nqmobile.antivirus20/com.netqin.antivirus.scan.ui.MonitorVirusTip} t21 f}}
11-09 01:13:46.853  1434  1676 W ActivityTaskManager: Tried to set launchTime (0) < mLastActivityLaunchTime (794484)
11-09 01:13:46.856  1434  1777 D CompatibilityChangeReporter: Compat change id reported: 168419799; UID 10285; state: DISABLED
11-09 01:13:46.856  1434  1777 D CompatibilityChangeReporter: Compat change id reported: 273564678; UID 10285; state: DISABLED
11-09 01:13:46.862  1434  2906 D CompatibilityChangeReporter: Compat change id reported: 218533173; UID 10285; state: DISABLED
11-09 01:13:46.868  1434  1688 W BroadcastQueue: u0 Receiving a broadcast in packagecom.jr.narutoii requires a permissions review
11-09 01:13:46.868  1434  1688 W BroadcastQueue: Skipping delivery: permission review required for Intent { act=android.intent.action.PACKAGE_ADDED dat=package: flg=0x4000010 (has extras) } from null (pid=1434, uid=1000) to com.jr.narutoii/com.joyriver.engine.proxy.EngineReceiver
11-09 01:13:46.874  1434  1688 W BroadcastQueue: u0 Receiving a broadcast in packagecom.android.buyer requires a permissions review
11-09 01:13:46.874  1434  1688 W BroadcastQueue: Skipping delivery: permission review required for Intent { act=android.intent.action.PACKAGE_ADDED dat=package: flg=0x4000010 (has extras) } from null (pid=1434, uid=1000) to com.android.buyer/.mRve
11-09 01:13:46.874  1434  1688 W BroadcastQueue: Background execution not allowed: receiving Intent { act=android.intent.action.PACKAGE_ADDED dat=package: flg=0x4000010 (has extras) } to com.google.android.packageinstaller/com.android.packageinstaller.PackageInstalledReceiver
11-09 01:13:46.877  1434  1434 I Telecom : DefaultDialerCache: Refreshing default dialer for user 0: now com.google.android.dialer: DDC.oR@Bew
11-09 01:13:46.886  1434  1688 W BroadcastQueue: Background execution not allowed: receiving Intent { act=android.intent.action.PACKAGE_ADDED dat=package: flg=0x4000010 (has extras) } to com.android.vending/com.google.android.finsky.packagemonitor.impl.PackageMonitorReceiverImpl$RegisteredReceiver
11-09 01:13:46.887  1434  1676 I ActivityManager: PendingStartActivityUids startActivity to updateOomAdj delay:3881ms, uid:10195
11-09 01:13:46.888  1434  1688 W BroadcastQueue: Background execution not allowed: receiving Intent { act=android.intent.action.PACKAGE_ADDED dat=package: flg=0x4000010 (has extras) } to com.android.vending/com.google.android.finsky.packagemonitor.backgroundimpl.BackgroundPackageMonitorReceiverImpl$RegisteredReceiver
11-09 01:13:46.888  1434  1688 W BroadcastQueue: Background execution not allowed: receiving Intent { act=android.intent.action.PACKAGE_ADDED dat=package: flg=0x4000010 (has extras) } to com.google.android.gms/.games.chimera.GamesSystemBroadcastReceiverProxy
11-09 01:13:46.888  1434  1688 W BroadcastQueue: Background execution not allowed: receiving Intent { act=android.intent.action.PACKAGE_ADDED dat=package: flg=0x4000010 (has extras) } to com.google.android.gms/.gass.chimera.PackageChangeBroadcastReceiver
11-09 01:13:46.888  1434  1688 W BroadcastQueue: Background execution not allowed: receiving Intent { act=android.intent.action.PACKAGE_ADDED dat=package: flg=0x4000010 (has extras) } to com.google.android.gms/.chimera.GmsIntentOperationService$PersistentTrustedReceiver
11-09 01:13:46.888  1434  1688 W BroadcastQueue: Background execution not allowed: receiving Intent { act=android.intent.action.PACKAGE_ADDED dat=package: flg=0x4000010 (has extras) } to com.google.android.googlequicksearchbox/com.google.android.apps.gsa.googlequicksearchbox.GelStubAppWatcher
11-09 01:13:46.888  1434  1688 W BroadcastQueue: u0 Receiving a broadcast in packagecom.cncd.japan.janli.shudu requires a permissions review
11-09 01:13:46.888  1434  1688 W BroadcastQueue: Skipping delivery: permission review required for Intent { act=android.intent.action.PACKAGE_ADDED dat=package: flg=0x4000010 (has extras) } from null (pid=1434, uid=1000) to com.cncd.japan.janli.shudu/net.l.k.r
11-09 01:13:46.888  1434  1688 W BroadcastQueue: u0 Receiving a broadcast in packagecom.cncd.japan.janli.shudu requires a permissions review
11-09 01:13:46.888  1434  1688 W BroadcastQueue: Skipping delivery: permission review required for Intent { act=android.intent.action.PACKAGE_ADDED dat=package: flg=0x4000010 (has extras) } from null (pid=1434, uid=1000) to com.cncd.japan.janli.shudu/com.feiwofour.coverscreen.SR
11-09 01:13:46.888  1434  1688 W BroadcastQueue: u0 Receiving a broadcast in packagecom.games.mengmeizhitd requires a permissions review
11-09 01:13:46.888  1434  1688 W BroadcastQueue: Skipping delivery: permission review required for Intent { act=android.intent.action.PACKAGE_ADDED dat=package: flg=0x4000010 (has extras) } from null (pid=1434, uid=1000) to com.games.mengmeizhitd/hjnw.ihjnw.i.isqly
11-09 01:13:46.889  1434  1688 W BroadcastQueue: u0 Receiving a broadcast in packagecom.hgperfko.yaeghrwx requires a permissions review
11-09 01:13:46.889  1434  1688 W BroadcastQueue: Skipping delivery: permission review required for Intent { act=android.intent.action.PACKAGE_ADDED dat=package: flg=0x4000010 (has extras) } from null (pid=1434, uid=1000) to com.hgperfko.yaeghrwx/.core.hLytdCQDBv
11-09 01:13:46.889  1434  1688 W BroadcastQueue: u0 Receiving a broadcast in packagecom.qiuqiu.dfmc requires a permissions review
11-09 01:13:46.889  1434  1688 W BroadcastQueue: Skipping delivery: permission review required for Intent { act=android.intent.action.PACKAGE_ADDED dat=package: flg=0x4000010 (has extras) } from null (pid=1434, uid=1000) to com.qiuqiu.dfmc/cn.jpush.android.service.PushReceiver
11-09 01:13:46.889  1434  1688 W BroadcastQueue: u0 Receiving a broadcast in packagecom.safesys.viruskiller requires a permissions review
11-09 01:13:46.889  1434  1688 W BroadcastQueue: Skipping delivery: permission review required for Intent { act=android.intent.action.PACKAGE_ADDED dat=package: flg=0x4000010 (has extras) } from null (pid=1434, uid=1000) to com.safesys.viruskiller/.ScanPackageBroadcast
11-09 01:13:46.889  1434  1688 W BroadcastQueue: u0 Receiving a broadcast in packagecom.uc108.mobile.sdgj.bd1 requires a permissions review
11-09 01:13:46.889  1434  1688 W BroadcastQueue: Skipping delivery: permission review required for Intent { act=android.intent.action.PACKAGE_ADDED dat=package: flg=0x4000010 (has extras) } from null (pid=1434, uid=1000) to com.uc108.mobile.sdgj.bd1/com.baidu.tiebasdk.service.InstallReceiver
11-09 01:13:46.889  1434  1688 W BroadcastQueue: u0 Receiving a broadcast in packagecom.voicebianshengjinglingwc.wxl requires a permissions review
11-09 01:13:46.889  1434  1688 W BroadcastQueue: Skipping delivery: permission review required for Intent { act=android.intent.action.PACKAGE_ADDED dat=package: flg=0x4000010 (has extras) } from null (pid=1434, uid=1000) to com.voicebianshengjinglingwc.wxl/mp.ruu.Ztjjwrj
11-09 01:13:46.889  1434  1688 W BroadcastQueue: u0 Receiving a broadcast in packagecom.yoojar.zlsg.baidu requires a permissions review
11-09 01:13:46.889  1434  1688 W BroadcastQueue: Skipping delivery: permission review required for Intent { act=android.intent.action.PACKAGE_ADDED dat=package: flg=0x4000010 (has extras) } from null (pid=1434, uid=1000) to com.yoojar.zlsg.baidu/com.duoku.platform.download.broadcast.AppMonitorReceiver
11-09 01:13:46.889  1434  1688 W BroadcastQueue: u0 Receiving a broadcast in packageio.dcloud.H5BC6BF13 requires a permissions review
11-09 01:13:46.889  1434  1688 W BroadcastQueue: Skipping delivery: permission review required for Intent { act=android.intent.action.PACKAGE_ADDED dat=package: flg=0x4000010 (has extras) } from null (pid=1434, uid=1000) to io.dcloud.H5BC6BF13/io.dcloud.common.adapter.io.DownloadReceiver
11-09 01:13:46.892  1434  1434 V BackupManagerConstants: getFullBackupIntervalMilliseconds(...) returns 86400000
11-09 01:13:46.892  1434  1434 V BackupManagerConstants: getFullBackupRequiredNetworkType(...) returns 2
11-09 01:13:46.893  1434  1434 V BackupManagerConstants: getFullBackupRequireCharging(...) returns true
11-09 01:13:46.899  1434  1773 E VerityUtils: Failed to measure fs-verity, errno 1: /data/app/~~Gnmby_XBtXn8UCqSIXRVew==/com.swivvtvzoky.ktmuzxo-iuNPyoYGczEnpy5OwBrjYw==/base.apk
11-09 01:13:46.916  1434  1686 W WindowMagnificationMgr: requestConnection duplicated request: connect=false, mConnectionState=DISCONNECTED
11-09 01:13:46.917  1434  5377 D CompatibilityChangeReporter: Compat change id reported: 161252188; UID 10285; state: DISABLED
11-09 01:13:46.927  1434  1434 I Telecom : DefaultDialerCache: Refreshing default dialer for user 0: now com.google.android.dialer: DDC.oR@Be0
11-09 01:13:46.964  1434  1686 W PackageManager: Failed registering loading progress callback. Package is fully loaded.
11-09 01:13:46.980  1434  1686 W WindowMagnificationMgr: requestConnection duplicated request: connect=false, mConnectionState=DISCONNECTED
11-09 01:13:47.064  1434  4158 W BackupTransportManager: Package com.swivvtvzoky.ktmuzxo enabled setting: 0
11-09 01:13:47.085  1434  3247 I ActivityTaskManager: START u0 {flg=0x14800000 cmp=com.nqmobile.antivirus20/com.netqin.antivirus.scan.ui.MonitorVirusTip (has extras)} from uid 10195
11-09 01:13:47.112  1434  5373 W BroadcastQueue: u0 Receiving a broadcast in packagecom.yoojar.zlsg.baidu requires a permissions review
11-09 01:13:47.112  1434  5373 W BroadcastQueue: Skipping delivery: permission review required for Intent { act=android.intent.action.PACKAGE_CHANGED dat=package: flg=0x5000010 (has extras) } from null (pid=1434, uid=1000) to com.yoojar.zlsg.baidu/com.duoku.platform.download.broadcast.AppMonitorReceiver
11-09 01:13:47.146  1434  1777 E PackageManager: ERROR: could not load root hash from incremental install
11-09 01:13:47.154  1434  5370 W AppOps  : setUidMode() called with a mode inconsistent with runtime permission state, this is discouraged and you should revoke the runtime permission instead: uid=10124, switchCode=1, mode=4, permission=android.permission.ACCESS_BACKGROUND_LOCATION
11-09 01:13:47.158  1434  5375 W AppOps  : setUidMode() called with a mode inconsistent with runtime permission state, this is discouraged and you should revoke the runtime permission instead: uid=10124, switchCode=0, mode=4, permission=android.permission.ACCESS_BACKGROUND_LOCATION
11-09 01:13:47.166  1434  1777 I PackageManager: Integrity check passed for file:///data/app/vmdl926490986.tmp
11-09 01:13:47.196  1434  1777 W PackageManager: Skipping provider name com.gsf.duopyj (in package com.gsf.duopyj): name already used by com.gsf.duopyj
11-09 01:13:47.196  1434  1777 W PackageManager: Skipping provider name com.gsf.duopyj (in package com.gsf.duopyj): name already used by com.gsf.duopyj
11-09 01:13:47.287  1434  1676 W ActivityTaskManager: Launch timeout has expired, giving up wake lock!
11-09 01:13:47.291  1434  1673 V StorageManagerService: Package null has legacy storage
11-09 01:13:47.416  1434  1777 V BackupManagerService: [UserID:0] restoreAtInstall pkg=com.gsf.duopyj token=60 restoreSet=0
11-09 01:13:47.417  1434  1777 V BackupManagerService: [UserID:0] Finishing install immediately
11-09 01:13:47.418  1434  1777 D PackageInstallerSession: Marking session 926490986 as applied
11-09 01:13:47.426  1434  1777 D CompatibilityChangeReporter: Compat change id reported: 168419799; UID 10286; state: DISABLED
11-09 01:13:47.426  1434  1777 D CompatibilityChangeReporter: Compat change id reported: 273564678; UID 10286; state: DISABLED
11-09 01:13:47.441  1434  2906 D CompatibilityChangeReporter: Compat change id reported: 218533173; UID 10286; state: DISABLED
11-09 01:13:47.446  1434  3247 W BroadcastQueue: u0 Receiving a broadcast in packagecom.jr.narutoii requires a permissions review
11-09 01:13:47.447  1434  3247 W BroadcastQueue: Skipping delivery: permission review required for Intent { act=android.intent.action.PACKAGE_ADDED dat=package: flg=0x4000010 (has extras) } from null (pid=1434, uid=1000) to com.jr.narutoii/com.joyriver.engine.proxy.EngineReceiver
11-09 01:13:47.450  1434  1434 I Telecom : DefaultDialerCache: Refreshing default dialer for user 0: now com.google.android.dialer: DDC.oR@Bfo
11-09 01:13:47.458  1434  1434 V BackupManagerConstants: getFullBackupIntervalMilliseconds(...) returns 86400000
11-09 01:13:47.458  1434  1434 V BackupManagerConstants: getFullBackupRequiredNetworkType(...) returns 2
11-09 01:13:47.459  1434  1434 V BackupManagerConstants: getFullBackupRequireCharging(...) returns true
11-09 01:13:47.460  1434  1688 W BroadcastQueue: u0 Receiving a broadcast in packagecom.android.buyer requires a permissions review
11-09 01:13:47.460  1434  1688 W BroadcastQueue: Skipping delivery: permission review required for Intent { act=android.intent.action.PACKAGE_ADDED dat=package: flg=0x4000010 (has extras) } from null (pid=1434, uid=1000) to com.android.buyer/.mRve
11-09 01:13:47.461  1434  1688 W BroadcastQueue: Background execution not allowed: receiving Intent { act=android.intent.action.PACKAGE_ADDED dat=package: flg=0x4000010 (has extras) } to com.google.android.packageinstaller/com.android.packageinstaller.PackageInstalledReceiver
11-09 01:13:47.461  1434  1688 W BroadcastQueue: Background execution not allowed: receiving Intent { act=android.intent.action.PACKAGE_ADDED dat=package: flg=0x4000010 (has extras) } to com.android.vending/com.google.android.finsky.packagemonitor.impl.PackageMonitorReceiverImpl$RegisteredReceiver
11-09 01:13:47.461  1434  1688 W BroadcastQueue: Background execution not allowed: receiving Intent { act=android.intent.action.PACKAGE_ADDED dat=package: flg=0x4000010 (has extras) } to com.android.vending/com.google.android.finsky.packagemonitor.backgroundimpl.BackgroundPackageMonitorReceiverImpl$RegisteredReceiver
11-09 01:13:47.461  1434  1688 W BroadcastQueue: Background execution not allowed: receiving Intent { act=android.intent.action.PACKAGE_ADDED dat=package: flg=0x4000010 (has extras) } to com.google.android.gms/.games.chimera.GamesSystemBroadcastReceiverProxy
11-09 01:13:47.462  1434  1688 W BroadcastQueue: Background execution not allowed: receiving Intent { act=android.intent.action.PACKAGE_ADDED dat=package: flg=0x4000010 (has extras) } to com.google.android.gms/.gass.chimera.PackageChangeBroadcastReceiver
11-09 01:13:47.462  1434  1688 W BroadcastQueue: Background execution not allowed: receiving Intent { act=android.intent.action.PACKAGE_ADDED dat=package: flg=0x4000010 (has extras) } to com.google.android.gms/.chimera.GmsIntentOperationService$PersistentTrustedReceiver
11-09 01:13:47.462  1434  1688 W BroadcastQueue: Background execution not allowed: receiving Intent { act=android.intent.action.PACKAGE_ADDED dat=package: flg=0x4000010 (has extras) } to com.google.android.googlequicksearchbox/com.google.android.apps.gsa.googlequicksearchbox.GelStubAppWatcher
11-09 01:13:47.463  1434  1688 W BroadcastQueue: u0 Receiving a broadcast in packagecom.cncd.japan.janli.shudu requires a permissions review
11-09 01:13:47.463  1434  1688 W BroadcastQueue: Skipping delivery: permission review required for Intent { act=android.intent.action.PACKAGE_ADDED dat=package: flg=0x4000010 (has extras) } from null (pid=1434, uid=1000) to com.cncd.japan.janli.shudu/net.l.k.r
11-09 01:13:47.463  1434  1688 W BroadcastQueue: u0 Receiving a broadcast in packagecom.cncd.japan.janli.shudu requires a permissions review
11-09 01:13:47.463  1434  1688 W BroadcastQueue: Skipping delivery: permission review required for Intent { act=android.intent.action.PACKAGE_ADDED dat=package: flg=0x4000010 (has extras) } from null (pid=1434, uid=1000) to com.cncd.japan.janli.shudu/com.feiwofour.coverscreen.SR
11-09 01:13:47.463  1434  1688 W BroadcastQueue: u0 Receiving a broadcast in packagecom.games.mengmeizhitd requires a permissions review
11-09 01:13:47.463  1434  1688 W BroadcastQueue: Skipping delivery: permission review required for Intent { act=android.intent.action.PACKAGE_ADDED dat=package: flg=0x4000010 (has extras) } from null (pid=1434, uid=1000) to com.games.mengmeizhitd/hjnw.ihjnw.i.isqly
11-09 01:13:47.463  1434  1688 W BroadcastQueue: u0 Receiving a broadcast in packagecom.hgperfko.yaeghrwx requires a permissions review
11-09 01:13:47.463  1434  1688 W BroadcastQueue: Skipping delivery: permission review required for Intent { act=android.intent.action.PACKAGE_ADDED dat=package: flg=0x4000010 (has extras) } from null (pid=1434, uid=1000) to com.hgperfko.yaeghrwx/.core.hLytdCQDBv
11-09 01:13:47.463  1434  1688 W BroadcastQueue: u0 Receiving a broadcast in packagecom.qiuqiu.dfmc requires a permissions review
11-09 01:13:47.463  1434  1688 W BroadcastQueue: Skipping delivery: permission review required for Intent { act=android.intent.action.PACKAGE_ADDED dat=package: flg=0x4000010 (has extras) } from null (pid=1434, uid=1000) to com.qiuqiu.dfmc/cn.jpush.android.service.PushReceiver
11-09 01:13:47.463  1434  1688 W BroadcastQueue: u0 Receiving a broadcast in packagecom.safesys.viruskiller requires a permissions review
11-09 01:13:47.463  1434  1688 W BroadcastQueue: Skipping delivery: permission review required for Intent { act=android.intent.action.PACKAGE_ADDED dat=package: flg=0x4000010 (has extras) } from null (pid=1434, uid=1000) to com.safesys.viruskiller/.ScanPackageBroadcast
11-09 01:13:47.463  1434  1688 W BroadcastQueue: u0 Receiving a broadcast in packagecom.uc108.mobile.sdgj.bd1 requires a permissions review
11-09 01:13:47.463  1434  1688 W BroadcastQueue: Skipping delivery: permission review required for Intent { act=android.intent.action.PACKAGE_ADDED dat=package: flg=0x4000010 (has extras) } from null (pid=1434, uid=1000) to com.uc108.mobile.sdgj.bd1/com.baidu.tiebasdk.service.InstallReceiver
11-09 01:13:47.463  1434  1688 W BroadcastQueue: u0 Receiving a broadcast in packagecom.voicebianshengjinglingwc.wxl requires a permissions review
11-09 01:13:47.463  1434  1688 W BroadcastQueue: Skipping delivery: permission review required for Intent { act=android.intent.action.PACKAGE_ADDED dat=package: flg=0x4000010 (has extras) } from null (pid=1434, uid=1000) to com.voicebianshengjinglingwc.wxl/mp.ruu.Ztjjwrj
11-09 01:13:47.463  1434  1688 W BroadcastQueue: u0 Receiving a broadcast in packagecom.yoojar.zlsg.baidu requires a permissions review
11-09 01:13:47.463  1434  1688 W BroadcastQueue: Skipping delivery: permission review required for Intent { act=android.intent.action.PACKAGE_ADDED dat=package: flg=0x4000010 (has extras) } from null (pid=1434, uid=1000) to com.yoojar.zlsg.baidu/com.duoku.platform.download.broadcast.AppMonitorReceiver
11-09 01:13:47.463  1434  1688 W BroadcastQueue: u0 Receiving a broadcast in packageio.dcloud.H5BC6BF13 requires a permissions review
11-09 01:13:47.463  1434  1688 W BroadcastQueue: Skipping delivery: permission review required for Intent { act=android.intent.action.PACKAGE_ADDED dat=package: flg=0x4000010 (has extras) } from null (pid=1434, uid=1000) to io.dcloud.H5BC6BF13/io.dcloud.common.adapter.io.DownloadReceiver
11-09 01:13:47.477  1434  1434 I Telecom : DefaultDialerCache: Refreshing default dialer for user 0: now com.google.android.dialer: DDC.oR@Bfs
11-09 01:13:47.501  1434  1773 E VerityUtils: Failed to measure fs-verity, errno 1: /data/app/~~aXP1l7JGR5cBCG3Dp0omUw==/com.gsf.duopyj-OTIDhhvWUcDtDLn9TIF9GQ==/base.apk
11-09 01:13:47.516  1434  5375 D CompatibilityChangeReporter: Compat change id reported: 161252188; UID 10286; state: DISABLED
11-09 01:13:47.541  1434  4158 W BackupTransportManager: Package com.gsf.duopyj enabled setting: 0
11-09 01:13:47.588  1434  1676 W ActivityTaskManager: Activity top resumed state loss timeout for ActivityRecord{236913 u0 com.nqmobile.antivirus20/com.netqin.antivirus.scan.ui.MonitorVirusTip} t21 f}}
11-09 01:13:47.588  1434  1676 W ActivityTaskManager: Activity pause timeout for ActivityRecord{236913 u0 com.nqmobile.antivirus20/com.netqin.antivirus.scan.ui.MonitorVirusTip} t21 f}}
11-09 01:13:47.588  1434  1676 W ActivityTaskManager: Tried to set launchTime (0) < mLastActivityLaunchTime (795669)
11-09 01:13:47.605  1434  5373 W BroadcastQueue: u0 Receiving a broadcast in packagecom.yoojar.zlsg.baidu requires a permissions review
11-09 01:13:47.606  1434  5373 W BroadcastQueue: Skipping delivery: permission review required for Intent { act=android.intent.action.PACKAGE_CHANGED dat=package: flg=0x5000010 (has extras) } from null (pid=1434, uid=1000) to com.yoojar.zlsg.baidu/com.duoku.platform.download.broadcast.AppMonitorReceiver
11-09 01:13:47.719  1434  1686 W WindowMagnificationMgr: requestConnection duplicated request: connect=false, mConnectionState=DISCONNECTED
11-09 01:13:47.775  1434  1686 W PackageManager: Failed registering loading progress callback. Package is fully loaded.
11-09 01:13:47.783  1434  1777 E PackageManager: ERROR: could not load root hash from incremental install
11-09 01:13:47.789  1434  1686 W WindowMagnificationMgr: requestConnection duplicated request: connect=false, mConnectionState=DISCONNECTED
11-09 01:13:47.799  1434  5375 W AppOps  : setUidMode() called with a mode inconsistent with runtime permission state, this is discouraged and you should revoke the runtime permission instead: uid=10124, switchCode=0, mode=4, permission=android.permission.ACCESS_BACKGROUND_LOCATION
11-09 01:13:47.801  1434  1777 I PackageManager: Integrity check passed for file:///data/app/vmdl492181069.tmp
11-09 01:13:47.894  1434  1673 V StorageManagerService: Package null does not have legacy storage
11-09 01:13:47.958  1434  5373 W AppOps  : setUidMode() called with a mode inconsistent with runtime permission state, this is discouraged and you should revoke the runtime permission instead: uid=10124, switchCode=1, mode=4, permission=android.permission.ACCESS_BACKGROUND_LOCATION
11-09 01:13:47.961  1434  5373 W AppOps  : setUidMode() called with a mode inconsistent with runtime permission state, this is discouraged and you should revoke the runtime permission instead: uid=10124, switchCode=0, mode=4, permission=android.permission.ACCESS_BACKGROUND_LOCATION
11-09 01:13:48.049 11759 11759 W PackageParser: Ignoring duplicate uses-permissions/uses-permissions-sdk-m: android.permission.INTERNET in package: com.vbdcf54.d2b25 at: Binary XML file line #49
11-09 01:13:48.049 11759 11759 W PackageParser: Ignoring duplicate uses-permissions/uses-permissions-sdk-m: android.permission.ACCESS_NETWORK_STATE in package: com.vbdcf54.d2b25 at: Binary XML file line #50
11-09 01:13:48.049 11759 11759 W PackageParser: Ignoring duplicate uses-permissions/uses-permissions-sdk-m: android.permission.ACCESS_WIFI_STATE in package: com.vbdcf54.d2b25 at: Binary XML file line #51
11-09 01:13:48.049 11759 11759 W PackageParser: Ignoring duplicate uses-permissions/uses-permissions-sdk-m: android.permission.READ_PHONE_STATE in package: com.vbdcf54.d2b25 at: Binary XML file line #52
11-09 01:13:48.049 11759 11759 W PackageParser: Ignoring duplicate uses-permissions/uses-permissions-sdk-m: android.permission.WRITE_EXTERNAL_STORAGE in package: com.vbdcf54.d2b25 at: Binary XML file line #53
11-09 01:13:48.049 11759 11759 W PackageParser: Ignoring duplicate uses-permissions/uses-permissions-sdk-m: android.permission.READ_PHONE_STATE in package: com.vbdcf54.d2b25 at: Binary XML file line #56
11-09 01:13:48.049 11759 11759 W PackageParser: Ignoring duplicate uses-permissions/uses-permissions-sdk-m: android.permission.INTERNET in package: com.vbdcf54.d2b25 at: Binary XML file line #57
11-09 01:13:48.049 11759 11759 W PackageParser: Ignoring duplicate uses-permissions/uses-permissions-sdk-m: android.permission.ACCESS_NETWORK_STATE in package: com.vbdcf54.d2b25 at: Binary XML file line #58
11-09 01:13:48.049 11759 11759 W PackageParser: Ignoring duplicate uses-permissions/uses-permissions-sdk-m: android.permission.WRITE_EXTERNAL_STORAGE in package: com.vbdcf54.d2b25 at: Binary XML file line #59
11-09 01:13:48.049 11759 11759 W PackageParser: Ignoring duplicate uses-permissions/uses-permissions-sdk-m: android.permission.GET_TASKS in package: com.vbdcf54.d2b25 at: Binary XML file line #61
11-09 01:13:48.506  1434  1777 V BackupManagerService: [UserID:0] restoreAtInstall pkg=outer.kitten.thunder token=61 restoreSet=0
11-09 01:13:48.506  1434  1777 V BackupManagerService: [UserID:0] Finishing install immediately
11-09 01:13:48.511  1434  1777 D PackageInstallerSession: Marking session 492181069 as applied
11-09 01:13:48.514  1434  1777 D CompatibilityChangeReporter: Compat change id reported: 168419799; UID 10287; state: DISABLED
11-09 01:13:48.514  1434  1777 D CompatibilityChangeReporter: Compat change id reported: 273564678; UID 10287; state: DISABLED
11-09 01:13:48.520  1434  2906 D CompatibilityChangeReporter: Compat change id reported: 218533173; UID 10287; state: DISABLED
11-09 01:13:48.531  1434  1434 I Telecom : DefaultDialerCache: Refreshing default dialer for user 0: now com.google.android.dialer: DDC.oR@Bgg
11-09 01:13:48.533  1434  1434 V BackupManagerConstants: getFullBackupIntervalMilliseconds(...) returns 86400000
11-09 01:13:48.533  1434  1434 V BackupManagerConstants: getFullBackupRequiredNetworkType(...) returns 2
11-09 01:13:48.533  1434  1434 V BackupManagerConstants: getFullBackupRequireCharging(...) returns true
11-09 01:13:48.533  1434  2975 W BroadcastQueue: u0 Receiving a broadcast in packagecom.jr.narutoii requires a permissions review
11-09 01:13:48.533  1434  2975 W BroadcastQueue: Skipping delivery: permission review required for Intent { act=android.intent.action.PACKAGE_ADDED dat=package: flg=0x4000010 (has extras) } from null (pid=1434, uid=1000) to com.jr.narutoii/com.joyriver.engine.proxy.EngineReceiver
11-09 01:13:48.539  1434  1688 W BroadcastQueue: u0 Receiving a broadcast in packagecom.android.buyer requires a permissions review
11-09 01:13:48.539  1434  1688 W BroadcastQueue: Skipping delivery: permission review required for Intent { act=android.intent.action.PACKAGE_ADDED dat=package: flg=0x4000010 (has extras) } from null (pid=1434, uid=1000) to com.android.buyer/.mRve
11-09 01:13:48.545  1434  1686 W WindowMagnificationMgr: requestConnection duplicated request: connect=false, mConnectionState=DISCONNECTED
11-09 01:13:48.547  1434  1434 I Telecom : DefaultDialerCache: Refreshing default dialer for user 0: now com.google.android.dialer: DDC.oR@Bgk
11-09 01:13:48.547  1434  1688 W BroadcastQueue: Background execution not allowed: receiving Intent { act=android.intent.action.PACKAGE_ADDED dat=package: flg=0x4000010 (has extras) } to com.google.android.packageinstaller/com.android.packageinstaller.PackageInstalledReceiver
11-09 01:13:48.554  1434  1688 W BroadcastQueue: Background execution not allowed: receiving Intent { act=android.intent.action.PACKAGE_ADDED dat=package: flg=0x4000010 (has extras) } to com.android.vending/com.google.android.finsky.packagemonitor.impl.PackageMonitorReceiverImpl$RegisteredReceiver
11-09 01:13:48.555  1434  1688 W BroadcastQueue: Background execution not allowed: receiving Intent { act=android.intent.action.PACKAGE_ADDED dat=package: flg=0x4000010 (has extras) } to com.android.vending/com.google.android.finsky.packagemonitor.backgroundimpl.BackgroundPackageMonitorReceiverImpl$RegisteredReceiver
11-09 01:13:48.555  1434  1688 W BroadcastQueue: Background execution not allowed: receiving Intent { act=android.intent.action.PACKAGE_ADDED dat=package: flg=0x4000010 (has extras) } to com.google.android.gms/.games.chimera.GamesSystemBroadcastReceiverProxy
11-09 01:13:48.555  1434  1688 W BroadcastQueue: Background execution not allowed: receiving Intent { act=android.intent.action.PACKAGE_ADDED dat=package: flg=0x4000010 (has extras) } to com.google.android.gms/.gass.chimera.PackageChangeBroadcastReceiver
11-09 01:13:48.555  1434  1688 W BroadcastQueue: Background execution not allowed: receiving Intent { act=android.intent.action.PACKAGE_ADDED dat=package: flg=0x4000010 (has extras) } to com.google.android.gms/.chimera.GmsIntentOperationService$PersistentTrustedReceiver
11-09 01:13:48.555  1434  1688 W BroadcastQueue: Background execution not allowed: receiving Intent { act=android.intent.action.PACKAGE_ADDED dat=package: flg=0x4000010 (has extras) } to com.google.android.googlequicksearchbox/com.google.android.apps.gsa.googlequicksearchbox.GelStubAppWatcher
11-09 01:13:48.555  1434  1688 W BroadcastQueue: u0 Receiving a broadcast in packagecom.cncd.japan.janli.shudu requires a permissions review
11-09 01:13:48.555  1434  1688 W BroadcastQueue: Skipping delivery: permission review required for Intent { act=android.intent.action.PACKAGE_ADDED dat=package: flg=0x4000010 (has extras) } from null (pid=1434, uid=1000) to com.cncd.japan.janli.shudu/net.l.k.r
11-09 01:13:48.555  1434  1688 W BroadcastQueue: u0 Receiving a broadcast in packagecom.cncd.japan.janli.shudu requires a permissions review
11-09 01:13:48.555  1434  1688 W BroadcastQueue: Skipping delivery: permission review required for Intent { act=android.intent.action.PACKAGE_ADDED dat=package: flg=0x4000010 (has extras) } from null (pid=1434, uid=1000) to com.cncd.japan.janli.shudu/com.feiwofour.coverscreen.SR
11-09 01:13:48.555  1434  1688 W BroadcastQueue: u0 Receiving a broadcast in packagecom.games.mengmeizhitd requires a permissions review
11-09 01:13:48.555  1434  1688 W BroadcastQueue: Skipping delivery: permission review required for Intent { act=android.intent.action.PACKAGE_ADDED dat=package: flg=0x4000010 (has extras) } from null (pid=1434, uid=1000) to com.games.mengmeizhitd/hjnw.ihjnw.i.isqly
11-09 01:13:48.555  1434  1688 W BroadcastQueue: u0 Receiving a broadcast in packagecom.hgperfko.yaeghrwx requires a permissions review
11-09 01:13:48.555  1434  1688 W BroadcastQueue: Skipping delivery: permission review required for Intent { act=android.intent.action.PACKAGE_ADDED dat=package: flg=0x4000010 (has extras) } from null (pid=1434, uid=1000) to com.hgperfko.yaeghrwx/.core.hLytdCQDBv
11-09 01:13:48.555  1434  1688 W BroadcastQueue: u0 Receiving a broadcast in packagecom.qiuqiu.dfmc requires a permissions review
11-09 01:13:48.555  1434  1688 W BroadcastQueue: Skipping delivery: permission review required for Intent { act=android.intent.action.PACKAGE_ADDED dat=package: flg=0x4000010 (has extras) } from null (pid=1434, uid=1000) to com.qiuqiu.dfmc/cn.jpush.android.service.PushReceiver
11-09 01:13:48.556  1434  1688 W BroadcastQueue: u0 Receiving a broadcast in packagecom.safesys.viruskiller requires a permissions review
11-09 01:13:48.556  1434  1688 W BroadcastQueue: Skipping delivery: permission review required for Intent { act=android.intent.action.PACKAGE_ADDED dat=package: flg=0x4000010 (has extras) } from null (pid=1434, uid=1000) to com.safesys.viruskiller/.ScanPackageBroadcast
11-09 01:13:48.556  1434  1688 W BroadcastQueue: u0 Receiving a broadcast in packagecom.uc108.mobile.sdgj.bd1 requires a permissions review
11-09 01:13:48.556  1434  1688 W BroadcastQueue: Skipping delivery: permission review required for Intent { act=android.intent.action.PACKAGE_ADDED dat=package: flg=0x4000010 (has extras) } from null (pid=1434, uid=1000) to com.uc108.mobile.sdgj.bd1/com.baidu.tiebasdk.service.InstallReceiver
11-09 01:13:48.556  1434  1688 W BroadcastQueue: u0 Receiving a broadcast in packagecom.voicebianshengjinglingwc.wxl requires a permissions review
11-09 01:13:48.556  1434  1688 W BroadcastQueue: Skipping delivery: permission review required for Intent { act=android.intent.action.PACKAGE_ADDED dat=package: flg=0x4000010 (has extras) } from null (pid=1434, uid=1000) to com.voicebianshengjinglingwc.wxl/mp.ruu.Ztjjwrj
11-09 01:13:48.556  1434  1688 W BroadcastQueue: u0 Receiving a broadcast in packagecom.yoojar.zlsg.baidu requires a permissions review
11-09 01:13:48.556  1434  1688 W BroadcastQueue: Skipping delivery: permission review required for Intent { act=android.intent.action.PACKAGE_ADDED dat=package: flg=0x4000010 (has extras) } from null (pid=1434, uid=1000) to com.yoojar.zlsg.baidu/com.duoku.platform.download.broadcast.AppMonitorReceiver
11-09 01:13:48.556  1434  1688 W BroadcastQueue: u0 Receiving a broadcast in packageio.dcloud.H5BC6BF13 requires a permissions review
11-09 01:13:48.556  1434  1688 W BroadcastQueue: Skipping delivery: permission review required for Intent { act=android.intent.action.PACKAGE_ADDED dat=package: flg=0x4000010 (has extras) } from null (pid=1434, uid=1000) to io.dcloud.H5BC6BF13/io.dcloud.common.adapter.io.DownloadReceiver
11-09 01:13:48.583  1434  4215 D CompatibilityChangeReporter: Compat change id reported: 161252188; UID 10287; state: DISABLED
11-09 01:13:48.583  1434  1686 W PackageManager: Failed registering loading progress callback. Package is fully loaded.
11-09 01:13:48.584  1434  1773 E VerityUtils: Failed to measure fs-verity, errno 1: /data/app/~~PJSBzPoJw1iBx5tS8lp7xw==/outer.kitten.thunder-SE_pV-F0S-SzUFmblAmd1g==/base.apk
11-09 01:13:48.603  1434  4158 W BackupTransportManager: Package outer.kitten.thunder enabled setting: 0
11-09 01:13:48.615  1434  2928 E NotificationService: Package enqueue rate is 5.9675317. Shedding 0|com.nqmobile.antivirus20|3|null|10195. package=com.nqmobile.antivirus20
11-09 01:13:48.621  1434  5377 I ActivityTaskManager: START u0 {flg=0x14800000 cmp=com.nqmobile.antivirus20/com.netqin.antivirus.scan.ui.MonitorVirusTip (has extras)} from uid 10195
11-09 01:13:48.634  1434  1686 W WindowMagnificationMgr: requestConnection duplicated request: connect=false, mConnectionState=DISCONNECTED
11-09 01:13:48.752  1434  5504 W BroadcastQueue: u0 Receiving a broadcast in packagecom.yoojar.zlsg.baidu requires a permissions review
11-09 01:13:48.752  1434  5504 W BroadcastQueue: Skipping delivery: permission review required for Intent { act=android.intent.action.PACKAGE_CHANGED dat=package: flg=0x5000010 (has extras) } from null (pid=1434, uid=1000) to com.yoojar.zlsg.baidu/com.duoku.platform.download.broadcast.AppMonitorReceiver
