11-09 10:33:27.234  1428  1672 W BroadcastQueue: u0 Receiving a broadcast in packagecom.yoojar.zlsg.baidu requires a permissions review
11-09 10:33:27.234  1428  1672 W BroadcastQueue: Skipping delivery: permission review required for Intent { act=android.intent.action.PACKAGE_ADDED dat=package: flg=0x4000010 (has extras) } from null (pid=1428, uid=1000) to com.yoojar.zlsg.baidu/com.duoku.platform.download.broadcast.AppMonitorReceiver
11-09 10:33:27.234  1428  1672 W BroadcastQueue: u0 Receiving a broadcast in packageio.dcloud.H5BC6BF13 requires a permissions review
11-09 10:33:27.234  1428  1672 W BroadcastQueue: Skipping delivery: permission review required for Intent { act=android.intent.action.PACKAGE_ADDED dat=package: flg=0x4000010 (has extras) } from null (pid=1428, uid=1000) to io.dcloud.H5BC6BF13/io.dcloud.common.adapter.io.DownloadReceiver
11-09 10:33:27.235  1428  1669 W WindowMagnificationMgr: requestConnection duplicated request: connect=false, mConnectionState=DISCONNECTED
11-09 10:33:27.261  1428  1669 W PackageManager: Failed registering loading progress callback. Package is fully loaded.
11-09 10:33:27.290  1428  5581 W AppOps  : setUidMode() called with a mode inconsistent with runtime permission state, this is discouraged and you should revoke the runtime permission instead: uid=10125, switchCode=1, mode=4, permission=android.permission.ACCESS_BACKGROUND_LOCATION
11-09 10:33:27.301  1428  5537 W AppOps  : setUidMode() called with a mode inconsistent with runtime permission state, this is discouraged and you should revoke the runtime permission instead: uid=10125, switchCode=0, mode=4, permission=android.permission.ACCESS_BACKGROUND_LOCATION
11-09 10:33:27.319  1428  1801 E PackageManager: ERROR: could not load root hash from incremental install
11-09 10:33:27.327  1428  3236 D CompatibilityChangeReporter: Compat change id reported: 161252188; UID 10265; state: DISABLED
11-09 10:33:27.337  1428  1798 E VerityUtils: Failed to measure fs-verity, errno 1: /data/app/~~0vLpDjW8lJtOXlFKZwHezA==/com.init.env-JJzTs1GDVbdvNUuEBXXUkA==/base.apk
11-09 10:33:27.344  1428  1801 I PackageManager: Integrity check passed for file:///data/app/vmdl1581698583.tmp
11-09 10:33:27.351  1428  1991 D CompatibilityChangeReporter: Compat change id reported: 218533173; UID 10265; state: DISABLED
11-09 10:33:27.363  1428  1428 I Telecom : DefaultDialerCache: Refreshing default dialer for user 0: now com.google.android.dialer: DDC.oR@BHM
11-09 10:33:27.364  1428  4136 W BackupTransportManager: Package com.init.env enabled setting: 0
11-09 10:33:27.368  1428  1669 W WindowMagnificationMgr: requestConnection duplicated request: connect=false, mConnectionState=DISCONNECTED
11-09 10:33:27.510  1428  3236 W BroadcastQueue: u0 Receiving a broadcast in packagecom.yoojar.zlsg.baidu requires a permissions review
11-09 10:33:27.510  1428  3236 W BroadcastQueue: Skipping delivery: permission review required for Intent { act=android.intent.action.PACKAGE_CHANGED dat=package: flg=0x5000010 (has extras) } from null (pid=1428, uid=1000) to com.yoojar.zlsg.baidu/com.duoku.platform.download.broadcast.AppMonitorReceiver
11-09 10:33:27.519  1428  1654 V StorageManagerService: Package null has legacy storage
11-09 10:33:27.673  1428  1801 V BackupManagerService: [UserID:0] restoreAtInstall pkg=com.yadsssaawefnt.yyyfaa3a22eaa token=4c restoreSet=0
11-09 10:33:27.673  1428  1801 V BackupManagerService: [UserID:0] Finishing install immediately
11-09 10:33:27.675  1428  1801 D PackageInstallerSession: Marking session 1581698583 as applied
11-09 10:33:27.680  1428  1801 D CompatibilityChangeReporter: Compat change id reported: 168419799; UID 10266; state: DISABLED
11-09 10:33:27.680  1428  1801 D CompatibilityChangeReporter: Compat change id reported: 273564678; UID 10266; state: DISABLED
11-09 10:33:27.686  1428  5584 W BroadcastQueue: u0 Receiving a broadcast in packagecom.jr.narutoii requires a permissions review
11-09 10:33:27.686  1428  5584 W BroadcastQueue: Skipping delivery: permission review required for Intent { act=android.intent.action.PACKAGE_ADDED dat=package: flg=0x4000010 (has extras) } from null (pid=1428, uid=1000) to com.jr.narutoii/com.joyriver.engine.proxy.EngineReceiver
11-09 10:33:27.686  1428  1672 W BroadcastQueue: u0 Receiving a broadcast in packagecom.android.buyer requires a permissions review
11-09 10:33:27.686  1428  1672 W BroadcastQueue: Skipping delivery: permission review required for Intent { act=android.intent.action.PACKAGE_ADDED dat=package: flg=0x4000010 (has extras) } from null (pid=1428, uid=1000) to com.android.buyer/.mRve
11-09 10:33:27.687  1428  1672 W BroadcastQueue: Background execution not allowed: receiving Intent { act=android.intent.action.PACKAGE_ADDED dat=package: flg=0x4000010 (has extras) } to com.google.android.packageinstaller/com.android.packageinstaller.PackageInstalledReceiver
11-09 10:33:27.687  1428  1672 W BroadcastQueue: Background execution not allowed: receiving Intent { act=android.intent.action.PACKAGE_ADDED dat=package: flg=0x4000010 (has extras) } to com.android.vending/com.google.android.finsky.packagemonitor.impl.PackageMonitorReceiverImpl$RegisteredReceiver
11-09 10:33:27.687  1428  1672 W BroadcastQueue: Background execution not allowed: receiving Intent { act=android.intent.action.PACKAGE_ADDED dat=package: flg=0x4000010 (has extras) } to com.android.vending/com.google.android.finsky.packagemonitor.backgroundimpl.BackgroundPackageMonitorReceiverImpl$RegisteredReceiver
11-09 10:33:27.687  1428  1672 W BroadcastQueue: Background execution not allowed: receiving Intent { act=android.intent.action.PACKAGE_ADDED dat=package: flg=0x4000010 (has extras) } to com.google.android.gms/.games.chimera.GamesSystemBroadcastReceiverProxy
11-09 10:33:27.687  1428  1672 W BroadcastQueue: Background execution not allowed: receiving Intent { act=android.intent.action.PACKAGE_ADDED dat=package: flg=0x4000010 (has extras) } to com.google.android.gms/.gass.chimera.PackageChangeBroadcastReceiver
11-09 10:33:27.687  1428  1672 W BroadcastQueue: Background execution not allowed: receiving Intent { act=android.intent.action.PACKAGE_ADDED dat=package: flg=0x4000010 (has extras) } to com.google.android.gms/.chimera.GmsIntentOperationService$PersistentTrustedReceiver
11-09 10:33:27.687  1428  1672 W BroadcastQueue: Background execution not allowed: receiving Intent { act=android.intent.action.PACKAGE_ADDED dat=package: flg=0x4000010 (has extras) } to com.google.android.googlequicksearchbox/com.google.android.apps.gsa.googlequicksearchbox.GelStubAppWatcher
11-09 10:33:27.687  1428  1672 W BroadcastQueue: u0 Receiving a broadcast in packagecom.cncd.japan.janli.shudu requires a permissions review
11-09 10:33:27.687  1428  1672 W BroadcastQueue: Skipping delivery: permission review required for Intent { act=android.intent.action.PACKAGE_ADDED dat=package: flg=0x4000010 (has extras) } from null (pid=1428, uid=1000) to com.cncd.japan.janli.shudu/net.l.k.r
11-09 10:33:27.687  1428  1672 W BroadcastQueue: u0 Receiving a broadcast in packagecom.cncd.japan.janli.shudu requires a permissions review
11-09 10:33:27.687  1428  1672 W BroadcastQueue: Skipping delivery: permission review required for Intent { act=android.intent.action.PACKAGE_ADDED dat=package: flg=0x4000010 (has extras) } from null (pid=1428, uid=1000) to com.cncd.japan.janli.shudu/com.feiwofour.coverscreen.SR
11-09 10:33:27.687  1428  1672 W BroadcastQueue: u0 Receiving a broadcast in packagecom.games.mengmeizhitd requires a permissions review
11-09 10:33:27.687  1428  1672 W BroadcastQueue: Skipping delivery: permission review required for Intent { act=android.intent.action.PACKAGE_ADDED dat=package: flg=0x4000010 (has extras) } from null (pid=1428, uid=1000) to com.games.mengmeizhitd/hjnw.ihjnw.i.isqly
11-09 10:33:27.687  1428  1672 W BroadcastQueue: u0 Receiving a broadcast in packagecom.hgperfko.yaeghrwx requires a permissions review
11-09 10:33:27.687  1428  1672 W BroadcastQueue: Skipping delivery: permission review required for Intent { act=android.intent.action.PACKAGE_ADDED dat=package: flg=0x4000010 (has extras) } from null (pid=1428, uid=1000) to com.hgperfko.yaeghrwx/.core.hLytdCQDBv
11-09 10:33:27.687  1428  1672 W BroadcastQueue: u0 Receiving a broadcast in packagecom.qiuqiu.dfmc requires a permissions review
11-09 10:33:27.687  1428  1672 W BroadcastQueue: Skipping delivery: permission review required for Intent { act=android.intent.action.PACKAGE_ADDED dat=package: flg=0x4000010 (has extras) } from null (pid=1428, uid=1000) to com.qiuqiu.dfmc/cn.jpush.android.service.PushReceiver
11-09 10:33:27.687  1428  1672 W BroadcastQueue: u0 Receiving a broadcast in packagecom.safesys.viruskiller requires a permissions review
11-09 10:33:27.687  1428  1672 W BroadcastQueue: Skipping delivery: permission review required for Intent { act=android.intent.action.PACKAGE_ADDED dat=package: flg=0x4000010 (has extras) } from null (pid=1428, uid=1000) to com.safesys.viruskiller/.ScanPackageBroadcast
11-09 10:33:27.687  1428  1672 W BroadcastQueue: u0 Receiving a broadcast in packagecom.uc108.mobile.sdgj.bd1 requires a permissions review
11-09 10:33:27.687  1428  1672 W BroadcastQueue: Skipping delivery: permission review required for Intent { act=android.intent.action.PACKAGE_ADDED dat=package: flg=0x4000010 (has extras) } from null (pid=1428, uid=1000) to com.uc108.mobile.sdgj.bd1/com.baidu.tiebasdk.service.InstallReceiver
11-09 10:33:27.687  1428  1672 W BroadcastQueue: u0 Receiving a broadcast in packagecom.voicebianshengjinglingwc.wxl requires a permissions review
11-09 10:33:27.687  1428  1672 W BroadcastQueue: Skipping delivery: permission review required for Intent { act=android.intent.action.PACKAGE_ADDED dat=package: flg=0x4000010 (has extras) } from null (pid=1428, uid=1000) to com.voicebianshengjinglingwc.wxl/mp.ruu.Ztjjwrj
11-09 10:33:27.687  1428  1672 W BroadcastQueue: u0 Receiving a broadcast in packagecom.yoojar.zlsg.baidu requires a permissions review
11-09 10:33:27.687  1428  1672 W BroadcastQueue: Skipping delivery: permission review required for Intent { act=android.intent.action.PACKAGE_ADDED dat=package: flg=0x4000010 (has extras) } from null (pid=1428, uid=1000) to com.yoojar.zlsg.baidu/com.duoku.platform.download.broadcast.AppMonitorReceiver
11-09 10:33:27.687  1428  1672 W BroadcastQueue: u0 Receiving a broadcast in packageio.dcloud.H5BC6BF13 requires a permissions review
11-09 10:33:27.687  1428  1672 W BroadcastQueue: Skipping delivery: permission review required for Intent { act=android.intent.action.PACKAGE_ADDED dat=package: flg=0x4000010 (has extras) } from null (pid=1428, uid=1000) to io.dcloud.H5BC6BF13/io.dcloud.common.adapter.io.DownloadReceiver
11-09 10:33:27.691  1428  1428 I Telecom : DefaultDialerCache: Refreshing default dialer for user 0: now com.google.android.dialer: DDC.oR@BHQ
11-09 10:33:27.717  1428  1428 V BackupManagerConstants: getFullBackupIntervalMilliseconds(...) returns 86400000
11-09 10:33:27.717  1428  1428 V BackupManagerConstants: getFullBackupRequiredNetworkType(...) returns 2
11-09 10:33:27.717  1428  1428 V BackupManagerConstants: getFullBackupRequireCharging(...) returns true
11-09 10:33:27.720  1428  1669 W WindowMagnificationMgr: requestConnection duplicated request: connect=false, mConnectionState=DISCONNECTED
11-09 10:33:27.722  1428  1798 E VerityUtils: Failed to measure fs-verity, errno 1: /data/app/~~vNkycrDZy8LV1WYXw9-pxA==/com.yadsssaawefnt.yyyfaa3a22eaa-pASNbLF-_i080uNgprMxOA==/base.apk
11-09 10:33:27.730  1428  1991 D CompatibilityChangeReporter: Compat change id reported: 218533173; UID 10266; state: DISABLED
11-09 10:33:27.759  1428  1669 W PackageManager: Failed registering loading progress callback. Package is fully loaded.
11-09 10:33:27.769  1428  1428 I Telecom : DefaultDialerCache: Refreshing default dialer for user 0: now com.google.android.dialer: DDC.oR@BHU
11-09 10:33:27.770  1428  4136 W BackupTransportManager: Package com.yadsssaawefnt.yyyfaa3a22eaa enabled setting: 0
11-09 10:33:27.773  1428  1669 W WindowMagnificationMgr: requestConnection duplicated request: connect=false, mConnectionState=DISCONNECTED
11-09 10:33:27.774  1428  4812 D CompatibilityChangeReporter: Compat change id reported: 161252188; UID 10266; state: DISABLED
11-09 10:33:27.878  1428  5534 W BroadcastQueue: u0 Receiving a broadcast in packagecom.yoojar.zlsg.baidu requires a permissions review
11-09 10:33:27.878  1428  5534 W BroadcastQueue: Skipping delivery: permission review required for Intent { act=android.intent.action.PACKAGE_CHANGED dat=package: flg=0x5000010 (has extras) } from null (pid=1428, uid=1000) to com.yoojar.zlsg.baidu/com.duoku.platform.download.broadcast.AppMonitorReceiver
11-09 10:33:27.953  1428  1801 E PackageManager: ERROR: could not load root hash from incremental install
11-09 10:33:27.964  1428  3195 W AppOps  : setUidMode() called with a mode inconsistent with runtime permission state, this is discouraged and you should revoke the runtime permission instead: uid=10125, switchCode=0, mode=4, permission=android.permission.ACCESS_BACKGROUND_LOCATION
11-09 10:33:27.988  1428  1801 I PackageManager: Integrity check passed for file:///data/app/vmdl573373709.tmp
11-09 10:33:28.046  1428  1801 W PackageManager: Adding duplicate app id: 10267 name=com.eg.android.AlipayGphone
11-09 10:33:28.158  1428  5532 W AppOps  : setUidMode() called with a mode inconsistent with runtime permission state, this is discouraged and you should revoke the runtime permission instead: uid=10125, switchCode=1, mode=4, permission=android.permission.ACCESS_BACKGROUND_LOCATION
11-09 10:33:28.161  1428  5537 W AppOps  : setUidMode() called with a mode inconsistent with runtime permission state, this is discouraged and you should revoke the runtime permission instead: uid=10125, switchCode=0, mode=4, permission=android.permission.ACCESS_BACKGROUND_LOCATION
11-09 10:33:28.261  1428  3236 I ActivityManager: Background started FGS: Allowed [callingPackage: com.google.android.apps.wellbeing; callingUid: 10121; uidState: BFGS; intent: Intent { cmp=com.google.android.apps.wellbeing/com.google.apps.tiktok.concurrent.InternalForegroundService (has extras) }; code:BACKGROUND_ACTIVITY_PERMISSION; tempAllowListReason:<null>; targetSdkVersion:33; callerTargetSdkVersion:33; startForegroundCount:0; bindFromPackage:null]
11-09 10:33:28.464  1428  1801 V BackupManagerService: [UserID:0] restoreAtInstall pkg=com.eg.android.AlipayGphone token=4d restoreSet=0
11-09 10:33:28.464  1428  1801 V BackupManagerService: [UserID:0] Finishing install immediately
11-09 10:33:28.466  1428  1428 I NotificationService: Cannot find enqueued record for key: 0|com.google.android.apps.wellbeing|174344743|null|10121
11-09 10:33:28.468  1428  1801 D PackageInstallerSession: Marking session 573373709 as applied
11-09 10:33:28.473  1428  1801 D CompatibilityChangeReporter: Compat change id reported: 168419799; UID 10267; state: DISABLED
11-09 10:33:28.473  1428  1801 D CompatibilityChangeReporter: Compat change id reported: 273564678; UID 10267; state: DISABLED
11-09 10:33:28.481  1428  1428 I Telecom : DefaultDialerCache: Refreshing default dialer for user 0: now com.google.android.dialer: DDC.oR@BHo
11-09 10:33:28.483  1428  1428 V BackupManagerConstants: getFullBackupIntervalMilliseconds(...) returns 86400000
11-09 10:33:28.483  1428  1428 V BackupManagerConstants: getFullBackupRequiredNetworkType(...) returns 2
11-09 10:33:28.483  1428  1428 V BackupManagerConstants: getFullBackupRequireCharging(...) returns true
11-09 10:33:28.495  1428  1566 W BroadcastQueue: u0 Receiving a broadcast in packagecom.jr.narutoii requires a permissions review
11-09 10:33:28.495  1428  1566 W BroadcastQueue: Skipping delivery: permission review required for Intent { act=android.intent.action.PACKAGE_ADDED dat=package: flg=0x4000010 (has extras) } from null (pid=1428, uid=1000) to com.jr.narutoii/com.joyriver.engine.proxy.EngineReceiver
11-09 10:33:28.496  1428  1672 W BroadcastQueue: u0 Receiving a broadcast in packagecom.android.buyer requires a permissions review
11-09 10:33:28.497  1428  1672 W BroadcastQueue: Skipping delivery: permission review required for Intent { act=android.intent.action.PACKAGE_ADDED dat=package: flg=0x4000010 (has extras) } from null (pid=1428, uid=1000) to com.android.buyer/.mRve
11-09 10:33:28.497  1428  1672 W BroadcastQueue: Background execution not allowed: receiving Intent { act=android.intent.action.PACKAGE_ADDED dat=package: flg=0x4000010 (has extras) } to com.google.android.packageinstaller/com.android.packageinstaller.PackageInstalledReceiver
11-09 10:33:28.497  1428  1672 W BroadcastQueue: Background execution not allowed: receiving Intent { act=android.intent.action.PACKAGE_ADDED dat=package: flg=0x4000010 (has extras) } to com.android.vending/com.google.android.finsky.packagemonitor.impl.PackageMonitorReceiverImpl$RegisteredReceiver
11-09 10:33:28.497  1428  1672 W BroadcastQueue: Background execution not allowed: receiving Intent { act=android.intent.action.PACKAGE_ADDED dat=package: flg=0x4000010 (has extras) } to com.android.vending/com.google.android.finsky.packagemonitor.backgroundimpl.BackgroundPackageMonitorReceiverImpl$RegisteredReceiver
11-09 10:33:28.497  1428  1672 W BroadcastQueue: Background execution not allowed: receiving Intent { act=android.intent.action.PACKAGE_ADDED dat=package: flg=0x4000010 (has extras) } to com.google.android.gms/.games.chimera.GamesSystemBroadcastReceiverProxy
11-09 10:33:28.497  1428  1672 W BroadcastQueue: Background execution not allowed: receiving Intent { act=android.intent.action.PACKAGE_ADDED dat=package: flg=0x4000010 (has extras) } to com.google.android.gms/.gass.chimera.PackageChangeBroadcastReceiver
11-09 10:33:28.497  1428  1672 W BroadcastQueue: Background execution not allowed: receiving Intent { act=android.intent.action.PACKAGE_ADDED dat=package: flg=0x4000010 (has extras) } to com.google.android.gms/.chimera.GmsIntentOperationService$PersistentTrustedReceiver
11-09 10:33:28.497  1428  1672 W BroadcastQueue: Background execution not allowed: receiving Intent { act=android.intent.action.PACKAGE_ADDED dat=package: flg=0x4000010 (has extras) } to com.google.android.googlequicksearchbox/com.google.android.apps.gsa.googlequicksearchbox.GelStubAppWatcher
11-09 10:33:28.497  1428  1672 W BroadcastQueue: u0 Receiving a broadcast in packagecom.cncd.japan.janli.shudu requires a permissions review
11-09 10:33:28.497  1428  1672 W BroadcastQueue: Skipping delivery: permission review required for Intent { act=android.intent.action.PACKAGE_ADDED dat=package: flg=0x4000010 (has extras) } from null (pid=1428, uid=1000) to com.cncd.japan.janli.shudu/net.l.k.r
11-09 10:33:28.497  1428  1672 W BroadcastQueue: u0 Receiving a broadcast in packagecom.cncd.japan.janli.shudu requires a permissions review
11-09 10:33:28.497  1428  1672 W BroadcastQueue: Skipping delivery: permission review required for Intent { act=android.intent.action.PACKAGE_ADDED dat=package: flg=0x4000010 (has extras) } from null (pid=1428, uid=1000) to com.cncd.japan.janli.shudu/com.feiwofour.coverscreen.SR
11-09 10:33:28.497  1428  1672 W BroadcastQueue: u0 Receiving a broadcast in packagecom.games.mengmeizhitd requires a permissions review
11-09 10:33:28.497  1428  1672 W BroadcastQueue: Skipping delivery: permission review required for Intent { act=android.intent.action.PACKAGE_ADDED dat=package: flg=0x4000010 (has extras) } from null (pid=1428, uid=1000) to com.games.mengmeizhitd/hjnw.ihjnw.i.isqly
11-09 10:33:28.497  1428  1672 W BroadcastQueue: u0 Receiving a broadcast in packagecom.hgperfko.yaeghrwx requires a permissions review
11-09 10:33:28.497  1428  1672 W BroadcastQueue: Skipping delivery: permission review required for Intent { act=android.intent.action.PACKAGE_ADDED dat=package: flg=0x4000010 (has extras) } from null (pid=1428, uid=1000) to com.hgperfko.yaeghrwx/.core.hLytdCQDBv
11-09 10:33:28.497  1428  1672 W BroadcastQueue: u0 Receiving a broadcast in packagecom.qiuqiu.dfmc requires a permissions review
11-09 10:33:28.497  1428  1672 W BroadcastQueue: Skipping delivery: permission review required for Intent { act=android.intent.action.PACKAGE_ADDED dat=package: flg=0x4000010 (has extras) } from null (pid=1428, uid=1000) to com.qiuqiu.dfmc/cn.jpush.android.service.PushReceiver
11-09 10:33:28.497  1428  1672 W BroadcastQueue: u0 Receiving a broadcast in packagecom.safesys.viruskiller requires a permissions review
11-09 10:33:28.497  1428  1672 W BroadcastQueue: Skipping delivery: permission review required for Intent { act=android.intent.action.PACKAGE_ADDED dat=package: flg=0x4000010 (has extras) } from null (pid=1428, uid=1000) to com.safesys.viruskiller/.ScanPackageBroadcast
11-09 10:33:28.497  1428  1672 W BroadcastQueue: u0 Receiving a broadcast in packagecom.uc108.mobile.sdgj.bd1 requires a permissions review
11-09 10:33:28.497  1428  1672 W BroadcastQueue: Skipping delivery: permission review required for Intent { act=android.intent.action.PACKAGE_ADDED dat=package: flg=0x4000010 (has extras) } from null (pid=1428, uid=1000) to com.uc108.mobile.sdgj.bd1/com.baidu.tiebasdk.service.InstallReceiver
11-09 10:33:28.497  1428  1672 W BroadcastQueue: u0 Receiving a broadcast in packagecom.voicebianshengjinglingwc.wxl requires a permissions review
11-09 10:33:28.497  1428  1672 W BroadcastQueue: Skipping delivery: permission review required for Intent { act=android.intent.action.PACKAGE_ADDED dat=package: flg=0x4000010 (has extras) } from null (pid=1428, uid=1000) to com.voicebianshengjinglingwc.wxl/mp.ruu.Ztjjwrj
11-09 10:33:28.497  1428  1672 W BroadcastQueue: u0 Receiving a broadcast in packagecom.yoojar.zlsg.baidu requires a permissions review
11-09 10:33:28.497  1428  1672 W BroadcastQueue: Skipping delivery: permission review required for Intent { act=android.intent.action.PACKAGE_ADDED dat=package: flg=0x4000010 (has extras) } from null (pid=1428, uid=1000) to com.yoojar.zlsg.baidu/com.duoku.platform.download.broadcast.AppMonitorReceiver
11-09 10:33:28.497  1428  1672 W BroadcastQueue: u0 Receiving a broadcast in packageio.dcloud.H5BC6BF13 requires a permissions review
11-09 10:33:28.497  1428  1672 W BroadcastQueue: Skipping delivery: permission review required for Intent { act=android.intent.action.PACKAGE_ADDED dat=package: flg=0x4000010 (has extras) } from null (pid=1428, uid=1000) to io.dcloud.H5BC6BF13/io.dcloud.common.adapter.io.DownloadReceiver
11-09 10:33:28.510  1428  1991 D CompatibilityChangeReporter: Compat change id reported: 218533173; UID 10267; state: DISABLED
11-09 10:33:28.521  1428  1798 E VerityUtils: Failed to measure fs-verity, errno 1: /data/app/~~2ffwKWekK650JwZumblRNQ==/com.eg.android.AlipayGphone-4Mqv2WNQFcooY0GExJ70kQ==/base.apk
11-09 10:33:28.538  1428  1428 I Telecom : DefaultDialerCache: Refreshing default dialer for user 0: now com.google.android.dialer: DDC.oR@BHs
11-09 10:33:28.539  1428  4136 W BackupTransportManager: Package com.eg.android.AlipayGphone enabled setting: 0
11-09 10:33:28.547  1428  1669 W WindowMagnificationMgr: requestConnection duplicated request: connect=false, mConnectionState=DISCONNECTED
11-09 10:33:28.567  1428  1801 E PackageManager: ERROR: could not load root hash from incremental install
11-09 10:33:28.571  1428  2023 W PackageParsing: Ignoring duplicate uses-permissions/uses-permissions-sdk-m: android.permission.RECEIVE_MMS in package: waXa6.ppt at: Binary XML file line #28
11-09 10:33:28.572  1428  5575 D CompatibilityChangeReporter: Compat change id reported: 161252188; UID 10267; state: DISABLED
11-09 10:33:28.577  1428  1801 I PackageManager: Integrity check passed for file:///data/app/vmdl1226697052.tmp
11-09 10:33:28.614  1428  1669 W PackageManager: Failed registering loading progress callback. Package is fully loaded.
11-09 10:33:28.624  1428  1669 W WindowMagnificationMgr: requestConnection duplicated request: connect=false, mConnectionState=DISCONNECTED
11-09 10:33:28.671  1428  5535 W BroadcastQueue: u0 Receiving a broadcast in packagecom.yoojar.zlsg.baidu requires a permissions review
11-09 10:33:28.671  1428  5535 W BroadcastQueue: Skipping delivery: permission review required for Intent { act=android.intent.action.PACKAGE_CHANGED dat=package: flg=0x5000010 (has extras) } from null (pid=1428, uid=1000) to com.yoojar.zlsg.baidu/com.duoku.platform.download.broadcast.AppMonitorReceiver
11-09 10:33:28.704  1428  1801 W PackageParsing: Ignoring duplicate uses-permissions/uses-permissions-sdk-m: android.permission.RECEIVE_MMS in package: waXa6.ppt at: Binary XML file line #28
11-09 10:33:28.809  1428  1654 V StorageManagerService: Package null has legacy storage
11-09 10:33:28.930  1428  4812 W AppOps  : setUidMode() called with a mode inconsistent with runtime permission state, this is discouraged and you should revoke the runtime permission instead: uid=10125, switchCode=0, mode=4, permission=android.permission.ACCESS_BACKGROUND_LOCATION
11-09 10:33:28.942  1428  1801 V BackupManagerService: [UserID:0] restoreAtInstall pkg=waXa6.ppt token=4e restoreSet=0
11-09 10:33:28.942  1428  1801 V BackupManagerService: [UserID:0] Finishing install immediately
11-09 10:33:28.944  1428  1801 D PackageInstallerSession: Marking session 1226697052 as applied
11-09 10:33:28.947  1428  1801 D CompatibilityChangeReporter: Compat change id reported: 168419799; UID 10268; state: DISABLED
11-09 10:33:28.947  1428  1801 D CompatibilityChangeReporter: Compat change id reported: 273564678; UID 10268; state: DISABLED
11-09 10:33:28.957  1428  1428 I Telecom : DefaultDialerCache: Refreshing default dialer for user 0: now com.google.android.dialer: DDC.oR@BH4
11-09 10:33:28.959  1428  5581 W BroadcastQueue: u0 Receiving a broadcast in packagecom.jr.narutoii requires a permissions review
11-09 10:33:28.959  1428  5581 W BroadcastQueue: Skipping delivery: permission review required for Intent { act=android.intent.action.PACKAGE_ADDED dat=package: flg=0x4000010 (has extras) } from null (pid=1428, uid=1000) to com.jr.narutoii/com.joyriver.engine.proxy.EngineReceiver
11-09 10:33:28.966  1428  1672 W BroadcastQueue: u0 Receiving a broadcast in packagecom.android.buyer requires a permissions review
11-09 10:33:28.966  1428  1672 W BroadcastQueue: Skipping delivery: permission review required for Intent { act=android.intent.action.PACKAGE_ADDED dat=package: flg=0x4000010 (has extras) } from null (pid=1428, uid=1000) to com.android.buyer/.mRve
11-09 10:33:28.966  1428  1672 W BroadcastQueue: Background execution not allowed: receiving Intent { act=android.intent.action.PACKAGE_ADDED dat=package: flg=0x4000010 (has extras) } to com.google.android.packageinstaller/com.android.packageinstaller.PackageInstalledReceiver
11-09 10:33:28.966  1428  1672 W BroadcastQueue: Background execution not allowed: receiving Intent { act=android.intent.action.PACKAGE_ADDED dat=package: flg=0x4000010 (has extras) } to com.android.vending/com.google.android.finsky.packagemonitor.impl.PackageMonitorReceiverImpl$RegisteredReceiver
11-09 10:33:28.966  1428  1672 W BroadcastQueue: Background execution not allowed: receiving Intent { act=android.intent.action.PACKAGE_ADDED dat=package: flg=0x4000010 (has extras) } to com.android.vending/com.google.android.finsky.packagemonitor.backgroundimpl.BackgroundPackageMonitorReceiverImpl$RegisteredReceiver
11-09 10:33:28.966  1428  1672 W BroadcastQueue: Background execution not allowed: receiving Intent { act=android.intent.action.PACKAGE_ADDED dat=package: flg=0x4000010 (has extras) } to com.google.android.gms/.games.chimera.GamesSystemBroadcastReceiverProxy
11-09 10:33:28.966  1428  1672 W BroadcastQueue: Background execution not allowed: receiving Intent { act=android.intent.action.PACKAGE_ADDED dat=package: flg=0x4000010 (has extras) } to com.google.android.gms/.gass.chimera.PackageChangeBroadcastReceiver
11-09 10:33:28.966  1428  1672 W BroadcastQueue: Background execution not allowed: receiving Intent { act=android.intent.action.PACKAGE_ADDED dat=package: flg=0x4000010 (has extras) } to com.google.android.gms/.chimera.GmsIntentOperationService$PersistentTrustedReceiver
11-09 10:33:28.966  1428  1672 W BroadcastQueue: Background execution not allowed: receiving Intent { act=android.intent.action.PACKAGE_ADDED dat=package: flg=0x4000010 (has extras) } to com.google.android.googlequicksearchbox/com.google.android.apps.gsa.googlequicksearchbox.GelStubAppWatcher
11-09 10:33:28.966  1428  1672 W BroadcastQueue: u0 Receiving a broadcast in packagecom.cncd.japan.janli.shudu requires a permissions review
11-09 10:33:28.966  1428  1672 W BroadcastQueue: Skipping delivery: permission review required for Intent { act=android.intent.action.PACKAGE_ADDED dat=package: flg=0x4000010 (has extras) } from null (pid=1428, uid=1000) to com.cncd.japan.janli.shudu/net.l.k.r
11-09 10:33:28.966  1428  1672 W BroadcastQueue: u0 Receiving a broadcast in packagecom.cncd.japan.janli.shudu requires a permissions review
11-09 10:33:28.966  1428  1672 W BroadcastQueue: Skipping delivery: permission review required for Intent { act=android.intent.action.PACKAGE_ADDED dat=package: flg=0x4000010 (has extras) } from null (pid=1428, uid=1000) to com.cncd.japan.janli.shudu/com.feiwofour.coverscreen.SR
11-09 10:33:28.966  1428  1672 W BroadcastQueue: u0 Receiving a broadcast in packagecom.games.mengmeizhitd requires a permissions review
11-09 10:33:28.966  1428  1672 W BroadcastQueue: Skipping delivery: permission review required for Intent { act=android.intent.action.PACKAGE_ADDED dat=package: flg=0x4000010 (has extras) } from null (pid=1428, uid=1000) to com.games.mengmeizhitd/hjnw.ihjnw.i.isqly
11-09 10:33:28.966  1428  1672 W BroadcastQueue: u0 Receiving a broadcast in packagecom.hgperfko.yaeghrwx requires a permissions review
11-09 10:33:28.966  1428  1672 W BroadcastQueue: Skipping delivery: permission review required for Intent { act=android.intent.action.PACKAGE_ADDED dat=package: flg=0x4000010 (has extras) } from null (pid=1428, uid=1000) to com.hgperfko.yaeghrwx/.core.hLytdCQDBv
11-09 10:33:28.967  1428  1672 W BroadcastQueue: u0 Receiving a broadcast in packagecom.qiuqiu.dfmc requires a permissions review
11-09 10:33:28.967  1428  1672 W BroadcastQueue: Skipping delivery: permission review required for Intent { act=android.intent.action.PACKAGE_ADDED dat=package: flg=0x4000010 (has extras) } from null (pid=1428, uid=1000) to com.qiuqiu.dfmc/cn.jpush.android.service.PushReceiver
11-09 10:33:28.967  1428  1672 W BroadcastQueue: u0 Receiving a broadcast in packagecom.safesys.viruskiller requires a permissions review
11-09 10:33:28.967  1428  1672 W BroadcastQueue: Skipping delivery: permission review required for Intent { act=android.intent.action.PACKAGE_ADDED dat=package: flg=0x4000010 (has extras) } from null (pid=1428, uid=1000) to com.safesys.viruskiller/.ScanPackageBroadcast
11-09 10:33:28.967  1428  1672 W BroadcastQueue: u0 Receiving a broadcast in packagecom.uc108.mobile.sdgj.bd1 requires a permissions review
11-09 10:33:28.967  1428  1672 W BroadcastQueue: Skipping delivery: permission review required for Intent { act=android.intent.action.PACKAGE_ADDED dat=package: flg=0x4000010 (has extras) } from null (pid=1428, uid=1000) to com.uc108.mobile.sdgj.bd1/com.baidu.tiebasdk.service.InstallReceiver
11-09 10:33:28.967  1428  1672 W BroadcastQueue: u0 Receiving a broadcast in packagecom.voicebianshengjinglingwc.wxl requires a permissions review
11-09 10:33:28.967  1428  1672 W BroadcastQueue: Skipping delivery: permission review required for Intent { act=android.intent.action.PACKAGE_ADDED dat=package: flg=0x4000010 (has extras) } from null (pid=1428, uid=1000) to com.voicebianshengjinglingwc.wxl/mp.ruu.Ztjjwrj
11-09 10:33:28.967  1428  1672 W BroadcastQueue: u0 Receiving a broadcast in packagecom.yoojar.zlsg.baidu requires a permissions review
11-09 10:33:28.967  1428  1672 W BroadcastQueue: Skipping delivery: permission review required for Intent { act=android.intent.action.PACKAGE_ADDED dat=package: flg=0x4000010 (has extras) } from null (pid=1428, uid=1000) to com.yoojar.zlsg.baidu/com.duoku.platform.download.broadcast.AppMonitorReceiver
11-09 10:33:28.967  1428  1672 W BroadcastQueue: u0 Receiving a broadcast in packageio.dcloud.H5BC6BF13 requires a permissions review
11-09 10:33:28.967  1428  1672 W BroadcastQueue: Skipping delivery: permission review required for Intent { act=android.intent.action.PACKAGE_ADDED dat=package: flg=0x4000010 (has extras) } from null (pid=1428, uid=1000) to io.dcloud.H5BC6BF13/io.dcloud.common.adapter.io.DownloadReceiver
11-09 10:33:28.967  1428  1428 V BackupManagerConstants: getFullBackupIntervalMilliseconds(...) returns 86400000
11-09 10:33:28.967  1428  1428 V BackupManagerConstants: getFullBackupRequiredNetworkType(...) returns 2
11-09 10:33:28.968  1428  1428 V BackupManagerConstants: getFullBackupRequireCharging(...) returns true
11-09 10:33:28.982  1428  1991 D CompatibilityChangeReporter: Compat change id reported: 218533173; UID 10268; state: DISABLED
11-09 10:33:28.989  1428  1428 I Telecom : DefaultDialerCache: Refreshing default dialer for user 0: now com.google.android.dialer: DDC.oR@BH8
11-09 10:33:29.010  1428  1798 E VerityUtils: Failed to measure fs-verity, errno 1: /data/app/~~pE2b2qMkM7qpL0gx2hrjPg==/waXa6.ppt-hs9iFlHF2KeA-8CxHjeRKg==/base.apk
11-09 10:33:29.034  1428  5575 D CompatibilityChangeReporter: Compat change id reported: 161252188; UID 10268; state: DISABLED
11-09 10:33:29.083  1428  4136 W BackupTransportManager: Package waXa6.ppt enabled setting: 0
11-09 10:33:29.114  1428  5537 W BroadcastQueue: u0 Receiving a broadcast in packagecom.yoojar.zlsg.baidu requires a permissions review
11-09 10:33:29.114  1428  5537 W BroadcastQueue: Skipping delivery: permission review required for Intent { act=android.intent.action.PACKAGE_CHANGED dat=package: flg=0x5000010 (has extras) } from null (pid=1428, uid=1000) to com.yoojar.zlsg.baidu/com.duoku.platform.download.broadcast.AppMonitorReceiver
11-09 10:33:29.119  1428  1801 E PackageManager: ERROR: could not load root hash from incremental install
11-09 10:33:29.132  1428  1801 I PackageManager: Integrity check passed for file:///data/app/vmdl939877727.tmp
11-09 10:33:29.141  1428  1669 W WindowMagnificationMgr: requestConnection duplicated request: connect=false, mConnectionState=DISCONNECTED
11-09 10:33:29.214  1428  1654 V StorageManagerService: Package null has legacy storage
11-09 10:33:29.241  1428  5539 W AppOps  : setUidMode() called with a mode inconsistent with runtime permission state, this is discouraged and you should revoke the runtime permission instead: uid=10125, switchCode=1, mode=4, permission=android.permission.ACCESS_BACKGROUND_LOCATION
11-09 10:33:29.245  1428  1669 W PackageManager: Failed registering loading progress callback. Package is fully loaded.
11-09 10:33:29.246  1428  5531 W AppOps  : setUidMode() called with a mode inconsistent with runtime permission state, this is discouraged and you should revoke the runtime permission instead: uid=10125, switchCode=0, mode=4, permission=android.permission.ACCESS_BACKGROUND_LOCATION
11-09 10:33:29.258  1428  1669 W WindowMagnificationMgr: requestConnection duplicated request: connect=false, mConnectionState=DISCONNECTED
11-09 10:33:29.483  1428  5539 I ActivityManager: Background started FGS: Allowed [callingPackage: com.google.android.apps.wellbeing; callingUid: 10121; uidState: BFGS; intent: Intent { cmp=com.google.android.apps.wellbeing/com.google.apps.tiktok.concurrent.InternalForegroundService (has extras) }; code:BACKGROUND_ACTIVITY_PERMISSION; tempAllowListReason:<null>; targetSdkVersion:33; callerTargetSdkVersion:33; startForegroundCount:0; bindFromPackage:null]
11-09 10:33:29.688  1428  1801 V BackupManagerService: [UserID:0] restoreAtInstall pkg=com.sqjuuzpr.ryxjuzs token=4f restoreSet=0
11-09 10:33:29.688  1428  1801 V BackupManagerService: [UserID:0] Finishing install immediately
11-09 10:33:29.689  1428  1428 I NotificationService: Cannot find enqueued record for key: 0|com.google.android.apps.wellbeing|174344743|null|10121
11-09 10:33:29.692  1428  1801 D PackageInstallerSession: Marking session 939877727 as applied
11-09 10:33:29.695  1428  1801 D CompatibilityChangeReporter: Compat change id reported: 168419799; UID 10269; state: DISABLED
11-09 10:33:29.695  1428  1801 D CompatibilityChangeReporter: Compat change id reported: 273564678; UID 10269; state: DISABLED
11-09 10:33:29.704  1428  1428 I Telecom : DefaultDialerCache: Refreshing default dialer for user 0: now com.google.android.dialer: DDC.oR@BIQ
11-09 10:33:29.706  1428  1428 V BackupManagerConstants: getFullBackupIntervalMilliseconds(...) returns 86400000
11-09 10:33:29.706  1428  1428 V BackupManagerConstants: getFullBackupRequiredNetworkType(...) returns 2
11-09 10:33:29.706  1428  1428 V BackupManagerConstants: getFullBackupRequireCharging(...) returns true
11-09 10:33:29.714  1428  1669 W WindowMagnificationMgr: requestConnection duplicated request: connect=false, mConnectionState=DISCONNECTED
11-09 10:33:29.722  1428  2923 W BroadcastQueue: u0 Receiving a broadcast in packagecom.jr.narutoii requires a permissions review
11-09 10:33:29.722  1428  2923 W BroadcastQueue: Skipping delivery: permission review required for Intent { act=android.intent.action.PACKAGE_ADDED dat=package: flg=0x4000010 (has extras) } from null (pid=1428, uid=1000) to com.jr.narutoii/com.joyriver.engine.proxy.EngineReceiver
11-09 10:33:29.745  1428  1669 W PackageManager: Failed registering loading progress callback. Package is fully loaded.
11-09 10:33:29.754  1428  1672 W BroadcastQueue: u0 Receiving a broadcast in packagecom.android.buyer requires a permissions review
11-09 10:33:29.754  1428  1672 W BroadcastQueue: Skipping delivery: permission review required for Intent { act=android.intent.action.PACKAGE_ADDED dat=package: flg=0x4000010 (has extras) } from null (pid=1428, uid=1000) to com.android.buyer/.mRve
11-09 10:33:29.754  1428  1672 W BroadcastQueue: Background execution not allowed: receiving Intent { act=android.intent.action.PACKAGE_ADDED dat=package: flg=0x4000010 (has extras) } to com.google.android.packageinstaller/com.android.packageinstaller.PackageInstalledReceiver
11-09 10:33:29.754  1428  1672 W BroadcastQueue: Background execution not allowed: receiving Intent { act=android.intent.action.PACKAGE_ADDED dat=package: flg=0x4000010 (has extras) } to com.android.vending/com.google.android.finsky.packagemonitor.impl.PackageMonitorReceiverImpl$RegisteredReceiver
11-09 10:33:29.754  1428  1672 W BroadcastQueue: Background execution not allowed: receiving Intent { act=android.intent.action.PACKAGE_ADDED dat=package: flg=0x4000010 (has extras) } to com.android.vending/com.google.android.finsky.packagemonitor.backgroundimpl.BackgroundPackageMonitorReceiverImpl$RegisteredReceiver
11-09 10:33:29.754  1428  1672 W BroadcastQueue: Background execution not allowed: receiving Intent { act=android.intent.action.PACKAGE_ADDED dat=package: flg=0x4000010 (has extras) } to com.google.android.gms/.games.chimera.GamesSystemBroadcastReceiverProxy
11-09 10:33:29.754  1428  1672 W BroadcastQueue: Background execution not allowed: receiving Intent { act=android.intent.action.PACKAGE_ADDED dat=package: flg=0x4000010 (has extras) } to com.google.android.gms/.gass.chimera.PackageChangeBroadcastReceiver
11-09 10:33:29.754  1428  1672 W BroadcastQueue: Background execution not allowed: receiving Intent { act=android.intent.action.PACKAGE_ADDED dat=package: flg=0x4000010 (has extras) } to com.google.android.gms/.chimera.GmsIntentOperationService$PersistentTrustedReceiver
11-09 10:33:29.754  1428  1672 W BroadcastQueue: Background execution not allowed: receiving Intent { act=android.intent.action.PACKAGE_ADDED dat=package: flg=0x4000010 (has extras) } to com.google.android.googlequicksearchbox/com.google.android.apps.gsa.googlequicksearchbox.GelStubAppWatcher
11-09 10:33:29.756  1428  1672 W BroadcastQueue: u0 Receiving a broadcast in packagecom.cncd.japan.janli.shudu requires a permissions review
11-09 10:33:29.756  1428  1672 W BroadcastQueue: Skipping delivery: permission review required for Intent { act=android.intent.action.PACKAGE_ADDED dat=package: flg=0x4000010 (has extras) } from null (pid=1428, uid=1000) to com.cncd.japan.janli.shudu/net.l.k.r
11-09 10:33:29.756  1428  1672 W BroadcastQueue: u0 Receiving a broadcast in packagecom.cncd.japan.janli.shudu requires a permissions review
11-09 10:33:29.756  1428  1672 W BroadcastQueue: Skipping delivery: permission review required for Intent { act=android.intent.action.PACKAGE_ADDED dat=package: flg=0x4000010 (has extras) } from null (pid=1428, uid=1000) to com.cncd.japan.janli.shudu/com.feiwofour.coverscreen.SR
11-09 10:33:29.756  1428  1672 W BroadcastQueue: u0 Receiving a broadcast in packagecom.games.mengmeizhitd requires a permissions review
11-09 10:33:29.756  1428  1672 W BroadcastQueue: Skipping delivery: permission review required for Intent { act=android.intent.action.PACKAGE_ADDED dat=package: flg=0x4000010 (has extras) } from null (pid=1428, uid=1000) to com.games.mengmeizhitd/hjnw.ihjnw.i.isqly
11-09 10:33:29.756  1428  1672 W BroadcastQueue: u0 Receiving a broadcast in packagecom.hgperfko.yaeghrwx requires a permissions review
11-09 10:33:29.756  1428  1672 W BroadcastQueue: Skipping delivery: permission review required for Intent { act=android.intent.action.PACKAGE_ADDED dat=package: flg=0x4000010 (has extras) } from null (pid=1428, uid=1000) to com.hgperfko.yaeghrwx/.core.hLytdCQDBv
11-09 10:33:29.756  1428  1672 W BroadcastQueue: u0 Receiving a broadcast in packagecom.qiuqiu.dfmc requires a permissions review
11-09 10:33:29.756  1428  1672 W BroadcastQueue: Skipping delivery: permission review required for Intent { act=android.intent.action.PACKAGE_ADDED dat=package: flg=0x4000010 (has extras) } from null (pid=1428, uid=1000) to com.qiuqiu.dfmc/cn.jpush.android.service.PushReceiver
11-09 10:33:29.757  1428  1672 W BroadcastQueue: u0 Receiving a broadcast in packagecom.safesys.viruskiller requires a permissions review
11-09 10:33:29.757  1428  1672 W BroadcastQueue: Skipping delivery: permission review required for Intent { act=android.intent.action.PACKAGE_ADDED dat=package: flg=0x4000010 (has extras) } from null (pid=1428, uid=1000) to com.safesys.viruskiller/.ScanPackageBroadcast
11-09 10:33:29.757  1428  1672 W BroadcastQueue: u0 Receiving a broadcast in packagecom.uc108.mobile.sdgj.bd1 requires a permissions review
11-09 10:33:29.757  1428  1672 W BroadcastQueue: Skipping delivery: permission review required for Intent { act=android.intent.action.PACKAGE_ADDED dat=package: flg=0x4000010 (has extras) } from null (pid=1428, uid=1000) to com.uc108.mobile.sdgj.bd1/com.baidu.tiebasdk.service.InstallReceiver
11-09 10:33:29.757  1428  1672 W BroadcastQueue: u0 Receiving a broadcast in packagecom.voicebianshengjinglingwc.wxl requires a permissions review
11-09 10:33:29.757  1428  1672 W BroadcastQueue: Skipping delivery: permission review required for Intent { act=android.intent.action.PACKAGE_ADDED dat=package: flg=0x4000010 (has extras) } from null (pid=1428, uid=1000) to com.voicebianshengjinglingwc.wxl/mp.ruu.Ztjjwrj
11-09 10:33:29.757  1428  1672 W BroadcastQueue: u0 Receiving a broadcast in packagecom.yoojar.zlsg.baidu requires a permissions review
11-09 10:33:29.757  1428  1672 W BroadcastQueue: Skipping delivery: permission review required for Intent { act=android.intent.action.PACKAGE_ADDED dat=package: flg=0x4000010 (has extras) } from null (pid=1428, uid=1000) to com.yoojar.zlsg.baidu/com.duoku.platform.download.broadcast.AppMonitorReceiver
11-09 10:33:29.757  1428  1672 W BroadcastQueue: u0 Receiving a broadcast in packageio.dcloud.H5BC6BF13 requires a permissions review
11-09 10:33:29.757  1428  1672 W BroadcastQueue: Skipping delivery: permission review required for Intent { act=android.intent.action.PACKAGE_ADDED dat=package: flg=0x4000010 (has extras) } from null (pid=1428, uid=1000) to io.dcloud.H5BC6BF13/io.dcloud.common.adapter.io.DownloadReceiver
11-09 10:33:29.773  1428  1991 D CompatibilityChangeReporter: Compat change id reported: 218533173; UID 10269; state: DISABLED
11-09 10:33:29.777  1428  1428 I Telecom : DefaultDialerCache: Refreshing default dialer for user 0: now com.google.android.dialer: DDC.oR@BIU
11-09 10:33:29.783  1428  1798 E VerityUtils: Failed to measure fs-verity, errno 1: /data/app/~~zsYWFPFxl4hA53TDMQ5z-g==/com.sqjuuzpr.ryxjuzs-g2iVywYeSXB4yFEf4Q7QMQ==/base.apk
11-09 10:33:29.789  1428  5535 D CompatibilityChangeReporter: Compat change id reported: 161252188; UID 10269; state: DISABLED
11-09 10:33:29.794  1428  4136 W BackupTransportManager: Package com.sqjuuzpr.ryxjuzs enabled setting: 0
11-09 10:33:29.808  1428  1669 W WindowMagnificationMgr: requestConnection duplicated request: connect=false, mConnectionState=DISCONNECTED
11-09 10:33:29.870  1428  4204 W BroadcastQueue: u0 Receiving a broadcast in packagecom.yoojar.zlsg.baidu requires a permissions review
11-09 10:33:29.870  1428  4204 W BroadcastQueue: Skipping delivery: permission review required for Intent { act=android.intent.action.PACKAGE_CHANGED dat=package: flg=0x5000010 (has extras) } from null (pid=1428, uid=1000) to com.yoojar.zlsg.baidu/com.duoku.platform.download.broadcast.AppMonitorReceiver
11-09 10:33:29.959  1428  5531 W AppOps  : setUidMode() called with a mode inconsistent with runtime permission state, this is discouraged and you should revoke the runtime permission instead: uid=10125, switchCode=0, mode=4, permission=android.permission.ACCESS_BACKGROUND_LOCATION
11-09 10:33:29.970  1428  1801 E PackageManager: ERROR: could not load root hash from incremental install
11-09 10:33:29.999  1428  1801 I PackageManager: Integrity check passed for file:///data/app/vmdl1367241553.tmp
11-09 10:33:30.134  1428  1654 V StorageManagerService: Package null has legacy storage
11-09 10:33:30.156  1428  5541 W AppOps  : setUidMode() called with a mode inconsistent with runtime permission state, this is discouraged and you should revoke the runtime permission instead: uid=10125, switchCode=1, mode=4, permission=android.permission.ACCESS_BACKGROUND_LOCATION
11-09 10:33:30.158  1428  4812 W AppOps  : setUidMode() called with a mode inconsistent with runtime permission state, this is discouraged and you should revoke the runtime permission instead: uid=10125, switchCode=0, mode=4, permission=android.permission.ACCESS_BACKGROUND_LOCATION
11-09 10:33:30.259  1428  5537 I ActivityManager: Background started FGS: Allowed [callingPackage: com.google.android.apps.wellbeing; callingUid: 10121; uidState: BFGS; intent: Intent { cmp=com.google.android.apps.wellbeing/com.google.apps.tiktok.concurrent.InternalForegroundService (has extras) }; code:BACKGROUND_ACTIVITY_PERMISSION; tempAllowListReason:<null>; targetSdkVersion:33; callerTargetSdkVersion:33; startForegroundCount:0; bindFromPackage:null]
11-09 10:33:30.464  1428  1428 I NotificationService: Cannot find enqueued record for key: 0|com.google.android.apps.wellbeing|174344743|null|10121
11-09 10:33:30.636  1428  1801 V BackupManagerService: [UserID:0] restoreAtInstall pkg=slam.cross.educate token=50 restoreSet=0
11-09 10:33:30.636  1428  1801 V BackupManagerService: [UserID:0] Finishing install immediately
11-09 10:33:30.641  1428  1801 D PackageInstallerSession: Marking session 1367241553 as applied
11-09 10:33:30.645  1428  1801 D CompatibilityChangeReporter: Compat change id reported: 168419799; UID 10270; state: DISABLED
11-09 10:33:30.645  1428  1801 D CompatibilityChangeReporter: Compat change id reported: 273564678; UID 10270; state: DISABLED
11-09 10:33:30.656  1428  1428 I Telecom : DefaultDialerCache: Refreshing default dialer for user 0: now com.google.android.dialer: DDC.oR@BIo
11-09 10:33:30.665  1428  1428 V BackupManagerConstants: getFullBackupIntervalMilliseconds(...) returns 86400000
11-09 10:33:30.665  1428  1428 V BackupManagerConstants: getFullBackupRequiredNetworkType(...) returns 2
11-09 10:33:30.666  1428  1428 V BackupManagerConstants: getFullBackupRequireCharging(...) returns true
11-09 10:33:30.672  1428  2923 W BroadcastQueue: u0 Receiving a broadcast in packagecom.jr.narutoii requires a permissions review
11-09 10:33:30.672  1428  2923 W BroadcastQueue: Skipping delivery: permission review required for Intent { act=android.intent.action.PACKAGE_ADDED dat=package: flg=0x4000010 (has extras) } from null (pid=1428, uid=1000) to com.jr.narutoii/com.joyriver.engine.proxy.EngineReceiver
11-09 10:33:30.677  1428  1672 W BroadcastQueue: u0 Receiving a broadcast in packagecom.android.buyer requires a permissions review
11-09 10:33:30.677  1428  1672 W BroadcastQueue: Skipping delivery: permission review required for Intent { act=android.intent.action.PACKAGE_ADDED dat=package: flg=0x4000010 (has extras) } from null (pid=1428, uid=1000) to com.android.buyer/.mRve
11-09 10:33:30.677  1428  1672 W BroadcastQueue: Background execution not allowed: receiving Intent { act=android.intent.action.PACKAGE_ADDED dat=package: flg=0x4000010 (has extras) } to com.google.android.packageinstaller/com.android.packageinstaller.PackageInstalledReceiver
11-09 10:33:30.677  1428  1672 W BroadcastQueue: Background execution not allowed: receiving Intent { act=android.intent.action.PACKAGE_ADDED dat=package: flg=0x4000010 (has extras) } to com.android.vending/com.google.android.finsky.packagemonitor.impl.PackageMonitorReceiverImpl$RegisteredReceiver
11-09 10:33:30.677  1428  1672 W BroadcastQueue: Background execution not allowed: receiving Intent { act=android.intent.action.PACKAGE_ADDED dat=package: flg=0x4000010 (has extras) } to com.android.vending/com.google.android.finsky.packagemonitor.backgroundimpl.BackgroundPackageMonitorReceiverImpl$RegisteredReceiver
