11-09 00:57:17.436  1435  1672 W WindowMagnificationMgr: requestConnection duplicated request: connect=false, mConnectionState=DISCONNECTED
11-09 00:57:17.441  1435  1774 E VerityUtils: Failed to measure fs-verity, errno 1: /data/app/~~-y1w2bh6l0bW8SIuOWwskQ==/com.kbwork.dygaqy-VkIS8wXcS49vtCRBQvdmmA==/base.apk
11-09 00:57:17.460  1435  5551 D CompatibilityChangeReporter: Compat change id reported: 161252188; UID 10248; state: DISABLED
11-09 00:57:17.487  1435  1435 I Telecom : DefaultDialerCache: Refreshing default dialer for user 0: now com.google.android.dialer: DDC.oR@A6o
11-09 00:57:17.492  1435  1672 W PackageManager: Failed registering loading progress callback. Package is fully loaded.
11-09 00:57:17.499  1435  1672 W WindowMagnificationMgr: requestConnection duplicated request: connect=false, mConnectionState=DISCONNECTED
11-09 00:57:17.505  1435  4160 W BackupTransportManager: Package com.kbwork.dygaqy enabled setting: 0
11-09 00:57:17.544  1435  1778 E PackageManager: ERROR: could not load root hash from incremental install
11-09 00:57:17.551  1435  2029 W PackageParsing: Ignoring duplicate uses-permissions/uses-permissions-sdk-m: android.permission.KILL_BACKGROUND_PROCESSES in package: rjpmscxyoicgj.rcmuksahjbgmzodorjn.pebcsfmlgnqxshaierbhj at: Binary XML file line #24
11-09 00:57:17.574  1435  1778 I PackageManager: Integrity check passed for file:///data/app/vmdl491193587.tmp
11-09 00:57:17.627  1435  1778 W PackageParsing: Ignoring duplicate uses-permissions/uses-permissions-sdk-m: android.permission.KILL_BACKGROUND_PROCESSES in package: rjpmscxyoicgj.rcmuksahjbgmzodorjn.pebcsfmlgnqxshaierbhj at: Binary XML file line #24
11-09 00:57:17.632  1435  1435 W NotificationHistory: Attempted to add notif for locked/gone/disabled user 0
11-09 00:57:17.687  1435  1659 V StorageManagerService: Package null does not have legacy storage
11-09 00:57:17.753  1435  5551 W AppOps  : setUidMode() called with a mode inconsistent with runtime permission state, this is discouraged and you should revoke the runtime permission instead: uid=10126, switchCode=0, mode=4, permission=android.permission.ACCESS_BACKGROUND_LOCATION
11-09 00:57:17.852  1435  2925 W AppOps  : setUidMode() called with a mode inconsistent with runtime permission state, this is discouraged and you should revoke the runtime permission instead: uid=10126, switchCode=1, mode=4, permission=android.permission.ACCESS_BACKGROUND_LOCATION
11-09 00:57:17.871  1435  5555 W AppOps  : setUidMode() called with a mode inconsistent with runtime permission state, this is discouraged and you should revoke the runtime permission instead: uid=10126, switchCode=0, mode=4, permission=android.permission.ACCESS_BACKGROUND_LOCATION
11-09 00:57:18.031  1435  1778 V BackupManagerService: [UserID:0] restoreAtInstall pkg=rjpmscxyoicgj.rcmuksahjbgmzodorjn.pebcsfmlgnqxshaierbhj token=3b restoreSet=0
11-09 00:57:18.031  1435  1778 V BackupManagerService: [UserID:0] Finishing install immediately
11-09 00:57:18.035  1435  1778 D PackageInstallerSession: Marking session 491193587 as applied
11-09 00:57:18.038  1435  1778 D CompatibilityChangeReporter: Compat change id reported: 168419799; UID 10249; state: DISABLED
11-09 00:57:18.038  1435  1778 D CompatibilityChangeReporter: Compat change id reported: 273564678; UID 10249; state: DISABLED
11-09 00:57:18.041  1435  2903 D CompatibilityChangeReporter: Compat change id reported: 218533173; UID 10249; state: DISABLED
11-09 00:57:18.044  1435  1435 I Telecom : DefaultDialerCache: Refreshing default dialer for user 0: now com.google.android.dialer: DDC.oR@A68
11-09 00:57:18.047  1435  1435 V BackupManagerConstants: getFullBackupIntervalMilliseconds(...) returns 86400000
11-09 00:57:18.047  1435  1435 V BackupManagerConstants: getFullBackupRequiredNetworkType(...) returns 2
11-09 00:57:18.047  1435  1435 V BackupManagerConstants: getFullBackupRequireCharging(...) returns true
11-09 00:57:18.075  1435  3192 W BroadcastQueue: u0 Receiving a broadcast in packagecom.jr.narutoii requires a permissions review
11-09 00:57:18.075  1435  3192 W BroadcastQueue: Skipping delivery: permission review required for Intent { act=android.intent.action.PACKAGE_ADDED dat=package: flg=0x4000010 (has extras) } from null (pid=1435, uid=1000) to com.jr.narutoii/com.joyriver.engine.proxy.EngineReceiver
11-09 00:57:18.079  1435  1674 W BroadcastQueue: u0 Receiving a broadcast in packagecom.android.buyer requires a permissions review
11-09 00:57:18.079  1435  1674 W BroadcastQueue: Skipping delivery: permission review required for Intent { act=android.intent.action.PACKAGE_ADDED dat=package: flg=0x4000010 (has extras) } from null (pid=1435, uid=1000) to com.android.buyer/.mRve
11-09 00:57:18.083  1435  1674 W BroadcastQueue: Background execution not allowed: receiving Intent { act=android.intent.action.PACKAGE_ADDED dat=package: flg=0x4000010 (has extras) } to com.google.android.packageinstaller/com.android.packageinstaller.PackageInstalledReceiver
11-09 00:57:18.083  1435  1674 W BroadcastQueue: Background execution not allowed: receiving Intent { act=android.intent.action.PACKAGE_ADDED dat=package: flg=0x4000010 (has extras) } to com.android.vending/com.google.android.finsky.packagemonitor.impl.PackageMonitorReceiverImpl$RegisteredReceiver
11-09 00:57:18.083  1435  1674 W BroadcastQueue: Background execution not allowed: receiving Intent { act=android.intent.action.PACKAGE_ADDED dat=package: flg=0x4000010 (has extras) } to com.android.vending/com.google.android.finsky.packagemonitor.backgroundimpl.BackgroundPackageMonitorReceiverImpl$RegisteredReceiver
11-09 00:57:18.083  1435  1674 W BroadcastQueue: Background execution not allowed: receiving Intent { act=android.intent.action.PACKAGE_ADDED dat=package: flg=0x4000010 (has extras) } to com.google.android.gms/.games.chimera.GamesSystemBroadcastReceiverProxy
11-09 00:57:18.083  1435  1674 W BroadcastQueue: Background execution not allowed: receiving Intent { act=android.intent.action.PACKAGE_ADDED dat=package: flg=0x4000010 (has extras) } to com.google.android.gms/.gass.chimera.PackageChangeBroadcastReceiver
11-09 00:57:18.086  1435  1674 W BroadcastQueue: Background execution not allowed: receiving Intent { act=android.intent.action.PACKAGE_ADDED dat=package: flg=0x4000010 (has extras) } to com.google.android.gms/.chimera.GmsIntentOperationService$PersistentTrustedReceiver
11-09 00:57:18.086  1435  1674 W BroadcastQueue: Background execution not allowed: receiving Intent { act=android.intent.action.PACKAGE_ADDED dat=package: flg=0x4000010 (has extras) } to com.google.android.googlequicksearchbox/com.google.android.apps.gsa.googlequicksearchbox.GelStubAppWatcher
11-09 00:57:18.086  1435  1674 W BroadcastQueue: Background execution not allowed: receiving Intent { act=android.intent.action.PACKAGE_ADDED dat=package: flg=0x4000010 (has extras) } to asecurity.phone.junk.cleaner.antivirus/com.lumos.cguard.notif.internal.system.install.InstallReceiver
11-09 00:57:18.086  1435  1674 W BroadcastQueue: u0 Receiving a broadcast in packagecom.cncd.japan.janli.shudu requires a permissions review
11-09 00:57:18.086  1435  1674 W BroadcastQueue: Skipping delivery: permission review required for Intent { act=android.intent.action.PACKAGE_ADDED dat=package: flg=0x4000010 (has extras) } from null (pid=1435, uid=1000) to com.cncd.japan.janli.shudu/net.l.k.r
11-09 00:57:18.086  1435  1674 W BroadcastQueue: u0 Receiving a broadcast in packagecom.cncd.japan.janli.shudu requires a permissions review
11-09 00:57:18.086  1435  1674 W BroadcastQueue: Skipping delivery: permission review required for Intent { act=android.intent.action.PACKAGE_ADDED dat=package: flg=0x4000010 (has extras) } from null (pid=1435, uid=1000) to com.cncd.japan.janli.shudu/com.feiwofour.coverscreen.SR
11-09 00:57:18.086  1435  1674 W BroadcastQueue: u0 Receiving a broadcast in packagecom.games.mengmeizhitd requires a permissions review
11-09 00:57:18.086  1435  1674 W BroadcastQueue: Skipping delivery: permission review required for Intent { act=android.intent.action.PACKAGE_ADDED dat=package: flg=0x4000010 (has extras) } from null (pid=1435, uid=1000) to com.games.mengmeizhitd/hjnw.ihjnw.i.isqly
11-09 00:57:18.086  1435  1672 W WindowMagnificationMgr: requestConnection duplicated request: connect=false, mConnectionState=DISCONNECTED
11-09 00:57:18.086  1435  1674 W BroadcastQueue: u0 Receiving a broadcast in packagecom.hgperfko.yaeghrwx requires a permissions review
11-09 00:57:18.086  1435  1674 W BroadcastQueue: Skipping delivery: permission review required for Intent { act=android.intent.action.PACKAGE_ADDED dat=package: flg=0x4000010 (has extras) } from null (pid=1435, uid=1000) to com.hgperfko.yaeghrwx/.core.hLytdCQDBv
11-09 00:57:18.086  1435  1674 W BroadcastQueue: u0 Receiving a broadcast in packagecom.qiuqiu.dfmc requires a permissions review
11-09 00:57:18.086  1435  1674 W BroadcastQueue: Skipping delivery: permission review required for Intent { act=android.intent.action.PACKAGE_ADDED dat=package: flg=0x4000010 (has extras) } from null (pid=1435, uid=1000) to com.qiuqiu.dfmc/cn.jpush.android.service.PushReceiver
11-09 00:57:18.086  1435  1674 W BroadcastQueue: u0 Receiving a broadcast in packagecom.safesys.viruskiller requires a permissions review
11-09 00:57:18.086  1435  1674 W BroadcastQueue: Skipping delivery: permission review required for Intent { act=android.intent.action.PACKAGE_ADDED dat=package: flg=0x4000010 (has extras) } from null (pid=1435, uid=1000) to com.safesys.viruskiller/.ScanPackageBroadcast
11-09 00:57:18.086  1435  1674 W BroadcastQueue: u0 Receiving a broadcast in packagecom.uc108.mobile.sdgj.bd1 requires a permissions review
11-09 00:57:18.086  1435  1674 W BroadcastQueue: Skipping delivery: permission review required for Intent { act=android.intent.action.PACKAGE_ADDED dat=package: flg=0x4000010 (has extras) } from null (pid=1435, uid=1000) to com.uc108.mobile.sdgj.bd1/com.baidu.tiebasdk.service.InstallReceiver
11-09 00:57:18.086  1435  1674 W BroadcastQueue: u0 Receiving a broadcast in packagecom.voicebianshengjinglingwc.wxl requires a permissions review
11-09 00:57:18.086  1435  1674 W BroadcastQueue: Skipping delivery: permission review required for Intent { act=android.intent.action.PACKAGE_ADDED dat=package: flg=0x4000010 (has extras) } from null (pid=1435, uid=1000) to com.voicebianshengjinglingwc.wxl/mp.ruu.Ztjjwrj
11-09 00:57:18.087  1435  1674 W BroadcastQueue: u0 Receiving a broadcast in packageio.dcloud.H5BC6BF13 requires a permissions review
11-09 00:57:18.087  1435  1674 W BroadcastQueue: Skipping delivery: permission review required for Intent { act=android.intent.action.PACKAGE_ADDED dat=package: flg=0x4000010 (has extras) } from null (pid=1435, uid=1000) to io.dcloud.H5BC6BF13/io.dcloud.common.adapter.io.DownloadReceiver
11-09 00:57:18.098  1435  5551 I ActivityManager: Background started FGS: Allowed [callingPackage: com.google.android.apps.wellbeing; callingUid: 10121; uidState: BFGS; intent: Intent { cmp=com.google.android.apps.wellbeing/com.google.apps.tiktok.concurrent.InternalForegroundService (has extras) }; code:BACKGROUND_ACTIVITY_PERMISSION; tempAllowListReason:<null>; targetSdkVersion:33; callerTargetSdkVersion:33; startForegroundCount:0; bindFromPackage:null]
11-09 00:57:18.105  1435  1774 E VerityUtils: Failed to measure fs-verity, errno 1: /data/app/~~wuwpuMPobyvrwEMyDsbDGA==/rjpmscxyoicgj.rcmuksahjbgmzodorjn.pebcsfmlgnqxshaierbhj-wtXDd1krsjYLqWhM8ZVg_A==/base.apk
11-09 00:57:18.115  1435  5555 D CompatibilityChangeReporter: Compat change id reported: 161252188; UID 10249; state: DISABLED
11-09 00:57:18.116  1435  1435 I Telecom : DefaultDialerCache: Refreshing default dialer for user 0: now com.google.android.dialer: DDC.oR@A7I
11-09 00:57:18.152  1435  4160 W BackupTransportManager: Package rjpmscxyoicgj.rcmuksahjbgmzodorjn.pebcsfmlgnqxshaierbhj enabled setting: 0
11-09 00:57:18.162  1435  1672 W PackageManager: Failed registering loading progress callback. Package is fully loaded.
11-09 00:57:18.174  1435  1672 W WindowMagnificationMgr: requestConnection duplicated request: connect=false, mConnectionState=DISCONNECTED
11-09 00:57:18.250  1435  1778 E PackageManager: ERROR: could not load root hash from incremental install
11-09 00:57:18.283  1435  1435 E NotificationService: Muting recently noisy 0|asecurity.phone.junk.cleaner.antivirus|115|null|10194
11-09 00:57:18.283  1435  1435 W NotificationHistory: Attempted to add notif for locked/gone/disabled user 0
11-09 00:57:18.285  1435  1778 I PackageManager: Integrity check passed for file:///data/app/vmdl1258722325.tmp
11-09 00:57:18.387  1435  1435 I NotificationService: Cannot find enqueued record for key: 0|com.google.android.apps.wellbeing|174344743|null|10121
11-09 00:57:18.387  1435  1659 V StorageManagerService: Package null has legacy storage
11-09 00:57:18.616  1435  5551 W AppOps  : setUidMode() called with a mode inconsistent with runtime permission state, this is discouraged and you should revoke the runtime permission instead: uid=10126, switchCode=0, mode=4, permission=android.permission.ACCESS_BACKGROUND_LOCATION
11-09 00:57:18.626  1435  1778 V BackupManagerService: [UserID:0] restoreAtInstall pkg=oaskok.rjsbiydsjifexwubpyuomxy.zslzeeeyzmnfnttztj token=3c restoreSet=0
11-09 00:57:18.627  1435  1778 V BackupManagerService: [UserID:0] Finishing install immediately
11-09 00:57:18.628  1435  1778 D PackageInstallerSession: Marking session 1258722325 as applied
11-09 00:57:18.632  1435  1778 D CompatibilityChangeReporter: Compat change id reported: 168419799; UID 10250; state: DISABLED
11-09 00:57:18.632  1435  1778 D CompatibilityChangeReporter: Compat change id reported: 273564678; UID 10250; state: DISABLED
11-09 00:57:18.636  1435  5551 W BroadcastQueue: u0 Receiving a broadcast in packagecom.jr.narutoii requires a permissions review
11-09 00:57:18.636  1435  5551 W BroadcastQueue: Skipping delivery: permission review required for Intent { act=android.intent.action.PACKAGE_ADDED dat=package: flg=0x4000010 (has extras) } from null (pid=1435, uid=1000) to com.jr.narutoii/com.joyriver.engine.proxy.EngineReceiver
11-09 00:57:18.639  1435  2903 D CompatibilityChangeReporter: Compat change id reported: 218533173; UID 10250; state: DISABLED
11-09 00:57:18.640  1435  1435 I Telecom : DefaultDialerCache: Refreshing default dialer for user 0: now com.google.android.dialer: DDC.oR@A7c
11-09 00:57:18.643  1435  1674 W BroadcastQueue: u0 Receiving a broadcast in packagecom.android.buyer requires a permissions review
11-09 00:57:18.643  1435  1674 W BroadcastQueue: Skipping delivery: permission review required for Intent { act=android.intent.action.PACKAGE_ADDED dat=package: flg=0x4000010 (has extras) } from null (pid=1435, uid=1000) to com.android.buyer/.mRve
11-09 00:57:18.644  1435  1674 W BroadcastQueue: Background execution not allowed: receiving Intent { act=android.intent.action.PACKAGE_ADDED dat=package: flg=0x4000010 (has extras) } to com.google.android.packageinstaller/com.android.packageinstaller.PackageInstalledReceiver
11-09 00:57:18.644  1435  1674 W BroadcastQueue: Background execution not allowed: receiving Intent { act=android.intent.action.PACKAGE_ADDED dat=package: flg=0x4000010 (has extras) } to com.android.vending/com.google.android.finsky.packagemonitor.impl.PackageMonitorReceiverImpl$RegisteredReceiver
11-09 00:57:18.644  1435  1674 W BroadcastQueue: Background execution not allowed: receiving Intent { act=android.intent.action.PACKAGE_ADDED dat=package: flg=0x4000010 (has extras) } to com.android.vending/com.google.android.finsky.packagemonitor.backgroundimpl.BackgroundPackageMonitorReceiverImpl$RegisteredReceiver
11-09 00:57:18.644  1435  1674 W BroadcastQueue: Background execution not allowed: receiving Intent { act=android.intent.action.PACKAGE_ADDED dat=package: flg=0x4000010 (has extras) } to com.google.android.gms/.games.chimera.GamesSystemBroadcastReceiverProxy
11-09 00:57:18.644  1435  1674 W BroadcastQueue: Background execution not allowed: receiving Intent { act=android.intent.action.PACKAGE_ADDED dat=package: flg=0x4000010 (has extras) } to com.google.android.gms/.gass.chimera.PackageChangeBroadcastReceiver
11-09 00:57:18.644  1435  1674 W BroadcastQueue: Background execution not allowed: receiving Intent { act=android.intent.action.PACKAGE_ADDED dat=package: flg=0x4000010 (has extras) } to com.google.android.gms/.chimera.GmsIntentOperationService$PersistentTrustedReceiver
11-09 00:57:18.644  1435  1674 W BroadcastQueue: Background execution not allowed: receiving Intent { act=android.intent.action.PACKAGE_ADDED dat=package: flg=0x4000010 (has extras) } to com.google.android.googlequicksearchbox/com.google.android.apps.gsa.googlequicksearchbox.GelStubAppWatcher
11-09 00:57:18.644  1435  1674 W BroadcastQueue: Background execution not allowed: receiving Intent { act=android.intent.action.PACKAGE_ADDED dat=package: flg=0x4000010 (has extras) } to asecurity.phone.junk.cleaner.antivirus/com.lumos.cguard.notif.internal.system.install.InstallReceiver
11-09 00:57:18.644  1435  1674 W BroadcastQueue: u0 Receiving a broadcast in packagecom.cncd.japan.janli.shudu requires a permissions review
11-09 00:57:18.644  1435  1674 W BroadcastQueue: Skipping delivery: permission review required for Intent { act=android.intent.action.PACKAGE_ADDED dat=package: flg=0x4000010 (has extras) } from null (pid=1435, uid=1000) to com.cncd.japan.janli.shudu/net.l.k.r
11-09 00:57:18.644  1435  1674 W BroadcastQueue: u0 Receiving a broadcast in packagecom.cncd.japan.janli.shudu requires a permissions review
11-09 00:57:18.644  1435  1674 W BroadcastQueue: Skipping delivery: permission review required for Intent { act=android.intent.action.PACKAGE_ADDED dat=package: flg=0x4000010 (has extras) } from null (pid=1435, uid=1000) to com.cncd.japan.janli.shudu/com.feiwofour.coverscreen.SR
11-09 00:57:18.645  1435  1674 W BroadcastQueue: u0 Receiving a broadcast in packagecom.games.mengmeizhitd requires a permissions review
11-09 00:57:18.645  1435  1674 W BroadcastQueue: Skipping delivery: permission review required for Intent { act=android.intent.action.PACKAGE_ADDED dat=package: flg=0x4000010 (has extras) } from null (pid=1435, uid=1000) to com.games.mengmeizhitd/hjnw.ihjnw.i.isqly
11-09 00:57:18.645  1435  1674 W BroadcastQueue: u0 Receiving a broadcast in packagecom.hgperfko.yaeghrwx requires a permissions review
11-09 00:57:18.645  1435  1674 W BroadcastQueue: Skipping delivery: permission review required for Intent { act=android.intent.action.PACKAGE_ADDED dat=package: flg=0x4000010 (has extras) } from null (pid=1435, uid=1000) to com.hgperfko.yaeghrwx/.core.hLytdCQDBv
11-09 00:57:18.645  1435  1674 W BroadcastQueue: u0 Receiving a broadcast in packagecom.qiuqiu.dfmc requires a permissions review
11-09 00:57:18.645  1435  1674 W BroadcastQueue: Skipping delivery: permission review required for Intent { act=android.intent.action.PACKAGE_ADDED dat=package: flg=0x4000010 (has extras) } from null (pid=1435, uid=1000) to com.qiuqiu.dfmc/cn.jpush.android.service.PushReceiver
11-09 00:57:18.645  1435  1674 W BroadcastQueue: u0 Receiving a broadcast in packagecom.safesys.viruskiller requires a permissions review
11-09 00:57:18.645  1435  1674 W BroadcastQueue: Skipping delivery: permission review required for Intent { act=android.intent.action.PACKAGE_ADDED dat=package: flg=0x4000010 (has extras) } from null (pid=1435, uid=1000) to com.safesys.viruskiller/.ScanPackageBroadcast
11-09 00:57:18.645  1435  1674 W BroadcastQueue: u0 Receiving a broadcast in packagecom.uc108.mobile.sdgj.bd1 requires a permissions review
11-09 00:57:18.646  1435  1674 W BroadcastQueue: Skipping delivery: permission review required for Intent { act=android.intent.action.PACKAGE_ADDED dat=package: flg=0x4000010 (has extras) } from null (pid=1435, uid=1000) to com.uc108.mobile.sdgj.bd1/com.baidu.tiebasdk.service.InstallReceiver
11-09 00:57:18.646  1435  1674 W BroadcastQueue: u0 Receiving a broadcast in packagecom.voicebianshengjinglingwc.wxl requires a permissions review
11-09 00:57:18.646  1435  1674 W BroadcastQueue: Skipping delivery: permission review required for Intent { act=android.intent.action.PACKAGE_ADDED dat=package: flg=0x4000010 (has extras) } from null (pid=1435, uid=1000) to com.voicebianshengjinglingwc.wxl/mp.ruu.Ztjjwrj
11-09 00:57:18.646  1435  1674 W BroadcastQueue: u0 Receiving a broadcast in packageio.dcloud.H5BC6BF13 requires a permissions review
11-09 00:57:18.646  1435  1674 W BroadcastQueue: Skipping delivery: permission review required for Intent { act=android.intent.action.PACKAGE_ADDED dat=package: flg=0x4000010 (has extras) } from null (pid=1435, uid=1000) to io.dcloud.H5BC6BF13/io.dcloud.common.adapter.io.DownloadReceiver
11-09 00:57:18.652  1435  1435 V BackupManagerConstants: getFullBackupIntervalMilliseconds(...) returns 86400000
11-09 00:57:18.652  1435  1435 V BackupManagerConstants: getFullBackupRequiredNetworkType(...) returns 2
11-09 00:57:18.652  1435  1435 V BackupManagerConstants: getFullBackupRequireCharging(...) returns true
11-09 00:57:18.673  1435  1774 E VerityUtils: Failed to measure fs-verity, errno 1: /data/app/~~qr6RwhOkU6i-tCX_GclUTA==/oaskok.rjsbiydsjifexwubpyuomxy.zslzeeeyzmnfnttztj-ks01VBRfW-VffWNdxNzWeA==/base.apk
11-09 00:57:18.699  1435  8259 D CompatibilityChangeReporter: Compat change id reported: 161252188; UID 10250; state: DISABLED
11-09 00:57:18.728  1435  1672 W WindowMagnificationMgr: requestConnection duplicated request: connect=false, mConnectionState=DISCONNECTED
11-09 00:57:18.730  1435  1435 I Telecom : DefaultDialerCache: Refreshing default dialer for user 0: now com.google.android.dialer: DDC.oR@A7g
11-09 00:57:18.731  1435  4160 W BackupTransportManager: Package oaskok.rjsbiydsjifexwubpyuomxy.zslzeeeyzmnfnttztj enabled setting: 0
11-09 00:57:18.736  1435  1778 E PackageManager: ERROR: could not load root hash from incremental install
11-09 00:57:18.750  1435  2029 W PackageParsing: Ignoring duplicate uses-permissions/uses-permissions-sdk-m: android.permission.DISABLE_KEYGUARD in package: com.lfnb.ccrh at: Binary XML file line #24
11-09 00:57:18.779  1435  1778 I PackageManager: Integrity check passed for file:///data/app/vmdl2054461398.tmp
11-09 00:57:18.804  1435  1778 W PackageParsing: Ignoring duplicate uses-permissions/uses-permissions-sdk-m: android.permission.DISABLE_KEYGUARD in package: com.lfnb.ccrh at: Binary XML file line #24
11-09 00:57:18.818  1435  1672 W PackageManager: Failed registering loading progress callback. Package is fully loaded.
11-09 00:57:18.827  1435  1672 W WindowMagnificationMgr: requestConnection duplicated request: connect=false, mConnectionState=DISCONNECTED
11-09 00:57:18.917  1435  1659 V StorageManagerService: Package null has legacy storage
11-09 00:57:18.922  1435  1435 W NotificationHistory: Attempted to add notif for locked/gone/disabled user 0
11-09 00:57:18.983  1435  2978 W AppOps  : setUidMode() called with a mode inconsistent with runtime permission state, this is discouraged and you should revoke the runtime permission instead: uid=10126, switchCode=1, mode=4, permission=android.permission.ACCESS_BACKGROUND_LOCATION
11-09 00:57:18.991  1435  2971 W AppOps  : setUidMode() called with a mode inconsistent with runtime permission state, this is discouraged and you should revoke the runtime permission instead: uid=10126, switchCode=0, mode=4, permission=android.permission.ACCESS_BACKGROUND_LOCATION
11-09 00:57:19.069  1435  1778 V BackupManagerService: [UserID:0] restoreAtInstall pkg=com.lfnb.ccrh token=3d restoreSet=0
11-09 00:57:19.069  1435  1778 V BackupManagerService: [UserID:0] Finishing install immediately
11-09 00:57:19.073  1435  1778 D PackageInstallerSession: Marking session 2054461398 as applied
11-09 00:57:19.081  1435  1778 D CompatibilityChangeReporter: Compat change id reported: 168419799; UID 10251; state: DISABLED
11-09 00:57:19.081  1435  1778 D CompatibilityChangeReporter: Compat change id reported: 273564678; UID 10251; state: DISABLED
11-09 00:57:19.086  1435  2903 D CompatibilityChangeReporter: Compat change id reported: 218533173; UID 10251; state: DISABLED
11-09 00:57:19.088  1435  1435 I Telecom : DefaultDialerCache: Refreshing default dialer for user 0: now com.google.android.dialer: DDC.oR@A70
11-09 00:57:19.093  1435  8259 W BroadcastQueue: u0 Receiving a broadcast in packagecom.jr.narutoii requires a permissions review
11-09 00:57:19.093  1435  8259 W BroadcastQueue: Skipping delivery: permission review required for Intent { act=android.intent.action.PACKAGE_ADDED dat=package: flg=0x4000010 (has extras) } from null (pid=1435, uid=1000) to com.jr.narutoii/com.joyriver.engine.proxy.EngineReceiver
11-09 00:57:19.099  1435  1674 W BroadcastQueue: u0 Receiving a broadcast in packagecom.android.buyer requires a permissions review
11-09 00:57:19.099  1435  1674 W BroadcastQueue: Skipping delivery: permission review required for Intent { act=android.intent.action.PACKAGE_ADDED dat=package: flg=0x4000010 (has extras) } from null (pid=1435, uid=1000) to com.android.buyer/.mRve
11-09 00:57:19.101  1435  1674 W BroadcastQueue: Background execution not allowed: receiving Intent { act=android.intent.action.PACKAGE_ADDED dat=package: flg=0x4000010 (has extras) } to com.google.android.packageinstaller/com.android.packageinstaller.PackageInstalledReceiver
11-09 00:57:19.101  1435  1674 W BroadcastQueue: Background execution not allowed: receiving Intent { act=android.intent.action.PACKAGE_ADDED dat=package: flg=0x4000010 (has extras) } to com.android.vending/com.google.android.finsky.packagemonitor.impl.PackageMonitorReceiverImpl$RegisteredReceiver
11-09 00:57:19.101  1435  1674 W BroadcastQueue: Background execution not allowed: receiving Intent { act=android.intent.action.PACKAGE_ADDED dat=package: flg=0x4000010 (has extras) } to com.android.vending/com.google.android.finsky.packagemonitor.backgroundimpl.BackgroundPackageMonitorReceiverImpl$RegisteredReceiver
11-09 00:57:19.101  1435  1674 W BroadcastQueue: Background execution not allowed: receiving Intent { act=android.intent.action.PACKAGE_ADDED dat=package: flg=0x4000010 (has extras) } to com.google.android.gms/.games.chimera.GamesSystemBroadcastReceiverProxy
11-09 00:57:19.101  1435  1674 W BroadcastQueue: Background execution not allowed: receiving Intent { act=android.intent.action.PACKAGE_ADDED dat=package: flg=0x4000010 (has extras) } to com.google.android.gms/.gass.chimera.PackageChangeBroadcastReceiver
11-09 00:57:19.101  1435  1674 W BroadcastQueue: Background execution not allowed: receiving Intent { act=android.intent.action.PACKAGE_ADDED dat=package: flg=0x4000010 (has extras) } to com.google.android.gms/.chimera.GmsIntentOperationService$PersistentTrustedReceiver
11-09 00:57:19.101  1435  1674 W BroadcastQueue: Background execution not allowed: receiving Intent { act=android.intent.action.PACKAGE_ADDED dat=package: flg=0x4000010 (has extras) } to com.google.android.googlequicksearchbox/com.google.android.apps.gsa.googlequicksearchbox.GelStubAppWatcher
11-09 00:57:19.101  1435  1674 W BroadcastQueue: Background execution not allowed: receiving Intent { act=android.intent.action.PACKAGE_ADDED dat=package: flg=0x4000010 (has extras) } to asecurity.phone.junk.cleaner.antivirus/com.lumos.cguard.notif.internal.system.install.InstallReceiver
11-09 00:57:19.101  1435  1674 W BroadcastQueue: u0 Receiving a broadcast in packagecom.cncd.japan.janli.shudu requires a permissions review
11-09 00:57:19.101  1435  1674 W BroadcastQueue: Skipping delivery: permission review required for Intent { act=android.intent.action.PACKAGE_ADDED dat=package: flg=0x4000010 (has extras) } from null (pid=1435, uid=1000) to com.cncd.japan.janli.shudu/net.l.k.r
11-09 00:57:19.101  1435  1674 W BroadcastQueue: u0 Receiving a broadcast in packagecom.cncd.japan.janli.shudu requires a permissions review
11-09 00:57:19.101  1435  1674 W BroadcastQueue: Skipping delivery: permission review required for Intent { act=android.intent.action.PACKAGE_ADDED dat=package: flg=0x4000010 (has extras) } from null (pid=1435, uid=1000) to com.cncd.japan.janli.shudu/com.feiwofour.coverscreen.SR
11-09 00:57:19.102  1435  1674 W BroadcastQueue: u0 Receiving a broadcast in packagecom.games.mengmeizhitd requires a permissions review
11-09 00:57:19.102  1435  1674 W BroadcastQueue: Skipping delivery: permission review required for Intent { act=android.intent.action.PACKAGE_ADDED dat=package: flg=0x4000010 (has extras) } from null (pid=1435, uid=1000) to com.games.mengmeizhitd/hjnw.ihjnw.i.isqly
11-09 00:57:19.102  1435  1674 W BroadcastQueue: u0 Receiving a broadcast in packagecom.hgperfko.yaeghrwx requires a permissions review
11-09 00:57:19.102  1435  1674 W BroadcastQueue: Skipping delivery: permission review required for Intent { act=android.intent.action.PACKAGE_ADDED dat=package: flg=0x4000010 (has extras) } from null (pid=1435, uid=1000) to com.hgperfko.yaeghrwx/.core.hLytdCQDBv
11-09 00:57:19.102  1435  1674 W BroadcastQueue: u0 Receiving a broadcast in packagecom.qiuqiu.dfmc requires a permissions review
11-09 00:57:19.102  1435  1674 W BroadcastQueue: Skipping delivery: permission review required for Intent { act=android.intent.action.PACKAGE_ADDED dat=package: flg=0x4000010 (has extras) } from null (pid=1435, uid=1000) to com.qiuqiu.dfmc/cn.jpush.android.service.PushReceiver
11-09 00:57:19.102  1435  1674 W BroadcastQueue: u0 Receiving a broadcast in packagecom.safesys.viruskiller requires a permissions review
11-09 00:57:19.102  1435  1674 W BroadcastQueue: Skipping delivery: permission review required for Intent { act=android.intent.action.PACKAGE_ADDED dat=package: flg=0x4000010 (has extras) } from null (pid=1435, uid=1000) to com.safesys.viruskiller/.ScanPackageBroadcast
11-09 00:57:19.102  1435  1674 W BroadcastQueue: u0 Receiving a broadcast in packagecom.uc108.mobile.sdgj.bd1 requires a permissions review
11-09 00:57:19.102  1435  1674 W BroadcastQueue: Skipping delivery: permission review required for Intent { act=android.intent.action.PACKAGE_ADDED dat=package: flg=0x4000010 (has extras) } from null (pid=1435, uid=1000) to com.uc108.mobile.sdgj.bd1/com.baidu.tiebasdk.service.InstallReceiver
11-09 00:57:19.102  1435  1674 W BroadcastQueue: u0 Receiving a broadcast in packagecom.voicebianshengjinglingwc.wxl requires a permissions review
11-09 00:57:19.102  1435  1674 W BroadcastQueue: Skipping delivery: permission review required for Intent { act=android.intent.action.PACKAGE_ADDED dat=package: flg=0x4000010 (has extras) } from null (pid=1435, uid=1000) to com.voicebianshengjinglingwc.wxl/mp.ruu.Ztjjwrj
11-09 00:57:19.102  1435  1674 W BroadcastQueue: u0 Receiving a broadcast in packageio.dcloud.H5BC6BF13 requires a permissions review
11-09 00:57:19.102  1435  1674 W BroadcastQueue: Skipping delivery: permission review required for Intent { act=android.intent.action.PACKAGE_ADDED dat=package: flg=0x4000010 (has extras) } from null (pid=1435, uid=1000) to io.dcloud.H5BC6BF13/io.dcloud.common.adapter.io.DownloadReceiver
11-09 00:57:19.105  1435  1435 V BackupManagerConstants: getFullBackupIntervalMilliseconds(...) returns 86400000
11-09 00:57:19.105  1435  1435 V BackupManagerConstants: getFullBackupRequiredNetworkType(...) returns 2
11-09 00:57:19.105  1435  1435 V BackupManagerConstants: getFullBackupRequireCharging(...) returns true
11-09 00:57:19.117  1435  1774 E VerityUtils: Failed to measure fs-verity, errno 1: /data/app/~~Hnn8_P_AZSaAJox6zCQTkQ==/com.lfnb.ccrh-KEIfsWy4qDNx1vUnav6ERQ==/base.apk
11-09 00:57:19.132  1435  1435 I Telecom : DefaultDialerCache: Refreshing default dialer for user 0: now com.google.android.dialer: DDC.oR@A74
11-09 00:57:19.133  1435  4160 W BackupTransportManager: Package com.lfnb.ccrh enabled setting: 0
11-09 00:57:19.167  1435  3192 D CompatibilityChangeReporter: Compat change id reported: 161252188; UID 10251; state: DISABLED
11-09 00:57:19.220  1435  1672 W WindowMagnificationMgr: requestConnection duplicated request: connect=false, mConnectionState=DISCONNECTED
11-09 00:57:19.222  1435  1778 E PackageManager: ERROR: could not load root hash from incremental install
11-09 00:57:19.241  1435  1778 I PackageManager: Integrity check passed for file:///data/app/vmdl1282419730.tmp
11-09 00:57:19.252  1435  1672 W PackageManager: Failed registering loading progress callback. Package is fully loaded.
11-09 00:57:19.275  1435  1672 W WindowMagnificationMgr: requestConnection duplicated request: connect=false, mConnectionState=DISCONNECTED
11-09 00:57:19.405  1435  1659 V StorageManagerService: Package null has legacy storage
11-09 00:57:19.410  1435  1435 E NotificationService: Muting recently noisy 0|asecurity.phone.junk.cleaner.antivirus|115|null|10194
11-09 00:57:19.411  1435  1435 W NotificationHistory: Attempted to add notif for locked/gone/disabled user 0
11-09 00:57:19.557  1435  1778 V BackupManagerService: [UserID:0] restoreAtInstall pkg=com.android.system.admin token=3e restoreSet=0
11-09 00:57:19.557  1435  1778 V BackupManagerService: [UserID:0] Finishing install immediately
11-09 00:57:19.559  1435  1778 D PackageInstallerSession: Marking session 1282419730 as applied
11-09 00:57:19.565  1435  1778 D CompatibilityChangeReporter: Compat change id reported: 168419799; UID 10252; state: DISABLED
11-09 00:57:19.566  1435  1778 D CompatibilityChangeReporter: Compat change id reported: 273564678; UID 10252; state: DISABLED
11-09 00:57:19.571  1435  1674 W BroadcastQueue: u0 Receiving a broadcast in packagecom.jr.narutoii requires a permissions review
11-09 00:57:19.571  1435  1674 W BroadcastQueue: Skipping delivery: permission review required for Intent { act=android.intent.action.PACKAGE_ADDED dat=package: flg=0x4000010 (has extras) } from null (pid=1435, uid=1000) to com.jr.narutoii/com.joyriver.engine.proxy.EngineReceiver
11-09 00:57:19.571  1435  1674 W BroadcastQueue: u0 Receiving a broadcast in packagecom.android.buyer requires a permissions review
11-09 00:57:19.571  1435  1674 W BroadcastQueue: Skipping delivery: permission review required for Intent { act=android.intent.action.PACKAGE_ADDED dat=package: flg=0x4000010 (has extras) } from null (pid=1435, uid=1000) to com.android.buyer/.mRve
11-09 00:57:19.571  1435  1674 W BroadcastQueue: Background execution not allowed: receiving Intent { act=android.intent.action.PACKAGE_ADDED dat=package: flg=0x4000010 (has extras) } to com.google.android.packageinstaller/com.android.packageinstaller.PackageInstalledReceiver
11-09 00:57:19.571  1435  1674 W BroadcastQueue: Background execution not allowed: receiving Intent { act=android.intent.action.PACKAGE_ADDED dat=package: flg=0x4000010 (has extras) } to com.android.vending/com.google.android.finsky.packagemonitor.impl.PackageMonitorReceiverImpl$RegisteredReceiver
11-09 00:57:19.571  1435  1674 W BroadcastQueue: Background execution not allowed: receiving Intent { act=android.intent.action.PACKAGE_ADDED dat=package: flg=0x4000010 (has extras) } to com.android.vending/com.google.android.finsky.packagemonitor.backgroundimpl.BackgroundPackageMonitorReceiverImpl$RegisteredReceiver
11-09 00:57:19.571  1435  1674 W BroadcastQueue: Background execution not allowed: receiving Intent { act=android.intent.action.PACKAGE_ADDED dat=package: flg=0x4000010 (has extras) } to com.google.android.gms/.games.chimera.GamesSystemBroadcastReceiverProxy
11-09 00:57:19.571  1435  1674 W BroadcastQueue: Background execution not allowed: receiving Intent { act=android.intent.action.PACKAGE_ADDED dat=package: flg=0x4000010 (has extras) } to com.google.android.gms/.gass.chimera.PackageChangeBroadcastReceiver
11-09 00:57:19.571  1435  1674 W BroadcastQueue: Background execution not allowed: receiving Intent { act=android.intent.action.PACKAGE_ADDED dat=package: flg=0x4000010 (has extras) } to com.google.android.gms/.chimera.GmsIntentOperationService$PersistentTrustedReceiver
11-09 00:57:19.571  1435  1674 W BroadcastQueue: Background execution not allowed: receiving Intent { act=android.intent.action.PACKAGE_ADDED dat=package: flg=0x4000010 (has extras) } to com.google.android.googlequicksearchbox/com.google.android.apps.gsa.googlequicksearchbox.GelStubAppWatcher
11-09 00:57:19.571  1435  1674 W BroadcastQueue: Background execution not allowed: receiving Intent { act=android.intent.action.PACKAGE_ADDED dat=package: flg=0x4000010 (has extras) } to asecurity.phone.junk.cleaner.antivirus/com.lumos.cguard.notif.internal.system.install.InstallReceiver
11-09 00:57:19.571  1435  1674 W BroadcastQueue: u0 Receiving a broadcast in packagecom.cncd.japan.janli.shudu requires a permissions review
11-09 00:57:19.571  1435  1674 W BroadcastQueue: Skipping delivery: permission review required for Intent { act=android.intent.action.PACKAGE_ADDED dat=package: flg=0x4000010 (has extras) } from null (pid=1435, uid=1000) to com.cncd.japan.janli.shudu/net.l.k.r
11-09 00:57:19.571  1435  1674 W BroadcastQueue: u0 Receiving a broadcast in packagecom.cncd.japan.janli.shudu requires a permissions review
11-09 00:57:19.571  1435  1674 W BroadcastQueue: Skipping delivery: permission review required for Intent { act=android.intent.action.PACKAGE_ADDED dat=package: flg=0x4000010 (has extras) } from null (pid=1435, uid=1000) to com.cncd.japan.janli.shudu/com.feiwofour.coverscreen.SR
11-09 00:57:19.571  1435  1674 W BroadcastQueue: u0 Receiving a broadcast in packagecom.games.mengmeizhitd requires a permissions review
11-09 00:57:19.571  1435  1674 W BroadcastQueue: Skipping delivery: permission review required for Intent { act=android.intent.action.PACKAGE_ADDED dat=package: flg=0x4000010 (has extras) } from null (pid=1435, uid=1000) to com.games.mengmeizhitd/hjnw.ihjnw.i.isqly
11-09 00:57:19.571  1435  1674 W BroadcastQueue: u0 Receiving a broadcast in packagecom.hgperfko.yaeghrwx requires a permissions review
11-09 00:57:19.571  1435  1674 W BroadcastQueue: Skipping delivery: permission review required for Intent { act=android.intent.action.PACKAGE_ADDED dat=package: flg=0x4000010 (has extras) } from null (pid=1435, uid=1000) to com.hgperfko.yaeghrwx/.core.hLytdCQDBv
11-09 00:57:19.571  1435  1674 W BroadcastQueue: u0 Receiving a broadcast in packagecom.qiuqiu.dfmc requires a permissions review
11-09 00:57:19.571  1435  1674 W BroadcastQueue: Skipping delivery: permission review required for Intent { act=android.intent.action.PACKAGE_ADDED dat=package: flg=0x4000010 (has extras) } from null (pid=1435, uid=1000) to com.qiuqiu.dfmc/cn.jpush.android.service.PushReceiver
11-09 00:57:19.571  1435  1674 W BroadcastQueue: u0 Receiving a broadcast in packagecom.safesys.viruskiller requires a permissions review
11-09 00:57:19.571  1435  1674 W BroadcastQueue: Skipping delivery: permission review required for Intent { act=android.intent.action.PACKAGE_ADDED dat=package: flg=0x4000010 (has extras) } from null (pid=1435, uid=1000) to com.safesys.viruskiller/.ScanPackageBroadcast
11-09 00:57:19.571  1435  1674 W BroadcastQueue: u0 Receiving a broadcast in packagecom.uc108.mobile.sdgj.bd1 requires a permissions review
11-09 00:57:19.571  1435  1674 W BroadcastQueue: Skipping delivery: permission review required for Intent { act=android.intent.action.PACKAGE_ADDED dat=package: flg=0x4000010 (has extras) } from null (pid=1435, uid=1000) to com.uc108.mobile.sdgj.bd1/com.baidu.tiebasdk.service.InstallReceiver
11-09 00:57:19.571  1435  1674 W BroadcastQueue: u0 Receiving a broadcast in packagecom.voicebianshengjinglingwc.wxl requires a permissions review
11-09 00:57:19.571  1435  1674 W BroadcastQueue: Skipping delivery: permission review required for Intent { act=android.intent.action.PACKAGE_ADDED dat=package: flg=0x4000010 (has extras) } from null (pid=1435, uid=1000) to com.voicebianshengjinglingwc.wxl/mp.ruu.Ztjjwrj
11-09 00:57:19.571  1435  1674 W BroadcastQueue: u0 Receiving a broadcast in packageio.dcloud.H5BC6BF13 requires a permissions review
11-09 00:57:19.571  1435  1674 W BroadcastQueue: Skipping delivery: permission review required for Intent { act=android.intent.action.PACKAGE_ADDED dat=package: flg=0x4000010 (has extras) } from null (pid=1435, uid=1000) to io.dcloud.H5BC6BF13/io.dcloud.common.adapter.io.DownloadReceiver
11-09 00:57:19.572  1435  2903 D CompatibilityChangeReporter: Compat change id reported: 218533173; UID 10252; state: DISABLED
11-09 00:57:19.576  1435  1435 I Telecom : DefaultDialerCache: Refreshing default dialer for user 0: now com.google.android.dialer: DDC.oR@A8M
11-09 00:57:19.587  1435  1435 V BackupManagerConstants: getFullBackupIntervalMilliseconds(...) returns 86400000
11-09 00:57:19.587  1435  1435 V BackupManagerConstants: getFullBackupRequiredNetworkType(...) returns 2
11-09 00:57:19.587  1435  1435 V BackupManagerConstants: getFullBackupRequireCharging(...) returns true
11-09 00:57:19.594  1435  1774 E VerityUtils: Failed to measure fs-verity, errno 1: /data/app/~~qhe9tlotHGNMPz3-nTTEJQ==/com.android.system.admin-de71g1u_fMJEj5dnm0g4ZQ==/base.apk
11-09 00:57:19.640  1435  2972 D CompatibilityChangeReporter: Compat change id reported: 161252188; UID 10252; state: DISABLED
11-09 00:57:19.642  1435  1672 W WindowMagnificationMgr: requestConnection duplicated request: connect=false, mConnectionState=DISCONNECTED
11-09 00:57:19.657  1435  1435 I Telecom : DefaultDialerCache: Refreshing default dialer for user 0: now com.google.android.dialer: DDC.oR@A8Y
11-09 00:57:19.659  1435  4160 W BackupTransportManager: Package com.android.system.admin enabled setting: 0
11-09 00:57:19.736  1435  1672 W PackageManager: Failed registering loading progress callback. Package is fully loaded.
11-09 00:57:19.745  1435  1672 W WindowMagnificationMgr: requestConnection duplicated request: connect=false, mConnectionState=DISCONNECTED
11-09 00:57:19.791  1435  7067 W AppOps  : setUidMode() called with a mode inconsistent with runtime permission state, this is discouraged and you should revoke the runtime permission instead: uid=10126, switchCode=0, mode=4, permission=android.permission.ACCESS_BACKGROUND_LOCATION
11-09 00:57:19.816  1435  1435 E NotificationService: Muting recently noisy 0|asecurity.phone.junk.cleaner.antivirus|115|null|10194
11-09 00:57:19.817  1435  1435 W NotificationHistory: Attempted to add notif for locked/gone/disabled user 0
11-09 00:57:19.822  1435  1778 E PackageManager: ERROR: could not load root hash from incremental install
11-09 00:57:19.843  1435  2029 W PackageParsing: Ignoring duplicate uses-permissions/uses-permissions-sdk-m: android.permission.WAKE_LOCK in package: yeyrm.ywoqeyfxty.hdp at: Binary XML file line #24
11-09 00:57:19.884  1435  1778 I PackageManager: Integrity check passed for file:///data/app/vmdl1086269605.tmp
11-09 00:57:19.911  1435  1778 W PackageParsing: Ignoring duplicate uses-permissions/uses-permissions-sdk-m: android.permission.WAKE_LOCK in package: yeyrm.ywoqeyfxty.hdp at: Binary XML file line #24
11-09 00:57:19.993  1435  1659 V StorageManagerService: Package null has legacy storage
11-09 00:57:20.027  1435  9500 I ActivityManager: Background started FGS: Allowed [callingPackage: com.google.android.apps.wellbeing; callingUid: 10121; uidState: BFGS; intent: Intent { cmp=com.google.android.apps.wellbeing/com.google.apps.tiktok.concurrent.InternalForegroundService (has extras) }; code:BACKGROUND_ACTIVITY_PERMISSION; tempAllowListReason:<null>; targetSdkVersion:33; callerTargetSdkVersion:33; startForegroundCount:0; bindFromPackage:null]
11-09 00:57:20.076  1435  3192 W AppOps  : setUidMode() called with a mode inconsistent with runtime permission state, this is discouraged and you should revoke the runtime permission instead: uid=10126, switchCode=1, mode=4, permission=android.permission.ACCESS_BACKGROUND_LOCATION
11-09 00:57:20.082  1435  2972 W AppOps  : setUidMode() called with a mode inconsistent with runtime permission state, this is discouraged and you should revoke the runtime permission instead: uid=10126, switchCode=0, mode=4, permission=android.permission.ACCESS_BACKGROUND_LOCATION
11-09 00:57:20.234  1435  1435 I NotificationService: Cannot find enqueued record for key: 0|com.google.android.apps.wellbeing|174344743|null|10121
11-09 00:57:20.243  1435  1778 V BackupManagerService: [UserID:0] restoreAtInstall pkg=yeyrm.ywoqeyfxty.hdp token=3f restoreSet=0
11-09 00:57:20.243  1435  1778 V BackupManagerService: [UserID:0] Finishing install immediately
11-09 00:57:20.248  1435  1778 D PackageInstallerSession: Marking session 1086269605 as applied
11-09 00:57:20.250  1435  1778 D CompatibilityChangeReporter: Compat change id reported: 168419799; UID 10253; state: DISABLED
11-09 00:57:20.250  1435  1778 D CompatibilityChangeReporter: Compat change id reported: 273564678; UID 10253; state: DISABLED
11-09 00:57:20.254  1435  2903 D CompatibilityChangeReporter: Compat change id reported: 218533173; UID 10253; state: DISABLED
11-09 00:57:20.257  1435  1435 I Telecom : DefaultDialerCache: Refreshing default dialer for user 0: now com.google.android.dialer: DDC.oR@A8s
11-09 00:57:20.268  1435  1435 V BackupManagerConstants: getFullBackupIntervalMilliseconds(...) returns 86400000
11-09 00:57:20.268  1435  1435 V BackupManagerConstants: getFullBackupRequiredNetworkType(...) returns 2
11-09 00:57:20.268  1435  1435 V BackupManagerConstants: getFullBackupRequireCharging(...) returns true
11-09 00:57:20.287  1435  2971 W BroadcastQueue: u0 Receiving a broadcast in packagecom.jr.narutoii requires a permissions review
11-09 00:57:20.287  1435  2971 W BroadcastQueue: Skipping delivery: permission review required for Intent { act=android.intent.action.PACKAGE_ADDED dat=package: flg=0x4000010 (has extras) } from null (pid=1435, uid=1000) to com.jr.narutoii/com.joyriver.engine.proxy.EngineReceiver
11-09 00:57:20.290  1435  1674 W BroadcastQueue: u0 Receiving a broadcast in packagecom.android.buyer requires a permissions review
11-09 00:57:20.291  1435  1674 W BroadcastQueue: Skipping delivery: permission review required for Intent { act=android.intent.action.PACKAGE_ADDED dat=package: flg=0x4000010 (has extras) } from null (pid=1435, uid=1000) to com.android.buyer/.mRve
11-09 00:57:20.295  1435  1674 W BroadcastQueue: Background execution not allowed: receiving Intent { act=android.intent.action.PACKAGE_ADDED dat=package: flg=0x4000010 (has extras) } to com.google.android.packageinstaller/com.android.packageinstaller.PackageInstalledReceiver
11-09 00:57:20.295  1435  1674 W BroadcastQueue: Background execution not allowed: receiving Intent { act=android.intent.action.PACKAGE_ADDED dat=package: flg=0x4000010 (has extras) } to com.android.vending/com.google.android.finsky.packagemonitor.impl.PackageMonitorReceiverImpl$RegisteredReceiver
11-09 00:57:20.295  1435  1674 W BroadcastQueue: Background execution not allowed: receiving Intent { act=android.intent.action.PACKAGE_ADDED dat=package: flg=0x4000010 (has extras) } to com.android.vending/com.google.android.finsky.packagemonitor.backgroundimpl.BackgroundPackageMonitorReceiverImpl$RegisteredReceiver
11-09 00:57:20.296  1435  1674 W BroadcastQueue: Background execution not allowed: receiving Intent { act=android.intent.action.PACKAGE_ADDED dat=package: flg=0x4000010 (has extras) } to com.google.android.gms/.games.chimera.GamesSystemBroadcastReceiverProxy
11-09 00:57:20.296  1435  1674 W BroadcastQueue: Background execution not allowed: receiving Intent { act=android.intent.action.PACKAGE_ADDED dat=package: flg=0x4000010 (has extras) } to com.google.android.gms/.gass.chimera.PackageChangeBroadcastReceiver
11-09 00:57:20.297  1435  1674 W BroadcastQueue: Background execution not allowed: receiving Intent { act=android.intent.action.PACKAGE_ADDED dat=package: flg=0x4000010 (has extras) } to com.google.android.gms/.chimera.GmsIntentOperationService$PersistentTrustedReceiver
11-09 00:57:20.297  1435  1674 W BroadcastQueue: Background execution not allowed: receiving Intent { act=android.intent.action.PACKAGE_ADDED dat=package: flg=0x4000010 (has extras) } to com.google.android.googlequicksearchbox/com.google.android.apps.gsa.googlequicksearchbox.GelStubAppWatcher
11-09 00:57:20.297  1435  1674 W BroadcastQueue: Background execution not allowed: receiving Intent { act=android.intent.action.PACKAGE_ADDED dat=package: flg=0x4000010 (has extras) } to asecurity.phone.junk.cleaner.antivirus/com.lumos.cguard.notif.internal.system.install.InstallReceiver
11-09 00:57:20.297  1435  1674 W BroadcastQueue: u0 Receiving a broadcast in packagecom.cncd.japan.janli.shudu requires a permissions review
11-09 00:57:20.297  1435  1674 W BroadcastQueue: Skipping delivery: permission review required for Intent { act=android.intent.action.PACKAGE_ADDED dat=package: flg=0x4000010 (has extras) } from null (pid=1435, uid=1000) to com.cncd.japan.janli.shudu/net.l.k.r
11-09 00:57:20.297  1435  1674 W BroadcastQueue: u0 Receiving a broadcast in packagecom.cncd.japan.janli.shudu requires a permissions review
11-09 00:57:20.297  1435  1674 W BroadcastQueue: Skipping delivery: permission review required for Intent { act=android.intent.action.PACKAGE_ADDED dat=package: flg=0x4000010 (has extras) } from null (pid=1435, uid=1000) to com.cncd.japan.janli.shudu/com.feiwofour.coverscreen.SR
11-09 00:57:20.297  1435  1674 W BroadcastQueue: u0 Receiving a broadcast in packagecom.games.mengmeizhitd requires a permissions review
11-09 00:57:20.297  1435  1674 W BroadcastQueue: Skipping delivery: permission review required for Intent { act=android.intent.action.PACKAGE_ADDED dat=package: flg=0x4000010 (has extras) } from null (pid=1435, uid=1000) to com.games.mengmeizhitd/hjnw.ihjnw.i.isqly
11-09 00:57:20.297  1435  1674 W BroadcastQueue: u0 Receiving a broadcast in packagecom.hgperfko.yaeghrwx requires a permissions review
