11-09 00:57:22.962  1435  1674 W BroadcastQueue: Background execution not allowed: receiving Intent { act=android.intent.action.PACKAGE_ADDED dat=package: flg=0x4000010 (has extras) } to com.android.vending/com.google.android.finsky.packagemonitor.backgroundimpl.BackgroundPackageMonitorReceiverImpl$RegisteredReceiver
11-09 00:57:22.962  1435  1674 W BroadcastQueue: Background execution not allowed: receiving Intent { act=android.intent.action.PACKAGE_ADDED dat=package: flg=0x4000010 (has extras) } to com.google.android.gms/.games.chimera.GamesSystemBroadcastReceiverProxy
11-09 00:57:22.962  1435  1674 W BroadcastQueue: Background execution not allowed: receiving Intent { act=android.intent.action.PACKAGE_ADDED dat=package: flg=0x4000010 (has extras) } to com.google.android.gms/.gass.chimera.PackageChangeBroadcastReceiver
11-09 00:57:22.962  1435  1674 W BroadcastQueue: Background execution not allowed: receiving Intent { act=android.intent.action.PACKAGE_ADDED dat=package: flg=0x4000010 (has extras) } to com.google.android.gms/.chimera.GmsIntentOperationService$PersistentTrustedReceiver
11-09 00:57:22.962  1435  1674 W BroadcastQueue: Background execution not allowed: receiving Intent { act=android.intent.action.PACKAGE_ADDED dat=package: flg=0x4000010 (has extras) } to com.google.android.googlequicksearchbox/com.google.android.apps.gsa.googlequicksearchbox.GelStubAppWatcher
11-09 00:57:22.962  1435  1674 W BroadcastQueue: Background execution not allowed: receiving Intent { act=android.intent.action.PACKAGE_ADDED dat=package: flg=0x4000010 (has extras) } to asecurity.phone.junk.cleaner.antivirus/com.lumos.cguard.notif.internal.system.install.InstallReceiver
11-09 00:57:22.962  1435  1674 W BroadcastQueue: u0 Receiving a broadcast in packagecom.cncd.japan.janli.shudu requires a permissions review
11-09 00:57:22.962  1435  1674 W BroadcastQueue: Skipping delivery: permission review required for Intent { act=android.intent.action.PACKAGE_ADDED dat=package: flg=0x4000010 (has extras) } from null (pid=1435, uid=1000) to com.cncd.japan.janli.shudu/net.l.k.r
11-09 00:57:22.962  1435  1674 W BroadcastQueue: u0 Receiving a broadcast in packagecom.cncd.japan.janli.shudu requires a permissions review
11-09 00:57:22.962  1435  1674 W BroadcastQueue: Skipping delivery: permission review required for Intent { act=android.intent.action.PACKAGE_ADDED dat=package: flg=0x4000010 (has extras) } from null (pid=1435, uid=1000) to com.cncd.japan.janli.shudu/com.feiwofour.coverscreen.SR
11-09 00:57:22.962  1435  1674 W BroadcastQueue: u0 Receiving a broadcast in packagecom.games.mengmeizhitd requires a permissions review
11-09 00:57:22.962  1435  1674 W BroadcastQueue: Skipping delivery: permission review required for Intent { act=android.intent.action.PACKAGE_ADDED dat=package: flg=0x4000010 (has extras) } from null (pid=1435, uid=1000) to com.games.mengmeizhitd/hjnw.ihjnw.i.isqly
11-09 00:57:22.962  1435  1674 W BroadcastQueue: u0 Receiving a broadcast in packagecom.hgperfko.yaeghrwx requires a permissions review
11-09 00:57:22.962  1435  1674 W BroadcastQueue: Skipping delivery: permission review required for Intent { act=android.intent.action.PACKAGE_ADDED dat=package: flg=0x4000010 (has extras) } from null (pid=1435, uid=1000) to com.hgperfko.yaeghrwx/.core.hLytdCQDBv
11-09 00:57:22.962  1435  1674 W BroadcastQueue: u0 Receiving a broadcast in packagecom.qiuqiu.dfmc requires a permissions review
11-09 00:57:22.962  1435  1674 W BroadcastQueue: Skipping delivery: permission review required for Intent { act=android.intent.action.PACKAGE_ADDED dat=package: flg=0x4000010 (has extras) } from null (pid=1435, uid=1000) to com.qiuqiu.dfmc/cn.jpush.android.service.PushReceiver
11-09 00:57:22.962  1435  1674 W BroadcastQueue: u0 Receiving a broadcast in packagecom.safesys.viruskiller requires a permissions review
11-09 00:57:22.962  1435  1674 W BroadcastQueue: Skipping delivery: permission review required for Intent { act=android.intent.action.PACKAGE_ADDED dat=package: flg=0x4000010 (has extras) } from null (pid=1435, uid=1000) to com.safesys.viruskiller/.ScanPackageBroadcast
11-09 00:57:22.962  1435  1674 W BroadcastQueue: u0 Receiving a broadcast in packagecom.uc108.mobile.sdgj.bd1 requires a permissions review
11-09 00:57:22.962  1435  1674 W BroadcastQueue: Skipping delivery: permission review required for Intent { act=android.intent.action.PACKAGE_ADDED dat=package: flg=0x4000010 (has extras) } from null (pid=1435, uid=1000) to com.uc108.mobile.sdgj.bd1/com.baidu.tiebasdk.service.InstallReceiver
11-09 00:57:22.962  1435  1674 W BroadcastQueue: u0 Receiving a broadcast in packagecom.voicebianshengjinglingwc.wxl requires a permissions review
11-09 00:57:22.962  1435  1674 W BroadcastQueue: Skipping delivery: permission review required for Intent { act=android.intent.action.PACKAGE_ADDED dat=package: flg=0x4000010 (has extras) } from null (pid=1435, uid=1000) to com.voicebianshengjinglingwc.wxl/mp.ruu.Ztjjwrj
11-09 00:57:22.962  1435  1674 W BroadcastQueue: u0 Receiving a broadcast in packageio.dcloud.H5BC6BF13 requires a permissions review
11-09 00:57:22.962  1435  1674 W BroadcastQueue: Skipping delivery: permission review required for Intent { act=android.intent.action.PACKAGE_ADDED dat=package: flg=0x4000010 (has extras) } from null (pid=1435, uid=1000) to io.dcloud.H5BC6BF13/io.dcloud.common.adapter.io.DownloadReceiver
11-09 00:57:22.964  1435  1435 I Telecom : DefaultDialerCache: Refreshing default dialer for user 0: now com.google.android.dialer: DDC.oR@A/A
11-09 00:57:22.974  1435  1435 V BackupManagerConstants: getFullBackupIntervalMilliseconds(...) returns 86400000
11-09 00:57:22.974  1435  1435 V BackupManagerConstants: getFullBackupRequiredNetworkType(...) returns 2
11-09 00:57:22.974  1435  1435 V BackupManagerConstants: getFullBackupRequireCharging(...) returns true
11-09 00:57:23.003  1435  1435 I Telecom : DefaultDialerCache: Refreshing default dialer for user 0: now com.google.android.dialer: DDC.oR@A/E
11-09 00:57:23.009  1435  1774 E VerityUtils: Failed to measure fs-verity, errno 1: /data/app/~~VMlSJJa7LExd-9nRdYSLRw==/com.evilsunflower.reader.evilYufang15-VKnBcqhjuX1G1UW84Se_cQ==/base.apk
11-09 00:57:23.022  1435  1672 W WindowMagnificationMgr: requestConnection duplicated request: connect=false, mConnectionState=DISCONNECTED
11-09 00:57:23.043  1435  9190 D CompatibilityChangeReporter: Compat change id reported: 161252188; UID 10258; state: DISABLED
11-09 00:57:23.045  1435  4160 W BackupTransportManager: Package com.evilsunflower.reader.evilYufang15 enabled setting: 0
11-09 00:57:23.081  1435  1672 W PackageManager: Failed registering loading progress callback. Package is fully loaded.
11-09 00:57:23.090  1435  1672 W WindowMagnificationMgr: requestConnection duplicated request: connect=false, mConnectionState=DISCONNECTED
11-09 00:57:23.182  1435  1435 W NotificationHistory: Attempted to add notif for locked/gone/disabled user 0
11-09 00:57:23.359  1435  1778 E PackageManager: ERROR: could not load root hash from incremental install
11-09 00:57:23.383  1435  6970 I ActivityManager: Background started FGS: Allowed [callingPackage: com.google.android.apps.wellbeing; callingUid: 10121; uidState: BFGS; intent: Intent { cmp=com.google.android.apps.wellbeing/com.google.apps.tiktok.concurrent.InternalForegroundService (has extras) }; code:BACKGROUND_ACTIVITY_PERMISSION; tempAllowListReason:<null>; targetSdkVersion:33; callerTargetSdkVersion:33; startForegroundCount:0; bindFromPackage:null]
11-09 00:57:23.399  1435  1778 I PackageManager: Integrity check passed for file:///data/app/vmdl804174540.tmp
11-09 00:57:23.439  1435  1778 I PackageManager: Permission ownership changed. Updating all permissions.
11-09 00:57:23.608  1435  1435 I NotificationService: Cannot find enqueued record for key: 0|com.google.android.apps.wellbeing|174344743|null|10121
11-09 00:57:23.638  1435  2971 W AppOps  : setUidMode() called with a mode inconsistent with runtime permission state, this is discouraged and you should revoke the runtime permission instead: uid=10126, switchCode=0, mode=4, permission=android.permission.ACCESS_BACKGROUND_LOCATION
11-09 00:57:23.640  1435  1659 V StorageManagerService: Package null has legacy storage
11-09 00:57:23.700  1435  2971 I ActivityManager: Background started FGS: Allowed [callingPackage: com.google.android.apps.wellbeing; callingUid: 10121; uidState: BFGS; intent: Intent { cmp=com.google.android.apps.wellbeing/com.google.apps.tiktok.concurrent.InternalForegroundService (has extras) }; code:BACKGROUND_ACTIVITY_PERMISSION; tempAllowListReason:<null>; targetSdkVersion:33; callerTargetSdkVersion:33; startForegroundCount:0; bindFromPackage:null]
11-09 00:57:23.708  1435  6970 W AppOps  : setUidMode() called with a mode inconsistent with runtime permission state, this is discouraged and you should revoke the runtime permission instead: uid=10126, switchCode=1, mode=4, permission=android.permission.ACCESS_BACKGROUND_LOCATION
11-09 00:57:23.711  1435  9500 W AppOps  : setUidMode() called with a mode inconsistent with runtime permission state, this is discouraged and you should revoke the runtime permission instead: uid=10126, switchCode=0, mode=4, permission=android.permission.ACCESS_BACKGROUND_LOCATION
11-09 00:57:23.907  1435  1435 I NotificationService: Cannot find enqueued record for key: 0|com.google.android.apps.wellbeing|174344743|null|10121
11-09 00:57:23.963  1435  3192 I ActivityManager: Background started FGS: Allowed [callingPackage: com.google.android.apps.wellbeing; callingUid: 10121; uidState: BFGS; intent: Intent { cmp=com.google.android.apps.wellbeing/com.google.apps.tiktok.concurrent.InternalForegroundService (has extras) }; code:BACKGROUND_ACTIVITY_PERMISSION; tempAllowListReason:<null>; targetSdkVersion:33; callerTargetSdkVersion:33; startForegroundCount:0; bindFromPackage:null]
11-09 00:57:23.988  1435  1778 V BackupManagerService: [UserID:0] restoreAtInstall pkg=com.yoojar.zlsg.baidu token=45 restoreSet=0
11-09 00:57:23.988  1435  1778 V BackupManagerService: [UserID:0] Finishing install immediately
11-09 00:57:23.990  1435  1778 D PackageInstallerSession: Marking session 804174540 as applied
11-09 00:57:23.994  1435  1778 D CompatibilityChangeReporter: Compat change id reported: 168419799; UID 10259; state: DISABLED
11-09 00:57:23.994  1435  1778 D CompatibilityChangeReporter: Compat change id reported: 273564678; UID 10259; state: DISABLED
11-09 00:57:23.998  1435  6970 W BroadcastQueue: u0 Receiving a broadcast in packagecom.jr.narutoii requires a permissions review
11-09 00:57:23.998  1435  6970 W BroadcastQueue: Skipping delivery: permission review required for Intent { act=android.intent.action.PACKAGE_ADDED dat=package: flg=0x4000010 (has extras) } from null (pid=1435, uid=1000) to com.jr.narutoii/com.joyriver.engine.proxy.EngineReceiver
11-09 00:57:23.998  1435  1674 W BroadcastQueue: u0 Receiving a broadcast in packagecom.android.buyer requires a permissions review
11-09 00:57:23.999  1435  1674 W BroadcastQueue: Skipping delivery: permission review required for Intent { act=android.intent.action.PACKAGE_ADDED dat=package: flg=0x4000010 (has extras) } from null (pid=1435, uid=1000) to com.android.buyer/.mRve
11-09 00:57:23.999  1435  1674 W BroadcastQueue: Background execution not allowed: receiving Intent { act=android.intent.action.PACKAGE_ADDED dat=package: flg=0x4000010 (has extras) } to com.google.android.packageinstaller/com.android.packageinstaller.PackageInstalledReceiver
11-09 00:57:23.999  1435  1674 W BroadcastQueue: Background execution not allowed: receiving Intent { act=android.intent.action.PACKAGE_ADDED dat=package: flg=0x4000010 (has extras) } to com.android.vending/com.google.android.finsky.packagemonitor.impl.PackageMonitorReceiverImpl$RegisteredReceiver
11-09 00:57:23.999  1435  1674 W BroadcastQueue: Background execution not allowed: receiving Intent { act=android.intent.action.PACKAGE_ADDED dat=package: flg=0x4000010 (has extras) } to com.android.vending/com.google.android.finsky.packagemonitor.backgroundimpl.BackgroundPackageMonitorReceiverImpl$RegisteredReceiver
11-09 00:57:23.999  1435  1674 W BroadcastQueue: Background execution not allowed: receiving Intent { act=android.intent.action.PACKAGE_ADDED dat=package: flg=0x4000010 (has extras) } to com.google.android.gms/.games.chimera.GamesSystemBroadcastReceiverProxy
11-09 00:57:23.999  1435  1674 W BroadcastQueue: Background execution not allowed: receiving Intent { act=android.intent.action.PACKAGE_ADDED dat=package: flg=0x4000010 (has extras) } to com.google.android.gms/.gass.chimera.PackageChangeBroadcastReceiver
11-09 00:57:23.999  1435  1674 W BroadcastQueue: Background execution not allowed: receiving Intent { act=android.intent.action.PACKAGE_ADDED dat=package: flg=0x4000010 (has extras) } to com.google.android.gms/.chimera.GmsIntentOperationService$PersistentTrustedReceiver
11-09 00:57:23.999  1435  1674 W BroadcastQueue: Background execution not allowed: receiving Intent { act=android.intent.action.PACKAGE_ADDED dat=package: flg=0x4000010 (has extras) } to com.google.android.googlequicksearchbox/com.google.android.apps.gsa.googlequicksearchbox.GelStubAppWatcher
11-09 00:57:23.999  1435  1674 W BroadcastQueue: Background execution not allowed: receiving Intent { act=android.intent.action.PACKAGE_ADDED dat=package: flg=0x4000010 (has extras) } to asecurity.phone.junk.cleaner.antivirus/com.lumos.cguard.notif.internal.system.install.InstallReceiver
11-09 00:57:23.999  1435  1674 W BroadcastQueue: u0 Receiving a broadcast in packagecom.cncd.japan.janli.shudu requires a permissions review
11-09 00:57:23.999  1435  1674 W BroadcastQueue: Skipping delivery: permission review required for Intent { act=android.intent.action.PACKAGE_ADDED dat=package: flg=0x4000010 (has extras) } from null (pid=1435, uid=1000) to com.cncd.japan.janli.shudu/net.l.k.r
11-09 00:57:23.999  1435  1674 W BroadcastQueue: u0 Receiving a broadcast in packagecom.cncd.japan.janli.shudu requires a permissions review
11-09 00:57:23.999  1435  1674 W BroadcastQueue: Skipping delivery: permission review required for Intent { act=android.intent.action.PACKAGE_ADDED dat=package: flg=0x4000010 (has extras) } from null (pid=1435, uid=1000) to com.cncd.japan.janli.shudu/com.feiwofour.coverscreen.SR
11-09 00:57:23.999  1435  1674 W BroadcastQueue: u0 Receiving a broadcast in packagecom.games.mengmeizhitd requires a permissions review
11-09 00:57:23.999  1435  1674 W BroadcastQueue: Skipping delivery: permission review required for Intent { act=android.intent.action.PACKAGE_ADDED dat=package: flg=0x4000010 (has extras) } from null (pid=1435, uid=1000) to com.games.mengmeizhitd/hjnw.ihjnw.i.isqly
11-09 00:57:23.999  1435  1674 W BroadcastQueue: u0 Receiving a broadcast in packagecom.hgperfko.yaeghrwx requires a permissions review
11-09 00:57:23.999  1435  1674 W BroadcastQueue: Skipping delivery: permission review required for Intent { act=android.intent.action.PACKAGE_ADDED dat=package: flg=0x4000010 (has extras) } from null (pid=1435, uid=1000) to com.hgperfko.yaeghrwx/.core.hLytdCQDBv
11-09 00:57:23.999  1435  1674 W BroadcastQueue: u0 Receiving a broadcast in packagecom.qiuqiu.dfmc requires a permissions review
11-09 00:57:23.999  1435  1674 W BroadcastQueue: Skipping delivery: permission review required for Intent { act=android.intent.action.PACKAGE_ADDED dat=package: flg=0x4000010 (has extras) } from null (pid=1435, uid=1000) to com.qiuqiu.dfmc/cn.jpush.android.service.PushReceiver
11-09 00:57:23.999  1435  1674 W BroadcastQueue: u0 Receiving a broadcast in packagecom.safesys.viruskiller requires a permissions review
11-09 00:57:23.999  1435  1674 W BroadcastQueue: Skipping delivery: permission review required for Intent { act=android.intent.action.PACKAGE_ADDED dat=package: flg=0x4000010 (has extras) } from null (pid=1435, uid=1000) to com.safesys.viruskiller/.ScanPackageBroadcast
11-09 00:57:23.999  1435  1674 W BroadcastQueue: u0 Receiving a broadcast in packagecom.uc108.mobile.sdgj.bd1 requires a permissions review
11-09 00:57:23.999  1435  1674 W BroadcastQueue: Skipping delivery: permission review required for Intent { act=android.intent.action.PACKAGE_ADDED dat=package: flg=0x4000010 (has extras) } from null (pid=1435, uid=1000) to com.uc108.mobile.sdgj.bd1/com.baidu.tiebasdk.service.InstallReceiver
11-09 00:57:23.999  1435  1674 W BroadcastQueue: u0 Receiving a broadcast in packagecom.voicebianshengjinglingwc.wxl requires a permissions review
11-09 00:57:23.999  1435  1674 W BroadcastQueue: Skipping delivery: permission review required for Intent { act=android.intent.action.PACKAGE_ADDED dat=package: flg=0x4000010 (has extras) } from null (pid=1435, uid=1000) to com.voicebianshengjinglingwc.wxl/mp.ruu.Ztjjwrj
11-09 00:57:23.999  1435  1674 W BroadcastQueue: u0 Receiving a broadcast in packageio.dcloud.H5BC6BF13 requires a permissions review
11-09 00:57:23.999  1435  1674 W BroadcastQueue: Skipping delivery: permission review required for Intent { act=android.intent.action.PACKAGE_ADDED dat=package: flg=0x4000010 (has extras) } from null (pid=1435, uid=1000) to io.dcloud.H5BC6BF13/io.dcloud.common.adapter.io.DownloadReceiver
11-09 00:57:24.001  1435  2903 D CompatibilityChangeReporter: Compat change id reported: 218533173; UID 10259; state: DISABLED
11-09 00:57:24.008  1435  1435 I Telecom : DefaultDialerCache: Refreshing default dialer for user 0: now com.google.android.dialer: DDC.oR@A/o
11-09 00:57:24.018  1435  1435 V BackupManagerConstants: getFullBackupIntervalMilliseconds(...) returns 86400000
11-09 00:57:24.018  1435  1435 V BackupManagerConstants: getFullBackupRequiredNetworkType(...) returns 2
11-09 00:57:24.018  1435  1435 V BackupManagerConstants: getFullBackupRequireCharging(...) returns true
11-09 00:57:24.032  1435  1774 E VerityUtils: Failed to measure fs-verity, errno 1: /data/app/~~lV3pCqMSGrqisY4XX3rLFw==/com.yoojar.zlsg.baidu-my0zsGxtg-033oGwCBIDRg==/base.apk
11-09 00:57:24.054  1435  2971 D CompatibilityChangeReporter: Compat change id reported: 161252188; UID 10259; state: DISABLED
11-09 00:57:24.074  1435  1435 I Telecom : DefaultDialerCache: Refreshing default dialer for user 0: now com.google.android.dialer: DDC.oR@A/0
11-09 00:57:24.079  1435  1672 W WindowMagnificationMgr: requestConnection duplicated request: connect=false, mConnectionState=DISCONNECTED
11-09 00:57:24.098  1435  4160 W BackupTransportManager: Package com.yoojar.zlsg.baidu enabled setting: 0
11-09 00:57:24.133  1435  1672 W PackageManager: Failed registering loading progress callback. Package is fully loaded.
11-09 00:57:24.141  1435  1672 W WindowMagnificationMgr: requestConnection duplicated request: connect=false, mConnectionState=DISCONNECTED
11-09 00:57:24.170  1435  1435 I NotificationService: Cannot find enqueued record for key: 0|com.google.android.apps.wellbeing|174344743|null|10121
11-09 00:57:24.196  1435  5514 W BroadcastQueue: u0 Receiving a broadcast in packagecom.yoojar.zlsg.baidu requires a permissions review
11-09 00:57:24.196  1435  5514 W BroadcastQueue: Skipping delivery: permission review required for Intent { act=android.intent.action.PACKAGE_CHANGED dat=package: flg=0x5000010 (has extras) } from null (pid=1435, uid=1000) to com.yoojar.zlsg.baidu/com.duoku.platform.download.broadcast.AppMonitorReceiver
11-09 00:57:24.223  1435  1435 W NotificationHistory: Attempted to add notif for locked/gone/disabled user 0
11-09 00:57:24.437  1435  1778 E PackageManager: ERROR: could not load root hash from incremental install
11-09 00:57:24.442  1435  2029 W PackageParsing: Ignoring duplicate uses-permissions/uses-permissions-sdk-m: android.permission.INTERNET in package: com.vbdcf54.d2b25 at: Binary XML file line #49
11-09 00:57:24.442  1435  2029 W PackageParsing: Ignoring duplicate uses-permissions/uses-permissions-sdk-m: android.permission.ACCESS_NETWORK_STATE in package: com.vbdcf54.d2b25 at: Binary XML file line #50
11-09 00:57:24.442  1435  2029 W PackageParsing: Ignoring duplicate uses-permissions/uses-permissions-sdk-m: android.permission.ACCESS_WIFI_STATE in package: com.vbdcf54.d2b25 at: Binary XML file line #51
11-09 00:57:24.442  1435  2029 W PackageParsing: Ignoring duplicate uses-permissions/uses-permissions-sdk-m: android.permission.READ_PHONE_STATE in package: com.vbdcf54.d2b25 at: Binary XML file line #52
11-09 00:57:24.442  1435  2029 W PackageParsing: Ignoring duplicate uses-permissions/uses-permissions-sdk-m: android.permission.WRITE_EXTERNAL_STORAGE in package: com.vbdcf54.d2b25 at: Binary XML file line #53
11-09 00:57:24.442  1435  2029 W PackageParsing: Ignoring duplicate uses-permissions/uses-permissions-sdk-m: android.permission.READ_PHONE_STATE in package: com.vbdcf54.d2b25 at: Binary XML file line #56
11-09 00:57:24.442  1435  2029 W PackageParsing: Ignoring duplicate uses-permissions/uses-permissions-sdk-m: android.permission.INTERNET in package: com.vbdcf54.d2b25 at: Binary XML file line #57
11-09 00:57:24.442  1435  2029 W PackageParsing: Ignoring duplicate uses-permissions/uses-permissions-sdk-m: android.permission.ACCESS_NETWORK_STATE in package: com.vbdcf54.d2b25 at: Binary XML file line #58
11-09 00:57:24.442  1435  2029 W PackageParsing: Ignoring duplicate uses-permissions/uses-permissions-sdk-m: android.permission.WRITE_EXTERNAL_STORAGE in package: com.vbdcf54.d2b25 at: Binary XML file line #59
11-09 00:57:24.442  1435  2029 W PackageParsing: Ignoring duplicate uses-permissions/uses-permissions-sdk-m: android.permission.GET_TASKS in package: com.vbdcf54.d2b25 at: Binary XML file line #61
11-09 00:57:24.448  1435  1778 I PackageManager: Integrity check passed for file:///data/app/vmdl1305803092.tmp
11-09 00:57:24.468  1435  1778 W PackageParsing: Ignoring duplicate uses-permissions/uses-permissions-sdk-m: android.permission.INTERNET in package: com.vbdcf54.d2b25 at: Binary XML file line #49
11-09 00:57:24.468  1435  1778 W PackageParsing: Ignoring duplicate uses-permissions/uses-permissions-sdk-m: android.permission.ACCESS_NETWORK_STATE in package: com.vbdcf54.d2b25 at: Binary XML file line #50
11-09 00:57:24.468  1435  1778 W PackageParsing: Ignoring duplicate uses-permissions/uses-permissions-sdk-m: android.permission.ACCESS_WIFI_STATE in package: com.vbdcf54.d2b25 at: Binary XML file line #51
11-09 00:57:24.468  1435  1778 W PackageParsing: Ignoring duplicate uses-permissions/uses-permissions-sdk-m: android.permission.READ_PHONE_STATE in package: com.vbdcf54.d2b25 at: Binary XML file line #52
11-09 00:57:24.468  1435  1778 W PackageParsing: Ignoring duplicate uses-permissions/uses-permissions-sdk-m: android.permission.WRITE_EXTERNAL_STORAGE in package: com.vbdcf54.d2b25 at: Binary XML file line #53
11-09 00:57:24.468  1435  1778 W PackageParsing: Ignoring duplicate uses-permissions/uses-permissions-sdk-m: android.permission.READ_PHONE_STATE in package: com.vbdcf54.d2b25 at: Binary XML file line #56
11-09 00:57:24.468  1435  1778 W PackageParsing: Ignoring duplicate uses-permissions/uses-permissions-sdk-m: android.permission.INTERNET in package: com.vbdcf54.d2b25 at: Binary XML file line #57
11-09 00:57:24.468  1435  1778 W PackageParsing: Ignoring duplicate uses-permissions/uses-permissions-sdk-m: android.permission.ACCESS_NETWORK_STATE in package: com.vbdcf54.d2b25 at: Binary XML file line #58
11-09 00:57:24.468  1435  1778 W PackageParsing: Ignoring duplicate uses-permissions/uses-permissions-sdk-m: android.permission.WRITE_EXTERNAL_STORAGE in package: com.vbdcf54.d2b25 at: Binary XML file line #59
11-09 00:57:24.468  1435  1778 W PackageParsing: Ignoring duplicate uses-permissions/uses-permissions-sdk-m: android.permission.GET_TASKS in package: com.vbdcf54.d2b25 at: Binary XML file line #61
11-09 00:57:24.496  1435  1778 I PackageManager: Permission ownership changed. Updating all permissions.
11-09 00:57:24.650  1435  9190 W AppOps  : setUidMode() called with a mode inconsistent with runtime permission state, this is discouraged and you should revoke the runtime permission instead: uid=10126, switchCode=0, mode=4, permission=android.permission.ACCESS_BACKGROUND_LOCATION
11-09 00:57:24.654  1435  1659 V StorageManagerService: Package null has legacy storage
11-09 00:57:24.700  1435  2972 W AppOps  : setUidMode() called with a mode inconsistent with runtime permission state, this is discouraged and you should revoke the runtime permission instead: uid=10126, switchCode=1, mode=4, permission=android.permission.ACCESS_BACKGROUND_LOCATION
11-09 00:57:24.702  1435  2972 W AppOps  : setUidMode() called with a mode inconsistent with runtime permission state, this is discouraged and you should revoke the runtime permission instead: uid=10126, switchCode=0, mode=4, permission=android.permission.ACCESS_BACKGROUND_LOCATION
11-09 00:57:24.747  1435  1778 V BackupManagerService: [UserID:0] restoreAtInstall pkg=com.vbdcf54.d2b25 token=46 restoreSet=0
11-09 00:57:24.747  1435  1778 V BackupManagerService: [UserID:0] Finishing install immediately
11-09 00:57:24.749  1435  1778 D PackageInstallerSession: Marking session 1305803092 as applied
11-09 00:57:24.755  1435  1778 D CompatibilityChangeReporter: Compat change id reported: 168419799; UID 10260; state: DISABLED
11-09 00:57:24.755  1435  1778 D CompatibilityChangeReporter: Compat change id reported: 273564678; UID 10260; state: DISABLED
11-09 00:57:24.759  1435  1674 W BroadcastQueue: u0 Receiving a broadcast in packagecom.jr.narutoii requires a permissions review
11-09 00:57:24.759  1435  1674 W BroadcastQueue: Skipping delivery: permission review required for Intent { act=android.intent.action.PACKAGE_ADDED dat=package: flg=0x4000010 (has extras) } from null (pid=1435, uid=1000) to com.jr.narutoii/com.joyriver.engine.proxy.EngineReceiver
11-09 00:57:24.759  1435  1674 W BroadcastQueue: u0 Receiving a broadcast in packagecom.android.buyer requires a permissions review
11-09 00:57:24.759  1435  1674 W BroadcastQueue: Skipping delivery: permission review required for Intent { act=android.intent.action.PACKAGE_ADDED dat=package: flg=0x4000010 (has extras) } from null (pid=1435, uid=1000) to com.android.buyer/.mRve
11-09 00:57:24.762  1435  1674 W BroadcastQueue: Background execution not allowed: receiving Intent { act=android.intent.action.PACKAGE_ADDED dat=package: flg=0x4000010 (has extras) } to com.google.android.packageinstaller/com.android.packageinstaller.PackageInstalledReceiver
11-09 00:57:24.762  1435  1674 W BroadcastQueue: Background execution not allowed: receiving Intent { act=android.intent.action.PACKAGE_ADDED dat=package: flg=0x4000010 (has extras) } to com.android.vending/com.google.android.finsky.packagemonitor.impl.PackageMonitorReceiverImpl$RegisteredReceiver
11-09 00:57:24.762  1435  1674 W BroadcastQueue: Background execution not allowed: receiving Intent { act=android.intent.action.PACKAGE_ADDED dat=package: flg=0x4000010 (has extras) } to com.android.vending/com.google.android.finsky.packagemonitor.backgroundimpl.BackgroundPackageMonitorReceiverImpl$RegisteredReceiver
11-09 00:57:24.762  1435  1674 W BroadcastQueue: Background execution not allowed: receiving Intent { act=android.intent.action.PACKAGE_ADDED dat=package: flg=0x4000010 (has extras) } to com.google.android.gms/.games.chimera.GamesSystemBroadcastReceiverProxy
11-09 00:57:24.762  1435  1674 W BroadcastQueue: Background execution not allowed: receiving Intent { act=android.intent.action.PACKAGE_ADDED dat=package: flg=0x4000010 (has extras) } to com.google.android.gms/.gass.chimera.PackageChangeBroadcastReceiver
11-09 00:57:24.762  1435  1674 W BroadcastQueue: Background execution not allowed: receiving Intent { act=android.intent.action.PACKAGE_ADDED dat=package: flg=0x4000010 (has extras) } to com.google.android.gms/.chimera.GmsIntentOperationService$PersistentTrustedReceiver
11-09 00:57:24.762  1435  1674 W BroadcastQueue: Background execution not allowed: receiving Intent { act=android.intent.action.PACKAGE_ADDED dat=package: flg=0x4000010 (has extras) } to com.google.android.googlequicksearchbox/com.google.android.apps.gsa.googlequicksearchbox.GelStubAppWatcher
11-09 00:57:24.762  1435  1674 W BroadcastQueue: Background execution not allowed: receiving Intent { act=android.intent.action.PACKAGE_ADDED dat=package: flg=0x4000010 (has extras) } to asecurity.phone.junk.cleaner.antivirus/com.lumos.cguard.notif.internal.system.install.InstallReceiver
11-09 00:57:24.762  1435  1674 W BroadcastQueue: u0 Receiving a broadcast in packagecom.cncd.japan.janli.shudu requires a permissions review
11-09 00:57:24.762  1435  1674 W BroadcastQueue: Skipping delivery: permission review required for Intent { act=android.intent.action.PACKAGE_ADDED dat=package: flg=0x4000010 (has extras) } from null (pid=1435, uid=1000) to com.cncd.japan.janli.shudu/net.l.k.r
11-09 00:57:24.762  1435  1674 W BroadcastQueue: u0 Receiving a broadcast in packagecom.cncd.japan.janli.shudu requires a permissions review
11-09 00:57:24.763  1435  1674 W BroadcastQueue: Skipping delivery: permission review required for Intent { act=android.intent.action.PACKAGE_ADDED dat=package: flg=0x4000010 (has extras) } from null (pid=1435, uid=1000) to com.cncd.japan.janli.shudu/com.feiwofour.coverscreen.SR
11-09 00:57:24.763  1435  1674 W BroadcastQueue: u0 Receiving a broadcast in packagecom.games.mengmeizhitd requires a permissions review
11-09 00:57:24.763  1435  1674 W BroadcastQueue: Skipping delivery: permission review required for Intent { act=android.intent.action.PACKAGE_ADDED dat=package: flg=0x4000010 (has extras) } from null (pid=1435, uid=1000) to com.games.mengmeizhitd/hjnw.ihjnw.i.isqly
11-09 00:57:24.763  1435  1674 W BroadcastQueue: u0 Receiving a broadcast in packagecom.hgperfko.yaeghrwx requires a permissions review
11-09 00:57:24.763  1435  1674 W BroadcastQueue: Skipping delivery: permission review required for Intent { act=android.intent.action.PACKAGE_ADDED dat=package: flg=0x4000010 (has extras) } from null (pid=1435, uid=1000) to com.hgperfko.yaeghrwx/.core.hLytdCQDBv
11-09 00:57:24.763  1435  2903 D CompatibilityChangeReporter: Compat change id reported: 218533173; UID 10260; state: DISABLED
11-09 00:57:24.764  1435  1674 W BroadcastQueue: u0 Receiving a broadcast in packagecom.qiuqiu.dfmc requires a permissions review
11-09 00:57:24.764  1435  1674 W BroadcastQueue: Skipping delivery: permission review required for Intent { act=android.intent.action.PACKAGE_ADDED dat=package: flg=0x4000010 (has extras) } from null (pid=1435, uid=1000) to com.qiuqiu.dfmc/cn.jpush.android.service.PushReceiver
11-09 00:57:24.764  1435  1674 W BroadcastQueue: u0 Receiving a broadcast in packagecom.safesys.viruskiller requires a permissions review
11-09 00:57:24.764  1435  1674 W BroadcastQueue: Skipping delivery: permission review required for Intent { act=android.intent.action.PACKAGE_ADDED dat=package: flg=0x4000010 (has extras) } from null (pid=1435, uid=1000) to com.safesys.viruskiller/.ScanPackageBroadcast
11-09 00:57:24.765  1435  1674 W BroadcastQueue: u0 Receiving a broadcast in packagecom.uc108.mobile.sdgj.bd1 requires a permissions review
11-09 00:57:24.765  1435  1674 W BroadcastQueue: Skipping delivery: permission review required for Intent { act=android.intent.action.PACKAGE_ADDED dat=package: flg=0x4000010 (has extras) } from null (pid=1435, uid=1000) to com.uc108.mobile.sdgj.bd1/com.baidu.tiebasdk.service.InstallReceiver
11-09 00:57:24.765  1435  1674 W BroadcastQueue: u0 Receiving a broadcast in packagecom.voicebianshengjinglingwc.wxl requires a permissions review
11-09 00:57:24.765  1435  1674 W BroadcastQueue: Skipping delivery: permission review required for Intent { act=android.intent.action.PACKAGE_ADDED dat=package: flg=0x4000010 (has extras) } from null (pid=1435, uid=1000) to com.voicebianshengjinglingwc.wxl/mp.ruu.Ztjjwrj
11-09 00:57:24.765  1435  1674 W BroadcastQueue: u0 Receiving a broadcast in packagecom.yoojar.zlsg.baidu requires a permissions review
11-09 00:57:24.765  1435  1674 W BroadcastQueue: Skipping delivery: permission review required for Intent { act=android.intent.action.PACKAGE_ADDED dat=package: flg=0x4000010 (has extras) } from null (pid=1435, uid=1000) to com.yoojar.zlsg.baidu/com.duoku.platform.download.broadcast.AppMonitorReceiver
11-09 00:57:24.765  1435  1674 W BroadcastQueue: u0 Receiving a broadcast in packageio.dcloud.H5BC6BF13 requires a permissions review
11-09 00:57:24.765  1435  1674 W BroadcastQueue: Skipping delivery: permission review required for Intent { act=android.intent.action.PACKAGE_ADDED dat=package: flg=0x4000010 (has extras) } from null (pid=1435, uid=1000) to io.dcloud.H5BC6BF13/io.dcloud.common.adapter.io.DownloadReceiver
11-09 00:57:24.776  1435  1435 I Telecom : DefaultDialerCache: Refreshing default dialer for user 0: now com.google.android.dialer: DDC.oR@BAI
11-09 00:57:24.787  1435  1435 V BackupManagerConstants: getFullBackupIntervalMilliseconds(...) returns 86400000
11-09 00:57:24.787  1435  1435 V BackupManagerConstants: getFullBackupRequiredNetworkType(...) returns 2
11-09 00:57:24.788  1435  1435 V BackupManagerConstants: getFullBackupRequireCharging(...) returns true
11-09 00:57:24.791  1435  1774 E VerityUtils: Failed to measure fs-verity, errno 1: /data/app/~~mBHRrObwrdsM78iN-cLWgQ==/com.vbdcf54.d2b25-R5Z_3sLQlWa-Hd9peHPflg==/base.apk
11-09 00:57:24.821  1435  9190 D CompatibilityChangeReporter: Compat change id reported: 161252188; UID 10260; state: DISABLED
11-09 00:57:24.838  1435  1672 W WindowMagnificationMgr: requestConnection duplicated request: connect=false, mConnectionState=DISCONNECTED
11-09 00:57:24.854  1435  1435 I Telecom : DefaultDialerCache: Refreshing default dialer for user 0: now com.google.android.dialer: DDC.oR@BAM
11-09 00:57:24.855  1435  4160 W BackupTransportManager: Package com.vbdcf54.d2b25 enabled setting: 0
11-09 00:57:24.908  1435  1672 W PackageManager: Failed registering loading progress callback. Package is fully loaded.
11-09 00:57:24.920  1435  1672 W WindowMagnificationMgr: requestConnection duplicated request: connect=false, mConnectionState=DISCONNECTED
11-09 00:57:24.950  1435  2978 W BroadcastQueue: u0 Receiving a broadcast in packagecom.yoojar.zlsg.baidu requires a permissions review
11-09 00:57:24.950  1435  2978 W BroadcastQueue: Skipping delivery: permission review required for Intent { act=android.intent.action.PACKAGE_CHANGED dat=package: flg=0x5000010 (has extras) } from null (pid=1435, uid=1000) to com.yoojar.zlsg.baidu/com.duoku.platform.download.broadcast.AppMonitorReceiver
11-09 00:57:24.993  1435  1435 E NotificationService: Muting recently noisy 0|asecurity.phone.junk.cleaner.antivirus|115|null|10194
11-09 00:57:24.995  1435  1435 W NotificationHistory: Attempted to add notif for locked/gone/disabled user 0
11-09 00:57:25.142  1435  1778 E PackageManager: ERROR: could not load root hash from incremental install
11-09 00:57:25.179  1435  1778 I PackageManager: Integrity check passed for file:///data/app/vmdl1863473251.tmp
11-09 00:57:25.199  1435  2978 I ActivityManager: Background started FGS: Allowed [callingPackage: com.google.android.apps.wellbeing; callingUid: 10121; uidState: BFGS; intent: Intent { cmp=com.google.android.apps.wellbeing/com.google.apps.tiktok.concurrent.InternalForegroundService (has extras) }; code:BACKGROUND_ACTIVITY_PERMISSION; tempAllowListReason:<null>; targetSdkVersion:33; callerTargetSdkVersion:33; startForegroundCount:0; bindFromPackage:null]
11-09 00:57:25.255  1435  1659 V StorageManagerService: Package null has legacy storage
11-09 00:57:25.410  1435  1778 V BackupManagerService: [UserID:0] restoreAtInstall pkg=cn.inssgame.paokugame token=47 restoreSet=0
11-09 00:57:25.410  1435  1778 V BackupManagerService: [UserID:0] Finishing install immediately
11-09 00:57:25.411  1435  1778 D PackageInstallerSession: Marking session 1863473251 as applied
11-09 00:57:25.419  1435  1778 D CompatibilityChangeReporter: Compat change id reported: 168419799; UID 10261; state: DISABLED
11-09 00:57:25.419  1435  1778 D CompatibilityChangeReporter: Compat change id reported: 273564678; UID 10261; state: DISABLED
11-09 00:57:25.429  1435  2903 D CompatibilityChangeReporter: Compat change id reported: 218533173; UID 10261; state: DISABLED
11-09 00:57:25.431  1435  1435 I Telecom : DefaultDialerCache: Refreshing default dialer for user 0: now com.google.android.dialer: DDC.oR@BAg
11-09 00:57:25.435  1435  1674 W BroadcastQueue: u0 Receiving a broadcast in packagecom.jr.narutoii requires a permissions review
11-09 00:57:25.435  1435  1674 W BroadcastQueue: Skipping delivery: permission review required for Intent { act=android.intent.action.PACKAGE_ADDED dat=package: flg=0x4000010 (has extras) } from null (pid=1435, uid=1000) to com.jr.narutoii/com.joyriver.engine.proxy.EngineReceiver
11-09 00:57:25.435  1435  1674 W BroadcastQueue: u0 Receiving a broadcast in packagecom.android.buyer requires a permissions review
11-09 00:57:25.435  1435  1674 W BroadcastQueue: Skipping delivery: permission review required for Intent { act=android.intent.action.PACKAGE_ADDED dat=package: flg=0x4000010 (has extras) } from null (pid=1435, uid=1000) to com.android.buyer/.mRve
11-09 00:57:25.436  1435  1674 W BroadcastQueue: Background execution not allowed: receiving Intent { act=android.intent.action.PACKAGE_ADDED dat=package: flg=0x4000010 (has extras) } to com.google.android.packageinstaller/com.android.packageinstaller.PackageInstalledReceiver
11-09 00:57:25.436  1435  1674 W BroadcastQueue: Background execution not allowed: receiving Intent { act=android.intent.action.PACKAGE_ADDED dat=package: flg=0x4000010 (has extras) } to com.android.vending/com.google.android.finsky.packagemonitor.impl.PackageMonitorReceiverImpl$RegisteredReceiver
11-09 00:57:25.436  1435  1674 W BroadcastQueue: Background execution not allowed: receiving Intent { act=android.intent.action.PACKAGE_ADDED dat=package: flg=0x4000010 (has extras) } to com.android.vending/com.google.android.finsky.packagemonitor.backgroundimpl.BackgroundPackageMonitorReceiverImpl$RegisteredReceiver
11-09 00:57:25.436  1435  1674 W BroadcastQueue: Background execution not allowed: receiving Intent { act=android.intent.action.PACKAGE_ADDED dat=package: flg=0x4000010 (has extras) } to com.google.android.gms/.games.chimera.GamesSystemBroadcastReceiverProxy
11-09 00:57:25.436  1435  1674 W BroadcastQueue: Background execution not allowed: receiving Intent { act=android.intent.action.PACKAGE_ADDED dat=package: flg=0x4000010 (has extras) } to com.google.android.gms/.gass.chimera.PackageChangeBroadcastReceiver
11-09 00:57:25.436  1435  1674 W BroadcastQueue: Background execution not allowed: receiving Intent { act=android.intent.action.PACKAGE_ADDED dat=package: flg=0x4000010 (has extras) } to com.google.android.gms/.chimera.GmsIntentOperationService$PersistentTrustedReceiver
11-09 00:57:25.436  1435  1674 W BroadcastQueue: Background execution not allowed: receiving Intent { act=android.intent.action.PACKAGE_ADDED dat=package: flg=0x4000010 (has extras) } to com.google.android.googlequicksearchbox/com.google.android.apps.gsa.googlequicksearchbox.GelStubAppWatcher
11-09 00:57:25.436  1435  1674 W BroadcastQueue: Background execution not allowed: receiving Intent { act=android.intent.action.PACKAGE_ADDED dat=package: flg=0x4000010 (has extras) } to asecurity.phone.junk.cleaner.antivirus/com.lumos.cguard.notif.internal.system.install.InstallReceiver
11-09 00:57:25.436  1435  1674 W BroadcastQueue: u0 Receiving a broadcast in packagecom.cncd.japan.janli.shudu requires a permissions review
11-09 00:57:25.436  1435  1674 W BroadcastQueue: Skipping delivery: permission review required for Intent { act=android.intent.action.PACKAGE_ADDED dat=package: flg=0x4000010 (has extras) } from null (pid=1435, uid=1000) to com.cncd.japan.janli.shudu/net.l.k.r
11-09 00:57:25.436  1435  1674 W BroadcastQueue: u0 Receiving a broadcast in packagecom.cncd.japan.janli.shudu requires a permissions review
11-09 00:57:25.437  1435  1674 W BroadcastQueue: Skipping delivery: permission review required for Intent { act=android.intent.action.PACKAGE_ADDED dat=package: flg=0x4000010 (has extras) } from null (pid=1435, uid=1000) to com.cncd.japan.janli.shudu/com.feiwofour.coverscreen.SR
11-09 00:57:25.437  1435  1674 W BroadcastQueue: u0 Receiving a broadcast in packagecom.games.mengmeizhitd requires a permissions review
11-09 00:57:25.437  1435  1674 W BroadcastQueue: Skipping delivery: permission review required for Intent { act=android.intent.action.PACKAGE_ADDED dat=package: flg=0x4000010 (has extras) } from null (pid=1435, uid=1000) to com.games.mengmeizhitd/hjnw.ihjnw.i.isqly
11-09 00:57:25.437  1435  1674 W BroadcastQueue: u0 Receiving a broadcast in packagecom.hgperfko.yaeghrwx requires a permissions review
11-09 00:57:25.437  1435  1674 W BroadcastQueue: Skipping delivery: permission review required for Intent { act=android.intent.action.PACKAGE_ADDED dat=package: flg=0x4000010 (has extras) } from null (pid=1435, uid=1000) to com.hgperfko.yaeghrwx/.core.hLytdCQDBv
11-09 00:57:25.437  1435  1674 W BroadcastQueue: u0 Receiving a broadcast in packagecom.qiuqiu.dfmc requires a permissions review
11-09 00:57:25.437  1435  1674 W BroadcastQueue: Skipping delivery: permission review required for Intent { act=android.intent.action.PACKAGE_ADDED dat=package: flg=0x4000010 (has extras) } from null (pid=1435, uid=1000) to com.qiuqiu.dfmc/cn.jpush.android.service.PushReceiver
11-09 00:57:25.437  1435  1674 W BroadcastQueue: u0 Receiving a broadcast in packagecom.safesys.viruskiller requires a permissions review
11-09 00:57:25.437  1435  1674 W BroadcastQueue: Skipping delivery: permission review required for Intent { act=android.intent.action.PACKAGE_ADDED dat=package: flg=0x4000010 (has extras) } from null (pid=1435, uid=1000) to com.safesys.viruskiller/.ScanPackageBroadcast
11-09 00:57:25.437  1435  1674 W BroadcastQueue: u0 Receiving a broadcast in packagecom.uc108.mobile.sdgj.bd1 requires a permissions review
11-09 00:57:25.437  1435  1674 W BroadcastQueue: Skipping delivery: permission review required for Intent { act=android.intent.action.PACKAGE_ADDED dat=package: flg=0x4000010 (has extras) } from null (pid=1435, uid=1000) to com.uc108.mobile.sdgj.bd1/com.baidu.tiebasdk.service.InstallReceiver
11-09 00:57:25.437  1435  1674 W BroadcastQueue: u0 Receiving a broadcast in packagecom.voicebianshengjinglingwc.wxl requires a permissions review
11-09 00:57:25.437  1435  1674 W BroadcastQueue: Skipping delivery: permission review required for Intent { act=android.intent.action.PACKAGE_ADDED dat=package: flg=0x4000010 (has extras) } from null (pid=1435, uid=1000) to com.voicebianshengjinglingwc.wxl/mp.ruu.Ztjjwrj
11-09 00:57:25.437  1435  1674 W BroadcastQueue: u0 Receiving a broadcast in packagecom.yoojar.zlsg.baidu requires a permissions review
11-09 00:57:25.437  1435  1674 W BroadcastQueue: Skipping delivery: permission review required for Intent { act=android.intent.action.PACKAGE_ADDED dat=package: flg=0x4000010 (has extras) } from null (pid=1435, uid=1000) to com.yoojar.zlsg.baidu/com.duoku.platform.download.broadcast.AppMonitorReceiver
11-09 00:57:25.437  1435  1674 W BroadcastQueue: u0 Receiving a broadcast in packageio.dcloud.H5BC6BF13 requires a permissions review
11-09 00:57:25.437  1435  1674 W BroadcastQueue: Skipping delivery: permission review required for Intent { act=android.intent.action.PACKAGE_ADDED dat=package: flg=0x4000010 (has extras) } from null (pid=1435, uid=1000) to io.dcloud.H5BC6BF13/io.dcloud.common.adapter.io.DownloadReceiver
11-09 00:57:25.440  1435  1435 V BackupManagerConstants: getFullBackupIntervalMilliseconds(...) returns 86400000
11-09 00:57:25.440  1435  1435 V BackupManagerConstants: getFullBackupRequiredNetworkType(...) returns 2
11-09 00:57:25.440  1435  1435 V BackupManagerConstants: getFullBackupRequireCharging(...) returns true
11-09 00:57:25.461  1435  1435 I NotificationService: Cannot find enqueued record for key: 0|com.google.android.apps.wellbeing|174344743|null|10121
11-09 00:57:25.473  1435  1774 E VerityUtils: Failed to measure fs-verity, errno 1: /data/app/~~tN5-Qn13mCW8Tuc0fY2wXA==/cn.inssgame.paokugame-L5yT8DEMSNHc0_43jBKMmw==/base.apk
11-09 00:57:25.490  1435  1672 W WindowMagnificationMgr: requestConnection duplicated request: connect=false, mConnectionState=DISCONNECTED
11-09 00:57:25.494  1435  9500 D CompatibilityChangeReporter: Compat change id reported: 161252188; UID 10261; state: DISABLED
11-09 00:57:25.525  1435  1435 I Telecom : DefaultDialerCache: Refreshing default dialer for user 0: now com.google.android.dialer: DDC.oR@BAs
11-09 00:57:25.525  1435  4160 W BackupTransportManager: Package cn.inssgame.paokugame enabled setting: 0
11-09 00:57:25.575  1435  1672 W PackageManager: Failed registering loading progress callback. Package is fully loaded.
11-09 00:57:25.581  1435  2971 D OomAdjuster: Not killing cached processes
11-09 00:57:25.586  1435  1672 W WindowMagnificationMgr: requestConnection duplicated request: connect=false, mConnectionState=DISCONNECTED
11-09 00:57:25.612  1435  1481 W BroadcastQueue: u0 Receiving a broadcast in packagecom.yoojar.zlsg.baidu requires a permissions review
11-09 00:57:25.612  1435  1481 W BroadcastQueue: Skipping delivery: permission review required for Intent { act=android.intent.action.PACKAGE_CHANGED dat=package: flg=0x5000010 (has extras) } from null (pid=1435, uid=1000) to com.yoojar.zlsg.baidu/com.duoku.platform.download.broadcast.AppMonitorReceiver
11-09 00:57:25.655  1435  1435 W NotificationHistory: Attempted to add notif for locked/gone/disabled user 0
11-09 00:57:25.738  1435  4020 W AppOps  : setUidMode() called with a mode inconsistent with runtime permission state, this is discouraged and you should revoke the runtime permission instead: uid=10126, switchCode=0, mode=4, permission=android.permission.ACCESS_BACKGROUND_LOCATION
11-09 00:57:25.818  1435  2925 W AppOps  : setUidMode() called with a mode inconsistent with runtime permission state, this is discouraged and you should revoke the runtime permission instead: uid=10126, switchCode=1, mode=4, permission=android.permission.ACCESS_BACKGROUND_LOCATION
11-09 00:57:25.826  1435  4020 W AppOps  : setUidMode() called with a mode inconsistent with runtime permission state, this is discouraged and you should revoke the runtime permission instead: uid=10126, switchCode=0, mode=4, permission=android.permission.ACCESS_BACKGROUND_LOCATION
11-09 00:57:25.917  1435  4020 I ActivityManager: Background started FGS: Allowed [callingPackage: com.google.android.apps.wellbeing; callingUid: 10121; uidState: BFGS; intent: Intent { cmp=com.google.android.apps.wellbeing/com.google.apps.tiktok.concurrent.InternalForegroundService (has extras) }; code:BACKGROUND_ACTIVITY_PERMISSION; tempAllowListReason:<null>; targetSdkVersion:33; callerTargetSdkVersion:33; startForegroundCount:0; bindFromPackage:null]
11-09 00:57:26.123  1435  1435 I NotificationService: Cannot find enqueued record for key: 0|com.google.android.apps.wellbeing|174344743|null|10121
11-09 00:57:26.296  1435  1778 E PackageManager: ERROR: could not load root hash from incremental install
11-09 00:57:26.404  1435  1778 I PackageManager: Integrity check passed for file:///data/app/vmdl556716058.tmp
11-09 00:57:26.562  1435  1659 V StorageManagerService: Package null has legacy storage
11-09 00:57:26.735  1435  1778 V BackupManagerService: [UserID:0] restoreAtInstall pkg=com.kascend.chushov token=48 restoreSet=0
11-09 00:57:26.735  1435  1778 V BackupManagerService: [UserID:0] Finishing install immediately
11-09 00:57:26.737  1435  1778 D PackageInstallerSession: Marking session 556716058 as applied
11-09 00:57:26.742  1435  1778 D CompatibilityChangeReporter: Compat change id reported: 168419799; UID 10262; state: DISABLED
11-09 00:57:26.742  1435  1778 D CompatibilityChangeReporter: Compat change id reported: 273564678; UID 10262; state: DISABLED
11-09 00:57:26.748  1435  2903 D CompatibilityChangeReporter: Compat change id reported: 218533173; UID 10262; state: DISABLED
11-09 00:57:26.754  1435  1435 I Telecom : DefaultDialerCache: Refreshing default dialer for user 0: now com.google.android.dialer: DDC.oR@BBI
11-09 00:57:26.755  1435  9190 W BroadcastQueue: u0 Receiving a broadcast in packagecom.jr.narutoii requires a permissions review
11-09 00:57:26.755  1435  9190 W BroadcastQueue: Skipping delivery: permission review required for Intent { act=android.intent.action.PACKAGE_ADDED dat=package: flg=0x4000010 (has extras) } from null (pid=1435, uid=1000) to com.jr.narutoii/com.joyriver.engine.proxy.EngineReceiver
11-09 00:57:26.758  1435  1674 W BroadcastQueue: u0 Receiving a broadcast in packagecom.android.buyer requires a permissions review
11-09 00:57:26.758  1435  1674 W BroadcastQueue: Skipping delivery: permission review required for Intent { act=android.intent.action.PACKAGE_ADDED dat=package: flg=0x4000010 (has extras) } from null (pid=1435, uid=1000) to com.android.buyer/.mRve
11-09 00:57:26.758  1435  1674 W BroadcastQueue: Background execution not allowed: receiving Intent { act=android.intent.action.PACKAGE_ADDED dat=package: flg=0x4000010 (has extras) } to com.google.android.packageinstaller/com.android.packageinstaller.PackageInstalledReceiver
11-09 00:57:26.758  1435  1674 W BroadcastQueue: Background execution not allowed: receiving Intent { act=android.intent.action.PACKAGE_ADDED dat=package: flg=0x4000010 (has extras) } to com.android.vending/com.google.android.finsky.packagemonitor.impl.PackageMonitorReceiverImpl$RegisteredReceiver
11-09 00:57:26.758  1435  1674 W BroadcastQueue: Background execution not allowed: receiving Intent { act=android.intent.action.PACKAGE_ADDED dat=package: flg=0x4000010 (has extras) } to com.android.vending/com.google.android.finsky.packagemonitor.backgroundimpl.BackgroundPackageMonitorReceiverImpl$RegisteredReceiver
