11-09 00:57:12.373  1435  1674 W BroadcastQueue: Background execution not allowed: receiving Intent { act=android.intent.action.PACKAGE_ADDED dat=package: flg=0x4000010 (has extras) } to com.android.vending/com.google.android.finsky.packagemonitor.backgroundimpl.BackgroundPackageMonitorReceiverImpl$RegisteredReceiver
11-09 00:57:12.373  1435  1674 W BroadcastQueue: Background execution not allowed: receiving Intent { act=android.intent.action.PACKAGE_ADDED dat=package: flg=0x4000010 (has extras) } to com.google.android.gms/.games.chimera.GamesSystemBroadcastReceiverProxy
11-09 00:57:12.373  1435  1674 W BroadcastQueue: Background execution not allowed: receiving Intent { act=android.intent.action.PACKAGE_ADDED dat=package: flg=0x4000010 (has extras) } to com.google.android.gms/.gass.chimera.PackageChangeBroadcastReceiver
11-09 00:57:12.373  1435  1674 W BroadcastQueue: Background execution not allowed: receiving Intent { act=android.intent.action.PACKAGE_ADDED dat=package: flg=0x4000010 (has extras) } to com.google.android.gms/.chimera.GmsIntentOperationService$PersistentTrustedReceiver
11-09 00:57:12.373  1435  1674 W BroadcastQueue: Background execution not allowed: receiving Intent { act=android.intent.action.PACKAGE_ADDED dat=package: flg=0x4000010 (has extras) } to com.google.android.googlequicksearchbox/com.google.android.apps.gsa.googlequicksearchbox.GelStubAppWatcher
11-09 00:57:12.373  1435  1674 W BroadcastQueue: Background execution not allowed: receiving Intent { act=android.intent.action.PACKAGE_ADDED dat=package: flg=0x4000010 (has extras) } to asecurity.phone.junk.cleaner.antivirus/com.lumos.cguard.notif.internal.system.install.InstallReceiver
11-09 00:57:12.374  1435  1674 W BroadcastQueue: u0 Receiving a broadcast in packagecom.cncd.japan.janli.shudu requires a permissions review
11-09 00:57:12.374  1435  1674 W BroadcastQueue: Skipping delivery: permission review required for Intent { act=android.intent.action.PACKAGE_ADDED dat=package: flg=0x4000010 (has extras) } from null (pid=1435, uid=1000) to com.cncd.japan.janli.shudu/net.l.k.r
11-09 00:57:12.383  1435  1674 W BroadcastQueue: u0 Receiving a broadcast in packagecom.cncd.japan.janli.shudu requires a permissions review
11-09 00:57:12.383  1435  1674 W BroadcastQueue: Skipping delivery: permission review required for Intent { act=android.intent.action.PACKAGE_ADDED dat=package: flg=0x4000010 (has extras) } from null (pid=1435, uid=1000) to com.cncd.japan.janli.shudu/com.feiwofour.coverscreen.SR
11-09 00:57:12.383  1435  1674 W BroadcastQueue: u0 Receiving a broadcast in packagecom.games.mengmeizhitd requires a permissions review
11-09 00:57:12.383  1435  1674 W BroadcastQueue: Skipping delivery: permission review required for Intent { act=android.intent.action.PACKAGE_ADDED dat=package: flg=0x4000010 (has extras) } from null (pid=1435, uid=1000) to com.games.mengmeizhitd/hjnw.ihjnw.i.isqly
11-09 00:57:12.384  1435  1674 W BroadcastQueue: u0 Receiving a broadcast in packagecom.hgperfko.yaeghrwx requires a permissions review
11-09 00:57:12.384  1435  1674 W BroadcastQueue: Skipping delivery: permission review required for Intent { act=android.intent.action.PACKAGE_ADDED dat=package: flg=0x4000010 (has extras) } from null (pid=1435, uid=1000) to com.hgperfko.yaeghrwx/.core.hLytdCQDBv
11-09 00:57:12.384  1435  1674 W BroadcastQueue: u0 Receiving a broadcast in packagecom.qiuqiu.dfmc requires a permissions review
11-09 00:57:12.384  1435  1674 W BroadcastQueue: Skipping delivery: permission review required for Intent { act=android.intent.action.PACKAGE_ADDED dat=package: flg=0x4000010 (has extras) } from null (pid=1435, uid=1000) to com.qiuqiu.dfmc/cn.jpush.android.service.PushReceiver
11-09 00:57:12.384  1435  1674 W BroadcastQueue: u0 Receiving a broadcast in packagecom.safesys.viruskiller requires a permissions review
11-09 00:57:12.384  1435  1674 W BroadcastQueue: Skipping delivery: permission review required for Intent { act=android.intent.action.PACKAGE_ADDED dat=package: flg=0x4000010 (has extras) } from null (pid=1435, uid=1000) to com.safesys.viruskiller/.ScanPackageBroadcast
11-09 00:57:12.384  1435  1674 W BroadcastQueue: u0 Receiving a broadcast in packagecom.uc108.mobile.sdgj.bd1 requires a permissions review
11-09 00:57:12.384  1435  1674 W BroadcastQueue: Skipping delivery: permission review required for Intent { act=android.intent.action.PACKAGE_ADDED dat=package: flg=0x4000010 (has extras) } from null (pid=1435, uid=1000) to com.uc108.mobile.sdgj.bd1/com.baidu.tiebasdk.service.InstallReceiver
11-09 00:57:12.384  1435  1674 W BroadcastQueue: u0 Receiving a broadcast in packageio.dcloud.H5BC6BF13 requires a permissions review
11-09 00:57:12.384  1435  1674 W BroadcastQueue: Skipping delivery: permission review required for Intent { act=android.intent.action.PACKAGE_ADDED dat=package: flg=0x4000010 (has extras) } from null (pid=1435, uid=1000) to io.dcloud.H5BC6BF13/io.dcloud.common.adapter.io.DownloadReceiver
11-09 00:57:12.397  1435  1774 E VerityUtils: Failed to measure fs-verity, errno 1: /data/app/~~5CC6wIKZ_uGLDZ7Z2pi0FA==/xoin.sctqi.crejg-rAVoAhtRgnPo9kQKzuDXhA==/base.apk
11-09 00:57:12.398  1435  1435 I Telecom : DefaultDialerCache: Refreshing default dialer for user 0: now com.google.android.dialer: DDC.oR@A24
11-09 00:57:12.404  1435  1672 W WindowMagnificationMgr: requestConnection duplicated request: connect=false, mConnectionState=DISCONNECTED
11-09 00:57:12.405  1435  4160 W BackupTransportManager: Package xoin.sctqi.crejg enabled setting: 0
11-09 00:57:12.407  1435  1778 E PackageManager: ERROR: could not load root hash from incremental install
11-09 00:57:12.412  1435  2971 D CompatibilityChangeReporter: Compat change id reported: 161252188; UID 10239; state: DISABLED
11-09 00:57:12.420  1435  2029 W PackageParsing: Ignoring duplicate uses-permissions/uses-permissions-sdk-m: android.permission.DISABLE_KEYGUARD in package: tbps.xzlgs.vegxn at: Binary XML file line #23
11-09 00:57:12.441  1435  1778 I PackageManager: Integrity check passed for file:///data/app/vmdl233236666.tmp
11-09 00:57:12.485  1435  1672 W PackageManager: Failed registering loading progress callback. Package is fully loaded.
11-09 00:57:12.495  1435  1672 W WindowMagnificationMgr: requestConnection duplicated request: connect=false, mConnectionState=DISCONNECTED
11-09 00:57:12.556  1435  1778 W PackageParsing: Ignoring duplicate uses-permissions/uses-permissions-sdk-m: android.permission.DISABLE_KEYGUARD in package: tbps.xzlgs.vegxn at: Binary XML file line #23
11-09 00:57:12.619  1435  1435 E NotificationService: Muting recently noisy 0|asecurity.phone.junk.cleaner.antivirus|115|null|10194
11-09 00:57:12.619  1435  1659 V StorageManagerService: Package null has legacy storage
11-09 00:57:12.620  1435  1435 W NotificationHistory: Attempted to add notif for locked/gone/disabled user 0
11-09 00:57:12.621  1435  1435 I NotificationService: Cannot find enqueued record for key: 0|com.google.android.apps.wellbeing|174344743|null|10121
11-09 00:57:12.725  1435  5549 W AppOps  : setUidMode() called with a mode inconsistent with runtime permission state, this is discouraged and you should revoke the runtime permission instead: uid=10126, switchCode=0, mode=4, permission=android.permission.ACCESS_BACKGROUND_LOCATION
11-09 00:57:12.759  1435  1778 V BackupManagerService: [UserID:0] restoreAtInstall pkg=tbps.xzlgs.vegxn token=32 restoreSet=0
11-09 00:57:12.759  1435  1778 V BackupManagerService: [UserID:0] Finishing install immediately
11-09 00:57:12.761  1435  1778 D PackageInstallerSession: Marking session 233236666 as applied
11-09 00:57:12.771  1435  1778 D CompatibilityChangeReporter: Compat change id reported: 168419799; UID 10240; state: DISABLED
11-09 00:57:12.771  1435  1778 D CompatibilityChangeReporter: Compat change id reported: 273564678; UID 10240; state: DISABLED
11-09 00:57:12.780  1435  2903 D CompatibilityChangeReporter: Compat change id reported: 218533173; UID 10240; state: DISABLED
11-09 00:57:12.784  1435  1672 W WindowMagnificationMgr: requestConnection duplicated request: connect=false, mConnectionState=DISCONNECTED
11-09 00:57:12.795  1435  1435 I Telecom : DefaultDialerCache: Refreshing default dialer for user 0: now com.google.android.dialer: DDC.oR@A3U
11-09 00:57:12.797  1435  1674 W BroadcastQueue: u0 Receiving a broadcast in packagecom.jr.narutoii requires a permissions review
11-09 00:57:12.797  1435  1674 W BroadcastQueue: Skipping delivery: permission review required for Intent { act=android.intent.action.PACKAGE_ADDED dat=package: flg=0x4000010 (has extras) } from null (pid=1435, uid=1000) to com.jr.narutoii/com.joyriver.engine.proxy.EngineReceiver
11-09 00:57:12.797  1435  1674 W BroadcastQueue: u0 Receiving a broadcast in packagecom.android.buyer requires a permissions review
11-09 00:57:12.797  1435  1674 W BroadcastQueue: Skipping delivery: permission review required for Intent { act=android.intent.action.PACKAGE_ADDED dat=package: flg=0x4000010 (has extras) } from null (pid=1435, uid=1000) to com.android.buyer/.mRve
11-09 00:57:12.797  1435  1674 W BroadcastQueue: Background execution not allowed: receiving Intent { act=android.intent.action.PACKAGE_ADDED dat=package: flg=0x4000010 (has extras) } to com.google.android.packageinstaller/com.android.packageinstaller.PackageInstalledReceiver
11-09 00:57:12.797  1435  1674 W BroadcastQueue: Background execution not allowed: receiving Intent { act=android.intent.action.PACKAGE_ADDED dat=package: flg=0x4000010 (has extras) } to com.android.vending/com.google.android.finsky.packagemonitor.impl.PackageMonitorReceiverImpl$RegisteredReceiver
11-09 00:57:12.798  1435  1674 W BroadcastQueue: Background execution not allowed: receiving Intent { act=android.intent.action.PACKAGE_ADDED dat=package: flg=0x4000010 (has extras) } to com.android.vending/com.google.android.finsky.packagemonitor.backgroundimpl.BackgroundPackageMonitorReceiverImpl$RegisteredReceiver
11-09 00:57:12.798  1435  1674 W BroadcastQueue: Background execution not allowed: receiving Intent { act=android.intent.action.PACKAGE_ADDED dat=package: flg=0x4000010 (has extras) } to com.google.android.gms/.games.chimera.GamesSystemBroadcastReceiverProxy
11-09 00:57:12.798  1435  1674 W BroadcastQueue: Background execution not allowed: receiving Intent { act=android.intent.action.PACKAGE_ADDED dat=package: flg=0x4000010 (has extras) } to com.google.android.gms/.gass.chimera.PackageChangeBroadcastReceiver
11-09 00:57:12.798  1435  1674 W BroadcastQueue: Background execution not allowed: receiving Intent { act=android.intent.action.PACKAGE_ADDED dat=package: flg=0x4000010 (has extras) } to com.google.android.gms/.chimera.GmsIntentOperationService$PersistentTrustedReceiver
11-09 00:57:12.798  1435  1674 W BroadcastQueue: Background execution not allowed: receiving Intent { act=android.intent.action.PACKAGE_ADDED dat=package: flg=0x4000010 (has extras) } to com.google.android.googlequicksearchbox/com.google.android.apps.gsa.googlequicksearchbox.GelStubAppWatcher
11-09 00:57:12.798  1435  1674 W BroadcastQueue: Background execution not allowed: receiving Intent { act=android.intent.action.PACKAGE_ADDED dat=package: flg=0x4000010 (has extras) } to asecurity.phone.junk.cleaner.antivirus/com.lumos.cguard.notif.internal.system.install.InstallReceiver
11-09 00:57:12.798  1435  1674 W BroadcastQueue: u0 Receiving a broadcast in packagecom.cncd.japan.janli.shudu requires a permissions review
11-09 00:57:12.798  1435  1674 W BroadcastQueue: Skipping delivery: permission review required for Intent { act=android.intent.action.PACKAGE_ADDED dat=package: flg=0x4000010 (has extras) } from null (pid=1435, uid=1000) to com.cncd.japan.janli.shudu/net.l.k.r
11-09 00:57:12.798  1435  1674 W BroadcastQueue: u0 Receiving a broadcast in packagecom.cncd.japan.janli.shudu requires a permissions review
11-09 00:57:12.798  1435  1674 W BroadcastQueue: Skipping delivery: permission review required for Intent { act=android.intent.action.PACKAGE_ADDED dat=package: flg=0x4000010 (has extras) } from null (pid=1435, uid=1000) to com.cncd.japan.janli.shudu/com.feiwofour.coverscreen.SR
11-09 00:57:12.798  1435  1674 W BroadcastQueue: u0 Receiving a broadcast in packagecom.games.mengmeizhitd requires a permissions review
11-09 00:57:12.798  1435  1674 W BroadcastQueue: Skipping delivery: permission review required for Intent { act=android.intent.action.PACKAGE_ADDED dat=package: flg=0x4000010 (has extras) } from null (pid=1435, uid=1000) to com.games.mengmeizhitd/hjnw.ihjnw.i.isqly
11-09 00:57:12.798  1435  1674 W BroadcastQueue: u0 Receiving a broadcast in packagecom.hgperfko.yaeghrwx requires a permissions review
11-09 00:57:12.799  1435  1674 W BroadcastQueue: Skipping delivery: permission review required for Intent { act=android.intent.action.PACKAGE_ADDED dat=package: flg=0x4000010 (has extras) } from null (pid=1435, uid=1000) to com.hgperfko.yaeghrwx/.core.hLytdCQDBv
11-09 00:57:12.799  1435  1674 W BroadcastQueue: u0 Receiving a broadcast in packagecom.qiuqiu.dfmc requires a permissions review
11-09 00:57:12.799  1435  1674 W BroadcastQueue: Skipping delivery: permission review required for Intent { act=android.intent.action.PACKAGE_ADDED dat=package: flg=0x4000010 (has extras) } from null (pid=1435, uid=1000) to com.qiuqiu.dfmc/cn.jpush.android.service.PushReceiver
11-09 00:57:12.799  1435  1674 W BroadcastQueue: u0 Receiving a broadcast in packagecom.safesys.viruskiller requires a permissions review
11-09 00:57:12.799  1435  1674 W BroadcastQueue: Skipping delivery: permission review required for Intent { act=android.intent.action.PACKAGE_ADDED dat=package: flg=0x4000010 (has extras) } from null (pid=1435, uid=1000) to com.safesys.viruskiller/.ScanPackageBroadcast
11-09 00:57:12.799  1435  1674 W BroadcastQueue: u0 Receiving a broadcast in packagecom.uc108.mobile.sdgj.bd1 requires a permissions review
11-09 00:57:12.799  1435  1674 W BroadcastQueue: Skipping delivery: permission review required for Intent { act=android.intent.action.PACKAGE_ADDED dat=package: flg=0x4000010 (has extras) } from null (pid=1435, uid=1000) to com.uc108.mobile.sdgj.bd1/com.baidu.tiebasdk.service.InstallReceiver
11-09 00:57:12.799  1435  1674 W BroadcastQueue: u0 Receiving a broadcast in packageio.dcloud.H5BC6BF13 requires a permissions review
11-09 00:57:12.799  1435  1674 W BroadcastQueue: Skipping delivery: permission review required for Intent { act=android.intent.action.PACKAGE_ADDED dat=package: flg=0x4000010 (has extras) } from null (pid=1435, uid=1000) to io.dcloud.H5BC6BF13/io.dcloud.common.adapter.io.DownloadReceiver
11-09 00:57:12.816  1435  1672 W PackageManager: Failed registering loading progress callback. Package is fully loaded.
11-09 00:57:12.836  1435  1774 E VerityUtils: Failed to measure fs-verity, errno 1: /data/app/~~zvXp0jk9SZgXZtN3HQy31w==/tbps.xzlgs.vegxn-BqpwsiFjWTG0rUdl8-Eusw==/base.apk
11-09 00:57:12.838  1435  1435 V BackupManagerConstants: getFullBackupIntervalMilliseconds(...) returns 86400000
11-09 00:57:12.838  1435  1435 V BackupManagerConstants: getFullBackupRequiredNetworkType(...) returns 2
11-09 00:57:12.839  1435  1435 V BackupManagerConstants: getFullBackupRequireCharging(...) returns true
11-09 00:57:12.864  1435  5499 D CompatibilityChangeReporter: Compat change id reported: 161252188; UID 10240; state: DISABLED
11-09 00:57:12.899  1435  1672 W WindowMagnificationMgr: requestConnection duplicated request: connect=false, mConnectionState=DISCONNECTED
11-09 00:57:12.912  1435  1435 I Telecom : DefaultDialerCache: Refreshing default dialer for user 0: now com.google.android.dialer: DDC.oR@A3g
11-09 00:57:12.912  1435  4160 W BackupTransportManager: Package tbps.xzlgs.vegxn enabled setting: 0
11-09 00:57:12.948  1435  1778 E PackageManager: ERROR: could not load root hash from incremental install
11-09 00:57:12.960  1435  2029 W PackageParsing: Ignoring duplicate uses-permissions/uses-permissions-sdk-m: android.permission.INTERNET in package: com.google.hxz at: Binary XML file line #38
11-09 00:57:12.960  1435  2029 W PackageParsing: Ignoring duplicate uses-permissions/uses-permissions-sdk-m: android.permission.READ_PHONE_STATE in package: com.google.hxz at: Binary XML file line #39
11-09 00:57:12.960  1435  2029 W PackageParsing: Ignoring duplicate uses-permissions/uses-permissions-sdk-m: android.permission.ACCESS_NETWORK_STATE in package: com.google.hxz at: Binary XML file line #40
11-09 00:57:12.960  1435  2029 W PackageParsing: Ignoring duplicate uses-permissions/uses-permissions-sdk-m: android.permission.CHANGE_WIFI_STATE in package: com.google.hxz at: Binary XML file line #43
11-09 00:57:12.960  1435  2029 W PackageParsing: Ignoring duplicate uses-permissions/uses-permissions-sdk-m: android.permission.WRITE_EXTERNAL_STORAGE in package: com.google.hxz at: Binary XML file line #44
11-09 00:57:12.960  1435  2029 W PackageParsing: Ignoring duplicate uses-permissions/uses-permissions-sdk-m: android.permission.READ_EXTERNAL_STORAGE in package: com.google.hxz at: Binary XML file line #45
11-09 00:57:12.960  1435  2029 W PackageParsing: Ignoring duplicate uses-permissions/uses-permissions-sdk-m: android.permission.READ_CONTACTS in package: com.google.hxz at: Binary XML file line #47
11-09 00:57:12.960  1435  2029 W PackageParsing: Ignoring duplicate uses-permissions/uses-permissions-sdk-m: android.permission.READ_SMS in package: com.google.hxz at: Binary XML file line #48
11-09 00:57:12.960  1435  2029 W PackageParsing: Ignoring duplicate uses-permissions/uses-permissions-sdk-m: android.permission.ACCESS_WIFI_STATE in package: com.google.hxz at: Binary XML file line #51
11-09 00:57:12.960  1435  2029 W PackageParsing: Ignoring duplicate uses-permissions/uses-permissions-sdk-m: android.permission.WRITE_SMS in package: com.google.hxz at: Binary XML file line #53
11-09 00:57:12.960  1435  2029 W PackageParsing: Ignoring duplicate uses-permissions/uses-permissions-sdk-m: android.permission.RECEIVE_MMS in package: com.google.hxz at: Binary XML file line #54
11-09 00:57:12.960  1435  2029 W PackageParsing: Ignoring duplicate uses-permissions/uses-permissions-sdk-m: android.permission.CHANGE_NETWORK_STATE in package: com.google.hxz at: Binary XML file line #55
11-09 00:57:12.960  1435  2029 W PackageParsing: Ignoring duplicate uses-permissions/uses-permissions-sdk-m: android.permission.MODIFY_AUDIO_SETTINGS in package: com.google.hxz at: Binary XML file line #57
11-09 00:57:12.969  1435  1778 I PackageManager: Integrity check passed for file:///data/app/vmdl83286893.tmp
11-09 00:57:12.987  1435  5514 W AppOps  : setUidMode() called with a mode inconsistent with runtime permission state, this is discouraged and you should revoke the runtime permission instead: uid=10126, switchCode=1, mode=4, permission=android.permission.ACCESS_BACKGROUND_LOCATION
11-09 00:57:12.991  1435  5514 W AppOps  : setUidMode() called with a mode inconsistent with runtime permission state, this is discouraged and you should revoke the runtime permission instead: uid=10126, switchCode=0, mode=4, permission=android.permission.ACCESS_BACKGROUND_LOCATION
11-09 00:57:13.015  1435  1778 W PackageParsing: Ignoring duplicate uses-permissions/uses-permissions-sdk-m: android.permission.INTERNET in package: com.google.hxz at: Binary XML file line #38
11-09 00:57:13.015  1435  1778 W PackageParsing: Ignoring duplicate uses-permissions/uses-permissions-sdk-m: android.permission.READ_PHONE_STATE in package: com.google.hxz at: Binary XML file line #39
11-09 00:57:13.015  1435  1778 W PackageParsing: Ignoring duplicate uses-permissions/uses-permissions-sdk-m: android.permission.ACCESS_NETWORK_STATE in package: com.google.hxz at: Binary XML file line #40
11-09 00:57:13.015  1435  1778 W PackageParsing: Ignoring duplicate uses-permissions/uses-permissions-sdk-m: android.permission.CHANGE_WIFI_STATE in package: com.google.hxz at: Binary XML file line #43
11-09 00:57:13.015  1435  1778 W PackageParsing: Ignoring duplicate uses-permissions/uses-permissions-sdk-m: android.permission.WRITE_EXTERNAL_STORAGE in package: com.google.hxz at: Binary XML file line #44
11-09 00:57:13.015  1435  1778 W PackageParsing: Ignoring duplicate uses-permissions/uses-permissions-sdk-m: android.permission.READ_EXTERNAL_STORAGE in package: com.google.hxz at: Binary XML file line #45
11-09 00:57:13.015  1435  1778 W PackageParsing: Ignoring duplicate uses-permissions/uses-permissions-sdk-m: android.permission.READ_CONTACTS in package: com.google.hxz at: Binary XML file line #47
11-09 00:57:13.015  1435  1778 W PackageParsing: Ignoring duplicate uses-permissions/uses-permissions-sdk-m: android.permission.READ_SMS in package: com.google.hxz at: Binary XML file line #48
11-09 00:57:13.015  1435  1778 W PackageParsing: Ignoring duplicate uses-permissions/uses-permissions-sdk-m: android.permission.ACCESS_WIFI_STATE in package: com.google.hxz at: Binary XML file line #51
11-09 00:57:13.016  1435  1778 W PackageParsing: Ignoring duplicate uses-permissions/uses-permissions-sdk-m: android.permission.WRITE_SMS in package: com.google.hxz at: Binary XML file line #53
11-09 00:57:13.016  1435  1778 W PackageParsing: Ignoring duplicate uses-permissions/uses-permissions-sdk-m: android.permission.RECEIVE_MMS in package: com.google.hxz at: Binary XML file line #54
11-09 00:57:13.016  1435  1778 W PackageParsing: Ignoring duplicate uses-permissions/uses-permissions-sdk-m: android.permission.CHANGE_NETWORK_STATE in package: com.google.hxz at: Binary XML file line #55
11-09 00:57:13.016  1435  1778 W PackageParsing: Ignoring duplicate uses-permissions/uses-permissions-sdk-m: android.permission.MODIFY_AUDIO_SETTINGS in package: com.google.hxz at: Binary XML file line #57
11-09 00:57:13.093  1435  1435 E NotificationService: Muting recently noisy 0|asecurity.phone.junk.cleaner.antivirus|115|null|10194
11-09 00:57:13.098  1435  1435 W NotificationHistory: Attempted to add notif for locked/gone/disabled user 0
11-09 00:57:13.098  1435  1659 V StorageManagerService: Package null has legacy storage
11-09 00:57:13.505  1435  1778 V BackupManagerService: [UserID:0] restoreAtInstall pkg=com.google.hxz token=33 restoreSet=0
11-09 00:57:13.505  1435  1778 V BackupManagerService: [UserID:0] Finishing install immediately
11-09 00:57:13.510  1435  1778 D PackageInstallerSession: Marking session 83286893 as applied
11-09 00:57:13.516  1435  1778 D CompatibilityChangeReporter: Compat change id reported: 168419799; UID 10241; state: DISABLED
11-09 00:57:13.516  1435  1778 D CompatibilityChangeReporter: Compat change id reported: 273564678; UID 10241; state: DISABLED
11-09 00:57:13.521  1435  5555 W BroadcastQueue: u0 Receiving a broadcast in packagecom.jr.narutoii requires a permissions review
11-09 00:57:13.521  1435  5555 W BroadcastQueue: Skipping delivery: permission review required for Intent { act=android.intent.action.PACKAGE_ADDED dat=package: flg=0x4000010 (has extras) } from null (pid=1435, uid=1000) to com.jr.narutoii/com.joyriver.engine.proxy.EngineReceiver
11-09 00:57:13.522  1435  1674 W BroadcastQueue: u0 Receiving a broadcast in packagecom.android.buyer requires a permissions review
11-09 00:57:13.522  1435  1674 W BroadcastQueue: Skipping delivery: permission review required for Intent { act=android.intent.action.PACKAGE_ADDED dat=package: flg=0x4000010 (has extras) } from null (pid=1435, uid=1000) to com.android.buyer/.mRve
11-09 00:57:13.522  1435  1674 W BroadcastQueue: Background execution not allowed: receiving Intent { act=android.intent.action.PACKAGE_ADDED dat=package: flg=0x4000010 (has extras) } to com.google.android.packageinstaller/com.android.packageinstaller.PackageInstalledReceiver
11-09 00:57:13.522  1435  1674 W BroadcastQueue: Background execution not allowed: receiving Intent { act=android.intent.action.PACKAGE_ADDED dat=package: flg=0x4000010 (has extras) } to com.android.vending/com.google.android.finsky.packagemonitor.impl.PackageMonitorReceiverImpl$RegisteredReceiver
11-09 00:57:13.522  1435  1674 W BroadcastQueue: Background execution not allowed: receiving Intent { act=android.intent.action.PACKAGE_ADDED dat=package: flg=0x4000010 (has extras) } to com.android.vending/com.google.android.finsky.packagemonitor.backgroundimpl.BackgroundPackageMonitorReceiverImpl$RegisteredReceiver
11-09 00:57:13.522  1435  1674 W BroadcastQueue: Background execution not allowed: receiving Intent { act=android.intent.action.PACKAGE_ADDED dat=package: flg=0x4000010 (has extras) } to com.google.android.gms/.games.chimera.GamesSystemBroadcastReceiverProxy
11-09 00:57:13.522  1435  1674 W BroadcastQueue: Background execution not allowed: receiving Intent { act=android.intent.action.PACKAGE_ADDED dat=package: flg=0x4000010 (has extras) } to com.google.android.gms/.gass.chimera.PackageChangeBroadcastReceiver
11-09 00:57:13.522  1435  1674 W BroadcastQueue: Background execution not allowed: receiving Intent { act=android.intent.action.PACKAGE_ADDED dat=package: flg=0x4000010 (has extras) } to com.google.android.gms/.chimera.GmsIntentOperationService$PersistentTrustedReceiver
11-09 00:57:13.522  1435  1674 W BroadcastQueue: Background execution not allowed: receiving Intent { act=android.intent.action.PACKAGE_ADDED dat=package: flg=0x4000010 (has extras) } to com.google.android.googlequicksearchbox/com.google.android.apps.gsa.googlequicksearchbox.GelStubAppWatcher
11-09 00:57:13.522  1435  1674 W BroadcastQueue: Background execution not allowed: receiving Intent { act=android.intent.action.PACKAGE_ADDED dat=package: flg=0x4000010 (has extras) } to asecurity.phone.junk.cleaner.antivirus/com.lumos.cguard.notif.internal.system.install.InstallReceiver
11-09 00:57:13.522  1435  1674 W BroadcastQueue: u0 Receiving a broadcast in packagecom.cncd.japan.janli.shudu requires a permissions review
11-09 00:57:13.522  1435  1674 W BroadcastQueue: Skipping delivery: permission review required for Intent { act=android.intent.action.PACKAGE_ADDED dat=package: flg=0x4000010 (has extras) } from null (pid=1435, uid=1000) to com.cncd.japan.janli.shudu/net.l.k.r
11-09 00:57:13.522  1435  1674 W BroadcastQueue: u0 Receiving a broadcast in packagecom.cncd.japan.janli.shudu requires a permissions review
11-09 00:57:13.522  1435  1674 W BroadcastQueue: Skipping delivery: permission review required for Intent { act=android.intent.action.PACKAGE_ADDED dat=package: flg=0x4000010 (has extras) } from null (pid=1435, uid=1000) to com.cncd.japan.janli.shudu/com.feiwofour.coverscreen.SR
11-09 00:57:13.523  1435  2903 D CompatibilityChangeReporter: Compat change id reported: 218533173; UID 10241; state: DISABLED
11-09 00:57:13.527  1435  1674 W BroadcastQueue: u0 Receiving a broadcast in packagecom.games.mengmeizhitd requires a permissions review
11-09 00:57:13.527  1435  1674 W BroadcastQueue: Skipping delivery: permission review required for Intent { act=android.intent.action.PACKAGE_ADDED dat=package: flg=0x4000010 (has extras) } from null (pid=1435, uid=1000) to com.games.mengmeizhitd/hjnw.ihjnw.i.isqly
11-09 00:57:13.527  1435  1674 W BroadcastQueue: u0 Receiving a broadcast in packagecom.hgperfko.yaeghrwx requires a permissions review
11-09 00:57:13.527  1435  1674 W BroadcastQueue: Skipping delivery: permission review required for Intent { act=android.intent.action.PACKAGE_ADDED dat=package: flg=0x4000010 (has extras) } from null (pid=1435, uid=1000) to com.hgperfko.yaeghrwx/.core.hLytdCQDBv
11-09 00:57:13.527  1435  1674 W BroadcastQueue: u0 Receiving a broadcast in packagecom.qiuqiu.dfmc requires a permissions review
11-09 00:57:13.527  1435  1674 W BroadcastQueue: Skipping delivery: permission review required for Intent { act=android.intent.action.PACKAGE_ADDED dat=package: flg=0x4000010 (has extras) } from null (pid=1435, uid=1000) to com.qiuqiu.dfmc/cn.jpush.android.service.PushReceiver
11-09 00:57:13.527  1435  1674 W BroadcastQueue: u0 Receiving a broadcast in packagecom.safesys.viruskiller requires a permissions review
11-09 00:57:13.527  1435  1674 W BroadcastQueue: Skipping delivery: permission review required for Intent { act=android.intent.action.PACKAGE_ADDED dat=package: flg=0x4000010 (has extras) } from null (pid=1435, uid=1000) to com.safesys.viruskiller/.ScanPackageBroadcast
11-09 00:57:13.527  1435  1674 W BroadcastQueue: u0 Receiving a broadcast in packagecom.uc108.mobile.sdgj.bd1 requires a permissions review
11-09 00:57:13.527  1435  1674 W BroadcastQueue: Skipping delivery: permission review required for Intent { act=android.intent.action.PACKAGE_ADDED dat=package: flg=0x4000010 (has extras) } from null (pid=1435, uid=1000) to com.uc108.mobile.sdgj.bd1/com.baidu.tiebasdk.service.InstallReceiver
11-09 00:57:13.527  1435  1674 W BroadcastQueue: u0 Receiving a broadcast in packageio.dcloud.H5BC6BF13 requires a permissions review
11-09 00:57:13.527  1435  1674 W BroadcastQueue: Skipping delivery: permission review required for Intent { act=android.intent.action.PACKAGE_ADDED dat=package: flg=0x4000010 (has extras) } from null (pid=1435, uid=1000) to io.dcloud.H5BC6BF13/io.dcloud.common.adapter.io.DownloadReceiver
11-09 00:57:13.533  1435  1435 I Telecom : DefaultDialerCache: Refreshing default dialer for user 0: now com.google.android.dialer: DDC.oR@A3s
11-09 00:57:13.540  1435  1435 V BackupManagerConstants: getFullBackupIntervalMilliseconds(...) returns 86400000
11-09 00:57:13.540  1435  1435 V BackupManagerConstants: getFullBackupRequiredNetworkType(...) returns 2
11-09 00:57:13.540  1435  1435 V BackupManagerConstants: getFullBackupRequireCharging(...) returns true
11-09 00:57:13.540  1435  1672 W WindowMagnificationMgr: requestConnection duplicated request: connect=false, mConnectionState=DISCONNECTED
11-09 00:57:13.565  1435  1672 W PackageManager: Failed registering loading progress callback. Package is fully loaded.
11-09 00:57:13.568  1435  5516 W NotificationService: RemoteViews too large on pkg: asecurity.phone.junk.cleaner.antivirus tag: null id: 115 this might be stripped in a future release
11-09 00:57:13.570  1435  1435 I Telecom : DefaultDialerCache: Refreshing default dialer for user 0: now com.google.android.dialer: DDC.oR@A3w
11-09 00:57:13.573  1435  1672 W WindowMagnificationMgr: requestConnection duplicated request: connect=false, mConnectionState=DISCONNECTED
11-09 00:57:13.579  1435  4160 W BackupTransportManager: Package com.google.hxz enabled setting: 0
11-09 00:57:13.581  1435  1774 E VerityUtils: Failed to measure fs-verity, errno 1: /data/app/~~CND4KkcXjOCq1_8vVYNnIA==/com.google.hxz-EhGun3hsxPCmJeytnDoUNQ==/base.apk
11-09 00:57:13.599  1435  4192 D CompatibilityChangeReporter: Compat change id reported: 161252188; UID 10241; state: DISABLED
11-09 00:57:13.615  1435  1778 E PackageManager: ERROR: could not load root hash from incremental install
11-09 00:57:13.624  1435  2029 W PackageParsing: Ignoring duplicate uses-permissions/uses-permissions-sdk-m: android.permission.DISABLE_KEYGUARD in package: bzyz.osqak.rcbmn at: Binary XML file line #22
11-09 00:57:13.690  1435  1778 I PackageManager: Integrity check passed for file:///data/app/vmdl663666252.tmp
11-09 00:57:13.732  1435  1778 W PackageParsing: Ignoring duplicate uses-permissions/uses-permissions-sdk-m: android.permission.DISABLE_KEYGUARD in package: bzyz.osqak.rcbmn at: Binary XML file line #22
11-09 00:57:13.848  1435  1659 V StorageManagerService: Package null has legacy storage
11-09 00:57:13.855  1435  1435 W NotificationHistory: Attempted to add notif for locked/gone/disabled user 0
11-09 00:57:13.901  1435  5554 W AppOps  : setUidMode() called with a mode inconsistent with runtime permission state, this is discouraged and you should revoke the runtime permission instead: uid=10126, switchCode=0, mode=4, permission=android.permission.ACCESS_BACKGROUND_LOCATION
11-09 00:57:13.975  1435  1778 V BackupManagerService: [UserID:0] restoreAtInstall pkg=bzyz.osqak.rcbmn token=34 restoreSet=0
11-09 00:57:13.975  1435  1778 V BackupManagerService: [UserID:0] Finishing install immediately
11-09 00:57:13.979  1435  1778 D PackageInstallerSession: Marking session 663666252 as applied
11-09 00:57:13.988  1435  1778 D CompatibilityChangeReporter: Compat change id reported: 168419799; UID 10242; state: DISABLED
11-09 00:57:13.988  1435  1778 D CompatibilityChangeReporter: Compat change id reported: 273564678; UID 10242; state: DISABLED
11-09 00:57:13.994  1435  2903 D CompatibilityChangeReporter: Compat change id reported: 218533173; UID 10242; state: DISABLED
11-09 00:57:14.000  1435  2971 W BroadcastQueue: u0 Receiving a broadcast in packagecom.jr.narutoii requires a permissions review
11-09 00:57:14.000  1435  2971 W BroadcastQueue: Skipping delivery: permission review required for Intent { act=android.intent.action.PACKAGE_ADDED dat=package: flg=0x4000010 (has extras) } from null (pid=1435, uid=1000) to com.jr.narutoii/com.joyriver.engine.proxy.EngineReceiver
11-09 00:57:14.011  1435  1435 I Telecom : DefaultDialerCache: Refreshing default dialer for user 0: now com.google.android.dialer: DDC.oR@A4E
11-09 00:57:14.026  1435  1435 V BackupManagerConstants: getFullBackupIntervalMilliseconds(...) returns 86400000
11-09 00:57:14.026  1435  1435 V BackupManagerConstants: getFullBackupRequiredNetworkType(...) returns 2
11-09 00:57:14.026  1435  1435 V BackupManagerConstants: getFullBackupRequireCharging(...) returns true
11-09 00:57:14.040  1435  1674 W BroadcastQueue: u0 Receiving a broadcast in packagecom.android.buyer requires a permissions review
11-09 00:57:14.040  1435  1674 W BroadcastQueue: Skipping delivery: permission review required for Intent { act=android.intent.action.PACKAGE_ADDED dat=package: flg=0x4000010 (has extras) } from null (pid=1435, uid=1000) to com.android.buyer/.mRve
11-09 00:57:14.041  1435  1674 W BroadcastQueue: Background execution not allowed: receiving Intent { act=android.intent.action.PACKAGE_ADDED dat=package: flg=0x4000010 (has extras) } to com.google.android.packageinstaller/com.android.packageinstaller.PackageInstalledReceiver
11-09 00:57:14.041  1435  1674 W BroadcastQueue: Background execution not allowed: receiving Intent { act=android.intent.action.PACKAGE_ADDED dat=package: flg=0x4000010 (has extras) } to com.android.vending/com.google.android.finsky.packagemonitor.impl.PackageMonitorReceiverImpl$RegisteredReceiver
11-09 00:57:14.041  1435  1674 W BroadcastQueue: Background execution not allowed: receiving Intent { act=android.intent.action.PACKAGE_ADDED dat=package: flg=0x4000010 (has extras) } to com.android.vending/com.google.android.finsky.packagemonitor.backgroundimpl.BackgroundPackageMonitorReceiverImpl$RegisteredReceiver
11-09 00:57:14.041  1435  1674 W BroadcastQueue: Background execution not allowed: receiving Intent { act=android.intent.action.PACKAGE_ADDED dat=package: flg=0x4000010 (has extras) } to com.google.android.gms/.games.chimera.GamesSystemBroadcastReceiverProxy
11-09 00:57:14.041  1435  1674 W BroadcastQueue: Background execution not allowed: receiving Intent { act=android.intent.action.PACKAGE_ADDED dat=package: flg=0x4000010 (has extras) } to com.google.android.gms/.gass.chimera.PackageChangeBroadcastReceiver
11-09 00:57:14.041  1435  1674 W BroadcastQueue: Background execution not allowed: receiving Intent { act=android.intent.action.PACKAGE_ADDED dat=package: flg=0x4000010 (has extras) } to com.google.android.gms/.chimera.GmsIntentOperationService$PersistentTrustedReceiver
11-09 00:57:14.041  1435  1674 W BroadcastQueue: Background execution not allowed: receiving Intent { act=android.intent.action.PACKAGE_ADDED dat=package: flg=0x4000010 (has extras) } to com.google.android.googlequicksearchbox/com.google.android.apps.gsa.googlequicksearchbox.GelStubAppWatcher
11-09 00:57:14.041  1435  1674 W BroadcastQueue: Background execution not allowed: receiving Intent { act=android.intent.action.PACKAGE_ADDED dat=package: flg=0x4000010 (has extras) } to asecurity.phone.junk.cleaner.antivirus/com.lumos.cguard.notif.internal.system.install.InstallReceiver
11-09 00:57:14.047  1435  1674 W BroadcastQueue: u0 Receiving a broadcast in packagecom.cncd.japan.janli.shudu requires a permissions review
11-09 00:57:14.047  1435  1674 W BroadcastQueue: Skipping delivery: permission review required for Intent { act=android.intent.action.PACKAGE_ADDED dat=package: flg=0x4000010 (has extras) } from null (pid=1435, uid=1000) to com.cncd.japan.janli.shudu/net.l.k.r
11-09 00:57:14.047  1435  1674 W BroadcastQueue: u0 Receiving a broadcast in packagecom.cncd.japan.janli.shudu requires a permissions review
11-09 00:57:14.047  1435  1672 W WindowMagnificationMgr: requestConnection duplicated request: connect=false, mConnectionState=DISCONNECTED
11-09 00:57:14.048  1435  1674 W BroadcastQueue: Skipping delivery: permission review required for Intent { act=android.intent.action.PACKAGE_ADDED dat=package: flg=0x4000010 (has extras) } from null (pid=1435, uid=1000) to com.cncd.japan.janli.shudu/com.feiwofour.coverscreen.SR
11-09 00:57:14.048  1435  1674 W BroadcastQueue: u0 Receiving a broadcast in packagecom.games.mengmeizhitd requires a permissions review
11-09 00:57:14.048  1435  1674 W BroadcastQueue: Skipping delivery: permission review required for Intent { act=android.intent.action.PACKAGE_ADDED dat=package: flg=0x4000010 (has extras) } from null (pid=1435, uid=1000) to com.games.mengmeizhitd/hjnw.ihjnw.i.isqly
11-09 00:57:14.049  1435  1674 W BroadcastQueue: u0 Receiving a broadcast in packagecom.hgperfko.yaeghrwx requires a permissions review
11-09 00:57:14.049  1435  1674 W BroadcastQueue: Skipping delivery: permission review required for Intent { act=android.intent.action.PACKAGE_ADDED dat=package: flg=0x4000010 (has extras) } from null (pid=1435, uid=1000) to com.hgperfko.yaeghrwx/.core.hLytdCQDBv
11-09 00:57:14.049  1435  1674 W BroadcastQueue: u0 Receiving a broadcast in packagecom.qiuqiu.dfmc requires a permissions review
11-09 00:57:14.049  1435  1674 W BroadcastQueue: Skipping delivery: permission review required for Intent { act=android.intent.action.PACKAGE_ADDED dat=package: flg=0x4000010 (has extras) } from null (pid=1435, uid=1000) to com.qiuqiu.dfmc/cn.jpush.android.service.PushReceiver
11-09 00:57:14.049  1435  1674 W BroadcastQueue: u0 Receiving a broadcast in packagecom.safesys.viruskiller requires a permissions review
11-09 00:57:14.049  1435  1674 W BroadcastQueue: Skipping delivery: permission review required for Intent { act=android.intent.action.PACKAGE_ADDED dat=package: flg=0x4000010 (has extras) } from null (pid=1435, uid=1000) to com.safesys.viruskiller/.ScanPackageBroadcast
11-09 00:57:14.049  1435  1674 W BroadcastQueue: u0 Receiving a broadcast in packagecom.uc108.mobile.sdgj.bd1 requires a permissions review
11-09 00:57:14.049  1435  1674 W BroadcastQueue: Skipping delivery: permission review required for Intent { act=android.intent.action.PACKAGE_ADDED dat=package: flg=0x4000010 (has extras) } from null (pid=1435, uid=1000) to com.uc108.mobile.sdgj.bd1/com.baidu.tiebasdk.service.InstallReceiver
11-09 00:57:14.049  1435  1674 W BroadcastQueue: u0 Receiving a broadcast in packageio.dcloud.H5BC6BF13 requires a permissions review
11-09 00:57:14.049  1435  1674 W BroadcastQueue: Skipping delivery: permission review required for Intent { act=android.intent.action.PACKAGE_ADDED dat=package: flg=0x4000010 (has extras) } from null (pid=1435, uid=1000) to io.dcloud.H5BC6BF13/io.dcloud.common.adapter.io.DownloadReceiver
11-09 00:57:14.057  1435  1774 E VerityUtils: Failed to measure fs-verity, errno 1: /data/app/~~7aY4PBABL3qpXXS6SoRZqQ==/bzyz.osqak.rcbmn-juW7TyQzH-QsY9PgYFeeXw==/base.apk
11-09 00:57:14.074  1435  4190 D CompatibilityChangeReporter: Compat change id reported: 161252188; UID 10242; state: DISABLED
11-09 00:57:14.077  1435  4020 W AppOps  : setUidMode() called with a mode inconsistent with runtime permission state, this is discouraged and you should revoke the runtime permission instead: uid=10126, switchCode=1, mode=4, permission=android.permission.ACCESS_BACKGROUND_LOCATION
11-09 00:57:14.080  1435  9190 W AppOps  : setUidMode() called with a mode inconsistent with runtime permission state, this is discouraged and you should revoke the runtime permission instead: uid=10126, switchCode=0, mode=4, permission=android.permission.ACCESS_BACKGROUND_LOCATION
11-09 00:57:14.097  1435  1435 I Telecom : DefaultDialerCache: Refreshing default dialer for user 0: now com.google.android.dialer: DDC.oR@A4I
11-09 00:57:14.097  1435  4160 W BackupTransportManager: Package bzyz.osqak.rcbmn enabled setting: 0
11-09 00:57:14.099  1435  1778 E PackageManager: ERROR: could not load root hash from incremental install
11-09 00:57:14.118  1435  1672 W PackageManager: Failed registering loading progress callback. Package is fully loaded.
11-09 00:57:14.124  1435  1672 W WindowMagnificationMgr: requestConnection duplicated request: connect=false, mConnectionState=DISCONNECTED
11-09 00:57:14.141  1435  1778 I PackageManager: Integrity check passed for file:///data/app/vmdl191304220.tmp
11-09 00:57:14.238  1435  1435 E NotificationService: Muting recently noisy 0|asecurity.phone.junk.cleaner.antivirus|115|null|10194
11-09 00:57:14.239  1435  1435 W NotificationHistory: Attempted to add notif for locked/gone/disabled user 0
11-09 00:57:14.307  1435  1659 V StorageManagerService: Package null has legacy storage
11-09 00:57:14.441  1435  1778 V BackupManagerService: [UserID:0] restoreAtInstall pkg=com.novaspirit.usbcleaver token=35 restoreSet=0
11-09 00:57:14.441  1435  1778 V BackupManagerService: [UserID:0] Finishing install immediately
11-09 00:57:14.443  1435  1778 D PackageInstallerSession: Marking session 191304220 as applied
11-09 00:57:14.447  1435  1778 D CompatibilityChangeReporter: Compat change id reported: 168419799; UID 10243; state: DISABLED
11-09 00:57:14.447  1435  1778 D CompatibilityChangeReporter: Compat change id reported: 273564678; UID 10243; state: DISABLED
11-09 00:57:14.451  1435  1674 W BroadcastQueue: u0 Receiving a broadcast in packagecom.jr.narutoii requires a permissions review
11-09 00:57:14.451  1435  1674 W BroadcastQueue: Skipping delivery: permission review required for Intent { act=android.intent.action.PACKAGE_ADDED dat=package: flg=0x4000010 (has extras) } from null (pid=1435, uid=1000) to com.jr.narutoii/com.joyriver.engine.proxy.EngineReceiver
11-09 00:57:14.451  1435  1674 W BroadcastQueue: u0 Receiving a broadcast in packagecom.android.buyer requires a permissions review
11-09 00:57:14.451  1435  1674 W BroadcastQueue: Skipping delivery: permission review required for Intent { act=android.intent.action.PACKAGE_ADDED dat=package: flg=0x4000010 (has extras) } from null (pid=1435, uid=1000) to com.android.buyer/.mRve
11-09 00:57:14.451  1435  1674 W BroadcastQueue: Background execution not allowed: receiving Intent { act=android.intent.action.PACKAGE_ADDED dat=package: flg=0x4000010 (has extras) } to com.google.android.packageinstaller/com.android.packageinstaller.PackageInstalledReceiver
11-09 00:57:14.452  1435  1674 W BroadcastQueue: Background execution not allowed: receiving Intent { act=android.intent.action.PACKAGE_ADDED dat=package: flg=0x4000010 (has extras) } to com.android.vending/com.google.android.finsky.packagemonitor.impl.PackageMonitorReceiverImpl$RegisteredReceiver
11-09 00:57:14.452  1435  1674 W BroadcastQueue: Background execution not allowed: receiving Intent { act=android.intent.action.PACKAGE_ADDED dat=package: flg=0x4000010 (has extras) } to com.android.vending/com.google.android.finsky.packagemonitor.backgroundimpl.BackgroundPackageMonitorReceiverImpl$RegisteredReceiver
11-09 00:57:14.452  1435  1674 W BroadcastQueue: Background execution not allowed: receiving Intent { act=android.intent.action.PACKAGE_ADDED dat=package: flg=0x4000010 (has extras) } to com.google.android.gms/.games.chimera.GamesSystemBroadcastReceiverProxy
11-09 00:57:14.452  1435  1674 W BroadcastQueue: Background execution not allowed: receiving Intent { act=android.intent.action.PACKAGE_ADDED dat=package: flg=0x4000010 (has extras) } to com.google.android.gms/.gass.chimera.PackageChangeBroadcastReceiver
11-09 00:57:14.452  1435  1674 W BroadcastQueue: Background execution not allowed: receiving Intent { act=android.intent.action.PACKAGE_ADDED dat=package: flg=0x4000010 (has extras) } to com.google.android.gms/.chimera.GmsIntentOperationService$PersistentTrustedReceiver
11-09 00:57:14.452  1435  1674 W BroadcastQueue: Background execution not allowed: receiving Intent { act=android.intent.action.PACKAGE_ADDED dat=package: flg=0x4000010 (has extras) } to com.google.android.googlequicksearchbox/com.google.android.apps.gsa.googlequicksearchbox.GelStubAppWatcher
11-09 00:57:14.452  1435  1674 W BroadcastQueue: Background execution not allowed: receiving Intent { act=android.intent.action.PACKAGE_ADDED dat=package: flg=0x4000010 (has extras) } to asecurity.phone.junk.cleaner.antivirus/com.lumos.cguard.notif.internal.system.install.InstallReceiver
11-09 00:57:14.452  1435  1674 W BroadcastQueue: u0 Receiving a broadcast in packagecom.cncd.japan.janli.shudu requires a permissions review
11-09 00:57:14.452  1435  1674 W BroadcastQueue: Skipping delivery: permission review required for Intent { act=android.intent.action.PACKAGE_ADDED dat=package: flg=0x4000010 (has extras) } from null (pid=1435, uid=1000) to com.cncd.japan.janli.shudu/net.l.k.r
11-09 00:57:14.452  1435  1674 W BroadcastQueue: u0 Receiving a broadcast in packagecom.cncd.japan.janli.shudu requires a permissions review
11-09 00:57:14.452  1435  1674 W BroadcastQueue: Skipping delivery: permission review required for Intent { act=android.intent.action.PACKAGE_ADDED dat=package: flg=0x4000010 (has extras) } from null (pid=1435, uid=1000) to com.cncd.japan.janli.shudu/com.feiwofour.coverscreen.SR
11-09 00:57:14.452  1435  1674 W BroadcastQueue: u0 Receiving a broadcast in packagecom.games.mengmeizhitd requires a permissions review
11-09 00:57:14.452  1435  1674 W BroadcastQueue: Skipping delivery: permission review required for Intent { act=android.intent.action.PACKAGE_ADDED dat=package: flg=0x4000010 (has extras) } from null (pid=1435, uid=1000) to com.games.mengmeizhitd/hjnw.ihjnw.i.isqly
11-09 00:57:14.452  1435  1674 W BroadcastQueue: u0 Receiving a broadcast in packagecom.hgperfko.yaeghrwx requires a permissions review
11-09 00:57:14.452  1435  1674 W BroadcastQueue: Skipping delivery: permission review required for Intent { act=android.intent.action.PACKAGE_ADDED dat=package: flg=0x4000010 (has extras) } from null (pid=1435, uid=1000) to com.hgperfko.yaeghrwx/.core.hLytdCQDBv
11-09 00:57:14.452  1435  1674 W BroadcastQueue: u0 Receiving a broadcast in packagecom.qiuqiu.dfmc requires a permissions review
11-09 00:57:14.452  1435  1674 W BroadcastQueue: Skipping delivery: permission review required for Intent { act=android.intent.action.PACKAGE_ADDED dat=package: flg=0x4000010 (has extras) } from null (pid=1435, uid=1000) to com.qiuqiu.dfmc/cn.jpush.android.service.PushReceiver
11-09 00:57:14.452  1435  1674 W BroadcastQueue: u0 Receiving a broadcast in packagecom.safesys.viruskiller requires a permissions review
11-09 00:57:14.452  1435  1674 W BroadcastQueue: Skipping delivery: permission review required for Intent { act=android.intent.action.PACKAGE_ADDED dat=package: flg=0x4000010 (has extras) } from null (pid=1435, uid=1000) to com.safesys.viruskiller/.ScanPackageBroadcast
11-09 00:57:14.452  1435  1674 W BroadcastQueue: u0 Receiving a broadcast in packagecom.uc108.mobile.sdgj.bd1 requires a permissions review
11-09 00:57:14.452  1435  1674 W BroadcastQueue: Skipping delivery: permission review required for Intent { act=android.intent.action.PACKAGE_ADDED dat=package: flg=0x4000010 (has extras) } from null (pid=1435, uid=1000) to com.uc108.mobile.sdgj.bd1/com.baidu.tiebasdk.service.InstallReceiver
11-09 00:57:14.452  1435  1674 W BroadcastQueue: u0 Receiving a broadcast in packageio.dcloud.H5BC6BF13 requires a permissions review
11-09 00:57:14.452  1435  1674 W BroadcastQueue: Skipping delivery: permission review required for Intent { act=android.intent.action.PACKAGE_ADDED dat=package: flg=0x4000010 (has extras) } from null (pid=1435, uid=1000) to io.dcloud.H5BC6BF13/io.dcloud.common.adapter.io.DownloadReceiver
11-09 00:57:14.453  1435  2903 D CompatibilityChangeReporter: Compat change id reported: 218533173; UID 10243; state: DISABLED
11-09 00:57:14.456  1435  1435 I Telecom : DefaultDialerCache: Refreshing default dialer for user 0: now com.google.android.dialer: DDC.oR@A4c
11-09 00:57:14.466  1435  1435 V BackupManagerConstants: getFullBackupIntervalMilliseconds(...) returns 86400000
11-09 00:57:14.466  1435  1435 V BackupManagerConstants: getFullBackupRequiredNetworkType(...) returns 2
11-09 00:57:14.466  1435  1435 V BackupManagerConstants: getFullBackupRequireCharging(...) returns true
11-09 00:57:14.481  1435  1774 E VerityUtils: Failed to measure fs-verity, errno 1: /data/app/~~Q8Ve5Z9iUKfeQ5NzT9FiiQ==/com.novaspirit.usbcleaver-qmNxzalPjsP7tdowHxdwfQ==/base.apk
11-09 00:57:14.495  1435  1435 I Telecom : DefaultDialerCache: Refreshing default dialer for user 0: now com.google.android.dialer: DDC.oR@A4g
11-09 00:57:14.498  1435  4160 W BackupTransportManager: Package com.novaspirit.usbcleaver enabled setting: 0
11-09 00:57:14.507  1435  2972 D CompatibilityChangeReporter: Compat change id reported: 161252188; UID 10243; state: DISABLED
11-09 00:57:14.520  1435  1672 W WindowMagnificationMgr: requestConnection duplicated request: connect=false, mConnectionState=DISCONNECTED
11-09 00:57:14.593  1435  1672 W PackageManager: Failed registering loading progress callback. Package is fully loaded.
11-09 00:57:14.603  1435  1672 W WindowMagnificationMgr: requestConnection duplicated request: connect=false, mConnectionState=DISCONNECTED
