11-09 00:57:14.670  1435  1435 E NotificationService: Muting recently noisy 0|asecurity.phone.junk.cleaner.antivirus|115|null|10194
11-09 00:57:14.671  1435  1435 W NotificationHistory: Attempted to add notif for locked/gone/disabled user 0
11-09 00:57:14.707  1435  5510 W AppOps  : setUidMode() called with a mode inconsistent with runtime permission state, this is discouraged and you should revoke the runtime permission instead: uid=10126, switchCode=0, mode=4, permission=android.permission.ACCESS_BACKGROUND_LOCATION
11-09 00:57:14.712  1435  1778 E PackageManager: ERROR: could not load root hash from incremental install
11-09 00:57:14.729  1435  1778 I PackageManager: Integrity check passed for file:///data/app/vmdl627895930.tmp
11-09 00:57:14.839  1435  1659 V StorageManagerService: Package null has legacy storage
11-09 00:57:14.903  1435  6970 W AppOps  : setUidMode() called with a mode inconsistent with runtime permission state, this is discouraged and you should revoke the runtime permission instead: uid=10126, switchCode=1, mode=4, permission=android.permission.ACCESS_BACKGROUND_LOCATION
11-09 00:57:14.905  1435  6970 W AppOps  : setUidMode() called with a mode inconsistent with runtime permission state, this is discouraged and you should revoke the runtime permission instead: uid=10126, switchCode=0, mode=4, permission=android.permission.ACCESS_BACKGROUND_LOCATION
11-09 00:57:14.971  1435  1778 V BackupManagerService: [UserID:0] restoreAtInstall pkg=com.voicebianshengjinglingwc.wxl token=36 restoreSet=0
11-09 00:57:14.971  1435  1778 V BackupManagerService: [UserID:0] Finishing install immediately
11-09 00:57:14.973  1435  1778 D PackageInstallerSession: Marking session 627895930 as applied
11-09 00:57:14.979  1435  1778 D CompatibilityChangeReporter: Compat change id reported: 168419799; UID 10244; state: DISABLED
11-09 00:57:14.979  1435  1778 D CompatibilityChangeReporter: Compat change id reported: 273564678; UID 10244; state: DISABLED
11-09 00:57:14.982  1435  2903 D CompatibilityChangeReporter: Compat change id reported: 218533173; UID 10244; state: DISABLED
11-09 00:57:14.983  1435  6970 W BroadcastQueue: u0 Receiving a broadcast in packagecom.jr.narutoii requires a permissions review
11-09 00:57:14.984  1435  6970 W BroadcastQueue: Skipping delivery: permission review required for Intent { act=android.intent.action.PACKAGE_ADDED dat=package: flg=0x4000010 (has extras) } from null (pid=1435, uid=1000) to com.jr.narutoii/com.joyriver.engine.proxy.EngineReceiver
11-09 00:57:14.985  1435  5499 I ActivityManager: Background started FGS: Allowed [callingPackage: com.google.android.apps.wellbeing; callingUid: 10121; uidState: BFGS; intent: Intent { cmp=com.google.android.apps.wellbeing/com.google.apps.tiktok.concurrent.InternalForegroundService (has extras) }; code:BACKGROUND_ACTIVITY_PERMISSION; tempAllowListReason:<null>; targetSdkVersion:33; callerTargetSdkVersion:33; startForegroundCount:0; bindFromPackage:null]
11-09 00:57:14.987  1435  1674 W BroadcastQueue: u0 Receiving a broadcast in packagecom.android.buyer requires a permissions review
11-09 00:57:14.987  1435  1674 W BroadcastQueue: Skipping delivery: permission review required for Intent { act=android.intent.action.PACKAGE_ADDED dat=package: flg=0x4000010 (has extras) } from null (pid=1435, uid=1000) to com.android.buyer/.mRve
11-09 00:57:14.990  1435  1674 W BroadcastQueue: Background execution not allowed: receiving Intent { act=android.intent.action.PACKAGE_ADDED dat=package: flg=0x4000010 (has extras) } to com.google.android.packageinstaller/com.android.packageinstaller.PackageInstalledReceiver
11-09 00:57:14.990  1435  1674 W BroadcastQueue: Background execution not allowed: receiving Intent { act=android.intent.action.PACKAGE_ADDED dat=package: flg=0x4000010 (has extras) } to com.android.vending/com.google.android.finsky.packagemonitor.impl.PackageMonitorReceiverImpl$RegisteredReceiver
11-09 00:57:14.990  1435  1674 W BroadcastQueue: Background execution not allowed: receiving Intent { act=android.intent.action.PACKAGE_ADDED dat=package: flg=0x4000010 (has extras) } to com.android.vending/com.google.android.finsky.packagemonitor.backgroundimpl.BackgroundPackageMonitorReceiverImpl$RegisteredReceiver
11-09 00:57:14.990  1435  1674 W BroadcastQueue: Background execution not allowed: receiving Intent { act=android.intent.action.PACKAGE_ADDED dat=package: flg=0x4000010 (has extras) } to com.google.android.gms/.games.chimera.GamesSystemBroadcastReceiverProxy
11-09 00:57:14.990  1435  1674 W BroadcastQueue: Background execution not allowed: receiving Intent { act=android.intent.action.PACKAGE_ADDED dat=package: flg=0x4000010 (has extras) } to com.google.android.gms/.gass.chimera.PackageChangeBroadcastReceiver
11-09 00:57:14.990  1435  1674 W BroadcastQueue: Background execution not allowed: receiving Intent { act=android.intent.action.PACKAGE_ADDED dat=package: flg=0x4000010 (has extras) } to com.google.android.gms/.chimera.GmsIntentOperationService$PersistentTrustedReceiver
11-09 00:57:14.990  1435  1674 W BroadcastQueue: Background execution not allowed: receiving Intent { act=android.intent.action.PACKAGE_ADDED dat=package: flg=0x4000010 (has extras) } to com.google.android.googlequicksearchbox/com.google.android.apps.gsa.googlequicksearchbox.GelStubAppWatcher
11-09 00:57:14.990  1435  1674 W BroadcastQueue: Background execution not allowed: receiving Intent { act=android.intent.action.PACKAGE_ADDED dat=package: flg=0x4000010 (has extras) } to asecurity.phone.junk.cleaner.antivirus/com.lumos.cguard.notif.internal.system.install.InstallReceiver
11-09 00:57:14.990  1435  1674 W BroadcastQueue: u0 Receiving a broadcast in packagecom.cncd.japan.janli.shudu requires a permissions review
11-09 00:57:14.990  1435  1674 W BroadcastQueue: Skipping delivery: permission review required for Intent { act=android.intent.action.PACKAGE_ADDED dat=package: flg=0x4000010 (has extras) } from null (pid=1435, uid=1000) to com.cncd.japan.janli.shudu/net.l.k.r
11-09 00:57:14.990  1435  1674 W BroadcastQueue: u0 Receiving a broadcast in packagecom.cncd.japan.janli.shudu requires a permissions review
11-09 00:57:14.990  1435  1674 W BroadcastQueue: Skipping delivery: permission review required for Intent { act=android.intent.action.PACKAGE_ADDED dat=package: flg=0x4000010 (has extras) } from null (pid=1435, uid=1000) to com.cncd.japan.janli.shudu/com.feiwofour.coverscreen.SR
11-09 00:57:14.990  1435  1674 W BroadcastQueue: u0 Receiving a broadcast in packagecom.games.mengmeizhitd requires a permissions review
11-09 00:57:14.990  1435  1674 W BroadcastQueue: Skipping delivery: permission review required for Intent { act=android.intent.action.PACKAGE_ADDED dat=package: flg=0x4000010 (has extras) } from null (pid=1435, uid=1000) to com.games.mengmeizhitd/hjnw.ihjnw.i.isqly
11-09 00:57:14.990  1435  1674 W BroadcastQueue: u0 Receiving a broadcast in packagecom.hgperfko.yaeghrwx requires a permissions review
11-09 00:57:14.990  1435  1674 W BroadcastQueue: Skipping delivery: permission review required for Intent { act=android.intent.action.PACKAGE_ADDED dat=package: flg=0x4000010 (has extras) } from null (pid=1435, uid=1000) to com.hgperfko.yaeghrwx/.core.hLytdCQDBv
11-09 00:57:14.990  1435  1674 W BroadcastQueue: u0 Receiving a broadcast in packagecom.qiuqiu.dfmc requires a permissions review
11-09 00:57:14.990  1435  1674 W BroadcastQueue: Skipping delivery: permission review required for Intent { act=android.intent.action.PACKAGE_ADDED dat=package: flg=0x4000010 (has extras) } from null (pid=1435, uid=1000) to com.qiuqiu.dfmc/cn.jpush.android.service.PushReceiver
11-09 00:57:14.990  1435  1674 W BroadcastQueue: u0 Receiving a broadcast in packagecom.safesys.viruskiller requires a permissions review
11-09 00:57:14.990  1435  1674 W BroadcastQueue: Skipping delivery: permission review required for Intent { act=android.intent.action.PACKAGE_ADDED dat=package: flg=0x4000010 (has extras) } from null (pid=1435, uid=1000) to com.safesys.viruskiller/.ScanPackageBroadcast
11-09 00:57:14.990  1435  1674 W BroadcastQueue: u0 Receiving a broadcast in packagecom.uc108.mobile.sdgj.bd1 requires a permissions review
11-09 00:57:14.990  1435  1674 W BroadcastQueue: Skipping delivery: permission review required for Intent { act=android.intent.action.PACKAGE_ADDED dat=package: flg=0x4000010 (has extras) } from null (pid=1435, uid=1000) to com.uc108.mobile.sdgj.bd1/com.baidu.tiebasdk.service.InstallReceiver
11-09 00:57:14.990  1435  1674 W BroadcastQueue: u0 Receiving a broadcast in packageio.dcloud.H5BC6BF13 requires a permissions review
11-09 00:57:14.990  1435  1674 W BroadcastQueue: Skipping delivery: permission review required for Intent { act=android.intent.action.PACKAGE_ADDED dat=package: flg=0x4000010 (has extras) } from null (pid=1435, uid=1000) to io.dcloud.H5BC6BF13/io.dcloud.common.adapter.io.DownloadReceiver
11-09 00:57:14.995  1435  1435 I Telecom : DefaultDialerCache: Refreshing default dialer for user 0: now com.google.android.dialer: DDC.oR@A40
11-09 00:57:14.998  1435  1435 V BackupManagerConstants: getFullBackupIntervalMilliseconds(...) returns 86400000
11-09 00:57:14.998  1435  1435 V BackupManagerConstants: getFullBackupRequiredNetworkType(...) returns 2
11-09 00:57:14.998  1435  1435 V BackupManagerConstants: getFullBackupRequireCharging(...) returns true
11-09 00:57:15.021  1435  1672 W WindowMagnificationMgr: requestConnection duplicated request: connect=false, mConnectionState=DISCONNECTED
11-09 00:57:15.026  1435  1774 E VerityUtils: Failed to measure fs-verity, errno 1: /data/app/~~DUycA4HxV1ocQpeQHdYtcQ==/com.voicebianshengjinglingwc.wxl-28xLg5eM2tc_Mzg6s4wCiw==/base.apk
11-09 00:57:15.044  1435  1435 I Telecom : DefaultDialerCache: Refreshing default dialer for user 0: now com.google.android.dialer: DDC.oR@A44
11-09 00:57:15.057  1435  3237 D CompatibilityChangeReporter: Compat change id reported: 161252188; UID 10244; state: DISABLED
11-09 00:57:15.083  1435  4160 W BackupTransportManager: Package com.voicebianshengjinglingwc.wxl enabled setting: 0
11-09 00:57:15.092  1435  1778 E PackageManager: ERROR: could not load root hash from incremental install
11-09 00:57:15.097  1435  2029 W PackageParsing: Ignoring duplicate uses-permissions/uses-permissions-sdk-m: android.permission.DISABLE_KEYGUARD in package: zqgd.bwqay.wekcq at: Binary XML file line #22
11-09 00:57:15.121  1435  1672 W PackageManager: Failed registering loading progress callback. Package is fully loaded.
11-09 00:57:15.128  1435  1672 W WindowMagnificationMgr: requestConnection duplicated request: connect=false, mConnectionState=DISCONNECTED
11-09 00:57:15.151  1435  1778 I PackageManager: Integrity check passed for file:///data/app/vmdl2056873734.tmp
11-09 00:57:15.158  1435  1778 W PackageParsing: Ignoring duplicate uses-permissions/uses-permissions-sdk-m: android.permission.DISABLE_KEYGUARD in package: zqgd.bwqay.wekcq at: Binary XML file line #22
11-09 00:57:15.242  1435  1659 V StorageManagerService: Package null has legacy storage
11-09 00:57:15.244  1435  1435 I NotificationService: Cannot find enqueued record for key: 0|com.google.android.apps.wellbeing|174344743|null|10121
11-09 00:57:15.253  1435  1435 W NotificationHistory: Attempted to add notif for locked/gone/disabled user 0
11-09 00:57:15.377  1435  1778 V BackupManagerService: [UserID:0] restoreAtInstall pkg=zqgd.bwqay.wekcq token=37 restoreSet=0
11-09 00:57:15.377  1435  1778 V BackupManagerService: [UserID:0] Finishing install immediately
11-09 00:57:15.379  1435  1778 D PackageInstallerSession: Marking session 2056873734 as applied
11-09 00:57:15.385  1435  1778 D CompatibilityChangeReporter: Compat change id reported: 168419799; UID 10245; state: DISABLED
11-09 00:57:15.385  1435  1778 D CompatibilityChangeReporter: Compat change id reported: 273564678; UID 10245; state: DISABLED
11-09 00:57:15.392  1435  2903 D CompatibilityChangeReporter: Compat change id reported: 218533173; UID 10245; state: DISABLED
11-09 00:57:15.394  1435  1435 I Telecom : DefaultDialerCache: Refreshing default dialer for user 0: now com.google.android.dialer: DDC.oR@A5U
11-09 00:57:15.398  1435  5499 W BroadcastQueue: u0 Receiving a broadcast in packagecom.jr.narutoii requires a permissions review
11-09 00:57:15.398  1435  5499 W BroadcastQueue: Skipping delivery: permission review required for Intent { act=android.intent.action.PACKAGE_ADDED dat=package: flg=0x4000010 (has extras) } from null (pid=1435, uid=1000) to com.jr.narutoii/com.joyriver.engine.proxy.EngineReceiver
11-09 00:57:15.400  1435  1674 W BroadcastQueue: u0 Receiving a broadcast in packagecom.android.buyer requires a permissions review
11-09 00:57:15.400  1435  1674 W BroadcastQueue: Skipping delivery: permission review required for Intent { act=android.intent.action.PACKAGE_ADDED dat=package: flg=0x4000010 (has extras) } from null (pid=1435, uid=1000) to com.android.buyer/.mRve
11-09 00:57:15.400  1435  1674 W BroadcastQueue: Background execution not allowed: receiving Intent { act=android.intent.action.PACKAGE_ADDED dat=package: flg=0x4000010 (has extras) } to com.google.android.packageinstaller/com.android.packageinstaller.PackageInstalledReceiver
11-09 00:57:15.401  1435  1674 W BroadcastQueue: Background execution not allowed: receiving Intent { act=android.intent.action.PACKAGE_ADDED dat=package: flg=0x4000010 (has extras) } to com.android.vending/com.google.android.finsky.packagemonitor.impl.PackageMonitorReceiverImpl$RegisteredReceiver
11-09 00:57:15.401  1435  1674 W BroadcastQueue: Background execution not allowed: receiving Intent { act=android.intent.action.PACKAGE_ADDED dat=package: flg=0x4000010 (has extras) } to com.android.vending/com.google.android.finsky.packagemonitor.backgroundimpl.BackgroundPackageMonitorReceiverImpl$RegisteredReceiver
11-09 00:57:15.401  1435  1674 W BroadcastQueue: Background execution not allowed: receiving Intent { act=android.intent.action.PACKAGE_ADDED dat=package: flg=0x4000010 (has extras) } to com.google.android.gms/.games.chimera.GamesSystemBroadcastReceiverProxy
11-09 00:57:15.401  1435  1674 W BroadcastQueue: Background execution not allowed: receiving Intent { act=android.intent.action.PACKAGE_ADDED dat=package: flg=0x4000010 (has extras) } to com.google.android.gms/.gass.chimera.PackageChangeBroadcastReceiver
11-09 00:57:15.401  1435  1674 W BroadcastQueue: Background execution not allowed: receiving Intent { act=android.intent.action.PACKAGE_ADDED dat=package: flg=0x4000010 (has extras) } to com.google.android.gms/.chimera.GmsIntentOperationService$PersistentTrustedReceiver
11-09 00:57:15.401  1435  1674 W BroadcastQueue: Background execution not allowed: receiving Intent { act=android.intent.action.PACKAGE_ADDED dat=package: flg=0x4000010 (has extras) } to com.google.android.googlequicksearchbox/com.google.android.apps.gsa.googlequicksearchbox.GelStubAppWatcher
11-09 00:57:15.401  1435  1674 W BroadcastQueue: Background execution not allowed: receiving Intent { act=android.intent.action.PACKAGE_ADDED dat=package: flg=0x4000010 (has extras) } to asecurity.phone.junk.cleaner.antivirus/com.lumos.cguard.notif.internal.system.install.InstallReceiver
11-09 00:57:15.401  1435  1674 W BroadcastQueue: u0 Receiving a broadcast in packagecom.cncd.japan.janli.shudu requires a permissions review
11-09 00:57:15.401  1435  1674 W BroadcastQueue: Skipping delivery: permission review required for Intent { act=android.intent.action.PACKAGE_ADDED dat=package: flg=0x4000010 (has extras) } from null (pid=1435, uid=1000) to com.cncd.japan.janli.shudu/net.l.k.r
11-09 00:57:15.401  1435  1674 W BroadcastQueue: u0 Receiving a broadcast in packagecom.cncd.japan.janli.shudu requires a permissions review
11-09 00:57:15.401  1435  1674 W BroadcastQueue: Skipping delivery: permission review required for Intent { act=android.intent.action.PACKAGE_ADDED dat=package: flg=0x4000010 (has extras) } from null (pid=1435, uid=1000) to com.cncd.japan.janli.shudu/com.feiwofour.coverscreen.SR
11-09 00:57:15.401  1435  1674 W BroadcastQueue: u0 Receiving a broadcast in packagecom.games.mengmeizhitd requires a permissions review
11-09 00:57:15.401  1435  1674 W BroadcastQueue: Skipping delivery: permission review required for Intent { act=android.intent.action.PACKAGE_ADDED dat=package: flg=0x4000010 (has extras) } from null (pid=1435, uid=1000) to com.games.mengmeizhitd/hjnw.ihjnw.i.isqly
11-09 00:57:15.401  1435  1674 W BroadcastQueue: u0 Receiving a broadcast in packagecom.hgperfko.yaeghrwx requires a permissions review
11-09 00:57:15.401  1435  1674 W BroadcastQueue: Skipping delivery: permission review required for Intent { act=android.intent.action.PACKAGE_ADDED dat=package: flg=0x4000010 (has extras) } from null (pid=1435, uid=1000) to com.hgperfko.yaeghrwx/.core.hLytdCQDBv
11-09 00:57:15.401  1435  1674 W BroadcastQueue: u0 Receiving a broadcast in packagecom.qiuqiu.dfmc requires a permissions review
11-09 00:57:15.401  1435  1674 W BroadcastQueue: Skipping delivery: permission review required for Intent { act=android.intent.action.PACKAGE_ADDED dat=package: flg=0x4000010 (has extras) } from null (pid=1435, uid=1000) to com.qiuqiu.dfmc/cn.jpush.android.service.PushReceiver
11-09 00:57:15.401  1435  1674 W BroadcastQueue: u0 Receiving a broadcast in packagecom.safesys.viruskiller requires a permissions review
11-09 00:57:15.402  1435  1674 W BroadcastQueue: Skipping delivery: permission review required for Intent { act=android.intent.action.PACKAGE_ADDED dat=package: flg=0x4000010 (has extras) } from null (pid=1435, uid=1000) to com.safesys.viruskiller/.ScanPackageBroadcast
11-09 00:57:15.402  1435  1674 W BroadcastQueue: u0 Receiving a broadcast in packagecom.uc108.mobile.sdgj.bd1 requires a permissions review
11-09 00:57:15.402  1435  1674 W BroadcastQueue: Skipping delivery: permission review required for Intent { act=android.intent.action.PACKAGE_ADDED dat=package: flg=0x4000010 (has extras) } from null (pid=1435, uid=1000) to com.uc108.mobile.sdgj.bd1/com.baidu.tiebasdk.service.InstallReceiver
11-09 00:57:15.402  1435  1674 W BroadcastQueue: u0 Receiving a broadcast in packagecom.voicebianshengjinglingwc.wxl requires a permissions review
11-09 00:57:15.402  1435  1674 W BroadcastQueue: Skipping delivery: permission review required for Intent { act=android.intent.action.PACKAGE_ADDED dat=package: flg=0x4000010 (has extras) } from null (pid=1435, uid=1000) to com.voicebianshengjinglingwc.wxl/mp.ruu.Ztjjwrj
11-09 00:57:15.402  1435  1674 W BroadcastQueue: u0 Receiving a broadcast in packageio.dcloud.H5BC6BF13 requires a permissions review
11-09 00:57:15.402  1435  1674 W BroadcastQueue: Skipping delivery: permission review required for Intent { act=android.intent.action.PACKAGE_ADDED dat=package: flg=0x4000010 (has extras) } from null (pid=1435, uid=1000) to io.dcloud.H5BC6BF13/io.dcloud.common.adapter.io.DownloadReceiver
11-09 00:57:15.412  1435  1435 V BackupManagerConstants: getFullBackupIntervalMilliseconds(...) returns 86400000
11-09 00:57:15.413  1435  1435 V BackupManagerConstants: getFullBackupRequiredNetworkType(...) returns 2
11-09 00:57:15.414  1435  1435 V BackupManagerConstants: getFullBackupRequireCharging(...) returns true
11-09 00:57:15.429  1435  1435 I Telecom : DefaultDialerCache: Refreshing default dialer for user 0: now com.google.android.dialer: DDC.oR@A5Y
11-09 00:57:15.451  1435  1774 E VerityUtils: Failed to measure fs-verity, errno 1: /data/app/~~FdZSstNS1pmE2EvzTLInJQ==/zqgd.bwqay.wekcq-kzJASujV5RAoiMSP2EpRhg==/base.apk
11-09 00:57:15.465  1435  4190 D CompatibilityChangeReporter: Compat change id reported: 161252188; UID 10245; state: DISABLED
11-09 00:57:15.465  1435  4160 W BackupTransportManager: Package zqgd.bwqay.wekcq enabled setting: 0
11-09 00:57:15.469  1435  1672 W WindowMagnificationMgr: requestConnection duplicated request: connect=false, mConnectionState=DISCONNECTED
11-09 00:57:15.492  1435  1778 E PackageManager: ERROR: could not load root hash from incremental install
11-09 00:57:15.503  1435  1778 I PackageManager: Integrity check passed for file:///data/app/vmdl219966161.tmp
11-09 00:57:15.532  1435  1672 W PackageManager: Failed registering loading progress callback. Package is fully loaded.
11-09 00:57:15.538  1435  1672 W WindowMagnificationMgr: requestConnection duplicated request: connect=false, mConnectionState=DISCONNECTED
11-09 00:57:15.571  1435  5555 D OomAdjuster: Not killing cached processes
11-09 00:57:15.686  1435  1435 E NotificationService: Muting recently noisy 0|asecurity.phone.junk.cleaner.antivirus|115|null|10194
11-09 00:57:15.688  1435  1435 W NotificationHistory: Attempted to add notif for locked/gone/disabled user 0
11-09 00:57:15.791  1435  5551 W AppOps  : setUidMode() called with a mode inconsistent with runtime permission state, this is discouraged and you should revoke the runtime permission instead: uid=10126, switchCode=0, mode=4, permission=android.permission.ACCESS_BACKGROUND_LOCATION
11-09 00:57:15.834  1435  1778 V BackupManagerService: [UserID:0] restoreAtInstall pkg=com.gone60 token=38 restoreSet=0
11-09 00:57:15.835  1435  1778 V BackupManagerService: [UserID:0] Finishing install immediately
11-09 00:57:15.836  1435  1778 D PackageInstallerSession: Marking session 219966161 as applied
11-09 00:57:15.841  1435  1778 D CompatibilityChangeReporter: Compat change id reported: 168419799; UID 10246; state: DISABLED
11-09 00:57:15.841  1435  1778 D CompatibilityChangeReporter: Compat change id reported: 273564678; UID 10246; state: DISABLED
11-09 00:57:15.850  1435  2903 D CompatibilityChangeReporter: Compat change id reported: 218533173; UID 10246; state: DISABLED
11-09 00:57:15.854  1435  8259 W BroadcastQueue: u0 Receiving a broadcast in packagecom.jr.narutoii requires a permissions review
11-09 00:57:15.854  1435  8259 W BroadcastQueue: Skipping delivery: permission review required for Intent { act=android.intent.action.PACKAGE_ADDED dat=package: flg=0x4000010 (has extras) } from null (pid=1435, uid=1000) to com.jr.narutoii/com.joyriver.engine.proxy.EngineReceiver
11-09 00:57:15.859  1435  1435 I Telecom : DefaultDialerCache: Refreshing default dialer for user 0: now com.google.android.dialer: DDC.oR@A5s
11-09 00:57:15.862  1435  1435 V BackupManagerConstants: getFullBackupIntervalMilliseconds(...) returns 86400000
11-09 00:57:15.862  1435  1435 V BackupManagerConstants: getFullBackupRequiredNetworkType(...) returns 2
11-09 00:57:15.862  1435  1435 V BackupManagerConstants: getFullBackupRequireCharging(...) returns true
11-09 00:57:15.869  1435  1674 W BroadcastQueue: u0 Receiving a broadcast in packagecom.android.buyer requires a permissions review
11-09 00:57:15.870  1435  1674 W BroadcastQueue: Skipping delivery: permission review required for Intent { act=android.intent.action.PACKAGE_ADDED dat=package: flg=0x4000010 (has extras) } from null (pid=1435, uid=1000) to com.android.buyer/.mRve
11-09 00:57:15.870  1435  1674 W BroadcastQueue: Background execution not allowed: receiving Intent { act=android.intent.action.PACKAGE_ADDED dat=package: flg=0x4000010 (has extras) } to com.google.android.packageinstaller/com.android.packageinstaller.PackageInstalledReceiver
11-09 00:57:15.870  1435  1674 W BroadcastQueue: Background execution not allowed: receiving Intent { act=android.intent.action.PACKAGE_ADDED dat=package: flg=0x4000010 (has extras) } to com.android.vending/com.google.android.finsky.packagemonitor.impl.PackageMonitorReceiverImpl$RegisteredReceiver
11-09 00:57:15.870  1435  1674 W BroadcastQueue: Background execution not allowed: receiving Intent { act=android.intent.action.PACKAGE_ADDED dat=package: flg=0x4000010 (has extras) } to com.android.vending/com.google.android.finsky.packagemonitor.backgroundimpl.BackgroundPackageMonitorReceiverImpl$RegisteredReceiver
11-09 00:57:15.870  1435  1674 W BroadcastQueue: Background execution not allowed: receiving Intent { act=android.intent.action.PACKAGE_ADDED dat=package: flg=0x4000010 (has extras) } to com.google.android.gms/.games.chimera.GamesSystemBroadcastReceiverProxy
11-09 00:57:15.870  1435  1674 W BroadcastQueue: Background execution not allowed: receiving Intent { act=android.intent.action.PACKAGE_ADDED dat=package: flg=0x4000010 (has extras) } to com.google.android.gms/.gass.chimera.PackageChangeBroadcastReceiver
11-09 00:57:15.870  1435  1674 W BroadcastQueue: Background execution not allowed: receiving Intent { act=android.intent.action.PACKAGE_ADDED dat=package: flg=0x4000010 (has extras) } to com.google.android.gms/.chimera.GmsIntentOperationService$PersistentTrustedReceiver
11-09 00:57:15.870  1435  1674 W BroadcastQueue: Background execution not allowed: receiving Intent { act=android.intent.action.PACKAGE_ADDED dat=package: flg=0x4000010 (has extras) } to com.google.android.googlequicksearchbox/com.google.android.apps.gsa.googlequicksearchbox.GelStubAppWatcher
11-09 00:57:15.870  1435  1674 W BroadcastQueue: Background execution not allowed: receiving Intent { act=android.intent.action.PACKAGE_ADDED dat=package: flg=0x4000010 (has extras) } to asecurity.phone.junk.cleaner.antivirus/com.lumos.cguard.notif.internal.system.install.InstallReceiver
11-09 00:57:15.870  1435  1674 W BroadcastQueue: u0 Receiving a broadcast in packagecom.cncd.japan.janli.shudu requires a permissions review
11-09 00:57:15.870  1435  1674 W BroadcastQueue: Skipping delivery: permission review required for Intent { act=android.intent.action.PACKAGE_ADDED dat=package: flg=0x4000010 (has extras) } from null (pid=1435, uid=1000) to com.cncd.japan.janli.shudu/net.l.k.r
11-09 00:57:15.870  1435  1674 W BroadcastQueue: u0 Receiving a broadcast in packagecom.cncd.japan.janli.shudu requires a permissions review
11-09 00:57:15.870  1435  1674 W BroadcastQueue: Skipping delivery: permission review required for Intent { act=android.intent.action.PACKAGE_ADDED dat=package: flg=0x4000010 (has extras) } from null (pid=1435, uid=1000) to com.cncd.japan.janli.shudu/com.feiwofour.coverscreen.SR
11-09 00:57:15.871  1435  1674 W BroadcastQueue: u0 Receiving a broadcast in packagecom.games.mengmeizhitd requires a permissions review
11-09 00:57:15.871  1435  1674 W BroadcastQueue: Skipping delivery: permission review required for Intent { act=android.intent.action.PACKAGE_ADDED dat=package: flg=0x4000010 (has extras) } from null (pid=1435, uid=1000) to com.games.mengmeizhitd/hjnw.ihjnw.i.isqly
11-09 00:57:15.871  1435  1674 W BroadcastQueue: u0 Receiving a broadcast in packagecom.hgperfko.yaeghrwx requires a permissions review
11-09 00:57:15.871  1435  1674 W BroadcastQueue: Skipping delivery: permission review required for Intent { act=android.intent.action.PACKAGE_ADDED dat=package: flg=0x4000010 (has extras) } from null (pid=1435, uid=1000) to com.hgperfko.yaeghrwx/.core.hLytdCQDBv
11-09 00:57:15.871  1435  1674 W BroadcastQueue: u0 Receiving a broadcast in packagecom.qiuqiu.dfmc requires a permissions review
11-09 00:57:15.871  1435  1674 W BroadcastQueue: Skipping delivery: permission review required for Intent { act=android.intent.action.PACKAGE_ADDED dat=package: flg=0x4000010 (has extras) } from null (pid=1435, uid=1000) to com.qiuqiu.dfmc/cn.jpush.android.service.PushReceiver
11-09 00:57:15.871  1435  1674 W BroadcastQueue: u0 Receiving a broadcast in packagecom.safesys.viruskiller requires a permissions review
11-09 00:57:15.871  1435  1674 W BroadcastQueue: Skipping delivery: permission review required for Intent { act=android.intent.action.PACKAGE_ADDED dat=package: flg=0x4000010 (has extras) } from null (pid=1435, uid=1000) to com.safesys.viruskiller/.ScanPackageBroadcast
11-09 00:57:15.871  1435  1674 W BroadcastQueue: u0 Receiving a broadcast in packagecom.uc108.mobile.sdgj.bd1 requires a permissions review
11-09 00:57:15.871  1435  1674 W BroadcastQueue: Skipping delivery: permission review required for Intent { act=android.intent.action.PACKAGE_ADDED dat=package: flg=0x4000010 (has extras) } from null (pid=1435, uid=1000) to com.uc108.mobile.sdgj.bd1/com.baidu.tiebasdk.service.InstallReceiver
11-09 00:57:15.871  1435  1674 W BroadcastQueue: u0 Receiving a broadcast in packagecom.voicebianshengjinglingwc.wxl requires a permissions review
11-09 00:57:15.871  1435  1674 W BroadcastQueue: Skipping delivery: permission review required for Intent { act=android.intent.action.PACKAGE_ADDED dat=package: flg=0x4000010 (has extras) } from null (pid=1435, uid=1000) to com.voicebianshengjinglingwc.wxl/mp.ruu.Ztjjwrj
11-09 00:57:15.871  1435  1674 W BroadcastQueue: u0 Receiving a broadcast in packageio.dcloud.H5BC6BF13 requires a permissions review
11-09 00:57:15.871  1435  1674 W BroadcastQueue: Skipping delivery: permission review required for Intent { act=android.intent.action.PACKAGE_ADDED dat=package: flg=0x4000010 (has extras) } from null (pid=1435, uid=1000) to io.dcloud.H5BC6BF13/io.dcloud.common.adapter.io.DownloadReceiver
11-09 00:57:15.891  1435  1435 I Telecom : DefaultDialerCache: Refreshing default dialer for user 0: now com.google.android.dialer: DDC.oR@A5w
11-09 00:57:15.893  1435  4160 W BackupTransportManager: Package com.gone60 enabled setting: 0
11-09 00:57:15.912  1435  1774 E VerityUtils: Failed to measure fs-verity, errno 1: /data/app/~~gu9WEpYOZsUCBiT9mdO8Dw==/com.gone60-aFGgwY-CeY_HpArFAelpHg==/base.apk
11-09 00:57:15.923  1435  1778 E PackageManager: ERROR: could not load root hash from incremental install
11-09 00:57:15.923  1435  1672 W WindowMagnificationMgr: requestConnection duplicated request: connect=false, mConnectionState=DISCONNECTED
11-09 00:57:15.927  1435  2029 W PackageParsing: Ignoring duplicate uses-permissions/uses-permissions-sdk-m: android.permission.DISABLE_KEYGUARD in package: com.pqas.xrzm at: Binary XML file line #24
11-09 00:57:15.934  1435  9500 D CompatibilityChangeReporter: Compat change id reported: 161252188; UID 10246; state: DISABLED
11-09 00:57:15.937  1435  1778 I PackageManager: Integrity check passed for file:///data/app/vmdl804366421.tmp
11-09 00:57:15.987  1435  1672 W PackageManager: Failed registering loading progress callback. Package is fully loaded.
11-09 00:57:15.994  1435  1672 W WindowMagnificationMgr: requestConnection duplicated request: connect=false, mConnectionState=DISCONNECTED
11-09 00:57:16.034  1435  7067 W AppOps  : setUidMode() called with a mode inconsistent with runtime permission state, this is discouraged and you should revoke the runtime permission instead: uid=10126, switchCode=1, mode=4, permission=android.permission.ACCESS_BACKGROUND_LOCATION
11-09 00:57:16.036  1435  8259 W AppOps  : setUidMode() called with a mode inconsistent with runtime permission state, this is discouraged and you should revoke the runtime permission instead: uid=10126, switchCode=0, mode=4, permission=android.permission.ACCESS_BACKGROUND_LOCATION
11-09 00:57:16.084  1435  1435 E NotificationService: Muting recently noisy 0|asecurity.phone.junk.cleaner.antivirus|115|null|10194
11-09 00:57:16.085  1435  1435 W NotificationHistory: Attempted to add notif for locked/gone/disabled user 0
11-09 00:57:16.105  1435  1778 W PackageParsing: Ignoring duplicate uses-permissions/uses-permissions-sdk-m: android.permission.DISABLE_KEYGUARD in package: com.pqas.xrzm at: Binary XML file line #24
11-09 00:57:16.199  1435  1659 V StorageManagerService: Package null has legacy storage
11-09 00:57:16.317  1435  5499 I ActivityManager: Background started FGS: Allowed [callingPackage: com.google.android.apps.wellbeing; callingUid: 10121; uidState: BFGS; intent: Intent { cmp=com.google.android.apps.wellbeing/com.google.apps.tiktok.concurrent.InternalForegroundService (has extras) }; code:BACKGROUND_ACTIVITY_PERMISSION; tempAllowListReason:<null>; targetSdkVersion:33; callerTargetSdkVersion:33; startForegroundCount:0; bindFromPackage:null]
11-09 00:57:16.326  1435  1778 V BackupManagerService: [UserID:0] restoreAtInstall pkg=com.pqas.xrzm token=39 restoreSet=0
11-09 00:57:16.326  1435  1778 V BackupManagerService: [UserID:0] Finishing install immediately
11-09 00:57:16.328  1435  1778 D PackageInstallerSession: Marking session 804366421 as applied
11-09 00:57:16.333  1435  1778 D CompatibilityChangeReporter: Compat change id reported: 168419799; UID 10247; state: DISABLED
11-09 00:57:16.333  1435  1778 D CompatibilityChangeReporter: Compat change id reported: 273564678; UID 10247; state: DISABLED
11-09 00:57:16.337  1435  2903 D CompatibilityChangeReporter: Compat change id reported: 218533173; UID 10247; state: DISABLED
11-09 00:57:16.340  1435  5549 W BroadcastQueue: u0 Receiving a broadcast in packagecom.jr.narutoii requires a permissions review
11-09 00:57:16.340  1435  5549 W BroadcastQueue: Skipping delivery: permission review required for Intent { act=android.intent.action.PACKAGE_ADDED dat=package: flg=0x4000010 (has extras) } from null (pid=1435, uid=1000) to com.jr.narutoii/com.joyriver.engine.proxy.EngineReceiver
11-09 00:57:16.343  1435  1674 W BroadcastQueue: u0 Receiving a broadcast in packagecom.android.buyer requires a permissions review
11-09 00:57:16.343  1435  1674 W BroadcastQueue: Skipping delivery: permission review required for Intent { act=android.intent.action.PACKAGE_ADDED dat=package: flg=0x4000010 (has extras) } from null (pid=1435, uid=1000) to com.android.buyer/.mRve
11-09 00:57:16.344  1435  1435 I Telecom : DefaultDialerCache: Refreshing default dialer for user 0: now com.google.android.dialer: DDC.oR@A6E
11-09 00:57:16.351  1435  1674 W BroadcastQueue: Background execution not allowed: receiving Intent { act=android.intent.action.PACKAGE_ADDED dat=package: flg=0x4000010 (has extras) } to com.google.android.packageinstaller/com.android.packageinstaller.PackageInstalledReceiver
11-09 00:57:16.351  1435  1674 W BroadcastQueue: Background execution not allowed: receiving Intent { act=android.intent.action.PACKAGE_ADDED dat=package: flg=0x4000010 (has extras) } to com.android.vending/com.google.android.finsky.packagemonitor.impl.PackageMonitorReceiverImpl$RegisteredReceiver
11-09 00:57:16.351  1435  1674 W BroadcastQueue: Background execution not allowed: receiving Intent { act=android.intent.action.PACKAGE_ADDED dat=package: flg=0x4000010 (has extras) } to com.android.vending/com.google.android.finsky.packagemonitor.backgroundimpl.BackgroundPackageMonitorReceiverImpl$RegisteredReceiver
11-09 00:57:16.351  1435  1674 W BroadcastQueue: Background execution not allowed: receiving Intent { act=android.intent.action.PACKAGE_ADDED dat=package: flg=0x4000010 (has extras) } to com.google.android.gms/.games.chimera.GamesSystemBroadcastReceiverProxy
11-09 00:57:16.352  1435  1674 W BroadcastQueue: Background execution not allowed: receiving Intent { act=android.intent.action.PACKAGE_ADDED dat=package: flg=0x4000010 (has extras) } to com.google.android.gms/.gass.chimera.PackageChangeBroadcastReceiver
11-09 00:57:16.352  1435  1674 W BroadcastQueue: Background execution not allowed: receiving Intent { act=android.intent.action.PACKAGE_ADDED dat=package: flg=0x4000010 (has extras) } to com.google.android.gms/.chimera.GmsIntentOperationService$PersistentTrustedReceiver
11-09 00:57:16.352  1435  1674 W BroadcastQueue: Background execution not allowed: receiving Intent { act=android.intent.action.PACKAGE_ADDED dat=package: flg=0x4000010 (has extras) } to com.google.android.googlequicksearchbox/com.google.android.apps.gsa.googlequicksearchbox.GelStubAppWatcher
11-09 00:57:16.352  1435  1674 W BroadcastQueue: Background execution not allowed: receiving Intent { act=android.intent.action.PACKAGE_ADDED dat=package: flg=0x4000010 (has extras) } to asecurity.phone.junk.cleaner.antivirus/com.lumos.cguard.notif.internal.system.install.InstallReceiver
11-09 00:57:16.352  1435  1674 W BroadcastQueue: u0 Receiving a broadcast in packagecom.cncd.japan.janli.shudu requires a permissions review
11-09 00:57:16.352  1435  1674 W BroadcastQueue: Skipping delivery: permission review required for Intent { act=android.intent.action.PACKAGE_ADDED dat=package: flg=0x4000010 (has extras) } from null (pid=1435, uid=1000) to com.cncd.japan.janli.shudu/net.l.k.r
11-09 00:57:16.352  1435  1674 W BroadcastQueue: u0 Receiving a broadcast in packagecom.cncd.japan.janli.shudu requires a permissions review
11-09 00:57:16.352  1435  1674 W BroadcastQueue: Skipping delivery: permission review required for Intent { act=android.intent.action.PACKAGE_ADDED dat=package: flg=0x4000010 (has extras) } from null (pid=1435, uid=1000) to com.cncd.japan.janli.shudu/com.feiwofour.coverscreen.SR
11-09 00:57:16.352  1435  1674 W BroadcastQueue: u0 Receiving a broadcast in packagecom.games.mengmeizhitd requires a permissions review
11-09 00:57:16.352  1435  1674 W BroadcastQueue: Skipping delivery: permission review required for Intent { act=android.intent.action.PACKAGE_ADDED dat=package: flg=0x4000010 (has extras) } from null (pid=1435, uid=1000) to com.games.mengmeizhitd/hjnw.ihjnw.i.isqly
11-09 00:57:16.352  1435  1674 W BroadcastQueue: u0 Receiving a broadcast in packagecom.hgperfko.yaeghrwx requires a permissions review
11-09 00:57:16.352  1435  1674 W BroadcastQueue: Skipping delivery: permission review required for Intent { act=android.intent.action.PACKAGE_ADDED dat=package: flg=0x4000010 (has extras) } from null (pid=1435, uid=1000) to com.hgperfko.yaeghrwx/.core.hLytdCQDBv
11-09 00:57:16.352  1435  1674 W BroadcastQueue: u0 Receiving a broadcast in packagecom.qiuqiu.dfmc requires a permissions review
11-09 00:57:16.352  1435  1674 W BroadcastQueue: Skipping delivery: permission review required for Intent { act=android.intent.action.PACKAGE_ADDED dat=package: flg=0x4000010 (has extras) } from null (pid=1435, uid=1000) to com.qiuqiu.dfmc/cn.jpush.android.service.PushReceiver
11-09 00:57:16.352  1435  1674 W BroadcastQueue: u0 Receiving a broadcast in packagecom.safesys.viruskiller requires a permissions review
11-09 00:57:16.352  1435  1674 W BroadcastQueue: Skipping delivery: permission review required for Intent { act=android.intent.action.PACKAGE_ADDED dat=package: flg=0x4000010 (has extras) } from null (pid=1435, uid=1000) to com.safesys.viruskiller/.ScanPackageBroadcast
11-09 00:57:16.352  1435  1674 W BroadcastQueue: u0 Receiving a broadcast in packagecom.uc108.mobile.sdgj.bd1 requires a permissions review
11-09 00:57:16.352  1435  1674 W BroadcastQueue: Skipping delivery: permission review required for Intent { act=android.intent.action.PACKAGE_ADDED dat=package: flg=0x4000010 (has extras) } from null (pid=1435, uid=1000) to com.uc108.mobile.sdgj.bd1/com.baidu.tiebasdk.service.InstallReceiver
11-09 00:57:16.352  1435  1674 W BroadcastQueue: u0 Receiving a broadcast in packagecom.voicebianshengjinglingwc.wxl requires a permissions review
11-09 00:57:16.352  1435  1674 W BroadcastQueue: Skipping delivery: permission review required for Intent { act=android.intent.action.PACKAGE_ADDED dat=package: flg=0x4000010 (has extras) } from null (pid=1435, uid=1000) to com.voicebianshengjinglingwc.wxl/mp.ruu.Ztjjwrj
11-09 00:57:16.352  1435  1435 V BackupManagerConstants: getFullBackupIntervalMilliseconds(...) returns 86400000
11-09 00:57:16.352  1435  1435 V BackupManagerConstants: getFullBackupRequiredNetworkType(...) returns 2
11-09 00:57:16.353  1435  1435 V BackupManagerConstants: getFullBackupRequireCharging(...) returns true
11-09 00:57:16.353  1435  1674 W BroadcastQueue: u0 Receiving a broadcast in packageio.dcloud.H5BC6BF13 requires a permissions review
11-09 00:57:16.353  1435  1674 W BroadcastQueue: Skipping delivery: permission review required for Intent { act=android.intent.action.PACKAGE_ADDED dat=package: flg=0x4000010 (has extras) } from null (pid=1435, uid=1000) to io.dcloud.H5BC6BF13/io.dcloud.common.adapter.io.DownloadReceiver
11-09 00:57:16.366  1435  1672 W WindowMagnificationMgr: requestConnection duplicated request: connect=false, mConnectionState=DISCONNECTED
11-09 00:57:16.378  1435  1774 E VerityUtils: Failed to measure fs-verity, errno 1: /data/app/~~SQxUAvvYIWnR83PhhsrMcg==/com.pqas.xrzm-_ahJHfeG3p9X9WXXtZAXXQ==/base.apk
11-09 00:57:16.381  1435  1435 I Telecom : DefaultDialerCache: Refreshing default dialer for user 0: now com.google.android.dialer: DDC.oR@A6I
11-09 00:57:16.399  1435  5551 D CompatibilityChangeReporter: Compat change id reported: 161252188; UID 10247; state: DISABLED
11-09 00:57:16.431  1435  4160 W BackupTransportManager: Package com.pqas.xrzm enabled setting: 0
11-09 00:57:16.436  1435  1672 W PackageManager: Failed registering loading progress callback. Package is fully loaded.
11-09 00:57:16.453  1435  1672 W WindowMagnificationMgr: requestConnection duplicated request: connect=false, mConnectionState=DISCONNECTED
11-09 00:57:16.523  1435  1435 I NotificationService: Cannot find enqueued record for key: 0|com.google.android.apps.wellbeing|174344743|null|10121
11-09 00:57:16.558  1435  1435 W NotificationHistory: Attempted to add notif for locked/gone/disabled user 0
11-09 00:57:16.647  1435  4020 W AppOps  : setUidMode() called with a mode inconsistent with runtime permission state, this is discouraged and you should revoke the runtime permission instead: uid=10126, switchCode=0, mode=4, permission=android.permission.ACCESS_BACKGROUND_LOCATION
11-09 00:57:16.730  1435  4020 W AppOps  : setUidMode() called with a mode inconsistent with runtime permission state, this is discouraged and you should revoke the runtime permission instead: uid=10126, switchCode=1, mode=4, permission=android.permission.ACCESS_BACKGROUND_LOCATION
11-09 00:57:16.733  1435  2972 W AppOps  : setUidMode() called with a mode inconsistent with runtime permission state, this is discouraged and you should revoke the runtime permission instead: uid=10126, switchCode=0, mode=4, permission=android.permission.ACCESS_BACKGROUND_LOCATION
11-09 00:57:16.959  1435  1778 E PackageManager: ERROR: could not load root hash from incremental install
11-09 00:57:16.979  1435  1778 I PackageManager: Integrity check passed for file:///data/app/vmdl1614191407.tmp
11-09 00:57:17.391  1435  1778 V BackupManagerService: [UserID:0] restoreAtInstall pkg=com.kbwork.dygaqy token=3a restoreSet=0
11-09 00:57:17.391  1435  1778 V BackupManagerService: [UserID:0] Finishing install immediately
11-09 00:57:17.393  1435  1778 D PackageInstallerSession: Marking session 1614191407 as applied
11-09 00:57:17.396  1435  1778 D CompatibilityChangeReporter: Compat change id reported: 168419799; UID 10248; state: DISABLED
11-09 00:57:17.397  1435  1778 D CompatibilityChangeReporter: Compat change id reported: 273564678; UID 10248; state: DISABLED
11-09 00:57:17.402  1435  2903 D CompatibilityChangeReporter: Compat change id reported: 218533173; UID 10248; state: DISABLED
11-09 00:57:17.405  1435  1435 I Telecom : DefaultDialerCache: Refreshing default dialer for user 0: now com.google.android.dialer: DDC.oR@A6k
11-09 00:57:17.409  1435  2972 W BroadcastQueue: u0 Receiving a broadcast in packagecom.jr.narutoii requires a permissions review
11-09 00:57:17.409  1435  2972 W BroadcastQueue: Skipping delivery: permission review required for Intent { act=android.intent.action.PACKAGE_ADDED dat=package: flg=0x4000010 (has extras) } from null (pid=1435, uid=1000) to com.jr.narutoii/com.joyriver.engine.proxy.EngineReceiver
11-09 00:57:17.410  1435  1674 W BroadcastQueue: u0 Receiving a broadcast in packagecom.android.buyer requires a permissions review
11-09 00:57:17.410  1435  1674 W BroadcastQueue: Skipping delivery: permission review required for Intent { act=android.intent.action.PACKAGE_ADDED dat=package: flg=0x4000010 (has extras) } from null (pid=1435, uid=1000) to com.android.buyer/.mRve
11-09 00:57:17.410  1435  1674 W BroadcastQueue: Background execution not allowed: receiving Intent { act=android.intent.action.PACKAGE_ADDED dat=package: flg=0x4000010 (has extras) } to com.google.android.packageinstaller/com.android.packageinstaller.PackageInstalledReceiver
11-09 00:57:17.410  1435  1674 W BroadcastQueue: Background execution not allowed: receiving Intent { act=android.intent.action.PACKAGE_ADDED dat=package: flg=0x4000010 (has extras) } to com.android.vending/com.google.android.finsky.packagemonitor.impl.PackageMonitorReceiverImpl$RegisteredReceiver
11-09 00:57:17.411  1435  1674 W BroadcastQueue: Background execution not allowed: receiving Intent { act=android.intent.action.PACKAGE_ADDED dat=package: flg=0x4000010 (has extras) } to com.android.vending/com.google.android.finsky.packagemonitor.backgroundimpl.BackgroundPackageMonitorReceiverImpl$RegisteredReceiver
11-09 00:57:17.411  1435  1674 W BroadcastQueue: Background execution not allowed: receiving Intent { act=android.intent.action.PACKAGE_ADDED dat=package: flg=0x4000010 (has extras) } to com.google.android.gms/.games.chimera.GamesSystemBroadcastReceiverProxy
11-09 00:57:17.411  1435  1674 W BroadcastQueue: Background execution not allowed: receiving Intent { act=android.intent.action.PACKAGE_ADDED dat=package: flg=0x4000010 (has extras) } to com.google.android.gms/.gass.chimera.PackageChangeBroadcastReceiver
11-09 00:57:17.413  1435  1674 W BroadcastQueue: Background execution not allowed: receiving Intent { act=android.intent.action.PACKAGE_ADDED dat=package: flg=0x4000010 (has extras) } to com.google.android.gms/.chimera.GmsIntentOperationService$PersistentTrustedReceiver
11-09 00:57:17.413  1435  1674 W BroadcastQueue: Background execution not allowed: receiving Intent { act=android.intent.action.PACKAGE_ADDED dat=package: flg=0x4000010 (has extras) } to com.google.android.googlequicksearchbox/com.google.android.apps.gsa.googlequicksearchbox.GelStubAppWatcher
11-09 00:57:17.413  1435  1674 W BroadcastQueue: Background execution not allowed: receiving Intent { act=android.intent.action.PACKAGE_ADDED dat=package: flg=0x4000010 (has extras) } to asecurity.phone.junk.cleaner.antivirus/com.lumos.cguard.notif.internal.system.install.InstallReceiver
11-09 00:57:17.413  1435  1674 W BroadcastQueue: u0 Receiving a broadcast in packagecom.cncd.japan.janli.shudu requires a permissions review
11-09 00:57:17.413  1435  1674 W BroadcastQueue: Skipping delivery: permission review required for Intent { act=android.intent.action.PACKAGE_ADDED dat=package: flg=0x4000010 (has extras) } from null (pid=1435, uid=1000) to com.cncd.japan.janli.shudu/net.l.k.r
11-09 00:57:17.413  1435  1674 W BroadcastQueue: u0 Receiving a broadcast in packagecom.cncd.japan.janli.shudu requires a permissions review
11-09 00:57:17.413  1435  1674 W BroadcastQueue: Skipping delivery: permission review required for Intent { act=android.intent.action.PACKAGE_ADDED dat=package: flg=0x4000010 (has extras) } from null (pid=1435, uid=1000) to com.cncd.japan.janli.shudu/com.feiwofour.coverscreen.SR
11-09 00:57:17.413  1435  1674 W BroadcastQueue: u0 Receiving a broadcast in packagecom.games.mengmeizhitd requires a permissions review
11-09 00:57:17.413  1435  1674 W BroadcastQueue: Skipping delivery: permission review required for Intent { act=android.intent.action.PACKAGE_ADDED dat=package: flg=0x4000010 (has extras) } from null (pid=1435, uid=1000) to com.games.mengmeizhitd/hjnw.ihjnw.i.isqly
11-09 00:57:17.413  1435  1674 W BroadcastQueue: u0 Receiving a broadcast in packagecom.hgperfko.yaeghrwx requires a permissions review
11-09 00:57:17.413  1435  1674 W BroadcastQueue: Skipping delivery: permission review required for Intent { act=android.intent.action.PACKAGE_ADDED dat=package: flg=0x4000010 (has extras) } from null (pid=1435, uid=1000) to com.hgperfko.yaeghrwx/.core.hLytdCQDBv
11-09 00:57:17.413  1435  1674 W BroadcastQueue: u0 Receiving a broadcast in packagecom.qiuqiu.dfmc requires a permissions review
11-09 00:57:17.414  1435  1674 W BroadcastQueue: Skipping delivery: permission review required for Intent { act=android.intent.action.PACKAGE_ADDED dat=package: flg=0x4000010 (has extras) } from null (pid=1435, uid=1000) to com.qiuqiu.dfmc/cn.jpush.android.service.PushReceiver
11-09 00:57:17.414  1435  1674 W BroadcastQueue: u0 Receiving a broadcast in packagecom.safesys.viruskiller requires a permissions review
11-09 00:57:17.414  1435  1674 W BroadcastQueue: Skipping delivery: permission review required for Intent { act=android.intent.action.PACKAGE_ADDED dat=package: flg=0x4000010 (has extras) } from null (pid=1435, uid=1000) to com.safesys.viruskiller/.ScanPackageBroadcast
11-09 00:57:17.414  1435  1674 W BroadcastQueue: u0 Receiving a broadcast in packagecom.uc108.mobile.sdgj.bd1 requires a permissions review
11-09 00:57:17.414  1435  1674 W BroadcastQueue: Skipping delivery: permission review required for Intent { act=android.intent.action.PACKAGE_ADDED dat=package: flg=0x4000010 (has extras) } from null (pid=1435, uid=1000) to com.uc108.mobile.sdgj.bd1/com.baidu.tiebasdk.service.InstallReceiver
11-09 00:57:17.414  1435  1674 W BroadcastQueue: u0 Receiving a broadcast in packagecom.voicebianshengjinglingwc.wxl requires a permissions review
11-09 00:57:17.414  1435  1674 W BroadcastQueue: Skipping delivery: permission review required for Intent { act=android.intent.action.PACKAGE_ADDED dat=package: flg=0x4000010 (has extras) } from null (pid=1435, uid=1000) to com.voicebianshengjinglingwc.wxl/mp.ruu.Ztjjwrj
11-09 00:57:17.414  1435  1674 W BroadcastQueue: u0 Receiving a broadcast in packageio.dcloud.H5BC6BF13 requires a permissions review
11-09 00:57:17.414  1435  1674 W BroadcastQueue: Skipping delivery: permission review required for Intent { act=android.intent.action.PACKAGE_ADDED dat=package: flg=0x4000010 (has extras) } from null (pid=1435, uid=1000) to io.dcloud.H5BC6BF13/io.dcloud.common.adapter.io.DownloadReceiver
11-09 00:57:17.414  1435  1435 V BackupManagerConstants: getFullBackupIntervalMilliseconds(...) returns 86400000
11-09 00:57:17.414  1435  1435 V BackupManagerConstants: getFullBackupRequiredNetworkType(...) returns 2
11-09 00:57:17.414  1435  1435 V BackupManagerConstants: getFullBackupRequireCharging(...) returns true
