11-08 22:33:19.994  1463  1463 I Telecom : DefaultDialerCache: Refreshing default dialer for user 0: now com.google.android.dialer: DDC.oR@A0Q
11-08 22:33:20.005  1463  1463 V BackupManagerConstants: getFullBackupIntervalMilliseconds(...) returns 86400000
11-08 22:33:20.005  1463  1463 V BackupManagerConstants: getFullBackupRequiredNetworkType(...) returns 2
11-08 22:33:20.005  1463  1463 V BackupManagerConstants: getFullBackupRequireCharging(...) returns true
11-08 22:33:20.034  1463  1809 E VerityUtils: Failed to measure fs-verity, errno 1: /data/app/~~WbXm1D_jH_NmXpxD20bg2A==/com.google.hxz-fbfJlkgVyjYIEiiDaJCvog==/base.apk
11-08 22:33:20.043  1463  1561 D CompatibilityChangeReporter: Compat change id reported: 161252188; UID 10242; state: DISABLED
11-08 22:33:20.057  1463  1692 W WindowMagnificationMgr: requestConnection duplicated request: connect=false, mConnectionState=DISCONNECTED
11-08 22:33:20.069  1463  1463 I Telecom : DefaultDialerCache: Refreshing default dialer for user 0: now com.google.android.dialer: DDC.oR@A0c
11-08 22:33:20.086  1463  4170 W BackupTransportManager: Package com.google.hxz enabled setting: 0
11-08 22:33:20.087  1463  1814 E PackageManager: ERROR: could not load root hash from incremental install
11-08 22:33:20.091  1463  2039 W PackageParsing: Ignoring duplicate uses-permissions/uses-permissions-sdk-m: android.permission.DISABLE_KEYGUARD in package: bzyz.osqak.rcbmn at: Binary XML file line #22
11-08 22:33:20.108  1463  1814 I PackageManager: Integrity check passed for file:///data/app/vmdl636484150.tmp
11-08 22:33:20.123  1463  1692 W PackageManager: Failed registering loading progress callback. Package is fully loaded.
11-08 22:33:20.131  1463  1692 W WindowMagnificationMgr: requestConnection duplicated request: connect=false, mConnectionState=DISCONNECTED
11-08 22:33:20.159  1463  1814 W PackageParsing: Ignoring duplicate uses-permissions/uses-permissions-sdk-m: android.permission.DISABLE_KEYGUARD in package: bzyz.osqak.rcbmn at: Binary XML file line #22
11-08 22:33:20.270  1463  1676 V StorageManagerService: Package null has legacy storage
11-08 22:33:20.401  1463  1814 V BackupManagerService: [UserID:0] restoreAtInstall pkg=bzyz.osqak.rcbmn token=35 restoreSet=0
11-08 22:33:20.401  1463  1814 V BackupManagerService: [UserID:0] Finishing install immediately
11-08 22:33:20.402  1463  1814 D PackageInstallerSession: Marking session 636484150 as applied
11-08 22:33:20.410  1463  1814 D CompatibilityChangeReporter: Compat change id reported: 168419799; UID 10243; state: DISABLED
11-08 22:33:20.410  1463  1814 D CompatibilityChangeReporter: Compat change id reported: 273564678; UID 10243; state: DISABLED
11-08 22:33:20.418  1463  4227 W BroadcastQueue: u0 Receiving a broadcast in packagecom.jr.narutoii requires a permissions review
11-08 22:33:20.418  1463  4227 W BroadcastQueue: Skipping delivery: permission review required for Intent { act=android.intent.action.PACKAGE_ADDED dat=package: flg=0x4000010 (has extras) } from null (pid=1463, uid=1000) to com.jr.narutoii/com.joyriver.engine.proxy.EngineReceiver
11-08 22:33:20.419  1463  2914 D CompatibilityChangeReporter: Compat change id reported: 218533173; UID 10243; state: DISABLED
11-08 22:33:20.431  1463  1463 I Telecom : DefaultDialerCache: Refreshing default dialer for user 0: now com.google.android.dialer: DDC.oR@A0g
11-08 22:33:20.435  1463  1694 W BroadcastQueue: u0 Receiving a broadcast in packagecom.android.buyer requires a permissions review
11-08 22:33:20.435  1463  1694 W BroadcastQueue: Skipping delivery: permission review required for Intent { act=android.intent.action.PACKAGE_ADDED dat=package: flg=0x4000010 (has extras) } from null (pid=1463, uid=1000) to com.android.buyer/.mRve
11-08 22:33:20.435  1463  1694 W BroadcastQueue: Background execution not allowed: receiving Intent { act=android.intent.action.PACKAGE_ADDED dat=package: flg=0x4000010 (has extras) } to com.drweb/.antivirus.lib.monitor.PackageInstallBroadcastReceiver
11-08 22:33:20.435  1463  1694 W BroadcastQueue: Background execution not allowed: receiving Intent { act=android.intent.action.PACKAGE_ADDED dat=package: flg=0x4000010 (has extras) } to com.google.android.packageinstaller/com.android.packageinstaller.PackageInstalledReceiver
11-08 22:33:20.435  1463  1694 W BroadcastQueue: Background execution not allowed: receiving Intent { act=android.intent.action.PACKAGE_ADDED dat=package: flg=0x4000010 (has extras) } to com.android.vending/com.google.android.finsky.packagemonitor.impl.PackageMonitorReceiverImpl$RegisteredReceiver
11-08 22:33:20.435  1463  1694 W BroadcastQueue: Background execution not allowed: receiving Intent { act=android.intent.action.PACKAGE_ADDED dat=package: flg=0x4000010 (has extras) } to com.android.vending/com.google.android.finsky.packagemonitor.backgroundimpl.BackgroundPackageMonitorReceiverImpl$RegisteredReceiver
11-08 22:33:20.435  1463  1694 W BroadcastQueue: Background execution not allowed: receiving Intent { act=android.intent.action.PACKAGE_ADDED dat=package: flg=0x4000010 (has extras) } to com.google.android.gms/.games.chimera.GamesSystemBroadcastReceiverProxy
11-08 22:33:20.435  1463  1694 W BroadcastQueue: Background execution not allowed: receiving Intent { act=android.intent.action.PACKAGE_ADDED dat=package: flg=0x4000010 (has extras) } to com.google.android.gms/.gass.chimera.PackageChangeBroadcastReceiver
11-08 22:33:20.435  1463  1694 W BroadcastQueue: Background execution not allowed: receiving Intent { act=android.intent.action.PACKAGE_ADDED dat=package: flg=0x4000010 (has extras) } to com.google.android.gms/.chimera.GmsIntentOperationService$PersistentTrustedReceiver
11-08 22:33:20.435  1463  1694 W BroadcastQueue: Background execution not allowed: receiving Intent { act=android.intent.action.PACKAGE_ADDED dat=package: flg=0x4000010 (has extras) } to com.google.android.googlequicksearchbox/com.google.android.apps.gsa.googlequicksearchbox.GelStubAppWatcher
11-08 22:33:20.435  1463  1694 W BroadcastQueue: u0 Receiving a broadcast in packagecom.cncd.japan.janli.shudu requires a permissions review
11-08 22:33:20.435  1463  1694 W BroadcastQueue: Skipping delivery: permission review required for Intent { act=android.intent.action.PACKAGE_ADDED dat=package: flg=0x4000010 (has extras) } from null (pid=1463, uid=1000) to com.cncd.japan.janli.shudu/net.l.k.r
11-08 22:33:20.435  1463  1694 W BroadcastQueue: u0 Receiving a broadcast in packagecom.cncd.japan.janli.shudu requires a permissions review
11-08 22:33:20.435  1463  1694 W BroadcastQueue: Skipping delivery: permission review required for Intent { act=android.intent.action.PACKAGE_ADDED dat=package: flg=0x4000010 (has extras) } from null (pid=1463, uid=1000) to com.cncd.japan.janli.shudu/com.feiwofour.coverscreen.SR
11-08 22:33:20.435  1463  1694 W BroadcastQueue: u0 Receiving a broadcast in packagecom.games.mengmeizhitd requires a permissions review
11-08 22:33:20.435  1463  1694 W BroadcastQueue: Skipping delivery: permission review required for Intent { act=android.intent.action.PACKAGE_ADDED dat=package: flg=0x4000010 (has extras) } from null (pid=1463, uid=1000) to com.games.mengmeizhitd/hjnw.ihjnw.i.isqly
11-08 22:33:20.435  1463  1694 W BroadcastQueue: u0 Receiving a broadcast in packagecom.hgperfko.yaeghrwx requires a permissions review
11-08 22:33:20.435  1463  1694 W BroadcastQueue: Skipping delivery: permission review required for Intent { act=android.intent.action.PACKAGE_ADDED dat=package: flg=0x4000010 (has extras) } from null (pid=1463, uid=1000) to com.hgperfko.yaeghrwx/.core.hLytdCQDBv
11-08 22:33:20.435  1463  1694 W BroadcastQueue: u0 Receiving a broadcast in packagecom.qiuqiu.dfmc requires a permissions review
11-08 22:33:20.435  1463  1694 W BroadcastQueue: Skipping delivery: permission review required for Intent { act=android.intent.action.PACKAGE_ADDED dat=package: flg=0x4000010 (has extras) } from null (pid=1463, uid=1000) to com.qiuqiu.dfmc/cn.jpush.android.service.PushReceiver
11-08 22:33:20.435  1463  1694 W BroadcastQueue: u0 Receiving a broadcast in packagecom.safesys.viruskiller requires a permissions review
11-08 22:33:20.435  1463  1694 W BroadcastQueue: Skipping delivery: permission review required for Intent { act=android.intent.action.PACKAGE_ADDED dat=package: flg=0x4000010 (has extras) } from null (pid=1463, uid=1000) to com.safesys.viruskiller/.ScanPackageBroadcast
11-08 22:33:20.435  1463  1694 W BroadcastQueue: u0 Receiving a broadcast in packagecom.uc108.mobile.sdgj.bd1 requires a permissions review
11-08 22:33:20.435  1463  1694 W BroadcastQueue: Skipping delivery: permission review required for Intent { act=android.intent.action.PACKAGE_ADDED dat=package: flg=0x4000010 (has extras) } from null (pid=1463, uid=1000) to com.uc108.mobile.sdgj.bd1/com.baidu.tiebasdk.service.InstallReceiver
11-08 22:33:20.435  1463  1694 W BroadcastQueue: u0 Receiving a broadcast in packageio.dcloud.H5BC6BF13 requires a permissions review
11-08 22:33:20.435  1463  1694 W BroadcastQueue: Skipping delivery: permission review required for Intent { act=android.intent.action.PACKAGE_ADDED dat=package: flg=0x4000010 (has extras) } from null (pid=1463, uid=1000) to io.dcloud.H5BC6BF13/io.dcloud.common.adapter.io.DownloadReceiver
11-08 22:33:20.441  1463  1463 V BackupManagerConstants: getFullBackupIntervalMilliseconds(...) returns 86400000
11-08 22:33:20.441  1463  1463 V BackupManagerConstants: getFullBackupRequiredNetworkType(...) returns 2
11-08 22:33:20.441  1463  1463 V BackupManagerConstants: getFullBackupRequireCharging(...) returns true
11-08 22:33:20.456  1463  1463 I Telecom : DefaultDialerCache: Refreshing default dialer for user 0: now com.google.android.dialer: DDC.oR@A0k
11-08 22:33:20.456  1463  1692 W WindowMagnificationMgr: requestConnection duplicated request: connect=false, mConnectionState=DISCONNECTED
11-08 22:33:20.500  1463  1809 E VerityUtils: Failed to measure fs-verity, errno 1: /data/app/~~kEq8_hogZgEyK7_4zwL0vQ==/bzyz.osqak.rcbmn-KynpqFv371AouJjBo9sPZA==/base.apk
11-08 22:33:20.519  1463  4227 D CompatibilityChangeReporter: Compat change id reported: 161252188; UID 10243; state: DISABLED
11-08 22:33:20.523  1463  4170 W BackupTransportManager: Package bzyz.osqak.rcbmn enabled setting: 0
11-08 22:33:20.555  1463  1814 E PackageManager: ERROR: could not load root hash from incremental install
11-08 22:33:20.556  1463  1692 W PackageManager: Failed registering loading progress callback. Package is fully loaded.
11-08 22:33:20.571  1463  1692 W WindowMagnificationMgr: requestConnection duplicated request: connect=false, mConnectionState=DISCONNECTED
11-08 22:33:20.576  1463  1814 I PackageManager: Integrity check passed for file:///data/app/vmdl1688397985.tmp
11-08 22:33:20.734  1463  1676 V StorageManagerService: Package null has legacy storage
11-08 22:33:20.838  1463  1814 V BackupManagerService: [UserID:0] restoreAtInstall pkg=com.novaspirit.usbcleaver token=36 restoreSet=0
11-08 22:33:20.839  1463  1814 V BackupManagerService: [UserID:0] Finishing install immediately
11-08 22:33:20.845  1463  1814 D PackageInstallerSession: Marking session 1688397985 as applied
11-08 22:33:20.851  1463  1814 D CompatibilityChangeReporter: Compat change id reported: 168419799; UID 10244; state: DISABLED
11-08 22:33:20.851  1463  1814 D CompatibilityChangeReporter: Compat change id reported: 273564678; UID 10244; state: DISABLED
11-08 22:33:20.855  1463  5584 W BroadcastQueue: u0 Receiving a broadcast in packagecom.jr.narutoii requires a permissions review
11-08 22:33:20.855  1463  5584 W BroadcastQueue: Skipping delivery: permission review required for Intent { act=android.intent.action.PACKAGE_ADDED dat=package: flg=0x4000010 (has extras) } from null (pid=1463, uid=1000) to com.jr.narutoii/com.joyriver.engine.proxy.EngineReceiver
11-08 22:33:20.855  1463  1463 I Telecom : DefaultDialerCache: Refreshing default dialer for user 0: now com.google.android.dialer: DDC.oR@A0w
11-08 22:33:20.855  1463  1694 W BroadcastQueue: u0 Receiving a broadcast in packagecom.android.buyer requires a permissions review
11-08 22:33:20.855  1463  1694 W BroadcastQueue: Skipping delivery: permission review required for Intent { act=android.intent.action.PACKAGE_ADDED dat=package: flg=0x4000010 (has extras) } from null (pid=1463, uid=1000) to com.android.buyer/.mRve
11-08 22:33:20.855  1463  1694 W BroadcastQueue: Background execution not allowed: receiving Intent { act=android.intent.action.PACKAGE_ADDED dat=package: flg=0x4000010 (has extras) } to com.drweb/.antivirus.lib.monitor.PackageInstallBroadcastReceiver
11-08 22:33:20.855  1463  1694 W BroadcastQueue: Background execution not allowed: receiving Intent { act=android.intent.action.PACKAGE_ADDED dat=package: flg=0x4000010 (has extras) } to com.google.android.packageinstaller/com.android.packageinstaller.PackageInstalledReceiver
11-08 22:33:20.855  1463  1694 W BroadcastQueue: Background execution not allowed: receiving Intent { act=android.intent.action.PACKAGE_ADDED dat=package: flg=0x4000010 (has extras) } to com.android.vending/com.google.android.finsky.packagemonitor.impl.PackageMonitorReceiverImpl$RegisteredReceiver
11-08 22:33:20.855  1463  1694 W BroadcastQueue: Background execution not allowed: receiving Intent { act=android.intent.action.PACKAGE_ADDED dat=package: flg=0x4000010 (has extras) } to com.android.vending/com.google.android.finsky.packagemonitor.backgroundimpl.BackgroundPackageMonitorReceiverImpl$RegisteredReceiver
11-08 22:33:20.855  1463  1694 W BroadcastQueue: Background execution not allowed: receiving Intent { act=android.intent.action.PACKAGE_ADDED dat=package: flg=0x4000010 (has extras) } to com.google.android.gms/.games.chimera.GamesSystemBroadcastReceiverProxy
11-08 22:33:20.855  1463  1694 W BroadcastQueue: Background execution not allowed: receiving Intent { act=android.intent.action.PACKAGE_ADDED dat=package: flg=0x4000010 (has extras) } to com.google.android.gms/.gass.chimera.PackageChangeBroadcastReceiver
11-08 22:33:20.855  1463  1694 W BroadcastQueue: Background execution not allowed: receiving Intent { act=android.intent.action.PACKAGE_ADDED dat=package: flg=0x4000010 (has extras) } to com.google.android.gms/.chimera.GmsIntentOperationService$PersistentTrustedReceiver
11-08 22:33:20.855  1463  1694 W BroadcastQueue: Background execution not allowed: receiving Intent { act=android.intent.action.PACKAGE_ADDED dat=package: flg=0x4000010 (has extras) } to com.google.android.googlequicksearchbox/com.google.android.apps.gsa.googlequicksearchbox.GelStubAppWatcher
11-08 22:33:20.855  1463  1694 W BroadcastQueue: u0 Receiving a broadcast in packagecom.cncd.japan.janli.shudu requires a permissions review
11-08 22:33:20.855  1463  1694 W BroadcastQueue: Skipping delivery: permission review required for Intent { act=android.intent.action.PACKAGE_ADDED dat=package: flg=0x4000010 (has extras) } from null (pid=1463, uid=1000) to com.cncd.japan.janli.shudu/net.l.k.r
11-08 22:33:20.856  1463  1694 W BroadcastQueue: u0 Receiving a broadcast in packagecom.cncd.japan.janli.shudu requires a permissions review
11-08 22:33:20.856  1463  1694 W BroadcastQueue: Skipping delivery: permission review required for Intent { act=android.intent.action.PACKAGE_ADDED dat=package: flg=0x4000010 (has extras) } from null (pid=1463, uid=1000) to com.cncd.japan.janli.shudu/com.feiwofour.coverscreen.SR
11-08 22:33:20.856  1463  1694 W BroadcastQueue: u0 Receiving a broadcast in packagecom.games.mengmeizhitd requires a permissions review
11-08 22:33:20.856  1463  1694 W BroadcastQueue: Skipping delivery: permission review required for Intent { act=android.intent.action.PACKAGE_ADDED dat=package: flg=0x4000010 (has extras) } from null (pid=1463, uid=1000) to com.games.mengmeizhitd/hjnw.ihjnw.i.isqly
11-08 22:33:20.856  1463  1694 W BroadcastQueue: u0 Receiving a broadcast in packagecom.hgperfko.yaeghrwx requires a permissions review
11-08 22:33:20.856  1463  1694 W BroadcastQueue: Skipping delivery: permission review required for Intent { act=android.intent.action.PACKAGE_ADDED dat=package: flg=0x4000010 (has extras) } from null (pid=1463, uid=1000) to com.hgperfko.yaeghrwx/.core.hLytdCQDBv
11-08 22:33:20.856  1463  1694 W BroadcastQueue: u0 Receiving a broadcast in packagecom.qiuqiu.dfmc requires a permissions review
11-08 22:33:20.856  1463  1694 W BroadcastQueue: Skipping delivery: permission review required for Intent { act=android.intent.action.PACKAGE_ADDED dat=package: flg=0x4000010 (has extras) } from null (pid=1463, uid=1000) to com.qiuqiu.dfmc/cn.jpush.android.service.PushReceiver
11-08 22:33:20.856  1463  1694 W BroadcastQueue: u0 Receiving a broadcast in packagecom.safesys.viruskiller requires a permissions review
11-08 22:33:20.856  1463  1694 W BroadcastQueue: Skipping delivery: permission review required for Intent { act=android.intent.action.PACKAGE_ADDED dat=package: flg=0x4000010 (has extras) } from null (pid=1463, uid=1000) to com.safesys.viruskiller/.ScanPackageBroadcast
11-08 22:33:20.856  1463  1694 W BroadcastQueue: u0 Receiving a broadcast in packagecom.uc108.mobile.sdgj.bd1 requires a permissions review
11-08 22:33:20.856  1463  1694 W BroadcastQueue: Skipping delivery: permission review required for Intent { act=android.intent.action.PACKAGE_ADDED dat=package: flg=0x4000010 (has extras) } from null (pid=1463, uid=1000) to com.uc108.mobile.sdgj.bd1/com.baidu.tiebasdk.service.InstallReceiver
11-08 22:33:20.856  1463  1694 W BroadcastQueue: u0 Receiving a broadcast in packageio.dcloud.H5BC6BF13 requires a permissions review
11-08 22:33:20.856  1463  1694 W BroadcastQueue: Skipping delivery: permission review required for Intent { act=android.intent.action.PACKAGE_ADDED dat=package: flg=0x4000010 (has extras) } from null (pid=1463, uid=1000) to io.dcloud.H5BC6BF13/io.dcloud.common.adapter.io.DownloadReceiver
11-08 22:33:20.859  1463  2914 D CompatibilityChangeReporter: Compat change id reported: 218533173; UID 10244; state: DISABLED
11-08 22:33:20.866  1463  1463 V BackupManagerConstants: getFullBackupIntervalMilliseconds(...) returns 86400000
11-08 22:33:20.866  1463  1463 V BackupManagerConstants: getFullBackupRequiredNetworkType(...) returns 2
11-08 22:33:20.866  1463  1463 V BackupManagerConstants: getFullBackupRequireCharging(...) returns true
11-08 22:33:20.887  1463  1692 W WindowMagnificationMgr: requestConnection duplicated request: connect=false, mConnectionState=DISCONNECTED
11-08 22:33:20.899  1463  1463 I Telecom : DefaultDialerCache: Refreshing default dialer for user 0: now com.google.android.dialer: DDC.oR@A00
11-08 22:33:20.920  1463  4170 W BackupTransportManager: Package com.novaspirit.usbcleaver enabled setting: 0
11-08 22:33:20.930  1463  1809 E VerityUtils: Failed to measure fs-verity, errno 1: /data/app/~~fnPgHDxc5yKzeGYR8RO9fw==/com.novaspirit.usbcleaver-E23LTBs87xklnP8SQpPuFA==/base.apk
11-08 22:33:20.935  1463  5578 D CompatibilityChangeReporter: Compat change id reported: 161252188; UID 10244; state: DISABLED
11-08 22:33:20.937  1463  1692 W PackageManager: Failed registering loading progress callback. Package is fully loaded.
11-08 22:33:20.944  1463  1692 W WindowMagnificationMgr: requestConnection duplicated request: connect=false, mConnectionState=DISCONNECTED
11-08 22:33:21.030  1463  5411 W AppOps  : setUidMode() called with a mode inconsistent with runtime permission state, this is discouraged and you should revoke the runtime permission instead: uid=10125, switchCode=0, mode=4, permission=android.permission.ACCESS_BACKGROUND_LOCATION
11-08 22:33:21.079  1463  1814 E PackageManager: ERROR: could not load root hash from incremental install
11-08 22:33:21.100  1463  1814 I PackageManager: Integrity check passed for file:///data/app/vmdl6206433.tmp
11-08 22:33:21.136  1463  2984 W AppOps  : setUidMode() called with a mode inconsistent with runtime permission state, this is discouraged and you should revoke the runtime permission instead: uid=10125, switchCode=1, mode=4, permission=android.permission.ACCESS_BACKGROUND_LOCATION
11-08 22:33:21.138  1463  5590 W AppOps  : setUidMode() called with a mode inconsistent with runtime permission state, this is discouraged and you should revoke the runtime permission instead: uid=10125, switchCode=0, mode=4, permission=android.permission.ACCESS_BACKGROUND_LOCATION
11-08 22:33:21.233  1463  1676 V StorageManagerService: Package null has legacy storage
11-08 22:33:21.357  1463  1814 V BackupManagerService: [UserID:0] restoreAtInstall pkg=com.voicebianshengjinglingwc.wxl token=37 restoreSet=0
11-08 22:33:21.357  1463  1814 V BackupManagerService: [UserID:0] Finishing install immediately
11-08 22:33:21.359  1463  1814 D PackageInstallerSession: Marking session 6206433 as applied
11-08 22:33:21.364  1463  1814 D CompatibilityChangeReporter: Compat change id reported: 168419799; UID 10245; state: DISABLED
11-08 22:33:21.364  1463  1814 D CompatibilityChangeReporter: Compat change id reported: 273564678; UID 10245; state: DISABLED
11-08 22:33:21.371  1463  2914 D CompatibilityChangeReporter: Compat change id reported: 218533173; UID 10245; state: DISABLED
11-08 22:33:21.372  1463  1463 I Telecom : DefaultDialerCache: Refreshing default dialer for user 0: now com.google.android.dialer: DDC.oR@A1A
11-08 22:33:21.375  1463  1463 V BackupManagerConstants: getFullBackupIntervalMilliseconds(...) returns 86400000
11-08 22:33:21.375  1463  1463 V BackupManagerConstants: getFullBackupRequiredNetworkType(...) returns 2
11-08 22:33:21.375  1463  1463 V BackupManagerConstants: getFullBackupRequireCharging(...) returns true
11-08 22:33:21.386  1463  3207 W BroadcastQueue: u0 Receiving a broadcast in packagecom.jr.narutoii requires a permissions review
11-08 22:33:21.386  1463  3207 W BroadcastQueue: Skipping delivery: permission review required for Intent { act=android.intent.action.PACKAGE_ADDED dat=package: flg=0x4000010 (has extras) } from null (pid=1463, uid=1000) to com.jr.narutoii/com.joyriver.engine.proxy.EngineReceiver
11-08 22:33:21.389  1463  1694 W BroadcastQueue: u0 Receiving a broadcast in packagecom.android.buyer requires a permissions review
11-08 22:33:21.389  1463  1694 W BroadcastQueue: Skipping delivery: permission review required for Intent { act=android.intent.action.PACKAGE_ADDED dat=package: flg=0x4000010 (has extras) } from null (pid=1463, uid=1000) to com.android.buyer/.mRve
11-08 22:33:21.390  1463  1694 W BroadcastQueue: Background execution not allowed: receiving Intent { act=android.intent.action.PACKAGE_ADDED dat=package: flg=0x4000010 (has extras) } to com.drweb/.antivirus.lib.monitor.PackageInstallBroadcastReceiver
11-08 22:33:21.390  1463  1694 W BroadcastQueue: Background execution not allowed: receiving Intent { act=android.intent.action.PACKAGE_ADDED dat=package: flg=0x4000010 (has extras) } to com.google.android.packageinstaller/com.android.packageinstaller.PackageInstalledReceiver
11-08 22:33:21.390  1463  1694 W BroadcastQueue: Background execution not allowed: receiving Intent { act=android.intent.action.PACKAGE_ADDED dat=package: flg=0x4000010 (has extras) } to com.android.vending/com.google.android.finsky.packagemonitor.impl.PackageMonitorReceiverImpl$RegisteredReceiver
11-08 22:33:21.390  1463  1694 W BroadcastQueue: Background execution not allowed: receiving Intent { act=android.intent.action.PACKAGE_ADDED dat=package: flg=0x4000010 (has extras) } to com.android.vending/com.google.android.finsky.packagemonitor.backgroundimpl.BackgroundPackageMonitorReceiverImpl$RegisteredReceiver
11-08 22:33:21.390  1463  1694 W BroadcastQueue: Background execution not allowed: receiving Intent { act=android.intent.action.PACKAGE_ADDED dat=package: flg=0x4000010 (has extras) } to com.google.android.gms/.games.chimera.GamesSystemBroadcastReceiverProxy
11-08 22:33:21.390  1463  1694 W BroadcastQueue: Background execution not allowed: receiving Intent { act=android.intent.action.PACKAGE_ADDED dat=package: flg=0x4000010 (has extras) } to com.google.android.gms/.gass.chimera.PackageChangeBroadcastReceiver
11-08 22:33:21.390  1463  1694 W BroadcastQueue: Background execution not allowed: receiving Intent { act=android.intent.action.PACKAGE_ADDED dat=package: flg=0x4000010 (has extras) } to com.google.android.gms/.chimera.GmsIntentOperationService$PersistentTrustedReceiver
11-08 22:33:21.390  1463  1694 W BroadcastQueue: Background execution not allowed: receiving Intent { act=android.intent.action.PACKAGE_ADDED dat=package: flg=0x4000010 (has extras) } to com.google.android.googlequicksearchbox/com.google.android.apps.gsa.googlequicksearchbox.GelStubAppWatcher
11-08 22:33:21.390  1463  1694 W BroadcastQueue: u0 Receiving a broadcast in packagecom.cncd.japan.janli.shudu requires a permissions review
11-08 22:33:21.390  1463  1694 W BroadcastQueue: Skipping delivery: permission review required for Intent { act=android.intent.action.PACKAGE_ADDED dat=package: flg=0x4000010 (has extras) } from null (pid=1463, uid=1000) to com.cncd.japan.janli.shudu/net.l.k.r
11-08 22:33:21.390  1463  1694 W BroadcastQueue: u0 Receiving a broadcast in packagecom.cncd.japan.janli.shudu requires a permissions review
11-08 22:33:21.390  1463  1694 W BroadcastQueue: Skipping delivery: permission review required for Intent { act=android.intent.action.PACKAGE_ADDED dat=package: flg=0x4000010 (has extras) } from null (pid=1463, uid=1000) to com.cncd.japan.janli.shudu/com.feiwofour.coverscreen.SR
11-08 22:33:21.390  1463  1694 W BroadcastQueue: u0 Receiving a broadcast in packagecom.games.mengmeizhitd requires a permissions review
11-08 22:33:21.390  1463  1694 W BroadcastQueue: Skipping delivery: permission review required for Intent { act=android.intent.action.PACKAGE_ADDED dat=package: flg=0x4000010 (has extras) } from null (pid=1463, uid=1000) to com.games.mengmeizhitd/hjnw.ihjnw.i.isqly
11-08 22:33:21.390  1463  1694 W BroadcastQueue: u0 Receiving a broadcast in packagecom.hgperfko.yaeghrwx requires a permissions review
11-08 22:33:21.391  1463  1694 W BroadcastQueue: Skipping delivery: permission review required for Intent { act=android.intent.action.PACKAGE_ADDED dat=package: flg=0x4000010 (has extras) } from null (pid=1463, uid=1000) to com.hgperfko.yaeghrwx/.core.hLytdCQDBv
11-08 22:33:21.391  1463  1694 W BroadcastQueue: u0 Receiving a broadcast in packagecom.qiuqiu.dfmc requires a permissions review
11-08 22:33:21.391  1463  1694 W BroadcastQueue: Skipping delivery: permission review required for Intent { act=android.intent.action.PACKAGE_ADDED dat=package: flg=0x4000010 (has extras) } from null (pid=1463, uid=1000) to com.qiuqiu.dfmc/cn.jpush.android.service.PushReceiver
11-08 22:33:21.391  1463  1694 W BroadcastQueue: u0 Receiving a broadcast in packagecom.safesys.viruskiller requires a permissions review
11-08 22:33:21.391  1463  1694 W BroadcastQueue: Skipping delivery: permission review required for Intent { act=android.intent.action.PACKAGE_ADDED dat=package: flg=0x4000010 (has extras) } from null (pid=1463, uid=1000) to com.safesys.viruskiller/.ScanPackageBroadcast
11-08 22:33:21.395  1463  1692 W WindowMagnificationMgr: requestConnection duplicated request: connect=false, mConnectionState=DISCONNECTED
11-08 22:33:21.396  1463  1694 W BroadcastQueue: u0 Receiving a broadcast in packagecom.uc108.mobile.sdgj.bd1 requires a permissions review
11-08 22:33:21.396  1463  1694 W BroadcastQueue: Skipping delivery: permission review required for Intent { act=android.intent.action.PACKAGE_ADDED dat=package: flg=0x4000010 (has extras) } from null (pid=1463, uid=1000) to com.uc108.mobile.sdgj.bd1/com.baidu.tiebasdk.service.InstallReceiver
11-08 22:33:21.406  1463  1463 I Telecom : DefaultDialerCache: Refreshing default dialer for user 0: now com.google.android.dialer: DDC.oR@A1E
11-08 22:33:21.407  1463  4170 W BackupTransportManager: Package com.voicebianshengjinglingwc.wxl enabled setting: 0
11-08 22:33:21.408  1463  1694 W BroadcastQueue: u0 Receiving a broadcast in packageio.dcloud.H5BC6BF13 requires a permissions review
11-08 22:33:21.409  1463  1694 W BroadcastQueue: Skipping delivery: permission review required for Intent { act=android.intent.action.PACKAGE_ADDED dat=package: flg=0x4000010 (has extras) } from null (pid=1463, uid=1000) to io.dcloud.H5BC6BF13/io.dcloud.common.adapter.io.DownloadReceiver
11-08 22:33:21.436  1463  1809 E VerityUtils: Failed to measure fs-verity, errno 1: /data/app/~~zYFVAkV_PIK_Zl9qAOq2Gw==/com.voicebianshengjinglingwc.wxl-fFStSaxD-4BCzDyo54MM7w==/base.apk
11-08 22:33:21.448  1463  4207 D CompatibilityChangeReporter: Compat change id reported: 161252188; UID 10245; state: DISABLED
11-08 22:33:21.460  1463  1692 W PackageManager: Failed registering loading progress callback. Package is fully loaded.
11-08 22:33:21.466  1463  1692 W WindowMagnificationMgr: requestConnection duplicated request: connect=false, mConnectionState=DISCONNECTED
11-08 22:33:21.490  1463  1814 E PackageManager: ERROR: could not load root hash from incremental install
11-08 22:33:21.492  1463  2039 W PackageParsing: Ignoring duplicate uses-permissions/uses-permissions-sdk-m: android.permission.DISABLE_KEYGUARD in package: zqgd.bwqay.wekcq at: Binary XML file line #22
11-08 22:33:21.507  1463  1814 I PackageManager: Integrity check passed for file:///data/app/vmdl341428753.tmp
11-08 22:33:21.571  1463  1814 W PackageParsing: Ignoring duplicate uses-permissions/uses-permissions-sdk-m: android.permission.DISABLE_KEYGUARD in package: zqgd.bwqay.wekcq at: Binary XML file line #22
11-08 22:33:21.682  1463  1676 V StorageManagerService: Package null has legacy storage
11-08 22:33:21.730  1463  5589 I ActivityManager: Background started FGS: Allowed [callingPackage: com.google.android.apps.wellbeing; callingUid: 10121; uidState: BFGS; intent: Intent { cmp=com.google.android.apps.wellbeing/com.google.apps.tiktok.concurrent.InternalForegroundService (has extras) }; code:BACKGROUND_ACTIVITY_PERMISSION; tempAllowListReason:<null>; targetSdkVersion:33; callerTargetSdkVersion:33; startForegroundCount:0; bindFromPackage:null]
11-08 22:33:21.794  1463  1814 V BackupManagerService: [UserID:0] restoreAtInstall pkg=zqgd.bwqay.wekcq token=38 restoreSet=0
11-08 22:33:21.794  1463  1814 V BackupManagerService: [UserID:0] Finishing install immediately
11-08 22:33:21.795  1463  1814 D PackageInstallerSession: Marking session 341428753 as applied
11-08 22:33:21.798  1463  1814 D CompatibilityChangeReporter: Compat change id reported: 168419799; UID 10246; state: DISABLED
11-08 22:33:21.799  1463  1814 D CompatibilityChangeReporter: Compat change id reported: 273564678; UID 10246; state: DISABLED
11-08 22:33:21.803  1463  2914 D CompatibilityChangeReporter: Compat change id reported: 218533173; UID 10246; state: DISABLED
11-08 22:33:21.817  1463  5594 W BroadcastQueue: u0 Receiving a broadcast in packagecom.jr.narutoii requires a permissions review
11-08 22:33:21.817  1463  5594 W BroadcastQueue: Skipping delivery: permission review required for Intent { act=android.intent.action.PACKAGE_ADDED dat=package: flg=0x4000010 (has extras) } from null (pid=1463, uid=1000) to com.jr.narutoii/com.joyriver.engine.proxy.EngineReceiver
11-08 22:33:21.825  1463  1463 I Telecom : DefaultDialerCache: Refreshing default dialer for user 0: now com.google.android.dialer: DDC.oR@A1Q
11-08 22:33:21.830  1463  1694 W BroadcastQueue: u0 Receiving a broadcast in packagecom.android.buyer requires a permissions review
11-08 22:33:21.830  1463  1694 W BroadcastQueue: Skipping delivery: permission review required for Intent { act=android.intent.action.PACKAGE_ADDED dat=package: flg=0x4000010 (has extras) } from null (pid=1463, uid=1000) to com.android.buyer/.mRve
11-08 22:33:21.830  1463  1694 W BroadcastQueue: Background execution not allowed: receiving Intent { act=android.intent.action.PACKAGE_ADDED dat=package: flg=0x4000010 (has extras) } to com.drweb/.antivirus.lib.monitor.PackageInstallBroadcastReceiver
11-08 22:33:21.831  1463  1694 W BroadcastQueue: Background execution not allowed: receiving Intent { act=android.intent.action.PACKAGE_ADDED dat=package: flg=0x4000010 (has extras) } to com.google.android.packageinstaller/com.android.packageinstaller.PackageInstalledReceiver
11-08 22:33:21.831  1463  1694 W BroadcastQueue: Background execution not allowed: receiving Intent { act=android.intent.action.PACKAGE_ADDED dat=package: flg=0x4000010 (has extras) } to com.android.vending/com.google.android.finsky.packagemonitor.impl.PackageMonitorReceiverImpl$RegisteredReceiver
11-08 22:33:21.831  1463  1694 W BroadcastQueue: Background execution not allowed: receiving Intent { act=android.intent.action.PACKAGE_ADDED dat=package: flg=0x4000010 (has extras) } to com.android.vending/com.google.android.finsky.packagemonitor.backgroundimpl.BackgroundPackageMonitorReceiverImpl$RegisteredReceiver
11-08 22:33:21.831  1463  1694 W BroadcastQueue: Background execution not allowed: receiving Intent { act=android.intent.action.PACKAGE_ADDED dat=package: flg=0x4000010 (has extras) } to com.google.android.gms/.games.chimera.GamesSystemBroadcastReceiverProxy
11-08 22:33:21.831  1463  1694 W BroadcastQueue: Background execution not allowed: receiving Intent { act=android.intent.action.PACKAGE_ADDED dat=package: flg=0x4000010 (has extras) } to com.google.android.gms/.gass.chimera.PackageChangeBroadcastReceiver
11-08 22:33:21.831  1463  1694 W BroadcastQueue: Background execution not allowed: receiving Intent { act=android.intent.action.PACKAGE_ADDED dat=package: flg=0x4000010 (has extras) } to com.google.android.gms/.chimera.GmsIntentOperationService$PersistentTrustedReceiver
11-08 22:33:21.831  1463  1694 W BroadcastQueue: Background execution not allowed: receiving Intent { act=android.intent.action.PACKAGE_ADDED dat=package: flg=0x4000010 (has extras) } to com.google.android.googlequicksearchbox/com.google.android.apps.gsa.googlequicksearchbox.GelStubAppWatcher
11-08 22:33:21.831  1463  1694 W BroadcastQueue: u0 Receiving a broadcast in packagecom.cncd.japan.janli.shudu requires a permissions review
11-08 22:33:21.831  1463  1694 W BroadcastQueue: Skipping delivery: permission review required for Intent { act=android.intent.action.PACKAGE_ADDED dat=package: flg=0x4000010 (has extras) } from null (pid=1463, uid=1000) to com.cncd.japan.janli.shudu/net.l.k.r
11-08 22:33:21.831  1463  1694 W BroadcastQueue: u0 Receiving a broadcast in packagecom.cncd.japan.janli.shudu requires a permissions review
11-08 22:33:21.831  1463  1694 W BroadcastQueue: Skipping delivery: permission review required for Intent { act=android.intent.action.PACKAGE_ADDED dat=package: flg=0x4000010 (has extras) } from null (pid=1463, uid=1000) to com.cncd.japan.janli.shudu/com.feiwofour.coverscreen.SR
11-08 22:33:21.831  1463  1694 W BroadcastQueue: u0 Receiving a broadcast in packagecom.games.mengmeizhitd requires a permissions review
11-08 22:33:21.831  1463  1694 W BroadcastQueue: Skipping delivery: permission review required for Intent { act=android.intent.action.PACKAGE_ADDED dat=package: flg=0x4000010 (has extras) } from null (pid=1463, uid=1000) to com.games.mengmeizhitd/hjnw.ihjnw.i.isqly
11-08 22:33:21.831  1463  1694 W BroadcastQueue: u0 Receiving a broadcast in packagecom.hgperfko.yaeghrwx requires a permissions review
11-08 22:33:21.831  1463  1694 W BroadcastQueue: Skipping delivery: permission review required for Intent { act=android.intent.action.PACKAGE_ADDED dat=package: flg=0x4000010 (has extras) } from null (pid=1463, uid=1000) to com.hgperfko.yaeghrwx/.core.hLytdCQDBv
11-08 22:33:21.831  1463  1694 W BroadcastQueue: u0 Receiving a broadcast in packagecom.qiuqiu.dfmc requires a permissions review
11-08 22:33:21.831  1463  1694 W BroadcastQueue: Skipping delivery: permission review required for Intent { act=android.intent.action.PACKAGE_ADDED dat=package: flg=0x4000010 (has extras) } from null (pid=1463, uid=1000) to com.qiuqiu.dfmc/cn.jpush.android.service.PushReceiver
11-08 22:33:21.831  1463  1694 W BroadcastQueue: u0 Receiving a broadcast in packagecom.safesys.viruskiller requires a permissions review
11-08 22:33:21.831  1463  1694 W BroadcastQueue: Skipping delivery: permission review required for Intent { act=android.intent.action.PACKAGE_ADDED dat=package: flg=0x4000010 (has extras) } from null (pid=1463, uid=1000) to com.safesys.viruskiller/.ScanPackageBroadcast
11-08 22:33:21.831  1463  1694 W BroadcastQueue: u0 Receiving a broadcast in packagecom.uc108.mobile.sdgj.bd1 requires a permissions review
11-08 22:33:21.831  1463  1694 W BroadcastQueue: Skipping delivery: permission review required for Intent { act=android.intent.action.PACKAGE_ADDED dat=package: flg=0x4000010 (has extras) } from null (pid=1463, uid=1000) to com.uc108.mobile.sdgj.bd1/com.baidu.tiebasdk.service.InstallReceiver
11-08 22:33:21.831  1463  1694 W BroadcastQueue: u0 Receiving a broadcast in packagecom.voicebianshengjinglingwc.wxl requires a permissions review
11-08 22:33:21.831  1463  1694 W BroadcastQueue: Skipping delivery: permission review required for Intent { act=android.intent.action.PACKAGE_ADDED dat=package: flg=0x4000010 (has extras) } from null (pid=1463, uid=1000) to com.voicebianshengjinglingwc.wxl/mp.ruu.Ztjjwrj
11-08 22:33:21.831  1463  1694 W BroadcastQueue: u0 Receiving a broadcast in packageio.dcloud.H5BC6BF13 requires a permissions review
11-08 22:33:21.831  1463  1694 W BroadcastQueue: Skipping delivery: permission review required for Intent { act=android.intent.action.PACKAGE_ADDED dat=package: flg=0x4000010 (has extras) } from null (pid=1463, uid=1000) to io.dcloud.H5BC6BF13/io.dcloud.common.adapter.io.DownloadReceiver
11-08 22:33:21.838  1463  1692 W WindowMagnificationMgr: requestConnection duplicated request: connect=false, mConnectionState=DISCONNECTED
11-08 22:33:21.840  1463  1463 V BackupManagerConstants: getFullBackupIntervalMilliseconds(...) returns 86400000
11-08 22:33:21.840  1463  1463 V BackupManagerConstants: getFullBackupRequiredNetworkType(...) returns 2
11-08 22:33:21.840  1463  1463 V BackupManagerConstants: getFullBackupRequireCharging(...) returns true
11-08 22:33:21.859  1463  1809 E VerityUtils: Failed to measure fs-verity, errno 1: /data/app/~~t9IoaHskUO740MK7fL6PXw==/zqgd.bwqay.wekcq-501BtJeiFlRG6ujA6kTlfw==/base.apk
11-08 22:33:21.869  1463  5594 D CompatibilityChangeReporter: Compat change id reported: 161252188; UID 10246; state: DISABLED
11-08 22:33:21.895  1463  1463 I Telecom : DefaultDialerCache: Refreshing default dialer for user 0: now com.google.android.dialer: DDC.oR@A1U
11-08 22:33:21.895  1463  4170 W BackupTransportManager: Package zqgd.bwqay.wekcq enabled setting: 0
11-08 22:33:21.928  1463  1814 E PackageManager: ERROR: could not load root hash from incremental install
11-08 22:33:21.939  1463  1692 W PackageManager: Failed registering loading progress callback. Package is fully loaded.
11-08 22:33:21.945  1463  1463 I NotificationService: Cannot find enqueued record for key: 0|com.google.android.apps.wellbeing|174344743|null|10121
11-08 22:33:21.948  1463  1692 W WindowMagnificationMgr: requestConnection duplicated request: connect=false, mConnectionState=DISCONNECTED
11-08 22:33:21.961  1463  1814 I PackageManager: Integrity check passed for file:///data/app/vmdl1217777601.tmp
11-08 22:33:22.164  1463  5595 W AppOps  : setUidMode() called with a mode inconsistent with runtime permission state, this is discouraged and you should revoke the runtime permission instead: uid=10125, switchCode=0, mode=4, permission=android.permission.ACCESS_BACKGROUND_LOCATION
11-08 22:33:22.241  1463  1814 V BackupManagerService: [UserID:0] restoreAtInstall pkg=com.gone60 token=39 restoreSet=0
11-08 22:33:22.241  1463  1814 V BackupManagerService: [UserID:0] Finishing install immediately
11-08 22:33:22.244  1463  1814 D PackageInstallerSession: Marking session 1217777601 as applied
11-08 22:33:22.270  1463  1814 D CompatibilityChangeReporter: Compat change id reported: 168419799; UID 10247; state: DISABLED
11-08 22:33:22.270  1463  1814 D CompatibilityChangeReporter: Compat change id reported: 273564678; UID 10247; state: DISABLED
11-08 22:33:22.278  1463  2914 D CompatibilityChangeReporter: Compat change id reported: 218533173; UID 10247; state: DISABLED
11-08 22:33:22.283  1463  1463 I Telecom : DefaultDialerCache: Refreshing default dialer for user 0: now com.google.android.dialer: DDC.oR@A1o
11-08 22:33:22.287  1463  5594 W BroadcastQueue: u0 Receiving a broadcast in packagecom.jr.narutoii requires a permissions review
11-08 22:33:22.287  1463  5594 W BroadcastQueue: Skipping delivery: permission review required for Intent { act=android.intent.action.PACKAGE_ADDED dat=package: flg=0x4000010 (has extras) } from null (pid=1463, uid=1000) to com.jr.narutoii/com.joyriver.engine.proxy.EngineReceiver
11-08 22:33:22.289  1463  1694 W BroadcastQueue: u0 Receiving a broadcast in packagecom.android.buyer requires a permissions review
11-08 22:33:22.289  1463  1694 W BroadcastQueue: Skipping delivery: permission review required for Intent { act=android.intent.action.PACKAGE_ADDED dat=package: flg=0x4000010 (has extras) } from null (pid=1463, uid=1000) to com.android.buyer/.mRve
11-08 22:33:22.289  1463  1694 W BroadcastQueue: Background execution not allowed: receiving Intent { act=android.intent.action.PACKAGE_ADDED dat=package: flg=0x4000010 (has extras) } to com.drweb/.antivirus.lib.monitor.PackageInstallBroadcastReceiver
11-08 22:33:22.289  1463  1694 W BroadcastQueue: Background execution not allowed: receiving Intent { act=android.intent.action.PACKAGE_ADDED dat=package: flg=0x4000010 (has extras) } to com.google.android.packageinstaller/com.android.packageinstaller.PackageInstalledReceiver
11-08 22:33:22.290  1463  1694 W BroadcastQueue: Background execution not allowed: receiving Intent { act=android.intent.action.PACKAGE_ADDED dat=package: flg=0x4000010 (has extras) } to com.android.vending/com.google.android.finsky.packagemonitor.impl.PackageMonitorReceiverImpl$RegisteredReceiver
11-08 22:33:22.290  1463  1694 W BroadcastQueue: Background execution not allowed: receiving Intent { act=android.intent.action.PACKAGE_ADDED dat=package: flg=0x4000010 (has extras) } to com.android.vending/com.google.android.finsky.packagemonitor.backgroundimpl.BackgroundPackageMonitorReceiverImpl$RegisteredReceiver
11-08 22:33:22.290  1463  1694 W BroadcastQueue: Background execution not allowed: receiving Intent { act=android.intent.action.PACKAGE_ADDED dat=package: flg=0x4000010 (has extras) } to com.google.android.gms/.games.chimera.GamesSystemBroadcastReceiverProxy
11-08 22:33:22.290  1463  1694 W BroadcastQueue: Background execution not allowed: receiving Intent { act=android.intent.action.PACKAGE_ADDED dat=package: flg=0x4000010 (has extras) } to com.google.android.gms/.gass.chimera.PackageChangeBroadcastReceiver
11-08 22:33:22.290  1463  1694 W BroadcastQueue: Background execution not allowed: receiving Intent { act=android.intent.action.PACKAGE_ADDED dat=package: flg=0x4000010 (has extras) } to com.google.android.gms/.chimera.GmsIntentOperationService$PersistentTrustedReceiver
11-08 22:33:22.290  1463  1694 W BroadcastQueue: Background execution not allowed: receiving Intent { act=android.intent.action.PACKAGE_ADDED dat=package: flg=0x4000010 (has extras) } to com.google.android.googlequicksearchbox/com.google.android.apps.gsa.googlequicksearchbox.GelStubAppWatcher
11-08 22:33:22.290  1463  1694 W BroadcastQueue: u0 Receiving a broadcast in packagecom.cncd.japan.janli.shudu requires a permissions review
11-08 22:33:22.290  1463  1694 W BroadcastQueue: Skipping delivery: permission review required for Intent { act=android.intent.action.PACKAGE_ADDED dat=package: flg=0x4000010 (has extras) } from null (pid=1463, uid=1000) to com.cncd.japan.janli.shudu/net.l.k.r
11-08 22:33:22.290  1463  1694 W BroadcastQueue: u0 Receiving a broadcast in packagecom.cncd.japan.janli.shudu requires a permissions review
11-08 22:33:22.290  1463  1694 W BroadcastQueue: Skipping delivery: permission review required for Intent { act=android.intent.action.PACKAGE_ADDED dat=package: flg=0x4000010 (has extras) } from null (pid=1463, uid=1000) to com.cncd.japan.janli.shudu/com.feiwofour.coverscreen.SR
11-08 22:33:22.290  1463  1694 W BroadcastQueue: u0 Receiving a broadcast in packagecom.games.mengmeizhitd requires a permissions review
11-08 22:33:22.290  1463  1694 W BroadcastQueue: Skipping delivery: permission review required for Intent { act=android.intent.action.PACKAGE_ADDED dat=package: flg=0x4000010 (has extras) } from null (pid=1463, uid=1000) to com.games.mengmeizhitd/hjnw.ihjnw.i.isqly
11-08 22:33:22.290  1463  1694 W BroadcastQueue: u0 Receiving a broadcast in packagecom.hgperfko.yaeghrwx requires a permissions review
11-08 22:33:22.290  1463  1694 W BroadcastQueue: Skipping delivery: permission review required for Intent { act=android.intent.action.PACKAGE_ADDED dat=package: flg=0x4000010 (has extras) } from null (pid=1463, uid=1000) to com.hgperfko.yaeghrwx/.core.hLytdCQDBv
11-08 22:33:22.290  1463  1694 W BroadcastQueue: u0 Receiving a broadcast in packagecom.qiuqiu.dfmc requires a permissions review
11-08 22:33:22.290  1463  1694 W BroadcastQueue: Skipping delivery: permission review required for Intent { act=android.intent.action.PACKAGE_ADDED dat=package: flg=0x4000010 (has extras) } from null (pid=1463, uid=1000) to com.qiuqiu.dfmc/cn.jpush.android.service.PushReceiver
11-08 22:33:22.290  1463  1694 W BroadcastQueue: u0 Receiving a broadcast in packagecom.safesys.viruskiller requires a permissions review
11-08 22:33:22.290  1463  1694 W BroadcastQueue: Skipping delivery: permission review required for Intent { act=android.intent.action.PACKAGE_ADDED dat=package: flg=0x4000010 (has extras) } from null (pid=1463, uid=1000) to com.safesys.viruskiller/.ScanPackageBroadcast
11-08 22:33:22.290  1463  1694 W BroadcastQueue: u0 Receiving a broadcast in packagecom.uc108.mobile.sdgj.bd1 requires a permissions review
11-08 22:33:22.291  1463  1694 W BroadcastQueue: Skipping delivery: permission review required for Intent { act=android.intent.action.PACKAGE_ADDED dat=package: flg=0x4000010 (has extras) } from null (pid=1463, uid=1000) to com.uc108.mobile.sdgj.bd1/com.baidu.tiebasdk.service.InstallReceiver
11-08 22:33:22.291  1463  1694 W BroadcastQueue: u0 Receiving a broadcast in packagecom.voicebianshengjinglingwc.wxl requires a permissions review
11-08 22:33:22.291  1463  1694 W BroadcastQueue: Skipping delivery: permission review required for Intent { act=android.intent.action.PACKAGE_ADDED dat=package: flg=0x4000010 (has extras) } from null (pid=1463, uid=1000) to com.voicebianshengjinglingwc.wxl/mp.ruu.Ztjjwrj
11-08 22:33:22.291  1463  1694 W BroadcastQueue: u0 Receiving a broadcast in packageio.dcloud.H5BC6BF13 requires a permissions review
11-08 22:33:22.291  1463  1463 V BackupManagerConstants: getFullBackupIntervalMilliseconds(...) returns 86400000
11-08 22:33:22.291  1463  1694 W BroadcastQueue: Skipping delivery: permission review required for Intent { act=android.intent.action.PACKAGE_ADDED dat=package: flg=0x4000010 (has extras) } from null (pid=1463, uid=1000) to io.dcloud.H5BC6BF13/io.dcloud.common.adapter.io.DownloadReceiver
11-08 22:33:22.291  1463  1463 V BackupManagerConstants: getFullBackupRequiredNetworkType(...) returns 2
11-08 22:33:22.291  1463  1463 V BackupManagerConstants: getFullBackupRequireCharging(...) returns true
11-08 22:33:22.301  1463  1463 I Telecom : DefaultDialerCache: Refreshing default dialer for user 0: now com.google.android.dialer: DDC.oR@A1s
11-08 22:33:22.313  1463  4170 W BackupTransportManager: Package com.gone60 enabled setting: 0
11-08 22:33:22.318  1463  5586 W AppOps  : setUidMode() called with a mode inconsistent with runtime permission state, this is discouraged and you should revoke the runtime permission instead: uid=10125, switchCode=1, mode=4, permission=android.permission.ACCESS_BACKGROUND_LOCATION
11-08 22:33:22.326  1463  5578 W AppOps  : setUidMode() called with a mode inconsistent with runtime permission state, this is discouraged and you should revoke the runtime permission instead: uid=10125, switchCode=0, mode=4, permission=android.permission.ACCESS_BACKGROUND_LOCATION
11-08 22:33:22.334  1463  1692 W WindowMagnificationMgr: requestConnection duplicated request: connect=false, mConnectionState=DISCONNECTED
11-08 22:33:22.351  1463  5576 D CompatibilityChangeReporter: Compat change id reported: 161252188; UID 10247; state: DISABLED
11-08 22:33:22.351  1463  1809 E VerityUtils: Failed to measure fs-verity, errno 1: /data/app/~~aQNsMKSM4hyXLFaKsZO_Hw==/com.gone60-gLu5eEgR3ejRoWrV_dpd9g==/base.apk
11-08 22:33:22.373  1463  1814 E PackageManager: ERROR: could not load root hash from incremental install
11-08 22:33:22.378  1463  2039 W PackageParsing: Ignoring duplicate uses-permissions/uses-permissions-sdk-m: android.permission.DISABLE_KEYGUARD in package: com.pqas.xrzm at: Binary XML file line #24
11-08 22:33:22.384  1463  1814 I PackageManager: Integrity check passed for file:///data/app/vmdl31485785.tmp
11-08 22:33:22.423  1463  1692 W PackageManager: Failed registering loading progress callback. Package is fully loaded.
11-08 22:33:22.428  1463  1692 W WindowMagnificationMgr: requestConnection duplicated request: connect=false, mConnectionState=DISCONNECTED
11-08 22:33:22.436  1463  1814 W PackageParsing: Ignoring duplicate uses-permissions/uses-permissions-sdk-m: android.permission.DISABLE_KEYGUARD in package: com.pqas.xrzm at: Binary XML file line #24
11-08 22:33:22.513  1463  1676 V StorageManagerService: Package null has legacy storage
11-08 22:33:22.645  1463  1814 V BackupManagerService: [UserID:0] restoreAtInstall pkg=com.pqas.xrzm token=3a restoreSet=0
11-08 22:33:22.646  1463  1814 V BackupManagerService: [UserID:0] Finishing install immediately
11-08 22:33:22.649  1463  1814 D PackageInstallerSession: Marking session 31485785 as applied
