11-09 01:42:32.114  1460  1694 W BroadcastQueue: Skipping delivery: permission review required for Intent { act=android.intent.action.PACKAGE_ADDED dat=package: flg=0x4000010 (has extras) } from null (pid=1460, uid=1000) to com.cncd.japan.janli.shudu/com.feiwofour.coverscreen.SR
11-09 01:42:32.114  1460  1694 W BroadcastQueue: u0 Receiving a broadcast in packagecom.games.mengmeizhitd requires a permissions review
11-09 01:42:32.114  1460  1694 W BroadcastQueue: Skipping delivery: permission review required for Intent { act=android.intent.action.PACKAGE_ADDED dat=package: flg=0x4000010 (has extras) } from null (pid=1460, uid=1000) to com.games.mengmeizhitd/hjnw.ihjnw.i.isqly
11-09 01:42:32.114  1460  1694 W BroadcastQueue: u0 Receiving a broadcast in packagecom.hgperfko.yaeghrwx requires a permissions review
11-09 01:42:32.114  1460  1694 W BroadcastQueue: Skipping delivery: permission review required for Intent { act=android.intent.action.PACKAGE_ADDED dat=package: flg=0x4000010 (has extras) } from null (pid=1460, uid=1000) to com.hgperfko.yaeghrwx/.core.hLytdCQDBv
11-09 01:42:32.114  1460  1694 W BroadcastQueue: u0 Receiving a broadcast in packagecom.qiuqiu.dfmc requires a permissions review
11-09 01:42:32.114  1460  1694 W BroadcastQueue: Skipping delivery: permission review required for Intent { act=android.intent.action.PACKAGE_ADDED dat=package: flg=0x4000010 (has extras) } from null (pid=1460, uid=1000) to com.qiuqiu.dfmc/cn.jpush.android.service.PushReceiver
11-09 01:42:32.114  1460  1694 W BroadcastQueue: u0 Receiving a broadcast in packagecom.safesys.viruskiller requires a permissions review
11-09 01:42:32.114  1460  1694 W BroadcastQueue: Skipping delivery: permission review required for Intent { act=android.intent.action.PACKAGE_ADDED dat=package: flg=0x4000010 (has extras) } from null (pid=1460, uid=1000) to com.safesys.viruskiller/.ScanPackageBroadcast
11-09 01:42:32.114  1460  1694 W BroadcastQueue: u0 Receiving a broadcast in packagecom.uc108.mobile.sdgj.bd1 requires a permissions review
11-09 01:42:32.114  1460  1694 W BroadcastQueue: Skipping delivery: permission review required for Intent { act=android.intent.action.PACKAGE_ADDED dat=package: flg=0x4000010 (has extras) } from null (pid=1460, uid=1000) to com.uc108.mobile.sdgj.bd1/com.baidu.tiebasdk.service.InstallReceiver
11-09 01:42:32.114  1460  1694 W BroadcastQueue: u0 Receiving a broadcast in packagecom.voicebianshengjinglingwc.wxl requires a permissions review
11-09 01:42:32.114  1460  1694 W BroadcastQueue: Skipping delivery: permission review required for Intent { act=android.intent.action.PACKAGE_ADDED dat=package: flg=0x4000010 (has extras) } from null (pid=1460, uid=1000) to com.voicebianshengjinglingwc.wxl/mp.ruu.Ztjjwrj
11-09 01:42:32.114  1460  1694 W BroadcastQueue: u0 Receiving a broadcast in packagecom.yoojar.zlsg.baidu requires a permissions review
11-09 01:42:32.114  1460  1694 W BroadcastQueue: Skipping delivery: permission review required for Intent { act=android.intent.action.PACKAGE_ADDED dat=package: flg=0x4000010 (has extras) } from null (pid=1460, uid=1000) to com.yoojar.zlsg.baidu/com.duoku.platform.download.broadcast.AppMonitorReceiver
11-09 01:42:32.114  1460  1694 W BroadcastQueue: u0 Receiving a broadcast in packageio.dcloud.H5BC6BF13 requires a permissions review
11-09 01:42:32.114  1460  1694 W BroadcastQueue: Skipping delivery: permission review required for Intent { act=android.intent.action.PACKAGE_ADDED dat=package: flg=0x4000010 (has extras) } from null (pid=1460, uid=1000) to io.dcloud.H5BC6BF13/io.dcloud.common.adapter.io.DownloadReceiver
11-09 01:42:32.147  1460  1460 V BackupManagerConstants: getFullBackupIntervalMilliseconds(...) returns 86400000
11-09 01:42:32.147  1460  1460 V BackupManagerConstants: getFullBackupRequiredNetworkType(...) returns 2
11-09 01:42:32.147  1460  1460 V BackupManagerConstants: getFullBackupRequireCharging(...) returns true
11-09 01:42:32.168  1460  1460 I Telecom : DefaultDialerCache: Refreshing default dialer for user 0: now com.google.android.dialer: DDC.oR@BLk
11-09 01:42:32.186  1460  1829 E VerityUtils: Failed to measure fs-verity, errno 1: /data/app/~~4OiCnyAkolTz0z49O1J-3Q==/com.init.env-XRwh2xAajzaDw3wNHnNVvg==/base.apk
11-09 01:42:32.200  7447 15697 W PackageParser: Ignoring duplicate uses-permissions/uses-permissions-sdk-m: android.permission.INTERNET in package: com.init.env at: Binary XML file line #19
11-09 01:42:32.200  7447 15697 W PackageParser: Ignoring duplicate uses-permissions/uses-permissions-sdk-m: android.permission.READ_PHONE_STATE in package: com.init.env at: Binary XML file line #20
11-09 01:42:32.206  7447  7447 W PackageParser: Ignoring duplicate uses-permissions/uses-permissions-sdk-m: android.permission.INTERNET in package: com.init.env at: Binary XML file line #19
11-09 01:42:32.206  7447  7447 W PackageParser: Ignoring duplicate uses-permissions/uses-permissions-sdk-m: android.permission.READ_PHONE_STATE in package: com.init.env at: Binary XML file line #20
11-09 01:42:32.233  1460  4204 D CompatibilityChangeReporter: Compat change id reported: 161252188; UID 10265; state: DISABLED
11-09 01:42:32.245  1460  5564 D OomAdjuster: Not killing cached processes
11-09 01:42:32.287  1460  4154 W BackupTransportManager: Package com.init.env enabled setting: 0
11-09 01:42:32.299  1460  4204 W AppOps  : setUidMode() called with a mode inconsistent with runtime permission state, this is discouraged and you should revoke the runtime permission instead: uid=10126, switchCode=1, mode=4, permission=android.permission.ACCESS_BACKGROUND_LOCATION
11-09 01:42:32.301  1460  1693 W WindowMagnificationMgr: requestConnection duplicated request: connect=false, mConnectionState=DISCONNECTED
11-09 01:42:32.306  1460  1836 E PackageManager: ERROR: could not load root hash from incremental install
11-09 01:42:32.306  1460  3561 W BroadcastQueue: u0 Receiving a broadcast in packagecom.yoojar.zlsg.baidu requires a permissions review
11-09 01:42:32.306  1460  3561 W BroadcastQueue: Skipping delivery: permission review required for Intent { act=android.intent.action.PACKAGE_CHANGED dat=package: flg=0x5000010 (has extras) } from null (pid=1460, uid=1000) to com.yoojar.zlsg.baidu/com.duoku.platform.download.broadcast.AppMonitorReceiver
11-09 01:42:32.315  1460  2977 W AppOps  : setUidMode() called with a mode inconsistent with runtime permission state, this is discouraged and you should revoke the runtime permission instead: uid=10126, switchCode=0, mode=4, permission=android.permission.ACCESS_BACKGROUND_LOCATION
11-09 01:42:32.354  1460  1836 I PackageManager: Integrity check passed for file:///data/app/vmdl1783619849.tmp
11-09 01:42:32.442  1460  1676 V StorageManagerService: Package null has legacy storage
11-09 01:42:32.456  1460  1693 W PackageManager: Failed registering loading progress callback. Package is fully loaded.
11-09 01:42:32.467  1460  1693 W WindowMagnificationMgr: requestConnection duplicated request: connect=false, mConnectionState=DISCONNECTED
11-09 01:42:32.670  1460  1836 V BackupManagerService: [UserID:0] restoreAtInstall pkg=com.yadsssaawefnt.yyyfaa3a22eaa token=4b restoreSet=0
11-09 01:42:32.670  1460  1836 V BackupManagerService: [UserID:0] Finishing install immediately
11-09 01:42:32.672  1460  1836 D PackageInstallerSession: Marking session 1783619849 as applied
11-09 01:42:32.680  1460  1836 D CompatibilityChangeReporter: Compat change id reported: 168419799; UID 10266; state: DISABLED
11-09 01:42:32.680  1460  1836 D CompatibilityChangeReporter: Compat change id reported: 273564678; UID 10266; state: DISABLED
11-09 01:42:32.685  1460  2908 D CompatibilityChangeReporter: Compat change id reported: 218533173; UID 10266; state: DISABLED
11-09 01:42:32.689  1460  4204 W BroadcastQueue: u0 Receiving a broadcast in packagecom.jr.narutoii requires a permissions review
11-09 01:42:32.689  1460  4204 W BroadcastQueue: Skipping delivery: permission review required for Intent { act=android.intent.action.PACKAGE_ADDED dat=package: flg=0x4000010 (has extras) } from null (pid=1460, uid=1000) to com.jr.narutoii/com.joyriver.engine.proxy.EngineReceiver
11-09 01:42:32.690  1460  1460 I Telecom : DefaultDialerCache: Refreshing default dialer for user 0: now com.google.android.dialer: DDC.oR@BLw
11-09 01:42:32.692  1460  1694 W BroadcastQueue: u0 Receiving a broadcast in packagecom.android.buyer requires a permissions review
11-09 01:42:32.692  1460  1694 W BroadcastQueue: Skipping delivery: permission review required for Intent { act=android.intent.action.PACKAGE_ADDED dat=package: flg=0x4000010 (has extras) } from null (pid=1460, uid=1000) to com.android.buyer/.mRve
11-09 01:42:32.692  1460  1694 W BroadcastQueue: Background execution not allowed: receiving Intent { act=android.intent.action.PACKAGE_ADDED dat=package: flg=0x4000010 (has extras) } to com.google.android.packageinstaller/com.android.packageinstaller.PackageInstalledReceiver
11-09 01:42:32.692  1460  1694 W BroadcastQueue: Background execution not allowed: receiving Intent { act=android.intent.action.PACKAGE_ADDED dat=package: flg=0x4000010 (has extras) } to com.android.vending/com.google.android.finsky.packagemonitor.impl.PackageMonitorReceiverImpl$RegisteredReceiver
11-09 01:42:32.692  1460  1694 W BroadcastQueue: Background execution not allowed: receiving Intent { act=android.intent.action.PACKAGE_ADDED dat=package: flg=0x4000010 (has extras) } to com.android.vending/com.google.android.finsky.packagemonitor.backgroundimpl.BackgroundPackageMonitorReceiverImpl$RegisteredReceiver
11-09 01:42:32.692  1460  1694 W BroadcastQueue: Background execution not allowed: receiving Intent { act=android.intent.action.PACKAGE_ADDED dat=package: flg=0x4000010 (has extras) } to com.google.android.gms/.games.chimera.GamesSystemBroadcastReceiverProxy
11-09 01:42:32.692  1460  1694 W BroadcastQueue: Background execution not allowed: receiving Intent { act=android.intent.action.PACKAGE_ADDED dat=package: flg=0x4000010 (has extras) } to com.google.android.gms/.gass.chimera.PackageChangeBroadcastReceiver
11-09 01:42:32.693  1460  1694 W BroadcastQueue: Background execution not allowed: receiving Intent { act=android.intent.action.PACKAGE_ADDED dat=package: flg=0x4000010 (has extras) } to com.google.android.gms/.chimera.GmsIntentOperationService$PersistentTrustedReceiver
11-09 01:42:32.693  1460  1694 W BroadcastQueue: Background execution not allowed: receiving Intent { act=android.intent.action.PACKAGE_ADDED dat=package: flg=0x4000010 (has extras) } to com.google.android.googlequicksearchbox/com.google.android.apps.gsa.googlequicksearchbox.GelStubAppWatcher
11-09 01:42:32.693  1460  1694 W BroadcastQueue: u0 Receiving a broadcast in packagecom.cncd.japan.janli.shudu requires a permissions review
11-09 01:42:32.693  1460  1694 W BroadcastQueue: Skipping delivery: permission review required for Intent { act=android.intent.action.PACKAGE_ADDED dat=package: flg=0x4000010 (has extras) } from null (pid=1460, uid=1000) to com.cncd.japan.janli.shudu/net.l.k.r
11-09 01:42:32.693  1460  1694 W BroadcastQueue: u0 Receiving a broadcast in packagecom.cncd.japan.janli.shudu requires a permissions review
11-09 01:42:32.693  1460  1694 W BroadcastQueue: Skipping delivery: permission review required for Intent { act=android.intent.action.PACKAGE_ADDED dat=package: flg=0x4000010 (has extras) } from null (pid=1460, uid=1000) to com.cncd.japan.janli.shudu/com.feiwofour.coverscreen.SR
11-09 01:42:32.693  1460  1694 W BroadcastQueue: u0 Receiving a broadcast in packagecom.games.mengmeizhitd requires a permissions review
11-09 01:42:32.693  1460  1694 W BroadcastQueue: Skipping delivery: permission review required for Intent { act=android.intent.action.PACKAGE_ADDED dat=package: flg=0x4000010 (has extras) } from null (pid=1460, uid=1000) to com.games.mengmeizhitd/hjnw.ihjnw.i.isqly
11-09 01:42:32.693  1460  1694 W BroadcastQueue: u0 Receiving a broadcast in packagecom.hgperfko.yaeghrwx requires a permissions review
11-09 01:42:32.693  1460  1694 W BroadcastQueue: Skipping delivery: permission review required for Intent { act=android.intent.action.PACKAGE_ADDED dat=package: flg=0x4000010 (has extras) } from null (pid=1460, uid=1000) to com.hgperfko.yaeghrwx/.core.hLytdCQDBv
11-09 01:42:32.693  1460  1694 W BroadcastQueue: u0 Receiving a broadcast in packagecom.qiuqiu.dfmc requires a permissions review
11-09 01:42:32.693  1460  1694 W BroadcastQueue: Skipping delivery: permission review required for Intent { act=android.intent.action.PACKAGE_ADDED dat=package: flg=0x4000010 (has extras) } from null (pid=1460, uid=1000) to com.qiuqiu.dfmc/cn.jpush.android.service.PushReceiver
11-09 01:42:32.693  1460  1694 W BroadcastQueue: u0 Receiving a broadcast in packagecom.safesys.viruskiller requires a permissions review
11-09 01:42:32.693  1460  1694 W BroadcastQueue: Skipping delivery: permission review required for Intent { act=android.intent.action.PACKAGE_ADDED dat=package: flg=0x4000010 (has extras) } from null (pid=1460, uid=1000) to com.safesys.viruskiller/.ScanPackageBroadcast
11-09 01:42:32.693  1460  1694 W BroadcastQueue: u0 Receiving a broadcast in packagecom.uc108.mobile.sdgj.bd1 requires a permissions review
11-09 01:42:32.693  1460  1694 W BroadcastQueue: Skipping delivery: permission review required for Intent { act=android.intent.action.PACKAGE_ADDED dat=package: flg=0x4000010 (has extras) } from null (pid=1460, uid=1000) to com.uc108.mobile.sdgj.bd1/com.baidu.tiebasdk.service.InstallReceiver
11-09 01:42:32.693  1460  1694 W BroadcastQueue: u0 Receiving a broadcast in packagecom.voicebianshengjinglingwc.wxl requires a permissions review
11-09 01:42:32.693  1460  1694 W BroadcastQueue: Skipping delivery: permission review required for Intent { act=android.intent.action.PACKAGE_ADDED dat=package: flg=0x4000010 (has extras) } from null (pid=1460, uid=1000) to com.voicebianshengjinglingwc.wxl/mp.ruu.Ztjjwrj
11-09 01:42:32.693  1460  1694 W BroadcastQueue: u0 Receiving a broadcast in packagecom.yoojar.zlsg.baidu requires a permissions review
11-09 01:42:32.693  1460  1694 W BroadcastQueue: Skipping delivery: permission review required for Intent { act=android.intent.action.PACKAGE_ADDED dat=package: flg=0x4000010 (has extras) } from null (pid=1460, uid=1000) to com.yoojar.zlsg.baidu/com.duoku.platform.download.broadcast.AppMonitorReceiver
11-09 01:42:32.693  1460  1694 W BroadcastQueue: u0 Receiving a broadcast in packageio.dcloud.H5BC6BF13 requires a permissions review
11-09 01:42:32.693  1460  1694 W BroadcastQueue: Skipping delivery: permission review required for Intent { act=android.intent.action.PACKAGE_ADDED dat=package: flg=0x4000010 (has extras) } from null (pid=1460, uid=1000) to io.dcloud.H5BC6BF13/io.dcloud.common.adapter.io.DownloadReceiver
11-09 01:42:32.709  1460  1693 W WindowMagnificationMgr: requestConnection duplicated request: connect=false, mConnectionState=DISCONNECTED
11-09 01:42:32.722  1460  1829 E VerityUtils: Failed to measure fs-verity, errno 1: /data/app/~~jH4rdrXhxb_zWpxcBpZLJw==/com.yadsssaawefnt.yyyfaa3a22eaa-h3o09R619clchBSfeHWqEQ==/base.apk
11-09 01:42:32.724  1460  1460 V BackupManagerConstants: getFullBackupIntervalMilliseconds(...) returns 86400000
11-09 01:42:32.724  1460  1460 V BackupManagerConstants: getFullBackupRequiredNetworkType(...) returns 2
11-09 01:42:32.725  1460  1460 V BackupManagerConstants: getFullBackupRequireCharging(...) returns true
11-09 01:42:32.734  1460  1693 W PackageManager: Failed registering loading progress callback. Package is fully loaded.
11-09 01:42:32.754  1460  1693 W WindowMagnificationMgr: requestConnection duplicated request: connect=false, mConnectionState=DISCONNECTED
11-09 01:42:32.765  1460  1460 I Telecom : DefaultDialerCache: Refreshing default dialer for user 0: now com.google.android.dialer: DDC.oR@BL8
11-09 01:42:32.765  1460  4154 W BackupTransportManager: Package com.yadsssaawefnt.yyyfaa3a22eaa enabled setting: 0
11-09 01:42:32.800  1460  5574 D CompatibilityChangeReporter: Compat change id reported: 161252188; UID 10266; state: DISABLED
11-09 01:42:32.878  1460  1836 E PackageManager: ERROR: could not load root hash from incremental install
11-09 01:42:32.905  1460  5563 W BroadcastQueue: u0 Receiving a broadcast in packagecom.yoojar.zlsg.baidu requires a permissions review
11-09 01:42:32.905  1460  5563 W BroadcastQueue: Skipping delivery: permission review required for Intent { act=android.intent.action.PACKAGE_CHANGED dat=package: flg=0x5000010 (has extras) } from null (pid=1460, uid=1000) to com.yoojar.zlsg.baidu/com.duoku.platform.download.broadcast.AppMonitorReceiver
11-09 01:42:32.913  1460  1836 I PackageManager: Integrity check passed for file:///data/app/vmdl161852941.tmp
11-09 01:42:32.958  1460  1836 W PackageManager: Adding duplicate app id: 10267 name=com.eg.android.AlipayGphone
11-09 01:42:33.106  1460  2977 W AppOps  : setUidMode() called with a mode inconsistent with runtime permission state, this is discouraged and you should revoke the runtime permission instead: uid=10126, switchCode=0, mode=4, permission=android.permission.ACCESS_BACKGROUND_LOCATION
11-09 01:42:33.233  1460  5598 I ActivityManager: Background started FGS: Allowed [callingPackage: com.google.android.apps.wellbeing; callingUid: 10120; uidState: BFGS; intent: Intent { cmp=com.google.android.apps.wellbeing/com.google.apps.tiktok.concurrent.InternalForegroundService (has extras) }; code:BACKGROUND_ACTIVITY_PERMISSION; tempAllowListReason:<null>; targetSdkVersion:33; callerTargetSdkVersion:33; startForegroundCount:0; bindFromPackage:null]
11-09 01:42:33.239  1460  5561 W AppOps  : setUidMode() called with a mode inconsistent with runtime permission state, this is discouraged and you should revoke the runtime permission instead: uid=10126, switchCode=1, mode=4, permission=android.permission.ACCESS_BACKGROUND_LOCATION
11-09 01:42:33.244  1460  5561 W AppOps  : setUidMode() called with a mode inconsistent with runtime permission state, this is discouraged and you should revoke the runtime permission instead: uid=10126, switchCode=0, mode=4, permission=android.permission.ACCESS_BACKGROUND_LOCATION
11-09 01:42:33.441  1460  1460 I NotificationService: Cannot find enqueued record for key: 0|com.google.android.apps.wellbeing|174344743|null|10120
11-09 01:42:33.461  1460  1836 V BackupManagerService: [UserID:0] restoreAtInstall pkg=com.eg.android.AlipayGphone token=4c restoreSet=0
11-09 01:42:33.461  1460  1836 V BackupManagerService: [UserID:0] Finishing install immediately
11-09 01:42:33.466  1460  1836 D PackageInstallerSession: Marking session 161852941 as applied
11-09 01:42:33.471  1460  1836 D CompatibilityChangeReporter: Compat change id reported: 168419799; UID 10267; state: DISABLED
11-09 01:42:33.471  1460  1836 D CompatibilityChangeReporter: Compat change id reported: 273564678; UID 10267; state: DISABLED
11-09 01:42:33.474  1460  2908 D CompatibilityChangeReporter: Compat change id reported: 218533173; UID 10267; state: DISABLED
11-09 01:42:33.476  1460  2977 W BroadcastQueue: u0 Receiving a broadcast in packagecom.jr.narutoii requires a permissions review
11-09 01:42:33.476  1460  2977 W BroadcastQueue: Skipping delivery: permission review required for Intent { act=android.intent.action.PACKAGE_ADDED dat=package: flg=0x4000010 (has extras) } from null (pid=1460, uid=1000) to com.jr.narutoii/com.joyriver.engine.proxy.EngineReceiver
11-09 01:42:33.476  1460  1694 W BroadcastQueue: u0 Receiving a broadcast in packagecom.android.buyer requires a permissions review
11-09 01:42:33.476  1460  1694 W BroadcastQueue: Skipping delivery: permission review required for Intent { act=android.intent.action.PACKAGE_ADDED dat=package: flg=0x4000010 (has extras) } from null (pid=1460, uid=1000) to com.android.buyer/.mRve
11-09 01:42:33.476  1460  1694 W BroadcastQueue: Background execution not allowed: receiving Intent { act=android.intent.action.PACKAGE_ADDED dat=package: flg=0x4000010 (has extras) } to com.google.android.packageinstaller/com.android.packageinstaller.PackageInstalledReceiver
11-09 01:42:33.477  1460  1694 W BroadcastQueue: Background execution not allowed: receiving Intent { act=android.intent.action.PACKAGE_ADDED dat=package: flg=0x4000010 (has extras) } to com.android.vending/com.google.android.finsky.packagemonitor.impl.PackageMonitorReceiverImpl$RegisteredReceiver
11-09 01:42:33.477  1460  1694 W BroadcastQueue: Background execution not allowed: receiving Intent { act=android.intent.action.PACKAGE_ADDED dat=package: flg=0x4000010 (has extras) } to com.android.vending/com.google.android.finsky.packagemonitor.backgroundimpl.BackgroundPackageMonitorReceiverImpl$RegisteredReceiver
11-09 01:42:33.477  1460  1694 W BroadcastQueue: Background execution not allowed: receiving Intent { act=android.intent.action.PACKAGE_ADDED dat=package: flg=0x4000010 (has extras) } to com.google.android.gms/.games.chimera.GamesSystemBroadcastReceiverProxy
11-09 01:42:33.477  1460  1694 W BroadcastQueue: Background execution not allowed: receiving Intent { act=android.intent.action.PACKAGE_ADDED dat=package: flg=0x4000010 (has extras) } to com.google.android.gms/.gass.chimera.PackageChangeBroadcastReceiver
11-09 01:42:33.477  1460  1694 W BroadcastQueue: Background execution not allowed: receiving Intent { act=android.intent.action.PACKAGE_ADDED dat=package: flg=0x4000010 (has extras) } to com.google.android.gms/.chimera.GmsIntentOperationService$PersistentTrustedReceiver
11-09 01:42:33.477  1460  1694 W BroadcastQueue: Background execution not allowed: receiving Intent { act=android.intent.action.PACKAGE_ADDED dat=package: flg=0x4000010 (has extras) } to com.google.android.googlequicksearchbox/com.google.android.apps.gsa.googlequicksearchbox.GelStubAppWatcher
11-09 01:42:33.477  1460  1694 W BroadcastQueue: u0 Receiving a broadcast in packagecom.cncd.japan.janli.shudu requires a permissions review
11-09 01:42:33.477  1460  1694 W BroadcastQueue: Skipping delivery: permission review required for Intent { act=android.intent.action.PACKAGE_ADDED dat=package: flg=0x4000010 (has extras) } from null (pid=1460, uid=1000) to com.cncd.japan.janli.shudu/net.l.k.r
11-09 01:42:33.477  1460  1694 W BroadcastQueue: u0 Receiving a broadcast in packagecom.cncd.japan.janli.shudu requires a permissions review
11-09 01:42:33.477  1460  1694 W BroadcastQueue: Skipping delivery: permission review required for Intent { act=android.intent.action.PACKAGE_ADDED dat=package: flg=0x4000010 (has extras) } from null (pid=1460, uid=1000) to com.cncd.japan.janli.shudu/com.feiwofour.coverscreen.SR
11-09 01:42:33.477  1460  1694 W BroadcastQueue: u0 Receiving a broadcast in packagecom.games.mengmeizhitd requires a permissions review
11-09 01:42:33.477  1460  1694 W BroadcastQueue: Skipping delivery: permission review required for Intent { act=android.intent.action.PACKAGE_ADDED dat=package: flg=0x4000010 (has extras) } from null (pid=1460, uid=1000) to com.games.mengmeizhitd/hjnw.ihjnw.i.isqly
11-09 01:42:33.477  1460  1694 W BroadcastQueue: u0 Receiving a broadcast in packagecom.hgperfko.yaeghrwx requires a permissions review
11-09 01:42:33.477  1460  1694 W BroadcastQueue: Skipping delivery: permission review required for Intent { act=android.intent.action.PACKAGE_ADDED dat=package: flg=0x4000010 (has extras) } from null (pid=1460, uid=1000) to com.hgperfko.yaeghrwx/.core.hLytdCQDBv
11-09 01:42:33.477  1460  1694 W BroadcastQueue: u0 Receiving a broadcast in packagecom.qiuqiu.dfmc requires a permissions review
11-09 01:42:33.477  1460  1694 W BroadcastQueue: Skipping delivery: permission review required for Intent { act=android.intent.action.PACKAGE_ADDED dat=package: flg=0x4000010 (has extras) } from null (pid=1460, uid=1000) to com.qiuqiu.dfmc/cn.jpush.android.service.PushReceiver
11-09 01:42:33.477  1460  1694 W BroadcastQueue: u0 Receiving a broadcast in packagecom.safesys.viruskiller requires a permissions review
11-09 01:42:33.477  1460  1694 W BroadcastQueue: Skipping delivery: permission review required for Intent { act=android.intent.action.PACKAGE_ADDED dat=package: flg=0x4000010 (has extras) } from null (pid=1460, uid=1000) to com.safesys.viruskiller/.ScanPackageBroadcast
11-09 01:42:33.477  1460  1694 W BroadcastQueue: u0 Receiving a broadcast in packagecom.uc108.mobile.sdgj.bd1 requires a permissions review
11-09 01:42:33.477  1460  1694 W BroadcastQueue: Skipping delivery: permission review required for Intent { act=android.intent.action.PACKAGE_ADDED dat=package: flg=0x4000010 (has extras) } from null (pid=1460, uid=1000) to com.uc108.mobile.sdgj.bd1/com.baidu.tiebasdk.service.InstallReceiver
11-09 01:42:33.478  1460  1694 W BroadcastQueue: u0 Receiving a broadcast in packagecom.voicebianshengjinglingwc.wxl requires a permissions review
11-09 01:42:33.478  1460  1694 W BroadcastQueue: Skipping delivery: permission review required for Intent { act=android.intent.action.PACKAGE_ADDED dat=package: flg=0x4000010 (has extras) } from null (pid=1460, uid=1000) to com.voicebianshengjinglingwc.wxl/mp.ruu.Ztjjwrj
11-09 01:42:33.478  1460  1694 W BroadcastQueue: u0 Receiving a broadcast in packagecom.yoojar.zlsg.baidu requires a permissions review
11-09 01:42:33.478  1460  1694 W BroadcastQueue: Skipping delivery: permission review required for Intent { act=android.intent.action.PACKAGE_ADDED dat=package: flg=0x4000010 (has extras) } from null (pid=1460, uid=1000) to com.yoojar.zlsg.baidu/com.duoku.platform.download.broadcast.AppMonitorReceiver
11-09 01:42:33.478  1460  1694 W BroadcastQueue: u0 Receiving a broadcast in packageio.dcloud.H5BC6BF13 requires a permissions review
11-09 01:42:33.478  1460  1694 W BroadcastQueue: Skipping delivery: permission review required for Intent { act=android.intent.action.PACKAGE_ADDED dat=package: flg=0x4000010 (has extras) } from null (pid=1460, uid=1000) to io.dcloud.H5BC6BF13/io.dcloud.common.adapter.io.DownloadReceiver
11-09 01:42:33.481  1460  1460 I Telecom : DefaultDialerCache: Refreshing default dialer for user 0: now com.google.android.dialer: DDC.oR@BMw
11-09 01:42:33.491  1460  1460 V BackupManagerConstants: getFullBackupIntervalMilliseconds(...) returns 86400000
11-09 01:42:33.491  1460  1460 V BackupManagerConstants: getFullBackupRequiredNetworkType(...) returns 2
11-09 01:42:33.491  1460  1460 V BackupManagerConstants: getFullBackupRequireCharging(...) returns true
11-09 01:42:33.526  1460  1460 I Telecom : DefaultDialerCache: Refreshing default dialer for user 0: now com.google.android.dialer: DDC.oR@BM0
11-09 01:42:33.543  1460  1829 E VerityUtils: Failed to measure fs-verity, errno 1: /data/app/~~lwsSAxJYuaq3iKFx54T7yQ==/com.eg.android.AlipayGphone-nHfXNlNlaV0pMD50yPXY8w==/base.apk
11-09 01:42:33.548  1460  1693 W WindowMagnificationMgr: requestConnection duplicated request: connect=false, mConnectionState=DISCONNECTED
11-09 01:42:33.564  1460  5527 D CompatibilityChangeReporter: Compat change id reported: 161252188; UID 10267; state: DISABLED
11-09 01:42:33.581  1460  4154 W BackupTransportManager: Package com.eg.android.AlipayGphone enabled setting: 0
11-09 01:42:33.595  1460  1836 E PackageManager: ERROR: could not load root hash from incremental install
11-09 01:42:33.599  1460  2032 W PackageParsing: Ignoring duplicate uses-permissions/uses-permissions-sdk-m: android.permission.RECEIVE_MMS in package: waXa6.ppt at: Binary XML file line #28
11-09 01:42:33.603  1460  1693 W PackageManager: Failed registering loading progress callback. Package is fully loaded.
11-09 01:42:33.618  1460  1836 I PackageManager: Integrity check passed for file:///data/app/vmdl1910065703.tmp
11-09 01:42:33.619  1460  1693 W WindowMagnificationMgr: requestConnection duplicated request: connect=false, mConnectionState=DISCONNECTED
11-09 01:42:33.664  1460  3561 W BroadcastQueue: u0 Receiving a broadcast in packagecom.yoojar.zlsg.baidu requires a permissions review
11-09 01:42:33.664  1460  3561 W BroadcastQueue: Skipping delivery: permission review required for Intent { act=android.intent.action.PACKAGE_CHANGED dat=package: flg=0x5000010 (has extras) } from null (pid=1460, uid=1000) to com.yoojar.zlsg.baidu/com.duoku.platform.download.broadcast.AppMonitorReceiver
11-09 01:42:33.717  1460  1836 W PackageParsing: Ignoring duplicate uses-permissions/uses-permissions-sdk-m: android.permission.RECEIVE_MMS in package: waXa6.ppt at: Binary XML file line #28
11-09 01:42:33.748  1460  5574 I ActivityManager: Background started FGS: Allowed [callingPackage: com.google.android.apps.wellbeing; callingUid: 10120; uidState: BFGS; intent: Intent { cmp=com.google.android.apps.wellbeing/com.google.apps.tiktok.concurrent.InternalForegroundService (has extras) }; code:BACKGROUND_ACTIVITY_PERMISSION; tempAllowListReason:<null>; targetSdkVersion:33; callerTargetSdkVersion:33; startForegroundCount:0; bindFromPackage:null]
11-09 01:42:33.932  1460  1676 V StorageManagerService: Package null has legacy storage
11-09 01:42:33.957  1460  1836 V BackupManagerService: [UserID:0] restoreAtInstall pkg=waXa6.ppt token=4d restoreSet=0
11-09 01:42:33.957  1460  1836 V BackupManagerService: [UserID:0] Finishing install immediately
11-09 01:42:33.962  1460  1836 D PackageInstallerSession: Marking session 1910065703 as applied
11-09 01:42:33.970  1460  1836 D CompatibilityChangeReporter: Compat change id reported: 168419799; UID 10268; state: DISABLED
11-09 01:42:33.970  1460  1836 D CompatibilityChangeReporter: Compat change id reported: 273564678; UID 10268; state: DISABLED
11-09 01:42:33.976  1460  2908 D CompatibilityChangeReporter: Compat change id reported: 218533173; UID 10268; state: DISABLED
11-09 01:42:33.981  7447  7447 W PackageParser: Ignoring duplicate uses-permissions/uses-permissions-sdk-m: android.permission.RECEIVE_MMS in package: waXa6.ppt at: Binary XML file line #28
11-09 01:42:33.982  7447 11747 W PackageParser: Ignoring duplicate uses-permissions/uses-permissions-sdk-m: android.permission.RECEIVE_MMS in package: waXa6.ppt at: Binary XML file line #28
11-09 01:42:33.983  1460  5574 W BroadcastQueue: u0 Receiving a broadcast in packagecom.jr.narutoii requires a permissions review
11-09 01:42:33.983  1460  5574 W BroadcastQueue: Skipping delivery: permission review required for Intent { act=android.intent.action.PACKAGE_ADDED dat=package: flg=0x4000010 (has extras) } from null (pid=1460, uid=1000) to com.jr.narutoii/com.joyriver.engine.proxy.EngineReceiver
11-09 01:42:33.990  1460  1694 W BroadcastQueue: u0 Receiving a broadcast in packagecom.android.buyer requires a permissions review
11-09 01:42:33.990  1460  1694 W BroadcastQueue: Skipping delivery: permission review required for Intent { act=android.intent.action.PACKAGE_ADDED dat=package: flg=0x4000010 (has extras) } from null (pid=1460, uid=1000) to com.android.buyer/.mRve
11-09 01:42:33.991  1460  1694 W BroadcastQueue: Background execution not allowed: receiving Intent { act=android.intent.action.PACKAGE_ADDED dat=package: flg=0x4000010 (has extras) } to com.google.android.packageinstaller/com.android.packageinstaller.PackageInstalledReceiver
11-09 01:42:33.991  1460  1694 W BroadcastQueue: Background execution not allowed: receiving Intent { act=android.intent.action.PACKAGE_ADDED dat=package: flg=0x4000010 (has extras) } to com.android.vending/com.google.android.finsky.packagemonitor.impl.PackageMonitorReceiverImpl$RegisteredReceiver
11-09 01:42:33.991  1460  1694 W BroadcastQueue: Background execution not allowed: receiving Intent { act=android.intent.action.PACKAGE_ADDED dat=package: flg=0x4000010 (has extras) } to com.android.vending/com.google.android.finsky.packagemonitor.backgroundimpl.BackgroundPackageMonitorReceiverImpl$RegisteredReceiver
11-09 01:42:33.994  1460  1460 I Telecom : DefaultDialerCache: Refreshing default dialer for user 0: now com.google.android.dialer: DDC.oR@BNY
11-09 01:42:33.999  1460  1693 W WindowMagnificationMgr: requestConnection duplicated request: connect=false, mConnectionState=DISCONNECTED
11-09 01:42:34.001  1460  1694 W BroadcastQueue: Background execution not allowed: receiving Intent { act=android.intent.action.PACKAGE_ADDED dat=package: flg=0x4000010 (has extras) } to com.google.android.gms/.games.chimera.GamesSystemBroadcastReceiverProxy
11-09 01:42:34.001  1460  1694 W BroadcastQueue: Background execution not allowed: receiving Intent { act=android.intent.action.PACKAGE_ADDED dat=package: flg=0x4000010 (has extras) } to com.google.android.gms/.gass.chimera.PackageChangeBroadcastReceiver
11-09 01:42:34.001  1460  1694 W BroadcastQueue: Background execution not allowed: receiving Intent { act=android.intent.action.PACKAGE_ADDED dat=package: flg=0x4000010 (has extras) } to com.google.android.gms/.chimera.GmsIntentOperationService$PersistentTrustedReceiver
11-09 01:42:34.001  1460  1694 W BroadcastQueue: Background execution not allowed: receiving Intent { act=android.intent.action.PACKAGE_ADDED dat=package: flg=0x4000010 (has extras) } to com.google.android.googlequicksearchbox/com.google.android.apps.gsa.googlequicksearchbox.GelStubAppWatcher
11-09 01:42:34.001  1460  1694 W BroadcastQueue: u0 Receiving a broadcast in packagecom.cncd.japan.janli.shudu requires a permissions review
11-09 01:42:34.001  1460  1694 W BroadcastQueue: Skipping delivery: permission review required for Intent { act=android.intent.action.PACKAGE_ADDED dat=package: flg=0x4000010 (has extras) } from null (pid=1460, uid=1000) to com.cncd.japan.janli.shudu/net.l.k.r
11-09 01:42:34.001  1460  1694 W BroadcastQueue: u0 Receiving a broadcast in packagecom.cncd.japan.janli.shudu requires a permissions review
11-09 01:42:34.001  1460  1694 W BroadcastQueue: Skipping delivery: permission review required for Intent { act=android.intent.action.PACKAGE_ADDED dat=package: flg=0x4000010 (has extras) } from null (pid=1460, uid=1000) to com.cncd.japan.janli.shudu/com.feiwofour.coverscreen.SR
11-09 01:42:34.002  1460  1694 W BroadcastQueue: u0 Receiving a broadcast in packagecom.games.mengmeizhitd requires a permissions review
11-09 01:42:34.002  1460  1694 W BroadcastQueue: Skipping delivery: permission review required for Intent { act=android.intent.action.PACKAGE_ADDED dat=package: flg=0x4000010 (has extras) } from null (pid=1460, uid=1000) to com.games.mengmeizhitd/hjnw.ihjnw.i.isqly
11-09 01:42:34.002  1460  1694 W BroadcastQueue: u0 Receiving a broadcast in packagecom.hgperfko.yaeghrwx requires a permissions review
11-09 01:42:34.002  1460  1694 W BroadcastQueue: Skipping delivery: permission review required for Intent { act=android.intent.action.PACKAGE_ADDED dat=package: flg=0x4000010 (has extras) } from null (pid=1460, uid=1000) to com.hgperfko.yaeghrwx/.core.hLytdCQDBv
11-09 01:42:34.002  1460  1694 W BroadcastQueue: u0 Receiving a broadcast in packagecom.qiuqiu.dfmc requires a permissions review
11-09 01:42:34.002  1460  1694 W BroadcastQueue: Skipping delivery: permission review required for Intent { act=android.intent.action.PACKAGE_ADDED dat=package: flg=0x4000010 (has extras) } from null (pid=1460, uid=1000) to com.qiuqiu.dfmc/cn.jpush.android.service.PushReceiver
11-09 01:42:34.002  1460  1694 W BroadcastQueue: u0 Receiving a broadcast in packagecom.safesys.viruskiller requires a permissions review
11-09 01:42:34.002  1460  1694 W BroadcastQueue: Skipping delivery: permission review required for Intent { act=android.intent.action.PACKAGE_ADDED dat=package: flg=0x4000010 (has extras) } from null (pid=1460, uid=1000) to com.safesys.viruskiller/.ScanPackageBroadcast
11-09 01:42:34.002  1460  1694 W BroadcastQueue: u0 Receiving a broadcast in packagecom.uc108.mobile.sdgj.bd1 requires a permissions review
11-09 01:42:34.002  1460  1694 W BroadcastQueue: Skipping delivery: permission review required for Intent { act=android.intent.action.PACKAGE_ADDED dat=package: flg=0x4000010 (has extras) } from null (pid=1460, uid=1000) to com.uc108.mobile.sdgj.bd1/com.baidu.tiebasdk.service.InstallReceiver
11-09 01:42:34.002  1460  1694 W BroadcastQueue: u0 Receiving a broadcast in packagecom.voicebianshengjinglingwc.wxl requires a permissions review
11-09 01:42:34.002  1460  1694 W BroadcastQueue: Skipping delivery: permission review required for Intent { act=android.intent.action.PACKAGE_ADDED dat=package: flg=0x4000010 (has extras) } from null (pid=1460, uid=1000) to com.voicebianshengjinglingwc.wxl/mp.ruu.Ztjjwrj
11-09 01:42:34.002  1460  1694 W BroadcastQueue: u0 Receiving a broadcast in packagecom.yoojar.zlsg.baidu requires a permissions review
11-09 01:42:34.002  1460  1694 W BroadcastQueue: Skipping delivery: permission review required for Intent { act=android.intent.action.PACKAGE_ADDED dat=package: flg=0x4000010 (has extras) } from null (pid=1460, uid=1000) to com.yoojar.zlsg.baidu/com.duoku.platform.download.broadcast.AppMonitorReceiver
11-09 01:42:34.004  1460  1694 W BroadcastQueue: u0 Receiving a broadcast in packageio.dcloud.H5BC6BF13 requires a permissions review
11-09 01:42:34.004  1460  1694 W BroadcastQueue: Skipping delivery: permission review required for Intent { act=android.intent.action.PACKAGE_ADDED dat=package: flg=0x4000010 (has extras) } from null (pid=1460, uid=1000) to io.dcloud.H5BC6BF13/io.dcloud.common.adapter.io.DownloadReceiver
11-09 01:42:34.009  1460  1460 V BackupManagerConstants: getFullBackupIntervalMilliseconds(...) returns 86400000
11-09 01:42:34.009  1460  1460 V BackupManagerConstants: getFullBackupRequiredNetworkType(...) returns 2
11-09 01:42:34.009  1460  1460 V BackupManagerConstants: getFullBackupRequireCharging(...) returns true
11-09 01:42:34.031  1460  1693 W PackageManager: Failed registering loading progress callback. Package is fully loaded.
11-09 01:42:34.039  1460  1829 E VerityUtils: Failed to measure fs-verity, errno 1: /data/app/~~d1VhBbPV_OsJk6uh_D934g==/waXa6.ppt-mohmm8i4mTUliNVEFZ5ntw==/base.apk
11-09 01:42:34.080  1460  1460 I NotificationService: Cannot find enqueued record for key: 0|com.google.android.apps.wellbeing|174344743|null|10120
11-09 01:42:34.106  7447 15786 W PackageParser: Ignoring duplicate uses-permissions/uses-permissions-sdk-m: android.permission.RECEIVE_MMS in package: waXa6.ppt at: Binary XML file line #28
11-09 01:42:34.111  7447  7447 W PackageParser: Ignoring duplicate uses-permissions/uses-permissions-sdk-m: android.permission.RECEIVE_MMS in package: waXa6.ppt at: Binary XML file line #28
11-09 01:42:34.112  1460  5598 W AppOps  : setUidMode() called with a mode inconsistent with runtime permission state, this is discouraged and you should revoke the runtime permission instead: uid=10126, switchCode=0, mode=4, permission=android.permission.ACCESS_BACKGROUND_LOCATION
11-09 01:42:34.116  1460  1460 I Telecom : DefaultDialerCache: Refreshing default dialer for user 0: now com.google.android.dialer: DDC.oR@BN8
11-09 01:42:34.122  1460  4154 W BackupTransportManager: Package waXa6.ppt enabled setting: 0
11-09 01:42:34.125  1460  1693 W WindowMagnificationMgr: requestConnection duplicated request: connect=false, mConnectionState=DISCONNECTED
11-09 01:42:34.250  1460  1581 W BroadcastQueue: u0 Receiving a broadcast in packagecom.yoojar.zlsg.baidu requires a permissions review
11-09 01:42:34.251  1460  1581 W BroadcastQueue: Skipping delivery: permission review required for Intent { act=android.intent.action.PACKAGE_CHANGED dat=package: flg=0x5000010 (has extras) } from null (pid=1460, uid=1000) to com.yoojar.zlsg.baidu/com.duoku.platform.download.broadcast.AppMonitorReceiver
11-09 01:42:34.272  1460  1836 E PackageManager: ERROR: could not load root hash from incremental install
11-09 01:42:34.296  1460  1836 I PackageManager: Integrity check passed for file:///data/app/vmdl886737466.tmp
11-09 01:42:34.297  1460  4204 D CompatibilityChangeReporter: Compat change id reported: 161252188; UID 10268; state: DISABLED
11-09 01:42:34.393  1460  1676 V StorageManagerService: Package null has legacy storage
11-09 01:42:34.401  1460  3758 W AppOps  : setUidMode() called with a mode inconsistent with runtime permission state, this is discouraged and you should revoke the runtime permission instead: uid=10126, switchCode=1, mode=4, permission=android.permission.ACCESS_BACKGROUND_LOCATION
11-09 01:42:34.405  1460  5532 W AppOps  : setUidMode() called with a mode inconsistent with runtime permission state, this is discouraged and you should revoke the runtime permission instead: uid=10126, switchCode=0, mode=4, permission=android.permission.ACCESS_BACKGROUND_LOCATION
11-09 01:42:34.686  1460  5563 I ActivityManager: Background started FGS: Allowed [callingPackage: com.google.android.apps.wellbeing; callingUid: 10120; uidState: BFGS; intent: Intent { cmp=com.google.android.apps.wellbeing/com.google.apps.tiktok.concurrent.InternalForegroundService (has extras) }; code:BACKGROUND_ACTIVITY_PERMISSION; tempAllowListReason:<null>; targetSdkVersion:33; callerTargetSdkVersion:33; startForegroundCount:0; bindFromPackage:null]
11-09 01:42:34.807  1460  3248 W AppOps  : setUidMode() called with a mode inconsistent with runtime permission state, this is discouraged and you should revoke the runtime permission instead: uid=10126, switchCode=0, mode=4, permission=android.permission.ACCESS_BACKGROUND_LOCATION
11-09 01:42:34.893  1460  1460 I NotificationService: Cannot find enqueued record for key: 0|com.google.android.apps.wellbeing|174344743|null|10120
11-09 01:42:34.895  1460  5563 W AppOps  : setUidMode() called with a mode inconsistent with runtime permission state, this is discouraged and you should revoke the runtime permission instead: uid=10126, switchCode=1, mode=4, permission=android.permission.ACCESS_BACKGROUND_LOCATION
11-09 01:42:34.897  1460  3248 W AppOps  : setUidMode() called with a mode inconsistent with runtime permission state, this is discouraged and you should revoke the runtime permission instead: uid=10126, switchCode=0, mode=4, permission=android.permission.ACCESS_BACKGROUND_LOCATION
11-09 01:42:34.905  1460  1836 V BackupManagerService: [UserID:0] restoreAtInstall pkg=com.sqjuuzpr.ryxjuzs token=4e restoreSet=0
11-09 01:42:34.906  1460  1836 V BackupManagerService: [UserID:0] Finishing install immediately
11-09 01:42:34.912  1460  1836 D PackageInstallerSession: Marking session 886737466 as applied
11-09 01:42:34.916  1460  1836 D CompatibilityChangeReporter: Compat change id reported: 168419799; UID 10269; state: DISABLED
11-09 01:42:34.916  1460  1836 D CompatibilityChangeReporter: Compat change id reported: 273564678; UID 10269; state: DISABLED
11-09 01:42:34.922  1460  3248 W BroadcastQueue: u0 Receiving a broadcast in packagecom.jr.narutoii requires a permissions review
11-09 01:42:34.922  1460  3248 W BroadcastQueue: Skipping delivery: permission review required for Intent { act=android.intent.action.PACKAGE_ADDED dat=package: flg=0x4000010 (has extras) } from null (pid=1460, uid=1000) to com.jr.narutoii/com.joyriver.engine.proxy.EngineReceiver
11-09 01:42:34.923  1460  2908 D CompatibilityChangeReporter: Compat change id reported: 218533173; UID 10269; state: DISABLED
11-09 01:42:34.926  1460  1694 W BroadcastQueue: u0 Receiving a broadcast in packagecom.android.buyer requires a permissions review
11-09 01:42:34.926  1460  1694 W BroadcastQueue: Skipping delivery: permission review required for Intent { act=android.intent.action.PACKAGE_ADDED dat=package: flg=0x4000010 (has extras) } from null (pid=1460, uid=1000) to com.android.buyer/.mRve
11-09 01:42:34.926  1460  1694 W BroadcastQueue: Background execution not allowed: receiving Intent { act=android.intent.action.PACKAGE_ADDED dat=package: flg=0x4000010 (has extras) } to com.google.android.packageinstaller/com.android.packageinstaller.PackageInstalledReceiver
11-09 01:42:34.927  1460  1694 W BroadcastQueue: Background execution not allowed: receiving Intent { act=android.intent.action.PACKAGE_ADDED dat=package: flg=0x4000010 (has extras) } to com.android.vending/com.google.android.finsky.packagemonitor.impl.PackageMonitorReceiverImpl$RegisteredReceiver
11-09 01:42:34.927  1460  1694 W BroadcastQueue: Background execution not allowed: receiving Intent { act=android.intent.action.PACKAGE_ADDED dat=package: flg=0x4000010 (has extras) } to com.android.vending/com.google.android.finsky.packagemonitor.backgroundimpl.BackgroundPackageMonitorReceiverImpl$RegisteredReceiver
11-09 01:42:34.927  1460  1694 W BroadcastQueue: Background execution not allowed: receiving Intent { act=android.intent.action.PACKAGE_ADDED dat=package: flg=0x4000010 (has extras) } to com.google.android.gms/.games.chimera.GamesSystemBroadcastReceiverProxy
11-09 01:42:34.927  1460  1694 W BroadcastQueue: Background execution not allowed: receiving Intent { act=android.intent.action.PACKAGE_ADDED dat=package: flg=0x4000010 (has extras) } to com.google.android.gms/.gass.chimera.PackageChangeBroadcastReceiver
11-09 01:42:34.927  1460  1694 W BroadcastQueue: Background execution not allowed: receiving Intent { act=android.intent.action.PACKAGE_ADDED dat=package: flg=0x4000010 (has extras) } to com.google.android.gms/.chimera.GmsIntentOperationService$PersistentTrustedReceiver
11-09 01:42:34.927  1460  1694 W BroadcastQueue: Background execution not allowed: receiving Intent { act=android.intent.action.PACKAGE_ADDED dat=package: flg=0x4000010 (has extras) } to com.google.android.googlequicksearchbox/com.google.android.apps.gsa.googlequicksearchbox.GelStubAppWatcher
11-09 01:42:34.927  1460  1694 W BroadcastQueue: u0 Receiving a broadcast in packagecom.cncd.japan.janli.shudu requires a permissions review
11-09 01:42:34.927  1460  1694 W BroadcastQueue: Skipping delivery: permission review required for Intent { act=android.intent.action.PACKAGE_ADDED dat=package: flg=0x4000010 (has extras) } from null (pid=1460, uid=1000) to com.cncd.japan.janli.shudu/net.l.k.r
11-09 01:42:34.927  1460  1694 W BroadcastQueue: u0 Receiving a broadcast in packagecom.cncd.japan.janli.shudu requires a permissions review
11-09 01:42:34.927  1460  1694 W BroadcastQueue: Skipping delivery: permission review required for Intent { act=android.intent.action.PACKAGE_ADDED dat=package: flg=0x4000010 (has extras) } from null (pid=1460, uid=1000) to com.cncd.japan.janli.shudu/com.feiwofour.coverscreen.SR
11-09 01:42:34.927  1460  1694 W BroadcastQueue: u0 Receiving a broadcast in packagecom.games.mengmeizhitd requires a permissions review
11-09 01:42:34.927  1460  1694 W BroadcastQueue: Skipping delivery: permission review required for Intent { act=android.intent.action.PACKAGE_ADDED dat=package: flg=0x4000010 (has extras) } from null (pid=1460, uid=1000) to com.games.mengmeizhitd/hjnw.ihjnw.i.isqly
11-09 01:42:34.927  1460  1694 W BroadcastQueue: u0 Receiving a broadcast in packagecom.hgperfko.yaeghrwx requires a permissions review
11-09 01:42:34.927  1460  1694 W BroadcastQueue: Skipping delivery: permission review required for Intent { act=android.intent.action.PACKAGE_ADDED dat=package: flg=0x4000010 (has extras) } from null (pid=1460, uid=1000) to com.hgperfko.yaeghrwx/.core.hLytdCQDBv
11-09 01:42:34.927  1460  1694 W BroadcastQueue: u0 Receiving a broadcast in packagecom.qiuqiu.dfmc requires a permissions review
11-09 01:42:34.927  1460  1694 W BroadcastQueue: Skipping delivery: permission review required for Intent { act=android.intent.action.PACKAGE_ADDED dat=package: flg=0x4000010 (has extras) } from null (pid=1460, uid=1000) to com.qiuqiu.dfmc/cn.jpush.android.service.PushReceiver
11-09 01:42:34.927  1460  1694 W BroadcastQueue: u0 Receiving a broadcast in packagecom.safesys.viruskiller requires a permissions review
11-09 01:42:34.927  1460  1694 W BroadcastQueue: Skipping delivery: permission review required for Intent { act=android.intent.action.PACKAGE_ADDED dat=package: flg=0x4000010 (has extras) } from null (pid=1460, uid=1000) to com.safesys.viruskiller/.ScanPackageBroadcast
11-09 01:42:34.927  1460  1694 W BroadcastQueue: u0 Receiving a broadcast in packagecom.uc108.mobile.sdgj.bd1 requires a permissions review
11-09 01:42:34.927  1460  1694 W BroadcastQueue: Skipping delivery: permission review required for Intent { act=android.intent.action.PACKAGE_ADDED dat=package: flg=0x4000010 (has extras) } from null (pid=1460, uid=1000) to com.uc108.mobile.sdgj.bd1/com.baidu.tiebasdk.service.InstallReceiver
11-09 01:42:34.927  1460  1694 W BroadcastQueue: u0 Receiving a broadcast in packagecom.voicebianshengjinglingwc.wxl requires a permissions review
11-09 01:42:34.927  1460  1694 W BroadcastQueue: Skipping delivery: permission review required for Intent { act=android.intent.action.PACKAGE_ADDED dat=package: flg=0x4000010 (has extras) } from null (pid=1460, uid=1000) to com.voicebianshengjinglingwc.wxl/mp.ruu.Ztjjwrj
11-09 01:42:34.927  1460  1694 W BroadcastQueue: u0 Receiving a broadcast in packagecom.yoojar.zlsg.baidu requires a permissions review
11-09 01:42:34.927  1460  1694 W BroadcastQueue: Skipping delivery: permission review required for Intent { act=android.intent.action.PACKAGE_ADDED dat=package: flg=0x4000010 (has extras) } from null (pid=1460, uid=1000) to com.yoojar.zlsg.baidu/com.duoku.platform.download.broadcast.AppMonitorReceiver
11-09 01:42:34.927  1460  1694 W BroadcastQueue: u0 Receiving a broadcast in packageio.dcloud.H5BC6BF13 requires a permissions review
11-09 01:42:34.927  1460  1694 W BroadcastQueue: Skipping delivery: permission review required for Intent { act=android.intent.action.PACKAGE_ADDED dat=package: flg=0x4000010 (has extras) } from null (pid=1460, uid=1000) to io.dcloud.H5BC6BF13/io.dcloud.common.adapter.io.DownloadReceiver
11-09 01:42:34.936  1460  1460 I Telecom : DefaultDialerCache: Refreshing default dialer for user 0: now com.google.android.dialer: DDC.oR@BOI
11-09 01:42:34.945  1460  1460 V BackupManagerConstants: getFullBackupIntervalMilliseconds(...) returns 86400000
11-09 01:42:34.945  1460  1460 V BackupManagerConstants: getFullBackupRequiredNetworkType(...) returns 2
