11-09 01:42:16.307  1460  1694 W BroadcastQueue: u0 Receiving a broadcast in packagecom.cncd.japan.janli.shudu requires a permissions review
11-09 01:42:16.307  1460  1694 W BroadcastQueue: Skipping delivery: permission review required for Intent { act=android.intent.action.PACKAGE_ADDED dat=package: flg=0x4000010 (has extras) } from null (pid=1460, uid=1000) to com.cncd.japan.janli.shudu/net.l.k.r
11-09 01:42:16.307  1460  1694 W BroadcastQueue: u0 Receiving a broadcast in packagecom.cncd.japan.janli.shudu requires a permissions review
11-09 01:42:16.307  1460  1694 W BroadcastQueue: Skipping delivery: permission review required for Intent { act=android.intent.action.PACKAGE_ADDED dat=package: flg=0x4000010 (has extras) } from null (pid=1460, uid=1000) to com.cncd.japan.janli.shudu/com.feiwofour.coverscreen.SR
11-09 01:42:16.307  1460  1694 W BroadcastQueue: u0 Receiving a broadcast in packagecom.games.mengmeizhitd requires a permissions review
11-09 01:42:16.307  1460  1694 W BroadcastQueue: Skipping delivery: permission review required for Intent { act=android.intent.action.PACKAGE_ADDED dat=package: flg=0x4000010 (has extras) } from null (pid=1460, uid=1000) to com.games.mengmeizhitd/hjnw.ihjnw.i.isqly
11-09 01:42:16.307  1460  1694 W BroadcastQueue: u0 Receiving a broadcast in packagecom.hgperfko.yaeghrwx requires a permissions review
11-09 01:42:16.307  1460  1694 W BroadcastQueue: Skipping delivery: permission review required for Intent { act=android.intent.action.PACKAGE_ADDED dat=package: flg=0x4000010 (has extras) } from null (pid=1460, uid=1000) to com.hgperfko.yaeghrwx/.core.hLytdCQDBv
11-09 01:42:16.307  1460  1694 W BroadcastQueue: u0 Receiving a broadcast in packagecom.qiuqiu.dfmc requires a permissions review
11-09 01:42:16.307  1460  1694 W BroadcastQueue: Skipping delivery: permission review required for Intent { act=android.intent.action.PACKAGE_ADDED dat=package: flg=0x4000010 (has extras) } from null (pid=1460, uid=1000) to com.qiuqiu.dfmc/cn.jpush.android.service.PushReceiver
11-09 01:42:16.307  1460  1694 W BroadcastQueue: u0 Receiving a broadcast in packagecom.safesys.viruskiller requires a permissions review
11-09 01:42:16.307  1460  1694 W BroadcastQueue: Skipping delivery: permission review required for Intent { act=android.intent.action.PACKAGE_ADDED dat=package: flg=0x4000010 (has extras) } from null (pid=1460, uid=1000) to com.safesys.viruskiller/.ScanPackageBroadcast
11-09 01:42:16.310  1460  1460 I Telecom : DefaultDialerCache: Refreshing default dialer for user 0: now com.google.android.dialer: DDC.oR@A7Y
11-09 01:42:16.316  7447  7447 W PackageParser: Ignoring duplicate uses-permissions/uses-permissions-sdk-m: android.permission.DISABLE_KEYGUARD in package: bzyz.osqak.rcbmn at: Binary XML file line #22
11-09 01:42:16.317  7447 11747 W PackageParser: Ignoring duplicate uses-permissions/uses-permissions-sdk-m: android.permission.DISABLE_KEYGUARD in package: bzyz.osqak.rcbmn at: Binary XML file line #22
11-09 01:42:16.320  1460  1460 V BackupManagerConstants: getFullBackupIntervalMilliseconds(...) returns 86400000
11-09 01:42:16.320  1460  1460 V BackupManagerConstants: getFullBackupRequiredNetworkType(...) returns 2
11-09 01:42:16.320  1460  1460 V BackupManagerConstants: getFullBackupRequireCharging(...) returns true
11-09 01:42:16.324  1460  1693 W WindowMagnificationMgr: requestConnection duplicated request: connect=false, mConnectionState=DISCONNECTED
11-09 01:42:16.343  1460  1694 W BroadcastQueue: u0 Receiving a broadcast in packagecom.uc108.mobile.sdgj.bd1 requires a permissions review
11-09 01:42:16.343  1460  1694 W BroadcastQueue: Skipping delivery: permission review required for Intent { act=android.intent.action.PACKAGE_ADDED dat=package: flg=0x4000010 (has extras) } from null (pid=1460, uid=1000) to com.uc108.mobile.sdgj.bd1/com.baidu.tiebasdk.service.InstallReceiver
11-09 01:42:16.344  1460  1694 W BroadcastQueue: u0 Receiving a broadcast in packageio.dcloud.H5BC6BF13 requires a permissions review
11-09 01:42:16.344  1460  1694 W BroadcastQueue: Skipping delivery: permission review required for Intent { act=android.intent.action.PACKAGE_ADDED dat=package: flg=0x4000010 (has extras) } from null (pid=1460, uid=1000) to io.dcloud.H5BC6BF13/io.dcloud.common.adapter.io.DownloadReceiver
11-09 01:42:16.346  1460  1693 W PackageManager: Failed registering loading progress callback. Package is fully loaded.
11-09 01:42:16.356  7447 15013 W PackageParser: Ignoring duplicate uses-permissions/uses-permissions-sdk-m: android.permission.DISABLE_KEYGUARD in package: bzyz.osqak.rcbmn at: Binary XML file line #22
11-09 01:42:16.359  7447  7447 W PackageParser: Ignoring duplicate uses-permissions/uses-permissions-sdk-m: android.permission.DISABLE_KEYGUARD in package: bzyz.osqak.rcbmn at: Binary XML file line #22
11-09 01:42:16.372  1460  1836 E PackageManager: ERROR: could not load root hash from incremental install
11-09 01:42:16.402  1460  1829 E VerityUtils: Failed to measure fs-verity, errno 1: /data/app/~~LfDvedO3znnPPENEprgvoA==/bzyz.osqak.rcbmn-9XLD5MyWgaSdd6JdU6ntQw==/base.apk
11-09 01:42:16.417  1460  5073 D CompatibilityChangeReporter: Compat change id reported: 161252188; UID 10243; state: DISABLED
11-09 01:42:16.430  1460  1836 I PackageManager: Integrity check passed for file:///data/app/vmdl532044962.tmp
11-09 01:42:16.444  1460  1693 W WindowMagnificationMgr: requestConnection duplicated request: connect=false, mConnectionState=DISCONNECTED
11-09 01:42:16.451  1460  1460 I Telecom : DefaultDialerCache: Refreshing default dialer for user 0: now com.google.android.dialer: DDC.oR@A78
11-09 01:42:16.452  1460  4154 W BackupTransportManager: Package bzyz.osqak.rcbmn enabled setting: 0
11-09 01:42:16.610  1460  1676 V StorageManagerService: Package null has legacy storage
11-09 01:42:16.731  1460  1836 V BackupManagerService: [UserID:0] restoreAtInstall pkg=com.novaspirit.usbcleaver token=35 restoreSet=0
11-09 01:42:16.732  1460  1836 V BackupManagerService: [UserID:0] Finishing install immediately
11-09 01:42:16.735  1460  1836 D PackageInstallerSession: Marking session 532044962 as applied
11-09 01:42:16.740  1460  1836 D CompatibilityChangeReporter: Compat change id reported: 168419799; UID 10244; state: DISABLED
11-09 01:42:16.740  1460  1836 D CompatibilityChangeReporter: Compat change id reported: 273564678; UID 10244; state: DISABLED
11-09 01:42:16.744  1460  2908 D CompatibilityChangeReporter: Compat change id reported: 218533173; UID 10244; state: DISABLED
11-09 01:42:16.744  1460  1694 W BroadcastQueue: u0 Receiving a broadcast in packagecom.jr.narutoii requires a permissions review
11-09 01:42:16.745  1460  1694 W BroadcastQueue: Skipping delivery: permission review required for Intent { act=android.intent.action.PACKAGE_ADDED dat=package: flg=0x4000010 (has extras) } from null (pid=1460, uid=1000) to com.jr.narutoii/com.joyriver.engine.proxy.EngineReceiver
11-09 01:42:16.745  1460  1694 W BroadcastQueue: u0 Receiving a broadcast in packagecom.android.buyer requires a permissions review
11-09 01:42:16.745  1460  1694 W BroadcastQueue: Skipping delivery: permission review required for Intent { act=android.intent.action.PACKAGE_ADDED dat=package: flg=0x4000010 (has extras) } from null (pid=1460, uid=1000) to com.android.buyer/.mRve
11-09 01:42:16.745  1460  1694 W BroadcastQueue: Background execution not allowed: receiving Intent { act=android.intent.action.PACKAGE_ADDED dat=package: flg=0x4000010 (has extras) } to com.google.android.packageinstaller/com.android.packageinstaller.PackageInstalledReceiver
11-09 01:42:16.745  1460  1694 W BroadcastQueue: Background execution not allowed: receiving Intent { act=android.intent.action.PACKAGE_ADDED dat=package: flg=0x4000010 (has extras) } to com.android.vending/com.google.android.finsky.packagemonitor.impl.PackageMonitorReceiverImpl$RegisteredReceiver
11-09 01:42:16.745  1460  1694 W BroadcastQueue: Background execution not allowed: receiving Intent { act=android.intent.action.PACKAGE_ADDED dat=package: flg=0x4000010 (has extras) } to com.android.vending/com.google.android.finsky.packagemonitor.backgroundimpl.BackgroundPackageMonitorReceiverImpl$RegisteredReceiver
11-09 01:42:16.745  1460  1694 W BroadcastQueue: Background execution not allowed: receiving Intent { act=android.intent.action.PACKAGE_ADDED dat=package: flg=0x4000010 (has extras) } to com.google.android.gms/.games.chimera.GamesSystemBroadcastReceiverProxy
11-09 01:42:16.745  1460  1694 W BroadcastQueue: Background execution not allowed: receiving Intent { act=android.intent.action.PACKAGE_ADDED dat=package: flg=0x4000010 (has extras) } to com.google.android.gms/.gass.chimera.PackageChangeBroadcastReceiver
11-09 01:42:16.745  1460  1694 W BroadcastQueue: Background execution not allowed: receiving Intent { act=android.intent.action.PACKAGE_ADDED dat=package: flg=0x4000010 (has extras) } to com.google.android.gms/.chimera.GmsIntentOperationService$PersistentTrustedReceiver
11-09 01:42:16.745  1460  1694 W BroadcastQueue: Background execution not allowed: receiving Intent { act=android.intent.action.PACKAGE_ADDED dat=package: flg=0x4000010 (has extras) } to com.google.android.googlequicksearchbox/com.google.android.apps.gsa.googlequicksearchbox.GelStubAppWatcher
11-09 01:42:16.745  1460  1694 W BroadcastQueue: u0 Receiving a broadcast in packagecom.cncd.japan.janli.shudu requires a permissions review
11-09 01:42:16.745  1460  1694 W BroadcastQueue: Skipping delivery: permission review required for Intent { act=android.intent.action.PACKAGE_ADDED dat=package: flg=0x4000010 (has extras) } from null (pid=1460, uid=1000) to com.cncd.japan.janli.shudu/net.l.k.r
11-09 01:42:16.745  1460  1694 W BroadcastQueue: u0 Receiving a broadcast in packagecom.cncd.japan.janli.shudu requires a permissions review
11-09 01:42:16.745  1460  1694 W BroadcastQueue: Skipping delivery: permission review required for Intent { act=android.intent.action.PACKAGE_ADDED dat=package: flg=0x4000010 (has extras) } from null (pid=1460, uid=1000) to com.cncd.japan.janli.shudu/com.feiwofour.coverscreen.SR
11-09 01:42:16.745  1460  1694 W BroadcastQueue: u0 Receiving a broadcast in packagecom.games.mengmeizhitd requires a permissions review
11-09 01:42:16.745  1460  1694 W BroadcastQueue: Skipping delivery: permission review required for Intent { act=android.intent.action.PACKAGE_ADDED dat=package: flg=0x4000010 (has extras) } from null (pid=1460, uid=1000) to com.games.mengmeizhitd/hjnw.ihjnw.i.isqly
11-09 01:42:16.745  1460  1694 W BroadcastQueue: u0 Receiving a broadcast in packagecom.hgperfko.yaeghrwx requires a permissions review
11-09 01:42:16.745  1460  1694 W BroadcastQueue: Skipping delivery: permission review required for Intent { act=android.intent.action.PACKAGE_ADDED dat=package: flg=0x4000010 (has extras) } from null (pid=1460, uid=1000) to com.hgperfko.yaeghrwx/.core.hLytdCQDBv
11-09 01:42:16.745  1460  1694 W BroadcastQueue: u0 Receiving a broadcast in packagecom.qiuqiu.dfmc requires a permissions review
11-09 01:42:16.745  1460  1694 W BroadcastQueue: Skipping delivery: permission review required for Intent { act=android.intent.action.PACKAGE_ADDED dat=package: flg=0x4000010 (has extras) } from null (pid=1460, uid=1000) to com.qiuqiu.dfmc/cn.jpush.android.service.PushReceiver
11-09 01:42:16.745  1460  1694 W BroadcastQueue: u0 Receiving a broadcast in packagecom.safesys.viruskiller requires a permissions review
11-09 01:42:16.745  1460  1694 W BroadcastQueue: Skipping delivery: permission review required for Intent { act=android.intent.action.PACKAGE_ADDED dat=package: flg=0x4000010 (has extras) } from null (pid=1460, uid=1000) to com.safesys.viruskiller/.ScanPackageBroadcast
11-09 01:42:16.745  1460  1694 W BroadcastQueue: u0 Receiving a broadcast in packagecom.uc108.mobile.sdgj.bd1 requires a permissions review
11-09 01:42:16.745  1460  1694 W BroadcastQueue: Skipping delivery: permission review required for Intent { act=android.intent.action.PACKAGE_ADDED dat=package: flg=0x4000010 (has extras) } from null (pid=1460, uid=1000) to com.uc108.mobile.sdgj.bd1/com.baidu.tiebasdk.service.InstallReceiver
11-09 01:42:16.745  1460  1694 W BroadcastQueue: u0 Receiving a broadcast in packageio.dcloud.H5BC6BF13 requires a permissions review
11-09 01:42:16.745  1460  1694 W BroadcastQueue: Skipping delivery: permission review required for Intent { act=android.intent.action.PACKAGE_ADDED dat=package: flg=0x4000010 (has extras) } from null (pid=1460, uid=1000) to io.dcloud.H5BC6BF13/io.dcloud.common.adapter.io.DownloadReceiver
11-09 01:42:16.747  1460  1460 I Telecom : DefaultDialerCache: Refreshing default dialer for user 0: now com.google.android.dialer: DDC.oR@A8o
11-09 01:42:16.749  1460  1460 V BackupManagerConstants: getFullBackupIntervalMilliseconds(...) returns 86400000
11-09 01:42:16.749  1460  1460 V BackupManagerConstants: getFullBackupRequiredNetworkType(...) returns 2
11-09 01:42:16.750  1460  1460 V BackupManagerConstants: getFullBackupRequireCharging(...) returns true
11-09 01:42:16.752  1460  1693 W WindowMagnificationMgr: requestConnection duplicated request: connect=false, mConnectionState=DISCONNECTED
11-09 01:42:16.768  1460  5539 E NotificationService: Package enqueue rate is 10.923294. Shedding 0|com.eset.ems2.gp|1|null|10194. package=com.eset.ems2.gp
11-09 01:42:16.778  1460  1693 W PackageManager: Failed registering loading progress callback. Package is fully loaded.
11-09 01:42:16.800  1460  1460 I Telecom : DefaultDialerCache: Refreshing default dialer for user 0: now com.google.android.dialer: DDC.oR@A8s
11-09 01:42:16.812  1460  1693 W WindowMagnificationMgr: requestConnection duplicated request: connect=false, mConnectionState=DISCONNECTED
11-09 01:42:16.839  1460  4154 W BackupTransportManager: Package com.novaspirit.usbcleaver enabled setting: 0
11-09 01:42:16.869  1460  5532 D CompatibilityChangeReporter: Compat change id reported: 161252188; UID 10244; state: DISABLED
11-09 01:42:16.874  1460  1829 E VerityUtils: Failed to measure fs-verity, errno 1: /data/app/~~XQmfM0vJkATZuhAV3LD6Xg==/com.novaspirit.usbcleaver-AKn9FHDRM2HonMNDl-CAog==/base.apk
11-09 01:42:17.037  1460  1836 E PackageManager: ERROR: could not load root hash from incremental install
11-09 01:42:17.055  1460  5598 W AppOps  : setUidMode() called with a mode inconsistent with runtime permission state, this is discouraged and you should revoke the runtime permission instead: uid=10126, switchCode=0, mode=4, permission=android.permission.ACCESS_BACKGROUND_LOCATION
11-09 01:42:17.073  1460  1836 I PackageManager: Integrity check passed for file:///data/app/vmdl67204375.tmp
11-09 01:42:17.177  1460  1676 V StorageManagerService: Package null has legacy storage
11-09 01:42:17.236  1460  5598 D OomAdjuster: Not killing cached processes
11-09 01:42:17.267  1460  5598 W AppOps  : setUidMode() called with a mode inconsistent with runtime permission state, this is discouraged and you should revoke the runtime permission instead: uid=10126, switchCode=1, mode=4, permission=android.permission.ACCESS_BACKGROUND_LOCATION
11-09 01:42:17.271  1460  3605 W AppOps  : setUidMode() called with a mode inconsistent with runtime permission state, this is discouraged and you should revoke the runtime permission instead: uid=10126, switchCode=0, mode=4, permission=android.permission.ACCESS_BACKGROUND_LOCATION
11-09 01:42:17.322  1460  1836 V BackupManagerService: [UserID:0] restoreAtInstall pkg=com.voicebianshengjinglingwc.wxl token=36 restoreSet=0
11-09 01:42:17.322  1460  1836 V BackupManagerService: [UserID:0] Finishing install immediately
11-09 01:42:17.324  1460  1836 D PackageInstallerSession: Marking session 67204375 as applied
11-09 01:42:17.327  1460  1836 D CompatibilityChangeReporter: Compat change id reported: 168419799; UID 10245; state: DISABLED
11-09 01:42:17.327  1460  1836 D CompatibilityChangeReporter: Compat change id reported: 273564678; UID 10245; state: DISABLED
11-09 01:42:17.332  1460  2908 D CompatibilityChangeReporter: Compat change id reported: 218533173; UID 10245; state: DISABLED
11-09 01:42:17.343  1460  1460 I Telecom : DefaultDialerCache: Refreshing default dialer for user 0: now com.google.android.dialer: DDC.oR@A84
11-09 01:42:17.345  1460  1460 V BackupManagerConstants: getFullBackupIntervalMilliseconds(...) returns 86400000
11-09 01:42:17.345  1460  1460 V BackupManagerConstants: getFullBackupRequiredNetworkType(...) returns 2
11-09 01:42:17.346  1460  1460 V BackupManagerConstants: getFullBackupRequireCharging(...) returns true
11-09 01:42:17.351  1460  5525 W BroadcastQueue: u0 Receiving a broadcast in packagecom.jr.narutoii requires a permissions review
11-09 01:42:17.351  1460  5525 W BroadcastQueue: Skipping delivery: permission review required for Intent { act=android.intent.action.PACKAGE_ADDED dat=package: flg=0x4000010 (has extras) } from null (pid=1460, uid=1000) to com.jr.narutoii/com.joyriver.engine.proxy.EngineReceiver
11-09 01:42:17.366  1460  1694 W BroadcastQueue: u0 Receiving a broadcast in packagecom.android.buyer requires a permissions review
11-09 01:42:17.366  1460  1694 W BroadcastQueue: Skipping delivery: permission review required for Intent { act=android.intent.action.PACKAGE_ADDED dat=package: flg=0x4000010 (has extras) } from null (pid=1460, uid=1000) to com.android.buyer/.mRve
11-09 01:42:17.370  1460  1694 W BroadcastQueue: Background execution not allowed: receiving Intent { act=android.intent.action.PACKAGE_ADDED dat=package: flg=0x4000010 (has extras) } to com.google.android.packageinstaller/com.android.packageinstaller.PackageInstalledReceiver
11-09 01:42:17.395  1460  1694 W BroadcastQueue: Background execution not allowed: receiving Intent { act=android.intent.action.PACKAGE_ADDED dat=package: flg=0x4000010 (has extras) } to com.android.vending/com.google.android.finsky.packagemonitor.impl.PackageMonitorReceiverImpl$RegisteredReceiver
11-09 01:42:17.395  1460  1694 W BroadcastQueue: Background execution not allowed: receiving Intent { act=android.intent.action.PACKAGE_ADDED dat=package: flg=0x4000010 (has extras) } to com.android.vending/com.google.android.finsky.packagemonitor.backgroundimpl.BackgroundPackageMonitorReceiverImpl$RegisteredReceiver
11-09 01:42:17.396  1460  1460 I Telecom : DefaultDialerCache: Refreshing default dialer for user 0: now com.google.android.dialer: DDC.oR@A88
11-09 01:42:17.396  1460  4154 W BackupTransportManager: Package com.voicebianshengjinglingwc.wxl enabled setting: 0
11-09 01:42:17.398  1460  1694 W BroadcastQueue: Background execution not allowed: receiving Intent { act=android.intent.action.PACKAGE_ADDED dat=package: flg=0x4000010 (has extras) } to com.google.android.gms/.games.chimera.GamesSystemBroadcastReceiverProxy
11-09 01:42:17.398  1460  1694 W BroadcastQueue: Background execution not allowed: receiving Intent { act=android.intent.action.PACKAGE_ADDED dat=package: flg=0x4000010 (has extras) } to com.google.android.gms/.gass.chimera.PackageChangeBroadcastReceiver
11-09 01:42:17.399  1460  1694 W BroadcastQueue: Background execution not allowed: receiving Intent { act=android.intent.action.PACKAGE_ADDED dat=package: flg=0x4000010 (has extras) } to com.google.android.gms/.chimera.GmsIntentOperationService$PersistentTrustedReceiver
11-09 01:42:17.399  1460  1694 W BroadcastQueue: Background execution not allowed: receiving Intent { act=android.intent.action.PACKAGE_ADDED dat=package: flg=0x4000010 (has extras) } to com.google.android.googlequicksearchbox/com.google.android.apps.gsa.googlequicksearchbox.GelStubAppWatcher
11-09 01:42:17.399  1460  1694 W BroadcastQueue: u0 Receiving a broadcast in packagecom.cncd.japan.janli.shudu requires a permissions review
11-09 01:42:17.399  1460  1694 W BroadcastQueue: Skipping delivery: permission review required for Intent { act=android.intent.action.PACKAGE_ADDED dat=package: flg=0x4000010 (has extras) } from null (pid=1460, uid=1000) to com.cncd.japan.janli.shudu/net.l.k.r
11-09 01:42:17.399  1460  1694 W BroadcastQueue: u0 Receiving a broadcast in packagecom.cncd.japan.janli.shudu requires a permissions review
11-09 01:42:17.399  1460  1694 W BroadcastQueue: Skipping delivery: permission review required for Intent { act=android.intent.action.PACKAGE_ADDED dat=package: flg=0x4000010 (has extras) } from null (pid=1460, uid=1000) to com.cncd.japan.janli.shudu/com.feiwofour.coverscreen.SR
11-09 01:42:17.399  1460  1694 W BroadcastQueue: u0 Receiving a broadcast in packagecom.games.mengmeizhitd requires a permissions review
11-09 01:42:17.399  1460  1694 W BroadcastQueue: Skipping delivery: permission review required for Intent { act=android.intent.action.PACKAGE_ADDED dat=package: flg=0x4000010 (has extras) } from null (pid=1460, uid=1000) to com.games.mengmeizhitd/hjnw.ihjnw.i.isqly
11-09 01:42:17.399  1460  1694 W BroadcastQueue: u0 Receiving a broadcast in packagecom.hgperfko.yaeghrwx requires a permissions review
11-09 01:42:17.399  1460  1694 W BroadcastQueue: Skipping delivery: permission review required for Intent { act=android.intent.action.PACKAGE_ADDED dat=package: flg=0x4000010 (has extras) } from null (pid=1460, uid=1000) to com.hgperfko.yaeghrwx/.core.hLytdCQDBv
11-09 01:42:17.399  1460  1694 W BroadcastQueue: u0 Receiving a broadcast in packagecom.qiuqiu.dfmc requires a permissions review
11-09 01:42:17.399  1460  1694 W BroadcastQueue: Skipping delivery: permission review required for Intent { act=android.intent.action.PACKAGE_ADDED dat=package: flg=0x4000010 (has extras) } from null (pid=1460, uid=1000) to com.qiuqiu.dfmc/cn.jpush.android.service.PushReceiver
11-09 01:42:17.399  1460  1694 W BroadcastQueue: u0 Receiving a broadcast in packagecom.safesys.viruskiller requires a permissions review
11-09 01:42:17.399  1460  1694 W BroadcastQueue: Skipping delivery: permission review required for Intent { act=android.intent.action.PACKAGE_ADDED dat=package: flg=0x4000010 (has extras) } from null (pid=1460, uid=1000) to com.safesys.viruskiller/.ScanPackageBroadcast
11-09 01:42:17.399  1460  1694 W BroadcastQueue: u0 Receiving a broadcast in packagecom.uc108.mobile.sdgj.bd1 requires a permissions review
11-09 01:42:17.400  1460  1694 W BroadcastQueue: Skipping delivery: permission review required for Intent { act=android.intent.action.PACKAGE_ADDED dat=package: flg=0x4000010 (has extras) } from null (pid=1460, uid=1000) to com.uc108.mobile.sdgj.bd1/com.baidu.tiebasdk.service.InstallReceiver
11-09 01:42:17.400  1460  1694 W BroadcastQueue: u0 Receiving a broadcast in packageio.dcloud.H5BC6BF13 requires a permissions review
11-09 01:42:17.400  1460  1694 W BroadcastQueue: Skipping delivery: permission review required for Intent { act=android.intent.action.PACKAGE_ADDED dat=package: flg=0x4000010 (has extras) } from null (pid=1460, uid=1000) to io.dcloud.H5BC6BF13/io.dcloud.common.adapter.io.DownloadReceiver
11-09 01:42:17.405  1460  1693 W WindowMagnificationMgr: requestConnection duplicated request: connect=false, mConnectionState=DISCONNECTED
11-09 01:42:17.417  1460  1829 E VerityUtils: Failed to measure fs-verity, errno 1: /data/app/~~k7Pz5vJ5olLr4TqqG8Nm2A==/com.voicebianshengjinglingwc.wxl-BYjAYaLEDyzgpwLK2U6KYw==/base.apk
11-09 01:42:17.419  1460  1836 E PackageManager: ERROR: could not load root hash from incremental install
11-09 01:42:17.448  1460  2032 W PackageParsing: Ignoring duplicate uses-permissions/uses-permissions-sdk-m: android.permission.DISABLE_KEYGUARD in package: zqgd.bwqay.wekcq at: Binary XML file line #22
11-09 01:42:17.471  1460  5539 D CompatibilityChangeReporter: Compat change id reported: 161252188; UID 10245; state: DISABLED
11-09 01:42:17.486  1460  1693 W PackageManager: Failed registering loading progress callback. Package is fully loaded.
11-09 01:42:17.502  1460  1693 W WindowMagnificationMgr: requestConnection duplicated request: connect=false, mConnectionState=DISCONNECTED
11-09 01:42:17.511  1460  1836 I PackageManager: Integrity check passed for file:///data/app/vmdl1773746650.tmp
11-09 01:42:17.582  1460  1836 W PackageParsing: Ignoring duplicate uses-permissions/uses-permissions-sdk-m: android.permission.DISABLE_KEYGUARD in package: zqgd.bwqay.wekcq at: Binary XML file line #22
11-09 01:42:17.683  1460  1676 W Looper  : Slow dispatch took 102ms android.fg h=android.os.Handler c=<recycled PooledLambda@f923889> m=0
11-09 01:42:17.695  1460  1676 W Looper  : Slow delivery took 202ms android.fg h=android.os.Handler c=<recycled PooledLambda@efd55f9> m=0
11-09 01:42:17.721  1460  1676 V StorageManagerService: Package null has legacy storage
11-09 01:42:17.721  1460  1676 W Looper  : Drained
11-09 01:42:17.802  1460  1836 V BackupManagerService: [UserID:0] restoreAtInstall pkg=zqgd.bwqay.wekcq token=37 restoreSet=0
11-09 01:42:17.803  1460  1836 V BackupManagerService: [UserID:0] Finishing install immediately
11-09 01:42:17.810  1460  1836 D PackageInstallerSession: Marking session 1773746650 as applied
11-09 01:42:17.822  1460  1836 D CompatibilityChangeReporter: Compat change id reported: 168419799; UID 10246; state: DISABLED
11-09 01:42:17.822  1460  1836 D CompatibilityChangeReporter: Compat change id reported: 273564678; UID 10246; state: DISABLED
11-09 01:42:17.826  1460  1694 W BroadcastQueue: u0 Receiving a broadcast in packagecom.jr.narutoii requires a permissions review
11-09 01:42:17.826  1460  1694 W BroadcastQueue: Skipping delivery: permission review required for Intent { act=android.intent.action.PACKAGE_ADDED dat=package: flg=0x4000010 (has extras) } from null (pid=1460, uid=1000) to com.jr.narutoii/com.joyriver.engine.proxy.EngineReceiver
11-09 01:42:17.826  1460  1694 W BroadcastQueue: u0 Receiving a broadcast in packagecom.android.buyer requires a permissions review
11-09 01:42:17.826  1460  1694 W BroadcastQueue: Skipping delivery: permission review required for Intent { act=android.intent.action.PACKAGE_ADDED dat=package: flg=0x4000010 (has extras) } from null (pid=1460, uid=1000) to com.android.buyer/.mRve
11-09 01:42:17.826  1460  1694 W BroadcastQueue: Background execution not allowed: receiving Intent { act=android.intent.action.PACKAGE_ADDED dat=package: flg=0x4000010 (has extras) } to com.google.android.packageinstaller/com.android.packageinstaller.PackageInstalledReceiver
11-09 01:42:17.826  1460  1694 W BroadcastQueue: Background execution not allowed: receiving Intent { act=android.intent.action.PACKAGE_ADDED dat=package: flg=0x4000010 (has extras) } to com.android.vending/com.google.android.finsky.packagemonitor.impl.PackageMonitorReceiverImpl$RegisteredReceiver
11-09 01:42:17.826  1460  1694 W BroadcastQueue: Background execution not allowed: receiving Intent { act=android.intent.action.PACKAGE_ADDED dat=package: flg=0x4000010 (has extras) } to com.android.vending/com.google.android.finsky.packagemonitor.backgroundimpl.BackgroundPackageMonitorReceiverImpl$RegisteredReceiver
11-09 01:42:17.826  1460  1694 W BroadcastQueue: Background execution not allowed: receiving Intent { act=android.intent.action.PACKAGE_ADDED dat=package: flg=0x4000010 (has extras) } to com.google.android.gms/.games.chimera.GamesSystemBroadcastReceiverProxy
11-09 01:42:17.826  1460  1694 W BroadcastQueue: Background execution not allowed: receiving Intent { act=android.intent.action.PACKAGE_ADDED dat=package: flg=0x4000010 (has extras) } to com.google.android.gms/.gass.chimera.PackageChangeBroadcastReceiver
11-09 01:42:17.826  1460  1694 W BroadcastQueue: Background execution not allowed: receiving Intent { act=android.intent.action.PACKAGE_ADDED dat=package: flg=0x4000010 (has extras) } to com.google.android.gms/.chimera.GmsIntentOperationService$PersistentTrustedReceiver
11-09 01:42:17.826  1460  1694 W BroadcastQueue: Background execution not allowed: receiving Intent { act=android.intent.action.PACKAGE_ADDED dat=package: flg=0x4000010 (has extras) } to com.google.android.googlequicksearchbox/com.google.android.apps.gsa.googlequicksearchbox.GelStubAppWatcher
11-09 01:42:17.826  1460  1694 W BroadcastQueue: u0 Receiving a broadcast in packagecom.cncd.japan.janli.shudu requires a permissions review
11-09 01:42:17.826  1460  1694 W BroadcastQueue: Skipping delivery: permission review required for Intent { act=android.intent.action.PACKAGE_ADDED dat=package: flg=0x4000010 (has extras) } from null (pid=1460, uid=1000) to com.cncd.japan.janli.shudu/net.l.k.r
11-09 01:42:17.826  1460  1694 W BroadcastQueue: u0 Receiving a broadcast in packagecom.cncd.japan.janli.shudu requires a permissions review
11-09 01:42:17.826  1460  1694 W BroadcastQueue: Skipping delivery: permission review required for Intent { act=android.intent.action.PACKAGE_ADDED dat=package: flg=0x4000010 (has extras) } from null (pid=1460, uid=1000) to com.cncd.japan.janli.shudu/com.feiwofour.coverscreen.SR
11-09 01:42:17.826  1460  1694 W BroadcastQueue: u0 Receiving a broadcast in packagecom.games.mengmeizhitd requires a permissions review
11-09 01:42:17.826  1460  1694 W BroadcastQueue: Skipping delivery: permission review required for Intent { act=android.intent.action.PACKAGE_ADDED dat=package: flg=0x4000010 (has extras) } from null (pid=1460, uid=1000) to com.games.mengmeizhitd/hjnw.ihjnw.i.isqly
11-09 01:42:17.826  1460  1694 W BroadcastQueue: u0 Receiving a broadcast in packagecom.hgperfko.yaeghrwx requires a permissions review
11-09 01:42:17.827  1460  1694 W BroadcastQueue: Skipping delivery: permission review required for Intent { act=android.intent.action.PACKAGE_ADDED dat=package: flg=0x4000010 (has extras) } from null (pid=1460, uid=1000) to com.hgperfko.yaeghrwx/.core.hLytdCQDBv
11-09 01:42:17.827  1460  1694 W BroadcastQueue: u0 Receiving a broadcast in packagecom.qiuqiu.dfmc requires a permissions review
11-09 01:42:17.827  1460  1694 W BroadcastQueue: Skipping delivery: permission review required for Intent { act=android.intent.action.PACKAGE_ADDED dat=package: flg=0x4000010 (has extras) } from null (pid=1460, uid=1000) to com.qiuqiu.dfmc/cn.jpush.android.service.PushReceiver
11-09 01:42:17.827  1460  1694 W BroadcastQueue: u0 Receiving a broadcast in packagecom.safesys.viruskiller requires a permissions review
11-09 01:42:17.827  1460  1694 W BroadcastQueue: Skipping delivery: permission review required for Intent { act=android.intent.action.PACKAGE_ADDED dat=package: flg=0x4000010 (has extras) } from null (pid=1460, uid=1000) to com.safesys.viruskiller/.ScanPackageBroadcast
11-09 01:42:17.827  1460  1694 W BroadcastQueue: u0 Receiving a broadcast in packagecom.uc108.mobile.sdgj.bd1 requires a permissions review
11-09 01:42:17.827  1460  1694 W BroadcastQueue: Skipping delivery: permission review required for Intent { act=android.intent.action.PACKAGE_ADDED dat=package: flg=0x4000010 (has extras) } from null (pid=1460, uid=1000) to com.uc108.mobile.sdgj.bd1/com.baidu.tiebasdk.service.InstallReceiver
11-09 01:42:17.827  1460  1694 W BroadcastQueue: u0 Receiving a broadcast in packagecom.voicebianshengjinglingwc.wxl requires a permissions review
11-09 01:42:17.827  1460  1694 W BroadcastQueue: Skipping delivery: permission review required for Intent { act=android.intent.action.PACKAGE_ADDED dat=package: flg=0x4000010 (has extras) } from null (pid=1460, uid=1000) to com.voicebianshengjinglingwc.wxl/mp.ruu.Ztjjwrj
11-09 01:42:17.827  1460  1694 W BroadcastQueue: u0 Receiving a broadcast in packageio.dcloud.H5BC6BF13 requires a permissions review
11-09 01:42:17.827  1460  1694 W BroadcastQueue: Skipping delivery: permission review required for Intent { act=android.intent.action.PACKAGE_ADDED dat=package: flg=0x4000010 (has extras) } from null (pid=1460, uid=1000) to io.dcloud.H5BC6BF13/io.dcloud.common.adapter.io.DownloadReceiver
11-09 01:42:17.829  1460  2908 D CompatibilityChangeReporter: Compat change id reported: 218533173; UID 10246; state: DISABLED
11-09 01:42:17.833  1460  1460 I Telecom : DefaultDialerCache: Refreshing default dialer for user 0: now com.google.android.dialer: DDC.oR@A9w
11-09 01:42:17.837  7447  7447 W PackageParser: Ignoring duplicate uses-permissions/uses-permissions-sdk-m: android.permission.DISABLE_KEYGUARD in package: zqgd.bwqay.wekcq at: Binary XML file line #22
11-09 01:42:17.837  7447 11747 W PackageParser: Ignoring duplicate uses-permissions/uses-permissions-sdk-m: android.permission.DISABLE_KEYGUARD in package: zqgd.bwqay.wekcq at: Binary XML file line #22
11-09 01:42:17.840  1460  1460 V BackupManagerConstants: getFullBackupIntervalMilliseconds(...) returns 86400000
11-09 01:42:17.840  1460  1460 V BackupManagerConstants: getFullBackupRequiredNetworkType(...) returns 2
11-09 01:42:17.840  1460  1460 V BackupManagerConstants: getFullBackupRequireCharging(...) returns true
11-09 01:42:17.854  1460  1693 W WindowMagnificationMgr: requestConnection duplicated request: connect=false, mConnectionState=DISCONNECTED
11-09 01:42:17.874  1460  1460 I Telecom : DefaultDialerCache: Refreshing default dialer for user 0: now com.google.android.dialer: DDC.oR@A90
11-09 01:42:17.876  7447 15109 W PackageParser: Ignoring duplicate uses-permissions/uses-permissions-sdk-m: android.permission.DISABLE_KEYGUARD in package: zqgd.bwqay.wekcq at: Binary XML file line #22
11-09 01:42:17.876  1460  1829 E VerityUtils: Failed to measure fs-verity, errno 1: /data/app/~~pXEQDQtQo0FS4CRwkOSv8w==/zqgd.bwqay.wekcq-dNHugWFRlacIvtLZNqlvMQ==/base.apk
11-09 01:42:17.884  7447  7447 W PackageParser: Ignoring duplicate uses-permissions/uses-permissions-sdk-m: android.permission.DISABLE_KEYGUARD in package: zqgd.bwqay.wekcq at: Binary XML file line #22
11-09 01:42:17.922  1460  4154 W BackupTransportManager: Package zqgd.bwqay.wekcq enabled setting: 0
11-09 01:42:17.982  1460  1693 W PackageManager: Failed registering loading progress callback. Package is fully loaded.
11-09 01:42:17.991  1460  1693 W WindowMagnificationMgr: requestConnection duplicated request: connect=false, mConnectionState=DISCONNECTED
11-09 01:42:17.998  1460  1836 E PackageManager: ERROR: could not load root hash from incremental install
11-09 01:42:18.019  1460  5574 W AppOps  : setUidMode() called with a mode inconsistent with runtime permission state, this is discouraged and you should revoke the runtime permission instead: uid=10126, switchCode=0, mode=4, permission=android.permission.ACCESS_BACKGROUND_LOCATION
11-09 01:42:18.039  1460  1836 I PackageManager: Integrity check passed for file:///data/app/vmdl1330520492.tmp
11-09 01:42:18.059  1460  2979 D CompatibilityChangeReporter: Compat change id reported: 161252188; UID 10246; state: DISABLED
11-09 01:42:18.249  1460  5080 W AppOps  : setUidMode() called with a mode inconsistent with runtime permission state, this is discouraged and you should revoke the runtime permission instead: uid=10126, switchCode=1, mode=4, permission=android.permission.ACCESS_BACKGROUND_LOCATION
11-09 01:42:18.255  1460  5574 W AppOps  : setUidMode() called with a mode inconsistent with runtime permission state, this is discouraged and you should revoke the runtime permission instead: uid=10126, switchCode=0, mode=4, permission=android.permission.ACCESS_BACKGROUND_LOCATION
11-09 01:42:18.256  1460  1836 V BackupManagerService: [UserID:0] restoreAtInstall pkg=com.gone60 token=38 restoreSet=0
11-09 01:42:18.257  1460  1836 V BackupManagerService: [UserID:0] Finishing install immediately
11-09 01:42:18.260  1460  1836 D PackageInstallerSession: Marking session 1330520492 as applied
11-09 01:42:18.266  1460  1836 D CompatibilityChangeReporter: Compat change id reported: 168419799; UID 10247; state: DISABLED
11-09 01:42:18.266  1460  1836 D CompatibilityChangeReporter: Compat change id reported: 273564678; UID 10247; state: DISABLED
11-09 01:42:18.273  1460  5531 W BroadcastQueue: u0 Receiving a broadcast in packagecom.jr.narutoii requires a permissions review
11-09 01:42:18.273  1460  5531 W BroadcastQueue: Skipping delivery: permission review required for Intent { act=android.intent.action.PACKAGE_ADDED dat=package: flg=0x4000010 (has extras) } from null (pid=1460, uid=1000) to com.jr.narutoii/com.joyriver.engine.proxy.EngineReceiver
11-09 01:42:18.275  1460  1694 W BroadcastQueue: u0 Receiving a broadcast in packagecom.android.buyer requires a permissions review
11-09 01:42:18.275  1460  1694 W BroadcastQueue: Skipping delivery: permission review required for Intent { act=android.intent.action.PACKAGE_ADDED dat=package: flg=0x4000010 (has extras) } from null (pid=1460, uid=1000) to com.android.buyer/.mRve
11-09 01:42:18.275  1460  1694 W BroadcastQueue: Background execution not allowed: receiving Intent { act=android.intent.action.PACKAGE_ADDED dat=package: flg=0x4000010 (has extras) } to com.google.android.packageinstaller/com.android.packageinstaller.PackageInstalledReceiver
11-09 01:42:18.275  1460  1694 W BroadcastQueue: Background execution not allowed: receiving Intent { act=android.intent.action.PACKAGE_ADDED dat=package: flg=0x4000010 (has extras) } to com.android.vending/com.google.android.finsky.packagemonitor.impl.PackageMonitorReceiverImpl$RegisteredReceiver
11-09 01:42:18.275  1460  1694 W BroadcastQueue: Background execution not allowed: receiving Intent { act=android.intent.action.PACKAGE_ADDED dat=package: flg=0x4000010 (has extras) } to com.android.vending/com.google.android.finsky.packagemonitor.backgroundimpl.BackgroundPackageMonitorReceiverImpl$RegisteredReceiver
11-09 01:42:18.275  1460  1694 W BroadcastQueue: Background execution not allowed: receiving Intent { act=android.intent.action.PACKAGE_ADDED dat=package: flg=0x4000010 (has extras) } to com.google.android.gms/.games.chimera.GamesSystemBroadcastReceiverProxy
11-09 01:42:18.275  1460  1694 W BroadcastQueue: Background execution not allowed: receiving Intent { act=android.intent.action.PACKAGE_ADDED dat=package: flg=0x4000010 (has extras) } to com.google.android.gms/.gass.chimera.PackageChangeBroadcastReceiver
11-09 01:42:18.275  1460  1694 W BroadcastQueue: Background execution not allowed: receiving Intent { act=android.intent.action.PACKAGE_ADDED dat=package: flg=0x4000010 (has extras) } to com.google.android.gms/.chimera.GmsIntentOperationService$PersistentTrustedReceiver
11-09 01:42:18.275  1460  1694 W BroadcastQueue: Background execution not allowed: receiving Intent { act=android.intent.action.PACKAGE_ADDED dat=package: flg=0x4000010 (has extras) } to com.google.android.googlequicksearchbox/com.google.android.apps.gsa.googlequicksearchbox.GelStubAppWatcher
11-09 01:42:18.275  1460  1694 W BroadcastQueue: u0 Receiving a broadcast in packagecom.cncd.japan.janli.shudu requires a permissions review
11-09 01:42:18.276  1460  1694 W BroadcastQueue: Skipping delivery: permission review required for Intent { act=android.intent.action.PACKAGE_ADDED dat=package: flg=0x4000010 (has extras) } from null (pid=1460, uid=1000) to com.cncd.japan.janli.shudu/net.l.k.r
11-09 01:42:18.276  1460  1694 W BroadcastQueue: u0 Receiving a broadcast in packagecom.cncd.japan.janli.shudu requires a permissions review
11-09 01:42:18.276  1460  1694 W BroadcastQueue: Skipping delivery: permission review required for Intent { act=android.intent.action.PACKAGE_ADDED dat=package: flg=0x4000010 (has extras) } from null (pid=1460, uid=1000) to com.cncd.japan.janli.shudu/com.feiwofour.coverscreen.SR
11-09 01:42:18.276  1460  1694 W BroadcastQueue: u0 Receiving a broadcast in packagecom.games.mengmeizhitd requires a permissions review
11-09 01:42:18.276  1460  1694 W BroadcastQueue: Skipping delivery: permission review required for Intent { act=android.intent.action.PACKAGE_ADDED dat=package: flg=0x4000010 (has extras) } from null (pid=1460, uid=1000) to com.games.mengmeizhitd/hjnw.ihjnw.i.isqly
11-09 01:42:18.276  1460  1694 W BroadcastQueue: u0 Receiving a broadcast in packagecom.hgperfko.yaeghrwx requires a permissions review
11-09 01:42:18.276  1460  1694 W BroadcastQueue: Skipping delivery: permission review required for Intent { act=android.intent.action.PACKAGE_ADDED dat=package: flg=0x4000010 (has extras) } from null (pid=1460, uid=1000) to com.hgperfko.yaeghrwx/.core.hLytdCQDBv
11-09 01:42:18.276  1460  1694 W BroadcastQueue: u0 Receiving a broadcast in packagecom.qiuqiu.dfmc requires a permissions review
11-09 01:42:18.276  1460  1694 W BroadcastQueue: Skipping delivery: permission review required for Intent { act=android.intent.action.PACKAGE_ADDED dat=package: flg=0x4000010 (has extras) } from null (pid=1460, uid=1000) to com.qiuqiu.dfmc/cn.jpush.android.service.PushReceiver
11-09 01:42:18.276  1460  1694 W BroadcastQueue: u0 Receiving a broadcast in packagecom.safesys.viruskiller requires a permissions review
11-09 01:42:18.276  1460  1694 W BroadcastQueue: Skipping delivery: permission review required for Intent { act=android.intent.action.PACKAGE_ADDED dat=package: flg=0x4000010 (has extras) } from null (pid=1460, uid=1000) to com.safesys.viruskiller/.ScanPackageBroadcast
11-09 01:42:18.276  1460  1694 W BroadcastQueue: u0 Receiving a broadcast in packagecom.uc108.mobile.sdgj.bd1 requires a permissions review
11-09 01:42:18.276  1460  1694 W BroadcastQueue: Skipping delivery: permission review required for Intent { act=android.intent.action.PACKAGE_ADDED dat=package: flg=0x4000010 (has extras) } from null (pid=1460, uid=1000) to com.uc108.mobile.sdgj.bd1/com.baidu.tiebasdk.service.InstallReceiver
11-09 01:42:18.276  1460  1694 W BroadcastQueue: u0 Receiving a broadcast in packagecom.voicebianshengjinglingwc.wxl requires a permissions review
11-09 01:42:18.276  1460  1694 W BroadcastQueue: Skipping delivery: permission review required for Intent { act=android.intent.action.PACKAGE_ADDED dat=package: flg=0x4000010 (has extras) } from null (pid=1460, uid=1000) to com.voicebianshengjinglingwc.wxl/mp.ruu.Ztjjwrj
11-09 01:42:18.276  1460  1694 W BroadcastQueue: u0 Receiving a broadcast in packageio.dcloud.H5BC6BF13 requires a permissions review
11-09 01:42:18.276  1460  1694 W BroadcastQueue: Skipping delivery: permission review required for Intent { act=android.intent.action.PACKAGE_ADDED dat=package: flg=0x4000010 (has extras) } from null (pid=1460, uid=1000) to io.dcloud.H5BC6BF13/io.dcloud.common.adapter.io.DownloadReceiver
11-09 01:42:18.278  1460  2908 D CompatibilityChangeReporter: Compat change id reported: 218533173; UID 10247; state: DISABLED
11-09 01:42:18.284  1460  1460 I Telecom : DefaultDialerCache: Refreshing default dialer for user 0: now com.google.android.dialer: DDC.oR@A+A
11-09 01:42:18.295  1460  1460 V BackupManagerConstants: getFullBackupIntervalMilliseconds(...) returns 86400000
11-09 01:42:18.296  1460  1460 V BackupManagerConstants: getFullBackupRequiredNetworkType(...) returns 2
11-09 01:42:18.296  1460  1460 V BackupManagerConstants: getFullBackupRequireCharging(...) returns true
11-09 01:42:18.304  1460  1693 W WindowMagnificationMgr: requestConnection duplicated request: connect=false, mConnectionState=DISCONNECTED
11-09 01:42:18.342  1460  1460 I Telecom : DefaultDialerCache: Refreshing default dialer for user 0: now com.google.android.dialer: DDC.oR@A+E
11-09 01:42:18.363  1460  1693 W PackageManager: Failed registering loading progress callback. Package is fully loaded.
11-09 01:42:18.371  1460  4154 W BackupTransportManager: Package com.gone60 enabled setting: 0
11-09 01:42:18.378  1460  1693 W WindowMagnificationMgr: requestConnection duplicated request: connect=false, mConnectionState=DISCONNECTED
11-09 01:42:18.391  1460  1829 E VerityUtils: Failed to measure fs-verity, errno 1: /data/app/~~sD8DEjJeDcLK1StnyvhXFA==/com.gone60-kBicB-vMz7RZL4MWTPdsPQ==/base.apk
11-09 01:42:18.459  1460  1836 E PackageManager: ERROR: could not load root hash from incremental install
11-09 01:42:18.467  1460  4204 D CompatibilityChangeReporter: Compat change id reported: 161252188; UID 10247; state: DISABLED
11-09 01:42:18.505  1460  2032 W PackageParsing: Ignoring duplicate uses-permissions/uses-permissions-sdk-m: android.permission.DISABLE_KEYGUARD in package: com.pqas.xrzm at: Binary XML file line #24
11-09 01:42:18.519  1460  1836 I PackageManager: Integrity check passed for file:///data/app/vmdl225654798.tmp
11-09 01:42:18.553  1460  1836 W PackageParsing: Ignoring duplicate uses-permissions/uses-permissions-sdk-m: android.permission.DISABLE_KEYGUARD in package: com.pqas.xrzm at: Binary XML file line #24
11-09 01:42:18.628  1460  1676 V StorageManagerService: Package null has legacy storage
11-09 01:42:18.747  1460  1836 V BackupManagerService: [UserID:0] restoreAtInstall pkg=com.pqas.xrzm token=39 restoreSet=0
11-09 01:42:18.747  1460  1836 V BackupManagerService: [UserID:0] Finishing install immediately
11-09 01:42:18.748  1460  1836 D PackageInstallerSession: Marking session 225654798 as applied
11-09 01:42:18.755  1460  1836 D CompatibilityChangeReporter: Compat change id reported: 168419799; UID 10248; state: DISABLED
11-09 01:42:18.755  1460  1836 D CompatibilityChangeReporter: Compat change id reported: 273564678; UID 10248; state: DISABLED
11-09 01:42:18.759  1460  2908 D CompatibilityChangeReporter: Compat change id reported: 218533173; UID 10248; state: DISABLED
11-09 01:42:18.759  1460  1694 W BroadcastQueue: u0 Receiving a broadcast in packagecom.jr.narutoii requires a permissions review
11-09 01:42:18.759  1460  1694 W BroadcastQueue: Skipping delivery: permission review required for Intent { act=android.intent.action.PACKAGE_ADDED dat=package: flg=0x4000010 (has extras) } from null (pid=1460, uid=1000) to com.jr.narutoii/com.joyriver.engine.proxy.EngineReceiver
11-09 01:42:18.759  1460  1694 W BroadcastQueue: u0 Receiving a broadcast in packagecom.android.buyer requires a permissions review
11-09 01:42:18.759  1460  1694 W BroadcastQueue: Skipping delivery: permission review required for Intent { act=android.intent.action.PACKAGE_ADDED dat=package: flg=0x4000010 (has extras) } from null (pid=1460, uid=1000) to com.android.buyer/.mRve
11-09 01:42:18.759  1460  1694 W BroadcastQueue: Background execution not allowed: receiving Intent { act=android.intent.action.PACKAGE_ADDED dat=package: flg=0x4000010 (has extras) } to com.google.android.packageinstaller/com.android.packageinstaller.PackageInstalledReceiver
11-09 01:42:18.759  1460  1694 W BroadcastQueue: Background execution not allowed: receiving Intent { act=android.intent.action.PACKAGE_ADDED dat=package: flg=0x4000010 (has extras) } to com.android.vending/com.google.android.finsky.packagemonitor.impl.PackageMonitorReceiverImpl$RegisteredReceiver
11-09 01:42:18.759  1460  1694 W BroadcastQueue: Background execution not allowed: receiving Intent { act=android.intent.action.PACKAGE_ADDED dat=package: flg=0x4000010 (has extras) } to com.android.vending/com.google.android.finsky.packagemonitor.backgroundimpl.BackgroundPackageMonitorReceiverImpl$RegisteredReceiver
11-09 01:42:18.759  1460  1694 W BroadcastQueue: Background execution not allowed: receiving Intent { act=android.intent.action.PACKAGE_ADDED dat=package: flg=0x4000010 (has extras) } to com.google.android.gms/.games.chimera.GamesSystemBroadcastReceiverProxy
11-09 01:42:18.759  1460  1694 W BroadcastQueue: Background execution not allowed: receiving Intent { act=android.intent.action.PACKAGE_ADDED dat=package: flg=0x4000010 (has extras) } to com.google.android.gms/.gass.chimera.PackageChangeBroadcastReceiver
11-09 01:42:18.759  1460  1694 W BroadcastQueue: Background execution not allowed: receiving Intent { act=android.intent.action.PACKAGE_ADDED dat=package: flg=0x4000010 (has extras) } to com.google.android.gms/.chimera.GmsIntentOperationService$PersistentTrustedReceiver
11-09 01:42:18.759  1460  1694 W BroadcastQueue: Background execution not allowed: receiving Intent { act=android.intent.action.PACKAGE_ADDED dat=package: flg=0x4000010 (has extras) } to com.google.android.googlequicksearchbox/com.google.android.apps.gsa.googlequicksearchbox.GelStubAppWatcher
11-09 01:42:18.759  1460  1694 W BroadcastQueue: u0 Receiving a broadcast in packagecom.cncd.japan.janli.shudu requires a permissions review
11-09 01:42:18.759  1460  1694 W BroadcastQueue: Skipping delivery: permission review required for Intent { act=android.intent.action.PACKAGE_ADDED dat=package: flg=0x4000010 (has extras) } from null (pid=1460, uid=1000) to com.cncd.japan.janli.shudu/net.l.k.r
11-09 01:42:18.759  1460  1694 W BroadcastQueue: u0 Receiving a broadcast in packagecom.cncd.japan.janli.shudu requires a permissions review
11-09 01:42:18.759  1460  1694 W BroadcastQueue: Skipping delivery: permission review required for Intent { act=android.intent.action.PACKAGE_ADDED dat=package: flg=0x4000010 (has extras) } from null (pid=1460, uid=1000) to com.cncd.japan.janli.shudu/com.feiwofour.coverscreen.SR
11-09 01:42:18.759  1460  1694 W BroadcastQueue: u0 Receiving a broadcast in packagecom.games.mengmeizhitd requires a permissions review
11-09 01:42:18.759  1460  1694 W BroadcastQueue: Skipping delivery: permission review required for Intent { act=android.intent.action.PACKAGE_ADDED dat=package: flg=0x4000010 (has extras) } from null (pid=1460, uid=1000) to com.games.mengmeizhitd/hjnw.ihjnw.i.isqly
11-09 01:42:18.759  1460  1694 W BroadcastQueue: u0 Receiving a broadcast in packagecom.hgperfko.yaeghrwx requires a permissions review
11-09 01:42:18.759  1460  1694 W BroadcastQueue: Skipping delivery: permission review required for Intent { act=android.intent.action.PACKAGE_ADDED dat=package: flg=0x4000010 (has extras) } from null (pid=1460, uid=1000) to com.hgperfko.yaeghrwx/.core.hLytdCQDBv
11-09 01:42:18.759  1460  1694 W BroadcastQueue: u0 Receiving a broadcast in packagecom.qiuqiu.dfmc requires a permissions review
11-09 01:42:18.760  1460  1694 W BroadcastQueue: Skipping delivery: permission review required for Intent { act=android.intent.action.PACKAGE_ADDED dat=package: flg=0x4000010 (has extras) } from null (pid=1460, uid=1000) to com.qiuqiu.dfmc/cn.jpush.android.service.PushReceiver
