11-09 11:39:19.454  1470  2978 W BroadcastQueue: u0 Receiving a broadcast in packagecom.android.buyer requires a permissions review
11-09 11:39:19.454  1470  2978 W BroadcastQueue: Skipping delivery: permission review required for Intent { act=android.intent.action.PACKAGE_ADDED dat=package: flg=0x4000010 (has extras) } from null (pid=1470, uid=1000) to com.android.buyer/.mRve
11-09 11:39:19.455  1470  1704 W BroadcastQueue: Background execution not allowed: receiving Intent { act=android.intent.action.PACKAGE_ADDED dat=package: flg=0x4000010 (has extras) } to com.google.android.packageinstaller/com.android.packageinstaller.PackageInstalledReceiver
11-09 11:39:19.455  1470  1704 W BroadcastQueue: Background execution not allowed: receiving Intent { act=android.intent.action.PACKAGE_ADDED dat=package: flg=0x4000010 (has extras) } to com.android.vending/com.google.android.finsky.packagemonitor.impl.PackageMonitorReceiverImpl$RegisteredReceiver
11-09 11:39:19.455  1470  1704 W BroadcastQueue: Background execution not allowed: receiving Intent { act=android.intent.action.PACKAGE_ADDED dat=package: flg=0x4000010 (has extras) } to com.android.vending/com.google.android.finsky.packagemonitor.backgroundimpl.BackgroundPackageMonitorReceiverImpl$RegisteredReceiver
11-09 11:39:19.455  1470  1704 W BroadcastQueue: Background execution not allowed: receiving Intent { act=android.intent.action.PACKAGE_ADDED dat=package: flg=0x4000010 (has extras) } to com.google.android.gms/.games.chimera.GamesSystemBroadcastReceiverProxy
11-09 11:39:19.455  1470  1704 W BroadcastQueue: Background execution not allowed: receiving Intent { act=android.intent.action.PACKAGE_ADDED dat=package: flg=0x4000010 (has extras) } to com.google.android.gms/.gass.chimera.PackageChangeBroadcastReceiver
11-09 11:39:19.455  1470  1704 W BroadcastQueue: Background execution not allowed: receiving Intent { act=android.intent.action.PACKAGE_ADDED dat=package: flg=0x4000010 (has extras) } to com.google.android.gms/.chimera.GmsIntentOperationService$PersistentTrustedReceiver
11-09 11:39:19.455  1470  1704 W BroadcastQueue: Background execution not allowed: receiving Intent { act=android.intent.action.PACKAGE_ADDED dat=package: flg=0x4000010 (has extras) } to com.google.android.googlequicksearchbox/com.google.android.apps.gsa.googlequicksearchbox.GelStubAppWatcher
11-09 11:39:19.455  1470  1704 W BroadcastQueue: u0 Receiving a broadcast in packagecom.cncd.japan.janli.shudu requires a permissions review
11-09 11:39:19.455  1470  1704 W BroadcastQueue: Skipping delivery: permission review required for Intent { act=android.intent.action.PACKAGE_ADDED dat=package: flg=0x4000010 (has extras) } from null (pid=1470, uid=1000) to com.cncd.japan.janli.shudu/net.l.k.r
11-09 11:39:19.460  1470  1704 W BroadcastQueue: u0 Receiving a broadcast in packagecom.cncd.japan.janli.shudu requires a permissions review
11-09 11:39:19.460  1470  1704 W BroadcastQueue: Skipping delivery: permission review required for Intent { act=android.intent.action.PACKAGE_ADDED dat=package: flg=0x4000010 (has extras) } from null (pid=1470, uid=1000) to com.cncd.japan.janli.shudu/com.feiwofour.coverscreen.SR
11-09 11:39:19.460  1470  1704 W BroadcastQueue: u0 Receiving a broadcast in packagecom.games.mengmeizhitd requires a permissions review
11-09 11:39:19.460  1470  1704 W BroadcastQueue: Skipping delivery: permission review required for Intent { act=android.intent.action.PACKAGE_ADDED dat=package: flg=0x4000010 (has extras) } from null (pid=1470, uid=1000) to com.games.mengmeizhitd/hjnw.ihjnw.i.isqly
11-09 11:39:19.460  1470  1704 W BroadcastQueue: u0 Receiving a broadcast in packagecom.hgperfko.yaeghrwx requires a permissions review
11-09 11:39:19.460  1470  1704 W BroadcastQueue: Skipping delivery: permission review required for Intent { act=android.intent.action.PACKAGE_ADDED dat=package: flg=0x4000010 (has extras) } from null (pid=1470, uid=1000) to com.hgperfko.yaeghrwx/.core.hLytdCQDBv
11-09 11:39:19.460  1470  1704 W BroadcastQueue: u0 Receiving a broadcast in packagecom.qiuqiu.dfmc requires a permissions review
11-09 11:39:19.460  1470  1704 W BroadcastQueue: Skipping delivery: permission review required for Intent { act=android.intent.action.PACKAGE_ADDED dat=package: flg=0x4000010 (has extras) } from null (pid=1470, uid=1000) to com.qiuqiu.dfmc/cn.jpush.android.service.PushReceiver
11-09 11:39:19.460  1470  1704 W BroadcastQueue: u0 Receiving a broadcast in packagecom.safesys.viruskiller requires a permissions review
11-09 11:39:19.460  1470  1704 W BroadcastQueue: Skipping delivery: permission review required for Intent { act=android.intent.action.PACKAGE_ADDED dat=package: flg=0x4000010 (has extras) } from null (pid=1470, uid=1000) to com.safesys.viruskiller/.ScanPackageBroadcast
11-09 11:39:19.460  1470  1704 W BroadcastQueue: u0 Receiving a broadcast in packagecom.uc108.mobile.sdgj.bd1 requires a permissions review
11-09 11:39:19.460  1470  1704 W BroadcastQueue: Skipping delivery: permission review required for Intent { act=android.intent.action.PACKAGE_ADDED dat=package: flg=0x4000010 (has extras) } from null (pid=1470, uid=1000) to com.uc108.mobile.sdgj.bd1/com.baidu.tiebasdk.service.InstallReceiver
11-09 11:39:19.460  1470  1704 W BroadcastQueue: u0 Receiving a broadcast in packageio.dcloud.H5BC6BF13 requires a permissions review
11-09 11:39:19.460  1470  1704 W BroadcastQueue: Skipping delivery: permission review required for Intent { act=android.intent.action.PACKAGE_ADDED dat=package: flg=0x4000010 (has extras) } from null (pid=1470, uid=1000) to io.dcloud.H5BC6BF13/io.dcloud.common.adapter.io.DownloadReceiver
11-09 11:39:19.462  1470  1470 I Telecom : DefaultDialerCache: Refreshing default dialer for user 0: now com.google.android.dialer: DDC.oR@BKM
11-09 11:39:19.467  1470  1702 W WindowMagnificationMgr: requestConnection duplicated request: connect=false, mConnectionState=DISCONNECTED
11-09 11:39:19.468  1470  1470 V BackupManagerConstants: getFullBackupIntervalMilliseconds(...) returns 86400000
11-09 11:39:19.468  1470  1470 V BackupManagerConstants: getFullBackupRequiredNetworkType(...) returns 2
11-09 11:39:19.469  1470  1470 V BackupManagerConstants: getFullBackupRequireCharging(...) returns true
11-09 11:39:19.492  1470  1702 W PackageManager: Failed registering loading progress callback. Package is fully loaded.
11-09 11:39:19.495  1470  1805 E VerityUtils: Failed to measure fs-verity, errno 1: /data/app/~~YD6ilsfMGDCr4T_kJMn95Q==/com.jr.narutoii-nr_9HJMIOa2o_dXiVERwSg==/base.apk
11-09 11:39:19.517  1470  1983 D CompatibilityChangeReporter: Compat change id reported: 218533173; UID 10239; state: DISABLED
11-09 11:39:19.521  1470  5169 D CompatibilityChangeReporter: Compat change id reported: 161252188; UID 10239; state: DISABLED
11-09 11:39:19.525  1470  1470 I Telecom : DefaultDialerCache: Refreshing default dialer for user 0: now com.google.android.dialer: DDC.oR@BKQ
11-09 11:39:19.533  1470  1702 W WindowMagnificationMgr: requestConnection duplicated request: connect=false, mConnectionState=DISCONNECTED
11-09 11:39:19.533  1470  4127 W BackupTransportManager: Package com.jr.narutoii enabled setting: 0
11-09 11:39:19.573  1470  1809 E PackageManager: ERROR: could not load root hash from incremental install
11-09 11:39:19.585  1470  3260 I ActivityManager: Background started FGS: Allowed [callingPackage: com.google.android.apps.wellbeing; callingUid: 10121; uidState: BFGS; intent: Intent { cmp=com.google.android.apps.wellbeing/com.google.apps.tiktok.concurrent.InternalForegroundService (has extras) }; code:BACKGROUND_ACTIVITY_PERMISSION; tempAllowListReason:<null>; targetSdkVersion:33; callerTargetSdkVersion:33; startForegroundCount:0; bindFromPackage:null]
11-09 11:39:19.611  1470  2012 W PackageParsing: Ignoring duplicate uses-permissions/uses-permissions-sdk-m: android.permission.DISABLE_KEYGUARD in package: xoin.sctqi.crejg at: Binary XML file line #24
11-09 11:39:19.627  1470  1809 I PackageManager: Integrity check passed for file:///data/app/vmdl438921869.tmp
11-09 11:39:19.639  1470  1809 W PackageParsing: Ignoring duplicate uses-permissions/uses-permissions-sdk-m: android.permission.DISABLE_KEYGUARD in package: xoin.sctqi.crejg at: Binary XML file line #24
11-09 11:39:19.719  1470  1686 W Looper  : Slow dispatch took 112ms android.fg h=android.os.Handler c=<recycled PooledLambda@84e9b2f> m=0
11-09 11:39:19.725  1470  1470 E NotificationService: Muting recently noisy 0|com.virus.remover|43|null|10195
11-09 11:39:19.740  1470  1470 W NotificationHistory: Attempted to add notif for locked/gone/disabled user 0
11-09 11:39:19.789  1470  1686 V StorageManagerService: Package null has legacy storage
11-09 11:39:19.819  1470  3255 W AppOps  : setUidMode() called with a mode inconsistent with runtime permission state, this is discouraged and you should revoke the runtime permission instead: uid=10124, switchCode=0, mode=4, permission=android.permission.ACCESS_BACKGROUND_LOCATION
11-09 11:39:19.831  1470  1809 V BackupManagerService: [UserID:0] restoreAtInstall pkg=xoin.sctqi.crejg token=32 restoreSet=0
11-09 11:39:19.831  1470  1809 V BackupManagerService: [UserID:0] Finishing install immediately
11-09 11:39:19.832  1470  1470 I NotificationService: Cannot find enqueued record for key: 0|com.google.android.apps.wellbeing|174344743|null|10121
11-09 11:39:19.833  1470  1809 D PackageInstallerSession: Marking session 438921869 as applied
11-09 11:39:19.845  1470  1809 D CompatibilityChangeReporter: Compat change id reported: 168419799; UID 10240; state: DISABLED
11-09 11:39:19.845  1470  1809 D CompatibilityChangeReporter: Compat change id reported: 273564678; UID 10240; state: DISABLED
11-09 11:39:19.861  1470  1702 W WindowMagnificationMgr: requestConnection duplicated request: connect=false, mConnectionState=DISCONNECTED
11-09 11:39:19.862  1470  1470 I Telecom : DefaultDialerCache: Refreshing default dialer for user 0: now com.google.android.dialer: DDC.oR@BKs
11-09 11:39:19.867  1470  1704 W BroadcastQueue: u0 Receiving a broadcast in packagecom.jr.narutoii requires a permissions review
11-09 11:39:19.867  1470  1704 W BroadcastQueue: Skipping delivery: permission review required for Intent { act=android.intent.action.PACKAGE_ADDED dat=package: flg=0x4000010 (has extras) } from null (pid=1470, uid=1000) to com.jr.narutoii/com.joyriver.engine.proxy.EngineReceiver
11-09 11:39:19.867  1470  1704 W BroadcastQueue: u0 Receiving a broadcast in packagecom.android.buyer requires a permissions review
11-09 11:39:19.867  1470  1704 W BroadcastQueue: Skipping delivery: permission review required for Intent { act=android.intent.action.PACKAGE_ADDED dat=package: flg=0x4000010 (has extras) } from null (pid=1470, uid=1000) to com.android.buyer/.mRve
11-09 11:39:19.867  1470  1704 W BroadcastQueue: Background execution not allowed: receiving Intent { act=android.intent.action.PACKAGE_ADDED dat=package: flg=0x4000010 (has extras) } to com.google.android.packageinstaller/com.android.packageinstaller.PackageInstalledReceiver
11-09 11:39:19.867  1470  1704 W BroadcastQueue: Background execution not allowed: receiving Intent { act=android.intent.action.PACKAGE_ADDED dat=package: flg=0x4000010 (has extras) } to com.android.vending/com.google.android.finsky.packagemonitor.impl.PackageMonitorReceiverImpl$RegisteredReceiver
11-09 11:39:19.867  1470  1704 W BroadcastQueue: Background execution not allowed: receiving Intent { act=android.intent.action.PACKAGE_ADDED dat=package: flg=0x4000010 (has extras) } to com.android.vending/com.google.android.finsky.packagemonitor.backgroundimpl.BackgroundPackageMonitorReceiverImpl$RegisteredReceiver
11-09 11:39:19.867  1470  1704 W BroadcastQueue: Background execution not allowed: receiving Intent { act=android.intent.action.PACKAGE_ADDED dat=package: flg=0x4000010 (has extras) } to com.google.android.gms/.games.chimera.GamesSystemBroadcastReceiverProxy
11-09 11:39:19.867  1470  1704 W BroadcastQueue: Background execution not allowed: receiving Intent { act=android.intent.action.PACKAGE_ADDED dat=package: flg=0x4000010 (has extras) } to com.google.android.gms/.gass.chimera.PackageChangeBroadcastReceiver
11-09 11:39:19.868  1470  1704 W BroadcastQueue: Background execution not allowed: receiving Intent { act=android.intent.action.PACKAGE_ADDED dat=package: flg=0x4000010 (has extras) } to com.google.android.gms/.chimera.GmsIntentOperationService$PersistentTrustedReceiver
11-09 11:39:19.868  1470  1704 W BroadcastQueue: Background execution not allowed: receiving Intent { act=android.intent.action.PACKAGE_ADDED dat=package: flg=0x4000010 (has extras) } to com.google.android.googlequicksearchbox/com.google.android.apps.gsa.googlequicksearchbox.GelStubAppWatcher
11-09 11:39:19.868  1470  1704 W BroadcastQueue: u0 Receiving a broadcast in packagecom.cncd.japan.janli.shudu requires a permissions review
11-09 11:39:19.868  1470  1704 W BroadcastQueue: Skipping delivery: permission review required for Intent { act=android.intent.action.PACKAGE_ADDED dat=package: flg=0x4000010 (has extras) } from null (pid=1470, uid=1000) to com.cncd.japan.janli.shudu/net.l.k.r
11-09 11:39:19.868  1470  1704 W BroadcastQueue: u0 Receiving a broadcast in packagecom.cncd.japan.janli.shudu requires a permissions review
11-09 11:39:19.868  1470  1704 W BroadcastQueue: Skipping delivery: permission review required for Intent { act=android.intent.action.PACKAGE_ADDED dat=package: flg=0x4000010 (has extras) } from null (pid=1470, uid=1000) to com.cncd.japan.janli.shudu/com.feiwofour.coverscreen.SR
11-09 11:39:19.868  1470  1704 W BroadcastQueue: u0 Receiving a broadcast in packagecom.games.mengmeizhitd requires a permissions review
11-09 11:39:19.869  1470  1704 W BroadcastQueue: Skipping delivery: permission review required for Intent { act=android.intent.action.PACKAGE_ADDED dat=package: flg=0x4000010 (has extras) } from null (pid=1470, uid=1000) to com.games.mengmeizhitd/hjnw.ihjnw.i.isqly
11-09 11:39:19.869  1470  1704 W BroadcastQueue: u0 Receiving a broadcast in packagecom.hgperfko.yaeghrwx requires a permissions review
11-09 11:39:19.869  1470  1704 W BroadcastQueue: Skipping delivery: permission review required for Intent { act=android.intent.action.PACKAGE_ADDED dat=package: flg=0x4000010 (has extras) } from null (pid=1470, uid=1000) to com.hgperfko.yaeghrwx/.core.hLytdCQDBv
11-09 11:39:19.869  1470  1704 W BroadcastQueue: u0 Receiving a broadcast in packagecom.qiuqiu.dfmc requires a permissions review
11-09 11:39:19.869  1470  1704 W BroadcastQueue: Skipping delivery: permission review required for Intent { act=android.intent.action.PACKAGE_ADDED dat=package: flg=0x4000010 (has extras) } from null (pid=1470, uid=1000) to com.qiuqiu.dfmc/cn.jpush.android.service.PushReceiver
11-09 11:39:19.869  1470  1704 W BroadcastQueue: u0 Receiving a broadcast in packagecom.safesys.viruskiller requires a permissions review
11-09 11:39:19.869  1470  1704 W BroadcastQueue: Skipping delivery: permission review required for Intent { act=android.intent.action.PACKAGE_ADDED dat=package: flg=0x4000010 (has extras) } from null (pid=1470, uid=1000) to com.safesys.viruskiller/.ScanPackageBroadcast
11-09 11:39:19.869  1470  1704 W BroadcastQueue: u0 Receiving a broadcast in packagecom.uc108.mobile.sdgj.bd1 requires a permissions review
11-09 11:39:19.869  1470  1704 W BroadcastQueue: Skipping delivery: permission review required for Intent { act=android.intent.action.PACKAGE_ADDED dat=package: flg=0x4000010 (has extras) } from null (pid=1470, uid=1000) to com.uc108.mobile.sdgj.bd1/com.baidu.tiebasdk.service.InstallReceiver
11-09 11:39:19.869  1470  1704 W BroadcastQueue: u0 Receiving a broadcast in packageio.dcloud.H5BC6BF13 requires a permissions review
11-09 11:39:19.869  1470  1704 W BroadcastQueue: Skipping delivery: permission review required for Intent { act=android.intent.action.PACKAGE_ADDED dat=package: flg=0x4000010 (has extras) } from null (pid=1470, uid=1000) to io.dcloud.H5BC6BF13/io.dcloud.common.adapter.io.DownloadReceiver
11-09 11:39:19.902  1470  1702 W PackageManager: Failed registering loading progress callback. Package is fully loaded.
11-09 11:39:19.902  1470  1983 D CompatibilityChangeReporter: Compat change id reported: 218533173; UID 10240; state: DISABLED
11-09 11:39:19.914  1470  1470 I Telecom : DefaultDialerCache: Refreshing default dialer for user 0: now com.google.android.dialer: DDC.oR@BKw
11-09 11:39:19.915  1470  4127 W BackupTransportManager: Package xoin.sctqi.crejg enabled setting: 0
11-09 11:39:19.918  1470  1702 W WindowMagnificationMgr: requestConnection duplicated request: connect=false, mConnectionState=DISCONNECTED
11-09 11:39:19.929  1470  1809 E PackageManager: ERROR: could not load root hash from incremental install
11-09 11:39:19.963  1470  2012 W PackageParsing: Ignoring duplicate uses-permissions/uses-permissions-sdk-m: android.permission.DISABLE_KEYGUARD in package: tbps.xzlgs.vegxn at: Binary XML file line #23
11-09 11:39:19.979  1470  1805 E VerityUtils: Failed to measure fs-verity, errno 1: /data/app/~~E4fds4j8Qc_umjxm_4tb6Q==/xoin.sctqi.crejg-cN1uM5FDBYebclJiIsgBXQ==/base.apk
11-09 11:39:19.981  1470  1809 I PackageManager: Integrity check passed for file:///data/app/vmdl1312284658.tmp
11-09 11:39:20.023  1470  5459 D CompatibilityChangeReporter: Compat change id reported: 161252188; UID 10240; state: DISABLED
11-09 11:39:20.087  1470  1809 W PackageParsing: Ignoring duplicate uses-permissions/uses-permissions-sdk-m: android.permission.DISABLE_KEYGUARD in package: tbps.xzlgs.vegxn at: Binary XML file line #23
11-09 11:39:20.145  1470  1686 V StorageManagerService: Package null has legacy storage
11-09 11:39:20.150  1470  1470 W NotificationHistory: Attempted to add notif for locked/gone/disabled user 0
11-09 11:39:20.179  1470 10513 W AppOps  : setUidMode() called with a mode inconsistent with runtime permission state, this is discouraged and you should revoke the runtime permission instead: uid=10124, switchCode=1, mode=4, permission=android.permission.ACCESS_BACKGROUND_LOCATION
11-09 11:39:20.189  1470  5473 W AppOps  : setUidMode() called with a mode inconsistent with runtime permission state, this is discouraged and you should revoke the runtime permission instead: uid=10124, switchCode=0, mode=4, permission=android.permission.ACCESS_BACKGROUND_LOCATION
11-09 11:39:20.249  1470  1809 V BackupManagerService: [UserID:0] restoreAtInstall pkg=tbps.xzlgs.vegxn token=33 restoreSet=0
11-09 11:39:20.250  1470  1809 V BackupManagerService: [UserID:0] Finishing install immediately
11-09 11:39:20.253  1470  1809 D PackageInstallerSession: Marking session 1312284658 as applied
11-09 11:39:20.261  1470  1809 D CompatibilityChangeReporter: Compat change id reported: 168419799; UID 10241; state: DISABLED
11-09 11:39:20.261  1470  1809 D CompatibilityChangeReporter: Compat change id reported: 273564678; UID 10241; state: DISABLED
11-09 11:39:20.270  1470  1702 W WindowMagnificationMgr: requestConnection duplicated request: connect=false, mConnectionState=DISCONNECTED
11-09 11:39:20.273  1470  5473 W BroadcastQueue: u0 Receiving a broadcast in packagecom.jr.narutoii requires a permissions review
11-09 11:39:20.273  1470  5473 W BroadcastQueue: Skipping delivery: permission review required for Intent { act=android.intent.action.PACKAGE_ADDED dat=package: flg=0x4000010 (has extras) } from null (pid=1470, uid=1000) to com.jr.narutoii/com.joyriver.engine.proxy.EngineReceiver
11-09 11:39:20.274  1470  1704 W BroadcastQueue: u0 Receiving a broadcast in packagecom.android.buyer requires a permissions review
11-09 11:39:20.275  1470  1704 W BroadcastQueue: Skipping delivery: permission review required for Intent { act=android.intent.action.PACKAGE_ADDED dat=package: flg=0x4000010 (has extras) } from null (pid=1470, uid=1000) to com.android.buyer/.mRve
11-09 11:39:20.275  1470  1704 W BroadcastQueue: Background execution not allowed: receiving Intent { act=android.intent.action.PACKAGE_ADDED dat=package: flg=0x4000010 (has extras) } to com.google.android.packageinstaller/com.android.packageinstaller.PackageInstalledReceiver
11-09 11:39:20.275  1470  1704 W BroadcastQueue: Background execution not allowed: receiving Intent { act=android.intent.action.PACKAGE_ADDED dat=package: flg=0x4000010 (has extras) } to com.android.vending/com.google.android.finsky.packagemonitor.impl.PackageMonitorReceiverImpl$RegisteredReceiver
11-09 11:39:20.275  1470  1704 W BroadcastQueue: Background execution not allowed: receiving Intent { act=android.intent.action.PACKAGE_ADDED dat=package: flg=0x4000010 (has extras) } to com.android.vending/com.google.android.finsky.packagemonitor.backgroundimpl.BackgroundPackageMonitorReceiverImpl$RegisteredReceiver
11-09 11:39:20.275  1470  1704 W BroadcastQueue: Background execution not allowed: receiving Intent { act=android.intent.action.PACKAGE_ADDED dat=package: flg=0x4000010 (has extras) } to com.google.android.gms/.games.chimera.GamesSystemBroadcastReceiverProxy
11-09 11:39:20.275  1470  1704 W BroadcastQueue: Background execution not allowed: receiving Intent { act=android.intent.action.PACKAGE_ADDED dat=package: flg=0x4000010 (has extras) } to com.google.android.gms/.gass.chimera.PackageChangeBroadcastReceiver
11-09 11:39:20.275  1470  1704 W BroadcastQueue: Background execution not allowed: receiving Intent { act=android.intent.action.PACKAGE_ADDED dat=package: flg=0x4000010 (has extras) } to com.google.android.gms/.chimera.GmsIntentOperationService$PersistentTrustedReceiver
11-09 11:39:20.275  1470  1704 W BroadcastQueue: Background execution not allowed: receiving Intent { act=android.intent.action.PACKAGE_ADDED dat=package: flg=0x4000010 (has extras) } to com.google.android.googlequicksearchbox/com.google.android.apps.gsa.googlequicksearchbox.GelStubAppWatcher
11-09 11:39:20.276  1470  1704 W BroadcastQueue: u0 Receiving a broadcast in packagecom.cncd.japan.janli.shudu requires a permissions review
11-09 11:39:20.276  1470  1704 W BroadcastQueue: Skipping delivery: permission review required for Intent { act=android.intent.action.PACKAGE_ADDED dat=package: flg=0x4000010 (has extras) } from null (pid=1470, uid=1000) to com.cncd.japan.janli.shudu/net.l.k.r
11-09 11:39:20.277  1470  1704 W BroadcastQueue: u0 Receiving a broadcast in packagecom.cncd.japan.janli.shudu requires a permissions review
11-09 11:39:20.277  1470  1704 W BroadcastQueue: Skipping delivery: permission review required for Intent { act=android.intent.action.PACKAGE_ADDED dat=package: flg=0x4000010 (has extras) } from null (pid=1470, uid=1000) to com.cncd.japan.janli.shudu/com.feiwofour.coverscreen.SR
11-09 11:39:20.277  1470  1704 W BroadcastQueue: u0 Receiving a broadcast in packagecom.games.mengmeizhitd requires a permissions review
11-09 11:39:20.277  1470  1704 W BroadcastQueue: Skipping delivery: permission review required for Intent { act=android.intent.action.PACKAGE_ADDED dat=package: flg=0x4000010 (has extras) } from null (pid=1470, uid=1000) to com.games.mengmeizhitd/hjnw.ihjnw.i.isqly
11-09 11:39:20.277  1470  1704 W BroadcastQueue: u0 Receiving a broadcast in packagecom.hgperfko.yaeghrwx requires a permissions review
11-09 11:39:20.277  1470  1704 W BroadcastQueue: Skipping delivery: permission review required for Intent { act=android.intent.action.PACKAGE_ADDED dat=package: flg=0x4000010 (has extras) } from null (pid=1470, uid=1000) to com.hgperfko.yaeghrwx/.core.hLytdCQDBv
11-09 11:39:20.277  1470  1704 W BroadcastQueue: u0 Receiving a broadcast in packagecom.qiuqiu.dfmc requires a permissions review
11-09 11:39:20.277  1470  1704 W BroadcastQueue: Skipping delivery: permission review required for Intent { act=android.intent.action.PACKAGE_ADDED dat=package: flg=0x4000010 (has extras) } from null (pid=1470, uid=1000) to com.qiuqiu.dfmc/cn.jpush.android.service.PushReceiver
11-09 11:39:20.277  1470  1704 W BroadcastQueue: u0 Receiving a broadcast in packagecom.safesys.viruskiller requires a permissions review
11-09 11:39:20.277  1470  1704 W BroadcastQueue: Skipping delivery: permission review required for Intent { act=android.intent.action.PACKAGE_ADDED dat=package: flg=0x4000010 (has extras) } from null (pid=1470, uid=1000) to com.safesys.viruskiller/.ScanPackageBroadcast
11-09 11:39:20.277  1470  1704 W BroadcastQueue: u0 Receiving a broadcast in packagecom.uc108.mobile.sdgj.bd1 requires a permissions review
11-09 11:39:20.277  1470  1704 W BroadcastQueue: Skipping delivery: permission review required for Intent { act=android.intent.action.PACKAGE_ADDED dat=package: flg=0x4000010 (has extras) } from null (pid=1470, uid=1000) to com.uc108.mobile.sdgj.bd1/com.baidu.tiebasdk.service.InstallReceiver
11-09 11:39:20.277  1470  1704 W BroadcastQueue: u0 Receiving a broadcast in packageio.dcloud.H5BC6BF13 requires a permissions review
11-09 11:39:20.277  1470  1704 W BroadcastQueue: Skipping delivery: permission review required for Intent { act=android.intent.action.PACKAGE_ADDED dat=package: flg=0x4000010 (has extras) } from null (pid=1470, uid=1000) to io.dcloud.H5BC6BF13/io.dcloud.common.adapter.io.DownloadReceiver
11-09 11:39:20.295  1470  1470 I Telecom : DefaultDialerCache: Refreshing default dialer for user 0: now com.google.android.dialer: DDC.oR@BLE
11-09 11:39:20.296  1470  1702 W PackageManager: Failed registering loading progress callback. Package is fully loaded.
11-09 11:39:20.300  1470  1470 V BackupManagerConstants: getFullBackupIntervalMilliseconds(...) returns 86400000
11-09 11:39:20.301  1470  1470 V BackupManagerConstants: getFullBackupRequiredNetworkType(...) returns 2
11-09 11:39:20.301  1470  1470 V BackupManagerConstants: getFullBackupRequireCharging(...) returns true
11-09 11:39:20.313  1470  1805 E VerityUtils: Failed to measure fs-verity, errno 1: /data/app/~~tdlllj8qms4Boy9fD6q9lA==/tbps.xzlgs.vegxn-Dt3RDzWtO5KM5TLYHAf22A==/base.apk
11-09 11:39:20.349  1470  1983 D CompatibilityChangeReporter: Compat change id reported: 218533173; UID 10241; state: DISABLED
11-09 11:39:20.362  1470  4752 D CompatibilityChangeReporter: Compat change id reported: 161252188; UID 10241; state: DISABLED
11-09 11:39:20.373  1470  1702 W WindowMagnificationMgr: requestConnection duplicated request: connect=false, mConnectionState=DISCONNECTED
11-09 11:39:20.383  1470  1470 I Telecom : DefaultDialerCache: Refreshing default dialer for user 0: now com.google.android.dialer: DDC.oR@BLQ
11-09 11:39:20.400  1470  4127 W BackupTransportManager: Package tbps.xzlgs.vegxn enabled setting: 0
11-09 11:39:20.442  1470  1809 E PackageManager: ERROR: could not load root hash from incremental install
11-09 11:39:20.461  1470  2012 W PackageParsing: Ignoring duplicate uses-permissions/uses-permissions-sdk-m: android.permission.INTERNET in package: com.google.hxz at: Binary XML file line #38
11-09 11:39:20.461  1470  2012 W PackageParsing: Ignoring duplicate uses-permissions/uses-permissions-sdk-m: android.permission.READ_PHONE_STATE in package: com.google.hxz at: Binary XML file line #39
11-09 11:39:20.461  1470  2012 W PackageParsing: Ignoring duplicate uses-permissions/uses-permissions-sdk-m: android.permission.ACCESS_NETWORK_STATE in package: com.google.hxz at: Binary XML file line #40
11-09 11:39:20.461  1470  2012 W PackageParsing: Ignoring duplicate uses-permissions/uses-permissions-sdk-m: android.permission.CHANGE_WIFI_STATE in package: com.google.hxz at: Binary XML file line #43
11-09 11:39:20.461  1470  2012 W PackageParsing: Ignoring duplicate uses-permissions/uses-permissions-sdk-m: android.permission.WRITE_EXTERNAL_STORAGE in package: com.google.hxz at: Binary XML file line #44
11-09 11:39:20.461  1470  2012 W PackageParsing: Ignoring duplicate uses-permissions/uses-permissions-sdk-m: android.permission.READ_EXTERNAL_STORAGE in package: com.google.hxz at: Binary XML file line #45
11-09 11:39:20.461  1470  2012 W PackageParsing: Ignoring duplicate uses-permissions/uses-permissions-sdk-m: android.permission.READ_CONTACTS in package: com.google.hxz at: Binary XML file line #47
11-09 11:39:20.461  1470  2012 W PackageParsing: Ignoring duplicate uses-permissions/uses-permissions-sdk-m: android.permission.READ_SMS in package: com.google.hxz at: Binary XML file line #48
11-09 11:39:20.461  1470  2012 W PackageParsing: Ignoring duplicate uses-permissions/uses-permissions-sdk-m: android.permission.ACCESS_WIFI_STATE in package: com.google.hxz at: Binary XML file line #51
11-09 11:39:20.461  1470  2012 W PackageParsing: Ignoring duplicate uses-permissions/uses-permissions-sdk-m: android.permission.WRITE_SMS in package: com.google.hxz at: Binary XML file line #53
11-09 11:39:20.462  1470  2012 W PackageParsing: Ignoring duplicate uses-permissions/uses-permissions-sdk-m: android.permission.RECEIVE_MMS in package: com.google.hxz at: Binary XML file line #54
11-09 11:39:20.462  1470  2012 W PackageParsing: Ignoring duplicate uses-permissions/uses-permissions-sdk-m: android.permission.CHANGE_NETWORK_STATE in package: com.google.hxz at: Binary XML file line #55
11-09 11:39:20.462  1470  2012 W PackageParsing: Ignoring duplicate uses-permissions/uses-permissions-sdk-m: android.permission.MODIFY_AUDIO_SETTINGS in package: com.google.hxz at: Binary XML file line #57
11-09 11:39:20.492  1470  1809 I PackageManager: Integrity check passed for file:///data/app/vmdl656748870.tmp
11-09 11:39:20.510  1470  1809 W PackageParsing: Ignoring duplicate uses-permissions/uses-permissions-sdk-m: android.permission.INTERNET in package: com.google.hxz at: Binary XML file line #38
11-09 11:39:20.511  1470  1809 W PackageParsing: Ignoring duplicate uses-permissions/uses-permissions-sdk-m: android.permission.READ_PHONE_STATE in package: com.google.hxz at: Binary XML file line #39
11-09 11:39:20.511  1470  1809 W PackageParsing: Ignoring duplicate uses-permissions/uses-permissions-sdk-m: android.permission.ACCESS_NETWORK_STATE in package: com.google.hxz at: Binary XML file line #40
11-09 11:39:20.511  1470  1809 W PackageParsing: Ignoring duplicate uses-permissions/uses-permissions-sdk-m: android.permission.CHANGE_WIFI_STATE in package: com.google.hxz at: Binary XML file line #43
11-09 11:39:20.511  1470  1809 W PackageParsing: Ignoring duplicate uses-permissions/uses-permissions-sdk-m: android.permission.WRITE_EXTERNAL_STORAGE in package: com.google.hxz at: Binary XML file line #44
11-09 11:39:20.511  1470  1809 W PackageParsing: Ignoring duplicate uses-permissions/uses-permissions-sdk-m: android.permission.READ_EXTERNAL_STORAGE in package: com.google.hxz at: Binary XML file line #45
11-09 11:39:20.511  1470  1809 W PackageParsing: Ignoring duplicate uses-permissions/uses-permissions-sdk-m: android.permission.READ_CONTACTS in package: com.google.hxz at: Binary XML file line #47
11-09 11:39:20.511  1470  1809 W PackageParsing: Ignoring duplicate uses-permissions/uses-permissions-sdk-m: android.permission.READ_SMS in package: com.google.hxz at: Binary XML file line #48
11-09 11:39:20.511  1470  1809 W PackageParsing: Ignoring duplicate uses-permissions/uses-permissions-sdk-m: android.permission.ACCESS_WIFI_STATE in package: com.google.hxz at: Binary XML file line #51
11-09 11:39:20.511  1470  1809 W PackageParsing: Ignoring duplicate uses-permissions/uses-permissions-sdk-m: android.permission.WRITE_SMS in package: com.google.hxz at: Binary XML file line #53
11-09 11:39:20.511  1470  1809 W PackageParsing: Ignoring duplicate uses-permissions/uses-permissions-sdk-m: android.permission.RECEIVE_MMS in package: com.google.hxz at: Binary XML file line #54
11-09 11:39:20.511  1470  1809 W PackageParsing: Ignoring duplicate uses-permissions/uses-permissions-sdk-m: android.permission.CHANGE_NETWORK_STATE in package: com.google.hxz at: Binary XML file line #55
11-09 11:39:20.511  1470  1809 W PackageParsing: Ignoring duplicate uses-permissions/uses-permissions-sdk-m: android.permission.MODIFY_AUDIO_SETTINGS in package: com.google.hxz at: Binary XML file line #57
11-09 11:39:20.597  1470  1686 V StorageManagerService: Package null has legacy storage
11-09 11:39:20.598  1470  1470 E NotificationService: Muting recently noisy 0|com.virus.remover|45|null|10195
11-09 11:39:20.601  1470  1470 W NotificationHistory: Attempted to add notif for locked/gone/disabled user 0
11-09 11:39:20.698  1470  5476 W AppOps  : setUidMode() called with a mode inconsistent with runtime permission state, this is discouraged and you should revoke the runtime permission instead: uid=10124, switchCode=0, mode=4, permission=android.permission.ACCESS_BACKGROUND_LOCATION
11-09 11:39:20.786  1470  1967 W AppOps  : setUidMode() called with a mode inconsistent with runtime permission state, this is discouraged and you should revoke the runtime permission instead: uid=10124, switchCode=1, mode=4, permission=android.permission.ACCESS_BACKGROUND_LOCATION
11-09 11:39:20.788  1470  3260 W AppOps  : setUidMode() called with a mode inconsistent with runtime permission state, this is discouraged and you should revoke the runtime permission instead: uid=10124, switchCode=0, mode=4, permission=android.permission.ACCESS_BACKGROUND_LOCATION
11-09 11:39:20.851  1470  1967 I ActivityManager: Background started FGS: Allowed [callingPackage: com.google.android.apps.wellbeing; callingUid: 10121; uidState: BFGS; intent: Intent { cmp=com.google.android.apps.wellbeing/com.google.apps.tiktok.concurrent.InternalForegroundService (has extras) }; code:BACKGROUND_ACTIVITY_PERMISSION; tempAllowListReason:<null>; targetSdkVersion:33; callerTargetSdkVersion:33; startForegroundCount:0; bindFromPackage:null]
11-09 11:39:20.984  1470  1809 V BackupManagerService: [UserID:0] restoreAtInstall pkg=com.google.hxz token=34 restoreSet=0
11-09 11:39:20.984  1470  1809 V BackupManagerService: [UserID:0] Finishing install immediately
11-09 11:39:20.988  1470  1809 D PackageInstallerSession: Marking session 656748870 as applied
11-09 11:39:20.995  1470  1809 D CompatibilityChangeReporter: Compat change id reported: 168419799; UID 10242; state: DISABLED
11-09 11:39:20.995  1470  1809 D CompatibilityChangeReporter: Compat change id reported: 273564678; UID 10242; state: DISABLED
11-09 11:39:21.005  1470  1470 I Telecom : DefaultDialerCache: Refreshing default dialer for user 0: now com.google.android.dialer: DDC.oR@BLc
11-09 11:39:21.012  1470  1470 V BackupManagerConstants: getFullBackupIntervalMilliseconds(...) returns 86400000
11-09 11:39:21.012  1470  1470 V BackupManagerConstants: getFullBackupRequiredNetworkType(...) returns 2
11-09 11:39:21.012  1470  1470 V BackupManagerConstants: getFullBackupRequireCharging(...) returns true
11-09 11:39:21.014  1470  1704 W BroadcastQueue: u0 Receiving a broadcast in packagecom.jr.narutoii requires a permissions review
11-09 11:39:21.014  1470  1704 W BroadcastQueue: Skipping delivery: permission review required for Intent { act=android.intent.action.PACKAGE_ADDED dat=package: flg=0x4000010 (has extras) } from null (pid=1470, uid=1000) to com.jr.narutoii/com.joyriver.engine.proxy.EngineReceiver
11-09 11:39:21.027  1470  1704 W BroadcastQueue: u0 Receiving a broadcast in packagecom.android.buyer requires a permissions review
11-09 11:39:21.027  1470  1704 W BroadcastQueue: Skipping delivery: permission review required for Intent { act=android.intent.action.PACKAGE_ADDED dat=package: flg=0x4000010 (has extras) } from null (pid=1470, uid=1000) to com.android.buyer/.mRve
11-09 11:39:21.029  1470  1704 W BroadcastQueue: Background execution not allowed: receiving Intent { act=android.intent.action.PACKAGE_ADDED dat=package: flg=0x4000010 (has extras) } to com.google.android.packageinstaller/com.android.packageinstaller.PackageInstalledReceiver
11-09 11:39:21.029  1470  1704 W BroadcastQueue: Background execution not allowed: receiving Intent { act=android.intent.action.PACKAGE_ADDED dat=package: flg=0x4000010 (has extras) } to com.android.vending/com.google.android.finsky.packagemonitor.impl.PackageMonitorReceiverImpl$RegisteredReceiver
11-09 11:39:21.029  1470  1704 W BroadcastQueue: Background execution not allowed: receiving Intent { act=android.intent.action.PACKAGE_ADDED dat=package: flg=0x4000010 (has extras) } to com.android.vending/com.google.android.finsky.packagemonitor.backgroundimpl.BackgroundPackageMonitorReceiverImpl$RegisteredReceiver
11-09 11:39:21.032  1470  1983 D CompatibilityChangeReporter: Compat change id reported: 218533173; UID 10242; state: DISABLED
11-09 11:39:21.034  1470  1704 W BroadcastQueue: Background execution not allowed: receiving Intent { act=android.intent.action.PACKAGE_ADDED dat=package: flg=0x4000010 (has extras) } to com.google.android.gms/.games.chimera.GamesSystemBroadcastReceiverProxy
11-09 11:39:21.034  1470  1704 W BroadcastQueue: Background execution not allowed: receiving Intent { act=android.intent.action.PACKAGE_ADDED dat=package: flg=0x4000010 (has extras) } to com.google.android.gms/.gass.chimera.PackageChangeBroadcastReceiver
11-09 11:39:21.034  1470  1704 W BroadcastQueue: Background execution not allowed: receiving Intent { act=android.intent.action.PACKAGE_ADDED dat=package: flg=0x4000010 (has extras) } to com.google.android.gms/.chimera.GmsIntentOperationService$PersistentTrustedReceiver
11-09 11:39:21.034  1470  1704 W BroadcastQueue: Background execution not allowed: receiving Intent { act=android.intent.action.PACKAGE_ADDED dat=package: flg=0x4000010 (has extras) } to com.google.android.googlequicksearchbox/com.google.android.apps.gsa.googlequicksearchbox.GelStubAppWatcher
11-09 11:39:21.034  1470  1704 W BroadcastQueue: u0 Receiving a broadcast in packagecom.cncd.japan.janli.shudu requires a permissions review
11-09 11:39:21.034  1470  1704 W BroadcastQueue: Skipping delivery: permission review required for Intent { act=android.intent.action.PACKAGE_ADDED dat=package: flg=0x4000010 (has extras) } from null (pid=1470, uid=1000) to com.cncd.japan.janli.shudu/net.l.k.r
11-09 11:39:21.034  1470  1704 W BroadcastQueue: u0 Receiving a broadcast in packagecom.cncd.japan.janli.shudu requires a permissions review
11-09 11:39:21.034  1470  1704 W BroadcastQueue: Skipping delivery: permission review required for Intent { act=android.intent.action.PACKAGE_ADDED dat=package: flg=0x4000010 (has extras) } from null (pid=1470, uid=1000) to com.cncd.japan.janli.shudu/com.feiwofour.coverscreen.SR
11-09 11:39:21.034  1470  1704 W BroadcastQueue: u0 Receiving a broadcast in packagecom.games.mengmeizhitd requires a permissions review
11-09 11:39:21.034  1470  1704 W BroadcastQueue: Skipping delivery: permission review required for Intent { act=android.intent.action.PACKAGE_ADDED dat=package: flg=0x4000010 (has extras) } from null (pid=1470, uid=1000) to com.games.mengmeizhitd/hjnw.ihjnw.i.isqly
11-09 11:39:21.034  1470  1704 W BroadcastQueue: u0 Receiving a broadcast in packagecom.hgperfko.yaeghrwx requires a permissions review
11-09 11:39:21.034  1470  1704 W BroadcastQueue: Skipping delivery: permission review required for Intent { act=android.intent.action.PACKAGE_ADDED dat=package: flg=0x4000010 (has extras) } from null (pid=1470, uid=1000) to com.hgperfko.yaeghrwx/.core.hLytdCQDBv
11-09 11:39:21.034  1470  1704 W BroadcastQueue: u0 Receiving a broadcast in packagecom.qiuqiu.dfmc requires a permissions review
11-09 11:39:21.034  1470  1704 W BroadcastQueue: Skipping delivery: permission review required for Intent { act=android.intent.action.PACKAGE_ADDED dat=package: flg=0x4000010 (has extras) } from null (pid=1470, uid=1000) to com.qiuqiu.dfmc/cn.jpush.android.service.PushReceiver
11-09 11:39:21.034  1470  1704 W BroadcastQueue: u0 Receiving a broadcast in packagecom.safesys.viruskiller requires a permissions review
11-09 11:39:21.034  1470  1704 W BroadcastQueue: Skipping delivery: permission review required for Intent { act=android.intent.action.PACKAGE_ADDED dat=package: flg=0x4000010 (has extras) } from null (pid=1470, uid=1000) to com.safesys.viruskiller/.ScanPackageBroadcast
11-09 11:39:21.034  1470  1704 W BroadcastQueue: u0 Receiving a broadcast in packagecom.uc108.mobile.sdgj.bd1 requires a permissions review
11-09 11:39:21.034  1470  1704 W BroadcastQueue: Skipping delivery: permission review required for Intent { act=android.intent.action.PACKAGE_ADDED dat=package: flg=0x4000010 (has extras) } from null (pid=1470, uid=1000) to com.uc108.mobile.sdgj.bd1/com.baidu.tiebasdk.service.InstallReceiver
11-09 11:39:21.034  1470  1704 W BroadcastQueue: u0 Receiving a broadcast in packageio.dcloud.H5BC6BF13 requires a permissions review
11-09 11:39:21.034  1470  1704 W BroadcastQueue: Skipping delivery: permission review required for Intent { act=android.intent.action.PACKAGE_ADDED dat=package: flg=0x4000010 (has extras) } from null (pid=1470, uid=1000) to io.dcloud.H5BC6BF13/io.dcloud.common.adapter.io.DownloadReceiver
11-09 11:39:21.038  1470  1470 I Telecom : DefaultDialerCache: Refreshing default dialer for user 0: now com.google.android.dialer: DDC.oR@BLg
11-09 11:39:21.046  1470  1702 W WindowMagnificationMgr: requestConnection duplicated request: connect=false, mConnectionState=DISCONNECTED
11-09 11:39:21.048  1470  4127 W BackupTransportManager: Package com.google.hxz enabled setting: 0
11-09 11:39:21.061  1470  1470 I NotificationService: Cannot find enqueued record for key: 0|com.google.android.apps.wellbeing|174344743|null|10121
11-09 11:39:21.066  1470  3255 D CompatibilityChangeReporter: Compat change id reported: 161252188; UID 10242; state: DISABLED
11-09 11:39:21.067  1470  1805 E VerityUtils: Failed to measure fs-verity, errno 1: /data/app/~~K_oyG704FjVADZuSUuWayA==/com.google.hxz-Gh_jS5CXHzQi_sWY_qMr2Q==/base.apk
11-09 11:39:21.115  1470  3259 W NotificationService: RemoteViews too large on pkg: com.virus.remover tag: null id: 46 this might be stripped in a future release
11-09 11:39:21.119  1470  1809 E PackageManager: ERROR: could not load root hash from incremental install
11-09 11:39:21.122  1470  2012 W PackageParsing: Ignoring duplicate uses-permissions/uses-permissions-sdk-m: android.permission.DISABLE_KEYGUARD in package: bzyz.osqak.rcbmn at: Binary XML file line #22
11-09 11:39:21.132  1470  1809 I PackageManager: Integrity check passed for file:///data/app/vmdl1285289582.tmp
11-09 11:39:21.152  1470  1702 W PackageManager: Failed registering loading progress callback. Package is fully loaded.
11-09 11:39:21.158  1470  1702 W WindowMagnificationMgr: requestConnection duplicated request: connect=false, mConnectionState=DISCONNECTED
11-09 11:39:21.171  1470  1809 W PackageParsing: Ignoring duplicate uses-permissions/uses-permissions-sdk-m: android.permission.DISABLE_KEYGUARD in package: bzyz.osqak.rcbmn at: Binary XML file line #22
11-09 11:39:21.246  1470  1686 V StorageManagerService: Package null has legacy storage
11-09 11:39:21.323  1470  1470 W NotificationHistory: Attempted to add notif for locked/gone/disabled user 0
11-09 11:39:21.356  1470  5169 I ActivityManager: Background started FGS: Allowed [callingPackage: com.google.android.apps.wellbeing; callingUid: 10121; uidState: BFGS; intent: Intent { cmp=com.google.android.apps.wellbeing/com.google.apps.tiktok.concurrent.InternalForegroundService (has extras) }; code:BACKGROUND_ACTIVITY_PERMISSION; tempAllowListReason:<null>; targetSdkVersion:33; callerTargetSdkVersion:33; startForegroundCount:0; bindFromPackage:null]
11-09 11:39:21.356  1470  1809 V BackupManagerService: [UserID:0] restoreAtInstall pkg=bzyz.osqak.rcbmn token=35 restoreSet=0
11-09 11:39:21.356  1470  1809 V BackupManagerService: [UserID:0] Finishing install immediately
11-09 11:39:21.359  1470  1809 D PackageInstallerSession: Marking session 1285289582 as applied
11-09 11:39:21.372  1470  1809 D CompatibilityChangeReporter: Compat change id reported: 168419799; UID 10243; state: DISABLED
11-09 11:39:21.372  1470  1809 D CompatibilityChangeReporter: Compat change id reported: 273564678; UID 10243; state: DISABLED
11-09 11:39:21.385  1470  1704 W BroadcastQueue: u0 Receiving a broadcast in packagecom.jr.narutoii requires a permissions review
11-09 11:39:21.385  1470  1704 W BroadcastQueue: Skipping delivery: permission review required for Intent { act=android.intent.action.PACKAGE_ADDED dat=package: flg=0x4000010 (has extras) } from null (pid=1470, uid=1000) to com.jr.narutoii/com.joyriver.engine.proxy.EngineReceiver
11-09 11:39:21.385  1470  1704 W BroadcastQueue: u0 Receiving a broadcast in packagecom.android.buyer requires a permissions review
11-09 11:39:21.385  1470  1704 W BroadcastQueue: Skipping delivery: permission review required for Intent { act=android.intent.action.PACKAGE_ADDED dat=package: flg=0x4000010 (has extras) } from null (pid=1470, uid=1000) to com.android.buyer/.mRve
11-09 11:39:21.385  1470  1704 W BroadcastQueue: Background execution not allowed: receiving Intent { act=android.intent.action.PACKAGE_ADDED dat=package: flg=0x4000010 (has extras) } to com.google.android.packageinstaller/com.android.packageinstaller.PackageInstalledReceiver
11-09 11:39:21.395  1470  1470 I Telecom : DefaultDialerCache: Refreshing default dialer for user 0: now com.google.android.dialer: DDC.oR@BL8
11-09 11:39:21.397  1470  1704 W BroadcastQueue: Background execution not allowed: receiving Intent { act=android.intent.action.PACKAGE_ADDED dat=package: flg=0x4000010 (has extras) } to com.android.vending/com.google.android.finsky.packagemonitor.impl.PackageMonitorReceiverImpl$RegisteredReceiver
11-09 11:39:21.397  1470  1704 W BroadcastQueue: Background execution not allowed: receiving Intent { act=android.intent.action.PACKAGE_ADDED dat=package: flg=0x4000010 (has extras) } to com.android.vending/com.google.android.finsky.packagemonitor.backgroundimpl.BackgroundPackageMonitorReceiverImpl$RegisteredReceiver
11-09 11:39:21.397  1470  1704 W BroadcastQueue: Background execution not allowed: receiving Intent { act=android.intent.action.PACKAGE_ADDED dat=package: flg=0x4000010 (has extras) } to com.google.android.gms/.games.chimera.GamesSystemBroadcastReceiverProxy
11-09 11:39:21.397  1470  1704 W BroadcastQueue: Background execution not allowed: receiving Intent { act=android.intent.action.PACKAGE_ADDED dat=package: flg=0x4000010 (has extras) } to com.google.android.gms/.gass.chimera.PackageChangeBroadcastReceiver
11-09 11:39:21.397  1470  1704 W BroadcastQueue: Background execution not allowed: receiving Intent { act=android.intent.action.PACKAGE_ADDED dat=package: flg=0x4000010 (has extras) } to com.google.android.gms/.chimera.GmsIntentOperationService$PersistentTrustedReceiver
11-09 11:39:21.397  1470  1704 W BroadcastQueue: Background execution not allowed: receiving Intent { act=android.intent.action.PACKAGE_ADDED dat=package: flg=0x4000010 (has extras) } to com.google.android.googlequicksearchbox/com.google.android.apps.gsa.googlequicksearchbox.GelStubAppWatcher
11-09 11:39:21.397  1470  1704 W BroadcastQueue: u0 Receiving a broadcast in packagecom.cncd.japan.janli.shudu requires a permissions review
11-09 11:39:21.398  1470  1704 W BroadcastQueue: Skipping delivery: permission review required for Intent { act=android.intent.action.PACKAGE_ADDED dat=package: flg=0x4000010 (has extras) } from null (pid=1470, uid=1000) to com.cncd.japan.janli.shudu/net.l.k.r
11-09 11:39:21.398  1470  1704 W BroadcastQueue: u0 Receiving a broadcast in packagecom.cncd.japan.janli.shudu requires a permissions review
11-09 11:39:21.398  1470  1704 W BroadcastQueue: Skipping delivery: permission review required for Intent { act=android.intent.action.PACKAGE_ADDED dat=package: flg=0x4000010 (has extras) } from null (pid=1470, uid=1000) to com.cncd.japan.janli.shudu/com.feiwofour.coverscreen.SR
11-09 11:39:21.398  1470  1704 W BroadcastQueue: u0 Receiving a broadcast in packagecom.games.mengmeizhitd requires a permissions review
11-09 11:39:21.398  1470  1704 W BroadcastQueue: Skipping delivery: permission review required for Intent { act=android.intent.action.PACKAGE_ADDED dat=package: flg=0x4000010 (has extras) } from null (pid=1470, uid=1000) to com.games.mengmeizhitd/hjnw.ihjnw.i.isqly
11-09 11:39:21.398  1470  1704 W BroadcastQueue: u0 Receiving a broadcast in packagecom.hgperfko.yaeghrwx requires a permissions review
11-09 11:39:21.398  1470  1704 W BroadcastQueue: Skipping delivery: permission review required for Intent { act=android.intent.action.PACKAGE_ADDED dat=package: flg=0x4000010 (has extras) } from null (pid=1470, uid=1000) to com.hgperfko.yaeghrwx/.core.hLytdCQDBv
11-09 11:39:21.398  1470  1704 W BroadcastQueue: u0 Receiving a broadcast in packagecom.qiuqiu.dfmc requires a permissions review
11-09 11:39:21.398  1470  1704 W BroadcastQueue: Skipping delivery: permission review required for Intent { act=android.intent.action.PACKAGE_ADDED dat=package: flg=0x4000010 (has extras) } from null (pid=1470, uid=1000) to com.qiuqiu.dfmc/cn.jpush.android.service.PushReceiver
11-09 11:39:21.398  1470  1704 W BroadcastQueue: u0 Receiving a broadcast in packagecom.safesys.viruskiller requires a permissions review
11-09 11:39:21.398  1470  1704 W BroadcastQueue: Skipping delivery: permission review required for Intent { act=android.intent.action.PACKAGE_ADDED dat=package: flg=0x4000010 (has extras) } from null (pid=1470, uid=1000) to com.safesys.viruskiller/.ScanPackageBroadcast
11-09 11:39:21.398  1470  1704 W BroadcastQueue: u0 Receiving a broadcast in packagecom.uc108.mobile.sdgj.bd1 requires a permissions review
11-09 11:39:21.398  1470  1704 W BroadcastQueue: Skipping delivery: permission review required for Intent { act=android.intent.action.PACKAGE_ADDED dat=package: flg=0x4000010 (has extras) } from null (pid=1470, uid=1000) to com.uc108.mobile.sdgj.bd1/com.baidu.tiebasdk.service.InstallReceiver
11-09 11:39:21.398  1470  1704 W BroadcastQueue: u0 Receiving a broadcast in packageio.dcloud.H5BC6BF13 requires a permissions review
