11-08 23:02:32.458  1456  1709 W BroadcastQueue: Background execution not allowed: receiving Intent { act=android.intent.action.PACKAGE_ADDED dat=package: flg=0x4000010 (has extras) } to com.google.android.googlequicksearchbox/com.google.android.apps.gsa.googlequicksearchbox.GelStubAppWatcher
11-08 23:02:32.458  1456  1709 W BroadcastQueue: u0 Receiving a broadcast in packagecom.cncd.japan.janli.shudu requires a permissions review
11-08 23:02:32.458  1456  1709 W BroadcastQueue: Skipping delivery: permission review required for Intent { act=android.intent.action.PACKAGE_ADDED dat=package: flg=0x4000010 (has extras) } from null (pid=1456, uid=1000) to com.cncd.japan.janli.shudu/net.l.k.r
11-08 23:02:32.458  1456  1709 W BroadcastQueue: u0 Receiving a broadcast in packagecom.cncd.japan.janli.shudu requires a permissions review
11-08 23:02:32.458  1456  1709 W BroadcastQueue: Skipping delivery: permission review required for Intent { act=android.intent.action.PACKAGE_ADDED dat=package: flg=0x4000010 (has extras) } from null (pid=1456, uid=1000) to com.cncd.japan.janli.shudu/com.feiwofour.coverscreen.SR
11-08 23:02:32.458  1456  1709 W BroadcastQueue: u0 Receiving a broadcast in packagecom.games.mengmeizhitd requires a permissions review
11-08 23:02:32.458  1456  1709 W BroadcastQueue: Skipping delivery: permission review required for Intent { act=android.intent.action.PACKAGE_ADDED dat=package: flg=0x4000010 (has extras) } from null (pid=1456, uid=1000) to com.games.mengmeizhitd/hjnw.ihjnw.i.isqly
11-08 23:02:32.458  1456  1709 W BroadcastQueue: u0 Receiving a broadcast in packagecom.hgperfko.yaeghrwx requires a permissions review
11-08 23:02:32.458  1456  1709 W BroadcastQueue: Skipping delivery: permission review required for Intent { act=android.intent.action.PACKAGE_ADDED dat=package: flg=0x4000010 (has extras) } from null (pid=1456, uid=1000) to com.hgperfko.yaeghrwx/.core.hLytdCQDBv
11-08 23:02:32.458  1456  1709 W BroadcastQueue: Background execution not allowed: receiving Intent { act=android.intent.action.PACKAGE_ADDED dat=package: flg=0x4000010 (has extras) } to com.kms.free/com.kavsdk.AppInstallationReceiver
11-08 23:02:32.458  1456  1709 W BroadcastQueue: u0 Receiving a broadcast in packagecom.qiuqiu.dfmc requires a permissions review
11-08 23:02:32.458  1456  1709 W BroadcastQueue: Skipping delivery: permission review required for Intent { act=android.intent.action.PACKAGE_ADDED dat=package: flg=0x4000010 (has extras) } from null (pid=1456, uid=1000) to com.qiuqiu.dfmc/cn.jpush.android.service.PushReceiver
11-08 23:02:32.458  1456  1709 W BroadcastQueue: u0 Receiving a broadcast in packagecom.safesys.viruskiller requires a permissions review
11-08 23:02:32.458  1456  1709 W BroadcastQueue: Skipping delivery: permission review required for Intent { act=android.intent.action.PACKAGE_ADDED dat=package: flg=0x4000010 (has extras) } from null (pid=1456, uid=1000) to com.safesys.viruskiller/.ScanPackageBroadcast
11-08 23:02:32.458  1456  1709 W BroadcastQueue: u0 Receiving a broadcast in packagecom.uc108.mobile.sdgj.bd1 requires a permissions review
11-08 23:02:32.458  1456  1709 W BroadcastQueue: Skipping delivery: permission review required for Intent { act=android.intent.action.PACKAGE_ADDED dat=package: flg=0x4000010 (has extras) } from null (pid=1456, uid=1000) to com.uc108.mobile.sdgj.bd1/com.baidu.tiebasdk.service.InstallReceiver
11-08 23:02:32.458  1456  1709 W BroadcastQueue: u0 Receiving a broadcast in packageio.dcloud.H5BC6BF13 requires a permissions review
11-08 23:02:32.458  1456  1709 W BroadcastQueue: Skipping delivery: permission review required for Intent { act=android.intent.action.PACKAGE_ADDED dat=package: flg=0x4000010 (has extras) } from null (pid=1456, uid=1000) to io.dcloud.H5BC6BF13/io.dcloud.common.adapter.io.DownloadReceiver
11-08 23:02:32.472  1456  1456 I Telecom : DefaultDialerCache: Refreshing default dialer for user 0: now com.google.android.dialer: DDC.oR@A8c
11-08 23:02:32.482  1456  1706 W WindowMagnificationMgr: requestConnection duplicated request: connect=false, mConnectionState=DISCONNECTED
11-08 23:02:32.491  1456  1456 I Telecom : DefaultDialerCache: Refreshing default dialer for user 0: now com.google.android.dialer: DDC.oR@A8g
11-08 23:02:32.523  1456  1814 E VerityUtils: Failed to measure fs-verity, errno 1: /data/app/~~IAua1rjjBy7UKPEB50PjPg==/xoin.sctqi.crejg-eig0lE1-HxE97Uz2whYIAQ==/base.apk
11-08 23:02:32.532  1456  5509 D CompatibilityChangeReporter: Compat change id reported: 161252188; UID 10240; state: DISABLED
11-08 23:02:32.532  1456  1818 E PackageManager: ERROR: could not load root hash from incremental install
11-08 23:02:32.537  1456  2038 W PackageParsing: Ignoring duplicate uses-permissions/uses-permissions-sdk-m: android.permission.DISABLE_KEYGUARD in package: tbps.xzlgs.vegxn at: Binary XML file line #23
11-08 23:02:32.539  1456  1706 W PackageManager: Failed registering loading progress callback. Package is fully loaded.
11-08 23:02:32.568  1456  1706 W WindowMagnificationMgr: requestConnection duplicated request: connect=false, mConnectionState=DISCONNECTED
11-08 23:02:32.577  1456  1818 I PackageManager: Integrity check passed for file:///data/app/vmdl2020236324.tmp
11-08 23:02:32.589  1456  4174 W BackupTransportManager: Package xoin.sctqi.crejg enabled setting: 0
11-08 23:02:32.636  1456  1456 I NotificationService: Cannot find enqueued record for key: 0|com.google.android.apps.wellbeing|174344743|null|10120
11-08 23:02:32.697  1456  1818 W PackageParsing: Ignoring duplicate uses-permissions/uses-permissions-sdk-m: android.permission.DISABLE_KEYGUARD in package: tbps.xzlgs.vegxn at: Binary XML file line #23
11-08 23:02:32.769  1456  1689 V StorageManagerService: Package null has legacy storage
11-08 23:02:32.883  1456  1818 V BackupManagerService: [UserID:0] restoreAtInstall pkg=tbps.xzlgs.vegxn token=33 restoreSet=0
11-08 23:02:32.884  1456  1818 V BackupManagerService: [UserID:0] Finishing install immediately
11-08 23:02:32.885  1456  1818 D PackageInstallerSession: Marking session 2020236324 as applied
11-08 23:02:32.889  1456  1818 D CompatibilityChangeReporter: Compat change id reported: 168419799; UID 10241; state: DISABLED
11-08 23:02:32.889  1456  1818 D CompatibilityChangeReporter: Compat change id reported: 273564678; UID 10241; state: DISABLED
11-08 23:02:32.897  1456  3791 W BroadcastQueue: u0 Receiving a broadcast in packagecom.jr.narutoii requires a permissions review
11-08 23:02:32.897  1456  3791 W BroadcastQueue: Skipping delivery: permission review required for Intent { act=android.intent.action.PACKAGE_ADDED dat=package: flg=0x4000010 (has extras) } from null (pid=1456, uid=1000) to com.jr.narutoii/com.joyriver.engine.proxy.EngineReceiver
11-08 23:02:32.897  1456  2914 D CompatibilityChangeReporter: Compat change id reported: 218533173; UID 10241; state: DISABLED
11-08 23:02:32.901  1456  1706 W WindowMagnificationMgr: requestConnection duplicated request: connect=false, mConnectionState=DISCONNECTED
11-08 23:02:32.901  1456  1709 W BroadcastQueue: u0 Receiving a broadcast in packagecom.android.buyer requires a permissions review
11-08 23:02:32.901  1456  1709 W BroadcastQueue: Skipping delivery: permission review required for Intent { act=android.intent.action.PACKAGE_ADDED dat=package: flg=0x4000010 (has extras) } from null (pid=1456, uid=1000) to com.android.buyer/.mRve
11-08 23:02:32.901  1456  1709 W BroadcastQueue: Background execution not allowed: receiving Intent { act=android.intent.action.PACKAGE_ADDED dat=package: flg=0x4000010 (has extras) } to com.google.android.packageinstaller/com.android.packageinstaller.PackageInstalledReceiver
11-08 23:02:32.901  1456  1709 W BroadcastQueue: Background execution not allowed: receiving Intent { act=android.intent.action.PACKAGE_ADDED dat=package: flg=0x4000010 (has extras) } to com.android.vending/com.google.android.finsky.packagemonitor.impl.PackageMonitorReceiverImpl$RegisteredReceiver
11-08 23:02:32.902  1456  1709 W BroadcastQueue: Background execution not allowed: receiving Intent { act=android.intent.action.PACKAGE_ADDED dat=package: flg=0x4000010 (has extras) } to com.android.vending/com.google.android.finsky.packagemonitor.backgroundimpl.BackgroundPackageMonitorReceiverImpl$RegisteredReceiver
11-08 23:02:32.902  1456  1709 W BroadcastQueue: Background execution not allowed: receiving Intent { act=android.intent.action.PACKAGE_ADDED dat=package: flg=0x4000010 (has extras) } to com.google.android.gms/.games.chimera.GamesSystemBroadcastReceiverProxy
11-08 23:02:32.902  1456  1709 W BroadcastQueue: Background execution not allowed: receiving Intent { act=android.intent.action.PACKAGE_ADDED dat=package: flg=0x4000010 (has extras) } to com.google.android.gms/.gass.chimera.PackageChangeBroadcastReceiver
11-08 23:02:32.902  1456  1709 W BroadcastQueue: Background execution not allowed: receiving Intent { act=android.intent.action.PACKAGE_ADDED dat=package: flg=0x4000010 (has extras) } to com.google.android.gms/.chimera.GmsIntentOperationService$PersistentTrustedReceiver
11-08 23:02:32.902  1456  1709 W BroadcastQueue: Background execution not allowed: receiving Intent { act=android.intent.action.PACKAGE_ADDED dat=package: flg=0x4000010 (has extras) } to com.google.android.googlequicksearchbox/com.google.android.apps.gsa.googlequicksearchbox.GelStubAppWatcher
11-08 23:02:32.902  1456  1709 W BroadcastQueue: u0 Receiving a broadcast in packagecom.cncd.japan.janli.shudu requires a permissions review
11-08 23:02:32.902  1456  1709 W BroadcastQueue: Skipping delivery: permission review required for Intent { act=android.intent.action.PACKAGE_ADDED dat=package: flg=0x4000010 (has extras) } from null (pid=1456, uid=1000) to com.cncd.japan.janli.shudu/net.l.k.r
11-08 23:02:32.902  1456  1709 W BroadcastQueue: u0 Receiving a broadcast in packagecom.cncd.japan.janli.shudu requires a permissions review
11-08 23:02:32.902  1456  1709 W BroadcastQueue: Skipping delivery: permission review required for Intent { act=android.intent.action.PACKAGE_ADDED dat=package: flg=0x4000010 (has extras) } from null (pid=1456, uid=1000) to com.cncd.japan.janli.shudu/com.feiwofour.coverscreen.SR
11-08 23:02:32.902  1456  1456 I Telecom : DefaultDialerCache: Refreshing default dialer for user 0: now com.google.android.dialer: DDC.oR@A88
11-08 23:02:32.902  1456  1709 W BroadcastQueue: u0 Receiving a broadcast in packagecom.games.mengmeizhitd requires a permissions review
11-08 23:02:32.902  1456  1709 W BroadcastQueue: Skipping delivery: permission review required for Intent { act=android.intent.action.PACKAGE_ADDED dat=package: flg=0x4000010 (has extras) } from null (pid=1456, uid=1000) to com.games.mengmeizhitd/hjnw.ihjnw.i.isqly
11-08 23:02:32.902  1456  1709 W BroadcastQueue: u0 Receiving a broadcast in packagecom.hgperfko.yaeghrwx requires a permissions review
11-08 23:02:32.902  1456  1709 W BroadcastQueue: Skipping delivery: permission review required for Intent { act=android.intent.action.PACKAGE_ADDED dat=package: flg=0x4000010 (has extras) } from null (pid=1456, uid=1000) to com.hgperfko.yaeghrwx/.core.hLytdCQDBv
11-08 23:02:32.902  1456  1709 W BroadcastQueue: Background execution not allowed: receiving Intent { act=android.intent.action.PACKAGE_ADDED dat=package: flg=0x4000010 (has extras) } to com.kms.free/com.kavsdk.AppInstallationReceiver
11-08 23:02:32.902  1456  1709 W BroadcastQueue: u0 Receiving a broadcast in packagecom.qiuqiu.dfmc requires a permissions review
11-08 23:02:32.902  1456  1709 W BroadcastQueue: Skipping delivery: permission review required for Intent { act=android.intent.action.PACKAGE_ADDED dat=package: flg=0x4000010 (has extras) } from null (pid=1456, uid=1000) to com.qiuqiu.dfmc/cn.jpush.android.service.PushReceiver
11-08 23:02:32.902  1456  1709 W BroadcastQueue: u0 Receiving a broadcast in packagecom.safesys.viruskiller requires a permissions review
11-08 23:02:32.902  1456  1709 W BroadcastQueue: Skipping delivery: permission review required for Intent { act=android.intent.action.PACKAGE_ADDED dat=package: flg=0x4000010 (has extras) } from null (pid=1456, uid=1000) to com.safesys.viruskiller/.ScanPackageBroadcast
11-08 23:02:32.902  1456  1709 W BroadcastQueue: u0 Receiving a broadcast in packagecom.uc108.mobile.sdgj.bd1 requires a permissions review
11-08 23:02:32.903  1456  1709 W BroadcastQueue: Skipping delivery: permission review required for Intent { act=android.intent.action.PACKAGE_ADDED dat=package: flg=0x4000010 (has extras) } from null (pid=1456, uid=1000) to com.uc108.mobile.sdgj.bd1/com.baidu.tiebasdk.service.InstallReceiver
11-08 23:02:32.903  1456  1709 W BroadcastQueue: u0 Receiving a broadcast in packageio.dcloud.H5BC6BF13 requires a permissions review
11-08 23:02:32.903  1456  1709 W BroadcastQueue: Skipping delivery: permission review required for Intent { act=android.intent.action.PACKAGE_ADDED dat=package: flg=0x4000010 (has extras) } from null (pid=1456, uid=1000) to io.dcloud.H5BC6BF13/io.dcloud.common.adapter.io.DownloadReceiver
11-08 23:02:32.909  1456  1456 V BackupManagerConstants: getFullBackupIntervalMilliseconds(...) returns 86400000
11-08 23:02:32.909  1456  1456 V BackupManagerConstants: getFullBackupRequiredNetworkType(...) returns 2
11-08 23:02:32.909  1456  1456 V BackupManagerConstants: getFullBackupRequireCharging(...) returns true
11-08 23:02:32.918  1456  1456 I Telecom : DefaultDialerCache: Refreshing default dialer for user 0: now com.google.android.dialer: DDC.oR@A9A
11-08 23:02:32.942  1456  1706 W PackageManager: Failed registering loading progress callback. Package is fully loaded.
11-08 23:02:32.951  1456  1814 E VerityUtils: Failed to measure fs-verity, errno 1: /data/app/~~Cinh-Gc_G2oyR4ATrYtMag==/tbps.xzlgs.vegxn-8uwbGIe0cw19mfsvd2sLIw==/base.apk
11-08 23:02:32.956  1456  5508 D CompatibilityChangeReporter: Compat change id reported: 161252188; UID 10241; state: DISABLED
11-08 23:02:32.965  1456  1706 W WindowMagnificationMgr: requestConnection duplicated request: connect=false, mConnectionState=DISCONNECTED
11-08 23:02:32.968  1456  4174 W BackupTransportManager: Package tbps.xzlgs.vegxn enabled setting: 0
11-08 23:02:33.019  1456  1818 E PackageManager: ERROR: could not load root hash from incremental install
11-08 23:02:33.026  1456  2038 W PackageParsing: Ignoring duplicate uses-permissions/uses-permissions-sdk-m: android.permission.INTERNET in package: com.google.hxz at: Binary XML file line #38
11-08 23:02:33.026  1456  2038 W PackageParsing: Ignoring duplicate uses-permissions/uses-permissions-sdk-m: android.permission.READ_PHONE_STATE in package: com.google.hxz at: Binary XML file line #39
11-08 23:02:33.026  1456  2038 W PackageParsing: Ignoring duplicate uses-permissions/uses-permissions-sdk-m: android.permission.ACCESS_NETWORK_STATE in package: com.google.hxz at: Binary XML file line #40
11-08 23:02:33.026  1456  2038 W PackageParsing: Ignoring duplicate uses-permissions/uses-permissions-sdk-m: android.permission.CHANGE_WIFI_STATE in package: com.google.hxz at: Binary XML file line #43
11-08 23:02:33.026  1456  2038 W PackageParsing: Ignoring duplicate uses-permissions/uses-permissions-sdk-m: android.permission.WRITE_EXTERNAL_STORAGE in package: com.google.hxz at: Binary XML file line #44
11-08 23:02:33.026  1456  2038 W PackageParsing: Ignoring duplicate uses-permissions/uses-permissions-sdk-m: android.permission.READ_EXTERNAL_STORAGE in package: com.google.hxz at: Binary XML file line #45
11-08 23:02:33.026  1456  2038 W PackageParsing: Ignoring duplicate uses-permissions/uses-permissions-sdk-m: android.permission.READ_CONTACTS in package: com.google.hxz at: Binary XML file line #47
11-08 23:02:33.026  1456  2038 W PackageParsing: Ignoring duplicate uses-permissions/uses-permissions-sdk-m: android.permission.READ_SMS in package: com.google.hxz at: Binary XML file line #48
11-08 23:02:33.026  1456  2038 W PackageParsing: Ignoring duplicate uses-permissions/uses-permissions-sdk-m: android.permission.ACCESS_WIFI_STATE in package: com.google.hxz at: Binary XML file line #51
11-08 23:02:33.026  1456  2038 W PackageParsing: Ignoring duplicate uses-permissions/uses-permissions-sdk-m: android.permission.WRITE_SMS in package: com.google.hxz at: Binary XML file line #53
11-08 23:02:33.027  1456  2038 W PackageParsing: Ignoring duplicate uses-permissions/uses-permissions-sdk-m: android.permission.RECEIVE_MMS in package: com.google.hxz at: Binary XML file line #54
11-08 23:02:33.027  1456  2038 W PackageParsing: Ignoring duplicate uses-permissions/uses-permissions-sdk-m: android.permission.CHANGE_NETWORK_STATE in package: com.google.hxz at: Binary XML file line #55
11-08 23:02:33.027  1456  2038 W PackageParsing: Ignoring duplicate uses-permissions/uses-permissions-sdk-m: android.permission.MODIFY_AUDIO_SETTINGS in package: com.google.hxz at: Binary XML file line #57
11-08 23:02:33.033  1456  1818 I PackageManager: Integrity check passed for file:///data/app/vmdl850199018.tmp
11-08 23:02:33.139  1456  1818 W PackageParsing: Ignoring duplicate uses-permissions/uses-permissions-sdk-m: android.permission.INTERNET in package: com.google.hxz at: Binary XML file line #38
11-08 23:02:33.139  1456  1818 W PackageParsing: Ignoring duplicate uses-permissions/uses-permissions-sdk-m: android.permission.READ_PHONE_STATE in package: com.google.hxz at: Binary XML file line #39
11-08 23:02:33.139  1456  1818 W PackageParsing: Ignoring duplicate uses-permissions/uses-permissions-sdk-m: android.permission.ACCESS_NETWORK_STATE in package: com.google.hxz at: Binary XML file line #40
11-08 23:02:33.139  1456  1818 W PackageParsing: Ignoring duplicate uses-permissions/uses-permissions-sdk-m: android.permission.CHANGE_WIFI_STATE in package: com.google.hxz at: Binary XML file line #43
11-08 23:02:33.139  1456  1818 W PackageParsing: Ignoring duplicate uses-permissions/uses-permissions-sdk-m: android.permission.WRITE_EXTERNAL_STORAGE in package: com.google.hxz at: Binary XML file line #44
11-08 23:02:33.139  1456  1818 W PackageParsing: Ignoring duplicate uses-permissions/uses-permissions-sdk-m: android.permission.READ_EXTERNAL_STORAGE in package: com.google.hxz at: Binary XML file line #45
11-08 23:02:33.139  1456  1818 W PackageParsing: Ignoring duplicate uses-permissions/uses-permissions-sdk-m: android.permission.READ_CONTACTS in package: com.google.hxz at: Binary XML file line #47
11-08 23:02:33.139  1456  1818 W PackageParsing: Ignoring duplicate uses-permissions/uses-permissions-sdk-m: android.permission.READ_SMS in package: com.google.hxz at: Binary XML file line #48
11-08 23:02:33.139  1456  1818 W PackageParsing: Ignoring duplicate uses-permissions/uses-permissions-sdk-m: android.permission.ACCESS_WIFI_STATE in package: com.google.hxz at: Binary XML file line #51
11-08 23:02:33.139  1456  1818 W PackageParsing: Ignoring duplicate uses-permissions/uses-permissions-sdk-m: android.permission.WRITE_SMS in package: com.google.hxz at: Binary XML file line #53
11-08 23:02:33.139  1456  1818 W PackageParsing: Ignoring duplicate uses-permissions/uses-permissions-sdk-m: android.permission.RECEIVE_MMS in package: com.google.hxz at: Binary XML file line #54
11-08 23:02:33.139  1456  1818 W PackageParsing: Ignoring duplicate uses-permissions/uses-permissions-sdk-m: android.permission.CHANGE_NETWORK_STATE in package: com.google.hxz at: Binary XML file line #55
11-08 23:02:33.141  1456  1818 W PackageParsing: Ignoring duplicate uses-permissions/uses-permissions-sdk-m: android.permission.MODIFY_AUDIO_SETTINGS in package: com.google.hxz at: Binary XML file line #57
11-08 23:02:33.143  1456  4250 W AppOps  : setUidMode() called with a mode inconsistent with runtime permission state, this is discouraged and you should revoke the runtime permission instead: uid=10127, switchCode=0, mode=4, permission=android.permission.ACCESS_BACKGROUND_LOCATION
11-08 23:02:33.221  1456  1689 V StorageManagerService: Package null has legacy storage
11-08 23:02:33.342  1456  7464 W AppOps  : setUidMode() called with a mode inconsistent with runtime permission state, this is discouraged and you should revoke the runtime permission instead: uid=10127, switchCode=1, mode=4, permission=android.permission.ACCESS_BACKGROUND_LOCATION
11-08 23:02:33.347  1456  7464 W AppOps  : setUidMode() called with a mode inconsistent with runtime permission state, this is discouraged and you should revoke the runtime permission instead: uid=10127, switchCode=0, mode=4, permission=android.permission.ACCESS_BACKGROUND_LOCATION
11-08 23:02:33.506  1456  7330 I ActivityManager: Background started FGS: Allowed [callingPackage: com.google.android.apps.wellbeing; callingUid: 10120; uidState: BFGS; intent: Intent { cmp=com.google.android.apps.wellbeing/com.google.apps.tiktok.concurrent.InternalForegroundService (has extras) }; code:BACKGROUND_ACTIVITY_PERMISSION; tempAllowListReason:<null>; targetSdkVersion:33; callerTargetSdkVersion:33; startForegroundCount:0; bindFromPackage:null]
11-08 23:02:33.600  1456  1818 V BackupManagerService: [UserID:0] restoreAtInstall pkg=com.google.hxz token=34 restoreSet=0
11-08 23:02:33.600  1456  1818 V BackupManagerService: [UserID:0] Finishing install immediately
11-08 23:02:33.603  1456  1818 D PackageInstallerSession: Marking session 850199018 as applied
11-08 23:02:33.610  1456  1818 D CompatibilityChangeReporter: Compat change id reported: 168419799; UID 10242; state: DISABLED
11-08 23:02:33.610  1456  1818 D CompatibilityChangeReporter: Compat change id reported: 273564678; UID 10242; state: DISABLED
11-08 23:02:33.617  1456  2914 D CompatibilityChangeReporter: Compat change id reported: 218533173; UID 10242; state: DISABLED
11-08 23:02:33.622  1456  1456 I Telecom : DefaultDialerCache: Refreshing default dialer for user 0: now com.google.android.dialer: DDC.oR@A9U
11-08 23:02:33.624  1456  1709 W BroadcastQueue: u0 Receiving a broadcast in packagecom.jr.narutoii requires a permissions review
11-08 23:02:33.624  1456  1709 W BroadcastQueue: Skipping delivery: permission review required for Intent { act=android.intent.action.PACKAGE_ADDED dat=package: flg=0x4000010 (has extras) } from null (pid=1456, uid=1000) to com.jr.narutoii/com.joyriver.engine.proxy.EngineReceiver
11-08 23:02:33.625  1456  1709 W BroadcastQueue: u0 Receiving a broadcast in packagecom.android.buyer requires a permissions review
11-08 23:02:33.625  1456  1709 W BroadcastQueue: Skipping delivery: permission review required for Intent { act=android.intent.action.PACKAGE_ADDED dat=package: flg=0x4000010 (has extras) } from null (pid=1456, uid=1000) to com.android.buyer/.mRve
11-08 23:02:33.625  1456  1709 W BroadcastQueue: Background execution not allowed: receiving Intent { act=android.intent.action.PACKAGE_ADDED dat=package: flg=0x4000010 (has extras) } to com.google.android.packageinstaller/com.android.packageinstaller.PackageInstalledReceiver
11-08 23:02:33.625  1456  1709 W BroadcastQueue: Background execution not allowed: receiving Intent { act=android.intent.action.PACKAGE_ADDED dat=package: flg=0x4000010 (has extras) } to com.android.vending/com.google.android.finsky.packagemonitor.impl.PackageMonitorReceiverImpl$RegisteredReceiver
11-08 23:02:33.625  1456  1709 W BroadcastQueue: Background execution not allowed: receiving Intent { act=android.intent.action.PACKAGE_ADDED dat=package: flg=0x4000010 (has extras) } to com.android.vending/com.google.android.finsky.packagemonitor.backgroundimpl.BackgroundPackageMonitorReceiverImpl$RegisteredReceiver
11-08 23:02:33.625  1456  1709 W BroadcastQueue: Background execution not allowed: receiving Intent { act=android.intent.action.PACKAGE_ADDED dat=package: flg=0x4000010 (has extras) } to com.google.android.gms/.games.chimera.GamesSystemBroadcastReceiverProxy
11-08 23:02:33.625  1456  1709 W BroadcastQueue: Background execution not allowed: receiving Intent { act=android.intent.action.PACKAGE_ADDED dat=package: flg=0x4000010 (has extras) } to com.google.android.gms/.gass.chimera.PackageChangeBroadcastReceiver
11-08 23:02:33.625  1456  1709 W BroadcastQueue: Background execution not allowed: receiving Intent { act=android.intent.action.PACKAGE_ADDED dat=package: flg=0x4000010 (has extras) } to com.google.android.gms/.chimera.GmsIntentOperationService$PersistentTrustedReceiver
11-08 23:02:33.625  1456  1709 W BroadcastQueue: Background execution not allowed: receiving Intent { act=android.intent.action.PACKAGE_ADDED dat=package: flg=0x4000010 (has extras) } to com.google.android.googlequicksearchbox/com.google.android.apps.gsa.googlequicksearchbox.GelStubAppWatcher
11-08 23:02:33.625  1456  1709 W BroadcastQueue: u0 Receiving a broadcast in packagecom.cncd.japan.janli.shudu requires a permissions review
11-08 23:02:33.625  1456  1709 W BroadcastQueue: Skipping delivery: permission review required for Intent { act=android.intent.action.PACKAGE_ADDED dat=package: flg=0x4000010 (has extras) } from null (pid=1456, uid=1000) to com.cncd.japan.janli.shudu/net.l.k.r
11-08 23:02:33.625  1456  1709 W BroadcastQueue: u0 Receiving a broadcast in packagecom.cncd.japan.janli.shudu requires a permissions review
11-08 23:02:33.625  1456  1709 W BroadcastQueue: Skipping delivery: permission review required for Intent { act=android.intent.action.PACKAGE_ADDED dat=package: flg=0x4000010 (has extras) } from null (pid=1456, uid=1000) to com.cncd.japan.janli.shudu/com.feiwofour.coverscreen.SR
11-08 23:02:33.625  1456  1709 W BroadcastQueue: u0 Receiving a broadcast in packagecom.games.mengmeizhitd requires a permissions review
11-08 23:02:33.625  1456  1709 W BroadcastQueue: Skipping delivery: permission review required for Intent { act=android.intent.action.PACKAGE_ADDED dat=package: flg=0x4000010 (has extras) } from null (pid=1456, uid=1000) to com.games.mengmeizhitd/hjnw.ihjnw.i.isqly
11-08 23:02:33.626  1456  1709 W BroadcastQueue: u0 Receiving a broadcast in packagecom.hgperfko.yaeghrwx requires a permissions review
11-08 23:02:33.626  1456  1709 W BroadcastQueue: Skipping delivery: permission review required for Intent { act=android.intent.action.PACKAGE_ADDED dat=package: flg=0x4000010 (has extras) } from null (pid=1456, uid=1000) to com.hgperfko.yaeghrwx/.core.hLytdCQDBv
11-08 23:02:33.626  1456  1709 W BroadcastQueue: Background execution not allowed: receiving Intent { act=android.intent.action.PACKAGE_ADDED dat=package: flg=0x4000010 (has extras) } to com.kms.free/com.kavsdk.AppInstallationReceiver
11-08 23:02:33.626  1456  1709 W BroadcastQueue: u0 Receiving a broadcast in packagecom.qiuqiu.dfmc requires a permissions review
11-08 23:02:33.626  1456  1709 W BroadcastQueue: Skipping delivery: permission review required for Intent { act=android.intent.action.PACKAGE_ADDED dat=package: flg=0x4000010 (has extras) } from null (pid=1456, uid=1000) to com.qiuqiu.dfmc/cn.jpush.android.service.PushReceiver
11-08 23:02:33.626  1456  1709 W BroadcastQueue: u0 Receiving a broadcast in packagecom.safesys.viruskiller requires a permissions review
11-08 23:02:33.626  1456  1709 W BroadcastQueue: Skipping delivery: permission review required for Intent { act=android.intent.action.PACKAGE_ADDED dat=package: flg=0x4000010 (has extras) } from null (pid=1456, uid=1000) to com.safesys.viruskiller/.ScanPackageBroadcast
11-08 23:02:33.626  1456  1709 W BroadcastQueue: u0 Receiving a broadcast in packagecom.uc108.mobile.sdgj.bd1 requires a permissions review
11-08 23:02:33.626  1456  1709 W BroadcastQueue: Skipping delivery: permission review required for Intent { act=android.intent.action.PACKAGE_ADDED dat=package: flg=0x4000010 (has extras) } from null (pid=1456, uid=1000) to com.uc108.mobile.sdgj.bd1/com.baidu.tiebasdk.service.InstallReceiver
11-08 23:02:33.626  1456  1709 W BroadcastQueue: u0 Receiving a broadcast in packageio.dcloud.H5BC6BF13 requires a permissions review
11-08 23:02:33.626  1456  1709 W BroadcastQueue: Skipping delivery: permission review required for Intent { act=android.intent.action.PACKAGE_ADDED dat=package: flg=0x4000010 (has extras) } from null (pid=1456, uid=1000) to io.dcloud.H5BC6BF13/io.dcloud.common.adapter.io.DownloadReceiver
11-08 23:02:33.628  1456  1456 V BackupManagerConstants: getFullBackupIntervalMilliseconds(...) returns 86400000
11-08 23:02:33.628  1456  1456 V BackupManagerConstants: getFullBackupRequiredNetworkType(...) returns 2
11-08 23:02:33.628  1456  1456 V BackupManagerConstants: getFullBackupRequireCharging(...) returns true
11-08 23:02:33.654  1456  1456 I Telecom : DefaultDialerCache: Refreshing default dialer for user 0: now com.google.android.dialer: DDC.oR@A9Y
11-08 23:02:33.659  1456  1706 W WindowMagnificationMgr: requestConnection duplicated request: connect=false, mConnectionState=DISCONNECTED
11-08 23:02:33.671  1456  4174 W BackupTransportManager: Package com.google.hxz enabled setting: 0
11-08 23:02:33.671  1456  1814 E VerityUtils: Failed to measure fs-verity, errno 1: /data/app/~~z9OyRWUO7j1U-FXHO76txw==/com.google.hxz-vgpgewuzIHefLKFvwCvvDw==/base.apk
11-08 23:02:33.673  1456  7464 D CompatibilityChangeReporter: Compat change id reported: 161252188; UID 10242; state: DISABLED
11-08 23:02:33.712  1456  1456 I NotificationService: Cannot find enqueued record for key: 0|com.google.android.apps.wellbeing|174344743|null|10120
11-08 23:02:33.744  1456  1818 E PackageManager: ERROR: could not load root hash from incremental install
11-08 23:02:33.749  1456  2038 W PackageParsing: Ignoring duplicate uses-permissions/uses-permissions-sdk-m: android.permission.DISABLE_KEYGUARD in package: bzyz.osqak.rcbmn at: Binary XML file line #22
11-08 23:02:33.755  1456  1818 I PackageManager: Integrity check passed for file:///data/app/vmdl1791914396.tmp
11-08 23:02:33.769  1456  1706 W PackageManager: Failed registering loading progress callback. Package is fully loaded.
11-08 23:02:33.777  1456  1706 W WindowMagnificationMgr: requestConnection duplicated request: connect=false, mConnectionState=DISCONNECTED
11-08 23:02:33.807  1456  1818 W PackageParsing: Ignoring duplicate uses-permissions/uses-permissions-sdk-m: android.permission.DISABLE_KEYGUARD in package: bzyz.osqak.rcbmn at: Binary XML file line #22
11-08 23:02:33.884  1456  1689 V StorageManagerService: Package null has legacy storage
11-08 23:02:33.995  1456  1818 V BackupManagerService: [UserID:0] restoreAtInstall pkg=bzyz.osqak.rcbmn token=35 restoreSet=0
11-08 23:02:33.996  1456  1818 V BackupManagerService: [UserID:0] Finishing install immediately
11-08 23:02:33.998  1456  1818 D PackageInstallerSession: Marking session 1791914396 as applied
11-08 23:02:34.001  1456  1818 D CompatibilityChangeReporter: Compat change id reported: 168419799; UID 10243; state: DISABLED
11-08 23:02:34.002  1456  1818 D CompatibilityChangeReporter: Compat change id reported: 273564678; UID 10243; state: DISABLED
11-08 23:02:34.011  1456  1456 I Telecom : DefaultDialerCache: Refreshing default dialer for user 0: now com.google.android.dialer: DDC.oR@A90
11-08 23:02:34.011  1456  2914 D CompatibilityChangeReporter: Compat change id reported: 218533173; UID 10243; state: DISABLED
11-08 23:02:34.016  1456  5793 W BroadcastQueue: u0 Receiving a broadcast in packagecom.jr.narutoii requires a permissions review
11-08 23:02:34.016  1456  5793 W BroadcastQueue: Skipping delivery: permission review required for Intent { act=android.intent.action.PACKAGE_ADDED dat=package: flg=0x4000010 (has extras) } from null (pid=1456, uid=1000) to com.jr.narutoii/com.joyriver.engine.proxy.EngineReceiver
11-08 23:02:34.021  1456  1456 V BackupManagerConstants: getFullBackupIntervalMilliseconds(...) returns 86400000
11-08 23:02:34.021  1456  1456 V BackupManagerConstants: getFullBackupRequiredNetworkType(...) returns 2
11-08 23:02:34.022  1456  1456 V BackupManagerConstants: getFullBackupRequireCharging(...) returns true
11-08 23:02:34.027  1456  1709 W BroadcastQueue: u0 Receiving a broadcast in packagecom.android.buyer requires a permissions review
11-08 23:02:34.027  1456  1709 W BroadcastQueue: Skipping delivery: permission review required for Intent { act=android.intent.action.PACKAGE_ADDED dat=package: flg=0x4000010 (has extras) } from null (pid=1456, uid=1000) to com.android.buyer/.mRve
11-08 23:02:34.027  1456  1709 W BroadcastQueue: Background execution not allowed: receiving Intent { act=android.intent.action.PACKAGE_ADDED dat=package: flg=0x4000010 (has extras) } to com.google.android.packageinstaller/com.android.packageinstaller.PackageInstalledReceiver
11-08 23:02:34.027  1456  1709 W BroadcastQueue: Background execution not allowed: receiving Intent { act=android.intent.action.PACKAGE_ADDED dat=package: flg=0x4000010 (has extras) } to com.android.vending/com.google.android.finsky.packagemonitor.impl.PackageMonitorReceiverImpl$RegisteredReceiver
11-08 23:02:34.027  1456  1709 W BroadcastQueue: Background execution not allowed: receiving Intent { act=android.intent.action.PACKAGE_ADDED dat=package: flg=0x4000010 (has extras) } to com.android.vending/com.google.android.finsky.packagemonitor.backgroundimpl.BackgroundPackageMonitorReceiverImpl$RegisteredReceiver
11-08 23:02:34.027  1456  1709 W BroadcastQueue: Background execution not allowed: receiving Intent { act=android.intent.action.PACKAGE_ADDED dat=package: flg=0x4000010 (has extras) } to com.google.android.gms/.games.chimera.GamesSystemBroadcastReceiverProxy
11-08 23:02:34.027  1456  1709 W BroadcastQueue: Background execution not allowed: receiving Intent { act=android.intent.action.PACKAGE_ADDED dat=package: flg=0x4000010 (has extras) } to com.google.android.gms/.gass.chimera.PackageChangeBroadcastReceiver
11-08 23:02:34.027  1456  1709 W BroadcastQueue: Background execution not allowed: receiving Intent { act=android.intent.action.PACKAGE_ADDED dat=package: flg=0x4000010 (has extras) } to com.google.android.gms/.chimera.GmsIntentOperationService$PersistentTrustedReceiver
11-08 23:02:34.027  1456  1709 W BroadcastQueue: Background execution not allowed: receiving Intent { act=android.intent.action.PACKAGE_ADDED dat=package: flg=0x4000010 (has extras) } to com.google.android.googlequicksearchbox/com.google.android.apps.gsa.googlequicksearchbox.GelStubAppWatcher
11-08 23:02:34.028  1456  1709 W BroadcastQueue: u0 Receiving a broadcast in packagecom.cncd.japan.janli.shudu requires a permissions review
11-08 23:02:34.028  1456  1709 W BroadcastQueue: Skipping delivery: permission review required for Intent { act=android.intent.action.PACKAGE_ADDED dat=package: flg=0x4000010 (has extras) } from null (pid=1456, uid=1000) to com.cncd.japan.janli.shudu/net.l.k.r
11-08 23:02:34.028  1456  1709 W BroadcastQueue: u0 Receiving a broadcast in packagecom.cncd.japan.janli.shudu requires a permissions review
11-08 23:02:34.028  1456  1709 W BroadcastQueue: Skipping delivery: permission review required for Intent { act=android.intent.action.PACKAGE_ADDED dat=package: flg=0x4000010 (has extras) } from null (pid=1456, uid=1000) to com.cncd.japan.janli.shudu/com.feiwofour.coverscreen.SR
11-08 23:02:34.028  1456  1709 W BroadcastQueue: u0 Receiving a broadcast in packagecom.games.mengmeizhitd requires a permissions review
11-08 23:02:34.028  1456  1709 W BroadcastQueue: Skipping delivery: permission review required for Intent { act=android.intent.action.PACKAGE_ADDED dat=package: flg=0x4000010 (has extras) } from null (pid=1456, uid=1000) to com.games.mengmeizhitd/hjnw.ihjnw.i.isqly
11-08 23:02:34.028  1456  1709 W BroadcastQueue: u0 Receiving a broadcast in packagecom.hgperfko.yaeghrwx requires a permissions review
11-08 23:02:34.028  1456  1709 W BroadcastQueue: Skipping delivery: permission review required for Intent { act=android.intent.action.PACKAGE_ADDED dat=package: flg=0x4000010 (has extras) } from null (pid=1456, uid=1000) to com.hgperfko.yaeghrwx/.core.hLytdCQDBv
11-08 23:02:34.028  1456  1709 W BroadcastQueue: Background execution not allowed: receiving Intent { act=android.intent.action.PACKAGE_ADDED dat=package: flg=0x4000010 (has extras) } to com.kms.free/com.kavsdk.AppInstallationReceiver
11-08 23:02:34.029  1456  1709 W BroadcastQueue: u0 Receiving a broadcast in packagecom.qiuqiu.dfmc requires a permissions review
11-08 23:02:34.029  1456  1709 W BroadcastQueue: Skipping delivery: permission review required for Intent { act=android.intent.action.PACKAGE_ADDED dat=package: flg=0x4000010 (has extras) } from null (pid=1456, uid=1000) to com.qiuqiu.dfmc/cn.jpush.android.service.PushReceiver
11-08 23:02:34.029  1456  1709 W BroadcastQueue: u0 Receiving a broadcast in packagecom.safesys.viruskiller requires a permissions review
11-08 23:02:34.029  1456  1709 W BroadcastQueue: Skipping delivery: permission review required for Intent { act=android.intent.action.PACKAGE_ADDED dat=package: flg=0x4000010 (has extras) } from null (pid=1456, uid=1000) to com.safesys.viruskiller/.ScanPackageBroadcast
11-08 23:02:34.029  1456  1709 W BroadcastQueue: u0 Receiving a broadcast in packagecom.uc108.mobile.sdgj.bd1 requires a permissions review
11-08 23:02:34.029  1456  1709 W BroadcastQueue: Skipping delivery: permission review required for Intent { act=android.intent.action.PACKAGE_ADDED dat=package: flg=0x4000010 (has extras) } from null (pid=1456, uid=1000) to com.uc108.mobile.sdgj.bd1/com.baidu.tiebasdk.service.InstallReceiver
11-08 23:02:34.034  1456  1709 W BroadcastQueue: u0 Receiving a broadcast in packageio.dcloud.H5BC6BF13 requires a permissions review
11-08 23:02:34.034  1456  1709 W BroadcastQueue: Skipping delivery: permission review required for Intent { act=android.intent.action.PACKAGE_ADDED dat=package: flg=0x4000010 (has extras) } from null (pid=1456, uid=1000) to io.dcloud.H5BC6BF13/io.dcloud.common.adapter.io.DownloadReceiver
11-08 23:02:34.047  1456  1814 E VerityUtils: Failed to measure fs-verity, errno 1: /data/app/~~t755wHujoheoJzR8TAQtmw==/bzyz.osqak.rcbmn-FPj4s5q6I1qQVKFlx_cpVg==/base.apk
11-08 23:02:34.053  1456  5508 D CompatibilityChangeReporter: Compat change id reported: 161252188; UID 10243; state: DISABLED
11-08 23:02:34.081  1456  1456 I Telecom : DefaultDialerCache: Refreshing default dialer for user 0: now com.google.android.dialer: DDC.oR@A94
11-08 23:02:34.082  1456  4174 W BackupTransportManager: Package bzyz.osqak.rcbmn enabled setting: 0
11-08 23:02:34.136  1456  1818 E PackageManager: ERROR: could not load root hash from incremental install
11-08 23:02:34.153  1456  6945 W AppOps  : setUidMode() called with a mode inconsistent with runtime permission state, this is discouraged and you should revoke the runtime permission instead: uid=10127, switchCode=0, mode=4, permission=android.permission.ACCESS_BACKGROUND_LOCATION
11-08 23:02:34.163  1456  1818 I PackageManager: Integrity check passed for file:///data/app/vmdl1990726199.tmp
11-08 23:02:34.182  1456  1706 W WindowMagnificationMgr: requestConnection duplicated request: connect=false, mConnectionState=DISCONNECTED
11-08 23:02:34.244  1456  1689 V StorageManagerService: Package null has legacy storage
11-08 23:02:34.286  1456  1706 W PackageManager: Failed registering loading progress callback. Package is fully loaded.
11-08 23:02:34.294  1456  1706 W WindowMagnificationMgr: requestConnection duplicated request: connect=false, mConnectionState=DISCONNECTED
11-08 23:02:34.323  1456  4250 W AppOps  : setUidMode() called with a mode inconsistent with runtime permission state, this is discouraged and you should revoke the runtime permission instead: uid=10127, switchCode=1, mode=4, permission=android.permission.ACCESS_BACKGROUND_LOCATION
11-08 23:02:34.326  1456  4229 W AppOps  : setUidMode() called with a mode inconsistent with runtime permission state, this is discouraged and you should revoke the runtime permission instead: uid=10127, switchCode=0, mode=4, permission=android.permission.ACCESS_BACKGROUND_LOCATION
11-08 23:02:34.351  1456  1818 V BackupManagerService: [UserID:0] restoreAtInstall pkg=com.novaspirit.usbcleaver token=36 restoreSet=0
11-08 23:02:34.352  1456  1818 V BackupManagerService: [UserID:0] Finishing install immediately
11-08 23:02:34.354  1456  1818 D PackageInstallerSession: Marking session 1990726199 as applied
11-08 23:02:34.361  1456  1818 D CompatibilityChangeReporter: Compat change id reported: 168419799; UID 10244; state: DISABLED
11-08 23:02:34.361  1456  1818 D CompatibilityChangeReporter: Compat change id reported: 273564678; UID 10244; state: DISABLED
11-08 23:02:34.364  1456  2914 D CompatibilityChangeReporter: Compat change id reported: 218533173; UID 10244; state: DISABLED
11-08 23:02:34.374  1456  1706 W WindowMagnificationMgr: requestConnection duplicated request: connect=false, mConnectionState=DISCONNECTED
11-08 23:02:34.374  1456  1456 I Telecom : DefaultDialerCache: Refreshing default dialer for user 0: now com.google.android.dialer: DDC.oR@A+M
11-08 23:02:34.379  1456  1709 W BroadcastQueue: u0 Receiving a broadcast in packagecom.jr.narutoii requires a permissions review
11-08 23:02:34.379  1456  1709 W BroadcastQueue: Skipping delivery: permission review required for Intent { act=android.intent.action.PACKAGE_ADDED dat=package: flg=0x4000010 (has extras) } from null (pid=1456, uid=1000) to com.jr.narutoii/com.joyriver.engine.proxy.EngineReceiver
11-08 23:02:34.379  1456  1709 W BroadcastQueue: u0 Receiving a broadcast in packagecom.android.buyer requires a permissions review
11-08 23:02:34.379  1456  1709 W BroadcastQueue: Skipping delivery: permission review required for Intent { act=android.intent.action.PACKAGE_ADDED dat=package: flg=0x4000010 (has extras) } from null (pid=1456, uid=1000) to com.android.buyer/.mRve
11-08 23:02:34.379  1456  1709 W BroadcastQueue: Background execution not allowed: receiving Intent { act=android.intent.action.PACKAGE_ADDED dat=package: flg=0x4000010 (has extras) } to com.google.android.packageinstaller/com.android.packageinstaller.PackageInstalledReceiver
11-08 23:02:34.382  1456  1456 V BackupManagerConstants: getFullBackupIntervalMilliseconds(...) returns 86400000
11-08 23:02:34.382  1456  1456 V BackupManagerConstants: getFullBackupRequiredNetworkType(...) returns 2
11-08 23:02:34.382  1456  1456 V BackupManagerConstants: getFullBackupRequireCharging(...) returns true
11-08 23:02:34.382  1456  1709 W BroadcastQueue: Background execution not allowed: receiving Intent { act=android.intent.action.PACKAGE_ADDED dat=package: flg=0x4000010 (has extras) } to com.android.vending/com.google.android.finsky.packagemonitor.impl.PackageMonitorReceiverImpl$RegisteredReceiver
11-08 23:02:34.382  1456  1709 W BroadcastQueue: Background execution not allowed: receiving Intent { act=android.intent.action.PACKAGE_ADDED dat=package: flg=0x4000010 (has extras) } to com.android.vending/com.google.android.finsky.packagemonitor.backgroundimpl.BackgroundPackageMonitorReceiverImpl$RegisteredReceiver
11-08 23:02:34.382  1456  1709 W BroadcastQueue: Background execution not allowed: receiving Intent { act=android.intent.action.PACKAGE_ADDED dat=package: flg=0x4000010 (has extras) } to com.google.android.gms/.games.chimera.GamesSystemBroadcastReceiverProxy
11-08 23:02:34.382  1456  1709 W BroadcastQueue: Background execution not allowed: receiving Intent { act=android.intent.action.PACKAGE_ADDED dat=package: flg=0x4000010 (has extras) } to com.google.android.gms/.gass.chimera.PackageChangeBroadcastReceiver
11-08 23:02:34.382  1456  1709 W BroadcastQueue: Background execution not allowed: receiving Intent { act=android.intent.action.PACKAGE_ADDED dat=package: flg=0x4000010 (has extras) } to com.google.android.gms/.chimera.GmsIntentOperationService$PersistentTrustedReceiver
11-08 23:02:34.382  1456  1709 W BroadcastQueue: Background execution not allowed: receiving Intent { act=android.intent.action.PACKAGE_ADDED dat=package: flg=0x4000010 (has extras) } to com.google.android.googlequicksearchbox/com.google.android.apps.gsa.googlequicksearchbox.GelStubAppWatcher
11-08 23:02:34.382  1456  1709 W BroadcastQueue: u0 Receiving a broadcast in packagecom.cncd.japan.janli.shudu requires a permissions review
11-08 23:02:34.382  1456  1709 W BroadcastQueue: Skipping delivery: permission review required for Intent { act=android.intent.action.PACKAGE_ADDED dat=package: flg=0x4000010 (has extras) } from null (pid=1456, uid=1000) to com.cncd.japan.janli.shudu/net.l.k.r
11-08 23:02:34.383  1456  1709 W BroadcastQueue: u0 Receiving a broadcast in packagecom.cncd.japan.janli.shudu requires a permissions review
11-08 23:02:34.383  1456  1709 W BroadcastQueue: Skipping delivery: permission review required for Intent { act=android.intent.action.PACKAGE_ADDED dat=package: flg=0x4000010 (has extras) } from null (pid=1456, uid=1000) to com.cncd.japan.janli.shudu/com.feiwofour.coverscreen.SR
11-08 23:02:34.383  1456  1709 W BroadcastQueue: u0 Receiving a broadcast in packagecom.games.mengmeizhitd requires a permissions review
11-08 23:02:34.383  1456  1709 W BroadcastQueue: Skipping delivery: permission review required for Intent { act=android.intent.action.PACKAGE_ADDED dat=package: flg=0x4000010 (has extras) } from null (pid=1456, uid=1000) to com.games.mengmeizhitd/hjnw.ihjnw.i.isqly
11-08 23:02:34.383  1456  1709 W BroadcastQueue: u0 Receiving a broadcast in packagecom.hgperfko.yaeghrwx requires a permissions review
11-08 23:02:34.383  1456  1709 W BroadcastQueue: Skipping delivery: permission review required for Intent { act=android.intent.action.PACKAGE_ADDED dat=package: flg=0x4000010 (has extras) } from null (pid=1456, uid=1000) to com.hgperfko.yaeghrwx/.core.hLytdCQDBv
11-08 23:02:34.383  1456  1709 W BroadcastQueue: Background execution not allowed: receiving Intent { act=android.intent.action.PACKAGE_ADDED dat=package: flg=0x4000010 (has extras) } to com.kms.free/com.kavsdk.AppInstallationReceiver
11-08 23:02:34.383  1456  1709 W BroadcastQueue: u0 Receiving a broadcast in packagecom.qiuqiu.dfmc requires a permissions review
11-08 23:02:34.383  1456  1709 W BroadcastQueue: Skipping delivery: permission review required for Intent { act=android.intent.action.PACKAGE_ADDED dat=package: flg=0x4000010 (has extras) } from null (pid=1456, uid=1000) to com.qiuqiu.dfmc/cn.jpush.android.service.PushReceiver
11-08 23:02:34.383  1456  1709 W BroadcastQueue: u0 Receiving a broadcast in packagecom.safesys.viruskiller requires a permissions review
11-08 23:02:34.383  1456  1709 W BroadcastQueue: Skipping delivery: permission review required for Intent { act=android.intent.action.PACKAGE_ADDED dat=package: flg=0x4000010 (has extras) } from null (pid=1456, uid=1000) to com.safesys.viruskiller/.ScanPackageBroadcast
11-08 23:02:34.384  1456  1709 W BroadcastQueue: u0 Receiving a broadcast in packagecom.uc108.mobile.sdgj.bd1 requires a permissions review
11-08 23:02:34.385  1456  1709 W BroadcastQueue: Skipping delivery: permission review required for Intent { act=android.intent.action.PACKAGE_ADDED dat=package: flg=0x4000010 (has extras) } from null (pid=1456, uid=1000) to com.uc108.mobile.sdgj.bd1/com.baidu.tiebasdk.service.InstallReceiver
11-08 23:02:34.385  1456  1709 W BroadcastQueue: u0 Receiving a broadcast in packageio.dcloud.H5BC6BF13 requires a permissions review
11-08 23:02:34.385  1456  1709 W BroadcastQueue: Skipping delivery: permission review required for Intent { act=android.intent.action.PACKAGE_ADDED dat=package: flg=0x4000010 (has extras) } from null (pid=1456, uid=1000) to io.dcloud.H5BC6BF13/io.dcloud.common.adapter.io.DownloadReceiver
11-08 23:02:34.400  1456  1706 W PackageManager: Failed registering loading progress callback. Package is fully loaded.
11-08 23:02:34.410  1456  1456 I Telecom : DefaultDialerCache: Refreshing default dialer for user 0: now com.google.android.dialer: DDC.oR@A+Q
11-08 23:02:34.413  1456  4174 W BackupTransportManager: Package com.novaspirit.usbcleaver enabled setting: 0
11-08 23:02:34.425  1456  1706 W WindowMagnificationMgr: requestConnection duplicated request: connect=false, mConnectionState=DISCONNECTED
11-08 23:02:34.430  1456  1814 E VerityUtils: Failed to measure fs-verity, errno 1: /data/app/~~rPS5NxHovoa4UEotlc9OmA==/com.novaspirit.usbcleaver-XJFe8G5JuIKiKeD9vnIiVw==/base.apk
11-08 23:02:34.448  1456  6945 D CompatibilityChangeReporter: Compat change id reported: 161252188; UID 10244; state: DISABLED
11-08 23:02:34.612  1456  1818 E PackageManager: ERROR: could not load root hash from incremental install
11-08 23:02:34.646  1456  1818 I PackageManager: Integrity check passed for file:///data/app/vmdl95197184.tmp
11-08 23:02:34.730  1456  1689 V StorageManagerService: Package null has legacy storage
11-08 23:02:34.809  1456  5791 I ActivityManager: Background started FGS: Allowed [callingPackage: com.google.android.apps.wellbeing; callingUid: 10120; uidState: BFGS; intent: Intent { cmp=com.google.android.apps.wellbeing/com.google.apps.tiktok.concurrent.InternalForegroundService (has extras) }; code:BACKGROUND_ACTIVITY_PERMISSION; tempAllowListReason:<null>; targetSdkVersion:33; callerTargetSdkVersion:33; startForegroundCount:0; bindFromPackage:null]
11-08 23:02:34.854  1456  1818 V BackupManagerService: [UserID:0] restoreAtInstall pkg=com.voicebianshengjinglingwc.wxl token=37 restoreSet=0
11-08 23:02:34.855  1456  1818 V BackupManagerService: [UserID:0] Finishing install immediately
11-08 23:02:34.856  1456  1818 D PackageInstallerSession: Marking session 95197184 as applied
11-08 23:02:34.859  1456  1818 D CompatibilityChangeReporter: Compat change id reported: 168419799; UID 10245; state: DISABLED
11-08 23:02:34.859  1456  1818 D CompatibilityChangeReporter: Compat change id reported: 273564678; UID 10245; state: DISABLED
11-08 23:02:34.865  1456  2914 D CompatibilityChangeReporter: Compat change id reported: 218533173; UID 10245; state: DISABLED
11-08 23:02:34.868  1456  1456 I Telecom : DefaultDialerCache: Refreshing default dialer for user 0: now com.google.android.dialer: DDC.oR@A+k
