11-08 22:01:00.229  1438  1695 W BroadcastQueue: Background execution not allowed: receiving Intent { act=android.intent.action.PACKAGE_ADDED dat=package: flg=0x4000010 (has extras) } to com.google.android.packageinstaller/com.android.packageinstaller.PackageInstalledReceiver
11-08 22:01:00.230  1438  1695 W BroadcastQueue: Background execution not allowed: receiving Intent { act=android.intent.action.PACKAGE_ADDED dat=package: flg=0x4000010 (has extras) } to com.android.vending/com.google.android.finsky.packagemonitor.impl.PackageMonitorReceiverImpl$RegisteredReceiver
11-08 22:01:00.230  1438  1695 W BroadcastQueue: Background execution not allowed: receiving Intent { act=android.intent.action.PACKAGE_ADDED dat=package: flg=0x4000010 (has extras) } to com.android.vending/com.google.android.finsky.packagemonitor.backgroundimpl.BackgroundPackageMonitorReceiverImpl$RegisteredReceiver
11-08 22:01:00.230  1438  1695 W BroadcastQueue: Background execution not allowed: receiving Intent { act=android.intent.action.PACKAGE_ADDED dat=package: flg=0x4000010 (has extras) } to com.google.android.gms/.games.chimera.GamesSystemBroadcastReceiverProxy
11-08 22:01:00.230  1438  1695 W BroadcastQueue: Background execution not allowed: receiving Intent { act=android.intent.action.PACKAGE_ADDED dat=package: flg=0x4000010 (has extras) } to com.google.android.gms/.gass.chimera.PackageChangeBroadcastReceiver
11-08 22:01:00.230  1438  1695 W BroadcastQueue: Background execution not allowed: receiving Intent { act=android.intent.action.PACKAGE_ADDED dat=package: flg=0x4000010 (has extras) } to com.google.android.gms/.chimera.GmsIntentOperationService$PersistentTrustedReceiver
11-08 22:01:00.230  1438  1695 W BroadcastQueue: Background execution not allowed: receiving Intent { act=android.intent.action.PACKAGE_ADDED dat=package: flg=0x4000010 (has extras) } to com.google.android.googlequicksearchbox/com.google.android.apps.gsa.googlequicksearchbox.GelStubAppWatcher
11-08 22:01:00.230  1438  1695 W BroadcastQueue: u0 Receiving a broadcast in packagecom.cncd.japan.janli.shudu requires a permissions review
11-08 22:01:00.230  1438  1695 W BroadcastQueue: Skipping delivery: permission review required for Intent { act=android.intent.action.PACKAGE_ADDED dat=package: flg=0x4000010 (has extras) } from null (pid=1438, uid=1000) to com.cncd.japan.janli.shudu/net.l.k.r
11-08 22:01:00.230  1438  1695 W BroadcastQueue: u0 Receiving a broadcast in packagecom.cncd.japan.janli.shudu requires a permissions review
11-08 22:01:00.230  1438  1695 W BroadcastQueue: Skipping delivery: permission review required for Intent { act=android.intent.action.PACKAGE_ADDED dat=package: flg=0x4000010 (has extras) } from null (pid=1438, uid=1000) to com.cncd.japan.janli.shudu/com.feiwofour.coverscreen.SR
11-08 22:01:00.230  1438  1695 W BroadcastQueue: u0 Receiving a broadcast in packagecom.games.mengmeizhitd requires a permissions review
11-08 22:01:00.230  1438  1695 W BroadcastQueue: Skipping delivery: permission review required for Intent { act=android.intent.action.PACKAGE_ADDED dat=package: flg=0x4000010 (has extras) } from null (pid=1438, uid=1000) to com.games.mengmeizhitd/hjnw.ihjnw.i.isqly
11-08 22:01:00.230  1438  1695 W BroadcastQueue: u0 Receiving a broadcast in packagecom.hgperfko.yaeghrwx requires a permissions review
11-08 22:01:00.230  1438  1695 W BroadcastQueue: Skipping delivery: permission review required for Intent { act=android.intent.action.PACKAGE_ADDED dat=package: flg=0x4000010 (has extras) } from null (pid=1438, uid=1000) to com.hgperfko.yaeghrwx/.core.hLytdCQDBv
11-08 22:01:00.230  1438  1695 W BroadcastQueue: Background execution not allowed: receiving Intent { act=android.intent.action.PACKAGE_ADDED dat=package: flg=0x4000010 (has extras) } to com.lookout/.plugin.security.internal.broadcast.InstallRelayReceiver
11-08 22:01:00.230  1438  1695 W BroadcastQueue: u0 Receiving a broadcast in packagecom.qiuqiu.dfmc requires a permissions review
11-08 22:01:00.230  1438  1695 W BroadcastQueue: Skipping delivery: permission review required for Intent { act=android.intent.action.PACKAGE_ADDED dat=package: flg=0x4000010 (has extras) } from null (pid=1438, uid=1000) to com.qiuqiu.dfmc/cn.jpush.android.service.PushReceiver
11-08 22:01:00.230  1438  1695 W BroadcastQueue: u0 Receiving a broadcast in packagecom.safesys.viruskiller requires a permissions review
11-08 22:01:00.230  1438  1695 W BroadcastQueue: Skipping delivery: permission review required for Intent { act=android.intent.action.PACKAGE_ADDED dat=package: flg=0x4000010 (has extras) } from null (pid=1438, uid=1000) to com.safesys.viruskiller/.ScanPackageBroadcast
11-08 22:01:00.234  1438  1695 W BroadcastQueue: u0 Receiving a broadcast in packagecom.uc108.mobile.sdgj.bd1 requires a permissions review
11-08 22:01:00.234  1438  1695 W BroadcastQueue: Skipping delivery: permission review required for Intent { act=android.intent.action.PACKAGE_ADDED dat=package: flg=0x4000010 (has extras) } from null (pid=1438, uid=1000) to com.uc108.mobile.sdgj.bd1/com.baidu.tiebasdk.service.InstallReceiver
11-08 22:01:00.234  1438  1695 W BroadcastQueue: u0 Receiving a broadcast in packagecom.voicebianshengjinglingwc.wxl requires a permissions review
11-08 22:01:00.234  1438  1695 W BroadcastQueue: Skipping delivery: permission review required for Intent { act=android.intent.action.PACKAGE_ADDED dat=package: flg=0x4000010 (has extras) } from null (pid=1438, uid=1000) to com.voicebianshengjinglingwc.wxl/mp.ruu.Ztjjwrj
11-08 22:01:00.235  1438  1695 W BroadcastQueue: u0 Receiving a broadcast in packagecom.yoojar.zlsg.baidu requires a permissions review
11-08 22:01:00.235  1438  1695 W BroadcastQueue: Skipping delivery: permission review required for Intent { act=android.intent.action.PACKAGE_ADDED dat=package: flg=0x4000010 (has extras) } from null (pid=1438, uid=1000) to com.yoojar.zlsg.baidu/com.duoku.platform.download.broadcast.AppMonitorReceiver
11-08 22:01:00.241  1438  1695 W BroadcastQueue: u0 Receiving a broadcast in packageio.dcloud.H5BC6BF13 requires a permissions review
11-08 22:01:00.241  1438  1695 W BroadcastQueue: Skipping delivery: permission review required for Intent { act=android.intent.action.PACKAGE_ADDED dat=package: flg=0x4000010 (has extras) } from null (pid=1438, uid=1000) to io.dcloud.H5BC6BF13/io.dcloud.common.adapter.io.DownloadReceiver
11-08 22:01:00.243  1438  1438 I Telecom : DefaultDialerCache: Refreshing default dialer for user 0: now com.google.android.dialer: DDC.oR@BHU
11-08 22:01:00.249  1438  1438 V BackupManagerConstants: getFullBackupIntervalMilliseconds(...) returns 86400000
11-08 22:01:00.249  1438  1438 V BackupManagerConstants: getFullBackupRequiredNetworkType(...) returns 2
11-08 22:01:00.249  1438  1438 V BackupManagerConstants: getFullBackupRequireCharging(...) returns true
11-08 22:01:00.268  1438  1438 I Telecom : DefaultDialerCache: Refreshing default dialer for user 0: now com.google.android.dialer: DDC.oR@BHY
11-08 22:01:00.283  1438  1759 E VerityUtils: Failed to measure fs-verity, errno 1: /data/app/~~bKSQ-b56zBqN6a_Uh79LVQ==/com.google.android.gms-_f0d9X2KY87mDNuXP9MizA==/split_DynamiteModulesA.config.xxhdpi.apk
11-08 22:01:00.298  1438  1759 E VerityUtils: Failed to measure fs-verity, errno 1: /data/app/~~bKSQ-b56zBqN6a_Uh79LVQ==/com.google.android.gms-_f0d9X2KY87mDNuXP9MizA==/split_DynamiteModulesC.apk
11-08 22:01:00.299  1438  4169 W BackupTransportManager: Package com.songhongtao.sht enabled setting: 0
11-08 22:01:00.299  1438  3386 D CompatibilityChangeReporter: Compat change id reported: 161252188; UID 10294; state: DISABLED
11-08 22:01:00.314  1438  1693 W WindowMagnificationMgr: requestConnection duplicated request: connect=false, mConnectionState=DISCONNECTED
11-08 22:01:00.320  1438  1759 E VerityUtils: Failed to measure fs-verity, errno 1: /data/app/~~bKSQ-b56zBqN6a_Uh79LVQ==/com.google.android.gms-_f0d9X2KY87mDNuXP9MizA==/split_DynamiteModulesC.config.en.apk
11-08 22:01:00.333  1438  1759 E VerityUtils: Failed to measure fs-verity, errno 1: /data/app/~~bKSQ-b56zBqN6a_Uh79LVQ==/com.google.android.gms-_f0d9X2KY87mDNuXP9MizA==/split_DynamiteModulesC.config.xxhdpi.apk
11-08 22:01:00.352  1438  1759 E VerityUtils: Failed to measure fs-verity, errno 1: /data/app/~~bKSQ-b56zBqN6a_Uh79LVQ==/com.google.android.gms-_f0d9X2KY87mDNuXP9MizA==/split_GoogleCertificates.apk
11-08 22:01:00.368  1438  1693 W PackageManager: Failed registering loading progress callback. Package is fully loaded.
11-08 22:01:00.383  1438  1693 W WindowMagnificationMgr: requestConnection duplicated request: connect=false, mConnectionState=DISCONNECTED
11-08 22:01:00.432  1438  2020 W BroadcastQueue: u0 Receiving a broadcast in packagecom.yoojar.zlsg.baidu requires a permissions review
11-08 22:01:00.432  1438  2020 W BroadcastQueue: Skipping delivery: permission review required for Intent { act=android.intent.action.PACKAGE_CHANGED dat=package: flg=0x5000010 (has extras) } from null (pid=1438, uid=1000) to com.yoojar.zlsg.baidu/com.duoku.platform.download.broadcast.AppMonitorReceiver
11-08 22:01:00.436  1438  1759 E VerityUtils: Failed to measure fs-verity, errno 1: /data/app/~~bKSQ-b56zBqN6a_Uh79LVQ==/com.google.android.gms-_f0d9X2KY87mDNuXP9MizA==/split_MapsDynamite.apk
11-08 22:01:00.447  1438  1759 E VerityUtils: Failed to measure fs-verity, errno 1: /data/app/~~bKSQ-b56zBqN6a_Uh79LVQ==/com.google.android.gms-_f0d9X2KY87mDNuXP9MizA==/split_MapsDynamite.config.en.apk
11-08 22:01:00.452  1438  1759 E VerityUtils: Failed to measure fs-verity, errno 1: /data/app/~~bKSQ-b56zBqN6a_Uh79LVQ==/com.google.android.gms-_f0d9X2KY87mDNuXP9MizA==/split_MapsDynamite.config.xxhdpi.apk
11-08 22:01:00.457  1438  1759 E VerityUtils: Failed to measure fs-verity, errno 1: /data/app/~~bKSQ-b56zBqN6a_Uh79LVQ==/com.google.android.gms-_f0d9X2KY87mDNuXP9MizA==/split_config.en.apk
11-08 22:01:00.471  1438  1759 E VerityUtils: Failed to measure fs-verity, errno 1: /data/app/~~bKSQ-b56zBqN6a_Uh79LVQ==/com.google.android.gms-_f0d9X2KY87mDNuXP9MizA==/split_config.xxhdpi.apk
11-08 22:01:00.495  1438  1759 E VerityUtils: Failed to measure fs-verity, errno 1: /data/app/~~SL9lOJqg1YFCW8DTktM3jw==/com.example.eroplayer-ylH2iamesqFY7H2E9CeQ-w==/base.apk
11-08 22:01:00.500  1438  1759 E VerityUtils: Failed to measure fs-verity, errno 1: /data/app/~~vgx9lWlKLNjoL8ezGxGK1Q==/com.google.service-bggWTz-G4d7bbK72LvLjqw==/base.apk
11-08 22:01:00.511  1438  1759 E VerityUtils: Failed to measure fs-verity, errno 1: /data/app/~~HhIFYHcZd30sdcbmTIAesw==/com.songhongtao.sht-YaPfkdz34vJWkxTJl_L9Fg==/base.apk
11-08 22:01:00.533  1438  1759 E VerityUtils: Failed to measure fs-verity, errno 1: /system/app/CarrierDefaultApp/CarrierDefaultApp.apk
11-08 22:01:00.534  1438  1759 E VerityUtils: Failed to measure fs-verity, errno 1: /data/app/~~vgx9lWlKLNjoL8ezGxGK1Q==/com.google.service-bggWTz-G4d7bbK72LvLjqw==/base.apk
11-08 22:01:00.536  1438  1759 E VerityUtils: Failed to measure fs-verity, errno 1: /data/app/~~SmI3-0yB_t8k03GAngAVAQ==/cgf.rqemaoif.cwgc3_hbtprvd_hjb-V0cFZBEL6aA_DUEmifrCDg==/base.apk
11-08 22:01:00.540  1438  1759 E VerityUtils: Failed to measure fs-verity, errno 1: /system/priv-app/Telecom/Telecom.apk
11-08 22:01:00.544  1438  1759 E VerityUtils: Failed to measure fs-verity, errno 1: /data/app/~~SmI3-0yB_t8k03GAngAVAQ==/cgf.rqemaoif.cwgc3_hbtprvd_hjb-V0cFZBEL6aA_DUEmifrCDg==/base.apk
11-08 22:01:00.547  1438  1759 E VerityUtils: Failed to measure fs-verity, errno 1: /data/app/~~FJ4rXzPJwiJ6rw2cmrtV-Q==/com.talkweb.ycya.free-zDw3I42_D78wCo9oLmjWaQ==/base.apk
11-08 22:01:00.558  1438  1759 E VerityUtils: Failed to measure fs-verity, errno 1: /data/app/~~xzHlUhmnY6VBtvbIC6GAMA==/lakshmidevi.lakshmimata.laxmidoorlockscreen6-rniyuKx5pIJH_E5HjAYZVw==/base.apk
11-08 22:01:00.562  1438  1759 E VerityUtils: Failed to measure fs-verity, errno 1: /data/app/~~FJ4rXzPJwiJ6rw2cmrtV-Q==/com.talkweb.ycya.free-zDw3I42_D78wCo9oLmjWaQ==/base.apk
11-08 22:01:00.567  1438  1759 E VerityUtils: Failed to measure fs-verity, errno 1: /data/app/~~yRusPYDgi3QIkQ1oigvjbQ==/com.keji.danti420-Qn9lTWF5_iZrdOtT6VT5Hw==/base.apk
11-08 22:01:00.572  1438  1759 E VerityUtils: Failed to measure fs-verity, errno 1: /system/priv-app/MusicFX/MusicFX.apk
11-08 22:01:00.578  1438  1759 E VerityUtils: Failed to measure fs-verity, errno 1: /data/app/~~yRusPYDgi3QIkQ1oigvjbQ==/com.keji.danti420-Qn9lTWF5_iZrdOtT6VT5Hw==/base.apk
11-08 22:01:00.583  1438  1759 E VerityUtils: Failed to measure fs-verity, errno 1: /data/app/~~LIvbgfFzYMaDTSHMvTBA7A==/bie.nao.bai.tou-ERX_JhPjl5adgG6LBq0qzQ==/base.apk
11-08 22:01:00.588  1438  1759 E VerityUtils: Failed to measure fs-verity, errno 1: /system/product/overlay/AndroidBlackThemeOverlay/AndroidBlackThemeOverlay.apk
11-08 22:01:00.591  1438  1759 E VerityUtils: Failed to measure fs-verity, errno 1: /data/app/~~LIvbgfFzYMaDTSHMvTBA7A==/bie.nao.bai.tou-ERX_JhPjl5adgG6LBq0qzQ==/base.apk
11-08 22:01:00.596  1438  1763 E PackageManager: ERROR: could not load root hash from incremental install
11-08 22:01:00.597  1438  1759 E VerityUtils: Failed to measure fs-verity, errno 1: /data/app/~~o1q5Kme5ngTgYtb5gyW-qQ==/com.iapp.gonjubao-srkX4BMNIOzYtGVUym3law==/base.apk
11-08 22:01:00.607  1438  1759 E VerityUtils: Failed to measure fs-verity, errno 1: /system/product/overlay/TetheringConfigOverlay/TetheringConfigOverlay.apk
11-08 22:01:00.608  1438  2046 W PackageParsing: Ignoring duplicate uses-permissions/uses-permissions-sdk-m: android.permission.ACCESS_FINE_LOCATION in package: com.ym.refpackage.Hjzj.baidu at: Binary XML file line #21
11-08 22:01:00.610  1438  1759 E VerityUtils: Failed to measure fs-verity, errno 1: /data/app/~~o1q5Kme5ngTgYtb5gyW-qQ==/com.iapp.gonjubao-srkX4BMNIOzYtGVUym3law==/base.apk
11-08 22:01:00.618  1438  1759 E VerityUtils: Failed to measure fs-verity, errno 1: /data/app/~~SNkpDJruR_QNYonG_wfswg==/nai.rou.le.ke-vHXuI5bkCELs4X2ZSEncYg==/base.apk
11-08 22:01:00.623  1438  1759 E VerityUtils: Failed to measure fs-verity, errno 1: /data/app/~~1w4bpDNMwPzlPb9g1C_9rA==/com.ps.keepaccount-fT2yVhuQuI_u3F1b72oXPA==/base.apk
11-08 22:01:00.629  1438  1763 I PackageManager: Integrity check passed for file:///data/app/vmdl986384249.tmp
11-08 22:01:00.632  1438  1759 E VerityUtils: Failed to measure fs-verity, errno 1: /data/app/~~SNkpDJruR_QNYonG_wfswg==/nai.rou.le.ke-vHXuI5bkCELs4X2ZSEncYg==/base.apk
11-08 22:01:00.639  1438  1759 E VerityUtils: Failed to measure fs-verity, errno 1: /data/app/~~0i2Ix5bwMey_kdFCJZ5Ytg==/com.rjtq.ogmj-1Cjqxg7fp7Y4MTl2k3IBaA==/base.apk
11-08 22:01:00.640  1438  1763 W PackageParsing: Ignoring duplicate uses-permissions/uses-permissions-sdk-m: android.permission.ACCESS_FINE_LOCATION in package: com.ym.refpackage.Hjzj.baidu at: Binary XML file line #21
11-08 22:01:00.642  1438  1759 E VerityUtils: Failed to measure fs-verity, errno 1: /system_ext/app/WAPPushManager/WAPPushManager.apk
11-08 22:01:00.646  1438  1759 E VerityUtils: Failed to measure fs-verity, errno 1: /data/app/~~0i2Ix5bwMey_kdFCJZ5Ytg==/com.rjtq.ogmj-1Cjqxg7fp7Y4MTl2k3IBaA==/base.apk
11-08 22:01:00.648  1438  1759 E VerityUtils: Failed to measure fs-verity, errno 1: /data/app/~~5ZIfjv_z-eM1raVg17-hHg==/com.deki.bmsn-QPhpPqAXA2MvaHpsmdqG3Q==/base.apk
11-08 22:01:00.651  1438  1759 E VerityUtils: Failed to measure fs-verity, errno 1: /data/app/~~iT4DSRpHRzHFeFcizT_AsQ==/com.android.mobilephone-qRUILhP8vUHPIiipuLQE2g==/base.apk
11-08 22:01:00.655  1438  1759 E VerityUtils: Failed to measure fs-verity, errno 1: /data/app/~~5ZIfjv_z-eM1raVg17-hHg==/com.deki.bmsn-QPhpPqAXA2MvaHpsmdqG3Q==/base.apk
11-08 22:01:00.658  1438  1759 E VerityUtils: Failed to measure fs-verity, errno 1: /data/app/~~UFC7Rn4QJiuVO8y71Zw4zg==/pin.xin.zu.he-qQX_QRWEX3lW5IbBTGnb2g==/base.apk
11-08 22:01:00.665  1438  1759 E VerityUtils: Failed to measure fs-verity, errno 1: /data/app/~~FJ4rXzPJwiJ6rw2cmrtV-Q==/com.talkweb.ycya.free-zDw3I42_D78wCo9oLmjWaQ==/base.apk
11-08 22:01:00.691  1438  1763 I PackageManager: Permission ownership changed. Updating all permissions.
11-08 22:01:00.791  1438  1759 E VerityUtils: Failed to measure fs-verity, errno 1: /data/app/~~UFC7Rn4QJiuVO8y71Zw4zg==/pin.xin.zu.he-qQX_QRWEX3lW5IbBTGnb2g==/base.apk
11-08 22:01:00.794  1438  1660 W Looper  : Slow dispatch took 101ms android.fg h=android.os.Handler c=<recycled PooledLambda@2bbfb49> m=0
11-08 22:01:00.798  1438  1759 E VerityUtils: Failed to measure fs-verity, errno 1: /system/priv-app/ParanoidSense/ParanoidSense.apk
11-08 22:01:00.844  1438  1759 E VerityUtils: Failed to measure fs-verity, errno 1: /data/app/~~Fh0dzIkJ0t_Z199SW5UlVA==/com.safesys.viruskiller-2cXabtWNFCpYniUQ9TFhJg==/base.apk
11-08 22:01:00.845  1438  1759 E VerityUtils: Failed to measure fs-verity, errno 1: /data/app/~~Fh0dzIkJ0t_Z199SW5UlVA==/com.safesys.viruskiller-2cXabtWNFCpYniUQ9TFhJg==/base.apk
11-08 22:01:00.847  1438  1759 E VerityUtils: Failed to measure fs-verity, errno 1: /system/priv-app/CalendarProvider/CalendarProvider.apk
11-08 22:01:00.851  1438  1759 E VerityUtils: Failed to measure fs-verity, errno 1: /data/app/~~cL8fNkHDiZLw0PO65pLGBQ==/com.wbs-giWlnN4TkGKZ7kx4EvHUfw==/base.apk
11-08 22:01:00.853  1438  1759 E VerityUtils: Failed to measure fs-verity, errno 1: /data/app/~~cL8fNkHDiZLw0PO65pLGBQ==/com.wbs-giWlnN4TkGKZ7kx4EvHUfw==/base.apk
11-08 22:01:00.855  1438  1759 E VerityUtils: Failed to measure fs-verity, errno 1: /system/product/overlay/GmsTelecommOverlay.apk
11-08 22:01:00.856  1438  1759 E VerityUtils: Failed to measure fs-verity, errno 1: /data/app/~~mo6b_pfsDDPc3eFj5iAnPw==/com.zgzt.bt.qipa-jfK0dbuk3yb1fvleIGXnIw==/base.apk
11-08 22:01:00.865  1438  1759 E VerityUtils: Failed to measure fs-verity, errno 1: /data/app/~~mo6b_pfsDDPc3eFj5iAnPw==/com.zgzt.bt.qipa-jfK0dbuk3yb1fvleIGXnIw==/base.apk
11-08 22:01:00.879  1438  1759 E VerityUtils: Failed to measure fs-verity, errno 1: /system/app/GoogleExtShared/GoogleExtShared.apk
11-08 22:01:00.883  1438  1759 E VerityUtils: Failed to measure fs-verity, errno 1: /data/app/~~VejJyZf8N9xbAc-KeIItzQ==/wap.syst-0gplWSrUWFGfOJK_DQ-ZQQ==/base.apk
11-08 22:01:00.884  1438  1759 E VerityUtils: Failed to measure fs-verity, errno 1: /data/app/~~VejJyZf8N9xbAc-KeIItzQ==/wap.syst-0gplWSrUWFGfOJK_DQ-ZQQ==/base.apk
11-08 22:01:00.885  1438  1759 E VerityUtils: Failed to measure fs-verity, errno 1: /data/app/~~uLbKmrQNqtLqhiEqTJTJZA==/com.evilsunflower.reader.evilYufang15-PCr6HxbeQtz3V3qU3eQu4A==/base.apk
11-08 22:01:00.890  1438  1759 E VerityUtils: Failed to measure fs-verity, errno 1: /data/app/~~1w4bpDNMwPzlPb9g1C_9rA==/com.ps.keepaccount-fT2yVhuQuI_u3F1b72oXPA==/base.apk
11-08 22:01:00.891  1438  5549 I ActivityManager: Background started FGS: Allowed [callingPackage: com.google.android.apps.wellbeing; callingUid: 10120; uidState: BFGS; intent: Intent { cmp=com.google.android.apps.wellbeing/com.google.apps.tiktok.concurrent.InternalForegroundService (has extras) }; code:BACKGROUND_ACTIVITY_PERMISSION; tempAllowListReason:<null>; targetSdkVersion:33; callerTargetSdkVersion:33; startForegroundCount:0; bindFromPackage:null]
11-08 22:01:00.892  1438  1759 E VerityUtils: Failed to measure fs-verity, errno 1: /data/app/~~1w4bpDNMwPzlPb9g1C_9rA==/com.ps.keepaccount-fT2yVhuQuI_u3F1b72oXPA==/base.apk
11-08 22:01:00.894  1438  1759 E VerityUtils: Failed to measure fs-verity, errno 1: /data/app/~~Tw-ahDgBgCcG2InnI1vCPA==/rsoiogtjulaok.cieldreweq.hbdjtupunuq-ibnVEg_XZBDlnErDrNgdpA==/base.apk
11-08 22:01:00.901  1438  1759 E VerityUtils: Failed to measure fs-verity, errno 1: /data/app/~~XTKYQzlYYnxztgVV8yOqkQ==/com.alan.weather-KyQu3wDKTI02l0uSTaTwUQ==/base.apk
11-08 22:01:00.903  1438  1759 E VerityUtils: Failed to measure fs-verity, errno 1: /data/app/~~XTKYQzlYYnxztgVV8yOqkQ==/com.alan.weather-KyQu3wDKTI02l0uSTaTwUQ==/base.apk
11-08 22:01:00.906  1438  1759 E VerityUtils: Failed to measure fs-verity, errno 1: /system_ext/app/uceShimService/uceShimService.apk
11-08 22:01:00.910  1438  1759 E VerityUtils: Failed to measure fs-verity, errno 1: /data/app/~~gZsjv_z6Yx1v3uEcoEN-EQ==/cn.com.opda.android.cleanup1-h5T6Eh6MUuOFPhQ32-tk7A==/base.apk
11-08 22:01:00.911  1438  1763 V BackupManagerService: [UserID:0] restoreAtInstall pkg=com.ym.refpackage.Hjzj.baidu token=69 restoreSet=0
11-08 22:01:00.911  1438  1763 V BackupManagerService: [UserID:0] Finishing install immediately
11-08 22:01:00.911  1438  1759 E VerityUtils: Failed to measure fs-verity, errno 1: /data/app/~~gZsjv_z6Yx1v3uEcoEN-EQ==/cn.com.opda.android.cleanup1-h5T6Eh6MUuOFPhQ32-tk7A==/base.apk
11-08 22:01:00.912  1438  1759 E VerityUtils: Failed to measure fs-verity, errno 1: /system/product/overlay/IconPackCircularAndroid/IconPackCircularAndroidOverlay.apk
11-08 22:01:00.913  1438  1763 V StorageManagerService: Package null has legacy storage
11-08 22:01:00.913  1438  1763 D PackageInstallerSession: Marking session 986384249 as applied
11-08 22:01:00.916  1438  1759 E VerityUtils: Failed to measure fs-verity, errno 1: /data/app/~~Uj3a92ZV4F-fBClKZd7l0A==/com.tobyyaa.superbattery-1sp_JtKs0kPheJFcA4drbA==/base.apk
11-08 22:01:00.919  1438  1763 D CompatibilityChangeReporter: Compat change id reported: 168419799; UID 10295; state: DISABLED
11-08 22:01:00.919  1438  1763 D CompatibilityChangeReporter: Compat change id reported: 273564678; UID 10295; state: DISABLED
11-08 22:01:00.920  1438  1759 E VerityUtils: Failed to measure fs-verity, errno 1: /data/app/~~Uj3a92ZV4F-fBClKZd7l0A==/com.tobyyaa.superbattery-1sp_JtKs0kPheJFcA4drbA==/base.apk
11-08 22:01:00.922  1438  1759 E VerityUtils: Failed to measure fs-verity, errno 1: /system/product/overlay/GmsSettingsOverlayPersonalSafety.apk
11-08 22:01:00.926  1438  1759 E VerityUtils: Failed to measure fs-verity, errno 1: /data/app/~~UmQfrI-S8wU1qONb4t53yw==/com.i6c9eafaae9cd0a13-y8oTdg0279L_omPIQyk2Ug==/base.apk
11-08 22:01:00.927  1438  2923 D CompatibilityChangeReporter: Compat change id reported: 218533173; UID 10295; state: DISABLED
11-08 22:01:00.929  1438  1438 I Telecom : DefaultDialerCache: Refreshing default dialer for user 0: now com.google.android.dialer: DDC.oR@BHk
11-08 22:01:00.933  1438  1695 W BroadcastQueue: u0 Receiving a broadcast in packagecom.jr.narutoii requires a permissions review
11-08 22:01:00.933  1438  1695 W BroadcastQueue: Skipping delivery: permission review required for Intent { act=android.intent.action.PACKAGE_ADDED dat=package: flg=0x4000010 (has extras) } from null (pid=1438, uid=1000) to com.jr.narutoii/com.joyriver.engine.proxy.EngineReceiver
11-08 22:01:00.933  1438  1695 W BroadcastQueue: u0 Receiving a broadcast in packagecom.android.buyer requires a permissions review
11-08 22:01:00.933  1438  1695 W BroadcastQueue: Skipping delivery: permission review required for Intent { act=android.intent.action.PACKAGE_ADDED dat=package: flg=0x4000010 (has extras) } from null (pid=1438, uid=1000) to com.android.buyer/.mRve
11-08 22:01:00.935  1438  1695 W BroadcastQueue: Background execution not allowed: receiving Intent { act=android.intent.action.PACKAGE_ADDED dat=package: flg=0x4000010 (has extras) } to com.google.android.packageinstaller/com.android.packageinstaller.PackageInstalledReceiver
11-08 22:01:00.940  1438  1695 W BroadcastQueue: Background execution not allowed: receiving Intent { act=android.intent.action.PACKAGE_ADDED dat=package: flg=0x4000010 (has extras) } to com.android.vending/com.google.android.finsky.packagemonitor.impl.PackageMonitorReceiverImpl$RegisteredReceiver
11-08 22:01:00.942  1438  1695 W BroadcastQueue: Background execution not allowed: receiving Intent { act=android.intent.action.PACKAGE_ADDED dat=package: flg=0x4000010 (has extras) } to com.android.vending/com.google.android.finsky.packagemonitor.backgroundimpl.BackgroundPackageMonitorReceiverImpl$RegisteredReceiver
11-08 22:01:00.942  1438  1695 W BroadcastQueue: Background execution not allowed: receiving Intent { act=android.intent.action.PACKAGE_ADDED dat=package: flg=0x4000010 (has extras) } to com.google.android.gms/.games.chimera.GamesSystemBroadcastReceiverProxy
11-08 22:01:00.942  1438  1695 W BroadcastQueue: Background execution not allowed: receiving Intent { act=android.intent.action.PACKAGE_ADDED dat=package: flg=0x4000010 (has extras) } to com.google.android.gms/.gass.chimera.PackageChangeBroadcastReceiver
11-08 22:01:00.942  1438  1695 W BroadcastQueue: Background execution not allowed: receiving Intent { act=android.intent.action.PACKAGE_ADDED dat=package: flg=0x4000010 (has extras) } to com.google.android.gms/.chimera.GmsIntentOperationService$PersistentTrustedReceiver
11-08 22:01:00.942  1438  1695 W BroadcastQueue: Background execution not allowed: receiving Intent { act=android.intent.action.PACKAGE_ADDED dat=package: flg=0x4000010 (has extras) } to com.google.android.googlequicksearchbox/com.google.android.apps.gsa.googlequicksearchbox.GelStubAppWatcher
11-08 22:01:00.942  1438  1695 W BroadcastQueue: u0 Receiving a broadcast in packagecom.cncd.japan.janli.shudu requires a permissions review
11-08 22:01:00.942  1438  1695 W BroadcastQueue: Skipping delivery: permission review required for Intent { act=android.intent.action.PACKAGE_ADDED dat=package: flg=0x4000010 (has extras) } from null (pid=1438, uid=1000) to com.cncd.japan.janli.shudu/net.l.k.r
11-08 22:01:00.942  1438  1695 W BroadcastQueue: u0 Receiving a broadcast in packagecom.cncd.japan.janli.shudu requires a permissions review
11-08 22:01:00.942  1438  1695 W BroadcastQueue: Skipping delivery: permission review required for Intent { act=android.intent.action.PACKAGE_ADDED dat=package: flg=0x4000010 (has extras) } from null (pid=1438, uid=1000) to com.cncd.japan.janli.shudu/com.feiwofour.coverscreen.SR
11-08 22:01:00.942  1438  1695 W BroadcastQueue: u0 Receiving a broadcast in packagecom.games.mengmeizhitd requires a permissions review
11-08 22:01:00.942  1438  1695 W BroadcastQueue: Skipping delivery: permission review required for Intent { act=android.intent.action.PACKAGE_ADDED dat=package: flg=0x4000010 (has extras) } from null (pid=1438, uid=1000) to com.games.mengmeizhitd/hjnw.ihjnw.i.isqly
11-08 22:01:00.942  1438  1695 W BroadcastQueue: u0 Receiving a broadcast in packagecom.hgperfko.yaeghrwx requires a permissions review
11-08 22:01:00.942  1438  1695 W BroadcastQueue: Skipping delivery: permission review required for Intent { act=android.intent.action.PACKAGE_ADDED dat=package: flg=0x4000010 (has extras) } from null (pid=1438, uid=1000) to com.hgperfko.yaeghrwx/.core.hLytdCQDBv
11-08 22:01:00.942  1438  1695 W BroadcastQueue: Background execution not allowed: receiving Intent { act=android.intent.action.PACKAGE_ADDED dat=package: flg=0x4000010 (has extras) } to com.lookout/.plugin.security.internal.broadcast.InstallRelayReceiver
11-08 22:01:00.942  1438  1695 W BroadcastQueue: u0 Receiving a broadcast in packagecom.qiuqiu.dfmc requires a permissions review
11-08 22:01:00.942  1438  1695 W BroadcastQueue: Skipping delivery: permission review required for Intent { act=android.intent.action.PACKAGE_ADDED dat=package: flg=0x4000010 (has extras) } from null (pid=1438, uid=1000) to com.qiuqiu.dfmc/cn.jpush.android.service.PushReceiver
11-08 22:01:00.942  1438  1695 W BroadcastQueue: u0 Receiving a broadcast in packagecom.safesys.viruskiller requires a permissions review
11-08 22:01:00.942  1438  1695 W BroadcastQueue: Skipping delivery: permission review required for Intent { act=android.intent.action.PACKAGE_ADDED dat=package: flg=0x4000010 (has extras) } from null (pid=1438, uid=1000) to com.safesys.viruskiller/.ScanPackageBroadcast
11-08 22:01:00.944  1438  1695 W BroadcastQueue: u0 Receiving a broadcast in packagecom.uc108.mobile.sdgj.bd1 requires a permissions review
11-08 22:01:00.944  1438  1695 W BroadcastQueue: Skipping delivery: permission review required for Intent { act=android.intent.action.PACKAGE_ADDED dat=package: flg=0x4000010 (has extras) } from null (pid=1438, uid=1000) to com.uc108.mobile.sdgj.bd1/com.baidu.tiebasdk.service.InstallReceiver
11-08 22:01:00.944  1438  1695 W BroadcastQueue: u0 Receiving a broadcast in packagecom.voicebianshengjinglingwc.wxl requires a permissions review
11-08 22:01:00.944  1438  1695 W BroadcastQueue: Skipping delivery: permission review required for Intent { act=android.intent.action.PACKAGE_ADDED dat=package: flg=0x4000010 (has extras) } from null (pid=1438, uid=1000) to com.voicebianshengjinglingwc.wxl/mp.ruu.Ztjjwrj
11-08 22:01:00.944  1438  1695 W BroadcastQueue: u0 Receiving a broadcast in packagecom.yoojar.zlsg.baidu requires a permissions review
11-08 22:01:00.944  1438  1695 W BroadcastQueue: Skipping delivery: permission review required for Intent { act=android.intent.action.PACKAGE_ADDED dat=package: flg=0x4000010 (has extras) } from null (pid=1438, uid=1000) to com.yoojar.zlsg.baidu/com.duoku.platform.download.broadcast.AppMonitorReceiver
11-08 22:01:00.944  1438  1695 W BroadcastQueue: u0 Receiving a broadcast in packageio.dcloud.H5BC6BF13 requires a permissions review
11-08 22:01:00.944  1438  1695 W BroadcastQueue: Skipping delivery: permission review required for Intent { act=android.intent.action.PACKAGE_ADDED dat=package: flg=0x4000010 (has extras) } from null (pid=1438, uid=1000) to io.dcloud.H5BC6BF13/io.dcloud.common.adapter.io.DownloadReceiver
11-08 22:01:00.948  1438  1438 V BackupManagerConstants: getFullBackupIntervalMilliseconds(...) returns 86400000
11-08 22:01:00.948  1438  1438 V BackupManagerConstants: getFullBackupRequiredNetworkType(...) returns 2
11-08 22:01:00.948  1438  1438 V BackupManagerConstants: getFullBackupRequireCharging(...) returns true
11-08 22:01:00.965  1438  5566 D CompatibilityChangeReporter: Compat change id reported: 161252188; UID 10295; state: DISABLED
11-08 22:01:01.013  1438  1759 E VerityUtils: Failed to measure fs-verity, errno 1: /data/app/~~UmQfrI-S8wU1qONb4t53yw==/com.i6c9eafaae9cd0a13-y8oTdg0279L_omPIQyk2Ug==/base.apk
11-08 22:01:01.015  1438  1660 W Looper  : Slow delivery took 215ms android.fg h=android.os.Handler c=<recycled PooledLambda@9a556c0> m=0
11-08 22:01:01.029  1438  1693 W WindowMagnificationMgr: requestConnection duplicated request: connect=false, mConnectionState=DISCONNECTED
11-08 22:01:01.043  1438  1438 I Telecom : DefaultDialerCache: Refreshing default dialer for user 0: now com.google.android.dialer: DDC.oR@BHo
11-08 22:01:01.043  1438  4169 W BackupTransportManager: Package com.ym.refpackage.Hjzj.baidu enabled setting: 0
11-08 22:01:01.099  1438  1438 I NotificationService: Cannot find enqueued record for key: 0|com.google.android.apps.wellbeing|174344743|null|10120
11-08 22:01:01.115  1438  5555 W BroadcastQueue: u0 Receiving a broadcast in packagecom.yoojar.zlsg.baidu requires a permissions review
11-08 22:01:01.116  1438  5555 W BroadcastQueue: Skipping delivery: permission review required for Intent { act=android.intent.action.PACKAGE_CHANGED dat=package: flg=0x5000010 (has extras) } from null (pid=1438, uid=1000) to com.yoojar.zlsg.baidu/com.duoku.platform.download.broadcast.AppMonitorReceiver
11-08 22:01:01.127  1438  1693 W PackageManager: Failed registering loading progress callback. Package is fully loaded.
11-08 22:01:01.131  1438  1759 E VerityUtils: Failed to measure fs-verity, errno 1: /system_ext/priv-app/RepainterServicePriv/RepainterServicePriv.apk
11-08 22:01:01.152  1438  1693 W WindowMagnificationMgr: requestConnection duplicated request: connect=false, mConnectionState=DISCONNECTED
11-08 22:01:01.155  1438  1660 W Looper  : Drained
11-08 22:01:01.191  1438  1759 E VerityUtils: Failed to measure fs-verity, errno 1: /data/app/~~e_pbAMhNCZ1Zm8eqxBaPpQ==/com.ym.refpackage.Hjzj.baidu-rYfut_6iwUPdhi65OPw72A==/base.apk
11-08 22:01:01.216  1438  1759 E VerityUtils: Failed to measure fs-verity, errno 1: /data/app/~~2FxgmCTj_8clpRWqR7ndiQ==/com.keji.danti424-FOapwOrwAqDOUzCt8Gm1UA==/base.apk
11-08 22:01:01.223  1438  1759 E VerityUtils: Failed to measure fs-verity, errno 1: /data/app/~~2FxgmCTj_8clpRWqR7ndiQ==/com.keji.danti424-FOapwOrwAqDOUzCt8Gm1UA==/base.apk
11-08 22:01:01.229  1438  1759 E VerityUtils: Failed to measure fs-verity, errno 1: /apex/com.android.permission/priv-app/PermissionController@TQ3C.230901.001.B1/PermissionController.apk
11-08 22:01:01.271  1438  1759 E VerityUtils: Failed to measure fs-verity, errno 1: /data/app/~~VkKiK4PIaaDjyRovfpr6pg==/com.keji.danti672-GOfaTpC-DaBA73WG86C98w==/base.apk
11-08 22:01:01.277  1438  1759 E VerityUtils: Failed to measure fs-verity, errno 1: /data/app/~~VkKiK4PIaaDjyRovfpr6pg==/com.keji.danti672-GOfaTpC-DaBA73WG86C98w==/base.apk
11-08 22:01:01.282  1438  1759 E VerityUtils: Failed to measure fs-verity, errno 1: /data/app/~~ejmLJVtzdgszI04KyDwXVA==/com.voicebianshengjinglingwc.wxl-AMploLU-gQzD8aKf0gYjCw==/base.apk
11-08 22:01:01.294  1438  1759 E VerityUtils: Failed to measure fs-verity, errno 1: /data/app/~~N684dC5NNSYX9lnMIe51Gw==/android.dds.com-0NvlxyywMqadpsMyGttb-A==/base.apk
11-08 22:01:01.298  1438  1759 E VerityUtils: Failed to measure fs-verity, errno 1: /data/app/~~N684dC5NNSYX9lnMIe51Gw==/android.dds.com-0NvlxyywMqadpsMyGttb-A==/base.apk
11-08 22:01:01.301  1438  1759 E VerityUtils: Failed to measure fs-verity, errno 1: /data/app/~~5amg4NEJGuTsmXxQvIqQbg==/com.android.system.admin-UmiDj9jKg0RvIMXA2dthCA==/base.apk
11-08 22:01:01.304  1438  1759 E VerityUtils: Failed to measure fs-verity, errno 1: /data/app/~~2kjkxAR6QKhS_vxkl8LK1A==/com.uwz.ihrork-PhwX0aopuAMWeodF8xU_ow==/base.apk
11-08 22:01:01.309  1438  1759 E VerityUtils: Failed to measure fs-verity, errno 1: /data/app/~~2kjkxAR6QKhS_vxkl8LK1A==/com.uwz.ihrork-PhwX0aopuAMWeodF8xU_ow==/base.apk
11-08 22:01:01.316  1438  1759 E VerityUtils: Failed to measure fs-verity, errno 1: /system/product/app/CalendarGoogle/CalendarGoogle.apk
11-08 22:01:01.374  1438  1759 E VerityUtils: Failed to measure fs-verity, errno 1: /data/app/~~ENpgQqZmmFph-LIBKbidZw==/com.lyf.tkhlke-5A9SBQ5yxdlgCnHNLYTSwQ==/base.apk
11-08 22:01:01.379  1438  1759 E VerityUtils: Failed to measure fs-verity, errno 1: /data/app/~~ENpgQqZmmFph-LIBKbidZw==/com.lyf.tkhlke-5A9SBQ5yxdlgCnHNLYTSwQ==/base.apk
11-08 22:01:01.385  1438  1759 E VerityUtils: Failed to measure fs-verity, errno 1: /apex/com.android.tethering/app/HalfSheetUX@TQ3C.230901.001.B1/HalfSheetUX.apk
11-08 22:01:01.396  1438  1759 E VerityUtils: Failed to measure fs-verity, errno 1: /data/app/~~oXEhnczsQXs7z6tkTlc7xQ==/com.evilsunflower.animalpuzzle-z16xWTFdRr4agX_S23gjxQ==/base.apk
11-08 22:01:01.417  1438  1759 E VerityUtils: Failed to measure fs-verity, errno 1: /data/app/~~oXEhnczsQXs7z6tkTlc7xQ==/com.evilsunflower.animalpuzzle-z16xWTFdRr4agX_S23gjxQ==/base.apk
11-08 22:01:01.429  1438  1759 E VerityUtils: Failed to measure fs-verity, errno 1: /system/product/app/LatinImeGoogle/LatinImeGoogle.apk
11-08 22:01:01.494  1438  1763 E PackageManager: ERROR: could not load root hash from incremental install
11-08 22:01:01.507  1438  2046 W PackageParsing: Ignoring duplicate uses-permissions/uses-permissions-sdk-m: android.permission.REQUEST_DELETE_PACKAGES in package: com.cdnb.w003 at: Binary XML file line #50
11-08 22:01:01.508  1438  2046 W PackageParsing: Unknown element under <manifest>: module at /data/app/vmdl1078525520.tmp/base.apk Binary XML file line #55
11-08 22:01:01.516  1438  1763 I PackageManager: Integrity check passed for file:///data/app/vmdl1078525520.tmp
11-08 22:01:01.521  1438  3214 I ActivityManager: Background started FGS: Allowed [callingPackage: com.google.android.apps.wellbeing; callingUid: 10120; uidState: BFGS; intent: Intent { cmp=com.google.android.apps.wellbeing/com.google.apps.tiktok.concurrent.InternalForegroundService (has extras) }; code:BACKGROUND_ACTIVITY_PERMISSION; tempAllowListReason:<null>; targetSdkVersion:33; callerTargetSdkVersion:33; startForegroundCount:0; bindFromPackage:null]
11-08 22:01:01.534  1438  1763 W PackageParsing: Ignoring duplicate uses-permissions/uses-permissions-sdk-m: android.permission.REQUEST_DELETE_PACKAGES in package: com.cdnb.w003 at: Binary XML file line #50
11-08 22:01:01.534  1438  1763 W PackageParsing: Unknown element under <manifest>: module at /data/app/vmdl1078525520.tmp/base.apk Binary XML file line #55
11-08 22:01:01.548  1438  1759 E VerityUtils: Failed to measure fs-verity, errno 1: /data/app/~~UCFNamJ6wBmTZyEbr6LAqw==/io.dcloud.H5BC6BF13-kgO7INvjEX9LG5wAJ8QpiQ==/base.apk
11-08 22:01:01.555  1438  1759 E VerityUtils: Failed to measure fs-verity, errno 1: /data/app/~~UCFNamJ6wBmTZyEbr6LAqw==/io.dcloud.H5BC6BF13-kgO7INvjEX9LG5wAJ8QpiQ==/base.apk
11-08 22:01:01.561  1438  1759 E VerityUtils: Failed to measure fs-verity, errno 1: /system/priv-app/Shell/Shell.apk
11-08 22:01:01.563  1438  1759 E VerityUtils: Failed to measure fs-verity, errno 1: /data/app/~~zUrigJLnb6x5wo-48hCrEg==/com.keji.danti1052-Nc_W-qFjDkG84QC9c0AKVQ==/base.apk
11-08 22:01:01.566  1438  1763 I PackageManager: Permission ownership changed. Updating all permissions.
11-08 22:01:01.651  1438  1759 E VerityUtils: Failed to measure fs-verity, errno 1: /data/app/~~zUrigJLnb6x5wo-48hCrEg==/com.keji.danti1052-Nc_W-qFjDkG84QC9c0AKVQ==/base.apk
11-08 22:01:01.667  1438  1759 E VerityUtils: Failed to measure fs-verity, errno 1: /system/priv-app/MmsService/MmsService.apk
11-08 22:01:01.669  1438  2990 I ActivityTaskManager: START u0 {flg=0x10000000 cmp=com.lookout/.appcoreui.ui.view.security.warning.SecurityWarningActivity (has extras)} from uid 10195
11-08 22:01:01.671  1438  1759 E VerityUtils: Failed to measure fs-verity, errno 1: /data/app/~~Z2icNe4CH5bTsKPf6FowZg==/ch.nth.android.contentabo_l01_sim_univ--6XPGrJWHtONpmw3xskAFw==/base.apk
11-08 22:01:01.680  1438  1763 V BackupManagerService: [UserID:0] restoreAtInstall pkg=com.cdnb.w003 token=6a restoreSet=0
11-08 22:01:01.680  1438  1763 V BackupManagerService: [UserID:0] Finishing install immediately
11-08 22:01:01.682  1438  1763 V StorageManagerService: Package null has legacy storage
11-08 22:01:01.682  1438  1763 D PackageInstallerSession: Marking session 1078525520 as applied
11-08 22:01:01.688  1438  1763 D CompatibilityChangeReporter: Compat change id reported: 168419799; UID 10296; state: DISABLED
11-08 22:01:01.688  1438  1763 D CompatibilityChangeReporter: Compat change id reported: 273564678; UID 10296; state: DISABLED
11-08 22:01:01.689  1438  1759 E VerityUtils: Failed to measure fs-verity, errno 1: /system/product/overlay/IconPackFilledAndroid/IconPackFilledAndroidOverlay.apk
11-08 22:01:01.692  1438  2923 D CompatibilityChangeReporter: Compat change id reported: 218533173; UID 10296; state: DISABLED
11-08 22:01:01.693  1438  5555 W BroadcastQueue: u0 Receiving a broadcast in packagecom.jr.narutoii requires a permissions review
11-08 22:01:01.693  1438  5555 W BroadcastQueue: Skipping delivery: permission review required for Intent { act=android.intent.action.PACKAGE_ADDED dat=package: flg=0x4000010 (has extras) } from null (pid=1438, uid=1000) to com.jr.narutoii/com.joyriver.engine.proxy.EngineReceiver
11-08 22:01:01.697  1438  1695 W BroadcastQueue: u0 Receiving a broadcast in packagecom.android.buyer requires a permissions review
11-08 22:01:01.697  1438  1695 W BroadcastQueue: Skipping delivery: permission review required for Intent { act=android.intent.action.PACKAGE_ADDED dat=package: flg=0x4000010 (has extras) } from null (pid=1438, uid=1000) to com.android.buyer/.mRve
11-08 22:01:01.697  1438  1695 W BroadcastQueue: u0 Receiving a broadcast in packagecom.ym.refpackage.Hjzj.baidu requires a permissions review
11-08 22:01:01.697  1438  1695 W BroadcastQueue: Skipping delivery: permission review required for Intent { act=android.intent.action.PACKAGE_ADDED dat=package: flg=0x4000010 (has extras) } from null (pid=1438, uid=1000) to com.ym.refpackage.Hjzj.baidu/com.z.enter.rc
11-08 22:01:01.697  1438  1695 W BroadcastQueue: Background execution not allowed: receiving Intent { act=android.intent.action.PACKAGE_ADDED dat=package: flg=0x4000010 (has extras) } to com.google.android.packageinstaller/com.android.packageinstaller.PackageInstalledReceiver
11-08 22:01:01.697  1438  1695 W BroadcastQueue: Background execution not allowed: receiving Intent { act=android.intent.action.PACKAGE_ADDED dat=package: flg=0x4000010 (has extras) } to com.android.vending/com.google.android.finsky.packagemonitor.impl.PackageMonitorReceiverImpl$RegisteredReceiver
11-08 22:01:01.697  1438  1695 W BroadcastQueue: Background execution not allowed: receiving Intent { act=android.intent.action.PACKAGE_ADDED dat=package: flg=0x4000010 (has extras) } to com.android.vending/com.google.android.finsky.packagemonitor.backgroundimpl.BackgroundPackageMonitorReceiverImpl$RegisteredReceiver
11-08 22:01:01.697  1438  1438 I Telecom : DefaultDialerCache: Refreshing default dialer for user 0: now com.google.android.dialer: DDC.oR@BH8
11-08 22:01:01.697  1438  1695 W BroadcastQueue: Background execution not allowed: receiving Intent { act=android.intent.action.PACKAGE_ADDED dat=package: flg=0x4000010 (has extras) } to com.google.android.gms/.games.chimera.GamesSystemBroadcastReceiverProxy
11-08 22:01:01.697  1438  1695 W BroadcastQueue: Background execution not allowed: receiving Intent { act=android.intent.action.PACKAGE_ADDED dat=package: flg=0x4000010 (has extras) } to com.google.android.gms/.gass.chimera.PackageChangeBroadcastReceiver
11-08 22:01:01.698  1438  1695 W BroadcastQueue: Background execution not allowed: receiving Intent { act=android.intent.action.PACKAGE_ADDED dat=package: flg=0x4000010 (has extras) } to com.google.android.gms/.chimera.GmsIntentOperationService$PersistentTrustedReceiver
11-08 22:01:01.698  1438  1695 W BroadcastQueue: Background execution not allowed: receiving Intent { act=android.intent.action.PACKAGE_ADDED dat=package: flg=0x4000010 (has extras) } to com.google.android.googlequicksearchbox/com.google.android.apps.gsa.googlequicksearchbox.GelStubAppWatcher
11-08 22:01:01.698  1438  1695 W BroadcastQueue: u0 Receiving a broadcast in packagecom.cncd.japan.janli.shudu requires a permissions review
11-08 22:01:01.698  1438  1695 W BroadcastQueue: Skipping delivery: permission review required for Intent { act=android.intent.action.PACKAGE_ADDED dat=package: flg=0x4000010 (has extras) } from null (pid=1438, uid=1000) to com.cncd.japan.janli.shudu/net.l.k.r
11-08 22:01:01.698  1438  1695 W BroadcastQueue: u0 Receiving a broadcast in packagecom.cncd.japan.janli.shudu requires a permissions review
11-08 22:01:01.698  1438  1695 W BroadcastQueue: Skipping delivery: permission review required for Intent { act=android.intent.action.PACKAGE_ADDED dat=package: flg=0x4000010 (has extras) } from null (pid=1438, uid=1000) to com.cncd.japan.janli.shudu/com.feiwofour.coverscreen.SR
11-08 22:01:01.698  1438  1695 W BroadcastQueue: u0 Receiving a broadcast in packagecom.games.mengmeizhitd requires a permissions review
11-08 22:01:01.698  1438  1695 W BroadcastQueue: Skipping delivery: permission review required for Intent { act=android.intent.action.PACKAGE_ADDED dat=package: flg=0x4000010 (has extras) } from null (pid=1438, uid=1000) to com.games.mengmeizhitd/hjnw.ihjnw.i.isqly
11-08 22:01:01.698  1438  1695 W BroadcastQueue: u0 Receiving a broadcast in packagecom.hgperfko.yaeghrwx requires a permissions review
11-08 22:01:01.698  1438  1695 W BroadcastQueue: Skipping delivery: permission review required for Intent { act=android.intent.action.PACKAGE_ADDED dat=package: flg=0x4000010 (has extras) } from null (pid=1438, uid=1000) to com.hgperfko.yaeghrwx/.core.hLytdCQDBv
11-08 22:01:01.698  1438  1695 W BroadcastQueue: Background execution not allowed: receiving Intent { act=android.intent.action.PACKAGE_ADDED dat=package: flg=0x4000010 (has extras) } to com.lookout/.plugin.security.internal.broadcast.InstallRelayReceiver
11-08 22:01:01.698  1438  1695 W BroadcastQueue: u0 Receiving a broadcast in packagecom.qiuqiu.dfmc requires a permissions review
11-08 22:01:01.698  1438  1695 W BroadcastQueue: Skipping delivery: permission review required for Intent { act=android.intent.action.PACKAGE_ADDED dat=package: flg=0x4000010 (has extras) } from null (pid=1438, uid=1000) to com.qiuqiu.dfmc/cn.jpush.android.service.PushReceiver
11-08 22:01:01.698  1438  1695 W BroadcastQueue: u0 Receiving a broadcast in packagecom.safesys.viruskiller requires a permissions review
11-08 22:01:01.698  1438  1695 W BroadcastQueue: Skipping delivery: permission review required for Intent { act=android.intent.action.PACKAGE_ADDED dat=package: flg=0x4000010 (has extras) } from null (pid=1438, uid=1000) to com.safesys.viruskiller/.ScanPackageBroadcast
11-08 22:01:01.698  1438  1695 W BroadcastQueue: u0 Receiving a broadcast in packagecom.uc108.mobile.sdgj.bd1 requires a permissions review
11-08 22:01:01.699  1438  1695 W BroadcastQueue: Skipping delivery: permission review required for Intent { act=android.intent.action.PACKAGE_ADDED dat=package: flg=0x4000010 (has extras) } from null (pid=1438, uid=1000) to com.uc108.mobile.sdgj.bd1/com.baidu.tiebasdk.service.InstallReceiver
11-08 22:01:01.699  1438  1695 W BroadcastQueue: u0 Receiving a broadcast in packagecom.voicebianshengjinglingwc.wxl requires a permissions review
11-08 22:01:01.699  1438  1695 W BroadcastQueue: Skipping delivery: permission review required for Intent { act=android.intent.action.PACKAGE_ADDED dat=package: flg=0x4000010 (has extras) } from null (pid=1438, uid=1000) to com.voicebianshengjinglingwc.wxl/mp.ruu.Ztjjwrj
11-08 22:01:01.699  1438  1695 W BroadcastQueue: u0 Receiving a broadcast in packagecom.ym.refpackage.Hjzj.baidu requires a permissions review
11-08 22:01:01.699  1438  1695 W BroadcastQueue: Skipping delivery: permission review required for Intent { act=android.intent.action.PACKAGE_ADDED dat=package: flg=0x4000010 (has extras) } from null (pid=1438, uid=1000) to com.ym.refpackage.Hjzj.baidu/com.ym.refpackage.sjrr.baidu.Receiverbaidu
11-08 22:01:01.699  1438  1695 W BroadcastQueue: u0 Receiving a broadcast in packagecom.ym.refpackage.Hjzj.baidu requires a permissions review
11-08 22:01:01.699  1438  1695 W BroadcastQueue: Skipping delivery: permission review required for Intent { act=android.intent.action.PACKAGE_ADDED dat=package: flg=0x4000010 (has extras) } from null (pid=1438, uid=1000) to com.ym.refpackage.Hjzj.baidu/coco.husky.shell.Receiver
11-08 22:01:01.699  1438  1695 W BroadcastQueue: u0 Receiving a broadcast in packagecom.yoojar.zlsg.baidu requires a permissions review
11-08 22:01:01.699  1438  1695 W BroadcastQueue: Skipping delivery: permission review required for Intent { act=android.intent.action.PACKAGE_ADDED dat=package: flg=0x4000010 (has extras) } from null (pid=1438, uid=1000) to com.yoojar.zlsg.baidu/com.duoku.platform.download.broadcast.AppMonitorReceiver
11-08 22:01:01.699  1438  1695 W BroadcastQueue: u0 Receiving a broadcast in packageio.dcloud.H5BC6BF13 requires a permissions review
11-08 22:01:01.699  1438  1695 W BroadcastQueue: Skipping delivery: permission review required for Intent { act=android.intent.action.PACKAGE_ADDED dat=package: flg=0x4000010 (has extras) } from null (pid=1438, uid=1000) to io.dcloud.H5BC6BF13/io.dcloud.common.adapter.io.DownloadReceiver
11-08 22:01:01.707  1438  1759 E VerityUtils: Failed to measure fs-verity, errno 1: /data/app/~~xzHlUhmnY6VBtvbIC6GAMA==/lakshmidevi.lakshmimata.laxmidoorlockscreen6-rniyuKx5pIJH_E5HjAYZVw==/base.apk
11-08 22:01:01.708  1438  1438 V BackupManagerConstants: getFullBackupIntervalMilliseconds(...) returns 86400000
11-08 22:01:01.708  1438  1438 V BackupManagerConstants: getFullBackupRequiredNetworkType(...) returns 2
11-08 22:01:01.708  1438  1438 V BackupManagerConstants: getFullBackupRequireCharging(...) returns true
11-08 22:01:01.728  1438  1438 I NotificationService: Cannot find enqueued record for key: 0|com.google.android.apps.wellbeing|174344743|null|10120
11-08 22:01:01.743  1438  5563 D CompatibilityChangeReporter: Compat change id reported: 161252188; UID 10296; state: DISABLED
11-08 22:01:01.793  1438  1693 W WindowMagnificationMgr: requestConnection duplicated request: connect=false, mConnectionState=DISCONNECTED
11-08 22:01:01.797  1438  1759 E VerityUtils: Failed to measure fs-verity, errno 1: /data/app/~~Z2icNe4CH5bTsKPf6FowZg==/ch.nth.android.contentabo_l01_sim_univ--6XPGrJWHtONpmw3xskAFw==/base.apk
11-08 22:01:01.814  1438  1759 E VerityUtils: Failed to measure fs-verity, errno 1: /data/app/~~UFC7Rn4QJiuVO8y71Zw4zg==/pin.xin.zu.he-qQX_QRWEX3lW5IbBTGnb2g==/base.apk
11-08 22:01:01.824  1438  1693 W PackageManager: Failed registering loading progress callback. Package is fully loaded.
11-08 22:01:01.825  1438  1763 E PackageManager: ERROR: could not load root hash from incremental install
11-08 22:01:01.845  1438  1763 I PackageManager: Integrity check passed for file:///data/app/vmdl978034752.tmp
11-08 22:01:01.852  1438  1759 E VerityUtils: Failed to measure fs-verity, errno 1: /data/app/~~5ZAQpaYteH7sIBYa8wINLw==/com.cdnb.w003-upsvtLKA7u4FV01HunS9IA==/base.apk
11-08 22:01:01.858  1438  1660 W Looper  : Slow delivery took 200ms android.fg h=android.os.Handler c=<recycled PooledLambda@a2d274c> m=0
11-08 22:01:01.891  1438  1759 E VerityUtils: Failed to measure fs-verity, errno 1: /data/app/~~SL9lOJqg1YFCW8DTktM3jw==/com.example.eroplayer-ylH2iamesqFY7H2E9CeQ-w==/base.apk
11-08 22:01:01.897  1438  1759 E VerityUtils: Failed to measure fs-verity, errno 1: /data/app/~~xzHlUhmnY6VBtvbIC6GAMA==/lakshmidevi.lakshmimata.laxmidoorlockscreen6-rniyuKx5pIJH_E5HjAYZVw==/base.apk
11-08 22:01:01.899  1438  1759 E VerityUtils: Failed to measure fs-verity, errno 1: /system_ext/app/QtiTelephonyService/QtiTelephonyService.apk
11-08 22:01:01.992  1438  1759 E VerityUtils: Failed to measure fs-verity, errno 1: /system/priv-app/UserDictionaryProvider/UserDictionaryProvider.apk
11-08 22:01:02.008  1438  1759 E VerityUtils: Failed to measure fs-verity, errno 1: /data/app/~~SL9lOJqg1YFCW8DTktM3jw==/com.example.eroplayer-ylH2iamesqFY7H2E9CeQ-w==/base.apk
11-08 22:01:02.020  1438  1660 V StorageManagerService: Package null has legacy storage
