11-08 22:01:04.457  1438  1759 E VerityUtils: Failed to measure fs-verity, errno 1: /system/product/overlay/GmsConfigOverlayASI.apk
11-08 22:01:04.474  1438  1759 E VerityUtils: Failed to measure fs-verity, errno 1: /system/product/priv-app/Velvet/Velvet.apk
11-08 22:01:04.500 19686 19695 W dex2oat64: Verification of void ru.tinkoff.core.stories.ui.main.StoryFragment.onViewCreated(android.view.View, android.os.Bundle) took 144.445ms (11014.53 bytecodes/s) (85664B approximate peak alloc)
11-08 22:01:04.527 19686 19686 I dex2oat64: dex2oat took 482.221ms (1.712s cpu) (threads: 8) arena alloc=0B (0B) java alloc=1810KB (1854416B) native alloc=2011KB (2059272B) free=1388KB (1422328B)
11-08 22:01:04.534  1059  2056 V installd: DexInv: --- END '/data/app/~~aqdL-SfR0Jt44pTBGrgvUQ==/slender.business.jacket-D6pMTmpb2M6VInJdU2KfbA==/base.apk' (success) ---
11-08 22:01:04.545  1438  1763 V BackupManagerService: [UserID:0] restoreAtInstall pkg=slender.business.jacket token=6d restoreSet=0
11-08 22:01:04.546  1438  1763 V BackupManagerService: [UserID:0] Finishing install immediately
11-08 22:01:04.548  3562  3562 I OverviewComponentObserver: updateOverviewTargets: mIsHomeDisabled=false, isDefaultHomeNull=false, mIsDefaultHome=true
11-08 22:01:04.550  3562  3562 I OverviewComponentObserver: updateOverviewTargets: mIsHomeDisabled=false, isDefaultHomeNull=false, mIsDefaultHome=true
11-08 22:01:04.550  1438  1763 D PackageInstallerSession: Marking session 1349305054 as applied
11-08 22:01:04.550  1059  2056 E installd: Couldn't opendir /data/app/vmdl1349305054.tmp: No such file or directory
11-08 22:01:04.551  1059  2056 E installd: Failed to delete /data/app/vmdl1349305054.tmp: No such file or directory
11-08 22:01:04.551  3562  3562 I OverviewComponentObserver: updateOverviewTargets: mIsHomeDisabled=false, isDefaultHomeNull=false, mIsDefaultHome=true
11-08 22:01:04.553  3562  3562 I OverviewComponentObserver: updateOverviewTargets: mIsHomeDisabled=false, isDefaultHomeNull=false, mIsDefaultHome=true
11-08 22:01:04.554  3562  3562 I OverviewComponentObserver: updateOverviewTargets: mIsHomeDisabled=false, isDefaultHomeNull=false, mIsDefaultHome=true
11-08 22:01:04.555  3562  3562 I OverviewComponentObserver: updateOverviewTargets: mIsHomeDisabled=false, isDefaultHomeNull=false, mIsDefaultHome=true
11-08 22:01:04.555  1438  1763 D CompatibilityChangeReporter: Compat change id reported: 168419799; UID 10299; state: DISABLED
11-08 22:01:04.555  3562  3562 I OverviewComponentObserver: updateOverviewTargets: mIsHomeDisabled=false, isDefaultHomeNull=false, mIsDefaultHome=true
11-08 22:01:04.556  1438  1763 D CompatibilityChangeReporter: Compat change id reported: 273564678; UID 10299; state: DISABLED
11-08 22:01:04.556  3562  3562 I OverviewComponentObserver: updateOverviewTargets: mIsHomeDisabled=false, isDefaultHomeNull=false, mIsDefaultHome=true
11-08 22:01:04.558  4232  4232 I MediaProvider: Invalidating LocalCallingIdentity cache for package slender.business.jacket. Reason: package android.intent.action.PACKAGE_ADDED
11-08 22:01:04.558 17308 17308 I abb     : StartCommandInProcess(73657474696e67730067657400656e61 settings.get.ena [truncated])
11-08 22:01:04.559  1438  2923 D CompatibilityChangeReporter: Compat change id reported: 218533173; UID 10299; state: DISABLED
11-08 22:01:04.560  3392  3392 V MediaPlayerList: mPackageChangedBroadcastReceiver: action: android.intent.action.PACKAGE_ADDED
11-08 22:01:04.560  3392  3392 D MediaPlayerList: Name of package changed: slender.business.jacket
11-08 22:01:04.562 12363 12363 I Finsky  : [2] wid.g(1): wid - Received: android.intent.action.PACKAGE_ADDED, [Z9H979SbRhxYkJJ1tMOW7NS2Eg3qEBfMIhvB_CmN5J4]
11-08 22:01:04.562 12581 12581 I GsaVoiceInteractionSrv: (REDACTED) O received %s
11-08 22:01:04.563  1438  5553 W BroadcastQueue: u0 Receiving a broadcast in packagecom.jr.narutoii requires a permissions review
11-08 22:01:04.564  1438  5553 W BroadcastQueue: Skipping delivery: permission review required for Intent { act=android.intent.action.PACKAGE_ADDED dat=package: flg=0x4000010 (has extras) } from null (pid=1438, uid=1000) to com.jr.narutoii/com.joyriver.engine.proxy.EngineReceiver
11-08 22:01:04.564 14062 14099 I Bugle   : BroadcastReceiverAsyncWorkTracker: Acknowledging broadcast of awyq@b4847b
11-08 22:01:04.565  3156  3186 I PermissionControllerServiceImpl: Updating user sensitive for uid 10299
11-08 22:01:04.567 12363 16562 I Finsky  : [681] pbm.run(216): Wrote row to frosting DB: 683
11-08 22:01:04.567  1438  1438 I Telecom : DefaultDialerCache: Refreshing default dialer for user 0: now com.google.android.dialer: DDC.oR@BJM
11-08 22:01:04.570 17308 17308 I abb     : StartCommandInProcess(7061636b61676500696e7374616c6c00 package.install. [truncated])
11-08 22:01:04.573  1438  2037 I InputReader: Reconfiguring input devices, changes=KEYBOARD_LAYOUTS | 
11-08 22:01:04.574  3131  3131 D ControlsListingControllerImpl: ServiceConfig reloaded, count: 0
11-08 22:01:04.576  1438  1438 V BackupManagerConstants: getFullBackupIntervalMilliseconds(...) returns 86400000
11-08 22:01:04.576  1438  1438 V BackupManagerConstants: getFullBackupRequiredNetworkType(...) returns 2
11-08 22:01:04.577  1438  1438 V BackupManagerConstants: getFullBackupRequireCharging(...) returns true
11-08 22:01:04.579  1438  1695 W BroadcastQueue: u0 Receiving a broadcast in packagecom.android.buyer requires a permissions review
11-08 22:01:04.579  1438  1695 W BroadcastQueue: Skipping delivery: permission review required for Intent { act=android.intent.action.PACKAGE_ADDED dat=package: flg=0x4000010 (has extras) } from null (pid=1438, uid=1000) to com.android.buyer/.mRve
11-08 22:01:04.580 12363 12468 I Finsky  : [500] kch.a(53): AIM: AppInfoManager-Perf > OnDeviceAppInfo > cacheHitCount=0, cacheMissCount=1. Missed  in cache (limit 10) : [slender.business.jacket]
11-08 22:01:04.581 12363 12468 I Finsky  : [500] kac.apply(887): AIM: Got app ownership map. App counts: . Unique apps: 0
11-08 22:01:04.583 12363 12363 I Finsky  : [2] ahxh.c(44): Do not start WearSupportService due to Wear service optimization
11-08 22:01:04.584 12363 12363 I Finsky  : [2] abgi.f(9): Clearing split related stale data.
11-08 22:01:04.585  1438  1695 W BroadcastQueue: u0 Receiving a broadcast in packagecom.ym.refpackage.Hjzj.baidu requires a permissions review
11-08 22:01:04.585  1438  1695 W BroadcastQueue: Skipping delivery: permission review required for Intent { act=android.intent.action.PACKAGE_ADDED dat=package: flg=0x4000010 (has extras) } from null (pid=1438, uid=1000) to com.ym.refpackage.Hjzj.baidu/com.z.enter.rc
11-08 22:01:04.585  1438  1695 W BroadcastQueue: Background execution not allowed: receiving Intent { act=android.intent.action.PACKAGE_ADDED dat=package: flg=0x4000010 (has extras) } to com.google.android.packageinstaller/com.android.packageinstaller.PackageInstalledReceiver
11-08 22:01:04.585  1438  1695 W BroadcastQueue: Background execution not allowed: receiving Intent { act=android.intent.action.PACKAGE_ADDED dat=package: flg=0x4000010 (has extras) } to com.android.vending/com.google.android.finsky.packagemonitor.impl.PackageMonitorReceiverImpl$RegisteredReceiver
11-08 22:01:04.585  1438  1695 W BroadcastQueue: Background execution not allowed: receiving Intent { act=android.intent.action.PACKAGE_ADDED dat=package: flg=0x4000010 (has extras) } to com.android.vending/com.google.android.finsky.packagemonitor.backgroundimpl.BackgroundPackageMonitorReceiverImpl$RegisteredReceiver
11-08 22:01:04.587  1438  1695 W BroadcastQueue: Background execution not allowed: receiving Intent { act=android.intent.action.PACKAGE_ADDED dat=package: flg=0x4000010 (has extras) } to com.google.android.gms/.games.chimera.GamesSystemBroadcastReceiverProxy
11-08 22:01:04.587  1438  1695 W BroadcastQueue: Background execution not allowed: receiving Intent { act=android.intent.action.PACKAGE_ADDED dat=package: flg=0x4000010 (has extras) } to com.google.android.gms/.gass.chimera.PackageChangeBroadcastReceiver
11-08 22:01:04.587  1438  1695 W BroadcastQueue: Background execution not allowed: receiving Intent { act=android.intent.action.PACKAGE_ADDED dat=package: flg=0x4000010 (has extras) } to com.google.android.gms/.chimera.GmsIntentOperationService$PersistentTrustedReceiver
11-08 22:01:04.587  1438  1695 W BroadcastQueue: Background execution not allowed: receiving Intent { act=android.intent.action.PACKAGE_ADDED dat=package: flg=0x4000010 (has extras) } to com.google.android.googlequicksearchbox/com.google.android.apps.gsa.googlequicksearchbox.GelStubAppWatcher
11-08 22:01:04.587  1438  1695 W BroadcastQueue: u0 Receiving a broadcast in packagecom.cncd.japan.janli.shudu requires a permissions review
11-08 22:01:04.587  1438  1695 W BroadcastQueue: Skipping delivery: permission review required for Intent { act=android.intent.action.PACKAGE_ADDED dat=package: flg=0x4000010 (has extras) } from null (pid=1438, uid=1000) to com.cncd.japan.janli.shudu/net.l.k.r
11-08 22:01:04.587  1438  1695 W BroadcastQueue: u0 Receiving a broadcast in packagecom.cncd.japan.janli.shudu requires a permissions review
11-08 22:01:04.587  1438  1695 W BroadcastQueue: Skipping delivery: permission review required for Intent { act=android.intent.action.PACKAGE_ADDED dat=package: flg=0x4000010 (has extras) } from null (pid=1438, uid=1000) to com.cncd.japan.janli.shudu/com.feiwofour.coverscreen.SR
11-08 22:01:04.587  1438  1695 W BroadcastQueue: u0 Receiving a broadcast in packagecom.games.mengmeizhitd requires a permissions review
11-08 22:01:04.587  1438  1695 W BroadcastQueue: Skipping delivery: permission review required for Intent { act=android.intent.action.PACKAGE_ADDED dat=package: flg=0x4000010 (has extras) } from null (pid=1438, uid=1000) to com.games.mengmeizhitd/hjnw.ihjnw.i.isqly
11-08 22:01:04.587  1438  1695 W BroadcastQueue: u0 Receiving a broadcast in packagecom.hgperfko.yaeghrwx requires a permissions review
11-08 22:01:04.587  1438  1695 W BroadcastQueue: Skipping delivery: permission review required for Intent { act=android.intent.action.PACKAGE_ADDED dat=package: flg=0x4000010 (has extras) } from null (pid=1438, uid=1000) to com.hgperfko.yaeghrwx/.core.hLytdCQDBv
11-08 22:01:04.587  1438  1695 W BroadcastQueue: Background execution not allowed: receiving Intent { act=android.intent.action.PACKAGE_ADDED dat=package: flg=0x4000010 (has extras) } to com.lookout/.plugin.security.internal.broadcast.InstallRelayReceiver
11-08 22:01:04.588  1438  1695 D CompatibilityChangeReporter: Compat change id reported: 135634846; UID 10298; state: DISABLED
11-08 22:01:04.588  1438  1696 D CompatibilityChangeReporter: Compat change id reported: 143937733; UID 10298; state: DISABLED
11-08 22:01:04.600  3392  3392 V MediaPlayerList: mPackageChangedBroadcastReceiver: action: android.intent.action.PACKAGE_CHANGED
11-08 22:01:04.600  3392  3392 D MediaPlayerList: Name of package changed: slender.business.jacket
11-08 22:01:04.600  1438  1438 I Telecom : DefaultDialerCache: Refreshing default dialer for user 0: now com.google.android.dialer: DDC.oR@BJQ
11-08 22:01:04.601  1438  2037 I InputReader: Reconfiguring input devices, changes=KEYBOARD_LAYOUTS | 
11-08 22:01:04.601  3156  3186 I PermissionControllerServiceImpl: Updating user sensitive for uid 10299
11-08 22:01:04.602 14062 14104 I Bugle   : BroadcastReceiverAsyncWorkTracker: Acknowledging broadcast of awyq@b4847b
11-08 22:01:04.606 13563 17378 I Auth    : [SupervisedAccountIntentOperation] onHandleIntent(): android.intent.action.PACKAGE_ADDED
11-08 22:01:04.606  3131  3131 D ControlsListingControllerImpl: ServiceConfig reloaded, count: 0
11-08 22:01:04.611 13563 18354 I Blockstore: (REDACTED) [DataStoreImpl] Clearing Blockstore Data for package %s
11-08 22:01:04.611 13563 18354 I Blockstore: [DataStoreImpl] Keyless data not found or its IsLastInstallationData = false. [CONTEXT service_id=258 ]
11-08 22:01:04.611 13563 18354 I Dck     : (REDACTED) doesDeviceHaveSupportedWirelessCapabilities: wccSysProp:%d, wccMendel:%d, deviceWccOverride:%s
11-08 22:01:04.611 13563 18354 I Dck     : (REDACTED) isDckModuleEligible: isAtLeastR:%s, hasWccSupport:%s, downloadAllowed:%s
11-08 22:01:04.611 13563 18354 W Dck     : Dck module not eligible for asynchronous downloading [CONTEXT service_id=289 ]
11-08 22:01:04.615  1438  5566 D CompatibilityChangeReporter: Compat change id reported: 161252188; UID 10299; state: DISABLED
11-08 22:01:04.617 12253 17360 I ProximityAuth: [RecentAppsMediator] Package added: (user=UserHandle{0}) slender.business.jacket
11-08 22:01:04.617 12253 17359 W GCM     : Unexpected forwarded intent: Intent { act=android.intent.action.PACKAGE_ADDED dat=package: flg=0x4000010 pkg=com.google.android.gms cmp=com.google.android.gms/.chimera.PersistentIntentOperationService (has extras) }
11-08 22:01:04.618 12253 19570 I FontLog : (REDACTED) Package %s has no metadata
11-08 22:01:04.619 12253 19570 W GCM     : Unexpected forwarded intent: Intent { act=android.intent.action.PACKAGE_ADDED dat=package: flg=0x4000010 pkg=com.google.android.gms cmp=com.google.android.gms/.chimera.PersistentIntentOperationService (has extras) }
11-08 22:01:04.636 12363 17352 I Finsky  : [696] bb.a(21): Asset module storage cleared for package slender.business.jacket.
11-08 22:01:04.637 12363 12363 I Finsky  : [2] rgv.ajJ(13): DTU: Received onPackageAdded, replacing: false
11-08 22:01:04.637 12363 12363 I Finsky  : [2] kal.f(9): AIM: AppInfoCacheUpdater -> invalidating apps: [slender.business.jacket]
11-08 22:01:04.637 12363 12468 I Finsky  : [500] kce.a(204): AIM: AppInfoManager-Perf > ItemModel > CacheSize=35, cacheHitCount=0, cacheMissCount=0, total appsWithNoServerDataCount=2. Missed  in cache (limit 10) : []
11-08 22:01:04.637 12363 12363 I Finsky  : [2] kbd.g(21): AIM: AppInfoManager-Perf > getApps > called for 1 apps
11-08 22:01:04.638 12363 12468 I Finsky  : [500] kch.a(53): AIM: AppInfoManager-Perf > OnDeviceAppInfo > cacheHitCount=0, cacheMissCount=1. Missed  in cache (limit 10) : [slender.business.jacket]
11-08 22:01:04.639 12363 12511 I Finsky  : [511] kac.apply(887): AIM: Got app ownership map. App counts: . Unique apps: 0
11-08 22:01:04.644 12363 16562 I Finsky  : [681] pbm.run(216): Wrote row to frosting DB: 684
11-08 22:01:04.660 12253 16170 W ChimeraUtils: Module com.google.android.gms.nearby_en missing resource null(0)
11-08 22:01:04.662 12253 16170 W ChimeraUtils: Module com.google.android.gms.nearby_en missing resource null(0)
11-08 22:01:04.670 12253 19424 I Fitness : (REDACTED) OnPackageChangedOperation got intent: %s
11-08 22:01:04.679 12363 12505 I Finsky  : [506] kce.a(204): AIM: AppInfoManager-Perf > ItemModel > CacheSize=35, cacheHitCount=0, cacheMissCount=0, total appsWithNoServerDataCount=2. Missed  in cache (limit 10) : []
11-08 22:01:04.680 12253 17360 I Fitness : (REDACTED) FitCleanupIntentOperation received Intent %s
11-08 22:01:04.680   703   703 D Zygote  : Forked child process 19708
11-08 22:01:04.689 12363 12468 I Finsky  : [500] jhi.accept(156): AIM: AppInfoManager-Perf > getApps > data collection finished
11-08 22:01:04.690 12363 12468 I Finsky  : [500] jnz.run(464): AIM: AppInfoManager-Perf > maybeDestroyAppInfoManager is called. actives = 2
11-08 22:01:04.693  1438  4169 W BackupTransportManager: Package slender.business.jacket enabled setting: 0
11-08 22:01:04.693  1438  1696 W ActivityManager: Slow operation: 105ms so far, now at startProcess: returned from zygote!
11-08 22:01:04.693  1438  1696 W ActivityManager: Slow operation: 105ms so far, now at startProcess: done updating battery stats
11-08 22:01:04.693  1438  1696 W ActivityManager: Slow operation: 105ms so far, now at startProcess: building log message
11-08 22:01:04.693  1438  1696 I ActivityManager: Start proc 19708:com.nowsecure.android.vts/u0a298 for broadcast {com.nowsecure.android.vts/fuzion24.device.vulnerability.broadcastreceiver.ApplicationUpdateBroadcastReceiver}
11-08 22:01:04.693  1438  1696 W ActivityManager: Slow operation: 105ms so far, now at startProcess: starting to update pids map
11-08 22:01:04.693  1438  1696 W ActivityManager: Slow operation: 105ms so far, now at startProcess: done updating pids map
11-08 22:01:04.709  3515  3515 D CarrierSvcBindHelper: onPackageAdded: slender.business.jacket
11-08 22:01:04.710  3515  3515 D CarrierSvcBindHelper: No carrier app for: 0
11-08 22:01:04.711  3515  3515 D CarrierSvcBindHelper: No carrier app for: 1
11-08 22:01:04.716  3515  3515 E VvmPkgInstalledRcvr: cannot create TelephonyManager from ComponentInfo{com.android.phone/com.android.services.telephony.TelephonyConnectionService}, E, UserHandle{0}
11-08 22:01:04.723 19708 19708 E ure.android.vts: Not starting debugger since process cannot load the jdwp agent.
11-08 22:01:04.736  1438  1693 W WindowMagnificationMgr: requestConnection duplicated request: connect=false, mConnectionState=DISCONNECTED
11-08 22:01:04.761 12253 16168 W ChimeraUtils: Module com.google.android.gms.nearby_en missing resource null(0)
11-08 22:01:04.754  1438  1438 W binder:1438_B: type=1400 audit(0.0:14483): avc: denied { getopt } for scontext=u:r:system_server:s0 tcontext=u:r:shell:s0 tclass=unix_stream_socket permissive=0
11-08 22:01:04.770 12363 12511 I Finsky  : [511] yqw.accept(345): SCH: Scheduling phonesky job Id: 12-1, CT: 1699491664636, Constraints: [{ L: 15000, D: 86400000, C: 1, I: 1, N: 1 }]
11-08 22:01:04.771  3515  3515 D CarrierSvcBindHelper: onPackageModified: slender.business.jacket
11-08 22:01:04.771  3515  3515 D CarrierSvcBindHelper: No carrier app for: 0
11-08 22:01:04.771  3515  3515 D CarrierSvcBindHelper: No carrier app for: 1
11-08 22:01:04.771  3515  3515 D ImsResolver: maybeAddedImsService, packageName: slender.business.jacket
11-08 22:01:04.776  3515  3515 D ImsResolver: maybeAddedImsService, packageName: slender.business.jacket
11-08 22:01:04.777 12253 16168 W ChimeraUtils: Module com.google.android.gms.nearby_en missing resource null(0)
11-08 22:01:04.806 12363 12511 I Finsky  : [511] zbq.apply(59): SCH: Scheduling 1 system job(s)
11-08 22:01:04.811 19708 19708 D CompatibilityChangeReporter: Compat change id reported: 171979766; UID 10298; state: DISABLED
11-08 22:01:04.814 12363 12511 I Finsky  : [511] zyd.d(263): SCH: Scheduling system job Id: 9415, L: 14830, D: 74930367, C: false, I: false, N: 1
11-08 22:01:04.818  1438  1693 W PackageManager: Failed registering loading progress callback. Package is fully loaded.
11-08 22:01:04.839  1438  1693 W WindowMagnificationMgr: requestConnection duplicated request: connect=false, mConnectionState=DISCONNECTED
11-08 22:01:04.845  4170  4170 I AiAiEcho: EchoSearch: AppFetcherImpl is initialized with [129] apps [time=17, reason=slender.business.jacket is added]
11-08 22:01:04.844 11384 11384 W pool-26-thread-: type=1400 audit(0.0:14484): avc: denied { getattr } for path="/proc/506" dev="proc" ino=36869 scontext=u:r:untrusted_app:s0:c195,c256,c512,c768 tcontext=u:r:kernel:s0 tclass=dir permissive=0 app=com.lookout
11-08 22:01:04.864 12363 12511 I Finsky  : [511] kxr.aeJ(109): [ContentSync] finished, scheduled=true
11-08 22:01:04.866 19708 19708 D ApplicationLoaders: Returning zygote-cached class loader: /system/framework/android.test.base.jar
11-08 22:01:04.901  1438  2026 I RoleService: Granting default roles...
11-08 22:01:04.906 13563 17428 I Icing   : Indexing com.google.android.gms-apps from com.google.android.gms
11-08 22:01:04.915  4170  4406 I AiAiEcho: EchoSearch: WidgetFetcherImpl is initialized with [21] widgets [reason=package added for userId: 0]
11-08 22:01:04.916  1438  1763 E PackageManager: ERROR: could not load root hash from incremental install
11-08 22:01:04.920 12363 12363 I Finsky  : [2] ahjm.c(71): VerifyApps: Install-time verification requested for package com.microgame.skater, id = 109
11-08 22:01:04.922  1438  2046 W PackageParsing: Ignoring duplicate uses-permissions/uses-permissions-sdk-m: android.permission.READ_PHONE_STATE in package: com.microgame.skater at: Binary XML file line #27
11-08 22:01:04.922  1438  2046 W PackageParsing: Ignoring duplicate uses-permissions/uses-permissions-sdk-m: android.permission.CHANGE_WIFI_STATE in package: com.microgame.skater at: Binary XML file line #30
11-08 22:01:04.922  1438  2046 W PackageParsing: Ignoring duplicate uses-permissions/uses-permissions-sdk-m: android.permission.ACCESS_COARSE_LOCATION in package: com.microgame.skater at: Binary XML file line #31
11-08 22:01:04.922  1438  2046 W PackageParsing: Ignoring duplicate uses-permissions/uses-permissions-sdk-m: android.permission.CHANGE_NETWORK_STATE in package: com.microgame.skater at: Binary XML file line #32
11-08 22:01:04.922  1438  2046 W PackageParsing: Ignoring duplicate uses-permissions/uses-permissions-sdk-m: android.permission.WRITE_EXTERNAL_STORAGE in package: com.microgame.skater at: Binary XML file line #33
11-08 22:01:04.922  1438  2046 W PackageParsing: Ignoring duplicate uses-permissions/uses-permissions-sdk-m: android.permission.MOUNT_UNMOUNT_FILESYSTEMS in package: com.microgame.skater at: Binary XML file line #34
11-08 22:01:04.922  1438  2046 W PackageParsing: Ignoring duplicate uses-permissions/uses-permissions-sdk-m: android.permission.INTERNET in package: com.microgame.skater at: Binary XML file line #35
11-08 22:01:04.922  1438  2046 W PackageParsing: Ignoring duplicate uses-permissions/uses-permissions-sdk-m: android.permission.ACCESS_NETWORK_STATE in package: com.microgame.skater at: Binary XML file line #36
11-08 22:01:04.922  1438  2046 W PackageParsing: Ignoring duplicate uses-permissions/uses-permissions-sdk-m: android.permission.READ_SMS in package: com.microgame.skater at: Binary XML file line #38
11-08 22:01:04.923  1438  2046 W PackageParsing: Ignoring duplicate uses-permissions/uses-permissions-sdk-m: android.permission.SEND_SMS in package: com.microgame.skater at: Binary XML file line #39
11-08 22:01:04.923  1438  2046 W PackageParsing: Ignoring duplicate uses-permissions/uses-permissions-sdk-m: android.permission.RECEIVE_SMS in package: com.microgame.skater at: Binary XML file line #40
11-08 22:01:04.923  1438  2046 W PackageParsing: Ignoring duplicate uses-permissions/uses-permissions-sdk-m: android.permission.READ_PHONE_STATE in package: com.microgame.skater at: Binary XML file line #41
11-08 22:01:04.923  1438  2046 W PackageParsing: Ignoring duplicate uses-permissions/uses-permissions-sdk-m: android.permission.ACCESS_COARSE_LOCATION in package: com.microgame.skater at: Binary XML file line #42
11-08 22:01:04.923  1438  2046 W PackageParsing: Ignoring duplicate uses-permissions/uses-permissions-sdk-m: android.permission.CHANGE_NETWORK_STATE in package: com.microgame.skater at: Binary XML file line #43
11-08 22:01:04.923  1438  2046 W PackageParsing: Ignoring duplicate uses-permissions/uses-permissions-sdk-m: android.permission.CHANGE_WIFI_STATE in package: com.microgame.skater at: Binary XML file line #44
11-08 22:01:04.923  1438  2046 W PackageParsing: Ignoring duplicate uses-permissions/uses-permissions-sdk-m: android.permission.ACCESS_WIFI_STATE in package: com.microgame.skater at: Binary XML file line #45
11-08 22:01:04.923  1438  2046 W PackageParsing: Ignoring duplicate uses-permissions/uses-permissions-sdk-m: android.permission.VIBRATE in package: com.microgame.skater at: Binary XML file line #47
11-08 22:01:04.923  1438  2046 W PackageParsing: Ignoring duplicate uses-permissions/uses-permissions-sdk-m: android.permission.GET_TASKS in package: com.microgame.skater at: Binary XML file line #50
11-08 22:01:04.923  1438  2046 W PackageParsing: Ignoring duplicate uses-permissions/uses-permissions-sdk-m: android.permission.ACCESS_NETWORK_STATE in package: com.microgame.skater at: Binary XML file line #51
11-08 22:01:04.923  1438  2046 W PackageParsing: Ignoring duplicate uses-permissions/uses-permissions-sdk-m: android.permission.ACCESS_WIFI_STATE in package: com.microgame.skater at: Binary XML file line #52
11-08 22:01:04.924  1438  2046 W PackageParsing: Ignoring duplicate uses-permissions/uses-permissions-sdk-m: android.permission.SEND_SMS in package: com.microgame.skater at: Binary XML file line #53
11-08 22:01:04.925  1438  2046 W PackageParsing: Ignoring duplicate uses-permissions/uses-permissions-sdk-m: android.permission.INTERNET in package: com.microgame.skater at: Binary XML file line #54
11-08 22:01:04.925  1438  2046 W PackageParsing: Ignoring duplicate uses-permissions/uses-permissions-sdk-m: android.permission.READ_PHONE_STATE in package: com.microgame.skater at: Binary XML file line #55
11-08 22:01:04.925  1438  2046 W PackageParsing: Ignoring duplicate uses-permissions/uses-permissions-sdk-m: android.permission.WRITE_EXTERNAL_STORAGE in package: com.microgame.skater at: Binary XML file line #56
11-08 22:01:04.925  1438  2046 W PackageParsing: Ignoring duplicate uses-permissions/uses-permissions-sdk-m: android.permission.READ_EXTERNAL_STORAGE in package: com.microgame.skater at: Binary XML file line #57
11-08 22:01:04.925  1438  2046 W PackageParsing: Ignoring duplicate uses-permissions/uses-permissions-sdk-m: android.permission.SYSTEM_ALERT_WINDOW in package: com.microgame.skater at: Binary XML file line #58
11-08 22:01:04.925  1438  2046 W PackageParsing: Ignoring duplicate uses-permissions/uses-permissions-sdk-m: android.permission.GET_TASKS in package: com.microgame.skater at: Binary XML file line #59
11-08 22:01:04.925  1438  2046 W PackageParsing: Ignoring duplicate uses-permissions/uses-permissions-sdk-m: android.permission.WAKE_LOCK in package: com.microgame.skater at: Binary XML file line #60
11-08 22:01:04.925  1438  2046 W PackageParsing: Ignoring duplicate uses-permissions/uses-permissions-sdk-m: android.permission.CHANGE_NETWORK_STATE in package: com.microgame.skater at: Binary XML file line #61
11-08 22:01:04.925  1438  2046 W PackageParsing: Ignoring duplicate uses-permissions/uses-permissions-sdk-m: android.permission.MOUNT_UNMOUNT_FILESYSTEMS in package: com.microgame.skater at: Binary XML file line #62
11-08 22:01:04.925  1438  2046 W PackageParsing: Ignoring duplicate uses-permissions/uses-permissions-sdk-m: android.permission.INTERNET in package: com.microgame.skater at: Binary XML file line #65
11-08 22:01:04.926  3156 17347 W Role    : Cannot get ApplicationInfo for default holder: com.android.settings.intelligence
11-08 22:01:04.927 12363 17390 I Finsky  : [700] VerifyAppsInstallTask.akC(63): VerifyApps: Anti-malware verification task started for package=com.microgame.skater
11-08 22:01:04.928  1438  2046 W PackageParsing: Ignoring duplicate uses-permissions/uses-permissions-sdk-m: android.permission.WRITE_SMS in package: com.microgame.skater at: Binary XML file line #66
11-08 22:01:04.928  1438  2046 W PackageParsing: Ignoring duplicate uses-permissions/uses-permissions-sdk-m: android.permission.READ_SMS in package: com.microgame.skater at: Binary XML file line #67
11-08 22:01:04.928  1438  2046 W PackageParsing: Ignoring duplicate uses-permissions/uses-permissions-sdk-m: android.permission.SEND_SMS in package: com.microgame.skater at: Binary XML file line #68
11-08 22:01:04.928  1438  2046 W PackageParsing: Ignoring duplicate uses-permissions/uses-permissions-sdk-m: android.permission.RECEIVE_SMS in package: com.microgame.skater at: Binary XML file line #69
11-08 22:01:04.928  1438  2046 W PackageParsing: Ignoring duplicate uses-permissions/uses-permissions-sdk-m: android.permission.READ_PHONE_STATE in package: com.microgame.skater at: Binary XML file line #70
11-08 22:01:04.928  1438  2046 W PackageParsing: Ignoring duplicate uses-permissions/uses-permissions-sdk-m: android.permission.ACCESS_WIFI_STATE in package: com.microgame.skater at: Binary XML file line #72
11-08 22:01:04.929  1438  2046 W PackageParsing: Ignoring duplicate uses-permissions/uses-permissions-sdk-m: android.permission.CHANGE_WIFI_STATE in package: com.microgame.skater at: Binary XML file line #73
11-08 22:01:04.929  1438  2046 W PackageParsing: Ignoring duplicate uses-permissions/uses-permissions-sdk-m: android.permission.WAKE_LOCK in package: com.microgame.skater at: Binary XML file line #75
11-08 22:01:04.929  1438  2046 W PackageParsing: Ignoring duplicate uses-permissions/uses-permissions-sdk-m: android.permission.WRITE_EXTERNAL_STORAGE in package: com.microgame.skater at: Binary XML file line #76
11-08 22:01:04.929  1438  2046 W PackageParsing: Ignoring duplicate uses-permissions/uses-permissions-sdk-m: android.permission.READ_EXTERNAL_STORAGE in package: com.microgame.skater at: Binary XML file line #77
11-08 22:01:04.929  1438  2046 W PackageParsing: Ignoring duplicate uses-permissions/uses-permissions-sdk-m: android.permission.ACCESS_NETWORK_STATE in package: com.microgame.skater at: Binary XML file line #78
11-08 22:01:04.929  1438  2046 W PackageParsing: Ignoring duplicate uses-permissions/uses-permissions-sdk-m: android.permission.CHANGE_NETWORK_STATE in package: com.microgame.skater at: Binary XML file line #79
11-08 22:01:04.929  1438  2046 W PackageParsing: Ignoring duplicate uses-permissions/uses-permissions-sdk-m: android.permission.SYSTEM_ALERT_WINDOW in package: com.microgame.skater at: Binary XML file line #80
11-08 22:01:04.929  1438  2046 W PackageParsing: Ignoring duplicate uses-permissions/uses-permissions-sdk-m: android.permission.ACCESS_COARSE_LOCATION in package: com.microgame.skater at: Binary XML file line #81
11-08 22:01:04.929  1438  2046 W PackageParsing: Ignoring duplicate uses-permissions/uses-permissions-sdk-m: android.permission.ACCESS_FINE_LOCATION in package: com.microgame.skater at: Binary XML file line #82
11-08 22:01:04.929  1438  2046 W PackageParsing: Ignoring duplicate uses-permissions/uses-permissions-sdk-m: android.permission.GET_TASKS in package: com.microgame.skater at: Binary XML file line #83
11-08 22:01:04.929  1438  2046 W PackageParsing: Ignoring duplicate uses-permissions/uses-permissions-sdk-m: android.permission.SYSTEM_ALERT_WINDOW in package: com.microgame.skater at: Binary XML file line #84
11-08 22:01:04.929  1438  2046 W PackageParsing: Ignoring duplicate uses-permissions/uses-permissions-sdk-m: android.permission.ACCESS_NETWORK_STATE in package: com.microgame.skater at: Binary XML file line #88
11-08 22:01:04.929  1438  2046 W PackageParsing: Ignoring duplicate uses-permissions/uses-permissions-sdk-m: android.permission.ACCESS_WIFI_STATE in package: com.microgame.skater at: Binary XML file line #89
11-08 22:01:04.929  1438  2046 W PackageParsing: Ignoring duplicate uses-permissions/uses-permissions-sdk-m: android.permission.INTERNET in package: com.microgame.skater at: Binary XML file line #90
11-08 22:01:04.929  1438  2046 W PackageParsing: Ignoring duplicate uses-permissions/uses-permissions-sdk-m: android.permission.READ_PHONE_STATE in package: com.microgame.skater at: Binary XML file line #91
11-08 22:01:04.929  1438  2046 W PackageParsing: Ignoring duplicate uses-permissions/uses-permissions-sdk-m: android.permission.WRITE_EXTERNAL_STORAGE in package: com.microgame.skater at: Binary XML file line #92
11-08 22:01:04.929  1438  2046 W PackageParsing: Ignoring duplicate uses-permissions/uses-permissions-sdk-m: android.permission.INTERNET in package: com.microgame.skater at: Binary XML file line #93
11-08 22:01:04.929  1438  2046 W PackageParsing: Ignoring duplicate uses-permissions/uses-permissions-sdk-m: android.permission.READ_SMS in package: com.microgame.skater at: Binary XML file line #94
11-08 22:01:04.929  1438  2046 W PackageParsing: Ignoring duplicate uses-permissions/uses-permissions-sdk-m: android.permission.RECEIVE_SMS in package: com.microgame.skater at: Binary XML file line #95
11-08 22:01:04.929  1438  2046 W PackageParsing: Ignoring duplicate uses-permissions/uses-permissions-sdk-m: android.permission.SEND_SMS in package: com.microgame.skater at: Binary XML file line #96
11-08 22:01:04.929  1438  2046 W PackageParsing: Ignoring duplicate uses-permissions/uses-permissions-sdk-m: android.permission.WRITE_SMS in package: com.microgame.skater at: Binary XML file line #97
11-08 22:01:04.929  1438  2046 W PackageParsing: Ignoring duplicate uses-permissions/uses-permissions-sdk-m: android.permission.MOUNT_UNMOUNT_FILESYSTEMS in package: com.microgame.skater at: Binary XML file line #98
11-08 22:01:04.930 12363 17390 I Finsky  : [700] VerifyAppsInstallTask.akC(275): VerifyApps: Skipping verification. Disabled by user setting
11-08 22:01:04.930 12363 17390 I Finsky  : [700] VerifyAppsInstallTask.akC(748): VerifyApps: Skipping anti malware verification (preconditions not met). package=com.microgame.skater
11-08 22:01:04.931 12363 17390 E Finsky  : [700] VerifyPerSourceInstallationConsentInstallTask.d(20): Package name null is not an installed package
11-08 22:01:04.932 12363 17390 I Finsky  : [700] VerifyPerSourceInstallationConsentInstallTask.akC(231): PSIC verification started with installer uid: 2000 package name: null, originating uid: -1
11-08 22:01:04.934  3156 17347 W Role    : Default holder doesn't have required signing certificate: com.google.android.apps.work.clouddpc:23962F4B43B9857638EA66F4D419518EAE282491ACDA4B94707BD59003C45E58
11-08 22:01:04.935 12363 17390 I Finsky  : [700] VerifyInstallTask.i(29): VerifyApps: Returning package verification result id=109, result=ALLOW
11-08 22:01:04.937 19708 19708 V GraphicsEnvironment: ANGLE Developer option for 'com.nowsecure.android.vts' set to: 'default'
11-08 22:01:04.937 19708 19708 V GraphicsEnvironment: ANGLE GameManagerService for com.nowsecure.android.vts: false
11-08 22:01:04.938 19708 19708 V GraphicsEnvironment: Neither updatable production driver nor prerelease driver is supported.
11-08 22:01:04.938 12363 12363 I Finsky  : [2] VerifyInstallTask.akB(58): VerifyApps: Verification complete: id=109, package_name=com.microgame.skater
11-08 22:01:04.943 19708 19708 D NetworkSecurityConfig: No Network Security Config specified, using platform default
11-08 22:01:04.946 19708 19708 D NetworkSecurityConfig: No Network Security Config specified, using platform default
11-08 22:01:04.955  1438  1763 I PackageManager: Integrity check passed for file:///data/app/vmdl435538632.tmp
11-08 22:01:04.955  1438  4919 D CompatibilityChangeReporter: Compat change id reported: 161145287; UID 10298; state: DISABLED
11-08 22:01:04.958 13563 17428 I Icing   : Indexing done com.google.android.gms-apps
11-08 22:01:04.959 13563 17428 I Icing   : Indexing com.google.android.gms-apps from com.google.android.gms
11-08 22:01:04.960 13563 17428 I Icing   : Indexing done com.google.android.gms-apps
11-08 22:01:04.968  1438  1763 W PackageParsing: Ignoring duplicate uses-permissions/uses-permissions-sdk-m: android.permission.READ_PHONE_STATE in package: com.microgame.skater at: Binary XML file line #27
11-08 22:01:04.968  1438  1763 W PackageParsing: Ignoring duplicate uses-permissions/uses-permissions-sdk-m: android.permission.CHANGE_WIFI_STATE in package: com.microgame.skater at: Binary XML file line #30
11-08 22:01:04.968  1438  1763 W PackageParsing: Ignoring duplicate uses-permissions/uses-permissions-sdk-m: android.permission.ACCESS_COARSE_LOCATION in package: com.microgame.skater at: Binary XML file line #31
11-08 22:01:04.968  1438  1763 W PackageParsing: Ignoring duplicate uses-permissions/uses-permissions-sdk-m: android.permission.CHANGE_NETWORK_STATE in package: com.microgame.skater at: Binary XML file line #32
11-08 22:01:04.968  1438  1763 W PackageParsing: Ignoring duplicate uses-permissions/uses-permissions-sdk-m: android.permission.WRITE_EXTERNAL_STORAGE in package: com.microgame.skater at: Binary XML file line #33
11-08 22:01:04.968  1438  1763 W PackageParsing: Ignoring duplicate uses-permissions/uses-permissions-sdk-m: android.permission.MOUNT_UNMOUNT_FILESYSTEMS in package: com.microgame.skater at: Binary XML file line #34
11-08 22:01:04.968  1438  1763 W PackageParsing: Ignoring duplicate uses-permissions/uses-permissions-sdk-m: android.permission.INTERNET in package: com.microgame.skater at: Binary XML file line #35
11-08 22:01:04.968  1438  1763 W PackageParsing: Ignoring duplicate uses-permissions/uses-permissions-sdk-m: android.permission.ACCESS_NETWORK_STATE in package: com.microgame.skater at: Binary XML file line #36
11-08 22:01:04.968  1438  1763 W PackageParsing: Ignoring duplicate uses-permissions/uses-permissions-sdk-m: android.permission.READ_SMS in package: com.microgame.skater at: Binary XML file line #38
11-08 22:01:04.968  1438  1763 W PackageParsing: Ignoring duplicate uses-permissions/uses-permissions-sdk-m: android.permission.SEND_SMS in package: com.microgame.skater at: Binary XML file line #39
11-08 22:01:04.968  1438  1763 W PackageParsing: Ignoring duplicate uses-permissions/uses-permissions-sdk-m: android.permission.RECEIVE_SMS in package: com.microgame.skater at: Binary XML file line #40
11-08 22:01:04.968  1438  1763 W PackageParsing: Ignoring duplicate uses-permissions/uses-permissions-sdk-m: android.permission.READ_PHONE_STATE in package: com.microgame.skater at: Binary XML file line #41
11-08 22:01:04.968  1438  1763 W PackageParsing: Ignoring duplicate uses-permissions/uses-permissions-sdk-m: android.permission.ACCESS_COARSE_LOCATION in package: com.microgame.skater at: Binary XML file line #42
11-08 22:01:04.968  1438  1763 W PackageParsing: Ignoring duplicate uses-permissions/uses-permissions-sdk-m: android.permission.CHANGE_NETWORK_STATE in package: com.microgame.skater at: Binary XML file line #43
11-08 22:01:04.968  1438  1763 W PackageParsing: Ignoring duplicate uses-permissions/uses-permissions-sdk-m: android.permission.CHANGE_WIFI_STATE in package: com.microgame.skater at: Binary XML file line #44
11-08 22:01:04.968  1438  1763 W PackageParsing: Ignoring duplicate uses-permissions/uses-permissions-sdk-m: android.permission.ACCESS_WIFI_STATE in package: com.microgame.skater at: Binary XML file line #45
11-08 22:01:04.968  1438  1763 W PackageParsing: Ignoring duplicate uses-permissions/uses-permissions-sdk-m: android.permission.VIBRATE in package: com.microgame.skater at: Binary XML file line #47
11-08 22:01:04.968  1438  1763 W PackageParsing: Ignoring duplicate uses-permissions/uses-permissions-sdk-m: android.permission.GET_TASKS in package: com.microgame.skater at: Binary XML file line #50
11-08 22:01:04.968  1438  1763 W PackageParsing: Ignoring duplicate uses-permissions/uses-permissions-sdk-m: android.permission.ACCESS_NETWORK_STATE in package: com.microgame.skater at: Binary XML file line #51
11-08 22:01:04.969  1438  1763 W PackageParsing: Ignoring duplicate uses-permissions/uses-permissions-sdk-m: android.permission.ACCESS_WIFI_STATE in package: com.microgame.skater at: Binary XML file line #52
11-08 22:01:04.969  1438  1763 W PackageParsing: Ignoring duplicate uses-permissions/uses-permissions-sdk-m: android.permission.SEND_SMS in package: com.microgame.skater at: Binary XML file line #53
11-08 22:01:04.969  1438  1763 W PackageParsing: Ignoring duplicate uses-permissions/uses-permissions-sdk-m: android.permission.INTERNET in package: com.microgame.skater at: Binary XML file line #54
11-08 22:01:04.969  1438  1763 W PackageParsing: Ignoring duplicate uses-permissions/uses-permissions-sdk-m: android.permission.READ_PHONE_STATE in package: com.microgame.skater at: Binary XML file line #55
11-08 22:01:04.969  1438  1763 W PackageParsing: Ignoring duplicate uses-permissions/uses-permissions-sdk-m: android.permission.WRITE_EXTERNAL_STORAGE in package: com.microgame.skater at: Binary XML file line #56
11-08 22:01:04.969  1438  1763 W PackageParsing: Ignoring duplicate uses-permissions/uses-permissions-sdk-m: android.permission.READ_EXTERNAL_STORAGE in package: com.microgame.skater at: Binary XML file line #57
11-08 22:01:04.969  1438  1763 W PackageParsing: Ignoring duplicate uses-permissions/uses-permissions-sdk-m: android.permission.SYSTEM_ALERT_WINDOW in package: com.microgame.skater at: Binary XML file line #58
11-08 22:01:04.969  1438  1763 W PackageParsing: Ignoring duplicate uses-permissions/uses-permissions-sdk-m: android.permission.GET_TASKS in package: com.microgame.skater at: Binary XML file line #59
11-08 22:01:04.969  1438  1763 W PackageParsing: Ignoring duplicate uses-permissions/uses-permissions-sdk-m: android.permission.WAKE_LOCK in package: com.microgame.skater at: Binary XML file line #60
11-08 22:01:04.969  1438  1763 W PackageParsing: Ignoring duplicate uses-permissions/uses-permissions-sdk-m: android.permission.CHANGE_NETWORK_STATE in package: com.microgame.skater at: Binary XML file line #61
11-08 22:01:04.969  1438  1763 W PackageParsing: Ignoring duplicate uses-permissions/uses-permissions-sdk-m: android.permission.MOUNT_UNMOUNT_FILESYSTEMS in package: com.microgame.skater at: Binary XML file line #62
11-08 22:01:04.969  1438  1763 W PackageParsing: Ignoring duplicate uses-permissions/uses-permissions-sdk-m: android.permission.INTERNET in package: com.microgame.skater at: Binary XML file line #65
11-08 22:01:04.969  1438  1763 W PackageParsing: Ignoring duplicate uses-permissions/uses-permissions-sdk-m: android.permission.WRITE_SMS in package: com.microgame.skater at: Binary XML file line #66
11-08 22:01:04.969  1438  1763 W PackageParsing: Ignoring duplicate uses-permissions/uses-permissions-sdk-m: android.permission.READ_SMS in package: com.microgame.skater at: Binary XML file line #67
11-08 22:01:04.969  1438  1763 W PackageParsing: Ignoring duplicate uses-permissions/uses-permissions-sdk-m: android.permission.SEND_SMS in package: com.microgame.skater at: Binary XML file line #68
11-08 22:01:04.969  1438  1763 W PackageParsing: Ignoring duplicate uses-permissions/uses-permissions-sdk-m: android.permission.RECEIVE_SMS in package: com.microgame.skater at: Binary XML file line #69
11-08 22:01:04.969  1438  1763 W PackageParsing: Ignoring duplicate uses-permissions/uses-permissions-sdk-m: android.permission.READ_PHONE_STATE in package: com.microgame.skater at: Binary XML file line #70
11-08 22:01:04.969  1438  1763 W PackageParsing: Ignoring duplicate uses-permissions/uses-permissions-sdk-m: android.permission.ACCESS_WIFI_STATE in package: com.microgame.skater at: Binary XML file line #72
11-08 22:01:04.969  1438  1763 W PackageParsing: Ignoring duplicate uses-permissions/uses-permissions-sdk-m: android.permission.CHANGE_WIFI_STATE in package: com.microgame.skater at: Binary XML file line #73
11-08 22:01:04.969  1438  1763 W PackageParsing: Ignoring duplicate uses-permissions/uses-permissions-sdk-m: android.permission.WAKE_LOCK in package: com.microgame.skater at: Binary XML file line #75
11-08 22:01:04.969  1438  1763 W PackageParsing: Ignoring duplicate uses-permissions/uses-permissions-sdk-m: android.permission.WRITE_EXTERNAL_STORAGE in package: com.microgame.skater at: Binary XML file line #76
11-08 22:01:04.969  1438  1763 W PackageParsing: Ignoring duplicate uses-permissions/uses-permissions-sdk-m: android.permission.READ_EXTERNAL_STORAGE in package: com.microgame.skater at: Binary XML file line #77
11-08 22:01:04.969  1438  1763 W PackageParsing: Ignoring duplicate uses-permissions/uses-permissions-sdk-m: android.permission.ACCESS_NETWORK_STATE in package: com.microgame.skater at: Binary XML file line #78
11-08 22:01:04.969  1438  1763 W PackageParsing: Ignoring duplicate uses-permissions/uses-permissions-sdk-m: android.permission.CHANGE_NETWORK_STATE in package: com.microgame.skater at: Binary XML file line #79
11-08 22:01:04.969  1438  1763 W PackageParsing: Ignoring duplicate uses-permissions/uses-permissions-sdk-m: android.permission.SYSTEM_ALERT_WINDOW in package: com.microgame.skater at: Binary XML file line #80
11-08 22:01:04.969  1438  1763 W PackageParsing: Ignoring duplicate uses-permissions/uses-permissions-sdk-m: android.permission.ACCESS_COARSE_LOCATION in package: com.microgame.skater at: Binary XML file line #81
11-08 22:01:04.969  1438  1763 W PackageParsing: Ignoring duplicate uses-permissions/uses-permissions-sdk-m: android.permission.ACCESS_FINE_LOCATION in package: com.microgame.skater at: Binary XML file line #82
11-08 22:01:04.969  1438  1763 W PackageParsing: Ignoring duplicate uses-permissions/uses-permissions-sdk-m: android.permission.GET_TASKS in package: com.microgame.skater at: Binary XML file line #83
11-08 22:01:04.970  1438  1763 W PackageParsing: Ignoring duplicate uses-permissions/uses-permissions-sdk-m: android.permission.SYSTEM_ALERT_WINDOW in package: com.microgame.skater at: Binary XML file line #84
11-08 22:01:04.970  1438  1763 W PackageParsing: Ignoring duplicate uses-permissions/uses-permissions-sdk-m: android.permission.ACCESS_NETWORK_STATE in package: com.microgame.skater at: Binary XML file line #88
11-08 22:01:04.970  1438  1763 W PackageParsing: Ignoring duplicate uses-permissions/uses-permissions-sdk-m: android.permission.ACCESS_WIFI_STATE in package: com.microgame.skater at: Binary XML file line #89
11-08 22:01:04.970  1438  1763 W PackageParsing: Ignoring duplicate uses-permissions/uses-permissions-sdk-m: android.permission.INTERNET in package: com.microgame.skater at: Binary XML file line #90
11-08 22:01:04.970  1438  1763 W PackageParsing: Ignoring duplicate uses-permissions/uses-permissions-sdk-m: android.permission.READ_PHONE_STATE in package: com.microgame.skater at: Binary XML file line #91
11-08 22:01:04.970  1438  1763 W PackageParsing: Ignoring duplicate uses-permissions/uses-permissions-sdk-m: android.permission.WRITE_EXTERNAL_STORAGE in package: com.microgame.skater at: Binary XML file line #92
11-08 22:01:04.970  1438  1763 W PackageParsing: Ignoring duplicate uses-permissions/uses-permissions-sdk-m: android.permission.INTERNET in package: com.microgame.skater at: Binary XML file line #93
11-08 22:01:04.970  1438  1763 W PackageParsing: Ignoring duplicate uses-permissions/uses-permissions-sdk-m: android.permission.READ_SMS in package: com.microgame.skater at: Binary XML file line #94
11-08 22:01:04.970  1438  1763 W PackageParsing: Ignoring duplicate uses-permissions/uses-permissions-sdk-m: android.permission.RECEIVE_SMS in package: com.microgame.skater at: Binary XML file line #95
11-08 22:01:04.970  1438  1763 W PackageParsing: Ignoring duplicate uses-permissions/uses-permissions-sdk-m: android.permission.SEND_SMS in package: com.microgame.skater at: Binary XML file line #96
11-08 22:01:04.970  1438  1763 W PackageParsing: Ignoring duplicate uses-permissions/uses-permissions-sdk-m: android.permission.WRITE_SMS in package: com.microgame.skater at: Binary XML file line #97
11-08 22:01:04.970  1438  1763 W PackageParsing: Ignoring duplicate uses-permissions/uses-permissions-sdk-m: android.permission.MOUNT_UNMOUNT_FILESYSTEMS in package: com.microgame.skater at: Binary XML file line #98
11-08 22:01:04.973  3156 17347 W Role    : Cannot get ApplicationInfo for default holder: com.google.android.apps.photos
11-08 22:01:04.975  3156 17347 W Role    : Cannot get ApplicationInfo for default holder: com.google.android.odad
11-08 22:01:05.034  1438  1763 I PackageManager: Permission ownership changed. Updating all permissions.
11-08 22:01:05.039 19708 19708 D BinaryAssets: Extracting 'stagefright/stagefrightCheck-pie' from assets to '/data/user/0/com.nowsecure.android.vts/files/stagefrightCheck-pie' ...
11-08 22:01:05.068 19708 19708 D StageFright: Is directory: true
11-08 22:01:05.077 19708 19708 D VULN_TEST_BROAD_UPDATE: This is the first time this detection is running.
11-08 22:01:05.104  1438  1502 I system_server: Background concurrent copying GC freed 583113(28MB) AllocSpace objects, 178(7592KB) LOS objects, 74% free, 33MB/129MB, paused 501us,277us total 554.255ms
11-08 22:01:05.127  1438  1504 W System  : A resource failed to call close. 
11-08 22:01:05.147  1438  1759 E VerityUtils: Failed to measure fs-verity, errno 1: /data/app/~~aqdL-SfR0Jt44pTBGrgvUQ==/slender.business.jacket-D6pMTmpb2M6VInJdU2KfbA==/base.apk
11-08 22:01:05.134 11384 11384 W pool-26-thread-: type=1400 audit(0.0:14485): avc: denied { getattr } for path="/proc/507" dev="proc" ino=36870 scontext=u:r:untrusted_app:s0:c195,c256,c512,c768 tcontext=u:r:kernel:s0 tclass=dir permissive=0 app=com.lookout
11-08 22:01:05.176  1438  1660 W Looper  : Slow dispatch took 142ms android.fg h=android.os.Handler c=<recycled PooledLambda@9a556c0> m=0
11-08 22:01:05.180  1438  3212 W BroadcastQueue: u0 Receiving a broadcast in packagecom.qiuqiu.dfmc requires a permissions review
11-08 22:01:05.180  1438  3212 W BroadcastQueue: Skipping delivery: permission review required for Intent { act=android.intent.action.PACKAGE_ADDED dat=package: flg=0x4000010 (has extras) } from null (pid=1438, uid=1000) to com.qiuqiu.dfmc/cn.jpush.android.service.PushReceiver
11-08 22:01:05.181  1438  1695 W BroadcastQueue: u0 Receiving a broadcast in packagecom.safesys.viruskiller requires a permissions review
11-08 22:01:05.181  1438  1695 W BroadcastQueue: Skipping delivery: permission review required for Intent { act=android.intent.action.PACKAGE_ADDED dat=package: flg=0x4000010 (has extras) } from null (pid=1438, uid=1000) to com.safesys.viruskiller/.ScanPackageBroadcast
11-08 22:01:05.181  1438  1695 W BroadcastQueue: u0 Receiving a broadcast in packagecom.uc108.mobile.sdgj.bd1 requires a permissions review
11-08 22:01:05.181  1438  1695 W BroadcastQueue: Skipping delivery: permission review required for Intent { act=android.intent.action.PACKAGE_ADDED dat=package: flg=0x4000010 (has extras) } from null (pid=1438, uid=1000) to com.uc108.mobile.sdgj.bd1/com.baidu.tiebasdk.service.InstallReceiver
11-08 22:01:05.181  1438  1695 W BroadcastQueue: u0 Receiving a broadcast in packagecom.voicebianshengjinglingwc.wxl requires a permissions review
11-08 22:01:05.181  1438  1695 W BroadcastQueue: Skipping delivery: permission review required for Intent { act=android.intent.action.PACKAGE_ADDED dat=package: flg=0x4000010 (has extras) } from null (pid=1438, uid=1000) to com.voicebianshengjinglingwc.wxl/mp.ruu.Ztjjwrj
