11-08 22:01:05.181  1438  1695 W BroadcastQueue: u0 Receiving a broadcast in packagecom.ym.refpackage.Hjzj.baidu requires a permissions review
11-08 22:01:05.181  1438  1695 W BroadcastQueue: Skipping delivery: permission review required for Intent { act=android.intent.action.PACKAGE_ADDED dat=package: flg=0x4000010 (has extras) } from null (pid=1438, uid=1000) to com.ym.refpackage.Hjzj.baidu/com.ym.refpackage.sjrr.baidu.Receiverbaidu
11-08 22:01:05.181  1438  1695 W BroadcastQueue: u0 Receiving a broadcast in packagecom.ym.refpackage.Hjzj.baidu requires a permissions review
11-08 22:01:05.181  1438  1695 W BroadcastQueue: Skipping delivery: permission review required for Intent { act=android.intent.action.PACKAGE_ADDED dat=package: flg=0x4000010 (has extras) } from null (pid=1438, uid=1000) to com.ym.refpackage.Hjzj.baidu/coco.husky.shell.Receiver
11-08 22:01:05.181  1438  1695 W BroadcastQueue: u0 Receiving a broadcast in packagecom.yoojar.zlsg.baidu requires a permissions review
11-08 22:01:05.181  1438  1695 W BroadcastQueue: Skipping delivery: permission review required for Intent { act=android.intent.action.PACKAGE_ADDED dat=package: flg=0x4000010 (has extras) } from null (pid=1438, uid=1000) to com.yoojar.zlsg.baidu/com.duoku.platform.download.broadcast.AppMonitorReceiver
11-08 22:01:05.181  1438  1695 W BroadcastQueue: u0 Receiving a broadcast in packageio.dcloud.H5BC6BF13 requires a permissions review
11-08 22:01:05.181  1438  1695 W BroadcastQueue: Skipping delivery: permission review required for Intent { act=android.intent.action.PACKAGE_ADDED dat=package: flg=0x4000010 (has extras) } from null (pid=1438, uid=1000) to io.dcloud.H5BC6BF13/io.dcloud.common.adapter.io.DownloadReceiver
11-08 22:01:05.182  1438  1759 E VerityUtils: Failed to measure fs-verity, errno 1: /data/app/~~-KYqbYoVNzc0UaI_8oW9cA==/com.livegame.wallpapermingche-MDcU-8lqK5CP6J8gDzNpNg==/base.apk
11-08 22:01:05.184 19708 19738 D JobRescheduleService: Reschedule service started
11-08 22:01:05.187  1438  1763 W ziparchive: Unable to open '/data/app/~~BCCA_znh-yxGThSFizmsDA==/com.microgame.skater-xJP92gJSukWPXdu9C9sFZA==/base.dm': No such file or directory
11-08 22:01:05.187 12363 12363 I Finsky  : [2] wid.g(1): wid - Received: android.intent.action.PACKAGE_CHANGED, [Z9H979SbRhxYkJJ1tMOW7NS2Eg3qEBfMIhvB_CmN5J4]
11-08 22:01:05.187  1438  1763 I PackageDexOptimizer: Running dexopt (dexoptNeeded=1) on: /data/app/~~BCCA_znh-yxGThSFizmsDA==/com.microgame.skater-xJP92gJSukWPXdu9C9sFZA==/base.apk pkg=com.microgame.skater isa=arm dexoptFlags=boot_complete,profile_guided,public,enable_hidden_api_checks targetFilter=speed-profile oatDir=/data/app/~~BCCA_znh-yxGThSFizmsDA==/com.microgame.skater-xJP92gJSukWPXdu9C9sFZA==/oat classLoaderContext=PCL[]{PCL[/system/framework/android.test.base.jar]#PCL[/system/framework/org.apache.http.legacy.jar]}
11-08 22:01:05.188  1059  2056 V installd: DexInv: --- BEGIN '/data/app/~~BCCA_znh-yxGThSFizmsDA==/com.microgame.skater-xJP92gJSukWPXdu9C9sFZA==/base.apk' ---
11-08 22:01:05.188  1059  2056 V installd: Running /apex/com.android.art/bin/dex2oat64 in=base.apk out=/data/app/~~BCCA_znh-yxGThSFizmsDA==/com.microgame.skater-xJP92gJSukWPXdu9C9sFZA==/oat/arm/base.odex
11-08 22:01:05.191 12363 16562 I Finsky  : [681] pbm.run(216): Wrote row to frosting DB: 685
11-08 22:01:05.195 19739 19739 W libprocessgroup: Failed to open /dev/blkio/background/tasks: No such file or directory
11-08 22:01:05.195 19739 19739 V libprocessgroup: Applying profile action SetCgroup failed
11-08 22:01:05.207 12363 12511 I Finsky  : [511] kch.a(53): AIM: AppInfoManager-Perf > OnDeviceAppInfo > cacheHitCount=1, cacheMissCount=0. Missed  in cache (limit 10) : []
11-08 22:01:05.208 12363 12511 I Finsky  : [511] kac.apply(887): AIM: Got app ownership map. App counts: . Unique apps: 0
11-08 22:01:05.211 12363 12363 I Finsky  : [2] kal.f(9): AIM: AppInfoCacheUpdater -> invalidating apps: [slender.business.jacket]
11-08 22:01:05.211 12363 12363 I Finsky  : [2] kbd.g(21): AIM: AppInfoManager-Perf > getApps > called for 1 apps
11-08 22:01:05.213 12363 12505 I Finsky  : [506] kch.a(53): AIM: AppInfoManager-Perf > OnDeviceAppInfo > cacheHitCount=0, cacheMissCount=1. Missed  in cache (limit 10) : [slender.business.jacket]
11-08 22:01:05.216 12363 16562 I Finsky  : [681] pbm.run(216): Wrote row to frosting DB: 686
11-08 22:01:05.222 12363 12511 I Finsky  : [511] kce.a(204): AIM: AppInfoManager-Perf > ItemModel > CacheSize=35, cacheHitCount=0, cacheMissCount=0, total appsWithNoServerDataCount=2. Missed  in cache (limit 10) : []
11-08 22:01:05.224 12363 12505 I Finsky  : [506] kac.apply(887): AIM: Got app ownership map. App counts: . Unique apps: 0
11-08 22:01:05.233 12253 17360 I Fitness : (REDACTED) OnPackageChangedOperation got intent: %s
11-08 22:01:05.234  1438  3789 W BroadcastQueue: u0 Receiving a broadcast in packagecom.yoojar.zlsg.baidu requires a permissions review
11-08 22:01:05.235  1438  3789 W BroadcastQueue: Skipping delivery: permission review required for Intent { act=android.intent.action.PACKAGE_CHANGED dat=package: flg=0x5000010 (has extras) } from null (pid=1438, uid=1000) to com.yoojar.zlsg.baidu/com.duoku.platform.download.broadcast.AppMonitorReceiver
11-08 22:01:05.235  1438  1759 E VerityUtils: Failed to measure fs-verity, errno 1: /system_ext/priv-app/SystemUIGoogle/SystemUIGoogle.apk
11-08 22:01:05.224  1438  1438 W PackageManagerB: type=1400 audit(0.0:14486): avc: denied { ioctl } for path="/system_ext/priv-app/SystemUIGoogle/SystemUIGoogle.apk" dev="sda18" ino=480 ioctlcmd=0x6686 scontext=u:r:system_server:s0 tcontext=u:object_r:system_file:s0 tclass=file permissive=0
11-08 22:01:05.242 12253 17360 I Fitness : (REDACTED) FitCleanupIntentOperation received Intent %s
11-08 22:01:05.248 19739 19739 I dex2oat64: /apex/com.android.art/bin/dex2oat64 --input-vdex-fd=-1 --output-vdex-fd=10 --classpath-dir=/data/app/~~BCCA_znh-yxGThSFizmsDA==/com.microgame.skater-xJP92gJSukWPXdu9C9sFZA== --class-loader-context=PCL[]{PCL[/system/framework/android.test.base.jar]#PCL[/system/framework/org.apache.http.legacy.jar]} --compact-dex-level=none --compiler-filter=speed-profile --compilation-reason=install --max-image-block-size=524288 --resolve-startup-const-strings=true --generate-mini-debug-info
11-08 22:01:05.251 12363 12511 I Finsky  : [511] kce.a(204): AIM: AppInfoManager-Perf > ItemModel > CacheSize=35, cacheHitCount=0, cacheMissCount=0, total appsWithNoServerDataCount=2. Missed  in cache (limit 10) : []
11-08 22:01:05.253 12363 12511 I Finsky  : [511] jhi.accept(156): AIM: AppInfoManager-Perf > getApps > data collection finished
11-08 22:01:05.253 12363 12511 I Finsky  : [511] jnz.run(464): AIM: AppInfoManager-Perf > maybeDestroyAppInfoManager is called. actives = 2
11-08 22:01:05.259 12253 16168 W ChimeraUtils: Module com.google.android.gms.nearby_en missing resource null(0)
11-08 22:01:05.264 12253 16168 W ChimeraUtils: Module com.google.android.gms.nearby_en missing resource null(0)
11-08 22:01:05.276 13563 16574 I Icing   : Indexing com.google.android.gms-apps from com.google.android.gms
11-08 22:01:05.279 11384 14384 I com.lookout: Background concurrent copying GC freed 1847835(67MB) AllocSpace objects, 1756(34MB) LOS objects, 73% free, 34MB/130MB, paused 197us,231us total 199.921ms
11-08 22:01:05.279 19739 19739 W dex2oat64: ART APEX data files are untrusted.
11-08 22:01:05.311 13563 16574 I Icing   : Indexing done com.google.android.gms-apps
11-08 22:01:05.357 12690 16740 I A       : (REDACTED) Writing data of size=%d bytes with N=%d keys to Geller corpus %s at ts=%d
11-08 22:01:05.359 12690 12773 I DeviceAppInfoWork: refreshDeviceAppInfoForAccount done.
11-08 22:01:05.371  1438  1759 E VerityUtils: Failed to measure fs-verity, errno 1: /data/app/~~Z2icNe4CH5bTsKPf6FowZg==/ch.nth.android.contentabo_l01_sim_univ--6XPGrJWHtONpmw3xskAFw==/base.apk
11-08 22:01:05.378  1438  1660 V StorageManagerService: Package null has legacy storage
11-08 22:01:05.378  3449  3449 D QtiCarrierConfigHelper: WARNING, no carrier configs on phone Id: 0
11-08 22:01:05.378  4232  4258 I MediaProvider: Invalidating LocalCallingIdentity cache for package com.microgame.skater. Reason: op android:read_external_storage
11-08 22:01:05.378  3449  3449 D QtiCarrierConfigHelper: WARNING, no carrier configs on phone Id: 1
11-08 22:01:05.379  3131  3131 D PowerNotificationWarningsGoogleImpl: onReceive: android.intent.action.BATTERY_CHANGED
11-08 22:01:05.379  1438  1438 I LineageHealth: Current mChargingStopReason: 0
11-08 22:01:05.381  3131  3131 D BatteryInfoBroadcast: onReceive: android.intent.action.BATTERY_CHANGED isPowerSaveMode: false
11-08 22:01:05.381  3131  3131 D BatteryDefenderNotification: isPlugged: true | isOverheated: false | defenderEnabled: false | isCharged: false
11-08 22:01:05.384  1438  1759 E VerityUtils: Failed to measure fs-verity, errno 1: /data/app/~~Z2icNe4CH5bTsKPf6FowZg==/ch.nth.android.contentabo_l01_sim_univ--6XPGrJWHtONpmw3xskAFw==/base.apk
11-08 22:01:05.390 12690 12815 W DeviceAppInfoWork: missing version info.
11-08 22:01:05.384  1438  1438 W PackageManagerB: type=1400 audit(0.0:14487): avc: denied { ioctl } for path="/system/app/CertInstaller/CertInstaller.apk" dev="sde48" ino=1133 ioctlcmd=0x6686 scontext=u:r:system_server:s0 tcontext=u:object_r:system_file:s0 tclass=file permissive=0
11-08 22:01:05.396  1438  1759 E VerityUtils: Failed to measure fs-verity, errno 1: /system/app/CertInstaller/CertInstaller.apk
11-08 22:01:05.403  1438  1759 E VerityUtils: Failed to measure fs-verity, errno 1: /data/app/~~xzHlUhmnY6VBtvbIC6GAMA==/lakshmidevi.lakshmimata.laxmidoorlockscreen6-rniyuKx5pIJH_E5HjAYZVw==/base.apk
11-08 22:01:05.406  1438  1759 E VerityUtils: Failed to measure fs-verity, errno 1: /data/app/~~xzHlUhmnY6VBtvbIC6GAMA==/lakshmidevi.lakshmimata.laxmidoorlockscreen6-rniyuKx5pIJH_E5HjAYZVw==/base.apk
11-08 22:01:05.413 19739 19746 W dex2oat64: Method com.jolopay.service.JM com.jolopay.service.JM.i() failed lock verification and will run slower.
11-08 22:01:05.413 19739 19746 W dex2oat64: Common causes for lock verification issues are non-optimized dex code
11-08 22:01:05.413 19739 19746 W dex2oat64: and incorrect proguard optimizations.
11-08 22:01:05.413 19739 19747 W dex2oat64: Method com.lyhtgh.pay.a com.lyhtgh.pay.a.a() failed lock verification and will run slower.
11-08 22:01:05.420 19739 19739 W dex2oat64: Method com.umeng.common.Res com.umeng.common.Res.getInstance(android.content.Context) failed lock verification and will run slower.
11-08 22:01:05.424  1438  1759 E VerityUtils: Failed to measure fs-verity, errno 1: /vendor/app/TimeService/TimeService.apk
11-08 22:01:05.425 19739 19739 W dex2oat64: Method void com.umeng.common.net.q.b(android.content.Context, android.widget.ImageView, android.graphics.drawable.Drawable, boolean, com.umeng.common.net.q$a, android.view.animation.Animation, boolean, java.lang.String) failed lock verification and will run slower.
11-08 22:01:05.428 19739 19742 W dex2oat64: Method mobi.zty.pay.sdk.leyouFee.LeYouFeeInstance mobi.zty.pay.sdk.leyouFee.LeYouFeeInstance.c() failed lock verification and will run slower.
11-08 22:01:05.429 19739 19745 W dex2oat64: Method void com.umeng.update.net.j.b(android.content.Context, android.widget.ImageView, android.graphics.drawable.Drawable, boolean, com.umeng.update.net.j$a, android.view.animation.Animation, boolean, java.lang.String) failed lock verification and will run slower.
11-08 22:01:05.429 19739 19746 W dex2oat64: Method mobi.zty.sdk.game.f mobi.zty.sdk.game.f.b() failed lock verification and will run slower.
11-08 22:01:05.430 19739 19746 W dex2oat64: Method u.fb.c u.fb.c.a(android.content.Context) failed lock verification and will run slower.
11-08 22:01:05.430 19739 19739 W dex2oat64: Method u.upd.c u.upd.c.a(android.content.Context) failed lock verification and will run slower.
11-08 22:01:05.432  1438  1759 E VerityUtils: Failed to measure fs-verity, errno 1: /data/app/~~SL9lOJqg1YFCW8DTktM3jw==/com.example.eroplayer-ylH2iamesqFY7H2E9CeQ-w==/base.apk
11-08 22:01:05.435  1438  1759 E VerityUtils: Failed to measure fs-verity, errno 1: /data/app/~~SL9lOJqg1YFCW8DTktM3jw==/com.example.eroplayer-ylH2iamesqFY7H2E9CeQ-w==/base.apk
11-08 22:01:05.437  1438  1759 E VerityUtils: Failed to measure fs-verity, errno 1: /data/app/~~mo6b_pfsDDPc3eFj5iAnPw==/com.zgzt.bt.qipa-jfK0dbuk3yb1fvleIGXnIw==/base.apk
11-08 22:01:05.446  1438  1759 E VerityUtils: Failed to measure fs-verity, errno 1: /data/app/~~vgx9lWlKLNjoL8ezGxGK1Q==/com.google.service-bggWTz-G4d7bbK72LvLjqw==/base.apk
11-08 22:01:05.448  1438  1759 E VerityUtils: Failed to measure fs-verity, errno 1: /data/app/~~vgx9lWlKLNjoL8ezGxGK1Q==/com.google.service-bggWTz-G4d7bbK72LvLjqw==/base.apk
11-08 22:01:05.450  1438  5553 I ActivityManager: Background started FGS: Allowed [callingPackage: com.google.android.apps.wellbeing; callingUid: 10120; uidState: BFGS; intent: Intent { cmp=com.google.android.apps.wellbeing/com.google.apps.tiktok.concurrent.InternalForegroundService (has extras) }; code:BACKGROUND_ACTIVITY_PERMISSION; tempAllowListReason:<null>; targetSdkVersion:33; callerTargetSdkVersion:33; startForegroundCount:0; bindFromPackage:null]
11-08 22:01:05.451  1438  1759 E VerityUtils: Failed to measure fs-verity, errno 1: /data/app/~~nImX0j5hL_xvHWDAj8UbdQ==/com.ck.services-PPsCZHyjCPrwz2VK0E1fTQ==/base.apk
11-08 22:01:05.452 19739 19739 I dex2oat64: dex2oat took 211.914ms (409.639ms cpu) (threads: 8) arena alloc=0B (0B) java alloc=898KB (919808B) native alloc=2035KB (2084208B) free=1632KB (1671824B)
11-08 22:01:05.458  1059  2056 V installd: DexInv: --- END '/data/app/~~BCCA_znh-yxGThSFizmsDA==/com.microgame.skater-xJP92gJSukWPXdu9C9sFZA==/base.apk' (success) ---
11-08 22:01:05.458  1438  1759 E VerityUtils: Failed to measure fs-verity, errno 1: /data/app/~~SmI3-0yB_t8k03GAngAVAQ==/cgf.rqemaoif.cwgc3_hbtprvd_hjb-V0cFZBEL6aA_DUEmifrCDg==/base.apk
11-08 22:01:05.461  1438  1763 V BackupManagerService: [UserID:0] restoreAtInstall pkg=com.microgame.skater token=6e restoreSet=0
11-08 22:01:05.462  1438  1763 V BackupManagerService: [UserID:0] Finishing install immediately
11-08 22:01:05.462  1438  1759 E VerityUtils: Failed to measure fs-verity, errno 1: /data/app/~~SmI3-0yB_t8k03GAngAVAQ==/cgf.rqemaoif.cwgc3_hbtprvd_hjb-V0cFZBEL6aA_DUEmifrCDg==/base.apk
11-08 22:01:05.464  1438  1763 D PackageInstallerSession: Marking session 435538632 as applied
11-08 22:01:05.464  1059  2056 E installd: Couldn't opendir /data/app/vmdl435538632.tmp: No such file or directory
11-08 22:01:05.464  1059  2056 E installd: Failed to delete /data/app/vmdl435538632.tmp: No such file or directory
11-08 22:01:05.466  1438  1759 E VerityUtils: Failed to measure fs-verity, errno 1: /data/app/~~2FxgmCTj_8clpRWqR7ndiQ==/com.keji.danti424-FOapwOrwAqDOUzCt8Gm1UA==/base.apk
11-08 22:01:05.467  1438  1763 D CompatibilityChangeReporter: Compat change id reported: 168419799; UID 10300; state: DISABLED
11-08 22:01:05.468  1438  1763 D CompatibilityChangeReporter: Compat change id reported: 273564678; UID 10300; state: DISABLED
11-08 22:01:05.470  4232  4232 I MediaProvider: Invalidating LocalCallingIdentity cache for package com.microgame.skater. Reason: package android.intent.action.PACKAGE_ADDED
11-08 22:01:05.472  1438  2923 D CompatibilityChangeReporter: Compat change id reported: 218533173; UID 10300; state: DISABLED
11-08 22:01:05.473  3392  3392 V MediaPlayerList: mPackageChangedBroadcastReceiver: action: android.intent.action.PACKAGE_ADDED
11-08 22:01:05.473  3392  3392 D MediaPlayerList: Name of package changed: com.microgame.skater
11-08 22:01:05.473  1438  1759 E VerityUtils: Failed to measure fs-verity, errno 1: /data/app/~~FJ4rXzPJwiJ6rw2cmrtV-Q==/com.talkweb.ycya.free-zDw3I42_D78wCo9oLmjWaQ==/base.apk
11-08 22:01:05.475  3156 10438 I PermissionControllerServiceImpl: Updating user sensitive for uid 10300
11-08 22:01:05.476  3131  3131 D ControlsListingControllerImpl: ServiceConfig reloaded, count: 0
11-08 22:01:05.477  1438  1438 I Telecom : DefaultDialerCache: Refreshing default dialer for user 0: now com.google.android.dialer: DDC.oR@BJc
11-08 22:01:05.478 12363 12363 I Finsky  : [2] wid.g(1): wid - Received: android.intent.action.PACKAGE_ADDED, [sJOvzz_K4gnE6i2djCpQrhBqHTIBsw23hBzYTKBxCf8]
11-08 22:01:05.478  1438  5553 W BroadcastQueue: u0 Receiving a broadcast in packagecom.jr.narutoii requires a permissions review
11-08 22:01:05.478  1438  5553 W BroadcastQueue: Skipping delivery: permission review required for Intent { act=android.intent.action.PACKAGE_ADDED dat=package: flg=0x4000010 (has extras) } from null (pid=1438, uid=1000) to com.jr.narutoii/com.joyriver.engine.proxy.EngineReceiver
11-08 22:01:05.480 17308 17308 I abb     : StartCommandInProcess(73657474696e67730067657400656e61 settings.get.ena [truncated])
11-08 22:01:05.481 12581 12581 I GsaVoiceInteractionSrv: (REDACTED) O received %s
11-08 22:01:05.481 12363 16562 I Finsky  : [681] pbm.run(216): Wrote row to frosting DB: 687
11-08 22:01:05.481  1438  1695 W BroadcastQueue: u0 Receiving a broadcast in packagecom.android.buyer requires a permissions review
11-08 22:01:05.481  1438  1695 W BroadcastQueue: Skipping delivery: permission review required for Intent { act=android.intent.action.PACKAGE_ADDED dat=package: flg=0x4000010 (has extras) } from null (pid=1438, uid=1000) to com.android.buyer/.mRve
11-08 22:01:05.481  1438  1695 W BroadcastQueue: u0 Receiving a broadcast in packagecom.ym.refpackage.Hjzj.baidu requires a permissions review
11-08 22:01:05.481  1438  1695 W BroadcastQueue: Skipping delivery: permission review required for Intent { act=android.intent.action.PACKAGE_ADDED dat=package: flg=0x4000010 (has extras) } from null (pid=1438, uid=1000) to com.ym.refpackage.Hjzj.baidu/com.z.enter.rc
11-08 22:01:05.481  1438  1695 W BroadcastQueue: Background execution not allowed: receiving Intent { act=android.intent.action.PACKAGE_ADDED dat=package: flg=0x4000010 (has extras) } to com.google.android.packageinstaller/com.android.packageinstaller.PackageInstalledReceiver
11-08 22:01:05.482  1438  1695 W BroadcastQueue: Background execution not allowed: receiving Intent { act=android.intent.action.PACKAGE_ADDED dat=package: flg=0x4000010 (has extras) } to com.android.vending/com.google.android.finsky.packagemonitor.impl.PackageMonitorReceiverImpl$RegisteredReceiver
11-08 22:01:05.482  1438  1695 W BroadcastQueue: Background execution not allowed: receiving Intent { act=android.intent.action.PACKAGE_ADDED dat=package: flg=0x4000010 (has extras) } to com.android.vending/com.google.android.finsky.packagemonitor.backgroundimpl.BackgroundPackageMonitorReceiverImpl$RegisteredReceiver
11-08 22:01:05.482  1438  1695 W BroadcastQueue: Background execution not allowed: receiving Intent { act=android.intent.action.PACKAGE_ADDED dat=package: flg=0x4000010 (has extras) } to com.google.android.gms/.games.chimera.GamesSystemBroadcastReceiverProxy
11-08 22:01:05.482  1438  1695 W BroadcastQueue: Background execution not allowed: receiving Intent { act=android.intent.action.PACKAGE_ADDED dat=package: flg=0x4000010 (has extras) } to com.google.android.gms/.gass.chimera.PackageChangeBroadcastReceiver
11-08 22:01:05.482  1438  1695 W BroadcastQueue: Background execution not allowed: receiving Intent { act=android.intent.action.PACKAGE_ADDED dat=package: flg=0x4000010 (has extras) } to com.google.android.gms/.chimera.GmsIntentOperationService$PersistentTrustedReceiver
11-08 22:01:05.482  1438  1695 W BroadcastQueue: Background execution not allowed: receiving Intent { act=android.intent.action.PACKAGE_ADDED dat=package: flg=0x4000010 (has extras) } to com.google.android.googlequicksearchbox/com.google.android.apps.gsa.googlequicksearchbox.GelStubAppWatcher
11-08 22:01:05.482  1438  1695 W BroadcastQueue: u0 Receiving a broadcast in packagecom.cncd.japan.janli.shudu requires a permissions review
11-08 22:01:05.482  1438  1695 W BroadcastQueue: Skipping delivery: permission review required for Intent { act=android.intent.action.PACKAGE_ADDED dat=package: flg=0x4000010 (has extras) } from null (pid=1438, uid=1000) to com.cncd.japan.janli.shudu/net.l.k.r
11-08 22:01:05.482  1438  1695 W BroadcastQueue: u0 Receiving a broadcast in packagecom.cncd.japan.janli.shudu requires a permissions review
11-08 22:01:05.482  1438  1695 W BroadcastQueue: Skipping delivery: permission review required for Intent { act=android.intent.action.PACKAGE_ADDED dat=package: flg=0x4000010 (has extras) } from null (pid=1438, uid=1000) to com.cncd.japan.janli.shudu/com.feiwofour.coverscreen.SR
11-08 22:01:05.482  1438  1695 W BroadcastQueue: u0 Receiving a broadcast in packagecom.games.mengmeizhitd requires a permissions review
11-08 22:01:05.482  1438  1695 W BroadcastQueue: Skipping delivery: permission review required for Intent { act=android.intent.action.PACKAGE_ADDED dat=package: flg=0x4000010 (has extras) } from null (pid=1438, uid=1000) to com.games.mengmeizhitd/hjnw.ihjnw.i.isqly
11-08 22:01:05.482  1438  1695 W BroadcastQueue: u0 Receiving a broadcast in packagecom.hgperfko.yaeghrwx requires a permissions review
11-08 22:01:05.484  1438  1695 W BroadcastQueue: Skipping delivery: permission review required for Intent { act=android.intent.action.PACKAGE_ADDED dat=package: flg=0x4000010 (has extras) } from null (pid=1438, uid=1000) to com.hgperfko.yaeghrwx/.core.hLytdCQDBv
11-08 22:01:05.485 17308 17308 I abb     : StartCommandInProcess(7061636b61676500696e7374616c6c00 package.install. [truncated])
11-08 22:01:05.487  1438  1438 V BackupManagerConstants: getFullBackupIntervalMilliseconds(...) returns 86400000
11-08 22:01:05.487  1438  1438 V BackupManagerConstants: getFullBackupRequiredNetworkType(...) returns 2
11-08 22:01:05.487  1438  1438 V BackupManagerConstants: getFullBackupRequireCharging(...) returns true
11-08 22:01:05.491  1438  1695 W BroadcastQueue: Background execution not allowed: receiving Intent { act=android.intent.action.PACKAGE_ADDED dat=package: flg=0x4000010 (has extras) } to com.lookout/.plugin.security.internal.broadcast.InstallRelayReceiver
11-08 22:01:05.492  1438  1695 D CompatibilityChangeReporter: Compat change id reported: 168419799; UID 10298; state: DISABLED
11-08 22:01:05.492  1438  1695 D CompatibilityChangeReporter: Compat change id reported: 273564678; UID 10298; state: DISABLED
11-08 22:01:05.497  3131  3131 D ControlsListingControllerImpl: ServiceConfig reloaded, count: 0
11-08 22:01:05.497  3392  3392 V MediaPlayerList: mPackageChangedBroadcastReceiver: action: android.intent.action.PACKAGE_CHANGED
11-08 22:01:05.497  3392  3392 D MediaPlayerList: Name of package changed: com.microgame.skater
11-08 22:01:05.502  3156 10438 I PermissionControllerServiceImpl: Updating user sensitive for uid 10300
11-08 22:01:05.504  1438  1438 I Telecom : DefaultDialerCache: Refreshing default dialer for user 0: now com.google.android.dialer: DDC.oR@BJg
11-08 22:01:05.508 12363 12511 I Finsky  : [511] kch.a(53): AIM: AppInfoManager-Perf > OnDeviceAppInfo > cacheHitCount=0, cacheMissCount=1. Missed  in cache (limit 10) : [com.microgame.skater]
11-08 22:01:05.509 12363 12511 I Finsky  : [511] kac.apply(887): AIM: Got app ownership map. App counts: . Unique apps: 0
11-08 22:01:05.512 12363 12363 I Finsky  : [2] ahxh.c(44): Do not start WearSupportService due to Wear service optimization
11-08 22:01:05.512 12363 12363 I Finsky  : [2] abgi.f(9): Clearing split related stale data.
11-08 22:01:05.518 13563 18354 I Auth    : [SupervisedAccountIntentOperation] onHandleIntent(): android.intent.action.PACKAGE_ADDED
11-08 22:01:05.521 12253 19424 I ProximityAuth: [RecentAppsMediator] Package added: (user=UserHandle{0}) com.microgame.skater
11-08 22:01:05.522 12253 17366 W GCM     : Unexpected forwarded intent: Intent { act=android.intent.action.PACKAGE_ADDED dat=package: flg=0x4000010 pkg=com.google.android.gms cmp=com.google.android.gms/.chimera.PersistentIntentOperationService (has extras) }
11-08 22:01:05.524  1438  2037 I InputReader: Reconfiguring input devices, changes=KEYBOARD_LAYOUTS | 
11-08 22:01:05.524 12253 17366 W GCM     : Unexpected forwarded intent: Intent { act=android.intent.action.PACKAGE_ADDED dat=package: flg=0x4000010 pkg=com.google.android.gms cmp=com.google.android.gms/.chimera.PersistentIntentOperationService (has extras) }
11-08 22:01:05.525  1438  2037 I InputReader: Reconfiguring input devices, changes=KEYBOARD_LAYOUTS | 
11-08 22:01:05.525 13563 17697 I Blockstore: (REDACTED) [DataStoreImpl] Clearing Blockstore Data for package %s
11-08 22:01:05.525 13563 17697 I Blockstore: [DataStoreImpl] Keyless data not found or its IsLastInstallationData = false. [CONTEXT service_id=258 ]
11-08 22:01:05.525 13563 17697 I Dck     : (REDACTED) doesDeviceHaveSupportedWirelessCapabilities: wccSysProp:%d, wccMendel:%d, deviceWccOverride:%s
11-08 22:01:05.525 13563 17697 I Dck     : (REDACTED) isDckModuleEligible: isAtLeastR:%s, hasWccSupport:%s, downloadAllowed:%s
11-08 22:01:05.525 13563 17697 W Dck     : Dck module not eligible for asynchronous downloading [CONTEXT service_id=289 ]
11-08 22:01:05.531  1438  5555 D CompatibilityChangeReporter: Compat change id reported: 161252188; UID 10300; state: DISABLED
11-08 22:01:05.541  1438  1759 E VerityUtils: Failed to measure fs-verity, errno 1: /data/app/~~FJ4rXzPJwiJ6rw2cmrtV-Q==/com.talkweb.ycya.free-zDw3I42_D78wCo9oLmjWaQ==/base.apk
11-08 22:01:05.556 12253 17349 I Fitness : (REDACTED) OnPackageChangedOperation got intent: %s
11-08 22:01:05.558 12363 12363 I Finsky  : [2] rgv.ajJ(13): DTU: Received onPackageAdded, replacing: false
11-08 22:01:05.558 12363 12363 I Finsky  : [2] kal.f(9): AIM: AppInfoCacheUpdater -> invalidating apps: [com.microgame.skater]
11-08 22:01:05.558 12363 12363 I Finsky  : [2] kbd.g(21): AIM: AppInfoManager-Perf > getApps > called for 1 apps
11-08 22:01:05.559 12363 17352 I Finsky  : [696] bb.a(21): Asset module storage cleared for package com.microgame.skater.
11-08 22:01:05.560 12363 17177 I Finsky  : [684] kxr.aeJ(109): [ContentSync] finished, scheduled=false
11-08 22:01:05.568 19708 19708 D BinaryAssets: Extracting 'stagefright/stagefrightCheck-pie' from assets to '/data/user/0/com.nowsecure.android.vts/files/stagefrightCheck-pie' ...
11-08 22:01:05.575 13563 16574 I Icing   : Indexing com.google.android.gms-apps from com.google.android.gms
11-08 22:01:05.583 12253 16170 W ChimeraUtils: Module com.google.android.gms.nearby_en missing resource null(0)
11-08 22:01:05.588 12363 12511 I Finsky  : [511] kch.a(53): AIM: AppInfoManager-Perf > OnDeviceAppInfo > cacheHitCount=0, cacheMissCount=1. Missed  in cache (limit 10) : [com.microgame.skater]
11-08 22:01:05.589 12363 16562 I Finsky  : [681] pbm.run(216): Wrote row to frosting DB: 688
11-08 22:01:05.591  1438  4169 W BackupTransportManager: Package com.microgame.skater enabled setting: 0
11-08 22:01:05.591 12253 17719 I Fitness : (REDACTED) FitCleanupIntentOperation received Intent %s
11-08 22:01:05.596 19708 19708 D StageFright: Is directory: true
11-08 22:01:05.597 19708 19708 D VULN_TEST_BROAD_UPDATE: Without new tests detected.
11-08 22:01:05.600  3515  3515 D CarrierSvcBindHelper: onPackageAdded: com.microgame.skater
11-08 22:01:05.601 12363 12502 I Finsky  : [504] kce.a(204): AIM: AppInfoManager-Perf > ItemModel > CacheSize=35, cacheHitCount=0, cacheMissCount=0, total appsWithNoServerDataCount=2. Missed  in cache (limit 10) : []
11-08 22:01:05.601  3515  3515 D CarrierSvcBindHelper: No carrier app for: 0
11-08 22:01:05.601  3515  3515 D CarrierSvcBindHelper: No carrier app for: 1
11-08 22:01:05.602  3515  3515 E VvmPkgInstalledRcvr: cannot create TelephonyManager from ComponentInfo{com.android.phone/com.android.services.telephony.TelephonyConnectionService}, E, UserHandle{0}
11-08 22:01:05.603 12363 12468 I Finsky  : [500] kac.apply(887): AIM: Got app ownership map. App counts: . Unique apps: 0
11-08 22:01:05.604  1438  3789 W BroadcastQueue: u0 Receiving a broadcast in packagecom.qiuqiu.dfmc requires a permissions review
11-08 22:01:05.604  1438  3789 W BroadcastQueue: Skipping delivery: permission review required for Intent { act=android.intent.action.PACKAGE_ADDED dat=package: flg=0x4000010 (has extras) } from null (pid=1438, uid=1000) to com.qiuqiu.dfmc/cn.jpush.android.service.PushReceiver
11-08 22:01:05.605  1438  1695 W BroadcastQueue: u0 Receiving a broadcast in packagecom.safesys.viruskiller requires a permissions review
11-08 22:01:05.605  1438  1695 W BroadcastQueue: Skipping delivery: permission review required for Intent { act=android.intent.action.PACKAGE_ADDED dat=package: flg=0x4000010 (has extras) } from null (pid=1438, uid=1000) to com.safesys.viruskiller/.ScanPackageBroadcast
11-08 22:01:05.605  1438  1695 W BroadcastQueue: u0 Receiving a broadcast in packagecom.uc108.mobile.sdgj.bd1 requires a permissions review
11-08 22:01:05.605  1438  1695 W BroadcastQueue: Skipping delivery: permission review required for Intent { act=android.intent.action.PACKAGE_ADDED dat=package: flg=0x4000010 (has extras) } from null (pid=1438, uid=1000) to com.uc108.mobile.sdgj.bd1/com.baidu.tiebasdk.service.InstallReceiver
11-08 22:01:05.605  1438  1695 W BroadcastQueue: u0 Receiving a broadcast in packagecom.voicebianshengjinglingwc.wxl requires a permissions review
11-08 22:01:05.605  1438  1695 W BroadcastQueue: Skipping delivery: permission review required for Intent { act=android.intent.action.PACKAGE_ADDED dat=package: flg=0x4000010 (has extras) } from null (pid=1438, uid=1000) to com.voicebianshengjinglingwc.wxl/mp.ruu.Ztjjwrj
11-08 22:01:05.605  1438  1695 W BroadcastQueue: u0 Receiving a broadcast in packagecom.ym.refpackage.Hjzj.baidu requires a permissions review
11-08 22:01:05.605  1438  1695 W BroadcastQueue: Skipping delivery: permission review required for Intent { act=android.intent.action.PACKAGE_ADDED dat=package: flg=0x4000010 (has extras) } from null (pid=1438, uid=1000) to com.ym.refpackage.Hjzj.baidu/com.ym.refpackage.sjrr.baidu.Receiverbaidu
11-08 22:01:05.605  1438  1695 W BroadcastQueue: u0 Receiving a broadcast in packagecom.ym.refpackage.Hjzj.baidu requires a permissions review
11-08 22:01:05.605  1438  1695 W BroadcastQueue: Skipping delivery: permission review required for Intent { act=android.intent.action.PACKAGE_ADDED dat=package: flg=0x4000010 (has extras) } from null (pid=1438, uid=1000) to com.ym.refpackage.Hjzj.baidu/coco.husky.shell.Receiver
11-08 22:01:05.605  1438  1695 W BroadcastQueue: u0 Receiving a broadcast in packagecom.yoojar.zlsg.baidu requires a permissions review
11-08 22:01:05.605  1438  1695 W BroadcastQueue: Skipping delivery: permission review required for Intent { act=android.intent.action.PACKAGE_ADDED dat=package: flg=0x4000010 (has extras) } from null (pid=1438, uid=1000) to com.yoojar.zlsg.baidu/com.duoku.platform.download.broadcast.AppMonitorReceiver
11-08 22:01:05.605  1438  1695 W BroadcastQueue: u0 Receiving a broadcast in packageio.dcloud.H5BC6BF13 requires a permissions review
11-08 22:01:05.606  1438  1695 W BroadcastQueue: Skipping delivery: permission review required for Intent { act=android.intent.action.PACKAGE_ADDED dat=package: flg=0x4000010 (has extras) } from null (pid=1438, uid=1000) to io.dcloud.H5BC6BF13/io.dcloud.common.adapter.io.DownloadReceiver
11-08 22:01:05.612 12253 16170 W ChimeraUtils: Module com.google.android.gms.nearby_en missing resource null(0)
11-08 22:01:05.612 12363 12363 I Finsky  : [2] wid.g(1): wid - Received: android.intent.action.PACKAGE_CHANGED, [sJOvzz_K4gnE6i2djCpQrhBqHTIBsw23hBzYTKBxCf8]
11-08 22:01:05.616 12363 16562 I Finsky  : [681] pbm.run(216): Wrote row to frosting DB: 689
11-08 22:01:05.617 12363 12363 I Finsky  : [2] kal.f(9): AIM: AppInfoCacheUpdater -> invalidating apps: [com.microgame.skater]
11-08 22:01:05.617 12363 12363 I Finsky  : [2] kbd.g(21): AIM: AppInfoManager-Perf > getApps > called for 1 apps
11-08 22:01:05.618 12363 12511 I Finsky  : [511] kch.a(53): AIM: AppInfoManager-Perf > OnDeviceAppInfo > cacheHitCount=1, cacheMissCount=0. Missed  in cache (limit 10) : []
11-08 22:01:05.618 12363 12511 I Finsky  : [511] kch.a(53): AIM: AppInfoManager-Perf > OnDeviceAppInfo > cacheHitCount=0, cacheMissCount=1. Missed  in cache (limit 10) : [com.microgame.skater]
11-08 22:01:05.619 12363 12511 I Finsky  : [511] kac.apply(887): AIM: Got app ownership map. App counts: . Unique apps: 0
11-08 22:01:05.621 12363 12511 I Finsky  : [511] kac.apply(887): AIM: Got app ownership map. App counts: . Unique apps: 0
11-08 22:01:05.627 12363 16562 I Finsky  : [681] pbm.run(216): Wrote row to frosting DB: 690
11-08 22:01:05.632  1438  1693 W WindowMagnificationMgr: requestConnection duplicated request: connect=false, mConnectionState=DISCONNECTED
11-08 22:01:05.640 12253 17349 I Fitness : (REDACTED) OnPackageChangedOperation got intent: %s
11-08 22:01:05.641  1438  1506 W BroadcastQueue: u0 Receiving a broadcast in packagecom.yoojar.zlsg.baidu requires a permissions review
11-08 22:01:05.641  1438  1506 W BroadcastQueue: Skipping delivery: permission review required for Intent { act=android.intent.action.PACKAGE_CHANGED dat=package: flg=0x5000010 (has extras) } from null (pid=1438, uid=1000) to com.yoojar.zlsg.baidu/com.duoku.platform.download.broadcast.AppMonitorReceiver
11-08 22:01:05.642 12253 17360 I Fitness : (REDACTED) FitCleanupIntentOperation received Intent %s
11-08 22:01:05.649  1438  1759 E VerityUtils: Failed to measure fs-verity, errno 1: /data/app/~~s3I7QSHlvPxVQUPGEQCwuA==/com.hgperfko.yaeghrwx-Zh8Zb_2HXUAWTjUUNLCf_g==/base.apk
11-08 22:01:05.656  1438  1438 I NotificationService: Cannot find enqueued record for key: 0|com.google.android.apps.wellbeing|174344743|null|10120
11-08 22:01:05.660  3515  3515 D CarrierSvcBindHelper: onPackageModified: com.microgame.skater
11-08 22:01:05.660  3515  3515 D CarrierSvcBindHelper: No carrier app for: 0
11-08 22:01:05.660  3515  3515 D CarrierSvcBindHelper: No carrier app for: 1
11-08 22:01:05.660  3515  3515 D ImsResolver: maybeAddedImsService, packageName: com.microgame.skater
11-08 22:01:05.663 12363 12468 I Finsky  : [500] kce.a(204): AIM: AppInfoManager-Perf > ItemModel > CacheSize=35, cacheHitCount=0, cacheMissCount=0, total appsWithNoServerDataCount=2. Missed  in cache (limit 10) : []
11-08 22:01:05.674  3515  3515 D ImsResolver: maybeAddedImsService, packageName: com.microgame.skater
11-08 22:01:05.674 12363 12502 I Finsky  : [504] kce.a(204): AIM: AppInfoManager-Perf > ItemModel > CacheSize=35, cacheHitCount=0, cacheMissCount=0, total appsWithNoServerDataCount=2. Missed  in cache (limit 10) : []
11-08 22:01:05.675 12363 12502 I Finsky  : [504] jhi.accept(156): AIM: AppInfoManager-Perf > getApps > data collection finished
11-08 22:01:05.675 12363 12502 I Finsky  : [504] jnz.run(464): AIM: AppInfoManager-Perf > maybeDestroyAppInfoManager is called. actives = 3
11-08 22:01:05.682  1438  1759 E VerityUtils: Failed to measure fs-verity, errno 1: /data/app/~~BCCA_znh-yxGThSFizmsDA==/com.microgame.skater-xJP92gJSukWPXdu9C9sFZA==/base.apk
11-08 22:01:05.683  1438  1693 W PackageManager: Failed registering loading progress callback. Package is fully loaded.
11-08 22:01:05.683 12363 12468 I Finsky  : [500] jhi.accept(156): AIM: AppInfoManager-Perf > getApps > data collection finished
11-08 22:01:05.684 12363 12468 I Finsky  : [500] jnz.run(464): AIM: AppInfoManager-Perf > maybeDestroyAppInfoManager is called. actives = 2
11-08 22:01:05.695  4170  4170 I AiAiEcho: EchoSearch: AppFetcherImpl is initialized with [130] apps [time=10, reason=com.microgame.skater is added]
11-08 22:01:05.700  1438  1693 W WindowMagnificationMgr: requestConnection duplicated request: connect=false, mConnectionState=DISCONNECTED
11-08 22:01:05.738 12253 16168 W ChimeraUtils: Module com.google.android.gms.nearby_en missing resource null(0)
11-08 22:01:05.740 12253 16168 W ChimeraUtils: Module com.google.android.gms.nearby_en missing resource null(0)
11-08 22:01:05.742 12363 12511 I Finsky  : [511] kce.a(204): AIM: AppInfoManager-Perf > ItemModel > CacheSize=35, cacheHitCount=0, cacheMissCount=0, total appsWithNoServerDataCount=2. Missed  in cache (limit 10) : []
11-08 22:01:05.746  4170  4406 I AiAiEcho: EchoSearch: WidgetFetcherImpl is initialized with [21] widgets [reason=package added for userId: 0]
11-08 22:01:05.760  1438  1759 E VerityUtils: Failed to measure fs-verity, errno 1: /data/app/~~yRusPYDgi3QIkQ1oigvjbQ==/com.keji.danti420-Qn9lTWF5_iZrdOtT6VT5Hw==/base.apk
11-08 22:01:05.770  1438  1759 E VerityUtils: Failed to measure fs-verity, errno 1: /data/app/~~yRusPYDgi3QIkQ1oigvjbQ==/com.keji.danti420-Qn9lTWF5_iZrdOtT6VT5Hw==/base.apk
11-08 22:01:05.772 13563 16574 I Icing   : Indexing done com.google.android.gms-apps
11-08 22:01:05.764  1438  1438 W PackageManagerB: type=1400 audit(0.0:14498): avc: denied { ioctl } for path="/apex/com.android.permission/priv-app/SafetyCenterResources@TQ3C.230901.001.B1/SafetyCenterResources.apk" dev="sde48" ino=575 ioctlcmd=0x6686 scontext=u:r:system_server:s0 tcontext=u:object_r:system_file:s0 tclass=file permissive=0
11-08 22:01:05.775  1438  1759 E VerityUtils: Failed to measure fs-verity, errno 1: /apex/com.android.permission/priv-app/SafetyCenterResources@TQ3C.230901.001.B1/SafetyCenterResources.apk
11-08 22:01:05.777 12253 16170 W ChimeraUtils: Module com.google.android.gms.nearby_en missing resource null(0)
11-08 22:01:05.781  1438  1759 E VerityUtils: Failed to measure fs-verity, errno 1: /data/app/~~LIvbgfFzYMaDTSHMvTBA7A==/bie.nao.bai.tou-ERX_JhPjl5adgG6LBq0qzQ==/base.apk
11-08 22:01:05.791  1438  1759 E VerityUtils: Failed to measure fs-verity, errno 1: /data/app/~~LIvbgfFzYMaDTSHMvTBA7A==/bie.nao.bai.tou-ERX_JhPjl5adgG6LBq0qzQ==/base.apk
11-08 22:01:05.792 12253 16170 W ChimeraUtils: Module com.google.android.gms.nearby_en missing resource null(0)
11-08 22:01:05.799  1438  1759 E VerityUtils: Failed to measure fs-verity, errno 1: /system/product/overlay/NetworkStackOverlay.apk
11-08 22:01:05.784  1438  1438 W PackageManagerB: type=1400 audit(0.0:14499): avc: denied { ioctl } for path="/system/product/overlay/NetworkStackOverlay.apk" dev="sde48" ino=4233 ioctlcmd=0x6686 scontext=u:r:system_server:s0 tcontext=u:object_r:system_file:s0 tclass=file permissive=0
11-08 22:01:05.802  1438  1759 E VerityUtils: Failed to measure fs-verity, errno 1: /data/app/~~o1q5Kme5ngTgYtb5gyW-qQ==/com.iapp.gonjubao-srkX4BMNIOzYtGVUym3law==/base.apk
11-08 22:01:05.816  1438  1759 E VerityUtils: Failed to measure fs-verity, errno 1: /data/app/~~o1q5Kme5ngTgYtb5gyW-qQ==/com.iapp.gonjubao-srkX4BMNIOzYtGVUym3law==/base.apk
11-08 22:01:05.814  1438  1438 W PackageManagerB: type=1400 audit(0.0:14500): avc: denied { ioctl } for path="/system/priv-app/GooglePackageInstaller/GooglePackageInstaller.apk" dev="sde48" ino=3652 ioctlcmd=0x6686 scontext=u:r:system_server:s0 tcontext=u:object_r:system_file:s0 tclass=file permissive=0
11-08 22:01:05.827 13563 16574 I Icing   : Indexing com.google.android.gms-apps from com.google.android.gms
11-08 22:01:05.827  1438  1759 E VerityUtils: Failed to measure fs-verity, errno 1: /system/priv-app/GooglePackageInstaller/GooglePackageInstaller.apk
11-08 22:01:05.835 13563 16574 I Icing   : Indexing done com.google.android.gms-apps
11-08 22:01:05.836 13563 16574 I Icing   : Indexing com.google.android.gms-apps from com.google.android.gms
11-08 22:01:05.837 13563 16574 I Icing   : Indexing done com.google.android.gms-apps
11-08 22:01:05.838  1438  1759 E VerityUtils: Failed to measure fs-verity, errno 1: /data/app/~~SNkpDJruR_QNYonG_wfswg==/nai.rou.le.ke-vHXuI5bkCELs4X2ZSEncYg==/base.apk
11-08 22:01:05.845  1438  1759 E VerityUtils: Failed to measure fs-verity, errno 1: /data/app/~~SNkpDJruR_QNYonG_wfswg==/nai.rou.le.ke-vHXuI5bkCELs4X2ZSEncYg==/base.apk
11-08 22:01:05.851  1438  1759 E VerityUtils: Failed to measure fs-verity, errno 1: /data/app/~~UnGxsjxCzRshEZOetS80NQ==/com.google.ar.core-VDfzPONKW-Kk4HwCAgarbg==/base.apk
11-08 22:01:05.856  1438  1759 E VerityUtils: Failed to measure fs-verity, errno 1: /data/app/~~UnGxsjxCzRshEZOetS80NQ==/com.google.ar.core-VDfzPONKW-Kk4HwCAgarbg==/split_config.en.apk
11-08 22:01:05.868  1438  1759 E VerityUtils: Failed to measure fs-verity, errno 1: /data/app/~~UnGxsjxCzRshEZOetS80NQ==/com.google.ar.core-VDfzPONKW-Kk4HwCAgarbg==/split_config.xxhdpi.apk
11-08 22:01:05.877  1438  2026 I RoleService: Granting default roles...
11-08 22:01:05.890  1438  1759 E VerityUtils: Failed to measure fs-verity, errno 1: /data/app/~~0i2Ix5bwMey_kdFCJZ5Ytg==/com.rjtq.ogmj-1Cjqxg7fp7Y4MTl2k3IBaA==/base.apk
11-08 22:01:05.909  1438  1502 I system_server: Background concurrent copying GC freed 659083(31MB) AllocSpace objects, 63(4124KB) LOS objects, 73% free, 33MB/129MB, paused 359us,230us total 445.212ms
11-08 22:01:05.913  1438  1759 E VerityUtils: Failed to measure fs-verity, errno 1: /data/app/~~0i2Ix5bwMey_kdFCJZ5Ytg==/com.rjtq.ogmj-1Cjqxg7fp7Y4MTl2k3IBaA==/base.apk
11-08 22:01:05.916  3156 17347 W Role    : Cannot get ApplicationInfo for default holder: com.android.settings.intelligence
11-08 22:01:05.904  1438  1438 W PackageManagerB: type=1400 audit(0.0:14501): avc: denied { ioctl } for path="/system/app/PacProcessor/PacProcessor.apk" dev="sde48" ino=1178 ioctlcmd=0x6686 scontext=u:r:system_server:s0 tcontext=u:object_r:system_file:s0 tclass=file permissive=0
11-08 22:01:05.920  1438  1759 E VerityUtils: Failed to measure fs-verity, errno 1: /system/app/PacProcessor/PacProcessor.apk
11-08 22:01:05.921  3156 17347 W Role    : Default holder doesn't have required signing certificate: com.google.android.apps.work.clouddpc:23962F4B43B9857638EA66F4D419518EAE282491ACDA4B94707BD59003C45E58
11-08 22:01:05.921  1438  1759 E VerityUtils: Failed to measure fs-verity, errno 1: /data/app/~~5ZIfjv_z-eM1raVg17-hHg==/com.deki.bmsn-QPhpPqAXA2MvaHpsmdqG3Q==/base.apk
11-08 22:01:05.923  1438  1759 E VerityUtils: Failed to measure fs-verity, errno 1: /data/app/~~5ZIfjv_z-eM1raVg17-hHg==/com.deki.bmsn-QPhpPqAXA2MvaHpsmdqG3Q==/base.apk
11-08 22:01:05.914  1438  1438 W PackageManagerB: type=1400 audit(0.0:14502): avc: denied { ioctl } for path="/apex/com.android.tethering/priv-app/ServiceConnectivityResources@TQ3C.230901.001.B1/ServiceConnectivityResources.apk" dev="sde48" ino=698 ioctlcmd=0x6686 scontext=u:r:system_server:s0 tcontext=u:object_r:system_file:s0 tclass=file permissive=0
11-08 22:01:05.925  1438  1759 E VerityUtils: Failed to measure fs-verity, errno 1: /apex/com.android.tethering/priv-app/ServiceConnectivityResources@TQ3C.230901.001.B1/ServiceConnectivityResources.apk
11-08 22:01:05.932  1438  1504 W System  : A resource failed to call close. 
11-08 22:01:05.937  1438  1759 E VerityUtils: Failed to measure fs-verity, errno 1: /data/app/~~UFC7Rn4QJiuVO8y71Zw4zg==/pin.xin.zu.he-qQX_QRWEX3lW5IbBTGnb2g==/base.apk
11-08 22:01:05.941  1438  1759 E VerityUtils: Failed to measure fs-verity, errno 1: /data/app/~~UFC7Rn4QJiuVO8y71Zw4zg==/pin.xin.zu.he-qQX_QRWEX3lW5IbBTGnb2g==/base.apk
11-08 22:01:05.949  1438  1759 E VerityUtils: Failed to measure fs-verity, errno 1: /data/app/~~-EMml-Rfe7RPo24bwfDEYQ==/rjpmscxyoicgj.rcmuksahjbgmzodorjn.pebcsfmlgnqxshaierbhj-bh1anmOBcbU9su2z-mpHIA==/base.apk
11-08 22:01:05.952  3156 17347 W Role    : Cannot get ApplicationInfo for default holder: com.google.android.apps.photos
11-08 22:01:05.953  3156 17347 W Role    : Cannot get ApplicationInfo for default holder: com.google.android.odad
11-08 22:01:05.954  1438  1759 E VerityUtils: Failed to measure fs-verity, errno 1: /data/app/~~Fh0dzIkJ0t_Z199SW5UlVA==/com.safesys.viruskiller-2cXabtWNFCpYniUQ9TFhJg==/base.apk
11-08 22:01:05.957  1438  1759 E VerityUtils: Failed to measure fs-verity, errno 1: /data/app/~~Fh0dzIkJ0t_Z199SW5UlVA==/com.safesys.viruskiller-2cXabtWNFCpYniUQ9TFhJg==/base.apk
11-08 22:01:05.959  1438  1759 E VerityUtils: Failed to measure fs-verity, errno 1: /data/app/~~EeqI-QuBWkfTGAgPZNsEuA==/com.zu.zu-KL24izowiFKqL150dtO15w==/base.apk
11-08 22:01:05.962  1438  1763 E PackageManager: ERROR: could not load root hash from incremental install
11-08 22:01:05.965 12363 12363 I Finsky  : [2] ahjm.c(71): VerifyApps: Install-time verification requested for package com.rqmubsg.jnhsbha, id = 110
11-08 22:01:05.969 12363 17320 I Finsky  : [692] VerifyAppsInstallTask.akC(63): VerifyApps: Anti-malware verification task started for package=com.rqmubsg.jnhsbha
11-08 22:01:05.970  1438  2046 W PackageParsing: Ignoring duplicate uses-permissions/uses-permissions-sdk-m: android.permission.INTERNET in package: com.rqmubsg.jnhsbha at: Binary XML file line #22
11-08 22:01:05.970  1438  2046 W PackageParsing: Ignoring duplicate uses-permissions/uses-permissions-sdk-m: android.permission.READ_PHONE_STATE in package: com.rqmubsg.jnhsbha at: Binary XML file line #31
11-08 22:01:05.970  1438  2046 W PackageParsing: Ignoring duplicate uses-permissions/uses-permissions-sdk-m: android.permission.INTERNET in package: com.rqmubsg.jnhsbha at: Binary XML file line #32
11-08 22:01:05.970  1438  2046 W PackageParsing: Ignoring duplicate uses-permissions/uses-permissions-sdk-m: android.permission.ACCESS_WIFI_STATE in package: com.rqmubsg.jnhsbha at: Binary XML file line #33
11-08 22:01:05.970  1438  2046 W PackageParsing: Ignoring duplicate uses-permissions/uses-permissions-sdk-m: android.permission.ACCESS_NETWORK_STATE in package: com.rqmubsg.jnhsbha at: Binary XML file line #34
11-08 22:01:05.970  1438  2046 W PackageParsing: Ignoring duplicate uses-permissions/uses-permissions-sdk-m: android.permission.WRITE_EXTERNAL_STORAGE in package: com.rqmubsg.jnhsbha at: Binary XML file line #35
11-08 22:01:05.970  1438  2046 W PackageParsing: Ignoring duplicate uses-permissions/uses-permissions-sdk-m: android.permission.READ_EXTERNAL_STORAGE in package: com.rqmubsg.jnhsbha at: Binary XML file line #36
11-08 22:01:05.970  1438  2046 W PackageParsing: Ignoring duplicate uses-permissions/uses-permissions-sdk-m: android.permission.SEND_SMS in package: com.rqmubsg.jnhsbha at: Binary XML file line #37
11-08 22:01:05.970  1438  2046 W PackageParsing: Ignoring duplicate uses-permissions/uses-permissions-sdk-m: android.permission.WRITE_SMS in package: com.rqmubsg.jnhsbha at: Binary XML file line #38
11-08 22:01:05.970  1438  2046 W PackageParsing: Ignoring duplicate uses-permissions/uses-permissions-sdk-m: android.permission.READ_SMS in package: com.rqmubsg.jnhsbha at: Binary XML file line #39
11-08 22:01:05.970  1438  2046 W PackageParsing: Ignoring duplicate uses-permissions/uses-permissions-sdk-m: android.permission.RECEIVE_SMS in package: com.rqmubsg.jnhsbha at: Binary XML file line #40
11-08 22:01:05.970  1438  2046 W PackageParsing: Ignoring duplicate uses-permissions/uses-permissions-sdk-m: android.permission.ACCESS_NETWORK_STATE in package: com.rqmubsg.jnhsbha at: Binary XML file line #41
11-08 22:01:05.970  1438  2046 W PackageParsing: Ignoring duplicate uses-permissions/uses-permissions-sdk-m: android.permission.ACCESS_WIFI_STATE in package: com.rqmubsg.jnhsbha at: Binary XML file line #42
11-08 22:01:05.970  1438  2046 W PackageParsing: Ignoring duplicate uses-permissions/uses-permissions-sdk-m: android.permission.SEND_SMS in package: com.rqmubsg.jnhsbha at: Binary XML file line #43
11-08 22:01:05.970  1438  2046 W PackageParsing: Ignoring duplicate uses-permissions/uses-permissions-sdk-m: android.permission.READ_PHONE_STATE in package: com.rqmubsg.jnhsbha at: Binary XML file line #44
11-08 22:01:05.970  1438  2046 W PackageParsing: Ignoring duplicate uses-permissions/uses-permissions-sdk-m: android.permission.INTERNET in package: com.rqmubsg.jnhsbha at: Binary XML file line #45
11-08 22:01:05.970  1438  2046 W PackageParsing: Ignoring duplicate uses-permissions/uses-permissions-sdk-m: android.permission.WRITE_EXTERNAL_STORAGE in package: com.rqmubsg.jnhsbha at: Binary XML file line #46
11-08 22:01:05.970  1438  2046 W PackageParsing: Ignoring duplicate uses-permissions/uses-permissions-sdk-m: android.permission.WRITE_SMS in package: com.rqmubsg.jnhsbha at: Binary XML file line #48
11-08 22:01:05.970  1438  2046 W PackageParsing: Ignoring duplicate uses-permissions/uses-permissions-sdk-m: android.permission.READ_SMS in package: com.rqmubsg.jnhsbha at: Binary XML file line #49
11-08 22:01:05.971  1438  2046 W PackageParsing: Ignoring duplicate uses-permissions/uses-permissions-sdk-m: android.permission.ACCESS_COARSE_LOCATION in package: com.rqmubsg.jnhsbha at: Binary XML file line #50
11-08 22:01:05.971  1438  2046 W PackageParsing: Ignoring duplicate uses-permissions/uses-permissions-sdk-m: android.permission.ACCESS_FINE_LOCATION in package: com.rqmubsg.jnhsbha at: Binary XML file line #51
11-08 22:01:05.971  1438  2046 W PackageParsing: Ignoring duplicate uses-permissions/uses-permissions-sdk-m: android.permission.RECEIVE_SMS in package: com.rqmubsg.jnhsbha at: Binary XML file line #53
11-08 22:01:05.971  1438  2046 W PackageParsing: Ignoring duplicate uses-permissions/uses-permissions-sdk-m: android.permission.INTERNET in package: com.rqmubsg.jnhsbha at: Binary XML file line #55
11-08 22:01:05.971  1438  2046 W PackageParsing: Ignoring duplicate uses-permissions/uses-permissions-sdk-m: android.permission.ACCESS_NETWORK_STATE in package: com.rqmubsg.jnhsbha at: Binary XML file line #56
11-08 22:01:05.971  1438  2046 W PackageParsing: Ignoring duplicate uses-permissions/uses-permissions-sdk-m: android.permission.ACCESS_WIFI_STATE in package: com.rqmubsg.jnhsbha at: Binary XML file line #57
11-08 22:01:05.971  1438  2046 W PackageParsing: Ignoring duplicate uses-permissions/uses-permissions-sdk-m: android.permission.READ_EXTERNAL_STORAGE in package: com.rqmubsg.jnhsbha at: Binary XML file line #58
11-08 22:01:05.971  1438  2046 W PackageParsing: Ignoring duplicate uses-permissions/uses-permissions-sdk-m: android.permission.WRITE_EXTERNAL_STORAGE in package: com.rqmubsg.jnhsbha at: Binary XML file line #59
