11-09 11:01:47.334  1396  1669 W BroadcastQueue: Skipping delivery: permission review required for Intent { act=android.intent.action.PACKAGE_ADDED dat=package: flg=0x4000010 (has extras) } from null (pid=1396, uid=1000) to com.cncd.japan.janli.shudu/com.feiwofour.coverscreen.SR
11-09 11:01:47.334  1396  1669 W BroadcastQueue: u0 Receiving a broadcast in packagecom.games.mengmeizhitd requires a permissions review
11-09 11:01:47.334  1396  1669 W BroadcastQueue: Skipping delivery: permission review required for Intent { act=android.intent.action.PACKAGE_ADDED dat=package: flg=0x4000010 (has extras) } from null (pid=1396, uid=1000) to com.games.mengmeizhitd/hjnw.ihjnw.i.isqly
11-09 11:01:47.334  1396  1669 W BroadcastQueue: u0 Receiving a broadcast in packagecom.hgperfko.yaeghrwx requires a permissions review
11-09 11:01:47.334  1396  1669 W BroadcastQueue: Skipping delivery: permission review required for Intent { act=android.intent.action.PACKAGE_ADDED dat=package: flg=0x4000010 (has extras) } from null (pid=1396, uid=1000) to com.hgperfko.yaeghrwx/.core.hLytdCQDBv
11-09 11:01:47.334  1396  1669 W BroadcastQueue: u0 Receiving a broadcast in packagecom.qiuqiu.dfmc requires a permissions review
11-09 11:01:47.334  1396  1669 W BroadcastQueue: Skipping delivery: permission review required for Intent { act=android.intent.action.PACKAGE_ADDED dat=package: flg=0x4000010 (has extras) } from null (pid=1396, uid=1000) to com.qiuqiu.dfmc/cn.jpush.android.service.PushReceiver
11-09 11:01:47.334  1396  1669 W BroadcastQueue: u0 Receiving a broadcast in packagecom.safesys.viruskiller requires a permissions review
11-09 11:01:47.335  1396  1669 W BroadcastQueue: Skipping delivery: permission review required for Intent { act=android.intent.action.PACKAGE_ADDED dat=package: flg=0x4000010 (has extras) } from null (pid=1396, uid=1000) to com.safesys.viruskiller/.ScanPackageBroadcast
11-09 11:01:47.335  1396  1669 W BroadcastQueue: u0 Receiving a broadcast in packagecom.uc108.mobile.sdgj.bd1 requires a permissions review
11-09 11:01:47.335  1396  1669 W BroadcastQueue: Skipping delivery: permission review required for Intent { act=android.intent.action.PACKAGE_ADDED dat=package: flg=0x4000010 (has extras) } from null (pid=1396, uid=1000) to com.uc108.mobile.sdgj.bd1/com.baidu.tiebasdk.service.InstallReceiver
11-09 11:01:47.335  1396  1669 W BroadcastQueue: u0 Receiving a broadcast in packageio.dcloud.H5BC6BF13 requires a permissions review
11-09 11:01:47.335  1396  1669 W BroadcastQueue: Skipping delivery: permission review required for Intent { act=android.intent.action.PACKAGE_ADDED dat=package: flg=0x4000010 (has extras) } from null (pid=1396, uid=1000) to io.dcloud.H5BC6BF13/io.dcloud.common.adapter.io.DownloadReceiver
11-09 11:01:47.336  1396  1396 I Telecom : DefaultDialerCache: Refreshing default dialer for user 0: now com.google.android.dialer: DDC.oR@Azw
11-09 11:01:47.337  1396  1667 W PackageManager: Failed registering loading progress callback. Package is fully loaded.
11-09 11:01:47.345  1396  1667 W WindowMagnificationMgr: requestConnection duplicated request: connect=false, mConnectionState=DISCONNECTED
11-09 11:01:47.347  1396  1803 E PackageManager: ERROR: could not load root hash from incremental install
11-09 11:01:47.359  1396  1798 E VerityUtils: Failed to measure fs-verity, errno 1: /data/app/~~LfY2KKQZARxbLJOhCumbwg==/com.jr.narutoii-4U-LtobFLLhRfj4AVzcT_Q==/base.apk
11-09 11:01:47.362  1396  2021 W PackageParsing: Ignoring duplicate uses-permissions/uses-permissions-sdk-m: android.permission.DISABLE_KEYGUARD in package: xoin.sctqi.crejg at: Binary XML file line #24
11-09 11:01:47.373  1396  2964 D CompatibilityChangeReporter: Compat change id reported: 161252188; UID 10239; state: DISABLED
11-09 11:01:47.381  1396  1803 I PackageManager: Integrity check passed for file:///data/app/vmdl507564951.tmp
11-09 11:01:47.382  1396  4147 W BackupTransportManager: Package com.jr.narutoii enabled setting: 0
11-09 11:01:47.385  1396  6868 W AppOps  : setUidMode() called with a mode inconsistent with runtime permission state, this is discouraged and you should revoke the runtime permission instead: uid=10126, switchCode=1, mode=4, permission=android.permission.ACCESS_BACKGROUND_LOCATION
11-09 11:01:47.391  1396  3186 W AppOps  : setUidMode() called with a mode inconsistent with runtime permission state, this is discouraged and you should revoke the runtime permission instead: uid=10126, switchCode=0, mode=4, permission=android.permission.ACCESS_BACKGROUND_LOCATION
11-09 11:01:47.420  1396  1396 I NotificationService: Cannot find enqueued record for key: 0|com.google.android.apps.wellbeing|174344743|null|10121
11-09 11:01:47.437  1396  1803 W PackageParsing: Ignoring duplicate uses-permissions/uses-permissions-sdk-m: android.permission.DISABLE_KEYGUARD in package: xoin.sctqi.crejg at: Binary XML file line #24
11-09 11:01:47.581  1396  1654 V StorageManagerService: Package null has legacy storage
11-09 11:01:47.614  1396  1803 V BackupManagerService: [UserID:0] restoreAtInstall pkg=xoin.sctqi.crejg token=32 restoreSet=0
11-09 11:01:47.615  1396  1803 V BackupManagerService: [UserID:0] Finishing install immediately
11-09 11:01:47.618  1396  1803 D PackageInstallerSession: Marking session 507564951 as applied
11-09 11:01:47.626  1396  1803 D CompatibilityChangeReporter: Compat change id reported: 168419799; UID 10240; state: DISABLED
11-09 11:01:47.626  1396  1803 D CompatibilityChangeReporter: Compat change id reported: 273564678; UID 10240; state: DISABLED
11-09 11:01:47.638  1396  3186 W BroadcastQueue: u0 Receiving a broadcast in packagecom.jr.narutoii requires a permissions review
11-09 11:01:47.639  1396  3186 W BroadcastQueue: Skipping delivery: permission review required for Intent { act=android.intent.action.PACKAGE_ADDED dat=package: flg=0x4000010 (has extras) } from null (pid=1396, uid=1000) to com.jr.narutoii/com.joyriver.engine.proxy.EngineReceiver
11-09 11:01:47.640  1396  1669 W BroadcastQueue: u0 Receiving a broadcast in packagecom.android.buyer requires a permissions review
11-09 11:01:47.641  1396  1669 W BroadcastQueue: Skipping delivery: permission review required for Intent { act=android.intent.action.PACKAGE_ADDED dat=package: flg=0x4000010 (has extras) } from null (pid=1396, uid=1000) to com.android.buyer/.mRve
11-09 11:01:47.641  1396  1669 W BroadcastQueue: Background execution not allowed: receiving Intent { act=android.intent.action.PACKAGE_ADDED dat=package: flg=0x4000010 (has extras) } to com.google.android.packageinstaller/com.android.packageinstaller.PackageInstalledReceiver
11-09 11:01:47.641  1396  1669 W BroadcastQueue: Background execution not allowed: receiving Intent { act=android.intent.action.PACKAGE_ADDED dat=package: flg=0x4000010 (has extras) } to com.android.vending/com.google.android.finsky.packagemonitor.impl.PackageMonitorReceiverImpl$RegisteredReceiver
11-09 11:01:47.641  1396  1669 W BroadcastQueue: Background execution not allowed: receiving Intent { act=android.intent.action.PACKAGE_ADDED dat=package: flg=0x4000010 (has extras) } to com.android.vending/com.google.android.finsky.packagemonitor.backgroundimpl.BackgroundPackageMonitorReceiverImpl$RegisteredReceiver
11-09 11:01:47.642  1396  1667 W WindowMagnificationMgr: requestConnection duplicated request: connect=false, mConnectionState=DISCONNECTED
11-09 11:01:47.646  1396  1669 W BroadcastQueue: Background execution not allowed: receiving Intent { act=android.intent.action.PACKAGE_ADDED dat=package: flg=0x4000010 (has extras) } to com.google.android.gms/.games.chimera.GamesSystemBroadcastReceiverProxy
11-09 11:01:47.646  1396  1669 W BroadcastQueue: Background execution not allowed: receiving Intent { act=android.intent.action.PACKAGE_ADDED dat=package: flg=0x4000010 (has extras) } to com.google.android.gms/.gass.chimera.PackageChangeBroadcastReceiver
11-09 11:01:47.647  1396  1669 W BroadcastQueue: Background execution not allowed: receiving Intent { act=android.intent.action.PACKAGE_ADDED dat=package: flg=0x4000010 (has extras) } to com.google.android.gms/.chimera.GmsIntentOperationService$PersistentTrustedReceiver
11-09 11:01:47.647  1396  1669 W BroadcastQueue: Background execution not allowed: receiving Intent { act=android.intent.action.PACKAGE_ADDED dat=package: flg=0x4000010 (has extras) } to com.google.android.googlequicksearchbox/com.google.android.apps.gsa.googlequicksearchbox.GelStubAppWatcher
11-09 11:01:47.647  1396  1669 W BroadcastQueue: u0 Receiving a broadcast in packagecom.cncd.japan.janli.shudu requires a permissions review
11-09 11:01:47.647  1396  1669 W BroadcastQueue: Skipping delivery: permission review required for Intent { act=android.intent.action.PACKAGE_ADDED dat=package: flg=0x4000010 (has extras) } from null (pid=1396, uid=1000) to com.cncd.japan.janli.shudu/net.l.k.r
11-09 11:01:47.647  1396  1669 W BroadcastQueue: u0 Receiving a broadcast in packagecom.cncd.japan.janli.shudu requires a permissions review
11-09 11:01:47.647  1396  1669 W BroadcastQueue: Skipping delivery: permission review required for Intent { act=android.intent.action.PACKAGE_ADDED dat=package: flg=0x4000010 (has extras) } from null (pid=1396, uid=1000) to com.cncd.japan.janli.shudu/com.feiwofour.coverscreen.SR
11-09 11:01:47.647  1396  1669 W BroadcastQueue: u0 Receiving a broadcast in packagecom.games.mengmeizhitd requires a permissions review
11-09 11:01:47.647  1396  1669 W BroadcastQueue: Skipping delivery: permission review required for Intent { act=android.intent.action.PACKAGE_ADDED dat=package: flg=0x4000010 (has extras) } from null (pid=1396, uid=1000) to com.games.mengmeizhitd/hjnw.ihjnw.i.isqly
11-09 11:01:47.647  1396  1669 W BroadcastQueue: u0 Receiving a broadcast in packagecom.hgperfko.yaeghrwx requires a permissions review
11-09 11:01:47.647  1396  1669 W BroadcastQueue: Skipping delivery: permission review required for Intent { act=android.intent.action.PACKAGE_ADDED dat=package: flg=0x4000010 (has extras) } from null (pid=1396, uid=1000) to com.hgperfko.yaeghrwx/.core.hLytdCQDBv
11-09 11:01:47.647  1396  1669 W BroadcastQueue: u0 Receiving a broadcast in packagecom.qiuqiu.dfmc requires a permissions review
11-09 11:01:47.647  1396  1669 W BroadcastQueue: Skipping delivery: permission review required for Intent { act=android.intent.action.PACKAGE_ADDED dat=package: flg=0x4000010 (has extras) } from null (pid=1396, uid=1000) to com.qiuqiu.dfmc/cn.jpush.android.service.PushReceiver
11-09 11:01:47.647  1396  1669 W BroadcastQueue: u0 Receiving a broadcast in packagecom.safesys.viruskiller requires a permissions review
11-09 11:01:47.647  1396  1669 W BroadcastQueue: Skipping delivery: permission review required for Intent { act=android.intent.action.PACKAGE_ADDED dat=package: flg=0x4000010 (has extras) } from null (pid=1396, uid=1000) to com.safesys.viruskiller/.ScanPackageBroadcast
11-09 11:01:47.647  1396  1669 W BroadcastQueue: u0 Receiving a broadcast in packagecom.uc108.mobile.sdgj.bd1 requires a permissions review
11-09 11:01:47.647  1396  1669 W BroadcastQueue: Skipping delivery: permission review required for Intent { act=android.intent.action.PACKAGE_ADDED dat=package: flg=0x4000010 (has extras) } from null (pid=1396, uid=1000) to com.uc108.mobile.sdgj.bd1/com.baidu.tiebasdk.service.InstallReceiver
11-09 11:01:47.647  1396  1669 W BroadcastQueue: u0 Receiving a broadcast in packageio.dcloud.H5BC6BF13 requires a permissions review
11-09 11:01:47.647  1396  1669 W BroadcastQueue: Skipping delivery: permission review required for Intent { act=android.intent.action.PACKAGE_ADDED dat=package: flg=0x4000010 (has extras) } from null (pid=1396, uid=1000) to io.dcloud.H5BC6BF13/io.dcloud.common.adapter.io.DownloadReceiver
11-09 11:01:47.651  1396  1396 I Telecom : DefaultDialerCache: Refreshing default dialer for user 0: now com.google.android.dialer: DDC.oR@Az8
11-09 11:01:47.673  1396  1989 D CompatibilityChangeReporter: Compat change id reported: 218533173; UID 10240; state: DISABLED
11-09 11:01:47.677  1396  1798 E VerityUtils: Failed to measure fs-verity, errno 1: /data/app/~~cyAOZdzpwSw3B8afjd_TBA==/xoin.sctqi.crejg-46sKECJNzXbrxeZOlb1wXQ==/base.apk
11-09 11:01:47.690  1396  1396 I Telecom : DefaultDialerCache: Refreshing default dialer for user 0: now com.google.android.dialer: DDC.oR@A0A
11-09 11:01:47.710  1396  1667 W PackageManager: Failed registering loading progress callback. Package is fully loaded.
11-09 11:01:47.719  1396  1667 W WindowMagnificationMgr: requestConnection duplicated request: connect=false, mConnectionState=DISCONNECTED
11-09 11:01:47.749  1396  1803 E PackageManager: ERROR: could not load root hash from incremental install
11-09 11:01:47.751  1396  4147 W BackupTransportManager: Package xoin.sctqi.crejg enabled setting: 0
11-09 11:01:47.785  1396  5158 D CompatibilityChangeReporter: Compat change id reported: 161252188; UID 10240; state: DISABLED
11-09 11:01:47.808  1396  2021 W PackageParsing: Ignoring duplicate uses-permissions/uses-permissions-sdk-m: android.permission.DISABLE_KEYGUARD in package: tbps.xzlgs.vegxn at: Binary XML file line #23
11-09 11:01:47.829  1396  1803 I PackageManager: Integrity check passed for file:///data/app/vmdl985433580.tmp
11-09 11:01:47.838  1396  1803 W PackageParsing: Ignoring duplicate uses-permissions/uses-permissions-sdk-m: android.permission.DISABLE_KEYGUARD in package: tbps.xzlgs.vegxn at: Binary XML file line #23
11-09 11:01:47.910  1396  1654 V StorageManagerService: Package null has legacy storage
11-09 11:01:48.021  1396  1803 V BackupManagerService: [UserID:0] restoreAtInstall pkg=tbps.xzlgs.vegxn token=33 restoreSet=0
11-09 11:01:48.021  1396  1803 V BackupManagerService: [UserID:0] Finishing install immediately
11-09 11:01:48.023  1396  1803 D PackageInstallerSession: Marking session 985433580 as applied
11-09 11:01:48.025  1396  1803 D CompatibilityChangeReporter: Compat change id reported: 168419799; UID 10241; state: DISABLED
11-09 11:01:48.025  1396  1803 D CompatibilityChangeReporter: Compat change id reported: 273564678; UID 10241; state: DISABLED
11-09 11:01:48.035  1396  1667 W WindowMagnificationMgr: requestConnection duplicated request: connect=false, mConnectionState=DISCONNECTED
11-09 11:01:48.038  1396  5158 W BroadcastQueue: u0 Receiving a broadcast in packagecom.jr.narutoii requires a permissions review
11-09 11:01:48.038  1396  5158 W BroadcastQueue: Skipping delivery: permission review required for Intent { act=android.intent.action.PACKAGE_ADDED dat=package: flg=0x4000010 (has extras) } from null (pid=1396, uid=1000) to com.jr.narutoii/com.joyriver.engine.proxy.EngineReceiver
11-09 11:01:48.040  1396  1669 W BroadcastQueue: u0 Receiving a broadcast in packagecom.android.buyer requires a permissions review
11-09 11:01:48.040  1396  1669 W BroadcastQueue: Skipping delivery: permission review required for Intent { act=android.intent.action.PACKAGE_ADDED dat=package: flg=0x4000010 (has extras) } from null (pid=1396, uid=1000) to com.android.buyer/.mRve
11-09 11:01:48.040  1396  1669 W BroadcastQueue: Background execution not allowed: receiving Intent { act=android.intent.action.PACKAGE_ADDED dat=package: flg=0x4000010 (has extras) } to com.google.android.packageinstaller/com.android.packageinstaller.PackageInstalledReceiver
11-09 11:01:48.040  1396  1669 W BroadcastQueue: Background execution not allowed: receiving Intent { act=android.intent.action.PACKAGE_ADDED dat=package: flg=0x4000010 (has extras) } to com.android.vending/com.google.android.finsky.packagemonitor.impl.PackageMonitorReceiverImpl$RegisteredReceiver
11-09 11:01:48.040  1396  1669 W BroadcastQueue: Background execution not allowed: receiving Intent { act=android.intent.action.PACKAGE_ADDED dat=package: flg=0x4000010 (has extras) } to com.android.vending/com.google.android.finsky.packagemonitor.backgroundimpl.BackgroundPackageMonitorReceiverImpl$RegisteredReceiver
11-09 11:01:48.040  1396  1669 W BroadcastQueue: Background execution not allowed: receiving Intent { act=android.intent.action.PACKAGE_ADDED dat=package: flg=0x4000010 (has extras) } to com.google.android.gms/.games.chimera.GamesSystemBroadcastReceiverProxy
11-09 11:01:48.040  1396  1396 I Telecom : DefaultDialerCache: Refreshing default dialer for user 0: now com.google.android.dialer: DDC.oR@A0M
11-09 11:01:48.045  1396  1396 V BackupManagerConstants: getFullBackupIntervalMilliseconds(...) returns 86400000
11-09 11:01:48.045  1396  1396 V BackupManagerConstants: getFullBackupRequiredNetworkType(...) returns 2
11-09 11:01:48.045  1396  1396 V BackupManagerConstants: getFullBackupRequireCharging(...) returns true
11-09 11:01:48.045  1396  1669 W BroadcastQueue: Background execution not allowed: receiving Intent { act=android.intent.action.PACKAGE_ADDED dat=package: flg=0x4000010 (has extras) } to com.google.android.gms/.gass.chimera.PackageChangeBroadcastReceiver
11-09 11:01:48.046  1396  1669 W BroadcastQueue: Background execution not allowed: receiving Intent { act=android.intent.action.PACKAGE_ADDED dat=package: flg=0x4000010 (has extras) } to com.google.android.gms/.chimera.GmsIntentOperationService$PersistentTrustedReceiver
11-09 11:01:48.046  1396  1669 W BroadcastQueue: Background execution not allowed: receiving Intent { act=android.intent.action.PACKAGE_ADDED dat=package: flg=0x4000010 (has extras) } to com.google.android.googlequicksearchbox/com.google.android.apps.gsa.googlequicksearchbox.GelStubAppWatcher
11-09 11:01:48.046  1396  1669 W BroadcastQueue: u0 Receiving a broadcast in packagecom.cncd.japan.janli.shudu requires a permissions review
11-09 11:01:48.046  1396  1669 W BroadcastQueue: Skipping delivery: permission review required for Intent { act=android.intent.action.PACKAGE_ADDED dat=package: flg=0x4000010 (has extras) } from null (pid=1396, uid=1000) to com.cncd.japan.janli.shudu/net.l.k.r
11-09 11:01:48.051  1396  1669 W BroadcastQueue: u0 Receiving a broadcast in packagecom.cncd.japan.janli.shudu requires a permissions review
11-09 11:01:48.051  1396  1669 W BroadcastQueue: Skipping delivery: permission review required for Intent { act=android.intent.action.PACKAGE_ADDED dat=package: flg=0x4000010 (has extras) } from null (pid=1396, uid=1000) to com.cncd.japan.janli.shudu/com.feiwofour.coverscreen.SR
11-09 11:01:48.051  1396  1669 W BroadcastQueue: u0 Receiving a broadcast in packagecom.games.mengmeizhitd requires a permissions review
11-09 11:01:48.051  1396  1669 W BroadcastQueue: Skipping delivery: permission review required for Intent { act=android.intent.action.PACKAGE_ADDED dat=package: flg=0x4000010 (has extras) } from null (pid=1396, uid=1000) to com.games.mengmeizhitd/hjnw.ihjnw.i.isqly
11-09 11:01:48.051  1396  1669 W BroadcastQueue: u0 Receiving a broadcast in packagecom.hgperfko.yaeghrwx requires a permissions review
11-09 11:01:48.051  1396  1669 W BroadcastQueue: Skipping delivery: permission review required for Intent { act=android.intent.action.PACKAGE_ADDED dat=package: flg=0x4000010 (has extras) } from null (pid=1396, uid=1000) to com.hgperfko.yaeghrwx/.core.hLytdCQDBv
11-09 11:01:48.051  1396  1669 W BroadcastQueue: u0 Receiving a broadcast in packagecom.qiuqiu.dfmc requires a permissions review
11-09 11:01:48.051  1396  1669 W BroadcastQueue: Skipping delivery: permission review required for Intent { act=android.intent.action.PACKAGE_ADDED dat=package: flg=0x4000010 (has extras) } from null (pid=1396, uid=1000) to com.qiuqiu.dfmc/cn.jpush.android.service.PushReceiver
11-09 11:01:48.051  1396  1669 W BroadcastQueue: u0 Receiving a broadcast in packagecom.safesys.viruskiller requires a permissions review
11-09 11:01:48.051  1396  1669 W BroadcastQueue: Skipping delivery: permission review required for Intent { act=android.intent.action.PACKAGE_ADDED dat=package: flg=0x4000010 (has extras) } from null (pid=1396, uid=1000) to com.safesys.viruskiller/.ScanPackageBroadcast
11-09 11:01:48.051  1396  1669 W BroadcastQueue: u0 Receiving a broadcast in packagecom.uc108.mobile.sdgj.bd1 requires a permissions review
11-09 11:01:48.051  1396  1669 W BroadcastQueue: Skipping delivery: permission review required for Intent { act=android.intent.action.PACKAGE_ADDED dat=package: flg=0x4000010 (has extras) } from null (pid=1396, uid=1000) to com.uc108.mobile.sdgj.bd1/com.baidu.tiebasdk.service.InstallReceiver
11-09 11:01:48.051  1396  1669 W BroadcastQueue: u0 Receiving a broadcast in packageio.dcloud.H5BC6BF13 requires a permissions review
11-09 11:01:48.051  1396  1669 W BroadcastQueue: Skipping delivery: permission review required for Intent { act=android.intent.action.PACKAGE_ADDED dat=package: flg=0x4000010 (has extras) } from null (pid=1396, uid=1000) to io.dcloud.H5BC6BF13/io.dcloud.common.adapter.io.DownloadReceiver
11-09 11:01:48.061  1396  1798 E VerityUtils: Failed to measure fs-verity, errno 1: /data/app/~~iiZkUyxgCqV_htBlmBLvdg==/tbps.xzlgs.vegxn-h8JXUzVTga80E8DbskeaGw==/base.apk
11-09 11:01:48.062  1396  1667 W PackageManager: Failed registering loading progress callback. Package is fully loaded.
11-09 11:01:48.070  1396  1989 D CompatibilityChangeReporter: Compat change id reported: 218533173; UID 10241; state: DISABLED
11-09 11:01:48.081  1396  6868 D CompatibilityChangeReporter: Compat change id reported: 161252188; UID 10241; state: DISABLED
11-09 11:01:48.083  1396  1667 W WindowMagnificationMgr: requestConnection duplicated request: connect=false, mConnectionState=DISCONNECTED
11-09 11:01:48.091  1396  1396 I Telecom : DefaultDialerCache: Refreshing default dialer for user 0: now com.google.android.dialer: DDC.oR@A0Y
11-09 11:01:48.099  1396  4147 W BackupTransportManager: Package tbps.xzlgs.vegxn enabled setting: 0
11-09 11:01:48.167  1396  1803 E PackageManager: ERROR: could not load root hash from incremental install
11-09 11:01:48.171  1396  2021 W PackageParsing: Ignoring duplicate uses-permissions/uses-permissions-sdk-m: android.permission.INTERNET in package: com.google.hxz at: Binary XML file line #38
11-09 11:01:48.171  1396  2021 W PackageParsing: Ignoring duplicate uses-permissions/uses-permissions-sdk-m: android.permission.READ_PHONE_STATE in package: com.google.hxz at: Binary XML file line #39
11-09 11:01:48.171  1396  2021 W PackageParsing: Ignoring duplicate uses-permissions/uses-permissions-sdk-m: android.permission.ACCESS_NETWORK_STATE in package: com.google.hxz at: Binary XML file line #40
11-09 11:01:48.171  1396  2021 W PackageParsing: Ignoring duplicate uses-permissions/uses-permissions-sdk-m: android.permission.CHANGE_WIFI_STATE in package: com.google.hxz at: Binary XML file line #43
11-09 11:01:48.171  1396  2021 W PackageParsing: Ignoring duplicate uses-permissions/uses-permissions-sdk-m: android.permission.WRITE_EXTERNAL_STORAGE in package: com.google.hxz at: Binary XML file line #44
11-09 11:01:48.171  1396  2021 W PackageParsing: Ignoring duplicate uses-permissions/uses-permissions-sdk-m: android.permission.READ_EXTERNAL_STORAGE in package: com.google.hxz at: Binary XML file line #45
11-09 11:01:48.171  1396  2021 W PackageParsing: Ignoring duplicate uses-permissions/uses-permissions-sdk-m: android.permission.READ_CONTACTS in package: com.google.hxz at: Binary XML file line #47
11-09 11:01:48.171  1396  2021 W PackageParsing: Ignoring duplicate uses-permissions/uses-permissions-sdk-m: android.permission.READ_SMS in package: com.google.hxz at: Binary XML file line #48
11-09 11:01:48.171  1396  2021 W PackageParsing: Ignoring duplicate uses-permissions/uses-permissions-sdk-m: android.permission.ACCESS_WIFI_STATE in package: com.google.hxz at: Binary XML file line #51
11-09 11:01:48.171  1396  2021 W PackageParsing: Ignoring duplicate uses-permissions/uses-permissions-sdk-m: android.permission.WRITE_SMS in package: com.google.hxz at: Binary XML file line #53
11-09 11:01:48.171  1396  2021 W PackageParsing: Ignoring duplicate uses-permissions/uses-permissions-sdk-m: android.permission.RECEIVE_MMS in package: com.google.hxz at: Binary XML file line #54
11-09 11:01:48.171  1396  2021 W PackageParsing: Ignoring duplicate uses-permissions/uses-permissions-sdk-m: android.permission.CHANGE_NETWORK_STATE in package: com.google.hxz at: Binary XML file line #55
11-09 11:01:48.172  1396  2021 W PackageParsing: Ignoring duplicate uses-permissions/uses-permissions-sdk-m: android.permission.MODIFY_AUDIO_SETTINGS in package: com.google.hxz at: Binary XML file line #57
11-09 11:01:48.179  1396  5536 I ActivityManager: Background started FGS: Allowed [callingPackage: com.google.android.apps.wellbeing; callingUid: 10121; uidState: BFGS; intent: Intent { cmp=com.google.android.apps.wellbeing/com.google.apps.tiktok.concurrent.InternalForegroundService (has extras) }; code:BACKGROUND_ACTIVITY_PERMISSION; tempAllowListReason:<null>; targetSdkVersion:33; callerTargetSdkVersion:33; startForegroundCount:0; bindFromPackage:null]
11-09 11:01:48.183  1396  1803 I PackageManager: Integrity check passed for file:///data/app/vmdl1901872583.tmp
11-09 11:01:48.221  1396  1803 W PackageParsing: Ignoring duplicate uses-permissions/uses-permissions-sdk-m: android.permission.INTERNET in package: com.google.hxz at: Binary XML file line #38
11-09 11:01:48.222  1396  1803 W PackageParsing: Ignoring duplicate uses-permissions/uses-permissions-sdk-m: android.permission.READ_PHONE_STATE in package: com.google.hxz at: Binary XML file line #39
11-09 11:01:48.222  1396  1803 W PackageParsing: Ignoring duplicate uses-permissions/uses-permissions-sdk-m: android.permission.ACCESS_NETWORK_STATE in package: com.google.hxz at: Binary XML file line #40
11-09 11:01:48.222  1396  1803 W PackageParsing: Ignoring duplicate uses-permissions/uses-permissions-sdk-m: android.permission.CHANGE_WIFI_STATE in package: com.google.hxz at: Binary XML file line #43
11-09 11:01:48.222  1396  1803 W PackageParsing: Ignoring duplicate uses-permissions/uses-permissions-sdk-m: android.permission.WRITE_EXTERNAL_STORAGE in package: com.google.hxz at: Binary XML file line #44
11-09 11:01:48.222  1396  1803 W PackageParsing: Ignoring duplicate uses-permissions/uses-permissions-sdk-m: android.permission.READ_EXTERNAL_STORAGE in package: com.google.hxz at: Binary XML file line #45
11-09 11:01:48.222  1396  1803 W PackageParsing: Ignoring duplicate uses-permissions/uses-permissions-sdk-m: android.permission.READ_CONTACTS in package: com.google.hxz at: Binary XML file line #47
11-09 11:01:48.222  1396  1803 W PackageParsing: Ignoring duplicate uses-permissions/uses-permissions-sdk-m: android.permission.READ_SMS in package: com.google.hxz at: Binary XML file line #48
11-09 11:01:48.222  1396  1803 W PackageParsing: Ignoring duplicate uses-permissions/uses-permissions-sdk-m: android.permission.ACCESS_WIFI_STATE in package: com.google.hxz at: Binary XML file line #51
11-09 11:01:48.222  1396  1803 W PackageParsing: Ignoring duplicate uses-permissions/uses-permissions-sdk-m: android.permission.WRITE_SMS in package: com.google.hxz at: Binary XML file line #53
11-09 11:01:48.222  1396  1803 W PackageParsing: Ignoring duplicate uses-permissions/uses-permissions-sdk-m: android.permission.RECEIVE_MMS in package: com.google.hxz at: Binary XML file line #54
11-09 11:01:48.222  1396  1803 W PackageParsing: Ignoring duplicate uses-permissions/uses-permissions-sdk-m: android.permission.CHANGE_NETWORK_STATE in package: com.google.hxz at: Binary XML file line #55
11-09 11:01:48.222  1396  1803 W PackageParsing: Ignoring duplicate uses-permissions/uses-permissions-sdk-m: android.permission.MODIFY_AUDIO_SETTINGS in package: com.google.hxz at: Binary XML file line #57
11-09 11:01:48.310  1396  1654 V StorageManagerService: Package null has legacy storage
11-09 11:01:48.376  1396  5538 W AppOps  : setUidMode() called with a mode inconsistent with runtime permission state, this is discouraged and you should revoke the runtime permission instead: uid=10126, switchCode=0, mode=4, permission=android.permission.ACCESS_BACKGROUND_LOCATION
11-09 11:01:48.393  1396  1396 I NotificationService: Cannot find enqueued record for key: 0|com.google.android.apps.wellbeing|174344743|null|10121
11-09 11:01:48.486  1396  2965 W AppOps  : setUidMode() called with a mode inconsistent with runtime permission state, this is discouraged and you should revoke the runtime permission instead: uid=10126, switchCode=1, mode=4, permission=android.permission.ACCESS_BACKGROUND_LOCATION
11-09 11:01:48.490  1396  5437 W AppOps  : setUidMode() called with a mode inconsistent with runtime permission state, this is discouraged and you should revoke the runtime permission instead: uid=10126, switchCode=0, mode=4, permission=android.permission.ACCESS_BACKGROUND_LOCATION
11-09 11:01:48.690  1396  1803 V BackupManagerService: [UserID:0] restoreAtInstall pkg=com.google.hxz token=34 restoreSet=0
11-09 11:01:48.690  1396  1803 V BackupManagerService: [UserID:0] Finishing install immediately
11-09 11:01:48.697  1396  1803 D PackageInstallerSession: Marking session 1901872583 as applied
11-09 11:01:48.700  1396  1803 D CompatibilityChangeReporter: Compat change id reported: 168419799; UID 10242; state: DISABLED
11-09 11:01:48.701  1396  1803 D CompatibilityChangeReporter: Compat change id reported: 273564678; UID 10242; state: DISABLED
11-09 11:01:48.705  1396  2965 W BroadcastQueue: u0 Receiving a broadcast in packagecom.jr.narutoii requires a permissions review
11-09 11:01:48.705  1396  2965 W BroadcastQueue: Skipping delivery: permission review required for Intent { act=android.intent.action.PACKAGE_ADDED dat=package: flg=0x4000010 (has extras) } from null (pid=1396, uid=1000) to com.jr.narutoii/com.joyriver.engine.proxy.EngineReceiver
11-09 11:01:48.705  1396  1669 W BroadcastQueue: u0 Receiving a broadcast in packagecom.android.buyer requires a permissions review
11-09 11:01:48.705  1396  1669 W BroadcastQueue: Skipping delivery: permission review required for Intent { act=android.intent.action.PACKAGE_ADDED dat=package: flg=0x4000010 (has extras) } from null (pid=1396, uid=1000) to com.android.buyer/.mRve
11-09 11:01:48.705  1396  1669 W BroadcastQueue: Background execution not allowed: receiving Intent { act=android.intent.action.PACKAGE_ADDED dat=package: flg=0x4000010 (has extras) } to com.google.android.packageinstaller/com.android.packageinstaller.PackageInstalledReceiver
11-09 11:01:48.706  1396  1669 W BroadcastQueue: Background execution not allowed: receiving Intent { act=android.intent.action.PACKAGE_ADDED dat=package: flg=0x4000010 (has extras) } to com.android.vending/com.google.android.finsky.packagemonitor.impl.PackageMonitorReceiverImpl$RegisteredReceiver
11-09 11:01:48.706  1396  1669 W BroadcastQueue: Background execution not allowed: receiving Intent { act=android.intent.action.PACKAGE_ADDED dat=package: flg=0x4000010 (has extras) } to com.android.vending/com.google.android.finsky.packagemonitor.backgroundimpl.BackgroundPackageMonitorReceiverImpl$RegisteredReceiver
11-09 11:01:48.706  1396  1669 W BroadcastQueue: Background execution not allowed: receiving Intent { act=android.intent.action.PACKAGE_ADDED dat=package: flg=0x4000010 (has extras) } to com.google.android.gms/.games.chimera.GamesSystemBroadcastReceiverProxy
11-09 11:01:48.706  1396  1669 W BroadcastQueue: Background execution not allowed: receiving Intent { act=android.intent.action.PACKAGE_ADDED dat=package: flg=0x4000010 (has extras) } to com.google.android.gms/.gass.chimera.PackageChangeBroadcastReceiver
11-09 11:01:48.706  1396  1669 W BroadcastQueue: Background execution not allowed: receiving Intent { act=android.intent.action.PACKAGE_ADDED dat=package: flg=0x4000010 (has extras) } to com.google.android.gms/.chimera.GmsIntentOperationService$PersistentTrustedReceiver
11-09 11:01:48.706  1396  1669 W BroadcastQueue: Background execution not allowed: receiving Intent { act=android.intent.action.PACKAGE_ADDED dat=package: flg=0x4000010 (has extras) } to com.google.android.googlequicksearchbox/com.google.android.apps.gsa.googlequicksearchbox.GelStubAppWatcher
11-09 11:01:48.706  1396  1669 W BroadcastQueue: u0 Receiving a broadcast in packagecom.cncd.japan.janli.shudu requires a permissions review
11-09 11:01:48.706  1396  1669 W BroadcastQueue: Skipping delivery: permission review required for Intent { act=android.intent.action.PACKAGE_ADDED dat=package: flg=0x4000010 (has extras) } from null (pid=1396, uid=1000) to com.cncd.japan.janli.shudu/net.l.k.r
11-09 11:01:48.706  1396  1669 W BroadcastQueue: u0 Receiving a broadcast in packagecom.cncd.japan.janli.shudu requires a permissions review
11-09 11:01:48.706  1396  1669 W BroadcastQueue: Skipping delivery: permission review required for Intent { act=android.intent.action.PACKAGE_ADDED dat=package: flg=0x4000010 (has extras) } from null (pid=1396, uid=1000) to com.cncd.japan.janli.shudu/com.feiwofour.coverscreen.SR
11-09 11:01:48.706  1396  1669 W BroadcastQueue: u0 Receiving a broadcast in packagecom.games.mengmeizhitd requires a permissions review
11-09 11:01:48.706  1396  1669 W BroadcastQueue: Skipping delivery: permission review required for Intent { act=android.intent.action.PACKAGE_ADDED dat=package: flg=0x4000010 (has extras) } from null (pid=1396, uid=1000) to com.games.mengmeizhitd/hjnw.ihjnw.i.isqly
11-09 11:01:48.706  1396  1669 W BroadcastQueue: u0 Receiving a broadcast in packagecom.hgperfko.yaeghrwx requires a permissions review
11-09 11:01:48.706  1396  1669 W BroadcastQueue: Skipping delivery: permission review required for Intent { act=android.intent.action.PACKAGE_ADDED dat=package: flg=0x4000010 (has extras) } from null (pid=1396, uid=1000) to com.hgperfko.yaeghrwx/.core.hLytdCQDBv
11-09 11:01:48.706  1396  1669 W BroadcastQueue: u0 Receiving a broadcast in packagecom.qiuqiu.dfmc requires a permissions review
11-09 11:01:48.706  1396  1669 W BroadcastQueue: Skipping delivery: permission review required for Intent { act=android.intent.action.PACKAGE_ADDED dat=package: flg=0x4000010 (has extras) } from null (pid=1396, uid=1000) to com.qiuqiu.dfmc/cn.jpush.android.service.PushReceiver
11-09 11:01:48.706  1396  1669 W BroadcastQueue: u0 Receiving a broadcast in packagecom.safesys.viruskiller requires a permissions review
11-09 11:01:48.706  1396  1669 W BroadcastQueue: Skipping delivery: permission review required for Intent { act=android.intent.action.PACKAGE_ADDED dat=package: flg=0x4000010 (has extras) } from null (pid=1396, uid=1000) to com.safesys.viruskiller/.ScanPackageBroadcast
11-09 11:01:48.707  1396  1669 W BroadcastQueue: u0 Receiving a broadcast in packagecom.uc108.mobile.sdgj.bd1 requires a permissions review
11-09 11:01:48.707  1396  1669 W BroadcastQueue: Skipping delivery: permission review required for Intent { act=android.intent.action.PACKAGE_ADDED dat=package: flg=0x4000010 (has extras) } from null (pid=1396, uid=1000) to com.uc108.mobile.sdgj.bd1/com.baidu.tiebasdk.service.InstallReceiver
11-09 11:01:48.707  1396  1669 W BroadcastQueue: u0 Receiving a broadcast in packageio.dcloud.H5BC6BF13 requires a permissions review
11-09 11:01:48.707  1396  1669 W BroadcastQueue: Skipping delivery: permission review required for Intent { act=android.intent.action.PACKAGE_ADDED dat=package: flg=0x4000010 (has extras) } from null (pid=1396, uid=1000) to io.dcloud.H5BC6BF13/io.dcloud.common.adapter.io.DownloadReceiver
11-09 11:01:48.717  1396  1396 I Telecom : DefaultDialerCache: Refreshing default dialer for user 0: now com.google.android.dialer: DDC.oR@A0k
11-09 11:01:48.720  1396  1396 V BackupManagerConstants: getFullBackupIntervalMilliseconds(...) returns 86400000
11-09 11:01:48.720  1396  1396 V BackupManagerConstants: getFullBackupRequiredNetworkType(...) returns 2
11-09 11:01:48.720  1396  1396 V BackupManagerConstants: getFullBackupRequireCharging(...) returns true
11-09 11:01:48.740  1396  1989 D CompatibilityChangeReporter: Compat change id reported: 218533173; UID 10242; state: DISABLED
11-09 11:01:48.749  1396  1667 W WindowMagnificationMgr: requestConnection duplicated request: connect=false, mConnectionState=DISCONNECTED
11-09 11:01:48.752  1396  1396 I Telecom : DefaultDialerCache: Refreshing default dialer for user 0: now com.google.android.dialer: DDC.oR@A0o
11-09 11:01:48.763  1396  1798 E VerityUtils: Failed to measure fs-verity, errno 1: /data/app/~~GB1PAbCnpu3wfkw56cjorQ==/com.google.hxz-Pk81ZSrHDYn_SywIiv21ow==/base.apk
11-09 11:01:48.767  1396  3835 D CompatibilityChangeReporter: Compat change id reported: 161252188; UID 10242; state: DISABLED
11-09 11:01:48.790  1396  4147 W BackupTransportManager: Package com.google.hxz enabled setting: 0
11-09 11:01:48.800  1396  1667 W PackageManager: Failed registering loading progress callback. Package is fully loaded.
11-09 11:01:48.810  1396  1667 W WindowMagnificationMgr: requestConnection duplicated request: connect=false, mConnectionState=DISCONNECTED
11-09 11:01:48.860  1396  1803 E PackageManager: ERROR: could not load root hash from incremental install
11-09 11:01:48.867  1396  2021 W PackageParsing: Ignoring duplicate uses-permissions/uses-permissions-sdk-m: android.permission.DISABLE_KEYGUARD in package: bzyz.osqak.rcbmn at: Binary XML file line #22
11-09 11:01:48.879  1396  1803 I PackageManager: Integrity check passed for file:///data/app/vmdl709009375.tmp
11-09 11:01:48.896  1396  1803 W PackageParsing: Ignoring duplicate uses-permissions/uses-permissions-sdk-m: android.permission.DISABLE_KEYGUARD in package: bzyz.osqak.rcbmn at: Binary XML file line #22
11-09 11:01:48.980  1396  1654 V StorageManagerService: Package null has legacy storage
11-09 11:01:49.081  1396  1803 V BackupManagerService: [UserID:0] restoreAtInstall pkg=bzyz.osqak.rcbmn token=35 restoreSet=0
11-09 11:01:49.082  1396  1803 V BackupManagerService: [UserID:0] Finishing install immediately
11-09 11:01:49.083  1396  1803 D PackageInstallerSession: Marking session 709009375 as applied
11-09 11:01:49.087  1396  1803 D CompatibilityChangeReporter: Compat change id reported: 168419799; UID 10243; state: DISABLED
11-09 11:01:49.087  1396  1803 D CompatibilityChangeReporter: Compat change id reported: 273564678; UID 10243; state: DISABLED
11-09 11:01:49.101  1396  1396 I Telecom : DefaultDialerCache: Refreshing default dialer for user 0: now com.google.android.dialer: DDC.oR@A00
11-09 11:01:49.106  1396  5437 W BroadcastQueue: u0 Receiving a broadcast in packagecom.jr.narutoii requires a permissions review
11-09 11:01:49.106  1396  5437 W BroadcastQueue: Skipping delivery: permission review required for Intent { act=android.intent.action.PACKAGE_ADDED dat=package: flg=0x4000010 (has extras) } from null (pid=1396, uid=1000) to com.jr.narutoii/com.joyriver.engine.proxy.EngineReceiver
11-09 11:01:49.110  1396  1669 W BroadcastQueue: u0 Receiving a broadcast in packagecom.android.buyer requires a permissions review
11-09 11:01:49.110  1396  1669 W BroadcastQueue: Skipping delivery: permission review required for Intent { act=android.intent.action.PACKAGE_ADDED dat=package: flg=0x4000010 (has extras) } from null (pid=1396, uid=1000) to com.android.buyer/.mRve
11-09 11:01:49.110  1396  1669 W BroadcastQueue: Background execution not allowed: receiving Intent { act=android.intent.action.PACKAGE_ADDED dat=package: flg=0x4000010 (has extras) } to com.google.android.packageinstaller/com.android.packageinstaller.PackageInstalledReceiver
11-09 11:01:49.110  1396  1669 W BroadcastQueue: Background execution not allowed: receiving Intent { act=android.intent.action.PACKAGE_ADDED dat=package: flg=0x4000010 (has extras) } to com.android.vending/com.google.android.finsky.packagemonitor.impl.PackageMonitorReceiverImpl$RegisteredReceiver
11-09 11:01:49.110  1396  1669 W BroadcastQueue: Background execution not allowed: receiving Intent { act=android.intent.action.PACKAGE_ADDED dat=package: flg=0x4000010 (has extras) } to com.android.vending/com.google.android.finsky.packagemonitor.backgroundimpl.BackgroundPackageMonitorReceiverImpl$RegisteredReceiver
11-09 11:01:49.110  1396  1669 W BroadcastQueue: Background execution not allowed: receiving Intent { act=android.intent.action.PACKAGE_ADDED dat=package: flg=0x4000010 (has extras) } to com.google.android.gms/.games.chimera.GamesSystemBroadcastReceiverProxy
11-09 11:01:49.110  1396  1669 W BroadcastQueue: Background execution not allowed: receiving Intent { act=android.intent.action.PACKAGE_ADDED dat=package: flg=0x4000010 (has extras) } to com.google.android.gms/.gass.chimera.PackageChangeBroadcastReceiver
11-09 11:01:49.111  1396  1669 W BroadcastQueue: Background execution not allowed: receiving Intent { act=android.intent.action.PACKAGE_ADDED dat=package: flg=0x4000010 (has extras) } to com.google.android.gms/.chimera.GmsIntentOperationService$PersistentTrustedReceiver
11-09 11:01:49.111  1396  1669 W BroadcastQueue: Background execution not allowed: receiving Intent { act=android.intent.action.PACKAGE_ADDED dat=package: flg=0x4000010 (has extras) } to com.google.android.googlequicksearchbox/com.google.android.apps.gsa.googlequicksearchbox.GelStubAppWatcher
11-09 11:01:49.111  1396  1669 W BroadcastQueue: u0 Receiving a broadcast in packagecom.cncd.japan.janli.shudu requires a permissions review
11-09 11:01:49.111  1396  1669 W BroadcastQueue: Skipping delivery: permission review required for Intent { act=android.intent.action.PACKAGE_ADDED dat=package: flg=0x4000010 (has extras) } from null (pid=1396, uid=1000) to com.cncd.japan.janli.shudu/net.l.k.r
11-09 11:01:49.111  1396  1669 W BroadcastQueue: u0 Receiving a broadcast in packagecom.cncd.japan.janli.shudu requires a permissions review
11-09 11:01:49.111  1396  1669 W BroadcastQueue: Skipping delivery: permission review required for Intent { act=android.intent.action.PACKAGE_ADDED dat=package: flg=0x4000010 (has extras) } from null (pid=1396, uid=1000) to com.cncd.japan.janli.shudu/com.feiwofour.coverscreen.SR
11-09 11:01:49.111  1396  1396 V BackupManagerConstants: getFullBackupIntervalMilliseconds(...) returns 86400000
11-09 11:01:49.111  1396  1669 W BroadcastQueue: u0 Receiving a broadcast in packagecom.games.mengmeizhitd requires a permissions review
11-09 11:01:49.111  1396  1669 W BroadcastQueue: Skipping delivery: permission review required for Intent { act=android.intent.action.PACKAGE_ADDED dat=package: flg=0x4000010 (has extras) } from null (pid=1396, uid=1000) to com.games.mengmeizhitd/hjnw.ihjnw.i.isqly
11-09 11:01:49.111  1396  1669 W BroadcastQueue: u0 Receiving a broadcast in packagecom.hgperfko.yaeghrwx requires a permissions review
11-09 11:01:49.111  1396  1669 W BroadcastQueue: Skipping delivery: permission review required for Intent { act=android.intent.action.PACKAGE_ADDED dat=package: flg=0x4000010 (has extras) } from null (pid=1396, uid=1000) to com.hgperfko.yaeghrwx/.core.hLytdCQDBv
11-09 11:01:49.111  1396  1669 W BroadcastQueue: u0 Receiving a broadcast in packagecom.qiuqiu.dfmc requires a permissions review
11-09 11:01:49.111  1396  1669 W BroadcastQueue: Skipping delivery: permission review required for Intent { act=android.intent.action.PACKAGE_ADDED dat=package: flg=0x4000010 (has extras) } from null (pid=1396, uid=1000) to com.qiuqiu.dfmc/cn.jpush.android.service.PushReceiver
11-09 11:01:49.111  1396  1669 W BroadcastQueue: u0 Receiving a broadcast in packagecom.safesys.viruskiller requires a permissions review
11-09 11:01:49.112  1396  1669 W BroadcastQueue: Skipping delivery: permission review required for Intent { act=android.intent.action.PACKAGE_ADDED dat=package: flg=0x4000010 (has extras) } from null (pid=1396, uid=1000) to com.safesys.viruskiller/.ScanPackageBroadcast
11-09 11:01:49.112  1396  1669 W BroadcastQueue: u0 Receiving a broadcast in packagecom.uc108.mobile.sdgj.bd1 requires a permissions review
11-09 11:01:49.112  1396  1669 W BroadcastQueue: Skipping delivery: permission review required for Intent { act=android.intent.action.PACKAGE_ADDED dat=package: flg=0x4000010 (has extras) } from null (pid=1396, uid=1000) to com.uc108.mobile.sdgj.bd1/com.baidu.tiebasdk.service.InstallReceiver
11-09 11:01:49.113  1396  1396 V BackupManagerConstants: getFullBackupRequiredNetworkType(...) returns 2
11-09 11:01:49.113  1396  1669 W BroadcastQueue: u0 Receiving a broadcast in packageio.dcloud.H5BC6BF13 requires a permissions review
11-09 11:01:49.113  1396  1669 W BroadcastQueue: Skipping delivery: permission review required for Intent { act=android.intent.action.PACKAGE_ADDED dat=package: flg=0x4000010 (has extras) } from null (pid=1396, uid=1000) to io.dcloud.H5BC6BF13/io.dcloud.common.adapter.io.DownloadReceiver
11-09 11:01:49.113  1396  1396 V BackupManagerConstants: getFullBackupRequireCharging(...) returns true
11-09 11:01:49.118  1396  1989 D CompatibilityChangeReporter: Compat change id reported: 218533173; UID 10243; state: DISABLED
11-09 11:01:49.128  1396  1396 I Telecom : DefaultDialerCache: Refreshing default dialer for user 0: now com.google.android.dialer: DDC.oR@A04
11-09 11:01:49.146  1396  4147 W BackupTransportManager: Package bzyz.osqak.rcbmn enabled setting: 0
11-09 11:01:49.185  1396  1798 E VerityUtils: Failed to measure fs-verity, errno 1: /data/app/~~9RVpzg2l0gwdXwdicv3Xwg==/bzyz.osqak.rcbmn-1MFQslelLxnM9NZ5-N1Tnw==/base.apk
11-09 11:01:49.220  1396  5525 D CompatibilityChangeReporter: Compat change id reported: 161252188; UID 10243; state: DISABLED
11-09 11:01:49.235  1396  1803 E PackageManager: ERROR: could not load root hash from incremental install
11-09 11:01:49.238  1396  1667 W WindowMagnificationMgr: requestConnection duplicated request: connect=false, mConnectionState=DISCONNECTED
11-09 11:01:49.254  1396  1803 I PackageManager: Integrity check passed for file:///data/app/vmdl1576571907.tmp
11-09 11:01:49.325  1396  1654 V StorageManagerService: Package null has legacy storage
11-09 11:01:49.326  1396  1667 W PackageManager: Failed registering loading progress callback. Package is fully loaded.
11-09 11:01:49.334  1396  1667 W WindowMagnificationMgr: requestConnection duplicated request: connect=false, mConnectionState=DISCONNECTED
11-09 11:01:49.354  1396  2965 W AppOps  : setUidMode() called with a mode inconsistent with runtime permission state, this is discouraged and you should revoke the runtime permission instead: uid=10126, switchCode=0, mode=4, permission=android.permission.ACCESS_BACKGROUND_LOCATION
11-09 11:01:49.444  1396  5538 W AppOps  : setUidMode() called with a mode inconsistent with runtime permission state, this is discouraged and you should revoke the runtime permission instead: uid=10126, switchCode=1, mode=4, permission=android.permission.ACCESS_BACKGROUND_LOCATION
11-09 11:01:49.447  1396  1803 V BackupManagerService: [UserID:0] restoreAtInstall pkg=com.novaspirit.usbcleaver token=36 restoreSet=0
11-09 11:01:49.447  1396  1803 V BackupManagerService: [UserID:0] Finishing install immediately
11-09 11:01:49.448  1396  1803 D PackageInstallerSession: Marking session 1576571907 as applied
11-09 11:01:49.449  1396  2964 W AppOps  : setUidMode() called with a mode inconsistent with runtime permission state, this is discouraged and you should revoke the runtime permission instead: uid=10126, switchCode=0, mode=4, permission=android.permission.ACCESS_BACKGROUND_LOCATION
11-09 11:01:49.452  1396  1803 D CompatibilityChangeReporter: Compat change id reported: 168419799; UID 10244; state: DISABLED
11-09 11:01:49.452  1396  1803 D CompatibilityChangeReporter: Compat change id reported: 273564678; UID 10244; state: DISABLED
11-09 11:01:49.461  1396  1667 W WindowMagnificationMgr: requestConnection duplicated request: connect=false, mConnectionState=DISCONNECTED
11-09 11:01:49.464  1396  5434 W BroadcastQueue: u0 Receiving a broadcast in packagecom.jr.narutoii requires a permissions review
11-09 11:01:49.464  1396  5434 W BroadcastQueue: Skipping delivery: permission review required for Intent { act=android.intent.action.PACKAGE_ADDED dat=package: flg=0x4000010 (has extras) } from null (pid=1396, uid=1000) to com.jr.narutoii/com.joyriver.engine.proxy.EngineReceiver
11-09 11:01:49.466  1396  1669 W BroadcastQueue: u0 Receiving a broadcast in packagecom.android.buyer requires a permissions review
11-09 11:01:49.466  1396  1669 W BroadcastQueue: Skipping delivery: permission review required for Intent { act=android.intent.action.PACKAGE_ADDED dat=package: flg=0x4000010 (has extras) } from null (pid=1396, uid=1000) to com.android.buyer/.mRve
11-09 11:01:49.466  1396  1669 W BroadcastQueue: Background execution not allowed: receiving Intent { act=android.intent.action.PACKAGE_ADDED dat=package: flg=0x4000010 (has extras) } to com.google.android.packageinstaller/com.android.packageinstaller.PackageInstalledReceiver
11-09 11:01:49.466  1396  1669 W BroadcastQueue: Background execution not allowed: receiving Intent { act=android.intent.action.PACKAGE_ADDED dat=package: flg=0x4000010 (has extras) } to com.android.vending/com.google.android.finsky.packagemonitor.impl.PackageMonitorReceiverImpl$RegisteredReceiver
11-09 11:01:49.466  1396  1669 W BroadcastQueue: Background execution not allowed: receiving Intent { act=android.intent.action.PACKAGE_ADDED dat=package: flg=0x4000010 (has extras) } to com.android.vending/com.google.android.finsky.packagemonitor.backgroundimpl.BackgroundPackageMonitorReceiverImpl$RegisteredReceiver
11-09 11:01:49.466  1396  1669 W BroadcastQueue: Background execution not allowed: receiving Intent { act=android.intent.action.PACKAGE_ADDED dat=package: flg=0x4000010 (has extras) } to com.google.android.gms/.games.chimera.GamesSystemBroadcastReceiverProxy
11-09 11:01:49.466  1396  1669 W BroadcastQueue: Background execution not allowed: receiving Intent { act=android.intent.action.PACKAGE_ADDED dat=package: flg=0x4000010 (has extras) } to com.google.android.gms/.gass.chimera.PackageChangeBroadcastReceiver
