11-09 11:01:52.203  1396  1669 W BroadcastQueue: Skipping delivery: permission review required for Intent { act=android.intent.action.PACKAGE_ADDED dat=package: flg=0x4000010 (has extras) } from null (pid=1396, uid=1000) to com.safesys.viruskiller/.ScanPackageBroadcast
11-09 11:01:52.203  1396  1669 W BroadcastQueue: u0 Receiving a broadcast in packagecom.uc108.mobile.sdgj.bd1 requires a permissions review
11-09 11:01:52.203  1396  1669 W BroadcastQueue: Skipping delivery: permission review required for Intent { act=android.intent.action.PACKAGE_ADDED dat=package: flg=0x4000010 (has extras) } from null (pid=1396, uid=1000) to com.uc108.mobile.sdgj.bd1/com.baidu.tiebasdk.service.InstallReceiver
11-09 11:01:52.203  1396  1669 W BroadcastQueue: u0 Receiving a broadcast in packagecom.voicebianshengjinglingwc.wxl requires a permissions review
11-09 11:01:52.203  1396  1669 W BroadcastQueue: Skipping delivery: permission review required for Intent { act=android.intent.action.PACKAGE_ADDED dat=package: flg=0x4000010 (has extras) } from null (pid=1396, uid=1000) to com.voicebianshengjinglingwc.wxl/mp.ruu.Ztjjwrj
11-09 11:01:52.203  1396  1669 W BroadcastQueue: u0 Receiving a broadcast in packageio.dcloud.H5BC6BF13 requires a permissions review
11-09 11:01:52.203  1396  1669 W BroadcastQueue: Skipping delivery: permission review required for Intent { act=android.intent.action.PACKAGE_ADDED dat=package: flg=0x4000010 (has extras) } from null (pid=1396, uid=1000) to io.dcloud.H5BC6BF13/io.dcloud.common.adapter.io.DownloadReceiver
11-09 11:01:52.235  1396  1989 D CompatibilityChangeReporter: Compat change id reported: 218533173; UID 10249; state: DISABLED
11-09 11:01:52.236  1396  1396 I Telecom : DefaultDialerCache: Refreshing default dialer for user 0: now com.google.android.dialer: DDC.oR@A2o
11-09 11:01:52.240  1396  1798 E VerityUtils: Failed to measure fs-verity, errno 1: /data/app/~~Z_Yilum4MxpcT2n7wnZiKQ==/com.kbwork.dygaqy-15q9K_nnWazqBqYa8f10jA==/base.apk
11-09 11:01:52.244  1396  1667 W PackageManager: Failed registering loading progress callback. Package is fully loaded.
11-09 11:01:52.250  1396  1667 W WindowMagnificationMgr: requestConnection duplicated request: connect=false, mConnectionState=DISCONNECTED
11-09 11:01:52.253  1396  5437 D CompatibilityChangeReporter: Compat change id reported: 161252188; UID 10249; state: DISABLED
11-09 11:01:52.302  1396  4147 W BackupTransportManager: Package com.kbwork.dygaqy enabled setting: 0
11-09 11:01:52.331  1396  1803 E PackageManager: ERROR: could not load root hash from incremental install
11-09 11:01:52.339  1396  2021 W PackageParsing: Ignoring duplicate uses-permissions/uses-permissions-sdk-m: android.permission.KILL_BACKGROUND_PROCESSES in package: rjpmscxyoicgj.rcmuksahjbgmzodorjn.pebcsfmlgnqxshaierbhj at: Binary XML file line #24
11-09 11:01:52.359  1396  1803 I PackageManager: Integrity check passed for file:///data/app/vmdl1390428212.tmp
11-09 11:01:52.381  1396  1803 W PackageParsing: Ignoring duplicate uses-permissions/uses-permissions-sdk-m: android.permission.KILL_BACKGROUND_PROCESSES in package: rjpmscxyoicgj.rcmuksahjbgmzodorjn.pebcsfmlgnqxshaierbhj at: Binary XML file line #24
11-09 11:01:52.447  1396  1654 V StorageManagerService: Package null does not have legacy storage
11-09 11:01:52.477  1396  5434 W AppOps  : setUidMode() called with a mode inconsistent with runtime permission state, this is discouraged and you should revoke the runtime permission instead: uid=10126, switchCode=0, mode=4, permission=android.permission.ACCESS_BACKGROUND_LOCATION
11-09 11:01:52.577  1396  5434 W AppOps  : setUidMode() called with a mode inconsistent with runtime permission state, this is discouraged and you should revoke the runtime permission instead: uid=10126, switchCode=1, mode=4, permission=android.permission.ACCESS_BACKGROUND_LOCATION
11-09 11:01:52.579  1396  3656 W AppOps  : setUidMode() called with a mode inconsistent with runtime permission state, this is discouraged and you should revoke the runtime permission instead: uid=10126, switchCode=0, mode=4, permission=android.permission.ACCESS_BACKGROUND_LOCATION
11-09 11:01:52.731  1396  3705 I ActivityManager: Background started FGS: Allowed [callingPackage: com.google.android.apps.wellbeing; callingUid: 10121; uidState: BFGS; intent: Intent { cmp=com.google.android.apps.wellbeing/com.google.apps.tiktok.concurrent.InternalForegroundService (has extras) }; code:BACKGROUND_ACTIVITY_PERMISSION; tempAllowListReason:<null>; targetSdkVersion:33; callerTargetSdkVersion:33; startForegroundCount:0; bindFromPackage:null]
11-09 11:01:52.750  1396  1803 V BackupManagerService: [UserID:0] restoreAtInstall pkg=rjpmscxyoicgj.rcmuksahjbgmzodorjn.pebcsfmlgnqxshaierbhj token=3c restoreSet=0
11-09 11:01:52.750  1396  1803 V BackupManagerService: [UserID:0] Finishing install immediately
11-09 11:01:52.754  1396  1803 D PackageInstallerSession: Marking session 1390428212 as applied
11-09 11:01:52.759  1396  1803 D CompatibilityChangeReporter: Compat change id reported: 168419799; UID 10250; state: DISABLED
11-09 11:01:52.759  1396  1803 D CompatibilityChangeReporter: Compat change id reported: 273564678; UID 10250; state: DISABLED
11-09 11:01:52.774  1396  1396 I Telecom : DefaultDialerCache: Refreshing default dialer for user 0: now com.google.android.dialer: DDC.oR@A2s
11-09 11:01:52.781  1396  1396 V BackupManagerConstants: getFullBackupIntervalMilliseconds(...) returns 86400000
11-09 11:01:52.781  1396  1396 V BackupManagerConstants: getFullBackupRequiredNetworkType(...) returns 2
11-09 11:01:52.781  1396  1396 V BackupManagerConstants: getFullBackupRequireCharging(...) returns true
11-09 11:01:52.793  1396  5434 W BroadcastQueue: u0 Receiving a broadcast in packagecom.jr.narutoii requires a permissions review
11-09 11:01:52.793  1396  5434 W BroadcastQueue: Skipping delivery: permission review required for Intent { act=android.intent.action.PACKAGE_ADDED dat=package: flg=0x4000010 (has extras) } from null (pid=1396, uid=1000) to com.jr.narutoii/com.joyriver.engine.proxy.EngineReceiver
11-09 11:01:52.802  1396  1798 E VerityUtils: Failed to measure fs-verity, errno 1: /data/app/~~KQIicfPJGjg1H0wstKHXxg==/rjpmscxyoicgj.rcmuksahjbgmzodorjn.pebcsfmlgnqxshaierbhj-ZvkblEm2_LNHPSOtuq0evA==/base.apk
11-09 11:01:52.803  1396  1669 W BroadcastQueue: u0 Receiving a broadcast in packagecom.android.buyer requires a permissions review
11-09 11:01:52.803  1396  1669 W BroadcastQueue: Skipping delivery: permission review required for Intent { act=android.intent.action.PACKAGE_ADDED dat=package: flg=0x4000010 (has extras) } from null (pid=1396, uid=1000) to com.android.buyer/.mRve
11-09 11:01:52.803  1396  1669 W BroadcastQueue: Background execution not allowed: receiving Intent { act=android.intent.action.PACKAGE_ADDED dat=package: flg=0x4000010 (has extras) } to com.google.android.packageinstaller/com.android.packageinstaller.PackageInstalledReceiver
11-09 11:01:52.803  1396  1669 W BroadcastQueue: Background execution not allowed: receiving Intent { act=android.intent.action.PACKAGE_ADDED dat=package: flg=0x4000010 (has extras) } to com.android.vending/com.google.android.finsky.packagemonitor.impl.PackageMonitorReceiverImpl$RegisteredReceiver
11-09 11:01:52.803  1396  1669 W BroadcastQueue: Background execution not allowed: receiving Intent { act=android.intent.action.PACKAGE_ADDED dat=package: flg=0x4000010 (has extras) } to com.android.vending/com.google.android.finsky.packagemonitor.backgroundimpl.BackgroundPackageMonitorReceiverImpl$RegisteredReceiver
11-09 11:01:52.803  1396  1669 W BroadcastQueue: Background execution not allowed: receiving Intent { act=android.intent.action.PACKAGE_ADDED dat=package: flg=0x4000010 (has extras) } to com.google.android.gms/.games.chimera.GamesSystemBroadcastReceiverProxy
11-09 11:01:52.803  1396  1669 W BroadcastQueue: Background execution not allowed: receiving Intent { act=android.intent.action.PACKAGE_ADDED dat=package: flg=0x4000010 (has extras) } to com.google.android.gms/.gass.chimera.PackageChangeBroadcastReceiver
11-09 11:01:52.803  1396  1669 W BroadcastQueue: Background execution not allowed: receiving Intent { act=android.intent.action.PACKAGE_ADDED dat=package: flg=0x4000010 (has extras) } to com.google.android.gms/.chimera.GmsIntentOperationService$PersistentTrustedReceiver
11-09 11:01:52.803  1396  1669 W BroadcastQueue: Background execution not allowed: receiving Intent { act=android.intent.action.PACKAGE_ADDED dat=package: flg=0x4000010 (has extras) } to com.google.android.googlequicksearchbox/com.google.android.apps.gsa.googlequicksearchbox.GelStubAppWatcher
11-09 11:01:52.803  1396  1669 W BroadcastQueue: u0 Receiving a broadcast in packagecom.cncd.japan.janli.shudu requires a permissions review
11-09 11:01:52.803  1396  1669 W BroadcastQueue: Skipping delivery: permission review required for Intent { act=android.intent.action.PACKAGE_ADDED dat=package: flg=0x4000010 (has extras) } from null (pid=1396, uid=1000) to com.cncd.japan.janli.shudu/net.l.k.r
11-09 11:01:52.803  1396  1669 W BroadcastQueue: u0 Receiving a broadcast in packagecom.cncd.japan.janli.shudu requires a permissions review
11-09 11:01:52.803  1396  1669 W BroadcastQueue: Skipping delivery: permission review required for Intent { act=android.intent.action.PACKAGE_ADDED dat=package: flg=0x4000010 (has extras) } from null (pid=1396, uid=1000) to com.cncd.japan.janli.shudu/com.feiwofour.coverscreen.SR
11-09 11:01:52.803  1396  1669 W BroadcastQueue: u0 Receiving a broadcast in packagecom.games.mengmeizhitd requires a permissions review
11-09 11:01:52.803  1396  1669 W BroadcastQueue: Skipping delivery: permission review required for Intent { act=android.intent.action.PACKAGE_ADDED dat=package: flg=0x4000010 (has extras) } from null (pid=1396, uid=1000) to com.games.mengmeizhitd/hjnw.ihjnw.i.isqly
11-09 11:01:52.803  1396  1669 W BroadcastQueue: u0 Receiving a broadcast in packagecom.hgperfko.yaeghrwx requires a permissions review
11-09 11:01:52.803  1396  1669 W BroadcastQueue: Skipping delivery: permission review required for Intent { act=android.intent.action.PACKAGE_ADDED dat=package: flg=0x4000010 (has extras) } from null (pid=1396, uid=1000) to com.hgperfko.yaeghrwx/.core.hLytdCQDBv
11-09 11:01:52.803  1396  1669 W BroadcastQueue: u0 Receiving a broadcast in packagecom.qiuqiu.dfmc requires a permissions review
11-09 11:01:52.803  1396  1669 W BroadcastQueue: Skipping delivery: permission review required for Intent { act=android.intent.action.PACKAGE_ADDED dat=package: flg=0x4000010 (has extras) } from null (pid=1396, uid=1000) to com.qiuqiu.dfmc/cn.jpush.android.service.PushReceiver
11-09 11:01:52.803  1396  1669 W BroadcastQueue: u0 Receiving a broadcast in packagecom.safesys.viruskiller requires a permissions review
11-09 11:01:52.804  1396  1669 W BroadcastQueue: Skipping delivery: permission review required for Intent { act=android.intent.action.PACKAGE_ADDED dat=package: flg=0x4000010 (has extras) } from null (pid=1396, uid=1000) to com.safesys.viruskiller/.ScanPackageBroadcast
11-09 11:01:52.804  1396  1669 W BroadcastQueue: u0 Receiving a broadcast in packagecom.uc108.mobile.sdgj.bd1 requires a permissions review
11-09 11:01:52.804  1396  1669 W BroadcastQueue: Skipping delivery: permission review required for Intent { act=android.intent.action.PACKAGE_ADDED dat=package: flg=0x4000010 (has extras) } from null (pid=1396, uid=1000) to com.uc108.mobile.sdgj.bd1/com.baidu.tiebasdk.service.InstallReceiver
11-09 11:01:52.804  1396  1669 W BroadcastQueue: u0 Receiving a broadcast in packagecom.voicebianshengjinglingwc.wxl requires a permissions review
11-09 11:01:52.804  1396  1669 W BroadcastQueue: Skipping delivery: permission review required for Intent { act=android.intent.action.PACKAGE_ADDED dat=package: flg=0x4000010 (has extras) } from null (pid=1396, uid=1000) to com.voicebianshengjinglingwc.wxl/mp.ruu.Ztjjwrj
11-09 11:01:52.804  1396  1669 W BroadcastQueue: u0 Receiving a broadcast in packageio.dcloud.H5BC6BF13 requires a permissions review
11-09 11:01:52.804  1396  1669 W BroadcastQueue: Skipping delivery: permission review required for Intent { act=android.intent.action.PACKAGE_ADDED dat=package: flg=0x4000010 (has extras) } from null (pid=1396, uid=1000) to io.dcloud.H5BC6BF13/io.dcloud.common.adapter.io.DownloadReceiver
11-09 11:01:52.811  1396  1989 D CompatibilityChangeReporter: Compat change id reported: 218533173; UID 10250; state: DISABLED
11-09 11:01:52.811  1396  1396 I Telecom : DefaultDialerCache: Refreshing default dialer for user 0: now com.google.android.dialer: DDC.oR@A2w
11-09 11:01:52.827  1396  1667 W WindowMagnificationMgr: requestConnection duplicated request: connect=false, mConnectionState=DISCONNECTED
11-09 11:01:52.841  1396  4147 W BackupTransportManager: Package rjpmscxyoicgj.rcmuksahjbgmzodorjn.pebcsfmlgnqxshaierbhj enabled setting: 0
11-09 11:01:52.860  1396  3186 D CompatibilityChangeReporter: Compat change id reported: 161252188; UID 10250; state: DISABLED
11-09 11:01:52.892  1396  1667 W PackageManager: Failed registering loading progress callback. Package is fully loaded.
11-09 11:01:52.928  1396  1667 W WindowMagnificationMgr: requestConnection duplicated request: connect=false, mConnectionState=DISCONNECTED
11-09 11:01:52.936  1396  1396 I NotificationService: Cannot find enqueued record for key: 0|com.google.android.apps.wellbeing|174344743|null|10121
11-09 11:01:52.958  1396  1803 E PackageManager: ERROR: could not load root hash from incremental install
11-09 11:01:52.994  1396  1803 I PackageManager: Integrity check passed for file:///data/app/vmdl252694310.tmp
11-09 11:01:53.105  1396  1654 V StorageManagerService: Package null has legacy storage
11-09 11:01:53.240  1396  1964 W AppOps  : setUidMode() called with a mode inconsistent with runtime permission state, this is discouraged and you should revoke the runtime permission instead: uid=10126, switchCode=0, mode=4, permission=android.permission.ACCESS_BACKGROUND_LOCATION
11-09 11:01:53.296  1396  5437 W AppOps  : setUidMode() called with a mode inconsistent with runtime permission state, this is discouraged and you should revoke the runtime permission instead: uid=10126, switchCode=1, mode=4, permission=android.permission.ACCESS_BACKGROUND_LOCATION
11-09 11:01:53.298  1396  1964 W AppOps  : setUidMode() called with a mode inconsistent with runtime permission state, this is discouraged and you should revoke the runtime permission instead: uid=10126, switchCode=0, mode=4, permission=android.permission.ACCESS_BACKGROUND_LOCATION
11-09 11:01:53.313  1396  1803 V BackupManagerService: [UserID:0] restoreAtInstall pkg=oaskok.rjsbiydsjifexwubpyuomxy.zslzeeeyzmnfnttztj token=3d restoreSet=0
11-09 11:01:53.314  1396  1803 V BackupManagerService: [UserID:0] Finishing install immediately
11-09 11:01:53.318  1396  1803 D PackageInstallerSession: Marking session 252694310 as applied
11-09 11:01:53.323  1396  1803 D CompatibilityChangeReporter: Compat change id reported: 168419799; UID 10251; state: DISABLED
11-09 11:01:53.323  1396  1803 D CompatibilityChangeReporter: Compat change id reported: 273564678; UID 10251; state: DISABLED
11-09 11:01:53.327  1396  1963 W BroadcastQueue: u0 Receiving a broadcast in packagecom.jr.narutoii requires a permissions review
11-09 11:01:53.327  1396  1963 W BroadcastQueue: Skipping delivery: permission review required for Intent { act=android.intent.action.PACKAGE_ADDED dat=package: flg=0x4000010 (has extras) } from null (pid=1396, uid=1000) to com.jr.narutoii/com.joyriver.engine.proxy.EngineReceiver
11-09 11:01:53.338  1396  1396 I Telecom : DefaultDialerCache: Refreshing default dialer for user 0: now com.google.android.dialer: DDC.oR@A3E
11-09 11:01:53.339  1396  1669 W BroadcastQueue: u0 Receiving a broadcast in packagecom.android.buyer requires a permissions review
11-09 11:01:53.339  1396  1669 W BroadcastQueue: Skipping delivery: permission review required for Intent { act=android.intent.action.PACKAGE_ADDED dat=package: flg=0x4000010 (has extras) } from null (pid=1396, uid=1000) to com.android.buyer/.mRve
11-09 11:01:53.349  1396  1669 W BroadcastQueue: Background execution not allowed: receiving Intent { act=android.intent.action.PACKAGE_ADDED dat=package: flg=0x4000010 (has extras) } to com.google.android.packageinstaller/com.android.packageinstaller.PackageInstalledReceiver
11-09 11:01:53.349  1396  1669 W BroadcastQueue: Background execution not allowed: receiving Intent { act=android.intent.action.PACKAGE_ADDED dat=package: flg=0x4000010 (has extras) } to com.android.vending/com.google.android.finsky.packagemonitor.impl.PackageMonitorReceiverImpl$RegisteredReceiver
11-09 11:01:53.349  1396  1669 W BroadcastQueue: Background execution not allowed: receiving Intent { act=android.intent.action.PACKAGE_ADDED dat=package: flg=0x4000010 (has extras) } to com.android.vending/com.google.android.finsky.packagemonitor.backgroundimpl.BackgroundPackageMonitorReceiverImpl$RegisteredReceiver
11-09 11:01:53.349  1396  1669 W BroadcastQueue: Background execution not allowed: receiving Intent { act=android.intent.action.PACKAGE_ADDED dat=package: flg=0x4000010 (has extras) } to com.google.android.gms/.games.chimera.GamesSystemBroadcastReceiverProxy
11-09 11:01:53.350  1396  1669 W BroadcastQueue: Background execution not allowed: receiving Intent { act=android.intent.action.PACKAGE_ADDED dat=package: flg=0x4000010 (has extras) } to com.google.android.gms/.gass.chimera.PackageChangeBroadcastReceiver
11-09 11:01:53.350  1396  1669 W BroadcastQueue: Background execution not allowed: receiving Intent { act=android.intent.action.PACKAGE_ADDED dat=package: flg=0x4000010 (has extras) } to com.google.android.gms/.chimera.GmsIntentOperationService$PersistentTrustedReceiver
11-09 11:01:53.350  1396  1669 W BroadcastQueue: Background execution not allowed: receiving Intent { act=android.intent.action.PACKAGE_ADDED dat=package: flg=0x4000010 (has extras) } to com.google.android.googlequicksearchbox/com.google.android.apps.gsa.googlequicksearchbox.GelStubAppWatcher
11-09 11:01:53.350  1396  1669 W BroadcastQueue: u0 Receiving a broadcast in packagecom.cncd.japan.janli.shudu requires a permissions review
11-09 11:01:53.350  1396  1669 W BroadcastQueue: Skipping delivery: permission review required for Intent { act=android.intent.action.PACKAGE_ADDED dat=package: flg=0x4000010 (has extras) } from null (pid=1396, uid=1000) to com.cncd.japan.janli.shudu/net.l.k.r
11-09 11:01:53.350  1396  1669 W BroadcastQueue: u0 Receiving a broadcast in packagecom.cncd.japan.janli.shudu requires a permissions review
11-09 11:01:53.350  1396  1669 W BroadcastQueue: Skipping delivery: permission review required for Intent { act=android.intent.action.PACKAGE_ADDED dat=package: flg=0x4000010 (has extras) } from null (pid=1396, uid=1000) to com.cncd.japan.janli.shudu/com.feiwofour.coverscreen.SR
11-09 11:01:53.350  1396  1669 W BroadcastQueue: u0 Receiving a broadcast in packagecom.games.mengmeizhitd requires a permissions review
11-09 11:01:53.350  1396  1669 W BroadcastQueue: Skipping delivery: permission review required for Intent { act=android.intent.action.PACKAGE_ADDED dat=package: flg=0x4000010 (has extras) } from null (pid=1396, uid=1000) to com.games.mengmeizhitd/hjnw.ihjnw.i.isqly
11-09 11:01:53.350  1396  1669 W BroadcastQueue: u0 Receiving a broadcast in packagecom.hgperfko.yaeghrwx requires a permissions review
11-09 11:01:53.350  1396  1669 W BroadcastQueue: Skipping delivery: permission review required for Intent { act=android.intent.action.PACKAGE_ADDED dat=package: flg=0x4000010 (has extras) } from null (pid=1396, uid=1000) to com.hgperfko.yaeghrwx/.core.hLytdCQDBv
11-09 11:01:53.350  1396  1669 W BroadcastQueue: u0 Receiving a broadcast in packagecom.qiuqiu.dfmc requires a permissions review
11-09 11:01:53.350  1396  1669 W BroadcastQueue: Skipping delivery: permission review required for Intent { act=android.intent.action.PACKAGE_ADDED dat=package: flg=0x4000010 (has extras) } from null (pid=1396, uid=1000) to com.qiuqiu.dfmc/cn.jpush.android.service.PushReceiver
11-09 11:01:53.350  1396  1669 W BroadcastQueue: u0 Receiving a broadcast in packagecom.safesys.viruskiller requires a permissions review
11-09 11:01:53.350  1396  1669 W BroadcastQueue: Skipping delivery: permission review required for Intent { act=android.intent.action.PACKAGE_ADDED dat=package: flg=0x4000010 (has extras) } from null (pid=1396, uid=1000) to com.safesys.viruskiller/.ScanPackageBroadcast
11-09 11:01:53.350  1396  1669 W BroadcastQueue: u0 Receiving a broadcast in packagecom.uc108.mobile.sdgj.bd1 requires a permissions review
11-09 11:01:53.350  1396  1669 W BroadcastQueue: Skipping delivery: permission review required for Intent { act=android.intent.action.PACKAGE_ADDED dat=package: flg=0x4000010 (has extras) } from null (pid=1396, uid=1000) to com.uc108.mobile.sdgj.bd1/com.baidu.tiebasdk.service.InstallReceiver
11-09 11:01:53.350  1396  1669 W BroadcastQueue: u0 Receiving a broadcast in packagecom.voicebianshengjinglingwc.wxl requires a permissions review
11-09 11:01:53.350  1396  1669 W BroadcastQueue: Skipping delivery: permission review required for Intent { act=android.intent.action.PACKAGE_ADDED dat=package: flg=0x4000010 (has extras) } from null (pid=1396, uid=1000) to com.voicebianshengjinglingwc.wxl/mp.ruu.Ztjjwrj
11-09 11:01:53.351  1396  1669 W BroadcastQueue: u0 Receiving a broadcast in packageio.dcloud.H5BC6BF13 requires a permissions review
11-09 11:01:53.351  1396  1669 W BroadcastQueue: Skipping delivery: permission review required for Intent { act=android.intent.action.PACKAGE_ADDED dat=package: flg=0x4000010 (has extras) } from null (pid=1396, uid=1000) to io.dcloud.H5BC6BF13/io.dcloud.common.adapter.io.DownloadReceiver
11-09 11:01:53.354  1396  1396 V BackupManagerConstants: getFullBackupIntervalMilliseconds(...) returns 86400000
11-09 11:01:53.354  1396  1396 V BackupManagerConstants: getFullBackupRequiredNetworkType(...) returns 2
11-09 11:01:53.354  1396  1396 V BackupManagerConstants: getFullBackupRequireCharging(...) returns true
11-09 11:01:53.371  1396  1989 D CompatibilityChangeReporter: Compat change id reported: 218533173; UID 10251; state: DISABLED
11-09 11:01:53.373  1396  1798 E VerityUtils: Failed to measure fs-verity, errno 1: /data/app/~~6kigjWyvfVyZtLynRsvvlw==/oaskok.rjsbiydsjifexwubpyuomxy.zslzeeeyzmnfnttztj-nTN6Rey2nP7d5DpUAsXK2w==/base.apk
11-09 11:01:53.380  1396  1396 I Telecom : DefaultDialerCache: Refreshing default dialer for user 0: now com.google.android.dialer: DDC.oR@A3I
11-09 11:01:53.381  1396  1667 W WindowMagnificationMgr: requestConnection duplicated request: connect=false, mConnectionState=DISCONNECTED
11-09 11:01:53.381  1396  4147 W BackupTransportManager: Package oaskok.rjsbiydsjifexwubpyuomxy.zslzeeeyzmnfnttztj enabled setting: 0
11-09 11:01:53.395  1396  3656 D CompatibilityChangeReporter: Compat change id reported: 161252188; UID 10251; state: DISABLED
11-09 11:01:53.439  1396  1667 W PackageManager: Failed registering loading progress callback. Package is fully loaded.
11-09 11:01:53.446  1396  1667 W WindowMagnificationMgr: requestConnection duplicated request: connect=false, mConnectionState=DISCONNECTED
11-09 11:01:53.456  1396  1803 E PackageManager: ERROR: could not load root hash from incremental install
11-09 11:01:53.460  1396  2021 W PackageParsing: Ignoring duplicate uses-permissions/uses-permissions-sdk-m: android.permission.DISABLE_KEYGUARD in package: com.lfnb.ccrh at: Binary XML file line #24
11-09 11:01:53.473  1396  1803 I PackageManager: Integrity check passed for file:///data/app/vmdl1772613136.tmp
11-09 11:01:53.534  1396  1803 W PackageParsing: Ignoring duplicate uses-permissions/uses-permissions-sdk-m: android.permission.DISABLE_KEYGUARD in package: com.lfnb.ccrh at: Binary XML file line #24
11-09 11:01:53.623  1396  1654 V StorageManagerService: Package null has legacy storage
11-09 11:01:53.731  1396  1803 V BackupManagerService: [UserID:0] restoreAtInstall pkg=com.lfnb.ccrh token=3e restoreSet=0
11-09 11:01:53.731  1396  1803 V BackupManagerService: [UserID:0] Finishing install immediately
11-09 11:01:53.732  1396  1803 D PackageInstallerSession: Marking session 1772613136 as applied
11-09 11:01:53.737  1396  1803 D CompatibilityChangeReporter: Compat change id reported: 168419799; UID 10252; state: DISABLED
11-09 11:01:53.737  1396  1803 D CompatibilityChangeReporter: Compat change id reported: 273564678; UID 10252; state: DISABLED
11-09 11:01:53.747  1396  1396 I Telecom : DefaultDialerCache: Refreshing default dialer for user 0: now com.google.android.dialer: DDC.oR@A3U
11-09 11:01:53.756  1396  3705 W BroadcastQueue: u0 Receiving a broadcast in packagecom.jr.narutoii requires a permissions review
11-09 11:01:53.756  1396  3705 W BroadcastQueue: Skipping delivery: permission review required for Intent { act=android.intent.action.PACKAGE_ADDED dat=package: flg=0x4000010 (has extras) } from null (pid=1396, uid=1000) to com.jr.narutoii/com.joyriver.engine.proxy.EngineReceiver
11-09 11:01:53.757  1396  1669 W BroadcastQueue: u0 Receiving a broadcast in packagecom.android.buyer requires a permissions review
11-09 11:01:53.757  1396  1669 W BroadcastQueue: Skipping delivery: permission review required for Intent { act=android.intent.action.PACKAGE_ADDED dat=package: flg=0x4000010 (has extras) } from null (pid=1396, uid=1000) to com.android.buyer/.mRve
11-09 11:01:53.757  1396  1669 W BroadcastQueue: Background execution not allowed: receiving Intent { act=android.intent.action.PACKAGE_ADDED dat=package: flg=0x4000010 (has extras) } to com.google.android.packageinstaller/com.android.packageinstaller.PackageInstalledReceiver
11-09 11:01:53.757  1396  1669 W BroadcastQueue: Background execution not allowed: receiving Intent { act=android.intent.action.PACKAGE_ADDED dat=package: flg=0x4000010 (has extras) } to com.android.vending/com.google.android.finsky.packagemonitor.impl.PackageMonitorReceiverImpl$RegisteredReceiver
11-09 11:01:53.757  1396  1669 W BroadcastQueue: Background execution not allowed: receiving Intent { act=android.intent.action.PACKAGE_ADDED dat=package: flg=0x4000010 (has extras) } to com.android.vending/com.google.android.finsky.packagemonitor.backgroundimpl.BackgroundPackageMonitorReceiverImpl$RegisteredReceiver
11-09 11:01:53.757  1396  1669 W BroadcastQueue: Background execution not allowed: receiving Intent { act=android.intent.action.PACKAGE_ADDED dat=package: flg=0x4000010 (has extras) } to com.google.android.gms/.games.chimera.GamesSystemBroadcastReceiverProxy
11-09 11:01:53.757  1396  1669 W BroadcastQueue: Background execution not allowed: receiving Intent { act=android.intent.action.PACKAGE_ADDED dat=package: flg=0x4000010 (has extras) } to com.google.android.gms/.gass.chimera.PackageChangeBroadcastReceiver
11-09 11:01:53.757  1396  1669 W BroadcastQueue: Background execution not allowed: receiving Intent { act=android.intent.action.PACKAGE_ADDED dat=package: flg=0x4000010 (has extras) } to com.google.android.gms/.chimera.GmsIntentOperationService$PersistentTrustedReceiver
11-09 11:01:53.757  1396  1669 W BroadcastQueue: Background execution not allowed: receiving Intent { act=android.intent.action.PACKAGE_ADDED dat=package: flg=0x4000010 (has extras) } to com.google.android.googlequicksearchbox/com.google.android.apps.gsa.googlequicksearchbox.GelStubAppWatcher
11-09 11:01:53.757  1396  1669 W BroadcastQueue: u0 Receiving a broadcast in packagecom.cncd.japan.janli.shudu requires a permissions review
11-09 11:01:53.757  1396  1669 W BroadcastQueue: Skipping delivery: permission review required for Intent { act=android.intent.action.PACKAGE_ADDED dat=package: flg=0x4000010 (has extras) } from null (pid=1396, uid=1000) to com.cncd.japan.janli.shudu/net.l.k.r
11-09 11:01:53.757  1396  1669 W BroadcastQueue: u0 Receiving a broadcast in packagecom.cncd.japan.janli.shudu requires a permissions review
11-09 11:01:53.757  1396  1669 W BroadcastQueue: Skipping delivery: permission review required for Intent { act=android.intent.action.PACKAGE_ADDED dat=package: flg=0x4000010 (has extras) } from null (pid=1396, uid=1000) to com.cncd.japan.janli.shudu/com.feiwofour.coverscreen.SR
11-09 11:01:53.757  1396  1669 W BroadcastQueue: u0 Receiving a broadcast in packagecom.games.mengmeizhitd requires a permissions review
11-09 11:01:53.758  1396  1669 W BroadcastQueue: Skipping delivery: permission review required for Intent { act=android.intent.action.PACKAGE_ADDED dat=package: flg=0x4000010 (has extras) } from null (pid=1396, uid=1000) to com.games.mengmeizhitd/hjnw.ihjnw.i.isqly
11-09 11:01:53.759  1396  1396 V BackupManagerConstants: getFullBackupIntervalMilliseconds(...) returns 86400000
11-09 11:01:53.759  1396  1396 V BackupManagerConstants: getFullBackupRequiredNetworkType(...) returns 2
11-09 11:01:53.760  1396  1396 V BackupManagerConstants: getFullBackupRequireCharging(...) returns true
11-09 11:01:53.767  1396  1989 D CompatibilityChangeReporter: Compat change id reported: 218533173; UID 10252; state: DISABLED
11-09 11:01:53.769  1396  1396 I Telecom : DefaultDialerCache: Refreshing default dialer for user 0: now com.google.android.dialer: DDC.oR@A3Y
11-09 11:01:53.772  1396  1669 W BroadcastQueue: u0 Receiving a broadcast in packagecom.hgperfko.yaeghrwx requires a permissions review
11-09 11:01:53.772  1396  1669 W BroadcastQueue: Skipping delivery: permission review required for Intent { act=android.intent.action.PACKAGE_ADDED dat=package: flg=0x4000010 (has extras) } from null (pid=1396, uid=1000) to com.hgperfko.yaeghrwx/.core.hLytdCQDBv
11-09 11:01:53.773  1396  1667 W WindowMagnificationMgr: requestConnection duplicated request: connect=false, mConnectionState=DISCONNECTED
11-09 11:01:53.777  1396  1669 W BroadcastQueue: u0 Receiving a broadcast in packagecom.qiuqiu.dfmc requires a permissions review
11-09 11:01:53.777  1396  1669 W BroadcastQueue: Skipping delivery: permission review required for Intent { act=android.intent.action.PACKAGE_ADDED dat=package: flg=0x4000010 (has extras) } from null (pid=1396, uid=1000) to com.qiuqiu.dfmc/cn.jpush.android.service.PushReceiver
11-09 11:01:53.778  1396  1669 W BroadcastQueue: u0 Receiving a broadcast in packagecom.safesys.viruskiller requires a permissions review
11-09 11:01:53.778  1396  1669 W BroadcastQueue: Skipping delivery: permission review required for Intent { act=android.intent.action.PACKAGE_ADDED dat=package: flg=0x4000010 (has extras) } from null (pid=1396, uid=1000) to com.safesys.viruskiller/.ScanPackageBroadcast
11-09 11:01:53.778  1396  1669 W BroadcastQueue: u0 Receiving a broadcast in packagecom.uc108.mobile.sdgj.bd1 requires a permissions review
11-09 11:01:53.778  1396  1669 W BroadcastQueue: Skipping delivery: permission review required for Intent { act=android.intent.action.PACKAGE_ADDED dat=package: flg=0x4000010 (has extras) } from null (pid=1396, uid=1000) to com.uc108.mobile.sdgj.bd1/com.baidu.tiebasdk.service.InstallReceiver
11-09 11:01:53.778  1396  1669 W BroadcastQueue: u0 Receiving a broadcast in packagecom.voicebianshengjinglingwc.wxl requires a permissions review
11-09 11:01:53.778  1396  1669 W BroadcastQueue: Skipping delivery: permission review required for Intent { act=android.intent.action.PACKAGE_ADDED dat=package: flg=0x4000010 (has extras) } from null (pid=1396, uid=1000) to com.voicebianshengjinglingwc.wxl/mp.ruu.Ztjjwrj
11-09 11:01:53.778  1396  1669 W BroadcastQueue: u0 Receiving a broadcast in packageio.dcloud.H5BC6BF13 requires a permissions review
11-09 11:01:53.778  1396  1669 W BroadcastQueue: Skipping delivery: permission review required for Intent { act=android.intent.action.PACKAGE_ADDED dat=package: flg=0x4000010 (has extras) } from null (pid=1396, uid=1000) to io.dcloud.H5BC6BF13/io.dcloud.common.adapter.io.DownloadReceiver
11-09 11:01:53.784  1396  1798 E VerityUtils: Failed to measure fs-verity, errno 1: /data/app/~~eD8H3mH06v9k1vtFV8hatA==/com.lfnb.ccrh-TT_X9qRePUgJSVbQGmgbuQ==/base.apk
11-09 11:01:53.798  1396  4198 D CompatibilityChangeReporter: Compat change id reported: 161252188; UID 10252; state: DISABLED
11-09 11:01:53.822  1396  1667 W PackageManager: Failed registering loading progress callback. Package is fully loaded.
11-09 11:01:53.830  1396  1667 W WindowMagnificationMgr: requestConnection duplicated request: connect=false, mConnectionState=DISCONNECTED
11-09 11:01:53.843  1396  1803 E PackageManager: ERROR: could not load root hash from incremental install
11-09 11:01:53.860  1396  4147 W BackupTransportManager: Package com.lfnb.ccrh enabled setting: 0
11-09 11:01:53.874  1396  1803 I PackageManager: Integrity check passed for file:///data/app/vmdl401559005.tmp
11-09 11:01:54.016  1396  1654 V StorageManagerService: Package null has legacy storage
11-09 11:01:54.111  1396  3705 I ActivityManager: Background started FGS: Allowed [callingPackage: com.google.android.apps.wellbeing; callingUid: 10121; uidState: BFGS; intent: Intent { cmp=com.google.android.apps.wellbeing/com.google.apps.tiktok.concurrent.InternalForegroundService (has extras) }; code:BACKGROUND_ACTIVITY_PERMISSION; tempAllowListReason:<null>; targetSdkVersion:33; callerTargetSdkVersion:33; startForegroundCount:0; bindFromPackage:null]
11-09 11:01:54.154  1396  1803 V BackupManagerService: [UserID:0] restoreAtInstall pkg=com.android.system.admin token=3f restoreSet=0
11-09 11:01:54.154  1396  1803 V BackupManagerService: [UserID:0] Finishing install immediately
11-09 11:01:54.156  1396  1803 D PackageInstallerSession: Marking session 401559005 as applied
11-09 11:01:54.160  1396  1803 D CompatibilityChangeReporter: Compat change id reported: 168419799; UID 10253; state: DISABLED
11-09 11:01:54.160  1396  1803 D CompatibilityChangeReporter: Compat change id reported: 273564678; UID 10253; state: DISABLED
11-09 11:01:54.169  1396  1396 I Telecom : DefaultDialerCache: Refreshing default dialer for user 0: now com.google.android.dialer: DDC.oR@A3k
11-09 11:01:54.172  1396  5536 W BroadcastQueue: u0 Receiving a broadcast in packagecom.jr.narutoii requires a permissions review
11-09 11:01:54.172  1396  5536 W BroadcastQueue: Skipping delivery: permission review required for Intent { act=android.intent.action.PACKAGE_ADDED dat=package: flg=0x4000010 (has extras) } from null (pid=1396, uid=1000) to com.jr.narutoii/com.joyriver.engine.proxy.EngineReceiver
11-09 11:01:54.178  1396  1669 W BroadcastQueue: u0 Receiving a broadcast in packagecom.android.buyer requires a permissions review
11-09 11:01:54.178  1396  1669 W BroadcastQueue: Skipping delivery: permission review required for Intent { act=android.intent.action.PACKAGE_ADDED dat=package: flg=0x4000010 (has extras) } from null (pid=1396, uid=1000) to com.android.buyer/.mRve
11-09 11:01:54.178  1396  1669 W BroadcastQueue: Background execution not allowed: receiving Intent { act=android.intent.action.PACKAGE_ADDED dat=package: flg=0x4000010 (has extras) } to com.google.android.packageinstaller/com.android.packageinstaller.PackageInstalledReceiver
11-09 11:01:54.178  1396  1669 W BroadcastQueue: Background execution not allowed: receiving Intent { act=android.intent.action.PACKAGE_ADDED dat=package: flg=0x4000010 (has extras) } to com.android.vending/com.google.android.finsky.packagemonitor.impl.PackageMonitorReceiverImpl$RegisteredReceiver
11-09 11:01:54.178  1396  1396 V BackupManagerConstants: getFullBackupIntervalMilliseconds(...) returns 86400000
11-09 11:01:54.178  1396  1396 V BackupManagerConstants: getFullBackupRequiredNetworkType(...) returns 2
11-09 11:01:54.179  1396  1669 W BroadcastQueue: Background execution not allowed: receiving Intent { act=android.intent.action.PACKAGE_ADDED dat=package: flg=0x4000010 (has extras) } to com.android.vending/com.google.android.finsky.packagemonitor.backgroundimpl.BackgroundPackageMonitorReceiverImpl$RegisteredReceiver
11-09 11:01:54.180  1396  1669 W BroadcastQueue: Background execution not allowed: receiving Intent { act=android.intent.action.PACKAGE_ADDED dat=package: flg=0x4000010 (has extras) } to com.google.android.gms/.games.chimera.GamesSystemBroadcastReceiverProxy
11-09 11:01:54.180  1396  1669 W BroadcastQueue: Background execution not allowed: receiving Intent { act=android.intent.action.PACKAGE_ADDED dat=package: flg=0x4000010 (has extras) } to com.google.android.gms/.gass.chimera.PackageChangeBroadcastReceiver
11-09 11:01:54.180  1396  1669 W BroadcastQueue: Background execution not allowed: receiving Intent { act=android.intent.action.PACKAGE_ADDED dat=package: flg=0x4000010 (has extras) } to com.google.android.gms/.chimera.GmsIntentOperationService$PersistentTrustedReceiver
11-09 11:01:54.180  1396  1669 W BroadcastQueue: Background execution not allowed: receiving Intent { act=android.intent.action.PACKAGE_ADDED dat=package: flg=0x4000010 (has extras) } to com.google.android.googlequicksearchbox/com.google.android.apps.gsa.googlequicksearchbox.GelStubAppWatcher
11-09 11:01:54.180  1396  1669 W BroadcastQueue: u0 Receiving a broadcast in packagecom.cncd.japan.janli.shudu requires a permissions review
11-09 11:01:54.180  1396  1669 W BroadcastQueue: Skipping delivery: permission review required for Intent { act=android.intent.action.PACKAGE_ADDED dat=package: flg=0x4000010 (has extras) } from null (pid=1396, uid=1000) to com.cncd.japan.janli.shudu/net.l.k.r
11-09 11:01:54.180  1396  1669 W BroadcastQueue: u0 Receiving a broadcast in packagecom.cncd.japan.janli.shudu requires a permissions review
11-09 11:01:54.180  1396  1669 W BroadcastQueue: Skipping delivery: permission review required for Intent { act=android.intent.action.PACKAGE_ADDED dat=package: flg=0x4000010 (has extras) } from null (pid=1396, uid=1000) to com.cncd.japan.janli.shudu/com.feiwofour.coverscreen.SR
11-09 11:01:54.180  1396  1669 W BroadcastQueue: u0 Receiving a broadcast in packagecom.games.mengmeizhitd requires a permissions review
11-09 11:01:54.180  1396  1669 W BroadcastQueue: Skipping delivery: permission review required for Intent { act=android.intent.action.PACKAGE_ADDED dat=package: flg=0x4000010 (has extras) } from null (pid=1396, uid=1000) to com.games.mengmeizhitd/hjnw.ihjnw.i.isqly
11-09 11:01:54.180  1396  1669 W BroadcastQueue: u0 Receiving a broadcast in packagecom.hgperfko.yaeghrwx requires a permissions review
11-09 11:01:54.180  1396  1669 W BroadcastQueue: Skipping delivery: permission review required for Intent { act=android.intent.action.PACKAGE_ADDED dat=package: flg=0x4000010 (has extras) } from null (pid=1396, uid=1000) to com.hgperfko.yaeghrwx/.core.hLytdCQDBv
11-09 11:01:54.180  1396  1669 W BroadcastQueue: u0 Receiving a broadcast in packagecom.qiuqiu.dfmc requires a permissions review
11-09 11:01:54.180  1396  1669 W BroadcastQueue: Skipping delivery: permission review required for Intent { act=android.intent.action.PACKAGE_ADDED dat=package: flg=0x4000010 (has extras) } from null (pid=1396, uid=1000) to com.qiuqiu.dfmc/cn.jpush.android.service.PushReceiver
11-09 11:01:54.180  1396  1396 V BackupManagerConstants: getFullBackupRequireCharging(...) returns true
11-09 11:01:54.180  1396  1669 W BroadcastQueue: u0 Receiving a broadcast in packagecom.safesys.viruskiller requires a permissions review
11-09 11:01:54.180  1396  1669 W BroadcastQueue: Skipping delivery: permission review required for Intent { act=android.intent.action.PACKAGE_ADDED dat=package: flg=0x4000010 (has extras) } from null (pid=1396, uid=1000) to com.safesys.viruskiller/.ScanPackageBroadcast
11-09 11:01:54.180  1396  1669 W BroadcastQueue: u0 Receiving a broadcast in packagecom.uc108.mobile.sdgj.bd1 requires a permissions review
11-09 11:01:54.180  1396  1669 W BroadcastQueue: Skipping delivery: permission review required for Intent { act=android.intent.action.PACKAGE_ADDED dat=package: flg=0x4000010 (has extras) } from null (pid=1396, uid=1000) to com.uc108.mobile.sdgj.bd1/com.baidu.tiebasdk.service.InstallReceiver
11-09 11:01:54.181  1396  1669 W BroadcastQueue: u0 Receiving a broadcast in packagecom.voicebianshengjinglingwc.wxl requires a permissions review
11-09 11:01:54.181  1396  1669 W BroadcastQueue: Skipping delivery: permission review required for Intent { act=android.intent.action.PACKAGE_ADDED dat=package: flg=0x4000010 (has extras) } from null (pid=1396, uid=1000) to com.voicebianshengjinglingwc.wxl/mp.ruu.Ztjjwrj
11-09 11:01:54.181  1396  1669 W BroadcastQueue: u0 Receiving a broadcast in packageio.dcloud.H5BC6BF13 requires a permissions review
11-09 11:01:54.181  1396  1669 W BroadcastQueue: Skipping delivery: permission review required for Intent { act=android.intent.action.PACKAGE_ADDED dat=package: flg=0x4000010 (has extras) } from null (pid=1396, uid=1000) to io.dcloud.H5BC6BF13/io.dcloud.common.adapter.io.DownloadReceiver
11-09 11:01:54.195  1396  1989 D CompatibilityChangeReporter: Compat change id reported: 218533173; UID 10253; state: DISABLED
11-09 11:01:54.197  1396  1396 I Telecom : DefaultDialerCache: Refreshing default dialer for user 0: now com.google.android.dialer: DDC.oR@A3o
11-09 11:01:54.205  1396  1798 E VerityUtils: Failed to measure fs-verity, errno 1: /data/app/~~YS5jSEQjqkAhBxOIplS3Fw==/com.android.system.admin-2lS4pd6u3fykvhjlIYo2Ow==/base.apk
11-09 11:01:54.211  1396  1667 W WindowMagnificationMgr: requestConnection duplicated request: connect=false, mConnectionState=DISCONNECTED
11-09 11:01:54.222  1396  3656 D CompatibilityChangeReporter: Compat change id reported: 161252188; UID 10253; state: DISABLED
11-09 11:01:54.225  1396  4147 W BackupTransportManager: Package com.android.system.admin enabled setting: 0
11-09 11:01:54.255  1396  1667 W PackageManager: Failed registering loading progress callback. Package is fully loaded.
11-09 11:01:54.262  1396  1667 W WindowMagnificationMgr: requestConnection duplicated request: connect=false, mConnectionState=DISCONNECTED
11-09 11:01:54.346  1396  1396 I NotificationService: Cannot find enqueued record for key: 0|com.google.android.apps.wellbeing|174344743|null|10121
11-09 11:01:54.372  1396  5434 W AppOps  : setUidMode() called with a mode inconsistent with runtime permission state, this is discouraged and you should revoke the runtime permission instead: uid=10126, switchCode=0, mode=4, permission=android.permission.ACCESS_BACKGROUND_LOCATION
11-09 11:01:54.375  1396  1803 E PackageManager: ERROR: could not load root hash from incremental install
11-09 11:01:54.380  1396  2021 W PackageParsing: Ignoring duplicate uses-permissions/uses-permissions-sdk-m: android.permission.WAKE_LOCK in package: yeyrm.ywoqeyfxty.hdp at: Binary XML file line #24
11-09 11:01:54.402  1396  1803 I PackageManager: Integrity check passed for file:///data/app/vmdl1184020807.tmp
11-09 11:01:54.406  1396  1803 W PackageParsing: Ignoring duplicate uses-permissions/uses-permissions-sdk-m: android.permission.WAKE_LOCK in package: yeyrm.ywoqeyfxty.hdp at: Binary XML file line #24
11-09 11:01:54.501  1396  1654 V StorageManagerService: Package null has legacy storage
11-09 11:01:54.599  1396  5434 W AppOps  : setUidMode() called with a mode inconsistent with runtime permission state, this is discouraged and you should revoke the runtime permission instead: uid=10126, switchCode=1, mode=4, permission=android.permission.ACCESS_BACKGROUND_LOCATION
11-09 11:01:54.603  1396  2965 W AppOps  : setUidMode() called with a mode inconsistent with runtime permission state, this is discouraged and you should revoke the runtime permission instead: uid=10126, switchCode=0, mode=4, permission=android.permission.ACCESS_BACKGROUND_LOCATION
11-09 11:01:54.749  1396  1803 V BackupManagerService: [UserID:0] restoreAtInstall pkg=yeyrm.ywoqeyfxty.hdp token=40 restoreSet=0
11-09 11:01:54.750  1396  1803 V BackupManagerService: [UserID:0] Finishing install immediately
11-09 11:01:54.754  1396  1803 D PackageInstallerSession: Marking session 1184020807 as applied
11-09 11:01:54.760  1396  1803 D CompatibilityChangeReporter: Compat change id reported: 168419799; UID 10254; state: DISABLED
11-09 11:01:54.760  1396  1803 D CompatibilityChangeReporter: Compat change id reported: 273564678; UID 10254; state: DISABLED
11-09 11:01:54.774  1396  1396 I Telecom : DefaultDialerCache: Refreshing default dialer for user 0: now com.google.android.dialer: DDC.oR@A38
11-09 11:01:54.774  1396  2965 W BroadcastQueue: u0 Receiving a broadcast in packagecom.jr.narutoii requires a permissions review
11-09 11:01:54.774  1396  2965 W BroadcastQueue: Skipping delivery: permission review required for Intent { act=android.intent.action.PACKAGE_ADDED dat=package: flg=0x4000010 (has extras) } from null (pid=1396, uid=1000) to com.jr.narutoii/com.joyriver.engine.proxy.EngineReceiver
11-09 11:01:54.776  1396  1669 W BroadcastQueue: u0 Receiving a broadcast in packagecom.android.buyer requires a permissions review
11-09 11:01:54.777  1396  1669 W BroadcastQueue: Skipping delivery: permission review required for Intent { act=android.intent.action.PACKAGE_ADDED dat=package: flg=0x4000010 (has extras) } from null (pid=1396, uid=1000) to com.android.buyer/.mRve
11-09 11:01:54.777  1396  1669 W BroadcastQueue: Background execution not allowed: receiving Intent { act=android.intent.action.PACKAGE_ADDED dat=package: flg=0x4000010 (has extras) } to com.google.android.packageinstaller/com.android.packageinstaller.PackageInstalledReceiver
11-09 11:01:54.777  1396  1669 W BroadcastQueue: Background execution not allowed: receiving Intent { act=android.intent.action.PACKAGE_ADDED dat=package: flg=0x4000010 (has extras) } to com.android.vending/com.google.android.finsky.packagemonitor.impl.PackageMonitorReceiverImpl$RegisteredReceiver
11-09 11:01:54.777  1396  1669 W BroadcastQueue: Background execution not allowed: receiving Intent { act=android.intent.action.PACKAGE_ADDED dat=package: flg=0x4000010 (has extras) } to com.android.vending/com.google.android.finsky.packagemonitor.backgroundimpl.BackgroundPackageMonitorReceiverImpl$RegisteredReceiver
11-09 11:01:54.777  1396  1669 W BroadcastQueue: Background execution not allowed: receiving Intent { act=android.intent.action.PACKAGE_ADDED dat=package: flg=0x4000010 (has extras) } to com.google.android.gms/.games.chimera.GamesSystemBroadcastReceiverProxy
11-09 11:01:54.777  1396  1669 W BroadcastQueue: Background execution not allowed: receiving Intent { act=android.intent.action.PACKAGE_ADDED dat=package: flg=0x4000010 (has extras) } to com.google.android.gms/.gass.chimera.PackageChangeBroadcastReceiver
11-09 11:01:54.777  1396  1669 W BroadcastQueue: Background execution not allowed: receiving Intent { act=android.intent.action.PACKAGE_ADDED dat=package: flg=0x4000010 (has extras) } to com.google.android.gms/.chimera.GmsIntentOperationService$PersistentTrustedReceiver
11-09 11:01:54.777  1396  1669 W BroadcastQueue: Background execution not allowed: receiving Intent { act=android.intent.action.PACKAGE_ADDED dat=package: flg=0x4000010 (has extras) } to com.google.android.googlequicksearchbox/com.google.android.apps.gsa.googlequicksearchbox.GelStubAppWatcher
11-09 11:01:54.777  1396  1669 W BroadcastQueue: u0 Receiving a broadcast in packagecom.cncd.japan.janli.shudu requires a permissions review
11-09 11:01:54.777  1396  1669 W BroadcastQueue: Skipping delivery: permission review required for Intent { act=android.intent.action.PACKAGE_ADDED dat=package: flg=0x4000010 (has extras) } from null (pid=1396, uid=1000) to com.cncd.japan.janli.shudu/net.l.k.r
11-09 11:01:54.777  1396  1669 W BroadcastQueue: u0 Receiving a broadcast in packagecom.cncd.japan.janli.shudu requires a permissions review
11-09 11:01:54.777  1396  1669 W BroadcastQueue: Skipping delivery: permission review required for Intent { act=android.intent.action.PACKAGE_ADDED dat=package: flg=0x4000010 (has extras) } from null (pid=1396, uid=1000) to com.cncd.japan.janli.shudu/com.feiwofour.coverscreen.SR
11-09 11:01:54.777  1396  1669 W BroadcastQueue: u0 Receiving a broadcast in packagecom.games.mengmeizhitd requires a permissions review
11-09 11:01:54.777  1396  1669 W BroadcastQueue: Skipping delivery: permission review required for Intent { act=android.intent.action.PACKAGE_ADDED dat=package: flg=0x4000010 (has extras) } from null (pid=1396, uid=1000) to com.games.mengmeizhitd/hjnw.ihjnw.i.isqly
11-09 11:01:54.780  1396  1669 W BroadcastQueue: u0 Receiving a broadcast in packagecom.hgperfko.yaeghrwx requires a permissions review
11-09 11:01:54.780  1396  1669 W BroadcastQueue: Skipping delivery: permission review required for Intent { act=android.intent.action.PACKAGE_ADDED dat=package: flg=0x4000010 (has extras) } from null (pid=1396, uid=1000) to com.hgperfko.yaeghrwx/.core.hLytdCQDBv
11-09 11:01:54.782  1396  1669 W BroadcastQueue: u0 Receiving a broadcast in packagecom.qiuqiu.dfmc requires a permissions review
11-09 11:01:54.782  1396  1669 W BroadcastQueue: Skipping delivery: permission review required for Intent { act=android.intent.action.PACKAGE_ADDED dat=package: flg=0x4000010 (has extras) } from null (pid=1396, uid=1000) to com.qiuqiu.dfmc/cn.jpush.android.service.PushReceiver
11-09 11:01:54.782  1396  1669 W BroadcastQueue: u0 Receiving a broadcast in packagecom.safesys.viruskiller requires a permissions review
11-09 11:01:54.782  1396  1669 W BroadcastQueue: Skipping delivery: permission review required for Intent { act=android.intent.action.PACKAGE_ADDED dat=package: flg=0x4000010 (has extras) } from null (pid=1396, uid=1000) to com.safesys.viruskiller/.ScanPackageBroadcast
11-09 11:01:54.782  1396  1669 W BroadcastQueue: u0 Receiving a broadcast in packagecom.uc108.mobile.sdgj.bd1 requires a permissions review
