--------- beginning of system
11-09 11:01:31.137  1396  1803 E PackageManager: ERROR: could not load root hash from incremental install
11-09 11:01:31.155  1396  1803 I PackageManager: Integrity check passed for file:///data/app/vmdl149796663.tmp
11-09 11:01:31.303  1396  5158 W AppOps  : setUidMode() called with a mode inconsistent with runtime permission state, this is discouraged and you should revoke the runtime permission instead: uid=10126, switchCode=0, mode=4, permission=android.permission.ACCESS_BACKGROUND_LOCATION
11-09 11:01:31.317  1396  5539 I ActivityManager: Background started FGS: Allowed [callingPackage: com.google.android.apps.wellbeing; callingUid: 10121; uidState: BFGS; intent: Intent { cmp=com.google.android.apps.wellbeing/com.google.apps.tiktok.concurrent.InternalForegroundService (has extras) }; code:BACKGROUND_ACTIVITY_PERMISSION; tempAllowListReason:<null>; targetSdkVersion:33; callerTargetSdkVersion:33; startForegroundCount:0; bindFromPackage:null]
11-09 11:01:31.367  1396  5524 W AppOps  : setUidMode() called with a mode inconsistent with runtime permission state, this is discouraged and you should revoke the runtime permission instead: uid=10126, switchCode=1, mode=4, permission=android.permission.ACCESS_BACKGROUND_LOCATION
11-09 11:01:31.371  1396  2965 W AppOps  : setUidMode() called with a mode inconsistent with runtime permission state, this is discouraged and you should revoke the runtime permission instead: uid=10126, switchCode=0, mode=4, permission=android.permission.ACCESS_BACKGROUND_LOCATION
11-09 11:01:31.391  1396  1803 V BackupManagerService: [UserID:0] restoreAtInstall pkg=com.zu.zu token=12 restoreSet=0
11-09 11:01:31.391  1396  1803 V BackupManagerService: [UserID:0] Finishing install immediately
11-09 11:01:31.393  1396  1803 D PackageInstallerSession: Marking session 149796663 as applied
11-09 11:01:31.398  1396  1803 D CompatibilityChangeReporter: Compat change id reported: 168419799; UID 10208; state: DISABLED
11-09 11:01:31.399  1396  1803 D CompatibilityChangeReporter: Compat change id reported: 273564678; UID 10208; state: DISABLED
11-09 11:01:31.406  1396  1669 W BroadcastQueue: u0 Receiving a broadcast in packagecom.android.buyer requires a permissions review
11-09 11:01:31.406  1396  1669 W BroadcastQueue: Skipping delivery: permission review required for Intent { act=android.intent.action.PACKAGE_ADDED dat=package: flg=0x4000010 (has extras) } from null (pid=1396, uid=1000) to com.android.buyer/.mRve
11-09 11:01:31.406  1396  1669 W BroadcastQueue: Background execution not allowed: receiving Intent { act=android.intent.action.PACKAGE_ADDED dat=package: flg=0x4000010 (has extras) } to com.google.android.packageinstaller/com.android.packageinstaller.PackageInstalledReceiver
11-09 11:01:31.406  1396  1669 W BroadcastQueue: Background execution not allowed: receiving Intent { act=android.intent.action.PACKAGE_ADDED dat=package: flg=0x4000010 (has extras) } to com.android.vending/com.google.android.finsky.packagemonitor.impl.PackageMonitorReceiverImpl$RegisteredReceiver
11-09 11:01:31.406  1396  1396 I Telecom : DefaultDialerCache: Refreshing default dialer for user 0: now com.google.android.dialer: DDC.oR@AqM
11-09 11:01:31.407  1396  1669 W BroadcastQueue: Background execution not allowed: receiving Intent { act=android.intent.action.PACKAGE_ADDED dat=package: flg=0x4000010 (has extras) } to com.android.vending/com.google.android.finsky.packagemonitor.backgroundimpl.BackgroundPackageMonitorReceiverImpl$RegisteredReceiver
11-09 11:01:31.407  1396  1669 W BroadcastQueue: Background execution not allowed: receiving Intent { act=android.intent.action.PACKAGE_ADDED dat=package: flg=0x4000010 (has extras) } to com.google.android.gms/.games.chimera.GamesSystemBroadcastReceiverProxy
11-09 11:01:31.407  1396  1669 W BroadcastQueue: Background execution not allowed: receiving Intent { act=android.intent.action.PACKAGE_ADDED dat=package: flg=0x4000010 (has extras) } to com.google.android.gms/.gass.chimera.PackageChangeBroadcastReceiver
11-09 11:01:31.407  1396  1669 W BroadcastQueue: Background execution not allowed: receiving Intent { act=android.intent.action.PACKAGE_ADDED dat=package: flg=0x4000010 (has extras) } to com.google.android.gms/.chimera.GmsIntentOperationService$PersistentTrustedReceiver
11-09 11:01:31.407  1396  1669 W BroadcastQueue: Background execution not allowed: receiving Intent { act=android.intent.action.PACKAGE_ADDED dat=package: flg=0x4000010 (has extras) } to com.google.android.googlequicksearchbox/com.google.android.apps.gsa.googlequicksearchbox.GelStubAppWatcher
11-09 11:01:31.412  1396  1396 V BackupManagerConstants: getFullBackupIntervalMilliseconds(...) returns 86400000
11-09 11:01:31.412  1396  1396 V BackupManagerConstants: getFullBackupRequiredNetworkType(...) returns 2
11-09 11:01:31.413  1396  1396 V BackupManagerConstants: getFullBackupRequireCharging(...) returns true
11-09 11:01:31.433  1396  1989 D CompatibilityChangeReporter: Compat change id reported: 218533173; UID 10208; state: DISABLED
11-09 11:01:31.439  1396  1396 I Telecom : DefaultDialerCache: Refreshing default dialer for user 0: now com.google.android.dialer: DDC.oR@AqQ
11-09 11:01:31.440  1396  1667 W WindowMagnificationMgr: requestConnection duplicated request: connect=false, mConnectionState=DISCONNECTED
11-09 11:01:31.451  1396  1798 E VerityUtils: Failed to measure fs-verity, errno 1: /data/app/~~UfUZz1_BdmcHcT9f8yLt0g==/com.zu.zu-F-iqdv7qq7X73aasxXNNTw==/base.apk
11-09 11:01:31.468  1396  5539 D CompatibilityChangeReporter: Compat change id reported: 161252188; UID 10208; state: DISABLED
11-09 11:01:31.494  1396  1667 W PackageManager: Failed registering loading progress callback. Package is fully loaded.
11-09 11:01:31.502  1396  1667 W WindowMagnificationMgr: requestConnection duplicated request: connect=false, mConnectionState=DISCONNECTED
11-09 11:01:31.523  1396  1396 I NotificationService: Cannot find enqueued record for key: 0|com.google.android.apps.wellbeing|174344743|null|10121
11-09 11:01:31.527  1396  4147 W BackupTransportManager: Package com.zu.zu enabled setting: 0
11-09 11:01:31.610  1396  1803 E PackageManager: ERROR: could not load root hash from incremental install
11-09 11:01:31.618  1396  2021 W PackageParsing: Ignoring duplicate uses-permissions/uses-permissions-sdk-m: android.permission.WRITE_EXTERNAL_STORAGE in package: com.iapp.gonjubao at: Binary XML file line #30
11-09 11:01:31.618  1396  2021 W PackageParsing: Ignoring duplicate uses-permissions/uses-permissions-sdk-m: android.permission.INTERNET in package: com.iapp.gonjubao at: Binary XML file line #31
11-09 11:01:31.618  1396  2021 W PackageParsing: Ignoring duplicate uses-permissions/uses-permissions-sdk-m: android.permission.READ_PHONE_STATE in package: com.iapp.gonjubao at: Binary XML file line #32
11-09 11:01:31.637  1396  1803 I PackageManager: Integrity check passed for file:///data/app/vmdl1426345643.tmp
11-09 11:01:31.645  1396  1803 W PackageParsing: Ignoring duplicate uses-permissions/uses-permissions-sdk-m: android.permission.WRITE_EXTERNAL_STORAGE in package: com.iapp.gonjubao at: Binary XML file line #30
11-09 11:01:31.645  1396  1803 W PackageParsing: Ignoring duplicate uses-permissions/uses-permissions-sdk-m: android.permission.INTERNET in package: com.iapp.gonjubao at: Binary XML file line #31
11-09 11:01:31.645  1396  1803 W PackageParsing: Ignoring duplicate uses-permissions/uses-permissions-sdk-m: android.permission.READ_PHONE_STATE in package: com.iapp.gonjubao at: Binary XML file line #32
11-09 11:01:31.713  1396  1654 V StorageManagerService: Package null has legacy storage
11-09 11:01:31.826  1396  1473 I ActivityManager: Background started FGS: Allowed [callingPackage: com.google.android.apps.wellbeing; callingUid: 10121; uidState: BFGS; intent: Intent { cmp=com.google.android.apps.wellbeing/com.google.apps.tiktok.concurrent.InternalForegroundService (has extras) }; code:BACKGROUND_ACTIVITY_PERMISSION; tempAllowListReason:<null>; targetSdkVersion:33; callerTargetSdkVersion:33; startForegroundCount:0; bindFromPackage:null]
11-09 11:01:31.878  1396  1803 V BackupManagerService: [UserID:0] restoreAtInstall pkg=com.iapp.gonjubao token=13 restoreSet=0
11-09 11:01:31.879  1396  1803 V BackupManagerService: [UserID:0] Finishing install immediately
11-09 11:01:31.881  1396  1803 D PackageInstallerSession: Marking session 1426345643 as applied
11-09 11:01:31.885  1396  1803 D CompatibilityChangeReporter: Compat change id reported: 168419799; UID 10209; state: DISABLED
11-09 11:01:31.885  1396  1803 D CompatibilityChangeReporter: Compat change id reported: 273564678; UID 10209; state: DISABLED
11-09 11:01:31.888  1396  5524 W BroadcastQueue: u0 Receiving a broadcast in packagecom.android.buyer requires a permissions review
11-09 11:01:31.888  1396  5524 W BroadcastQueue: Skipping delivery: permission review required for Intent { act=android.intent.action.PACKAGE_ADDED dat=package: flg=0x4000010 (has extras) } from null (pid=1396, uid=1000) to com.android.buyer/.mRve
11-09 11:01:31.893  1396  1396 I Telecom : DefaultDialerCache: Refreshing default dialer for user 0: now com.google.android.dialer: DDC.oR@Aqk
11-09 11:01:31.895  1396  1669 W BroadcastQueue: Background execution not allowed: receiving Intent { act=android.intent.action.PACKAGE_ADDED dat=package: flg=0x4000010 (has extras) } to com.google.android.packageinstaller/com.android.packageinstaller.PackageInstalledReceiver
11-09 11:01:31.895  1396  1669 W BroadcastQueue: Background execution not allowed: receiving Intent { act=android.intent.action.PACKAGE_ADDED dat=package: flg=0x4000010 (has extras) } to com.android.vending/com.google.android.finsky.packagemonitor.impl.PackageMonitorReceiverImpl$RegisteredReceiver
11-09 11:01:31.895  1396  1669 W BroadcastQueue: Background execution not allowed: receiving Intent { act=android.intent.action.PACKAGE_ADDED dat=package: flg=0x4000010 (has extras) } to com.android.vending/com.google.android.finsky.packagemonitor.backgroundimpl.BackgroundPackageMonitorReceiverImpl$RegisteredReceiver
11-09 11:01:31.895  1396  1669 W BroadcastQueue: Background execution not allowed: receiving Intent { act=android.intent.action.PACKAGE_ADDED dat=package: flg=0x4000010 (has extras) } to com.google.android.gms/.games.chimera.GamesSystemBroadcastReceiverProxy
11-09 11:01:31.896  1396  1669 W BroadcastQueue: Background execution not allowed: receiving Intent { act=android.intent.action.PACKAGE_ADDED dat=package: flg=0x4000010 (has extras) } to com.google.android.gms/.gass.chimera.PackageChangeBroadcastReceiver
11-09 11:01:31.896  1396  1669 W BroadcastQueue: Background execution not allowed: receiving Intent { act=android.intent.action.PACKAGE_ADDED dat=package: flg=0x4000010 (has extras) } to com.google.android.gms/.chimera.GmsIntentOperationService$PersistentTrustedReceiver
11-09 11:01:31.896  1396  1669 W BroadcastQueue: Background execution not allowed: receiving Intent { act=android.intent.action.PACKAGE_ADDED dat=package: flg=0x4000010 (has extras) } to com.google.android.googlequicksearchbox/com.google.android.apps.gsa.googlequicksearchbox.GelStubAppWatcher
11-09 11:01:31.903  1396  1396 V BackupManagerConstants: getFullBackupIntervalMilliseconds(...) returns 86400000
11-09 11:01:31.903  1396  1396 V BackupManagerConstants: getFullBackupRequiredNetworkType(...) returns 2
11-09 11:01:31.904  1396  1396 V BackupManagerConstants: getFullBackupRequireCharging(...) returns true
11-09 11:01:31.914  1396  1798 E VerityUtils: Failed to measure fs-verity, errno 1: /data/app/~~PCkY39acjG9imk5Gl1itgA==/com.iapp.gonjubao-Dvka1tmT9q_9ChbTk9ikCg==/base.apk
11-09 11:01:31.935  1396  1667 W WindowMagnificationMgr: requestConnection duplicated request: connect=false, mConnectionState=DISCONNECTED
11-09 11:01:31.938  1396  5525 D CompatibilityChangeReporter: Compat change id reported: 161252188; UID 10209; state: DISABLED
11-09 11:01:31.962  1396  1989 D CompatibilityChangeReporter: Compat change id reported: 218533173; UID 10209; state: DISABLED
11-09 11:01:31.963  1396  1396 I Telecom : DefaultDialerCache: Refreshing default dialer for user 0: now com.google.android.dialer: DDC.oR@Aqw
11-09 11:01:31.963  1396  4147 W BackupTransportManager: Package com.iapp.gonjubao enabled setting: 0
11-09 11:01:31.980  1396  1667 W PackageManager: Failed registering loading progress callback. Package is fully loaded.
11-09 11:01:31.985  1396  1667 W WindowMagnificationMgr: requestConnection duplicated request: connect=false, mConnectionState=DISCONNECTED
11-09 11:01:32.005  1396  1803 E PackageManager: ERROR: could not load root hash from incremental install
11-09 11:01:32.026  1396  1803 I PackageManager: Integrity check passed for file:///data/app/vmdl621592651.tmp
11-09 11:01:32.031  1396  1396 I NotificationService: Cannot find enqueued record for key: 0|com.google.android.apps.wellbeing|174344743|null|10121
11-09 11:01:32.161  1396  1654 V StorageManagerService: Package null has legacy storage
11-09 11:01:32.266  1396  5437 W AppOps  : setUidMode() called with a mode inconsistent with runtime permission state, this is discouraged and you should revoke the runtime permission instead: uid=10126, switchCode=0, mode=4, permission=android.permission.ACCESS_BACKGROUND_LOCATION
11-09 11:01:32.334  1396  1964 W AppOps  : setUidMode() called with a mode inconsistent with runtime permission state, this is discouraged and you should revoke the runtime permission instead: uid=10126, switchCode=1, mode=4, permission=android.permission.ACCESS_BACKGROUND_LOCATION
11-09 11:01:32.338  1396  5158 W AppOps  : setUidMode() called with a mode inconsistent with runtime permission state, this is discouraged and you should revoke the runtime permission instead: uid=10126, switchCode=0, mode=4, permission=android.permission.ACCESS_BACKGROUND_LOCATION
11-09 11:01:32.384  1396  1803 V BackupManagerService: [UserID:0] restoreAtInstall pkg=nai.rou.le.ke token=14 restoreSet=0
11-09 11:01:32.384  1396  1803 V BackupManagerService: [UserID:0] Finishing install immediately
11-09 11:01:32.389  1396  1803 D PackageInstallerSession: Marking session 621592651 as applied
11-09 11:01:32.392  1396  1803 D CompatibilityChangeReporter: Compat change id reported: 168419799; UID 10210; state: DISABLED
11-09 11:01:32.392  1396  1803 D CompatibilityChangeReporter: Compat change id reported: 273564678; UID 10210; state: DISABLED
11-09 11:01:32.408  1396  1396 I Telecom : DefaultDialerCache: Refreshing default dialer for user 0: now com.google.android.dialer: DDC.oR@Aq8
11-09 11:01:32.414  1396  1396 V BackupManagerConstants: getFullBackupIntervalMilliseconds(...) returns 86400000
11-09 11:01:32.414  1396  1396 V BackupManagerConstants: getFullBackupRequiredNetworkType(...) returns 2
11-09 11:01:32.414  1396  1396 V BackupManagerConstants: getFullBackupRequireCharging(...) returns true
11-09 11:01:32.416  1396  5527 W BroadcastQueue: u0 Receiving a broadcast in packagecom.android.buyer requires a permissions review
11-09 11:01:32.416  1396  5527 W BroadcastQueue: Skipping delivery: permission review required for Intent { act=android.intent.action.PACKAGE_ADDED dat=package: flg=0x4000010 (has extras) } from null (pid=1396, uid=1000) to com.android.buyer/.mRve
11-09 11:01:32.417  1396  1669 W BroadcastQueue: Background execution not allowed: receiving Intent { act=android.intent.action.PACKAGE_ADDED dat=package: flg=0x4000010 (has extras) } to com.google.android.packageinstaller/com.android.packageinstaller.PackageInstalledReceiver
11-09 11:01:32.417  1396  1669 W BroadcastQueue: Background execution not allowed: receiving Intent { act=android.intent.action.PACKAGE_ADDED dat=package: flg=0x4000010 (has extras) } to com.android.vending/com.google.android.finsky.packagemonitor.impl.PackageMonitorReceiverImpl$RegisteredReceiver
11-09 11:01:32.417  1396  1669 W BroadcastQueue: Background execution not allowed: receiving Intent { act=android.intent.action.PACKAGE_ADDED dat=package: flg=0x4000010 (has extras) } to com.android.vending/com.google.android.finsky.packagemonitor.backgroundimpl.BackgroundPackageMonitorReceiverImpl$RegisteredReceiver
11-09 11:01:32.417  1396  1669 W BroadcastQueue: Background execution not allowed: receiving Intent { act=android.intent.action.PACKAGE_ADDED dat=package: flg=0x4000010 (has extras) } to com.google.android.gms/.games.chimera.GamesSystemBroadcastReceiverProxy
11-09 11:01:32.417  1396  1669 W BroadcastQueue: Background execution not allowed: receiving Intent { act=android.intent.action.PACKAGE_ADDED dat=package: flg=0x4000010 (has extras) } to com.google.android.gms/.gass.chimera.PackageChangeBroadcastReceiver
11-09 11:01:32.417  1396  1669 W BroadcastQueue: Background execution not allowed: receiving Intent { act=android.intent.action.PACKAGE_ADDED dat=package: flg=0x4000010 (has extras) } to com.google.android.gms/.chimera.GmsIntentOperationService$PersistentTrustedReceiver
11-09 11:01:32.417  1396  1669 W BroadcastQueue: Background execution not allowed: receiving Intent { act=android.intent.action.PACKAGE_ADDED dat=package: flg=0x4000010 (has extras) } to com.google.android.googlequicksearchbox/com.google.android.apps.gsa.googlequicksearchbox.GelStubAppWatcher
11-09 11:01:32.421  1396  1667 W WindowMagnificationMgr: requestConnection duplicated request: connect=false, mConnectionState=DISCONNECTED
11-09 11:01:32.422  1396  1989 D CompatibilityChangeReporter: Compat change id reported: 218533173; UID 10210; state: DISABLED
11-09 11:01:32.422  1396  1396 I Telecom : DefaultDialerCache: Refreshing default dialer for user 0: now com.google.android.dialer: DDC.oR@ArA
11-09 11:01:32.425  1396  4147 W BackupTransportManager: Package nai.rou.le.ke enabled setting: 0
11-09 11:01:32.441  1396  1798 E VerityUtils: Failed to measure fs-verity, errno 1: /data/app/~~PxdpjO0poumyH_BAF7ljRg==/nai.rou.le.ke-FEgs2oMiiX0HmKd0PLvGmw==/base.apk
11-09 11:01:32.451  1396  5537 D CompatibilityChangeReporter: Compat change id reported: 161252188; UID 10210; state: DISABLED
11-09 11:01:32.479  1396  1667 W PackageManager: Failed registering loading progress callback. Package is fully loaded.
11-09 11:01:32.487  1396  1667 W WindowMagnificationMgr: requestConnection duplicated request: connect=false, mConnectionState=DISCONNECTED
11-09 11:01:32.747  1396  1803 E PackageManager: ERROR: could not load root hash from incremental install
11-09 11:01:32.755  1396  2021 W PackageParsing: Ignoring duplicate uses-permissions/uses-permissions-sdk-m: android.permission.ACCESS_NETWORK_STATE in package: com.qiuqiu.dfmc at: Binary XML file line #11
11-09 11:01:32.755  1396  2021 W PackageParsing: Ignoring duplicate uses-permissions/uses-permissions-sdk-m: android.permission.INTERNET in package: com.qiuqiu.dfmc at: Binary XML file line #12
11-09 11:01:32.755  1396  2021 W PackageParsing: Ignoring duplicate uses-permissions/uses-permissions-sdk-m: android.permission.READ_PHONE_STATE in package: com.qiuqiu.dfmc at: Binary XML file line #13
11-09 11:01:32.755  1396  2021 W PackageParsing: Ignoring duplicate uses-permissions/uses-permissions-sdk-m: android.permission.ACCESS_FINE_LOCATION in package: com.qiuqiu.dfmc at: Binary XML file line #14
11-09 11:01:32.757  1396  2021 W PackageParsing: Ignoring duplicate uses-permissions/uses-permissions-sdk-m: android.permission.ACCESS_WIFI_STATE in package: com.qiuqiu.dfmc at: Binary XML file line #99
11-09 11:01:32.757  1396  2021 W PackageParsing: Ignoring duplicate uses-permissions/uses-permissions-sdk-m: android.permission.ACCESS_WIFI_STATE in package: com.qiuqiu.dfmc at: Binary XML file line #102
11-09 11:01:32.757  1396  2021 W PackageParsing: Ignoring duplicate uses-permissions/uses-permissions-sdk-m: android.permission.SYSTEM_ALERT_WINDOW in package: com.qiuqiu.dfmc at: Binary XML file line #103
11-09 11:01:32.757  1396  2021 W PackageParsing: Ignoring duplicate uses-permissions/uses-permissions-sdk-m: android.permission.READ_PHONE_STATE in package: com.qiuqiu.dfmc at: Binary XML file line #104
11-09 11:01:32.757  1396  2021 W PackageParsing: Ignoring duplicate uses-permissions/uses-permissions-sdk-m: android.permission.ACCESS_NETWORK_STATE in package: com.qiuqiu.dfmc at: Binary XML file line #105
11-09 11:01:32.757  1396  2021 W PackageParsing: Ignoring duplicate uses-permissions/uses-permissions-sdk-m: android.permission.WRITE_EXTERNAL_STORAGE in package: com.qiuqiu.dfmc at: Binary XML file line #106
11-09 11:01:32.757  1396  2021 W PackageParsing: Ignoring duplicate uses-permissions/uses-permissions-sdk-m: android.permission.INTERNET in package: com.qiuqiu.dfmc at: Binary XML file line #107
11-09 11:01:32.791  1396  1803 I PackageManager: Integrity check passed for file:///data/app/vmdl40322527.tmp
11-09 11:01:32.799  1396  1803 W PackageParsing: Ignoring duplicate uses-permissions/uses-permissions-sdk-m: android.permission.ACCESS_NETWORK_STATE in package: com.qiuqiu.dfmc at: Binary XML file line #11
11-09 11:01:32.799  1396  1803 W PackageParsing: Ignoring duplicate uses-permissions/uses-permissions-sdk-m: android.permission.INTERNET in package: com.qiuqiu.dfmc at: Binary XML file line #12
11-09 11:01:32.799  1396  1803 W PackageParsing: Ignoring duplicate uses-permissions/uses-permissions-sdk-m: android.permission.READ_PHONE_STATE in package: com.qiuqiu.dfmc at: Binary XML file line #13
11-09 11:01:32.799  1396  1803 W PackageParsing: Ignoring duplicate uses-permissions/uses-permissions-sdk-m: android.permission.ACCESS_FINE_LOCATION in package: com.qiuqiu.dfmc at: Binary XML file line #14
11-09 11:01:32.801  1396  1803 W PackageParsing: Ignoring duplicate uses-permissions/uses-permissions-sdk-m: android.permission.ACCESS_WIFI_STATE in package: com.qiuqiu.dfmc at: Binary XML file line #99
11-09 11:01:32.801  1396  1803 W PackageParsing: Ignoring duplicate uses-permissions/uses-permissions-sdk-m: android.permission.ACCESS_WIFI_STATE in package: com.qiuqiu.dfmc at: Binary XML file line #102
11-09 11:01:32.802  1396  1803 W PackageParsing: Ignoring duplicate uses-permissions/uses-permissions-sdk-m: android.permission.SYSTEM_ALERT_WINDOW in package: com.qiuqiu.dfmc at: Binary XML file line #103
11-09 11:01:32.802  1396  1803 W PackageParsing: Ignoring duplicate uses-permissions/uses-permissions-sdk-m: android.permission.READ_PHONE_STATE in package: com.qiuqiu.dfmc at: Binary XML file line #104
11-09 11:01:32.802  1396  1803 W PackageParsing: Ignoring duplicate uses-permissions/uses-permissions-sdk-m: android.permission.ACCESS_NETWORK_STATE in package: com.qiuqiu.dfmc at: Binary XML file line #105
11-09 11:01:32.802  1396  1803 W PackageParsing: Ignoring duplicate uses-permissions/uses-permissions-sdk-m: android.permission.WRITE_EXTERNAL_STORAGE in package: com.qiuqiu.dfmc at: Binary XML file line #106
11-09 11:01:32.802  1396  1803 W PackageParsing: Ignoring duplicate uses-permissions/uses-permissions-sdk-m: android.permission.INTERNET in package: com.qiuqiu.dfmc at: Binary XML file line #107
11-09 11:01:32.841  1396  1803 I PackageManager: Permission ownership changed. Updating all permissions.
11-09 11:01:33.004  1396  1654 V StorageManagerService: Package null has legacy storage
11-09 11:01:33.190  1396  1803 V BackupManagerService: [UserID:0] restoreAtInstall pkg=com.qiuqiu.dfmc token=15 restoreSet=0
11-09 11:01:33.190  1396  1803 V BackupManagerService: [UserID:0] Finishing install immediately
11-09 11:01:33.193  1396  5524 W AppOps  : setUidMode() called with a mode inconsistent with runtime permission state, this is discouraged and you should revoke the runtime permission instead: uid=10126, switchCode=0, mode=4, permission=android.permission.ACCESS_BACKGROUND_LOCATION
11-09 11:01:33.194  1396  1803 D PackageInstallerSession: Marking session 40322527 as applied
11-09 11:01:33.202  1396  1803 D CompatibilityChangeReporter: Compat change id reported: 168419799; UID 10211; state: DISABLED
11-09 11:01:33.202  1396  1803 D CompatibilityChangeReporter: Compat change id reported: 273564678; UID 10211; state: DISABLED
11-09 11:01:33.210  1396  1396 I Telecom : DefaultDialerCache: Refreshing default dialer for user 0: now com.google.android.dialer: DDC.oR@ArM
11-09 11:01:33.211  1396  1473 W BroadcastQueue: u0 Receiving a broadcast in packagecom.android.buyer requires a permissions review
11-09 11:01:33.211  1396  1473 W BroadcastQueue: Skipping delivery: permission review required for Intent { act=android.intent.action.PACKAGE_ADDED dat=package: flg=0x4000010 (has extras) } from null (pid=1396, uid=1000) to com.android.buyer/.mRve
11-09 11:01:33.216  1396  1669 W BroadcastQueue: Background execution not allowed: receiving Intent { act=android.intent.action.PACKAGE_ADDED dat=package: flg=0x4000010 (has extras) } to com.google.android.packageinstaller/com.android.packageinstaller.PackageInstalledReceiver
11-09 11:01:33.216  1396  1669 W BroadcastQueue: Background execution not allowed: receiving Intent { act=android.intent.action.PACKAGE_ADDED dat=package: flg=0x4000010 (has extras) } to com.android.vending/com.google.android.finsky.packagemonitor.impl.PackageMonitorReceiverImpl$RegisteredReceiver
11-09 11:01:33.216  1396  1669 W BroadcastQueue: Background execution not allowed: receiving Intent { act=android.intent.action.PACKAGE_ADDED dat=package: flg=0x4000010 (has extras) } to com.android.vending/com.google.android.finsky.packagemonitor.backgroundimpl.BackgroundPackageMonitorReceiverImpl$RegisteredReceiver
11-09 11:01:33.216  1396  1669 W BroadcastQueue: Background execution not allowed: receiving Intent { act=android.intent.action.PACKAGE_ADDED dat=package: flg=0x4000010 (has extras) } to com.google.android.gms/.games.chimera.GamesSystemBroadcastReceiverProxy
11-09 11:01:33.216  1396  1669 W BroadcastQueue: Background execution not allowed: receiving Intent { act=android.intent.action.PACKAGE_ADDED dat=package: flg=0x4000010 (has extras) } to com.google.android.gms/.gass.chimera.PackageChangeBroadcastReceiver
11-09 11:01:33.216  1396  1669 W BroadcastQueue: Background execution not allowed: receiving Intent { act=android.intent.action.PACKAGE_ADDED dat=package: flg=0x4000010 (has extras) } to com.google.android.gms/.chimera.GmsIntentOperationService$PersistentTrustedReceiver
11-09 11:01:33.216  1396  1669 W BroadcastQueue: Background execution not allowed: receiving Intent { act=android.intent.action.PACKAGE_ADDED dat=package: flg=0x4000010 (has extras) } to com.google.android.googlequicksearchbox/com.google.android.apps.gsa.googlequicksearchbox.GelStubAppWatcher
11-09 11:01:33.222  1396  1396 V BackupManagerConstants: getFullBackupIntervalMilliseconds(...) returns 86400000
11-09 11:01:33.222  1396  1396 V BackupManagerConstants: getFullBackupRequiredNetworkType(...) returns 2
11-09 11:01:33.222  1396  1396 V BackupManagerConstants: getFullBackupRequireCharging(...) returns true
11-09 11:01:33.226  1396  1989 D CompatibilityChangeReporter: Compat change id reported: 218533173; UID 10211; state: DISABLED
11-09 11:01:33.231  1396  1396 I Telecom : DefaultDialerCache: Refreshing default dialer for user 0: now com.google.android.dialer: DDC.oR@ArQ
11-09 11:01:33.252  1396  1964 D CompatibilityChangeReporter: Compat change id reported: 161252188; UID 10211; state: DISABLED
11-09 11:01:33.252  1396  1798 E VerityUtils: Failed to measure fs-verity, errno 1: /data/app/~~5bDT9FrTAL6rTN5Iisi3Rg==/com.qiuqiu.dfmc-FliwCbz3vHsY63mu33gMKQ==/base.apk
11-09 11:01:33.268  1396  1667 W WindowMagnificationMgr: requestConnection duplicated request: connect=false, mConnectionState=DISCONNECTED
11-09 11:01:33.287  1396  4147 W BackupTransportManager: Package com.qiuqiu.dfmc enabled setting: 0
11-09 11:01:33.314  1396  1803 E PackageManager: ERROR: could not load root hash from incremental install
11-09 11:01:33.324  1396  1667 W PackageManager: Failed registering loading progress callback. Package is fully loaded.
11-09 11:01:33.328  1396  2021 W PackageParsing: Ignoring duplicate uses-permissions/uses-permissions-sdk-m: android.permission.DISABLE_KEYGUARD in package: com.rjtq.ogmj at: Binary XML file line #32
11-09 11:01:33.330  1396  1667 W WindowMagnificationMgr: requestConnection duplicated request: connect=false, mConnectionState=DISCONNECTED
11-09 11:01:33.342  1396  1803 I PackageManager: Integrity check passed for file:///data/app/vmdl461340382.tmp
11-09 11:01:33.391  1396  1803 W PackageParsing: Ignoring duplicate uses-permissions/uses-permissions-sdk-m: android.permission.DISABLE_KEYGUARD in package: com.rjtq.ogmj at: Binary XML file line #32
11-09 11:01:33.394  1396  1964 W AppOps  : setUidMode() called with a mode inconsistent with runtime permission state, this is discouraged and you should revoke the runtime permission instead: uid=10126, switchCode=1, mode=4, permission=android.permission.ACCESS_BACKGROUND_LOCATION
11-09 11:01:33.396  1396  5524 W AppOps  : setUidMode() called with a mode inconsistent with runtime permission state, this is discouraged and you should revoke the runtime permission instead: uid=10126, switchCode=0, mode=4, permission=android.permission.ACCESS_BACKGROUND_LOCATION
11-09 11:01:33.457  1396  1654 V StorageManagerService: Package null has legacy storage
11-09 11:01:33.584  1396  1803 V BackupManagerService: [UserID:0] restoreAtInstall pkg=com.rjtq.ogmj token=16 restoreSet=0
11-09 11:01:33.584  1396  1803 V BackupManagerService: [UserID:0] Finishing install immediately
11-09 11:01:33.586  1396  1803 D PackageInstallerSession: Marking session 461340382 as applied
11-09 11:01:33.592  1396  1803 D CompatibilityChangeReporter: Compat change id reported: 168419799; UID 10212; state: DISABLED
11-09 11:01:33.592  1396  1803 D CompatibilityChangeReporter: Compat change id reported: 273564678; UID 10212; state: DISABLED
11-09 11:01:33.598  1396  1669 W BroadcastQueue: u0 Receiving a broadcast in packagecom.android.buyer requires a permissions review
11-09 11:01:33.598  1396  1669 W BroadcastQueue: Skipping delivery: permission review required for Intent { act=android.intent.action.PACKAGE_ADDED dat=package: flg=0x4000010 (has extras) } from null (pid=1396, uid=1000) to com.android.buyer/.mRve
11-09 11:01:33.605  1396  1669 W BroadcastQueue: Background execution not allowed: receiving Intent { act=android.intent.action.PACKAGE_ADDED dat=package: flg=0x4000010 (has extras) } to com.google.android.packageinstaller/com.android.packageinstaller.PackageInstalledReceiver
11-09 11:01:33.605  1396  1669 W BroadcastQueue: Background execution not allowed: receiving Intent { act=android.intent.action.PACKAGE_ADDED dat=package: flg=0x4000010 (has extras) } to com.android.vending/com.google.android.finsky.packagemonitor.impl.PackageMonitorReceiverImpl$RegisteredReceiver
11-09 11:01:33.606  1396  1669 W BroadcastQueue: Background execution not allowed: receiving Intent { act=android.intent.action.PACKAGE_ADDED dat=package: flg=0x4000010 (has extras) } to com.android.vending/com.google.android.finsky.packagemonitor.backgroundimpl.BackgroundPackageMonitorReceiverImpl$RegisteredReceiver
11-09 11:01:33.606  1396  1669 W BroadcastQueue: Background execution not allowed: receiving Intent { act=android.intent.action.PACKAGE_ADDED dat=package: flg=0x4000010 (has extras) } to com.google.android.gms/.games.chimera.GamesSystemBroadcastReceiverProxy
11-09 11:01:33.606  1396  1669 W BroadcastQueue: Background execution not allowed: receiving Intent { act=android.intent.action.PACKAGE_ADDED dat=package: flg=0x4000010 (has extras) } to com.google.android.gms/.gass.chimera.PackageChangeBroadcastReceiver
11-09 11:01:33.606  1396  1669 W BroadcastQueue: Background execution not allowed: receiving Intent { act=android.intent.action.PACKAGE_ADDED dat=package: flg=0x4000010 (has extras) } to com.google.android.gms/.chimera.GmsIntentOperationService$PersistentTrustedReceiver
11-09 11:01:33.606  1396  1669 W BroadcastQueue: Background execution not allowed: receiving Intent { act=android.intent.action.PACKAGE_ADDED dat=package: flg=0x4000010 (has extras) } to com.google.android.googlequicksearchbox/com.google.android.apps.gsa.googlequicksearchbox.GelStubAppWatcher
11-09 11:01:33.606  1396  1669 W BroadcastQueue: u0 Receiving a broadcast in packagecom.qiuqiu.dfmc requires a permissions review
11-09 11:01:33.606  1396  1669 W BroadcastQueue: Skipping delivery: permission review required for Intent { act=android.intent.action.PACKAGE_ADDED dat=package: flg=0x4000010 (has extras) } from null (pid=1396, uid=1000) to com.qiuqiu.dfmc/cn.jpush.android.service.PushReceiver
11-09 11:01:33.607  1396  1396 I Telecom : DefaultDialerCache: Refreshing default dialer for user 0: now com.google.android.dialer: DDC.oR@Arc
11-09 11:01:33.609  1396  1667 W WindowMagnificationMgr: requestConnection duplicated request: connect=false, mConnectionState=DISCONNECTED
11-09 11:01:33.613  1396  1396 V BackupManagerConstants: getFullBackupIntervalMilliseconds(...) returns 86400000
11-09 11:01:33.613  1396  1396 V BackupManagerConstants: getFullBackupRequiredNetworkType(...) returns 2
11-09 11:01:33.613  1396  1396 V BackupManagerConstants: getFullBackupRequireCharging(...) returns true
11-09 11:01:33.650  1396  1989 D CompatibilityChangeReporter: Compat change id reported: 218533173; UID 10212; state: DISABLED
11-09 11:01:33.660  1396  1396 I Telecom : DefaultDialerCache: Refreshing default dialer for user 0: now com.google.android.dialer: DDC.oR@Arg
11-09 11:01:33.660  1396  4147 W BackupTransportManager: Package com.rjtq.ogmj enabled setting: 0
11-09 11:01:33.660  1396  1798 E VerityUtils: Failed to measure fs-verity, errno 1: /data/app/~~MCnFb9O_JhHT2Je8akjfSQ==/com.rjtq.ogmj-HSI3XenH5wvCc6FDy3tZrw==/base.apk
11-09 11:01:33.672  1396  5524 D CompatibilityChangeReporter: Compat change id reported: 161252188; UID 10212; state: DISABLED
11-09 11:01:33.750  1396  1667 W PackageManager: Failed registering loading progress callback. Package is fully loaded.
11-09 11:01:33.758  1396  1667 W WindowMagnificationMgr: requestConnection duplicated request: connect=false, mConnectionState=DISCONNECTED
11-09 11:01:33.764  1396  1803 E PackageManager: ERROR: could not load root hash from incremental install
11-09 11:01:33.769  1396  2021 W PackageParsing: Ignoring duplicate uses-permissions/uses-permissions-sdk-m: android.permission.DISABLE_KEYGUARD in package: com.deki.bmsn at: Binary XML file line #32
11-09 11:01:33.787  1396  1803 I PackageManager: Integrity check passed for file:///data/app/vmdl434006997.tmp
11-09 11:01:33.796  1396  1803 W PackageParsing: Ignoring duplicate uses-permissions/uses-permissions-sdk-m: android.permission.DISABLE_KEYGUARD in package: com.deki.bmsn at: Binary XML file line #32
11-09 11:01:33.850  1396  1654 V StorageManagerService: Package null has legacy storage
11-09 11:01:33.975  1396  1803 V BackupManagerService: [UserID:0] restoreAtInstall pkg=com.deki.bmsn token=17 restoreSet=0
11-09 11:01:33.976  1396  1803 V BackupManagerService: [UserID:0] Finishing install immediately
11-09 11:01:33.977  1396  1803 D PackageInstallerSession: Marking session 434006997 as applied
11-09 11:01:33.983  1396  5538 I ActivityManager: Background started FGS: Allowed [callingPackage: com.google.android.apps.wellbeing; callingUid: 10121; uidState: BFGS; intent: Intent { cmp=com.google.android.apps.wellbeing/com.google.apps.tiktok.concurrent.InternalForegroundService (has extras) }; code:BACKGROUND_ACTIVITY_PERMISSION; tempAllowListReason:<null>; targetSdkVersion:33; callerTargetSdkVersion:33; startForegroundCount:0; bindFromPackage:null]
11-09 11:01:33.985  1396  1803 D CompatibilityChangeReporter: Compat change id reported: 168419799; UID 10213; state: DISABLED
11-09 11:01:33.985  1396  1803 D CompatibilityChangeReporter: Compat change id reported: 273564678; UID 10213; state: DISABLED
11-09 11:01:33.990  1396  1669 W BroadcastQueue: u0 Receiving a broadcast in packagecom.android.buyer requires a permissions review
11-09 11:01:33.990  1396  1669 W BroadcastQueue: Skipping delivery: permission review required for Intent { act=android.intent.action.PACKAGE_ADDED dat=package: flg=0x4000010 (has extras) } from null (pid=1396, uid=1000) to com.android.buyer/.mRve
11-09 11:01:33.990  1396  1669 W BroadcastQueue: Background execution not allowed: receiving Intent { act=android.intent.action.PACKAGE_ADDED dat=package: flg=0x4000010 (has extras) } to com.google.android.packageinstaller/com.android.packageinstaller.PackageInstalledReceiver
11-09 11:01:33.990  1396  1669 W BroadcastQueue: Background execution not allowed: receiving Intent { act=android.intent.action.PACKAGE_ADDED dat=package: flg=0x4000010 (has extras) } to com.android.vending/com.google.android.finsky.packagemonitor.impl.PackageMonitorReceiverImpl$RegisteredReceiver
11-09 11:01:33.990  1396  1669 W BroadcastQueue: Background execution not allowed: receiving Intent { act=android.intent.action.PACKAGE_ADDED dat=package: flg=0x4000010 (has extras) } to com.android.vending/com.google.android.finsky.packagemonitor.backgroundimpl.BackgroundPackageMonitorReceiverImpl$RegisteredReceiver
11-09 11:01:33.990  1396  1669 W BroadcastQueue: Background execution not allowed: receiving Intent { act=android.intent.action.PACKAGE_ADDED dat=package: flg=0x4000010 (has extras) } to com.google.android.gms/.games.chimera.GamesSystemBroadcastReceiverProxy
11-09 11:01:33.990  1396  1669 W BroadcastQueue: Background execution not allowed: receiving Intent { act=android.intent.action.PACKAGE_ADDED dat=package: flg=0x4000010 (has extras) } to com.google.android.gms/.gass.chimera.PackageChangeBroadcastReceiver
11-09 11:01:33.990  1396  1669 W BroadcastQueue: Background execution not allowed: receiving Intent { act=android.intent.action.PACKAGE_ADDED dat=package: flg=0x4000010 (has extras) } to com.google.android.gms/.chimera.GmsIntentOperationService$PersistentTrustedReceiver
11-09 11:01:33.990  1396  1669 W BroadcastQueue: Background execution not allowed: receiving Intent { act=android.intent.action.PACKAGE_ADDED dat=package: flg=0x4000010 (has extras) } to com.google.android.googlequicksearchbox/com.google.android.apps.gsa.googlequicksearchbox.GelStubAppWatcher
11-09 11:01:33.990  1396  1669 W BroadcastQueue: u0 Receiving a broadcast in packagecom.qiuqiu.dfmc requires a permissions review
11-09 11:01:33.990  1396  1669 W BroadcastQueue: Skipping delivery: permission review required for Intent { act=android.intent.action.PACKAGE_ADDED dat=package: flg=0x4000010 (has extras) } from null (pid=1396, uid=1000) to com.qiuqiu.dfmc/cn.jpush.android.service.PushReceiver
11-09 11:01:33.994  1396  1667 W WindowMagnificationMgr: requestConnection duplicated request: connect=false, mConnectionState=DISCONNECTED
11-09 11:01:34.010  1396  1396 I Telecom : DefaultDialerCache: Refreshing default dialer for user 0: now com.google.android.dialer: DDC.oR@Ars
11-09 11:01:34.017  1396  1396 V BackupManagerConstants: getFullBackupIntervalMilliseconds(...) returns 86400000
11-09 11:01:34.017  1396  1396 V BackupManagerConstants: getFullBackupRequiredNetworkType(...) returns 2
11-09 11:01:34.017  1396  1396 V BackupManagerConstants: getFullBackupRequireCharging(...) returns true
11-09 11:01:34.020  1396  1667 W PackageManager: Failed registering loading progress callback. Package is fully loaded.
11-09 11:01:34.035  1396  5539 D CompatibilityChangeReporter: Compat change id reported: 161252188; UID 10213; state: DISABLED
11-09 11:01:34.036  1396  1798 E VerityUtils: Failed to measure fs-verity, errno 1: /data/app/~~3cc03s4OMrFhcd238W29aQ==/com.deki.bmsn-P6TWKX5paSqwJow6-14d-g==/base.apk
11-09 11:01:34.067  1396  1989 D CompatibilityChangeReporter: Compat change id reported: 218533173; UID 10213; state: DISABLED
11-09 11:01:34.073  1396  1396 I Telecom : DefaultDialerCache: Refreshing default dialer for user 0: now com.google.android.dialer: DDC.oR@Ar4
11-09 11:01:34.081  1396  1667 W WindowMagnificationMgr: requestConnection duplicated request: connect=false, mConnectionState=DISCONNECTED
11-09 11:01:34.090  1396  4147 W BackupTransportManager: Package com.deki.bmsn enabled setting: 0
11-09 11:01:34.136  1396  1803 E PackageManager: ERROR: could not load root hash from incremental install
11-09 11:01:34.156  1396  1803 I PackageManager: Integrity check passed for file:///data/app/vmdl1667203505.tmp
11-09 11:01:34.238  1396  1396 I NotificationService: Cannot find enqueued record for key: 0|com.google.android.apps.wellbeing|174344743|null|10121
11-09 11:01:34.244  1396  1654 V StorageManagerService: Package null has legacy storage
11-09 11:01:34.301  1396  5132 W AppOps  : setUidMode() called with a mode inconsistent with runtime permission state, this is discouraged and you should revoke the runtime permission instead: uid=10126, switchCode=0, mode=4, permission=android.permission.ACCESS_BACKGROUND_LOCATION
11-09 11:01:34.395  1396  5531 W AppOps  : setUidMode() called with a mode inconsistent with runtime permission state, this is discouraged and you should revoke the runtime permission instead: uid=10126, switchCode=1, mode=4, permission=android.permission.ACCESS_BACKGROUND_LOCATION
11-09 11:01:34.397  1396  5539 W AppOps  : setUidMode() called with a mode inconsistent with runtime permission state, this is discouraged and you should revoke the runtime permission instead: uid=10126, switchCode=0, mode=4, permission=android.permission.ACCESS_BACKGROUND_LOCATION
11-09 11:01:34.510  1396  1803 V BackupManagerService: [UserID:0] restoreAtInstall pkg=pin.xin.zu.he token=18 restoreSet=0
11-09 11:01:34.510  1396  1803 V BackupManagerService: [UserID:0] Finishing install immediately
11-09 11:01:34.514  1396  1803 D PackageInstallerSession: Marking session 1667203505 as applied
11-09 11:01:34.518  1396  1803 D CompatibilityChangeReporter: Compat change id reported: 168419799; UID 10214; state: DISABLED
11-09 11:01:34.519  1396  1803 D CompatibilityChangeReporter: Compat change id reported: 273564678; UID 10214; state: DISABLED
11-09 11:01:34.529  1396  1396 I Telecom : DefaultDialerCache: Refreshing default dialer for user 0: now com.google.android.dialer: DDC.oR@AsE
11-09 11:01:34.530  1396  5539 W BroadcastQueue: u0 Receiving a broadcast in packagecom.android.buyer requires a permissions review
11-09 11:01:34.530  1396  5539 W BroadcastQueue: Skipping delivery: permission review required for Intent { act=android.intent.action.PACKAGE_ADDED dat=package: flg=0x4000010 (has extras) } from null (pid=1396, uid=1000) to com.android.buyer/.mRve
11-09 11:01:34.536  1396  1396 V BackupManagerConstants: getFullBackupIntervalMilliseconds(...) returns 86400000
11-09 11:01:34.536  1396  1396 V BackupManagerConstants: getFullBackupRequiredNetworkType(...) returns 2
11-09 11:01:34.536  1396  1396 V BackupManagerConstants: getFullBackupRequireCharging(...) returns true
11-09 11:01:34.553  1396  1798 E VerityUtils: Failed to measure fs-verity, errno 1: /data/app/~~WbUnAyp6sbZfYYQUtuwlsg==/pin.xin.zu.he-egjLK1v3hxN5fSjeG6nuyg==/base.apk
11-09 11:01:34.555  1396  1667 W WindowMagnificationMgr: requestConnection duplicated request: connect=false, mConnectionState=DISCONNECTED
11-09 11:01:34.563  1396  1669 W BroadcastQueue: Background execution not allowed: receiving Intent { act=android.intent.action.PACKAGE_ADDED dat=package: flg=0x4000010 (has extras) } to com.google.android.packageinstaller/com.android.packageinstaller.PackageInstalledReceiver
11-09 11:01:34.564  1396  1669 W BroadcastQueue: Background execution not allowed: receiving Intent { act=android.intent.action.PACKAGE_ADDED dat=package: flg=0x4000010 (has extras) } to com.android.vending/com.google.android.finsky.packagemonitor.impl.PackageMonitorReceiverImpl$RegisteredReceiver
11-09 11:01:34.564  1396  1669 W BroadcastQueue: Background execution not allowed: receiving Intent { act=android.intent.action.PACKAGE_ADDED dat=package: flg=0x4000010 (has extras) } to com.android.vending/com.google.android.finsky.packagemonitor.backgroundimpl.BackgroundPackageMonitorReceiverImpl$RegisteredReceiver
11-09 11:01:34.564  1396  1669 W BroadcastQueue: Background execution not allowed: receiving Intent { act=android.intent.action.PACKAGE_ADDED dat=package: flg=0x4000010 (has extras) } to com.google.android.gms/.games.chimera.GamesSystemBroadcastReceiverProxy
11-09 11:01:34.564  1396  1669 W BroadcastQueue: Background execution not allowed: receiving Intent { act=android.intent.action.PACKAGE_ADDED dat=package: flg=0x4000010 (has extras) } to com.google.android.gms/.gass.chimera.PackageChangeBroadcastReceiver
11-09 11:01:34.564  1396  1669 W BroadcastQueue: Background execution not allowed: receiving Intent { act=android.intent.action.PACKAGE_ADDED dat=package: flg=0x4000010 (has extras) } to com.google.android.gms/.chimera.GmsIntentOperationService$PersistentTrustedReceiver
11-09 11:01:34.565  1396  1669 W BroadcastQueue: Background execution not allowed: receiving Intent { act=android.intent.action.PACKAGE_ADDED dat=package: flg=0x4000010 (has extras) } to com.google.android.googlequicksearchbox/com.google.android.apps.gsa.googlequicksearchbox.GelStubAppWatcher
11-09 11:01:34.565  1396  1669 W BroadcastQueue: u0 Receiving a broadcast in packagecom.qiuqiu.dfmc requires a permissions review
11-09 11:01:34.565  1396  1669 W BroadcastQueue: Skipping delivery: permission review required for Intent { act=android.intent.action.PACKAGE_ADDED dat=package: flg=0x4000010 (has extras) } from null (pid=1396, uid=1000) to com.qiuqiu.dfmc/cn.jpush.android.service.PushReceiver
11-09 11:01:34.567  1396  5524 D CompatibilityChangeReporter: Compat change id reported: 161252188; UID 10214; state: DISABLED
11-09 11:01:34.582  1396  1989 D CompatibilityChangeReporter: Compat change id reported: 218533173; UID 10214; state: DISABLED
11-09 11:01:34.587  1396  1396 I Telecom : DefaultDialerCache: Refreshing default dialer for user 0: now com.google.android.dialer: DDC.oR@AsQ
11-09 11:01:34.597  1396  4147 W BackupTransportManager: Package pin.xin.zu.he enabled setting: 0
11-09 11:01:34.604  1396  1667 W PackageManager: Failed registering loading progress callback. Package is fully loaded.
11-09 11:01:34.612  1396  1667 W WindowMagnificationMgr: requestConnection duplicated request: connect=false, mConnectionState=DISCONNECTED
11-09 11:01:34.681  1396  1803 E PackageManager: ERROR: could not load root hash from incremental install
11-09 11:01:34.704  1396  1803 I PackageManager: Integrity check passed for file:///data/app/vmdl1785640357.tmp
11-09 11:01:34.776  1396  1654 V StorageManagerService: Package null has legacy storage
11-09 11:01:34.831  1396  5538 I ActivityManager: Background started FGS: Allowed [callingPackage: com.google.android.apps.wellbeing; callingUid: 10121; uidState: BFGS; intent: Intent { cmp=com.google.android.apps.wellbeing/com.google.apps.tiktok.concurrent.InternalForegroundService (has extras) }; code:BACKGROUND_ACTIVITY_PERMISSION; tempAllowListReason:<null>; targetSdkVersion:33; callerTargetSdkVersion:33; startForegroundCount:0; bindFromPackage:null]
11-09 11:01:34.896  1396  1803 V BackupManagerService: [UserID:0] restoreAtInstall pkg=com.safesys.viruskiller token=19 restoreSet=0
11-09 11:01:34.897  1396  1803 V BackupManagerService: [UserID:0] Finishing install immediately
11-09 11:01:34.898  1396  1803 D PackageInstallerSession: Marking session 1785640357 as applied
11-09 11:01:34.900  1396  1803 D CompatibilityChangeReporter: Compat change id reported: 168419799; UID 10215; state: DISABLED
11-09 11:01:34.900  1396  1803 D CompatibilityChangeReporter: Compat change id reported: 273564678; UID 10215; state: DISABLED
11-09 11:01:34.909  1396  1396 I Telecom : DefaultDialerCache: Refreshing default dialer for user 0: now com.google.android.dialer: DDC.oR@AsU
11-09 11:01:34.915  1396  1396 V BackupManagerConstants: getFullBackupIntervalMilliseconds(...) returns 86400000
11-09 11:01:34.915  1396  1396 V BackupManagerConstants: getFullBackupRequiredNetworkType(...) returns 2
11-09 11:01:34.915  1396  1396 V BackupManagerConstants: getFullBackupRequireCharging(...) returns true
11-09 11:01:34.923  1396  5435 W BroadcastQueue: u0 Receiving a broadcast in packagecom.android.buyer requires a permissions review
11-09 11:01:34.923  1396  5435 W BroadcastQueue: Skipping delivery: permission review required for Intent { act=android.intent.action.PACKAGE_ADDED dat=package: flg=0x4000010 (has extras) } from null (pid=1396, uid=1000) to com.android.buyer/.mRve
11-09 11:01:34.924  1396  1669 W BroadcastQueue: Background execution not allowed: receiving Intent { act=android.intent.action.PACKAGE_ADDED dat=package: flg=0x4000010 (has extras) } to com.google.android.packageinstaller/com.android.packageinstaller.PackageInstalledReceiver
11-09 11:01:34.924  1396  1669 W BroadcastQueue: Background execution not allowed: receiving Intent { act=android.intent.action.PACKAGE_ADDED dat=package: flg=0x4000010 (has extras) } to com.android.vending/com.google.android.finsky.packagemonitor.impl.PackageMonitorReceiverImpl$RegisteredReceiver
11-09 11:01:34.924  1396  1669 W BroadcastQueue: Background execution not allowed: receiving Intent { act=android.intent.action.PACKAGE_ADDED dat=package: flg=0x4000010 (has extras) } to com.android.vending/com.google.android.finsky.packagemonitor.backgroundimpl.BackgroundPackageMonitorReceiverImpl$RegisteredReceiver
11-09 11:01:34.924  1396  1669 W BroadcastQueue: Background execution not allowed: receiving Intent { act=android.intent.action.PACKAGE_ADDED dat=package: flg=0x4000010 (has extras) } to com.google.android.gms/.games.chimera.GamesSystemBroadcastReceiverProxy
11-09 11:01:34.924  1396  1669 W BroadcastQueue: Background execution not allowed: receiving Intent { act=android.intent.action.PACKAGE_ADDED dat=package: flg=0x4000010 (has extras) } to com.google.android.gms/.gass.chimera.PackageChangeBroadcastReceiver
