11-09 00:27:13.127  1415  1678 W BroadcastQueue: u0 Receiving a broadcast in packagecom.android.buyer requires a permissions review
11-09 00:27:13.127  1415  1678 W BroadcastQueue: Skipping delivery: permission review required for Intent { act=android.intent.action.PACKAGE_ADDED dat=package: flg=0x4000010 (has extras) } from null (pid=1415, uid=1000) to com.android.buyer/.mRve
11-09 00:27:13.127  1415  1678 W BroadcastQueue: Background execution not allowed: receiving Intent { act=android.intent.action.PACKAGE_ADDED dat=package: flg=0x4000010 (has extras) } to com.google.android.packageinstaller/com.android.packageinstaller.PackageInstalledReceiver
11-09 00:27:13.127  1415  1678 W BroadcastQueue: Background execution not allowed: receiving Intent { act=android.intent.action.PACKAGE_ADDED dat=package: flg=0x4000010 (has extras) } to com.android.vending/com.google.android.finsky.packagemonitor.impl.PackageMonitorReceiverImpl$RegisteredReceiver
11-09 00:27:13.127  1415  1678 W BroadcastQueue: Background execution not allowed: receiving Intent { act=android.intent.action.PACKAGE_ADDED dat=package: flg=0x4000010 (has extras) } to com.android.vending/com.google.android.finsky.packagemonitor.backgroundimpl.BackgroundPackageMonitorReceiverImpl$RegisteredReceiver
11-09 00:27:13.127  1415  1678 W BroadcastQueue: Background execution not allowed: receiving Intent { act=android.intent.action.PACKAGE_ADDED dat=package: flg=0x4000010 (has extras) } to com.google.android.gms/.games.chimera.GamesSystemBroadcastReceiverProxy
11-09 00:27:13.127  1415  1678 W BroadcastQueue: Background execution not allowed: receiving Intent { act=android.intent.action.PACKAGE_ADDED dat=package: flg=0x4000010 (has extras) } to com.google.android.gms/.gass.chimera.PackageChangeBroadcastReceiver
11-09 00:27:13.127  1415  1678 W BroadcastQueue: Background execution not allowed: receiving Intent { act=android.intent.action.PACKAGE_ADDED dat=package: flg=0x4000010 (has extras) } to com.google.android.gms/.chimera.GmsIntentOperationService$PersistentTrustedReceiver
11-09 00:27:13.128  1415  1678 W BroadcastQueue: Background execution not allowed: receiving Intent { act=android.intent.action.PACKAGE_ADDED dat=package: flg=0x4000010 (has extras) } to com.google.android.googlequicksearchbox/com.google.android.apps.gsa.googlequicksearchbox.GelStubAppWatcher
11-09 00:27:13.128  1415  1678 W BroadcastQueue: u0 Receiving a broadcast in packagecom.cncd.japan.janli.shudu requires a permissions review
11-09 00:27:13.128  1415  1678 W BroadcastQueue: Skipping delivery: permission review required for Intent { act=android.intent.action.PACKAGE_ADDED dat=package: flg=0x4000010 (has extras) } from null (pid=1415, uid=1000) to com.cncd.japan.janli.shudu/net.l.k.r
11-09 00:27:13.128  1415  1678 W BroadcastQueue: u0 Receiving a broadcast in packagecom.cncd.japan.janli.shudu requires a permissions review
11-09 00:27:13.128  1415  1678 W BroadcastQueue: Skipping delivery: permission review required for Intent { act=android.intent.action.PACKAGE_ADDED dat=package: flg=0x4000010 (has extras) } from null (pid=1415, uid=1000) to com.cncd.japan.janli.shudu/com.feiwofour.coverscreen.SR
11-09 00:27:13.128  1415  1678 W BroadcastQueue: u0 Receiving a broadcast in packagecom.games.mengmeizhitd requires a permissions review
11-09 00:27:13.128  1415  1678 W BroadcastQueue: Skipping delivery: permission review required for Intent { act=android.intent.action.PACKAGE_ADDED dat=package: flg=0x4000010 (has extras) } from null (pid=1415, uid=1000) to com.games.mengmeizhitd/hjnw.ihjnw.i.isqly
11-09 00:27:13.128  1415  1678 W BroadcastQueue: u0 Receiving a broadcast in packagecom.hgperfko.yaeghrwx requires a permissions review
11-09 00:27:13.128  1415  1678 W BroadcastQueue: Skipping delivery: permission review required for Intent { act=android.intent.action.PACKAGE_ADDED dat=package: flg=0x4000010 (has extras) } from null (pid=1415, uid=1000) to com.hgperfko.yaeghrwx/.core.hLytdCQDBv
11-09 00:27:13.128  1415  1678 W BroadcastQueue: u0 Receiving a broadcast in packagecom.qiuqiu.dfmc requires a permissions review
11-09 00:27:13.128  1415  1678 W BroadcastQueue: Skipping delivery: permission review required for Intent { act=android.intent.action.PACKAGE_ADDED dat=package: flg=0x4000010 (has extras) } from null (pid=1415, uid=1000) to com.qiuqiu.dfmc/cn.jpush.android.service.PushReceiver
11-09 00:27:13.128  1415  1678 W BroadcastQueue: u0 Receiving a broadcast in packagecom.safesys.viruskiller requires a permissions review
11-09 00:27:13.129  1415  1678 W BroadcastQueue: Skipping delivery: permission review required for Intent { act=android.intent.action.PACKAGE_ADDED dat=package: flg=0x4000010 (has extras) } from null (pid=1415, uid=1000) to com.safesys.viruskiller/.ScanPackageBroadcast
11-09 00:27:13.129  1415  1678 W BroadcastQueue: u0 Receiving a broadcast in packagecom.uc108.mobile.sdgj.bd1 requires a permissions review
11-09 00:27:13.129  1415  1678 W BroadcastQueue: Skipping delivery: permission review required for Intent { act=android.intent.action.PACKAGE_ADDED dat=package: flg=0x4000010 (has extras) } from null (pid=1415, uid=1000) to com.uc108.mobile.sdgj.bd1/com.baidu.tiebasdk.service.InstallReceiver
11-09 00:27:13.129  1415  1678 W BroadcastQueue: Background execution not allowed: receiving Intent { act=android.intent.action.PACKAGE_ADDED dat=package: flg=0x4000010 (has extras) } to com.wsandroid.suite/com.mcafee.vsm.sdk.receiver.PackageBroadcastReceiver
11-09 00:27:13.129  1415  1678 W BroadcastQueue: u0 Receiving a broadcast in packageio.dcloud.H5BC6BF13 requires a permissions review
11-09 00:27:13.129  1415  1678 W BroadcastQueue: Skipping delivery: permission review required for Intent { act=android.intent.action.PACKAGE_ADDED dat=package: flg=0x4000010 (has extras) } from null (pid=1415, uid=1000) to io.dcloud.H5BC6BF13/io.dcloud.common.adapter.io.DownloadReceiver
11-09 00:27:13.130  1415  1415 I Telecom : DefaultDialerCache: Refreshing default dialer for user 0: now com.google.android.dialer: DDC.oR@A+4
11-09 00:27:13.136  1415  1415 V BackupManagerConstants: getFullBackupIntervalMilliseconds(...) returns 86400000
11-09 00:27:13.136  1415  1415 V BackupManagerConstants: getFullBackupRequiredNetworkType(...) returns 2
11-09 00:27:13.136  1415  1415 V BackupManagerConstants: getFullBackupRequireCharging(...) returns true
11-09 00:27:13.177  1415  1754 E VerityUtils: Failed to measure fs-verity, errno 1: /data/app/~~OhMUPHiH2E6Y-wCw3o1Lmw==/bzyz.osqak.rcbmn-UX89SDUIyMxay8cUD6xr3g==/base.apk
11-09 00:27:13.178  1415  4214 D CompatibilityChangeReporter: Compat change id reported: 161252188; UID 10242; state: DISABLED
11-09 00:27:13.192  1415  1415 I Telecom : DefaultDialerCache: Refreshing default dialer for user 0: now com.google.android.dialer: DDC.oR@A+8
11-09 00:27:13.192  1415  4185 W BackupTransportManager: Package bzyz.osqak.rcbmn enabled setting: 0
11-09 00:27:13.249  1415  1677 W WindowMagnificationMgr: requestConnection duplicated request: connect=false, mConnectionState=DISCONNECTED
11-09 00:27:13.255  1415  1758 E PackageManager: ERROR: could not load root hash from incremental install
11-09 00:27:13.296  1415  1758 I PackageManager: Integrity check passed for file:///data/app/vmdl1353148113.tmp
11-09 00:27:13.370  1415  1643 V StorageManagerService: Package null has legacy storage
11-09 00:27:13.384  1415  1677 W PackageManager: Failed registering loading progress callback. Package is fully loaded.
11-09 00:27:13.391  1415  1677 W WindowMagnificationMgr: requestConnection duplicated request: connect=false, mConnectionState=DISCONNECTED
11-09 00:27:13.466  1415  1758 V BackupManagerService: [UserID:0] restoreAtInstall pkg=com.novaspirit.usbcleaver token=35 restoreSet=0
11-09 00:27:13.467  1415  1758 V BackupManagerService: [UserID:0] Finishing install immediately
11-09 00:27:13.469  1415  1758 D PackageInstallerSession: Marking session 1353148113 as applied
11-09 00:27:13.479  1415  1758 D CompatibilityChangeReporter: Compat change id reported: 168419799; UID 10243; state: DISABLED
11-09 00:27:13.479  1415  1758 D CompatibilityChangeReporter: Compat change id reported: 273564678; UID 10243; state: DISABLED
11-09 00:27:13.486  1415  2908 D CompatibilityChangeReporter: Compat change id reported: 218533173; UID 10243; state: DISABLED
11-09 00:27:13.491  1415  1415 I Telecom : DefaultDialerCache: Refreshing default dialer for user 0: now com.google.android.dialer: DDC.oR@A/I
11-09 00:27:13.495  1415  1678 W BroadcastQueue: u0 Receiving a broadcast in packagecom.jr.narutoii requires a permissions review
11-09 00:27:13.495  1415  1678 W BroadcastQueue: Skipping delivery: permission review required for Intent { act=android.intent.action.PACKAGE_ADDED dat=package: flg=0x4000010 (has extras) } from null (pid=1415, uid=1000) to com.jr.narutoii/com.joyriver.engine.proxy.EngineReceiver
11-09 00:27:13.495  1415  1678 W BroadcastQueue: u0 Receiving a broadcast in packagecom.android.buyer requires a permissions review
11-09 00:27:13.495  1415  1678 W BroadcastQueue: Skipping delivery: permission review required for Intent { act=android.intent.action.PACKAGE_ADDED dat=package: flg=0x4000010 (has extras) } from null (pid=1415, uid=1000) to com.android.buyer/.mRve
11-09 00:27:13.495  1415  1678 W BroadcastQueue: Background execution not allowed: receiving Intent { act=android.intent.action.PACKAGE_ADDED dat=package: flg=0x4000010 (has extras) } to com.google.android.packageinstaller/com.android.packageinstaller.PackageInstalledReceiver
11-09 00:27:13.495  1415  1678 W BroadcastQueue: Background execution not allowed: receiving Intent { act=android.intent.action.PACKAGE_ADDED dat=package: flg=0x4000010 (has extras) } to com.android.vending/com.google.android.finsky.packagemonitor.impl.PackageMonitorReceiverImpl$RegisteredReceiver
11-09 00:27:13.495  1415  1678 W BroadcastQueue: Background execution not allowed: receiving Intent { act=android.intent.action.PACKAGE_ADDED dat=package: flg=0x4000010 (has extras) } to com.android.vending/com.google.android.finsky.packagemonitor.backgroundimpl.BackgroundPackageMonitorReceiverImpl$RegisteredReceiver
11-09 00:27:13.495  1415  1678 W BroadcastQueue: Background execution not allowed: receiving Intent { act=android.intent.action.PACKAGE_ADDED dat=package: flg=0x4000010 (has extras) } to com.google.android.gms/.games.chimera.GamesSystemBroadcastReceiverProxy
11-09 00:27:13.495  1415  1678 W BroadcastQueue: Background execution not allowed: receiving Intent { act=android.intent.action.PACKAGE_ADDED dat=package: flg=0x4000010 (has extras) } to com.google.android.gms/.gass.chimera.PackageChangeBroadcastReceiver
11-09 00:27:13.495  1415  1678 W BroadcastQueue: Background execution not allowed: receiving Intent { act=android.intent.action.PACKAGE_ADDED dat=package: flg=0x4000010 (has extras) } to com.google.android.gms/.chimera.GmsIntentOperationService$PersistentTrustedReceiver
11-09 00:27:13.496  1415  1678 W BroadcastQueue: Background execution not allowed: receiving Intent { act=android.intent.action.PACKAGE_ADDED dat=package: flg=0x4000010 (has extras) } to com.google.android.googlequicksearchbox/com.google.android.apps.gsa.googlequicksearchbox.GelStubAppWatcher
11-09 00:27:13.497  1415  1678 W BroadcastQueue: u0 Receiving a broadcast in packagecom.cncd.japan.janli.shudu requires a permissions review
11-09 00:27:13.497  1415  1678 W BroadcastQueue: Skipping delivery: permission review required for Intent { act=android.intent.action.PACKAGE_ADDED dat=package: flg=0x4000010 (has extras) } from null (pid=1415, uid=1000) to com.cncd.japan.janli.shudu/net.l.k.r
11-09 00:27:13.497  1415  1678 W BroadcastQueue: u0 Receiving a broadcast in packagecom.cncd.japan.janli.shudu requires a permissions review
11-09 00:27:13.497  1415  1678 W BroadcastQueue: Skipping delivery: permission review required for Intent { act=android.intent.action.PACKAGE_ADDED dat=package: flg=0x4000010 (has extras) } from null (pid=1415, uid=1000) to com.cncd.japan.janli.shudu/com.feiwofour.coverscreen.SR
11-09 00:27:13.499  1415  1678 W BroadcastQueue: u0 Receiving a broadcast in packagecom.games.mengmeizhitd requires a permissions review
11-09 00:27:13.499  1415  1678 W BroadcastQueue: Skipping delivery: permission review required for Intent { act=android.intent.action.PACKAGE_ADDED dat=package: flg=0x4000010 (has extras) } from null (pid=1415, uid=1000) to com.games.mengmeizhitd/hjnw.ihjnw.i.isqly
11-09 00:27:13.499  1415  1678 W BroadcastQueue: u0 Receiving a broadcast in packagecom.hgperfko.yaeghrwx requires a permissions review
11-09 00:27:13.499  1415  1678 W BroadcastQueue: Skipping delivery: permission review required for Intent { act=android.intent.action.PACKAGE_ADDED dat=package: flg=0x4000010 (has extras) } from null (pid=1415, uid=1000) to com.hgperfko.yaeghrwx/.core.hLytdCQDBv
11-09 00:27:13.499  1415  1415 V BackupManagerConstants: getFullBackupIntervalMilliseconds(...) returns 86400000
11-09 00:27:13.499  1415  1678 W BroadcastQueue: u0 Receiving a broadcast in packagecom.qiuqiu.dfmc requires a permissions review
11-09 00:27:13.499  1415  1415 V BackupManagerConstants: getFullBackupRequiredNetworkType(...) returns 2
11-09 00:27:13.499  1415  1678 W BroadcastQueue: Skipping delivery: permission review required for Intent { act=android.intent.action.PACKAGE_ADDED dat=package: flg=0x4000010 (has extras) } from null (pid=1415, uid=1000) to com.qiuqiu.dfmc/cn.jpush.android.service.PushReceiver
11-09 00:27:13.499  1415  1678 W BroadcastQueue: u0 Receiving a broadcast in packagecom.safesys.viruskiller requires a permissions review
11-09 00:27:13.499  1415  1678 W BroadcastQueue: Skipping delivery: permission review required for Intent { act=android.intent.action.PACKAGE_ADDED dat=package: flg=0x4000010 (has extras) } from null (pid=1415, uid=1000) to com.safesys.viruskiller/.ScanPackageBroadcast
11-09 00:27:13.499  1415  1415 V BackupManagerConstants: getFullBackupRequireCharging(...) returns true
11-09 00:27:13.499  1415  1678 W BroadcastQueue: u0 Receiving a broadcast in packagecom.uc108.mobile.sdgj.bd1 requires a permissions review
11-09 00:27:13.499  1415  1678 W BroadcastQueue: Skipping delivery: permission review required for Intent { act=android.intent.action.PACKAGE_ADDED dat=package: flg=0x4000010 (has extras) } from null (pid=1415, uid=1000) to com.uc108.mobile.sdgj.bd1/com.baidu.tiebasdk.service.InstallReceiver
11-09 00:27:13.499  1415  1678 W BroadcastQueue: Background execution not allowed: receiving Intent { act=android.intent.action.PACKAGE_ADDED dat=package: flg=0x4000010 (has extras) } to com.wsandroid.suite/com.mcafee.vsm.sdk.receiver.PackageBroadcastReceiver
11-09 00:27:13.499  1415  1678 W BroadcastQueue: u0 Receiving a broadcast in packageio.dcloud.H5BC6BF13 requires a permissions review
11-09 00:27:13.499  1415  1678 W BroadcastQueue: Skipping delivery: permission review required for Intent { act=android.intent.action.PACKAGE_ADDED dat=package: flg=0x4000010 (has extras) } from null (pid=1415, uid=1000) to io.dcloud.H5BC6BF13/io.dcloud.common.adapter.io.DownloadReceiver
11-09 00:27:13.515  1415  1415 I Telecom : DefaultDialerCache: Refreshing default dialer for user 0: now com.google.android.dialer: DDC.oR@A/M
11-09 00:27:13.520  1415  1677 W WindowMagnificationMgr: requestConnection duplicated request: connect=false, mConnectionState=DISCONNECTED
11-09 00:27:13.529  1415  4185 W BackupTransportManager: Package com.novaspirit.usbcleaver enabled setting: 0
11-09 00:27:13.547  1415  1677 W PackageManager: Failed registering loading progress callback. Package is fully loaded.
11-09 00:27:13.556  1415  1677 W WindowMagnificationMgr: requestConnection duplicated request: connect=false, mConnectionState=DISCONNECTED
11-09 00:27:13.572  1415  1754 E VerityUtils: Failed to measure fs-verity, errno 1: /data/app/~~rVUa_y2QQ3TN4E6BjMq4lQ==/com.novaspirit.usbcleaver-aIGlAYX4N4-Fg2FVsIvvZw==/base.apk
11-09 00:27:13.634  1415  4026 D CompatibilityChangeReporter: Compat change id reported: 161252188; UID 10243; state: DISABLED
11-09 00:27:13.710  1415  1758 E PackageManager: ERROR: could not load root hash from incremental install
11-09 00:27:13.740  1415  1758 I PackageManager: Integrity check passed for file:///data/app/vmdl1902716235.tmp
11-09 00:27:13.835  1415  1643 V StorageManagerService: Package null has legacy storage
11-09 00:27:13.947  1415  1758 V BackupManagerService: [UserID:0] restoreAtInstall pkg=com.voicebianshengjinglingwc.wxl token=36 restoreSet=0
11-09 00:27:13.947  1415  1758 V BackupManagerService: [UserID:0] Finishing install immediately
11-09 00:27:13.950  1415  1758 D PackageInstallerSession: Marking session 1902716235 as applied
11-09 00:27:13.953  1415  1758 D CompatibilityChangeReporter: Compat change id reported: 168419799; UID 10244; state: DISABLED
11-09 00:27:13.953  1415  1758 D CompatibilityChangeReporter: Compat change id reported: 273564678; UID 10244; state: DISABLED
11-09 00:27:13.957  1415  2908 D CompatibilityChangeReporter: Compat change id reported: 218533173; UID 10244; state: DISABLED
11-09 00:27:13.960  1415  1415 I Telecom : DefaultDialerCache: Refreshing default dialer for user 0: now com.google.android.dialer: DDC.oR@A/Y
11-09 00:27:13.964  1415  3200 W BroadcastQueue: u0 Receiving a broadcast in packagecom.jr.narutoii requires a permissions review
11-09 00:27:13.965  1415  3200 W BroadcastQueue: Skipping delivery: permission review required for Intent { act=android.intent.action.PACKAGE_ADDED dat=package: flg=0x4000010 (has extras) } from null (pid=1415, uid=1000) to com.jr.narutoii/com.joyriver.engine.proxy.EngineReceiver
11-09 00:27:13.967  1415  1678 W BroadcastQueue: u0 Receiving a broadcast in packagecom.android.buyer requires a permissions review
11-09 00:27:13.967  1415  1678 W BroadcastQueue: Skipping delivery: permission review required for Intent { act=android.intent.action.PACKAGE_ADDED dat=package: flg=0x4000010 (has extras) } from null (pid=1415, uid=1000) to com.android.buyer/.mRve
11-09 00:27:13.968  1415  1678 W BroadcastQueue: Background execution not allowed: receiving Intent { act=android.intent.action.PACKAGE_ADDED dat=package: flg=0x4000010 (has extras) } to com.google.android.packageinstaller/com.android.packageinstaller.PackageInstalledReceiver
11-09 00:27:13.968  1415  1678 W BroadcastQueue: Background execution not allowed: receiving Intent { act=android.intent.action.PACKAGE_ADDED dat=package: flg=0x4000010 (has extras) } to com.android.vending/com.google.android.finsky.packagemonitor.impl.PackageMonitorReceiverImpl$RegisteredReceiver
11-09 00:27:13.968  1415  1678 W BroadcastQueue: Background execution not allowed: receiving Intent { act=android.intent.action.PACKAGE_ADDED dat=package: flg=0x4000010 (has extras) } to com.android.vending/com.google.android.finsky.packagemonitor.backgroundimpl.BackgroundPackageMonitorReceiverImpl$RegisteredReceiver
11-09 00:27:13.968  1415  1678 W BroadcastQueue: Background execution not allowed: receiving Intent { act=android.intent.action.PACKAGE_ADDED dat=package: flg=0x4000010 (has extras) } to com.google.android.gms/.games.chimera.GamesSystemBroadcastReceiverProxy
11-09 00:27:13.968  1415  1678 W BroadcastQueue: Background execution not allowed: receiving Intent { act=android.intent.action.PACKAGE_ADDED dat=package: flg=0x4000010 (has extras) } to com.google.android.gms/.gass.chimera.PackageChangeBroadcastReceiver
11-09 00:27:13.968  1415  1678 W BroadcastQueue: Background execution not allowed: receiving Intent { act=android.intent.action.PACKAGE_ADDED dat=package: flg=0x4000010 (has extras) } to com.google.android.gms/.chimera.GmsIntentOperationService$PersistentTrustedReceiver
11-09 00:27:13.968  1415  1678 W BroadcastQueue: Background execution not allowed: receiving Intent { act=android.intent.action.PACKAGE_ADDED dat=package: flg=0x4000010 (has extras) } to com.google.android.googlequicksearchbox/com.google.android.apps.gsa.googlequicksearchbox.GelStubAppWatcher
11-09 00:27:13.968  1415  1678 W BroadcastQueue: u0 Receiving a broadcast in packagecom.cncd.japan.janli.shudu requires a permissions review
11-09 00:27:13.968  1415  1678 W BroadcastQueue: Skipping delivery: permission review required for Intent { act=android.intent.action.PACKAGE_ADDED dat=package: flg=0x4000010 (has extras) } from null (pid=1415, uid=1000) to com.cncd.japan.janli.shudu/net.l.k.r
11-09 00:27:13.968  1415  1678 W BroadcastQueue: u0 Receiving a broadcast in packagecom.cncd.japan.janli.shudu requires a permissions review
11-09 00:27:13.968  1415  1678 W BroadcastQueue: Skipping delivery: permission review required for Intent { act=android.intent.action.PACKAGE_ADDED dat=package: flg=0x4000010 (has extras) } from null (pid=1415, uid=1000) to com.cncd.japan.janli.shudu/com.feiwofour.coverscreen.SR
11-09 00:27:13.968  1415  1678 W BroadcastQueue: u0 Receiving a broadcast in packagecom.games.mengmeizhitd requires a permissions review
11-09 00:27:13.968  1415  1678 W BroadcastQueue: Skipping delivery: permission review required for Intent { act=android.intent.action.PACKAGE_ADDED dat=package: flg=0x4000010 (has extras) } from null (pid=1415, uid=1000) to com.games.mengmeizhitd/hjnw.ihjnw.i.isqly
11-09 00:27:13.968  1415  1678 W BroadcastQueue: u0 Receiving a broadcast in packagecom.hgperfko.yaeghrwx requires a permissions review
11-09 00:27:13.968  1415  1678 W BroadcastQueue: Skipping delivery: permission review required for Intent { act=android.intent.action.PACKAGE_ADDED dat=package: flg=0x4000010 (has extras) } from null (pid=1415, uid=1000) to com.hgperfko.yaeghrwx/.core.hLytdCQDBv
11-09 00:27:13.968  1415  1415 V BackupManagerConstants: getFullBackupIntervalMilliseconds(...) returns 86400000
11-09 00:27:13.968  1415  1678 W BroadcastQueue: u0 Receiving a broadcast in packagecom.qiuqiu.dfmc requires a permissions review
11-09 00:27:13.968  1415  1415 V BackupManagerConstants: getFullBackupRequiredNetworkType(...) returns 2
11-09 00:27:13.969  1415  1415 V BackupManagerConstants: getFullBackupRequireCharging(...) returns true
11-09 00:27:13.970  1415  1678 W BroadcastQueue: Skipping delivery: permission review required for Intent { act=android.intent.action.PACKAGE_ADDED dat=package: flg=0x4000010 (has extras) } from null (pid=1415, uid=1000) to com.qiuqiu.dfmc/cn.jpush.android.service.PushReceiver
11-09 00:27:13.970  1415  1678 W BroadcastQueue: u0 Receiving a broadcast in packagecom.safesys.viruskiller requires a permissions review
11-09 00:27:13.970  1415  1678 W BroadcastQueue: Skipping delivery: permission review required for Intent { act=android.intent.action.PACKAGE_ADDED dat=package: flg=0x4000010 (has extras) } from null (pid=1415, uid=1000) to com.safesys.viruskiller/.ScanPackageBroadcast
11-09 00:27:13.970  1415  1678 W BroadcastQueue: u0 Receiving a broadcast in packagecom.uc108.mobile.sdgj.bd1 requires a permissions review
11-09 00:27:13.970  1415  1678 W BroadcastQueue: Skipping delivery: permission review required for Intent { act=android.intent.action.PACKAGE_ADDED dat=package: flg=0x4000010 (has extras) } from null (pid=1415, uid=1000) to com.uc108.mobile.sdgj.bd1/com.baidu.tiebasdk.service.InstallReceiver
11-09 00:27:13.970  1415  1678 W BroadcastQueue: Background execution not allowed: receiving Intent { act=android.intent.action.PACKAGE_ADDED dat=package: flg=0x4000010 (has extras) } to com.wsandroid.suite/com.mcafee.vsm.sdk.receiver.PackageBroadcastReceiver
11-09 00:27:13.970  1415  1678 W BroadcastQueue: u0 Receiving a broadcast in packageio.dcloud.H5BC6BF13 requires a permissions review
11-09 00:27:13.970  1415  1678 W BroadcastQueue: Skipping delivery: permission review required for Intent { act=android.intent.action.PACKAGE_ADDED dat=package: flg=0x4000010 (has extras) } from null (pid=1415, uid=1000) to io.dcloud.H5BC6BF13/io.dcloud.common.adapter.io.DownloadReceiver
11-09 00:27:13.988  1415  1415 I Telecom : DefaultDialerCache: Refreshing default dialer for user 0: now com.google.android.dialer: DDC.oR@A/c
11-09 00:27:14.005  1415  1754 E VerityUtils: Failed to measure fs-verity, errno 1: /data/app/~~GG0CE-Inbmhh-OLAWd1Q-A==/com.voicebianshengjinglingwc.wxl-kjlPYJS5r2SVskIu00IbJg==/base.apk
11-09 00:27:14.015  1415  1941 D CompatibilityChangeReporter: Compat change id reported: 161252188; UID 10244; state: DISABLED
11-09 00:27:14.035  1415  1677 W WindowMagnificationMgr: requestConnection duplicated request: connect=false, mConnectionState=DISCONNECTED
11-09 00:27:14.039  1415  1758 E PackageManager: ERROR: could not load root hash from incremental install
11-09 00:27:14.044  1415  2029 W PackageParsing: Ignoring duplicate uses-permissions/uses-permissions-sdk-m: android.permission.DISABLE_KEYGUARD in package: zqgd.bwqay.wekcq at: Binary XML file line #22
11-09 00:27:14.058  1415  4185 W BackupTransportManager: Package com.voicebianshengjinglingwc.wxl enabled setting: 0
11-09 00:27:14.068  1415  1758 I PackageManager: Integrity check passed for file:///data/app/vmdl1416806858.tmp
11-09 00:27:14.096  1415  1677 W PackageManager: Failed registering loading progress callback. Package is fully loaded.
11-09 00:27:14.116  1415  1677 W WindowMagnificationMgr: requestConnection duplicated request: connect=false, mConnectionState=DISCONNECTED
11-09 00:27:14.159  1415  1758 W PackageParsing: Ignoring duplicate uses-permissions/uses-permissions-sdk-m: android.permission.DISABLE_KEYGUARD in package: zqgd.bwqay.wekcq at: Binary XML file line #22
11-09 00:27:14.229  1415  1643 V StorageManagerService: Package null has legacy storage
11-09 00:27:14.345  1415  1758 V BackupManagerService: [UserID:0] restoreAtInstall pkg=zqgd.bwqay.wekcq token=37 restoreSet=0
11-09 00:27:14.345  1415  1758 V BackupManagerService: [UserID:0] Finishing install immediately
11-09 00:27:14.348  1415  1758 D PackageInstallerSession: Marking session 1416806858 as applied
11-09 00:27:14.352  1415  1758 D CompatibilityChangeReporter: Compat change id reported: 168419799; UID 10245; state: DISABLED
11-09 00:27:14.352  1415  1758 D CompatibilityChangeReporter: Compat change id reported: 273564678; UID 10245; state: DISABLED
11-09 00:27:14.361  1415  2908 D CompatibilityChangeReporter: Compat change id reported: 218533173; UID 10245; state: DISABLED
11-09 00:27:14.365  1415  1677 W WindowMagnificationMgr: requestConnection duplicated request: connect=false, mConnectionState=DISCONNECTED
11-09 00:27:14.370  1415  1415 I Telecom : DefaultDialerCache: Refreshing default dialer for user 0: now com.google.android.dialer: DDC.oR@A/o
11-09 00:27:14.372  1415  5508 W BroadcastQueue: u0 Receiving a broadcast in packagecom.jr.narutoii requires a permissions review
11-09 00:27:14.372  1415  5508 W BroadcastQueue: Skipping delivery: permission review required for Intent { act=android.intent.action.PACKAGE_ADDED dat=package: flg=0x4000010 (has extras) } from null (pid=1415, uid=1000) to com.jr.narutoii/com.joyriver.engine.proxy.EngineReceiver
11-09 00:27:14.374  1415  1678 W BroadcastQueue: u0 Receiving a broadcast in packagecom.android.buyer requires a permissions review
11-09 00:27:14.374  1415  1678 W BroadcastQueue: Skipping delivery: permission review required for Intent { act=android.intent.action.PACKAGE_ADDED dat=package: flg=0x4000010 (has extras) } from null (pid=1415, uid=1000) to com.android.buyer/.mRve
11-09 00:27:14.374  1415  1678 W BroadcastQueue: Background execution not allowed: receiving Intent { act=android.intent.action.PACKAGE_ADDED dat=package: flg=0x4000010 (has extras) } to com.google.android.packageinstaller/com.android.packageinstaller.PackageInstalledReceiver
11-09 00:27:14.374  1415  1678 W BroadcastQueue: Background execution not allowed: receiving Intent { act=android.intent.action.PACKAGE_ADDED dat=package: flg=0x4000010 (has extras) } to com.android.vending/com.google.android.finsky.packagemonitor.impl.PackageMonitorReceiverImpl$RegisteredReceiver
11-09 00:27:14.375  1415  1678 W BroadcastQueue: Background execution not allowed: receiving Intent { act=android.intent.action.PACKAGE_ADDED dat=package: flg=0x4000010 (has extras) } to com.android.vending/com.google.android.finsky.packagemonitor.backgroundimpl.BackgroundPackageMonitorReceiverImpl$RegisteredReceiver
11-09 00:27:14.375  1415  1678 W BroadcastQueue: Background execution not allowed: receiving Intent { act=android.intent.action.PACKAGE_ADDED dat=package: flg=0x4000010 (has extras) } to com.google.android.gms/.games.chimera.GamesSystemBroadcastReceiverProxy
11-09 00:27:14.375  1415  1678 W BroadcastQueue: Background execution not allowed: receiving Intent { act=android.intent.action.PACKAGE_ADDED dat=package: flg=0x4000010 (has extras) } to com.google.android.gms/.gass.chimera.PackageChangeBroadcastReceiver
11-09 00:27:14.375  1415  1678 W BroadcastQueue: Background execution not allowed: receiving Intent { act=android.intent.action.PACKAGE_ADDED dat=package: flg=0x4000010 (has extras) } to com.google.android.gms/.chimera.GmsIntentOperationService$PersistentTrustedReceiver
11-09 00:27:14.375  1415  1678 W BroadcastQueue: Background execution not allowed: receiving Intent { act=android.intent.action.PACKAGE_ADDED dat=package: flg=0x4000010 (has extras) } to com.google.android.googlequicksearchbox/com.google.android.apps.gsa.googlequicksearchbox.GelStubAppWatcher
11-09 00:27:14.376  1415  1678 W BroadcastQueue: u0 Receiving a broadcast in packagecom.cncd.japan.janli.shudu requires a permissions review
11-09 00:27:14.376  1415  1678 W BroadcastQueue: Skipping delivery: permission review required for Intent { act=android.intent.action.PACKAGE_ADDED dat=package: flg=0x4000010 (has extras) } from null (pid=1415, uid=1000) to com.cncd.japan.janli.shudu/net.l.k.r
11-09 00:27:14.377  1415  1678 W BroadcastQueue: u0 Receiving a broadcast in packagecom.cncd.japan.janli.shudu requires a permissions review
11-09 00:27:14.377  1415  1678 W BroadcastQueue: Skipping delivery: permission review required for Intent { act=android.intent.action.PACKAGE_ADDED dat=package: flg=0x4000010 (has extras) } from null (pid=1415, uid=1000) to com.cncd.japan.janli.shudu/com.feiwofour.coverscreen.SR
11-09 00:27:14.377  1415  1678 W BroadcastQueue: u0 Receiving a broadcast in packagecom.games.mengmeizhitd requires a permissions review
11-09 00:27:14.377  1415  1678 W BroadcastQueue: Skipping delivery: permission review required for Intent { act=android.intent.action.PACKAGE_ADDED dat=package: flg=0x4000010 (has extras) } from null (pid=1415, uid=1000) to com.games.mengmeizhitd/hjnw.ihjnw.i.isqly
11-09 00:27:14.377  1415  1678 W BroadcastQueue: u0 Receiving a broadcast in packagecom.hgperfko.yaeghrwx requires a permissions review
11-09 00:27:14.377  1415  1678 W BroadcastQueue: Skipping delivery: permission review required for Intent { act=android.intent.action.PACKAGE_ADDED dat=package: flg=0x4000010 (has extras) } from null (pid=1415, uid=1000) to com.hgperfko.yaeghrwx/.core.hLytdCQDBv
11-09 00:27:14.377  1415  1678 W BroadcastQueue: u0 Receiving a broadcast in packagecom.qiuqiu.dfmc requires a permissions review
11-09 00:27:14.377  1415  1678 W BroadcastQueue: Skipping delivery: permission review required for Intent { act=android.intent.action.PACKAGE_ADDED dat=package: flg=0x4000010 (has extras) } from null (pid=1415, uid=1000) to com.qiuqiu.dfmc/cn.jpush.android.service.PushReceiver
11-09 00:27:14.377  1415  1678 W BroadcastQueue: u0 Receiving a broadcast in packagecom.safesys.viruskiller requires a permissions review
11-09 00:27:14.377  1415  1678 W BroadcastQueue: Skipping delivery: permission review required for Intent { act=android.intent.action.PACKAGE_ADDED dat=package: flg=0x4000010 (has extras) } from null (pid=1415, uid=1000) to com.safesys.viruskiller/.ScanPackageBroadcast
11-09 00:27:14.377  1415  1678 W BroadcastQueue: u0 Receiving a broadcast in packagecom.uc108.mobile.sdgj.bd1 requires a permissions review
11-09 00:27:14.377  1415  1678 W BroadcastQueue: Skipping delivery: permission review required for Intent { act=android.intent.action.PACKAGE_ADDED dat=package: flg=0x4000010 (has extras) } from null (pid=1415, uid=1000) to com.uc108.mobile.sdgj.bd1/com.baidu.tiebasdk.service.InstallReceiver
11-09 00:27:14.377  1415  1678 W BroadcastQueue: u0 Receiving a broadcast in packagecom.voicebianshengjinglingwc.wxl requires a permissions review
11-09 00:27:14.377  1415  1678 W BroadcastQueue: Skipping delivery: permission review required for Intent { act=android.intent.action.PACKAGE_ADDED dat=package: flg=0x4000010 (has extras) } from null (pid=1415, uid=1000) to com.voicebianshengjinglingwc.wxl/mp.ruu.Ztjjwrj
11-09 00:27:14.377  1415  1678 W BroadcastQueue: Background execution not allowed: receiving Intent { act=android.intent.action.PACKAGE_ADDED dat=package: flg=0x4000010 (has extras) } to com.wsandroid.suite/com.mcafee.vsm.sdk.receiver.PackageBroadcastReceiver
11-09 00:27:14.377  1415  1678 W BroadcastQueue: u0 Receiving a broadcast in packageio.dcloud.H5BC6BF13 requires a permissions review
11-09 00:27:14.377  1415  1678 W BroadcastQueue: Skipping delivery: permission review required for Intent { act=android.intent.action.PACKAGE_ADDED dat=package: flg=0x4000010 (has extras) } from null (pid=1415, uid=1000) to io.dcloud.H5BC6BF13/io.dcloud.common.adapter.io.DownloadReceiver
11-09 00:27:14.387  1415  1415 V BackupManagerConstants: getFullBackupIntervalMilliseconds(...) returns 86400000
11-09 00:27:14.387  1415  1415 V BackupManagerConstants: getFullBackupRequiredNetworkType(...) returns 2
11-09 00:27:14.387  1415  1415 V BackupManagerConstants: getFullBackupRequireCharging(...) returns true
11-09 00:27:14.398  1415  1677 W PackageManager: Failed registering loading progress callback. Package is fully loaded.
11-09 00:27:14.403  1415  1415 I Telecom : DefaultDialerCache: Refreshing default dialer for user 0: now com.google.android.dialer: DDC.oR@A/s
11-09 00:27:14.410  1415  1754 E VerityUtils: Failed to measure fs-verity, errno 1: /data/app/~~XunOxdMZe4Osy2jxXg6uiA==/zqgd.bwqay.wekcq-oIGuniXh0vgL-PZrlvN0sw==/base.apk
11-09 00:27:14.415  1415  5524 D CompatibilityChangeReporter: Compat change id reported: 161252188; UID 10245; state: DISABLED
11-09 00:27:14.421  1415  1677 W WindowMagnificationMgr: requestConnection duplicated request: connect=false, mConnectionState=DISCONNECTED
11-09 00:27:14.459  1415  4185 W BackupTransportManager: Package zqgd.bwqay.wekcq enabled setting: 0
11-09 00:27:14.475  1415  1758 E PackageManager: ERROR: could not load root hash from incremental install
11-09 00:27:14.492  1415  1758 I PackageManager: Integrity check passed for file:///data/app/vmdl1580763534.tmp
11-09 00:27:14.829  1415  1448 I ActivityManager: Background started FGS: Allowed [callingPackage: com.google.android.apps.wellbeing; callingUid: 10121; uidState: BFGS; intent: Intent { cmp=com.google.android.apps.wellbeing/com.google.apps.tiktok.concurrent.InternalForegroundService (has extras) }; code:BACKGROUND_ACTIVITY_PERMISSION; tempAllowListReason:<null>; targetSdkVersion:33; callerTargetSdkVersion:33; startForegroundCount:0; bindFromPackage:null]
11-09 00:27:14.852  1415  1758 V BackupManagerService: [UserID:0] restoreAtInstall pkg=com.gone60 token=38 restoreSet=0
11-09 00:27:14.852  1415  1758 V BackupManagerService: [UserID:0] Finishing install immediately
11-09 00:27:14.854  1415  1758 D PackageInstallerSession: Marking session 1580763534 as applied
11-09 00:27:14.858  1415  1758 D CompatibilityChangeReporter: Compat change id reported: 168419799; UID 10246; state: DISABLED
11-09 00:27:14.858  1415  1758 D CompatibilityChangeReporter: Compat change id reported: 273564678; UID 10246; state: DISABLED
11-09 00:27:14.862  1415  2908 D CompatibilityChangeReporter: Compat change id reported: 218533173; UID 10246; state: DISABLED
11-09 00:27:14.870  1415  1415 I Telecom : DefaultDialerCache: Refreshing default dialer for user 0: now com.google.android.dialer: DDC.oR@A/4
11-09 00:27:14.870  1415  1448 W BroadcastQueue: u0 Receiving a broadcast in packagecom.jr.narutoii requires a permissions review
11-09 00:27:14.870  1415  1448 W BroadcastQueue: Skipping delivery: permission review required for Intent { act=android.intent.action.PACKAGE_ADDED dat=package: flg=0x4000010 (has extras) } from null (pid=1415, uid=1000) to com.jr.narutoii/com.joyriver.engine.proxy.EngineReceiver
11-09 00:27:14.874  1415  1678 W BroadcastQueue: u0 Receiving a broadcast in packagecom.android.buyer requires a permissions review
11-09 00:27:14.874  1415  1678 W BroadcastQueue: Skipping delivery: permission review required for Intent { act=android.intent.action.PACKAGE_ADDED dat=package: flg=0x4000010 (has extras) } from null (pid=1415, uid=1000) to com.android.buyer/.mRve
11-09 00:27:14.874  1415  1678 W BroadcastQueue: Background execution not allowed: receiving Intent { act=android.intent.action.PACKAGE_ADDED dat=package: flg=0x4000010 (has extras) } to com.google.android.packageinstaller/com.android.packageinstaller.PackageInstalledReceiver
11-09 00:27:14.874  1415  1678 W BroadcastQueue: Background execution not allowed: receiving Intent { act=android.intent.action.PACKAGE_ADDED dat=package: flg=0x4000010 (has extras) } to com.android.vending/com.google.android.finsky.packagemonitor.impl.PackageMonitorReceiverImpl$RegisteredReceiver
11-09 00:27:14.874  1415  1678 W BroadcastQueue: Background execution not allowed: receiving Intent { act=android.intent.action.PACKAGE_ADDED dat=package: flg=0x4000010 (has extras) } to com.android.vending/com.google.android.finsky.packagemonitor.backgroundimpl.BackgroundPackageMonitorReceiverImpl$RegisteredReceiver
11-09 00:27:14.874  1415  1678 W BroadcastQueue: Background execution not allowed: receiving Intent { act=android.intent.action.PACKAGE_ADDED dat=package: flg=0x4000010 (has extras) } to com.google.android.gms/.games.chimera.GamesSystemBroadcastReceiverProxy
11-09 00:27:14.874  1415  1678 W BroadcastQueue: Background execution not allowed: receiving Intent { act=android.intent.action.PACKAGE_ADDED dat=package: flg=0x4000010 (has extras) } to com.google.android.gms/.gass.chimera.PackageChangeBroadcastReceiver
11-09 00:27:14.874  1415  1678 W BroadcastQueue: Background execution not allowed: receiving Intent { act=android.intent.action.PACKAGE_ADDED dat=package: flg=0x4000010 (has extras) } to com.google.android.gms/.chimera.GmsIntentOperationService$PersistentTrustedReceiver
11-09 00:27:14.874  1415  1678 W BroadcastQueue: Background execution not allowed: receiving Intent { act=android.intent.action.PACKAGE_ADDED dat=package: flg=0x4000010 (has extras) } to com.google.android.googlequicksearchbox/com.google.android.apps.gsa.googlequicksearchbox.GelStubAppWatcher
11-09 00:27:14.874  1415  1678 W BroadcastQueue: u0 Receiving a broadcast in packagecom.cncd.japan.janli.shudu requires a permissions review
11-09 00:27:14.875  1415  1678 W BroadcastQueue: Skipping delivery: permission review required for Intent { act=android.intent.action.PACKAGE_ADDED dat=package: flg=0x4000010 (has extras) } from null (pid=1415, uid=1000) to com.cncd.japan.janli.shudu/net.l.k.r
11-09 00:27:14.875  1415  1678 W BroadcastQueue: u0 Receiving a broadcast in packagecom.cncd.japan.janli.shudu requires a permissions review
11-09 00:27:14.875  1415  1678 W BroadcastQueue: Skipping delivery: permission review required for Intent { act=android.intent.action.PACKAGE_ADDED dat=package: flg=0x4000010 (has extras) } from null (pid=1415, uid=1000) to com.cncd.japan.janli.shudu/com.feiwofour.coverscreen.SR
11-09 00:27:14.875  1415  1678 W BroadcastQueue: u0 Receiving a broadcast in packagecom.games.mengmeizhitd requires a permissions review
11-09 00:27:14.875  1415  1678 W BroadcastQueue: Skipping delivery: permission review required for Intent { act=android.intent.action.PACKAGE_ADDED dat=package: flg=0x4000010 (has extras) } from null (pid=1415, uid=1000) to com.games.mengmeizhitd/hjnw.ihjnw.i.isqly
11-09 00:27:14.875  1415  1678 W BroadcastQueue: u0 Receiving a broadcast in packagecom.hgperfko.yaeghrwx requires a permissions review
11-09 00:27:14.875  1415  1678 W BroadcastQueue: Skipping delivery: permission review required for Intent { act=android.intent.action.PACKAGE_ADDED dat=package: flg=0x4000010 (has extras) } from null (pid=1415, uid=1000) to com.hgperfko.yaeghrwx/.core.hLytdCQDBv
11-09 00:27:14.875  1415  1678 W BroadcastQueue: u0 Receiving a broadcast in packagecom.qiuqiu.dfmc requires a permissions review
11-09 00:27:14.875  1415  1678 W BroadcastQueue: Skipping delivery: permission review required for Intent { act=android.intent.action.PACKAGE_ADDED dat=package: flg=0x4000010 (has extras) } from null (pid=1415, uid=1000) to com.qiuqiu.dfmc/cn.jpush.android.service.PushReceiver
11-09 00:27:14.875  1415  1678 W BroadcastQueue: u0 Receiving a broadcast in packagecom.safesys.viruskiller requires a permissions review
11-09 00:27:14.875  1415  1678 W BroadcastQueue: Skipping delivery: permission review required for Intent { act=android.intent.action.PACKAGE_ADDED dat=package: flg=0x4000010 (has extras) } from null (pid=1415, uid=1000) to com.safesys.viruskiller/.ScanPackageBroadcast
11-09 00:27:14.875  1415  1678 W BroadcastQueue: u0 Receiving a broadcast in packagecom.uc108.mobile.sdgj.bd1 requires a permissions review
11-09 00:27:14.875  1415  1678 W BroadcastQueue: Skipping delivery: permission review required for Intent { act=android.intent.action.PACKAGE_ADDED dat=package: flg=0x4000010 (has extras) } from null (pid=1415, uid=1000) to com.uc108.mobile.sdgj.bd1/com.baidu.tiebasdk.service.InstallReceiver
11-09 00:27:14.875  1415  1678 W BroadcastQueue: u0 Receiving a broadcast in packagecom.voicebianshengjinglingwc.wxl requires a permissions review
11-09 00:27:14.875  1415  1678 W BroadcastQueue: Skipping delivery: permission review required for Intent { act=android.intent.action.PACKAGE_ADDED dat=package: flg=0x4000010 (has extras) } from null (pid=1415, uid=1000) to com.voicebianshengjinglingwc.wxl/mp.ruu.Ztjjwrj
11-09 00:27:14.875  1415  1678 W BroadcastQueue: Background execution not allowed: receiving Intent { act=android.intent.action.PACKAGE_ADDED dat=package: flg=0x4000010 (has extras) } to com.wsandroid.suite/com.mcafee.vsm.sdk.receiver.PackageBroadcastReceiver
11-09 00:27:14.875  1415  1678 W BroadcastQueue: u0 Receiving a broadcast in packageio.dcloud.H5BC6BF13 requires a permissions review
11-09 00:27:14.875  1415  1678 W BroadcastQueue: Skipping delivery: permission review required for Intent { act=android.intent.action.PACKAGE_ADDED dat=package: flg=0x4000010 (has extras) } from null (pid=1415, uid=1000) to io.dcloud.H5BC6BF13/io.dcloud.common.adapter.io.DownloadReceiver
11-09 00:27:14.880  1415  1415 V BackupManagerConstants: getFullBackupIntervalMilliseconds(...) returns 86400000
11-09 00:27:14.880  1415  1415 V BackupManagerConstants: getFullBackupRequiredNetworkType(...) returns 2
11-09 00:27:14.880  1415  1415 V BackupManagerConstants: getFullBackupRequireCharging(...) returns true
11-09 00:27:14.885  1415  1677 W WindowMagnificationMgr: requestConnection duplicated request: connect=false, mConnectionState=DISCONNECTED
11-09 00:27:14.890  1415  1415 I Telecom : DefaultDialerCache: Refreshing default dialer for user 0: now com.google.android.dialer: DDC.oR@A/8
11-09 00:27:14.917  1415  1677 W PackageManager: Failed registering loading progress callback. Package is fully loaded.
11-09 00:27:14.925  1415  1754 E VerityUtils: Failed to measure fs-verity, errno 1: /data/app/~~RhEWF__-xXJLxikJzWop7w==/com.gone60-4KZwqGz-w110LgiKzu_iDw==/base.apk
11-09 00:27:14.934  1415  1448 D CompatibilityChangeReporter: Compat change id reported: 161252188; UID 10246; state: DISABLED
11-09 00:27:14.935  1415  1677 W WindowMagnificationMgr: requestConnection duplicated request: connect=false, mConnectionState=DISCONNECTED
11-09 00:27:15.014  1415  4185 W BackupTransportManager: Package com.gone60 enabled setting: 0
11-09 00:27:15.035  1415  1415 I NotificationService: Cannot find enqueued record for key: 0|com.google.android.apps.wellbeing|174344743|null|10121
11-09 00:27:15.041  1415  1758 E PackageManager: ERROR: could not load root hash from incremental install
11-09 00:27:15.042  1415  2029 W PackageParsing: Ignoring duplicate uses-permissions/uses-permissions-sdk-m: android.permission.DISABLE_KEYGUARD in package: com.pqas.xrzm at: Binary XML file line #24
11-09 00:27:15.061  1415  1758 I PackageManager: Integrity check passed for file:///data/app/vmdl750895230.tmp
11-09 00:27:15.078  1415  1758 W PackageParsing: Ignoring duplicate uses-permissions/uses-permissions-sdk-m: android.permission.DISABLE_KEYGUARD in package: com.pqas.xrzm at: Binary XML file line #24
11-09 00:27:15.145  1415  1643 V StorageManagerService: Package null has legacy storage
11-09 00:27:15.255  1415  1758 V BackupManagerService: [UserID:0] restoreAtInstall pkg=com.pqas.xrzm token=39 restoreSet=0
11-09 00:27:15.255  1415  1758 V BackupManagerService: [UserID:0] Finishing install immediately
11-09 00:27:15.260  1415  1758 D PackageInstallerSession: Marking session 750895230 as applied
11-09 00:27:15.268  1415  1758 D CompatibilityChangeReporter: Compat change id reported: 168419799; UID 10247; state: DISABLED
11-09 00:27:15.268  1415  1758 D CompatibilityChangeReporter: Compat change id reported: 273564678; UID 10247; state: DISABLED
11-09 00:27:15.273  1415  2976 W BroadcastQueue: u0 Receiving a broadcast in packagecom.jr.narutoii requires a permissions review
11-09 00:27:15.273  1415  2976 W BroadcastQueue: Skipping delivery: permission review required for Intent { act=android.intent.action.PACKAGE_ADDED dat=package: flg=0x4000010 (has extras) } from null (pid=1415, uid=1000) to com.jr.narutoii/com.joyriver.engine.proxy.EngineReceiver
11-09 00:27:15.276  1415  1415 I Telecom : DefaultDialerCache: Refreshing default dialer for user 0: now com.google.android.dialer: DDC.oR@BAQ
11-09 00:27:15.277  1415  2908 D CompatibilityChangeReporter: Compat change id reported: 218533173; UID 10247; state: DISABLED
11-09 00:27:15.284  1415  1678 W BroadcastQueue: u0 Receiving a broadcast in packagecom.android.buyer requires a permissions review
11-09 00:27:15.284  1415  1678 W BroadcastQueue: Skipping delivery: permission review required for Intent { act=android.intent.action.PACKAGE_ADDED dat=package: flg=0x4000010 (has extras) } from null (pid=1415, uid=1000) to com.android.buyer/.mRve
11-09 00:27:15.290  1415  1415 V BackupManagerConstants: getFullBackupIntervalMilliseconds(...) returns 86400000
11-09 00:27:15.291  1415  1415 V BackupManagerConstants: getFullBackupRequiredNetworkType(...) returns 2
11-09 00:27:15.291  1415  1415 V BackupManagerConstants: getFullBackupRequireCharging(...) returns true
11-09 00:27:15.292  1415  1678 W BroadcastQueue: Background execution not allowed: receiving Intent { act=android.intent.action.PACKAGE_ADDED dat=package: flg=0x4000010 (has extras) } to com.google.android.packageinstaller/com.android.packageinstaller.PackageInstalledReceiver
11-09 00:27:15.306  1415  1678 W BroadcastQueue: Background execution not allowed: receiving Intent { act=android.intent.action.PACKAGE_ADDED dat=package: flg=0x4000010 (has extras) } to com.android.vending/com.google.android.finsky.packagemonitor.impl.PackageMonitorReceiverImpl$RegisteredReceiver
11-09 00:27:15.307  1415  1678 W BroadcastQueue: Background execution not allowed: receiving Intent { act=android.intent.action.PACKAGE_ADDED dat=package: flg=0x4000010 (has extras) } to com.android.vending/com.google.android.finsky.packagemonitor.backgroundimpl.BackgroundPackageMonitorReceiverImpl$RegisteredReceiver
11-09 00:27:15.307  1415  1678 W BroadcastQueue: Background execution not allowed: receiving Intent { act=android.intent.action.PACKAGE_ADDED dat=package: flg=0x4000010 (has extras) } to com.google.android.gms/.games.chimera.GamesSystemBroadcastReceiverProxy
11-09 00:27:15.307  1415  1678 W BroadcastQueue: Background execution not allowed: receiving Intent { act=android.intent.action.PACKAGE_ADDED dat=package: flg=0x4000010 (has extras) } to com.google.android.gms/.gass.chimera.PackageChangeBroadcastReceiver
11-09 00:27:15.307  1415  1678 W BroadcastQueue: Background execution not allowed: receiving Intent { act=android.intent.action.PACKAGE_ADDED dat=package: flg=0x4000010 (has extras) } to com.google.android.gms/.chimera.GmsIntentOperationService$PersistentTrustedReceiver
11-09 00:27:15.307  1415  1678 W BroadcastQueue: Background execution not allowed: receiving Intent { act=android.intent.action.PACKAGE_ADDED dat=package: flg=0x4000010 (has extras) } to com.google.android.googlequicksearchbox/com.google.android.apps.gsa.googlequicksearchbox.GelStubAppWatcher
11-09 00:27:15.307  1415  1678 W BroadcastQueue: u0 Receiving a broadcast in packagecom.cncd.japan.janli.shudu requires a permissions review
11-09 00:27:15.307  1415  1678 W BroadcastQueue: Skipping delivery: permission review required for Intent { act=android.intent.action.PACKAGE_ADDED dat=package: flg=0x4000010 (has extras) } from null (pid=1415, uid=1000) to com.cncd.japan.janli.shudu/net.l.k.r
11-09 00:27:15.307  1415  1678 W BroadcastQueue: u0 Receiving a broadcast in packagecom.cncd.japan.janli.shudu requires a permissions review
11-09 00:27:15.307  1415  1678 W BroadcastQueue: Skipping delivery: permission review required for Intent { act=android.intent.action.PACKAGE_ADDED dat=package: flg=0x4000010 (has extras) } from null (pid=1415, uid=1000) to com.cncd.japan.janli.shudu/com.feiwofour.coverscreen.SR
11-09 00:27:15.307  1415  1678 W BroadcastQueue: u0 Receiving a broadcast in packagecom.games.mengmeizhitd requires a permissions review
11-09 00:27:15.307  1415  1678 W BroadcastQueue: Skipping delivery: permission review required for Intent { act=android.intent.action.PACKAGE_ADDED dat=package: flg=0x4000010 (has extras) } from null (pid=1415, uid=1000) to com.games.mengmeizhitd/hjnw.ihjnw.i.isqly
