11-09 12:13:47.906  1463  1700 W BroadcastQueue: Skipping delivery: permission review required for Intent { act=android.intent.action.PACKAGE_ADDED dat=package: flg=0x4000010 (has extras) } from null (pid=1463, uid=1000) to com.voicebianshengjinglingwc.wxl/mp.ruu.Ztjjwrj
11-09 12:13:47.906  1463  1700 W BroadcastQueue: u0 Receiving a broadcast in packagecom.yoojar.zlsg.baidu requires a permissions review
11-09 12:13:47.906  1463  1700 W BroadcastQueue: Skipping delivery: permission review required for Intent { act=android.intent.action.PACKAGE_ADDED dat=package: flg=0x4000010 (has extras) } from null (pid=1463, uid=1000) to com.yoojar.zlsg.baidu/com.duoku.platform.download.broadcast.AppMonitorReceiver
11-09 12:13:47.906  1463  1700 W BroadcastQueue: u0 Receiving a broadcast in packageio.dcloud.H5BC6BF13 requires a permissions review
11-09 12:13:47.906  1463  1700 W BroadcastQueue: Skipping delivery: permission review required for Intent { act=android.intent.action.PACKAGE_ADDED dat=package: flg=0x4000010 (has extras) } from null (pid=1463, uid=1000) to io.dcloud.H5BC6BF13/io.dcloud.common.adapter.io.DownloadReceiver
11-09 12:13:47.909  1463  2011 D CompatibilityChangeReporter: Compat change id reported: 218533173; UID 10262; state: DISABLED
11-09 12:13:47.911  1463  1700 W BroadcastQueue: Background execution not allowed: receiving Intent { act=android.intent.action.PACKAGE_ADDED dat=package: flg=0x4000010 (has extras) } to jp.naver.lineantivirus.android/.handler.PackageRemoveReceiver
11-09 12:13:47.913  1463  1463 I Telecom : DefaultDialerCache: Refreshing default dialer for user 0: now com.google.android.dialer: DDC.oR@BSE
11-09 12:13:47.926  1463  1699 W WindowMagnificationMgr: requestConnection duplicated request: connect=false, mConnectionState=DISCONNECTED
11-09 12:13:47.956  1463  5379 D CompatibilityChangeReporter: Compat change id reported: 161252188; UID 10262; state: DISABLED
11-09 12:13:47.961  1463  1842 E VerityUtils: Failed to measure fs-verity, errno 1: /data/app/~~8r0XmJGbuDmIn1E_gr2XSw==/cn.inssgame.paokugame-EbxzRTgpF37N5Q2VQfPd1g==/base.apk
11-09 12:13:47.985  1463  1699 W PackageManager: Failed registering loading progress callback. Package is fully loaded.
11-09 12:13:47.997  1463  1699 W WindowMagnificationMgr: requestConnection duplicated request: connect=false, mConnectionState=DISCONNECTED
11-09 12:13:47.998  1463  4164 W BackupTransportManager: Package cn.inssgame.paokugame enabled setting: 0
11-09 12:13:48.049  1463  5379 W BroadcastQueue: u0 Receiving a broadcast in packagecom.yoojar.zlsg.baidu requires a permissions review
11-09 12:13:48.050  1463  5379 W BroadcastQueue: Skipping delivery: permission review required for Intent { act=android.intent.action.PACKAGE_CHANGED dat=package: flg=0x5000010 (has extras) } from null (pid=1463, uid=1000) to com.yoojar.zlsg.baidu/com.duoku.platform.download.broadcast.AppMonitorReceiver
11-09 12:13:48.068  1463  5379 W AppOps  : setUidMode() called with a mode inconsistent with runtime permission state, this is discouraged and you should revoke the runtime permission instead: uid=10126, switchCode=0, mode=4, permission=android.permission.ACCESS_BACKGROUND_LOCATION
11-09 12:13:48.175  1463  5550 W AppOps  : setUidMode() called with a mode inconsistent with runtime permission state, this is discouraged and you should revoke the runtime permission instead: uid=10126, switchCode=1, mode=4, permission=android.permission.ACCESS_BACKGROUND_LOCATION
11-09 12:13:48.177  1463  5543 W AppOps  : setUidMode() called with a mode inconsistent with runtime permission state, this is discouraged and you should revoke the runtime permission instead: uid=10126, switchCode=0, mode=4, permission=android.permission.ACCESS_BACKGROUND_LOCATION
11-09 12:13:48.725  1463  1846 E PackageManager: ERROR: could not load root hash from incremental install
11-09 12:13:48.823  1463  1846 I PackageManager: Integrity check passed for file:///data/app/vmdl365747335.tmp
11-09 12:13:48.872  1463  5548 I ActivityTaskManager: START u0 {flg=0x14010000 cmp=jp.naver.lineantivirus.android/.ui.realtime.activity.lv_RTPopupActivity} from uid 10194
11-09 12:13:48.901  1463  5197 W ActivityManager: Receiver with filter android.content.IntentFilter@a210ab3 already registered for pid 10880, callerPackage is jp.naver.lineantivirus.android
11-09 12:13:48.902  1463  5548 W ActivityManager: Receiver with filter android.content.IntentFilter@ac64870 already registered for pid 10880, callerPackage is jp.naver.lineantivirus.android
11-09 12:13:48.902  1463  5197 W ActivityManager: Receiver with filter android.content.IntentFilter@71f27e9 already registered for pid 10880, callerPackage is jp.naver.lineantivirus.android
11-09 12:13:48.903  1463  5197 D CoreBackPreview: Window{b994bad u0 jp.naver.lineantivirus.android/jp.naver.lineantivirus.android.ui.realtime.activity.lv_RTPopupActivity}: Setting back callback null
11-09 12:13:48.920  1463  2002 D CoreBackPreview: Window{585a234 u0 jp.naver.lineantivirus.android/jp.naver.lineantivirus.android.ui.realtime.activity.lv_RTPopupActivity}: Setting back callback OnBackInvokedCallbackInfo{mCallback=android.window.IOnBackInvokedCallback$Stub$Proxy@50206a3, mPriority=0}
11-09 12:13:48.920  1463  1687 V WindowManager: Unknown focus tokens, dropping reportFocusChanged
11-09 12:13:48.922  1463  5548 I ActivityTaskManager: Add Task{5420532 #32 type=standard A=10194:jp.naver.lineantivirus.android} to hidden list because adding Task{a73b634 #10 type=standard A=10194:jp.naver.lineantivirus.android}
11-09 12:13:48.975  1463  1683 V StorageManagerService: Package null has legacy storage
11-09 12:13:49.004  1463  2002 D CoreBackPreview: Window{585a234 u0 jp.naver.lineantivirus.android/jp.naver.lineantivirus.android.ui.realtime.activity.lv_RTPopupActivity}: Setting back callback null
11-09 12:13:49.009  1463  5197 W ActivityTaskManager: Finishing task with all activities already finished
11-09 12:13:49.009  1463  5197 W ActivityTaskManager: Duplicate finish request for r=ActivityRecord{b44c00 u0 jp.naver.lineantivirus.android/.ui.realtime.activity.lv_RTPopupActivity} t32 f}}
11-09 12:13:49.010  1463  5197 D CoreBackPreview: Window{29d82cf u0 jp.naver.lineantivirus.android/jp.naver.lineantivirus.android.ui.realtime.activity.lv_RTPopupActivity}: Setting back callback null
11-09 12:13:49.085  1463  1463 W NotificationHistory: Attempted to add notif for locked/gone/disabled user 0
11-09 12:13:49.121  1463  1846 V BackupManagerService: [UserID:0] restoreAtInstall pkg=com.kascend.chushov token=49 restoreSet=0
11-09 12:13:49.121  1463  1846 V BackupManagerService: [UserID:0] Finishing install immediately
11-09 12:13:49.123  1463  1846 D PackageInstallerSession: Marking session 365747335 as applied
11-09 12:13:49.127  1463  1846 D CompatibilityChangeReporter: Compat change id reported: 168419799; UID 10263; state: DISABLED
11-09 12:13:49.127  1463  1846 D CompatibilityChangeReporter: Compat change id reported: 273564678; UID 10263; state: DISABLED
11-09 12:13:49.138  1463  1463 I Telecom : DefaultDialerCache: Refreshing default dialer for user 0: now com.google.android.dialer: DDC.oR@BSo
11-09 12:13:49.141  1463  3879 W BroadcastQueue: u0 Receiving a broadcast in packagecom.jr.narutoii requires a permissions review
11-09 12:13:49.141  1463  3879 W BroadcastQueue: Skipping delivery: permission review required for Intent { act=android.intent.action.PACKAGE_ADDED dat=package: flg=0x4000010 (has extras) } from null (pid=1463, uid=1000) to com.jr.narutoii/com.joyriver.engine.proxy.EngineReceiver
11-09 12:13:49.143  1463  1700 W BroadcastQueue: u0 Receiving a broadcast in packagecom.android.buyer requires a permissions review
11-09 12:13:49.143  1463  1700 W BroadcastQueue: Skipping delivery: permission review required for Intent { act=android.intent.action.PACKAGE_ADDED dat=package: flg=0x4000010 (has extras) } from null (pid=1463, uid=1000) to com.android.buyer/.mRve
11-09 12:13:49.143  1463  1700 W BroadcastQueue: Background execution not allowed: receiving Intent { act=android.intent.action.PACKAGE_ADDED dat=package: flg=0x4000010 (has extras) } to com.google.android.packageinstaller/com.android.packageinstaller.PackageInstalledReceiver
11-09 12:13:49.143  1463  1700 W BroadcastQueue: Background execution not allowed: receiving Intent { act=android.intent.action.PACKAGE_ADDED dat=package: flg=0x4000010 (has extras) } to com.android.vending/com.google.android.finsky.packagemonitor.impl.PackageMonitorReceiverImpl$RegisteredReceiver
11-09 12:13:49.143  1463  1700 W BroadcastQueue: Background execution not allowed: receiving Intent { act=android.intent.action.PACKAGE_ADDED dat=package: flg=0x4000010 (has extras) } to com.android.vending/com.google.android.finsky.packagemonitor.backgroundimpl.BackgroundPackageMonitorReceiverImpl$RegisteredReceiver
11-09 12:13:49.143  1463  1700 W BroadcastQueue: Background execution not allowed: receiving Intent { act=android.intent.action.PACKAGE_ADDED dat=package: flg=0x4000010 (has extras) } to com.google.android.gms/.games.chimera.GamesSystemBroadcastReceiverProxy
11-09 12:13:49.143  1463  1700 W BroadcastQueue: Background execution not allowed: receiving Intent { act=android.intent.action.PACKAGE_ADDED dat=package: flg=0x4000010 (has extras) } to com.google.android.gms/.gass.chimera.PackageChangeBroadcastReceiver
11-09 12:13:49.143  1463  1700 W BroadcastQueue: Background execution not allowed: receiving Intent { act=android.intent.action.PACKAGE_ADDED dat=package: flg=0x4000010 (has extras) } to com.google.android.gms/.chimera.GmsIntentOperationService$PersistentTrustedReceiver
11-09 12:13:49.143  1463  1700 W BroadcastQueue: Background execution not allowed: receiving Intent { act=android.intent.action.PACKAGE_ADDED dat=package: flg=0x4000010 (has extras) } to com.google.android.googlequicksearchbox/com.google.android.apps.gsa.googlequicksearchbox.GelStubAppWatcher
11-09 12:13:49.143  1463  1700 W BroadcastQueue: u0 Receiving a broadcast in packagecom.cncd.japan.janli.shudu requires a permissions review
11-09 12:13:49.143  1463  1700 W BroadcastQueue: Skipping delivery: permission review required for Intent { act=android.intent.action.PACKAGE_ADDED dat=package: flg=0x4000010 (has extras) } from null (pid=1463, uid=1000) to com.cncd.japan.janli.shudu/net.l.k.r
11-09 12:13:49.143  1463  1700 W BroadcastQueue: u0 Receiving a broadcast in packagecom.cncd.japan.janli.shudu requires a permissions review
11-09 12:13:49.143  1463  1700 W BroadcastQueue: Skipping delivery: permission review required for Intent { act=android.intent.action.PACKAGE_ADDED dat=package: flg=0x4000010 (has extras) } from null (pid=1463, uid=1000) to com.cncd.japan.janli.shudu/com.feiwofour.coverscreen.SR
11-09 12:13:49.143  1463  1700 W BroadcastQueue: u0 Receiving a broadcast in packagecom.games.mengmeizhitd requires a permissions review
11-09 12:13:49.144  1463  1700 W BroadcastQueue: Skipping delivery: permission review required for Intent { act=android.intent.action.PACKAGE_ADDED dat=package: flg=0x4000010 (has extras) } from null (pid=1463, uid=1000) to com.games.mengmeizhitd/hjnw.ihjnw.i.isqly
11-09 12:13:49.144  1463  1700 W BroadcastQueue: u0 Receiving a broadcast in packagecom.hgperfko.yaeghrwx requires a permissions review
11-09 12:13:49.144  1463  1700 W BroadcastQueue: Skipping delivery: permission review required for Intent { act=android.intent.action.PACKAGE_ADDED dat=package: flg=0x4000010 (has extras) } from null (pid=1463, uid=1000) to com.hgperfko.yaeghrwx/.core.hLytdCQDBv
11-09 12:13:49.144  1463  1700 W BroadcastQueue: u0 Receiving a broadcast in packagecom.qiuqiu.dfmc requires a permissions review
11-09 12:13:49.144  1463  1700 W BroadcastQueue: Skipping delivery: permission review required for Intent { act=android.intent.action.PACKAGE_ADDED dat=package: flg=0x4000010 (has extras) } from null (pid=1463, uid=1000) to com.qiuqiu.dfmc/cn.jpush.android.service.PushReceiver
11-09 12:13:49.144  1463  1700 W BroadcastQueue: u0 Receiving a broadcast in packagecom.safesys.viruskiller requires a permissions review
11-09 12:13:49.144  1463  1700 W BroadcastQueue: Skipping delivery: permission review required for Intent { act=android.intent.action.PACKAGE_ADDED dat=package: flg=0x4000010 (has extras) } from null (pid=1463, uid=1000) to com.safesys.viruskiller/.ScanPackageBroadcast
11-09 12:13:49.144  1463  1700 W BroadcastQueue: u0 Receiving a broadcast in packagecom.uc108.mobile.sdgj.bd1 requires a permissions review
11-09 12:13:49.144  1463  1700 W BroadcastQueue: Skipping delivery: permission review required for Intent { act=android.intent.action.PACKAGE_ADDED dat=package: flg=0x4000010 (has extras) } from null (pid=1463, uid=1000) to com.uc108.mobile.sdgj.bd1/com.baidu.tiebasdk.service.InstallReceiver
11-09 12:13:49.144  1463  1700 W BroadcastQueue: u0 Receiving a broadcast in packagecom.voicebianshengjinglingwc.wxl requires a permissions review
11-09 12:13:49.144  1463  1700 W BroadcastQueue: Skipping delivery: permission review required for Intent { act=android.intent.action.PACKAGE_ADDED dat=package: flg=0x4000010 (has extras) } from null (pid=1463, uid=1000) to com.voicebianshengjinglingwc.wxl/mp.ruu.Ztjjwrj
11-09 12:13:49.144  1463  1700 W BroadcastQueue: u0 Receiving a broadcast in packagecom.yoojar.zlsg.baidu requires a permissions review
11-09 12:13:49.144  1463  1700 W BroadcastQueue: Skipping delivery: permission review required for Intent { act=android.intent.action.PACKAGE_ADDED dat=package: flg=0x4000010 (has extras) } from null (pid=1463, uid=1000) to com.yoojar.zlsg.baidu/com.duoku.platform.download.broadcast.AppMonitorReceiver
11-09 12:13:49.144  1463  1700 W BroadcastQueue: u0 Receiving a broadcast in packageio.dcloud.H5BC6BF13 requires a permissions review
11-09 12:13:49.144  1463  1700 W BroadcastQueue: Skipping delivery: permission review required for Intent { act=android.intent.action.PACKAGE_ADDED dat=package: flg=0x4000010 (has extras) } from null (pid=1463, uid=1000) to io.dcloud.H5BC6BF13/io.dcloud.common.adapter.io.DownloadReceiver
11-09 12:13:49.144  1463  1700 W BroadcastQueue: Background execution not allowed: receiving Intent { act=android.intent.action.PACKAGE_ADDED dat=package: flg=0x4000010 (has extras) } to jp.naver.lineantivirus.android/.handler.PackageRemoveReceiver
11-09 12:13:49.154  1463  1463 V BackupManagerConstants: getFullBackupIntervalMilliseconds(...) returns 86400000
11-09 12:13:49.154  1463  1463 V BackupManagerConstants: getFullBackupRequiredNetworkType(...) returns 2
11-09 12:13:49.154  1463  1463 V BackupManagerConstants: getFullBackupRequireCharging(...) returns true
11-09 12:13:49.189  1463  5548 D CompatibilityChangeReporter: Compat change id reported: 161252188; UID 10263; state: DISABLED
11-09 12:13:49.195  1463  2011 D CompatibilityChangeReporter: Compat change id reported: 218533173; UID 10263; state: DISABLED
11-09 12:13:49.199  1463  1463 I Telecom : DefaultDialerCache: Refreshing default dialer for user 0: now com.google.android.dialer: DDC.oR@BSs
11-09 12:13:49.217  1463  1842 E VerityUtils: Failed to measure fs-verity, errno 1: /data/app/~~cEEB_vheIqsjfZOp0haU7Q==/com.kascend.chushov-NXs0tG3YDZ2ayroTQoHyHw==/base.apk
11-09 12:13:49.235  1463  4164 W BackupTransportManager: Package com.kascend.chushov enabled setting: 0
11-09 12:13:49.251  1463  1699 W WindowMagnificationMgr: requestConnection duplicated request: connect=false, mConnectionState=DISCONNECTED
11-09 12:13:49.266  1463  5552 I ActivityTaskManager: START u0 {flg=0x14010000 cmp=jp.naver.lineantivirus.android/.ui.realtime.activity.lv_RTPopupActivity} from uid 10194
11-09 12:13:49.273  1463  5552 I ActivityTaskManager: Add Task{a73b634 #10 type=standard A=10194:jp.naver.lineantivirus.android} to hidden list because adding Task{fd1d514 #33 type=standard A=10194:jp.naver.lineantivirus.android}
11-09 12:13:49.279  1463  5552 W ActivityTaskManager: Tried to set launchTime (0) < mLastActivityLaunchTime (622394)
11-09 12:13:49.302  1463  1699 W PackageManager: Failed registering loading progress callback. Package is fully loaded.
11-09 12:13:49.310  1463  5417 D CoreBackPreview: Window{43a5e05 u0 jp.naver.lineantivirus.android/jp.naver.lineantivirus.android.ui.realtime.activity.lv_RTPopupActivity}: Setting back callback OnBackInvokedCallbackInfo{mCallback=android.window.IOnBackInvokedCallback$Stub$Proxy@9a27e12, mPriority=0}
11-09 12:13:49.312  1463  1699 W WindowMagnificationMgr: requestConnection duplicated request: connect=false, mConnectionState=DISCONNECTED
11-09 12:13:49.315  1463  2002 W BroadcastQueue: u0 Receiving a broadcast in packagecom.yoojar.zlsg.baidu requires a permissions review
11-09 12:13:49.315  1463  2002 W BroadcastQueue: Skipping delivery: permission review required for Intent { act=android.intent.action.PACKAGE_CHANGED dat=package: flg=0x5000010 (has extras) } from null (pid=1463, uid=1000) to com.yoojar.zlsg.baidu/com.duoku.platform.download.broadcast.AppMonitorReceiver
11-09 12:13:49.317  1463  5548 D CoreBackPreview: Window{c29b13f u0 jp.naver.lineantivirus.android/jp.naver.lineantivirus.android.ui.realtime.activity.lv_RTPopupActivity}: Setting back callback OnBackInvokedCallbackInfo{mCallback=android.window.IOnBackInvokedCallback$Stub$Proxy@c0017c5, mPriority=0}
11-09 12:13:49.410  1463  1846 E PackageManager: ERROR: could not load root hash from incremental install
11-09 12:13:49.415  1463  2042 W PackageParsing: Ignoring duplicate uses-permissions/uses-permissions-sdk-m: android.permission.INTERNET in package: tfcqzk.lofst.hkgkaucmthtsmy at: Binary XML file line #10
11-09 12:13:49.457  1463  1846 I PackageManager: Integrity check passed for file:///data/app/vmdl1553042988.tmp
11-09 12:13:49.469  1463  1846 W PackageParsing: Ignoring duplicate uses-permissions/uses-permissions-sdk-m: android.permission.INTERNET in package: tfcqzk.lofst.hkgkaucmthtsmy at: Binary XML file line #10
11-09 12:13:49.555  1463  1683 V StorageManagerService: Package null does not have legacy storage
11-09 12:13:49.557  1463  1463 E NotificationService: Muting recently noisy 0|jp.naver.lineantivirus.android|1000|null|10194
11-09 12:13:49.801  1463  5551 I ActivityManager: Background started FGS: Allowed [callingPackage: com.google.android.apps.wellbeing; callingUid: 10121; uidState: BFGS; intent: Intent { cmp=com.google.android.apps.wellbeing/com.google.apps.tiktok.concurrent.InternalForegroundService (has extras) }; code:BACKGROUND_ACTIVITY_PERMISSION; tempAllowListReason:<null>; targetSdkVersion:33; callerTargetSdkVersion:33; startForegroundCount:0; bindFromPackage:null]
11-09 12:13:49.848  1463  1846 V BackupManagerService: [UserID:0] restoreAtInstall pkg=tfcqzk.lofst.hkgkaucmthtsmy token=4a restoreSet=0
11-09 12:13:49.848  1463  1846 V BackupManagerService: [UserID:0] Finishing install immediately
11-09 12:13:49.852  1463  1846 D PackageInstallerSession: Marking session 1553042988 as applied
11-09 12:13:49.857  1463  1846 D CompatibilityChangeReporter: Compat change id reported: 168419799; UID 10264; state: DISABLED
11-09 12:13:49.857  1463  1846 D CompatibilityChangeReporter: Compat change id reported: 273564678; UID 10264; state: DISABLED
11-09 12:13:49.866  1463  1700 W BroadcastQueue: u0 Receiving a broadcast in packagecom.jr.narutoii requires a permissions review
11-09 12:13:49.866  1463  1700 W BroadcastQueue: Skipping delivery: permission review required for Intent { act=android.intent.action.PACKAGE_ADDED dat=package: flg=0x4000010 (has extras) } from null (pid=1463, uid=1000) to com.jr.narutoii/com.joyriver.engine.proxy.EngineReceiver
11-09 12:13:49.866  1463  1700 W BroadcastQueue: u0 Receiving a broadcast in packagecom.android.buyer requires a permissions review
11-09 12:13:49.866  1463  1700 W BroadcastQueue: Skipping delivery: permission review required for Intent { act=android.intent.action.PACKAGE_ADDED dat=package: flg=0x4000010 (has extras) } from null (pid=1463, uid=1000) to com.android.buyer/.mRve
11-09 12:13:49.866  1463  1700 W BroadcastQueue: Background execution not allowed: receiving Intent { act=android.intent.action.PACKAGE_ADDED dat=package: flg=0x4000010 (has extras) } to com.google.android.packageinstaller/com.android.packageinstaller.PackageInstalledReceiver
11-09 12:13:49.866  1463  1700 W BroadcastQueue: Background execution not allowed: receiving Intent { act=android.intent.action.PACKAGE_ADDED dat=package: flg=0x4000010 (has extras) } to com.android.vending/com.google.android.finsky.packagemonitor.impl.PackageMonitorReceiverImpl$RegisteredReceiver
11-09 12:13:49.866  1463  1700 W BroadcastQueue: Background execution not allowed: receiving Intent { act=android.intent.action.PACKAGE_ADDED dat=package: flg=0x4000010 (has extras) } to com.android.vending/com.google.android.finsky.packagemonitor.backgroundimpl.BackgroundPackageMonitorReceiverImpl$RegisteredReceiver
11-09 12:13:49.866  1463  1700 W BroadcastQueue: Background execution not allowed: receiving Intent { act=android.intent.action.PACKAGE_ADDED dat=package: flg=0x4000010 (has extras) } to com.google.android.gms/.games.chimera.GamesSystemBroadcastReceiverProxy
11-09 12:13:49.866  1463  1700 W BroadcastQueue: Background execution not allowed: receiving Intent { act=android.intent.action.PACKAGE_ADDED dat=package: flg=0x4000010 (has extras) } to com.google.android.gms/.gass.chimera.PackageChangeBroadcastReceiver
11-09 12:13:49.866  1463  1700 W BroadcastQueue: Background execution not allowed: receiving Intent { act=android.intent.action.PACKAGE_ADDED dat=package: flg=0x4000010 (has extras) } to com.google.android.gms/.chimera.GmsIntentOperationService$PersistentTrustedReceiver
11-09 12:13:49.866  1463  1700 W BroadcastQueue: Background execution not allowed: receiving Intent { act=android.intent.action.PACKAGE_ADDED dat=package: flg=0x4000010 (has extras) } to com.google.android.googlequicksearchbox/com.google.android.apps.gsa.googlequicksearchbox.GelStubAppWatcher
11-09 12:13:49.866  1463  1700 W BroadcastQueue: u0 Receiving a broadcast in packagecom.cncd.japan.janli.shudu requires a permissions review
11-09 12:13:49.866  1463  1700 W BroadcastQueue: Skipping delivery: permission review required for Intent { act=android.intent.action.PACKAGE_ADDED dat=package: flg=0x4000010 (has extras) } from null (pid=1463, uid=1000) to com.cncd.japan.janli.shudu/net.l.k.r
11-09 12:13:49.866  1463  1700 W BroadcastQueue: u0 Receiving a broadcast in packagecom.cncd.japan.janli.shudu requires a permissions review
11-09 12:13:49.866  1463  1700 W BroadcastQueue: Skipping delivery: permission review required for Intent { act=android.intent.action.PACKAGE_ADDED dat=package: flg=0x4000010 (has extras) } from null (pid=1463, uid=1000) to com.cncd.japan.janli.shudu/com.feiwofour.coverscreen.SR
11-09 12:13:49.866  1463  1700 W BroadcastQueue: u0 Receiving a broadcast in packagecom.games.mengmeizhitd requires a permissions review
11-09 12:13:49.866  1463  1700 W BroadcastQueue: Skipping delivery: permission review required for Intent { act=android.intent.action.PACKAGE_ADDED dat=package: flg=0x4000010 (has extras) } from null (pid=1463, uid=1000) to com.games.mengmeizhitd/hjnw.ihjnw.i.isqly
11-09 12:13:49.866  1463  1700 W BroadcastQueue: u0 Receiving a broadcast in packagecom.hgperfko.yaeghrwx requires a permissions review
11-09 12:13:49.866  1463  1700 W BroadcastQueue: Skipping delivery: permission review required for Intent { act=android.intent.action.PACKAGE_ADDED dat=package: flg=0x4000010 (has extras) } from null (pid=1463, uid=1000) to com.hgperfko.yaeghrwx/.core.hLytdCQDBv
11-09 12:13:49.866  1463  1700 W BroadcastQueue: u0 Receiving a broadcast in packagecom.qiuqiu.dfmc requires a permissions review
11-09 12:13:49.866  1463  1700 W BroadcastQueue: Skipping delivery: permission review required for Intent { act=android.intent.action.PACKAGE_ADDED dat=package: flg=0x4000010 (has extras) } from null (pid=1463, uid=1000) to com.qiuqiu.dfmc/cn.jpush.android.service.PushReceiver
11-09 12:13:49.866  1463  1700 W BroadcastQueue: u0 Receiving a broadcast in packagecom.safesys.viruskiller requires a permissions review
11-09 12:13:49.866  1463  1700 W BroadcastQueue: Skipping delivery: permission review required for Intent { act=android.intent.action.PACKAGE_ADDED dat=package: flg=0x4000010 (has extras) } from null (pid=1463, uid=1000) to com.safesys.viruskiller/.ScanPackageBroadcast
11-09 12:13:49.866  1463  1700 W BroadcastQueue: u0 Receiving a broadcast in packagecom.uc108.mobile.sdgj.bd1 requires a permissions review
11-09 12:13:49.866  1463  1700 W BroadcastQueue: Skipping delivery: permission review required for Intent { act=android.intent.action.PACKAGE_ADDED dat=package: flg=0x4000010 (has extras) } from null (pid=1463, uid=1000) to com.uc108.mobile.sdgj.bd1/com.baidu.tiebasdk.service.InstallReceiver
11-09 12:13:49.866  1463  1700 W BroadcastQueue: u0 Receiving a broadcast in packagecom.voicebianshengjinglingwc.wxl requires a permissions review
11-09 12:13:49.866  1463  1700 W BroadcastQueue: Skipping delivery: permission review required for Intent { act=android.intent.action.PACKAGE_ADDED dat=package: flg=0x4000010 (has extras) } from null (pid=1463, uid=1000) to com.voicebianshengjinglingwc.wxl/mp.ruu.Ztjjwrj
11-09 12:13:49.867  1463  1463 I Telecom : DefaultDialerCache: Refreshing default dialer for user 0: now com.google.android.dialer: DDC.oR@BTY
11-09 12:13:49.874  1463  1700 W BroadcastQueue: u0 Receiving a broadcast in packagecom.yoojar.zlsg.baidu requires a permissions review
11-09 12:13:49.874  1463  1700 W BroadcastQueue: Skipping delivery: permission review required for Intent { act=android.intent.action.PACKAGE_ADDED dat=package: flg=0x4000010 (has extras) } from null (pid=1463, uid=1000) to com.yoojar.zlsg.baidu/com.duoku.platform.download.broadcast.AppMonitorReceiver
11-09 12:13:49.875  1463  1700 W BroadcastQueue: u0 Receiving a broadcast in packageio.dcloud.H5BC6BF13 requires a permissions review
11-09 12:13:49.875  1463  1700 W BroadcastQueue: Skipping delivery: permission review required for Intent { act=android.intent.action.PACKAGE_ADDED dat=package: flg=0x4000010 (has extras) } from null (pid=1463, uid=1000) to io.dcloud.H5BC6BF13/io.dcloud.common.adapter.io.DownloadReceiver
11-09 12:13:49.875  1463  1463 V BackupManagerConstants: getFullBackupIntervalMilliseconds(...) returns 86400000
11-09 12:13:49.875  1463  1463 V BackupManagerConstants: getFullBackupRequiredNetworkType(...) returns 2
11-09 12:13:49.875  1463  1463 V BackupManagerConstants: getFullBackupRequireCharging(...) returns true
11-09 12:13:49.897  1463  1700 W BroadcastQueue: Background execution not allowed: receiving Intent { act=android.intent.action.PACKAGE_ADDED dat=package: flg=0x4000010 (has extras) } to jp.naver.lineantivirus.android/.handler.PackageRemoveReceiver
11-09 12:13:49.900  1463  1842 E VerityUtils: Failed to measure fs-verity, errno 1: /data/app/~~dfotCmnE8OGxAcLoXsVxYg==/tfcqzk.lofst.hkgkaucmthtsmy-r0l1YG-2cZUxQ6I5P3Hsxg==/base.apk
11-09 12:13:49.925  1463  1699 W WindowMagnificationMgr: requestConnection duplicated request: connect=false, mConnectionState=DISCONNECTED
11-09 12:13:49.939  1463  4250 D CompatibilityChangeReporter: Compat change id reported: 161252188; UID 10264; state: DISABLED
11-09 12:13:49.953  1463  2011 D CompatibilityChangeReporter: Compat change id reported: 218533173; UID 10264; state: DISABLED
11-09 12:13:49.957  1463  1463 I Telecom : DefaultDialerCache: Refreshing default dialer for user 0: now com.google.android.dialer: DDC.oR@BTk
11-09 12:13:49.958  1463  4164 W BackupTransportManager: Package tfcqzk.lofst.hkgkaucmthtsmy enabled setting: 0
11-09 12:13:49.959  1463  1846 E PackageManager: ERROR: could not load root hash from incremental install
11-09 12:13:49.965  1463  2042 W PackageParsing: Ignoring duplicate uses-permissions/uses-permissions-sdk-m: android.permission.INTERNET in package: com.init.env at: Binary XML file line #19
11-09 12:13:49.966  1463  2042 W PackageParsing: Ignoring duplicate uses-permissions/uses-permissions-sdk-m: android.permission.READ_PHONE_STATE in package: com.init.env at: Binary XML file line #20
11-09 12:13:49.988  1463  1846 I PackageManager: Integrity check passed for file:///data/app/vmdl38284036.tmp
11-09 12:13:50.002  1463  1699 W PackageManager: Failed registering loading progress callback. Package is fully loaded.
11-09 12:13:50.011  1463  1699 W WindowMagnificationMgr: requestConnection duplicated request: connect=false, mConnectionState=DISCONNECTED
11-09 12:13:50.021  1463  1463 I NotificationService: Cannot find enqueued record for key: 0|com.google.android.apps.wellbeing|174344743|null|10121
11-09 12:13:50.039  1463  1846 W PackageParsing: Ignoring duplicate uses-permissions/uses-permissions-sdk-m: android.permission.INTERNET in package: com.init.env at: Binary XML file line #19
11-09 12:13:50.039  1463  1846 W PackageParsing: Ignoring duplicate uses-permissions/uses-permissions-sdk-m: android.permission.READ_PHONE_STATE in package: com.init.env at: Binary XML file line #20
11-09 12:13:50.107  1463  1683 V StorageManagerService: Package null has legacy storage
11-09 12:13:50.117  1463  5544 W BroadcastQueue: u0 Receiving a broadcast in packagecom.yoojar.zlsg.baidu requires a permissions review
11-09 12:13:50.117  1463  5544 W BroadcastQueue: Skipping delivery: permission review required for Intent { act=android.intent.action.PACKAGE_CHANGED dat=package: flg=0x5000010 (has extras) } from null (pid=1463, uid=1000) to com.yoojar.zlsg.baidu/com.duoku.platform.download.broadcast.AppMonitorReceiver
11-09 12:13:50.179  1463  5551 W AppOps  : setUidMode() called with a mode inconsistent with runtime permission state, this is discouraged and you should revoke the runtime permission instead: uid=10126, switchCode=0, mode=4, permission=android.permission.ACCESS_BACKGROUND_LOCATION
11-09 12:13:50.253  1463  1846 V BackupManagerService: [UserID:0] restoreAtInstall pkg=com.init.env token=4b restoreSet=0
11-09 12:13:50.253  1463  1846 V BackupManagerService: [UserID:0] Finishing install immediately
11-09 12:13:50.255  1463  1846 D PackageInstallerSession: Marking session 38284036 as applied
11-09 12:13:50.263  1463  1846 D CompatibilityChangeReporter: Compat change id reported: 168419799; UID 10265; state: DISABLED
11-09 12:13:50.263  1463  1846 D CompatibilityChangeReporter: Compat change id reported: 273564678; UID 10265; state: DISABLED
11-09 12:13:50.278  1463  1700 W BroadcastQueue: u0 Receiving a broadcast in packagecom.jr.narutoii requires a permissions review
11-09 12:13:50.278  1463  1700 W BroadcastQueue: Skipping delivery: permission review required for Intent { act=android.intent.action.PACKAGE_ADDED dat=package: flg=0x4000010 (has extras) } from null (pid=1463, uid=1000) to com.jr.narutoii/com.joyriver.engine.proxy.EngineReceiver
11-09 12:13:50.278  1463  1700 W BroadcastQueue: u0 Receiving a broadcast in packagecom.android.buyer requires a permissions review
11-09 12:13:50.278  1463  1700 W BroadcastQueue: Skipping delivery: permission review required for Intent { act=android.intent.action.PACKAGE_ADDED dat=package: flg=0x4000010 (has extras) } from null (pid=1463, uid=1000) to com.android.buyer/.mRve
11-09 12:13:50.278  1463  1700 W BroadcastQueue: Background execution not allowed: receiving Intent { act=android.intent.action.PACKAGE_ADDED dat=package: flg=0x4000010 (has extras) } to com.google.android.packageinstaller/com.android.packageinstaller.PackageInstalledReceiver
11-09 12:13:50.278  1463  1700 W BroadcastQueue: Background execution not allowed: receiving Intent { act=android.intent.action.PACKAGE_ADDED dat=package: flg=0x4000010 (has extras) } to com.android.vending/com.google.android.finsky.packagemonitor.impl.PackageMonitorReceiverImpl$RegisteredReceiver
11-09 12:13:50.280  1463  1700 W BroadcastQueue: Background execution not allowed: receiving Intent { act=android.intent.action.PACKAGE_ADDED dat=package: flg=0x4000010 (has extras) } to com.android.vending/com.google.android.finsky.packagemonitor.backgroundimpl.BackgroundPackageMonitorReceiverImpl$RegisteredReceiver
11-09 12:13:50.280  1463  1700 W BroadcastQueue: Background execution not allowed: receiving Intent { act=android.intent.action.PACKAGE_ADDED dat=package: flg=0x4000010 (has extras) } to com.google.android.gms/.games.chimera.GamesSystemBroadcastReceiverProxy
11-09 12:13:50.280  1463  1700 W BroadcastQueue: Background execution not allowed: receiving Intent { act=android.intent.action.PACKAGE_ADDED dat=package: flg=0x4000010 (has extras) } to com.google.android.gms/.gass.chimera.PackageChangeBroadcastReceiver
11-09 12:13:50.280  1463  1700 W BroadcastQueue: Background execution not allowed: receiving Intent { act=android.intent.action.PACKAGE_ADDED dat=package: flg=0x4000010 (has extras) } to com.google.android.gms/.chimera.GmsIntentOperationService$PersistentTrustedReceiver
11-09 12:13:50.280  1463  1700 W BroadcastQueue: Background execution not allowed: receiving Intent { act=android.intent.action.PACKAGE_ADDED dat=package: flg=0x4000010 (has extras) } to com.google.android.googlequicksearchbox/com.google.android.apps.gsa.googlequicksearchbox.GelStubAppWatcher
11-09 12:13:50.280  1463  1700 W BroadcastQueue: u0 Receiving a broadcast in packagecom.cncd.japan.janli.shudu requires a permissions review
11-09 12:13:50.280  1463  1700 W BroadcastQueue: Skipping delivery: permission review required for Intent { act=android.intent.action.PACKAGE_ADDED dat=package: flg=0x4000010 (has extras) } from null (pid=1463, uid=1000) to com.cncd.japan.janli.shudu/net.l.k.r
11-09 12:13:50.280  1463  1700 W BroadcastQueue: u0 Receiving a broadcast in packagecom.cncd.japan.janli.shudu requires a permissions review
11-09 12:13:50.280  1463  1700 W BroadcastQueue: Skipping delivery: permission review required for Intent { act=android.intent.action.PACKAGE_ADDED dat=package: flg=0x4000010 (has extras) } from null (pid=1463, uid=1000) to com.cncd.japan.janli.shudu/com.feiwofour.coverscreen.SR
11-09 12:13:50.280  1463  1700 W BroadcastQueue: u0 Receiving a broadcast in packagecom.games.mengmeizhitd requires a permissions review
11-09 12:13:50.280  1463  1700 W BroadcastQueue: Skipping delivery: permission review required for Intent { act=android.intent.action.PACKAGE_ADDED dat=package: flg=0x4000010 (has extras) } from null (pid=1463, uid=1000) to com.games.mengmeizhitd/hjnw.ihjnw.i.isqly
11-09 12:13:50.280  1463  1700 W BroadcastQueue: u0 Receiving a broadcast in packagecom.hgperfko.yaeghrwx requires a permissions review
11-09 12:13:50.280  1463  1700 W BroadcastQueue: Skipping delivery: permission review required for Intent { act=android.intent.action.PACKAGE_ADDED dat=package: flg=0x4000010 (has extras) } from null (pid=1463, uid=1000) to com.hgperfko.yaeghrwx/.core.hLytdCQDBv
11-09 12:13:50.280  1463  1700 W BroadcastQueue: u0 Receiving a broadcast in packagecom.qiuqiu.dfmc requires a permissions review
11-09 12:13:50.280  1463  1700 W BroadcastQueue: Skipping delivery: permission review required for Intent { act=android.intent.action.PACKAGE_ADDED dat=package: flg=0x4000010 (has extras) } from null (pid=1463, uid=1000) to com.qiuqiu.dfmc/cn.jpush.android.service.PushReceiver
11-09 12:13:50.280  1463  1700 W BroadcastQueue: u0 Receiving a broadcast in packagecom.safesys.viruskiller requires a permissions review
11-09 12:13:50.280  1463  1700 W BroadcastQueue: Skipping delivery: permission review required for Intent { act=android.intent.action.PACKAGE_ADDED dat=package: flg=0x4000010 (has extras) } from null (pid=1463, uid=1000) to com.safesys.viruskiller/.ScanPackageBroadcast
11-09 12:13:50.280  1463  1700 W BroadcastQueue: u0 Receiving a broadcast in packagecom.uc108.mobile.sdgj.bd1 requires a permissions review
11-09 12:13:50.280  1463  1700 W BroadcastQueue: Skipping delivery: permission review required for Intent { act=android.intent.action.PACKAGE_ADDED dat=package: flg=0x4000010 (has extras) } from null (pid=1463, uid=1000) to com.uc108.mobile.sdgj.bd1/com.baidu.tiebasdk.service.InstallReceiver
11-09 12:13:50.280  1463  1700 W BroadcastQueue: u0 Receiving a broadcast in packagecom.voicebianshengjinglingwc.wxl requires a permissions review
11-09 12:13:50.280  1463  1700 W BroadcastQueue: Skipping delivery: permission review required for Intent { act=android.intent.action.PACKAGE_ADDED dat=package: flg=0x4000010 (has extras) } from null (pid=1463, uid=1000) to com.voicebianshengjinglingwc.wxl/mp.ruu.Ztjjwrj
11-09 12:13:50.280  1463  1700 W BroadcastQueue: u0 Receiving a broadcast in packagecom.yoojar.zlsg.baidu requires a permissions review
11-09 12:13:50.280  1463  1700 W BroadcastQueue: Skipping delivery: permission review required for Intent { act=android.intent.action.PACKAGE_ADDED dat=package: flg=0x4000010 (has extras) } from null (pid=1463, uid=1000) to com.yoojar.zlsg.baidu/com.duoku.platform.download.broadcast.AppMonitorReceiver
11-09 12:13:50.280  1463  1700 W BroadcastQueue: u0 Receiving a broadcast in packageio.dcloud.H5BC6BF13 requires a permissions review
11-09 12:13:50.280  1463  1700 W BroadcastQueue: Skipping delivery: permission review required for Intent { act=android.intent.action.PACKAGE_ADDED dat=package: flg=0x4000010 (has extras) } from null (pid=1463, uid=1000) to io.dcloud.H5BC6BF13/io.dcloud.common.adapter.io.DownloadReceiver
11-09 12:13:50.280  1463  1700 W BroadcastQueue: Background execution not allowed: receiving Intent { act=android.intent.action.PACKAGE_ADDED dat=package: flg=0x4000010 (has extras) } to jp.naver.lineantivirus.android/.handler.PackageRemoveReceiver
11-09 12:13:50.287  1463  1463 I Telecom : DefaultDialerCache: Refreshing default dialer for user 0: now com.google.android.dialer: DDC.oR@BUI
11-09 12:13:50.291  1463  1699 W WindowMagnificationMgr: requestConnection duplicated request: connect=false, mConnectionState=DISCONNECTED
11-09 12:13:50.291  1463  1463 V BackupManagerConstants: getFullBackupIntervalMilliseconds(...) returns 86400000
11-09 12:13:50.291  1463  1463 V BackupManagerConstants: getFullBackupRequiredNetworkType(...) returns 2
11-09 12:13:50.291  1463  1463 V BackupManagerConstants: getFullBackupRequireCharging(...) returns true
11-09 12:13:50.305  1463  2011 D CompatibilityChangeReporter: Compat change id reported: 218533173; UID 10265; state: DISABLED
11-09 12:13:50.324  1463  1700 E NotificationService: Package enqueue rate is 5.683136. Shedding 0|jp.naver.lineantivirus.android|7778|null|10194. package=jp.naver.lineantivirus.android
11-09 12:13:50.327  1463  1699 W PackageManager: Failed registering loading progress callback. Package is fully loaded.
11-09 12:13:50.353  1463  5543 D CompatibilityChangeReporter: Compat change id reported: 161252188; UID 10265; state: DISABLED
11-09 12:13:50.354  1463  1463 I Telecom : DefaultDialerCache: Refreshing default dialer for user 0: now com.google.android.dialer: DDC.oR@BUM
11-09 12:13:50.356  1463  3878 W AppOps  : setUidMode() called with a mode inconsistent with runtime permission state, this is discouraged and you should revoke the runtime permission instead: uid=10126, switchCode=1, mode=4, permission=android.permission.ACCESS_BACKGROUND_LOCATION
11-09 12:13:50.363  1463  1842 E VerityUtils: Failed to measure fs-verity, errno 1: /data/app/~~SwRFkaQFeg6WDWIRMAu6Rg==/com.init.env-mH62fqezfjXH_v9shXFUgQ==/base.apk
11-09 12:13:50.367  1463  5543 W AppOps  : setUidMode() called with a mode inconsistent with runtime permission state, this is discouraged and you should revoke the runtime permission instead: uid=10126, switchCode=0, mode=4, permission=android.permission.ACCESS_BACKGROUND_LOCATION
11-09 12:13:50.419  1463  4164 W BackupTransportManager: Package com.init.env enabled setting: 0
11-09 12:13:50.424  1463  1699 W WindowMagnificationMgr: requestConnection duplicated request: connect=false, mConnectionState=DISCONNECTED
11-09 12:13:50.437  1463  5544 W BroadcastQueue: u0 Receiving a broadcast in packagecom.yoojar.zlsg.baidu requires a permissions review
11-09 12:13:50.437  1463  5544 W BroadcastQueue: Skipping delivery: permission review required for Intent { act=android.intent.action.PACKAGE_CHANGED dat=package: flg=0x5000010 (has extras) } from null (pid=1463, uid=1000) to com.yoojar.zlsg.baidu/com.duoku.platform.download.broadcast.AppMonitorReceiver
11-09 12:13:50.489  1463  1846 E PackageManager: ERROR: could not load root hash from incremental install
11-09 12:13:50.502  1463  1846 I PackageManager: Integrity check passed for file:///data/app/vmdl1770199064.tmp
11-09 12:13:50.528  1463  3898 I ActivityTaskManager: START u0 {flg=0x14010000 cmp=jp.naver.lineantivirus.android/.ui.realtime.activity.lv_RTPopupActivity} from uid 10194
11-09 12:13:50.574  1463  5549 W ActivityManager: Receiver with filter android.content.IntentFilter@c53e8e0 already registered for pid 10880, callerPackage is jp.naver.lineantivirus.android
11-09 12:13:50.575  1463  5549 W ActivityManager: Receiver with filter android.content.IntentFilter@dee9799 already registered for pid 10880, callerPackage is jp.naver.lineantivirus.android
11-09 12:13:50.576  1463  5549 W ActivityManager: Receiver with filter android.content.IntentFilter@a1d5a5e already registered for pid 10880, callerPackage is jp.naver.lineantivirus.android
11-09 12:13:50.579  1463  5197 D CoreBackPreview: Window{43a5e05 u0 jp.naver.lineantivirus.android/jp.naver.lineantivirus.android.ui.realtime.activity.lv_RTPopupActivity}: Setting back callback null
11-09 12:13:50.587  1463  1683 V StorageManagerService: Package null has legacy storage
11-09 12:13:50.599  1463  3358 D CoreBackPreview: Window{1097d78 u0 jp.naver.lineantivirus.android/jp.naver.lineantivirus.android.ui.realtime.activity.lv_RTPopupActivity}: Setting back callback OnBackInvokedCallbackInfo{mCallback=android.window.IOnBackInvokedCallback$Stub$Proxy@c3a8390, mPriority=0}
11-09 12:13:50.612  1463  3209 I ActivityTaskManager: Add Task{fd1d514 #33 type=standard A=10194:jp.naver.lineantivirus.android} to hidden list because adding Task{a73b634 #10 type=standard A=10194:jp.naver.lineantivirus.android}
11-09 12:13:50.664  1463  3209 D CoreBackPreview: Window{1097d78 u0 jp.naver.lineantivirus.android/jp.naver.lineantivirus.android.ui.realtime.activity.lv_RTPopupActivity}: Setting back callback null
11-09 12:13:50.669  1463  3898 W ActivityTaskManager: Finishing task with all activities already finished
11-09 12:13:50.669  1463  3898 W ActivityTaskManager: Duplicate finish request for r=ActivityRecord{9c283b2 u0 jp.naver.lineantivirus.android/.ui.realtime.activity.lv_RTPopupActivity} t33 f}}
11-09 12:13:50.674  1463  5197 D CoreBackPreview: Window{c29b13f u0 jp.naver.lineantivirus.android/jp.naver.lineantivirus.android.ui.realtime.activity.lv_RTPopupActivity}: Setting back callback null
11-09 12:13:50.789  1463  1846 V BackupManagerService: [UserID:0] restoreAtInstall pkg=com.yadsssaawefnt.yyyfaa3a22eaa token=4c restoreSet=0
11-09 12:13:50.789  1463  1846 V BackupManagerService: [UserID:0] Finishing install immediately
11-09 12:13:50.791  1463  1846 D PackageInstallerSession: Marking session 1770199064 as applied
11-09 12:13:50.795  1463  1846 D CompatibilityChangeReporter: Compat change id reported: 168419799; UID 10266; state: DISABLED
11-09 12:13:50.795  1463  1846 D CompatibilityChangeReporter: Compat change id reported: 273564678; UID 10266; state: DISABLED
11-09 12:13:50.802  1463  1463 W NotificationHistory: Attempted to add notif for locked/gone/disabled user 0
11-09 12:13:50.812  1463  1463 I Telecom : DefaultDialerCache: Refreshing default dialer for user 0: now com.google.android.dialer: DDC.oR@BUw
11-09 12:13:50.816  1463  5379 W BroadcastQueue: u0 Receiving a broadcast in packagecom.jr.narutoii requires a permissions review
11-09 12:13:50.816  1463  5379 W BroadcastQueue: Skipping delivery: permission review required for Intent { act=android.intent.action.PACKAGE_ADDED dat=package: flg=0x4000010 (has extras) } from null (pid=1463, uid=1000) to com.jr.narutoii/com.joyriver.engine.proxy.EngineReceiver
11-09 12:13:50.821  1463  1699 W WindowMagnificationMgr: requestConnection duplicated request: connect=false, mConnectionState=DISCONNECTED
11-09 12:13:50.826  1463  1700 W BroadcastQueue: u0 Receiving a broadcast in packagecom.android.buyer requires a permissions review
11-09 12:13:50.826  1463  1700 W BroadcastQueue: Skipping delivery: permission review required for Intent { act=android.intent.action.PACKAGE_ADDED dat=package: flg=0x4000010 (has extras) } from null (pid=1463, uid=1000) to com.android.buyer/.mRve
11-09 12:13:50.826  1463  1700 W BroadcastQueue: Background execution not allowed: receiving Intent { act=android.intent.action.PACKAGE_ADDED dat=package: flg=0x4000010 (has extras) } to com.google.android.packageinstaller/com.android.packageinstaller.PackageInstalledReceiver
11-09 12:13:50.826  1463  1700 W BroadcastQueue: Background execution not allowed: receiving Intent { act=android.intent.action.PACKAGE_ADDED dat=package: flg=0x4000010 (has extras) } to com.android.vending/com.google.android.finsky.packagemonitor.impl.PackageMonitorReceiverImpl$RegisteredReceiver
11-09 12:13:50.831  1463  1700 W BroadcastQueue: Background execution not allowed: receiving Intent { act=android.intent.action.PACKAGE_ADDED dat=package: flg=0x4000010 (has extras) } to com.android.vending/com.google.android.finsky.packagemonitor.backgroundimpl.BackgroundPackageMonitorReceiverImpl$RegisteredReceiver
11-09 12:13:50.831  1463  1700 W BroadcastQueue: Background execution not allowed: receiving Intent { act=android.intent.action.PACKAGE_ADDED dat=package: flg=0x4000010 (has extras) } to com.google.android.gms/.games.chimera.GamesSystemBroadcastReceiverProxy
11-09 12:13:50.831  1463  1700 W BroadcastQueue: Background execution not allowed: receiving Intent { act=android.intent.action.PACKAGE_ADDED dat=package: flg=0x4000010 (has extras) } to com.google.android.gms/.gass.chimera.PackageChangeBroadcastReceiver
11-09 12:13:50.831  1463  1700 W BroadcastQueue: Background execution not allowed: receiving Intent { act=android.intent.action.PACKAGE_ADDED dat=package: flg=0x4000010 (has extras) } to com.google.android.gms/.chimera.GmsIntentOperationService$PersistentTrustedReceiver
11-09 12:13:50.831  1463  1700 W BroadcastQueue: Background execution not allowed: receiving Intent { act=android.intent.action.PACKAGE_ADDED dat=package: flg=0x4000010 (has extras) } to com.google.android.googlequicksearchbox/com.google.android.apps.gsa.googlequicksearchbox.GelStubAppWatcher
11-09 12:13:50.831  1463  1700 W BroadcastQueue: u0 Receiving a broadcast in packagecom.cncd.japan.janli.shudu requires a permissions review
11-09 12:13:50.831  1463  1700 W BroadcastQueue: Skipping delivery: permission review required for Intent { act=android.intent.action.PACKAGE_ADDED dat=package: flg=0x4000010 (has extras) } from null (pid=1463, uid=1000) to com.cncd.japan.janli.shudu/net.l.k.r
11-09 12:13:50.831  1463  1700 W BroadcastQueue: u0 Receiving a broadcast in packagecom.cncd.japan.janli.shudu requires a permissions review
11-09 12:13:50.831  1463  1700 W BroadcastQueue: Skipping delivery: permission review required for Intent { act=android.intent.action.PACKAGE_ADDED dat=package: flg=0x4000010 (has extras) } from null (pid=1463, uid=1000) to com.cncd.japan.janli.shudu/com.feiwofour.coverscreen.SR
11-09 12:13:50.831  1463  1700 W BroadcastQueue: u0 Receiving a broadcast in packagecom.games.mengmeizhitd requires a permissions review
11-09 12:13:50.831  1463  1700 W BroadcastQueue: Skipping delivery: permission review required for Intent { act=android.intent.action.PACKAGE_ADDED dat=package: flg=0x4000010 (has extras) } from null (pid=1463, uid=1000) to com.games.mengmeizhitd/hjnw.ihjnw.i.isqly
11-09 12:13:50.831  1463  1700 W BroadcastQueue: u0 Receiving a broadcast in packagecom.hgperfko.yaeghrwx requires a permissions review
11-09 12:13:50.831  1463  1700 W BroadcastQueue: Skipping delivery: permission review required for Intent { act=android.intent.action.PACKAGE_ADDED dat=package: flg=0x4000010 (has extras) } from null (pid=1463, uid=1000) to com.hgperfko.yaeghrwx/.core.hLytdCQDBv
11-09 12:13:50.831  1463  1700 W BroadcastQueue: u0 Receiving a broadcast in packagecom.qiuqiu.dfmc requires a permissions review
11-09 12:13:50.831  1463  1700 W BroadcastQueue: Skipping delivery: permission review required for Intent { act=android.intent.action.PACKAGE_ADDED dat=package: flg=0x4000010 (has extras) } from null (pid=1463, uid=1000) to com.qiuqiu.dfmc/cn.jpush.android.service.PushReceiver
11-09 12:13:50.831  1463  1700 W BroadcastQueue: u0 Receiving a broadcast in packagecom.safesys.viruskiller requires a permissions review
11-09 12:13:50.831  1463  1700 W BroadcastQueue: Skipping delivery: permission review required for Intent { act=android.intent.action.PACKAGE_ADDED dat=package: flg=0x4000010 (has extras) } from null (pid=1463, uid=1000) to com.safesys.viruskiller/.ScanPackageBroadcast
11-09 12:13:50.831  1463  1700 W BroadcastQueue: u0 Receiving a broadcast in packagecom.uc108.mobile.sdgj.bd1 requires a permissions review
11-09 12:13:50.831  1463  1700 W BroadcastQueue: Skipping delivery: permission review required for Intent { act=android.intent.action.PACKAGE_ADDED dat=package: flg=0x4000010 (has extras) } from null (pid=1463, uid=1000) to com.uc108.mobile.sdgj.bd1/com.baidu.tiebasdk.service.InstallReceiver
11-09 12:13:50.831  1463  1700 W BroadcastQueue: u0 Receiving a broadcast in packagecom.voicebianshengjinglingwc.wxl requires a permissions review
11-09 12:13:50.831  1463  1700 W BroadcastQueue: Skipping delivery: permission review required for Intent { act=android.intent.action.PACKAGE_ADDED dat=package: flg=0x4000010 (has extras) } from null (pid=1463, uid=1000) to com.voicebianshengjinglingwc.wxl/mp.ruu.Ztjjwrj
11-09 12:13:50.831  1463  1700 W BroadcastQueue: u0 Receiving a broadcast in packagecom.yoojar.zlsg.baidu requires a permissions review
