11-09 12:13:42.526  1463  1700 W BroadcastQueue: Background execution not allowed: receiving Intent { act=android.intent.action.PACKAGE_ADDED dat=package: flg=0x4000010 (has extras) } to com.google.android.packageinstaller/com.android.packageinstaller.PackageInstalledReceiver
11-09 12:13:42.526  1463  1700 W BroadcastQueue: Background execution not allowed: receiving Intent { act=android.intent.action.PACKAGE_ADDED dat=package: flg=0x4000010 (has extras) } to com.android.vending/com.google.android.finsky.packagemonitor.impl.PackageMonitorReceiverImpl$RegisteredReceiver
11-09 12:13:42.526  1463  1700 W BroadcastQueue: Background execution not allowed: receiving Intent { act=android.intent.action.PACKAGE_ADDED dat=package: flg=0x4000010 (has extras) } to com.android.vending/com.google.android.finsky.packagemonitor.backgroundimpl.BackgroundPackageMonitorReceiverImpl$RegisteredReceiver
11-09 12:13:42.526  1463  1700 W BroadcastQueue: Background execution not allowed: receiving Intent { act=android.intent.action.PACKAGE_ADDED dat=package: flg=0x4000010 (has extras) } to com.google.android.gms/.games.chimera.GamesSystemBroadcastReceiverProxy
11-09 12:13:42.526  1463  1700 W BroadcastQueue: Background execution not allowed: receiving Intent { act=android.intent.action.PACKAGE_ADDED dat=package: flg=0x4000010 (has extras) } to com.google.android.gms/.gass.chimera.PackageChangeBroadcastReceiver
11-09 12:13:42.526  1463  1700 W BroadcastQueue: Background execution not allowed: receiving Intent { act=android.intent.action.PACKAGE_ADDED dat=package: flg=0x4000010 (has extras) } to com.google.android.gms/.chimera.GmsIntentOperationService$PersistentTrustedReceiver
11-09 12:13:42.527  1463  1700 W BroadcastQueue: Background execution not allowed: receiving Intent { act=android.intent.action.PACKAGE_ADDED dat=package: flg=0x4000010 (has extras) } to com.google.android.googlequicksearchbox/com.google.android.apps.gsa.googlequicksearchbox.GelStubAppWatcher
11-09 12:13:42.527  1463  1700 W BroadcastQueue: u0 Receiving a broadcast in packagecom.cncd.japan.janli.shudu requires a permissions review
11-09 12:13:42.527  1463  1700 W BroadcastQueue: Skipping delivery: permission review required for Intent { act=android.intent.action.PACKAGE_ADDED dat=package: flg=0x4000010 (has extras) } from null (pid=1463, uid=1000) to com.cncd.japan.janli.shudu/net.l.k.r
11-09 12:13:42.527  1463  1700 W BroadcastQueue: u0 Receiving a broadcast in packagecom.cncd.japan.janli.shudu requires a permissions review
11-09 12:13:42.527  1463  1700 W BroadcastQueue: Skipping delivery: permission review required for Intent { act=android.intent.action.PACKAGE_ADDED dat=package: flg=0x4000010 (has extras) } from null (pid=1463, uid=1000) to com.cncd.japan.janli.shudu/com.feiwofour.coverscreen.SR
11-09 12:13:42.527  1463  1700 W BroadcastQueue: u0 Receiving a broadcast in packagecom.games.mengmeizhitd requires a permissions review
11-09 12:13:42.527  1463  1700 W BroadcastQueue: Skipping delivery: permission review required for Intent { act=android.intent.action.PACKAGE_ADDED dat=package: flg=0x4000010 (has extras) } from null (pid=1463, uid=1000) to com.games.mengmeizhitd/hjnw.ihjnw.i.isqly
11-09 12:13:42.527  1463  1700 W BroadcastQueue: u0 Receiving a broadcast in packagecom.hgperfko.yaeghrwx requires a permissions review
11-09 12:13:42.527  1463  1700 W BroadcastQueue: Skipping delivery: permission review required for Intent { act=android.intent.action.PACKAGE_ADDED dat=package: flg=0x4000010 (has extras) } from null (pid=1463, uid=1000) to com.hgperfko.yaeghrwx/.core.hLytdCQDBv
11-09 12:13:42.527  1463  1700 W BroadcastQueue: u0 Receiving a broadcast in packagecom.qiuqiu.dfmc requires a permissions review
11-09 12:13:42.527  1463  1700 W BroadcastQueue: Skipping delivery: permission review required for Intent { act=android.intent.action.PACKAGE_ADDED dat=package: flg=0x4000010 (has extras) } from null (pid=1463, uid=1000) to com.qiuqiu.dfmc/cn.jpush.android.service.PushReceiver
11-09 12:13:42.527  1463  1700 W BroadcastQueue: u0 Receiving a broadcast in packagecom.safesys.viruskiller requires a permissions review
11-09 12:13:42.527  1463  1700 W BroadcastQueue: Skipping delivery: permission review required for Intent { act=android.intent.action.PACKAGE_ADDED dat=package: flg=0x4000010 (has extras) } from null (pid=1463, uid=1000) to com.safesys.viruskiller/.ScanPackageBroadcast
11-09 12:13:42.527  1463  1700 W BroadcastQueue: u0 Receiving a broadcast in packagecom.uc108.mobile.sdgj.bd1 requires a permissions review
11-09 12:13:42.527  1463  1700 W BroadcastQueue: Skipping delivery: permission review required for Intent { act=android.intent.action.PACKAGE_ADDED dat=package: flg=0x4000010 (has extras) } from null (pid=1463, uid=1000) to com.uc108.mobile.sdgj.bd1/com.baidu.tiebasdk.service.InstallReceiver
11-09 12:13:42.527  1463  1700 W BroadcastQueue: u0 Receiving a broadcast in packagecom.voicebianshengjinglingwc.wxl requires a permissions review
11-09 12:13:42.527  1463  1700 W BroadcastQueue: Skipping delivery: permission review required for Intent { act=android.intent.action.PACKAGE_ADDED dat=package: flg=0x4000010 (has extras) } from null (pid=1463, uid=1000) to com.voicebianshengjinglingwc.wxl/mp.ruu.Ztjjwrj
11-09 12:13:42.527  1463  1700 W BroadcastQueue: u0 Receiving a broadcast in packageio.dcloud.H5BC6BF13 requires a permissions review
11-09 12:13:42.527  1463  1700 W BroadcastQueue: Skipping delivery: permission review required for Intent { act=android.intent.action.PACKAGE_ADDED dat=package: flg=0x4000010 (has extras) } from null (pid=1463, uid=1000) to io.dcloud.H5BC6BF13/io.dcloud.common.adapter.io.DownloadReceiver
11-09 12:13:42.527  1463  1700 W BroadcastQueue: Background execution not allowed: receiving Intent { act=android.intent.action.PACKAGE_ADDED dat=package: flg=0x4000010 (has extras) } to jp.naver.lineantivirus.android/.handler.PackageRemoveReceiver
11-09 12:13:42.532  1463  1463 V BackupManagerConstants: getFullBackupIntervalMilliseconds(...) returns 86400000
11-09 12:13:42.532  1463  1463 V BackupManagerConstants: getFullBackupRequiredNetworkType(...) returns 2
11-09 12:13:42.532  1463  1463 V BackupManagerConstants: getFullBackupRequireCharging(...) returns true
11-09 12:13:42.551  1463  2011 D CompatibilityChangeReporter: Compat change id reported: 218533173; UID 10254; state: DISABLED
11-09 12:13:42.561  1463  1463 I Telecom : DefaultDialerCache: Refreshing default dialer for user 0: now com.google.android.dialer: DDC.oR@BMc
11-09 12:13:42.572  1463  3879 D CompatibilityChangeReporter: Compat change id reported: 161252188; UID 10254; state: DISABLED
11-09 12:13:42.583  1463  1699 W WindowMagnificationMgr: requestConnection duplicated request: connect=false, mConnectionState=DISCONNECTED
11-09 12:13:42.598  1463  4164 W BackupTransportManager: Package yeyrm.ywoqeyfxty.hdp enabled setting: 0
11-09 12:13:42.629  1463  1842 E VerityUtils: Failed to measure fs-verity, errno 1: /data/app/~~vggGqsYwBBUSHKxzgHC3_g==/yeyrm.ywoqeyfxty.hdp-C3mx3N85F_XOlZlWkUgpQw==/base.apk
11-09 12:13:42.663  1463  1846 E PackageManager: ERROR: could not load root hash from incremental install
11-09 12:13:42.664  1463  1699 W PackageManager: Failed registering loading progress callback. Package is fully loaded.
11-09 12:13:42.677  1463  1699 W WindowMagnificationMgr: requestConnection duplicated request: connect=false, mConnectionState=DISCONNECTED
11-09 12:13:42.686  1463  2042 W PackageParsing: Ignoring duplicate uses-permissions/uses-permissions-sdk-m: android.permission.ACCESS_NETWORK_STATE in package: rsoiogtjulaok.cieldreweq.hbdjtupunuq at: Binary XML file line #25
11-09 12:13:42.708  1463  1463 I NotificationService: Cannot find enqueued record for key: 0|com.google.android.apps.wellbeing|174344743|null|10121
11-09 12:13:42.713  1463  1846 I PackageManager: Integrity check passed for file:///data/app/vmdl1566351007.tmp
11-09 12:13:42.731  1463  1846 W PackageParsing: Ignoring duplicate uses-permissions/uses-permissions-sdk-m: android.permission.ACCESS_NETWORK_STATE in package: rsoiogtjulaok.cieldreweq.hbdjtupunuq at: Binary XML file line #25
11-09 12:13:42.831  1463  1683 V StorageManagerService: Package null does not have legacy storage
11-09 12:13:42.962  1463  2988 W AppOps  : setUidMode() called with a mode inconsistent with runtime permission state, this is discouraged and you should revoke the runtime permission instead: uid=10126, switchCode=0, mode=4, permission=android.permission.ACCESS_BACKGROUND_LOCATION
11-09 12:13:43.024  1463  2988 W AppOps  : setUidMode() called with a mode inconsistent with runtime permission state, this is discouraged and you should revoke the runtime permission instead: uid=10126, switchCode=1, mode=4, permission=android.permission.ACCESS_BACKGROUND_LOCATION
11-09 12:13:43.025  1463  2988 W AppOps  : setUidMode() called with a mode inconsistent with runtime permission state, this is discouraged and you should revoke the runtime permission instead: uid=10126, switchCode=0, mode=4, permission=android.permission.ACCESS_BACKGROUND_LOCATION
11-09 12:13:43.088  1463  1846 V BackupManagerService: [UserID:0] restoreAtInstall pkg=rsoiogtjulaok.cieldreweq.hbdjtupunuq token=41 restoreSet=0
11-09 12:13:43.089  1463  1846 V BackupManagerService: [UserID:0] Finishing install immediately
11-09 12:13:43.093  1463  1846 D PackageInstallerSession: Marking session 1566351007 as applied
11-09 12:13:43.095  1463  1846 D CompatibilityChangeReporter: Compat change id reported: 168419799; UID 10255; state: DISABLED
11-09 12:13:43.096  1463  1846 D CompatibilityChangeReporter: Compat change id reported: 273564678; UID 10255; state: DISABLED
11-09 12:13:43.112  1463  3878 W BroadcastQueue: u0 Receiving a broadcast in packagecom.jr.narutoii requires a permissions review
11-09 12:13:43.112  1463  3878 W BroadcastQueue: Skipping delivery: permission review required for Intent { act=android.intent.action.PACKAGE_ADDED dat=package: flg=0x4000010 (has extras) } from null (pid=1463, uid=1000) to com.jr.narutoii/com.joyriver.engine.proxy.EngineReceiver
11-09 12:13:43.117  1463  1700 W BroadcastQueue: u0 Receiving a broadcast in packagecom.android.buyer requires a permissions review
11-09 12:13:43.117  1463  1700 W BroadcastQueue: Skipping delivery: permission review required for Intent { act=android.intent.action.PACKAGE_ADDED dat=package: flg=0x4000010 (has extras) } from null (pid=1463, uid=1000) to com.android.buyer/.mRve
11-09 12:13:43.118  1463  1700 W BroadcastQueue: Background execution not allowed: receiving Intent { act=android.intent.action.PACKAGE_ADDED dat=package: flg=0x4000010 (has extras) } to com.google.android.packageinstaller/com.android.packageinstaller.PackageInstalledReceiver
11-09 12:13:43.118  1463  1700 W BroadcastQueue: Background execution not allowed: receiving Intent { act=android.intent.action.PACKAGE_ADDED dat=package: flg=0x4000010 (has extras) } to com.android.vending/com.google.android.finsky.packagemonitor.impl.PackageMonitorReceiverImpl$RegisteredReceiver
11-09 12:13:43.118  1463  1700 W BroadcastQueue: Background execution not allowed: receiving Intent { act=android.intent.action.PACKAGE_ADDED dat=package: flg=0x4000010 (has extras) } to com.android.vending/com.google.android.finsky.packagemonitor.backgroundimpl.BackgroundPackageMonitorReceiverImpl$RegisteredReceiver
11-09 12:13:43.118  1463  1700 W BroadcastQueue: Background execution not allowed: receiving Intent { act=android.intent.action.PACKAGE_ADDED dat=package: flg=0x4000010 (has extras) } to com.google.android.gms/.games.chimera.GamesSystemBroadcastReceiverProxy
11-09 12:13:43.118  1463  1700 W BroadcastQueue: Background execution not allowed: receiving Intent { act=android.intent.action.PACKAGE_ADDED dat=package: flg=0x4000010 (has extras) } to com.google.android.gms/.gass.chimera.PackageChangeBroadcastReceiver
11-09 12:13:43.118  1463  1700 W BroadcastQueue: Background execution not allowed: receiving Intent { act=android.intent.action.PACKAGE_ADDED dat=package: flg=0x4000010 (has extras) } to com.google.android.gms/.chimera.GmsIntentOperationService$PersistentTrustedReceiver
11-09 12:13:43.118  1463  1700 W BroadcastQueue: Background execution not allowed: receiving Intent { act=android.intent.action.PACKAGE_ADDED dat=package: flg=0x4000010 (has extras) } to com.google.android.googlequicksearchbox/com.google.android.apps.gsa.googlequicksearchbox.GelStubAppWatcher
11-09 12:13:43.118  1463  1700 W BroadcastQueue: u0 Receiving a broadcast in packagecom.cncd.japan.janli.shudu requires a permissions review
11-09 12:13:43.118  1463  1700 W BroadcastQueue: Skipping delivery: permission review required for Intent { act=android.intent.action.PACKAGE_ADDED dat=package: flg=0x4000010 (has extras) } from null (pid=1463, uid=1000) to com.cncd.japan.janli.shudu/net.l.k.r
11-09 12:13:43.118  1463  1700 W BroadcastQueue: u0 Receiving a broadcast in packagecom.cncd.japan.janli.shudu requires a permissions review
11-09 12:13:43.118  1463  1700 W BroadcastQueue: Skipping delivery: permission review required for Intent { act=android.intent.action.PACKAGE_ADDED dat=package: flg=0x4000010 (has extras) } from null (pid=1463, uid=1000) to com.cncd.japan.janli.shudu/com.feiwofour.coverscreen.SR
11-09 12:13:43.119  1463  1700 W BroadcastQueue: u0 Receiving a broadcast in packagecom.games.mengmeizhitd requires a permissions review
11-09 12:13:43.119  1463  1700 W BroadcastQueue: Skipping delivery: permission review required for Intent { act=android.intent.action.PACKAGE_ADDED dat=package: flg=0x4000010 (has extras) } from null (pid=1463, uid=1000) to com.games.mengmeizhitd/hjnw.ihjnw.i.isqly
11-09 12:13:43.119  1463  1700 W BroadcastQueue: u0 Receiving a broadcast in packagecom.hgperfko.yaeghrwx requires a permissions review
11-09 12:13:43.119  1463  1700 W BroadcastQueue: Skipping delivery: permission review required for Intent { act=android.intent.action.PACKAGE_ADDED dat=package: flg=0x4000010 (has extras) } from null (pid=1463, uid=1000) to com.hgperfko.yaeghrwx/.core.hLytdCQDBv
11-09 12:13:43.119  1463  1700 W BroadcastQueue: u0 Receiving a broadcast in packagecom.qiuqiu.dfmc requires a permissions review
11-09 12:13:43.119  1463  1700 W BroadcastQueue: Skipping delivery: permission review required for Intent { act=android.intent.action.PACKAGE_ADDED dat=package: flg=0x4000010 (has extras) } from null (pid=1463, uid=1000) to com.qiuqiu.dfmc/cn.jpush.android.service.PushReceiver
11-09 12:13:43.119  1463  1700 W BroadcastQueue: u0 Receiving a broadcast in packagecom.safesys.viruskiller requires a permissions review
11-09 12:13:43.119  1463  1700 W BroadcastQueue: Skipping delivery: permission review required for Intent { act=android.intent.action.PACKAGE_ADDED dat=package: flg=0x4000010 (has extras) } from null (pid=1463, uid=1000) to com.safesys.viruskiller/.ScanPackageBroadcast
11-09 12:13:43.119  1463  1700 W BroadcastQueue: u0 Receiving a broadcast in packagecom.uc108.mobile.sdgj.bd1 requires a permissions review
11-09 12:13:43.119  1463  1700 W BroadcastQueue: Skipping delivery: permission review required for Intent { act=android.intent.action.PACKAGE_ADDED dat=package: flg=0x4000010 (has extras) } from null (pid=1463, uid=1000) to com.uc108.mobile.sdgj.bd1/com.baidu.tiebasdk.service.InstallReceiver
11-09 12:13:43.119  1463  1700 W BroadcastQueue: u0 Receiving a broadcast in packagecom.voicebianshengjinglingwc.wxl requires a permissions review
11-09 12:13:43.119  1463  1700 W BroadcastQueue: Skipping delivery: permission review required for Intent { act=android.intent.action.PACKAGE_ADDED dat=package: flg=0x4000010 (has extras) } from null (pid=1463, uid=1000) to com.voicebianshengjinglingwc.wxl/mp.ruu.Ztjjwrj
11-09 12:13:43.119  1463  1700 W BroadcastQueue: u0 Receiving a broadcast in packageio.dcloud.H5BC6BF13 requires a permissions review
11-09 12:13:43.119  1463  1700 W BroadcastQueue: Skipping delivery: permission review required for Intent { act=android.intent.action.PACKAGE_ADDED dat=package: flg=0x4000010 (has extras) } from null (pid=1463, uid=1000) to io.dcloud.H5BC6BF13/io.dcloud.common.adapter.io.DownloadReceiver
11-09 12:13:43.119  1463  1700 W BroadcastQueue: Background execution not allowed: receiving Intent { act=android.intent.action.PACKAGE_ADDED dat=package: flg=0x4000010 (has extras) } to jp.naver.lineantivirus.android/.handler.PackageRemoveReceiver
11-09 12:13:43.131  1463  1463 I Telecom : DefaultDialerCache: Refreshing default dialer for user 0: now com.google.android.dialer: DDC.oR@BNI
11-09 12:13:43.147  1463  1463 V BackupManagerConstants: getFullBackupIntervalMilliseconds(...) returns 86400000
11-09 12:13:43.147  1463  1463 V BackupManagerConstants: getFullBackupRequiredNetworkType(...) returns 2
11-09 12:13:43.147  1463  1463 V BackupManagerConstants: getFullBackupRequireCharging(...) returns true
11-09 12:13:43.152  1463  2011 D CompatibilityChangeReporter: Compat change id reported: 218533173; UID 10255; state: DISABLED
11-09 12:13:43.174  1463  5197 D CompatibilityChangeReporter: Compat change id reported: 161252188; UID 10255; state: DISABLED
11-09 12:13:43.179  1463  1699 W WindowMagnificationMgr: requestConnection duplicated request: connect=false, mConnectionState=DISCONNECTED
11-09 12:13:43.180  1463  1463 I Telecom : DefaultDialerCache: Refreshing default dialer for user 0: now com.google.android.dialer: DDC.oR@BNM
11-09 12:13:43.198  1463  1842 E VerityUtils: Failed to measure fs-verity, errno 1: /data/app/~~IRJ06yC_sZ9MrJfp4YZxPg==/rsoiogtjulaok.cieldreweq.hbdjtupunuq-PmxKAo3kk7yaJYHQLnMtKA==/base.apk
11-09 12:13:43.198  1463  4164 W BackupTransportManager: Package rsoiogtjulaok.cieldreweq.hbdjtupunuq enabled setting: 0
11-09 12:13:43.227  1463  1699 W PackageManager: Failed registering loading progress callback. Package is fully loaded.
11-09 12:13:43.235  1463  1699 W WindowMagnificationMgr: requestConnection duplicated request: connect=false, mConnectionState=DISCONNECTED
11-09 12:13:43.247  1463  1846 E PackageManager: ERROR: could not load root hash from incremental install
11-09 12:13:43.260  1463  1846 I PackageManager: Integrity check passed for file:///data/app/vmdl1178494012.tmp
11-09 12:13:43.369  1463  1683 V StorageManagerService: Package null does not have legacy storage
11-09 12:13:43.490  1463  1735 V DisplayPowerController[0]: Brightness [0.05] reason changing to: 'manual [ dim ]', previous reason: 'manual'.
11-09 12:13:43.490  1463  1735 I DisplayPowerController[0]: BrightnessEvent: disp=0, physDisp=local:4630946471422916225, brt=0.05, initBrt=0.5, rcmdBrt=NaN, preBrt=NaN, lux=0.0, preLux=0.0, hbmMax=1.0, hbmMode=off, rbcStrength=50, powerFactor=1.0, thrmMax=1.0, wasShortTermModelActive=false, flags=, reason=manual [ dim ], autoBrightness=false
11-09 12:13:43.492  1463  5549 I ActivityManager: Background started FGS: Allowed [callingPackage: com.google.android.apps.wellbeing; callingUid: 10121; uidState: BFGS; intent: Intent { cmp=com.google.android.apps.wellbeing/com.google.apps.tiktok.concurrent.InternalForegroundService (has extras) }; code:BACKGROUND_ACTIVITY_PERMISSION; tempAllowListReason:<null>; targetSdkVersion:33; callerTargetSdkVersion:33; startForegroundCount:0; bindFromPackage:null]
11-09 12:13:43.710  1463  1463 I NotificationService: Cannot find enqueued record for key: 0|com.google.android.apps.wellbeing|174344743|null|10121
11-09 12:13:43.733  1463  1846 V BackupManagerService: [UserID:0] restoreAtInstall pkg=com.android.mobilephone token=42 restoreSet=0
11-09 12:13:43.733  1463  1846 V BackupManagerService: [UserID:0] Finishing install immediately
11-09 12:13:43.738  1463  1846 D PackageInstallerSession: Marking session 1178494012 as applied
11-09 12:13:43.745  1463  1846 D CompatibilityChangeReporter: Compat change id reported: 168419799; UID 10256; state: DISABLED
11-09 12:13:43.745  1463  1846 D CompatibilityChangeReporter: Compat change id reported: 273564678; UID 10256; state: DISABLED
11-09 12:13:43.748  1463  4250 I ActivityTaskManager: START u0 {flg=0x14010000 cmp=jp.naver.lineantivirus.android/.ui.realtime.activity.lv_RTPopupActivity} from uid 10194
11-09 12:13:43.754  1463  1463 I Telecom : DefaultDialerCache: Refreshing default dialer for user 0: now com.google.android.dialer: DDC.oR@BN4
11-09 12:13:43.757  1463  4250 I ActivityTaskManager: Add Task{a73b634 #10 type=standard A=10194:jp.naver.lineantivirus.android} to hidden list because adding Task{7d1c6da #31 type=standard A=10194:jp.naver.lineantivirus.android}
11-09 12:13:43.758  1463  1700 W BroadcastQueue: u0 Receiving a broadcast in packagecom.jr.narutoii requires a permissions review
11-09 12:13:43.758  1463  1700 W BroadcastQueue: Skipping delivery: permission review required for Intent { act=android.intent.action.PACKAGE_ADDED dat=package: flg=0x4000010 (has extras) } from null (pid=1463, uid=1000) to com.jr.narutoii/com.joyriver.engine.proxy.EngineReceiver
11-09 12:13:43.759  1463  1700 W BroadcastQueue: u0 Receiving a broadcast in packagecom.android.buyer requires a permissions review
11-09 12:13:43.759  1463  1700 W BroadcastQueue: Skipping delivery: permission review required for Intent { act=android.intent.action.PACKAGE_ADDED dat=package: flg=0x4000010 (has extras) } from null (pid=1463, uid=1000) to com.android.buyer/.mRve
11-09 12:13:43.759  1463  1700 W BroadcastQueue: Background execution not allowed: receiving Intent { act=android.intent.action.PACKAGE_ADDED dat=package: flg=0x4000010 (has extras) } to com.google.android.packageinstaller/com.android.packageinstaller.PackageInstalledReceiver
11-09 12:13:43.759  1463  1700 W BroadcastQueue: Background execution not allowed: receiving Intent { act=android.intent.action.PACKAGE_ADDED dat=package: flg=0x4000010 (has extras) } to com.android.vending/com.google.android.finsky.packagemonitor.impl.PackageMonitorReceiverImpl$RegisteredReceiver
11-09 12:13:43.759  1463  1700 W BroadcastQueue: Background execution not allowed: receiving Intent { act=android.intent.action.PACKAGE_ADDED dat=package: flg=0x4000010 (has extras) } to com.android.vending/com.google.android.finsky.packagemonitor.backgroundimpl.BackgroundPackageMonitorReceiverImpl$RegisteredReceiver
11-09 12:13:43.759  1463  1700 W BroadcastQueue: Background execution not allowed: receiving Intent { act=android.intent.action.PACKAGE_ADDED dat=package: flg=0x4000010 (has extras) } to com.google.android.gms/.games.chimera.GamesSystemBroadcastReceiverProxy
11-09 12:13:43.759  1463  1700 W BroadcastQueue: Background execution not allowed: receiving Intent { act=android.intent.action.PACKAGE_ADDED dat=package: flg=0x4000010 (has extras) } to com.google.android.gms/.gass.chimera.PackageChangeBroadcastReceiver
11-09 12:13:43.759  1463  1700 W BroadcastQueue: Background execution not allowed: receiving Intent { act=android.intent.action.PACKAGE_ADDED dat=package: flg=0x4000010 (has extras) } to com.google.android.gms/.chimera.GmsIntentOperationService$PersistentTrustedReceiver
11-09 12:13:43.759  1463  1700 W BroadcastQueue: Background execution not allowed: receiving Intent { act=android.intent.action.PACKAGE_ADDED dat=package: flg=0x4000010 (has extras) } to com.google.android.googlequicksearchbox/com.google.android.apps.gsa.googlequicksearchbox.GelStubAppWatcher
11-09 12:13:43.759  1463  1700 W BroadcastQueue: u0 Receiving a broadcast in packagecom.cncd.japan.janli.shudu requires a permissions review
11-09 12:13:43.759  1463  1700 W BroadcastQueue: Skipping delivery: permission review required for Intent { act=android.intent.action.PACKAGE_ADDED dat=package: flg=0x4000010 (has extras) } from null (pid=1463, uid=1000) to com.cncd.japan.janli.shudu/net.l.k.r
11-09 12:13:43.759  1463  1700 W BroadcastQueue: u0 Receiving a broadcast in packagecom.cncd.japan.janli.shudu requires a permissions review
11-09 12:13:43.759  1463  1700 W BroadcastQueue: Skipping delivery: permission review required for Intent { act=android.intent.action.PACKAGE_ADDED dat=package: flg=0x4000010 (has extras) } from null (pid=1463, uid=1000) to com.cncd.japan.janli.shudu/com.feiwofour.coverscreen.SR
11-09 12:13:43.759  1463  1700 W BroadcastQueue: u0 Receiving a broadcast in packagecom.games.mengmeizhitd requires a permissions review
11-09 12:13:43.759  1463  1700 W BroadcastQueue: Skipping delivery: permission review required for Intent { act=android.intent.action.PACKAGE_ADDED dat=package: flg=0x4000010 (has extras) } from null (pid=1463, uid=1000) to com.games.mengmeizhitd/hjnw.ihjnw.i.isqly
11-09 12:13:43.759  1463  1700 W BroadcastQueue: u0 Receiving a broadcast in packagecom.hgperfko.yaeghrwx requires a permissions review
11-09 12:13:43.759  1463  1700 W BroadcastQueue: Skipping delivery: permission review required for Intent { act=android.intent.action.PACKAGE_ADDED dat=package: flg=0x4000010 (has extras) } from null (pid=1463, uid=1000) to com.hgperfko.yaeghrwx/.core.hLytdCQDBv
11-09 12:13:43.760  1463  1700 W BroadcastQueue: u0 Receiving a broadcast in packagecom.qiuqiu.dfmc requires a permissions review
11-09 12:13:43.760  1463  1700 W BroadcastQueue: Skipping delivery: permission review required for Intent { act=android.intent.action.PACKAGE_ADDED dat=package: flg=0x4000010 (has extras) } from null (pid=1463, uid=1000) to com.qiuqiu.dfmc/cn.jpush.android.service.PushReceiver
11-09 12:13:43.760  1463  1700 W BroadcastQueue: u0 Receiving a broadcast in packagecom.safesys.viruskiller requires a permissions review
11-09 12:13:43.760  1463  1700 W BroadcastQueue: Skipping delivery: permission review required for Intent { act=android.intent.action.PACKAGE_ADDED dat=package: flg=0x4000010 (has extras) } from null (pid=1463, uid=1000) to com.safesys.viruskiller/.ScanPackageBroadcast
11-09 12:13:43.760  1463  1700 W BroadcastQueue: u0 Receiving a broadcast in packagecom.uc108.mobile.sdgj.bd1 requires a permissions review
11-09 12:13:43.760  1463  1700 W BroadcastQueue: Skipping delivery: permission review required for Intent { act=android.intent.action.PACKAGE_ADDED dat=package: flg=0x4000010 (has extras) } from null (pid=1463, uid=1000) to com.uc108.mobile.sdgj.bd1/com.baidu.tiebasdk.service.InstallReceiver
11-09 12:13:43.760  1463  1700 W BroadcastQueue: u0 Receiving a broadcast in packagecom.voicebianshengjinglingwc.wxl requires a permissions review
11-09 12:13:43.760  1463  1700 W BroadcastQueue: Skipping delivery: permission review required for Intent { act=android.intent.action.PACKAGE_ADDED dat=package: flg=0x4000010 (has extras) } from null (pid=1463, uid=1000) to com.voicebianshengjinglingwc.wxl/mp.ruu.Ztjjwrj
11-09 12:13:43.760  1463  1700 W BroadcastQueue: u0 Receiving a broadcast in packageio.dcloud.H5BC6BF13 requires a permissions review
11-09 12:13:43.760  1463  1700 W BroadcastQueue: Skipping delivery: permission review required for Intent { act=android.intent.action.PACKAGE_ADDED dat=package: flg=0x4000010 (has extras) } from null (pid=1463, uid=1000) to io.dcloud.H5BC6BF13/io.dcloud.common.adapter.io.DownloadReceiver
11-09 12:13:43.760  1463  1700 W BroadcastQueue: Background execution not allowed: receiving Intent { act=android.intent.action.PACKAGE_ADDED dat=package: flg=0x4000010 (has extras) } to jp.naver.lineantivirus.android/.handler.PackageRemoveReceiver
11-09 12:13:43.764  1463  1463 V BackupManagerConstants: getFullBackupIntervalMilliseconds(...) returns 86400000
11-09 12:13:43.764  1463  1463 V BackupManagerConstants: getFullBackupRequiredNetworkType(...) returns 2
11-09 12:13:43.764  1463  1463 V BackupManagerConstants: getFullBackupRequireCharging(...) returns true
11-09 12:13:43.770  1463  3879 E NotificationService: Package enqueue rate is 5.032749. Shedding 0|jp.naver.lineantivirus.android|1000|null|10194. package=jp.naver.lineantivirus.android
11-09 12:13:43.795  1463  2011 D CompatibilityChangeReporter: Compat change id reported: 218533173; UID 10256; state: DISABLED
11-09 12:13:43.796  1463  1699 W WindowMagnificationMgr: requestConnection duplicated request: connect=false, mConnectionState=DISCONNECTED
11-09 12:13:43.798  1463  1463 I Telecom : DefaultDialerCache: Refreshing default dialer for user 0: now com.google.android.dialer: DDC.oR@BN8
11-09 12:13:43.808  1463  1511 W ActivityTaskManager: Tried to set launchTime (0) < mLastActivityLaunchTime (617325)
11-09 12:13:43.816  1463  1842 E VerityUtils: Failed to measure fs-verity, errno 1: /data/app/~~phsrAGRb71p8ypXq6JDbUg==/com.android.mobilephone-vH-w5WeZC3w8zsVNkFAUpw==/base.apk
11-09 12:13:43.820  1463  3898 D CompatibilityChangeReporter: Compat change id reported: 161252188; UID 10256; state: DISABLED
11-09 12:13:43.857  1463  3879 D CoreBackPreview: Window{bb9c2ba u0 jp.naver.lineantivirus.android/jp.naver.lineantivirus.android.ui.realtime.activity.lv_RTPopupActivity}: Setting back callback OnBackInvokedCallbackInfo{mCallback=android.window.IOnBackInvokedCallback$Stub$Proxy@1f27e9d, mPriority=0}
11-09 12:13:43.857  1463  4164 W BackupTransportManager: Package com.android.mobilephone enabled setting: 0
11-09 12:13:43.860  1463  5548 D CoreBackPreview: Window{1fd6799 u0 jp.naver.lineantivirus.android/jp.naver.lineantivirus.android.ui.realtime.activity.lv_RTPopupActivity}: Setting back callback OnBackInvokedCallbackInfo{mCallback=android.window.IOnBackInvokedCallback$Stub$Proxy@249df5b, mPriority=0}
11-09 12:13:43.881  1463  1846 E PackageManager: ERROR: could not load root hash from incremental install
11-09 12:13:43.889  1463  1699 W PackageManager: Failed registering loading progress callback. Package is fully loaded.
11-09 12:13:43.906  1463  1699 W WindowMagnificationMgr: requestConnection duplicated request: connect=false, mConnectionState=DISCONNECTED
11-09 12:13:43.912  1463  1846 I PackageManager: Integrity check passed for file:///data/app/vmdl179619445.tmp
11-09 12:13:44.083  1463  1846 V BackupManagerService: [UserID:0] restoreAtInstall pkg=com.google.android.yrtdsfh token=43 restoreSet=0
11-09 12:13:44.084  1463  1846 V BackupManagerService: [UserID:0] Finishing install immediately
11-09 12:13:44.087  1463  3358 W AppOps  : setUidMode() called with a mode inconsistent with runtime permission state, this is discouraged and you should revoke the runtime permission instead: uid=10126, switchCode=0, mode=4, permission=android.permission.ACCESS_BACKGROUND_LOCATION
11-09 12:13:44.092  1463  1846 D PackageInstallerSession: Marking session 179619445 as applied
11-09 12:13:44.101  1463  1846 D CompatibilityChangeReporter: Compat change id reported: 168419799; UID 10257; state: DISABLED
11-09 12:13:44.101  1463  1846 D CompatibilityChangeReporter: Compat change id reported: 273564678; UID 10257; state: DISABLED
11-09 12:13:44.110  1463  3898 W BroadcastQueue: u0 Receiving a broadcast in packagecom.jr.narutoii requires a permissions review
11-09 12:13:44.110  1463  3898 W BroadcastQueue: Skipping delivery: permission review required for Intent { act=android.intent.action.PACKAGE_ADDED dat=package: flg=0x4000010 (has extras) } from null (pid=1463, uid=1000) to com.jr.narutoii/com.joyriver.engine.proxy.EngineReceiver
11-09 12:13:44.114  1463  1700 W BroadcastQueue: u0 Receiving a broadcast in packagecom.android.buyer requires a permissions review
11-09 12:13:44.114  1463  1700 W BroadcastQueue: Skipping delivery: permission review required for Intent { act=android.intent.action.PACKAGE_ADDED dat=package: flg=0x4000010 (has extras) } from null (pid=1463, uid=1000) to com.android.buyer/.mRve
11-09 12:13:44.114  1463  1700 W BroadcastQueue: Background execution not allowed: receiving Intent { act=android.intent.action.PACKAGE_ADDED dat=package: flg=0x4000010 (has extras) } to com.google.android.packageinstaller/com.android.packageinstaller.PackageInstalledReceiver
11-09 12:13:44.115  1463  1700 W BroadcastQueue: Background execution not allowed: receiving Intent { act=android.intent.action.PACKAGE_ADDED dat=package: flg=0x4000010 (has extras) } to com.android.vending/com.google.android.finsky.packagemonitor.impl.PackageMonitorReceiverImpl$RegisteredReceiver
11-09 12:13:44.115  1463  1700 W BroadcastQueue: Background execution not allowed: receiving Intent { act=android.intent.action.PACKAGE_ADDED dat=package: flg=0x4000010 (has extras) } to com.android.vending/com.google.android.finsky.packagemonitor.backgroundimpl.BackgroundPackageMonitorReceiverImpl$RegisteredReceiver
11-09 12:13:44.115  1463  1700 W BroadcastQueue: Background execution not allowed: receiving Intent { act=android.intent.action.PACKAGE_ADDED dat=package: flg=0x4000010 (has extras) } to com.google.android.gms/.games.chimera.GamesSystemBroadcastReceiverProxy
11-09 12:13:44.115  1463  1700 W BroadcastQueue: Background execution not allowed: receiving Intent { act=android.intent.action.PACKAGE_ADDED dat=package: flg=0x4000010 (has extras) } to com.google.android.gms/.gass.chimera.PackageChangeBroadcastReceiver
11-09 12:13:44.115  1463  1700 W BroadcastQueue: Background execution not allowed: receiving Intent { act=android.intent.action.PACKAGE_ADDED dat=package: flg=0x4000010 (has extras) } to com.google.android.gms/.chimera.GmsIntentOperationService$PersistentTrustedReceiver
11-09 12:13:44.115  1463  1700 W BroadcastQueue: Background execution not allowed: receiving Intent { act=android.intent.action.PACKAGE_ADDED dat=package: flg=0x4000010 (has extras) } to com.google.android.googlequicksearchbox/com.google.android.apps.gsa.googlequicksearchbox.GelStubAppWatcher
11-09 12:13:44.115  1463  1700 W BroadcastQueue: u0 Receiving a broadcast in packagecom.cncd.japan.janli.shudu requires a permissions review
11-09 12:13:44.115  1463  1700 W BroadcastQueue: Skipping delivery: permission review required for Intent { act=android.intent.action.PACKAGE_ADDED dat=package: flg=0x4000010 (has extras) } from null (pid=1463, uid=1000) to com.cncd.japan.janli.shudu/net.l.k.r
11-09 12:13:44.115  1463  1700 W BroadcastQueue: u0 Receiving a broadcast in packagecom.cncd.japan.janli.shudu requires a permissions review
11-09 12:13:44.115  1463  1700 W BroadcastQueue: Skipping delivery: permission review required for Intent { act=android.intent.action.PACKAGE_ADDED dat=package: flg=0x4000010 (has extras) } from null (pid=1463, uid=1000) to com.cncd.japan.janli.shudu/com.feiwofour.coverscreen.SR
11-09 12:13:44.115  1463  1700 W BroadcastQueue: u0 Receiving a broadcast in packagecom.games.mengmeizhitd requires a permissions review
11-09 12:13:44.115  1463  1700 W BroadcastQueue: Skipping delivery: permission review required for Intent { act=android.intent.action.PACKAGE_ADDED dat=package: flg=0x4000010 (has extras) } from null (pid=1463, uid=1000) to com.games.mengmeizhitd/hjnw.ihjnw.i.isqly
11-09 12:13:44.115  1463  1700 W BroadcastQueue: u0 Receiving a broadcast in packagecom.hgperfko.yaeghrwx requires a permissions review
11-09 12:13:44.116  1463  1700 W BroadcastQueue: Skipping delivery: permission review required for Intent { act=android.intent.action.PACKAGE_ADDED dat=package: flg=0x4000010 (has extras) } from null (pid=1463, uid=1000) to com.hgperfko.yaeghrwx/.core.hLytdCQDBv
11-09 12:13:44.116  1463  1700 W BroadcastQueue: u0 Receiving a broadcast in packagecom.qiuqiu.dfmc requires a permissions review
11-09 12:13:44.116  1463  1700 W BroadcastQueue: Skipping delivery: permission review required for Intent { act=android.intent.action.PACKAGE_ADDED dat=package: flg=0x4000010 (has extras) } from null (pid=1463, uid=1000) to com.qiuqiu.dfmc/cn.jpush.android.service.PushReceiver
11-09 12:13:44.116  1463  1700 W BroadcastQueue: u0 Receiving a broadcast in packagecom.safesys.viruskiller requires a permissions review
11-09 12:13:44.116  1463  1700 W BroadcastQueue: Skipping delivery: permission review required for Intent { act=android.intent.action.PACKAGE_ADDED dat=package: flg=0x4000010 (has extras) } from null (pid=1463, uid=1000) to com.safesys.viruskiller/.ScanPackageBroadcast
11-09 12:13:44.116  1463  1700 W BroadcastQueue: u0 Receiving a broadcast in packagecom.uc108.mobile.sdgj.bd1 requires a permissions review
11-09 12:13:44.116  1463  1700 W BroadcastQueue: Skipping delivery: permission review required for Intent { act=android.intent.action.PACKAGE_ADDED dat=package: flg=0x4000010 (has extras) } from null (pid=1463, uid=1000) to com.uc108.mobile.sdgj.bd1/com.baidu.tiebasdk.service.InstallReceiver
11-09 12:13:44.116  1463  1700 W BroadcastQueue: u0 Receiving a broadcast in packagecom.voicebianshengjinglingwc.wxl requires a permissions review
11-09 12:13:44.116  1463  1700 W BroadcastQueue: Skipping delivery: permission review required for Intent { act=android.intent.action.PACKAGE_ADDED dat=package: flg=0x4000010 (has extras) } from null (pid=1463, uid=1000) to com.voicebianshengjinglingwc.wxl/mp.ruu.Ztjjwrj
11-09 12:13:44.116  1463  1700 W BroadcastQueue: u0 Receiving a broadcast in packageio.dcloud.H5BC6BF13 requires a permissions review
11-09 12:13:44.116  1463  1700 W BroadcastQueue: Skipping delivery: permission review required for Intent { act=android.intent.action.PACKAGE_ADDED dat=package: flg=0x4000010 (has extras) } from null (pid=1463, uid=1000) to io.dcloud.H5BC6BF13/io.dcloud.common.adapter.io.DownloadReceiver
11-09 12:13:44.116  1463  1700 W BroadcastQueue: Background execution not allowed: receiving Intent { act=android.intent.action.PACKAGE_ADDED dat=package: flg=0x4000010 (has extras) } to jp.naver.lineantivirus.android/.handler.PackageRemoveReceiver
11-09 12:13:44.132  1463  1463 I Telecom : DefaultDialerCache: Refreshing default dialer for user 0: now com.google.android.dialer: DDC.oR@BOY
11-09 12:13:44.137  1463  1699 W WindowMagnificationMgr: requestConnection duplicated request: connect=false, mConnectionState=DISCONNECTED
11-09 12:13:44.138  1463  1463 V BackupManagerConstants: getFullBackupIntervalMilliseconds(...) returns 86400000
11-09 12:13:44.138  1463  1463 V BackupManagerConstants: getFullBackupRequiredNetworkType(...) returns 2
11-09 12:13:44.138  1463  1463 V BackupManagerConstants: getFullBackupRequireCharging(...) returns true
11-09 12:13:44.170  1463  2011 D CompatibilityChangeReporter: Compat change id reported: 218533173; UID 10257; state: DISABLED
11-09 12:13:44.182  1463  1463 I Telecom : DefaultDialerCache: Refreshing default dialer for user 0: now com.google.android.dialer: DDC.oR@BOc
11-09 12:13:44.186  1463  1842 E VerityUtils: Failed to measure fs-verity, errno 1: /data/app/~~hY-2BsHF7mHhJnXC8JkZyQ==/com.google.android.yrtdsfh-pB4gaGX38phti-4sv1HHlw==/base.apk
11-09 12:13:44.189  1463  4164 W BackupTransportManager: Package com.google.android.yrtdsfh enabled setting: 0
11-09 12:13:44.190  1463  1735 I DisplayPowerController[0]: BrightnessEvent: disp=0, physDisp=local:4630946471422916225, brt=0.05, initBrt=0.05, rcmdBrt=NaN, preBrt=NaN, lux=0.0, preLux=0.0, hbmMax=1.0, hbmMode=off, rbcStrength=50, powerFactor=1.0, thrmMax=1.0, wasShortTermModelActive=false, flags=, reason=manual [ dim ], autoBrightness=false
11-09 12:13:44.203  1463  5550 D CompatibilityChangeReporter: Compat change id reported: 161252188; UID 10257; state: DISABLED
11-09 12:13:44.257  1463  1699 W PackageManager: Failed registering loading progress callback. Package is fully loaded.
11-09 12:13:44.268  1463  1699 W WindowMagnificationMgr: requestConnection duplicated request: connect=false, mConnectionState=DISCONNECTED
11-09 12:13:44.421  1463  5197 W AppOps  : setUidMode() called with a mode inconsistent with runtime permission state, this is discouraged and you should revoke the runtime permission instead: uid=10126, switchCode=1, mode=4, permission=android.permission.ACCESS_BACKGROUND_LOCATION
11-09 12:13:44.425  1463  5552 W AppOps  : setUidMode() called with a mode inconsistent with runtime permission state, this is discouraged and you should revoke the runtime permission instead: uid=10126, switchCode=0, mode=4, permission=android.permission.ACCESS_BACKGROUND_LOCATION
11-09 12:13:44.472  1463  1846 E PackageManager: ERROR: could not load root hash from incremental install
11-09 12:13:44.486  1463  2042 W PackageParsing: Ignoring duplicate uses-permissions/uses-permissions-sdk-m:  in package: qiu.com at: Binary XML file line #14
11-09 12:13:44.486  1463  2042 W PackageParsing: Ignoring duplicate uses-permissions/uses-permissions-sdk-m:  in package: qiu.com at: Binary XML file line #15
11-09 12:13:44.486  1463  2042 W PackageParsing: Ignoring duplicate uses-permissions/uses-permissions-sdk-m:  in package: qiu.com at: Binary XML file line #19
11-09 12:13:44.486  1463  2042 W PackageParsing: Ignoring duplicate uses-permissions/uses-permissions-sdk-m:  in package: qiu.com at: Binary XML file line #20
11-09 12:13:44.486  1463  2042 W PackageParsing: Ignoring duplicate uses-permissions/uses-permissions-sdk-m:  in package: qiu.com at: Binary XML file line #22
11-09 12:13:44.487  1463  2042 W PackageParsing: Ignoring duplicate uses-permissions/uses-permissions-sdk-m:  in package: qiu.com at: Binary XML file line #27
11-09 12:13:44.520  1463  1846 I PackageManager: Integrity check passed for file:///data/app/vmdl287768079.tmp
11-09 12:13:44.532  1463  1846 W PackageParsing: Ignoring duplicate uses-permissions/uses-permissions-sdk-m:  in package: qiu.com at: Binary XML file line #14
11-09 12:13:44.532  1463  1846 W PackageParsing: Ignoring duplicate uses-permissions/uses-permissions-sdk-m:  in package: qiu.com at: Binary XML file line #15
11-09 12:13:44.533  1463  1846 W PackageParsing: Ignoring duplicate uses-permissions/uses-permissions-sdk-m:  in package: qiu.com at: Binary XML file line #19
11-09 12:13:44.533  1463  1846 W PackageParsing: Ignoring duplicate uses-permissions/uses-permissions-sdk-m:  in package: qiu.com at: Binary XML file line #20
11-09 12:13:44.533  1463  1846 W PackageParsing: Ignoring duplicate uses-permissions/uses-permissions-sdk-m:  in package: qiu.com at: Binary XML file line #22
11-09 12:13:44.533  1463  1846 W PackageParsing: Ignoring duplicate uses-permissions/uses-permissions-sdk-m:  in package: qiu.com at: Binary XML file line #27
11-09 12:13:44.587  1463  1683 V StorageManagerService: Package null has legacy storage
11-09 12:13:44.726  1463  5417 I ActivityManager: Background started FGS: Allowed [callingPackage: com.google.android.apps.wellbeing; callingUid: 10121; uidState: BFGS; intent: Intent { cmp=com.google.android.apps.wellbeing/com.google.apps.tiktok.concurrent.InternalForegroundService (has extras) }; code:BACKGROUND_ACTIVITY_PERMISSION; tempAllowListReason:<null>; targetSdkVersion:33; callerTargetSdkVersion:33; startForegroundCount:0; bindFromPackage:null]
11-09 12:13:44.799  1463  1846 V BackupManagerService: [UserID:0] restoreAtInstall pkg=qiu.com token=44 restoreSet=0
11-09 12:13:44.799  1463  1846 V BackupManagerService: [UserID:0] Finishing install immediately
11-09 12:13:44.809  1463  1846 D PackageInstallerSession: Marking session 287768079 as applied
11-09 12:13:44.813  1463  1846 D CompatibilityChangeReporter: Compat change id reported: 168419799; UID 10258; state: DISABLED
11-09 12:13:44.813  1463  1846 D CompatibilityChangeReporter: Compat change id reported: 273564678; UID 10258; state: DISABLED
11-09 12:13:44.820  1463  1463 I Telecom : DefaultDialerCache: Refreshing default dialer for user 0: now com.google.android.dialer: DDC.oR@BOw
11-09 12:13:44.823  1463  5543 W BroadcastQueue: u0 Receiving a broadcast in packagecom.jr.narutoii requires a permissions review
11-09 12:13:44.823  1463  5543 W BroadcastQueue: Skipping delivery: permission review required for Intent { act=android.intent.action.PACKAGE_ADDED dat=package: flg=0x4000010 (has extras) } from null (pid=1463, uid=1000) to com.jr.narutoii/com.joyriver.engine.proxy.EngineReceiver
11-09 12:13:44.831  1463  1700 W BroadcastQueue: u0 Receiving a broadcast in packagecom.android.buyer requires a permissions review
11-09 12:13:44.831  1463  1700 W BroadcastQueue: Skipping delivery: permission review required for Intent { act=android.intent.action.PACKAGE_ADDED dat=package: flg=0x4000010 (has extras) } from null (pid=1463, uid=1000) to com.android.buyer/.mRve
11-09 12:13:44.835  1463  1700 W BroadcastQueue: Background execution not allowed: receiving Intent { act=android.intent.action.PACKAGE_ADDED dat=package: flg=0x4000010 (has extras) } to com.google.android.packageinstaller/com.android.packageinstaller.PackageInstalledReceiver
11-09 12:13:44.835  1463  1700 W BroadcastQueue: Background execution not allowed: receiving Intent { act=android.intent.action.PACKAGE_ADDED dat=package: flg=0x4000010 (has extras) } to com.android.vending/com.google.android.finsky.packagemonitor.impl.PackageMonitorReceiverImpl$RegisteredReceiver
11-09 12:13:44.835  1463  1700 W BroadcastQueue: Background execution not allowed: receiving Intent { act=android.intent.action.PACKAGE_ADDED dat=package: flg=0x4000010 (has extras) } to com.android.vending/com.google.android.finsky.packagemonitor.backgroundimpl.BackgroundPackageMonitorReceiverImpl$RegisteredReceiver
11-09 12:13:44.835  1463  1700 W BroadcastQueue: Background execution not allowed: receiving Intent { act=android.intent.action.PACKAGE_ADDED dat=package: flg=0x4000010 (has extras) } to com.google.android.gms/.games.chimera.GamesSystemBroadcastReceiverProxy
11-09 12:13:44.835  1463  1700 W BroadcastQueue: Background execution not allowed: receiving Intent { act=android.intent.action.PACKAGE_ADDED dat=package: flg=0x4000010 (has extras) } to com.google.android.gms/.gass.chimera.PackageChangeBroadcastReceiver
11-09 12:13:44.835  1463  1700 W BroadcastQueue: Background execution not allowed: receiving Intent { act=android.intent.action.PACKAGE_ADDED dat=package: flg=0x4000010 (has extras) } to com.google.android.gms/.chimera.GmsIntentOperationService$PersistentTrustedReceiver
11-09 12:13:44.836  1463  2011 D CompatibilityChangeReporter: Compat change id reported: 218533173; UID 10258; state: DISABLED
11-09 12:13:44.840  1463  1700 W BroadcastQueue: Background execution not allowed: receiving Intent { act=android.intent.action.PACKAGE_ADDED dat=package: flg=0x4000010 (has extras) } to com.google.android.googlequicksearchbox/com.google.android.apps.gsa.googlequicksearchbox.GelStubAppWatcher
11-09 12:13:44.840  1463  1700 W BroadcastQueue: u0 Receiving a broadcast in packagecom.cncd.japan.janli.shudu requires a permissions review
11-09 12:13:44.840  1463  1700 W BroadcastQueue: Skipping delivery: permission review required for Intent { act=android.intent.action.PACKAGE_ADDED dat=package: flg=0x4000010 (has extras) } from null (pid=1463, uid=1000) to com.cncd.japan.janli.shudu/net.l.k.r
11-09 12:13:44.840  1463  1700 W BroadcastQueue: u0 Receiving a broadcast in packagecom.cncd.japan.janli.shudu requires a permissions review
11-09 12:13:44.840  1463  1700 W BroadcastQueue: Skipping delivery: permission review required for Intent { act=android.intent.action.PACKAGE_ADDED dat=package: flg=0x4000010 (has extras) } from null (pid=1463, uid=1000) to com.cncd.japan.janli.shudu/com.feiwofour.coverscreen.SR
11-09 12:13:44.840  1463  1700 W BroadcastQueue: u0 Receiving a broadcast in packagecom.games.mengmeizhitd requires a permissions review
11-09 12:13:44.841  1463  1700 W BroadcastQueue: Skipping delivery: permission review required for Intent { act=android.intent.action.PACKAGE_ADDED dat=package: flg=0x4000010 (has extras) } from null (pid=1463, uid=1000) to com.games.mengmeizhitd/hjnw.ihjnw.i.isqly
11-09 12:13:44.841  1463  1700 W BroadcastQueue: u0 Receiving a broadcast in packagecom.hgperfko.yaeghrwx requires a permissions review
11-09 12:13:44.841  1463  1700 W BroadcastQueue: Skipping delivery: permission review required for Intent { act=android.intent.action.PACKAGE_ADDED dat=package: flg=0x4000010 (has extras) } from null (pid=1463, uid=1000) to com.hgperfko.yaeghrwx/.core.hLytdCQDBv
11-09 12:13:44.841  1463  1700 W BroadcastQueue: u0 Receiving a broadcast in packagecom.qiuqiu.dfmc requires a permissions review
11-09 12:13:44.841  1463  1700 W BroadcastQueue: Skipping delivery: permission review required for Intent { act=android.intent.action.PACKAGE_ADDED dat=package: flg=0x4000010 (has extras) } from null (pid=1463, uid=1000) to com.qiuqiu.dfmc/cn.jpush.android.service.PushReceiver
11-09 12:13:44.841  1463  1700 W BroadcastQueue: u0 Receiving a broadcast in packagecom.safesys.viruskiller requires a permissions review
11-09 12:13:44.841  1463  1700 W BroadcastQueue: Skipping delivery: permission review required for Intent { act=android.intent.action.PACKAGE_ADDED dat=package: flg=0x4000010 (has extras) } from null (pid=1463, uid=1000) to com.safesys.viruskiller/.ScanPackageBroadcast
11-09 12:13:44.841  1463  1700 W BroadcastQueue: u0 Receiving a broadcast in packagecom.uc108.mobile.sdgj.bd1 requires a permissions review
11-09 12:13:44.841  1463  1700 W BroadcastQueue: Skipping delivery: permission review required for Intent { act=android.intent.action.PACKAGE_ADDED dat=package: flg=0x4000010 (has extras) } from null (pid=1463, uid=1000) to com.uc108.mobile.sdgj.bd1/com.baidu.tiebasdk.service.InstallReceiver
11-09 12:13:44.841  1463  1700 W BroadcastQueue: u0 Receiving a broadcast in packagecom.voicebianshengjinglingwc.wxl requires a permissions review
11-09 12:13:44.841  1463  1700 W BroadcastQueue: Skipping delivery: permission review required for Intent { act=android.intent.action.PACKAGE_ADDED dat=package: flg=0x4000010 (has extras) } from null (pid=1463, uid=1000) to com.voicebianshengjinglingwc.wxl/mp.ruu.Ztjjwrj
11-09 12:13:44.841  1463  1700 W BroadcastQueue: u0 Receiving a broadcast in packageio.dcloud.H5BC6BF13 requires a permissions review
11-09 12:13:44.841  1463  1700 W BroadcastQueue: Skipping delivery: permission review required for Intent { act=android.intent.action.PACKAGE_ADDED dat=package: flg=0x4000010 (has extras) } from null (pid=1463, uid=1000) to io.dcloud.H5BC6BF13/io.dcloud.common.adapter.io.DownloadReceiver
