11-09 12:13:50.831  1463  1700 W BroadcastQueue: Skipping delivery: permission review required for Intent { act=android.intent.action.PACKAGE_ADDED dat=package: flg=0x4000010 (has extras) } from null (pid=1463, uid=1000) to com.yoojar.zlsg.baidu/com.duoku.platform.download.broadcast.AppMonitorReceiver
11-09 12:13:50.832  1463  1700 W BroadcastQueue: u0 Receiving a broadcast in packageio.dcloud.H5BC6BF13 requires a permissions review
11-09 12:13:50.832  1463  1700 W BroadcastQueue: Skipping delivery: permission review required for Intent { act=android.intent.action.PACKAGE_ADDED dat=package: flg=0x4000010 (has extras) } from null (pid=1463, uid=1000) to io.dcloud.H5BC6BF13/io.dcloud.common.adapter.io.DownloadReceiver
11-09 12:13:50.832  1463  1700 W BroadcastQueue: Background execution not allowed: receiving Intent { act=android.intent.action.PACKAGE_ADDED dat=package: flg=0x4000010 (has extras) } to jp.naver.lineantivirus.android/.handler.PackageRemoveReceiver
11-09 12:13:50.834  1463  1463 V BackupManagerConstants: getFullBackupIntervalMilliseconds(...) returns 86400000
11-09 12:13:50.834  1463  1463 V BackupManagerConstants: getFullBackupRequiredNetworkType(...) returns 2
11-09 12:13:50.834  1463  1463 V BackupManagerConstants: getFullBackupRequireCharging(...) returns true
11-09 12:13:50.839  1463  1463 E NotificationService: Muting recently noisy 0|jp.naver.lineantivirus.android|2000|null|10194
11-09 12:13:50.845  1463  1699 W PackageManager: Failed registering loading progress callback. Package is fully loaded.
11-09 12:13:50.849  1463  5554 I ActivityManager: Background started FGS: Allowed [callingPackage: com.google.android.apps.wellbeing; callingUid: 10121; uidState: BFGS; intent: Intent { cmp=com.google.android.apps.wellbeing/com.google.apps.tiktok.concurrent.InternalForegroundService (has extras) }; code:BACKGROUND_ACTIVITY_PERMISSION; tempAllowListReason:<null>; targetSdkVersion:33; callerTargetSdkVersion:33; startForegroundCount:0; bindFromPackage:null]
11-09 12:13:50.862  1463  2011 D CompatibilityChangeReporter: Compat change id reported: 218533173; UID 10266; state: DISABLED
11-09 12:13:50.863  1463  1463 I Telecom : DefaultDialerCache: Refreshing default dialer for user 0: now com.google.android.dialer: DDC.oR@BU8
11-09 12:13:50.876  1463  1700 I DropBoxManagerService: add tag=system_server_wtf isTagEnabled=true flags=0x2
11-09 12:13:50.888  1463  4164 W BackupTransportManager: Package com.yadsssaawefnt.yyyfaa3a22eaa enabled setting: 0
11-09 12:13:50.907  1463  1699 W WindowMagnificationMgr: requestConnection duplicated request: connect=false, mConnectionState=DISCONNECTED
11-09 12:13:50.924  1463  1842 E VerityUtils: Failed to measure fs-verity, errno 1: /data/app/~~s9cVlYHn6TroWcQMJp27FQ==/com.yadsssaawefnt.yyyfaa3a22eaa-6ArYX2rTTS6_4e1dKSEu9g==/base.apk
11-09 12:13:50.928  1463  5553 D CompatibilityChangeReporter: Compat change id reported: 161252188; UID 10266; state: DISABLED
11-09 12:13:51.027  1463  3879 W AppOps  : setUidMode() called with a mode inconsistent with runtime permission state, this is discouraged and you should revoke the runtime permission instead: uid=10126, switchCode=0, mode=4, permission=android.permission.ACCESS_BACKGROUND_LOCATION
11-09 12:13:51.050  1463  1846 E PackageManager: ERROR: could not load root hash from incremental install
11-09 12:13:51.066  1463  1846 I PackageManager: Integrity check passed for file:///data/app/vmdl1064463799.tmp
11-09 12:13:51.106  1463  1463 I NotificationService: Cannot find enqueued record for key: 0|com.google.android.apps.wellbeing|174344743|null|10121
11-09 12:13:51.113  1463  1846 W PackageManager: Adding duplicate app id: 10267 name=com.eg.android.AlipayGphone
11-09 12:13:51.190  1463  5550 W BroadcastQueue: u0 Receiving a broadcast in packagecom.yoojar.zlsg.baidu requires a permissions review
11-09 12:13:51.190  1463  5550 W BroadcastQueue: Skipping delivery: permission review required for Intent { act=android.intent.action.PACKAGE_CHANGED dat=package: flg=0x5000010 (has extras) } from null (pid=1463, uid=1000) to com.yoojar.zlsg.baidu/com.duoku.platform.download.broadcast.AppMonitorReceiver
11-09 12:13:51.239  1463  5197 W AppOps  : setUidMode() called with a mode inconsistent with runtime permission state, this is discouraged and you should revoke the runtime permission instead: uid=10126, switchCode=1, mode=4, permission=android.permission.ACCESS_BACKGROUND_LOCATION
11-09 12:13:51.244  1463  2001 W AppOps  : setUidMode() called with a mode inconsistent with runtime permission state, this is discouraged and you should revoke the runtime permission instead: uid=10126, switchCode=0, mode=4, permission=android.permission.ACCESS_BACKGROUND_LOCATION
11-09 12:13:51.341  1463  5551 W NotificationHistory: Attempted to add notif for locked/gone/disabled user 0
11-09 12:13:51.347  1463  1702 D CompatibilityChangeReporter: Compat change id reported: 143937733; UID 10158; state: ENABLED
11-09 12:13:51.349  1463  1702 D CompatibilityChangeReporter: Compat change id reported: 135634846; UID 10158; state: DISABLED
11-09 12:13:51.349  1463  1702 D CompatibilityChangeReporter: Compat change id reported: 177438394; UID 10158; state: DISABLED
11-09 12:13:51.349  1463  1702 D CompatibilityChangeReporter: Compat change id reported: 135772972; UID 10158; state: DISABLED
11-09 12:13:51.349  1463  1702 D CompatibilityChangeReporter: Compat change id reported: 135754954; UID 10158; state: ENABLED
11-09 12:13:51.506  1463  1702 W ActivityManager: Slow operation: 158ms so far, now at startProcess: returned from zygote!
11-09 12:13:51.506  1463  1702 W ActivityManager: Slow operation: 158ms so far, now at startProcess: done updating battery stats
11-09 12:13:51.506  1463  1702 W ActivityManager: Slow operation: 158ms so far, now at startProcess: building log message
11-09 12:13:51.506  1463  1702 I ActivityManager: Start proc 18674:com.android.chrome:sandboxed_process0:org.chromium.content.app.SandboxedProcessService0:16/u0ai0 for  {com.android.chrome/org.chromium.content.app.SandboxedProcessService0:16}
11-09 12:13:51.506  1463  1702 W ActivityManager: Slow operation: 159ms so far, now at startProcess: starting to update pids map
11-09 12:13:51.507  1463  1702 W ActivityManager: Slow operation: 159ms so far, now at startProcess: done updating pids map
11-09 12:13:51.578  1463  3358 D CompatibilityChangeReporter: Compat change id reported: 168419799; UID 10158; state: DISABLED
11-09 12:13:51.578  1463  3358 D CompatibilityChangeReporter: Compat change id reported: 273564678; UID 10158; state: DISABLED
11-09 12:13:51.633  1463  1846 V BackupManagerService: [UserID:0] restoreAtInstall pkg=com.eg.android.AlipayGphone token=4d restoreSet=0
11-09 12:13:51.633  1463  1846 V BackupManagerService: [UserID:0] Finishing install immediately
11-09 12:13:51.640  1463  1846 D PackageInstallerSession: Marking session 1064463799 as applied
11-09 12:13:51.644  1463  1846 D CompatibilityChangeReporter: Compat change id reported: 168419799; UID 10267; state: DISABLED
11-09 12:13:51.644  1463  1846 D CompatibilityChangeReporter: Compat change id reported: 273564678; UID 10267; state: DISABLED
11-09 12:13:51.666  1463  1463 I Telecom : DefaultDialerCache: Refreshing default dialer for user 0: now com.google.android.dialer: DDC.oR@BVQ
11-09 12:13:51.675  1463  1463 V BackupManagerConstants: getFullBackupIntervalMilliseconds(...) returns 86400000
11-09 12:13:51.675  1463  1463 V BackupManagerConstants: getFullBackupRequiredNetworkType(...) returns 2
11-09 12:13:51.676  1463  1463 V BackupManagerConstants: getFullBackupRequireCharging(...) returns true
11-09 12:13:51.679  1463  5551 W BroadcastQueue: u0 Receiving a broadcast in packagecom.jr.narutoii requires a permissions review
11-09 12:13:51.679  1463  5551 W BroadcastQueue: Skipping delivery: permission review required for Intent { act=android.intent.action.PACKAGE_ADDED dat=package: flg=0x4000010 (has extras) } from null (pid=1463, uid=1000) to com.jr.narutoii/com.joyriver.engine.proxy.EngineReceiver
11-09 12:13:51.686  1463  5551 W ActivityManager: Exception when unbinding service com.android.chrome/org.chromium.content.app.SandboxedProcessService0:16
11-09 12:13:51.686  1463  5551 W ActivityManager: android.os.DeadObjectException
11-09 12:13:51.686  1463  5551 W ActivityManager: 	at android.os.BinderProxy.transactNative(Native Method)
11-09 12:13:51.686  1463  5551 W ActivityManager: 	at android.os.BinderProxy.transact(BinderProxy.java:584)
11-09 12:13:51.686  1463  5551 W ActivityManager: 	at android.app.IApplicationThread$Stub$Proxy.scheduleUnbindService(IApplicationThread.java:1346)
11-09 12:13:51.686  1463  5551 W ActivityManager: 	at com.android.server.am.ActiveServices.removeConnectionLocked(ActiveServices.java:4923)
11-09 12:13:51.686  1463  5551 W ActivityManager: 	at com.android.server.am.ActiveServices.unbindServiceLocked(ActiveServices.java:3173)
11-09 12:13:51.686  1463  5551 W ActivityManager: 	at com.android.server.am.ActivityManagerService.unbindService(ActivityManagerService.java:12752)
11-09 12:13:51.686  1463  5551 W ActivityManager: 	at android.app.IActivityManager$Stub.onTransact(IActivityManager.java:2559)
11-09 12:13:51.686  1463  5551 W ActivityManager: 	at com.android.server.am.ActivityManagerService.onTransact(ActivityManagerService.java:2634)
11-09 12:13:51.686  1463  5551 W ActivityManager: 	at android.os.Binder.execTransactInternal(Binder.java:1280)
11-09 12:13:51.686  1463  5551 W ActivityManager: 	at android.os.Binder.execTransact(Binder.java:1244)
11-09 12:13:51.687  1463  5551 I ActivityManager: Killing 18674:com.android.chrome:sandboxed_process0:org.chromium.content.app.SandboxedProcessService0:16/u0a158i-9000 (adj 905): isolated not needed
11-09 12:13:51.698  1463  1699 W WindowMagnificationMgr: requestConnection duplicated request: connect=false, mConnectionState=DISCONNECTED
11-09 12:13:51.708  1463  1846 E PackageManager: ERROR: could not load root hash from incremental install
11-09 12:13:51.714  1463  1700 W BroadcastQueue: u0 Receiving a broadcast in packagecom.android.buyer requires a permissions review
11-09 12:13:51.714  1463  1700 W BroadcastQueue: Skipping delivery: permission review required for Intent { act=android.intent.action.PACKAGE_ADDED dat=package: flg=0x4000010 (has extras) } from null (pid=1463, uid=1000) to com.android.buyer/.mRve
11-09 12:13:51.715  1463  1700 W BroadcastQueue: Background execution not allowed: receiving Intent { act=android.intent.action.PACKAGE_ADDED dat=package: flg=0x4000010 (has extras) } to com.google.android.packageinstaller/com.android.packageinstaller.PackageInstalledReceiver
11-09 12:13:51.716  1463  1700 W BroadcastQueue: Background execution not allowed: receiving Intent { act=android.intent.action.PACKAGE_ADDED dat=package: flg=0x4000010 (has extras) } to com.android.vending/com.google.android.finsky.packagemonitor.impl.PackageMonitorReceiverImpl$RegisteredReceiver
11-09 12:13:51.716  1463  1700 W BroadcastQueue: Background execution not allowed: receiving Intent { act=android.intent.action.PACKAGE_ADDED dat=package: flg=0x4000010 (has extras) } to com.android.vending/com.google.android.finsky.packagemonitor.backgroundimpl.BackgroundPackageMonitorReceiverImpl$RegisteredReceiver
11-09 12:13:51.716  1463  1700 W BroadcastQueue: Background execution not allowed: receiving Intent { act=android.intent.action.PACKAGE_ADDED dat=package: flg=0x4000010 (has extras) } to com.google.android.gms/.games.chimera.GamesSystemBroadcastReceiverProxy
11-09 12:13:51.716  1463  1700 W BroadcastQueue: Background execution not allowed: receiving Intent { act=android.intent.action.PACKAGE_ADDED dat=package: flg=0x4000010 (has extras) } to com.google.android.gms/.gass.chimera.PackageChangeBroadcastReceiver
11-09 12:13:51.716  1463  1700 W BroadcastQueue: Background execution not allowed: receiving Intent { act=android.intent.action.PACKAGE_ADDED dat=package: flg=0x4000010 (has extras) } to com.google.android.gms/.chimera.GmsIntentOperationService$PersistentTrustedReceiver
11-09 12:13:51.716  1463  1700 W BroadcastQueue: Background execution not allowed: receiving Intent { act=android.intent.action.PACKAGE_ADDED dat=package: flg=0x4000010 (has extras) } to com.google.android.googlequicksearchbox/com.google.android.apps.gsa.googlequicksearchbox.GelStubAppWatcher
11-09 12:13:51.716  1463  1700 W BroadcastQueue: u0 Receiving a broadcast in packagecom.cncd.japan.janli.shudu requires a permissions review
11-09 12:13:51.716  1463  1700 W BroadcastQueue: Skipping delivery: permission review required for Intent { act=android.intent.action.PACKAGE_ADDED dat=package: flg=0x4000010 (has extras) } from null (pid=1463, uid=1000) to com.cncd.japan.janli.shudu/net.l.k.r
11-09 12:13:51.716  1463  1700 W BroadcastQueue: u0 Receiving a broadcast in packagecom.cncd.japan.janli.shudu requires a permissions review
11-09 12:13:51.716  1463  1700 W BroadcastQueue: Skipping delivery: permission review required for Intent { act=android.intent.action.PACKAGE_ADDED dat=package: flg=0x4000010 (has extras) } from null (pid=1463, uid=1000) to com.cncd.japan.janli.shudu/com.feiwofour.coverscreen.SR
11-09 12:13:51.716  1463  1700 W BroadcastQueue: u0 Receiving a broadcast in packagecom.games.mengmeizhitd requires a permissions review
11-09 12:13:51.716  1463  1700 W BroadcastQueue: Skipping delivery: permission review required for Intent { act=android.intent.action.PACKAGE_ADDED dat=package: flg=0x4000010 (has extras) } from null (pid=1463, uid=1000) to com.games.mengmeizhitd/hjnw.ihjnw.i.isqly
11-09 12:13:51.716  1463  1700 W BroadcastQueue: u0 Receiving a broadcast in packagecom.hgperfko.yaeghrwx requires a permissions review
11-09 12:13:51.716  1463  1700 W BroadcastQueue: Skipping delivery: permission review required for Intent { act=android.intent.action.PACKAGE_ADDED dat=package: flg=0x4000010 (has extras) } from null (pid=1463, uid=1000) to com.hgperfko.yaeghrwx/.core.hLytdCQDBv
11-09 12:13:51.716  1463  1700 W BroadcastQueue: u0 Receiving a broadcast in packagecom.qiuqiu.dfmc requires a permissions review
11-09 12:13:51.716  1463  1700 W BroadcastQueue: Skipping delivery: permission review required for Intent { act=android.intent.action.PACKAGE_ADDED dat=package: flg=0x4000010 (has extras) } from null (pid=1463, uid=1000) to com.qiuqiu.dfmc/cn.jpush.android.service.PushReceiver
11-09 12:13:51.716  1463  1700 W BroadcastQueue: u0 Receiving a broadcast in packagecom.safesys.viruskiller requires a permissions review
11-09 12:13:51.716  1463  1700 W BroadcastQueue: Skipping delivery: permission review required for Intent { act=android.intent.action.PACKAGE_ADDED dat=package: flg=0x4000010 (has extras) } from null (pid=1463, uid=1000) to com.safesys.viruskiller/.ScanPackageBroadcast
11-09 12:13:51.716  1463  1700 W BroadcastQueue: u0 Receiving a broadcast in packagecom.uc108.mobile.sdgj.bd1 requires a permissions review
11-09 12:13:51.716  1463  1700 W BroadcastQueue: Skipping delivery: permission review required for Intent { act=android.intent.action.PACKAGE_ADDED dat=package: flg=0x4000010 (has extras) } from null (pid=1463, uid=1000) to com.uc108.mobile.sdgj.bd1/com.baidu.tiebasdk.service.InstallReceiver
11-09 12:13:51.716  1463  1700 W BroadcastQueue: u0 Receiving a broadcast in packagecom.voicebianshengjinglingwc.wxl requires a permissions review
11-09 12:13:51.716  1463  1700 W BroadcastQueue: Skipping delivery: permission review required for Intent { act=android.intent.action.PACKAGE_ADDED dat=package: flg=0x4000010 (has extras) } from null (pid=1463, uid=1000) to com.voicebianshengjinglingwc.wxl/mp.ruu.Ztjjwrj
11-09 12:13:51.716  1463  1700 W BroadcastQueue: u0 Receiving a broadcast in packagecom.yoojar.zlsg.baidu requires a permissions review
11-09 12:13:51.716  1463  1700 W BroadcastQueue: Skipping delivery: permission review required for Intent { act=android.intent.action.PACKAGE_ADDED dat=package: flg=0x4000010 (has extras) } from null (pid=1463, uid=1000) to com.yoojar.zlsg.baidu/com.duoku.platform.download.broadcast.AppMonitorReceiver
11-09 12:13:51.716  1463  1700 W BroadcastQueue: u0 Receiving a broadcast in packageio.dcloud.H5BC6BF13 requires a permissions review
11-09 12:13:51.716  1463  1700 W BroadcastQueue: Skipping delivery: permission review required for Intent { act=android.intent.action.PACKAGE_ADDED dat=package: flg=0x4000010 (has extras) } from null (pid=1463, uid=1000) to io.dcloud.H5BC6BF13/io.dcloud.common.adapter.io.DownloadReceiver
11-09 12:13:51.717  1463  1700 W BroadcastQueue: Background execution not allowed: receiving Intent { act=android.intent.action.PACKAGE_ADDED dat=package: flg=0x4000010 (has extras) } to jp.naver.lineantivirus.android/.handler.PackageRemoveReceiver
11-09 12:13:51.720  1463  2042 W PackageParsing: Ignoring duplicate uses-permissions/uses-permissions-sdk-m: android.permission.RECEIVE_MMS in package: waXa6.ppt at: Binary XML file line #28
11-09 12:13:51.722  1463  1842 E VerityUtils: Failed to measure fs-verity, errno 1: /data/app/~~Inc00sPiHgB_iMrpnvBf5Q==/com.eg.android.AlipayGphone--CbcXtRTZSTBlsRJFmY8gw==/base.apk
11-09 12:13:51.728  1463  1846 I PackageManager: Integrity check passed for file:///data/app/vmdl142055751.tmp
11-09 12:13:51.734  1463  1463 I Telecom : DefaultDialerCache: Refreshing default dialer for user 0: now com.google.android.dialer: DDC.oR@BVc
11-09 12:13:51.735  1463  2011 D CompatibilityChangeReporter: Compat change id reported: 218533173; UID 10267; state: DISABLED
11-09 12:13:51.737  1463  4164 W BackupTransportManager: Package com.eg.android.AlipayGphone enabled setting: 0
11-09 12:13:51.750  1463  1699 W PackageManager: Failed registering loading progress callback. Package is fully loaded.
11-09 12:13:51.761  1463  1699 W WindowMagnificationMgr: requestConnection duplicated request: connect=false, mConnectionState=DISCONNECTED
11-09 12:13:51.768  1463  5549 D CompatibilityChangeReporter: Compat change id reported: 161252188; UID 10267; state: DISABLED
11-09 12:13:51.872  1463  5197 W BroadcastQueue: u0 Receiving a broadcast in packagecom.yoojar.zlsg.baidu requires a permissions review
11-09 12:13:51.872  1463  5197 W BroadcastQueue: Skipping delivery: permission review required for Intent { act=android.intent.action.PACKAGE_CHANGED dat=package: flg=0x5000010 (has extras) } from null (pid=1463, uid=1000) to com.yoojar.zlsg.baidu/com.duoku.platform.download.broadcast.AppMonitorReceiver
11-09 12:13:51.879  1463  1846 W PackageParsing: Ignoring duplicate uses-permissions/uses-permissions-sdk-m: android.permission.RECEIVE_MMS in package: waXa6.ppt at: Binary XML file line #28
11-09 12:13:51.968  1463  1683 V StorageManagerService: Package null has legacy storage
11-09 12:13:51.972  1463  5547 I ActivityTaskManager: START u0 {flg=0x14010000 cmp=jp.naver.lineantivirus.android/.ui.realtime.activity.lv_RTPopupActivity} from uid 10194
11-09 12:13:51.985  1463  5547 I ActivityTaskManager: Add Task{a73b634 #10 type=standard A=10194:jp.naver.lineantivirus.android} to hidden list because adding Task{a9e4f8d #34 type=standard A=10194:jp.naver.lineantivirus.android}
11-09 12:13:51.998  1463  5197 W ActivityTaskManager: Tried to set launchTime (0) < mLastActivityLaunchTime (624527)
11-09 12:13:52.031  1463  3879 D CoreBackPreview: Window{1459e6b u0 jp.naver.lineantivirus.android/jp.naver.lineantivirus.android.ui.realtime.activity.lv_RTPopupActivity}: Setting back callback OnBackInvokedCallbackInfo{mCallback=android.window.IOnBackInvokedCallback$Stub$Proxy@8aa0, mPriority=0}
11-09 12:13:52.037  1463  1512 D CoreBackPreview: Window{7245ece u0 jp.naver.lineantivirus.android/jp.naver.lineantivirus.android.ui.realtime.activity.lv_RTPopupActivity}: Setting back callback OnBackInvokedCallbackInfo{mCallback=android.window.IOnBackInvokedCallback$Stub$Proxy@5782419, mPriority=0}
11-09 12:13:52.077  1463  5553 W AppOps  : setUidMode() called with a mode inconsistent with runtime permission state, this is discouraged and you should revoke the runtime permission instead: uid=10126, switchCode=0, mode=4, permission=android.permission.ACCESS_BACKGROUND_LOCATION
11-09 12:13:52.104  1463  1846 V BackupManagerService: [UserID:0] restoreAtInstall pkg=waXa6.ppt token=4e restoreSet=0
11-09 12:13:52.104  1463  1846 V BackupManagerService: [UserID:0] Finishing install immediately
11-09 12:13:52.106  1463  1846 D PackageInstallerSession: Marking session 142055751 as applied
11-09 12:13:52.118  1463  1846 D CompatibilityChangeReporter: Compat change id reported: 168419799; UID 10268; state: DISABLED
11-09 12:13:52.118  1463  1846 D CompatibilityChangeReporter: Compat change id reported: 273564678; UID 10268; state: DISABLED
11-09 12:13:52.131  1463  1463 I Telecom : DefaultDialerCache: Refreshing default dialer for user 0: now com.google.android.dialer: DDC.oR@BV4
11-09 12:13:52.139  1463  5379 W BroadcastQueue: u0 Receiving a broadcast in packagecom.jr.narutoii requires a permissions review
11-09 12:13:52.139  1463  5379 W BroadcastQueue: Skipping delivery: permission review required for Intent { act=android.intent.action.PACKAGE_ADDED dat=package: flg=0x4000010 (has extras) } from null (pid=1463, uid=1000) to com.jr.narutoii/com.joyriver.engine.proxy.EngineReceiver
11-09 12:13:52.143  1463  1700 W BroadcastQueue: u0 Receiving a broadcast in packagecom.android.buyer requires a permissions review
11-09 12:13:52.143  1463  1700 W BroadcastQueue: Skipping delivery: permission review required for Intent { act=android.intent.action.PACKAGE_ADDED dat=package: flg=0x4000010 (has extras) } from null (pid=1463, uid=1000) to com.android.buyer/.mRve
11-09 12:13:52.144  1463  1700 W BroadcastQueue: Background execution not allowed: receiving Intent { act=android.intent.action.PACKAGE_ADDED dat=package: flg=0x4000010 (has extras) } to com.google.android.packageinstaller/com.android.packageinstaller.PackageInstalledReceiver
11-09 12:13:52.144  1463  1700 W BroadcastQueue: Background execution not allowed: receiving Intent { act=android.intent.action.PACKAGE_ADDED dat=package: flg=0x4000010 (has extras) } to com.android.vending/com.google.android.finsky.packagemonitor.impl.PackageMonitorReceiverImpl$RegisteredReceiver
11-09 12:13:52.144  1463  1700 W BroadcastQueue: Background execution not allowed: receiving Intent { act=android.intent.action.PACKAGE_ADDED dat=package: flg=0x4000010 (has extras) } to com.android.vending/com.google.android.finsky.packagemonitor.backgroundimpl.BackgroundPackageMonitorReceiverImpl$RegisteredReceiver
11-09 12:13:52.144  1463  1700 W BroadcastQueue: Background execution not allowed: receiving Intent { act=android.intent.action.PACKAGE_ADDED dat=package: flg=0x4000010 (has extras) } to com.google.android.gms/.games.chimera.GamesSystemBroadcastReceiverProxy
11-09 12:13:52.144  1463  1700 W BroadcastQueue: Background execution not allowed: receiving Intent { act=android.intent.action.PACKAGE_ADDED dat=package: flg=0x4000010 (has extras) } to com.google.android.gms/.gass.chimera.PackageChangeBroadcastReceiver
11-09 12:13:52.144  1463  1700 W BroadcastQueue: Background execution not allowed: receiving Intent { act=android.intent.action.PACKAGE_ADDED dat=package: flg=0x4000010 (has extras) } to com.google.android.gms/.chimera.GmsIntentOperationService$PersistentTrustedReceiver
11-09 12:13:52.144  1463  1700 W BroadcastQueue: Background execution not allowed: receiving Intent { act=android.intent.action.PACKAGE_ADDED dat=package: flg=0x4000010 (has extras) } to com.google.android.googlequicksearchbox/com.google.android.apps.gsa.googlequicksearchbox.GelStubAppWatcher
11-09 12:13:52.144  1463  1700 W BroadcastQueue: u0 Receiving a broadcast in packagecom.cncd.japan.janli.shudu requires a permissions review
11-09 12:13:52.144  1463  1700 W BroadcastQueue: Skipping delivery: permission review required for Intent { act=android.intent.action.PACKAGE_ADDED dat=package: flg=0x4000010 (has extras) } from null (pid=1463, uid=1000) to com.cncd.japan.janli.shudu/net.l.k.r
11-09 12:13:52.144  1463  1700 W BroadcastQueue: u0 Receiving a broadcast in packagecom.cncd.japan.janli.shudu requires a permissions review
11-09 12:13:52.144  1463  1700 W BroadcastQueue: Skipping delivery: permission review required for Intent { act=android.intent.action.PACKAGE_ADDED dat=package: flg=0x4000010 (has extras) } from null (pid=1463, uid=1000) to com.cncd.japan.janli.shudu/com.feiwofour.coverscreen.SR
11-09 12:13:52.144  1463  1700 W BroadcastQueue: u0 Receiving a broadcast in packagecom.games.mengmeizhitd requires a permissions review
11-09 12:13:52.144  1463  1700 W BroadcastQueue: Skipping delivery: permission review required for Intent { act=android.intent.action.PACKAGE_ADDED dat=package: flg=0x4000010 (has extras) } from null (pid=1463, uid=1000) to com.games.mengmeizhitd/hjnw.ihjnw.i.isqly
11-09 12:13:52.144  1463  1700 W BroadcastQueue: u0 Receiving a broadcast in packagecom.hgperfko.yaeghrwx requires a permissions review
11-09 12:13:52.144  1463  1700 W BroadcastQueue: Skipping delivery: permission review required for Intent { act=android.intent.action.PACKAGE_ADDED dat=package: flg=0x4000010 (has extras) } from null (pid=1463, uid=1000) to com.hgperfko.yaeghrwx/.core.hLytdCQDBv
11-09 12:13:52.144  1463  1700 W BroadcastQueue: u0 Receiving a broadcast in packagecom.qiuqiu.dfmc requires a permissions review
11-09 12:13:52.144  1463  1700 W BroadcastQueue: Skipping delivery: permission review required for Intent { act=android.intent.action.PACKAGE_ADDED dat=package: flg=0x4000010 (has extras) } from null (pid=1463, uid=1000) to com.qiuqiu.dfmc/cn.jpush.android.service.PushReceiver
11-09 12:13:52.144  1463  1700 W BroadcastQueue: u0 Receiving a broadcast in packagecom.safesys.viruskiller requires a permissions review
11-09 12:13:52.144  1463  1700 W BroadcastQueue: Skipping delivery: permission review required for Intent { act=android.intent.action.PACKAGE_ADDED dat=package: flg=0x4000010 (has extras) } from null (pid=1463, uid=1000) to com.safesys.viruskiller/.ScanPackageBroadcast
11-09 12:13:52.144  1463  1700 W BroadcastQueue: u0 Receiving a broadcast in packagecom.uc108.mobile.sdgj.bd1 requires a permissions review
11-09 12:13:52.144  1463  1700 W BroadcastQueue: Skipping delivery: permission review required for Intent { act=android.intent.action.PACKAGE_ADDED dat=package: flg=0x4000010 (has extras) } from null (pid=1463, uid=1000) to com.uc108.mobile.sdgj.bd1/com.baidu.tiebasdk.service.InstallReceiver
11-09 12:13:52.144  1463  1700 W BroadcastQueue: u0 Receiving a broadcast in packagecom.voicebianshengjinglingwc.wxl requires a permissions review
11-09 12:13:52.144  1463  1700 W BroadcastQueue: Skipping delivery: permission review required for Intent { act=android.intent.action.PACKAGE_ADDED dat=package: flg=0x4000010 (has extras) } from null (pid=1463, uid=1000) to com.voicebianshengjinglingwc.wxl/mp.ruu.Ztjjwrj
11-09 12:13:52.144  1463  1700 W BroadcastQueue: u0 Receiving a broadcast in packagecom.yoojar.zlsg.baidu requires a permissions review
11-09 12:13:52.144  1463  1700 W BroadcastQueue: Skipping delivery: permission review required for Intent { act=android.intent.action.PACKAGE_ADDED dat=package: flg=0x4000010 (has extras) } from null (pid=1463, uid=1000) to com.yoojar.zlsg.baidu/com.duoku.platform.download.broadcast.AppMonitorReceiver
11-09 12:13:52.144  1463  1700 W BroadcastQueue: u0 Receiving a broadcast in packageio.dcloud.H5BC6BF13 requires a permissions review
11-09 12:13:52.144  1463  1700 W BroadcastQueue: Skipping delivery: permission review required for Intent { act=android.intent.action.PACKAGE_ADDED dat=package: flg=0x4000010 (has extras) } from null (pid=1463, uid=1000) to io.dcloud.H5BC6BF13/io.dcloud.common.adapter.io.DownloadReceiver
11-09 12:13:52.144  1463  1700 W BroadcastQueue: Background execution not allowed: receiving Intent { act=android.intent.action.PACKAGE_ADDED dat=package: flg=0x4000010 (has extras) } to jp.naver.lineantivirus.android/.handler.PackageRemoveReceiver
11-09 12:13:52.148  1463  1699 W WindowMagnificationMgr: requestConnection duplicated request: connect=false, mConnectionState=DISCONNECTED
11-09 12:13:52.184  1463  5553 D OomAdjuster: Not killing cached processes
11-09 12:13:52.184  1463  1463 V BackupManagerConstants: getFullBackupIntervalMilliseconds(...) returns 86400000
11-09 12:13:52.184  1463  1463 V BackupManagerConstants: getFullBackupRequiredNetworkType(...) returns 2
11-09 12:13:52.185  1463  1463 V BackupManagerConstants: getFullBackupRequireCharging(...) returns true
11-09 12:13:52.197  1463  1699 W PackageManager: Failed registering loading progress callback. Package is fully loaded.
11-09 12:13:52.204  1463  2011 D CompatibilityChangeReporter: Compat change id reported: 218533173; UID 10268; state: DISABLED
11-09 12:13:52.206  1463  1463 W NotificationHistory: Attempted to add notif for locked/gone/disabled user 0
11-09 12:13:52.219  1463  1699 W WindowMagnificationMgr: requestConnection duplicated request: connect=false, mConnectionState=DISCONNECTED
11-09 12:13:52.219  1463  1463 I Telecom : DefaultDialerCache: Refreshing default dialer for user 0: now com.google.android.dialer: DDC.oR@BWE
11-09 12:13:52.221  1463  1842 E VerityUtils: Failed to measure fs-verity, errno 1: /data/app/~~JzduylUOeCASJN6ksYUuBQ==/waXa6.ppt-4_oVVAPjP7x4h2scpk-MnQ==/base.apk
11-09 12:13:52.224  1463  5197 D CompatibilityChangeReporter: Compat change id reported: 161252188; UID 10268; state: DISABLED
11-09 12:13:52.275  1463  4164 W BackupTransportManager: Package waXa6.ppt enabled setting: 0
11-09 12:13:52.319  1463  1846 E PackageManager: ERROR: could not load root hash from incremental install
11-09 12:13:52.322  1463  5197 I ActivityTaskManager: START u0 {flg=0x14010000 cmp=jp.naver.lineantivirus.android/.ui.realtime.activity.lv_RTPopupActivity} from uid 10194
11-09 12:13:52.343  1463  5417 W AppOps  : setUidMode() called with a mode inconsistent with runtime permission state, this is discouraged and you should revoke the runtime permission instead: uid=10126, switchCode=1, mode=4, permission=android.permission.ACCESS_BACKGROUND_LOCATION
11-09 12:13:52.347  1463  5379 W AppOps  : setUidMode() called with a mode inconsistent with runtime permission state, this is discouraged and you should revoke the runtime permission instead: uid=10126, switchCode=0, mode=4, permission=android.permission.ACCESS_BACKGROUND_LOCATION
11-09 12:13:52.356  1463  3209 W BroadcastQueue: u0 Receiving a broadcast in packagecom.yoojar.zlsg.baidu requires a permissions review
11-09 12:13:52.356  1463  3209 W BroadcastQueue: Skipping delivery: permission review required for Intent { act=android.intent.action.PACKAGE_CHANGED dat=package: flg=0x5000010 (has extras) } from null (pid=1463, uid=1000) to com.yoojar.zlsg.baidu/com.duoku.platform.download.broadcast.AppMonitorReceiver
11-09 12:13:52.367  1463  1846 I PackageManager: Integrity check passed for file:///data/app/vmdl470543207.tmp
11-09 12:13:52.370  1463  2001 W ActivityManager: Receiver with filter android.content.IntentFilter@4bdd897 already registered for pid 10880, callerPackage is jp.naver.lineantivirus.android
11-09 12:13:52.371  1463  5379 W ActivityManager: Receiver with filter android.content.IntentFilter@89d6a84 already registered for pid 10880, callerPackage is jp.naver.lineantivirus.android
11-09 12:13:52.371  1463  5379 W ActivityManager: Receiver with filter android.content.IntentFilter@792c26d already registered for pid 10880, callerPackage is jp.naver.lineantivirus.android
11-09 12:13:52.373  1463  5379 D CoreBackPreview: Window{1459e6b u0 jp.naver.lineantivirus.android/jp.naver.lineantivirus.android.ui.realtime.activity.lv_RTPopupActivity}: Setting back callback null
11-09 12:13:52.389  1463  1687 V WindowManager: Unknown focus tokens, dropping reportFocusChanged
11-09 12:13:52.396  1463  5197 D CoreBackPreview: Window{77b00c5 u0 jp.naver.lineantivirus.android/jp.naver.lineantivirus.android.ui.realtime.activity.lv_RTPopupActivity}: Setting back callback OnBackInvokedCallbackInfo{mCallback=android.window.IOnBackInvokedCallback$Stub$Proxy@46ea571, mPriority=0}
11-09 12:13:52.414  1463  3358 I ActivityTaskManager: Add Task{a9e4f8d #34 type=standard A=10194:jp.naver.lineantivirus.android} to hidden list because adding Task{a73b634 #10 type=standard A=10194:jp.naver.lineantivirus.android}
11-09 12:13:52.497  1463  1683 V StorageManagerService: Package null has legacy storage
11-09 12:13:52.515  1463  5544 D CoreBackPreview: Window{77b00c5 u0 jp.naver.lineantivirus.android/jp.naver.lineantivirus.android.ui.realtime.activity.lv_RTPopupActivity}: Setting back callback null
11-09 12:13:52.520  1463  3209 W ActivityTaskManager: Finishing task with all activities already finished
11-09 12:13:52.520  1463  3209 W ActivityTaskManager: Duplicate finish request for r=ActivityRecord{80427b5 u0 jp.naver.lineantivirus.android/.ui.realtime.activity.lv_RTPopupActivity} t34 f}}
11-09 12:13:52.522  1463  5417 D CoreBackPreview: Window{7245ece u0 jp.naver.lineantivirus.android/jp.naver.lineantivirus.android.ui.realtime.activity.lv_RTPopupActivity}: Setting back callback null
11-09 12:13:52.548  1463  1463 E NotificationService: Muting recently noisy 0|jp.naver.lineantivirus.android|1000|null|10194
11-09 12:13:52.740  1463  5544 I ActivityManager: Background started FGS: Allowed [callingPackage: com.google.android.apps.wellbeing; callingUid: 10121; uidState: BFGS; intent: Intent { cmp=com.google.android.apps.wellbeing/com.google.apps.tiktok.concurrent.InternalForegroundService (has extras) }; code:BACKGROUND_ACTIVITY_PERMISSION; tempAllowListReason:<null>; targetSdkVersion:33; callerTargetSdkVersion:33; startForegroundCount:0; bindFromPackage:null]
11-09 12:13:52.742  1463  1700 I DropBoxManagerService: add tag=system_server_wtf isTagEnabled=true flags=0x2
11-09 12:13:52.877  1463  1700 W BroadcastQueue: Background execution not allowed: receiving Intent { act=android.intent.action.DROPBOX_ENTRY_ADDED flg=0x10 (has extras) } to com.google.android.gms/.stats.service.DropBoxEntryAddedReceiver
11-09 12:13:52.878  1463  1700 W BroadcastQueue: Background execution not allowed: receiving Intent { act=android.intent.action.DROPBOX_ENTRY_ADDED flg=0x10 (has extras) } to com.google.android.gms/.chimera.GmsIntentOperationService$PersistentTrustedReceiver
11-09 12:13:52.935  1463  5551 W AppOps  : setUidMode() called with a mode inconsistent with runtime permission state, this is discouraged and you should revoke the runtime permission instead: uid=10126, switchCode=0, mode=4, permission=android.permission.ACCESS_BACKGROUND_LOCATION
11-09 12:13:52.947  1463  1463 I NotificationService: Cannot find enqueued record for key: 0|com.google.android.apps.wellbeing|174344743|null|10121
11-09 12:13:53.009  1463  3358 W AppOps  : setUidMode() called with a mode inconsistent with runtime permission state, this is discouraged and you should revoke the runtime permission instead: uid=10126, switchCode=1, mode=4, permission=android.permission.ACCESS_BACKGROUND_LOCATION
11-09 12:13:53.011  1463  3358 W AppOps  : setUidMode() called with a mode inconsistent with runtime permission state, this is discouraged and you should revoke the runtime permission instead: uid=10126, switchCode=0, mode=4, permission=android.permission.ACCESS_BACKGROUND_LOCATION
11-09 12:13:53.051  1463  1846 V BackupManagerService: [UserID:0] restoreAtInstall pkg=com.sqjuuzpr.ryxjuzs token=4f restoreSet=0
11-09 12:13:53.051  1463  1846 V BackupManagerService: [UserID:0] Finishing install immediately
11-09 12:13:53.054  1463  1846 D PackageInstallerSession: Marking session 470543207 as applied
11-09 12:13:53.057  1463  1846 D CompatibilityChangeReporter: Compat change id reported: 168419799; UID 10269; state: DISABLED
11-09 12:13:53.057  1463  1846 D CompatibilityChangeReporter: Compat change id reported: 273564678; UID 10269; state: DISABLED
11-09 12:13:53.067  1463  1463 I Telecom : DefaultDialerCache: Refreshing default dialer for user 0: now com.google.android.dialer: DDC.oR@BWw
11-09 12:13:53.078  1463  1463 V BackupManagerConstants: getFullBackupIntervalMilliseconds(...) returns 86400000
11-09 12:13:53.078  1463  1463 V BackupManagerConstants: getFullBackupRequiredNetworkType(...) returns 2
11-09 12:13:53.078  1463  1463 V BackupManagerConstants: getFullBackupRequireCharging(...) returns true
11-09 12:13:53.081  1463  5549 W BroadcastQueue: u0 Receiving a broadcast in packagecom.jr.narutoii requires a permissions review
11-09 12:13:53.081  1463  5549 W BroadcastQueue: Skipping delivery: permission review required for Intent { act=android.intent.action.PACKAGE_ADDED dat=package: flg=0x4000010 (has extras) } from null (pid=1463, uid=1000) to com.jr.narutoii/com.joyriver.engine.proxy.EngineReceiver
11-09 12:13:53.087  1463  1700 W BroadcastQueue: u0 Receiving a broadcast in packagecom.android.buyer requires a permissions review
11-09 12:13:53.087  1463  1700 W BroadcastQueue: Skipping delivery: permission review required for Intent { act=android.intent.action.PACKAGE_ADDED dat=package: flg=0x4000010 (has extras) } from null (pid=1463, uid=1000) to com.android.buyer/.mRve
11-09 12:13:53.088  1463  1700 W BroadcastQueue: Background execution not allowed: receiving Intent { act=android.intent.action.PACKAGE_ADDED dat=package: flg=0x4000010 (has extras) } to com.google.android.packageinstaller/com.android.packageinstaller.PackageInstalledReceiver
11-09 12:13:53.088  1463  1700 W BroadcastQueue: Background execution not allowed: receiving Intent { act=android.intent.action.PACKAGE_ADDED dat=package: flg=0x4000010 (has extras) } to com.android.vending/com.google.android.finsky.packagemonitor.impl.PackageMonitorReceiverImpl$RegisteredReceiver
11-09 12:13:53.088  1463  1700 W BroadcastQueue: Background execution not allowed: receiving Intent { act=android.intent.action.PACKAGE_ADDED dat=package: flg=0x4000010 (has extras) } to com.android.vending/com.google.android.finsky.packagemonitor.backgroundimpl.BackgroundPackageMonitorReceiverImpl$RegisteredReceiver
11-09 12:13:53.088  1463  1700 W BroadcastQueue: Background execution not allowed: receiving Intent { act=android.intent.action.PACKAGE_ADDED dat=package: flg=0x4000010 (has extras) } to com.google.android.gms/.games.chimera.GamesSystemBroadcastReceiverProxy
11-09 12:13:53.088  1463  1700 W BroadcastQueue: Background execution not allowed: receiving Intent { act=android.intent.action.PACKAGE_ADDED dat=package: flg=0x4000010 (has extras) } to com.google.android.gms/.gass.chimera.PackageChangeBroadcastReceiver
11-09 12:13:53.088  1463  1700 W BroadcastQueue: Background execution not allowed: receiving Intent { act=android.intent.action.PACKAGE_ADDED dat=package: flg=0x4000010 (has extras) } to com.google.android.gms/.chimera.GmsIntentOperationService$PersistentTrustedReceiver
11-09 12:13:53.088  1463  1700 W BroadcastQueue: Background execution not allowed: receiving Intent { act=android.intent.action.PACKAGE_ADDED dat=package: flg=0x4000010 (has extras) } to com.google.android.googlequicksearchbox/com.google.android.apps.gsa.googlequicksearchbox.GelStubAppWatcher
11-09 12:13:53.088  1463  1700 W BroadcastQueue: u0 Receiving a broadcast in packagecom.cncd.japan.janli.shudu requires a permissions review
11-09 12:13:53.088  1463  1700 W BroadcastQueue: Skipping delivery: permission review required for Intent { act=android.intent.action.PACKAGE_ADDED dat=package: flg=0x4000010 (has extras) } from null (pid=1463, uid=1000) to com.cncd.japan.janli.shudu/net.l.k.r
11-09 12:13:53.088  1463  1700 W BroadcastQueue: u0 Receiving a broadcast in packagecom.cncd.japan.janli.shudu requires a permissions review
11-09 12:13:53.088  1463  1700 W BroadcastQueue: Skipping delivery: permission review required for Intent { act=android.intent.action.PACKAGE_ADDED dat=package: flg=0x4000010 (has extras) } from null (pid=1463, uid=1000) to com.cncd.japan.janli.shudu/com.feiwofour.coverscreen.SR
11-09 12:13:53.088  1463  1700 W BroadcastQueue: u0 Receiving a broadcast in packagecom.games.mengmeizhitd requires a permissions review
11-09 12:13:53.088  1463  1700 W BroadcastQueue: Skipping delivery: permission review required for Intent { act=android.intent.action.PACKAGE_ADDED dat=package: flg=0x4000010 (has extras) } from null (pid=1463, uid=1000) to com.games.mengmeizhitd/hjnw.ihjnw.i.isqly
11-09 12:13:53.088  1463  1700 W BroadcastQueue: u0 Receiving a broadcast in packagecom.hgperfko.yaeghrwx requires a permissions review
11-09 12:13:53.088  1463  1700 W BroadcastQueue: Skipping delivery: permission review required for Intent { act=android.intent.action.PACKAGE_ADDED dat=package: flg=0x4000010 (has extras) } from null (pid=1463, uid=1000) to com.hgperfko.yaeghrwx/.core.hLytdCQDBv
11-09 12:13:53.088  1463  1700 W BroadcastQueue: u0 Receiving a broadcast in packagecom.qiuqiu.dfmc requires a permissions review
11-09 12:13:53.088  1463  1700 W BroadcastQueue: Skipping delivery: permission review required for Intent { act=android.intent.action.PACKAGE_ADDED dat=package: flg=0x4000010 (has extras) } from null (pid=1463, uid=1000) to com.qiuqiu.dfmc/cn.jpush.android.service.PushReceiver
11-09 12:13:53.088  1463  1700 W BroadcastQueue: u0 Receiving a broadcast in packagecom.safesys.viruskiller requires a permissions review
11-09 12:13:53.088  1463  1700 W BroadcastQueue: Skipping delivery: permission review required for Intent { act=android.intent.action.PACKAGE_ADDED dat=package: flg=0x4000010 (has extras) } from null (pid=1463, uid=1000) to com.safesys.viruskiller/.ScanPackageBroadcast
11-09 12:13:53.089  1463  1700 W BroadcastQueue: u0 Receiving a broadcast in packagecom.uc108.mobile.sdgj.bd1 requires a permissions review
11-09 12:13:53.089  1463  1700 W BroadcastQueue: Skipping delivery: permission review required for Intent { act=android.intent.action.PACKAGE_ADDED dat=package: flg=0x4000010 (has extras) } from null (pid=1463, uid=1000) to com.uc108.mobile.sdgj.bd1/com.baidu.tiebasdk.service.InstallReceiver
11-09 12:13:53.089  1463  1700 W BroadcastQueue: u0 Receiving a broadcast in packagecom.voicebianshengjinglingwc.wxl requires a permissions review
11-09 12:13:53.089  1463  1700 W BroadcastQueue: Skipping delivery: permission review required for Intent { act=android.intent.action.PACKAGE_ADDED dat=package: flg=0x4000010 (has extras) } from null (pid=1463, uid=1000) to com.voicebianshengjinglingwc.wxl/mp.ruu.Ztjjwrj
11-09 12:13:53.089  1463  1700 W BroadcastQueue: u0 Receiving a broadcast in packagecom.yoojar.zlsg.baidu requires a permissions review
11-09 12:13:53.089  1463  1700 W BroadcastQueue: Skipping delivery: permission review required for Intent { act=android.intent.action.PACKAGE_ADDED dat=package: flg=0x4000010 (has extras) } from null (pid=1463, uid=1000) to com.yoojar.zlsg.baidu/com.duoku.platform.download.broadcast.AppMonitorReceiver
11-09 12:13:53.090  1463  1700 W BroadcastQueue: u0 Receiving a broadcast in packageio.dcloud.H5BC6BF13 requires a permissions review
11-09 12:13:53.090  1463  1700 W BroadcastQueue: Skipping delivery: permission review required for Intent { act=android.intent.action.PACKAGE_ADDED dat=package: flg=0x4000010 (has extras) } from null (pid=1463, uid=1000) to io.dcloud.H5BC6BF13/io.dcloud.common.adapter.io.DownloadReceiver
11-09 12:13:53.090  1463  1700 W BroadcastQueue: Background execution not allowed: receiving Intent { act=android.intent.action.PACKAGE_ADDED dat=package: flg=0x4000010 (has extras) } to jp.naver.lineantivirus.android/.handler.PackageRemoveReceiver
11-09 12:13:53.097  1463  1699 W WindowMagnificationMgr: requestConnection duplicated request: connect=false, mConnectionState=DISCONNECTED
11-09 12:13:53.100  1463  2011 D CompatibilityChangeReporter: Compat change id reported: 218533173; UID 10269; state: DISABLED
11-09 12:13:53.106  1463  1463 I Telecom : DefaultDialerCache: Refreshing default dialer for user 0: now com.google.android.dialer: DDC.oR@BW0
11-09 12:13:53.124  1463  4164 W BackupTransportManager: Package com.sqjuuzpr.ryxjuzs enabled setting: 0
11-09 12:13:53.132  1463  1699 W PackageManager: Failed registering loading progress callback. Package is fully loaded.
11-09 12:13:53.135  1463  1842 E VerityUtils: Failed to measure fs-verity, errno 1: /data/app/~~BFy2HH66-qAXFOkwchihcQ==/com.sqjuuzpr.ryxjuzs-uXCV_3gziUij9Pn5dODe-w==/base.apk
11-09 12:13:53.135  1463  5550 D CompatibilityChangeReporter: Compat change id reported: 161252188; UID 10269; state: DISABLED
11-09 12:13:53.165  1463  1699 W WindowMagnificationMgr: requestConnection duplicated request: connect=false, mConnectionState=DISCONNECTED
11-09 12:13:53.246  1463  3879 W BroadcastQueue: u0 Receiving a broadcast in packagecom.yoojar.zlsg.baidu requires a permissions review
11-09 12:13:53.246  1463  3879 W BroadcastQueue: Skipping delivery: permission review required for Intent { act=android.intent.action.PACKAGE_CHANGED dat=package: flg=0x5000010 (has extras) } from null (pid=1463, uid=1000) to com.yoojar.zlsg.baidu/com.duoku.platform.download.broadcast.AppMonitorReceiver
11-09 12:13:53.354  1463  1846 E PackageManager: ERROR: could not load root hash from incremental install
11-09 12:13:53.378  1463  1846 I PackageManager: Integrity check passed for file:///data/app/vmdl2042775944.tmp
11-09 12:13:53.489  1463  1683 V StorageManagerService: Package null has legacy storage
11-09 12:13:53.930  1463  5553 W AppOps  : setUidMode() called with a mode inconsistent with runtime permission state, this is discouraged and you should revoke the runtime permission instead: uid=10126, switchCode=0, mode=4, permission=android.permission.ACCESS_BACKGROUND_LOCATION
11-09 12:13:53.959  1463  1846 V BackupManagerService: [UserID:0] restoreAtInstall pkg=slam.cross.educate token=50 restoreSet=0
11-09 12:13:53.959  1463  1846 V BackupManagerService: [UserID:0] Finishing install immediately
11-09 12:13:53.960  1463  1846 D PackageInstallerSession: Marking session 2042775944 as applied
11-09 12:13:53.965  1463  1846 D CompatibilityChangeReporter: Compat change id reported: 168419799; UID 10270; state: DISABLED
11-09 12:13:53.965  1463  1846 D CompatibilityChangeReporter: Compat change id reported: 273564678; UID 10270; state: DISABLED
11-09 12:13:53.970  1463  1700 W BroadcastQueue: u0 Receiving a broadcast in packagecom.jr.narutoii requires a permissions review
11-09 12:13:53.970  1463  1700 W BroadcastQueue: Skipping delivery: permission review required for Intent { act=android.intent.action.PACKAGE_ADDED dat=package: flg=0x4000010 (has extras) } from null (pid=1463, uid=1000) to com.jr.narutoii/com.joyriver.engine.proxy.EngineReceiver
11-09 12:13:53.970  1463  1700 W BroadcastQueue: u0 Receiving a broadcast in packagecom.android.buyer requires a permissions review
11-09 12:13:53.970  1463  1700 W BroadcastQueue: Skipping delivery: permission review required for Intent { act=android.intent.action.PACKAGE_ADDED dat=package: flg=0x4000010 (has extras) } from null (pid=1463, uid=1000) to com.android.buyer/.mRve
11-09 12:13:53.970  1463  1700 W BroadcastQueue: Background execution not allowed: receiving Intent { act=android.intent.action.PACKAGE_ADDED dat=package: flg=0x4000010 (has extras) } to com.google.android.packageinstaller/com.android.packageinstaller.PackageInstalledReceiver
11-09 12:13:53.970  1463  1700 W BroadcastQueue: Background execution not allowed: receiving Intent { act=android.intent.action.PACKAGE_ADDED dat=package: flg=0x4000010 (has extras) } to com.android.vending/com.google.android.finsky.packagemonitor.impl.PackageMonitorReceiverImpl$RegisteredReceiver
11-09 12:13:53.970  1463  1700 W BroadcastQueue: Background execution not allowed: receiving Intent { act=android.intent.action.PACKAGE_ADDED dat=package: flg=0x4000010 (has extras) } to com.android.vending/com.google.android.finsky.packagemonitor.backgroundimpl.BackgroundPackageMonitorReceiverImpl$RegisteredReceiver
11-09 12:13:53.970  1463  1700 W BroadcastQueue: Background execution not allowed: receiving Intent { act=android.intent.action.PACKAGE_ADDED dat=package: flg=0x4000010 (has extras) } to com.google.android.gms/.games.chimera.GamesSystemBroadcastReceiverProxy
11-09 12:13:53.970  1463  1700 W BroadcastQueue: Background execution not allowed: receiving Intent { act=android.intent.action.PACKAGE_ADDED dat=package: flg=0x4000010 (has extras) } to com.google.android.gms/.gass.chimera.PackageChangeBroadcastReceiver
11-09 12:13:53.970  1463  1700 W BroadcastQueue: Background execution not allowed: receiving Intent { act=android.intent.action.PACKAGE_ADDED dat=package: flg=0x4000010 (has extras) } to com.google.android.gms/.chimera.GmsIntentOperationService$PersistentTrustedReceiver
11-09 12:13:53.970  1463  1700 W BroadcastQueue: Background execution not allowed: receiving Intent { act=android.intent.action.PACKAGE_ADDED dat=package: flg=0x4000010 (has extras) } to com.google.android.googlequicksearchbox/com.google.android.apps.gsa.googlequicksearchbox.GelStubAppWatcher
11-09 12:13:53.970  1463  1700 W BroadcastQueue: u0 Receiving a broadcast in packagecom.cncd.japan.janli.shudu requires a permissions review
11-09 12:13:53.970  1463  1700 W BroadcastQueue: Skipping delivery: permission review required for Intent { act=android.intent.action.PACKAGE_ADDED dat=package: flg=0x4000010 (has extras) } from null (pid=1463, uid=1000) to com.cncd.japan.janli.shudu/net.l.k.r
11-09 12:13:53.970  1463  1700 W BroadcastQueue: u0 Receiving a broadcast in packagecom.cncd.japan.janli.shudu requires a permissions review
11-09 12:13:53.970  1463  1700 W BroadcastQueue: Skipping delivery: permission review required for Intent { act=android.intent.action.PACKAGE_ADDED dat=package: flg=0x4000010 (has extras) } from null (pid=1463, uid=1000) to com.cncd.japan.janli.shudu/com.feiwofour.coverscreen.SR
11-09 12:13:53.970  1463  1700 W BroadcastQueue: u0 Receiving a broadcast in packagecom.games.mengmeizhitd requires a permissions review
