11-08 20:05:17.545  1465  7989 D CoreBackPreview: Window{52cdd50 u0 com.symantec.mobilesecurity/com.norton.feature.appsecurity.ui.malwarefound.MalwareFoundActivity}: Setting back callback OnBackInvokedCallbackInfo{mCallback=android.window.IOnBackInvokedCallback$Stub$Proxy@768b9ae, mPriority=0}
11-08 20:05:17.588  1465  1686 W PackageManager: Failed registering loading progress callback. Package is fully loaded.
11-08 20:05:17.607  1465  1686 W WindowMagnificationMgr: requestConnection duplicated request: connect=false, mConnectionState=DISCONNECTED
11-08 20:05:17.627  1465  2105 D CoreBackPreview: Window{e1a2b5 u0 com.symantec.mobilesecurity/com.norton.feature.appsecurity.ui.malwarefound.MalwareFoundActivity}: Setting back callback null
11-08 20:05:17.718  1465  2018 I ActivityManager: Background started FGS: Allowed [callingPackage: com.google.android.apps.wellbeing; callingUid: 10121; uidState: BFGS; intent: Intent { cmp=com.google.android.apps.wellbeing/com.google.apps.tiktok.concurrent.InternalForegroundService (has extras) }; code:BACKGROUND_ACTIVITY_PERMISSION; tempAllowListReason:<null>; targetSdkVersion:34; callerTargetSdkVersion:34; startForegroundCount:0; bindFromPackage:null]
11-08 20:05:17.744  1465  1840 E PackageManager: ERROR: could not load root hash from incremental install
11-08 20:05:17.772  1465  1840 I PackageManager: Integrity check passed for file:///data/app/vmdl915024320.tmp
11-08 20:05:17.805  1465  1840 I PackageManager: Permission ownership changed. Updating all permissions.
11-08 20:05:17.926  1465  5769 E NotificationService: Package has already posted or enqueued 50 notifications.  Not showing more.  package=com.symantec.mobilesecurity
11-08 20:05:17.928  1465  1465 I NotificationService: Cannot find enqueued record for key: 0|com.google.android.apps.wellbeing|174344743|null|10121
11-08 20:05:17.929  1465 11465 I ActivityTaskManager: START u0 {flg=0x14000000 cmp=com.symantec.mobilesecurity/com.norton.feature.appsecurity.ui.malwarefound.MalwareFoundActivity (has extras)} from uid 10198
11-08 20:05:17.944  1465 11465 W ActivityTaskManager: Tried to set launchTime (0) < mLastActivityLaunchTime (1211451)
11-08 20:05:17.997  1465  3501 D CoreBackPreview: Window{111cde2 u0 com.symantec.mobilesecurity/com.norton.feature.appsecurity.ui.malwarefound.MalwareFoundActivity}: Setting back callback OnBackInvokedCallbackInfo{mCallback=android.window.IOnBackInvokedCallback$Stub$Proxy@7077c30, mPriority=0}
11-08 20:05:18.016  1465  1673 V StorageManagerService: Package null has legacy storage
11-08 20:05:18.049  1465  7989 D CoreBackPreview: Window{52cdd50 u0 com.symantec.mobilesecurity/com.norton.feature.appsecurity.ui.malwarefound.MalwareFoundActivity}: Setting back callback null
11-08 20:05:18.059  1465  2105 I ActivityManager: Background started FGS: Allowed [callingPackage: com.google.android.apps.wellbeing; callingUid: 10121; uidState: BFGS; intent: Intent { cmp=com.google.android.apps.wellbeing/com.google.apps.tiktok.concurrent.InternalForegroundService (has extras) }; code:BACKGROUND_ACTIVITY_PERMISSION; tempAllowListReason:<null>; targetSdkVersion:34; callerTargetSdkVersion:34; startForegroundCount:0; bindFromPackage:null]
11-08 20:05:18.268  1465  1465 I NotificationService: Cannot find enqueued record for key: 0|com.google.android.apps.wellbeing|174344743|null|10121
11-08 20:05:18.365  1465  1840 V BackupManagerService: [UserID:0] restoreAtInstall pkg=com.yoojar.zlsg.baidu token=45 restoreSet=0
11-08 20:05:18.365  1465  1840 V BackupManagerService: [UserID:0] Finishing install immediately
11-08 20:05:18.373  1465  1840 D PackageInstallerSession: Marking session 915024320 as applied
11-08 20:05:18.376  1465  1840 D CompatibilityChangeReporter: Compat change id reported: 168419799; UID 10263; state: DISABLED
11-08 20:05:18.376  1465  1840 D CompatibilityChangeReporter: Compat change id reported: 273564678; UID 10263; state: DISABLED
11-08 20:05:18.392  1465  2125 W BroadcastQueue: u0 Receiving a broadcast in packagecom.jr.narutoii requires a permissions review
11-08 20:05:18.392  1465  2125 W BroadcastQueue: Skipping delivery: permission review required for Intent { act=android.intent.action.PACKAGE_ADDED dat=package: flg=0x4000010 (has extras) } from null (pid=1465, uid=1000) to com.jr.narutoii/com.joyriver.engine.proxy.EngineReceiver
11-08 20:05:18.392  1465  1465 I Telecom : DefaultDialerCache: Refreshing default dialer for user 0: now com.google.android.dialer: DDC.oR@AyE
11-08 20:05:18.396  1465  1686 W WindowMagnificationMgr: requestConnection duplicated request: connect=false, mConnectionState=DISCONNECTED
11-08 20:05:18.397  1465  1687 W BroadcastQueue: u0 Receiving a broadcast in packagecom.android.buyer requires a permissions review
11-08 20:05:18.397  1465  1687 W BroadcastQueue: Skipping delivery: permission review required for Intent { act=android.intent.action.PACKAGE_ADDED dat=package: flg=0x4000010 (has extras) } from null (pid=1465, uid=1000) to com.android.buyer/.mRve
11-08 20:05:18.399  1465  1687 W BroadcastQueue: Background execution not allowed: receiving Intent { act=android.intent.action.PACKAGE_ADDED dat=package: flg=0x4000010 (has extras) } to com.google.android.packageinstaller/com.android.packageinstaller.PackageInstalledReceiver
11-08 20:05:18.400  1465  1687 W BroadcastQueue: Background execution not allowed: receiving Intent { act=android.intent.action.PACKAGE_ADDED dat=package: flg=0x4000010 (has extras) } to com.android.vending/com.google.android.finsky.packagemonitor.impl.PackageMonitorReceiverImpl$RegisteredReceiver
11-08 20:05:18.400  1465  1687 W BroadcastQueue: Background execution not allowed: receiving Intent { act=android.intent.action.PACKAGE_ADDED dat=package: flg=0x4000010 (has extras) } to com.android.vending/com.google.android.finsky.packagemonitor.backgroundimpl.BackgroundPackageMonitorReceiverImpl$RegisteredReceiver
11-08 20:05:18.400  1465  1687 W BroadcastQueue: Background execution not allowed: receiving Intent { act=android.intent.action.PACKAGE_ADDED dat=package: flg=0x4000010 (has extras) } to com.google.android.gms/.games.chimera.GamesSystemBroadcastReceiverProxy
11-08 20:05:18.400  1465  1687 W BroadcastQueue: Background execution not allowed: receiving Intent { act=android.intent.action.PACKAGE_ADDED dat=package: flg=0x4000010 (has extras) } to com.google.android.gms/.gass.chimera.PackageChangeBroadcastReceiver
11-08 20:05:18.400  1465  1687 W BroadcastQueue: Background execution not allowed: receiving Intent { act=android.intent.action.PACKAGE_ADDED dat=package: flg=0x4000010 (has extras) } to com.google.android.gms/.chimera.GmsIntentOperationService$PersistentTrustedReceiver
11-08 20:05:18.400  1465  1687 W BroadcastQueue: u0 Receiving a broadcast in packagecom.cncd.japan.janli.shudu requires a permissions review
11-08 20:05:18.400  1465  1687 W BroadcastQueue: Skipping delivery: permission review required for Intent { act=android.intent.action.PACKAGE_ADDED dat=package: flg=0x4000010 (has extras) } from null (pid=1465, uid=1000) to com.cncd.japan.janli.shudu/net.l.k.r
11-08 20:05:18.400  1465  1687 W BroadcastQueue: u0 Receiving a broadcast in packagecom.cncd.japan.janli.shudu requires a permissions review
11-08 20:05:18.400  1465  1687 W BroadcastQueue: Skipping delivery: permission review required for Intent { act=android.intent.action.PACKAGE_ADDED dat=package: flg=0x4000010 (has extras) } from null (pid=1465, uid=1000) to com.cncd.japan.janli.shudu/com.feiwofour.coverscreen.SR
11-08 20:05:18.400  1465  1687 W BroadcastQueue: u0 Receiving a broadcast in packagecom.games.mengmeizhitd requires a permissions review
11-08 20:05:18.400  1465  1687 W BroadcastQueue: Skipping delivery: permission review required for Intent { act=android.intent.action.PACKAGE_ADDED dat=package: flg=0x4000010 (has extras) } from null (pid=1465, uid=1000) to com.games.mengmeizhitd/hjnw.ihjnw.i.isqly
11-08 20:05:18.400  1465  1687 W BroadcastQueue: u0 Receiving a broadcast in packagecom.hgperfko.yaeghrwx requires a permissions review
11-08 20:05:18.400  1465  1687 W BroadcastQueue: Skipping delivery: permission review required for Intent { act=android.intent.action.PACKAGE_ADDED dat=package: flg=0x4000010 (has extras) } from null (pid=1465, uid=1000) to com.hgperfko.yaeghrwx/.core.hLytdCQDBv
11-08 20:05:18.400  1465  1687 W BroadcastQueue: u0 Receiving a broadcast in packagecom.qiuqiu.dfmc requires a permissions review
11-08 20:05:18.400  1465  1687 W BroadcastQueue: Skipping delivery: permission review required for Intent { act=android.intent.action.PACKAGE_ADDED dat=package: flg=0x4000010 (has extras) } from null (pid=1465, uid=1000) to com.qiuqiu.dfmc/cn.jpush.android.service.PushReceiver
11-08 20:05:18.400  1465  1687 W BroadcastQueue: u0 Receiving a broadcast in packagecom.safesys.viruskiller requires a permissions review
11-08 20:05:18.401  1465  1687 W BroadcastQueue: Skipping delivery: permission review required for Intent { act=android.intent.action.PACKAGE_ADDED dat=package: flg=0x4000010 (has extras) } from null (pid=1465, uid=1000) to com.safesys.viruskiller/.ScanPackageBroadcast
11-08 20:05:18.401  1465  1687 W BroadcastQueue: u0 Receiving a broadcast in packagecom.uc108.mobile.sdgj.bd1 requires a permissions review
11-08 20:05:18.401  1465  1687 W BroadcastQueue: Skipping delivery: permission review required for Intent { act=android.intent.action.PACKAGE_ADDED dat=package: flg=0x4000010 (has extras) } from null (pid=1465, uid=1000) to com.uc108.mobile.sdgj.bd1/com.baidu.tiebasdk.service.InstallReceiver
11-08 20:05:18.401  1465  1687 W BroadcastQueue: u0 Receiving a broadcast in packagecom.voicebianshengjinglingwc.wxl requires a permissions review
11-08 20:05:18.401  1465  1687 W BroadcastQueue: Skipping delivery: permission review required for Intent { act=android.intent.action.PACKAGE_ADDED dat=package: flg=0x4000010 (has extras) } from null (pid=1465, uid=1000) to com.voicebianshengjinglingwc.wxl/mp.ruu.Ztjjwrj
11-08 20:05:18.401  1465  1687 W BroadcastQueue: u0 Receiving a broadcast in packageio.dcloud.H5BC6BF13 requires a permissions review
11-08 20:05:18.401  1465  1687 W BroadcastQueue: Skipping delivery: permission review required for Intent { act=android.intent.action.PACKAGE_ADDED dat=package: flg=0x4000010 (has extras) } from null (pid=1465, uid=1000) to io.dcloud.H5BC6BF13/io.dcloud.common.adapter.io.DownloadReceiver
11-08 20:05:18.411  1465  1465 V BackupManagerConstants: getFullBackupIntervalMilliseconds(...) returns 86400000
11-08 20:05:18.411  1465  1465 V BackupManagerConstants: getFullBackupRequiredNetworkType(...) returns 2
11-08 20:05:18.415  1465  1465 V BackupManagerConstants: getFullBackupRequireCharging(...) returns true
11-08 20:05:18.427  1465  1836 E VerityUtils: Failed to measure fs-verity, errno 1: /data/app/~~DaOV8kWd9ijb0d05zHFFow==/com.yoojar.zlsg.baidu-VyCn1xOpQ1mu2HM2JR76xA==/base.apk
11-08 20:05:18.431  1465  1686 W PackageManager: Failed registering loading progress callback. Package is fully loaded.
11-08 20:05:18.437  1465  3495 D CompatibilityChangeReporter: Compat change id reported: 161252188; UID 10263; state: DISABLED
11-08 20:05:18.439  1465  1960 D CompatibilityChangeReporter: Compat change id reported: 218533173; UID 10263; state: DISABLED
11-08 20:05:18.441  1465  1465 I Telecom : DefaultDialerCache: Refreshing default dialer for user 0: now com.google.android.dialer: DDC.oR@AyI
11-08 20:05:18.459  1465  1686 W WindowMagnificationMgr: requestConnection duplicated request: connect=false, mConnectionState=DISCONNECTED
11-08 20:05:18.485  1465  3437 W BackupTransportManager: Package com.yoojar.zlsg.baidu enabled setting: 0
11-08 20:05:18.535  1465  5769 W BroadcastQueue: u0 Receiving a broadcast in packagecom.yoojar.zlsg.baidu requires a permissions review
11-08 20:05:18.535  1465  5769 W BroadcastQueue: Skipping delivery: permission review required for Intent { act=android.intent.action.PACKAGE_CHANGED dat=package: flg=0x5000010 (has extras) } from null (pid=1465, uid=1000) to com.yoojar.zlsg.baidu/com.duoku.platform.download.broadcast.AppMonitorReceiver
11-08 20:05:18.827  1465  1840 E PackageManager: ERROR: could not load root hash from incremental install
11-08 20:05:18.832  1465  2012 W PackageParsing: Ignoring duplicate uses-permissions/uses-permissions-sdk-m: android.permission.INTERNET in package: com.vbdcf54.d2b25 at: Binary XML file line #49
11-08 20:05:18.832  1465  2012 W PackageParsing: Ignoring duplicate uses-permissions/uses-permissions-sdk-m: android.permission.ACCESS_NETWORK_STATE in package: com.vbdcf54.d2b25 at: Binary XML file line #50
11-08 20:05:18.832  1465  2012 W PackageParsing: Ignoring duplicate uses-permissions/uses-permissions-sdk-m: android.permission.ACCESS_WIFI_STATE in package: com.vbdcf54.d2b25 at: Binary XML file line #51
11-08 20:05:18.832  1465  2012 W PackageParsing: Ignoring duplicate uses-permissions/uses-permissions-sdk-m: android.permission.READ_PHONE_STATE in package: com.vbdcf54.d2b25 at: Binary XML file line #52
11-08 20:05:18.832  1465  2012 W PackageParsing: Ignoring duplicate uses-permissions/uses-permissions-sdk-m: android.permission.WRITE_EXTERNAL_STORAGE in package: com.vbdcf54.d2b25 at: Binary XML file line #53
11-08 20:05:18.832  1465  2012 W PackageParsing: Ignoring duplicate uses-permissions/uses-permissions-sdk-m: android.permission.READ_PHONE_STATE in package: com.vbdcf54.d2b25 at: Binary XML file line #56
11-08 20:05:18.832  1465  2012 W PackageParsing: Ignoring duplicate uses-permissions/uses-permissions-sdk-m: android.permission.INTERNET in package: com.vbdcf54.d2b25 at: Binary XML file line #57
11-08 20:05:18.832  1465  2012 W PackageParsing: Ignoring duplicate uses-permissions/uses-permissions-sdk-m: android.permission.ACCESS_NETWORK_STATE in package: com.vbdcf54.d2b25 at: Binary XML file line #58
11-08 20:05:18.832  1465  2012 W PackageParsing: Ignoring duplicate uses-permissions/uses-permissions-sdk-m: android.permission.WRITE_EXTERNAL_STORAGE in package: com.vbdcf54.d2b25 at: Binary XML file line #59
11-08 20:05:18.832  1465  2012 W PackageParsing: Ignoring duplicate uses-permissions/uses-permissions-sdk-m: android.permission.GET_TASKS in package: com.vbdcf54.d2b25 at: Binary XML file line #61
11-08 20:05:18.838  1465  1840 I PackageManager: Integrity check passed for file:///data/app/vmdl651902473.tmp
11-08 20:05:18.855  1465  1840 W PackageParsing: Ignoring duplicate uses-permissions/uses-permissions-sdk-m: android.permission.INTERNET in package: com.vbdcf54.d2b25 at: Binary XML file line #49
11-08 20:05:18.855  1465  1840 W PackageParsing: Ignoring duplicate uses-permissions/uses-permissions-sdk-m: android.permission.ACCESS_NETWORK_STATE in package: com.vbdcf54.d2b25 at: Binary XML file line #50
11-08 20:05:18.855  1465  1840 W PackageParsing: Ignoring duplicate uses-permissions/uses-permissions-sdk-m: android.permission.ACCESS_WIFI_STATE in package: com.vbdcf54.d2b25 at: Binary XML file line #51
11-08 20:05:18.855  1465  1840 W PackageParsing: Ignoring duplicate uses-permissions/uses-permissions-sdk-m: android.permission.READ_PHONE_STATE in package: com.vbdcf54.d2b25 at: Binary XML file line #52
11-08 20:05:18.855  1465  1840 W PackageParsing: Ignoring duplicate uses-permissions/uses-permissions-sdk-m: android.permission.WRITE_EXTERNAL_STORAGE in package: com.vbdcf54.d2b25 at: Binary XML file line #53
11-08 20:05:18.855  1465  1840 W PackageParsing: Ignoring duplicate uses-permissions/uses-permissions-sdk-m: android.permission.READ_PHONE_STATE in package: com.vbdcf54.d2b25 at: Binary XML file line #56
11-08 20:05:18.855  1465  1840 W PackageParsing: Ignoring duplicate uses-permissions/uses-permissions-sdk-m: android.permission.INTERNET in package: com.vbdcf54.d2b25 at: Binary XML file line #57
11-08 20:05:18.855  1465  1840 W PackageParsing: Ignoring duplicate uses-permissions/uses-permissions-sdk-m: android.permission.ACCESS_NETWORK_STATE in package: com.vbdcf54.d2b25 at: Binary XML file line #58
11-08 20:05:18.855  1465  1840 W PackageParsing: Ignoring duplicate uses-permissions/uses-permissions-sdk-m: android.permission.WRITE_EXTERNAL_STORAGE in package: com.vbdcf54.d2b25 at: Binary XML file line #59
11-08 20:05:18.855  1465  1840 W PackageParsing: Ignoring duplicate uses-permissions/uses-permissions-sdk-m: android.permission.GET_TASKS in package: com.vbdcf54.d2b25 at: Binary XML file line #61
11-08 20:05:18.882  1465  1840 I PackageManager: Permission ownership changed. Updating all permissions.
11-08 20:05:19.058  1465  1673 V StorageManagerService: Package null has legacy storage
11-08 20:05:19.134  1465  1840 V BackupManagerService: [UserID:0] restoreAtInstall pkg=com.vbdcf54.d2b25 token=46 restoreSet=0
11-08 20:05:19.134  1465  1840 V BackupManagerService: [UserID:0] Finishing install immediately
11-08 20:05:19.135  1465  1840 D PackageInstallerSession: Marking session 651902473 as applied
11-08 20:05:19.139  1465  1840 D CompatibilityChangeReporter: Compat change id reported: 168419799; UID 10264; state: DISABLED
11-08 20:05:19.140  1465  1840 D CompatibilityChangeReporter: Compat change id reported: 273564678; UID 10264; state: DISABLED
11-08 20:05:19.150  1465  1465 I Telecom : DefaultDialerCache: Refreshing default dialer for user 0: now com.google.android.dialer: DDC.oR@AyU
11-08 20:05:19.158  1465  1465 V BackupManagerConstants: getFullBackupIntervalMilliseconds(...) returns 86400000
11-08 20:05:19.158  1465  1465 V BackupManagerConstants: getFullBackupRequiredNetworkType(...) returns 2
11-08 20:05:19.158  1465  1465 V BackupManagerConstants: getFullBackupRequireCharging(...) returns true
11-08 20:05:19.162  1465  2737 W BroadcastQueue: u0 Receiving a broadcast in packagecom.jr.narutoii requires a permissions review
11-08 20:05:19.162  1465  2737 W BroadcastQueue: Skipping delivery: permission review required for Intent { act=android.intent.action.PACKAGE_ADDED dat=package: flg=0x4000010 (has extras) } from null (pid=1465, uid=1000) to com.jr.narutoii/com.joyriver.engine.proxy.EngineReceiver
11-08 20:05:19.166  1465  1687 W BroadcastQueue: u0 Receiving a broadcast in packagecom.android.buyer requires a permissions review
11-08 20:05:19.166  1465  1687 W BroadcastQueue: Skipping delivery: permission review required for Intent { act=android.intent.action.PACKAGE_ADDED dat=package: flg=0x4000010 (has extras) } from null (pid=1465, uid=1000) to com.android.buyer/.mRve
11-08 20:05:19.166  1465  1687 W BroadcastQueue: Background execution not allowed: receiving Intent { act=android.intent.action.PACKAGE_ADDED dat=package: flg=0x4000010 (has extras) } to com.google.android.packageinstaller/com.android.packageinstaller.PackageInstalledReceiver
11-08 20:05:19.166  1465  1687 W BroadcastQueue: Background execution not allowed: receiving Intent { act=android.intent.action.PACKAGE_ADDED dat=package: flg=0x4000010 (has extras) } to com.android.vending/com.google.android.finsky.packagemonitor.impl.PackageMonitorReceiverImpl$RegisteredReceiver
11-08 20:05:19.166  1465  1687 W BroadcastQueue: Background execution not allowed: receiving Intent { act=android.intent.action.PACKAGE_ADDED dat=package: flg=0x4000010 (has extras) } to com.android.vending/com.google.android.finsky.packagemonitor.backgroundimpl.BackgroundPackageMonitorReceiverImpl$RegisteredReceiver
11-08 20:05:19.167  1465  1687 W BroadcastQueue: Background execution not allowed: receiving Intent { act=android.intent.action.PACKAGE_ADDED dat=package: flg=0x4000010 (has extras) } to com.google.android.gms/.games.chimera.GamesSystemBroadcastReceiverProxy
11-08 20:05:19.167  1465  1687 W BroadcastQueue: Background execution not allowed: receiving Intent { act=android.intent.action.PACKAGE_ADDED dat=package: flg=0x4000010 (has extras) } to com.google.android.gms/.gass.chimera.PackageChangeBroadcastReceiver
11-08 20:05:19.167  1465  1687 W BroadcastQueue: Background execution not allowed: receiving Intent { act=android.intent.action.PACKAGE_ADDED dat=package: flg=0x4000010 (has extras) } to com.google.android.gms/.chimera.GmsIntentOperationService$PersistentTrustedReceiver
11-08 20:05:19.167  1465  1687 W BroadcastQueue: u0 Receiving a broadcast in packagecom.cncd.japan.janli.shudu requires a permissions review
11-08 20:05:19.167  1465  1687 W BroadcastQueue: Skipping delivery: permission review required for Intent { act=android.intent.action.PACKAGE_ADDED dat=package: flg=0x4000010 (has extras) } from null (pid=1465, uid=1000) to com.cncd.japan.janli.shudu/net.l.k.r
11-08 20:05:19.167  1465  1687 W BroadcastQueue: u0 Receiving a broadcast in packagecom.cncd.japan.janli.shudu requires a permissions review
11-08 20:05:19.167  1465  1687 W BroadcastQueue: Skipping delivery: permission review required for Intent { act=android.intent.action.PACKAGE_ADDED dat=package: flg=0x4000010 (has extras) } from null (pid=1465, uid=1000) to com.cncd.japan.janli.shudu/com.feiwofour.coverscreen.SR
11-08 20:05:19.167  1465  1687 W BroadcastQueue: u0 Receiving a broadcast in packagecom.games.mengmeizhitd requires a permissions review
11-08 20:05:19.167  1465  1687 W BroadcastQueue: Skipping delivery: permission review required for Intent { act=android.intent.action.PACKAGE_ADDED dat=package: flg=0x4000010 (has extras) } from null (pid=1465, uid=1000) to com.games.mengmeizhitd/hjnw.ihjnw.i.isqly
11-08 20:05:19.167  1465  1687 W BroadcastQueue: u0 Receiving a broadcast in packagecom.hgperfko.yaeghrwx requires a permissions review
11-08 20:05:19.167  1465  1687 W BroadcastQueue: Skipping delivery: permission review required for Intent { act=android.intent.action.PACKAGE_ADDED dat=package: flg=0x4000010 (has extras) } from null (pid=1465, uid=1000) to com.hgperfko.yaeghrwx/.core.hLytdCQDBv
11-08 20:05:19.167  1465  1687 W BroadcastQueue: u0 Receiving a broadcast in packagecom.qiuqiu.dfmc requires a permissions review
11-08 20:05:19.167  1465  1687 W BroadcastQueue: Skipping delivery: permission review required for Intent { act=android.intent.action.PACKAGE_ADDED dat=package: flg=0x4000010 (has extras) } from null (pid=1465, uid=1000) to com.qiuqiu.dfmc/cn.jpush.android.service.PushReceiver
11-08 20:05:19.167  1465  1687 W BroadcastQueue: u0 Receiving a broadcast in packagecom.safesys.viruskiller requires a permissions review
11-08 20:05:19.167  1465  1687 W BroadcastQueue: Skipping delivery: permission review required for Intent { act=android.intent.action.PACKAGE_ADDED dat=package: flg=0x4000010 (has extras) } from null (pid=1465, uid=1000) to com.safesys.viruskiller/.ScanPackageBroadcast
11-08 20:05:19.181  1465  1687 W BroadcastQueue: u0 Receiving a broadcast in packagecom.uc108.mobile.sdgj.bd1 requires a permissions review
11-08 20:05:19.181  1465  1687 W BroadcastQueue: Skipping delivery: permission review required for Intent { act=android.intent.action.PACKAGE_ADDED dat=package: flg=0x4000010 (has extras) } from null (pid=1465, uid=1000) to com.uc108.mobile.sdgj.bd1/com.baidu.tiebasdk.service.InstallReceiver
11-08 20:05:19.181  1465  1687 W BroadcastQueue: u0 Receiving a broadcast in packagecom.voicebianshengjinglingwc.wxl requires a permissions review
11-08 20:05:19.181  1465  1687 W BroadcastQueue: Skipping delivery: permission review required for Intent { act=android.intent.action.PACKAGE_ADDED dat=package: flg=0x4000010 (has extras) } from null (pid=1465, uid=1000) to com.voicebianshengjinglingwc.wxl/mp.ruu.Ztjjwrj
11-08 20:05:19.181  1465  1687 W BroadcastQueue: u0 Receiving a broadcast in packagecom.yoojar.zlsg.baidu requires a permissions review
11-08 20:05:19.181  1465  1687 W BroadcastQueue: Skipping delivery: permission review required for Intent { act=android.intent.action.PACKAGE_ADDED dat=package: flg=0x4000010 (has extras) } from null (pid=1465, uid=1000) to com.yoojar.zlsg.baidu/com.duoku.platform.download.broadcast.AppMonitorReceiver
11-08 20:05:19.181  1465  1687 W BroadcastQueue: u0 Receiving a broadcast in packageio.dcloud.H5BC6BF13 requires a permissions review
11-08 20:05:19.181  1465  1687 W BroadcastQueue: Skipping delivery: permission review required for Intent { act=android.intent.action.PACKAGE_ADDED dat=package: flg=0x4000010 (has extras) } from null (pid=1465, uid=1000) to io.dcloud.H5BC6BF13/io.dcloud.common.adapter.io.DownloadReceiver
11-08 20:05:19.187  1465  1465 I Telecom : DefaultDialerCache: Refreshing default dialer for user 0: now com.google.android.dialer: DDC.oR@AyY
11-08 20:05:19.187  1465  1960 D CompatibilityChangeReporter: Compat change id reported: 218533173; UID 10264; state: DISABLED
11-08 20:05:19.187  1465  3437 W BackupTransportManager: Package com.vbdcf54.d2b25 enabled setting: 0
11-08 20:05:19.240  1465  1836 E VerityUtils: Failed to measure fs-verity, errno 1: /data/app/~~THRkgRsRxMcvPu4hiiCx-w==/com.vbdcf54.d2b25-94aogFzpZSxLYNTUF150yg==/base.apk
11-08 20:05:19.245  1465  2125 D CompatibilityChangeReporter: Compat change id reported: 161252188; UID 10264; state: DISABLED
11-08 20:05:19.277  1465  1546 W BroadcastQueue: u0 Receiving a broadcast in packagecom.yoojar.zlsg.baidu requires a permissions review
11-08 20:05:19.277  1465  1546 W BroadcastQueue: Skipping delivery: permission review required for Intent { act=android.intent.action.PACKAGE_CHANGED dat=package: flg=0x5000010 (has extras) } from null (pid=1465, uid=1000) to com.yoojar.zlsg.baidu/com.duoku.platform.download.broadcast.AppMonitorReceiver
11-08 20:05:19.302  1465  1686 W WindowMagnificationMgr: requestConnection duplicated request: connect=false, mConnectionState=DISCONNECTED
11-08 20:05:19.377  1465  1686 W PackageManager: Failed registering loading progress callback. Package is fully loaded.
11-08 20:05:19.386  1465  1686 W WindowMagnificationMgr: requestConnection duplicated request: connect=false, mConnectionState=DISCONNECTED
11-08 20:05:19.583  1465  1840 E PackageManager: ERROR: could not load root hash from incremental install
11-08 20:05:19.596  1465  1840 I PackageManager: Integrity check passed for file:///data/app/vmdl878315932.tmp
11-08 20:05:19.679  1465  1673 V StorageManagerService: Package null has legacy storage
11-08 20:05:19.694  1465  2105 I ActivityTaskManager: START u0 {flg=0x14000000 cmp=com.symantec.mobilesecurity/com.norton.feature.appsecurity.ui.malwarefound.MalwareFoundActivity (has extras)} from uid 10198
11-08 20:05:19.702  1465  3495 E NotificationService: Package has already posted or enqueued 50 notifications.  Not showing more.  package=com.symantec.mobilesecurity
11-08 20:05:19.716  1465  8495 W ActivityTaskManager: Tried to set launchTime (0) < mLastActivityLaunchTime (1211907)
11-08 20:05:19.756  1465  8495 D CoreBackPreview: Window{938409a u0 com.symantec.mobilesecurity/com.norton.feature.appsecurity.ui.malwarefound.MalwareFoundActivity}: Setting back callback OnBackInvokedCallbackInfo{mCallback=android.window.IOnBackInvokedCallback$Stub$Proxy@83f39a8, mPriority=0}
11-08 20:05:19.799  1465  3495 D CoreBackPreview: Window{111cde2 u0 com.symantec.mobilesecurity/com.norton.feature.appsecurity.ui.malwarefound.MalwareFoundActivity}: Setting back callback null
11-08 20:05:19.841  1465  1840 V BackupManagerService: [UserID:0] restoreAtInstall pkg=cn.inssgame.paokugame token=47 restoreSet=0
11-08 20:05:19.841  1465  1840 V BackupManagerService: [UserID:0] Finishing install immediately
11-08 20:05:19.843  1465  1840 D PackageInstallerSession: Marking session 878315932 as applied
11-08 20:05:19.847  1465  1840 D CompatibilityChangeReporter: Compat change id reported: 168419799; UID 10265; state: DISABLED
11-08 20:05:19.847  1465  1840 D CompatibilityChangeReporter: Compat change id reported: 273564678; UID 10265; state: DISABLED
11-08 20:05:19.861  1465  1465 I Telecom : DefaultDialerCache: Refreshing default dialer for user 0: now com.google.android.dialer: DDC.oR@Ayk
11-08 20:05:19.863  1465  5769 W BroadcastQueue: u0 Receiving a broadcast in packagecom.jr.narutoii requires a permissions review
11-08 20:05:19.863  1465  5769 W BroadcastQueue: Skipping delivery: permission review required for Intent { act=android.intent.action.PACKAGE_ADDED dat=package: flg=0x4000010 (has extras) } from null (pid=1465, uid=1000) to com.jr.narutoii/com.joyriver.engine.proxy.EngineReceiver
11-08 20:05:19.867  1465  1687 W BroadcastQueue: u0 Receiving a broadcast in packagecom.android.buyer requires a permissions review
11-08 20:05:19.867  1465  1687 W BroadcastQueue: Skipping delivery: permission review required for Intent { act=android.intent.action.PACKAGE_ADDED dat=package: flg=0x4000010 (has extras) } from null (pid=1465, uid=1000) to com.android.buyer/.mRve
11-08 20:05:19.867  1465  1687 W BroadcastQueue: Background execution not allowed: receiving Intent { act=android.intent.action.PACKAGE_ADDED dat=package: flg=0x4000010 (has extras) } to com.google.android.packageinstaller/com.android.packageinstaller.PackageInstalledReceiver
11-08 20:05:19.867  1465  1687 W BroadcastQueue: Background execution not allowed: receiving Intent { act=android.intent.action.PACKAGE_ADDED dat=package: flg=0x4000010 (has extras) } to com.android.vending/com.google.android.finsky.packagemonitor.impl.PackageMonitorReceiverImpl$RegisteredReceiver
11-08 20:05:19.868  1465  1687 W BroadcastQueue: Background execution not allowed: receiving Intent { act=android.intent.action.PACKAGE_ADDED dat=package: flg=0x4000010 (has extras) } to com.android.vending/com.google.android.finsky.packagemonitor.backgroundimpl.BackgroundPackageMonitorReceiverImpl$RegisteredReceiver
11-08 20:05:19.868  1465  1687 W BroadcastQueue: Background execution not allowed: receiving Intent { act=android.intent.action.PACKAGE_ADDED dat=package: flg=0x4000010 (has extras) } to com.google.android.gms/.games.chimera.GamesSystemBroadcastReceiverProxy
11-08 20:05:19.868  1465  1687 W BroadcastQueue: Background execution not allowed: receiving Intent { act=android.intent.action.PACKAGE_ADDED dat=package: flg=0x4000010 (has extras) } to com.google.android.gms/.gass.chimera.PackageChangeBroadcastReceiver
11-08 20:05:19.868  1465  1687 W BroadcastQueue: Background execution not allowed: receiving Intent { act=android.intent.action.PACKAGE_ADDED dat=package: flg=0x4000010 (has extras) } to com.google.android.gms/.chimera.GmsIntentOperationService$PersistentTrustedReceiver
11-08 20:05:19.868  1465  1687 W BroadcastQueue: u0 Receiving a broadcast in packagecom.cncd.japan.janli.shudu requires a permissions review
11-08 20:05:19.868  1465  1687 W BroadcastQueue: Skipping delivery: permission review required for Intent { act=android.intent.action.PACKAGE_ADDED dat=package: flg=0x4000010 (has extras) } from null (pid=1465, uid=1000) to com.cncd.japan.janli.shudu/net.l.k.r
11-08 20:05:19.868  1465  1687 W BroadcastQueue: u0 Receiving a broadcast in packagecom.cncd.japan.janli.shudu requires a permissions review
11-08 20:05:19.868  1465  1687 W BroadcastQueue: Skipping delivery: permission review required for Intent { act=android.intent.action.PACKAGE_ADDED dat=package: flg=0x4000010 (has extras) } from null (pid=1465, uid=1000) to com.cncd.japan.janli.shudu/com.feiwofour.coverscreen.SR
11-08 20:05:19.868  1465  1687 W BroadcastQueue: u0 Receiving a broadcast in packagecom.games.mengmeizhitd requires a permissions review
11-08 20:05:19.868  1465  1687 W BroadcastQueue: Skipping delivery: permission review required for Intent { act=android.intent.action.PACKAGE_ADDED dat=package: flg=0x4000010 (has extras) } from null (pid=1465, uid=1000) to com.games.mengmeizhitd/hjnw.ihjnw.i.isqly
11-08 20:05:19.868  1465  1687 W BroadcastQueue: u0 Receiving a broadcast in packagecom.hgperfko.yaeghrwx requires a permissions review
11-08 20:05:19.868  1465  1687 W BroadcastQueue: Skipping delivery: permission review required for Intent { act=android.intent.action.PACKAGE_ADDED dat=package: flg=0x4000010 (has extras) } from null (pid=1465, uid=1000) to com.hgperfko.yaeghrwx/.core.hLytdCQDBv
11-08 20:05:19.868  1465  1687 W BroadcastQueue: u0 Receiving a broadcast in packagecom.qiuqiu.dfmc requires a permissions review
11-08 20:05:19.868  1465  1687 W BroadcastQueue: Skipping delivery: permission review required for Intent { act=android.intent.action.PACKAGE_ADDED dat=package: flg=0x4000010 (has extras) } from null (pid=1465, uid=1000) to com.qiuqiu.dfmc/cn.jpush.android.service.PushReceiver
11-08 20:05:19.868  1465  1687 W BroadcastQueue: u0 Receiving a broadcast in packagecom.safesys.viruskiller requires a permissions review
11-08 20:05:19.868  1465  1687 W BroadcastQueue: Skipping delivery: permission review required for Intent { act=android.intent.action.PACKAGE_ADDED dat=package: flg=0x4000010 (has extras) } from null (pid=1465, uid=1000) to com.safesys.viruskiller/.ScanPackageBroadcast
11-08 20:05:19.868  1465  1687 W BroadcastQueue: u0 Receiving a broadcast in packagecom.uc108.mobile.sdgj.bd1 requires a permissions review
11-08 20:05:19.868  1465  1687 W BroadcastQueue: Skipping delivery: permission review required for Intent { act=android.intent.action.PACKAGE_ADDED dat=package: flg=0x4000010 (has extras) } from null (pid=1465, uid=1000) to com.uc108.mobile.sdgj.bd1/com.baidu.tiebasdk.service.InstallReceiver
11-08 20:05:19.868  1465  1687 W BroadcastQueue: u0 Receiving a broadcast in packagecom.voicebianshengjinglingwc.wxl requires a permissions review
11-08 20:05:19.868  1465  1687 W BroadcastQueue: Skipping delivery: permission review required for Intent { act=android.intent.action.PACKAGE_ADDED dat=package: flg=0x4000010 (has extras) } from null (pid=1465, uid=1000) to com.voicebianshengjinglingwc.wxl/mp.ruu.Ztjjwrj
11-08 20:05:19.869  1465  1687 W BroadcastQueue: u0 Receiving a broadcast in packagecom.yoojar.zlsg.baidu requires a permissions review
11-08 20:05:19.869  1465  1687 W BroadcastQueue: Skipping delivery: permission review required for Intent { act=android.intent.action.PACKAGE_ADDED dat=package: flg=0x4000010 (has extras) } from null (pid=1465, uid=1000) to com.yoojar.zlsg.baidu/com.duoku.platform.download.broadcast.AppMonitorReceiver
11-08 20:05:19.869  1465  1687 W BroadcastQueue: u0 Receiving a broadcast in packageio.dcloud.H5BC6BF13 requires a permissions review
11-08 20:05:19.869  1465  1687 W BroadcastQueue: Skipping delivery: permission review required for Intent { act=android.intent.action.PACKAGE_ADDED dat=package: flg=0x4000010 (has extras) } from null (pid=1465, uid=1000) to io.dcloud.H5BC6BF13/io.dcloud.common.adapter.io.DownloadReceiver
11-08 20:05:19.880  1465  1465 V BackupManagerConstants: getFullBackupIntervalMilliseconds(...) returns 86400000
11-08 20:05:19.880  1465  1465 V BackupManagerConstants: getFullBackupRequiredNetworkType(...) returns 2
11-08 20:05:19.880  1465  1465 V BackupManagerConstants: getFullBackupRequireCharging(...) returns true
11-08 20:05:19.885  1465  1960 D CompatibilityChangeReporter: Compat change id reported: 218533173; UID 10265; state: DISABLED
11-08 20:05:19.894  1465  1465 I Telecom : DefaultDialerCache: Refreshing default dialer for user 0: now com.google.android.dialer: DDC.oR@Ayo
11-08 20:05:19.938  1465  1686 W WindowMagnificationMgr: requestConnection duplicated request: connect=false, mConnectionState=DISCONNECTED
11-08 20:05:19.950  1465  3437 W BackupTransportManager: Package cn.inssgame.paokugame enabled setting: 0
11-08 20:05:19.980  1465  1836 E VerityUtils: Failed to measure fs-verity, errno 1: /data/app/~~PJREN0ubhaRLXF_VlooI4Q==/cn.inssgame.paokugame-fPRw4XnIjxBHGMHZLUV10g==/base.apk
11-08 20:05:19.991  1465  8495 W BroadcastQueue: u0 Receiving a broadcast in packagecom.yoojar.zlsg.baidu requires a permissions review
11-08 20:05:19.991  1465  8495 W BroadcastQueue: Skipping delivery: permission review required for Intent { act=android.intent.action.PACKAGE_CHANGED dat=package: flg=0x5000010 (has extras) } from null (pid=1465, uid=1000) to com.yoojar.zlsg.baidu/com.duoku.platform.download.broadcast.AppMonitorReceiver
11-08 20:05:20.021  1465  5769 D CompatibilityChangeReporter: Compat change id reported: 161252188; UID 10265; state: DISABLED
11-08 20:05:20.022  1465  1686 W PackageManager: Failed registering loading progress callback. Package is fully loaded.
11-08 20:05:20.046  1465  1686 W WindowMagnificationMgr: requestConnection duplicated request: connect=false, mConnectionState=DISCONNECTED
11-08 20:05:20.372  1465  5769 I ActivityManager: Background started FGS: Allowed [callingPackage: com.google.android.apps.wellbeing; callingUid: 10121; uidState: BFGS; intent: Intent { cmp=com.google.android.apps.wellbeing/com.google.apps.tiktok.concurrent.InternalForegroundService (has extras) }; code:BACKGROUND_ACTIVITY_PERMISSION; tempAllowListReason:<null>; targetSdkVersion:34; callerTargetSdkVersion:34; startForegroundCount:0; bindFromPackage:null]
11-08 20:05:20.449  1465  2124 E NotificationService: Package has already posted or enqueued 50 notifications.  Not showing more.  package=com.symantec.mobilesecurity
11-08 20:05:20.450  1465  1546 I ActivityTaskManager: START u0 {flg=0x14000000 cmp=com.symantec.mobilesecurity/com.norton.feature.appsecurity.ui.malwarefound.MalwareFoundActivity (has extras)} from uid 10198
11-08 20:05:20.462  1465  8495 W ActivityTaskManager: Tried to set launchTime (0) < mLastActivityLaunchTime (1213679)
11-08 20:05:20.494  1465  1546 D CoreBackPreview: Window{4a94c05 u0 com.symantec.mobilesecurity/com.norton.feature.appsecurity.ui.malwarefound.MalwareFoundActivity}: Setting back callback OnBackInvokedCallbackInfo{mCallback=android.window.IOnBackInvokedCallback$Stub$Proxy@a31468b, mPriority=0}
11-08 20:05:20.579  1465  1465 I NotificationService: Cannot find enqueued record for key: 0|com.google.android.apps.wellbeing|174344743|null|10121
11-08 20:05:20.582  1465  1546 D CoreBackPreview: Window{938409a u0 com.symantec.mobilesecurity/com.norton.feature.appsecurity.ui.malwarefound.MalwareFoundActivity}: Setting back callback null
11-08 20:05:20.709  1465  1840 E PackageManager: ERROR: could not load root hash from incremental install
11-08 20:05:20.788  1465  1840 I PackageManager: Integrity check passed for file:///data/app/vmdl780455495.tmp
11-08 20:05:20.931  1465  1673 V StorageManagerService: Package null has legacy storage
11-08 20:05:21.076  1465  1840 V BackupManagerService: [UserID:0] restoreAtInstall pkg=com.kascend.chushov token=48 restoreSet=0
11-08 20:05:21.077  1465  1840 V BackupManagerService: [UserID:0] Finishing install immediately
11-08 20:05:21.079  1465  1840 D PackageInstallerSession: Marking session 780455495 as applied
11-08 20:05:21.084  1465  1840 D CompatibilityChangeReporter: Compat change id reported: 168419799; UID 10266; state: DISABLED
11-08 20:05:21.084  1465  1840 D CompatibilityChangeReporter: Compat change id reported: 273564678; UID 10266; state: DISABLED
11-08 20:05:21.094  1465  1465 I Telecom : DefaultDialerCache: Refreshing default dialer for user 0: now com.google.android.dialer: DDC.oR@Ay8
11-08 20:05:21.098  1465  4432 W BroadcastQueue: u0 Receiving a broadcast in packagecom.jr.narutoii requires a permissions review
11-08 20:05:21.098  1465  4432 W BroadcastQueue: Skipping delivery: permission review required for Intent { act=android.intent.action.PACKAGE_ADDED dat=package: flg=0x4000010 (has extras) } from null (pid=1465, uid=1000) to com.jr.narutoii/com.joyriver.engine.proxy.EngineReceiver
11-08 20:05:21.100  1465  1687 W BroadcastQueue: u0 Receiving a broadcast in packagecom.android.buyer requires a permissions review
11-08 20:05:21.100  1465  1687 W BroadcastQueue: Skipping delivery: permission review required for Intent { act=android.intent.action.PACKAGE_ADDED dat=package: flg=0x4000010 (has extras) } from null (pid=1465, uid=1000) to com.android.buyer/.mRve
11-08 20:05:21.100  1465  1687 W BroadcastQueue: Background execution not allowed: receiving Intent { act=android.intent.action.PACKAGE_ADDED dat=package: flg=0x4000010 (has extras) } to com.google.android.packageinstaller/com.android.packageinstaller.PackageInstalledReceiver
11-08 20:05:21.101  1465  1687 W BroadcastQueue: Background execution not allowed: receiving Intent { act=android.intent.action.PACKAGE_ADDED dat=package: flg=0x4000010 (has extras) } to com.android.vending/com.google.android.finsky.packagemonitor.impl.PackageMonitorReceiverImpl$RegisteredReceiver
11-08 20:05:21.101  1465  1687 W BroadcastQueue: Background execution not allowed: receiving Intent { act=android.intent.action.PACKAGE_ADDED dat=package: flg=0x4000010 (has extras) } to com.android.vending/com.google.android.finsky.packagemonitor.backgroundimpl.BackgroundPackageMonitorReceiverImpl$RegisteredReceiver
11-08 20:05:21.101  1465  1687 W BroadcastQueue: Background execution not allowed: receiving Intent { act=android.intent.action.PACKAGE_ADDED dat=package: flg=0x4000010 (has extras) } to com.google.android.gms/.games.chimera.GamesSystemBroadcastReceiverProxy
11-08 20:05:21.101  1465  1687 W BroadcastQueue: Background execution not allowed: receiving Intent { act=android.intent.action.PACKAGE_ADDED dat=package: flg=0x4000010 (has extras) } to com.google.android.gms/.gass.chimera.PackageChangeBroadcastReceiver
11-08 20:05:21.101  1465  1687 W BroadcastQueue: Background execution not allowed: receiving Intent { act=android.intent.action.PACKAGE_ADDED dat=package: flg=0x4000010 (has extras) } to com.google.android.gms/.chimera.GmsIntentOperationService$PersistentTrustedReceiver
11-08 20:05:21.101  1465  1687 W BroadcastQueue: u0 Receiving a broadcast in packagecom.cncd.japan.janli.shudu requires a permissions review
11-08 20:05:21.101  1465  1687 W BroadcastQueue: Skipping delivery: permission review required for Intent { act=android.intent.action.PACKAGE_ADDED dat=package: flg=0x4000010 (has extras) } from null (pid=1465, uid=1000) to com.cncd.japan.janli.shudu/net.l.k.r
11-08 20:05:21.101  1465  1687 W BroadcastQueue: u0 Receiving a broadcast in packagecom.cncd.japan.janli.shudu requires a permissions review
11-08 20:05:21.101  1465  1687 W BroadcastQueue: Skipping delivery: permission review required for Intent { act=android.intent.action.PACKAGE_ADDED dat=package: flg=0x4000010 (has extras) } from null (pid=1465, uid=1000) to com.cncd.japan.janli.shudu/com.feiwofour.coverscreen.SR
11-08 20:05:21.101  1465  1687 W BroadcastQueue: u0 Receiving a broadcast in packagecom.games.mengmeizhitd requires a permissions review
11-08 20:05:21.101  1465  1687 W BroadcastQueue: Skipping delivery: permission review required for Intent { act=android.intent.action.PACKAGE_ADDED dat=package: flg=0x4000010 (has extras) } from null (pid=1465, uid=1000) to com.games.mengmeizhitd/hjnw.ihjnw.i.isqly
11-08 20:05:21.101  1465  1687 W BroadcastQueue: u0 Receiving a broadcast in packagecom.hgperfko.yaeghrwx requires a permissions review
11-08 20:05:21.101  1465  1687 W BroadcastQueue: Skipping delivery: permission review required for Intent { act=android.intent.action.PACKAGE_ADDED dat=package: flg=0x4000010 (has extras) } from null (pid=1465, uid=1000) to com.hgperfko.yaeghrwx/.core.hLytdCQDBv
11-08 20:05:21.101  1465  1687 W BroadcastQueue: u0 Receiving a broadcast in packagecom.qiuqiu.dfmc requires a permissions review
11-08 20:05:21.101  1465  1687 W BroadcastQueue: Skipping delivery: permission review required for Intent { act=android.intent.action.PACKAGE_ADDED dat=package: flg=0x4000010 (has extras) } from null (pid=1465, uid=1000) to com.qiuqiu.dfmc/cn.jpush.android.service.PushReceiver
11-08 20:05:21.101  1465  1687 W BroadcastQueue: u0 Receiving a broadcast in packagecom.safesys.viruskiller requires a permissions review
11-08 20:05:21.101  1465  1687 W BroadcastQueue: Skipping delivery: permission review required for Intent { act=android.intent.action.PACKAGE_ADDED dat=package: flg=0x4000010 (has extras) } from null (pid=1465, uid=1000) to com.safesys.viruskiller/.ScanPackageBroadcast
11-08 20:05:21.101  1465  1687 W BroadcastQueue: u0 Receiving a broadcast in packagecom.uc108.mobile.sdgj.bd1 requires a permissions review
11-08 20:05:21.101  1465  1687 W BroadcastQueue: Skipping delivery: permission review required for Intent { act=android.intent.action.PACKAGE_ADDED dat=package: flg=0x4000010 (has extras) } from null (pid=1465, uid=1000) to com.uc108.mobile.sdgj.bd1/com.baidu.tiebasdk.service.InstallReceiver
11-08 20:05:21.102  1465  1687 W BroadcastQueue: u0 Receiving a broadcast in packagecom.voicebianshengjinglingwc.wxl requires a permissions review
11-08 20:05:21.102  1465  1687 W BroadcastQueue: Skipping delivery: permission review required for Intent { act=android.intent.action.PACKAGE_ADDED dat=package: flg=0x4000010 (has extras) } from null (pid=1465, uid=1000) to com.voicebianshengjinglingwc.wxl/mp.ruu.Ztjjwrj
11-08 20:05:21.102  1465  1687 W BroadcastQueue: u0 Receiving a broadcast in packagecom.yoojar.zlsg.baidu requires a permissions review
11-08 20:05:21.102  1465  1687 W BroadcastQueue: Skipping delivery: permission review required for Intent { act=android.intent.action.PACKAGE_ADDED dat=package: flg=0x4000010 (has extras) } from null (pid=1465, uid=1000) to com.yoojar.zlsg.baidu/com.duoku.platform.download.broadcast.AppMonitorReceiver
11-08 20:05:21.102  1465  1687 W BroadcastQueue: u0 Receiving a broadcast in packageio.dcloud.H5BC6BF13 requires a permissions review
11-08 20:05:21.102  1465  1687 W BroadcastQueue: Skipping delivery: permission review required for Intent { act=android.intent.action.PACKAGE_ADDED dat=package: flg=0x4000010 (has extras) } from null (pid=1465, uid=1000) to io.dcloud.H5BC6BF13/io.dcloud.common.adapter.io.DownloadReceiver
11-08 20:05:21.104  1465  1465 V BackupManagerConstants: getFullBackupIntervalMilliseconds(...) returns 86400000
11-08 20:05:21.104  1465  1465 V BackupManagerConstants: getFullBackupRequiredNetworkType(...) returns 2
11-08 20:05:21.104  1465  1465 V BackupManagerConstants: getFullBackupRequireCharging(...) returns true
11-08 20:05:21.141  1465  1686 W WindowMagnificationMgr: requestConnection duplicated request: connect=false, mConnectionState=DISCONNECTED
11-08 20:05:21.172  1465  1836 E VerityUtils: Failed to measure fs-verity, errno 1: /data/app/~~d-12fqC44H0JF283CFYETA==/com.kascend.chushov-Czwoyt5bIZE8U7dKA51cMQ==/base.apk
11-08 20:05:21.172  1465  8495 D CompatibilityChangeReporter: Compat change id reported: 161252188; UID 10266; state: DISABLED
11-08 20:05:21.187  1465  1960 D CompatibilityChangeReporter: Compat change id reported: 218533173; UID 10266; state: DISABLED
11-08 20:05:21.198  1465  1465 I Telecom : DefaultDialerCache: Refreshing default dialer for user 0: now com.google.android.dialer: DDC.oR@AzA
11-08 20:05:21.206  1465  3437 W BackupTransportManager: Package com.kascend.chushov enabled setting: 0
11-08 20:05:21.278  1465  5769 W BroadcastQueue: u0 Receiving a broadcast in packagecom.yoojar.zlsg.baidu requires a permissions review
11-08 20:05:21.278  1465  5769 W BroadcastQueue: Skipping delivery: permission review required for Intent { act=android.intent.action.PACKAGE_CHANGED dat=package: flg=0x5000010 (has extras) } from null (pid=1465, uid=1000) to com.yoojar.zlsg.baidu/com.duoku.platform.download.broadcast.AppMonitorReceiver
11-08 20:05:21.292  1465  1686 W PackageManager: Failed registering loading progress callback. Package is fully loaded.
11-08 20:05:21.303  1465  1840 E PackageManager: ERROR: could not load root hash from incremental install
11-08 20:05:21.303  1465  1686 W WindowMagnificationMgr: requestConnection duplicated request: connect=false, mConnectionState=DISCONNECTED
11-08 20:05:21.307  1465  2012 W PackageParsing: Ignoring duplicate uses-permissions/uses-permissions-sdk-m: android.permission.INTERNET in package: tfcqzk.lofst.hkgkaucmthtsmy at: Binary XML file line #10
11-08 20:05:21.357  1465  1840 I PackageManager: Integrity check passed for file:///data/app/vmdl778993636.tmp
11-08 20:05:21.366  1465  1840 W PackageParsing: Ignoring duplicate uses-permissions/uses-permissions-sdk-m: android.permission.INTERNET in package: tfcqzk.lofst.hkgkaucmthtsmy at: Binary XML file line #10
11-08 20:05:21.430  1465  1673 V StorageManagerService: Package null does not have legacy storage
11-08 20:05:21.754  1465  2124 I ActivityTaskManager: START u0 {flg=0x14000000 cmp=com.symantec.mobilesecurity/com.norton.feature.appsecurity.ui.malwarefound.MalwareFoundActivity (has extras)} from uid 10198
11-08 20:05:21.761  1465  3495 E NotificationService: Package has already posted or enqueued 50 notifications.  Not showing more.  package=com.symantec.mobilesecurity
11-08 20:05:21.766  1465  3501 W ActivityTaskManager: Tried to set launchTime (0) < mLastActivityLaunchTime (1214426)
11-08 20:05:21.785  1465  1840 V BackupManagerService: [UserID:0] restoreAtInstall pkg=tfcqzk.lofst.hkgkaucmthtsmy token=49 restoreSet=0
11-08 20:05:21.785  1465  1840 V BackupManagerService: [UserID:0] Finishing install immediately
11-08 20:05:21.791  1465  1840 D PackageInstallerSession: Marking session 778993636 as applied
11-08 20:05:21.793  1465  1840 D CompatibilityChangeReporter: Compat change id reported: 168419799; UID 10267; state: DISABLED
11-08 20:05:21.794  1465  1840 D CompatibilityChangeReporter: Compat change id reported: 273564678; UID 10267; state: DISABLED
11-08 20:05:21.800  1465  1465 I Telecom : DefaultDialerCache: Refreshing default dialer for user 0: now com.google.android.dialer: DDC.oR@AzM
11-08 20:05:21.810  1465  1546 W BroadcastQueue: u0 Receiving a broadcast in packagecom.jr.narutoii requires a permissions review
11-08 20:05:21.810  1465  1546 W BroadcastQueue: Skipping delivery: permission review required for Intent { act=android.intent.action.PACKAGE_ADDED dat=package: flg=0x4000010 (has extras) } from null (pid=1465, uid=1000) to com.jr.narutoii/com.joyriver.engine.proxy.EngineReceiver
11-08 20:05:21.810  1465  1687 W BroadcastQueue: u0 Receiving a broadcast in packagecom.android.buyer requires a permissions review
