11-08 20:04:59.017  1465  2105 I ActivityTaskManager: START u0 {flg=0x14000000 cmp=com.symantec.mobilesecurity/com.norton.feature.appsecurity.ui.malwarefound.MalwareFoundActivity (has extras)} from uid 10198
11-08 20:04:59.018  1465  1465 V BackupManagerConstants: getFullBackupIntervalMilliseconds(...) returns 86400000
11-08 20:04:59.018  1465  1465 V BackupManagerConstants: getFullBackupRequiredNetworkType(...) returns 2
11-08 20:04:59.018  1465  1465 V BackupManagerConstants: getFullBackupRequireCharging(...) returns true
11-08 20:04:59.030  1465  1686 W WindowMagnificationMgr: requestConnection duplicated request: connect=false, mConnectionState=DISCONNECTED
11-08 20:04:59.045  1465  3501 W ActivityTaskManager: Tried to set launchTime (0) < mLastActivityLaunchTime (1192116)
11-08 20:04:59.105  1465  8472 D CoreBackPreview: Window{367abfe u0 com.symantec.mobilesecurity/com.norton.feature.appsecurity.ui.malwarefound.MalwareFoundActivity}: Setting back callback OnBackInvokedCallbackInfo{mCallback=android.window.IOnBackInvokedCallback$Stub$Proxy@6be4b57, mPriority=0}
11-08 20:04:59.138  1465  1960 D CompatibilityChangeReporter: Compat change id reported: 218533173; UID 10233; state: DISABLED
11-08 20:04:59.146  1465  1465 I Telecom : DefaultDialerCache: Refreshing default dialer for user 0: now com.google.android.dialer: DDC.oR@AoA
11-08 20:04:59.147  1465  3437 W BackupTransportManager: Package com.evilsunflower.animalpuzzle enabled setting: 0
11-08 20:04:59.153  1465  1836 E VerityUtils: Failed to measure fs-verity, errno 1: /data/app/~~U_m_EuoLzF39qCPMySv_0g==/com.evilsunflower.animalpuzzle-WcfsrdNZoVEu7-jFor_GYg==/base.apk
11-08 20:04:59.159  1465  1686 W WindowMagnificationMgr: requestConnection duplicated request: connect=false, mConnectionState=DISCONNECTED
11-08 20:04:59.178  1465  8749 D CoreBackPreview: Window{90ebc87 u0 com.symantec.mobilesecurity/com.norton.feature.appsecurity.ui.malwarefound.MalwareFoundActivity}: Setting back callback null
11-08 20:04:59.240  1465  1686 W PackageManager: Failed registering loading progress callback. Package is fully loaded.
11-08 20:04:59.262  1465  1686 W WindowMagnificationMgr: requestConnection duplicated request: connect=false, mConnectionState=DISCONNECTED
11-08 20:04:59.268  1465  8472 W JobScheduler: Job didn't exist in JobStore: abacac8 #u0a198/42 com.symantec.mobilesecurity/androidx.work.impl.background.systemjob.SystemJobService
11-08 20:04:59.276  1465  3501 D CompatibilityChangeReporter: Compat change id reported: 161252188; UID 10233; state: DISABLED
11-08 20:04:59.291  1465  1840 E PackageManager: ERROR: could not load root hash from incremental install
11-08 20:04:59.302  1465  2012 W PackageParsing: Ignoring duplicate uses-permissions/uses-permissions-sdk-m: android.permission.ACCESS_WIFI_STATE in package: io.dcloud.H5BC6BF13 at: Binary XML file line #2
11-08 20:04:59.302  1465  2012 W PackageParsing: Ignoring duplicate uses-permissions/uses-permissions-sdk-m: android.permission.ACCESS_NETWORK_STATE in package: io.dcloud.H5BC6BF13 at: Binary XML file line #2
11-08 20:04:59.302  1465  2012 W PackageParsing: Ignoring duplicate uses-permissions/uses-permissions-sdk-m: android.permission.READ_PHONE_STATE in package: io.dcloud.H5BC6BF13 at: Binary XML file line #2
11-08 20:04:59.303  1465  8472 I ActivityTaskManager: START u0 {flg=0x14000000 cmp=com.symantec.mobilesecurity/com.norton.feature.appsecurity.ui.malwarefound.MalwareFoundActivity (has extras)} from uid 10198
11-08 20:04:59.314  1465  1465 W NotificationHistory: Attempted to add notif for locked/gone/disabled user 0
11-08 20:04:59.329  1465  1840 I PackageManager: Integrity check passed for file:///data/app/vmdl1977958445.tmp
11-08 20:04:59.331  1465  8472 W ActivityTaskManager: Tried to set launchTime (0) < mLastActivityLaunchTime (1193009)
11-08 20:04:59.337  1465  1840 W PackageParsing: Ignoring duplicate uses-permissions/uses-permissions-sdk-m: android.permission.ACCESS_WIFI_STATE in package: io.dcloud.H5BC6BF13 at: Binary XML file line #2
11-08 20:04:59.337  1465  1840 W PackageParsing: Ignoring duplicate uses-permissions/uses-permissions-sdk-m: android.permission.ACCESS_NETWORK_STATE in package: io.dcloud.H5BC6BF13 at: Binary XML file line #2
11-08 20:04:59.337  1465  1840 W PackageParsing: Ignoring duplicate uses-permissions/uses-permissions-sdk-m: android.permission.READ_PHONE_STATE in package: io.dcloud.H5BC6BF13 at: Binary XML file line #2
11-08 20:04:59.420  1465  1673 V StorageManagerService: Package null has legacy storage
11-08 20:04:59.440  1465 11467 D CoreBackPreview: Window{59697ed u0 com.symantec.mobilesecurity/com.norton.feature.appsecurity.ui.malwarefound.MalwareFoundActivity}: Setting back callback OnBackInvokedCallbackInfo{mCallback=android.window.IOnBackInvokedCallback$Stub$Proxy@96dbfce, mPriority=0}
11-08 20:04:59.493  1465  8749 D CoreBackPreview: Window{367abfe u0 com.symantec.mobilesecurity/com.norton.feature.appsecurity.ui.malwarefound.MalwareFoundActivity}: Setting back callback null
11-08 20:04:59.533  1465  1465 E NotificationService: Muting recently noisy 0|com.symantec.mobilesecurity|1001|com.lyf.tkhlke|10198
11-08 20:04:59.534  1465  1465 W NotificationHistory: Attempted to add notif for locked/gone/disabled user 0
11-08 20:04:59.612  1465  8749 I ActivityTaskManager: START u0 {flg=0x14000000 cmp=com.symantec.mobilesecurity/com.norton.feature.appsecurity.ui.malwarefound.MalwareFoundActivity (has extras)} from uid 10198
11-08 20:04:59.655  1465  7989 W ActivityTaskManager: Tried to set launchTime (0) < mLastActivityLaunchTime (1193294)
11-08 20:04:59.710  1465  8749 D CoreBackPreview: Window{f31f0af u0 com.symantec.mobilesecurity/com.norton.feature.appsecurity.ui.malwarefound.MalwareFoundActivity}: Setting back callback OnBackInvokedCallbackInfo{mCallback=android.window.IOnBackInvokedCallback$Stub$Proxy@6df1445, mPriority=0}
11-08 20:04:59.826  1465  1465 E NotificationService: Muting recently noisy 0|com.symantec.mobilesecurity|1001|com.evilsunflower.animalpuzzle|10198
11-08 20:04:59.827  1465  1465 W NotificationHistory: Attempted to add notif for locked/gone/disabled user 0
11-08 20:04:59.834  1465  2105 D CoreBackPreview: Window{59697ed u0 com.symantec.mobilesecurity/com.norton.feature.appsecurity.ui.malwarefound.MalwareFoundActivity}: Setting back callback null
11-08 20:04:59.935  1465  1840 V BackupManagerService: [UserID:0] restoreAtInstall pkg=io.dcloud.H5BC6BF13 token=28 restoreSet=0
11-08 20:04:59.935  1465  1840 V BackupManagerService: [UserID:0] Finishing install immediately
11-08 20:04:59.937  1465  1840 D PackageInstallerSession: Marking session 1977958445 as applied
11-08 20:04:59.941  1465  1840 D CompatibilityChangeReporter: Compat change id reported: 168419799; UID 10234; state: DISABLED
11-08 20:04:59.941  1465  1840 D CompatibilityChangeReporter: Compat change id reported: 273564678; UID 10234; state: DISABLED
11-08 20:04:59.960  1465  1465 I Telecom : DefaultDialerCache: Refreshing default dialer for user 0: now com.google.android.dialer: DDC.oR@Aoc
11-08 20:04:59.962  1465  5897 W BroadcastQueue: u0 Receiving a broadcast in packagecom.android.buyer requires a permissions review
11-08 20:04:59.962  1465  5897 W BroadcastQueue: Skipping delivery: permission review required for Intent { act=android.intent.action.PACKAGE_ADDED dat=package: flg=0x4000010 (has extras) } from null (pid=1465, uid=1000) to com.android.buyer/.mRve
11-08 20:04:59.966  1465  1687 W BroadcastQueue: Background execution not allowed: receiving Intent { act=android.intent.action.PACKAGE_ADDED dat=package: flg=0x4000010 (has extras) } to com.google.android.packageinstaller/com.android.packageinstaller.PackageInstalledReceiver
11-08 20:04:59.967  1465  1687 W BroadcastQueue: Background execution not allowed: receiving Intent { act=android.intent.action.PACKAGE_ADDED dat=package: flg=0x4000010 (has extras) } to com.android.vending/com.google.android.finsky.packagemonitor.impl.PackageMonitorReceiverImpl$RegisteredReceiver
11-08 20:04:59.967  1465  1687 W BroadcastQueue: Background execution not allowed: receiving Intent { act=android.intent.action.PACKAGE_ADDED dat=package: flg=0x4000010 (has extras) } to com.android.vending/com.google.android.finsky.packagemonitor.backgroundimpl.BackgroundPackageMonitorReceiverImpl$RegisteredReceiver
11-08 20:04:59.967  1465  1687 W BroadcastQueue: Background execution not allowed: receiving Intent { act=android.intent.action.PACKAGE_ADDED dat=package: flg=0x4000010 (has extras) } to com.google.android.gms/.games.chimera.GamesSystemBroadcastReceiverProxy
11-08 20:04:59.967  1465  1687 W BroadcastQueue: Background execution not allowed: receiving Intent { act=android.intent.action.PACKAGE_ADDED dat=package: flg=0x4000010 (has extras) } to com.google.android.gms/.gass.chimera.PackageChangeBroadcastReceiver
11-08 20:04:59.967  1465  1687 W BroadcastQueue: Background execution not allowed: receiving Intent { act=android.intent.action.PACKAGE_ADDED dat=package: flg=0x4000010 (has extras) } to com.google.android.gms/.chimera.GmsIntentOperationService$PersistentTrustedReceiver
11-08 20:04:59.967  1465  1687 W BroadcastQueue: u0 Receiving a broadcast in packagecom.games.mengmeizhitd requires a permissions review
11-08 20:04:59.967  1465  1687 W BroadcastQueue: Skipping delivery: permission review required for Intent { act=android.intent.action.PACKAGE_ADDED dat=package: flg=0x4000010 (has extras) } from null (pid=1465, uid=1000) to com.games.mengmeizhitd/hjnw.ihjnw.i.isqly
11-08 20:04:59.967  1465  1687 W BroadcastQueue: u0 Receiving a broadcast in packagecom.qiuqiu.dfmc requires a permissions review
11-08 20:04:59.967  1465  1687 W BroadcastQueue: Skipping delivery: permission review required for Intent { act=android.intent.action.PACKAGE_ADDED dat=package: flg=0x4000010 (has extras) } from null (pid=1465, uid=1000) to com.qiuqiu.dfmc/cn.jpush.android.service.PushReceiver
11-08 20:04:59.967  1465  1687 W BroadcastQueue: u0 Receiving a broadcast in packagecom.safesys.viruskiller requires a permissions review
11-08 20:04:59.968  1465  1687 W BroadcastQueue: Skipping delivery: permission review required for Intent { act=android.intent.action.PACKAGE_ADDED dat=package: flg=0x4000010 (has extras) } from null (pid=1465, uid=1000) to com.safesys.viruskiller/.ScanPackageBroadcast
11-08 20:04:59.991  1465  1960 D CompatibilityChangeReporter: Compat change id reported: 218533173; UID 10234; state: DISABLED
11-08 20:04:59.997  1465  1465 I Telecom : DefaultDialerCache: Refreshing default dialer for user 0: now com.google.android.dialer: DDC.oR@Aog
11-08 20:05:00.005  1465  1686 W WindowMagnificationMgr: requestConnection duplicated request: connect=false, mConnectionState=DISCONNECTED
11-08 20:05:00.024  1465  1836 E VerityUtils: Failed to measure fs-verity, errno 1: /data/app/~~YcGm0NequcxD__quyXI7uQ==/io.dcloud.H5BC6BF13-XPPldhpkZy6_LkhTeM8Rkw==/base.apk
11-08 20:05:00.063  1465 11468 D CompatibilityChangeReporter: Compat change id reported: 161252188; UID 10234; state: DISABLED
11-08 20:05:00.086  1465  3437 W BackupTransportManager: Package io.dcloud.H5BC6BF13 enabled setting: 0
11-08 20:05:00.109  1465  1840 E PackageManager: ERROR: could not load root hash from incremental install
11-08 20:05:00.115  1465  1686 W PackageManager: Failed registering loading progress callback. Package is fully loaded.
11-08 20:05:00.129  1465  1686 W WindowMagnificationMgr: requestConnection duplicated request: connect=false, mConnectionState=DISCONNECTED
11-08 20:05:00.137  1465  1840 I PackageManager: Integrity check passed for file:///data/app/vmdl1113615929.tmp
11-08 20:05:00.298  1465  1673 V StorageManagerService: Package null has legacy storage
11-08 20:05:00.452  1465  1840 V BackupManagerService: [UserID:0] restoreAtInstall pkg=com.keji.danti1052 token=29 restoreSet=0
11-08 20:05:00.452  1465  1840 V BackupManagerService: [UserID:0] Finishing install immediately
11-08 20:05:00.453  1465  1840 D PackageInstallerSession: Marking session 1113615929 as applied
11-08 20:05:00.458  1465  1840 D CompatibilityChangeReporter: Compat change id reported: 168419799; UID 10235; state: DISABLED
11-08 20:05:00.458  1465  1840 D CompatibilityChangeReporter: Compat change id reported: 273564678; UID 10235; state: DISABLED
11-08 20:05:00.463  1465 11467 W BroadcastQueue: u0 Receiving a broadcast in packagecom.android.buyer requires a permissions review
11-08 20:05:00.463  1465 11467 W BroadcastQueue: Skipping delivery: permission review required for Intent { act=android.intent.action.PACKAGE_ADDED dat=package: flg=0x4000010 (has extras) } from null (pid=1465, uid=1000) to com.android.buyer/.mRve
11-08 20:05:00.465  1465  1465 I Telecom : DefaultDialerCache: Refreshing default dialer for user 0: now com.google.android.dialer: DDC.oR@Aos
11-08 20:05:00.468  1465  1465 V BackupManagerConstants: getFullBackupIntervalMilliseconds(...) returns 86400000
11-08 20:05:00.468  1465  1465 V BackupManagerConstants: getFullBackupRequiredNetworkType(...) returns 2
11-08 20:05:00.468  1465  1465 V BackupManagerConstants: getFullBackupRequireCharging(...) returns true
11-08 20:05:00.470  1465  1687 W BroadcastQueue: Background execution not allowed: receiving Intent { act=android.intent.action.PACKAGE_ADDED dat=package: flg=0x4000010 (has extras) } to com.google.android.packageinstaller/com.android.packageinstaller.PackageInstalledReceiver
11-08 20:05:00.472  1465  1687 W BroadcastQueue: Background execution not allowed: receiving Intent { act=android.intent.action.PACKAGE_ADDED dat=package: flg=0x4000010 (has extras) } to com.android.vending/com.google.android.finsky.packagemonitor.impl.PackageMonitorReceiverImpl$RegisteredReceiver
11-08 20:05:00.472  1465  1687 W BroadcastQueue: Background execution not allowed: receiving Intent { act=android.intent.action.PACKAGE_ADDED dat=package: flg=0x4000010 (has extras) } to com.android.vending/com.google.android.finsky.packagemonitor.backgroundimpl.BackgroundPackageMonitorReceiverImpl$RegisteredReceiver
11-08 20:05:00.472  1465  1687 W BroadcastQueue: Background execution not allowed: receiving Intent { act=android.intent.action.PACKAGE_ADDED dat=package: flg=0x4000010 (has extras) } to com.google.android.gms/.games.chimera.GamesSystemBroadcastReceiverProxy
11-08 20:05:00.472  1465  1687 W BroadcastQueue: Background execution not allowed: receiving Intent { act=android.intent.action.PACKAGE_ADDED dat=package: flg=0x4000010 (has extras) } to com.google.android.gms/.gass.chimera.PackageChangeBroadcastReceiver
11-08 20:05:00.472  1465  1687 W BroadcastQueue: Background execution not allowed: receiving Intent { act=android.intent.action.PACKAGE_ADDED dat=package: flg=0x4000010 (has extras) } to com.google.android.gms/.chimera.GmsIntentOperationService$PersistentTrustedReceiver
11-08 20:05:00.472  1465  1687 W BroadcastQueue: u0 Receiving a broadcast in packagecom.games.mengmeizhitd requires a permissions review
11-08 20:05:00.472  1465  1687 W BroadcastQueue: Skipping delivery: permission review required for Intent { act=android.intent.action.PACKAGE_ADDED dat=package: flg=0x4000010 (has extras) } from null (pid=1465, uid=1000) to com.games.mengmeizhitd/hjnw.ihjnw.i.isqly
11-08 20:05:00.472  1465  1687 W BroadcastQueue: u0 Receiving a broadcast in packagecom.qiuqiu.dfmc requires a permissions review
11-08 20:05:00.472  1465  1687 W BroadcastQueue: Skipping delivery: permission review required for Intent { act=android.intent.action.PACKAGE_ADDED dat=package: flg=0x4000010 (has extras) } from null (pid=1465, uid=1000) to com.qiuqiu.dfmc/cn.jpush.android.service.PushReceiver
11-08 20:05:00.472  1465  1687 W BroadcastQueue: u0 Receiving a broadcast in packagecom.safesys.viruskiller requires a permissions review
11-08 20:05:00.472  1465  1687 W BroadcastQueue: Skipping delivery: permission review required for Intent { act=android.intent.action.PACKAGE_ADDED dat=package: flg=0x4000010 (has extras) } from null (pid=1465, uid=1000) to com.safesys.viruskiller/.ScanPackageBroadcast
11-08 20:05:00.473  1465  1687 W BroadcastQueue: u0 Receiving a broadcast in packageio.dcloud.H5BC6BF13 requires a permissions review
11-08 20:05:00.473  1465  1687 W BroadcastQueue: Skipping delivery: permission review required for Intent { act=android.intent.action.PACKAGE_ADDED dat=package: flg=0x4000010 (has extras) } from null (pid=1465, uid=1000) to io.dcloud.H5BC6BF13/io.dcloud.common.adapter.io.DownloadReceiver
11-08 20:05:00.494  1465  1960 D CompatibilityChangeReporter: Compat change id reported: 218533173; UID 10235; state: DISABLED
11-08 20:05:00.501  1465  1465 I Telecom : DefaultDialerCache: Refreshing default dialer for user 0: now com.google.android.dialer: DDC.oR@Aow
11-08 20:05:00.501  1465  3437 W BackupTransportManager: Package com.keji.danti1052 enabled setting: 0
11-08 20:05:00.505  1465  1686 W WindowMagnificationMgr: requestConnection duplicated request: connect=false, mConnectionState=DISCONNECTED
11-08 20:05:00.535  1465  1836 E VerityUtils: Failed to measure fs-verity, errno 1: /data/app/~~C5fvvVvFB3hKWp_7tqR2Rw==/com.keji.danti1052--TigclDFRCv7_YkaXCdP5g==/base.apk
11-08 20:05:00.536  1465  8740 D CompatibilityChangeReporter: Compat change id reported: 161252188; UID 10235; state: DISABLED
11-08 20:05:00.570  1465  1686 W PackageManager: Failed registering loading progress callback. Package is fully loaded.
11-08 20:05:00.578  1465  1686 W WindowMagnificationMgr: requestConnection duplicated request: connect=false, mConnectionState=DISCONNECTED
11-08 20:05:00.584  1465 11467 I ActivityTaskManager: START u0 {flg=0x14000000 cmp=com.symantec.mobilesecurity/com.norton.feature.appsecurity.ui.malwarefound.MalwareFoundActivity (has extras)} from uid 10198
11-08 20:05:00.611  1465 11468 W ActivityTaskManager: Tried to set launchTime (0) < mLastActivityLaunchTime (1193618)
11-08 20:05:00.663  1465  4426 D CoreBackPreview: Window{745675 u0 com.symantec.mobilesecurity/com.norton.feature.appsecurity.ui.malwarefound.MalwareFoundActivity}: Setting back callback OnBackInvokedCallbackInfo{mCallback=android.window.IOnBackInvokedCallback$Stub$Proxy@f9fee7b, mPriority=0}
11-08 20:05:00.734  1465  8495 D CoreBackPreview: Window{f31f0af u0 com.symantec.mobilesecurity/com.norton.feature.appsecurity.ui.malwarefound.MalwareFoundActivity}: Setting back callback null
11-08 20:05:00.840  1465  1465 W NotificationHistory: Attempted to add notif for locked/gone/disabled user 0
11-08 20:05:01.022  1465  4426 I ActivityTaskManager: START u0 {flg=0x14000000 cmp=com.symantec.mobilesecurity/com.norton.feature.appsecurity.ui.malwarefound.MalwareFoundActivity (has extras)} from uid 10198
11-08 20:05:01.046  1465  5897 W ActivityTaskManager: Tried to set launchTime (0) < mLastActivityLaunchTime (1194575)
11-08 20:05:01.087  1465  4426 D CoreBackPreview: Window{898ae4 u0 com.symantec.mobilesecurity/com.norton.feature.appsecurity.ui.malwarefound.MalwareFoundActivity}: Setting back callback OnBackInvokedCallbackInfo{mCallback=android.window.IOnBackInvokedCallback$Stub$Proxy@61b3602, mPriority=0}
11-08 20:05:01.125  1465  5897 D CoreBackPreview: Window{745675 u0 com.symantec.mobilesecurity/com.norton.feature.appsecurity.ui.malwarefound.MalwareFoundActivity}: Setting back callback null
11-08 20:05:01.231  1465  1465 E NotificationService: Muting recently noisy 0|com.symantec.mobilesecurity|1001|com.keji.danti1052|10198
11-08 20:05:01.235  1465  1465 W NotificationHistory: Attempted to add notif for locked/gone/disabled user 0
11-08 20:05:01.425  1465  1840 E PackageManager: ERROR: could not load root hash from incremental install
11-08 20:05:01.438  1465  2012 W PackageParsing: Ignoring duplicate uses-permissions/uses-permissions-sdk-m: android.permission.INTERNET in package: com.uc108.mobile.sdgj.bd1 at: Binary XML file line #25
11-08 20:05:01.439  1465  2012 W PackageParsing: Ignoring duplicate uses-permissions/uses-permissions-sdk-m: android.permission.READ_PHONE_STATE in package: com.uc108.mobile.sdgj.bd1 at: Binary XML file line #26
11-08 20:05:01.439  1465  2012 W PackageParsing: Ignoring duplicate uses-permissions/uses-permissions-sdk-m: android.permission.ACCESS_WIFI_STATE in package: com.uc108.mobile.sdgj.bd1 at: Binary XML file line #27
11-08 20:05:01.439  1465  2012 W PackageParsing: Ignoring duplicate uses-permissions/uses-permissions-sdk-m: android.permission.ACCESS_NETWORK_STATE in package: com.uc108.mobile.sdgj.bd1 at: Binary XML file line #28
11-08 20:05:01.439  1465  2012 W PackageParsing: Ignoring duplicate uses-permissions/uses-permissions-sdk-m: android.permission.BROADCAST_STICKY in package: com.uc108.mobile.sdgj.bd1 at: Binary XML file line #31
11-08 20:05:01.439  1465  2012 W PackageParsing: Ignoring duplicate uses-permissions/uses-permissions-sdk-m: android.permission.WRITE_SETTINGS in package: com.uc108.mobile.sdgj.bd1 at: Binary XML file line #32
11-08 20:05:01.439  1465  2012 W PackageParsing: Ignoring duplicate uses-permissions/uses-permissions-sdk-m: android.permission.WRITE_EXTERNAL_STORAGE in package: com.uc108.mobile.sdgj.bd1 at: Binary XML file line #34
11-08 20:05:01.439  1465  2012 W PackageParsing: Ignoring duplicate uses-permissions/uses-permissions-sdk-m: android.permission.WAKE_LOCK in package: com.uc108.mobile.sdgj.bd1 at: Binary XML file line #35
11-08 20:05:01.439  1465  2012 W PackageParsing: Ignoring duplicate uses-permissions/uses-permissions-sdk-m: android.permission.VIBRATE in package: com.uc108.mobile.sdgj.bd1 at: Binary XML file line #39
11-08 20:05:01.439  1465  2012 W PackageParsing: Ignoring duplicate uses-permissions/uses-permissions-sdk-m: android.permission.ACCESS_NETWORK_STATE in package: com.uc108.mobile.sdgj.bd1 at: Binary XML file line #46
11-08 20:05:01.439  1465  2012 W PackageParsing: Ignoring duplicate uses-permissions/uses-permissions-sdk-m: android.permission.ACCESS_WIFI_STATE in package: com.uc108.mobile.sdgj.bd1 at: Binary XML file line #47
11-08 20:05:01.439  1465  2012 W PackageParsing: Ignoring duplicate uses-permissions/uses-permissions-sdk-m: android.permission.READ_PHONE_STATE in package: com.uc108.mobile.sdgj.bd1 at: Binary XML file line #48
11-08 20:05:01.439  1465  2012 W PackageParsing: Ignoring duplicate uses-permissions/uses-permissions-sdk-m: android.permission.WRITE_SETTINGS in package: com.uc108.mobile.sdgj.bd1 at: Binary XML file line #49
11-08 20:05:01.439  1465  2012 W PackageParsing: Ignoring duplicate uses-permissions/uses-permissions-sdk-m: android.permission.WRITE_EXTERNAL_STORAGE in package: com.uc108.mobile.sdgj.bd1 at: Binary XML file line #50
11-08 20:05:01.439  1465  2012 W PackageParsing: Ignoring duplicate uses-permissions/uses-permissions-sdk-m: android.permission.INTERNET in package: com.uc108.mobile.sdgj.bd1 at: Binary XML file line #51
11-08 20:05:01.439  1465  2012 W PackageParsing: Ignoring duplicate uses-permissions/uses-permissions-sdk-m: android.permission.GET_TASKS in package: com.uc108.mobile.sdgj.bd1 at: Binary XML file line #52
11-08 20:05:01.439  1465  2012 W PackageParsing: Ignoring duplicate uses-permissions/uses-permissions-sdk-m: android.permission.ACCESS_COARSE_LOCATION in package: com.uc108.mobile.sdgj.bd1 at: Binary XML file line #56
11-08 20:05:01.439  1465  2012 W PackageParsing: Ignoring duplicate uses-permissions/uses-permissions-sdk-m: android.permission.RECEIVE_BOOT_COMPLETED in package: com.uc108.mobile.sdgj.bd1 at: Binary XML file line #63
11-08 20:05:01.440  1465  2012 W PackageParsing: Ignoring duplicate uses-permissions/uses-permissions-sdk-m: android.permission.VIBRATE in package: com.uc108.mobile.sdgj.bd1 at: Binary XML file line #64
11-08 20:05:01.440  1465  2012 W PackageParsing: Ignoring duplicate uses-permissions/uses-permissions-sdk-m: android.permission.BROADCAST_STICKY in package: com.uc108.mobile.sdgj.bd1 at: Binary XML file line #70
11-08 20:05:01.440  1465  2012 W PackageParsing: Ignoring duplicate uses-permissions/uses-permissions-sdk-m: android.permission.WAKE_LOCK in package: com.uc108.mobile.sdgj.bd1 at: Binary XML file line #76
11-08 20:05:01.440  1465  2012 W PackageParsing: Ignoring duplicate uses-permissions/uses-permissions-sdk-m: android.permission.ACCESS_COARSE_LOCATION in package: com.uc108.mobile.sdgj.bd1 at: Binary XML file line #77
11-08 20:05:01.443  1465  2012 D CompatibilityChangeReporter: Compat change id reported: 151163173; UID -1; state: DISABLED
11-08 20:05:01.444  1465  2012 W PackageParsing: No actions in intent-filter at /data/app/vmdl1439609039.tmp/base.apk Binary XML file line #482
11-08 20:05:01.445  1465  2012 W PackageParsing: No actions in intent-filter at /data/app/vmdl1439609039.tmp/base.apk Binary XML file line #489
11-08 20:05:01.445  1465  2012 W PackageParsing: No actions in intent-filter at /data/app/vmdl1439609039.tmp/base.apk Binary XML file line #496
11-08 20:05:01.445  1465  2012 W PackageParsing: No actions in intent-filter at /data/app/vmdl1439609039.tmp/base.apk Binary XML file line #503
11-08 20:05:01.445  1465  2012 W PackageParsing: No actions in intent-filter at /data/app/vmdl1439609039.tmp/base.apk Binary XML file line #510
11-08 20:05:01.445  1465  2012 W PackageParsing: No actions in intent-filter at /data/app/vmdl1439609039.tmp/base.apk Binary XML file line #527
11-08 20:05:01.445  1465  2012 W PackageParsing: No actions in intent-filter at /data/app/vmdl1439609039.tmp/base.apk Binary XML file line #534
11-08 20:05:01.445  1465  2012 W PackageParsing: No actions in intent-filter at /data/app/vmdl1439609039.tmp/base.apk Binary XML file line #541
11-08 20:05:01.445  1465  2012 W PackageParsing: No actions in intent-filter at /data/app/vmdl1439609039.tmp/base.apk Binary XML file line #549
11-08 20:05:01.446  1465  2012 W PackageParsing: No actions in intent-filter at /data/app/vmdl1439609039.tmp/base.apk Binary XML file line #557
11-08 20:05:01.446  1465  2012 W PackageParsing: No actions in intent-filter at /data/app/vmdl1439609039.tmp/base.apk Binary XML file line #565
11-08 20:05:01.446  1465  2012 W PackageParsing: No actions in intent-filter at /data/app/vmdl1439609039.tmp/base.apk Binary XML file line #573
11-08 20:05:01.446  1465  2012 W PackageParsing: No actions in intent-filter at /data/app/vmdl1439609039.tmp/base.apk Binary XML file line #581
11-08 20:05:01.446  1465  2012 W PackageParsing: No actions in intent-filter at /data/app/vmdl1439609039.tmp/base.apk Binary XML file line #588
11-08 20:05:01.446  1465  2012 W PackageParsing: No actions in intent-filter at /data/app/vmdl1439609039.tmp/base.apk Binary XML file line #595
11-08 20:05:01.446  1465  2012 W PackageParsing: No actions in intent-filter at /data/app/vmdl1439609039.tmp/base.apk Binary XML file line #602
11-08 20:05:01.446  1465  2012 W PackageParsing: No actions in intent-filter at /data/app/vmdl1439609039.tmp/base.apk Binary XML file line #609
11-08 20:05:01.446  1465  2012 W PackageParsing: No actions in intent-filter at /data/app/vmdl1439609039.tmp/base.apk Binary XML file line #615
11-08 20:05:01.497  1465  1840 I PackageManager: Integrity check passed for file:///data/app/vmdl1439609039.tmp
11-08 20:05:01.510  1465  1840 W PackageParsing: Ignoring duplicate uses-permissions/uses-permissions-sdk-m: android.permission.INTERNET in package: com.uc108.mobile.sdgj.bd1 at: Binary XML file line #25
11-08 20:05:01.511  1465  1840 W PackageParsing: Ignoring duplicate uses-permissions/uses-permissions-sdk-m: android.permission.READ_PHONE_STATE in package: com.uc108.mobile.sdgj.bd1 at: Binary XML file line #26
11-08 20:05:01.511  1465  1840 W PackageParsing: Ignoring duplicate uses-permissions/uses-permissions-sdk-m: android.permission.ACCESS_WIFI_STATE in package: com.uc108.mobile.sdgj.bd1 at: Binary XML file line #27
11-08 20:05:01.511  1465  1840 W PackageParsing: Ignoring duplicate uses-permissions/uses-permissions-sdk-m: android.permission.ACCESS_NETWORK_STATE in package: com.uc108.mobile.sdgj.bd1 at: Binary XML file line #28
11-08 20:05:01.511  1465  1840 W PackageParsing: Ignoring duplicate uses-permissions/uses-permissions-sdk-m: android.permission.BROADCAST_STICKY in package: com.uc108.mobile.sdgj.bd1 at: Binary XML file line #31
11-08 20:05:01.511  1465  1840 W PackageParsing: Ignoring duplicate uses-permissions/uses-permissions-sdk-m: android.permission.WRITE_SETTINGS in package: com.uc108.mobile.sdgj.bd1 at: Binary XML file line #32
11-08 20:05:01.511  1465  1840 W PackageParsing: Ignoring duplicate uses-permissions/uses-permissions-sdk-m: android.permission.WRITE_EXTERNAL_STORAGE in package: com.uc108.mobile.sdgj.bd1 at: Binary XML file line #34
11-08 20:05:01.511  1465  1840 W PackageParsing: Ignoring duplicate uses-permissions/uses-permissions-sdk-m: android.permission.WAKE_LOCK in package: com.uc108.mobile.sdgj.bd1 at: Binary XML file line #35
11-08 20:05:01.511  1465  1840 W PackageParsing: Ignoring duplicate uses-permissions/uses-permissions-sdk-m: android.permission.VIBRATE in package: com.uc108.mobile.sdgj.bd1 at: Binary XML file line #39
11-08 20:05:01.511  1465  1840 W PackageParsing: Ignoring duplicate uses-permissions/uses-permissions-sdk-m: android.permission.ACCESS_NETWORK_STATE in package: com.uc108.mobile.sdgj.bd1 at: Binary XML file line #46
11-08 20:05:01.511  1465  1840 W PackageParsing: Ignoring duplicate uses-permissions/uses-permissions-sdk-m: android.permission.ACCESS_WIFI_STATE in package: com.uc108.mobile.sdgj.bd1 at: Binary XML file line #47
11-08 20:05:01.511  1465  1840 W PackageParsing: Ignoring duplicate uses-permissions/uses-permissions-sdk-m: android.permission.READ_PHONE_STATE in package: com.uc108.mobile.sdgj.bd1 at: Binary XML file line #48
11-08 20:05:01.511  1465  1840 W PackageParsing: Ignoring duplicate uses-permissions/uses-permissions-sdk-m: android.permission.WRITE_SETTINGS in package: com.uc108.mobile.sdgj.bd1 at: Binary XML file line #49
11-08 20:05:01.511  1465  1840 W PackageParsing: Ignoring duplicate uses-permissions/uses-permissions-sdk-m: android.permission.WRITE_EXTERNAL_STORAGE in package: com.uc108.mobile.sdgj.bd1 at: Binary XML file line #50
11-08 20:05:01.511  1465  1840 W PackageParsing: Ignoring duplicate uses-permissions/uses-permissions-sdk-m: android.permission.INTERNET in package: com.uc108.mobile.sdgj.bd1 at: Binary XML file line #51
11-08 20:05:01.511  1465  1840 W PackageParsing: Ignoring duplicate uses-permissions/uses-permissions-sdk-m: android.permission.GET_TASKS in package: com.uc108.mobile.sdgj.bd1 at: Binary XML file line #52
11-08 20:05:01.511  1465  1840 W PackageParsing: Ignoring duplicate uses-permissions/uses-permissions-sdk-m: android.permission.ACCESS_COARSE_LOCATION in package: com.uc108.mobile.sdgj.bd1 at: Binary XML file line #56
11-08 20:05:01.511  1465  1840 W PackageParsing: Ignoring duplicate uses-permissions/uses-permissions-sdk-m: android.permission.RECEIVE_BOOT_COMPLETED in package: com.uc108.mobile.sdgj.bd1 at: Binary XML file line #63
11-08 20:05:01.511  1465  1840 W PackageParsing: Ignoring duplicate uses-permissions/uses-permissions-sdk-m: android.permission.VIBRATE in package: com.uc108.mobile.sdgj.bd1 at: Binary XML file line #64
11-08 20:05:01.512  1465  1840 W PackageParsing: Ignoring duplicate uses-permissions/uses-permissions-sdk-m: android.permission.BROADCAST_STICKY in package: com.uc108.mobile.sdgj.bd1 at: Binary XML file line #70
11-08 20:05:01.512  1465  1840 W PackageParsing: Ignoring duplicate uses-permissions/uses-permissions-sdk-m: android.permission.WAKE_LOCK in package: com.uc108.mobile.sdgj.bd1 at: Binary XML file line #76
11-08 20:05:01.512  1465  1840 W PackageParsing: Ignoring duplicate uses-permissions/uses-permissions-sdk-m: android.permission.ACCESS_COARSE_LOCATION in package: com.uc108.mobile.sdgj.bd1 at: Binary XML file line #77
11-08 20:05:01.515  1465  1840 W PackageParsing: No actions in intent-filter at /data/app/vmdl1439609039.tmp/base.apk Binary XML file line #482
11-08 20:05:01.515  1465  1840 W PackageParsing: No actions in intent-filter at /data/app/vmdl1439609039.tmp/base.apk Binary XML file line #489
11-08 20:05:01.515  1465  1840 W PackageParsing: No actions in intent-filter at /data/app/vmdl1439609039.tmp/base.apk Binary XML file line #496
11-08 20:05:01.515  1465  1840 W PackageParsing: No actions in intent-filter at /data/app/vmdl1439609039.tmp/base.apk Binary XML file line #503
11-08 20:05:01.515  1465  1840 W PackageParsing: No actions in intent-filter at /data/app/vmdl1439609039.tmp/base.apk Binary XML file line #510
11-08 20:05:01.516  1465  1840 W PackageParsing: No actions in intent-filter at /data/app/vmdl1439609039.tmp/base.apk Binary XML file line #527
11-08 20:05:01.516  1465  1840 W PackageParsing: No actions in intent-filter at /data/app/vmdl1439609039.tmp/base.apk Binary XML file line #534
11-08 20:05:01.516  1465  1840 W PackageParsing: No actions in intent-filter at /data/app/vmdl1439609039.tmp/base.apk Binary XML file line #541
11-08 20:05:01.516  1465  1840 W PackageParsing: No actions in intent-filter at /data/app/vmdl1439609039.tmp/base.apk Binary XML file line #549
11-08 20:05:01.516  1465  1840 W PackageParsing: No actions in intent-filter at /data/app/vmdl1439609039.tmp/base.apk Binary XML file line #557
11-08 20:05:01.516  1465  1840 W PackageParsing: No actions in intent-filter at /data/app/vmdl1439609039.tmp/base.apk Binary XML file line #565
11-08 20:05:01.516  1465  1840 W PackageParsing: No actions in intent-filter at /data/app/vmdl1439609039.tmp/base.apk Binary XML file line #573
11-08 20:05:01.516  1465  1840 W PackageParsing: No actions in intent-filter at /data/app/vmdl1439609039.tmp/base.apk Binary XML file line #581
11-08 20:05:01.516  1465  1840 W PackageParsing: No actions in intent-filter at /data/app/vmdl1439609039.tmp/base.apk Binary XML file line #588
11-08 20:05:01.516  1465  1840 W PackageParsing: No actions in intent-filter at /data/app/vmdl1439609039.tmp/base.apk Binary XML file line #595
11-08 20:05:01.517  1465  1840 W PackageParsing: No actions in intent-filter at /data/app/vmdl1439609039.tmp/base.apk Binary XML file line #602
11-08 20:05:01.517  1465  1840 W PackageParsing: No actions in intent-filter at /data/app/vmdl1439609039.tmp/base.apk Binary XML file line #609
11-08 20:05:01.517  1465  1840 W PackageParsing: No actions in intent-filter at /data/app/vmdl1439609039.tmp/base.apk Binary XML file line #615
11-08 20:05:01.599  1465  1673 V StorageManagerService: Package null has legacy storage
11-08 20:05:01.982  1465  1840 V BackupManagerService: [UserID:0] restoreAtInstall pkg=com.uc108.mobile.sdgj.bd1 token=2a restoreSet=0
11-08 20:05:01.983  1465  1840 V BackupManagerService: [UserID:0] Finishing install immediately
11-08 20:05:01.984  1465  1840 D PackageInstallerSession: Marking session 1439609039 as applied
11-08 20:05:01.989  1465  1840 D CompatibilityChangeReporter: Compat change id reported: 168419799; UID 10236; state: DISABLED
11-08 20:05:01.989  1465  1840 D CompatibilityChangeReporter: Compat change id reported: 273564678; UID 10236; state: DISABLED
11-08 20:05:02.003  1465  1465 I Telecom : DefaultDialerCache: Refreshing default dialer for user 0: now com.google.android.dialer: DDC.oR@ApM
11-08 20:05:02.012  1465  3495 W BroadcastQueue: u0 Receiving a broadcast in packagecom.android.buyer requires a permissions review
11-08 20:05:02.012  1465  3495 W BroadcastQueue: Skipping delivery: permission review required for Intent { act=android.intent.action.PACKAGE_ADDED dat=package: flg=0x4000010 (has extras) } from null (pid=1465, uid=1000) to com.android.buyer/.mRve
11-08 20:05:02.018  1465  1465 V BackupManagerConstants: getFullBackupIntervalMilliseconds(...) returns 86400000
11-08 20:05:02.018  1465  1465 V BackupManagerConstants: getFullBackupRequiredNetworkType(...) returns 2
11-08 20:05:02.018  1465  1465 V BackupManagerConstants: getFullBackupRequireCharging(...) returns true
11-08 20:05:02.046  1465  1687 W BroadcastQueue: Background execution not allowed: receiving Intent { act=android.intent.action.PACKAGE_ADDED dat=package: flg=0x4000010 (has extras) } to com.google.android.packageinstaller/com.android.packageinstaller.PackageInstalledReceiver
11-08 20:05:02.046  1465  1687 W BroadcastQueue: Background execution not allowed: receiving Intent { act=android.intent.action.PACKAGE_ADDED dat=package: flg=0x4000010 (has extras) } to com.android.vending/com.google.android.finsky.packagemonitor.impl.PackageMonitorReceiverImpl$RegisteredReceiver
11-08 20:05:02.047  1465  1687 W BroadcastQueue: Background execution not allowed: receiving Intent { act=android.intent.action.PACKAGE_ADDED dat=package: flg=0x4000010 (has extras) } to com.android.vending/com.google.android.finsky.packagemonitor.backgroundimpl.BackgroundPackageMonitorReceiverImpl$RegisteredReceiver
11-08 20:05:02.047  1465  1687 W BroadcastQueue: Background execution not allowed: receiving Intent { act=android.intent.action.PACKAGE_ADDED dat=package: flg=0x4000010 (has extras) } to com.google.android.gms/.games.chimera.GamesSystemBroadcastReceiverProxy
11-08 20:05:02.047  1465  1687 W BroadcastQueue: Background execution not allowed: receiving Intent { act=android.intent.action.PACKAGE_ADDED dat=package: flg=0x4000010 (has extras) } to com.google.android.gms/.gass.chimera.PackageChangeBroadcastReceiver
11-08 20:05:02.047  1465  1836 E VerityUtils: Failed to measure fs-verity, errno 1: /data/app/~~IXPIPt_gGqyfTdd-QW1Szg==/com.uc108.mobile.sdgj.bd1-OGTpd3ctVgawc5QZt57CCQ==/base.apk
11-08 20:05:02.047  1465  1687 W BroadcastQueue: Background execution not allowed: receiving Intent { act=android.intent.action.PACKAGE_ADDED dat=package: flg=0x4000010 (has extras) } to com.google.android.gms/.chimera.GmsIntentOperationService$PersistentTrustedReceiver
11-08 20:05:02.047  1465  1687 W BroadcastQueue: u0 Receiving a broadcast in packagecom.games.mengmeizhitd requires a permissions review
11-08 20:05:02.047  1465  1687 W BroadcastQueue: Skipping delivery: permission review required for Intent { act=android.intent.action.PACKAGE_ADDED dat=package: flg=0x4000010 (has extras) } from null (pid=1465, uid=1000) to com.games.mengmeizhitd/hjnw.ihjnw.i.isqly
11-08 20:05:02.048  1465  1960 D CompatibilityChangeReporter: Compat change id reported: 218533173; UID 10236; state: DISABLED
11-08 20:05:02.052  1465  1465 I Telecom : DefaultDialerCache: Refreshing default dialer for user 0: now com.google.android.dialer: DDC.oR@ApQ
11-08 20:05:02.055  1465  1687 W BroadcastQueue: u0 Receiving a broadcast in packagecom.qiuqiu.dfmc requires a permissions review
11-08 20:05:02.055  1465  1687 W BroadcastQueue: Skipping delivery: permission review required for Intent { act=android.intent.action.PACKAGE_ADDED dat=package: flg=0x4000010 (has extras) } from null (pid=1465, uid=1000) to com.qiuqiu.dfmc/cn.jpush.android.service.PushReceiver
11-08 20:05:02.057  1465  1687 W BroadcastQueue: u0 Receiving a broadcast in packagecom.safesys.viruskiller requires a permissions review
11-08 20:05:02.057  1465  1687 W BroadcastQueue: Skipping delivery: permission review required for Intent { act=android.intent.action.PACKAGE_ADDED dat=package: flg=0x4000010 (has extras) } from null (pid=1465, uid=1000) to com.safesys.viruskiller/.ScanPackageBroadcast
11-08 20:05:02.059  1465  1687 W BroadcastQueue: u0 Receiving a broadcast in packageio.dcloud.H5BC6BF13 requires a permissions review
11-08 20:05:02.059  1465  1687 W BroadcastQueue: Skipping delivery: permission review required for Intent { act=android.intent.action.PACKAGE_ADDED dat=package: flg=0x4000010 (has extras) } from null (pid=1465, uid=1000) to io.dcloud.H5BC6BF13/io.dcloud.common.adapter.io.DownloadReceiver
11-08 20:05:02.074  1465  1686 W WindowMagnificationMgr: requestConnection duplicated request: connect=false, mConnectionState=DISCONNECTED
11-08 20:05:02.089  1465  8495 D CompatibilityChangeReporter: Compat change id reported: 161252188; UID 10236; state: DISABLED
11-08 20:05:02.097  1465  3437 W BackupTransportManager: Package com.uc108.mobile.sdgj.bd1 enabled setting: 0
11-08 20:05:02.170  1465  1686 W PackageManager: Failed registering loading progress callback. Package is fully loaded.
11-08 20:05:02.176  1465  1686 W WindowMagnificationMgr: requestConnection duplicated request: connect=false, mConnectionState=DISCONNECTED
11-08 20:05:02.322  1465  1840 E PackageManager: ERROR: could not load root hash from incremental install
11-08 20:05:02.353  1465  1840 I PackageManager: Integrity check passed for file:///data/app/vmdl1177267224.tmp
11-08 20:05:02.437  1465  1673 V StorageManagerService: Package null has legacy storage
11-08 20:05:02.556  1465  1840 V BackupManagerService: [UserID:0] restoreAtInstall pkg=com.ying.hzblhj token=2b restoreSet=0
11-08 20:05:02.557  1465  1840 V BackupManagerService: [UserID:0] Finishing install immediately
11-08 20:05:02.558  1465  1840 D PackageInstallerSession: Marking session 1177267224 as applied
11-08 20:05:02.563  1465  1840 D CompatibilityChangeReporter: Compat change id reported: 168419799; UID 10237; state: DISABLED
11-08 20:05:02.563  1465  1840 D CompatibilityChangeReporter: Compat change id reported: 273564678; UID 10237; state: DISABLED
11-08 20:05:02.575  1465  1687 W BroadcastQueue: u0 Receiving a broadcast in packagecom.android.buyer requires a permissions review
11-08 20:05:02.575  1465  1687 W BroadcastQueue: Skipping delivery: permission review required for Intent { act=android.intent.action.PACKAGE_ADDED dat=package: flg=0x4000010 (has extras) } from null (pid=1465, uid=1000) to com.android.buyer/.mRve
11-08 20:05:02.575  1465  1687 W BroadcastQueue: Background execution not allowed: receiving Intent { act=android.intent.action.PACKAGE_ADDED dat=package: flg=0x4000010 (has extras) } to com.google.android.packageinstaller/com.android.packageinstaller.PackageInstalledReceiver
11-08 20:05:02.575  1465  1687 W BroadcastQueue: Background execution not allowed: receiving Intent { act=android.intent.action.PACKAGE_ADDED dat=package: flg=0x4000010 (has extras) } to com.android.vending/com.google.android.finsky.packagemonitor.impl.PackageMonitorReceiverImpl$RegisteredReceiver
11-08 20:05:02.575  1465  1687 W BroadcastQueue: Background execution not allowed: receiving Intent { act=android.intent.action.PACKAGE_ADDED dat=package: flg=0x4000010 (has extras) } to com.android.vending/com.google.android.finsky.packagemonitor.backgroundimpl.BackgroundPackageMonitorReceiverImpl$RegisteredReceiver
11-08 20:05:02.575  1465  1687 W BroadcastQueue: Background execution not allowed: receiving Intent { act=android.intent.action.PACKAGE_ADDED dat=package: flg=0x4000010 (has extras) } to com.google.android.gms/.games.chimera.GamesSystemBroadcastReceiverProxy
11-08 20:05:02.576  1465  1687 W BroadcastQueue: Background execution not allowed: receiving Intent { act=android.intent.action.PACKAGE_ADDED dat=package: flg=0x4000010 (has extras) } to com.google.android.gms/.gass.chimera.PackageChangeBroadcastReceiver
11-08 20:05:02.576  1465  1687 W BroadcastQueue: Background execution not allowed: receiving Intent { act=android.intent.action.PACKAGE_ADDED dat=package: flg=0x4000010 (has extras) } to com.google.android.gms/.chimera.GmsIntentOperationService$PersistentTrustedReceiver
11-08 20:05:02.576  1465  1687 W BroadcastQueue: u0 Receiving a broadcast in packagecom.games.mengmeizhitd requires a permissions review
11-08 20:05:02.576  1465  1687 W BroadcastQueue: Skipping delivery: permission review required for Intent { act=android.intent.action.PACKAGE_ADDED dat=package: flg=0x4000010 (has extras) } from null (pid=1465, uid=1000) to com.games.mengmeizhitd/hjnw.ihjnw.i.isqly
11-08 20:05:02.576  1465  1687 W BroadcastQueue: u0 Receiving a broadcast in packagecom.qiuqiu.dfmc requires a permissions review
11-08 20:05:02.576  1465  1687 W BroadcastQueue: Skipping delivery: permission review required for Intent { act=android.intent.action.PACKAGE_ADDED dat=package: flg=0x4000010 (has extras) } from null (pid=1465, uid=1000) to com.qiuqiu.dfmc/cn.jpush.android.service.PushReceiver
11-08 20:05:02.576  1465  1687 W BroadcastQueue: u0 Receiving a broadcast in packagecom.safesys.viruskiller requires a permissions review
11-08 20:05:02.576  1465  1687 W BroadcastQueue: Skipping delivery: permission review required for Intent { act=android.intent.action.PACKAGE_ADDED dat=package: flg=0x4000010 (has extras) } from null (pid=1465, uid=1000) to com.safesys.viruskiller/.ScanPackageBroadcast
11-08 20:05:02.576  1465  1687 W BroadcastQueue: u0 Receiving a broadcast in packagecom.uc108.mobile.sdgj.bd1 requires a permissions review
11-08 20:05:02.576  1465  1687 W BroadcastQueue: Skipping delivery: permission review required for Intent { act=android.intent.action.PACKAGE_ADDED dat=package: flg=0x4000010 (has extras) } from null (pid=1465, uid=1000) to com.uc108.mobile.sdgj.bd1/com.baidu.tiebasdk.service.InstallReceiver
11-08 20:05:02.576  1465  1687 W BroadcastQueue: u0 Receiving a broadcast in packageio.dcloud.H5BC6BF13 requires a permissions review
11-08 20:05:02.576  1465  1687 W BroadcastQueue: Skipping delivery: permission review required for Intent { act=android.intent.action.PACKAGE_ADDED dat=package: flg=0x4000010 (has extras) } from null (pid=1465, uid=1000) to io.dcloud.H5BC6BF13/io.dcloud.common.adapter.io.DownloadReceiver
11-08 20:05:02.580  1465  1465 I Telecom : DefaultDialerCache: Refreshing default dialer for user 0: now com.google.android.dialer: DDC.oR@Apc
11-08 20:05:02.587  1465  1465 V BackupManagerConstants: getFullBackupIntervalMilliseconds(...) returns 86400000
11-08 20:05:02.588  1465  1465 V BackupManagerConstants: getFullBackupRequiredNetworkType(...) returns 2
11-08 20:05:02.588  1465  1465 V BackupManagerConstants: getFullBackupRequireCharging(...) returns true
11-08 20:05:02.610  1465  1836 E VerityUtils: Failed to measure fs-verity, errno 1: /data/app/~~QBTm4R87NpcWOjT3qQUjTA==/com.ying.hzblhj-qmphbG-pE3v2jvMC3Rs_ag==/base.apk
11-08 20:05:02.654  1465  1465 I Telecom : DefaultDialerCache: Refreshing default dialer for user 0: now com.google.android.dialer: DDC.oR@Apo
11-08 20:05:02.655  1465  3437 W BackupTransportManager: Package com.ying.hzblhj enabled setting: 0
11-08 20:05:02.658  1465  2532 D CompatibilityChangeReporter: Compat change id reported: 161252188; UID 10237; state: DISABLED
11-08 20:05:02.658  1465  1960 D CompatibilityChangeReporter: Compat change id reported: 218533173; UID 10237; state: DISABLED
11-08 20:05:02.663  1465  1686 W WindowMagnificationMgr: requestConnection duplicated request: connect=false, mConnectionState=DISCONNECTED
11-08 20:05:02.665  1465  4426 I ActivityTaskManager: START u0 {flg=0x14000000 cmp=com.symantec.mobilesecurity/com.norton.feature.appsecurity.ui.malwarefound.MalwareFoundActivity (has extras)} from uid 10198
11-08 20:05:02.685  1465  8749 W ActivityTaskManager: Tried to set launchTime (0) < mLastActivityLaunchTime (1195010)
11-08 20:05:02.719  1465  1840 E PackageManager: ERROR: could not load root hash from incremental install
11-08 20:05:02.746  1465  1840 I PackageManager: Integrity check passed for file:///data/app/vmdl1572905913.tmp
11-08 20:05:02.747  1465  1686 W PackageManager: Failed registering loading progress callback. Package is fully loaded.
11-08 20:05:02.755  1465  1686 W WindowMagnificationMgr: requestConnection duplicated request: connect=false, mConnectionState=DISCONNECTED
11-08 20:05:02.761  1465  3495 D CoreBackPreview: Window{301efa u0 com.symantec.mobilesecurity/com.norton.feature.appsecurity.ui.malwarefound.MalwareFoundActivity}: Setting back callback OnBackInvokedCallbackInfo{mCallback=android.window.IOnBackInvokedCallback$Stub$Proxy@70f7502, mPriority=0}
11-08 20:05:02.817  1465  1840 I PackageManager: Permission ownership changed. Updating all permissions.
11-08 20:05:02.826  1465  2532 D CoreBackPreview: Window{898ae4 u0 com.symantec.mobilesecurity/com.norton.feature.appsecurity.ui.malwarefound.MalwareFoundActivity}: Setting back callback null
11-08 20:05:02.929  1465  1673 W Looper  : Slow dispatch took 111ms android.fg h=android.os.Handler c=<recycled PooledLambda@d62c61c> m=0
11-08 20:05:02.947  1465  1465 W NotificationHistory: Attempted to add notif for locked/gone/disabled user 0
11-08 20:05:03.134  1465  1673 W Looper  : Slow delivery took 202ms android.fg h=android.os.Handler c=<recycled PooledLambda@f7612d5> m=0
11-08 20:05:03.144  1465  3495 I ActivityTaskManager: START u0 {flg=0x14000000 cmp=com.symantec.mobilesecurity/com.norton.feature.appsecurity.ui.malwarefound.MalwareFoundActivity (has extras)} from uid 10198
11-08 20:05:03.171  1465  8740 W ActivityTaskManager: Tried to set launchTime (0) < mLastActivityLaunchTime (1196648)
11-08 20:05:03.218  1465  1673 V StorageManagerService: Package null has legacy storage
11-08 20:05:03.242  1465  2737 D CoreBackPreview: Window{83fc938 u0 com.symantec.mobilesecurity/com.norton.feature.appsecurity.ui.malwarefound.MalwareFoundActivity}: Setting back callback OnBackInvokedCallbackInfo{mCallback=android.window.IOnBackInvokedCallback$Stub$Proxy@9abdc02, mPriority=0}
11-08 20:05:03.271  1465  1673 W Looper  : Drained
11-08 20:05:03.308  1465  2737 D CoreBackPreview: Window{301efa u0 com.symantec.mobilesecurity/com.norton.feature.appsecurity.ui.malwarefound.MalwareFoundActivity}: Setting back callback null
11-08 20:05:03.359  1465  1465 E NotificationService: Muting recently noisy 0|com.symantec.mobilesecurity|1001|com.ying.hzblhj|10198
11-08 20:05:03.362  1465  1465 W NotificationHistory: Attempted to add notif for locked/gone/disabled user 0
11-08 20:05:03.371  1465  1840 V BackupManagerService: [UserID:0] restoreAtInstall pkg=com.hgperfko.yaeghrwx token=2c restoreSet=0
11-08 20:05:03.371  1465  1840 V BackupManagerService: [UserID:0] Finishing install immediately
11-08 20:05:03.373  1465  1840 D PackageInstallerSession: Marking session 1572905913 as applied
11-08 20:05:03.379  1465  1840 D CompatibilityChangeReporter: Compat change id reported: 168419799; UID 10238; state: DISABLED
