--------- beginning of system
11-08 20:04:51.743  1465  1465 I Telecom : DefaultDialerCache: Refreshing default dialer for user 0: now com.google.android.dialer: DDC.oR@Ais
11-08 20:04:51.746  1465  1465 V BackupManagerConstants: getFullBackupIntervalMilliseconds(...) returns 86400000
11-08 20:04:51.746  1465  1465 V BackupManagerConstants: getFullBackupRequiredNetworkType(...) returns 2
11-08 20:04:51.746  1465  1465 V BackupManagerConstants: getFullBackupRequireCharging(...) returns true
11-08 20:04:51.753  1465  1546 I ActivityTaskManager: START u0 {flg=0x14000000 cmp=com.symantec.mobilesecurity/com.norton.feature.appsecurity.ui.malwarefound.MalwareFoundActivity (has extras)} from uid 10198
11-08 20:04:51.760  1465  1960 D CompatibilityChangeReporter: Compat change id reported: 218533173; UID 10219; state: DISABLED
11-08 20:04:51.760  1465  1686 W PackageManager: Failed registering loading progress callback. Package is fully loaded.
11-08 20:04:51.782  1465  1465 I Telecom : DefaultDialerCache: Refreshing default dialer for user 0: now com.google.android.dialer: DDC.oR@Aiw
11-08 20:04:51.783  1465  3437 W BackupTransportManager: Package com.wbs enabled setting: 0
11-08 20:04:51.790  1465  1686 W WindowMagnificationMgr: requestConnection duplicated request: connect=false, mConnectionState=DISCONNECTED
11-08 20:04:51.795  1465  3487 W ActivityTaskManager: Tried to set launchTime (0) < mLastActivityLaunchTime (1185232)
11-08 20:04:51.852  1465  4432 D CoreBackPreview: Window{a8771b0 u0 com.symantec.mobilesecurity/com.norton.feature.appsecurity.ui.malwarefound.MalwareFoundActivity}: Setting back callback OnBackInvokedCallbackInfo{mCallback=android.window.IOnBackInvokedCallback$Stub$Proxy@abf80ba, mPriority=0}
11-08 20:04:51.933  1465 11467 D CoreBackPreview: Window{8e8b36b u0 com.symantec.mobilesecurity/com.norton.feature.appsecurity.ui.malwarefound.MalwareFoundActivity}: Setting back callback null
11-08 20:04:51.985  1465  1465 E NotificationService: Muting recently noisy 0|com.symantec.mobilesecurity|1001|com.safesys.viruskiller|10198
11-08 20:04:51.986  1465  1465 W NotificationHistory: Attempted to add notif for locked/gone/disabled user 0
11-08 20:04:52.143  1465  1840 E PackageManager: ERROR: could not load root hash from incremental install
11-08 20:04:52.168  1465  1840 I PackageManager: Integrity check passed for file:///data/app/vmdl597645424.tmp
11-08 20:04:52.247  1465  1673 V StorageManagerService: Package null has legacy storage
11-08 20:04:52.268  1465  2103 I ActivityTaskManager: START u0 {flg=0x14000000 cmp=com.symantec.mobilesecurity/com.norton.feature.appsecurity.ui.malwarefound.MalwareFoundActivity (has extras)} from uid 10198
11-08 20:04:52.298  1465 11463 W ActivityTaskManager: Tried to set launchTime (0) < mLastActivityLaunchTime (1185759)
11-08 20:04:52.353  1465  2125 D CoreBackPreview: Window{9e05920 u0 com.symantec.mobilesecurity/com.norton.feature.appsecurity.ui.malwarefound.MalwareFoundActivity}: Setting back callback OnBackInvokedCallbackInfo{mCallback=android.window.IOnBackInvokedCallback$Stub$Proxy@cbde49e, mPriority=0}
11-08 20:04:52.402  1465 11468 D CoreBackPreview: Window{a8771b0 u0 com.symantec.mobilesecurity/com.norton.feature.appsecurity.ui.malwarefound.MalwareFoundActivity}: Setting back callback null
11-08 20:04:52.464  1465  1840 V BackupManagerService: [UserID:0] restoreAtInstall pkg=com.zgzt.bt.qipa token=1a restoreSet=0
11-08 20:04:52.464  1465  1840 V BackupManagerService: [UserID:0] Finishing install immediately
11-08 20:04:52.465  1465  1840 D PackageInstallerSession: Marking session 597645424 as applied
11-08 20:04:52.478  1465  1465 E NotificationService: Muting recently noisy 0|com.symantec.mobilesecurity|1001|com.wbs|10198
11-08 20:04:52.478  1465  1840 D CompatibilityChangeReporter: Compat change id reported: 168419799; UID 10220; state: DISABLED
11-08 20:04:52.479  1465  1840 D CompatibilityChangeReporter: Compat change id reported: 273564678; UID 10220; state: DISABLED
11-08 20:04:52.480  1465  1465 W NotificationHistory: Attempted to add notif for locked/gone/disabled user 0
11-08 20:04:52.482  1465  2105 W BroadcastQueue: u0 Receiving a broadcast in packagecom.android.buyer requires a permissions review
11-08 20:04:52.482  1465  2105 W BroadcastQueue: Skipping delivery: permission review required for Intent { act=android.intent.action.PACKAGE_ADDED dat=package: flg=0x4000010 (has extras) } from null (pid=1465, uid=1000) to com.android.buyer/.mRve
11-08 20:04:52.491  1465  1687 W BroadcastQueue: Background execution not allowed: receiving Intent { act=android.intent.action.PACKAGE_ADDED dat=package: flg=0x4000010 (has extras) } to com.google.android.packageinstaller/com.android.packageinstaller.PackageInstalledReceiver
11-08 20:04:52.491  1465  1687 W BroadcastQueue: Background execution not allowed: receiving Intent { act=android.intent.action.PACKAGE_ADDED dat=package: flg=0x4000010 (has extras) } to com.android.vending/com.google.android.finsky.packagemonitor.impl.PackageMonitorReceiverImpl$RegisteredReceiver
11-08 20:04:52.491  1465  1687 W BroadcastQueue: Background execution not allowed: receiving Intent { act=android.intent.action.PACKAGE_ADDED dat=package: flg=0x4000010 (has extras) } to com.android.vending/com.google.android.finsky.packagemonitor.backgroundimpl.BackgroundPackageMonitorReceiverImpl$RegisteredReceiver
11-08 20:04:52.491  1465  1687 W BroadcastQueue: Background execution not allowed: receiving Intent { act=android.intent.action.PACKAGE_ADDED dat=package: flg=0x4000010 (has extras) } to com.google.android.gms/.games.chimera.GamesSystemBroadcastReceiverProxy
11-08 20:04:52.491  1465  1687 W BroadcastQueue: Background execution not allowed: receiving Intent { act=android.intent.action.PACKAGE_ADDED dat=package: flg=0x4000010 (has extras) } to com.google.android.gms/.gass.chimera.PackageChangeBroadcastReceiver
11-08 20:04:52.491  1465  1687 W BroadcastQueue: Background execution not allowed: receiving Intent { act=android.intent.action.PACKAGE_ADDED dat=package: flg=0x4000010 (has extras) } to com.google.android.gms/.chimera.GmsIntentOperationService$PersistentTrustedReceiver
11-08 20:04:52.491  1465  1687 W BroadcastQueue: u0 Receiving a broadcast in packagecom.qiuqiu.dfmc requires a permissions review
11-08 20:04:52.491  1465  1687 W BroadcastQueue: Skipping delivery: permission review required for Intent { act=android.intent.action.PACKAGE_ADDED dat=package: flg=0x4000010 (has extras) } from null (pid=1465, uid=1000) to com.qiuqiu.dfmc/cn.jpush.android.service.PushReceiver
11-08 20:04:52.491  1465  1687 W BroadcastQueue: u0 Receiving a broadcast in packagecom.safesys.viruskiller requires a permissions review
11-08 20:04:52.491  1465  1687 W BroadcastQueue: Skipping delivery: permission review required for Intent { act=android.intent.action.PACKAGE_ADDED dat=package: flg=0x4000010 (has extras) } from null (pid=1465, uid=1000) to com.safesys.viruskiller/.ScanPackageBroadcast
11-08 20:04:52.495  1465  1465 I Telecom : DefaultDialerCache: Refreshing default dialer for user 0: now com.google.android.dialer: DDC.oR@AjM
11-08 20:04:52.509  1465  1465 V BackupManagerConstants: getFullBackupIntervalMilliseconds(...) returns 86400000
11-08 20:04:52.509  1465  1465 V BackupManagerConstants: getFullBackupRequiredNetworkType(...) returns 2
11-08 20:04:52.509  1465  1465 V BackupManagerConstants: getFullBackupRequireCharging(...) returns true
11-08 20:04:52.515  1465  1465 I Telecom : DefaultDialerCache: Refreshing default dialer for user 0: now com.google.android.dialer: DDC.oR@AjQ
11-08 20:04:52.519  1465  1960 D CompatibilityChangeReporter: Compat change id reported: 218533173; UID 10220; state: DISABLED
11-08 20:04:52.549  1465  2125 D CompatibilityChangeReporter: Compat change id reported: 161252188; UID 10220; state: DISABLED
11-08 20:04:52.583  1465  3437 W BackupTransportManager: Package com.zgzt.bt.qipa enabled setting: 0
11-08 20:04:52.597  1465  1836 E VerityUtils: Failed to measure fs-verity, errno 1: /data/app/~~Z--OMU13eWIPyO76ujCsxg==/com.zgzt.bt.qipa-MfCgugFxVsLcvz8ymxhx8A==/base.apk
11-08 20:04:52.612  1465  1840 E PackageManager: ERROR: could not load root hash from incremental install
11-08 20:04:52.634  1465  1840 I PackageManager: Integrity check passed for file:///data/app/vmdl339841695.tmp
11-08 20:04:52.641  1465  1686 W WindowMagnificationMgr: requestConnection duplicated request: connect=false, mConnectionState=DISCONNECTED
11-08 20:04:52.780  1465  1686 W PackageManager: Failed registering loading progress callback. Package is fully loaded.
11-08 20:04:52.790  1465  1686 W WindowMagnificationMgr: requestConnection duplicated request: connect=false, mConnectionState=DISCONNECTED
11-08 20:04:52.852  1465  1840 V BackupManagerService: [UserID:0] restoreAtInstall pkg=wap.syst token=1b restoreSet=0
11-08 20:04:52.853  1465  1840 V BackupManagerService: [UserID:0] Finishing install immediately
11-08 20:04:52.854  1465  1840 D PackageInstallerSession: Marking session 339841695 as applied
11-08 20:04:52.856  1465  1840 D CompatibilityChangeReporter: Compat change id reported: 168419799; UID 10221; state: DISABLED
11-08 20:04:52.856  1465  1840 D CompatibilityChangeReporter: Compat change id reported: 273564678; UID 10221; state: DISABLED
11-08 20:04:52.862  1465  1465 I Telecom : DefaultDialerCache: Refreshing default dialer for user 0: now com.google.android.dialer: DDC.oR@Ajc
11-08 20:04:52.881  1465  2125 W BroadcastQueue: u0 Receiving a broadcast in packagecom.android.buyer requires a permissions review
11-08 20:04:52.881  1465  2125 W BroadcastQueue: Skipping delivery: permission review required for Intent { act=android.intent.action.PACKAGE_ADDED dat=package: flg=0x4000010 (has extras) } from null (pid=1465, uid=1000) to com.android.buyer/.mRve
11-08 20:04:52.882  1465  1686 W WindowMagnificationMgr: requestConnection duplicated request: connect=false, mConnectionState=DISCONNECTED
11-08 20:04:52.887  1465  1687 W BroadcastQueue: Background execution not allowed: receiving Intent { act=android.intent.action.PACKAGE_ADDED dat=package: flg=0x4000010 (has extras) } to com.google.android.packageinstaller/com.android.packageinstaller.PackageInstalledReceiver
11-08 20:04:52.887  1465  1687 W BroadcastQueue: Background execution not allowed: receiving Intent { act=android.intent.action.PACKAGE_ADDED dat=package: flg=0x4000010 (has extras) } to com.android.vending/com.google.android.finsky.packagemonitor.impl.PackageMonitorReceiverImpl$RegisteredReceiver
11-08 20:04:52.887  1465  1687 W BroadcastQueue: Background execution not allowed: receiving Intent { act=android.intent.action.PACKAGE_ADDED dat=package: flg=0x4000010 (has extras) } to com.android.vending/com.google.android.finsky.packagemonitor.backgroundimpl.BackgroundPackageMonitorReceiverImpl$RegisteredReceiver
11-08 20:04:52.887  1465  1687 W BroadcastQueue: Background execution not allowed: receiving Intent { act=android.intent.action.PACKAGE_ADDED dat=package: flg=0x4000010 (has extras) } to com.google.android.gms/.games.chimera.GamesSystemBroadcastReceiverProxy
11-08 20:04:52.887  1465  1687 W BroadcastQueue: Background execution not allowed: receiving Intent { act=android.intent.action.PACKAGE_ADDED dat=package: flg=0x4000010 (has extras) } to com.google.android.gms/.gass.chimera.PackageChangeBroadcastReceiver
11-08 20:04:52.887  1465  1687 W BroadcastQueue: Background execution not allowed: receiving Intent { act=android.intent.action.PACKAGE_ADDED dat=package: flg=0x4000010 (has extras) } to com.google.android.gms/.chimera.GmsIntentOperationService$PersistentTrustedReceiver
11-08 20:04:52.887  1465  1687 W BroadcastQueue: u0 Receiving a broadcast in packagecom.qiuqiu.dfmc requires a permissions review
11-08 20:04:52.887  1465  1687 W BroadcastQueue: Skipping delivery: permission review required for Intent { act=android.intent.action.PACKAGE_ADDED dat=package: flg=0x4000010 (has extras) } from null (pid=1465, uid=1000) to com.qiuqiu.dfmc/cn.jpush.android.service.PushReceiver
11-08 20:04:52.887  1465  1687 W BroadcastQueue: u0 Receiving a broadcast in packagecom.safesys.viruskiller requires a permissions review
11-08 20:04:52.887  1465  1687 W BroadcastQueue: Skipping delivery: permission review required for Intent { act=android.intent.action.PACKAGE_ADDED dat=package: flg=0x4000010 (has extras) } from null (pid=1465, uid=1000) to com.safesys.viruskiller/.ScanPackageBroadcast
11-08 20:04:52.889  1465  1465 V BackupManagerConstants: getFullBackupIntervalMilliseconds(...) returns 86400000
11-08 20:04:52.889  1465  1465 V BackupManagerConstants: getFullBackupRequiredNetworkType(...) returns 2
11-08 20:04:52.889  1465  1465 V BackupManagerConstants: getFullBackupRequireCharging(...) returns true
11-08 20:04:52.903  1465  1686 W PackageManager: Failed registering loading progress callback. Package is fully loaded.
11-08 20:04:52.917  1465  1960 D CompatibilityChangeReporter: Compat change id reported: 218533173; UID 10221; state: DISABLED
11-08 20:04:52.924  1465  1465 I Telecom : DefaultDialerCache: Refreshing default dialer for user 0: now com.google.android.dialer: DDC.oR@Ajo
11-08 20:04:52.938  1465  1836 E VerityUtils: Failed to measure fs-verity, errno 1: /data/app/~~kn1Qt--IiUf8boNhOb5cMw==/wap.syst-ke_lP_HybJn9ZP2TJvsMkA==/base.apk
11-08 20:04:52.939  1465  1686 W WindowMagnificationMgr: requestConnection duplicated request: connect=false, mConnectionState=DISCONNECTED
11-08 20:04:52.944  1465  3437 W BackupTransportManager: Package wap.syst enabled setting: 0
11-08 20:04:52.970  1465  8749 D CompatibilityChangeReporter: Compat change id reported: 161252188; UID 10221; state: DISABLED
11-08 20:04:53.006  1465  1840 E PackageManager: ERROR: could not load root hash from incremental install
11-08 20:04:53.019  1465  2012 W PackageParsing: Ignoring duplicate uses-permissions/uses-permissions-sdk-m: android.permission.INTERNET in package: com.ps.keepaccount at: Binary XML file line #62
11-08 20:04:53.019  1465  2012 W PackageParsing: Ignoring duplicate uses-permissions/uses-permissions-sdk-m: android.permission.READ_PHONE_STATE in package: com.ps.keepaccount at: Binary XML file line #63
11-08 20:04:53.019  1465  2012 W PackageParsing: Ignoring duplicate uses-permissions/uses-permissions-sdk-m: android.permission.ACCESS_NETWORK_STATE in package: com.ps.keepaccount at: Binary XML file line #65
11-08 20:04:53.019  1465  2012 W PackageParsing: Ignoring duplicate uses-permissions/uses-permissions-sdk-m: android.permission.WRITE_EXTERNAL_STORAGE in package: com.ps.keepaccount at: Binary XML file line #68
11-08 20:04:53.019  1465  2012 W PackageParsing: Ignoring duplicate uses-permissions/uses-permissions-sdk-m: android.permission.INTERNET in package: com.ps.keepaccount at: Binary XML file line #76
11-08 20:04:53.019  1465  2012 W PackageParsing: Ignoring duplicate uses-permissions/uses-permissions-sdk-m: android.permission.ACCESS_NETWORK_STATE in package: com.ps.keepaccount at: Binary XML file line #77
11-08 20:04:53.019  1465  2012 W PackageParsing: Ignoring duplicate uses-permissions/uses-permissions-sdk-m: android.permission.READ_PHONE_STATE in package: com.ps.keepaccount at: Binary XML file line #78
11-08 20:04:53.019  1465  2012 W PackageParsing: Ignoring duplicate uses-permissions/uses-permissions-sdk-m: android.permission.WRITE_EXTERNAL_STORAGE in package: com.ps.keepaccount at: Binary XML file line #79
11-08 20:04:53.019  1465  2012 W PackageParsing: Ignoring duplicate uses-permissions/uses-permissions-sdk-m: android.permission.GET_TASKS in package: com.ps.keepaccount at: Binary XML file line #80
11-08 20:04:53.038  1465  1840 I PackageManager: Integrity check passed for file:///data/app/vmdl161454114.tmp
11-08 20:04:53.057  1465  1840 W PackageParsing: Ignoring duplicate uses-permissions/uses-permissions-sdk-m: android.permission.INTERNET in package: com.ps.keepaccount at: Binary XML file line #62
11-08 20:04:53.058  1465  1840 W PackageParsing: Ignoring duplicate uses-permissions/uses-permissions-sdk-m: android.permission.READ_PHONE_STATE in package: com.ps.keepaccount at: Binary XML file line #63
11-08 20:04:53.058  1465  1840 W PackageParsing: Ignoring duplicate uses-permissions/uses-permissions-sdk-m: android.permission.ACCESS_NETWORK_STATE in package: com.ps.keepaccount at: Binary XML file line #65
11-08 20:04:53.058  1465  1840 W PackageParsing: Ignoring duplicate uses-permissions/uses-permissions-sdk-m: android.permission.WRITE_EXTERNAL_STORAGE in package: com.ps.keepaccount at: Binary XML file line #68
11-08 20:04:53.058  1465  1840 W PackageParsing: Ignoring duplicate uses-permissions/uses-permissions-sdk-m: android.permission.INTERNET in package: com.ps.keepaccount at: Binary XML file line #76
11-08 20:04:53.058  1465  1840 W PackageParsing: Ignoring duplicate uses-permissions/uses-permissions-sdk-m: android.permission.ACCESS_NETWORK_STATE in package: com.ps.keepaccount at: Binary XML file line #77
11-08 20:04:53.058  1465  1840 W PackageParsing: Ignoring duplicate uses-permissions/uses-permissions-sdk-m: android.permission.READ_PHONE_STATE in package: com.ps.keepaccount at: Binary XML file line #78
11-08 20:04:53.058  1465  1840 W PackageParsing: Ignoring duplicate uses-permissions/uses-permissions-sdk-m: android.permission.WRITE_EXTERNAL_STORAGE in package: com.ps.keepaccount at: Binary XML file line #79
11-08 20:04:53.058  1465  1840 W PackageParsing: Ignoring duplicate uses-permissions/uses-permissions-sdk-m: android.permission.GET_TASKS in package: com.ps.keepaccount at: Binary XML file line #80
11-08 20:04:53.117  1465  1673 V StorageManagerService: Package null has legacy storage
11-08 20:04:53.118  1465  5769 I ActivityTaskManager: START u0 {flg=0x14000000 cmp=com.symantec.mobilesecurity/com.norton.feature.appsecurity.ui.malwarefound.MalwareFoundActivity (has extras)} from uid 10198
11-08 20:04:53.136  1465  8749 W ActivityTaskManager: Tried to set launchTime (0) < mLastActivityLaunchTime (1186262)
11-08 20:04:53.206  1465  2018 D CoreBackPreview: Window{1030c77 u0 com.symantec.mobilesecurity/com.norton.feature.appsecurity.ui.malwarefound.MalwareFoundActivity}: Setting back callback OnBackInvokedCallbackInfo{mCallback=android.window.IOnBackInvokedCallback$Stub$Proxy@296ad49, mPriority=0}
11-08 20:04:53.275  1465  8749 D CoreBackPreview: Window{9e05920 u0 com.symantec.mobilesecurity/com.norton.feature.appsecurity.ui.malwarefound.MalwareFoundActivity}: Setting back callback null
11-08 20:04:53.283  1465  1840 V BackupManagerService: [UserID:0] restoreAtInstall pkg=com.ps.keepaccount token=1c restoreSet=0
11-08 20:04:53.283  1465  1840 V BackupManagerService: [UserID:0] Finishing install immediately
11-08 20:04:53.285  1465  1840 D PackageInstallerSession: Marking session 161454114 as applied
11-08 20:04:53.295  1465  1840 D CompatibilityChangeReporter: Compat change id reported: 168419799; UID 10222; state: DISABLED
11-08 20:04:53.296  1465  1840 D CompatibilityChangeReporter: Compat change id reported: 273564678; UID 10222; state: DISABLED
11-08 20:04:53.299  1465 11468 W BroadcastQueue: u0 Receiving a broadcast in packagecom.android.buyer requires a permissions review
11-08 20:04:53.299  1465 11468 W BroadcastQueue: Skipping delivery: permission review required for Intent { act=android.intent.action.PACKAGE_ADDED dat=package: flg=0x4000010 (has extras) } from null (pid=1465, uid=1000) to com.android.buyer/.mRve
11-08 20:04:53.308  1465  1465 I Telecom : DefaultDialerCache: Refreshing default dialer for user 0: now com.google.android.dialer: DDC.oR@Ajs
11-08 20:04:53.310  1465  1686 W WindowMagnificationMgr: requestConnection duplicated request: connect=false, mConnectionState=DISCONNECTED
11-08 20:04:53.313  1465  1687 W BroadcastQueue: Background execution not allowed: receiving Intent { act=android.intent.action.PACKAGE_ADDED dat=package: flg=0x4000010 (has extras) } to com.google.android.packageinstaller/com.android.packageinstaller.PackageInstalledReceiver
11-08 20:04:53.314  1465  1687 W BroadcastQueue: Background execution not allowed: receiving Intent { act=android.intent.action.PACKAGE_ADDED dat=package: flg=0x4000010 (has extras) } to com.android.vending/com.google.android.finsky.packagemonitor.impl.PackageMonitorReceiverImpl$RegisteredReceiver
11-08 20:04:53.314  1465  1687 W BroadcastQueue: Background execution not allowed: receiving Intent { act=android.intent.action.PACKAGE_ADDED dat=package: flg=0x4000010 (has extras) } to com.android.vending/com.google.android.finsky.packagemonitor.backgroundimpl.BackgroundPackageMonitorReceiverImpl$RegisteredReceiver
11-08 20:04:53.314  1465  1687 W BroadcastQueue: Background execution not allowed: receiving Intent { act=android.intent.action.PACKAGE_ADDED dat=package: flg=0x4000010 (has extras) } to com.google.android.gms/.games.chimera.GamesSystemBroadcastReceiverProxy
11-08 20:04:53.314  1465  1687 W BroadcastQueue: Background execution not allowed: receiving Intent { act=android.intent.action.PACKAGE_ADDED dat=package: flg=0x4000010 (has extras) } to com.google.android.gms/.gass.chimera.PackageChangeBroadcastReceiver
11-08 20:04:53.314  1465  1687 W BroadcastQueue: Background execution not allowed: receiving Intent { act=android.intent.action.PACKAGE_ADDED dat=package: flg=0x4000010 (has extras) } to com.google.android.gms/.chimera.GmsIntentOperationService$PersistentTrustedReceiver
11-08 20:04:53.314  1465  1687 W BroadcastQueue: u0 Receiving a broadcast in packagecom.qiuqiu.dfmc requires a permissions review
11-08 20:04:53.314  1465  1687 W BroadcastQueue: Skipping delivery: permission review required for Intent { act=android.intent.action.PACKAGE_ADDED dat=package: flg=0x4000010 (has extras) } from null (pid=1465, uid=1000) to com.qiuqiu.dfmc/cn.jpush.android.service.PushReceiver
11-08 20:04:53.314  1465  1687 W BroadcastQueue: u0 Receiving a broadcast in packagecom.safesys.viruskiller requires a permissions review
11-08 20:04:53.314  1465  1687 W BroadcastQueue: Skipping delivery: permission review required for Intent { act=android.intent.action.PACKAGE_ADDED dat=package: flg=0x4000010 (has extras) } from null (pid=1465, uid=1000) to com.safesys.viruskiller/.ScanPackageBroadcast
11-08 20:04:53.322  1465  1465 V BackupManagerConstants: getFullBackupIntervalMilliseconds(...) returns 86400000
11-08 20:04:53.323  1465  1465 V BackupManagerConstants: getFullBackupRequiredNetworkType(...) returns 2
11-08 20:04:53.323  1465  1465 V BackupManagerConstants: getFullBackupRequireCharging(...) returns true
11-08 20:04:53.332  1465  1465 W NotificationHistory: Attempted to add notif for locked/gone/disabled user 0
11-08 20:04:53.345  1465  1465 I Telecom : DefaultDialerCache: Refreshing default dialer for user 0: now com.google.android.dialer: DDC.oR@Aj4
11-08 20:04:53.347  1465  1960 D CompatibilityChangeReporter: Compat change id reported: 218533173; UID 10222; state: DISABLED
11-08 20:04:53.354  1465  1836 E VerityUtils: Failed to measure fs-verity, errno 1: /data/app/~~VDktya48h3CqwoV81wnrXQ==/com.ps.keepaccount-N3NjUILCw5mmFlP9RcS3ag==/base.apk
11-08 20:04:53.367  1465  2103 D CompatibilityChangeReporter: Compat change id reported: 161252188; UID 10222; state: DISABLED
11-08 20:04:53.404  1465  3437 W BackupTransportManager: Package com.ps.keepaccount enabled setting: 0
11-08 20:04:53.431  1465  1686 W PackageManager: Failed registering loading progress callback. Package is fully loaded.
11-08 20:04:53.440  1465  1686 W WindowMagnificationMgr: requestConnection duplicated request: connect=false, mConnectionState=DISCONNECTED
11-08 20:04:53.461  1465  8749 I ActivityTaskManager: START u0 {flg=0x14000000 cmp=com.symantec.mobilesecurity/com.norton.feature.appsecurity.ui.malwarefound.MalwareFoundActivity (has extras)} from uid 10198
11-08 20:04:53.480  1465  8749 W ActivityTaskManager: Tried to set launchTime (0) < mLastActivityLaunchTime (1187100)
11-08 20:04:53.486  1465  1840 E PackageManager: ERROR: could not load root hash from incremental install
11-08 20:04:53.499  1465  2012 W PackageParsing: Ignoring duplicate uses-permissions/uses-permissions-sdk-m: android.permission.ACCESS_NETWORK_STATE in package: com.alan.weather at: Binary XML file line #56
11-08 20:04:53.499  1465  2012 W PackageParsing: Ignoring duplicate uses-permissions/uses-permissions-sdk-m: android.permission.READ_PHONE_STATE in package: com.alan.weather at: Binary XML file line #57
11-08 20:04:53.499  1465  2012 W PackageParsing: Ignoring duplicate uses-permissions/uses-permissions-sdk-m: android.permission.INTERNET in package: com.alan.weather at: Binary XML file line #60
11-08 20:04:53.500  1465  2012 W PackageParsing: Ignoring duplicate uses-permissions/uses-permissions-sdk-m: android.permission.WRITE_EXTERNAL_STORAGE in package: com.alan.weather at: Binary XML file line #61
11-08 20:04:53.500  1465  2012 W PackageParsing: Ignoring duplicate uses-permissions/uses-permissions-sdk-m: android.permission.ACCESS_COARSE_LOCATION in package: com.alan.weather at: Binary XML file line #63
11-08 20:04:53.500  1465  2012 W PackageParsing: Ignoring duplicate uses-permissions/uses-permissions-sdk-m: android.permission.ACCESS_NETWORK_STATE in package: com.alan.weather at: Binary XML file line #67
11-08 20:04:53.500  1465  2012 W PackageParsing: Ignoring duplicate uses-permissions/uses-permissions-sdk-m: android.permission.READ_PHONE_STATE in package: com.alan.weather at: Binary XML file line #68
11-08 20:04:53.500  1465  2012 W PackageParsing: Ignoring duplicate uses-permissions/uses-permissions-sdk-m: android.permission.ACCESS_WIFI_STATE in package: com.alan.weather at: Binary XML file line #69
11-08 20:04:53.500  1465  2012 W PackageParsing: Ignoring duplicate uses-permissions/uses-permissions-sdk-m: android.permission.CHANGE_WIFI_STATE in package: com.alan.weather at: Binary XML file line #70
11-08 20:04:53.500  1465  2012 W PackageParsing: Ignoring duplicate uses-permissions/uses-permissions-sdk-m: android.permission.INTERNET in package: com.alan.weather at: Binary XML file line #71
11-08 20:04:53.500  1465  2012 W PackageParsing: Ignoring duplicate uses-permissions/uses-permissions-sdk-m: android.permission.WRITE_EXTERNAL_STORAGE in package: com.alan.weather at: Binary XML file line #73
11-08 20:04:53.509  1465  1840 I PackageManager: Integrity check passed for file:///data/app/vmdl1711956308.tmp
11-08 20:04:53.522  1465  1840 W PackageParsing: Ignoring duplicate uses-permissions/uses-permissions-sdk-m: android.permission.ACCESS_NETWORK_STATE in package: com.alan.weather at: Binary XML file line #56
11-08 20:04:53.522  1465  1840 W PackageParsing: Ignoring duplicate uses-permissions/uses-permissions-sdk-m: android.permission.READ_PHONE_STATE in package: com.alan.weather at: Binary XML file line #57
11-08 20:04:53.522  1465  1840 W PackageParsing: Ignoring duplicate uses-permissions/uses-permissions-sdk-m: android.permission.INTERNET in package: com.alan.weather at: Binary XML file line #60
11-08 20:04:53.522  1465  1840 W PackageParsing: Ignoring duplicate uses-permissions/uses-permissions-sdk-m: android.permission.WRITE_EXTERNAL_STORAGE in package: com.alan.weather at: Binary XML file line #61
11-08 20:04:53.522  1465  1840 W PackageParsing: Ignoring duplicate uses-permissions/uses-permissions-sdk-m: android.permission.ACCESS_COARSE_LOCATION in package: com.alan.weather at: Binary XML file line #63
11-08 20:04:53.522  1465  1840 W PackageParsing: Ignoring duplicate uses-permissions/uses-permissions-sdk-m: android.permission.ACCESS_NETWORK_STATE in package: com.alan.weather at: Binary XML file line #67
11-08 20:04:53.522  1465  1840 W PackageParsing: Ignoring duplicate uses-permissions/uses-permissions-sdk-m: android.permission.READ_PHONE_STATE in package: com.alan.weather at: Binary XML file line #68
11-08 20:04:53.522  1465  1840 W PackageParsing: Ignoring duplicate uses-permissions/uses-permissions-sdk-m: android.permission.ACCESS_WIFI_STATE in package: com.alan.weather at: Binary XML file line #69
11-08 20:04:53.522  1465  1840 W PackageParsing: Ignoring duplicate uses-permissions/uses-permissions-sdk-m: android.permission.CHANGE_WIFI_STATE in package: com.alan.weather at: Binary XML file line #70
11-08 20:04:53.522  1465  1840 W PackageParsing: Ignoring duplicate uses-permissions/uses-permissions-sdk-m: android.permission.INTERNET in package: com.alan.weather at: Binary XML file line #71
11-08 20:04:53.522  1465  1840 W PackageParsing: Ignoring duplicate uses-permissions/uses-permissions-sdk-m: android.permission.WRITE_EXTERNAL_STORAGE in package: com.alan.weather at: Binary XML file line #73
11-08 20:04:53.533  1465 11468 D CoreBackPreview: Window{f9f603e u0 com.symantec.mobilesecurity/com.norton.feature.appsecurity.ui.malwarefound.MalwareFoundActivity}: Setting back callback OnBackInvokedCallbackInfo{mCallback=android.window.IOnBackInvokedCallback$Stub$Proxy@62d424a, mPriority=0}
11-08 20:04:53.584  1465  2103 D CoreBackPreview: Window{1030c77 u0 com.symantec.mobilesecurity/com.norton.feature.appsecurity.ui.malwarefound.MalwareFoundActivity}: Setting back callback null
11-08 20:04:53.620  1465  1673 V StorageManagerService: Package null has legacy storage
11-08 20:04:53.685  1465  1465 E NotificationService: Muting recently noisy 0|com.symantec.mobilesecurity|1001|wap.syst|10198
11-08 20:04:53.686  1465  1465 W NotificationHistory: Attempted to add notif for locked/gone/disabled user 0
11-08 20:04:53.820  1465  1840 V BackupManagerService: [UserID:0] restoreAtInstall pkg=com.alan.weather token=1d restoreSet=0
11-08 20:04:53.820  1465  1840 V BackupManagerService: [UserID:0] Finishing install immediately
11-08 20:04:53.822  1465  1840 D PackageInstallerSession: Marking session 1711956308 as applied
11-08 20:04:53.829  1465  1840 D CompatibilityChangeReporter: Compat change id reported: 168419799; UID 10223; state: DISABLED
11-08 20:04:53.829  1465  1840 D CompatibilityChangeReporter: Compat change id reported: 273564678; UID 10223; state: DISABLED
11-08 20:04:53.838  1465  1687 W BroadcastQueue: u0 Receiving a broadcast in packagecom.android.buyer requires a permissions review
11-08 20:04:53.838  1465  1687 W BroadcastQueue: Skipping delivery: permission review required for Intent { act=android.intent.action.PACKAGE_ADDED dat=package: flg=0x4000010 (has extras) } from null (pid=1465, uid=1000) to com.android.buyer/.mRve
11-08 20:04:53.840  1465  1687 W BroadcastQueue: Background execution not allowed: receiving Intent { act=android.intent.action.PACKAGE_ADDED dat=package: flg=0x4000010 (has extras) } to com.google.android.packageinstaller/com.android.packageinstaller.PackageInstalledReceiver
11-08 20:04:53.840  1465  1687 W BroadcastQueue: Background execution not allowed: receiving Intent { act=android.intent.action.PACKAGE_ADDED dat=package: flg=0x4000010 (has extras) } to com.android.vending/com.google.android.finsky.packagemonitor.impl.PackageMonitorReceiverImpl$RegisteredReceiver
11-08 20:04:53.840  1465  1687 W BroadcastQueue: Background execution not allowed: receiving Intent { act=android.intent.action.PACKAGE_ADDED dat=package: flg=0x4000010 (has extras) } to com.android.vending/com.google.android.finsky.packagemonitor.backgroundimpl.BackgroundPackageMonitorReceiverImpl$RegisteredReceiver
11-08 20:04:53.840  1465  1687 W BroadcastQueue: Background execution not allowed: receiving Intent { act=android.intent.action.PACKAGE_ADDED dat=package: flg=0x4000010 (has extras) } to com.google.android.gms/.games.chimera.GamesSystemBroadcastReceiverProxy
11-08 20:04:53.840  1465  1687 W BroadcastQueue: Background execution not allowed: receiving Intent { act=android.intent.action.PACKAGE_ADDED dat=package: flg=0x4000010 (has extras) } to com.google.android.gms/.gass.chimera.PackageChangeBroadcastReceiver
11-08 20:04:53.840  1465  1687 W BroadcastQueue: Background execution not allowed: receiving Intent { act=android.intent.action.PACKAGE_ADDED dat=package: flg=0x4000010 (has extras) } to com.google.android.gms/.chimera.GmsIntentOperationService$PersistentTrustedReceiver
11-08 20:04:53.840  1465  1687 W BroadcastQueue: u0 Receiving a broadcast in packagecom.qiuqiu.dfmc requires a permissions review
11-08 20:04:53.842  1465  1687 W BroadcastQueue: Skipping delivery: permission review required for Intent { act=android.intent.action.PACKAGE_ADDED dat=package: flg=0x4000010 (has extras) } from null (pid=1465, uid=1000) to com.qiuqiu.dfmc/cn.jpush.android.service.PushReceiver
11-08 20:04:53.842  1465  1687 W BroadcastQueue: u0 Receiving a broadcast in packagecom.safesys.viruskiller requires a permissions review
11-08 20:04:53.842  1465  1687 W BroadcastQueue: Skipping delivery: permission review required for Intent { act=android.intent.action.PACKAGE_ADDED dat=package: flg=0x4000010 (has extras) } from null (pid=1465, uid=1000) to com.safesys.viruskiller/.ScanPackageBroadcast
11-08 20:04:53.848  1465  1465 I Telecom : DefaultDialerCache: Refreshing default dialer for user 0: now com.google.android.dialer: DDC.oR@AkM
11-08 20:04:53.861  1465  1465 V BackupManagerConstants: getFullBackupIntervalMilliseconds(...) returns 86400000
11-08 20:04:53.861  1465  1465 V BackupManagerConstants: getFullBackupRequiredNetworkType(...) returns 2
11-08 20:04:53.861  1465  1465 V BackupManagerConstants: getFullBackupRequireCharging(...) returns true
11-08 20:04:53.881  1465  8495 D CompatibilityChangeReporter: Compat change id reported: 161252188; UID 10223; state: DISABLED
11-08 20:04:53.886  1465  1960 D CompatibilityChangeReporter: Compat change id reported: 218533173; UID 10223; state: DISABLED
11-08 20:04:53.889  1465  1836 E VerityUtils: Failed to measure fs-verity, errno 1: /data/app/~~6g1wUJWgJiY-xf2cm6EnEw==/com.alan.weather-2gNar0Ohh0Zl5a1hCp3q_A==/base.apk
11-08 20:04:53.891  1465  1465 I Telecom : DefaultDialerCache: Refreshing default dialer for user 0: now com.google.android.dialer: DDC.oR@AkQ
11-08 20:04:53.908  1465  3437 W BackupTransportManager: Package com.alan.weather enabled setting: 0
11-08 20:04:53.909  1465  8749 I ActivityTaskManager: START u0 {flg=0x14000000 cmp=com.symantec.mobilesecurity/com.norton.feature.appsecurity.ui.malwarefound.MalwareFoundActivity (has extras)} from uid 10198
11-08 20:04:53.933  1465  4432 W ActivityTaskManager: Tried to set launchTime (0) < mLastActivityLaunchTime (1187444)
11-08 20:04:53.940  1465  1686 W WindowMagnificationMgr: requestConnection duplicated request: connect=false, mConnectionState=DISCONNECTED
11-08 20:04:53.965  1465  1840 E PackageManager: ERROR: could not load root hash from incremental install
11-08 20:04:53.977  1465  1840 I PackageManager: Integrity check passed for file:///data/app/vmdl1983614610.tmp
11-08 20:04:53.983  1465  5769 D CoreBackPreview: Window{fa644df u0 com.symantec.mobilesecurity/com.norton.feature.appsecurity.ui.malwarefound.MalwareFoundActivity}: Setting back callback OnBackInvokedCallbackInfo{mCallback=android.window.IOnBackInvokedCallback$Stub$Proxy@c6c0856, mPriority=0}
11-08 20:04:54.052  1465 11468 D CoreBackPreview: Window{f9f603e u0 com.symantec.mobilesecurity/com.norton.feature.appsecurity.ui.malwarefound.MalwareFoundActivity}: Setting back callback null
11-08 20:04:54.123  1465  1673 V StorageManagerService: Package null has legacy storage
11-08 20:04:54.124  1465  1686 W PackageManager: Failed registering loading progress callback. Package is fully loaded.
11-08 20:04:54.137  1465  1840 V BackupManagerService: [UserID:0] restoreAtInstall pkg=cn.com.opda.android.cleanup1 token=1e restoreSet=0
11-08 20:04:54.138  1465  1840 V BackupManagerService: [UserID:0] Finishing install immediately
11-08 20:04:54.142  1465  1840 D PackageInstallerSession: Marking session 1983614610 as applied
11-08 20:04:54.142  1465  1686 W WindowMagnificationMgr: requestConnection duplicated request: connect=false, mConnectionState=DISCONNECTED
11-08 20:04:54.146  1465  1840 D CompatibilityChangeReporter: Compat change id reported: 168419799; UID 10224; state: DISABLED
11-08 20:04:54.146  1465  1840 D CompatibilityChangeReporter: Compat change id reported: 273564678; UID 10224; state: DISABLED
11-08 20:04:54.150  1465  1465 E NotificationService: Muting recently noisy 0|com.symantec.mobilesecurity|1001|com.ps.keepaccount|10198
11-08 20:04:54.152  1465  1465 W NotificationHistory: Attempted to add notif for locked/gone/disabled user 0
11-08 20:04:54.162  1465  1546 W BroadcastQueue: u0 Receiving a broadcast in packagecom.android.buyer requires a permissions review
11-08 20:04:54.162  1465  1546 W BroadcastQueue: Skipping delivery: permission review required for Intent { act=android.intent.action.PACKAGE_ADDED dat=package: flg=0x4000010 (has extras) } from null (pid=1465, uid=1000) to com.android.buyer/.mRve
11-08 20:04:54.168  1465  1687 W BroadcastQueue: Background execution not allowed: receiving Intent { act=android.intent.action.PACKAGE_ADDED dat=package: flg=0x4000010 (has extras) } to com.google.android.packageinstaller/com.android.packageinstaller.PackageInstalledReceiver
11-08 20:04:54.168  1465  1687 W BroadcastQueue: Background execution not allowed: receiving Intent { act=android.intent.action.PACKAGE_ADDED dat=package: flg=0x4000010 (has extras) } to com.android.vending/com.google.android.finsky.packagemonitor.impl.PackageMonitorReceiverImpl$RegisteredReceiver
11-08 20:04:54.168  1465  1687 W BroadcastQueue: Background execution not allowed: receiving Intent { act=android.intent.action.PACKAGE_ADDED dat=package: flg=0x4000010 (has extras) } to com.android.vending/com.google.android.finsky.packagemonitor.backgroundimpl.BackgroundPackageMonitorReceiverImpl$RegisteredReceiver
11-08 20:04:54.169  1465  1687 W BroadcastQueue: Background execution not allowed: receiving Intent { act=android.intent.action.PACKAGE_ADDED dat=package: flg=0x4000010 (has extras) } to com.google.android.gms/.games.chimera.GamesSystemBroadcastReceiverProxy
11-08 20:04:54.169  1465  1687 W BroadcastQueue: Background execution not allowed: receiving Intent { act=android.intent.action.PACKAGE_ADDED dat=package: flg=0x4000010 (has extras) } to com.google.android.gms/.gass.chimera.PackageChangeBroadcastReceiver
11-08 20:04:54.169  1465  1687 W BroadcastQueue: Background execution not allowed: receiving Intent { act=android.intent.action.PACKAGE_ADDED dat=package: flg=0x4000010 (has extras) } to com.google.android.gms/.chimera.GmsIntentOperationService$PersistentTrustedReceiver
11-08 20:04:54.169  1465  1687 W BroadcastQueue: u0 Receiving a broadcast in packagecom.qiuqiu.dfmc requires a permissions review
11-08 20:04:54.169  1465  1687 W BroadcastQueue: Skipping delivery: permission review required for Intent { act=android.intent.action.PACKAGE_ADDED dat=package: flg=0x4000010 (has extras) } from null (pid=1465, uid=1000) to com.qiuqiu.dfmc/cn.jpush.android.service.PushReceiver
11-08 20:04:54.169  1465  1687 W BroadcastQueue: u0 Receiving a broadcast in packagecom.safesys.viruskiller requires a permissions review
11-08 20:04:54.169  1465  1687 W BroadcastQueue: Skipping delivery: permission review required for Intent { act=android.intent.action.PACKAGE_ADDED dat=package: flg=0x4000010 (has extras) } from null (pid=1465, uid=1000) to com.safesys.viruskiller/.ScanPackageBroadcast
11-08 20:04:54.211  1465  1465 I Telecom : DefaultDialerCache: Refreshing default dialer for user 0: now com.google.android.dialer: DDC.oR@Akk
11-08 20:04:54.217  1465  1836 E VerityUtils: Failed to measure fs-verity, errno 1: /data/app/~~BmvieP2iE0Pur0j6THpo5w==/cn.com.opda.android.cleanup1-kJkbI-BKP-zJgCieBi_n_A==/base.apk
11-08 20:04:54.219  1465  1465 V BackupManagerConstants: getFullBackupIntervalMilliseconds(...) returns 86400000
11-08 20:04:54.219  1465  1465 V BackupManagerConstants: getFullBackupRequiredNetworkType(...) returns 2
11-08 20:04:54.219  1465  1465 V BackupManagerConstants: getFullBackupRequireCharging(...) returns true
11-08 20:04:54.231  1465  1960 D CompatibilityChangeReporter: Compat change id reported: 218533173; UID 10224; state: DISABLED
11-08 20:04:54.290  1465  1840 E PackageManager: ERROR: could not load root hash from incremental install
11-08 20:04:54.301  1465  1686 W WindowMagnificationMgr: requestConnection duplicated request: connect=false, mConnectionState=DISCONNECTED
11-08 20:04:54.316  1465  1840 I PackageManager: Integrity check passed for file:///data/app/vmdl1022162571.tmp
11-08 20:04:54.350  1465  1686 W PackageManager: Failed registering loading progress callback. Package is fully loaded.
11-08 20:04:54.364  1465  1465 W Looper  : Slow dispatch took 142ms main h=com.android.server.notification.NotificationManagerService$WorkerHandler c=com.android.server.notification.NotificationManagerService$CancelNotificationRunnable@868d0a m=0
11-08 20:04:54.433  1465  1673 W Looper  : Slow delivery took 206ms android.fg h=android.os.Handler c=android.app.LoadedApk$ReceiverDispatcher$Args$$ExternalSyntheticLambda0@30e8822 m=0
11-08 20:04:54.435  1465  2018 D CompatibilityChangeReporter: Compat change id reported: 161252188; UID 10225; state: DISABLED
11-08 20:04:54.437  1465  1465 W Looper  : Slow delivery took 264ms main h=android.service.notification.NotificationListenerService$MyHandler c=null m=1
11-08 20:04:54.443  1465  1686 W WindowMagnificationMgr: requestConnection duplicated request: connect=false, mConnectionState=DISCONNECTED
11-08 20:04:54.445  1465  1465 I Telecom : DefaultDialerCache: Refreshing default dialer for user 0: now com.google.android.dialer: DDC.oR@Akw
11-08 20:04:54.447  1465  1465 W Looper  : Drained
11-08 20:04:54.457  1465  3437 W BackupTransportManager: Package cn.com.opda.android.cleanup1 enabled setting: 0
11-08 20:04:54.471  1465  1673 V StorageManagerService: Package null has legacy storage
11-08 20:04:54.471  1465  1673 W Looper  : Drained
11-08 20:04:54.483  1465  8495 I ActivityTaskManager: START u0 {flg=0x14000000 cmp=com.symantec.mobilesecurity/com.norton.feature.appsecurity.ui.malwarefound.MalwareFoundActivity (has extras)} from uid 10198
11-08 20:04:54.497  1465 11467 W ActivityTaskManager: Tried to set launchTime (0) < mLastActivityLaunchTime (1187896)
11-08 20:04:54.509  1465 11467 D CompatibilityChangeReporter: Compat change id reported: 161252188; UID 10224; state: DISABLED
11-08 20:04:54.558  1465  7989 D CoreBackPreview: Window{30f378 u0 com.symantec.mobilesecurity/com.norton.feature.appsecurity.ui.malwarefound.MalwareFoundActivity}: Setting back callback OnBackInvokedCallbackInfo{mCallback=android.window.IOnBackInvokedCallback$Stub$Proxy@4465a8d, mPriority=0}
11-08 20:04:54.616  1465  2018 D CoreBackPreview: Window{fa644df u0 com.symantec.mobilesecurity/com.norton.feature.appsecurity.ui.malwarefound.MalwareFoundActivity}: Setting back callback null
11-08 20:04:54.692  1465  1465 W NotificationHistory: Attempted to add notif for locked/gone/disabled user 0
11-08 20:04:54.774  1465 11467 I ActivityTaskManager: START u0 {flg=0x14000000 cmp=com.symantec.mobilesecurity/com.norton.feature.appsecurity.ui.malwarefound.MalwareFoundActivity (has extras)} from uid 10198
11-08 20:04:54.788  1465  1840 V BackupManagerService: [UserID:0] restoreAtInstall pkg=com.tobyyaa.superbattery token=1f restoreSet=0
11-08 20:04:54.788  1465  1840 V BackupManagerService: [UserID:0] Finishing install immediately
11-08 20:04:54.794  1465  1840 D PackageInstallerSession: Marking session 1022162571 as applied
11-08 20:04:54.801  1465  7989 W ActivityTaskManager: Tried to set launchTime (0) < mLastActivityLaunchTime (1188460)
11-08 20:04:54.808  1465  1840 D CompatibilityChangeReporter: Compat change id reported: 168419799; UID 10225; state: DISABLED
11-08 20:04:54.808  1465  1840 D CompatibilityChangeReporter: Compat change id reported: 273564678; UID 10225; state: DISABLED
11-08 20:04:54.813  1465  1687 W BroadcastQueue: u0 Receiving a broadcast in packagecom.android.buyer requires a permissions review
11-08 20:04:54.813  1465  1687 W BroadcastQueue: Skipping delivery: permission review required for Intent { act=android.intent.action.PACKAGE_ADDED dat=package: flg=0x4000010 (has extras) } from null (pid=1465, uid=1000) to com.android.buyer/.mRve
11-08 20:04:54.813  1465  1687 W BroadcastQueue: Background execution not allowed: receiving Intent { act=android.intent.action.PACKAGE_ADDED dat=package: flg=0x4000010 (has extras) } to com.google.android.packageinstaller/com.android.packageinstaller.PackageInstalledReceiver
11-08 20:04:54.814  1465  1687 W BroadcastQueue: Background execution not allowed: receiving Intent { act=android.intent.action.PACKAGE_ADDED dat=package: flg=0x4000010 (has extras) } to com.android.vending/com.google.android.finsky.packagemonitor.impl.PackageMonitorReceiverImpl$RegisteredReceiver
11-08 20:04:54.814  1465  1687 W BroadcastQueue: Background execution not allowed: receiving Intent { act=android.intent.action.PACKAGE_ADDED dat=package: flg=0x4000010 (has extras) } to com.android.vending/com.google.android.finsky.packagemonitor.backgroundimpl.BackgroundPackageMonitorReceiverImpl$RegisteredReceiver
11-08 20:04:54.814  1465  1687 W BroadcastQueue: Background execution not allowed: receiving Intent { act=android.intent.action.PACKAGE_ADDED dat=package: flg=0x4000010 (has extras) } to com.google.android.gms/.games.chimera.GamesSystemBroadcastReceiverProxy
11-08 20:04:54.814  1465  1687 W BroadcastQueue: Background execution not allowed: receiving Intent { act=android.intent.action.PACKAGE_ADDED dat=package: flg=0x4000010 (has extras) } to com.google.android.gms/.gass.chimera.PackageChangeBroadcastReceiver
11-08 20:04:54.814  1465  1687 W BroadcastQueue: Background execution not allowed: receiving Intent { act=android.intent.action.PACKAGE_ADDED dat=package: flg=0x4000010 (has extras) } to com.google.android.gms/.chimera.GmsIntentOperationService$PersistentTrustedReceiver
11-08 20:04:54.814  1465  1687 W BroadcastQueue: u0 Receiving a broadcast in packagecom.qiuqiu.dfmc requires a permissions review
11-08 20:04:54.814  1465  1687 W BroadcastQueue: Skipping delivery: permission review required for Intent { act=android.intent.action.PACKAGE_ADDED dat=package: flg=0x4000010 (has extras) } from null (pid=1465, uid=1000) to com.qiuqiu.dfmc/cn.jpush.android.service.PushReceiver
11-08 20:04:54.814  1465  1687 W BroadcastQueue: u0 Receiving a broadcast in packagecom.safesys.viruskiller requires a permissions review
11-08 20:04:54.814  1465  1687 W BroadcastQueue: Skipping delivery: permission review required for Intent { act=android.intent.action.PACKAGE_ADDED dat=package: flg=0x4000010 (has extras) } from null (pid=1465, uid=1000) to com.safesys.viruskiller/.ScanPackageBroadcast
11-08 20:04:54.816  1465  1465 I Telecom : DefaultDialerCache: Refreshing default dialer for user 0: now com.google.android.dialer: DDC.oR@Ak8
11-08 20:04:54.818  1465  1465 V BackupManagerConstants: getFullBackupIntervalMilliseconds(...) returns 86400000
11-08 20:04:54.818  1465  1465 V BackupManagerConstants: getFullBackupRequiredNetworkType(...) returns 2
11-08 20:04:54.819  1465  1465 V BackupManagerConstants: getFullBackupRequireCharging(...) returns true
11-08 20:04:54.861  1465  8472 D CoreBackPreview: Window{f340acc u0 com.symantec.mobilesecurity/com.norton.feature.appsecurity.ui.malwarefound.MalwareFoundActivity}: Setting back callback OnBackInvokedCallbackInfo{mCallback=android.window.IOnBackInvokedCallback$Stub$Proxy@4fb4985, mPriority=0}
11-08 20:04:54.881  1465  1960 D CompatibilityChangeReporter: Compat change id reported: 218533173; UID 10225; state: DISABLED
11-08 20:04:54.889  1465  1465 I Telecom : DefaultDialerCache: Refreshing default dialer for user 0: now com.google.android.dialer: DDC.oR@AlI
11-08 20:04:54.890  1465  3437 W BackupTransportManager: Package com.tobyyaa.superbattery enabled setting: 0
11-08 20:04:54.896  1465  1686 W WindowMagnificationMgr: requestConnection duplicated request: connect=false, mConnectionState=DISCONNECTED
11-08 20:04:54.943  1465  1686 W PackageManager: Failed registering loading progress callback. Package is fully loaded.
11-08 20:04:54.944  1465  1686 D AppWidgetServiceImpl: Provider info from ComponentInfo{com.tobyyaa.superbattery/com.tobyyaa.superbattery.ShowWidget} won't be persisted.
11-08 20:04:54.965  1465  1686 W WindowMagnificationMgr: requestConnection duplicated request: connect=false, mConnectionState=DISCONNECTED
11-08 20:04:54.993  1465  5897 D CoreBackPreview: Window{30f378 u0 com.symantec.mobilesecurity/com.norton.feature.appsecurity.ui.malwarefound.MalwareFoundActivity}: Setting back callback null
11-08 20:04:54.994  1465  1465 E NotificationService: Muting recently noisy 0|com.symantec.mobilesecurity|1001|cn.com.opda.android.cleanup1|10198
11-08 20:04:54.995  1465  1465 W NotificationHistory: Attempted to add notif for locked/gone/disabled user 0
11-08 20:04:55.121  1465  1836 E VerityUtils: Failed to measure fs-verity, errno 1: /data/app/~~Bd6G5o89rJStV4lB0W7O3g==/com.tobyyaa.superbattery-tXf3UWqJFytHXWwZV8piig==/base.apk
11-08 20:04:55.122  1465  1840 E PackageManager: ERROR: could not load root hash from incremental install
11-08 20:04:55.130  1465  2012 W PackageParsing: Ignoring duplicate uses-permissions/uses-permissions-sdk-m:  in package: com.i6c9eafaae9cd0a13 at: Binary XML file line #14
11-08 20:04:55.130  1465  2012 W PackageParsing: Ignoring duplicate uses-permissions/uses-permissions-sdk-m:  in package: com.i6c9eafaae9cd0a13 at: Binary XML file line #15
11-08 20:04:55.130  1465  2012 W PackageParsing: Ignoring duplicate uses-permissions/uses-permissions-sdk-m:  in package: com.i6c9eafaae9cd0a13 at: Binary XML file line #16
11-08 20:04:55.130  1465  2012 W PackageParsing: Ignoring duplicate uses-permissions/uses-permissions-sdk-m:  in package: com.i6c9eafaae9cd0a13 at: Binary XML file line #19
11-08 20:04:55.130  1465  2012 W PackageParsing: Ignoring duplicate uses-permissions/uses-permissions-sdk-m:  in package: com.i6c9eafaae9cd0a13 at: Binary XML file line #20
