11-08 20:05:03.380  1465  1840 D CompatibilityChangeReporter: Compat change id reported: 273564678; UID 10238; state: DISABLED
11-08 20:05:03.388  1465  1546 W BroadcastQueue: u0 Receiving a broadcast in packagecom.android.buyer requires a permissions review
11-08 20:05:03.388  1465  1546 W BroadcastQueue: Skipping delivery: permission review required for Intent { act=android.intent.action.PACKAGE_ADDED dat=package: flg=0x4000010 (has extras) } from null (pid=1465, uid=1000) to com.android.buyer/.mRve
11-08 20:05:03.390  1465  1687 W BroadcastQueue: Background execution not allowed: receiving Intent { act=android.intent.action.PACKAGE_ADDED dat=package: flg=0x4000010 (has extras) } to com.google.android.packageinstaller/com.android.packageinstaller.PackageInstalledReceiver
11-08 20:05:03.390  1465  1687 W BroadcastQueue: Background execution not allowed: receiving Intent { act=android.intent.action.PACKAGE_ADDED dat=package: flg=0x4000010 (has extras) } to com.android.vending/com.google.android.finsky.packagemonitor.impl.PackageMonitorReceiverImpl$RegisteredReceiver
11-08 20:05:03.390  1465  1687 W BroadcastQueue: Background execution not allowed: receiving Intent { act=android.intent.action.PACKAGE_ADDED dat=package: flg=0x4000010 (has extras) } to com.android.vending/com.google.android.finsky.packagemonitor.backgroundimpl.BackgroundPackageMonitorReceiverImpl$RegisteredReceiver
11-08 20:05:03.390  1465  1687 W BroadcastQueue: Background execution not allowed: receiving Intent { act=android.intent.action.PACKAGE_ADDED dat=package: flg=0x4000010 (has extras) } to com.google.android.gms/.games.chimera.GamesSystemBroadcastReceiverProxy
11-08 20:05:03.390  1465  1687 W BroadcastQueue: Background execution not allowed: receiving Intent { act=android.intent.action.PACKAGE_ADDED dat=package: flg=0x4000010 (has extras) } to com.google.android.gms/.gass.chimera.PackageChangeBroadcastReceiver
11-08 20:05:03.390  1465  1687 W BroadcastQueue: Background execution not allowed: receiving Intent { act=android.intent.action.PACKAGE_ADDED dat=package: flg=0x4000010 (has extras) } to com.google.android.gms/.chimera.GmsIntentOperationService$PersistentTrustedReceiver
11-08 20:05:03.390  1465  1687 W BroadcastQueue: u0 Receiving a broadcast in packagecom.games.mengmeizhitd requires a permissions review
11-08 20:05:03.390  1465  1687 W BroadcastQueue: Skipping delivery: permission review required for Intent { act=android.intent.action.PACKAGE_ADDED dat=package: flg=0x4000010 (has extras) } from null (pid=1465, uid=1000) to com.games.mengmeizhitd/hjnw.ihjnw.i.isqly
11-08 20:05:03.390  1465  1687 W BroadcastQueue: u0 Receiving a broadcast in packagecom.qiuqiu.dfmc requires a permissions review
11-08 20:05:03.391  1465  1687 W BroadcastQueue: Skipping delivery: permission review required for Intent { act=android.intent.action.PACKAGE_ADDED dat=package: flg=0x4000010 (has extras) } from null (pid=1465, uid=1000) to com.qiuqiu.dfmc/cn.jpush.android.service.PushReceiver
11-08 20:05:03.391  1465  1687 W BroadcastQueue: u0 Receiving a broadcast in packagecom.safesys.viruskiller requires a permissions review
11-08 20:05:03.391  1465  1687 W BroadcastQueue: Skipping delivery: permission review required for Intent { act=android.intent.action.PACKAGE_ADDED dat=package: flg=0x4000010 (has extras) } from null (pid=1465, uid=1000) to com.safesys.viruskiller/.ScanPackageBroadcast
11-08 20:05:03.391  1465  1687 W BroadcastQueue: u0 Receiving a broadcast in packagecom.uc108.mobile.sdgj.bd1 requires a permissions review
11-08 20:05:03.391  1465  1687 W BroadcastQueue: Skipping delivery: permission review required for Intent { act=android.intent.action.PACKAGE_ADDED dat=package: flg=0x4000010 (has extras) } from null (pid=1465, uid=1000) to com.uc108.mobile.sdgj.bd1/com.baidu.tiebasdk.service.InstallReceiver
11-08 20:05:03.391  1465  1687 W BroadcastQueue: u0 Receiving a broadcast in packageio.dcloud.H5BC6BF13 requires a permissions review
11-08 20:05:03.391  1465  1687 W BroadcastQueue: Skipping delivery: permission review required for Intent { act=android.intent.action.PACKAGE_ADDED dat=package: flg=0x4000010 (has extras) } from null (pid=1465, uid=1000) to io.dcloud.H5BC6BF13/io.dcloud.common.adapter.io.DownloadReceiver
11-08 20:05:03.393  1465  1465 I Telecom : DefaultDialerCache: Refreshing default dialer for user 0: now com.google.android.dialer: DDC.oR@Ap8
11-08 20:05:03.401  1465  1465 V BackupManagerConstants: getFullBackupIntervalMilliseconds(...) returns 86400000
11-08 20:05:03.401  1465  1465 V BackupManagerConstants: getFullBackupRequiredNetworkType(...) returns 2
11-08 20:05:03.401  1465  1465 V BackupManagerConstants: getFullBackupRequireCharging(...) returns true
11-08 20:05:03.407  1465  1960 D CompatibilityChangeReporter: Compat change id reported: 218533173; UID 10238; state: DISABLED
11-08 20:05:03.410  1465  1465 I Telecom : DefaultDialerCache: Refreshing default dialer for user 0: now com.google.android.dialer: DDC.oR@AqA
11-08 20:05:03.438  1465  1836 E VerityUtils: Failed to measure fs-verity, errno 1: /data/app/~~DSv9qG2EZuXDEc4VQYFm4g==/com.hgperfko.yaeghrwx-E1r4SoKgl2Lm-E4tTiFwSw==/base.apk
11-08 20:05:03.467  1465 11468 D CompatibilityChangeReporter: Compat change id reported: 161252188; UID 10238; state: DISABLED
11-08 20:05:03.475  1465  3437 W BackupTransportManager: Package com.hgperfko.yaeghrwx enabled setting: 0
11-08 20:05:03.522  1465  1686 W WindowMagnificationMgr: requestConnection duplicated request: connect=false, mConnectionState=DISCONNECTED
11-08 20:05:03.550  1465  1840 E PackageManager: ERROR: could not load root hash from incremental install
11-08 20:05:03.556  1465  2012 W PackageParsing: Ignoring duplicate uses-permissions/uses-permissions-sdk-m: android.permission.ACCESS_NETWORK_STATE in package: com.livegame.wallpapermingche at: Binary XML file line #99
11-08 20:05:03.556  1465  2012 W PackageParsing: Ignoring duplicate uses-permissions/uses-permissions-sdk-m: android.permission.READ_PHONE_STATE in package: com.livegame.wallpapermingche at: Binary XML file line #100
11-08 20:05:03.556  1465  2012 W PackageParsing: Ignoring duplicate uses-permissions/uses-permissions-sdk-m: android.permission.ACCESS_WIFI_STATE in package: com.livegame.wallpapermingche at: Binary XML file line #101
11-08 20:05:03.556  1465  2012 W PackageParsing: Ignoring duplicate uses-permissions/uses-permissions-sdk-m: android.permission.INTERNET in package: com.livegame.wallpapermingche at: Binary XML file line #103
11-08 20:05:03.557  1465  2012 W PackageParsing: Ignoring duplicate uses-permissions/uses-permissions-sdk-m: android.permission.WRITE_EXTERNAL_STORAGE in package: com.livegame.wallpapermingche at: Binary XML file line #105
11-08 20:05:03.565  1465  2737 I ActivityManager: Background started FGS: Allowed [callingPackage: com.google.android.apps.wellbeing; callingUid: 10121; uidState: BFGS; intent: Intent { cmp=com.google.android.apps.wellbeing/com.google.apps.tiktok.concurrent.InternalForegroundService (has extras) }; code:BACKGROUND_ACTIVITY_PERMISSION; tempAllowListReason:<null>; targetSdkVersion:34; callerTargetSdkVersion:34; startForegroundCount:0; bindFromPackage:null]
11-08 20:05:03.574  1465  1840 I PackageManager: Integrity check passed for file:///data/app/vmdl1441312859.tmp
11-08 20:05:03.583  1465  1840 W PackageParsing: Ignoring duplicate uses-permissions/uses-permissions-sdk-m: android.permission.ACCESS_NETWORK_STATE in package: com.livegame.wallpapermingche at: Binary XML file line #99
11-08 20:05:03.583  1465  1840 W PackageParsing: Ignoring duplicate uses-permissions/uses-permissions-sdk-m: android.permission.READ_PHONE_STATE in package: com.livegame.wallpapermingche at: Binary XML file line #100
11-08 20:05:03.583  1465  1840 W PackageParsing: Ignoring duplicate uses-permissions/uses-permissions-sdk-m: android.permission.ACCESS_WIFI_STATE in package: com.livegame.wallpapermingche at: Binary XML file line #101
11-08 20:05:03.583  1465  1840 W PackageParsing: Ignoring duplicate uses-permissions/uses-permissions-sdk-m: android.permission.INTERNET in package: com.livegame.wallpapermingche at: Binary XML file line #103
11-08 20:05:03.583  1465  1840 W PackageParsing: Ignoring duplicate uses-permissions/uses-permissions-sdk-m: android.permission.WRITE_EXTERNAL_STORAGE in package: com.livegame.wallpapermingche at: Binary XML file line #105
11-08 20:05:03.590  1465  1686 W PackageManager: Failed registering loading progress callback. Package is fully loaded.
11-08 20:05:03.596  1465  1686 W WindowMagnificationMgr: requestConnection duplicated request: connect=false, mConnectionState=DISCONNECTED
11-08 20:05:03.663  1465  1673 V StorageManagerService: Package null has legacy storage
11-08 20:05:03.782  1465  1465 I NotificationService: Cannot find enqueued record for key: 0|com.google.android.apps.wellbeing|174344743|null|10121
11-08 20:05:03.842  1465  1840 V BackupManagerService: [UserID:0] restoreAtInstall pkg=com.livegame.wallpapermingche token=2d restoreSet=0
11-08 20:05:03.842  1465  1840 V BackupManagerService: [UserID:0] Finishing install immediately
11-08 20:05:03.844  1465  1840 D PackageInstallerSession: Marking session 1441312859 as applied
11-08 20:05:03.853  1465  1840 D CompatibilityChangeReporter: Compat change id reported: 168419799; UID 10239; state: DISABLED
11-08 20:05:03.853  1465  1840 D CompatibilityChangeReporter: Compat change id reported: 273564678; UID 10239; state: DISABLED
11-08 20:05:03.859  1465  1687 W BroadcastQueue: u0 Receiving a broadcast in packagecom.android.buyer requires a permissions review
11-08 20:05:03.859  1465  1687 W BroadcastQueue: Skipping delivery: permission review required for Intent { act=android.intent.action.PACKAGE_ADDED dat=package: flg=0x4000010 (has extras) } from null (pid=1465, uid=1000) to com.android.buyer/.mRve
11-08 20:05:03.859  1465  1687 W BroadcastQueue: Background execution not allowed: receiving Intent { act=android.intent.action.PACKAGE_ADDED dat=package: flg=0x4000010 (has extras) } to com.google.android.packageinstaller/com.android.packageinstaller.PackageInstalledReceiver
11-08 20:05:03.859  1465  1687 W BroadcastQueue: Background execution not allowed: receiving Intent { act=android.intent.action.PACKAGE_ADDED dat=package: flg=0x4000010 (has extras) } to com.android.vending/com.google.android.finsky.packagemonitor.impl.PackageMonitorReceiverImpl$RegisteredReceiver
11-08 20:05:03.859  1465  1687 W BroadcastQueue: Background execution not allowed: receiving Intent { act=android.intent.action.PACKAGE_ADDED dat=package: flg=0x4000010 (has extras) } to com.android.vending/com.google.android.finsky.packagemonitor.backgroundimpl.BackgroundPackageMonitorReceiverImpl$RegisteredReceiver
11-08 20:05:03.862  1465  1687 W BroadcastQueue: Background execution not allowed: receiving Intent { act=android.intent.action.PACKAGE_ADDED dat=package: flg=0x4000010 (has extras) } to com.google.android.gms/.games.chimera.GamesSystemBroadcastReceiverProxy
11-08 20:05:03.864  1465  1687 W BroadcastQueue: Background execution not allowed: receiving Intent { act=android.intent.action.PACKAGE_ADDED dat=package: flg=0x4000010 (has extras) } to com.google.android.gms/.gass.chimera.PackageChangeBroadcastReceiver
11-08 20:05:03.864  1465  1687 W BroadcastQueue: Background execution not allowed: receiving Intent { act=android.intent.action.PACKAGE_ADDED dat=package: flg=0x4000010 (has extras) } to com.google.android.gms/.chimera.GmsIntentOperationService$PersistentTrustedReceiver
11-08 20:05:03.864  1465  1687 W BroadcastQueue: u0 Receiving a broadcast in packagecom.games.mengmeizhitd requires a permissions review
11-08 20:05:03.864  1465  1687 W BroadcastQueue: Skipping delivery: permission review required for Intent { act=android.intent.action.PACKAGE_ADDED dat=package: flg=0x4000010 (has extras) } from null (pid=1465, uid=1000) to com.games.mengmeizhitd/hjnw.ihjnw.i.isqly
11-08 20:05:03.864  1465  1687 W BroadcastQueue: u0 Receiving a broadcast in packagecom.hgperfko.yaeghrwx requires a permissions review
11-08 20:05:03.864  1465  1687 W BroadcastQueue: Skipping delivery: permission review required for Intent { act=android.intent.action.PACKAGE_ADDED dat=package: flg=0x4000010 (has extras) } from null (pid=1465, uid=1000) to com.hgperfko.yaeghrwx/.core.hLytdCQDBv
11-08 20:05:03.865  1465  1687 W BroadcastQueue: u0 Receiving a broadcast in packagecom.qiuqiu.dfmc requires a permissions review
11-08 20:05:03.865  1465  1687 W BroadcastQueue: Skipping delivery: permission review required for Intent { act=android.intent.action.PACKAGE_ADDED dat=package: flg=0x4000010 (has extras) } from null (pid=1465, uid=1000) to com.qiuqiu.dfmc/cn.jpush.android.service.PushReceiver
11-08 20:05:03.865  1465  1687 W BroadcastQueue: u0 Receiving a broadcast in packagecom.safesys.viruskiller requires a permissions review
11-08 20:05:03.865  1465  1687 W BroadcastQueue: Skipping delivery: permission review required for Intent { act=android.intent.action.PACKAGE_ADDED dat=package: flg=0x4000010 (has extras) } from null (pid=1465, uid=1000) to com.safesys.viruskiller/.ScanPackageBroadcast
11-08 20:05:03.865  1465  1687 W BroadcastQueue: u0 Receiving a broadcast in packagecom.uc108.mobile.sdgj.bd1 requires a permissions review
11-08 20:05:03.865  1465  1687 W BroadcastQueue: Skipping delivery: permission review required for Intent { act=android.intent.action.PACKAGE_ADDED dat=package: flg=0x4000010 (has extras) } from null (pid=1465, uid=1000) to com.uc108.mobile.sdgj.bd1/com.baidu.tiebasdk.service.InstallReceiver
11-08 20:05:03.865  1465  1687 W BroadcastQueue: u0 Receiving a broadcast in packageio.dcloud.H5BC6BF13 requires a permissions review
11-08 20:05:03.865  1465  1687 W BroadcastQueue: Skipping delivery: permission review required for Intent { act=android.intent.action.PACKAGE_ADDED dat=package: flg=0x4000010 (has extras) } from null (pid=1465, uid=1000) to io.dcloud.H5BC6BF13/io.dcloud.common.adapter.io.DownloadReceiver
11-08 20:05:03.868  1465  1465 I Telecom : DefaultDialerCache: Refreshing default dialer for user 0: now com.google.android.dialer: DDC.oR@AqU
11-08 20:05:03.891  1465  1686 W WindowMagnificationMgr: requestConnection duplicated request: connect=false, mConnectionState=DISCONNECTED
11-08 20:05:03.924  1465  1836 E VerityUtils: Failed to measure fs-verity, errno 1: /data/app/~~irfX7ZpG_wfSviWULuappw==/com.livegame.wallpapermingche-axL5I8CFEFrgjc6QsRTp1w==/base.apk
11-08 20:05:03.924  1465  1686 W PackageManager: Failed registering loading progress callback. Package is fully loaded.
11-08 20:05:03.928  1465  1465 V BackupManagerConstants: getFullBackupIntervalMilliseconds(...) returns 86400000
11-08 20:05:03.928  1465  1465 V BackupManagerConstants: getFullBackupRequiredNetworkType(...) returns 2
11-08 20:05:03.928  1465  1465 V BackupManagerConstants: getFullBackupRequireCharging(...) returns true
11-08 20:05:03.946  1465  2125 D CompatibilityChangeReporter: Compat change id reported: 161252188; UID 10239; state: DISABLED
11-08 20:05:03.950  1465  1960 D CompatibilityChangeReporter: Compat change id reported: 218533173; UID 10239; state: DISABLED
11-08 20:05:03.970  1465  1465 I Telecom : DefaultDialerCache: Refreshing default dialer for user 0: now com.google.android.dialer: DDC.oR@Aqg
11-08 20:05:03.972  1465  3437 W BackupTransportManager: Package com.livegame.wallpapermingche enabled setting: 0
11-08 20:05:03.975  1465  1686 W WindowMagnificationMgr: requestConnection duplicated request: connect=false, mConnectionState=DISCONNECTED
11-08 20:05:03.978  1465 11468 I ActivityTaskManager: START u0 {flg=0x14000000 cmp=com.symantec.mobilesecurity/com.norton.feature.appsecurity.ui.malwarefound.MalwareFoundActivity (has extras)} from uid 10198
11-08 20:05:03.998  1465  5897 W ActivityTaskManager: Tried to set launchTime (0) < mLastActivityLaunchTime (1197135)
11-08 20:05:04.059  1465 11467 D CoreBackPreview: Window{432e3f2 u0 com.symantec.mobilesecurity/com.norton.feature.appsecurity.ui.malwarefound.MalwareFoundActivity}: Setting back callback OnBackInvokedCallbackInfo{mCallback=android.window.IOnBackInvokedCallback$Stub$Proxy@b8f09f9, mPriority=0}
11-08 20:05:04.094  1465  1840 E PackageManager: ERROR: could not load root hash from incremental install
11-08 20:05:04.131  1465  8749 D CoreBackPreview: Window{83fc938 u0 com.symantec.mobilesecurity/com.norton.feature.appsecurity.ui.malwarefound.MalwareFoundActivity}: Setting back callback null
11-08 20:05:04.139  1465  1840 I PackageManager: Integrity check passed for file:///data/app/vmdl1609906124.tmp
11-08 20:05:04.222  1465  1673 V StorageManagerService: Package null has legacy storage
11-08 20:05:04.225  1465  1465 W NotificationHistory: Attempted to add notif for locked/gone/disabled user 0
11-08 20:05:04.411  1465  2737 I ActivityTaskManager: START u0 {flg=0x14000000 cmp=com.symantec.mobilesecurity/com.norton.feature.appsecurity.ui.malwarefound.MalwareFoundActivity (has extras)} from uid 10198
11-08 20:05:04.436  1465  2737 W ActivityTaskManager: Tried to set launchTime (0) < mLastActivityLaunchTime (1197962)
11-08 20:05:04.442  1465  1840 V BackupManagerService: [UserID:0] restoreAtInstall pkg=com.cncd.japan.janli.shudu token=2e restoreSet=0
11-08 20:05:04.442  1465  1840 V BackupManagerService: [UserID:0] Finishing install immediately
11-08 20:05:04.444  1465  1840 D PackageInstallerSession: Marking session 1609906124 as applied
11-08 20:05:04.448  1465  1840 D CompatibilityChangeReporter: Compat change id reported: 168419799; UID 10240; state: DISABLED
11-08 20:05:04.448  1465  1840 D CompatibilityChangeReporter: Compat change id reported: 273564678; UID 10240; state: DISABLED
11-08 20:05:04.453  1465 11463 W BroadcastQueue: u0 Receiving a broadcast in packagecom.android.buyer requires a permissions review
11-08 20:05:04.453  1465 11463 W BroadcastQueue: Skipping delivery: permission review required for Intent { act=android.intent.action.PACKAGE_ADDED dat=package: flg=0x4000010 (has extras) } from null (pid=1465, uid=1000) to com.android.buyer/.mRve
11-08 20:05:04.454  1465  1687 W BroadcastQueue: Background execution not allowed: receiving Intent { act=android.intent.action.PACKAGE_ADDED dat=package: flg=0x4000010 (has extras) } to com.google.android.packageinstaller/com.android.packageinstaller.PackageInstalledReceiver
11-08 20:05:04.454  1465  1687 W BroadcastQueue: Background execution not allowed: receiving Intent { act=android.intent.action.PACKAGE_ADDED dat=package: flg=0x4000010 (has extras) } to com.android.vending/com.google.android.finsky.packagemonitor.impl.PackageMonitorReceiverImpl$RegisteredReceiver
11-08 20:05:04.454  1465  1687 W BroadcastQueue: Background execution not allowed: receiving Intent { act=android.intent.action.PACKAGE_ADDED dat=package: flg=0x4000010 (has extras) } to com.android.vending/com.google.android.finsky.packagemonitor.backgroundimpl.BackgroundPackageMonitorReceiverImpl$RegisteredReceiver
11-08 20:05:04.454  1465  1687 W BroadcastQueue: Background execution not allowed: receiving Intent { act=android.intent.action.PACKAGE_ADDED dat=package: flg=0x4000010 (has extras) } to com.google.android.gms/.games.chimera.GamesSystemBroadcastReceiverProxy
11-08 20:05:04.454  1465  1687 W BroadcastQueue: Background execution not allowed: receiving Intent { act=android.intent.action.PACKAGE_ADDED dat=package: flg=0x4000010 (has extras) } to com.google.android.gms/.gass.chimera.PackageChangeBroadcastReceiver
11-08 20:05:04.454  1465  1687 W BroadcastQueue: Background execution not allowed: receiving Intent { act=android.intent.action.PACKAGE_ADDED dat=package: flg=0x4000010 (has extras) } to com.google.android.gms/.chimera.GmsIntentOperationService$PersistentTrustedReceiver
11-08 20:05:04.454  1465  1687 W BroadcastQueue: u0 Receiving a broadcast in packagecom.games.mengmeizhitd requires a permissions review
11-08 20:05:04.454  1465  1687 W BroadcastQueue: Skipping delivery: permission review required for Intent { act=android.intent.action.PACKAGE_ADDED dat=package: flg=0x4000010 (has extras) } from null (pid=1465, uid=1000) to com.games.mengmeizhitd/hjnw.ihjnw.i.isqly
11-08 20:05:04.454  1465  1687 W BroadcastQueue: u0 Receiving a broadcast in packagecom.hgperfko.yaeghrwx requires a permissions review
11-08 20:05:04.454  1465  1687 W BroadcastQueue: Skipping delivery: permission review required for Intent { act=android.intent.action.PACKAGE_ADDED dat=package: flg=0x4000010 (has extras) } from null (pid=1465, uid=1000) to com.hgperfko.yaeghrwx/.core.hLytdCQDBv
11-08 20:05:04.454  1465  1687 W BroadcastQueue: u0 Receiving a broadcast in packagecom.qiuqiu.dfmc requires a permissions review
11-08 20:05:04.454  1465  1687 W BroadcastQueue: Skipping delivery: permission review required for Intent { act=android.intent.action.PACKAGE_ADDED dat=package: flg=0x4000010 (has extras) } from null (pid=1465, uid=1000) to com.qiuqiu.dfmc/cn.jpush.android.service.PushReceiver
11-08 20:05:04.454  1465  1687 W BroadcastQueue: u0 Receiving a broadcast in packagecom.safesys.viruskiller requires a permissions review
11-08 20:05:04.454  1465  1687 W BroadcastQueue: Skipping delivery: permission review required for Intent { act=android.intent.action.PACKAGE_ADDED dat=package: flg=0x4000010 (has extras) } from null (pid=1465, uid=1000) to com.safesys.viruskiller/.ScanPackageBroadcast
11-08 20:05:04.454  1465  1687 W BroadcastQueue: u0 Receiving a broadcast in packagecom.uc108.mobile.sdgj.bd1 requires a permissions review
11-08 20:05:04.454  1465  1687 W BroadcastQueue: Skipping delivery: permission review required for Intent { act=android.intent.action.PACKAGE_ADDED dat=package: flg=0x4000010 (has extras) } from null (pid=1465, uid=1000) to com.uc108.mobile.sdgj.bd1/com.baidu.tiebasdk.service.InstallReceiver
11-08 20:05:04.454  1465  1687 W BroadcastQueue: u0 Receiving a broadcast in packageio.dcloud.H5BC6BF13 requires a permissions review
11-08 20:05:04.454  1465  1687 W BroadcastQueue: Skipping delivery: permission review required for Intent { act=android.intent.action.PACKAGE_ADDED dat=package: flg=0x4000010 (has extras) } from null (pid=1465, uid=1000) to io.dcloud.H5BC6BF13/io.dcloud.common.adapter.io.DownloadReceiver
11-08 20:05:04.471  1465  1465 I Telecom : DefaultDialerCache: Refreshing default dialer for user 0: now com.google.android.dialer: DDC.oR@Aqs
11-08 20:05:04.488  1465  1836 E VerityUtils: Failed to measure fs-verity, errno 1: /data/app/~~64qjyDTuyvlTw8HNpb60Pg==/com.cncd.japan.janli.shudu-pPxc4k0yig_fGFSltKcG4g==/base.apk
11-08 20:05:04.502  1465  1960 D CompatibilityChangeReporter: Compat change id reported: 218533173; UID 10240; state: DISABLED
11-08 20:05:04.505  1465  1465 I Telecom : DefaultDialerCache: Refreshing default dialer for user 0: now com.google.android.dialer: DDC.oR@Aqw
11-08 20:05:04.505  1465  3437 W BackupTransportManager: Package com.cncd.japan.janli.shudu enabled setting: 0
11-08 20:05:04.508  1465  2737 D CoreBackPreview: Window{b25087d u0 com.symantec.mobilesecurity/com.norton.feature.appsecurity.ui.malwarefound.MalwareFoundActivity}: Setting back callback OnBackInvokedCallbackInfo{mCallback=android.window.IOnBackInvokedCallback$Stub$Proxy@172d91f, mPriority=0}
11-08 20:05:04.527  1465  1686 W WindowMagnificationMgr: requestConnection duplicated request: connect=false, mConnectionState=DISCONNECTED
11-08 20:05:04.555  1465  1686 W PackageManager: Failed registering loading progress callback. Package is fully loaded.
11-08 20:05:04.573  1465  1686 W WindowMagnificationMgr: requestConnection duplicated request: connect=false, mConnectionState=DISCONNECTED
11-08 20:05:04.573  1465  8472 D CoreBackPreview: Window{432e3f2 u0 com.symantec.mobilesecurity/com.norton.feature.appsecurity.ui.malwarefound.MalwareFoundActivity}: Setting back callback null
11-08 20:05:04.618  1465  3501 D CompatibilityChangeReporter: Compat change id reported: 161252188; UID 10240; state: DISABLED
11-08 20:05:04.625  1465  1465 E NotificationService: Muting recently noisy 0|com.symantec.mobilesecurity|1001|com.livegame.wallpapermingche|10198
11-08 20:05:04.626  1465  1465 W NotificationHistory: Attempted to add notif for locked/gone/disabled user 0
11-08 20:05:04.641  1465  1840 E PackageManager: ERROR: could not load root hash from incremental install
11-08 20:05:04.644  1465  2012 W PackageParsing: Ignoring duplicate uses-permissions/uses-permissions-sdk-m: android.permission.ACCESS_WIFI_STATE in package: com.android.msc at: Binary XML file line #17
11-08 20:05:04.655  1465  1840 I PackageManager: Integrity check passed for file:///data/app/vmdl1960707519.tmp
11-08 20:05:04.692  1465  1840 W PackageParsing: Ignoring duplicate uses-permissions/uses-permissions-sdk-m: android.permission.ACCESS_WIFI_STATE in package: com.android.msc at: Binary XML file line #17
11-08 20:05:04.778  1465  1673 V StorageManagerService: Package null has legacy storage
11-08 20:05:04.789  1465  1840 V BackupManagerService: [UserID:0] restoreAtInstall pkg=com.android.msc token=2f restoreSet=0
11-08 20:05:04.789  1465  1840 V BackupManagerService: [UserID:0] Finishing install immediately
11-08 20:05:04.791  1465  1840 D PackageInstallerSession: Marking session 1960707519 as applied
11-08 20:05:04.801  1465  1840 D CompatibilityChangeReporter: Compat change id reported: 168419799; UID 10241; state: DISABLED
11-08 20:05:04.801  1465  1840 D CompatibilityChangeReporter: Compat change id reported: 273564678; UID 10241; state: DISABLED
11-08 20:05:04.807  1465  1687 W BroadcastQueue: u0 Receiving a broadcast in packagecom.android.buyer requires a permissions review
11-08 20:05:04.813  1465  1465 I Telecom : DefaultDialerCache: Refreshing default dialer for user 0: now com.google.android.dialer: DDC.oR@ArE
11-08 20:05:04.816  1465  1687 W BroadcastQueue: Skipping delivery: permission review required for Intent { act=android.intent.action.PACKAGE_ADDED dat=package: flg=0x4000010 (has extras) } from null (pid=1465, uid=1000) to com.android.buyer/.mRve
11-08 20:05:04.821  1465  1465 V BackupManagerConstants: getFullBackupIntervalMilliseconds(...) returns 86400000
11-08 20:05:04.821  1465  1465 V BackupManagerConstants: getFullBackupRequiredNetworkType(...) returns 2
11-08 20:05:04.821  1465  1465 V BackupManagerConstants: getFullBackupRequireCharging(...) returns true
11-08 20:05:04.827  1465  1687 W BroadcastQueue: Background execution not allowed: receiving Intent { act=android.intent.action.PACKAGE_ADDED dat=package: flg=0x4000010 (has extras) } to com.google.android.packageinstaller/com.android.packageinstaller.PackageInstalledReceiver
11-08 20:05:04.828  1465  1686 W WindowMagnificationMgr: requestConnection duplicated request: connect=false, mConnectionState=DISCONNECTED
11-08 20:05:04.832  1465  1687 W BroadcastQueue: Background execution not allowed: receiving Intent { act=android.intent.action.PACKAGE_ADDED dat=package: flg=0x4000010 (has extras) } to com.android.vending/com.google.android.finsky.packagemonitor.impl.PackageMonitorReceiverImpl$RegisteredReceiver
11-08 20:05:04.833  1465  1687 W BroadcastQueue: Background execution not allowed: receiving Intent { act=android.intent.action.PACKAGE_ADDED dat=package: flg=0x4000010 (has extras) } to com.android.vending/com.google.android.finsky.packagemonitor.backgroundimpl.BackgroundPackageMonitorReceiverImpl$RegisteredReceiver
11-08 20:05:04.833  1465  1687 W BroadcastQueue: Background execution not allowed: receiving Intent { act=android.intent.action.PACKAGE_ADDED dat=package: flg=0x4000010 (has extras) } to com.google.android.gms/.games.chimera.GamesSystemBroadcastReceiverProxy
11-08 20:05:04.833  1465  1687 W BroadcastQueue: Background execution not allowed: receiving Intent { act=android.intent.action.PACKAGE_ADDED dat=package: flg=0x4000010 (has extras) } to com.google.android.gms/.gass.chimera.PackageChangeBroadcastReceiver
11-08 20:05:04.833  1465  1687 W BroadcastQueue: Background execution not allowed: receiving Intent { act=android.intent.action.PACKAGE_ADDED dat=package: flg=0x4000010 (has extras) } to com.google.android.gms/.chimera.GmsIntentOperationService$PersistentTrustedReceiver
11-08 20:05:04.833  1465  1687 W BroadcastQueue: u0 Receiving a broadcast in packagecom.cncd.japan.janli.shudu requires a permissions review
11-08 20:05:04.833  1465  1687 W BroadcastQueue: Skipping delivery: permission review required for Intent { act=android.intent.action.PACKAGE_ADDED dat=package: flg=0x4000010 (has extras) } from null (pid=1465, uid=1000) to com.cncd.japan.janli.shudu/net.l.k.r
11-08 20:05:04.833  1465  1687 W BroadcastQueue: u0 Receiving a broadcast in packagecom.cncd.japan.janli.shudu requires a permissions review
11-08 20:05:04.833  1465  1687 W BroadcastQueue: Skipping delivery: permission review required for Intent { act=android.intent.action.PACKAGE_ADDED dat=package: flg=0x4000010 (has extras) } from null (pid=1465, uid=1000) to com.cncd.japan.janli.shudu/com.feiwofour.coverscreen.SR
11-08 20:05:04.833  1465  1687 W BroadcastQueue: u0 Receiving a broadcast in packagecom.games.mengmeizhitd requires a permissions review
11-08 20:05:04.833  1465  1687 W BroadcastQueue: Skipping delivery: permission review required for Intent { act=android.intent.action.PACKAGE_ADDED dat=package: flg=0x4000010 (has extras) } from null (pid=1465, uid=1000) to com.games.mengmeizhitd/hjnw.ihjnw.i.isqly
11-08 20:05:04.833  1465  1687 W BroadcastQueue: u0 Receiving a broadcast in packagecom.hgperfko.yaeghrwx requires a permissions review
11-08 20:05:04.833  1465  1687 W BroadcastQueue: Skipping delivery: permission review required for Intent { act=android.intent.action.PACKAGE_ADDED dat=package: flg=0x4000010 (has extras) } from null (pid=1465, uid=1000) to com.hgperfko.yaeghrwx/.core.hLytdCQDBv
11-08 20:05:04.833  1465  1687 W BroadcastQueue: u0 Receiving a broadcast in packagecom.qiuqiu.dfmc requires a permissions review
11-08 20:05:04.833  1465  1687 W BroadcastQueue: Skipping delivery: permission review required for Intent { act=android.intent.action.PACKAGE_ADDED dat=package: flg=0x4000010 (has extras) } from null (pid=1465, uid=1000) to com.qiuqiu.dfmc/cn.jpush.android.service.PushReceiver
11-08 20:05:04.833  1465  1687 W BroadcastQueue: u0 Receiving a broadcast in packagecom.safesys.viruskiller requires a permissions review
11-08 20:05:04.833  1465  1687 W BroadcastQueue: Skipping delivery: permission review required for Intent { act=android.intent.action.PACKAGE_ADDED dat=package: flg=0x4000010 (has extras) } from null (pid=1465, uid=1000) to com.safesys.viruskiller/.ScanPackageBroadcast
11-08 20:05:04.833  1465  1687 W BroadcastQueue: u0 Receiving a broadcast in packagecom.uc108.mobile.sdgj.bd1 requires a permissions review
11-08 20:05:04.833  1465  1687 W BroadcastQueue: Skipping delivery: permission review required for Intent { act=android.intent.action.PACKAGE_ADDED dat=package: flg=0x4000010 (has extras) } from null (pid=1465, uid=1000) to com.uc108.mobile.sdgj.bd1/com.baidu.tiebasdk.service.InstallReceiver
11-08 20:05:04.833  1465  1687 W BroadcastQueue: u0 Receiving a broadcast in packageio.dcloud.H5BC6BF13 requires a permissions review
11-08 20:05:04.833  1465  1687 W BroadcastQueue: Skipping delivery: permission review required for Intent { act=android.intent.action.PACKAGE_ADDED dat=package: flg=0x4000010 (has extras) } from null (pid=1465, uid=1000) to io.dcloud.H5BC6BF13/io.dcloud.common.adapter.io.DownloadReceiver
11-08 20:05:04.859  1465  1960 D CompatibilityChangeReporter: Compat change id reported: 218533173; UID 10241; state: DISABLED
11-08 20:05:04.862  1465  1465 I Telecom : DefaultDialerCache: Refreshing default dialer for user 0: now com.google.android.dialer: DDC.oR@ArQ
11-08 20:05:04.867  1465  3437 W BackupTransportManager: Package com.android.msc enabled setting: 0
11-08 20:05:04.887  1465  1836 E VerityUtils: Failed to measure fs-verity, errno 1: /data/app/~~TRGLRQNaQatAdBFuG4oyMQ==/com.android.msc-0WT_hWaB-RCAgFM27ysZUw==/base.apk
11-08 20:05:04.911  1465  9217 D CompatibilityChangeReporter: Compat change id reported: 161252188; UID 10241; state: DISABLED
11-08 20:05:04.932  1465  1686 W PackageManager: Failed registering loading progress callback. Package is fully loaded.
11-08 20:05:04.954  1465  1686 W WindowMagnificationMgr: requestConnection duplicated request: connect=false, mConnectionState=DISCONNECTED
11-08 20:05:05.351  1465  8740 I ActivityTaskManager: START u0 {flg=0x14000000 cmp=com.symantec.mobilesecurity/com.norton.feature.appsecurity.ui.malwarefound.MalwareFoundActivity (has extras)} from uid 10198
11-08 20:05:05.371  1465  8740 W ActivityTaskManager: Tried to set launchTime (0) < mLastActivityLaunchTime (1198399)
11-08 20:05:05.416  1465  2018 D CoreBackPreview: Window{fe73385 u0 com.symantec.mobilesecurity/com.norton.feature.appsecurity.ui.malwarefound.MalwareFoundActivity}: Setting back callback OnBackInvokedCallbackInfo{mCallback=android.window.IOnBackInvokedCallback$Stub$Proxy@2d83a0b, mPriority=0}
11-08 20:05:05.453  1465  1840 E PackageManager: ERROR: could not load root hash from incremental install
11-08 20:05:05.456  1465  2012 W PackageParsing: Ignoring duplicate uses-permissions/uses-permissions-sdk-m: android.permission.INTERNET in package: com.jr.narutoii at: Binary XML file line #10
11-08 20:05:05.456  1465  2012 W PackageParsing: Ignoring duplicate uses-permissions/uses-permissions-sdk-m: android.permission.ACCESS_NETWORK_STATE in package: com.jr.narutoii at: Binary XML file line #11
11-08 20:05:05.456  1465  2012 W PackageParsing: Ignoring duplicate uses-permissions/uses-permissions-sdk-m: android.permission.MOUNT_UNMOUNT_FILESYSTEMS in package: com.jr.narutoii at: Binary XML file line #13
11-08 20:05:05.456  1465  2012 W PackageParsing: Ignoring duplicate uses-permissions/uses-permissions-sdk-m: android.permission.WRITE_EXTERNAL_STORAGE in package: com.jr.narutoii at: Binary XML file line #14
11-08 20:05:05.456  1465  2012 W PackageParsing: Ignoring duplicate uses-permissions/uses-permissions-sdk-m: android.permission.INTERNET in package: com.jr.narutoii at: Binary XML file line #20
11-08 20:05:05.456  1465  2012 W PackageParsing: Ignoring duplicate uses-permissions/uses-permissions-sdk-m: android.permission.ACCESS_NETWORK_STATE in package: com.jr.narutoii at: Binary XML file line #21
11-08 20:05:05.456  1465  2012 W PackageParsing: Ignoring duplicate uses-permissions/uses-permissions-sdk-m: android.permission.READ_PHONE_STATE in package: com.jr.narutoii at: Binary XML file line #22
11-08 20:05:05.456  1465  2012 W PackageParsing: Ignoring duplicate uses-permissions/uses-permissions-sdk-m: android.permission.READ_PHONE_STATE in package: com.jr.narutoii at: Binary XML file line #35
11-08 20:05:05.456  1465  2012 W PackageParsing: Ignoring duplicate uses-permissions/uses-permissions-sdk-m: android.permission.ACCESS_NETWORK_STATE in package: com.jr.narutoii at: Binary XML file line #36
11-08 20:05:05.456  1465  2012 W PackageParsing: Ignoring duplicate uses-permissions/uses-permissions-sdk-m: android.permission.ACCESS_WIFI_STATE in package: com.jr.narutoii at: Binary XML file line #37
11-08 20:05:05.456  1465  2012 W PackageParsing: Ignoring duplicate uses-permissions/uses-permissions-sdk-m: android.permission.INTERNET in package: com.jr.narutoii at: Binary XML file line #38
11-08 20:05:05.456  1465  2012 W PackageParsing: Ignoring duplicate uses-permissions/uses-permissions-sdk-m: android.permission.WRITE_EXTERNAL_STORAGE in package: com.jr.narutoii at: Binary XML file line #39
11-08 20:05:05.456  1465  2012 W PackageParsing: Ignoring duplicate uses-permissions/uses-permissions-sdk-m: android.permission.READ_SMS in package: com.jr.narutoii at: Binary XML file line #48
11-08 20:05:05.456  1465  2012 W PackageParsing: Ignoring duplicate uses-permissions/uses-permissions-sdk-m: android.permission.SEND_SMS in package: com.jr.narutoii at: Binary XML file line #49
11-08 20:05:05.456  1465  2012 W PackageParsing: Ignoring duplicate uses-permissions/uses-permissions-sdk-m: android.permission.WRITE_SMS in package: com.jr.narutoii at: Binary XML file line #50
11-08 20:05:05.456  1465  2012 W PackageParsing: Ignoring duplicate uses-permissions/uses-permissions-sdk-m: android.permission.VIBRATE in package: com.jr.narutoii at: Binary XML file line #51
11-08 20:05:05.456  1465  2012 W PackageParsing: Ignoring duplicate uses-permissions/uses-permissions-sdk-m: android.permission.RECEIVE_BOOT_COMPLETED in package: com.jr.narutoii at: Binary XML file line #55
11-08 20:05:05.457  1465  2012 W PackageParsing: Ignoring duplicate uses-permissions/uses-permissions-sdk-m: android.permission.INTERNET in package: com.jr.narutoii at: Binary XML file line #142
11-08 20:05:05.465  1465  2124 D CoreBackPreview: Window{b25087d u0 com.symantec.mobilesecurity/com.norton.feature.appsecurity.ui.malwarefound.MalwareFoundActivity}: Setting back callback null
11-08 20:05:05.474  1465  1840 I PackageManager: Integrity check passed for file:///data/app/vmdl1522007532.tmp
11-08 20:05:05.481  1465  1840 W PackageParsing: Ignoring duplicate uses-permissions/uses-permissions-sdk-m: android.permission.INTERNET in package: com.jr.narutoii at: Binary XML file line #10
11-08 20:05:05.481  1465  1840 W PackageParsing: Ignoring duplicate uses-permissions/uses-permissions-sdk-m: android.permission.ACCESS_NETWORK_STATE in package: com.jr.narutoii at: Binary XML file line #11
11-08 20:05:05.481  1465  1840 W PackageParsing: Ignoring duplicate uses-permissions/uses-permissions-sdk-m: android.permission.MOUNT_UNMOUNT_FILESYSTEMS in package: com.jr.narutoii at: Binary XML file line #13
11-08 20:05:05.481  1465  1840 W PackageParsing: Ignoring duplicate uses-permissions/uses-permissions-sdk-m: android.permission.WRITE_EXTERNAL_STORAGE in package: com.jr.narutoii at: Binary XML file line #14
11-08 20:05:05.481  1465  1840 W PackageParsing: Ignoring duplicate uses-permissions/uses-permissions-sdk-m: android.permission.INTERNET in package: com.jr.narutoii at: Binary XML file line #20
11-08 20:05:05.481  1465  1840 W PackageParsing: Ignoring duplicate uses-permissions/uses-permissions-sdk-m: android.permission.ACCESS_NETWORK_STATE in package: com.jr.narutoii at: Binary XML file line #21
11-08 20:05:05.482  1465  1840 W PackageParsing: Ignoring duplicate uses-permissions/uses-permissions-sdk-m: android.permission.READ_PHONE_STATE in package: com.jr.narutoii at: Binary XML file line #22
11-08 20:05:05.482  1465  1840 W PackageParsing: Ignoring duplicate uses-permissions/uses-permissions-sdk-m: android.permission.READ_PHONE_STATE in package: com.jr.narutoii at: Binary XML file line #35
11-08 20:05:05.482  1465  1840 W PackageParsing: Ignoring duplicate uses-permissions/uses-permissions-sdk-m: android.permission.ACCESS_NETWORK_STATE in package: com.jr.narutoii at: Binary XML file line #36
11-08 20:05:05.482  1465  1840 W PackageParsing: Ignoring duplicate uses-permissions/uses-permissions-sdk-m: android.permission.ACCESS_WIFI_STATE in package: com.jr.narutoii at: Binary XML file line #37
11-08 20:05:05.482  1465  1840 W PackageParsing: Ignoring duplicate uses-permissions/uses-permissions-sdk-m: android.permission.INTERNET in package: com.jr.narutoii at: Binary XML file line #38
11-08 20:05:05.482  1465  1840 W PackageParsing: Ignoring duplicate uses-permissions/uses-permissions-sdk-m: android.permission.WRITE_EXTERNAL_STORAGE in package: com.jr.narutoii at: Binary XML file line #39
11-08 20:05:05.482  1465  1840 W PackageParsing: Ignoring duplicate uses-permissions/uses-permissions-sdk-m: android.permission.READ_SMS in package: com.jr.narutoii at: Binary XML file line #48
11-08 20:05:05.482  1465  1840 W PackageParsing: Ignoring duplicate uses-permissions/uses-permissions-sdk-m: android.permission.SEND_SMS in package: com.jr.narutoii at: Binary XML file line #49
11-08 20:05:05.482  1465  1840 W PackageParsing: Ignoring duplicate uses-permissions/uses-permissions-sdk-m: android.permission.WRITE_SMS in package: com.jr.narutoii at: Binary XML file line #50
11-08 20:05:05.482  1465  1840 W PackageParsing: Ignoring duplicate uses-permissions/uses-permissions-sdk-m: android.permission.VIBRATE in package: com.jr.narutoii at: Binary XML file line #51
11-08 20:05:05.482  1465  1840 W PackageParsing: Ignoring duplicate uses-permissions/uses-permissions-sdk-m: android.permission.RECEIVE_BOOT_COMPLETED in package: com.jr.narutoii at: Binary XML file line #55
11-08 20:05:05.484  1465  1840 W PackageParsing: Ignoring duplicate uses-permissions/uses-permissions-sdk-m: android.permission.INTERNET in package: com.jr.narutoii at: Binary XML file line #142
11-08 20:05:05.571  1465  1673 V StorageManagerService: Package null has legacy storage
11-08 20:05:05.579  1465  1465 W NotificationHistory: Attempted to add notif for locked/gone/disabled user 0
11-08 20:05:05.595  1465  8740 I ActivityManager: Background started FGS: Allowed [callingPackage: com.google.android.apps.wellbeing; callingUid: 10121; uidState: BFGS; intent: Intent { cmp=com.google.android.apps.wellbeing/com.google.apps.tiktok.concurrent.InternalForegroundService (has extras) }; code:BACKGROUND_ACTIVITY_PERMISSION; tempAllowListReason:<null>; targetSdkVersion:34; callerTargetSdkVersion:34; startForegroundCount:0; bindFromPackage:null]
11-08 20:05:05.720  1465  1840 V BackupManagerService: [UserID:0] restoreAtInstall pkg=com.jr.narutoii token=30 restoreSet=0
11-08 20:05:05.720  1465  1840 V BackupManagerService: [UserID:0] Finishing install immediately
11-08 20:05:05.723  1465  1840 D PackageInstallerSession: Marking session 1522007532 as applied
11-08 20:05:05.728  1465  1840 D CompatibilityChangeReporter: Compat change id reported: 168419799; UID 10242; state: DISABLED
11-08 20:05:05.728  1465  1840 D CompatibilityChangeReporter: Compat change id reported: 273564678; UID 10242; state: DISABLED
11-08 20:05:05.732  1465  1687 W BroadcastQueue: u0 Receiving a broadcast in packagecom.android.buyer requires a permissions review
11-08 20:05:05.732  1465  1687 W BroadcastQueue: Skipping delivery: permission review required for Intent { act=android.intent.action.PACKAGE_ADDED dat=package: flg=0x4000010 (has extras) } from null (pid=1465, uid=1000) to com.android.buyer/.mRve
11-08 20:05:05.732  1465  1687 W BroadcastQueue: Background execution not allowed: receiving Intent { act=android.intent.action.PACKAGE_ADDED dat=package: flg=0x4000010 (has extras) } to com.google.android.packageinstaller/com.android.packageinstaller.PackageInstalledReceiver
11-08 20:05:05.732  1465  1687 W BroadcastQueue: Background execution not allowed: receiving Intent { act=android.intent.action.PACKAGE_ADDED dat=package: flg=0x4000010 (has extras) } to com.android.vending/com.google.android.finsky.packagemonitor.impl.PackageMonitorReceiverImpl$RegisteredReceiver
11-08 20:05:05.732  1465  1687 W BroadcastQueue: Background execution not allowed: receiving Intent { act=android.intent.action.PACKAGE_ADDED dat=package: flg=0x4000010 (has extras) } to com.android.vending/com.google.android.finsky.packagemonitor.backgroundimpl.BackgroundPackageMonitorReceiverImpl$RegisteredReceiver
11-08 20:05:05.732  1465  1687 W BroadcastQueue: Background execution not allowed: receiving Intent { act=android.intent.action.PACKAGE_ADDED dat=package: flg=0x4000010 (has extras) } to com.google.android.gms/.games.chimera.GamesSystemBroadcastReceiverProxy
11-08 20:05:05.732  1465  1687 W BroadcastQueue: Background execution not allowed: receiving Intent { act=android.intent.action.PACKAGE_ADDED dat=package: flg=0x4000010 (has extras) } to com.google.android.gms/.gass.chimera.PackageChangeBroadcastReceiver
11-08 20:05:05.732  1465  1687 W BroadcastQueue: Background execution not allowed: receiving Intent { act=android.intent.action.PACKAGE_ADDED dat=package: flg=0x4000010 (has extras) } to com.google.android.gms/.chimera.GmsIntentOperationService$PersistentTrustedReceiver
11-08 20:05:05.732  1465  1687 W BroadcastQueue: u0 Receiving a broadcast in packagecom.cncd.japan.janli.shudu requires a permissions review
11-08 20:05:05.732  1465  1687 W BroadcastQueue: Skipping delivery: permission review required for Intent { act=android.intent.action.PACKAGE_ADDED dat=package: flg=0x4000010 (has extras) } from null (pid=1465, uid=1000) to com.cncd.japan.janli.shudu/net.l.k.r
11-08 20:05:05.732  1465  1687 W BroadcastQueue: u0 Receiving a broadcast in packagecom.cncd.japan.janli.shudu requires a permissions review
11-08 20:05:05.732  1465  1687 W BroadcastQueue: Skipping delivery: permission review required for Intent { act=android.intent.action.PACKAGE_ADDED dat=package: flg=0x4000010 (has extras) } from null (pid=1465, uid=1000) to com.cncd.japan.janli.shudu/com.feiwofour.coverscreen.SR
11-08 20:05:05.733  1465  1687 W BroadcastQueue: u0 Receiving a broadcast in packagecom.games.mengmeizhitd requires a permissions review
11-08 20:05:05.733  1465  1687 W BroadcastQueue: Skipping delivery: permission review required for Intent { act=android.intent.action.PACKAGE_ADDED dat=package: flg=0x4000010 (has extras) } from null (pid=1465, uid=1000) to com.games.mengmeizhitd/hjnw.ihjnw.i.isqly
11-08 20:05:05.733  1465  1687 W BroadcastQueue: u0 Receiving a broadcast in packagecom.hgperfko.yaeghrwx requires a permissions review
11-08 20:05:05.733  1465  1687 W BroadcastQueue: Skipping delivery: permission review required for Intent { act=android.intent.action.PACKAGE_ADDED dat=package: flg=0x4000010 (has extras) } from null (pid=1465, uid=1000) to com.hgperfko.yaeghrwx/.core.hLytdCQDBv
11-08 20:05:05.733  1465  1687 W BroadcastQueue: u0 Receiving a broadcast in packagecom.qiuqiu.dfmc requires a permissions review
11-08 20:05:05.733  1465  1687 W BroadcastQueue: Skipping delivery: permission review required for Intent { act=android.intent.action.PACKAGE_ADDED dat=package: flg=0x4000010 (has extras) } from null (pid=1465, uid=1000) to com.qiuqiu.dfmc/cn.jpush.android.service.PushReceiver
11-08 20:05:05.733  1465  1687 W BroadcastQueue: u0 Receiving a broadcast in packagecom.safesys.viruskiller requires a permissions review
11-08 20:05:05.733  1465  1687 W BroadcastQueue: Skipping delivery: permission review required for Intent { act=android.intent.action.PACKAGE_ADDED dat=package: flg=0x4000010 (has extras) } from null (pid=1465, uid=1000) to com.safesys.viruskiller/.ScanPackageBroadcast
11-08 20:05:05.733  1465  1687 W BroadcastQueue: u0 Receiving a broadcast in packagecom.uc108.mobile.sdgj.bd1 requires a permissions review
11-08 20:05:05.733  1465  1687 W BroadcastQueue: Skipping delivery: permission review required for Intent { act=android.intent.action.PACKAGE_ADDED dat=package: flg=0x4000010 (has extras) } from null (pid=1465, uid=1000) to com.uc108.mobile.sdgj.bd1/com.baidu.tiebasdk.service.InstallReceiver
11-08 20:05:05.733  1465  1687 W BroadcastQueue: u0 Receiving a broadcast in packageio.dcloud.H5BC6BF13 requires a permissions review
11-08 20:05:05.733  1465  1687 W BroadcastQueue: Skipping delivery: permission review required for Intent { act=android.intent.action.PACKAGE_ADDED dat=package: flg=0x4000010 (has extras) } from null (pid=1465, uid=1000) to io.dcloud.H5BC6BF13/io.dcloud.common.adapter.io.DownloadReceiver
11-08 20:05:05.738  1465  1465 I Telecom : DefaultDialerCache: Refreshing default dialer for user 0: now com.google.android.dialer: DDC.oR@Arc
11-08 20:05:05.743  1465  1465 V BackupManagerConstants: getFullBackupIntervalMilliseconds(...) returns 86400000
11-08 20:05:05.743  1465  1465 V BackupManagerConstants: getFullBackupRequiredNetworkType(...) returns 2
11-08 20:05:05.743  1465  1465 V BackupManagerConstants: getFullBackupRequireCharging(...) returns true
11-08 20:05:05.768  1465  1686 W WindowMagnificationMgr: requestConnection duplicated request: connect=false, mConnectionState=DISCONNECTED
11-08 20:05:05.772  1465  1960 D CompatibilityChangeReporter: Compat change id reported: 218533173; UID 10242; state: DISABLED
11-08 20:05:05.777  1465  1465 I Telecom : DefaultDialerCache: Refreshing default dialer for user 0: now com.google.android.dialer: DDC.oR@Arg
11-08 20:05:05.777  1465  3437 W BackupTransportManager: Package com.jr.narutoii enabled setting: 0
11-08 20:05:05.805  1465  1465 I NotificationService: Cannot find enqueued record for key: 0|com.google.android.apps.wellbeing|174344743|null|10121
11-08 20:05:05.817  1465  1686 W PackageManager: Failed registering loading progress callback. Package is fully loaded.
11-08 20:05:05.823  1465  1836 E VerityUtils: Failed to measure fs-verity, errno 1: /data/app/~~0fIXd9Ydz80oIPTb6cz-QA==/com.jr.narutoii-FEPF2kogoYWLCxRv44u5WA==/base.apk
11-08 20:05:05.826  1465  1686 W WindowMagnificationMgr: requestConnection duplicated request: connect=false, mConnectionState=DISCONNECTED
11-08 20:05:05.830  1465  2124 D CompatibilityChangeReporter: Compat change id reported: 161252188; UID 10242; state: DISABLED
11-08 20:05:05.867  1465  1840 E PackageManager: ERROR: could not load root hash from incremental install
11-08 20:05:05.869  1465  2012 W PackageParsing: Ignoring duplicate uses-permissions/uses-permissions-sdk-m: android.permission.DISABLE_KEYGUARD in package: xoin.sctqi.crejg at: Binary XML file line #24
11-08 20:05:05.877  1465  1840 I PackageManager: Integrity check passed for file:///data/app/vmdl884128295.tmp
11-08 20:05:05.909  1465  1840 W PackageParsing: Ignoring duplicate uses-permissions/uses-permissions-sdk-m: android.permission.DISABLE_KEYGUARD in package: xoin.sctqi.crejg at: Binary XML file line #24
11-08 20:05:05.976  1465  1673 V StorageManagerService: Package null has legacy storage
11-08 20:05:06.108  1465  1840 V BackupManagerService: [UserID:0] restoreAtInstall pkg=xoin.sctqi.crejg token=31 restoreSet=0
11-08 20:05:06.113  1465  1840 V BackupManagerService: [UserID:0] Finishing install immediately
11-08 20:05:06.115  1465  1840 D PackageInstallerSession: Marking session 884128295 as applied
