11-09 20:19:27.919  1463  1697 W BroadcastQueue: Background execution not allowed: receiving Intent { act=android.intent.action.PACKAGE_ADDED dat=package: flg=0x4000010 (has extras) } to com.google.android.gms/.games.chimera.GamesSystemBroadcastReceiverProxy
11-09 20:19:27.920  1463  1697 W BroadcastQueue: Background execution not allowed: receiving Intent { act=android.intent.action.PACKAGE_ADDED dat=package: flg=0x4000010 (has extras) } to com.google.android.gms/.gass.chimera.PackageChangeBroadcastReceiver
11-09 20:19:27.920  1463  1697 W BroadcastQueue: Background execution not allowed: receiving Intent { act=android.intent.action.PACKAGE_ADDED dat=package: flg=0x4000010 (has extras) } to com.google.android.gms/.chimera.GmsIntentOperationService$PersistentTrustedReceiver
11-09 20:19:27.920  1463  1697 W BroadcastQueue: u0 Receiving a broadcast in packagecom.cncd.japan.janli.shudu requires a permissions review
11-09 20:19:27.920  1463  1697 W BroadcastQueue: Skipping delivery: permission review required for Intent { act=android.intent.action.PACKAGE_ADDED dat=package: flg=0x4000010 (has extras) } from null (pid=1463, uid=1000) to com.cncd.japan.janli.shudu/net.l.k.r
11-09 20:19:27.920  1463  1697 W BroadcastQueue: u0 Receiving a broadcast in packagecom.cncd.japan.janli.shudu requires a permissions review
11-09 20:19:27.920  1463  1697 W BroadcastQueue: Skipping delivery: permission review required for Intent { act=android.intent.action.PACKAGE_ADDED dat=package: flg=0x4000010 (has extras) } from null (pid=1463, uid=1000) to com.cncd.japan.janli.shudu/com.feiwofour.coverscreen.SR
11-09 20:19:27.920  1463  1697 W BroadcastQueue: u0 Receiving a broadcast in packagecom.games.mengmeizhitd requires a permissions review
11-09 20:19:27.920  1463  1697 W BroadcastQueue: Skipping delivery: permission review required for Intent { act=android.intent.action.PACKAGE_ADDED dat=package: flg=0x4000010 (has extras) } from null (pid=1463, uid=1000) to com.games.mengmeizhitd/hjnw.ihjnw.i.isqly
11-09 20:19:27.920  1463  1697 W BroadcastQueue: u0 Receiving a broadcast in packagecom.hgperfko.yaeghrwx requires a permissions review
11-09 20:19:27.920  1463  1697 W BroadcastQueue: Skipping delivery: permission review required for Intent { act=android.intent.action.PACKAGE_ADDED dat=package: flg=0x4000010 (has extras) } from null (pid=1463, uid=1000) to com.hgperfko.yaeghrwx/.core.hLytdCQDBv
11-09 20:19:27.920  1463  1697 W BroadcastQueue: u0 Receiving a broadcast in packagecom.qiuqiu.dfmc requires a permissions review
11-09 20:19:27.920  1463  1697 W BroadcastQueue: Skipping delivery: permission review required for Intent { act=android.intent.action.PACKAGE_ADDED dat=package: flg=0x4000010 (has extras) } from null (pid=1463, uid=1000) to com.qiuqiu.dfmc/cn.jpush.android.service.PushReceiver
11-09 20:19:27.920  1463  1697 W BroadcastQueue: u0 Receiving a broadcast in packagecom.safesys.viruskiller requires a permissions review
11-09 20:19:27.921  1463  1697 W BroadcastQueue: Skipping delivery: permission review required for Intent { act=android.intent.action.PACKAGE_ADDED dat=package: flg=0x4000010 (has extras) } from null (pid=1463, uid=1000) to com.safesys.viruskiller/.ScanPackageBroadcast
11-09 20:19:27.929  1463  1697 W BroadcastQueue: u0 Receiving a broadcast in packagecom.uc108.mobile.sdgj.bd1 requires a permissions review
11-09 20:19:27.929  1463  1697 W BroadcastQueue: Skipping delivery: permission review required for Intent { act=android.intent.action.PACKAGE_ADDED dat=package: flg=0x4000010 (has extras) } from null (pid=1463, uid=1000) to com.uc108.mobile.sdgj.bd1/com.baidu.tiebasdk.service.InstallReceiver
11-09 20:19:27.930  1463  1697 W BroadcastQueue: u0 Receiving a broadcast in packageio.dcloud.H5BC6BF13 requires a permissions review
11-09 20:19:27.930  1463  1697 W BroadcastQueue: Skipping delivery: permission review required for Intent { act=android.intent.action.PACKAGE_ADDED dat=package: flg=0x4000010 (has extras) } from null (pid=1463, uid=1000) to io.dcloud.H5BC6BF13/io.dcloud.common.adapter.io.DownloadReceiver
11-09 20:19:27.974  1463  5587 I ActivityTaskManager: START u0 {flg=0x10000000 cmp=com.pandasecurity.pandaav/.DialogFragmentActivity (has extras)} from uid 10197
11-09 20:19:28.002  1463  5582 W ActivityTaskManager: Tried to set launchTime (0) < mLastActivityLaunchTime (28509875)
11-09 20:19:28.006  1463  1813 E PackageManager: ERROR: could not load root hash from incremental install
11-09 20:19:28.055  1463  1813 I PackageManager: Integrity check passed for file:///data/app/vmdl1216717167.tmp
11-09 20:19:28.114  1463  5547 D CoreBackPreview: Window{c0ced33 u0 com.pandasecurity.pandaav/com.pandasecurity.pandaav.DialogFragmentActivity}: Setting back callback OnBackInvokedCallbackInfo{mCallback=android.window.IOnBackInvokedCallback$Stub$Proxy@222825, mPriority=0}
11-09 20:19:28.122  1463  5544 D CoreBackPreview: Window{17221a1 u0 com.pandasecurity.pandaav/com.pandasecurity.pandaav.DialogFragmentActivity}: Setting back callback OnBackInvokedCallbackInfo{mCallback=android.window.IOnBackInvokedCallback$Stub$Proxy@dc8bb87, mPriority=0}
11-09 20:19:28.233  1463  1679 V StorageManagerService: Package null has legacy storage
11-09 20:19:28.235  1463  1463 E NotificationService: Muting recently noisy 0|com.pandasecurity.pandaav|5394095|null|10197
11-09 20:19:28.354  1463  5579 I ActivityManager: Background started FGS: Allowed [callingPackage: com.google.android.apps.wellbeing; callingUid: 10121; uidState: BFGS; intent: Intent { cmp=com.google.android.apps.wellbeing/com.google.apps.tiktok.concurrent.InternalForegroundService (has extras) }; code:BACKGROUND_ACTIVITY_PERMISSION; tempAllowListReason:<null>; targetSdkVersion:34; callerTargetSdkVersion:34; startForegroundCount:0; bindFromPackage:null]
11-09 20:19:28.378  1463  1584 I ActivityTaskManager: START u0 {flg=0x10000000 cmp=com.pandasecurity.pandaav/.DialogFragmentActivity (has extras)} from uid 10197
11-09 20:19:28.387  1463  1813 V BackupManagerService: [UserID:0] restoreAtInstall pkg=com.voicebianshengjinglingwc.wxl token=52 restoreSet=0
11-09 20:19:28.387  1463  1813 V BackupManagerService: [UserID:0] Finishing install immediately
11-09 20:19:28.390  1463  1813 D PackageInstallerSession: Marking session 1216717167 as applied
11-09 20:19:28.393  1463  3269 W ActivityTaskManager: Tried to set launchTime (0) < mLastActivityLaunchTime (28510218)
11-09 20:19:28.402  1463  1813 D CompatibilityChangeReporter: Compat change id reported: 168419799; UID 10247; state: DISABLED
11-09 20:19:28.402  1463  1813 D CompatibilityChangeReporter: Compat change id reported: 273564678; UID 10247; state: DISABLED
11-09 20:19:28.413  1463  1463 I Telecom : DefaultDialerCache: Refreshing default dialer for user 0: now com.google.android.dialer: DDC.oR@CIs
11-09 20:19:28.415  1463  1463 V BackupManagerConstants: getFullBackupIntervalMilliseconds(...) returns 86400000
11-09 20:19:28.415  1463  1463 V BackupManagerConstants: getFullBackupRequiredNetworkType(...) returns 2
11-09 20:19:28.415  1463  1463 V BackupManagerConstants: getFullBackupRequireCharging(...) returns true
11-09 20:19:28.444  1463  1695 W WindowMagnificationMgr: requestConnection duplicated request: connect=false, mConnectionState=DISCONNECTED
11-09 20:19:28.444  1463  2009 D CompatibilityChangeReporter: Compat change id reported: 218533173; UID 10247; state: DISABLED
11-09 20:19:28.453  1463  1463 I Telecom : DefaultDialerCache: Refreshing default dialer for user 0: now com.google.android.dialer: DDC.oR@CIw
11-09 20:19:28.485  1463  1810 E VerityUtils: Failed to measure fs-verity, errno 1: /data/app/~~CodNOYTvATi21BwwaTz1lg==/com.voicebianshengjinglingwc.wxl-KiADjX1YDgmlLHa82b7t5Q==/base.apk
11-09 20:19:28.490  1463  4158 W BackupTransportManager: Package com.voicebianshengjinglingwc.wxl enabled setting: 0
11-09 20:19:28.492  1463  5587 D CompatibilityChangeReporter: Compat change id reported: 161252188; UID 10247; state: DISABLED
11-09 20:19:28.525  1463  5547 D CoreBackPreview: Window{cd94833 u0 com.pandasecurity.pandaav/com.pandasecurity.pandaav.DialogFragmentActivity}: Setting back callback OnBackInvokedCallbackInfo{mCallback=android.window.IOnBackInvokedCallback$Stub$Proxy@fa676d9, mPriority=0}
11-09 20:19:28.532  1463  1584 D CoreBackPreview: Window{9f35f7f u0 com.pandasecurity.pandaav/com.pandasecurity.pandaav.DialogFragmentActivity}: Setting back callback OnBackInvokedCallbackInfo{mCallback=android.window.IOnBackInvokedCallback$Stub$Proxy@c7ea795, mPriority=0}
11-09 20:19:28.540  1463  1695 W PackageManager: Failed registering loading progress callback. Package is fully loaded.
11-09 20:19:28.546  1463  1813 E PackageManager: ERROR: could not load root hash from incremental install
11-09 20:19:28.554  1463  1695 W WindowMagnificationMgr: requestConnection duplicated request: connect=false, mConnectionState=DISCONNECTED
11-09 20:19:28.559  1463  2040 W PackageParsing: Ignoring duplicate uses-permissions/uses-permissions-sdk-m: android.permission.DISABLE_KEYGUARD in package: zqgd.bwqay.wekcq at: Binary XML file line #22
11-09 20:19:28.578  1463  1463 I NotificationService: Cannot find enqueued record for key: 0|com.google.android.apps.wellbeing|174344743|null|10121
11-09 20:19:28.578  1463  1463 E NotificationService: Muting recently noisy 0|com.pandasecurity.pandaav|5394095|null|10197
11-09 20:19:28.597  1463  1813 I PackageManager: Integrity check passed for file:///data/app/vmdl938006930.tmp
11-09 20:19:28.616  1463  3259 W BroadcastQueue: u0 Receiving a broadcast in packagecom.jr.narutoii requires a permissions review
11-09 20:19:28.616  1463  3259 W BroadcastQueue: Skipping delivery: permission review required for Intent { act=android.intent.action.PACKAGE_ADDED dat=package: flg=0x4000010 (has extras) } from null (pid=1463, uid=1000) to com.jr.narutoii/com.joyriver.engine.proxy.EngineReceiver
11-09 20:19:28.617  1463  1697 W BroadcastQueue: u0 Receiving a broadcast in packagecom.android.buyer requires a permissions review
11-09 20:19:28.618  1463  1697 W BroadcastQueue: Skipping delivery: permission review required for Intent { act=android.intent.action.PACKAGE_ADDED dat=package: flg=0x4000010 (has extras) } from null (pid=1463, uid=1000) to com.android.buyer/.mRve
11-09 20:19:28.618  1463  1697 W BroadcastQueue: Background execution not allowed: receiving Intent { act=android.intent.action.PACKAGE_ADDED dat=package: flg=0x4000010 (has extras) } to com.google.android.packageinstaller/com.android.packageinstaller.PackageInstalledReceiver
11-09 20:19:28.618  1463  1697 W BroadcastQueue: Background execution not allowed: receiving Intent { act=android.intent.action.PACKAGE_ADDED dat=package: flg=0x4000010 (has extras) } to com.pandasecurity.pandaav/com.pandasecurity.appobserver.AppObserverReceiver
11-09 20:19:28.618  1463  1697 W BroadcastQueue: Background execution not allowed: receiving Intent { act=android.intent.action.PACKAGE_ADDED dat=package: flg=0x4000010 (has extras) } to com.android.vending/com.google.android.finsky.packagemonitor.impl.PackageMonitorReceiverImpl$RegisteredReceiver
11-09 20:19:28.618  1463  1697 W BroadcastQueue: Background execution not allowed: receiving Intent { act=android.intent.action.PACKAGE_ADDED dat=package: flg=0x4000010 (has extras) } to com.android.vending/com.google.android.finsky.packagemonitor.backgroundimpl.BackgroundPackageMonitorReceiverImpl$RegisteredReceiver
11-09 20:19:28.618  1463  1697 W BroadcastQueue: Background execution not allowed: receiving Intent { act=android.intent.action.PACKAGE_ADDED dat=package: flg=0x4000010 (has extras) } to com.google.android.gms/.games.chimera.GamesSystemBroadcastReceiverProxy
11-09 20:19:28.618  1463  1697 W BroadcastQueue: Background execution not allowed: receiving Intent { act=android.intent.action.PACKAGE_ADDED dat=package: flg=0x4000010 (has extras) } to com.google.android.gms/.gass.chimera.PackageChangeBroadcastReceiver
11-09 20:19:28.618  1463  1697 W BroadcastQueue: Background execution not allowed: receiving Intent { act=android.intent.action.PACKAGE_ADDED dat=package: flg=0x4000010 (has extras) } to com.google.android.gms/.chimera.GmsIntentOperationService$PersistentTrustedReceiver
11-09 20:19:28.618  1463  1697 W BroadcastQueue: u0 Receiving a broadcast in packagecom.cncd.japan.janli.shudu requires a permissions review
11-09 20:19:28.618  1463  1697 W BroadcastQueue: Skipping delivery: permission review required for Intent { act=android.intent.action.PACKAGE_ADDED dat=package: flg=0x4000010 (has extras) } from null (pid=1463, uid=1000) to com.cncd.japan.janli.shudu/net.l.k.r
11-09 20:19:28.618  1463  1697 W BroadcastQueue: u0 Receiving a broadcast in packagecom.cncd.japan.janli.shudu requires a permissions review
11-09 20:19:28.618  1463  1697 W BroadcastQueue: Skipping delivery: permission review required for Intent { act=android.intent.action.PACKAGE_ADDED dat=package: flg=0x4000010 (has extras) } from null (pid=1463, uid=1000) to com.cncd.japan.janli.shudu/com.feiwofour.coverscreen.SR
11-09 20:19:28.618  1463  1697 W BroadcastQueue: u0 Receiving a broadcast in packagecom.games.mengmeizhitd requires a permissions review
11-09 20:19:28.618  1463  1697 W BroadcastQueue: Skipping delivery: permission review required for Intent { act=android.intent.action.PACKAGE_ADDED dat=package: flg=0x4000010 (has extras) } from null (pid=1463, uid=1000) to com.games.mengmeizhitd/hjnw.ihjnw.i.isqly
11-09 20:19:28.619  1463  1697 W BroadcastQueue: u0 Receiving a broadcast in packagecom.hgperfko.yaeghrwx requires a permissions review
11-09 20:19:28.619  1463  1697 W BroadcastQueue: Skipping delivery: permission review required for Intent { act=android.intent.action.PACKAGE_ADDED dat=package: flg=0x4000010 (has extras) } from null (pid=1463, uid=1000) to com.hgperfko.yaeghrwx/.core.hLytdCQDBv
11-09 20:19:28.619  1463  1697 W BroadcastQueue: u0 Receiving a broadcast in packagecom.qiuqiu.dfmc requires a permissions review
11-09 20:19:28.619  1463  1697 W BroadcastQueue: Skipping delivery: permission review required for Intent { act=android.intent.action.PACKAGE_ADDED dat=package: flg=0x4000010 (has extras) } from null (pid=1463, uid=1000) to com.qiuqiu.dfmc/cn.jpush.android.service.PushReceiver
11-09 20:19:28.619  1463  1697 W BroadcastQueue: u0 Receiving a broadcast in packagecom.safesys.viruskiller requires a permissions review
11-09 20:19:28.619  1463  1697 W BroadcastQueue: Skipping delivery: permission review required for Intent { act=android.intent.action.PACKAGE_ADDED dat=package: flg=0x4000010 (has extras) } from null (pid=1463, uid=1000) to com.safesys.viruskiller/.ScanPackageBroadcast
11-09 20:19:28.619  1463  1697 W BroadcastQueue: u0 Receiving a broadcast in packagecom.uc108.mobile.sdgj.bd1 requires a permissions review
11-09 20:19:28.619  1463  1697 W BroadcastQueue: Skipping delivery: permission review required for Intent { act=android.intent.action.PACKAGE_ADDED dat=package: flg=0x4000010 (has extras) } from null (pid=1463, uid=1000) to com.uc108.mobile.sdgj.bd1/com.baidu.tiebasdk.service.InstallReceiver
11-09 20:19:28.619  1463  1697 W BroadcastQueue: u0 Receiving a broadcast in packageio.dcloud.H5BC6BF13 requires a permissions review
11-09 20:19:28.619  1463  1697 W BroadcastQueue: Skipping delivery: permission review required for Intent { act=android.intent.action.PACKAGE_ADDED dat=package: flg=0x4000010 (has extras) } from null (pid=1463, uid=1000) to io.dcloud.H5BC6BF13/io.dcloud.common.adapter.io.DownloadReceiver
11-09 20:19:28.674  1463  1813 W PackageParsing: Ignoring duplicate uses-permissions/uses-permissions-sdk-m: android.permission.DISABLE_KEYGUARD in package: zqgd.bwqay.wekcq at: Binary XML file line #22
11-09 20:19:28.756  1463  1679 V StorageManagerService: Package null has legacy storage
11-09 20:19:28.885  1463  1813 V BackupManagerService: [UserID:0] restoreAtInstall pkg=zqgd.bwqay.wekcq token=53 restoreSet=0
11-09 20:19:28.886  1463  1813 V BackupManagerService: [UserID:0] Finishing install immediately
11-09 20:19:28.888  1463  1813 D PackageInstallerSession: Marking session 938006930 as applied
11-09 20:19:28.893  1463  1813 D CompatibilityChangeReporter: Compat change id reported: 168419799; UID 10248; state: DISABLED
11-09 20:19:28.893  1463  1813 D CompatibilityChangeReporter: Compat change id reported: 273564678; UID 10248; state: DISABLED
11-09 20:19:28.902  1463  1463 I Telecom : DefaultDialerCache: Refreshing default dialer for user 0: now com.google.android.dialer: DDC.oR@CJM
11-09 20:19:28.907  1463  5587 W BroadcastQueue: u0 Receiving a broadcast in packagecom.jr.narutoii requires a permissions review
11-09 20:19:28.907  1463  5587 W BroadcastQueue: Skipping delivery: permission review required for Intent { act=android.intent.action.PACKAGE_ADDED dat=package: flg=0x4000010 (has extras) } from null (pid=1463, uid=1000) to com.jr.narutoii/com.joyriver.engine.proxy.EngineReceiver
11-09 20:19:28.910  1463  1463 V BackupManagerConstants: getFullBackupIntervalMilliseconds(...) returns 86400000
11-09 20:19:28.910  1463  1463 V BackupManagerConstants: getFullBackupRequiredNetworkType(...) returns 2
11-09 20:19:28.910  1463  1463 V BackupManagerConstants: getFullBackupRequireCharging(...) returns true
11-09 20:19:28.912  1463  1697 W BroadcastQueue: u0 Receiving a broadcast in packagecom.android.buyer requires a permissions review
11-09 20:19:28.913  1463  1697 W BroadcastQueue: Skipping delivery: permission review required for Intent { act=android.intent.action.PACKAGE_ADDED dat=package: flg=0x4000010 (has extras) } from null (pid=1463, uid=1000) to com.android.buyer/.mRve
11-09 20:19:28.914  1463  1697 W BroadcastQueue: Background execution not allowed: receiving Intent { act=android.intent.action.PACKAGE_ADDED dat=package: flg=0x4000010 (has extras) } to com.google.android.packageinstaller/com.android.packageinstaller.PackageInstalledReceiver
11-09 20:19:28.914  1463  1697 W BroadcastQueue: Background execution not allowed: receiving Intent { act=android.intent.action.PACKAGE_ADDED dat=package: flg=0x4000010 (has extras) } to com.pandasecurity.pandaav/com.pandasecurity.appobserver.AppObserverReceiver
11-09 20:19:28.914  1463  1697 W BroadcastQueue: Background execution not allowed: receiving Intent { act=android.intent.action.PACKAGE_ADDED dat=package: flg=0x4000010 (has extras) } to com.android.vending/com.google.android.finsky.packagemonitor.impl.PackageMonitorReceiverImpl$RegisteredReceiver
11-09 20:19:28.914  1463  1697 W BroadcastQueue: Background execution not allowed: receiving Intent { act=android.intent.action.PACKAGE_ADDED dat=package: flg=0x4000010 (has extras) } to com.android.vending/com.google.android.finsky.packagemonitor.backgroundimpl.BackgroundPackageMonitorReceiverImpl$RegisteredReceiver
11-09 20:19:28.914  1463  1697 W BroadcastQueue: Background execution not allowed: receiving Intent { act=android.intent.action.PACKAGE_ADDED dat=package: flg=0x4000010 (has extras) } to com.google.android.gms/.games.chimera.GamesSystemBroadcastReceiverProxy
11-09 20:19:28.915  1463  1697 W BroadcastQueue: Background execution not allowed: receiving Intent { act=android.intent.action.PACKAGE_ADDED dat=package: flg=0x4000010 (has extras) } to com.google.android.gms/.gass.chimera.PackageChangeBroadcastReceiver
11-09 20:19:28.915  1463  1697 W BroadcastQueue: Background execution not allowed: receiving Intent { act=android.intent.action.PACKAGE_ADDED dat=package: flg=0x4000010 (has extras) } to com.google.android.gms/.chimera.GmsIntentOperationService$PersistentTrustedReceiver
11-09 20:19:28.915  1463  1697 W BroadcastQueue: u0 Receiving a broadcast in packagecom.cncd.japan.janli.shudu requires a permissions review
11-09 20:19:28.915  1463  1697 W BroadcastQueue: Skipping delivery: permission review required for Intent { act=android.intent.action.PACKAGE_ADDED dat=package: flg=0x4000010 (has extras) } from null (pid=1463, uid=1000) to com.cncd.japan.janli.shudu/net.l.k.r
11-09 20:19:28.915  1463  1697 W BroadcastQueue: u0 Receiving a broadcast in packagecom.cncd.japan.janli.shudu requires a permissions review
11-09 20:19:28.915  1463  1697 W BroadcastQueue: Skipping delivery: permission review required for Intent { act=android.intent.action.PACKAGE_ADDED dat=package: flg=0x4000010 (has extras) } from null (pid=1463, uid=1000) to com.cncd.japan.janli.shudu/com.feiwofour.coverscreen.SR
11-09 20:19:28.915  1463  1697 W BroadcastQueue: u0 Receiving a broadcast in packagecom.games.mengmeizhitd requires a permissions review
11-09 20:19:28.915  1463  1697 W BroadcastQueue: Skipping delivery: permission review required for Intent { act=android.intent.action.PACKAGE_ADDED dat=package: flg=0x4000010 (has extras) } from null (pid=1463, uid=1000) to com.games.mengmeizhitd/hjnw.ihjnw.i.isqly
11-09 20:19:28.915  1463  1697 W BroadcastQueue: u0 Receiving a broadcast in packagecom.hgperfko.yaeghrwx requires a permissions review
11-09 20:19:28.915  1463  1697 W BroadcastQueue: Skipping delivery: permission review required for Intent { act=android.intent.action.PACKAGE_ADDED dat=package: flg=0x4000010 (has extras) } from null (pid=1463, uid=1000) to com.hgperfko.yaeghrwx/.core.hLytdCQDBv
11-09 20:19:28.915  1463  1697 W BroadcastQueue: u0 Receiving a broadcast in packagecom.qiuqiu.dfmc requires a permissions review
11-09 20:19:28.915  1463  1697 W BroadcastQueue: Skipping delivery: permission review required for Intent { act=android.intent.action.PACKAGE_ADDED dat=package: flg=0x4000010 (has extras) } from null (pid=1463, uid=1000) to com.qiuqiu.dfmc/cn.jpush.android.service.PushReceiver
11-09 20:19:28.915  1463  1697 W BroadcastQueue: u0 Receiving a broadcast in packagecom.safesys.viruskiller requires a permissions review
11-09 20:19:28.915  1463  1697 W BroadcastQueue: Skipping delivery: permission review required for Intent { act=android.intent.action.PACKAGE_ADDED dat=package: flg=0x4000010 (has extras) } from null (pid=1463, uid=1000) to com.safesys.viruskiller/.ScanPackageBroadcast
11-09 20:19:28.916  1463  1697 W BroadcastQueue: u0 Receiving a broadcast in packagecom.uc108.mobile.sdgj.bd1 requires a permissions review
11-09 20:19:28.916  1463  1697 W BroadcastQueue: Skipping delivery: permission review required for Intent { act=android.intent.action.PACKAGE_ADDED dat=package: flg=0x4000010 (has extras) } from null (pid=1463, uid=1000) to com.uc108.mobile.sdgj.bd1/com.baidu.tiebasdk.service.InstallReceiver
11-09 20:19:28.916  1463  1697 W BroadcastQueue: u0 Receiving a broadcast in packagecom.voicebianshengjinglingwc.wxl requires a permissions review
11-09 20:19:28.916  1463  1697 W BroadcastQueue: Skipping delivery: permission review required for Intent { act=android.intent.action.PACKAGE_ADDED dat=package: flg=0x4000010 (has extras) } from null (pid=1463, uid=1000) to com.voicebianshengjinglingwc.wxl/mp.ruu.Ztjjwrj
11-09 20:19:28.919  1463  2009 D CompatibilityChangeReporter: Compat change id reported: 218533173; UID 10248; state: DISABLED
11-09 20:19:28.922  1463  1463 I Telecom : DefaultDialerCache: Refreshing default dialer for user 0: now com.google.android.dialer: DDC.oR@CJQ
11-09 20:19:28.923  1463  1695 W WindowMagnificationMgr: requestConnection duplicated request: connect=false, mConnectionState=DISCONNECTED
11-09 20:19:28.925  1463  1697 W BroadcastQueue: u0 Receiving a broadcast in packageio.dcloud.H5BC6BF13 requires a permissions review
11-09 20:19:28.925  1463  1697 W BroadcastQueue: Skipping delivery: permission review required for Intent { act=android.intent.action.PACKAGE_ADDED dat=package: flg=0x4000010 (has extras) } from null (pid=1463, uid=1000) to io.dcloud.H5BC6BF13/io.dcloud.common.adapter.io.DownloadReceiver
11-09 20:19:28.926  1463  4158 W BackupTransportManager: Package zqgd.bwqay.wekcq enabled setting: 0
11-09 20:19:28.968  1463  1810 E VerityUtils: Failed to measure fs-verity, errno 1: /data/app/~~lxyNHx7d3KcAtofgmZ3QAw==/zqgd.bwqay.wekcq-jaoDfni_npE60R9iQB939w==/base.apk
11-09 20:19:28.977  1463  1695 W PackageManager: Failed registering loading progress callback. Package is fully loaded.
11-09 20:19:28.982  1463  1695 W WindowMagnificationMgr: requestConnection duplicated request: connect=false, mConnectionState=DISCONNECTED
11-09 20:19:29.007  1463  2987 D CompatibilityChangeReporter: Compat change id reported: 161252188; UID 10248; state: DISABLED
11-09 20:19:29.029  1463  1813 E PackageManager: ERROR: could not load root hash from incremental install
11-09 20:19:29.053  1463  1813 I PackageManager: Integrity check passed for file:///data/app/vmdl1734647272.tmp
11-09 20:19:29.083  1463  5579 I ActivityTaskManager: START u0 {flg=0x10000000 cmp=com.pandasecurity.pandaav/.DialogFragmentActivity (has extras)} from uid 10197
11-09 20:19:29.176  1463  1679 W Looper  : Slow dispatch took 104ms android.fg h=android.os.Handler c=<recycled PooledLambda@4170b4f> m=0
11-09 20:19:29.185  1463  3259 W ActivityTaskManager: Tried to set launchTime (0) < mLastActivityLaunchTime (28510607)
11-09 20:19:29.289  1463  1463 W NotificationHistory: Attempted to add notif for locked/gone/disabled user 0
11-09 20:19:29.339  1463  1813 V BackupManagerService: [UserID:0] restoreAtInstall pkg=com.gone60 token=54 restoreSet=0
11-09 20:19:29.339  1463  1813 V BackupManagerService: [UserID:0] Finishing install immediately
11-09 20:19:29.340  1463  1813 D PackageInstallerSession: Marking session 1734647272 as applied
11-09 20:19:29.341  1463  5544 D CoreBackPreview: Window{77e5b26 u0 com.pandasecurity.pandaav/com.pandasecurity.pandaav.DialogFragmentActivity}: Setting back callback OnBackInvokedCallbackInfo{mCallback=android.window.IOnBackInvokedCallback$Stub$Proxy@f9ba8fe, mPriority=0}
11-09 20:19:29.349  1463  1986 D CoreBackPreview: Window{4332b75 u0 com.pandasecurity.pandaav/com.pandasecurity.pandaav.DialogFragmentActivity}: Setting back callback OnBackInvokedCallbackInfo{mCallback=android.window.IOnBackInvokedCallback$Stub$Proxy@b3ccd98, mPriority=0}
11-09 20:19:29.349  1463  1813 D CompatibilityChangeReporter: Compat change id reported: 168419799; UID 10249; state: DISABLED
11-09 20:19:29.349  1463  1813 D CompatibilityChangeReporter: Compat change id reported: 273564678; UID 10249; state: DISABLED
11-09 20:19:29.362  1463  1463 I Telecom : DefaultDialerCache: Refreshing default dialer for user 0: now com.google.android.dialer: DDC.oR@CJk
11-09 20:19:29.371  1463  1463 V BackupManagerConstants: getFullBackupIntervalMilliseconds(...) returns 86400000
11-09 20:19:29.371  1463  1463 V BackupManagerConstants: getFullBackupRequiredNetworkType(...) returns 2
11-09 20:19:29.371  1463  1463 V BackupManagerConstants: getFullBackupRequireCharging(...) returns true
11-09 20:19:29.394  1463  2009 D CompatibilityChangeReporter: Compat change id reported: 218533173; UID 10249; state: DISABLED
11-09 20:19:29.403  1463  1463 I Telecom : DefaultDialerCache: Refreshing default dialer for user 0: now com.google.android.dialer: DDC.oR@CJo
11-09 20:19:29.410  1463  1695 W WindowMagnificationMgr: requestConnection duplicated request: connect=false, mConnectionState=DISCONNECTED
11-09 20:19:29.429  1463  4158 W BackupTransportManager: Package com.gone60 enabled setting: 0
11-09 20:19:29.444  1463  5544 D CompatibilityChangeReporter: Compat change id reported: 161252188; UID 10249; state: DISABLED
11-09 20:19:29.465  1463  1813 E PackageManager: ERROR: could not load root hash from incremental install
11-09 20:19:29.473  1463  2040 W PackageParsing: Ignoring duplicate uses-permissions/uses-permissions-sdk-m: android.permission.DISABLE_KEYGUARD in package: com.pqas.xrzm at: Binary XML file line #24
11-09 20:19:29.498  1463  1813 I PackageManager: Integrity check passed for file:///data/app/vmdl1522430408.tmp
11-09 20:19:29.512  1463  1695 W PackageManager: Failed registering loading progress callback. Package is fully loaded.
11-09 20:19:29.516  1463  1810 E VerityUtils: Failed to measure fs-verity, errno 1: /data/app/~~aHRr3cavmNy--WxTD0g7tQ==/com.gone60-bCmty9_AbNxFOtnJkrHmxQ==/base.apk
11-09 20:19:29.519  1463  1695 W WindowMagnificationMgr: requestConnection duplicated request: connect=false, mConnectionState=DISCONNECTED
11-09 20:19:29.550  1463  1813 W PackageParsing: Ignoring duplicate uses-permissions/uses-permissions-sdk-m: android.permission.DISABLE_KEYGUARD in package: com.pqas.xrzm at: Binary XML file line #24
11-09 20:19:30.274  1463  1679 V StorageManagerService: Package null has legacy storage
11-09 20:19:30.274  1463  1679 W Looper  : Slow dispatch took 683ms android.fg h=android.os.Handler c=<recycled PooledLambda@6c67dd3> m=0
11-09 20:19:30.274  1463  1679 W Looper  : Slow delivery took 683ms android.fg h=android.os.Handler c=<recycled PooledLambda@10c0d10> m=0
11-09 20:19:30.275  1463  1679 W Looper  : Drained
11-09 20:19:30.382  1463  4205 I ActivityTaskManager: START u0 {flg=0x10000000 cmp=com.pandasecurity.pandaav/.DialogFragmentActivity (has extras)} from uid 10197
11-09 20:19:30.397  1463  1813 V BackupManagerService: [UserID:0] restoreAtInstall pkg=com.pqas.xrzm token=55 restoreSet=0
11-09 20:19:30.397  1463  1813 V BackupManagerService: [UserID:0] Finishing install immediately
11-09 20:19:30.398  1463  4205 W ActivityTaskManager: Tried to set launchTime (0) < mLastActivityLaunchTime (28511400)
11-09 20:19:30.398  1463  1813 D PackageInstallerSession: Marking session 1522430408 as applied
11-09 20:19:30.410  1463  1813 D CompatibilityChangeReporter: Compat change id reported: 168419799; UID 10250; state: DISABLED
11-09 20:19:30.410  1463  1813 D CompatibilityChangeReporter: Compat change id reported: 273564678; UID 10250; state: DISABLED
11-09 20:19:30.427  1463  1463 I Telecom : DefaultDialerCache: Refreshing default dialer for user 0: now com.google.android.dialer: DDC.oR@CJ0
11-09 20:19:30.433  1463  1463 V BackupManagerConstants: getFullBackupIntervalMilliseconds(...) returns 86400000
11-09 20:19:30.433  1463  1463 V BackupManagerConstants: getFullBackupRequiredNetworkType(...) returns 2
11-09 20:19:30.433  1463  1463 V BackupManagerConstants: getFullBackupRequireCharging(...) returns true
11-09 20:19:30.447  1463  1695 W WindowMagnificationMgr: requestConnection duplicated request: connect=false, mConnectionState=DISCONNECTED
11-09 20:19:30.449  1463  2987 W BroadcastQueue: u0 Receiving a broadcast in packagecom.jr.narutoii requires a permissions review
11-09 20:19:30.449  1463  2987 W BroadcastQueue: Skipping delivery: permission review required for Intent { act=android.intent.action.PACKAGE_ADDED dat=package: flg=0x4000010 (has extras) } from null (pid=1463, uid=1000) to com.jr.narutoii/com.joyriver.engine.proxy.EngineReceiver
11-09 20:19:30.452  1463  1697 W BroadcastQueue: u0 Receiving a broadcast in packagecom.android.buyer requires a permissions review
11-09 20:19:30.452  1463  1697 W BroadcastQueue: Skipping delivery: permission review required for Intent { act=android.intent.action.PACKAGE_ADDED dat=package: flg=0x4000010 (has extras) } from null (pid=1463, uid=1000) to com.android.buyer/.mRve
11-09 20:19:30.452  1463  1697 W BroadcastQueue: Background execution not allowed: receiving Intent { act=android.intent.action.PACKAGE_ADDED dat=package: flg=0x4000010 (has extras) } to com.google.android.packageinstaller/com.android.packageinstaller.PackageInstalledReceiver
11-09 20:19:30.452  1463  1697 W BroadcastQueue: Background execution not allowed: receiving Intent { act=android.intent.action.PACKAGE_ADDED dat=package: flg=0x4000010 (has extras) } to com.pandasecurity.pandaav/com.pandasecurity.appobserver.AppObserverReceiver
11-09 20:19:30.452  1463  1697 W BroadcastQueue: Background execution not allowed: receiving Intent { act=android.intent.action.PACKAGE_ADDED dat=package: flg=0x4000010 (has extras) } to com.android.vending/com.google.android.finsky.packagemonitor.impl.PackageMonitorReceiverImpl$RegisteredReceiver
11-09 20:19:30.452  1463  1697 W BroadcastQueue: Background execution not allowed: receiving Intent { act=android.intent.action.PACKAGE_ADDED dat=package: flg=0x4000010 (has extras) } to com.android.vending/com.google.android.finsky.packagemonitor.backgroundimpl.BackgroundPackageMonitorReceiverImpl$RegisteredReceiver
11-09 20:19:30.452  1463  1697 W BroadcastQueue: Background execution not allowed: receiving Intent { act=android.intent.action.PACKAGE_ADDED dat=package: flg=0x4000010 (has extras) } to com.google.android.gms/.games.chimera.GamesSystemBroadcastReceiverProxy
11-09 20:19:30.452  1463  1697 W BroadcastQueue: Background execution not allowed: receiving Intent { act=android.intent.action.PACKAGE_ADDED dat=package: flg=0x4000010 (has extras) } to com.google.android.gms/.gass.chimera.PackageChangeBroadcastReceiver
11-09 20:19:30.453  1463  2987 D CoreBackPreview: Window{b47fbe8 u0 com.pandasecurity.pandaav/com.pandasecurity.pandaav.DialogFragmentActivity}: Setting back callback OnBackInvokedCallbackInfo{mCallback=android.window.IOnBackInvokedCallback$Stub$Proxy@fbd79a9, mPriority=0}
11-09 20:19:30.453  1463  1697 W BroadcastQueue: Background execution not allowed: receiving Intent { act=android.intent.action.PACKAGE_ADDED dat=package: flg=0x4000010 (has extras) } to com.google.android.gms/.chimera.GmsIntentOperationService$PersistentTrustedReceiver
11-09 20:19:30.453  1463  1697 W BroadcastQueue: u0 Receiving a broadcast in packagecom.cncd.japan.janli.shudu requires a permissions review
11-09 20:19:30.453  1463  1697 W BroadcastQueue: Skipping delivery: permission review required for Intent { act=android.intent.action.PACKAGE_ADDED dat=package: flg=0x4000010 (has extras) } from null (pid=1463, uid=1000) to com.cncd.japan.janli.shudu/net.l.k.r
11-09 20:19:30.453  1463  1697 W BroadcastQueue: u0 Receiving a broadcast in packagecom.cncd.japan.janli.shudu requires a permissions review
11-09 20:19:30.453  1463  1697 W BroadcastQueue: Skipping delivery: permission review required for Intent { act=android.intent.action.PACKAGE_ADDED dat=package: flg=0x4000010 (has extras) } from null (pid=1463, uid=1000) to com.cncd.japan.janli.shudu/com.feiwofour.coverscreen.SR
11-09 20:19:30.453  1463  1697 W BroadcastQueue: u0 Receiving a broadcast in packagecom.games.mengmeizhitd requires a permissions review
11-09 20:19:30.453  1463  1697 W BroadcastQueue: Skipping delivery: permission review required for Intent { act=android.intent.action.PACKAGE_ADDED dat=package: flg=0x4000010 (has extras) } from null (pid=1463, uid=1000) to com.games.mengmeizhitd/hjnw.ihjnw.i.isqly
11-09 20:19:30.453  1463  1697 W BroadcastQueue: u0 Receiving a broadcast in packagecom.hgperfko.yaeghrwx requires a permissions review
11-09 20:19:30.453  1463  1697 W BroadcastQueue: Skipping delivery: permission review required for Intent { act=android.intent.action.PACKAGE_ADDED dat=package: flg=0x4000010 (has extras) } from null (pid=1463, uid=1000) to com.hgperfko.yaeghrwx/.core.hLytdCQDBv
11-09 20:19:30.453  1463  1697 W BroadcastQueue: u0 Receiving a broadcast in packagecom.qiuqiu.dfmc requires a permissions review
11-09 20:19:30.453  1463  1697 W BroadcastQueue: Skipping delivery: permission review required for Intent { act=android.intent.action.PACKAGE_ADDED dat=package: flg=0x4000010 (has extras) } from null (pid=1463, uid=1000) to com.qiuqiu.dfmc/cn.jpush.android.service.PushReceiver
11-09 20:19:30.453  1463  1697 W BroadcastQueue: u0 Receiving a broadcast in packagecom.safesys.viruskiller requires a permissions review
11-09 20:19:30.453  1463  1697 W BroadcastQueue: Skipping delivery: permission review required for Intent { act=android.intent.action.PACKAGE_ADDED dat=package: flg=0x4000010 (has extras) } from null (pid=1463, uid=1000) to com.safesys.viruskiller/.ScanPackageBroadcast
11-09 20:19:30.453  1463  1697 W BroadcastQueue: u0 Receiving a broadcast in packagecom.uc108.mobile.sdgj.bd1 requires a permissions review
11-09 20:19:30.453  1463  1697 W BroadcastQueue: Skipping delivery: permission review required for Intent { act=android.intent.action.PACKAGE_ADDED dat=package: flg=0x4000010 (has extras) } from null (pid=1463, uid=1000) to com.uc108.mobile.sdgj.bd1/com.baidu.tiebasdk.service.InstallReceiver
11-09 20:19:30.453  1463  1697 W BroadcastQueue: u0 Receiving a broadcast in packagecom.voicebianshengjinglingwc.wxl requires a permissions review
11-09 20:19:30.454  1463  1697 W BroadcastQueue: Skipping delivery: permission review required for Intent { act=android.intent.action.PACKAGE_ADDED dat=package: flg=0x4000010 (has extras) } from null (pid=1463, uid=1000) to com.voicebianshengjinglingwc.wxl/mp.ruu.Ztjjwrj
11-09 20:19:30.454  1463  1697 W BroadcastQueue: u0 Receiving a broadcast in packageio.dcloud.H5BC6BF13 requires a permissions review
11-09 20:19:30.454  1463  1697 W BroadcastQueue: Skipping delivery: permission review required for Intent { act=android.intent.action.PACKAGE_ADDED dat=package: flg=0x4000010 (has extras) } from null (pid=1463, uid=1000) to io.dcloud.H5BC6BF13/io.dcloud.common.adapter.io.DownloadReceiver
11-09 20:19:30.457  1463  2009 D CompatibilityChangeReporter: Compat change id reported: 218533173; UID 10250; state: DISABLED
11-09 20:19:30.461  1463  1463 I Telecom : DefaultDialerCache: Refreshing default dialer for user 0: now com.google.android.dialer: DDC.oR@CJ4
11-09 20:19:30.461  1463  4158 W BackupTransportManager: Package com.pqas.xrzm enabled setting: 0
11-09 20:19:30.469  1463  4205 D CoreBackPreview: Window{f7346f4 u0 com.pandasecurity.pandaav/com.pandasecurity.pandaav.DialogFragmentActivity}: Setting back callback OnBackInvokedCallbackInfo{mCallback=android.window.IOnBackInvokedCallback$Stub$Proxy@fa593d5, mPriority=0}
11-09 20:19:30.508  1463  1810 E VerityUtils: Failed to measure fs-verity, errno 1: /data/app/~~VEiR5N6qukzz8c55PnluWg==/com.pqas.xrzm-PBwis-vUWeTsXBPN25M69Q==/base.apk
11-09 20:19:30.523  1463  5579 D CompatibilityChangeReporter: Compat change id reported: 161252188; UID 10250; state: DISABLED
11-09 20:19:30.590  1463  1463 W NotificationHistory: Attempted to add notif for locked/gone/disabled user 0
11-09 20:19:30.603  1463  1695 W PackageManager: Failed registering loading progress callback. Package is fully loaded.
11-09 20:19:30.618  1463  1695 W WindowMagnificationMgr: requestConnection duplicated request: connect=false, mConnectionState=DISCONNECTED
11-09 20:19:30.685  1463  5583 I ActivityTaskManager: START u0 {flg=0x10000000 cmp=com.pandasecurity.pandaav/.DialogFragmentActivity (has extras)} from uid 10197
11-09 20:19:30.724  1463  5566 W ActivityTaskManager: Tried to set launchTime (0) < mLastActivityLaunchTime (28512613)
11-09 20:19:30.809  1463  5542 D CoreBackPreview: Window{6311a5c u0 com.pandasecurity.pandaav/com.pandasecurity.pandaav.DialogFragmentActivity}: Setting back callback OnBackInvokedCallbackInfo{mCallback=android.window.IOnBackInvokedCallback$Stub$Proxy@23abac7, mPriority=0}
11-09 20:19:30.825  1463  1987 D CoreBackPreview: Window{c9dd28c u0 com.pandasecurity.pandaav/com.pandasecurity.pandaav.DialogFragmentActivity}: Setting back callback OnBackInvokedCallbackInfo{mCallback=android.window.IOnBackInvokedCallback$Stub$Proxy@401e3b7, mPriority=0}
11-09 20:19:30.884  1463  1463 E NotificationService: Muting recently noisy 0|com.pandasecurity.pandaav|5394095|null|10197
11-09 20:19:31.034  1463  3259 W BroadcastQueue: u0 Receiving a broadcast in packagecom.jr.narutoii requires a permissions review
11-09 20:19:31.034  1463  3259 W BroadcastQueue: Skipping delivery: permission review required for Intent { act=android.intent.action.PACKAGE_ADDED dat=package: flg=0x4000010 (has extras) } from null (pid=1463, uid=1000) to com.jr.narutoii/com.joyriver.engine.proxy.EngineReceiver
11-09 20:19:31.035  1463  1697 W BroadcastQueue: u0 Receiving a broadcast in packagecom.android.buyer requires a permissions review
11-09 20:19:31.035  1463  1697 W BroadcastQueue: Skipping delivery: permission review required for Intent { act=android.intent.action.PACKAGE_ADDED dat=package: flg=0x4000010 (has extras) } from null (pid=1463, uid=1000) to com.android.buyer/.mRve
11-09 20:19:31.035  1463  1697 W BroadcastQueue: Background execution not allowed: receiving Intent { act=android.intent.action.PACKAGE_ADDED dat=package: flg=0x4000010 (has extras) } to com.google.android.packageinstaller/com.android.packageinstaller.PackageInstalledReceiver
11-09 20:19:31.035  1463  1697 W BroadcastQueue: Background execution not allowed: receiving Intent { act=android.intent.action.PACKAGE_ADDED dat=package: flg=0x4000010 (has extras) } to com.pandasecurity.pandaav/com.pandasecurity.appobserver.AppObserverReceiver
11-09 20:19:31.035  1463  1697 W BroadcastQueue: Background execution not allowed: receiving Intent { act=android.intent.action.PACKAGE_ADDED dat=package: flg=0x4000010 (has extras) } to com.android.vending/com.google.android.finsky.packagemonitor.impl.PackageMonitorReceiverImpl$RegisteredReceiver
11-09 20:19:31.035  1463  1697 W BroadcastQueue: Background execution not allowed: receiving Intent { act=android.intent.action.PACKAGE_ADDED dat=package: flg=0x4000010 (has extras) } to com.android.vending/com.google.android.finsky.packagemonitor.backgroundimpl.BackgroundPackageMonitorReceiverImpl$RegisteredReceiver
11-09 20:19:31.035  1463  1697 W BroadcastQueue: Background execution not allowed: receiving Intent { act=android.intent.action.PACKAGE_ADDED dat=package: flg=0x4000010 (has extras) } to com.google.android.gms/.games.chimera.GamesSystemBroadcastReceiverProxy
11-09 20:19:31.035  1463  1697 W BroadcastQueue: Background execution not allowed: receiving Intent { act=android.intent.action.PACKAGE_ADDED dat=package: flg=0x4000010 (has extras) } to com.google.android.gms/.gass.chimera.PackageChangeBroadcastReceiver
11-09 20:19:31.035  1463  1697 W BroadcastQueue: Background execution not allowed: receiving Intent { act=android.intent.action.PACKAGE_ADDED dat=package: flg=0x4000010 (has extras) } to com.google.android.gms/.chimera.GmsIntentOperationService$PersistentTrustedReceiver
11-09 20:19:31.035  1463  1697 W BroadcastQueue: u0 Receiving a broadcast in packagecom.cncd.japan.janli.shudu requires a permissions review
11-09 20:19:31.035  1463  1697 W BroadcastQueue: Skipping delivery: permission review required for Intent { act=android.intent.action.PACKAGE_ADDED dat=package: flg=0x4000010 (has extras) } from null (pid=1463, uid=1000) to com.cncd.japan.janli.shudu/net.l.k.r
11-09 20:19:31.035  1463  1697 W BroadcastQueue: u0 Receiving a broadcast in packagecom.cncd.japan.janli.shudu requires a permissions review
11-09 20:19:31.035  1463  1697 W BroadcastQueue: Skipping delivery: permission review required for Intent { act=android.intent.action.PACKAGE_ADDED dat=package: flg=0x4000010 (has extras) } from null (pid=1463, uid=1000) to com.cncd.japan.janli.shudu/com.feiwofour.coverscreen.SR
11-09 20:19:31.035  1463  1697 W BroadcastQueue: u0 Receiving a broadcast in packagecom.games.mengmeizhitd requires a permissions review
11-09 20:19:31.035  1463  1697 W BroadcastQueue: Skipping delivery: permission review required for Intent { act=android.intent.action.PACKAGE_ADDED dat=package: flg=0x4000010 (has extras) } from null (pid=1463, uid=1000) to com.games.mengmeizhitd/hjnw.ihjnw.i.isqly
11-09 20:19:31.035  1463  1697 W BroadcastQueue: u0 Receiving a broadcast in packagecom.hgperfko.yaeghrwx requires a permissions review
11-09 20:19:31.035  1463  1697 W BroadcastQueue: Skipping delivery: permission review required for Intent { act=android.intent.action.PACKAGE_ADDED dat=package: flg=0x4000010 (has extras) } from null (pid=1463, uid=1000) to com.hgperfko.yaeghrwx/.core.hLytdCQDBv
11-09 20:19:31.035  1463  1697 W BroadcastQueue: u0 Receiving a broadcast in packagecom.qiuqiu.dfmc requires a permissions review
11-09 20:19:31.035  1463  1697 W BroadcastQueue: Skipping delivery: permission review required for Intent { act=android.intent.action.PACKAGE_ADDED dat=package: flg=0x4000010 (has extras) } from null (pid=1463, uid=1000) to com.qiuqiu.dfmc/cn.jpush.android.service.PushReceiver
11-09 20:19:31.035  1463  1697 W BroadcastQueue: u0 Receiving a broadcast in packagecom.safesys.viruskiller requires a permissions review
11-09 20:19:31.036  1463  1697 W BroadcastQueue: Skipping delivery: permission review required for Intent { act=android.intent.action.PACKAGE_ADDED dat=package: flg=0x4000010 (has extras) } from null (pid=1463, uid=1000) to com.safesys.viruskiller/.ScanPackageBroadcast
11-09 20:19:31.036  1463  1697 W BroadcastQueue: u0 Receiving a broadcast in packagecom.uc108.mobile.sdgj.bd1 requires a permissions review
11-09 20:19:31.036  1463  1697 W BroadcastQueue: Skipping delivery: permission review required for Intent { act=android.intent.action.PACKAGE_ADDED dat=package: flg=0x4000010 (has extras) } from null (pid=1463, uid=1000) to com.uc108.mobile.sdgj.bd1/com.baidu.tiebasdk.service.InstallReceiver
11-09 20:19:31.036  1463  1697 W BroadcastQueue: u0 Receiving a broadcast in packagecom.voicebianshengjinglingwc.wxl requires a permissions review
11-09 20:19:31.036  1463  1697 W BroadcastQueue: Skipping delivery: permission review required for Intent { act=android.intent.action.PACKAGE_ADDED dat=package: flg=0x4000010 (has extras) } from null (pid=1463, uid=1000) to com.voicebianshengjinglingwc.wxl/mp.ruu.Ztjjwrj
11-09 20:19:31.036  1463  1697 W BroadcastQueue: u0 Receiving a broadcast in packageio.dcloud.H5BC6BF13 requires a permissions review
11-09 20:19:31.036  1463  1697 W BroadcastQueue: Skipping delivery: permission review required for Intent { act=android.intent.action.PACKAGE_ADDED dat=package: flg=0x4000010 (has extras) } from null (pid=1463, uid=1000) to io.dcloud.H5BC6BF13/io.dcloud.common.adapter.io.DownloadReceiver
11-09 20:19:31.113  1463  1813 E PackageManager: ERROR: could not load root hash from incremental install
11-09 20:19:31.131  1463  1813 I PackageManager: Integrity check passed for file:///data/app/vmdl1416901341.tmp
11-09 20:19:31.559  1463  1813 V BackupManagerService: [UserID:0] restoreAtInstall pkg=com.kbwork.dygaqy token=56 restoreSet=0
11-09 20:19:31.559  1463  1813 V BackupManagerService: [UserID:0] Finishing install immediately
11-09 20:19:31.561  1463  1813 D PackageInstallerSession: Marking session 1416901341 as applied
11-09 20:19:31.567  1463  1813 D CompatibilityChangeReporter: Compat change id reported: 168419799; UID 10251; state: DISABLED
11-09 20:19:31.567  1463  1813 D CompatibilityChangeReporter: Compat change id reported: 273564678; UID 10251; state: DISABLED
11-09 20:19:31.578  1463  5568 W BroadcastQueue: u0 Receiving a broadcast in packagecom.jr.narutoii requires a permissions review
11-09 20:19:31.578  1463  5568 W BroadcastQueue: Skipping delivery: permission review required for Intent { act=android.intent.action.PACKAGE_ADDED dat=package: flg=0x4000010 (has extras) } from null (pid=1463, uid=1000) to com.jr.narutoii/com.joyriver.engine.proxy.EngineReceiver
11-09 20:19:31.583  1463  1463 I Telecom : DefaultDialerCache: Refreshing default dialer for user 0: now com.google.android.dialer: DDC.oR@CKc
11-09 20:19:31.586  1463  1697 W BroadcastQueue: u0 Receiving a broadcast in packagecom.android.buyer requires a permissions review
11-09 20:19:31.586  1463  1697 W BroadcastQueue: Skipping delivery: permission review required for Intent { act=android.intent.action.PACKAGE_ADDED dat=package: flg=0x4000010 (has extras) } from null (pid=1463, uid=1000) to com.android.buyer/.mRve
11-09 20:19:31.586  1463  1697 W BroadcastQueue: Background execution not allowed: receiving Intent { act=android.intent.action.PACKAGE_ADDED dat=package: flg=0x4000010 (has extras) } to com.google.android.packageinstaller/com.android.packageinstaller.PackageInstalledReceiver
11-09 20:19:31.587  1463  1463 V BackupManagerConstants: getFullBackupIntervalMilliseconds(...) returns 86400000
11-09 20:19:31.587  1463  1463 V BackupManagerConstants: getFullBackupRequiredNetworkType(...) returns 2
11-09 20:19:31.587  1463  1697 W BroadcastQueue: Background execution not allowed: receiving Intent { act=android.intent.action.PACKAGE_ADDED dat=package: flg=0x4000010 (has extras) } to com.pandasecurity.pandaav/com.pandasecurity.appobserver.AppObserverReceiver
11-09 20:19:31.587  1463  1463 V BackupManagerConstants: getFullBackupRequireCharging(...) returns true
11-09 20:19:31.587  1463  1697 W BroadcastQueue: Background execution not allowed: receiving Intent { act=android.intent.action.PACKAGE_ADDED dat=package: flg=0x4000010 (has extras) } to com.android.vending/com.google.android.finsky.packagemonitor.impl.PackageMonitorReceiverImpl$RegisteredReceiver
11-09 20:19:31.587  1463  1697 W BroadcastQueue: Background execution not allowed: receiving Intent { act=android.intent.action.PACKAGE_ADDED dat=package: flg=0x4000010 (has extras) } to com.android.vending/com.google.android.finsky.packagemonitor.backgroundimpl.BackgroundPackageMonitorReceiverImpl$RegisteredReceiver
11-09 20:19:31.587  1463  1697 W BroadcastQueue: Background execution not allowed: receiving Intent { act=android.intent.action.PACKAGE_ADDED dat=package: flg=0x4000010 (has extras) } to com.google.android.gms/.games.chimera.GamesSystemBroadcastReceiverProxy
11-09 20:19:31.587  1463  1697 W BroadcastQueue: Background execution not allowed: receiving Intent { act=android.intent.action.PACKAGE_ADDED dat=package: flg=0x4000010 (has extras) } to com.google.android.gms/.gass.chimera.PackageChangeBroadcastReceiver
11-09 20:19:31.589  1463  1697 W BroadcastQueue: Background execution not allowed: receiving Intent { act=android.intent.action.PACKAGE_ADDED dat=package: flg=0x4000010 (has extras) } to com.google.android.gms/.chimera.GmsIntentOperationService$PersistentTrustedReceiver
11-09 20:19:31.592  1463  1697 W BroadcastQueue: u0 Receiving a broadcast in packagecom.cncd.japan.janli.shudu requires a permissions review
