11-08 20:25:17.836  1465  2044 W PackageParsing: Ignoring duplicate uses-permissions/uses-permissions-sdk-m: android.permission.WRITE_EXTERNAL_STORAGE in package: com.evilsunflower.animalpuzzle at: Binary XML file line #38
11-08 20:25:17.836  1465  2044 W PackageParsing: Ignoring duplicate uses-permissions/uses-permissions-sdk-m: android.permission.WAKE_LOCK in package: com.evilsunflower.animalpuzzle at: Binary XML file line #42
11-08 20:25:17.848  1465  1832 I PackageManager: Integrity check passed for file:///data/app/vmdl2118025715.tmp
11-08 20:25:17.857  1465  1832 W PackageParsing: Ignoring duplicate uses-permissions/uses-permissions-sdk-m: android.permission.INTERNET in package: com.evilsunflower.animalpuzzle at: Binary XML file line #33
11-08 20:25:17.857  1465  1832 W PackageParsing: Ignoring duplicate uses-permissions/uses-permissions-sdk-m: android.permission.ACCESS_NETWORK_STATE in package: com.evilsunflower.animalpuzzle at: Binary XML file line #36
11-08 20:25:17.857  1465  1832 W PackageParsing: Ignoring duplicate uses-permissions/uses-permissions-sdk-m: android.permission.WRITE_EXTERNAL_STORAGE in package: com.evilsunflower.animalpuzzle at: Binary XML file line #38
11-08 20:25:17.858  1465  1832 W PackageParsing: Ignoring duplicate uses-permissions/uses-permissions-sdk-m: android.permission.WAKE_LOCK in package: com.evilsunflower.animalpuzzle at: Binary XML file line #42
11-08 20:25:17.927  1465  1832 V BackupManagerService: [UserID:0] restoreAtInstall pkg=com.evilsunflower.animalpuzzle token=28 restoreSet=0
11-08 20:25:17.927  1465  1832 V BackupManagerService: [UserID:0] Finishing install immediately
11-08 20:25:17.929  1465  1832 V StorageManagerService: Package null has legacy storage
11-08 20:25:17.929  1465  1832 D PackageInstallerSession: Marking session 2118025715 as applied
11-08 20:25:17.935  1465  1832 D CompatibilityChangeReporter: Compat change id reported: 168419799; UID 10230; state: DISABLED
11-08 20:25:17.935  1465  1832 D CompatibilityChangeReporter: Compat change id reported: 273564678; UID 10230; state: DISABLED
11-08 20:25:17.946  1465  1465 I Telecom : DefaultDialerCache: Refreshing default dialer for user 0: now com.google.android.dialer: DDC.oR@AvE
11-08 20:25:17.947  1465  5507 W BroadcastQueue: u0 Receiving a broadcast in packagecom.android.buyer requires a permissions review
11-08 20:25:17.947  1465  5507 W BroadcastQueue: Skipping delivery: permission review required for Intent { act=android.intent.action.PACKAGE_ADDED dat=package: flg=0x4000010 (has extras) } from null (pid=1465, uid=1000) to com.android.buyer/.mRve
11-08 20:25:17.950  1465  1702 W WindowMagnificationMgr: requestConnection duplicated request: connect=false, mConnectionState=DISCONNECTED
11-08 20:25:17.952  1465  1703 W BroadcastQueue: Background execution not allowed: receiving Intent { act=android.intent.action.PACKAGE_ADDED dat=package: flg=0x4000010 (has extras) } to com.google.android.packageinstaller/com.android.packageinstaller.PackageInstalledReceiver
11-08 20:25:17.956  1465  1703 W BroadcastQueue: Background execution not allowed: receiving Intent { act=android.intent.action.PACKAGE_ADDED dat=package: flg=0x4000010 (has extras) } to com.android.vending/com.google.android.finsky.packagemonitor.impl.PackageMonitorReceiverImpl$RegisteredReceiver
11-08 20:25:17.956  1465  1703 W BroadcastQueue: Background execution not allowed: receiving Intent { act=android.intent.action.PACKAGE_ADDED dat=package: flg=0x4000010 (has extras) } to com.android.vending/com.google.android.finsky.packagemonitor.backgroundimpl.BackgroundPackageMonitorReceiverImpl$RegisteredReceiver
11-08 20:25:17.956  1465  1703 W BroadcastQueue: Background execution not allowed: receiving Intent { act=android.intent.action.PACKAGE_ADDED dat=package: flg=0x4000010 (has extras) } to com.google.android.gms/.games.chimera.GamesSystemBroadcastReceiverProxy
11-08 20:25:17.956  1465  1703 W BroadcastQueue: Background execution not allowed: receiving Intent { act=android.intent.action.PACKAGE_ADDED dat=package: flg=0x4000010 (has extras) } to com.google.android.gms/.gass.chimera.PackageChangeBroadcastReceiver
11-08 20:25:17.956  1465  1703 W BroadcastQueue: Background execution not allowed: receiving Intent { act=android.intent.action.PACKAGE_ADDED dat=package: flg=0x4000010 (has extras) } to com.google.android.gms/.chimera.GmsIntentOperationService$PersistentTrustedReceiver
11-08 20:25:17.956  1465  1703 W BroadcastQueue: Background execution not allowed: receiving Intent { act=android.intent.action.PACKAGE_ADDED dat=package: flg=0x4000010 (has extras) } to com.google.android.googlequicksearchbox/com.google.android.apps.gsa.googlequicksearchbox.GelStubAppWatcher
11-08 20:25:17.956  1465  1703 W BroadcastQueue: u0 Receiving a broadcast in packagecom.games.mengmeizhitd requires a permissions review
11-08 20:25:17.957  1465  1703 W BroadcastQueue: Skipping delivery: permission review required for Intent { act=android.intent.action.PACKAGE_ADDED dat=package: flg=0x4000010 (has extras) } from null (pid=1465, uid=1000) to com.games.mengmeizhitd/hjnw.ihjnw.i.isqly
11-08 20:25:17.957  1465  1703 W BroadcastQueue: u0 Receiving a broadcast in packagecom.qiuqiu.dfmc requires a permissions review
11-08 20:25:17.957  1465  1703 W BroadcastQueue: Skipping delivery: permission review required for Intent { act=android.intent.action.PACKAGE_ADDED dat=package: flg=0x4000010 (has extras) } from null (pid=1465, uid=1000) to com.qiuqiu.dfmc/cn.jpush.android.service.PushReceiver
11-08 20:25:17.957  1465  1703 W BroadcastQueue: u0 Receiving a broadcast in packagecom.safesys.viruskiller requires a permissions review
11-08 20:25:17.957  1465  1703 W BroadcastQueue: Skipping delivery: permission review required for Intent { act=android.intent.action.PACKAGE_ADDED dat=package: flg=0x4000010 (has extras) } from null (pid=1465, uid=1000) to com.safesys.viruskiller/.ScanPackageBroadcast
11-08 20:25:17.960  1465  1465 V BackupManagerConstants: getFullBackupIntervalMilliseconds(...) returns 86400000
11-08 20:25:17.960  1465  1465 V BackupManagerConstants: getFullBackupRequiredNetworkType(...) returns 2
11-08 20:25:17.960  1465  1465 V BackupManagerConstants: getFullBackupRequireCharging(...) returns true
11-08 20:25:17.965  1465  2013 D CompatibilityChangeReporter: Compat change id reported: 218533173; UID 10230; state: DISABLED
11-08 20:25:17.969  1465  1465 I Telecom : DefaultDialerCache: Refreshing default dialer for user 0: now com.google.android.dialer: DDC.oR@AvI
11-08 20:25:17.977  1465  1702 W PackageManager: Failed registering loading progress callback. Package is fully loaded.
11-08 20:25:17.982  1465  1702 W WindowMagnificationMgr: requestConnection duplicated request: connect=false, mConnectionState=DISCONNECTED
11-08 20:25:18.024  1465  4180 W BackupTransportManager: Package com.evilsunflower.animalpuzzle enabled setting: 0
11-08 20:25:18.083  1465  1829 E VerityUtils: Failed to measure fs-verity, errno 1: /data/app/~~v6Nc8C9n_Ae3QiOKE1lrPw==/com.evilsunflower.animalpuzzle-EFCkTBEnc1OB1wgrQoGZiQ==/base.apk
11-08 20:25:18.085  1465  5504 W AppOps  : setUidMode() called with a mode inconsistent with runtime permission state, this is discouraged and you should revoke the runtime permission instead: uid=10127, switchCode=0, mode=4, permission=android.permission.ACCESS_BACKGROUND_LOCATION
11-08 20:25:18.118  1465  5514 D CompatibilityChangeReporter: Compat change id reported: 161252188; UID 10230; state: DISABLED
11-08 20:25:18.123  1465  1832 E PackageManager: ERROR: could not load root hash from incremental install
11-08 20:25:18.131  1465  2044 W PackageParsing: Ignoring duplicate uses-permissions/uses-permissions-sdk-m: android.permission.ACCESS_WIFI_STATE in package: io.dcloud.H5BC6BF13 at: Binary XML file line #2
11-08 20:25:18.131  1465  2044 W PackageParsing: Ignoring duplicate uses-permissions/uses-permissions-sdk-m: android.permission.ACCESS_NETWORK_STATE in package: io.dcloud.H5BC6BF13 at: Binary XML file line #2
11-08 20:25:18.131  1465  2044 W PackageParsing: Ignoring duplicate uses-permissions/uses-permissions-sdk-m: android.permission.READ_PHONE_STATE in package: io.dcloud.H5BC6BF13 at: Binary XML file line #2
11-08 20:25:18.142  1465  1832 I PackageManager: Integrity check passed for file:///data/app/vmdl614871819.tmp
11-08 20:25:18.154  1465  1832 W PackageParsing: Ignoring duplicate uses-permissions/uses-permissions-sdk-m: android.permission.ACCESS_WIFI_STATE in package: io.dcloud.H5BC6BF13 at: Binary XML file line #2
11-08 20:25:18.154  1465  1832 W PackageParsing: Ignoring duplicate uses-permissions/uses-permissions-sdk-m: android.permission.ACCESS_NETWORK_STATE in package: io.dcloud.H5BC6BF13 at: Binary XML file line #2
11-08 20:25:18.155  1465  1832 W PackageParsing: Ignoring duplicate uses-permissions/uses-permissions-sdk-m: android.permission.READ_PHONE_STATE in package: io.dcloud.H5BC6BF13 at: Binary XML file line #2
11-08 20:25:18.242  1465  1686 V StorageManagerService: Package null has legacy storage
11-08 20:25:18.291  1465  5513 W AppOps  : setUidMode() called with a mode inconsistent with runtime permission state, this is discouraged and you should revoke the runtime permission instead: uid=10127, switchCode=1, mode=4, permission=android.permission.ACCESS_BACKGROUND_LOCATION
11-08 20:25:18.293  1465  2988 W AppOps  : setUidMode() called with a mode inconsistent with runtime permission state, this is discouraged and you should revoke the runtime permission instead: uid=10127, switchCode=0, mode=4, permission=android.permission.ACCESS_BACKGROUND_LOCATION
11-08 20:25:18.535  1465  2942 I ActivityManager: Background started FGS: Allowed [callingPackage: com.google.android.apps.wellbeing; callingUid: 10123; uidState: BFGS; intent: Intent { cmp=com.google.android.apps.wellbeing/com.google.apps.tiktok.concurrent.InternalForegroundService (has extras) }; code:BACKGROUND_ACTIVITY_PERMISSION; tempAllowListReason:<null>; targetSdkVersion:33; callerTargetSdkVersion:33; startForegroundCount:0; bindFromPackage:null]
11-08 20:25:18.544  1465  1832 V BackupManagerService: [UserID:0] restoreAtInstall pkg=io.dcloud.H5BC6BF13 token=29 restoreSet=0
11-08 20:25:18.544  1465  1832 V BackupManagerService: [UserID:0] Finishing install immediately
11-08 20:25:18.547  1465  1832 D PackageInstallerSession: Marking session 614871819 as applied
11-08 20:25:18.550  1465  1832 D CompatibilityChangeReporter: Compat change id reported: 168419799; UID 10231; state: DISABLED
11-08 20:25:18.550  1465  1832 D CompatibilityChangeReporter: Compat change id reported: 273564678; UID 10231; state: DISABLED
11-08 20:25:18.562  1465  1465 I Telecom : DefaultDialerCache: Refreshing default dialer for user 0: now com.google.android.dialer: DDC.oR@AvU
11-08 20:25:18.563  1465  5507 W BroadcastQueue: u0 Receiving a broadcast in packagecom.android.buyer requires a permissions review
11-08 20:25:18.563  1465  5507 W BroadcastQueue: Skipping delivery: permission review required for Intent { act=android.intent.action.PACKAGE_ADDED dat=package: flg=0x4000010 (has extras) } from null (pid=1465, uid=1000) to com.android.buyer/.mRve
11-08 20:25:18.577  1465  1703 W BroadcastQueue: Background execution not allowed: receiving Intent { act=android.intent.action.PACKAGE_ADDED dat=package: flg=0x4000010 (has extras) } to com.google.android.packageinstaller/com.android.packageinstaller.PackageInstalledReceiver
11-08 20:25:18.577  1465  1703 W BroadcastQueue: Background execution not allowed: receiving Intent { act=android.intent.action.PACKAGE_ADDED dat=package: flg=0x4000010 (has extras) } to com.android.vending/com.google.android.finsky.packagemonitor.impl.PackageMonitorReceiverImpl$RegisteredReceiver
11-08 20:25:18.577  1465  1703 W BroadcastQueue: Background execution not allowed: receiving Intent { act=android.intent.action.PACKAGE_ADDED dat=package: flg=0x4000010 (has extras) } to com.android.vending/com.google.android.finsky.packagemonitor.backgroundimpl.BackgroundPackageMonitorReceiverImpl$RegisteredReceiver
11-08 20:25:18.577  1465  1703 W BroadcastQueue: Background execution not allowed: receiving Intent { act=android.intent.action.PACKAGE_ADDED dat=package: flg=0x4000010 (has extras) } to com.google.android.gms/.games.chimera.GamesSystemBroadcastReceiverProxy
11-08 20:25:18.578  1465  1703 W BroadcastQueue: Background execution not allowed: receiving Intent { act=android.intent.action.PACKAGE_ADDED dat=package: flg=0x4000010 (has extras) } to com.google.android.gms/.gass.chimera.PackageChangeBroadcastReceiver
11-08 20:25:18.578  1465  1703 W BroadcastQueue: Background execution not allowed: receiving Intent { act=android.intent.action.PACKAGE_ADDED dat=package: flg=0x4000010 (has extras) } to com.google.android.gms/.chimera.GmsIntentOperationService$PersistentTrustedReceiver
11-08 20:25:18.578  1465  1703 W BroadcastQueue: Background execution not allowed: receiving Intent { act=android.intent.action.PACKAGE_ADDED dat=package: flg=0x4000010 (has extras) } to com.google.android.googlequicksearchbox/com.google.android.apps.gsa.googlequicksearchbox.GelStubAppWatcher
11-08 20:25:18.578  1465  1703 W BroadcastQueue: u0 Receiving a broadcast in packagecom.games.mengmeizhitd requires a permissions review
11-08 20:25:18.578  1465  1703 W BroadcastQueue: Skipping delivery: permission review required for Intent { act=android.intent.action.PACKAGE_ADDED dat=package: flg=0x4000010 (has extras) } from null (pid=1465, uid=1000) to com.games.mengmeizhitd/hjnw.ihjnw.i.isqly
11-08 20:25:18.578  1465  1703 W BroadcastQueue: u0 Receiving a broadcast in packagecom.qiuqiu.dfmc requires a permissions review
11-08 20:25:18.578  1465  1703 W BroadcastQueue: Skipping delivery: permission review required for Intent { act=android.intent.action.PACKAGE_ADDED dat=package: flg=0x4000010 (has extras) } from null (pid=1465, uid=1000) to com.qiuqiu.dfmc/cn.jpush.android.service.PushReceiver
11-08 20:25:18.578  1465  1703 W BroadcastQueue: u0 Receiving a broadcast in packagecom.safesys.viruskiller requires a permissions review
11-08 20:25:18.578  1465  1703 W BroadcastQueue: Skipping delivery: permission review required for Intent { act=android.intent.action.PACKAGE_ADDED dat=package: flg=0x4000010 (has extras) } from null (pid=1465, uid=1000) to com.safesys.viruskiller/.ScanPackageBroadcast
11-08 20:25:18.588  1465  2013 D CompatibilityChangeReporter: Compat change id reported: 218533173; UID 10231; state: DISABLED
11-08 20:25:18.596  1465  1702 W WindowMagnificationMgr: requestConnection duplicated request: connect=false, mConnectionState=DISCONNECTED
11-08 20:25:18.600  1465  1465 I Telecom : DefaultDialerCache: Refreshing default dialer for user 0: now com.google.android.dialer: DDC.oR@AvY
11-08 20:25:18.615  1465  3212 D CompatibilityChangeReporter: Compat change id reported: 161252188; UID 10231; state: DISABLED
11-08 20:25:18.618  1465  1829 E VerityUtils: Failed to measure fs-verity, errno 1: /data/app/~~PMYX7on83T8VS1lKaVtmyA==/io.dcloud.H5BC6BF13-NBiWn-mf2lKCPsshertsTQ==/base.apk
11-08 20:25:18.647  1465  4180 W BackupTransportManager: Package io.dcloud.H5BC6BF13 enabled setting: 0
11-08 20:25:18.656  1465  1702 W PackageManager: Failed registering loading progress callback. Package is fully loaded.
11-08 20:25:18.665  1465  1702 W WindowMagnificationMgr: requestConnection duplicated request: connect=false, mConnectionState=DISCONNECTED
11-08 20:25:18.710  1465  1832 E PackageManager: ERROR: could not load root hash from incremental install
11-08 20:25:18.732  1465  1832 I PackageManager: Integrity check passed for file:///data/app/vmdl1807570455.tmp
11-08 20:25:18.741  1465  1465 I NotificationService: Cannot find enqueued record for key: 0|com.google.android.apps.wellbeing|174344743|null|10123
11-08 20:25:18.855  1465  1686 V StorageManagerService: Package null has legacy storage
11-08 20:25:18.899  1465  5512 W AppOps  : setUidMode() called with a mode inconsistent with runtime permission state, this is discouraged and you should revoke the runtime permission instead: uid=10127, switchCode=0, mode=4, permission=android.permission.ACCESS_BACKGROUND_LOCATION
11-08 20:25:18.983  1465  1832 V BackupManagerService: [UserID:0] restoreAtInstall pkg=com.keji.danti1052 token=2a restoreSet=0
11-08 20:25:18.983  1465  1832 V BackupManagerService: [UserID:0] Finishing install immediately
11-08 20:25:18.984  1465  1832 D PackageInstallerSession: Marking session 1807570455 as applied
11-08 20:25:18.990  1465  1832 D CompatibilityChangeReporter: Compat change id reported: 168419799; UID 10232; state: DISABLED
11-08 20:25:18.991  1465  1832 D CompatibilityChangeReporter: Compat change id reported: 273564678; UID 10232; state: DISABLED
11-08 20:25:18.998  1465  5513 W BroadcastQueue: u0 Receiving a broadcast in packagecom.android.buyer requires a permissions review
11-08 20:25:18.998  1465  5513 W BroadcastQueue: Skipping delivery: permission review required for Intent { act=android.intent.action.PACKAGE_ADDED dat=package: flg=0x4000010 (has extras) } from null (pid=1465, uid=1000) to com.android.buyer/.mRve
11-08 20:25:19.006  1465  1465 I Telecom : DefaultDialerCache: Refreshing default dialer for user 0: now com.google.android.dialer: DDC.oR@Avs
11-08 20:25:19.013  1465  1465 V BackupManagerConstants: getFullBackupIntervalMilliseconds(...) returns 86400000
11-08 20:25:19.013  1465  1465 V BackupManagerConstants: getFullBackupRequiredNetworkType(...) returns 2
11-08 20:25:19.013  1465  1465 V BackupManagerConstants: getFullBackupRequireCharging(...) returns true
11-08 20:25:19.014  1465  1703 W BroadcastQueue: Background execution not allowed: receiving Intent { act=android.intent.action.PACKAGE_ADDED dat=package: flg=0x4000010 (has extras) } to com.google.android.packageinstaller/com.android.packageinstaller.PackageInstalledReceiver
11-08 20:25:19.020  1465  1703 W BroadcastQueue: Background execution not allowed: receiving Intent { act=android.intent.action.PACKAGE_ADDED dat=package: flg=0x4000010 (has extras) } to com.android.vending/com.google.android.finsky.packagemonitor.impl.PackageMonitorReceiverImpl$RegisteredReceiver
11-08 20:25:19.020  1465  1703 W BroadcastQueue: Background execution not allowed: receiving Intent { act=android.intent.action.PACKAGE_ADDED dat=package: flg=0x4000010 (has extras) } to com.android.vending/com.google.android.finsky.packagemonitor.backgroundimpl.BackgroundPackageMonitorReceiverImpl$RegisteredReceiver
11-08 20:25:19.023  1465  2013 D CompatibilityChangeReporter: Compat change id reported: 218533173; UID 10232; state: DISABLED
11-08 20:25:19.026  1465  1703 W BroadcastQueue: Background execution not allowed: receiving Intent { act=android.intent.action.PACKAGE_ADDED dat=package: flg=0x4000010 (has extras) } to com.google.android.gms/.games.chimera.GamesSystemBroadcastReceiverProxy
11-08 20:25:19.026  1465  1465 I Telecom : DefaultDialerCache: Refreshing default dialer for user 0: now com.google.android.dialer: DDC.oR@Avw
11-08 20:25:19.026  1465  1703 W BroadcastQueue: Background execution not allowed: receiving Intent { act=android.intent.action.PACKAGE_ADDED dat=package: flg=0x4000010 (has extras) } to com.google.android.gms/.gass.chimera.PackageChangeBroadcastReceiver
11-08 20:25:19.027  1465  1703 W BroadcastQueue: Background execution not allowed: receiving Intent { act=android.intent.action.PACKAGE_ADDED dat=package: flg=0x4000010 (has extras) } to com.google.android.gms/.chimera.GmsIntentOperationService$PersistentTrustedReceiver
11-08 20:25:19.027  1465  1703 W BroadcastQueue: Background execution not allowed: receiving Intent { act=android.intent.action.PACKAGE_ADDED dat=package: flg=0x4000010 (has extras) } to com.google.android.googlequicksearchbox/com.google.android.apps.gsa.googlequicksearchbox.GelStubAppWatcher
11-08 20:25:19.027  1465  1702 W WindowMagnificationMgr: requestConnection duplicated request: connect=false, mConnectionState=DISCONNECTED
11-08 20:25:19.029  1465  1703 W BroadcastQueue: u0 Receiving a broadcast in packagecom.games.mengmeizhitd requires a permissions review
11-08 20:25:19.029  1465  1703 W BroadcastQueue: Skipping delivery: permission review required for Intent { act=android.intent.action.PACKAGE_ADDED dat=package: flg=0x4000010 (has extras) } from null (pid=1465, uid=1000) to com.games.mengmeizhitd/hjnw.ihjnw.i.isqly
11-08 20:25:19.030  1465  1703 W BroadcastQueue: u0 Receiving a broadcast in packagecom.qiuqiu.dfmc requires a permissions review
11-08 20:25:19.030  1465  1703 W BroadcastQueue: Skipping delivery: permission review required for Intent { act=android.intent.action.PACKAGE_ADDED dat=package: flg=0x4000010 (has extras) } from null (pid=1465, uid=1000) to com.qiuqiu.dfmc/cn.jpush.android.service.PushReceiver
11-08 20:25:19.047  1465  4180 W BackupTransportManager: Package com.keji.danti1052 enabled setting: 0
11-08 20:25:19.052  1465  1829 E VerityUtils: Failed to measure fs-verity, errno 1: /data/app/~~RciEoXh8kLXkivXp2BZd0A==/com.keji.danti1052-2PaoWHdYF7WW06wVnE141w==/base.apk
11-08 20:25:19.053  1465  1703 W BroadcastQueue: u0 Receiving a broadcast in packagecom.safesys.viruskiller requires a permissions review
11-08 20:25:19.053  1465  1703 W BroadcastQueue: Skipping delivery: permission review required for Intent { act=android.intent.action.PACKAGE_ADDED dat=package: flg=0x4000010 (has extras) } from null (pid=1465, uid=1000) to com.safesys.viruskiller/.ScanPackageBroadcast
11-08 20:25:19.053  1465  1703 W BroadcastQueue: u0 Receiving a broadcast in packageio.dcloud.H5BC6BF13 requires a permissions review
11-08 20:25:19.053  1465  1703 W BroadcastQueue: Skipping delivery: permission review required for Intent { act=android.intent.action.PACKAGE_ADDED dat=package: flg=0x4000010 (has extras) } from null (pid=1465, uid=1000) to io.dcloud.H5BC6BF13/io.dcloud.common.adapter.io.DownloadReceiver
11-08 20:25:19.066  1465  4226 D CompatibilityChangeReporter: Compat change id reported: 161252188; UID 10232; state: DISABLED
11-08 20:25:19.101  1465  1702 W PackageManager: Failed registering loading progress callback. Package is fully loaded.
11-08 20:25:19.107  1465  1702 W WindowMagnificationMgr: requestConnection duplicated request: connect=false, mConnectionState=DISCONNECTED
11-08 20:25:19.147  1465  4247 W AppOps  : setUidMode() called with a mode inconsistent with runtime permission state, this is discouraged and you should revoke the runtime permission instead: uid=10127, switchCode=1, mode=4, permission=android.permission.ACCESS_BACKGROUND_LOCATION
11-08 20:25:19.170  1465  5500 W AppOps  : setUidMode() called with a mode inconsistent with runtime permission state, this is discouraged and you should revoke the runtime permission instead: uid=10127, switchCode=0, mode=4, permission=android.permission.ACCESS_BACKGROUND_LOCATION
11-08 20:25:19.386  1465  5500 I ActivityManager: Background started FGS: Allowed [callingPackage: com.google.android.apps.wellbeing; callingUid: 10123; uidState: BFGS; intent: Intent { cmp=com.google.android.apps.wellbeing/com.google.apps.tiktok.concurrent.InternalForegroundService (has extras) }; code:BACKGROUND_ACTIVITY_PERMISSION; tempAllowListReason:<null>; targetSdkVersion:33; callerTargetSdkVersion:33; startForegroundCount:0; bindFromPackage:null]
11-08 20:25:19.560  1465  1584 I ActivityManager: Background started FGS: Allowed [callingPackage: com.google.android.apps.wellbeing; callingUid: 10123; uidState: BFGS; intent: Intent { cmp=com.google.android.apps.wellbeing/com.google.apps.tiktok.concurrent.InternalForegroundService (has extras) }; code:BACKGROUND_ACTIVITY_PERMISSION; tempAllowListReason:<null>; targetSdkVersion:33; callerTargetSdkVersion:33; startForegroundCount:0; bindFromPackage:null]
11-08 20:25:19.593  1465  1465 I NotificationService: Cannot find enqueued record for key: 0|com.google.android.apps.wellbeing|174344743|null|10123
11-08 20:25:19.704  1465  5513 W AppOps  : setUidMode() called with a mode inconsistent with runtime permission state, this is discouraged and you should revoke the runtime permission instead: uid=10127, switchCode=0, mode=4, permission=android.permission.ACCESS_BACKGROUND_LOCATION
11-08 20:25:19.749  1465  3212 W AppOps  : setUidMode() called with a mode inconsistent with runtime permission state, this is discouraged and you should revoke the runtime permission instead: uid=10127, switchCode=1, mode=4, permission=android.permission.ACCESS_BACKGROUND_LOCATION
11-08 20:25:19.751  1465  3212 W AppOps  : setUidMode() called with a mode inconsistent with runtime permission state, this is discouraged and you should revoke the runtime permission instead: uid=10127, switchCode=0, mode=4, permission=android.permission.ACCESS_BACKGROUND_LOCATION
11-08 20:25:19.765  1465  1465 I NotificationService: Cannot find enqueued record for key: 0|com.google.android.apps.wellbeing|174344743|null|10123
11-08 20:25:19.938  1465  1832 E PackageManager: ERROR: could not load root hash from incremental install
11-08 20:25:19.951  1465  2044 W PackageParsing: Ignoring duplicate uses-permissions/uses-permissions-sdk-m: android.permission.INTERNET in package: com.uc108.mobile.sdgj.bd1 at: Binary XML file line #25
11-08 20:25:19.951  1465  2044 W PackageParsing: Ignoring duplicate uses-permissions/uses-permissions-sdk-m: android.permission.READ_PHONE_STATE in package: com.uc108.mobile.sdgj.bd1 at: Binary XML file line #26
11-08 20:25:19.951  1465  2044 W PackageParsing: Ignoring duplicate uses-permissions/uses-permissions-sdk-m: android.permission.ACCESS_WIFI_STATE in package: com.uc108.mobile.sdgj.bd1 at: Binary XML file line #27
11-08 20:25:19.951  1465  2044 W PackageParsing: Ignoring duplicate uses-permissions/uses-permissions-sdk-m: android.permission.ACCESS_NETWORK_STATE in package: com.uc108.mobile.sdgj.bd1 at: Binary XML file line #28
11-08 20:25:19.951  1465  2044 W PackageParsing: Ignoring duplicate uses-permissions/uses-permissions-sdk-m: android.permission.BROADCAST_STICKY in package: com.uc108.mobile.sdgj.bd1 at: Binary XML file line #31
11-08 20:25:19.951  1465  2044 W PackageParsing: Ignoring duplicate uses-permissions/uses-permissions-sdk-m: android.permission.WRITE_SETTINGS in package: com.uc108.mobile.sdgj.bd1 at: Binary XML file line #32
11-08 20:25:19.951  1465  2044 W PackageParsing: Ignoring duplicate uses-permissions/uses-permissions-sdk-m: android.permission.WRITE_EXTERNAL_STORAGE in package: com.uc108.mobile.sdgj.bd1 at: Binary XML file line #34
11-08 20:25:19.951  1465  2044 W PackageParsing: Ignoring duplicate uses-permissions/uses-permissions-sdk-m: android.permission.WAKE_LOCK in package: com.uc108.mobile.sdgj.bd1 at: Binary XML file line #35
11-08 20:25:19.951  1465  2044 W PackageParsing: Ignoring duplicate uses-permissions/uses-permissions-sdk-m: android.permission.VIBRATE in package: com.uc108.mobile.sdgj.bd1 at: Binary XML file line #39
11-08 20:25:19.951  1465  2044 W PackageParsing: Ignoring duplicate uses-permissions/uses-permissions-sdk-m: android.permission.ACCESS_NETWORK_STATE in package: com.uc108.mobile.sdgj.bd1 at: Binary XML file line #46
11-08 20:25:19.951  1465  2044 W PackageParsing: Ignoring duplicate uses-permissions/uses-permissions-sdk-m: android.permission.ACCESS_WIFI_STATE in package: com.uc108.mobile.sdgj.bd1 at: Binary XML file line #47
11-08 20:25:19.951  1465  2044 W PackageParsing: Ignoring duplicate uses-permissions/uses-permissions-sdk-m: android.permission.READ_PHONE_STATE in package: com.uc108.mobile.sdgj.bd1 at: Binary XML file line #48
11-08 20:25:19.951  1465  2044 W PackageParsing: Ignoring duplicate uses-permissions/uses-permissions-sdk-m: android.permission.WRITE_SETTINGS in package: com.uc108.mobile.sdgj.bd1 at: Binary XML file line #49
11-08 20:25:19.951  1465  2044 W PackageParsing: Ignoring duplicate uses-permissions/uses-permissions-sdk-m: android.permission.WRITE_EXTERNAL_STORAGE in package: com.uc108.mobile.sdgj.bd1 at: Binary XML file line #50
11-08 20:25:19.951  1465  2044 W PackageParsing: Ignoring duplicate uses-permissions/uses-permissions-sdk-m: android.permission.INTERNET in package: com.uc108.mobile.sdgj.bd1 at: Binary XML file line #51
11-08 20:25:19.951  1465  2044 W PackageParsing: Ignoring duplicate uses-permissions/uses-permissions-sdk-m: android.permission.GET_TASKS in package: com.uc108.mobile.sdgj.bd1 at: Binary XML file line #52
11-08 20:25:19.951  1465  2044 W PackageParsing: Ignoring duplicate uses-permissions/uses-permissions-sdk-m: android.permission.ACCESS_COARSE_LOCATION in package: com.uc108.mobile.sdgj.bd1 at: Binary XML file line #56
11-08 20:25:19.951  1465  2044 W PackageParsing: Ignoring duplicate uses-permissions/uses-permissions-sdk-m: android.permission.RECEIVE_BOOT_COMPLETED in package: com.uc108.mobile.sdgj.bd1 at: Binary XML file line #63
11-08 20:25:19.951  1465  2044 W PackageParsing: Ignoring duplicate uses-permissions/uses-permissions-sdk-m: android.permission.VIBRATE in package: com.uc108.mobile.sdgj.bd1 at: Binary XML file line #64
11-08 20:25:19.951  1465  2044 W PackageParsing: Ignoring duplicate uses-permissions/uses-permissions-sdk-m: android.permission.BROADCAST_STICKY in package: com.uc108.mobile.sdgj.bd1 at: Binary XML file line #70
11-08 20:25:19.951  1465  2044 W PackageParsing: Ignoring duplicate uses-permissions/uses-permissions-sdk-m: android.permission.WAKE_LOCK in package: com.uc108.mobile.sdgj.bd1 at: Binary XML file line #76
11-08 20:25:19.951  1465  2044 W PackageParsing: Ignoring duplicate uses-permissions/uses-permissions-sdk-m: android.permission.ACCESS_COARSE_LOCATION in package: com.uc108.mobile.sdgj.bd1 at: Binary XML file line #77
11-08 20:25:19.952  1465  2044 D CompatibilityChangeReporter: Compat change id reported: 151163173; UID -1; state: DISABLED
11-08 20:25:19.953  1465  2044 W PackageParsing: No actions in intent-filter at /data/app/vmdl1955397014.tmp/base.apk Binary XML file line #482
11-08 20:25:19.953  1465  2044 W PackageParsing: No actions in intent-filter at /data/app/vmdl1955397014.tmp/base.apk Binary XML file line #489
11-08 20:25:19.953  1465  2044 W PackageParsing: No actions in intent-filter at /data/app/vmdl1955397014.tmp/base.apk Binary XML file line #496
11-08 20:25:19.953  1465  2044 W PackageParsing: No actions in intent-filter at /data/app/vmdl1955397014.tmp/base.apk Binary XML file line #503
11-08 20:25:19.953  1465  2044 W PackageParsing: No actions in intent-filter at /data/app/vmdl1955397014.tmp/base.apk Binary XML file line #510
11-08 20:25:19.953  1465  2044 W PackageParsing: No actions in intent-filter at /data/app/vmdl1955397014.tmp/base.apk Binary XML file line #527
11-08 20:25:19.953  1465  2044 W PackageParsing: No actions in intent-filter at /data/app/vmdl1955397014.tmp/base.apk Binary XML file line #534
11-08 20:25:19.958  1465  2044 W PackageParsing: No actions in intent-filter at /data/app/vmdl1955397014.tmp/base.apk Binary XML file line #541
11-08 20:25:19.959  1465  2044 W PackageParsing: No actions in intent-filter at /data/app/vmdl1955397014.tmp/base.apk Binary XML file line #549
11-08 20:25:19.959  1465  2044 W PackageParsing: No actions in intent-filter at /data/app/vmdl1955397014.tmp/base.apk Binary XML file line #557
11-08 20:25:19.959  1465  2044 W PackageParsing: No actions in intent-filter at /data/app/vmdl1955397014.tmp/base.apk Binary XML file line #565
11-08 20:25:19.959  1465  2044 W PackageParsing: No actions in intent-filter at /data/app/vmdl1955397014.tmp/base.apk Binary XML file line #573
11-08 20:25:19.959  1465  2044 W PackageParsing: No actions in intent-filter at /data/app/vmdl1955397014.tmp/base.apk Binary XML file line #581
11-08 20:25:19.959  1465  2044 W PackageParsing: No actions in intent-filter at /data/app/vmdl1955397014.tmp/base.apk Binary XML file line #588
11-08 20:25:19.959  1465  2044 W PackageParsing: No actions in intent-filter at /data/app/vmdl1955397014.tmp/base.apk Binary XML file line #595
11-08 20:25:19.959  1465  2044 W PackageParsing: No actions in intent-filter at /data/app/vmdl1955397014.tmp/base.apk Binary XML file line #602
11-08 20:25:19.959  1465  2044 W PackageParsing: No actions in intent-filter at /data/app/vmdl1955397014.tmp/base.apk Binary XML file line #609
11-08 20:25:19.959  1465  2044 W PackageParsing: No actions in intent-filter at /data/app/vmdl1955397014.tmp/base.apk Binary XML file line #615
11-08 20:25:19.989  1465  1832 I PackageManager: Integrity check passed for file:///data/app/vmdl1955397014.tmp
11-08 20:25:19.998  1465  1832 W PackageParsing: Ignoring duplicate uses-permissions/uses-permissions-sdk-m: android.permission.INTERNET in package: com.uc108.mobile.sdgj.bd1 at: Binary XML file line #25
11-08 20:25:19.998  1465  1832 W PackageParsing: Ignoring duplicate uses-permissions/uses-permissions-sdk-m: android.permission.READ_PHONE_STATE in package: com.uc108.mobile.sdgj.bd1 at: Binary XML file line #26
11-08 20:25:19.998  1465  1832 W PackageParsing: Ignoring duplicate uses-permissions/uses-permissions-sdk-m: android.permission.ACCESS_WIFI_STATE in package: com.uc108.mobile.sdgj.bd1 at: Binary XML file line #27
11-08 20:25:19.998  1465  1832 W PackageParsing: Ignoring duplicate uses-permissions/uses-permissions-sdk-m: android.permission.ACCESS_NETWORK_STATE in package: com.uc108.mobile.sdgj.bd1 at: Binary XML file line #28
11-08 20:25:19.998  1465  1832 W PackageParsing: Ignoring duplicate uses-permissions/uses-permissions-sdk-m: android.permission.BROADCAST_STICKY in package: com.uc108.mobile.sdgj.bd1 at: Binary XML file line #31
11-08 20:25:19.998  1465  1832 W PackageParsing: Ignoring duplicate uses-permissions/uses-permissions-sdk-m: android.permission.WRITE_SETTINGS in package: com.uc108.mobile.sdgj.bd1 at: Binary XML file line #32
11-08 20:25:19.998  1465  1832 W PackageParsing: Ignoring duplicate uses-permissions/uses-permissions-sdk-m: android.permission.WRITE_EXTERNAL_STORAGE in package: com.uc108.mobile.sdgj.bd1 at: Binary XML file line #34
11-08 20:25:19.998  1465  1832 W PackageParsing: Ignoring duplicate uses-permissions/uses-permissions-sdk-m: android.permission.WAKE_LOCK in package: com.uc108.mobile.sdgj.bd1 at: Binary XML file line #35
11-08 20:25:19.998  1465  1832 W PackageParsing: Ignoring duplicate uses-permissions/uses-permissions-sdk-m: android.permission.VIBRATE in package: com.uc108.mobile.sdgj.bd1 at: Binary XML file line #39
11-08 20:25:19.998  1465  1832 W PackageParsing: Ignoring duplicate uses-permissions/uses-permissions-sdk-m: android.permission.ACCESS_NETWORK_STATE in package: com.uc108.mobile.sdgj.bd1 at: Binary XML file line #46
11-08 20:25:19.998  1465  1832 W PackageParsing: Ignoring duplicate uses-permissions/uses-permissions-sdk-m: android.permission.ACCESS_WIFI_STATE in package: com.uc108.mobile.sdgj.bd1 at: Binary XML file line #47
11-08 20:25:19.998  1465  1832 W PackageParsing: Ignoring duplicate uses-permissions/uses-permissions-sdk-m: android.permission.READ_PHONE_STATE in package: com.uc108.mobile.sdgj.bd1 at: Binary XML file line #48
11-08 20:25:19.998  1465  1832 W PackageParsing: Ignoring duplicate uses-permissions/uses-permissions-sdk-m: android.permission.WRITE_SETTINGS in package: com.uc108.mobile.sdgj.bd1 at: Binary XML file line #49
11-08 20:25:19.998  1465  1832 W PackageParsing: Ignoring duplicate uses-permissions/uses-permissions-sdk-m: android.permission.WRITE_EXTERNAL_STORAGE in package: com.uc108.mobile.sdgj.bd1 at: Binary XML file line #50
11-08 20:25:19.998  1465  1832 W PackageParsing: Ignoring duplicate uses-permissions/uses-permissions-sdk-m: android.permission.INTERNET in package: com.uc108.mobile.sdgj.bd1 at: Binary XML file line #51
11-08 20:25:19.998  1465  1832 W PackageParsing: Ignoring duplicate uses-permissions/uses-permissions-sdk-m: android.permission.GET_TASKS in package: com.uc108.mobile.sdgj.bd1 at: Binary XML file line #52
11-08 20:25:19.999  1465  1832 W PackageParsing: Ignoring duplicate uses-permissions/uses-permissions-sdk-m: android.permission.ACCESS_COARSE_LOCATION in package: com.uc108.mobile.sdgj.bd1 at: Binary XML file line #56
11-08 20:25:19.999  1465  1832 W PackageParsing: Ignoring duplicate uses-permissions/uses-permissions-sdk-m: android.permission.RECEIVE_BOOT_COMPLETED in package: com.uc108.mobile.sdgj.bd1 at: Binary XML file line #63
11-08 20:25:19.999  1465  1832 W PackageParsing: Ignoring duplicate uses-permissions/uses-permissions-sdk-m: android.permission.VIBRATE in package: com.uc108.mobile.sdgj.bd1 at: Binary XML file line #64
11-08 20:25:19.999  1465  1832 W PackageParsing: Ignoring duplicate uses-permissions/uses-permissions-sdk-m: android.permission.BROADCAST_STICKY in package: com.uc108.mobile.sdgj.bd1 at: Binary XML file line #70
11-08 20:25:19.999  1465  1832 W PackageParsing: Ignoring duplicate uses-permissions/uses-permissions-sdk-m: android.permission.WAKE_LOCK in package: com.uc108.mobile.sdgj.bd1 at: Binary XML file line #76
11-08 20:25:19.999  1465  1832 W PackageParsing: Ignoring duplicate uses-permissions/uses-permissions-sdk-m: android.permission.ACCESS_COARSE_LOCATION in package: com.uc108.mobile.sdgj.bd1 at: Binary XML file line #77
11-08 20:25:20.002  1465  1832 W PackageParsing: No actions in intent-filter at /data/app/vmdl1955397014.tmp/base.apk Binary XML file line #482
11-08 20:25:20.002  1465  1832 W PackageParsing: No actions in intent-filter at /data/app/vmdl1955397014.tmp/base.apk Binary XML file line #489
11-08 20:25:20.002  1465  1832 W PackageParsing: No actions in intent-filter at /data/app/vmdl1955397014.tmp/base.apk Binary XML file line #496
11-08 20:25:20.002  1465  1832 W PackageParsing: No actions in intent-filter at /data/app/vmdl1955397014.tmp/base.apk Binary XML file line #503
11-08 20:25:20.002  1465  1832 W PackageParsing: No actions in intent-filter at /data/app/vmdl1955397014.tmp/base.apk Binary XML file line #510
11-08 20:25:20.003  1465  1832 W PackageParsing: No actions in intent-filter at /data/app/vmdl1955397014.tmp/base.apk Binary XML file line #527
11-08 20:25:20.003  1465  1832 W PackageParsing: No actions in intent-filter at /data/app/vmdl1955397014.tmp/base.apk Binary XML file line #534
11-08 20:25:20.003  1465  1832 W PackageParsing: No actions in intent-filter at /data/app/vmdl1955397014.tmp/base.apk Binary XML file line #541
11-08 20:25:20.003  1465  1832 W PackageParsing: No actions in intent-filter at /data/app/vmdl1955397014.tmp/base.apk Binary XML file line #549
11-08 20:25:20.003  1465  1832 W PackageParsing: No actions in intent-filter at /data/app/vmdl1955397014.tmp/base.apk Binary XML file line #557
11-08 20:25:20.003  1465  1832 W PackageParsing: No actions in intent-filter at /data/app/vmdl1955397014.tmp/base.apk Binary XML file line #565
11-08 20:25:20.003  1465  1832 W PackageParsing: No actions in intent-filter at /data/app/vmdl1955397014.tmp/base.apk Binary XML file line #573
11-08 20:25:20.003  1465  1832 W PackageParsing: No actions in intent-filter at /data/app/vmdl1955397014.tmp/base.apk Binary XML file line #581
11-08 20:25:20.003  1465  1832 W PackageParsing: No actions in intent-filter at /data/app/vmdl1955397014.tmp/base.apk Binary XML file line #588
11-08 20:25:20.004  1465  1832 W PackageParsing: No actions in intent-filter at /data/app/vmdl1955397014.tmp/base.apk Binary XML file line #595
11-08 20:25:20.004  1465  1832 W PackageParsing: No actions in intent-filter at /data/app/vmdl1955397014.tmp/base.apk Binary XML file line #602
11-08 20:25:20.004  1465  1832 W PackageParsing: No actions in intent-filter at /data/app/vmdl1955397014.tmp/base.apk Binary XML file line #609
11-08 20:25:20.004  1465  1832 W PackageParsing: No actions in intent-filter at /data/app/vmdl1955397014.tmp/base.apk Binary XML file line #615
11-08 20:25:20.094  1465  1686 V StorageManagerService: Package null has legacy storage
11-08 20:25:20.486  1465  1832 V BackupManagerService: [UserID:0] restoreAtInstall pkg=com.uc108.mobile.sdgj.bd1 token=2b restoreSet=0
11-08 20:25:20.486  1465  1832 V BackupManagerService: [UserID:0] Finishing install immediately
11-08 20:25:20.489  1465  1832 D PackageInstallerSession: Marking session 1955397014 as applied
11-08 20:25:20.493  1465  1832 D CompatibilityChangeReporter: Compat change id reported: 168419799; UID 10233; state: DISABLED
11-08 20:25:20.493  1465  1832 D CompatibilityChangeReporter: Compat change id reported: 273564678; UID 10233; state: DISABLED
11-08 20:25:20.502  1465  5415 W BroadcastQueue: u0 Receiving a broadcast in packagecom.android.buyer requires a permissions review
11-08 20:25:20.502  1465  5415 W BroadcastQueue: Skipping delivery: permission review required for Intent { act=android.intent.action.PACKAGE_ADDED dat=package: flg=0x4000010 (has extras) } from null (pid=1465, uid=1000) to com.android.buyer/.mRve
11-08 20:25:20.506  1465  1465 I Telecom : DefaultDialerCache: Refreshing default dialer for user 0: now com.google.android.dialer: DDC.oR@AwM
11-08 20:25:20.512  1465  1703 W BroadcastQueue: Background execution not allowed: receiving Intent { act=android.intent.action.PACKAGE_ADDED dat=package: flg=0x4000010 (has extras) } to com.google.android.packageinstaller/com.android.packageinstaller.PackageInstalledReceiver
11-08 20:25:20.512  1465  1703 W BroadcastQueue: Background execution not allowed: receiving Intent { act=android.intent.action.PACKAGE_ADDED dat=package: flg=0x4000010 (has extras) } to com.android.vending/com.google.android.finsky.packagemonitor.impl.PackageMonitorReceiverImpl$RegisteredReceiver
11-08 20:25:20.512  1465  1703 W BroadcastQueue: Background execution not allowed: receiving Intent { act=android.intent.action.PACKAGE_ADDED dat=package: flg=0x4000010 (has extras) } to com.android.vending/com.google.android.finsky.packagemonitor.backgroundimpl.BackgroundPackageMonitorReceiverImpl$RegisteredReceiver
11-08 20:25:20.512  1465  1703 W BroadcastQueue: Background execution not allowed: receiving Intent { act=android.intent.action.PACKAGE_ADDED dat=package: flg=0x4000010 (has extras) } to com.google.android.gms/.games.chimera.GamesSystemBroadcastReceiverProxy
11-08 20:25:20.513  1465  1703 W BroadcastQueue: Background execution not allowed: receiving Intent { act=android.intent.action.PACKAGE_ADDED dat=package: flg=0x4000010 (has extras) } to com.google.android.gms/.gass.chimera.PackageChangeBroadcastReceiver
11-08 20:25:20.513  1465  1703 W BroadcastQueue: Background execution not allowed: receiving Intent { act=android.intent.action.PACKAGE_ADDED dat=package: flg=0x4000010 (has extras) } to com.google.android.gms/.chimera.GmsIntentOperationService$PersistentTrustedReceiver
11-08 20:25:20.513  1465  1703 W BroadcastQueue: Background execution not allowed: receiving Intent { act=android.intent.action.PACKAGE_ADDED dat=package: flg=0x4000010 (has extras) } to com.google.android.googlequicksearchbox/com.google.android.apps.gsa.googlequicksearchbox.GelStubAppWatcher
11-08 20:25:20.513  1465  1703 W BroadcastQueue: u0 Receiving a broadcast in packagecom.games.mengmeizhitd requires a permissions review
11-08 20:25:20.513  1465  1703 W BroadcastQueue: Skipping delivery: permission review required for Intent { act=android.intent.action.PACKAGE_ADDED dat=package: flg=0x4000010 (has extras) } from null (pid=1465, uid=1000) to com.games.mengmeizhitd/hjnw.ihjnw.i.isqly
11-08 20:25:20.514  1465  1703 W BroadcastQueue: u0 Receiving a broadcast in packagecom.qiuqiu.dfmc requires a permissions review
11-08 20:25:20.514  1465  1703 W BroadcastQueue: Skipping delivery: permission review required for Intent { act=android.intent.action.PACKAGE_ADDED dat=package: flg=0x4000010 (has extras) } from null (pid=1465, uid=1000) to com.qiuqiu.dfmc/cn.jpush.android.service.PushReceiver
11-08 20:25:20.514  1465  1703 W BroadcastQueue: u0 Receiving a broadcast in packagecom.safesys.viruskiller requires a permissions review
11-08 20:25:20.514  1465  1703 W BroadcastQueue: Skipping delivery: permission review required for Intent { act=android.intent.action.PACKAGE_ADDED dat=package: flg=0x4000010 (has extras) } from null (pid=1465, uid=1000) to com.safesys.viruskiller/.ScanPackageBroadcast
11-08 20:25:20.514  1465  1703 W BroadcastQueue: u0 Receiving a broadcast in packageio.dcloud.H5BC6BF13 requires a permissions review
11-08 20:25:20.514  1465  1703 W BroadcastQueue: Skipping delivery: permission review required for Intent { act=android.intent.action.PACKAGE_ADDED dat=package: flg=0x4000010 (has extras) } from null (pid=1465, uid=1000) to io.dcloud.H5BC6BF13/io.dcloud.common.adapter.io.DownloadReceiver
11-08 20:25:20.525  1465  1465 V BackupManagerConstants: getFullBackupIntervalMilliseconds(...) returns 86400000
11-08 20:25:20.525  1465  1465 V BackupManagerConstants: getFullBackupRequiredNetworkType(...) returns 2
11-08 20:25:20.525  1465  1465 V BackupManagerConstants: getFullBackupRequireCharging(...) returns true
11-08 20:25:20.531  1465  1702 W WindowMagnificationMgr: requestConnection duplicated request: connect=false, mConnectionState=DISCONNECTED
11-08 20:25:20.537  1465  1829 E VerityUtils: Failed to measure fs-verity, errno 1: /data/app/~~VnmqWGZzT2RtOk4tGVPorw==/com.uc108.mobile.sdgj.bd1-_6E-fJBRu40N2TlYYBC4aw==/base.apk
11-08 20:25:20.552  1465  3212 D CompatibilityChangeReporter: Compat change id reported: 161252188; UID 10233; state: DISABLED
11-08 20:25:20.586  1465  1702 W PackageManager: Failed registering loading progress callback. Package is fully loaded.
11-08 20:25:20.587  1465  2013 D CompatibilityChangeReporter: Compat change id reported: 218533173; UID 10233; state: DISABLED
11-08 20:25:20.592  1465  1702 W WindowMagnificationMgr: requestConnection duplicated request: connect=false, mConnectionState=DISCONNECTED
11-08 20:25:20.600  1465  1465 I Telecom : DefaultDialerCache: Refreshing default dialer for user 0: now com.google.android.dialer: DDC.oR@AwY
11-08 20:25:20.610  1465  4180 W BackupTransportManager: Package com.uc108.mobile.sdgj.bd1 enabled setting: 0
11-08 20:25:20.769  1465  1584 W AppOps  : setUidMode() called with a mode inconsistent with runtime permission state, this is discouraged and you should revoke the runtime permission instead: uid=10127, switchCode=0, mode=4, permission=android.permission.ACCESS_BACKGROUND_LOCATION
11-08 20:25:20.827  1465  1832 E PackageManager: ERROR: could not load root hash from incremental install
11-08 20:25:20.847  1465  3209 W AppOps  : setUidMode() called with a mode inconsistent with runtime permission state, this is discouraged and you should revoke the runtime permission instead: uid=10127, switchCode=1, mode=4, permission=android.permission.ACCESS_BACKGROUND_LOCATION
11-08 20:25:20.850  1465  2942 W AppOps  : setUidMode() called with a mode inconsistent with runtime permission state, this is discouraged and you should revoke the runtime permission instead: uid=10127, switchCode=0, mode=4, permission=android.permission.ACCESS_BACKGROUND_LOCATION
11-08 20:25:20.853  1465  1832 I PackageManager: Integrity check passed for file:///data/app/vmdl1848198164.tmp
11-08 20:25:20.939  1465  1686 V StorageManagerService: Package null has legacy storage
11-08 20:25:21.023  1465  2942 I ActivityManager: Background started FGS: Allowed [callingPackage: com.google.android.apps.wellbeing; callingUid: 10123; uidState: BFGS; intent: Intent { cmp=com.google.android.apps.wellbeing/com.google.apps.tiktok.concurrent.InternalForegroundService (has extras) }; code:BACKGROUND_ACTIVITY_PERMISSION; tempAllowListReason:<null>; targetSdkVersion:33; callerTargetSdkVersion:33; startForegroundCount:0; bindFromPackage:null]
11-08 20:25:21.059  1465  1832 V BackupManagerService: [UserID:0] restoreAtInstall pkg=com.ying.hzblhj token=2c restoreSet=0
11-08 20:25:21.060  1465  1832 V BackupManagerService: [UserID:0] Finishing install immediately
11-08 20:25:21.061  1465  1832 D PackageInstallerSession: Marking session 1848198164 as applied
11-08 20:25:21.063  1465  1832 D CompatibilityChangeReporter: Compat change id reported: 168419799; UID 10234; state: DISABLED
11-08 20:25:21.063  1465  1832 D CompatibilityChangeReporter: Compat change id reported: 273564678; UID 10234; state: DISABLED
11-08 20:25:21.075  1465  5512 W BroadcastQueue: u0 Receiving a broadcast in packagecom.android.buyer requires a permissions review
11-08 20:25:21.075  1465  5512 W BroadcastQueue: Skipping delivery: permission review required for Intent { act=android.intent.action.PACKAGE_ADDED dat=package: flg=0x4000010 (has extras) } from null (pid=1465, uid=1000) to com.android.buyer/.mRve
11-08 20:25:21.075  1465  1703 W BroadcastQueue: Background execution not allowed: receiving Intent { act=android.intent.action.PACKAGE_ADDED dat=package: flg=0x4000010 (has extras) } to com.google.android.packageinstaller/com.android.packageinstaller.PackageInstalledReceiver
11-08 20:25:21.075  1465  1703 W BroadcastQueue: Background execution not allowed: receiving Intent { act=android.intent.action.PACKAGE_ADDED dat=package: flg=0x4000010 (has extras) } to com.android.vending/com.google.android.finsky.packagemonitor.impl.PackageMonitorReceiverImpl$RegisteredReceiver
11-08 20:25:21.076  1465  1703 W BroadcastQueue: Background execution not allowed: receiving Intent { act=android.intent.action.PACKAGE_ADDED dat=package: flg=0x4000010 (has extras) } to com.android.vending/com.google.android.finsky.packagemonitor.backgroundimpl.BackgroundPackageMonitorReceiverImpl$RegisteredReceiver
11-08 20:25:21.076  1465  1703 W BroadcastQueue: Background execution not allowed: receiving Intent { act=android.intent.action.PACKAGE_ADDED dat=package: flg=0x4000010 (has extras) } to com.google.android.gms/.games.chimera.GamesSystemBroadcastReceiverProxy
11-08 20:25:21.076  1465  1703 W BroadcastQueue: Background execution not allowed: receiving Intent { act=android.intent.action.PACKAGE_ADDED dat=package: flg=0x4000010 (has extras) } to com.google.android.gms/.gass.chimera.PackageChangeBroadcastReceiver
