--------- beginning of system
11-08 21:34:56.135  1455  5525 W BroadcastQueue: Skipping delivery: permission review required for Intent { act=android.intent.action.PACKAGE_ADDED dat=package: flg=0x4000010 (has extras) } from null (pid=1455, uid=1000) to com.android.buyer/.mRve
11-08 21:34:56.137  1455  1697 W BroadcastQueue: Background execution not allowed: receiving Intent { act=android.intent.action.PACKAGE_ADDED dat=package: flg=0x4000010 (has extras) } to com.google.android.packageinstaller/com.android.packageinstaller.PackageInstalledReceiver
11-08 21:34:56.137  1455  1697 W BroadcastQueue: Background execution not allowed: receiving Intent { act=android.intent.action.PACKAGE_ADDED dat=package: flg=0x4000010 (has extras) } to com.android.vending/com.google.android.finsky.packagemonitor.impl.PackageMonitorReceiverImpl$RegisteredReceiver
11-08 21:34:56.137  1455  1697 W BroadcastQueue: Background execution not allowed: receiving Intent { act=android.intent.action.PACKAGE_ADDED dat=package: flg=0x4000010 (has extras) } to com.android.vending/com.google.android.finsky.packagemonitor.backgroundimpl.BackgroundPackageMonitorReceiverImpl$RegisteredReceiver
11-08 21:34:56.137  1455  1697 W BroadcastQueue: Background execution not allowed: receiving Intent { act=android.intent.action.PACKAGE_ADDED dat=package: flg=0x4000010 (has extras) } to com.google.android.gms/.games.chimera.GamesSystemBroadcastReceiverProxy
11-08 21:34:56.137  1455  1697 W BroadcastQueue: Background execution not allowed: receiving Intent { act=android.intent.action.PACKAGE_ADDED dat=package: flg=0x4000010 (has extras) } to com.google.android.gms/.gass.chimera.PackageChangeBroadcastReceiver
11-08 21:34:56.137  1455  1697 W BroadcastQueue: Background execution not allowed: receiving Intent { act=android.intent.action.PACKAGE_ADDED dat=package: flg=0x4000010 (has extras) } to com.google.android.gms/.chimera.GmsIntentOperationService$PersistentTrustedReceiver
11-08 21:34:56.137  1455  1697 W BroadcastQueue: Background execution not allowed: receiving Intent { act=android.intent.action.PACKAGE_ADDED dat=package: flg=0x4000010 (has extras) } to com.google.android.googlequicksearchbox/com.google.android.apps.gsa.googlequicksearchbox.GelStubAppWatcher
11-08 21:34:56.137  1455  1697 W BroadcastQueue: u0 Receiving a broadcast in packagecom.qiuqiu.dfmc requires a permissions review
11-08 21:34:56.137  1455  1697 W BroadcastQueue: Skipping delivery: permission review required for Intent { act=android.intent.action.PACKAGE_ADDED dat=package: flg=0x4000010 (has extras) } from null (pid=1455, uid=1000) to com.qiuqiu.dfmc/cn.jpush.android.service.PushReceiver
11-08 21:34:56.137  1455  1697 W BroadcastQueue: u0 Receiving a broadcast in packagecom.safesys.viruskiller requires a permissions review
11-08 21:34:56.137  1455  1697 W BroadcastQueue: Skipping delivery: permission review required for Intent { act=android.intent.action.PACKAGE_ADDED dat=package: flg=0x4000010 (has extras) } from null (pid=1455, uid=1000) to com.safesys.viruskiller/.ScanPackageBroadcast
11-08 21:34:56.141  1455  1455 I Telecom : DefaultDialerCache: Refreshing default dialer for user 0: now com.google.android.dialer: DDC.oR@AvE
11-08 21:34:56.150  1455  1455 V BackupManagerConstants: getFullBackupIntervalMilliseconds(...) returns 86400000
11-08 21:34:56.150  1455  1455 V BackupManagerConstants: getFullBackupRequiredNetworkType(...) returns 2
11-08 21:34:56.151  1455  1455 V BackupManagerConstants: getFullBackupRequireCharging(...) returns true
11-08 21:34:56.171  1455  1455 I Telecom : DefaultDialerCache: Refreshing default dialer for user 0: now com.google.android.dialer: DDC.oR@AvQ
11-08 21:34:56.171  1455  1986 D CompatibilityChangeReporter: Compat change id reported: 218533173; UID 10217; state: DISABLED
11-08 21:34:56.174  1455  4165 W BackupTransportManager: Package com.zgzt.bt.qipa enabled setting: 0
11-08 21:34:56.189  1455  1816 E VerityUtils: Failed to measure fs-verity, errno 1: /data/app/~~dl1XWyRuqNeyrO50F6ELvw==/com.zgzt.bt.qipa-lxDgdWhf9PUYzVUekW20wA==/base.apk
11-08 21:34:56.193  1455  5522 D CompatibilityChangeReporter: Compat change id reported: 161252188; UID 10217; state: DISABLED
11-08 21:34:56.195  1455  1695 W WindowMagnificationMgr: requestConnection duplicated request: connect=false, mConnectionState=DISCONNECTED
11-08 21:34:56.203  1455  1821 E PackageManager: ERROR: could not load root hash from incremental install
11-08 21:34:56.223  1455  1821 I PackageManager: Integrity check passed for file:///data/app/vmdl915456925.tmp
11-08 21:34:56.235  1455  1455 I NotificationService: Cannot find enqueued record for key: 0|com.google.android.apps.wellbeing|174344743|null|10121
11-08 21:34:56.262  1455  1695 W PackageManager: Failed registering loading progress callback. Package is fully loaded.
11-08 21:34:56.276  1455  1695 W WindowMagnificationMgr: requestConnection duplicated request: connect=false, mConnectionState=DISCONNECTED
11-08 21:34:56.534  1455  1821 V BackupManagerService: [UserID:0] restoreAtInstall pkg=wap.syst token=1c restoreSet=0
11-08 21:34:56.534  1455  1821 V BackupManagerService: [UserID:0] Finishing install immediately
11-08 21:34:56.535  1455  1821 D PackageInstallerSession: Marking session 915456925 as applied
11-08 21:34:56.538  1455  1821 D CompatibilityChangeReporter: Compat change id reported: 168419799; UID 10218; state: DISABLED
11-08 21:34:56.538  1455  1821 D CompatibilityChangeReporter: Compat change id reported: 273564678; UID 10218; state: DISABLED
11-08 21:34:56.543  1455  4228 W BroadcastQueue: u0 Receiving a broadcast in packagecom.android.buyer requires a permissions review
11-08 21:34:56.543  1455  4228 W BroadcastQueue: Skipping delivery: permission review required for Intent { act=android.intent.action.PACKAGE_ADDED dat=package: flg=0x4000010 (has extras) } from null (pid=1455, uid=1000) to com.android.buyer/.mRve
11-08 21:34:56.546  1455  1697 W BroadcastQueue: Background execution not allowed: receiving Intent { act=android.intent.action.PACKAGE_ADDED dat=package: flg=0x4000010 (has extras) } to com.google.android.packageinstaller/com.android.packageinstaller.PackageInstalledReceiver
11-08 21:34:56.546  1455  1455 I Telecom : DefaultDialerCache: Refreshing default dialer for user 0: now com.google.android.dialer: DDC.oR@Avc
11-08 21:34:56.546  1455  1697 W BroadcastQueue: Background execution not allowed: receiving Intent { act=android.intent.action.PACKAGE_ADDED dat=package: flg=0x4000010 (has extras) } to com.android.vending/com.google.android.finsky.packagemonitor.impl.PackageMonitorReceiverImpl$RegisteredReceiver
11-08 21:34:56.546  1455  1697 W BroadcastQueue: Background execution not allowed: receiving Intent { act=android.intent.action.PACKAGE_ADDED dat=package: flg=0x4000010 (has extras) } to com.android.vending/com.google.android.finsky.packagemonitor.backgroundimpl.BackgroundPackageMonitorReceiverImpl$RegisteredReceiver
11-08 21:34:56.546  1455  1697 W BroadcastQueue: Background execution not allowed: receiving Intent { act=android.intent.action.PACKAGE_ADDED dat=package: flg=0x4000010 (has extras) } to com.google.android.gms/.games.chimera.GamesSystemBroadcastReceiverProxy
11-08 21:34:56.547  1455  1697 W BroadcastQueue: Background execution not allowed: receiving Intent { act=android.intent.action.PACKAGE_ADDED dat=package: flg=0x4000010 (has extras) } to com.google.android.gms/.gass.chimera.PackageChangeBroadcastReceiver
11-08 21:34:56.547  1455  1697 W BroadcastQueue: Background execution not allowed: receiving Intent { act=android.intent.action.PACKAGE_ADDED dat=package: flg=0x4000010 (has extras) } to com.google.android.gms/.chimera.GmsIntentOperationService$PersistentTrustedReceiver
11-08 21:34:56.547  1455  1697 W BroadcastQueue: Background execution not allowed: receiving Intent { act=android.intent.action.PACKAGE_ADDED dat=package: flg=0x4000010 (has extras) } to com.google.android.googlequicksearchbox/com.google.android.apps.gsa.googlequicksearchbox.GelStubAppWatcher
11-08 21:34:56.547  1455  1697 W BroadcastQueue: u0 Receiving a broadcast in packagecom.qiuqiu.dfmc requires a permissions review
11-08 21:34:56.547  1455  1697 W BroadcastQueue: Skipping delivery: permission review required for Intent { act=android.intent.action.PACKAGE_ADDED dat=package: flg=0x4000010 (has extras) } from null (pid=1455, uid=1000) to com.qiuqiu.dfmc/cn.jpush.android.service.PushReceiver
11-08 21:34:56.547  1455  1697 W BroadcastQueue: u0 Receiving a broadcast in packagecom.safesys.viruskiller requires a permissions review
11-08 21:34:56.547  1455  1697 W BroadcastQueue: Skipping delivery: permission review required for Intent { act=android.intent.action.PACKAGE_ADDED dat=package: flg=0x4000010 (has extras) } from null (pid=1455, uid=1000) to com.safesys.viruskiller/.ScanPackageBroadcast
11-08 21:34:56.568  1455  1455 V BackupManagerConstants: getFullBackupIntervalMilliseconds(...) returns 86400000
11-08 21:34:56.568  1455  1455 V BackupManagerConstants: getFullBackupRequiredNetworkType(...) returns 2
11-08 21:34:56.568  1455  1455 V BackupManagerConstants: getFullBackupRequireCharging(...) returns true
11-08 21:34:56.582  1455  1816 E VerityUtils: Failed to measure fs-verity, errno 1: /data/app/~~dJMzSv5qgHxIdUtHGVWeWA==/wap.syst-_kBujF-oxQO2yxd_V9ycnA==/base.apk
11-08 21:34:56.589  1455  1695 W WindowMagnificationMgr: requestConnection duplicated request: connect=false, mConnectionState=DISCONNECTED
11-08 21:34:56.607  1455  1455 I Telecom : DefaultDialerCache: Refreshing default dialer for user 0: now com.google.android.dialer: DDC.oR@Avo
11-08 21:34:56.611  1455  4165 W BackupTransportManager: Package wap.syst enabled setting: 0
11-08 21:34:56.618  1455  5520 D CompatibilityChangeReporter: Compat change id reported: 161252188; UID 10218; state: DISABLED
11-08 21:34:56.624  1455  1986 D CompatibilityChangeReporter: Compat change id reported: 218533173; UID 10218; state: DISABLED
11-08 21:34:56.702  1455  1821 E PackageManager: ERROR: could not load root hash from incremental install
11-08 21:34:56.708  1455  2017 W PackageParsing: Ignoring duplicate uses-permissions/uses-permissions-sdk-m: android.permission.INTERNET in package: com.ps.keepaccount at: Binary XML file line #62
11-08 21:34:56.708  1455  2017 W PackageParsing: Ignoring duplicate uses-permissions/uses-permissions-sdk-m: android.permission.READ_PHONE_STATE in package: com.ps.keepaccount at: Binary XML file line #63
11-08 21:34:56.708  1455  2017 W PackageParsing: Ignoring duplicate uses-permissions/uses-permissions-sdk-m: android.permission.ACCESS_NETWORK_STATE in package: com.ps.keepaccount at: Binary XML file line #65
11-08 21:34:56.708  1455  2017 W PackageParsing: Ignoring duplicate uses-permissions/uses-permissions-sdk-m: android.permission.WRITE_EXTERNAL_STORAGE in package: com.ps.keepaccount at: Binary XML file line #68
11-08 21:34:56.708  1455  2017 W PackageParsing: Ignoring duplicate uses-permissions/uses-permissions-sdk-m: android.permission.INTERNET in package: com.ps.keepaccount at: Binary XML file line #76
11-08 21:34:56.708  1455  2017 W PackageParsing: Ignoring duplicate uses-permissions/uses-permissions-sdk-m: android.permission.ACCESS_NETWORK_STATE in package: com.ps.keepaccount at: Binary XML file line #77
11-08 21:34:56.708  1455  2017 W PackageParsing: Ignoring duplicate uses-permissions/uses-permissions-sdk-m: android.permission.READ_PHONE_STATE in package: com.ps.keepaccount at: Binary XML file line #78
11-08 21:34:56.708  1455  2017 W PackageParsing: Ignoring duplicate uses-permissions/uses-permissions-sdk-m: android.permission.WRITE_EXTERNAL_STORAGE in package: com.ps.keepaccount at: Binary XML file line #79
11-08 21:34:56.708  1455  2017 W PackageParsing: Ignoring duplicate uses-permissions/uses-permissions-sdk-m: android.permission.GET_TASKS in package: com.ps.keepaccount at: Binary XML file line #80
11-08 21:34:56.721  1455  1821 I PackageManager: Integrity check passed for file:///data/app/vmdl1483367454.tmp
11-08 21:34:56.727  1455  1821 W PackageParsing: Ignoring duplicate uses-permissions/uses-permissions-sdk-m: android.permission.INTERNET in package: com.ps.keepaccount at: Binary XML file line #62
11-08 21:34:56.727  1455  1821 W PackageParsing: Ignoring duplicate uses-permissions/uses-permissions-sdk-m: android.permission.READ_PHONE_STATE in package: com.ps.keepaccount at: Binary XML file line #63
11-08 21:34:56.727  1455  1821 W PackageParsing: Ignoring duplicate uses-permissions/uses-permissions-sdk-m: android.permission.ACCESS_NETWORK_STATE in package: com.ps.keepaccount at: Binary XML file line #65
11-08 21:34:56.727  1455  1821 W PackageParsing: Ignoring duplicate uses-permissions/uses-permissions-sdk-m: android.permission.WRITE_EXTERNAL_STORAGE in package: com.ps.keepaccount at: Binary XML file line #68
11-08 21:34:56.727  1455  1821 W PackageParsing: Ignoring duplicate uses-permissions/uses-permissions-sdk-m: android.permission.INTERNET in package: com.ps.keepaccount at: Binary XML file line #76
11-08 21:34:56.727  1455  1821 W PackageParsing: Ignoring duplicate uses-permissions/uses-permissions-sdk-m: android.permission.ACCESS_NETWORK_STATE in package: com.ps.keepaccount at: Binary XML file line #77
11-08 21:34:56.727  1455  1821 W PackageParsing: Ignoring duplicate uses-permissions/uses-permissions-sdk-m: android.permission.READ_PHONE_STATE in package: com.ps.keepaccount at: Binary XML file line #78
11-08 21:34:56.727  1455  1821 W PackageParsing: Ignoring duplicate uses-permissions/uses-permissions-sdk-m: android.permission.WRITE_EXTERNAL_STORAGE in package: com.ps.keepaccount at: Binary XML file line #79
11-08 21:34:56.727  1455  1821 W PackageParsing: Ignoring duplicate uses-permissions/uses-permissions-sdk-m: android.permission.GET_TASKS in package: com.ps.keepaccount at: Binary XML file line #80
11-08 21:34:56.793  1455  1695 W PackageManager: Failed registering loading progress callback. Package is fully loaded.
11-08 21:34:56.793  1455  1677 V StorageManagerService: Package null has legacy storage
11-08 21:34:56.801  1455  1695 W WindowMagnificationMgr: requestConnection duplicated request: connect=false, mConnectionState=DISCONNECTED
11-08 21:34:56.865  1455  5513 W AppOps  : setUidMode() called with a mode inconsistent with runtime permission state, this is discouraged and you should revoke the runtime permission instead: uid=10124, switchCode=0, mode=4, permission=android.permission.ACCESS_BACKGROUND_LOCATION
11-08 21:34:56.945  1455  3794 W AppOps  : setUidMode() called with a mode inconsistent with runtime permission state, this is discouraged and you should revoke the runtime permission instead: uid=10124, switchCode=1, mode=4, permission=android.permission.ACCESS_BACKGROUND_LOCATION
11-08 21:34:56.947  1455  3794 W AppOps  : setUidMode() called with a mode inconsistent with runtime permission state, this is discouraged and you should revoke the runtime permission instead: uid=10124, switchCode=0, mode=4, permission=android.permission.ACCESS_BACKGROUND_LOCATION
11-08 21:34:56.954  1455  1821 V BackupManagerService: [UserID:0] restoreAtInstall pkg=com.ps.keepaccount token=1d restoreSet=0
11-08 21:34:56.955  1455  1821 V BackupManagerService: [UserID:0] Finishing install immediately
11-08 21:34:56.957  1455  1821 D PackageInstallerSession: Marking session 1483367454 as applied
11-08 21:34:56.962  1455  1821 D CompatibilityChangeReporter: Compat change id reported: 168419799; UID 10219; state: DISABLED
11-08 21:34:56.962  1455  1821 D CompatibilityChangeReporter: Compat change id reported: 273564678; UID 10219; state: DISABLED
11-08 21:34:56.968  1455  1968 W BroadcastQueue: u0 Receiving a broadcast in packagecom.android.buyer requires a permissions review
11-08 21:34:56.968  1455  1968 W BroadcastQueue: Skipping delivery: permission review required for Intent { act=android.intent.action.PACKAGE_ADDED dat=package: flg=0x4000010 (has extras) } from null (pid=1455, uid=1000) to com.android.buyer/.mRve
11-08 21:34:56.974  1455  1697 W BroadcastQueue: Background execution not allowed: receiving Intent { act=android.intent.action.PACKAGE_ADDED dat=package: flg=0x4000010 (has extras) } to com.google.android.packageinstaller/com.android.packageinstaller.PackageInstalledReceiver
11-08 21:34:56.974  1455  1697 W BroadcastQueue: Background execution not allowed: receiving Intent { act=android.intent.action.PACKAGE_ADDED dat=package: flg=0x4000010 (has extras) } to com.android.vending/com.google.android.finsky.packagemonitor.impl.PackageMonitorReceiverImpl$RegisteredReceiver
11-08 21:34:56.974  1455  1697 W BroadcastQueue: Background execution not allowed: receiving Intent { act=android.intent.action.PACKAGE_ADDED dat=package: flg=0x4000010 (has extras) } to com.android.vending/com.google.android.finsky.packagemonitor.backgroundimpl.BackgroundPackageMonitorReceiverImpl$RegisteredReceiver
11-08 21:34:56.974  1455  1697 W BroadcastQueue: Background execution not allowed: receiving Intent { act=android.intent.action.PACKAGE_ADDED dat=package: flg=0x4000010 (has extras) } to com.google.android.gms/.games.chimera.GamesSystemBroadcastReceiverProxy
11-08 21:34:56.974  1455  1697 W BroadcastQueue: Background execution not allowed: receiving Intent { act=android.intent.action.PACKAGE_ADDED dat=package: flg=0x4000010 (has extras) } to com.google.android.gms/.gass.chimera.PackageChangeBroadcastReceiver
11-08 21:34:56.974  1455  1697 W BroadcastQueue: Background execution not allowed: receiving Intent { act=android.intent.action.PACKAGE_ADDED dat=package: flg=0x4000010 (has extras) } to com.google.android.gms/.chimera.GmsIntentOperationService$PersistentTrustedReceiver
11-08 21:34:56.974  1455  1697 W BroadcastQueue: Background execution not allowed: receiving Intent { act=android.intent.action.PACKAGE_ADDED dat=package: flg=0x4000010 (has extras) } to com.google.android.googlequicksearchbox/com.google.android.apps.gsa.googlequicksearchbox.GelStubAppWatcher
11-08 21:34:56.974  1455  1697 W BroadcastQueue: u0 Receiving a broadcast in packagecom.qiuqiu.dfmc requires a permissions review
11-08 21:34:56.974  1455  1697 W BroadcastQueue: Skipping delivery: permission review required for Intent { act=android.intent.action.PACKAGE_ADDED dat=package: flg=0x4000010 (has extras) } from null (pid=1455, uid=1000) to com.qiuqiu.dfmc/cn.jpush.android.service.PushReceiver
11-08 21:34:56.974  1455  1697 W BroadcastQueue: u0 Receiving a broadcast in packagecom.safesys.viruskiller requires a permissions review
11-08 21:34:56.974  1455  1697 W BroadcastQueue: Skipping delivery: permission review required for Intent { act=android.intent.action.PACKAGE_ADDED dat=package: flg=0x4000010 (has extras) } from null (pid=1455, uid=1000) to com.safesys.viruskiller/.ScanPackageBroadcast
11-08 21:34:56.977  1455  1455 I Telecom : DefaultDialerCache: Refreshing default dialer for user 0: now com.google.android.dialer: DDC.oR@Avs
11-08 21:34:56.984  1455  1695 W WindowMagnificationMgr: requestConnection duplicated request: connect=false, mConnectionState=DISCONNECTED
11-08 21:34:56.997  1455  1816 E VerityUtils: Failed to measure fs-verity, errno 1: /data/app/~~OD-wxzaji3ffTLcrz03Myw==/com.ps.keepaccount-nXcSg2MEohkYyyoubS8mqA==/base.apk
11-08 21:34:57.003  1455  5526 D CompatibilityChangeReporter: Compat change id reported: 161252188; UID 10219; state: DISABLED
11-08 21:34:57.027  1455  1455 V BackupManagerConstants: getFullBackupIntervalMilliseconds(...) returns 86400000
11-08 21:34:57.027  1455  1455 V BackupManagerConstants: getFullBackupRequiredNetworkType(...) returns 2
11-08 21:34:57.027  1455  1455 V BackupManagerConstants: getFullBackupRequireCharging(...) returns true
11-08 21:34:57.029  1455  1695 W PackageManager: Failed registering loading progress callback. Package is fully loaded.
11-08 21:34:57.034  1455  1986 D CompatibilityChangeReporter: Compat change id reported: 218533173; UID 10219; state: DISABLED
11-08 21:34:57.051  1455  1455 I Telecom : DefaultDialerCache: Refreshing default dialer for user 0: now com.google.android.dialer: DDC.oR@Avw
11-08 21:34:57.052  1455  1695 W WindowMagnificationMgr: requestConnection duplicated request: connect=false, mConnectionState=DISCONNECTED
11-08 21:34:57.070  1455  4165 W BackupTransportManager: Package com.ps.keepaccount enabled setting: 0
11-08 21:34:57.080  1455  1821 E PackageManager: ERROR: could not load root hash from incremental install
11-08 21:34:57.087  1455  2017 W PackageParsing: Ignoring duplicate uses-permissions/uses-permissions-sdk-m: android.permission.ACCESS_NETWORK_STATE in package: com.alan.weather at: Binary XML file line #56
11-08 21:34:57.087  1455  2017 W PackageParsing: Ignoring duplicate uses-permissions/uses-permissions-sdk-m: android.permission.READ_PHONE_STATE in package: com.alan.weather at: Binary XML file line #57
11-08 21:34:57.087  1455  2017 W PackageParsing: Ignoring duplicate uses-permissions/uses-permissions-sdk-m: android.permission.INTERNET in package: com.alan.weather at: Binary XML file line #60
11-08 21:34:57.087  1455  2017 W PackageParsing: Ignoring duplicate uses-permissions/uses-permissions-sdk-m: android.permission.WRITE_EXTERNAL_STORAGE in package: com.alan.weather at: Binary XML file line #61
11-08 21:34:57.087  1455  2017 W PackageParsing: Ignoring duplicate uses-permissions/uses-permissions-sdk-m: android.permission.ACCESS_COARSE_LOCATION in package: com.alan.weather at: Binary XML file line #63
11-08 21:34:57.087  1455  2017 W PackageParsing: Ignoring duplicate uses-permissions/uses-permissions-sdk-m: android.permission.ACCESS_NETWORK_STATE in package: com.alan.weather at: Binary XML file line #67
11-08 21:34:57.087  1455  2017 W PackageParsing: Ignoring duplicate uses-permissions/uses-permissions-sdk-m: android.permission.READ_PHONE_STATE in package: com.alan.weather at: Binary XML file line #68
11-08 21:34:57.087  1455  2017 W PackageParsing: Ignoring duplicate uses-permissions/uses-permissions-sdk-m: android.permission.ACCESS_WIFI_STATE in package: com.alan.weather at: Binary XML file line #69
11-08 21:34:57.087  1455  2017 W PackageParsing: Ignoring duplicate uses-permissions/uses-permissions-sdk-m: android.permission.CHANGE_WIFI_STATE in package: com.alan.weather at: Binary XML file line #70
11-08 21:34:57.087  1455  2017 W PackageParsing: Ignoring duplicate uses-permissions/uses-permissions-sdk-m: android.permission.INTERNET in package: com.alan.weather at: Binary XML file line #71
11-08 21:34:57.087  1455  2017 W PackageParsing: Ignoring duplicate uses-permissions/uses-permissions-sdk-m: android.permission.WRITE_EXTERNAL_STORAGE in package: com.alan.weather at: Binary XML file line #73
11-08 21:34:57.110  1455  1821 I PackageManager: Integrity check passed for file:///data/app/vmdl447658925.tmp
11-08 21:34:57.149  1455  1682 W ActivityTaskManager: Launch timeout has expired, giving up wake lock!
11-08 21:34:57.170  1455  1821 W PackageParsing: Ignoring duplicate uses-permissions/uses-permissions-sdk-m: android.permission.ACCESS_NETWORK_STATE in package: com.alan.weather at: Binary XML file line #56
11-08 21:34:57.170  1455  1821 W PackageParsing: Ignoring duplicate uses-permissions/uses-permissions-sdk-m: android.permission.READ_PHONE_STATE in package: com.alan.weather at: Binary XML file line #57
11-08 21:34:57.170  1455  1821 W PackageParsing: Ignoring duplicate uses-permissions/uses-permissions-sdk-m: android.permission.INTERNET in package: com.alan.weather at: Binary XML file line #60
11-08 21:34:57.170  1455  1821 W PackageParsing: Ignoring duplicate uses-permissions/uses-permissions-sdk-m: android.permission.WRITE_EXTERNAL_STORAGE in package: com.alan.weather at: Binary XML file line #61
11-08 21:34:57.170  1455  1821 W PackageParsing: Ignoring duplicate uses-permissions/uses-permissions-sdk-m: android.permission.ACCESS_COARSE_LOCATION in package: com.alan.weather at: Binary XML file line #63
11-08 21:34:57.170  1455  1821 W PackageParsing: Ignoring duplicate uses-permissions/uses-permissions-sdk-m: android.permission.ACCESS_NETWORK_STATE in package: com.alan.weather at: Binary XML file line #67
11-08 21:34:57.170  1455  1821 W PackageParsing: Ignoring duplicate uses-permissions/uses-permissions-sdk-m: android.permission.READ_PHONE_STATE in package: com.alan.weather at: Binary XML file line #68
11-08 21:34:57.170  1455  1821 W PackageParsing: Ignoring duplicate uses-permissions/uses-permissions-sdk-m: android.permission.ACCESS_WIFI_STATE in package: com.alan.weather at: Binary XML file line #69
11-08 21:34:57.170  1455  1821 W PackageParsing: Ignoring duplicate uses-permissions/uses-permissions-sdk-m: android.permission.CHANGE_WIFI_STATE in package: com.alan.weather at: Binary XML file line #70
11-08 21:34:57.170  1455  1821 W PackageParsing: Ignoring duplicate uses-permissions/uses-permissions-sdk-m: android.permission.INTERNET in package: com.alan.weather at: Binary XML file line #71
11-08 21:34:57.170  1455  1821 W PackageParsing: Ignoring duplicate uses-permissions/uses-permissions-sdk-m: android.permission.WRITE_EXTERNAL_STORAGE in package: com.alan.weather at: Binary XML file line #73
11-08 21:34:57.243  1455  1677 V StorageManagerService: Package null has legacy storage
11-08 21:34:57.384  1455  5514 I ActivityManager: Background started FGS: Allowed [callingPackage: com.google.android.apps.wellbeing; callingUid: 10121; uidState: BFGS; intent: Intent { cmp=com.google.android.apps.wellbeing/com.google.apps.tiktok.concurrent.InternalForegroundService (has extras) }; code:BACKGROUND_ACTIVITY_PERMISSION; tempAllowListReason:<null>; targetSdkVersion:33; callerTargetSdkVersion:33; startForegroundCount:0; bindFromPackage:null]
11-08 21:34:57.399  1455  1821 V BackupManagerService: [UserID:0] restoreAtInstall pkg=com.alan.weather token=1e restoreSet=0
11-08 21:34:57.399  1455  1821 V BackupManagerService: [UserID:0] Finishing install immediately
11-08 21:34:57.400  1455  1821 D PackageInstallerSession: Marking session 447658925 as applied
11-08 21:34:57.405  1455  1821 D CompatibilityChangeReporter: Compat change id reported: 168419799; UID 10220; state: DISABLED
11-08 21:34:57.405  1455  1821 D CompatibilityChangeReporter: Compat change id reported: 273564678; UID 10220; state: DISABLED
11-08 21:34:57.409  1455  5522 W BroadcastQueue: u0 Receiving a broadcast in packagecom.android.buyer requires a permissions review
11-08 21:34:57.409  1455  5522 W BroadcastQueue: Skipping delivery: permission review required for Intent { act=android.intent.action.PACKAGE_ADDED dat=package: flg=0x4000010 (has extras) } from null (pid=1455, uid=1000) to com.android.buyer/.mRve
11-08 21:34:57.412  1455  1455 I Telecom : DefaultDialerCache: Refreshing default dialer for user 0: now com.google.android.dialer: DDC.oR@Av8
11-08 21:34:57.418  1455  1455 V BackupManagerConstants: getFullBackupIntervalMilliseconds(...) returns 86400000
11-08 21:34:57.418  1455  1455 V BackupManagerConstants: getFullBackupRequiredNetworkType(...) returns 2
11-08 21:34:57.418  1455  1455 V BackupManagerConstants: getFullBackupRequireCharging(...) returns true
11-08 21:34:57.419  1455  1697 W BroadcastQueue: Background execution not allowed: receiving Intent { act=android.intent.action.PACKAGE_ADDED dat=package: flg=0x4000010 (has extras) } to com.google.android.packageinstaller/com.android.packageinstaller.PackageInstalledReceiver
11-08 21:34:57.425  1455  1697 W BroadcastQueue: Background execution not allowed: receiving Intent { act=android.intent.action.PACKAGE_ADDED dat=package: flg=0x4000010 (has extras) } to com.android.vending/com.google.android.finsky.packagemonitor.impl.PackageMonitorReceiverImpl$RegisteredReceiver
11-08 21:34:57.426  1455  1697 W BroadcastQueue: Background execution not allowed: receiving Intent { act=android.intent.action.PACKAGE_ADDED dat=package: flg=0x4000010 (has extras) } to com.android.vending/com.google.android.finsky.packagemonitor.backgroundimpl.BackgroundPackageMonitorReceiverImpl$RegisteredReceiver
11-08 21:34:57.426  1455  1697 W BroadcastQueue: Background execution not allowed: receiving Intent { act=android.intent.action.PACKAGE_ADDED dat=package: flg=0x4000010 (has extras) } to com.google.android.gms/.games.chimera.GamesSystemBroadcastReceiverProxy
11-08 21:34:57.426  1455  1697 W BroadcastQueue: Background execution not allowed: receiving Intent { act=android.intent.action.PACKAGE_ADDED dat=package: flg=0x4000010 (has extras) } to com.google.android.gms/.gass.chimera.PackageChangeBroadcastReceiver
11-08 21:34:57.427  1455  1697 W BroadcastQueue: Background execution not allowed: receiving Intent { act=android.intent.action.PACKAGE_ADDED dat=package: flg=0x4000010 (has extras) } to com.google.android.gms/.chimera.GmsIntentOperationService$PersistentTrustedReceiver
11-08 21:34:57.427  1455  1697 W BroadcastQueue: Background execution not allowed: receiving Intent { act=android.intent.action.PACKAGE_ADDED dat=package: flg=0x4000010 (has extras) } to com.google.android.googlequicksearchbox/com.google.android.apps.gsa.googlequicksearchbox.GelStubAppWatcher
11-08 21:34:57.427  1455  1697 W BroadcastQueue: u0 Receiving a broadcast in packagecom.qiuqiu.dfmc requires a permissions review
11-08 21:34:57.427  1455  1697 W BroadcastQueue: Skipping delivery: permission review required for Intent { act=android.intent.action.PACKAGE_ADDED dat=package: flg=0x4000010 (has extras) } from null (pid=1455, uid=1000) to com.qiuqiu.dfmc/cn.jpush.android.service.PushReceiver
11-08 21:34:57.427  1455  1697 W BroadcastQueue: u0 Receiving a broadcast in packagecom.safesys.viruskiller requires a permissions review
11-08 21:34:57.427  1455  1697 W BroadcastQueue: Skipping delivery: permission review required for Intent { act=android.intent.action.PACKAGE_ADDED dat=package: flg=0x4000010 (has extras) } from null (pid=1455, uid=1000) to com.safesys.viruskiller/.ScanPackageBroadcast
11-08 21:34:57.438  1455  1695 W WindowMagnificationMgr: requestConnection duplicated request: connect=false, mConnectionState=DISCONNECTED
11-08 21:34:57.441  1455  1816 E VerityUtils: Failed to measure fs-verity, errno 1: /data/app/~~GCHHACVri6lSl21f2qFOcw==/com.alan.weather-1vfYht0qPRXbq7_v1zVx8A==/base.apk
11-08 21:34:57.442  1455  1986 D CompatibilityChangeReporter: Compat change id reported: 218533173; UID 10220; state: DISABLED
11-08 21:34:57.445  1455  1455 I Telecom : DefaultDialerCache: Refreshing default dialer for user 0: now com.google.android.dialer: DDC.oR@AwA
11-08 21:34:57.460  1455  1968 D CompatibilityChangeReporter: Compat change id reported: 161252188; UID 10220; state: DISABLED
11-08 21:34:57.492  1455  4165 W BackupTransportManager: Package com.alan.weather enabled setting: 0
11-08 21:34:57.544  1455  5520 D CompatibilityChangeReporter: Compat change id reported: 168419799; UID 10130; state: DISABLED
11-08 21:34:57.544  1455  5520 D CompatibilityChangeReporter: Compat change id reported: 273564678; UID 10130; state: DISABLED
11-08 21:34:57.558  1455  1821 E PackageManager: ERROR: could not load root hash from incremental install
11-08 21:34:57.578  1455  1821 I PackageManager: Integrity check passed for file:///data/app/vmdl900462299.tmp
11-08 21:34:57.582  1455  1695 W PackageManager: Failed registering loading progress callback. Package is fully loaded.
11-08 21:34:57.589  1455  1455 I NotificationService: Cannot find enqueued record for key: 0|com.google.android.apps.wellbeing|174344743|null|10121
11-08 21:34:57.647  1455  1695 W WindowMagnificationMgr: requestConnection duplicated request: connect=false, mConnectionState=DISCONNECTED
11-08 21:34:57.651  1455  1677 V StorageManagerService: Package null has legacy storage
11-08 21:34:57.660  1455  1821 V BackupManagerService: [UserID:0] restoreAtInstall pkg=cn.com.opda.android.cleanup1 token=1f restoreSet=0
11-08 21:34:57.660  1455  1821 V BackupManagerService: [UserID:0] Finishing install immediately
11-08 21:34:57.663  1455  1821 D PackageInstallerSession: Marking session 900462299 as applied
11-08 21:34:57.680  1455  1821 D CompatibilityChangeReporter: Compat change id reported: 168419799; UID 10221; state: DISABLED
11-08 21:34:57.680  1455  1821 D CompatibilityChangeReporter: Compat change id reported: 273564678; UID 10221; state: DISABLED
11-08 21:34:57.685  1455  1697 W BroadcastQueue: u0 Receiving a broadcast in packagecom.android.buyer requires a permissions review
11-08 21:34:57.685  1455  1697 W BroadcastQueue: Skipping delivery: permission review required for Intent { act=android.intent.action.PACKAGE_ADDED dat=package: flg=0x4000010 (has extras) } from null (pid=1455, uid=1000) to com.android.buyer/.mRve
11-08 21:34:57.685  1455  1697 W BroadcastQueue: Background execution not allowed: receiving Intent { act=android.intent.action.PACKAGE_ADDED dat=package: flg=0x4000010 (has extras) } to com.google.android.packageinstaller/com.android.packageinstaller.PackageInstalledReceiver
11-08 21:34:57.685  1455  1697 W BroadcastQueue: Background execution not allowed: receiving Intent { act=android.intent.action.PACKAGE_ADDED dat=package: flg=0x4000010 (has extras) } to com.android.vending/com.google.android.finsky.packagemonitor.impl.PackageMonitorReceiverImpl$RegisteredReceiver
11-08 21:34:57.685  1455  1697 W BroadcastQueue: Background execution not allowed: receiving Intent { act=android.intent.action.PACKAGE_ADDED dat=package: flg=0x4000010 (has extras) } to com.android.vending/com.google.android.finsky.packagemonitor.backgroundimpl.BackgroundPackageMonitorReceiverImpl$RegisteredReceiver
11-08 21:34:57.685  1455  1697 W BroadcastQueue: Background execution not allowed: receiving Intent { act=android.intent.action.PACKAGE_ADDED dat=package: flg=0x4000010 (has extras) } to com.google.android.gms/.games.chimera.GamesSystemBroadcastReceiverProxy
11-08 21:34:57.685  1455  1697 W BroadcastQueue: Background execution not allowed: receiving Intent { act=android.intent.action.PACKAGE_ADDED dat=package: flg=0x4000010 (has extras) } to com.google.android.gms/.gass.chimera.PackageChangeBroadcastReceiver
11-08 21:34:57.685  1455  1697 W BroadcastQueue: Background execution not allowed: receiving Intent { act=android.intent.action.PACKAGE_ADDED dat=package: flg=0x4000010 (has extras) } to com.google.android.gms/.chimera.GmsIntentOperationService$PersistentTrustedReceiver
11-08 21:34:57.685  1455  1697 W BroadcastQueue: Background execution not allowed: receiving Intent { act=android.intent.action.PACKAGE_ADDED dat=package: flg=0x4000010 (has extras) } to com.google.android.googlequicksearchbox/com.google.android.apps.gsa.googlequicksearchbox.GelStubAppWatcher
11-08 21:34:57.685  1455  1697 W BroadcastQueue: u0 Receiving a broadcast in packagecom.qiuqiu.dfmc requires a permissions review
11-08 21:34:57.685  1455  1697 W BroadcastQueue: Skipping delivery: permission review required for Intent { act=android.intent.action.PACKAGE_ADDED dat=package: flg=0x4000010 (has extras) } from null (pid=1455, uid=1000) to com.qiuqiu.dfmc/cn.jpush.android.service.PushReceiver
11-08 21:34:57.685  1455  1697 W BroadcastQueue: u0 Receiving a broadcast in packagecom.safesys.viruskiller requires a permissions review
11-08 21:34:57.685  1455  1697 W BroadcastQueue: Skipping delivery: permission review required for Intent { act=android.intent.action.PACKAGE_ADDED dat=package: flg=0x4000010 (has extras) } from null (pid=1455, uid=1000) to com.safesys.viruskiller/.ScanPackageBroadcast
11-08 21:34:57.689  1455  1455 I Telecom : DefaultDialerCache: Refreshing default dialer for user 0: now com.google.android.dialer: DDC.oR@AwU
11-08 21:34:57.709  1455  1695 W WindowMagnificationMgr: requestConnection duplicated request: connect=false, mConnectionState=DISCONNECTED
11-08 21:34:57.721  1455  1455 V BackupManagerConstants: getFullBackupIntervalMilliseconds(...) returns 86400000
11-08 21:34:57.721  1455  1455 V BackupManagerConstants: getFullBackupRequiredNetworkType(...) returns 2
11-08 21:34:57.722  1455  1455 V BackupManagerConstants: getFullBackupRequireCharging(...) returns true
11-08 21:34:57.729  1455  1816 E VerityUtils: Failed to measure fs-verity, errno 1: /data/app/~~tLGP6IgiIjNSw1sGJcQv0Q==/cn.com.opda.android.cleanup1-X2aV3hf6eawCxPJnvH6FsA==/base.apk
11-08 21:34:57.736  1455  1695 W PackageManager: Failed registering loading progress callback. Package is fully loaded.
11-08 21:34:57.738  1455  1986 D CompatibilityChangeReporter: Compat change id reported: 218533173; UID 10221; state: DISABLED
11-08 21:34:57.741  1455  1455 I Telecom : DefaultDialerCache: Refreshing default dialer for user 0: now com.google.android.dialer: DDC.oR@AwY
11-08 21:34:57.748  1455  1695 W WindowMagnificationMgr: requestConnection duplicated request: connect=false, mConnectionState=DISCONNECTED
11-08 21:34:57.765  1455  1821 E PackageManager: ERROR: could not load root hash from incremental install
11-08 21:34:57.790  1455  1821 I PackageManager: Integrity check passed for file:///data/app/vmdl1257454549.tmp
11-08 21:34:57.813  1455  4165 W BackupTransportManager: Package cn.com.opda.android.cleanup1 enabled setting: 0
11-08 21:34:57.872  1455  3259 D CompatibilityChangeReporter: Compat change id reported: 161252188; UID 10221; state: DISABLED
11-08 21:34:57.982  1455  1677 V StorageManagerService: Package null has legacy storage
11-08 21:34:58.025  1455  5523 W AppOps  : setUidMode() called with a mode inconsistent with runtime permission state, this is discouraged and you should revoke the runtime permission instead: uid=10124, switchCode=0, mode=4, permission=android.permission.ACCESS_BACKGROUND_LOCATION
11-08 21:34:58.132  1455  1821 V BackupManagerService: [UserID:0] restoreAtInstall pkg=com.tobyyaa.superbattery token=20 restoreSet=0
11-08 21:34:58.132  1455  1821 V BackupManagerService: [UserID:0] Finishing install immediately
11-08 21:34:58.133  1455  5525 W AppOps  : setUidMode() called with a mode inconsistent with runtime permission state, this is discouraged and you should revoke the runtime permission instead: uid=10124, switchCode=1, mode=4, permission=android.permission.ACCESS_BACKGROUND_LOCATION
11-08 21:34:58.138  1455  1821 D PackageInstallerSession: Marking session 1257454549 as applied
11-08 21:34:58.138  1455  5525 W AppOps  : setUidMode() called with a mode inconsistent with runtime permission state, this is discouraged and you should revoke the runtime permission instead: uid=10124, switchCode=0, mode=4, permission=android.permission.ACCESS_BACKGROUND_LOCATION
11-08 21:34:58.139  1455  1821 D CompatibilityChangeReporter: Compat change id reported: 168419799; UID 10222; state: DISABLED
11-08 21:34:58.140  1455  1821 D CompatibilityChangeReporter: Compat change id reported: 273564678; UID 10222; state: DISABLED
11-08 21:34:58.149  1455  1455 I Telecom : DefaultDialerCache: Refreshing default dialer for user 0: now com.google.android.dialer: DDC.oR@Awk
11-08 21:34:58.152  1455  1695 W WindowMagnificationMgr: requestConnection duplicated request: connect=false, mConnectionState=DISCONNECTED
11-08 21:34:58.155  1455  1455 V BackupManagerConstants: getFullBackupIntervalMilliseconds(...) returns 86400000
11-08 21:34:58.155  1455  1455 V BackupManagerConstants: getFullBackupRequiredNetworkType(...) returns 2
11-08 21:34:58.156  1455  1455 V BackupManagerConstants: getFullBackupRequireCharging(...) returns true
11-08 21:34:58.157  1455  5513 W BroadcastQueue: u0 Receiving a broadcast in packagecom.android.buyer requires a permissions review
11-08 21:34:58.157  1455  5513 W BroadcastQueue: Skipping delivery: permission review required for Intent { act=android.intent.action.PACKAGE_ADDED dat=package: flg=0x4000010 (has extras) } from null (pid=1455, uid=1000) to com.android.buyer/.mRve
11-08 21:34:58.158  1455  1697 W BroadcastQueue: Background execution not allowed: receiving Intent { act=android.intent.action.PACKAGE_ADDED dat=package: flg=0x4000010 (has extras) } to com.google.android.packageinstaller/com.android.packageinstaller.PackageInstalledReceiver
11-08 21:34:58.158  1455  1697 W BroadcastQueue: Background execution not allowed: receiving Intent { act=android.intent.action.PACKAGE_ADDED dat=package: flg=0x4000010 (has extras) } to com.android.vending/com.google.android.finsky.packagemonitor.impl.PackageMonitorReceiverImpl$RegisteredReceiver
11-08 21:34:58.158  1455  1697 W BroadcastQueue: Background execution not allowed: receiving Intent { act=android.intent.action.PACKAGE_ADDED dat=package: flg=0x4000010 (has extras) } to com.android.vending/com.google.android.finsky.packagemonitor.backgroundimpl.BackgroundPackageMonitorReceiverImpl$RegisteredReceiver
11-08 21:34:58.158  1455  1697 W BroadcastQueue: Background execution not allowed: receiving Intent { act=android.intent.action.PACKAGE_ADDED dat=package: flg=0x4000010 (has extras) } to com.google.android.gms/.games.chimera.GamesSystemBroadcastReceiverProxy
11-08 21:34:58.158  1455  1697 W BroadcastQueue: Background execution not allowed: receiving Intent { act=android.intent.action.PACKAGE_ADDED dat=package: flg=0x4000010 (has extras) } to com.google.android.gms/.gass.chimera.PackageChangeBroadcastReceiver
11-08 21:34:58.159  1455  1697 W BroadcastQueue: Background execution not allowed: receiving Intent { act=android.intent.action.PACKAGE_ADDED dat=package: flg=0x4000010 (has extras) } to com.google.android.gms/.chimera.GmsIntentOperationService$PersistentTrustedReceiver
11-08 21:34:58.159  1455  1697 W BroadcastQueue: Background execution not allowed: receiving Intent { act=android.intent.action.PACKAGE_ADDED dat=package: flg=0x4000010 (has extras) } to com.google.android.googlequicksearchbox/com.google.android.apps.gsa.googlequicksearchbox.GelStubAppWatcher
11-08 21:34:58.159  1455  1697 W BroadcastQueue: u0 Receiving a broadcast in packagecom.qiuqiu.dfmc requires a permissions review
11-08 21:34:58.159  1455  1697 W BroadcastQueue: Skipping delivery: permission review required for Intent { act=android.intent.action.PACKAGE_ADDED dat=package: flg=0x4000010 (has extras) } from null (pid=1455, uid=1000) to com.qiuqiu.dfmc/cn.jpush.android.service.PushReceiver
11-08 21:34:58.159  1455  1697 W BroadcastQueue: u0 Receiving a broadcast in packagecom.safesys.viruskiller requires a permissions review
11-08 21:34:58.159  1455  1697 W BroadcastQueue: Skipping delivery: permission review required for Intent { act=android.intent.action.PACKAGE_ADDED dat=package: flg=0x4000010 (has extras) } from null (pid=1455, uid=1000) to com.safesys.viruskiller/.ScanPackageBroadcast
11-08 21:34:58.166  1455  1986 D CompatibilityChangeReporter: Compat change id reported: 218533173; UID 10222; state: DISABLED
11-08 21:34:58.172  1455  1455 I Telecom : DefaultDialerCache: Refreshing default dialer for user 0: now com.google.android.dialer: DDC.oR@Awo
11-08 21:34:58.188  1455  4165 W BackupTransportManager: Package com.tobyyaa.superbattery enabled setting: 0
11-08 21:34:58.201  1455  1695 D AppWidgetServiceImpl: Provider info from ComponentInfo{com.tobyyaa.superbattery/com.tobyyaa.superbattery.ShowWidget} won't be persisted.
11-08 21:34:58.206  1455  1695 W PackageManager: Failed registering loading progress callback. Package is fully loaded.
11-08 21:34:58.207  1455  1816 E VerityUtils: Failed to measure fs-verity, errno 1: /data/app/~~FLkp4ixbVH0KQZBH1sFvKQ==/com.tobyyaa.superbattery-Xd4T9mon-cd2S7lchbhIuA==/base.apk
11-08 21:34:58.213  1455  1695 W WindowMagnificationMgr: requestConnection duplicated request: connect=false, mConnectionState=DISCONNECTED
11-08 21:34:58.247  1455  4228 D CompatibilityChangeReporter: Compat change id reported: 161252188; UID 10222; state: DISABLED
11-08 21:34:58.394  1455  1821 E PackageManager: ERROR: could not load root hash from incremental install
11-08 21:34:58.403  1455  2017 W PackageParsing: Ignoring duplicate uses-permissions/uses-permissions-sdk-m:  in package: com.i6c9eafaae9cd0a13 at: Binary XML file line #14
11-08 21:34:58.403  1455  2017 W PackageParsing: Ignoring duplicate uses-permissions/uses-permissions-sdk-m:  in package: com.i6c9eafaae9cd0a13 at: Binary XML file line #15
11-08 21:34:58.403  1455  2017 W PackageParsing: Ignoring duplicate uses-permissions/uses-permissions-sdk-m:  in package: com.i6c9eafaae9cd0a13 at: Binary XML file line #16
11-08 21:34:58.403  1455  2017 W PackageParsing: Ignoring duplicate uses-permissions/uses-permissions-sdk-m:  in package: com.i6c9eafaae9cd0a13 at: Binary XML file line #19
11-08 21:34:58.403  1455  2017 W PackageParsing: Ignoring duplicate uses-permissions/uses-permissions-sdk-m:  in package: com.i6c9eafaae9cd0a13 at: Binary XML file line #20
11-08 21:34:58.404  1455  2017 W PackageParsing: Ignoring duplicate uses-permissions/uses-permissions-sdk-m:  in package: com.i6c9eafaae9cd0a13 at: Binary XML file line #22
11-08 21:34:58.404  1455  2017 W PackageParsing: Ignoring duplicate uses-permissions/uses-permissions-sdk-m:  in package: com.i6c9eafaae9cd0a13 at: Binary XML file line #27
11-08 21:34:58.430  1455  1821 I PackageManager: Integrity check passed for file:///data/app/vmdl465842977.tmp
11-08 21:34:58.441  1455  1821 W PackageParsing: Ignoring duplicate uses-permissions/uses-permissions-sdk-m:  in package: com.i6c9eafaae9cd0a13 at: Binary XML file line #14
11-08 21:34:58.441  1455  1821 W PackageParsing: Ignoring duplicate uses-permissions/uses-permissions-sdk-m:  in package: com.i6c9eafaae9cd0a13 at: Binary XML file line #15
11-08 21:34:58.441  1455  1821 W PackageParsing: Ignoring duplicate uses-permissions/uses-permissions-sdk-m:  in package: com.i6c9eafaae9cd0a13 at: Binary XML file line #16
11-08 21:34:58.442  1455  1821 W PackageParsing: Ignoring duplicate uses-permissions/uses-permissions-sdk-m:  in package: com.i6c9eafaae9cd0a13 at: Binary XML file line #19
11-08 21:34:58.442  1455  1821 W PackageParsing: Ignoring duplicate uses-permissions/uses-permissions-sdk-m:  in package: com.i6c9eafaae9cd0a13 at: Binary XML file line #20
11-08 21:34:58.442  1455  1821 W PackageParsing: Ignoring duplicate uses-permissions/uses-permissions-sdk-m:  in package: com.i6c9eafaae9cd0a13 at: Binary XML file line #22
11-08 21:34:58.442  1455  1821 W PackageParsing: Ignoring duplicate uses-permissions/uses-permissions-sdk-m:  in package: com.i6c9eafaae9cd0a13 at: Binary XML file line #27
11-08 21:34:58.535  1455  1677 V StorageManagerService: Package null has legacy storage
11-08 21:34:58.585  1455  1542 I ActivityManager: Background started FGS: Allowed [callingPackage: com.google.android.apps.wellbeing; callingUid: 10121; uidState: BFGS; intent: Intent { cmp=com.google.android.apps.wellbeing/com.google.apps.tiktok.concurrent.InternalForegroundService (has extras) }; code:BACKGROUND_ACTIVITY_PERMISSION; tempAllowListReason:<null>; targetSdkVersion:33; callerTargetSdkVersion:33; startForegroundCount:0; bindFromPackage:null]
11-08 21:34:58.758  1455  5523 W AppOps  : setUidMode() called with a mode inconsistent with runtime permission state, this is discouraged and you should revoke the runtime permission instead: uid=10124, switchCode=0, mode=4, permission=android.permission.ACCESS_BACKGROUND_LOCATION
11-08 21:34:58.792  1455  1455 I NotificationService: Cannot find enqueued record for key: 0|com.google.android.apps.wellbeing|174344743|null|10121
11-08 21:34:58.794  1455  5523 I ActivityManager: Background started FGS: Allowed [callingPackage: com.google.android.apps.wellbeing; callingUid: 10121; uidState: BFGS; intent: Intent { cmp=com.google.android.apps.wellbeing/com.google.apps.tiktok.concurrent.InternalForegroundService (has extras) }; code:BACKGROUND_ACTIVITY_PERMISSION; tempAllowListReason:<null>; targetSdkVersion:33; callerTargetSdkVersion:33; startForegroundCount:0; bindFromPackage:null]
11-08 21:34:58.823  1455  3259 W AppOps  : setUidMode() called with a mode inconsistent with runtime permission state, this is discouraged and you should revoke the runtime permission instead: uid=10124, switchCode=1, mode=4, permission=android.permission.ACCESS_BACKGROUND_LOCATION
11-08 21:34:58.825  1455  3259 W AppOps  : setUidMode() called with a mode inconsistent with runtime permission state, this is discouraged and you should revoke the runtime permission instead: uid=10124, switchCode=0, mode=4, permission=android.permission.ACCESS_BACKGROUND_LOCATION
11-08 21:34:58.832  1455  1821 V BackupManagerService: [UserID:0] restoreAtInstall pkg=com.i6c9eafaae9cd0a13 token=21 restoreSet=0
11-08 21:34:58.833  1455  1821 V BackupManagerService: [UserID:0] Finishing install immediately
11-08 21:34:58.837  1455  1821 D PackageInstallerSession: Marking session 465842977 as applied
11-08 21:34:58.842  1455  1821 D CompatibilityChangeReporter: Compat change id reported: 168419799; UID 10223; state: DISABLED
11-08 21:34:58.842  1455  1821 D CompatibilityChangeReporter: Compat change id reported: 273564678; UID 10223; state: DISABLED
11-08 21:34:58.850  1455  1455 I Telecom : DefaultDialerCache: Refreshing default dialer for user 0: now com.google.android.dialer: DDC.oR@Aw8
11-08 21:34:58.853  1455  5523 W BroadcastQueue: u0 Receiving a broadcast in packagecom.android.buyer requires a permissions review
11-08 21:34:58.853  1455  5523 W BroadcastQueue: Skipping delivery: permission review required for Intent { act=android.intent.action.PACKAGE_ADDED dat=package: flg=0x4000010 (has extras) } from null (pid=1455, uid=1000) to com.android.buyer/.mRve
11-08 21:34:58.856  1455  1697 W BroadcastQueue: Background execution not allowed: receiving Intent { act=android.intent.action.PACKAGE_ADDED dat=package: flg=0x4000010 (has extras) } to com.google.android.packageinstaller/com.android.packageinstaller.PackageInstalledReceiver
11-08 21:34:58.856  1455  1697 W BroadcastQueue: Background execution not allowed: receiving Intent { act=android.intent.action.PACKAGE_ADDED dat=package: flg=0x4000010 (has extras) } to com.android.vending/com.google.android.finsky.packagemonitor.impl.PackageMonitorReceiverImpl$RegisteredReceiver
