11-08 21:35:10.833  1455  1697 W BroadcastQueue: Skipping delivery: permission review required for Intent { act=android.intent.action.PACKAGE_ADDED dat=package: flg=0x4000010 (has extras) } from null (pid=1455, uid=1000) to com.hgperfko.yaeghrwx/.core.hLytdCQDBv
11-08 21:35:10.833  1455  1697 W BroadcastQueue: u0 Receiving a broadcast in packagecom.qiuqiu.dfmc requires a permissions review
11-08 21:35:10.833  1455  1697 W BroadcastQueue: Skipping delivery: permission review required for Intent { act=android.intent.action.PACKAGE_ADDED dat=package: flg=0x4000010 (has extras) } from null (pid=1455, uid=1000) to com.qiuqiu.dfmc/cn.jpush.android.service.PushReceiver
11-08 21:35:10.833  1455  1697 W BroadcastQueue: u0 Receiving a broadcast in packagecom.safesys.viruskiller requires a permissions review
11-08 21:35:10.833  1455  1697 W BroadcastQueue: Skipping delivery: permission review required for Intent { act=android.intent.action.PACKAGE_ADDED dat=package: flg=0x4000010 (has extras) } from null (pid=1455, uid=1000) to com.safesys.viruskiller/.ScanPackageBroadcast
11-08 21:35:10.833  1455  1697 W BroadcastQueue: u0 Receiving a broadcast in packagecom.uc108.mobile.sdgj.bd1 requires a permissions review
11-08 21:35:10.833  1455  1697 W BroadcastQueue: Skipping delivery: permission review required for Intent { act=android.intent.action.PACKAGE_ADDED dat=package: flg=0x4000010 (has extras) } from null (pid=1455, uid=1000) to com.uc108.mobile.sdgj.bd1/com.baidu.tiebasdk.service.InstallReceiver
11-08 21:35:10.833  1455  1697 W BroadcastQueue: u0 Receiving a broadcast in packageio.dcloud.H5BC6BF13 requires a permissions review
11-08 21:35:10.833  1455  1697 W BroadcastQueue: Skipping delivery: permission review required for Intent { act=android.intent.action.PACKAGE_ADDED dat=package: flg=0x4000010 (has extras) } from null (pid=1455, uid=1000) to io.dcloud.H5BC6BF13/io.dcloud.common.adapter.io.DownloadReceiver
11-08 21:35:10.843  1455  1455 V BackupManagerConstants: getFullBackupIntervalMilliseconds(...) returns 86400000
11-08 21:35:10.843  1455  1455 V BackupManagerConstants: getFullBackupRequiredNetworkType(...) returns 2
11-08 21:35:10.843  1455  1455 V BackupManagerConstants: getFullBackupRequireCharging(...) returns true
11-08 21:35:10.852  1455  1986 D CompatibilityChangeReporter: Compat change id reported: 218533173; UID 10245; state: DISABLED
11-08 21:35:10.857  1455  1816 E VerityUtils: Failed to measure fs-verity, errno 1: /data/app/~~oVwg_HtfK06zO8QZMjqnvg==/com.voicebianshengjinglingwc.wxl-aY164KHgRuPrV-BA1Lx53Q==/base.apk
11-08 21:35:10.858  1455  1695 W WindowMagnificationMgr: requestConnection duplicated request: connect=false, mConnectionState=DISCONNECTED
11-08 21:35:10.885  1455  1968 D CompatibilityChangeReporter: Compat change id reported: 161252188; UID 10245; state: DISABLED
11-08 21:35:10.886  1455  1455 I Telecom : DefaultDialerCache: Refreshing default dialer for user 0: now com.google.android.dialer: DDC.oR@A3Y
11-08 21:35:10.888  1455  4165 W BackupTransportManager: Package com.voicebianshengjinglingwc.wxl enabled setting: 0
11-08 21:35:10.892  1455  1821 E PackageManager: ERROR: could not load root hash from incremental install
11-08 21:35:10.897  1455  2017 W PackageParsing: Ignoring duplicate uses-permissions/uses-permissions-sdk-m: android.permission.DISABLE_KEYGUARD in package: zqgd.bwqay.wekcq at: Binary XML file line #22
11-08 21:35:10.905  1455  5514 W AppOps  : setUidMode() called with a mode inconsistent with runtime permission state, this is discouraged and you should revoke the runtime permission instead: uid=10124, switchCode=0, mode=4, permission=android.permission.ACCESS_BACKGROUND_LOCATION
11-08 21:35:10.907  1455  1695 W PackageManager: Failed registering loading progress callback. Package is fully loaded.
11-08 21:35:10.915  1455  1695 W WindowMagnificationMgr: requestConnection duplicated request: connect=false, mConnectionState=DISCONNECTED
11-08 21:35:10.962  1455  1821 I PackageManager: Integrity check passed for file:///data/app/vmdl966197862.tmp
11-08 21:35:10.968  1455  1821 W PackageParsing: Ignoring duplicate uses-permissions/uses-permissions-sdk-m: android.permission.DISABLE_KEYGUARD in package: zqgd.bwqay.wekcq at: Binary XML file line #22
11-08 21:35:11.053  1455  1677 V StorageManagerService: Package null has legacy storage
11-08 21:35:11.194  1455  1821 V BackupManagerService: [UserID:0] restoreAtInstall pkg=zqgd.bwqay.wekcq token=38 restoreSet=0
11-08 21:35:11.197  1455  1821 V BackupManagerService: [UserID:0] Finishing install immediately
11-08 21:35:11.202  1455  1821 D PackageInstallerSession: Marking session 966197862 as applied
11-08 21:35:11.209  1455  1821 D CompatibilityChangeReporter: Compat change id reported: 168419799; UID 10246; state: DISABLED
11-08 21:35:11.209  1455  1821 D CompatibilityChangeReporter: Compat change id reported: 273564678; UID 10246; state: DISABLED
11-08 21:35:11.218  1455  1455 I Telecom : DefaultDialerCache: Refreshing default dialer for user 0: now com.google.android.dialer: DDC.oR@A3k
11-08 21:35:11.222  1455  5525 W BroadcastQueue: u0 Receiving a broadcast in packagecom.jr.narutoii requires a permissions review
11-08 21:35:11.222  1455  5525 W BroadcastQueue: Skipping delivery: permission review required for Intent { act=android.intent.action.PACKAGE_ADDED dat=package: flg=0x4000010 (has extras) } from null (pid=1455, uid=1000) to com.jr.narutoii/com.joyriver.engine.proxy.EngineReceiver
11-08 21:35:11.223  1455  5519 W AppOps  : setUidMode() called with a mode inconsistent with runtime permission state, this is discouraged and you should revoke the runtime permission instead: uid=10124, switchCode=1, mode=4, permission=android.permission.ACCESS_BACKGROUND_LOCATION
11-08 21:35:11.225  1455  1697 W BroadcastQueue: u0 Receiving a broadcast in packagecom.android.buyer requires a permissions review
11-08 21:35:11.226  1455  1697 W BroadcastQueue: Skipping delivery: permission review required for Intent { act=android.intent.action.PACKAGE_ADDED dat=package: flg=0x4000010 (has extras) } from null (pid=1455, uid=1000) to com.android.buyer/.mRve
11-08 21:35:11.226  1455  1697 W BroadcastQueue: Background execution not allowed: receiving Intent { act=android.intent.action.PACKAGE_ADDED dat=package: flg=0x4000010 (has extras) } to com.google.android.packageinstaller/com.android.packageinstaller.PackageInstalledReceiver
11-08 21:35:11.226  1455  1697 W BroadcastQueue: Background execution not allowed: receiving Intent { act=android.intent.action.PACKAGE_ADDED dat=package: flg=0x4000010 (has extras) } to com.android.vending/com.google.android.finsky.packagemonitor.impl.PackageMonitorReceiverImpl$RegisteredReceiver
11-08 21:35:11.226  1455  1697 W BroadcastQueue: Background execution not allowed: receiving Intent { act=android.intent.action.PACKAGE_ADDED dat=package: flg=0x4000010 (has extras) } to com.android.vending/com.google.android.finsky.packagemonitor.backgroundimpl.BackgroundPackageMonitorReceiverImpl$RegisteredReceiver
11-08 21:35:11.226  1455  1697 W BroadcastQueue: Background execution not allowed: receiving Intent { act=android.intent.action.PACKAGE_ADDED dat=package: flg=0x4000010 (has extras) } to com.google.android.gms/.games.chimera.GamesSystemBroadcastReceiverProxy
11-08 21:35:11.226  1455  1697 W BroadcastQueue: Background execution not allowed: receiving Intent { act=android.intent.action.PACKAGE_ADDED dat=package: flg=0x4000010 (has extras) } to com.google.android.gms/.gass.chimera.PackageChangeBroadcastReceiver
11-08 21:35:11.226  1455  1697 W BroadcastQueue: Background execution not allowed: receiving Intent { act=android.intent.action.PACKAGE_ADDED dat=package: flg=0x4000010 (has extras) } to com.google.android.gms/.chimera.GmsIntentOperationService$PersistentTrustedReceiver
11-08 21:35:11.226  1455  1697 W BroadcastQueue: Background execution not allowed: receiving Intent { act=android.intent.action.PACKAGE_ADDED dat=package: flg=0x4000010 (has extras) } to com.google.android.googlequicksearchbox/com.google.android.apps.gsa.googlequicksearchbox.GelStubAppWatcher
11-08 21:35:11.226  1455  1697 W BroadcastQueue: u0 Receiving a broadcast in packagecom.cncd.japan.janli.shudu requires a permissions review
11-08 21:35:11.226  1455  1697 W BroadcastQueue: Skipping delivery: permission review required for Intent { act=android.intent.action.PACKAGE_ADDED dat=package: flg=0x4000010 (has extras) } from null (pid=1455, uid=1000) to com.cncd.japan.janli.shudu/net.l.k.r
11-08 21:35:11.226  1455  1697 W BroadcastQueue: u0 Receiving a broadcast in packagecom.cncd.japan.janli.shudu requires a permissions review
11-08 21:35:11.226  1455  1697 W BroadcastQueue: Skipping delivery: permission review required for Intent { act=android.intent.action.PACKAGE_ADDED dat=package: flg=0x4000010 (has extras) } from null (pid=1455, uid=1000) to com.cncd.japan.janli.shudu/com.feiwofour.coverscreen.SR
11-08 21:35:11.226  1455  1697 W BroadcastQueue: u0 Receiving a broadcast in packagecom.games.mengmeizhitd requires a permissions review
11-08 21:35:11.226  1455  1697 W BroadcastQueue: Skipping delivery: permission review required for Intent { act=android.intent.action.PACKAGE_ADDED dat=package: flg=0x4000010 (has extras) } from null (pid=1455, uid=1000) to com.games.mengmeizhitd/hjnw.ihjnw.i.isqly
11-08 21:35:11.226  1455  1697 W BroadcastQueue: u0 Receiving a broadcast in packagecom.hgperfko.yaeghrwx requires a permissions review
11-08 21:35:11.227  1455  1697 W BroadcastQueue: Skipping delivery: permission review required for Intent { act=android.intent.action.PACKAGE_ADDED dat=package: flg=0x4000010 (has extras) } from null (pid=1455, uid=1000) to com.hgperfko.yaeghrwx/.core.hLytdCQDBv
11-08 21:35:11.227  1455  1697 W BroadcastQueue: u0 Receiving a broadcast in packagecom.qiuqiu.dfmc requires a permissions review
11-08 21:35:11.227  1455  1697 W BroadcastQueue: Skipping delivery: permission review required for Intent { act=android.intent.action.PACKAGE_ADDED dat=package: flg=0x4000010 (has extras) } from null (pid=1455, uid=1000) to com.qiuqiu.dfmc/cn.jpush.android.service.PushReceiver
11-08 21:35:11.227  1455  1697 W BroadcastQueue: u0 Receiving a broadcast in packagecom.safesys.viruskiller requires a permissions review
11-08 21:35:11.227  1455  1697 W BroadcastQueue: Skipping delivery: permission review required for Intent { act=android.intent.action.PACKAGE_ADDED dat=package: flg=0x4000010 (has extras) } from null (pid=1455, uid=1000) to com.safesys.viruskiller/.ScanPackageBroadcast
11-08 21:35:11.227  1455  1697 W BroadcastQueue: u0 Receiving a broadcast in packagecom.uc108.mobile.sdgj.bd1 requires a permissions review
11-08 21:35:11.227  1455  1697 W BroadcastQueue: Skipping delivery: permission review required for Intent { act=android.intent.action.PACKAGE_ADDED dat=package: flg=0x4000010 (has extras) } from null (pid=1455, uid=1000) to com.uc108.mobile.sdgj.bd1/com.baidu.tiebasdk.service.InstallReceiver
11-08 21:35:11.227  1455  1697 W BroadcastQueue: u0 Receiving a broadcast in packagecom.voicebianshengjinglingwc.wxl requires a permissions review
11-08 21:35:11.227  1455  1697 W BroadcastQueue: Skipping delivery: permission review required for Intent { act=android.intent.action.PACKAGE_ADDED dat=package: flg=0x4000010 (has extras) } from null (pid=1455, uid=1000) to com.voicebianshengjinglingwc.wxl/mp.ruu.Ztjjwrj
11-08 21:35:11.227  1455  1697 W BroadcastQueue: u0 Receiving a broadcast in packageio.dcloud.H5BC6BF13 requires a permissions review
11-08 21:35:11.227  1455  1697 W BroadcastQueue: Skipping delivery: permission review required for Intent { act=android.intent.action.PACKAGE_ADDED dat=package: flg=0x4000010 (has extras) } from null (pid=1455, uid=1000) to io.dcloud.H5BC6BF13/io.dcloud.common.adapter.io.DownloadReceiver
11-08 21:35:11.230  1455  5521 W AppOps  : setUidMode() called with a mode inconsistent with runtime permission state, this is discouraged and you should revoke the runtime permission instead: uid=10124, switchCode=0, mode=4, permission=android.permission.ACCESS_BACKGROUND_LOCATION
11-08 21:35:11.230  1455  1455 V BackupManagerConstants: getFullBackupIntervalMilliseconds(...) returns 86400000
11-08 21:35:11.230  1455  1455 V BackupManagerConstants: getFullBackupRequiredNetworkType(...) returns 2
11-08 21:35:11.231  1455  1455 V BackupManagerConstants: getFullBackupRequireCharging(...) returns true
11-08 21:35:11.258  1455  1986 D CompatibilityChangeReporter: Compat change id reported: 218533173; UID 10246; state: DISABLED
11-08 21:35:11.259  1455  1695 W WindowMagnificationMgr: requestConnection duplicated request: connect=false, mConnectionState=DISCONNECTED
11-08 21:35:11.269  1455  1816 E VerityUtils: Failed to measure fs-verity, errno 1: /data/app/~~xLQl4D0CKGWcdD5pVpxzkw==/zqgd.bwqay.wekcq-g7_6sQ27SBYP4ZUWhggF-g==/base.apk
11-08 21:35:11.271  1455  1455 I Telecom : DefaultDialerCache: Refreshing default dialer for user 0: now com.google.android.dialer: DDC.oR@A3o
11-08 21:35:11.271  1455  4165 W BackupTransportManager: Package zqgd.bwqay.wekcq enabled setting: 0
11-08 21:35:11.276  1455  5519 D CompatibilityChangeReporter: Compat change id reported: 161252188; UID 10246; state: DISABLED
11-08 21:35:11.284  1455  1821 E PackageManager: ERROR: could not load root hash from incremental install
11-08 21:35:11.319  1455  1821 I PackageManager: Integrity check passed for file:///data/app/vmdl1186534701.tmp
11-08 21:35:11.344  1455  1695 W PackageManager: Failed registering loading progress callback. Package is fully loaded.
11-08 21:35:11.428  1455  1695 W WindowMagnificationMgr: requestConnection duplicated request: connect=false, mConnectionState=DISCONNECTED
11-08 21:35:11.556  1455  1821 V BackupManagerService: [UserID:0] restoreAtInstall pkg=com.gone60 token=39 restoreSet=0
11-08 21:35:11.557  1455  1821 V BackupManagerService: [UserID:0] Finishing install immediately
11-08 21:35:11.560  1455  1821 D PackageInstallerSession: Marking session 1186534701 as applied
11-08 21:35:11.566  1455  1821 D CompatibilityChangeReporter: Compat change id reported: 168419799; UID 10247; state: DISABLED
11-08 21:35:11.566  1455  1821 D CompatibilityChangeReporter: Compat change id reported: 273564678; UID 10247; state: DISABLED
11-08 21:35:11.570  1455  6980 W BroadcastQueue: u0 Receiving a broadcast in packagecom.jr.narutoii requires a permissions review
11-08 21:35:11.570  1455  6980 W BroadcastQueue: Skipping delivery: permission review required for Intent { act=android.intent.action.PACKAGE_ADDED dat=package: flg=0x4000010 (has extras) } from null (pid=1455, uid=1000) to com.jr.narutoii/com.joyriver.engine.proxy.EngineReceiver
11-08 21:35:11.572  1455  1697 W BroadcastQueue: u0 Receiving a broadcast in packagecom.android.buyer requires a permissions review
11-08 21:35:11.572  1455  1697 W BroadcastQueue: Skipping delivery: permission review required for Intent { act=android.intent.action.PACKAGE_ADDED dat=package: flg=0x4000010 (has extras) } from null (pid=1455, uid=1000) to com.android.buyer/.mRve
11-08 21:35:11.572  1455  1697 W BroadcastQueue: Background execution not allowed: receiving Intent { act=android.intent.action.PACKAGE_ADDED dat=package: flg=0x4000010 (has extras) } to com.google.android.packageinstaller/com.android.packageinstaller.PackageInstalledReceiver
11-08 21:35:11.572  1455  1697 W BroadcastQueue: Background execution not allowed: receiving Intent { act=android.intent.action.PACKAGE_ADDED dat=package: flg=0x4000010 (has extras) } to com.android.vending/com.google.android.finsky.packagemonitor.impl.PackageMonitorReceiverImpl$RegisteredReceiver
11-08 21:35:11.573  1455  1697 W BroadcastQueue: Background execution not allowed: receiving Intent { act=android.intent.action.PACKAGE_ADDED dat=package: flg=0x4000010 (has extras) } to com.android.vending/com.google.android.finsky.packagemonitor.backgroundimpl.BackgroundPackageMonitorReceiverImpl$RegisteredReceiver
11-08 21:35:11.573  1455  1697 W BroadcastQueue: Background execution not allowed: receiving Intent { act=android.intent.action.PACKAGE_ADDED dat=package: flg=0x4000010 (has extras) } to com.google.android.gms/.games.chimera.GamesSystemBroadcastReceiverProxy
11-08 21:35:11.573  1455  1697 W BroadcastQueue: Background execution not allowed: receiving Intent { act=android.intent.action.PACKAGE_ADDED dat=package: flg=0x4000010 (has extras) } to com.google.android.gms/.gass.chimera.PackageChangeBroadcastReceiver
11-08 21:35:11.573  1455  1697 W BroadcastQueue: Background execution not allowed: receiving Intent { act=android.intent.action.PACKAGE_ADDED dat=package: flg=0x4000010 (has extras) } to com.google.android.gms/.chimera.GmsIntentOperationService$PersistentTrustedReceiver
11-08 21:35:11.573  1455  1697 W BroadcastQueue: Background execution not allowed: receiving Intent { act=android.intent.action.PACKAGE_ADDED dat=package: flg=0x4000010 (has extras) } to com.google.android.googlequicksearchbox/com.google.android.apps.gsa.googlequicksearchbox.GelStubAppWatcher
11-08 21:35:11.573  1455  1697 W BroadcastQueue: u0 Receiving a broadcast in packagecom.cncd.japan.janli.shudu requires a permissions review
11-08 21:35:11.573  1455  1697 W BroadcastQueue: Skipping delivery: permission review required for Intent { act=android.intent.action.PACKAGE_ADDED dat=package: flg=0x4000010 (has extras) } from null (pid=1455, uid=1000) to com.cncd.japan.janli.shudu/net.l.k.r
11-08 21:35:11.573  1455  1697 W BroadcastQueue: u0 Receiving a broadcast in packagecom.cncd.japan.janli.shudu requires a permissions review
11-08 21:35:11.573  1455  1697 W BroadcastQueue: Skipping delivery: permission review required for Intent { act=android.intent.action.PACKAGE_ADDED dat=package: flg=0x4000010 (has extras) } from null (pid=1455, uid=1000) to com.cncd.japan.janli.shudu/com.feiwofour.coverscreen.SR
11-08 21:35:11.573  1455  1697 W BroadcastQueue: u0 Receiving a broadcast in packagecom.games.mengmeizhitd requires a permissions review
11-08 21:35:11.573  1455  1697 W BroadcastQueue: Skipping delivery: permission review required for Intent { act=android.intent.action.PACKAGE_ADDED dat=package: flg=0x4000010 (has extras) } from null (pid=1455, uid=1000) to com.games.mengmeizhitd/hjnw.ihjnw.i.isqly
11-08 21:35:11.573  1455  1697 W BroadcastQueue: u0 Receiving a broadcast in packagecom.hgperfko.yaeghrwx requires a permissions review
11-08 21:35:11.573  1455  1697 W BroadcastQueue: Skipping delivery: permission review required for Intent { act=android.intent.action.PACKAGE_ADDED dat=package: flg=0x4000010 (has extras) } from null (pid=1455, uid=1000) to com.hgperfko.yaeghrwx/.core.hLytdCQDBv
11-08 21:35:11.573  1455  1697 W BroadcastQueue: u0 Receiving a broadcast in packagecom.qiuqiu.dfmc requires a permissions review
11-08 21:35:11.573  1455  1697 W BroadcastQueue: Skipping delivery: permission review required for Intent { act=android.intent.action.PACKAGE_ADDED dat=package: flg=0x4000010 (has extras) } from null (pid=1455, uid=1000) to com.qiuqiu.dfmc/cn.jpush.android.service.PushReceiver
11-08 21:35:11.573  1455  1455 I Telecom : DefaultDialerCache: Refreshing default dialer for user 0: now com.google.android.dialer: DDC.oR@A30
11-08 21:35:11.573  1455  1697 W BroadcastQueue: u0 Receiving a broadcast in packagecom.safesys.viruskiller requires a permissions review
11-08 21:35:11.573  1455  1697 W BroadcastQueue: Skipping delivery: permission review required for Intent { act=android.intent.action.PACKAGE_ADDED dat=package: flg=0x4000010 (has extras) } from null (pid=1455, uid=1000) to com.safesys.viruskiller/.ScanPackageBroadcast
11-08 21:35:11.574  1455  1697 W BroadcastQueue: u0 Receiving a broadcast in packagecom.uc108.mobile.sdgj.bd1 requires a permissions review
11-08 21:35:11.574  1455  1697 W BroadcastQueue: Skipping delivery: permission review required for Intent { act=android.intent.action.PACKAGE_ADDED dat=package: flg=0x4000010 (has extras) } from null (pid=1455, uid=1000) to com.uc108.mobile.sdgj.bd1/com.baidu.tiebasdk.service.InstallReceiver
11-08 21:35:11.574  1455  1697 W BroadcastQueue: u0 Receiving a broadcast in packagecom.voicebianshengjinglingwc.wxl requires a permissions review
11-08 21:35:11.574  1455  1697 W BroadcastQueue: Skipping delivery: permission review required for Intent { act=android.intent.action.PACKAGE_ADDED dat=package: flg=0x4000010 (has extras) } from null (pid=1455, uid=1000) to com.voicebianshengjinglingwc.wxl/mp.ruu.Ztjjwrj
11-08 21:35:11.578  1455  1697 W BroadcastQueue: u0 Receiving a broadcast in packageio.dcloud.H5BC6BF13 requires a permissions review
11-08 21:35:11.578  1455  1697 W BroadcastQueue: Skipping delivery: permission review required for Intent { act=android.intent.action.PACKAGE_ADDED dat=package: flg=0x4000010 (has extras) } from null (pid=1455, uid=1000) to io.dcloud.H5BC6BF13/io.dcloud.common.adapter.io.DownloadReceiver
11-08 21:35:11.582  1455  1455 V BackupManagerConstants: getFullBackupIntervalMilliseconds(...) returns 86400000
11-08 21:35:11.582  1455  1455 V BackupManagerConstants: getFullBackupRequiredNetworkType(...) returns 2
11-08 21:35:11.582  1455  1695 W WindowMagnificationMgr: requestConnection duplicated request: connect=false, mConnectionState=DISCONNECTED
11-08 21:35:11.582  1455  1455 V BackupManagerConstants: getFullBackupRequireCharging(...) returns true
11-08 21:35:11.604  1455  1695 W PackageManager: Failed registering loading progress callback. Package is fully loaded.
11-08 21:35:11.631  1455  1816 E VerityUtils: Failed to measure fs-verity, errno 1: /data/app/~~lTx_6VrwakLmThsVfigzLQ==/com.gone60-nUqqz_pbIRLWwua-b1VoqA==/base.apk
11-08 21:35:11.639  1455  5526 D CompatibilityChangeReporter: Compat change id reported: 161252188; UID 10247; state: DISABLED
11-08 21:35:11.654  1455  1821 E PackageManager: ERROR: could not load root hash from incremental install
11-08 21:35:11.672  1455  2017 W PackageParsing: Ignoring duplicate uses-permissions/uses-permissions-sdk-m: android.permission.DISABLE_KEYGUARD in package: com.pqas.xrzm at: Binary XML file line #24
11-08 21:35:11.676  1455  1986 D CompatibilityChangeReporter: Compat change id reported: 218533173; UID 10247; state: DISABLED
11-08 21:35:11.678  1455  1455 I Telecom : DefaultDialerCache: Refreshing default dialer for user 0: now com.google.android.dialer: DDC.oR@A4A
11-08 21:35:11.681  1455  4165 W BackupTransportManager: Package com.gone60 enabled setting: 0
11-08 21:35:11.682  1455  1821 I PackageManager: Integrity check passed for file:///data/app/vmdl476607943.tmp
11-08 21:35:11.683  1455  1695 W WindowMagnificationMgr: requestConnection duplicated request: connect=false, mConnectionState=DISCONNECTED
11-08 21:35:11.741  1455  1821 W PackageParsing: Ignoring duplicate uses-permissions/uses-permissions-sdk-m: android.permission.DISABLE_KEYGUARD in package: com.pqas.xrzm at: Binary XML file line #24
11-08 21:35:11.818  1455  1677 V StorageManagerService: Package null has legacy storage
11-08 21:35:11.938  1455  4228 W AppOps  : setUidMode() called with a mode inconsistent with runtime permission state, this is discouraged and you should revoke the runtime permission instead: uid=10124, switchCode=0, mode=4, permission=android.permission.ACCESS_BACKGROUND_LOCATION
11-08 21:35:11.942  1455  1821 V BackupManagerService: [UserID:0] restoreAtInstall pkg=com.pqas.xrzm token=3a restoreSet=0
11-08 21:35:11.943  1455  1821 V BackupManagerService: [UserID:0] Finishing install immediately
11-08 21:35:11.946  1455  1821 D PackageInstallerSession: Marking session 476607943 as applied
11-08 21:35:11.949  1455  1821 D CompatibilityChangeReporter: Compat change id reported: 168419799; UID 10248; state: DISABLED
11-08 21:35:11.949  1455  1821 D CompatibilityChangeReporter: Compat change id reported: 273564678; UID 10248; state: DISABLED
11-08 21:35:11.959  1455  1455 I Telecom : DefaultDialerCache: Refreshing default dialer for user 0: now com.google.android.dialer: DDC.oR@A4E
11-08 21:35:11.965  1455  1455 V BackupManagerConstants: getFullBackupIntervalMilliseconds(...) returns 86400000
11-08 21:35:11.965  1455  1455 V BackupManagerConstants: getFullBackupRequiredNetworkType(...) returns 2
11-08 21:35:11.965  1455  1455 V BackupManagerConstants: getFullBackupRequireCharging(...) returns true
11-08 21:35:11.970  1455  5521 W BroadcastQueue: u0 Receiving a broadcast in packagecom.jr.narutoii requires a permissions review
11-08 21:35:11.970  1455  5521 W BroadcastQueue: Skipping delivery: permission review required for Intent { act=android.intent.action.PACKAGE_ADDED dat=package: flg=0x4000010 (has extras) } from null (pid=1455, uid=1000) to com.jr.narutoii/com.joyriver.engine.proxy.EngineReceiver
11-08 21:35:11.971  1455  1697 W BroadcastQueue: u0 Receiving a broadcast in packagecom.android.buyer requires a permissions review
11-08 21:35:11.971  1455  1697 W BroadcastQueue: Skipping delivery: permission review required for Intent { act=android.intent.action.PACKAGE_ADDED dat=package: flg=0x4000010 (has extras) } from null (pid=1455, uid=1000) to com.android.buyer/.mRve
11-08 21:35:11.971  1455  1697 W BroadcastQueue: Background execution not allowed: receiving Intent { act=android.intent.action.PACKAGE_ADDED dat=package: flg=0x4000010 (has extras) } to com.google.android.packageinstaller/com.android.packageinstaller.PackageInstalledReceiver
11-08 21:35:11.971  1455  1697 W BroadcastQueue: Background execution not allowed: receiving Intent { act=android.intent.action.PACKAGE_ADDED dat=package: flg=0x4000010 (has extras) } to com.android.vending/com.google.android.finsky.packagemonitor.impl.PackageMonitorReceiverImpl$RegisteredReceiver
11-08 21:35:11.971  1455  1697 W BroadcastQueue: Background execution not allowed: receiving Intent { act=android.intent.action.PACKAGE_ADDED dat=package: flg=0x4000010 (has extras) } to com.android.vending/com.google.android.finsky.packagemonitor.backgroundimpl.BackgroundPackageMonitorReceiverImpl$RegisteredReceiver
11-08 21:35:11.973  1455  1697 W BroadcastQueue: Background execution not allowed: receiving Intent { act=android.intent.action.PACKAGE_ADDED dat=package: flg=0x4000010 (has extras) } to com.google.android.gms/.games.chimera.GamesSystemBroadcastReceiverProxy
11-08 21:35:11.973  1455  1697 W BroadcastQueue: Background execution not allowed: receiving Intent { act=android.intent.action.PACKAGE_ADDED dat=package: flg=0x4000010 (has extras) } to com.google.android.gms/.gass.chimera.PackageChangeBroadcastReceiver
11-08 21:35:11.973  1455  1697 W BroadcastQueue: Background execution not allowed: receiving Intent { act=android.intent.action.PACKAGE_ADDED dat=package: flg=0x4000010 (has extras) } to com.google.android.gms/.chimera.GmsIntentOperationService$PersistentTrustedReceiver
11-08 21:35:11.973  1455  1697 W BroadcastQueue: Background execution not allowed: receiving Intent { act=android.intent.action.PACKAGE_ADDED dat=package: flg=0x4000010 (has extras) } to com.google.android.googlequicksearchbox/com.google.android.apps.gsa.googlequicksearchbox.GelStubAppWatcher
11-08 21:35:11.973  1455  1697 W BroadcastQueue: u0 Receiving a broadcast in packagecom.cncd.japan.janli.shudu requires a permissions review
11-08 21:35:11.973  1455  1697 W BroadcastQueue: Skipping delivery: permission review required for Intent { act=android.intent.action.PACKAGE_ADDED dat=package: flg=0x4000010 (has extras) } from null (pid=1455, uid=1000) to com.cncd.japan.janli.shudu/net.l.k.r
11-08 21:35:11.973  1455  1697 W BroadcastQueue: u0 Receiving a broadcast in packagecom.cncd.japan.janli.shudu requires a permissions review
11-08 21:35:11.973  1455  1697 W BroadcastQueue: Skipping delivery: permission review required for Intent { act=android.intent.action.PACKAGE_ADDED dat=package: flg=0x4000010 (has extras) } from null (pid=1455, uid=1000) to com.cncd.japan.janli.shudu/com.feiwofour.coverscreen.SR
11-08 21:35:11.974  1455  1697 W BroadcastQueue: u0 Receiving a broadcast in packagecom.games.mengmeizhitd requires a permissions review
11-08 21:35:11.974  1455  1697 W BroadcastQueue: Skipping delivery: permission review required for Intent { act=android.intent.action.PACKAGE_ADDED dat=package: flg=0x4000010 (has extras) } from null (pid=1455, uid=1000) to com.games.mengmeizhitd/hjnw.ihjnw.i.isqly
11-08 21:35:11.974  1455  1697 W BroadcastQueue: u0 Receiving a broadcast in packagecom.hgperfko.yaeghrwx requires a permissions review
11-08 21:35:11.974  1455  1697 W BroadcastQueue: Skipping delivery: permission review required for Intent { act=android.intent.action.PACKAGE_ADDED dat=package: flg=0x4000010 (has extras) } from null (pid=1455, uid=1000) to com.hgperfko.yaeghrwx/.core.hLytdCQDBv
11-08 21:35:11.974  1455  1697 W BroadcastQueue: u0 Receiving a broadcast in packagecom.qiuqiu.dfmc requires a permissions review
11-08 21:35:11.974  1455  1697 W BroadcastQueue: Skipping delivery: permission review required for Intent { act=android.intent.action.PACKAGE_ADDED dat=package: flg=0x4000010 (has extras) } from null (pid=1455, uid=1000) to com.qiuqiu.dfmc/cn.jpush.android.service.PushReceiver
11-08 21:35:11.974  1455  1697 W BroadcastQueue: u0 Receiving a broadcast in packagecom.safesys.viruskiller requires a permissions review
11-08 21:35:11.974  1455  1697 W BroadcastQueue: Skipping delivery: permission review required for Intent { act=android.intent.action.PACKAGE_ADDED dat=package: flg=0x4000010 (has extras) } from null (pid=1455, uid=1000) to com.safesys.viruskiller/.ScanPackageBroadcast
11-08 21:35:11.974  1455  1697 W BroadcastQueue: u0 Receiving a broadcast in packagecom.uc108.mobile.sdgj.bd1 requires a permissions review
11-08 21:35:11.974  1455  1697 W BroadcastQueue: Skipping delivery: permission review required for Intent { act=android.intent.action.PACKAGE_ADDED dat=package: flg=0x4000010 (has extras) } from null (pid=1455, uid=1000) to com.uc108.mobile.sdgj.bd1/com.baidu.tiebasdk.service.InstallReceiver
11-08 21:35:11.974  1455  1697 W BroadcastQueue: u0 Receiving a broadcast in packagecom.voicebianshengjinglingwc.wxl requires a permissions review
11-08 21:35:11.974  1455  1697 W BroadcastQueue: Skipping delivery: permission review required for Intent { act=android.intent.action.PACKAGE_ADDED dat=package: flg=0x4000010 (has extras) } from null (pid=1455, uid=1000) to com.voicebianshengjinglingwc.wxl/mp.ruu.Ztjjwrj
11-08 21:35:11.974  1455  1697 W BroadcastQueue: u0 Receiving a broadcast in packageio.dcloud.H5BC6BF13 requires a permissions review
11-08 21:35:11.974  1455  1697 W BroadcastQueue: Skipping delivery: permission review required for Intent { act=android.intent.action.PACKAGE_ADDED dat=package: flg=0x4000010 (has extras) } from null (pid=1455, uid=1000) to io.dcloud.H5BC6BF13/io.dcloud.common.adapter.io.DownloadReceiver
11-08 21:35:11.982  1455  1455 I Telecom : DefaultDialerCache: Refreshing default dialer for user 0: now com.google.android.dialer: DDC.oR@A4I
11-08 21:35:11.990  1455  1986 D CompatibilityChangeReporter: Compat change id reported: 218533173; UID 10248; state: DISABLED
11-08 21:35:12.011  1455  1816 E VerityUtils: Failed to measure fs-verity, errno 1: /data/app/~~WIui0TZyNlWwUHLPD5mIgw==/com.pqas.xrzm-DCX248RNIamvbXkafOEL5A==/base.apk
11-08 21:35:12.020  1455  4211 D CompatibilityChangeReporter: Compat change id reported: 161252188; UID 10248; state: DISABLED
11-08 21:35:12.027  1455  1695 W WindowMagnificationMgr: requestConnection duplicated request: connect=false, mConnectionState=DISCONNECTED
11-08 21:35:12.055  1455  4165 W BackupTransportManager: Package com.pqas.xrzm enabled setting: 0
11-08 21:35:12.086  1455  1695 W PackageManager: Failed registering loading progress callback. Package is fully loaded.
11-08 21:35:12.099  1455  1695 W WindowMagnificationMgr: requestConnection duplicated request: connect=false, mConnectionState=DISCONNECTED
11-08 21:35:12.195  1455  5521 W AppOps  : setUidMode() called with a mode inconsistent with runtime permission state, this is discouraged and you should revoke the runtime permission instead: uid=10124, switchCode=1, mode=4, permission=android.permission.ACCESS_BACKGROUND_LOCATION
11-08 21:35:12.198  1455  5511 W AppOps  : setUidMode() called with a mode inconsistent with runtime permission state, this is discouraged and you should revoke the runtime permission instead: uid=10124, switchCode=0, mode=4, permission=android.permission.ACCESS_BACKGROUND_LOCATION
11-08 21:35:12.437  1455  5525 I ActivityManager: Background started FGS: Allowed [callingPackage: com.google.android.apps.wellbeing; callingUid: 10121; uidState: BFGS; intent: Intent { cmp=com.google.android.apps.wellbeing/com.google.apps.tiktok.concurrent.InternalForegroundService (has extras) }; code:BACKGROUND_ACTIVITY_PERMISSION; tempAllowListReason:<null>; targetSdkVersion:33; callerTargetSdkVersion:33; startForegroundCount:0; bindFromPackage:null]
11-08 21:35:12.559  1455  1821 E PackageManager: ERROR: could not load root hash from incremental install
11-08 21:35:12.568  1455  1821 I PackageManager: Integrity check passed for file:///data/app/vmdl2134583928.tmp
11-08 21:35:12.669  1455  1455 I NotificationService: Cannot find enqueued record for key: 0|com.google.android.apps.wellbeing|174344743|null|10121
11-08 21:35:12.749  1455  5534 W AppOps  : setUidMode() called with a mode inconsistent with runtime permission state, this is discouraged and you should revoke the runtime permission instead: uid=10124, switchCode=0, mode=4, permission=android.permission.ACCESS_BACKGROUND_LOCATION
11-08 21:35:12.799  1455  5534 W AppOps  : setUidMode() called with a mode inconsistent with runtime permission state, this is discouraged and you should revoke the runtime permission instead: uid=10124, switchCode=1, mode=4, permission=android.permission.ACCESS_BACKGROUND_LOCATION
11-08 21:35:12.800  1455  5534 W AppOps  : setUidMode() called with a mode inconsistent with runtime permission state, this is discouraged and you should revoke the runtime permission instead: uid=10124, switchCode=0, mode=4, permission=android.permission.ACCESS_BACKGROUND_LOCATION
11-08 21:35:12.991  1455  1821 V BackupManagerService: [UserID:0] restoreAtInstall pkg=com.kbwork.dygaqy token=3b restoreSet=0
11-08 21:35:12.992  1455  1821 V BackupManagerService: [UserID:0] Finishing install immediately
11-08 21:35:12.993  1455  1821 D PackageInstallerSession: Marking session 2134583928 as applied
11-08 21:35:12.998  1455  1821 D CompatibilityChangeReporter: Compat change id reported: 168419799; UID 10249; state: DISABLED
11-08 21:35:12.998  1455  1821 D CompatibilityChangeReporter: Compat change id reported: 273564678; UID 10249; state: DISABLED
11-08 21:35:13.010  1455  5325 W BroadcastQueue: u0 Receiving a broadcast in packagecom.jr.narutoii requires a permissions review
11-08 21:35:13.010  1455  5325 W BroadcastQueue: Skipping delivery: permission review required for Intent { act=android.intent.action.PACKAGE_ADDED dat=package: flg=0x4000010 (has extras) } from null (pid=1455, uid=1000) to com.jr.narutoii/com.joyriver.engine.proxy.EngineReceiver
11-08 21:35:13.011  1455  1697 W BroadcastQueue: u0 Receiving a broadcast in packagecom.android.buyer requires a permissions review
11-08 21:35:13.011  1455  1697 W BroadcastQueue: Skipping delivery: permission review required for Intent { act=android.intent.action.PACKAGE_ADDED dat=package: flg=0x4000010 (has extras) } from null (pid=1455, uid=1000) to com.android.buyer/.mRve
11-08 21:35:13.011  1455  1697 W BroadcastQueue: Background execution not allowed: receiving Intent { act=android.intent.action.PACKAGE_ADDED dat=package: flg=0x4000010 (has extras) } to com.google.android.packageinstaller/com.android.packageinstaller.PackageInstalledReceiver
11-08 21:35:13.012  1455  1697 W BroadcastQueue: Background execution not allowed: receiving Intent { act=android.intent.action.PACKAGE_ADDED dat=package: flg=0x4000010 (has extras) } to com.android.vending/com.google.android.finsky.packagemonitor.impl.PackageMonitorReceiverImpl$RegisteredReceiver
11-08 21:35:13.012  1455  1697 W BroadcastQueue: Background execution not allowed: receiving Intent { act=android.intent.action.PACKAGE_ADDED dat=package: flg=0x4000010 (has extras) } to com.android.vending/com.google.android.finsky.packagemonitor.backgroundimpl.BackgroundPackageMonitorReceiverImpl$RegisteredReceiver
11-08 21:35:13.013  1455  1455 I Telecom : DefaultDialerCache: Refreshing default dialer for user 0: now com.google.android.dialer: DDC.oR@A4c
11-08 21:35:13.016  1455  1697 W BroadcastQueue: Background execution not allowed: receiving Intent { act=android.intent.action.PACKAGE_ADDED dat=package: flg=0x4000010 (has extras) } to com.google.android.gms/.games.chimera.GamesSystemBroadcastReceiverProxy
11-08 21:35:13.016  1455  1697 W BroadcastQueue: Background execution not allowed: receiving Intent { act=android.intent.action.PACKAGE_ADDED dat=package: flg=0x4000010 (has extras) } to com.google.android.gms/.gass.chimera.PackageChangeBroadcastReceiver
11-08 21:35:13.016  1455  1697 W BroadcastQueue: Background execution not allowed: receiving Intent { act=android.intent.action.PACKAGE_ADDED dat=package: flg=0x4000010 (has extras) } to com.google.android.gms/.chimera.GmsIntentOperationService$PersistentTrustedReceiver
11-08 21:35:13.016  1455  1697 W BroadcastQueue: Background execution not allowed: receiving Intent { act=android.intent.action.PACKAGE_ADDED dat=package: flg=0x4000010 (has extras) } to com.google.android.googlequicksearchbox/com.google.android.apps.gsa.googlequicksearchbox.GelStubAppWatcher
11-08 21:35:13.017  1455  1697 W BroadcastQueue: u0 Receiving a broadcast in packagecom.cncd.japan.janli.shudu requires a permissions review
11-08 21:35:13.017  1455  1697 W BroadcastQueue: Skipping delivery: permission review required for Intent { act=android.intent.action.PACKAGE_ADDED dat=package: flg=0x4000010 (has extras) } from null (pid=1455, uid=1000) to com.cncd.japan.janli.shudu/net.l.k.r
11-08 21:35:13.017  1455  1697 W BroadcastQueue: u0 Receiving a broadcast in packagecom.cncd.japan.janli.shudu requires a permissions review
11-08 21:35:13.017  1455  1697 W BroadcastQueue: Skipping delivery: permission review required for Intent { act=android.intent.action.PACKAGE_ADDED dat=package: flg=0x4000010 (has extras) } from null (pid=1455, uid=1000) to com.cncd.japan.janli.shudu/com.feiwofour.coverscreen.SR
11-08 21:35:13.017  1455  1697 W BroadcastQueue: u0 Receiving a broadcast in packagecom.games.mengmeizhitd requires a permissions review
11-08 21:35:13.017  1455  1697 W BroadcastQueue: Skipping delivery: permission review required for Intent { act=android.intent.action.PACKAGE_ADDED dat=package: flg=0x4000010 (has extras) } from null (pid=1455, uid=1000) to com.games.mengmeizhitd/hjnw.ihjnw.i.isqly
11-08 21:35:13.017  1455  1697 W BroadcastQueue: u0 Receiving a broadcast in packagecom.hgperfko.yaeghrwx requires a permissions review
11-08 21:35:13.017  1455  1697 W BroadcastQueue: Skipping delivery: permission review required for Intent { act=android.intent.action.PACKAGE_ADDED dat=package: flg=0x4000010 (has extras) } from null (pid=1455, uid=1000) to com.hgperfko.yaeghrwx/.core.hLytdCQDBv
11-08 21:35:13.017  1455  1697 W BroadcastQueue: u0 Receiving a broadcast in packagecom.qiuqiu.dfmc requires a permissions review
11-08 21:35:13.017  1455  1697 W BroadcastQueue: Skipping delivery: permission review required for Intent { act=android.intent.action.PACKAGE_ADDED dat=package: flg=0x4000010 (has extras) } from null (pid=1455, uid=1000) to com.qiuqiu.dfmc/cn.jpush.android.service.PushReceiver
11-08 21:35:13.017  1455  1697 W BroadcastQueue: u0 Receiving a broadcast in packagecom.safesys.viruskiller requires a permissions review
11-08 21:35:13.017  1455  1697 W BroadcastQueue: Skipping delivery: permission review required for Intent { act=android.intent.action.PACKAGE_ADDED dat=package: flg=0x4000010 (has extras) } from null (pid=1455, uid=1000) to com.safesys.viruskiller/.ScanPackageBroadcast
11-08 21:35:13.017  1455  1697 W BroadcastQueue: u0 Receiving a broadcast in packagecom.uc108.mobile.sdgj.bd1 requires a permissions review
11-08 21:35:13.017  1455  1697 W BroadcastQueue: Skipping delivery: permission review required for Intent { act=android.intent.action.PACKAGE_ADDED dat=package: flg=0x4000010 (has extras) } from null (pid=1455, uid=1000) to com.uc108.mobile.sdgj.bd1/com.baidu.tiebasdk.service.InstallReceiver
11-08 21:35:13.017  1455  1697 W BroadcastQueue: u0 Receiving a broadcast in packagecom.voicebianshengjinglingwc.wxl requires a permissions review
11-08 21:35:13.017  1455  1697 W BroadcastQueue: Skipping delivery: permission review required for Intent { act=android.intent.action.PACKAGE_ADDED dat=package: flg=0x4000010 (has extras) } from null (pid=1455, uid=1000) to com.voicebianshengjinglingwc.wxl/mp.ruu.Ztjjwrj
11-08 21:35:13.017  1455  1697 W BroadcastQueue: u0 Receiving a broadcast in packageio.dcloud.H5BC6BF13 requires a permissions review
11-08 21:35:13.017  1455  1697 W BroadcastQueue: Skipping delivery: permission review required for Intent { act=android.intent.action.PACKAGE_ADDED dat=package: flg=0x4000010 (has extras) } from null (pid=1455, uid=1000) to io.dcloud.H5BC6BF13/io.dcloud.common.adapter.io.DownloadReceiver
11-08 21:35:13.021  1455  1455 V BackupManagerConstants: getFullBackupIntervalMilliseconds(...) returns 86400000
11-08 21:35:13.021  1455  1455 V BackupManagerConstants: getFullBackupRequiredNetworkType(...) returns 2
11-08 21:35:13.021  1455  1455 V BackupManagerConstants: getFullBackupRequireCharging(...) returns true
11-08 21:35:13.037  1455  1986 D CompatibilityChangeReporter: Compat change id reported: 218533173; UID 10249; state: DISABLED
11-08 21:35:13.039  1455  1455 I Telecom : DefaultDialerCache: Refreshing default dialer for user 0: now com.google.android.dialer: DDC.oR@A4g
11-08 21:35:13.039  1455  4165 W BackupTransportManager: Package com.kbwork.dygaqy enabled setting: 0
11-08 21:35:13.044  1455  1695 W WindowMagnificationMgr: requestConnection duplicated request: connect=false, mConnectionState=DISCONNECTED
11-08 21:35:13.065  1455  1816 E VerityUtils: Failed to measure fs-verity, errno 1: /data/app/~~YZflC7Q9iRMrVQeOOAdDDg==/com.kbwork.dygaqy-9wjw-ggO7-m4Xu6RqavRjA==/base.apk
11-08 21:35:13.073  1455  4228 D CompatibilityChangeReporter: Compat change id reported: 161252188; UID 10249; state: DISABLED
11-08 21:35:13.103  1455  1695 W PackageManager: Failed registering loading progress callback. Package is fully loaded.
11-08 21:35:13.145  1455  1695 W WindowMagnificationMgr: requestConnection duplicated request: connect=false, mConnectionState=DISCONNECTED
11-08 21:35:13.184  1455  1821 E PackageManager: ERROR: could not load root hash from incremental install
11-08 21:35:13.192  1455  2017 W PackageParsing: Ignoring duplicate uses-permissions/uses-permissions-sdk-m: android.permission.KILL_BACKGROUND_PROCESSES in package: rjpmscxyoicgj.rcmuksahjbgmzodorjn.pebcsfmlgnqxshaierbhj at: Binary XML file line #24
11-08 21:35:13.211  1455  1821 I PackageManager: Integrity check passed for file:///data/app/vmdl1819378935.tmp
11-08 21:35:13.226  1455  1821 W PackageParsing: Ignoring duplicate uses-permissions/uses-permissions-sdk-m: android.permission.KILL_BACKGROUND_PROCESSES in package: rjpmscxyoicgj.rcmuksahjbgmzodorjn.pebcsfmlgnqxshaierbhj at: Binary XML file line #24
11-08 21:35:13.293  1455  1677 V StorageManagerService: Package null does not have legacy storage
11-08 21:35:13.588  1455  1821 V BackupManagerService: [UserID:0] restoreAtInstall pkg=rjpmscxyoicgj.rcmuksahjbgmzodorjn.pebcsfmlgnqxshaierbhj token=3c restoreSet=0
11-08 21:35:13.588  1455  1821 V BackupManagerService: [UserID:0] Finishing install immediately
11-08 21:35:13.589  1455  1821 D PackageInstallerSession: Marking session 1819378935 as applied
11-08 21:35:13.593  1455  1821 D CompatibilityChangeReporter: Compat change id reported: 168419799; UID 10250; state: DISABLED
11-08 21:35:13.593  1455  1821 D CompatibilityChangeReporter: Compat change id reported: 273564678; UID 10250; state: DISABLED
11-08 21:35:13.603  1455  1455 I Telecom : DefaultDialerCache: Refreshing default dialer for user 0: now com.google.android.dialer: DDC.oR@A4s
11-08 21:35:13.610  1455  1455 V BackupManagerConstants: getFullBackupIntervalMilliseconds(...) returns 86400000
11-08 21:35:13.610  1455  1455 V BackupManagerConstants: getFullBackupRequiredNetworkType(...) returns 2
11-08 21:35:13.610  1455  1455 V BackupManagerConstants: getFullBackupRequireCharging(...) returns true
11-08 21:35:13.611  1455  5520 W BroadcastQueue: u0 Receiving a broadcast in packagecom.jr.narutoii requires a permissions review
11-08 21:35:13.611  1455  5520 W BroadcastQueue: Skipping delivery: permission review required for Intent { act=android.intent.action.PACKAGE_ADDED dat=package: flg=0x4000010 (has extras) } from null (pid=1455, uid=1000) to com.jr.narutoii/com.joyriver.engine.proxy.EngineReceiver
11-08 21:35:13.618  1455  1986 D CompatibilityChangeReporter: Compat change id reported: 218533173; UID 10250; state: DISABLED
11-08 21:35:13.620  1455  1455 I Telecom : DefaultDialerCache: Refreshing default dialer for user 0: now com.google.android.dialer: DDC.oR@A4w
11-08 21:35:13.621  1455  1697 W BroadcastQueue: u0 Receiving a broadcast in packagecom.android.buyer requires a permissions review
11-08 21:35:13.621  1455  1697 W BroadcastQueue: Skipping delivery: permission review required for Intent { act=android.intent.action.PACKAGE_ADDED dat=package: flg=0x4000010 (has extras) } from null (pid=1455, uid=1000) to com.android.buyer/.mRve
11-08 21:35:13.621  1455  1697 W BroadcastQueue: Background execution not allowed: receiving Intent { act=android.intent.action.PACKAGE_ADDED dat=package: flg=0x4000010 (has extras) } to com.google.android.packageinstaller/com.android.packageinstaller.PackageInstalledReceiver
11-08 21:35:13.621  1455  1697 W BroadcastQueue: Background execution not allowed: receiving Intent { act=android.intent.action.PACKAGE_ADDED dat=package: flg=0x4000010 (has extras) } to com.android.vending/com.google.android.finsky.packagemonitor.impl.PackageMonitorReceiverImpl$RegisteredReceiver
11-08 21:35:13.621  1455  1697 W BroadcastQueue: Background execution not allowed: receiving Intent { act=android.intent.action.PACKAGE_ADDED dat=package: flg=0x4000010 (has extras) } to com.android.vending/com.google.android.finsky.packagemonitor.backgroundimpl.BackgroundPackageMonitorReceiverImpl$RegisteredReceiver
11-08 21:35:13.621  1455  1697 W BroadcastQueue: Background execution not allowed: receiving Intent { act=android.intent.action.PACKAGE_ADDED dat=package: flg=0x4000010 (has extras) } to com.google.android.gms/.games.chimera.GamesSystemBroadcastReceiverProxy
11-08 21:35:13.622  1455  1697 W BroadcastQueue: Background execution not allowed: receiving Intent { act=android.intent.action.PACKAGE_ADDED dat=package: flg=0x4000010 (has extras) } to com.google.android.gms/.gass.chimera.PackageChangeBroadcastReceiver
11-08 21:35:13.622  1455  1697 W BroadcastQueue: Background execution not allowed: receiving Intent { act=android.intent.action.PACKAGE_ADDED dat=package: flg=0x4000010 (has extras) } to com.google.android.gms/.chimera.GmsIntentOperationService$PersistentTrustedReceiver
11-08 21:35:13.622  1455  1697 W BroadcastQueue: Background execution not allowed: receiving Intent { act=android.intent.action.PACKAGE_ADDED dat=package: flg=0x4000010 (has extras) } to com.google.android.googlequicksearchbox/com.google.android.apps.gsa.googlequicksearchbox.GelStubAppWatcher
11-08 21:35:13.622  1455  1697 W BroadcastQueue: u0 Receiving a broadcast in packagecom.cncd.japan.janli.shudu requires a permissions review
11-08 21:35:13.622  1455  1697 W BroadcastQueue: Skipping delivery: permission review required for Intent { act=android.intent.action.PACKAGE_ADDED dat=package: flg=0x4000010 (has extras) } from null (pid=1455, uid=1000) to com.cncd.japan.janli.shudu/net.l.k.r
11-08 21:35:13.622  1455  1697 W BroadcastQueue: u0 Receiving a broadcast in packagecom.cncd.japan.janli.shudu requires a permissions review
11-08 21:35:13.622  1455  1697 W BroadcastQueue: Skipping delivery: permission review required for Intent { act=android.intent.action.PACKAGE_ADDED dat=package: flg=0x4000010 (has extras) } from null (pid=1455, uid=1000) to com.cncd.japan.janli.shudu/com.feiwofour.coverscreen.SR
11-08 21:35:13.622  1455  1697 W BroadcastQueue: u0 Receiving a broadcast in packagecom.games.mengmeizhitd requires a permissions review
11-08 21:35:13.622  1455  1697 W BroadcastQueue: Skipping delivery: permission review required for Intent { act=android.intent.action.PACKAGE_ADDED dat=package: flg=0x4000010 (has extras) } from null (pid=1455, uid=1000) to com.games.mengmeizhitd/hjnw.ihjnw.i.isqly
11-08 21:35:13.622  1455  1697 W BroadcastQueue: u0 Receiving a broadcast in packagecom.hgperfko.yaeghrwx requires a permissions review
11-08 21:35:13.622  1455  1697 W BroadcastQueue: Skipping delivery: permission review required for Intent { act=android.intent.action.PACKAGE_ADDED dat=package: flg=0x4000010 (has extras) } from null (pid=1455, uid=1000) to com.hgperfko.yaeghrwx/.core.hLytdCQDBv
11-08 21:35:13.622  1455  1697 W BroadcastQueue: u0 Receiving a broadcast in packagecom.qiuqiu.dfmc requires a permissions review
11-08 21:35:13.622  1455  1697 W BroadcastQueue: Skipping delivery: permission review required for Intent { act=android.intent.action.PACKAGE_ADDED dat=package: flg=0x4000010 (has extras) } from null (pid=1455, uid=1000) to com.qiuqiu.dfmc/cn.jpush.android.service.PushReceiver
11-08 21:35:13.622  1455  1697 W BroadcastQueue: u0 Receiving a broadcast in packagecom.safesys.viruskiller requires a permissions review
