11-08 21:35:02.352  1455  4228 I ActivityManager: Background started FGS: Allowed [callingPackage: com.google.android.apps.wellbeing; callingUid: 10121; uidState: BFGS; intent: Intent { cmp=com.google.android.apps.wellbeing/com.google.apps.tiktok.concurrent.InternalForegroundService (has extras) }; code:BACKGROUND_ACTIVITY_PERMISSION; tempAllowListReason:<null>; targetSdkVersion:33; callerTargetSdkVersion:33; startForegroundCount:0; bindFromPackage:null]
11-08 21:35:02.533  1455  1821 V BackupManagerService: [UserID:0] restoreAtInstall pkg=io.dcloud.H5BC6BF13 token=29 restoreSet=0
11-08 21:35:02.533  1455  1821 V BackupManagerService: [UserID:0] Finishing install immediately
11-08 21:35:02.538  1455  1821 D PackageInstallerSession: Marking session 595143464 as applied
11-08 21:35:02.543  1455  1821 D CompatibilityChangeReporter: Compat change id reported: 168419799; UID 10231; state: DISABLED
11-08 21:35:02.544  1455  1821 D CompatibilityChangeReporter: Compat change id reported: 273564678; UID 10231; state: DISABLED
11-08 21:35:02.548  1455  1697 W BroadcastQueue: u0 Receiving a broadcast in packagecom.android.buyer requires a permissions review
11-08 21:35:02.548  1455  1697 W BroadcastQueue: Skipping delivery: permission review required for Intent { act=android.intent.action.PACKAGE_ADDED dat=package: flg=0x4000010 (has extras) } from null (pid=1455, uid=1000) to com.android.buyer/.mRve
11-08 21:35:02.548  1455  1697 W BroadcastQueue: Background execution not allowed: receiving Intent { act=android.intent.action.PACKAGE_ADDED dat=package: flg=0x4000010 (has extras) } to com.google.android.packageinstaller/com.android.packageinstaller.PackageInstalledReceiver
11-08 21:35:02.548  1455  1697 W BroadcastQueue: Background execution not allowed: receiving Intent { act=android.intent.action.PACKAGE_ADDED dat=package: flg=0x4000010 (has extras) } to com.android.vending/com.google.android.finsky.packagemonitor.impl.PackageMonitorReceiverImpl$RegisteredReceiver
11-08 21:35:02.548  1455  1697 W BroadcastQueue: Background execution not allowed: receiving Intent { act=android.intent.action.PACKAGE_ADDED dat=package: flg=0x4000010 (has extras) } to com.android.vending/com.google.android.finsky.packagemonitor.backgroundimpl.BackgroundPackageMonitorReceiverImpl$RegisteredReceiver
11-08 21:35:02.548  1455  1697 W BroadcastQueue: Background execution not allowed: receiving Intent { act=android.intent.action.PACKAGE_ADDED dat=package: flg=0x4000010 (has extras) } to com.google.android.gms/.games.chimera.GamesSystemBroadcastReceiverProxy
11-08 21:35:02.548  1455  1697 W BroadcastQueue: Background execution not allowed: receiving Intent { act=android.intent.action.PACKAGE_ADDED dat=package: flg=0x4000010 (has extras) } to com.google.android.gms/.gass.chimera.PackageChangeBroadcastReceiver
11-08 21:35:02.548  1455  1697 W BroadcastQueue: Background execution not allowed: receiving Intent { act=android.intent.action.PACKAGE_ADDED dat=package: flg=0x4000010 (has extras) } to com.google.android.gms/.chimera.GmsIntentOperationService$PersistentTrustedReceiver
11-08 21:35:02.548  1455  1697 W BroadcastQueue: Background execution not allowed: receiving Intent { act=android.intent.action.PACKAGE_ADDED dat=package: flg=0x4000010 (has extras) } to com.google.android.googlequicksearchbox/com.google.android.apps.gsa.googlequicksearchbox.GelStubAppWatcher
11-08 21:35:02.548  1455  1697 W BroadcastQueue: u0 Receiving a broadcast in packagecom.games.mengmeizhitd requires a permissions review
11-08 21:35:02.548  1455  1697 W BroadcastQueue: Skipping delivery: permission review required for Intent { act=android.intent.action.PACKAGE_ADDED dat=package: flg=0x4000010 (has extras) } from null (pid=1455, uid=1000) to com.games.mengmeizhitd/hjnw.ihjnw.i.isqly
11-08 21:35:02.548  1455  1697 W BroadcastQueue: u0 Receiving a broadcast in packagecom.qiuqiu.dfmc requires a permissions review
11-08 21:35:02.548  1455  1697 W BroadcastQueue: Skipping delivery: permission review required for Intent { act=android.intent.action.PACKAGE_ADDED dat=package: flg=0x4000010 (has extras) } from null (pid=1455, uid=1000) to com.qiuqiu.dfmc/cn.jpush.android.service.PushReceiver
11-08 21:35:02.548  1455  1697 W BroadcastQueue: u0 Receiving a broadcast in packagecom.safesys.viruskiller requires a permissions review
11-08 21:35:02.548  1455  1697 W BroadcastQueue: Skipping delivery: permission review required for Intent { act=android.intent.action.PACKAGE_ADDED dat=package: flg=0x4000010 (has extras) } from null (pid=1455, uid=1000) to com.safesys.viruskiller/.ScanPackageBroadcast
11-08 21:35:02.558  1455  1455 I Telecom : DefaultDialerCache: Refreshing default dialer for user 0: now com.google.android.dialer: DDC.oR@AzU
11-08 21:35:02.572  1455  1816 E VerityUtils: Failed to measure fs-verity, errno 1: /data/app/~~kT2nt1Tg4r8xqYfli4MsOQ==/io.dcloud.H5BC6BF13-TZM8z-bM61EJZ4TA_uiOig==/base.apk
11-08 21:35:02.601  1455  3203 D CompatibilityChangeReporter: Compat change id reported: 161252188; UID 10231; state: DISABLED
11-08 21:35:02.611  1455  1455 I NotificationService: Cannot find enqueued record for key: 0|com.google.android.apps.wellbeing|174344743|null|10121
11-08 21:35:02.619  1455  1695 W WindowMagnificationMgr: requestConnection duplicated request: connect=false, mConnectionState=DISCONNECTED
11-08 21:35:02.620  1455  1455 I Telecom : DefaultDialerCache: Refreshing default dialer for user 0: now com.google.android.dialer: DDC.oR@Azo
11-08 21:35:02.620  1455  1986 D CompatibilityChangeReporter: Compat change id reported: 218533173; UID 10231; state: DISABLED
11-08 21:35:02.621  1455  4165 W BackupTransportManager: Package io.dcloud.H5BC6BF13 enabled setting: 0
11-08 21:35:02.645  1455  1695 W PackageManager: Failed registering loading progress callback. Package is fully loaded.
11-08 21:35:02.656  1455  1695 W WindowMagnificationMgr: requestConnection duplicated request: connect=false, mConnectionState=DISCONNECTED
11-08 21:35:02.661  1455  1821 E PackageManager: ERROR: could not load root hash from incremental install
11-08 21:35:02.682  1455  1821 I PackageManager: Integrity check passed for file:///data/app/vmdl1573342471.tmp
11-08 21:35:02.826  1455  1677 V StorageManagerService: Package null has legacy storage
11-08 21:35:02.888  1455  4228 W AppOps  : setUidMode() called with a mode inconsistent with runtime permission state, this is discouraged and you should revoke the runtime permission instead: uid=10124, switchCode=0, mode=4, permission=android.permission.ACCESS_BACKGROUND_LOCATION
11-08 21:35:02.950  1455  1821 V BackupManagerService: [UserID:0] restoreAtInstall pkg=com.keji.danti1052 token=2a restoreSet=0
11-08 21:35:02.950  1455  1821 V BackupManagerService: [UserID:0] Finishing install immediately
11-08 21:35:02.951  1455  1821 D PackageInstallerSession: Marking session 1573342471 as applied
11-08 21:35:02.958  1455  1821 D CompatibilityChangeReporter: Compat change id reported: 168419799; UID 10232; state: DISABLED
11-08 21:35:02.958  1455  1821 D CompatibilityChangeReporter: Compat change id reported: 273564678; UID 10232; state: DISABLED
11-08 21:35:02.965  1455  1697 W BroadcastQueue: u0 Receiving a broadcast in packagecom.android.buyer requires a permissions review
11-08 21:35:02.965  1455  1697 W BroadcastQueue: Skipping delivery: permission review required for Intent { act=android.intent.action.PACKAGE_ADDED dat=package: flg=0x4000010 (has extras) } from null (pid=1455, uid=1000) to com.android.buyer/.mRve
11-08 21:35:02.965  1455  1697 W BroadcastQueue: Background execution not allowed: receiving Intent { act=android.intent.action.PACKAGE_ADDED dat=package: flg=0x4000010 (has extras) } to com.google.android.packageinstaller/com.android.packageinstaller.PackageInstalledReceiver
11-08 21:35:02.965  1455  1697 W BroadcastQueue: Background execution not allowed: receiving Intent { act=android.intent.action.PACKAGE_ADDED dat=package: flg=0x4000010 (has extras) } to com.android.vending/com.google.android.finsky.packagemonitor.impl.PackageMonitorReceiverImpl$RegisteredReceiver
11-08 21:35:02.965  1455  1697 W BroadcastQueue: Background execution not allowed: receiving Intent { act=android.intent.action.PACKAGE_ADDED dat=package: flg=0x4000010 (has extras) } to com.android.vending/com.google.android.finsky.packagemonitor.backgroundimpl.BackgroundPackageMonitorReceiverImpl$RegisteredReceiver
11-08 21:35:02.965  1455  1697 W BroadcastQueue: Background execution not allowed: receiving Intent { act=android.intent.action.PACKAGE_ADDED dat=package: flg=0x4000010 (has extras) } to com.google.android.gms/.games.chimera.GamesSystemBroadcastReceiverProxy
11-08 21:35:02.965  1455  1697 W BroadcastQueue: Background execution not allowed: receiving Intent { act=android.intent.action.PACKAGE_ADDED dat=package: flg=0x4000010 (has extras) } to com.google.android.gms/.gass.chimera.PackageChangeBroadcastReceiver
11-08 21:35:02.965  1455  1697 W BroadcastQueue: Background execution not allowed: receiving Intent { act=android.intent.action.PACKAGE_ADDED dat=package: flg=0x4000010 (has extras) } to com.google.android.gms/.chimera.GmsIntentOperationService$PersistentTrustedReceiver
11-08 21:35:02.965  1455  1697 W BroadcastQueue: Background execution not allowed: receiving Intent { act=android.intent.action.PACKAGE_ADDED dat=package: flg=0x4000010 (has extras) } to com.google.android.googlequicksearchbox/com.google.android.apps.gsa.googlequicksearchbox.GelStubAppWatcher
11-08 21:35:02.965  1455  1697 W BroadcastQueue: u0 Receiving a broadcast in packagecom.games.mengmeizhitd requires a permissions review
11-08 21:35:02.965  1455  1697 W BroadcastQueue: Skipping delivery: permission review required for Intent { act=android.intent.action.PACKAGE_ADDED dat=package: flg=0x4000010 (has extras) } from null (pid=1455, uid=1000) to com.games.mengmeizhitd/hjnw.ihjnw.i.isqly
11-08 21:35:02.965  1455  1697 W BroadcastQueue: u0 Receiving a broadcast in packagecom.qiuqiu.dfmc requires a permissions review
11-08 21:35:02.966  1455  1697 W BroadcastQueue: Skipping delivery: permission review required for Intent { act=android.intent.action.PACKAGE_ADDED dat=package: flg=0x4000010 (has extras) } from null (pid=1455, uid=1000) to com.qiuqiu.dfmc/cn.jpush.android.service.PushReceiver
11-08 21:35:02.966  1455  1697 W BroadcastQueue: u0 Receiving a broadcast in packagecom.safesys.viruskiller requires a permissions review
11-08 21:35:02.966  1455  1697 W BroadcastQueue: Skipping delivery: permission review required for Intent { act=android.intent.action.PACKAGE_ADDED dat=package: flg=0x4000010 (has extras) } from null (pid=1455, uid=1000) to com.safesys.viruskiller/.ScanPackageBroadcast
11-08 21:35:02.966  1455  1697 W BroadcastQueue: u0 Receiving a broadcast in packageio.dcloud.H5BC6BF13 requires a permissions review
11-08 21:35:02.966  1455  1697 W BroadcastQueue: Skipping delivery: permission review required for Intent { act=android.intent.action.PACKAGE_ADDED dat=package: flg=0x4000010 (has extras) } from null (pid=1455, uid=1000) to io.dcloud.H5BC6BF13/io.dcloud.common.adapter.io.DownloadReceiver
11-08 21:35:02.966  1455  1455 I Telecom : DefaultDialerCache: Refreshing default dialer for user 0: now com.google.android.dialer: DDC.oR@Azs
11-08 21:35:02.973  1455  1455 V BackupManagerConstants: getFullBackupIntervalMilliseconds(...) returns 86400000
11-08 21:35:02.974  1455  1455 V BackupManagerConstants: getFullBackupRequiredNetworkType(...) returns 2
11-08 21:35:02.974  1455  1455 V BackupManagerConstants: getFullBackupRequireCharging(...) returns true
11-08 21:35:02.995  1455  1455 I Telecom : DefaultDialerCache: Refreshing default dialer for user 0: now com.google.android.dialer: DDC.oR@Azw
11-08 21:35:02.996  1455  1986 D CompatibilityChangeReporter: Compat change id reported: 218533173; UID 10232; state: DISABLED
11-08 21:35:03.006  1455  1816 E VerityUtils: Failed to measure fs-verity, errno 1: /data/app/~~NY_lhkSlOhWQNeGjPnES3Q==/com.keji.danti1052-F7hsE6CLA0J1i0bBV69XaA==/base.apk
11-08 21:35:03.011  1455  1695 W WindowMagnificationMgr: requestConnection duplicated request: connect=false, mConnectionState=DISCONNECTED
11-08 21:35:03.016  1455  6980 D CompatibilityChangeReporter: Compat change id reported: 161252188; UID 10232; state: DISABLED
11-08 21:35:03.038  1455  4165 W BackupTransportManager: Package com.keji.danti1052 enabled setting: 0
11-08 21:35:03.076  1455  1695 W PackageManager: Failed registering loading progress callback. Package is fully loaded.
11-08 21:35:03.091  1455  1695 W WindowMagnificationMgr: requestConnection duplicated request: connect=false, mConnectionState=DISCONNECTED
11-08 21:35:03.114  1455  5526 W AppOps  : setUidMode() called with a mode inconsistent with runtime permission state, this is discouraged and you should revoke the runtime permission instead: uid=10124, switchCode=1, mode=4, permission=android.permission.ACCESS_BACKGROUND_LOCATION
11-08 21:35:03.131  1455  5526 W AppOps  : setUidMode() called with a mode inconsistent with runtime permission state, this is discouraged and you should revoke the runtime permission instead: uid=10124, switchCode=0, mode=4, permission=android.permission.ACCESS_BACKGROUND_LOCATION
11-08 21:35:03.394  1455  4228 I ActivityManager: Background started FGS: Allowed [callingPackage: com.google.android.apps.wellbeing; callingUid: 10121; uidState: BFGS; intent: Intent { cmp=com.google.android.apps.wellbeing/com.google.apps.tiktok.concurrent.InternalForegroundService (has extras) }; code:BACKGROUND_ACTIVITY_PERMISSION; tempAllowListReason:<null>; targetSdkVersion:33; callerTargetSdkVersion:33; startForegroundCount:0; bindFromPackage:null]
11-08 21:35:03.600  1455  1455 I NotificationService: Cannot find enqueued record for key: 0|com.google.android.apps.wellbeing|174344743|null|10121
11-08 21:35:03.754  1455  5519 W AppOps  : setUidMode() called with a mode inconsistent with runtime permission state, this is discouraged and you should revoke the runtime permission instead: uid=10124, switchCode=0, mode=4, permission=android.permission.ACCESS_BACKGROUND_LOCATION
11-08 21:35:03.798  1455  5519 W AppOps  : setUidMode() called with a mode inconsistent with runtime permission state, this is discouraged and you should revoke the runtime permission instead: uid=10124, switchCode=1, mode=4, permission=android.permission.ACCESS_BACKGROUND_LOCATION
11-08 21:35:03.799  1455  5519 W AppOps  : setUidMode() called with a mode inconsistent with runtime permission state, this is discouraged and you should revoke the runtime permission instead: uid=10124, switchCode=0, mode=4, permission=android.permission.ACCESS_BACKGROUND_LOCATION
11-08 21:35:03.920  1455  1821 E PackageManager: ERROR: could not load root hash from incremental install
11-08 21:35:03.931  1455  2017 W PackageParsing: Ignoring duplicate uses-permissions/uses-permissions-sdk-m: android.permission.INTERNET in package: com.uc108.mobile.sdgj.bd1 at: Binary XML file line #25
11-08 21:35:03.931  1455  2017 W PackageParsing: Ignoring duplicate uses-permissions/uses-permissions-sdk-m: android.permission.READ_PHONE_STATE in package: com.uc108.mobile.sdgj.bd1 at: Binary XML file line #26
11-08 21:35:03.931  1455  2017 W PackageParsing: Ignoring duplicate uses-permissions/uses-permissions-sdk-m: android.permission.ACCESS_WIFI_STATE in package: com.uc108.mobile.sdgj.bd1 at: Binary XML file line #27
11-08 21:35:03.931  1455  2017 W PackageParsing: Ignoring duplicate uses-permissions/uses-permissions-sdk-m: android.permission.ACCESS_NETWORK_STATE in package: com.uc108.mobile.sdgj.bd1 at: Binary XML file line #28
11-08 21:35:03.931  1455  2017 W PackageParsing: Ignoring duplicate uses-permissions/uses-permissions-sdk-m: android.permission.BROADCAST_STICKY in package: com.uc108.mobile.sdgj.bd1 at: Binary XML file line #31
11-08 21:35:03.931  1455  2017 W PackageParsing: Ignoring duplicate uses-permissions/uses-permissions-sdk-m: android.permission.WRITE_SETTINGS in package: com.uc108.mobile.sdgj.bd1 at: Binary XML file line #32
11-08 21:35:03.931  1455  2017 W PackageParsing: Ignoring duplicate uses-permissions/uses-permissions-sdk-m: android.permission.WRITE_EXTERNAL_STORAGE in package: com.uc108.mobile.sdgj.bd1 at: Binary XML file line #34
11-08 21:35:03.931  1455  2017 W PackageParsing: Ignoring duplicate uses-permissions/uses-permissions-sdk-m: android.permission.WAKE_LOCK in package: com.uc108.mobile.sdgj.bd1 at: Binary XML file line #35
11-08 21:35:03.931  1455  2017 W PackageParsing: Ignoring duplicate uses-permissions/uses-permissions-sdk-m: android.permission.VIBRATE in package: com.uc108.mobile.sdgj.bd1 at: Binary XML file line #39
11-08 21:35:03.931  1455  2017 W PackageParsing: Ignoring duplicate uses-permissions/uses-permissions-sdk-m: android.permission.ACCESS_NETWORK_STATE in package: com.uc108.mobile.sdgj.bd1 at: Binary XML file line #46
11-08 21:35:03.931  1455  2017 W PackageParsing: Ignoring duplicate uses-permissions/uses-permissions-sdk-m: android.permission.ACCESS_WIFI_STATE in package: com.uc108.mobile.sdgj.bd1 at: Binary XML file line #47
11-08 21:35:03.931  1455  2017 W PackageParsing: Ignoring duplicate uses-permissions/uses-permissions-sdk-m: android.permission.READ_PHONE_STATE in package: com.uc108.mobile.sdgj.bd1 at: Binary XML file line #48
11-08 21:35:03.931  1455  2017 W PackageParsing: Ignoring duplicate uses-permissions/uses-permissions-sdk-m: android.permission.WRITE_SETTINGS in package: com.uc108.mobile.sdgj.bd1 at: Binary XML file line #49
11-08 21:35:03.931  1455  2017 W PackageParsing: Ignoring duplicate uses-permissions/uses-permissions-sdk-m: android.permission.WRITE_EXTERNAL_STORAGE in package: com.uc108.mobile.sdgj.bd1 at: Binary XML file line #50
11-08 21:35:03.931  1455  2017 W PackageParsing: Ignoring duplicate uses-permissions/uses-permissions-sdk-m: android.permission.INTERNET in package: com.uc108.mobile.sdgj.bd1 at: Binary XML file line #51
11-08 21:35:03.931  1455  2017 W PackageParsing: Ignoring duplicate uses-permissions/uses-permissions-sdk-m: android.permission.GET_TASKS in package: com.uc108.mobile.sdgj.bd1 at: Binary XML file line #52
11-08 21:35:03.931  1455  2017 W PackageParsing: Ignoring duplicate uses-permissions/uses-permissions-sdk-m: android.permission.ACCESS_COARSE_LOCATION in package: com.uc108.mobile.sdgj.bd1 at: Binary XML file line #56
11-08 21:35:03.932  1455  2017 W PackageParsing: Ignoring duplicate uses-permissions/uses-permissions-sdk-m: android.permission.RECEIVE_BOOT_COMPLETED in package: com.uc108.mobile.sdgj.bd1 at: Binary XML file line #63
11-08 21:35:03.932  1455  2017 W PackageParsing: Ignoring duplicate uses-permissions/uses-permissions-sdk-m: android.permission.VIBRATE in package: com.uc108.mobile.sdgj.bd1 at: Binary XML file line #64
11-08 21:35:03.932  1455  2017 W PackageParsing: Ignoring duplicate uses-permissions/uses-permissions-sdk-m: android.permission.BROADCAST_STICKY in package: com.uc108.mobile.sdgj.bd1 at: Binary XML file line #70
11-08 21:35:03.932  1455  2017 W PackageParsing: Ignoring duplicate uses-permissions/uses-permissions-sdk-m: android.permission.WAKE_LOCK in package: com.uc108.mobile.sdgj.bd1 at: Binary XML file line #76
11-08 21:35:03.932  1455  2017 W PackageParsing: Ignoring duplicate uses-permissions/uses-permissions-sdk-m: android.permission.ACCESS_COARSE_LOCATION in package: com.uc108.mobile.sdgj.bd1 at: Binary XML file line #77
11-08 21:35:03.933  1455  2017 D CompatibilityChangeReporter: Compat change id reported: 151163173; UID -1; state: DISABLED
11-08 21:35:03.935  1455  2017 W PackageParsing: No actions in intent-filter at /data/app/vmdl1701700308.tmp/base.apk Binary XML file line #482
11-08 21:35:03.935  1455  2017 W PackageParsing: No actions in intent-filter at /data/app/vmdl1701700308.tmp/base.apk Binary XML file line #489
11-08 21:35:03.935  1455  2017 W PackageParsing: No actions in intent-filter at /data/app/vmdl1701700308.tmp/base.apk Binary XML file line #496
11-08 21:35:03.935  1455  2017 W PackageParsing: No actions in intent-filter at /data/app/vmdl1701700308.tmp/base.apk Binary XML file line #503
11-08 21:35:03.935  1455  2017 W PackageParsing: No actions in intent-filter at /data/app/vmdl1701700308.tmp/base.apk Binary XML file line #510
11-08 21:35:03.935  1455  2017 W PackageParsing: No actions in intent-filter at /data/app/vmdl1701700308.tmp/base.apk Binary XML file line #527
11-08 21:35:03.935  1455  2017 W PackageParsing: No actions in intent-filter at /data/app/vmdl1701700308.tmp/base.apk Binary XML file line #534
11-08 21:35:03.935  1455  2017 W PackageParsing: No actions in intent-filter at /data/app/vmdl1701700308.tmp/base.apk Binary XML file line #541
11-08 21:35:03.935  1455  2017 W PackageParsing: No actions in intent-filter at /data/app/vmdl1701700308.tmp/base.apk Binary XML file line #549
11-08 21:35:03.936  1455  2017 W PackageParsing: No actions in intent-filter at /data/app/vmdl1701700308.tmp/base.apk Binary XML file line #557
11-08 21:35:03.936  1455  2017 W PackageParsing: No actions in intent-filter at /data/app/vmdl1701700308.tmp/base.apk Binary XML file line #565
11-08 21:35:03.936  1455  2017 W PackageParsing: No actions in intent-filter at /data/app/vmdl1701700308.tmp/base.apk Binary XML file line #573
11-08 21:35:03.936  1455  2017 W PackageParsing: No actions in intent-filter at /data/app/vmdl1701700308.tmp/base.apk Binary XML file line #581
11-08 21:35:03.936  1455  2017 W PackageParsing: No actions in intent-filter at /data/app/vmdl1701700308.tmp/base.apk Binary XML file line #588
11-08 21:35:03.936  1455  2017 W PackageParsing: No actions in intent-filter at /data/app/vmdl1701700308.tmp/base.apk Binary XML file line #595
11-08 21:35:03.936  1455  2017 W PackageParsing: No actions in intent-filter at /data/app/vmdl1701700308.tmp/base.apk Binary XML file line #602
11-08 21:35:03.936  1455  2017 W PackageParsing: No actions in intent-filter at /data/app/vmdl1701700308.tmp/base.apk Binary XML file line #609
11-08 21:35:03.936  1455  2017 W PackageParsing: No actions in intent-filter at /data/app/vmdl1701700308.tmp/base.apk Binary XML file line #615
11-08 21:35:03.972  1455  1821 I PackageManager: Integrity check passed for file:///data/app/vmdl1701700308.tmp
11-08 21:35:03.984  1455  1821 W PackageParsing: Ignoring duplicate uses-permissions/uses-permissions-sdk-m: android.permission.INTERNET in package: com.uc108.mobile.sdgj.bd1 at: Binary XML file line #25
11-08 21:35:03.984  1455  1821 W PackageParsing: Ignoring duplicate uses-permissions/uses-permissions-sdk-m: android.permission.READ_PHONE_STATE in package: com.uc108.mobile.sdgj.bd1 at: Binary XML file line #26
11-08 21:35:03.984  1455  1821 W PackageParsing: Ignoring duplicate uses-permissions/uses-permissions-sdk-m: android.permission.ACCESS_WIFI_STATE in package: com.uc108.mobile.sdgj.bd1 at: Binary XML file line #27
11-08 21:35:03.984  1455  1821 W PackageParsing: Ignoring duplicate uses-permissions/uses-permissions-sdk-m: android.permission.ACCESS_NETWORK_STATE in package: com.uc108.mobile.sdgj.bd1 at: Binary XML file line #28
11-08 21:35:03.984  1455  1821 W PackageParsing: Ignoring duplicate uses-permissions/uses-permissions-sdk-m: android.permission.BROADCAST_STICKY in package: com.uc108.mobile.sdgj.bd1 at: Binary XML file line #31
11-08 21:35:03.984  1455  1821 W PackageParsing: Ignoring duplicate uses-permissions/uses-permissions-sdk-m: android.permission.WRITE_SETTINGS in package: com.uc108.mobile.sdgj.bd1 at: Binary XML file line #32
11-08 21:35:03.984  1455  1821 W PackageParsing: Ignoring duplicate uses-permissions/uses-permissions-sdk-m: android.permission.WRITE_EXTERNAL_STORAGE in package: com.uc108.mobile.sdgj.bd1 at: Binary XML file line #34
11-08 21:35:03.984  1455  1821 W PackageParsing: Ignoring duplicate uses-permissions/uses-permissions-sdk-m: android.permission.WAKE_LOCK in package: com.uc108.mobile.sdgj.bd1 at: Binary XML file line #35
11-08 21:35:03.985  1455  1821 W PackageParsing: Ignoring duplicate uses-permissions/uses-permissions-sdk-m: android.permission.VIBRATE in package: com.uc108.mobile.sdgj.bd1 at: Binary XML file line #39
11-08 21:35:03.985  1455  1821 W PackageParsing: Ignoring duplicate uses-permissions/uses-permissions-sdk-m: android.permission.ACCESS_NETWORK_STATE in package: com.uc108.mobile.sdgj.bd1 at: Binary XML file line #46
11-08 21:35:03.985  1455  1821 W PackageParsing: Ignoring duplicate uses-permissions/uses-permissions-sdk-m: android.permission.ACCESS_WIFI_STATE in package: com.uc108.mobile.sdgj.bd1 at: Binary XML file line #47
11-08 21:35:03.985  1455  1821 W PackageParsing: Ignoring duplicate uses-permissions/uses-permissions-sdk-m: android.permission.READ_PHONE_STATE in package: com.uc108.mobile.sdgj.bd1 at: Binary XML file line #48
11-08 21:35:03.985  1455  1821 W PackageParsing: Ignoring duplicate uses-permissions/uses-permissions-sdk-m: android.permission.WRITE_SETTINGS in package: com.uc108.mobile.sdgj.bd1 at: Binary XML file line #49
11-08 21:35:03.985  1455  1821 W PackageParsing: Ignoring duplicate uses-permissions/uses-permissions-sdk-m: android.permission.WRITE_EXTERNAL_STORAGE in package: com.uc108.mobile.sdgj.bd1 at: Binary XML file line #50
11-08 21:35:03.985  1455  1821 W PackageParsing: Ignoring duplicate uses-permissions/uses-permissions-sdk-m: android.permission.INTERNET in package: com.uc108.mobile.sdgj.bd1 at: Binary XML file line #51
11-08 21:35:03.985  1455  1821 W PackageParsing: Ignoring duplicate uses-permissions/uses-permissions-sdk-m: android.permission.GET_TASKS in package: com.uc108.mobile.sdgj.bd1 at: Binary XML file line #52
11-08 21:35:03.985  1455  1821 W PackageParsing: Ignoring duplicate uses-permissions/uses-permissions-sdk-m: android.permission.ACCESS_COARSE_LOCATION in package: com.uc108.mobile.sdgj.bd1 at: Binary XML file line #56
11-08 21:35:03.985  1455  1821 W PackageParsing: Ignoring duplicate uses-permissions/uses-permissions-sdk-m: android.permission.RECEIVE_BOOT_COMPLETED in package: com.uc108.mobile.sdgj.bd1 at: Binary XML file line #63
11-08 21:35:03.985  1455  1821 W PackageParsing: Ignoring duplicate uses-permissions/uses-permissions-sdk-m: android.permission.VIBRATE in package: com.uc108.mobile.sdgj.bd1 at: Binary XML file line #64
11-08 21:35:03.985  1455  1821 W PackageParsing: Ignoring duplicate uses-permissions/uses-permissions-sdk-m: android.permission.BROADCAST_STICKY in package: com.uc108.mobile.sdgj.bd1 at: Binary XML file line #70
11-08 21:35:03.985  1455  1821 W PackageParsing: Ignoring duplicate uses-permissions/uses-permissions-sdk-m: android.permission.WAKE_LOCK in package: com.uc108.mobile.sdgj.bd1 at: Binary XML file line #76
11-08 21:35:03.985  1455  1821 W PackageParsing: Ignoring duplicate uses-permissions/uses-permissions-sdk-m: android.permission.ACCESS_COARSE_LOCATION in package: com.uc108.mobile.sdgj.bd1 at: Binary XML file line #77
11-08 21:35:03.988  1455  1821 W PackageParsing: No actions in intent-filter at /data/app/vmdl1701700308.tmp/base.apk Binary XML file line #482
11-08 21:35:03.988  1455  1821 W PackageParsing: No actions in intent-filter at /data/app/vmdl1701700308.tmp/base.apk Binary XML file line #489
11-08 21:35:03.988  1455  1821 W PackageParsing: No actions in intent-filter at /data/app/vmdl1701700308.tmp/base.apk Binary XML file line #496
11-08 21:35:03.988  1455  1821 W PackageParsing: No actions in intent-filter at /data/app/vmdl1701700308.tmp/base.apk Binary XML file line #503
11-08 21:35:03.988  1455  1821 W PackageParsing: No actions in intent-filter at /data/app/vmdl1701700308.tmp/base.apk Binary XML file line #510
11-08 21:35:03.989  1455  1821 W PackageParsing: No actions in intent-filter at /data/app/vmdl1701700308.tmp/base.apk Binary XML file line #527
11-08 21:35:03.989  1455  1821 W PackageParsing: No actions in intent-filter at /data/app/vmdl1701700308.tmp/base.apk Binary XML file line #534
11-08 21:35:03.989  1455  1821 W PackageParsing: No actions in intent-filter at /data/app/vmdl1701700308.tmp/base.apk Binary XML file line #541
11-08 21:35:03.989  1455  1821 W PackageParsing: No actions in intent-filter at /data/app/vmdl1701700308.tmp/base.apk Binary XML file line #549
11-08 21:35:03.989  1455  1821 W PackageParsing: No actions in intent-filter at /data/app/vmdl1701700308.tmp/base.apk Binary XML file line #557
11-08 21:35:03.989  1455  1821 W PackageParsing: No actions in intent-filter at /data/app/vmdl1701700308.tmp/base.apk Binary XML file line #565
11-08 21:35:03.989  1455  1821 W PackageParsing: No actions in intent-filter at /data/app/vmdl1701700308.tmp/base.apk Binary XML file line #573
11-08 21:35:03.989  1455  1821 W PackageParsing: No actions in intent-filter at /data/app/vmdl1701700308.tmp/base.apk Binary XML file line #581
11-08 21:35:03.989  1455  1821 W PackageParsing: No actions in intent-filter at /data/app/vmdl1701700308.tmp/base.apk Binary XML file line #588
11-08 21:35:03.989  1455  1821 W PackageParsing: No actions in intent-filter at /data/app/vmdl1701700308.tmp/base.apk Binary XML file line #595
11-08 21:35:03.990  1455  1821 W PackageParsing: No actions in intent-filter at /data/app/vmdl1701700308.tmp/base.apk Binary XML file line #602
11-08 21:35:03.990  1455  1821 W PackageParsing: No actions in intent-filter at /data/app/vmdl1701700308.tmp/base.apk Binary XML file line #609
11-08 21:35:03.990  1455  1821 W PackageParsing: No actions in intent-filter at /data/app/vmdl1701700308.tmp/base.apk Binary XML file line #615
11-08 21:35:04.085  1455  1677 V StorageManagerService: Package null has legacy storage
11-08 21:35:04.459  1455  1821 V BackupManagerService: [UserID:0] restoreAtInstall pkg=com.uc108.mobile.sdgj.bd1 token=2b restoreSet=0
11-08 21:35:04.460  1455  1821 V BackupManagerService: [UserID:0] Finishing install immediately
11-08 21:35:04.461  1455  1821 D PackageInstallerSession: Marking session 1701700308 as applied
11-08 21:35:04.463  1455  1821 D CompatibilityChangeReporter: Compat change id reported: 168419799; UID 10233; state: DISABLED
11-08 21:35:04.463  1455  1821 D CompatibilityChangeReporter: Compat change id reported: 273564678; UID 10233; state: DISABLED
11-08 21:35:04.474  1455  1455 I Telecom : DefaultDialerCache: Refreshing default dialer for user 0: now com.google.android.dialer: DDC.oR@A0E
11-08 21:35:04.487  1455  1455 V BackupManagerConstants: getFullBackupIntervalMilliseconds(...) returns 86400000
11-08 21:35:04.487  1455  1455 V BackupManagerConstants: getFullBackupRequiredNetworkType(...) returns 2
11-08 21:35:04.487  1455  1455 V BackupManagerConstants: getFullBackupRequireCharging(...) returns true
11-08 21:35:04.492  1455  5325 W BroadcastQueue: u0 Receiving a broadcast in packagecom.android.buyer requires a permissions review
11-08 21:35:04.492  1455  5325 W BroadcastQueue: Skipping delivery: permission review required for Intent { act=android.intent.action.PACKAGE_ADDED dat=package: flg=0x4000010 (has extras) } from null (pid=1455, uid=1000) to com.android.buyer/.mRve
11-08 21:35:04.510  1455  1455 I Telecom : DefaultDialerCache: Refreshing default dialer for user 0: now com.google.android.dialer: DDC.oR@A0I
11-08 21:35:04.511  1455  1695 W WindowMagnificationMgr: requestConnection duplicated request: connect=false, mConnectionState=DISCONNECTED
11-08 21:35:04.511  1455  1697 W BroadcastQueue: Background execution not allowed: receiving Intent { act=android.intent.action.PACKAGE_ADDED dat=package: flg=0x4000010 (has extras) } to com.google.android.packageinstaller/com.android.packageinstaller.PackageInstalledReceiver
11-08 21:35:04.513  1455  1986 D CompatibilityChangeReporter: Compat change id reported: 218533173; UID 10233; state: DISABLED
11-08 21:35:04.527  1455  1816 E VerityUtils: Failed to measure fs-verity, errno 1: /data/app/~~XqrB5WSestHZr3dYgMo1Dw==/com.uc108.mobile.sdgj.bd1-EG1W9roFF_dDJMDVNhtubw==/base.apk
11-08 21:35:04.545  1455  1697 W BroadcastQueue: Background execution not allowed: receiving Intent { act=android.intent.action.PACKAGE_ADDED dat=package: flg=0x4000010 (has extras) } to com.android.vending/com.google.android.finsky.packagemonitor.impl.PackageMonitorReceiverImpl$RegisteredReceiver
11-08 21:35:04.545  1455  1697 W BroadcastQueue: Background execution not allowed: receiving Intent { act=android.intent.action.PACKAGE_ADDED dat=package: flg=0x4000010 (has extras) } to com.android.vending/com.google.android.finsky.packagemonitor.backgroundimpl.BackgroundPackageMonitorReceiverImpl$RegisteredReceiver
11-08 21:35:04.545  1455  1697 W BroadcastQueue: Background execution not allowed: receiving Intent { act=android.intent.action.PACKAGE_ADDED dat=package: flg=0x4000010 (has extras) } to com.google.android.gms/.games.chimera.GamesSystemBroadcastReceiverProxy
11-08 21:35:04.545  1455  1697 W BroadcastQueue: Background execution not allowed: receiving Intent { act=android.intent.action.PACKAGE_ADDED dat=package: flg=0x4000010 (has extras) } to com.google.android.gms/.gass.chimera.PackageChangeBroadcastReceiver
11-08 21:35:04.545  1455  1697 W BroadcastQueue: Background execution not allowed: receiving Intent { act=android.intent.action.PACKAGE_ADDED dat=package: flg=0x4000010 (has extras) } to com.google.android.gms/.chimera.GmsIntentOperationService$PersistentTrustedReceiver
11-08 21:35:04.545  1455  1697 W BroadcastQueue: Background execution not allowed: receiving Intent { act=android.intent.action.PACKAGE_ADDED dat=package: flg=0x4000010 (has extras) } to com.google.android.googlequicksearchbox/com.google.android.apps.gsa.googlequicksearchbox.GelStubAppWatcher
11-08 21:35:04.545  1455  1697 W BroadcastQueue: u0 Receiving a broadcast in packagecom.games.mengmeizhitd requires a permissions review
11-08 21:35:04.545  1455  1697 W BroadcastQueue: Skipping delivery: permission review required for Intent { act=android.intent.action.PACKAGE_ADDED dat=package: flg=0x4000010 (has extras) } from null (pid=1455, uid=1000) to com.games.mengmeizhitd/hjnw.ihjnw.i.isqly
11-08 21:35:04.545  1455  1697 W BroadcastQueue: u0 Receiving a broadcast in packagecom.qiuqiu.dfmc requires a permissions review
11-08 21:35:04.545  1455  1697 W BroadcastQueue: Skipping delivery: permission review required for Intent { act=android.intent.action.PACKAGE_ADDED dat=package: flg=0x4000010 (has extras) } from null (pid=1455, uid=1000) to com.qiuqiu.dfmc/cn.jpush.android.service.PushReceiver
11-08 21:35:04.545  1455  1697 W BroadcastQueue: u0 Receiving a broadcast in packagecom.safesys.viruskiller requires a permissions review
11-08 21:35:04.545  1455  1697 W BroadcastQueue: Skipping delivery: permission review required for Intent { act=android.intent.action.PACKAGE_ADDED dat=package: flg=0x4000010 (has extras) } from null (pid=1455, uid=1000) to com.safesys.viruskiller/.ScanPackageBroadcast
11-08 21:35:04.545  1455  1697 W BroadcastQueue: u0 Receiving a broadcast in packageio.dcloud.H5BC6BF13 requires a permissions review
11-08 21:35:04.545  1455  1697 W BroadcastQueue: Skipping delivery: permission review required for Intent { act=android.intent.action.PACKAGE_ADDED dat=package: flg=0x4000010 (has extras) } from null (pid=1455, uid=1000) to io.dcloud.H5BC6BF13/io.dcloud.common.adapter.io.DownloadReceiver
11-08 21:35:04.567  1455  5514 D CompatibilityChangeReporter: Compat change id reported: 161252188; UID 10233; state: DISABLED
11-08 21:35:04.582  1455  1695 W PackageManager: Failed registering loading progress callback. Package is fully loaded.
11-08 21:35:04.590  1455  1695 W WindowMagnificationMgr: requestConnection duplicated request: connect=false, mConnectionState=DISCONNECTED
11-08 21:35:04.602  1455  4165 W BackupTransportManager: Package com.uc108.mobile.sdgj.bd1 enabled setting: 0
11-08 21:35:04.757  1455  3203 W AppOps  : setUidMode() called with a mode inconsistent with runtime permission state, this is discouraged and you should revoke the runtime permission instead: uid=10124, switchCode=0, mode=4, permission=android.permission.ACCESS_BACKGROUND_LOCATION
11-08 21:35:04.788  1455  1821 E PackageManager: ERROR: could not load root hash from incremental install
11-08 21:35:04.809  1455  1821 I PackageManager: Integrity check passed for file:///data/app/vmdl496371576.tmp
11-08 21:35:04.865  1455  1968 W AppOps  : setUidMode() called with a mode inconsistent with runtime permission state, this is discouraged and you should revoke the runtime permission instead: uid=10124, switchCode=1, mode=4, permission=android.permission.ACCESS_BACKGROUND_LOCATION
11-08 21:35:04.867  1455  1968 W AppOps  : setUidMode() called with a mode inconsistent with runtime permission state, this is discouraged and you should revoke the runtime permission instead: uid=10124, switchCode=0, mode=4, permission=android.permission.ACCESS_BACKGROUND_LOCATION
11-08 21:35:04.938  1455  1677 V StorageManagerService: Package null has legacy storage
11-08 21:35:05.066  1455  1821 V BackupManagerService: [UserID:0] restoreAtInstall pkg=com.ying.hzblhj token=2c restoreSet=0
11-08 21:35:05.067  1455  1821 V BackupManagerService: [UserID:0] Finishing install immediately
11-08 21:35:05.068  1455  1821 D PackageInstallerSession: Marking session 496371576 as applied
11-08 21:35:05.072  1455  1821 D CompatibilityChangeReporter: Compat change id reported: 168419799; UID 10234; state: DISABLED
11-08 21:35:05.072  1455  1821 D CompatibilityChangeReporter: Compat change id reported: 273564678; UID 10234; state: DISABLED
11-08 21:35:05.087  1455  5519 W BroadcastQueue: u0 Receiving a broadcast in packagecom.android.buyer requires a permissions review
11-08 21:35:05.087  1455  5519 W BroadcastQueue: Skipping delivery: permission review required for Intent { act=android.intent.action.PACKAGE_ADDED dat=package: flg=0x4000010 (has extras) } from null (pid=1455, uid=1000) to com.android.buyer/.mRve
11-08 21:35:05.087  1455  1455 I Telecom : DefaultDialerCache: Refreshing default dialer for user 0: now com.google.android.dialer: DDC.oR@A0U
11-08 21:35:05.090  1455  1697 W BroadcastQueue: Background execution not allowed: receiving Intent { act=android.intent.action.PACKAGE_ADDED dat=package: flg=0x4000010 (has extras) } to com.google.android.packageinstaller/com.android.packageinstaller.PackageInstalledReceiver
11-08 21:35:05.090  1455  1697 W BroadcastQueue: Background execution not allowed: receiving Intent { act=android.intent.action.PACKAGE_ADDED dat=package: flg=0x4000010 (has extras) } to com.android.vending/com.google.android.finsky.packagemonitor.impl.PackageMonitorReceiverImpl$RegisteredReceiver
11-08 21:35:05.090  1455  1697 W BroadcastQueue: Background execution not allowed: receiving Intent { act=android.intent.action.PACKAGE_ADDED dat=package: flg=0x4000010 (has extras) } to com.android.vending/com.google.android.finsky.packagemonitor.backgroundimpl.BackgroundPackageMonitorReceiverImpl$RegisteredReceiver
11-08 21:35:05.090  1455  1697 W BroadcastQueue: Background execution not allowed: receiving Intent { act=android.intent.action.PACKAGE_ADDED dat=package: flg=0x4000010 (has extras) } to com.google.android.gms/.games.chimera.GamesSystemBroadcastReceiverProxy
11-08 21:35:05.090  1455  1697 W BroadcastQueue: Background execution not allowed: receiving Intent { act=android.intent.action.PACKAGE_ADDED dat=package: flg=0x4000010 (has extras) } to com.google.android.gms/.gass.chimera.PackageChangeBroadcastReceiver
11-08 21:35:05.090  1455  1697 W BroadcastQueue: Background execution not allowed: receiving Intent { act=android.intent.action.PACKAGE_ADDED dat=package: flg=0x4000010 (has extras) } to com.google.android.gms/.chimera.GmsIntentOperationService$PersistentTrustedReceiver
11-08 21:35:05.090  1455  1697 W BroadcastQueue: Background execution not allowed: receiving Intent { act=android.intent.action.PACKAGE_ADDED dat=package: flg=0x4000010 (has extras) } to com.google.android.googlequicksearchbox/com.google.android.apps.gsa.googlequicksearchbox.GelStubAppWatcher
11-08 21:35:05.090  1455  1697 W BroadcastQueue: u0 Receiving a broadcast in packagecom.games.mengmeizhitd requires a permissions review
11-08 21:35:05.090  1455  1697 W BroadcastQueue: Skipping delivery: permission review required for Intent { act=android.intent.action.PACKAGE_ADDED dat=package: flg=0x4000010 (has extras) } from null (pid=1455, uid=1000) to com.games.mengmeizhitd/hjnw.ihjnw.i.isqly
11-08 21:35:05.091  1455  1697 W BroadcastQueue: u0 Receiving a broadcast in packagecom.qiuqiu.dfmc requires a permissions review
11-08 21:35:05.091  1455  1697 W BroadcastQueue: Skipping delivery: permission review required for Intent { act=android.intent.action.PACKAGE_ADDED dat=package: flg=0x4000010 (has extras) } from null (pid=1455, uid=1000) to com.qiuqiu.dfmc/cn.jpush.android.service.PushReceiver
11-08 21:35:05.091  1455  1697 W BroadcastQueue: u0 Receiving a broadcast in packagecom.safesys.viruskiller requires a permissions review
11-08 21:35:05.091  1455  1697 W BroadcastQueue: Skipping delivery: permission review required for Intent { act=android.intent.action.PACKAGE_ADDED dat=package: flg=0x4000010 (has extras) } from null (pid=1455, uid=1000) to com.safesys.viruskiller/.ScanPackageBroadcast
11-08 21:35:05.091  1455  1697 W BroadcastQueue: u0 Receiving a broadcast in packagecom.uc108.mobile.sdgj.bd1 requires a permissions review
11-08 21:35:05.091  1455  1697 W BroadcastQueue: Skipping delivery: permission review required for Intent { act=android.intent.action.PACKAGE_ADDED dat=package: flg=0x4000010 (has extras) } from null (pid=1455, uid=1000) to com.uc108.mobile.sdgj.bd1/com.baidu.tiebasdk.service.InstallReceiver
11-08 21:35:05.091  1455  1697 W BroadcastQueue: u0 Receiving a broadcast in packageio.dcloud.H5BC6BF13 requires a permissions review
11-08 21:35:05.091  1455  1697 W BroadcastQueue: Skipping delivery: permission review required for Intent { act=android.intent.action.PACKAGE_ADDED dat=package: flg=0x4000010 (has extras) } from null (pid=1455, uid=1000) to io.dcloud.H5BC6BF13/io.dcloud.common.adapter.io.DownloadReceiver
11-08 21:35:05.098  1455  1455 V BackupManagerConstants: getFullBackupIntervalMilliseconds(...) returns 86400000
11-08 21:35:05.099  1455  1455 V BackupManagerConstants: getFullBackupRequiredNetworkType(...) returns 2
11-08 21:35:05.099  1455  1455 V BackupManagerConstants: getFullBackupRequireCharging(...) returns true
11-08 21:35:05.104  1455  1455 I Telecom : DefaultDialerCache: Refreshing default dialer for user 0: now com.google.android.dialer: DDC.oR@A0Y
11-08 21:35:05.112  1455  1986 D CompatibilityChangeReporter: Compat change id reported: 218533173; UID 10234; state: DISABLED
11-08 21:35:05.119  1455  1695 W WindowMagnificationMgr: requestConnection duplicated request: connect=false, mConnectionState=DISCONNECTED
11-08 21:35:05.120  1455  1816 E VerityUtils: Failed to measure fs-verity, errno 1: /data/app/~~4MJWpsTlgELkW8vtyVYa7g==/com.ying.hzblhj-iezncf79T6VCw-0HBNEERQ==/base.apk
11-08 21:35:05.136  1455  5325 D CompatibilityChangeReporter: Compat change id reported: 161252188; UID 10234; state: DISABLED
11-08 21:35:05.153  1455  4165 W BackupTransportManager: Package com.ying.hzblhj enabled setting: 0
11-08 21:35:05.156  1455  1821 E PackageManager: ERROR: could not load root hash from incremental install
11-08 21:35:05.175  1455  1821 I PackageManager: Integrity check passed for file:///data/app/vmdl1510484502.tmp
11-08 21:35:05.186  1455  1695 W PackageManager: Failed registering loading progress callback. Package is fully loaded.
11-08 21:35:05.193  1455  1695 W WindowMagnificationMgr: requestConnection duplicated request: connect=false, mConnectionState=DISCONNECTED
11-08 21:35:05.280  1455  1821 I PackageManager: Permission ownership changed. Updating all permissions.
11-08 21:35:05.525  1455  1677 V StorageManagerService: Package null has legacy storage
11-08 21:35:05.593  1455  2982 I ActivityManager: Background started FGS: Allowed [callingPackage: com.google.android.apps.wellbeing; callingUid: 10121; uidState: BFGS; intent: Intent { cmp=com.google.android.apps.wellbeing/com.google.apps.tiktok.concurrent.InternalForegroundService (has extras) }; code:BACKGROUND_ACTIVITY_PERMISSION; tempAllowListReason:<null>; targetSdkVersion:33; callerTargetSdkVersion:33; startForegroundCount:0; bindFromPackage:null]
11-08 21:35:05.672  1455  1821 V BackupManagerService: [UserID:0] restoreAtInstall pkg=com.hgperfko.yaeghrwx token=2d restoreSet=0
11-08 21:35:05.672  1455  1821 V BackupManagerService: [UserID:0] Finishing install immediately
11-08 21:35:05.675  1455  1821 D PackageInstallerSession: Marking session 1510484502 as applied
11-08 21:35:05.678  1455  1821 D CompatibilityChangeReporter: Compat change id reported: 168419799; UID 10235; state: DISABLED
11-08 21:35:05.678  1455  1821 D CompatibilityChangeReporter: Compat change id reported: 273564678; UID 10235; state: DISABLED
11-08 21:35:05.687  1455  1455 I Telecom : DefaultDialerCache: Refreshing default dialer for user 0: now com.google.android.dialer: DDC.oR@A0k
11-08 21:35:05.691  1455  1542 W BroadcastQueue: u0 Receiving a broadcast in packagecom.android.buyer requires a permissions review
11-08 21:35:05.692  1455  1542 W BroadcastQueue: Skipping delivery: permission review required for Intent { act=android.intent.action.PACKAGE_ADDED dat=package: flg=0x4000010 (has extras) } from null (pid=1455, uid=1000) to com.android.buyer/.mRve
11-08 21:35:05.694  1455  1455 V BackupManagerConstants: getFullBackupIntervalMilliseconds(...) returns 86400000
11-08 21:35:05.694  1455  1455 V BackupManagerConstants: getFullBackupRequiredNetworkType(...) returns 2
11-08 21:35:05.695  1455  1455 V BackupManagerConstants: getFullBackupRequireCharging(...) returns true
11-08 21:35:05.697  1455  1697 W BroadcastQueue: Background execution not allowed: receiving Intent { act=android.intent.action.PACKAGE_ADDED dat=package: flg=0x4000010 (has extras) } to com.google.android.packageinstaller/com.android.packageinstaller.PackageInstalledReceiver
11-08 21:35:05.697  1455  1697 W BroadcastQueue: Background execution not allowed: receiving Intent { act=android.intent.action.PACKAGE_ADDED dat=package: flg=0x4000010 (has extras) } to com.android.vending/com.google.android.finsky.packagemonitor.impl.PackageMonitorReceiverImpl$RegisteredReceiver
11-08 21:35:05.697  1455  1697 W BroadcastQueue: Background execution not allowed: receiving Intent { act=android.intent.action.PACKAGE_ADDED dat=package: flg=0x4000010 (has extras) } to com.android.vending/com.google.android.finsky.packagemonitor.backgroundimpl.BackgroundPackageMonitorReceiverImpl$RegisteredReceiver
11-08 21:35:05.697  1455  1697 W BroadcastQueue: Background execution not allowed: receiving Intent { act=android.intent.action.PACKAGE_ADDED dat=package: flg=0x4000010 (has extras) } to com.google.android.gms/.games.chimera.GamesSystemBroadcastReceiverProxy
11-08 21:35:05.697  1455  1697 W BroadcastQueue: Background execution not allowed: receiving Intent { act=android.intent.action.PACKAGE_ADDED dat=package: flg=0x4000010 (has extras) } to com.google.android.gms/.gass.chimera.PackageChangeBroadcastReceiver
11-08 21:35:05.697  1455  1697 W BroadcastQueue: Background execution not allowed: receiving Intent { act=android.intent.action.PACKAGE_ADDED dat=package: flg=0x4000010 (has extras) } to com.google.android.gms/.chimera.GmsIntentOperationService$PersistentTrustedReceiver
11-08 21:35:05.697  1455  1697 W BroadcastQueue: Background execution not allowed: receiving Intent { act=android.intent.action.PACKAGE_ADDED dat=package: flg=0x4000010 (has extras) } to com.google.android.googlequicksearchbox/com.google.android.apps.gsa.googlequicksearchbox.GelStubAppWatcher
11-08 21:35:05.697  1455  1697 W BroadcastQueue: u0 Receiving a broadcast in packagecom.games.mengmeizhitd requires a permissions review
11-08 21:35:05.697  1455  1697 W BroadcastQueue: Skipping delivery: permission review required for Intent { act=android.intent.action.PACKAGE_ADDED dat=package: flg=0x4000010 (has extras) } from null (pid=1455, uid=1000) to com.games.mengmeizhitd/hjnw.ihjnw.i.isqly
11-08 21:35:05.697  1455  1697 W BroadcastQueue: u0 Receiving a broadcast in packagecom.qiuqiu.dfmc requires a permissions review
11-08 21:35:05.697  1455  1697 W BroadcastQueue: Skipping delivery: permission review required for Intent { act=android.intent.action.PACKAGE_ADDED dat=package: flg=0x4000010 (has extras) } from null (pid=1455, uid=1000) to com.qiuqiu.dfmc/cn.jpush.android.service.PushReceiver
11-08 21:35:05.697  1455  1697 W BroadcastQueue: u0 Receiving a broadcast in packagecom.safesys.viruskiller requires a permissions review
11-08 21:35:05.697  1455  1697 W BroadcastQueue: Skipping delivery: permission review required for Intent { act=android.intent.action.PACKAGE_ADDED dat=package: flg=0x4000010 (has extras) } from null (pid=1455, uid=1000) to com.safesys.viruskiller/.ScanPackageBroadcast
11-08 21:35:05.697  1455  1697 W BroadcastQueue: u0 Receiving a broadcast in packagecom.uc108.mobile.sdgj.bd1 requires a permissions review
11-08 21:35:05.697  1455  1697 W BroadcastQueue: Skipping delivery: permission review required for Intent { act=android.intent.action.PACKAGE_ADDED dat=package: flg=0x4000010 (has extras) } from null (pid=1455, uid=1000) to com.uc108.mobile.sdgj.bd1/com.baidu.tiebasdk.service.InstallReceiver
11-08 21:35:05.702  1455  1697 W BroadcastQueue: u0 Receiving a broadcast in packageio.dcloud.H5BC6BF13 requires a permissions review
11-08 21:35:05.702  1455  1697 W BroadcastQueue: Skipping delivery: permission review required for Intent { act=android.intent.action.PACKAGE_ADDED dat=package: flg=0x4000010 (has extras) } from null (pid=1455, uid=1000) to io.dcloud.H5BC6BF13/io.dcloud.common.adapter.io.DownloadReceiver
11-08 21:35:05.729  1455  1816 E VerityUtils: Failed to measure fs-verity, errno 1: /data/app/~~xtj-LerPQE9oS634SNp4ig==/com.hgperfko.yaeghrwx-29tg6CHBHeMCNwu45iE13w==/base.apk
