11-08 21:35:05.732  1455  1695 W WindowMagnificationMgr: requestConnection duplicated request: connect=false, mConnectionState=DISCONNECTED
11-08 21:35:05.738  1455  1455 I Telecom : DefaultDialerCache: Refreshing default dialer for user 0: now com.google.android.dialer: DDC.oR@A0o
11-08 21:35:05.747  1455  1986 D CompatibilityChangeReporter: Compat change id reported: 218533173; UID 10235; state: DISABLED
11-08 21:35:05.753  1455  5523 D CompatibilityChangeReporter: Compat change id reported: 161252188; UID 10235; state: DISABLED
11-08 21:35:05.779  1455  4165 W BackupTransportManager: Package com.hgperfko.yaeghrwx enabled setting: 0
11-08 21:35:05.799  1455  1821 E PackageManager: ERROR: could not load root hash from incremental install
11-08 21:35:05.802  1455  2017 W PackageParsing: Ignoring duplicate uses-permissions/uses-permissions-sdk-m: android.permission.ACCESS_NETWORK_STATE in package: com.livegame.wallpapermingche at: Binary XML file line #99
11-08 21:35:05.802  1455  2017 W PackageParsing: Ignoring duplicate uses-permissions/uses-permissions-sdk-m: android.permission.READ_PHONE_STATE in package: com.livegame.wallpapermingche at: Binary XML file line #100
11-08 21:35:05.802  1455  2017 W PackageParsing: Ignoring duplicate uses-permissions/uses-permissions-sdk-m: android.permission.ACCESS_WIFI_STATE in package: com.livegame.wallpapermingche at: Binary XML file line #101
11-08 21:35:05.802  1455  2017 W PackageParsing: Ignoring duplicate uses-permissions/uses-permissions-sdk-m: android.permission.INTERNET in package: com.livegame.wallpapermingche at: Binary XML file line #103
11-08 21:35:05.802  1455  2017 W PackageParsing: Ignoring duplicate uses-permissions/uses-permissions-sdk-m: android.permission.WRITE_EXTERNAL_STORAGE in package: com.livegame.wallpapermingche at: Binary XML file line #105
11-08 21:35:05.808  1455  1821 I PackageManager: Integrity check passed for file:///data/app/vmdl1621198795.tmp
11-08 21:35:05.808  1455  1455 I NotificationService: Cannot find enqueued record for key: 0|com.google.android.apps.wellbeing|174344743|null|10121
11-08 21:35:05.817  1455  1695 W PackageManager: Failed registering loading progress callback. Package is fully loaded.
11-08 21:35:05.836  1455  1695 W WindowMagnificationMgr: requestConnection duplicated request: connect=false, mConnectionState=DISCONNECTED
11-08 21:35:05.886  1455  1821 W PackageParsing: Ignoring duplicate uses-permissions/uses-permissions-sdk-m: android.permission.ACCESS_NETWORK_STATE in package: com.livegame.wallpapermingche at: Binary XML file line #99
11-08 21:35:05.886  1455  1821 W PackageParsing: Ignoring duplicate uses-permissions/uses-permissions-sdk-m: android.permission.READ_PHONE_STATE in package: com.livegame.wallpapermingche at: Binary XML file line #100
11-08 21:35:05.887  1455  1821 W PackageParsing: Ignoring duplicate uses-permissions/uses-permissions-sdk-m: android.permission.ACCESS_WIFI_STATE in package: com.livegame.wallpapermingche at: Binary XML file line #101
11-08 21:35:05.887  1455  1821 W PackageParsing: Ignoring duplicate uses-permissions/uses-permissions-sdk-m: android.permission.INTERNET in package: com.livegame.wallpapermingche at: Binary XML file line #103
11-08 21:35:05.887  1455  1821 W PackageParsing: Ignoring duplicate uses-permissions/uses-permissions-sdk-m: android.permission.WRITE_EXTERNAL_STORAGE in package: com.livegame.wallpapermingche at: Binary XML file line #105
11-08 21:35:05.985  1455  1677 V StorageManagerService: Package null has legacy storage
11-08 21:35:06.015  1455  5325 W AppOps  : setUidMode() called with a mode inconsistent with runtime permission state, this is discouraged and you should revoke the runtime permission instead: uid=10124, switchCode=0, mode=4, permission=android.permission.ACCESS_BACKGROUND_LOCATION
11-08 21:35:06.093  1455  2982 W AppOps  : setUidMode() called with a mode inconsistent with runtime permission state, this is discouraged and you should revoke the runtime permission instead: uid=10124, switchCode=1, mode=4, permission=android.permission.ACCESS_BACKGROUND_LOCATION
11-08 21:35:06.095  1455  5325 W AppOps  : setUidMode() called with a mode inconsistent with runtime permission state, this is discouraged and you should revoke the runtime permission instead: uid=10124, switchCode=0, mode=4, permission=android.permission.ACCESS_BACKGROUND_LOCATION
11-08 21:35:06.142  1455  1821 V BackupManagerService: [UserID:0] restoreAtInstall pkg=com.livegame.wallpapermingche token=2e restoreSet=0
11-08 21:35:06.143  1455  1821 V BackupManagerService: [UserID:0] Finishing install immediately
11-08 21:35:06.145  1455  1821 D PackageInstallerSession: Marking session 1621198795 as applied
11-08 21:35:06.147  1455  1821 D CompatibilityChangeReporter: Compat change id reported: 168419799; UID 10236; state: DISABLED
11-08 21:35:06.147  1455  1821 D CompatibilityChangeReporter: Compat change id reported: 273564678; UID 10236; state: DISABLED
11-08 21:35:06.160  1455  1455 I Telecom : DefaultDialerCache: Refreshing default dialer for user 0: now com.google.android.dialer: DDC.oR@A08
11-08 21:35:06.167  1455  5325 W BroadcastQueue: u0 Receiving a broadcast in packagecom.android.buyer requires a permissions review
11-08 21:35:06.167  1455  5325 W BroadcastQueue: Skipping delivery: permission review required for Intent { act=android.intent.action.PACKAGE_ADDED dat=package: flg=0x4000010 (has extras) } from null (pid=1455, uid=1000) to com.android.buyer/.mRve
11-08 21:35:06.168  1455  1697 W BroadcastQueue: Background execution not allowed: receiving Intent { act=android.intent.action.PACKAGE_ADDED dat=package: flg=0x4000010 (has extras) } to com.google.android.packageinstaller/com.android.packageinstaller.PackageInstalledReceiver
11-08 21:35:06.168  1455  1697 W BroadcastQueue: Background execution not allowed: receiving Intent { act=android.intent.action.PACKAGE_ADDED dat=package: flg=0x4000010 (has extras) } to com.android.vending/com.google.android.finsky.packagemonitor.impl.PackageMonitorReceiverImpl$RegisteredReceiver
11-08 21:35:06.168  1455  1697 W BroadcastQueue: Background execution not allowed: receiving Intent { act=android.intent.action.PACKAGE_ADDED dat=package: flg=0x4000010 (has extras) } to com.android.vending/com.google.android.finsky.packagemonitor.backgroundimpl.BackgroundPackageMonitorReceiverImpl$RegisteredReceiver
11-08 21:35:06.168  1455  1697 W BroadcastQueue: Background execution not allowed: receiving Intent { act=android.intent.action.PACKAGE_ADDED dat=package: flg=0x4000010 (has extras) } to com.google.android.gms/.games.chimera.GamesSystemBroadcastReceiverProxy
11-08 21:35:06.168  1455  1697 W BroadcastQueue: Background execution not allowed: receiving Intent { act=android.intent.action.PACKAGE_ADDED dat=package: flg=0x4000010 (has extras) } to com.google.android.gms/.gass.chimera.PackageChangeBroadcastReceiver
11-08 21:35:06.169  1455  1697 W BroadcastQueue: Background execution not allowed: receiving Intent { act=android.intent.action.PACKAGE_ADDED dat=package: flg=0x4000010 (has extras) } to com.google.android.gms/.chimera.GmsIntentOperationService$PersistentTrustedReceiver
11-08 21:35:06.169  1455  1697 W BroadcastQueue: Background execution not allowed: receiving Intent { act=android.intent.action.PACKAGE_ADDED dat=package: flg=0x4000010 (has extras) } to com.google.android.googlequicksearchbox/com.google.android.apps.gsa.googlequicksearchbox.GelStubAppWatcher
11-08 21:35:06.169  1455  1697 W BroadcastQueue: u0 Receiving a broadcast in packagecom.games.mengmeizhitd requires a permissions review
11-08 21:35:06.169  1455  1697 W BroadcastQueue: Skipping delivery: permission review required for Intent { act=android.intent.action.PACKAGE_ADDED dat=package: flg=0x4000010 (has extras) } from null (pid=1455, uid=1000) to com.games.mengmeizhitd/hjnw.ihjnw.i.isqly
11-08 21:35:06.169  1455  1697 W BroadcastQueue: u0 Receiving a broadcast in packagecom.hgperfko.yaeghrwx requires a permissions review
11-08 21:35:06.169  1455  1697 W BroadcastQueue: Skipping delivery: permission review required for Intent { act=android.intent.action.PACKAGE_ADDED dat=package: flg=0x4000010 (has extras) } from null (pid=1455, uid=1000) to com.hgperfko.yaeghrwx/.core.hLytdCQDBv
11-08 21:35:06.169  1455  1697 W BroadcastQueue: u0 Receiving a broadcast in packagecom.qiuqiu.dfmc requires a permissions review
11-08 21:35:06.169  1455  1697 W BroadcastQueue: Skipping delivery: permission review required for Intent { act=android.intent.action.PACKAGE_ADDED dat=package: flg=0x4000010 (has extras) } from null (pid=1455, uid=1000) to com.qiuqiu.dfmc/cn.jpush.android.service.PushReceiver
11-08 21:35:06.169  1455  1697 W BroadcastQueue: u0 Receiving a broadcast in packagecom.safesys.viruskiller requires a permissions review
11-08 21:35:06.169  1455  1697 W BroadcastQueue: Skipping delivery: permission review required for Intent { act=android.intent.action.PACKAGE_ADDED dat=package: flg=0x4000010 (has extras) } from null (pid=1455, uid=1000) to com.safesys.viruskiller/.ScanPackageBroadcast
11-08 21:35:06.169  1455  1697 W BroadcastQueue: u0 Receiving a broadcast in packagecom.uc108.mobile.sdgj.bd1 requires a permissions review
11-08 21:35:06.169  1455  1697 W BroadcastQueue: Skipping delivery: permission review required for Intent { act=android.intent.action.PACKAGE_ADDED dat=package: flg=0x4000010 (has extras) } from null (pid=1455, uid=1000) to com.uc108.mobile.sdgj.bd1/com.baidu.tiebasdk.service.InstallReceiver
11-08 21:35:06.169  1455  1697 W BroadcastQueue: u0 Receiving a broadcast in packageio.dcloud.H5BC6BF13 requires a permissions review
11-08 21:35:06.169  1455  1697 W BroadcastQueue: Skipping delivery: permission review required for Intent { act=android.intent.action.PACKAGE_ADDED dat=package: flg=0x4000010 (has extras) } from null (pid=1455, uid=1000) to io.dcloud.H5BC6BF13/io.dcloud.common.adapter.io.DownloadReceiver
11-08 21:35:06.171  1455  1455 V BackupManagerConstants: getFullBackupIntervalMilliseconds(...) returns 86400000
11-08 21:35:06.171  1455  1455 V BackupManagerConstants: getFullBackupRequiredNetworkType(...) returns 2
11-08 21:35:06.171  1455  1455 V BackupManagerConstants: getFullBackupRequireCharging(...) returns true
11-08 21:35:06.185  1455  1816 E VerityUtils: Failed to measure fs-verity, errno 1: /data/app/~~ZFkVClyZEX2cs5a8cP85jw==/com.livegame.wallpapermingche-gZU_Swapc0zKk9NDxY83eQ==/base.apk
11-08 21:35:06.194  1455  1986 D CompatibilityChangeReporter: Compat change id reported: 218533173; UID 10236; state: DISABLED
11-08 21:35:06.196  1455  1695 W WindowMagnificationMgr: requestConnection duplicated request: connect=false, mConnectionState=DISCONNECTED
11-08 21:35:06.197  1455  1455 I Telecom : DefaultDialerCache: Refreshing default dialer for user 0: now com.google.android.dialer: DDC.oR@A1A
11-08 21:35:06.201  1455  4165 W BackupTransportManager: Package com.livegame.wallpapermingche enabled setting: 0
11-08 21:35:06.214  1455  5534 D CompatibilityChangeReporter: Compat change id reported: 161252188; UID 10236; state: DISABLED
11-08 21:35:06.271  1455  1695 W PackageManager: Failed registering loading progress callback. Package is fully loaded.
11-08 21:35:06.288  1455  1695 W WindowMagnificationMgr: requestConnection duplicated request: connect=false, mConnectionState=DISCONNECTED
11-08 21:35:06.302  1455  1821 E PackageManager: ERROR: could not load root hash from incremental install
11-08 21:35:06.329  1455  1821 I PackageManager: Integrity check passed for file:///data/app/vmdl1025373317.tmp
11-08 21:35:06.447  1455  1677 V StorageManagerService: Package null has legacy storage
11-08 21:35:06.608  1455  1821 V BackupManagerService: [UserID:0] restoreAtInstall pkg=com.cncd.japan.janli.shudu token=2f restoreSet=0
11-08 21:35:06.609  1455  1821 V BackupManagerService: [UserID:0] Finishing install immediately
11-08 21:35:06.610  1455  1821 D PackageInstallerSession: Marking session 1025373317 as applied
11-08 21:35:06.614  1455  1821 D CompatibilityChangeReporter: Compat change id reported: 168419799; UID 10237; state: DISABLED
11-08 21:35:06.614  1455  1821 D CompatibilityChangeReporter: Compat change id reported: 273564678; UID 10237; state: DISABLED
11-08 21:35:06.622  1455  1455 I Telecom : DefaultDialerCache: Refreshing default dialer for user 0: now com.google.android.dialer: DDC.oR@A1M
11-08 21:35:06.628  1455  5534 W BroadcastQueue: u0 Receiving a broadcast in packagecom.android.buyer requires a permissions review
11-08 21:35:06.628  1455  5534 W BroadcastQueue: Skipping delivery: permission review required for Intent { act=android.intent.action.PACKAGE_ADDED dat=package: flg=0x4000010 (has extras) } from null (pid=1455, uid=1000) to com.android.buyer/.mRve
11-08 21:35:06.631  1455  1697 W BroadcastQueue: Background execution not allowed: receiving Intent { act=android.intent.action.PACKAGE_ADDED dat=package: flg=0x4000010 (has extras) } to com.google.android.packageinstaller/com.android.packageinstaller.PackageInstalledReceiver
11-08 21:35:06.631  1455  1697 W BroadcastQueue: Background execution not allowed: receiving Intent { act=android.intent.action.PACKAGE_ADDED dat=package: flg=0x4000010 (has extras) } to com.android.vending/com.google.android.finsky.packagemonitor.impl.PackageMonitorReceiverImpl$RegisteredReceiver
11-08 21:35:06.631  1455  1697 W BroadcastQueue: Background execution not allowed: receiving Intent { act=android.intent.action.PACKAGE_ADDED dat=package: flg=0x4000010 (has extras) } to com.android.vending/com.google.android.finsky.packagemonitor.backgroundimpl.BackgroundPackageMonitorReceiverImpl$RegisteredReceiver
11-08 21:35:06.631  1455  1697 W BroadcastQueue: Background execution not allowed: receiving Intent { act=android.intent.action.PACKAGE_ADDED dat=package: flg=0x4000010 (has extras) } to com.google.android.gms/.games.chimera.GamesSystemBroadcastReceiverProxy
11-08 21:35:06.631  1455  1697 W BroadcastQueue: Background execution not allowed: receiving Intent { act=android.intent.action.PACKAGE_ADDED dat=package: flg=0x4000010 (has extras) } to com.google.android.gms/.gass.chimera.PackageChangeBroadcastReceiver
11-08 21:35:06.631  1455  1697 W BroadcastQueue: Background execution not allowed: receiving Intent { act=android.intent.action.PACKAGE_ADDED dat=package: flg=0x4000010 (has extras) } to com.google.android.gms/.chimera.GmsIntentOperationService$PersistentTrustedReceiver
11-08 21:35:06.631  1455  1697 W BroadcastQueue: Background execution not allowed: receiving Intent { act=android.intent.action.PACKAGE_ADDED dat=package: flg=0x4000010 (has extras) } to com.google.android.googlequicksearchbox/com.google.android.apps.gsa.googlequicksearchbox.GelStubAppWatcher
11-08 21:35:06.633  1455  1697 W BroadcastQueue: u0 Receiving a broadcast in packagecom.games.mengmeizhitd requires a permissions review
11-08 21:35:06.633  1455  1697 W BroadcastQueue: Skipping delivery: permission review required for Intent { act=android.intent.action.PACKAGE_ADDED dat=package: flg=0x4000010 (has extras) } from null (pid=1455, uid=1000) to com.games.mengmeizhitd/hjnw.ihjnw.i.isqly
11-08 21:35:06.633  1455  1697 W BroadcastQueue: u0 Receiving a broadcast in packagecom.hgperfko.yaeghrwx requires a permissions review
11-08 21:35:06.633  1455  1697 W BroadcastQueue: Skipping delivery: permission review required for Intent { act=android.intent.action.PACKAGE_ADDED dat=package: flg=0x4000010 (has extras) } from null (pid=1455, uid=1000) to com.hgperfko.yaeghrwx/.core.hLytdCQDBv
11-08 21:35:06.633  1455  1697 W BroadcastQueue: u0 Receiving a broadcast in packagecom.qiuqiu.dfmc requires a permissions review
11-08 21:35:06.633  1455  1697 W BroadcastQueue: Skipping delivery: permission review required for Intent { act=android.intent.action.PACKAGE_ADDED dat=package: flg=0x4000010 (has extras) } from null (pid=1455, uid=1000) to com.qiuqiu.dfmc/cn.jpush.android.service.PushReceiver
11-08 21:35:06.633  1455  1697 W BroadcastQueue: u0 Receiving a broadcast in packagecom.safesys.viruskiller requires a permissions review
11-08 21:35:06.633  1455  1697 W BroadcastQueue: Skipping delivery: permission review required for Intent { act=android.intent.action.PACKAGE_ADDED dat=package: flg=0x4000010 (has extras) } from null (pid=1455, uid=1000) to com.safesys.viruskiller/.ScanPackageBroadcast
11-08 21:35:06.633  1455  1697 W BroadcastQueue: u0 Receiving a broadcast in packagecom.uc108.mobile.sdgj.bd1 requires a permissions review
11-08 21:35:06.633  1455  1697 W BroadcastQueue: Skipping delivery: permission review required for Intent { act=android.intent.action.PACKAGE_ADDED dat=package: flg=0x4000010 (has extras) } from null (pid=1455, uid=1000) to com.uc108.mobile.sdgj.bd1/com.baidu.tiebasdk.service.InstallReceiver
11-08 21:35:06.634  1455  1697 W BroadcastQueue: u0 Receiving a broadcast in packageio.dcloud.H5BC6BF13 requires a permissions review
11-08 21:35:06.634  1455  1697 W BroadcastQueue: Skipping delivery: permission review required for Intent { act=android.intent.action.PACKAGE_ADDED dat=package: flg=0x4000010 (has extras) } from null (pid=1455, uid=1000) to io.dcloud.H5BC6BF13/io.dcloud.common.adapter.io.DownloadReceiver
11-08 21:35:06.644  1455  1986 D CompatibilityChangeReporter: Compat change id reported: 218533173; UID 10237; state: DISABLED
11-08 21:35:06.646  1455  1455 I Telecom : DefaultDialerCache: Refreshing default dialer for user 0: now com.google.android.dialer: DDC.oR@A1Q
11-08 21:35:06.654  1455  1695 W WindowMagnificationMgr: requestConnection duplicated request: connect=false, mConnectionState=DISCONNECTED
11-08 21:35:06.657  1455  4165 W BackupTransportManager: Package com.cncd.japan.janli.shudu enabled setting: 0
11-08 21:35:06.667  1455  1816 E VerityUtils: Failed to measure fs-verity, errno 1: /data/app/~~EkMqmaYa7zSsWwoSWJFnKg==/com.cncd.japan.janli.shudu-wIdXaL-_U0cya1rNC0i1rA==/base.apk
11-08 21:35:06.694  1455  1968 D CompatibilityChangeReporter: Compat change id reported: 161252188; UID 10237; state: DISABLED
11-08 21:35:06.736  1455  1695 W PackageManager: Failed registering loading progress callback. Package is fully loaded.
11-08 21:35:06.745  1455  1695 W WindowMagnificationMgr: requestConnection duplicated request: connect=false, mConnectionState=DISCONNECTED
11-08 21:35:06.764  1455  1821 E PackageManager: ERROR: could not load root hash from incremental install
11-08 21:35:06.775  1455  2017 W PackageParsing: Ignoring duplicate uses-permissions/uses-permissions-sdk-m: android.permission.ACCESS_WIFI_STATE in package: com.android.msc at: Binary XML file line #17
11-08 21:35:06.788  1455  1821 I PackageManager: Integrity check passed for file:///data/app/vmdl2062666099.tmp
11-08 21:35:06.827  1455  1821 W PackageParsing: Ignoring duplicate uses-permissions/uses-permissions-sdk-m: android.permission.ACCESS_WIFI_STATE in package: com.android.msc at: Binary XML file line #17
11-08 21:35:06.908  1455  1677 V StorageManagerService: Package null has legacy storage
11-08 21:35:06.931  1455  1821 V BackupManagerService: [UserID:0] restoreAtInstall pkg=com.android.msc token=30 restoreSet=0
11-08 21:35:06.932  1455  1821 V BackupManagerService: [UserID:0] Finishing install immediately
11-08 21:35:06.938  1455  5511 W AppOps  : setUidMode() called with a mode inconsistent with runtime permission state, this is discouraged and you should revoke the runtime permission instead: uid=10124, switchCode=0, mode=4, permission=android.permission.ACCESS_BACKGROUND_LOCATION
11-08 21:35:06.939  1455  1821 D PackageInstallerSession: Marking session 2062666099 as applied
11-08 21:35:06.952  1455  1821 D CompatibilityChangeReporter: Compat change id reported: 168419799; UID 10238; state: DISABLED
11-08 21:35:06.952  1455  1821 D CompatibilityChangeReporter: Compat change id reported: 273564678; UID 10238; state: DISABLED
11-08 21:35:06.962  1455  1697 W BroadcastQueue: u0 Receiving a broadcast in packagecom.android.buyer requires a permissions review
11-08 21:35:06.962  1455  1697 W BroadcastQueue: Skipping delivery: permission review required for Intent { act=android.intent.action.PACKAGE_ADDED dat=package: flg=0x4000010 (has extras) } from null (pid=1455, uid=1000) to com.android.buyer/.mRve
11-08 21:35:06.962  1455  1697 W BroadcastQueue: Background execution not allowed: receiving Intent { act=android.intent.action.PACKAGE_ADDED dat=package: flg=0x4000010 (has extras) } to com.google.android.packageinstaller/com.android.packageinstaller.PackageInstalledReceiver
11-08 21:35:06.962  1455  1697 W BroadcastQueue: Background execution not allowed: receiving Intent { act=android.intent.action.PACKAGE_ADDED dat=package: flg=0x4000010 (has extras) } to com.android.vending/com.google.android.finsky.packagemonitor.impl.PackageMonitorReceiverImpl$RegisteredReceiver
11-08 21:35:06.962  1455  1697 W BroadcastQueue: Background execution not allowed: receiving Intent { act=android.intent.action.PACKAGE_ADDED dat=package: flg=0x4000010 (has extras) } to com.android.vending/com.google.android.finsky.packagemonitor.backgroundimpl.BackgroundPackageMonitorReceiverImpl$RegisteredReceiver
11-08 21:35:06.962  1455  1697 W BroadcastQueue: Background execution not allowed: receiving Intent { act=android.intent.action.PACKAGE_ADDED dat=package: flg=0x4000010 (has extras) } to com.google.android.gms/.games.chimera.GamesSystemBroadcastReceiverProxy
11-08 21:35:06.962  1455  1697 W BroadcastQueue: Background execution not allowed: receiving Intent { act=android.intent.action.PACKAGE_ADDED dat=package: flg=0x4000010 (has extras) } to com.google.android.gms/.gass.chimera.PackageChangeBroadcastReceiver
11-08 21:35:06.962  1455  1697 W BroadcastQueue: Background execution not allowed: receiving Intent { act=android.intent.action.PACKAGE_ADDED dat=package: flg=0x4000010 (has extras) } to com.google.android.gms/.chimera.GmsIntentOperationService$PersistentTrustedReceiver
11-08 21:35:06.962  1455  1697 W BroadcastQueue: Background execution not allowed: receiving Intent { act=android.intent.action.PACKAGE_ADDED dat=package: flg=0x4000010 (has extras) } to com.google.android.googlequicksearchbox/com.google.android.apps.gsa.googlequicksearchbox.GelStubAppWatcher
11-08 21:35:06.962  1455  1697 W BroadcastQueue: u0 Receiving a broadcast in packagecom.cncd.japan.janli.shudu requires a permissions review
11-08 21:35:06.962  1455  1697 W BroadcastQueue: Skipping delivery: permission review required for Intent { act=android.intent.action.PACKAGE_ADDED dat=package: flg=0x4000010 (has extras) } from null (pid=1455, uid=1000) to com.cncd.japan.janli.shudu/net.l.k.r
11-08 21:35:06.962  1455  1697 W BroadcastQueue: u0 Receiving a broadcast in packagecom.cncd.japan.janli.shudu requires a permissions review
11-08 21:35:06.962  1455  1697 W BroadcastQueue: Skipping delivery: permission review required for Intent { act=android.intent.action.PACKAGE_ADDED dat=package: flg=0x4000010 (has extras) } from null (pid=1455, uid=1000) to com.cncd.japan.janli.shudu/com.feiwofour.coverscreen.SR
11-08 21:35:06.962  1455  1697 W BroadcastQueue: u0 Receiving a broadcast in packagecom.games.mengmeizhitd requires a permissions review
11-08 21:35:06.962  1455  1697 W BroadcastQueue: Skipping delivery: permission review required for Intent { act=android.intent.action.PACKAGE_ADDED dat=package: flg=0x4000010 (has extras) } from null (pid=1455, uid=1000) to com.games.mengmeizhitd/hjnw.ihjnw.i.isqly
11-08 21:35:06.962  1455  1697 W BroadcastQueue: u0 Receiving a broadcast in packagecom.hgperfko.yaeghrwx requires a permissions review
11-08 21:35:06.962  1455  1697 W BroadcastQueue: Skipping delivery: permission review required for Intent { act=android.intent.action.PACKAGE_ADDED dat=package: flg=0x4000010 (has extras) } from null (pid=1455, uid=1000) to com.hgperfko.yaeghrwx/.core.hLytdCQDBv
11-08 21:35:06.962  1455  1697 W BroadcastQueue: u0 Receiving a broadcast in packagecom.qiuqiu.dfmc requires a permissions review
11-08 21:35:06.962  1455  1697 W BroadcastQueue: Skipping delivery: permission review required for Intent { act=android.intent.action.PACKAGE_ADDED dat=package: flg=0x4000010 (has extras) } from null (pid=1455, uid=1000) to com.qiuqiu.dfmc/cn.jpush.android.service.PushReceiver
11-08 21:35:06.962  1455  1697 W BroadcastQueue: u0 Receiving a broadcast in packagecom.safesys.viruskiller requires a permissions review
11-08 21:35:06.962  1455  1697 W BroadcastQueue: Skipping delivery: permission review required for Intent { act=android.intent.action.PACKAGE_ADDED dat=package: flg=0x4000010 (has extras) } from null (pid=1455, uid=1000) to com.safesys.viruskiller/.ScanPackageBroadcast
11-08 21:35:06.963  1455  1697 W BroadcastQueue: u0 Receiving a broadcast in packagecom.uc108.mobile.sdgj.bd1 requires a permissions review
11-08 21:35:06.963  1455  1697 W BroadcastQueue: Skipping delivery: permission review required for Intent { act=android.intent.action.PACKAGE_ADDED dat=package: flg=0x4000010 (has extras) } from null (pid=1455, uid=1000) to com.uc108.mobile.sdgj.bd1/com.baidu.tiebasdk.service.InstallReceiver
11-08 21:35:06.963  1455  1697 W BroadcastQueue: u0 Receiving a broadcast in packageio.dcloud.H5BC6BF13 requires a permissions review
11-08 21:35:06.963  1455  1697 W BroadcastQueue: Skipping delivery: permission review required for Intent { act=android.intent.action.PACKAGE_ADDED dat=package: flg=0x4000010 (has extras) } from null (pid=1455, uid=1000) to io.dcloud.H5BC6BF13/io.dcloud.common.adapter.io.DownloadReceiver
11-08 21:35:06.967  1455  1455 I Telecom : DefaultDialerCache: Refreshing default dialer for user 0: now com.google.android.dialer: DDC.oR@A1c
11-08 21:35:06.972  1455  1455 V BackupManagerConstants: getFullBackupIntervalMilliseconds(...) returns 86400000
11-08 21:35:06.972  1455  1455 V BackupManagerConstants: getFullBackupRequiredNetworkType(...) returns 2
11-08 21:35:06.972  1455  1455 V BackupManagerConstants: getFullBackupRequireCharging(...) returns true
11-08 21:35:06.985  1455  1695 W WindowMagnificationMgr: requestConnection duplicated request: connect=false, mConnectionState=DISCONNECTED
11-08 21:35:07.001  1455  1455 I Telecom : DefaultDialerCache: Refreshing default dialer for user 0: now com.google.android.dialer: DDC.oR@A1g
11-08 21:35:07.027  1455  1695 W PackageManager: Failed registering loading progress callback. Package is fully loaded.
11-08 21:35:07.065  1455  1986 D CompatibilityChangeReporter: Compat change id reported: 218533173; UID 10238; state: DISABLED
11-08 21:35:07.068  1455  1695 W WindowMagnificationMgr: requestConnection duplicated request: connect=false, mConnectionState=DISCONNECTED
11-08 21:35:07.073  1455  4165 W BackupTransportManager: Package com.android.msc enabled setting: 0
11-08 21:35:07.143  1455  3203 D CompatibilityChangeReporter: Compat change id reported: 161252188; UID 10238; state: DISABLED
11-08 21:35:07.182  1455  1816 E VerityUtils: Failed to measure fs-verity, errno 1: /data/app/~~4cisu1lr3TR5HB3mEHeHyA==/com.android.msc-5CJbDFohlnIGsuiW2VdYiw==/base.apk
11-08 21:35:07.208  1455  5526 W AppOps  : setUidMode() called with a mode inconsistent with runtime permission state, this is discouraged and you should revoke the runtime permission instead: uid=10124, switchCode=1, mode=4, permission=android.permission.ACCESS_BACKGROUND_LOCATION
11-08 21:35:07.218  1455  5526 W AppOps  : setUidMode() called with a mode inconsistent with runtime permission state, this is discouraged and you should revoke the runtime permission instead: uid=10124, switchCode=0, mode=4, permission=android.permission.ACCESS_BACKGROUND_LOCATION
11-08 21:35:07.477  1455  5534 I ActivityManager: Background started FGS: Allowed [callingPackage: com.google.android.apps.wellbeing; callingUid: 10121; uidState: BFGS; intent: Intent { cmp=com.google.android.apps.wellbeing/com.google.apps.tiktok.concurrent.InternalForegroundService (has extras) }; code:BACKGROUND_ACTIVITY_PERMISSION; tempAllowListReason:<null>; targetSdkVersion:33; callerTargetSdkVersion:33; startForegroundCount:0; bindFromPackage:null]
11-08 21:35:07.508  1455  1821 E PackageManager: ERROR: could not load root hash from incremental install
11-08 21:35:07.512  1455  2017 W PackageParsing: Ignoring duplicate uses-permissions/uses-permissions-sdk-m: android.permission.INTERNET in package: com.jr.narutoii at: Binary XML file line #10
11-08 21:35:07.512  1455  2017 W PackageParsing: Ignoring duplicate uses-permissions/uses-permissions-sdk-m: android.permission.ACCESS_NETWORK_STATE in package: com.jr.narutoii at: Binary XML file line #11
11-08 21:35:07.512  1455  2017 W PackageParsing: Ignoring duplicate uses-permissions/uses-permissions-sdk-m: android.permission.MOUNT_UNMOUNT_FILESYSTEMS in package: com.jr.narutoii at: Binary XML file line #13
11-08 21:35:07.512  1455  2017 W PackageParsing: Ignoring duplicate uses-permissions/uses-permissions-sdk-m: android.permission.WRITE_EXTERNAL_STORAGE in package: com.jr.narutoii at: Binary XML file line #14
11-08 21:35:07.512  1455  2017 W PackageParsing: Ignoring duplicate uses-permissions/uses-permissions-sdk-m: android.permission.INTERNET in package: com.jr.narutoii at: Binary XML file line #20
11-08 21:35:07.512  1455  2017 W PackageParsing: Ignoring duplicate uses-permissions/uses-permissions-sdk-m: android.permission.ACCESS_NETWORK_STATE in package: com.jr.narutoii at: Binary XML file line #21
11-08 21:35:07.512  1455  2017 W PackageParsing: Ignoring duplicate uses-permissions/uses-permissions-sdk-m: android.permission.READ_PHONE_STATE in package: com.jr.narutoii at: Binary XML file line #22
11-08 21:35:07.512  1455  2017 W PackageParsing: Ignoring duplicate uses-permissions/uses-permissions-sdk-m: android.permission.READ_PHONE_STATE in package: com.jr.narutoii at: Binary XML file line #35
11-08 21:35:07.512  1455  2017 W PackageParsing: Ignoring duplicate uses-permissions/uses-permissions-sdk-m: android.permission.ACCESS_NETWORK_STATE in package: com.jr.narutoii at: Binary XML file line #36
11-08 21:35:07.512  1455  2017 W PackageParsing: Ignoring duplicate uses-permissions/uses-permissions-sdk-m: android.permission.ACCESS_WIFI_STATE in package: com.jr.narutoii at: Binary XML file line #37
11-08 21:35:07.512  1455  2017 W PackageParsing: Ignoring duplicate uses-permissions/uses-permissions-sdk-m: android.permission.INTERNET in package: com.jr.narutoii at: Binary XML file line #38
11-08 21:35:07.512  1455  2017 W PackageParsing: Ignoring duplicate uses-permissions/uses-permissions-sdk-m: android.permission.WRITE_EXTERNAL_STORAGE in package: com.jr.narutoii at: Binary XML file line #39
11-08 21:35:07.512  1455  2017 W PackageParsing: Ignoring duplicate uses-permissions/uses-permissions-sdk-m: android.permission.READ_SMS in package: com.jr.narutoii at: Binary XML file line #48
11-08 21:35:07.512  1455  2017 W PackageParsing: Ignoring duplicate uses-permissions/uses-permissions-sdk-m: android.permission.SEND_SMS in package: com.jr.narutoii at: Binary XML file line #49
11-08 21:35:07.512  1455  2017 W PackageParsing: Ignoring duplicate uses-permissions/uses-permissions-sdk-m: android.permission.WRITE_SMS in package: com.jr.narutoii at: Binary XML file line #50
11-08 21:35:07.512  1455  2017 W PackageParsing: Ignoring duplicate uses-permissions/uses-permissions-sdk-m: android.permission.VIBRATE in package: com.jr.narutoii at: Binary XML file line #51
11-08 21:35:07.512  1455  2017 W PackageParsing: Ignoring duplicate uses-permissions/uses-permissions-sdk-m: android.permission.RECEIVE_BOOT_COMPLETED in package: com.jr.narutoii at: Binary XML file line #55
11-08 21:35:07.513  1455  2017 W PackageParsing: Ignoring duplicate uses-permissions/uses-permissions-sdk-m: android.permission.INTERNET in package: com.jr.narutoii at: Binary XML file line #142
11-08 21:35:07.529  1455  1821 I PackageManager: Integrity check passed for file:///data/app/vmdl1789977473.tmp
11-08 21:35:07.536  1455  1821 W PackageParsing: Ignoring duplicate uses-permissions/uses-permissions-sdk-m: android.permission.INTERNET in package: com.jr.narutoii at: Binary XML file line #10
11-08 21:35:07.536  1455  1821 W PackageParsing: Ignoring duplicate uses-permissions/uses-permissions-sdk-m: android.permission.ACCESS_NETWORK_STATE in package: com.jr.narutoii at: Binary XML file line #11
11-08 21:35:07.536  1455  1821 W PackageParsing: Ignoring duplicate uses-permissions/uses-permissions-sdk-m: android.permission.MOUNT_UNMOUNT_FILESYSTEMS in package: com.jr.narutoii at: Binary XML file line #13
11-08 21:35:07.536  1455  1821 W PackageParsing: Ignoring duplicate uses-permissions/uses-permissions-sdk-m: android.permission.WRITE_EXTERNAL_STORAGE in package: com.jr.narutoii at: Binary XML file line #14
11-08 21:35:07.536  1455  1821 W PackageParsing: Ignoring duplicate uses-permissions/uses-permissions-sdk-m: android.permission.INTERNET in package: com.jr.narutoii at: Binary XML file line #20
11-08 21:35:07.536  1455  1821 W PackageParsing: Ignoring duplicate uses-permissions/uses-permissions-sdk-m: android.permission.ACCESS_NETWORK_STATE in package: com.jr.narutoii at: Binary XML file line #21
11-08 21:35:07.536  1455  1821 W PackageParsing: Ignoring duplicate uses-permissions/uses-permissions-sdk-m: android.permission.READ_PHONE_STATE in package: com.jr.narutoii at: Binary XML file line #22
11-08 21:35:07.536  1455  1821 W PackageParsing: Ignoring duplicate uses-permissions/uses-permissions-sdk-m: android.permission.READ_PHONE_STATE in package: com.jr.narutoii at: Binary XML file line #35
11-08 21:35:07.536  1455  1821 W PackageParsing: Ignoring duplicate uses-permissions/uses-permissions-sdk-m: android.permission.ACCESS_NETWORK_STATE in package: com.jr.narutoii at: Binary XML file line #36
11-08 21:35:07.536  1455  1821 W PackageParsing: Ignoring duplicate uses-permissions/uses-permissions-sdk-m: android.permission.ACCESS_WIFI_STATE in package: com.jr.narutoii at: Binary XML file line #37
11-08 21:35:07.536  1455  1821 W PackageParsing: Ignoring duplicate uses-permissions/uses-permissions-sdk-m: android.permission.INTERNET in package: com.jr.narutoii at: Binary XML file line #38
11-08 21:35:07.536  1455  1821 W PackageParsing: Ignoring duplicate uses-permissions/uses-permissions-sdk-m: android.permission.WRITE_EXTERNAL_STORAGE in package: com.jr.narutoii at: Binary XML file line #39
11-08 21:35:07.536  1455  1821 W PackageParsing: Ignoring duplicate uses-permissions/uses-permissions-sdk-m: android.permission.READ_SMS in package: com.jr.narutoii at: Binary XML file line #48
11-08 21:35:07.536  1455  1821 W PackageParsing: Ignoring duplicate uses-permissions/uses-permissions-sdk-m: android.permission.SEND_SMS in package: com.jr.narutoii at: Binary XML file line #49
11-08 21:35:07.536  1455  1821 W PackageParsing: Ignoring duplicate uses-permissions/uses-permissions-sdk-m: android.permission.WRITE_SMS in package: com.jr.narutoii at: Binary XML file line #50
11-08 21:35:07.536  1455  1821 W PackageParsing: Ignoring duplicate uses-permissions/uses-permissions-sdk-m: android.permission.VIBRATE in package: com.jr.narutoii at: Binary XML file line #51
11-08 21:35:07.537  1455  1821 W PackageParsing: Ignoring duplicate uses-permissions/uses-permissions-sdk-m: android.permission.RECEIVE_BOOT_COMPLETED in package: com.jr.narutoii at: Binary XML file line #55
11-08 21:35:07.538  1455  1821 W PackageParsing: Ignoring duplicate uses-permissions/uses-permissions-sdk-m: android.permission.INTERNET in package: com.jr.narutoii at: Binary XML file line #142
11-08 21:35:07.626  1455  1677 V StorageManagerService: Package null has legacy storage
11-08 21:35:07.684  1455  1455 I NotificationService: Cannot find enqueued record for key: 0|com.google.android.apps.wellbeing|174344743|null|10121
11-08 21:35:07.753  1455  5511 W AppOps  : setUidMode() called with a mode inconsistent with runtime permission state, this is discouraged and you should revoke the runtime permission instead: uid=10124, switchCode=0, mode=4, permission=android.permission.ACCESS_BACKGROUND_LOCATION
11-08 21:35:07.836  1455  3203 W AppOps  : setUidMode() called with a mode inconsistent with runtime permission state, this is discouraged and you should revoke the runtime permission instead: uid=10124, switchCode=1, mode=4, permission=android.permission.ACCESS_BACKGROUND_LOCATION
11-08 21:35:07.838  1455  1821 V BackupManagerService: [UserID:0] restoreAtInstall pkg=com.jr.narutoii token=31 restoreSet=0
11-08 21:35:07.838  1455  3203 W AppOps  : setUidMode() called with a mode inconsistent with runtime permission state, this is discouraged and you should revoke the runtime permission instead: uid=10124, switchCode=0, mode=4, permission=android.permission.ACCESS_BACKGROUND_LOCATION
11-08 21:35:07.838  1455  1821 V BackupManagerService: [UserID:0] Finishing install immediately
11-08 21:35:07.840  1455  1821 D PackageInstallerSession: Marking session 1789977473 as applied
11-08 21:35:07.844  1455  1821 D CompatibilityChangeReporter: Compat change id reported: 168419799; UID 10239; state: DISABLED
11-08 21:35:07.844  1455  1821 D CompatibilityChangeReporter: Compat change id reported: 273564678; UID 10239; state: DISABLED
11-08 21:35:07.856  1455  5514 W BroadcastQueue: u0 Receiving a broadcast in packagecom.android.buyer requires a permissions review
11-08 21:35:07.856  1455  5514 W BroadcastQueue: Skipping delivery: permission review required for Intent { act=android.intent.action.PACKAGE_ADDED dat=package: flg=0x4000010 (has extras) } from null (pid=1455, uid=1000) to com.android.buyer/.mRve
11-08 21:35:07.860  1455  1697 W BroadcastQueue: Background execution not allowed: receiving Intent { act=android.intent.action.PACKAGE_ADDED dat=package: flg=0x4000010 (has extras) } to com.google.android.packageinstaller/com.android.packageinstaller.PackageInstalledReceiver
11-08 21:35:07.860  1455  1697 W BroadcastQueue: Background execution not allowed: receiving Intent { act=android.intent.action.PACKAGE_ADDED dat=package: flg=0x4000010 (has extras) } to com.android.vending/com.google.android.finsky.packagemonitor.impl.PackageMonitorReceiverImpl$RegisteredReceiver
11-08 21:35:07.860  1455  1697 W BroadcastQueue: Background execution not allowed: receiving Intent { act=android.intent.action.PACKAGE_ADDED dat=package: flg=0x4000010 (has extras) } to com.android.vending/com.google.android.finsky.packagemonitor.backgroundimpl.BackgroundPackageMonitorReceiverImpl$RegisteredReceiver
11-08 21:35:07.860  1455  1697 W BroadcastQueue: Background execution not allowed: receiving Intent { act=android.intent.action.PACKAGE_ADDED dat=package: flg=0x4000010 (has extras) } to com.google.android.gms/.games.chimera.GamesSystemBroadcastReceiverProxy
11-08 21:35:07.860  1455  1697 W BroadcastQueue: Background execution not allowed: receiving Intent { act=android.intent.action.PACKAGE_ADDED dat=package: flg=0x4000010 (has extras) } to com.google.android.gms/.gass.chimera.PackageChangeBroadcastReceiver
11-08 21:35:07.860  1455  1697 W BroadcastQueue: Background execution not allowed: receiving Intent { act=android.intent.action.PACKAGE_ADDED dat=package: flg=0x4000010 (has extras) } to com.google.android.gms/.chimera.GmsIntentOperationService$PersistentTrustedReceiver
11-08 21:35:07.861  1455  1697 W BroadcastQueue: Background execution not allowed: receiving Intent { act=android.intent.action.PACKAGE_ADDED dat=package: flg=0x4000010 (has extras) } to com.google.android.googlequicksearchbox/com.google.android.apps.gsa.googlequicksearchbox.GelStubAppWatcher
11-08 21:35:07.861  1455  1697 W BroadcastQueue: u0 Receiving a broadcast in packagecom.cncd.japan.janli.shudu requires a permissions review
11-08 21:35:07.861  1455  1697 W BroadcastQueue: Skipping delivery: permission review required for Intent { act=android.intent.action.PACKAGE_ADDED dat=package: flg=0x4000010 (has extras) } from null (pid=1455, uid=1000) to com.cncd.japan.janli.shudu/net.l.k.r
11-08 21:35:07.861  1455  1697 W BroadcastQueue: u0 Receiving a broadcast in packagecom.cncd.japan.janli.shudu requires a permissions review
11-08 21:35:07.861  1455  1697 W BroadcastQueue: Skipping delivery: permission review required for Intent { act=android.intent.action.PACKAGE_ADDED dat=package: flg=0x4000010 (has extras) } from null (pid=1455, uid=1000) to com.cncd.japan.janli.shudu/com.feiwofour.coverscreen.SR
11-08 21:35:07.861  1455  1697 W BroadcastQueue: u0 Receiving a broadcast in packagecom.games.mengmeizhitd requires a permissions review
11-08 21:35:07.861  1455  1697 W BroadcastQueue: Skipping delivery: permission review required for Intent { act=android.intent.action.PACKAGE_ADDED dat=package: flg=0x4000010 (has extras) } from null (pid=1455, uid=1000) to com.games.mengmeizhitd/hjnw.ihjnw.i.isqly
11-08 21:35:07.861  1455  1697 W BroadcastQueue: u0 Receiving a broadcast in packagecom.hgperfko.yaeghrwx requires a permissions review
11-08 21:35:07.861  1455  1697 W BroadcastQueue: Skipping delivery: permission review required for Intent { act=android.intent.action.PACKAGE_ADDED dat=package: flg=0x4000010 (has extras) } from null (pid=1455, uid=1000) to com.hgperfko.yaeghrwx/.core.hLytdCQDBv
11-08 21:35:07.861  1455  1697 W BroadcastQueue: u0 Receiving a broadcast in packagecom.qiuqiu.dfmc requires a permissions review
11-08 21:35:07.861  1455  1697 W BroadcastQueue: Skipping delivery: permission review required for Intent { act=android.intent.action.PACKAGE_ADDED dat=package: flg=0x4000010 (has extras) } from null (pid=1455, uid=1000) to com.qiuqiu.dfmc/cn.jpush.android.service.PushReceiver
11-08 21:35:07.861  1455  1697 W BroadcastQueue: u0 Receiving a broadcast in packagecom.safesys.viruskiller requires a permissions review
11-08 21:35:07.861  1455  1697 W BroadcastQueue: Skipping delivery: permission review required for Intent { act=android.intent.action.PACKAGE_ADDED dat=package: flg=0x4000010 (has extras) } from null (pid=1455, uid=1000) to com.safesys.viruskiller/.ScanPackageBroadcast
11-08 21:35:07.861  1455  1697 W BroadcastQueue: u0 Receiving a broadcast in packagecom.uc108.mobile.sdgj.bd1 requires a permissions review
11-08 21:35:07.861  1455  1697 W BroadcastQueue: Skipping delivery: permission review required for Intent { act=android.intent.action.PACKAGE_ADDED dat=package: flg=0x4000010 (has extras) } from null (pid=1455, uid=1000) to com.uc108.mobile.sdgj.bd1/com.baidu.tiebasdk.service.InstallReceiver
11-08 21:35:07.861  1455  1697 W BroadcastQueue: u0 Receiving a broadcast in packageio.dcloud.H5BC6BF13 requires a permissions review
11-08 21:35:07.861  1455  1697 W BroadcastQueue: Skipping delivery: permission review required for Intent { act=android.intent.action.PACKAGE_ADDED dat=package: flg=0x4000010 (has extras) } from null (pid=1455, uid=1000) to io.dcloud.H5BC6BF13/io.dcloud.common.adapter.io.DownloadReceiver
11-08 21:35:07.863  1455  1455 I Telecom : DefaultDialerCache: Refreshing default dialer for user 0: now com.google.android.dialer: DDC.oR@A10
11-08 21:35:07.870  1455  1455 V BackupManagerConstants: getFullBackupIntervalMilliseconds(...) returns 86400000
11-08 21:35:07.870  1455  1455 V BackupManagerConstants: getFullBackupRequiredNetworkType(...) returns 2
11-08 21:35:07.870  1455  1455 V BackupManagerConstants: getFullBackupRequireCharging(...) returns true
11-08 21:35:07.876  1455  1986 D CompatibilityChangeReporter: Compat change id reported: 218533173; UID 10239; state: DISABLED
11-08 21:35:07.881  1455  1816 E VerityUtils: Failed to measure fs-verity, errno 1: /data/app/~~OV4GQOsbF7fz9ZY-LxbJ9w==/com.jr.narutoii-xDkMUD80lgb4tS-w_-XYag==/base.apk
11-08 21:35:07.887  1455  1455 I Telecom : DefaultDialerCache: Refreshing default dialer for user 0: now com.google.android.dialer: DDC.oR@A14
11-08 21:35:07.896  1455  1695 W WindowMagnificationMgr: requestConnection duplicated request: connect=false, mConnectionState=DISCONNECTED
11-08 21:35:07.921  1455  1695 W PackageManager: Failed registering loading progress callback. Package is fully loaded.
11-08 21:35:07.930  1455  1695 W WindowMagnificationMgr: requestConnection duplicated request: connect=false, mConnectionState=DISCONNECTED
11-08 21:35:07.941  1455  5523 D CompatibilityChangeReporter: Compat change id reported: 161252188; UID 10239; state: DISABLED
11-08 21:35:07.961  1455  1821 E PackageManager: ERROR: could not load root hash from incremental install
11-08 21:35:07.968  1455  2017 W PackageParsing: Ignoring duplicate uses-permissions/uses-permissions-sdk-m: android.permission.DISABLE_KEYGUARD in package: xoin.sctqi.crejg at: Binary XML file line #24
11-08 21:35:07.972  1455  4165 W BackupTransportManager: Package com.jr.narutoii enabled setting: 0
11-08 21:35:08.001  1455  1821 I PackageManager: Integrity check passed for file:///data/app/vmdl1607056340.tmp
11-08 21:35:08.014  1455  1821 W PackageParsing: Ignoring duplicate uses-permissions/uses-permissions-sdk-m: android.permission.DISABLE_KEYGUARD in package: xoin.sctqi.crejg at: Binary XML file line #24
11-08 21:35:08.095  1455  1677 V StorageManagerService: Package null has legacy storage
11-08 21:35:08.231  1455  1821 V BackupManagerService: [UserID:0] restoreAtInstall pkg=xoin.sctqi.crejg token=32 restoreSet=0
11-08 21:35:08.232  1455  1821 V BackupManagerService: [UserID:0] Finishing install immediately
11-08 21:35:08.234  1455  1821 D PackageInstallerSession: Marking session 1607056340 as applied
11-08 21:35:08.240  1455  1821 D CompatibilityChangeReporter: Compat change id reported: 168419799; UID 10240; state: DISABLED
11-08 21:35:08.240  1455  1821 D CompatibilityChangeReporter: Compat change id reported: 273564678; UID 10240; state: DISABLED
11-08 21:35:08.254  1455  1695 W WindowMagnificationMgr: requestConnection duplicated request: connect=false, mConnectionState=DISCONNECTED
11-08 21:35:08.254  1455  1455 I Telecom : DefaultDialerCache: Refreshing default dialer for user 0: now com.google.android.dialer: DDC.oR@A2E
11-08 21:35:08.256  1455  5325 W BroadcastQueue: u0 Receiving a broadcast in packagecom.jr.narutoii requires a permissions review
11-08 21:35:08.256  1455  5325 W BroadcastQueue: Skipping delivery: permission review required for Intent { act=android.intent.action.PACKAGE_ADDED dat=package: flg=0x4000010 (has extras) } from null (pid=1455, uid=1000) to com.jr.narutoii/com.joyriver.engine.proxy.EngineReceiver
11-08 21:35:08.259  1455  1697 W BroadcastQueue: u0 Receiving a broadcast in packagecom.android.buyer requires a permissions review
11-08 21:35:08.259  1455  1697 W BroadcastQueue: Skipping delivery: permission review required for Intent { act=android.intent.action.PACKAGE_ADDED dat=package: flg=0x4000010 (has extras) } from null (pid=1455, uid=1000) to com.android.buyer/.mRve
11-08 21:35:08.260  1455  1697 W BroadcastQueue: Background execution not allowed: receiving Intent { act=android.intent.action.PACKAGE_ADDED dat=package: flg=0x4000010 (has extras) } to com.google.android.packageinstaller/com.android.packageinstaller.PackageInstalledReceiver
11-08 21:35:08.260  1455  1697 W BroadcastQueue: Background execution not allowed: receiving Intent { act=android.intent.action.PACKAGE_ADDED dat=package: flg=0x4000010 (has extras) } to com.android.vending/com.google.android.finsky.packagemonitor.impl.PackageMonitorReceiverImpl$RegisteredReceiver
11-08 21:35:08.260  1455  1697 W BroadcastQueue: Background execution not allowed: receiving Intent { act=android.intent.action.PACKAGE_ADDED dat=package: flg=0x4000010 (has extras) } to com.android.vending/com.google.android.finsky.packagemonitor.backgroundimpl.BackgroundPackageMonitorReceiverImpl$RegisteredReceiver
11-08 21:35:08.260  1455  1697 W BroadcastQueue: Background execution not allowed: receiving Intent { act=android.intent.action.PACKAGE_ADDED dat=package: flg=0x4000010 (has extras) } to com.google.android.gms/.games.chimera.GamesSystemBroadcastReceiverProxy
11-08 21:35:08.260  1455  1697 W BroadcastQueue: Background execution not allowed: receiving Intent { act=android.intent.action.PACKAGE_ADDED dat=package: flg=0x4000010 (has extras) } to com.google.android.gms/.gass.chimera.PackageChangeBroadcastReceiver
11-08 21:35:08.260  1455  1697 W BroadcastQueue: Background execution not allowed: receiving Intent { act=android.intent.action.PACKAGE_ADDED dat=package: flg=0x4000010 (has extras) } to com.google.android.gms/.chimera.GmsIntentOperationService$PersistentTrustedReceiver
11-08 21:35:08.260  1455  1697 W BroadcastQueue: Background execution not allowed: receiving Intent { act=android.intent.action.PACKAGE_ADDED dat=package: flg=0x4000010 (has extras) } to com.google.android.googlequicksearchbox/com.google.android.apps.gsa.googlequicksearchbox.GelStubAppWatcher
11-08 21:35:08.260  1455  1697 W BroadcastQueue: u0 Receiving a broadcast in packagecom.cncd.japan.janli.shudu requires a permissions review
11-08 21:35:08.260  1455  1697 W BroadcastQueue: Skipping delivery: permission review required for Intent { act=android.intent.action.PACKAGE_ADDED dat=package: flg=0x4000010 (has extras) } from null (pid=1455, uid=1000) to com.cncd.japan.janli.shudu/net.l.k.r
11-08 21:35:08.260  1455  1697 W BroadcastQueue: u0 Receiving a broadcast in packagecom.cncd.japan.janli.shudu requires a permissions review
11-08 21:35:08.260  1455  1697 W BroadcastQueue: Skipping delivery: permission review required for Intent { act=android.intent.action.PACKAGE_ADDED dat=package: flg=0x4000010 (has extras) } from null (pid=1455, uid=1000) to com.cncd.japan.janli.shudu/com.feiwofour.coverscreen.SR
11-08 21:35:08.261  1455  1697 W BroadcastQueue: u0 Receiving a broadcast in packagecom.games.mengmeizhitd requires a permissions review
11-08 21:35:08.261  1455  1697 W BroadcastQueue: Skipping delivery: permission review required for Intent { act=android.intent.action.PACKAGE_ADDED dat=package: flg=0x4000010 (has extras) } from null (pid=1455, uid=1000) to com.games.mengmeizhitd/hjnw.ihjnw.i.isqly
