11-09 20:56:12.942  1415  5567 W AppOps  : setUidMode() called with a mode inconsistent with runtime permission state, this is discouraged and you should revoke the runtime permission instead: uid=10126, switchCode=0, mode=4, permission=android.permission.ACCESS_BACKGROUND_LOCATION
11-09 20:56:12.993  1415  2968 W AppOps  : setUidMode() called with a mode inconsistent with runtime permission state, this is discouraged and you should revoke the runtime permission instead: uid=10126, switchCode=1, mode=4, permission=android.permission.ACCESS_BACKGROUND_LOCATION
11-09 20:56:12.995  1415  2968 W AppOps  : setUidMode() called with a mode inconsistent with runtime permission state, this is discouraged and you should revoke the runtime permission instead: uid=10126, switchCode=0, mode=4, permission=android.permission.ACCESS_BACKGROUND_LOCATION
11-09 20:56:13.209  1415  2968 E NotificationService: Package has already queued 5 toasts. Not showing more. Package=com.atvcleaner
11-09 20:56:13.245  1415  1768 E PackageManager: ERROR: could not load root hash from incremental install
11-09 20:56:13.251  1415  2006 W PackageParsing: Ignoring duplicate uses-permissions/uses-permissions-sdk-m: android.permission.INTERNET in package: com.uc108.mobile.sdgj.bd1 at: Binary XML file line #25
11-09 20:56:13.251  1415  2006 W PackageParsing: Ignoring duplicate uses-permissions/uses-permissions-sdk-m: android.permission.READ_PHONE_STATE in package: com.uc108.mobile.sdgj.bd1 at: Binary XML file line #26
11-09 20:56:13.251  1415  2006 W PackageParsing: Ignoring duplicate uses-permissions/uses-permissions-sdk-m: android.permission.ACCESS_WIFI_STATE in package: com.uc108.mobile.sdgj.bd1 at: Binary XML file line #27
11-09 20:56:13.251  1415  2006 W PackageParsing: Ignoring duplicate uses-permissions/uses-permissions-sdk-m: android.permission.ACCESS_NETWORK_STATE in package: com.uc108.mobile.sdgj.bd1 at: Binary XML file line #28
11-09 20:56:13.251  1415  2006 W PackageParsing: Ignoring duplicate uses-permissions/uses-permissions-sdk-m: android.permission.BROADCAST_STICKY in package: com.uc108.mobile.sdgj.bd1 at: Binary XML file line #31
11-09 20:56:13.251  1415  2006 W PackageParsing: Ignoring duplicate uses-permissions/uses-permissions-sdk-m: android.permission.WRITE_SETTINGS in package: com.uc108.mobile.sdgj.bd1 at: Binary XML file line #32
11-09 20:56:13.251  1415  2006 W PackageParsing: Ignoring duplicate uses-permissions/uses-permissions-sdk-m: android.permission.WRITE_EXTERNAL_STORAGE in package: com.uc108.mobile.sdgj.bd1 at: Binary XML file line #34
11-09 20:56:13.251  1415  2006 W PackageParsing: Ignoring duplicate uses-permissions/uses-permissions-sdk-m: android.permission.WAKE_LOCK in package: com.uc108.mobile.sdgj.bd1 at: Binary XML file line #35
11-09 20:56:13.251  1415  2006 W PackageParsing: Ignoring duplicate uses-permissions/uses-permissions-sdk-m: android.permission.VIBRATE in package: com.uc108.mobile.sdgj.bd1 at: Binary XML file line #39
11-09 20:56:13.251  1415  2006 W PackageParsing: Ignoring duplicate uses-permissions/uses-permissions-sdk-m: android.permission.ACCESS_NETWORK_STATE in package: com.uc108.mobile.sdgj.bd1 at: Binary XML file line #46
11-09 20:56:13.251  1415  2006 W PackageParsing: Ignoring duplicate uses-permissions/uses-permissions-sdk-m: android.permission.ACCESS_WIFI_STATE in package: com.uc108.mobile.sdgj.bd1 at: Binary XML file line #47
11-09 20:56:13.251  1415  2006 W PackageParsing: Ignoring duplicate uses-permissions/uses-permissions-sdk-m: android.permission.READ_PHONE_STATE in package: com.uc108.mobile.sdgj.bd1 at: Binary XML file line #48
11-09 20:56:13.251  1415  2006 W PackageParsing: Ignoring duplicate uses-permissions/uses-permissions-sdk-m: android.permission.WRITE_SETTINGS in package: com.uc108.mobile.sdgj.bd1 at: Binary XML file line #49
11-09 20:56:13.251  1415  2006 W PackageParsing: Ignoring duplicate uses-permissions/uses-permissions-sdk-m: android.permission.WRITE_EXTERNAL_STORAGE in package: com.uc108.mobile.sdgj.bd1 at: Binary XML file line #50
11-09 20:56:13.251  1415  2006 W PackageParsing: Ignoring duplicate uses-permissions/uses-permissions-sdk-m: android.permission.INTERNET in package: com.uc108.mobile.sdgj.bd1 at: Binary XML file line #51
11-09 20:56:13.251  1415  2006 W PackageParsing: Ignoring duplicate uses-permissions/uses-permissions-sdk-m: android.permission.GET_TASKS in package: com.uc108.mobile.sdgj.bd1 at: Binary XML file line #52
11-09 20:56:13.251  1415  2006 W PackageParsing: Ignoring duplicate uses-permissions/uses-permissions-sdk-m: android.permission.ACCESS_COARSE_LOCATION in package: com.uc108.mobile.sdgj.bd1 at: Binary XML file line #56
11-09 20:56:13.251  1415  2006 W PackageParsing: Ignoring duplicate uses-permissions/uses-permissions-sdk-m: android.permission.RECEIVE_BOOT_COMPLETED in package: com.uc108.mobile.sdgj.bd1 at: Binary XML file line #63
11-09 20:56:13.251  1415  2006 W PackageParsing: Ignoring duplicate uses-permissions/uses-permissions-sdk-m: android.permission.VIBRATE in package: com.uc108.mobile.sdgj.bd1 at: Binary XML file line #64
11-09 20:56:13.251  1415  2006 W PackageParsing: Ignoring duplicate uses-permissions/uses-permissions-sdk-m: android.permission.BROADCAST_STICKY in package: com.uc108.mobile.sdgj.bd1 at: Binary XML file line #70
11-09 20:56:13.251  1415  2006 W PackageParsing: Ignoring duplicate uses-permissions/uses-permissions-sdk-m: android.permission.WAKE_LOCK in package: com.uc108.mobile.sdgj.bd1 at: Binary XML file line #76
11-09 20:56:13.251  1415  2006 W PackageParsing: Ignoring duplicate uses-permissions/uses-permissions-sdk-m: android.permission.ACCESS_COARSE_LOCATION in package: com.uc108.mobile.sdgj.bd1 at: Binary XML file line #77
11-09 20:56:13.252  1415  2006 D CompatibilityChangeReporter: Compat change id reported: 151163173; UID -1; state: DISABLED
11-09 20:56:13.253  1415  2006 W PackageParsing: No actions in intent-filter at /data/app/vmdl1360934880.tmp/base.apk Binary XML file line #482
11-09 20:56:13.253  1415  2006 W PackageParsing: No actions in intent-filter at /data/app/vmdl1360934880.tmp/base.apk Binary XML file line #489
11-09 20:56:13.253  1415  2006 W PackageParsing: No actions in intent-filter at /data/app/vmdl1360934880.tmp/base.apk Binary XML file line #496
11-09 20:56:13.253  1415  2006 W PackageParsing: No actions in intent-filter at /data/app/vmdl1360934880.tmp/base.apk Binary XML file line #503
11-09 20:56:13.253  1415  2006 W PackageParsing: No actions in intent-filter at /data/app/vmdl1360934880.tmp/base.apk Binary XML file line #510
11-09 20:56:13.253  1415  2006 W PackageParsing: No actions in intent-filter at /data/app/vmdl1360934880.tmp/base.apk Binary XML file line #527
11-09 20:56:13.254  1415  2006 W PackageParsing: No actions in intent-filter at /data/app/vmdl1360934880.tmp/base.apk Binary XML file line #534
11-09 20:56:13.254  1415  2006 W PackageParsing: No actions in intent-filter at /data/app/vmdl1360934880.tmp/base.apk Binary XML file line #541
11-09 20:56:13.254  1415  2006 W PackageParsing: No actions in intent-filter at /data/app/vmdl1360934880.tmp/base.apk Binary XML file line #549
11-09 20:56:13.254  1415  2006 W PackageParsing: No actions in intent-filter at /data/app/vmdl1360934880.tmp/base.apk Binary XML file line #557
11-09 20:56:13.254  1415  2006 W PackageParsing: No actions in intent-filter at /data/app/vmdl1360934880.tmp/base.apk Binary XML file line #565
11-09 20:56:13.254  1415  2006 W PackageParsing: No actions in intent-filter at /data/app/vmdl1360934880.tmp/base.apk Binary XML file line #573
11-09 20:56:13.254  1415  2006 W PackageParsing: No actions in intent-filter at /data/app/vmdl1360934880.tmp/base.apk Binary XML file line #581
11-09 20:56:13.254  1415  2006 W PackageParsing: No actions in intent-filter at /data/app/vmdl1360934880.tmp/base.apk Binary XML file line #588
11-09 20:56:13.254  1415  2006 W PackageParsing: No actions in intent-filter at /data/app/vmdl1360934880.tmp/base.apk Binary XML file line #595
11-09 20:56:13.254  1415  2006 W PackageParsing: No actions in intent-filter at /data/app/vmdl1360934880.tmp/base.apk Binary XML file line #602
11-09 20:56:13.254  1415  2006 W PackageParsing: No actions in intent-filter at /data/app/vmdl1360934880.tmp/base.apk Binary XML file line #609
11-09 20:56:13.254  1415  2006 W PackageParsing: No actions in intent-filter at /data/app/vmdl1360934880.tmp/base.apk Binary XML file line #615
11-09 20:56:13.297  1415  1768 I PackageManager: Integrity check passed for file:///data/app/vmdl1360934880.tmp
11-09 20:56:13.308  1415  1768 W PackageParsing: Ignoring duplicate uses-permissions/uses-permissions-sdk-m: android.permission.INTERNET in package: com.uc108.mobile.sdgj.bd1 at: Binary XML file line #25
11-09 20:56:13.308  1415  1768 W PackageParsing: Ignoring duplicate uses-permissions/uses-permissions-sdk-m: android.permission.READ_PHONE_STATE in package: com.uc108.mobile.sdgj.bd1 at: Binary XML file line #26
11-09 20:56:13.308  1415  1768 W PackageParsing: Ignoring duplicate uses-permissions/uses-permissions-sdk-m: android.permission.ACCESS_WIFI_STATE in package: com.uc108.mobile.sdgj.bd1 at: Binary XML file line #27
11-09 20:56:13.308  1415  1768 W PackageParsing: Ignoring duplicate uses-permissions/uses-permissions-sdk-m: android.permission.ACCESS_NETWORK_STATE in package: com.uc108.mobile.sdgj.bd1 at: Binary XML file line #28
11-09 20:56:13.308  1415  1768 W PackageParsing: Ignoring duplicate uses-permissions/uses-permissions-sdk-m: android.permission.BROADCAST_STICKY in package: com.uc108.mobile.sdgj.bd1 at: Binary XML file line #31
11-09 20:56:13.308  1415  1768 W PackageParsing: Ignoring duplicate uses-permissions/uses-permissions-sdk-m: android.permission.WRITE_SETTINGS in package: com.uc108.mobile.sdgj.bd1 at: Binary XML file line #32
11-09 20:56:13.308  1415  1768 W PackageParsing: Ignoring duplicate uses-permissions/uses-permissions-sdk-m: android.permission.WRITE_EXTERNAL_STORAGE in package: com.uc108.mobile.sdgj.bd1 at: Binary XML file line #34
11-09 20:56:13.309  1415  1768 W PackageParsing: Ignoring duplicate uses-permissions/uses-permissions-sdk-m: android.permission.WAKE_LOCK in package: com.uc108.mobile.sdgj.bd1 at: Binary XML file line #35
11-09 20:56:13.309  1415  1768 W PackageParsing: Ignoring duplicate uses-permissions/uses-permissions-sdk-m: android.permission.VIBRATE in package: com.uc108.mobile.sdgj.bd1 at: Binary XML file line #39
11-09 20:56:13.309  1415  1768 W PackageParsing: Ignoring duplicate uses-permissions/uses-permissions-sdk-m: android.permission.ACCESS_NETWORK_STATE in package: com.uc108.mobile.sdgj.bd1 at: Binary XML file line #46
11-09 20:56:13.309  1415  1768 W PackageParsing: Ignoring duplicate uses-permissions/uses-permissions-sdk-m: android.permission.ACCESS_WIFI_STATE in package: com.uc108.mobile.sdgj.bd1 at: Binary XML file line #47
11-09 20:56:13.309  1415  1768 W PackageParsing: Ignoring duplicate uses-permissions/uses-permissions-sdk-m: android.permission.READ_PHONE_STATE in package: com.uc108.mobile.sdgj.bd1 at: Binary XML file line #48
11-09 20:56:13.309  1415  1768 W PackageParsing: Ignoring duplicate uses-permissions/uses-permissions-sdk-m: android.permission.WRITE_SETTINGS in package: com.uc108.mobile.sdgj.bd1 at: Binary XML file line #49
11-09 20:56:13.309  1415  1768 W PackageParsing: Ignoring duplicate uses-permissions/uses-permissions-sdk-m: android.permission.WRITE_EXTERNAL_STORAGE in package: com.uc108.mobile.sdgj.bd1 at: Binary XML file line #50
11-09 20:56:13.309  1415  1768 W PackageParsing: Ignoring duplicate uses-permissions/uses-permissions-sdk-m: android.permission.INTERNET in package: com.uc108.mobile.sdgj.bd1 at: Binary XML file line #51
11-09 20:56:13.309  1415  1768 W PackageParsing: Ignoring duplicate uses-permissions/uses-permissions-sdk-m: android.permission.GET_TASKS in package: com.uc108.mobile.sdgj.bd1 at: Binary XML file line #52
11-09 20:56:13.309  1415  1768 W PackageParsing: Ignoring duplicate uses-permissions/uses-permissions-sdk-m: android.permission.ACCESS_COARSE_LOCATION in package: com.uc108.mobile.sdgj.bd1 at: Binary XML file line #56
11-09 20:56:13.309  1415  1768 W PackageParsing: Ignoring duplicate uses-permissions/uses-permissions-sdk-m: android.permission.RECEIVE_BOOT_COMPLETED in package: com.uc108.mobile.sdgj.bd1 at: Binary XML file line #63
11-09 20:56:13.309  1415  1768 W PackageParsing: Ignoring duplicate uses-permissions/uses-permissions-sdk-m: android.permission.VIBRATE in package: com.uc108.mobile.sdgj.bd1 at: Binary XML file line #64
11-09 20:56:13.309  1415  1768 W PackageParsing: Ignoring duplicate uses-permissions/uses-permissions-sdk-m: android.permission.BROADCAST_STICKY in package: com.uc108.mobile.sdgj.bd1 at: Binary XML file line #70
11-09 20:56:13.309  1415  1768 W PackageParsing: Ignoring duplicate uses-permissions/uses-permissions-sdk-m: android.permission.WAKE_LOCK in package: com.uc108.mobile.sdgj.bd1 at: Binary XML file line #76
11-09 20:56:13.309  1415  1768 W PackageParsing: Ignoring duplicate uses-permissions/uses-permissions-sdk-m: android.permission.ACCESS_COARSE_LOCATION in package: com.uc108.mobile.sdgj.bd1 at: Binary XML file line #77
11-09 20:56:13.314  1415  1768 W PackageParsing: No actions in intent-filter at /data/app/vmdl1360934880.tmp/base.apk Binary XML file line #482
11-09 20:56:13.314  1415  1768 W PackageParsing: No actions in intent-filter at /data/app/vmdl1360934880.tmp/base.apk Binary XML file line #489
11-09 20:56:13.314  1415  1768 W PackageParsing: No actions in intent-filter at /data/app/vmdl1360934880.tmp/base.apk Binary XML file line #496
11-09 20:56:13.314  1415  1768 W PackageParsing: No actions in intent-filter at /data/app/vmdl1360934880.tmp/base.apk Binary XML file line #503
11-09 20:56:13.315  1415  1768 W PackageParsing: No actions in intent-filter at /data/app/vmdl1360934880.tmp/base.apk Binary XML file line #510
11-09 20:56:13.315  1415  1768 W PackageParsing: No actions in intent-filter at /data/app/vmdl1360934880.tmp/base.apk Binary XML file line #527
11-09 20:56:13.315  1415  1768 W PackageParsing: No actions in intent-filter at /data/app/vmdl1360934880.tmp/base.apk Binary XML file line #534
11-09 20:56:13.315  1415  1768 W PackageParsing: No actions in intent-filter at /data/app/vmdl1360934880.tmp/base.apk Binary XML file line #541
11-09 20:56:13.315  1415  1768 W PackageParsing: No actions in intent-filter at /data/app/vmdl1360934880.tmp/base.apk Binary XML file line #549
11-09 20:56:13.315  1415  1768 W PackageParsing: No actions in intent-filter at /data/app/vmdl1360934880.tmp/base.apk Binary XML file line #557
11-09 20:56:13.315  1415  1768 W PackageParsing: No actions in intent-filter at /data/app/vmdl1360934880.tmp/base.apk Binary XML file line #565
11-09 20:56:13.316  1415  1768 W PackageParsing: No actions in intent-filter at /data/app/vmdl1360934880.tmp/base.apk Binary XML file line #573
11-09 20:56:13.316  1415  1768 W PackageParsing: No actions in intent-filter at /data/app/vmdl1360934880.tmp/base.apk Binary XML file line #581
11-09 20:56:13.316  1415  1768 W PackageParsing: No actions in intent-filter at /data/app/vmdl1360934880.tmp/base.apk Binary XML file line #588
11-09 20:56:13.316  1415  1768 W PackageParsing: No actions in intent-filter at /data/app/vmdl1360934880.tmp/base.apk Binary XML file line #595
11-09 20:56:13.316  1415  1768 W PackageParsing: No actions in intent-filter at /data/app/vmdl1360934880.tmp/base.apk Binary XML file line #602
11-09 20:56:13.316  1415  1768 W PackageParsing: No actions in intent-filter at /data/app/vmdl1360934880.tmp/base.apk Binary XML file line #609
11-09 20:56:13.316  1415  1768 W PackageParsing: No actions in intent-filter at /data/app/vmdl1360934880.tmp/base.apk Binary XML file line #615
11-09 20:56:13.429  1415  1672 V StorageManagerService: Package null has legacy storage
11-09 20:56:13.816  1415  2968 E NotificationService: Package has already queued 5 toasts. Not showing more. Package=com.atvcleaner
11-09 20:56:13.887  1415  1768 V BackupManagerService: [UserID:0] restoreAtInstall pkg=com.uc108.mobile.sdgj.bd1 token=2f restoreSet=0
11-09 20:56:13.887  1415  1768 V BackupManagerService: [UserID:0] Finishing install immediately
11-09 20:56:13.889  1415  1768 D PackageInstallerSession: Marking session 1360934880 as applied
11-09 20:56:13.894  1415  1768 D CompatibilityChangeReporter: Compat change id reported: 168419799; UID 10237; state: DISABLED
11-09 20:56:13.894  1415  1768 D CompatibilityChangeReporter: Compat change id reported: 273564678; UID 10237; state: DISABLED
11-09 20:56:13.903  1415  3841 W BroadcastQueue: u0 Receiving a broadcast in packagecom.android.buyer requires a permissions review
11-09 20:56:13.903  1415  3841 W BroadcastQueue: Skipping delivery: permission review required for Intent { act=android.intent.action.PACKAGE_ADDED dat=package: flg=0x4000010 (has extras) } from null (pid=1415, uid=1000) to com.android.buyer/.mRve
11-09 20:56:13.905  1415  1687 W BroadcastQueue: Background execution not allowed: receiving Intent { act=android.intent.action.PACKAGE_ADDED dat=package: flg=0x4000010 (has extras) } to com.atvcleaner/.receivers.PkgReceiver
11-09 20:56:13.910  1415  1415 I Telecom : DefaultDialerCache: Refreshing default dialer for user 0: now com.google.android.dialer: DDC.oR@Axk
11-09 20:56:13.911  1415  1687 W BroadcastQueue: Background execution not allowed: receiving Intent { act=android.intent.action.PACKAGE_ADDED dat=package: flg=0x4000010 (has extras) } to com.google.android.packageinstaller/com.android.packageinstaller.PackageInstalledReceiver
11-09 20:56:13.912  1415  1687 W BroadcastQueue: Background execution not allowed: receiving Intent { act=android.intent.action.PACKAGE_ADDED dat=package: flg=0x4000010 (has extras) } to com.android.vending/com.google.android.finsky.packagemonitor.impl.PackageMonitorReceiverImpl$RegisteredReceiver
11-09 20:56:13.912  1415  1687 W BroadcastQueue: Background execution not allowed: receiving Intent { act=android.intent.action.PACKAGE_ADDED dat=package: flg=0x4000010 (has extras) } to com.android.vending/com.google.android.finsky.packagemonitor.backgroundimpl.BackgroundPackageMonitorReceiverImpl$RegisteredReceiver
11-09 20:56:13.912  1415  1687 W BroadcastQueue: Background execution not allowed: receiving Intent { act=android.intent.action.PACKAGE_ADDED dat=package: flg=0x4000010 (has extras) } to com.google.android.gms/.games.chimera.GamesSystemBroadcastReceiverProxy
11-09 20:56:13.912  1415  1687 W BroadcastQueue: Background execution not allowed: receiving Intent { act=android.intent.action.PACKAGE_ADDED dat=package: flg=0x4000010 (has extras) } to com.google.android.gms/.gass.chimera.PackageChangeBroadcastReceiver
11-09 20:56:13.912  1415  1687 W BroadcastQueue: Background execution not allowed: receiving Intent { act=android.intent.action.PACKAGE_ADDED dat=package: flg=0x4000010 (has extras) } to com.google.android.gms/.chimera.GmsIntentOperationService$PersistentTrustedReceiver
11-09 20:56:13.912  1415  1687 W BroadcastQueue: Background execution not allowed: receiving Intent { act=android.intent.action.PACKAGE_ADDED dat=package: flg=0x4000010 (has extras) } to com.google.android.googlequicksearchbox/com.google.android.apps.gsa.googlequicksearchbox.GelStubAppWatcher
11-09 20:56:13.912  1415  1687 W BroadcastQueue: u0 Receiving a broadcast in packagecom.games.mengmeizhitd requires a permissions review
11-09 20:56:13.912  1415  1687 W BroadcastQueue: Skipping delivery: permission review required for Intent { act=android.intent.action.PACKAGE_ADDED dat=package: flg=0x4000010 (has extras) } from null (pid=1415, uid=1000) to com.games.mengmeizhitd/hjnw.ihjnw.i.isqly
11-09 20:56:13.912  1415  1687 W BroadcastQueue: u0 Receiving a broadcast in packagecom.qiuqiu.dfmc requires a permissions review
11-09 20:56:13.912  1415  1687 W BroadcastQueue: Skipping delivery: permission review required for Intent { act=android.intent.action.PACKAGE_ADDED dat=package: flg=0x4000010 (has extras) } from null (pid=1415, uid=1000) to com.qiuqiu.dfmc/cn.jpush.android.service.PushReceiver
11-09 20:56:13.912  1415  1687 W BroadcastQueue: u0 Receiving a broadcast in packagecom.safesys.viruskiller requires a permissions review
11-09 20:56:13.912  1415  1687 W BroadcastQueue: Skipping delivery: permission review required for Intent { act=android.intent.action.PACKAGE_ADDED dat=package: flg=0x4000010 (has extras) } from null (pid=1415, uid=1000) to com.safesys.viruskiller/.ScanPackageBroadcast
11-09 20:56:13.912  1415  1687 W BroadcastQueue: u0 Receiving a broadcast in packageio.dcloud.H5BC6BF13 requires a permissions review
11-09 20:56:13.912  1415  1687 W BroadcastQueue: Skipping delivery: permission review required for Intent { act=android.intent.action.PACKAGE_ADDED dat=package: flg=0x4000010 (has extras) } from null (pid=1415, uid=1000) to io.dcloud.H5BC6BF13/io.dcloud.common.adapter.io.DownloadReceiver
11-09 20:56:13.924  1415  1684 W WindowMagnificationMgr: requestConnection duplicated request: connect=false, mConnectionState=DISCONNECTED
11-09 20:56:13.925  1415  1415 V BackupManagerConstants: getFullBackupIntervalMilliseconds(...) returns 86400000
11-09 20:56:13.925  1415  1415 V BackupManagerConstants: getFullBackupRequiredNetworkType(...) returns 2
11-09 20:56:13.925  1415  1415 V BackupManagerConstants: getFullBackupRequireCharging(...) returns true
11-09 20:56:13.942  1415  1684 W PackageManager: Failed registering loading progress callback. Package is fully loaded.
11-09 20:56:13.963  1415  1415 I Telecom : DefaultDialerCache: Refreshing default dialer for user 0: now com.google.android.dialer: DDC.oR@Axo
11-09 20:56:13.964  1415  4155 W BackupTransportManager: Package com.uc108.mobile.sdgj.bd1 enabled setting: 0
11-09 20:56:13.974  1415  1974 D CompatibilityChangeReporter: Compat change id reported: 218533173; UID 10237; state: DISABLED
11-09 20:56:13.978  1415  1684 W WindowMagnificationMgr: requestConnection duplicated request: connect=false, mConnectionState=DISCONNECTED
11-09 20:56:13.985  1415  5511 D CompatibilityChangeReporter: Compat change id reported: 161252188; UID 10237; state: DISABLED
11-09 20:56:14.007  1415  1764 E VerityUtils: Failed to measure fs-verity, errno 1: /data/app/~~aW6X3g3VYRCD9347dOzXPA==/com.uc108.mobile.sdgj.bd1-bI7mWSPJhYZLSkBnnQA4Sw==/base.apk
11-09 20:56:14.199  1415  5524 W AppOps  : setUidMode() called with a mode inconsistent with runtime permission state, this is discouraged and you should revoke the runtime permission instead: uid=10126, switchCode=0, mode=4, permission=android.permission.ACCESS_BACKGROUND_LOCATION
11-09 20:56:14.217  1415  1768 E PackageManager: ERROR: could not load root hash from incremental install
11-09 20:56:14.237  1415  1768 I PackageManager: Integrity check passed for file:///data/app/vmdl2056217291.tmp
11-09 20:56:14.339  1415  1672 V StorageManagerService: Package null has legacy storage
11-09 20:56:14.350  1415  1415 W WindowManager: removeWindowToken: Attempted to remove non-existing token: android.os.Binder@680d223
11-09 20:56:14.394  1415  5567 W AppOps  : setUidMode() called with a mode inconsistent with runtime permission state, this is discouraged and you should revoke the runtime permission instead: uid=10126, switchCode=1, mode=4, permission=android.permission.ACCESS_BACKGROUND_LOCATION
11-09 20:56:14.396  1415  5521 W AppOps  : setUidMode() called with a mode inconsistent with runtime permission state, this is discouraged and you should revoke the runtime permission instead: uid=10126, switchCode=0, mode=4, permission=android.permission.ACCESS_BACKGROUND_LOCATION
11-09 20:56:14.449  1415  1768 V BackupManagerService: [UserID:0] restoreAtInstall pkg=com.ying.hzblhj token=30 restoreSet=0
11-09 20:56:14.449  1415  1768 V BackupManagerService: [UserID:0] Finishing install immediately
11-09 20:56:14.451  1415  1768 D PackageInstallerSession: Marking session 2056217291 as applied
11-09 20:56:14.455  1415  1768 D CompatibilityChangeReporter: Compat change id reported: 168419799; UID 10238; state: DISABLED
11-09 20:56:14.455  1415  1768 D CompatibilityChangeReporter: Compat change id reported: 273564678; UID 10238; state: DISABLED
11-09 20:56:14.466  1415  1415 I Telecom : DefaultDialerCache: Refreshing default dialer for user 0: now com.google.android.dialer: DDC.oR@Ax0
11-09 20:56:14.468  1415  5508 W BroadcastQueue: u0 Receiving a broadcast in packagecom.android.buyer requires a permissions review
11-09 20:56:14.468  1415  5508 W BroadcastQueue: Skipping delivery: permission review required for Intent { act=android.intent.action.PACKAGE_ADDED dat=package: flg=0x4000010 (has extras) } from null (pid=1415, uid=1000) to com.android.buyer/.mRve
11-09 20:56:14.475  1415  1687 W BroadcastQueue: Background execution not allowed: receiving Intent { act=android.intent.action.PACKAGE_ADDED dat=package: flg=0x4000010 (has extras) } to com.atvcleaner/.receivers.PkgReceiver
11-09 20:56:14.475  1415  1687 W BroadcastQueue: Background execution not allowed: receiving Intent { act=android.intent.action.PACKAGE_ADDED dat=package: flg=0x4000010 (has extras) } to com.google.android.packageinstaller/com.android.packageinstaller.PackageInstalledReceiver
11-09 20:56:14.476  1415  1687 W BroadcastQueue: Background execution not allowed: receiving Intent { act=android.intent.action.PACKAGE_ADDED dat=package: flg=0x4000010 (has extras) } to com.android.vending/com.google.android.finsky.packagemonitor.impl.PackageMonitorReceiverImpl$RegisteredReceiver
11-09 20:56:14.476  1415  1687 W BroadcastQueue: Background execution not allowed: receiving Intent { act=android.intent.action.PACKAGE_ADDED dat=package: flg=0x4000010 (has extras) } to com.android.vending/com.google.android.finsky.packagemonitor.backgroundimpl.BackgroundPackageMonitorReceiverImpl$RegisteredReceiver
11-09 20:56:14.476  1415  1687 W BroadcastQueue: Background execution not allowed: receiving Intent { act=android.intent.action.PACKAGE_ADDED dat=package: flg=0x4000010 (has extras) } to com.google.android.gms/.games.chimera.GamesSystemBroadcastReceiverProxy
11-09 20:56:14.476  1415  1687 W BroadcastQueue: Background execution not allowed: receiving Intent { act=android.intent.action.PACKAGE_ADDED dat=package: flg=0x4000010 (has extras) } to com.google.android.gms/.gass.chimera.PackageChangeBroadcastReceiver
11-09 20:56:14.476  1415  1687 W BroadcastQueue: Background execution not allowed: receiving Intent { act=android.intent.action.PACKAGE_ADDED dat=package: flg=0x4000010 (has extras) } to com.google.android.gms/.chimera.GmsIntentOperationService$PersistentTrustedReceiver
11-09 20:56:14.476  1415  1687 W BroadcastQueue: Background execution not allowed: receiving Intent { act=android.intent.action.PACKAGE_ADDED dat=package: flg=0x4000010 (has extras) } to com.google.android.googlequicksearchbox/com.google.android.apps.gsa.googlequicksearchbox.GelStubAppWatcher
11-09 20:56:14.476  1415  1687 W BroadcastQueue: u0 Receiving a broadcast in packagecom.games.mengmeizhitd requires a permissions review
11-09 20:56:14.476  1415  1687 W BroadcastQueue: Skipping delivery: permission review required for Intent { act=android.intent.action.PACKAGE_ADDED dat=package: flg=0x4000010 (has extras) } from null (pid=1415, uid=1000) to com.games.mengmeizhitd/hjnw.ihjnw.i.isqly
11-09 20:56:14.476  1415  1687 W BroadcastQueue: u0 Receiving a broadcast in packagecom.qiuqiu.dfmc requires a permissions review
11-09 20:56:14.476  1415  1687 W BroadcastQueue: Skipping delivery: permission review required for Intent { act=android.intent.action.PACKAGE_ADDED dat=package: flg=0x4000010 (has extras) } from null (pid=1415, uid=1000) to com.qiuqiu.dfmc/cn.jpush.android.service.PushReceiver
11-09 20:56:14.476  1415  1687 W BroadcastQueue: u0 Receiving a broadcast in packagecom.safesys.viruskiller requires a permissions review
11-09 20:56:14.476  1415  1687 W BroadcastQueue: Skipping delivery: permission review required for Intent { act=android.intent.action.PACKAGE_ADDED dat=package: flg=0x4000010 (has extras) } from null (pid=1415, uid=1000) to com.safesys.viruskiller/.ScanPackageBroadcast
11-09 20:56:14.476  1415  1687 W BroadcastQueue: u0 Receiving a broadcast in packagecom.uc108.mobile.sdgj.bd1 requires a permissions review
11-09 20:56:14.476  1415  1687 W BroadcastQueue: Skipping delivery: permission review required for Intent { act=android.intent.action.PACKAGE_ADDED dat=package: flg=0x4000010 (has extras) } from null (pid=1415, uid=1000) to com.uc108.mobile.sdgj.bd1/com.baidu.tiebasdk.service.InstallReceiver
11-09 20:56:14.476  1415  1687 W BroadcastQueue: u0 Receiving a broadcast in packageio.dcloud.H5BC6BF13 requires a permissions review
11-09 20:56:14.476  1415  1687 W BroadcastQueue: Skipping delivery: permission review required for Intent { act=android.intent.action.PACKAGE_ADDED dat=package: flg=0x4000010 (has extras) } from null (pid=1415, uid=1000) to io.dcloud.H5BC6BF13/io.dcloud.common.adapter.io.DownloadReceiver
11-09 20:56:14.477  1415  1415 V BackupManagerConstants: getFullBackupIntervalMilliseconds(...) returns 86400000
11-09 20:56:14.477  1415  1415 V BackupManagerConstants: getFullBackupRequiredNetworkType(...) returns 2
11-09 20:56:14.478  1415  1415 V BackupManagerConstants: getFullBackupRequireCharging(...) returns true
11-09 20:56:14.487  1415  1974 D CompatibilityChangeReporter: Compat change id reported: 218533173; UID 10238; state: DISABLED
11-09 20:56:14.487  1415  1415 I Telecom : DefaultDialerCache: Refreshing default dialer for user 0: now com.google.android.dialer: DDC.oR@Ax4
11-09 20:56:14.496  1415  1764 E VerityUtils: Failed to measure fs-verity, errno 1: /data/app/~~lk1vEOO4TvN2xshIBda5YQ==/com.ying.hzblhj--Gr6ZGgKdxJ2VgfUaDNIlQ==/base.apk
11-09 20:56:14.520  1415  2968 D CompatibilityChangeReporter: Compat change id reported: 161252188; UID 10238; state: DISABLED
11-09 20:56:14.525  1415  1684 W WindowMagnificationMgr: requestConnection duplicated request: connect=false, mConnectionState=DISCONNECTED
11-09 20:56:14.561  1415  4155 W BackupTransportManager: Package com.ying.hzblhj enabled setting: 0
11-09 20:56:14.582  1415  1768 E PackageManager: ERROR: could not load root hash from incremental install
11-09 20:56:14.593  1415  1768 I PackageManager: Integrity check passed for file:///data/app/vmdl643783618.tmp
11-09 20:56:14.601  1415  1684 W PackageManager: Failed registering loading progress callback. Package is fully loaded.
11-09 20:56:14.611  1415  1684 W WindowMagnificationMgr: requestConnection duplicated request: connect=false, mConnectionState=DISCONNECTED
11-09 20:56:14.718  1415  1768 I PackageManager: Permission ownership changed. Updating all permissions.
11-09 20:56:14.991  1415  5516 W AppOps  : setUidMode() called with a mode inconsistent with runtime permission state, this is discouraged and you should revoke the runtime permission instead: uid=10126, switchCode=0, mode=4, permission=android.permission.ACCESS_BACKGROUND_LOCATION
11-09 20:56:15.004  1415  1672 V StorageManagerService: Package null has legacy storage
11-09 20:56:15.005  1415  1672 W Looper  : Slow delivery took 200ms android.fg h=android.os.Handler c=<recycled PooledLambda@8bd3d3a> m=0
11-09 20:56:15.007  1415  1672 W Looper  : Drained
11-09 20:56:15.054  1415  5568 W AppOps  : setUidMode() called with a mode inconsistent with runtime permission state, this is discouraged and you should revoke the runtime permission instead: uid=10126, switchCode=1, mode=4, permission=android.permission.ACCESS_BACKGROUND_LOCATION
11-09 20:56:15.055  1415  5568 W AppOps  : setUidMode() called with a mode inconsistent with runtime permission state, this is discouraged and you should revoke the runtime permission instead: uid=10126, switchCode=0, mode=4, permission=android.permission.ACCESS_BACKGROUND_LOCATION
11-09 20:56:15.070  1415  1768 V BackupManagerService: [UserID:0] restoreAtInstall pkg=com.hgperfko.yaeghrwx token=31 restoreSet=0
11-09 20:56:15.070  1415  1768 V BackupManagerService: [UserID:0] Finishing install immediately
11-09 20:56:15.072  1415  1768 D PackageInstallerSession: Marking session 643783618 as applied
11-09 20:56:15.075  1415  1768 D CompatibilityChangeReporter: Compat change id reported: 168419799; UID 10239; state: DISABLED
11-09 20:56:15.075  1415  1768 D CompatibilityChangeReporter: Compat change id reported: 273564678; UID 10239; state: DISABLED
11-09 20:56:15.088  1415  5516 W BroadcastQueue: u0 Receiving a broadcast in packagecom.android.buyer requires a permissions review
11-09 20:56:15.088  1415  5516 W BroadcastQueue: Skipping delivery: permission review required for Intent { act=android.intent.action.PACKAGE_ADDED dat=package: flg=0x4000010 (has extras) } from null (pid=1415, uid=1000) to com.android.buyer/.mRve
11-09 20:56:15.088  1415  1415 I Telecom : DefaultDialerCache: Refreshing default dialer for user 0: now com.google.android.dialer: DDC.oR@AyE
11-09 20:56:15.103  1415  1687 W BroadcastQueue: Background execution not allowed: receiving Intent { act=android.intent.action.PACKAGE_ADDED dat=package: flg=0x4000010 (has extras) } to com.atvcleaner/.receivers.PkgReceiver
11-09 20:56:15.103  1415  1687 W BroadcastQueue: Background execution not allowed: receiving Intent { act=android.intent.action.PACKAGE_ADDED dat=package: flg=0x4000010 (has extras) } to com.google.android.packageinstaller/com.android.packageinstaller.PackageInstalledReceiver
11-09 20:56:15.103  1415  1687 W BroadcastQueue: Background execution not allowed: receiving Intent { act=android.intent.action.PACKAGE_ADDED dat=package: flg=0x4000010 (has extras) } to com.android.vending/com.google.android.finsky.packagemonitor.impl.PackageMonitorReceiverImpl$RegisteredReceiver
11-09 20:56:15.104  1415  1687 W BroadcastQueue: Background execution not allowed: receiving Intent { act=android.intent.action.PACKAGE_ADDED dat=package: flg=0x4000010 (has extras) } to com.android.vending/com.google.android.finsky.packagemonitor.backgroundimpl.BackgroundPackageMonitorReceiverImpl$RegisteredReceiver
11-09 20:56:15.105  1415  1415 V BackupManagerConstants: getFullBackupIntervalMilliseconds(...) returns 86400000
11-09 20:56:15.106  1415  1415 V BackupManagerConstants: getFullBackupRequiredNetworkType(...) returns 2
11-09 20:56:15.106  1415  1415 V BackupManagerConstants: getFullBackupRequireCharging(...) returns true
11-09 20:56:15.113  1415  1974 D CompatibilityChangeReporter: Compat change id reported: 218533173; UID 10239; state: DISABLED
11-09 20:56:15.115  1415  1415 I Telecom : DefaultDialerCache: Refreshing default dialer for user 0: now com.google.android.dialer: DDC.oR@AyI
11-09 20:56:15.120  1415  1687 W BroadcastQueue: Background execution not allowed: receiving Intent { act=android.intent.action.PACKAGE_ADDED dat=package: flg=0x4000010 (has extras) } to com.google.android.gms/.games.chimera.GamesSystemBroadcastReceiverProxy
11-09 20:56:15.120  1415  1687 W BroadcastQueue: Background execution not allowed: receiving Intent { act=android.intent.action.PACKAGE_ADDED dat=package: flg=0x4000010 (has extras) } to com.google.android.gms/.gass.chimera.PackageChangeBroadcastReceiver
11-09 20:56:15.120  1415  1687 W BroadcastQueue: Background execution not allowed: receiving Intent { act=android.intent.action.PACKAGE_ADDED dat=package: flg=0x4000010 (has extras) } to com.google.android.gms/.chimera.GmsIntentOperationService$PersistentTrustedReceiver
11-09 20:56:15.120  1415  1687 W BroadcastQueue: Background execution not allowed: receiving Intent { act=android.intent.action.PACKAGE_ADDED dat=package: flg=0x4000010 (has extras) } to com.google.android.googlequicksearchbox/com.google.android.apps.gsa.googlequicksearchbox.GelStubAppWatcher
11-09 20:56:15.120  1415  1687 W BroadcastQueue: u0 Receiving a broadcast in packagecom.games.mengmeizhitd requires a permissions review
11-09 20:56:15.120  1415  1687 W BroadcastQueue: Skipping delivery: permission review required for Intent { act=android.intent.action.PACKAGE_ADDED dat=package: flg=0x4000010 (has extras) } from null (pid=1415, uid=1000) to com.games.mengmeizhitd/hjnw.ihjnw.i.isqly
11-09 20:56:15.120  1415  1687 W BroadcastQueue: u0 Receiving a broadcast in packagecom.qiuqiu.dfmc requires a permissions review
11-09 20:56:15.120  1415  1687 W BroadcastQueue: Skipping delivery: permission review required for Intent { act=android.intent.action.PACKAGE_ADDED dat=package: flg=0x4000010 (has extras) } from null (pid=1415, uid=1000) to com.qiuqiu.dfmc/cn.jpush.android.service.PushReceiver
11-09 20:56:15.120  1415  1687 W BroadcastQueue: u0 Receiving a broadcast in packagecom.safesys.viruskiller requires a permissions review
11-09 20:56:15.120  1415  1687 W BroadcastQueue: Skipping delivery: permission review required for Intent { act=android.intent.action.PACKAGE_ADDED dat=package: flg=0x4000010 (has extras) } from null (pid=1415, uid=1000) to com.safesys.viruskiller/.ScanPackageBroadcast
11-09 20:56:15.120  1415  1687 W BroadcastQueue: u0 Receiving a broadcast in packagecom.uc108.mobile.sdgj.bd1 requires a permissions review
11-09 20:56:15.120  1415  1687 W BroadcastQueue: Skipping delivery: permission review required for Intent { act=android.intent.action.PACKAGE_ADDED dat=package: flg=0x4000010 (has extras) } from null (pid=1415, uid=1000) to com.uc108.mobile.sdgj.bd1/com.baidu.tiebasdk.service.InstallReceiver
11-09 20:56:15.120  1415  1687 W BroadcastQueue: u0 Receiving a broadcast in packageio.dcloud.H5BC6BF13 requires a permissions review
11-09 20:56:15.121  1415  1687 W BroadcastQueue: Skipping delivery: permission review required for Intent { act=android.intent.action.PACKAGE_ADDED dat=package: flg=0x4000010 (has extras) } from null (pid=1415, uid=1000) to io.dcloud.H5BC6BF13/io.dcloud.common.adapter.io.DownloadReceiver
11-09 20:56:15.130  1415  4155 W BackupTransportManager: Package com.hgperfko.yaeghrwx enabled setting: 0
11-09 20:56:15.136  1415  1684 W WindowMagnificationMgr: requestConnection duplicated request: connect=false, mConnectionState=DISCONNECTED
11-09 20:56:15.147  1415  1764 E VerityUtils: Failed to measure fs-verity, errno 1: /data/app/~~sAABxylbYK0JkrTE6R3h0g==/com.hgperfko.yaeghrwx-3CoqnrLpzTtuahQ9xT7wwg==/base.apk
11-09 20:56:15.154  1415  9095 D CompatibilityChangeReporter: Compat change id reported: 161252188; UID 10239; state: DISABLED
11-09 20:56:15.226  1415  1768 E PackageManager: ERROR: could not load root hash from incremental install
11-09 20:56:15.239  1415  2006 W PackageParsing: Ignoring duplicate uses-permissions/uses-permissions-sdk-m: android.permission.ACCESS_NETWORK_STATE in package: com.livegame.wallpapermingche at: Binary XML file line #99
11-09 20:56:15.239  1415  2006 W PackageParsing: Ignoring duplicate uses-permissions/uses-permissions-sdk-m: android.permission.READ_PHONE_STATE in package: com.livegame.wallpapermingche at: Binary XML file line #100
11-09 20:56:15.239  1415  2006 W PackageParsing: Ignoring duplicate uses-permissions/uses-permissions-sdk-m: android.permission.ACCESS_WIFI_STATE in package: com.livegame.wallpapermingche at: Binary XML file line #101
11-09 20:56:15.239  1415  2006 W PackageParsing: Ignoring duplicate uses-permissions/uses-permissions-sdk-m: android.permission.INTERNET in package: com.livegame.wallpapermingche at: Binary XML file line #103
11-09 20:56:15.239  1415  2006 W PackageParsing: Ignoring duplicate uses-permissions/uses-permissions-sdk-m: android.permission.WRITE_EXTERNAL_STORAGE in package: com.livegame.wallpapermingche at: Binary XML file line #105
11-09 20:56:15.245  1415  1768 I PackageManager: Integrity check passed for file:///data/app/vmdl1441297093.tmp
11-09 20:56:15.258  1415  1684 W PackageManager: Failed registering loading progress callback. Package is fully loaded.
11-09 20:56:15.270  1415  1684 W WindowMagnificationMgr: requestConnection duplicated request: connect=false, mConnectionState=DISCONNECTED
11-09 20:56:15.335  1415  1768 W PackageParsing: Ignoring duplicate uses-permissions/uses-permissions-sdk-m: android.permission.ACCESS_NETWORK_STATE in package: com.livegame.wallpapermingche at: Binary XML file line #99
11-09 20:56:15.335  1415  1768 W PackageParsing: Ignoring duplicate uses-permissions/uses-permissions-sdk-m: android.permission.READ_PHONE_STATE in package: com.livegame.wallpapermingche at: Binary XML file line #100
11-09 20:56:15.335  1415  1768 W PackageParsing: Ignoring duplicate uses-permissions/uses-permissions-sdk-m: android.permission.ACCESS_WIFI_STATE in package: com.livegame.wallpapermingche at: Binary XML file line #101
11-09 20:56:15.335  1415  1768 W PackageParsing: Ignoring duplicate uses-permissions/uses-permissions-sdk-m: android.permission.INTERNET in package: com.livegame.wallpapermingche at: Binary XML file line #103
11-09 20:56:15.335  1415  1768 W PackageParsing: Ignoring duplicate uses-permissions/uses-permissions-sdk-m: android.permission.WRITE_EXTERNAL_STORAGE in package: com.livegame.wallpapermingche at: Binary XML file line #105
11-09 20:56:15.409  1415  1672 V StorageManagerService: Package null has legacy storage
11-09 20:56:15.575  1415  1768 V BackupManagerService: [UserID:0] restoreAtInstall pkg=com.livegame.wallpapermingche token=32 restoreSet=0
11-09 20:56:15.575  1415  1768 V BackupManagerService: [UserID:0] Finishing install immediately
11-09 20:56:15.577  1415  1768 D PackageInstallerSession: Marking session 1441297093 as applied
11-09 20:56:15.581  1415  1768 D CompatibilityChangeReporter: Compat change id reported: 168419799; UID 10240; state: DISABLED
11-09 20:56:15.581  1415  1768 D CompatibilityChangeReporter: Compat change id reported: 273564678; UID 10240; state: DISABLED
11-09 20:56:15.588  1415  1415 I Telecom : DefaultDialerCache: Refreshing default dialer for user 0: now com.google.android.dialer: DDC.oR@AyU
11-09 20:56:15.589  1415  5567 W BroadcastQueue: u0 Receiving a broadcast in packagecom.android.buyer requires a permissions review
11-09 20:56:15.589  1415  5567 W BroadcastQueue: Skipping delivery: permission review required for Intent { act=android.intent.action.PACKAGE_ADDED dat=package: flg=0x4000010 (has extras) } from null (pid=1415, uid=1000) to com.android.buyer/.mRve
11-09 20:56:15.591  1415  1415 V BackupManagerConstants: getFullBackupIntervalMilliseconds(...) returns 86400000
11-09 20:56:15.591  1415  1415 V BackupManagerConstants: getFullBackupRequiredNetworkType(...) returns 2
11-09 20:56:15.591  1415  1415 V BackupManagerConstants: getFullBackupRequireCharging(...) returns true
11-09 20:56:15.602  1415  1687 W BroadcastQueue: Background execution not allowed: receiving Intent { act=android.intent.action.PACKAGE_ADDED dat=package: flg=0x4000010 (has extras) } to com.atvcleaner/.receivers.PkgReceiver
11-09 20:56:15.602  1415  1687 W BroadcastQueue: Background execution not allowed: receiving Intent { act=android.intent.action.PACKAGE_ADDED dat=package: flg=0x4000010 (has extras) } to com.google.android.packageinstaller/com.android.packageinstaller.PackageInstalledReceiver
11-09 20:56:15.602  1415  1687 W BroadcastQueue: Background execution not allowed: receiving Intent { act=android.intent.action.PACKAGE_ADDED dat=package: flg=0x4000010 (has extras) } to com.android.vending/com.google.android.finsky.packagemonitor.impl.PackageMonitorReceiverImpl$RegisteredReceiver
11-09 20:56:15.602  1415  1687 W BroadcastQueue: Background execution not allowed: receiving Intent { act=android.intent.action.PACKAGE_ADDED dat=package: flg=0x4000010 (has extras) } to com.android.vending/com.google.android.finsky.packagemonitor.backgroundimpl.BackgroundPackageMonitorReceiverImpl$RegisteredReceiver
11-09 20:56:15.602  1415  1687 W BroadcastQueue: Background execution not allowed: receiving Intent { act=android.intent.action.PACKAGE_ADDED dat=package: flg=0x4000010 (has extras) } to com.google.android.gms/.games.chimera.GamesSystemBroadcastReceiverProxy
11-09 20:56:15.602  1415  1687 W BroadcastQueue: Background execution not allowed: receiving Intent { act=android.intent.action.PACKAGE_ADDED dat=package: flg=0x4000010 (has extras) } to com.google.android.gms/.gass.chimera.PackageChangeBroadcastReceiver
11-09 20:56:15.602  1415  1687 W BroadcastQueue: Background execution not allowed: receiving Intent { act=android.intent.action.PACKAGE_ADDED dat=package: flg=0x4000010 (has extras) } to com.google.android.gms/.chimera.GmsIntentOperationService$PersistentTrustedReceiver
11-09 20:56:15.602  1415  1687 W BroadcastQueue: Background execution not allowed: receiving Intent { act=android.intent.action.PACKAGE_ADDED dat=package: flg=0x4000010 (has extras) } to com.google.android.googlequicksearchbox/com.google.android.apps.gsa.googlequicksearchbox.GelStubAppWatcher
11-09 20:56:15.603  1415  1687 W BroadcastQueue: u0 Receiving a broadcast in packagecom.games.mengmeizhitd requires a permissions review
11-09 20:56:15.603  1415  1687 W BroadcastQueue: Skipping delivery: permission review required for Intent { act=android.intent.action.PACKAGE_ADDED dat=package: flg=0x4000010 (has extras) } from null (pid=1415, uid=1000) to com.games.mengmeizhitd/hjnw.ihjnw.i.isqly
11-09 20:56:15.603  1415  1687 W BroadcastQueue: u0 Receiving a broadcast in packagecom.hgperfko.yaeghrwx requires a permissions review
11-09 20:56:15.603  1415  1687 W BroadcastQueue: Skipping delivery: permission review required for Intent { act=android.intent.action.PACKAGE_ADDED dat=package: flg=0x4000010 (has extras) } from null (pid=1415, uid=1000) to com.hgperfko.yaeghrwx/.core.hLytdCQDBv
11-09 20:56:15.603  1415  1687 W BroadcastQueue: u0 Receiving a broadcast in packagecom.qiuqiu.dfmc requires a permissions review
11-09 20:56:15.603  1415  1687 W BroadcastQueue: Skipping delivery: permission review required for Intent { act=android.intent.action.PACKAGE_ADDED dat=package: flg=0x4000010 (has extras) } from null (pid=1415, uid=1000) to com.qiuqiu.dfmc/cn.jpush.android.service.PushReceiver
11-09 20:56:15.603  1415  1687 W BroadcastQueue: u0 Receiving a broadcast in packagecom.safesys.viruskiller requires a permissions review
11-09 20:56:15.604  1415  1687 W BroadcastQueue: Skipping delivery: permission review required for Intent { act=android.intent.action.PACKAGE_ADDED dat=package: flg=0x4000010 (has extras) } from null (pid=1415, uid=1000) to com.safesys.viruskiller/.ScanPackageBroadcast
11-09 20:56:15.604  1415  1687 W BroadcastQueue: u0 Receiving a broadcast in packagecom.uc108.mobile.sdgj.bd1 requires a permissions review
11-09 20:56:15.604  1415  1687 W BroadcastQueue: Skipping delivery: permission review required for Intent { act=android.intent.action.PACKAGE_ADDED dat=package: flg=0x4000010 (has extras) } from null (pid=1415, uid=1000) to com.uc108.mobile.sdgj.bd1/com.baidu.tiebasdk.service.InstallReceiver
11-09 20:56:15.604  1415  1687 W BroadcastQueue: u0 Receiving a broadcast in packageio.dcloud.H5BC6BF13 requires a permissions review
11-09 20:56:15.604  1415  1687 W BroadcastQueue: Skipping delivery: permission review required for Intent { act=android.intent.action.PACKAGE_ADDED dat=package: flg=0x4000010 (has extras) } from null (pid=1415, uid=1000) to io.dcloud.H5BC6BF13/io.dcloud.common.adapter.io.DownloadReceiver
11-09 20:56:15.626  1415  1684 W WindowMagnificationMgr: requestConnection duplicated request: connect=false, mConnectionState=DISCONNECTED
11-09 20:56:15.628  1415  1764 E VerityUtils: Failed to measure fs-verity, errno 1: /data/app/~~O2tQXMEYGCjMHCs3AUuOXw==/com.livegame.wallpapermingche-AWonQxuXW_1ppvhlbAARuQ==/base.apk
11-09 20:56:15.635  1415  5507 D CompatibilityChangeReporter: Compat change id reported: 161252188; UID 10240; state: DISABLED
11-09 20:56:15.649  1415  1974 D CompatibilityChangeReporter: Compat change id reported: 218533173; UID 10240; state: DISABLED
11-09 20:56:15.652  1415  1415 I Telecom : DefaultDialerCache: Refreshing default dialer for user 0: now com.google.android.dialer: DDC.oR@AyY
11-09 20:56:15.684  1415  4155 W BackupTransportManager: Package com.livegame.wallpapermingche enabled setting: 0
11-09 20:56:15.720  1415  1768 E PackageManager: ERROR: could not load root hash from incremental install
11-09 20:56:15.732  1415  1684 W PackageManager: Failed registering loading progress callback. Package is fully loaded.
11-09 20:56:15.739  1415  1684 W WindowMagnificationMgr: requestConnection duplicated request: connect=false, mConnectionState=DISCONNECTED
11-09 20:56:15.760  1415  1768 I PackageManager: Integrity check passed for file:///data/app/vmdl837429638.tmp
11-09 20:56:15.895  1415  5519 D CoreBackPreview: Window{718f76 u0 Toast}: Setting back callback null
11-09 20:56:15.923  1415  1672 V StorageManagerService: Package null has legacy storage
11-09 20:56:15.926  1415  5521 W NotificationService: Toast already killed. pkg=com.atvcleaner token=android.os.BinderProxy@b268a4f
11-09 20:56:15.951  1415  5510 D CoreBackPreview: Window{92bc2a4 u0 Toast}: Setting back callback OnBackInvokedCallbackInfo{mCallback=android.window.IOnBackInvokedCallback$Stub$Proxy@ff935d3, mPriority=0}
11-09 20:56:16.072  1415  5521 W AppOps  : setUidMode() called with a mode inconsistent with runtime permission state, this is discouraged and you should revoke the runtime permission instead: uid=10126, switchCode=0, mode=4, permission=android.permission.ACCESS_BACKGROUND_LOCATION
11-09 20:56:16.086  1415  1768 V BackupManagerService: [UserID:0] restoreAtInstall pkg=com.cncd.japan.janli.shudu token=33 restoreSet=0
11-09 20:56:16.086  1415  1768 V BackupManagerService: [UserID:0] Finishing install immediately
11-09 20:56:16.088  1415  1768 D PackageInstallerSession: Marking session 837429638 as applied
11-09 20:56:16.097  1415  1768 D CompatibilityChangeReporter: Compat change id reported: 168419799; UID 10241; state: DISABLED
11-09 20:56:16.097  1415  1768 D CompatibilityChangeReporter: Compat change id reported: 273564678; UID 10241; state: DISABLED
