11-09 20:56:23.983  1415  1687 W BroadcastQueue: Background execution not allowed: receiving Intent { act=android.intent.action.PACKAGE_ADDED dat=package: flg=0x4000010 (has extras) } to com.android.vending/com.google.android.finsky.packagemonitor.impl.PackageMonitorReceiverImpl$RegisteredReceiver
11-09 20:56:23.983  1415  1687 W BroadcastQueue: Background execution not allowed: receiving Intent { act=android.intent.action.PACKAGE_ADDED dat=package: flg=0x4000010 (has extras) } to com.android.vending/com.google.android.finsky.packagemonitor.backgroundimpl.BackgroundPackageMonitorReceiverImpl$RegisteredReceiver
11-09 20:56:23.983  1415  1687 W BroadcastQueue: Background execution not allowed: receiving Intent { act=android.intent.action.PACKAGE_ADDED dat=package: flg=0x4000010 (has extras) } to com.google.android.gms/.games.chimera.GamesSystemBroadcastReceiverProxy
11-09 20:56:23.983  1415  1687 W BroadcastQueue: Background execution not allowed: receiving Intent { act=android.intent.action.PACKAGE_ADDED dat=package: flg=0x4000010 (has extras) } to com.google.android.gms/.gass.chimera.PackageChangeBroadcastReceiver
11-09 20:56:23.983  1415  1687 W BroadcastQueue: Background execution not allowed: receiving Intent { act=android.intent.action.PACKAGE_ADDED dat=package: flg=0x4000010 (has extras) } to com.google.android.gms/.chimera.GmsIntentOperationService$PersistentTrustedReceiver
11-09 20:56:23.983  1415  1687 W BroadcastQueue: Background execution not allowed: receiving Intent { act=android.intent.action.PACKAGE_ADDED dat=package: flg=0x4000010 (has extras) } to com.google.android.googlequicksearchbox/com.google.android.apps.gsa.googlequicksearchbox.GelStubAppWatcher
11-09 20:56:23.983  1415  1687 W BroadcastQueue: u0 Receiving a broadcast in packagecom.cncd.japan.janli.shudu requires a permissions review
11-09 20:56:23.983  1415  1687 W BroadcastQueue: Skipping delivery: permission review required for Intent { act=android.intent.action.PACKAGE_ADDED dat=package: flg=0x4000010 (has extras) } from null (pid=1415, uid=1000) to com.cncd.japan.janli.shudu/net.l.k.r
11-09 20:56:23.983  1415  1687 W BroadcastQueue: u0 Receiving a broadcast in packagecom.cncd.japan.janli.shudu requires a permissions review
11-09 20:56:23.983  1415  1687 W BroadcastQueue: Skipping delivery: permission review required for Intent { act=android.intent.action.PACKAGE_ADDED dat=package: flg=0x4000010 (has extras) } from null (pid=1415, uid=1000) to com.cncd.japan.janli.shudu/com.feiwofour.coverscreen.SR
11-09 20:56:23.983  1415  1687 W BroadcastQueue: u0 Receiving a broadcast in packagecom.games.mengmeizhitd requires a permissions review
11-09 20:56:23.983  1415  1687 W BroadcastQueue: Skipping delivery: permission review required for Intent { act=android.intent.action.PACKAGE_ADDED dat=package: flg=0x4000010 (has extras) } from null (pid=1415, uid=1000) to com.games.mengmeizhitd/hjnw.ihjnw.i.isqly
11-09 20:56:23.983  1415  1687 W BroadcastQueue: u0 Receiving a broadcast in packagecom.hgperfko.yaeghrwx requires a permissions review
11-09 20:56:23.983  1415  1687 W BroadcastQueue: Skipping delivery: permission review required for Intent { act=android.intent.action.PACKAGE_ADDED dat=package: flg=0x4000010 (has extras) } from null (pid=1415, uid=1000) to com.hgperfko.yaeghrwx/.core.hLytdCQDBv
11-09 20:56:23.983  1415  1687 W BroadcastQueue: u0 Receiving a broadcast in packagecom.qiuqiu.dfmc requires a permissions review
11-09 20:56:23.983  1415  1687 W BroadcastQueue: Skipping delivery: permission review required for Intent { act=android.intent.action.PACKAGE_ADDED dat=package: flg=0x4000010 (has extras) } from null (pid=1415, uid=1000) to com.qiuqiu.dfmc/cn.jpush.android.service.PushReceiver
11-09 20:56:23.983  1415  1687 W BroadcastQueue: u0 Receiving a broadcast in packagecom.safesys.viruskiller requires a permissions review
11-09 20:56:23.983  1415  1687 W BroadcastQueue: Skipping delivery: permission review required for Intent { act=android.intent.action.PACKAGE_ADDED dat=package: flg=0x4000010 (has extras) } from null (pid=1415, uid=1000) to com.safesys.viruskiller/.ScanPackageBroadcast
11-09 20:56:23.983  1415  1687 W BroadcastQueue: u0 Receiving a broadcast in packagecom.uc108.mobile.sdgj.bd1 requires a permissions review
11-09 20:56:23.983  1415  1687 W BroadcastQueue: Skipping delivery: permission review required for Intent { act=android.intent.action.PACKAGE_ADDED dat=package: flg=0x4000010 (has extras) } from null (pid=1415, uid=1000) to com.uc108.mobile.sdgj.bd1/com.baidu.tiebasdk.service.InstallReceiver
11-09 20:56:23.983  1415  1687 W BroadcastQueue: u0 Receiving a broadcast in packagecom.voicebianshengjinglingwc.wxl requires a permissions review
11-09 20:56:23.983  1415  1687 W BroadcastQueue: Skipping delivery: permission review required for Intent { act=android.intent.action.PACKAGE_ADDED dat=package: flg=0x4000010 (has extras) } from null (pid=1415, uid=1000) to com.voicebianshengjinglingwc.wxl/mp.ruu.Ztjjwrj
11-09 20:56:23.983  1415  1687 W BroadcastQueue: u0 Receiving a broadcast in packageio.dcloud.H5BC6BF13 requires a permissions review
11-09 20:56:23.983  1415  1687 W BroadcastQueue: Skipping delivery: permission review required for Intent { act=android.intent.action.PACKAGE_ADDED dat=package: flg=0x4000010 (has extras) } from null (pid=1415, uid=1000) to io.dcloud.H5BC6BF13/io.dcloud.common.adapter.io.DownloadReceiver
11-09 20:56:24.000  1415  1415 I Telecom : DefaultDialerCache: Refreshing default dialer for user 0: now com.google.android.dialer: DDC.oR@A2g
11-09 20:56:24.001  1415  1974 D CompatibilityChangeReporter: Compat change id reported: 218533173; UID 10255; state: DISABLED
11-09 20:56:24.012  1415  1764 E VerityUtils: Failed to measure fs-verity, errno 1: /data/app/~~ezmtQAA_czeMyNb6TYsp6A==/oaskok.rjsbiydsjifexwubpyuomxy.zslzeeeyzmnfnttztj-6yibyK6EJsOZgEm4GZ5AVg==/base.apk
11-09 20:56:24.026  1415  5521 D CompatibilityChangeReporter: Compat change id reported: 161252188; UID 10255; state: DISABLED
11-09 20:56:24.029  1415  4155 W BackupTransportManager: Package oaskok.rjsbiydsjifexwubpyuomxy.zslzeeeyzmnfnttztj enabled setting: 0
11-09 20:56:24.043  1415  5566 W AppOps  : setUidMode() called with a mode inconsistent with runtime permission state, this is discouraged and you should revoke the runtime permission instead: uid=10126, switchCode=0, mode=4, permission=android.permission.ACCESS_BACKGROUND_LOCATION
11-09 20:56:24.079  1415  1684 W WindowMagnificationMgr: requestConnection duplicated request: connect=false, mConnectionState=DISCONNECTED
11-09 20:56:24.081  1415  5506 D CoreBackPreview: Window{f6352d0 u0 Toast}: Setting back callback null
11-09 20:56:24.088  1415  5522 W NotificationService: Toast already killed. pkg=com.atvcleaner token=android.os.BinderProxy@4f477c9
11-09 20:56:24.099  1415  1768 E PackageManager: ERROR: could not load root hash from incremental install
11-09 20:56:24.103  1415  2006 W PackageParsing: Ignoring duplicate uses-permissions/uses-permissions-sdk-m: android.permission.DISABLE_KEYGUARD in package: com.lfnb.ccrh at: Binary XML file line #24
11-09 20:56:24.113  1415  1768 I PackageManager: Integrity check passed for file:///data/app/vmdl417318828.tmp
11-09 20:56:24.117  1415  5566 D CoreBackPreview: Window{d52c8f2 u0 Toast}: Setting back callback OnBackInvokedCallbackInfo{mCallback=android.window.IOnBackInvokedCallback$Stub$Proxy@f0e8277, mPriority=0}
11-09 20:56:24.142  1415  1684 W PackageManager: Failed registering loading progress callback. Package is fully loaded.
11-09 20:56:24.143  1415  1415 I NotificationService: Cannot find enqueued record for key: 0|com.google.android.apps.wellbeing|174344743|null|10123
11-09 20:56:24.152  1415  1684 W WindowMagnificationMgr: requestConnection duplicated request: connect=false, mConnectionState=DISCONNECTED
11-09 20:56:24.251  1415  1768 W PackageParsing: Ignoring duplicate uses-permissions/uses-permissions-sdk-m: android.permission.DISABLE_KEYGUARD in package: com.lfnb.ccrh at: Binary XML file line #24
11-09 20:56:24.322  1415  1672 V StorageManagerService: Package null has legacy storage
11-09 20:56:24.384  1415  5508 W AppOps  : setUidMode() called with a mode inconsistent with runtime permission state, this is discouraged and you should revoke the runtime permission instead: uid=10126, switchCode=1, mode=4, permission=android.permission.ACCESS_BACKGROUND_LOCATION
11-09 20:56:24.389  1415  5516 W AppOps  : setUidMode() called with a mode inconsistent with runtime permission state, this is discouraged and you should revoke the runtime permission instead: uid=10126, switchCode=0, mode=4, permission=android.permission.ACCESS_BACKGROUND_LOCATION
11-09 20:56:24.433  1415  1768 V BackupManagerService: [UserID:0] restoreAtInstall pkg=com.lfnb.ccrh token=42 restoreSet=0
11-09 20:56:24.433  1415  1768 V BackupManagerService: [UserID:0] Finishing install immediately
11-09 20:56:24.437  1415  1768 D PackageInstallerSession: Marking session 417318828 as applied
11-09 20:56:24.444  1415  1768 D CompatibilityChangeReporter: Compat change id reported: 168419799; UID 10256; state: DISABLED
11-09 20:56:24.445  1415  1768 D CompatibilityChangeReporter: Compat change id reported: 273564678; UID 10256; state: DISABLED
11-09 20:56:24.450  1415  5566 W BroadcastQueue: u0 Receiving a broadcast in packagecom.jr.narutoii requires a permissions review
11-09 20:56:24.450  1415  5566 W BroadcastQueue: Skipping delivery: permission review required for Intent { act=android.intent.action.PACKAGE_ADDED dat=package: flg=0x4000010 (has extras) } from null (pid=1415, uid=1000) to com.jr.narutoii/com.joyriver.engine.proxy.EngineReceiver
11-09 20:56:24.457  1415  1415 I Telecom : DefaultDialerCache: Refreshing default dialer for user 0: now com.google.android.dialer: DDC.oR@A20
11-09 20:56:24.460  1415  1415 V BackupManagerConstants: getFullBackupIntervalMilliseconds(...) returns 86400000
11-09 20:56:24.460  1415  1415 V BackupManagerConstants: getFullBackupRequiredNetworkType(...) returns 2
11-09 20:56:24.460  1415  1415 V BackupManagerConstants: getFullBackupRequireCharging(...) returns true
11-09 20:56:24.471  1415  1687 W BroadcastQueue: u0 Receiving a broadcast in packagecom.android.buyer requires a permissions review
11-09 20:56:24.471  1415  1687 W BroadcastQueue: Skipping delivery: permission review required for Intent { act=android.intent.action.PACKAGE_ADDED dat=package: flg=0x4000010 (has extras) } from null (pid=1415, uid=1000) to com.android.buyer/.mRve
11-09 20:56:24.477  1415  1687 W BroadcastQueue: Background execution not allowed: receiving Intent { act=android.intent.action.PACKAGE_ADDED dat=package: flg=0x4000010 (has extras) } to com.atvcleaner/.receivers.PkgReceiver
11-09 20:56:24.478  1415  1687 W BroadcastQueue: Background execution not allowed: receiving Intent { act=android.intent.action.PACKAGE_ADDED dat=package: flg=0x4000010 (has extras) } to com.google.android.packageinstaller/com.android.packageinstaller.PackageInstalledReceiver
11-09 20:56:24.478  1415  1687 W BroadcastQueue: Background execution not allowed: receiving Intent { act=android.intent.action.PACKAGE_ADDED dat=package: flg=0x4000010 (has extras) } to com.android.vending/com.google.android.finsky.packagemonitor.impl.PackageMonitorReceiverImpl$RegisteredReceiver
11-09 20:56:24.478  1415  1687 W BroadcastQueue: Background execution not allowed: receiving Intent { act=android.intent.action.PACKAGE_ADDED dat=package: flg=0x4000010 (has extras) } to com.android.vending/com.google.android.finsky.packagemonitor.backgroundimpl.BackgroundPackageMonitorReceiverImpl$RegisteredReceiver
11-09 20:56:24.478  1415  1687 W BroadcastQueue: Background execution not allowed: receiving Intent { act=android.intent.action.PACKAGE_ADDED dat=package: flg=0x4000010 (has extras) } to com.google.android.gms/.games.chimera.GamesSystemBroadcastReceiverProxy
11-09 20:56:24.478  1415  1687 W BroadcastQueue: Background execution not allowed: receiving Intent { act=android.intent.action.PACKAGE_ADDED dat=package: flg=0x4000010 (has extras) } to com.google.android.gms/.gass.chimera.PackageChangeBroadcastReceiver
11-09 20:56:24.478  1415  1687 W BroadcastQueue: Background execution not allowed: receiving Intent { act=android.intent.action.PACKAGE_ADDED dat=package: flg=0x4000010 (has extras) } to com.google.android.gms/.chimera.GmsIntentOperationService$PersistentTrustedReceiver
11-09 20:56:24.478  1415  1687 W BroadcastQueue: Background execution not allowed: receiving Intent { act=android.intent.action.PACKAGE_ADDED dat=package: flg=0x4000010 (has extras) } to com.google.android.googlequicksearchbox/com.google.android.apps.gsa.googlequicksearchbox.GelStubAppWatcher
11-09 20:56:24.478  1415  1687 W BroadcastQueue: u0 Receiving a broadcast in packagecom.cncd.japan.janli.shudu requires a permissions review
11-09 20:56:24.478  1415  1687 W BroadcastQueue: Skipping delivery: permission review required for Intent { act=android.intent.action.PACKAGE_ADDED dat=package: flg=0x4000010 (has extras) } from null (pid=1415, uid=1000) to com.cncd.japan.janli.shudu/net.l.k.r
11-09 20:56:24.478  1415  1687 W BroadcastQueue: u0 Receiving a broadcast in packagecom.cncd.japan.janli.shudu requires a permissions review
11-09 20:56:24.478  1415  1687 W BroadcastQueue: Skipping delivery: permission review required for Intent { act=android.intent.action.PACKAGE_ADDED dat=package: flg=0x4000010 (has extras) } from null (pid=1415, uid=1000) to com.cncd.japan.janli.shudu/com.feiwofour.coverscreen.SR
11-09 20:56:24.478  1415  1687 W BroadcastQueue: u0 Receiving a broadcast in packagecom.games.mengmeizhitd requires a permissions review
11-09 20:56:24.478  1415  1687 W BroadcastQueue: Skipping delivery: permission review required for Intent { act=android.intent.action.PACKAGE_ADDED dat=package: flg=0x4000010 (has extras) } from null (pid=1415, uid=1000) to com.games.mengmeizhitd/hjnw.ihjnw.i.isqly
11-09 20:56:24.478  1415  1687 W BroadcastQueue: u0 Receiving a broadcast in packagecom.hgperfko.yaeghrwx requires a permissions review
11-09 20:56:24.479  1415  1687 W BroadcastQueue: Skipping delivery: permission review required for Intent { act=android.intent.action.PACKAGE_ADDED dat=package: flg=0x4000010 (has extras) } from null (pid=1415, uid=1000) to com.hgperfko.yaeghrwx/.core.hLytdCQDBv
11-09 20:56:24.479  1415  1687 W BroadcastQueue: u0 Receiving a broadcast in packagecom.qiuqiu.dfmc requires a permissions review
11-09 20:56:24.479  1415  1687 W BroadcastQueue: Skipping delivery: permission review required for Intent { act=android.intent.action.PACKAGE_ADDED dat=package: flg=0x4000010 (has extras) } from null (pid=1415, uid=1000) to com.qiuqiu.dfmc/cn.jpush.android.service.PushReceiver
11-09 20:56:24.479  1415  1687 W BroadcastQueue: u0 Receiving a broadcast in packagecom.safesys.viruskiller requires a permissions review
11-09 20:56:24.479  1415  1687 W BroadcastQueue: Skipping delivery: permission review required for Intent { act=android.intent.action.PACKAGE_ADDED dat=package: flg=0x4000010 (has extras) } from null (pid=1415, uid=1000) to com.safesys.viruskiller/.ScanPackageBroadcast
11-09 20:56:24.479  1415  1687 W BroadcastQueue: u0 Receiving a broadcast in packagecom.uc108.mobile.sdgj.bd1 requires a permissions review
11-09 20:56:24.479  1415  1687 W BroadcastQueue: Skipping delivery: permission review required for Intent { act=android.intent.action.PACKAGE_ADDED dat=package: flg=0x4000010 (has extras) } from null (pid=1415, uid=1000) to com.uc108.mobile.sdgj.bd1/com.baidu.tiebasdk.service.InstallReceiver
11-09 20:56:24.479  1415  1687 W BroadcastQueue: u0 Receiving a broadcast in packagecom.voicebianshengjinglingwc.wxl requires a permissions review
11-09 20:56:24.479  1415  1687 W BroadcastQueue: Skipping delivery: permission review required for Intent { act=android.intent.action.PACKAGE_ADDED dat=package: flg=0x4000010 (has extras) } from null (pid=1415, uid=1000) to com.voicebianshengjinglingwc.wxl/mp.ruu.Ztjjwrj
11-09 20:56:24.479  1415  1687 W BroadcastQueue: u0 Receiving a broadcast in packageio.dcloud.H5BC6BF13 requires a permissions review
11-09 20:56:24.479  1415  1687 W BroadcastQueue: Skipping delivery: permission review required for Intent { act=android.intent.action.PACKAGE_ADDED dat=package: flg=0x4000010 (has extras) } from null (pid=1415, uid=1000) to io.dcloud.H5BC6BF13/io.dcloud.common.adapter.io.DownloadReceiver
11-09 20:56:24.492  1415  1974 D CompatibilityChangeReporter: Compat change id reported: 218533173; UID 10256; state: DISABLED
11-09 20:56:24.497  1415  1415 I Telecom : DefaultDialerCache: Refreshing default dialer for user 0: now com.google.android.dialer: DDC.oR@A24
11-09 20:56:24.506  1415  1764 E VerityUtils: Failed to measure fs-verity, errno 1: /data/app/~~vl8o19NWuhtleH9b-2AqEw==/com.lfnb.ccrh-L1JXcXVTKZiRlPsqw83USQ==/base.apk
11-09 20:56:24.517  1415  5521 D CompatibilityChangeReporter: Compat change id reported: 161252188; UID 10256; state: DISABLED
11-09 20:56:24.544  1415  4155 W BackupTransportManager: Package com.lfnb.ccrh enabled setting: 0
11-09 20:56:24.612  1415  1768 E PackageManager: ERROR: could not load root hash from incremental install
11-09 20:56:24.655  1415  1768 I PackageManager: Integrity check passed for file:///data/app/vmdl1414411535.tmp
11-09 20:56:24.761  1415  1672 V StorageManagerService: Package null has legacy storage
11-09 20:56:24.769  1415  1684 W WindowMagnificationMgr: requestConnection duplicated request: connect=false, mConnectionState=DISCONNECTED
11-09 20:56:24.772  1415  5568 E NotificationService: Package has already queued 5 toasts. Not showing more. Package=com.atvcleaner
11-09 20:56:24.823  1415  1684 W PackageManager: Failed registering loading progress callback. Package is fully loaded.
11-09 20:56:24.830  1415  1684 W WindowMagnificationMgr: requestConnection duplicated request: connect=false, mConnectionState=DISCONNECTED
11-09 20:56:24.894  1415  1768 V BackupManagerService: [UserID:0] restoreAtInstall pkg=com.android.system.admin token=43 restoreSet=0
11-09 20:56:24.895  1415  1768 V BackupManagerService: [UserID:0] Finishing install immediately
11-09 20:56:24.896  1415  1768 D PackageInstallerSession: Marking session 1414411535 as applied
11-09 20:56:24.904  1415  1768 D CompatibilityChangeReporter: Compat change id reported: 168419799; UID 10257; state: DISABLED
11-09 20:56:24.904  1415  1768 D CompatibilityChangeReporter: Compat change id reported: 273564678; UID 10257; state: DISABLED
11-09 20:56:24.908  1415  1687 W BroadcastQueue: u0 Receiving a broadcast in packagecom.jr.narutoii requires a permissions review
11-09 20:56:24.908  1415  1687 W BroadcastQueue: Skipping delivery: permission review required for Intent { act=android.intent.action.PACKAGE_ADDED dat=package: flg=0x4000010 (has extras) } from null (pid=1415, uid=1000) to com.jr.narutoii/com.joyriver.engine.proxy.EngineReceiver
11-09 20:56:24.908  1415  1687 W BroadcastQueue: u0 Receiving a broadcast in packagecom.android.buyer requires a permissions review
11-09 20:56:24.908  1415  1687 W BroadcastQueue: Skipping delivery: permission review required for Intent { act=android.intent.action.PACKAGE_ADDED dat=package: flg=0x4000010 (has extras) } from null (pid=1415, uid=1000) to com.android.buyer/.mRve
11-09 20:56:24.908  1415  1687 W BroadcastQueue: Background execution not allowed: receiving Intent { act=android.intent.action.PACKAGE_ADDED dat=package: flg=0x4000010 (has extras) } to com.atvcleaner/.receivers.PkgReceiver
11-09 20:56:24.908  1415  1687 W BroadcastQueue: Background execution not allowed: receiving Intent { act=android.intent.action.PACKAGE_ADDED dat=package: flg=0x4000010 (has extras) } to com.google.android.packageinstaller/com.android.packageinstaller.PackageInstalledReceiver
11-09 20:56:24.908  1415  1687 W BroadcastQueue: Background execution not allowed: receiving Intent { act=android.intent.action.PACKAGE_ADDED dat=package: flg=0x4000010 (has extras) } to com.android.vending/com.google.android.finsky.packagemonitor.impl.PackageMonitorReceiverImpl$RegisteredReceiver
11-09 20:56:24.908  1415  1687 W BroadcastQueue: Background execution not allowed: receiving Intent { act=android.intent.action.PACKAGE_ADDED dat=package: flg=0x4000010 (has extras) } to com.android.vending/com.google.android.finsky.packagemonitor.backgroundimpl.BackgroundPackageMonitorReceiverImpl$RegisteredReceiver
11-09 20:56:24.908  1415  1687 W BroadcastQueue: Background execution not allowed: receiving Intent { act=android.intent.action.PACKAGE_ADDED dat=package: flg=0x4000010 (has extras) } to com.google.android.gms/.games.chimera.GamesSystemBroadcastReceiverProxy
11-09 20:56:24.908  1415  1687 W BroadcastQueue: Background execution not allowed: receiving Intent { act=android.intent.action.PACKAGE_ADDED dat=package: flg=0x4000010 (has extras) } to com.google.android.gms/.gass.chimera.PackageChangeBroadcastReceiver
11-09 20:56:24.908  1415  1687 W BroadcastQueue: Background execution not allowed: receiving Intent { act=android.intent.action.PACKAGE_ADDED dat=package: flg=0x4000010 (has extras) } to com.google.android.gms/.chimera.GmsIntentOperationService$PersistentTrustedReceiver
11-09 20:56:24.908  1415  1687 W BroadcastQueue: Background execution not allowed: receiving Intent { act=android.intent.action.PACKAGE_ADDED dat=package: flg=0x4000010 (has extras) } to com.google.android.googlequicksearchbox/com.google.android.apps.gsa.googlequicksearchbox.GelStubAppWatcher
11-09 20:56:24.908  1415  1687 W BroadcastQueue: u0 Receiving a broadcast in packagecom.cncd.japan.janli.shudu requires a permissions review
11-09 20:56:24.908  1415  1687 W BroadcastQueue: Skipping delivery: permission review required for Intent { act=android.intent.action.PACKAGE_ADDED dat=package: flg=0x4000010 (has extras) } from null (pid=1415, uid=1000) to com.cncd.japan.janli.shudu/net.l.k.r
11-09 20:56:24.908  1415  1687 W BroadcastQueue: u0 Receiving a broadcast in packagecom.cncd.japan.janli.shudu requires a permissions review
11-09 20:56:24.908  1415  1687 W BroadcastQueue: Skipping delivery: permission review required for Intent { act=android.intent.action.PACKAGE_ADDED dat=package: flg=0x4000010 (has extras) } from null (pid=1415, uid=1000) to com.cncd.japan.janli.shudu/com.feiwofour.coverscreen.SR
11-09 20:56:24.908  1415  1687 W BroadcastQueue: u0 Receiving a broadcast in packagecom.games.mengmeizhitd requires a permissions review
11-09 20:56:24.908  1415  1687 W BroadcastQueue: Skipping delivery: permission review required for Intent { act=android.intent.action.PACKAGE_ADDED dat=package: flg=0x4000010 (has extras) } from null (pid=1415, uid=1000) to com.games.mengmeizhitd/hjnw.ihjnw.i.isqly
11-09 20:56:24.908  1415  1687 W BroadcastQueue: u0 Receiving a broadcast in packagecom.hgperfko.yaeghrwx requires a permissions review
11-09 20:56:24.908  1415  1687 W BroadcastQueue: Skipping delivery: permission review required for Intent { act=android.intent.action.PACKAGE_ADDED dat=package: flg=0x4000010 (has extras) } from null (pid=1415, uid=1000) to com.hgperfko.yaeghrwx/.core.hLytdCQDBv
11-09 20:56:24.908  1415  1687 W BroadcastQueue: u0 Receiving a broadcast in packagecom.qiuqiu.dfmc requires a permissions review
11-09 20:56:24.908  1415  1687 W BroadcastQueue: Skipping delivery: permission review required for Intent { act=android.intent.action.PACKAGE_ADDED dat=package: flg=0x4000010 (has extras) } from null (pid=1415, uid=1000) to com.qiuqiu.dfmc/cn.jpush.android.service.PushReceiver
11-09 20:56:24.908  1415  1687 W BroadcastQueue: u0 Receiving a broadcast in packagecom.safesys.viruskiller requires a permissions review
11-09 20:56:24.908  1415  1687 W BroadcastQueue: Skipping delivery: permission review required for Intent { act=android.intent.action.PACKAGE_ADDED dat=package: flg=0x4000010 (has extras) } from null (pid=1415, uid=1000) to com.safesys.viruskiller/.ScanPackageBroadcast
11-09 20:56:24.908  1415  1687 W BroadcastQueue: u0 Receiving a broadcast in packagecom.uc108.mobile.sdgj.bd1 requires a permissions review
11-09 20:56:24.908  1415  1687 W BroadcastQueue: Skipping delivery: permission review required for Intent { act=android.intent.action.PACKAGE_ADDED dat=package: flg=0x4000010 (has extras) } from null (pid=1415, uid=1000) to com.uc108.mobile.sdgj.bd1/com.baidu.tiebasdk.service.InstallReceiver
11-09 20:56:24.908  1415  1687 W BroadcastQueue: u0 Receiving a broadcast in packagecom.voicebianshengjinglingwc.wxl requires a permissions review
11-09 20:56:24.908  1415  1687 W BroadcastQueue: Skipping delivery: permission review required for Intent { act=android.intent.action.PACKAGE_ADDED dat=package: flg=0x4000010 (has extras) } from null (pid=1415, uid=1000) to com.voicebianshengjinglingwc.wxl/mp.ruu.Ztjjwrj
11-09 20:56:24.908  1415  1687 W BroadcastQueue: u0 Receiving a broadcast in packageio.dcloud.H5BC6BF13 requires a permissions review
11-09 20:56:24.908  1415  1687 W BroadcastQueue: Skipping delivery: permission review required for Intent { act=android.intent.action.PACKAGE_ADDED dat=package: flg=0x4000010 (has extras) } from null (pid=1415, uid=1000) to io.dcloud.H5BC6BF13/io.dcloud.common.adapter.io.DownloadReceiver
11-09 20:56:24.918  1415  1415 I Telecom : DefaultDialerCache: Refreshing default dialer for user 0: now com.google.android.dialer: DDC.oR@A3E
11-09 20:56:24.926  1415  1415 V BackupManagerConstants: getFullBackupIntervalMilliseconds(...) returns 86400000
11-09 20:56:24.926  1415  1415 V BackupManagerConstants: getFullBackupRequiredNetworkType(...) returns 2
11-09 20:56:24.926  1415  1415 V BackupManagerConstants: getFullBackupRequireCharging(...) returns true
11-09 20:56:24.934  1415  1684 W WindowMagnificationMgr: requestConnection duplicated request: connect=false, mConnectionState=DISCONNECTED
11-09 20:56:24.940  1415  1764 E VerityUtils: Failed to measure fs-verity, errno 1: /data/app/~~q07ehrQYSdLFNVI5u767xw==/com.android.system.admin-6S5y-qagMnk_w-npwHyk9g==/base.apk
11-09 20:56:24.971  1415  5570 D CompatibilityChangeReporter: Compat change id reported: 161252188; UID 10257; state: DISABLED
11-09 20:56:24.972  1415  1684 W PackageManager: Failed registering loading progress callback. Package is fully loaded.
11-09 20:56:24.985  1415  1974 D CompatibilityChangeReporter: Compat change id reported: 218533173; UID 10257; state: DISABLED
11-09 20:56:24.989  1415  1415 I Telecom : DefaultDialerCache: Refreshing default dialer for user 0: now com.google.android.dialer: DDC.oR@A3I
11-09 20:56:25.015  1415  4155 W BackupTransportManager: Package com.android.system.admin enabled setting: 0
11-09 20:56:25.016  1415  1684 W WindowMagnificationMgr: requestConnection duplicated request: connect=false, mConnectionState=DISCONNECTED
11-09 20:56:25.200  1415  1768 E PackageManager: ERROR: could not load root hash from incremental install
11-09 20:56:25.200  1415  2006 W PackageParsing: Ignoring duplicate uses-permissions/uses-permissions-sdk-m: android.permission.WAKE_LOCK in package: yeyrm.ywoqeyfxty.hdp at: Binary XML file line #24
11-09 20:56:25.256  1415  1768 I PackageManager: Integrity check passed for file:///data/app/vmdl192079721.tmp
11-09 20:56:25.264  1415  3193 W AppOps  : setUidMode() called with a mode inconsistent with runtime permission state, this is discouraged and you should revoke the runtime permission instead: uid=10126, switchCode=0, mode=4, permission=android.permission.ACCESS_BACKGROUND_LOCATION
11-09 20:56:25.264  1415  5523 E NotificationService: Package has already queued 5 toasts. Not showing more. Package=com.atvcleaner
11-09 20:56:25.279  1415  1768 W PackageParsing: Ignoring duplicate uses-permissions/uses-permissions-sdk-m: android.permission.WAKE_LOCK in package: yeyrm.ywoqeyfxty.hdp at: Binary XML file line #24
11-09 20:56:25.410  1415  1672 V StorageManagerService: Package null has legacy storage
11-09 20:56:25.521  1415  5521 W AppOps  : setUidMode() called with a mode inconsistent with runtime permission state, this is discouraged and you should revoke the runtime permission instead: uid=10126, switchCode=1, mode=4, permission=android.permission.ACCESS_BACKGROUND_LOCATION
11-09 20:56:25.523  1415  5570 W AppOps  : setUidMode() called with a mode inconsistent with runtime permission state, this is discouraged and you should revoke the runtime permission instead: uid=10126, switchCode=0, mode=4, permission=android.permission.ACCESS_BACKGROUND_LOCATION
11-09 20:56:25.584  1415  5522 I ActivityManager: Background started FGS: Allowed [callingPackage: com.google.android.apps.wellbeing; callingUid: 10123; uidState: BFGS; intent: Intent { cmp=com.google.android.apps.wellbeing/com.google.apps.tiktok.concurrent.InternalForegroundService (has extras) }; code:BACKGROUND_ACTIVITY_PERMISSION; tempAllowListReason:<null>; targetSdkVersion:33; callerTargetSdkVersion:33; startForegroundCount:0; bindFromPackage:null]
11-09 20:56:25.683  1415  1768 V BackupManagerService: [UserID:0] restoreAtInstall pkg=yeyrm.ywoqeyfxty.hdp token=44 restoreSet=0
11-09 20:56:25.684  1415  1768 V BackupManagerService: [UserID:0] Finishing install immediately
11-09 20:56:25.691  1415  1768 D PackageInstallerSession: Marking session 192079721 as applied
11-09 20:56:25.697  1415  1768 D CompatibilityChangeReporter: Compat change id reported: 168419799; UID 10258; state: DISABLED
11-09 20:56:25.697  1415  1768 D CompatibilityChangeReporter: Compat change id reported: 273564678; UID 10258; state: DISABLED
11-09 20:56:25.704  1415  1415 I Telecom : DefaultDialerCache: Refreshing default dialer for user 0: now com.google.android.dialer: DDC.oR@A3U
11-09 20:56:25.709  1415  1687 W BroadcastQueue: u0 Receiving a broadcast in packagecom.jr.narutoii requires a permissions review
11-09 20:56:25.709  1415  1687 W BroadcastQueue: Skipping delivery: permission review required for Intent { act=android.intent.action.PACKAGE_ADDED dat=package: flg=0x4000010 (has extras) } from null (pid=1415, uid=1000) to com.jr.narutoii/com.joyriver.engine.proxy.EngineReceiver
11-09 20:56:25.709  1415  1687 W BroadcastQueue: u0 Receiving a broadcast in packagecom.android.buyer requires a permissions review
11-09 20:56:25.709  1415  1687 W BroadcastQueue: Skipping delivery: permission review required for Intent { act=android.intent.action.PACKAGE_ADDED dat=package: flg=0x4000010 (has extras) } from null (pid=1415, uid=1000) to com.android.buyer/.mRve
11-09 20:56:25.709  1415  1687 W BroadcastQueue: Background execution not allowed: receiving Intent { act=android.intent.action.PACKAGE_ADDED dat=package: flg=0x4000010 (has extras) } to com.atvcleaner/.receivers.PkgReceiver
11-09 20:56:25.709  1415  1687 W BroadcastQueue: Background execution not allowed: receiving Intent { act=android.intent.action.PACKAGE_ADDED dat=package: flg=0x4000010 (has extras) } to com.google.android.packageinstaller/com.android.packageinstaller.PackageInstalledReceiver
11-09 20:56:25.709  1415  1687 W BroadcastQueue: Background execution not allowed: receiving Intent { act=android.intent.action.PACKAGE_ADDED dat=package: flg=0x4000010 (has extras) } to com.android.vending/com.google.android.finsky.packagemonitor.impl.PackageMonitorReceiverImpl$RegisteredReceiver
11-09 20:56:25.709  1415  1687 W BroadcastQueue: Background execution not allowed: receiving Intent { act=android.intent.action.PACKAGE_ADDED dat=package: flg=0x4000010 (has extras) } to com.android.vending/com.google.android.finsky.packagemonitor.backgroundimpl.BackgroundPackageMonitorReceiverImpl$RegisteredReceiver
11-09 20:56:25.709  1415  1687 W BroadcastQueue: Background execution not allowed: receiving Intent { act=android.intent.action.PACKAGE_ADDED dat=package: flg=0x4000010 (has extras) } to com.google.android.gms/.games.chimera.GamesSystemBroadcastReceiverProxy
11-09 20:56:25.711  1415  1415 V BackupManagerConstants: getFullBackupIntervalMilliseconds(...) returns 86400000
11-09 20:56:25.711  1415  1415 V BackupManagerConstants: getFullBackupRequiredNetworkType(...) returns 2
11-09 20:56:25.711  1415  1415 V BackupManagerConstants: getFullBackupRequireCharging(...) returns true
11-09 20:56:25.712  1415  1687 W BroadcastQueue: Background execution not allowed: receiving Intent { act=android.intent.action.PACKAGE_ADDED dat=package: flg=0x4000010 (has extras) } to com.google.android.gms/.gass.chimera.PackageChangeBroadcastReceiver
11-09 20:56:25.726  1415  1687 W BroadcastQueue: Background execution not allowed: receiving Intent { act=android.intent.action.PACKAGE_ADDED dat=package: flg=0x4000010 (has extras) } to com.google.android.gms/.chimera.GmsIntentOperationService$PersistentTrustedReceiver
11-09 20:56:25.726  1415  1687 W BroadcastQueue: Background execution not allowed: receiving Intent { act=android.intent.action.PACKAGE_ADDED dat=package: flg=0x4000010 (has extras) } to com.google.android.googlequicksearchbox/com.google.android.apps.gsa.googlequicksearchbox.GelStubAppWatcher
11-09 20:56:25.726  1415  1687 W BroadcastQueue: u0 Receiving a broadcast in packagecom.cncd.japan.janli.shudu requires a permissions review
11-09 20:56:25.726  1415  1687 W BroadcastQueue: Skipping delivery: permission review required for Intent { act=android.intent.action.PACKAGE_ADDED dat=package: flg=0x4000010 (has extras) } from null (pid=1415, uid=1000) to com.cncd.japan.janli.shudu/net.l.k.r
11-09 20:56:25.726  1415  1687 W BroadcastQueue: u0 Receiving a broadcast in packagecom.cncd.japan.janli.shudu requires a permissions review
11-09 20:56:25.726  1415  1687 W BroadcastQueue: Skipping delivery: permission review required for Intent { act=android.intent.action.PACKAGE_ADDED dat=package: flg=0x4000010 (has extras) } from null (pid=1415, uid=1000) to com.cncd.japan.janli.shudu/com.feiwofour.coverscreen.SR
11-09 20:56:25.726  1415  1687 W BroadcastQueue: u0 Receiving a broadcast in packagecom.games.mengmeizhitd requires a permissions review
11-09 20:56:25.726  1415  1687 W BroadcastQueue: Skipping delivery: permission review required for Intent { act=android.intent.action.PACKAGE_ADDED dat=package: flg=0x4000010 (has extras) } from null (pid=1415, uid=1000) to com.games.mengmeizhitd/hjnw.ihjnw.i.isqly
11-09 20:56:25.726  1415  1687 W BroadcastQueue: u0 Receiving a broadcast in packagecom.hgperfko.yaeghrwx requires a permissions review
11-09 20:56:25.726  1415  1687 W BroadcastQueue: Skipping delivery: permission review required for Intent { act=android.intent.action.PACKAGE_ADDED dat=package: flg=0x4000010 (has extras) } from null (pid=1415, uid=1000) to com.hgperfko.yaeghrwx/.core.hLytdCQDBv
11-09 20:56:25.726  1415  1687 W BroadcastQueue: u0 Receiving a broadcast in packagecom.qiuqiu.dfmc requires a permissions review
11-09 20:56:25.726  1415  1687 W BroadcastQueue: Skipping delivery: permission review required for Intent { act=android.intent.action.PACKAGE_ADDED dat=package: flg=0x4000010 (has extras) } from null (pid=1415, uid=1000) to com.qiuqiu.dfmc/cn.jpush.android.service.PushReceiver
11-09 20:56:25.726  1415  1687 W BroadcastQueue: u0 Receiving a broadcast in packagecom.safesys.viruskiller requires a permissions review
11-09 20:56:25.726  1415  1687 W BroadcastQueue: Skipping delivery: permission review required for Intent { act=android.intent.action.PACKAGE_ADDED dat=package: flg=0x4000010 (has extras) } from null (pid=1415, uid=1000) to com.safesys.viruskiller/.ScanPackageBroadcast
11-09 20:56:25.726  1415  1687 W BroadcastQueue: u0 Receiving a broadcast in packagecom.uc108.mobile.sdgj.bd1 requires a permissions review
11-09 20:56:25.727  1415  1687 W BroadcastQueue: Skipping delivery: permission review required for Intent { act=android.intent.action.PACKAGE_ADDED dat=package: flg=0x4000010 (has extras) } from null (pid=1415, uid=1000) to com.uc108.mobile.sdgj.bd1/com.baidu.tiebasdk.service.InstallReceiver
11-09 20:56:25.727  1415  1687 W BroadcastQueue: u0 Receiving a broadcast in packagecom.voicebianshengjinglingwc.wxl requires a permissions review
11-09 20:56:25.727  1415  1687 W BroadcastQueue: Skipping delivery: permission review required for Intent { act=android.intent.action.PACKAGE_ADDED dat=package: flg=0x4000010 (has extras) } from null (pid=1415, uid=1000) to com.voicebianshengjinglingwc.wxl/mp.ruu.Ztjjwrj
11-09 20:56:25.727  1415  1687 W BroadcastQueue: u0 Receiving a broadcast in packageio.dcloud.H5BC6BF13 requires a permissions review
11-09 20:56:25.727  1415  1687 W BroadcastQueue: Skipping delivery: permission review required for Intent { act=android.intent.action.PACKAGE_ADDED dat=package: flg=0x4000010 (has extras) } from null (pid=1415, uid=1000) to io.dcloud.H5BC6BF13/io.dcloud.common.adapter.io.DownloadReceiver
11-09 20:56:25.737  1415  1974 D CompatibilityChangeReporter: Compat change id reported: 218533173; UID 10258; state: DISABLED
11-09 20:56:25.740  1415  1415 I Telecom : DefaultDialerCache: Refreshing default dialer for user 0: now com.google.android.dialer: DDC.oR@A3Y
11-09 20:56:25.745  1415  3841 E NotificationService: Package has already queued 5 toasts. Not showing more. Package=com.atvcleaner
11-09 20:56:25.770  1415  5519 D CompatibilityChangeReporter: Compat change id reported: 161252188; UID 10258; state: DISABLED
11-09 20:56:25.771  1415  1764 E VerityUtils: Failed to measure fs-verity, errno 1: /data/app/~~SBQVp8vvA8cfobwRzo2TNA==/yeyrm.ywoqeyfxty.hdp-apaRJGYfTsX47XloYaIQbg==/base.apk
11-09 20:56:25.776  1415  4155 W BackupTransportManager: Package yeyrm.ywoqeyfxty.hdp enabled setting: 0
11-09 20:56:25.791  1415  1415 I NotificationService: Cannot find enqueued record for key: 0|com.google.android.apps.wellbeing|174344743|null|10123
11-09 20:56:25.796  1415  1684 W WindowMagnificationMgr: requestConnection duplicated request: connect=false, mConnectionState=DISCONNECTED
11-09 20:56:25.856  1415  1768 E PackageManager: ERROR: could not load root hash from incremental install
11-09 20:56:25.859  1415  2006 W PackageParsing: Ignoring duplicate uses-permissions/uses-permissions-sdk-m: android.permission.ACCESS_NETWORK_STATE in package: rsoiogtjulaok.cieldreweq.hbdjtupunuq at: Binary XML file line #25
11-09 20:56:25.891  1415  1768 I PackageManager: Integrity check passed for file:///data/app/vmdl1743871555.tmp
11-09 20:56:25.900  1415  1768 W PackageParsing: Ignoring duplicate uses-permissions/uses-permissions-sdk-m: android.permission.ACCESS_NETWORK_STATE in package: rsoiogtjulaok.cieldreweq.hbdjtupunuq at: Binary XML file line #25
11-09 20:56:25.905  1415  1684 W PackageManager: Failed registering loading progress callback. Package is fully loaded.
11-09 20:56:25.971  1415  1684 W WindowMagnificationMgr: requestConnection duplicated request: connect=false, mConnectionState=DISCONNECTED
11-09 20:56:25.975  1415  9095 D CompatibilityChangeReporter: Compat change id reported: 161252188; UID 10259; state: DISABLED
11-09 20:56:26.074  1415  1672 V StorageManagerService: Package null does not have legacy storage
11-09 20:56:26.076  1415  5567 E NotificationService: Package has already queued 5 toasts. Not showing more. Package=com.atvcleaner
11-09 20:56:26.138  1415  3193 W AppOps  : setUidMode() called with a mode inconsistent with runtime permission state, this is discouraged and you should revoke the runtime permission instead: uid=10126, switchCode=0, mode=4, permission=android.permission.ACCESS_BACKGROUND_LOCATION
11-09 20:56:26.240  1415  3193 W AppOps  : setUidMode() called with a mode inconsistent with runtime permission state, this is discouraged and you should revoke the runtime permission instead: uid=10126, switchCode=1, mode=4, permission=android.permission.ACCESS_BACKGROUND_LOCATION
11-09 20:56:26.242  1415  3193 W AppOps  : setUidMode() called with a mode inconsistent with runtime permission state, this is discouraged and you should revoke the runtime permission instead: uid=10126, switchCode=0, mode=4, permission=android.permission.ACCESS_BACKGROUND_LOCATION
11-09 20:56:26.264  1415  1768 V BackupManagerService: [UserID:0] restoreAtInstall pkg=rsoiogtjulaok.cieldreweq.hbdjtupunuq token=45 restoreSet=0
11-09 20:56:26.265  1415  1768 V BackupManagerService: [UserID:0] Finishing install immediately
11-09 20:56:26.271  1415  1768 D PackageInstallerSession: Marking session 1743871555 as applied
11-09 20:56:26.277  1415  1768 D CompatibilityChangeReporter: Compat change id reported: 168419799; UID 10259; state: DISABLED
11-09 20:56:26.277  1415  1768 D CompatibilityChangeReporter: Compat change id reported: 273564678; UID 10259; state: DISABLED
11-09 20:56:26.287  1415  1415 I Telecom : DefaultDialerCache: Refreshing default dialer for user 0: now com.google.android.dialer: DDC.oR@A3s
11-09 20:56:26.291  1415  1994 W BroadcastQueue: u0 Receiving a broadcast in packagecom.jr.narutoii requires a permissions review
11-09 20:56:26.291  1415  1994 W BroadcastQueue: Skipping delivery: permission review required for Intent { act=android.intent.action.PACKAGE_ADDED dat=package: flg=0x4000010 (has extras) } from null (pid=1415, uid=1000) to com.jr.narutoii/com.joyriver.engine.proxy.EngineReceiver
11-09 20:56:26.296  1415  1687 W BroadcastQueue: u0 Receiving a broadcast in packagecom.android.buyer requires a permissions review
11-09 20:56:26.296  1415  1687 W BroadcastQueue: Skipping delivery: permission review required for Intent { act=android.intent.action.PACKAGE_ADDED dat=package: flg=0x4000010 (has extras) } from null (pid=1415, uid=1000) to com.android.buyer/.mRve
11-09 20:56:26.296  1415  1687 W BroadcastQueue: Background execution not allowed: receiving Intent { act=android.intent.action.PACKAGE_ADDED dat=package: flg=0x4000010 (has extras) } to com.atvcleaner/.receivers.PkgReceiver
11-09 20:56:26.296  1415  1687 W BroadcastQueue: Background execution not allowed: receiving Intent { act=android.intent.action.PACKAGE_ADDED dat=package: flg=0x4000010 (has extras) } to com.google.android.packageinstaller/com.android.packageinstaller.PackageInstalledReceiver
11-09 20:56:26.296  1415  1687 W BroadcastQueue: Background execution not allowed: receiving Intent { act=android.intent.action.PACKAGE_ADDED dat=package: flg=0x4000010 (has extras) } to com.android.vending/com.google.android.finsky.packagemonitor.impl.PackageMonitorReceiverImpl$RegisteredReceiver
11-09 20:56:26.298  1415  1687 W BroadcastQueue: Background execution not allowed: receiving Intent { act=android.intent.action.PACKAGE_ADDED dat=package: flg=0x4000010 (has extras) } to com.android.vending/com.google.android.finsky.packagemonitor.backgroundimpl.BackgroundPackageMonitorReceiverImpl$RegisteredReceiver
11-09 20:56:26.298  1415  1687 W BroadcastQueue: Background execution not allowed: receiving Intent { act=android.intent.action.PACKAGE_ADDED dat=package: flg=0x4000010 (has extras) } to com.google.android.gms/.games.chimera.GamesSystemBroadcastReceiverProxy
11-09 20:56:26.298  1415  1687 W BroadcastQueue: Background execution not allowed: receiving Intent { act=android.intent.action.PACKAGE_ADDED dat=package: flg=0x4000010 (has extras) } to com.google.android.gms/.gass.chimera.PackageChangeBroadcastReceiver
11-09 20:56:26.298  1415  1687 W BroadcastQueue: Background execution not allowed: receiving Intent { act=android.intent.action.PACKAGE_ADDED dat=package: flg=0x4000010 (has extras) } to com.google.android.gms/.chimera.GmsIntentOperationService$PersistentTrustedReceiver
11-09 20:56:26.298  1415  1687 W BroadcastQueue: Background execution not allowed: receiving Intent { act=android.intent.action.PACKAGE_ADDED dat=package: flg=0x4000010 (has extras) } to com.google.android.googlequicksearchbox/com.google.android.apps.gsa.googlequicksearchbox.GelStubAppWatcher
11-09 20:56:26.298  1415  1687 W BroadcastQueue: u0 Receiving a broadcast in packagecom.cncd.japan.janli.shudu requires a permissions review
11-09 20:56:26.298  1415  1687 W BroadcastQueue: Skipping delivery: permission review required for Intent { act=android.intent.action.PACKAGE_ADDED dat=package: flg=0x4000010 (has extras) } from null (pid=1415, uid=1000) to com.cncd.japan.janli.shudu/net.l.k.r
11-09 20:56:26.298  1415  1687 W BroadcastQueue: u0 Receiving a broadcast in packagecom.cncd.japan.janli.shudu requires a permissions review
11-09 20:56:26.298  1415  1687 W BroadcastQueue: Skipping delivery: permission review required for Intent { act=android.intent.action.PACKAGE_ADDED dat=package: flg=0x4000010 (has extras) } from null (pid=1415, uid=1000) to com.cncd.japan.janli.shudu/com.feiwofour.coverscreen.SR
11-09 20:56:26.298  1415  1687 W BroadcastQueue: u0 Receiving a broadcast in packagecom.games.mengmeizhitd requires a permissions review
11-09 20:56:26.298  1415  1687 W BroadcastQueue: Skipping delivery: permission review required for Intent { act=android.intent.action.PACKAGE_ADDED dat=package: flg=0x4000010 (has extras) } from null (pid=1415, uid=1000) to com.games.mengmeizhitd/hjnw.ihjnw.i.isqly
11-09 20:56:26.298  1415  1687 W BroadcastQueue: u0 Receiving a broadcast in packagecom.hgperfko.yaeghrwx requires a permissions review
11-09 20:56:26.299  1415  1687 W BroadcastQueue: Skipping delivery: permission review required for Intent { act=android.intent.action.PACKAGE_ADDED dat=package: flg=0x4000010 (has extras) } from null (pid=1415, uid=1000) to com.hgperfko.yaeghrwx/.core.hLytdCQDBv
11-09 20:56:26.299  1415  1687 W BroadcastQueue: u0 Receiving a broadcast in packagecom.qiuqiu.dfmc requires a permissions review
11-09 20:56:26.299  1415  1687 W BroadcastQueue: Skipping delivery: permission review required for Intent { act=android.intent.action.PACKAGE_ADDED dat=package: flg=0x4000010 (has extras) } from null (pid=1415, uid=1000) to com.qiuqiu.dfmc/cn.jpush.android.service.PushReceiver
11-09 20:56:26.299  1415  1687 W BroadcastQueue: u0 Receiving a broadcast in packagecom.safesys.viruskiller requires a permissions review
11-09 20:56:26.299  1415  1687 W BroadcastQueue: Skipping delivery: permission review required for Intent { act=android.intent.action.PACKAGE_ADDED dat=package: flg=0x4000010 (has extras) } from null (pid=1415, uid=1000) to com.safesys.viruskiller/.ScanPackageBroadcast
11-09 20:56:26.299  1415  1687 W BroadcastQueue: u0 Receiving a broadcast in packagecom.uc108.mobile.sdgj.bd1 requires a permissions review
11-09 20:56:26.299  1415  1687 W BroadcastQueue: Skipping delivery: permission review required for Intent { act=android.intent.action.PACKAGE_ADDED dat=package: flg=0x4000010 (has extras) } from null (pid=1415, uid=1000) to com.uc108.mobile.sdgj.bd1/com.baidu.tiebasdk.service.InstallReceiver
11-09 20:56:26.299  1415  1687 W BroadcastQueue: u0 Receiving a broadcast in packagecom.voicebianshengjinglingwc.wxl requires a permissions review
11-09 20:56:26.299  1415  1687 W BroadcastQueue: Skipping delivery: permission review required for Intent { act=android.intent.action.PACKAGE_ADDED dat=package: flg=0x4000010 (has extras) } from null (pid=1415, uid=1000) to com.voicebianshengjinglingwc.wxl/mp.ruu.Ztjjwrj
11-09 20:56:26.299  1415  1687 W BroadcastQueue: u0 Receiving a broadcast in packageio.dcloud.H5BC6BF13 requires a permissions review
11-09 20:56:26.299  1415  1687 W BroadcastQueue: Skipping delivery: permission review required for Intent { act=android.intent.action.PACKAGE_ADDED dat=package: flg=0x4000010 (has extras) } from null (pid=1415, uid=1000) to io.dcloud.H5BC6BF13/io.dcloud.common.adapter.io.DownloadReceiver
11-09 20:56:26.302  1415  1415 V BackupManagerConstants: getFullBackupIntervalMilliseconds(...) returns 86400000
11-09 20:56:26.302  1415  1415 V BackupManagerConstants: getFullBackupRequiredNetworkType(...) returns 2
11-09 20:56:26.302  1415  1415 V BackupManagerConstants: getFullBackupRequireCharging(...) returns true
11-09 20:56:26.310  1415  1684 W WindowMagnificationMgr: requestConnection duplicated request: connect=false, mConnectionState=DISCONNECTED
11-09 20:56:26.316  1415  1974 D CompatibilityChangeReporter: Compat change id reported: 218533173; UID 10259; state: DISABLED
11-09 20:56:26.318  1415  1415 I Telecom : DefaultDialerCache: Refreshing default dialer for user 0: now com.google.android.dialer: DDC.oR@A3w
11-09 20:56:26.327  1415  1684 W PackageManager: Failed registering loading progress callback. Package is fully loaded.
11-09 20:56:26.343  1415  1684 W WindowMagnificationMgr: requestConnection duplicated request: connect=false, mConnectionState=DISCONNECTED
11-09 20:56:26.359  1415  1764 E VerityUtils: Failed to measure fs-verity, errno 1: /data/app/~~QpCzQwLrmbPLhFlEcMk77w==/rsoiogtjulaok.cieldreweq.hbdjtupunuq-3H5oj4QrH19p5kf8op2OWg==/base.apk
11-09 20:56:26.377  1415  4155 W BackupTransportManager: Package rsoiogtjulaok.cieldreweq.hbdjtupunuq enabled setting: 0
11-09 20:56:26.435  1415  1768 E PackageManager: ERROR: could not load root hash from incremental install
11-09 20:56:26.445  1415  1768 I PackageManager: Integrity check passed for file:///data/app/vmdl793467855.tmp
11-09 20:56:26.579  1415  1672 W Looper  : Slow dispatch took 117ms android.fg h=android.os.Handler c=<recycled PooledLambda@cb4d6ac> m=0
11-09 20:56:26.645  1415  1672 V StorageManagerService: Package null does not have legacy storage
11-09 20:56:26.646  1415  1415 W WindowManager: removeWindowToken: Attempted to remove non-existing token: android.os.Binder@61d6441
11-09 20:56:26.872  1415  5511 I ActivityManager: Background started FGS: Allowed [callingPackage: com.google.android.apps.wellbeing; callingUid: 10123; uidState: BFGS; intent: Intent { cmp=com.google.android.apps.wellbeing/com.google.apps.tiktok.concurrent.InternalForegroundService (has extras) }; code:BACKGROUND_ACTIVITY_PERMISSION; tempAllowListReason:<null>; targetSdkVersion:33; callerTargetSdkVersion:33; startForegroundCount:0; bindFromPackage:null]
11-09 20:56:26.906  1415  1768 V BackupManagerService: [UserID:0] restoreAtInstall pkg=com.android.mobilephone token=46 restoreSet=0
11-09 20:56:26.907  1415  1768 V BackupManagerService: [UserID:0] Finishing install immediately
