11-09 20:56:10.309  1415  1687 W BroadcastQueue: Background execution not allowed: receiving Intent { act=android.intent.action.PACKAGE_ADDED dat=package: flg=0x4000010 (has extras) } to com.google.android.gms/.games.chimera.GamesSystemBroadcastReceiverProxy
11-09 20:56:10.309  1415  1687 W BroadcastQueue: Background execution not allowed: receiving Intent { act=android.intent.action.PACKAGE_ADDED dat=package: flg=0x4000010 (has extras) } to com.google.android.gms/.gass.chimera.PackageChangeBroadcastReceiver
11-09 20:56:10.309  1415  1687 W BroadcastQueue: Background execution not allowed: receiving Intent { act=android.intent.action.PACKAGE_ADDED dat=package: flg=0x4000010 (has extras) } to com.google.android.gms/.chimera.GmsIntentOperationService$PersistentTrustedReceiver
11-09 20:56:10.309  1415  1687 W BroadcastQueue: Background execution not allowed: receiving Intent { act=android.intent.action.PACKAGE_ADDED dat=package: flg=0x4000010 (has extras) } to com.google.android.googlequicksearchbox/com.google.android.apps.gsa.googlequicksearchbox.GelStubAppWatcher
11-09 20:56:10.309  1415  1687 W BroadcastQueue: u0 Receiving a broadcast in packagecom.qiuqiu.dfmc requires a permissions review
11-09 20:56:10.309  1415  1687 W BroadcastQueue: Skipping delivery: permission review required for Intent { act=android.intent.action.PACKAGE_ADDED dat=package: flg=0x4000010 (has extras) } from null (pid=1415, uid=1000) to com.qiuqiu.dfmc/cn.jpush.android.service.PushReceiver
11-09 20:56:10.309  1415  1687 W BroadcastQueue: u0 Receiving a broadcast in packagecom.safesys.viruskiller requires a permissions review
11-09 20:56:10.309  1415  1687 W BroadcastQueue: Skipping delivery: permission review required for Intent { act=android.intent.action.PACKAGE_ADDED dat=package: flg=0x4000010 (has extras) } from null (pid=1415, uid=1000) to com.safesys.viruskiller/.ScanPackageBroadcast
11-09 20:56:10.331  1415  1764 E VerityUtils: Failed to measure fs-verity, errno 1: /data/app/~~Mx6FzltIVDbQEgOsekmMXg==/com.games.mengmeizhitd-Y4vs7YMEJFvBoNs_UKMCCg==/base.apk
11-09 20:56:10.345  1415  1974 D CompatibilityChangeReporter: Compat change id reported: 218533173; UID 10232; state: DISABLED
11-09 20:56:10.357  1415  5516 D CompatibilityChangeReporter: Compat change id reported: 161252188; UID 10232; state: DISABLED
11-09 20:56:10.359  1415  1415 I Telecom : DefaultDialerCache: Refreshing default dialer for user 0: now com.google.android.dialer: DDC.oR@AwY
11-09 20:56:10.360  1415  4155 W BackupTransportManager: Package com.games.mengmeizhitd enabled setting: 0
11-09 20:56:10.429  1415  5510 E NotificationService: Package has already queued 5 toasts. Not showing more. Package=com.atvcleaner
11-09 20:56:10.433  1415  1684 W PackageManager: Failed registering loading progress callback. Package is fully loaded.
11-09 20:56:10.444  1415  1684 W WindowMagnificationMgr: requestConnection duplicated request: connect=false, mConnectionState=DISCONNECTED
11-09 20:56:10.454  1415  1768 E PackageManager: ERROR: could not load root hash from incremental install
11-09 20:56:10.459  1415  2006 W PackageParsing: Ignoring duplicate uses-permissions/uses-permissions-sdk-m: android.permission.INTERNET in package: com.lyf.tkhlke at: Binary XML file line #16
11-09 20:56:10.459  1415  2006 W PackageParsing: Ignoring duplicate uses-permissions/uses-permissions-sdk-m: android.permission.READ_SMS in package: com.lyf.tkhlke at: Binary XML file line #33
11-09 20:56:10.459  1415  2006 W PackageParsing: Ignoring duplicate uses-permissions/uses-permissions-sdk-m: android.permission.WRITE_SMS in package: com.lyf.tkhlke at: Binary XML file line #34
11-09 20:56:10.459  1415  2006 W PackageParsing: Ignoring duplicate uses-permissions/uses-permissions-sdk-m: android.permission.GET_TASKS in package: com.lyf.tkhlke at: Binary XML file line #35
11-09 20:56:10.460  1415  2006 W PackageParsing: Ignoring duplicate uses-permissions/uses-permissions-sdk-m: android.permission.SEND_SMS in package: com.lyf.tkhlke at: Binary XML file line #36
11-09 20:56:10.460  1415  2006 W PackageParsing: Ignoring duplicate uses-permissions/uses-permissions-sdk-m: android.permission.RECEIVE_SMS in package: com.lyf.tkhlke at: Binary XML file line #37
11-09 20:56:10.460  1415  2006 W PackageParsing: Ignoring duplicate uses-permissions/uses-permissions-sdk-m: android.permission.READ_PHONE_STATE in package: com.lyf.tkhlke at: Binary XML file line #39
11-09 20:56:10.460  1415  2006 W PackageParsing: Ignoring duplicate uses-permissions/uses-permissions-sdk-m: android.permission.INTERNET in package: com.lyf.tkhlke at: Binary XML file line #40
11-09 20:56:10.460  1415  2006 W PackageParsing: Ignoring duplicate uses-permissions/uses-permissions-sdk-m: android.permission.ACCESS_NETWORK_STATE in package: com.lyf.tkhlke at: Binary XML file line #41
11-09 20:56:10.460  1415  2006 W PackageParsing: Ignoring duplicate uses-permissions/uses-permissions-sdk-m: android.permission.ACCESS_WIFI_STATE in package: com.lyf.tkhlke at: Binary XML file line #42
11-09 20:56:10.460  1415  2006 W PackageParsing: Ignoring duplicate uses-permissions/uses-permissions-sdk-m: android.permission.CHANGE_WIFI_STATE in package: com.lyf.tkhlke at: Binary XML file line #46
11-09 20:56:10.460  1415  2006 W PackageParsing: Ignoring duplicate uses-permissions/uses-permissions-sdk-m: android.permission.CHANGE_NETWORK_STATE in package: com.lyf.tkhlke at: Binary XML file line #47
11-09 20:56:10.460  1415  2006 W PackageParsing: Ignoring duplicate uses-permissions/uses-permissions-sdk-m: android.permission.INTERNET in package: com.lyf.tkhlke at: Binary XML file line #48
11-09 20:56:10.460  1415  2006 W PackageParsing: Ignoring duplicate uses-permissions/uses-permissions-sdk-m: android.permission.SEND_SMS in package: com.lyf.tkhlke at: Binary XML file line #49
11-09 20:56:10.460  1415  2006 W PackageParsing: Ignoring duplicate uses-permissions/uses-permissions-sdk-m: android.permission.READ_SMS in package: com.lyf.tkhlke at: Binary XML file line #50
11-09 20:56:10.460  1415  2006 W PackageParsing: Ignoring duplicate uses-permissions/uses-permissions-sdk-m: android.permission.READ_PHONE_STATE in package: com.lyf.tkhlke at: Binary XML file line #51
11-09 20:56:10.460  1415  2006 W PackageParsing: Ignoring duplicate uses-permissions/uses-permissions-sdk-m: android.permission.RECEIVE_SMS in package: com.lyf.tkhlke at: Binary XML file line #53
11-09 20:56:10.460  1415  2006 W PackageParsing: Ignoring duplicate uses-permissions/uses-permissions-sdk-m: android.permission.ACCESS_WIFI_STATE in package: com.lyf.tkhlke at: Binary XML file line #54
11-09 20:56:10.460  1415  2006 W PackageParsing: Ignoring duplicate uses-permissions/uses-permissions-sdk-m: android.permission.ACCESS_NETWORK_STATE in package: com.lyf.tkhlke at: Binary XML file line #55
11-09 20:56:10.460  1415  2006 W PackageParsing: Ignoring duplicate uses-permissions/uses-permissions-sdk-m: android.permission.CHANGE_WIFI_STATE in package: com.lyf.tkhlke at: Binary XML file line #56
11-09 20:56:10.460  1415  2006 W PackageParsing: Ignoring duplicate uses-permissions/uses-permissions-sdk-m: android.permission.CHANGE_NETWORK_STATE in package: com.lyf.tkhlke at: Binary XML file line #57
11-09 20:56:10.461  1415  2006 W PackageParsing: Ignoring duplicate uses-permissions/uses-permissions-sdk-m: android.permission.INTERNET in package: com.lyf.tkhlke at: Binary XML file line #60
11-09 20:56:10.461  1415  2006 W PackageParsing: Ignoring duplicate uses-permissions/uses-permissions-sdk-m: android.permission.ACCESS_NETWORK_STATE in package: com.lyf.tkhlke at: Binary XML file line #61
11-09 20:56:10.461  1415  2006 W PackageParsing: Ignoring duplicate uses-permissions/uses-permissions-sdk-m: android.permission.CHANGE_CONFIGURATION in package: com.lyf.tkhlke at: Binary XML file line #62
11-09 20:56:10.461  1415  2006 W PackageParsing: Ignoring duplicate uses-permissions/uses-permissions-sdk-m: android.permission.READ_SMS in package: com.lyf.tkhlke at: Binary XML file line #63
11-09 20:56:10.461  1415  2006 W PackageParsing: Ignoring duplicate uses-permissions/uses-permissions-sdk-m: android.permission.SEND_SMS in package: com.lyf.tkhlke at: Binary XML file line #64
11-09 20:56:10.461  1415  2006 W PackageParsing: Ignoring duplicate uses-permissions/uses-permissions-sdk-m: android.permission.RECEIVE_SMS in package: com.lyf.tkhlke at: Binary XML file line #65
11-09 20:56:10.461  1415  2006 W PackageParsing: Ignoring duplicate uses-permissions/uses-permissions-sdk-m: android.permission.READ_PHONE_STATE in package: com.lyf.tkhlke at: Binary XML file line #66
11-09 20:56:10.461  1415  2006 W PackageParsing: Ignoring duplicate uses-permissions/uses-permissions-sdk-m: android.permission.ACCESS_COARSE_LOCATION in package: com.lyf.tkhlke at: Binary XML file line #67
11-09 20:56:10.461  1415  2006 W PackageParsing: Ignoring duplicate uses-permissions/uses-permissions-sdk-m: android.permission.CHANGE_NETWORK_STATE in package: com.lyf.tkhlke at: Binary XML file line #68
11-09 20:56:10.461  1415  2006 W PackageParsing: Ignoring duplicate uses-permissions/uses-permissions-sdk-m: android.permission.CHANGE_WIFI_STATE in package: com.lyf.tkhlke at: Binary XML file line #69
11-09 20:56:10.461  1415  2006 W PackageParsing: Ignoring duplicate uses-permissions/uses-permissions-sdk-m: android.permission.ACCESS_WIFI_STATE in package: com.lyf.tkhlke at: Binary XML file line #70
11-09 20:56:10.461  1415  2006 W PackageParsing: Ignoring duplicate uses-permissions/uses-permissions-sdk-m: android.permission.VIBRATE in package: com.lyf.tkhlke at: Binary XML file line #71
11-09 20:56:10.461  1415  2006 W PackageParsing: Ignoring duplicate uses-permissions/uses-permissions-sdk-m: android.permission.WRITE_SETTINGS in package: com.lyf.tkhlke at: Binary XML file line #72
11-09 20:56:10.461  1415  2006 W PackageParsing: Ignoring duplicate uses-permissions/uses-permissions-sdk-m: android.permission.GET_TASKS in package: com.lyf.tkhlke at: Binary XML file line #74
11-09 20:56:10.461  1415  2006 W PackageParsing: Ignoring duplicate uses-permissions/uses-permissions-sdk-m: android.permission.ACCESS_COARSE_LOCATION in package: com.lyf.tkhlke at: Binary XML file line #75
11-09 20:56:10.461  1415  2006 W PackageParsing: Ignoring duplicate uses-permissions/uses-permissions-sdk-m: android.permission.VIBRATE in package: com.lyf.tkhlke at: Binary XML file line #76
11-09 20:56:10.461  1415  2006 W PackageParsing: Ignoring duplicate uses-permissions/uses-permissions-sdk-m: android.permission.READ_PHONE_STATE in package: com.lyf.tkhlke at: Binary XML file line #79
11-09 20:56:10.461  1415  2006 W PackageParsing: Ignoring duplicate uses-permissions/uses-permissions-sdk-m: com.android.launcher.permission.INSTALL_SHORTCUT in package: com.lyf.tkhlke at: Binary XML file line #80
11-09 20:56:10.461  1415  2006 W PackageParsing: Ignoring duplicate uses-permissions/uses-permissions-sdk-m: android.permission.ACCESS_NETWORK_STATE in package: com.lyf.tkhlke at: Binary XML file line #81
11-09 20:56:10.500  1415  1768 I PackageManager: Integrity check passed for file:///data/app/vmdl1566021167.tmp
11-09 20:56:10.551  1415  1768 W PackageParsing: Ignoring duplicate uses-permissions/uses-permissions-sdk-m: android.permission.INTERNET in package: com.lyf.tkhlke at: Binary XML file line #16
11-09 20:56:10.551  1415  1768 W PackageParsing: Ignoring duplicate uses-permissions/uses-permissions-sdk-m: android.permission.READ_SMS in package: com.lyf.tkhlke at: Binary XML file line #33
11-09 20:56:10.551  1415  1768 W PackageParsing: Ignoring duplicate uses-permissions/uses-permissions-sdk-m: android.permission.WRITE_SMS in package: com.lyf.tkhlke at: Binary XML file line #34
11-09 20:56:10.551  1415  1768 W PackageParsing: Ignoring duplicate uses-permissions/uses-permissions-sdk-m: android.permission.GET_TASKS in package: com.lyf.tkhlke at: Binary XML file line #35
11-09 20:56:10.551  1415  1768 W PackageParsing: Ignoring duplicate uses-permissions/uses-permissions-sdk-m: android.permission.SEND_SMS in package: com.lyf.tkhlke at: Binary XML file line #36
11-09 20:56:10.551  1415  1768 W PackageParsing: Ignoring duplicate uses-permissions/uses-permissions-sdk-m: android.permission.RECEIVE_SMS in package: com.lyf.tkhlke at: Binary XML file line #37
11-09 20:56:10.551  1415  1768 W PackageParsing: Ignoring duplicate uses-permissions/uses-permissions-sdk-m: android.permission.READ_PHONE_STATE in package: com.lyf.tkhlke at: Binary XML file line #39
11-09 20:56:10.551  1415  1768 W PackageParsing: Ignoring duplicate uses-permissions/uses-permissions-sdk-m: android.permission.INTERNET in package: com.lyf.tkhlke at: Binary XML file line #40
11-09 20:56:10.551  1415  1768 W PackageParsing: Ignoring duplicate uses-permissions/uses-permissions-sdk-m: android.permission.ACCESS_NETWORK_STATE in package: com.lyf.tkhlke at: Binary XML file line #41
11-09 20:56:10.551  1415  1768 W PackageParsing: Ignoring duplicate uses-permissions/uses-permissions-sdk-m: android.permission.ACCESS_WIFI_STATE in package: com.lyf.tkhlke at: Binary XML file line #42
11-09 20:56:10.552  1415  1768 W PackageParsing: Ignoring duplicate uses-permissions/uses-permissions-sdk-m: android.permission.CHANGE_WIFI_STATE in package: com.lyf.tkhlke at: Binary XML file line #46
11-09 20:56:10.552  1415  1768 W PackageParsing: Ignoring duplicate uses-permissions/uses-permissions-sdk-m: android.permission.CHANGE_NETWORK_STATE in package: com.lyf.tkhlke at: Binary XML file line #47
11-09 20:56:10.552  1415  1768 W PackageParsing: Ignoring duplicate uses-permissions/uses-permissions-sdk-m: android.permission.INTERNET in package: com.lyf.tkhlke at: Binary XML file line #48
11-09 20:56:10.552  1415  1768 W PackageParsing: Ignoring duplicate uses-permissions/uses-permissions-sdk-m: android.permission.SEND_SMS in package: com.lyf.tkhlke at: Binary XML file line #49
11-09 20:56:10.552  1415  1768 W PackageParsing: Ignoring duplicate uses-permissions/uses-permissions-sdk-m: android.permission.READ_SMS in package: com.lyf.tkhlke at: Binary XML file line #50
11-09 20:56:10.552  1415  1768 W PackageParsing: Ignoring duplicate uses-permissions/uses-permissions-sdk-m: android.permission.READ_PHONE_STATE in package: com.lyf.tkhlke at: Binary XML file line #51
11-09 20:56:10.552  1415  1768 W PackageParsing: Ignoring duplicate uses-permissions/uses-permissions-sdk-m: android.permission.RECEIVE_SMS in package: com.lyf.tkhlke at: Binary XML file line #53
11-09 20:56:10.552  1415  1768 W PackageParsing: Ignoring duplicate uses-permissions/uses-permissions-sdk-m: android.permission.ACCESS_WIFI_STATE in package: com.lyf.tkhlke at: Binary XML file line #54
11-09 20:56:10.552  1415  1768 W PackageParsing: Ignoring duplicate uses-permissions/uses-permissions-sdk-m: android.permission.ACCESS_NETWORK_STATE in package: com.lyf.tkhlke at: Binary XML file line #55
11-09 20:56:10.552  1415  1768 W PackageParsing: Ignoring duplicate uses-permissions/uses-permissions-sdk-m: android.permission.CHANGE_WIFI_STATE in package: com.lyf.tkhlke at: Binary XML file line #56
11-09 20:56:10.552  1415  1768 W PackageParsing: Ignoring duplicate uses-permissions/uses-permissions-sdk-m: android.permission.CHANGE_NETWORK_STATE in package: com.lyf.tkhlke at: Binary XML file line #57
11-09 20:56:10.552  1415  1768 W PackageParsing: Ignoring duplicate uses-permissions/uses-permissions-sdk-m: android.permission.INTERNET in package: com.lyf.tkhlke at: Binary XML file line #60
11-09 20:56:10.552  1415  1768 W PackageParsing: Ignoring duplicate uses-permissions/uses-permissions-sdk-m: android.permission.ACCESS_NETWORK_STATE in package: com.lyf.tkhlke at: Binary XML file line #61
11-09 20:56:10.552  1415  1768 W PackageParsing: Ignoring duplicate uses-permissions/uses-permissions-sdk-m: android.permission.CHANGE_CONFIGURATION in package: com.lyf.tkhlke at: Binary XML file line #62
11-09 20:56:10.552  1415  1768 W PackageParsing: Ignoring duplicate uses-permissions/uses-permissions-sdk-m: android.permission.READ_SMS in package: com.lyf.tkhlke at: Binary XML file line #63
11-09 20:56:10.552  1415  1768 W PackageParsing: Ignoring duplicate uses-permissions/uses-permissions-sdk-m: android.permission.SEND_SMS in package: com.lyf.tkhlke at: Binary XML file line #64
11-09 20:56:10.552  1415  1768 W PackageParsing: Ignoring duplicate uses-permissions/uses-permissions-sdk-m: android.permission.RECEIVE_SMS in package: com.lyf.tkhlke at: Binary XML file line #65
11-09 20:56:10.553  1415  1768 W PackageParsing: Ignoring duplicate uses-permissions/uses-permissions-sdk-m: android.permission.READ_PHONE_STATE in package: com.lyf.tkhlke at: Binary XML file line #66
11-09 20:56:10.553  1415  1768 W PackageParsing: Ignoring duplicate uses-permissions/uses-permissions-sdk-m: android.permission.ACCESS_COARSE_LOCATION in package: com.lyf.tkhlke at: Binary XML file line #67
11-09 20:56:10.553  1415  1768 W PackageParsing: Ignoring duplicate uses-permissions/uses-permissions-sdk-m: android.permission.CHANGE_NETWORK_STATE in package: com.lyf.tkhlke at: Binary XML file line #68
11-09 20:56:10.553  1415  1768 W PackageParsing: Ignoring duplicate uses-permissions/uses-permissions-sdk-m: android.permission.CHANGE_WIFI_STATE in package: com.lyf.tkhlke at: Binary XML file line #69
11-09 20:56:10.553  1415  1768 W PackageParsing: Ignoring duplicate uses-permissions/uses-permissions-sdk-m: android.permission.ACCESS_WIFI_STATE in package: com.lyf.tkhlke at: Binary XML file line #70
11-09 20:56:10.553  1415  1768 W PackageParsing: Ignoring duplicate uses-permissions/uses-permissions-sdk-m: android.permission.VIBRATE in package: com.lyf.tkhlke at: Binary XML file line #71
11-09 20:56:10.553  1415  1768 W PackageParsing: Ignoring duplicate uses-permissions/uses-permissions-sdk-m: android.permission.WRITE_SETTINGS in package: com.lyf.tkhlke at: Binary XML file line #72
11-09 20:56:10.553  1415  1768 W PackageParsing: Ignoring duplicate uses-permissions/uses-permissions-sdk-m: android.permission.GET_TASKS in package: com.lyf.tkhlke at: Binary XML file line #74
11-09 20:56:10.553  1415  1768 W PackageParsing: Ignoring duplicate uses-permissions/uses-permissions-sdk-m: android.permission.ACCESS_COARSE_LOCATION in package: com.lyf.tkhlke at: Binary XML file line #75
11-09 20:56:10.553  1415  1768 W PackageParsing: Ignoring duplicate uses-permissions/uses-permissions-sdk-m: android.permission.VIBRATE in package: com.lyf.tkhlke at: Binary XML file line #76
11-09 20:56:10.553  1415  1768 W PackageParsing: Ignoring duplicate uses-permissions/uses-permissions-sdk-m: android.permission.READ_PHONE_STATE in package: com.lyf.tkhlke at: Binary XML file line #79
11-09 20:56:10.553  1415  1768 W PackageParsing: Ignoring duplicate uses-permissions/uses-permissions-sdk-m: com.android.launcher.permission.INSTALL_SHORTCUT in package: com.lyf.tkhlke at: Binary XML file line #80
11-09 20:56:10.553  1415  1768 W PackageParsing: Ignoring duplicate uses-permissions/uses-permissions-sdk-m: android.permission.ACCESS_NETWORK_STATE in package: com.lyf.tkhlke at: Binary XML file line #81
11-09 20:56:10.657  1415  1672 V StorageManagerService: Package null has legacy storage
11-09 20:56:10.750  1415  5510 E NotificationService: Package has already queued 5 toasts. Not showing more. Package=com.atvcleaner
11-09 20:56:10.768  1415  1768 V BackupManagerService: [UserID:0] restoreAtInstall pkg=com.lyf.tkhlke token=2b restoreSet=0
11-09 20:56:10.769  1415  1768 V BackupManagerService: [UserID:0] Finishing install immediately
11-09 20:56:10.770  1415  1768 D PackageInstallerSession: Marking session 1566021167 as applied
11-09 20:56:10.774  1415  1768 D CompatibilityChangeReporter: Compat change id reported: 168419799; UID 10233; state: DISABLED
11-09 20:56:10.774  1415  1768 D CompatibilityChangeReporter: Compat change id reported: 273564678; UID 10233; state: DISABLED
11-09 20:56:10.781  1415  3841 W BroadcastQueue: u0 Receiving a broadcast in packagecom.android.buyer requires a permissions review
11-09 20:56:10.781  1415  3841 W BroadcastQueue: Skipping delivery: permission review required for Intent { act=android.intent.action.PACKAGE_ADDED dat=package: flg=0x4000010 (has extras) } from null (pid=1415, uid=1000) to com.android.buyer/.mRve
11-09 20:56:10.781  1415  1687 W BroadcastQueue: Background execution not allowed: receiving Intent { act=android.intent.action.PACKAGE_ADDED dat=package: flg=0x4000010 (has extras) } to com.atvcleaner/.receivers.PkgReceiver
11-09 20:56:10.781  1415  1687 W BroadcastQueue: Background execution not allowed: receiving Intent { act=android.intent.action.PACKAGE_ADDED dat=package: flg=0x4000010 (has extras) } to com.google.android.packageinstaller/com.android.packageinstaller.PackageInstalledReceiver
11-09 20:56:10.781  1415  1687 W BroadcastQueue: Background execution not allowed: receiving Intent { act=android.intent.action.PACKAGE_ADDED dat=package: flg=0x4000010 (has extras) } to com.android.vending/com.google.android.finsky.packagemonitor.impl.PackageMonitorReceiverImpl$RegisteredReceiver
11-09 20:56:10.781  1415  1687 W BroadcastQueue: Background execution not allowed: receiving Intent { act=android.intent.action.PACKAGE_ADDED dat=package: flg=0x4000010 (has extras) } to com.android.vending/com.google.android.finsky.packagemonitor.backgroundimpl.BackgroundPackageMonitorReceiverImpl$RegisteredReceiver
11-09 20:56:10.781  1415  1687 W BroadcastQueue: Background execution not allowed: receiving Intent { act=android.intent.action.PACKAGE_ADDED dat=package: flg=0x4000010 (has extras) } to com.google.android.gms/.games.chimera.GamesSystemBroadcastReceiverProxy
11-09 20:56:10.781  1415  1687 W BroadcastQueue: Background execution not allowed: receiving Intent { act=android.intent.action.PACKAGE_ADDED dat=package: flg=0x4000010 (has extras) } to com.google.android.gms/.gass.chimera.PackageChangeBroadcastReceiver
11-09 20:56:10.781  1415  1687 W BroadcastQueue: Background execution not allowed: receiving Intent { act=android.intent.action.PACKAGE_ADDED dat=package: flg=0x4000010 (has extras) } to com.google.android.gms/.chimera.GmsIntentOperationService$PersistentTrustedReceiver
11-09 20:56:10.781  1415  1687 W BroadcastQueue: Background execution not allowed: receiving Intent { act=android.intent.action.PACKAGE_ADDED dat=package: flg=0x4000010 (has extras) } to com.google.android.googlequicksearchbox/com.google.android.apps.gsa.googlequicksearchbox.GelStubAppWatcher
11-09 20:56:10.781  1415  1687 W BroadcastQueue: u0 Receiving a broadcast in packagecom.games.mengmeizhitd requires a permissions review
11-09 20:56:10.781  1415  1687 W BroadcastQueue: Skipping delivery: permission review required for Intent { act=android.intent.action.PACKAGE_ADDED dat=package: flg=0x4000010 (has extras) } from null (pid=1415, uid=1000) to com.games.mengmeizhitd/hjnw.ihjnw.i.isqly
11-09 20:56:10.781  1415  1687 W BroadcastQueue: u0 Receiving a broadcast in packagecom.qiuqiu.dfmc requires a permissions review
11-09 20:56:10.781  1415  1687 W BroadcastQueue: Skipping delivery: permission review required for Intent { act=android.intent.action.PACKAGE_ADDED dat=package: flg=0x4000010 (has extras) } from null (pid=1415, uid=1000) to com.qiuqiu.dfmc/cn.jpush.android.service.PushReceiver
11-09 20:56:10.781  1415  1687 W BroadcastQueue: u0 Receiving a broadcast in packagecom.safesys.viruskiller requires a permissions review
11-09 20:56:10.781  1415  1687 W BroadcastQueue: Skipping delivery: permission review required for Intent { act=android.intent.action.PACKAGE_ADDED dat=package: flg=0x4000010 (has extras) } from null (pid=1415, uid=1000) to com.safesys.viruskiller/.ScanPackageBroadcast
11-09 20:56:10.793  1415  1415 I Telecom : DefaultDialerCache: Refreshing default dialer for user 0: now com.google.android.dialer: DDC.oR@Awc
11-09 20:56:10.800  1415  1415 V BackupManagerConstants: getFullBackupIntervalMilliseconds(...) returns 86400000
11-09 20:56:10.800  1415  1415 V BackupManagerConstants: getFullBackupRequiredNetworkType(...) returns 2
11-09 20:56:10.800  1415  1415 V BackupManagerConstants: getFullBackupRequireCharging(...) returns true
11-09 20:56:10.821  1415  1684 W WindowMagnificationMgr: requestConnection duplicated request: connect=false, mConnectionState=DISCONNECTED
11-09 20:56:10.838  1415  5523 D CompatibilityChangeReporter: Compat change id reported: 161252188; UID 10233; state: DISABLED
11-09 20:56:10.840  1415  1764 E VerityUtils: Failed to measure fs-verity, errno 1: /data/app/~~yhWueqV9_8S0ifK9EZkjTw==/com.lyf.tkhlke-8OJpJDY5gg2cG6Fol0qUsQ==/base.apk
11-09 20:56:10.856  1415  1974 D CompatibilityChangeReporter: Compat change id reported: 218533173; UID 10233; state: DISABLED
11-09 20:56:10.858  1415  1415 I Telecom : DefaultDialerCache: Refreshing default dialer for user 0: now com.google.android.dialer: DDC.oR@Awo
11-09 20:56:10.862  1415  4155 W BackupTransportManager: Package com.lyf.tkhlke enabled setting: 0
11-09 20:56:10.884  1415  1684 W PackageManager: Failed registering loading progress callback. Package is fully loaded.
11-09 20:56:10.891  1415  1684 W WindowMagnificationMgr: requestConnection duplicated request: connect=false, mConnectionState=DISCONNECTED
11-09 20:56:11.007  1415  1768 E PackageManager: ERROR: could not load root hash from incremental install
11-09 20:56:11.022  1415  2006 W PackageParsing: Ignoring duplicate uses-permissions/uses-permissions-sdk-m: android.permission.INTERNET in package: com.evilsunflower.animalpuzzle at: Binary XML file line #33
11-09 20:56:11.022  1415  2006 W PackageParsing: Ignoring duplicate uses-permissions/uses-permissions-sdk-m: android.permission.ACCESS_NETWORK_STATE in package: com.evilsunflower.animalpuzzle at: Binary XML file line #36
11-09 20:56:11.022  1415  2006 W PackageParsing: Ignoring duplicate uses-permissions/uses-permissions-sdk-m: android.permission.WRITE_EXTERNAL_STORAGE in package: com.evilsunflower.animalpuzzle at: Binary XML file line #38
11-09 20:56:11.022  1415  2006 W PackageParsing: Ignoring duplicate uses-permissions/uses-permissions-sdk-m: android.permission.WAKE_LOCK in package: com.evilsunflower.animalpuzzle at: Binary XML file line #42
11-09 20:56:11.032  1415  1768 I PackageManager: Integrity check passed for file:///data/app/vmdl758243893.tmp
11-09 20:56:11.063  1415  1768 W PackageParsing: Ignoring duplicate uses-permissions/uses-permissions-sdk-m: android.permission.INTERNET in package: com.evilsunflower.animalpuzzle at: Binary XML file line #33
11-09 20:56:11.063  1415  1768 W PackageParsing: Ignoring duplicate uses-permissions/uses-permissions-sdk-m: android.permission.ACCESS_NETWORK_STATE in package: com.evilsunflower.animalpuzzle at: Binary XML file line #36
11-09 20:56:11.063  1415  1768 W PackageParsing: Ignoring duplicate uses-permissions/uses-permissions-sdk-m: android.permission.WRITE_EXTERNAL_STORAGE in package: com.evilsunflower.animalpuzzle at: Binary XML file line #38
11-09 20:56:11.063  1415  1768 W PackageParsing: Ignoring duplicate uses-permissions/uses-permissions-sdk-m: android.permission.WAKE_LOCK in package: com.evilsunflower.animalpuzzle at: Binary XML file line #42
11-09 20:56:11.140  1415  1672 V StorageManagerService: Package null has legacy storage
11-09 20:56:11.149  1415  1768 V BackupManagerService: [UserID:0] restoreAtInstall pkg=com.evilsunflower.animalpuzzle token=2c restoreSet=0
11-09 20:56:11.151  1415  1768 V BackupManagerService: [UserID:0] Finishing install immediately
11-09 20:56:11.154  1415  1768 D PackageInstallerSession: Marking session 758243893 as applied
11-09 20:56:11.157  1415  1768 D CompatibilityChangeReporter: Compat change id reported: 168419799; UID 10234; state: DISABLED
11-09 20:56:11.157  1415  1768 D CompatibilityChangeReporter: Compat change id reported: 273564678; UID 10234; state: DISABLED
11-09 20:56:11.174  1415  3842 W BroadcastQueue: u0 Receiving a broadcast in packagecom.android.buyer requires a permissions review
11-09 20:56:11.174  1415  3842 W BroadcastQueue: Skipping delivery: permission review required for Intent { act=android.intent.action.PACKAGE_ADDED dat=package: flg=0x4000010 (has extras) } from null (pid=1415, uid=1000) to com.android.buyer/.mRve
11-09 20:56:11.179  1415  1415 I Telecom : DefaultDialerCache: Refreshing default dialer for user 0: now com.google.android.dialer: DDC.oR@Aws
11-09 20:56:11.182  1415  1684 W WindowMagnificationMgr: requestConnection duplicated request: connect=false, mConnectionState=DISCONNECTED
11-09 20:56:11.196  1415  1687 W BroadcastQueue: Background execution not allowed: receiving Intent { act=android.intent.action.PACKAGE_ADDED dat=package: flg=0x4000010 (has extras) } to com.atvcleaner/.receivers.PkgReceiver
11-09 20:56:11.196  1415  1687 W BroadcastQueue: Background execution not allowed: receiving Intent { act=android.intent.action.PACKAGE_ADDED dat=package: flg=0x4000010 (has extras) } to com.google.android.packageinstaller/com.android.packageinstaller.PackageInstalledReceiver
11-09 20:56:11.196  1415  1687 W BroadcastQueue: Background execution not allowed: receiving Intent { act=android.intent.action.PACKAGE_ADDED dat=package: flg=0x4000010 (has extras) } to com.android.vending/com.google.android.finsky.packagemonitor.impl.PackageMonitorReceiverImpl$RegisteredReceiver
11-09 20:56:11.198  1415  1415 V BackupManagerConstants: getFullBackupIntervalMilliseconds(...) returns 86400000
11-09 20:56:11.198  1415  1415 V BackupManagerConstants: getFullBackupRequiredNetworkType(...) returns 2
11-09 20:56:11.198  1415  1415 V BackupManagerConstants: getFullBackupRequireCharging(...) returns true
11-09 20:56:11.212  1415  2969 W AppOps  : setUidMode() called with a mode inconsistent with runtime permission state, this is discouraged and you should revoke the runtime permission instead: uid=10126, switchCode=0, mode=4, permission=android.permission.ACCESS_BACKGROUND_LOCATION
11-09 20:56:11.216  1415  1687 W BroadcastQueue: Background execution not allowed: receiving Intent { act=android.intent.action.PACKAGE_ADDED dat=package: flg=0x4000010 (has extras) } to com.android.vending/com.google.android.finsky.packagemonitor.backgroundimpl.BackgroundPackageMonitorReceiverImpl$RegisteredReceiver
11-09 20:56:11.216  1415  1687 W BroadcastQueue: Background execution not allowed: receiving Intent { act=android.intent.action.PACKAGE_ADDED dat=package: flg=0x4000010 (has extras) } to com.google.android.gms/.games.chimera.GamesSystemBroadcastReceiverProxy
11-09 20:56:11.216  1415  1687 W BroadcastQueue: Background execution not allowed: receiving Intent { act=android.intent.action.PACKAGE_ADDED dat=package: flg=0x4000010 (has extras) } to com.google.android.gms/.gass.chimera.PackageChangeBroadcastReceiver
11-09 20:56:11.216  1415  1687 W BroadcastQueue: Background execution not allowed: receiving Intent { act=android.intent.action.PACKAGE_ADDED dat=package: flg=0x4000010 (has extras) } to com.google.android.gms/.chimera.GmsIntentOperationService$PersistentTrustedReceiver
11-09 20:56:11.216  1415  1687 W BroadcastQueue: Background execution not allowed: receiving Intent { act=android.intent.action.PACKAGE_ADDED dat=package: flg=0x4000010 (has extras) } to com.google.android.googlequicksearchbox/com.google.android.apps.gsa.googlequicksearchbox.GelStubAppWatcher
11-09 20:56:11.216  1415  1687 W BroadcastQueue: u0 Receiving a broadcast in packagecom.games.mengmeizhitd requires a permissions review
11-09 20:56:11.216  1415  1687 W BroadcastQueue: Skipping delivery: permission review required for Intent { act=android.intent.action.PACKAGE_ADDED dat=package: flg=0x4000010 (has extras) } from null (pid=1415, uid=1000) to com.games.mengmeizhitd/hjnw.ihjnw.i.isqly
11-09 20:56:11.216  1415  1687 W BroadcastQueue: u0 Receiving a broadcast in packagecom.qiuqiu.dfmc requires a permissions review
11-09 20:56:11.216  1415  1687 W BroadcastQueue: Skipping delivery: permission review required for Intent { act=android.intent.action.PACKAGE_ADDED dat=package: flg=0x4000010 (has extras) } from null (pid=1415, uid=1000) to com.qiuqiu.dfmc/cn.jpush.android.service.PushReceiver
11-09 20:56:11.218  1415  3842 D CompatibilityChangeReporter: Compat change id reported: 161252188; UID 10234; state: DISABLED
11-09 20:56:11.220  1415  1764 E VerityUtils: Failed to measure fs-verity, errno 1: /data/app/~~hfH1dCnXXshembGK-wZAOA==/com.evilsunflower.animalpuzzle-VWOYMDSw8RnRmPQIK5tKrQ==/base.apk
11-09 20:56:11.220  1415  1687 W BroadcastQueue: u0 Receiving a broadcast in packagecom.safesys.viruskiller requires a permissions review
11-09 20:56:11.220  1415  1687 W BroadcastQueue: Skipping delivery: permission review required for Intent { act=android.intent.action.PACKAGE_ADDED dat=package: flg=0x4000010 (has extras) } from null (pid=1415, uid=1000) to com.safesys.viruskiller/.ScanPackageBroadcast
11-09 20:56:11.235  1415  1974 D CompatibilityChangeReporter: Compat change id reported: 218533173; UID 10234; state: DISABLED
11-09 20:56:11.246  1415  1415 I Telecom : DefaultDialerCache: Refreshing default dialer for user 0: now com.google.android.dialer: DDC.oR@Aw4
11-09 20:56:11.247  1415  4155 W BackupTransportManager: Package com.evilsunflower.animalpuzzle enabled setting: 0
11-09 20:56:11.275  1415  1684 W PackageManager: Failed registering loading progress callback. Package is fully loaded.
11-09 20:56:11.298  1415  1684 W WindowMagnificationMgr: requestConnection duplicated request: connect=false, mConnectionState=DISCONNECTED
11-09 20:56:11.382  1415  1768 E PackageManager: ERROR: could not load root hash from incremental install
11-09 20:56:11.406  1415  2006 W PackageParsing: Ignoring duplicate uses-permissions/uses-permissions-sdk-m: android.permission.ACCESS_WIFI_STATE in package: io.dcloud.H5BC6BF13 at: Binary XML file line #2
11-09 20:56:11.406  1415  2006 W PackageParsing: Ignoring duplicate uses-permissions/uses-permissions-sdk-m: android.permission.ACCESS_NETWORK_STATE in package: io.dcloud.H5BC6BF13 at: Binary XML file line #2
11-09 20:56:11.406  1415  2006 W PackageParsing: Ignoring duplicate uses-permissions/uses-permissions-sdk-m: android.permission.READ_PHONE_STATE in package: io.dcloud.H5BC6BF13 at: Binary XML file line #2
11-09 20:56:11.414  1415  1768 I PackageManager: Integrity check passed for file:///data/app/vmdl1060428686.tmp
11-09 20:56:11.423  1415  1768 W PackageParsing: Ignoring duplicate uses-permissions/uses-permissions-sdk-m: android.permission.ACCESS_WIFI_STATE in package: io.dcloud.H5BC6BF13 at: Binary XML file line #2
11-09 20:56:11.423  1415  1768 W PackageParsing: Ignoring duplicate uses-permissions/uses-permissions-sdk-m: android.permission.ACCESS_NETWORK_STATE in package: io.dcloud.H5BC6BF13 at: Binary XML file line #2
11-09 20:56:11.423  1415  1768 W PackageParsing: Ignoring duplicate uses-permissions/uses-permissions-sdk-m: android.permission.READ_PHONE_STATE in package: io.dcloud.H5BC6BF13 at: Binary XML file line #2
11-09 20:56:11.490  1415  1672 V StorageManagerService: Package null has legacy storage
11-09 20:56:11.508  1415  1486 W AppOps  : setUidMode() called with a mode inconsistent with runtime permission state, this is discouraged and you should revoke the runtime permission instead: uid=10126, switchCode=1, mode=4, permission=android.permission.ACCESS_BACKGROUND_LOCATION
11-09 20:56:11.513  1415  1486 W AppOps  : setUidMode() called with a mode inconsistent with runtime permission state, this is discouraged and you should revoke the runtime permission instead: uid=10126, switchCode=0, mode=4, permission=android.permission.ACCESS_BACKGROUND_LOCATION
11-09 20:56:11.783  1415  1486 D CoreBackPreview: Window{b72fa59 u0 Toast}: Setting back callback null
11-09 20:56:11.788  1415  1486 W NotificationService: Toast already killed. pkg=com.atvcleaner token=android.os.BinderProxy@2bbe238
11-09 20:56:11.794  1415  1486 D CoreBackPreview: Window{718f76 u0 Toast}: Setting back callback OnBackInvokedCallbackInfo{mCallback=android.window.IOnBackInvokedCallback$Stub$Proxy@768e9e4, mPriority=0}
11-09 20:56:11.795  1415  1768 V BackupManagerService: [UserID:0] restoreAtInstall pkg=io.dcloud.H5BC6BF13 token=2d restoreSet=0
11-09 20:56:11.795  1415  1768 V BackupManagerService: [UserID:0] Finishing install immediately
11-09 20:56:11.797  1415  1768 D PackageInstallerSession: Marking session 1060428686 as applied
11-09 20:56:11.801  1415  1768 D CompatibilityChangeReporter: Compat change id reported: 168419799; UID 10235; state: DISABLED
11-09 20:56:11.801  1415  1768 D CompatibilityChangeReporter: Compat change id reported: 273564678; UID 10235; state: DISABLED
11-09 20:56:11.812  1415  1415 I Telecom : DefaultDialerCache: Refreshing default dialer for user 0: now com.google.android.dialer: DDC.oR@Aw8
11-09 20:56:11.813  1415  5522 W BroadcastQueue: u0 Receiving a broadcast in packagecom.android.buyer requires a permissions review
11-09 20:56:11.813  1415  5522 W BroadcastQueue: Skipping delivery: permission review required for Intent { act=android.intent.action.PACKAGE_ADDED dat=package: flg=0x4000010 (has extras) } from null (pid=1415, uid=1000) to com.android.buyer/.mRve
11-09 20:56:11.814  1415  1687 W BroadcastQueue: Background execution not allowed: receiving Intent { act=android.intent.action.PACKAGE_ADDED dat=package: flg=0x4000010 (has extras) } to com.atvcleaner/.receivers.PkgReceiver
11-09 20:56:11.814  1415  1687 W BroadcastQueue: Background execution not allowed: receiving Intent { act=android.intent.action.PACKAGE_ADDED dat=package: flg=0x4000010 (has extras) } to com.google.android.packageinstaller/com.android.packageinstaller.PackageInstalledReceiver
11-09 20:56:11.814  1415  1687 W BroadcastQueue: Background execution not allowed: receiving Intent { act=android.intent.action.PACKAGE_ADDED dat=package: flg=0x4000010 (has extras) } to com.android.vending/com.google.android.finsky.packagemonitor.impl.PackageMonitorReceiverImpl$RegisteredReceiver
11-09 20:56:11.814  1415  1687 W BroadcastQueue: Background execution not allowed: receiving Intent { act=android.intent.action.PACKAGE_ADDED dat=package: flg=0x4000010 (has extras) } to com.android.vending/com.google.android.finsky.packagemonitor.backgroundimpl.BackgroundPackageMonitorReceiverImpl$RegisteredReceiver
11-09 20:56:11.814  1415  1687 W BroadcastQueue: Background execution not allowed: receiving Intent { act=android.intent.action.PACKAGE_ADDED dat=package: flg=0x4000010 (has extras) } to com.google.android.gms/.games.chimera.GamesSystemBroadcastReceiverProxy
11-09 20:56:11.814  1415  1687 W BroadcastQueue: Background execution not allowed: receiving Intent { act=android.intent.action.PACKAGE_ADDED dat=package: flg=0x4000010 (has extras) } to com.google.android.gms/.gass.chimera.PackageChangeBroadcastReceiver
11-09 20:56:11.814  1415  1687 W BroadcastQueue: Background execution not allowed: receiving Intent { act=android.intent.action.PACKAGE_ADDED dat=package: flg=0x4000010 (has extras) } to com.google.android.gms/.chimera.GmsIntentOperationService$PersistentTrustedReceiver
11-09 20:56:11.814  1415  1687 W BroadcastQueue: Background execution not allowed: receiving Intent { act=android.intent.action.PACKAGE_ADDED dat=package: flg=0x4000010 (has extras) } to com.google.android.googlequicksearchbox/com.google.android.apps.gsa.googlequicksearchbox.GelStubAppWatcher
11-09 20:56:11.814  1415  1687 W BroadcastQueue: u0 Receiving a broadcast in packagecom.games.mengmeizhitd requires a permissions review
11-09 20:56:11.814  1415  1687 W BroadcastQueue: Skipping delivery: permission review required for Intent { act=android.intent.action.PACKAGE_ADDED dat=package: flg=0x4000010 (has extras) } from null (pid=1415, uid=1000) to com.games.mengmeizhitd/hjnw.ihjnw.i.isqly
11-09 20:56:11.814  1415  1687 W BroadcastQueue: u0 Receiving a broadcast in packagecom.qiuqiu.dfmc requires a permissions review
11-09 20:56:11.814  1415  1687 W BroadcastQueue: Skipping delivery: permission review required for Intent { act=android.intent.action.PACKAGE_ADDED dat=package: flg=0x4000010 (has extras) } from null (pid=1415, uid=1000) to com.qiuqiu.dfmc/cn.jpush.android.service.PushReceiver
11-09 20:56:11.814  1415  1687 W BroadcastQueue: u0 Receiving a broadcast in packagecom.safesys.viruskiller requires a permissions review
11-09 20:56:11.814  1415  1687 W BroadcastQueue: Skipping delivery: permission review required for Intent { act=android.intent.action.PACKAGE_ADDED dat=package: flg=0x4000010 (has extras) } from null (pid=1415, uid=1000) to com.safesys.viruskiller/.ScanPackageBroadcast
11-09 20:56:11.823  1415  1684 W WindowMagnificationMgr: requestConnection duplicated request: connect=false, mConnectionState=DISCONNECTED
11-09 20:56:11.855  1415  1684 W PackageManager: Failed registering loading progress callback. Package is fully loaded.
11-09 20:56:11.866  1415  5523 I ActivityManager: Background started FGS: Allowed [callingPackage: com.google.android.apps.wellbeing; callingUid: 10123; uidState: BFGS; intent: Intent { cmp=com.google.android.apps.wellbeing/com.google.apps.tiktok.concurrent.InternalForegroundService (has extras) }; code:BACKGROUND_ACTIVITY_PERMISSION; tempAllowListReason:<null>; targetSdkVersion:33; callerTargetSdkVersion:33; startForegroundCount:0; bindFromPackage:null]
11-09 20:56:11.870  1415  1764 E VerityUtils: Failed to measure fs-verity, errno 1: /data/app/~~wFAlFh0SJpuyO1hyuWlK8g==/io.dcloud.H5BC6BF13-o2CumRB_3NCwfYe40tP3Ig==/base.apk
11-09 20:56:11.874  1415  1974 D CompatibilityChangeReporter: Compat change id reported: 218533173; UID 10235; state: DISABLED
11-09 20:56:11.877  1415  1415 I Telecom : DefaultDialerCache: Refreshing default dialer for user 0: now com.google.android.dialer: DDC.oR@AxI
11-09 20:56:11.879  1415  4155 W BackupTransportManager: Package io.dcloud.H5BC6BF13 enabled setting: 0
11-09 20:56:11.892  1415  3842 D CompatibilityChangeReporter: Compat change id reported: 161252188; UID 10235; state: DISABLED
11-09 20:56:11.915  1415  1684 W WindowMagnificationMgr: requestConnection duplicated request: connect=false, mConnectionState=DISCONNECTED
11-09 20:56:12.001  1415  1768 E PackageManager: ERROR: could not load root hash from incremental install
11-09 20:56:12.021  1415  1768 I PackageManager: Integrity check passed for file:///data/app/vmdl1528189311.tmp
11-09 20:56:12.198  1415  1415 I NotificationService: Cannot find enqueued record for key: 0|com.google.android.apps.wellbeing|174344743|null|10123
11-09 20:56:12.198  1415  1672 V StorageManagerService: Package null has legacy storage
11-09 20:56:12.239  1415  5510 W AppOps  : setUidMode() called with a mode inconsistent with runtime permission state, this is discouraged and you should revoke the runtime permission instead: uid=10126, switchCode=0, mode=4, permission=android.permission.ACCESS_BACKGROUND_LOCATION
11-09 20:56:12.316  1415  1768 V BackupManagerService: [UserID:0] restoreAtInstall pkg=com.keji.danti1052 token=2e restoreSet=0
11-09 20:56:12.317  1415  1768 V BackupManagerService: [UserID:0] Finishing install immediately
11-09 20:56:12.319  1415  1768 D PackageInstallerSession: Marking session 1528189311 as applied
11-09 20:56:12.323  1415  1768 D CompatibilityChangeReporter: Compat change id reported: 168419799; UID 10236; state: DISABLED
11-09 20:56:12.323  1415  1768 D CompatibilityChangeReporter: Compat change id reported: 273564678; UID 10236; state: DISABLED
11-09 20:56:12.328  1415  1415 I Telecom : DefaultDialerCache: Refreshing default dialer for user 0: now com.google.android.dialer: DDC.oR@AxU
11-09 20:56:12.328  1415  1994 W BroadcastQueue: u0 Receiving a broadcast in packagecom.android.buyer requires a permissions review
11-09 20:56:12.328  1415  1994 W BroadcastQueue: Skipping delivery: permission review required for Intent { act=android.intent.action.PACKAGE_ADDED dat=package: flg=0x4000010 (has extras) } from null (pid=1415, uid=1000) to com.android.buyer/.mRve
11-09 20:56:12.331  1415  1415 V BackupManagerConstants: getFullBackupIntervalMilliseconds(...) returns 86400000
11-09 20:56:12.331  1415  1415 V BackupManagerConstants: getFullBackupRequiredNetworkType(...) returns 2
11-09 20:56:12.331  1415  1415 V BackupManagerConstants: getFullBackupRequireCharging(...) returns true
11-09 20:56:12.338  1415  1687 W BroadcastQueue: Background execution not allowed: receiving Intent { act=android.intent.action.PACKAGE_ADDED dat=package: flg=0x4000010 (has extras) } to com.atvcleaner/.receivers.PkgReceiver
11-09 20:56:12.338  1415  1687 W BroadcastQueue: Background execution not allowed: receiving Intent { act=android.intent.action.PACKAGE_ADDED dat=package: flg=0x4000010 (has extras) } to com.google.android.packageinstaller/com.android.packageinstaller.PackageInstalledReceiver
11-09 20:56:12.338  1415  1687 W BroadcastQueue: Background execution not allowed: receiving Intent { act=android.intent.action.PACKAGE_ADDED dat=package: flg=0x4000010 (has extras) } to com.android.vending/com.google.android.finsky.packagemonitor.impl.PackageMonitorReceiverImpl$RegisteredReceiver
11-09 20:56:12.338  1415  1687 W BroadcastQueue: Background execution not allowed: receiving Intent { act=android.intent.action.PACKAGE_ADDED dat=package: flg=0x4000010 (has extras) } to com.android.vending/com.google.android.finsky.packagemonitor.backgroundimpl.BackgroundPackageMonitorReceiverImpl$RegisteredReceiver
11-09 20:56:12.338  1415  1687 W BroadcastQueue: Background execution not allowed: receiving Intent { act=android.intent.action.PACKAGE_ADDED dat=package: flg=0x4000010 (has extras) } to com.google.android.gms/.games.chimera.GamesSystemBroadcastReceiverProxy
11-09 20:56:12.338  1415  1687 W BroadcastQueue: Background execution not allowed: receiving Intent { act=android.intent.action.PACKAGE_ADDED dat=package: flg=0x4000010 (has extras) } to com.google.android.gms/.gass.chimera.PackageChangeBroadcastReceiver
11-09 20:56:12.341  1415  1687 W BroadcastQueue: Background execution not allowed: receiving Intent { act=android.intent.action.PACKAGE_ADDED dat=package: flg=0x4000010 (has extras) } to com.google.android.gms/.chimera.GmsIntentOperationService$PersistentTrustedReceiver
11-09 20:56:12.341  1415  1687 W BroadcastQueue: Background execution not allowed: receiving Intent { act=android.intent.action.PACKAGE_ADDED dat=package: flg=0x4000010 (has extras) } to com.google.android.googlequicksearchbox/com.google.android.apps.gsa.googlequicksearchbox.GelStubAppWatcher
11-09 20:56:12.341  1415  1687 W BroadcastQueue: u0 Receiving a broadcast in packagecom.games.mengmeizhitd requires a permissions review
11-09 20:56:12.341  1415  1687 W BroadcastQueue: Skipping delivery: permission review required for Intent { act=android.intent.action.PACKAGE_ADDED dat=package: flg=0x4000010 (has extras) } from null (pid=1415, uid=1000) to com.games.mengmeizhitd/hjnw.ihjnw.i.isqly
11-09 20:56:12.341  1415  1687 W BroadcastQueue: u0 Receiving a broadcast in packagecom.qiuqiu.dfmc requires a permissions review
11-09 20:56:12.341  1415  1687 W BroadcastQueue: Skipping delivery: permission review required for Intent { act=android.intent.action.PACKAGE_ADDED dat=package: flg=0x4000010 (has extras) } from null (pid=1415, uid=1000) to com.qiuqiu.dfmc/cn.jpush.android.service.PushReceiver
11-09 20:56:12.342  1415  1687 W BroadcastQueue: u0 Receiving a broadcast in packagecom.safesys.viruskiller requires a permissions review
11-09 20:56:12.342  1415  1687 W BroadcastQueue: Skipping delivery: permission review required for Intent { act=android.intent.action.PACKAGE_ADDED dat=package: flg=0x4000010 (has extras) } from null (pid=1415, uid=1000) to com.safesys.viruskiller/.ScanPackageBroadcast
11-09 20:56:12.342  1415  1687 W BroadcastQueue: u0 Receiving a broadcast in packageio.dcloud.H5BC6BF13 requires a permissions review
11-09 20:56:12.342  1415  1687 W BroadcastQueue: Skipping delivery: permission review required for Intent { act=android.intent.action.PACKAGE_ADDED dat=package: flg=0x4000010 (has extras) } from null (pid=1415, uid=1000) to io.dcloud.H5BC6BF13/io.dcloud.common.adapter.io.DownloadReceiver
11-09 20:56:12.364  1415  1974 D CompatibilityChangeReporter: Compat change id reported: 218533173; UID 10236; state: DISABLED
11-09 20:56:12.365  1415  1764 E VerityUtils: Failed to measure fs-verity, errno 1: /data/app/~~5D0s2Z1-mX4WifiyYLWspg==/com.keji.danti1052-Ms5E9Wr97fThq771DUGKSw==/base.apk
11-09 20:56:12.368  1415  1415 I Telecom : DefaultDialerCache: Refreshing default dialer for user 0: now com.google.android.dialer: DDC.oR@AxY
11-09 20:56:12.385  1415  2968 D CompatibilityChangeReporter: Compat change id reported: 161252188; UID 10236; state: DISABLED
11-09 20:56:12.409  1415  4155 W BackupTransportManager: Package com.keji.danti1052 enabled setting: 0
11-09 20:56:12.486  1415  5508 W AppOps  : setUidMode() called with a mode inconsistent with runtime permission state, this is discouraged and you should revoke the runtime permission instead: uid=10126, switchCode=1, mode=4, permission=android.permission.ACCESS_BACKGROUND_LOCATION
11-09 20:56:12.491  1415  9095 W AppOps  : setUidMode() called with a mode inconsistent with runtime permission state, this is discouraged and you should revoke the runtime permission instead: uid=10126, switchCode=0, mode=4, permission=android.permission.ACCESS_BACKGROUND_LOCATION
11-09 20:56:12.518  1415  1684 W WindowMagnificationMgr: requestConnection duplicated request: connect=false, mConnectionState=DISCONNECTED
11-09 20:56:12.563  1415  1684 W PackageManager: Failed registering loading progress callback. Package is fully loaded.
11-09 20:56:12.569  1415  1684 W WindowMagnificationMgr: requestConnection duplicated request: connect=false, mConnectionState=DISCONNECTED
