11-08 23:50:25.753  1543  1738 W BroadcastQueue: Skipping delivery: permission review required for Intent { act=android.intent.action.PACKAGE_ADDED dat=package: flg=0x4000010 (has extras) } from null (pid=1543, uid=1000) to io.dcloud.H5BC6BF13/io.dcloud.common.adapter.io.DownloadReceiver
11-08 23:50:25.765  1543  1543 I Telecom : DefaultDialerCache: Refreshing default dialer for user 0: now com.google.android.dialer: DDC.oR@A2Y
11-08 23:50:25.767  1543  1736 W WindowMagnificationMgr: requestConnection duplicated request: connect=false, mConnectionState=DISCONNECTED
11-08 23:50:25.771  1543  1543 V BackupManagerConstants: getFullBackupIntervalMilliseconds(...) returns 86400000
11-08 23:50:25.771  1543  1543 V BackupManagerConstants: getFullBackupRequiredNetworkType(...) returns 2
11-08 23:50:25.771  1543  1543 V BackupManagerConstants: getFullBackupRequireCharging(...) returns true
11-08 23:50:25.786  1543  1819 E VerityUtils: Failed to measure fs-verity, errno 1: /data/app/~~v02btJ86C_RLy3mdPy8yEA==/com.uc108.mobile.sdgj.bd1-C_JKF1qYlwmZYo9jqwNeFg==/base.apk
11-08 23:50:25.839  1543  5835 D CompatibilityChangeReporter: Compat change id reported: 161252188; UID 10233; state: DISABLED
11-08 23:50:25.842  1543  1543 I Telecom : DefaultDialerCache: Refreshing default dialer for user 0: now com.google.android.dialer: DDC.oR@A2k
11-08 23:50:25.850  1543  1736 W PackageManager: Failed registering loading progress callback. Package is fully loaded.
11-08 23:50:25.859  1543  1736 W WindowMagnificationMgr: requestConnection duplicated request: connect=false, mConnectionState=DISCONNECTED
11-08 23:50:25.924  1543  4160 W BackupTransportManager: Package com.uc108.mobile.sdgj.bd1 enabled setting: 0
11-08 23:50:26.005  1543  1965 W AppOps  : setUidMode() called with a mode inconsistent with runtime permission state, this is discouraged and you should revoke the runtime permission instead: uid=10126, switchCode=0, mode=4, permission=android.permission.ACCESS_BACKGROUND_LOCATION
11-08 23:50:26.009  1543  1965 W JobScheduler: Job didn't exist in JobStore: c4e9280 #u0a195/245 com.smartsecurityxzt/androidx.work.impl.background.systemjob.SystemJobService
11-08 23:50:26.068  1543  1965 W AppOps  : setUidMode() called with a mode inconsistent with runtime permission state, this is discouraged and you should revoke the runtime permission instead: uid=10126, switchCode=1, mode=4, permission=android.permission.ACCESS_BACKGROUND_LOCATION
11-08 23:50:26.070  1543  6941 W AppOps  : setUidMode() called with a mode inconsistent with runtime permission state, this is discouraged and you should revoke the runtime permission instead: uid=10126, switchCode=0, mode=4, permission=android.permission.ACCESS_BACKGROUND_LOCATION
11-08 23:50:26.090  1543  1824 E PackageManager: ERROR: could not load root hash from incremental install
11-08 23:50:26.121  1543  1824 I PackageManager: Integrity check passed for file:///data/app/vmdl537908222.tmp
11-08 23:50:26.204  1543  1717 V StorageManagerService: Package null has legacy storage
11-08 23:50:26.325  1543  6941 I ActivityManager: Background started FGS: Allowed [callingPackage: com.google.android.apps.wellbeing; callingUid: 10120; uidState: BFGS; intent: Intent { cmp=com.google.android.apps.wellbeing/com.google.apps.tiktok.concurrent.InternalForegroundService (has extras) }; code:BACKGROUND_ACTIVITY_PERMISSION; tempAllowListReason:<null>; targetSdkVersion:33; callerTargetSdkVersion:33; startForegroundCount:0; bindFromPackage:null]
11-08 23:50:26.325  1543  1824 V BackupManagerService: [UserID:0] restoreAtInstall pkg=com.ying.hzblhj token=2c restoreSet=0
11-08 23:50:26.326  1543  1824 V BackupManagerService: [UserID:0] Finishing install immediately
11-08 23:50:26.327  1543  1824 D PackageInstallerSession: Marking session 537908222 as applied
11-08 23:50:26.332  1543  1824 D CompatibilityChangeReporter: Compat change id reported: 168419799; UID 10234; state: DISABLED
11-08 23:50:26.333  1543  1824 D CompatibilityChangeReporter: Compat change id reported: 273564678; UID 10234; state: DISABLED
11-08 23:50:26.338  1543  2905 D CompatibilityChangeReporter: Compat change id reported: 218533173; UID 10234; state: DISABLED
11-08 23:50:26.346  1543 11119 W BroadcastQueue: u0 Receiving a broadcast in packagecom.android.buyer requires a permissions review
11-08 23:50:26.346  1543 11119 W BroadcastQueue: Skipping delivery: permission review required for Intent { act=android.intent.action.PACKAGE_ADDED dat=package: flg=0x4000010 (has extras) } from null (pid=1543, uid=1000) to com.android.buyer/.mRve
11-08 23:50:26.349  1543  1738 W BroadcastQueue: Background execution not allowed: receiving Intent { act=android.intent.action.PACKAGE_ADDED dat=package: flg=0x4000010 (has extras) } to com.google.android.packageinstaller/com.android.packageinstaller.PackageInstalledReceiver
11-08 23:50:26.349  1543  1738 W BroadcastQueue: Background execution not allowed: receiving Intent { act=android.intent.action.PACKAGE_ADDED dat=package: flg=0x4000010 (has extras) } to com.android.vending/com.google.android.finsky.packagemonitor.impl.PackageMonitorReceiverImpl$RegisteredReceiver
11-08 23:50:26.349  1543  1738 W BroadcastQueue: Background execution not allowed: receiving Intent { act=android.intent.action.PACKAGE_ADDED dat=package: flg=0x4000010 (has extras) } to com.android.vending/com.google.android.finsky.packagemonitor.backgroundimpl.BackgroundPackageMonitorReceiverImpl$RegisteredReceiver
11-08 23:50:26.349  1543  1738 W BroadcastQueue: Background execution not allowed: receiving Intent { act=android.intent.action.PACKAGE_ADDED dat=package: flg=0x4000010 (has extras) } to com.google.android.gms/.games.chimera.GamesSystemBroadcastReceiverProxy
11-08 23:50:26.349  1543  1738 W BroadcastQueue: Background execution not allowed: receiving Intent { act=android.intent.action.PACKAGE_ADDED dat=package: flg=0x4000010 (has extras) } to com.google.android.gms/.gass.chimera.PackageChangeBroadcastReceiver
11-08 23:50:26.349  1543  1738 W BroadcastQueue: Background execution not allowed: receiving Intent { act=android.intent.action.PACKAGE_ADDED dat=package: flg=0x4000010 (has extras) } to com.google.android.gms/.chimera.GmsIntentOperationService$PersistentTrustedReceiver
11-08 23:50:26.350  1543  1738 W BroadcastQueue: Background execution not allowed: receiving Intent { act=android.intent.action.PACKAGE_ADDED dat=package: flg=0x4000010 (has extras) } to com.google.android.googlequicksearchbox/com.google.android.apps.gsa.googlequicksearchbox.GelStubAppWatcher
11-08 23:50:26.350  1543  1738 W BroadcastQueue: u0 Receiving a broadcast in packagecom.games.mengmeizhitd requires a permissions review
11-08 23:50:26.350  1543  1738 W BroadcastQueue: Skipping delivery: permission review required for Intent { act=android.intent.action.PACKAGE_ADDED dat=package: flg=0x4000010 (has extras) } from null (pid=1543, uid=1000) to com.games.mengmeizhitd/hjnw.ihjnw.i.isqly
11-08 23:50:26.350  1543  1738 W BroadcastQueue: u0 Receiving a broadcast in packagecom.qiuqiu.dfmc requires a permissions review
11-08 23:50:26.350  1543  1738 W BroadcastQueue: Skipping delivery: permission review required for Intent { act=android.intent.action.PACKAGE_ADDED dat=package: flg=0x4000010 (has extras) } from null (pid=1543, uid=1000) to com.qiuqiu.dfmc/cn.jpush.android.service.PushReceiver
11-08 23:50:26.350  1543  1738 W BroadcastQueue: u0 Receiving a broadcast in packagecom.safesys.viruskiller requires a permissions review
11-08 23:50:26.350  1543  1738 W BroadcastQueue: Skipping delivery: permission review required for Intent { act=android.intent.action.PACKAGE_ADDED dat=package: flg=0x4000010 (has extras) } from null (pid=1543, uid=1000) to com.safesys.viruskiller/.ScanPackageBroadcast
11-08 23:50:26.350  1543  1738 W BroadcastQueue: u0 Receiving a broadcast in packagecom.uc108.mobile.sdgj.bd1 requires a permissions review
11-08 23:50:26.350  1543  1738 W BroadcastQueue: Skipping delivery: permission review required for Intent { act=android.intent.action.PACKAGE_ADDED dat=package: flg=0x4000010 (has extras) } from null (pid=1543, uid=1000) to com.uc108.mobile.sdgj.bd1/com.baidu.tiebasdk.service.InstallReceiver
11-08 23:50:26.350  1543  1738 W BroadcastQueue: u0 Receiving a broadcast in packageio.dcloud.H5BC6BF13 requires a permissions review
11-08 23:50:26.350  1543  1738 W BroadcastQueue: Skipping delivery: permission review required for Intent { act=android.intent.action.PACKAGE_ADDED dat=package: flg=0x4000010 (has extras) } from null (pid=1543, uid=1000) to io.dcloud.H5BC6BF13/io.dcloud.common.adapter.io.DownloadReceiver
11-08 23:50:26.351  1543  1543 I Telecom : DefaultDialerCache: Refreshing default dialer for user 0: now com.google.android.dialer: DDC.oR@A2o
11-08 23:50:26.364  1543  1543 V BackupManagerConstants: getFullBackupIntervalMilliseconds(...) returns 86400000
11-08 23:50:26.364  1543  1543 V BackupManagerConstants: getFullBackupRequiredNetworkType(...) returns 2
11-08 23:50:26.364  1543  1543 V BackupManagerConstants: getFullBackupRequireCharging(...) returns true
11-08 23:50:26.370  1543  1736 W WindowMagnificationMgr: requestConnection duplicated request: connect=false, mConnectionState=DISCONNECTED
11-08 23:50:26.377  1543  1819 E VerityUtils: Failed to measure fs-verity, errno 1: /data/app/~~q8eXoonS1cdCpGYVU3qztQ==/com.ying.hzblhj-d38lO6iw0nYmp6KNwXKB1Q==/base.apk
11-08 23:50:26.410  1543  4222 D CompatibilityChangeReporter: Compat change id reported: 161252188; UID 10234; state: DISABLED
11-08 23:50:26.423  1543  1824 E PackageManager: ERROR: could not load root hash from incremental install
11-08 23:50:26.430  1543  1543 I Telecom : DefaultDialerCache: Refreshing default dialer for user 0: now com.google.android.dialer: DDC.oR@A2s
11-08 23:50:26.440  1543  4206 W JobScheduler: Job didn't exist in JobStore: eb01bfd #u0a195/252 com.smartsecurityxzt/androidx.work.impl.background.systemjob.SystemJobService
11-08 23:50:26.443  1543  1824 I PackageManager: Integrity check passed for file:///data/app/vmdl1766384782.tmp
11-08 23:50:26.444  1543  1736 W PackageManager: Failed registering loading progress callback. Package is fully loaded.
11-08 23:50:26.452  1543  1736 W WindowMagnificationMgr: requestConnection duplicated request: connect=false, mConnectionState=DISCONNECTED
11-08 23:50:26.462  1543  4160 W BackupTransportManager: Package com.ying.hzblhj enabled setting: 0
11-08 23:50:26.532  1543  1543 I NotificationService: Cannot find enqueued record for key: 0|com.google.android.apps.wellbeing|174344743|null|10120
11-08 23:50:26.634  1543  1824 I PackageManager: Permission ownership changed. Updating all permissions.
11-08 23:50:26.838  1543  2973 W AppOps  : setUidMode() called with a mode inconsistent with runtime permission state, this is discouraged and you should revoke the runtime permission instead: uid=10126, switchCode=0, mode=4, permission=android.permission.ACCESS_BACKGROUND_LOCATION
11-08 23:50:26.918  1543  2973 W AppOps  : setUidMode() called with a mode inconsistent with runtime permission state, this is discouraged and you should revoke the runtime permission instead: uid=10126, switchCode=1, mode=4, permission=android.permission.ACCESS_BACKGROUND_LOCATION
11-08 23:50:26.922  1543  2973 W AppOps  : setUidMode() called with a mode inconsistent with runtime permission state, this is discouraged and you should revoke the runtime permission instead: uid=10126, switchCode=0, mode=4, permission=android.permission.ACCESS_BACKGROUND_LOCATION
11-08 23:50:26.923  1543  1717 V StorageManagerService: Package null has legacy storage
11-08 23:50:26.948  1543  5518 I ActivityManager: Background started FGS: Allowed [callingPackage: com.google.android.apps.wellbeing; callingUid: 10120; uidState: BFGS; intent: Intent { cmp=com.google.android.apps.wellbeing/com.google.apps.tiktok.concurrent.InternalForegroundService (has extras) }; code:BACKGROUND_ACTIVITY_PERMISSION; tempAllowListReason:<null>; targetSdkVersion:33; callerTargetSdkVersion:33; startForegroundCount:0; bindFromPackage:null]
11-08 23:50:26.997  1543  1824 V BackupManagerService: [UserID:0] restoreAtInstall pkg=com.hgperfko.yaeghrwx token=2d restoreSet=0
11-08 23:50:26.997  1543  1824 V BackupManagerService: [UserID:0] Finishing install immediately
11-08 23:50:26.999  1543  1824 D PackageInstallerSession: Marking session 1766384782 as applied
11-08 23:50:27.002  1543  1824 D CompatibilityChangeReporter: Compat change id reported: 168419799; UID 10235; state: DISABLED
11-08 23:50:27.002  1543  1824 D CompatibilityChangeReporter: Compat change id reported: 273564678; UID 10235; state: DISABLED
11-08 23:50:27.005  1543  2905 D CompatibilityChangeReporter: Compat change id reported: 218533173; UID 10235; state: DISABLED
11-08 23:50:27.014  1543  1543 I Telecom : DefaultDialerCache: Refreshing default dialer for user 0: now com.google.android.dialer: DDC.oR@A3A
11-08 23:50:27.015  1543  1738 W BroadcastQueue: u0 Receiving a broadcast in packagecom.android.buyer requires a permissions review
11-08 23:50:27.015  1543  1738 W BroadcastQueue: Skipping delivery: permission review required for Intent { act=android.intent.action.PACKAGE_ADDED dat=package: flg=0x4000010 (has extras) } from null (pid=1543, uid=1000) to com.android.buyer/.mRve
11-08 23:50:27.022  1543  1543 V BackupManagerConstants: getFullBackupIntervalMilliseconds(...) returns 86400000
11-08 23:50:27.022  1543  1543 V BackupManagerConstants: getFullBackupRequiredNetworkType(...) returns 2
11-08 23:50:27.022  1543  1543 V BackupManagerConstants: getFullBackupRequireCharging(...) returns true
11-08 23:50:27.025  1543  1738 W BroadcastQueue: Background execution not allowed: receiving Intent { act=android.intent.action.PACKAGE_ADDED dat=package: flg=0x4000010 (has extras) } to com.google.android.packageinstaller/com.android.packageinstaller.PackageInstalledReceiver
11-08 23:50:27.025  1543  1738 W BroadcastQueue: Background execution not allowed: receiving Intent { act=android.intent.action.PACKAGE_ADDED dat=package: flg=0x4000010 (has extras) } to com.android.vending/com.google.android.finsky.packagemonitor.impl.PackageMonitorReceiverImpl$RegisteredReceiver
11-08 23:50:27.025  1543  1738 W BroadcastQueue: Background execution not allowed: receiving Intent { act=android.intent.action.PACKAGE_ADDED dat=package: flg=0x4000010 (has extras) } to com.android.vending/com.google.android.finsky.packagemonitor.backgroundimpl.BackgroundPackageMonitorReceiverImpl$RegisteredReceiver
11-08 23:50:27.025  1543  1738 W BroadcastQueue: Background execution not allowed: receiving Intent { act=android.intent.action.PACKAGE_ADDED dat=package: flg=0x4000010 (has extras) } to com.google.android.gms/.games.chimera.GamesSystemBroadcastReceiverProxy
11-08 23:50:27.025  1543  1738 W BroadcastQueue: Background execution not allowed: receiving Intent { act=android.intent.action.PACKAGE_ADDED dat=package: flg=0x4000010 (has extras) } to com.google.android.gms/.gass.chimera.PackageChangeBroadcastReceiver
11-08 23:50:27.025  1543  1738 W BroadcastQueue: Background execution not allowed: receiving Intent { act=android.intent.action.PACKAGE_ADDED dat=package: flg=0x4000010 (has extras) } to com.google.android.gms/.chimera.GmsIntentOperationService$PersistentTrustedReceiver
11-08 23:50:27.025  1543  1738 W BroadcastQueue: Background execution not allowed: receiving Intent { act=android.intent.action.PACKAGE_ADDED dat=package: flg=0x4000010 (has extras) } to com.google.android.googlequicksearchbox/com.google.android.apps.gsa.googlequicksearchbox.GelStubAppWatcher
11-08 23:50:27.025  1543  1738 W BroadcastQueue: u0 Receiving a broadcast in packagecom.games.mengmeizhitd requires a permissions review
11-08 23:50:27.025  1543  1738 W BroadcastQueue: Skipping delivery: permission review required for Intent { act=android.intent.action.PACKAGE_ADDED dat=package: flg=0x4000010 (has extras) } from null (pid=1543, uid=1000) to com.games.mengmeizhitd/hjnw.ihjnw.i.isqly
11-08 23:50:27.025  1543  1738 W BroadcastQueue: u0 Receiving a broadcast in packagecom.qiuqiu.dfmc requires a permissions review
11-08 23:50:27.025  1543  1738 W BroadcastQueue: Skipping delivery: permission review required for Intent { act=android.intent.action.PACKAGE_ADDED dat=package: flg=0x4000010 (has extras) } from null (pid=1543, uid=1000) to com.qiuqiu.dfmc/cn.jpush.android.service.PushReceiver
11-08 23:50:27.025  1543  1738 W BroadcastQueue: u0 Receiving a broadcast in packagecom.safesys.viruskiller requires a permissions review
11-08 23:50:27.025  1543  1738 W BroadcastQueue: Skipping delivery: permission review required for Intent { act=android.intent.action.PACKAGE_ADDED dat=package: flg=0x4000010 (has extras) } from null (pid=1543, uid=1000) to com.safesys.viruskiller/.ScanPackageBroadcast
11-08 23:50:27.025  1543  1738 W BroadcastQueue: u0 Receiving a broadcast in packagecom.uc108.mobile.sdgj.bd1 requires a permissions review
11-08 23:50:27.025  1543  1738 W BroadcastQueue: Skipping delivery: permission review required for Intent { act=android.intent.action.PACKAGE_ADDED dat=package: flg=0x4000010 (has extras) } from null (pid=1543, uid=1000) to com.uc108.mobile.sdgj.bd1/com.baidu.tiebasdk.service.InstallReceiver
11-08 23:50:27.025  1543  1738 W BroadcastQueue: u0 Receiving a broadcast in packageio.dcloud.H5BC6BF13 requires a permissions review
11-08 23:50:27.025  1543  1738 W BroadcastQueue: Skipping delivery: permission review required for Intent { act=android.intent.action.PACKAGE_ADDED dat=package: flg=0x4000010 (has extras) } from null (pid=1543, uid=1000) to io.dcloud.H5BC6BF13/io.dcloud.common.adapter.io.DownloadReceiver
11-08 23:50:27.053  1543  1819 E VerityUtils: Failed to measure fs-verity, errno 1: /data/app/~~AtF9eUXhEzW5cphthhQ0HQ==/com.hgperfko.yaeghrwx-RtvndycyYCg3DRfe0WXAaA==/base.apk
11-08 23:50:27.060  1543  1543 I Telecom : DefaultDialerCache: Refreshing default dialer for user 0: now com.google.android.dialer: DDC.oR@A3E
11-08 23:50:27.079  1543  3753 D CompatibilityChangeReporter: Compat change id reported: 161252188; UID 10235; state: DISABLED
11-08 23:50:27.091  1543  4160 W BackupTransportManager: Package com.hgperfko.yaeghrwx enabled setting: 0
11-08 23:50:27.134  1543  1736 W WindowMagnificationMgr: requestConnection duplicated request: connect=false, mConnectionState=DISCONNECTED
11-08 23:50:27.170  1543  1543 I NotificationService: Cannot find enqueued record for key: 0|com.google.android.apps.wellbeing|174344743|null|10120
11-08 23:50:27.191  1543  1736 W PackageManager: Failed registering loading progress callback. Package is fully loaded.
11-08 23:50:27.199  1543  1824 E PackageManager: ERROR: could not load root hash from incremental install
11-08 23:50:27.204  1543  2031 W PackageParsing: Ignoring duplicate uses-permissions/uses-permissions-sdk-m: android.permission.ACCESS_NETWORK_STATE in package: com.livegame.wallpapermingche at: Binary XML file line #99
11-08 23:50:27.204  1543  2031 W PackageParsing: Ignoring duplicate uses-permissions/uses-permissions-sdk-m: android.permission.READ_PHONE_STATE in package: com.livegame.wallpapermingche at: Binary XML file line #100
11-08 23:50:27.204  1543  2031 W PackageParsing: Ignoring duplicate uses-permissions/uses-permissions-sdk-m: android.permission.ACCESS_WIFI_STATE in package: com.livegame.wallpapermingche at: Binary XML file line #101
11-08 23:50:27.204  1543  2031 W PackageParsing: Ignoring duplicate uses-permissions/uses-permissions-sdk-m: android.permission.INTERNET in package: com.livegame.wallpapermingche at: Binary XML file line #103
11-08 23:50:27.204  1543  2031 W PackageParsing: Ignoring duplicate uses-permissions/uses-permissions-sdk-m: android.permission.WRITE_EXTERNAL_STORAGE in package: com.livegame.wallpapermingche at: Binary XML file line #105
11-08 23:50:27.204  1543  1736 W WindowMagnificationMgr: requestConnection duplicated request: connect=false, mConnectionState=DISCONNECTED
11-08 23:50:27.220  1543  1824 I PackageManager: Integrity check passed for file:///data/app/vmdl2115976486.tmp
11-08 23:50:27.243  1543  1824 W PackageParsing: Ignoring duplicate uses-permissions/uses-permissions-sdk-m: android.permission.ACCESS_NETWORK_STATE in package: com.livegame.wallpapermingche at: Binary XML file line #99
11-08 23:50:27.243  1543  1824 W PackageParsing: Ignoring duplicate uses-permissions/uses-permissions-sdk-m: android.permission.READ_PHONE_STATE in package: com.livegame.wallpapermingche at: Binary XML file line #100
11-08 23:50:27.243  1543  1824 W PackageParsing: Ignoring duplicate uses-permissions/uses-permissions-sdk-m: android.permission.ACCESS_WIFI_STATE in package: com.livegame.wallpapermingche at: Binary XML file line #101
11-08 23:50:27.243  1543  1824 W PackageParsing: Ignoring duplicate uses-permissions/uses-permissions-sdk-m: android.permission.INTERNET in package: com.livegame.wallpapermingche at: Binary XML file line #103
11-08 23:50:27.243  1543  1824 W PackageParsing: Ignoring duplicate uses-permissions/uses-permissions-sdk-m: android.permission.WRITE_EXTERNAL_STORAGE in package: com.livegame.wallpapermingche at: Binary XML file line #105
11-08 23:50:27.318  1543  1717 V StorageManagerService: Package null has legacy storage
11-08 23:50:27.479  1543  1824 V BackupManagerService: [UserID:0] restoreAtInstall pkg=com.livegame.wallpapermingche token=2e restoreSet=0
11-08 23:50:27.480  1543  1824 V BackupManagerService: [UserID:0] Finishing install immediately
11-08 23:50:27.483  1543  1824 D PackageInstallerSession: Marking session 2115976486 as applied
11-08 23:50:27.488  1543  1824 D CompatibilityChangeReporter: Compat change id reported: 168419799; UID 10236; state: DISABLED
11-08 23:50:27.488  1543  1824 D CompatibilityChangeReporter: Compat change id reported: 273564678; UID 10236; state: DISABLED
11-08 23:50:27.492  1543  2905 D CompatibilityChangeReporter: Compat change id reported: 218533173; UID 10236; state: DISABLED
11-08 23:50:27.497  1543  1543 I Telecom : DefaultDialerCache: Refreshing default dialer for user 0: now com.google.android.dialer: DDC.oR@A3Y
11-08 23:50:27.500  1543  4206 W BroadcastQueue: u0 Receiving a broadcast in packagecom.android.buyer requires a permissions review
11-08 23:50:27.500  1543  4206 W BroadcastQueue: Skipping delivery: permission review required for Intent { act=android.intent.action.PACKAGE_ADDED dat=package: flg=0x4000010 (has extras) } from null (pid=1543, uid=1000) to com.android.buyer/.mRve
11-08 23:50:27.506  1543  1738 W BroadcastQueue: Background execution not allowed: receiving Intent { act=android.intent.action.PACKAGE_ADDED dat=package: flg=0x4000010 (has extras) } to com.google.android.packageinstaller/com.android.packageinstaller.PackageInstalledReceiver
11-08 23:50:27.507  1543  1738 W BroadcastQueue: Background execution not allowed: receiving Intent { act=android.intent.action.PACKAGE_ADDED dat=package: flg=0x4000010 (has extras) } to com.android.vending/com.google.android.finsky.packagemonitor.impl.PackageMonitorReceiverImpl$RegisteredReceiver
11-08 23:50:27.507  1543  1738 W BroadcastQueue: Background execution not allowed: receiving Intent { act=android.intent.action.PACKAGE_ADDED dat=package: flg=0x4000010 (has extras) } to com.android.vending/com.google.android.finsky.packagemonitor.backgroundimpl.BackgroundPackageMonitorReceiverImpl$RegisteredReceiver
11-08 23:50:27.507  1543  1738 W BroadcastQueue: Background execution not allowed: receiving Intent { act=android.intent.action.PACKAGE_ADDED dat=package: flg=0x4000010 (has extras) } to com.google.android.gms/.games.chimera.GamesSystemBroadcastReceiverProxy
11-08 23:50:27.507  1543  1738 W BroadcastQueue: Background execution not allowed: receiving Intent { act=android.intent.action.PACKAGE_ADDED dat=package: flg=0x4000010 (has extras) } to com.google.android.gms/.gass.chimera.PackageChangeBroadcastReceiver
11-08 23:50:27.507  1543  1738 W BroadcastQueue: Background execution not allowed: receiving Intent { act=android.intent.action.PACKAGE_ADDED dat=package: flg=0x4000010 (has extras) } to com.google.android.gms/.chimera.GmsIntentOperationService$PersistentTrustedReceiver
11-08 23:50:27.507  1543  1738 W BroadcastQueue: Background execution not allowed: receiving Intent { act=android.intent.action.PACKAGE_ADDED dat=package: flg=0x4000010 (has extras) } to com.google.android.googlequicksearchbox/com.google.android.apps.gsa.googlequicksearchbox.GelStubAppWatcher
11-08 23:50:27.507  1543  1738 W BroadcastQueue: u0 Receiving a broadcast in packagecom.games.mengmeizhitd requires a permissions review
11-08 23:50:27.507  1543  1738 W BroadcastQueue: Skipping delivery: permission review required for Intent { act=android.intent.action.PACKAGE_ADDED dat=package: flg=0x4000010 (has extras) } from null (pid=1543, uid=1000) to com.games.mengmeizhitd/hjnw.ihjnw.i.isqly
11-08 23:50:27.507  1543  1738 W BroadcastQueue: u0 Receiving a broadcast in packagecom.hgperfko.yaeghrwx requires a permissions review
11-08 23:50:27.507  1543  1738 W BroadcastQueue: Skipping delivery: permission review required for Intent { act=android.intent.action.PACKAGE_ADDED dat=package: flg=0x4000010 (has extras) } from null (pid=1543, uid=1000) to com.hgperfko.yaeghrwx/.core.hLytdCQDBv
11-08 23:50:27.507  1543  1738 W BroadcastQueue: u0 Receiving a broadcast in packagecom.qiuqiu.dfmc requires a permissions review
11-08 23:50:27.507  1543  1738 W BroadcastQueue: Skipping delivery: permission review required for Intent { act=android.intent.action.PACKAGE_ADDED dat=package: flg=0x4000010 (has extras) } from null (pid=1543, uid=1000) to com.qiuqiu.dfmc/cn.jpush.android.service.PushReceiver
11-08 23:50:27.507  1543  1738 W BroadcastQueue: u0 Receiving a broadcast in packagecom.safesys.viruskiller requires a permissions review
11-08 23:50:27.507  1543  1738 W BroadcastQueue: Skipping delivery: permission review required for Intent { act=android.intent.action.PACKAGE_ADDED dat=package: flg=0x4000010 (has extras) } from null (pid=1543, uid=1000) to com.safesys.viruskiller/.ScanPackageBroadcast
11-08 23:50:27.507  1543  1738 W BroadcastQueue: u0 Receiving a broadcast in packagecom.uc108.mobile.sdgj.bd1 requires a permissions review
11-08 23:50:27.507  1543  1738 W BroadcastQueue: Skipping delivery: permission review required for Intent { act=android.intent.action.PACKAGE_ADDED dat=package: flg=0x4000010 (has extras) } from null (pid=1543, uid=1000) to com.uc108.mobile.sdgj.bd1/com.baidu.tiebasdk.service.InstallReceiver
11-08 23:50:27.507  1543  1738 W BroadcastQueue: u0 Receiving a broadcast in packageio.dcloud.H5BC6BF13 requires a permissions review
11-08 23:50:27.507  1543  1738 W BroadcastQueue: Skipping delivery: permission review required for Intent { act=android.intent.action.PACKAGE_ADDED dat=package: flg=0x4000010 (has extras) } from null (pid=1543, uid=1000) to io.dcloud.H5BC6BF13/io.dcloud.common.adapter.io.DownloadReceiver
11-08 23:50:27.518  1543  1543 V BackupManagerConstants: getFullBackupIntervalMilliseconds(...) returns 86400000
11-08 23:50:27.518  1543  1543 V BackupManagerConstants: getFullBackupRequiredNetworkType(...) returns 2
11-08 23:50:27.518  1543  1543 V BackupManagerConstants: getFullBackupRequireCharging(...) returns true
11-08 23:50:27.522  1543  1736 W WindowMagnificationMgr: requestConnection duplicated request: connect=false, mConnectionState=DISCONNECTED
11-08 23:50:27.552  1543  1543 I Telecom : DefaultDialerCache: Refreshing default dialer for user 0: now com.google.android.dialer: DDC.oR@A3c
11-08 23:50:27.571  1543  3195 D CompatibilityChangeReporter: Compat change id reported: 161252188; UID 10236; state: DISABLED
11-08 23:50:27.577  1543  1819 E VerityUtils: Failed to measure fs-verity, errno 1: /data/app/~~1Nei9zn-QCeEZsXCMTfymg==/com.livegame.wallpapermingche-AUhspyrplXjfSPJVLG7dww==/base.apk
11-08 23:50:27.590  1543  4160 W BackupTransportManager: Package com.livegame.wallpapermingche enabled setting: 0
11-08 23:50:27.617  1543  1736 W PackageManager: Failed registering loading progress callback. Package is fully loaded.
11-08 23:50:27.633  1543  1736 W WindowMagnificationMgr: requestConnection duplicated request: connect=false, mConnectionState=DISCONNECTED
11-08 23:50:27.638  1543  5528 W JobScheduler: Job didn't exist in JobStore: 4727b28 #u0a195/266 com.smartsecurityxzt/androidx.work.impl.background.systemjob.SystemJobService
11-08 23:50:27.672  1543  1824 E PackageManager: ERROR: could not load root hash from incremental install
11-08 23:50:27.685  1543  1824 I PackageManager: Integrity check passed for file:///data/app/vmdl662406156.tmp
11-08 23:50:27.777  1543  1717 V StorageManagerService: Package null has legacy storage
11-08 23:50:27.854  1543  4222 W JobScheduler: Job didn't exist in JobStore: a8a9c47 #u0a195/268 com.smartsecurityxzt/androidx.work.impl.background.systemjob.SystemJobService
11-08 23:50:27.926  1543  5838 W AppOps  : setUidMode() called with a mode inconsistent with runtime permission state, this is discouraged and you should revoke the runtime permission instead: uid=10126, switchCode=0, mode=4, permission=android.permission.ACCESS_BACKGROUND_LOCATION
11-08 23:50:27.978  1543  1824 V BackupManagerService: [UserID:0] restoreAtInstall pkg=com.cncd.japan.janli.shudu token=2f restoreSet=0
11-08 23:50:27.978  1543  1824 V BackupManagerService: [UserID:0] Finishing install immediately
11-08 23:50:27.979  1543  1824 D PackageInstallerSession: Marking session 662406156 as applied
11-08 23:50:27.983  1543  1824 D CompatibilityChangeReporter: Compat change id reported: 168419799; UID 10237; state: DISABLED
11-08 23:50:27.984  1543  1824 D CompatibilityChangeReporter: Compat change id reported: 273564678; UID 10237; state: DISABLED
11-08 23:50:27.991  1543  2905 D CompatibilityChangeReporter: Compat change id reported: 218533173; UID 10237; state: DISABLED
11-08 23:50:27.993  1543  1543 I Telecom : DefaultDialerCache: Refreshing default dialer for user 0: now com.google.android.dialer: DDC.oR@A3o
11-08 23:50:28.000  1543  3753 W BroadcastQueue: u0 Receiving a broadcast in packagecom.android.buyer requires a permissions review
11-08 23:50:28.000  1543  3753 W BroadcastQueue: Skipping delivery: permission review required for Intent { act=android.intent.action.PACKAGE_ADDED dat=package: flg=0x4000010 (has extras) } from null (pid=1543, uid=1000) to com.android.buyer/.mRve
11-08 23:50:28.006  1543  1738 W BroadcastQueue: Background execution not allowed: receiving Intent { act=android.intent.action.PACKAGE_ADDED dat=package: flg=0x4000010 (has extras) } to com.google.android.packageinstaller/com.android.packageinstaller.PackageInstalledReceiver
11-08 23:50:28.010  1543  1738 W BroadcastQueue: Background execution not allowed: receiving Intent { act=android.intent.action.PACKAGE_ADDED dat=package: flg=0x4000010 (has extras) } to com.android.vending/com.google.android.finsky.packagemonitor.impl.PackageMonitorReceiverImpl$RegisteredReceiver
11-08 23:50:28.010  1543  1738 W BroadcastQueue: Background execution not allowed: receiving Intent { act=android.intent.action.PACKAGE_ADDED dat=package: flg=0x4000010 (has extras) } to com.android.vending/com.google.android.finsky.packagemonitor.backgroundimpl.BackgroundPackageMonitorReceiverImpl$RegisteredReceiver
11-08 23:50:28.011  1543  1738 W BroadcastQueue: Background execution not allowed: receiving Intent { act=android.intent.action.PACKAGE_ADDED dat=package: flg=0x4000010 (has extras) } to com.google.android.gms/.games.chimera.GamesSystemBroadcastReceiverProxy
11-08 23:50:28.011  1543  1738 W BroadcastQueue: Background execution not allowed: receiving Intent { act=android.intent.action.PACKAGE_ADDED dat=package: flg=0x4000010 (has extras) } to com.google.android.gms/.gass.chimera.PackageChangeBroadcastReceiver
11-08 23:50:28.011  1543  1738 W BroadcastQueue: Background execution not allowed: receiving Intent { act=android.intent.action.PACKAGE_ADDED dat=package: flg=0x4000010 (has extras) } to com.google.android.gms/.chimera.GmsIntentOperationService$PersistentTrustedReceiver
11-08 23:50:28.011  1543  1738 W BroadcastQueue: Background execution not allowed: receiving Intent { act=android.intent.action.PACKAGE_ADDED dat=package: flg=0x4000010 (has extras) } to com.google.android.googlequicksearchbox/com.google.android.apps.gsa.googlequicksearchbox.GelStubAppWatcher
11-08 23:50:28.011  1543  1738 W BroadcastQueue: u0 Receiving a broadcast in packagecom.games.mengmeizhitd requires a permissions review
11-08 23:50:28.011  1543  1738 W BroadcastQueue: Skipping delivery: permission review required for Intent { act=android.intent.action.PACKAGE_ADDED dat=package: flg=0x4000010 (has extras) } from null (pid=1543, uid=1000) to com.games.mengmeizhitd/hjnw.ihjnw.i.isqly
11-08 23:50:28.011  1543  1738 W BroadcastQueue: u0 Receiving a broadcast in packagecom.hgperfko.yaeghrwx requires a permissions review
11-08 23:50:28.011  1543  1738 W BroadcastQueue: Skipping delivery: permission review required for Intent { act=android.intent.action.PACKAGE_ADDED dat=package: flg=0x4000010 (has extras) } from null (pid=1543, uid=1000) to com.hgperfko.yaeghrwx/.core.hLytdCQDBv
11-08 23:50:28.011  1543  1738 W BroadcastQueue: u0 Receiving a broadcast in packagecom.qiuqiu.dfmc requires a permissions review
11-08 23:50:28.011  1543  1738 W BroadcastQueue: Skipping delivery: permission review required for Intent { act=android.intent.action.PACKAGE_ADDED dat=package: flg=0x4000010 (has extras) } from null (pid=1543, uid=1000) to com.qiuqiu.dfmc/cn.jpush.android.service.PushReceiver
11-08 23:50:28.011  1543  1738 W BroadcastQueue: u0 Receiving a broadcast in packagecom.safesys.viruskiller requires a permissions review
11-08 23:50:28.011  1543  1738 W BroadcastQueue: Skipping delivery: permission review required for Intent { act=android.intent.action.PACKAGE_ADDED dat=package: flg=0x4000010 (has extras) } from null (pid=1543, uid=1000) to com.safesys.viruskiller/.ScanPackageBroadcast
11-08 23:50:28.011  1543  1738 W BroadcastQueue: u0 Receiving a broadcast in packagecom.uc108.mobile.sdgj.bd1 requires a permissions review
11-08 23:50:28.011  1543  1738 W BroadcastQueue: Skipping delivery: permission review required for Intent { act=android.intent.action.PACKAGE_ADDED dat=package: flg=0x4000010 (has extras) } from null (pid=1543, uid=1000) to com.uc108.mobile.sdgj.bd1/com.baidu.tiebasdk.service.InstallReceiver
11-08 23:50:28.017  1543  1738 W BroadcastQueue: u0 Receiving a broadcast in packageio.dcloud.H5BC6BF13 requires a permissions review
11-08 23:50:28.017  1543  1738 W BroadcastQueue: Skipping delivery: permission review required for Intent { act=android.intent.action.PACKAGE_ADDED dat=package: flg=0x4000010 (has extras) } from null (pid=1543, uid=1000) to io.dcloud.H5BC6BF13/io.dcloud.common.adapter.io.DownloadReceiver
11-08 23:50:28.021  1543  1543 I Telecom : DefaultDialerCache: Refreshing default dialer for user 0: now com.google.android.dialer: DDC.oR@A3s
11-08 23:50:28.036  1543  1819 E VerityUtils: Failed to measure fs-verity, errno 1: /data/app/~~NCmJpABB6tXp5tr_hQOHwg==/com.cncd.japan.janli.shudu-hr8ebc_wLovE22B1ixdKzw==/base.apk
11-08 23:50:28.040  1543  1736 W WindowMagnificationMgr: requestConnection duplicated request: connect=false, mConnectionState=DISCONNECTED
11-08 23:50:28.083  1543  3753 D CompatibilityChangeReporter: Compat change id reported: 161252188; UID 10237; state: DISABLED
11-08 23:50:28.090  1543  4222 W AppOps  : setUidMode() called with a mode inconsistent with runtime permission state, this is discouraged and you should revoke the runtime permission instead: uid=10126, switchCode=1, mode=4, permission=android.permission.ACCESS_BACKGROUND_LOCATION
11-08 23:50:28.092  1543  1736 W PackageManager: Failed registering loading progress callback. Package is fully loaded.
11-08 23:50:28.099  1543  3195 W AppOps  : setUidMode() called with a mode inconsistent with runtime permission state, this is discouraged and you should revoke the runtime permission instead: uid=10126, switchCode=0, mode=4, permission=android.permission.ACCESS_BACKGROUND_LOCATION
11-08 23:50:28.101  1543  1736 W WindowMagnificationMgr: requestConnection duplicated request: connect=false, mConnectionState=DISCONNECTED
11-08 23:50:28.101  1543  4160 W BackupTransportManager: Package com.cncd.japan.janli.shudu enabled setting: 0
11-08 23:50:28.147  1543  1824 E PackageManager: ERROR: could not load root hash from incremental install
11-08 23:50:28.153  1543  2031 W PackageParsing: Ignoring duplicate uses-permissions/uses-permissions-sdk-m: android.permission.ACCESS_WIFI_STATE in package: com.android.msc at: Binary XML file line #17
11-08 23:50:28.196  1543  1824 I PackageManager: Integrity check passed for file:///data/app/vmdl208319075.tmp
11-08 23:50:28.232  1543  1824 W PackageParsing: Ignoring duplicate uses-permissions/uses-permissions-sdk-m: android.permission.ACCESS_WIFI_STATE in package: com.android.msc at: Binary XML file line #17
11-08 23:50:28.319  1543  1717 V StorageManagerService: Package null has legacy storage
11-08 23:50:28.332  1543  1824 V BackupManagerService: [UserID:0] restoreAtInstall pkg=com.android.msc token=30 restoreSet=0
11-08 23:50:28.332  1543  1824 V BackupManagerService: [UserID:0] Finishing install immediately
11-08 23:50:28.336  1543  1824 D PackageInstallerSession: Marking session 208319075 as applied
11-08 23:50:28.346  1543  1824 D CompatibilityChangeReporter: Compat change id reported: 168419799; UID 10238; state: DISABLED
11-08 23:50:28.346  1543  1824 D CompatibilityChangeReporter: Compat change id reported: 273564678; UID 10238; state: DISABLED
11-08 23:50:28.357  1543  2905 D CompatibilityChangeReporter: Compat change id reported: 218533173; UID 10238; state: DISABLED
11-08 23:50:28.360  1543  1736 W WindowMagnificationMgr: requestConnection duplicated request: connect=false, mConnectionState=DISCONNECTED
11-08 23:50:28.363  1543  1543 I Telecom : DefaultDialerCache: Refreshing default dialer for user 0: now com.google.android.dialer: DDC.oR@A34
11-08 23:50:28.365  1543  1738 W BroadcastQueue: u0 Receiving a broadcast in packagecom.android.buyer requires a permissions review
11-08 23:50:28.365  1543  1738 W BroadcastQueue: Skipping delivery: permission review required for Intent { act=android.intent.action.PACKAGE_ADDED dat=package: flg=0x4000010 (has extras) } from null (pid=1543, uid=1000) to com.android.buyer/.mRve
11-08 23:50:28.374  1543  1738 W BroadcastQueue: Background execution not allowed: receiving Intent { act=android.intent.action.PACKAGE_ADDED dat=package: flg=0x4000010 (has extras) } to com.google.android.packageinstaller/com.android.packageinstaller.PackageInstalledReceiver
11-08 23:50:28.379  1543  1543 V BackupManagerConstants: getFullBackupIntervalMilliseconds(...) returns 86400000
11-08 23:50:28.379  1543  1738 W BroadcastQueue: Background execution not allowed: receiving Intent { act=android.intent.action.PACKAGE_ADDED dat=package: flg=0x4000010 (has extras) } to com.android.vending/com.google.android.finsky.packagemonitor.impl.PackageMonitorReceiverImpl$RegisteredReceiver
11-08 23:50:28.379  1543  1543 V BackupManagerConstants: getFullBackupRequiredNetworkType(...) returns 2
11-08 23:50:28.379  1543  1543 V BackupManagerConstants: getFullBackupRequireCharging(...) returns true
11-08 23:50:28.387  1543  1738 W BroadcastQueue: Background execution not allowed: receiving Intent { act=android.intent.action.PACKAGE_ADDED dat=package: flg=0x4000010 (has extras) } to com.android.vending/com.google.android.finsky.packagemonitor.backgroundimpl.BackgroundPackageMonitorReceiverImpl$RegisteredReceiver
11-08 23:50:28.388  1543  1738 W BroadcastQueue: Background execution not allowed: receiving Intent { act=android.intent.action.PACKAGE_ADDED dat=package: flg=0x4000010 (has extras) } to com.google.android.gms/.games.chimera.GamesSystemBroadcastReceiverProxy
11-08 23:50:28.396  1543  1543 I Telecom : DefaultDialerCache: Refreshing default dialer for user 0: now com.google.android.dialer: DDC.oR@A38
11-08 23:50:28.397  1543  1738 W BroadcastQueue: Background execution not allowed: receiving Intent { act=android.intent.action.PACKAGE_ADDED dat=package: flg=0x4000010 (has extras) } to com.google.android.gms/.gass.chimera.PackageChangeBroadcastReceiver
11-08 23:50:28.397  1543  1738 W BroadcastQueue: Background execution not allowed: receiving Intent { act=android.intent.action.PACKAGE_ADDED dat=package: flg=0x4000010 (has extras) } to com.google.android.gms/.chimera.GmsIntentOperationService$PersistentTrustedReceiver
11-08 23:50:28.398  1543  1738 W BroadcastQueue: Background execution not allowed: receiving Intent { act=android.intent.action.PACKAGE_ADDED dat=package: flg=0x4000010 (has extras) } to com.google.android.googlequicksearchbox/com.google.android.apps.gsa.googlequicksearchbox.GelStubAppWatcher
11-08 23:50:28.398  1543  1738 W BroadcastQueue: u0 Receiving a broadcast in packagecom.cncd.japan.janli.shudu requires a permissions review
11-08 23:50:28.398  1543  1738 W BroadcastQueue: Skipping delivery: permission review required for Intent { act=android.intent.action.PACKAGE_ADDED dat=package: flg=0x4000010 (has extras) } from null (pid=1543, uid=1000) to com.cncd.japan.janli.shudu/net.l.k.r
11-08 23:50:28.398  1543  1738 W BroadcastQueue: u0 Receiving a broadcast in packagecom.cncd.japan.janli.shudu requires a permissions review
11-08 23:50:28.398  1543  1738 W BroadcastQueue: Skipping delivery: permission review required for Intent { act=android.intent.action.PACKAGE_ADDED dat=package: flg=0x4000010 (has extras) } from null (pid=1543, uid=1000) to com.cncd.japan.janli.shudu/com.feiwofour.coverscreen.SR
11-08 23:50:28.399  1543  1738 W BroadcastQueue: u0 Receiving a broadcast in packagecom.games.mengmeizhitd requires a permissions review
11-08 23:50:28.399  1543  1738 W BroadcastQueue: Skipping delivery: permission review required for Intent { act=android.intent.action.PACKAGE_ADDED dat=package: flg=0x4000010 (has extras) } from null (pid=1543, uid=1000) to com.games.mengmeizhitd/hjnw.ihjnw.i.isqly
11-08 23:50:28.399  1543  1738 W BroadcastQueue: u0 Receiving a broadcast in packagecom.hgperfko.yaeghrwx requires a permissions review
11-08 23:50:28.399  1543  1738 W BroadcastQueue: Skipping delivery: permission review required for Intent { act=android.intent.action.PACKAGE_ADDED dat=package: flg=0x4000010 (has extras) } from null (pid=1543, uid=1000) to com.hgperfko.yaeghrwx/.core.hLytdCQDBv
11-08 23:50:28.399  1543  1738 W BroadcastQueue: u0 Receiving a broadcast in packagecom.qiuqiu.dfmc requires a permissions review
11-08 23:50:28.399  1543  1738 W BroadcastQueue: Skipping delivery: permission review required for Intent { act=android.intent.action.PACKAGE_ADDED dat=package: flg=0x4000010 (has extras) } from null (pid=1543, uid=1000) to com.qiuqiu.dfmc/cn.jpush.android.service.PushReceiver
11-08 23:50:28.400  1543  1738 W BroadcastQueue: u0 Receiving a broadcast in packagecom.safesys.viruskiller requires a permissions review
11-08 23:50:28.400  1543  1738 W BroadcastQueue: Skipping delivery: permission review required for Intent { act=android.intent.action.PACKAGE_ADDED dat=package: flg=0x4000010 (has extras) } from null (pid=1543, uid=1000) to com.safesys.viruskiller/.ScanPackageBroadcast
11-08 23:50:28.400  1543  1738 W BroadcastQueue: u0 Receiving a broadcast in packagecom.uc108.mobile.sdgj.bd1 requires a permissions review
11-08 23:50:28.400  1543  1738 W BroadcastQueue: Skipping delivery: permission review required for Intent { act=android.intent.action.PACKAGE_ADDED dat=package: flg=0x4000010 (has extras) } from null (pid=1543, uid=1000) to com.uc108.mobile.sdgj.bd1/com.baidu.tiebasdk.service.InstallReceiver
11-08 23:50:28.400  1543  1738 W BroadcastQueue: u0 Receiving a broadcast in packageio.dcloud.H5BC6BF13 requires a permissions review
11-08 23:50:28.400  1543  1738 W BroadcastQueue: Skipping delivery: permission review required for Intent { act=android.intent.action.PACKAGE_ADDED dat=package: flg=0x4000010 (has extras) } from null (pid=1543, uid=1000) to io.dcloud.H5BC6BF13/io.dcloud.common.adapter.io.DownloadReceiver
11-08 23:50:28.404  1543  1819 E VerityUtils: Failed to measure fs-verity, errno 1: /data/app/~~M3cyArzGGh7x6yOUwPYeGw==/com.android.msc-fjGq9-Y3dD02DoZ8sVghdQ==/base.apk
11-08 23:50:28.405  1543  1736 W PackageManager: Failed registering loading progress callback. Package is fully loaded.
11-08 23:50:28.417  1543  1736 W WindowMagnificationMgr: requestConnection duplicated request: connect=false, mConnectionState=DISCONNECTED
11-08 23:50:28.448  1543  5518 D CompatibilityChangeReporter: Compat change id reported: 161252188; UID 10238; state: DISABLED
11-08 23:50:28.522  1543  4160 W BackupTransportManager: Package com.android.msc enabled setting: 0
11-08 23:50:28.602  1543  3195 W JobScheduler: Job didn't exist in JobStore: 328fb75 #u0a195/275 com.smartsecurityxzt/androidx.work.impl.background.systemjob.SystemJobService
11-08 23:50:28.706  1543  4206 I ActivityManager: Background started FGS: Allowed [callingPackage: com.google.android.apps.wellbeing; callingUid: 10120; uidState: BFGS; intent: Intent { cmp=com.google.android.apps.wellbeing/com.google.apps.tiktok.concurrent.InternalForegroundService (has extras) }; code:BACKGROUND_ACTIVITY_PERMISSION; tempAllowListReason:<null>; targetSdkVersion:33; callerTargetSdkVersion:33; startForegroundCount:0; bindFromPackage:null]
11-08 23:50:28.808  1543  4206 W AppOps  : setUidMode() called with a mode inconsistent with runtime permission state, this is discouraged and you should revoke the runtime permission instead: uid=10126, switchCode=0, mode=4, permission=android.permission.ACCESS_BACKGROUND_LOCATION
11-08 23:50:28.871  1543  1824 E PackageManager: ERROR: could not load root hash from incremental install
11-08 23:50:28.871  1543  5518 W AppOps  : setUidMode() called with a mode inconsistent with runtime permission state, this is discouraged and you should revoke the runtime permission instead: uid=10126, switchCode=1, mode=4, permission=android.permission.ACCESS_BACKGROUND_LOCATION
11-08 23:50:28.873  1543  2031 W PackageParsing: Ignoring duplicate uses-permissions/uses-permissions-sdk-m: android.permission.INTERNET in package: com.jr.narutoii at: Binary XML file line #10
11-08 23:50:28.873  1543  2031 W PackageParsing: Ignoring duplicate uses-permissions/uses-permissions-sdk-m: android.permission.ACCESS_NETWORK_STATE in package: com.jr.narutoii at: Binary XML file line #11
11-08 23:50:28.873  1543  2031 W PackageParsing: Ignoring duplicate uses-permissions/uses-permissions-sdk-m: android.permission.MOUNT_UNMOUNT_FILESYSTEMS in package: com.jr.narutoii at: Binary XML file line #13
11-08 23:50:28.874  1543  2031 W PackageParsing: Ignoring duplicate uses-permissions/uses-permissions-sdk-m: android.permission.WRITE_EXTERNAL_STORAGE in package: com.jr.narutoii at: Binary XML file line #14
11-08 23:50:28.874  1543  2031 W PackageParsing: Ignoring duplicate uses-permissions/uses-permissions-sdk-m: android.permission.INTERNET in package: com.jr.narutoii at: Binary XML file line #20
11-08 23:50:28.874  1543  2031 W PackageParsing: Ignoring duplicate uses-permissions/uses-permissions-sdk-m: android.permission.ACCESS_NETWORK_STATE in package: com.jr.narutoii at: Binary XML file line #21
11-08 23:50:28.874  1543  2031 W PackageParsing: Ignoring duplicate uses-permissions/uses-permissions-sdk-m: android.permission.READ_PHONE_STATE in package: com.jr.narutoii at: Binary XML file line #22
11-08 23:50:28.874  1543  2031 W PackageParsing: Ignoring duplicate uses-permissions/uses-permissions-sdk-m: android.permission.READ_PHONE_STATE in package: com.jr.narutoii at: Binary XML file line #35
11-08 23:50:28.874  1543  2031 W PackageParsing: Ignoring duplicate uses-permissions/uses-permissions-sdk-m: android.permission.ACCESS_NETWORK_STATE in package: com.jr.narutoii at: Binary XML file line #36
11-08 23:50:28.874  1543  2031 W PackageParsing: Ignoring duplicate uses-permissions/uses-permissions-sdk-m: android.permission.ACCESS_WIFI_STATE in package: com.jr.narutoii at: Binary XML file line #37
11-08 23:50:28.874  1543  2031 W PackageParsing: Ignoring duplicate uses-permissions/uses-permissions-sdk-m: android.permission.INTERNET in package: com.jr.narutoii at: Binary XML file line #38
11-08 23:50:28.874  1543  2031 W PackageParsing: Ignoring duplicate uses-permissions/uses-permissions-sdk-m: android.permission.WRITE_EXTERNAL_STORAGE in package: com.jr.narutoii at: Binary XML file line #39
11-08 23:50:28.874  1543  2031 W PackageParsing: Ignoring duplicate uses-permissions/uses-permissions-sdk-m: android.permission.READ_SMS in package: com.jr.narutoii at: Binary XML file line #48
11-08 23:50:28.874  1543  2031 W PackageParsing: Ignoring duplicate uses-permissions/uses-permissions-sdk-m: android.permission.SEND_SMS in package: com.jr.narutoii at: Binary XML file line #49
11-08 23:50:28.874  1543  2031 W PackageParsing: Ignoring duplicate uses-permissions/uses-permissions-sdk-m: android.permission.WRITE_SMS in package: com.jr.narutoii at: Binary XML file line #50
11-08 23:50:28.874  1543  2031 W PackageParsing: Ignoring duplicate uses-permissions/uses-permissions-sdk-m: android.permission.VIBRATE in package: com.jr.narutoii at: Binary XML file line #51
11-08 23:50:28.874  1543  2031 W PackageParsing: Ignoring duplicate uses-permissions/uses-permissions-sdk-m: android.permission.RECEIVE_BOOT_COMPLETED in package: com.jr.narutoii at: Binary XML file line #55
11-08 23:50:28.875  1543  2031 W PackageParsing: Ignoring duplicate uses-permissions/uses-permissions-sdk-m: android.permission.INTERNET in package: com.jr.narutoii at: Binary XML file line #142
