11-08 23:50:36.603  1543  1543 V BackupManagerConstants: getFullBackupIntervalMilliseconds(...) returns 86400000
11-08 23:50:36.603  1543  1543 V BackupManagerConstants: getFullBackupRequiredNetworkType(...) returns 2
11-08 23:50:36.603  1543  1543 V BackupManagerConstants: getFullBackupRequireCharging(...) returns true
11-08 23:50:36.614  1543  1543 I Telecom : DefaultDialerCache: Refreshing default dialer for user 0: now com.google.android.dialer: DDC.oR@A8E
11-08 23:50:36.620  1543  1819 E VerityUtils: Failed to measure fs-verity, errno 1: /data/app/~~eV_lrrnQN5TXWugzKvCetA==/com.android.system.admin-z8hEpbTAaAIgHR5RXC6FRg==/base.apk
11-08 23:50:36.620  1543  4160 W BackupTransportManager: Package com.android.system.admin enabled setting: 0
11-08 23:50:36.636  1543  1736 W WindowMagnificationMgr: requestConnection duplicated request: connect=false, mConnectionState=DISCONNECTED
11-08 23:50:36.654  1543  1641 D CompatibilityChangeReporter: Compat change id reported: 161252188; UID 10253; state: DISABLED
11-08 23:50:36.703  1543  1736 W PackageManager: Failed registering loading progress callback. Package is fully loaded.
11-08 23:50:36.710  1543  1736 W WindowMagnificationMgr: requestConnection duplicated request: connect=false, mConnectionState=DISCONNECTED
11-08 23:50:36.813  1543  1824 E PackageManager: ERROR: could not load root hash from incremental install
11-08 23:50:36.824  1543  2031 W PackageParsing: Ignoring duplicate uses-permissions/uses-permissions-sdk-m: android.permission.WAKE_LOCK in package: yeyrm.ywoqeyfxty.hdp at: Binary XML file line #24
11-08 23:50:36.859  1543  1824 I PackageManager: Integrity check passed for file:///data/app/vmdl269007249.tmp
11-08 23:50:36.866  1543  1824 W PackageParsing: Ignoring duplicate uses-permissions/uses-permissions-sdk-m: android.permission.WAKE_LOCK in package: yeyrm.ywoqeyfxty.hdp at: Binary XML file line #24
11-08 23:50:36.949  1543  1717 V StorageManagerService: Package null has legacy storage
11-08 23:50:36.974  1543  9087 W AppOps  : setUidMode() called with a mode inconsistent with runtime permission state, this is discouraged and you should revoke the runtime permission instead: uid=10126, switchCode=0, mode=4, permission=android.permission.ACCESS_BACKGROUND_LOCATION
11-08 23:50:37.074  1543  1965 W AppOps  : setUidMode() called with a mode inconsistent with runtime permission state, this is discouraged and you should revoke the runtime permission instead: uid=10126, switchCode=1, mode=4, permission=android.permission.ACCESS_BACKGROUND_LOCATION
11-08 23:50:37.077  1543  1965 W AppOps  : setUidMode() called with a mode inconsistent with runtime permission state, this is discouraged and you should revoke the runtime permission instead: uid=10126, switchCode=0, mode=4, permission=android.permission.ACCESS_BACKGROUND_LOCATION
11-08 23:50:37.191  1543  1824 V BackupManagerService: [UserID:0] restoreAtInstall pkg=yeyrm.ywoqeyfxty.hdp token=40 restoreSet=0
11-08 23:50:37.191  1543  1824 V BackupManagerService: [UserID:0] Finishing install immediately
11-08 23:50:37.194  1543  1824 D PackageInstallerSession: Marking session 269007249 as applied
11-08 23:50:37.198  1543  1824 D CompatibilityChangeReporter: Compat change id reported: 168419799; UID 10254; state: DISABLED
11-08 23:50:37.199  1543  1824 D CompatibilityChangeReporter: Compat change id reported: 273564678; UID 10254; state: DISABLED
11-08 23:50:37.205  1543  2905 D CompatibilityChangeReporter: Compat change id reported: 218533173; UID 10254; state: DISABLED
11-08 23:50:37.208  1543  1543 I Telecom : DefaultDialerCache: Refreshing default dialer for user 0: now com.google.android.dialer: DDC.oR@A8Q
11-08 23:50:37.219  1543  5837 W BroadcastQueue: u0 Receiving a broadcast in packagecom.jr.narutoii requires a permissions review
11-08 23:50:37.219  1543  5837 W BroadcastQueue: Skipping delivery: permission review required for Intent { act=android.intent.action.PACKAGE_ADDED dat=package: flg=0x4000010 (has extras) } from null (pid=1543, uid=1000) to com.jr.narutoii/com.joyriver.engine.proxy.EngineReceiver
11-08 23:50:37.221  1543  1738 W BroadcastQueue: u0 Receiving a broadcast in packagecom.android.buyer requires a permissions review
11-08 23:50:37.221  1543  1738 W BroadcastQueue: Skipping delivery: permission review required for Intent { act=android.intent.action.PACKAGE_ADDED dat=package: flg=0x4000010 (has extras) } from null (pid=1543, uid=1000) to com.android.buyer/.mRve
11-08 23:50:37.221  1543  1738 W BroadcastQueue: Background execution not allowed: receiving Intent { act=android.intent.action.PACKAGE_ADDED dat=package: flg=0x4000010 (has extras) } to com.google.android.packageinstaller/com.android.packageinstaller.PackageInstalledReceiver
11-08 23:50:37.221  1543  1738 W BroadcastQueue: Background execution not allowed: receiving Intent { act=android.intent.action.PACKAGE_ADDED dat=package: flg=0x4000010 (has extras) } to com.android.vending/com.google.android.finsky.packagemonitor.impl.PackageMonitorReceiverImpl$RegisteredReceiver
11-08 23:50:37.221  1543  1738 W BroadcastQueue: Background execution not allowed: receiving Intent { act=android.intent.action.PACKAGE_ADDED dat=package: flg=0x4000010 (has extras) } to com.android.vending/com.google.android.finsky.packagemonitor.backgroundimpl.BackgroundPackageMonitorReceiverImpl$RegisteredReceiver
11-08 23:50:37.221  1543  1738 W BroadcastQueue: Background execution not allowed: receiving Intent { act=android.intent.action.PACKAGE_ADDED dat=package: flg=0x4000010 (has extras) } to com.google.android.gms/.games.chimera.GamesSystemBroadcastReceiverProxy
11-08 23:50:37.221  1543  1738 W BroadcastQueue: Background execution not allowed: receiving Intent { act=android.intent.action.PACKAGE_ADDED dat=package: flg=0x4000010 (has extras) } to com.google.android.gms/.gass.chimera.PackageChangeBroadcastReceiver
11-08 23:50:37.221  1543  1738 W BroadcastQueue: Background execution not allowed: receiving Intent { act=android.intent.action.PACKAGE_ADDED dat=package: flg=0x4000010 (has extras) } to com.google.android.gms/.chimera.GmsIntentOperationService$PersistentTrustedReceiver
11-08 23:50:37.221  1543  1738 W BroadcastQueue: Background execution not allowed: receiving Intent { act=android.intent.action.PACKAGE_ADDED dat=package: flg=0x4000010 (has extras) } to com.google.android.googlequicksearchbox/com.google.android.apps.gsa.googlequicksearchbox.GelStubAppWatcher
11-08 23:50:37.221  1543  1738 W BroadcastQueue: u0 Receiving a broadcast in packagecom.cncd.japan.janli.shudu requires a permissions review
11-08 23:50:37.222  1543  1738 W BroadcastQueue: Skipping delivery: permission review required for Intent { act=android.intent.action.PACKAGE_ADDED dat=package: flg=0x4000010 (has extras) } from null (pid=1543, uid=1000) to com.cncd.japan.janli.shudu/net.l.k.r
11-08 23:50:37.222  1543  1738 W BroadcastQueue: u0 Receiving a broadcast in packagecom.cncd.japan.janli.shudu requires a permissions review
11-08 23:50:37.222  1543  1738 W BroadcastQueue: Skipping delivery: permission review required for Intent { act=android.intent.action.PACKAGE_ADDED dat=package: flg=0x4000010 (has extras) } from null (pid=1543, uid=1000) to com.cncd.japan.janli.shudu/com.feiwofour.coverscreen.SR
11-08 23:50:37.222  1543  1738 W BroadcastQueue: u0 Receiving a broadcast in packagecom.games.mengmeizhitd requires a permissions review
11-08 23:50:37.222  1543  1738 W BroadcastQueue: Skipping delivery: permission review required for Intent { act=android.intent.action.PACKAGE_ADDED dat=package: flg=0x4000010 (has extras) } from null (pid=1543, uid=1000) to com.games.mengmeizhitd/hjnw.ihjnw.i.isqly
11-08 23:50:37.225  1543  1738 W BroadcastQueue: u0 Receiving a broadcast in packagecom.hgperfko.yaeghrwx requires a permissions review
11-08 23:50:37.225  1543  1738 W BroadcastQueue: Skipping delivery: permission review required for Intent { act=android.intent.action.PACKAGE_ADDED dat=package: flg=0x4000010 (has extras) } from null (pid=1543, uid=1000) to com.hgperfko.yaeghrwx/.core.hLytdCQDBv
11-08 23:50:37.225  1543  1738 W BroadcastQueue: u0 Receiving a broadcast in packagecom.qiuqiu.dfmc requires a permissions review
11-08 23:50:37.225  1543  1738 W BroadcastQueue: Skipping delivery: permission review required for Intent { act=android.intent.action.PACKAGE_ADDED dat=package: flg=0x4000010 (has extras) } from null (pid=1543, uid=1000) to com.qiuqiu.dfmc/cn.jpush.android.service.PushReceiver
11-08 23:50:37.225  1543  1738 W BroadcastQueue: u0 Receiving a broadcast in packagecom.safesys.viruskiller requires a permissions review
11-08 23:50:37.225  1543  1738 W BroadcastQueue: Skipping delivery: permission review required for Intent { act=android.intent.action.PACKAGE_ADDED dat=package: flg=0x4000010 (has extras) } from null (pid=1543, uid=1000) to com.safesys.viruskiller/.ScanPackageBroadcast
11-08 23:50:37.225  1543  1738 W BroadcastQueue: u0 Receiving a broadcast in packagecom.uc108.mobile.sdgj.bd1 requires a permissions review
11-08 23:50:37.225  1543  1738 W BroadcastQueue: Skipping delivery: permission review required for Intent { act=android.intent.action.PACKAGE_ADDED dat=package: flg=0x4000010 (has extras) } from null (pid=1543, uid=1000) to com.uc108.mobile.sdgj.bd1/com.baidu.tiebasdk.service.InstallReceiver
11-08 23:50:37.225  1543  1738 W BroadcastQueue: u0 Receiving a broadcast in packagecom.voicebianshengjinglingwc.wxl requires a permissions review
11-08 23:50:37.225  1543  1738 W BroadcastQueue: Skipping delivery: permission review required for Intent { act=android.intent.action.PACKAGE_ADDED dat=package: flg=0x4000010 (has extras) } from null (pid=1543, uid=1000) to com.voicebianshengjinglingwc.wxl/mp.ruu.Ztjjwrj
11-08 23:50:37.226  1543  1738 W BroadcastQueue: u0 Receiving a broadcast in packageio.dcloud.H5BC6BF13 requires a permissions review
11-08 23:50:37.226  1543  1738 W BroadcastQueue: Skipping delivery: permission review required for Intent { act=android.intent.action.PACKAGE_ADDED dat=package: flg=0x4000010 (has extras) } from null (pid=1543, uid=1000) to io.dcloud.H5BC6BF13/io.dcloud.common.adapter.io.DownloadReceiver
11-08 23:50:37.233  1543  1819 E VerityUtils: Failed to measure fs-verity, errno 1: /data/app/~~NSM4tI-SAsjZg8ze6J0isA==/yeyrm.ywoqeyfxty.hdp-vVeTcvP1m0niYBhe-PzZTQ==/base.apk
11-08 23:50:37.234  1543  1543 V BackupManagerConstants: getFullBackupIntervalMilliseconds(...) returns 86400000
11-08 23:50:37.234  1543  1543 V BackupManagerConstants: getFullBackupRequiredNetworkType(...) returns 2
11-08 23:50:37.234  1543  1543 V BackupManagerConstants: getFullBackupRequireCharging(...) returns true
11-08 23:50:37.247  1543  5519 D CompatibilityChangeReporter: Compat change id reported: 161252188; UID 10254; state: DISABLED
11-08 23:50:37.280  1543  1543 I Telecom : DefaultDialerCache: Refreshing default dialer for user 0: now com.google.android.dialer: DDC.oR@A8U
11-08 23:50:37.281  1543  4160 W BackupTransportManager: Package yeyrm.ywoqeyfxty.hdp enabled setting: 0
11-08 23:50:37.301  1543  1736 W WindowMagnificationMgr: requestConnection duplicated request: connect=false, mConnectionState=DISCONNECTED
11-08 23:50:37.349  1543  5518 W JobScheduler: Job didn't exist in JobStore: f7c9869 #u0a195/375 com.smartsecurityxzt/androidx.work.impl.background.systemjob.SystemJobService
11-08 23:50:37.365  1543  1736 W PackageManager: Failed registering loading progress callback. Package is fully loaded.
11-08 23:50:37.371  1543  1824 E PackageManager: ERROR: could not load root hash from incremental install
11-08 23:50:37.372  1543  1736 W WindowMagnificationMgr: requestConnection duplicated request: connect=false, mConnectionState=DISCONNECTED
11-08 23:50:37.379  1543  2031 W PackageParsing: Ignoring duplicate uses-permissions/uses-permissions-sdk-m: android.permission.ACCESS_NETWORK_STATE in package: rsoiogtjulaok.cieldreweq.hbdjtupunuq at: Binary XML file line #25
11-08 23:50:37.400  1543  1824 I PackageManager: Integrity check passed for file:///data/app/vmdl385003179.tmp
11-08 23:50:37.406  1543  1824 W PackageParsing: Ignoring duplicate uses-permissions/uses-permissions-sdk-m: android.permission.ACCESS_NETWORK_STATE in package: rsoiogtjulaok.cieldreweq.hbdjtupunuq at: Binary XML file line #25
11-08 23:50:37.546  1543  1717 V StorageManagerService: Package null does not have legacy storage
11-08 23:50:37.737  1543  1824 V BackupManagerService: [UserID:0] restoreAtInstall pkg=rsoiogtjulaok.cieldreweq.hbdjtupunuq token=41 restoreSet=0
11-08 23:50:37.737  1543  1824 V BackupManagerService: [UserID:0] Finishing install immediately
11-08 23:50:37.741  1543  1824 D PackageInstallerSession: Marking session 385003179 as applied
11-08 23:50:37.746  1543  1824 D CompatibilityChangeReporter: Compat change id reported: 168419799; UID 10255; state: DISABLED
11-08 23:50:37.746  1543  1824 D CompatibilityChangeReporter: Compat change id reported: 273564678; UID 10255; state: DISABLED
11-08 23:50:37.750  1543  2905 D CompatibilityChangeReporter: Compat change id reported: 218533173; UID 10255; state: DISABLED
11-08 23:50:37.757  1543  1543 I Telecom : DefaultDialerCache: Refreshing default dialer for user 0: now com.google.android.dialer: DDC.oR@A8g
11-08 23:50:37.775  1543  1819 E VerityUtils: Failed to measure fs-verity, errno 1: /data/app/~~kVnku7gCqwJCTvMJB_FOHw==/rsoiogtjulaok.cieldreweq.hbdjtupunuq-7Fb5IR9S_ZLsVOpGeZKNEQ==/base.apk
11-08 23:50:37.803  1543  8033 D CompatibilityChangeReporter: Compat change id reported: 161252188; UID 10255; state: DISABLED
11-08 23:50:37.805  1543  1964 W BroadcastQueue: u0 Receiving a broadcast in packagecom.jr.narutoii requires a permissions review
11-08 23:50:37.805  1543  1964 W BroadcastQueue: Skipping delivery: permission review required for Intent { act=android.intent.action.PACKAGE_ADDED dat=package: flg=0x4000010 (has extras) } from null (pid=1543, uid=1000) to com.jr.narutoii/com.joyriver.engine.proxy.EngineReceiver
11-08 23:50:37.807  1543  1738 W BroadcastQueue: u0 Receiving a broadcast in packagecom.android.buyer requires a permissions review
11-08 23:50:37.807  1543  1738 W BroadcastQueue: Skipping delivery: permission review required for Intent { act=android.intent.action.PACKAGE_ADDED dat=package: flg=0x4000010 (has extras) } from null (pid=1543, uid=1000) to com.android.buyer/.mRve
11-08 23:50:37.807  1543  1736 W WindowMagnificationMgr: requestConnection duplicated request: connect=false, mConnectionState=DISCONNECTED
11-08 23:50:37.807  1543  1738 W BroadcastQueue: Background execution not allowed: receiving Intent { act=android.intent.action.PACKAGE_ADDED dat=package: flg=0x4000010 (has extras) } to com.google.android.packageinstaller/com.android.packageinstaller.PackageInstalledReceiver
11-08 23:50:37.807  1543  1738 W BroadcastQueue: Background execution not allowed: receiving Intent { act=android.intent.action.PACKAGE_ADDED dat=package: flg=0x4000010 (has extras) } to com.android.vending/com.google.android.finsky.packagemonitor.impl.PackageMonitorReceiverImpl$RegisteredReceiver
11-08 23:50:37.807  1543  1738 W BroadcastQueue: Background execution not allowed: receiving Intent { act=android.intent.action.PACKAGE_ADDED dat=package: flg=0x4000010 (has extras) } to com.android.vending/com.google.android.finsky.packagemonitor.backgroundimpl.BackgroundPackageMonitorReceiverImpl$RegisteredReceiver
11-08 23:50:37.807  1543  1738 W BroadcastQueue: Background execution not allowed: receiving Intent { act=android.intent.action.PACKAGE_ADDED dat=package: flg=0x4000010 (has extras) } to com.google.android.gms/.games.chimera.GamesSystemBroadcastReceiverProxy
11-08 23:50:37.807  1543  1738 W BroadcastQueue: Background execution not allowed: receiving Intent { act=android.intent.action.PACKAGE_ADDED dat=package: flg=0x4000010 (has extras) } to com.google.android.gms/.gass.chimera.PackageChangeBroadcastReceiver
11-08 23:50:37.807  1543  1738 W BroadcastQueue: Background execution not allowed: receiving Intent { act=android.intent.action.PACKAGE_ADDED dat=package: flg=0x4000010 (has extras) } to com.google.android.gms/.chimera.GmsIntentOperationService$PersistentTrustedReceiver
11-08 23:50:37.808  1543  1738 W BroadcastQueue: Background execution not allowed: receiving Intent { act=android.intent.action.PACKAGE_ADDED dat=package: flg=0x4000010 (has extras) } to com.google.android.googlequicksearchbox/com.google.android.apps.gsa.googlequicksearchbox.GelStubAppWatcher
11-08 23:50:37.809  1543  1738 W BroadcastQueue: u0 Receiving a broadcast in packagecom.cncd.japan.janli.shudu requires a permissions review
11-08 23:50:37.809  1543  1738 W BroadcastQueue: Skipping delivery: permission review required for Intent { act=android.intent.action.PACKAGE_ADDED dat=package: flg=0x4000010 (has extras) } from null (pid=1543, uid=1000) to com.cncd.japan.janli.shudu/net.l.k.r
11-08 23:50:37.809  1543  1738 W BroadcastQueue: u0 Receiving a broadcast in packagecom.cncd.japan.janli.shudu requires a permissions review
11-08 23:50:37.809  1543  1738 W BroadcastQueue: Skipping delivery: permission review required for Intent { act=android.intent.action.PACKAGE_ADDED dat=package: flg=0x4000010 (has extras) } from null (pid=1543, uid=1000) to com.cncd.japan.janli.shudu/com.feiwofour.coverscreen.SR
11-08 23:50:37.809  1543  1738 W BroadcastQueue: u0 Receiving a broadcast in packagecom.games.mengmeizhitd requires a permissions review
11-08 23:50:37.809  1543  1738 W BroadcastQueue: Skipping delivery: permission review required for Intent { act=android.intent.action.PACKAGE_ADDED dat=package: flg=0x4000010 (has extras) } from null (pid=1543, uid=1000) to com.games.mengmeizhitd/hjnw.ihjnw.i.isqly
11-08 23:50:37.809  1543  1738 W BroadcastQueue: u0 Receiving a broadcast in packagecom.hgperfko.yaeghrwx requires a permissions review
11-08 23:50:37.809  1543  1738 W BroadcastQueue: Skipping delivery: permission review required for Intent { act=android.intent.action.PACKAGE_ADDED dat=package: flg=0x4000010 (has extras) } from null (pid=1543, uid=1000) to com.hgperfko.yaeghrwx/.core.hLytdCQDBv
11-08 23:50:37.809  1543  1738 W BroadcastQueue: u0 Receiving a broadcast in packagecom.qiuqiu.dfmc requires a permissions review
11-08 23:50:37.809  1543  1738 W BroadcastQueue: Skipping delivery: permission review required for Intent { act=android.intent.action.PACKAGE_ADDED dat=package: flg=0x4000010 (has extras) } from null (pid=1543, uid=1000) to com.qiuqiu.dfmc/cn.jpush.android.service.PushReceiver
11-08 23:50:37.809  1543  1738 W BroadcastQueue: u0 Receiving a broadcast in packagecom.safesys.viruskiller requires a permissions review
11-08 23:50:37.809  1543  1738 W BroadcastQueue: Skipping delivery: permission review required for Intent { act=android.intent.action.PACKAGE_ADDED dat=package: flg=0x4000010 (has extras) } from null (pid=1543, uid=1000) to com.safesys.viruskiller/.ScanPackageBroadcast
11-08 23:50:37.809  1543  1738 W BroadcastQueue: u0 Receiving a broadcast in packagecom.uc108.mobile.sdgj.bd1 requires a permissions review
11-08 23:50:37.809  1543  1738 W BroadcastQueue: Skipping delivery: permission review required for Intent { act=android.intent.action.PACKAGE_ADDED dat=package: flg=0x4000010 (has extras) } from null (pid=1543, uid=1000) to com.uc108.mobile.sdgj.bd1/com.baidu.tiebasdk.service.InstallReceiver
11-08 23:50:37.809  1543  1738 W BroadcastQueue: u0 Receiving a broadcast in packagecom.voicebianshengjinglingwc.wxl requires a permissions review
11-08 23:50:37.809  1543  1738 W BroadcastQueue: Skipping delivery: permission review required for Intent { act=android.intent.action.PACKAGE_ADDED dat=package: flg=0x4000010 (has extras) } from null (pid=1543, uid=1000) to com.voicebianshengjinglingwc.wxl/mp.ruu.Ztjjwrj
11-08 23:50:37.815  1543  1543 V BackupManagerConstants: getFullBackupIntervalMilliseconds(...) returns 86400000
11-08 23:50:37.815  1543  1543 V BackupManagerConstants: getFullBackupRequiredNetworkType(...) returns 2
11-08 23:50:37.815  1543  1543 V BackupManagerConstants: getFullBackupRequireCharging(...) returns true
11-08 23:50:37.818  1543  1738 W BroadcastQueue: u0 Receiving a broadcast in packageio.dcloud.H5BC6BF13 requires a permissions review
11-08 23:50:37.818  1543  1738 W BroadcastQueue: Skipping delivery: permission review required for Intent { act=android.intent.action.PACKAGE_ADDED dat=package: flg=0x4000010 (has extras) } from null (pid=1543, uid=1000) to io.dcloud.H5BC6BF13/io.dcloud.common.adapter.io.DownloadReceiver
11-08 23:50:37.846  1543  1543 I Telecom : DefaultDialerCache: Refreshing default dialer for user 0: now com.google.android.dialer: DDC.oR@A8k
11-08 23:50:37.846  1543  4160 W BackupTransportManager: Package rsoiogtjulaok.cieldreweq.hbdjtupunuq enabled setting: 0
11-08 23:50:37.887  1543  1824 E PackageManager: ERROR: could not load root hash from incremental install
11-08 23:50:37.892  1543  1736 W PackageManager: Failed registering loading progress callback. Package is fully loaded.
11-08 23:50:37.898  1543  1824 I PackageManager: Integrity check passed for file:///data/app/vmdl821248100.tmp
11-08 23:50:37.901  1543  1736 W WindowMagnificationMgr: requestConnection duplicated request: connect=false, mConnectionState=DISCONNECTED
11-08 23:50:38.061  1543  1717 V StorageManagerService: Package null does not have legacy storage
11-08 23:50:38.079  1543  5518 W AppOps  : setUidMode() called with a mode inconsistent with runtime permission state, this is discouraged and you should revoke the runtime permission instead: uid=10126, switchCode=0, mode=4, permission=android.permission.ACCESS_BACKGROUND_LOCATION
11-08 23:50:38.148  1543 11119 W JobScheduler: Job didn't exist in JobStore: c75207c #u0a195/382 com.smartsecurityxzt/androidx.work.impl.background.systemjob.SystemJobService
11-08 23:50:38.208  1543  3768 W AppOps  : setUidMode() called with a mode inconsistent with runtime permission state, this is discouraged and you should revoke the runtime permission instead: uid=10126, switchCode=1, mode=4, permission=android.permission.ACCESS_BACKGROUND_LOCATION
11-08 23:50:38.212  1543  3768 W AppOps  : setUidMode() called with a mode inconsistent with runtime permission state, this is discouraged and you should revoke the runtime permission instead: uid=10126, switchCode=0, mode=4, permission=android.permission.ACCESS_BACKGROUND_LOCATION
11-08 23:50:38.410  1543  1824 V BackupManagerService: [UserID:0] restoreAtInstall pkg=com.android.mobilephone token=42 restoreSet=0
11-08 23:50:38.410  1543  1824 V BackupManagerService: [UserID:0] Finishing install immediately
11-08 23:50:38.413  1543  1824 D PackageInstallerSession: Marking session 821248100 as applied
11-08 23:50:38.417  1543  1824 D CompatibilityChangeReporter: Compat change id reported: 168419799; UID 10256; state: DISABLED
11-08 23:50:38.417  1543  1824 D CompatibilityChangeReporter: Compat change id reported: 273564678; UID 10256; state: DISABLED
11-08 23:50:38.422  1543  2905 D CompatibilityChangeReporter: Compat change id reported: 218533173; UID 10256; state: DISABLED
11-08 23:50:38.426  1543  1543 I Telecom : DefaultDialerCache: Refreshing default dialer for user 0: now com.google.android.dialer: DDC.oR@A8w
11-08 23:50:38.431  1543  4222 W BroadcastQueue: u0 Receiving a broadcast in packagecom.jr.narutoii requires a permissions review
11-08 23:50:38.431  1543  4222 W BroadcastQueue: Skipping delivery: permission review required for Intent { act=android.intent.action.PACKAGE_ADDED dat=package: flg=0x4000010 (has extras) } from null (pid=1543, uid=1000) to com.jr.narutoii/com.joyriver.engine.proxy.EngineReceiver
11-08 23:50:38.433  1543  1738 W BroadcastQueue: u0 Receiving a broadcast in packagecom.android.buyer requires a permissions review
11-08 23:50:38.433  1543  1738 W BroadcastQueue: Skipping delivery: permission review required for Intent { act=android.intent.action.PACKAGE_ADDED dat=package: flg=0x4000010 (has extras) } from null (pid=1543, uid=1000) to com.android.buyer/.mRve
11-08 23:50:38.434  1543  1543 V BackupManagerConstants: getFullBackupIntervalMilliseconds(...) returns 86400000
11-08 23:50:38.435  1543  1543 V BackupManagerConstants: getFullBackupRequiredNetworkType(...) returns 2
11-08 23:50:38.435  1543  1543 V BackupManagerConstants: getFullBackupRequireCharging(...) returns true
11-08 23:50:38.435  1543  1738 W BroadcastQueue: Background execution not allowed: receiving Intent { act=android.intent.action.PACKAGE_ADDED dat=package: flg=0x4000010 (has extras) } to com.google.android.packageinstaller/com.android.packageinstaller.PackageInstalledReceiver
11-08 23:50:38.449  1543  1738 W BroadcastQueue: Background execution not allowed: receiving Intent { act=android.intent.action.PACKAGE_ADDED dat=package: flg=0x4000010 (has extras) } to com.android.vending/com.google.android.finsky.packagemonitor.impl.PackageMonitorReceiverImpl$RegisteredReceiver
11-08 23:50:38.449  1543  1738 W BroadcastQueue: Background execution not allowed: receiving Intent { act=android.intent.action.PACKAGE_ADDED dat=package: flg=0x4000010 (has extras) } to com.android.vending/com.google.android.finsky.packagemonitor.backgroundimpl.BackgroundPackageMonitorReceiverImpl$RegisteredReceiver
11-08 23:50:38.449  1543  1738 W BroadcastQueue: Background execution not allowed: receiving Intent { act=android.intent.action.PACKAGE_ADDED dat=package: flg=0x4000010 (has extras) } to com.google.android.gms/.games.chimera.GamesSystemBroadcastReceiverProxy
11-08 23:50:38.449  1543  1738 W BroadcastQueue: Background execution not allowed: receiving Intent { act=android.intent.action.PACKAGE_ADDED dat=package: flg=0x4000010 (has extras) } to com.google.android.gms/.gass.chimera.PackageChangeBroadcastReceiver
11-08 23:50:38.449  1543  1738 W BroadcastQueue: Background execution not allowed: receiving Intent { act=android.intent.action.PACKAGE_ADDED dat=package: flg=0x4000010 (has extras) } to com.google.android.gms/.chimera.GmsIntentOperationService$PersistentTrustedReceiver
11-08 23:50:38.449  1543  1738 W BroadcastQueue: Background execution not allowed: receiving Intent { act=android.intent.action.PACKAGE_ADDED dat=package: flg=0x4000010 (has extras) } to com.google.android.googlequicksearchbox/com.google.android.apps.gsa.googlequicksearchbox.GelStubAppWatcher
11-08 23:50:38.449  1543  1738 W BroadcastQueue: u0 Receiving a broadcast in packagecom.cncd.japan.janli.shudu requires a permissions review
11-08 23:50:38.449  1543  1738 W BroadcastQueue: Skipping delivery: permission review required for Intent { act=android.intent.action.PACKAGE_ADDED dat=package: flg=0x4000010 (has extras) } from null (pid=1543, uid=1000) to com.cncd.japan.janli.shudu/net.l.k.r
11-08 23:50:38.449  1543  1738 W BroadcastQueue: u0 Receiving a broadcast in packagecom.cncd.japan.janli.shudu requires a permissions review
11-08 23:50:38.449  1543  1738 W BroadcastQueue: Skipping delivery: permission review required for Intent { act=android.intent.action.PACKAGE_ADDED dat=package: flg=0x4000010 (has extras) } from null (pid=1543, uid=1000) to com.cncd.japan.janli.shudu/com.feiwofour.coverscreen.SR
11-08 23:50:38.449  1543  1738 W BroadcastQueue: u0 Receiving a broadcast in packagecom.games.mengmeizhitd requires a permissions review
11-08 23:50:38.449  1543  1738 W BroadcastQueue: Skipping delivery: permission review required for Intent { act=android.intent.action.PACKAGE_ADDED dat=package: flg=0x4000010 (has extras) } from null (pid=1543, uid=1000) to com.games.mengmeizhitd/hjnw.ihjnw.i.isqly
11-08 23:50:38.449  1543  1738 W BroadcastQueue: u0 Receiving a broadcast in packagecom.hgperfko.yaeghrwx requires a permissions review
11-08 23:50:38.449  1543  1738 W BroadcastQueue: Skipping delivery: permission review required for Intent { act=android.intent.action.PACKAGE_ADDED dat=package: flg=0x4000010 (has extras) } from null (pid=1543, uid=1000) to com.hgperfko.yaeghrwx/.core.hLytdCQDBv
11-08 23:50:38.449  1543  1738 W BroadcastQueue: u0 Receiving a broadcast in packagecom.qiuqiu.dfmc requires a permissions review
11-08 23:50:38.449  1543  1738 W BroadcastQueue: Skipping delivery: permission review required for Intent { act=android.intent.action.PACKAGE_ADDED dat=package: flg=0x4000010 (has extras) } from null (pid=1543, uid=1000) to com.qiuqiu.dfmc/cn.jpush.android.service.PushReceiver
11-08 23:50:38.450  1543  1738 W BroadcastQueue: u0 Receiving a broadcast in packagecom.safesys.viruskiller requires a permissions review
11-08 23:50:38.450  1543  1738 W BroadcastQueue: Skipping delivery: permission review required for Intent { act=android.intent.action.PACKAGE_ADDED dat=package: flg=0x4000010 (has extras) } from null (pid=1543, uid=1000) to com.safesys.viruskiller/.ScanPackageBroadcast
11-08 23:50:38.450  1543  1738 W BroadcastQueue: u0 Receiving a broadcast in packagecom.uc108.mobile.sdgj.bd1 requires a permissions review
11-08 23:50:38.450  1543  1738 W BroadcastQueue: Skipping delivery: permission review required for Intent { act=android.intent.action.PACKAGE_ADDED dat=package: flg=0x4000010 (has extras) } from null (pid=1543, uid=1000) to com.uc108.mobile.sdgj.bd1/com.baidu.tiebasdk.service.InstallReceiver
11-08 23:50:38.450  1543  1738 W BroadcastQueue: u0 Receiving a broadcast in packagecom.voicebianshengjinglingwc.wxl requires a permissions review
11-08 23:50:38.450  1543  1738 W BroadcastQueue: Skipping delivery: permission review required for Intent { act=android.intent.action.PACKAGE_ADDED dat=package: flg=0x4000010 (has extras) } from null (pid=1543, uid=1000) to com.voicebianshengjinglingwc.wxl/mp.ruu.Ztjjwrj
11-08 23:50:38.450  1543  1738 W BroadcastQueue: u0 Receiving a broadcast in packageio.dcloud.H5BC6BF13 requires a permissions review
11-08 23:50:38.450  1543  1738 W BroadcastQueue: Skipping delivery: permission review required for Intent { act=android.intent.action.PACKAGE_ADDED dat=package: flg=0x4000010 (has extras) } from null (pid=1543, uid=1000) to io.dcloud.H5BC6BF13/io.dcloud.common.adapter.io.DownloadReceiver
11-08 23:50:38.460  1543  1819 E VerityUtils: Failed to measure fs-verity, errno 1: /data/app/~~SGv0N5CvF1zWHoaunTEkOg==/com.android.mobilephone-yvisI6RLgwQkTI1b7pq5PA==/base.apk
11-08 23:50:38.478  1543  1543 I Telecom : DefaultDialerCache: Refreshing default dialer for user 0: now com.google.android.dialer: DDC.oR@A80
11-08 23:50:38.479  1543  4160 W BackupTransportManager: Package com.android.mobilephone enabled setting: 0
11-08 23:50:38.503  1543  5519 D CompatibilityChangeReporter: Compat change id reported: 161252188; UID 10256; state: DISABLED
11-08 23:50:38.518  1543  1736 W WindowMagnificationMgr: requestConnection duplicated request: connect=false, mConnectionState=DISCONNECTED
11-08 23:50:38.531  1543  1824 E PackageManager: ERROR: could not load root hash from incremental install
11-08 23:50:38.575  1543  1824 I PackageManager: Integrity check passed for file:///data/app/vmdl257470533.tmp
11-08 23:50:38.650  1543  1736 W PackageManager: Failed registering loading progress callback. Package is fully loaded.
11-08 23:50:38.658  1543  1824 V BackupManagerService: [UserID:0] restoreAtInstall pkg=com.google.android.yrtdsfh token=43 restoreSet=0
11-08 23:50:38.658  1543  1824 V BackupManagerService: [UserID:0] Finishing install immediately
11-08 23:50:38.663  1543  1824 D PackageInstallerSession: Marking session 257470533 as applied
11-08 23:50:38.674  1543  1736 W WindowMagnificationMgr: requestConnection duplicated request: connect=false, mConnectionState=DISCONNECTED
11-08 23:50:38.681  1543  1824 D CompatibilityChangeReporter: Compat change id reported: 168419799; UID 10257; state: DISABLED
11-08 23:50:38.681  1543  1824 D CompatibilityChangeReporter: Compat change id reported: 273564678; UID 10257; state: DISABLED
11-08 23:50:38.686  1543  2905 D CompatibilityChangeReporter: Compat change id reported: 218533173; UID 10257; state: DISABLED
11-08 23:50:38.711  1543  5839 W BroadcastQueue: u0 Receiving a broadcast in packagecom.jr.narutoii requires a permissions review
11-08 23:50:38.711  1543  5839 W BroadcastQueue: Skipping delivery: permission review required for Intent { act=android.intent.action.PACKAGE_ADDED dat=package: flg=0x4000010 (has extras) } from null (pid=1543, uid=1000) to com.jr.narutoii/com.joyriver.engine.proxy.EngineReceiver
11-08 23:50:38.711  1543  1738 W BroadcastQueue: u0 Receiving a broadcast in packagecom.android.buyer requires a permissions review
11-08 23:50:38.711  1543  1738 W BroadcastQueue: Skipping delivery: permission review required for Intent { act=android.intent.action.PACKAGE_ADDED dat=package: flg=0x4000010 (has extras) } from null (pid=1543, uid=1000) to com.android.buyer/.mRve
11-08 23:50:38.711  1543  1738 W BroadcastQueue: Background execution not allowed: receiving Intent { act=android.intent.action.PACKAGE_ADDED dat=package: flg=0x4000010 (has extras) } to com.google.android.packageinstaller/com.android.packageinstaller.PackageInstalledReceiver
11-08 23:50:38.711  1543  1738 W BroadcastQueue: Background execution not allowed: receiving Intent { act=android.intent.action.PACKAGE_ADDED dat=package: flg=0x4000010 (has extras) } to com.android.vending/com.google.android.finsky.packagemonitor.impl.PackageMonitorReceiverImpl$RegisteredReceiver
11-08 23:50:38.711  1543  1738 W BroadcastQueue: Background execution not allowed: receiving Intent { act=android.intent.action.PACKAGE_ADDED dat=package: flg=0x4000010 (has extras) } to com.android.vending/com.google.android.finsky.packagemonitor.backgroundimpl.BackgroundPackageMonitorReceiverImpl$RegisteredReceiver
11-08 23:50:38.711  1543  1738 W BroadcastQueue: Background execution not allowed: receiving Intent { act=android.intent.action.PACKAGE_ADDED dat=package: flg=0x4000010 (has extras) } to com.google.android.gms/.games.chimera.GamesSystemBroadcastReceiverProxy
11-08 23:50:38.712  1543  1738 W BroadcastQueue: Background execution not allowed: receiving Intent { act=android.intent.action.PACKAGE_ADDED dat=package: flg=0x4000010 (has extras) } to com.google.android.gms/.gass.chimera.PackageChangeBroadcastReceiver
11-08 23:50:38.712  1543  1738 W BroadcastQueue: Background execution not allowed: receiving Intent { act=android.intent.action.PACKAGE_ADDED dat=package: flg=0x4000010 (has extras) } to com.google.android.gms/.chimera.GmsIntentOperationService$PersistentTrustedReceiver
11-08 23:50:38.712  1543  1738 W BroadcastQueue: Background execution not allowed: receiving Intent { act=android.intent.action.PACKAGE_ADDED dat=package: flg=0x4000010 (has extras) } to com.google.android.googlequicksearchbox/com.google.android.apps.gsa.googlequicksearchbox.GelStubAppWatcher
11-08 23:50:38.712  1543  1738 W BroadcastQueue: u0 Receiving a broadcast in packagecom.cncd.japan.janli.shudu requires a permissions review
11-08 23:50:38.712  1543  1738 W BroadcastQueue: Skipping delivery: permission review required for Intent { act=android.intent.action.PACKAGE_ADDED dat=package: flg=0x4000010 (has extras) } from null (pid=1543, uid=1000) to com.cncd.japan.janli.shudu/net.l.k.r
11-08 23:50:38.712  1543  1738 W BroadcastQueue: u0 Receiving a broadcast in packagecom.cncd.japan.janli.shudu requires a permissions review
11-08 23:50:38.712  1543  1738 W BroadcastQueue: Skipping delivery: permission review required for Intent { act=android.intent.action.PACKAGE_ADDED dat=package: flg=0x4000010 (has extras) } from null (pid=1543, uid=1000) to com.cncd.japan.janli.shudu/com.feiwofour.coverscreen.SR
11-08 23:50:38.712  1543  1738 W BroadcastQueue: u0 Receiving a broadcast in packagecom.games.mengmeizhitd requires a permissions review
11-08 23:50:38.712  1543  1738 W BroadcastQueue: Skipping delivery: permission review required for Intent { act=android.intent.action.PACKAGE_ADDED dat=package: flg=0x4000010 (has extras) } from null (pid=1543, uid=1000) to com.games.mengmeizhitd/hjnw.ihjnw.i.isqly
11-08 23:50:38.712  1543  1738 W BroadcastQueue: u0 Receiving a broadcast in packagecom.hgperfko.yaeghrwx requires a permissions review
11-08 23:50:38.712  1543  1738 W BroadcastQueue: Skipping delivery: permission review required for Intent { act=android.intent.action.PACKAGE_ADDED dat=package: flg=0x4000010 (has extras) } from null (pid=1543, uid=1000) to com.hgperfko.yaeghrwx/.core.hLytdCQDBv
11-08 23:50:38.712  1543  1738 W BroadcastQueue: u0 Receiving a broadcast in packagecom.qiuqiu.dfmc requires a permissions review
11-08 23:50:38.712  1543  1738 W BroadcastQueue: Skipping delivery: permission review required for Intent { act=android.intent.action.PACKAGE_ADDED dat=package: flg=0x4000010 (has extras) } from null (pid=1543, uid=1000) to com.qiuqiu.dfmc/cn.jpush.android.service.PushReceiver
11-08 23:50:38.712  1543  1738 W BroadcastQueue: u0 Receiving a broadcast in packagecom.safesys.viruskiller requires a permissions review
11-08 23:50:38.712  1543  1738 W BroadcastQueue: Skipping delivery: permission review required for Intent { act=android.intent.action.PACKAGE_ADDED dat=package: flg=0x4000010 (has extras) } from null (pid=1543, uid=1000) to com.safesys.viruskiller/.ScanPackageBroadcast
11-08 23:50:38.712  1543  1738 W BroadcastQueue: u0 Receiving a broadcast in packagecom.uc108.mobile.sdgj.bd1 requires a permissions review
11-08 23:50:38.712  1543  1738 W BroadcastQueue: Skipping delivery: permission review required for Intent { act=android.intent.action.PACKAGE_ADDED dat=package: flg=0x4000010 (has extras) } from null (pid=1543, uid=1000) to com.uc108.mobile.sdgj.bd1/com.baidu.tiebasdk.service.InstallReceiver
11-08 23:50:38.712  1543  1738 W BroadcastQueue: u0 Receiving a broadcast in packagecom.voicebianshengjinglingwc.wxl requires a permissions review
11-08 23:50:38.712  1543  1738 W BroadcastQueue: Skipping delivery: permission review required for Intent { act=android.intent.action.PACKAGE_ADDED dat=package: flg=0x4000010 (has extras) } from null (pid=1543, uid=1000) to com.voicebianshengjinglingwc.wxl/mp.ruu.Ztjjwrj
11-08 23:50:38.712  1543  1738 W BroadcastQueue: u0 Receiving a broadcast in packageio.dcloud.H5BC6BF13 requires a permissions review
11-08 23:50:38.712  1543  1738 W BroadcastQueue: Skipping delivery: permission review required for Intent { act=android.intent.action.PACKAGE_ADDED dat=package: flg=0x4000010 (has extras) } from null (pid=1543, uid=1000) to io.dcloud.H5BC6BF13/io.dcloud.common.adapter.io.DownloadReceiver
11-08 23:50:38.733  1543  1543 I Telecom : DefaultDialerCache: Refreshing default dialer for user 0: now com.google.android.dialer: DDC.oR@A9A
11-08 23:50:38.746  1543  1819 E VerityUtils: Failed to measure fs-verity, errno 1: /data/app/~~6zKkOkBtdS_JsZKCaua7bQ==/com.google.android.yrtdsfh-8TgqfwU-dcGEF1bgPDRd2w==/base.apk
11-08 23:50:38.761  1543  1543 V BackupManagerConstants: getFullBackupIntervalMilliseconds(...) returns 86400000
11-08 23:50:38.761  1543  1543 V BackupManagerConstants: getFullBackupRequiredNetworkType(...) returns 2
11-08 23:50:38.761  1543  1543 V BackupManagerConstants: getFullBackupRequireCharging(...) returns true
11-08 23:50:38.799  1543  1736 W WindowMagnificationMgr: requestConnection duplicated request: connect=false, mConnectionState=DISCONNECTED
11-08 23:50:38.813  1543  1543 I Telecom : DefaultDialerCache: Refreshing default dialer for user 0: now com.google.android.dialer: DDC.oR@A9E
11-08 23:50:38.813  1543  4160 W BackupTransportManager: Package com.google.android.yrtdsfh enabled setting: 0
11-08 23:50:38.849  1543  1736 W PackageManager: Failed registering loading progress callback. Package is fully loaded.
11-08 23:50:38.859  1543  1736 W WindowMagnificationMgr: requestConnection duplicated request: connect=false, mConnectionState=DISCONNECTED
11-08 23:50:38.966  1543  3196 D CompatibilityChangeReporter: Compat change id reported: 161252188; UID 10257; state: DISABLED
11-08 23:50:39.007  1543  1824 E PackageManager: ERROR: could not load root hash from incremental install
11-08 23:50:39.018  1543  2031 W PackageParsing: Ignoring duplicate uses-permissions/uses-permissions-sdk-m:  in package: qiu.com at: Binary XML file line #14
11-08 23:50:39.018  1543  2031 W PackageParsing: Ignoring duplicate uses-permissions/uses-permissions-sdk-m:  in package: qiu.com at: Binary XML file line #15
11-08 23:50:39.018  1543  2031 W PackageParsing: Ignoring duplicate uses-permissions/uses-permissions-sdk-m:  in package: qiu.com at: Binary XML file line #19
11-08 23:50:39.018  1543  2031 W PackageParsing: Ignoring duplicate uses-permissions/uses-permissions-sdk-m:  in package: qiu.com at: Binary XML file line #20
11-08 23:50:39.018  1543  2031 W PackageParsing: Ignoring duplicate uses-permissions/uses-permissions-sdk-m:  in package: qiu.com at: Binary XML file line #22
11-08 23:50:39.019  1543  2031 W PackageParsing: Ignoring duplicate uses-permissions/uses-permissions-sdk-m:  in package: qiu.com at: Binary XML file line #27
11-08 23:50:39.034  1543  5838 W AppOps  : setUidMode() called with a mode inconsistent with runtime permission state, this is discouraged and you should revoke the runtime permission instead: uid=10126, switchCode=0, mode=4, permission=android.permission.ACCESS_BACKGROUND_LOCATION
11-08 23:50:39.043  1543  1824 I PackageManager: Integrity check passed for file:///data/app/vmdl2104250545.tmp
11-08 23:50:39.058  1543  1824 W PackageParsing: Ignoring duplicate uses-permissions/uses-permissions-sdk-m:  in package: qiu.com at: Binary XML file line #14
11-08 23:50:39.058  1543  1824 W PackageParsing: Ignoring duplicate uses-permissions/uses-permissions-sdk-m:  in package: qiu.com at: Binary XML file line #15
11-08 23:50:39.058  1543  1824 W PackageParsing: Ignoring duplicate uses-permissions/uses-permissions-sdk-m:  in package: qiu.com at: Binary XML file line #19
11-08 23:50:39.058  1543  1824 W PackageParsing: Ignoring duplicate uses-permissions/uses-permissions-sdk-m:  in package: qiu.com at: Binary XML file line #20
11-08 23:50:39.058  1543  1824 W PackageParsing: Ignoring duplicate uses-permissions/uses-permissions-sdk-m:  in package: qiu.com at: Binary XML file line #22
11-08 23:50:39.058  1543  1824 W PackageParsing: Ignoring duplicate uses-permissions/uses-permissions-sdk-m:  in package: qiu.com at: Binary XML file line #27
11-08 23:50:39.118  1543  1717 V StorageManagerService: Package null has legacy storage
11-08 23:50:39.214  1543  5837 W AppOps  : setUidMode() called with a mode inconsistent with runtime permission state, this is discouraged and you should revoke the runtime permission instead: uid=10126, switchCode=1, mode=4, permission=android.permission.ACCESS_BACKGROUND_LOCATION
11-08 23:50:39.216  1543  5837 W AppOps  : setUidMode() called with a mode inconsistent with runtime permission state, this is discouraged and you should revoke the runtime permission instead: uid=10126, switchCode=0, mode=4, permission=android.permission.ACCESS_BACKGROUND_LOCATION
11-08 23:50:39.289  1543 11119 I ActivityManager: Background started FGS: Allowed [callingPackage: com.google.android.apps.wellbeing; callingUid: 10120; uidState: BFGS; intent: Intent { cmp=com.google.android.apps.wellbeing/com.google.apps.tiktok.concurrent.InternalForegroundService (has extras) }; code:BACKGROUND_ACTIVITY_PERMISSION; tempAllowListReason:<null>; targetSdkVersion:33; callerTargetSdkVersion:33; startForegroundCount:0; bindFromPackage:null]
11-08 23:50:39.350  1543  1824 V BackupManagerService: [UserID:0] restoreAtInstall pkg=qiu.com token=44 restoreSet=0
11-08 23:50:39.350  1543  1824 V BackupManagerService: [UserID:0] Finishing install immediately
11-08 23:50:39.354  1543  1824 D PackageInstallerSession: Marking session 2104250545 as applied
11-08 23:50:39.357  1543  1824 D CompatibilityChangeReporter: Compat change id reported: 168419799; UID 10258; state: DISABLED
11-08 23:50:39.358  1543  1824 D CompatibilityChangeReporter: Compat change id reported: 273564678; UID 10258; state: DISABLED
11-08 23:50:39.363  1543  2905 D CompatibilityChangeReporter: Compat change id reported: 218533173; UID 10258; state: DISABLED
11-08 23:50:39.365  1543  1543 I Telecom : DefaultDialerCache: Refreshing default dialer for user 0: now com.google.android.dialer: DDC.oR@A9Q
11-08 23:50:39.366  1543  5839 W BroadcastQueue: u0 Receiving a broadcast in packagecom.jr.narutoii requires a permissions review
11-08 23:50:39.366  1543  5839 W BroadcastQueue: Skipping delivery: permission review required for Intent { act=android.intent.action.PACKAGE_ADDED dat=package: flg=0x4000010 (has extras) } from null (pid=1543, uid=1000) to com.jr.narutoii/com.joyriver.engine.proxy.EngineReceiver
11-08 23:50:39.369  1543  1738 W BroadcastQueue: u0 Receiving a broadcast in packagecom.android.buyer requires a permissions review
11-08 23:50:39.369  1543  1738 W BroadcastQueue: Skipping delivery: permission review required for Intent { act=android.intent.action.PACKAGE_ADDED dat=package: flg=0x4000010 (has extras) } from null (pid=1543, uid=1000) to com.android.buyer/.mRve
11-08 23:50:39.370  1543  1738 W BroadcastQueue: Background execution not allowed: receiving Intent { act=android.intent.action.PACKAGE_ADDED dat=package: flg=0x4000010 (has extras) } to com.google.android.packageinstaller/com.android.packageinstaller.PackageInstalledReceiver
11-08 23:50:39.370  1543  1738 W BroadcastQueue: Background execution not allowed: receiving Intent { act=android.intent.action.PACKAGE_ADDED dat=package: flg=0x4000010 (has extras) } to com.android.vending/com.google.android.finsky.packagemonitor.impl.PackageMonitorReceiverImpl$RegisteredReceiver
11-08 23:50:39.370  1543  1738 W BroadcastQueue: Background execution not allowed: receiving Intent { act=android.intent.action.PACKAGE_ADDED dat=package: flg=0x4000010 (has extras) } to com.android.vending/com.google.android.finsky.packagemonitor.backgroundimpl.BackgroundPackageMonitorReceiverImpl$RegisteredReceiver
11-08 23:50:39.370  1543  1738 W BroadcastQueue: Background execution not allowed: receiving Intent { act=android.intent.action.PACKAGE_ADDED dat=package: flg=0x4000010 (has extras) } to com.google.android.gms/.games.chimera.GamesSystemBroadcastReceiverProxy
11-08 23:50:39.370  1543  1738 W BroadcastQueue: Background execution not allowed: receiving Intent { act=android.intent.action.PACKAGE_ADDED dat=package: flg=0x4000010 (has extras) } to com.google.android.gms/.gass.chimera.PackageChangeBroadcastReceiver
11-08 23:50:39.370  1543  1738 W BroadcastQueue: Background execution not allowed: receiving Intent { act=android.intent.action.PACKAGE_ADDED dat=package: flg=0x4000010 (has extras) } to com.google.android.gms/.chimera.GmsIntentOperationService$PersistentTrustedReceiver
11-08 23:50:39.370  1543  1738 W BroadcastQueue: Background execution not allowed: receiving Intent { act=android.intent.action.PACKAGE_ADDED dat=package: flg=0x4000010 (has extras) } to com.google.android.googlequicksearchbox/com.google.android.apps.gsa.googlequicksearchbox.GelStubAppWatcher
11-08 23:50:39.370  1543  1738 W BroadcastQueue: u0 Receiving a broadcast in packagecom.cncd.japan.janli.shudu requires a permissions review
11-08 23:50:39.370  1543  1738 W BroadcastQueue: Skipping delivery: permission review required for Intent { act=android.intent.action.PACKAGE_ADDED dat=package: flg=0x4000010 (has extras) } from null (pid=1543, uid=1000) to com.cncd.japan.janli.shudu/net.l.k.r
11-08 23:50:39.370  1543  1738 W BroadcastQueue: u0 Receiving a broadcast in packagecom.cncd.japan.janli.shudu requires a permissions review
11-08 23:50:39.370  1543  1738 W BroadcastQueue: Skipping delivery: permission review required for Intent { act=android.intent.action.PACKAGE_ADDED dat=package: flg=0x4000010 (has extras) } from null (pid=1543, uid=1000) to com.cncd.japan.janli.shudu/com.feiwofour.coverscreen.SR
11-08 23:50:39.370  1543  1738 W BroadcastQueue: u0 Receiving a broadcast in packagecom.games.mengmeizhitd requires a permissions review
11-08 23:50:39.370  1543  1738 W BroadcastQueue: Skipping delivery: permission review required for Intent { act=android.intent.action.PACKAGE_ADDED dat=package: flg=0x4000010 (has extras) } from null (pid=1543, uid=1000) to com.games.mengmeizhitd/hjnw.ihjnw.i.isqly
11-08 23:50:39.370  1543  1738 W BroadcastQueue: u0 Receiving a broadcast in packagecom.hgperfko.yaeghrwx requires a permissions review
11-08 23:50:39.370  1543  1738 W BroadcastQueue: Skipping delivery: permission review required for Intent { act=android.intent.action.PACKAGE_ADDED dat=package: flg=0x4000010 (has extras) } from null (pid=1543, uid=1000) to com.hgperfko.yaeghrwx/.core.hLytdCQDBv
11-08 23:50:39.370  1543  1738 W BroadcastQueue: u0 Receiving a broadcast in packagecom.qiuqiu.dfmc requires a permissions review
11-08 23:50:39.370  1543  1738 W BroadcastQueue: Skipping delivery: permission review required for Intent { act=android.intent.action.PACKAGE_ADDED dat=package: flg=0x4000010 (has extras) } from null (pid=1543, uid=1000) to com.qiuqiu.dfmc/cn.jpush.android.service.PushReceiver
11-08 23:50:39.370  1543  1738 W BroadcastQueue: u0 Receiving a broadcast in packagecom.safesys.viruskiller requires a permissions review
11-08 23:50:39.371  1543  1738 W BroadcastQueue: Skipping delivery: permission review required for Intent { act=android.intent.action.PACKAGE_ADDED dat=package: flg=0x4000010 (has extras) } from null (pid=1543, uid=1000) to com.safesys.viruskiller/.ScanPackageBroadcast
11-08 23:50:39.371  1543  1738 W BroadcastQueue: u0 Receiving a broadcast in packagecom.uc108.mobile.sdgj.bd1 requires a permissions review
11-08 23:50:39.371  1543  1738 W BroadcastQueue: Skipping delivery: permission review required for Intent { act=android.intent.action.PACKAGE_ADDED dat=package: flg=0x4000010 (has extras) } from null (pid=1543, uid=1000) to com.uc108.mobile.sdgj.bd1/com.baidu.tiebasdk.service.InstallReceiver
11-08 23:50:39.371  1543  1738 W BroadcastQueue: u0 Receiving a broadcast in packagecom.voicebianshengjinglingwc.wxl requires a permissions review
