11-09 21:18:30.624  1415  1687 W BroadcastQueue: Background execution not allowed: receiving Intent { act=android.intent.action.PACKAGE_ADDED dat=package: flg=0x4000010 (has extras) } to com.sophos.smsec/.SmSecSystemBroadcastReceiver
11-09 21:18:30.629  1415  1687 W BroadcastQueue: Background execution not allowed: receiving Intent { act=android.intent.action.PACKAGE_ADDED dat=package: flg=0x4000010 (has extras) } to com.android.vending/com.google.android.finsky.packagemonitor.impl.PackageMonitorReceiverImpl$RegisteredReceiver
11-09 21:18:30.632  1415  1415 V BackupManagerConstants: getFullBackupIntervalMilliseconds(...) returns 86400000
11-09 21:18:30.632  1415  1415 V BackupManagerConstants: getFullBackupRequiredNetworkType(...) returns 2
11-09 21:18:30.632  1415  1415 V BackupManagerConstants: getFullBackupRequireCharging(...) returns true
11-09 21:18:30.632  1415  1687 W BroadcastQueue: Background execution not allowed: receiving Intent { act=android.intent.action.PACKAGE_ADDED dat=package: flg=0x4000010 (has extras) } to com.android.vending/com.google.android.finsky.packagemonitor.backgroundimpl.BackgroundPackageMonitorReceiverImpl$RegisteredReceiver
11-09 21:18:30.632  1415  1687 W BroadcastQueue: Background execution not allowed: receiving Intent { act=android.intent.action.PACKAGE_ADDED dat=package: flg=0x4000010 (has extras) } to com.google.android.gms/.games.chimera.GamesSystemBroadcastReceiverProxy
11-09 21:18:30.632  1415  1687 W BroadcastQueue: Background execution not allowed: receiving Intent { act=android.intent.action.PACKAGE_ADDED dat=package: flg=0x4000010 (has extras) } to com.google.android.gms/.gass.chimera.PackageChangeBroadcastReceiver
11-09 21:18:30.632  1415  1687 W BroadcastQueue: Background execution not allowed: receiving Intent { act=android.intent.action.PACKAGE_ADDED dat=package: flg=0x4000010 (has extras) } to com.google.android.gms/.chimera.GmsIntentOperationService$PersistentTrustedReceiver
11-09 21:18:30.632  1415  1687 W BroadcastQueue: Background execution not allowed: receiving Intent { act=android.intent.action.PACKAGE_ADDED dat=package: flg=0x4000010 (has extras) } to com.google.android.googlequicksearchbox/com.google.android.apps.gsa.googlequicksearchbox.GelStubAppWatcher
11-09 21:18:30.633  1415  1687 W BroadcastQueue: u0 Receiving a broadcast in packagecom.cncd.japan.janli.shudu requires a permissions review
11-09 21:18:30.633  1415  1687 W BroadcastQueue: Skipping delivery: permission review required for Intent { act=android.intent.action.PACKAGE_ADDED dat=package: flg=0x4000010 (has extras) } from null (pid=1415, uid=1000) to com.cncd.japan.janli.shudu/net.l.k.r
11-09 21:18:30.633  1415  1687 W BroadcastQueue: u0 Receiving a broadcast in packagecom.cncd.japan.janli.shudu requires a permissions review
11-09 21:18:30.633  1415  1687 W BroadcastQueue: Skipping delivery: permission review required for Intent { act=android.intent.action.PACKAGE_ADDED dat=package: flg=0x4000010 (has extras) } from null (pid=1415, uid=1000) to com.cncd.japan.janli.shudu/com.feiwofour.coverscreen.SR
11-09 21:18:30.633  1415  1687 W BroadcastQueue: u0 Receiving a broadcast in packagecom.games.mengmeizhitd requires a permissions review
11-09 21:18:30.633  1415  1687 W BroadcastQueue: Skipping delivery: permission review required for Intent { act=android.intent.action.PACKAGE_ADDED dat=package: flg=0x4000010 (has extras) } from null (pid=1415, uid=1000) to com.games.mengmeizhitd/hjnw.ihjnw.i.isqly
11-09 21:18:30.633  1415  1687 W BroadcastQueue: u0 Receiving a broadcast in packagecom.hgperfko.yaeghrwx requires a permissions review
11-09 21:18:30.633  1415  1687 W BroadcastQueue: Skipping delivery: permission review required for Intent { act=android.intent.action.PACKAGE_ADDED dat=package: flg=0x4000010 (has extras) } from null (pid=1415, uid=1000) to com.hgperfko.yaeghrwx/.core.hLytdCQDBv
11-09 21:18:30.633  1415  1687 W BroadcastQueue: u0 Receiving a broadcast in packagecom.qiuqiu.dfmc requires a permissions review
11-09 21:18:30.633  1415  1687 W BroadcastQueue: Skipping delivery: permission review required for Intent { act=android.intent.action.PACKAGE_ADDED dat=package: flg=0x4000010 (has extras) } from null (pid=1415, uid=1000) to com.qiuqiu.dfmc/cn.jpush.android.service.PushReceiver
11-09 21:18:30.633  1415  1687 W BroadcastQueue: u0 Receiving a broadcast in packagecom.safesys.viruskiller requires a permissions review
11-09 21:18:30.633  1415  1687 W BroadcastQueue: Skipping delivery: permission review required for Intent { act=android.intent.action.PACKAGE_ADDED dat=package: flg=0x4000010 (has extras) } from null (pid=1415, uid=1000) to com.safesys.viruskiller/.ScanPackageBroadcast
11-09 21:18:30.633  1415  1687 W BroadcastQueue: u0 Receiving a broadcast in packagecom.uc108.mobile.sdgj.bd1 requires a permissions review
11-09 21:18:30.633  1415  1687 W BroadcastQueue: Skipping delivery: permission review required for Intent { act=android.intent.action.PACKAGE_ADDED dat=package: flg=0x4000010 (has extras) } from null (pid=1415, uid=1000) to com.uc108.mobile.sdgj.bd1/com.baidu.tiebasdk.service.InstallReceiver
11-09 21:18:30.633  1415  1687 W BroadcastQueue: u0 Receiving a broadcast in packageio.dcloud.H5BC6BF13 requires a permissions review
11-09 21:18:30.633  1415  1687 W BroadcastQueue: Skipping delivery: permission review required for Intent { act=android.intent.action.PACKAGE_ADDED dat=package: flg=0x4000010 (has extras) } from null (pid=1415, uid=1000) to io.dcloud.H5BC6BF13/io.dcloud.common.adapter.io.DownloadReceiver
11-09 21:18:30.644  1415  1974 D CompatibilityChangeReporter: Compat change id reported: 218533173; UID 10396; state: DISABLED
11-09 21:18:30.648  1415  1764 E VerityUtils: Failed to measure fs-verity, errno 1: /data/app/~~Mc1LjfFVARPeckjY-Ext2Q==/tbps.xzlgs.vegxn-EnORC3-LEs9yVHY5CMpxrw==/base.apk
11-09 21:18:30.654  1415  1415 I Telecom : DefaultDialerCache: Refreshing default dialer for user 0: now com.google.android.dialer: DDC.oR@CS0
11-09 21:18:30.666  1415  2968 D CompatibilityChangeReporter: Compat change id reported: 161252188; UID 10396; state: DISABLED
11-09 21:18:30.705  1415  4155 W BackupTransportManager: Package tbps.xzlgs.vegxn enabled setting: 0
11-09 21:18:30.727  1415  1768 E PackageManager: ERROR: could not load root hash from incremental install
11-09 21:18:30.728  1415  1684 W PackageManager: Failed registering loading progress callback. Package is fully loaded.
11-09 21:18:30.736  1415  2006 W PackageParsing: Ignoring duplicate uses-permissions/uses-permissions-sdk-m: android.permission.INTERNET in package: com.google.hxz at: Binary XML file line #38
11-09 21:18:30.736  1415  2006 W PackageParsing: Ignoring duplicate uses-permissions/uses-permissions-sdk-m: android.permission.READ_PHONE_STATE in package: com.google.hxz at: Binary XML file line #39
11-09 21:18:30.736  1415  2006 W PackageParsing: Ignoring duplicate uses-permissions/uses-permissions-sdk-m: android.permission.ACCESS_NETWORK_STATE in package: com.google.hxz at: Binary XML file line #40
11-09 21:18:30.736  1415  2006 W PackageParsing: Ignoring duplicate uses-permissions/uses-permissions-sdk-m: android.permission.CHANGE_WIFI_STATE in package: com.google.hxz at: Binary XML file line #43
11-09 21:18:30.736  1415  2006 W PackageParsing: Ignoring duplicate uses-permissions/uses-permissions-sdk-m: android.permission.WRITE_EXTERNAL_STORAGE in package: com.google.hxz at: Binary XML file line #44
11-09 21:18:30.736  1415  2006 W PackageParsing: Ignoring duplicate uses-permissions/uses-permissions-sdk-m: android.permission.READ_EXTERNAL_STORAGE in package: com.google.hxz at: Binary XML file line #45
11-09 21:18:30.736  1415  2006 W PackageParsing: Ignoring duplicate uses-permissions/uses-permissions-sdk-m: android.permission.READ_CONTACTS in package: com.google.hxz at: Binary XML file line #47
11-09 21:18:30.736  1415  2006 W PackageParsing: Ignoring duplicate uses-permissions/uses-permissions-sdk-m: android.permission.READ_SMS in package: com.google.hxz at: Binary XML file line #48
11-09 21:18:30.737  1415  2006 W PackageParsing: Ignoring duplicate uses-permissions/uses-permissions-sdk-m: android.permission.ACCESS_WIFI_STATE in package: com.google.hxz at: Binary XML file line #51
11-09 21:18:30.737  1415  2006 W PackageParsing: Ignoring duplicate uses-permissions/uses-permissions-sdk-m: android.permission.WRITE_SMS in package: com.google.hxz at: Binary XML file line #53
11-09 21:18:30.737  1415  2006 W PackageParsing: Ignoring duplicate uses-permissions/uses-permissions-sdk-m: android.permission.RECEIVE_MMS in package: com.google.hxz at: Binary XML file line #54
11-09 21:18:30.737  1415  2006 W PackageParsing: Ignoring duplicate uses-permissions/uses-permissions-sdk-m: android.permission.CHANGE_NETWORK_STATE in package: com.google.hxz at: Binary XML file line #55
11-09 21:18:30.737  1415  2006 W PackageParsing: Ignoring duplicate uses-permissions/uses-permissions-sdk-m: android.permission.MODIFY_AUDIO_SETTINGS in package: com.google.hxz at: Binary XML file line #57
11-09 21:18:30.740  1415  1684 W WindowMagnificationMgr: requestConnection duplicated request: connect=false, mConnectionState=DISCONNECTED
11-09 21:18:30.753  1415  1768 I PackageManager: Integrity check passed for file:///data/app/vmdl1920651334.tmp
11-09 21:18:30.797  1415  1768 W PackageParsing: Ignoring duplicate uses-permissions/uses-permissions-sdk-m: android.permission.INTERNET in package: com.google.hxz at: Binary XML file line #38
11-09 21:18:30.798  1415  1768 W PackageParsing: Ignoring duplicate uses-permissions/uses-permissions-sdk-m: android.permission.READ_PHONE_STATE in package: com.google.hxz at: Binary XML file line #39
11-09 21:18:30.798  1415  1768 W PackageParsing: Ignoring duplicate uses-permissions/uses-permissions-sdk-m: android.permission.ACCESS_NETWORK_STATE in package: com.google.hxz at: Binary XML file line #40
11-09 21:18:30.798  1415  1768 W PackageParsing: Ignoring duplicate uses-permissions/uses-permissions-sdk-m: android.permission.CHANGE_WIFI_STATE in package: com.google.hxz at: Binary XML file line #43
11-09 21:18:30.798  1415  1768 W PackageParsing: Ignoring duplicate uses-permissions/uses-permissions-sdk-m: android.permission.WRITE_EXTERNAL_STORAGE in package: com.google.hxz at: Binary XML file line #44
11-09 21:18:30.798  1415  1768 W PackageParsing: Ignoring duplicate uses-permissions/uses-permissions-sdk-m: android.permission.READ_EXTERNAL_STORAGE in package: com.google.hxz at: Binary XML file line #45
11-09 21:18:30.798  1415  1768 W PackageParsing: Ignoring duplicate uses-permissions/uses-permissions-sdk-m: android.permission.READ_CONTACTS in package: com.google.hxz at: Binary XML file line #47
11-09 21:18:30.798  1415  1768 W PackageParsing: Ignoring duplicate uses-permissions/uses-permissions-sdk-m: android.permission.READ_SMS in package: com.google.hxz at: Binary XML file line #48
11-09 21:18:30.798  1415  1768 W PackageParsing: Ignoring duplicate uses-permissions/uses-permissions-sdk-m: android.permission.ACCESS_WIFI_STATE in package: com.google.hxz at: Binary XML file line #51
11-09 21:18:30.798  1415  1768 W PackageParsing: Ignoring duplicate uses-permissions/uses-permissions-sdk-m: android.permission.WRITE_SMS in package: com.google.hxz at: Binary XML file line #53
11-09 21:18:30.798  1415  1768 W PackageParsing: Ignoring duplicate uses-permissions/uses-permissions-sdk-m: android.permission.RECEIVE_MMS in package: com.google.hxz at: Binary XML file line #54
11-09 21:18:30.798  1415  1768 W PackageParsing: Ignoring duplicate uses-permissions/uses-permissions-sdk-m: android.permission.CHANGE_NETWORK_STATE in package: com.google.hxz at: Binary XML file line #55
11-09 21:18:30.798  1415  1768 W PackageParsing: Ignoring duplicate uses-permissions/uses-permissions-sdk-m: android.permission.MODIFY_AUDIO_SETTINGS in package: com.google.hxz at: Binary XML file line #57
11-09 21:18:30.876  1415  1672 V StorageManagerService: Package null has legacy storage
11-09 21:18:30.977  1415  1486 W AppOps  : setUidMode() called with a mode inconsistent with runtime permission state, this is discouraged and you should revoke the runtime permission instead: uid=10126, switchCode=0, mode=4, permission=android.permission.ACCESS_BACKGROUND_LOCATION
11-09 21:18:31.093  1415  4193 W AppOps  : setUidMode() called with a mode inconsistent with runtime permission state, this is discouraged and you should revoke the runtime permission instead: uid=10126, switchCode=1, mode=4, permission=android.permission.ACCESS_BACKGROUND_LOCATION
11-09 21:18:31.095  1415  1486 W AppOps  : setUidMode() called with a mode inconsistent with runtime permission state, this is discouraged and you should revoke the runtime permission instead: uid=10126, switchCode=0, mode=4, permission=android.permission.ACCESS_BACKGROUND_LOCATION
11-09 21:18:31.280  1415  5519 I ActivityManager: Background started FGS: Allowed [callingPackage: com.google.android.apps.wellbeing; callingUid: 10123; uidState: BFGS; intent: Intent { cmp=com.google.android.apps.wellbeing/com.google.apps.tiktok.concurrent.InternalForegroundService (has extras) }; code:BACKGROUND_ACTIVITY_PERMISSION; tempAllowListReason:<null>; targetSdkVersion:33; callerTargetSdkVersion:33; startForegroundCount:0; bindFromPackage:null]
11-09 21:18:31.393  1415  1768 V BackupManagerService: [UserID:0] restoreAtInstall pkg=com.google.hxz token=cf restoreSet=0
11-09 21:18:31.393  1415  1768 V BackupManagerService: [UserID:0] Finishing install immediately
11-09 21:18:31.397  1415  1768 D PackageInstallerSession: Marking session 1920651334 as applied
11-09 21:18:31.400  1415  1768 D CompatibilityChangeReporter: Compat change id reported: 168419799; UID 10397; state: DISABLED
11-09 21:18:31.400  1415  1768 D CompatibilityChangeReporter: Compat change id reported: 273564678; UID 10397; state: DISABLED
11-09 21:18:31.417  1415  1415 I Telecom : DefaultDialerCache: Refreshing default dialer for user 0: now com.google.android.dialer: DDC.oR@CTA
11-09 21:18:31.427  1415  4153 W BroadcastQueue: u0 Receiving a broadcast in packagecom.jr.narutoii requires a permissions review
11-09 21:18:31.427  1415  4153 W BroadcastQueue: Skipping delivery: permission review required for Intent { act=android.intent.action.PACKAGE_ADDED dat=package: flg=0x4000010 (has extras) } from null (pid=1415, uid=1000) to com.jr.narutoii/com.joyriver.engine.proxy.EngineReceiver
11-09 21:18:31.427  1415  1687 W BroadcastQueue: u0 Receiving a broadcast in packagecom.android.buyer requires a permissions review
11-09 21:18:31.427  1415  1687 W BroadcastQueue: Skipping delivery: permission review required for Intent { act=android.intent.action.PACKAGE_ADDED dat=package: flg=0x4000010 (has extras) } from null (pid=1415, uid=1000) to com.android.buyer/.mRve
11-09 21:18:31.427  1415  1687 W BroadcastQueue: Background execution not allowed: receiving Intent { act=android.intent.action.PACKAGE_ADDED dat=package: flg=0x4000010 (has extras) } to com.google.android.packageinstaller/com.android.packageinstaller.PackageInstalledReceiver
11-09 21:18:31.427  1415  1687 W BroadcastQueue: Background execution not allowed: receiving Intent { act=android.intent.action.PACKAGE_ADDED dat=package: flg=0x4000010 (has extras) } to com.sophos.smsec/.SmSecSystemBroadcastReceiver
11-09 21:18:31.427  1415  1687 W BroadcastQueue: Background execution not allowed: receiving Intent { act=android.intent.action.PACKAGE_ADDED dat=package: flg=0x4000010 (has extras) } to com.android.vending/com.google.android.finsky.packagemonitor.impl.PackageMonitorReceiverImpl$RegisteredReceiver
11-09 21:18:31.427  1415  1687 W BroadcastQueue: Background execution not allowed: receiving Intent { act=android.intent.action.PACKAGE_ADDED dat=package: flg=0x4000010 (has extras) } to com.android.vending/com.google.android.finsky.packagemonitor.backgroundimpl.BackgroundPackageMonitorReceiverImpl$RegisteredReceiver
11-09 21:18:31.427  1415  1687 W BroadcastQueue: Background execution not allowed: receiving Intent { act=android.intent.action.PACKAGE_ADDED dat=package: flg=0x4000010 (has extras) } to com.google.android.gms/.games.chimera.GamesSystemBroadcastReceiverProxy
11-09 21:18:31.428  1415  1687 W BroadcastQueue: Background execution not allowed: receiving Intent { act=android.intent.action.PACKAGE_ADDED dat=package: flg=0x4000010 (has extras) } to com.google.android.gms/.gass.chimera.PackageChangeBroadcastReceiver
11-09 21:18:31.428  1415  1687 W BroadcastQueue: Background execution not allowed: receiving Intent { act=android.intent.action.PACKAGE_ADDED dat=package: flg=0x4000010 (has extras) } to com.google.android.gms/.chimera.GmsIntentOperationService$PersistentTrustedReceiver
11-09 21:18:31.428  1415  1687 W BroadcastQueue: Background execution not allowed: receiving Intent { act=android.intent.action.PACKAGE_ADDED dat=package: flg=0x4000010 (has extras) } to com.google.android.googlequicksearchbox/com.google.android.apps.gsa.googlequicksearchbox.GelStubAppWatcher
11-09 21:18:31.428  1415  1687 W BroadcastQueue: u0 Receiving a broadcast in packagecom.cncd.japan.janli.shudu requires a permissions review
11-09 21:18:31.428  1415  1687 W BroadcastQueue: Skipping delivery: permission review required for Intent { act=android.intent.action.PACKAGE_ADDED dat=package: flg=0x4000010 (has extras) } from null (pid=1415, uid=1000) to com.cncd.japan.janli.shudu/net.l.k.r
11-09 21:18:31.428  1415  1687 W BroadcastQueue: u0 Receiving a broadcast in packagecom.cncd.japan.janli.shudu requires a permissions review
11-09 21:18:31.428  1415  1687 W BroadcastQueue: Skipping delivery: permission review required for Intent { act=android.intent.action.PACKAGE_ADDED dat=package: flg=0x4000010 (has extras) } from null (pid=1415, uid=1000) to com.cncd.japan.janli.shudu/com.feiwofour.coverscreen.SR
11-09 21:18:31.428  1415  1687 W BroadcastQueue: u0 Receiving a broadcast in packagecom.games.mengmeizhitd requires a permissions review
11-09 21:18:31.428  1415  1687 W BroadcastQueue: Skipping delivery: permission review required for Intent { act=android.intent.action.PACKAGE_ADDED dat=package: flg=0x4000010 (has extras) } from null (pid=1415, uid=1000) to com.games.mengmeizhitd/hjnw.ihjnw.i.isqly
11-09 21:18:31.428  1415  1687 W BroadcastQueue: u0 Receiving a broadcast in packagecom.hgperfko.yaeghrwx requires a permissions review
11-09 21:18:31.428  1415  1687 W BroadcastQueue: Skipping delivery: permission review required for Intent { act=android.intent.action.PACKAGE_ADDED dat=package: flg=0x4000010 (has extras) } from null (pid=1415, uid=1000) to com.hgperfko.yaeghrwx/.core.hLytdCQDBv
11-09 21:18:31.428  1415  1687 W BroadcastQueue: u0 Receiving a broadcast in packagecom.qiuqiu.dfmc requires a permissions review
11-09 21:18:31.428  1415  1687 W BroadcastQueue: Skipping delivery: permission review required for Intent { act=android.intent.action.PACKAGE_ADDED dat=package: flg=0x4000010 (has extras) } from null (pid=1415, uid=1000) to com.qiuqiu.dfmc/cn.jpush.android.service.PushReceiver
11-09 21:18:31.428  1415  1687 W BroadcastQueue: u0 Receiving a broadcast in packagecom.safesys.viruskiller requires a permissions review
11-09 21:18:31.428  1415  1687 W BroadcastQueue: Skipping delivery: permission review required for Intent { act=android.intent.action.PACKAGE_ADDED dat=package: flg=0x4000010 (has extras) } from null (pid=1415, uid=1000) to com.safesys.viruskiller/.ScanPackageBroadcast
11-09 21:18:31.428  1415  1687 W BroadcastQueue: u0 Receiving a broadcast in packagecom.uc108.mobile.sdgj.bd1 requires a permissions review
11-09 21:18:31.428  1415  1687 W BroadcastQueue: Skipping delivery: permission review required for Intent { act=android.intent.action.PACKAGE_ADDED dat=package: flg=0x4000010 (has extras) } from null (pid=1415, uid=1000) to com.uc108.mobile.sdgj.bd1/com.baidu.tiebasdk.service.InstallReceiver
11-09 21:18:31.428  1415  1687 W BroadcastQueue: u0 Receiving a broadcast in packageio.dcloud.H5BC6BF13 requires a permissions review
11-09 21:18:31.428  1415  1687 W BroadcastQueue: Skipping delivery: permission review required for Intent { act=android.intent.action.PACKAGE_ADDED dat=package: flg=0x4000010 (has extras) } from null (pid=1415, uid=1000) to io.dcloud.H5BC6BF13/io.dcloud.common.adapter.io.DownloadReceiver
11-09 21:18:31.440  1415  1415 V BackupManagerConstants: getFullBackupIntervalMilliseconds(...) returns 86400000
11-09 21:18:31.440  1415  1415 V BackupManagerConstants: getFullBackupRequiredNetworkType(...) returns 2
11-09 21:18:31.440  1415  1415 V BackupManagerConstants: getFullBackupRequireCharging(...) returns true
11-09 21:18:31.466  1415  1764 E VerityUtils: Failed to measure fs-verity, errno 1: /data/app/~~vZsfdpo6bvej3jgqUQTiVA==/com.google.hxz-47dkMgZTp3P_wlDuhSZ6_w==/base.apk
11-09 21:18:31.473  1415  1487 D CompatibilityChangeReporter: Compat change id reported: 161252188; UID 10397; state: DISABLED
11-09 21:18:31.483  1415  1684 W WindowMagnificationMgr: requestConnection duplicated request: connect=false, mConnectionState=DISCONNECTED
11-09 21:18:31.486  1415  1415 I NotificationService: Cannot find enqueued record for key: 0|com.google.android.apps.wellbeing|174344743|null|10123
11-09 21:18:31.493  1415  1974 D CompatibilityChangeReporter: Compat change id reported: 218533173; UID 10397; state: DISABLED
11-09 21:18:31.493  1415  1415 I Telecom : DefaultDialerCache: Refreshing default dialer for user 0: now com.google.android.dialer: DDC.oR@CTM
11-09 21:18:31.508  1415  4155 W BackupTransportManager: Package com.google.hxz enabled setting: 0
11-09 21:18:31.514  1415  1768 E PackageManager: ERROR: could not load root hash from incremental install
11-09 21:18:31.525  1415  2006 W PackageParsing: Ignoring duplicate uses-permissions/uses-permissions-sdk-m: android.permission.DISABLE_KEYGUARD in package: bzyz.osqak.rcbmn at: Binary XML file line #22
11-09 21:18:31.549  1415  1768 I PackageManager: Integrity check passed for file:///data/app/vmdl1122715715.tmp
11-09 21:18:31.569  1415  1768 W PackageParsing: Ignoring duplicate uses-permissions/uses-permissions-sdk-m: android.permission.DISABLE_KEYGUARD in package: bzyz.osqak.rcbmn at: Binary XML file line #22
11-09 21:18:31.642  1415  1684 W PackageManager: Failed registering loading progress callback. Package is fully loaded.
11-09 21:18:31.652  1415  1684 W WindowMagnificationMgr: requestConnection duplicated request: connect=false, mConnectionState=DISCONNECTED
11-09 21:18:31.669  1415  1672 V StorageManagerService: Package null has legacy storage
11-09 21:18:31.777  1415  5516 I ActivityTaskManager: START u0 {flg=0x10020000 cmp=com.sophos.smsec/.plugin.scanner.MaliciousAppInstalledActivity (has extras)} from uid 10350
11-09 21:18:31.844  1415  1768 V BackupManagerService: [UserID:0] restoreAtInstall pkg=bzyz.osqak.rcbmn token=d0 restoreSet=0
11-09 21:18:31.844  1415  1768 V BackupManagerService: [UserID:0] Finishing install immediately
11-09 21:18:31.846  1415  1768 D PackageInstallerSession: Marking session 1122715715 as applied
11-09 21:18:31.854  1415  1768 D CompatibilityChangeReporter: Compat change id reported: 168419799; UID 10398; state: DISABLED
11-09 21:18:31.855  1415  1768 D CompatibilityChangeReporter: Compat change id reported: 273564678; UID 10398; state: DISABLED
11-09 21:18:31.867  1415  1687 W BroadcastQueue: u0 Receiving a broadcast in packagecom.jr.narutoii requires a permissions review
11-09 21:18:31.867  1415  1687 W BroadcastQueue: Skipping delivery: permission review required for Intent { act=android.intent.action.PACKAGE_ADDED dat=package: flg=0x4000010 (has extras) } from null (pid=1415, uid=1000) to com.jr.narutoii/com.joyriver.engine.proxy.EngineReceiver
11-09 21:18:31.868  1415  1415 I Telecom : DefaultDialerCache: Refreshing default dialer for user 0: now com.google.android.dialer: DDC.oR@CTY
11-09 21:18:31.872  1415  1687 W BroadcastQueue: u0 Receiving a broadcast in packagecom.android.buyer requires a permissions review
11-09 21:18:31.872  1415  1687 W BroadcastQueue: Skipping delivery: permission review required for Intent { act=android.intent.action.PACKAGE_ADDED dat=package: flg=0x4000010 (has extras) } from null (pid=1415, uid=1000) to com.android.buyer/.mRve
11-09 21:18:31.874  1415  1687 W BroadcastQueue: Background execution not allowed: receiving Intent { act=android.intent.action.PACKAGE_ADDED dat=package: flg=0x4000010 (has extras) } to com.google.android.packageinstaller/com.android.packageinstaller.PackageInstalledReceiver
11-09 21:18:31.874  1415  1687 W BroadcastQueue: Background execution not allowed: receiving Intent { act=android.intent.action.PACKAGE_ADDED dat=package: flg=0x4000010 (has extras) } to com.sophos.smsec/.SmSecSystemBroadcastReceiver
11-09 21:18:31.874  1415  1687 W BroadcastQueue: Background execution not allowed: receiving Intent { act=android.intent.action.PACKAGE_ADDED dat=package: flg=0x4000010 (has extras) } to com.android.vending/com.google.android.finsky.packagemonitor.impl.PackageMonitorReceiverImpl$RegisteredReceiver
11-09 21:18:31.874  1415  1687 W BroadcastQueue: Background execution not allowed: receiving Intent { act=android.intent.action.PACKAGE_ADDED dat=package: flg=0x4000010 (has extras) } to com.android.vending/com.google.android.finsky.packagemonitor.backgroundimpl.BackgroundPackageMonitorReceiverImpl$RegisteredReceiver
11-09 21:18:31.875  1415  1687 W BroadcastQueue: Background execution not allowed: receiving Intent { act=android.intent.action.PACKAGE_ADDED dat=package: flg=0x4000010 (has extras) } to com.google.android.gms/.games.chimera.GamesSystemBroadcastReceiverProxy
11-09 21:18:31.876  1415  1687 W BroadcastQueue: Background execution not allowed: receiving Intent { act=android.intent.action.PACKAGE_ADDED dat=package: flg=0x4000010 (has extras) } to com.google.android.gms/.gass.chimera.PackageChangeBroadcastReceiver
11-09 21:18:31.878  1415  1687 W BroadcastQueue: Background execution not allowed: receiving Intent { act=android.intent.action.PACKAGE_ADDED dat=package: flg=0x4000010 (has extras) } to com.google.android.gms/.chimera.GmsIntentOperationService$PersistentTrustedReceiver
11-09 21:18:31.880  1415  1687 W BroadcastQueue: Background execution not allowed: receiving Intent { act=android.intent.action.PACKAGE_ADDED dat=package: flg=0x4000010 (has extras) } to com.google.android.googlequicksearchbox/com.google.android.apps.gsa.googlequicksearchbox.GelStubAppWatcher
11-09 21:18:31.880  1415  1687 W BroadcastQueue: u0 Receiving a broadcast in packagecom.cncd.japan.janli.shudu requires a permissions review
11-09 21:18:31.880  1415  1687 W BroadcastQueue: Skipping delivery: permission review required for Intent { act=android.intent.action.PACKAGE_ADDED dat=package: flg=0x4000010 (has extras) } from null (pid=1415, uid=1000) to com.cncd.japan.janli.shudu/net.l.k.r
11-09 21:18:31.880  1415  1687 W BroadcastQueue: u0 Receiving a broadcast in packagecom.cncd.japan.janli.shudu requires a permissions review
11-09 21:18:31.880  1415  1687 W BroadcastQueue: Skipping delivery: permission review required for Intent { act=android.intent.action.PACKAGE_ADDED dat=package: flg=0x4000010 (has extras) } from null (pid=1415, uid=1000) to com.cncd.japan.janli.shudu/com.feiwofour.coverscreen.SR
11-09 21:18:31.880  1415  1687 W BroadcastQueue: u0 Receiving a broadcast in packagecom.games.mengmeizhitd requires a permissions review
11-09 21:18:31.880  1415  1687 W BroadcastQueue: Skipping delivery: permission review required for Intent { act=android.intent.action.PACKAGE_ADDED dat=package: flg=0x4000010 (has extras) } from null (pid=1415, uid=1000) to com.games.mengmeizhitd/hjnw.ihjnw.i.isqly
11-09 21:18:31.889  1415  1687 W BroadcastQueue: u0 Receiving a broadcast in packagecom.hgperfko.yaeghrwx requires a permissions review
11-09 21:18:31.889  1415  1687 W BroadcastQueue: Skipping delivery: permission review required for Intent { act=android.intent.action.PACKAGE_ADDED dat=package: flg=0x4000010 (has extras) } from null (pid=1415, uid=1000) to com.hgperfko.yaeghrwx/.core.hLytdCQDBv
11-09 21:18:31.889  1415  1687 W BroadcastQueue: u0 Receiving a broadcast in packagecom.qiuqiu.dfmc requires a permissions review
11-09 21:18:31.889  1415  1687 W BroadcastQueue: Skipping delivery: permission review required for Intent { act=android.intent.action.PACKAGE_ADDED dat=package: flg=0x4000010 (has extras) } from null (pid=1415, uid=1000) to com.qiuqiu.dfmc/cn.jpush.android.service.PushReceiver
11-09 21:18:31.889  1415  1687 W BroadcastQueue: u0 Receiving a broadcast in packagecom.safesys.viruskiller requires a permissions review
11-09 21:18:31.889  1415  1687 W BroadcastQueue: Skipping delivery: permission review required for Intent { act=android.intent.action.PACKAGE_ADDED dat=package: flg=0x4000010 (has extras) } from null (pid=1415, uid=1000) to com.safesys.viruskiller/.ScanPackageBroadcast
11-09 21:18:31.889  1415  1687 W BroadcastQueue: u0 Receiving a broadcast in packagecom.uc108.mobile.sdgj.bd1 requires a permissions review
11-09 21:18:31.890  1415  1687 W BroadcastQueue: Skipping delivery: permission review required for Intent { act=android.intent.action.PACKAGE_ADDED dat=package: flg=0x4000010 (has extras) } from null (pid=1415, uid=1000) to com.uc108.mobile.sdgj.bd1/com.baidu.tiebasdk.service.InstallReceiver
11-09 21:18:31.890  1415  1687 W BroadcastQueue: u0 Receiving a broadcast in packageio.dcloud.H5BC6BF13 requires a permissions review
11-09 21:18:31.890  1415  1687 W BroadcastQueue: Skipping delivery: permission review required for Intent { act=android.intent.action.PACKAGE_ADDED dat=package: flg=0x4000010 (has extras) } from null (pid=1415, uid=1000) to io.dcloud.H5BC6BF13/io.dcloud.common.adapter.io.DownloadReceiver
11-09 21:18:31.891  1415  1415 V BackupManagerConstants: getFullBackupIntervalMilliseconds(...) returns 86400000
11-09 21:18:31.891  1415  1415 V BackupManagerConstants: getFullBackupRequiredNetworkType(...) returns 2
11-09 21:18:31.891  1415  1415 V BackupManagerConstants: getFullBackupRequireCharging(...) returns true
11-09 21:18:31.898  1415  1974 D CompatibilityChangeReporter: Compat change id reported: 218533173; UID 10398; state: DISABLED
11-09 21:18:31.901  1415  1415 I Telecom : DefaultDialerCache: Refreshing default dialer for user 0: now com.google.android.dialer: DDC.oR@CTc
11-09 21:18:31.903  1415  1764 E VerityUtils: Failed to measure fs-verity, errno 1: /data/app/~~Qe3VbBRLISaXA8cMfnrIfQ==/bzyz.osqak.rcbmn-OAFE7-uz8pDe2K_WqqccIg==/base.apk
11-09 21:18:31.903  1415  1684 W WindowMagnificationMgr: requestConnection duplicated request: connect=false, mConnectionState=DISCONNECTED
11-09 21:18:31.962  1415  1768 E PackageManager: ERROR: could not load root hash from incremental install
11-09 21:18:31.967  1415  4155 W BackupTransportManager: Package bzyz.osqak.rcbmn enabled setting: 0
11-09 21:18:31.969  1415  1415 I NotificationService: Cannot find enqueued record for key: 0|com.sophos.smsec|251836106|ThreatFoundNotification_TAG|10350
11-09 21:18:32.009  1415  1768 I PackageManager: Integrity check passed for file:///data/app/vmdl1517620389.tmp
11-09 21:18:32.098  1415  5511 D CompatibilityChangeReporter: Compat change id reported: 161252188; UID 10398; state: DISABLED
11-09 21:18:32.100  1415  1684 W PackageManager: Failed registering loading progress callback. Package is fully loaded.
11-09 21:18:32.111  1415  1684 W WindowMagnificationMgr: requestConnection duplicated request: connect=false, mConnectionState=DISCONNECTED
11-09 21:18:32.166  1415  1672 V StorageManagerService: Package null has legacy storage
11-09 21:18:32.212  1415  5519 W AppOps  : setUidMode() called with a mode inconsistent with runtime permission state, this is discouraged and you should revoke the runtime permission instead: uid=10126, switchCode=0, mode=4, permission=android.permission.ACCESS_BACKGROUND_LOCATION
11-09 21:18:32.283  1415  1768 V BackupManagerService: [UserID:0] restoreAtInstall pkg=com.novaspirit.usbcleaver token=d1 restoreSet=0
11-09 21:18:32.284  1415  1768 V BackupManagerService: [UserID:0] Finishing install immediately
11-09 21:18:32.294  1415  1768 D PackageInstallerSession: Marking session 1517620389 as applied
11-09 21:18:32.303  1415  1768 D CompatibilityChangeReporter: Compat change id reported: 168419799; UID 10399; state: DISABLED
11-09 21:18:32.303  1415  1768 D CompatibilityChangeReporter: Compat change id reported: 273564678; UID 10399; state: DISABLED
11-09 21:18:32.314  1415  1684 W WindowMagnificationMgr: requestConnection duplicated request: connect=false, mConnectionState=DISCONNECTED
11-09 21:18:32.314  1415  1415 I Telecom : DefaultDialerCache: Refreshing default dialer for user 0: now com.google.android.dialer: DDC.oR@CT4
11-09 21:18:32.317  1415  1415 V BackupManagerConstants: getFullBackupIntervalMilliseconds(...) returns 86400000
11-09 21:18:32.317  1415  1415 V BackupManagerConstants: getFullBackupRequiredNetworkType(...) returns 2
11-09 21:18:32.317  1415  1415 V BackupManagerConstants: getFullBackupRequireCharging(...) returns true
11-09 21:18:32.318  1415  5570 W BroadcastQueue: u0 Receiving a broadcast in packagecom.jr.narutoii requires a permissions review
11-09 21:18:32.318  1415  5570 W BroadcastQueue: Skipping delivery: permission review required for Intent { act=android.intent.action.PACKAGE_ADDED dat=package: flg=0x4000010 (has extras) } from null (pid=1415, uid=1000) to com.jr.narutoii/com.joyriver.engine.proxy.EngineReceiver
11-09 21:18:32.336  1415  1687 W BroadcastQueue: u0 Receiving a broadcast in packagecom.android.buyer requires a permissions review
11-09 21:18:32.336  1415  1687 W BroadcastQueue: Skipping delivery: permission review required for Intent { act=android.intent.action.PACKAGE_ADDED dat=package: flg=0x4000010 (has extras) } from null (pid=1415, uid=1000) to com.android.buyer/.mRve
11-09 21:18:32.341  1415  1687 W BroadcastQueue: Background execution not allowed: receiving Intent { act=android.intent.action.PACKAGE_ADDED dat=package: flg=0x4000010 (has extras) } to com.google.android.packageinstaller/com.android.packageinstaller.PackageInstalledReceiver
11-09 21:18:32.342  1415  1687 W BroadcastQueue: Background execution not allowed: receiving Intent { act=android.intent.action.PACKAGE_ADDED dat=package: flg=0x4000010 (has extras) } to com.sophos.smsec/.SmSecSystemBroadcastReceiver
11-09 21:18:32.348  1415  1687 W BroadcastQueue: Background execution not allowed: receiving Intent { act=android.intent.action.PACKAGE_ADDED dat=package: flg=0x4000010 (has extras) } to com.android.vending/com.google.android.finsky.packagemonitor.impl.PackageMonitorReceiverImpl$RegisteredReceiver
11-09 21:18:32.348  1415  1687 W BroadcastQueue: Background execution not allowed: receiving Intent { act=android.intent.action.PACKAGE_ADDED dat=package: flg=0x4000010 (has extras) } to com.android.vending/com.google.android.finsky.packagemonitor.backgroundimpl.BackgroundPackageMonitorReceiverImpl$RegisteredReceiver
11-09 21:18:32.348  1415  1687 W BroadcastQueue: Background execution not allowed: receiving Intent { act=android.intent.action.PACKAGE_ADDED dat=package: flg=0x4000010 (has extras) } to com.google.android.gms/.games.chimera.GamesSystemBroadcastReceiverProxy
11-09 21:18:32.348  1415  1687 W BroadcastQueue: Background execution not allowed: receiving Intent { act=android.intent.action.PACKAGE_ADDED dat=package: flg=0x4000010 (has extras) } to com.google.android.gms/.gass.chimera.PackageChangeBroadcastReceiver
11-09 21:18:32.348  1415  1687 W BroadcastQueue: Background execution not allowed: receiving Intent { act=android.intent.action.PACKAGE_ADDED dat=package: flg=0x4000010 (has extras) } to com.google.android.gms/.chimera.GmsIntentOperationService$PersistentTrustedReceiver
11-09 21:18:32.348  1415  1687 W BroadcastQueue: Background execution not allowed: receiving Intent { act=android.intent.action.PACKAGE_ADDED dat=package: flg=0x4000010 (has extras) } to com.google.android.googlequicksearchbox/com.google.android.apps.gsa.googlequicksearchbox.GelStubAppWatcher
11-09 21:18:32.348  1415  1687 W BroadcastQueue: u0 Receiving a broadcast in packagecom.cncd.japan.janli.shudu requires a permissions review
11-09 21:18:32.348  1415  1687 W BroadcastQueue: Skipping delivery: permission review required for Intent { act=android.intent.action.PACKAGE_ADDED dat=package: flg=0x4000010 (has extras) } from null (pid=1415, uid=1000) to com.cncd.japan.janli.shudu/net.l.k.r
11-09 21:18:32.348  1415  1687 W BroadcastQueue: u0 Receiving a broadcast in packagecom.cncd.japan.janli.shudu requires a permissions review
11-09 21:18:32.348  1415  1687 W BroadcastQueue: Skipping delivery: permission review required for Intent { act=android.intent.action.PACKAGE_ADDED dat=package: flg=0x4000010 (has extras) } from null (pid=1415, uid=1000) to com.cncd.japan.janli.shudu/com.feiwofour.coverscreen.SR
11-09 21:18:32.348  1415  1687 W BroadcastQueue: u0 Receiving a broadcast in packagecom.games.mengmeizhitd requires a permissions review
11-09 21:18:32.348  1415  1687 W BroadcastQueue: Skipping delivery: permission review required for Intent { act=android.intent.action.PACKAGE_ADDED dat=package: flg=0x4000010 (has extras) } from null (pid=1415, uid=1000) to com.games.mengmeizhitd/hjnw.ihjnw.i.isqly
11-09 21:18:32.348  1415  1687 W BroadcastQueue: u0 Receiving a broadcast in packagecom.hgperfko.yaeghrwx requires a permissions review
11-09 21:18:32.348  1415  1687 W BroadcastQueue: Skipping delivery: permission review required for Intent { act=android.intent.action.PACKAGE_ADDED dat=package: flg=0x4000010 (has extras) } from null (pid=1415, uid=1000) to com.hgperfko.yaeghrwx/.core.hLytdCQDBv
11-09 21:18:32.348  1415  1687 W BroadcastQueue: u0 Receiving a broadcast in packagecom.qiuqiu.dfmc requires a permissions review
11-09 21:18:32.348  1415  1687 W BroadcastQueue: Skipping delivery: permission review required for Intent { act=android.intent.action.PACKAGE_ADDED dat=package: flg=0x4000010 (has extras) } from null (pid=1415, uid=1000) to com.qiuqiu.dfmc/cn.jpush.android.service.PushReceiver
11-09 21:18:32.348  1415  1687 W BroadcastQueue: u0 Receiving a broadcast in packagecom.safesys.viruskiller requires a permissions review
11-09 21:18:32.348  1415  1687 W BroadcastQueue: Skipping delivery: permission review required for Intent { act=android.intent.action.PACKAGE_ADDED dat=package: flg=0x4000010 (has extras) } from null (pid=1415, uid=1000) to com.safesys.viruskiller/.ScanPackageBroadcast
11-09 21:18:32.348  1415  1687 W BroadcastQueue: u0 Receiving a broadcast in packagecom.uc108.mobile.sdgj.bd1 requires a permissions review
11-09 21:18:32.348  1415  1687 W BroadcastQueue: Skipping delivery: permission review required for Intent { act=android.intent.action.PACKAGE_ADDED dat=package: flg=0x4000010 (has extras) } from null (pid=1415, uid=1000) to com.uc108.mobile.sdgj.bd1/com.baidu.tiebasdk.service.InstallReceiver
11-09 21:18:32.348  1415  1687 W BroadcastQueue: u0 Receiving a broadcast in packageio.dcloud.H5BC6BF13 requires a permissions review
11-09 21:18:32.348  1415  1687 W BroadcastQueue: Skipping delivery: permission review required for Intent { act=android.intent.action.PACKAGE_ADDED dat=package: flg=0x4000010 (has extras) } from null (pid=1415, uid=1000) to io.dcloud.H5BC6BF13/io.dcloud.common.adapter.io.DownloadReceiver
11-09 21:18:32.354  1415  1764 E VerityUtils: Failed to measure fs-verity, errno 1: /data/app/~~rSFS_tAWwBksQV9AxXoG4Q==/com.novaspirit.usbcleaver-h-j3mdVscZHdwfwsf30_nw==/base.apk
11-09 21:18:32.368  1415  1684 W PackageManager: Failed registering loading progress callback. Package is fully loaded.
11-09 21:18:32.391  1415  1974 D CompatibilityChangeReporter: Compat change id reported: 218533173; UID 10399; state: DISABLED
11-09 21:18:32.395  1415  1415 I Telecom : DefaultDialerCache: Refreshing default dialer for user 0: now com.google.android.dialer: DDC.oR@CT8
11-09 21:18:32.398  1415  4155 W BackupTransportManager: Package com.novaspirit.usbcleaver enabled setting: 0
11-09 21:18:32.415  1415  1684 W WindowMagnificationMgr: requestConnection duplicated request: connect=false, mConnectionState=DISCONNECTED
11-09 21:18:32.468  1415  4153 W AppOps  : setUidMode() called with a mode inconsistent with runtime permission state, this is discouraged and you should revoke the runtime permission instead: uid=10126, switchCode=1, mode=4, permission=android.permission.ACCESS_BACKGROUND_LOCATION
11-09 21:18:32.478  1415  5522 W AppOps  : setUidMode() called with a mode inconsistent with runtime permission state, this is discouraged and you should revoke the runtime permission instead: uid=10126, switchCode=0, mode=4, permission=android.permission.ACCESS_BACKGROUND_LOCATION
11-09 21:18:32.525  1415  5508 D CompatibilityChangeReporter: Compat change id reported: 161252188; UID 10399; state: DISABLED
11-09 21:18:32.572  1415  1768 E PackageManager: ERROR: could not load root hash from incremental install
11-09 21:18:32.603  1415  1768 I PackageManager: Integrity check passed for file:///data/app/vmdl1769580090.tmp
11-09 21:18:32.704  1415  1672 V StorageManagerService: Package null has legacy storage
11-09 21:18:32.850  1415  1768 V BackupManagerService: [UserID:0] restoreAtInstall pkg=com.voicebianshengjinglingwc.wxl token=d2 restoreSet=0
11-09 21:18:32.851  1415  1768 V BackupManagerService: [UserID:0] Finishing install immediately
11-09 21:18:32.853  1415  1768 D PackageInstallerSession: Marking session 1769580090 as applied
11-09 21:18:32.857  1415  1768 D CompatibilityChangeReporter: Compat change id reported: 168419799; UID 10400; state: DISABLED
11-09 21:18:32.857  1415  1768 D CompatibilityChangeReporter: Compat change id reported: 273564678; UID 10400; state: DISABLED
11-09 21:18:32.862  1415  5566 W BroadcastQueue: u0 Receiving a broadcast in packagecom.jr.narutoii requires a permissions review
11-09 21:18:32.862  1415  5566 W BroadcastQueue: Skipping delivery: permission review required for Intent { act=android.intent.action.PACKAGE_ADDED dat=package: flg=0x4000010 (has extras) } from null (pid=1415, uid=1000) to com.jr.narutoii/com.joyriver.engine.proxy.EngineReceiver
11-09 21:18:32.867  1415  1415 I Telecom : DefaultDialerCache: Refreshing default dialer for user 0: now com.google.android.dialer: DDC.oR@CUI
11-09 21:18:32.868  1415  1687 W BroadcastQueue: u0 Receiving a broadcast in packagecom.android.buyer requires a permissions review
11-09 21:18:32.868  1415  1687 W BroadcastQueue: Skipping delivery: permission review required for Intent { act=android.intent.action.PACKAGE_ADDED dat=package: flg=0x4000010 (has extras) } from null (pid=1415, uid=1000) to com.android.buyer/.mRve
11-09 21:18:32.868  1415  1687 W BroadcastQueue: Background execution not allowed: receiving Intent { act=android.intent.action.PACKAGE_ADDED dat=package: flg=0x4000010 (has extras) } to com.google.android.packageinstaller/com.android.packageinstaller.PackageInstalledReceiver
11-09 21:18:32.868  1415  1687 W BroadcastQueue: Background execution not allowed: receiving Intent { act=android.intent.action.PACKAGE_ADDED dat=package: flg=0x4000010 (has extras) } to com.sophos.smsec/.SmSecSystemBroadcastReceiver
11-09 21:18:32.868  1415  1687 W BroadcastQueue: Background execution not allowed: receiving Intent { act=android.intent.action.PACKAGE_ADDED dat=package: flg=0x4000010 (has extras) } to com.android.vending/com.google.android.finsky.packagemonitor.impl.PackageMonitorReceiverImpl$RegisteredReceiver
11-09 21:18:32.868  1415  1687 W BroadcastQueue: Background execution not allowed: receiving Intent { act=android.intent.action.PACKAGE_ADDED dat=package: flg=0x4000010 (has extras) } to com.android.vending/com.google.android.finsky.packagemonitor.backgroundimpl.BackgroundPackageMonitorReceiverImpl$RegisteredReceiver
11-09 21:18:32.868  1415  1687 W BroadcastQueue: Background execution not allowed: receiving Intent { act=android.intent.action.PACKAGE_ADDED dat=package: flg=0x4000010 (has extras) } to com.google.android.gms/.games.chimera.GamesSystemBroadcastReceiverProxy
11-09 21:18:32.868  1415  1687 W BroadcastQueue: Background execution not allowed: receiving Intent { act=android.intent.action.PACKAGE_ADDED dat=package: flg=0x4000010 (has extras) } to com.google.android.gms/.gass.chimera.PackageChangeBroadcastReceiver
11-09 21:18:32.868  1415  1687 W BroadcastQueue: Background execution not allowed: receiving Intent { act=android.intent.action.PACKAGE_ADDED dat=package: flg=0x4000010 (has extras) } to com.google.android.gms/.chimera.GmsIntentOperationService$PersistentTrustedReceiver
11-09 21:18:32.869  1415  1687 W BroadcastQueue: Background execution not allowed: receiving Intent { act=android.intent.action.PACKAGE_ADDED dat=package: flg=0x4000010 (has extras) } to com.google.android.googlequicksearchbox/com.google.android.apps.gsa.googlequicksearchbox.GelStubAppWatcher
11-09 21:18:32.869  1415  1687 W BroadcastQueue: u0 Receiving a broadcast in packagecom.cncd.japan.janli.shudu requires a permissions review
11-09 21:18:32.869  1415  1687 W BroadcastQueue: Skipping delivery: permission review required for Intent { act=android.intent.action.PACKAGE_ADDED dat=package: flg=0x4000010 (has extras) } from null (pid=1415, uid=1000) to com.cncd.japan.janli.shudu/net.l.k.r
11-09 21:18:32.869  1415  1687 W BroadcastQueue: u0 Receiving a broadcast in packagecom.cncd.japan.janli.shudu requires a permissions review
11-09 21:18:32.869  1415  1687 W BroadcastQueue: Skipping delivery: permission review required for Intent { act=android.intent.action.PACKAGE_ADDED dat=package: flg=0x4000010 (has extras) } from null (pid=1415, uid=1000) to com.cncd.japan.janli.shudu/com.feiwofour.coverscreen.SR
11-09 21:18:32.870  1415  1687 W BroadcastQueue: u0 Receiving a broadcast in packagecom.games.mengmeizhitd requires a permissions review
11-09 21:18:32.870  1415  1687 W BroadcastQueue: Skipping delivery: permission review required for Intent { act=android.intent.action.PACKAGE_ADDED dat=package: flg=0x4000010 (has extras) } from null (pid=1415, uid=1000) to com.games.mengmeizhitd/hjnw.ihjnw.i.isqly
11-09 21:18:32.870  1415  1687 W BroadcastQueue: u0 Receiving a broadcast in packagecom.hgperfko.yaeghrwx requires a permissions review
11-09 21:18:32.870  1415  1687 W BroadcastQueue: Skipping delivery: permission review required for Intent { act=android.intent.action.PACKAGE_ADDED dat=package: flg=0x4000010 (has extras) } from null (pid=1415, uid=1000) to com.hgperfko.yaeghrwx/.core.hLytdCQDBv
11-09 21:18:32.870  1415  1687 W BroadcastQueue: u0 Receiving a broadcast in packagecom.qiuqiu.dfmc requires a permissions review
11-09 21:18:32.870  1415  1687 W BroadcastQueue: Skipping delivery: permission review required for Intent { act=android.intent.action.PACKAGE_ADDED dat=package: flg=0x4000010 (has extras) } from null (pid=1415, uid=1000) to com.qiuqiu.dfmc/cn.jpush.android.service.PushReceiver
11-09 21:18:32.870  1415  1687 W BroadcastQueue: u0 Receiving a broadcast in packagecom.safesys.viruskiller requires a permissions review
11-09 21:18:32.870  1415  1687 W BroadcastQueue: Skipping delivery: permission review required for Intent { act=android.intent.action.PACKAGE_ADDED dat=package: flg=0x4000010 (has extras) } from null (pid=1415, uid=1000) to com.safesys.viruskiller/.ScanPackageBroadcast
11-09 21:18:32.870  1415  1687 W BroadcastQueue: u0 Receiving a broadcast in packagecom.uc108.mobile.sdgj.bd1 requires a permissions review
11-09 21:18:32.870  1415  1687 W BroadcastQueue: Skipping delivery: permission review required for Intent { act=android.intent.action.PACKAGE_ADDED dat=package: flg=0x4000010 (has extras) } from null (pid=1415, uid=1000) to com.uc108.mobile.sdgj.bd1/com.baidu.tiebasdk.service.InstallReceiver
11-09 21:18:32.870  1415  1687 W BroadcastQueue: u0 Receiving a broadcast in packageio.dcloud.H5BC6BF13 requires a permissions review
11-09 21:18:32.870  1415  1687 W BroadcastQueue: Skipping delivery: permission review required for Intent { act=android.intent.action.PACKAGE_ADDED dat=package: flg=0x4000010 (has extras) } from null (pid=1415, uid=1000) to io.dcloud.H5BC6BF13/io.dcloud.common.adapter.io.DownloadReceiver
11-09 21:18:32.883  1415  1415 V BackupManagerConstants: getFullBackupIntervalMilliseconds(...) returns 86400000
11-09 21:18:32.883  1415  1415 V BackupManagerConstants: getFullBackupRequiredNetworkType(...) returns 2
11-09 21:18:32.883  1415  1415 V BackupManagerConstants: getFullBackupRequireCharging(...) returns true
11-09 21:18:32.888  1415  1974 D CompatibilityChangeReporter: Compat change id reported: 218533173; UID 10400; state: DISABLED
11-09 21:18:32.889  1415  1415 I Telecom : DefaultDialerCache: Refreshing default dialer for user 0: now com.google.android.dialer: DDC.oR@CUM
11-09 21:18:32.902  1415  4155 W BackupTransportManager: Package com.voicebianshengjinglingwc.wxl enabled setting: 0
11-09 21:18:32.910  1415  1764 E VerityUtils: Failed to measure fs-verity, errno 1: /data/app/~~f2OXMhwpssKQRTohS6LysA==/com.voicebianshengjinglingwc.wxl-dCrBuVeaI17NI_TXygR_0Q==/base.apk
11-09 21:18:32.918  1415  5507 D CompatibilityChangeReporter: Compat change id reported: 161252188; UID 10400; state: DISABLED
11-09 21:18:32.923  1415  1684 W WindowMagnificationMgr: requestConnection duplicated request: connect=false, mConnectionState=DISCONNECTED
11-09 21:18:32.948  1415  1768 E PackageManager: ERROR: could not load root hash from incremental install
11-09 21:18:32.951  1415  2006 W PackageParsing: Ignoring duplicate uses-permissions/uses-permissions-sdk-m: android.permission.DISABLE_KEYGUARD in package: zqgd.bwqay.wekcq at: Binary XML file line #22
11-09 21:18:32.964  1415  1768 I PackageManager: Integrity check passed for file:///data/app/vmdl1323390622.tmp
11-09 21:18:33.021  1415  1684 W PackageManager: Failed registering loading progress callback. Package is fully loaded.
