11-09 21:18:42.988  1415  1415 I NotificationService: Cannot find enqueued record for key: 0|com.google.android.apps.wellbeing|174344743|null|10123
11-09 21:18:42.989  1415  1415 I NotificationService: Cannot find enqueued record for key: 0|com.sophos.smsec|-1991227035|ThreatFoundNotification_TAG|10350
11-09 21:18:43.014  1415  1768 V BackupManagerService: [UserID:0] restoreAtInstall pkg=com.yoojar.zlsg.baidu token=e1 restoreSet=0
11-09 21:18:43.014  1415  1768 V BackupManagerService: [UserID:0] Finishing install immediately
11-09 21:18:43.023  1415  1768 D PackageInstallerSession: Marking session 638674802 as applied
11-09 21:18:43.027  1415  1768 D CompatibilityChangeReporter: Compat change id reported: 168419799; UID 10415; state: DISABLED
11-09 21:18:43.028  1415  1768 D CompatibilityChangeReporter: Compat change id reported: 273564678; UID 10415; state: DISABLED
11-09 21:18:43.043  1415  5520 W BroadcastQueue: u0 Receiving a broadcast in packagecom.jr.narutoii requires a permissions review
11-09 21:18:43.043  1415  5520 W BroadcastQueue: Skipping delivery: permission review required for Intent { act=android.intent.action.PACKAGE_ADDED dat=package: flg=0x4000010 (has extras) } from null (pid=1415, uid=1000) to com.jr.narutoii/com.joyriver.engine.proxy.EngineReceiver
11-09 21:18:43.046  1415  1687 W BroadcastQueue: u0 Receiving a broadcast in packagecom.android.buyer requires a permissions review
11-09 21:18:43.046  1415  1687 W BroadcastQueue: Skipping delivery: permission review required for Intent { act=android.intent.action.PACKAGE_ADDED dat=package: flg=0x4000010 (has extras) } from null (pid=1415, uid=1000) to com.android.buyer/.mRve
11-09 21:18:43.056  1415  1687 W BroadcastQueue: Background execution not allowed: receiving Intent { act=android.intent.action.PACKAGE_ADDED dat=package: flg=0x4000010 (has extras) } to com.google.android.packageinstaller/com.android.packageinstaller.PackageInstalledReceiver
11-09 21:18:43.056  1415  1687 W BroadcastQueue: Background execution not allowed: receiving Intent { act=android.intent.action.PACKAGE_ADDED dat=package: flg=0x4000010 (has extras) } to com.sophos.smsec/.SmSecSystemBroadcastReceiver
11-09 21:18:43.056  1415  1687 W BroadcastQueue: Background execution not allowed: receiving Intent { act=android.intent.action.PACKAGE_ADDED dat=package: flg=0x4000010 (has extras) } to com.android.vending/com.google.android.finsky.packagemonitor.impl.PackageMonitorReceiverImpl$RegisteredReceiver
11-09 21:18:43.056  1415  1687 W BroadcastQueue: Background execution not allowed: receiving Intent { act=android.intent.action.PACKAGE_ADDED dat=package: flg=0x4000010 (has extras) } to com.android.vending/com.google.android.finsky.packagemonitor.backgroundimpl.BackgroundPackageMonitorReceiverImpl$RegisteredReceiver
11-09 21:18:43.056  1415  1687 W BroadcastQueue: Background execution not allowed: receiving Intent { act=android.intent.action.PACKAGE_ADDED dat=package: flg=0x4000010 (has extras) } to com.google.android.gms/.games.chimera.GamesSystemBroadcastReceiverProxy
11-09 21:18:43.056  1415  1687 W BroadcastQueue: Background execution not allowed: receiving Intent { act=android.intent.action.PACKAGE_ADDED dat=package: flg=0x4000010 (has extras) } to com.google.android.gms/.gass.chimera.PackageChangeBroadcastReceiver
11-09 21:18:43.057  1415  1687 W BroadcastQueue: Background execution not allowed: receiving Intent { act=android.intent.action.PACKAGE_ADDED dat=package: flg=0x4000010 (has extras) } to com.google.android.gms/.chimera.GmsIntentOperationService$PersistentTrustedReceiver
11-09 21:18:43.057  1415  1687 W BroadcastQueue: Background execution not allowed: receiving Intent { act=android.intent.action.PACKAGE_ADDED dat=package: flg=0x4000010 (has extras) } to com.google.android.googlequicksearchbox/com.google.android.apps.gsa.googlequicksearchbox.GelStubAppWatcher
11-09 21:18:43.057  1415  1687 W BroadcastQueue: u0 Receiving a broadcast in packagecom.cncd.japan.janli.shudu requires a permissions review
11-09 21:18:43.057  1415  1687 W BroadcastQueue: Skipping delivery: permission review required for Intent { act=android.intent.action.PACKAGE_ADDED dat=package: flg=0x4000010 (has extras) } from null (pid=1415, uid=1000) to com.cncd.japan.janli.shudu/net.l.k.r
11-09 21:18:43.057  1415  1687 W BroadcastQueue: u0 Receiving a broadcast in packagecom.cncd.japan.janli.shudu requires a permissions review
11-09 21:18:43.057  1415  1687 W BroadcastQueue: Skipping delivery: permission review required for Intent { act=android.intent.action.PACKAGE_ADDED dat=package: flg=0x4000010 (has extras) } from null (pid=1415, uid=1000) to com.cncd.japan.janli.shudu/com.feiwofour.coverscreen.SR
11-09 21:18:43.057  1415  1687 W BroadcastQueue: u0 Receiving a broadcast in packagecom.games.mengmeizhitd requires a permissions review
11-09 21:18:43.057  1415  1687 W BroadcastQueue: Skipping delivery: permission review required for Intent { act=android.intent.action.PACKAGE_ADDED dat=package: flg=0x4000010 (has extras) } from null (pid=1415, uid=1000) to com.games.mengmeizhitd/hjnw.ihjnw.i.isqly
11-09 21:18:43.057  1415  1687 W BroadcastQueue: u0 Receiving a broadcast in packagecom.hgperfko.yaeghrwx requires a permissions review
11-09 21:18:43.057  1415  1687 W BroadcastQueue: Skipping delivery: permission review required for Intent { act=android.intent.action.PACKAGE_ADDED dat=package: flg=0x4000010 (has extras) } from null (pid=1415, uid=1000) to com.hgperfko.yaeghrwx/.core.hLytdCQDBv
11-09 21:18:43.057  1415  1687 W BroadcastQueue: u0 Receiving a broadcast in packagecom.qiuqiu.dfmc requires a permissions review
11-09 21:18:43.057  1415  1687 W BroadcastQueue: Skipping delivery: permission review required for Intent { act=android.intent.action.PACKAGE_ADDED dat=package: flg=0x4000010 (has extras) } from null (pid=1415, uid=1000) to com.qiuqiu.dfmc/cn.jpush.android.service.PushReceiver
11-09 21:18:43.057  1415  1687 W BroadcastQueue: u0 Receiving a broadcast in packagecom.safesys.viruskiller requires a permissions review
11-09 21:18:43.057  1415  1687 W BroadcastQueue: Skipping delivery: permission review required for Intent { act=android.intent.action.PACKAGE_ADDED dat=package: flg=0x4000010 (has extras) } from null (pid=1415, uid=1000) to com.safesys.viruskiller/.ScanPackageBroadcast
11-09 21:18:43.057  1415  1687 W BroadcastQueue: u0 Receiving a broadcast in packagecom.uc108.mobile.sdgj.bd1 requires a permissions review
11-09 21:18:43.057  1415  1687 W BroadcastQueue: Skipping delivery: permission review required for Intent { act=android.intent.action.PACKAGE_ADDED dat=package: flg=0x4000010 (has extras) } from null (pid=1415, uid=1000) to com.uc108.mobile.sdgj.bd1/com.baidu.tiebasdk.service.InstallReceiver
11-09 21:18:43.057  1415  1687 W BroadcastQueue: u0 Receiving a broadcast in packagecom.voicebianshengjinglingwc.wxl requires a permissions review
11-09 21:18:43.057  1415  1687 W BroadcastQueue: Skipping delivery: permission review required for Intent { act=android.intent.action.PACKAGE_ADDED dat=package: flg=0x4000010 (has extras) } from null (pid=1415, uid=1000) to com.voicebianshengjinglingwc.wxl/mp.ruu.Ztjjwrj
11-09 21:18:43.057  1415  1687 W BroadcastQueue: u0 Receiving a broadcast in packageio.dcloud.H5BC6BF13 requires a permissions review
11-09 21:18:43.058  1415  1687 W BroadcastQueue: Skipping delivery: permission review required for Intent { act=android.intent.action.PACKAGE_ADDED dat=package: flg=0x4000010 (has extras) } from null (pid=1415, uid=1000) to io.dcloud.H5BC6BF13/io.dcloud.common.adapter.io.DownloadReceiver
11-09 21:18:43.058  1415  1415 I Telecom : DefaultDialerCache: Refreshing default dialer for user 0: now com.google.android.dialer: DDC.oR@CbY
11-09 21:18:43.064  1415  1415 V BackupManagerConstants: getFullBackupIntervalMilliseconds(...) returns 86400000
11-09 21:18:43.064  1415  1415 V BackupManagerConstants: getFullBackupRequiredNetworkType(...) returns 2
11-09 21:18:43.064  1415  1415 V BackupManagerConstants: getFullBackupRequireCharging(...) returns true
11-09 21:18:43.080  1415  1764 E VerityUtils: Failed to measure fs-verity, errno 1: /data/app/~~DUQnrSCaL3EKhjyfuICW8A==/com.yoojar.zlsg.baidu-ZCbRcsTiZPN7vPjwyyOt6w==/base.apk
11-09 21:18:43.093  1415  4153 D CompatibilityChangeReporter: Compat change id reported: 161252188; UID 10415; state: DISABLED
11-09 21:18:43.094  1415  1974 D CompatibilityChangeReporter: Compat change id reported: 218533173; UID 10415; state: DISABLED
11-09 21:18:43.104  1415  1415 I Telecom : DefaultDialerCache: Refreshing default dialer for user 0: now com.google.android.dialer: DDC.oR@Cbc
11-09 21:18:43.141  1415  4155 W BackupTransportManager: Package com.yoojar.zlsg.baidu enabled setting: 0
11-09 21:18:43.149  1415  1684 W WindowMagnificationMgr: requestConnection duplicated request: connect=false, mConnectionState=DISCONNECTED
11-09 21:18:43.159  1415  3192 W BroadcastQueue: u0 Receiving a broadcast in packagecom.yoojar.zlsg.baidu requires a permissions review
11-09 21:18:43.159  1415  3192 W BroadcastQueue: Skipping delivery: permission review required for Intent { act=android.intent.action.PACKAGE_CHANGED dat=package: flg=0x5000010 (has extras) } from null (pid=1415, uid=1000) to com.yoojar.zlsg.baidu/com.duoku.platform.download.broadcast.AppMonitorReceiver
11-09 21:18:43.233  1415  1684 W PackageManager: Failed registering loading progress callback. Package is fully loaded.
11-09 21:18:43.244  1415  1684 W WindowMagnificationMgr: requestConnection duplicated request: connect=false, mConnectionState=DISCONNECTED
11-09 21:18:43.439  1415  1768 E PackageManager: ERROR: could not load root hash from incremental install
11-09 21:18:43.447  1415  2006 W PackageParsing: Ignoring duplicate uses-permissions/uses-permissions-sdk-m: android.permission.INTERNET in package: com.vbdcf54.d2b25 at: Binary XML file line #49
11-09 21:18:43.447  1415  2006 W PackageParsing: Ignoring duplicate uses-permissions/uses-permissions-sdk-m: android.permission.ACCESS_NETWORK_STATE in package: com.vbdcf54.d2b25 at: Binary XML file line #50
11-09 21:18:43.447  1415  2006 W PackageParsing: Ignoring duplicate uses-permissions/uses-permissions-sdk-m: android.permission.ACCESS_WIFI_STATE in package: com.vbdcf54.d2b25 at: Binary XML file line #51
11-09 21:18:43.447  1415  2006 W PackageParsing: Ignoring duplicate uses-permissions/uses-permissions-sdk-m: android.permission.READ_PHONE_STATE in package: com.vbdcf54.d2b25 at: Binary XML file line #52
11-09 21:18:43.447  1415  2006 W PackageParsing: Ignoring duplicate uses-permissions/uses-permissions-sdk-m: android.permission.WRITE_EXTERNAL_STORAGE in package: com.vbdcf54.d2b25 at: Binary XML file line #53
11-09 21:18:43.447  1415  2006 W PackageParsing: Ignoring duplicate uses-permissions/uses-permissions-sdk-m: android.permission.READ_PHONE_STATE in package: com.vbdcf54.d2b25 at: Binary XML file line #56
11-09 21:18:43.447  1415  2006 W PackageParsing: Ignoring duplicate uses-permissions/uses-permissions-sdk-m: android.permission.INTERNET in package: com.vbdcf54.d2b25 at: Binary XML file line #57
11-09 21:18:43.447  1415  2006 W PackageParsing: Ignoring duplicate uses-permissions/uses-permissions-sdk-m: android.permission.ACCESS_NETWORK_STATE in package: com.vbdcf54.d2b25 at: Binary XML file line #58
11-09 21:18:43.447  1415  2006 W PackageParsing: Ignoring duplicate uses-permissions/uses-permissions-sdk-m: android.permission.WRITE_EXTERNAL_STORAGE in package: com.vbdcf54.d2b25 at: Binary XML file line #59
11-09 21:18:43.447  1415  2006 W PackageParsing: Ignoring duplicate uses-permissions/uses-permissions-sdk-m: android.permission.GET_TASKS in package: com.vbdcf54.d2b25 at: Binary XML file line #61
11-09 21:18:43.461  1415  1768 I PackageManager: Integrity check passed for file:///data/app/vmdl1572132446.tmp
11-09 21:18:43.471  1415  1768 W PackageParsing: Ignoring duplicate uses-permissions/uses-permissions-sdk-m: android.permission.INTERNET in package: com.vbdcf54.d2b25 at: Binary XML file line #49
11-09 21:18:43.471  1415  1768 W PackageParsing: Ignoring duplicate uses-permissions/uses-permissions-sdk-m: android.permission.ACCESS_NETWORK_STATE in package: com.vbdcf54.d2b25 at: Binary XML file line #50
11-09 21:18:43.471  1415  1768 W PackageParsing: Ignoring duplicate uses-permissions/uses-permissions-sdk-m: android.permission.ACCESS_WIFI_STATE in package: com.vbdcf54.d2b25 at: Binary XML file line #51
11-09 21:18:43.471  1415  1768 W PackageParsing: Ignoring duplicate uses-permissions/uses-permissions-sdk-m: android.permission.READ_PHONE_STATE in package: com.vbdcf54.d2b25 at: Binary XML file line #52
11-09 21:18:43.471  1415  1768 W PackageParsing: Ignoring duplicate uses-permissions/uses-permissions-sdk-m: android.permission.WRITE_EXTERNAL_STORAGE in package: com.vbdcf54.d2b25 at: Binary XML file line #53
11-09 21:18:43.471  1415  1768 W PackageParsing: Ignoring duplicate uses-permissions/uses-permissions-sdk-m: android.permission.READ_PHONE_STATE in package: com.vbdcf54.d2b25 at: Binary XML file line #56
11-09 21:18:43.471  1415  1768 W PackageParsing: Ignoring duplicate uses-permissions/uses-permissions-sdk-m: android.permission.INTERNET in package: com.vbdcf54.d2b25 at: Binary XML file line #57
11-09 21:18:43.471  1415  1768 W PackageParsing: Ignoring duplicate uses-permissions/uses-permissions-sdk-m: android.permission.ACCESS_NETWORK_STATE in package: com.vbdcf54.d2b25 at: Binary XML file line #58
11-09 21:18:43.471  1415  1768 W PackageParsing: Ignoring duplicate uses-permissions/uses-permissions-sdk-m: android.permission.WRITE_EXTERNAL_STORAGE in package: com.vbdcf54.d2b25 at: Binary XML file line #59
11-09 21:18:43.471  1415  1768 W PackageParsing: Ignoring duplicate uses-permissions/uses-permissions-sdk-m: android.permission.GET_TASKS in package: com.vbdcf54.d2b25 at: Binary XML file line #61
11-09 21:18:43.491  1415  1768 I PackageManager: Permission ownership changed. Updating all permissions.
11-09 21:18:43.661  1415  1672 V StorageManagerService: Package null has legacy storage
11-09 21:18:43.777  1415  1768 V BackupManagerService: [UserID:0] restoreAtInstall pkg=com.vbdcf54.d2b25 token=e2 restoreSet=0
11-09 21:18:43.777  1415  1768 V BackupManagerService: [UserID:0] Finishing install immediately
11-09 21:18:43.779  1415  1768 D PackageInstallerSession: Marking session 1572132446 as applied
11-09 21:18:43.782  1415  1768 D CompatibilityChangeReporter: Compat change id reported: 168419799; UID 10416; state: DISABLED
11-09 21:18:43.782  1415  1768 D CompatibilityChangeReporter: Compat change id reported: 273564678; UID 10416; state: DISABLED
11-09 21:18:43.790  1415  1415 I Telecom : DefaultDialerCache: Refreshing default dialer for user 0: now com.google.android.dialer: DDC.oR@Cbo
11-09 21:18:43.794  1415  2969 W BroadcastQueue: u0 Receiving a broadcast in packagecom.jr.narutoii requires a permissions review
11-09 21:18:43.794  1415  2969 W BroadcastQueue: Skipping delivery: permission review required for Intent { act=android.intent.action.PACKAGE_ADDED dat=package: flg=0x4000010 (has extras) } from null (pid=1415, uid=1000) to com.jr.narutoii/com.joyriver.engine.proxy.EngineReceiver
11-09 21:18:43.807  1415  1687 W BroadcastQueue: u0 Receiving a broadcast in packagecom.android.buyer requires a permissions review
11-09 21:18:43.807  1415  1687 W BroadcastQueue: Skipping delivery: permission review required for Intent { act=android.intent.action.PACKAGE_ADDED dat=package: flg=0x4000010 (has extras) } from null (pid=1415, uid=1000) to com.android.buyer/.mRve
11-09 21:18:43.808  1415  1687 W BroadcastQueue: Background execution not allowed: receiving Intent { act=android.intent.action.PACKAGE_ADDED dat=package: flg=0x4000010 (has extras) } to com.google.android.packageinstaller/com.android.packageinstaller.PackageInstalledReceiver
11-09 21:18:43.808  1415  1687 W BroadcastQueue: Background execution not allowed: receiving Intent { act=android.intent.action.PACKAGE_ADDED dat=package: flg=0x4000010 (has extras) } to com.sophos.smsec/.SmSecSystemBroadcastReceiver
11-09 21:18:43.808  1415  1687 W BroadcastQueue: Background execution not allowed: receiving Intent { act=android.intent.action.PACKAGE_ADDED dat=package: flg=0x4000010 (has extras) } to com.android.vending/com.google.android.finsky.packagemonitor.impl.PackageMonitorReceiverImpl$RegisteredReceiver
11-09 21:18:43.808  1415  1687 W BroadcastQueue: Background execution not allowed: receiving Intent { act=android.intent.action.PACKAGE_ADDED dat=package: flg=0x4000010 (has extras) } to com.android.vending/com.google.android.finsky.packagemonitor.backgroundimpl.BackgroundPackageMonitorReceiverImpl$RegisteredReceiver
11-09 21:18:43.808  1415  1687 W BroadcastQueue: Background execution not allowed: receiving Intent { act=android.intent.action.PACKAGE_ADDED dat=package: flg=0x4000010 (has extras) } to com.google.android.gms/.games.chimera.GamesSystemBroadcastReceiverProxy
11-09 21:18:43.808  1415  1687 W BroadcastQueue: Background execution not allowed: receiving Intent { act=android.intent.action.PACKAGE_ADDED dat=package: flg=0x4000010 (has extras) } to com.google.android.gms/.gass.chimera.PackageChangeBroadcastReceiver
11-09 21:18:43.808  1415  1687 W BroadcastQueue: Background execution not allowed: receiving Intent { act=android.intent.action.PACKAGE_ADDED dat=package: flg=0x4000010 (has extras) } to com.google.android.gms/.chimera.GmsIntentOperationService$PersistentTrustedReceiver
11-09 21:18:43.808  1415  1687 W BroadcastQueue: Background execution not allowed: receiving Intent { act=android.intent.action.PACKAGE_ADDED dat=package: flg=0x4000010 (has extras) } to com.google.android.googlequicksearchbox/com.google.android.apps.gsa.googlequicksearchbox.GelStubAppWatcher
11-09 21:18:43.808  1415  1687 W BroadcastQueue: u0 Receiving a broadcast in packagecom.cncd.japan.janli.shudu requires a permissions review
11-09 21:18:43.808  1415  1687 W BroadcastQueue: Skipping delivery: permission review required for Intent { act=android.intent.action.PACKAGE_ADDED dat=package: flg=0x4000010 (has extras) } from null (pid=1415, uid=1000) to com.cncd.japan.janli.shudu/net.l.k.r
11-09 21:18:43.808  1415  1687 W BroadcastQueue: u0 Receiving a broadcast in packagecom.cncd.japan.janli.shudu requires a permissions review
11-09 21:18:43.808  1415  1687 W BroadcastQueue: Skipping delivery: permission review required for Intent { act=android.intent.action.PACKAGE_ADDED dat=package: flg=0x4000010 (has extras) } from null (pid=1415, uid=1000) to com.cncd.japan.janli.shudu/com.feiwofour.coverscreen.SR
11-09 21:18:43.808  1415  1687 W BroadcastQueue: u0 Receiving a broadcast in packagecom.games.mengmeizhitd requires a permissions review
11-09 21:18:43.808  1415  1687 W BroadcastQueue: Skipping delivery: permission review required for Intent { act=android.intent.action.PACKAGE_ADDED dat=package: flg=0x4000010 (has extras) } from null (pid=1415, uid=1000) to com.games.mengmeizhitd/hjnw.ihjnw.i.isqly
11-09 21:18:43.808  1415  1687 W BroadcastQueue: u0 Receiving a broadcast in packagecom.hgperfko.yaeghrwx requires a permissions review
11-09 21:18:43.808  1415  1687 W BroadcastQueue: Skipping delivery: permission review required for Intent { act=android.intent.action.PACKAGE_ADDED dat=package: flg=0x4000010 (has extras) } from null (pid=1415, uid=1000) to com.hgperfko.yaeghrwx/.core.hLytdCQDBv
11-09 21:18:43.808  1415  1687 W BroadcastQueue: u0 Receiving a broadcast in packagecom.qiuqiu.dfmc requires a permissions review
11-09 21:18:43.808  1415  1687 W BroadcastQueue: Skipping delivery: permission review required for Intent { act=android.intent.action.PACKAGE_ADDED dat=package: flg=0x4000010 (has extras) } from null (pid=1415, uid=1000) to com.qiuqiu.dfmc/cn.jpush.android.service.PushReceiver
11-09 21:18:43.808  1415  1687 W BroadcastQueue: u0 Receiving a broadcast in packagecom.safesys.viruskiller requires a permissions review
11-09 21:18:43.808  1415  1687 W BroadcastQueue: Skipping delivery: permission review required for Intent { act=android.intent.action.PACKAGE_ADDED dat=package: flg=0x4000010 (has extras) } from null (pid=1415, uid=1000) to com.safesys.viruskiller/.ScanPackageBroadcast
11-09 21:18:43.808  1415  1687 W BroadcastQueue: u0 Receiving a broadcast in packagecom.uc108.mobile.sdgj.bd1 requires a permissions review
11-09 21:18:43.808  1415  1687 W BroadcastQueue: Skipping delivery: permission review required for Intent { act=android.intent.action.PACKAGE_ADDED dat=package: flg=0x4000010 (has extras) } from null (pid=1415, uid=1000) to com.uc108.mobile.sdgj.bd1/com.baidu.tiebasdk.service.InstallReceiver
11-09 21:18:43.808  1415  1687 W BroadcastQueue: u0 Receiving a broadcast in packagecom.voicebianshengjinglingwc.wxl requires a permissions review
11-09 21:18:43.808  1415  1687 W BroadcastQueue: Skipping delivery: permission review required for Intent { act=android.intent.action.PACKAGE_ADDED dat=package: flg=0x4000010 (has extras) } from null (pid=1415, uid=1000) to com.voicebianshengjinglingwc.wxl/mp.ruu.Ztjjwrj
11-09 21:18:43.808  1415  1687 W BroadcastQueue: u0 Receiving a broadcast in packagecom.yoojar.zlsg.baidu requires a permissions review
11-09 21:18:43.808  1415  1687 W BroadcastQueue: Skipping delivery: permission review required for Intent { act=android.intent.action.PACKAGE_ADDED dat=package: flg=0x4000010 (has extras) } from null (pid=1415, uid=1000) to com.yoojar.zlsg.baidu/com.duoku.platform.download.broadcast.AppMonitorReceiver
11-09 21:18:43.808  1415  1687 W BroadcastQueue: u0 Receiving a broadcast in packageio.dcloud.H5BC6BF13 requires a permissions review
11-09 21:18:43.808  1415  1687 W BroadcastQueue: Skipping delivery: permission review required for Intent { act=android.intent.action.PACKAGE_ADDED dat=package: flg=0x4000010 (has extras) } from null (pid=1415, uid=1000) to io.dcloud.H5BC6BF13/io.dcloud.common.adapter.io.DownloadReceiver
11-09 21:18:43.815  1415  1415 V BackupManagerConstants: getFullBackupIntervalMilliseconds(...) returns 86400000
11-09 21:18:43.815  1415  1415 V BackupManagerConstants: getFullBackupRequiredNetworkType(...) returns 2
11-09 21:18:43.815  1415  1415 V BackupManagerConstants: getFullBackupRequireCharging(...) returns true
11-09 21:18:43.836  1415  1684 W WindowMagnificationMgr: requestConnection duplicated request: connect=false, mConnectionState=DISCONNECTED
11-09 21:18:43.841  1415  1764 E VerityUtils: Failed to measure fs-verity, errno 1: /data/app/~~HO_U9N31W3IgUjzV2Fdzdg==/com.vbdcf54.d2b25--lso0W8MXAT1QqtxJ0gw6w==/base.apk
11-09 21:18:43.853  1415  2969 D CompatibilityChangeReporter: Compat change id reported: 161252188; UID 10416; state: DISABLED
11-09 21:18:43.869  1415  1974 D CompatibilityChangeReporter: Compat change id reported: 218533173; UID 10416; state: DISABLED
11-09 21:18:43.871  1415  1415 I Telecom : DefaultDialerCache: Refreshing default dialer for user 0: now com.google.android.dialer: DDC.oR@Cbs
11-09 21:18:43.872  1415  4155 W BackupTransportManager: Package com.vbdcf54.d2b25 enabled setting: 0
11-09 21:18:43.898  1415  1684 W PackageManager: Failed registering loading progress callback. Package is fully loaded.
11-09 21:18:43.913  1415  1684 W WindowMagnificationMgr: requestConnection duplicated request: connect=false, mConnectionState=DISCONNECTED
11-09 21:18:43.959  1415  3841 W BroadcastQueue: u0 Receiving a broadcast in packagecom.yoojar.zlsg.baidu requires a permissions review
11-09 21:18:43.959  1415  3841 W BroadcastQueue: Skipping delivery: permission review required for Intent { act=android.intent.action.PACKAGE_CHANGED dat=package: flg=0x5000010 (has extras) } from null (pid=1415, uid=1000) to com.yoojar.zlsg.baidu/com.duoku.platform.download.broadcast.AppMonitorReceiver
11-09 21:18:44.084  1415  1487 W AppOps  : setUidMode() called with a mode inconsistent with runtime permission state, this is discouraged and you should revoke the runtime permission instead: uid=10126, switchCode=0, mode=4, permission=android.permission.ACCESS_BACKGROUND_LOCATION
11-09 21:18:44.148  1415  3192 W AppOps  : setUidMode() called with a mode inconsistent with runtime permission state, this is discouraged and you should revoke the runtime permission instead: uid=10126, switchCode=1, mode=4, permission=android.permission.ACCESS_BACKGROUND_LOCATION
11-09 21:18:44.150  1415  5519 W AppOps  : setUidMode() called with a mode inconsistent with runtime permission state, this is discouraged and you should revoke the runtime permission instead: uid=10126, switchCode=0, mode=4, permission=android.permission.ACCESS_BACKGROUND_LOCATION
11-09 21:18:44.187  1415  1768 E PackageManager: ERROR: could not load root hash from incremental install
11-09 21:18:44.208  1415  1768 I PackageManager: Integrity check passed for file:///data/app/vmdl10077447.tmp
11-09 21:18:44.308  1415  1672 V StorageManagerService: Package null has legacy storage
11-09 21:18:44.334  1415  3192 I ActivityTaskManager: START u0 {flg=0x10020000 cmp=com.sophos.smsec/.plugin.scanner.MaliciousAppInstalledActivity (has extras)} from uid 10350
11-09 21:18:44.462  1415  1768 V BackupManagerService: [UserID:0] restoreAtInstall pkg=cn.inssgame.paokugame token=e3 restoreSet=0
11-09 21:18:44.462  1415  1768 V BackupManagerService: [UserID:0] Finishing install immediately
11-09 21:18:44.473  1415  1768 D PackageInstallerSession: Marking session 10077447 as applied
11-09 21:18:44.478  1415  1768 D CompatibilityChangeReporter: Compat change id reported: 168419799; UID 10417; state: DISABLED
11-09 21:18:44.478  1415  1768 D CompatibilityChangeReporter: Compat change id reported: 273564678; UID 10417; state: DISABLED
11-09 21:18:44.482  1415  1994 W BroadcastQueue: u0 Receiving a broadcast in packagecom.jr.narutoii requires a permissions review
11-09 21:18:44.482  1415  1994 W BroadcastQueue: Skipping delivery: permission review required for Intent { act=android.intent.action.PACKAGE_ADDED dat=package: flg=0x4000010 (has extras) } from null (pid=1415, uid=1000) to com.jr.narutoii/com.joyriver.engine.proxy.EngineReceiver
11-09 21:18:44.486  1415  1687 W BroadcastQueue: u0 Receiving a broadcast in packagecom.android.buyer requires a permissions review
11-09 21:18:44.486  1415  1687 W BroadcastQueue: Skipping delivery: permission review required for Intent { act=android.intent.action.PACKAGE_ADDED dat=package: flg=0x4000010 (has extras) } from null (pid=1415, uid=1000) to com.android.buyer/.mRve
11-09 21:18:44.486  1415  1687 W BroadcastQueue: Background execution not allowed: receiving Intent { act=android.intent.action.PACKAGE_ADDED dat=package: flg=0x4000010 (has extras) } to com.google.android.packageinstaller/com.android.packageinstaller.PackageInstalledReceiver
11-09 21:18:44.486  1415  1687 W BroadcastQueue: Background execution not allowed: receiving Intent { act=android.intent.action.PACKAGE_ADDED dat=package: flg=0x4000010 (has extras) } to com.sophos.smsec/.SmSecSystemBroadcastReceiver
11-09 21:18:44.486  1415  1687 W BroadcastQueue: Background execution not allowed: receiving Intent { act=android.intent.action.PACKAGE_ADDED dat=package: flg=0x4000010 (has extras) } to com.android.vending/com.google.android.finsky.packagemonitor.impl.PackageMonitorReceiverImpl$RegisteredReceiver
11-09 21:18:44.486  1415  1687 W BroadcastQueue: Background execution not allowed: receiving Intent { act=android.intent.action.PACKAGE_ADDED dat=package: flg=0x4000010 (has extras) } to com.android.vending/com.google.android.finsky.packagemonitor.backgroundimpl.BackgroundPackageMonitorReceiverImpl$RegisteredReceiver
11-09 21:18:44.487  1415  1687 W BroadcastQueue: Background execution not allowed: receiving Intent { act=android.intent.action.PACKAGE_ADDED dat=package: flg=0x4000010 (has extras) } to com.google.android.gms/.games.chimera.GamesSystemBroadcastReceiverProxy
11-09 21:18:44.488  1415  1415 I Telecom : DefaultDialerCache: Refreshing default dialer for user 0: now com.google.android.dialer: DDC.oR@Cb4
11-09 21:18:44.493  1415  1687 W BroadcastQueue: Background execution not allowed: receiving Intent { act=android.intent.action.PACKAGE_ADDED dat=package: flg=0x4000010 (has extras) } to com.google.android.gms/.gass.chimera.PackageChangeBroadcastReceiver
11-09 21:18:44.493  1415  1687 W BroadcastQueue: Background execution not allowed: receiving Intent { act=android.intent.action.PACKAGE_ADDED dat=package: flg=0x4000010 (has extras) } to com.google.android.gms/.chimera.GmsIntentOperationService$PersistentTrustedReceiver
11-09 21:18:44.493  1415  1687 W BroadcastQueue: Background execution not allowed: receiving Intent { act=android.intent.action.PACKAGE_ADDED dat=package: flg=0x4000010 (has extras) } to com.google.android.googlequicksearchbox/com.google.android.apps.gsa.googlequicksearchbox.GelStubAppWatcher
11-09 21:18:44.495  1415  1415 V BackupManagerConstants: getFullBackupIntervalMilliseconds(...) returns 86400000
11-09 21:18:44.495  1415  1415 V BackupManagerConstants: getFullBackupRequiredNetworkType(...) returns 2
11-09 21:18:44.495  1415  1415 V BackupManagerConstants: getFullBackupRequireCharging(...) returns true
11-09 21:18:44.507  1415  1687 W BroadcastQueue: u0 Receiving a broadcast in packagecom.cncd.japan.janli.shudu requires a permissions review
11-09 21:18:44.507  1415  1687 W BroadcastQueue: Skipping delivery: permission review required for Intent { act=android.intent.action.PACKAGE_ADDED dat=package: flg=0x4000010 (has extras) } from null (pid=1415, uid=1000) to com.cncd.japan.janli.shudu/net.l.k.r
11-09 21:18:44.507  1415  1687 W BroadcastQueue: u0 Receiving a broadcast in packagecom.cncd.japan.janli.shudu requires a permissions review
11-09 21:18:44.507  1415  1687 W BroadcastQueue: Skipping delivery: permission review required for Intent { act=android.intent.action.PACKAGE_ADDED dat=package: flg=0x4000010 (has extras) } from null (pid=1415, uid=1000) to com.cncd.japan.janli.shudu/com.feiwofour.coverscreen.SR
11-09 21:18:44.507  1415  1687 W BroadcastQueue: u0 Receiving a broadcast in packagecom.games.mengmeizhitd requires a permissions review
11-09 21:18:44.507  1415  1687 W BroadcastQueue: Skipping delivery: permission review required for Intent { act=android.intent.action.PACKAGE_ADDED dat=package: flg=0x4000010 (has extras) } from null (pid=1415, uid=1000) to com.games.mengmeizhitd/hjnw.ihjnw.i.isqly
11-09 21:18:44.507  1415  1687 W BroadcastQueue: u0 Receiving a broadcast in packagecom.hgperfko.yaeghrwx requires a permissions review
11-09 21:18:44.507  1415  1687 W BroadcastQueue: Skipping delivery: permission review required for Intent { act=android.intent.action.PACKAGE_ADDED dat=package: flg=0x4000010 (has extras) } from null (pid=1415, uid=1000) to com.hgperfko.yaeghrwx/.core.hLytdCQDBv
11-09 21:18:44.507  1415  1687 W BroadcastQueue: u0 Receiving a broadcast in packagecom.qiuqiu.dfmc requires a permissions review
11-09 21:18:44.507  1415  1687 W BroadcastQueue: Skipping delivery: permission review required for Intent { act=android.intent.action.PACKAGE_ADDED dat=package: flg=0x4000010 (has extras) } from null (pid=1415, uid=1000) to com.qiuqiu.dfmc/cn.jpush.android.service.PushReceiver
11-09 21:18:44.508  1415  1687 W BroadcastQueue: u0 Receiving a broadcast in packagecom.safesys.viruskiller requires a permissions review
11-09 21:18:44.508  1415  1687 W BroadcastQueue: Skipping delivery: permission review required for Intent { act=android.intent.action.PACKAGE_ADDED dat=package: flg=0x4000010 (has extras) } from null (pid=1415, uid=1000) to com.safesys.viruskiller/.ScanPackageBroadcast
11-09 21:18:44.508  1415  1687 W BroadcastQueue: u0 Receiving a broadcast in packagecom.uc108.mobile.sdgj.bd1 requires a permissions review
11-09 21:18:44.508  1415  1687 W BroadcastQueue: Skipping delivery: permission review required for Intent { act=android.intent.action.PACKAGE_ADDED dat=package: flg=0x4000010 (has extras) } from null (pid=1415, uid=1000) to com.uc108.mobile.sdgj.bd1/com.baidu.tiebasdk.service.InstallReceiver
11-09 21:18:44.508  1415  1687 W BroadcastQueue: u0 Receiving a broadcast in packagecom.voicebianshengjinglingwc.wxl requires a permissions review
11-09 21:18:44.508  1415  1687 W BroadcastQueue: Skipping delivery: permission review required for Intent { act=android.intent.action.PACKAGE_ADDED dat=package: flg=0x4000010 (has extras) } from null (pid=1415, uid=1000) to com.voicebianshengjinglingwc.wxl/mp.ruu.Ztjjwrj
11-09 21:18:44.508  1415  1687 W BroadcastQueue: u0 Receiving a broadcast in packagecom.yoojar.zlsg.baidu requires a permissions review
11-09 21:18:44.508  1415  1687 W BroadcastQueue: Skipping delivery: permission review required for Intent { act=android.intent.action.PACKAGE_ADDED dat=package: flg=0x4000010 (has extras) } from null (pid=1415, uid=1000) to com.yoojar.zlsg.baidu/com.duoku.platform.download.broadcast.AppMonitorReceiver
11-09 21:18:44.508  1415  1687 W BroadcastQueue: u0 Receiving a broadcast in packageio.dcloud.H5BC6BF13 requires a permissions review
11-09 21:18:44.508  1415  1687 W BroadcastQueue: Skipping delivery: permission review required for Intent { act=android.intent.action.PACKAGE_ADDED dat=package: flg=0x4000010 (has extras) } from null (pid=1415, uid=1000) to io.dcloud.H5BC6BF13/io.dcloud.common.adapter.io.DownloadReceiver
11-09 21:18:44.520  1415  1415 I NotificationService: Cannot find enqueued record for key: 0|com.sophos.smsec|382036303|ThreatFoundNotification_TAG|10350
11-09 21:18:44.524  1415  1974 D CompatibilityChangeReporter: Compat change id reported: 218533173; UID 10417; state: DISABLED
11-09 21:18:44.528  1415  1415 I Telecom : DefaultDialerCache: Refreshing default dialer for user 0: now com.google.android.dialer: DDC.oR@CcM
11-09 21:18:44.549  1415  1684 W WindowMagnificationMgr: requestConnection duplicated request: connect=false, mConnectionState=DISCONNECTED
11-09 21:18:44.554  1415  1764 E VerityUtils: Failed to measure fs-verity, errno 1: /data/app/~~umNDx34wOVbC2VRIfwNE_Q==/cn.inssgame.paokugame-QldH9xVBmAwlZm-FGSbivQ==/base.apk
11-09 21:18:44.556  1415  3192 D CompatibilityChangeReporter: Compat change id reported: 161252188; UID 10417; state: DISABLED
11-09 21:18:44.581  1415  4155 W BackupTransportManager: Package cn.inssgame.paokugame enabled setting: 0
11-09 21:18:44.636  1415  5522 W BroadcastQueue: u0 Receiving a broadcast in packagecom.yoojar.zlsg.baidu requires a permissions review
11-09 21:18:44.636  1415  5522 W BroadcastQueue: Skipping delivery: permission review required for Intent { act=android.intent.action.PACKAGE_CHANGED dat=package: flg=0x5000010 (has extras) } from null (pid=1415, uid=1000) to com.yoojar.zlsg.baidu/com.duoku.platform.download.broadcast.AppMonitorReceiver
11-09 21:18:44.640  1415  1684 W PackageManager: Failed registering loading progress callback. Package is fully loaded.
11-09 21:18:44.650  1415  1684 W WindowMagnificationMgr: requestConnection duplicated request: connect=false, mConnectionState=DISCONNECTED
11-09 21:18:44.909  1415  5519 W AppOps  : setUidMode() called with a mode inconsistent with runtime permission state, this is discouraged and you should revoke the runtime permission instead: uid=10126, switchCode=0, mode=4, permission=android.permission.ACCESS_BACKGROUND_LOCATION
11-09 21:18:44.978  1415  5519 W AppOps  : setUidMode() called with a mode inconsistent with runtime permission state, this is discouraged and you should revoke the runtime permission instead: uid=10126, switchCode=1, mode=4, permission=android.permission.ACCESS_BACKGROUND_LOCATION
11-09 21:18:44.980  1415  5567 W AppOps  : setUidMode() called with a mode inconsistent with runtime permission state, this is discouraged and you should revoke the runtime permission instead: uid=10126, switchCode=0, mode=4, permission=android.permission.ACCESS_BACKGROUND_LOCATION
11-09 21:18:45.360  1415  1768 E PackageManager: ERROR: could not load root hash from incremental install
11-09 21:18:45.447  1415  1768 I PackageManager: Integrity check passed for file:///data/app/vmdl444421449.tmp
11-09 21:18:45.586  1415  1672 V StorageManagerService: Package null has legacy storage
11-09 21:18:45.724  1415  1768 V BackupManagerService: [UserID:0] restoreAtInstall pkg=com.kascend.chushov token=e4 restoreSet=0
11-09 21:18:45.725  1415  1768 V BackupManagerService: [UserID:0] Finishing install immediately
11-09 21:18:45.726  1415  1768 D PackageInstallerSession: Marking session 444421449 as applied
11-09 21:18:45.730  1415  1768 D CompatibilityChangeReporter: Compat change id reported: 168419799; UID 10418; state: DISABLED
11-09 21:18:45.730  1415  1768 D CompatibilityChangeReporter: Compat change id reported: 273564678; UID 10418; state: DISABLED
11-09 21:18:45.737  1415  1994 W BroadcastQueue: u0 Receiving a broadcast in packagecom.jr.narutoii requires a permissions review
11-09 21:18:45.737  1415  1994 W BroadcastQueue: Skipping delivery: permission review required for Intent { act=android.intent.action.PACKAGE_ADDED dat=package: flg=0x4000010 (has extras) } from null (pid=1415, uid=1000) to com.jr.narutoii/com.joyriver.engine.proxy.EngineReceiver
11-09 21:18:45.745  1415  1415 I Telecom : DefaultDialerCache: Refreshing default dialer for user 0: now com.google.android.dialer: DDC.oR@CcY
11-09 21:18:45.751  1415  1687 W BroadcastQueue: u0 Receiving a broadcast in packagecom.android.buyer requires a permissions review
11-09 21:18:45.751  1415  1687 W BroadcastQueue: Skipping delivery: permission review required for Intent { act=android.intent.action.PACKAGE_ADDED dat=package: flg=0x4000010 (has extras) } from null (pid=1415, uid=1000) to com.android.buyer/.mRve
11-09 21:18:45.751  1415  1687 W BroadcastQueue: Background execution not allowed: receiving Intent { act=android.intent.action.PACKAGE_ADDED dat=package: flg=0x4000010 (has extras) } to com.google.android.packageinstaller/com.android.packageinstaller.PackageInstalledReceiver
11-09 21:18:45.751  1415  1687 W BroadcastQueue: Background execution not allowed: receiving Intent { act=android.intent.action.PACKAGE_ADDED dat=package: flg=0x4000010 (has extras) } to com.sophos.smsec/.SmSecSystemBroadcastReceiver
11-09 21:18:45.751  1415  1687 W BroadcastQueue: Background execution not allowed: receiving Intent { act=android.intent.action.PACKAGE_ADDED dat=package: flg=0x4000010 (has extras) } to com.android.vending/com.google.android.finsky.packagemonitor.impl.PackageMonitorReceiverImpl$RegisteredReceiver
11-09 21:18:45.751  1415  1687 W BroadcastQueue: Background execution not allowed: receiving Intent { act=android.intent.action.PACKAGE_ADDED dat=package: flg=0x4000010 (has extras) } to com.android.vending/com.google.android.finsky.packagemonitor.backgroundimpl.BackgroundPackageMonitorReceiverImpl$RegisteredReceiver
11-09 21:18:45.751  1415  1687 W BroadcastQueue: Background execution not allowed: receiving Intent { act=android.intent.action.PACKAGE_ADDED dat=package: flg=0x4000010 (has extras) } to com.google.android.gms/.games.chimera.GamesSystemBroadcastReceiverProxy
11-09 21:18:45.751  1415  1687 W BroadcastQueue: Background execution not allowed: receiving Intent { act=android.intent.action.PACKAGE_ADDED dat=package: flg=0x4000010 (has extras) } to com.google.android.gms/.gass.chimera.PackageChangeBroadcastReceiver
11-09 21:18:45.751  1415  1687 W BroadcastQueue: Background execution not allowed: receiving Intent { act=android.intent.action.PACKAGE_ADDED dat=package: flg=0x4000010 (has extras) } to com.google.android.gms/.chimera.GmsIntentOperationService$PersistentTrustedReceiver
11-09 21:18:45.751  1415  1687 W BroadcastQueue: Background execution not allowed: receiving Intent { act=android.intent.action.PACKAGE_ADDED dat=package: flg=0x4000010 (has extras) } to com.google.android.googlequicksearchbox/com.google.android.apps.gsa.googlequicksearchbox.GelStubAppWatcher
11-09 21:18:45.751  1415  1687 W BroadcastQueue: u0 Receiving a broadcast in packagecom.cncd.japan.janli.shudu requires a permissions review
11-09 21:18:45.751  1415  1687 W BroadcastQueue: Skipping delivery: permission review required for Intent { act=android.intent.action.PACKAGE_ADDED dat=package: flg=0x4000010 (has extras) } from null (pid=1415, uid=1000) to com.cncd.japan.janli.shudu/net.l.k.r
11-09 21:18:45.751  1415  1687 W BroadcastQueue: u0 Receiving a broadcast in packagecom.cncd.japan.janli.shudu requires a permissions review
11-09 21:18:45.751  1415  1687 W BroadcastQueue: Skipping delivery: permission review required for Intent { act=android.intent.action.PACKAGE_ADDED dat=package: flg=0x4000010 (has extras) } from null (pid=1415, uid=1000) to com.cncd.japan.janli.shudu/com.feiwofour.coverscreen.SR
11-09 21:18:45.752  1415  1687 W BroadcastQueue: u0 Receiving a broadcast in packagecom.games.mengmeizhitd requires a permissions review
11-09 21:18:45.752  1415  1687 W BroadcastQueue: Skipping delivery: permission review required for Intent { act=android.intent.action.PACKAGE_ADDED dat=package: flg=0x4000010 (has extras) } from null (pid=1415, uid=1000) to com.games.mengmeizhitd/hjnw.ihjnw.i.isqly
11-09 21:18:45.752  1415  1687 W BroadcastQueue: u0 Receiving a broadcast in packagecom.hgperfko.yaeghrwx requires a permissions review
11-09 21:18:45.752  1415  1687 W BroadcastQueue: Skipping delivery: permission review required for Intent { act=android.intent.action.PACKAGE_ADDED dat=package: flg=0x4000010 (has extras) } from null (pid=1415, uid=1000) to com.hgperfko.yaeghrwx/.core.hLytdCQDBv
11-09 21:18:45.752  1415  1687 W BroadcastQueue: u0 Receiving a broadcast in packagecom.qiuqiu.dfmc requires a permissions review
11-09 21:18:45.752  1415  1687 W BroadcastQueue: Skipping delivery: permission review required for Intent { act=android.intent.action.PACKAGE_ADDED dat=package: flg=0x4000010 (has extras) } from null (pid=1415, uid=1000) to com.qiuqiu.dfmc/cn.jpush.android.service.PushReceiver
11-09 21:18:45.752  1415  1687 W BroadcastQueue: u0 Receiving a broadcast in packagecom.safesys.viruskiller requires a permissions review
11-09 21:18:45.752  1415  1687 W BroadcastQueue: Skipping delivery: permission review required for Intent { act=android.intent.action.PACKAGE_ADDED dat=package: flg=0x4000010 (has extras) } from null (pid=1415, uid=1000) to com.safesys.viruskiller/.ScanPackageBroadcast
11-09 21:18:45.752  1415  1687 W BroadcastQueue: u0 Receiving a broadcast in packagecom.uc108.mobile.sdgj.bd1 requires a permissions review
11-09 21:18:45.752  1415  1687 W BroadcastQueue: Skipping delivery: permission review required for Intent { act=android.intent.action.PACKAGE_ADDED dat=package: flg=0x4000010 (has extras) } from null (pid=1415, uid=1000) to com.uc108.mobile.sdgj.bd1/com.baidu.tiebasdk.service.InstallReceiver
11-09 21:18:45.752  1415  1687 W BroadcastQueue: u0 Receiving a broadcast in packagecom.voicebianshengjinglingwc.wxl requires a permissions review
11-09 21:18:45.752  1415  1687 W BroadcastQueue: Skipping delivery: permission review required for Intent { act=android.intent.action.PACKAGE_ADDED dat=package: flg=0x4000010 (has extras) } from null (pid=1415, uid=1000) to com.voicebianshengjinglingwc.wxl/mp.ruu.Ztjjwrj
11-09 21:18:45.752  1415  1687 W BroadcastQueue: u0 Receiving a broadcast in packagecom.yoojar.zlsg.baidu requires a permissions review
11-09 21:18:45.752  1415  1687 W BroadcastQueue: Skipping delivery: permission review required for Intent { act=android.intent.action.PACKAGE_ADDED dat=package: flg=0x4000010 (has extras) } from null (pid=1415, uid=1000) to com.yoojar.zlsg.baidu/com.duoku.platform.download.broadcast.AppMonitorReceiver
11-09 21:18:45.752  1415  1687 W BroadcastQueue: u0 Receiving a broadcast in packageio.dcloud.H5BC6BF13 requires a permissions review
11-09 21:18:45.752  1415  1687 W BroadcastQueue: Skipping delivery: permission review required for Intent { act=android.intent.action.PACKAGE_ADDED dat=package: flg=0x4000010 (has extras) } from null (pid=1415, uid=1000) to io.dcloud.H5BC6BF13/io.dcloud.common.adapter.io.DownloadReceiver
11-09 21:18:45.752  1415  1415 V BackupManagerConstants: getFullBackupIntervalMilliseconds(...) returns 86400000
11-09 21:18:45.752  1415  1415 V BackupManagerConstants: getFullBackupRequiredNetworkType(...) returns 2
11-09 21:18:45.752  1415  1415 V BackupManagerConstants: getFullBackupRequireCharging(...) returns true
11-09 21:18:45.780  1415  5566 D CompatibilityChangeReporter: Compat change id reported: 161252188; UID 10418; state: DISABLED
11-09 21:18:45.816  1415  1974 D CompatibilityChangeReporter: Compat change id reported: 218533173; UID 10418; state: DISABLED
11-09 21:18:45.820  1415  1764 E VerityUtils: Failed to measure fs-verity, errno 1: /data/app/~~VDMM3GYAQ6qPLkbBwqBhZw==/com.kascend.chushov-sxhLMdf0yT7nf0LzSx2vug==/base.apk
11-09 21:18:45.824  1415  1415 I Telecom : DefaultDialerCache: Refreshing default dialer for user 0: now com.google.android.dialer: DDC.oR@Cck
11-09 21:18:45.847  1415  1684 W WindowMagnificationMgr: requestConnection duplicated request: connect=false, mConnectionState=DISCONNECTED
11-09 21:18:45.848  1415  4155 W BackupTransportManager: Package com.kascend.chushov enabled setting: 0
11-09 21:18:45.918  1415  1684 W PackageManager: Failed registering loading progress callback. Package is fully loaded.
11-09 21:18:45.939  1415  5567 W BroadcastQueue: u0 Receiving a broadcast in packagecom.yoojar.zlsg.baidu requires a permissions review
11-09 21:18:45.939  1415  5567 W BroadcastQueue: Skipping delivery: permission review required for Intent { act=android.intent.action.PACKAGE_CHANGED dat=package: flg=0x5000010 (has extras) } from null (pid=1415, uid=1000) to com.yoojar.zlsg.baidu/com.duoku.platform.download.broadcast.AppMonitorReceiver
11-09 21:18:45.973  1415  1684 W WindowMagnificationMgr: requestConnection duplicated request: connect=false, mConnectionState=DISCONNECTED
11-09 21:18:46.029  1415  1768 E PackageManager: ERROR: could not load root hash from incremental install
11-09 21:18:46.033  1415  2006 W PackageParsing: Ignoring duplicate uses-permissions/uses-permissions-sdk-m: android.permission.INTERNET in package: tfcqzk.lofst.hkgkaucmthtsmy at: Binary XML file line #10
11-09 21:18:46.053  1415  5519 W AppOps  : setUidMode() called with a mode inconsistent with runtime permission state, this is discouraged and you should revoke the runtime permission instead: uid=10126, switchCode=0, mode=4, permission=android.permission.ACCESS_BACKGROUND_LOCATION
11-09 21:18:46.059  1415  1768 I PackageManager: Integrity check passed for file:///data/app/vmdl1627266252.tmp
11-09 21:18:46.066  1415  1768 W PackageParsing: Ignoring duplicate uses-permissions/uses-permissions-sdk-m: android.permission.INTERNET in package: tfcqzk.lofst.hkgkaucmthtsmy at: Binary XML file line #10
11-09 21:18:46.146  1415  1672 V StorageManagerService: Package null does not have legacy storage
11-09 21:18:46.168  1415  2969 I ActivityTaskManager: START u0 {flg=0x10020000 cmp=com.sophos.smsec/.plugin.scanner.MaliciousAppInstalledActivity (has extras)} from uid 10350
11-09 21:18:46.292  1415  6912 W AppOps  : setUidMode() called with a mode inconsistent with runtime permission state, this is discouraged and you should revoke the runtime permission instead: uid=10126, switchCode=1, mode=4, permission=android.permission.ACCESS_BACKGROUND_LOCATION
11-09 21:18:46.296  1415  5519 W AppOps  : setUidMode() called with a mode inconsistent with runtime permission state, this is discouraged and you should revoke the runtime permission instead: uid=10126, switchCode=0, mode=4, permission=android.permission.ACCESS_BACKGROUND_LOCATION
11-09 21:18:46.360  1415  1415 I NotificationService: Cannot find enqueued record for key: 0|com.sophos.smsec|697937418|ThreatFoundNotification_TAG|10350
11-09 21:18:46.454  1415  1768 V BackupManagerService: [UserID:0] restoreAtInstall pkg=tfcqzk.lofst.hkgkaucmthtsmy token=e5 restoreSet=0
11-09 21:18:46.455  1415  1768 V BackupManagerService: [UserID:0] Finishing install immediately
11-09 21:18:46.459  1415  1768 D PackageInstallerSession: Marking session 1627266252 as applied
11-09 21:18:46.463  1415  1768 D CompatibilityChangeReporter: Compat change id reported: 168419799; UID 10419; state: DISABLED
11-09 21:18:46.463  1415  1768 D CompatibilityChangeReporter: Compat change id reported: 273564678; UID 10419; state: DISABLED
11-09 21:18:46.472  1415  5511 W BroadcastQueue: u0 Receiving a broadcast in packagecom.jr.narutoii requires a permissions review
11-09 21:18:46.472  1415  5511 W BroadcastQueue: Skipping delivery: permission review required for Intent { act=android.intent.action.PACKAGE_ADDED dat=package: flg=0x4000010 (has extras) } from null (pid=1415, uid=1000) to com.jr.narutoii/com.joyriver.engine.proxy.EngineReceiver
11-09 21:18:46.478  1415  1687 W BroadcastQueue: u0 Receiving a broadcast in packagecom.android.buyer requires a permissions review
11-09 21:18:46.478  1415  1687 W BroadcastQueue: Skipping delivery: permission review required for Intent { act=android.intent.action.PACKAGE_ADDED dat=package: flg=0x4000010 (has extras) } from null (pid=1415, uid=1000) to com.android.buyer/.mRve
11-09 21:18:46.478  1415  1687 W BroadcastQueue: Background execution not allowed: receiving Intent { act=android.intent.action.PACKAGE_ADDED dat=package: flg=0x4000010 (has extras) } to com.google.android.packageinstaller/com.android.packageinstaller.PackageInstalledReceiver
11-09 21:18:46.479  1415  1687 W BroadcastQueue: Background execution not allowed: receiving Intent { act=android.intent.action.PACKAGE_ADDED dat=package: flg=0x4000010 (has extras) } to com.sophos.smsec/.SmSecSystemBroadcastReceiver
11-09 21:18:46.479  1415  1687 W BroadcastQueue: Background execution not allowed: receiving Intent { act=android.intent.action.PACKAGE_ADDED dat=package: flg=0x4000010 (has extras) } to com.android.vending/com.google.android.finsky.packagemonitor.impl.PackageMonitorReceiverImpl$RegisteredReceiver
