11-09 01:56:02.515  1456  1968 E NotificationService: Package has already queued 5 toasts. Not showing more. Package=cleaner.antivirus
11-09 01:56:02.518  1456  5548 D OomAdjuster: Not killing cached processes
11-09 01:56:02.557  1456  5523 W AppOps  : setUidMode() called with a mode inconsistent with runtime permission state, this is discouraged and you should revoke the runtime permission instead: uid=10126, switchCode=0, mode=4, permission=android.permission.ACCESS_BACKGROUND_LOCATION
11-09 01:56:02.756  1456  5523 W AppOps  : setUidMode() called with a mode inconsistent with runtime permission state, this is discouraged and you should revoke the runtime permission instead: uid=10126, switchCode=1, mode=4, permission=android.permission.ACCESS_BACKGROUND_LOCATION
11-09 01:56:02.759  1456  4196 W AppOps  : setUidMode() called with a mode inconsistent with runtime permission state, this is discouraged and you should revoke the runtime permission instead: uid=10126, switchCode=0, mode=4, permission=android.permission.ACCESS_BACKGROUND_LOCATION
11-09 01:56:02.790  1456  1968 D CompatibilityChangeReporter: Compat change id reported: 161252188; UID 10238; state: DISABLED
11-09 01:56:02.991  1456  1806 E PackageManager: ERROR: could not load root hash from incremental install
11-09 01:56:02.998  1456  2032 W PackageParsing: Ignoring duplicate uses-permissions/uses-permissions-sdk-m: android.permission.INTERNET in package: com.jr.narutoii at: Binary XML file line #10
11-09 01:56:02.998  1456  2032 W PackageParsing: Ignoring duplicate uses-permissions/uses-permissions-sdk-m: android.permission.ACCESS_NETWORK_STATE in package: com.jr.narutoii at: Binary XML file line #11
11-09 01:56:02.998  1456  2032 W PackageParsing: Ignoring duplicate uses-permissions/uses-permissions-sdk-m: android.permission.MOUNT_UNMOUNT_FILESYSTEMS in package: com.jr.narutoii at: Binary XML file line #13
11-09 01:56:02.998  1456  2032 W PackageParsing: Ignoring duplicate uses-permissions/uses-permissions-sdk-m: android.permission.WRITE_EXTERNAL_STORAGE in package: com.jr.narutoii at: Binary XML file line #14
11-09 01:56:02.999  1456  2032 W PackageParsing: Ignoring duplicate uses-permissions/uses-permissions-sdk-m: android.permission.INTERNET in package: com.jr.narutoii at: Binary XML file line #20
11-09 01:56:02.999  1456  2032 W PackageParsing: Ignoring duplicate uses-permissions/uses-permissions-sdk-m: android.permission.ACCESS_NETWORK_STATE in package: com.jr.narutoii at: Binary XML file line #21
11-09 01:56:02.999  1456  2032 W PackageParsing: Ignoring duplicate uses-permissions/uses-permissions-sdk-m: android.permission.READ_PHONE_STATE in package: com.jr.narutoii at: Binary XML file line #22
11-09 01:56:02.999  1456  2032 W PackageParsing: Ignoring duplicate uses-permissions/uses-permissions-sdk-m: android.permission.READ_PHONE_STATE in package: com.jr.narutoii at: Binary XML file line #35
11-09 01:56:02.999  1456  2032 W PackageParsing: Ignoring duplicate uses-permissions/uses-permissions-sdk-m: android.permission.ACCESS_NETWORK_STATE in package: com.jr.narutoii at: Binary XML file line #36
11-09 01:56:02.999  1456  2032 W PackageParsing: Ignoring duplicate uses-permissions/uses-permissions-sdk-m: android.permission.ACCESS_WIFI_STATE in package: com.jr.narutoii at: Binary XML file line #37
11-09 01:56:02.999  1456  2032 W PackageParsing: Ignoring duplicate uses-permissions/uses-permissions-sdk-m: android.permission.INTERNET in package: com.jr.narutoii at: Binary XML file line #38
11-09 01:56:02.999  1456  2032 W PackageParsing: Ignoring duplicate uses-permissions/uses-permissions-sdk-m: android.permission.WRITE_EXTERNAL_STORAGE in package: com.jr.narutoii at: Binary XML file line #39
11-09 01:56:02.999  1456  2032 W PackageParsing: Ignoring duplicate uses-permissions/uses-permissions-sdk-m: android.permission.READ_SMS in package: com.jr.narutoii at: Binary XML file line #48
11-09 01:56:02.999  1456  2032 W PackageParsing: Ignoring duplicate uses-permissions/uses-permissions-sdk-m: android.permission.SEND_SMS in package: com.jr.narutoii at: Binary XML file line #49
11-09 01:56:02.999  1456  2032 W PackageParsing: Ignoring duplicate uses-permissions/uses-permissions-sdk-m: android.permission.WRITE_SMS in package: com.jr.narutoii at: Binary XML file line #50
11-09 01:56:02.999  1456  2032 W PackageParsing: Ignoring duplicate uses-permissions/uses-permissions-sdk-m: android.permission.VIBRATE in package: com.jr.narutoii at: Binary XML file line #51
11-09 01:56:02.999  1456  2032 W PackageParsing: Ignoring duplicate uses-permissions/uses-permissions-sdk-m: android.permission.RECEIVE_BOOT_COMPLETED in package: com.jr.narutoii at: Binary XML file line #55
11-09 01:56:03.001  1456  2032 W PackageParsing: Ignoring duplicate uses-permissions/uses-permissions-sdk-m: android.permission.INTERNET in package: com.jr.narutoii at: Binary XML file line #142
11-09 01:56:03.021  1456  1806 I PackageManager: Integrity check passed for file:///data/app/vmdl826347796.tmp
11-09 01:56:03.040  1456  1806 W PackageParsing: Ignoring duplicate uses-permissions/uses-permissions-sdk-m: android.permission.INTERNET in package: com.jr.narutoii at: Binary XML file line #10
11-09 01:56:03.040  1456  1806 W PackageParsing: Ignoring duplicate uses-permissions/uses-permissions-sdk-m: android.permission.ACCESS_NETWORK_STATE in package: com.jr.narutoii at: Binary XML file line #11
11-09 01:56:03.040  1456  1806 W PackageParsing: Ignoring duplicate uses-permissions/uses-permissions-sdk-m: android.permission.MOUNT_UNMOUNT_FILESYSTEMS in package: com.jr.narutoii at: Binary XML file line #13
11-09 01:56:03.040  1456  1806 W PackageParsing: Ignoring duplicate uses-permissions/uses-permissions-sdk-m: android.permission.WRITE_EXTERNAL_STORAGE in package: com.jr.narutoii at: Binary XML file line #14
11-09 01:56:03.041  1456  1806 W PackageParsing: Ignoring duplicate uses-permissions/uses-permissions-sdk-m: android.permission.INTERNET in package: com.jr.narutoii at: Binary XML file line #20
11-09 01:56:03.041  1456  1806 W PackageParsing: Ignoring duplicate uses-permissions/uses-permissions-sdk-m: android.permission.ACCESS_NETWORK_STATE in package: com.jr.narutoii at: Binary XML file line #21
11-09 01:56:03.041  1456  1806 W PackageParsing: Ignoring duplicate uses-permissions/uses-permissions-sdk-m: android.permission.READ_PHONE_STATE in package: com.jr.narutoii at: Binary XML file line #22
11-09 01:56:03.041  1456  1806 W PackageParsing: Ignoring duplicate uses-permissions/uses-permissions-sdk-m: android.permission.READ_PHONE_STATE in package: com.jr.narutoii at: Binary XML file line #35
11-09 01:56:03.041  1456  1806 W PackageParsing: Ignoring duplicate uses-permissions/uses-permissions-sdk-m: android.permission.ACCESS_NETWORK_STATE in package: com.jr.narutoii at: Binary XML file line #36
11-09 01:56:03.041  1456  1806 W PackageParsing: Ignoring duplicate uses-permissions/uses-permissions-sdk-m: android.permission.ACCESS_WIFI_STATE in package: com.jr.narutoii at: Binary XML file line #37
11-09 01:56:03.041  1456  1806 W PackageParsing: Ignoring duplicate uses-permissions/uses-permissions-sdk-m: android.permission.INTERNET in package: com.jr.narutoii at: Binary XML file line #38
11-09 01:56:03.041  1456  1806 W PackageParsing: Ignoring duplicate uses-permissions/uses-permissions-sdk-m: android.permission.WRITE_EXTERNAL_STORAGE in package: com.jr.narutoii at: Binary XML file line #39
11-09 01:56:03.041  1456  1806 W PackageParsing: Ignoring duplicate uses-permissions/uses-permissions-sdk-m: android.permission.READ_SMS in package: com.jr.narutoii at: Binary XML file line #48
11-09 01:56:03.041  1456  1806 W PackageParsing: Ignoring duplicate uses-permissions/uses-permissions-sdk-m: android.permission.SEND_SMS in package: com.jr.narutoii at: Binary XML file line #49
11-09 01:56:03.041  1456  1806 W PackageParsing: Ignoring duplicate uses-permissions/uses-permissions-sdk-m: android.permission.WRITE_SMS in package: com.jr.narutoii at: Binary XML file line #50
11-09 01:56:03.041  1456  1806 W PackageParsing: Ignoring duplicate uses-permissions/uses-permissions-sdk-m: android.permission.VIBRATE in package: com.jr.narutoii at: Binary XML file line #51
11-09 01:56:03.041  1456  1806 W PackageParsing: Ignoring duplicate uses-permissions/uses-permissions-sdk-m: android.permission.RECEIVE_BOOT_COMPLETED in package: com.jr.narutoii at: Binary XML file line #55
11-09 01:56:03.043  1456  1806 W PackageParsing: Ignoring duplicate uses-permissions/uses-permissions-sdk-m: android.permission.INTERNET in package: com.jr.narutoii at: Binary XML file line #142
11-09 01:56:03.055  1456  5536 D CoreBackPreview: Window{ddf27e5 u0 Toast}: Setting back callback null
11-09 01:56:03.061  1456  5549 W NotificationService: Toast already killed. pkg=cleaner.antivirus token=android.os.BinderProxy@cbc0ea4
11-09 01:56:03.122  1456  1672 V StorageManagerService: Package null has legacy storage
11-09 01:56:03.123  1456  5549 D CoreBackPreview: Window{3893f1e u0 Toast}: Setting back callback OnBackInvokedCallbackInfo{mCallback=android.window.IOnBackInvokedCallback$Stub$Proxy@41b05cc, mPriority=0}
11-09 01:56:03.250  1456  1968 W AppOps  : setUidMode() called with a mode inconsistent with runtime permission state, this is discouraged and you should revoke the runtime permission instead: uid=10126, switchCode=0, mode=4, permission=android.permission.ACCESS_BACKGROUND_LOCATION
11-09 01:56:03.253  1456  1806 V BackupManagerService: [UserID:0] restoreAtInstall pkg=com.jr.narutoii token=31 restoreSet=0
11-09 01:56:03.253  1456  1806 V BackupManagerService: [UserID:0] Finishing install immediately
11-09 01:56:03.255  1456  1806 D PackageInstallerSession: Marking session 826347796 as applied
11-09 01:56:03.262  1456  1456 I Telecom : DefaultDialerCache: Refreshing default dialer for user 0: now com.google.android.dialer: DDC.oR@A/c
11-09 01:56:03.280  1456  1806 D CompatibilityChangeReporter: Compat change id reported: 168419799; UID 10239; state: DISABLED
11-09 01:56:03.280  1456  1806 D CompatibilityChangeReporter: Compat change id reported: 273564678; UID 10239; state: DISABLED
11-09 01:56:03.285  1456  2907 D CompatibilityChangeReporter: Compat change id reported: 218533173; UID 10239; state: DISABLED
11-09 01:56:03.288  1456  1690 W BroadcastQueue: u0 Receiving a broadcast in packagecom.android.buyer requires a permissions review
11-09 01:56:03.288  1456  1690 W BroadcastQueue: Skipping delivery: permission review required for Intent { act=android.intent.action.PACKAGE_ADDED dat=package: flg=0x4000010 (has extras) } from null (pid=1456, uid=1000) to com.android.buyer/.mRve
11-09 01:56:03.288  1456  1690 W BroadcastQueue: Background execution not allowed: receiving Intent { act=android.intent.action.PACKAGE_ADDED dat=package: flg=0x4000010 (has extras) } to com.google.android.packageinstaller/com.android.packageinstaller.PackageInstalledReceiver
11-09 01:56:03.288  1456  1690 W BroadcastQueue: Background execution not allowed: receiving Intent { act=android.intent.action.PACKAGE_ADDED dat=package: flg=0x4000010 (has extras) } to com.android.vending/com.google.android.finsky.packagemonitor.impl.PackageMonitorReceiverImpl$RegisteredReceiver
11-09 01:56:03.288  1456  1690 W BroadcastQueue: Background execution not allowed: receiving Intent { act=android.intent.action.PACKAGE_ADDED dat=package: flg=0x4000010 (has extras) } to com.android.vending/com.google.android.finsky.packagemonitor.backgroundimpl.BackgroundPackageMonitorReceiverImpl$RegisteredReceiver
11-09 01:56:03.290  1456  1690 W BroadcastQueue: Background execution not allowed: receiving Intent { act=android.intent.action.PACKAGE_ADDED dat=package: flg=0x4000010 (has extras) } to com.google.android.gms/.games.chimera.GamesSystemBroadcastReceiverProxy
11-09 01:56:03.293  1456  1456 I Telecom : DefaultDialerCache: Refreshing default dialer for user 0: now com.google.android.dialer: DDC.oR@A/g
11-09 01:56:03.305  1456  1456 V BackupManagerConstants: getFullBackupIntervalMilliseconds(...) returns 86400000
11-09 01:56:03.305  1456  1456 V BackupManagerConstants: getFullBackupRequiredNetworkType(...) returns 2
11-09 01:56:03.305  1456  1456 V BackupManagerConstants: getFullBackupRequireCharging(...) returns true
11-09 01:56:03.333  1456  1800 E VerityUtils: Failed to measure fs-verity, errno 1: /data/app/~~ICeV1LEcvLxNB8kQUNgbLg==/com.jr.narutoii-bcvHyZeF2XDL_zdaHGGPQg==/base.apk
11-09 01:56:03.335  1456  1690 W BroadcastQueue: Background execution not allowed: receiving Intent { act=android.intent.action.PACKAGE_ADDED dat=package: flg=0x4000010 (has extras) } to com.google.android.gms/.gass.chimera.PackageChangeBroadcastReceiver
11-09 01:56:03.350  1456  1456 I Telecom : DefaultDialerCache: Refreshing default dialer for user 0: now com.google.android.dialer: DDC.oR@A/k
11-09 01:56:03.350  1456  1690 W BroadcastQueue: Background execution not allowed: receiving Intent { act=android.intent.action.PACKAGE_ADDED dat=package: flg=0x4000010 (has extras) } to com.google.android.gms/.chimera.GmsIntentOperationService$PersistentTrustedReceiver
11-09 01:56:03.350  1456  1690 W BroadcastQueue: Background execution not allowed: receiving Intent { act=android.intent.action.PACKAGE_ADDED dat=package: flg=0x4000010 (has extras) } to com.google.android.googlequicksearchbox/com.google.android.apps.gsa.googlequicksearchbox.GelStubAppWatcher
11-09 01:56:03.350  1456  1690 W BroadcastQueue: u0 Receiving a broadcast in packagecom.cncd.japan.janli.shudu requires a permissions review
11-09 01:56:03.351  1456  1690 W BroadcastQueue: Skipping delivery: permission review required for Intent { act=android.intent.action.PACKAGE_ADDED dat=package: flg=0x4000010 (has extras) } from null (pid=1456, uid=1000) to com.cncd.japan.janli.shudu/net.l.k.r
11-09 01:56:03.351  1456  1690 W BroadcastQueue: u0 Receiving a broadcast in packagecom.cncd.japan.janli.shudu requires a permissions review
11-09 01:56:03.351  1456  1690 W BroadcastQueue: Skipping delivery: permission review required for Intent { act=android.intent.action.PACKAGE_ADDED dat=package: flg=0x4000010 (has extras) } from null (pid=1456, uid=1000) to com.cncd.japan.janli.shudu/com.feiwofour.coverscreen.SR
11-09 01:56:03.351  1456  1690 W BroadcastQueue: u0 Receiving a broadcast in packagecom.games.mengmeizhitd requires a permissions review
11-09 01:56:03.351  1456  1690 W BroadcastQueue: Skipping delivery: permission review required for Intent { act=android.intent.action.PACKAGE_ADDED dat=package: flg=0x4000010 (has extras) } from null (pid=1456, uid=1000) to com.games.mengmeizhitd/hjnw.ihjnw.i.isqly
11-09 01:56:03.351  1456  1690 W BroadcastQueue: u0 Receiving a broadcast in packagecom.hgperfko.yaeghrwx requires a permissions review
11-09 01:56:03.351  1456  1690 W BroadcastQueue: Skipping delivery: permission review required for Intent { act=android.intent.action.PACKAGE_ADDED dat=package: flg=0x4000010 (has extras) } from null (pid=1456, uid=1000) to com.hgperfko.yaeghrwx/.core.hLytdCQDBv
11-09 01:56:03.351  1456  1690 W BroadcastQueue: u0 Receiving a broadcast in packagecom.qiuqiu.dfmc requires a permissions review
11-09 01:56:03.351  1456  1690 W BroadcastQueue: Skipping delivery: permission review required for Intent { act=android.intent.action.PACKAGE_ADDED dat=package: flg=0x4000010 (has extras) } from null (pid=1456, uid=1000) to com.qiuqiu.dfmc/cn.jpush.android.service.PushReceiver
11-09 01:56:03.351  1456  1690 W BroadcastQueue: u0 Receiving a broadcast in packagecom.safesys.viruskiller requires a permissions review
11-09 01:56:03.351  1456  1690 W BroadcastQueue: Skipping delivery: permission review required for Intent { act=android.intent.action.PACKAGE_ADDED dat=package: flg=0x4000010 (has extras) } from null (pid=1456, uid=1000) to com.safesys.viruskiller/.ScanPackageBroadcast
11-09 01:56:03.351  1456  1690 W BroadcastQueue: u0 Receiving a broadcast in packagecom.uc108.mobile.sdgj.bd1 requires a permissions review
11-09 01:56:03.351  1456  1690 W BroadcastQueue: Skipping delivery: permission review required for Intent { act=android.intent.action.PACKAGE_ADDED dat=package: flg=0x4000010 (has extras) } from null (pid=1456, uid=1000) to com.uc108.mobile.sdgj.bd1/com.baidu.tiebasdk.service.InstallReceiver
11-09 01:56:03.351  1456  1690 W BroadcastQueue: u0 Receiving a broadcast in packageio.dcloud.H5BC6BF13 requires a permissions review
11-09 01:56:03.351  1456  1690 W BroadcastQueue: Skipping delivery: permission review required for Intent { act=android.intent.action.PACKAGE_ADDED dat=package: flg=0x4000010 (has extras) } from null (pid=1456, uid=1000) to io.dcloud.H5BC6BF13/io.dcloud.common.adapter.io.DownloadReceiver
11-09 01:56:03.409  1456  1806 E PackageManager: ERROR: could not load root hash from incremental install
11-09 01:56:03.412  1456  2032 W PackageParsing: Ignoring duplicate uses-permissions/uses-permissions-sdk-m: android.permission.DISABLE_KEYGUARD in package: xoin.sctqi.crejg at: Binary XML file line #24
11-09 01:56:03.415  1456  4163 W BackupTransportManager: Package com.jr.narutoii enabled setting: 0
11-09 01:56:03.432  1456  1806 I PackageManager: Integrity check passed for file:///data/app/vmdl410282344.tmp
11-09 01:56:03.459  1456  1688 W WindowMagnificationMgr: requestConnection duplicated request: connect=false, mConnectionState=DISCONNECTED
11-09 01:56:03.478  1456  1688 W PackageManager: Failed registering loading progress callback. Package is fully loaded.
11-09 01:56:03.488  1456  1688 W WindowMagnificationMgr: requestConnection duplicated request: connect=false, mConnectionState=DISCONNECTED
11-09 01:56:03.534  1456  1456 W WindowManager: removeWindowToken: Attempted to remove non-existing token: android.os.Binder@4d50bb8
11-09 01:56:03.541  1456  1806 W PackageParsing: Ignoring duplicate uses-permissions/uses-permissions-sdk-m: android.permission.DISABLE_KEYGUARD in package: xoin.sctqi.crejg at: Binary XML file line #24
11-09 01:56:03.562  1456  1968 W AppOps  : setUidMode() called with a mode inconsistent with runtime permission state, this is discouraged and you should revoke the runtime permission instead: uid=10126, switchCode=1, mode=4, permission=android.permission.ACCESS_BACKGROUND_LOCATION
11-09 01:56:03.564  1456  5550 W AppOps  : setUidMode() called with a mode inconsistent with runtime permission state, this is discouraged and you should revoke the runtime permission instead: uid=10126, switchCode=0, mode=4, permission=android.permission.ACCESS_BACKGROUND_LOCATION
11-09 01:56:03.564  1456  5525 D CompatibilityChangeReporter: Compat change id reported: 161252188; UID 10239; state: DISABLED
11-09 01:56:03.624  1456  1672 V StorageManagerService: Package null has legacy storage
11-09 01:56:03.740  1456  1806 V BackupManagerService: [UserID:0] restoreAtInstall pkg=xoin.sctqi.crejg token=32 restoreSet=0
11-09 01:56:03.740  1456  1806 V BackupManagerService: [UserID:0] Finishing install immediately
11-09 01:56:03.742  1456  1806 D PackageInstallerSession: Marking session 410282344 as applied
11-09 01:56:03.747  1456  1806 D CompatibilityChangeReporter: Compat change id reported: 168419799; UID 10240; state: DISABLED
11-09 01:56:03.748  1456  1806 D CompatibilityChangeReporter: Compat change id reported: 273564678; UID 10240; state: DISABLED
11-09 01:56:03.756  1456  2907 D CompatibilityChangeReporter: Compat change id reported: 218533173; UID 10240; state: DISABLED
11-09 01:56:03.763  1456  1456 I Telecom : DefaultDialerCache: Refreshing default dialer for user 0: now com.google.android.dialer: DDC.oR@BAA
11-09 01:56:03.767  1456  5525 W BroadcastQueue: u0 Receiving a broadcast in packagecom.jr.narutoii requires a permissions review
11-09 01:56:03.767  1456  5525 W BroadcastQueue: Skipping delivery: permission review required for Intent { act=android.intent.action.PACKAGE_ADDED dat=package: flg=0x4000010 (has extras) } from null (pid=1456, uid=1000) to com.jr.narutoii/com.joyriver.engine.proxy.EngineReceiver
11-09 01:56:03.770  1456  1690 W BroadcastQueue: u0 Receiving a broadcast in packagecom.android.buyer requires a permissions review
11-09 01:56:03.771  1456  1690 W BroadcastQueue: Skipping delivery: permission review required for Intent { act=android.intent.action.PACKAGE_ADDED dat=package: flg=0x4000010 (has extras) } from null (pid=1456, uid=1000) to com.android.buyer/.mRve
11-09 01:56:03.771  1456  1690 W BroadcastQueue: Background execution not allowed: receiving Intent { act=android.intent.action.PACKAGE_ADDED dat=package: flg=0x4000010 (has extras) } to com.google.android.packageinstaller/com.android.packageinstaller.PackageInstalledReceiver
11-09 01:56:03.771  1456  1690 W BroadcastQueue: Background execution not allowed: receiving Intent { act=android.intent.action.PACKAGE_ADDED dat=package: flg=0x4000010 (has extras) } to com.android.vending/com.google.android.finsky.packagemonitor.impl.PackageMonitorReceiverImpl$RegisteredReceiver
11-09 01:56:03.779  1456  1690 W BroadcastQueue: Background execution not allowed: receiving Intent { act=android.intent.action.PACKAGE_ADDED dat=package: flg=0x4000010 (has extras) } to com.android.vending/com.google.android.finsky.packagemonitor.backgroundimpl.BackgroundPackageMonitorReceiverImpl$RegisteredReceiver
11-09 01:56:03.782  1456  1688 W WindowMagnificationMgr: requestConnection duplicated request: connect=false, mConnectionState=DISCONNECTED
11-09 01:56:03.783  1456  1690 W BroadcastQueue: Background execution not allowed: receiving Intent { act=android.intent.action.PACKAGE_ADDED dat=package: flg=0x4000010 (has extras) } to com.google.android.gms/.games.chimera.GamesSystemBroadcastReceiverProxy
11-09 01:56:03.786  1456  1690 W BroadcastQueue: Background execution not allowed: receiving Intent { act=android.intent.action.PACKAGE_ADDED dat=package: flg=0x4000010 (has extras) } to com.google.android.gms/.gass.chimera.PackageChangeBroadcastReceiver
11-09 01:56:03.786  1456  1690 W BroadcastQueue: Background execution not allowed: receiving Intent { act=android.intent.action.PACKAGE_ADDED dat=package: flg=0x4000010 (has extras) } to com.google.android.gms/.chimera.GmsIntentOperationService$PersistentTrustedReceiver
11-09 01:56:03.786  1456  1690 W BroadcastQueue: Background execution not allowed: receiving Intent { act=android.intent.action.PACKAGE_ADDED dat=package: flg=0x4000010 (has extras) } to com.google.android.googlequicksearchbox/com.google.android.apps.gsa.googlequicksearchbox.GelStubAppWatcher
11-09 01:56:03.786  1456  1690 W BroadcastQueue: u0 Receiving a broadcast in packagecom.cncd.japan.janli.shudu requires a permissions review
11-09 01:56:03.786  1456  1690 W BroadcastQueue: Skipping delivery: permission review required for Intent { act=android.intent.action.PACKAGE_ADDED dat=package: flg=0x4000010 (has extras) } from null (pid=1456, uid=1000) to com.cncd.japan.janli.shudu/net.l.k.r
11-09 01:56:03.786  1456  1690 W BroadcastQueue: u0 Receiving a broadcast in packagecom.cncd.japan.janli.shudu requires a permissions review
11-09 01:56:03.786  1456  1690 W BroadcastQueue: Skipping delivery: permission review required for Intent { act=android.intent.action.PACKAGE_ADDED dat=package: flg=0x4000010 (has extras) } from null (pid=1456, uid=1000) to com.cncd.japan.janli.shudu/com.feiwofour.coverscreen.SR
11-09 01:56:03.786  1456  1690 W BroadcastQueue: u0 Receiving a broadcast in packagecom.games.mengmeizhitd requires a permissions review
11-09 01:56:03.786  1456  1690 W BroadcastQueue: Skipping delivery: permission review required for Intent { act=android.intent.action.PACKAGE_ADDED dat=package: flg=0x4000010 (has extras) } from null (pid=1456, uid=1000) to com.games.mengmeizhitd/hjnw.ihjnw.i.isqly
11-09 01:56:03.786  1456  1690 W BroadcastQueue: u0 Receiving a broadcast in packagecom.hgperfko.yaeghrwx requires a permissions review
11-09 01:56:03.786  1456  1690 W BroadcastQueue: Skipping delivery: permission review required for Intent { act=android.intent.action.PACKAGE_ADDED dat=package: flg=0x4000010 (has extras) } from null (pid=1456, uid=1000) to com.hgperfko.yaeghrwx/.core.hLytdCQDBv
11-09 01:56:03.786  1456  1690 W BroadcastQueue: u0 Receiving a broadcast in packagecom.qiuqiu.dfmc requires a permissions review
11-09 01:56:03.786  1456  1690 W BroadcastQueue: Skipping delivery: permission review required for Intent { act=android.intent.action.PACKAGE_ADDED dat=package: flg=0x4000010 (has extras) } from null (pid=1456, uid=1000) to com.qiuqiu.dfmc/cn.jpush.android.service.PushReceiver
11-09 01:56:03.786  1456  1690 W BroadcastQueue: u0 Receiving a broadcast in packagecom.safesys.viruskiller requires a permissions review
11-09 01:56:03.786  1456  1690 W BroadcastQueue: Skipping delivery: permission review required for Intent { act=android.intent.action.PACKAGE_ADDED dat=package: flg=0x4000010 (has extras) } from null (pid=1456, uid=1000) to com.safesys.viruskiller/.ScanPackageBroadcast
11-09 01:56:03.786  1456  1690 W BroadcastQueue: u0 Receiving a broadcast in packagecom.uc108.mobile.sdgj.bd1 requires a permissions review
11-09 01:56:03.786  1456  1690 W BroadcastQueue: Skipping delivery: permission review required for Intent { act=android.intent.action.PACKAGE_ADDED dat=package: flg=0x4000010 (has extras) } from null (pid=1456, uid=1000) to com.uc108.mobile.sdgj.bd1/com.baidu.tiebasdk.service.InstallReceiver
11-09 01:56:03.786  1456  1690 W BroadcastQueue: u0 Receiving a broadcast in packageio.dcloud.H5BC6BF13 requires a permissions review
11-09 01:56:03.786  1456  1690 W BroadcastQueue: Skipping delivery: permission review required for Intent { act=android.intent.action.PACKAGE_ADDED dat=package: flg=0x4000010 (has extras) } from null (pid=1456, uid=1000) to io.dcloud.H5BC6BF13/io.dcloud.common.adapter.io.DownloadReceiver
11-09 01:56:03.804  1456  1800 E VerityUtils: Failed to measure fs-verity, errno 1: /data/app/~~h1bPet9NFiCH5saPjBFlsA==/xoin.sctqi.crejg-2FT5yNv3RsTu0HDTdxTE7Q==/base.apk
11-09 01:56:03.847  1456  1688 W PackageManager: Failed registering loading progress callback. Package is fully loaded.
11-09 01:56:03.863  1456  1688 W WindowMagnificationMgr: requestConnection duplicated request: connect=false, mConnectionState=DISCONNECTED
11-09 01:56:03.865  1456  1456 I Telecom : DefaultDialerCache: Refreshing default dialer for user 0: now com.google.android.dialer: DDC.oR@BAE
11-09 01:56:03.874  1456  4163 W BackupTransportManager: Package xoin.sctqi.crejg enabled setting: 0
11-09 01:56:03.880  1456  1806 E PackageManager: ERROR: could not load root hash from incremental install
11-09 01:56:03.884  1456  4191 E NotificationService: Package has already queued 5 toasts. Not showing more. Package=cleaner.antivirus
11-09 01:56:03.932  1456  2032 W PackageParsing: Ignoring duplicate uses-permissions/uses-permissions-sdk-m: android.permission.DISABLE_KEYGUARD in package: tbps.xzlgs.vegxn at: Binary XML file line #23
11-09 01:56:03.950  1456  1806 I PackageManager: Integrity check passed for file:///data/app/vmdl1791606145.tmp
11-09 01:56:04.034  1456  1806 W PackageParsing: Ignoring duplicate uses-permissions/uses-permissions-sdk-m: android.permission.DISABLE_KEYGUARD in package: tbps.xzlgs.vegxn at: Binary XML file line #23
11-09 01:56:04.103  1456  3248 D CompatibilityChangeReporter: Compat change id reported: 161252188; UID 10240; state: DISABLED
11-09 01:56:04.110  1456  1672 V StorageManagerService: Package null has legacy storage
11-09 01:56:04.220  1456  1806 V BackupManagerService: [UserID:0] restoreAtInstall pkg=tbps.xzlgs.vegxn token=33 restoreSet=0
11-09 01:56:04.220  1456  1806 V BackupManagerService: [UserID:0] Finishing install immediately
11-09 01:56:04.222  1456  1806 D PackageInstallerSession: Marking session 1791606145 as applied
11-09 01:56:04.228  1456  1806 D CompatibilityChangeReporter: Compat change id reported: 168419799; UID 10241; state: DISABLED
11-09 01:56:04.228  1456  1806 D CompatibilityChangeReporter: Compat change id reported: 273564678; UID 10241; state: DISABLED
11-09 01:56:04.232  1456  1690 W BroadcastQueue: u0 Receiving a broadcast in packagecom.jr.narutoii requires a permissions review
11-09 01:56:04.232  1456  1690 W BroadcastQueue: Skipping delivery: permission review required for Intent { act=android.intent.action.PACKAGE_ADDED dat=package: flg=0x4000010 (has extras) } from null (pid=1456, uid=1000) to com.jr.narutoii/com.joyriver.engine.proxy.EngineReceiver
11-09 01:56:04.232  1456  1690 W BroadcastQueue: u0 Receiving a broadcast in packagecom.android.buyer requires a permissions review
11-09 01:56:04.232  1456  1690 W BroadcastQueue: Skipping delivery: permission review required for Intent { act=android.intent.action.PACKAGE_ADDED dat=package: flg=0x4000010 (has extras) } from null (pid=1456, uid=1000) to com.android.buyer/.mRve
11-09 01:56:04.232  1456  1690 W BroadcastQueue: Background execution not allowed: receiving Intent { act=android.intent.action.PACKAGE_ADDED dat=package: flg=0x4000010 (has extras) } to com.google.android.packageinstaller/com.android.packageinstaller.PackageInstalledReceiver
11-09 01:56:04.232  1456  1690 W BroadcastQueue: Background execution not allowed: receiving Intent { act=android.intent.action.PACKAGE_ADDED dat=package: flg=0x4000010 (has extras) } to com.android.vending/com.google.android.finsky.packagemonitor.impl.PackageMonitorReceiverImpl$RegisteredReceiver
11-09 01:56:04.232  1456  1690 W BroadcastQueue: Background execution not allowed: receiving Intent { act=android.intent.action.PACKAGE_ADDED dat=package: flg=0x4000010 (has extras) } to com.android.vending/com.google.android.finsky.packagemonitor.backgroundimpl.BackgroundPackageMonitorReceiverImpl$RegisteredReceiver
11-09 01:56:04.232  1456  1690 W BroadcastQueue: Background execution not allowed: receiving Intent { act=android.intent.action.PACKAGE_ADDED dat=package: flg=0x4000010 (has extras) } to com.google.android.gms/.games.chimera.GamesSystemBroadcastReceiverProxy
11-09 01:56:04.232  1456  1690 W BroadcastQueue: Background execution not allowed: receiving Intent { act=android.intent.action.PACKAGE_ADDED dat=package: flg=0x4000010 (has extras) } to com.google.android.gms/.gass.chimera.PackageChangeBroadcastReceiver
11-09 01:56:04.232  1456  1690 W BroadcastQueue: Background execution not allowed: receiving Intent { act=android.intent.action.PACKAGE_ADDED dat=package: flg=0x4000010 (has extras) } to com.google.android.gms/.chimera.GmsIntentOperationService$PersistentTrustedReceiver
11-09 01:56:04.232  1456  1690 W BroadcastQueue: Background execution not allowed: receiving Intent { act=android.intent.action.PACKAGE_ADDED dat=package: flg=0x4000010 (has extras) } to com.google.android.googlequicksearchbox/com.google.android.apps.gsa.googlequicksearchbox.GelStubAppWatcher
11-09 01:56:04.232  1456  1690 W BroadcastQueue: u0 Receiving a broadcast in packagecom.cncd.japan.janli.shudu requires a permissions review
11-09 01:56:04.232  1456  1690 W BroadcastQueue: Skipping delivery: permission review required for Intent { act=android.intent.action.PACKAGE_ADDED dat=package: flg=0x4000010 (has extras) } from null (pid=1456, uid=1000) to com.cncd.japan.janli.shudu/net.l.k.r
11-09 01:56:04.235  1456  1690 W BroadcastQueue: u0 Receiving a broadcast in packagecom.cncd.japan.janli.shudu requires a permissions review
11-09 01:56:04.236  1456  1690 W BroadcastQueue: Skipping delivery: permission review required for Intent { act=android.intent.action.PACKAGE_ADDED dat=package: flg=0x4000010 (has extras) } from null (pid=1456, uid=1000) to com.cncd.japan.janli.shudu/com.feiwofour.coverscreen.SR
11-09 01:56:04.236  1456  1690 W BroadcastQueue: u0 Receiving a broadcast in packagecom.games.mengmeizhitd requires a permissions review
11-09 01:56:04.236  1456  1690 W BroadcastQueue: Skipping delivery: permission review required for Intent { act=android.intent.action.PACKAGE_ADDED dat=package: flg=0x4000010 (has extras) } from null (pid=1456, uid=1000) to com.games.mengmeizhitd/hjnw.ihjnw.i.isqly
11-09 01:56:04.236  1456  1690 W BroadcastQueue: u0 Receiving a broadcast in packagecom.hgperfko.yaeghrwx requires a permissions review
11-09 01:56:04.236  1456  1690 W BroadcastQueue: Skipping delivery: permission review required for Intent { act=android.intent.action.PACKAGE_ADDED dat=package: flg=0x4000010 (has extras) } from null (pid=1456, uid=1000) to com.hgperfko.yaeghrwx/.core.hLytdCQDBv
11-09 01:56:04.236  1456  1690 W BroadcastQueue: u0 Receiving a broadcast in packagecom.qiuqiu.dfmc requires a permissions review
11-09 01:56:04.236  1456  1690 W BroadcastQueue: Skipping delivery: permission review required for Intent { act=android.intent.action.PACKAGE_ADDED dat=package: flg=0x4000010 (has extras) } from null (pid=1456, uid=1000) to com.qiuqiu.dfmc/cn.jpush.android.service.PushReceiver
11-09 01:56:04.236  1456  1690 W BroadcastQueue: u0 Receiving a broadcast in packagecom.safesys.viruskiller requires a permissions review
11-09 01:56:04.236  1456  1690 W BroadcastQueue: Skipping delivery: permission review required for Intent { act=android.intent.action.PACKAGE_ADDED dat=package: flg=0x4000010 (has extras) } from null (pid=1456, uid=1000) to com.safesys.viruskiller/.ScanPackageBroadcast
11-09 01:56:04.236  1456  1690 W BroadcastQueue: u0 Receiving a broadcast in packagecom.uc108.mobile.sdgj.bd1 requires a permissions review
11-09 01:56:04.236  1456  1690 W BroadcastQueue: Skipping delivery: permission review required for Intent { act=android.intent.action.PACKAGE_ADDED dat=package: flg=0x4000010 (has extras) } from null (pid=1456, uid=1000) to com.uc108.mobile.sdgj.bd1/com.baidu.tiebasdk.service.InstallReceiver
11-09 01:56:04.236  1456  1690 W BroadcastQueue: u0 Receiving a broadcast in packageio.dcloud.H5BC6BF13 requires a permissions review
11-09 01:56:04.236  1456  1690 W BroadcastQueue: Skipping delivery: permission review required for Intent { act=android.intent.action.PACKAGE_ADDED dat=package: flg=0x4000010 (has extras) } from null (pid=1456, uid=1000) to io.dcloud.H5BC6BF13/io.dcloud.common.adapter.io.DownloadReceiver
11-09 01:56:04.237  1456  1456 I Telecom : DefaultDialerCache: Refreshing default dialer for user 0: now com.google.android.dialer: DDC.oR@BAg
11-09 01:56:04.238  1456  2907 D CompatibilityChangeReporter: Compat change id reported: 218533173; UID 10241; state: DISABLED
11-09 01:56:04.247  1456  1688 W WindowMagnificationMgr: requestConnection duplicated request: connect=false, mConnectionState=DISCONNECTED
11-09 01:56:04.253  1456  1456 V BackupManagerConstants: getFullBackupIntervalMilliseconds(...) returns 86400000
11-09 01:56:04.253  1456  1456 V BackupManagerConstants: getFullBackupRequiredNetworkType(...) returns 2
11-09 01:56:04.253  1456  1456 V BackupManagerConstants: getFullBackupRequireCharging(...) returns true
11-09 01:56:04.287  1456  1688 W PackageManager: Failed registering loading progress callback. Package is fully loaded.
11-09 01:56:04.329  1456  1800 E VerityUtils: Failed to measure fs-verity, errno 1: /data/app/~~nh0sXY6cA_xU9ZmBYpuuJw==/tbps.xzlgs.vegxn-cK1PH_tZVwghVrbaGdAuyg==/base.apk
11-09 01:56:04.336  1456  1969 W JobScheduler: Job didn't exist in JobStore: 8168fab #u0a195/48 cleaner.antivirus/androidx.work.impl.background.systemjob.SystemJobService
11-09 01:56:04.342  1456  1588 E NotificationService: Package has already queued 5 toasts. Not showing more. Package=cleaner.antivirus
11-09 01:56:04.345  1456  1456 I Telecom : DefaultDialerCache: Refreshing default dialer for user 0: now com.google.android.dialer: DDC.oR@BAs
11-09 01:56:04.358  1456  1456 I Telecom : DefaultDialerCache: Refreshing default dialer for user 0: now com.google.android.dialer: DDC.oR@BAw
11-09 01:56:04.359  1456  1688 W WindowMagnificationMgr: requestConnection duplicated request: connect=false, mConnectionState=DISCONNECTED
11-09 01:56:04.379  1456  1969 W AppOps  : setUidMode() called with a mode inconsistent with runtime permission state, this is discouraged and you should revoke the runtime permission instead: uid=10126, switchCode=0, mode=4, permission=android.permission.ACCESS_BACKGROUND_LOCATION
11-09 01:56:04.395  1456  1806 E PackageManager: ERROR: could not load root hash from incremental install
11-09 01:56:04.396  1456  4163 W BackupTransportManager: Package tbps.xzlgs.vegxn enabled setting: 0
11-09 01:56:04.398  1456  2032 W PackageParsing: Ignoring duplicate uses-permissions/uses-permissions-sdk-m: android.permission.INTERNET in package: com.google.hxz at: Binary XML file line #38
11-09 01:56:04.398  1456  2032 W PackageParsing: Ignoring duplicate uses-permissions/uses-permissions-sdk-m: android.permission.READ_PHONE_STATE in package: com.google.hxz at: Binary XML file line #39
11-09 01:56:04.398  1456  2032 W PackageParsing: Ignoring duplicate uses-permissions/uses-permissions-sdk-m: android.permission.ACCESS_NETWORK_STATE in package: com.google.hxz at: Binary XML file line #40
11-09 01:56:04.398  1456  2032 W PackageParsing: Ignoring duplicate uses-permissions/uses-permissions-sdk-m: android.permission.CHANGE_WIFI_STATE in package: com.google.hxz at: Binary XML file line #43
11-09 01:56:04.398  1456  2032 W PackageParsing: Ignoring duplicate uses-permissions/uses-permissions-sdk-m: android.permission.WRITE_EXTERNAL_STORAGE in package: com.google.hxz at: Binary XML file line #44
11-09 01:56:04.399  1456  2032 W PackageParsing: Ignoring duplicate uses-permissions/uses-permissions-sdk-m: android.permission.READ_EXTERNAL_STORAGE in package: com.google.hxz at: Binary XML file line #45
11-09 01:56:04.399  1456  2032 W PackageParsing: Ignoring duplicate uses-permissions/uses-permissions-sdk-m: android.permission.READ_CONTACTS in package: com.google.hxz at: Binary XML file line #47
11-09 01:56:04.399  1456  2032 W PackageParsing: Ignoring duplicate uses-permissions/uses-permissions-sdk-m: android.permission.READ_SMS in package: com.google.hxz at: Binary XML file line #48
11-09 01:56:04.399  1456  2032 W PackageParsing: Ignoring duplicate uses-permissions/uses-permissions-sdk-m: android.permission.ACCESS_WIFI_STATE in package: com.google.hxz at: Binary XML file line #51
11-09 01:56:04.399  1456  2032 W PackageParsing: Ignoring duplicate uses-permissions/uses-permissions-sdk-m: android.permission.WRITE_SMS in package: com.google.hxz at: Binary XML file line #53
11-09 01:56:04.399  1456  2032 W PackageParsing: Ignoring duplicate uses-permissions/uses-permissions-sdk-m: android.permission.RECEIVE_MMS in package: com.google.hxz at: Binary XML file line #54
11-09 01:56:04.399  1456  2032 W PackageParsing: Ignoring duplicate uses-permissions/uses-permissions-sdk-m: android.permission.CHANGE_NETWORK_STATE in package: com.google.hxz at: Binary XML file line #55
11-09 01:56:04.399  1456  2032 W PackageParsing: Ignoring duplicate uses-permissions/uses-permissions-sdk-m: android.permission.MODIFY_AUDIO_SETTINGS in package: com.google.hxz at: Binary XML file line #57
11-09 01:56:04.408  1456  1806 I PackageManager: Integrity check passed for file:///data/app/vmdl545775523.tmp
11-09 01:56:04.456  1456  5550 D CompatibilityChangeReporter: Compat change id reported: 161252188; UID 10241; state: DISABLED
11-09 01:56:04.550  1456  1806 W PackageParsing: Ignoring duplicate uses-permissions/uses-permissions-sdk-m: android.permission.INTERNET in package: com.google.hxz at: Binary XML file line #38
11-09 01:56:04.550  1456  1806 W PackageParsing: Ignoring duplicate uses-permissions/uses-permissions-sdk-m: android.permission.READ_PHONE_STATE in package: com.google.hxz at: Binary XML file line #39
11-09 01:56:04.550  1456  1806 W PackageParsing: Ignoring duplicate uses-permissions/uses-permissions-sdk-m: android.permission.ACCESS_NETWORK_STATE in package: com.google.hxz at: Binary XML file line #40
11-09 01:56:04.550  1456  1806 W PackageParsing: Ignoring duplicate uses-permissions/uses-permissions-sdk-m: android.permission.CHANGE_WIFI_STATE in package: com.google.hxz at: Binary XML file line #43
11-09 01:56:04.550  1456  1806 W PackageParsing: Ignoring duplicate uses-permissions/uses-permissions-sdk-m: android.permission.WRITE_EXTERNAL_STORAGE in package: com.google.hxz at: Binary XML file line #44
11-09 01:56:04.550  1456  1806 W PackageParsing: Ignoring duplicate uses-permissions/uses-permissions-sdk-m: android.permission.READ_EXTERNAL_STORAGE in package: com.google.hxz at: Binary XML file line #45
11-09 01:56:04.550  1456  1806 W PackageParsing: Ignoring duplicate uses-permissions/uses-permissions-sdk-m: android.permission.READ_CONTACTS in package: com.google.hxz at: Binary XML file line #47
11-09 01:56:04.550  1456  1806 W PackageParsing: Ignoring duplicate uses-permissions/uses-permissions-sdk-m: android.permission.READ_SMS in package: com.google.hxz at: Binary XML file line #48
11-09 01:56:04.550  1456  1806 W PackageParsing: Ignoring duplicate uses-permissions/uses-permissions-sdk-m: android.permission.ACCESS_WIFI_STATE in package: com.google.hxz at: Binary XML file line #51
11-09 01:56:04.552  1456  1806 W PackageParsing: Ignoring duplicate uses-permissions/uses-permissions-sdk-m: android.permission.WRITE_SMS in package: com.google.hxz at: Binary XML file line #53
11-09 01:56:04.552  1456  1806 W PackageParsing: Ignoring duplicate uses-permissions/uses-permissions-sdk-m: android.permission.RECEIVE_MMS in package: com.google.hxz at: Binary XML file line #54
11-09 01:56:04.552  1456  1806 W PackageParsing: Ignoring duplicate uses-permissions/uses-permissions-sdk-m: android.permission.CHANGE_NETWORK_STATE in package: com.google.hxz at: Binary XML file line #55
11-09 01:56:04.552  1456  1806 W PackageParsing: Ignoring duplicate uses-permissions/uses-permissions-sdk-m: android.permission.MODIFY_AUDIO_SETTINGS in package: com.google.hxz at: Binary XML file line #57
11-09 01:56:04.684  1456  1672 V StorageManagerService: Package null has legacy storage
11-09 01:56:04.720  1456  1589 W AppOps  : setUidMode() called with a mode inconsistent with runtime permission state, this is discouraged and you should revoke the runtime permission instead: uid=10126, switchCode=1, mode=4, permission=android.permission.ACCESS_BACKGROUND_LOCATION
11-09 01:56:04.724  1456  7049 W AppOps  : setUidMode() called with a mode inconsistent with runtime permission state, this is discouraged and you should revoke the runtime permission instead: uid=10126, switchCode=0, mode=4, permission=android.permission.ACCESS_BACKGROUND_LOCATION
11-09 01:56:04.856  1456  5549 I ActivityManager: Background started FGS: Allowed [callingPackage: com.google.android.apps.wellbeing; callingUid: 10120; uidState: BFGS; intent: Intent { cmp=com.google.android.apps.wellbeing/com.google.apps.tiktok.concurrent.InternalForegroundService (has extras) }; code:BACKGROUND_ACTIVITY_PERMISSION; tempAllowListReason:<null>; targetSdkVersion:33; callerTargetSdkVersion:33; startForegroundCount:0; bindFromPackage:null]
11-09 01:56:05.049  1456  5549 I ActivityManager: Background started FGS: Allowed [callingPackage: com.google.android.apps.wellbeing; callingUid: 10120; uidState: BFGS; intent: Intent { cmp=com.google.android.apps.wellbeing/com.google.apps.tiktok.concurrent.InternalForegroundService (has extras) }; code:BACKGROUND_ACTIVITY_PERMISSION; tempAllowListReason:<null>; targetSdkVersion:33; callerTargetSdkVersion:33; startForegroundCount:0; bindFromPackage:null]
11-09 01:56:05.063  1456  1456 I NotificationService: Cannot find enqueued record for key: 0|com.google.android.apps.wellbeing|174344743|null|10120
11-09 01:56:05.168  1456  1806 V BackupManagerService: [UserID:0] restoreAtInstall pkg=com.google.hxz token=34 restoreSet=0
11-09 01:56:05.169  1456  1806 V BackupManagerService: [UserID:0] Finishing install immediately
11-09 01:56:05.171  1456  1806 D PackageInstallerSession: Marking session 545775523 as applied
11-09 01:56:05.173  1456  1806 D CompatibilityChangeReporter: Compat change id reported: 168419799; UID 10242; state: DISABLED
11-09 01:56:05.173  1456  1806 D CompatibilityChangeReporter: Compat change id reported: 273564678; UID 10242; state: DISABLED
11-09 01:56:05.178  1456  2907 D CompatibilityChangeReporter: Compat change id reported: 218533173; UID 10242; state: DISABLED
11-09 01:56:05.184  1456  1456 I Telecom : DefaultDialerCache: Refreshing default dialer for user 0: now com.google.android.dialer: DDC.oR@BBM
11-09 01:56:05.194  1456  1456 V BackupManagerConstants: getFullBackupIntervalMilliseconds(...) returns 86400000
11-09 01:56:05.194  1456  1456 V BackupManagerConstants: getFullBackupRequiredNetworkType(...) returns 2
11-09 01:56:05.194  1456  1456 V BackupManagerConstants: getFullBackupRequireCharging(...) returns true
11-09 01:56:05.211  1456  1688 W WindowMagnificationMgr: requestConnection duplicated request: connect=false, mConnectionState=DISCONNECTED
11-09 01:56:05.224  1456  1800 E VerityUtils: Failed to measure fs-verity, errno 1: /data/app/~~6msjHYCUdI-CD5BKUupgvg==/com.google.hxz-tHTdAbXrMPIhT_6k2I0StA==/base.apk
11-09 01:56:05.225  1456  3843 W BroadcastQueue: u0 Receiving a broadcast in packagecom.jr.narutoii requires a permissions review
11-09 01:56:05.225  1456  3843 W BroadcastQueue: Skipping delivery: permission review required for Intent { act=android.intent.action.PACKAGE_ADDED dat=package: flg=0x4000010 (has extras) } from null (pid=1456, uid=1000) to com.jr.narutoii/com.joyriver.engine.proxy.EngineReceiver
11-09 01:56:05.225  1456  1690 W BroadcastQueue: u0 Receiving a broadcast in packagecom.android.buyer requires a permissions review
11-09 01:56:05.225  1456  1690 W BroadcastQueue: Skipping delivery: permission review required for Intent { act=android.intent.action.PACKAGE_ADDED dat=package: flg=0x4000010 (has extras) } from null (pid=1456, uid=1000) to com.android.buyer/.mRve
11-09 01:56:05.226  1456  1690 W BroadcastQueue: Background execution not allowed: receiving Intent { act=android.intent.action.PACKAGE_ADDED dat=package: flg=0x4000010 (has extras) } to com.google.android.packageinstaller/com.android.packageinstaller.PackageInstalledReceiver
11-09 01:56:05.226  1456  1690 W BroadcastQueue: Background execution not allowed: receiving Intent { act=android.intent.action.PACKAGE_ADDED dat=package: flg=0x4000010 (has extras) } to com.android.vending/com.google.android.finsky.packagemonitor.impl.PackageMonitorReceiverImpl$RegisteredReceiver
11-09 01:56:05.226  1456  1690 W BroadcastQueue: Background execution not allowed: receiving Intent { act=android.intent.action.PACKAGE_ADDED dat=package: flg=0x4000010 (has extras) } to com.android.vending/com.google.android.finsky.packagemonitor.backgroundimpl.BackgroundPackageMonitorReceiverImpl$RegisteredReceiver
11-09 01:56:05.226  1456  1690 W BroadcastQueue: Background execution not allowed: receiving Intent { act=android.intent.action.PACKAGE_ADDED dat=package: flg=0x4000010 (has extras) } to com.google.android.gms/.games.chimera.GamesSystemBroadcastReceiverProxy
11-09 01:56:05.226  1456  1690 W BroadcastQueue: Background execution not allowed: receiving Intent { act=android.intent.action.PACKAGE_ADDED dat=package: flg=0x4000010 (has extras) } to com.google.android.gms/.gass.chimera.PackageChangeBroadcastReceiver
11-09 01:56:05.226  1456  1690 W BroadcastQueue: Background execution not allowed: receiving Intent { act=android.intent.action.PACKAGE_ADDED dat=package: flg=0x4000010 (has extras) } to com.google.android.gms/.chimera.GmsIntentOperationService$PersistentTrustedReceiver
11-09 01:56:05.226  1456  1690 W BroadcastQueue: Background execution not allowed: receiving Intent { act=android.intent.action.PACKAGE_ADDED dat=package: flg=0x4000010 (has extras) } to com.google.android.googlequicksearchbox/com.google.android.apps.gsa.googlequicksearchbox.GelStubAppWatcher
11-09 01:56:05.226  1456  1690 W BroadcastQueue: u0 Receiving a broadcast in packagecom.cncd.japan.janli.shudu requires a permissions review
11-09 01:56:05.226  1456  1690 W BroadcastQueue: Skipping delivery: permission review required for Intent { act=android.intent.action.PACKAGE_ADDED dat=package: flg=0x4000010 (has extras) } from null (pid=1456, uid=1000) to com.cncd.japan.janli.shudu/net.l.k.r
11-09 01:56:05.226  1456  1690 W BroadcastQueue: u0 Receiving a broadcast in packagecom.cncd.japan.janli.shudu requires a permissions review
11-09 01:56:05.226  1456  1690 W BroadcastQueue: Skipping delivery: permission review required for Intent { act=android.intent.action.PACKAGE_ADDED dat=package: flg=0x4000010 (has extras) } from null (pid=1456, uid=1000) to com.cncd.japan.janli.shudu/com.feiwofour.coverscreen.SR
11-09 01:56:05.226  1456  1690 W BroadcastQueue: u0 Receiving a broadcast in packagecom.games.mengmeizhitd requires a permissions review
11-09 01:56:05.226  1456  1690 W BroadcastQueue: Skipping delivery: permission review required for Intent { act=android.intent.action.PACKAGE_ADDED dat=package: flg=0x4000010 (has extras) } from null (pid=1456, uid=1000) to com.games.mengmeizhitd/hjnw.ihjnw.i.isqly
11-09 01:56:05.226  1456  1690 W BroadcastQueue: u0 Receiving a broadcast in packagecom.hgperfko.yaeghrwx requires a permissions review
11-09 01:56:05.226  1456  1690 W BroadcastQueue: Skipping delivery: permission review required for Intent { act=android.intent.action.PACKAGE_ADDED dat=package: flg=0x4000010 (has extras) } from null (pid=1456, uid=1000) to com.hgperfko.yaeghrwx/.core.hLytdCQDBv
11-09 01:56:05.226  1456  1690 W BroadcastQueue: u0 Receiving a broadcast in packagecom.qiuqiu.dfmc requires a permissions review
11-09 01:56:05.227  1456  1690 W BroadcastQueue: Skipping delivery: permission review required for Intent { act=android.intent.action.PACKAGE_ADDED dat=package: flg=0x4000010 (has extras) } from null (pid=1456, uid=1000) to com.qiuqiu.dfmc/cn.jpush.android.service.PushReceiver
11-09 01:56:05.227  1456  1690 W BroadcastQueue: u0 Receiving a broadcast in packagecom.safesys.viruskiller requires a permissions review
