--------- beginning of system
11-09 01:55:56.281  1456  1806 W PackageParsing: Ignoring duplicate uses-permissions/uses-permissions-sdk-m: android.permission.CHANGE_NETWORK_STATE in package: com.lyf.tkhlke at: Binary XML file line #68
11-09 01:55:56.281  1456  1806 W PackageParsing: Ignoring duplicate uses-permissions/uses-permissions-sdk-m: android.permission.CHANGE_WIFI_STATE in package: com.lyf.tkhlke at: Binary XML file line #69
11-09 01:55:56.281  1456  1806 W PackageParsing: Ignoring duplicate uses-permissions/uses-permissions-sdk-m: android.permission.ACCESS_WIFI_STATE in package: com.lyf.tkhlke at: Binary XML file line #70
11-09 01:55:56.282  1456  1806 W PackageParsing: Ignoring duplicate uses-permissions/uses-permissions-sdk-m: android.permission.VIBRATE in package: com.lyf.tkhlke at: Binary XML file line #71
11-09 01:55:56.282  1456  1806 W PackageParsing: Ignoring duplicate uses-permissions/uses-permissions-sdk-m: android.permission.WRITE_SETTINGS in package: com.lyf.tkhlke at: Binary XML file line #72
11-09 01:55:56.282  1456  1806 W PackageParsing: Ignoring duplicate uses-permissions/uses-permissions-sdk-m: android.permission.GET_TASKS in package: com.lyf.tkhlke at: Binary XML file line #74
11-09 01:55:56.282  1456  1806 W PackageParsing: Ignoring duplicate uses-permissions/uses-permissions-sdk-m: android.permission.ACCESS_COARSE_LOCATION in package: com.lyf.tkhlke at: Binary XML file line #75
11-09 01:55:56.282  1456  1806 W PackageParsing: Ignoring duplicate uses-permissions/uses-permissions-sdk-m: android.permission.VIBRATE in package: com.lyf.tkhlke at: Binary XML file line #76
11-09 01:55:56.282  1456  1806 W PackageParsing: Ignoring duplicate uses-permissions/uses-permissions-sdk-m: android.permission.READ_PHONE_STATE in package: com.lyf.tkhlke at: Binary XML file line #79
11-09 01:55:56.282  1456  1806 W PackageParsing: Ignoring duplicate uses-permissions/uses-permissions-sdk-m: com.android.launcher.permission.INSTALL_SHORTCUT in package: com.lyf.tkhlke at: Binary XML file line #80
11-09 01:55:56.282  1456  1806 W PackageParsing: Ignoring duplicate uses-permissions/uses-permissions-sdk-m: android.permission.ACCESS_NETWORK_STATE in package: com.lyf.tkhlke at: Binary XML file line #81
11-09 01:55:56.377  1456  1672 V StorageManagerService: Package null has legacy storage
11-09 01:55:56.441  1456  3197 W AppOps  : setUidMode() called with a mode inconsistent with runtime permission state, this is discouraged and you should revoke the runtime permission instead: uid=10126, switchCode=0, mode=4, permission=android.permission.ACCESS_BACKGROUND_LOCATION
11-09 01:55:56.475  1456  1456 W WindowManager: removeWindowToken: Attempted to remove non-existing token: android.os.Binder@f7fc6b1
11-09 01:55:56.479  1456  1806 V BackupManagerService: [UserID:0] restoreAtInstall pkg=com.lyf.tkhlke token=27 restoreSet=0
11-09 01:55:56.480  1456  1806 V BackupManagerService: [UserID:0] Finishing install immediately
11-09 01:55:56.484  1456  1806 D PackageInstallerSession: Marking session 1944369652 as applied
11-09 01:55:56.505  1456  1456 I Telecom : DefaultDialerCache: Refreshing default dialer for user 0: now com.google.android.dialer: DDC.oR@A5o
11-09 01:55:56.514  1456  1806 D CompatibilityChangeReporter: Compat change id reported: 168419799; UID 10229; state: DISABLED
11-09 01:55:56.514  1456  1806 D CompatibilityChangeReporter: Compat change id reported: 273564678; UID 10229; state: DISABLED
11-09 01:55:56.519  1456  2907 D CompatibilityChangeReporter: Compat change id reported: 218533173; UID 10229; state: DISABLED
11-09 01:55:56.524  1456  1456 I Telecom : DefaultDialerCache: Refreshing default dialer for user 0: now com.google.android.dialer: DDC.oR@A5s
11-09 01:55:56.529  1456  1690 W BroadcastQueue: u0 Receiving a broadcast in packagecom.android.buyer requires a permissions review
11-09 01:55:56.529  1456  1690 W BroadcastQueue: Skipping delivery: permission review required for Intent { act=android.intent.action.PACKAGE_ADDED dat=package: flg=0x4000010 (has extras) } from null (pid=1456, uid=1000) to com.android.buyer/.mRve
11-09 01:55:56.529  1456  1690 W BroadcastQueue: Background execution not allowed: receiving Intent { act=android.intent.action.PACKAGE_ADDED dat=package: flg=0x4000010 (has extras) } to com.google.android.packageinstaller/com.android.packageinstaller.PackageInstalledReceiver
11-09 01:55:56.529  1456  1690 W BroadcastQueue: Background execution not allowed: receiving Intent { act=android.intent.action.PACKAGE_ADDED dat=package: flg=0x4000010 (has extras) } to com.android.vending/com.google.android.finsky.packagemonitor.impl.PackageMonitorReceiverImpl$RegisteredReceiver
11-09 01:55:56.533  1456  1690 W BroadcastQueue: Background execution not allowed: receiving Intent { act=android.intent.action.PACKAGE_ADDED dat=package: flg=0x4000010 (has extras) } to com.android.vending/com.google.android.finsky.packagemonitor.backgroundimpl.BackgroundPackageMonitorReceiverImpl$RegisteredReceiver
11-09 01:55:56.539  1456  1690 W BroadcastQueue: Background execution not allowed: receiving Intent { act=android.intent.action.PACKAGE_ADDED dat=package: flg=0x4000010 (has extras) } to com.google.android.gms/.games.chimera.GamesSystemBroadcastReceiverProxy
11-09 01:55:56.539  1456  1690 W BroadcastQueue: Background execution not allowed: receiving Intent { act=android.intent.action.PACKAGE_ADDED dat=package: flg=0x4000010 (has extras) } to com.google.android.gms/.gass.chimera.PackageChangeBroadcastReceiver
11-09 01:55:56.539  1456  1690 W BroadcastQueue: Background execution not allowed: receiving Intent { act=android.intent.action.PACKAGE_ADDED dat=package: flg=0x4000010 (has extras) } to com.google.android.gms/.chimera.GmsIntentOperationService$PersistentTrustedReceiver
11-09 01:55:56.539  1456  1690 W BroadcastQueue: Background execution not allowed: receiving Intent { act=android.intent.action.PACKAGE_ADDED dat=package: flg=0x4000010 (has extras) } to com.google.android.googlequicksearchbox/com.google.android.apps.gsa.googlequicksearchbox.GelStubAppWatcher
11-09 01:55:56.539  1456  1690 W BroadcastQueue: u0 Receiving a broadcast in packagecom.games.mengmeizhitd requires a permissions review
11-09 01:55:56.539  1456  1690 W BroadcastQueue: Skipping delivery: permission review required for Intent { act=android.intent.action.PACKAGE_ADDED dat=package: flg=0x4000010 (has extras) } from null (pid=1456, uid=1000) to com.games.mengmeizhitd/hjnw.ihjnw.i.isqly
11-09 01:55:56.539  1456  1690 W BroadcastQueue: u0 Receiving a broadcast in packagecom.qiuqiu.dfmc requires a permissions review
11-09 01:55:56.539  1456  1690 W BroadcastQueue: Skipping delivery: permission review required for Intent { act=android.intent.action.PACKAGE_ADDED dat=package: flg=0x4000010 (has extras) } from null (pid=1456, uid=1000) to com.qiuqiu.dfmc/cn.jpush.android.service.PushReceiver
11-09 01:55:56.539  1456  1690 W BroadcastQueue: u0 Receiving a broadcast in packagecom.safesys.viruskiller requires a permissions review
11-09 01:55:56.539  1456  1690 W BroadcastQueue: Skipping delivery: permission review required for Intent { act=android.intent.action.PACKAGE_ADDED dat=package: flg=0x4000010 (has extras) } from null (pid=1456, uid=1000) to com.safesys.viruskiller/.ScanPackageBroadcast
11-09 01:55:56.550  1456  1456 V BackupManagerConstants: getFullBackupIntervalMilliseconds(...) returns 86400000
11-09 01:55:56.550  1456  1456 V BackupManagerConstants: getFullBackupRequiredNetworkType(...) returns 2
11-09 01:55:56.550  1456  1456 V BackupManagerConstants: getFullBackupRequireCharging(...) returns true
11-09 01:55:56.569  1456  1688 W WindowMagnificationMgr: requestConnection duplicated request: connect=false, mConnectionState=DISCONNECTED
11-09 01:55:56.602  1456  1800 E VerityUtils: Failed to measure fs-verity, errno 1: /data/app/~~XzmLGRv9Fc74IdDHzP5ymg==/com.lyf.tkhlke-TuDctngz3UlHS4YXZR3E0g==/base.apk
11-09 01:55:56.606  1456  1688 W PackageManager: Failed registering loading progress callback. Package is fully loaded.
11-09 01:55:56.626  1456  1806 E PackageManager: ERROR: could not load root hash from incremental install
11-09 01:55:56.627  1456  1456 W Looper  : Slow dispatch took 103ms main h=android.app.ActivityThread$H c=android.app.LoadedApk$ReceiverDispatcher$Args$$ExternalSyntheticLambda0@1e65541 m=0
11-09 01:55:56.632  1456  2032 W PackageParsing: Ignoring duplicate uses-permissions/uses-permissions-sdk-m: android.permission.INTERNET in package: com.evilsunflower.animalpuzzle at: Binary XML file line #33
11-09 01:55:56.632  1456  2032 W PackageParsing: Ignoring duplicate uses-permissions/uses-permissions-sdk-m: android.permission.ACCESS_NETWORK_STATE in package: com.evilsunflower.animalpuzzle at: Binary XML file line #36
11-09 01:55:56.632  1456  2032 W PackageParsing: Ignoring duplicate uses-permissions/uses-permissions-sdk-m: android.permission.WRITE_EXTERNAL_STORAGE in package: com.evilsunflower.animalpuzzle at: Binary XML file line #38
11-09 01:55:56.632  1456  2032 W PackageParsing: Ignoring duplicate uses-permissions/uses-permissions-sdk-m: android.permission.WAKE_LOCK in package: com.evilsunflower.animalpuzzle at: Binary XML file line #42
11-09 01:55:56.633  1456  5520 E NotificationService: Package has already queued 5 toasts. Not showing more. Package=cleaner.antivirus
11-09 01:55:56.636  1456  5551 W JobScheduler: Job didn't exist in JobStore: eb56b04 #u0a195/36 cleaner.antivirus/androidx.work.impl.background.systemjob.SystemJobService
11-09 01:55:56.663  1456  1688 W WindowMagnificationMgr: requestConnection duplicated request: connect=false, mConnectionState=DISCONNECTED
11-09 01:55:56.667  1456  1456 I Telecom : DefaultDialerCache: Refreshing default dialer for user 0: now com.google.android.dialer: DDC.oR@A54
11-09 01:55:56.682  1456  4163 W BackupTransportManager: Package com.lyf.tkhlke enabled setting: 0
11-09 01:55:56.698  1456  1806 I PackageManager: Integrity check passed for file:///data/app/vmdl701374977.tmp
11-09 01:55:56.755  1456  1588 W AppOps  : setUidMode() called with a mode inconsistent with runtime permission state, this is discouraged and you should revoke the runtime permission instead: uid=10126, switchCode=1, mode=4, permission=android.permission.ACCESS_BACKGROUND_LOCATION
11-09 01:55:56.768  1456  2975 W AppOps  : setUidMode() called with a mode inconsistent with runtime permission state, this is discouraged and you should revoke the runtime permission instead: uid=10126, switchCode=0, mode=4, permission=android.permission.ACCESS_BACKGROUND_LOCATION
11-09 01:55:56.827  1456  1968 D CompatibilityChangeReporter: Compat change id reported: 161252188; UID 10229; state: DISABLED
11-09 01:55:56.829  1456  1806 W PackageParsing: Ignoring duplicate uses-permissions/uses-permissions-sdk-m: android.permission.INTERNET in package: com.evilsunflower.animalpuzzle at: Binary XML file line #33
11-09 01:55:56.829  1456  1806 W PackageParsing: Ignoring duplicate uses-permissions/uses-permissions-sdk-m: android.permission.ACCESS_NETWORK_STATE in package: com.evilsunflower.animalpuzzle at: Binary XML file line #36
11-09 01:55:56.830  1456  1806 W PackageParsing: Ignoring duplicate uses-permissions/uses-permissions-sdk-m: android.permission.WRITE_EXTERNAL_STORAGE in package: com.evilsunflower.animalpuzzle at: Binary XML file line #38
11-09 01:55:56.830  1456  1806 W PackageParsing: Ignoring duplicate uses-permissions/uses-permissions-sdk-m: android.permission.WAKE_LOCK in package: com.evilsunflower.animalpuzzle at: Binary XML file line #42
11-09 01:55:56.905  1456  1806 V BackupManagerService: [UserID:0] restoreAtInstall pkg=com.evilsunflower.animalpuzzle token=28 restoreSet=0
11-09 01:55:56.915  1456  1806 V BackupManagerService: [UserID:0] Finishing install immediately
11-09 01:55:56.924  1456  1806 V StorageManagerService: Package null has legacy storage
11-09 01:55:56.925  1456  1806 D PackageInstallerSession: Marking session 701374977 as applied
11-09 01:55:56.930  1456  1806 D CompatibilityChangeReporter: Compat change id reported: 168419799; UID 10230; state: DISABLED
11-09 01:55:56.930  1456  1806 D CompatibilityChangeReporter: Compat change id reported: 273564678; UID 10230; state: DISABLED
11-09 01:55:56.934  1456  2907 D CompatibilityChangeReporter: Compat change id reported: 218533173; UID 10230; state: DISABLED
11-09 01:55:56.947  1456  1456 I Telecom : DefaultDialerCache: Refreshing default dialer for user 0: now com.google.android.dialer: DDC.oR@A6M
11-09 01:55:56.947  1456  1688 W WindowMagnificationMgr: requestConnection duplicated request: connect=false, mConnectionState=DISCONNECTED
11-09 01:55:56.967  1456  3725 W BroadcastQueue: u0 Receiving a broadcast in packagecom.android.buyer requires a permissions review
11-09 01:55:56.967  1456  3725 W BroadcastQueue: Skipping delivery: permission review required for Intent { act=android.intent.action.PACKAGE_ADDED dat=package: flg=0x4000010 (has extras) } from null (pid=1456, uid=1000) to com.android.buyer/.mRve
11-09 01:55:56.968  1456  1690 W BroadcastQueue: Background execution not allowed: receiving Intent { act=android.intent.action.PACKAGE_ADDED dat=package: flg=0x4000010 (has extras) } to com.google.android.packageinstaller/com.android.packageinstaller.PackageInstalledReceiver
11-09 01:55:56.968  1456  1690 W BroadcastQueue: Background execution not allowed: receiving Intent { act=android.intent.action.PACKAGE_ADDED dat=package: flg=0x4000010 (has extras) } to com.android.vending/com.google.android.finsky.packagemonitor.impl.PackageMonitorReceiverImpl$RegisteredReceiver
11-09 01:55:56.968  1456  1690 W BroadcastQueue: Background execution not allowed: receiving Intent { act=android.intent.action.PACKAGE_ADDED dat=package: flg=0x4000010 (has extras) } to com.android.vending/com.google.android.finsky.packagemonitor.backgroundimpl.BackgroundPackageMonitorReceiverImpl$RegisteredReceiver
11-09 01:55:56.968  1456  1690 W BroadcastQueue: Background execution not allowed: receiving Intent { act=android.intent.action.PACKAGE_ADDED dat=package: flg=0x4000010 (has extras) } to com.google.android.gms/.games.chimera.GamesSystemBroadcastReceiverProxy
11-09 01:55:56.968  1456  1690 W BroadcastQueue: Background execution not allowed: receiving Intent { act=android.intent.action.PACKAGE_ADDED dat=package: flg=0x4000010 (has extras) } to com.google.android.gms/.gass.chimera.PackageChangeBroadcastReceiver
11-09 01:55:56.968  1456  1690 W BroadcastQueue: Background execution not allowed: receiving Intent { act=android.intent.action.PACKAGE_ADDED dat=package: flg=0x4000010 (has extras) } to com.google.android.gms/.chimera.GmsIntentOperationService$PersistentTrustedReceiver
11-09 01:55:56.968  1456  1690 W BroadcastQueue: Background execution not allowed: receiving Intent { act=android.intent.action.PACKAGE_ADDED dat=package: flg=0x4000010 (has extras) } to com.google.android.googlequicksearchbox/com.google.android.apps.gsa.googlequicksearchbox.GelStubAppWatcher
11-09 01:55:56.968  1456  1690 W BroadcastQueue: u0 Receiving a broadcast in packagecom.games.mengmeizhitd requires a permissions review
11-09 01:55:56.968  1456  1690 W BroadcastQueue: Skipping delivery: permission review required for Intent { act=android.intent.action.PACKAGE_ADDED dat=package: flg=0x4000010 (has extras) } from null (pid=1456, uid=1000) to com.games.mengmeizhitd/hjnw.ihjnw.i.isqly
11-09 01:55:56.968  1456  1690 W BroadcastQueue: u0 Receiving a broadcast in packagecom.qiuqiu.dfmc requires a permissions review
11-09 01:55:56.968  1456  1690 W BroadcastQueue: Skipping delivery: permission review required for Intent { act=android.intent.action.PACKAGE_ADDED dat=package: flg=0x4000010 (has extras) } from null (pid=1456, uid=1000) to com.qiuqiu.dfmc/cn.jpush.android.service.PushReceiver
11-09 01:55:56.968  1456  1690 W BroadcastQueue: u0 Receiving a broadcast in packagecom.safesys.viruskiller requires a permissions review
11-09 01:55:56.968  1456  1690 W BroadcastQueue: Skipping delivery: permission review required for Intent { act=android.intent.action.PACKAGE_ADDED dat=package: flg=0x4000010 (has extras) } from null (pid=1456, uid=1000) to com.safesys.viruskiller/.ScanPackageBroadcast
11-09 01:55:56.986  1456  1456 V BackupManagerConstants: getFullBackupIntervalMilliseconds(...) returns 86400000
11-09 01:55:56.987  1456  1456 V BackupManagerConstants: getFullBackupRequiredNetworkType(...) returns 2
11-09 01:55:56.987  1456  1456 V BackupManagerConstants: getFullBackupRequireCharging(...) returns true
11-09 01:55:56.999  1456  1688 W PackageManager: Failed registering loading progress callback. Package is fully loaded.
11-09 01:55:57.001  1456  1800 E VerityUtils: Failed to measure fs-verity, errno 1: /data/app/~~kzE83bwjuJRrkcwYk79Rxw==/com.evilsunflower.animalpuzzle-h6UTJzbjdBNdCpSqCM1osA==/base.apk
11-09 01:55:57.102  1456  2975 E NotificationService: Package has already queued 5 toasts. Not showing more. Package=cleaner.antivirus
11-09 01:55:57.104  1456  1688 W WindowMagnificationMgr: requestConnection duplicated request: connect=false, mConnectionState=DISCONNECTED
11-09 01:55:57.104  1456  1456 W JobScheduler: Job didn't exist in JobStore: cf6ab0f #u0a195/37 cleaner.antivirus/androidx.work.impl.background.systemjob.SystemJobService
11-09 01:55:57.106  1456  1456 I Telecom : DefaultDialerCache: Refreshing default dialer for user 0: now com.google.android.dialer: DDC.oR@A6Y
11-09 01:55:57.107  1456  4163 W BackupTransportManager: Package com.evilsunflower.animalpuzzle enabled setting: 0
11-09 01:55:57.134  1456  1806 E PackageManager: ERROR: could not load root hash from incremental install
11-09 01:55:57.143  1456  2032 W PackageParsing: Ignoring duplicate uses-permissions/uses-permissions-sdk-m: android.permission.ACCESS_WIFI_STATE in package: io.dcloud.H5BC6BF13 at: Binary XML file line #2
11-09 01:55:57.143  1456  2032 W PackageParsing: Ignoring duplicate uses-permissions/uses-permissions-sdk-m: android.permission.ACCESS_NETWORK_STATE in package: io.dcloud.H5BC6BF13 at: Binary XML file line #2
11-09 01:55:57.143  1456  2032 W PackageParsing: Ignoring duplicate uses-permissions/uses-permissions-sdk-m: android.permission.READ_PHONE_STATE in package: io.dcloud.H5BC6BF13 at: Binary XML file line #2
11-09 01:55:57.148  1456  1806 I PackageManager: Integrity check passed for file:///data/app/vmdl1581855710.tmp
11-09 01:55:57.242  1456  1806 W PackageParsing: Ignoring duplicate uses-permissions/uses-permissions-sdk-m: android.permission.ACCESS_WIFI_STATE in package: io.dcloud.H5BC6BF13 at: Binary XML file line #2
11-09 01:55:57.242  1456  1806 W PackageParsing: Ignoring duplicate uses-permissions/uses-permissions-sdk-m: android.permission.ACCESS_NETWORK_STATE in package: io.dcloud.H5BC6BF13 at: Binary XML file line #2
11-09 01:55:57.242  1456  1806 W PackageParsing: Ignoring duplicate uses-permissions/uses-permissions-sdk-m: android.permission.READ_PHONE_STATE in package: io.dcloud.H5BC6BF13 at: Binary XML file line #2
11-09 01:55:57.330  1456  1672 V StorageManagerService: Package null has legacy storage
11-09 01:55:57.377  1456  5519 D CompatibilityChangeReporter: Compat change id reported: 161252188; UID 10230; state: DISABLED
11-09 01:55:57.459  1456  3725 W AppOps  : setUidMode() called with a mode inconsistent with runtime permission state, this is discouraged and you should revoke the runtime permission instead: uid=10126, switchCode=0, mode=4, permission=android.permission.ACCESS_BACKGROUND_LOCATION
11-09 01:55:57.517  1456  3725 D OomAdjuster: Not killing cached processes
11-09 01:55:57.555  1456  5523 W AppOps  : setUidMode() called with a mode inconsistent with runtime permission state, this is discouraged and you should revoke the runtime permission instead: uid=10126, switchCode=1, mode=4, permission=android.permission.ACCESS_BACKGROUND_LOCATION
11-09 01:55:57.557  1456  3725 W AppOps  : setUidMode() called with a mode inconsistent with runtime permission state, this is discouraged and you should revoke the runtime permission instead: uid=10126, switchCode=0, mode=4, permission=android.permission.ACCESS_BACKGROUND_LOCATION
11-09 01:55:57.630  1456  5523 I ActivityManager: Background started FGS: Allowed [callingPackage: com.google.android.apps.wellbeing; callingUid: 10120; uidState: BFGS; intent: Intent { cmp=com.google.android.apps.wellbeing/com.google.apps.tiktok.concurrent.InternalForegroundService (has extras) }; code:BACKGROUND_ACTIVITY_PERMISSION; tempAllowListReason:<null>; targetSdkVersion:33; callerTargetSdkVersion:33; startForegroundCount:0; bindFromPackage:null]
11-09 01:55:57.682  1456  1806 V BackupManagerService: [UserID:0] restoreAtInstall pkg=io.dcloud.H5BC6BF13 token=29 restoreSet=0
11-09 01:55:57.682  1456  1806 V BackupManagerService: [UserID:0] Finishing install immediately
11-09 01:55:57.685  1456  1806 D PackageInstallerSession: Marking session 1581855710 as applied
11-09 01:55:57.693  1456  1456 I Telecom : DefaultDialerCache: Refreshing default dialer for user 0: now com.google.android.dialer: DDC.oR@A6s
11-09 01:55:57.702  1456  1806 D CompatibilityChangeReporter: Compat change id reported: 168419799; UID 10231; state: DISABLED
11-09 01:55:57.702  1456  1806 D CompatibilityChangeReporter: Compat change id reported: 273564678; UID 10231; state: DISABLED
11-09 01:55:57.706  1456  2907 D CompatibilityChangeReporter: Compat change id reported: 218533173; UID 10231; state: DISABLED
11-09 01:55:57.709  1456  1690 W BroadcastQueue: u0 Receiving a broadcast in packagecom.android.buyer requires a permissions review
11-09 01:55:57.709  1456  1690 W BroadcastQueue: Skipping delivery: permission review required for Intent { act=android.intent.action.PACKAGE_ADDED dat=package: flg=0x4000010 (has extras) } from null (pid=1456, uid=1000) to com.android.buyer/.mRve
11-09 01:55:57.711  1456  1690 W BroadcastQueue: Background execution not allowed: receiving Intent { act=android.intent.action.PACKAGE_ADDED dat=package: flg=0x4000010 (has extras) } to com.google.android.packageinstaller/com.android.packageinstaller.PackageInstalledReceiver
11-09 01:55:57.711  1456  1690 W BroadcastQueue: Background execution not allowed: receiving Intent { act=android.intent.action.PACKAGE_ADDED dat=package: flg=0x4000010 (has extras) } to com.android.vending/com.google.android.finsky.packagemonitor.impl.PackageMonitorReceiverImpl$RegisteredReceiver
11-09 01:55:57.712  1456  1690 W BroadcastQueue: Background execution not allowed: receiving Intent { act=android.intent.action.PACKAGE_ADDED dat=package: flg=0x4000010 (has extras) } to com.android.vending/com.google.android.finsky.packagemonitor.backgroundimpl.BackgroundPackageMonitorReceiverImpl$RegisteredReceiver
11-09 01:55:57.712  1456  1690 W BroadcastQueue: Background execution not allowed: receiving Intent { act=android.intent.action.PACKAGE_ADDED dat=package: flg=0x4000010 (has extras) } to com.google.android.gms/.games.chimera.GamesSystemBroadcastReceiverProxy
11-09 01:55:57.719  1456  1456 I Telecom : DefaultDialerCache: Refreshing default dialer for user 0: now com.google.android.dialer: DDC.oR@A6w
11-09 01:55:57.723  1456  1690 W BroadcastQueue: Background execution not allowed: receiving Intent { act=android.intent.action.PACKAGE_ADDED dat=package: flg=0x4000010 (has extras) } to com.google.android.gms/.gass.chimera.PackageChangeBroadcastReceiver
11-09 01:55:57.736  1456  1690 W BroadcastQueue: Background execution not allowed: receiving Intent { act=android.intent.action.PACKAGE_ADDED dat=package: flg=0x4000010 (has extras) } to com.google.android.gms/.chimera.GmsIntentOperationService$PersistentTrustedReceiver
11-09 01:55:57.736  1456  1690 W BroadcastQueue: Background execution not allowed: receiving Intent { act=android.intent.action.PACKAGE_ADDED dat=package: flg=0x4000010 (has extras) } to com.google.android.googlequicksearchbox/com.google.android.apps.gsa.googlequicksearchbox.GelStubAppWatcher
11-09 01:55:57.736  1456  1690 W BroadcastQueue: u0 Receiving a broadcast in packagecom.games.mengmeizhitd requires a permissions review
11-09 01:55:57.736  1456  1690 W BroadcastQueue: Skipping delivery: permission review required for Intent { act=android.intent.action.PACKAGE_ADDED dat=package: flg=0x4000010 (has extras) } from null (pid=1456, uid=1000) to com.games.mengmeizhitd/hjnw.ihjnw.i.isqly
11-09 01:55:57.736  1456  1690 W BroadcastQueue: u0 Receiving a broadcast in packagecom.qiuqiu.dfmc requires a permissions review
11-09 01:55:57.736  1456  1690 W BroadcastQueue: Skipping delivery: permission review required for Intent { act=android.intent.action.PACKAGE_ADDED dat=package: flg=0x4000010 (has extras) } from null (pid=1456, uid=1000) to com.qiuqiu.dfmc/cn.jpush.android.service.PushReceiver
11-09 01:55:57.737  1456  1690 W BroadcastQueue: u0 Receiving a broadcast in packagecom.safesys.viruskiller requires a permissions review
11-09 01:55:57.737  1456  1690 W BroadcastQueue: Skipping delivery: permission review required for Intent { act=android.intent.action.PACKAGE_ADDED dat=package: flg=0x4000010 (has extras) } from null (pid=1456, uid=1000) to com.safesys.viruskiller/.ScanPackageBroadcast
11-09 01:55:57.753  1456  1456 I Telecom : DefaultDialerCache: Refreshing default dialer for user 0: now com.google.android.dialer: DDC.oR@A60
11-09 01:55:57.762  1456  1800 E VerityUtils: Failed to measure fs-verity, errno 1: /data/app/~~Pm51l6VzFxmEhZuDdUfVpw==/io.dcloud.H5BC6BF13-tjFkaSIdwhdsYFM1TXtjkw==/base.apk
11-09 01:55:57.777  1456  4163 W BackupTransportManager: Package io.dcloud.H5BC6BF13 enabled setting: 0
11-09 01:55:57.830  1456  2975 E NotificationService: Package has already queued 5 toasts. Not showing more. Package=cleaner.antivirus
11-09 01:55:57.831  1456  1688 W WindowMagnificationMgr: requestConnection duplicated request: connect=false, mConnectionState=DISCONNECTED
11-09 01:55:57.837  1456  1456 I NotificationService: Cannot find enqueued record for key: 0|com.google.android.apps.wellbeing|174344743|null|10120
11-09 01:55:57.851  1456  1688 W PackageManager: Failed registering loading progress callback. Package is fully loaded.
11-09 01:55:57.857  1456  1688 W WindowMagnificationMgr: requestConnection duplicated request: connect=false, mConnectionState=DISCONNECTED
11-09 01:55:57.880  1456  1806 E PackageManager: ERROR: could not load root hash from incremental install
11-09 01:55:57.885  1456  4207 D CompatibilityChangeReporter: Compat change id reported: 161252188; UID 10231; state: DISABLED
11-09 01:55:57.898  1456  1806 I PackageManager: Integrity check passed for file:///data/app/vmdl1321605285.tmp
11-09 01:55:57.997  1456  1672 V StorageManagerService: Package null has legacy storage
11-09 01:55:58.134  1456  1806 V BackupManagerService: [UserID:0] restoreAtInstall pkg=com.keji.danti1052 token=2a restoreSet=0
11-09 01:55:58.135  1456  1806 V BackupManagerService: [UserID:0] Finishing install immediately
11-09 01:55:58.137  1456  1806 D PackageInstallerSession: Marking session 1321605285 as applied
11-09 01:55:58.141  1456  1806 D CompatibilityChangeReporter: Compat change id reported: 168419799; UID 10232; state: DISABLED
11-09 01:55:58.141  1456  1806 D CompatibilityChangeReporter: Compat change id reported: 273564678; UID 10232; state: DISABLED
11-09 01:55:58.155  1456  2907 D CompatibilityChangeReporter: Compat change id reported: 218533173; UID 10232; state: DISABLED
11-09 01:55:58.165  1456  3760 W BroadcastQueue: u0 Receiving a broadcast in packagecom.android.buyer requires a permissions review
11-09 01:55:58.166  1456  3760 W BroadcastQueue: Skipping delivery: permission review required for Intent { act=android.intent.action.PACKAGE_ADDED dat=package: flg=0x4000010 (has extras) } from null (pid=1456, uid=1000) to com.android.buyer/.mRve
11-09 01:55:58.169  1456  1688 W WindowMagnificationMgr: requestConnection duplicated request: connect=false, mConnectionState=DISCONNECTED
11-09 01:55:58.175  1456  1456 I Telecom : DefaultDialerCache: Refreshing default dialer for user 0: now com.google.android.dialer: DDC.oR@A7Y
11-09 01:55:58.184  1456  1456 V BackupManagerConstants: getFullBackupIntervalMilliseconds(...) returns 86400000
11-09 01:55:58.184  1456  1456 V BackupManagerConstants: getFullBackupRequiredNetworkType(...) returns 2
11-09 01:55:58.184  1456  1456 V BackupManagerConstants: getFullBackupRequireCharging(...) returns true
11-09 01:55:58.197  1456  1688 W PackageManager: Failed registering loading progress callback. Package is fully loaded.
11-09 01:55:58.204  1456  1690 W BroadcastQueue: Background execution not allowed: receiving Intent { act=android.intent.action.PACKAGE_ADDED dat=package: flg=0x4000010 (has extras) } to com.google.android.packageinstaller/com.android.packageinstaller.PackageInstalledReceiver
11-09 01:55:58.204  1456  1690 W BroadcastQueue: Background execution not allowed: receiving Intent { act=android.intent.action.PACKAGE_ADDED dat=package: flg=0x4000010 (has extras) } to com.android.vending/com.google.android.finsky.packagemonitor.impl.PackageMonitorReceiverImpl$RegisteredReceiver
11-09 01:55:58.204  1456  1690 W BroadcastQueue: Background execution not allowed: receiving Intent { act=android.intent.action.PACKAGE_ADDED dat=package: flg=0x4000010 (has extras) } to com.android.vending/com.google.android.finsky.packagemonitor.backgroundimpl.BackgroundPackageMonitorReceiverImpl$RegisteredReceiver
11-09 01:55:58.204  1456  1690 W BroadcastQueue: Background execution not allowed: receiving Intent { act=android.intent.action.PACKAGE_ADDED dat=package: flg=0x4000010 (has extras) } to com.google.android.gms/.games.chimera.GamesSystemBroadcastReceiverProxy
11-09 01:55:58.204  1456  1690 W BroadcastQueue: Background execution not allowed: receiving Intent { act=android.intent.action.PACKAGE_ADDED dat=package: flg=0x4000010 (has extras) } to com.google.android.gms/.gass.chimera.PackageChangeBroadcastReceiver
11-09 01:55:58.204  1456  1690 W BroadcastQueue: Background execution not allowed: receiving Intent { act=android.intent.action.PACKAGE_ADDED dat=package: flg=0x4000010 (has extras) } to com.google.android.gms/.chimera.GmsIntentOperationService$PersistentTrustedReceiver
11-09 01:55:58.204  1456  1690 W BroadcastQueue: Background execution not allowed: receiving Intent { act=android.intent.action.PACKAGE_ADDED dat=package: flg=0x4000010 (has extras) } to com.google.android.googlequicksearchbox/com.google.android.apps.gsa.googlequicksearchbox.GelStubAppWatcher
11-09 01:55:58.204  1456  1690 W BroadcastQueue: u0 Receiving a broadcast in packagecom.games.mengmeizhitd requires a permissions review
11-09 01:55:58.204  1456  1690 W BroadcastQueue: Skipping delivery: permission review required for Intent { act=android.intent.action.PACKAGE_ADDED dat=package: flg=0x4000010 (has extras) } from null (pid=1456, uid=1000) to com.games.mengmeizhitd/hjnw.ihjnw.i.isqly
11-09 01:55:58.204  1456  1690 W BroadcastQueue: u0 Receiving a broadcast in packagecom.qiuqiu.dfmc requires a permissions review
11-09 01:55:58.204  1456  1690 W BroadcastQueue: Skipping delivery: permission review required for Intent { act=android.intent.action.PACKAGE_ADDED dat=package: flg=0x4000010 (has extras) } from null (pid=1456, uid=1000) to com.qiuqiu.dfmc/cn.jpush.android.service.PushReceiver
11-09 01:55:58.204  1456  1690 W BroadcastQueue: u0 Receiving a broadcast in packagecom.safesys.viruskiller requires a permissions review
11-09 01:55:58.204  1456  1690 W BroadcastQueue: Skipping delivery: permission review required for Intent { act=android.intent.action.PACKAGE_ADDED dat=package: flg=0x4000010 (has extras) } from null (pid=1456, uid=1000) to com.safesys.viruskiller/.ScanPackageBroadcast
11-09 01:55:58.204  1456  1690 W BroadcastQueue: u0 Receiving a broadcast in packageio.dcloud.H5BC6BF13 requires a permissions review
11-09 01:55:58.204  1456  1690 W BroadcastQueue: Skipping delivery: permission review required for Intent { act=android.intent.action.PACKAGE_ADDED dat=package: flg=0x4000010 (has extras) } from null (pid=1456, uid=1000) to io.dcloud.H5BC6BF13/io.dcloud.common.adapter.io.DownloadReceiver
11-09 01:55:58.234  1456  5524 E NotificationService: Package has already queued 5 toasts. Not showing more. Package=cleaner.antivirus
11-09 01:55:58.249  1456  1456 I Telecom : DefaultDialerCache: Refreshing default dialer for user 0: now com.google.android.dialer: DDC.oR@A7k
11-09 01:55:58.250  1456  4163 W BackupTransportManager: Package com.keji.danti1052 enabled setting: 0
11-09 01:55:58.256  1456  1688 W WindowMagnificationMgr: requestConnection duplicated request: connect=false, mConnectionState=DISCONNECTED
11-09 01:55:58.381  1456  1800 E VerityUtils: Failed to measure fs-verity, errno 1: /data/app/~~vWOYvY-97y_UU3jhqw-H2g==/com.keji.danti1052-5zwsdtND_NZO6TOGMF6f0A==/base.apk
11-09 01:55:58.420  1456  1672 W Looper  : Slow delivery took 206ms android.fg h=android.os.Handler c=<recycled PooledLambda@5e1e12d> m=0
11-09 01:55:58.420  1456  5522 D CompatibilityChangeReporter: Compat change id reported: 161252188; UID 10232; state: DISABLED
11-09 01:55:58.438  1456  1672 W Looper  : Drained
11-09 01:55:58.509  1456  5524 W AppOps  : setUidMode() called with a mode inconsistent with runtime permission state, this is discouraged and you should revoke the runtime permission instead: uid=10126, switchCode=0, mode=4, permission=android.permission.ACCESS_BACKGROUND_LOCATION
11-09 01:55:58.604  1456  5536 W AppOps  : setUidMode() called with a mode inconsistent with runtime permission state, this is discouraged and you should revoke the runtime permission instead: uid=10126, switchCode=1, mode=4, permission=android.permission.ACCESS_BACKGROUND_LOCATION
11-09 01:55:58.605  1456  5535 W AppOps  : setUidMode() called with a mode inconsistent with runtime permission state, this is discouraged and you should revoke the runtime permission instead: uid=10126, switchCode=0, mode=4, permission=android.permission.ACCESS_BACKGROUND_LOCATION
11-09 01:55:58.717  1456  1456 I Telecom : DefaultDialerCache: Refreshing default dialer for user 0: now com.google.android.dialer: DDC.oR@A74
11-09 01:55:59.068  1456  1806 E PackageManager: ERROR: could not load root hash from incremental install
11-09 01:55:59.076  1456  2032 W PackageParsing: Ignoring duplicate uses-permissions/uses-permissions-sdk-m: android.permission.INTERNET in package: com.uc108.mobile.sdgj.bd1 at: Binary XML file line #25
11-09 01:55:59.076  1456  2032 W PackageParsing: Ignoring duplicate uses-permissions/uses-permissions-sdk-m: android.permission.READ_PHONE_STATE in package: com.uc108.mobile.sdgj.bd1 at: Binary XML file line #26
11-09 01:55:59.076  1456  2032 W PackageParsing: Ignoring duplicate uses-permissions/uses-permissions-sdk-m: android.permission.ACCESS_WIFI_STATE in package: com.uc108.mobile.sdgj.bd1 at: Binary XML file line #27
11-09 01:55:59.076  1456  2032 W PackageParsing: Ignoring duplicate uses-permissions/uses-permissions-sdk-m: android.permission.ACCESS_NETWORK_STATE in package: com.uc108.mobile.sdgj.bd1 at: Binary XML file line #28
11-09 01:55:59.076  1456  2032 W PackageParsing: Ignoring duplicate uses-permissions/uses-permissions-sdk-m: android.permission.BROADCAST_STICKY in package: com.uc108.mobile.sdgj.bd1 at: Binary XML file line #31
11-09 01:55:59.076  1456  2032 W PackageParsing: Ignoring duplicate uses-permissions/uses-permissions-sdk-m: android.permission.WRITE_SETTINGS in package: com.uc108.mobile.sdgj.bd1 at: Binary XML file line #32
11-09 01:55:59.076  1456  2032 W PackageParsing: Ignoring duplicate uses-permissions/uses-permissions-sdk-m: android.permission.WRITE_EXTERNAL_STORAGE in package: com.uc108.mobile.sdgj.bd1 at: Binary XML file line #34
11-09 01:55:59.076  1456  2032 W PackageParsing: Ignoring duplicate uses-permissions/uses-permissions-sdk-m: android.permission.WAKE_LOCK in package: com.uc108.mobile.sdgj.bd1 at: Binary XML file line #35
11-09 01:55:59.076  1456  2032 W PackageParsing: Ignoring duplicate uses-permissions/uses-permissions-sdk-m: android.permission.VIBRATE in package: com.uc108.mobile.sdgj.bd1 at: Binary XML file line #39
11-09 01:55:59.076  1456  2032 W PackageParsing: Ignoring duplicate uses-permissions/uses-permissions-sdk-m: android.permission.ACCESS_NETWORK_STATE in package: com.uc108.mobile.sdgj.bd1 at: Binary XML file line #46
11-09 01:55:59.076  1456  2032 W PackageParsing: Ignoring duplicate uses-permissions/uses-permissions-sdk-m: android.permission.ACCESS_WIFI_STATE in package: com.uc108.mobile.sdgj.bd1 at: Binary XML file line #47
11-09 01:55:59.076  1456  2032 W PackageParsing: Ignoring duplicate uses-permissions/uses-permissions-sdk-m: android.permission.READ_PHONE_STATE in package: com.uc108.mobile.sdgj.bd1 at: Binary XML file line #48
11-09 01:55:59.076  1456  2032 W PackageParsing: Ignoring duplicate uses-permissions/uses-permissions-sdk-m: android.permission.WRITE_SETTINGS in package: com.uc108.mobile.sdgj.bd1 at: Binary XML file line #49
11-09 01:55:59.076  1456  2032 W PackageParsing: Ignoring duplicate uses-permissions/uses-permissions-sdk-m: android.permission.WRITE_EXTERNAL_STORAGE in package: com.uc108.mobile.sdgj.bd1 at: Binary XML file line #50
11-09 01:55:59.076  1456  2032 W PackageParsing: Ignoring duplicate uses-permissions/uses-permissions-sdk-m: android.permission.INTERNET in package: com.uc108.mobile.sdgj.bd1 at: Binary XML file line #51
11-09 01:55:59.076  1456  2032 W PackageParsing: Ignoring duplicate uses-permissions/uses-permissions-sdk-m: android.permission.GET_TASKS in package: com.uc108.mobile.sdgj.bd1 at: Binary XML file line #52
11-09 01:55:59.076  1456  2032 W PackageParsing: Ignoring duplicate uses-permissions/uses-permissions-sdk-m: android.permission.ACCESS_COARSE_LOCATION in package: com.uc108.mobile.sdgj.bd1 at: Binary XML file line #56
11-09 01:55:59.076  1456  2032 W PackageParsing: Ignoring duplicate uses-permissions/uses-permissions-sdk-m: android.permission.RECEIVE_BOOT_COMPLETED in package: com.uc108.mobile.sdgj.bd1 at: Binary XML file line #63
11-09 01:55:59.076  1456  2032 W PackageParsing: Ignoring duplicate uses-permissions/uses-permissions-sdk-m: android.permission.VIBRATE in package: com.uc108.mobile.sdgj.bd1 at: Binary XML file line #64
11-09 01:55:59.076  1456  2032 W PackageParsing: Ignoring duplicate uses-permissions/uses-permissions-sdk-m: android.permission.BROADCAST_STICKY in package: com.uc108.mobile.sdgj.bd1 at: Binary XML file line #70
11-09 01:55:59.076  1456  2032 W PackageParsing: Ignoring duplicate uses-permissions/uses-permissions-sdk-m: android.permission.WAKE_LOCK in package: com.uc108.mobile.sdgj.bd1 at: Binary XML file line #76
11-09 01:55:59.076  1456  2032 W PackageParsing: Ignoring duplicate uses-permissions/uses-permissions-sdk-m: android.permission.ACCESS_COARSE_LOCATION in package: com.uc108.mobile.sdgj.bd1 at: Binary XML file line #77
11-09 01:55:59.077  1456  2032 D CompatibilityChangeReporter: Compat change id reported: 151163173; UID -1; state: DISABLED
11-09 01:55:59.078  1456  2032 W PackageParsing: No actions in intent-filter at /data/app/vmdl1091412593.tmp/base.apk Binary XML file line #482
11-09 01:55:59.078  1456  2032 W PackageParsing: No actions in intent-filter at /data/app/vmdl1091412593.tmp/base.apk Binary XML file line #489
11-09 01:55:59.078  1456  2032 W PackageParsing: No actions in intent-filter at /data/app/vmdl1091412593.tmp/base.apk Binary XML file line #496
11-09 01:55:59.078  1456  2032 W PackageParsing: No actions in intent-filter at /data/app/vmdl1091412593.tmp/base.apk Binary XML file line #503
11-09 01:55:59.078  1456  2032 W PackageParsing: No actions in intent-filter at /data/app/vmdl1091412593.tmp/base.apk Binary XML file line #510
11-09 01:55:59.078  1456  2032 W PackageParsing: No actions in intent-filter at /data/app/vmdl1091412593.tmp/base.apk Binary XML file line #527
11-09 01:55:59.078  1456  2032 W PackageParsing: No actions in intent-filter at /data/app/vmdl1091412593.tmp/base.apk Binary XML file line #534
11-09 01:55:59.078  1456  2032 W PackageParsing: No actions in intent-filter at /data/app/vmdl1091412593.tmp/base.apk Binary XML file line #541
11-09 01:55:59.078  1456  2032 W PackageParsing: No actions in intent-filter at /data/app/vmdl1091412593.tmp/base.apk Binary XML file line #549
11-09 01:55:59.078  1456  2032 W PackageParsing: No actions in intent-filter at /data/app/vmdl1091412593.tmp/base.apk Binary XML file line #557
11-09 01:55:59.078  1456  2032 W PackageParsing: No actions in intent-filter at /data/app/vmdl1091412593.tmp/base.apk Binary XML file line #565
11-09 01:55:59.078  1456  2032 W PackageParsing: No actions in intent-filter at /data/app/vmdl1091412593.tmp/base.apk Binary XML file line #573
11-09 01:55:59.079  1456  2032 W PackageParsing: No actions in intent-filter at /data/app/vmdl1091412593.tmp/base.apk Binary XML file line #581
11-09 01:55:59.079  1456  2032 W PackageParsing: No actions in intent-filter at /data/app/vmdl1091412593.tmp/base.apk Binary XML file line #588
11-09 01:55:59.079  1456  2032 W PackageParsing: No actions in intent-filter at /data/app/vmdl1091412593.tmp/base.apk Binary XML file line #595
11-09 01:55:59.079  1456  2032 W PackageParsing: No actions in intent-filter at /data/app/vmdl1091412593.tmp/base.apk Binary XML file line #602
11-09 01:55:59.079  1456  2032 W PackageParsing: No actions in intent-filter at /data/app/vmdl1091412593.tmp/base.apk Binary XML file line #609
11-09 01:55:59.079  1456  2032 W PackageParsing: No actions in intent-filter at /data/app/vmdl1091412593.tmp/base.apk Binary XML file line #615
11-09 01:55:59.106  1456  1806 I PackageManager: Integrity check passed for file:///data/app/vmdl1091412593.tmp
11-09 01:55:59.115  1456  1806 W PackageParsing: Ignoring duplicate uses-permissions/uses-permissions-sdk-m: android.permission.INTERNET in package: com.uc108.mobile.sdgj.bd1 at: Binary XML file line #25
11-09 01:55:59.115  1456  1806 W PackageParsing: Ignoring duplicate uses-permissions/uses-permissions-sdk-m: android.permission.READ_PHONE_STATE in package: com.uc108.mobile.sdgj.bd1 at: Binary XML file line #26
11-09 01:55:59.115  1456  1806 W PackageParsing: Ignoring duplicate uses-permissions/uses-permissions-sdk-m: android.permission.ACCESS_WIFI_STATE in package: com.uc108.mobile.sdgj.bd1 at: Binary XML file line #27
11-09 01:55:59.115  1456  1806 W PackageParsing: Ignoring duplicate uses-permissions/uses-permissions-sdk-m: android.permission.ACCESS_NETWORK_STATE in package: com.uc108.mobile.sdgj.bd1 at: Binary XML file line #28
11-09 01:55:59.115  1456  1806 W PackageParsing: Ignoring duplicate uses-permissions/uses-permissions-sdk-m: android.permission.BROADCAST_STICKY in package: com.uc108.mobile.sdgj.bd1 at: Binary XML file line #31
11-09 01:55:59.115  1456  1806 W PackageParsing: Ignoring duplicate uses-permissions/uses-permissions-sdk-m: android.permission.WRITE_SETTINGS in package: com.uc108.mobile.sdgj.bd1 at: Binary XML file line #32
11-09 01:55:59.115  1456  1806 W PackageParsing: Ignoring duplicate uses-permissions/uses-permissions-sdk-m: android.permission.WRITE_EXTERNAL_STORAGE in package: com.uc108.mobile.sdgj.bd1 at: Binary XML file line #34
11-09 01:55:59.115  1456  1806 W PackageParsing: Ignoring duplicate uses-permissions/uses-permissions-sdk-m: android.permission.WAKE_LOCK in package: com.uc108.mobile.sdgj.bd1 at: Binary XML file line #35
11-09 01:55:59.115  1456  1806 W PackageParsing: Ignoring duplicate uses-permissions/uses-permissions-sdk-m: android.permission.VIBRATE in package: com.uc108.mobile.sdgj.bd1 at: Binary XML file line #39
11-09 01:55:59.115  1456  1806 W PackageParsing: Ignoring duplicate uses-permissions/uses-permissions-sdk-m: android.permission.ACCESS_NETWORK_STATE in package: com.uc108.mobile.sdgj.bd1 at: Binary XML file line #46
11-09 01:55:59.116  1456  1806 W PackageParsing: Ignoring duplicate uses-permissions/uses-permissions-sdk-m: android.permission.ACCESS_WIFI_STATE in package: com.uc108.mobile.sdgj.bd1 at: Binary XML file line #47
11-09 01:55:59.116  1456  1806 W PackageParsing: Ignoring duplicate uses-permissions/uses-permissions-sdk-m: android.permission.READ_PHONE_STATE in package: com.uc108.mobile.sdgj.bd1 at: Binary XML file line #48
11-09 01:55:59.116  1456  1806 W PackageParsing: Ignoring duplicate uses-permissions/uses-permissions-sdk-m: android.permission.WRITE_SETTINGS in package: com.uc108.mobile.sdgj.bd1 at: Binary XML file line #49
11-09 01:55:59.116  1456  1806 W PackageParsing: Ignoring duplicate uses-permissions/uses-permissions-sdk-m: android.permission.WRITE_EXTERNAL_STORAGE in package: com.uc108.mobile.sdgj.bd1 at: Binary XML file line #50
11-09 01:55:59.116  1456  1806 W PackageParsing: Ignoring duplicate uses-permissions/uses-permissions-sdk-m: android.permission.INTERNET in package: com.uc108.mobile.sdgj.bd1 at: Binary XML file line #51
11-09 01:55:59.116  1456  1806 W PackageParsing: Ignoring duplicate uses-permissions/uses-permissions-sdk-m: android.permission.GET_TASKS in package: com.uc108.mobile.sdgj.bd1 at: Binary XML file line #52
11-09 01:55:59.116  1456  1806 W PackageParsing: Ignoring duplicate uses-permissions/uses-permissions-sdk-m: android.permission.ACCESS_COARSE_LOCATION in package: com.uc108.mobile.sdgj.bd1 at: Binary XML file line #56
11-09 01:55:59.116  1456  1806 W PackageParsing: Ignoring duplicate uses-permissions/uses-permissions-sdk-m: android.permission.RECEIVE_BOOT_COMPLETED in package: com.uc108.mobile.sdgj.bd1 at: Binary XML file line #63
11-09 01:55:59.116  1456  1806 W PackageParsing: Ignoring duplicate uses-permissions/uses-permissions-sdk-m: android.permission.VIBRATE in package: com.uc108.mobile.sdgj.bd1 at: Binary XML file line #64
11-09 01:55:59.116  1456  1806 W PackageParsing: Ignoring duplicate uses-permissions/uses-permissions-sdk-m: android.permission.BROADCAST_STICKY in package: com.uc108.mobile.sdgj.bd1 at: Binary XML file line #70
11-09 01:55:59.116  1456  1806 W PackageParsing: Ignoring duplicate uses-permissions/uses-permissions-sdk-m: android.permission.WAKE_LOCK in package: com.uc108.mobile.sdgj.bd1 at: Binary XML file line #76
11-09 01:55:59.116  1456  1806 W PackageParsing: Ignoring duplicate uses-permissions/uses-permissions-sdk-m: android.permission.ACCESS_COARSE_LOCATION in package: com.uc108.mobile.sdgj.bd1 at: Binary XML file line #77
11-09 01:55:59.119  1456  1806 W PackageParsing: No actions in intent-filter at /data/app/vmdl1091412593.tmp/base.apk Binary XML file line #482
11-09 01:55:59.119  1456  1806 W PackageParsing: No actions in intent-filter at /data/app/vmdl1091412593.tmp/base.apk Binary XML file line #489
11-09 01:55:59.119  1456  1806 W PackageParsing: No actions in intent-filter at /data/app/vmdl1091412593.tmp/base.apk Binary XML file line #496
11-09 01:55:59.119  1456  1806 W PackageParsing: No actions in intent-filter at /data/app/vmdl1091412593.tmp/base.apk Binary XML file line #503
11-09 01:55:59.119  1456  1806 W PackageParsing: No actions in intent-filter at /data/app/vmdl1091412593.tmp/base.apk Binary XML file line #510
11-09 01:55:59.119  1456  1806 W PackageParsing: No actions in intent-filter at /data/app/vmdl1091412593.tmp/base.apk Binary XML file line #527
11-09 01:55:59.120  1456  1806 W PackageParsing: No actions in intent-filter at /data/app/vmdl1091412593.tmp/base.apk Binary XML file line #534
11-09 01:55:59.120  1456  1806 W PackageParsing: No actions in intent-filter at /data/app/vmdl1091412593.tmp/base.apk Binary XML file line #541
11-09 01:55:59.120  1456  1806 W PackageParsing: No actions in intent-filter at /data/app/vmdl1091412593.tmp/base.apk Binary XML file line #549
11-09 01:55:59.120  1456  1806 W PackageParsing: No actions in intent-filter at /data/app/vmdl1091412593.tmp/base.apk Binary XML file line #557
11-09 01:55:59.120  1456  1806 W PackageParsing: No actions in intent-filter at /data/app/vmdl1091412593.tmp/base.apk Binary XML file line #565
11-09 01:55:59.120  1456  1806 W PackageParsing: No actions in intent-filter at /data/app/vmdl1091412593.tmp/base.apk Binary XML file line #573
11-09 01:55:59.120  1456  1806 W PackageParsing: No actions in intent-filter at /data/app/vmdl1091412593.tmp/base.apk Binary XML file line #581
11-09 01:55:59.120  1456  1806 W PackageParsing: No actions in intent-filter at /data/app/vmdl1091412593.tmp/base.apk Binary XML file line #588
11-09 01:55:59.120  1456  1806 W PackageParsing: No actions in intent-filter at /data/app/vmdl1091412593.tmp/base.apk Binary XML file line #595
11-09 01:55:59.120  1456  1806 W PackageParsing: No actions in intent-filter at /data/app/vmdl1091412593.tmp/base.apk Binary XML file line #602
11-09 01:55:59.120  1456  1806 W PackageParsing: No actions in intent-filter at /data/app/vmdl1091412593.tmp/base.apk Binary XML file line #609
11-09 01:55:59.120  1456  1806 W PackageParsing: No actions in intent-filter at /data/app/vmdl1091412593.tmp/base.apk Binary XML file line #615
11-09 01:55:59.222  1456  1672 V StorageManagerService: Package null has legacy storage
11-09 01:55:59.281  1456  1589 W AppOps  : setUidMode() called with a mode inconsistent with runtime permission state, this is discouraged and you should revoke the runtime permission instead: uid=10126, switchCode=0, mode=4, permission=android.permission.ACCESS_BACKGROUND_LOCATION
11-09 01:55:59.328  1456  1589 W AppOps  : setUidMode() called with a mode inconsistent with runtime permission state, this is discouraged and you should revoke the runtime permission instead: uid=10126, switchCode=1, mode=4, permission=android.permission.ACCESS_BACKGROUND_LOCATION
11-09 01:55:59.330  1456  5535 W AppOps  : setUidMode() called with a mode inconsistent with runtime permission state, this is discouraged and you should revoke the runtime permission instead: uid=10126, switchCode=0, mode=4, permission=android.permission.ACCESS_BACKGROUND_LOCATION
11-09 01:55:59.550  1456  5550 D CoreBackPreview: Window{1a58659 u0 Toast}: Setting back callback null
