--------- beginning of system
11-09 21:39:36.568  1456  1688 W BroadcastQueue: Background execution not allowed: receiving Intent { act=android.intent.action.PACKAGE_ADDED dat=package: flg=0x4000010 (has extras) } to com.android.vending/com.google.android.finsky.packagemonitor.impl.PackageMonitorReceiverImpl$RegisteredReceiver
11-09 21:39:36.568  1456  1688 W BroadcastQueue: Background execution not allowed: receiving Intent { act=android.intent.action.PACKAGE_ADDED dat=package: flg=0x4000010 (has extras) } to com.android.vending/com.google.android.finsky.packagemonitor.backgroundimpl.BackgroundPackageMonitorReceiverImpl$RegisteredReceiver
11-09 21:39:36.568  1456  1688 W BroadcastQueue: Background execution not allowed: receiving Intent { act=android.intent.action.PACKAGE_ADDED dat=package: flg=0x4000010 (has extras) } to com.google.android.gms/.games.chimera.GamesSystemBroadcastReceiverProxy
11-09 21:39:36.568  1456  1688 W BroadcastQueue: Background execution not allowed: receiving Intent { act=android.intent.action.PACKAGE_ADDED dat=package: flg=0x4000010 (has extras) } to com.google.android.gms/.gass.chimera.PackageChangeBroadcastReceiver
11-09 21:39:36.568  1456  1688 W BroadcastQueue: Background execution not allowed: receiving Intent { act=android.intent.action.PACKAGE_ADDED dat=package: flg=0x4000010 (has extras) } to com.google.android.gms/.chimera.GmsIntentOperationService$PersistentTrustedReceiver
11-09 21:39:36.568  1456  1688 W BroadcastQueue: Background execution not allowed: receiving Intent { act=android.intent.action.PACKAGE_ADDED dat=package: flg=0x4000010 (has extras) } to com.google.android.googlequicksearchbox/com.google.android.apps.gsa.googlequicksearchbox.GelStubAppWatcher
11-09 21:39:36.572  1456  1688 W BroadcastQueue: u0 Receiving a broadcast in packagecom.qiuqiu.dfmc requires a permissions review
11-09 21:39:36.572  1456  1688 W BroadcastQueue: Skipping delivery: permission review required for Intent { act=android.intent.action.PACKAGE_ADDED dat=package: flg=0x4000010 (has extras) } from null (pid=1456, uid=1000) to com.qiuqiu.dfmc/cn.jpush.android.service.PushReceiver
11-09 21:39:36.572  1456  1688 W BroadcastQueue: u0 Receiving a broadcast in packagecom.safesys.viruskiller requires a permissions review
11-09 21:39:36.572  1456  1688 W BroadcastQueue: Skipping delivery: permission review required for Intent { act=android.intent.action.PACKAGE_ADDED dat=package: flg=0x4000010 (has extras) } from null (pid=1456, uid=1000) to com.safesys.viruskiller/.ScanPackageBroadcast
11-09 21:39:36.590  1456  1992 D CompatibilityChangeReporter: Compat change id reported: 218533173; UID 10224; state: DISABLED
11-09 21:39:36.591  1456  1456 I Telecom : DefaultDialerCache: Refreshing default dialer for user 0: now com.google.android.dialer: DDC.oR@Azo
11-09 21:39:36.592  1456  4172 W BackupTransportManager: Package com.keji.danti424 enabled setting: 0
11-09 21:39:36.611  1456  1687 W PackageManager: Failed registering loading progress callback. Package is fully loaded.
11-09 21:39:36.616  1456  1837 E VerityUtils: Failed to measure fs-verity, errno 1: /data/app/~~zhLlSxwfpZtnTNF_g2tNKg==/com.keji.danti424-Waa1tB2N2fiRjPzPcrWxHQ==/base.apk
11-09 21:39:36.621  1456  1687 W WindowMagnificationMgr: requestConnection duplicated request: connect=false, mConnectionState=DISCONNECTED
11-09 21:39:36.630  1456  5468 D CompatibilityChangeReporter: Compat change id reported: 161252188; UID 10224; state: DISABLED
11-09 21:39:36.698  1456  1841 E PackageManager: ERROR: could not load root hash from incremental install
11-09 21:39:36.731  1456  1841 I PackageManager: Integrity check passed for file:///data/app/vmdl1370629648.tmp
11-09 21:39:36.814  1456  1674 V StorageManagerService: Package null has legacy storage
11-09 21:39:36.940  1456  1841 V BackupManagerService: [UserID:0] restoreAtInstall pkg=com.keji.danti672 token=23 restoreSet=0
11-09 21:39:36.940  1456  1841 V BackupManagerService: [UserID:0] Finishing install immediately
11-09 21:39:36.941  1456  1841 D PackageInstallerSession: Marking session 1370629648 as applied
11-09 21:39:36.947  1456  1841 D CompatibilityChangeReporter: Compat change id reported: 168419799; UID 10225; state: DISABLED
11-09 21:39:36.947  1456  1841 D CompatibilityChangeReporter: Compat change id reported: 273564678; UID 10225; state: DISABLED
11-09 21:39:36.956  1456  1456 I Telecom : DefaultDialerCache: Refreshing default dialer for user 0: now com.google.android.dialer: DDC.oR@Az0
11-09 21:39:36.958  1456  1688 W BroadcastQueue: u0 Receiving a broadcast in packagecom.android.buyer requires a permissions review
11-09 21:39:36.958  1456  1688 W BroadcastQueue: Skipping delivery: permission review required for Intent { act=android.intent.action.PACKAGE_ADDED dat=package: flg=0x4000010 (has extras) } from null (pid=1456, uid=1000) to com.android.buyer/.mRve
11-09 21:39:36.959  1456  1688 W BroadcastQueue: Background execution not allowed: receiving Intent { act=android.intent.action.PACKAGE_ADDED dat=package: flg=0x4000010 (has extras) } to com.google.android.packageinstaller/com.android.packageinstaller.PackageInstalledReceiver
11-09 21:39:36.959  1456  1688 W BroadcastQueue: Background execution not allowed: receiving Intent { act=android.intent.action.PACKAGE_ADDED dat=package: flg=0x4000010 (has extras) } to com.trendmicro.tmmspersonal/com.trendmicro.android.base.util.PackageListReceiver
11-09 21:39:36.959  1456  1688 W BroadcastQueue: Background execution not allowed: receiving Intent { act=android.intent.action.PACKAGE_ADDED dat=package: flg=0x4000010 (has extras) } to com.android.vending/com.google.android.finsky.packagemonitor.impl.PackageMonitorReceiverImpl$RegisteredReceiver
11-09 21:39:36.959  1456  1688 W BroadcastQueue: Background execution not allowed: receiving Intent { act=android.intent.action.PACKAGE_ADDED dat=package: flg=0x4000010 (has extras) } to com.android.vending/com.google.android.finsky.packagemonitor.backgroundimpl.BackgroundPackageMonitorReceiverImpl$RegisteredReceiver
11-09 21:39:36.959  1456  1688 W BroadcastQueue: Background execution not allowed: receiving Intent { act=android.intent.action.PACKAGE_ADDED dat=package: flg=0x4000010 (has extras) } to com.google.android.gms/.games.chimera.GamesSystemBroadcastReceiverProxy
11-09 21:39:36.959  1456  1688 W BroadcastQueue: Background execution not allowed: receiving Intent { act=android.intent.action.PACKAGE_ADDED dat=package: flg=0x4000010 (has extras) } to com.google.android.gms/.gass.chimera.PackageChangeBroadcastReceiver
11-09 21:39:36.959  1456  1688 W BroadcastQueue: Background execution not allowed: receiving Intent { act=android.intent.action.PACKAGE_ADDED dat=package: flg=0x4000010 (has extras) } to com.google.android.gms/.chimera.GmsIntentOperationService$PersistentTrustedReceiver
11-09 21:39:36.959  1456  1688 W BroadcastQueue: Background execution not allowed: receiving Intent { act=android.intent.action.PACKAGE_ADDED dat=package: flg=0x4000010 (has extras) } to com.google.android.googlequicksearchbox/com.google.android.apps.gsa.googlequicksearchbox.GelStubAppWatcher
11-09 21:39:36.959  1456  1688 W BroadcastQueue: u0 Receiving a broadcast in packagecom.qiuqiu.dfmc requires a permissions review
11-09 21:39:36.959  1456  1688 W BroadcastQueue: Skipping delivery: permission review required for Intent { act=android.intent.action.PACKAGE_ADDED dat=package: flg=0x4000010 (has extras) } from null (pid=1456, uid=1000) to com.qiuqiu.dfmc/cn.jpush.android.service.PushReceiver
11-09 21:39:36.960  1456  1688 W BroadcastQueue: u0 Receiving a broadcast in packagecom.safesys.viruskiller requires a permissions review
11-09 21:39:36.960  1456  1688 W BroadcastQueue: Skipping delivery: permission review required for Intent { act=android.intent.action.PACKAGE_ADDED dat=package: flg=0x4000010 (has extras) } from null (pid=1456, uid=1000) to com.safesys.viruskiller/.ScanPackageBroadcast
11-09 21:39:36.964  1456  1456 V BackupManagerConstants: getFullBackupIntervalMilliseconds(...) returns 86400000
11-09 21:39:36.964  1456  1456 V BackupManagerConstants: getFullBackupRequiredNetworkType(...) returns 2
11-09 21:39:36.964  1456  1456 V BackupManagerConstants: getFullBackupRequireCharging(...) returns true
11-09 21:39:36.985  1456  1992 D CompatibilityChangeReporter: Compat change id reported: 218533173; UID 10225; state: DISABLED
11-09 21:39:36.989  1456  1456 I Telecom : DefaultDialerCache: Refreshing default dialer for user 0: now com.google.android.dialer: DDC.oR@Az4
11-09 21:39:36.999  1456  1687 W WindowMagnificationMgr: requestConnection duplicated request: connect=false, mConnectionState=DISCONNECTED
11-09 21:39:37.002  1456  5468 I ActivityTaskManager: START u0 {flg=0x14800000 cmp=com.trendmicro.tmmspersonal/com.trendmicro.tmmssuite.antimalware.scan.RealtimeAlert (has extras)} from uid 10195
11-09 21:39:37.006  1456  4172 W BackupTransportManager: Package com.keji.danti672 enabled setting: 0
11-09 21:39:37.018  1456  5217 W ActivityTaskManager: Tried to set launchTime (0) < mLastActivityLaunchTime (760068)
11-09 21:39:37.045  1456  3211 D CoreBackPreview: Window{74263a4 u0 com.trendmicro.tmmspersonal/com.trendmicro.tmmssuite.antimalware.scan.RealtimeAlert}: Setting back callback OnBackInvokedCallbackInfo{mCallback=android.window.IOnBackInvokedCallback$Stub$Proxy@1350ad3, mPriority=0}
11-09 21:39:37.046  1456  1837 E VerityUtils: Failed to measure fs-verity, errno 1: /data/app/~~llBl47lER0tnr2VqotYjFA==/com.keji.danti672-L8Sjz8RgSVEpou66Iu4oig==/base.apk
11-09 21:39:37.056  1456  5584 D CompatibilityChangeReporter: Compat change id reported: 161252188; UID 10225; state: DISABLED
11-09 21:39:37.089  1456  5594 D CoreBackPreview: Window{e56c1a6 u0 com.trendmicro.tmmspersonal/com.trendmicro.tmmssuite.antimalware.scan.RealtimeAlert}: Setting back callback null
11-09 21:39:37.134  1456  1841 E PackageManager: ERROR: could not load root hash from incremental install
11-09 21:39:37.152  1456  1841 I PackageManager: Integrity check passed for file:///data/app/vmdl681711144.tmp
11-09 21:39:37.153  1456  1687 W PackageManager: Failed registering loading progress callback. Package is fully loaded.
11-09 21:39:37.160  1456  1687 W WindowMagnificationMgr: requestConnection duplicated request: connect=false, mConnectionState=DISCONNECTED
11-09 21:39:37.253  1456  1674 V StorageManagerService: Package null has legacy storage
11-09 21:39:37.415  1456  1841 V BackupManagerService: [UserID:0] restoreAtInstall pkg=android.dds.com token=24 restoreSet=0
11-09 21:39:37.415  1456  1841 V BackupManagerService: [UserID:0] Finishing install immediately
11-09 21:39:37.429  1456  1841 D PackageInstallerSession: Marking session 681711144 as applied
11-09 21:39:37.431  1456  1841 D CompatibilityChangeReporter: Compat change id reported: 168419799; UID 10226; state: DISABLED
11-09 21:39:37.431  1456  1841 D CompatibilityChangeReporter: Compat change id reported: 273564678; UID 10226; state: DISABLED
11-09 21:39:37.442  1456  5586 I ActivityTaskManager: START u0 {flg=0x14800000 cmp=com.trendmicro.tmmspersonal/com.trendmicro.tmmssuite.antimalware.scan.RealtimeAlert4PUA (has extras)} from uid 10195
11-09 21:39:37.446  1456  1456 I Telecom : DefaultDialerCache: Refreshing default dialer for user 0: now com.google.android.dialer: DDC.oR@A0E
11-09 21:39:37.458  1456  1456 V BackupManagerConstants: getFullBackupIntervalMilliseconds(...) returns 86400000
11-09 21:39:37.459  1456  1456 V BackupManagerConstants: getFullBackupRequiredNetworkType(...) returns 2
11-09 21:39:37.459  1456  1456 V BackupManagerConstants: getFullBackupRequireCharging(...) returns true
11-09 21:39:37.461  1456  5468 W ActivityTaskManager: Tried to set launchTime (0) < mLastActivityLaunchTime (761132)
11-09 21:39:37.464  1456  5584 I ActivityManager: updateOomAdj start time is before than pendingPid added, don't delete it
11-09 21:39:37.466  1456  5594 W BroadcastQueue: u0 Receiving a broadcast in packagecom.android.buyer requires a permissions review
11-09 21:39:37.466  1456  5594 W BroadcastQueue: Skipping delivery: permission review required for Intent { act=android.intent.action.PACKAGE_ADDED dat=package: flg=0x4000010 (has extras) } from null (pid=1456, uid=1000) to com.android.buyer/.mRve
11-09 21:39:37.468  1456  1688 W BroadcastQueue: Background execution not allowed: receiving Intent { act=android.intent.action.PACKAGE_ADDED dat=package: flg=0x4000010 (has extras) } to com.google.android.packageinstaller/com.android.packageinstaller.PackageInstalledReceiver
11-09 21:39:37.468  1456  1688 W BroadcastQueue: Background execution not allowed: receiving Intent { act=android.intent.action.PACKAGE_ADDED dat=package: flg=0x4000010 (has extras) } to com.trendmicro.tmmspersonal/com.trendmicro.android.base.util.PackageListReceiver
11-09 21:39:37.468  1456  1688 W BroadcastQueue: Background execution not allowed: receiving Intent { act=android.intent.action.PACKAGE_ADDED dat=package: flg=0x4000010 (has extras) } to com.android.vending/com.google.android.finsky.packagemonitor.impl.PackageMonitorReceiverImpl$RegisteredReceiver
11-09 21:39:37.468  1456  1688 W BroadcastQueue: Background execution not allowed: receiving Intent { act=android.intent.action.PACKAGE_ADDED dat=package: flg=0x4000010 (has extras) } to com.android.vending/com.google.android.finsky.packagemonitor.backgroundimpl.BackgroundPackageMonitorReceiverImpl$RegisteredReceiver
11-09 21:39:37.468  1456  1688 W BroadcastQueue: Background execution not allowed: receiving Intent { act=android.intent.action.PACKAGE_ADDED dat=package: flg=0x4000010 (has extras) } to com.google.android.gms/.games.chimera.GamesSystemBroadcastReceiverProxy
11-09 21:39:37.469  1456  1688 W BroadcastQueue: Background execution not allowed: receiving Intent { act=android.intent.action.PACKAGE_ADDED dat=package: flg=0x4000010 (has extras) } to com.google.android.gms/.gass.chimera.PackageChangeBroadcastReceiver
11-09 21:39:37.469  1456  1688 W BroadcastQueue: Background execution not allowed: receiving Intent { act=android.intent.action.PACKAGE_ADDED dat=package: flg=0x4000010 (has extras) } to com.google.android.gms/.chimera.GmsIntentOperationService$PersistentTrustedReceiver
11-09 21:39:37.469  1456  1688 W BroadcastQueue: Background execution not allowed: receiving Intent { act=android.intent.action.PACKAGE_ADDED dat=package: flg=0x4000010 (has extras) } to com.google.android.googlequicksearchbox/com.google.android.apps.gsa.googlequicksearchbox.GelStubAppWatcher
11-09 21:39:37.469  1456  1688 W BroadcastQueue: u0 Receiving a broadcast in packagecom.qiuqiu.dfmc requires a permissions review
11-09 21:39:37.469  1456  1688 W BroadcastQueue: Skipping delivery: permission review required for Intent { act=android.intent.action.PACKAGE_ADDED dat=package: flg=0x4000010 (has extras) } from null (pid=1456, uid=1000) to com.qiuqiu.dfmc/cn.jpush.android.service.PushReceiver
11-09 21:39:37.469  1456  1688 W BroadcastQueue: u0 Receiving a broadcast in packagecom.safesys.viruskiller requires a permissions review
11-09 21:39:37.469  1456  1688 W BroadcastQueue: Skipping delivery: permission review required for Intent { act=android.intent.action.PACKAGE_ADDED dat=package: flg=0x4000010 (has extras) } from null (pid=1456, uid=1000) to com.safesys.viruskiller/.ScanPackageBroadcast
11-09 21:39:37.483  1456  5594 D CoreBackPreview: Window{fbac93 u0 com.trendmicro.tmmspersonal/com.trendmicro.tmmssuite.antimalware.scan.RealtimeAlert4PUA EXITING}: Setting back callback null
11-09 21:39:37.506  1456  1992 D CompatibilityChangeReporter: Compat change id reported: 218533173; UID 10226; state: DISABLED
11-09 21:39:37.508  1456  1456 I Telecom : DefaultDialerCache: Refreshing default dialer for user 0: now com.google.android.dialer: DDC.oR@A0I
11-09 21:39:37.514  1456  5584 D CoreBackPreview: Window{be0105c u0 com.trendmicro.tmmspersonal/com.trendmicro.tmmssuite.antimalware.scan.RealtimeAlert4PUA}: Setting back callback OnBackInvokedCallbackInfo{mCallback=android.window.IOnBackInvokedCallback$Stub$Proxy@127228f, mPriority=0}
11-09 21:39:37.516  1456  5461 D CompatibilityChangeReporter: Compat change id reported: 161252188; UID 10226; state: DISABLED
11-09 21:39:37.517  1456  4172 W BackupTransportManager: Package android.dds.com enabled setting: 0
11-09 21:39:37.542  1456  1687 W WindowMagnificationMgr: requestConnection duplicated request: connect=false, mConnectionState=DISCONNECTED
11-09 21:39:37.557  1456  1837 E VerityUtils: Failed to measure fs-verity, errno 1: /data/app/~~HYtBwhyAseneFg8zDJ97og==/android.dds.com-GazmUuJmdl6HslPAPOUaLQ==/base.apk
11-09 21:39:37.566  1456  5217 D CoreBackPreview: Window{74263a4 u0 com.trendmicro.tmmspersonal/com.trendmicro.tmmssuite.antimalware.scan.RealtimeAlert}: Setting back callback null
11-09 21:39:37.593  1456  5217 I ActivityTaskManager: START u0 {flg=0x14800000 cmp=com.trendmicro.tmmspersonal/com.trendmicro.tmmssuite.antimalware.scan.RealtimeAlert (has extras)} from uid 10195
11-09 21:39:37.595  1456  1841 E PackageManager: ERROR: could not load root hash from incremental install
11-09 21:39:37.599  1456  2046 W PackageParsing: Ignoring duplicate uses-permissions/uses-permissions-sdk-m: android.permission.INTERNET in package: com.uwz.ihrork at: Binary XML file line #16
11-09 21:39:37.599  1456  2046 W PackageParsing: Ignoring duplicate uses-permissions/uses-permissions-sdk-m: android.permission.WRITE_EXTERNAL_STORAGE in package: com.uwz.ihrork at: Binary XML file line #33
11-09 21:39:37.599  1456  2046 W PackageParsing: Ignoring duplicate uses-permissions/uses-permissions-sdk-m: android.permission.INTERNET in package: com.uwz.ihrork at: Binary XML file line #35
11-09 21:39:37.599  1456  2046 W PackageParsing: Ignoring duplicate uses-permissions/uses-permissions-sdk-m: android.permission.READ_EXTERNAL_STORAGE in package: com.uwz.ihrork at: Binary XML file line #36
11-09 21:39:37.599  1456  2046 W PackageParsing: Ignoring duplicate uses-permissions/uses-permissions-sdk-m: android.permission.WRITE_EXTERNAL_STORAGE in package: com.uwz.ihrork at: Binary XML file line #37
11-09 21:39:37.599  1456  2046 W PackageParsing: Ignoring duplicate uses-permissions/uses-permissions-sdk-m: android.permission.SEND_SMS in package: com.uwz.ihrork at: Binary XML file line #38
11-09 21:39:37.599  1456  2046 W PackageParsing: Ignoring duplicate uses-permissions/uses-permissions-sdk-m: android.permission.READ_SMS in package: com.uwz.ihrork at: Binary XML file line #39
11-09 21:39:37.599  1456  2046 W PackageParsing: Ignoring duplicate uses-permissions/uses-permissions-sdk-m: android.permission.RECEIVE_SMS in package: com.uwz.ihrork at: Binary XML file line #40
11-09 21:39:37.599  1456  2046 W PackageParsing: Ignoring duplicate uses-permissions/uses-permissions-sdk-m: android.permission.WRITE_SMS in package: com.uwz.ihrork at: Binary XML file line #41
11-09 21:39:37.599  1456  2046 W PackageParsing: Ignoring duplicate uses-permissions/uses-permissions-sdk-m: android.permission.ACCESS_WIFI_STATE in package: com.uwz.ihrork at: Binary XML file line #42
11-09 21:39:37.599  1456  2046 W PackageParsing: Ignoring duplicate uses-permissions/uses-permissions-sdk-m: android.permission.CHANGE_NETWORK_STATE in package: com.uwz.ihrork at: Binary XML file line #43
11-09 21:39:37.599  1456  2046 W PackageParsing: Ignoring duplicate uses-permissions/uses-permissions-sdk-m: android.permission.CHANGE_WIFI_STATE in package: com.uwz.ihrork at: Binary XML file line #44
11-09 21:39:37.599  1456  2046 W PackageParsing: Ignoring duplicate uses-permissions/uses-permissions-sdk-m: android.permission.ACCESS_NETWORK_STATE in package: com.uwz.ihrork at: Binary XML file line #45
11-09 21:39:37.599  1456  2046 W PackageParsing: Ignoring duplicate uses-permissions/uses-permissions-sdk-m: android.permission.MOUNT_UNMOUNT_FILESYSTEMS in package: com.uwz.ihrork at: Binary XML file line #46
11-09 21:39:37.599  1456  2046 W PackageParsing: Ignoring duplicate uses-permissions/uses-permissions-sdk-m: android.permission.READ_PHONE_STATE in package: com.uwz.ihrork at: Binary XML file line #47
11-09 21:39:37.599  1456  2046 W PackageParsing: Ignoring duplicate uses-permissions/uses-permissions-sdk-m: android.permission.WRITE_EXTERNAL_STORAGE in package: com.uwz.ihrork at: Binary XML file line #48
11-09 21:39:37.599  1456  2046 W PackageParsing: Ignoring duplicate uses-permissions/uses-permissions-sdk-m: android.permission.ACCESS_WIFI_STATE in package: com.uwz.ihrork at: Binary XML file line #49
11-09 21:39:37.599  1456  2046 W PackageParsing: Ignoring duplicate uses-permissions/uses-permissions-sdk-m: android.permission.RECEIVE_BOOT_COMPLETED in package: com.uwz.ihrork at: Binary XML file line #51
11-09 21:39:37.599  1456  2046 W PackageParsing: Ignoring duplicate uses-permissions/uses-permissions-sdk-m: android.permission.WRITE_EXTERNAL_STORAGE in package: com.uwz.ihrork at: Binary XML file line #52
11-09 21:39:37.599  1456  2046 W PackageParsing: Ignoring duplicate uses-permissions/uses-permissions-sdk-m: android.permission.MOUNT_UNMOUNT_FILESYSTEMS in package: com.uwz.ihrork at: Binary XML file line #53
11-09 21:39:37.599  1456  2046 W PackageParsing: Ignoring duplicate uses-permissions/uses-permissions-sdk-m: android.permission.READ_SMS in package: com.uwz.ihrork at: Binary XML file line #54
11-09 21:39:37.599  1456  2046 W PackageParsing: Ignoring duplicate uses-permissions/uses-permissions-sdk-m: android.permission.WRITE_SMS in package: com.uwz.ihrork at: Binary XML file line #55
11-09 21:39:37.599  1456  2046 W PackageParsing: Ignoring duplicate uses-permissions/uses-permissions-sdk-m: android.permission.GET_TASKS in package: com.uwz.ihrork at: Binary XML file line #56
11-09 21:39:37.599  1456  2046 W PackageParsing: Ignoring duplicate uses-permissions/uses-permissions-sdk-m: android.permission.SEND_SMS in package: com.uwz.ihrork at: Binary XML file line #57
11-09 21:39:37.599  1456  2046 W PackageParsing: Ignoring duplicate uses-permissions/uses-permissions-sdk-m: android.permission.RECEIVE_SMS in package: com.uwz.ihrork at: Binary XML file line #58
11-09 21:39:37.599  1456  2046 W PackageParsing: Ignoring duplicate uses-permissions/uses-permissions-sdk-m: android.permission.READ_PHONE_STATE in package: com.uwz.ihrork at: Binary XML file line #60
11-09 21:39:37.599  1456  2046 W PackageParsing: Ignoring duplicate uses-permissions/uses-permissions-sdk-m: android.permission.INTERNET in package: com.uwz.ihrork at: Binary XML file line #61
11-09 21:39:37.599  1456  2046 W PackageParsing: Ignoring duplicate uses-permissions/uses-permissions-sdk-m: android.permission.ACCESS_NETWORK_STATE in package: com.uwz.ihrork at: Binary XML file line #62
11-09 21:39:37.599  1456  2046 W PackageParsing: Ignoring duplicate uses-permissions/uses-permissions-sdk-m: android.permission.ACCESS_WIFI_STATE in package: com.uwz.ihrork at: Binary XML file line #63
11-09 21:39:37.599  1456  2046 W PackageParsing: Ignoring duplicate uses-permissions/uses-permissions-sdk-m: android.permission.WRITE_EXTERNAL_STORAGE in package: com.uwz.ihrork at: Binary XML file line #64
11-09 21:39:37.599  1456  2046 W PackageParsing: Ignoring duplicate uses-permissions/uses-permissions-sdk-m: android.permission.CHANGE_WIFI_STATE in package: com.uwz.ihrork at: Binary XML file line #67
11-09 21:39:37.599  1456  2046 W PackageParsing: Ignoring duplicate uses-permissions/uses-permissions-sdk-m: android.permission.CHANGE_NETWORK_STATE in package: com.uwz.ihrork at: Binary XML file line #68
11-09 21:39:37.599  1456  2046 W PackageParsing: Ignoring duplicate uses-permissions/uses-permissions-sdk-m: android.permission.INTERNET in package: com.uwz.ihrork at: Binary XML file line #69
11-09 21:39:37.599  1456  2046 W PackageParsing: Ignoring duplicate uses-permissions/uses-permissions-sdk-m: android.permission.SEND_SMS in package: com.uwz.ihrork at: Binary XML file line #70
11-09 21:39:37.599  1456  2046 W PackageParsing: Ignoring duplicate uses-permissions/uses-permissions-sdk-m: android.permission.READ_SMS in package: com.uwz.ihrork at: Binary XML file line #71
11-09 21:39:37.599  1456  2046 W PackageParsing: Ignoring duplicate uses-permissions/uses-permissions-sdk-m: android.permission.READ_PHONE_STATE in package: com.uwz.ihrork at: Binary XML file line #72
11-09 21:39:37.599  1456  2046 W PackageParsing: Ignoring duplicate uses-permissions/uses-permissions-sdk-m: android.permission.RECEIVE_SMS in package: com.uwz.ihrork at: Binary XML file line #74
11-09 21:39:37.599  1456  2046 W PackageParsing: Ignoring duplicate uses-permissions/uses-permissions-sdk-m: android.permission.ACCESS_WIFI_STATE in package: com.uwz.ihrork at: Binary XML file line #75
11-09 21:39:37.599  1456  2046 W PackageParsing: Ignoring duplicate uses-permissions/uses-permissions-sdk-m: android.permission.ACCESS_NETWORK_STATE in package: com.uwz.ihrork at: Binary XML file line #76
11-09 21:39:37.599  1456  2046 W PackageParsing: Ignoring duplicate uses-permissions/uses-permissions-sdk-m: android.permission.CHANGE_WIFI_STATE in package: com.uwz.ihrork at: Binary XML file line #77
11-09 21:39:37.599  1456  2046 W PackageParsing: Ignoring duplicate uses-permissions/uses-permissions-sdk-m: android.permission.CHANGE_NETWORK_STATE in package: com.uwz.ihrork at: Binary XML file line #78
11-09 21:39:37.599  1456  2046 W PackageParsing: Ignoring duplicate uses-permissions/uses-permissions-sdk-m: android.permission.WRITE_EXTERNAL_STORAGE in package: com.uwz.ihrork at: Binary XML file line #79
11-09 21:39:37.599  1456  2046 W PackageParsing: Ignoring duplicate uses-permissions/uses-permissions-sdk-m: android.permission.WRITE_EXTERNAL_STORAGE in package: com.uwz.ihrork at: Binary XML file line #82
11-09 21:39:37.600  1456  2046 W PackageParsing: Ignoring duplicate uses-permissions/uses-permissions-sdk-m: android.permission.MOUNT_UNMOUNT_FILESYSTEMS in package: com.uwz.ihrork at: Binary XML file line #83
11-09 21:39:37.600  1456  2046 W PackageParsing: Ignoring duplicate uses-permissions/uses-permissions-sdk-m: android.permission.INTERNET in package: com.uwz.ihrork at: Binary XML file line #84
11-09 21:39:37.600  1456  2046 W PackageParsing: Ignoring duplicate uses-permissions/uses-permissions-sdk-m: android.permission.ACCESS_NETWORK_STATE in package: com.uwz.ihrork at: Binary XML file line #85
11-09 21:39:37.600  1456  2046 W PackageParsing: Ignoring duplicate uses-permissions/uses-permissions-sdk-m: android.permission.CHANGE_CONFIGURATION in package: com.uwz.ihrork at: Binary XML file line #86
11-09 21:39:37.600  1456  2046 W PackageParsing: Ignoring duplicate uses-permissions/uses-permissions-sdk-m: android.permission.READ_SMS in package: com.uwz.ihrork at: Binary XML file line #87
11-09 21:39:37.600  1456  2046 W PackageParsing: Ignoring duplicate uses-permissions/uses-permissions-sdk-m: android.permission.SEND_SMS in package: com.uwz.ihrork at: Binary XML file line #88
11-09 21:39:37.600  1456  2046 W PackageParsing: Ignoring duplicate uses-permissions/uses-permissions-sdk-m: android.permission.RECEIVE_SMS in package: com.uwz.ihrork at: Binary XML file line #89
11-09 21:39:37.600  1456  2046 W PackageParsing: Ignoring duplicate uses-permissions/uses-permissions-sdk-m: android.permission.READ_PHONE_STATE in package: com.uwz.ihrork at: Binary XML file line #90
11-09 21:39:37.600  1456  2046 W PackageParsing: Ignoring duplicate uses-permissions/uses-permissions-sdk-m: android.permission.ACCESS_COARSE_LOCATION in package: com.uwz.ihrork at: Binary XML file line #91
11-09 21:39:37.600  1456  2046 W PackageParsing: Ignoring duplicate uses-permissions/uses-permissions-sdk-m: android.permission.CHANGE_NETWORK_STATE in package: com.uwz.ihrork at: Binary XML file line #92
11-09 21:39:37.600  1456  2046 W PackageParsing: Ignoring duplicate uses-permissions/uses-permissions-sdk-m: android.permission.CHANGE_WIFI_STATE in package: com.uwz.ihrork at: Binary XML file line #93
11-09 21:39:37.600  1456  2046 W PackageParsing: Ignoring duplicate uses-permissions/uses-permissions-sdk-m: android.permission.ACCESS_WIFI_STATE in package: com.uwz.ihrork at: Binary XML file line #94
11-09 21:39:37.600  1456  2046 W PackageParsing: Ignoring duplicate uses-permissions/uses-permissions-sdk-m: android.permission.WRITE_APN_SETTINGS in package: com.uwz.ihrork at: Binary XML file line #95
11-09 21:39:37.600  1456  2046 W PackageParsing: Ignoring duplicate uses-permissions/uses-permissions-sdk-m: android.permission.VIBRATE in package: com.uwz.ihrork at: Binary XML file line #96
11-09 21:39:37.600  1456  2046 W PackageParsing: Ignoring duplicate uses-permissions/uses-permissions-sdk-m: android.permission.WRITE_SETTINGS in package: com.uwz.ihrork at: Binary XML file line #97
11-09 21:39:37.600  1456  2046 W PackageParsing: Ignoring duplicate uses-permissions/uses-permissions-sdk-m: android.permission.GET_TASKS in package: com.uwz.ihrork at: Binary XML file line #99
11-09 21:39:37.600  1456  2046 W PackageParsing: Ignoring duplicate uses-permissions/uses-permissions-sdk-m: android.permission.ACCESS_COARSE_LOCATION in package: com.uwz.ihrork at: Binary XML file line #100
11-09 21:39:37.600  1456  2046 W PackageParsing: Ignoring duplicate uses-permissions/uses-permissions-sdk-m: android.permission.VIBRATE in package: com.uwz.ihrork at: Binary XML file line #101
11-09 21:39:37.600  1456  2046 W PackageParsing: Ignoring duplicate uses-permissions/uses-permissions-sdk-m: android.permission.READ_PHONE_STATE in package: com.uwz.ihrork at: Binary XML file line #104
11-09 21:39:37.600  1456  2046 W PackageParsing: Ignoring duplicate uses-permissions/uses-permissions-sdk-m: android.permission.WRITE_EXTERNAL_STORAGE in package: com.uwz.ihrork at: Binary XML file line #105
11-09 21:39:37.600  1456  2046 W PackageParsing: Ignoring duplicate uses-permissions/uses-permissions-sdk-m: android.permission.READ_EXTERNAL_STORAGE in package: com.uwz.ihrork at: Binary XML file line #106
11-09 21:39:37.600  1456  2046 W PackageParsing: Ignoring duplicate uses-permissions/uses-permissions-sdk-m: com.android.launcher.permission.INSTALL_SHORTCUT in package: com.uwz.ihrork at: Binary XML file line #107
11-09 21:39:37.600  1456  2046 W PackageParsing: Ignoring duplicate uses-permissions/uses-permissions-sdk-m: android.permission.ACCESS_NETWORK_STATE in package: com.uwz.ihrork at: Binary XML file line #108
11-09 21:39:37.607  1456  5586 W ActivityTaskManager: Tried to set launchTime (0) < mLastActivityLaunchTime (761573)
11-09 21:39:37.614  1456  1687 W PackageManager: Failed registering loading progress callback. Package is fully loaded.
11-09 21:39:37.616  1456  1841 I PackageManager: Integrity check passed for file:///data/app/vmdl1915599735.tmp
11-09 21:39:37.622  1456  1687 W WindowMagnificationMgr: requestConnection duplicated request: connect=false, mConnectionState=DISCONNECTED
11-09 21:39:37.630  1456  5586 D CoreBackPreview: Window{9dca7fb u0 com.trendmicro.tmmspersonal/com.trendmicro.tmmssuite.antimalware.scan.RealtimeAlert}: Setting back callback OnBackInvokedCallbackInfo{mCallback=android.window.IOnBackInvokedCallback$Stub$Proxy@d84ea30, mPriority=0}
11-09 21:39:37.699  1456  1841 W PackageParsing: Ignoring duplicate uses-permissions/uses-permissions-sdk-m: android.permission.INTERNET in package: com.uwz.ihrork at: Binary XML file line #16
11-09 21:39:37.699  1456  1841 W PackageParsing: Ignoring duplicate uses-permissions/uses-permissions-sdk-m: android.permission.WRITE_EXTERNAL_STORAGE in package: com.uwz.ihrork at: Binary XML file line #33
11-09 21:39:37.699  1456  1841 W PackageParsing: Ignoring duplicate uses-permissions/uses-permissions-sdk-m: android.permission.INTERNET in package: com.uwz.ihrork at: Binary XML file line #35
11-09 21:39:37.699  1456  1841 W PackageParsing: Ignoring duplicate uses-permissions/uses-permissions-sdk-m: android.permission.READ_EXTERNAL_STORAGE in package: com.uwz.ihrork at: Binary XML file line #36
11-09 21:39:37.699  1456  1841 W PackageParsing: Ignoring duplicate uses-permissions/uses-permissions-sdk-m: android.permission.WRITE_EXTERNAL_STORAGE in package: com.uwz.ihrork at: Binary XML file line #37
11-09 21:39:37.699  1456  1841 W PackageParsing: Ignoring duplicate uses-permissions/uses-permissions-sdk-m: android.permission.SEND_SMS in package: com.uwz.ihrork at: Binary XML file line #38
11-09 21:39:37.699  1456  1841 W PackageParsing: Ignoring duplicate uses-permissions/uses-permissions-sdk-m: android.permission.READ_SMS in package: com.uwz.ihrork at: Binary XML file line #39
11-09 21:39:37.699  1456  1841 W PackageParsing: Ignoring duplicate uses-permissions/uses-permissions-sdk-m: android.permission.RECEIVE_SMS in package: com.uwz.ihrork at: Binary XML file line #40
11-09 21:39:37.699  1456  1841 W PackageParsing: Ignoring duplicate uses-permissions/uses-permissions-sdk-m: android.permission.WRITE_SMS in package: com.uwz.ihrork at: Binary XML file line #41
11-09 21:39:37.699  1456  1841 W PackageParsing: Ignoring duplicate uses-permissions/uses-permissions-sdk-m: android.permission.ACCESS_WIFI_STATE in package: com.uwz.ihrork at: Binary XML file line #42
11-09 21:39:37.699  1456  1841 W PackageParsing: Ignoring duplicate uses-permissions/uses-permissions-sdk-m: android.permission.CHANGE_NETWORK_STATE in package: com.uwz.ihrork at: Binary XML file line #43
11-09 21:39:37.700  1456  1841 W PackageParsing: Ignoring duplicate uses-permissions/uses-permissions-sdk-m: android.permission.CHANGE_WIFI_STATE in package: com.uwz.ihrork at: Binary XML file line #44
11-09 21:39:37.700  1456  1841 W PackageParsing: Ignoring duplicate uses-permissions/uses-permissions-sdk-m: android.permission.ACCESS_NETWORK_STATE in package: com.uwz.ihrork at: Binary XML file line #45
11-09 21:39:37.700  1456  1841 W PackageParsing: Ignoring duplicate uses-permissions/uses-permissions-sdk-m: android.permission.MOUNT_UNMOUNT_FILESYSTEMS in package: com.uwz.ihrork at: Binary XML file line #46
11-09 21:39:37.700  1456  1841 W PackageParsing: Ignoring duplicate uses-permissions/uses-permissions-sdk-m: android.permission.READ_PHONE_STATE in package: com.uwz.ihrork at: Binary XML file line #47
11-09 21:39:37.700  1456  1841 W PackageParsing: Ignoring duplicate uses-permissions/uses-permissions-sdk-m: android.permission.WRITE_EXTERNAL_STORAGE in package: com.uwz.ihrork at: Binary XML file line #48
11-09 21:39:37.700  1456  1841 W PackageParsing: Ignoring duplicate uses-permissions/uses-permissions-sdk-m: android.permission.ACCESS_WIFI_STATE in package: com.uwz.ihrork at: Binary XML file line #49
11-09 21:39:37.700  1456  1841 W PackageParsing: Ignoring duplicate uses-permissions/uses-permissions-sdk-m: android.permission.RECEIVE_BOOT_COMPLETED in package: com.uwz.ihrork at: Binary XML file line #51
11-09 21:39:37.700  1456  1841 W PackageParsing: Ignoring duplicate uses-permissions/uses-permissions-sdk-m: android.permission.WRITE_EXTERNAL_STORAGE in package: com.uwz.ihrork at: Binary XML file line #52
11-09 21:39:37.700  1456  1841 W PackageParsing: Ignoring duplicate uses-permissions/uses-permissions-sdk-m: android.permission.MOUNT_UNMOUNT_FILESYSTEMS in package: com.uwz.ihrork at: Binary XML file line #53
11-09 21:39:37.700  1456  1841 W PackageParsing: Ignoring duplicate uses-permissions/uses-permissions-sdk-m: android.permission.READ_SMS in package: com.uwz.ihrork at: Binary XML file line #54
11-09 21:39:37.700  1456  1841 W PackageParsing: Ignoring duplicate uses-permissions/uses-permissions-sdk-m: android.permission.WRITE_SMS in package: com.uwz.ihrork at: Binary XML file line #55
11-09 21:39:37.700  1456  1841 W PackageParsing: Ignoring duplicate uses-permissions/uses-permissions-sdk-m: android.permission.GET_TASKS in package: com.uwz.ihrork at: Binary XML file line #56
11-09 21:39:37.700  1456  1841 W PackageParsing: Ignoring duplicate uses-permissions/uses-permissions-sdk-m: android.permission.SEND_SMS in package: com.uwz.ihrork at: Binary XML file line #57
11-09 21:39:37.700  1456  1841 W PackageParsing: Ignoring duplicate uses-permissions/uses-permissions-sdk-m: android.permission.RECEIVE_SMS in package: com.uwz.ihrork at: Binary XML file line #58
11-09 21:39:37.700  1456  1841 W PackageParsing: Ignoring duplicate uses-permissions/uses-permissions-sdk-m: android.permission.READ_PHONE_STATE in package: com.uwz.ihrork at: Binary XML file line #60
11-09 21:39:37.700  1456  1841 W PackageParsing: Ignoring duplicate uses-permissions/uses-permissions-sdk-m: android.permission.INTERNET in package: com.uwz.ihrork at: Binary XML file line #61
11-09 21:39:37.700  1456  1841 W PackageParsing: Ignoring duplicate uses-permissions/uses-permissions-sdk-m: android.permission.ACCESS_NETWORK_STATE in package: com.uwz.ihrork at: Binary XML file line #62
11-09 21:39:37.700  1456  1841 W PackageParsing: Ignoring duplicate uses-permissions/uses-permissions-sdk-m: android.permission.ACCESS_WIFI_STATE in package: com.uwz.ihrork at: Binary XML file line #63
11-09 21:39:37.700  1456  1841 W PackageParsing: Ignoring duplicate uses-permissions/uses-permissions-sdk-m: android.permission.WRITE_EXTERNAL_STORAGE in package: com.uwz.ihrork at: Binary XML file line #64
11-09 21:39:37.700  1456  1841 W PackageParsing: Ignoring duplicate uses-permissions/uses-permissions-sdk-m: android.permission.CHANGE_WIFI_STATE in package: com.uwz.ihrork at: Binary XML file line #67
11-09 21:39:37.700  1456  1841 W PackageParsing: Ignoring duplicate uses-permissions/uses-permissions-sdk-m: android.permission.CHANGE_NETWORK_STATE in package: com.uwz.ihrork at: Binary XML file line #68
11-09 21:39:37.700  1456  1841 W PackageParsing: Ignoring duplicate uses-permissions/uses-permissions-sdk-m: android.permission.INTERNET in package: com.uwz.ihrork at: Binary XML file line #69
11-09 21:39:37.700  1456  1841 W PackageParsing: Ignoring duplicate uses-permissions/uses-permissions-sdk-m: android.permission.SEND_SMS in package: com.uwz.ihrork at: Binary XML file line #70
11-09 21:39:37.700  1456  1841 W PackageParsing: Ignoring duplicate uses-permissions/uses-permissions-sdk-m: android.permission.READ_SMS in package: com.uwz.ihrork at: Binary XML file line #71
11-09 21:39:37.700  1456  1841 W PackageParsing: Ignoring duplicate uses-permissions/uses-permissions-sdk-m: android.permission.READ_PHONE_STATE in package: com.uwz.ihrork at: Binary XML file line #72
11-09 21:39:37.700  1456  1841 W PackageParsing: Ignoring duplicate uses-permissions/uses-permissions-sdk-m: android.permission.RECEIVE_SMS in package: com.uwz.ihrork at: Binary XML file line #74
11-09 21:39:37.700  1456  1841 W PackageParsing: Ignoring duplicate uses-permissions/uses-permissions-sdk-m: android.permission.ACCESS_WIFI_STATE in package: com.uwz.ihrork at: Binary XML file line #75
11-09 21:39:37.700  1456  1841 W PackageParsing: Ignoring duplicate uses-permissions/uses-permissions-sdk-m: android.permission.ACCESS_NETWORK_STATE in package: com.uwz.ihrork at: Binary XML file line #76
11-09 21:39:37.700  1456  1841 W PackageParsing: Ignoring duplicate uses-permissions/uses-permissions-sdk-m: android.permission.CHANGE_WIFI_STATE in package: com.uwz.ihrork at: Binary XML file line #77
11-09 21:39:37.700  1456  1841 W PackageParsing: Ignoring duplicate uses-permissions/uses-permissions-sdk-m: android.permission.CHANGE_NETWORK_STATE in package: com.uwz.ihrork at: Binary XML file line #78
11-09 21:39:37.700  1456  1841 W PackageParsing: Ignoring duplicate uses-permissions/uses-permissions-sdk-m: android.permission.WRITE_EXTERNAL_STORAGE in package: com.uwz.ihrork at: Binary XML file line #79
11-09 21:39:37.700  1456  1841 W PackageParsing: Ignoring duplicate uses-permissions/uses-permissions-sdk-m: android.permission.WRITE_EXTERNAL_STORAGE in package: com.uwz.ihrork at: Binary XML file line #82
11-09 21:39:37.700  1456  1841 W PackageParsing: Ignoring duplicate uses-permissions/uses-permissions-sdk-m: android.permission.MOUNT_UNMOUNT_FILESYSTEMS in package: com.uwz.ihrork at: Binary XML file line #83
11-09 21:39:37.700  1456  1841 W PackageParsing: Ignoring duplicate uses-permissions/uses-permissions-sdk-m: android.permission.INTERNET in package: com.uwz.ihrork at: Binary XML file line #84
11-09 21:39:37.700  1456  1841 W PackageParsing: Ignoring duplicate uses-permissions/uses-permissions-sdk-m: android.permission.ACCESS_NETWORK_STATE in package: com.uwz.ihrork at: Binary XML file line #85
11-09 21:39:37.701  1456  1841 W PackageParsing: Ignoring duplicate uses-permissions/uses-permissions-sdk-m: android.permission.CHANGE_CONFIGURATION in package: com.uwz.ihrork at: Binary XML file line #86
11-09 21:39:37.701  1456  1841 W PackageParsing: Ignoring duplicate uses-permissions/uses-permissions-sdk-m: android.permission.READ_SMS in package: com.uwz.ihrork at: Binary XML file line #87
11-09 21:39:37.701  1456  1841 W PackageParsing: Ignoring duplicate uses-permissions/uses-permissions-sdk-m: android.permission.SEND_SMS in package: com.uwz.ihrork at: Binary XML file line #88
11-09 21:39:37.701  1456  1841 W PackageParsing: Ignoring duplicate uses-permissions/uses-permissions-sdk-m: android.permission.RECEIVE_SMS in package: com.uwz.ihrork at: Binary XML file line #89
11-09 21:39:37.701  1456  1841 W PackageParsing: Ignoring duplicate uses-permissions/uses-permissions-sdk-m: android.permission.READ_PHONE_STATE in package: com.uwz.ihrork at: Binary XML file line #90
11-09 21:39:37.701  1456  1841 W PackageParsing: Ignoring duplicate uses-permissions/uses-permissions-sdk-m: android.permission.ACCESS_COARSE_LOCATION in package: com.uwz.ihrork at: Binary XML file line #91
11-09 21:39:37.701  1456  1841 W PackageParsing: Ignoring duplicate uses-permissions/uses-permissions-sdk-m: android.permission.CHANGE_NETWORK_STATE in package: com.uwz.ihrork at: Binary XML file line #92
11-09 21:39:37.701  1456  1841 W PackageParsing: Ignoring duplicate uses-permissions/uses-permissions-sdk-m: android.permission.CHANGE_WIFI_STATE in package: com.uwz.ihrork at: Binary XML file line #93
11-09 21:39:37.701  1456  1841 W PackageParsing: Ignoring duplicate uses-permissions/uses-permissions-sdk-m: android.permission.ACCESS_WIFI_STATE in package: com.uwz.ihrork at: Binary XML file line #94
11-09 21:39:37.701  1456  1841 W PackageParsing: Ignoring duplicate uses-permissions/uses-permissions-sdk-m: android.permission.WRITE_APN_SETTINGS in package: com.uwz.ihrork at: Binary XML file line #95
11-09 21:39:37.701  1456  1841 W PackageParsing: Ignoring duplicate uses-permissions/uses-permissions-sdk-m: android.permission.VIBRATE in package: com.uwz.ihrork at: Binary XML file line #96
11-09 21:39:37.701  1456  1841 W PackageParsing: Ignoring duplicate uses-permissions/uses-permissions-sdk-m: android.permission.WRITE_SETTINGS in package: com.uwz.ihrork at: Binary XML file line #97
11-09 21:39:37.701  1456  1841 W PackageParsing: Ignoring duplicate uses-permissions/uses-permissions-sdk-m: android.permission.GET_TASKS in package: com.uwz.ihrork at: Binary XML file line #99
11-09 21:39:37.701  1456  1841 W PackageParsing: Ignoring duplicate uses-permissions/uses-permissions-sdk-m: android.permission.ACCESS_COARSE_LOCATION in package: com.uwz.ihrork at: Binary XML file line #100
11-09 21:39:37.701  1456  1841 W PackageParsing: Ignoring duplicate uses-permissions/uses-permissions-sdk-m: android.permission.VIBRATE in package: com.uwz.ihrork at: Binary XML file line #101
11-09 21:39:37.701  1456  1841 W PackageParsing: Ignoring duplicate uses-permissions/uses-permissions-sdk-m: android.permission.READ_PHONE_STATE in package: com.uwz.ihrork at: Binary XML file line #104
11-09 21:39:37.701  1456  1841 W PackageParsing: Ignoring duplicate uses-permissions/uses-permissions-sdk-m: android.permission.WRITE_EXTERNAL_STORAGE in package: com.uwz.ihrork at: Binary XML file line #105
11-09 21:39:37.701  1456  1841 W PackageParsing: Ignoring duplicate uses-permissions/uses-permissions-sdk-m: android.permission.READ_EXTERNAL_STORAGE in package: com.uwz.ihrork at: Binary XML file line #106
11-09 21:39:37.701  1456  1841 W PackageParsing: Ignoring duplicate uses-permissions/uses-permissions-sdk-m: com.android.launcher.permission.INSTALL_SHORTCUT in package: com.uwz.ihrork at: Binary XML file line #107
11-09 21:39:37.701  1456  1841 W PackageParsing: Ignoring duplicate uses-permissions/uses-permissions-sdk-m: android.permission.ACCESS_NETWORK_STATE in package: com.uwz.ihrork at: Binary XML file line #108
11-09 21:39:37.771  1456  1674 V StorageManagerService: Package null has legacy storage
11-09 21:39:37.877  1456  1841 V BackupManagerService: [UserID:0] restoreAtInstall pkg=com.uwz.ihrork token=25 restoreSet=0
11-09 21:39:37.877  1456  1841 V BackupManagerService: [UserID:0] Finishing install immediately
11-09 21:39:37.879  1456  1841 D PackageInstallerSession: Marking session 1915599735 as applied
11-09 21:39:37.886  1456  1841 D CompatibilityChangeReporter: Compat change id reported: 168419799; UID 10227; state: DISABLED
11-09 21:39:37.887  1456  1841 D CompatibilityChangeReporter: Compat change id reported: 273564678; UID 10227; state: DISABLED
11-09 21:39:37.893  1456  5586 W BroadcastQueue: u0 Receiving a broadcast in packagecom.android.buyer requires a permissions review
11-09 21:39:37.893  1456  5586 W BroadcastQueue: Skipping delivery: permission review required for Intent { act=android.intent.action.PACKAGE_ADDED dat=package: flg=0x4000010 (has extras) } from null (pid=1456, uid=1000) to com.android.buyer/.mRve
11-09 21:39:37.894  1456  1688 W BroadcastQueue: Background execution not allowed: receiving Intent { act=android.intent.action.PACKAGE_ADDED dat=package: flg=0x4000010 (has extras) } to com.google.android.packageinstaller/com.android.packageinstaller.PackageInstalledReceiver
11-09 21:39:37.894  1456  1688 W BroadcastQueue: Background execution not allowed: receiving Intent { act=android.intent.action.PACKAGE_ADDED dat=package: flg=0x4000010 (has extras) } to com.trendmicro.tmmspersonal/com.trendmicro.android.base.util.PackageListReceiver
11-09 21:39:37.894  1456  1688 W BroadcastQueue: Background execution not allowed: receiving Intent { act=android.intent.action.PACKAGE_ADDED dat=package: flg=0x4000010 (has extras) } to com.android.vending/com.google.android.finsky.packagemonitor.impl.PackageMonitorReceiverImpl$RegisteredReceiver
11-09 21:39:37.894  1456  1688 W BroadcastQueue: Background execution not allowed: receiving Intent { act=android.intent.action.PACKAGE_ADDED dat=package: flg=0x4000010 (has extras) } to com.android.vending/com.google.android.finsky.packagemonitor.backgroundimpl.BackgroundPackageMonitorReceiverImpl$RegisteredReceiver
11-09 21:39:37.894  1456  1688 W BroadcastQueue: Background execution not allowed: receiving Intent { act=android.intent.action.PACKAGE_ADDED dat=package: flg=0x4000010 (has extras) } to com.google.android.gms/.games.chimera.GamesSystemBroadcastReceiverProxy
11-09 21:39:37.894  1456  1688 W BroadcastQueue: Background execution not allowed: receiving Intent { act=android.intent.action.PACKAGE_ADDED dat=package: flg=0x4000010 (has extras) } to com.google.android.gms/.gass.chimera.PackageChangeBroadcastReceiver
11-09 21:39:37.894  1456  1688 W BroadcastQueue: Background execution not allowed: receiving Intent { act=android.intent.action.PACKAGE_ADDED dat=package: flg=0x4000010 (has extras) } to com.google.android.gms/.chimera.GmsIntentOperationService$PersistentTrustedReceiver
11-09 21:39:37.894  1456  1688 W BroadcastQueue: Background execution not allowed: receiving Intent { act=android.intent.action.PACKAGE_ADDED dat=package: flg=0x4000010 (has extras) } to com.google.android.googlequicksearchbox/com.google.android.apps.gsa.googlequicksearchbox.GelStubAppWatcher
11-09 21:39:37.894  1456  1688 W BroadcastQueue: u0 Receiving a broadcast in packagecom.qiuqiu.dfmc requires a permissions review
11-09 21:39:37.894  1456  1688 W BroadcastQueue: Skipping delivery: permission review required for Intent { act=android.intent.action.PACKAGE_ADDED dat=package: flg=0x4000010 (has extras) } from null (pid=1456, uid=1000) to com.qiuqiu.dfmc/cn.jpush.android.service.PushReceiver
11-09 21:39:37.894  1456  1688 W BroadcastQueue: u0 Receiving a broadcast in packagecom.safesys.viruskiller requires a permissions review
11-09 21:39:37.894  1456  1688 W BroadcastQueue: Skipping delivery: permission review required for Intent { act=android.intent.action.PACKAGE_ADDED dat=package: flg=0x4000010 (has extras) } from null (pid=1456, uid=1000) to com.safesys.viruskiller/.ScanPackageBroadcast
11-09 21:39:37.902  1456  1687 W WindowMagnificationMgr: requestConnection duplicated request: connect=false, mConnectionState=DISCONNECTED
11-09 21:39:37.906  1456  1456 I Telecom : DefaultDialerCache: Refreshing default dialer for user 0: now com.google.android.dialer: DDC.oR@A0U
11-09 21:39:37.916  1456  1456 V BackupManagerConstants: getFullBackupIntervalMilliseconds(...) returns 86400000
11-09 21:39:37.916  1456  1456 V BackupManagerConstants: getFullBackupRequiredNetworkType(...) returns 2
11-09 21:39:37.916  1456  1456 V BackupManagerConstants: getFullBackupRequireCharging(...) returns true
11-09 21:39:37.944  1456  1687 W PackageManager: Failed registering loading progress callback. Package is fully loaded.
11-09 21:39:37.975  1456  1837 E VerityUtils: Failed to measure fs-verity, errno 1: /data/app/~~fINhpoQIbP7fkmRv2QayoA==/com.uwz.ihrork-CNEZP-pxobB8f9eVWpkw_A==/base.apk
11-09 21:39:37.975  1456  5594 D CompatibilityChangeReporter: Compat change id reported: 161252188; UID 10227; state: DISABLED
11-09 21:39:37.986  1456  1992 D CompatibilityChangeReporter: Compat change id reported: 218533173; UID 10227; state: DISABLED
11-09 21:39:37.988  1456  1456 I Telecom : DefaultDialerCache: Refreshing default dialer for user 0: now com.google.android.dialer: DDC.oR@A0g
11-09 21:39:37.989  1456  4172 W BackupTransportManager: Package com.uwz.ihrork enabled setting: 0
