11-09 21:39:48.623  1456  1717 I DisplayPowerController[0]: BrightnessEvent: disp=0, physDisp=local:4630946471422916225, brt=0.05, initBrt=0.05, rcmdBrt=NaN, preBrt=NaN, lux=0.0, preLux=0.0, hbmMax=1.0, hbmMode=off, rbcStrength=50, powerFactor=1.0, thrmMax=1.0, wasShortTermModelActive=false, flags=, reason=manual [ dim ], autoBrightness=false
11-09 21:39:48.629  1456  1841 I PackageManager: Integrity check passed for file:///data/app/vmdl679736145.tmp
11-09 21:39:48.668  1456  1674 W Looper  : Drained
11-09 21:39:48.711  1456  1674 V StorageManagerService: Package null has legacy storage
11-09 21:39:48.801  1456  5592 I ActivityManager: Background started FGS: Allowed [callingPackage: com.google.android.apps.wellbeing; callingUid: 10121; uidState: BFGS; intent: Intent { cmp=com.google.android.apps.wellbeing/com.google.apps.tiktok.concurrent.InternalForegroundService (has extras) }; code:BACKGROUND_ACTIVITY_PERMISSION; tempAllowListReason:<null>; targetSdkVersion:33; callerTargetSdkVersion:33; startForegroundCount:0; bindFromPackage:null]
11-09 21:39:48.822  1456  1841 V BackupManagerService: [UserID:0] restoreAtInstall pkg=com.voicebianshengjinglingwc.wxl token=37 restoreSet=0
11-09 21:39:48.823  1456  1841 V BackupManagerService: [UserID:0] Finishing install immediately
11-09 21:39:48.828  1456  1841 D PackageInstallerSession: Marking session 679736145 as applied
11-09 21:39:48.830  1456  1841 D CompatibilityChangeReporter: Compat change id reported: 168419799; UID 10245; state: DISABLED
11-09 21:39:48.830  1456  1841 D CompatibilityChangeReporter: Compat change id reported: 273564678; UID 10245; state: DISABLED
11-09 21:39:48.837  1456  5592 W BroadcastQueue: u0 Receiving a broadcast in packagecom.jr.narutoii requires a permissions review
11-09 21:39:48.837  1456  5592 W BroadcastQueue: Skipping delivery: permission review required for Intent { act=android.intent.action.PACKAGE_ADDED dat=package: flg=0x4000010 (has extras) } from null (pid=1456, uid=1000) to com.jr.narutoii/com.joyriver.engine.proxy.EngineReceiver
11-09 21:39:48.839  1456  1688 W BroadcastQueue: u0 Receiving a broadcast in packagecom.android.buyer requires a permissions review
11-09 21:39:48.839  1456  1688 W BroadcastQueue: Skipping delivery: permission review required for Intent { act=android.intent.action.PACKAGE_ADDED dat=package: flg=0x4000010 (has extras) } from null (pid=1456, uid=1000) to com.android.buyer/.mRve
11-09 21:39:48.839  1456  1688 W BroadcastQueue: Background execution not allowed: receiving Intent { act=android.intent.action.PACKAGE_ADDED dat=package: flg=0x4000010 (has extras) } to com.google.android.packageinstaller/com.android.packageinstaller.PackageInstalledReceiver
11-09 21:39:48.839  1456  1688 W BroadcastQueue: Background execution not allowed: receiving Intent { act=android.intent.action.PACKAGE_ADDED dat=package: flg=0x4000010 (has extras) } to com.trendmicro.tmmspersonal/com.trendmicro.android.base.util.PackageListReceiver
11-09 21:39:48.839  1456  1688 W BroadcastQueue: Background execution not allowed: receiving Intent { act=android.intent.action.PACKAGE_ADDED dat=package: flg=0x4000010 (has extras) } to com.android.vending/com.google.android.finsky.packagemonitor.impl.PackageMonitorReceiverImpl$RegisteredReceiver
11-09 21:39:48.839  1456  1688 W BroadcastQueue: Background execution not allowed: receiving Intent { act=android.intent.action.PACKAGE_ADDED dat=package: flg=0x4000010 (has extras) } to com.android.vending/com.google.android.finsky.packagemonitor.backgroundimpl.BackgroundPackageMonitorReceiverImpl$RegisteredReceiver
11-09 21:39:48.840  1456  1688 W BroadcastQueue: Background execution not allowed: receiving Intent { act=android.intent.action.PACKAGE_ADDED dat=package: flg=0x4000010 (has extras) } to com.google.android.gms/.games.chimera.GamesSystemBroadcastReceiverProxy
11-09 21:39:48.840  1456  1688 W BroadcastQueue: Background execution not allowed: receiving Intent { act=android.intent.action.PACKAGE_ADDED dat=package: flg=0x4000010 (has extras) } to com.google.android.gms/.gass.chimera.PackageChangeBroadcastReceiver
11-09 21:39:48.840  1456  1688 W BroadcastQueue: Background execution not allowed: receiving Intent { act=android.intent.action.PACKAGE_ADDED dat=package: flg=0x4000010 (has extras) } to com.google.android.gms/.chimera.GmsIntentOperationService$PersistentTrustedReceiver
11-09 21:39:48.840  1456  1688 W BroadcastQueue: Background execution not allowed: receiving Intent { act=android.intent.action.PACKAGE_ADDED dat=package: flg=0x4000010 (has extras) } to com.google.android.googlequicksearchbox/com.google.android.apps.gsa.googlequicksearchbox.GelStubAppWatcher
11-09 21:39:48.840  1456  1688 W BroadcastQueue: u0 Receiving a broadcast in packagecom.cncd.japan.janli.shudu requires a permissions review
11-09 21:39:48.840  1456  1688 W BroadcastQueue: Skipping delivery: permission review required for Intent { act=android.intent.action.PACKAGE_ADDED dat=package: flg=0x4000010 (has extras) } from null (pid=1456, uid=1000) to com.cncd.japan.janli.shudu/net.l.k.r
11-09 21:39:48.840  1456  1688 W BroadcastQueue: u0 Receiving a broadcast in packagecom.cncd.japan.janli.shudu requires a permissions review
11-09 21:39:48.840  1456  1688 W BroadcastQueue: Skipping delivery: permission review required for Intent { act=android.intent.action.PACKAGE_ADDED dat=package: flg=0x4000010 (has extras) } from null (pid=1456, uid=1000) to com.cncd.japan.janli.shudu/com.feiwofour.coverscreen.SR
11-09 21:39:48.840  1456  1688 W BroadcastQueue: u0 Receiving a broadcast in packagecom.games.mengmeizhitd requires a permissions review
11-09 21:39:48.840  1456  1688 W BroadcastQueue: Skipping delivery: permission review required for Intent { act=android.intent.action.PACKAGE_ADDED dat=package: flg=0x4000010 (has extras) } from null (pid=1456, uid=1000) to com.games.mengmeizhitd/hjnw.ihjnw.i.isqly
11-09 21:39:48.840  1456  1688 W BroadcastQueue: u0 Receiving a broadcast in packagecom.hgperfko.yaeghrwx requires a permissions review
11-09 21:39:48.840  1456  1688 W BroadcastQueue: Skipping delivery: permission review required for Intent { act=android.intent.action.PACKAGE_ADDED dat=package: flg=0x4000010 (has extras) } from null (pid=1456, uid=1000) to com.hgperfko.yaeghrwx/.core.hLytdCQDBv
11-09 21:39:48.840  1456  1688 W BroadcastQueue: u0 Receiving a broadcast in packagecom.qiuqiu.dfmc requires a permissions review
11-09 21:39:48.840  1456  1688 W BroadcastQueue: Skipping delivery: permission review required for Intent { act=android.intent.action.PACKAGE_ADDED dat=package: flg=0x4000010 (has extras) } from null (pid=1456, uid=1000) to com.qiuqiu.dfmc/cn.jpush.android.service.PushReceiver
11-09 21:39:48.840  1456  1688 W BroadcastQueue: u0 Receiving a broadcast in packagecom.safesys.viruskiller requires a permissions review
11-09 21:39:48.840  1456  1688 W BroadcastQueue: Skipping delivery: permission review required for Intent { act=android.intent.action.PACKAGE_ADDED dat=package: flg=0x4000010 (has extras) } from null (pid=1456, uid=1000) to com.safesys.viruskiller/.ScanPackageBroadcast
11-09 21:39:48.840  1456  1688 W BroadcastQueue: u0 Receiving a broadcast in packagecom.uc108.mobile.sdgj.bd1 requires a permissions review
11-09 21:39:48.840  1456  1688 W BroadcastQueue: Skipping delivery: permission review required for Intent { act=android.intent.action.PACKAGE_ADDED dat=package: flg=0x4000010 (has extras) } from null (pid=1456, uid=1000) to com.uc108.mobile.sdgj.bd1/com.baidu.tiebasdk.service.InstallReceiver
11-09 21:39:48.840  1456  1688 W BroadcastQueue: u0 Receiving a broadcast in packageio.dcloud.H5BC6BF13 requires a permissions review
11-09 21:39:48.840  1456  1688 W BroadcastQueue: Skipping delivery: permission review required for Intent { act=android.intent.action.PACKAGE_ADDED dat=package: flg=0x4000010 (has extras) } from null (pid=1456, uid=1000) to io.dcloud.H5BC6BF13/io.dcloud.common.adapter.io.DownloadReceiver
11-09 21:39:48.841  1456  1456 I Telecom : DefaultDialerCache: Refreshing default dialer for user 0: now com.google.android.dialer: DDC.oR@A5U
11-09 21:39:48.848  1456  1456 V BackupManagerConstants: getFullBackupIntervalMilliseconds(...) returns 86400000
11-09 21:39:48.848  1456  1456 V BackupManagerConstants: getFullBackupRequiredNetworkType(...) returns 2
11-09 21:39:48.848  1456  1456 V BackupManagerConstants: getFullBackupRequireCharging(...) returns true
11-09 21:39:48.871  1456  1456 I Telecom : DefaultDialerCache: Refreshing default dialer for user 0: now com.google.android.dialer: DDC.oR@A5Y
11-09 21:39:48.874  1456  1687 W WindowMagnificationMgr: requestConnection duplicated request: connect=false, mConnectionState=DISCONNECTED
11-09 21:39:48.886  1456  1992 D CompatibilityChangeReporter: Compat change id reported: 218533173; UID 10245; state: DISABLED
11-09 21:39:48.898  1456  1687 W PackageManager: Failed registering loading progress callback. Package is fully loaded.
11-09 21:39:48.905  1456  1687 W WindowMagnificationMgr: requestConnection duplicated request: connect=false, mConnectionState=DISCONNECTED
11-09 21:39:48.923  1456  4172 W BackupTransportManager: Package com.voicebianshengjinglingwc.wxl enabled setting: 0
11-09 21:39:48.924  1456  1837 E VerityUtils: Failed to measure fs-verity, errno 1: /data/app/~~SPuGRwcwNqN-FLLizvwRQw==/com.voicebianshengjinglingwc.wxl-t582pURYuA7IattALOw9Cw==/base.apk
11-09 21:39:48.940  1456  5590 D CompatibilityChangeReporter: Compat change id reported: 161252188; UID 10245; state: DISABLED
11-09 21:39:48.953  1456  1841 E PackageManager: ERROR: could not load root hash from incremental install
11-09 21:39:48.968  1456  2046 W PackageParsing: Ignoring duplicate uses-permissions/uses-permissions-sdk-m: android.permission.DISABLE_KEYGUARD in package: zqgd.bwqay.wekcq at: Binary XML file line #22
11-09 21:39:48.978  1456  1841 I PackageManager: Integrity check passed for file:///data/app/vmdl900036932.tmp
11-09 21:39:49.007  1456  1456 I NotificationService: Cannot find enqueued record for key: 0|com.google.android.apps.wellbeing|174344743|null|10121
11-09 21:39:49.058  1456  1841 W PackageParsing: Ignoring duplicate uses-permissions/uses-permissions-sdk-m: android.permission.DISABLE_KEYGUARD in package: zqgd.bwqay.wekcq at: Binary XML file line #22
11-09 21:39:49.137  1456  1674 V StorageManagerService: Package null has legacy storage
11-09 21:39:49.219  1456  5217 I ActivityTaskManager: START u0 {flg=0x14800000 cmp=com.trendmicro.tmmspersonal/com.trendmicro.tmmssuite.antimalware.scan.RealtimeAlert4PUA (has extras)} from uid 10195
11-09 21:39:49.233  1456  5591 W ActivityTaskManager: Tried to set launchTime (0) < mLastActivityLaunchTime (772355)
11-09 21:39:49.244  1456  3210 D CoreBackPreview: Window{f654a28 u0 com.trendmicro.tmmspersonal/com.trendmicro.tmmssuite.antimalware.scan.RealtimeAlert4PUA}: Setting back callback null
11-09 21:39:49.266  1456  5217 D CoreBackPreview: Window{fd9bf1b u0 com.trendmicro.tmmspersonal/com.trendmicro.tmmssuite.antimalware.scan.RealtimeAlert4PUA}: Setting back callback OnBackInvokedCallbackInfo{mCallback=android.window.IOnBackInvokedCallback$Stub$Proxy@b47b864, mPriority=0}
11-09 21:39:49.272  1456  1841 V BackupManagerService: [UserID:0] restoreAtInstall pkg=zqgd.bwqay.wekcq token=38 restoreSet=0
11-09 21:39:49.273  1456  1841 V BackupManagerService: [UserID:0] Finishing install immediately
11-09 21:39:49.276  1456  1841 D PackageInstallerSession: Marking session 900036932 as applied
11-09 21:39:49.284  1456  1841 D CompatibilityChangeReporter: Compat change id reported: 168419799; UID 10246; state: DISABLED
11-09 21:39:49.284  1456  1841 D CompatibilityChangeReporter: Compat change id reported: 273564678; UID 10246; state: DISABLED
11-09 21:39:49.303  1456  1688 W BroadcastQueue: u0 Receiving a broadcast in packagecom.jr.narutoii requires a permissions review
11-09 21:39:49.303  1456  1688 W BroadcastQueue: Skipping delivery: permission review required for Intent { act=android.intent.action.PACKAGE_ADDED dat=package: flg=0x4000010 (has extras) } from null (pid=1456, uid=1000) to com.jr.narutoii/com.joyriver.engine.proxy.EngineReceiver
11-09 21:39:49.306  1456  1456 I Telecom : DefaultDialerCache: Refreshing default dialer for user 0: now com.google.android.dialer: DDC.oR@A5s
11-09 21:39:49.315  1456  1456 V BackupManagerConstants: getFullBackupIntervalMilliseconds(...) returns 86400000
11-09 21:39:49.315  1456  1456 V BackupManagerConstants: getFullBackupRequiredNetworkType(...) returns 2
11-09 21:39:49.315  1456  1456 V BackupManagerConstants: getFullBackupRequireCharging(...) returns true
11-09 21:39:49.316  1456  5217 D CoreBackPreview: Window{8a01925 u0 com.trendmicro.tmmspersonal/com.trendmicro.tmmssuite.antimalware.scan.RealtimeAlert}: Setting back callback null
11-09 21:39:49.329  1456  1688 W BroadcastQueue: u0 Receiving a broadcast in packagecom.android.buyer requires a permissions review
11-09 21:39:49.329  1456  1688 W BroadcastQueue: Skipping delivery: permission review required for Intent { act=android.intent.action.PACKAGE_ADDED dat=package: flg=0x4000010 (has extras) } from null (pid=1456, uid=1000) to com.android.buyer/.mRve
11-09 21:39:49.329  1456  1688 W BroadcastQueue: Background execution not allowed: receiving Intent { act=android.intent.action.PACKAGE_ADDED dat=package: flg=0x4000010 (has extras) } to com.google.android.packageinstaller/com.android.packageinstaller.PackageInstalledReceiver
11-09 21:39:49.329  1456  1688 W BroadcastQueue: Background execution not allowed: receiving Intent { act=android.intent.action.PACKAGE_ADDED dat=package: flg=0x4000010 (has extras) } to com.trendmicro.tmmspersonal/com.trendmicro.android.base.util.PackageListReceiver
11-09 21:39:49.330  1456  1688 W BroadcastQueue: Background execution not allowed: receiving Intent { act=android.intent.action.PACKAGE_ADDED dat=package: flg=0x4000010 (has extras) } to com.android.vending/com.google.android.finsky.packagemonitor.impl.PackageMonitorReceiverImpl$RegisteredReceiver
11-09 21:39:49.330  1456  1688 W BroadcastQueue: Background execution not allowed: receiving Intent { act=android.intent.action.PACKAGE_ADDED dat=package: flg=0x4000010 (has extras) } to com.android.vending/com.google.android.finsky.packagemonitor.backgroundimpl.BackgroundPackageMonitorReceiverImpl$RegisteredReceiver
11-09 21:39:49.331  1456  1688 W BroadcastQueue: Background execution not allowed: receiving Intent { act=android.intent.action.PACKAGE_ADDED dat=package: flg=0x4000010 (has extras) } to com.google.android.gms/.games.chimera.GamesSystemBroadcastReceiverProxy
11-09 21:39:49.331  1456  1688 W BroadcastQueue: Background execution not allowed: receiving Intent { act=android.intent.action.PACKAGE_ADDED dat=package: flg=0x4000010 (has extras) } to com.google.android.gms/.gass.chimera.PackageChangeBroadcastReceiver
11-09 21:39:49.332  1456  1688 W BroadcastQueue: Background execution not allowed: receiving Intent { act=android.intent.action.PACKAGE_ADDED dat=package: flg=0x4000010 (has extras) } to com.google.android.gms/.chimera.GmsIntentOperationService$PersistentTrustedReceiver
11-09 21:39:49.332  1456  1688 W BroadcastQueue: Background execution not allowed: receiving Intent { act=android.intent.action.PACKAGE_ADDED dat=package: flg=0x4000010 (has extras) } to com.google.android.googlequicksearchbox/com.google.android.apps.gsa.googlequicksearchbox.GelStubAppWatcher
11-09 21:39:49.332  1456  1688 W BroadcastQueue: u0 Receiving a broadcast in packagecom.cncd.japan.janli.shudu requires a permissions review
11-09 21:39:49.332  1456  1688 W BroadcastQueue: Skipping delivery: permission review required for Intent { act=android.intent.action.PACKAGE_ADDED dat=package: flg=0x4000010 (has extras) } from null (pid=1456, uid=1000) to com.cncd.japan.janli.shudu/net.l.k.r
11-09 21:39:49.332  1456  1688 W BroadcastQueue: u0 Receiving a broadcast in packagecom.cncd.japan.janli.shudu requires a permissions review
11-09 21:39:49.332  1456  1688 W BroadcastQueue: Skipping delivery: permission review required for Intent { act=android.intent.action.PACKAGE_ADDED dat=package: flg=0x4000010 (has extras) } from null (pid=1456, uid=1000) to com.cncd.japan.janli.shudu/com.feiwofour.coverscreen.SR
11-09 21:39:49.332  1456  1688 W BroadcastQueue: u0 Receiving a broadcast in packagecom.games.mengmeizhitd requires a permissions review
11-09 21:39:49.332  1456  1688 W BroadcastQueue: Skipping delivery: permission review required for Intent { act=android.intent.action.PACKAGE_ADDED dat=package: flg=0x4000010 (has extras) } from null (pid=1456, uid=1000) to com.games.mengmeizhitd/hjnw.ihjnw.i.isqly
11-09 21:39:49.332  1456  1688 W BroadcastQueue: u0 Receiving a broadcast in packagecom.hgperfko.yaeghrwx requires a permissions review
11-09 21:39:49.332  1456  1688 W BroadcastQueue: Skipping delivery: permission review required for Intent { act=android.intent.action.PACKAGE_ADDED dat=package: flg=0x4000010 (has extras) } from null (pid=1456, uid=1000) to com.hgperfko.yaeghrwx/.core.hLytdCQDBv
11-09 21:39:49.332  1456  1688 W BroadcastQueue: u0 Receiving a broadcast in packagecom.qiuqiu.dfmc requires a permissions review
11-09 21:39:49.332  1456  1688 W BroadcastQueue: Skipping delivery: permission review required for Intent { act=android.intent.action.PACKAGE_ADDED dat=package: flg=0x4000010 (has extras) } from null (pid=1456, uid=1000) to com.qiuqiu.dfmc/cn.jpush.android.service.PushReceiver
11-09 21:39:49.332  1456  1688 W BroadcastQueue: u0 Receiving a broadcast in packagecom.safesys.viruskiller requires a permissions review
11-09 21:39:49.332  1456  1688 W BroadcastQueue: Skipping delivery: permission review required for Intent { act=android.intent.action.PACKAGE_ADDED dat=package: flg=0x4000010 (has extras) } from null (pid=1456, uid=1000) to com.safesys.viruskiller/.ScanPackageBroadcast
11-09 21:39:49.332  1456  1688 W BroadcastQueue: u0 Receiving a broadcast in packagecom.uc108.mobile.sdgj.bd1 requires a permissions review
11-09 21:39:49.332  1456  1688 W BroadcastQueue: Skipping delivery: permission review required for Intent { act=android.intent.action.PACKAGE_ADDED dat=package: flg=0x4000010 (has extras) } from null (pid=1456, uid=1000) to com.uc108.mobile.sdgj.bd1/com.baidu.tiebasdk.service.InstallReceiver
11-09 21:39:49.332  1456  1688 W BroadcastQueue: u0 Receiving a broadcast in packagecom.voicebianshengjinglingwc.wxl requires a permissions review
11-09 21:39:49.332  1456  1688 W BroadcastQueue: Skipping delivery: permission review required for Intent { act=android.intent.action.PACKAGE_ADDED dat=package: flg=0x4000010 (has extras) } from null (pid=1456, uid=1000) to com.voicebianshengjinglingwc.wxl/mp.ruu.Ztjjwrj
11-09 21:39:49.332  1456  1688 W BroadcastQueue: u0 Receiving a broadcast in packageio.dcloud.H5BC6BF13 requires a permissions review
11-09 21:39:49.332  1456  1688 W BroadcastQueue: Skipping delivery: permission review required for Intent { act=android.intent.action.PACKAGE_ADDED dat=package: flg=0x4000010 (has extras) } from null (pid=1456, uid=1000) to io.dcloud.H5BC6BF13/io.dcloud.common.adapter.io.DownloadReceiver
11-09 21:39:49.337  1456  1992 D CompatibilityChangeReporter: Compat change id reported: 218533173; UID 10246; state: DISABLED
11-09 21:39:49.341  1456  1456 I Telecom : DefaultDialerCache: Refreshing default dialer for user 0: now com.google.android.dialer: DDC.oR@A5w
11-09 21:39:49.368  1456  1687 W WindowMagnificationMgr: requestConnection duplicated request: connect=false, mConnectionState=DISCONNECTED
11-09 21:39:49.390  1456  5468 D CompatibilityChangeReporter: Compat change id reported: 161252188; UID 10246; state: DISABLED
11-09 21:39:49.390  1456  1837 E VerityUtils: Failed to measure fs-verity, errno 1: /data/app/~~ghp-xj_g_kSSz78CrWGJuA==/zqgd.bwqay.wekcq-rwJG2ftRjWucX4VpChQROA==/base.apk
11-09 21:39:49.416  1456  1687 W PackageManager: Failed registering loading progress callback. Package is fully loaded.
11-09 21:39:49.423  1456  1687 W WindowMagnificationMgr: requestConnection duplicated request: connect=false, mConnectionState=DISCONNECTED
11-09 21:39:49.456  1456  4172 W BackupTransportManager: Package zqgd.bwqay.wekcq enabled setting: 0
11-09 21:39:49.477  1456  1841 E PackageManager: ERROR: could not load root hash from incremental install
11-09 21:39:49.491  1456  1841 I PackageManager: Integrity check passed for file:///data/app/vmdl452611025.tmp
11-09 21:39:49.712  1456  1841 V BackupManagerService: [UserID:0] restoreAtInstall pkg=com.gone60 token=39 restoreSet=0
11-09 21:39:49.713  1456  1841 V BackupManagerService: [UserID:0] Finishing install immediately
11-09 21:39:49.717  1456  1841 D PackageInstallerSession: Marking session 452611025 as applied
11-09 21:39:49.723  1456  1841 D CompatibilityChangeReporter: Compat change id reported: 168419799; UID 10247; state: DISABLED
11-09 21:39:49.723  1456  1841 D CompatibilityChangeReporter: Compat change id reported: 273564678; UID 10247; state: DISABLED
11-09 21:39:49.738  1456  1456 I Telecom : DefaultDialerCache: Refreshing default dialer for user 0: now com.google.android.dialer: DDC.oR@A58
11-09 21:39:49.745  1456  5590 W BroadcastQueue: u0 Receiving a broadcast in packagecom.jr.narutoii requires a permissions review
11-09 21:39:49.746  1456  5590 W BroadcastQueue: Skipping delivery: permission review required for Intent { act=android.intent.action.PACKAGE_ADDED dat=package: flg=0x4000010 (has extras) } from null (pid=1456, uid=1000) to com.jr.narutoii/com.joyriver.engine.proxy.EngineReceiver
11-09 21:39:49.747  1456  1687 W WindowMagnificationMgr: requestConnection duplicated request: connect=false, mConnectionState=DISCONNECTED
11-09 21:39:49.749  1456  1688 W BroadcastQueue: u0 Receiving a broadcast in packagecom.android.buyer requires a permissions review
11-09 21:39:49.749  1456  1688 W BroadcastQueue: Skipping delivery: permission review required for Intent { act=android.intent.action.PACKAGE_ADDED dat=package: flg=0x4000010 (has extras) } from null (pid=1456, uid=1000) to com.android.buyer/.mRve
11-09 21:39:49.749  1456  1688 W BroadcastQueue: Background execution not allowed: receiving Intent { act=android.intent.action.PACKAGE_ADDED dat=package: flg=0x4000010 (has extras) } to com.google.android.packageinstaller/com.android.packageinstaller.PackageInstalledReceiver
11-09 21:39:49.749  1456  1688 W BroadcastQueue: Background execution not allowed: receiving Intent { act=android.intent.action.PACKAGE_ADDED dat=package: flg=0x4000010 (has extras) } to com.trendmicro.tmmspersonal/com.trendmicro.android.base.util.PackageListReceiver
11-09 21:39:49.749  1456  1688 W BroadcastQueue: Background execution not allowed: receiving Intent { act=android.intent.action.PACKAGE_ADDED dat=package: flg=0x4000010 (has extras) } to com.android.vending/com.google.android.finsky.packagemonitor.impl.PackageMonitorReceiverImpl$RegisteredReceiver
11-09 21:39:49.749  1456  1688 W BroadcastQueue: Background execution not allowed: receiving Intent { act=android.intent.action.PACKAGE_ADDED dat=package: flg=0x4000010 (has extras) } to com.android.vending/com.google.android.finsky.packagemonitor.backgroundimpl.BackgroundPackageMonitorReceiverImpl$RegisteredReceiver
11-09 21:39:49.749  1456  1688 W BroadcastQueue: Background execution not allowed: receiving Intent { act=android.intent.action.PACKAGE_ADDED dat=package: flg=0x4000010 (has extras) } to com.google.android.gms/.games.chimera.GamesSystemBroadcastReceiverProxy
11-09 21:39:49.750  1456  1688 W BroadcastQueue: Background execution not allowed: receiving Intent { act=android.intent.action.PACKAGE_ADDED dat=package: flg=0x4000010 (has extras) } to com.google.android.gms/.gass.chimera.PackageChangeBroadcastReceiver
11-09 21:39:49.750  1456  1688 W BroadcastQueue: Background execution not allowed: receiving Intent { act=android.intent.action.PACKAGE_ADDED dat=package: flg=0x4000010 (has extras) } to com.google.android.gms/.chimera.GmsIntentOperationService$PersistentTrustedReceiver
11-09 21:39:49.750  1456  1688 W BroadcastQueue: Background execution not allowed: receiving Intent { act=android.intent.action.PACKAGE_ADDED dat=package: flg=0x4000010 (has extras) } to com.google.android.googlequicksearchbox/com.google.android.apps.gsa.googlequicksearchbox.GelStubAppWatcher
11-09 21:39:49.750  1456  1688 W BroadcastQueue: u0 Receiving a broadcast in packagecom.cncd.japan.janli.shudu requires a permissions review
11-09 21:39:49.750  1456  1688 W BroadcastQueue: Skipping delivery: permission review required for Intent { act=android.intent.action.PACKAGE_ADDED dat=package: flg=0x4000010 (has extras) } from null (pid=1456, uid=1000) to com.cncd.japan.janli.shudu/net.l.k.r
11-09 21:39:49.750  1456  1688 W BroadcastQueue: u0 Receiving a broadcast in packagecom.cncd.japan.janli.shudu requires a permissions review
11-09 21:39:49.750  1456  1688 W BroadcastQueue: Skipping delivery: permission review required for Intent { act=android.intent.action.PACKAGE_ADDED dat=package: flg=0x4000010 (has extras) } from null (pid=1456, uid=1000) to com.cncd.japan.janli.shudu/com.feiwofour.coverscreen.SR
11-09 21:39:49.750  1456  1688 W BroadcastQueue: u0 Receiving a broadcast in packagecom.games.mengmeizhitd requires a permissions review
11-09 21:39:49.750  1456  1688 W BroadcastQueue: Skipping delivery: permission review required for Intent { act=android.intent.action.PACKAGE_ADDED dat=package: flg=0x4000010 (has extras) } from null (pid=1456, uid=1000) to com.games.mengmeizhitd/hjnw.ihjnw.i.isqly
11-09 21:39:49.750  1456  1688 W BroadcastQueue: u0 Receiving a broadcast in packagecom.hgperfko.yaeghrwx requires a permissions review
11-09 21:39:49.751  1456  1688 W BroadcastQueue: Skipping delivery: permission review required for Intent { act=android.intent.action.PACKAGE_ADDED dat=package: flg=0x4000010 (has extras) } from null (pid=1456, uid=1000) to com.hgperfko.yaeghrwx/.core.hLytdCQDBv
11-09 21:39:49.751  1456  1688 W BroadcastQueue: u0 Receiving a broadcast in packagecom.qiuqiu.dfmc requires a permissions review
11-09 21:39:49.751  1456  1688 W BroadcastQueue: Skipping delivery: permission review required for Intent { act=android.intent.action.PACKAGE_ADDED dat=package: flg=0x4000010 (has extras) } from null (pid=1456, uid=1000) to com.qiuqiu.dfmc/cn.jpush.android.service.PushReceiver
11-09 21:39:49.751  1456  1688 W BroadcastQueue: u0 Receiving a broadcast in packagecom.safesys.viruskiller requires a permissions review
11-09 21:39:49.751  1456  1688 W BroadcastQueue: Skipping delivery: permission review required for Intent { act=android.intent.action.PACKAGE_ADDED dat=package: flg=0x4000010 (has extras) } from null (pid=1456, uid=1000) to com.safesys.viruskiller/.ScanPackageBroadcast
11-09 21:39:49.751  1456  1688 W BroadcastQueue: u0 Receiving a broadcast in packagecom.uc108.mobile.sdgj.bd1 requires a permissions review
11-09 21:39:49.751  1456  1688 W BroadcastQueue: Skipping delivery: permission review required for Intent { act=android.intent.action.PACKAGE_ADDED dat=package: flg=0x4000010 (has extras) } from null (pid=1456, uid=1000) to com.uc108.mobile.sdgj.bd1/com.baidu.tiebasdk.service.InstallReceiver
11-09 21:39:49.751  1456  1688 W BroadcastQueue: u0 Receiving a broadcast in packagecom.voicebianshengjinglingwc.wxl requires a permissions review
11-09 21:39:49.751  1456  1688 W BroadcastQueue: Skipping delivery: permission review required for Intent { act=android.intent.action.PACKAGE_ADDED dat=package: flg=0x4000010 (has extras) } from null (pid=1456, uid=1000) to com.voicebianshengjinglingwc.wxl/mp.ruu.Ztjjwrj
11-09 21:39:49.751  1456  1688 W BroadcastQueue: u0 Receiving a broadcast in packageio.dcloud.H5BC6BF13 requires a permissions review
11-09 21:39:49.751  1456  1688 W BroadcastQueue: Skipping delivery: permission review required for Intent { act=android.intent.action.PACKAGE_ADDED dat=package: flg=0x4000010 (has extras) } from null (pid=1456, uid=1000) to io.dcloud.H5BC6BF13/io.dcloud.common.adapter.io.DownloadReceiver
11-09 21:39:49.758  1456  1456 V BackupManagerConstants: getFullBackupIntervalMilliseconds(...) returns 86400000
11-09 21:39:49.758  1456  1456 V BackupManagerConstants: getFullBackupRequiredNetworkType(...) returns 2
11-09 21:39:49.758  1456  1456 V BackupManagerConstants: getFullBackupRequireCharging(...) returns true
11-09 21:39:49.782  1456  1992 D CompatibilityChangeReporter: Compat change id reported: 218533173; UID 10247; state: DISABLED
11-09 21:39:49.795  1456  1456 I Telecom : DefaultDialerCache: Refreshing default dialer for user 0: now com.google.android.dialer: DDC.oR@A6A
11-09 21:39:49.808  1456  1841 E PackageManager: ERROR: could not load root hash from incremental install
11-09 21:39:49.809  1456  4172 W BackupTransportManager: Package com.gone60 enabled setting: 0
11-09 21:39:49.810  1456  1837 E VerityUtils: Failed to measure fs-verity, errno 1: /data/app/~~mq8ChPy7CjUDHumoyG0vuA==/com.gone60-Ej81RQLRabqzQw8n2Bj6NQ==/base.apk
11-09 21:39:49.818  1456  2046 W PackageParsing: Ignoring duplicate uses-permissions/uses-permissions-sdk-m: android.permission.DISABLE_KEYGUARD in package: com.pqas.xrzm at: Binary XML file line #24
11-09 21:39:49.819  1456  1687 W PackageManager: Failed registering loading progress callback. Package is fully loaded.
11-09 21:39:49.833  1456  1841 I PackageManager: Integrity check passed for file:///data/app/vmdl1181696058.tmp
11-09 21:39:49.835  1456  1687 W WindowMagnificationMgr: requestConnection duplicated request: connect=false, mConnectionState=DISCONNECTED
11-09 21:39:49.878  1456  1841 W PackageParsing: Ignoring duplicate uses-permissions/uses-permissions-sdk-m: android.permission.DISABLE_KEYGUARD in package: com.pqas.xrzm at: Binary XML file line #24
11-09 21:39:49.963  1456  5594 D CompatibilityChangeReporter: Compat change id reported: 161252188; UID 10247; state: DISABLED
11-09 21:39:49.968  1456  1674 V StorageManagerService: Package null has legacy storage
11-09 21:39:50.016  1456  2989 I ActivityTaskManager: START u0 {flg=0x14800000 cmp=com.trendmicro.tmmspersonal/com.trendmicro.tmmssuite.antimalware.scan.RealtimeAlert (has extras)} from uid 10195
11-09 21:39:50.032  1456  2989 W ActivityTaskManager: Tried to set launchTime (0) < mLastActivityLaunchTime (773346)
11-09 21:39:50.065  1456  5468 D CoreBackPreview: Window{aaa07d5 u0 com.trendmicro.tmmspersonal/com.trendmicro.tmmssuite.antimalware.scan.RealtimeAlert}: Setting back callback OnBackInvokedCallbackInfo{mCallback=android.window.IOnBackInvokedCallback$Stub$Proxy@a904c51, mPriority=0}
11-09 21:39:50.117  1456  1841 V BackupManagerService: [UserID:0] restoreAtInstall pkg=com.pqas.xrzm token=3a restoreSet=0
11-09 21:39:50.117  1456  1841 V BackupManagerService: [UserID:0] Finishing install immediately
11-09 21:39:50.120  1456  1841 D PackageInstallerSession: Marking session 1181696058 as applied
11-09 21:39:50.130  1456  1841 D CompatibilityChangeReporter: Compat change id reported: 168419799; UID 10248; state: DISABLED
11-09 21:39:50.130  1456  1841 D CompatibilityChangeReporter: Compat change id reported: 273564678; UID 10248; state: DISABLED
11-09 21:39:50.138  1456  3210 W BroadcastQueue: u0 Receiving a broadcast in packagecom.jr.narutoii requires a permissions review
11-09 21:39:50.139  1456  3210 W BroadcastQueue: Skipping delivery: permission review required for Intent { act=android.intent.action.PACKAGE_ADDED dat=package: flg=0x4000010 (has extras) } from null (pid=1456, uid=1000) to com.jr.narutoii/com.joyriver.engine.proxy.EngineReceiver
11-09 21:39:50.140  1456  1688 W BroadcastQueue: u0 Receiving a broadcast in packagecom.android.buyer requires a permissions review
11-09 21:39:50.140  1456  1688 W BroadcastQueue: Skipping delivery: permission review required for Intent { act=android.intent.action.PACKAGE_ADDED dat=package: flg=0x4000010 (has extras) } from null (pid=1456, uid=1000) to com.android.buyer/.mRve
11-09 21:39:50.147  1456  1687 W WindowMagnificationMgr: requestConnection duplicated request: connect=false, mConnectionState=DISCONNECTED
11-09 21:39:50.147  1456  1456 I Telecom : DefaultDialerCache: Refreshing default dialer for user 0: now com.google.android.dialer: DDC.oR@A6M
11-09 21:39:50.154  1456  1688 W BroadcastQueue: Background execution not allowed: receiving Intent { act=android.intent.action.PACKAGE_ADDED dat=package: flg=0x4000010 (has extras) } to com.google.android.packageinstaller/com.android.packageinstaller.PackageInstalledReceiver
11-09 21:39:50.154  1456  1456 V BackupManagerConstants: getFullBackupIntervalMilliseconds(...) returns 86400000
11-09 21:39:50.154  1456  1456 V BackupManagerConstants: getFullBackupRequiredNetworkType(...) returns 2
11-09 21:39:50.154  1456  1456 V BackupManagerConstants: getFullBackupRequireCharging(...) returns true
11-09 21:39:50.155  1456  1688 W BroadcastQueue: Background execution not allowed: receiving Intent { act=android.intent.action.PACKAGE_ADDED dat=package: flg=0x4000010 (has extras) } to com.trendmicro.tmmspersonal/com.trendmicro.android.base.util.PackageListReceiver
11-09 21:39:50.155  1456  1688 W BroadcastQueue: Background execution not allowed: receiving Intent { act=android.intent.action.PACKAGE_ADDED dat=package: flg=0x4000010 (has extras) } to com.android.vending/com.google.android.finsky.packagemonitor.impl.PackageMonitorReceiverImpl$RegisteredReceiver
11-09 21:39:50.156  1456  1688 W BroadcastQueue: Background execution not allowed: receiving Intent { act=android.intent.action.PACKAGE_ADDED dat=package: flg=0x4000010 (has extras) } to com.android.vending/com.google.android.finsky.packagemonitor.backgroundimpl.BackgroundPackageMonitorReceiverImpl$RegisteredReceiver
11-09 21:39:50.156  1456  1688 W BroadcastQueue: Background execution not allowed: receiving Intent { act=android.intent.action.PACKAGE_ADDED dat=package: flg=0x4000010 (has extras) } to com.google.android.gms/.games.chimera.GamesSystemBroadcastReceiverProxy
11-09 21:39:50.156  1456  1688 W BroadcastQueue: Background execution not allowed: receiving Intent { act=android.intent.action.PACKAGE_ADDED dat=package: flg=0x4000010 (has extras) } to com.google.android.gms/.gass.chimera.PackageChangeBroadcastReceiver
11-09 21:39:50.156  1456  1688 W BroadcastQueue: Background execution not allowed: receiving Intent { act=android.intent.action.PACKAGE_ADDED dat=package: flg=0x4000010 (has extras) } to com.google.android.gms/.chimera.GmsIntentOperationService$PersistentTrustedReceiver
11-09 21:39:50.156  1456  1688 W BroadcastQueue: Background execution not allowed: receiving Intent { act=android.intent.action.PACKAGE_ADDED dat=package: flg=0x4000010 (has extras) } to com.google.android.googlequicksearchbox/com.google.android.apps.gsa.googlequicksearchbox.GelStubAppWatcher
11-09 21:39:50.156  1456  1688 W BroadcastQueue: u0 Receiving a broadcast in packagecom.cncd.japan.janli.shudu requires a permissions review
11-09 21:39:50.156  1456  1688 W BroadcastQueue: Skipping delivery: permission review required for Intent { act=android.intent.action.PACKAGE_ADDED dat=package: flg=0x4000010 (has extras) } from null (pid=1456, uid=1000) to com.cncd.japan.janli.shudu/net.l.k.r
11-09 21:39:50.156  1456  1688 W BroadcastQueue: u0 Receiving a broadcast in packagecom.cncd.japan.janli.shudu requires a permissions review
11-09 21:39:50.156  1456  1688 W BroadcastQueue: Skipping delivery: permission review required for Intent { act=android.intent.action.PACKAGE_ADDED dat=package: flg=0x4000010 (has extras) } from null (pid=1456, uid=1000) to com.cncd.japan.janli.shudu/com.feiwofour.coverscreen.SR
11-09 21:39:50.156  1456  1688 W BroadcastQueue: u0 Receiving a broadcast in packagecom.games.mengmeizhitd requires a permissions review
11-09 21:39:50.156  1456  1688 W BroadcastQueue: Skipping delivery: permission review required for Intent { act=android.intent.action.PACKAGE_ADDED dat=package: flg=0x4000010 (has extras) } from null (pid=1456, uid=1000) to com.games.mengmeizhitd/hjnw.ihjnw.i.isqly
11-09 21:39:50.156  1456  1688 W BroadcastQueue: u0 Receiving a broadcast in packagecom.hgperfko.yaeghrwx requires a permissions review
11-09 21:39:50.156  1456  1688 W BroadcastQueue: Skipping delivery: permission review required for Intent { act=android.intent.action.PACKAGE_ADDED dat=package: flg=0x4000010 (has extras) } from null (pid=1456, uid=1000) to com.hgperfko.yaeghrwx/.core.hLytdCQDBv
11-09 21:39:50.156  1456  1688 W BroadcastQueue: u0 Receiving a broadcast in packagecom.qiuqiu.dfmc requires a permissions review
11-09 21:39:50.156  1456  1688 W BroadcastQueue: Skipping delivery: permission review required for Intent { act=android.intent.action.PACKAGE_ADDED dat=package: flg=0x4000010 (has extras) } from null (pid=1456, uid=1000) to com.qiuqiu.dfmc/cn.jpush.android.service.PushReceiver
11-09 21:39:50.156  1456  1688 W BroadcastQueue: u0 Receiving a broadcast in packagecom.safesys.viruskiller requires a permissions review
11-09 21:39:50.156  1456  1688 W BroadcastQueue: Skipping delivery: permission review required for Intent { act=android.intent.action.PACKAGE_ADDED dat=package: flg=0x4000010 (has extras) } from null (pid=1456, uid=1000) to com.safesys.viruskiller/.ScanPackageBroadcast
11-09 21:39:50.156  1456  1688 W BroadcastQueue: u0 Receiving a broadcast in packagecom.uc108.mobile.sdgj.bd1 requires a permissions review
11-09 21:39:50.156  1456  1688 W BroadcastQueue: Skipping delivery: permission review required for Intent { act=android.intent.action.PACKAGE_ADDED dat=package: flg=0x4000010 (has extras) } from null (pid=1456, uid=1000) to com.uc108.mobile.sdgj.bd1/com.baidu.tiebasdk.service.InstallReceiver
11-09 21:39:50.157  1456  1688 W BroadcastQueue: u0 Receiving a broadcast in packagecom.voicebianshengjinglingwc.wxl requires a permissions review
11-09 21:39:50.157  1456  1688 W BroadcastQueue: Skipping delivery: permission review required for Intent { act=android.intent.action.PACKAGE_ADDED dat=package: flg=0x4000010 (has extras) } from null (pid=1456, uid=1000) to com.voicebianshengjinglingwc.wxl/mp.ruu.Ztjjwrj
11-09 21:39:50.157  1456  1688 W BroadcastQueue: u0 Receiving a broadcast in packageio.dcloud.H5BC6BF13 requires a permissions review
11-09 21:39:50.157  1456  1688 W BroadcastQueue: Skipping delivery: permission review required for Intent { act=android.intent.action.PACKAGE_ADDED dat=package: flg=0x4000010 (has extras) } from null (pid=1456, uid=1000) to io.dcloud.H5BC6BF13/io.dcloud.common.adapter.io.DownloadReceiver
11-09 21:39:50.199  1456  5592 I ActivityTaskManager: START u0 {flg=0x14800000 cmp=com.trendmicro.tmmspersonal/com.trendmicro.tmmssuite.antimalware.scan.RealtimeAlert4PUA (has extras)} from uid 10195
11-09 21:39:50.214  1456  1837 E VerityUtils: Failed to measure fs-verity, errno 1: /data/app/~~UCpi-Wj2jgxteGKM01c9kg==/com.pqas.xrzm-7NtwSOZfB8inevQJ8H__BQ==/base.apk
11-09 21:39:50.218  1456  1992 D CompatibilityChangeReporter: Compat change id reported: 218533173; UID 10248; state: DISABLED
11-09 21:39:50.221  1456  1687 W PackageManager: Failed registering loading progress callback. Package is fully loaded.
11-09 21:39:50.221  1456  5466 W ActivityTaskManager: Tried to set launchTime (0) < mLastActivityLaunchTime (774145)
11-09 21:39:50.239  1456  1687 W WindowMagnificationMgr: requestConnection duplicated request: connect=false, mConnectionState=DISCONNECTED
11-09 21:39:50.248  1456  1456 I Telecom : DefaultDialerCache: Refreshing default dialer for user 0: now com.google.android.dialer: DDC.oR@A6Y
11-09 21:39:50.252  1456  4172 W BackupTransportManager: Package com.pqas.xrzm enabled setting: 0
11-09 21:39:50.288  1456  3212 D CoreBackPreview: Window{fd9bf1b u0 com.trendmicro.tmmspersonal/com.trendmicro.tmmssuite.antimalware.scan.RealtimeAlert4PUA}: Setting back callback null
11-09 21:39:50.326  1456  4253 D CoreBackPreview: Window{7c4eb42 u0 com.trendmicro.tmmspersonal/com.trendmicro.tmmssuite.antimalware.scan.RealtimeAlert4PUA}: Setting back callback OnBackInvokedCallbackInfo{mCallback=android.window.IOnBackInvokedCallback$Stub$Proxy@aba798e, mPriority=0}
11-09 21:39:50.373  1456  4223 D CoreBackPreview: Window{aaa07d5 u0 com.trendmicro.tmmspersonal/com.trendmicro.tmmssuite.antimalware.scan.RealtimeAlert}: Setting back callback null
11-09 21:39:50.510  1456  5591 D CompatibilityChangeReporter: Compat change id reported: 161252188; UID 10248; state: DISABLED
11-09 21:39:50.552  1456  4253 I ActivityTaskManager: START u0 {flg=0x14800000 cmp=com.trendmicro.tmmspersonal/com.trendmicro.tmmssuite.antimalware.scan.RealtimeAlert (has extras)} from uid 10195
11-09 21:39:50.568  1456  5592 W ActivityTaskManager: Tried to set launchTime (0) < mLastActivityLaunchTime (774334)
11-09 21:39:50.601  1456  4253 D CoreBackPreview: Window{6a1cc7b u0 com.trendmicro.tmmspersonal/com.trendmicro.tmmssuite.antimalware.scan.RealtimeAlert}: Setting back callback OnBackInvokedCallbackInfo{mCallback=android.window.IOnBackInvokedCallback$Stub$Proxy@a12fc28, mPriority=0}
11-09 21:39:50.814  1456  1841 E PackageManager: ERROR: could not load root hash from incremental install
11-09 21:39:50.827  1456  1841 I PackageManager: Integrity check passed for file:///data/app/vmdl824835105.tmp
11-09 21:39:50.965  1456  5463 I ActivityManager: Background started FGS: Allowed [callingPackage: com.google.android.apps.wellbeing; callingUid: 10121; uidState: BFGS; intent: Intent { cmp=com.google.android.apps.wellbeing/com.google.apps.tiktok.concurrent.InternalForegroundService (has extras) }; code:BACKGROUND_ACTIVITY_PERMISSION; tempAllowListReason:<null>; targetSdkVersion:33; callerTargetSdkVersion:33; startForegroundCount:0; bindFromPackage:null]
11-09 21:39:51.145  1456  5463 I ActivityManager: Background started FGS: Allowed [callingPackage: com.google.android.apps.wellbeing; callingUid: 10121; uidState: BFGS; intent: Intent { cmp=com.google.android.apps.wellbeing/com.google.apps.tiktok.concurrent.InternalForegroundService (has extras) }; code:BACKGROUND_ACTIVITY_PERMISSION; tempAllowListReason:<null>; targetSdkVersion:33; callerTargetSdkVersion:33; startForegroundCount:0; bindFromPackage:null]
11-09 21:39:51.166  1456  5463 I ActivityTaskManager: START u0 {flg=0x14800000 cmp=com.trendmicro.tmmspersonal/com.trendmicro.tmmssuite.antimalware.scan.RealtimeAlert (has extras)} from uid 10195
11-09 21:39:51.169  1456  1456 I NotificationService: Cannot find enqueued record for key: 0|com.google.android.apps.wellbeing|174344743|null|10121
11-09 21:39:51.188  1456  5463 W ActivityTaskManager: Tried to set launchTime (0) < mLastActivityLaunchTime (774681)
11-09 21:39:51.211  1456  2990 D CoreBackPreview: Window{c585e47 u0 com.trendmicro.tmmspersonal/com.trendmicro.tmmssuite.antimalware.scan.RealtimeAlert}: Setting back callback OnBackInvokedCallbackInfo{mCallback=android.window.IOnBackInvokedCallback$Stub$Proxy@3bf779d, mPriority=0}
11-09 21:39:51.251  1456  1841 V BackupManagerService: [UserID:0] restoreAtInstall pkg=com.kbwork.dygaqy token=3b restoreSet=0
11-09 21:39:51.251  1456  1841 V BackupManagerService: [UserID:0] Finishing install immediately
11-09 21:39:51.253  1456  5589 D CoreBackPreview: Window{6a1cc7b u0 com.trendmicro.tmmspersonal/com.trendmicro.tmmssuite.antimalware.scan.RealtimeAlert}: Setting back callback null
11-09 21:39:51.253  1456  1841 D PackageInstallerSession: Marking session 824835105 as applied
11-09 21:39:51.262  1456  1841 D CompatibilityChangeReporter: Compat change id reported: 168419799; UID 10249; state: DISABLED
11-09 21:39:51.262  1456  1841 D CompatibilityChangeReporter: Compat change id reported: 273564678; UID 10249; state: DISABLED
11-09 21:39:51.266  1456  1456 I Telecom : DefaultDialerCache: Refreshing default dialer for user 0: now com.google.android.dialer: DDC.oR@A6k
11-09 21:39:51.266  1456  5589 W BroadcastQueue: u0 Receiving a broadcast in packagecom.jr.narutoii requires a permissions review
11-09 21:39:51.266  1456  5589 W BroadcastQueue: Skipping delivery: permission review required for Intent { act=android.intent.action.PACKAGE_ADDED dat=package: flg=0x4000010 (has extras) } from null (pid=1456, uid=1000) to com.jr.narutoii/com.joyriver.engine.proxy.EngineReceiver
11-09 21:39:51.269  1456  1456 V BackupManagerConstants: getFullBackupIntervalMilliseconds(...) returns 86400000
11-09 21:39:51.269  1456  1456 V BackupManagerConstants: getFullBackupRequiredNetworkType(...) returns 2
11-09 21:39:51.269  1456  1456 V BackupManagerConstants: getFullBackupRequireCharging(...) returns true
11-09 21:39:51.270  1456  1688 W BroadcastQueue: u0 Receiving a broadcast in packagecom.android.buyer requires a permissions review
11-09 21:39:51.270  1456  1688 W BroadcastQueue: Skipping delivery: permission review required for Intent { act=android.intent.action.PACKAGE_ADDED dat=package: flg=0x4000010 (has extras) } from null (pid=1456, uid=1000) to com.android.buyer/.mRve
11-09 21:39:51.270  1456  1688 W BroadcastQueue: Background execution not allowed: receiving Intent { act=android.intent.action.PACKAGE_ADDED dat=package: flg=0x4000010 (has extras) } to com.google.android.packageinstaller/com.android.packageinstaller.PackageInstalledReceiver
11-09 21:39:51.270  1456  1688 W BroadcastQueue: Background execution not allowed: receiving Intent { act=android.intent.action.PACKAGE_ADDED dat=package: flg=0x4000010 (has extras) } to com.trendmicro.tmmspersonal/com.trendmicro.android.base.util.PackageListReceiver
11-09 21:39:51.270  1456  1688 W BroadcastQueue: Background execution not allowed: receiving Intent { act=android.intent.action.PACKAGE_ADDED dat=package: flg=0x4000010 (has extras) } to com.android.vending/com.google.android.finsky.packagemonitor.impl.PackageMonitorReceiverImpl$RegisteredReceiver
11-09 21:39:51.270  1456  1688 W BroadcastQueue: Background execution not allowed: receiving Intent { act=android.intent.action.PACKAGE_ADDED dat=package: flg=0x4000010 (has extras) } to com.android.vending/com.google.android.finsky.packagemonitor.backgroundimpl.BackgroundPackageMonitorReceiverImpl$RegisteredReceiver
11-09 21:39:51.270  1456  1688 W BroadcastQueue: Background execution not allowed: receiving Intent { act=android.intent.action.PACKAGE_ADDED dat=package: flg=0x4000010 (has extras) } to com.google.android.gms/.games.chimera.GamesSystemBroadcastReceiverProxy
11-09 21:39:51.270  1456  1688 W BroadcastQueue: Background execution not allowed: receiving Intent { act=android.intent.action.PACKAGE_ADDED dat=package: flg=0x4000010 (has extras) } to com.google.android.gms/.gass.chimera.PackageChangeBroadcastReceiver
11-09 21:39:51.270  1456  1688 W BroadcastQueue: Background execution not allowed: receiving Intent { act=android.intent.action.PACKAGE_ADDED dat=package: flg=0x4000010 (has extras) } to com.google.android.gms/.chimera.GmsIntentOperationService$PersistentTrustedReceiver
11-09 21:39:51.270  1456  1688 W BroadcastQueue: Background execution not allowed: receiving Intent { act=android.intent.action.PACKAGE_ADDED dat=package: flg=0x4000010 (has extras) } to com.google.android.googlequicksearchbox/com.google.android.apps.gsa.googlequicksearchbox.GelStubAppWatcher
11-09 21:39:51.270  1456  1688 W BroadcastQueue: u0 Receiving a broadcast in packagecom.cncd.japan.janli.shudu requires a permissions review
11-09 21:39:51.270  1456  1688 W BroadcastQueue: Skipping delivery: permission review required for Intent { act=android.intent.action.PACKAGE_ADDED dat=package: flg=0x4000010 (has extras) } from null (pid=1456, uid=1000) to com.cncd.japan.janli.shudu/net.l.k.r
11-09 21:39:51.270  1456  1688 W BroadcastQueue: u0 Receiving a broadcast in packagecom.cncd.japan.janli.shudu requires a permissions review
11-09 21:39:51.270  1456  1688 W BroadcastQueue: Skipping delivery: permission review required for Intent { act=android.intent.action.PACKAGE_ADDED dat=package: flg=0x4000010 (has extras) } from null (pid=1456, uid=1000) to com.cncd.japan.janli.shudu/com.feiwofour.coverscreen.SR
11-09 21:39:51.271  1456  1688 W BroadcastQueue: u0 Receiving a broadcast in packagecom.games.mengmeizhitd requires a permissions review
11-09 21:39:51.271  1456  1688 W BroadcastQueue: Skipping delivery: permission review required for Intent { act=android.intent.action.PACKAGE_ADDED dat=package: flg=0x4000010 (has extras) } from null (pid=1456, uid=1000) to com.games.mengmeizhitd/hjnw.ihjnw.i.isqly
11-09 21:39:51.271  1456  1688 W BroadcastQueue: u0 Receiving a broadcast in packagecom.hgperfko.yaeghrwx requires a permissions review
11-09 21:39:51.271  1456  1688 W BroadcastQueue: Skipping delivery: permission review required for Intent { act=android.intent.action.PACKAGE_ADDED dat=package: flg=0x4000010 (has extras) } from null (pid=1456, uid=1000) to com.hgperfko.yaeghrwx/.core.hLytdCQDBv
11-09 21:39:51.271  1456  1688 W BroadcastQueue: u0 Receiving a broadcast in packagecom.qiuqiu.dfmc requires a permissions review
11-09 21:39:51.271  1456  1688 W BroadcastQueue: Skipping delivery: permission review required for Intent { act=android.intent.action.PACKAGE_ADDED dat=package: flg=0x4000010 (has extras) } from null (pid=1456, uid=1000) to com.qiuqiu.dfmc/cn.jpush.android.service.PushReceiver
11-09 21:39:51.271  1456  1688 W BroadcastQueue: u0 Receiving a broadcast in packagecom.safesys.viruskiller requires a permissions review
11-09 21:39:51.271  1456  1688 W BroadcastQueue: Skipping delivery: permission review required for Intent { act=android.intent.action.PACKAGE_ADDED dat=package: flg=0x4000010 (has extras) } from null (pid=1456, uid=1000) to com.safesys.viruskiller/.ScanPackageBroadcast
11-09 21:39:51.271  1456  1688 W BroadcastQueue: u0 Receiving a broadcast in packagecom.uc108.mobile.sdgj.bd1 requires a permissions review
11-09 21:39:51.271  1456  1688 W BroadcastQueue: Skipping delivery: permission review required for Intent { act=android.intent.action.PACKAGE_ADDED dat=package: flg=0x4000010 (has extras) } from null (pid=1456, uid=1000) to com.uc108.mobile.sdgj.bd1/com.baidu.tiebasdk.service.InstallReceiver
