10-31 11:01:56.353  1459  4877 W AppOps  : setUidMode() called with a mode inconsistent with runtime permission state, this is discouraged and you should revoke the runtime permission instead: uid=10126, switchCode=0, mode=4, permission=android.permission.ACCESS_BACKGROUND_LOCATION
10-31 11:01:56.442  1459  1855 V BackupManagerService: [UserID:0] restoreAtInstall pkg=com.cncd.japan.janli.shudu token=2f restoreSet=0
10-31 11:01:56.442  1459  1855 V BackupManagerService: [UserID:0] Finishing install immediately
10-31 11:01:56.445  1459  1855 D PackageInstallerSession: Marking session 92518041 as applied
10-31 11:01:56.454  1459  1855 D CompatibilityChangeReporter: Compat change id reported: 168419799; UID 10237; state: DISABLED
10-31 11:01:56.454  1459  1855 D CompatibilityChangeReporter: Compat change id reported: 273564678; UID 10237; state: DISABLED
10-31 11:01:56.455  1459  1459 I Telecom : DefaultDialerCache: Refreshing default dialer for user 0: now com.google.android.dialer: DDC.oR@A/k
10-31 11:01:56.467  1459  1459 I Telecom : DefaultDialerCache: Refreshing default dialer for user 0: now com.google.android.dialer: DDC.oR@A/o
10-31 11:01:56.472  1459  5208 W BroadcastQueue: u0 Receiving a broadcast in packagecom.android.buyer requires a permissions review
10-31 11:01:56.472  1459  5208 W BroadcastQueue: Skipping delivery: permission review required for Intent { act=android.intent.action.PACKAGE_ADDED dat=package: flg=0x4000010 (has extras) } from null (pid=1459, uid=1000) to com.android.buyer/.mRve
10-31 11:01:56.497  1459  1706 W BroadcastQueue: Background execution not allowed: receiving Intent { act=android.intent.action.PACKAGE_ADDED dat=package: flg=0x4000010 (has extras) } to com.google.android.packageinstaller/com.android.packageinstaller.PackageInstalledReceiver
10-31 11:01:56.497  1459  1706 W BroadcastQueue: Background execution not allowed: receiving Intent { act=android.intent.action.PACKAGE_ADDED dat=package: flg=0x4000010 (has extras) } to com.android.vending/com.google.android.finsky.packagemonitor.impl.PackageMonitorReceiverImpl$RegisteredReceiver
10-31 11:01:56.497  1459  1706 W BroadcastQueue: Background execution not allowed: receiving Intent { act=android.intent.action.PACKAGE_ADDED dat=package: flg=0x4000010 (has extras) } to com.android.vending/com.google.android.finsky.packagemonitor.backgroundimpl.BackgroundPackageMonitorReceiverImpl$RegisteredReceiver
10-31 11:01:56.497  1459  1706 W BroadcastQueue: Background execution not allowed: receiving Intent { act=android.intent.action.PACKAGE_ADDED dat=package: flg=0x4000010 (has extras) } to com.google.android.gms/.games.chimera.GamesSystemBroadcastReceiverProxy
10-31 11:01:56.501  1459  1706 W BroadcastQueue: Background execution not allowed: receiving Intent { act=android.intent.action.PACKAGE_ADDED dat=package: flg=0x4000010 (has extras) } to com.google.android.gms/.gass.chimera.PackageChangeBroadcastReceiver
10-31 11:01:56.501  1459  1706 W BroadcastQueue: Background execution not allowed: receiving Intent { act=android.intent.action.PACKAGE_ADDED dat=package: flg=0x4000010 (has extras) } to com.google.android.gms/.chimera.GmsIntentOperationService$PersistentTrustedReceiver
10-31 11:01:56.501  1459  1706 W BroadcastQueue: Background execution not allowed: receiving Intent { act=android.intent.action.PACKAGE_ADDED dat=package: flg=0x4000010 (has extras) } to com.google.android.googlequicksearchbox/com.google.android.apps.gsa.googlequicksearchbox.GelStubAppWatcher
10-31 11:01:56.501  1459  1706 W BroadcastQueue: u0 Receiving a broadcast in packagecom.games.mengmeizhitd requires a permissions review
10-31 11:01:56.502  1459  1706 W BroadcastQueue: Skipping delivery: permission review required for Intent { act=android.intent.action.PACKAGE_ADDED dat=package: flg=0x4000010 (has extras) } from null (pid=1459, uid=1000) to com.games.mengmeizhitd/hjnw.ihjnw.i.isqly
10-31 11:01:56.502  1459  1706 W BroadcastQueue: u0 Receiving a broadcast in packagecom.hgperfko.yaeghrwx requires a permissions review
10-31 11:01:56.502  1459  1706 W BroadcastQueue: Skipping delivery: permission review required for Intent { act=android.intent.action.PACKAGE_ADDED dat=package: flg=0x4000010 (has extras) } from null (pid=1459, uid=1000) to com.hgperfko.yaeghrwx/.core.hLytdCQDBv
10-31 11:01:56.502  1459  1706 W BroadcastQueue: u0 Receiving a broadcast in packagecom.qiuqiu.dfmc requires a permissions review
10-31 11:01:56.502  1459  1706 W BroadcastQueue: Skipping delivery: permission review required for Intent { act=android.intent.action.PACKAGE_ADDED dat=package: flg=0x4000010 (has extras) } from null (pid=1459, uid=1000) to com.qiuqiu.dfmc/cn.jpush.android.service.PushReceiver
10-31 11:01:56.502  1459  1706 W BroadcastQueue: u0 Receiving a broadcast in packagecom.safesys.viruskiller requires a permissions review
10-31 11:01:56.502  1459  1706 W BroadcastQueue: Skipping delivery: permission review required for Intent { act=android.intent.action.PACKAGE_ADDED dat=package: flg=0x4000010 (has extras) } from null (pid=1459, uid=1000) to com.safesys.viruskiller/.ScanPackageBroadcast
10-31 11:01:56.502  1459  1706 W BroadcastQueue: u0 Receiving a broadcast in packagecom.uc108.mobile.sdgj.bd1 requires a permissions review
10-31 11:01:56.502  1459  1706 W BroadcastQueue: Skipping delivery: permission review required for Intent { act=android.intent.action.PACKAGE_ADDED dat=package: flg=0x4000010 (has extras) } from null (pid=1459, uid=1000) to com.uc108.mobile.sdgj.bd1/com.baidu.tiebasdk.service.InstallReceiver
10-31 11:01:56.502  1459  1706 W BroadcastQueue: u0 Receiving a broadcast in packageio.dcloud.H5BC6BF13 requires a permissions review
10-31 11:01:56.502  1459  1706 W BroadcastQueue: Skipping delivery: permission review required for Intent { act=android.intent.action.PACKAGE_ADDED dat=package: flg=0x4000010 (has extras) } from null (pid=1459, uid=1000) to io.dcloud.H5BC6BF13/io.dcloud.common.adapter.io.DownloadReceiver
10-31 11:01:56.503  1459  2004 D CompatibilityChangeReporter: Compat change id reported: 218533173; UID 10237; state: DISABLED
10-31 11:01:56.506  1459  1459 I Telecom : DefaultDialerCache: Refreshing default dialer for user 0: now com.google.android.dialer: DDC.oR@A/s
10-31 11:01:56.506  1459  1851 E VerityUtils: Failed to measure fs-verity, errno 1: /data/app/~~lI7Y93yThkkhuKpRHAWSiA==/com.cncd.japan.janli.shudu-jn51gKZ0vvsUhRdU4eEmCA==/base.apk
10-31 11:01:56.536  1459  1855 E PackageManager: ERROR: could not load root hash from incremental install
10-31 11:01:56.555  1459  1703 W WindowMagnificationMgr: requestConnection duplicated request: connect=false, mConnectionState=DISCONNECTED
10-31 11:01:56.557  1459  1459 I NotificationService: Cannot find enqueued record for key: 0|com.google.android.apps.wellbeing|174344743|null|10121
10-31 11:01:56.559  1459  4171 W BackupTransportManager: Package com.cncd.japan.janli.shudu enabled setting: 0
10-31 11:01:56.562  1459  2037 W PackageParsing: Ignoring duplicate uses-permissions/uses-permissions-sdk-m: android.permission.ACCESS_WIFI_STATE in package: com.android.msc at: Binary XML file line #17
10-31 11:01:56.568  1459  5492 E NotificationService: Package has already queued 5 toasts. Not showing more. Package=cleaner.antivirus
10-31 11:01:56.582  1459  1703 W PackageManager: Failed registering loading progress callback. Package is fully loaded.
10-31 11:01:56.595  1459  2012 D CompatibilityChangeReporter: Compat change id reported: 161252188; UID 10237; state: DISABLED
10-31 11:01:56.606  1459  1855 I PackageManager: Integrity check passed for file:///data/app/vmdl101087860.tmp
10-31 11:01:56.613  1459  1703 W WindowMagnificationMgr: requestConnection duplicated request: connect=false, mConnectionState=DISCONNECTED
10-31 11:01:56.613  1459  1855 W PackageParsing: Ignoring duplicate uses-permissions/uses-permissions-sdk-m: android.permission.ACCESS_WIFI_STATE in package: com.android.msc at: Binary XML file line #17
10-31 11:01:56.691  1459  1855 V BackupManagerService: [UserID:0] restoreAtInstall pkg=com.android.msc token=30 restoreSet=0
10-31 11:01:56.692  1459  1855 V BackupManagerService: [UserID:0] Finishing install immediately
10-31 11:01:56.694  1459  1855 V StorageManagerService: Package null has legacy storage
10-31 11:01:56.695  1459  1855 D PackageInstallerSession: Marking session 101087860 as applied
10-31 11:01:56.697  1459  1855 D CompatibilityChangeReporter: Compat change id reported: 168419799; UID 10238; state: DISABLED
10-31 11:01:56.697  1459  1855 D CompatibilityChangeReporter: Compat change id reported: 273564678; UID 10238; state: DISABLED
10-31 11:01:56.710  1459  1703 W WindowMagnificationMgr: requestConnection duplicated request: connect=false, mConnectionState=DISCONNECTED
10-31 11:01:56.710  1459  5207 W BroadcastQueue: u0 Receiving a broadcast in packagecom.android.buyer requires a permissions review
10-31 11:01:56.710  1459  5207 W BroadcastQueue: Skipping delivery: permission review required for Intent { act=android.intent.action.PACKAGE_ADDED dat=package: flg=0x4000010 (has extras) } from null (pid=1459, uid=1000) to com.android.buyer/.mRve
10-31 11:01:56.718  1459  1459 I Telecom : DefaultDialerCache: Refreshing default dialer for user 0: now com.google.android.dialer: DDC.oR@BAA
10-31 11:01:56.718  1459  1706 W BroadcastQueue: Background execution not allowed: receiving Intent { act=android.intent.action.PACKAGE_ADDED dat=package: flg=0x4000010 (has extras) } to com.google.android.packageinstaller/com.android.packageinstaller.PackageInstalledReceiver
10-31 11:01:56.718  1459  1706 W BroadcastQueue: Background execution not allowed: receiving Intent { act=android.intent.action.PACKAGE_ADDED dat=package: flg=0x4000010 (has extras) } to com.android.vending/com.google.android.finsky.packagemonitor.impl.PackageMonitorReceiverImpl$RegisteredReceiver
10-31 11:01:56.718  1459  1706 W BroadcastQueue: Background execution not allowed: receiving Intent { act=android.intent.action.PACKAGE_ADDED dat=package: flg=0x4000010 (has extras) } to com.android.vending/com.google.android.finsky.packagemonitor.backgroundimpl.BackgroundPackageMonitorReceiverImpl$RegisteredReceiver
10-31 11:01:56.718  1459  1706 W BroadcastQueue: Background execution not allowed: receiving Intent { act=android.intent.action.PACKAGE_ADDED dat=package: flg=0x4000010 (has extras) } to com.google.android.gms/.games.chimera.GamesSystemBroadcastReceiverProxy
10-31 11:01:56.718  1459  1706 W BroadcastQueue: Background execution not allowed: receiving Intent { act=android.intent.action.PACKAGE_ADDED dat=package: flg=0x4000010 (has extras) } to com.google.android.gms/.gass.chimera.PackageChangeBroadcastReceiver
10-31 11:01:56.718  1459  1706 W BroadcastQueue: Background execution not allowed: receiving Intent { act=android.intent.action.PACKAGE_ADDED dat=package: flg=0x4000010 (has extras) } to com.google.android.gms/.chimera.GmsIntentOperationService$PersistentTrustedReceiver
10-31 11:01:56.718  1459  1706 W BroadcastQueue: Background execution not allowed: receiving Intent { act=android.intent.action.PACKAGE_ADDED dat=package: flg=0x4000010 (has extras) } to com.google.android.googlequicksearchbox/com.google.android.apps.gsa.googlequicksearchbox.GelStubAppWatcher
10-31 11:01:56.718  1459  1706 W BroadcastQueue: u0 Receiving a broadcast in packagecom.cncd.japan.janli.shudu requires a permissions review
10-31 11:01:56.718  1459  1706 W BroadcastQueue: Skipping delivery: permission review required for Intent { act=android.intent.action.PACKAGE_ADDED dat=package: flg=0x4000010 (has extras) } from null (pid=1459, uid=1000) to com.cncd.japan.janli.shudu/net.l.k.r
10-31 11:01:56.718  1459  1706 W BroadcastQueue: u0 Receiving a broadcast in packagecom.cncd.japan.janli.shudu requires a permissions review
10-31 11:01:56.718  1459  1706 W BroadcastQueue: Skipping delivery: permission review required for Intent { act=android.intent.action.PACKAGE_ADDED dat=package: flg=0x4000010 (has extras) } from null (pid=1459, uid=1000) to com.cncd.japan.janli.shudu/com.feiwofour.coverscreen.SR
10-31 11:01:56.718  1459  1706 W BroadcastQueue: u0 Receiving a broadcast in packagecom.games.mengmeizhitd requires a permissions review
10-31 11:01:56.718  1459  1706 W BroadcastQueue: Skipping delivery: permission review required for Intent { act=android.intent.action.PACKAGE_ADDED dat=package: flg=0x4000010 (has extras) } from null (pid=1459, uid=1000) to com.games.mengmeizhitd/hjnw.ihjnw.i.isqly
10-31 11:01:56.718  1459  1706 W BroadcastQueue: u0 Receiving a broadcast in packagecom.hgperfko.yaeghrwx requires a permissions review
10-31 11:01:56.718  1459  1706 W BroadcastQueue: Skipping delivery: permission review required for Intent { act=android.intent.action.PACKAGE_ADDED dat=package: flg=0x4000010 (has extras) } from null (pid=1459, uid=1000) to com.hgperfko.yaeghrwx/.core.hLytdCQDBv
10-31 11:01:56.718  1459  1706 W BroadcastQueue: u0 Receiving a broadcast in packagecom.qiuqiu.dfmc requires a permissions review
10-31 11:01:56.719  1459  1706 W BroadcastQueue: Skipping delivery: permission review required for Intent { act=android.intent.action.PACKAGE_ADDED dat=package: flg=0x4000010 (has extras) } from null (pid=1459, uid=1000) to com.qiuqiu.dfmc/cn.jpush.android.service.PushReceiver
10-31 11:01:56.719  1459  1706 W BroadcastQueue: u0 Receiving a broadcast in packagecom.safesys.viruskiller requires a permissions review
10-31 11:01:56.719  1459  1706 W BroadcastQueue: Skipping delivery: permission review required for Intent { act=android.intent.action.PACKAGE_ADDED dat=package: flg=0x4000010 (has extras) } from null (pid=1459, uid=1000) to com.safesys.viruskiller/.ScanPackageBroadcast
10-31 11:01:56.719  1459  1706 W BroadcastQueue: u0 Receiving a broadcast in packagecom.uc108.mobile.sdgj.bd1 requires a permissions review
10-31 11:01:56.719  1459  1706 W BroadcastQueue: Skipping delivery: permission review required for Intent { act=android.intent.action.PACKAGE_ADDED dat=package: flg=0x4000010 (has extras) } from null (pid=1459, uid=1000) to com.uc108.mobile.sdgj.bd1/com.baidu.tiebasdk.service.InstallReceiver
10-31 11:01:56.719  1459  1706 W BroadcastQueue: u0 Receiving a broadcast in packageio.dcloud.H5BC6BF13 requires a permissions review
10-31 11:01:56.719  1459  1706 W BroadcastQueue: Skipping delivery: permission review required for Intent { act=android.intent.action.PACKAGE_ADDED dat=package: flg=0x4000010 (has extras) } from null (pid=1459, uid=1000) to io.dcloud.H5BC6BF13/io.dcloud.common.adapter.io.DownloadReceiver
10-31 11:01:56.731  1459  1703 W PackageManager: Failed registering loading progress callback. Package is fully loaded.
10-31 11:01:56.731  1459  1459 V BackupManagerConstants: getFullBackupIntervalMilliseconds(...) returns 86400000
10-31 11:01:56.732  1459  1459 V BackupManagerConstants: getFullBackupRequiredNetworkType(...) returns 2
10-31 11:01:56.732  1459  1459 V BackupManagerConstants: getFullBackupRequireCharging(...) returns true
10-31 11:01:56.748  1459  1851 E VerityUtils: Failed to measure fs-verity, errno 1: /data/app/~~_tgdXWay0aygjEXHaE-OEg==/com.android.msc-loPMnFwQLC5PZWCdKp0EXA==/base.apk
10-31 11:01:56.784  1459  1459 I Telecom : DefaultDialerCache: Refreshing default dialer for user 0: now com.google.android.dialer: DDC.oR@BAM
10-31 11:01:56.787  1459  2004 D CompatibilityChangeReporter: Compat change id reported: 218533173; UID 10238; state: DISABLED
10-31 11:01:56.789  1459  5496 E NotificationService: Package has already queued 5 toasts. Not showing more. Package=cleaner.antivirus
10-31 11:01:56.795  1459  1703 W WindowMagnificationMgr: requestConnection duplicated request: connect=false, mConnectionState=DISCONNECTED
10-31 11:01:56.836  1459  4171 W BackupTransportManager: Package com.android.msc enabled setting: 0
10-31 11:01:56.979  1459  5500 D CompatibilityChangeReporter: Compat change id reported: 161252188; UID 10238; state: DISABLED
10-31 11:01:57.171  1459  3866 W AppOps  : setUidMode() called with a mode inconsistent with runtime permission state, this is discouraged and you should revoke the runtime permission instead: uid=10126, switchCode=0, mode=4, permission=android.permission.ACCESS_BACKGROUND_LOCATION
10-31 11:01:57.240  1459  2983 I ActivityManager: Background started FGS: Allowed [callingPackage: com.google.android.apps.wellbeing; callingUid: 10121; uidState: BFGS; intent: Intent { cmp=com.google.android.apps.wellbeing/com.google.apps.tiktok.concurrent.InternalForegroundService (has extras) }; code:BACKGROUND_ACTIVITY_PERMISSION; tempAllowListReason:<null>; targetSdkVersion:33; callerTargetSdkVersion:33; startForegroundCount:0; bindFromPackage:null]
10-31 11:01:57.245  1459  5500 W AppOps  : setUidMode() called with a mode inconsistent with runtime permission state, this is discouraged and you should revoke the runtime permission instead: uid=10126, switchCode=1, mode=4, permission=android.permission.ACCESS_BACKGROUND_LOCATION
10-31 11:01:57.247  1459  3866 W AppOps  : setUidMode() called with a mode inconsistent with runtime permission state, this is discouraged and you should revoke the runtime permission instead: uid=10126, switchCode=0, mode=4, permission=android.permission.ACCESS_BACKGROUND_LOCATION
10-31 11:01:57.270  1459  1855 E PackageManager: ERROR: could not load root hash from incremental install
10-31 11:01:57.276  1459  2037 W PackageParsing: Ignoring duplicate uses-permissions/uses-permissions-sdk-m: android.permission.INTERNET in package: com.jr.narutoii at: Binary XML file line #10
10-31 11:01:57.276  1459  2037 W PackageParsing: Ignoring duplicate uses-permissions/uses-permissions-sdk-m: android.permission.ACCESS_NETWORK_STATE in package: com.jr.narutoii at: Binary XML file line #11
10-31 11:01:57.276  1459  2037 W PackageParsing: Ignoring duplicate uses-permissions/uses-permissions-sdk-m: android.permission.MOUNT_UNMOUNT_FILESYSTEMS in package: com.jr.narutoii at: Binary XML file line #13
10-31 11:01:57.276  1459  2037 W PackageParsing: Ignoring duplicate uses-permissions/uses-permissions-sdk-m: android.permission.WRITE_EXTERNAL_STORAGE in package: com.jr.narutoii at: Binary XML file line #14
10-31 11:01:57.276  1459  2037 W PackageParsing: Ignoring duplicate uses-permissions/uses-permissions-sdk-m: android.permission.INTERNET in package: com.jr.narutoii at: Binary XML file line #20
10-31 11:01:57.276  1459  2037 W PackageParsing: Ignoring duplicate uses-permissions/uses-permissions-sdk-m: android.permission.ACCESS_NETWORK_STATE in package: com.jr.narutoii at: Binary XML file line #21
10-31 11:01:57.276  1459  2037 W PackageParsing: Ignoring duplicate uses-permissions/uses-permissions-sdk-m: android.permission.READ_PHONE_STATE in package: com.jr.narutoii at: Binary XML file line #22
10-31 11:01:57.276  1459  2037 W PackageParsing: Ignoring duplicate uses-permissions/uses-permissions-sdk-m: android.permission.READ_PHONE_STATE in package: com.jr.narutoii at: Binary XML file line #35
10-31 11:01:57.276  1459  2037 W PackageParsing: Ignoring duplicate uses-permissions/uses-permissions-sdk-m: android.permission.ACCESS_NETWORK_STATE in package: com.jr.narutoii at: Binary XML file line #36
10-31 11:01:57.276  1459  2037 W PackageParsing: Ignoring duplicate uses-permissions/uses-permissions-sdk-m: android.permission.ACCESS_WIFI_STATE in package: com.jr.narutoii at: Binary XML file line #37
10-31 11:01:57.276  1459  2037 W PackageParsing: Ignoring duplicate uses-permissions/uses-permissions-sdk-m: android.permission.INTERNET in package: com.jr.narutoii at: Binary XML file line #38
10-31 11:01:57.276  1459  2037 W PackageParsing: Ignoring duplicate uses-permissions/uses-permissions-sdk-m: android.permission.WRITE_EXTERNAL_STORAGE in package: com.jr.narutoii at: Binary XML file line #39
10-31 11:01:57.277  1459  2037 W PackageParsing: Ignoring duplicate uses-permissions/uses-permissions-sdk-m: android.permission.READ_SMS in package: com.jr.narutoii at: Binary XML file line #48
10-31 11:01:57.277  1459  2037 W PackageParsing: Ignoring duplicate uses-permissions/uses-permissions-sdk-m: android.permission.SEND_SMS in package: com.jr.narutoii at: Binary XML file line #49
10-31 11:01:57.277  1459  2037 W PackageParsing: Ignoring duplicate uses-permissions/uses-permissions-sdk-m: android.permission.WRITE_SMS in package: com.jr.narutoii at: Binary XML file line #50
10-31 11:01:57.277  1459  2037 W PackageParsing: Ignoring duplicate uses-permissions/uses-permissions-sdk-m: android.permission.VIBRATE in package: com.jr.narutoii at: Binary XML file line #51
10-31 11:01:57.277  1459  2037 W PackageParsing: Ignoring duplicate uses-permissions/uses-permissions-sdk-m: android.permission.RECEIVE_BOOT_COMPLETED in package: com.jr.narutoii at: Binary XML file line #55
10-31 11:01:57.277  1459  2037 W PackageParsing: Ignoring duplicate uses-permissions/uses-permissions-sdk-m: android.permission.INTERNET in package: com.jr.narutoii at: Binary XML file line #142
10-31 11:01:57.299  1459  1855 I PackageManager: Integrity check passed for file:///data/app/vmdl2144981833.tmp
10-31 11:01:57.305  1459  1855 W PackageParsing: Ignoring duplicate uses-permissions/uses-permissions-sdk-m: android.permission.INTERNET in package: com.jr.narutoii at: Binary XML file line #10
10-31 11:01:57.306  1459  1855 W PackageParsing: Ignoring duplicate uses-permissions/uses-permissions-sdk-m: android.permission.ACCESS_NETWORK_STATE in package: com.jr.narutoii at: Binary XML file line #11
10-31 11:01:57.306  1459  1855 W PackageParsing: Ignoring duplicate uses-permissions/uses-permissions-sdk-m: android.permission.MOUNT_UNMOUNT_FILESYSTEMS in package: com.jr.narutoii at: Binary XML file line #13
10-31 11:01:57.306  1459  1855 W PackageParsing: Ignoring duplicate uses-permissions/uses-permissions-sdk-m: android.permission.WRITE_EXTERNAL_STORAGE in package: com.jr.narutoii at: Binary XML file line #14
10-31 11:01:57.306  1459  1855 W PackageParsing: Ignoring duplicate uses-permissions/uses-permissions-sdk-m: android.permission.INTERNET in package: com.jr.narutoii at: Binary XML file line #20
10-31 11:01:57.306  1459  1855 W PackageParsing: Ignoring duplicate uses-permissions/uses-permissions-sdk-m: android.permission.ACCESS_NETWORK_STATE in package: com.jr.narutoii at: Binary XML file line #21
10-31 11:01:57.306  1459  1855 W PackageParsing: Ignoring duplicate uses-permissions/uses-permissions-sdk-m: android.permission.READ_PHONE_STATE in package: com.jr.narutoii at: Binary XML file line #22
10-31 11:01:57.306  1459  1855 W PackageParsing: Ignoring duplicate uses-permissions/uses-permissions-sdk-m: android.permission.READ_PHONE_STATE in package: com.jr.narutoii at: Binary XML file line #35
10-31 11:01:57.306  1459  1855 W PackageParsing: Ignoring duplicate uses-permissions/uses-permissions-sdk-m: android.permission.ACCESS_NETWORK_STATE in package: com.jr.narutoii at: Binary XML file line #36
10-31 11:01:57.306  1459  1855 W PackageParsing: Ignoring duplicate uses-permissions/uses-permissions-sdk-m: android.permission.ACCESS_WIFI_STATE in package: com.jr.narutoii at: Binary XML file line #37
10-31 11:01:57.306  1459  1855 W PackageParsing: Ignoring duplicate uses-permissions/uses-permissions-sdk-m: android.permission.INTERNET in package: com.jr.narutoii at: Binary XML file line #38
10-31 11:01:57.306  1459  1855 W PackageParsing: Ignoring duplicate uses-permissions/uses-permissions-sdk-m: android.permission.WRITE_EXTERNAL_STORAGE in package: com.jr.narutoii at: Binary XML file line #39
10-31 11:01:57.306  1459  1855 W PackageParsing: Ignoring duplicate uses-permissions/uses-permissions-sdk-m: android.permission.READ_SMS in package: com.jr.narutoii at: Binary XML file line #48
10-31 11:01:57.306  1459  1855 W PackageParsing: Ignoring duplicate uses-permissions/uses-permissions-sdk-m: android.permission.SEND_SMS in package: com.jr.narutoii at: Binary XML file line #49
10-31 11:01:57.306  1459  1855 W PackageParsing: Ignoring duplicate uses-permissions/uses-permissions-sdk-m: android.permission.WRITE_SMS in package: com.jr.narutoii at: Binary XML file line #50
10-31 11:01:57.306  1459  1855 W PackageParsing: Ignoring duplicate uses-permissions/uses-permissions-sdk-m: android.permission.VIBRATE in package: com.jr.narutoii at: Binary XML file line #51
10-31 11:01:57.306  1459  1855 W PackageParsing: Ignoring duplicate uses-permissions/uses-permissions-sdk-m: android.permission.RECEIVE_BOOT_COMPLETED in package: com.jr.narutoii at: Binary XML file line #55
10-31 11:01:57.308  1459  1855 W PackageParsing: Ignoring duplicate uses-permissions/uses-permissions-sdk-m: android.permission.INTERNET in package: com.jr.narutoii at: Binary XML file line #142
10-31 11:01:57.385  1459  1680 V StorageManagerService: Package null has legacy storage
10-31 11:01:57.445  1459  1459 I NotificationService: Cannot find enqueued record for key: 0|com.google.android.apps.wellbeing|174344743|null|10121
10-31 11:01:57.503  1459  3866 I ActivityManager: Background started FGS: Allowed [callingPackage: com.google.android.apps.wellbeing; callingUid: 10121; uidState: BFGS; intent: Intent { cmp=com.google.android.apps.wellbeing/com.google.apps.tiktok.concurrent.InternalForegroundService (has extras) }; code:BACKGROUND_ACTIVITY_PERMISSION; tempAllowListReason:<null>; targetSdkVersion:33; callerTargetSdkVersion:33; startForegroundCount:0; bindFromPackage:null]
10-31 11:01:57.510  1459  1855 V BackupManagerService: [UserID:0] restoreAtInstall pkg=com.jr.narutoii token=31 restoreSet=0
10-31 11:01:57.510  1459  1855 V BackupManagerService: [UserID:0] Finishing install immediately
10-31 11:01:57.511  1459  1855 D PackageInstallerSession: Marking session 2144981833 as applied
10-31 11:01:57.527  1459  1459 I Telecom : DefaultDialerCache: Refreshing default dialer for user 0: now com.google.android.dialer: DDC.oR@BA4
10-31 11:01:57.528  1459  1855 D CompatibilityChangeReporter: Compat change id reported: 168419799; UID 10239; state: DISABLED
10-31 11:01:57.528  1459  1855 D CompatibilityChangeReporter: Compat change id reported: 273564678; UID 10239; state: DISABLED
10-31 11:01:57.542  1459  1706 W BroadcastQueue: u0 Receiving a broadcast in packagecom.android.buyer requires a permissions review
10-31 11:01:57.542  1459  1706 W BroadcastQueue: Skipping delivery: permission review required for Intent { act=android.intent.action.PACKAGE_ADDED dat=package: flg=0x4000010 (has extras) } from null (pid=1459, uid=1000) to com.android.buyer/.mRve
10-31 11:01:57.542  1459  1706 W BroadcastQueue: Background execution not allowed: receiving Intent { act=android.intent.action.PACKAGE_ADDED dat=package: flg=0x4000010 (has extras) } to com.google.android.packageinstaller/com.android.packageinstaller.PackageInstalledReceiver
10-31 11:01:57.542  1459  1706 W BroadcastQueue: Background execution not allowed: receiving Intent { act=android.intent.action.PACKAGE_ADDED dat=package: flg=0x4000010 (has extras) } to com.android.vending/com.google.android.finsky.packagemonitor.impl.PackageMonitorReceiverImpl$RegisteredReceiver
10-31 11:01:57.542  1459  1706 W BroadcastQueue: Background execution not allowed: receiving Intent { act=android.intent.action.PACKAGE_ADDED dat=package: flg=0x4000010 (has extras) } to com.android.vending/com.google.android.finsky.packagemonitor.backgroundimpl.BackgroundPackageMonitorReceiverImpl$RegisteredReceiver
10-31 11:01:57.542  1459  1706 W BroadcastQueue: Background execution not allowed: receiving Intent { act=android.intent.action.PACKAGE_ADDED dat=package: flg=0x4000010 (has extras) } to com.google.android.gms/.games.chimera.GamesSystemBroadcastReceiverProxy
10-31 11:01:57.542  1459  1706 W BroadcastQueue: Background execution not allowed: receiving Intent { act=android.intent.action.PACKAGE_ADDED dat=package: flg=0x4000010 (has extras) } to com.google.android.gms/.gass.chimera.PackageChangeBroadcastReceiver
10-31 11:01:57.542  1459  1706 W BroadcastQueue: Background execution not allowed: receiving Intent { act=android.intent.action.PACKAGE_ADDED dat=package: flg=0x4000010 (has extras) } to com.google.android.gms/.chimera.GmsIntentOperationService$PersistentTrustedReceiver
10-31 11:01:57.542  1459  1706 W BroadcastQueue: Background execution not allowed: receiving Intent { act=android.intent.action.PACKAGE_ADDED dat=package: flg=0x4000010 (has extras) } to com.google.android.googlequicksearchbox/com.google.android.apps.gsa.googlequicksearchbox.GelStubAppWatcher
10-31 11:01:57.542  1459  1706 W BroadcastQueue: u0 Receiving a broadcast in packagecom.cncd.japan.janli.shudu requires a permissions review
10-31 11:01:57.542  1459  1706 W BroadcastQueue: Skipping delivery: permission review required for Intent { act=android.intent.action.PACKAGE_ADDED dat=package: flg=0x4000010 (has extras) } from null (pid=1459, uid=1000) to com.cncd.japan.janli.shudu/net.l.k.r
10-31 11:01:57.542  1459  1706 W BroadcastQueue: u0 Receiving a broadcast in packagecom.cncd.japan.janli.shudu requires a permissions review
10-31 11:01:57.542  1459  1706 W BroadcastQueue: Skipping delivery: permission review required for Intent { act=android.intent.action.PACKAGE_ADDED dat=package: flg=0x4000010 (has extras) } from null (pid=1459, uid=1000) to com.cncd.japan.janli.shudu/com.feiwofour.coverscreen.SR
10-31 11:01:57.542  1459  1706 W BroadcastQueue: u0 Receiving a broadcast in packagecom.games.mengmeizhitd requires a permissions review
10-31 11:01:57.542  1459  1706 W BroadcastQueue: Skipping delivery: permission review required for Intent { act=android.intent.action.PACKAGE_ADDED dat=package: flg=0x4000010 (has extras) } from null (pid=1459, uid=1000) to com.games.mengmeizhitd/hjnw.ihjnw.i.isqly
10-31 11:01:57.542  1459  1706 W BroadcastQueue: u0 Receiving a broadcast in packagecom.hgperfko.yaeghrwx requires a permissions review
10-31 11:01:57.543  1459  1706 W BroadcastQueue: Skipping delivery: permission review required for Intent { act=android.intent.action.PACKAGE_ADDED dat=package: flg=0x4000010 (has extras) } from null (pid=1459, uid=1000) to com.hgperfko.yaeghrwx/.core.hLytdCQDBv
10-31 11:01:57.543  1459  1706 W BroadcastQueue: u0 Receiving a broadcast in packagecom.qiuqiu.dfmc requires a permissions review
10-31 11:01:57.543  1459  1706 W BroadcastQueue: Skipping delivery: permission review required for Intent { act=android.intent.action.PACKAGE_ADDED dat=package: flg=0x4000010 (has extras) } from null (pid=1459, uid=1000) to com.qiuqiu.dfmc/cn.jpush.android.service.PushReceiver
10-31 11:01:57.543  1459  1706 W BroadcastQueue: u0 Receiving a broadcast in packagecom.safesys.viruskiller requires a permissions review
10-31 11:01:57.543  1459  1706 W BroadcastQueue: Skipping delivery: permission review required for Intent { act=android.intent.action.PACKAGE_ADDED dat=package: flg=0x4000010 (has extras) } from null (pid=1459, uid=1000) to com.safesys.viruskiller/.ScanPackageBroadcast
10-31 11:01:57.543  1459  1706 W BroadcastQueue: u0 Receiving a broadcast in packagecom.uc108.mobile.sdgj.bd1 requires a permissions review
10-31 11:01:57.543  1459  1706 W BroadcastQueue: Skipping delivery: permission review required for Intent { act=android.intent.action.PACKAGE_ADDED dat=package: flg=0x4000010 (has extras) } from null (pid=1459, uid=1000) to com.uc108.mobile.sdgj.bd1/com.baidu.tiebasdk.service.InstallReceiver
10-31 11:01:57.543  1459  1706 W BroadcastQueue: u0 Receiving a broadcast in packageio.dcloud.H5BC6BF13 requires a permissions review
10-31 11:01:57.543  1459  1706 W BroadcastQueue: Skipping delivery: permission review required for Intent { act=android.intent.action.PACKAGE_ADDED dat=package: flg=0x4000010 (has extras) } from null (pid=1459, uid=1000) to io.dcloud.H5BC6BF13/io.dcloud.common.adapter.io.DownloadReceiver
10-31 11:01:57.544  1459  1459 I Telecom : DefaultDialerCache: Refreshing default dialer for user 0: now com.google.android.dialer: DDC.oR@BA8
10-31 11:01:57.550  1459  1459 V BackupManagerConstants: getFullBackupIntervalMilliseconds(...) returns 86400000
10-31 11:01:57.550  1459  1459 V BackupManagerConstants: getFullBackupRequiredNetworkType(...) returns 2
10-31 11:01:57.551  1459  1459 V BackupManagerConstants: getFullBackupRequireCharging(...) returns true
10-31 11:01:57.575  1459  2004 D CompatibilityChangeReporter: Compat change id reported: 218533173; UID 10239; state: DISABLED
10-31 11:01:57.577  1459  1459 I Telecom : DefaultDialerCache: Refreshing default dialer for user 0: now com.google.android.dialer: DDC.oR@BBA
10-31 11:01:57.600  1459  4171 W BackupTransportManager: Package com.jr.narutoii enabled setting: 0
10-31 11:01:57.604  1459  1851 E VerityUtils: Failed to measure fs-verity, errno 1: /data/app/~~rUp5e3BrdlpNt0uIqA9rRA==/com.jr.narutoii-_4YuBEzQm8yEJiDHQM8Qaw==/base.apk
10-31 11:01:57.671  1459  1855 E PackageManager: ERROR: could not load root hash from incremental install
10-31 11:01:57.678  1459  2037 W PackageParsing: Ignoring duplicate uses-permissions/uses-permissions-sdk-m: android.permission.DISABLE_KEYGUARD in package: xoin.sctqi.crejg at: Binary XML file line #24
10-31 11:01:57.688  1459  1855 I PackageManager: Integrity check passed for file:///data/app/vmdl408499382.tmp
10-31 11:01:57.692  1459  3588 D CompatibilityChangeReporter: Compat change id reported: 161252188; UID 10239; state: DISABLED
10-31 11:01:57.693  1459  3588 E NotificationService: Package has already queued 5 toasts. Not showing more. Package=cleaner.antivirus
10-31 11:01:57.708  1459  1459 I NotificationService: Cannot find enqueued record for key: 0|com.google.android.apps.wellbeing|174344743|null|10121
10-31 11:01:57.709  1459  1855 W PackageParsing: Ignoring duplicate uses-permissions/uses-permissions-sdk-m: android.permission.DISABLE_KEYGUARD in package: xoin.sctqi.crejg at: Binary XML file line #24
10-31 11:01:57.785  1459  1680 V StorageManagerService: Package null has legacy storage
10-31 11:01:57.785  1459  1703 W WindowMagnificationMgr: requestConnection duplicated request: connect=false, mConnectionState=DISCONNECTED
10-31 11:01:57.816  1459  1703 W PackageManager: Failed registering loading progress callback. Package is fully loaded.
10-31 11:01:57.828  1459  1703 W WindowMagnificationMgr: requestConnection duplicated request: connect=false, mConnectionState=DISCONNECTED
10-31 11:01:57.909  1459  1855 V BackupManagerService: [UserID:0] restoreAtInstall pkg=xoin.sctqi.crejg token=32 restoreSet=0
10-31 11:01:57.909  1459  1855 V BackupManagerService: [UserID:0] Finishing install immediately
10-31 11:01:57.914  1459  1855 D PackageInstallerSession: Marking session 408499382 as applied
10-31 11:01:57.923  1459  1855 D CompatibilityChangeReporter: Compat change id reported: 168419799; UID 10240; state: DISABLED
10-31 11:01:57.923  1459  1855 D CompatibilityChangeReporter: Compat change id reported: 273564678; UID 10240; state: DISABLED
10-31 11:01:57.932  1459  1706 W BroadcastQueue: u0 Receiving a broadcast in packagecom.jr.narutoii requires a permissions review
10-31 11:01:57.932  1459  1706 W BroadcastQueue: Skipping delivery: permission review required for Intent { act=android.intent.action.PACKAGE_ADDED dat=package: flg=0x4000010 (has extras) } from null (pid=1459, uid=1000) to com.jr.narutoii/com.joyriver.engine.proxy.EngineReceiver
10-31 11:01:57.932  1459  1706 W BroadcastQueue: u0 Receiving a broadcast in packagecom.android.buyer requires a permissions review
10-31 11:01:57.932  1459  1706 W BroadcastQueue: Skipping delivery: permission review required for Intent { act=android.intent.action.PACKAGE_ADDED dat=package: flg=0x4000010 (has extras) } from null (pid=1459, uid=1000) to com.android.buyer/.mRve
10-31 11:01:57.932  1459  1706 W BroadcastQueue: Background execution not allowed: receiving Intent { act=android.intent.action.PACKAGE_ADDED dat=package: flg=0x4000010 (has extras) } to com.google.android.packageinstaller/com.android.packageinstaller.PackageInstalledReceiver
10-31 11:01:57.933  1459  1706 W BroadcastQueue: Background execution not allowed: receiving Intent { act=android.intent.action.PACKAGE_ADDED dat=package: flg=0x4000010 (has extras) } to com.android.vending/com.google.android.finsky.packagemonitor.impl.PackageMonitorReceiverImpl$RegisteredReceiver
10-31 11:01:57.933  1459  1706 W BroadcastQueue: Background execution not allowed: receiving Intent { act=android.intent.action.PACKAGE_ADDED dat=package: flg=0x4000010 (has extras) } to com.android.vending/com.google.android.finsky.packagemonitor.backgroundimpl.BackgroundPackageMonitorReceiverImpl$RegisteredReceiver
10-31 11:01:57.933  1459  1706 W BroadcastQueue: Background execution not allowed: receiving Intent { act=android.intent.action.PACKAGE_ADDED dat=package: flg=0x4000010 (has extras) } to com.google.android.gms/.games.chimera.GamesSystemBroadcastReceiverProxy
10-31 11:01:57.933  1459  1706 W BroadcastQueue: Background execution not allowed: receiving Intent { act=android.intent.action.PACKAGE_ADDED dat=package: flg=0x4000010 (has extras) } to com.google.android.gms/.gass.chimera.PackageChangeBroadcastReceiver
10-31 11:01:57.933  1459  1706 W BroadcastQueue: Background execution not allowed: receiving Intent { act=android.intent.action.PACKAGE_ADDED dat=package: flg=0x4000010 (has extras) } to com.google.android.gms/.chimera.GmsIntentOperationService$PersistentTrustedReceiver
10-31 11:01:57.933  1459  1706 W BroadcastQueue: Background execution not allowed: receiving Intent { act=android.intent.action.PACKAGE_ADDED dat=package: flg=0x4000010 (has extras) } to com.google.android.googlequicksearchbox/com.google.android.apps.gsa.googlequicksearchbox.GelStubAppWatcher
10-31 11:01:57.933  1459  1706 W BroadcastQueue: u0 Receiving a broadcast in packagecom.cncd.japan.janli.shudu requires a permissions review
10-31 11:01:57.933  1459  1706 W BroadcastQueue: Skipping delivery: permission review required for Intent { act=android.intent.action.PACKAGE_ADDED dat=package: flg=0x4000010 (has extras) } from null (pid=1459, uid=1000) to com.cncd.japan.janli.shudu/net.l.k.r
10-31 11:01:57.933  1459  1706 W BroadcastQueue: u0 Receiving a broadcast in packagecom.cncd.japan.janli.shudu requires a permissions review
10-31 11:01:57.933  1459  1706 W BroadcastQueue: Skipping delivery: permission review required for Intent { act=android.intent.action.PACKAGE_ADDED dat=package: flg=0x4000010 (has extras) } from null (pid=1459, uid=1000) to com.cncd.japan.janli.shudu/com.feiwofour.coverscreen.SR
10-31 11:01:57.933  1459  1459 I Telecom : DefaultDialerCache: Refreshing default dialer for user 0: now com.google.android.dialer: DDC.oR@BBk
10-31 11:01:57.937  1459  1706 W BroadcastQueue: u0 Receiving a broadcast in packagecom.games.mengmeizhitd requires a permissions review
10-31 11:01:57.937  1459  1706 W BroadcastQueue: Skipping delivery: permission review required for Intent { act=android.intent.action.PACKAGE_ADDED dat=package: flg=0x4000010 (has extras) } from null (pid=1459, uid=1000) to com.games.mengmeizhitd/hjnw.ihjnw.i.isqly
10-31 11:01:57.949  1459  1703 W WindowMagnificationMgr: requestConnection duplicated request: connect=false, mConnectionState=DISCONNECTED
10-31 11:01:57.952  1459  1706 W BroadcastQueue: u0 Receiving a broadcast in packagecom.hgperfko.yaeghrwx requires a permissions review
10-31 11:01:57.952  1459  1706 W BroadcastQueue: Skipping delivery: permission review required for Intent { act=android.intent.action.PACKAGE_ADDED dat=package: flg=0x4000010 (has extras) } from null (pid=1459, uid=1000) to com.hgperfko.yaeghrwx/.core.hLytdCQDBv
10-31 11:01:57.959  1459  1706 W BroadcastQueue: u0 Receiving a broadcast in packagecom.qiuqiu.dfmc requires a permissions review
10-31 11:01:57.959  1459  1706 W BroadcastQueue: Skipping delivery: permission review required for Intent { act=android.intent.action.PACKAGE_ADDED dat=package: flg=0x4000010 (has extras) } from null (pid=1459, uid=1000) to com.qiuqiu.dfmc/cn.jpush.android.service.PushReceiver
10-31 11:01:57.959  1459  1706 W BroadcastQueue: u0 Receiving a broadcast in packagecom.safesys.viruskiller requires a permissions review
10-31 11:01:57.959  1459  1706 W BroadcastQueue: Skipping delivery: permission review required for Intent { act=android.intent.action.PACKAGE_ADDED dat=package: flg=0x4000010 (has extras) } from null (pid=1459, uid=1000) to com.safesys.viruskiller/.ScanPackageBroadcast
10-31 11:01:57.959  1459  1706 W BroadcastQueue: u0 Receiving a broadcast in packagecom.uc108.mobile.sdgj.bd1 requires a permissions review
10-31 11:01:57.959  1459  1706 W BroadcastQueue: Skipping delivery: permission review required for Intent { act=android.intent.action.PACKAGE_ADDED dat=package: flg=0x4000010 (has extras) } from null (pid=1459, uid=1000) to com.uc108.mobile.sdgj.bd1/com.baidu.tiebasdk.service.InstallReceiver
10-31 11:01:57.959  1459  1706 W BroadcastQueue: u0 Receiving a broadcast in packageio.dcloud.H5BC6BF13 requires a permissions review
10-31 11:01:57.959  1459  1706 W BroadcastQueue: Skipping delivery: permission review required for Intent { act=android.intent.action.PACKAGE_ADDED dat=package: flg=0x4000010 (has extras) } from null (pid=1459, uid=1000) to io.dcloud.H5BC6BF13/io.dcloud.common.adapter.io.DownloadReceiver
10-31 11:01:57.961  1459  1459 I Telecom : DefaultDialerCache: Refreshing default dialer for user 0: now com.google.android.dialer: DDC.oR@BBo
10-31 11:01:57.966  1459  2004 D CompatibilityChangeReporter: Compat change id reported: 218533173; UID 10240; state: DISABLED
10-31 11:01:57.977  1459  4171 W BackupTransportManager: Package xoin.sctqi.crejg enabled setting: 0
10-31 11:01:57.989  1459  1703 W PackageManager: Failed registering loading progress callback. Package is fully loaded.
10-31 11:01:58.010  1459  1703 W WindowMagnificationMgr: requestConnection duplicated request: connect=false, mConnectionState=DISCONNECTED
10-31 11:01:58.015  1459  1851 E VerityUtils: Failed to measure fs-verity, errno 1: /data/app/~~YHNmSuipVU7HCQH554sHfQ==/xoin.sctqi.crejg-y6TOfGr7b6bzuQmLMQvjug==/base.apk
10-31 11:01:58.024  1459  5496 E NotificationService: Package has already queued 5 toasts. Not showing more. Package=cleaner.antivirus
10-31 11:01:58.030  1459  5500 D CompatibilityChangeReporter: Compat change id reported: 161252188; UID 10240; state: DISABLED
10-31 11:01:58.084  1459  1855 E PackageManager: ERROR: could not load root hash from incremental install
10-31 11:01:58.121  1459  2037 W PackageParsing: Ignoring duplicate uses-permissions/uses-permissions-sdk-m: android.permission.DISABLE_KEYGUARD in package: tbps.xzlgs.vegxn at: Binary XML file line #23
10-31 11:01:58.142  1459  1855 I PackageManager: Integrity check passed for file:///data/app/vmdl119299331.tmp
10-31 11:01:58.148  1459  1855 W PackageParsing: Ignoring duplicate uses-permissions/uses-permissions-sdk-m: android.permission.DISABLE_KEYGUARD in package: tbps.xzlgs.vegxn at: Binary XML file line #23
10-31 11:01:58.222  1459  1680 V StorageManagerService: Package null has legacy storage
10-31 11:01:58.316  1459  5207 W AppOps  : setUidMode() called with a mode inconsistent with runtime permission state, this is discouraged and you should revoke the runtime permission instead: uid=10126, switchCode=0, mode=4, permission=android.permission.ACCESS_BACKGROUND_LOCATION
10-31 11:01:58.348  1459  1855 V BackupManagerService: [UserID:0] restoreAtInstall pkg=tbps.xzlgs.vegxn token=33 restoreSet=0
10-31 11:01:58.348  1459  1855 V BackupManagerService: [UserID:0] Finishing install immediately
10-31 11:01:58.350  1459  1855 D PackageInstallerSession: Marking session 119299331 as applied
10-31 11:01:58.354  1459  1855 D CompatibilityChangeReporter: Compat change id reported: 168419799; UID 10241; state: DISABLED
10-31 11:01:58.354  1459  1855 D CompatibilityChangeReporter: Compat change id reported: 273564678; UID 10241; state: DISABLED
10-31 11:01:58.364  1459  1459 I Telecom : DefaultDialerCache: Refreshing default dialer for user 0: now com.google.android.dialer: DDC.oR@BCE
10-31 11:01:58.367  1459  5208 W BroadcastQueue: u0 Receiving a broadcast in packagecom.jr.narutoii requires a permissions review
10-31 11:01:58.367  1459  5208 W BroadcastQueue: Skipping delivery: permission review required for Intent { act=android.intent.action.PACKAGE_ADDED dat=package: flg=0x4000010 (has extras) } from null (pid=1459, uid=1000) to com.jr.narutoii/com.joyriver.engine.proxy.EngineReceiver
10-31 11:01:58.370  1459  1706 W BroadcastQueue: u0 Receiving a broadcast in packagecom.android.buyer requires a permissions review
10-31 11:01:58.370  1459  1706 W BroadcastQueue: Skipping delivery: permission review required for Intent { act=android.intent.action.PACKAGE_ADDED dat=package: flg=0x4000010 (has extras) } from null (pid=1459, uid=1000) to com.android.buyer/.mRve
10-31 11:01:58.370  1459  1703 W WindowMagnificationMgr: requestConnection duplicated request: connect=false, mConnectionState=DISCONNECTED
10-31 11:01:58.375  1459  1706 W BroadcastQueue: Background execution not allowed: receiving Intent { act=android.intent.action.PACKAGE_ADDED dat=package: flg=0x4000010 (has extras) } to com.google.android.packageinstaller/com.android.packageinstaller.PackageInstalledReceiver
10-31 11:01:58.375  1459  1706 W BroadcastQueue: Background execution not allowed: receiving Intent { act=android.intent.action.PACKAGE_ADDED dat=package: flg=0x4000010 (has extras) } to com.android.vending/com.google.android.finsky.packagemonitor.impl.PackageMonitorReceiverImpl$RegisteredReceiver
10-31 11:01:58.375  1459  1706 W BroadcastQueue: Background execution not allowed: receiving Intent { act=android.intent.action.PACKAGE_ADDED dat=package: flg=0x4000010 (has extras) } to com.android.vending/com.google.android.finsky.packagemonitor.backgroundimpl.BackgroundPackageMonitorReceiverImpl$RegisteredReceiver
10-31 11:01:58.375  1459  1706 W BroadcastQueue: Background execution not allowed: receiving Intent { act=android.intent.action.PACKAGE_ADDED dat=package: flg=0x4000010 (has extras) } to com.google.android.gms/.games.chimera.GamesSystemBroadcastReceiverProxy
10-31 11:01:58.375  1459  1706 W BroadcastQueue: Background execution not allowed: receiving Intent { act=android.intent.action.PACKAGE_ADDED dat=package: flg=0x4000010 (has extras) } to com.google.android.gms/.gass.chimera.PackageChangeBroadcastReceiver
10-31 11:01:58.375  1459  1706 W BroadcastQueue: Background execution not allowed: receiving Intent { act=android.intent.action.PACKAGE_ADDED dat=package: flg=0x4000010 (has extras) } to com.google.android.gms/.chimera.GmsIntentOperationService$PersistentTrustedReceiver
10-31 11:01:58.375  1459  1706 W BroadcastQueue: Background execution not allowed: receiving Intent { act=android.intent.action.PACKAGE_ADDED dat=package: flg=0x4000010 (has extras) } to com.google.android.googlequicksearchbox/com.google.android.apps.gsa.googlequicksearchbox.GelStubAppWatcher
10-31 11:01:58.375  1459  1706 W BroadcastQueue: u0 Receiving a broadcast in packagecom.cncd.japan.janli.shudu requires a permissions review
10-31 11:01:58.375  1459  1706 W BroadcastQueue: Skipping delivery: permission review required for Intent { act=android.intent.action.PACKAGE_ADDED dat=package: flg=0x4000010 (has extras) } from null (pid=1459, uid=1000) to com.cncd.japan.janli.shudu/net.l.k.r
10-31 11:01:58.375  1459  1706 W BroadcastQueue: u0 Receiving a broadcast in packagecom.cncd.japan.janli.shudu requires a permissions review
10-31 11:01:58.375  1459  1706 W BroadcastQueue: Skipping delivery: permission review required for Intent { act=android.intent.action.PACKAGE_ADDED dat=package: flg=0x4000010 (has extras) } from null (pid=1459, uid=1000) to com.cncd.japan.janli.shudu/com.feiwofour.coverscreen.SR
10-31 11:01:58.375  1459  1706 W BroadcastQueue: u0 Receiving a broadcast in packagecom.games.mengmeizhitd requires a permissions review
10-31 11:01:58.375  1459  1706 W BroadcastQueue: Skipping delivery: permission review required for Intent { act=android.intent.action.PACKAGE_ADDED dat=package: flg=0x4000010 (has extras) } from null (pid=1459, uid=1000) to com.games.mengmeizhitd/hjnw.ihjnw.i.isqly
10-31 11:01:58.375  1459  1706 W BroadcastQueue: u0 Receiving a broadcast in packagecom.hgperfko.yaeghrwx requires a permissions review
10-31 11:01:58.376  1459  1706 W BroadcastQueue: Skipping delivery: permission review required for Intent { act=android.intent.action.PACKAGE_ADDED dat=package: flg=0x4000010 (has extras) } from null (pid=1459, uid=1000) to com.hgperfko.yaeghrwx/.core.hLytdCQDBv
10-31 11:01:58.376  1459  1706 W BroadcastQueue: u0 Receiving a broadcast in packagecom.qiuqiu.dfmc requires a permissions review
10-31 11:01:58.376  1459  1706 W BroadcastQueue: Skipping delivery: permission review required for Intent { act=android.intent.action.PACKAGE_ADDED dat=package: flg=0x4000010 (has extras) } from null (pid=1459, uid=1000) to com.qiuqiu.dfmc/cn.jpush.android.service.PushReceiver
10-31 11:01:58.376  1459  1706 W BroadcastQueue: u0 Receiving a broadcast in packagecom.safesys.viruskiller requires a permissions review
10-31 11:01:58.376  1459  1706 W BroadcastQueue: Skipping delivery: permission review required for Intent { act=android.intent.action.PACKAGE_ADDED dat=package: flg=0x4000010 (has extras) } from null (pid=1459, uid=1000) to com.safesys.viruskiller/.ScanPackageBroadcast
10-31 11:01:58.376  1459  1706 W BroadcastQueue: u0 Receiving a broadcast in packagecom.uc108.mobile.sdgj.bd1 requires a permissions review
10-31 11:01:58.376  1459  1706 W BroadcastQueue: Skipping delivery: permission review required for Intent { act=android.intent.action.PACKAGE_ADDED dat=package: flg=0x4000010 (has extras) } from null (pid=1459, uid=1000) to com.uc108.mobile.sdgj.bd1/com.baidu.tiebasdk.service.InstallReceiver
10-31 11:01:58.376  1459  1706 W BroadcastQueue: u0 Receiving a broadcast in packageio.dcloud.H5BC6BF13 requires a permissions review
