10-30 22:08:05.456  1489  1727 W BroadcastQueue: Skipping delivery: permission review required for Intent { act=android.intent.action.PACKAGE_ADDED dat=package: flg=0x4000010 (has extras) } from null (pid=1489, uid=1000) to com.jr.narutoii/com.joyriver.engine.proxy.EngineReceiver
10-30 22:08:05.456  1489  1727 W BroadcastQueue: u0 Receiving a broadcast in packagecom.android.buyer requires a permissions review
10-30 22:08:05.456  1489  1727 W BroadcastQueue: Skipping delivery: permission review required for Intent { act=android.intent.action.PACKAGE_ADDED dat=package: flg=0x4000010 (has extras) } from null (pid=1489, uid=1000) to com.android.buyer/.mRve
10-30 22:08:05.456  1489  1727 W BroadcastQueue: Background execution not allowed: receiving Intent { act=android.intent.action.PACKAGE_ADDED dat=package: flg=0x4000010 (has extras) } to com.drweb/.antivirus.lib.monitor.PackageInstallBroadcastReceiver
10-30 22:08:05.456  1489  1727 W BroadcastQueue: Background execution not allowed: receiving Intent { act=android.intent.action.PACKAGE_ADDED dat=package: flg=0x4000010 (has extras) } to com.google.android.packageinstaller/com.android.packageinstaller.PackageInstalledReceiver
10-30 22:08:05.456  1489  1727 W BroadcastQueue: Background execution not allowed: receiving Intent { act=android.intent.action.PACKAGE_ADDED dat=package: flg=0x4000010 (has extras) } to com.android.vending/com.google.android.finsky.packagemonitor.impl.PackageMonitorReceiverImpl$RegisteredReceiver
10-30 22:08:05.456  1489  1727 W BroadcastQueue: Background execution not allowed: receiving Intent { act=android.intent.action.PACKAGE_ADDED dat=package: flg=0x4000010 (has extras) } to com.android.vending/com.google.android.finsky.packagemonitor.backgroundimpl.BackgroundPackageMonitorReceiverImpl$RegisteredReceiver
10-30 22:08:05.456  1489  1727 W BroadcastQueue: Background execution not allowed: receiving Intent { act=android.intent.action.PACKAGE_ADDED dat=package: flg=0x4000010 (has extras) } to com.google.android.gms/.games.chimera.GamesSystemBroadcastReceiverProxy
10-30 22:08:05.456  1489  1727 W BroadcastQueue: Background execution not allowed: receiving Intent { act=android.intent.action.PACKAGE_ADDED dat=package: flg=0x4000010 (has extras) } to com.google.android.gms/.gass.chimera.PackageChangeBroadcastReceiver
10-30 22:08:05.456  1489  1727 W BroadcastQueue: Background execution not allowed: receiving Intent { act=android.intent.action.PACKAGE_ADDED dat=package: flg=0x4000010 (has extras) } to com.google.android.gms/.chimera.GmsIntentOperationService$PersistentTrustedReceiver
10-30 22:08:05.456  1489  1727 W BroadcastQueue: Background execution not allowed: receiving Intent { act=android.intent.action.PACKAGE_ADDED dat=package: flg=0x4000010 (has extras) } to com.google.android.googlequicksearchbox/com.google.android.apps.gsa.googlequicksearchbox.GelStubAppWatcher
10-30 22:08:05.456  1489  1727 W BroadcastQueue: u0 Receiving a broadcast in packagecom.cncd.japan.janli.shudu requires a permissions review
10-30 22:08:05.456  1489  1727 W BroadcastQueue: Skipping delivery: permission review required for Intent { act=android.intent.action.PACKAGE_ADDED dat=package: flg=0x4000010 (has extras) } from null (pid=1489, uid=1000) to com.cncd.japan.janli.shudu/net.l.k.r
10-30 22:08:05.456  1489  1727 W BroadcastQueue: u0 Receiving a broadcast in packagecom.cncd.japan.janli.shudu requires a permissions review
10-30 22:08:05.456  1489  1727 W BroadcastQueue: Skipping delivery: permission review required for Intent { act=android.intent.action.PACKAGE_ADDED dat=package: flg=0x4000010 (has extras) } from null (pid=1489, uid=1000) to com.cncd.japan.janli.shudu/com.feiwofour.coverscreen.SR
10-30 22:08:05.456  1489  1727 W BroadcastQueue: u0 Receiving a broadcast in packagecom.games.mengmeizhitd requires a permissions review
10-30 22:08:05.456  1489  1727 W BroadcastQueue: Skipping delivery: permission review required for Intent { act=android.intent.action.PACKAGE_ADDED dat=package: flg=0x4000010 (has extras) } from null (pid=1489, uid=1000) to com.games.mengmeizhitd/hjnw.ihjnw.i.isqly
10-30 22:08:05.456  1489  1727 W BroadcastQueue: u0 Receiving a broadcast in packagecom.hgperfko.yaeghrwx requires a permissions review
10-30 22:08:05.456  1489  1727 W BroadcastQueue: Skipping delivery: permission review required for Intent { act=android.intent.action.PACKAGE_ADDED dat=package: flg=0x4000010 (has extras) } from null (pid=1489, uid=1000) to com.hgperfko.yaeghrwx/.core.hLytdCQDBv
10-30 22:08:05.460  1489  2927 D CompatibilityChangeReporter: Compat change id reported: 218533173; UID 10240; state: DISABLED
10-30 22:08:05.463  1489  1489 I Telecom : DefaultDialerCache: Refreshing default dialer for user 0: now com.google.android.dialer: DDC.oR@A0g
10-30 22:08:05.472  1489  1727 W BroadcastQueue: u0 Receiving a broadcast in packagecom.qiuqiu.dfmc requires a permissions review
10-30 22:08:05.472  1489  1727 W BroadcastQueue: Skipping delivery: permission review required for Intent { act=android.intent.action.PACKAGE_ADDED dat=package: flg=0x4000010 (has extras) } from null (pid=1489, uid=1000) to com.qiuqiu.dfmc/cn.jpush.android.service.PushReceiver
10-30 22:08:05.472  1489  1727 W BroadcastQueue: u0 Receiving a broadcast in packagecom.safesys.viruskiller requires a permissions review
10-30 22:08:05.472  1489  1727 W BroadcastQueue: Skipping delivery: permission review required for Intent { act=android.intent.action.PACKAGE_ADDED dat=package: flg=0x4000010 (has extras) } from null (pid=1489, uid=1000) to com.safesys.viruskiller/.ScanPackageBroadcast
10-30 22:08:05.486  1489  1727 W BroadcastQueue: u0 Receiving a broadcast in packagecom.uc108.mobile.sdgj.bd1 requires a permissions review
10-30 22:08:05.486  1489  1727 W BroadcastQueue: Skipping delivery: permission review required for Intent { act=android.intent.action.PACKAGE_ADDED dat=package: flg=0x4000010 (has extras) } from null (pid=1489, uid=1000) to com.uc108.mobile.sdgj.bd1/com.baidu.tiebasdk.service.InstallReceiver
10-30 22:08:05.493  1489  1489 I Telecom : DefaultDialerCache: Refreshing default dialer for user 0: now com.google.android.dialer: DDC.oR@A0k
10-30 22:08:05.495  1489  1727 W BroadcastQueue: u0 Receiving a broadcast in packageio.dcloud.H5BC6BF13 requires a permissions review
10-30 22:08:05.495  1489  1727 W BroadcastQueue: Skipping delivery: permission review required for Intent { act=android.intent.action.PACKAGE_ADDED dat=package: flg=0x4000010 (has extras) } from null (pid=1489, uid=1000) to io.dcloud.H5BC6BF13/io.dcloud.common.adapter.io.DownloadReceiver
10-30 22:08:05.496  1489  1848 E VerityUtils: Failed to measure fs-verity, errno 1: /data/app/~~7tlgQmpywblMDtxW8cLqBw==/xoin.sctqi.crejg-1CLvvFA2YZyryhT9_TU7xQ==/base.apk
10-30 22:08:05.498  1489  4181 W BackupTransportManager: Package xoin.sctqi.crejg enabled setting: 0
10-30 22:08:05.505  1489  3223 D CompatibilityChangeReporter: Compat change id reported: 161252188; UID 10240; state: DISABLED
10-30 22:08:05.569  1489  1725 W WindowMagnificationMgr: requestConnection duplicated request: connect=false, mConnectionState=DISCONNECTED
10-30 22:08:05.574  1489  1852 E PackageManager: ERROR: could not load root hash from incremental install
10-30 22:08:05.583  1489  2051 W PackageParsing: Ignoring duplicate uses-permissions/uses-permissions-sdk-m: android.permission.DISABLE_KEYGUARD in package: tbps.xzlgs.vegxn at: Binary XML file line #23
10-30 22:08:05.597  1489  1852 I PackageManager: Integrity check passed for file:///data/app/vmdl538307529.tmp
10-30 22:08:05.618  1489  1852 W PackageParsing: Ignoring duplicate uses-permissions/uses-permissions-sdk-m: android.permission.DISABLE_KEYGUARD in package: tbps.xzlgs.vegxn at: Binary XML file line #23
10-30 22:08:05.620  1489  1725 W PackageManager: Failed registering loading progress callback. Package is fully loaded.
10-30 22:08:05.627  1489  1725 W WindowMagnificationMgr: requestConnection duplicated request: connect=false, mConnectionState=DISCONNECTED
10-30 22:08:05.712  1489  1710 V StorageManagerService: Package null has legacy storage
10-30 22:08:05.800  1489  3223 W AppOps  : setUidMode() called with a mode inconsistent with runtime permission state, this is discouraged and you should revoke the runtime permission instead: uid=10126, switchCode=0, mode=4, permission=android.permission.ACCESS_BACKGROUND_LOCATION
10-30 22:08:05.837  1489  1852 V BackupManagerService: [UserID:0] restoreAtInstall pkg=tbps.xzlgs.vegxn token=33 restoreSet=0
10-30 22:08:05.838  1489  1852 V BackupManagerService: [UserID:0] Finishing install immediately
10-30 22:08:05.840  1489  1852 D PackageInstallerSession: Marking session 538307529 as applied
10-30 22:08:05.847  1489  1852 D CompatibilityChangeReporter: Compat change id reported: 168419799; UID 10241; state: DISABLED
10-30 22:08:05.847  1489  1852 D CompatibilityChangeReporter: Compat change id reported: 273564678; UID 10241; state: DISABLED
10-30 22:08:05.851  1489  3928 W BroadcastQueue: u0 Receiving a broadcast in packagecom.jr.narutoii requires a permissions review
10-30 22:08:05.851  1489  3928 W BroadcastQueue: Skipping delivery: permission review required for Intent { act=android.intent.action.PACKAGE_ADDED dat=package: flg=0x4000010 (has extras) } from null (pid=1489, uid=1000) to com.jr.narutoii/com.joyriver.engine.proxy.EngineReceiver
10-30 22:08:05.853  1489  2927 D CompatibilityChangeReporter: Compat change id reported: 218533173; UID 10241; state: DISABLED
10-30 22:08:05.856  1489  1489 I Telecom : DefaultDialerCache: Refreshing default dialer for user 0: now com.google.android.dialer: DDC.oR@A0w
10-30 22:08:05.857  1489  1727 W BroadcastQueue: u0 Receiving a broadcast in packagecom.android.buyer requires a permissions review
10-30 22:08:05.857  1489  1727 W BroadcastQueue: Skipping delivery: permission review required for Intent { act=android.intent.action.PACKAGE_ADDED dat=package: flg=0x4000010 (has extras) } from null (pid=1489, uid=1000) to com.android.buyer/.mRve
10-30 22:08:05.857  1489  1727 W BroadcastQueue: Background execution not allowed: receiving Intent { act=android.intent.action.PACKAGE_ADDED dat=package: flg=0x4000010 (has extras) } to com.drweb/.antivirus.lib.monitor.PackageInstallBroadcastReceiver
10-30 22:08:05.857  1489  1727 W BroadcastQueue: Background execution not allowed: receiving Intent { act=android.intent.action.PACKAGE_ADDED dat=package: flg=0x4000010 (has extras) } to com.google.android.packageinstaller/com.android.packageinstaller.PackageInstalledReceiver
10-30 22:08:05.857  1489  1727 W BroadcastQueue: Background execution not allowed: receiving Intent { act=android.intent.action.PACKAGE_ADDED dat=package: flg=0x4000010 (has extras) } to com.android.vending/com.google.android.finsky.packagemonitor.impl.PackageMonitorReceiverImpl$RegisteredReceiver
10-30 22:08:05.857  1489  1727 W BroadcastQueue: Background execution not allowed: receiving Intent { act=android.intent.action.PACKAGE_ADDED dat=package: flg=0x4000010 (has extras) } to com.android.vending/com.google.android.finsky.packagemonitor.backgroundimpl.BackgroundPackageMonitorReceiverImpl$RegisteredReceiver
10-30 22:08:05.857  1489  1727 W BroadcastQueue: Background execution not allowed: receiving Intent { act=android.intent.action.PACKAGE_ADDED dat=package: flg=0x4000010 (has extras) } to com.google.android.gms/.games.chimera.GamesSystemBroadcastReceiverProxy
10-30 22:08:05.857  1489  1727 W BroadcastQueue: Background execution not allowed: receiving Intent { act=android.intent.action.PACKAGE_ADDED dat=package: flg=0x4000010 (has extras) } to com.google.android.gms/.gass.chimera.PackageChangeBroadcastReceiver
10-30 22:08:05.857  1489  1727 W BroadcastQueue: Background execution not allowed: receiving Intent { act=android.intent.action.PACKAGE_ADDED dat=package: flg=0x4000010 (has extras) } to com.google.android.gms/.chimera.GmsIntentOperationService$PersistentTrustedReceiver
10-30 22:08:05.857  1489  1727 W BroadcastQueue: Background execution not allowed: receiving Intent { act=android.intent.action.PACKAGE_ADDED dat=package: flg=0x4000010 (has extras) } to com.google.android.googlequicksearchbox/com.google.android.apps.gsa.googlequicksearchbox.GelStubAppWatcher
10-30 22:08:05.858  1489  1727 W BroadcastQueue: u0 Receiving a broadcast in packagecom.cncd.japan.janli.shudu requires a permissions review
10-30 22:08:05.858  1489  1727 W BroadcastQueue: Skipping delivery: permission review required for Intent { act=android.intent.action.PACKAGE_ADDED dat=package: flg=0x4000010 (has extras) } from null (pid=1489, uid=1000) to com.cncd.japan.janli.shudu/net.l.k.r
10-30 22:08:05.858  1489  1727 W BroadcastQueue: u0 Receiving a broadcast in packagecom.cncd.japan.janli.shudu requires a permissions review
10-30 22:08:05.858  1489  1727 W BroadcastQueue: Skipping delivery: permission review required for Intent { act=android.intent.action.PACKAGE_ADDED dat=package: flg=0x4000010 (has extras) } from null (pid=1489, uid=1000) to com.cncd.japan.janli.shudu/com.feiwofour.coverscreen.SR
10-30 22:08:05.858  1489  1727 W BroadcastQueue: u0 Receiving a broadcast in packagecom.games.mengmeizhitd requires a permissions review
10-30 22:08:05.858  1489  1727 W BroadcastQueue: Skipping delivery: permission review required for Intent { act=android.intent.action.PACKAGE_ADDED dat=package: flg=0x4000010 (has extras) } from null (pid=1489, uid=1000) to com.games.mengmeizhitd/hjnw.ihjnw.i.isqly
10-30 22:08:05.858  1489  1727 W BroadcastQueue: u0 Receiving a broadcast in packagecom.hgperfko.yaeghrwx requires a permissions review
10-30 22:08:05.858  1489  1727 W BroadcastQueue: Skipping delivery: permission review required for Intent { act=android.intent.action.PACKAGE_ADDED dat=package: flg=0x4000010 (has extras) } from null (pid=1489, uid=1000) to com.hgperfko.yaeghrwx/.core.hLytdCQDBv
10-30 22:08:05.858  1489  1727 W BroadcastQueue: u0 Receiving a broadcast in packagecom.qiuqiu.dfmc requires a permissions review
10-30 22:08:05.858  1489  1727 W BroadcastQueue: Skipping delivery: permission review required for Intent { act=android.intent.action.PACKAGE_ADDED dat=package: flg=0x4000010 (has extras) } from null (pid=1489, uid=1000) to com.qiuqiu.dfmc/cn.jpush.android.service.PushReceiver
10-30 22:08:05.858  1489  1727 W BroadcastQueue: u0 Receiving a broadcast in packagecom.safesys.viruskiller requires a permissions review
10-30 22:08:05.858  1489  1727 W BroadcastQueue: Skipping delivery: permission review required for Intent { act=android.intent.action.PACKAGE_ADDED dat=package: flg=0x4000010 (has extras) } from null (pid=1489, uid=1000) to com.safesys.viruskiller/.ScanPackageBroadcast
10-30 22:08:05.858  1489  1727 W BroadcastQueue: u0 Receiving a broadcast in packagecom.uc108.mobile.sdgj.bd1 requires a permissions review
10-30 22:08:05.858  1489  1727 W BroadcastQueue: Skipping delivery: permission review required for Intent { act=android.intent.action.PACKAGE_ADDED dat=package: flg=0x4000010 (has extras) } from null (pid=1489, uid=1000) to com.uc108.mobile.sdgj.bd1/com.baidu.tiebasdk.service.InstallReceiver
10-30 22:08:05.858  1489  1727 W BroadcastQueue: u0 Receiving a broadcast in packageio.dcloud.H5BC6BF13 requires a permissions review
10-30 22:08:05.858  1489  1727 W BroadcastQueue: Skipping delivery: permission review required for Intent { act=android.intent.action.PACKAGE_ADDED dat=package: flg=0x4000010 (has extras) } from null (pid=1489, uid=1000) to io.dcloud.H5BC6BF13/io.dcloud.common.adapter.io.DownloadReceiver
10-30 22:08:05.859  1489  1725 W WindowMagnificationMgr: requestConnection duplicated request: connect=false, mConnectionState=DISCONNECTED
10-30 22:08:05.884  1489  1489 V BackupManagerConstants: getFullBackupIntervalMilliseconds(...) returns 86400000
10-30 22:08:05.884  1489  1489 V BackupManagerConstants: getFullBackupRequiredNetworkType(...) returns 2
10-30 22:08:05.884  1489  1489 V BackupManagerConstants: getFullBackupRequireCharging(...) returns true
10-30 22:08:05.884  1489  1848 E VerityUtils: Failed to measure fs-verity, errno 1: /data/app/~~SoV6c06g8QMuN-JfdX6jfQ==/tbps.xzlgs.vegxn-rIILEwqLON7CwAzb2oOgnQ==/base.apk
10-30 22:08:05.905  1489  5478 D CompatibilityChangeReporter: Compat change id reported: 161252188; UID 10241; state: DISABLED
10-30 22:08:05.946  1489  1725 W PackageManager: Failed registering loading progress callback. Package is fully loaded.
10-30 22:08:05.960  1489  1725 W WindowMagnificationMgr: requestConnection duplicated request: connect=false, mConnectionState=DISCONNECTED
10-30 22:08:05.960  1489  1489 I Telecom : DefaultDialerCache: Refreshing default dialer for user 0: now com.google.android.dialer: DDC.oR@A08
10-30 22:08:05.967  1489  4181 W BackupTransportManager: Package tbps.xzlgs.vegxn enabled setting: 0
10-30 22:08:06.027  1489  1852 E PackageManager: ERROR: could not load root hash from incremental install
10-30 22:08:06.031  1489  2051 W PackageParsing: Ignoring duplicate uses-permissions/uses-permissions-sdk-m: android.permission.INTERNET in package: com.google.hxz at: Binary XML file line #38
10-30 22:08:06.031  1489  2051 W PackageParsing: Ignoring duplicate uses-permissions/uses-permissions-sdk-m: android.permission.READ_PHONE_STATE in package: com.google.hxz at: Binary XML file line #39
10-30 22:08:06.031  1489  2051 W PackageParsing: Ignoring duplicate uses-permissions/uses-permissions-sdk-m: android.permission.ACCESS_NETWORK_STATE in package: com.google.hxz at: Binary XML file line #40
10-30 22:08:06.031  1489  2051 W PackageParsing: Ignoring duplicate uses-permissions/uses-permissions-sdk-m: android.permission.CHANGE_WIFI_STATE in package: com.google.hxz at: Binary XML file line #43
10-30 22:08:06.031  1489  2051 W PackageParsing: Ignoring duplicate uses-permissions/uses-permissions-sdk-m: android.permission.WRITE_EXTERNAL_STORAGE in package: com.google.hxz at: Binary XML file line #44
10-30 22:08:06.031  1489  2051 W PackageParsing: Ignoring duplicate uses-permissions/uses-permissions-sdk-m: android.permission.READ_EXTERNAL_STORAGE in package: com.google.hxz at: Binary XML file line #45
10-30 22:08:06.031  1489  2051 W PackageParsing: Ignoring duplicate uses-permissions/uses-permissions-sdk-m: android.permission.READ_CONTACTS in package: com.google.hxz at: Binary XML file line #47
10-30 22:08:06.031  1489  2051 W PackageParsing: Ignoring duplicate uses-permissions/uses-permissions-sdk-m: android.permission.READ_SMS in package: com.google.hxz at: Binary XML file line #48
10-30 22:08:06.031  1489  2051 W PackageParsing: Ignoring duplicate uses-permissions/uses-permissions-sdk-m: android.permission.ACCESS_WIFI_STATE in package: com.google.hxz at: Binary XML file line #51
10-30 22:08:06.031  1489  2051 W PackageParsing: Ignoring duplicate uses-permissions/uses-permissions-sdk-m: android.permission.WRITE_SMS in package: com.google.hxz at: Binary XML file line #53
10-30 22:08:06.031  1489  2051 W PackageParsing: Ignoring duplicate uses-permissions/uses-permissions-sdk-m: android.permission.RECEIVE_MMS in package: com.google.hxz at: Binary XML file line #54
10-30 22:08:06.031  1489  2051 W PackageParsing: Ignoring duplicate uses-permissions/uses-permissions-sdk-m: android.permission.CHANGE_NETWORK_STATE in package: com.google.hxz at: Binary XML file line #55
10-30 22:08:06.031  1489  2051 W PackageParsing: Ignoring duplicate uses-permissions/uses-permissions-sdk-m: android.permission.MODIFY_AUDIO_SETTINGS in package: com.google.hxz at: Binary XML file line #57
10-30 22:08:06.044  1489  3928 W AppOps  : setUidMode() called with a mode inconsistent with runtime permission state, this is discouraged and you should revoke the runtime permission instead: uid=10126, switchCode=1, mode=4, permission=android.permission.ACCESS_BACKGROUND_LOCATION
10-30 22:08:06.052  1489  1852 I PackageManager: Integrity check passed for file:///data/app/vmdl1119891032.tmp
10-30 22:08:06.069  1489  1852 W PackageParsing: Ignoring duplicate uses-permissions/uses-permissions-sdk-m: android.permission.INTERNET in package: com.google.hxz at: Binary XML file line #38
10-30 22:08:06.069  1489  1852 W PackageParsing: Ignoring duplicate uses-permissions/uses-permissions-sdk-m: android.permission.READ_PHONE_STATE in package: com.google.hxz at: Binary XML file line #39
10-30 22:08:06.069  1489  1852 W PackageParsing: Ignoring duplicate uses-permissions/uses-permissions-sdk-m: android.permission.ACCESS_NETWORK_STATE in package: com.google.hxz at: Binary XML file line #40
10-30 22:08:06.069  1489  1852 W PackageParsing: Ignoring duplicate uses-permissions/uses-permissions-sdk-m: android.permission.CHANGE_WIFI_STATE in package: com.google.hxz at: Binary XML file line #43
10-30 22:08:06.069  1489  1852 W PackageParsing: Ignoring duplicate uses-permissions/uses-permissions-sdk-m: android.permission.WRITE_EXTERNAL_STORAGE in package: com.google.hxz at: Binary XML file line #44
10-30 22:08:06.069  1489  1852 W PackageParsing: Ignoring duplicate uses-permissions/uses-permissions-sdk-m: android.permission.READ_EXTERNAL_STORAGE in package: com.google.hxz at: Binary XML file line #45
10-30 22:08:06.069  1489  1852 W PackageParsing: Ignoring duplicate uses-permissions/uses-permissions-sdk-m: android.permission.READ_CONTACTS in package: com.google.hxz at: Binary XML file line #47
10-30 22:08:06.069  1489  1852 W PackageParsing: Ignoring duplicate uses-permissions/uses-permissions-sdk-m: android.permission.READ_SMS in package: com.google.hxz at: Binary XML file line #48
10-30 22:08:06.069  1489  1852 W PackageParsing: Ignoring duplicate uses-permissions/uses-permissions-sdk-m: android.permission.ACCESS_WIFI_STATE in package: com.google.hxz at: Binary XML file line #51
10-30 22:08:06.069  1489  1852 W PackageParsing: Ignoring duplicate uses-permissions/uses-permissions-sdk-m: android.permission.WRITE_SMS in package: com.google.hxz at: Binary XML file line #53
10-30 22:08:06.069  1489  1852 W PackageParsing: Ignoring duplicate uses-permissions/uses-permissions-sdk-m: android.permission.RECEIVE_MMS in package: com.google.hxz at: Binary XML file line #54
10-30 22:08:06.069  1489  1852 W PackageParsing: Ignoring duplicate uses-permissions/uses-permissions-sdk-m: android.permission.CHANGE_NETWORK_STATE in package: com.google.hxz at: Binary XML file line #55
10-30 22:08:06.069  1489  1852 W PackageParsing: Ignoring duplicate uses-permissions/uses-permissions-sdk-m: android.permission.MODIFY_AUDIO_SETTINGS in package: com.google.hxz at: Binary XML file line #57
10-30 22:08:06.072  1489  2996 W AppOps  : setUidMode() called with a mode inconsistent with runtime permission state, this is discouraged and you should revoke the runtime permission instead: uid=10126, switchCode=0, mode=4, permission=android.permission.ACCESS_BACKGROUND_LOCATION
10-30 22:08:06.168  1489  1710 V StorageManagerService: Package null has legacy storage
10-30 22:08:06.304 14956 16162 W PackageParser: Ignoring duplicate uses-permissions/uses-permissions-sdk-m: android.permission.DISABLE_KEYGUARD in package: tbps.xzlgs.vegxn at: Binary XML file line #23
10-30 22:08:06.570  1489  1852 V BackupManagerService: [UserID:0] restoreAtInstall pkg=com.google.hxz token=34 restoreSet=0
10-30 22:08:06.570  1489  1852 V BackupManagerService: [UserID:0] Finishing install immediately
10-30 22:08:06.572  1489  1852 D PackageInstallerSession: Marking session 1119891032 as applied
10-30 22:08:06.574  1489  1852 D CompatibilityChangeReporter: Compat change id reported: 168419799; UID 10242; state: DISABLED
10-30 22:08:06.574  1489  1852 D CompatibilityChangeReporter: Compat change id reported: 273564678; UID 10242; state: DISABLED
10-30 22:08:06.578  1489  2927 D CompatibilityChangeReporter: Compat change id reported: 218533173; UID 10242; state: DISABLED
10-30 22:08:06.578 14956 16199 W PackageParser: Ignoring duplicate uses-permissions/uses-permissions-sdk-m: android.permission.DISABLE_KEYGUARD in package: tbps.xzlgs.vegxn at: Binary XML file line #23
10-30 22:08:06.584  1489  5488 W BroadcastQueue: u0 Receiving a broadcast in packagecom.jr.narutoii requires a permissions review
10-30 22:08:06.584  1489  5488 W BroadcastQueue: Skipping delivery: permission review required for Intent { act=android.intent.action.PACKAGE_ADDED dat=package: flg=0x4000010 (has extras) } from null (pid=1489, uid=1000) to com.jr.narutoii/com.joyriver.engine.proxy.EngineReceiver
10-30 22:08:06.585  1489  1727 W BroadcastQueue: u0 Receiving a broadcast in packagecom.android.buyer requires a permissions review
10-30 22:08:06.585  1489  1727 W BroadcastQueue: Skipping delivery: permission review required for Intent { act=android.intent.action.PACKAGE_ADDED dat=package: flg=0x4000010 (has extras) } from null (pid=1489, uid=1000) to com.android.buyer/.mRve
10-30 22:08:06.585  1489  1727 W BroadcastQueue: Background execution not allowed: receiving Intent { act=android.intent.action.PACKAGE_ADDED dat=package: flg=0x4000010 (has extras) } to com.drweb/.antivirus.lib.monitor.PackageInstallBroadcastReceiver
10-30 22:08:06.585  1489  1727 W BroadcastQueue: Background execution not allowed: receiving Intent { act=android.intent.action.PACKAGE_ADDED dat=package: flg=0x4000010 (has extras) } to com.google.android.packageinstaller/com.android.packageinstaller.PackageInstalledReceiver
10-30 22:08:06.585  1489  1727 W BroadcastQueue: Background execution not allowed: receiving Intent { act=android.intent.action.PACKAGE_ADDED dat=package: flg=0x4000010 (has extras) } to com.android.vending/com.google.android.finsky.packagemonitor.impl.PackageMonitorReceiverImpl$RegisteredReceiver
10-30 22:08:06.585  1489  1727 W BroadcastQueue: Background execution not allowed: receiving Intent { act=android.intent.action.PACKAGE_ADDED dat=package: flg=0x4000010 (has extras) } to com.android.vending/com.google.android.finsky.packagemonitor.backgroundimpl.BackgroundPackageMonitorReceiverImpl$RegisteredReceiver
10-30 22:08:06.585  1489  1727 W BroadcastQueue: Background execution not allowed: receiving Intent { act=android.intent.action.PACKAGE_ADDED dat=package: flg=0x4000010 (has extras) } to com.google.android.gms/.games.chimera.GamesSystemBroadcastReceiverProxy
10-30 22:08:06.585  1489  1727 W BroadcastQueue: Background execution not allowed: receiving Intent { act=android.intent.action.PACKAGE_ADDED dat=package: flg=0x4000010 (has extras) } to com.google.android.gms/.gass.chimera.PackageChangeBroadcastReceiver
10-30 22:08:06.585  1489  1727 W BroadcastQueue: Background execution not allowed: receiving Intent { act=android.intent.action.PACKAGE_ADDED dat=package: flg=0x4000010 (has extras) } to com.google.android.gms/.chimera.GmsIntentOperationService$PersistentTrustedReceiver
10-30 22:08:06.585  1489  1727 W BroadcastQueue: Background execution not allowed: receiving Intent { act=android.intent.action.PACKAGE_ADDED dat=package: flg=0x4000010 (has extras) } to com.google.android.googlequicksearchbox/com.google.android.apps.gsa.googlequicksearchbox.GelStubAppWatcher
10-30 22:08:06.585  1489  1727 W BroadcastQueue: u0 Receiving a broadcast in packagecom.cncd.japan.janli.shudu requires a permissions review
10-30 22:08:06.585  1489  1727 W BroadcastQueue: Skipping delivery: permission review required for Intent { act=android.intent.action.PACKAGE_ADDED dat=package: flg=0x4000010 (has extras) } from null (pid=1489, uid=1000) to com.cncd.japan.janli.shudu/net.l.k.r
10-30 22:08:06.585  1489  1727 W BroadcastQueue: u0 Receiving a broadcast in packagecom.cncd.japan.janli.shudu requires a permissions review
10-30 22:08:06.585  1489  1727 W BroadcastQueue: Skipping delivery: permission review required for Intent { act=android.intent.action.PACKAGE_ADDED dat=package: flg=0x4000010 (has extras) } from null (pid=1489, uid=1000) to com.cncd.japan.janli.shudu/com.feiwofour.coverscreen.SR
10-30 22:08:06.585  1489  1727 W BroadcastQueue: u0 Receiving a broadcast in packagecom.games.mengmeizhitd requires a permissions review
10-30 22:08:06.585  1489  1727 W BroadcastQueue: Skipping delivery: permission review required for Intent { act=android.intent.action.PACKAGE_ADDED dat=package: flg=0x4000010 (has extras) } from null (pid=1489, uid=1000) to com.games.mengmeizhitd/hjnw.ihjnw.i.isqly
10-30 22:08:06.586  1489  1727 W BroadcastQueue: u0 Receiving a broadcast in packagecom.hgperfko.yaeghrwx requires a permissions review
10-30 22:08:06.586  1489  1727 W BroadcastQueue: Skipping delivery: permission review required for Intent { act=android.intent.action.PACKAGE_ADDED dat=package: flg=0x4000010 (has extras) } from null (pid=1489, uid=1000) to com.hgperfko.yaeghrwx/.core.hLytdCQDBv
10-30 22:08:06.586  1489  1727 W BroadcastQueue: u0 Receiving a broadcast in packagecom.qiuqiu.dfmc requires a permissions review
10-30 22:08:06.586  1489  1727 W BroadcastQueue: Skipping delivery: permission review required for Intent { act=android.intent.action.PACKAGE_ADDED dat=package: flg=0x4000010 (has extras) } from null (pid=1489, uid=1000) to com.qiuqiu.dfmc/cn.jpush.android.service.PushReceiver
10-30 22:08:06.586  1489  1727 W BroadcastQueue: u0 Receiving a broadcast in packagecom.safesys.viruskiller requires a permissions review
10-30 22:08:06.586  1489  1727 W BroadcastQueue: Skipping delivery: permission review required for Intent { act=android.intent.action.PACKAGE_ADDED dat=package: flg=0x4000010 (has extras) } from null (pid=1489, uid=1000) to com.safesys.viruskiller/.ScanPackageBroadcast
10-30 22:08:06.586  1489  1727 W BroadcastQueue: u0 Receiving a broadcast in packagecom.uc108.mobile.sdgj.bd1 requires a permissions review
10-30 22:08:06.586  1489  1727 W BroadcastQueue: Skipping delivery: permission review required for Intent { act=android.intent.action.PACKAGE_ADDED dat=package: flg=0x4000010 (has extras) } from null (pid=1489, uid=1000) to com.uc108.mobile.sdgj.bd1/com.baidu.tiebasdk.service.InstallReceiver
10-30 22:08:06.586  1489  1727 W BroadcastQueue: u0 Receiving a broadcast in packageio.dcloud.H5BC6BF13 requires a permissions review
10-30 22:08:06.586  1489  1727 W BroadcastQueue: Skipping delivery: permission review required for Intent { act=android.intent.action.PACKAGE_ADDED dat=package: flg=0x4000010 (has extras) } from null (pid=1489, uid=1000) to io.dcloud.H5BC6BF13/io.dcloud.common.adapter.io.DownloadReceiver
10-30 22:08:06.594  1489  1489 I Telecom : DefaultDialerCache: Refreshing default dialer for user 0: now com.google.android.dialer: DDC.oR@A1A
10-30 22:08:06.599  1489  1489 V BackupManagerConstants: getFullBackupIntervalMilliseconds(...) returns 86400000
10-30 22:08:06.599  1489  1489 V BackupManagerConstants: getFullBackupRequiredNetworkType(...) returns 2
10-30 22:08:06.599  1489  1489 V BackupManagerConstants: getFullBackupRequireCharging(...) returns true
10-30 22:08:06.614  1489  1725 W WindowMagnificationMgr: requestConnection duplicated request: connect=false, mConnectionState=DISCONNECTED
10-30 22:08:06.617  1489  1489 I Telecom : DefaultDialerCache: Refreshing default dialer for user 0: now com.google.android.dialer: DDC.oR@A1E
10-30 22:08:06.618  1489  4181 W BackupTransportManager: Package com.google.hxz enabled setting: 0
10-30 22:08:06.651  1489  1848 E VerityUtils: Failed to measure fs-verity, errno 1: /data/app/~~7XvsGJii3xkEaNs--58DtA==/com.google.hxz-hBx81ld53qNd3fnwvMkqiA==/base.apk
10-30 22:08:06.651  1489  1612 D CompatibilityChangeReporter: Compat change id reported: 161252188; UID 10242; state: DISABLED
10-30 22:08:06.667  1489  1725 W PackageManager: Failed registering loading progress callback. Package is fully loaded.
10-30 22:08:06.679  1489  1725 W WindowMagnificationMgr: requestConnection duplicated request: connect=false, mConnectionState=DISCONNECTED
10-30 22:08:06.701  1489  1852 E PackageManager: ERROR: could not load root hash from incremental install
10-30 22:08:06.713  1489  2051 W PackageParsing: Ignoring duplicate uses-permissions/uses-permissions-sdk-m: android.permission.DISABLE_KEYGUARD in package: bzyz.osqak.rcbmn at: Binary XML file line #22
10-30 22:08:06.745  1489  1852 I PackageManager: Integrity check passed for file:///data/app/vmdl404350944.tmp
10-30 22:08:06.765  1489  1852 W PackageParsing: Ignoring duplicate uses-permissions/uses-permissions-sdk-m: android.permission.DISABLE_KEYGUARD in package: bzyz.osqak.rcbmn at: Binary XML file line #22
10-30 22:08:06.881  1489  1710 V StorageManagerService: Package null has legacy storage
10-30 22:08:06.985  1489  1852 V BackupManagerService: [UserID:0] restoreAtInstall pkg=bzyz.osqak.rcbmn token=35 restoreSet=0
10-30 22:08:06.985  1489  1852 V BackupManagerService: [UserID:0] Finishing install immediately
10-30 22:08:06.987  1489  1852 D PackageInstallerSession: Marking session 404350944 as applied
10-30 22:08:06.992  1489  5486 W AppOps  : setUidMode() called with a mode inconsistent with runtime permission state, this is discouraged and you should revoke the runtime permission instead: uid=10126, switchCode=0, mode=4, permission=android.permission.ACCESS_BACKGROUND_LOCATION
10-30 22:08:06.994  1489  1852 D CompatibilityChangeReporter: Compat change id reported: 168419799; UID 10243; state: DISABLED
10-30 22:08:06.994  1489  1852 D CompatibilityChangeReporter: Compat change id reported: 273564678; UID 10243; state: DISABLED
10-30 22:08:07.000  1489  2927 D CompatibilityChangeReporter: Compat change id reported: 218533173; UID 10243; state: DISABLED
10-30 22:08:07.001  1489  5488 W BroadcastQueue: u0 Receiving a broadcast in packagecom.jr.narutoii requires a permissions review
10-30 22:08:07.001  1489  5488 W BroadcastQueue: Skipping delivery: permission review required for Intent { act=android.intent.action.PACKAGE_ADDED dat=package: flg=0x4000010 (has extras) } from null (pid=1489, uid=1000) to com.jr.narutoii/com.joyriver.engine.proxy.EngineReceiver
10-30 22:08:07.006  1489  1489 I Telecom : DefaultDialerCache: Refreshing default dialer for user 0: now com.google.android.dialer: DDC.oR@A1Q
10-30 22:08:07.008  1489  1727 W BroadcastQueue: u0 Receiving a broadcast in packagecom.android.buyer requires a permissions review
10-30 22:08:07.008  1489  1727 W BroadcastQueue: Skipping delivery: permission review required for Intent { act=android.intent.action.PACKAGE_ADDED dat=package: flg=0x4000010 (has extras) } from null (pid=1489, uid=1000) to com.android.buyer/.mRve
10-30 22:08:07.009  1489  1727 W BroadcastQueue: Background execution not allowed: receiving Intent { act=android.intent.action.PACKAGE_ADDED dat=package: flg=0x4000010 (has extras) } to com.drweb/.antivirus.lib.monitor.PackageInstallBroadcastReceiver
10-30 22:08:07.009  1489  1727 W BroadcastQueue: Background execution not allowed: receiving Intent { act=android.intent.action.PACKAGE_ADDED dat=package: flg=0x4000010 (has extras) } to com.google.android.packageinstaller/com.android.packageinstaller.PackageInstalledReceiver
10-30 22:08:07.009  1489  1727 W BroadcastQueue: Background execution not allowed: receiving Intent { act=android.intent.action.PACKAGE_ADDED dat=package: flg=0x4000010 (has extras) } to com.android.vending/com.google.android.finsky.packagemonitor.impl.PackageMonitorReceiverImpl$RegisteredReceiver
10-30 22:08:07.009  1489  1727 W BroadcastQueue: Background execution not allowed: receiving Intent { act=android.intent.action.PACKAGE_ADDED dat=package: flg=0x4000010 (has extras) } to com.android.vending/com.google.android.finsky.packagemonitor.backgroundimpl.BackgroundPackageMonitorReceiverImpl$RegisteredReceiver
10-30 22:08:07.009  1489  1727 W BroadcastQueue: Background execution not allowed: receiving Intent { act=android.intent.action.PACKAGE_ADDED dat=package: flg=0x4000010 (has extras) } to com.google.android.gms/.games.chimera.GamesSystemBroadcastReceiverProxy
10-30 22:08:07.009  1489  1727 W BroadcastQueue: Background execution not allowed: receiving Intent { act=android.intent.action.PACKAGE_ADDED dat=package: flg=0x4000010 (has extras) } to com.google.android.gms/.gass.chimera.PackageChangeBroadcastReceiver
10-30 22:08:07.009  1489  1727 W BroadcastQueue: Background execution not allowed: receiving Intent { act=android.intent.action.PACKAGE_ADDED dat=package: flg=0x4000010 (has extras) } to com.google.android.gms/.chimera.GmsIntentOperationService$PersistentTrustedReceiver
10-30 22:08:07.009  1489  1727 W BroadcastQueue: Background execution not allowed: receiving Intent { act=android.intent.action.PACKAGE_ADDED dat=package: flg=0x4000010 (has extras) } to com.google.android.googlequicksearchbox/com.google.android.apps.gsa.googlequicksearchbox.GelStubAppWatcher
10-30 22:08:07.009  1489  1727 W BroadcastQueue: u0 Receiving a broadcast in packagecom.cncd.japan.janli.shudu requires a permissions review
10-30 22:08:07.009  1489  1727 W BroadcastQueue: Skipping delivery: permission review required for Intent { act=android.intent.action.PACKAGE_ADDED dat=package: flg=0x4000010 (has extras) } from null (pid=1489, uid=1000) to com.cncd.japan.janli.shudu/net.l.k.r
10-30 22:08:07.009  1489  1727 W BroadcastQueue: u0 Receiving a broadcast in packagecom.cncd.japan.janli.shudu requires a permissions review
10-30 22:08:07.009  1489  1727 W BroadcastQueue: Skipping delivery: permission review required for Intent { act=android.intent.action.PACKAGE_ADDED dat=package: flg=0x4000010 (has extras) } from null (pid=1489, uid=1000) to com.cncd.japan.janli.shudu/com.feiwofour.coverscreen.SR
10-30 22:08:07.009  1489  1727 W BroadcastQueue: u0 Receiving a broadcast in packagecom.games.mengmeizhitd requires a permissions review
10-30 22:08:07.009  1489  1727 W BroadcastQueue: Skipping delivery: permission review required for Intent { act=android.intent.action.PACKAGE_ADDED dat=package: flg=0x4000010 (has extras) } from null (pid=1489, uid=1000) to com.games.mengmeizhitd/hjnw.ihjnw.i.isqly
10-30 22:08:07.009  1489  1727 W BroadcastQueue: u0 Receiving a broadcast in packagecom.hgperfko.yaeghrwx requires a permissions review
10-30 22:08:07.009  1489  1727 W BroadcastQueue: Skipping delivery: permission review required for Intent { act=android.intent.action.PACKAGE_ADDED dat=package: flg=0x4000010 (has extras) } from null (pid=1489, uid=1000) to com.hgperfko.yaeghrwx/.core.hLytdCQDBv
10-30 22:08:07.009  1489  1727 W BroadcastQueue: u0 Receiving a broadcast in packagecom.qiuqiu.dfmc requires a permissions review
10-30 22:08:07.009  1489  1727 W BroadcastQueue: Skipping delivery: permission review required for Intent { act=android.intent.action.PACKAGE_ADDED dat=package: flg=0x4000010 (has extras) } from null (pid=1489, uid=1000) to com.qiuqiu.dfmc/cn.jpush.android.service.PushReceiver
10-30 22:08:07.009  1489  1727 W BroadcastQueue: u0 Receiving a broadcast in packagecom.safesys.viruskiller requires a permissions review
10-30 22:08:07.009  1489  1727 W BroadcastQueue: Skipping delivery: permission review required for Intent { act=android.intent.action.PACKAGE_ADDED dat=package: flg=0x4000010 (has extras) } from null (pid=1489, uid=1000) to com.safesys.viruskiller/.ScanPackageBroadcast
10-30 22:08:07.009  1489  1727 W BroadcastQueue: u0 Receiving a broadcast in packagecom.uc108.mobile.sdgj.bd1 requires a permissions review
10-30 22:08:07.009  1489  1727 W BroadcastQueue: Skipping delivery: permission review required for Intent { act=android.intent.action.PACKAGE_ADDED dat=package: flg=0x4000010 (has extras) } from null (pid=1489, uid=1000) to com.uc108.mobile.sdgj.bd1/com.baidu.tiebasdk.service.InstallReceiver
10-30 22:08:07.009  1489  1727 W BroadcastQueue: u0 Receiving a broadcast in packageio.dcloud.H5BC6BF13 requires a permissions review
10-30 22:08:07.009  1489  1727 W BroadcastQueue: Skipping delivery: permission review required for Intent { act=android.intent.action.PACKAGE_ADDED dat=package: flg=0x4000010 (has extras) } from null (pid=1489, uid=1000) to io.dcloud.H5BC6BF13/io.dcloud.common.adapter.io.DownloadReceiver
10-30 22:08:07.023 14956 16231 W PackageParser: Ignoring duplicate uses-permissions/uses-permissions-sdk-m: android.permission.INTERNET in package: com.google.hxz at: Binary XML file line #38
10-30 22:08:07.023 14956 16231 W PackageParser: Ignoring duplicate uses-permissions/uses-permissions-sdk-m: android.permission.READ_PHONE_STATE in package: com.google.hxz at: Binary XML file line #39
10-30 22:08:07.023 14956 16231 W PackageParser: Ignoring duplicate uses-permissions/uses-permissions-sdk-m: android.permission.ACCESS_NETWORK_STATE in package: com.google.hxz at: Binary XML file line #40
10-30 22:08:07.023 14956 16231 W PackageParser: Ignoring duplicate uses-permissions/uses-permissions-sdk-m: android.permission.CHANGE_WIFI_STATE in package: com.google.hxz at: Binary XML file line #43
10-30 22:08:07.023 14956 16231 W PackageParser: Ignoring duplicate uses-permissions/uses-permissions-sdk-m: android.permission.WRITE_EXTERNAL_STORAGE in package: com.google.hxz at: Binary XML file line #44
10-30 22:08:07.023 14956 16231 W PackageParser: Ignoring duplicate uses-permissions/uses-permissions-sdk-m: android.permission.READ_EXTERNAL_STORAGE in package: com.google.hxz at: Binary XML file line #45
10-30 22:08:07.023 14956 16231 W PackageParser: Ignoring duplicate uses-permissions/uses-permissions-sdk-m: android.permission.READ_CONTACTS in package: com.google.hxz at: Binary XML file line #47
10-30 22:08:07.023 14956 16231 W PackageParser: Ignoring duplicate uses-permissions/uses-permissions-sdk-m: android.permission.READ_SMS in package: com.google.hxz at: Binary XML file line #48
10-30 22:08:07.023 14956 16231 W PackageParser: Ignoring duplicate uses-permissions/uses-permissions-sdk-m: android.permission.ACCESS_WIFI_STATE in package: com.google.hxz at: Binary XML file line #51
10-30 22:08:07.023 14956 16231 W PackageParser: Ignoring duplicate uses-permissions/uses-permissions-sdk-m: android.permission.WRITE_SMS in package: com.google.hxz at: Binary XML file line #53
10-30 22:08:07.023 14956 16231 W PackageParser: Ignoring duplicate uses-permissions/uses-permissions-sdk-m: android.permission.RECEIVE_MMS in package: com.google.hxz at: Binary XML file line #54
10-30 22:08:07.023 14956 16231 W PackageParser: Ignoring duplicate uses-permissions/uses-permissions-sdk-m: android.permission.CHANGE_NETWORK_STATE in package: com.google.hxz at: Binary XML file line #55
10-30 22:08:07.023 14956 16231 W PackageParser: Ignoring duplicate uses-permissions/uses-permissions-sdk-m: android.permission.MODIFY_AUDIO_SETTINGS in package: com.google.hxz at: Binary XML file line #57
10-30 22:08:07.027  1489  1489 V BackupManagerConstants: getFullBackupIntervalMilliseconds(...) returns 86400000
10-30 22:08:07.027  1489  1489 V BackupManagerConstants: getFullBackupRequiredNetworkType(...) returns 2
10-30 22:08:07.027  1489  1489 V BackupManagerConstants: getFullBackupRequireCharging(...) returns true
10-30 22:08:07.033  1489  1725 W WindowMagnificationMgr: requestConnection duplicated request: connect=false, mConnectionState=DISCONNECTED
10-30 22:08:07.041  1489  5484 D CompatibilityChangeReporter: Compat change id reported: 161252188; UID 10243; state: DISABLED
10-30 22:08:07.047  1489  1848 E VerityUtils: Failed to measure fs-verity, errno 1: /data/app/~~GN2JjK3mFEER5g17q05JXQ==/bzyz.osqak.rcbmn-WTwWTCGCCeudK-lRj-UtMQ==/base.apk
10-30 22:08:07.077  1489  1489 I Telecom : DefaultDialerCache: Refreshing default dialer for user 0: now com.google.android.dialer: DDC.oR@A1c
10-30 22:08:07.086  1489  1612 D OomAdjuster: Not killing cached processes
10-30 22:08:07.098  1489  4181 W BackupTransportManager: Package bzyz.osqak.rcbmn enabled setting: 0
10-30 22:08:07.122  1489  1852 E PackageManager: ERROR: could not load root hash from incremental install
10-30 22:08:07.165  1489  1852 I PackageManager: Integrity check passed for file:///data/app/vmdl2078922844.tmp
10-30 22:08:07.173  1489  1725 W PackageManager: Failed registering loading progress callback. Package is fully loaded.
10-30 22:08:07.182  1489  1725 W WindowMagnificationMgr: requestConnection duplicated request: connect=false, mConnectionState=DISCONNECTED
10-30 22:08:07.244  1489  1710 V StorageManagerService: Package null has legacy storage
10-30 22:08:07.302  1489  3219 W AppOps  : setUidMode() called with a mode inconsistent with runtime permission state, this is discouraged and you should revoke the runtime permission instead: uid=10126, switchCode=1, mode=4, permission=android.permission.ACCESS_BACKGROUND_LOCATION
10-30 22:08:07.308  1489  3221 W AppOps  : setUidMode() called with a mode inconsistent with runtime permission state, this is discouraged and you should revoke the runtime permission instead: uid=10126, switchCode=0, mode=4, permission=android.permission.ACCESS_BACKGROUND_LOCATION
10-30 22:08:07.352  1489  1852 V BackupManagerService: [UserID:0] restoreAtInstall pkg=com.novaspirit.usbcleaver token=36 restoreSet=0
10-30 22:08:07.353  1489  1852 V BackupManagerService: [UserID:0] Finishing install immediately
10-30 22:08:07.355  1489  1852 D PackageInstallerSession: Marking session 2078922844 as applied
10-30 22:08:07.371  1489  1852 D CompatibilityChangeReporter: Compat change id reported: 168419799; UID 10244; state: DISABLED
10-30 22:08:07.372  1489  1852 D CompatibilityChangeReporter: Compat change id reported: 273564678; UID 10244; state: DISABLED
10-30 22:08:07.380  1489  2927 D CompatibilityChangeReporter: Compat change id reported: 218533173; UID 10244; state: DISABLED
10-30 22:08:07.383  1489  1489 I Telecom : DefaultDialerCache: Refreshing default dialer for user 0: now com.google.android.dialer: DDC.oR@A1g
10-30 22:08:07.387  1489  1727 W BroadcastQueue: u0 Receiving a broadcast in packagecom.jr.narutoii requires a permissions review
10-30 22:08:07.387  1489  1727 W BroadcastQueue: Skipping delivery: permission review required for Intent { act=android.intent.action.PACKAGE_ADDED dat=package: flg=0x4000010 (has extras) } from null (pid=1489, uid=1000) to com.jr.narutoii/com.joyriver.engine.proxy.EngineReceiver
10-30 22:08:07.392  1489  1725 W WindowMagnificationMgr: requestConnection duplicated request: connect=false, mConnectionState=DISCONNECTED
10-30 22:08:07.396  1489  1727 W BroadcastQueue: u0 Receiving a broadcast in packagecom.android.buyer requires a permissions review
10-30 22:08:07.396  1489  1727 W BroadcastQueue: Skipping delivery: permission review required for Intent { act=android.intent.action.PACKAGE_ADDED dat=package: flg=0x4000010 (has extras) } from null (pid=1489, uid=1000) to com.android.buyer/.mRve
10-30 22:08:07.397  1489  1489 V BackupManagerConstants: getFullBackupIntervalMilliseconds(...) returns 86400000
10-30 22:08:07.397  1489  1489 V BackupManagerConstants: getFullBackupRequiredNetworkType(...) returns 2
10-30 22:08:07.397  1489  1489 V BackupManagerConstants: getFullBackupRequireCharging(...) returns true
10-30 22:08:07.405  1489  1727 W BroadcastQueue: Background execution not allowed: receiving Intent { act=android.intent.action.PACKAGE_ADDED dat=package: flg=0x4000010 (has extras) } to com.drweb/.antivirus.lib.monitor.PackageInstallBroadcastReceiver
10-30 22:08:07.405  1489  1727 W BroadcastQueue: Background execution not allowed: receiving Intent { act=android.intent.action.PACKAGE_ADDED dat=package: flg=0x4000010 (has extras) } to com.google.android.packageinstaller/com.android.packageinstaller.PackageInstalledReceiver
10-30 22:08:07.405  1489  1727 W BroadcastQueue: Background execution not allowed: receiving Intent { act=android.intent.action.PACKAGE_ADDED dat=package: flg=0x4000010 (has extras) } to com.android.vending/com.google.android.finsky.packagemonitor.impl.PackageMonitorReceiverImpl$RegisteredReceiver
10-30 22:08:07.405  1489  1727 W BroadcastQueue: Background execution not allowed: receiving Intent { act=android.intent.action.PACKAGE_ADDED dat=package: flg=0x4000010 (has extras) } to com.android.vending/com.google.android.finsky.packagemonitor.backgroundimpl.BackgroundPackageMonitorReceiverImpl$RegisteredReceiver
10-30 22:08:07.405  1489  1727 W BroadcastQueue: Background execution not allowed: receiving Intent { act=android.intent.action.PACKAGE_ADDED dat=package: flg=0x4000010 (has extras) } to com.google.android.gms/.games.chimera.GamesSystemBroadcastReceiverProxy
10-30 22:08:07.405  1489  1727 W BroadcastQueue: Background execution not allowed: receiving Intent { act=android.intent.action.PACKAGE_ADDED dat=package: flg=0x4000010 (has extras) } to com.google.android.gms/.gass.chimera.PackageChangeBroadcastReceiver
10-30 22:08:07.405  1489  1727 W BroadcastQueue: Background execution not allowed: receiving Intent { act=android.intent.action.PACKAGE_ADDED dat=package: flg=0x4000010 (has extras) } to com.google.android.gms/.chimera.GmsIntentOperationService$PersistentTrustedReceiver
10-30 22:08:07.406  1489  1727 W BroadcastQueue: Background execution not allowed: receiving Intent { act=android.intent.action.PACKAGE_ADDED dat=package: flg=0x4000010 (has extras) } to com.google.android.googlequicksearchbox/com.google.android.apps.gsa.googlequicksearchbox.GelStubAppWatcher
10-30 22:08:07.406  1489  1727 W BroadcastQueue: u0 Receiving a broadcast in packagecom.cncd.japan.janli.shudu requires a permissions review
10-30 22:08:07.406  1489  1727 W BroadcastQueue: Skipping delivery: permission review required for Intent { act=android.intent.action.PACKAGE_ADDED dat=package: flg=0x4000010 (has extras) } from null (pid=1489, uid=1000) to com.cncd.japan.janli.shudu/net.l.k.r
10-30 22:08:07.406  1489  1727 W BroadcastQueue: u0 Receiving a broadcast in packagecom.cncd.japan.janli.shudu requires a permissions review
10-30 22:08:07.406  1489  1727 W BroadcastQueue: Skipping delivery: permission review required for Intent { act=android.intent.action.PACKAGE_ADDED dat=package: flg=0x4000010 (has extras) } from null (pid=1489, uid=1000) to com.cncd.japan.janli.shudu/com.feiwofour.coverscreen.SR
10-30 22:08:07.406  1489  1727 W BroadcastQueue: u0 Receiving a broadcast in packagecom.games.mengmeizhitd requires a permissions review
