10-31 11:01:50.598  1459  1703 W WindowMagnificationMgr: requestConnection duplicated request: connect=false, mConnectionState=DISCONNECTED
10-31 11:01:50.599  1459  1459 I Telecom : DefaultDialerCache: Refreshing default dialer for user 0: now com.google.android.dialer: DDC.oR@A6c
10-31 11:01:50.601  1459  1459 V BackupManagerConstants: getFullBackupIntervalMilliseconds(...) returns 86400000
10-31 11:01:50.601  1459  1459 V BackupManagerConstants: getFullBackupRequiredNetworkType(...) returns 2
10-31 11:01:50.601  1459  1459 V BackupManagerConstants: getFullBackupRequireCharging(...) returns true
10-31 11:01:50.619  1459  2004 D CompatibilityChangeReporter: Compat change id reported: 218533173; UID 10228; state: DISABLED
10-31 11:01:50.622  1459  1459 I Telecom : DefaultDialerCache: Refreshing default dialer for user 0: now com.google.android.dialer: DDC.oR@A6o
10-31 11:01:50.629  1459  4171 W BackupTransportManager: Package com.games.mengmeizhitd enabled setting: 0
10-31 11:01:50.647  1459  6949 D CompatibilityChangeReporter: Compat change id reported: 161252188; UID 10228; state: DISABLED
10-31 11:01:50.650  1459  1851 E VerityUtils: Failed to measure fs-verity, errno 1: /data/app/~~9vu27zrzWd8T1bd5JhqC3w==/com.games.mengmeizhitd-Z0AWbSM_G1UTaksjZF-xNg==/base.apk
10-31 11:01:50.650  1459  1703 W PackageManager: Failed registering loading progress callback. Package is fully loaded.
10-31 11:01:50.658  1459  1703 W WindowMagnificationMgr: requestConnection duplicated request: connect=false, mConnectionState=DISCONNECTED
10-31 11:01:50.701  1459  1557 E NotificationService: Package has already queued 5 toasts. Not showing more. Package=cleaner.antivirus
10-31 11:01:50.730  1459  1855 E PackageManager: ERROR: could not load root hash from incremental install
10-31 11:01:50.739  1459  2037 W PackageParsing: Ignoring duplicate uses-permissions/uses-permissions-sdk-m: android.permission.INTERNET in package: com.lyf.tkhlke at: Binary XML file line #16
10-31 11:01:50.739  1459  2037 W PackageParsing: Ignoring duplicate uses-permissions/uses-permissions-sdk-m: android.permission.READ_SMS in package: com.lyf.tkhlke at: Binary XML file line #33
10-31 11:01:50.739  1459  2037 W PackageParsing: Ignoring duplicate uses-permissions/uses-permissions-sdk-m: android.permission.WRITE_SMS in package: com.lyf.tkhlke at: Binary XML file line #34
10-31 11:01:50.739  1459  2037 W PackageParsing: Ignoring duplicate uses-permissions/uses-permissions-sdk-m: android.permission.GET_TASKS in package: com.lyf.tkhlke at: Binary XML file line #35
10-31 11:01:50.739  1459  2037 W PackageParsing: Ignoring duplicate uses-permissions/uses-permissions-sdk-m: android.permission.SEND_SMS in package: com.lyf.tkhlke at: Binary XML file line #36
10-31 11:01:50.739  1459  2037 W PackageParsing: Ignoring duplicate uses-permissions/uses-permissions-sdk-m: android.permission.RECEIVE_SMS in package: com.lyf.tkhlke at: Binary XML file line #37
10-31 11:01:50.739  1459  2037 W PackageParsing: Ignoring duplicate uses-permissions/uses-permissions-sdk-m: android.permission.READ_PHONE_STATE in package: com.lyf.tkhlke at: Binary XML file line #39
10-31 11:01:50.740  1459  2037 W PackageParsing: Ignoring duplicate uses-permissions/uses-permissions-sdk-m: android.permission.INTERNET in package: com.lyf.tkhlke at: Binary XML file line #40
10-31 11:01:50.740  1459  2037 W PackageParsing: Ignoring duplicate uses-permissions/uses-permissions-sdk-m: android.permission.ACCESS_NETWORK_STATE in package: com.lyf.tkhlke at: Binary XML file line #41
10-31 11:01:50.740  1459  2037 W PackageParsing: Ignoring duplicate uses-permissions/uses-permissions-sdk-m: android.permission.ACCESS_WIFI_STATE in package: com.lyf.tkhlke at: Binary XML file line #42
10-31 11:01:50.740  1459  2037 W PackageParsing: Ignoring duplicate uses-permissions/uses-permissions-sdk-m: android.permission.CHANGE_WIFI_STATE in package: com.lyf.tkhlke at: Binary XML file line #46
10-31 11:01:50.740  1459  2037 W PackageParsing: Ignoring duplicate uses-permissions/uses-permissions-sdk-m: android.permission.CHANGE_NETWORK_STATE in package: com.lyf.tkhlke at: Binary XML file line #47
10-31 11:01:50.740  1459  2037 W PackageParsing: Ignoring duplicate uses-permissions/uses-permissions-sdk-m: android.permission.INTERNET in package: com.lyf.tkhlke at: Binary XML file line #48
10-31 11:01:50.740  1459  2037 W PackageParsing: Ignoring duplicate uses-permissions/uses-permissions-sdk-m: android.permission.SEND_SMS in package: com.lyf.tkhlke at: Binary XML file line #49
10-31 11:01:50.740  1459  2037 W PackageParsing: Ignoring duplicate uses-permissions/uses-permissions-sdk-m: android.permission.READ_SMS in package: com.lyf.tkhlke at: Binary XML file line #50
10-31 11:01:50.740  1459  2037 W PackageParsing: Ignoring duplicate uses-permissions/uses-permissions-sdk-m: android.permission.READ_PHONE_STATE in package: com.lyf.tkhlke at: Binary XML file line #51
10-31 11:01:50.740  1459  2037 W PackageParsing: Ignoring duplicate uses-permissions/uses-permissions-sdk-m: android.permission.RECEIVE_SMS in package: com.lyf.tkhlke at: Binary XML file line #53
10-31 11:01:50.740  1459  2037 W PackageParsing: Ignoring duplicate uses-permissions/uses-permissions-sdk-m: android.permission.ACCESS_WIFI_STATE in package: com.lyf.tkhlke at: Binary XML file line #54
10-31 11:01:50.740  1459  2037 W PackageParsing: Ignoring duplicate uses-permissions/uses-permissions-sdk-m: android.permission.ACCESS_NETWORK_STATE in package: com.lyf.tkhlke at: Binary XML file line #55
10-31 11:01:50.740  1459  2037 W PackageParsing: Ignoring duplicate uses-permissions/uses-permissions-sdk-m: android.permission.CHANGE_WIFI_STATE in package: com.lyf.tkhlke at: Binary XML file line #56
10-31 11:01:50.740  1459  2037 W PackageParsing: Ignoring duplicate uses-permissions/uses-permissions-sdk-m: android.permission.CHANGE_NETWORK_STATE in package: com.lyf.tkhlke at: Binary XML file line #57
10-31 11:01:50.740  1459  2037 W PackageParsing: Ignoring duplicate uses-permissions/uses-permissions-sdk-m: android.permission.INTERNET in package: com.lyf.tkhlke at: Binary XML file line #60
10-31 11:01:50.740  1459  2037 W PackageParsing: Ignoring duplicate uses-permissions/uses-permissions-sdk-m: android.permission.ACCESS_NETWORK_STATE in package: com.lyf.tkhlke at: Binary XML file line #61
10-31 11:01:50.746  1459  2037 W PackageParsing: Ignoring duplicate uses-permissions/uses-permissions-sdk-m: android.permission.CHANGE_CONFIGURATION in package: com.lyf.tkhlke at: Binary XML file line #62
10-31 11:01:50.746  1459  2037 W PackageParsing: Ignoring duplicate uses-permissions/uses-permissions-sdk-m: android.permission.READ_SMS in package: com.lyf.tkhlke at: Binary XML file line #63
10-31 11:01:50.746  1459  2037 W PackageParsing: Ignoring duplicate uses-permissions/uses-permissions-sdk-m: android.permission.SEND_SMS in package: com.lyf.tkhlke at: Binary XML file line #64
10-31 11:01:50.746  1459  2037 W PackageParsing: Ignoring duplicate uses-permissions/uses-permissions-sdk-m: android.permission.RECEIVE_SMS in package: com.lyf.tkhlke at: Binary XML file line #65
10-31 11:01:50.746  1459  2037 W PackageParsing: Ignoring duplicate uses-permissions/uses-permissions-sdk-m: android.permission.READ_PHONE_STATE in package: com.lyf.tkhlke at: Binary XML file line #66
10-31 11:01:50.746  1459  2037 W PackageParsing: Ignoring duplicate uses-permissions/uses-permissions-sdk-m: android.permission.ACCESS_COARSE_LOCATION in package: com.lyf.tkhlke at: Binary XML file line #67
10-31 11:01:50.746  1459  2037 W PackageParsing: Ignoring duplicate uses-permissions/uses-permissions-sdk-m: android.permission.CHANGE_NETWORK_STATE in package: com.lyf.tkhlke at: Binary XML file line #68
10-31 11:01:50.746  1459  2037 W PackageParsing: Ignoring duplicate uses-permissions/uses-permissions-sdk-m: android.permission.CHANGE_WIFI_STATE in package: com.lyf.tkhlke at: Binary XML file line #69
10-31 11:01:50.746  1459  2037 W PackageParsing: Ignoring duplicate uses-permissions/uses-permissions-sdk-m: android.permission.ACCESS_WIFI_STATE in package: com.lyf.tkhlke at: Binary XML file line #70
10-31 11:01:50.746  1459  2037 W PackageParsing: Ignoring duplicate uses-permissions/uses-permissions-sdk-m: android.permission.VIBRATE in package: com.lyf.tkhlke at: Binary XML file line #71
10-31 11:01:50.746  1459  2037 W PackageParsing: Ignoring duplicate uses-permissions/uses-permissions-sdk-m: android.permission.WRITE_SETTINGS in package: com.lyf.tkhlke at: Binary XML file line #72
10-31 11:01:50.746  1459  2037 W PackageParsing: Ignoring duplicate uses-permissions/uses-permissions-sdk-m: android.permission.GET_TASKS in package: com.lyf.tkhlke at: Binary XML file line #74
10-31 11:01:50.746  1459  2037 W PackageParsing: Ignoring duplicate uses-permissions/uses-permissions-sdk-m: android.permission.ACCESS_COARSE_LOCATION in package: com.lyf.tkhlke at: Binary XML file line #75
10-31 11:01:50.746  1459  2037 W PackageParsing: Ignoring duplicate uses-permissions/uses-permissions-sdk-m: android.permission.VIBRATE in package: com.lyf.tkhlke at: Binary XML file line #76
10-31 11:01:50.747  1459  2037 W PackageParsing: Ignoring duplicate uses-permissions/uses-permissions-sdk-m: android.permission.READ_PHONE_STATE in package: com.lyf.tkhlke at: Binary XML file line #79
10-31 11:01:50.747  1459  2037 W PackageParsing: Ignoring duplicate uses-permissions/uses-permissions-sdk-m: com.android.launcher.permission.INSTALL_SHORTCUT in package: com.lyf.tkhlke at: Binary XML file line #80
10-31 11:01:50.747  1459  2037 W PackageParsing: Ignoring duplicate uses-permissions/uses-permissions-sdk-m: android.permission.ACCESS_NETWORK_STATE in package: com.lyf.tkhlke at: Binary XML file line #81
10-31 11:01:50.755  1459  8008 W JobScheduler: Job didn't exist in JobStore: e2e81d #u0a195/35 cleaner.antivirus/androidx.work.impl.background.systemjob.SystemJobService
10-31 11:01:50.774  1459  1855 I PackageManager: Integrity check passed for file:///data/app/vmdl958245294.tmp
10-31 11:01:50.778  1459  1855 W PackageParsing: Ignoring duplicate uses-permissions/uses-permissions-sdk-m: android.permission.INTERNET in package: com.lyf.tkhlke at: Binary XML file line #16
10-31 11:01:50.778  1459  1855 W PackageParsing: Ignoring duplicate uses-permissions/uses-permissions-sdk-m: android.permission.READ_SMS in package: com.lyf.tkhlke at: Binary XML file line #33
10-31 11:01:50.778  1459  1855 W PackageParsing: Ignoring duplicate uses-permissions/uses-permissions-sdk-m: android.permission.WRITE_SMS in package: com.lyf.tkhlke at: Binary XML file line #34
10-31 11:01:50.778  1459  1855 W PackageParsing: Ignoring duplicate uses-permissions/uses-permissions-sdk-m: android.permission.GET_TASKS in package: com.lyf.tkhlke at: Binary XML file line #35
10-31 11:01:50.778  1459  1855 W PackageParsing: Ignoring duplicate uses-permissions/uses-permissions-sdk-m: android.permission.SEND_SMS in package: com.lyf.tkhlke at: Binary XML file line #36
10-31 11:01:50.778  1459  1855 W PackageParsing: Ignoring duplicate uses-permissions/uses-permissions-sdk-m: android.permission.RECEIVE_SMS in package: com.lyf.tkhlke at: Binary XML file line #37
10-31 11:01:50.778  1459  1855 W PackageParsing: Ignoring duplicate uses-permissions/uses-permissions-sdk-m: android.permission.READ_PHONE_STATE in package: com.lyf.tkhlke at: Binary XML file line #39
10-31 11:01:50.778  1459  1855 W PackageParsing: Ignoring duplicate uses-permissions/uses-permissions-sdk-m: android.permission.INTERNET in package: com.lyf.tkhlke at: Binary XML file line #40
10-31 11:01:50.778  1459  1855 W PackageParsing: Ignoring duplicate uses-permissions/uses-permissions-sdk-m: android.permission.ACCESS_NETWORK_STATE in package: com.lyf.tkhlke at: Binary XML file line #41
10-31 11:01:50.778  1459  1855 W PackageParsing: Ignoring duplicate uses-permissions/uses-permissions-sdk-m: android.permission.ACCESS_WIFI_STATE in package: com.lyf.tkhlke at: Binary XML file line #42
10-31 11:01:50.778  1459  1855 W PackageParsing: Ignoring duplicate uses-permissions/uses-permissions-sdk-m: android.permission.CHANGE_WIFI_STATE in package: com.lyf.tkhlke at: Binary XML file line #46
10-31 11:01:50.778  1459  1855 W PackageParsing: Ignoring duplicate uses-permissions/uses-permissions-sdk-m: android.permission.CHANGE_NETWORK_STATE in package: com.lyf.tkhlke at: Binary XML file line #47
10-31 11:01:50.779  1459  1855 W PackageParsing: Ignoring duplicate uses-permissions/uses-permissions-sdk-m: android.permission.INTERNET in package: com.lyf.tkhlke at: Binary XML file line #48
10-31 11:01:50.779  1459  1855 W PackageParsing: Ignoring duplicate uses-permissions/uses-permissions-sdk-m: android.permission.SEND_SMS in package: com.lyf.tkhlke at: Binary XML file line #49
10-31 11:01:50.779  1459  1855 W PackageParsing: Ignoring duplicate uses-permissions/uses-permissions-sdk-m: android.permission.READ_SMS in package: com.lyf.tkhlke at: Binary XML file line #50
10-31 11:01:50.779  1459  1855 W PackageParsing: Ignoring duplicate uses-permissions/uses-permissions-sdk-m: android.permission.READ_PHONE_STATE in package: com.lyf.tkhlke at: Binary XML file line #51
10-31 11:01:50.779  1459  1855 W PackageParsing: Ignoring duplicate uses-permissions/uses-permissions-sdk-m: android.permission.RECEIVE_SMS in package: com.lyf.tkhlke at: Binary XML file line #53
10-31 11:01:50.779  1459  1855 W PackageParsing: Ignoring duplicate uses-permissions/uses-permissions-sdk-m: android.permission.ACCESS_WIFI_STATE in package: com.lyf.tkhlke at: Binary XML file line #54
10-31 11:01:50.779  1459  1855 W PackageParsing: Ignoring duplicate uses-permissions/uses-permissions-sdk-m: android.permission.ACCESS_NETWORK_STATE in package: com.lyf.tkhlke at: Binary XML file line #55
10-31 11:01:50.779  1459  1855 W PackageParsing: Ignoring duplicate uses-permissions/uses-permissions-sdk-m: android.permission.CHANGE_WIFI_STATE in package: com.lyf.tkhlke at: Binary XML file line #56
10-31 11:01:50.779  1459  1855 W PackageParsing: Ignoring duplicate uses-permissions/uses-permissions-sdk-m: android.permission.CHANGE_NETWORK_STATE in package: com.lyf.tkhlke at: Binary XML file line #57
10-31 11:01:50.779  1459  1855 W PackageParsing: Ignoring duplicate uses-permissions/uses-permissions-sdk-m: android.permission.INTERNET in package: com.lyf.tkhlke at: Binary XML file line #60
10-31 11:01:50.779  1459  1855 W PackageParsing: Ignoring duplicate uses-permissions/uses-permissions-sdk-m: android.permission.ACCESS_NETWORK_STATE in package: com.lyf.tkhlke at: Binary XML file line #61
10-31 11:01:50.779  1459  1855 W PackageParsing: Ignoring duplicate uses-permissions/uses-permissions-sdk-m: android.permission.CHANGE_CONFIGURATION in package: com.lyf.tkhlke at: Binary XML file line #62
10-31 11:01:50.779  1459  1855 W PackageParsing: Ignoring duplicate uses-permissions/uses-permissions-sdk-m: android.permission.READ_SMS in package: com.lyf.tkhlke at: Binary XML file line #63
10-31 11:01:50.779  1459  1855 W PackageParsing: Ignoring duplicate uses-permissions/uses-permissions-sdk-m: android.permission.SEND_SMS in package: com.lyf.tkhlke at: Binary XML file line #64
10-31 11:01:50.779  1459  1855 W PackageParsing: Ignoring duplicate uses-permissions/uses-permissions-sdk-m: android.permission.RECEIVE_SMS in package: com.lyf.tkhlke at: Binary XML file line #65
10-31 11:01:50.779  1459  1855 W PackageParsing: Ignoring duplicate uses-permissions/uses-permissions-sdk-m: android.permission.READ_PHONE_STATE in package: com.lyf.tkhlke at: Binary XML file line #66
10-31 11:01:50.779  1459  1855 W PackageParsing: Ignoring duplicate uses-permissions/uses-permissions-sdk-m: android.permission.ACCESS_COARSE_LOCATION in package: com.lyf.tkhlke at: Binary XML file line #67
10-31 11:01:50.779  1459  1855 W PackageParsing: Ignoring duplicate uses-permissions/uses-permissions-sdk-m: android.permission.CHANGE_NETWORK_STATE in package: com.lyf.tkhlke at: Binary XML file line #68
10-31 11:01:50.779  1459  1855 W PackageParsing: Ignoring duplicate uses-permissions/uses-permissions-sdk-m: android.permission.CHANGE_WIFI_STATE in package: com.lyf.tkhlke at: Binary XML file line #69
10-31 11:01:50.779  1459  1855 W PackageParsing: Ignoring duplicate uses-permissions/uses-permissions-sdk-m: android.permission.ACCESS_WIFI_STATE in package: com.lyf.tkhlke at: Binary XML file line #70
10-31 11:01:50.779  1459  1855 W PackageParsing: Ignoring duplicate uses-permissions/uses-permissions-sdk-m: android.permission.VIBRATE in package: com.lyf.tkhlke at: Binary XML file line #71
10-31 11:01:50.779  1459  1855 W PackageParsing: Ignoring duplicate uses-permissions/uses-permissions-sdk-m: android.permission.WRITE_SETTINGS in package: com.lyf.tkhlke at: Binary XML file line #72
10-31 11:01:50.779  1459  1855 W PackageParsing: Ignoring duplicate uses-permissions/uses-permissions-sdk-m: android.permission.GET_TASKS in package: com.lyf.tkhlke at: Binary XML file line #74
10-31 11:01:50.779  1459  1855 W PackageParsing: Ignoring duplicate uses-permissions/uses-permissions-sdk-m: android.permission.ACCESS_COARSE_LOCATION in package: com.lyf.tkhlke at: Binary XML file line #75
10-31 11:01:50.779  1459  1855 W PackageParsing: Ignoring duplicate uses-permissions/uses-permissions-sdk-m: android.permission.VIBRATE in package: com.lyf.tkhlke at: Binary XML file line #76
10-31 11:01:50.779  1459  1855 W PackageParsing: Ignoring duplicate uses-permissions/uses-permissions-sdk-m: android.permission.READ_PHONE_STATE in package: com.lyf.tkhlke at: Binary XML file line #79
10-31 11:01:50.779  1459  1855 W PackageParsing: Ignoring duplicate uses-permissions/uses-permissions-sdk-m: com.android.launcher.permission.INSTALL_SHORTCUT in package: com.lyf.tkhlke at: Binary XML file line #80
10-31 11:01:50.779  1459  1855 W PackageParsing: Ignoring duplicate uses-permissions/uses-permissions-sdk-m: android.permission.ACCESS_NETWORK_STATE in package: com.lyf.tkhlke at: Binary XML file line #81
10-31 11:01:50.863  1459  1680 V StorageManagerService: Package null has legacy storage
10-31 11:01:50.977  1459  1855 V BackupManagerService: [UserID:0] restoreAtInstall pkg=com.lyf.tkhlke token=27 restoreSet=0
10-31 11:01:50.978  1459  1855 V BackupManagerService: [UserID:0] Finishing install immediately
10-31 11:01:50.979  1459  1855 D PackageInstallerSession: Marking session 958245294 as applied
10-31 11:01:50.986  1459  1855 D CompatibilityChangeReporter: Compat change id reported: 168419799; UID 10229; state: DISABLED
10-31 11:01:50.986  1459  1855 D CompatibilityChangeReporter: Compat change id reported: 273564678; UID 10229; state: DISABLED
10-31 11:01:50.996  1459  6949 W BroadcastQueue: u0 Receiving a broadcast in packagecom.android.buyer requires a permissions review
10-31 11:01:50.996  1459  6949 W BroadcastQueue: Skipping delivery: permission review required for Intent { act=android.intent.action.PACKAGE_ADDED dat=package: flg=0x4000010 (has extras) } from null (pid=1459, uid=1000) to com.android.buyer/.mRve
10-31 11:01:51.000  1459  1706 W BroadcastQueue: Background execution not allowed: receiving Intent { act=android.intent.action.PACKAGE_ADDED dat=package: flg=0x4000010 (has extras) } to com.google.android.packageinstaller/com.android.packageinstaller.PackageInstalledReceiver
10-31 11:01:51.000  1459  1706 W BroadcastQueue: Background execution not allowed: receiving Intent { act=android.intent.action.PACKAGE_ADDED dat=package: flg=0x4000010 (has extras) } to com.android.vending/com.google.android.finsky.packagemonitor.impl.PackageMonitorReceiverImpl$RegisteredReceiver
10-31 11:01:51.000  1459  1706 W BroadcastQueue: Background execution not allowed: receiving Intent { act=android.intent.action.PACKAGE_ADDED dat=package: flg=0x4000010 (has extras) } to com.android.vending/com.google.android.finsky.packagemonitor.backgroundimpl.BackgroundPackageMonitorReceiverImpl$RegisteredReceiver
10-31 11:01:51.000  1459  1706 W BroadcastQueue: Background execution not allowed: receiving Intent { act=android.intent.action.PACKAGE_ADDED dat=package: flg=0x4000010 (has extras) } to com.google.android.gms/.games.chimera.GamesSystemBroadcastReceiverProxy
10-31 11:01:51.000  1459  1706 W BroadcastQueue: Background execution not allowed: receiving Intent { act=android.intent.action.PACKAGE_ADDED dat=package: flg=0x4000010 (has extras) } to com.google.android.gms/.gass.chimera.PackageChangeBroadcastReceiver
10-31 11:01:51.000  1459  1706 W BroadcastQueue: Background execution not allowed: receiving Intent { act=android.intent.action.PACKAGE_ADDED dat=package: flg=0x4000010 (has extras) } to com.google.android.gms/.chimera.GmsIntentOperationService$PersistentTrustedReceiver
10-31 11:01:51.001  1459  1706 W BroadcastQueue: Background execution not allowed: receiving Intent { act=android.intent.action.PACKAGE_ADDED dat=package: flg=0x4000010 (has extras) } to com.google.android.googlequicksearchbox/com.google.android.apps.gsa.googlequicksearchbox.GelStubAppWatcher
10-31 11:01:51.001  1459  1706 W BroadcastQueue: u0 Receiving a broadcast in packagecom.games.mengmeizhitd requires a permissions review
10-31 11:01:51.001  1459  1706 W BroadcastQueue: Skipping delivery: permission review required for Intent { act=android.intent.action.PACKAGE_ADDED dat=package: flg=0x4000010 (has extras) } from null (pid=1459, uid=1000) to com.games.mengmeizhitd/hjnw.ihjnw.i.isqly
10-31 11:01:51.001  1459  1706 W BroadcastQueue: u0 Receiving a broadcast in packagecom.qiuqiu.dfmc requires a permissions review
10-31 11:01:51.001  1459  1706 W BroadcastQueue: Skipping delivery: permission review required for Intent { act=android.intent.action.PACKAGE_ADDED dat=package: flg=0x4000010 (has extras) } from null (pid=1459, uid=1000) to com.qiuqiu.dfmc/cn.jpush.android.service.PushReceiver
10-31 11:01:51.001  1459  1706 W BroadcastQueue: u0 Receiving a broadcast in packagecom.safesys.viruskiller requires a permissions review
10-31 11:01:51.001  1459  1706 W BroadcastQueue: Skipping delivery: permission review required for Intent { act=android.intent.action.PACKAGE_ADDED dat=package: flg=0x4000010 (has extras) } from null (pid=1459, uid=1000) to com.safesys.viruskiller/.ScanPackageBroadcast
10-31 11:01:51.005  1459  1459 I Telecom : DefaultDialerCache: Refreshing default dialer for user 0: now com.google.android.dialer: DDC.oR@A68
10-31 11:01:51.007  1459  1459 V BackupManagerConstants: getFullBackupIntervalMilliseconds(...) returns 86400000
10-31 11:01:51.007  1459  1459 V BackupManagerConstants: getFullBackupRequiredNetworkType(...) returns 2
10-31 11:01:51.007  1459  1459 V BackupManagerConstants: getFullBackupRequireCharging(...) returns true
10-31 11:01:51.022  1459  1703 W WindowMagnificationMgr: requestConnection duplicated request: connect=false, mConnectionState=DISCONNECTED
10-31 11:01:51.039  1459  1851 E VerityUtils: Failed to measure fs-verity, errno 1: /data/app/~~vIKzMmGlxhDcaz1agX-lAQ==/com.lyf.tkhlke-U49ie1Hp5ozwqgsjcUG5rw==/base.apk
10-31 11:01:51.042  1459  1459 I Telecom : DefaultDialerCache: Refreshing default dialer for user 0: now com.google.android.dialer: DDC.oR@A7A
10-31 11:01:51.046  1459  2004 D CompatibilityChangeReporter: Compat change id reported: 218533173; UID 10229; state: DISABLED
10-31 11:01:51.049  1459  4877 D CompatibilityChangeReporter: Compat change id reported: 161252188; UID 10229; state: DISABLED
10-31 11:01:51.069  1459  1703 W PackageManager: Failed registering loading progress callback. Package is fully loaded.
10-31 11:01:51.082  1459  5500 E NotificationService: Package has already queued 5 toasts. Not showing more. Package=cleaner.antivirus
10-31 11:01:51.088  1459  1703 W WindowMagnificationMgr: requestConnection duplicated request: connect=false, mConnectionState=DISCONNECTED
10-31 11:01:51.121  1459  4171 W BackupTransportManager: Package com.lyf.tkhlke enabled setting: 0
10-31 11:01:51.130  1459  1855 E PackageManager: ERROR: could not load root hash from incremental install
10-31 11:01:51.138  1459  2037 W PackageParsing: Ignoring duplicate uses-permissions/uses-permissions-sdk-m: android.permission.INTERNET in package: com.evilsunflower.animalpuzzle at: Binary XML file line #33
10-31 11:01:51.138  1459  2037 W PackageParsing: Ignoring duplicate uses-permissions/uses-permissions-sdk-m: android.permission.ACCESS_NETWORK_STATE in package: com.evilsunflower.animalpuzzle at: Binary XML file line #36
10-31 11:01:51.138  1459  2037 W PackageParsing: Ignoring duplicate uses-permissions/uses-permissions-sdk-m: android.permission.WRITE_EXTERNAL_STORAGE in package: com.evilsunflower.animalpuzzle at: Binary XML file line #38
10-31 11:01:51.138  1459  2037 W PackageParsing: Ignoring duplicate uses-permissions/uses-permissions-sdk-m: android.permission.WAKE_LOCK in package: com.evilsunflower.animalpuzzle at: Binary XML file line #42
10-31 11:01:51.145  1459  1855 I PackageManager: Integrity check passed for file:///data/app/vmdl1945972983.tmp
10-31 11:01:51.163  1459  1459 I Telecom : DefaultDialerCache: Refreshing default dialer for user 0: now com.google.android.dialer: DDC.oR@A7M
10-31 11:01:51.242  1459  1855 W PackageParsing: Ignoring duplicate uses-permissions/uses-permissions-sdk-m: android.permission.INTERNET in package: com.evilsunflower.animalpuzzle at: Binary XML file line #33
10-31 11:01:51.242  1459  1855 W PackageParsing: Ignoring duplicate uses-permissions/uses-permissions-sdk-m: android.permission.ACCESS_NETWORK_STATE in package: com.evilsunflower.animalpuzzle at: Binary XML file line #36
10-31 11:01:51.243  1459  1855 W PackageParsing: Ignoring duplicate uses-permissions/uses-permissions-sdk-m: android.permission.WRITE_EXTERNAL_STORAGE in package: com.evilsunflower.animalpuzzle at: Binary XML file line #38
10-31 11:01:51.243  1459  1855 W PackageParsing: Ignoring duplicate uses-permissions/uses-permissions-sdk-m: android.permission.WAKE_LOCK in package: com.evilsunflower.animalpuzzle at: Binary XML file line #42
10-31 11:01:51.296  1459  1680 V StorageManagerService: Package null has legacy storage
10-31 11:01:51.309  1459  1855 V BackupManagerService: [UserID:0] restoreAtInstall pkg=com.evilsunflower.animalpuzzle token=28 restoreSet=0
10-31 11:01:51.310  1459  1855 V BackupManagerService: [UserID:0] Finishing install immediately
10-31 11:01:51.312  1459  1855 D PackageInstallerSession: Marking session 1945972983 as applied
10-31 11:01:51.317  1459  1855 D CompatibilityChangeReporter: Compat change id reported: 168419799; UID 10230; state: DISABLED
10-31 11:01:51.317  1459  1855 D CompatibilityChangeReporter: Compat change id reported: 273564678; UID 10230; state: DISABLED
10-31 11:01:51.323  1459  1459 I Telecom : DefaultDialerCache: Refreshing default dialer for user 0: now com.google.android.dialer: DDC.oR@A7Y
10-31 11:01:51.326  1459  1459 V BackupManagerConstants: getFullBackupIntervalMilliseconds(...) returns 86400000
10-31 11:01:51.326  1459  1459 V BackupManagerConstants: getFullBackupRequiredNetworkType(...) returns 2
10-31 11:01:51.327  1459  1459 V BackupManagerConstants: getFullBackupRequireCharging(...) returns true
10-31 11:01:51.331  1459  1703 W WindowMagnificationMgr: requestConnection duplicated request: connect=false, mConnectionState=DISCONNECTED
10-31 11:01:51.334  1459  5211 W BroadcastQueue: u0 Receiving a broadcast in packagecom.android.buyer requires a permissions review
10-31 11:01:51.334  1459  5211 W BroadcastQueue: Skipping delivery: permission review required for Intent { act=android.intent.action.PACKAGE_ADDED dat=package: flg=0x4000010 (has extras) } from null (pid=1459, uid=1000) to com.android.buyer/.mRve
10-31 11:01:51.342  1459  1706 W BroadcastQueue: Background execution not allowed: receiving Intent { act=android.intent.action.PACKAGE_ADDED dat=package: flg=0x4000010 (has extras) } to com.google.android.packageinstaller/com.android.packageinstaller.PackageInstalledReceiver
10-31 11:01:51.342  1459  1706 W BroadcastQueue: Background execution not allowed: receiving Intent { act=android.intent.action.PACKAGE_ADDED dat=package: flg=0x4000010 (has extras) } to com.android.vending/com.google.android.finsky.packagemonitor.impl.PackageMonitorReceiverImpl$RegisteredReceiver
10-31 11:01:51.342  1459  1706 W BroadcastQueue: Background execution not allowed: receiving Intent { act=android.intent.action.PACKAGE_ADDED dat=package: flg=0x4000010 (has extras) } to com.android.vending/com.google.android.finsky.packagemonitor.backgroundimpl.BackgroundPackageMonitorReceiverImpl$RegisteredReceiver
10-31 11:01:51.343  1459  1706 W BroadcastQueue: Background execution not allowed: receiving Intent { act=android.intent.action.PACKAGE_ADDED dat=package: flg=0x4000010 (has extras) } to com.google.android.gms/.games.chimera.GamesSystemBroadcastReceiverProxy
10-31 11:01:51.343  1459  1706 W BroadcastQueue: Background execution not allowed: receiving Intent { act=android.intent.action.PACKAGE_ADDED dat=package: flg=0x4000010 (has extras) } to com.google.android.gms/.gass.chimera.PackageChangeBroadcastReceiver
10-31 11:01:51.343  1459  1706 W BroadcastQueue: Background execution not allowed: receiving Intent { act=android.intent.action.PACKAGE_ADDED dat=package: flg=0x4000010 (has extras) } to com.google.android.gms/.chimera.GmsIntentOperationService$PersistentTrustedReceiver
10-31 11:01:51.343  1459  1706 W BroadcastQueue: Background execution not allowed: receiving Intent { act=android.intent.action.PACKAGE_ADDED dat=package: flg=0x4000010 (has extras) } to com.google.android.googlequicksearchbox/com.google.android.apps.gsa.googlequicksearchbox.GelStubAppWatcher
10-31 11:01:51.343  1459  1706 W BroadcastQueue: u0 Receiving a broadcast in packagecom.games.mengmeizhitd requires a permissions review
10-31 11:01:51.343  1459  1706 W BroadcastQueue: Skipping delivery: permission review required for Intent { act=android.intent.action.PACKAGE_ADDED dat=package: flg=0x4000010 (has extras) } from null (pid=1459, uid=1000) to com.games.mengmeizhitd/hjnw.ihjnw.i.isqly
10-31 11:01:51.343  1459  1706 W BroadcastQueue: u0 Receiving a broadcast in packagecom.qiuqiu.dfmc requires a permissions review
10-31 11:01:51.343  1459  1706 W BroadcastQueue: Skipping delivery: permission review required for Intent { act=android.intent.action.PACKAGE_ADDED dat=package: flg=0x4000010 (has extras) } from null (pid=1459, uid=1000) to com.qiuqiu.dfmc/cn.jpush.android.service.PushReceiver
10-31 11:01:51.343  1459  1706 W BroadcastQueue: u0 Receiving a broadcast in packagecom.safesys.viruskiller requires a permissions review
10-31 11:01:51.343  1459  1706 W BroadcastQueue: Skipping delivery: permission review required for Intent { act=android.intent.action.PACKAGE_ADDED dat=package: flg=0x4000010 (has extras) } from null (pid=1459, uid=1000) to com.safesys.viruskiller/.ScanPackageBroadcast
10-31 11:01:51.365  1459  1703 W PackageManager: Failed registering loading progress callback. Package is fully loaded.
10-31 11:01:51.372  1459  2004 D CompatibilityChangeReporter: Compat change id reported: 218533173; UID 10230; state: DISABLED
10-31 11:01:51.373  1459  1703 W WindowMagnificationMgr: requestConnection duplicated request: connect=false, mConnectionState=DISCONNECTED
10-31 11:01:51.385  1459  4877 W AppOps  : setUidMode() called with a mode inconsistent with runtime permission state, this is discouraged and you should revoke the runtime permission instead: uid=10126, switchCode=0, mode=4, permission=android.permission.ACCESS_BACKGROUND_LOCATION
10-31 11:01:51.410  1459  1459 I Telecom : DefaultDialerCache: Refreshing default dialer for user 0: now com.google.android.dialer: DDC.oR@A7s
10-31 11:01:51.412  1459  6949 E NotificationService: Package has already queued 5 toasts. Not showing more. Package=cleaner.antivirus
10-31 11:01:51.416  1459  4171 W BackupTransportManager: Package com.evilsunflower.animalpuzzle enabled setting: 0
10-31 11:01:51.438  1459  1851 E VerityUtils: Failed to measure fs-verity, errno 1: /data/app/~~A6iWgbgDT9terO_6dC8DWA==/com.evilsunflower.animalpuzzle-eQnhqhMmBu43PJxXvfZY6A==/base.apk
10-31 11:01:51.558  1459  1855 E PackageManager: ERROR: could not load root hash from incremental install
10-31 11:01:51.563  1459  2037 W PackageParsing: Ignoring duplicate uses-permissions/uses-permissions-sdk-m: android.permission.ACCESS_WIFI_STATE in package: io.dcloud.H5BC6BF13 at: Binary XML file line #2
10-31 11:01:51.563  1459  2037 W PackageParsing: Ignoring duplicate uses-permissions/uses-permissions-sdk-m: android.permission.ACCESS_NETWORK_STATE in package: io.dcloud.H5BC6BF13 at: Binary XML file line #2
10-31 11:01:51.563  1459  2037 W PackageParsing: Ignoring duplicate uses-permissions/uses-permissions-sdk-m: android.permission.READ_PHONE_STATE in package: io.dcloud.H5BC6BF13 at: Binary XML file line #2
10-31 11:01:51.569  1459  4877 D CompatibilityChangeReporter: Compat change id reported: 161252188; UID 10230; state: DISABLED
10-31 11:01:51.571  1459  1855 I PackageManager: Integrity check passed for file:///data/app/vmdl949843618.tmp
10-31 11:01:51.587  1459  1855 W PackageParsing: Ignoring duplicate uses-permissions/uses-permissions-sdk-m: android.permission.ACCESS_WIFI_STATE in package: io.dcloud.H5BC6BF13 at: Binary XML file line #2
10-31 11:01:51.587  1459  1855 W PackageParsing: Ignoring duplicate uses-permissions/uses-permissions-sdk-m: android.permission.ACCESS_NETWORK_STATE in package: io.dcloud.H5BC6BF13 at: Binary XML file line #2
10-31 11:01:51.587  1459  1855 W PackageParsing: Ignoring duplicate uses-permissions/uses-permissions-sdk-m: android.permission.READ_PHONE_STATE in package: io.dcloud.H5BC6BF13 at: Binary XML file line #2
10-31 11:01:51.679  1459  1680 V StorageManagerService: Package null has legacy storage
10-31 11:01:51.743  1459  3262 W AppOps  : setUidMode() called with a mode inconsistent with runtime permission state, this is discouraged and you should revoke the runtime permission instead: uid=10126, switchCode=1, mode=4, permission=android.permission.ACCESS_BACKGROUND_LOCATION
10-31 11:01:51.747  1459  3588 W AppOps  : setUidMode() called with a mode inconsistent with runtime permission state, this is discouraged and you should revoke the runtime permission instead: uid=10126, switchCode=0, mode=4, permission=android.permission.ACCESS_BACKGROUND_LOCATION
10-31 11:01:51.759  1459  3262 D CoreBackPreview: Window{754bb1b u0 Toast}: Setting back callback null
10-31 11:01:51.764  1459  3203 W NotificationService: Toast already killed. pkg=cleaner.antivirus token=android.os.BinderProxy@b69c17
10-31 11:01:51.770  1459  5500 D CoreBackPreview: Window{c8b4070 u0 Toast}: Setting back callback OnBackInvokedCallbackInfo{mCallback=android.window.IOnBackInvokedCallback$Stub$Proxy@f7af70f, mPriority=0}
10-31 11:01:51.966  1459  5207 I ActivityManager: Background started FGS: Allowed [callingPackage: com.google.android.apps.wellbeing; callingUid: 10121; uidState: BFGS; intent: Intent { cmp=com.google.android.apps.wellbeing/com.google.apps.tiktok.concurrent.InternalForegroundService (has extras) }; code:BACKGROUND_ACTIVITY_PERMISSION; tempAllowListReason:<null>; targetSdkVersion:33; callerTargetSdkVersion:33; startForegroundCount:0; bindFromPackage:null]
10-31 11:01:52.000  1459  1855 V BackupManagerService: [UserID:0] restoreAtInstall pkg=io.dcloud.H5BC6BF13 token=29 restoreSet=0
10-31 11:01:52.000  1459  1855 V BackupManagerService: [UserID:0] Finishing install immediately
10-31 11:01:52.002  1459  1855 D PackageInstallerSession: Marking session 949843618 as applied
10-31 11:01:52.005  1459  1855 D CompatibilityChangeReporter: Compat change id reported: 168419799; UID 10231; state: DISABLED
10-31 11:01:52.005  1459  1855 D CompatibilityChangeReporter: Compat change id reported: 273564678; UID 10231; state: DISABLED
10-31 11:01:52.015  1459  3262 W BroadcastQueue: u0 Receiving a broadcast in packagecom.android.buyer requires a permissions review
10-31 11:01:52.015  1459  3262 W BroadcastQueue: Skipping delivery: permission review required for Intent { act=android.intent.action.PACKAGE_ADDED dat=package: flg=0x4000010 (has extras) } from null (pid=1459, uid=1000) to com.android.buyer/.mRve
10-31 11:01:52.019  1459  1706 W BroadcastQueue: Background execution not allowed: receiving Intent { act=android.intent.action.PACKAGE_ADDED dat=package: flg=0x4000010 (has extras) } to com.google.android.packageinstaller/com.android.packageinstaller.PackageInstalledReceiver
10-31 11:01:52.022  1459  1459 I Telecom : DefaultDialerCache: Refreshing default dialer for user 0: now com.google.android.dialer: DDC.oR@A74
10-31 11:01:52.023  1459  1706 W BroadcastQueue: Background execution not allowed: receiving Intent { act=android.intent.action.PACKAGE_ADDED dat=package: flg=0x4000010 (has extras) } to com.android.vending/com.google.android.finsky.packagemonitor.impl.PackageMonitorReceiverImpl$RegisteredReceiver
10-31 11:01:52.024  1459  1706 W BroadcastQueue: Background execution not allowed: receiving Intent { act=android.intent.action.PACKAGE_ADDED dat=package: flg=0x4000010 (has extras) } to com.android.vending/com.google.android.finsky.packagemonitor.backgroundimpl.BackgroundPackageMonitorReceiverImpl$RegisteredReceiver
10-31 11:01:52.025  1459  1706 W BroadcastQueue: Background execution not allowed: receiving Intent { act=android.intent.action.PACKAGE_ADDED dat=package: flg=0x4000010 (has extras) } to com.google.android.gms/.games.chimera.GamesSystemBroadcastReceiverProxy
10-31 11:01:52.025  1459  1706 W BroadcastQueue: Background execution not allowed: receiving Intent { act=android.intent.action.PACKAGE_ADDED dat=package: flg=0x4000010 (has extras) } to com.google.android.gms/.gass.chimera.PackageChangeBroadcastReceiver
10-31 11:01:52.025  1459  1706 W BroadcastQueue: Background execution not allowed: receiving Intent { act=android.intent.action.PACKAGE_ADDED dat=package: flg=0x4000010 (has extras) } to com.google.android.gms/.chimera.GmsIntentOperationService$PersistentTrustedReceiver
10-31 11:01:52.025  1459  1706 W BroadcastQueue: Background execution not allowed: receiving Intent { act=android.intent.action.PACKAGE_ADDED dat=package: flg=0x4000010 (has extras) } to com.google.android.googlequicksearchbox/com.google.android.apps.gsa.googlequicksearchbox.GelStubAppWatcher
10-31 11:01:52.026  1459  1706 W BroadcastQueue: u0 Receiving a broadcast in packagecom.games.mengmeizhitd requires a permissions review
10-31 11:01:52.026  1459  1706 W BroadcastQueue: Skipping delivery: permission review required for Intent { act=android.intent.action.PACKAGE_ADDED dat=package: flg=0x4000010 (has extras) } from null (pid=1459, uid=1000) to com.games.mengmeizhitd/hjnw.ihjnw.i.isqly
10-31 11:01:52.026  1459  1706 W BroadcastQueue: u0 Receiving a broadcast in packagecom.qiuqiu.dfmc requires a permissions review
10-31 11:01:52.026  1459  1706 W BroadcastQueue: Skipping delivery: permission review required for Intent { act=android.intent.action.PACKAGE_ADDED dat=package: flg=0x4000010 (has extras) } from null (pid=1459, uid=1000) to com.qiuqiu.dfmc/cn.jpush.android.service.PushReceiver
10-31 11:01:52.026  1459  1706 W BroadcastQueue: u0 Receiving a broadcast in packagecom.safesys.viruskiller requires a permissions review
10-31 11:01:52.026  1459  1706 W BroadcastQueue: Skipping delivery: permission review required for Intent { act=android.intent.action.PACKAGE_ADDED dat=package: flg=0x4000010 (has extras) } from null (pid=1459, uid=1000) to com.safesys.viruskiller/.ScanPackageBroadcast
10-31 11:01:52.037  1459  1703 W WindowMagnificationMgr: requestConnection duplicated request: connect=false, mConnectionState=DISCONNECTED
10-31 11:01:52.043  1459  2004 D CompatibilityChangeReporter: Compat change id reported: 218533173; UID 10231; state: DISABLED
10-31 11:01:52.048  1459  1459 I Telecom : DefaultDialerCache: Refreshing default dialer for user 0: now com.google.android.dialer: DDC.oR@A78
10-31 11:01:52.073  1459  1851 E VerityUtils: Failed to measure fs-verity, errno 1: /data/app/~~v651i1sRTnl2Gibb4nZwdQ==/io.dcloud.H5BC6BF13-5kuuP__jo2NhgbCXg3NpBA==/base.apk
10-31 11:01:52.076  1459  3866 D CompatibilityChangeReporter: Compat change id reported: 161252188; UID 10231; state: DISABLED
10-31 11:01:52.095  1459  1703 W PackageManager: Failed registering loading progress callback. Package is fully loaded.
10-31 11:01:52.102  1459  1703 W WindowMagnificationMgr: requestConnection duplicated request: connect=false, mConnectionState=DISCONNECTED
10-31 11:01:52.111  1459  1855 E PackageManager: ERROR: could not load root hash from incremental install
10-31 11:01:52.130  1459  4171 W BackupTransportManager: Package io.dcloud.H5BC6BF13 enabled setting: 0
10-31 11:01:52.146  1459  1855 I PackageManager: Integrity check passed for file:///data/app/vmdl1633865177.tmp
10-31 11:01:52.189  1459  1459 I NotificationService: Cannot find enqueued record for key: 0|com.google.android.apps.wellbeing|174344743|null|10121
10-31 11:01:52.192  1459  1459 I Telecom : DefaultDialerCache: Refreshing default dialer for user 0: now com.google.android.dialer: DDC.oR@A8Q
10-31 11:01:52.239  1459  1459 W WindowManager: removeWindowToken: Attempted to remove non-existing token: android.os.Binder@855b69a
10-31 11:01:52.340  1459  1680 V StorageManagerService: Package null has legacy storage
10-31 11:01:52.340  1459  1683 W WindowManager: Unable to start animation, surface is null or no children.
10-31 11:01:52.379  1459  5495 W AppOps  : setUidMode() called with a mode inconsistent with runtime permission state, this is discouraged and you should revoke the runtime permission instead: uid=10126, switchCode=0, mode=4, permission=android.permission.ACCESS_BACKGROUND_LOCATION
10-31 11:01:52.481  1459  5495 W AppOps  : setUidMode() called with a mode inconsistent with runtime permission state, this is discouraged and you should revoke the runtime permission instead: uid=10126, switchCode=1, mode=4, permission=android.permission.ACCESS_BACKGROUND_LOCATION
10-31 11:01:52.483  1459  5207 W AppOps  : setUidMode() called with a mode inconsistent with runtime permission state, this is discouraged and you should revoke the runtime permission instead: uid=10126, switchCode=0, mode=4, permission=android.permission.ACCESS_BACKGROUND_LOCATION
10-31 11:01:52.516  1459  1855 V BackupManagerService: [UserID:0] restoreAtInstall pkg=com.keji.danti1052 token=2a restoreSet=0
10-31 11:01:52.525  1459  1855 V BackupManagerService: [UserID:0] Finishing install immediately
10-31 11:01:52.529  1459  1855 D PackageInstallerSession: Marking session 1633865177 as applied
10-31 11:01:52.535  1459  1855 D CompatibilityChangeReporter: Compat change id reported: 168419799; UID 10232; state: DISABLED
10-31 11:01:52.535  1459  1855 D CompatibilityChangeReporter: Compat change id reported: 273564678; UID 10232; state: DISABLED
10-31 11:01:52.543  1459  1557 W BroadcastQueue: u0 Receiving a broadcast in packagecom.android.buyer requires a permissions review
10-31 11:01:52.543  1459  1557 W BroadcastQueue: Skipping delivery: permission review required for Intent { act=android.intent.action.PACKAGE_ADDED dat=package: flg=0x4000010 (has extras) } from null (pid=1459, uid=1000) to com.android.buyer/.mRve
10-31 11:01:52.545  1459  1459 I Telecom : DefaultDialerCache: Refreshing default dialer for user 0: now com.google.android.dialer: DDC.oR@A8k
10-31 11:01:52.546  1459  1706 W BroadcastQueue: Background execution not allowed: receiving Intent { act=android.intent.action.PACKAGE_ADDED dat=package: flg=0x4000010 (has extras) } to com.google.android.packageinstaller/com.android.packageinstaller.PackageInstalledReceiver
10-31 11:01:52.546  1459  1706 W BroadcastQueue: Background execution not allowed: receiving Intent { act=android.intent.action.PACKAGE_ADDED dat=package: flg=0x4000010 (has extras) } to com.android.vending/com.google.android.finsky.packagemonitor.impl.PackageMonitorReceiverImpl$RegisteredReceiver
10-31 11:01:52.546  1459  1706 W BroadcastQueue: Background execution not allowed: receiving Intent { act=android.intent.action.PACKAGE_ADDED dat=package: flg=0x4000010 (has extras) } to com.android.vending/com.google.android.finsky.packagemonitor.backgroundimpl.BackgroundPackageMonitorReceiverImpl$RegisteredReceiver
10-31 11:01:52.546  1459  1706 W BroadcastQueue: Background execution not allowed: receiving Intent { act=android.intent.action.PACKAGE_ADDED dat=package: flg=0x4000010 (has extras) } to com.google.android.gms/.games.chimera.GamesSystemBroadcastReceiverProxy
10-31 11:01:52.547  1459  1706 W BroadcastQueue: Background execution not allowed: receiving Intent { act=android.intent.action.PACKAGE_ADDED dat=package: flg=0x4000010 (has extras) } to com.google.android.gms/.gass.chimera.PackageChangeBroadcastReceiver
10-31 11:01:52.547  1459  1706 W BroadcastQueue: Background execution not allowed: receiving Intent { act=android.intent.action.PACKAGE_ADDED dat=package: flg=0x4000010 (has extras) } to com.google.android.gms/.chimera.GmsIntentOperationService$PersistentTrustedReceiver
10-31 11:01:52.547  1459  1706 W BroadcastQueue: Background execution not allowed: receiving Intent { act=android.intent.action.PACKAGE_ADDED dat=package: flg=0x4000010 (has extras) } to com.google.android.googlequicksearchbox/com.google.android.apps.gsa.googlequicksearchbox.GelStubAppWatcher
10-31 11:01:52.547  1459  1706 W BroadcastQueue: u0 Receiving a broadcast in packagecom.games.mengmeizhitd requires a permissions review
10-31 11:01:52.547  1459  1706 W BroadcastQueue: Skipping delivery: permission review required for Intent { act=android.intent.action.PACKAGE_ADDED dat=package: flg=0x4000010 (has extras) } from null (pid=1459, uid=1000) to com.games.mengmeizhitd/hjnw.ihjnw.i.isqly
10-31 11:01:52.547  1459  1706 W BroadcastQueue: u0 Receiving a broadcast in packagecom.qiuqiu.dfmc requires a permissions review
10-31 11:01:52.547  1459  1706 W BroadcastQueue: Skipping delivery: permission review required for Intent { act=android.intent.action.PACKAGE_ADDED dat=package: flg=0x4000010 (has extras) } from null (pid=1459, uid=1000) to com.qiuqiu.dfmc/cn.jpush.android.service.PushReceiver
10-31 11:01:52.548  1459  1706 W BroadcastQueue: u0 Receiving a broadcast in packagecom.safesys.viruskiller requires a permissions review
10-31 11:01:52.548  1459  1706 W BroadcastQueue: Skipping delivery: permission review required for Intent { act=android.intent.action.PACKAGE_ADDED dat=package: flg=0x4000010 (has extras) } from null (pid=1459, uid=1000) to com.safesys.viruskiller/.ScanPackageBroadcast
10-31 11:01:52.548  1459  1706 W BroadcastQueue: u0 Receiving a broadcast in packageio.dcloud.H5BC6BF13 requires a permissions review
10-31 11:01:52.548  1459  1706 W BroadcastQueue: Skipping delivery: permission review required for Intent { act=android.intent.action.PACKAGE_ADDED dat=package: flg=0x4000010 (has extras) } from null (pid=1459, uid=1000) to io.dcloud.H5BC6BF13/io.dcloud.common.adapter.io.DownloadReceiver
10-31 11:01:52.560  1459  1459 V BackupManagerConstants: getFullBackupIntervalMilliseconds(...) returns 86400000
10-31 11:01:52.561  1459  1459 V BackupManagerConstants: getFullBackupRequiredNetworkType(...) returns 2
10-31 11:01:52.561  1459  1459 V BackupManagerConstants: getFullBackupRequireCharging(...) returns true
10-31 11:01:52.586  1459  1851 E VerityUtils: Failed to measure fs-verity, errno 1: /data/app/~~ZFDWFn2MeYZx8P0_1Njfdw==/com.keji.danti1052-YMefaFKMJOc1srrM7jv8dw==/base.apk
10-31 11:01:52.604  1459  2004 D CompatibilityChangeReporter: Compat change id reported: 218533173; UID 10232; state: DISABLED
10-31 11:01:52.618  1459  4185 D CompatibilityChangeReporter: Compat change id reported: 161252188; UID 10232; state: DISABLED
10-31 11:01:52.636  1459  1459 I Telecom : DefaultDialerCache: Refreshing default dialer for user 0: now com.google.android.dialer: DDC.oR@A8o
10-31 11:01:52.643  1459  4171 W BackupTransportManager: Package com.keji.danti1052 enabled setting: 0
10-31 11:01:52.646  1459  5211 E NotificationService: Package has already queued 5 toasts. Not showing more. Package=cleaner.antivirus
10-31 11:01:52.753  1459  1703 W WindowMagnificationMgr: requestConnection duplicated request: connect=false, mConnectionState=DISCONNECTED
10-31 11:01:52.798  1459  1703 W PackageManager: Failed registering loading progress callback. Package is fully loaded.
10-31 11:01:52.804  1459  1703 W WindowMagnificationMgr: requestConnection duplicated request: connect=false, mConnectionState=DISCONNECTED
10-31 11:01:52.930  1459  2983 I ActivityManager: Background started FGS: Allowed [callingPackage: com.google.android.apps.wellbeing; callingUid: 10121; uidState: BFGS; intent: Intent { cmp=com.google.android.apps.wellbeing/com.google.apps.tiktok.concurrent.InternalForegroundService (has extras) }; code:BACKGROUND_ACTIVITY_PERMISSION; tempAllowListReason:<null>; targetSdkVersion:33; callerTargetSdkVersion:33; startForegroundCount:0; bindFromPackage:null]
10-31 11:01:53.088  1459  5207 I ActivityManager: Background started FGS: Allowed [callingPackage: com.google.android.apps.wellbeing; callingUid: 10121; uidState: BFGS; intent: Intent { cmp=com.google.android.apps.wellbeing/com.google.apps.tiktok.concurrent.InternalForegroundService (has extras) }; code:BACKGROUND_ACTIVITY_PERMISSION; tempAllowListReason:<null>; targetSdkVersion:33; callerTargetSdkVersion:33; startForegroundCount:0; bindFromPackage:null]
10-31 11:01:53.134  1459  1459 I NotificationService: Cannot find enqueued record for key: 0|com.google.android.apps.wellbeing|174344743|null|10121
10-31 11:01:53.162  1459  5212 W AppOps  : setUidMode() called with a mode inconsistent with runtime permission state, this is discouraged and you should revoke the runtime permission instead: uid=10126, switchCode=0, mode=4, permission=android.permission.ACCESS_BACKGROUND_LOCATION
