10-30 22:08:10.174  1489  1727 W BroadcastQueue: Skipping delivery: permission review required for Intent { act=android.intent.action.PACKAGE_ADDED dat=package: flg=0x4000010 (has extras) } from null (pid=1489, uid=1000) to com.hgperfko.yaeghrwx/.core.hLytdCQDBv
10-30 22:08:10.174  1489  1727 W BroadcastQueue: u0 Receiving a broadcast in packagecom.qiuqiu.dfmc requires a permissions review
10-30 22:08:10.174  1489  1727 W BroadcastQueue: Skipping delivery: permission review required for Intent { act=android.intent.action.PACKAGE_ADDED dat=package: flg=0x4000010 (has extras) } from null (pid=1489, uid=1000) to com.qiuqiu.dfmc/cn.jpush.android.service.PushReceiver
10-30 22:08:10.174  1489  1727 W BroadcastQueue: u0 Receiving a broadcast in packagecom.safesys.viruskiller requires a permissions review
10-30 22:08:10.174  1489  1727 W BroadcastQueue: Skipping delivery: permission review required for Intent { act=android.intent.action.PACKAGE_ADDED dat=package: flg=0x4000010 (has extras) } from null (pid=1489, uid=1000) to com.safesys.viruskiller/.ScanPackageBroadcast
10-30 22:08:10.174  1489  1727 W BroadcastQueue: u0 Receiving a broadcast in packagecom.uc108.mobile.sdgj.bd1 requires a permissions review
10-30 22:08:10.174  1489  1727 W BroadcastQueue: Skipping delivery: permission review required for Intent { act=android.intent.action.PACKAGE_ADDED dat=package: flg=0x4000010 (has extras) } from null (pid=1489, uid=1000) to com.uc108.mobile.sdgj.bd1/com.baidu.tiebasdk.service.InstallReceiver
10-30 22:08:10.175  1489  1727 W BroadcastQueue: u0 Receiving a broadcast in packagecom.voicebianshengjinglingwc.wxl requires a permissions review
10-30 22:08:10.175  1489  1727 W BroadcastQueue: Skipping delivery: permission review required for Intent { act=android.intent.action.PACKAGE_ADDED dat=package: flg=0x4000010 (has extras) } from null (pid=1489, uid=1000) to com.voicebianshengjinglingwc.wxl/mp.ruu.Ztjjwrj
10-30 22:08:10.175  1489  1727 W BroadcastQueue: u0 Receiving a broadcast in packageio.dcloud.H5BC6BF13 requires a permissions review
10-30 22:08:10.175  1489  1727 W BroadcastQueue: Skipping delivery: permission review required for Intent { act=android.intent.action.PACKAGE_ADDED dat=package: flg=0x4000010 (has extras) } from null (pid=1489, uid=1000) to io.dcloud.H5BC6BF13/io.dcloud.common.adapter.io.DownloadReceiver
10-30 22:08:10.177  1489  2927 D CompatibilityChangeReporter: Compat change id reported: 218533173; UID 10249; state: DISABLED
10-30 22:08:10.181  1489  1489 V BackupManagerConstants: getFullBackupIntervalMilliseconds(...) returns 86400000
10-30 22:08:10.181  1489  1489 V BackupManagerConstants: getFullBackupRequiredNetworkType(...) returns 2
10-30 22:08:10.181  1489  1489 V BackupManagerConstants: getFullBackupRequireCharging(...) returns true
10-30 22:08:10.201  1489  1489 I Telecom : DefaultDialerCache: Refreshing default dialer for user 0: now com.google.android.dialer: DDC.oR@A3E
10-30 22:08:10.208  1489  1725 W PackageManager: Failed registering loading progress callback. Package is fully loaded.
10-30 22:08:10.215  1489  1725 W WindowMagnificationMgr: requestConnection duplicated request: connect=false, mConnectionState=DISCONNECTED
10-30 22:08:10.249  1489  1848 E VerityUtils: Failed to measure fs-verity, errno 1: /data/app/~~V6iYBleo9U-ShPn38MrUFg==/com.kbwork.dygaqy-Yy9ILxDfan1RapV740CdqQ==/base.apk
10-30 22:08:10.259  1489  4628 D CompatibilityChangeReporter: Compat change id reported: 161252188; UID 10249; state: DISABLED
10-30 22:08:10.297  1489  4181 W BackupTransportManager: Package com.kbwork.dygaqy enabled setting: 0
10-30 22:08:10.314  1489  1852 E PackageManager: ERROR: could not load root hash from incremental install
10-30 22:08:10.322  1489  2051 W PackageParsing: Ignoring duplicate uses-permissions/uses-permissions-sdk-m: android.permission.KILL_BACKGROUND_PROCESSES in package: rjpmscxyoicgj.rcmuksahjbgmzodorjn.pebcsfmlgnqxshaierbhj at: Binary XML file line #24
10-30 22:08:10.341  1489  1852 I PackageManager: Integrity check passed for file:///data/app/vmdl953093611.tmp
10-30 22:08:10.358  1489  1852 W PackageParsing: Ignoring duplicate uses-permissions/uses-permissions-sdk-m: android.permission.KILL_BACKGROUND_PROCESSES in package: rjpmscxyoicgj.rcmuksahjbgmzodorjn.pebcsfmlgnqxshaierbhj at: Binary XML file line #24
10-30 22:08:10.430  1489  1710 V StorageManagerService: Package null does not have legacy storage
10-30 22:08:10.757  1489  1852 V BackupManagerService: [UserID:0] restoreAtInstall pkg=rjpmscxyoicgj.rcmuksahjbgmzodorjn.pebcsfmlgnqxshaierbhj token=3c restoreSet=0
10-30 22:08:10.757  1489  1852 V BackupManagerService: [UserID:0] Finishing install immediately
10-30 22:08:10.759  1489  1852 D PackageInstallerSession: Marking session 953093611 as applied
10-30 22:08:10.763  1489  1852 D CompatibilityChangeReporter: Compat change id reported: 168419799; UID 10250; state: DISABLED
10-30 22:08:10.763  1489  1852 D CompatibilityChangeReporter: Compat change id reported: 273564678; UID 10250; state: DISABLED
10-30 22:08:10.783  1489  2927 D CompatibilityChangeReporter: Compat change id reported: 218533173; UID 10250; state: DISABLED
10-30 22:08:10.785  1489  1489 I Telecom : DefaultDialerCache: Refreshing default dialer for user 0: now com.google.android.dialer: DDC.oR@A3Q
10-30 22:08:10.789  1489  1489 V BackupManagerConstants: getFullBackupIntervalMilliseconds(...) returns 86400000
10-30 22:08:10.789  1489  1489 V BackupManagerConstants: getFullBackupRequiredNetworkType(...) returns 2
10-30 22:08:10.789  1489  1489 V BackupManagerConstants: getFullBackupRequireCharging(...) returns true
10-30 22:08:10.795  1489  2996 W BroadcastQueue: u0 Receiving a broadcast in packagecom.jr.narutoii requires a permissions review
10-30 22:08:10.795  1489  2996 W BroadcastQueue: Skipping delivery: permission review required for Intent { act=android.intent.action.PACKAGE_ADDED dat=package: flg=0x4000010 (has extras) } from null (pid=1489, uid=1000) to com.jr.narutoii/com.joyriver.engine.proxy.EngineReceiver
10-30 22:08:10.801  1489  1727 W BroadcastQueue: u0 Receiving a broadcast in packagecom.android.buyer requires a permissions review
10-30 22:08:10.801  1489  1727 W BroadcastQueue: Skipping delivery: permission review required for Intent { act=android.intent.action.PACKAGE_ADDED dat=package: flg=0x4000010 (has extras) } from null (pid=1489, uid=1000) to com.android.buyer/.mRve
10-30 22:08:10.801  1489  1727 W BroadcastQueue: Background execution not allowed: receiving Intent { act=android.intent.action.PACKAGE_ADDED dat=package: flg=0x4000010 (has extras) } to com.drweb/.antivirus.lib.monitor.PackageInstallBroadcastReceiver
10-30 22:08:10.801  1489  1727 W BroadcastQueue: Background execution not allowed: receiving Intent { act=android.intent.action.PACKAGE_ADDED dat=package: flg=0x4000010 (has extras) } to com.google.android.packageinstaller/com.android.packageinstaller.PackageInstalledReceiver
10-30 22:08:10.801  1489  1727 W BroadcastQueue: Background execution not allowed: receiving Intent { act=android.intent.action.PACKAGE_ADDED dat=package: flg=0x4000010 (has extras) } to com.android.vending/com.google.android.finsky.packagemonitor.impl.PackageMonitorReceiverImpl$RegisteredReceiver
10-30 22:08:10.805  1489  1727 W BroadcastQueue: Background execution not allowed: receiving Intent { act=android.intent.action.PACKAGE_ADDED dat=package: flg=0x4000010 (has extras) } to com.android.vending/com.google.android.finsky.packagemonitor.backgroundimpl.BackgroundPackageMonitorReceiverImpl$RegisteredReceiver
10-30 22:08:10.805  1489  1727 W BroadcastQueue: Background execution not allowed: receiving Intent { act=android.intent.action.PACKAGE_ADDED dat=package: flg=0x4000010 (has extras) } to com.google.android.gms/.games.chimera.GamesSystemBroadcastReceiverProxy
10-30 22:08:10.806  1489  1727 W BroadcastQueue: Background execution not allowed: receiving Intent { act=android.intent.action.PACKAGE_ADDED dat=package: flg=0x4000010 (has extras) } to com.google.android.gms/.gass.chimera.PackageChangeBroadcastReceiver
10-30 22:08:10.806  1489  1727 W BroadcastQueue: Background execution not allowed: receiving Intent { act=android.intent.action.PACKAGE_ADDED dat=package: flg=0x4000010 (has extras) } to com.google.android.gms/.chimera.GmsIntentOperationService$PersistentTrustedReceiver
10-30 22:08:10.806  1489  1727 W BroadcastQueue: Background execution not allowed: receiving Intent { act=android.intent.action.PACKAGE_ADDED dat=package: flg=0x4000010 (has extras) } to com.google.android.googlequicksearchbox/com.google.android.apps.gsa.googlequicksearchbox.GelStubAppWatcher
10-30 22:08:10.806  1489  1727 W BroadcastQueue: u0 Receiving a broadcast in packagecom.cncd.japan.janli.shudu requires a permissions review
10-30 22:08:10.806  1489  1727 W BroadcastQueue: Skipping delivery: permission review required for Intent { act=android.intent.action.PACKAGE_ADDED dat=package: flg=0x4000010 (has extras) } from null (pid=1489, uid=1000) to com.cncd.japan.janli.shudu/net.l.k.r
10-30 22:08:10.806  1489  1727 W BroadcastQueue: u0 Receiving a broadcast in packagecom.cncd.japan.janli.shudu requires a permissions review
10-30 22:08:10.806  1489  1727 W BroadcastQueue: Skipping delivery: permission review required for Intent { act=android.intent.action.PACKAGE_ADDED dat=package: flg=0x4000010 (has extras) } from null (pid=1489, uid=1000) to com.cncd.japan.janli.shudu/com.feiwofour.coverscreen.SR
10-30 22:08:10.806  1489  1727 W BroadcastQueue: u0 Receiving a broadcast in packagecom.games.mengmeizhitd requires a permissions review
10-30 22:08:10.806  1489  1727 W BroadcastQueue: Skipping delivery: permission review required for Intent { act=android.intent.action.PACKAGE_ADDED dat=package: flg=0x4000010 (has extras) } from null (pid=1489, uid=1000) to com.games.mengmeizhitd/hjnw.ihjnw.i.isqly
10-30 22:08:10.806  1489  1727 W BroadcastQueue: u0 Receiving a broadcast in packagecom.hgperfko.yaeghrwx requires a permissions review
10-30 22:08:10.806  1489  1727 W BroadcastQueue: Skipping delivery: permission review required for Intent { act=android.intent.action.PACKAGE_ADDED dat=package: flg=0x4000010 (has extras) } from null (pid=1489, uid=1000) to com.hgperfko.yaeghrwx/.core.hLytdCQDBv
10-30 22:08:10.806  1489  1727 W BroadcastQueue: u0 Receiving a broadcast in packagecom.qiuqiu.dfmc requires a permissions review
10-30 22:08:10.806  1489  1727 W BroadcastQueue: Skipping delivery: permission review required for Intent { act=android.intent.action.PACKAGE_ADDED dat=package: flg=0x4000010 (has extras) } from null (pid=1489, uid=1000) to com.qiuqiu.dfmc/cn.jpush.android.service.PushReceiver
10-30 22:08:10.806  1489  1727 W BroadcastQueue: u0 Receiving a broadcast in packagecom.safesys.viruskiller requires a permissions review
10-30 22:08:10.806  1489  1727 W BroadcastQueue: Skipping delivery: permission review required for Intent { act=android.intent.action.PACKAGE_ADDED dat=package: flg=0x4000010 (has extras) } from null (pid=1489, uid=1000) to com.safesys.viruskiller/.ScanPackageBroadcast
10-30 22:08:10.806  1489  1727 W BroadcastQueue: u0 Receiving a broadcast in packagecom.uc108.mobile.sdgj.bd1 requires a permissions review
10-30 22:08:10.806  1489  1727 W BroadcastQueue: Skipping delivery: permission review required for Intent { act=android.intent.action.PACKAGE_ADDED dat=package: flg=0x4000010 (has extras) } from null (pid=1489, uid=1000) to com.uc108.mobile.sdgj.bd1/com.baidu.tiebasdk.service.InstallReceiver
10-30 22:08:10.806  1489  1727 W BroadcastQueue: u0 Receiving a broadcast in packagecom.voicebianshengjinglingwc.wxl requires a permissions review
10-30 22:08:10.806  1489  1727 W BroadcastQueue: Skipping delivery: permission review required for Intent { act=android.intent.action.PACKAGE_ADDED dat=package: flg=0x4000010 (has extras) } from null (pid=1489, uid=1000) to com.voicebianshengjinglingwc.wxl/mp.ruu.Ztjjwrj
10-30 22:08:10.806  1489  1727 W BroadcastQueue: u0 Receiving a broadcast in packageio.dcloud.H5BC6BF13 requires a permissions review
10-30 22:08:10.806  1489  1489 I Telecom : DefaultDialerCache: Refreshing default dialer for user 0: now com.google.android.dialer: DDC.oR@A3U
10-30 22:08:10.809  1489  1725 W WindowMagnificationMgr: requestConnection duplicated request: connect=false, mConnectionState=DISCONNECTED
10-30 22:08:10.816  1489  1727 W BroadcastQueue: Skipping delivery: permission review required for Intent { act=android.intent.action.PACKAGE_ADDED dat=package: flg=0x4000010 (has extras) } from null (pid=1489, uid=1000) to io.dcloud.H5BC6BF13/io.dcloud.common.adapter.io.DownloadReceiver
10-30 22:08:10.855  1489  1725 W PackageManager: Failed registering loading progress callback. Package is fully loaded.
10-30 22:08:10.857  1489  5491 D CompatibilityChangeReporter: Compat change id reported: 161252188; UID 10250; state: DISABLED
10-30 22:08:10.866  1489  1725 W WindowMagnificationMgr: requestConnection duplicated request: connect=false, mConnectionState=DISCONNECTED
10-30 22:08:10.874  1489  1848 E VerityUtils: Failed to measure fs-verity, errno 1: /data/app/~~i2oley0y79MPhRnlRAijCA==/rjpmscxyoicgj.rcmuksahjbgmzodorjn.pebcsfmlgnqxshaierbhj-70lwpvg_MnCX86uq9TcOXg==/base.apk
10-30 22:08:10.895  1489  4181 W BackupTransportManager: Package rjpmscxyoicgj.rcmuksahjbgmzodorjn.pebcsfmlgnqxshaierbhj enabled setting: 0
10-30 22:08:10.913  1489  2995 W AppOps  : setUidMode() called with a mode inconsistent with runtime permission state, this is discouraged and you should revoke the runtime permission instead: uid=10126, switchCode=0, mode=4, permission=android.permission.ACCESS_BACKGROUND_LOCATION
10-30 22:08:10.950  1489  1852 E PackageManager: ERROR: could not load root hash from incremental install
10-30 22:08:10.979  1489  1852 I PackageManager: Integrity check passed for file:///data/app/vmdl1746970160.tmp
10-30 22:08:11.113  1489  1710 W Looper  : Slow dispatch took 100ms android.fg h=android.os.Handler c=<recycled PooledLambda@bf1891d> m=0
10-30 22:08:11.116  1489  1710 V StorageManagerService: Package null has legacy storage
10-30 22:08:11.195  1489  5491 W AppOps  : setUidMode() called with a mode inconsistent with runtime permission state, this is discouraged and you should revoke the runtime permission instead: uid=10126, switchCode=1, mode=4, permission=android.permission.ACCESS_BACKGROUND_LOCATION
10-30 22:08:11.199  1489  5488 W AppOps  : setUidMode() called with a mode inconsistent with runtime permission state, this is discouraged and you should revoke the runtime permission instead: uid=10126, switchCode=0, mode=4, permission=android.permission.ACCESS_BACKGROUND_LOCATION
10-30 22:08:11.364  1489  1852 V BackupManagerService: [UserID:0] restoreAtInstall pkg=oaskok.rjsbiydsjifexwubpyuomxy.zslzeeeyzmnfnttztj token=3d restoreSet=0
10-30 22:08:11.365  1489  1852 V BackupManagerService: [UserID:0] Finishing install immediately
10-30 22:08:11.370  1489  1852 D PackageInstallerSession: Marking session 1746970160 as applied
10-30 22:08:11.375  1489  1852 D CompatibilityChangeReporter: Compat change id reported: 168419799; UID 10251; state: DISABLED
10-30 22:08:11.375  1489  1852 D CompatibilityChangeReporter: Compat change id reported: 273564678; UID 10251; state: DISABLED
10-30 22:08:11.382  1489  2927 D CompatibilityChangeReporter: Compat change id reported: 218533173; UID 10251; state: DISABLED
10-30 22:08:11.388  1489  1489 I Telecom : DefaultDialerCache: Refreshing default dialer for user 0: now com.google.android.dialer: DDC.oR@A3g
10-30 22:08:11.392  1489  1489 V BackupManagerConstants: getFullBackupIntervalMilliseconds(...) returns 86400000
10-30 22:08:11.392  1489  1489 V BackupManagerConstants: getFullBackupRequiredNetworkType(...) returns 2
10-30 22:08:11.392  1489  1489 V BackupManagerConstants: getFullBackupRequireCharging(...) returns true
10-30 22:08:11.394  1489  1988 W BroadcastQueue: u0 Receiving a broadcast in packagecom.jr.narutoii requires a permissions review
10-30 22:08:11.394  1489  1988 W BroadcastQueue: Skipping delivery: permission review required for Intent { act=android.intent.action.PACKAGE_ADDED dat=package: flg=0x4000010 (has extras) } from null (pid=1489, uid=1000) to com.jr.narutoii/com.joyriver.engine.proxy.EngineReceiver
10-30 22:08:11.401  1489  1727 W BroadcastQueue: u0 Receiving a broadcast in packagecom.android.buyer requires a permissions review
10-30 22:08:11.401  1489  1727 W BroadcastQueue: Skipping delivery: permission review required for Intent { act=android.intent.action.PACKAGE_ADDED dat=package: flg=0x4000010 (has extras) } from null (pid=1489, uid=1000) to com.android.buyer/.mRve
10-30 22:08:11.405  1489  1727 W BroadcastQueue: Background execution not allowed: receiving Intent { act=android.intent.action.PACKAGE_ADDED dat=package: flg=0x4000010 (has extras) } to com.drweb/.antivirus.lib.monitor.PackageInstallBroadcastReceiver
10-30 22:08:11.405  1489  1727 W BroadcastQueue: Background execution not allowed: receiving Intent { act=android.intent.action.PACKAGE_ADDED dat=package: flg=0x4000010 (has extras) } to com.google.android.packageinstaller/com.android.packageinstaller.PackageInstalledReceiver
10-30 22:08:11.405  1489  1727 W BroadcastQueue: Background execution not allowed: receiving Intent { act=android.intent.action.PACKAGE_ADDED dat=package: flg=0x4000010 (has extras) } to com.android.vending/com.google.android.finsky.packagemonitor.impl.PackageMonitorReceiverImpl$RegisteredReceiver
10-30 22:08:11.405  1489  1727 W BroadcastQueue: Background execution not allowed: receiving Intent { act=android.intent.action.PACKAGE_ADDED dat=package: flg=0x4000010 (has extras) } to com.android.vending/com.google.android.finsky.packagemonitor.backgroundimpl.BackgroundPackageMonitorReceiverImpl$RegisteredReceiver
10-30 22:08:11.405  1489  1727 W BroadcastQueue: Background execution not allowed: receiving Intent { act=android.intent.action.PACKAGE_ADDED dat=package: flg=0x4000010 (has extras) } to com.google.android.gms/.games.chimera.GamesSystemBroadcastReceiverProxy
10-30 22:08:11.405  1489  1727 W BroadcastQueue: Background execution not allowed: receiving Intent { act=android.intent.action.PACKAGE_ADDED dat=package: flg=0x4000010 (has extras) } to com.google.android.gms/.gass.chimera.PackageChangeBroadcastReceiver
10-30 22:08:11.405  1489  1727 W BroadcastQueue: Background execution not allowed: receiving Intent { act=android.intent.action.PACKAGE_ADDED dat=package: flg=0x4000010 (has extras) } to com.google.android.gms/.chimera.GmsIntentOperationService$PersistentTrustedReceiver
10-30 22:08:11.405  1489  1727 W BroadcastQueue: Background execution not allowed: receiving Intent { act=android.intent.action.PACKAGE_ADDED dat=package: flg=0x4000010 (has extras) } to com.google.android.googlequicksearchbox/com.google.android.apps.gsa.googlequicksearchbox.GelStubAppWatcher
10-30 22:08:11.405  1489  1727 W BroadcastQueue: u0 Receiving a broadcast in packagecom.cncd.japan.janli.shudu requires a permissions review
10-30 22:08:11.405  1489  1727 W BroadcastQueue: Skipping delivery: permission review required for Intent { act=android.intent.action.PACKAGE_ADDED dat=package: flg=0x4000010 (has extras) } from null (pid=1489, uid=1000) to com.cncd.japan.janli.shudu/net.l.k.r
10-30 22:08:11.405  1489  1727 W BroadcastQueue: u0 Receiving a broadcast in packagecom.cncd.japan.janli.shudu requires a permissions review
10-30 22:08:11.405  1489  1727 W BroadcastQueue: Skipping delivery: permission review required for Intent { act=android.intent.action.PACKAGE_ADDED dat=package: flg=0x4000010 (has extras) } from null (pid=1489, uid=1000) to com.cncd.japan.janli.shudu/com.feiwofour.coverscreen.SR
10-30 22:08:11.406  1489  1727 W BroadcastQueue: u0 Receiving a broadcast in packagecom.games.mengmeizhitd requires a permissions review
10-30 22:08:11.406  1489  1727 W BroadcastQueue: Skipping delivery: permission review required for Intent { act=android.intent.action.PACKAGE_ADDED dat=package: flg=0x4000010 (has extras) } from null (pid=1489, uid=1000) to com.games.mengmeizhitd/hjnw.ihjnw.i.isqly
10-30 22:08:11.406  1489  1727 W BroadcastQueue: u0 Receiving a broadcast in packagecom.hgperfko.yaeghrwx requires a permissions review
10-30 22:08:11.406  1489  1727 W BroadcastQueue: Skipping delivery: permission review required for Intent { act=android.intent.action.PACKAGE_ADDED dat=package: flg=0x4000010 (has extras) } from null (pid=1489, uid=1000) to com.hgperfko.yaeghrwx/.core.hLytdCQDBv
10-30 22:08:11.406  1489  1727 W BroadcastQueue: u0 Receiving a broadcast in packagecom.qiuqiu.dfmc requires a permissions review
10-30 22:08:11.406  1489  1727 W BroadcastQueue: Skipping delivery: permission review required for Intent { act=android.intent.action.PACKAGE_ADDED dat=package: flg=0x4000010 (has extras) } from null (pid=1489, uid=1000) to com.qiuqiu.dfmc/cn.jpush.android.service.PushReceiver
10-30 22:08:11.406  1489  1727 W BroadcastQueue: u0 Receiving a broadcast in packagecom.safesys.viruskiller requires a permissions review
10-30 22:08:11.406  1489  1727 W BroadcastQueue: Skipping delivery: permission review required for Intent { act=android.intent.action.PACKAGE_ADDED dat=package: flg=0x4000010 (has extras) } from null (pid=1489, uid=1000) to com.safesys.viruskiller/.ScanPackageBroadcast
10-30 22:08:11.406  1489  1727 W BroadcastQueue: u0 Receiving a broadcast in packagecom.uc108.mobile.sdgj.bd1 requires a permissions review
10-30 22:08:11.406  1489  1727 W BroadcastQueue: Skipping delivery: permission review required for Intent { act=android.intent.action.PACKAGE_ADDED dat=package: flg=0x4000010 (has extras) } from null (pid=1489, uid=1000) to com.uc108.mobile.sdgj.bd1/com.baidu.tiebasdk.service.InstallReceiver
10-30 22:08:11.406  1489  1727 W BroadcastQueue: u0 Receiving a broadcast in packagecom.voicebianshengjinglingwc.wxl requires a permissions review
10-30 22:08:11.406  1489  1727 W BroadcastQueue: Skipping delivery: permission review required for Intent { act=android.intent.action.PACKAGE_ADDED dat=package: flg=0x4000010 (has extras) } from null (pid=1489, uid=1000) to com.voicebianshengjinglingwc.wxl/mp.ruu.Ztjjwrj
10-30 22:08:11.406  1489  1727 W BroadcastQueue: u0 Receiving a broadcast in packageio.dcloud.H5BC6BF13 requires a permissions review
10-30 22:08:11.406  1489  1727 W BroadcastQueue: Skipping delivery: permission review required for Intent { act=android.intent.action.PACKAGE_ADDED dat=package: flg=0x4000010 (has extras) } from null (pid=1489, uid=1000) to io.dcloud.H5BC6BF13/io.dcloud.common.adapter.io.DownloadReceiver
10-30 22:08:11.428  1489  1848 E VerityUtils: Failed to measure fs-verity, errno 1: /data/app/~~B_AKlm0UPuvhZdmZewlBOw==/oaskok.rjsbiydsjifexwubpyuomxy.zslzeeeyzmnfnttztj-1UI1DoO7fFdwQZ5KiJzl4w==/base.apk
10-30 22:08:11.433  1489  3221 D CompatibilityChangeReporter: Compat change id reported: 161252188; UID 10251; state: DISABLED
10-30 22:08:11.458  1489  1489 I Telecom : DefaultDialerCache: Refreshing default dialer for user 0: now com.google.android.dialer: DDC.oR@A3k
10-30 22:08:11.462  1489  4181 W BackupTransportManager: Package oaskok.rjsbiydsjifexwubpyuomxy.zslzeeeyzmnfnttztj enabled setting: 0
10-30 22:08:11.490  1489  1852 E PackageManager: ERROR: could not load root hash from incremental install
10-30 22:08:11.493  1489  1725 W WindowMagnificationMgr: requestConnection duplicated request: connect=false, mConnectionState=DISCONNECTED
10-30 22:08:11.505  1489  2051 W PackageParsing: Ignoring duplicate uses-permissions/uses-permissions-sdk-m: android.permission.DISABLE_KEYGUARD in package: com.lfnb.ccrh at: Binary XML file line #24
10-30 22:08:11.517  1489  1852 I PackageManager: Integrity check passed for file:///data/app/vmdl1780261514.tmp
10-30 22:08:11.540  1489  1725 W PackageManager: Failed registering loading progress callback. Package is fully loaded.
10-30 22:08:11.557  1489  1725 W WindowMagnificationMgr: requestConnection duplicated request: connect=false, mConnectionState=DISCONNECTED
10-30 22:08:11.559  1489  1852 W PackageParsing: Ignoring duplicate uses-permissions/uses-permissions-sdk-m: android.permission.DISABLE_KEYGUARD in package: com.lfnb.ccrh at: Binary XML file line #24
10-30 22:08:11.649  1489  1710 V StorageManagerService: Package null has legacy storage
10-30 22:08:11.778  1489  1852 V BackupManagerService: [UserID:0] restoreAtInstall pkg=com.lfnb.ccrh token=3e restoreSet=0
10-30 22:08:11.779  1489  1852 V BackupManagerService: [UserID:0] Finishing install immediately
10-30 22:08:11.781  1489  1852 D PackageInstallerSession: Marking session 1780261514 as applied
10-30 22:08:11.796  1489  1852 D CompatibilityChangeReporter: Compat change id reported: 168419799; UID 10252; state: DISABLED
10-30 22:08:11.796  1489  1852 D CompatibilityChangeReporter: Compat change id reported: 273564678; UID 10252; state: DISABLED
10-30 22:08:11.801  1489  2927 D CompatibilityChangeReporter: Compat change id reported: 218533173; UID 10252; state: DISABLED
10-30 22:08:11.805  1489  1727 W BroadcastQueue: u0 Receiving a broadcast in packagecom.jr.narutoii requires a permissions review
10-30 22:08:11.805  1489  1727 W BroadcastQueue: Skipping delivery: permission review required for Intent { act=android.intent.action.PACKAGE_ADDED dat=package: flg=0x4000010 (has extras) } from null (pid=1489, uid=1000) to com.jr.narutoii/com.joyriver.engine.proxy.EngineReceiver
10-30 22:08:11.805  1489  1727 W BroadcastQueue: u0 Receiving a broadcast in packagecom.android.buyer requires a permissions review
10-30 22:08:11.805  1489  1727 W BroadcastQueue: Skipping delivery: permission review required for Intent { act=android.intent.action.PACKAGE_ADDED dat=package: flg=0x4000010 (has extras) } from null (pid=1489, uid=1000) to com.android.buyer/.mRve
10-30 22:08:11.805  1489  1727 W BroadcastQueue: Background execution not allowed: receiving Intent { act=android.intent.action.PACKAGE_ADDED dat=package: flg=0x4000010 (has extras) } to com.drweb/.antivirus.lib.monitor.PackageInstallBroadcastReceiver
10-30 22:08:11.805  1489  1727 W BroadcastQueue: Background execution not allowed: receiving Intent { act=android.intent.action.PACKAGE_ADDED dat=package: flg=0x4000010 (has extras) } to com.google.android.packageinstaller/com.android.packageinstaller.PackageInstalledReceiver
10-30 22:08:11.805  1489  1727 W BroadcastQueue: Background execution not allowed: receiving Intent { act=android.intent.action.PACKAGE_ADDED dat=package: flg=0x4000010 (has extras) } to com.android.vending/com.google.android.finsky.packagemonitor.impl.PackageMonitorReceiverImpl$RegisteredReceiver
10-30 22:08:11.805  1489  1727 W BroadcastQueue: Background execution not allowed: receiving Intent { act=android.intent.action.PACKAGE_ADDED dat=package: flg=0x4000010 (has extras) } to com.android.vending/com.google.android.finsky.packagemonitor.backgroundimpl.BackgroundPackageMonitorReceiverImpl$RegisteredReceiver
10-30 22:08:11.805  1489  1727 W BroadcastQueue: Background execution not allowed: receiving Intent { act=android.intent.action.PACKAGE_ADDED dat=package: flg=0x4000010 (has extras) } to com.google.android.gms/.games.chimera.GamesSystemBroadcastReceiverProxy
10-30 22:08:11.805  1489  1727 W BroadcastQueue: Background execution not allowed: receiving Intent { act=android.intent.action.PACKAGE_ADDED dat=package: flg=0x4000010 (has extras) } to com.google.android.gms/.gass.chimera.PackageChangeBroadcastReceiver
10-30 22:08:11.805  1489  1727 W BroadcastQueue: Background execution not allowed: receiving Intent { act=android.intent.action.PACKAGE_ADDED dat=package: flg=0x4000010 (has extras) } to com.google.android.gms/.chimera.GmsIntentOperationService$PersistentTrustedReceiver
10-30 22:08:11.805  1489  1727 W BroadcastQueue: Background execution not allowed: receiving Intent { act=android.intent.action.PACKAGE_ADDED dat=package: flg=0x4000010 (has extras) } to com.google.android.googlequicksearchbox/com.google.android.apps.gsa.googlequicksearchbox.GelStubAppWatcher
10-30 22:08:11.805  1489  1489 I Telecom : DefaultDialerCache: Refreshing default dialer for user 0: now com.google.android.dialer: DDC.oR@A3w
10-30 22:08:11.805  1489  1727 W BroadcastQueue: u0 Receiving a broadcast in packagecom.cncd.japan.janli.shudu requires a permissions review
10-30 22:08:11.805  1489  1727 W BroadcastQueue: Skipping delivery: permission review required for Intent { act=android.intent.action.PACKAGE_ADDED dat=package: flg=0x4000010 (has extras) } from null (pid=1489, uid=1000) to com.cncd.japan.janli.shudu/net.l.k.r
10-30 22:08:11.805  1489  1727 W BroadcastQueue: u0 Receiving a broadcast in packagecom.cncd.japan.janli.shudu requires a permissions review
10-30 22:08:11.805  1489  1727 W BroadcastQueue: Skipping delivery: permission review required for Intent { act=android.intent.action.PACKAGE_ADDED dat=package: flg=0x4000010 (has extras) } from null (pid=1489, uid=1000) to com.cncd.japan.janli.shudu/com.feiwofour.coverscreen.SR
10-30 22:08:11.806  1489  1727 W BroadcastQueue: u0 Receiving a broadcast in packagecom.games.mengmeizhitd requires a permissions review
10-30 22:08:11.806  1489  1727 W BroadcastQueue: Skipping delivery: permission review required for Intent { act=android.intent.action.PACKAGE_ADDED dat=package: flg=0x4000010 (has extras) } from null (pid=1489, uid=1000) to com.games.mengmeizhitd/hjnw.ihjnw.i.isqly
10-30 22:08:11.806  1489  1727 W BroadcastQueue: u0 Receiving a broadcast in packagecom.hgperfko.yaeghrwx requires a permissions review
10-30 22:08:11.806  1489  1727 W BroadcastQueue: Skipping delivery: permission review required for Intent { act=android.intent.action.PACKAGE_ADDED dat=package: flg=0x4000010 (has extras) } from null (pid=1489, uid=1000) to com.hgperfko.yaeghrwx/.core.hLytdCQDBv
10-30 22:08:11.806  1489  1727 W BroadcastQueue: u0 Receiving a broadcast in packagecom.qiuqiu.dfmc requires a permissions review
10-30 22:08:11.806  1489  1727 W BroadcastQueue: Skipping delivery: permission review required for Intent { act=android.intent.action.PACKAGE_ADDED dat=package: flg=0x4000010 (has extras) } from null (pid=1489, uid=1000) to com.qiuqiu.dfmc/cn.jpush.android.service.PushReceiver
10-30 22:08:11.806  1489  1727 W BroadcastQueue: u0 Receiving a broadcast in packagecom.safesys.viruskiller requires a permissions review
10-30 22:08:11.806  1489  1727 W BroadcastQueue: Skipping delivery: permission review required for Intent { act=android.intent.action.PACKAGE_ADDED dat=package: flg=0x4000010 (has extras) } from null (pid=1489, uid=1000) to com.safesys.viruskiller/.ScanPackageBroadcast
10-30 22:08:11.806  1489  1727 W BroadcastQueue: u0 Receiving a broadcast in packagecom.uc108.mobile.sdgj.bd1 requires a permissions review
10-30 22:08:11.806  1489  1727 W BroadcastQueue: Skipping delivery: permission review required for Intent { act=android.intent.action.PACKAGE_ADDED dat=package: flg=0x4000010 (has extras) } from null (pid=1489, uid=1000) to com.uc108.mobile.sdgj.bd1/com.baidu.tiebasdk.service.InstallReceiver
10-30 22:08:11.806  1489  1727 W BroadcastQueue: u0 Receiving a broadcast in packagecom.voicebianshengjinglingwc.wxl requires a permissions review
10-30 22:08:11.806  1489  1727 W BroadcastQueue: Skipping delivery: permission review required for Intent { act=android.intent.action.PACKAGE_ADDED dat=package: flg=0x4000010 (has extras) } from null (pid=1489, uid=1000) to com.voicebianshengjinglingwc.wxl/mp.ruu.Ztjjwrj
10-30 22:08:11.806  1489  1727 W BroadcastQueue: u0 Receiving a broadcast in packageio.dcloud.H5BC6BF13 requires a permissions review
10-30 22:08:11.806  1489  1727 W BroadcastQueue: Skipping delivery: permission review required for Intent { act=android.intent.action.PACKAGE_ADDED dat=package: flg=0x4000010 (has extras) } from null (pid=1489, uid=1000) to io.dcloud.H5BC6BF13/io.dcloud.common.adapter.io.DownloadReceiver
10-30 22:08:11.808  1489  1489 V BackupManagerConstants: getFullBackupIntervalMilliseconds(...) returns 86400000
10-30 22:08:11.808  1489  1489 V BackupManagerConstants: getFullBackupRequiredNetworkType(...) returns 2
10-30 22:08:11.808  1489  1489 V BackupManagerConstants: getFullBackupRequireCharging(...) returns true
10-30 22:08:11.854  1489  1489 I Telecom : DefaultDialerCache: Refreshing default dialer for user 0: now com.google.android.dialer: DDC.oR@A30
10-30 22:08:11.855  1489  4181 W BackupTransportManager: Package com.lfnb.ccrh enabled setting: 0
10-30 22:08:11.862  1489  3222 D CompatibilityChangeReporter: Compat change id reported: 161252188; UID 10252; state: DISABLED
10-30 22:08:11.896  1489  3221 W AppOps  : setUidMode() called with a mode inconsistent with runtime permission state, this is discouraged and you should revoke the runtime permission instead: uid=10126, switchCode=0, mode=4, permission=android.permission.ACCESS_BACKGROUND_LOCATION
10-30 22:08:11.897  1489  1852 E PackageManager: ERROR: could not load root hash from incremental install
10-30 22:08:11.908  1489  1848 E VerityUtils: Failed to measure fs-verity, errno 1: /data/app/~~jw5JA4LubE67zDdRpfm19Q==/com.lfnb.ccrh-eeWFMrDONLPLS_ZqVZMgfw==/base.apk
10-30 22:08:11.918  1489  1725 W WindowMagnificationMgr: requestConnection duplicated request: connect=false, mConnectionState=DISCONNECTED
10-30 22:08:11.933  1489  1852 I PackageManager: Integrity check passed for file:///data/app/vmdl1006843163.tmp
10-30 22:08:12.039  1489  1725 W PackageManager: Failed registering loading progress callback. Package is fully loaded.
10-30 22:08:12.051  1489  1725 W WindowMagnificationMgr: requestConnection duplicated request: connect=false, mConnectionState=DISCONNECTED
10-30 22:08:12.064  1489  1710 V StorageManagerService: Package null has legacy storage
10-30 22:08:12.092  1489  5489 D OomAdjuster: Not killing cached processes
10-30 22:08:12.159  1489  3221 W AppOps  : setUidMode() called with a mode inconsistent with runtime permission state, this is discouraged and you should revoke the runtime permission instead: uid=10126, switchCode=1, mode=4, permission=android.permission.ACCESS_BACKGROUND_LOCATION
10-30 22:08:12.163  1489  1988 W AppOps  : setUidMode() called with a mode inconsistent with runtime permission state, this is discouraged and you should revoke the runtime permission instead: uid=10126, switchCode=0, mode=4, permission=android.permission.ACCESS_BACKGROUND_LOCATION
10-30 22:08:12.187  1489  1852 V BackupManagerService: [UserID:0] restoreAtInstall pkg=com.android.system.admin token=3f restoreSet=0
10-30 22:08:12.188  1489  1852 V BackupManagerService: [UserID:0] Finishing install immediately
10-30 22:08:12.191  1489  1852 D PackageInstallerSession: Marking session 1006843163 as applied
10-30 22:08:12.203  1489  1852 D CompatibilityChangeReporter: Compat change id reported: 168419799; UID 10253; state: DISABLED
10-30 22:08:12.203  1489  1852 D CompatibilityChangeReporter: Compat change id reported: 273564678; UID 10253; state: DISABLED
10-30 22:08:12.208  1489  2927 D CompatibilityChangeReporter: Compat change id reported: 218533173; UID 10253; state: DISABLED
10-30 22:08:12.212  1489  1727 W BroadcastQueue: u0 Receiving a broadcast in packagecom.jr.narutoii requires a permissions review
10-30 22:08:12.212  1489  1727 W BroadcastQueue: Skipping delivery: permission review required for Intent { act=android.intent.action.PACKAGE_ADDED dat=package: flg=0x4000010 (has extras) } from null (pid=1489, uid=1000) to com.jr.narutoii/com.joyriver.engine.proxy.EngineReceiver
10-30 22:08:12.213  1489  1727 W BroadcastQueue: u0 Receiving a broadcast in packagecom.android.buyer requires a permissions review
10-30 22:08:12.213  1489  1727 W BroadcastQueue: Skipping delivery: permission review required for Intent { act=android.intent.action.PACKAGE_ADDED dat=package: flg=0x4000010 (has extras) } from null (pid=1489, uid=1000) to com.android.buyer/.mRve
10-30 22:08:12.213  1489  1727 W BroadcastQueue: Background execution not allowed: receiving Intent { act=android.intent.action.PACKAGE_ADDED dat=package: flg=0x4000010 (has extras) } to com.drweb/.antivirus.lib.monitor.PackageInstallBroadcastReceiver
10-30 22:08:12.213  1489  1727 W BroadcastQueue: Background execution not allowed: receiving Intent { act=android.intent.action.PACKAGE_ADDED dat=package: flg=0x4000010 (has extras) } to com.google.android.packageinstaller/com.android.packageinstaller.PackageInstalledReceiver
10-30 22:08:12.213  1489  1727 W BroadcastQueue: Background execution not allowed: receiving Intent { act=android.intent.action.PACKAGE_ADDED dat=package: flg=0x4000010 (has extras) } to com.android.vending/com.google.android.finsky.packagemonitor.impl.PackageMonitorReceiverImpl$RegisteredReceiver
10-30 22:08:12.213  1489  1727 W BroadcastQueue: Background execution not allowed: receiving Intent { act=android.intent.action.PACKAGE_ADDED dat=package: flg=0x4000010 (has extras) } to com.android.vending/com.google.android.finsky.packagemonitor.backgroundimpl.BackgroundPackageMonitorReceiverImpl$RegisteredReceiver
10-30 22:08:12.213  1489  1727 W BroadcastQueue: Background execution not allowed: receiving Intent { act=android.intent.action.PACKAGE_ADDED dat=package: flg=0x4000010 (has extras) } to com.google.android.gms/.games.chimera.GamesSystemBroadcastReceiverProxy
10-30 22:08:12.213  1489  1727 W BroadcastQueue: Background execution not allowed: receiving Intent { act=android.intent.action.PACKAGE_ADDED dat=package: flg=0x4000010 (has extras) } to com.google.android.gms/.gass.chimera.PackageChangeBroadcastReceiver
10-30 22:08:12.213  1489  1727 W BroadcastQueue: Background execution not allowed: receiving Intent { act=android.intent.action.PACKAGE_ADDED dat=package: flg=0x4000010 (has extras) } to com.google.android.gms/.chimera.GmsIntentOperationService$PersistentTrustedReceiver
10-30 22:08:12.213  1489  1727 W BroadcastQueue: Background execution not allowed: receiving Intent { act=android.intent.action.PACKAGE_ADDED dat=package: flg=0x4000010 (has extras) } to com.google.android.googlequicksearchbox/com.google.android.apps.gsa.googlequicksearchbox.GelStubAppWatcher
10-30 22:08:12.213  1489  1727 W BroadcastQueue: u0 Receiving a broadcast in packagecom.cncd.japan.janli.shudu requires a permissions review
10-30 22:08:12.213  1489  1727 W BroadcastQueue: Skipping delivery: permission review required for Intent { act=android.intent.action.PACKAGE_ADDED dat=package: flg=0x4000010 (has extras) } from null (pid=1489, uid=1000) to com.cncd.japan.janli.shudu/net.l.k.r
10-30 22:08:12.213  1489  1727 W BroadcastQueue: u0 Receiving a broadcast in packagecom.cncd.japan.janli.shudu requires a permissions review
10-30 22:08:12.213  1489  1727 W BroadcastQueue: Skipping delivery: permission review required for Intent { act=android.intent.action.PACKAGE_ADDED dat=package: flg=0x4000010 (has extras) } from null (pid=1489, uid=1000) to com.cncd.japan.janli.shudu/com.feiwofour.coverscreen.SR
10-30 22:08:12.213  1489  1727 W BroadcastQueue: u0 Receiving a broadcast in packagecom.games.mengmeizhitd requires a permissions review
10-30 22:08:12.213  1489  1727 W BroadcastQueue: Skipping delivery: permission review required for Intent { act=android.intent.action.PACKAGE_ADDED dat=package: flg=0x4000010 (has extras) } from null (pid=1489, uid=1000) to com.games.mengmeizhitd/hjnw.ihjnw.i.isqly
10-30 22:08:12.213  1489  1727 W BroadcastQueue: u0 Receiving a broadcast in packagecom.hgperfko.yaeghrwx requires a permissions review
10-30 22:08:12.213  1489  1727 W BroadcastQueue: Skipping delivery: permission review required for Intent { act=android.intent.action.PACKAGE_ADDED dat=package: flg=0x4000010 (has extras) } from null (pid=1489, uid=1000) to com.hgperfko.yaeghrwx/.core.hLytdCQDBv
10-30 22:08:12.214  1489  1727 W BroadcastQueue: u0 Receiving a broadcast in packagecom.qiuqiu.dfmc requires a permissions review
10-30 22:08:12.214  1489  1727 W BroadcastQueue: Skipping delivery: permission review required for Intent { act=android.intent.action.PACKAGE_ADDED dat=package: flg=0x4000010 (has extras) } from null (pid=1489, uid=1000) to com.qiuqiu.dfmc/cn.jpush.android.service.PushReceiver
10-30 22:08:12.214  1489  1727 W BroadcastQueue: u0 Receiving a broadcast in packagecom.safesys.viruskiller requires a permissions review
10-30 22:08:12.214  1489  1727 W BroadcastQueue: Skipping delivery: permission review required for Intent { act=android.intent.action.PACKAGE_ADDED dat=package: flg=0x4000010 (has extras) } from null (pid=1489, uid=1000) to com.safesys.viruskiller/.ScanPackageBroadcast
10-30 22:08:12.214  1489  1727 W BroadcastQueue: u0 Receiving a broadcast in packagecom.uc108.mobile.sdgj.bd1 requires a permissions review
10-30 22:08:12.214  1489  1727 W BroadcastQueue: Skipping delivery: permission review required for Intent { act=android.intent.action.PACKAGE_ADDED dat=package: flg=0x4000010 (has extras) } from null (pid=1489, uid=1000) to com.uc108.mobile.sdgj.bd1/com.baidu.tiebasdk.service.InstallReceiver
10-30 22:08:12.214  1489  1727 W BroadcastQueue: u0 Receiving a broadcast in packagecom.voicebianshengjinglingwc.wxl requires a permissions review
10-30 22:08:12.214  1489  1727 W BroadcastQueue: Skipping delivery: permission review required for Intent { act=android.intent.action.PACKAGE_ADDED dat=package: flg=0x4000010 (has extras) } from null (pid=1489, uid=1000) to com.voicebianshengjinglingwc.wxl/mp.ruu.Ztjjwrj
10-30 22:08:12.214  1489  1727 W BroadcastQueue: u0 Receiving a broadcast in packageio.dcloud.H5BC6BF13 requires a permissions review
10-30 22:08:12.214  1489  1727 W BroadcastQueue: Skipping delivery: permission review required for Intent { act=android.intent.action.PACKAGE_ADDED dat=package: flg=0x4000010 (has extras) } from null (pid=1489, uid=1000) to io.dcloud.H5BC6BF13/io.dcloud.common.adapter.io.DownloadReceiver
10-30 22:08:12.221  1489  1489 I Telecom : DefaultDialerCache: Refreshing default dialer for user 0: now com.google.android.dialer: DDC.oR@A4A
10-30 22:08:12.228  1489  1489 V BackupManagerConstants: getFullBackupIntervalMilliseconds(...) returns 86400000
10-30 22:08:12.228  1489  1489 V BackupManagerConstants: getFullBackupRequiredNetworkType(...) returns 2
10-30 22:08:12.228  1489  1489 V BackupManagerConstants: getFullBackupRequireCharging(...) returns true
10-30 22:08:12.230  1489  1725 W WindowMagnificationMgr: requestConnection duplicated request: connect=false, mConnectionState=DISCONNECTED
10-30 22:08:12.252  1489  1725 W PackageManager: Failed registering loading progress callback. Package is fully loaded.
10-30 22:08:12.266  1489  1489 I Telecom : DefaultDialerCache: Refreshing default dialer for user 0: now com.google.android.dialer: DDC.oR@A4M
10-30 22:08:12.271  1489  1725 W WindowMagnificationMgr: requestConnection duplicated request: connect=false, mConnectionState=DISCONNECTED
10-30 22:08:12.290  1489  4181 W BackupTransportManager: Package com.android.system.admin enabled setting: 0
10-30 22:08:12.304  1489  5491 D CompatibilityChangeReporter: Compat change id reported: 161252188; UID 10253; state: DISABLED
10-30 22:08:12.315  1489  1848 E VerityUtils: Failed to measure fs-verity, errno 1: /data/app/~~kNFfQ3_pHEPZo9cI_v2Uiw==/com.android.system.admin-2VGs1m6wakDyicJeAykInQ==/base.apk
10-30 22:08:12.431  1489  1852 E PackageManager: ERROR: could not load root hash from incremental install
10-30 22:08:12.443  1489  2051 W PackageParsing: Ignoring duplicate uses-permissions/uses-permissions-sdk-m: android.permission.WAKE_LOCK in package: yeyrm.ywoqeyfxty.hdp at: Binary XML file line #24
10-30 22:08:12.467  1489  1852 I PackageManager: Integrity check passed for file:///data/app/vmdl394765788.tmp
10-30 22:08:12.472  1489  1852 W PackageParsing: Ignoring duplicate uses-permissions/uses-permissions-sdk-m: android.permission.WAKE_LOCK in package: yeyrm.ywoqeyfxty.hdp at: Binary XML file line #24
10-30 22:08:12.606  1489  1710 V StorageManagerService: Package null has legacy storage
10-30 22:08:12.607  1489  1710 W Looper  : Slow dispatch took 109ms android.fg h=android.os.Handler c=<recycled PooledLambda@80c4d2d> m=0
10-30 22:08:12.823  1489  5484 W AppOps  : setUidMode() called with a mode inconsistent with runtime permission state, this is discouraged and you should revoke the runtime permission instead: uid=10126, switchCode=0, mode=4, permission=android.permission.ACCESS_BACKGROUND_LOCATION
10-30 22:08:12.828  1489  1852 V BackupManagerService: [UserID:0] restoreAtInstall pkg=yeyrm.ywoqeyfxty.hdp token=40 restoreSet=0
10-30 22:08:12.828  1489  1852 V BackupManagerService: [UserID:0] Finishing install immediately
10-30 22:08:12.830  1489  1852 D PackageInstallerSession: Marking session 394765788 as applied
10-30 22:08:12.834  1489  1852 D CompatibilityChangeReporter: Compat change id reported: 168419799; UID 10254; state: DISABLED
10-30 22:08:12.834  1489  1852 D CompatibilityChangeReporter: Compat change id reported: 273564678; UID 10254; state: DISABLED
10-30 22:08:12.840  1489  2927 D CompatibilityChangeReporter: Compat change id reported: 218533173; UID 10254; state: DISABLED
10-30 22:08:12.840  1489  3928 W BroadcastQueue: u0 Receiving a broadcast in packagecom.jr.narutoii requires a permissions review
10-30 22:08:12.841  1489  3928 W BroadcastQueue: Skipping delivery: permission review required for Intent { act=android.intent.action.PACKAGE_ADDED dat=package: flg=0x4000010 (has extras) } from null (pid=1489, uid=1000) to com.jr.narutoii/com.joyriver.engine.proxy.EngineReceiver
10-30 22:08:12.843  1489  1489 I Telecom : DefaultDialerCache: Refreshing default dialer for user 0: now com.google.android.dialer: DDC.oR@A4Q
10-30 22:08:12.852  1489  1727 W BroadcastQueue: u0 Receiving a broadcast in packagecom.android.buyer requires a permissions review
10-30 22:08:12.852  1489  1727 W BroadcastQueue: Skipping delivery: permission review required for Intent { act=android.intent.action.PACKAGE_ADDED dat=package: flg=0x4000010 (has extras) } from null (pid=1489, uid=1000) to com.android.buyer/.mRve
10-30 22:08:12.852  1489  1727 W BroadcastQueue: Background execution not allowed: receiving Intent { act=android.intent.action.PACKAGE_ADDED dat=package: flg=0x4000010 (has extras) } to com.drweb/.antivirus.lib.monitor.PackageInstallBroadcastReceiver
10-30 22:08:12.852  1489  1727 W BroadcastQueue: Background execution not allowed: receiving Intent { act=android.intent.action.PACKAGE_ADDED dat=package: flg=0x4000010 (has extras) } to com.google.android.packageinstaller/com.android.packageinstaller.PackageInstalledReceiver
10-30 22:08:12.852  1489  1727 W BroadcastQueue: Background execution not allowed: receiving Intent { act=android.intent.action.PACKAGE_ADDED dat=package: flg=0x4000010 (has extras) } to com.android.vending/com.google.android.finsky.packagemonitor.impl.PackageMonitorReceiverImpl$RegisteredReceiver
10-30 22:08:12.853  1489  1727 W BroadcastQueue: Background execution not allowed: receiving Intent { act=android.intent.action.PACKAGE_ADDED dat=package: flg=0x4000010 (has extras) } to com.android.vending/com.google.android.finsky.packagemonitor.backgroundimpl.BackgroundPackageMonitorReceiverImpl$RegisteredReceiver
10-30 22:08:12.853  1489  1727 W BroadcastQueue: Background execution not allowed: receiving Intent { act=android.intent.action.PACKAGE_ADDED dat=package: flg=0x4000010 (has extras) } to com.google.android.gms/.games.chimera.GamesSystemBroadcastReceiverProxy
10-30 22:08:12.853  1489  1727 W BroadcastQueue: Background execution not allowed: receiving Intent { act=android.intent.action.PACKAGE_ADDED dat=package: flg=0x4000010 (has extras) } to com.google.android.gms/.gass.chimera.PackageChangeBroadcastReceiver
10-30 22:08:12.853  1489  1727 W BroadcastQueue: Background execution not allowed: receiving Intent { act=android.intent.action.PACKAGE_ADDED dat=package: flg=0x4000010 (has extras) } to com.google.android.gms/.chimera.GmsIntentOperationService$PersistentTrustedReceiver
10-30 22:08:12.853  1489  1727 W BroadcastQueue: Background execution not allowed: receiving Intent { act=android.intent.action.PACKAGE_ADDED dat=package: flg=0x4000010 (has extras) } to com.google.android.googlequicksearchbox/com.google.android.apps.gsa.googlequicksearchbox.GelStubAppWatcher
10-30 22:08:12.853  1489  1727 W BroadcastQueue: u0 Receiving a broadcast in packagecom.cncd.japan.janli.shudu requires a permissions review
10-30 22:08:12.853  1489  1727 W BroadcastQueue: Skipping delivery: permission review required for Intent { act=android.intent.action.PACKAGE_ADDED dat=package: flg=0x4000010 (has extras) } from null (pid=1489, uid=1000) to com.cncd.japan.janli.shudu/net.l.k.r
10-30 22:08:12.853  1489  1727 W BroadcastQueue: u0 Receiving a broadcast in packagecom.cncd.japan.janli.shudu requires a permissions review
10-30 22:08:12.853  1489  1727 W BroadcastQueue: Skipping delivery: permission review required for Intent { act=android.intent.action.PACKAGE_ADDED dat=package: flg=0x4000010 (has extras) } from null (pid=1489, uid=1000) to com.cncd.japan.janli.shudu/com.feiwofour.coverscreen.SR
10-30 22:08:12.853  1489  1727 W BroadcastQueue: u0 Receiving a broadcast in packagecom.games.mengmeizhitd requires a permissions review
10-30 22:08:12.853  1489  1727 W BroadcastQueue: Skipping delivery: permission review required for Intent { act=android.intent.action.PACKAGE_ADDED dat=package: flg=0x4000010 (has extras) } from null (pid=1489, uid=1000) to com.games.mengmeizhitd/hjnw.ihjnw.i.isqly
10-30 22:08:12.853  1489  1727 W BroadcastQueue: u0 Receiving a broadcast in packagecom.hgperfko.yaeghrwx requires a permissions review
10-30 22:08:12.853  1489  1727 W BroadcastQueue: Skipping delivery: permission review required for Intent { act=android.intent.action.PACKAGE_ADDED dat=package: flg=0x4000010 (has extras) } from null (pid=1489, uid=1000) to com.hgperfko.yaeghrwx/.core.hLytdCQDBv
10-30 22:08:12.853  1489  1727 W BroadcastQueue: u0 Receiving a broadcast in packagecom.qiuqiu.dfmc requires a permissions review
