10-31 11:01:53.218  1459  2983 W AppOps  : setUidMode() called with a mode inconsistent with runtime permission state, this is discouraged and you should revoke the runtime permission instead: uid=10126, switchCode=1, mode=4, permission=android.permission.ACCESS_BACKGROUND_LOCATION
10-31 11:01:53.220  1459  2983 W AppOps  : setUidMode() called with a mode inconsistent with runtime permission state, this is discouraged and you should revoke the runtime permission instead: uid=10126, switchCode=0, mode=4, permission=android.permission.ACCESS_BACKGROUND_LOCATION
10-31 11:01:53.238  1459  1459 I Telecom : DefaultDialerCache: Refreshing default dialer for user 0: now com.google.android.dialer: DDC.oR@A9M
10-31 11:01:53.296  1459  1459 I NotificationService: Cannot find enqueued record for key: 0|com.google.android.apps.wellbeing|174344743|null|10121
10-31 11:01:53.533  1459  1855 E PackageManager: ERROR: could not load root hash from incremental install
10-31 11:01:53.543  1459  2037 W PackageParsing: Ignoring duplicate uses-permissions/uses-permissions-sdk-m: android.permission.INTERNET in package: com.uc108.mobile.sdgj.bd1 at: Binary XML file line #25
10-31 11:01:53.543  1459  2037 W PackageParsing: Ignoring duplicate uses-permissions/uses-permissions-sdk-m: android.permission.READ_PHONE_STATE in package: com.uc108.mobile.sdgj.bd1 at: Binary XML file line #26
10-31 11:01:53.543  1459  2037 W PackageParsing: Ignoring duplicate uses-permissions/uses-permissions-sdk-m: android.permission.ACCESS_WIFI_STATE in package: com.uc108.mobile.sdgj.bd1 at: Binary XML file line #27
10-31 11:01:53.543  1459  2037 W PackageParsing: Ignoring duplicate uses-permissions/uses-permissions-sdk-m: android.permission.ACCESS_NETWORK_STATE in package: com.uc108.mobile.sdgj.bd1 at: Binary XML file line #28
10-31 11:01:53.544  1459  2037 W PackageParsing: Ignoring duplicate uses-permissions/uses-permissions-sdk-m: android.permission.BROADCAST_STICKY in package: com.uc108.mobile.sdgj.bd1 at: Binary XML file line #31
10-31 11:01:53.544  1459  2037 W PackageParsing: Ignoring duplicate uses-permissions/uses-permissions-sdk-m: android.permission.WRITE_SETTINGS in package: com.uc108.mobile.sdgj.bd1 at: Binary XML file line #32
10-31 11:01:53.544  1459  2037 W PackageParsing: Ignoring duplicate uses-permissions/uses-permissions-sdk-m: android.permission.WRITE_EXTERNAL_STORAGE in package: com.uc108.mobile.sdgj.bd1 at: Binary XML file line #34
10-31 11:01:53.544  1459  2037 W PackageParsing: Ignoring duplicate uses-permissions/uses-permissions-sdk-m: android.permission.WAKE_LOCK in package: com.uc108.mobile.sdgj.bd1 at: Binary XML file line #35
10-31 11:01:53.544  1459  2037 W PackageParsing: Ignoring duplicate uses-permissions/uses-permissions-sdk-m: android.permission.VIBRATE in package: com.uc108.mobile.sdgj.bd1 at: Binary XML file line #39
10-31 11:01:53.544  1459  2037 W PackageParsing: Ignoring duplicate uses-permissions/uses-permissions-sdk-m: android.permission.ACCESS_NETWORK_STATE in package: com.uc108.mobile.sdgj.bd1 at: Binary XML file line #46
10-31 11:01:53.544  1459  2037 W PackageParsing: Ignoring duplicate uses-permissions/uses-permissions-sdk-m: android.permission.ACCESS_WIFI_STATE in package: com.uc108.mobile.sdgj.bd1 at: Binary XML file line #47
10-31 11:01:53.544  1459  2037 W PackageParsing: Ignoring duplicate uses-permissions/uses-permissions-sdk-m: android.permission.READ_PHONE_STATE in package: com.uc108.mobile.sdgj.bd1 at: Binary XML file line #48
10-31 11:01:53.544  1459  2037 W PackageParsing: Ignoring duplicate uses-permissions/uses-permissions-sdk-m: android.permission.WRITE_SETTINGS in package: com.uc108.mobile.sdgj.bd1 at: Binary XML file line #49
10-31 11:01:53.544  1459  2037 W PackageParsing: Ignoring duplicate uses-permissions/uses-permissions-sdk-m: android.permission.WRITE_EXTERNAL_STORAGE in package: com.uc108.mobile.sdgj.bd1 at: Binary XML file line #50
10-31 11:01:53.544  1459  2037 W PackageParsing: Ignoring duplicate uses-permissions/uses-permissions-sdk-m: android.permission.INTERNET in package: com.uc108.mobile.sdgj.bd1 at: Binary XML file line #51
10-31 11:01:53.544  1459  2037 W PackageParsing: Ignoring duplicate uses-permissions/uses-permissions-sdk-m: android.permission.GET_TASKS in package: com.uc108.mobile.sdgj.bd1 at: Binary XML file line #52
10-31 11:01:53.544  1459  2037 W PackageParsing: Ignoring duplicate uses-permissions/uses-permissions-sdk-m: android.permission.ACCESS_COARSE_LOCATION in package: com.uc108.mobile.sdgj.bd1 at: Binary XML file line #56
10-31 11:01:53.544  1459  2037 W PackageParsing: Ignoring duplicate uses-permissions/uses-permissions-sdk-m: android.permission.RECEIVE_BOOT_COMPLETED in package: com.uc108.mobile.sdgj.bd1 at: Binary XML file line #63
10-31 11:01:53.544  1459  2037 W PackageParsing: Ignoring duplicate uses-permissions/uses-permissions-sdk-m: android.permission.VIBRATE in package: com.uc108.mobile.sdgj.bd1 at: Binary XML file line #64
10-31 11:01:53.544  1459  2037 W PackageParsing: Ignoring duplicate uses-permissions/uses-permissions-sdk-m: android.permission.BROADCAST_STICKY in package: com.uc108.mobile.sdgj.bd1 at: Binary XML file line #70
10-31 11:01:53.544  1459  2037 W PackageParsing: Ignoring duplicate uses-permissions/uses-permissions-sdk-m: android.permission.WAKE_LOCK in package: com.uc108.mobile.sdgj.bd1 at: Binary XML file line #76
10-31 11:01:53.544  1459  2037 W PackageParsing: Ignoring duplicate uses-permissions/uses-permissions-sdk-m: android.permission.ACCESS_COARSE_LOCATION in package: com.uc108.mobile.sdgj.bd1 at: Binary XML file line #77
10-31 11:01:53.546  1459  2037 D CompatibilityChangeReporter: Compat change id reported: 151163173; UID -1; state: DISABLED
10-31 11:01:53.548  1459  2037 W PackageParsing: No actions in intent-filter at /data/app/vmdl1313738992.tmp/base.apk Binary XML file line #482
10-31 11:01:53.548  1459  2037 W PackageParsing: No actions in intent-filter at /data/app/vmdl1313738992.tmp/base.apk Binary XML file line #489
10-31 11:01:53.548  1459  2037 W PackageParsing: No actions in intent-filter at /data/app/vmdl1313738992.tmp/base.apk Binary XML file line #496
10-31 11:01:53.548  1459  2037 W PackageParsing: No actions in intent-filter at /data/app/vmdl1313738992.tmp/base.apk Binary XML file line #503
10-31 11:01:53.548  1459  2037 W PackageParsing: No actions in intent-filter at /data/app/vmdl1313738992.tmp/base.apk Binary XML file line #510
10-31 11:01:53.548  1459  2037 W PackageParsing: No actions in intent-filter at /data/app/vmdl1313738992.tmp/base.apk Binary XML file line #527
10-31 11:01:53.548  1459  2037 W PackageParsing: No actions in intent-filter at /data/app/vmdl1313738992.tmp/base.apk Binary XML file line #534
10-31 11:01:53.548  1459  2037 W PackageParsing: No actions in intent-filter at /data/app/vmdl1313738992.tmp/base.apk Binary XML file line #541
10-31 11:01:53.548  1459  2037 W PackageParsing: No actions in intent-filter at /data/app/vmdl1313738992.tmp/base.apk Binary XML file line #549
10-31 11:01:53.549  1459  2037 W PackageParsing: No actions in intent-filter at /data/app/vmdl1313738992.tmp/base.apk Binary XML file line #557
10-31 11:01:53.549  1459  2037 W PackageParsing: No actions in intent-filter at /data/app/vmdl1313738992.tmp/base.apk Binary XML file line #565
10-31 11:01:53.549  1459  2037 W PackageParsing: No actions in intent-filter at /data/app/vmdl1313738992.tmp/base.apk Binary XML file line #573
10-31 11:01:53.549  1459  2037 W PackageParsing: No actions in intent-filter at /data/app/vmdl1313738992.tmp/base.apk Binary XML file line #581
10-31 11:01:53.549  1459  2037 W PackageParsing: No actions in intent-filter at /data/app/vmdl1313738992.tmp/base.apk Binary XML file line #588
10-31 11:01:53.549  1459  2037 W PackageParsing: No actions in intent-filter at /data/app/vmdl1313738992.tmp/base.apk Binary XML file line #595
10-31 11:01:53.549  1459  2037 W PackageParsing: No actions in intent-filter at /data/app/vmdl1313738992.tmp/base.apk Binary XML file line #602
10-31 11:01:53.549  1459  2037 W PackageParsing: No actions in intent-filter at /data/app/vmdl1313738992.tmp/base.apk Binary XML file line #609
10-31 11:01:53.549  1459  2037 W PackageParsing: No actions in intent-filter at /data/app/vmdl1313738992.tmp/base.apk Binary XML file line #615
10-31 11:01:53.597  1459  1855 I PackageManager: Integrity check passed for file:///data/app/vmdl1313738992.tmp
10-31 11:01:53.612  1459  1855 W PackageParsing: Ignoring duplicate uses-permissions/uses-permissions-sdk-m: android.permission.INTERNET in package: com.uc108.mobile.sdgj.bd1 at: Binary XML file line #25
10-31 11:01:53.612  1459  1855 W PackageParsing: Ignoring duplicate uses-permissions/uses-permissions-sdk-m: android.permission.READ_PHONE_STATE in package: com.uc108.mobile.sdgj.bd1 at: Binary XML file line #26
10-31 11:01:53.612  1459  1855 W PackageParsing: Ignoring duplicate uses-permissions/uses-permissions-sdk-m: android.permission.ACCESS_WIFI_STATE in package: com.uc108.mobile.sdgj.bd1 at: Binary XML file line #27
10-31 11:01:53.612  1459  1855 W PackageParsing: Ignoring duplicate uses-permissions/uses-permissions-sdk-m: android.permission.ACCESS_NETWORK_STATE in package: com.uc108.mobile.sdgj.bd1 at: Binary XML file line #28
10-31 11:01:53.612  1459  1855 W PackageParsing: Ignoring duplicate uses-permissions/uses-permissions-sdk-m: android.permission.BROADCAST_STICKY in package: com.uc108.mobile.sdgj.bd1 at: Binary XML file line #31
10-31 11:01:53.612  1459  1855 W PackageParsing: Ignoring duplicate uses-permissions/uses-permissions-sdk-m: android.permission.WRITE_SETTINGS in package: com.uc108.mobile.sdgj.bd1 at: Binary XML file line #32
10-31 11:01:53.612  1459  1855 W PackageParsing: Ignoring duplicate uses-permissions/uses-permissions-sdk-m: android.permission.WRITE_EXTERNAL_STORAGE in package: com.uc108.mobile.sdgj.bd1 at: Binary XML file line #34
10-31 11:01:53.612  1459  1855 W PackageParsing: Ignoring duplicate uses-permissions/uses-permissions-sdk-m: android.permission.WAKE_LOCK in package: com.uc108.mobile.sdgj.bd1 at: Binary XML file line #35
10-31 11:01:53.612  1459  1855 W PackageParsing: Ignoring duplicate uses-permissions/uses-permissions-sdk-m: android.permission.VIBRATE in package: com.uc108.mobile.sdgj.bd1 at: Binary XML file line #39
10-31 11:01:53.612  1459  1855 W PackageParsing: Ignoring duplicate uses-permissions/uses-permissions-sdk-m: android.permission.ACCESS_NETWORK_STATE in package: com.uc108.mobile.sdgj.bd1 at: Binary XML file line #46
10-31 11:01:53.612  1459  1855 W PackageParsing: Ignoring duplicate uses-permissions/uses-permissions-sdk-m: android.permission.ACCESS_WIFI_STATE in package: com.uc108.mobile.sdgj.bd1 at: Binary XML file line #47
10-31 11:01:53.612  1459  1855 W PackageParsing: Ignoring duplicate uses-permissions/uses-permissions-sdk-m: android.permission.READ_PHONE_STATE in package: com.uc108.mobile.sdgj.bd1 at: Binary XML file line #48
10-31 11:01:53.612  1459  1855 W PackageParsing: Ignoring duplicate uses-permissions/uses-permissions-sdk-m: android.permission.WRITE_SETTINGS in package: com.uc108.mobile.sdgj.bd1 at: Binary XML file line #49
10-31 11:01:53.612  1459  1855 W PackageParsing: Ignoring duplicate uses-permissions/uses-permissions-sdk-m: android.permission.WRITE_EXTERNAL_STORAGE in package: com.uc108.mobile.sdgj.bd1 at: Binary XML file line #50
10-31 11:01:53.612  1459  1855 W PackageParsing: Ignoring duplicate uses-permissions/uses-permissions-sdk-m: android.permission.INTERNET in package: com.uc108.mobile.sdgj.bd1 at: Binary XML file line #51
10-31 11:01:53.612  1459  1855 W PackageParsing: Ignoring duplicate uses-permissions/uses-permissions-sdk-m: android.permission.GET_TASKS in package: com.uc108.mobile.sdgj.bd1 at: Binary XML file line #52
10-31 11:01:53.612  1459  1855 W PackageParsing: Ignoring duplicate uses-permissions/uses-permissions-sdk-m: android.permission.ACCESS_COARSE_LOCATION in package: com.uc108.mobile.sdgj.bd1 at: Binary XML file line #56
10-31 11:01:53.612  1459  1855 W PackageParsing: Ignoring duplicate uses-permissions/uses-permissions-sdk-m: android.permission.RECEIVE_BOOT_COMPLETED in package: com.uc108.mobile.sdgj.bd1 at: Binary XML file line #63
10-31 11:01:53.612  1459  1855 W PackageParsing: Ignoring duplicate uses-permissions/uses-permissions-sdk-m: android.permission.VIBRATE in package: com.uc108.mobile.sdgj.bd1 at: Binary XML file line #64
10-31 11:01:53.613  1459  1855 W PackageParsing: Ignoring duplicate uses-permissions/uses-permissions-sdk-m: android.permission.BROADCAST_STICKY in package: com.uc108.mobile.sdgj.bd1 at: Binary XML file line #70
10-31 11:01:53.613  1459  1855 W PackageParsing: Ignoring duplicate uses-permissions/uses-permissions-sdk-m: android.permission.WAKE_LOCK in package: com.uc108.mobile.sdgj.bd1 at: Binary XML file line #76
10-31 11:01:53.613  1459  1855 W PackageParsing: Ignoring duplicate uses-permissions/uses-permissions-sdk-m: android.permission.ACCESS_COARSE_LOCATION in package: com.uc108.mobile.sdgj.bd1 at: Binary XML file line #77
10-31 11:01:53.615  1459  1855 W PackageParsing: No actions in intent-filter at /data/app/vmdl1313738992.tmp/base.apk Binary XML file line #482
10-31 11:01:53.615  1459  1855 W PackageParsing: No actions in intent-filter at /data/app/vmdl1313738992.tmp/base.apk Binary XML file line #489
10-31 11:01:53.615  1459  1855 W PackageParsing: No actions in intent-filter at /data/app/vmdl1313738992.tmp/base.apk Binary XML file line #496
10-31 11:01:53.615  1459  1855 W PackageParsing: No actions in intent-filter at /data/app/vmdl1313738992.tmp/base.apk Binary XML file line #503
10-31 11:01:53.616  1459  1855 W PackageParsing: No actions in intent-filter at /data/app/vmdl1313738992.tmp/base.apk Binary XML file line #510
10-31 11:01:53.616  1459  1855 W PackageParsing: No actions in intent-filter at /data/app/vmdl1313738992.tmp/base.apk Binary XML file line #527
10-31 11:01:53.616  1459  1855 W PackageParsing: No actions in intent-filter at /data/app/vmdl1313738992.tmp/base.apk Binary XML file line #534
10-31 11:01:53.616  1459  1855 W PackageParsing: No actions in intent-filter at /data/app/vmdl1313738992.tmp/base.apk Binary XML file line #541
10-31 11:01:53.616  1459  1855 W PackageParsing: No actions in intent-filter at /data/app/vmdl1313738992.tmp/base.apk Binary XML file line #549
10-31 11:01:53.616  1459  1855 W PackageParsing: No actions in intent-filter at /data/app/vmdl1313738992.tmp/base.apk Binary XML file line #557
10-31 11:01:53.616  1459  1855 W PackageParsing: No actions in intent-filter at /data/app/vmdl1313738992.tmp/base.apk Binary XML file line #565
10-31 11:01:53.616  1459  1855 W PackageParsing: No actions in intent-filter at /data/app/vmdl1313738992.tmp/base.apk Binary XML file line #573
10-31 11:01:53.616  1459  1855 W PackageParsing: No actions in intent-filter at /data/app/vmdl1313738992.tmp/base.apk Binary XML file line #581
10-31 11:01:53.616  1459  1855 W PackageParsing: No actions in intent-filter at /data/app/vmdl1313738992.tmp/base.apk Binary XML file line #588
10-31 11:01:53.617  1459  1855 W PackageParsing: No actions in intent-filter at /data/app/vmdl1313738992.tmp/base.apk Binary XML file line #595
10-31 11:01:53.617  1459  1855 W PackageParsing: No actions in intent-filter at /data/app/vmdl1313738992.tmp/base.apk Binary XML file line #602
10-31 11:01:53.617  1459  1855 W PackageParsing: No actions in intent-filter at /data/app/vmdl1313738992.tmp/base.apk Binary XML file line #609
10-31 11:01:53.617  1459  1855 W PackageParsing: No actions in intent-filter at /data/app/vmdl1313738992.tmp/base.apk Binary XML file line #615
10-31 11:01:53.700  1459  1680 V StorageManagerService: Package null has legacy storage
10-31 11:01:54.059  1459  1855 V BackupManagerService: [UserID:0] restoreAtInstall pkg=com.uc108.mobile.sdgj.bd1 token=2b restoreSet=0
10-31 11:01:54.059  1459  1855 V BackupManagerService: [UserID:0] Finishing install immediately
10-31 11:01:54.060  1459  1855 D PackageInstallerSession: Marking session 1313738992 as applied
10-31 11:01:54.063  1459  1855 D CompatibilityChangeReporter: Compat change id reported: 168419799; UID 10233; state: DISABLED
10-31 11:01:54.063  1459  1855 D CompatibilityChangeReporter: Compat change id reported: 273564678; UID 10233; state: DISABLED
10-31 11:01:54.070  1459  6949 W BroadcastQueue: u0 Receiving a broadcast in packagecom.android.buyer requires a permissions review
10-31 11:01:54.070  1459  6949 W BroadcastQueue: Skipping delivery: permission review required for Intent { act=android.intent.action.PACKAGE_ADDED dat=package: flg=0x4000010 (has extras) } from null (pid=1459, uid=1000) to com.android.buyer/.mRve
10-31 11:01:54.071  1459  1706 W BroadcastQueue: Background execution not allowed: receiving Intent { act=android.intent.action.PACKAGE_ADDED dat=package: flg=0x4000010 (has extras) } to com.google.android.packageinstaller/com.android.packageinstaller.PackageInstalledReceiver
10-31 11:01:54.071  1459  1706 W BroadcastQueue: Background execution not allowed: receiving Intent { act=android.intent.action.PACKAGE_ADDED dat=package: flg=0x4000010 (has extras) } to com.android.vending/com.google.android.finsky.packagemonitor.impl.PackageMonitorReceiverImpl$RegisteredReceiver
10-31 11:01:54.071  1459  1706 W BroadcastQueue: Background execution not allowed: receiving Intent { act=android.intent.action.PACKAGE_ADDED dat=package: flg=0x4000010 (has extras) } to com.android.vending/com.google.android.finsky.packagemonitor.backgroundimpl.BackgroundPackageMonitorReceiverImpl$RegisteredReceiver
10-31 11:01:54.071  1459  1706 W BroadcastQueue: Background execution not allowed: receiving Intent { act=android.intent.action.PACKAGE_ADDED dat=package: flg=0x4000010 (has extras) } to com.google.android.gms/.games.chimera.GamesSystemBroadcastReceiverProxy
10-31 11:01:54.071  1459  1706 W BroadcastQueue: Background execution not allowed: receiving Intent { act=android.intent.action.PACKAGE_ADDED dat=package: flg=0x4000010 (has extras) } to com.google.android.gms/.gass.chimera.PackageChangeBroadcastReceiver
10-31 11:01:54.071  1459  1706 W BroadcastQueue: Background execution not allowed: receiving Intent { act=android.intent.action.PACKAGE_ADDED dat=package: flg=0x4000010 (has extras) } to com.google.android.gms/.chimera.GmsIntentOperationService$PersistentTrustedReceiver
10-31 11:01:54.071  1459  1706 W BroadcastQueue: Background execution not allowed: receiving Intent { act=android.intent.action.PACKAGE_ADDED dat=package: flg=0x4000010 (has extras) } to com.google.android.googlequicksearchbox/com.google.android.apps.gsa.googlequicksearchbox.GelStubAppWatcher
10-31 11:01:54.072  1459  1706 W BroadcastQueue: u0 Receiving a broadcast in packagecom.games.mengmeizhitd requires a permissions review
10-31 11:01:54.072  1459  1706 W BroadcastQueue: Skipping delivery: permission review required for Intent { act=android.intent.action.PACKAGE_ADDED dat=package: flg=0x4000010 (has extras) } from null (pid=1459, uid=1000) to com.games.mengmeizhitd/hjnw.ihjnw.i.isqly
10-31 11:01:54.072  1459  1706 W BroadcastQueue: u0 Receiving a broadcast in packagecom.qiuqiu.dfmc requires a permissions review
10-31 11:01:54.072  1459  1706 W BroadcastQueue: Skipping delivery: permission review required for Intent { act=android.intent.action.PACKAGE_ADDED dat=package: flg=0x4000010 (has extras) } from null (pid=1459, uid=1000) to com.qiuqiu.dfmc/cn.jpush.android.service.PushReceiver
10-31 11:01:54.072  1459  1706 W BroadcastQueue: u0 Receiving a broadcast in packagecom.safesys.viruskiller requires a permissions review
10-31 11:01:54.072  1459  1706 W BroadcastQueue: Skipping delivery: permission review required for Intent { act=android.intent.action.PACKAGE_ADDED dat=package: flg=0x4000010 (has extras) } from null (pid=1459, uid=1000) to com.safesys.viruskiller/.ScanPackageBroadcast
10-31 11:01:54.072  1459  1706 W BroadcastQueue: u0 Receiving a broadcast in packageio.dcloud.H5BC6BF13 requires a permissions review
10-31 11:01:54.072  1459  1706 W BroadcastQueue: Skipping delivery: permission review required for Intent { act=android.intent.action.PACKAGE_ADDED dat=package: flg=0x4000010 (has extras) } from null (pid=1459, uid=1000) to io.dcloud.H5BC6BF13/io.dcloud.common.adapter.io.DownloadReceiver
10-31 11:01:54.084  1459  1703 W WindowMagnificationMgr: requestConnection duplicated request: connect=false, mConnectionState=DISCONNECTED
10-31 11:01:54.097  1459  1459 I Telecom : DefaultDialerCache: Refreshing default dialer for user 0: now com.google.android.dialer: DDC.oR@A9Y
10-31 11:01:54.100  1459  1459 V BackupManagerConstants: getFullBackupIntervalMilliseconds(...) returns 86400000
10-31 11:01:54.100  1459  1459 V BackupManagerConstants: getFullBackupRequiredNetworkType(...) returns 2
10-31 11:01:54.100  1459  1459 V BackupManagerConstants: getFullBackupRequireCharging(...) returns true
10-31 11:01:54.108  1459  1851 E VerityUtils: Failed to measure fs-verity, errno 1: /data/app/~~zg_9UKrMSZzwNwGUTihTcg==/com.uc108.mobile.sdgj.bd1-FhQ7d6oykSRuxBGUWgNH4A==/base.apk
10-31 11:01:54.116  1459  1703 W PackageManager: Failed registering loading progress callback. Package is fully loaded.
10-31 11:01:54.117  1459  6949 D CompatibilityChangeReporter: Compat change id reported: 161252188; UID 10233; state: DISABLED
10-31 11:01:54.143  1459  2004 D CompatibilityChangeReporter: Compat change id reported: 218533173; UID 10233; state: DISABLED
10-31 11:01:54.151  1459  1703 W WindowMagnificationMgr: requestConnection duplicated request: connect=false, mConnectionState=DISCONNECTED
10-31 11:01:54.157  1459  1459 I Telecom : DefaultDialerCache: Refreshing default dialer for user 0: now com.google.android.dialer: DDC.oR@A9k
10-31 11:01:54.241  1459  4171 W BackupTransportManager: Package com.uc108.mobile.sdgj.bd1 enabled setting: 0
10-31 11:01:54.316  1459  3203 W AppOps  : setUidMode() called with a mode inconsistent with runtime permission state, this is discouraged and you should revoke the runtime permission instead: uid=10126, switchCode=0, mode=4, permission=android.permission.ACCESS_BACKGROUND_LOCATION
10-31 11:01:54.322  1459  4877 E NotificationService: Package has already queued 5 toasts. Not showing more. Package=cleaner.antivirus
10-31 11:01:54.409  1459  6949 W AppOps  : setUidMode() called with a mode inconsistent with runtime permission state, this is discouraged and you should revoke the runtime permission instead: uid=10126, switchCode=1, mode=4, permission=android.permission.ACCESS_BACKGROUND_LOCATION
10-31 11:01:54.410  1459  1855 E PackageManager: ERROR: could not load root hash from incremental install
10-31 11:01:54.412  1459  2983 W AppOps  : setUidMode() called with a mode inconsistent with runtime permission state, this is discouraged and you should revoke the runtime permission instead: uid=10126, switchCode=0, mode=4, permission=android.permission.ACCESS_BACKGROUND_LOCATION
10-31 11:01:54.431  1459  1855 I PackageManager: Integrity check passed for file:///data/app/vmdl1226304029.tmp
10-31 11:01:54.519  1459  1680 V StorageManagerService: Package null has legacy storage
10-31 11:01:54.647  1459  1855 V BackupManagerService: [UserID:0] restoreAtInstall pkg=com.ying.hzblhj token=2c restoreSet=0
10-31 11:01:54.648  1459  1855 V BackupManagerService: [UserID:0] Finishing install immediately
10-31 11:01:54.648  1459  6949 I ActivityManager: Background started FGS: Allowed [callingPackage: com.google.android.apps.wellbeing; callingUid: 10121; uidState: BFGS; intent: Intent { cmp=com.google.android.apps.wellbeing/com.google.apps.tiktok.concurrent.InternalForegroundService (has extras) }; code:BACKGROUND_ACTIVITY_PERMISSION; tempAllowListReason:<null>; targetSdkVersion:33; callerTargetSdkVersion:33; startForegroundCount:0; bindFromPackage:null]
10-31 11:01:54.649  1459  1855 D PackageInstallerSession: Marking session 1226304029 as applied
10-31 11:01:54.658  1459  1855 D CompatibilityChangeReporter: Compat change id reported: 168419799; UID 10234; state: DISABLED
10-31 11:01:54.658  1459  1855 D CompatibilityChangeReporter: Compat change id reported: 273564678; UID 10234; state: DISABLED
10-31 11:01:54.672  1459  3203 W BroadcastQueue: u0 Receiving a broadcast in packagecom.android.buyer requires a permissions review
10-31 11:01:54.672  1459  3203 W BroadcastQueue: Skipping delivery: permission review required for Intent { act=android.intent.action.PACKAGE_ADDED dat=package: flg=0x4000010 (has extras) } from null (pid=1459, uid=1000) to com.android.buyer/.mRve
10-31 11:01:54.678  1459  1459 I Telecom : DefaultDialerCache: Refreshing default dialer for user 0: now com.google.android.dialer: DDC.oR@A94
10-31 11:01:54.683  1459  1706 W BroadcastQueue: Background execution not allowed: receiving Intent { act=android.intent.action.PACKAGE_ADDED dat=package: flg=0x4000010 (has extras) } to com.google.android.packageinstaller/com.android.packageinstaller.PackageInstalledReceiver
10-31 11:01:54.683  1459  1706 W BroadcastQueue: Background execution not allowed: receiving Intent { act=android.intent.action.PACKAGE_ADDED dat=package: flg=0x4000010 (has extras) } to com.android.vending/com.google.android.finsky.packagemonitor.impl.PackageMonitorReceiverImpl$RegisteredReceiver
10-31 11:01:54.683  1459  1706 W BroadcastQueue: Background execution not allowed: receiving Intent { act=android.intent.action.PACKAGE_ADDED dat=package: flg=0x4000010 (has extras) } to com.android.vending/com.google.android.finsky.packagemonitor.backgroundimpl.BackgroundPackageMonitorReceiverImpl$RegisteredReceiver
10-31 11:01:54.683  1459  1706 W BroadcastQueue: Background execution not allowed: receiving Intent { act=android.intent.action.PACKAGE_ADDED dat=package: flg=0x4000010 (has extras) } to com.google.android.gms/.games.chimera.GamesSystemBroadcastReceiverProxy
10-31 11:01:54.683  1459  1706 W BroadcastQueue: Background execution not allowed: receiving Intent { act=android.intent.action.PACKAGE_ADDED dat=package: flg=0x4000010 (has extras) } to com.google.android.gms/.gass.chimera.PackageChangeBroadcastReceiver
10-31 11:01:54.683  1459  1706 W BroadcastQueue: Background execution not allowed: receiving Intent { act=android.intent.action.PACKAGE_ADDED dat=package: flg=0x4000010 (has extras) } to com.google.android.gms/.chimera.GmsIntentOperationService$PersistentTrustedReceiver
10-31 11:01:54.683  1459  1706 W BroadcastQueue: Background execution not allowed: receiving Intent { act=android.intent.action.PACKAGE_ADDED dat=package: flg=0x4000010 (has extras) } to com.google.android.googlequicksearchbox/com.google.android.apps.gsa.googlequicksearchbox.GelStubAppWatcher
10-31 11:01:54.683  1459  1706 W BroadcastQueue: u0 Receiving a broadcast in packagecom.games.mengmeizhitd requires a permissions review
10-31 11:01:54.683  1459  1706 W BroadcastQueue: Skipping delivery: permission review required for Intent { act=android.intent.action.PACKAGE_ADDED dat=package: flg=0x4000010 (has extras) } from null (pid=1459, uid=1000) to com.games.mengmeizhitd/hjnw.ihjnw.i.isqly
10-31 11:01:54.683  1459  1706 W BroadcastQueue: u0 Receiving a broadcast in packagecom.qiuqiu.dfmc requires a permissions review
10-31 11:01:54.683  1459  1706 W BroadcastQueue: Skipping delivery: permission review required for Intent { act=android.intent.action.PACKAGE_ADDED dat=package: flg=0x4000010 (has extras) } from null (pid=1459, uid=1000) to com.qiuqiu.dfmc/cn.jpush.android.service.PushReceiver
10-31 11:01:54.683  1459  1706 W BroadcastQueue: u0 Receiving a broadcast in packagecom.safesys.viruskiller requires a permissions review
10-31 11:01:54.683  1459  1706 W BroadcastQueue: Skipping delivery: permission review required for Intent { act=android.intent.action.PACKAGE_ADDED dat=package: flg=0x4000010 (has extras) } from null (pid=1459, uid=1000) to com.safesys.viruskiller/.ScanPackageBroadcast
10-31 11:01:54.683  1459  1706 W BroadcastQueue: u0 Receiving a broadcast in packagecom.uc108.mobile.sdgj.bd1 requires a permissions review
10-31 11:01:54.683  1459  1706 W BroadcastQueue: Skipping delivery: permission review required for Intent { act=android.intent.action.PACKAGE_ADDED dat=package: flg=0x4000010 (has extras) } from null (pid=1459, uid=1000) to com.uc108.mobile.sdgj.bd1/com.baidu.tiebasdk.service.InstallReceiver
10-31 11:01:54.684  1459  1706 W BroadcastQueue: u0 Receiving a broadcast in packageio.dcloud.H5BC6BF13 requires a permissions review
10-31 11:01:54.684  1459  1706 W BroadcastQueue: Skipping delivery: permission review required for Intent { act=android.intent.action.PACKAGE_ADDED dat=package: flg=0x4000010 (has extras) } from null (pid=1459, uid=1000) to io.dcloud.H5BC6BF13/io.dcloud.common.adapter.io.DownloadReceiver
10-31 11:01:54.684  1459  1459 V BackupManagerConstants: getFullBackupIntervalMilliseconds(...) returns 86400000
10-31 11:01:54.685  1459  1459 V BackupManagerConstants: getFullBackupRequiredNetworkType(...) returns 2
10-31 11:01:54.685  1459  1459 V BackupManagerConstants: getFullBackupRequireCharging(...) returns true
10-31 11:01:54.706  1459  1851 E VerityUtils: Failed to measure fs-verity, errno 1: /data/app/~~jKe9sxWqOJxnw7VyK63X4A==/com.ying.hzblhj-Y47BZdo1-wy5BSiEflTopQ==/base.apk
10-31 11:01:54.707  1459  2004 D CompatibilityChangeReporter: Compat change id reported: 218533173; UID 10234; state: DISABLED
10-31 11:01:54.709  1459  1459 I Telecom : DefaultDialerCache: Refreshing default dialer for user 0: now com.google.android.dialer: DDC.oR@A98
10-31 11:01:54.722  1459  1703 W WindowMagnificationMgr: requestConnection duplicated request: connect=false, mConnectionState=DISCONNECTED
10-31 11:01:54.732  1459  5211 D CompatibilityChangeReporter: Compat change id reported: 161252188; UID 10234; state: DISABLED
10-31 11:01:54.778  1459  1703 W PackageManager: Failed registering loading progress callback. Package is fully loaded.
10-31 11:01:54.789  1459  1703 W WindowMagnificationMgr: requestConnection duplicated request: connect=false, mConnectionState=DISCONNECTED
10-31 11:01:54.813  1459  4171 W BackupTransportManager: Package com.ying.hzblhj enabled setting: 0
10-31 11:01:54.820  1459  5495 E NotificationService: Package has already queued 5 toasts. Not showing more. Package=cleaner.antivirus
10-31 11:01:54.821  1459  1855 E PackageManager: ERROR: could not load root hash from incremental install
10-31 11:01:54.836  1459  1855 I PackageManager: Integrity check passed for file:///data/app/vmdl1611152682.tmp
10-31 11:01:54.902  1459  1459 I NotificationService: Cannot find enqueued record for key: 0|com.google.android.apps.wellbeing|174344743|null|10121
10-31 11:01:54.948  1459  1855 I PackageManager: Permission ownership changed. Updating all permissions.
10-31 11:01:55.190  1459  4877 W AppOps  : setUidMode() called with a mode inconsistent with runtime permission state, this is discouraged and you should revoke the runtime permission instead: uid=10126, switchCode=0, mode=4, permission=android.permission.ACCESS_BACKGROUND_LOCATION
10-31 11:01:55.230  1459  1680 V StorageManagerService: Package null has legacy storage
10-31 11:01:55.263  1459  8008 D CoreBackPreview: Window{c8b4070 u0 Toast}: Setting back callback null
10-31 11:01:55.265  1459  8008 W NotificationService: Toast already killed. pkg=cleaner.antivirus token=android.os.BinderProxy@c09e315
10-31 11:01:55.271  1459  8008 D CoreBackPreview: Window{3cedc1b u0 Toast}: Setting back callback OnBackInvokedCallbackInfo{mCallback=android.window.IOnBackInvokedCallback$Stub$Proxy@b189af6, mPriority=0}
10-31 11:01:55.285  1459  8008 W AppOps  : setUidMode() called with a mode inconsistent with runtime permission state, this is discouraged and you should revoke the runtime permission instead: uid=10126, switchCode=1, mode=4, permission=android.permission.ACCESS_BACKGROUND_LOCATION
10-31 11:01:55.288  1459  8008 W AppOps  : setUidMode() called with a mode inconsistent with runtime permission state, this is discouraged and you should revoke the runtime permission instead: uid=10126, switchCode=0, mode=4, permission=android.permission.ACCESS_BACKGROUND_LOCATION
10-31 11:01:55.306  1459  1855 V BackupManagerService: [UserID:0] restoreAtInstall pkg=com.hgperfko.yaeghrwx token=2d restoreSet=0
10-31 11:01:55.306  1459  1855 V BackupManagerService: [UserID:0] Finishing install immediately
10-31 11:01:55.307  1459  1855 D PackageInstallerSession: Marking session 1611152682 as applied
10-31 11:01:55.318  1459  1855 D CompatibilityChangeReporter: Compat change id reported: 168419799; UID 10235; state: DISABLED
10-31 11:01:55.318  1459  1855 D CompatibilityChangeReporter: Compat change id reported: 273564678; UID 10235; state: DISABLED
10-31 11:01:55.335  1459  1459 I Telecom : DefaultDialerCache: Refreshing default dialer for user 0: now com.google.android.dialer: DDC.oR@A+g
10-31 11:01:55.345  1459  1459 I Telecom : DefaultDialerCache: Refreshing default dialer for user 0: now com.google.android.dialer: DDC.oR@A+k
10-31 11:01:55.355  1459  1459 V BackupManagerConstants: getFullBackupIntervalMilliseconds(...) returns 86400000
10-31 11:01:55.355  1459  1459 V BackupManagerConstants: getFullBackupRequiredNetworkType(...) returns 2
10-31 11:01:55.355  1459  1459 V BackupManagerConstants: getFullBackupRequireCharging(...) returns true
10-31 11:01:55.362  1459  4185 W BroadcastQueue: u0 Receiving a broadcast in packagecom.android.buyer requires a permissions review
10-31 11:01:55.362  1459  4185 W BroadcastQueue: Skipping delivery: permission review required for Intent { act=android.intent.action.PACKAGE_ADDED dat=package: flg=0x4000010 (has extras) } from null (pid=1459, uid=1000) to com.android.buyer/.mRve
10-31 11:01:55.368  1459  1706 W BroadcastQueue: Background execution not allowed: receiving Intent { act=android.intent.action.PACKAGE_ADDED dat=package: flg=0x4000010 (has extras) } to com.google.android.packageinstaller/com.android.packageinstaller.PackageInstalledReceiver
10-31 11:01:55.371  1459  1706 W BroadcastQueue: Background execution not allowed: receiving Intent { act=android.intent.action.PACKAGE_ADDED dat=package: flg=0x4000010 (has extras) } to com.android.vending/com.google.android.finsky.packagemonitor.impl.PackageMonitorReceiverImpl$RegisteredReceiver
10-31 11:01:55.371  1459  1706 W BroadcastQueue: Background execution not allowed: receiving Intent { act=android.intent.action.PACKAGE_ADDED dat=package: flg=0x4000010 (has extras) } to com.android.vending/com.google.android.finsky.packagemonitor.backgroundimpl.BackgroundPackageMonitorReceiverImpl$RegisteredReceiver
10-31 11:01:55.371  1459  1706 W BroadcastQueue: Background execution not allowed: receiving Intent { act=android.intent.action.PACKAGE_ADDED dat=package: flg=0x4000010 (has extras) } to com.google.android.gms/.games.chimera.GamesSystemBroadcastReceiverProxy
10-31 11:01:55.371  1459  1706 W BroadcastQueue: Background execution not allowed: receiving Intent { act=android.intent.action.PACKAGE_ADDED dat=package: flg=0x4000010 (has extras) } to com.google.android.gms/.gass.chimera.PackageChangeBroadcastReceiver
10-31 11:01:55.371  1459  1706 W BroadcastQueue: Background execution not allowed: receiving Intent { act=android.intent.action.PACKAGE_ADDED dat=package: flg=0x4000010 (has extras) } to com.google.android.gms/.chimera.GmsIntentOperationService$PersistentTrustedReceiver
10-31 11:01:55.371  1459  1706 W BroadcastQueue: Background execution not allowed: receiving Intent { act=android.intent.action.PACKAGE_ADDED dat=package: flg=0x4000010 (has extras) } to com.google.android.googlequicksearchbox/com.google.android.apps.gsa.googlequicksearchbox.GelStubAppWatcher
10-31 11:01:55.371  1459  1706 W BroadcastQueue: u0 Receiving a broadcast in packagecom.games.mengmeizhitd requires a permissions review
10-31 11:01:55.372  1459  1706 W BroadcastQueue: Skipping delivery: permission review required for Intent { act=android.intent.action.PACKAGE_ADDED dat=package: flg=0x4000010 (has extras) } from null (pid=1459, uid=1000) to com.games.mengmeizhitd/hjnw.ihjnw.i.isqly
10-31 11:01:55.372  1459  1706 W BroadcastQueue: u0 Receiving a broadcast in packagecom.qiuqiu.dfmc requires a permissions review
10-31 11:01:55.372  1459  1706 W BroadcastQueue: Skipping delivery: permission review required for Intent { act=android.intent.action.PACKAGE_ADDED dat=package: flg=0x4000010 (has extras) } from null (pid=1459, uid=1000) to com.qiuqiu.dfmc/cn.jpush.android.service.PushReceiver
10-31 11:01:55.372  1459  1706 W BroadcastQueue: u0 Receiving a broadcast in packagecom.safesys.viruskiller requires a permissions review
10-31 11:01:55.372  1459  1706 W BroadcastQueue: Skipping delivery: permission review required for Intent { act=android.intent.action.PACKAGE_ADDED dat=package: flg=0x4000010 (has extras) } from null (pid=1459, uid=1000) to com.safesys.viruskiller/.ScanPackageBroadcast
10-31 11:01:55.372  1459  1706 W BroadcastQueue: u0 Receiving a broadcast in packagecom.uc108.mobile.sdgj.bd1 requires a permissions review
10-31 11:01:55.372  1459  1706 W BroadcastQueue: Skipping delivery: permission review required for Intent { act=android.intent.action.PACKAGE_ADDED dat=package: flg=0x4000010 (has extras) } from null (pid=1459, uid=1000) to com.uc108.mobile.sdgj.bd1/com.baidu.tiebasdk.service.InstallReceiver
10-31 11:01:55.372  1459  1706 W BroadcastQueue: u0 Receiving a broadcast in packageio.dcloud.H5BC6BF13 requires a permissions review
10-31 11:01:55.372  1459  1706 W BroadcastQueue: Skipping delivery: permission review required for Intent { act=android.intent.action.PACKAGE_ADDED dat=package: flg=0x4000010 (has extras) } from null (pid=1459, uid=1000) to io.dcloud.H5BC6BF13/io.dcloud.common.adapter.io.DownloadReceiver
10-31 11:01:55.385  1459  1459 I Telecom : DefaultDialerCache: Refreshing default dialer for user 0: now com.google.android.dialer: DDC.oR@A+o
10-31 11:01:55.388  1459  2004 D CompatibilityChangeReporter: Compat change id reported: 218533173; UID 10235; state: DISABLED
10-31 11:01:55.405  1459  1851 E VerityUtils: Failed to measure fs-verity, errno 1: /data/app/~~IqxqffkXsXeXCppDTdMw3A==/com.hgperfko.yaeghrwx--LbDKaT5u2vf1fetZ2cCDQ==/base.apk
10-31 11:01:55.415  1459  1703 W WindowMagnificationMgr: requestConnection duplicated request: connect=false, mConnectionState=DISCONNECTED
10-31 11:01:55.436  1459  1703 W PackageManager: Failed registering loading progress callback. Package is fully loaded.
10-31 11:01:55.443  1459  1703 W WindowMagnificationMgr: requestConnection duplicated request: connect=false, mConnectionState=DISCONNECTED
10-31 11:01:55.469  1459  4171 W BackupTransportManager: Package com.hgperfko.yaeghrwx enabled setting: 0
10-31 11:01:55.530  1459  1855 E PackageManager: ERROR: could not load root hash from incremental install
10-31 11:01:55.544  1459  2037 W PackageParsing: Ignoring duplicate uses-permissions/uses-permissions-sdk-m: android.permission.ACCESS_NETWORK_STATE in package: com.livegame.wallpapermingche at: Binary XML file line #99
10-31 11:01:55.544  1459  2037 W PackageParsing: Ignoring duplicate uses-permissions/uses-permissions-sdk-m: android.permission.READ_PHONE_STATE in package: com.livegame.wallpapermingche at: Binary XML file line #100
10-31 11:01:55.544  1459  2037 W PackageParsing: Ignoring duplicate uses-permissions/uses-permissions-sdk-m: android.permission.ACCESS_WIFI_STATE in package: com.livegame.wallpapermingche at: Binary XML file line #101
10-31 11:01:55.544  1459  2037 W PackageParsing: Ignoring duplicate uses-permissions/uses-permissions-sdk-m: android.permission.INTERNET in package: com.livegame.wallpapermingche at: Binary XML file line #103
10-31 11:01:55.544  1459  2037 W PackageParsing: Ignoring duplicate uses-permissions/uses-permissions-sdk-m: android.permission.WRITE_EXTERNAL_STORAGE in package: com.livegame.wallpapermingche at: Binary XML file line #105
10-31 11:01:55.563  1459  1855 I PackageManager: Integrity check passed for file:///data/app/vmdl389080327.tmp
10-31 11:01:55.577  1459  5211 D CompatibilityChangeReporter: Compat change id reported: 161252188; UID 10235; state: DISABLED
10-31 11:01:55.586  1459  1855 W PackageParsing: Ignoring duplicate uses-permissions/uses-permissions-sdk-m: android.permission.ACCESS_NETWORK_STATE in package: com.livegame.wallpapermingche at: Binary XML file line #99
10-31 11:01:55.586  1459  1855 W PackageParsing: Ignoring duplicate uses-permissions/uses-permissions-sdk-m: android.permission.READ_PHONE_STATE in package: com.livegame.wallpapermingche at: Binary XML file line #100
10-31 11:01:55.586  1459  1855 W PackageParsing: Ignoring duplicate uses-permissions/uses-permissions-sdk-m: android.permission.ACCESS_WIFI_STATE in package: com.livegame.wallpapermingche at: Binary XML file line #101
10-31 11:01:55.586  1459  1855 W PackageParsing: Ignoring duplicate uses-permissions/uses-permissions-sdk-m: android.permission.INTERNET in package: com.livegame.wallpapermingche at: Binary XML file line #103
10-31 11:01:55.586  1459  1855 W PackageParsing: Ignoring duplicate uses-permissions/uses-permissions-sdk-m: android.permission.WRITE_EXTERNAL_STORAGE in package: com.livegame.wallpapermingche at: Binary XML file line #105
10-31 11:01:55.678  1459  1680 V StorageManagerService: Package null has legacy storage
10-31 11:01:55.743  1459  1459 W WindowManager: removeWindowToken: Attempted to remove non-existing token: android.os.Binder@5fca7d2
10-31 11:01:55.842  1459  1855 V BackupManagerService: [UserID:0] restoreAtInstall pkg=com.livegame.wallpapermingche token=2e restoreSet=0
10-31 11:01:55.843  1459  1855 V BackupManagerService: [UserID:0] Finishing install immediately
10-31 11:01:55.844  1459  1855 D PackageInstallerSession: Marking session 389080327 as applied
10-31 11:01:55.848  1459  1855 D CompatibilityChangeReporter: Compat change id reported: 168419799; UID 10236; state: DISABLED
10-31 11:01:55.848  1459  1855 D CompatibilityChangeReporter: Compat change id reported: 273564678; UID 10236; state: DISABLED
10-31 11:01:55.857  1459  5496 W BroadcastQueue: u0 Receiving a broadcast in packagecom.android.buyer requires a permissions review
10-31 11:01:55.857  1459  5496 W BroadcastQueue: Skipping delivery: permission review required for Intent { act=android.intent.action.PACKAGE_ADDED dat=package: flg=0x4000010 (has extras) } from null (pid=1459, uid=1000) to com.android.buyer/.mRve
10-31 11:01:55.857  1459  1459 I Telecom : DefaultDialerCache: Refreshing default dialer for user 0: now com.google.android.dialer: DDC.oR@A/E
10-31 11:01:55.858  1459  1706 W BroadcastQueue: Background execution not allowed: receiving Intent { act=android.intent.action.PACKAGE_ADDED dat=package: flg=0x4000010 (has extras) } to com.google.android.packageinstaller/com.android.packageinstaller.PackageInstalledReceiver
10-31 11:01:55.858  1459  1706 W BroadcastQueue: Background execution not allowed: receiving Intent { act=android.intent.action.PACKAGE_ADDED dat=package: flg=0x4000010 (has extras) } to com.android.vending/com.google.android.finsky.packagemonitor.impl.PackageMonitorReceiverImpl$RegisteredReceiver
10-31 11:01:55.858  1459  1706 W BroadcastQueue: Background execution not allowed: receiving Intent { act=android.intent.action.PACKAGE_ADDED dat=package: flg=0x4000010 (has extras) } to com.android.vending/com.google.android.finsky.packagemonitor.backgroundimpl.BackgroundPackageMonitorReceiverImpl$RegisteredReceiver
10-31 11:01:55.858  1459  1706 W BroadcastQueue: Background execution not allowed: receiving Intent { act=android.intent.action.PACKAGE_ADDED dat=package: flg=0x4000010 (has extras) } to com.google.android.gms/.games.chimera.GamesSystemBroadcastReceiverProxy
10-31 11:01:55.858  1459  1706 W BroadcastQueue: Background execution not allowed: receiving Intent { act=android.intent.action.PACKAGE_ADDED dat=package: flg=0x4000010 (has extras) } to com.google.android.gms/.gass.chimera.PackageChangeBroadcastReceiver
10-31 11:01:55.859  1459  1706 W BroadcastQueue: Background execution not allowed: receiving Intent { act=android.intent.action.PACKAGE_ADDED dat=package: flg=0x4000010 (has extras) } to com.google.android.gms/.chimera.GmsIntentOperationService$PersistentTrustedReceiver
10-31 11:01:55.859  1459  1706 W BroadcastQueue: Background execution not allowed: receiving Intent { act=android.intent.action.PACKAGE_ADDED dat=package: flg=0x4000010 (has extras) } to com.google.android.googlequicksearchbox/com.google.android.apps.gsa.googlequicksearchbox.GelStubAppWatcher
10-31 11:01:55.859  1459  1706 W BroadcastQueue: u0 Receiving a broadcast in packagecom.games.mengmeizhitd requires a permissions review
10-31 11:01:55.859  1459  1706 W BroadcastQueue: Skipping delivery: permission review required for Intent { act=android.intent.action.PACKAGE_ADDED dat=package: flg=0x4000010 (has extras) } from null (pid=1459, uid=1000) to com.games.mengmeizhitd/hjnw.ihjnw.i.isqly
10-31 11:01:55.859  1459  1706 W BroadcastQueue: u0 Receiving a broadcast in packagecom.hgperfko.yaeghrwx requires a permissions review
10-31 11:01:55.859  1459  1706 W BroadcastQueue: Skipping delivery: permission review required for Intent { act=android.intent.action.PACKAGE_ADDED dat=package: flg=0x4000010 (has extras) } from null (pid=1459, uid=1000) to com.hgperfko.yaeghrwx/.core.hLytdCQDBv
10-31 11:01:55.859  1459  1706 W BroadcastQueue: u0 Receiving a broadcast in packagecom.qiuqiu.dfmc requires a permissions review
10-31 11:01:55.859  1459  1706 W BroadcastQueue: Skipping delivery: permission review required for Intent { act=android.intent.action.PACKAGE_ADDED dat=package: flg=0x4000010 (has extras) } from null (pid=1459, uid=1000) to com.qiuqiu.dfmc/cn.jpush.android.service.PushReceiver
10-31 11:01:55.859  1459  1706 W BroadcastQueue: u0 Receiving a broadcast in packagecom.safesys.viruskiller requires a permissions review
10-31 11:01:55.859  1459  1706 W BroadcastQueue: Skipping delivery: permission review required for Intent { act=android.intent.action.PACKAGE_ADDED dat=package: flg=0x4000010 (has extras) } from null (pid=1459, uid=1000) to com.safesys.viruskiller/.ScanPackageBroadcast
10-31 11:01:55.859  1459  1706 W BroadcastQueue: u0 Receiving a broadcast in packagecom.uc108.mobile.sdgj.bd1 requires a permissions review
10-31 11:01:55.859  1459  1706 W BroadcastQueue: Skipping delivery: permission review required for Intent { act=android.intent.action.PACKAGE_ADDED dat=package: flg=0x4000010 (has extras) } from null (pid=1459, uid=1000) to com.uc108.mobile.sdgj.bd1/com.baidu.tiebasdk.service.InstallReceiver
10-31 11:01:55.859  1459  1706 W BroadcastQueue: u0 Receiving a broadcast in packageio.dcloud.H5BC6BF13 requires a permissions review
10-31 11:01:55.859  1459  1706 W BroadcastQueue: Skipping delivery: permission review required for Intent { act=android.intent.action.PACKAGE_ADDED dat=package: flg=0x4000010 (has extras) } from null (pid=1459, uid=1000) to io.dcloud.H5BC6BF13/io.dcloud.common.adapter.io.DownloadReceiver
10-31 11:01:55.865  1459  1459 V BackupManagerConstants: getFullBackupIntervalMilliseconds(...) returns 86400000
10-31 11:01:55.865  1459  1459 V BackupManagerConstants: getFullBackupRequiredNetworkType(...) returns 2
10-31 11:01:55.865  1459  1459 V BackupManagerConstants: getFullBackupRequireCharging(...) returns true
10-31 11:01:55.894  1459  1703 W WindowMagnificationMgr: requestConnection duplicated request: connect=false, mConnectionState=DISCONNECTED
10-31 11:01:55.897  1459  1459 I Telecom : DefaultDialerCache: Refreshing default dialer for user 0: now com.google.android.dialer: DDC.oR@A/I
10-31 11:01:55.902  1459  2004 D CompatibilityChangeReporter: Compat change id reported: 218533173; UID 10236; state: DISABLED
10-31 11:01:55.913  1459  1851 E VerityUtils: Failed to measure fs-verity, errno 1: /data/app/~~87mKZh2I0zN08-G8bb_IUA==/com.livegame.wallpapermingche-7Myq4UyhH-2nWs7n94kKXg==/base.apk
10-31 11:01:55.923  1459  5496 E NotificationService: Package has already queued 5 toasts. Not showing more. Package=cleaner.antivirus
10-31 11:01:55.927  1459  4185 D CompatibilityChangeReporter: Compat change id reported: 161252188; UID 10236; state: DISABLED
10-31 11:01:55.934  1459  4171 W BackupTransportManager: Package com.livegame.wallpapermingche enabled setting: 0
10-31 11:01:55.952  1459  1703 W PackageManager: Failed registering loading progress callback. Package is fully loaded.
10-31 11:01:55.962  1459  1703 W WindowMagnificationMgr: requestConnection duplicated request: connect=false, mConnectionState=DISCONNECTED
10-31 11:01:56.151  1459  1855 E PackageManager: ERROR: could not load root hash from incremental install
10-31 11:01:56.171  1459  1855 I PackageManager: Integrity check passed for file:///data/app/vmdl92518041.tmp
10-31 11:01:56.276  1459  1680 V StorageManagerService: Package null has legacy storage
10-31 11:01:56.282  1459  5496 W AppOps  : setUidMode() called with a mode inconsistent with runtime permission state, this is discouraged and you should revoke the runtime permission instead: uid=10126, switchCode=0, mode=4, permission=android.permission.ACCESS_BACKGROUND_LOCATION
10-31 11:01:56.350  1459  5504 I ActivityManager: Background started FGS: Allowed [callingPackage: com.google.android.apps.wellbeing; callingUid: 10121; uidState: BFGS; intent: Intent { cmp=com.google.android.apps.wellbeing/com.google.apps.tiktok.concurrent.InternalForegroundService (has extras) }; code:BACKGROUND_ACTIVITY_PERMISSION; tempAllowListReason:<null>; targetSdkVersion:33; callerTargetSdkVersion:33; startForegroundCount:0; bindFromPackage:null]
10-31 11:01:56.351  1459  2983 W AppOps  : setUidMode() called with a mode inconsistent with runtime permission state, this is discouraged and you should revoke the runtime permission instead: uid=10126, switchCode=1, mode=4, permission=android.permission.ACCESS_BACKGROUND_LOCATION
