10-30 22:08:12.853  1489  1489 V BackupManagerConstants: getFullBackupIntervalMilliseconds(...) returns 86400000
10-30 22:08:12.853  1489  1727 W BroadcastQueue: Skipping delivery: permission review required for Intent { act=android.intent.action.PACKAGE_ADDED dat=package: flg=0x4000010 (has extras) } from null (pid=1489, uid=1000) to com.qiuqiu.dfmc/cn.jpush.android.service.PushReceiver
10-30 22:08:12.853  1489  1727 W BroadcastQueue: u0 Receiving a broadcast in packagecom.safesys.viruskiller requires a permissions review
10-30 22:08:12.853  1489  1727 W BroadcastQueue: Skipping delivery: permission review required for Intent { act=android.intent.action.PACKAGE_ADDED dat=package: flg=0x4000010 (has extras) } from null (pid=1489, uid=1000) to com.safesys.viruskiller/.ScanPackageBroadcast
10-30 22:08:12.854  1489  1727 W BroadcastQueue: u0 Receiving a broadcast in packagecom.uc108.mobile.sdgj.bd1 requires a permissions review
10-30 22:08:12.854  1489  1727 W BroadcastQueue: Skipping delivery: permission review required for Intent { act=android.intent.action.PACKAGE_ADDED dat=package: flg=0x4000010 (has extras) } from null (pid=1489, uid=1000) to com.uc108.mobile.sdgj.bd1/com.baidu.tiebasdk.service.InstallReceiver
10-30 22:08:12.854  1489  1727 W BroadcastQueue: u0 Receiving a broadcast in packagecom.voicebianshengjinglingwc.wxl requires a permissions review
10-30 22:08:12.854  1489  1727 W BroadcastQueue: Skipping delivery: permission review required for Intent { act=android.intent.action.PACKAGE_ADDED dat=package: flg=0x4000010 (has extras) } from null (pid=1489, uid=1000) to com.voicebianshengjinglingwc.wxl/mp.ruu.Ztjjwrj
10-30 22:08:12.854  1489  1727 W BroadcastQueue: u0 Receiving a broadcast in packageio.dcloud.H5BC6BF13 requires a permissions review
10-30 22:08:12.854  1489  1489 V BackupManagerConstants: getFullBackupRequiredNetworkType(...) returns 2
10-30 22:08:12.854  1489  1727 W BroadcastQueue: Skipping delivery: permission review required for Intent { act=android.intent.action.PACKAGE_ADDED dat=package: flg=0x4000010 (has extras) } from null (pid=1489, uid=1000) to io.dcloud.H5BC6BF13/io.dcloud.common.adapter.io.DownloadReceiver
10-30 22:08:12.871  1489  1489 V BackupManagerConstants: getFullBackupRequireCharging(...) returns true
10-30 22:08:12.888  1489  1489 I Telecom : DefaultDialerCache: Refreshing default dialer for user 0: now com.google.android.dialer: DDC.oR@A4U
10-30 22:08:12.889  1489  4181 W BackupTransportManager: Package yeyrm.ywoqeyfxty.hdp enabled setting: 0
10-30 22:08:12.911  1489  1848 E VerityUtils: Failed to measure fs-verity, errno 1: /data/app/~~pcWaGcMmEUStXiPobY5kuA==/yeyrm.ywoqeyfxty.hdp-nPPzmhaeqllXLfC3f0sToA==/base.apk
10-30 22:08:12.923  1489  1725 W WindowMagnificationMgr: requestConnection duplicated request: connect=false, mConnectionState=DISCONNECTED
10-30 22:08:12.925  1489  3928 D CompatibilityChangeReporter: Compat change id reported: 161252188; UID 10254; state: DISABLED
10-30 22:08:12.990  1489  1725 W PackageManager: Failed registering loading progress callback. Package is fully loaded.
10-30 22:08:12.998  1489  1725 W WindowMagnificationMgr: requestConnection duplicated request: connect=false, mConnectionState=DISCONNECTED
10-30 22:08:13.037  1489  1852 E PackageManager: ERROR: could not load root hash from incremental install
10-30 22:08:13.044  1489  2051 W PackageParsing: Ignoring duplicate uses-permissions/uses-permissions-sdk-m: android.permission.ACCESS_NETWORK_STATE in package: rsoiogtjulaok.cieldreweq.hbdjtupunuq at: Binary XML file line #25
10-30 22:08:13.071  1489  1613 W AppOps  : setUidMode() called with a mode inconsistent with runtime permission state, this is discouraged and you should revoke the runtime permission instead: uid=10126, switchCode=1, mode=4, permission=android.permission.ACCESS_BACKGROUND_LOCATION
10-30 22:08:13.073  1489  5478 W AppOps  : setUidMode() called with a mode inconsistent with runtime permission state, this is discouraged and you should revoke the runtime permission instead: uid=10126, switchCode=0, mode=4, permission=android.permission.ACCESS_BACKGROUND_LOCATION
10-30 22:08:13.076  1489  1852 I PackageManager: Integrity check passed for file:///data/app/vmdl1292425613.tmp
10-30 22:08:13.107  1489  1852 W PackageParsing: Ignoring duplicate uses-permissions/uses-permissions-sdk-m: android.permission.ACCESS_NETWORK_STATE in package: rsoiogtjulaok.cieldreweq.hbdjtupunuq at: Binary XML file line #25
10-30 22:08:13.224  1489  1710 V StorageManagerService: Package null does not have legacy storage
10-30 22:08:13.501  1489  1852 V BackupManagerService: [UserID:0] restoreAtInstall pkg=rsoiogtjulaok.cieldreweq.hbdjtupunuq token=41 restoreSet=0
10-30 22:08:13.501  1489  1852 V BackupManagerService: [UserID:0] Finishing install immediately
10-30 22:08:13.503  1489  1852 D PackageInstallerSession: Marking session 1292425613 as applied
10-30 22:08:13.509  1489  1852 D CompatibilityChangeReporter: Compat change id reported: 168419799; UID 10255; state: DISABLED
10-30 22:08:13.509  1489  1852 D CompatibilityChangeReporter: Compat change id reported: 273564678; UID 10255; state: DISABLED
10-30 22:08:13.514  1489  2927 D CompatibilityChangeReporter: Compat change id reported: 218533173; UID 10255; state: DISABLED
10-30 22:08:13.519  1489  1727 W BroadcastQueue: u0 Receiving a broadcast in packagecom.jr.narutoii requires a permissions review
10-30 22:08:13.519  1489  1727 W BroadcastQueue: Skipping delivery: permission review required for Intent { act=android.intent.action.PACKAGE_ADDED dat=package: flg=0x4000010 (has extras) } from null (pid=1489, uid=1000) to com.jr.narutoii/com.joyriver.engine.proxy.EngineReceiver
10-30 22:08:13.519  1489  1727 W BroadcastQueue: u0 Receiving a broadcast in packagecom.android.buyer requires a permissions review
10-30 22:08:13.519  1489  1727 W BroadcastQueue: Skipping delivery: permission review required for Intent { act=android.intent.action.PACKAGE_ADDED dat=package: flg=0x4000010 (has extras) } from null (pid=1489, uid=1000) to com.android.buyer/.mRve
10-30 22:08:13.519  1489  1727 W BroadcastQueue: Background execution not allowed: receiving Intent { act=android.intent.action.PACKAGE_ADDED dat=package: flg=0x4000010 (has extras) } to com.drweb/.antivirus.lib.monitor.PackageInstallBroadcastReceiver
10-30 22:08:13.520  1489  1489 I Telecom : DefaultDialerCache: Refreshing default dialer for user 0: now com.google.android.dialer: DDC.oR@A4g
10-30 22:08:13.528  1489  1489 V BackupManagerConstants: getFullBackupIntervalMilliseconds(...) returns 86400000
10-30 22:08:13.528  1489  1489 V BackupManagerConstants: getFullBackupRequiredNetworkType(...) returns 2
10-30 22:08:13.528  1489  1489 V BackupManagerConstants: getFullBackupRequireCharging(...) returns true
10-30 22:08:13.542  1489  1727 W BroadcastQueue: Background execution not allowed: receiving Intent { act=android.intent.action.PACKAGE_ADDED dat=package: flg=0x4000010 (has extras) } to com.google.android.packageinstaller/com.android.packageinstaller.PackageInstalledReceiver
10-30 22:08:13.542  1489  1727 W BroadcastQueue: Background execution not allowed: receiving Intent { act=android.intent.action.PACKAGE_ADDED dat=package: flg=0x4000010 (has extras) } to com.android.vending/com.google.android.finsky.packagemonitor.impl.PackageMonitorReceiverImpl$RegisteredReceiver
10-30 22:08:13.542  1489  1727 W BroadcastQueue: Background execution not allowed: receiving Intent { act=android.intent.action.PACKAGE_ADDED dat=package: flg=0x4000010 (has extras) } to com.android.vending/com.google.android.finsky.packagemonitor.backgroundimpl.BackgroundPackageMonitorReceiverImpl$RegisteredReceiver
10-30 22:08:13.543  1489  1727 W BroadcastQueue: Background execution not allowed: receiving Intent { act=android.intent.action.PACKAGE_ADDED dat=package: flg=0x4000010 (has extras) } to com.google.android.gms/.games.chimera.GamesSystemBroadcastReceiverProxy
10-30 22:08:13.543  1489  1727 W BroadcastQueue: Background execution not allowed: receiving Intent { act=android.intent.action.PACKAGE_ADDED dat=package: flg=0x4000010 (has extras) } to com.google.android.gms/.gass.chimera.PackageChangeBroadcastReceiver
10-30 22:08:13.543  1489  1727 W BroadcastQueue: Background execution not allowed: receiving Intent { act=android.intent.action.PACKAGE_ADDED dat=package: flg=0x4000010 (has extras) } to com.google.android.gms/.chimera.GmsIntentOperationService$PersistentTrustedReceiver
10-30 22:08:13.550  1489  1727 W BroadcastQueue: Background execution not allowed: receiving Intent { act=android.intent.action.PACKAGE_ADDED dat=package: flg=0x4000010 (has extras) } to com.google.android.googlequicksearchbox/com.google.android.apps.gsa.googlequicksearchbox.GelStubAppWatcher
10-30 22:08:13.550  1489  1727 W BroadcastQueue: u0 Receiving a broadcast in packagecom.cncd.japan.janli.shudu requires a permissions review
10-30 22:08:13.550  1489  1727 W BroadcastQueue: Skipping delivery: permission review required for Intent { act=android.intent.action.PACKAGE_ADDED dat=package: flg=0x4000010 (has extras) } from null (pid=1489, uid=1000) to com.cncd.japan.janli.shudu/net.l.k.r
10-30 22:08:13.550  1489  1727 W BroadcastQueue: u0 Receiving a broadcast in packagecom.cncd.japan.janli.shudu requires a permissions review
10-30 22:08:13.550  1489  1727 W BroadcastQueue: Skipping delivery: permission review required for Intent { act=android.intent.action.PACKAGE_ADDED dat=package: flg=0x4000010 (has extras) } from null (pid=1489, uid=1000) to com.cncd.japan.janli.shudu/com.feiwofour.coverscreen.SR
10-30 22:08:13.550  1489  1727 W BroadcastQueue: u0 Receiving a broadcast in packagecom.games.mengmeizhitd requires a permissions review
10-30 22:08:13.550  1489  1727 W BroadcastQueue: Skipping delivery: permission review required for Intent { act=android.intent.action.PACKAGE_ADDED dat=package: flg=0x4000010 (has extras) } from null (pid=1489, uid=1000) to com.games.mengmeizhitd/hjnw.ihjnw.i.isqly
10-30 22:08:13.550  1489  1727 W BroadcastQueue: u0 Receiving a broadcast in packagecom.hgperfko.yaeghrwx requires a permissions review
10-30 22:08:13.550  1489  1727 W BroadcastQueue: Skipping delivery: permission review required for Intent { act=android.intent.action.PACKAGE_ADDED dat=package: flg=0x4000010 (has extras) } from null (pid=1489, uid=1000) to com.hgperfko.yaeghrwx/.core.hLytdCQDBv
10-30 22:08:13.550  1489  1727 W BroadcastQueue: u0 Receiving a broadcast in packagecom.qiuqiu.dfmc requires a permissions review
10-30 22:08:13.550  1489  1727 W BroadcastQueue: Skipping delivery: permission review required for Intent { act=android.intent.action.PACKAGE_ADDED dat=package: flg=0x4000010 (has extras) } from null (pid=1489, uid=1000) to com.qiuqiu.dfmc/cn.jpush.android.service.PushReceiver
10-30 22:08:13.550  1489  1727 W BroadcastQueue: u0 Receiving a broadcast in packagecom.safesys.viruskiller requires a permissions review
10-30 22:08:13.550  1489  1727 W BroadcastQueue: Skipping delivery: permission review required for Intent { act=android.intent.action.PACKAGE_ADDED dat=package: flg=0x4000010 (has extras) } from null (pid=1489, uid=1000) to com.safesys.viruskiller/.ScanPackageBroadcast
10-30 22:08:13.550  1489  1727 W BroadcastQueue: u0 Receiving a broadcast in packagecom.uc108.mobile.sdgj.bd1 requires a permissions review
10-30 22:08:13.550  1489  1727 W BroadcastQueue: Skipping delivery: permission review required for Intent { act=android.intent.action.PACKAGE_ADDED dat=package: flg=0x4000010 (has extras) } from null (pid=1489, uid=1000) to com.uc108.mobile.sdgj.bd1/com.baidu.tiebasdk.service.InstallReceiver
10-30 22:08:13.550  1489  1727 W BroadcastQueue: u0 Receiving a broadcast in packagecom.voicebianshengjinglingwc.wxl requires a permissions review
10-30 22:08:13.550  1489  1727 W BroadcastQueue: Skipping delivery: permission review required for Intent { act=android.intent.action.PACKAGE_ADDED dat=package: flg=0x4000010 (has extras) } from null (pid=1489, uid=1000) to com.voicebianshengjinglingwc.wxl/mp.ruu.Ztjjwrj
10-30 22:08:13.550  1489  1727 W BroadcastQueue: u0 Receiving a broadcast in packageio.dcloud.H5BC6BF13 requires a permissions review
10-30 22:08:13.550  1489  1727 W BroadcastQueue: Skipping delivery: permission review required for Intent { act=android.intent.action.PACKAGE_ADDED dat=package: flg=0x4000010 (has extras) } from null (pid=1489, uid=1000) to io.dcloud.H5BC6BF13/io.dcloud.common.adapter.io.DownloadReceiver
10-30 22:08:13.563  1489  1848 E VerityUtils: Failed to measure fs-verity, errno 1: /data/app/~~BElGJnDK0AcCE3JQRdja7w==/rsoiogtjulaok.cieldreweq.hbdjtupunuq-Y7OMLmrFYtL-HJBblyOVLQ==/base.apk
10-30 22:08:13.568  1489  3928 D CompatibilityChangeReporter: Compat change id reported: 161252188; UID 10255; state: DISABLED
10-30 22:08:13.569  1489  1725 W WindowMagnificationMgr: requestConnection duplicated request: connect=false, mConnectionState=DISCONNECTED
10-30 22:08:13.624  1489  1725 W PackageManager: Failed registering loading progress callback. Package is fully loaded.
10-30 22:08:13.634  1489  1489 I Telecom : DefaultDialerCache: Refreshing default dialer for user 0: now com.google.android.dialer: DDC.oR@A4s
10-30 22:08:13.635  1489  1725 W WindowMagnificationMgr: requestConnection duplicated request: connect=false, mConnectionState=DISCONNECTED
10-30 22:08:13.636  1489  4181 W BackupTransportManager: Package rsoiogtjulaok.cieldreweq.hbdjtupunuq enabled setting: 0
10-30 22:08:13.701  1489  1852 E PackageManager: ERROR: could not load root hash from incremental install
10-30 22:08:13.724  1489  1852 I PackageManager: Integrity check passed for file:///data/app/vmdl1588178039.tmp
10-30 22:08:13.843  1489  1710 V StorageManagerService: Package null does not have legacy storage
10-30 22:08:13.936  1489  1613 W AppOps  : setUidMode() called with a mode inconsistent with runtime permission state, this is discouraged and you should revoke the runtime permission instead: uid=10126, switchCode=0, mode=4, permission=android.permission.ACCESS_BACKGROUND_LOCATION
10-30 22:08:14.017  1489  1613 W AppOps  : setUidMode() called with a mode inconsistent with runtime permission state, this is discouraged and you should revoke the runtime permission instead: uid=10126, switchCode=1, mode=4, permission=android.permission.ACCESS_BACKGROUND_LOCATION
10-30 22:08:14.019  1489  1613 W AppOps  : setUidMode() called with a mode inconsistent with runtime permission state, this is discouraged and you should revoke the runtime permission instead: uid=10126, switchCode=0, mode=4, permission=android.permission.ACCESS_BACKGROUND_LOCATION
10-30 22:08:14.179  1489  1852 V BackupManagerService: [UserID:0] restoreAtInstall pkg=com.android.mobilephone token=42 restoreSet=0
10-30 22:08:14.180  1489  1852 V BackupManagerService: [UserID:0] Finishing install immediately
10-30 22:08:14.183  1489  1852 D PackageInstallerSession: Marking session 1588178039 as applied
10-30 22:08:14.191  1489  1852 D CompatibilityChangeReporter: Compat change id reported: 168419799; UID 10256; state: DISABLED
10-30 22:08:14.191  1489  1852 D CompatibilityChangeReporter: Compat change id reported: 273564678; UID 10256; state: DISABLED
10-30 22:08:14.199  1489  2927 D CompatibilityChangeReporter: Compat change id reported: 218533173; UID 10256; state: DISABLED
10-30 22:08:14.207  1489  1489 I Telecom : DefaultDialerCache: Refreshing default dialer for user 0: now com.google.android.dialer: DDC.oR@A4w
10-30 22:08:14.208  1489  5484 W BroadcastQueue: u0 Receiving a broadcast in packagecom.jr.narutoii requires a permissions review
10-30 22:08:14.208  1489  5484 W BroadcastQueue: Skipping delivery: permission review required for Intent { act=android.intent.action.PACKAGE_ADDED dat=package: flg=0x4000010 (has extras) } from null (pid=1489, uid=1000) to com.jr.narutoii/com.joyriver.engine.proxy.EngineReceiver
10-30 22:08:14.209  1489  1727 W BroadcastQueue: u0 Receiving a broadcast in packagecom.android.buyer requires a permissions review
10-30 22:08:14.209  1489  1727 W BroadcastQueue: Skipping delivery: permission review required for Intent { act=android.intent.action.PACKAGE_ADDED dat=package: flg=0x4000010 (has extras) } from null (pid=1489, uid=1000) to com.android.buyer/.mRve
10-30 22:08:14.209  1489  1727 W BroadcastQueue: Background execution not allowed: receiving Intent { act=android.intent.action.PACKAGE_ADDED dat=package: flg=0x4000010 (has extras) } to com.drweb/.antivirus.lib.monitor.PackageInstallBroadcastReceiver
10-30 22:08:14.209  1489  1727 W BroadcastQueue: Background execution not allowed: receiving Intent { act=android.intent.action.PACKAGE_ADDED dat=package: flg=0x4000010 (has extras) } to com.google.android.packageinstaller/com.android.packageinstaller.PackageInstalledReceiver
10-30 22:08:14.209  1489  1727 W BroadcastQueue: Background execution not allowed: receiving Intent { act=android.intent.action.PACKAGE_ADDED dat=package: flg=0x4000010 (has extras) } to com.android.vending/com.google.android.finsky.packagemonitor.impl.PackageMonitorReceiverImpl$RegisteredReceiver
10-30 22:08:14.209  1489  1727 W BroadcastQueue: Background execution not allowed: receiving Intent { act=android.intent.action.PACKAGE_ADDED dat=package: flg=0x4000010 (has extras) } to com.android.vending/com.google.android.finsky.packagemonitor.backgroundimpl.BackgroundPackageMonitorReceiverImpl$RegisteredReceiver
10-30 22:08:14.209  1489  1727 W BroadcastQueue: Background execution not allowed: receiving Intent { act=android.intent.action.PACKAGE_ADDED dat=package: flg=0x4000010 (has extras) } to com.google.android.gms/.games.chimera.GamesSystemBroadcastReceiverProxy
10-30 22:08:14.209  1489  1727 W BroadcastQueue: Background execution not allowed: receiving Intent { act=android.intent.action.PACKAGE_ADDED dat=package: flg=0x4000010 (has extras) } to com.google.android.gms/.gass.chimera.PackageChangeBroadcastReceiver
10-30 22:08:14.209  1489  1727 W BroadcastQueue: Background execution not allowed: receiving Intent { act=android.intent.action.PACKAGE_ADDED dat=package: flg=0x4000010 (has extras) } to com.google.android.gms/.chimera.GmsIntentOperationService$PersistentTrustedReceiver
10-30 22:08:14.209  1489  1727 W BroadcastQueue: Background execution not allowed: receiving Intent { act=android.intent.action.PACKAGE_ADDED dat=package: flg=0x4000010 (has extras) } to com.google.android.googlequicksearchbox/com.google.android.apps.gsa.googlequicksearchbox.GelStubAppWatcher
10-30 22:08:14.209  1489  1727 W BroadcastQueue: u0 Receiving a broadcast in packagecom.cncd.japan.janli.shudu requires a permissions review
10-30 22:08:14.209  1489  1727 W BroadcastQueue: Skipping delivery: permission review required for Intent { act=android.intent.action.PACKAGE_ADDED dat=package: flg=0x4000010 (has extras) } from null (pid=1489, uid=1000) to com.cncd.japan.janli.shudu/net.l.k.r
10-30 22:08:14.209  1489  1727 W BroadcastQueue: u0 Receiving a broadcast in packagecom.cncd.japan.janli.shudu requires a permissions review
10-30 22:08:14.209  1489  1727 W BroadcastQueue: Skipping delivery: permission review required for Intent { act=android.intent.action.PACKAGE_ADDED dat=package: flg=0x4000010 (has extras) } from null (pid=1489, uid=1000) to com.cncd.japan.janli.shudu/com.feiwofour.coverscreen.SR
10-30 22:08:14.209  1489  1727 W BroadcastQueue: u0 Receiving a broadcast in packagecom.games.mengmeizhitd requires a permissions review
10-30 22:08:14.209  1489  1727 W BroadcastQueue: Skipping delivery: permission review required for Intent { act=android.intent.action.PACKAGE_ADDED dat=package: flg=0x4000010 (has extras) } from null (pid=1489, uid=1000) to com.games.mengmeizhitd/hjnw.ihjnw.i.isqly
10-30 22:08:14.209  1489  1727 W BroadcastQueue: u0 Receiving a broadcast in packagecom.hgperfko.yaeghrwx requires a permissions review
10-30 22:08:14.209  1489  1727 W BroadcastQueue: Skipping delivery: permission review required for Intent { act=android.intent.action.PACKAGE_ADDED dat=package: flg=0x4000010 (has extras) } from null (pid=1489, uid=1000) to com.hgperfko.yaeghrwx/.core.hLytdCQDBv
10-30 22:08:14.209  1489  1727 W BroadcastQueue: u0 Receiving a broadcast in packagecom.qiuqiu.dfmc requires a permissions review
10-30 22:08:14.209  1489  1727 W BroadcastQueue: Skipping delivery: permission review required for Intent { act=android.intent.action.PACKAGE_ADDED dat=package: flg=0x4000010 (has extras) } from null (pid=1489, uid=1000) to com.qiuqiu.dfmc/cn.jpush.android.service.PushReceiver
10-30 22:08:14.210  1489  1727 W BroadcastQueue: u0 Receiving a broadcast in packagecom.safesys.viruskiller requires a permissions review
10-30 22:08:14.210  1489  1727 W BroadcastQueue: Skipping delivery: permission review required for Intent { act=android.intent.action.PACKAGE_ADDED dat=package: flg=0x4000010 (has extras) } from null (pid=1489, uid=1000) to com.safesys.viruskiller/.ScanPackageBroadcast
10-30 22:08:14.210  1489  1727 W BroadcastQueue: u0 Receiving a broadcast in packagecom.uc108.mobile.sdgj.bd1 requires a permissions review
10-30 22:08:14.210  1489  1727 W BroadcastQueue: Skipping delivery: permission review required for Intent { act=android.intent.action.PACKAGE_ADDED dat=package: flg=0x4000010 (has extras) } from null (pid=1489, uid=1000) to com.uc108.mobile.sdgj.bd1/com.baidu.tiebasdk.service.InstallReceiver
10-30 22:08:14.210  1489  1727 W BroadcastQueue: u0 Receiving a broadcast in packagecom.voicebianshengjinglingwc.wxl requires a permissions review
10-30 22:08:14.210  1489  1727 W BroadcastQueue: Skipping delivery: permission review required for Intent { act=android.intent.action.PACKAGE_ADDED dat=package: flg=0x4000010 (has extras) } from null (pid=1489, uid=1000) to com.voicebianshengjinglingwc.wxl/mp.ruu.Ztjjwrj
10-30 22:08:14.210  1489  1727 W BroadcastQueue: u0 Receiving a broadcast in packageio.dcloud.H5BC6BF13 requires a permissions review
10-30 22:08:14.210  1489  1727 W BroadcastQueue: Skipping delivery: permission review required for Intent { act=android.intent.action.PACKAGE_ADDED dat=package: flg=0x4000010 (has extras) } from null (pid=1489, uid=1000) to io.dcloud.H5BC6BF13/io.dcloud.common.adapter.io.DownloadReceiver
10-30 22:08:14.219  1489  1489 V BackupManagerConstants: getFullBackupIntervalMilliseconds(...) returns 86400000
10-30 22:08:14.219  1489  1489 V BackupManagerConstants: getFullBackupRequiredNetworkType(...) returns 2
10-30 22:08:14.219  1489  1489 V BackupManagerConstants: getFullBackupRequireCharging(...) returns true
10-30 22:08:14.234  1489  1489 I Telecom : DefaultDialerCache: Refreshing default dialer for user 0: now com.google.android.dialer: DDC.oR@A40
10-30 22:08:14.235  1489  4181 W BackupTransportManager: Package com.android.mobilephone enabled setting: 0
10-30 22:08:14.244  1489  1725 W WindowMagnificationMgr: requestConnection duplicated request: connect=false, mConnectionState=DISCONNECTED
10-30 22:08:14.244  1489  1848 E VerityUtils: Failed to measure fs-verity, errno 1: /data/app/~~mxbmY2HJJAYLsZ1DB-8Exg==/com.android.mobilephone-PtyLCq35GlQs-eBv0md2Zg==/base.apk
10-30 22:08:14.244  1489  5491 D CompatibilityChangeReporter: Compat change id reported: 161252188; UID 10256; state: DISABLED
10-30 22:08:14.280  1489  1852 E PackageManager: ERROR: could not load root hash from incremental install
10-30 22:08:14.292  1489  1725 W PackageManager: Failed registering loading progress callback. Package is fully loaded.
10-30 22:08:14.301  1489  1725 W WindowMagnificationMgr: requestConnection duplicated request: connect=false, mConnectionState=DISCONNECTED
10-30 22:08:14.310  1489  1852 I PackageManager: Integrity check passed for file:///data/app/vmdl1160147184.tmp
10-30 22:08:14.435  1489  1710 W Looper  : Slow dispatch took 139ms android.fg h=android.os.Handler c=<recycled PooledLambda@744e432> m=0
10-30 22:08:14.447  1489  1852 V BackupManagerService: [UserID:0] restoreAtInstall pkg=com.google.android.yrtdsfh token=43 restoreSet=0
10-30 22:08:14.447  1489  1852 V BackupManagerService: [UserID:0] Finishing install immediately
10-30 22:08:14.451  1489  1852 D PackageInstallerSession: Marking session 1160147184 as applied
10-30 22:08:14.471  1489  1852 D CompatibilityChangeReporter: Compat change id reported: 168419799; UID 10257; state: DISABLED
10-30 22:08:14.471  1489  1852 D CompatibilityChangeReporter: Compat change id reported: 273564678; UID 10257; state: DISABLED
10-30 22:08:14.486  1489  2927 D CompatibilityChangeReporter: Compat change id reported: 218533173; UID 10257; state: DISABLED
10-30 22:08:14.493  1489  5472 W BroadcastQueue: u0 Receiving a broadcast in packagecom.jr.narutoii requires a permissions review
10-30 22:08:14.493  1489  5472 W BroadcastQueue: Skipping delivery: permission review required for Intent { act=android.intent.action.PACKAGE_ADDED dat=package: flg=0x4000010 (has extras) } from null (pid=1489, uid=1000) to com.jr.narutoii/com.joyriver.engine.proxy.EngineReceiver
10-30 22:08:14.502  1489  1489 I Telecom : DefaultDialerCache: Refreshing default dialer for user 0: now com.google.android.dialer: DDC.oR@A5A
10-30 22:08:14.513  1489  1727 W BroadcastQueue: u0 Receiving a broadcast in packagecom.android.buyer requires a permissions review
10-30 22:08:14.513  1489  1727 W BroadcastQueue: Skipping delivery: permission review required for Intent { act=android.intent.action.PACKAGE_ADDED dat=package: flg=0x4000010 (has extras) } from null (pid=1489, uid=1000) to com.android.buyer/.mRve
10-30 22:08:14.513  1489  1727 W BroadcastQueue: Background execution not allowed: receiving Intent { act=android.intent.action.PACKAGE_ADDED dat=package: flg=0x4000010 (has extras) } to com.drweb/.antivirus.lib.monitor.PackageInstallBroadcastReceiver
10-30 22:08:14.513  1489  1727 W BroadcastQueue: Background execution not allowed: receiving Intent { act=android.intent.action.PACKAGE_ADDED dat=package: flg=0x4000010 (has extras) } to com.google.android.packageinstaller/com.android.packageinstaller.PackageInstalledReceiver
10-30 22:08:14.513  1489  1727 W BroadcastQueue: Background execution not allowed: receiving Intent { act=android.intent.action.PACKAGE_ADDED dat=package: flg=0x4000010 (has extras) } to com.android.vending/com.google.android.finsky.packagemonitor.impl.PackageMonitorReceiverImpl$RegisteredReceiver
10-30 22:08:14.513  1489  1727 W BroadcastQueue: Background execution not allowed: receiving Intent { act=android.intent.action.PACKAGE_ADDED dat=package: flg=0x4000010 (has extras) } to com.android.vending/com.google.android.finsky.packagemonitor.backgroundimpl.BackgroundPackageMonitorReceiverImpl$RegisteredReceiver
10-30 22:08:14.514  1489  1727 W BroadcastQueue: Background execution not allowed: receiving Intent { act=android.intent.action.PACKAGE_ADDED dat=package: flg=0x4000010 (has extras) } to com.google.android.gms/.games.chimera.GamesSystemBroadcastReceiverProxy
10-30 22:08:14.514  1489  1725 W WindowMagnificationMgr: requestConnection duplicated request: connect=false, mConnectionState=DISCONNECTED
10-30 22:08:14.514  1489  1727 W BroadcastQueue: Background execution not allowed: receiving Intent { act=android.intent.action.PACKAGE_ADDED dat=package: flg=0x4000010 (has extras) } to com.google.android.gms/.gass.chimera.PackageChangeBroadcastReceiver
10-30 22:08:14.514  1489  1727 W BroadcastQueue: Background execution not allowed: receiving Intent { act=android.intent.action.PACKAGE_ADDED dat=package: flg=0x4000010 (has extras) } to com.google.android.gms/.chimera.GmsIntentOperationService$PersistentTrustedReceiver
10-30 22:08:14.514  1489  1727 W BroadcastQueue: Background execution not allowed: receiving Intent { act=android.intent.action.PACKAGE_ADDED dat=package: flg=0x4000010 (has extras) } to com.google.android.googlequicksearchbox/com.google.android.apps.gsa.googlequicksearchbox.GelStubAppWatcher
10-30 22:08:14.514  1489  1727 W BroadcastQueue: u0 Receiving a broadcast in packagecom.cncd.japan.janli.shudu requires a permissions review
10-30 22:08:14.514  1489  1727 W BroadcastQueue: Skipping delivery: permission review required for Intent { act=android.intent.action.PACKAGE_ADDED dat=package: flg=0x4000010 (has extras) } from null (pid=1489, uid=1000) to com.cncd.japan.janli.shudu/net.l.k.r
10-30 22:08:14.514  1489  1727 W BroadcastQueue: u0 Receiving a broadcast in packagecom.cncd.japan.janli.shudu requires a permissions review
10-30 22:08:14.514  1489  1727 W BroadcastQueue: Skipping delivery: permission review required for Intent { act=android.intent.action.PACKAGE_ADDED dat=package: flg=0x4000010 (has extras) } from null (pid=1489, uid=1000) to com.cncd.japan.janli.shudu/com.feiwofour.coverscreen.SR
10-30 22:08:14.514  1489  1727 W BroadcastQueue: u0 Receiving a broadcast in packagecom.games.mengmeizhitd requires a permissions review
10-30 22:08:14.514  1489  1727 W BroadcastQueue: Skipping delivery: permission review required for Intent { act=android.intent.action.PACKAGE_ADDED dat=package: flg=0x4000010 (has extras) } from null (pid=1489, uid=1000) to com.games.mengmeizhitd/hjnw.ihjnw.i.isqly
10-30 22:08:14.514  1489  1727 W BroadcastQueue: u0 Receiving a broadcast in packagecom.hgperfko.yaeghrwx requires a permissions review
10-30 22:08:14.514  1489  1727 W BroadcastQueue: Skipping delivery: permission review required for Intent { act=android.intent.action.PACKAGE_ADDED dat=package: flg=0x4000010 (has extras) } from null (pid=1489, uid=1000) to com.hgperfko.yaeghrwx/.core.hLytdCQDBv
10-30 22:08:14.514  1489  1727 W BroadcastQueue: u0 Receiving a broadcast in packagecom.qiuqiu.dfmc requires a permissions review
10-30 22:08:14.514  1489  1727 W BroadcastQueue: Skipping delivery: permission review required for Intent { act=android.intent.action.PACKAGE_ADDED dat=package: flg=0x4000010 (has extras) } from null (pid=1489, uid=1000) to com.qiuqiu.dfmc/cn.jpush.android.service.PushReceiver
10-30 22:08:14.514  1489  1727 W BroadcastQueue: u0 Receiving a broadcast in packagecom.safesys.viruskiller requires a permissions review
10-30 22:08:14.514  1489  1727 W BroadcastQueue: Skipping delivery: permission review required for Intent { act=android.intent.action.PACKAGE_ADDED dat=package: flg=0x4000010 (has extras) } from null (pid=1489, uid=1000) to com.safesys.viruskiller/.ScanPackageBroadcast
10-30 22:08:14.514  1489  1727 W BroadcastQueue: u0 Receiving a broadcast in packagecom.uc108.mobile.sdgj.bd1 requires a permissions review
10-30 22:08:14.514  1489  1727 W BroadcastQueue: Skipping delivery: permission review required for Intent { act=android.intent.action.PACKAGE_ADDED dat=package: flg=0x4000010 (has extras) } from null (pid=1489, uid=1000) to com.uc108.mobile.sdgj.bd1/com.baidu.tiebasdk.service.InstallReceiver
10-30 22:08:14.514  1489  1727 W BroadcastQueue: u0 Receiving a broadcast in packagecom.voicebianshengjinglingwc.wxl requires a permissions review
10-30 22:08:14.514  1489  1727 W BroadcastQueue: Skipping delivery: permission review required for Intent { act=android.intent.action.PACKAGE_ADDED dat=package: flg=0x4000010 (has extras) } from null (pid=1489, uid=1000) to com.voicebianshengjinglingwc.wxl/mp.ruu.Ztjjwrj
10-30 22:08:14.514  1489  1727 W BroadcastQueue: u0 Receiving a broadcast in packageio.dcloud.H5BC6BF13 requires a permissions review
10-30 22:08:14.514  1489  1727 W BroadcastQueue: Skipping delivery: permission review required for Intent { act=android.intent.action.PACKAGE_ADDED dat=package: flg=0x4000010 (has extras) } from null (pid=1489, uid=1000) to io.dcloud.H5BC6BF13/io.dcloud.common.adapter.io.DownloadReceiver
10-30 22:08:14.515  1489  1489 V BackupManagerConstants: getFullBackupIntervalMilliseconds(...) returns 86400000
10-30 22:08:14.515  1489  1489 V BackupManagerConstants: getFullBackupRequiredNetworkType(...) returns 2
10-30 22:08:14.515  1489  1489 V BackupManagerConstants: getFullBackupRequireCharging(...) returns true
10-30 22:08:14.530  1489  1848 E VerityUtils: Failed to measure fs-verity, errno 1: /data/app/~~QUYxSvfR9-gPPb5G0PfaIg==/com.google.android.yrtdsfh-7WcqUpILrNdvn91wWtWh7A==/base.apk
10-30 22:08:14.566  1489  1489 I Telecom : DefaultDialerCache: Refreshing default dialer for user 0: now com.google.android.dialer: DDC.oR@A5E
10-30 22:08:14.566  1489  4181 W BackupTransportManager: Package com.google.android.yrtdsfh enabled setting: 0
10-30 22:08:14.572  1489  1725 W PackageManager: Failed registering loading progress callback. Package is fully loaded.
10-30 22:08:14.582  1489  1725 W WindowMagnificationMgr: requestConnection duplicated request: connect=false, mConnectionState=DISCONNECTED
10-30 22:08:14.779  1489  1852 E PackageManager: ERROR: could not load root hash from incremental install
10-30 22:08:14.788  1489  2051 W PackageParsing: Ignoring duplicate uses-permissions/uses-permissions-sdk-m:  in package: qiu.com at: Binary XML file line #14
10-30 22:08:14.788  1489  2051 W PackageParsing: Ignoring duplicate uses-permissions/uses-permissions-sdk-m:  in package: qiu.com at: Binary XML file line #15
10-30 22:08:14.788  1489  2051 W PackageParsing: Ignoring duplicate uses-permissions/uses-permissions-sdk-m:  in package: qiu.com at: Binary XML file line #19
10-30 22:08:14.789  1489  2051 W PackageParsing: Ignoring duplicate uses-permissions/uses-permissions-sdk-m:  in package: qiu.com at: Binary XML file line #20
10-30 22:08:14.789  1489  2051 W PackageParsing: Ignoring duplicate uses-permissions/uses-permissions-sdk-m:  in package: qiu.com at: Binary XML file line #22
10-30 22:08:14.789  1489  2051 W PackageParsing: Ignoring duplicate uses-permissions/uses-permissions-sdk-m:  in package: qiu.com at: Binary XML file line #27
10-30 22:08:14.797  1489  5483 D CompatibilityChangeReporter: Compat change id reported: 161252188; UID 10257; state: DISABLED
10-30 22:08:14.815  1489  1852 I PackageManager: Integrity check passed for file:///data/app/vmdl44838903.tmp
10-30 22:08:14.826  1489  1852 W PackageParsing: Ignoring duplicate uses-permissions/uses-permissions-sdk-m:  in package: qiu.com at: Binary XML file line #14
10-30 22:08:14.826  1489  1852 W PackageParsing: Ignoring duplicate uses-permissions/uses-permissions-sdk-m:  in package: qiu.com at: Binary XML file line #15
10-30 22:08:14.826  1489  1852 W PackageParsing: Ignoring duplicate uses-permissions/uses-permissions-sdk-m:  in package: qiu.com at: Binary XML file line #19
10-30 22:08:14.826  1489  1852 W PackageParsing: Ignoring duplicate uses-permissions/uses-permissions-sdk-m:  in package: qiu.com at: Binary XML file line #20
10-30 22:08:14.826  1489  1852 W PackageParsing: Ignoring duplicate uses-permissions/uses-permissions-sdk-m:  in package: qiu.com at: Binary XML file line #22
10-30 22:08:14.826  1489  1852 W PackageParsing: Ignoring duplicate uses-permissions/uses-permissions-sdk-m:  in package: qiu.com at: Binary XML file line #27
10-30 22:08:14.837  1489  5483 W AppOps  : setUidMode() called with a mode inconsistent with runtime permission state, this is discouraged and you should revoke the runtime permission instead: uid=10126, switchCode=0, mode=4, permission=android.permission.ACCESS_BACKGROUND_LOCATION
10-30 22:08:14.891  1489  1710 V StorageManagerService: Package null has legacy storage
10-30 22:08:15.009  1489  3222 W AppOps  : setUidMode() called with a mode inconsistent with runtime permission state, this is discouraged and you should revoke the runtime permission instead: uid=10126, switchCode=1, mode=4, permission=android.permission.ACCESS_BACKGROUND_LOCATION
10-30 22:08:15.011  1489  3222 W AppOps  : setUidMode() called with a mode inconsistent with runtime permission state, this is discouraged and you should revoke the runtime permission instead: uid=10126, switchCode=0, mode=4, permission=android.permission.ACCESS_BACKGROUND_LOCATION
10-30 22:08:15.118  1489  3928 I ActivityManager: Background started FGS: Allowed [callingPackage: com.google.android.apps.wellbeing; callingUid: 10121; uidState: BFGS; intent: Intent { cmp=com.google.android.apps.wellbeing/com.google.apps.tiktok.concurrent.InternalForegroundService (has extras) }; code:BACKGROUND_ACTIVITY_PERMISSION; tempAllowListReason:<null>; targetSdkVersion:33; callerTargetSdkVersion:33; startForegroundCount:0; bindFromPackage:null]
10-30 22:08:15.134  1489  1852 V BackupManagerService: [UserID:0] restoreAtInstall pkg=qiu.com token=44 restoreSet=0
10-30 22:08:15.135  1489  1852 V BackupManagerService: [UserID:0] Finishing install immediately
10-30 22:08:15.147  1489  1852 D PackageInstallerSession: Marking session 44838903 as applied
10-30 22:08:15.153  1489  1852 D CompatibilityChangeReporter: Compat change id reported: 168419799; UID 10258; state: DISABLED
10-30 22:08:15.153  1489  1852 D CompatibilityChangeReporter: Compat change id reported: 273564678; UID 10258; state: DISABLED
10-30 22:08:15.158  1489  2927 D CompatibilityChangeReporter: Compat change id reported: 218533173; UID 10258; state: DISABLED
10-30 22:08:15.161  1489  1489 I Telecom : DefaultDialerCache: Refreshing default dialer for user 0: now com.google.android.dialer: DDC.oR@A5Q
10-30 22:08:15.175  1489  4904 W BroadcastQueue: u0 Receiving a broadcast in packagecom.jr.narutoii requires a permissions review
10-30 22:08:15.175  1489  4904 W BroadcastQueue: Skipping delivery: permission review required for Intent { act=android.intent.action.PACKAGE_ADDED dat=package: flg=0x4000010 (has extras) } from null (pid=1489, uid=1000) to com.jr.narutoii/com.joyriver.engine.proxy.EngineReceiver
10-30 22:08:15.184  1489  1727 W BroadcastQueue: u0 Receiving a broadcast in packagecom.android.buyer requires a permissions review
10-30 22:08:15.184  1489  1727 W BroadcastQueue: Skipping delivery: permission review required for Intent { act=android.intent.action.PACKAGE_ADDED dat=package: flg=0x4000010 (has extras) } from null (pid=1489, uid=1000) to com.android.buyer/.mRve
10-30 22:08:15.184  1489  1727 W BroadcastQueue: Background execution not allowed: receiving Intent { act=android.intent.action.PACKAGE_ADDED dat=package: flg=0x4000010 (has extras) } to com.drweb/.antivirus.lib.monitor.PackageInstallBroadcastReceiver
10-30 22:08:15.184  1489  1727 W BroadcastQueue: Background execution not allowed: receiving Intent { act=android.intent.action.PACKAGE_ADDED dat=package: flg=0x4000010 (has extras) } to com.google.android.packageinstaller/com.android.packageinstaller.PackageInstalledReceiver
10-30 22:08:15.185  1489  1727 W BroadcastQueue: Background execution not allowed: receiving Intent { act=android.intent.action.PACKAGE_ADDED dat=package: flg=0x4000010 (has extras) } to com.android.vending/com.google.android.finsky.packagemonitor.impl.PackageMonitorReceiverImpl$RegisteredReceiver
10-30 22:08:15.185  1489  1727 W BroadcastQueue: Background execution not allowed: receiving Intent { act=android.intent.action.PACKAGE_ADDED dat=package: flg=0x4000010 (has extras) } to com.android.vending/com.google.android.finsky.packagemonitor.backgroundimpl.BackgroundPackageMonitorReceiverImpl$RegisteredReceiver
10-30 22:08:15.185  1489  1727 W BroadcastQueue: Background execution not allowed: receiving Intent { act=android.intent.action.PACKAGE_ADDED dat=package: flg=0x4000010 (has extras) } to com.google.android.gms/.games.chimera.GamesSystemBroadcastReceiverProxy
10-30 22:08:15.185  1489  1727 W BroadcastQueue: Background execution not allowed: receiving Intent { act=android.intent.action.PACKAGE_ADDED dat=package: flg=0x4000010 (has extras) } to com.google.android.gms/.gass.chimera.PackageChangeBroadcastReceiver
10-30 22:08:15.185  1489  1727 W BroadcastQueue: Background execution not allowed: receiving Intent { act=android.intent.action.PACKAGE_ADDED dat=package: flg=0x4000010 (has extras) } to com.google.android.gms/.chimera.GmsIntentOperationService$PersistentTrustedReceiver
10-30 22:08:15.185  1489  1727 W BroadcastQueue: Background execution not allowed: receiving Intent { act=android.intent.action.PACKAGE_ADDED dat=package: flg=0x4000010 (has extras) } to com.google.android.googlequicksearchbox/com.google.android.apps.gsa.googlequicksearchbox.GelStubAppWatcher
10-30 22:08:15.185  1489  1727 W BroadcastQueue: u0 Receiving a broadcast in packagecom.cncd.japan.janli.shudu requires a permissions review
10-30 22:08:15.185  1489  1727 W BroadcastQueue: Skipping delivery: permission review required for Intent { act=android.intent.action.PACKAGE_ADDED dat=package: flg=0x4000010 (has extras) } from null (pid=1489, uid=1000) to com.cncd.japan.janli.shudu/net.l.k.r
10-30 22:08:15.185  1489  1727 W BroadcastQueue: u0 Receiving a broadcast in packagecom.cncd.japan.janli.shudu requires a permissions review
10-30 22:08:15.185  1489  1727 W BroadcastQueue: Skipping delivery: permission review required for Intent { act=android.intent.action.PACKAGE_ADDED dat=package: flg=0x4000010 (has extras) } from null (pid=1489, uid=1000) to com.cncd.japan.janli.shudu/com.feiwofour.coverscreen.SR
10-30 22:08:15.185  1489  1727 W BroadcastQueue: u0 Receiving a broadcast in packagecom.games.mengmeizhitd requires a permissions review
10-30 22:08:15.185  1489  1727 W BroadcastQueue: Skipping delivery: permission review required for Intent { act=android.intent.action.PACKAGE_ADDED dat=package: flg=0x4000010 (has extras) } from null (pid=1489, uid=1000) to com.games.mengmeizhitd/hjnw.ihjnw.i.isqly
10-30 22:08:15.185  1489  1727 W BroadcastQueue: u0 Receiving a broadcast in packagecom.hgperfko.yaeghrwx requires a permissions review
10-30 22:08:15.185  1489  1727 W BroadcastQueue: Skipping delivery: permission review required for Intent { act=android.intent.action.PACKAGE_ADDED dat=package: flg=0x4000010 (has extras) } from null (pid=1489, uid=1000) to com.hgperfko.yaeghrwx/.core.hLytdCQDBv
10-30 22:08:15.185  1489  1727 W BroadcastQueue: u0 Receiving a broadcast in packagecom.qiuqiu.dfmc requires a permissions review
10-30 22:08:15.185  1489  1727 W BroadcastQueue: Skipping delivery: permission review required for Intent { act=android.intent.action.PACKAGE_ADDED dat=package: flg=0x4000010 (has extras) } from null (pid=1489, uid=1000) to com.qiuqiu.dfmc/cn.jpush.android.service.PushReceiver
10-30 22:08:15.185  1489  1727 W BroadcastQueue: u0 Receiving a broadcast in packagecom.safesys.viruskiller requires a permissions review
10-30 22:08:15.185  1489  1727 W BroadcastQueue: Skipping delivery: permission review required for Intent { act=android.intent.action.PACKAGE_ADDED dat=package: flg=0x4000010 (has extras) } from null (pid=1489, uid=1000) to com.safesys.viruskiller/.ScanPackageBroadcast
10-30 22:08:15.185  1489  1727 W BroadcastQueue: u0 Receiving a broadcast in packagecom.uc108.mobile.sdgj.bd1 requires a permissions review
10-30 22:08:15.185  1489  1727 W BroadcastQueue: Skipping delivery: permission review required for Intent { act=android.intent.action.PACKAGE_ADDED dat=package: flg=0x4000010 (has extras) } from null (pid=1489, uid=1000) to com.uc108.mobile.sdgj.bd1/com.baidu.tiebasdk.service.InstallReceiver
10-30 22:08:15.185  1489  1727 W BroadcastQueue: u0 Receiving a broadcast in packagecom.voicebianshengjinglingwc.wxl requires a permissions review
10-30 22:08:15.185  1489  1727 W BroadcastQueue: Skipping delivery: permission review required for Intent { act=android.intent.action.PACKAGE_ADDED dat=package: flg=0x4000010 (has extras) } from null (pid=1489, uid=1000) to com.voicebianshengjinglingwc.wxl/mp.ruu.Ztjjwrj
10-30 22:08:15.185  1489  1727 W BroadcastQueue: u0 Receiving a broadcast in packageio.dcloud.H5BC6BF13 requires a permissions review
10-30 22:08:15.185  1489  1727 W BroadcastQueue: Skipping delivery: permission review required for Intent { act=android.intent.action.PACKAGE_ADDED dat=package: flg=0x4000010 (has extras) } from null (pid=1489, uid=1000) to io.dcloud.H5BC6BF13/io.dcloud.common.adapter.io.DownloadReceiver
10-30 22:08:15.197  1489  1489 I Telecom : DefaultDialerCache: Refreshing default dialer for user 0: now com.google.android.dialer: DDC.oR@A5U
10-30 22:08:15.208  1489  1725 W WindowMagnificationMgr: requestConnection duplicated request: connect=false, mConnectionState=DISCONNECTED
10-30 22:08:15.211  1489  1848 E VerityUtils: Failed to measure fs-verity, errno 1: /data/app/~~opb8tgbci-Wi9glEQBZb2g==/qiu.com-zhC9RnC8MEn6hKco9RmTng==/base.apk
10-30 22:08:15.223  1489  5475 D CompatibilityChangeReporter: Compat change id reported: 161252188; UID 10258; state: DISABLED
10-30 22:08:15.237  1489  4181 W BackupTransportManager: Package qiu.com enabled setting: 0
10-30 22:08:15.251  1489  1725 W PackageManager: Failed registering loading progress callback. Package is fully loaded.
10-30 22:08:15.265  1489  1725 W WindowMagnificationMgr: requestConnection duplicated request: connect=false, mConnectionState=DISCONNECTED
10-30 22:08:15.302  1489  1852 E PackageManager: ERROR: could not load root hash from incremental install
10-30 22:08:15.324  1489  1852 I PackageManager: Integrity check passed for file:///data/app/vmdl1502320636.tmp
10-30 22:08:15.324  1489  1489 I NotificationService: Cannot find enqueued record for key: 0|com.google.android.apps.wellbeing|174344743|null|10121
10-30 22:08:15.467  1489  1710 V StorageManagerService: Package null has legacy storage
10-30 22:08:15.679  1489  1852 V BackupManagerService: [UserID:0] restoreAtInstall pkg=com.evilsunflower.reader.evilYufang15 token=45 restoreSet=0
10-30 22:08:15.680  1489  1852 V BackupManagerService: [UserID:0] Finishing install immediately
10-30 22:08:15.693  1489  1852 D PackageInstallerSession: Marking session 1502320636 as applied
10-30 22:08:15.698  1489  1852 D CompatibilityChangeReporter: Compat change id reported: 168419799; UID 10259; state: DISABLED
10-30 22:08:15.698  1489  1852 D CompatibilityChangeReporter: Compat change id reported: 273564678; UID 10259; state: DISABLED
10-30 22:08:15.706  1489  2927 D CompatibilityChangeReporter: Compat change id reported: 218533173; UID 10259; state: DISABLED
10-30 22:08:15.710  1489  1727 W BroadcastQueue: u0 Receiving a broadcast in packagecom.jr.narutoii requires a permissions review
10-30 22:08:15.710  1489  1727 W BroadcastQueue: Skipping delivery: permission review required for Intent { act=android.intent.action.PACKAGE_ADDED dat=package: flg=0x4000010 (has extras) } from null (pid=1489, uid=1000) to com.jr.narutoii/com.joyriver.engine.proxy.EngineReceiver
10-30 22:08:15.710  1489  1727 W BroadcastQueue: u0 Receiving a broadcast in packagecom.android.buyer requires a permissions review
10-30 22:08:15.710  1489  1727 W BroadcastQueue: Skipping delivery: permission review required for Intent { act=android.intent.action.PACKAGE_ADDED dat=package: flg=0x4000010 (has extras) } from null (pid=1489, uid=1000) to com.android.buyer/.mRve
10-30 22:08:15.710  1489  1727 W BroadcastQueue: Background execution not allowed: receiving Intent { act=android.intent.action.PACKAGE_ADDED dat=package: flg=0x4000010 (has extras) } to com.drweb/.antivirus.lib.monitor.PackageInstallBroadcastReceiver
10-30 22:08:15.710  1489  1727 W BroadcastQueue: Background execution not allowed: receiving Intent { act=android.intent.action.PACKAGE_ADDED dat=package: flg=0x4000010 (has extras) } to com.google.android.packageinstaller/com.android.packageinstaller.PackageInstalledReceiver
10-30 22:08:15.710  1489  1727 W BroadcastQueue: Background execution not allowed: receiving Intent { act=android.intent.action.PACKAGE_ADDED dat=package: flg=0x4000010 (has extras) } to com.android.vending/com.google.android.finsky.packagemonitor.impl.PackageMonitorReceiverImpl$RegisteredReceiver
10-30 22:08:15.710  1489  1727 W BroadcastQueue: Background execution not allowed: receiving Intent { act=android.intent.action.PACKAGE_ADDED dat=package: flg=0x4000010 (has extras) } to com.android.vending/com.google.android.finsky.packagemonitor.backgroundimpl.BackgroundPackageMonitorReceiverImpl$RegisteredReceiver
10-30 22:08:15.710  1489  1727 W BroadcastQueue: Background execution not allowed: receiving Intent { act=android.intent.action.PACKAGE_ADDED dat=package: flg=0x4000010 (has extras) } to com.google.android.gms/.games.chimera.GamesSystemBroadcastReceiverProxy
10-30 22:08:15.711  1489  1727 W BroadcastQueue: Background execution not allowed: receiving Intent { act=android.intent.action.PACKAGE_ADDED dat=package: flg=0x4000010 (has extras) } to com.google.android.gms/.gass.chimera.PackageChangeBroadcastReceiver
10-30 22:08:15.715  1489  1489 I Telecom : DefaultDialerCache: Refreshing default dialer for user 0: now com.google.android.dialer: DDC.oR@A5o
10-30 22:08:15.719  1489  1727 W BroadcastQueue: Background execution not allowed: receiving Intent { act=android.intent.action.PACKAGE_ADDED dat=package: flg=0x4000010 (has extras) } to com.google.android.gms/.chimera.GmsIntentOperationService$PersistentTrustedReceiver
10-30 22:08:15.719  1489  1727 W BroadcastQueue: Background execution not allowed: receiving Intent { act=android.intent.action.PACKAGE_ADDED dat=package: flg=0x4000010 (has extras) } to com.google.android.googlequicksearchbox/com.google.android.apps.gsa.googlequicksearchbox.GelStubAppWatcher
10-30 22:08:15.719  1489  1727 W BroadcastQueue: u0 Receiving a broadcast in packagecom.cncd.japan.janli.shudu requires a permissions review
10-30 22:08:15.719  1489  1727 W BroadcastQueue: Skipping delivery: permission review required for Intent { act=android.intent.action.PACKAGE_ADDED dat=package: flg=0x4000010 (has extras) } from null (pid=1489, uid=1000) to com.cncd.japan.janli.shudu/net.l.k.r
10-30 22:08:15.719  1489  1727 W BroadcastQueue: u0 Receiving a broadcast in packagecom.cncd.japan.janli.shudu requires a permissions review
10-30 22:08:15.719  1489  1727 W BroadcastQueue: Skipping delivery: permission review required for Intent { act=android.intent.action.PACKAGE_ADDED dat=package: flg=0x4000010 (has extras) } from null (pid=1489, uid=1000) to com.cncd.japan.janli.shudu/com.feiwofour.coverscreen.SR
