--------- beginning of system
10-30 23:43:25.375  1453  1700 W BroadcastQueue: Background execution not allowed: receiving Intent { act=android.intent.action.PACKAGE_ADDED dat=package: flg=0x4000010 (has extras) } to com.guardian.security.pri/com.la.da.BroadcastReceiver
10-30 23:43:25.383  1453  1453 I Telecom : DefaultDialerCache: Refreshing default dialer for user 0: now com.google.android.dialer: DDC.oR@A1M
10-30 23:43:25.399  1453  1699 W WindowMagnificationMgr: requestConnection duplicated request: connect=false, mConnectionState=DISCONNECTED
10-30 23:43:25.401  1453  1700 W BroadcastQueue: u0 Receiving a broadcast in packagecom.qiuqiu.dfmc requires a permissions review
10-30 23:43:25.401  1453  1700 W BroadcastQueue: Skipping delivery: permission review required for Intent { act=android.intent.action.PACKAGE_ADDED dat=package: flg=0x4000010 (has extras) } from null (pid=1453, uid=1000) to com.qiuqiu.dfmc/cn.jpush.android.service.PushReceiver
10-30 23:43:25.402  1453  1700 W BroadcastQueue: u0 Receiving a broadcast in packagecom.safesys.viruskiller requires a permissions review
10-30 23:43:25.402  1453  1700 W BroadcastQueue: Skipping delivery: permission review required for Intent { act=android.intent.action.PACKAGE_ADDED dat=package: flg=0x4000010 (has extras) } from null (pid=1453, uid=1000) to com.safesys.viruskiller/.ScanPackageBroadcast
10-30 23:43:25.402  1453  1700 W BroadcastQueue: u0 Receiving a broadcast in packagecom.uc108.mobile.sdgj.bd1 requires a permissions review
10-30 23:43:25.402  1453  1700 W BroadcastQueue: Skipping delivery: permission review required for Intent { act=android.intent.action.PACKAGE_ADDED dat=package: flg=0x4000010 (has extras) } from null (pid=1453, uid=1000) to com.uc108.mobile.sdgj.bd1/com.baidu.tiebasdk.service.InstallReceiver
10-30 23:43:25.402  1453  1700 W BroadcastQueue: u0 Receiving a broadcast in packageio.dcloud.H5BC6BF13 requires a permissions review
10-30 23:43:25.402  1453  1700 W BroadcastQueue: Skipping delivery: permission review required for Intent { act=android.intent.action.PACKAGE_ADDED dat=package: flg=0x4000010 (has extras) } from null (pid=1453, uid=1000) to io.dcloud.H5BC6BF13/io.dcloud.common.adapter.io.DownloadReceiver
10-30 23:43:25.412  1453  1453 V BackupManagerConstants: getFullBackupIntervalMilliseconds(...) returns 86400000
10-30 23:43:25.412  1453  1453 V BackupManagerConstants: getFullBackupRequiredNetworkType(...) returns 2
10-30 23:43:25.413  1453  1453 V BackupManagerConstants: getFullBackupRequireCharging(...) returns true
10-30 23:43:25.424  1453  5537 D CompatibilityChangeReporter: Compat change id reported: 161252188; UID 10234; state: DISABLED
10-30 23:43:25.432  1453  1841 E VerityUtils: Failed to measure fs-verity, errno 1: /data/app/~~HKOH7cY7SLZguDyHKpFJQg==/com.ying.hzblhj-lnGnDpceZqrEb9X_C-CvGA==/base.apk
10-30 23:43:25.454  1453  1845 E PackageManager: ERROR: could not load root hash from incremental install
10-30 23:43:25.462  1453  1845 I PackageManager: Integrity check passed for file:///data/app/vmdl2052060655.tmp
10-30 23:43:25.463  1453  1453 I Telecom : DefaultDialerCache: Refreshing default dialer for user 0: now com.google.android.dialer: DDC.oR@A1Y
10-30 23:43:25.463  1453  4161 W BackupTransportManager: Package com.ying.hzblhj enabled setting: 0
10-30 23:43:25.482  1453  1699 W PackageManager: Failed registering loading progress callback. Package is fully loaded.
10-30 23:43:25.489  1453  1699 W WindowMagnificationMgr: requestConnection duplicated request: connect=false, mConnectionState=DISCONNECTED
10-30 23:43:25.512  1453  5541 W AppOps  : setUidMode() called with a mode inconsistent with runtime permission state, this is discouraged and you should revoke the runtime permission instead: uid=10125, switchCode=1, mode=4, permission=android.permission.ACCESS_BACKGROUND_LOCATION
10-30 23:43:25.514  1453  5530 W AppOps  : setUidMode() called with a mode inconsistent with runtime permission state, this is discouraged and you should revoke the runtime permission instead: uid=10125, switchCode=0, mode=4, permission=android.permission.ACCESS_BACKGROUND_LOCATION
10-30 23:43:25.610  1453  1845 I PackageManager: Permission ownership changed. Updating all permissions.
10-30 23:43:25.733  1453  3204 W NotificationService: RemoteViews too large on pkg: com.guardian.security.pri tag: null id: 132510 this might be stripped in a future release
10-30 23:43:25.734  1453  3204 W NotificationService: RemoteViews too large on pkg: com.guardian.security.pri tag: null id: 132510 this might be stripped in a future release
10-30 23:43:25.734  1453  3204 W NotificationService: RemoteViews too large on pkg: com.guardian.security.pri tag: null id: 132510 this might be stripped in a future release
10-30 23:43:25.849  1453  1681 V StorageManagerService: Package null has legacy storage
10-30 23:43:25.943  1453  1453 E NotificationService: Muting recently noisy 0|com.guardian.security.pri|132510|null|10194
10-30 23:43:25.964  1453  2983 I ActivityManager: Background started FGS: Allowed [callingPackage: com.google.android.apps.wellbeing; callingUid: 10121; uidState: BFGS; intent: Intent { cmp=com.google.android.apps.wellbeing/com.google.apps.tiktok.concurrent.InternalForegroundService (has extras) }; code:BACKGROUND_ACTIVITY_PERMISSION; tempAllowListReason:<null>; targetSdkVersion:33; callerTargetSdkVersion:33; startForegroundCount:0; bindFromPackage:null]
10-30 23:43:26.010  1453  1845 V BackupManagerService: [UserID:0] restoreAtInstall pkg=com.hgperfko.yaeghrwx token=2d restoreSet=0
10-30 23:43:26.011  1453  1845 V BackupManagerService: [UserID:0] Finishing install immediately
10-30 23:43:26.014  1453  1845 D PackageInstallerSession: Marking session 2052060655 as applied
10-30 23:43:26.019  1453  1845 D CompatibilityChangeReporter: Compat change id reported: 168419799; UID 10235; state: DISABLED
10-30 23:43:26.020  1453  1845 D CompatibilityChangeReporter: Compat change id reported: 273564678; UID 10235; state: DISABLED
10-30 23:43:26.022  1453  2914 D CompatibilityChangeReporter: Compat change id reported: 218533173; UID 10235; state: DISABLED
10-30 23:43:26.024  1453  2008 W BroadcastQueue: u0 Receiving a broadcast in packagecom.android.buyer requires a permissions review
10-30 23:43:26.024  1453  2008 W BroadcastQueue: Skipping delivery: permission review required for Intent { act=android.intent.action.PACKAGE_ADDED dat=package: flg=0x4000010 (has extras) } from null (pid=1453, uid=1000) to com.android.buyer/.mRve
10-30 23:43:26.030  1453  1453 I Telecom : DefaultDialerCache: Refreshing default dialer for user 0: now com.google.android.dialer: DDC.oR@A1k
10-30 23:43:26.033  1453  1700 W BroadcastQueue: Background execution not allowed: receiving Intent { act=android.intent.action.PACKAGE_ADDED dat=package: flg=0x4000010 (has extras) } to com.google.android.packageinstaller/com.android.packageinstaller.PackageInstalledReceiver
10-30 23:43:26.033  1453  1700 W BroadcastQueue: Background execution not allowed: receiving Intent { act=android.intent.action.PACKAGE_ADDED dat=package: flg=0x4000010 (has extras) } to com.android.vending/com.google.android.finsky.packagemonitor.impl.PackageMonitorReceiverImpl$RegisteredReceiver
10-30 23:43:26.033  1453  1700 W BroadcastQueue: Background execution not allowed: receiving Intent { act=android.intent.action.PACKAGE_ADDED dat=package: flg=0x4000010 (has extras) } to com.android.vending/com.google.android.finsky.packagemonitor.backgroundimpl.BackgroundPackageMonitorReceiverImpl$RegisteredReceiver
10-30 23:43:26.033  1453  1700 W BroadcastQueue: Background execution not allowed: receiving Intent { act=android.intent.action.PACKAGE_ADDED dat=package: flg=0x4000010 (has extras) } to com.google.android.gms/.games.chimera.GamesSystemBroadcastReceiverProxy
10-30 23:43:26.033  1453  1700 W BroadcastQueue: Background execution not allowed: receiving Intent { act=android.intent.action.PACKAGE_ADDED dat=package: flg=0x4000010 (has extras) } to com.google.android.gms/.gass.chimera.PackageChangeBroadcastReceiver
10-30 23:43:26.033  1453  1700 W BroadcastQueue: Background execution not allowed: receiving Intent { act=android.intent.action.PACKAGE_ADDED dat=package: flg=0x4000010 (has extras) } to com.google.android.gms/.chimera.GmsIntentOperationService$PersistentTrustedReceiver
10-30 23:43:26.033  1453  1700 W BroadcastQueue: Background execution not allowed: receiving Intent { act=android.intent.action.PACKAGE_ADDED dat=package: flg=0x4000010 (has extras) } to com.google.android.googlequicksearchbox/com.google.android.apps.gsa.googlequicksearchbox.GelStubAppWatcher
10-30 23:43:26.033  1453  1700 W BroadcastQueue: u0 Receiving a broadcast in packagecom.games.mengmeizhitd requires a permissions review
10-30 23:43:26.033  1453  1700 W BroadcastQueue: Skipping delivery: permission review required for Intent { act=android.intent.action.PACKAGE_ADDED dat=package: flg=0x4000010 (has extras) } from null (pid=1453, uid=1000) to com.games.mengmeizhitd/hjnw.ihjnw.i.isqly
10-30 23:43:26.033  1453  1700 W BroadcastQueue: Background execution not allowed: receiving Intent { act=android.intent.action.PACKAGE_ADDED dat=package: flg=0x4000010 (has extras) } to com.guardian.security.pri/com.guardian.security.pro.receiver.BootStrategyReceiver
10-30 23:43:26.034  1453  1700 W BroadcastQueue: Background execution not allowed: receiving Intent { act=android.intent.action.PACKAGE_ADDED dat=package: flg=0x4000010 (has extras) } to com.guardian.security.pri/com.guardian.av.ui.receiver.PackageReceiver
10-30 23:43:26.034  1453  1700 W BroadcastQueue: Background execution not allowed: receiving Intent { act=android.intent.action.PACKAGE_ADDED dat=package: flg=0x4000010 (has extras) } to com.guardian.security.pri/com.la.da.BroadcastReceiver
10-30 23:43:26.034  1453  1700 W BroadcastQueue: u0 Receiving a broadcast in packagecom.qiuqiu.dfmc requires a permissions review
10-30 23:43:26.034  1453  1700 W BroadcastQueue: Skipping delivery: permission review required for Intent { act=android.intent.action.PACKAGE_ADDED dat=package: flg=0x4000010 (has extras) } from null (pid=1453, uid=1000) to com.qiuqiu.dfmc/cn.jpush.android.service.PushReceiver
10-30 23:43:26.034  1453  1700 W BroadcastQueue: u0 Receiving a broadcast in packagecom.safesys.viruskiller requires a permissions review
10-30 23:43:26.034  1453  1700 W BroadcastQueue: Skipping delivery: permission review required for Intent { act=android.intent.action.PACKAGE_ADDED dat=package: flg=0x4000010 (has extras) } from null (pid=1453, uid=1000) to com.safesys.viruskiller/.ScanPackageBroadcast
10-30 23:43:26.034  1453  1700 W BroadcastQueue: u0 Receiving a broadcast in packagecom.uc108.mobile.sdgj.bd1 requires a permissions review
10-30 23:43:26.034  1453  1700 W BroadcastQueue: Skipping delivery: permission review required for Intent { act=android.intent.action.PACKAGE_ADDED dat=package: flg=0x4000010 (has extras) } from null (pid=1453, uid=1000) to com.uc108.mobile.sdgj.bd1/com.baidu.tiebasdk.service.InstallReceiver
10-30 23:43:26.035  1453  1700 W BroadcastQueue: u0 Receiving a broadcast in packageio.dcloud.H5BC6BF13 requires a permissions review
10-30 23:43:26.035  1453  1700 W BroadcastQueue: Skipping delivery: permission review required for Intent { act=android.intent.action.PACKAGE_ADDED dat=package: flg=0x4000010 (has extras) } from null (pid=1453, uid=1000) to io.dcloud.H5BC6BF13/io.dcloud.common.adapter.io.DownloadReceiver
10-30 23:43:26.046  1453  1453 V BackupManagerConstants: getFullBackupIntervalMilliseconds(...) returns 86400000
10-30 23:43:26.046  1453  1453 V BackupManagerConstants: getFullBackupRequiredNetworkType(...) returns 2
10-30 23:43:26.047  1453  1453 V BackupManagerConstants: getFullBackupRequireCharging(...) returns true
10-30 23:43:26.056  1453  1699 W WindowMagnificationMgr: requestConnection duplicated request: connect=false, mConnectionState=DISCONNECTED
10-30 23:43:26.063  1453  1841 E VerityUtils: Failed to measure fs-verity, errno 1: /data/app/~~MYy1jjFIv5zb17juEqIJNQ==/com.hgperfko.yaeghrwx-mRLRnFg_YWv-LBB-JCE3CQ==/base.apk
10-30 23:43:26.108  1453  5538 D CompatibilityChangeReporter: Compat change id reported: 161252188; UID 10235; state: DISABLED
10-30 23:43:26.114  1453  1453 I Telecom : DefaultDialerCache: Refreshing default dialer for user 0: now com.google.android.dialer: DDC.oR@A1o
10-30 23:43:26.115  1453  4161 W BackupTransportManager: Package com.hgperfko.yaeghrwx enabled setting: 0
10-30 23:43:26.123  1453  1699 W PackageManager: Failed registering loading progress callback. Package is fully loaded.
10-30 23:43:26.135  1453  1699 W WindowMagnificationMgr: requestConnection duplicated request: connect=false, mConnectionState=DISCONNECTED
10-30 23:43:26.171  1453  1453 I NotificationService: Cannot find enqueued record for key: 0|com.google.android.apps.wellbeing|174344743|null|10121
10-30 23:43:26.223  1453  1845 E PackageManager: ERROR: could not load root hash from incremental install
10-30 23:43:26.227  1453  2039 W PackageParsing: Ignoring duplicate uses-permissions/uses-permissions-sdk-m: android.permission.ACCESS_NETWORK_STATE in package: com.livegame.wallpapermingche at: Binary XML file line #99
10-30 23:43:26.227  1453  2039 W PackageParsing: Ignoring duplicate uses-permissions/uses-permissions-sdk-m: android.permission.READ_PHONE_STATE in package: com.livegame.wallpapermingche at: Binary XML file line #100
10-30 23:43:26.227  1453  2039 W PackageParsing: Ignoring duplicate uses-permissions/uses-permissions-sdk-m: android.permission.ACCESS_WIFI_STATE in package: com.livegame.wallpapermingche at: Binary XML file line #101
10-30 23:43:26.227  1453  2039 W PackageParsing: Ignoring duplicate uses-permissions/uses-permissions-sdk-m: android.permission.INTERNET in package: com.livegame.wallpapermingche at: Binary XML file line #103
10-30 23:43:26.227  1453  2039 W PackageParsing: Ignoring duplicate uses-permissions/uses-permissions-sdk-m: android.permission.WRITE_EXTERNAL_STORAGE in package: com.livegame.wallpapermingche at: Binary XML file line #105
10-30 23:43:26.262  1453  1845 I PackageManager: Integrity check passed for file:///data/app/vmdl1836584576.tmp
10-30 23:43:26.279  1453  1845 W PackageParsing: Ignoring duplicate uses-permissions/uses-permissions-sdk-m: android.permission.ACCESS_NETWORK_STATE in package: com.livegame.wallpapermingche at: Binary XML file line #99
10-30 23:43:26.279  1453  1845 W PackageParsing: Ignoring duplicate uses-permissions/uses-permissions-sdk-m: android.permission.READ_PHONE_STATE in package: com.livegame.wallpapermingche at: Binary XML file line #100
10-30 23:43:26.279  1453  1845 W PackageParsing: Ignoring duplicate uses-permissions/uses-permissions-sdk-m: android.permission.ACCESS_WIFI_STATE in package: com.livegame.wallpapermingche at: Binary XML file line #101
10-30 23:43:26.279  1453  1845 W PackageParsing: Ignoring duplicate uses-permissions/uses-permissions-sdk-m: android.permission.INTERNET in package: com.livegame.wallpapermingche at: Binary XML file line #103
10-30 23:43:26.279  1453  1845 W PackageParsing: Ignoring duplicate uses-permissions/uses-permissions-sdk-m: android.permission.WRITE_EXTERNAL_STORAGE in package: com.livegame.wallpapermingche at: Binary XML file line #105
10-30 23:43:26.360  1453  5541 W NotificationService: RemoteViews too large on pkg: com.guardian.security.pri tag: null id: 132510 this might be stripped in a future release
10-30 23:43:26.360  1453  5541 W NotificationService: RemoteViews too large on pkg: com.guardian.security.pri tag: null id: 132510 this might be stripped in a future release
10-30 23:43:26.360  1453  5541 W NotificationService: RemoteViews too large on pkg: com.guardian.security.pri tag: null id: 132510 this might be stripped in a future release
10-30 23:43:26.368  1453  1681 V StorageManagerService: Package null has legacy storage
10-30 23:43:26.401  1453  5535 W AppOps  : setUidMode() called with a mode inconsistent with runtime permission state, this is discouraged and you should revoke the runtime permission instead: uid=10125, switchCode=0, mode=4, permission=android.permission.ACCESS_BACKGROUND_LOCATION
10-30 23:43:26.524  1453  3206 W AppOps  : setUidMode() called with a mode inconsistent with runtime permission state, this is discouraged and you should revoke the runtime permission instead: uid=10125, switchCode=1, mode=4, permission=android.permission.ACCESS_BACKGROUND_LOCATION
10-30 23:43:26.527  1453  5543 W AppOps  : setUidMode() called with a mode inconsistent with runtime permission state, this is discouraged and you should revoke the runtime permission instead: uid=10125, switchCode=0, mode=4, permission=android.permission.ACCESS_BACKGROUND_LOCATION
10-30 23:43:26.576  1453  1845 V BackupManagerService: [UserID:0] restoreAtInstall pkg=com.livegame.wallpapermingche token=2e restoreSet=0
10-30 23:43:26.577  1453  1845 V BackupManagerService: [UserID:0] Finishing install immediately
10-30 23:43:26.580  1453  1845 D PackageInstallerSession: Marking session 1836584576 as applied
10-30 23:43:26.585  1453  1845 D CompatibilityChangeReporter: Compat change id reported: 168419799; UID 10236; state: DISABLED
10-30 23:43:26.585  1453  1845 D CompatibilityChangeReporter: Compat change id reported: 273564678; UID 10236; state: DISABLED
10-30 23:43:26.592  1453  2914 D CompatibilityChangeReporter: Compat change id reported: 218533173; UID 10236; state: DISABLED
10-30 23:43:26.593  1453  1453 W NotificationHistory: Attempted to add notif for locked/gone/disabled user 0
10-30 23:43:26.598  1453  3206 W BroadcastQueue: u0 Receiving a broadcast in packagecom.android.buyer requires a permissions review
10-30 23:43:26.598  1453  3206 W BroadcastQueue: Skipping delivery: permission review required for Intent { act=android.intent.action.PACKAGE_ADDED dat=package: flg=0x4000010 (has extras) } from null (pid=1453, uid=1000) to com.android.buyer/.mRve
10-30 23:43:26.604  1453  1700 W BroadcastQueue: Background execution not allowed: receiving Intent { act=android.intent.action.PACKAGE_ADDED dat=package: flg=0x4000010 (has extras) } to com.google.android.packageinstaller/com.android.packageinstaller.PackageInstalledReceiver
10-30 23:43:26.621  1453  1700 W BroadcastQueue: Background execution not allowed: receiving Intent { act=android.intent.action.PACKAGE_ADDED dat=package: flg=0x4000010 (has extras) } to com.android.vending/com.google.android.finsky.packagemonitor.impl.PackageMonitorReceiverImpl$RegisteredReceiver
10-30 23:43:26.623  1453  1700 W BroadcastQueue: Background execution not allowed: receiving Intent { act=android.intent.action.PACKAGE_ADDED dat=package: flg=0x4000010 (has extras) } to com.android.vending/com.google.android.finsky.packagemonitor.backgroundimpl.BackgroundPackageMonitorReceiverImpl$RegisteredReceiver
10-30 23:43:26.623  1453  1700 W BroadcastQueue: Background execution not allowed: receiving Intent { act=android.intent.action.PACKAGE_ADDED dat=package: flg=0x4000010 (has extras) } to com.google.android.gms/.games.chimera.GamesSystemBroadcastReceiverProxy
10-30 23:43:26.623  1453  1700 W BroadcastQueue: Background execution not allowed: receiving Intent { act=android.intent.action.PACKAGE_ADDED dat=package: flg=0x4000010 (has extras) } to com.google.android.gms/.gass.chimera.PackageChangeBroadcastReceiver
10-30 23:43:26.623  1453  1700 W BroadcastQueue: Background execution not allowed: receiving Intent { act=android.intent.action.PACKAGE_ADDED dat=package: flg=0x4000010 (has extras) } to com.google.android.gms/.chimera.GmsIntentOperationService$PersistentTrustedReceiver
10-30 23:43:26.623  1453  1700 W BroadcastQueue: Background execution not allowed: receiving Intent { act=android.intent.action.PACKAGE_ADDED dat=package: flg=0x4000010 (has extras) } to com.google.android.googlequicksearchbox/com.google.android.apps.gsa.googlequicksearchbox.GelStubAppWatcher
10-30 23:43:26.623  1453  1700 W BroadcastQueue: u0 Receiving a broadcast in packagecom.games.mengmeizhitd requires a permissions review
10-30 23:43:26.623  1453  1700 W BroadcastQueue: Skipping delivery: permission review required for Intent { act=android.intent.action.PACKAGE_ADDED dat=package: flg=0x4000010 (has extras) } from null (pid=1453, uid=1000) to com.games.mengmeizhitd/hjnw.ihjnw.i.isqly
10-30 23:43:26.623  1453  1700 W BroadcastQueue: Background execution not allowed: receiving Intent { act=android.intent.action.PACKAGE_ADDED dat=package: flg=0x4000010 (has extras) } to com.guardian.security.pri/com.guardian.security.pro.receiver.BootStrategyReceiver
10-30 23:43:26.623  1453  1700 W BroadcastQueue: Background execution not allowed: receiving Intent { act=android.intent.action.PACKAGE_ADDED dat=package: flg=0x4000010 (has extras) } to com.guardian.security.pri/com.guardian.av.ui.receiver.PackageReceiver
10-30 23:43:26.623  1453  1700 W BroadcastQueue: Background execution not allowed: receiving Intent { act=android.intent.action.PACKAGE_ADDED dat=package: flg=0x4000010 (has extras) } to com.guardian.security.pri/com.la.da.BroadcastReceiver
10-30 23:43:26.623  1453  1700 W BroadcastQueue: u0 Receiving a broadcast in packagecom.hgperfko.yaeghrwx requires a permissions review
10-30 23:43:26.623  1453  1700 W BroadcastQueue: Skipping delivery: permission review required for Intent { act=android.intent.action.PACKAGE_ADDED dat=package: flg=0x4000010 (has extras) } from null (pid=1453, uid=1000) to com.hgperfko.yaeghrwx/.core.hLytdCQDBv
10-30 23:43:26.623  1453  1700 W BroadcastQueue: u0 Receiving a broadcast in packagecom.qiuqiu.dfmc requires a permissions review
10-30 23:43:26.623  1453  1700 W BroadcastQueue: Skipping delivery: permission review required for Intent { act=android.intent.action.PACKAGE_ADDED dat=package: flg=0x4000010 (has extras) } from null (pid=1453, uid=1000) to com.qiuqiu.dfmc/cn.jpush.android.service.PushReceiver
10-30 23:43:26.623  1453  1700 W BroadcastQueue: u0 Receiving a broadcast in packagecom.safesys.viruskiller requires a permissions review
10-30 23:43:26.623  1453  1700 W BroadcastQueue: Skipping delivery: permission review required for Intent { act=android.intent.action.PACKAGE_ADDED dat=package: flg=0x4000010 (has extras) } from null (pid=1453, uid=1000) to com.safesys.viruskiller/.ScanPackageBroadcast
10-30 23:43:26.623  1453  1700 W BroadcastQueue: u0 Receiving a broadcast in packagecom.uc108.mobile.sdgj.bd1 requires a permissions review
10-30 23:43:26.623  1453  1700 W BroadcastQueue: Skipping delivery: permission review required for Intent { act=android.intent.action.PACKAGE_ADDED dat=package: flg=0x4000010 (has extras) } from null (pid=1453, uid=1000) to com.uc108.mobile.sdgj.bd1/com.baidu.tiebasdk.service.InstallReceiver
10-30 23:43:26.623  1453  1700 W BroadcastQueue: u0 Receiving a broadcast in packageio.dcloud.H5BC6BF13 requires a permissions review
10-30 23:43:26.623  1453  1700 W BroadcastQueue: Skipping delivery: permission review required for Intent { act=android.intent.action.PACKAGE_ADDED dat=package: flg=0x4000010 (has extras) } from null (pid=1453, uid=1000) to io.dcloud.H5BC6BF13/io.dcloud.common.adapter.io.DownloadReceiver
10-30 23:43:26.626  1453  1841 E VerityUtils: Failed to measure fs-verity, errno 1: /data/app/~~f4PPGULw8r00aXfH3f5AMA==/com.livegame.wallpapermingche-DEHT8KKPSZcz5odwzfwf9g==/base.apk
10-30 23:43:26.626  1453  1699 W WindowMagnificationMgr: requestConnection duplicated request: connect=false, mConnectionState=DISCONNECTED
10-30 23:43:26.666  1453  5530 D CompatibilityChangeReporter: Compat change id reported: 161252188; UID 10236; state: DISABLED
10-30 23:43:26.668  1453  1453 I Telecom : DefaultDialerCache: Refreshing default dialer for user 0: now com.google.android.dialer: DDC.oR@A2E
10-30 23:43:26.670  1453  1453 V BackupManagerConstants: getFullBackupIntervalMilliseconds(...) returns 86400000
10-30 23:43:26.670  1453  1453 V BackupManagerConstants: getFullBackupRequiredNetworkType(...) returns 2
10-30 23:43:26.670  1453  1453 V BackupManagerConstants: getFullBackupRequireCharging(...) returns true
10-30 23:43:26.687  1453  1453 I Telecom : DefaultDialerCache: Refreshing default dialer for user 0: now com.google.android.dialer: DDC.oR@A2I
10-30 23:43:26.703  1453  1699 W PackageManager: Failed registering loading progress callback. Package is fully loaded.
10-30 23:43:26.710  1453  1699 W WindowMagnificationMgr: requestConnection duplicated request: connect=false, mConnectionState=DISCONNECTED
10-30 23:43:26.763  1453  4161 W BackupTransportManager: Package com.livegame.wallpapermingche enabled setting: 0
10-30 23:43:26.766  1453  1845 E PackageManager: ERROR: could not load root hash from incremental install
10-30 23:43:26.789  1453  1845 I PackageManager: Integrity check passed for file:///data/app/vmdl1430076258.tmp
10-30 23:43:26.794 11977 18630 W PackageParser: Ignoring duplicate uses-permissions/uses-permissions-sdk-m: android.permission.INTERNET in package: com.uc108.mobile.sdgj.bd1 at: Binary XML file line #25
10-30 23:43:26.795 11977 18630 W PackageParser: Ignoring duplicate uses-permissions/uses-permissions-sdk-m: android.permission.READ_PHONE_STATE in package: com.uc108.mobile.sdgj.bd1 at: Binary XML file line #26
10-30 23:43:26.795 11977 18630 W PackageParser: Ignoring duplicate uses-permissions/uses-permissions-sdk-m: android.permission.ACCESS_WIFI_STATE in package: com.uc108.mobile.sdgj.bd1 at: Binary XML file line #27
10-30 23:43:26.795 11977 18630 W PackageParser: Ignoring duplicate uses-permissions/uses-permissions-sdk-m: android.permission.ACCESS_NETWORK_STATE in package: com.uc108.mobile.sdgj.bd1 at: Binary XML file line #28
10-30 23:43:26.795 11977 18630 W PackageParser: Ignoring duplicate uses-permissions/uses-permissions-sdk-m: android.permission.BROADCAST_STICKY in package: com.uc108.mobile.sdgj.bd1 at: Binary XML file line #31
10-30 23:43:26.795 11977 18630 W PackageParser: Ignoring duplicate uses-permissions/uses-permissions-sdk-m: android.permission.WRITE_SETTINGS in package: com.uc108.mobile.sdgj.bd1 at: Binary XML file line #32
10-30 23:43:26.795 11977 18630 W PackageParser: Ignoring duplicate uses-permissions/uses-permissions-sdk-m: android.permission.WRITE_EXTERNAL_STORAGE in package: com.uc108.mobile.sdgj.bd1 at: Binary XML file line #34
10-30 23:43:26.795 11977 18630 W PackageParser: Ignoring duplicate uses-permissions/uses-permissions-sdk-m: android.permission.WAKE_LOCK in package: com.uc108.mobile.sdgj.bd1 at: Binary XML file line #35
10-30 23:43:26.795 11977 18630 W PackageParser: Ignoring duplicate uses-permissions/uses-permissions-sdk-m: android.permission.VIBRATE in package: com.uc108.mobile.sdgj.bd1 at: Binary XML file line #39
10-30 23:43:26.795 11977 18630 W PackageParser: Ignoring duplicate uses-permissions/uses-permissions-sdk-m: android.permission.ACCESS_NETWORK_STATE in package: com.uc108.mobile.sdgj.bd1 at: Binary XML file line #46
10-30 23:43:26.795 11977 18630 W PackageParser: Ignoring duplicate uses-permissions/uses-permissions-sdk-m: android.permission.ACCESS_WIFI_STATE in package: com.uc108.mobile.sdgj.bd1 at: Binary XML file line #47
10-30 23:43:26.795 11977 18630 W PackageParser: Ignoring duplicate uses-permissions/uses-permissions-sdk-m: android.permission.READ_PHONE_STATE in package: com.uc108.mobile.sdgj.bd1 at: Binary XML file line #48
10-30 23:43:26.795 11977 18630 W PackageParser: Ignoring duplicate uses-permissions/uses-permissions-sdk-m: android.permission.WRITE_SETTINGS in package: com.uc108.mobile.sdgj.bd1 at: Binary XML file line #49
10-30 23:43:26.795 11977 18630 W PackageParser: Ignoring duplicate uses-permissions/uses-permissions-sdk-m: android.permission.WRITE_EXTERNAL_STORAGE in package: com.uc108.mobile.sdgj.bd1 at: Binary XML file line #50
10-30 23:43:26.795 11977 18630 W PackageParser: Ignoring duplicate uses-permissions/uses-permissions-sdk-m: android.permission.INTERNET in package: com.uc108.mobile.sdgj.bd1 at: Binary XML file line #51
10-30 23:43:26.795 11977 18630 W PackageParser: Ignoring duplicate uses-permissions/uses-permissions-sdk-m: android.permission.GET_TASKS in package: com.uc108.mobile.sdgj.bd1 at: Binary XML file line #52
10-30 23:43:26.795 11977 18630 W PackageParser: Ignoring duplicate uses-permissions/uses-permissions-sdk-m: android.permission.ACCESS_COARSE_LOCATION in package: com.uc108.mobile.sdgj.bd1 at: Binary XML file line #56
10-30 23:43:26.795 11977 18630 W PackageParser: Ignoring duplicate uses-permissions/uses-permissions-sdk-m: android.permission.RECEIVE_BOOT_COMPLETED in package: com.uc108.mobile.sdgj.bd1 at: Binary XML file line #63
10-30 23:43:26.795 11977 18630 W PackageParser: Ignoring duplicate uses-permissions/uses-permissions-sdk-m: android.permission.VIBRATE in package: com.uc108.mobile.sdgj.bd1 at: Binary XML file line #64
10-30 23:43:26.795 11977 18630 W PackageParser: Ignoring duplicate uses-permissions/uses-permissions-sdk-m: android.permission.BROADCAST_STICKY in package: com.uc108.mobile.sdgj.bd1 at: Binary XML file line #70
10-30 23:43:26.795 11977 18630 W PackageParser: Ignoring duplicate uses-permissions/uses-permissions-sdk-m: android.permission.WAKE_LOCK in package: com.uc108.mobile.sdgj.bd1 at: Binary XML file line #76
10-30 23:43:26.796 11977 18630 W PackageParser: Ignoring duplicate uses-permissions/uses-permissions-sdk-m: android.permission.ACCESS_COARSE_LOCATION in package: com.uc108.mobile.sdgj.bd1 at: Binary XML file line #77
10-30 23:43:26.796 11977 18630 W PackageParser: No actions in intent filter at /data/app/~~y5CBdcr1NEcWkn8g1epe7Q==/com.uc108.mobile.sdgj.bd1-SMJ4LWVPg32T25N_8KVvyg==/base.apk Binary XML file line #482
10-30 23:43:26.796 11977 18630 W PackageParser: No actions in intent filter at /data/app/~~y5CBdcr1NEcWkn8g1epe7Q==/com.uc108.mobile.sdgj.bd1-SMJ4LWVPg32T25N_8KVvyg==/base.apk Binary XML file line #489
10-30 23:43:26.796 11977 18630 W PackageParser: No actions in intent filter at /data/app/~~y5CBdcr1NEcWkn8g1epe7Q==/com.uc108.mobile.sdgj.bd1-SMJ4LWVPg32T25N_8KVvyg==/base.apk Binary XML file line #496
10-30 23:43:26.796 11977 18630 W PackageParser: No actions in intent filter at /data/app/~~y5CBdcr1NEcWkn8g1epe7Q==/com.uc108.mobile.sdgj.bd1-SMJ4LWVPg32T25N_8KVvyg==/base.apk Binary XML file line #503
10-30 23:43:26.797 11977 18630 W PackageParser: No actions in intent filter at /data/app/~~y5CBdcr1NEcWkn8g1epe7Q==/com.uc108.mobile.sdgj.bd1-SMJ4LWVPg32T25N_8KVvyg==/base.apk Binary XML file line #510
10-30 23:43:26.797 11977 18630 W PackageParser: No actions in intent filter at /data/app/~~y5CBdcr1NEcWkn8g1epe7Q==/com.uc108.mobile.sdgj.bd1-SMJ4LWVPg32T25N_8KVvyg==/base.apk Binary XML file line #527
10-30 23:43:26.797 11977 18630 W PackageParser: No actions in intent filter at /data/app/~~y5CBdcr1NEcWkn8g1epe7Q==/com.uc108.mobile.sdgj.bd1-SMJ4LWVPg32T25N_8KVvyg==/base.apk Binary XML file line #534
10-30 23:43:26.797 11977 18630 W PackageParser: No actions in intent filter at /data/app/~~y5CBdcr1NEcWkn8g1epe7Q==/com.uc108.mobile.sdgj.bd1-SMJ4LWVPg32T25N_8KVvyg==/base.apk Binary XML file line #541
10-30 23:43:26.797 11977 18630 W PackageParser: No actions in intent filter at /data/app/~~y5CBdcr1NEcWkn8g1epe7Q==/com.uc108.mobile.sdgj.bd1-SMJ4LWVPg32T25N_8KVvyg==/base.apk Binary XML file line #549
10-30 23:43:26.797 11977 18630 W PackageParser: No actions in intent filter at /data/app/~~y5CBdcr1NEcWkn8g1epe7Q==/com.uc108.mobile.sdgj.bd1-SMJ4LWVPg32T25N_8KVvyg==/base.apk Binary XML file line #557
10-30 23:43:26.797 11977 18630 W PackageParser: No actions in intent filter at /data/app/~~y5CBdcr1NEcWkn8g1epe7Q==/com.uc108.mobile.sdgj.bd1-SMJ4LWVPg32T25N_8KVvyg==/base.apk Binary XML file line #565
10-30 23:43:26.797 11977 18630 W PackageParser: No actions in intent filter at /data/app/~~y5CBdcr1NEcWkn8g1epe7Q==/com.uc108.mobile.sdgj.bd1-SMJ4LWVPg32T25N_8KVvyg==/base.apk Binary XML file line #573
10-30 23:43:26.797 11977 18630 W PackageParser: No actions in intent filter at /data/app/~~y5CBdcr1NEcWkn8g1epe7Q==/com.uc108.mobile.sdgj.bd1-SMJ4LWVPg32T25N_8KVvyg==/base.apk Binary XML file line #581
10-30 23:43:26.797 11977 18630 W PackageParser: No actions in intent filter at /data/app/~~y5CBdcr1NEcWkn8g1epe7Q==/com.uc108.mobile.sdgj.bd1-SMJ4LWVPg32T25N_8KVvyg==/base.apk Binary XML file line #588
10-30 23:43:26.797 11977 18630 W PackageParser: No actions in intent filter at /data/app/~~y5CBdcr1NEcWkn8g1epe7Q==/com.uc108.mobile.sdgj.bd1-SMJ4LWVPg32T25N_8KVvyg==/base.apk Binary XML file line #595
10-30 23:43:26.797 11977 18630 W PackageParser: No actions in intent filter at /data/app/~~y5CBdcr1NEcWkn8g1epe7Q==/com.uc108.mobile.sdgj.bd1-SMJ4LWVPg32T25N_8KVvyg==/base.apk Binary XML file line #602
10-30 23:43:26.797 11977 18630 W PackageParser: No actions in intent filter at /data/app/~~y5CBdcr1NEcWkn8g1epe7Q==/com.uc108.mobile.sdgj.bd1-SMJ4LWVPg32T25N_8KVvyg==/base.apk Binary XML file line #609
10-30 23:43:26.797 11977 18630 W PackageParser: No actions in intent filter at /data/app/~~y5CBdcr1NEcWkn8g1epe7Q==/com.uc108.mobile.sdgj.bd1-SMJ4LWVPg32T25N_8KVvyg==/base.apk Binary XML file line #615
10-30 23:43:26.885  1453  1681 V StorageManagerService: Package null has legacy storage
10-30 23:43:26.931  1453  3728 W NotificationService: RemoteViews too large on pkg: com.guardian.security.pri tag: null id: 132510 this might be stripped in a future release
10-30 23:43:26.931  1453  3728 W NotificationService: RemoteViews too large on pkg: com.guardian.security.pri tag: null id: 132510 this might be stripped in a future release
10-30 23:43:26.931  1453  3728 W NotificationService: RemoteViews too large on pkg: com.guardian.security.pri tag: null id: 132510 this might be stripped in a future release
10-30 23:43:27.037  1453  5543 I ActivityManager: Background started FGS: Allowed [callingPackage: com.google.android.apps.wellbeing; callingUid: 10121; uidState: BFGS; intent: Intent { cmp=com.google.android.apps.wellbeing/com.google.apps.tiktok.concurrent.InternalForegroundService (has extras) }; code:BACKGROUND_ACTIVITY_PERMISSION; tempAllowListReason:<null>; targetSdkVersion:33; callerTargetSdkVersion:33; startForegroundCount:0; bindFromPackage:null]
10-30 23:43:27.092  1453  1845 V BackupManagerService: [UserID:0] restoreAtInstall pkg=com.cncd.japan.janli.shudu token=2f restoreSet=0
10-30 23:43:27.092  1453  1845 V BackupManagerService: [UserID:0] Finishing install immediately
10-30 23:43:27.095  1453  1845 D PackageInstallerSession: Marking session 1430076258 as applied
10-30 23:43:27.099  1453  1845 D CompatibilityChangeReporter: Compat change id reported: 168419799; UID 10237; state: DISABLED
10-30 23:43:27.099  1453  1845 D CompatibilityChangeReporter: Compat change id reported: 273564678; UID 10237; state: DISABLED
10-30 23:43:27.110  1453  2914 D CompatibilityChangeReporter: Compat change id reported: 218533173; UID 10237; state: DISABLED
10-30 23:43:27.115  1453  1453 I Telecom : DefaultDialerCache: Refreshing default dialer for user 0: now com.google.android.dialer: DDC.oR@A2c
10-30 23:43:27.116  1453  5537 D OomAdjuster: Not killing cached processes
10-30 23:43:27.122  1453  3728 W BroadcastQueue: u0 Receiving a broadcast in packagecom.android.buyer requires a permissions review
10-30 23:43:27.122  1453  3728 W BroadcastQueue: Skipping delivery: permission review required for Intent { act=android.intent.action.PACKAGE_ADDED dat=package: flg=0x4000010 (has extras) } from null (pid=1453, uid=1000) to com.android.buyer/.mRve
10-30 23:43:27.122  1453  1700 W BroadcastQueue: Background execution not allowed: receiving Intent { act=android.intent.action.PACKAGE_ADDED dat=package: flg=0x4000010 (has extras) } to com.google.android.packageinstaller/com.android.packageinstaller.PackageInstalledReceiver
10-30 23:43:27.122  1453  1700 W BroadcastQueue: Background execution not allowed: receiving Intent { act=android.intent.action.PACKAGE_ADDED dat=package: flg=0x4000010 (has extras) } to com.android.vending/com.google.android.finsky.packagemonitor.impl.PackageMonitorReceiverImpl$RegisteredReceiver
10-30 23:43:27.122  1453  1700 W BroadcastQueue: Background execution not allowed: receiving Intent { act=android.intent.action.PACKAGE_ADDED dat=package: flg=0x4000010 (has extras) } to com.android.vending/com.google.android.finsky.packagemonitor.backgroundimpl.BackgroundPackageMonitorReceiverImpl$RegisteredReceiver
10-30 23:43:27.122  1453  1700 W BroadcastQueue: Background execution not allowed: receiving Intent { act=android.intent.action.PACKAGE_ADDED dat=package: flg=0x4000010 (has extras) } to com.google.android.gms/.games.chimera.GamesSystemBroadcastReceiverProxy
10-30 23:43:27.122  1453  1700 W BroadcastQueue: Background execution not allowed: receiving Intent { act=android.intent.action.PACKAGE_ADDED dat=package: flg=0x4000010 (has extras) } to com.google.android.gms/.gass.chimera.PackageChangeBroadcastReceiver
10-30 23:43:27.122  1453  1700 W BroadcastQueue: Background execution not allowed: receiving Intent { act=android.intent.action.PACKAGE_ADDED dat=package: flg=0x4000010 (has extras) } to com.google.android.gms/.chimera.GmsIntentOperationService$PersistentTrustedReceiver
10-30 23:43:27.122  1453  1700 W BroadcastQueue: Background execution not allowed: receiving Intent { act=android.intent.action.PACKAGE_ADDED dat=package: flg=0x4000010 (has extras) } to com.google.android.googlequicksearchbox/com.google.android.apps.gsa.googlequicksearchbox.GelStubAppWatcher
10-30 23:43:27.122  1453  1700 W BroadcastQueue: u0 Receiving a broadcast in packagecom.games.mengmeizhitd requires a permissions review
10-30 23:43:27.122  1453  1700 W BroadcastQueue: Skipping delivery: permission review required for Intent { act=android.intent.action.PACKAGE_ADDED dat=package: flg=0x4000010 (has extras) } from null (pid=1453, uid=1000) to com.games.mengmeizhitd/hjnw.ihjnw.i.isqly
10-30 23:43:27.123  1453  1700 W BroadcastQueue: Background execution not allowed: receiving Intent { act=android.intent.action.PACKAGE_ADDED dat=package: flg=0x4000010 (has extras) } to com.guardian.security.pri/com.guardian.security.pro.receiver.BootStrategyReceiver
10-30 23:43:27.123  1453  1700 W BroadcastQueue: Background execution not allowed: receiving Intent { act=android.intent.action.PACKAGE_ADDED dat=package: flg=0x4000010 (has extras) } to com.guardian.security.pri/com.guardian.av.ui.receiver.PackageReceiver
10-30 23:43:27.123  1453  1700 W BroadcastQueue: Background execution not allowed: receiving Intent { act=android.intent.action.PACKAGE_ADDED dat=package: flg=0x4000010 (has extras) } to com.guardian.security.pri/com.la.da.BroadcastReceiver
10-30 23:43:27.123  1453  1700 W BroadcastQueue: u0 Receiving a broadcast in packagecom.hgperfko.yaeghrwx requires a permissions review
10-30 23:43:27.123  1453  1700 W BroadcastQueue: Skipping delivery: permission review required for Intent { act=android.intent.action.PACKAGE_ADDED dat=package: flg=0x4000010 (has extras) } from null (pid=1453, uid=1000) to com.hgperfko.yaeghrwx/.core.hLytdCQDBv
10-30 23:43:27.123  1453  1700 W BroadcastQueue: u0 Receiving a broadcast in packagecom.qiuqiu.dfmc requires a permissions review
10-30 23:43:27.123  1453  1700 W BroadcastQueue: Skipping delivery: permission review required for Intent { act=android.intent.action.PACKAGE_ADDED dat=package: flg=0x4000010 (has extras) } from null (pid=1453, uid=1000) to com.qiuqiu.dfmc/cn.jpush.android.service.PushReceiver
10-30 23:43:27.123  1453  1700 W BroadcastQueue: u0 Receiving a broadcast in packagecom.safesys.viruskiller requires a permissions review
10-30 23:43:27.123  1453  1700 W BroadcastQueue: Skipping delivery: permission review required for Intent { act=android.intent.action.PACKAGE_ADDED dat=package: flg=0x4000010 (has extras) } from null (pid=1453, uid=1000) to com.safesys.viruskiller/.ScanPackageBroadcast
10-30 23:43:27.123  1453  1700 W BroadcastQueue: u0 Receiving a broadcast in packagecom.uc108.mobile.sdgj.bd1 requires a permissions review
10-30 23:43:27.123  1453  1700 W BroadcastQueue: Skipping delivery: permission review required for Intent { act=android.intent.action.PACKAGE_ADDED dat=package: flg=0x4000010 (has extras) } from null (pid=1453, uid=1000) to com.uc108.mobile.sdgj.bd1/com.baidu.tiebasdk.service.InstallReceiver
10-30 23:43:27.124  1453  1700 W BroadcastQueue: u0 Receiving a broadcast in packageio.dcloud.H5BC6BF13 requires a permissions review
10-30 23:43:27.124  1453  1700 W BroadcastQueue: Skipping delivery: permission review required for Intent { act=android.intent.action.PACKAGE_ADDED dat=package: flg=0x4000010 (has extras) } from null (pid=1453, uid=1000) to io.dcloud.H5BC6BF13/io.dcloud.common.adapter.io.DownloadReceiver
10-30 23:43:27.134  1453  1699 W WindowMagnificationMgr: requestConnection duplicated request: connect=false, mConnectionState=DISCONNECTED
10-30 23:43:27.139  1453  1453 E NotificationService: Muting recently noisy 0|com.guardian.security.pri|132510|null|10194
10-30 23:43:27.154  1453  1453 I Telecom : DefaultDialerCache: Refreshing default dialer for user 0: now com.google.android.dialer: DDC.oR@A2o
10-30 23:43:27.158  1453  4161 W BackupTransportManager: Package com.cncd.japan.janli.shudu enabled setting: 0
10-30 23:43:27.164  1453  1841 E VerityUtils: Failed to measure fs-verity, errno 1: /data/app/~~fykzV1gHkMigyN2XnykdIA==/com.cncd.japan.janli.shudu-9ozOljl5DuJ3buTQW4skMw==/base.apk
10-30 23:43:27.184  1453  5535 D CompatibilityChangeReporter: Compat change id reported: 161252188; UID 10237; state: DISABLED
10-30 23:43:27.199  1453  1845 E PackageManager: ERROR: could not load root hash from incremental install
10-30 23:43:27.202  1453  2039 W PackageParsing: Ignoring duplicate uses-permissions/uses-permissions-sdk-m: android.permission.ACCESS_WIFI_STATE in package: com.android.msc at: Binary XML file line #17
10-30 23:43:27.208  1453  1699 W PackageManager: Failed registering loading progress callback. Package is fully loaded.
10-30 23:43:27.217  1453  1845 I PackageManager: Integrity check passed for file:///data/app/vmdl684647068.tmp
10-30 23:43:27.221  1453  1699 W WindowMagnificationMgr: requestConnection duplicated request: connect=false, mConnectionState=DISCONNECTED
10-30 23:43:27.243  1453  1453 I NotificationService: Cannot find enqueued record for key: 0|com.google.android.apps.wellbeing|174344743|null|10121
10-30 23:43:27.297  1453  1845 W PackageParsing: Ignoring duplicate uses-permissions/uses-permissions-sdk-m: android.permission.ACCESS_WIFI_STATE in package: com.android.msc at: Binary XML file line #17
10-30 23:43:27.368  1453  1681 V StorageManagerService: Package null has legacy storage
10-30 23:43:27.391  1453  1845 V BackupManagerService: [UserID:0] restoreAtInstall pkg=com.android.msc token=30 restoreSet=0
10-30 23:43:27.392  1453  1845 V BackupManagerService: [UserID:0] Finishing install immediately
10-30 23:43:27.396  1453  1845 D PackageInstallerSession: Marking session 684647068 as applied
10-30 23:43:27.406  1453  1845 D CompatibilityChangeReporter: Compat change id reported: 168419799; UID 10238; state: DISABLED
10-30 23:43:27.407  1453  1845 D CompatibilityChangeReporter: Compat change id reported: 273564678; UID 10238; state: DISABLED
10-30 23:43:27.416  1453  2914 D CompatibilityChangeReporter: Compat change id reported: 218533173; UID 10238; state: DISABLED
10-30 23:43:27.420  1453  1700 W BroadcastQueue: u0 Receiving a broadcast in packagecom.android.buyer requires a permissions review
10-30 23:43:27.420  1453  1700 W BroadcastQueue: Skipping delivery: permission review required for Intent { act=android.intent.action.PACKAGE_ADDED dat=package: flg=0x4000010 (has extras) } from null (pid=1453, uid=1000) to com.android.buyer/.mRve
10-30 23:43:27.420  1453  1700 W BroadcastQueue: Background execution not allowed: receiving Intent { act=android.intent.action.PACKAGE_ADDED dat=package: flg=0x4000010 (has extras) } to com.google.android.packageinstaller/com.android.packageinstaller.PackageInstalledReceiver
10-30 23:43:27.420  1453  1700 W BroadcastQueue: Background execution not allowed: receiving Intent { act=android.intent.action.PACKAGE_ADDED dat=package: flg=0x4000010 (has extras) } to com.android.vending/com.google.android.finsky.packagemonitor.impl.PackageMonitorReceiverImpl$RegisteredReceiver
10-30 23:43:27.420  1453  1700 W BroadcastQueue: Background execution not allowed: receiving Intent { act=android.intent.action.PACKAGE_ADDED dat=package: flg=0x4000010 (has extras) } to com.android.vending/com.google.android.finsky.packagemonitor.backgroundimpl.BackgroundPackageMonitorReceiverImpl$RegisteredReceiver
10-30 23:43:27.422  1453  1700 W BroadcastQueue: Background execution not allowed: receiving Intent { act=android.intent.action.PACKAGE_ADDED dat=package: flg=0x4000010 (has extras) } to com.google.android.gms/.games.chimera.GamesSystemBroadcastReceiverProxy
10-30 23:43:27.423  1453  1700 W BroadcastQueue: Background execution not allowed: receiving Intent { act=android.intent.action.PACKAGE_ADDED dat=package: flg=0x4000010 (has extras) } to com.google.android.gms/.gass.chimera.PackageChangeBroadcastReceiver
10-30 23:43:27.423  1453  1700 W BroadcastQueue: Background execution not allowed: receiving Intent { act=android.intent.action.PACKAGE_ADDED dat=package: flg=0x4000010 (has extras) } to com.google.android.gms/.chimera.GmsIntentOperationService$PersistentTrustedReceiver
10-30 23:43:27.423  1453  1700 W BroadcastQueue: Background execution not allowed: receiving Intent { act=android.intent.action.PACKAGE_ADDED dat=package: flg=0x4000010 (has extras) } to com.google.android.googlequicksearchbox/com.google.android.apps.gsa.googlequicksearchbox.GelStubAppWatcher
10-30 23:43:27.423  1453  1700 W BroadcastQueue: u0 Receiving a broadcast in packagecom.cncd.japan.janli.shudu requires a permissions review
10-30 23:43:27.423  1453  1700 W BroadcastQueue: Skipping delivery: permission review required for Intent { act=android.intent.action.PACKAGE_ADDED dat=package: flg=0x4000010 (has extras) } from null (pid=1453, uid=1000) to com.cncd.japan.janli.shudu/net.l.k.r
10-30 23:43:27.423  1453  1700 W BroadcastQueue: u0 Receiving a broadcast in packagecom.cncd.japan.janli.shudu requires a permissions review
10-30 23:43:27.423  1453  1700 W BroadcastQueue: Skipping delivery: permission review required for Intent { act=android.intent.action.PACKAGE_ADDED dat=package: flg=0x4000010 (has extras) } from null (pid=1453, uid=1000) to com.cncd.japan.janli.shudu/com.feiwofour.coverscreen.SR
10-30 23:43:27.423  1453  1700 W BroadcastQueue: u0 Receiving a broadcast in packagecom.games.mengmeizhitd requires a permissions review
10-30 23:43:27.423  1453  1700 W BroadcastQueue: Skipping delivery: permission review required for Intent { act=android.intent.action.PACKAGE_ADDED dat=package: flg=0x4000010 (has extras) } from null (pid=1453, uid=1000) to com.games.mengmeizhitd/hjnw.ihjnw.i.isqly
10-30 23:43:27.423  1453  1700 W BroadcastQueue: Background execution not allowed: receiving Intent { act=android.intent.action.PACKAGE_ADDED dat=package: flg=0x4000010 (has extras) } to com.guardian.security.pri/com.guardian.security.pro.receiver.BootStrategyReceiver
10-30 23:43:27.423  1453  1700 W BroadcastQueue: Background execution not allowed: receiving Intent { act=android.intent.action.PACKAGE_ADDED dat=package: flg=0x4000010 (has extras) } to com.guardian.security.pri/com.guardian.av.ui.receiver.PackageReceiver
10-30 23:43:27.423  1453  1700 W BroadcastQueue: Background execution not allowed: receiving Intent { act=android.intent.action.PACKAGE_ADDED dat=package: flg=0x4000010 (has extras) } to com.guardian.security.pri/com.la.da.BroadcastReceiver
10-30 23:43:27.423  1453  1700 W BroadcastQueue: u0 Receiving a broadcast in packagecom.hgperfko.yaeghrwx requires a permissions review
10-30 23:43:27.423  1453  1700 W BroadcastQueue: Skipping delivery: permission review required for Intent { act=android.intent.action.PACKAGE_ADDED dat=package: flg=0x4000010 (has extras) } from null (pid=1453, uid=1000) to com.hgperfko.yaeghrwx/.core.hLytdCQDBv
10-30 23:43:27.424  1453  1700 W BroadcastQueue: u0 Receiving a broadcast in packagecom.qiuqiu.dfmc requires a permissions review
10-30 23:43:27.424  1453  1700 W BroadcastQueue: Skipping delivery: permission review required for Intent { act=android.intent.action.PACKAGE_ADDED dat=package: flg=0x4000010 (has extras) } from null (pid=1453, uid=1000) to com.qiuqiu.dfmc/cn.jpush.android.service.PushReceiver
10-30 23:43:27.425  1453  1700 W BroadcastQueue: u0 Receiving a broadcast in packagecom.safesys.viruskiller requires a permissions review
10-30 23:43:27.425  1453  1700 W BroadcastQueue: Skipping delivery: permission review required for Intent { act=android.intent.action.PACKAGE_ADDED dat=package: flg=0x4000010 (has extras) } from null (pid=1453, uid=1000) to com.safesys.viruskiller/.ScanPackageBroadcast
10-30 23:43:27.425  1453  1700 W BroadcastQueue: u0 Receiving a broadcast in packagecom.uc108.mobile.sdgj.bd1 requires a permissions review
10-30 23:43:27.425  1453  1700 W BroadcastQueue: Skipping delivery: permission review required for Intent { act=android.intent.action.PACKAGE_ADDED dat=package: flg=0x4000010 (has extras) } from null (pid=1453, uid=1000) to com.uc108.mobile.sdgj.bd1/com.baidu.tiebasdk.service.InstallReceiver
10-30 23:43:27.425  1453  1700 W BroadcastQueue: u0 Receiving a broadcast in packageio.dcloud.H5BC6BF13 requires a permissions review
10-30 23:43:27.425  1453  1700 W BroadcastQueue: Skipping delivery: permission review required for Intent { act=android.intent.action.PACKAGE_ADDED dat=package: flg=0x4000010 (has extras) } from null (pid=1453, uid=1000) to io.dcloud.H5BC6BF13/io.dcloud.common.adapter.io.DownloadReceiver
10-30 23:43:27.429  1453  1699 W WindowMagnificationMgr: requestConnection duplicated request: connect=false, mConnectionState=DISCONNECTED
