10-30 23:43:30.003  1453  1681 V StorageManagerService: Package null has legacy storage
10-30 23:43:30.036 11977 18630 W PackageParser: Ignoring duplicate uses-permissions/uses-permissions-sdk-m: android.permission.INTERNET in package: com.jr.narutoii at: Binary XML file line #10
10-30 23:43:30.036 11977 18630 W PackageParser: Ignoring duplicate uses-permissions/uses-permissions-sdk-m: android.permission.ACCESS_NETWORK_STATE in package: com.jr.narutoii at: Binary XML file line #11
10-30 23:43:30.036 11977 18630 W PackageParser: Ignoring duplicate uses-permissions/uses-permissions-sdk-m: android.permission.MOUNT_UNMOUNT_FILESYSTEMS in package: com.jr.narutoii at: Binary XML file line #13
10-30 23:43:30.036 11977 18630 W PackageParser: Ignoring duplicate uses-permissions/uses-permissions-sdk-m: android.permission.WRITE_EXTERNAL_STORAGE in package: com.jr.narutoii at: Binary XML file line #14
10-30 23:43:30.036 11977 18630 W PackageParser: Ignoring duplicate uses-permissions/uses-permissions-sdk-m: android.permission.INTERNET in package: com.jr.narutoii at: Binary XML file line #20
10-30 23:43:30.036 11977 18630 W PackageParser: Ignoring duplicate uses-permissions/uses-permissions-sdk-m: android.permission.ACCESS_NETWORK_STATE in package: com.jr.narutoii at: Binary XML file line #21
10-30 23:43:30.037 11977 18630 W PackageParser: Ignoring duplicate uses-permissions/uses-permissions-sdk-m: android.permission.READ_PHONE_STATE in package: com.jr.narutoii at: Binary XML file line #22
10-30 23:43:30.037 11977 18630 W PackageParser: Ignoring duplicate uses-permissions/uses-permissions-sdk-m: android.permission.READ_PHONE_STATE in package: com.jr.narutoii at: Binary XML file line #35
10-30 23:43:30.037 11977 18630 W PackageParser: Ignoring duplicate uses-permissions/uses-permissions-sdk-m: android.permission.ACCESS_NETWORK_STATE in package: com.jr.narutoii at: Binary XML file line #36
10-30 23:43:30.037 11977 18630 W PackageParser: Ignoring duplicate uses-permissions/uses-permissions-sdk-m: android.permission.ACCESS_WIFI_STATE in package: com.jr.narutoii at: Binary XML file line #37
10-30 23:43:30.037 11977 18630 W PackageParser: Ignoring duplicate uses-permissions/uses-permissions-sdk-m: android.permission.INTERNET in package: com.jr.narutoii at: Binary XML file line #38
10-30 23:43:30.037 11977 18630 W PackageParser: Ignoring duplicate uses-permissions/uses-permissions-sdk-m: android.permission.WRITE_EXTERNAL_STORAGE in package: com.jr.narutoii at: Binary XML file line #39
10-30 23:43:30.037 11977 18630 W PackageParser: Ignoring duplicate uses-permissions/uses-permissions-sdk-m: android.permission.READ_SMS in package: com.jr.narutoii at: Binary XML file line #48
10-30 23:43:30.037 11977 18630 W PackageParser: Ignoring duplicate uses-permissions/uses-permissions-sdk-m: android.permission.SEND_SMS in package: com.jr.narutoii at: Binary XML file line #49
10-30 23:43:30.037 11977 18630 W PackageParser: Ignoring duplicate uses-permissions/uses-permissions-sdk-m: android.permission.WRITE_SMS in package: com.jr.narutoii at: Binary XML file line #50
10-30 23:43:30.037 11977 18630 W PackageParser: Ignoring duplicate uses-permissions/uses-permissions-sdk-m: android.permission.VIBRATE in package: com.jr.narutoii at: Binary XML file line #51
10-30 23:43:30.037 11977 18630 W PackageParser: Ignoring duplicate uses-permissions/uses-permissions-sdk-m: android.permission.RECEIVE_BOOT_COMPLETED in package: com.jr.narutoii at: Binary XML file line #55
10-30 23:43:30.038 11977 18630 W PackageParser: Ignoring duplicate uses-permissions/uses-permissions-sdk-m: android.permission.INTERNET in package: com.jr.narutoii at: Binary XML file line #142
10-30 23:43:30.101  1453  5538 I ActivityManager: Background started FGS: Allowed [callingPackage: com.google.android.apps.wellbeing; callingUid: 10121; uidState: BFGS; intent: Intent { cmp=com.google.android.apps.wellbeing/com.google.apps.tiktok.concurrent.InternalForegroundService (has extras) }; code:BACKGROUND_ACTIVITY_PERMISSION; tempAllowListReason:<null>; targetSdkVersion:33; callerTargetSdkVersion:33; startForegroundCount:0; bindFromPackage:null]
10-30 23:43:30.217  1453  4197 W AppOps  : setUidMode() called with a mode inconsistent with runtime permission state, this is discouraged and you should revoke the runtime permission instead: uid=10125, switchCode=0, mode=4, permission=android.permission.ACCESS_BACKGROUND_LOCATION
10-30 23:43:30.220  1453  1453 E NotificationService: Muting recently noisy 0|com.guardian.security.pri|132510|null|10194
10-30 23:43:30.234 11977 17491 W PackageParser: Ignoring duplicate uses-permissions/uses-permissions-sdk-m: android.permission.DISABLE_KEYGUARD in package: xoin.sctqi.crejg at: Binary XML file line #24
10-30 23:43:30.301  1453  2009 W AppOps  : setUidMode() called with a mode inconsistent with runtime permission state, this is discouraged and you should revoke the runtime permission instead: uid=10125, switchCode=1, mode=4, permission=android.permission.ACCESS_BACKGROUND_LOCATION
10-30 23:43:30.303  1453  4197 W AppOps  : setUidMode() called with a mode inconsistent with runtime permission state, this is discouraged and you should revoke the runtime permission instead: uid=10125, switchCode=0, mode=4, permission=android.permission.ACCESS_BACKGROUND_LOCATION
10-30 23:43:30.308  1453  1453 I NotificationService: Cannot find enqueued record for key: 0|com.google.android.apps.wellbeing|174344743|null|10121
10-30 23:43:30.448  1453  1845 V BackupManagerService: [UserID:0] restoreAtInstall pkg=com.google.hxz token=34 restoreSet=0
10-30 23:43:30.449  1453  1845 V BackupManagerService: [UserID:0] Finishing install immediately
10-30 23:43:30.452  1453  1845 D PackageInstallerSession: Marking session 2095386277 as applied
10-30 23:43:30.458  1453  1845 D CompatibilityChangeReporter: Compat change id reported: 168419799; UID 10242; state: DISABLED
10-30 23:43:30.458  1453  1845 D CompatibilityChangeReporter: Compat change id reported: 273564678; UID 10242; state: DISABLED
10-30 23:43:30.474  1453  2914 D CompatibilityChangeReporter: Compat change id reported: 218533173; UID 10242; state: DISABLED
10-30 23:43:30.475  1453  5543 W BroadcastQueue: u0 Receiving a broadcast in packagecom.jr.narutoii requires a permissions review
10-30 23:43:30.476  1453  5543 W BroadcastQueue: Skipping delivery: permission review required for Intent { act=android.intent.action.PACKAGE_ADDED dat=package: flg=0x4000010 (has extras) } from null (pid=1453, uid=1000) to com.jr.narutoii/com.joyriver.engine.proxy.EngineReceiver
10-30 23:43:30.476  1453  1453 I Telecom : DefaultDialerCache: Refreshing default dialer for user 0: now com.google.android.dialer: DDC.oR@A40
10-30 23:43:30.484  1453  1453 V BackupManagerConstants: getFullBackupIntervalMilliseconds(...) returns 86400000
10-30 23:43:30.484  1453  1453 V BackupManagerConstants: getFullBackupRequiredNetworkType(...) returns 2
10-30 23:43:30.485  1453  1453 V BackupManagerConstants: getFullBackupRequireCharging(...) returns true
10-30 23:43:30.492  1453  1700 W BroadcastQueue: u0 Receiving a broadcast in packagecom.android.buyer requires a permissions review
10-30 23:43:30.492  1453  1700 W BroadcastQueue: Skipping delivery: permission review required for Intent { act=android.intent.action.PACKAGE_ADDED dat=package: flg=0x4000010 (has extras) } from null (pid=1453, uid=1000) to com.android.buyer/.mRve
10-30 23:43:30.493  1453  1700 W BroadcastQueue: Background execution not allowed: receiving Intent { act=android.intent.action.PACKAGE_ADDED dat=package: flg=0x4000010 (has extras) } to com.google.android.packageinstaller/com.android.packageinstaller.PackageInstalledReceiver
10-30 23:43:30.493  1453  1700 W BroadcastQueue: Background execution not allowed: receiving Intent { act=android.intent.action.PACKAGE_ADDED dat=package: flg=0x4000010 (has extras) } to com.android.vending/com.google.android.finsky.packagemonitor.impl.PackageMonitorReceiverImpl$RegisteredReceiver
10-30 23:43:30.493  1453  1700 W BroadcastQueue: Background execution not allowed: receiving Intent { act=android.intent.action.PACKAGE_ADDED dat=package: flg=0x4000010 (has extras) } to com.android.vending/com.google.android.finsky.packagemonitor.backgroundimpl.BackgroundPackageMonitorReceiverImpl$RegisteredReceiver
10-30 23:43:30.493  1453  1700 W BroadcastQueue: Background execution not allowed: receiving Intent { act=android.intent.action.PACKAGE_ADDED dat=package: flg=0x4000010 (has extras) } to com.google.android.gms/.games.chimera.GamesSystemBroadcastReceiverProxy
10-30 23:43:30.493  1453  1700 W BroadcastQueue: Background execution not allowed: receiving Intent { act=android.intent.action.PACKAGE_ADDED dat=package: flg=0x4000010 (has extras) } to com.google.android.gms/.gass.chimera.PackageChangeBroadcastReceiver
10-30 23:43:30.493  1453  1700 W BroadcastQueue: Background execution not allowed: receiving Intent { act=android.intent.action.PACKAGE_ADDED dat=package: flg=0x4000010 (has extras) } to com.google.android.gms/.chimera.GmsIntentOperationService$PersistentTrustedReceiver
10-30 23:43:30.494  1453  1700 W BroadcastQueue: Background execution not allowed: receiving Intent { act=android.intent.action.PACKAGE_ADDED dat=package: flg=0x4000010 (has extras) } to com.google.android.googlequicksearchbox/com.google.android.apps.gsa.googlequicksearchbox.GelStubAppWatcher
10-30 23:43:30.494  1453  1700 W BroadcastQueue: u0 Receiving a broadcast in packagecom.cncd.japan.janli.shudu requires a permissions review
10-30 23:43:30.494  1453  1700 W BroadcastQueue: Skipping delivery: permission review required for Intent { act=android.intent.action.PACKAGE_ADDED dat=package: flg=0x4000010 (has extras) } from null (pid=1453, uid=1000) to com.cncd.japan.janli.shudu/net.l.k.r
10-30 23:43:30.494  1453  1700 W BroadcastQueue: u0 Receiving a broadcast in packagecom.cncd.japan.janli.shudu requires a permissions review
10-30 23:43:30.494  1453  1700 W BroadcastQueue: Skipping delivery: permission review required for Intent { act=android.intent.action.PACKAGE_ADDED dat=package: flg=0x4000010 (has extras) } from null (pid=1453, uid=1000) to com.cncd.japan.janli.shudu/com.feiwofour.coverscreen.SR
10-30 23:43:30.494  1453  1700 W BroadcastQueue: u0 Receiving a broadcast in packagecom.games.mengmeizhitd requires a permissions review
10-30 23:43:30.494  1453  1700 W BroadcastQueue: Skipping delivery: permission review required for Intent { act=android.intent.action.PACKAGE_ADDED dat=package: flg=0x4000010 (has extras) } from null (pid=1453, uid=1000) to com.games.mengmeizhitd/hjnw.ihjnw.i.isqly
10-30 23:43:30.494  1453  1700 W BroadcastQueue: Background execution not allowed: receiving Intent { act=android.intent.action.PACKAGE_ADDED dat=package: flg=0x4000010 (has extras) } to com.guardian.security.pri/com.guardian.security.pro.receiver.BootStrategyReceiver
10-30 23:43:30.495  1453  1700 W BroadcastQueue: Background execution not allowed: receiving Intent { act=android.intent.action.PACKAGE_ADDED dat=package: flg=0x4000010 (has extras) } to com.guardian.security.pri/com.guardian.av.ui.receiver.PackageReceiver
10-30 23:43:30.495  1453  1700 W BroadcastQueue: Background execution not allowed: receiving Intent { act=android.intent.action.PACKAGE_ADDED dat=package: flg=0x4000010 (has extras) } to com.guardian.security.pri/com.la.da.BroadcastReceiver
10-30 23:43:30.495  1453  1700 W BroadcastQueue: u0 Receiving a broadcast in packagecom.hgperfko.yaeghrwx requires a permissions review
10-30 23:43:30.495  1453  1700 W BroadcastQueue: Skipping delivery: permission review required for Intent { act=android.intent.action.PACKAGE_ADDED dat=package: flg=0x4000010 (has extras) } from null (pid=1453, uid=1000) to com.hgperfko.yaeghrwx/.core.hLytdCQDBv
10-30 23:43:30.495  1453  1700 W BroadcastQueue: u0 Receiving a broadcast in packagecom.qiuqiu.dfmc requires a permissions review
10-30 23:43:30.495  1453  1700 W BroadcastQueue: Skipping delivery: permission review required for Intent { act=android.intent.action.PACKAGE_ADDED dat=package: flg=0x4000010 (has extras) } from null (pid=1453, uid=1000) to com.qiuqiu.dfmc/cn.jpush.android.service.PushReceiver
10-30 23:43:30.495  1453  1700 W BroadcastQueue: u0 Receiving a broadcast in packagecom.safesys.viruskiller requires a permissions review
10-30 23:43:30.495  1453  1700 W BroadcastQueue: Skipping delivery: permission review required for Intent { act=android.intent.action.PACKAGE_ADDED dat=package: flg=0x4000010 (has extras) } from null (pid=1453, uid=1000) to com.safesys.viruskiller/.ScanPackageBroadcast
10-30 23:43:30.495  1453  1700 W BroadcastQueue: u0 Receiving a broadcast in packagecom.uc108.mobile.sdgj.bd1 requires a permissions review
10-30 23:43:30.495  1453  1700 W BroadcastQueue: Skipping delivery: permission review required for Intent { act=android.intent.action.PACKAGE_ADDED dat=package: flg=0x4000010 (has extras) } from null (pid=1453, uid=1000) to com.uc108.mobile.sdgj.bd1/com.baidu.tiebasdk.service.InstallReceiver
10-30 23:43:30.495  1453  1700 W BroadcastQueue: u0 Receiving a broadcast in packageio.dcloud.H5BC6BF13 requires a permissions review
10-30 23:43:30.495  1453  1700 W BroadcastQueue: Skipping delivery: permission review required for Intent { act=android.intent.action.PACKAGE_ADDED dat=package: flg=0x4000010 (has extras) } from null (pid=1453, uid=1000) to io.dcloud.H5BC6BF13/io.dcloud.common.adapter.io.DownloadReceiver
10-30 23:43:30.502  1453  1699 W WindowMagnificationMgr: requestConnection duplicated request: connect=false, mConnectionState=DISCONNECTED
10-30 23:43:30.503  1453  1453 I Telecom : DefaultDialerCache: Refreshing default dialer for user 0: now com.google.android.dialer: DDC.oR@A44
10-30 23:43:30.518  1453  1841 E VerityUtils: Failed to measure fs-verity, errno 1: /data/app/~~WAdu4p0KRBtavjV0j1N-dA==/com.google.hxz-d8wuTiPkRAmV5R6kVUq86Q==/base.apk
10-30 23:43:30.526  1453  4161 W BackupTransportManager: Package com.google.hxz enabled setting: 0
10-30 23:43:30.541  1453  3206 D CompatibilityChangeReporter: Compat change id reported: 161252188; UID 10242; state: DISABLED
10-30 23:43:30.604  1453  1845 E PackageManager: ERROR: could not load root hash from incremental install
10-30 23:43:30.609  1453  2039 W PackageParsing: Ignoring duplicate uses-permissions/uses-permissions-sdk-m: android.permission.DISABLE_KEYGUARD in package: bzyz.osqak.rcbmn at: Binary XML file line #22
10-30 23:43:30.623  1453  1845 I PackageManager: Integrity check passed for file:///data/app/vmdl191986396.tmp
10-30 23:43:30.625  1453  1699 W PackageManager: Failed registering loading progress callback. Package is fully loaded.
10-30 23:43:30.632  1453  1699 W WindowMagnificationMgr: requestConnection duplicated request: connect=false, mConnectionState=DISCONNECTED
10-30 23:43:30.676 11977 18629 W PackageParser: Ignoring duplicate uses-permissions/uses-permissions-sdk-m: android.permission.DISABLE_KEYGUARD in package: tbps.xzlgs.vegxn at: Binary XML file line #23
10-30 23:43:30.682  1453  1845 W PackageParsing: Ignoring duplicate uses-permissions/uses-permissions-sdk-m: android.permission.DISABLE_KEYGUARD in package: bzyz.osqak.rcbmn at: Binary XML file line #22
10-30 23:43:30.767  1453  1681 V StorageManagerService: Package null has legacy storage
10-30 23:43:30.805  1453  5537 W NotificationService: RemoteViews too large on pkg: com.guardian.security.pri tag: null id: 132510 this might be stripped in a future release
10-30 23:43:30.805  1453  5537 W NotificationService: RemoteViews too large on pkg: com.guardian.security.pri tag: null id: 132510 this might be stripped in a future release
10-30 23:43:30.805  1453  5537 W NotificationService: RemoteViews too large on pkg: com.guardian.security.pri tag: null id: 132510 this might be stripped in a future release
10-30 23:43:30.898  1453  1845 V BackupManagerService: [UserID:0] restoreAtInstall pkg=bzyz.osqak.rcbmn token=35 restoreSet=0
10-30 23:43:30.898  1453  1845 V BackupManagerService: [UserID:0] Finishing install immediately
10-30 23:43:30.906  1453  1845 D PackageInstallerSession: Marking session 191986396 as applied
10-30 23:43:30.909  1453  1845 D CompatibilityChangeReporter: Compat change id reported: 168419799; UID 10243; state: DISABLED
10-30 23:43:30.909  1453  1845 D CompatibilityChangeReporter: Compat change id reported: 273564678; UID 10243; state: DISABLED
10-30 23:43:30.916  1453  2914 D CompatibilityChangeReporter: Compat change id reported: 218533173; UID 10243; state: DISABLED
10-30 23:43:30.916  1453  1453 I Telecom : DefaultDialerCache: Refreshing default dialer for user 0: now com.google.android.dialer: DDC.oR@A5E
10-30 23:43:30.923  1453  2983 W BroadcastQueue: u0 Receiving a broadcast in packagecom.jr.narutoii requires a permissions review
10-30 23:43:30.923  1453  2983 W BroadcastQueue: Skipping delivery: permission review required for Intent { act=android.intent.action.PACKAGE_ADDED dat=package: flg=0x4000010 (has extras) } from null (pid=1453, uid=1000) to com.jr.narutoii/com.joyriver.engine.proxy.EngineReceiver
10-30 23:43:30.925  1453  1700 W BroadcastQueue: u0 Receiving a broadcast in packagecom.android.buyer requires a permissions review
10-30 23:43:30.925  1453  1700 W BroadcastQueue: Skipping delivery: permission review required for Intent { act=android.intent.action.PACKAGE_ADDED dat=package: flg=0x4000010 (has extras) } from null (pid=1453, uid=1000) to com.android.buyer/.mRve
10-30 23:43:30.926  1453  1700 W BroadcastQueue: Background execution not allowed: receiving Intent { act=android.intent.action.PACKAGE_ADDED dat=package: flg=0x4000010 (has extras) } to com.google.android.packageinstaller/com.android.packageinstaller.PackageInstalledReceiver
10-30 23:43:30.926  1453  1700 W BroadcastQueue: Background execution not allowed: receiving Intent { act=android.intent.action.PACKAGE_ADDED dat=package: flg=0x4000010 (has extras) } to com.android.vending/com.google.android.finsky.packagemonitor.impl.PackageMonitorReceiverImpl$RegisteredReceiver
10-30 23:43:30.926  1453  1700 W BroadcastQueue: Background execution not allowed: receiving Intent { act=android.intent.action.PACKAGE_ADDED dat=package: flg=0x4000010 (has extras) } to com.android.vending/com.google.android.finsky.packagemonitor.backgroundimpl.BackgroundPackageMonitorReceiverImpl$RegisteredReceiver
10-30 23:43:30.926  1453  1700 W BroadcastQueue: Background execution not allowed: receiving Intent { act=android.intent.action.PACKAGE_ADDED dat=package: flg=0x4000010 (has extras) } to com.google.android.gms/.games.chimera.GamesSystemBroadcastReceiverProxy
10-30 23:43:30.926  1453  1700 W BroadcastQueue: Background execution not allowed: receiving Intent { act=android.intent.action.PACKAGE_ADDED dat=package: flg=0x4000010 (has extras) } to com.google.android.gms/.gass.chimera.PackageChangeBroadcastReceiver
10-30 23:43:30.926  1453  1700 W BroadcastQueue: Background execution not allowed: receiving Intent { act=android.intent.action.PACKAGE_ADDED dat=package: flg=0x4000010 (has extras) } to com.google.android.gms/.chimera.GmsIntentOperationService$PersistentTrustedReceiver
10-30 23:43:30.926  1453  1700 W BroadcastQueue: Background execution not allowed: receiving Intent { act=android.intent.action.PACKAGE_ADDED dat=package: flg=0x4000010 (has extras) } to com.google.android.googlequicksearchbox/com.google.android.apps.gsa.googlequicksearchbox.GelStubAppWatcher
10-30 23:43:30.926  1453  1700 W BroadcastQueue: u0 Receiving a broadcast in packagecom.cncd.japan.janli.shudu requires a permissions review
10-30 23:43:30.926  1453  1700 W BroadcastQueue: Skipping delivery: permission review required for Intent { act=android.intent.action.PACKAGE_ADDED dat=package: flg=0x4000010 (has extras) } from null (pid=1453, uid=1000) to com.cncd.japan.janli.shudu/net.l.k.r
10-30 23:43:30.926  1453  1700 W BroadcastQueue: u0 Receiving a broadcast in packagecom.cncd.japan.janli.shudu requires a permissions review
10-30 23:43:30.926  1453  1700 W BroadcastQueue: Skipping delivery: permission review required for Intent { act=android.intent.action.PACKAGE_ADDED dat=package: flg=0x4000010 (has extras) } from null (pid=1453, uid=1000) to com.cncd.japan.janli.shudu/com.feiwofour.coverscreen.SR
10-30 23:43:30.926  1453  1700 W BroadcastQueue: u0 Receiving a broadcast in packagecom.games.mengmeizhitd requires a permissions review
10-30 23:43:30.926  1453  1700 W BroadcastQueue: Skipping delivery: permission review required for Intent { act=android.intent.action.PACKAGE_ADDED dat=package: flg=0x4000010 (has extras) } from null (pid=1453, uid=1000) to com.games.mengmeizhitd/hjnw.ihjnw.i.isqly
10-30 23:43:30.926  1453  1700 W BroadcastQueue: Background execution not allowed: receiving Intent { act=android.intent.action.PACKAGE_ADDED dat=package: flg=0x4000010 (has extras) } to com.guardian.security.pri/com.guardian.security.pro.receiver.BootStrategyReceiver
10-30 23:43:30.926  1453  1700 W BroadcastQueue: Background execution not allowed: receiving Intent { act=android.intent.action.PACKAGE_ADDED dat=package: flg=0x4000010 (has extras) } to com.guardian.security.pri/com.guardian.av.ui.receiver.PackageReceiver
10-30 23:43:30.926  1453  1700 W BroadcastQueue: Background execution not allowed: receiving Intent { act=android.intent.action.PACKAGE_ADDED dat=package: flg=0x4000010 (has extras) } to com.guardian.security.pri/com.la.da.BroadcastReceiver
10-30 23:43:30.926  1453  1700 W BroadcastQueue: u0 Receiving a broadcast in packagecom.hgperfko.yaeghrwx requires a permissions review
10-30 23:43:30.926  1453  1700 W BroadcastQueue: Skipping delivery: permission review required for Intent { act=android.intent.action.PACKAGE_ADDED dat=package: flg=0x4000010 (has extras) } from null (pid=1453, uid=1000) to com.hgperfko.yaeghrwx/.core.hLytdCQDBv
10-30 23:43:30.926  1453  1700 W BroadcastQueue: u0 Receiving a broadcast in packagecom.qiuqiu.dfmc requires a permissions review
10-30 23:43:30.926  1453  1700 W BroadcastQueue: Skipping delivery: permission review required for Intent { act=android.intent.action.PACKAGE_ADDED dat=package: flg=0x4000010 (has extras) } from null (pid=1453, uid=1000) to com.qiuqiu.dfmc/cn.jpush.android.service.PushReceiver
10-30 23:43:30.926  1453  1700 W BroadcastQueue: u0 Receiving a broadcast in packagecom.safesys.viruskiller requires a permissions review
10-30 23:43:30.926  1453  1700 W BroadcastQueue: Skipping delivery: permission review required for Intent { act=android.intent.action.PACKAGE_ADDED dat=package: flg=0x4000010 (has extras) } from null (pid=1453, uid=1000) to com.safesys.viruskiller/.ScanPackageBroadcast
10-30 23:43:30.926  1453  1700 W BroadcastQueue: u0 Receiving a broadcast in packagecom.uc108.mobile.sdgj.bd1 requires a permissions review
10-30 23:43:30.926  1453  1700 W BroadcastQueue: Skipping delivery: permission review required for Intent { act=android.intent.action.PACKAGE_ADDED dat=package: flg=0x4000010 (has extras) } from null (pid=1453, uid=1000) to com.uc108.mobile.sdgj.bd1/com.baidu.tiebasdk.service.InstallReceiver
10-30 23:43:30.926  1453  1700 W BroadcastQueue: u0 Receiving a broadcast in packageio.dcloud.H5BC6BF13 requires a permissions review
10-30 23:43:30.926  1453  1700 W BroadcastQueue: Skipping delivery: permission review required for Intent { act=android.intent.action.PACKAGE_ADDED dat=package: flg=0x4000010 (has extras) } from null (pid=1453, uid=1000) to io.dcloud.H5BC6BF13/io.dcloud.common.adapter.io.DownloadReceiver
10-30 23:43:30.928  1453  1453 V BackupManagerConstants: getFullBackupIntervalMilliseconds(...) returns 86400000
10-30 23:43:30.928  1453  1453 V BackupManagerConstants: getFullBackupRequiredNetworkType(...) returns 2
10-30 23:43:30.929  1453  1453 V BackupManagerConstants: getFullBackupRequireCharging(...) returns true
10-30 23:43:30.938  1453  1699 W WindowMagnificationMgr: requestConnection duplicated request: connect=false, mConnectionState=DISCONNECTED
10-30 23:43:30.987  1453  5542 D CompatibilityChangeReporter: Compat change id reported: 161252188; UID 10243; state: DISABLED
10-30 23:43:31.023  1453  1841 E VerityUtils: Failed to measure fs-verity, errno 1: /data/app/~~nI8pPgCwiXSoh9lIW0Lkng==/bzyz.osqak.rcbmn-DJMBMCSrvdYgNWDD0K7Pzw==/base.apk
10-30 23:43:31.068  1453  1453 I Telecom : DefaultDialerCache: Refreshing default dialer for user 0: now com.google.android.dialer: DDC.oR@A5Q
10-30 23:43:31.069  1453  4161 W BackupTransportManager: Package bzyz.osqak.rcbmn enabled setting: 0
10-30 23:43:31.076  1453  1699 W PackageManager: Failed registering loading progress callback. Package is fully loaded.
10-30 23:43:31.081  1453  1845 E PackageManager: ERROR: could not load root hash from incremental install
10-30 23:43:31.088  1453  1699 W WindowMagnificationMgr: requestConnection duplicated request: connect=false, mConnectionState=DISCONNECTED
10-30 23:43:31.119  1453  1453 W NotificationHistory: Attempted to add notif for locked/gone/disabled user 0
10-30 23:43:31.121  1453  1845 I PackageManager: Integrity check passed for file:///data/app/vmdl842661371.tmp
10-30 23:43:31.196  1453  1681 V StorageManagerService: Package null has legacy storage
10-30 23:43:31.243  1453  5540 W NotificationService: RemoteViews too large on pkg: com.guardian.security.pri tag: null id: 132510 this might be stripped in a future release
10-30 23:43:31.243  1453  5540 W NotificationService: RemoteViews too large on pkg: com.guardian.security.pri tag: null id: 132510 this might be stripped in a future release
10-30 23:43:31.243  1453  5540 W NotificationService: RemoteViews too large on pkg: com.guardian.security.pri tag: null id: 132510 this might be stripped in a future release
10-30 23:43:31.308  1453  5530 W AppOps  : setUidMode() called with a mode inconsistent with runtime permission state, this is discouraged and you should revoke the runtime permission instead: uid=10125, switchCode=0, mode=4, permission=android.permission.ACCESS_BACKGROUND_LOCATION
10-30 23:43:31.379  1453  1845 V BackupManagerService: [UserID:0] restoreAtInstall pkg=com.novaspirit.usbcleaver token=36 restoreSet=0
10-30 23:43:31.380  1453  1845 V BackupManagerService: [UserID:0] Finishing install immediately
10-30 23:43:31.383  1453  1845 D PackageInstallerSession: Marking session 842661371 as applied
10-30 23:43:31.389  1453  1845 D CompatibilityChangeReporter: Compat change id reported: 168419799; UID 10244; state: DISABLED
10-30 23:43:31.389  1453  1845 D CompatibilityChangeReporter: Compat change id reported: 273564678; UID 10244; state: DISABLED
10-30 23:43:31.400  1453  2914 D CompatibilityChangeReporter: Compat change id reported: 218533173; UID 10244; state: DISABLED
10-30 23:43:31.405  1453  5530 W BroadcastQueue: u0 Receiving a broadcast in packagecom.jr.narutoii requires a permissions review
10-30 23:43:31.405  1453  5530 W BroadcastQueue: Skipping delivery: permission review required for Intent { act=android.intent.action.PACKAGE_ADDED dat=package: flg=0x4000010 (has extras) } from null (pid=1453, uid=1000) to com.jr.narutoii/com.joyriver.engine.proxy.EngineReceiver
10-30 23:43:31.409  1453  1699 W WindowMagnificationMgr: requestConnection duplicated request: connect=false, mConnectionState=DISCONNECTED
10-30 23:43:31.414  1453  1453 I Telecom : DefaultDialerCache: Refreshing default dialer for user 0: now com.google.android.dialer: DDC.oR@A5c
10-30 23:43:31.425  1453  1700 W BroadcastQueue: u0 Receiving a broadcast in packagecom.android.buyer requires a permissions review
10-30 23:43:31.425  1453  1700 W BroadcastQueue: Skipping delivery: permission review required for Intent { act=android.intent.action.PACKAGE_ADDED dat=package: flg=0x4000010 (has extras) } from null (pid=1453, uid=1000) to com.android.buyer/.mRve
10-30 23:43:31.426  1453  1453 V BackupManagerConstants: getFullBackupIntervalMilliseconds(...) returns 86400000
10-30 23:43:31.426  1453  1453 V BackupManagerConstants: getFullBackupRequiredNetworkType(...) returns 2
10-30 23:43:31.426  1453  1453 V BackupManagerConstants: getFullBackupRequireCharging(...) returns true
10-30 23:43:31.434  1453  1700 W BroadcastQueue: Background execution not allowed: receiving Intent { act=android.intent.action.PACKAGE_ADDED dat=package: flg=0x4000010 (has extras) } to com.google.android.packageinstaller/com.android.packageinstaller.PackageInstalledReceiver
10-30 23:43:31.434  1453  1700 W BroadcastQueue: Background execution not allowed: receiving Intent { act=android.intent.action.PACKAGE_ADDED dat=package: flg=0x4000010 (has extras) } to com.android.vending/com.google.android.finsky.packagemonitor.impl.PackageMonitorReceiverImpl$RegisteredReceiver
10-30 23:43:31.434  1453  1700 W BroadcastQueue: Background execution not allowed: receiving Intent { act=android.intent.action.PACKAGE_ADDED dat=package: flg=0x4000010 (has extras) } to com.android.vending/com.google.android.finsky.packagemonitor.backgroundimpl.BackgroundPackageMonitorReceiverImpl$RegisteredReceiver
10-30 23:43:31.434  1453  1700 W BroadcastQueue: Background execution not allowed: receiving Intent { act=android.intent.action.PACKAGE_ADDED dat=package: flg=0x4000010 (has extras) } to com.google.android.gms/.games.chimera.GamesSystemBroadcastReceiverProxy
10-30 23:43:31.434  1453  1700 W BroadcastQueue: Background execution not allowed: receiving Intent { act=android.intent.action.PACKAGE_ADDED dat=package: flg=0x4000010 (has extras) } to com.google.android.gms/.gass.chimera.PackageChangeBroadcastReceiver
10-30 23:43:31.434  1453  1700 W BroadcastQueue: Background execution not allowed: receiving Intent { act=android.intent.action.PACKAGE_ADDED dat=package: flg=0x4000010 (has extras) } to com.google.android.gms/.chimera.GmsIntentOperationService$PersistentTrustedReceiver
10-30 23:43:31.434  1453  1700 W BroadcastQueue: Background execution not allowed: receiving Intent { act=android.intent.action.PACKAGE_ADDED dat=package: flg=0x4000010 (has extras) } to com.google.android.googlequicksearchbox/com.google.android.apps.gsa.googlequicksearchbox.GelStubAppWatcher
10-30 23:43:31.434  1453  1700 W BroadcastQueue: u0 Receiving a broadcast in packagecom.cncd.japan.janli.shudu requires a permissions review
10-30 23:43:31.434  1453  1700 W BroadcastQueue: Skipping delivery: permission review required for Intent { act=android.intent.action.PACKAGE_ADDED dat=package: flg=0x4000010 (has extras) } from null (pid=1453, uid=1000) to com.cncd.japan.janli.shudu/net.l.k.r
10-30 23:43:31.435  1453  1700 W BroadcastQueue: u0 Receiving a broadcast in packagecom.cncd.japan.janli.shudu requires a permissions review
10-30 23:43:31.435  1453  1700 W BroadcastQueue: Skipping delivery: permission review required for Intent { act=android.intent.action.PACKAGE_ADDED dat=package: flg=0x4000010 (has extras) } from null (pid=1453, uid=1000) to com.cncd.japan.janli.shudu/com.feiwofour.coverscreen.SR
10-30 23:43:31.435  1453  1700 W BroadcastQueue: u0 Receiving a broadcast in packagecom.games.mengmeizhitd requires a permissions review
10-30 23:43:31.435  1453  1700 W BroadcastQueue: Skipping delivery: permission review required for Intent { act=android.intent.action.PACKAGE_ADDED dat=package: flg=0x4000010 (has extras) } from null (pid=1453, uid=1000) to com.games.mengmeizhitd/hjnw.ihjnw.i.isqly
10-30 23:43:31.435  1453  1700 W BroadcastQueue: Background execution not allowed: receiving Intent { act=android.intent.action.PACKAGE_ADDED dat=package: flg=0x4000010 (has extras) } to com.guardian.security.pri/com.guardian.security.pro.receiver.BootStrategyReceiver
10-30 23:43:31.435  1453  1700 W BroadcastQueue: Background execution not allowed: receiving Intent { act=android.intent.action.PACKAGE_ADDED dat=package: flg=0x4000010 (has extras) } to com.guardian.security.pri/com.guardian.av.ui.receiver.PackageReceiver
10-30 23:43:31.435  1453  1700 W BroadcastQueue: Background execution not allowed: receiving Intent { act=android.intent.action.PACKAGE_ADDED dat=package: flg=0x4000010 (has extras) } to com.guardian.security.pri/com.la.da.BroadcastReceiver
10-30 23:43:31.435  1453  1700 W BroadcastQueue: u0 Receiving a broadcast in packagecom.hgperfko.yaeghrwx requires a permissions review
10-30 23:43:31.435  1453  1700 W BroadcastQueue: Skipping delivery: permission review required for Intent { act=android.intent.action.PACKAGE_ADDED dat=package: flg=0x4000010 (has extras) } from null (pid=1453, uid=1000) to com.hgperfko.yaeghrwx/.core.hLytdCQDBv
10-30 23:43:31.435  1453  1700 W BroadcastQueue: u0 Receiving a broadcast in packagecom.qiuqiu.dfmc requires a permissions review
10-30 23:43:31.435  1453  1700 W BroadcastQueue: Skipping delivery: permission review required for Intent { act=android.intent.action.PACKAGE_ADDED dat=package: flg=0x4000010 (has extras) } from null (pid=1453, uid=1000) to com.qiuqiu.dfmc/cn.jpush.android.service.PushReceiver
10-30 23:43:31.435  1453  1700 W BroadcastQueue: u0 Receiving a broadcast in packagecom.safesys.viruskiller requires a permissions review
10-30 23:43:31.435  1453  1700 W BroadcastQueue: Skipping delivery: permission review required for Intent { act=android.intent.action.PACKAGE_ADDED dat=package: flg=0x4000010 (has extras) } from null (pid=1453, uid=1000) to com.safesys.viruskiller/.ScanPackageBroadcast
10-30 23:43:31.435  1453  1700 W BroadcastQueue: u0 Receiving a broadcast in packagecom.uc108.mobile.sdgj.bd1 requires a permissions review
10-30 23:43:31.435  1453  1700 W BroadcastQueue: Skipping delivery: permission review required for Intent { act=android.intent.action.PACKAGE_ADDED dat=package: flg=0x4000010 (has extras) } from null (pid=1453, uid=1000) to com.uc108.mobile.sdgj.bd1/com.baidu.tiebasdk.service.InstallReceiver
10-30 23:43:31.435  1453  1700 W BroadcastQueue: u0 Receiving a broadcast in packageio.dcloud.H5BC6BF13 requires a permissions review
10-30 23:43:31.435  1453  1700 W BroadcastQueue: Skipping delivery: permission review required for Intent { act=android.intent.action.PACKAGE_ADDED dat=package: flg=0x4000010 (has extras) } from null (pid=1453, uid=1000) to io.dcloud.H5BC6BF13/io.dcloud.common.adapter.io.DownloadReceiver
10-30 23:43:31.446  1453  1699 W PackageManager: Failed registering loading progress callback. Package is fully loaded.
10-30 23:43:31.447  1453  1841 E VerityUtils: Failed to measure fs-verity, errno 1: /data/app/~~GsYyCx_Awrrjct4Nj2cITw==/com.novaspirit.usbcleaver-tKTDu62cRUlYkbTUod_92Q==/base.apk
10-30 23:43:31.462  1453  5532 D CompatibilityChangeReporter: Compat change id reported: 161252188; UID 10244; state: DISABLED
10-30 23:43:31.467 11977 18629 W PackageParser: Ignoring duplicate uses-permissions/uses-permissions-sdk-m: android.permission.INTERNET in package: com.google.hxz at: Binary XML file line #38
10-30 23:43:31.467 11977 18629 W PackageParser: Ignoring duplicate uses-permissions/uses-permissions-sdk-m: android.permission.READ_PHONE_STATE in package: com.google.hxz at: Binary XML file line #39
10-30 23:43:31.467 11977 18629 W PackageParser: Ignoring duplicate uses-permissions/uses-permissions-sdk-m: android.permission.ACCESS_NETWORK_STATE in package: com.google.hxz at: Binary XML file line #40
10-30 23:43:31.467 11977 18629 W PackageParser: Ignoring duplicate uses-permissions/uses-permissions-sdk-m: android.permission.CHANGE_WIFI_STATE in package: com.google.hxz at: Binary XML file line #43
10-30 23:43:31.467 11977 18629 W PackageParser: Ignoring duplicate uses-permissions/uses-permissions-sdk-m: android.permission.WRITE_EXTERNAL_STORAGE in package: com.google.hxz at: Binary XML file line #44
10-30 23:43:31.467 11977 18629 W PackageParser: Ignoring duplicate uses-permissions/uses-permissions-sdk-m: android.permission.READ_EXTERNAL_STORAGE in package: com.google.hxz at: Binary XML file line #45
10-30 23:43:31.468 11977 18629 W PackageParser: Ignoring duplicate uses-permissions/uses-permissions-sdk-m: android.permission.READ_CONTACTS in package: com.google.hxz at: Binary XML file line #47
10-30 23:43:31.468 11977 18629 W PackageParser: Ignoring duplicate uses-permissions/uses-permissions-sdk-m: android.permission.READ_SMS in package: com.google.hxz at: Binary XML file line #48
10-30 23:43:31.468 11977 18629 W PackageParser: Ignoring duplicate uses-permissions/uses-permissions-sdk-m: android.permission.ACCESS_WIFI_STATE in package: com.google.hxz at: Binary XML file line #51
10-30 23:43:31.468 11977 18629 W PackageParser: Ignoring duplicate uses-permissions/uses-permissions-sdk-m: android.permission.WRITE_SMS in package: com.google.hxz at: Binary XML file line #53
10-30 23:43:31.468 11977 18629 W PackageParser: Ignoring duplicate uses-permissions/uses-permissions-sdk-m: android.permission.RECEIVE_MMS in package: com.google.hxz at: Binary XML file line #54
10-30 23:43:31.468 11977 18629 W PackageParser: Ignoring duplicate uses-permissions/uses-permissions-sdk-m: android.permission.CHANGE_NETWORK_STATE in package: com.google.hxz at: Binary XML file line #55
10-30 23:43:31.468 11977 18629 W PackageParser: Ignoring duplicate uses-permissions/uses-permissions-sdk-m: android.permission.MODIFY_AUDIO_SETTINGS in package: com.google.hxz at: Binary XML file line #57
10-30 23:43:31.474  1453  1453 E NotificationService: Muting recently noisy 0|com.guardian.security.pri|132510|null|10194
10-30 23:43:31.493  1453  1453 I Telecom : DefaultDialerCache: Refreshing default dialer for user 0: now com.google.android.dialer: DDC.oR@A5w
10-30 23:43:31.495  1453  1699 W WindowMagnificationMgr: requestConnection duplicated request: connect=false, mConnectionState=DISCONNECTED
10-30 23:43:31.513  1453  5529 W AppOps  : setUidMode() called with a mode inconsistent with runtime permission state, this is discouraged and you should revoke the runtime permission instead: uid=10125, switchCode=1, mode=4, permission=android.permission.ACCESS_BACKGROUND_LOCATION
10-30 23:43:31.531  1453  5530 W AppOps  : setUidMode() called with a mode inconsistent with runtime permission state, this is discouraged and you should revoke the runtime permission instead: uid=10125, switchCode=0, mode=4, permission=android.permission.ACCESS_BACKGROUND_LOCATION
10-30 23:43:31.539  1453  4161 W BackupTransportManager: Package com.novaspirit.usbcleaver enabled setting: 0
10-30 23:43:31.673  1453  5542 W NotificationService: RemoteViews too large on pkg: com.guardian.security.pri tag: null id: 132510 this might be stripped in a future release
10-30 23:43:31.673  1453  5542 W NotificationService: RemoteViews too large on pkg: com.guardian.security.pri tag: null id: 132510 this might be stripped in a future release
10-30 23:43:31.673  1453  5542 W NotificationService: RemoteViews too large on pkg: com.guardian.security.pri tag: null id: 132510 this might be stripped in a future release
10-30 23:43:31.674  1453  1845 E PackageManager: ERROR: could not load root hash from incremental install
10-30 23:43:31.710  1453  1845 I PackageManager: Integrity check passed for file:///data/app/vmdl1351843365.tmp
10-30 23:43:31.793  1453  1681 V StorageManagerService: Package null has legacy storage
10-30 23:43:31.864  1453  5530 I ActivityManager: Background started FGS: Allowed [callingPackage: com.google.android.apps.wellbeing; callingUid: 10121; uidState: BFGS; intent: Intent { cmp=com.google.android.apps.wellbeing/com.google.apps.tiktok.concurrent.InternalForegroundService (has extras) }; code:BACKGROUND_ACTIVITY_PERMISSION; tempAllowListReason:<null>; targetSdkVersion:33; callerTargetSdkVersion:33; startForegroundCount:0; bindFromPackage:null]
10-30 23:43:31.882  1453  1453 E NotificationService: Muting recently noisy 0|com.guardian.security.pri|132510|null|10194
10-30 23:43:31.900 11977 18630 W PackageParser: Ignoring duplicate uses-permissions/uses-permissions-sdk-m: android.permission.DISABLE_KEYGUARD in package: bzyz.osqak.rcbmn at: Binary XML file line #22
10-30 23:43:31.931  1453  1845 V BackupManagerService: [UserID:0] restoreAtInstall pkg=com.voicebianshengjinglingwc.wxl token=37 restoreSet=0
10-30 23:43:31.932  1453  1845 V BackupManagerService: [UserID:0] Finishing install immediately
10-30 23:43:31.934  1453  1845 D PackageInstallerSession: Marking session 1351843365 as applied
10-30 23:43:31.946  1453  1845 D CompatibilityChangeReporter: Compat change id reported: 168419799; UID 10245; state: DISABLED
10-30 23:43:31.947  1453  1845 D CompatibilityChangeReporter: Compat change id reported: 273564678; UID 10245; state: DISABLED
10-30 23:43:31.951  1453  2914 D CompatibilityChangeReporter: Compat change id reported: 218533173; UID 10245; state: DISABLED
10-30 23:43:31.952  1453  1453 I Telecom : DefaultDialerCache: Refreshing default dialer for user 0: now com.google.android.dialer: DDC.oR@A58
10-30 23:43:31.961  1453  1453 V BackupManagerConstants: getFullBackupIntervalMilliseconds(...) returns 86400000
10-30 23:43:31.961  1453  1453 V BackupManagerConstants: getFullBackupRequiredNetworkType(...) returns 2
10-30 23:43:31.961  1453  1453 V BackupManagerConstants: getFullBackupRequireCharging(...) returns true
10-30 23:43:31.962  1453  1700 W BroadcastQueue: u0 Receiving a broadcast in packagecom.jr.narutoii requires a permissions review
10-30 23:43:31.962  1453  1700 W BroadcastQueue: Skipping delivery: permission review required for Intent { act=android.intent.action.PACKAGE_ADDED dat=package: flg=0x4000010 (has extras) } from null (pid=1453, uid=1000) to com.jr.narutoii/com.joyriver.engine.proxy.EngineReceiver
10-30 23:43:31.963  1453  1700 W BroadcastQueue: u0 Receiving a broadcast in packagecom.android.buyer requires a permissions review
10-30 23:43:31.963  1453  1700 W BroadcastQueue: Skipping delivery: permission review required for Intent { act=android.intent.action.PACKAGE_ADDED dat=package: flg=0x4000010 (has extras) } from null (pid=1453, uid=1000) to com.android.buyer/.mRve
10-30 23:43:31.963  1453  1700 W BroadcastQueue: Background execution not allowed: receiving Intent { act=android.intent.action.PACKAGE_ADDED dat=package: flg=0x4000010 (has extras) } to com.google.android.packageinstaller/com.android.packageinstaller.PackageInstalledReceiver
10-30 23:43:31.963  1453  1700 W BroadcastQueue: Background execution not allowed: receiving Intent { act=android.intent.action.PACKAGE_ADDED dat=package: flg=0x4000010 (has extras) } to com.android.vending/com.google.android.finsky.packagemonitor.impl.PackageMonitorReceiverImpl$RegisteredReceiver
10-30 23:43:31.963  1453  1700 W BroadcastQueue: Background execution not allowed: receiving Intent { act=android.intent.action.PACKAGE_ADDED dat=package: flg=0x4000010 (has extras) } to com.android.vending/com.google.android.finsky.packagemonitor.backgroundimpl.BackgroundPackageMonitorReceiverImpl$RegisteredReceiver
10-30 23:43:31.963  1453  1700 W BroadcastQueue: Background execution not allowed: receiving Intent { act=android.intent.action.PACKAGE_ADDED dat=package: flg=0x4000010 (has extras) } to com.google.android.gms/.games.chimera.GamesSystemBroadcastReceiverProxy
10-30 23:43:31.967  1453  1699 W WindowMagnificationMgr: requestConnection duplicated request: connect=false, mConnectionState=DISCONNECTED
10-30 23:43:31.983  1453  1700 W BroadcastQueue: Background execution not allowed: receiving Intent { act=android.intent.action.PACKAGE_ADDED dat=package: flg=0x4000010 (has extras) } to com.google.android.gms/.gass.chimera.PackageChangeBroadcastReceiver
10-30 23:43:31.983  1453  1700 W BroadcastQueue: Background execution not allowed: receiving Intent { act=android.intent.action.PACKAGE_ADDED dat=package: flg=0x4000010 (has extras) } to com.google.android.gms/.chimera.GmsIntentOperationService$PersistentTrustedReceiver
10-30 23:43:31.983  1453  1700 W BroadcastQueue: Background execution not allowed: receiving Intent { act=android.intent.action.PACKAGE_ADDED dat=package: flg=0x4000010 (has extras) } to com.google.android.googlequicksearchbox/com.google.android.apps.gsa.googlequicksearchbox.GelStubAppWatcher
10-30 23:43:31.983  1453  1700 W BroadcastQueue: u0 Receiving a broadcast in packagecom.cncd.japan.janli.shudu requires a permissions review
10-30 23:43:31.983  1453  1700 W BroadcastQueue: Skipping delivery: permission review required for Intent { act=android.intent.action.PACKAGE_ADDED dat=package: flg=0x4000010 (has extras) } from null (pid=1453, uid=1000) to com.cncd.japan.janli.shudu/net.l.k.r
10-30 23:43:31.983  1453  1700 W BroadcastQueue: u0 Receiving a broadcast in packagecom.cncd.japan.janli.shudu requires a permissions review
10-30 23:43:31.983  1453  1700 W BroadcastQueue: Skipping delivery: permission review required for Intent { act=android.intent.action.PACKAGE_ADDED dat=package: flg=0x4000010 (has extras) } from null (pid=1453, uid=1000) to com.cncd.japan.janli.shudu/com.feiwofour.coverscreen.SR
10-30 23:43:31.983  1453  1700 W BroadcastQueue: u0 Receiving a broadcast in packagecom.games.mengmeizhitd requires a permissions review
10-30 23:43:31.983  1453  1700 W BroadcastQueue: Skipping delivery: permission review required for Intent { act=android.intent.action.PACKAGE_ADDED dat=package: flg=0x4000010 (has extras) } from null (pid=1453, uid=1000) to com.games.mengmeizhitd/hjnw.ihjnw.i.isqly
10-30 23:43:31.983  1453  1700 W BroadcastQueue: Background execution not allowed: receiving Intent { act=android.intent.action.PACKAGE_ADDED dat=package: flg=0x4000010 (has extras) } to com.guardian.security.pri/com.guardian.security.pro.receiver.BootStrategyReceiver
10-30 23:43:31.983  1453  1700 W BroadcastQueue: Background execution not allowed: receiving Intent { act=android.intent.action.PACKAGE_ADDED dat=package: flg=0x4000010 (has extras) } to com.guardian.security.pri/com.guardian.av.ui.receiver.PackageReceiver
10-30 23:43:31.983  1453  1700 W BroadcastQueue: Background execution not allowed: receiving Intent { act=android.intent.action.PACKAGE_ADDED dat=package: flg=0x4000010 (has extras) } to com.guardian.security.pri/com.la.da.BroadcastReceiver
10-30 23:43:31.983  1453  1700 W BroadcastQueue: u0 Receiving a broadcast in packagecom.hgperfko.yaeghrwx requires a permissions review
10-30 23:43:31.983  1453  1700 W BroadcastQueue: Skipping delivery: permission review required for Intent { act=android.intent.action.PACKAGE_ADDED dat=package: flg=0x4000010 (has extras) } from null (pid=1453, uid=1000) to com.hgperfko.yaeghrwx/.core.hLytdCQDBv
10-30 23:43:31.983  1453  1700 W BroadcastQueue: u0 Receiving a broadcast in packagecom.qiuqiu.dfmc requires a permissions review
10-30 23:43:31.983  1453  1700 W BroadcastQueue: Skipping delivery: permission review required for Intent { act=android.intent.action.PACKAGE_ADDED dat=package: flg=0x4000010 (has extras) } from null (pid=1453, uid=1000) to com.qiuqiu.dfmc/cn.jpush.android.service.PushReceiver
10-30 23:43:31.983  1453  1700 W BroadcastQueue: u0 Receiving a broadcast in packagecom.safesys.viruskiller requires a permissions review
10-30 23:43:31.983  1453  1700 W BroadcastQueue: Skipping delivery: permission review required for Intent { act=android.intent.action.PACKAGE_ADDED dat=package: flg=0x4000010 (has extras) } from null (pid=1453, uid=1000) to com.safesys.viruskiller/.ScanPackageBroadcast
10-30 23:43:31.983  1453  1700 W BroadcastQueue: u0 Receiving a broadcast in packagecom.uc108.mobile.sdgj.bd1 requires a permissions review
10-30 23:43:31.983  1453  1700 W BroadcastQueue: Skipping delivery: permission review required for Intent { act=android.intent.action.PACKAGE_ADDED dat=package: flg=0x4000010 (has extras) } from null (pid=1453, uid=1000) to com.uc108.mobile.sdgj.bd1/com.baidu.tiebasdk.service.InstallReceiver
10-30 23:43:31.983  1453  1700 W BroadcastQueue: u0 Receiving a broadcast in packageio.dcloud.H5BC6BF13 requires a permissions review
10-30 23:43:31.983  1453  1700 W BroadcastQueue: Skipping delivery: permission review required for Intent { act=android.intent.action.PACKAGE_ADDED dat=package: flg=0x4000010 (has extras) } from null (pid=1453, uid=1000) to io.dcloud.H5BC6BF13/io.dcloud.common.adapter.io.DownloadReceiver
10-30 23:43:31.999  1453  1453 I Telecom : DefaultDialerCache: Refreshing default dialer for user 0: now com.google.android.dialer: DDC.oR@A6E
10-30 23:43:32.005  1453  4161 W BackupTransportManager: Package com.voicebianshengjinglingwc.wxl enabled setting: 0
10-30 23:43:32.014  1453  1845 E PackageManager: ERROR: could not load root hash from incremental install
10-30 23:43:32.016  1453  1699 W PackageManager: Failed registering loading progress callback. Package is fully loaded.
10-30 23:43:32.020  1453  2039 W PackageParsing: Ignoring duplicate uses-permissions/uses-permissions-sdk-m: android.permission.DISABLE_KEYGUARD in package: zqgd.bwqay.wekcq at: Binary XML file line #22
10-30 23:43:32.021  1453  1841 E VerityUtils: Failed to measure fs-verity, errno 1: /data/app/~~I3vbO6U6KsRW4hZcH91Y3A==/com.voicebianshengjinglingwc.wxl-ctRdnIoeDcL_l2x54K-_FQ==/base.apk
10-30 23:43:32.026  1453  3839 D CompatibilityChangeReporter: Compat change id reported: 161252188; UID 10245; state: DISABLED
10-30 23:43:32.034  1453  1699 W WindowMagnificationMgr: requestConnection duplicated request: connect=false, mConnectionState=DISCONNECTED
10-30 23:43:32.043  1453  1845 I PackageManager: Integrity check passed for file:///data/app/vmdl722317553.tmp
10-30 23:43:32.069  1453  1453 I NotificationService: Cannot find enqueued record for key: 0|com.google.android.apps.wellbeing|174344743|null|10121
10-30 23:43:32.120  1453  5538 D OomAdjuster: Not killing cached processes
10-30 23:43:32.166  1453  1845 W PackageParsing: Ignoring duplicate uses-permissions/uses-permissions-sdk-m: android.permission.DISABLE_KEYGUARD in package: zqgd.bwqay.wekcq at: Binary XML file line #22
10-30 23:43:32.250  1453  1681 V StorageManagerService: Package null has legacy storage
10-30 23:43:32.291  1453  3206 W NotificationService: RemoteViews too large on pkg: com.guardian.security.pri tag: null id: 132510 this might be stripped in a future release
