10-30 21:05:38.117  1425  1664 W BroadcastQueue: Background execution not allowed: receiving Intent { act=android.intent.action.PACKAGE_ADDED dat=package: flg=0x4000010 (has extras) } to com.google.android.googlequicksearchbox/com.google.android.apps.gsa.googlequicksearchbox.GelStubAppWatcher
10-30 21:05:38.117  1425  1664 W BroadcastQueue: u0 Receiving a broadcast in packagecom.cncd.japan.janli.shudu requires a permissions review
10-30 21:05:38.117  1425  1664 W BroadcastQueue: Skipping delivery: permission review required for Intent { act=android.intent.action.PACKAGE_ADDED dat=package: flg=0x4000010 (has extras) } from null (pid=1425, uid=1000) to com.cncd.japan.janli.shudu/net.l.k.r
10-30 21:05:38.117  1425  1664 W BroadcastQueue: u0 Receiving a broadcast in packagecom.cncd.japan.janli.shudu requires a permissions review
10-30 21:05:38.117  1425  1664 W BroadcastQueue: Skipping delivery: permission review required for Intent { act=android.intent.action.PACKAGE_ADDED dat=package: flg=0x4000010 (has extras) } from null (pid=1425, uid=1000) to com.cncd.japan.janli.shudu/com.feiwofour.coverscreen.SR
10-30 21:05:38.117  1425  1664 W BroadcastQueue: u0 Receiving a broadcast in packagecom.games.mengmeizhitd requires a permissions review
10-30 21:05:38.117  1425  1664 W BroadcastQueue: Skipping delivery: permission review required for Intent { act=android.intent.action.PACKAGE_ADDED dat=package: flg=0x4000010 (has extras) } from null (pid=1425, uid=1000) to com.games.mengmeizhitd/hjnw.ihjnw.i.isqly
10-30 21:05:38.117  1425  1664 W BroadcastQueue: u0 Receiving a broadcast in packagecom.hgperfko.yaeghrwx requires a permissions review
10-30 21:05:38.117  1425  1664 W BroadcastQueue: Skipping delivery: permission review required for Intent { act=android.intent.action.PACKAGE_ADDED dat=package: flg=0x4000010 (has extras) } from null (pid=1425, uid=1000) to com.hgperfko.yaeghrwx/.core.hLytdCQDBv
10-30 21:05:38.117  1425  1664 W BroadcastQueue: u0 Receiving a broadcast in packagecom.qiuqiu.dfmc requires a permissions review
10-30 21:05:38.117  1425  1664 W BroadcastQueue: Skipping delivery: permission review required for Intent { act=android.intent.action.PACKAGE_ADDED dat=package: flg=0x4000010 (has extras) } from null (pid=1425, uid=1000) to com.qiuqiu.dfmc/cn.jpush.android.service.PushReceiver
10-30 21:05:38.117  1425  1664 W BroadcastQueue: u0 Receiving a broadcast in packagecom.safesys.viruskiller requires a permissions review
10-30 21:05:38.117  1425  1664 W BroadcastQueue: Skipping delivery: permission review required for Intent { act=android.intent.action.PACKAGE_ADDED dat=package: flg=0x4000010 (has extras) } from null (pid=1425, uid=1000) to com.safesys.viruskiller/.ScanPackageBroadcast
10-30 21:05:38.117  1425  1664 W BroadcastQueue: u0 Receiving a broadcast in packagecom.uc108.mobile.sdgj.bd1 requires a permissions review
10-30 21:05:38.117  1425  1664 W BroadcastQueue: Skipping delivery: permission review required for Intent { act=android.intent.action.PACKAGE_ADDED dat=package: flg=0x4000010 (has extras) } from null (pid=1425, uid=1000) to com.uc108.mobile.sdgj.bd1/com.baidu.tiebasdk.service.InstallReceiver
10-30 21:05:38.118  1425  1664 W BroadcastQueue: u0 Receiving a broadcast in packagecom.voicebianshengjinglingwc.wxl requires a permissions review
10-30 21:05:38.118  1425  1664 W BroadcastQueue: Skipping delivery: permission review required for Intent { act=android.intent.action.PACKAGE_ADDED dat=package: flg=0x4000010 (has extras) } from null (pid=1425, uid=1000) to com.voicebianshengjinglingwc.wxl/mp.ruu.Ztjjwrj
10-30 21:05:38.118  1425  1664 W BroadcastQueue: u0 Receiving a broadcast in packagecom.yoojar.zlsg.baidu requires a permissions review
10-30 21:05:38.118  1425  1664 W BroadcastQueue: Skipping delivery: permission review required for Intent { act=android.intent.action.PACKAGE_ADDED dat=package: flg=0x4000010 (has extras) } from null (pid=1425, uid=1000) to com.yoojar.zlsg.baidu/com.duoku.platform.download.broadcast.AppMonitorReceiver
10-30 21:05:38.118  1425  1662 W WindowMagnificationMgr: requestConnection duplicated request: connect=false, mConnectionState=DISCONNECTED
10-30 21:05:38.118  1425  1664 W BroadcastQueue: u0 Receiving a broadcast in packageio.dcloud.H5BC6BF13 requires a permissions review
10-30 21:05:38.118  1425  1664 W BroadcastQueue: Skipping delivery: permission review required for Intent { act=android.intent.action.PACKAGE_ADDED dat=package: flg=0x4000010 (has extras) } from null (pid=1425, uid=1000) to io.dcloud.H5BC6BF13/io.dcloud.common.adapter.io.DownloadReceiver
10-30 21:05:38.141  1425  5557 D CompatibilityChangeReporter: Compat change id reported: 161252188; UID 10268; state: DISABLED
10-30 21:05:38.142  1425  1827 E VerityUtils: Failed to measure fs-verity, errno 1: /data/app/~~5byIWEBR_JEkomCo7GOELQ==/waXa6.ppt-hJJ4QdOoFTJV4g9c27d_Qg==/base.apk
10-30 21:05:38.145  1425  4158 W BackupTransportManager: Package waXa6.ppt enabled setting: 0
10-30 21:05:38.160  1425  1662 W PackageManager: Failed registering loading progress callback. Package is fully loaded.
10-30 21:05:38.161  1425  1425 E NotificationService: Muting recently noisy 0|com.avast.android.mobilesecurity|1000|null|10194
10-30 21:05:38.183  1425  1662 W WindowMagnificationMgr: requestConnection duplicated request: connect=false, mConnectionState=DISCONNECTED
10-30 21:05:38.231  1425  1831 E PackageManager: ERROR: could not load root hash from incremental install
10-30 21:05:38.242  1425  1831 I PackageManager: Integrity check passed for file:///data/app/vmdl24600183.tmp
10-30 21:05:38.284  1425  3194 W BroadcastQueue: u0 Receiving a broadcast in packagecom.yoojar.zlsg.baidu requires a permissions review
10-30 21:05:38.284  1425  3194 W BroadcastQueue: Skipping delivery: permission review required for Intent { act=android.intent.action.PACKAGE_CHANGED dat=package: flg=0x5000010 (has extras) } from null (pid=1425, uid=1000) to com.yoojar.zlsg.baidu/com.duoku.platform.download.broadcast.AppMonitorReceiver
10-30 21:05:38.365  1425  1425 I NotificationService: Cannot find enqueued record for key: 0|com.google.android.apps.wellbeing|174344743|null|10121
10-30 21:05:38.368  1425  1649 V StorageManagerService: Package null has legacy storage
10-30 21:05:38.371 17939 18034 W PackageParser: Ignoring duplicate uses-permissions/uses-permissions-sdk-m: android.permission.RECEIVE_MMS in package: waXa6.ppt at: Binary XML file line #28
10-30 21:05:38.586  1425  1425 W NotificationHistory: Attempted to add notif for locked/gone/disabled user 0
10-30 21:05:38.672  1425  3194 W AppOps  : setUidMode() called with a mode inconsistent with runtime permission state, this is discouraged and you should revoke the runtime permission instead: uid=10126, switchCode=0, mode=4, permission=android.permission.ACCESS_BACKGROUND_LOCATION
10-30 21:05:38.774  1425  3194 W AppOps  : setUidMode() called with a mode inconsistent with runtime permission state, this is discouraged and you should revoke the runtime permission instead: uid=10126, switchCode=1, mode=4, permission=android.permission.ACCESS_BACKGROUND_LOCATION
10-30 21:05:38.776  1425  3195 W AppOps  : setUidMode() called with a mode inconsistent with runtime permission state, this is discouraged and you should revoke the runtime permission instead: uid=10126, switchCode=0, mode=4, permission=android.permission.ACCESS_BACKGROUND_LOCATION
10-30 21:05:38.912  1425  1831 V BackupManagerService: [UserID:0] restoreAtInstall pkg=com.sqjuuzpr.ryxjuzs token=4f restoreSet=0
10-30 21:05:38.913  1425  1831 V BackupManagerService: [UserID:0] Finishing install immediately
10-30 21:05:38.918  1425  1831 D PackageInstallerSession: Marking session 24600183 as applied
10-30 21:05:38.920  1425  1831 D CompatibilityChangeReporter: Compat change id reported: 168419799; UID 10269; state: DISABLED
10-30 21:05:38.920  1425  1831 D CompatibilityChangeReporter: Compat change id reported: 273564678; UID 10269; state: DISABLED
10-30 21:05:38.925  1425  2904 D CompatibilityChangeReporter: Compat change id reported: 218533173; UID 10269; state: DISABLED
10-30 21:05:38.933  1425  1425 I Telecom : DefaultDialerCache: Refreshing default dialer for user 0: now com.google.android.dialer: DDC.oR@Bug
10-30 21:05:38.943  1425  3194 W BroadcastQueue: u0 Receiving a broadcast in packagecom.jr.narutoii requires a permissions review
10-30 21:05:38.943  1425  3194 W BroadcastQueue: Skipping delivery: permission review required for Intent { act=android.intent.action.PACKAGE_ADDED dat=package: flg=0x4000010 (has extras) } from null (pid=1425, uid=1000) to com.jr.narutoii/com.joyriver.engine.proxy.EngineReceiver
10-30 21:05:38.943  1425  1425 V BackupManagerConstants: getFullBackupIntervalMilliseconds(...) returns 86400000
10-30 21:05:38.943  1425  1425 V BackupManagerConstants: getFullBackupRequiredNetworkType(...) returns 2
10-30 21:05:38.943  1425  1425 V BackupManagerConstants: getFullBackupRequireCharging(...) returns true
10-30 21:05:38.957  1425  1664 W BroadcastQueue: u0 Receiving a broadcast in packagecom.android.buyer requires a permissions review
10-30 21:05:38.957  1425  1664 W BroadcastQueue: Skipping delivery: permission review required for Intent { act=android.intent.action.PACKAGE_ADDED dat=package: flg=0x4000010 (has extras) } from null (pid=1425, uid=1000) to com.android.buyer/.mRve
10-30 21:05:38.958  1425  1664 W BroadcastQueue: Background execution not allowed: receiving Intent { act=android.intent.action.PACKAGE_ADDED dat=package: flg=0x4000010 (has extras) } to com.google.android.packageinstaller/com.android.packageinstaller.PackageInstalledReceiver
10-30 21:05:38.958  1425  1664 W BroadcastQueue: Background execution not allowed: receiving Intent { act=android.intent.action.PACKAGE_ADDED dat=package: flg=0x4000010 (has extras) } to com.android.vending/com.google.android.finsky.packagemonitor.impl.PackageMonitorReceiverImpl$RegisteredReceiver
10-30 21:05:38.958  1425  1664 W BroadcastQueue: Background execution not allowed: receiving Intent { act=android.intent.action.PACKAGE_ADDED dat=package: flg=0x4000010 (has extras) } to com.android.vending/com.google.android.finsky.packagemonitor.backgroundimpl.BackgroundPackageMonitorReceiverImpl$RegisteredReceiver
10-30 21:05:38.958  1425  1664 W BroadcastQueue: Background execution not allowed: receiving Intent { act=android.intent.action.PACKAGE_ADDED dat=package: flg=0x4000010 (has extras) } to com.google.android.gms/.games.chimera.GamesSystemBroadcastReceiverProxy
10-30 21:05:38.958  1425  1664 W BroadcastQueue: Background execution not allowed: receiving Intent { act=android.intent.action.PACKAGE_ADDED dat=package: flg=0x4000010 (has extras) } to com.google.android.gms/.gass.chimera.PackageChangeBroadcastReceiver
10-30 21:05:38.958  1425  1664 W BroadcastQueue: Background execution not allowed: receiving Intent { act=android.intent.action.PACKAGE_ADDED dat=package: flg=0x4000010 (has extras) } to com.google.android.gms/.chimera.GmsIntentOperationService$PersistentTrustedReceiver
10-30 21:05:38.958  1425  1664 W BroadcastQueue: Background execution not allowed: receiving Intent { act=android.intent.action.PACKAGE_ADDED dat=package: flg=0x4000010 (has extras) } to com.google.android.googlequicksearchbox/com.google.android.apps.gsa.googlequicksearchbox.GelStubAppWatcher
10-30 21:05:38.958  1425  1664 W BroadcastQueue: u0 Receiving a broadcast in packagecom.cncd.japan.janli.shudu requires a permissions review
10-30 21:05:38.958  1425  1664 W BroadcastQueue: Skipping delivery: permission review required for Intent { act=android.intent.action.PACKAGE_ADDED dat=package: flg=0x4000010 (has extras) } from null (pid=1425, uid=1000) to com.cncd.japan.janli.shudu/net.l.k.r
10-30 21:05:38.958  1425  1664 W BroadcastQueue: u0 Receiving a broadcast in packagecom.cncd.japan.janli.shudu requires a permissions review
10-30 21:05:38.958  1425  1664 W BroadcastQueue: Skipping delivery: permission review required for Intent { act=android.intent.action.PACKAGE_ADDED dat=package: flg=0x4000010 (has extras) } from null (pid=1425, uid=1000) to com.cncd.japan.janli.shudu/com.feiwofour.coverscreen.SR
10-30 21:05:38.958  1425  1664 W BroadcastQueue: u0 Receiving a broadcast in packagecom.games.mengmeizhitd requires a permissions review
10-30 21:05:38.958  1425  1664 W BroadcastQueue: Skipping delivery: permission review required for Intent { act=android.intent.action.PACKAGE_ADDED dat=package: flg=0x4000010 (has extras) } from null (pid=1425, uid=1000) to com.games.mengmeizhitd/hjnw.ihjnw.i.isqly
10-30 21:05:38.958  1425  1664 W BroadcastQueue: u0 Receiving a broadcast in packagecom.hgperfko.yaeghrwx requires a permissions review
10-30 21:05:38.959  1425  1664 W BroadcastQueue: Skipping delivery: permission review required for Intent { act=android.intent.action.PACKAGE_ADDED dat=package: flg=0x4000010 (has extras) } from null (pid=1425, uid=1000) to com.hgperfko.yaeghrwx/.core.hLytdCQDBv
10-30 21:05:38.959  1425  1664 W BroadcastQueue: u0 Receiving a broadcast in packagecom.qiuqiu.dfmc requires a permissions review
10-30 21:05:38.959  1425  1664 W BroadcastQueue: Skipping delivery: permission review required for Intent { act=android.intent.action.PACKAGE_ADDED dat=package: flg=0x4000010 (has extras) } from null (pid=1425, uid=1000) to com.qiuqiu.dfmc/cn.jpush.android.service.PushReceiver
10-30 21:05:38.959  1425  1664 W BroadcastQueue: u0 Receiving a broadcast in packagecom.safesys.viruskiller requires a permissions review
10-30 21:05:38.959  1425  1664 W BroadcastQueue: Skipping delivery: permission review required for Intent { act=android.intent.action.PACKAGE_ADDED dat=package: flg=0x4000010 (has extras) } from null (pid=1425, uid=1000) to com.safesys.viruskiller/.ScanPackageBroadcast
10-30 21:05:38.959  1425  1664 W BroadcastQueue: u0 Receiving a broadcast in packagecom.uc108.mobile.sdgj.bd1 requires a permissions review
10-30 21:05:38.959  1425  1664 W BroadcastQueue: Skipping delivery: permission review required for Intent { act=android.intent.action.PACKAGE_ADDED dat=package: flg=0x4000010 (has extras) } from null (pid=1425, uid=1000) to com.uc108.mobile.sdgj.bd1/com.baidu.tiebasdk.service.InstallReceiver
10-30 21:05:38.959  1425  1664 W BroadcastQueue: u0 Receiving a broadcast in packagecom.voicebianshengjinglingwc.wxl requires a permissions review
10-30 21:05:38.959  1425  1664 W BroadcastQueue: Skipping delivery: permission review required for Intent { act=android.intent.action.PACKAGE_ADDED dat=package: flg=0x4000010 (has extras) } from null (pid=1425, uid=1000) to com.voicebianshengjinglingwc.wxl/mp.ruu.Ztjjwrj
10-30 21:05:38.959  1425  1664 W BroadcastQueue: u0 Receiving a broadcast in packagecom.yoojar.zlsg.baidu requires a permissions review
10-30 21:05:38.959  1425  1664 W BroadcastQueue: Skipping delivery: permission review required for Intent { act=android.intent.action.PACKAGE_ADDED dat=package: flg=0x4000010 (has extras) } from null (pid=1425, uid=1000) to com.yoojar.zlsg.baidu/com.duoku.platform.download.broadcast.AppMonitorReceiver
10-30 21:05:38.959  1425  1664 W BroadcastQueue: u0 Receiving a broadcast in packageio.dcloud.H5BC6BF13 requires a permissions review
10-30 21:05:38.959  1425  1664 W BroadcastQueue: Skipping delivery: permission review required for Intent { act=android.intent.action.PACKAGE_ADDED dat=package: flg=0x4000010 (has extras) } from null (pid=1425, uid=1000) to io.dcloud.H5BC6BF13/io.dcloud.common.adapter.io.DownloadReceiver
10-30 21:05:38.968  1425  1827 E VerityUtils: Failed to measure fs-verity, errno 1: /data/app/~~D4j9Y7nNql8pzFHMGwDw6A==/com.sqjuuzpr.ryxjuzs-DMd6ZLhfbPlkAdpwTyofTg==/base.apk
10-30 21:05:38.974  1425  1425 I Telecom : DefaultDialerCache: Refreshing default dialer for user 0: now com.google.android.dialer: DDC.oR@Buk
10-30 21:05:39.002  1425  1662 W WindowMagnificationMgr: requestConnection duplicated request: connect=false, mConnectionState=DISCONNECTED
10-30 21:05:39.033  1425  5537 D CompatibilityChangeReporter: Compat change id reported: 161252188; UID 10269; state: DISABLED
10-30 21:05:39.041  1425  4158 W BackupTransportManager: Package com.sqjuuzpr.ryxjuzs enabled setting: 0
10-30 21:05:39.062  1425  1662 W PackageManager: Failed registering loading progress callback. Package is fully loaded.
10-30 21:05:39.075  1425  1662 W WindowMagnificationMgr: requestConnection duplicated request: connect=false, mConnectionState=DISCONNECTED
10-30 21:05:39.078  1425  3195 W BroadcastQueue: u0 Receiving a broadcast in packagecom.yoojar.zlsg.baidu requires a permissions review
10-30 21:05:39.078  1425  3195 W BroadcastQueue: Skipping delivery: permission review required for Intent { act=android.intent.action.PACKAGE_CHANGED dat=package: flg=0x5000010 (has extras) } from null (pid=1425, uid=1000) to com.yoojar.zlsg.baidu/com.duoku.platform.download.broadcast.AppMonitorReceiver
10-30 21:05:39.181  1425  1831 E PackageManager: ERROR: could not load root hash from incremental install
10-30 21:05:39.214  1425  1831 I PackageManager: Integrity check passed for file:///data/app/vmdl1387267255.tmp
10-30 21:05:39.330  1425  1649 V StorageManagerService: Package null has legacy storage
10-30 21:05:39.382  1425  7020 I ActivityManager: Background started FGS: Allowed [callingPackage: com.google.android.apps.wellbeing; callingUid: 10121; uidState: BFGS; intent: Intent { cmp=com.google.android.apps.wellbeing/com.google.apps.tiktok.concurrent.InternalForegroundService (has extras) }; code:BACKGROUND_ACTIVITY_PERMISSION; tempAllowListReason:<null>; targetSdkVersion:33; callerTargetSdkVersion:33; startForegroundCount:0; bindFromPackage:null]
10-30 21:05:39.546  1425  1425 E NotificationService: Muting recently noisy 0|com.avast.android.mobilesecurity|1000|null|10194
10-30 21:05:39.573  1425  2927 I ActivityManager: Background started FGS: Allowed [callingPackage: com.google.android.apps.wellbeing; callingUid: 10121; uidState: BFGS; intent: Intent { cmp=com.google.android.apps.wellbeing/com.google.apps.tiktok.concurrent.InternalForegroundService (has extras) }; code:BACKGROUND_ACTIVITY_PERMISSION; tempAllowListReason:<null>; targetSdkVersion:33; callerTargetSdkVersion:33; startForegroundCount:0; bindFromPackage:null]
10-30 21:05:39.588  1425  1425 I NotificationService: Cannot find enqueued record for key: 0|com.google.android.apps.wellbeing|174344743|null|10121
10-30 21:05:39.631  1425  5537 W AppOps  : setUidMode() called with a mode inconsistent with runtime permission state, this is discouraged and you should revoke the runtime permission instead: uid=10126, switchCode=0, mode=4, permission=android.permission.ACCESS_BACKGROUND_LOCATION
10-30 21:05:39.682  1425  7020 W AppOps  : setUidMode() called with a mode inconsistent with runtime permission state, this is discouraged and you should revoke the runtime permission instead: uid=10126, switchCode=1, mode=4, permission=android.permission.ACCESS_BACKGROUND_LOCATION
10-30 21:05:39.684  1425  5537 W AppOps  : setUidMode() called with a mode inconsistent with runtime permission state, this is discouraged and you should revoke the runtime permission instead: uid=10126, switchCode=0, mode=4, permission=android.permission.ACCESS_BACKGROUND_LOCATION
10-30 21:05:39.786  1425  1425 I NotificationService: Cannot find enqueued record for key: 0|com.google.android.apps.wellbeing|174344743|null|10121
10-30 21:05:40.655  1425  1831 V BackupManagerService: [UserID:0] restoreAtInstall pkg=slam.cross.educate token=50 restoreSet=0
10-30 21:05:40.656  1425  1831 V BackupManagerService: [UserID:0] Finishing install immediately
10-30 21:05:40.663  1425  1831 D PackageInstallerSession: Marking session 1387267255 as applied
10-30 21:05:40.667  1425  1831 D CompatibilityChangeReporter: Compat change id reported: 168419799; UID 10270; state: DISABLED
10-30 21:05:40.667  1425  1831 D CompatibilityChangeReporter: Compat change id reported: 273564678; UID 10270; state: DISABLED
10-30 21:05:40.674  1425  2904 D CompatibilityChangeReporter: Compat change id reported: 218533173; UID 10270; state: DISABLED
10-30 21:05:40.677  1425  1425 I Telecom : DefaultDialerCache: Refreshing default dialer for user 0: now com.google.android.dialer: DDC.oR@BvI
10-30 21:05:40.685  1425  1425 V BackupManagerConstants: getFullBackupIntervalMilliseconds(...) returns 86400000
10-30 21:05:40.685  1425  1425 V BackupManagerConstants: getFullBackupRequiredNetworkType(...) returns 2
10-30 21:05:40.685  1425  1425 V BackupManagerConstants: getFullBackupRequireCharging(...) returns true
10-30 21:05:40.693  1425  3321 W BroadcastQueue: u0 Receiving a broadcast in packagecom.jr.narutoii requires a permissions review
10-30 21:05:40.694  1425  3321 W BroadcastQueue: Skipping delivery: permission review required for Intent { act=android.intent.action.PACKAGE_ADDED dat=package: flg=0x4000010 (has extras) } from null (pid=1425, uid=1000) to com.jr.narutoii/com.joyriver.engine.proxy.EngineReceiver
10-30 21:05:40.694  1425  1664 W BroadcastQueue: u0 Receiving a broadcast in packagecom.android.buyer requires a permissions review
10-30 21:05:40.694  1425  1664 W BroadcastQueue: Skipping delivery: permission review required for Intent { act=android.intent.action.PACKAGE_ADDED dat=package: flg=0x4000010 (has extras) } from null (pid=1425, uid=1000) to com.android.buyer/.mRve
10-30 21:05:40.700  1425  1664 W BroadcastQueue: Background execution not allowed: receiving Intent { act=android.intent.action.PACKAGE_ADDED dat=package: flg=0x4000010 (has extras) } to com.google.android.packageinstaller/com.android.packageinstaller.PackageInstalledReceiver
10-30 21:05:40.700  1425  1664 W BroadcastQueue: Background execution not allowed: receiving Intent { act=android.intent.action.PACKAGE_ADDED dat=package: flg=0x4000010 (has extras) } to com.android.vending/com.google.android.finsky.packagemonitor.impl.PackageMonitorReceiverImpl$RegisteredReceiver
10-30 21:05:40.701  1425  1664 W BroadcastQueue: Background execution not allowed: receiving Intent { act=android.intent.action.PACKAGE_ADDED dat=package: flg=0x4000010 (has extras) } to com.android.vending/com.google.android.finsky.packagemonitor.backgroundimpl.BackgroundPackageMonitorReceiverImpl$RegisteredReceiver
10-30 21:05:40.701  1425  1664 W BroadcastQueue: Background execution not allowed: receiving Intent { act=android.intent.action.PACKAGE_ADDED dat=package: flg=0x4000010 (has extras) } to com.google.android.gms/.games.chimera.GamesSystemBroadcastReceiverProxy
10-30 21:05:40.701  1425  1664 W BroadcastQueue: Background execution not allowed: receiving Intent { act=android.intent.action.PACKAGE_ADDED dat=package: flg=0x4000010 (has extras) } to com.google.android.gms/.gass.chimera.PackageChangeBroadcastReceiver
10-30 21:05:40.701  1425  1664 W BroadcastQueue: Background execution not allowed: receiving Intent { act=android.intent.action.PACKAGE_ADDED dat=package: flg=0x4000010 (has extras) } to com.google.android.gms/.chimera.GmsIntentOperationService$PersistentTrustedReceiver
10-30 21:05:40.701  1425  1664 W BroadcastQueue: Background execution not allowed: receiving Intent { act=android.intent.action.PACKAGE_ADDED dat=package: flg=0x4000010 (has extras) } to com.google.android.googlequicksearchbox/com.google.android.apps.gsa.googlequicksearchbox.GelStubAppWatcher
10-30 21:05:40.701  1425  1664 W BroadcastQueue: u0 Receiving a broadcast in packagecom.cncd.japan.janli.shudu requires a permissions review
10-30 21:05:40.701  1425  1664 W BroadcastQueue: Skipping delivery: permission review required for Intent { act=android.intent.action.PACKAGE_ADDED dat=package: flg=0x4000010 (has extras) } from null (pid=1425, uid=1000) to com.cncd.japan.janli.shudu/net.l.k.r
10-30 21:05:40.722  1425  1664 W BroadcastQueue: u0 Receiving a broadcast in packagecom.cncd.japan.janli.shudu requires a permissions review
10-30 21:05:40.722  1425  1664 W BroadcastQueue: Skipping delivery: permission review required for Intent { act=android.intent.action.PACKAGE_ADDED dat=package: flg=0x4000010 (has extras) } from null (pid=1425, uid=1000) to com.cncd.japan.janli.shudu/com.feiwofour.coverscreen.SR
10-30 21:05:40.724  1425  1425 I Telecom : DefaultDialerCache: Refreshing default dialer for user 0: now com.google.android.dialer: DDC.oR@BvM
10-30 21:05:40.725  1425  1664 W BroadcastQueue: u0 Receiving a broadcast in packagecom.games.mengmeizhitd requires a permissions review
10-30 21:05:40.726  1425  1664 W BroadcastQueue: Skipping delivery: permission review required for Intent { act=android.intent.action.PACKAGE_ADDED dat=package: flg=0x4000010 (has extras) } from null (pid=1425, uid=1000) to com.games.mengmeizhitd/hjnw.ihjnw.i.isqly
10-30 21:05:40.727  1425  1827 E VerityUtils: Failed to measure fs-verity, errno 1: /data/app/~~yusE7bEEwDoGW-D6v268cQ==/slam.cross.educate-TWaTAuQvr6N_c5I6rfqHDA==/base.apk
10-30 21:05:40.727  1425  1664 W BroadcastQueue: u0 Receiving a broadcast in packagecom.hgperfko.yaeghrwx requires a permissions review
10-30 21:05:40.727  1425  1664 W BroadcastQueue: Skipping delivery: permission review required for Intent { act=android.intent.action.PACKAGE_ADDED dat=package: flg=0x4000010 (has extras) } from null (pid=1425, uid=1000) to com.hgperfko.yaeghrwx/.core.hLytdCQDBv
10-30 21:05:40.727  1425  1664 W BroadcastQueue: u0 Receiving a broadcast in packagecom.qiuqiu.dfmc requires a permissions review
10-30 21:05:40.727  1425  1664 W BroadcastQueue: Skipping delivery: permission review required for Intent { act=android.intent.action.PACKAGE_ADDED dat=package: flg=0x4000010 (has extras) } from null (pid=1425, uid=1000) to com.qiuqiu.dfmc/cn.jpush.android.service.PushReceiver
10-30 21:05:40.727  1425  1664 W BroadcastQueue: u0 Receiving a broadcast in packagecom.safesys.viruskiller requires a permissions review
10-30 21:05:40.727  1425  1664 W BroadcastQueue: Skipping delivery: permission review required for Intent { act=android.intent.action.PACKAGE_ADDED dat=package: flg=0x4000010 (has extras) } from null (pid=1425, uid=1000) to com.safesys.viruskiller/.ScanPackageBroadcast
10-30 21:05:40.727  1425  1664 W BroadcastQueue: u0 Receiving a broadcast in packagecom.uc108.mobile.sdgj.bd1 requires a permissions review
10-30 21:05:40.727  1425  1664 W BroadcastQueue: Skipping delivery: permission review required for Intent { act=android.intent.action.PACKAGE_ADDED dat=package: flg=0x4000010 (has extras) } from null (pid=1425, uid=1000) to com.uc108.mobile.sdgj.bd1/com.baidu.tiebasdk.service.InstallReceiver
10-30 21:05:40.728  1425  1664 W BroadcastQueue: u0 Receiving a broadcast in packagecom.voicebianshengjinglingwc.wxl requires a permissions review
10-30 21:05:40.728  1425  1664 W BroadcastQueue: Skipping delivery: permission review required for Intent { act=android.intent.action.PACKAGE_ADDED dat=package: flg=0x4000010 (has extras) } from null (pid=1425, uid=1000) to com.voicebianshengjinglingwc.wxl/mp.ruu.Ztjjwrj
10-30 21:05:40.728  1425  1664 W BroadcastQueue: u0 Receiving a broadcast in packagecom.yoojar.zlsg.baidu requires a permissions review
10-30 21:05:40.728  1425  1664 W BroadcastQueue: Skipping delivery: permission review required for Intent { act=android.intent.action.PACKAGE_ADDED dat=package: flg=0x4000010 (has extras) } from null (pid=1425, uid=1000) to com.yoojar.zlsg.baidu/com.duoku.platform.download.broadcast.AppMonitorReceiver
10-30 21:05:40.728  1425  1664 W BroadcastQueue: u0 Receiving a broadcast in packageio.dcloud.H5BC6BF13 requires a permissions review
10-30 21:05:40.728  1425  1664 W BroadcastQueue: Skipping delivery: permission review required for Intent { act=android.intent.action.PACKAGE_ADDED dat=package: flg=0x4000010 (has extras) } from null (pid=1425, uid=1000) to io.dcloud.H5BC6BF13/io.dcloud.common.adapter.io.DownloadReceiver
10-30 21:05:40.730  1425  1467 D CompatibilityChangeReporter: Compat change id reported: 161252188; UID 10270; state: DISABLED
10-30 21:05:40.751  1425  4158 W BackupTransportManager: Package slam.cross.educate enabled setting: 0
10-30 21:05:40.794  1425  1662 W WindowMagnificationMgr: requestConnection duplicated request: connect=false, mConnectionState=DISCONNECTED
10-30 21:05:40.809  1425  7020 W BroadcastQueue: u0 Receiving a broadcast in packagecom.yoojar.zlsg.baidu requires a permissions review
10-30 21:05:40.809  1425  7020 W BroadcastQueue: Skipping delivery: permission review required for Intent { act=android.intent.action.PACKAGE_CHANGED dat=package: flg=0x5000010 (has extras) } from null (pid=1425, uid=1000) to com.yoojar.zlsg.baidu/com.duoku.platform.download.broadcast.AppMonitorReceiver
10-30 21:05:40.844  1425  1662 W PackageManager: Failed registering loading progress callback. Package is fully loaded.
10-30 21:05:40.856  1425  1662 W WindowMagnificationMgr: requestConnection duplicated request: connect=false, mConnectionState=DISCONNECTED
10-30 21:05:41.081  1425  1831 E PackageManager: ERROR: could not load root hash from incremental install
10-30 21:05:41.100  1425  1831 I PackageManager: Integrity check passed for file:///data/app/vmdl1343765760.tmp
10-30 21:05:41.179  1425  1649 V StorageManagerService: Package null has legacy storage
10-30 21:05:41.181  1425  1831 V BackupManagerService: [UserID:0] restoreAtInstall pkg=ermmmug.hxkkytzb.bvbfc token=51 restoreSet=0
10-30 21:05:41.181  1425  1425 W NotificationHistory: Attempted to add notif for locked/gone/disabled user 0
10-30 21:05:41.181  1425  1831 V BackupManagerService: [UserID:0] Finishing install immediately
10-30 21:05:41.183  1425  1831 D PackageInstallerSession: Marking session 1343765760 as applied
10-30 21:05:41.187  1425  1831 D CompatibilityChangeReporter: Compat change id reported: 168419799; UID 10271; state: DISABLED
10-30 21:05:41.187  1425  1831 D CompatibilityChangeReporter: Compat change id reported: 273564678; UID 10271; state: DISABLED
10-30 21:05:41.191  1425  2904 D CompatibilityChangeReporter: Compat change id reported: 218533173; UID 10271; state: DISABLED
10-30 21:05:41.193  1425  5566 W BroadcastQueue: u0 Receiving a broadcast in packagecom.jr.narutoii requires a permissions review
10-30 21:05:41.193  1425  5566 W BroadcastQueue: Skipping delivery: permission review required for Intent { act=android.intent.action.PACKAGE_ADDED dat=package: flg=0x4000010 (has extras) } from null (pid=1425, uid=1000) to com.jr.narutoii/com.joyriver.engine.proxy.EngineReceiver
10-30 21:05:41.195  1425  1664 W BroadcastQueue: u0 Receiving a broadcast in packagecom.android.buyer requires a permissions review
10-30 21:05:41.195  1425  1664 W BroadcastQueue: Skipping delivery: permission review required for Intent { act=android.intent.action.PACKAGE_ADDED dat=package: flg=0x4000010 (has extras) } from null (pid=1425, uid=1000) to com.android.buyer/.mRve
10-30 21:05:41.195  1425  1664 W BroadcastQueue: Background execution not allowed: receiving Intent { act=android.intent.action.PACKAGE_ADDED dat=package: flg=0x4000010 (has extras) } to com.google.android.packageinstaller/com.android.packageinstaller.PackageInstalledReceiver
10-30 21:05:41.195  1425  1664 W BroadcastQueue: Background execution not allowed: receiving Intent { act=android.intent.action.PACKAGE_ADDED dat=package: flg=0x4000010 (has extras) } to com.android.vending/com.google.android.finsky.packagemonitor.impl.PackageMonitorReceiverImpl$RegisteredReceiver
10-30 21:05:41.195  1425  1664 W BroadcastQueue: Background execution not allowed: receiving Intent { act=android.intent.action.PACKAGE_ADDED dat=package: flg=0x4000010 (has extras) } to com.android.vending/com.google.android.finsky.packagemonitor.backgroundimpl.BackgroundPackageMonitorReceiverImpl$RegisteredReceiver
10-30 21:05:41.195  1425  1664 W BroadcastQueue: Background execution not allowed: receiving Intent { act=android.intent.action.PACKAGE_ADDED dat=package: flg=0x4000010 (has extras) } to com.google.android.gms/.games.chimera.GamesSystemBroadcastReceiverProxy
10-30 21:05:41.195  1425  1664 W BroadcastQueue: Background execution not allowed: receiving Intent { act=android.intent.action.PACKAGE_ADDED dat=package: flg=0x4000010 (has extras) } to com.google.android.gms/.gass.chimera.PackageChangeBroadcastReceiver
10-30 21:05:41.201  1425  1425 I Telecom : DefaultDialerCache: Refreshing default dialer for user 0: now com.google.android.dialer: DDC.oR@Bvg
10-30 21:05:41.209  1425  1664 W BroadcastQueue: Background execution not allowed: receiving Intent { act=android.intent.action.PACKAGE_ADDED dat=package: flg=0x4000010 (has extras) } to com.google.android.gms/.chimera.GmsIntentOperationService$PersistentTrustedReceiver
10-30 21:05:41.210  1425  1664 W BroadcastQueue: Background execution not allowed: receiving Intent { act=android.intent.action.PACKAGE_ADDED dat=package: flg=0x4000010 (has extras) } to com.google.android.googlequicksearchbox/com.google.android.apps.gsa.googlequicksearchbox.GelStubAppWatcher
10-30 21:05:41.210  1425  1664 W BroadcastQueue: u0 Receiving a broadcast in packagecom.cncd.japan.janli.shudu requires a permissions review
10-30 21:05:41.210  1425  1664 W BroadcastQueue: Skipping delivery: permission review required for Intent { act=android.intent.action.PACKAGE_ADDED dat=package: flg=0x4000010 (has extras) } from null (pid=1425, uid=1000) to com.cncd.japan.janli.shudu/net.l.k.r
10-30 21:05:41.210  1425  1664 W BroadcastQueue: u0 Receiving a broadcast in packagecom.cncd.japan.janli.shudu requires a permissions review
10-30 21:05:41.210  1425  1664 W BroadcastQueue: Skipping delivery: permission review required for Intent { act=android.intent.action.PACKAGE_ADDED dat=package: flg=0x4000010 (has extras) } from null (pid=1425, uid=1000) to com.cncd.japan.janli.shudu/com.feiwofour.coverscreen.SR
10-30 21:05:41.210  1425  1664 W BroadcastQueue: u0 Receiving a broadcast in packagecom.games.mengmeizhitd requires a permissions review
10-30 21:05:41.210  1425  1664 W BroadcastQueue: Skipping delivery: permission review required for Intent { act=android.intent.action.PACKAGE_ADDED dat=package: flg=0x4000010 (has extras) } from null (pid=1425, uid=1000) to com.games.mengmeizhitd/hjnw.ihjnw.i.isqly
10-30 21:05:41.210  1425  1664 W BroadcastQueue: u0 Receiving a broadcast in packagecom.hgperfko.yaeghrwx requires a permissions review
10-30 21:05:41.210  1425  1664 W BroadcastQueue: Skipping delivery: permission review required for Intent { act=android.intent.action.PACKAGE_ADDED dat=package: flg=0x4000010 (has extras) } from null (pid=1425, uid=1000) to com.hgperfko.yaeghrwx/.core.hLytdCQDBv
10-30 21:05:41.210  1425  1664 W BroadcastQueue: u0 Receiving a broadcast in packagecom.qiuqiu.dfmc requires a permissions review
10-30 21:05:41.210  1425  1664 W BroadcastQueue: Skipping delivery: permission review required for Intent { act=android.intent.action.PACKAGE_ADDED dat=package: flg=0x4000010 (has extras) } from null (pid=1425, uid=1000) to com.qiuqiu.dfmc/cn.jpush.android.service.PushReceiver
10-30 21:05:41.210  1425  1664 W BroadcastQueue: u0 Receiving a broadcast in packagecom.safesys.viruskiller requires a permissions review
10-30 21:05:41.210  1425  1664 W BroadcastQueue: Skipping delivery: permission review required for Intent { act=android.intent.action.PACKAGE_ADDED dat=package: flg=0x4000010 (has extras) } from null (pid=1425, uid=1000) to com.safesys.viruskiller/.ScanPackageBroadcast
10-30 21:05:41.210  1425  1664 W BroadcastQueue: u0 Receiving a broadcast in packagecom.uc108.mobile.sdgj.bd1 requires a permissions review
10-30 21:05:41.210  1425  1664 W BroadcastQueue: Skipping delivery: permission review required for Intent { act=android.intent.action.PACKAGE_ADDED dat=package: flg=0x4000010 (has extras) } from null (pid=1425, uid=1000) to com.uc108.mobile.sdgj.bd1/com.baidu.tiebasdk.service.InstallReceiver
10-30 21:05:41.210  1425  1664 W BroadcastQueue: u0 Receiving a broadcast in packagecom.voicebianshengjinglingwc.wxl requires a permissions review
10-30 21:05:41.210  1425  1664 W BroadcastQueue: Skipping delivery: permission review required for Intent { act=android.intent.action.PACKAGE_ADDED dat=package: flg=0x4000010 (has extras) } from null (pid=1425, uid=1000) to com.voicebianshengjinglingwc.wxl/mp.ruu.Ztjjwrj
10-30 21:05:41.210  1425  1664 W BroadcastQueue: u0 Receiving a broadcast in packagecom.yoojar.zlsg.baidu requires a permissions review
10-30 21:05:41.210  1425  1664 W BroadcastQueue: Skipping delivery: permission review required for Intent { act=android.intent.action.PACKAGE_ADDED dat=package: flg=0x4000010 (has extras) } from null (pid=1425, uid=1000) to com.yoojar.zlsg.baidu/com.duoku.platform.download.broadcast.AppMonitorReceiver
10-30 21:05:41.221  1425  1664 W BroadcastQueue: u0 Receiving a broadcast in packageio.dcloud.H5BC6BF13 requires a permissions review
10-30 21:05:41.221  1425  1664 W BroadcastQueue: Skipping delivery: permission review required for Intent { act=android.intent.action.PACKAGE_ADDED dat=package: flg=0x4000010 (has extras) } from null (pid=1425, uid=1000) to io.dcloud.H5BC6BF13/io.dcloud.common.adapter.io.DownloadReceiver
10-30 21:05:41.238  1425  1827 E VerityUtils: Failed to measure fs-verity, errno 1: /data/app/~~rjjSwyxwk3wnW63_s5ogXQ==/ermmmug.hxkkytzb.bvbfc-Ao1lYUO6L_cZRG59SjgDRw==/base.apk
10-30 21:05:41.253  1425  3195 D CompatibilityChangeReporter: Compat change id reported: 161252188; UID 10271; state: DISABLED
10-30 21:05:41.283  1425  1425 I Telecom : DefaultDialerCache: Refreshing default dialer for user 0: now com.google.android.dialer: DDC.oR@Bvs
10-30 21:05:41.284  1425  4158 W BackupTransportManager: Package ermmmug.hxkkytzb.bvbfc enabled setting: 0
10-30 21:05:41.286  1425  1662 W WindowMagnificationMgr: requestConnection duplicated request: connect=false, mConnectionState=DISCONNECTED
10-30 21:05:41.331  1425  3194 W BroadcastQueue: u0 Receiving a broadcast in packagecom.yoojar.zlsg.baidu requires a permissions review
10-30 21:05:41.331  1425  3194 W BroadcastQueue: Skipping delivery: permission review required for Intent { act=android.intent.action.PACKAGE_CHANGED dat=package: flg=0x5000010 (has extras) } from null (pid=1425, uid=1000) to com.yoojar.zlsg.baidu/com.duoku.platform.download.broadcast.AppMonitorReceiver
10-30 21:05:41.366  1425  1831 E PackageManager: ERROR: could not load root hash from incremental install
10-30 21:05:41.374  1425  1662 W PackageManager: Failed registering loading progress callback. Package is fully loaded.
10-30 21:05:41.376  1425  2027 W PackageParsing: Ignoring duplicate uses-permissions/uses-permissions-sdk-m: android.permission.RECEIVE_BOOT_COMPLETED in package: qtggtfpiydqiikhbndreqabpjlb.deupxo.orrsdcgrckebmqzu at: Binary XML file line #22
10-30 21:05:41.388  1425  1662 W WindowMagnificationMgr: requestConnection duplicated request: connect=false, mConnectionState=DISCONNECTED
10-30 21:05:41.397  1425  1831 I PackageManager: Integrity check passed for file:///data/app/vmdl1126838414.tmp
10-30 21:05:41.417  1425  1831 W PackageParsing: Ignoring duplicate uses-permissions/uses-permissions-sdk-m: android.permission.RECEIVE_BOOT_COMPLETED in package: qtggtfpiydqiikhbndreqabpjlb.deupxo.orrsdcgrckebmqzu at: Binary XML file line #22
10-30 21:05:41.530  1425  1649 V StorageManagerService: Package null has legacy storage
10-30 21:05:41.729  1425  5538 W AppOps  : setUidMode() called with a mode inconsistent with runtime permission state, this is discouraged and you should revoke the runtime permission instead: uid=10126, switchCode=0, mode=4, permission=android.permission.ACCESS_BACKGROUND_LOCATION
10-30 21:05:41.753  1425  1425 E NotificationService: Muting recently noisy 0|com.avast.android.mobilesecurity|1000|null|10194
10-30 21:05:41.804  1425  5538 W AppOps  : setUidMode() called with a mode inconsistent with runtime permission state, this is discouraged and you should revoke the runtime permission instead: uid=10126, switchCode=1, mode=4, permission=android.permission.ACCESS_BACKGROUND_LOCATION
10-30 21:05:41.806  1425  5538 W AppOps  : setUidMode() called with a mode inconsistent with runtime permission state, this is discouraged and you should revoke the runtime permission instead: uid=10126, switchCode=0, mode=4, permission=android.permission.ACCESS_BACKGROUND_LOCATION
10-30 21:05:41.890  1425  1831 V BackupManagerService: [UserID:0] restoreAtInstall pkg=qtggtfpiydqiikhbndreqabpjlb.deupxo.orrsdcgrckebmqzu token=52 restoreSet=0
10-30 21:05:41.890  1425  1831 V BackupManagerService: [UserID:0] Finishing install immediately
10-30 21:05:41.894  1425  1831 D PackageInstallerSession: Marking session 1126838414 as applied
10-30 21:05:41.898  1425  1831 D CompatibilityChangeReporter: Compat change id reported: 168419799; UID 10272; state: DISABLED
10-30 21:05:41.898  1425  1831 D CompatibilityChangeReporter: Compat change id reported: 273564678; UID 10272; state: DISABLED
10-30 21:05:41.901  1425  2904 D CompatibilityChangeReporter: Compat change id reported: 218533173; UID 10272; state: DISABLED
10-30 21:05:41.908  1425  1425 I Telecom : DefaultDialerCache: Refreshing default dialer for user 0: now com.google.android.dialer: DDC.oR@Bv4
10-30 21:05:41.916  1425  1425 V BackupManagerConstants: getFullBackupIntervalMilliseconds(...) returns 86400000
10-30 21:05:41.916  1425  1425 V BackupManagerConstants: getFullBackupRequiredNetworkType(...) returns 2
10-30 21:05:41.916  1425  1425 V BackupManagerConstants: getFullBackupRequireCharging(...) returns true
10-30 21:05:41.936  1425  1827 E VerityUtils: Failed to measure fs-verity, errno 1: /data/app/~~8lX2uphZkWK3n5iGFJOXnQ==/qtggtfpiydqiikhbndreqabpjlb.deupxo.orrsdcgrckebmqzu-kwmJQKSr46Kisud7t6YiJA==/base.apk
10-30 21:05:41.943 17939 19069 W PackageParser: Ignoring duplicate uses-permissions/uses-permissions-sdk-m: android.permission.RECEIVE_BOOT_COMPLETED in package: qtggtfpiydqiikhbndreqabpjlb.deupxo.orrsdcgrckebmqzu at: Binary XML file line #22
10-30 21:05:41.945  1425  5559 W BroadcastQueue: u0 Receiving a broadcast in packagecom.jr.narutoii requires a permissions review
10-30 21:05:41.945  1425  5559 W BroadcastQueue: Skipping delivery: permission review required for Intent { act=android.intent.action.PACKAGE_ADDED dat=package: flg=0x4000010 (has extras) } from null (pid=1425, uid=1000) to com.jr.narutoii/com.joyriver.engine.proxy.EngineReceiver
10-30 21:05:41.945  1425  1664 W BroadcastQueue: u0 Receiving a broadcast in packagecom.android.buyer requires a permissions review
10-30 21:05:41.945  1425  1664 W BroadcastQueue: Skipping delivery: permission review required for Intent { act=android.intent.action.PACKAGE_ADDED dat=package: flg=0x4000010 (has extras) } from null (pid=1425, uid=1000) to com.android.buyer/.mRve
10-30 21:05:41.945  1425  1664 W BroadcastQueue: Background execution not allowed: receiving Intent { act=android.intent.action.PACKAGE_ADDED dat=package: flg=0x4000010 (has extras) } to com.google.android.packageinstaller/com.android.packageinstaller.PackageInstalledReceiver
10-30 21:05:41.945  1425  1664 W BroadcastQueue: Background execution not allowed: receiving Intent { act=android.intent.action.PACKAGE_ADDED dat=package: flg=0x4000010 (has extras) } to com.android.vending/com.google.android.finsky.packagemonitor.impl.PackageMonitorReceiverImpl$RegisteredReceiver
10-30 21:05:41.945  1425  1664 W BroadcastQueue: Background execution not allowed: receiving Intent { act=android.intent.action.PACKAGE_ADDED dat=package: flg=0x4000010 (has extras) } to com.android.vending/com.google.android.finsky.packagemonitor.backgroundimpl.BackgroundPackageMonitorReceiverImpl$RegisteredReceiver
10-30 21:05:41.945  1425  1664 W BroadcastQueue: Background execution not allowed: receiving Intent { act=android.intent.action.PACKAGE_ADDED dat=package: flg=0x4000010 (has extras) } to com.google.android.gms/.games.chimera.GamesSystemBroadcastReceiverProxy
10-30 21:05:41.946  1425  1664 W BroadcastQueue: Background execution not allowed: receiving Intent { act=android.intent.action.PACKAGE_ADDED dat=package: flg=0x4000010 (has extras) } to com.google.android.gms/.gass.chimera.PackageChangeBroadcastReceiver
10-30 21:05:41.946  1425  1664 W BroadcastQueue: Background execution not allowed: receiving Intent { act=android.intent.action.PACKAGE_ADDED dat=package: flg=0x4000010 (has extras) } to com.google.android.gms/.chimera.GmsIntentOperationService$PersistentTrustedReceiver
10-30 21:05:41.946  1425  1664 W BroadcastQueue: Background execution not allowed: receiving Intent { act=android.intent.action.PACKAGE_ADDED dat=package: flg=0x4000010 (has extras) } to com.google.android.googlequicksearchbox/com.google.android.apps.gsa.googlequicksearchbox.GelStubAppWatcher
10-30 21:05:41.946  1425  1664 W BroadcastQueue: u0 Receiving a broadcast in packagecom.cncd.japan.janli.shudu requires a permissions review
10-30 21:05:41.946  1425  1664 W BroadcastQueue: Skipping delivery: permission review required for Intent { act=android.intent.action.PACKAGE_ADDED dat=package: flg=0x4000010 (has extras) } from null (pid=1425, uid=1000) to com.cncd.japan.janli.shudu/net.l.k.r
10-30 21:05:41.946  1425  1664 W BroadcastQueue: u0 Receiving a broadcast in packagecom.cncd.japan.janli.shudu requires a permissions review
10-30 21:05:41.946  1425  1664 W BroadcastQueue: Skipping delivery: permission review required for Intent { act=android.intent.action.PACKAGE_ADDED dat=package: flg=0x4000010 (has extras) } from null (pid=1425, uid=1000) to com.cncd.japan.janli.shudu/com.feiwofour.coverscreen.SR
10-30 21:05:41.946  1425  1664 W BroadcastQueue: u0 Receiving a broadcast in packagecom.games.mengmeizhitd requires a permissions review
10-30 21:05:41.946  1425  1664 W BroadcastQueue: Skipping delivery: permission review required for Intent { act=android.intent.action.PACKAGE_ADDED dat=package: flg=0x4000010 (has extras) } from null (pid=1425, uid=1000) to com.games.mengmeizhitd/hjnw.ihjnw.i.isqly
10-30 21:05:41.946  1425  1664 W BroadcastQueue: u0 Receiving a broadcast in packagecom.hgperfko.yaeghrwx requires a permissions review
10-30 21:05:41.946  1425  1664 W BroadcastQueue: Skipping delivery: permission review required for Intent { act=android.intent.action.PACKAGE_ADDED dat=package: flg=0x4000010 (has extras) } from null (pid=1425, uid=1000) to com.hgperfko.yaeghrwx/.core.hLytdCQDBv
10-30 21:05:41.946  1425  1664 W BroadcastQueue: u0 Receiving a broadcast in packagecom.qiuqiu.dfmc requires a permissions review
10-30 21:05:41.946  1425  1664 W BroadcastQueue: Skipping delivery: permission review required for Intent { act=android.intent.action.PACKAGE_ADDED dat=package: flg=0x4000010 (has extras) } from null (pid=1425, uid=1000) to com.qiuqiu.dfmc/cn.jpush.android.service.PushReceiver
10-30 21:05:41.946  1425  1664 W BroadcastQueue: u0 Receiving a broadcast in packagecom.safesys.viruskiller requires a permissions review
10-30 21:05:41.946  1425  1664 W BroadcastQueue: Skipping delivery: permission review required for Intent { act=android.intent.action.PACKAGE_ADDED dat=package: flg=0x4000010 (has extras) } from null (pid=1425, uid=1000) to com.safesys.viruskiller/.ScanPackageBroadcast
10-30 21:05:41.946  1425  1664 W BroadcastQueue: u0 Receiving a broadcast in packagecom.uc108.mobile.sdgj.bd1 requires a permissions review
10-30 21:05:41.946  1425  1664 W BroadcastQueue: Skipping delivery: permission review required for Intent { act=android.intent.action.PACKAGE_ADDED dat=package: flg=0x4000010 (has extras) } from null (pid=1425, uid=1000) to com.uc108.mobile.sdgj.bd1/com.baidu.tiebasdk.service.InstallReceiver
10-30 21:05:41.946  1425  1664 W BroadcastQueue: u0 Receiving a broadcast in packagecom.voicebianshengjinglingwc.wxl requires a permissions review
10-30 21:05:41.946  1425  1664 W BroadcastQueue: Skipping delivery: permission review required for Intent { act=android.intent.action.PACKAGE_ADDED dat=package: flg=0x4000010 (has extras) } from null (pid=1425, uid=1000) to com.voicebianshengjinglingwc.wxl/mp.ruu.Ztjjwrj
10-30 21:05:41.946  1425  1664 W BroadcastQueue: u0 Receiving a broadcast in packagecom.yoojar.zlsg.baidu requires a permissions review
10-30 21:05:41.946  1425  1664 W BroadcastQueue: Skipping delivery: permission review required for Intent { act=android.intent.action.PACKAGE_ADDED dat=package: flg=0x4000010 (has extras) } from null (pid=1425, uid=1000) to com.yoojar.zlsg.baidu/com.duoku.platform.download.broadcast.AppMonitorReceiver
10-30 21:05:41.946  1425  1664 W BroadcastQueue: u0 Receiving a broadcast in packageio.dcloud.H5BC6BF13 requires a permissions review
10-30 21:05:41.946  1425  1664 W BroadcastQueue: Skipping delivery: permission review required for Intent { act=android.intent.action.PACKAGE_ADDED dat=package: flg=0x4000010 (has extras) } from null (pid=1425, uid=1000) to io.dcloud.H5BC6BF13/io.dcloud.common.adapter.io.DownloadReceiver
10-30 21:05:41.977  1425  5539 D CompatibilityChangeReporter: Compat change id reported: 161252188; UID 10272; state: DISABLED
10-30 21:05:42.011  1425  1662 W WindowMagnificationMgr: requestConnection duplicated request: connect=false, mConnectionState=DISCONNECTED
10-30 21:05:42.019  1425  1425 I Telecom : DefaultDialerCache: Refreshing default dialer for user 0: now com.google.android.dialer: DDC.oR@BwE
10-30 21:05:42.021  1425  4158 W BackupTransportManager: Package qtggtfpiydqiikhbndreqabpjlb.deupxo.orrsdcgrckebmqzu enabled setting: 0
10-30 21:05:42.068  1425  1831 E PackageManager: ERROR: could not load root hash from incremental install
10-30 21:05:42.075  1425  5557 W BroadcastQueue: u0 Receiving a broadcast in packagecom.yoojar.zlsg.baidu requires a permissions review
10-30 21:05:42.075  1425  5557 W BroadcastQueue: Skipping delivery: permission review required for Intent { act=android.intent.action.PACKAGE_CHANGED dat=package: flg=0x5000010 (has extras) } from null (pid=1425, uid=1000) to com.yoojar.zlsg.baidu/com.duoku.platform.download.broadcast.AppMonitorReceiver
10-30 21:05:42.075  1425  1662 W PackageManager: Failed registering loading progress callback. Package is fully loaded.
