10-30 21:05:20.367  1425  1831 W PackageParsing: Ignoring duplicate uses-permissions/uses-permissions-sdk-m: android.permission.ACCESS_WIFI_STATE in package: com.android.msc at: Binary XML file line #17
10-30 21:05:20.439  1425  1649 V StorageManagerService: Package null has legacy storage
10-30 21:05:20.455  1425  1831 V BackupManagerService: [UserID:0] restoreAtInstall pkg=com.android.msc token=30 restoreSet=0
10-30 21:05:20.455  1425  1831 V BackupManagerService: [UserID:0] Finishing install immediately
10-30 21:05:20.457  1425  1831 D PackageInstallerSession: Marking session 119138452 as applied
10-30 21:05:20.464  1425  1831 D CompatibilityChangeReporter: Compat change id reported: 168419799; UID 10238; state: DISABLED
10-30 21:05:20.464  1425  1831 D CompatibilityChangeReporter: Compat change id reported: 273564678; UID 10238; state: DISABLED
10-30 21:05:20.470  1425  2904 D CompatibilityChangeReporter: Compat change id reported: 218533173; UID 10238; state: DISABLED
10-30 21:05:20.475  1425  5568 W BroadcastQueue: u0 Receiving a broadcast in packagecom.android.buyer requires a permissions review
10-30 21:05:20.475  1425  5568 W BroadcastQueue: Skipping delivery: permission review required for Intent { act=android.intent.action.PACKAGE_ADDED dat=package: flg=0x4000010 (has extras) } from null (pid=1425, uid=1000) to com.android.buyer/.mRve
10-30 21:05:20.483  1425  1664 W BroadcastQueue: Background execution not allowed: receiving Intent { act=android.intent.action.PACKAGE_ADDED dat=package: flg=0x4000010 (has extras) } to com.google.android.packageinstaller/com.android.packageinstaller.PackageInstalledReceiver
10-30 21:05:20.483  1425  1664 W BroadcastQueue: Background execution not allowed: receiving Intent { act=android.intent.action.PACKAGE_ADDED dat=package: flg=0x4000010 (has extras) } to com.android.vending/com.google.android.finsky.packagemonitor.impl.PackageMonitorReceiverImpl$RegisteredReceiver
10-30 21:05:20.483  1425  1664 W BroadcastQueue: Background execution not allowed: receiving Intent { act=android.intent.action.PACKAGE_ADDED dat=package: flg=0x4000010 (has extras) } to com.android.vending/com.google.android.finsky.packagemonitor.backgroundimpl.BackgroundPackageMonitorReceiverImpl$RegisteredReceiver
10-30 21:05:20.483  1425  1664 W BroadcastQueue: Background execution not allowed: receiving Intent { act=android.intent.action.PACKAGE_ADDED dat=package: flg=0x4000010 (has extras) } to com.google.android.gms/.games.chimera.GamesSystemBroadcastReceiverProxy
10-30 21:05:20.483  1425  1664 W BroadcastQueue: Background execution not allowed: receiving Intent { act=android.intent.action.PACKAGE_ADDED dat=package: flg=0x4000010 (has extras) } to com.google.android.gms/.gass.chimera.PackageChangeBroadcastReceiver
10-30 21:05:20.483  1425  1664 W BroadcastQueue: Background execution not allowed: receiving Intent { act=android.intent.action.PACKAGE_ADDED dat=package: flg=0x4000010 (has extras) } to com.google.android.gms/.chimera.GmsIntentOperationService$PersistentTrustedReceiver
10-30 21:05:20.483  1425  1664 W BroadcastQueue: Background execution not allowed: receiving Intent { act=android.intent.action.PACKAGE_ADDED dat=package: flg=0x4000010 (has extras) } to com.google.android.googlequicksearchbox/com.google.android.apps.gsa.googlequicksearchbox.GelStubAppWatcher
10-30 21:05:20.484  1425  1664 W BroadcastQueue: u0 Receiving a broadcast in packagecom.cncd.japan.janli.shudu requires a permissions review
10-30 21:05:20.484  1425  1664 W BroadcastQueue: Skipping delivery: permission review required for Intent { act=android.intent.action.PACKAGE_ADDED dat=package: flg=0x4000010 (has extras) } from null (pid=1425, uid=1000) to com.cncd.japan.janli.shudu/net.l.k.r
10-30 21:05:20.484  1425  1664 W BroadcastQueue: u0 Receiving a broadcast in packagecom.cncd.japan.janli.shudu requires a permissions review
10-30 21:05:20.484  1425  1664 W BroadcastQueue: Skipping delivery: permission review required for Intent { act=android.intent.action.PACKAGE_ADDED dat=package: flg=0x4000010 (has extras) } from null (pid=1425, uid=1000) to com.cncd.japan.janli.shudu/com.feiwofour.coverscreen.SR
10-30 21:05:20.484  1425  1664 W BroadcastQueue: u0 Receiving a broadcast in packagecom.games.mengmeizhitd requires a permissions review
10-30 21:05:20.484  1425  1664 W BroadcastQueue: Skipping delivery: permission review required for Intent { act=android.intent.action.PACKAGE_ADDED dat=package: flg=0x4000010 (has extras) } from null (pid=1425, uid=1000) to com.games.mengmeizhitd/hjnw.ihjnw.i.isqly
10-30 21:05:20.485  1425  1664 W BroadcastQueue: u0 Receiving a broadcast in packagecom.hgperfko.yaeghrwx requires a permissions review
10-30 21:05:20.485  1425  1664 W BroadcastQueue: Skipping delivery: permission review required for Intent { act=android.intent.action.PACKAGE_ADDED dat=package: flg=0x4000010 (has extras) } from null (pid=1425, uid=1000) to com.hgperfko.yaeghrwx/.core.hLytdCQDBv
10-30 21:05:20.485  1425  1664 W BroadcastQueue: u0 Receiving a broadcast in packagecom.qiuqiu.dfmc requires a permissions review
10-30 21:05:20.485  1425  1664 W BroadcastQueue: Skipping delivery: permission review required for Intent { act=android.intent.action.PACKAGE_ADDED dat=package: flg=0x4000010 (has extras) } from null (pid=1425, uid=1000) to com.qiuqiu.dfmc/cn.jpush.android.service.PushReceiver
10-30 21:05:20.485  1425  1664 W BroadcastQueue: u0 Receiving a broadcast in packagecom.safesys.viruskiller requires a permissions review
10-30 21:05:20.485  1425  1664 W BroadcastQueue: Skipping delivery: permission review required for Intent { act=android.intent.action.PACKAGE_ADDED dat=package: flg=0x4000010 (has extras) } from null (pid=1425, uid=1000) to com.safesys.viruskiller/.ScanPackageBroadcast
10-30 21:05:20.490  1425  1662 W WindowMagnificationMgr: requestConnection duplicated request: connect=false, mConnectionState=DISCONNECTED
10-30 21:05:20.491  1425  1664 W BroadcastQueue: u0 Receiving a broadcast in packagecom.uc108.mobile.sdgj.bd1 requires a permissions review
10-30 21:05:20.491  1425  1664 W BroadcastQueue: Skipping delivery: permission review required for Intent { act=android.intent.action.PACKAGE_ADDED dat=package: flg=0x4000010 (has extras) } from null (pid=1425, uid=1000) to com.uc108.mobile.sdgj.bd1/com.baidu.tiebasdk.service.InstallReceiver
10-30 21:05:20.491  1425  1664 W BroadcastQueue: u0 Receiving a broadcast in packageio.dcloud.H5BC6BF13 requires a permissions review
10-30 21:05:20.491  1425  1664 W BroadcastQueue: Skipping delivery: permission review required for Intent { act=android.intent.action.PACKAGE_ADDED dat=package: flg=0x4000010 (has extras) } from null (pid=1425, uid=1000) to io.dcloud.H5BC6BF13/io.dcloud.common.adapter.io.DownloadReceiver
10-30 21:05:20.492  1425  1425 I Telecom : DefaultDialerCache: Refreshing default dialer for user 0: now com.google.android.dialer: DDC.oR@BhI
10-30 21:05:20.518 17939 19189 W PackageParser: Ignoring duplicate uses-permissions/uses-permissions-sdk-m: android.permission.ACCESS_WIFI_STATE in package: com.android.msc at: Binary XML file line #17
10-30 21:05:20.534  1425  1425 V BackupManagerConstants: getFullBackupIntervalMilliseconds(...) returns 86400000
10-30 21:05:20.534  1425  1425 V BackupManagerConstants: getFullBackupRequiredNetworkType(...) returns 2
10-30 21:05:20.534  1425  1425 V BackupManagerConstants: getFullBackupRequireCharging(...) returns true
10-30 21:05:20.541  1425  1827 E VerityUtils: Failed to measure fs-verity, errno 1: /data/app/~~gCG9Ullda7BXwtqGgFnsNQ==/com.android.msc-UmoTQw0EhDidz0x0afKHXw==/base.apk
10-30 21:05:20.560  1425  1425 I Telecom : DefaultDialerCache: Refreshing default dialer for user 0: now com.google.android.dialer: DDC.oR@BhU
10-30 21:05:20.561  1425  4158 W BackupTransportManager: Package com.android.msc enabled setting: 0
10-30 21:05:20.581  1425  2927 D CompatibilityChangeReporter: Compat change id reported: 161252188; UID 10238; state: DISABLED
10-30 21:05:20.602  1425  1662 W PackageManager: Failed registering loading progress callback. Package is fully loaded.
10-30 21:05:20.617  1425  1662 W WindowMagnificationMgr: requestConnection duplicated request: connect=false, mConnectionState=DISCONNECTED
10-30 21:05:20.747 17939 17996 W PackageParser: Ignoring duplicate uses-permissions/uses-permissions-sdk-m: android.permission.ACCESS_WIFI_STATE in package: com.android.msc at: Binary XML file line #17
10-30 21:05:20.806  1425  5565 W AppOps  : setUidMode() called with a mode inconsistent with runtime permission state, this is discouraged and you should revoke the runtime permission instead: uid=10126, switchCode=0, mode=4, permission=android.permission.ACCESS_BACKGROUND_LOCATION
10-30 21:05:20.836  1425  1425 E NotificationService: Muting recently noisy 0|com.avast.android.mobilesecurity|1000|null|10194
10-30 21:05:20.888  1425  5560 W AppOps  : setUidMode() called with a mode inconsistent with runtime permission state, this is discouraged and you should revoke the runtime permission instead: uid=10126, switchCode=1, mode=4, permission=android.permission.ACCESS_BACKGROUND_LOCATION
10-30 21:05:20.892  1425  5560 W AppOps  : setUidMode() called with a mode inconsistent with runtime permission state, this is discouraged and you should revoke the runtime permission instead: uid=10126, switchCode=0, mode=4, permission=android.permission.ACCESS_BACKGROUND_LOCATION
10-30 21:05:20.957  1425  1425 E NotificationService: Muting recently noisy 0|com.avast.android.mobilesecurity|1000|null|10194
10-30 21:05:21.031  1425  1831 E PackageManager: ERROR: could not load root hash from incremental install
10-30 21:05:21.038  1425  2027 W PackageParsing: Ignoring duplicate uses-permissions/uses-permissions-sdk-m: android.permission.INTERNET in package: com.jr.narutoii at: Binary XML file line #10
10-30 21:05:21.038  1425  2027 W PackageParsing: Ignoring duplicate uses-permissions/uses-permissions-sdk-m: android.permission.ACCESS_NETWORK_STATE in package: com.jr.narutoii at: Binary XML file line #11
10-30 21:05:21.038  1425  2027 W PackageParsing: Ignoring duplicate uses-permissions/uses-permissions-sdk-m: android.permission.MOUNT_UNMOUNT_FILESYSTEMS in package: com.jr.narutoii at: Binary XML file line #13
10-30 21:05:21.038  1425  2027 W PackageParsing: Ignoring duplicate uses-permissions/uses-permissions-sdk-m: android.permission.WRITE_EXTERNAL_STORAGE in package: com.jr.narutoii at: Binary XML file line #14
10-30 21:05:21.038  1425  2027 W PackageParsing: Ignoring duplicate uses-permissions/uses-permissions-sdk-m: android.permission.INTERNET in package: com.jr.narutoii at: Binary XML file line #20
10-30 21:05:21.038  1425  2027 W PackageParsing: Ignoring duplicate uses-permissions/uses-permissions-sdk-m: android.permission.ACCESS_NETWORK_STATE in package: com.jr.narutoii at: Binary XML file line #21
10-30 21:05:21.038  1425  2027 W PackageParsing: Ignoring duplicate uses-permissions/uses-permissions-sdk-m: android.permission.READ_PHONE_STATE in package: com.jr.narutoii at: Binary XML file line #22
10-30 21:05:21.038  1425  2027 W PackageParsing: Ignoring duplicate uses-permissions/uses-permissions-sdk-m: android.permission.READ_PHONE_STATE in package: com.jr.narutoii at: Binary XML file line #35
10-30 21:05:21.038  1425  2027 W PackageParsing: Ignoring duplicate uses-permissions/uses-permissions-sdk-m: android.permission.ACCESS_NETWORK_STATE in package: com.jr.narutoii at: Binary XML file line #36
10-30 21:05:21.038  1425  2027 W PackageParsing: Ignoring duplicate uses-permissions/uses-permissions-sdk-m: android.permission.ACCESS_WIFI_STATE in package: com.jr.narutoii at: Binary XML file line #37
10-30 21:05:21.038  1425  2027 W PackageParsing: Ignoring duplicate uses-permissions/uses-permissions-sdk-m: android.permission.INTERNET in package: com.jr.narutoii at: Binary XML file line #38
10-30 21:05:21.038  1425  2027 W PackageParsing: Ignoring duplicate uses-permissions/uses-permissions-sdk-m: android.permission.WRITE_EXTERNAL_STORAGE in package: com.jr.narutoii at: Binary XML file line #39
10-30 21:05:21.038  1425  2027 W PackageParsing: Ignoring duplicate uses-permissions/uses-permissions-sdk-m: android.permission.READ_SMS in package: com.jr.narutoii at: Binary XML file line #48
10-30 21:05:21.038  1425  2027 W PackageParsing: Ignoring duplicate uses-permissions/uses-permissions-sdk-m: android.permission.SEND_SMS in package: com.jr.narutoii at: Binary XML file line #49
10-30 21:05:21.038  1425  2027 W PackageParsing: Ignoring duplicate uses-permissions/uses-permissions-sdk-m: android.permission.WRITE_SMS in package: com.jr.narutoii at: Binary XML file line #50
10-30 21:05:21.039  1425  2027 W PackageParsing: Ignoring duplicate uses-permissions/uses-permissions-sdk-m: android.permission.VIBRATE in package: com.jr.narutoii at: Binary XML file line #51
10-30 21:05:21.039  1425  2027 W PackageParsing: Ignoring duplicate uses-permissions/uses-permissions-sdk-m: android.permission.RECEIVE_BOOT_COMPLETED in package: com.jr.narutoii at: Binary XML file line #55
10-30 21:05:21.041  1425  2027 W PackageParsing: Ignoring duplicate uses-permissions/uses-permissions-sdk-m: android.permission.INTERNET in package: com.jr.narutoii at: Binary XML file line #142
10-30 21:05:21.060  1425  1831 I PackageManager: Integrity check passed for file:///data/app/vmdl96851605.tmp
10-30 21:05:21.067  1425  1831 W PackageParsing: Ignoring duplicate uses-permissions/uses-permissions-sdk-m: android.permission.INTERNET in package: com.jr.narutoii at: Binary XML file line #10
10-30 21:05:21.067  1425  1831 W PackageParsing: Ignoring duplicate uses-permissions/uses-permissions-sdk-m: android.permission.ACCESS_NETWORK_STATE in package: com.jr.narutoii at: Binary XML file line #11
10-30 21:05:21.067  1425  1831 W PackageParsing: Ignoring duplicate uses-permissions/uses-permissions-sdk-m: android.permission.MOUNT_UNMOUNT_FILESYSTEMS in package: com.jr.narutoii at: Binary XML file line #13
10-30 21:05:21.067  1425  1831 W PackageParsing: Ignoring duplicate uses-permissions/uses-permissions-sdk-m: android.permission.WRITE_EXTERNAL_STORAGE in package: com.jr.narutoii at: Binary XML file line #14
10-30 21:05:21.068  1425  1831 W PackageParsing: Ignoring duplicate uses-permissions/uses-permissions-sdk-m: android.permission.INTERNET in package: com.jr.narutoii at: Binary XML file line #20
10-30 21:05:21.068  1425  1831 W PackageParsing: Ignoring duplicate uses-permissions/uses-permissions-sdk-m: android.permission.ACCESS_NETWORK_STATE in package: com.jr.narutoii at: Binary XML file line #21
10-30 21:05:21.068  1425  1831 W PackageParsing: Ignoring duplicate uses-permissions/uses-permissions-sdk-m: android.permission.READ_PHONE_STATE in package: com.jr.narutoii at: Binary XML file line #22
10-30 21:05:21.068  1425  1831 W PackageParsing: Ignoring duplicate uses-permissions/uses-permissions-sdk-m: android.permission.READ_PHONE_STATE in package: com.jr.narutoii at: Binary XML file line #35
10-30 21:05:21.068  1425  1831 W PackageParsing: Ignoring duplicate uses-permissions/uses-permissions-sdk-m: android.permission.ACCESS_NETWORK_STATE in package: com.jr.narutoii at: Binary XML file line #36
10-30 21:05:21.068  1425  1831 W PackageParsing: Ignoring duplicate uses-permissions/uses-permissions-sdk-m: android.permission.ACCESS_WIFI_STATE in package: com.jr.narutoii at: Binary XML file line #37
10-30 21:05:21.068  1425  1831 W PackageParsing: Ignoring duplicate uses-permissions/uses-permissions-sdk-m: android.permission.INTERNET in package: com.jr.narutoii at: Binary XML file line #38
10-30 21:05:21.068  1425  1831 W PackageParsing: Ignoring duplicate uses-permissions/uses-permissions-sdk-m: android.permission.WRITE_EXTERNAL_STORAGE in package: com.jr.narutoii at: Binary XML file line #39
10-30 21:05:21.068  1425  1831 W PackageParsing: Ignoring duplicate uses-permissions/uses-permissions-sdk-m: android.permission.READ_SMS in package: com.jr.narutoii at: Binary XML file line #48
10-30 21:05:21.068  1425  1831 W PackageParsing: Ignoring duplicate uses-permissions/uses-permissions-sdk-m: android.permission.SEND_SMS in package: com.jr.narutoii at: Binary XML file line #49
10-30 21:05:21.068  1425  1831 W PackageParsing: Ignoring duplicate uses-permissions/uses-permissions-sdk-m: android.permission.WRITE_SMS in package: com.jr.narutoii at: Binary XML file line #50
10-30 21:05:21.068  1425  1831 W PackageParsing: Ignoring duplicate uses-permissions/uses-permissions-sdk-m: android.permission.VIBRATE in package: com.jr.narutoii at: Binary XML file line #51
10-30 21:05:21.068  1425  1831 W PackageParsing: Ignoring duplicate uses-permissions/uses-permissions-sdk-m: android.permission.RECEIVE_BOOT_COMPLETED in package: com.jr.narutoii at: Binary XML file line #55
10-30 21:05:21.071  1425  1831 W PackageParsing: Ignoring duplicate uses-permissions/uses-permissions-sdk-m: android.permission.INTERNET in package: com.jr.narutoii at: Binary XML file line #142
10-30 21:05:21.146  1425  1649 V StorageManagerService: Package null has legacy storage
10-30 21:05:21.294  1425  1831 V BackupManagerService: [UserID:0] restoreAtInstall pkg=com.jr.narutoii token=31 restoreSet=0
10-30 21:05:21.295  1425  1831 V BackupManagerService: [UserID:0] Finishing install immediately
10-30 21:05:21.297  1425  1831 D PackageInstallerSession: Marking session 96851605 as applied
10-30 21:05:21.300  1425  1831 D CompatibilityChangeReporter: Compat change id reported: 168419799; UID 10239; state: DISABLED
10-30 21:05:21.300  1425  1831 D CompatibilityChangeReporter: Compat change id reported: 273564678; UID 10239; state: DISABLED
10-30 21:05:21.304  1425  2904 D CompatibilityChangeReporter: Compat change id reported: 218533173; UID 10239; state: DISABLED
10-30 21:05:21.306  1425  5559 W BroadcastQueue: u0 Receiving a broadcast in packagecom.android.buyer requires a permissions review
10-30 21:05:21.306  1425  5559 W BroadcastQueue: Skipping delivery: permission review required for Intent { act=android.intent.action.PACKAGE_ADDED dat=package: flg=0x4000010 (has extras) } from null (pid=1425, uid=1000) to com.android.buyer/.mRve
10-30 21:05:21.309  1425  1664 W BroadcastQueue: Background execution not allowed: receiving Intent { act=android.intent.action.PACKAGE_ADDED dat=package: flg=0x4000010 (has extras) } to com.google.android.packageinstaller/com.android.packageinstaller.PackageInstalledReceiver
10-30 21:05:21.310  1425  1664 W BroadcastQueue: Background execution not allowed: receiving Intent { act=android.intent.action.PACKAGE_ADDED dat=package: flg=0x4000010 (has extras) } to com.android.vending/com.google.android.finsky.packagemonitor.impl.PackageMonitorReceiverImpl$RegisteredReceiver
10-30 21:05:21.310  1425  1664 W BroadcastQueue: Background execution not allowed: receiving Intent { act=android.intent.action.PACKAGE_ADDED dat=package: flg=0x4000010 (has extras) } to com.android.vending/com.google.android.finsky.packagemonitor.backgroundimpl.BackgroundPackageMonitorReceiverImpl$RegisteredReceiver
10-30 21:05:21.310  1425  1664 W BroadcastQueue: Background execution not allowed: receiving Intent { act=android.intent.action.PACKAGE_ADDED dat=package: flg=0x4000010 (has extras) } to com.google.android.gms/.games.chimera.GamesSystemBroadcastReceiverProxy
10-30 21:05:21.310  1425  1664 W BroadcastQueue: Background execution not allowed: receiving Intent { act=android.intent.action.PACKAGE_ADDED dat=package: flg=0x4000010 (has extras) } to com.google.android.gms/.gass.chimera.PackageChangeBroadcastReceiver
10-30 21:05:21.310  1425  1664 W BroadcastQueue: Background execution not allowed: receiving Intent { act=android.intent.action.PACKAGE_ADDED dat=package: flg=0x4000010 (has extras) } to com.google.android.gms/.chimera.GmsIntentOperationService$PersistentTrustedReceiver
10-30 21:05:21.310  1425  1425 I Telecom : DefaultDialerCache: Refreshing default dialer for user 0: now com.google.android.dialer: DDC.oR@Bho
10-30 21:05:21.310  1425  1664 W BroadcastQueue: Background execution not allowed: receiving Intent { act=android.intent.action.PACKAGE_ADDED dat=package: flg=0x4000010 (has extras) } to com.google.android.googlequicksearchbox/com.google.android.apps.gsa.googlequicksearchbox.GelStubAppWatcher
10-30 21:05:21.310  1425  1664 W BroadcastQueue: u0 Receiving a broadcast in packagecom.cncd.japan.janli.shudu requires a permissions review
10-30 21:05:21.310  1425  1664 W BroadcastQueue: Skipping delivery: permission review required for Intent { act=android.intent.action.PACKAGE_ADDED dat=package: flg=0x4000010 (has extras) } from null (pid=1425, uid=1000) to com.cncd.japan.janli.shudu/net.l.k.r
10-30 21:05:21.310  1425  1664 W BroadcastQueue: u0 Receiving a broadcast in packagecom.cncd.japan.janli.shudu requires a permissions review
10-30 21:05:21.310  1425  1664 W BroadcastQueue: Skipping delivery: permission review required for Intent { act=android.intent.action.PACKAGE_ADDED dat=package: flg=0x4000010 (has extras) } from null (pid=1425, uid=1000) to com.cncd.japan.janli.shudu/com.feiwofour.coverscreen.SR
10-30 21:05:21.310  1425  1664 W BroadcastQueue: u0 Receiving a broadcast in packagecom.games.mengmeizhitd requires a permissions review
10-30 21:05:21.310  1425  1664 W BroadcastQueue: Skipping delivery: permission review required for Intent { act=android.intent.action.PACKAGE_ADDED dat=package: flg=0x4000010 (has extras) } from null (pid=1425, uid=1000) to com.games.mengmeizhitd/hjnw.ihjnw.i.isqly
10-30 21:05:21.310  1425  1664 W BroadcastQueue: u0 Receiving a broadcast in packagecom.hgperfko.yaeghrwx requires a permissions review
10-30 21:05:21.310  1425  1664 W BroadcastQueue: Skipping delivery: permission review required for Intent { act=android.intent.action.PACKAGE_ADDED dat=package: flg=0x4000010 (has extras) } from null (pid=1425, uid=1000) to com.hgperfko.yaeghrwx/.core.hLytdCQDBv
10-30 21:05:21.311  1425  1664 W BroadcastQueue: u0 Receiving a broadcast in packagecom.qiuqiu.dfmc requires a permissions review
10-30 21:05:21.311  1425  1664 W BroadcastQueue: Skipping delivery: permission review required for Intent { act=android.intent.action.PACKAGE_ADDED dat=package: flg=0x4000010 (has extras) } from null (pid=1425, uid=1000) to com.qiuqiu.dfmc/cn.jpush.android.service.PushReceiver
10-30 21:05:21.311  1425  1664 W BroadcastQueue: u0 Receiving a broadcast in packagecom.safesys.viruskiller requires a permissions review
10-30 21:05:21.311  1425  1664 W BroadcastQueue: Skipping delivery: permission review required for Intent { act=android.intent.action.PACKAGE_ADDED dat=package: flg=0x4000010 (has extras) } from null (pid=1425, uid=1000) to com.safesys.viruskiller/.ScanPackageBroadcast
10-30 21:05:21.311  1425  1664 W BroadcastQueue: u0 Receiving a broadcast in packagecom.uc108.mobile.sdgj.bd1 requires a permissions review
10-30 21:05:21.311  1425  1664 W BroadcastQueue: Skipping delivery: permission review required for Intent { act=android.intent.action.PACKAGE_ADDED dat=package: flg=0x4000010 (has extras) } from null (pid=1425, uid=1000) to com.uc108.mobile.sdgj.bd1/com.baidu.tiebasdk.service.InstallReceiver
10-30 21:05:21.311  1425  1664 W BroadcastQueue: u0 Receiving a broadcast in packageio.dcloud.H5BC6BF13 requires a permissions review
10-30 21:05:21.311  1425  1664 W BroadcastQueue: Skipping delivery: permission review required for Intent { act=android.intent.action.PACKAGE_ADDED dat=package: flg=0x4000010 (has extras) } from null (pid=1425, uid=1000) to io.dcloud.H5BC6BF13/io.dcloud.common.adapter.io.DownloadReceiver
10-30 21:05:21.311  1425  1662 W WindowMagnificationMgr: requestConnection duplicated request: connect=false, mConnectionState=DISCONNECTED
10-30 21:05:21.317  1425  1425 V BackupManagerConstants: getFullBackupIntervalMilliseconds(...) returns 86400000
10-30 21:05:21.317  1425  1425 V BackupManagerConstants: getFullBackupRequiredNetworkType(...) returns 2
10-30 21:05:21.317  1425  1425 V BackupManagerConstants: getFullBackupRequireCharging(...) returns true
10-30 21:05:21.333 17939 19215 W PackageParser: Ignoring duplicate uses-permissions/uses-permissions-sdk-m: android.permission.INTERNET in package: com.jr.narutoii at: Binary XML file line #10
10-30 21:05:21.333 17939 19215 W PackageParser: Ignoring duplicate uses-permissions/uses-permissions-sdk-m: android.permission.ACCESS_NETWORK_STATE in package: com.jr.narutoii at: Binary XML file line #11
10-30 21:05:21.333 17939 19215 W PackageParser: Ignoring duplicate uses-permissions/uses-permissions-sdk-m: android.permission.MOUNT_UNMOUNT_FILESYSTEMS in package: com.jr.narutoii at: Binary XML file line #13
10-30 21:05:21.333 17939 19215 W PackageParser: Ignoring duplicate uses-permissions/uses-permissions-sdk-m: android.permission.WRITE_EXTERNAL_STORAGE in package: com.jr.narutoii at: Binary XML file line #14
10-30 21:05:21.333 17939 19215 W PackageParser: Ignoring duplicate uses-permissions/uses-permissions-sdk-m: android.permission.INTERNET in package: com.jr.narutoii at: Binary XML file line #20
10-30 21:05:21.333 17939 19215 W PackageParser: Ignoring duplicate uses-permissions/uses-permissions-sdk-m: android.permission.ACCESS_NETWORK_STATE in package: com.jr.narutoii at: Binary XML file line #21
10-30 21:05:21.333 17939 19215 W PackageParser: Ignoring duplicate uses-permissions/uses-permissions-sdk-m: android.permission.READ_PHONE_STATE in package: com.jr.narutoii at: Binary XML file line #22
10-30 21:05:21.333 17939 19215 W PackageParser: Ignoring duplicate uses-permissions/uses-permissions-sdk-m: android.permission.READ_PHONE_STATE in package: com.jr.narutoii at: Binary XML file line #35
10-30 21:05:21.333 17939 19215 W PackageParser: Ignoring duplicate uses-permissions/uses-permissions-sdk-m: android.permission.ACCESS_NETWORK_STATE in package: com.jr.narutoii at: Binary XML file line #36
10-30 21:05:21.333 17939 19215 W PackageParser: Ignoring duplicate uses-permissions/uses-permissions-sdk-m: android.permission.ACCESS_WIFI_STATE in package: com.jr.narutoii at: Binary XML file line #37
10-30 21:05:21.333 17939 19215 W PackageParser: Ignoring duplicate uses-permissions/uses-permissions-sdk-m: android.permission.INTERNET in package: com.jr.narutoii at: Binary XML file line #38
10-30 21:05:21.333 17939 19215 W PackageParser: Ignoring duplicate uses-permissions/uses-permissions-sdk-m: android.permission.WRITE_EXTERNAL_STORAGE in package: com.jr.narutoii at: Binary XML file line #39
10-30 21:05:21.333 17939 19215 W PackageParser: Ignoring duplicate uses-permissions/uses-permissions-sdk-m: android.permission.READ_SMS in package: com.jr.narutoii at: Binary XML file line #48
10-30 21:05:21.333 17939 19215 W PackageParser: Ignoring duplicate uses-permissions/uses-permissions-sdk-m: android.permission.SEND_SMS in package: com.jr.narutoii at: Binary XML file line #49
10-30 21:05:21.333 17939 19215 W PackageParser: Ignoring duplicate uses-permissions/uses-permissions-sdk-m: android.permission.WRITE_SMS in package: com.jr.narutoii at: Binary XML file line #50
10-30 21:05:21.333 17939 19215 W PackageParser: Ignoring duplicate uses-permissions/uses-permissions-sdk-m: android.permission.VIBRATE in package: com.jr.narutoii at: Binary XML file line #51
10-30 21:05:21.334 17939 19215 W PackageParser: Ignoring duplicate uses-permissions/uses-permissions-sdk-m: android.permission.RECEIVE_BOOT_COMPLETED in package: com.jr.narutoii at: Binary XML file line #55
10-30 21:05:21.334 17939 19215 W PackageParser: Ignoring duplicate uses-permissions/uses-permissions-sdk-m: android.permission.INTERNET in package: com.jr.narutoii at: Binary XML file line #142
10-30 21:05:21.345  1425  1662 W PackageManager: Failed registering loading progress callback. Package is fully loaded.
10-30 21:05:21.347  1425  1827 E VerityUtils: Failed to measure fs-verity, errno 1: /data/app/~~gJ9f-dpITCCk7x0ngZebzQ==/com.jr.narutoii-L2Uk9GSd71l6lh1augh38w==/base.apk
10-30 21:05:21.353  1425  1425 I Telecom : DefaultDialerCache: Refreshing default dialer for user 0: now com.google.android.dialer: DDC.oR@Bh0
10-30 21:05:21.372  1425  5565 D CompatibilityChangeReporter: Compat change id reported: 161252188; UID 10239; state: DISABLED
10-30 21:05:21.404  1425  1662 W WindowMagnificationMgr: requestConnection duplicated request: connect=false, mConnectionState=DISCONNECTED
10-30 21:05:21.450  1425  4158 W BackupTransportManager: Package com.jr.narutoii enabled setting: 0
10-30 21:05:21.452  1425  1831 E PackageManager: ERROR: could not load root hash from incremental install
10-30 21:05:21.459  1425  2027 W PackageParsing: Ignoring duplicate uses-permissions/uses-permissions-sdk-m: android.permission.DISABLE_KEYGUARD in package: xoin.sctqi.crejg at: Binary XML file line #24
10-30 21:05:21.469  1425  1831 I PackageManager: Integrity check passed for file:///data/app/vmdl97330463.tmp
10-30 21:05:21.488  1425  1831 W PackageParsing: Ignoring duplicate uses-permissions/uses-permissions-sdk-m: android.permission.DISABLE_KEYGUARD in package: xoin.sctqi.crejg at: Binary XML file line #24
10-30 21:05:21.550  1425  1649 V StorageManagerService: Package null has legacy storage
10-30 21:05:21.620 17939 17999 W PackageParser: Ignoring duplicate uses-permissions/uses-permissions-sdk-m: android.permission.INTERNET in package: com.jr.narutoii at: Binary XML file line #10
10-30 21:05:21.620 17939 17999 W PackageParser: Ignoring duplicate uses-permissions/uses-permissions-sdk-m: android.permission.ACCESS_NETWORK_STATE in package: com.jr.narutoii at: Binary XML file line #11
10-30 21:05:21.620 17939 17999 W PackageParser: Ignoring duplicate uses-permissions/uses-permissions-sdk-m: android.permission.MOUNT_UNMOUNT_FILESYSTEMS in package: com.jr.narutoii at: Binary XML file line #13
10-30 21:05:21.620 17939 17999 W PackageParser: Ignoring duplicate uses-permissions/uses-permissions-sdk-m: android.permission.WRITE_EXTERNAL_STORAGE in package: com.jr.narutoii at: Binary XML file line #14
10-30 21:05:21.620 17939 17999 W PackageParser: Ignoring duplicate uses-permissions/uses-permissions-sdk-m: android.permission.INTERNET in package: com.jr.narutoii at: Binary XML file line #20
10-30 21:05:21.620 17939 17999 W PackageParser: Ignoring duplicate uses-permissions/uses-permissions-sdk-m: android.permission.ACCESS_NETWORK_STATE in package: com.jr.narutoii at: Binary XML file line #21
10-30 21:05:21.620 17939 17999 W PackageParser: Ignoring duplicate uses-permissions/uses-permissions-sdk-m: android.permission.READ_PHONE_STATE in package: com.jr.narutoii at: Binary XML file line #22
10-30 21:05:21.620 17939 17999 W PackageParser: Ignoring duplicate uses-permissions/uses-permissions-sdk-m: android.permission.READ_PHONE_STATE in package: com.jr.narutoii at: Binary XML file line #35
10-30 21:05:21.620 17939 17999 W PackageParser: Ignoring duplicate uses-permissions/uses-permissions-sdk-m: android.permission.ACCESS_NETWORK_STATE in package: com.jr.narutoii at: Binary XML file line #36
10-30 21:05:21.620 17939 17999 W PackageParser: Ignoring duplicate uses-permissions/uses-permissions-sdk-m: android.permission.ACCESS_WIFI_STATE in package: com.jr.narutoii at: Binary XML file line #37
10-30 21:05:21.620 17939 17999 W PackageParser: Ignoring duplicate uses-permissions/uses-permissions-sdk-m: android.permission.INTERNET in package: com.jr.narutoii at: Binary XML file line #38
10-30 21:05:21.620 17939 17999 W PackageParser: Ignoring duplicate uses-permissions/uses-permissions-sdk-m: android.permission.WRITE_EXTERNAL_STORAGE in package: com.jr.narutoii at: Binary XML file line #39
10-30 21:05:21.620 17939 17999 W PackageParser: Ignoring duplicate uses-permissions/uses-permissions-sdk-m: android.permission.READ_SMS in package: com.jr.narutoii at: Binary XML file line #48
10-30 21:05:21.620 17939 17999 W PackageParser: Ignoring duplicate uses-permissions/uses-permissions-sdk-m: android.permission.SEND_SMS in package: com.jr.narutoii at: Binary XML file line #49
10-30 21:05:21.620 17939 17999 W PackageParser: Ignoring duplicate uses-permissions/uses-permissions-sdk-m: android.permission.WRITE_SMS in package: com.jr.narutoii at: Binary XML file line #50
10-30 21:05:21.620 17939 17999 W PackageParser: Ignoring duplicate uses-permissions/uses-permissions-sdk-m: android.permission.VIBRATE in package: com.jr.narutoii at: Binary XML file line #51
10-30 21:05:21.620 17939 17999 W PackageParser: Ignoring duplicate uses-permissions/uses-permissions-sdk-m: android.permission.RECEIVE_BOOT_COMPLETED in package: com.jr.narutoii at: Binary XML file line #55
10-30 21:05:21.621 17939 17999 W PackageParser: Ignoring duplicate uses-permissions/uses-permissions-sdk-m: android.permission.INTERNET in package: com.jr.narutoii at: Binary XML file line #142
10-30 21:05:21.659  1425  1831 V BackupManagerService: [UserID:0] restoreAtInstall pkg=xoin.sctqi.crejg token=32 restoreSet=0
10-30 21:05:21.659  1425  1831 V BackupManagerService: [UserID:0] Finishing install immediately
10-30 21:05:21.661  1425  1831 D PackageInstallerSession: Marking session 97330463 as applied
10-30 21:05:21.663  1425  1831 D CompatibilityChangeReporter: Compat change id reported: 168419799; UID 10240; state: DISABLED
10-30 21:05:21.663  1425  1831 D CompatibilityChangeReporter: Compat change id reported: 273564678; UID 10240; state: DISABLED
10-30 21:05:21.667  1425  2904 D CompatibilityChangeReporter: Compat change id reported: 218533173; UID 10240; state: DISABLED
10-30 21:05:21.674  1425  1425 I Telecom : DefaultDialerCache: Refreshing default dialer for user 0: now com.google.android.dialer: DDC.oR@Bh4
10-30 21:05:21.684  1425  2927 W BroadcastQueue: u0 Receiving a broadcast in packagecom.jr.narutoii requires a permissions review
10-30 21:05:21.684  1425  2927 W BroadcastQueue: Skipping delivery: permission review required for Intent { act=android.intent.action.PACKAGE_ADDED dat=package: flg=0x4000010 (has extras) } from null (pid=1425, uid=1000) to com.jr.narutoii/com.joyriver.engine.proxy.EngineReceiver
10-30 21:05:21.689  1425  1664 W BroadcastQueue: u0 Receiving a broadcast in packagecom.android.buyer requires a permissions review
10-30 21:05:21.689  1425  1664 W BroadcastQueue: Skipping delivery: permission review required for Intent { act=android.intent.action.PACKAGE_ADDED dat=package: flg=0x4000010 (has extras) } from null (pid=1425, uid=1000) to com.android.buyer/.mRve
10-30 21:05:21.699  1425  1664 W BroadcastQueue: Background execution not allowed: receiving Intent { act=android.intent.action.PACKAGE_ADDED dat=package: flg=0x4000010 (has extras) } to com.google.android.packageinstaller/com.android.packageinstaller.PackageInstalledReceiver
10-30 21:05:21.699  1425  1664 W BroadcastQueue: Background execution not allowed: receiving Intent { act=android.intent.action.PACKAGE_ADDED dat=package: flg=0x4000010 (has extras) } to com.android.vending/com.google.android.finsky.packagemonitor.impl.PackageMonitorReceiverImpl$RegisteredReceiver
10-30 21:05:21.699  1425  1664 W BroadcastQueue: Background execution not allowed: receiving Intent { act=android.intent.action.PACKAGE_ADDED dat=package: flg=0x4000010 (has extras) } to com.android.vending/com.google.android.finsky.packagemonitor.backgroundimpl.BackgroundPackageMonitorReceiverImpl$RegisteredReceiver
10-30 21:05:21.699  1425  1664 W BroadcastQueue: Background execution not allowed: receiving Intent { act=android.intent.action.PACKAGE_ADDED dat=package: flg=0x4000010 (has extras) } to com.google.android.gms/.games.chimera.GamesSystemBroadcastReceiverProxy
10-30 21:05:21.708  1425  1664 W BroadcastQueue: Background execution not allowed: receiving Intent { act=android.intent.action.PACKAGE_ADDED dat=package: flg=0x4000010 (has extras) } to com.google.android.gms/.gass.chimera.PackageChangeBroadcastReceiver
10-30 21:05:21.708  1425  1664 W BroadcastQueue: Background execution not allowed: receiving Intent { act=android.intent.action.PACKAGE_ADDED dat=package: flg=0x4000010 (has extras) } to com.google.android.gms/.chimera.GmsIntentOperationService$PersistentTrustedReceiver
10-30 21:05:21.708  1425  1664 W BroadcastQueue: Background execution not allowed: receiving Intent { act=android.intent.action.PACKAGE_ADDED dat=package: flg=0x4000010 (has extras) } to com.google.android.googlequicksearchbox/com.google.android.apps.gsa.googlequicksearchbox.GelStubAppWatcher
10-30 21:05:21.708  1425  1664 W BroadcastQueue: u0 Receiving a broadcast in packagecom.cncd.japan.janli.shudu requires a permissions review
10-30 21:05:21.708  1425  1664 W BroadcastQueue: Skipping delivery: permission review required for Intent { act=android.intent.action.PACKAGE_ADDED dat=package: flg=0x4000010 (has extras) } from null (pid=1425, uid=1000) to com.cncd.japan.janli.shudu/net.l.k.r
10-30 21:05:21.708  1425  1664 W BroadcastQueue: u0 Receiving a broadcast in packagecom.cncd.japan.janli.shudu requires a permissions review
10-30 21:05:21.708  1425  1664 W BroadcastQueue: Skipping delivery: permission review required for Intent { act=android.intent.action.PACKAGE_ADDED dat=package: flg=0x4000010 (has extras) } from null (pid=1425, uid=1000) to com.cncd.japan.janli.shudu/com.feiwofour.coverscreen.SR
10-30 21:05:21.708  1425  1664 W BroadcastQueue: u0 Receiving a broadcast in packagecom.games.mengmeizhitd requires a permissions review
10-30 21:05:21.708  1425  1664 W BroadcastQueue: Skipping delivery: permission review required for Intent { act=android.intent.action.PACKAGE_ADDED dat=package: flg=0x4000010 (has extras) } from null (pid=1425, uid=1000) to com.games.mengmeizhitd/hjnw.ihjnw.i.isqly
10-30 21:05:21.708  1425  1664 W BroadcastQueue: u0 Receiving a broadcast in packagecom.hgperfko.yaeghrwx requires a permissions review
10-30 21:05:21.708  1425  1664 W BroadcastQueue: Skipping delivery: permission review required for Intent { act=android.intent.action.PACKAGE_ADDED dat=package: flg=0x4000010 (has extras) } from null (pid=1425, uid=1000) to com.hgperfko.yaeghrwx/.core.hLytdCQDBv
10-30 21:05:21.708  1425  1664 W BroadcastQueue: u0 Receiving a broadcast in packagecom.qiuqiu.dfmc requires a permissions review
10-30 21:05:21.709  1425  1664 W BroadcastQueue: Skipping delivery: permission review required for Intent { act=android.intent.action.PACKAGE_ADDED dat=package: flg=0x4000010 (has extras) } from null (pid=1425, uid=1000) to com.qiuqiu.dfmc/cn.jpush.android.service.PushReceiver
10-30 21:05:21.709  1425  1664 W BroadcastQueue: u0 Receiving a broadcast in packagecom.safesys.viruskiller requires a permissions review
10-30 21:05:21.709  1425  1664 W BroadcastQueue: Skipping delivery: permission review required for Intent { act=android.intent.action.PACKAGE_ADDED dat=package: flg=0x4000010 (has extras) } from null (pid=1425, uid=1000) to com.safesys.viruskiller/.ScanPackageBroadcast
10-30 21:05:21.709  1425  1664 W BroadcastQueue: u0 Receiving a broadcast in packagecom.uc108.mobile.sdgj.bd1 requires a permissions review
10-30 21:05:21.709  1425  1664 W BroadcastQueue: Skipping delivery: permission review required for Intent { act=android.intent.action.PACKAGE_ADDED dat=package: flg=0x4000010 (has extras) } from null (pid=1425, uid=1000) to com.uc108.mobile.sdgj.bd1/com.baidu.tiebasdk.service.InstallReceiver
10-30 21:05:21.709  1425  1664 W BroadcastQueue: u0 Receiving a broadcast in packageio.dcloud.H5BC6BF13 requires a permissions review
10-30 21:05:21.709  1425  1664 W BroadcastQueue: Skipping delivery: permission review required for Intent { act=android.intent.action.PACKAGE_ADDED dat=package: flg=0x4000010 (has extras) } from null (pid=1425, uid=1000) to io.dcloud.H5BC6BF13/io.dcloud.common.adapter.io.DownloadReceiver
10-30 21:05:21.710  1425  1662 W WindowMagnificationMgr: requestConnection duplicated request: connect=false, mConnectionState=DISCONNECTED
10-30 21:05:21.731  1425  1827 E VerityUtils: Failed to measure fs-verity, errno 1: /data/app/~~m5tFkkmTV1_YJHv0anvrQg==/xoin.sctqi.crejg-z-nC7AZAEoR4Yy8EF1_bmA==/base.apk
10-30 21:05:21.733  1425  1425 I Telecom : DefaultDialerCache: Refreshing default dialer for user 0: now com.google.android.dialer: DDC.oR@Bh8
10-30 21:05:21.733  1425  4158 W BackupTransportManager: Package xoin.sctqi.crejg enabled setting: 0
10-30 21:05:21.740 17939 19069 W PackageParser: Ignoring duplicate uses-permissions/uses-permissions-sdk-m: android.permission.DISABLE_KEYGUARD in package: xoin.sctqi.crejg at: Binary XML file line #24
10-30 21:05:21.749  1425  4197 D CompatibilityChangeReporter: Compat change id reported: 161252188; UID 10240; state: DISABLED
10-30 21:05:21.766  1425  1467 W AppOps  : setUidMode() called with a mode inconsistent with runtime permission state, this is discouraged and you should revoke the runtime permission instead: uid=10126, switchCode=0, mode=4, permission=android.permission.ACCESS_BACKGROUND_LOCATION
10-30 21:05:21.786  1425  1831 E PackageManager: ERROR: could not load root hash from incremental install
10-30 21:05:21.828  1425  1425 W NotificationHistory: Attempted to add notif for locked/gone/disabled user 0
10-30 21:05:21.830  1425  2027 W PackageParsing: Ignoring duplicate uses-permissions/uses-permissions-sdk-m: android.permission.DISABLE_KEYGUARD in package: tbps.xzlgs.vegxn at: Binary XML file line #23
10-30 21:05:21.866  1425  1831 I PackageManager: Integrity check passed for file:///data/app/vmdl1440478956.tmp
10-30 21:05:21.874  1425  1662 W PackageManager: Failed registering loading progress callback. Package is fully loaded.
10-30 21:05:21.875  1425  1831 W PackageParsing: Ignoring duplicate uses-permissions/uses-permissions-sdk-m: android.permission.DISABLE_KEYGUARD in package: tbps.xzlgs.vegxn at: Binary XML file line #23
10-30 21:05:21.882  1425  1662 W WindowMagnificationMgr: requestConnection duplicated request: connect=false, mConnectionState=DISCONNECTED
10-30 21:05:21.936  1425  1649 V StorageManagerService: Package null has legacy storage
10-30 21:05:21.978  1425  2031 W AppOps  : setUidMode() called with a mode inconsistent with runtime permission state, this is discouraged and you should revoke the runtime permission instead: uid=10126, switchCode=1, mode=4, permission=android.permission.ACCESS_BACKGROUND_LOCATION
10-30 21:05:21.980  1425  5560 W AppOps  : setUidMode() called with a mode inconsistent with runtime permission state, this is discouraged and you should revoke the runtime permission instead: uid=10126, switchCode=0, mode=4, permission=android.permission.ACCESS_BACKGROUND_LOCATION
10-30 21:05:22.046  1425  1831 V BackupManagerService: [UserID:0] restoreAtInstall pkg=tbps.xzlgs.vegxn token=33 restoreSet=0
10-30 21:05:22.047  1425  1831 V BackupManagerService: [UserID:0] Finishing install immediately
10-30 21:05:22.050  1425  1831 D PackageInstallerSession: Marking session 1440478956 as applied
10-30 21:05:22.066  1425  1831 D CompatibilityChangeReporter: Compat change id reported: 168419799; UID 10241; state: DISABLED
10-30 21:05:22.066  1425  1831 D CompatibilityChangeReporter: Compat change id reported: 273564678; UID 10241; state: DISABLED
10-30 21:05:22.071  1425  2904 D CompatibilityChangeReporter: Compat change id reported: 218533173; UID 10241; state: DISABLED
10-30 21:05:22.076  1425  1664 W BroadcastQueue: u0 Receiving a broadcast in packagecom.jr.narutoii requires a permissions review
10-30 21:05:22.076  1425  1664 W BroadcastQueue: Skipping delivery: permission review required for Intent { act=android.intent.action.PACKAGE_ADDED dat=package: flg=0x4000010 (has extras) } from null (pid=1425, uid=1000) to com.jr.narutoii/com.joyriver.engine.proxy.EngineReceiver
10-30 21:05:22.077  1425  1664 W BroadcastQueue: u0 Receiving a broadcast in packagecom.android.buyer requires a permissions review
10-30 21:05:22.077  1425  1664 W BroadcastQueue: Skipping delivery: permission review required for Intent { act=android.intent.action.PACKAGE_ADDED dat=package: flg=0x4000010 (has extras) } from null (pid=1425, uid=1000) to com.android.buyer/.mRve
10-30 21:05:22.077  1425  1664 W BroadcastQueue: Background execution not allowed: receiving Intent { act=android.intent.action.PACKAGE_ADDED dat=package: flg=0x4000010 (has extras) } to com.google.android.packageinstaller/com.android.packageinstaller.PackageInstalledReceiver
10-30 21:05:22.077  1425  1664 W BroadcastQueue: Background execution not allowed: receiving Intent { act=android.intent.action.PACKAGE_ADDED dat=package: flg=0x4000010 (has extras) } to com.android.vending/com.google.android.finsky.packagemonitor.impl.PackageMonitorReceiverImpl$RegisteredReceiver
10-30 21:05:22.077  1425  1664 W BroadcastQueue: Background execution not allowed: receiving Intent { act=android.intent.action.PACKAGE_ADDED dat=package: flg=0x4000010 (has extras) } to com.android.vending/com.google.android.finsky.packagemonitor.backgroundimpl.BackgroundPackageMonitorReceiverImpl$RegisteredReceiver
10-30 21:05:22.078  1425  1664 W BroadcastQueue: Background execution not allowed: receiving Intent { act=android.intent.action.PACKAGE_ADDED dat=package: flg=0x4000010 (has extras) } to com.google.android.gms/.games.chimera.GamesSystemBroadcastReceiverProxy
10-30 21:05:22.078  1425  1664 W BroadcastQueue: Background execution not allowed: receiving Intent { act=android.intent.action.PACKAGE_ADDED dat=package: flg=0x4000010 (has extras) } to com.google.android.gms/.gass.chimera.PackageChangeBroadcastReceiver
10-30 21:05:22.078  1425  1664 W BroadcastQueue: Background execution not allowed: receiving Intent { act=android.intent.action.PACKAGE_ADDED dat=package: flg=0x4000010 (has extras) } to com.google.android.gms/.chimera.GmsIntentOperationService$PersistentTrustedReceiver
10-30 21:05:22.078  1425  1664 W BroadcastQueue: Background execution not allowed: receiving Intent { act=android.intent.action.PACKAGE_ADDED dat=package: flg=0x4000010 (has extras) } to com.google.android.googlequicksearchbox/com.google.android.apps.gsa.googlequicksearchbox.GelStubAppWatcher
10-30 21:05:22.078  1425  1664 W BroadcastQueue: u0 Receiving a broadcast in packagecom.cncd.japan.janli.shudu requires a permissions review
10-30 21:05:22.078  1425  1664 W BroadcastQueue: Skipping delivery: permission review required for Intent { act=android.intent.action.PACKAGE_ADDED dat=package: flg=0x4000010 (has extras) } from null (pid=1425, uid=1000) to com.cncd.japan.janli.shudu/net.l.k.r
10-30 21:05:22.078  1425  1664 W BroadcastQueue: u0 Receiving a broadcast in packagecom.cncd.japan.janli.shudu requires a permissions review
10-30 21:05:22.078  1425  1664 W BroadcastQueue: Skipping delivery: permission review required for Intent { act=android.intent.action.PACKAGE_ADDED dat=package: flg=0x4000010 (has extras) } from null (pid=1425, uid=1000) to com.cncd.japan.janli.shudu/com.feiwofour.coverscreen.SR
10-30 21:05:22.078  1425  1664 W BroadcastQueue: u0 Receiving a broadcast in packagecom.games.mengmeizhitd requires a permissions review
10-30 21:05:22.078  1425  1664 W BroadcastQueue: Skipping delivery: permission review required for Intent { act=android.intent.action.PACKAGE_ADDED dat=package: flg=0x4000010 (has extras) } from null (pid=1425, uid=1000) to com.games.mengmeizhitd/hjnw.ihjnw.i.isqly
10-30 21:05:22.078  1425  1664 W BroadcastQueue: u0 Receiving a broadcast in packagecom.hgperfko.yaeghrwx requires a permissions review
10-30 21:05:22.078  1425  1664 W BroadcastQueue: Skipping delivery: permission review required for Intent { act=android.intent.action.PACKAGE_ADDED dat=package: flg=0x4000010 (has extras) } from null (pid=1425, uid=1000) to com.hgperfko.yaeghrwx/.core.hLytdCQDBv
10-30 21:05:22.078  1425  1664 W BroadcastQueue: u0 Receiving a broadcast in packagecom.qiuqiu.dfmc requires a permissions review
10-30 21:05:22.078  1425  1664 W BroadcastQueue: Skipping delivery: permission review required for Intent { act=android.intent.action.PACKAGE_ADDED dat=package: flg=0x4000010 (has extras) } from null (pid=1425, uid=1000) to com.qiuqiu.dfmc/cn.jpush.android.service.PushReceiver
10-30 21:05:22.078  1425  1664 W BroadcastQueue: u0 Receiving a broadcast in packagecom.safesys.viruskiller requires a permissions review
10-30 21:05:22.078  1425  1664 W BroadcastQueue: Skipping delivery: permission review required for Intent { act=android.intent.action.PACKAGE_ADDED dat=package: flg=0x4000010 (has extras) } from null (pid=1425, uid=1000) to com.safesys.viruskiller/.ScanPackageBroadcast
10-30 21:05:22.078  1425  1664 W BroadcastQueue: u0 Receiving a broadcast in packagecom.uc108.mobile.sdgj.bd1 requires a permissions review
10-30 21:05:22.078  1425  1664 W BroadcastQueue: Skipping delivery: permission review required for Intent { act=android.intent.action.PACKAGE_ADDED dat=package: flg=0x4000010 (has extras) } from null (pid=1425, uid=1000) to com.uc108.mobile.sdgj.bd1/com.baidu.tiebasdk.service.InstallReceiver
10-30 21:05:22.078  1425  1664 W BroadcastQueue: u0 Receiving a broadcast in packageio.dcloud.H5BC6BF13 requires a permissions review
10-30 21:05:22.078  1425  1664 W BroadcastQueue: Skipping delivery: permission review required for Intent { act=android.intent.action.PACKAGE_ADDED dat=package: flg=0x4000010 (has extras) } from null (pid=1425, uid=1000) to io.dcloud.H5BC6BF13/io.dcloud.common.adapter.io.DownloadReceiver
10-30 21:05:22.079  1425  1662 W WindowMagnificationMgr: requestConnection duplicated request: connect=false, mConnectionState=DISCONNECTED
10-30 21:05:22.081 17939 18066 W PackageParser: Ignoring duplicate uses-permissions/uses-permissions-sdk-m: android.permission.DISABLE_KEYGUARD in package: xoin.sctqi.crejg at: Binary XML file line #24
10-30 21:05:22.100  1425  1425 I Telecom : DefaultDialerCache: Refreshing default dialer for user 0: now com.google.android.dialer: DDC.oR@BiQ
10-30 21:05:22.108  1425  1425 V BackupManagerConstants: getFullBackupIntervalMilliseconds(...) returns 86400000
10-30 21:05:22.108  1425  1425 V BackupManagerConstants: getFullBackupRequiredNetworkType(...) returns 2
