10-30 21:05:42.093  1425  2027 W PackageParsing: Unknown element under <manifest>: meta-data at /data/app/vmdl576450106.tmp/base.apk Binary XML file line #6
10-30 21:05:42.105  1425  1662 W WindowMagnificationMgr: requestConnection duplicated request: connect=false, mConnectionState=DISCONNECTED
10-30 21:05:42.133  1425  1831 I PackageManager: Integrity check passed for file:///data/app/vmdl576450106.tmp
10-30 21:05:42.141  1425  1831 W PackageParsing: Unknown element under <manifest>: meta-data at /data/app/vmdl576450106.tmp/base.apk Binary XML file line #6
10-30 21:05:42.221 17939 18071 W PackageParser: Ignoring duplicate uses-permissions/uses-permissions-sdk-m: android.permission.RECEIVE_BOOT_COMPLETED in package: qtggtfpiydqiikhbndreqabpjlb.deupxo.orrsdcgrckebmqzu at: Binary XML file line #22
10-30 21:05:42.436  1425  1425 W NotificationHistory: Attempted to add notif for locked/gone/disabled user 0
10-30 21:05:42.456  1425  1831 V BackupManagerService: [UserID:0] restoreAtInstall pkg=com.agxshi1893.bis1893hxg token=53 restoreSet=0
10-30 21:05:42.457  1425  1831 V BackupManagerService: [UserID:0] Finishing install immediately
10-30 21:05:42.459  1425  1831 D PackageInstallerSession: Marking session 576450106 as applied
10-30 21:05:42.464  1425  1831 D CompatibilityChangeReporter: Compat change id reported: 168419799; UID 10273; state: DISABLED
10-30 21:05:42.464  1425  1831 D CompatibilityChangeReporter: Compat change id reported: 273564678; UID 10273; state: DISABLED
10-30 21:05:42.468  1425  2904 D CompatibilityChangeReporter: Compat change id reported: 218533173; UID 10273; state: DISABLED
10-30 21:05:42.472  1425  1425 I Telecom : DefaultDialerCache: Refreshing default dialer for user 0: now com.google.android.dialer: DDC.oR@BwQ
10-30 21:05:42.475  1425  1664 W BroadcastQueue: u0 Receiving a broadcast in packagecom.jr.narutoii requires a permissions review
10-30 21:05:42.475  1425  1664 W BroadcastQueue: Skipping delivery: permission review required for Intent { act=android.intent.action.PACKAGE_ADDED dat=package: flg=0x4000010 (has extras) } from null (pid=1425, uid=1000) to com.jr.narutoii/com.joyriver.engine.proxy.EngineReceiver
10-30 21:05:42.475  1425  1664 W BroadcastQueue: u0 Receiving a broadcast in packagecom.android.buyer requires a permissions review
10-30 21:05:42.475  1425  1664 W BroadcastQueue: Skipping delivery: permission review required for Intent { act=android.intent.action.PACKAGE_ADDED dat=package: flg=0x4000010 (has extras) } from null (pid=1425, uid=1000) to com.android.buyer/.mRve
10-30 21:05:42.475  1425  1664 W BroadcastQueue: Background execution not allowed: receiving Intent { act=android.intent.action.PACKAGE_ADDED dat=package: flg=0x4000010 (has extras) } to com.google.android.packageinstaller/com.android.packageinstaller.PackageInstalledReceiver
10-30 21:05:42.475  1425  1664 W BroadcastQueue: Background execution not allowed: receiving Intent { act=android.intent.action.PACKAGE_ADDED dat=package: flg=0x4000010 (has extras) } to com.android.vending/com.google.android.finsky.packagemonitor.impl.PackageMonitorReceiverImpl$RegisteredReceiver
10-30 21:05:42.475  1425  1664 W BroadcastQueue: Background execution not allowed: receiving Intent { act=android.intent.action.PACKAGE_ADDED dat=package: flg=0x4000010 (has extras) } to com.android.vending/com.google.android.finsky.packagemonitor.backgroundimpl.BackgroundPackageMonitorReceiverImpl$RegisteredReceiver
10-30 21:05:42.475  1425  1664 W BroadcastQueue: Background execution not allowed: receiving Intent { act=android.intent.action.PACKAGE_ADDED dat=package: flg=0x4000010 (has extras) } to com.google.android.gms/.games.chimera.GamesSystemBroadcastReceiverProxy
10-30 21:05:42.475  1425  1664 W BroadcastQueue: Background execution not allowed: receiving Intent { act=android.intent.action.PACKAGE_ADDED dat=package: flg=0x4000010 (has extras) } to com.google.android.gms/.gass.chimera.PackageChangeBroadcastReceiver
10-30 21:05:42.476  1425  1664 W BroadcastQueue: Background execution not allowed: receiving Intent { act=android.intent.action.PACKAGE_ADDED dat=package: flg=0x4000010 (has extras) } to com.google.android.gms/.chimera.GmsIntentOperationService$PersistentTrustedReceiver
10-30 21:05:42.476  1425  1664 W BroadcastQueue: Background execution not allowed: receiving Intent { act=android.intent.action.PACKAGE_ADDED dat=package: flg=0x4000010 (has extras) } to com.google.android.googlequicksearchbox/com.google.android.apps.gsa.googlequicksearchbox.GelStubAppWatcher
10-30 21:05:42.476  1425  1664 W BroadcastQueue: u0 Receiving a broadcast in packagecom.cncd.japan.janli.shudu requires a permissions review
10-30 21:05:42.476  1425  1664 W BroadcastQueue: Skipping delivery: permission review required for Intent { act=android.intent.action.PACKAGE_ADDED dat=package: flg=0x4000010 (has extras) } from null (pid=1425, uid=1000) to com.cncd.japan.janli.shudu/net.l.k.r
10-30 21:05:42.476  1425  1664 W BroadcastQueue: u0 Receiving a broadcast in packagecom.cncd.japan.janli.shudu requires a permissions review
10-30 21:05:42.476  1425  1664 W BroadcastQueue: Skipping delivery: permission review required for Intent { act=android.intent.action.PACKAGE_ADDED dat=package: flg=0x4000010 (has extras) } from null (pid=1425, uid=1000) to com.cncd.japan.janli.shudu/com.feiwofour.coverscreen.SR
10-30 21:05:42.476  1425  1664 W BroadcastQueue: u0 Receiving a broadcast in packagecom.games.mengmeizhitd requires a permissions review
10-30 21:05:42.476  1425  1664 W BroadcastQueue: Skipping delivery: permission review required for Intent { act=android.intent.action.PACKAGE_ADDED dat=package: flg=0x4000010 (has extras) } from null (pid=1425, uid=1000) to com.games.mengmeizhitd/hjnw.ihjnw.i.isqly
10-30 21:05:42.476  1425  1664 W BroadcastQueue: u0 Receiving a broadcast in packagecom.hgperfko.yaeghrwx requires a permissions review
10-30 21:05:42.476  1425  1664 W BroadcastQueue: Skipping delivery: permission review required for Intent { act=android.intent.action.PACKAGE_ADDED dat=package: flg=0x4000010 (has extras) } from null (pid=1425, uid=1000) to com.hgperfko.yaeghrwx/.core.hLytdCQDBv
10-30 21:05:42.476  1425  1664 W BroadcastQueue: u0 Receiving a broadcast in packagecom.qiuqiu.dfmc requires a permissions review
10-30 21:05:42.476  1425  1664 W BroadcastQueue: Skipping delivery: permission review required for Intent { act=android.intent.action.PACKAGE_ADDED dat=package: flg=0x4000010 (has extras) } from null (pid=1425, uid=1000) to com.qiuqiu.dfmc/cn.jpush.android.service.PushReceiver
10-30 21:05:42.476  1425  1664 W BroadcastQueue: u0 Receiving a broadcast in packagecom.safesys.viruskiller requires a permissions review
10-30 21:05:42.476  1425  1664 W BroadcastQueue: Skipping delivery: permission review required for Intent { act=android.intent.action.PACKAGE_ADDED dat=package: flg=0x4000010 (has extras) } from null (pid=1425, uid=1000) to com.safesys.viruskiller/.ScanPackageBroadcast
10-30 21:05:42.477  1425  1664 W BroadcastQueue: u0 Receiving a broadcast in packagecom.uc108.mobile.sdgj.bd1 requires a permissions review
10-30 21:05:42.477  1425  1664 W BroadcastQueue: Skipping delivery: permission review required for Intent { act=android.intent.action.PACKAGE_ADDED dat=package: flg=0x4000010 (has extras) } from null (pid=1425, uid=1000) to com.uc108.mobile.sdgj.bd1/com.baidu.tiebasdk.service.InstallReceiver
10-30 21:05:42.477  1425  1664 W BroadcastQueue: u0 Receiving a broadcast in packagecom.voicebianshengjinglingwc.wxl requires a permissions review
10-30 21:05:42.477  1425  1664 W BroadcastQueue: Skipping delivery: permission review required for Intent { act=android.intent.action.PACKAGE_ADDED dat=package: flg=0x4000010 (has extras) } from null (pid=1425, uid=1000) to com.voicebianshengjinglingwc.wxl/mp.ruu.Ztjjwrj
10-30 21:05:42.477  1425  1664 W BroadcastQueue: u0 Receiving a broadcast in packagecom.yoojar.zlsg.baidu requires a permissions review
10-30 21:05:42.477  1425  1664 W BroadcastQueue: Skipping delivery: permission review required for Intent { act=android.intent.action.PACKAGE_ADDED dat=package: flg=0x4000010 (has extras) } from null (pid=1425, uid=1000) to com.yoojar.zlsg.baidu/com.duoku.platform.download.broadcast.AppMonitorReceiver
10-30 21:05:42.477  1425  1664 W BroadcastQueue: u0 Receiving a broadcast in packageio.dcloud.H5BC6BF13 requires a permissions review
10-30 21:05:42.477  1425  1664 W BroadcastQueue: Skipping delivery: permission review required for Intent { act=android.intent.action.PACKAGE_ADDED dat=package: flg=0x4000010 (has extras) } from null (pid=1425, uid=1000) to io.dcloud.H5BC6BF13/io.dcloud.common.adapter.io.DownloadReceiver
10-30 21:05:42.487  1425  1425 V BackupManagerConstants: getFullBackupIntervalMilliseconds(...) returns 86400000
10-30 21:05:42.487  1425  1425 V BackupManagerConstants: getFullBackupRequiredNetworkType(...) returns 2
10-30 21:05:42.487  1425  1425 V BackupManagerConstants: getFullBackupRequireCharging(...) returns true
10-30 21:05:42.501  1425  1827 E VerityUtils: Failed to measure fs-verity, errno 1: /data/app/~~H-TQKpmsNp_EAOV5tGJm5g==/com.agxshi1893.bis1893hxg-QoATxFAp7f-fuG00XSCGrw==/base.apk
10-30 21:05:42.514  1425  1425 I Telecom : DefaultDialerCache: Refreshing default dialer for user 0: now com.google.android.dialer: DDC.oR@BwU
10-30 21:05:42.515  1425  4158 W BackupTransportManager: Package com.agxshi1893.bis1893hxg enabled setting: 0
10-30 21:05:42.518 17939 19179 W PackageParser: Unknown element under <manifest>: meta-data at /data/app/~~H-TQKpmsNp_EAOV5tGJm5g==/com.agxshi1893.bis1893hxg-QoATxFAp7f-fuG00XSCGrw==/base.apk Binary XML file line #6
10-30 21:05:42.533  1425  5556 D CompatibilityChangeReporter: Compat change id reported: 161252188; UID 10273; state: DISABLED
10-30 21:05:42.573  1425  1831 E PackageManager: ERROR: could not load root hash from incremental install
10-30 21:05:42.589  1425  1831 I PackageManager: Integrity check passed for file:///data/app/vmdl1772090501.tmp
10-30 21:05:42.613  1425  1662 W WindowMagnificationMgr: requestConnection duplicated request: connect=false, mConnectionState=DISCONNECTED
10-30 21:05:42.627  1425  2031 W BroadcastQueue: u0 Receiving a broadcast in packagecom.yoojar.zlsg.baidu requires a permissions review
10-30 21:05:42.628  1425  2031 W BroadcastQueue: Skipping delivery: permission review required for Intent { act=android.intent.action.PACKAGE_CHANGED dat=package: flg=0x5000010 (has extras) } from null (pid=1425, uid=1000) to com.yoojar.zlsg.baidu/com.duoku.platform.download.broadcast.AppMonitorReceiver
10-30 21:05:42.729  1425  1662 W PackageManager: Failed registering loading progress callback. Package is fully loaded.
10-30 21:05:42.765  1425  1662 W WindowMagnificationMgr: requestConnection duplicated request: connect=false, mConnectionState=DISCONNECTED
10-30 21:05:42.868 17939 18073 W PackageParser: Unknown element under <manifest>: meta-data at /data/app/~~H-TQKpmsNp_EAOV5tGJm5g==/com.agxshi1893.bis1893hxg-QoATxFAp7f-fuG00XSCGrw==/base.apk Binary XML file line #6
10-30 21:05:42.878  1425  5556 W AppOps  : setUidMode() called with a mode inconsistent with runtime permission state, this is discouraged and you should revoke the runtime permission instead: uid=10126, switchCode=0, mode=4, permission=android.permission.ACCESS_BACKGROUND_LOCATION
10-30 21:05:42.893  1425  1831 V BackupManagerService: [UserID:0] restoreAtInstall pkg=com.hkfvidtmuwfaekmx.dlfjwxiakhkcpqd token=54 restoreSet=0
10-30 21:05:42.893  1425  1831 V BackupManagerService: [UserID:0] Finishing install immediately
10-30 21:05:42.895  1425  1831 D PackageInstallerSession: Marking session 1772090501 as applied
10-30 21:05:42.900  1425  1831 D CompatibilityChangeReporter: Compat change id reported: 168419799; UID 10274; state: DISABLED
10-30 21:05:42.900  1425  1831 D CompatibilityChangeReporter: Compat change id reported: 273564678; UID 10274; state: DISABLED
10-30 21:05:42.902  1425  2904 D CompatibilityChangeReporter: Compat change id reported: 218533173; UID 10274; state: DISABLED
10-30 21:05:42.904  1425  1664 W BroadcastQueue: u0 Receiving a broadcast in packagecom.jr.narutoii requires a permissions review
10-30 21:05:42.904  1425  1664 W BroadcastQueue: Skipping delivery: permission review required for Intent { act=android.intent.action.PACKAGE_ADDED dat=package: flg=0x4000010 (has extras) } from null (pid=1425, uid=1000) to com.jr.narutoii/com.joyriver.engine.proxy.EngineReceiver
10-30 21:05:42.904  1425  1664 W BroadcastQueue: u0 Receiving a broadcast in packagecom.android.buyer requires a permissions review
10-30 21:05:42.904  1425  1664 W BroadcastQueue: Skipping delivery: permission review required for Intent { act=android.intent.action.PACKAGE_ADDED dat=package: flg=0x4000010 (has extras) } from null (pid=1425, uid=1000) to com.android.buyer/.mRve
10-30 21:05:42.904  1425  1664 W BroadcastQueue: Background execution not allowed: receiving Intent { act=android.intent.action.PACKAGE_ADDED dat=package: flg=0x4000010 (has extras) } to com.google.android.packageinstaller/com.android.packageinstaller.PackageInstalledReceiver
10-30 21:05:42.904  1425  1664 W BroadcastQueue: Background execution not allowed: receiving Intent { act=android.intent.action.PACKAGE_ADDED dat=package: flg=0x4000010 (has extras) } to com.android.vending/com.google.android.finsky.packagemonitor.impl.PackageMonitorReceiverImpl$RegisteredReceiver
10-30 21:05:42.904  1425  1664 W BroadcastQueue: Background execution not allowed: receiving Intent { act=android.intent.action.PACKAGE_ADDED dat=package: flg=0x4000010 (has extras) } to com.android.vending/com.google.android.finsky.packagemonitor.backgroundimpl.BackgroundPackageMonitorReceiverImpl$RegisteredReceiver
10-30 21:05:42.904  1425  1664 W BroadcastQueue: Background execution not allowed: receiving Intent { act=android.intent.action.PACKAGE_ADDED dat=package: flg=0x4000010 (has extras) } to com.google.android.gms/.games.chimera.GamesSystemBroadcastReceiverProxy
10-30 21:05:42.904  1425  1664 W BroadcastQueue: Background execution not allowed: receiving Intent { act=android.intent.action.PACKAGE_ADDED dat=package: flg=0x4000010 (has extras) } to com.google.android.gms/.gass.chimera.PackageChangeBroadcastReceiver
10-30 21:05:42.904  1425  1664 W BroadcastQueue: Background execution not allowed: receiving Intent { act=android.intent.action.PACKAGE_ADDED dat=package: flg=0x4000010 (has extras) } to com.google.android.gms/.chimera.GmsIntentOperationService$PersistentTrustedReceiver
10-30 21:05:42.904  1425  1664 W BroadcastQueue: Background execution not allowed: receiving Intent { act=android.intent.action.PACKAGE_ADDED dat=package: flg=0x4000010 (has extras) } to com.google.android.googlequicksearchbox/com.google.android.apps.gsa.googlequicksearchbox.GelStubAppWatcher
10-30 21:05:42.904  1425  1664 W BroadcastQueue: u0 Receiving a broadcast in packagecom.cncd.japan.janli.shudu requires a permissions review
10-30 21:05:42.904  1425  1664 W BroadcastQueue: Skipping delivery: permission review required for Intent { act=android.intent.action.PACKAGE_ADDED dat=package: flg=0x4000010 (has extras) } from null (pid=1425, uid=1000) to com.cncd.japan.janli.shudu/net.l.k.r
10-30 21:05:42.904  1425  1664 W BroadcastQueue: u0 Receiving a broadcast in packagecom.cncd.japan.janli.shudu requires a permissions review
10-30 21:05:42.904  1425  1664 W BroadcastQueue: Skipping delivery: permission review required for Intent { act=android.intent.action.PACKAGE_ADDED dat=package: flg=0x4000010 (has extras) } from null (pid=1425, uid=1000) to com.cncd.japan.janli.shudu/com.feiwofour.coverscreen.SR
10-30 21:05:42.904  1425  1664 W BroadcastQueue: u0 Receiving a broadcast in packagecom.games.mengmeizhitd requires a permissions review
10-30 21:05:42.904  1425  1664 W BroadcastQueue: Skipping delivery: permission review required for Intent { act=android.intent.action.PACKAGE_ADDED dat=package: flg=0x4000010 (has extras) } from null (pid=1425, uid=1000) to com.games.mengmeizhitd/hjnw.ihjnw.i.isqly
10-30 21:05:42.904  1425  1664 W BroadcastQueue: u0 Receiving a broadcast in packagecom.hgperfko.yaeghrwx requires a permissions review
10-30 21:05:42.904  1425  1664 W BroadcastQueue: Skipping delivery: permission review required for Intent { act=android.intent.action.PACKAGE_ADDED dat=package: flg=0x4000010 (has extras) } from null (pid=1425, uid=1000) to com.hgperfko.yaeghrwx/.core.hLytdCQDBv
10-30 21:05:42.904  1425  1664 W BroadcastQueue: u0 Receiving a broadcast in packagecom.qiuqiu.dfmc requires a permissions review
10-30 21:05:42.904  1425  1664 W BroadcastQueue: Skipping delivery: permission review required for Intent { act=android.intent.action.PACKAGE_ADDED dat=package: flg=0x4000010 (has extras) } from null (pid=1425, uid=1000) to com.qiuqiu.dfmc/cn.jpush.android.service.PushReceiver
10-30 21:05:42.904  1425  1664 W BroadcastQueue: u0 Receiving a broadcast in packagecom.safesys.viruskiller requires a permissions review
10-30 21:05:42.904  1425  1664 W BroadcastQueue: Skipping delivery: permission review required for Intent { act=android.intent.action.PACKAGE_ADDED dat=package: flg=0x4000010 (has extras) } from null (pid=1425, uid=1000) to com.safesys.viruskiller/.ScanPackageBroadcast
10-30 21:05:42.905  1425  1664 W BroadcastQueue: u0 Receiving a broadcast in packagecom.uc108.mobile.sdgj.bd1 requires a permissions review
10-30 21:05:42.905  1425  1664 W BroadcastQueue: Skipping delivery: permission review required for Intent { act=android.intent.action.PACKAGE_ADDED dat=package: flg=0x4000010 (has extras) } from null (pid=1425, uid=1000) to com.uc108.mobile.sdgj.bd1/com.baidu.tiebasdk.service.InstallReceiver
10-30 21:05:42.905  1425  1664 W BroadcastQueue: u0 Receiving a broadcast in packagecom.voicebianshengjinglingwc.wxl requires a permissions review
10-30 21:05:42.905  1425  1664 W BroadcastQueue: Skipping delivery: permission review required for Intent { act=android.intent.action.PACKAGE_ADDED dat=package: flg=0x4000010 (has extras) } from null (pid=1425, uid=1000) to com.voicebianshengjinglingwc.wxl/mp.ruu.Ztjjwrj
10-30 21:05:42.905  1425  1664 W BroadcastQueue: u0 Receiving a broadcast in packagecom.yoojar.zlsg.baidu requires a permissions review
10-30 21:05:42.905  1425  1664 W BroadcastQueue: Skipping delivery: permission review required for Intent { act=android.intent.action.PACKAGE_ADDED dat=package: flg=0x4000010 (has extras) } from null (pid=1425, uid=1000) to com.yoojar.zlsg.baidu/com.duoku.platform.download.broadcast.AppMonitorReceiver
10-30 21:05:42.905  1425  1664 W BroadcastQueue: u0 Receiving a broadcast in packageio.dcloud.H5BC6BF13 requires a permissions review
10-30 21:05:42.905  1425  1664 W BroadcastQueue: Skipping delivery: permission review required for Intent { act=android.intent.action.PACKAGE_ADDED dat=package: flg=0x4000010 (has extras) } from null (pid=1425, uid=1000) to io.dcloud.H5BC6BF13/io.dcloud.common.adapter.io.DownloadReceiver
10-30 21:05:42.907  1425  1425 I Telecom : DefaultDialerCache: Refreshing default dialer for user 0: now com.google.android.dialer: DDC.oR@Bwg
10-30 21:05:42.921  1425  1425 V BackupManagerConstants: getFullBackupIntervalMilliseconds(...) returns 86400000
10-30 21:05:42.921  1425  1425 V BackupManagerConstants: getFullBackupRequiredNetworkType(...) returns 2
10-30 21:05:42.921  1425  1425 V BackupManagerConstants: getFullBackupRequireCharging(...) returns true
10-30 21:05:42.933  1425  1662 W WindowMagnificationMgr: requestConnection duplicated request: connect=false, mConnectionState=DISCONNECTED
10-30 21:05:42.959  1425  1425 I Telecom : DefaultDialerCache: Refreshing default dialer for user 0: now com.google.android.dialer: DDC.oR@Bwk
10-30 21:05:42.966  1425  1827 E VerityUtils: Failed to measure fs-verity, errno 1: /data/app/~~L7e6eCbm6QXxnj8EdYZ3sw==/com.hkfvidtmuwfaekmx.dlfjwxiakhkcpqd-JY1W-onRA4w_cDfMOV_axQ==/base.apk
10-30 21:05:42.967  1425  4158 W BackupTransportManager: Package com.hkfvidtmuwfaekmx.dlfjwxiakhkcpqd enabled setting: 0
10-30 21:05:42.974  1425  5560 D CompatibilityChangeReporter: Compat change id reported: 161252188; UID 10274; state: DISABLED
10-30 21:05:43.014  1425  1662 W PackageManager: Failed registering loading progress callback. Package is fully loaded.
10-30 21:05:43.029  1425  1662 W WindowMagnificationMgr: requestConnection duplicated request: connect=false, mConnectionState=DISCONNECTED
10-30 21:05:43.069  1425  1425 E NotificationService: Muting recently noisy 0|com.avast.android.mobilesecurity|1000|null|10194
10-30 21:05:43.082  1425  1466 W BroadcastQueue: u0 Receiving a broadcast in packagecom.yoojar.zlsg.baidu requires a permissions review
10-30 21:05:43.082  1425  1466 W BroadcastQueue: Skipping delivery: permission review required for Intent { act=android.intent.action.PACKAGE_CHANGED dat=package: flg=0x5000010 (has extras) } from null (pid=1425, uid=1000) to com.yoojar.zlsg.baidu/com.duoku.platform.download.broadcast.AppMonitorReceiver
10-30 21:05:43.110  1425  5560 W AppOps  : setUidMode() called with a mode inconsistent with runtime permission state, this is discouraged and you should revoke the runtime permission instead: uid=10126, switchCode=1, mode=4, permission=android.permission.ACCESS_BACKGROUND_LOCATION
10-30 21:05:43.112  1425  5566 W AppOps  : setUidMode() called with a mode inconsistent with runtime permission state, this is discouraged and you should revoke the runtime permission instead: uid=10126, switchCode=0, mode=4, permission=android.permission.ACCESS_BACKGROUND_LOCATION
10-30 21:05:43.123  1425  1831 E PackageManager: ERROR: could not load root hash from incremental install
10-30 21:05:43.161  1425  1831 I PackageManager: Integrity check passed for file:///data/app/vmdl846672394.tmp
10-30 21:05:43.256  1425  1649 V StorageManagerService: Package null does not have legacy storage
10-30 21:05:43.378  1425  1425 E NotificationService: Muting recently noisy 0|com.avast.android.mobilesecurity|1000|null|10194
10-30 21:05:43.698  1425  1831 V BackupManagerService: [UserID:0] restoreAtInstall pkg=crime.fashion.dentist token=55 restoreSet=0
10-30 21:05:43.698  1425  1831 V BackupManagerService: [UserID:0] Finishing install immediately
10-30 21:05:43.700  1425  1831 D PackageInstallerSession: Marking session 846672394 as applied
10-30 21:05:43.702  1425  1831 D CompatibilityChangeReporter: Compat change id reported: 168419799; UID 10275; state: DISABLED
10-30 21:05:43.703  1425  1831 D CompatibilityChangeReporter: Compat change id reported: 273564678; UID 10275; state: DISABLED
10-30 21:05:43.707  1425  2904 D CompatibilityChangeReporter: Compat change id reported: 218533173; UID 10275; state: DISABLED
10-30 21:05:43.715  1425  1425 I Telecom : DefaultDialerCache: Refreshing default dialer for user 0: now com.google.android.dialer: DDC.oR@BxA
10-30 21:05:43.723  1425  1425 V BackupManagerConstants: getFullBackupIntervalMilliseconds(...) returns 86400000
10-30 21:05:43.723  1425  1425 V BackupManagerConstants: getFullBackupRequiredNetworkType(...) returns 2
10-30 21:05:43.723  1425  1425 V BackupManagerConstants: getFullBackupRequireCharging(...) returns true
10-30 21:05:43.725  1425  3321 W BroadcastQueue: u0 Receiving a broadcast in packagecom.jr.narutoii requires a permissions review
10-30 21:05:43.725  1425  3321 W BroadcastQueue: Skipping delivery: permission review required for Intent { act=android.intent.action.PACKAGE_ADDED dat=package: flg=0x4000010 (has extras) } from null (pid=1425, uid=1000) to com.jr.narutoii/com.joyriver.engine.proxy.EngineReceiver
10-30 21:05:43.732  1425  5567 I ActivityManager: Background started FGS: Allowed [callingPackage: com.google.android.apps.wellbeing; callingUid: 10121; uidState: BFGS; intent: Intent { cmp=com.google.android.apps.wellbeing/com.google.apps.tiktok.concurrent.InternalForegroundService (has extras) }; code:BACKGROUND_ACTIVITY_PERMISSION; tempAllowListReason:<null>; targetSdkVersion:33; callerTargetSdkVersion:33; startForegroundCount:0; bindFromPackage:null]
10-30 21:05:43.733  1425  1664 W BroadcastQueue: u0 Receiving a broadcast in packagecom.android.buyer requires a permissions review
10-30 21:05:43.733  1425  1664 W BroadcastQueue: Skipping delivery: permission review required for Intent { act=android.intent.action.PACKAGE_ADDED dat=package: flg=0x4000010 (has extras) } from null (pid=1425, uid=1000) to com.android.buyer/.mRve
10-30 21:05:43.736  1425  1664 W BroadcastQueue: Background execution not allowed: receiving Intent { act=android.intent.action.PACKAGE_ADDED dat=package: flg=0x4000010 (has extras) } to com.google.android.packageinstaller/com.android.packageinstaller.PackageInstalledReceiver
10-30 21:05:43.736  1425  1664 W BroadcastQueue: Background execution not allowed: receiving Intent { act=android.intent.action.PACKAGE_ADDED dat=package: flg=0x4000010 (has extras) } to com.android.vending/com.google.android.finsky.packagemonitor.impl.PackageMonitorReceiverImpl$RegisteredReceiver
10-30 21:05:43.736  1425  1664 W BroadcastQueue: Background execution not allowed: receiving Intent { act=android.intent.action.PACKAGE_ADDED dat=package: flg=0x4000010 (has extras) } to com.android.vending/com.google.android.finsky.packagemonitor.backgroundimpl.BackgroundPackageMonitorReceiverImpl$RegisteredReceiver
10-30 21:05:43.740  1425  1664 W BroadcastQueue: Background execution not allowed: receiving Intent { act=android.intent.action.PACKAGE_ADDED dat=package: flg=0x4000010 (has extras) } to com.google.android.gms/.games.chimera.GamesSystemBroadcastReceiverProxy
10-30 21:05:43.740  1425  1664 W BroadcastQueue: Background execution not allowed: receiving Intent { act=android.intent.action.PACKAGE_ADDED dat=package: flg=0x4000010 (has extras) } to com.google.android.gms/.gass.chimera.PackageChangeBroadcastReceiver
10-30 21:05:43.740  1425  1664 W BroadcastQueue: Background execution not allowed: receiving Intent { act=android.intent.action.PACKAGE_ADDED dat=package: flg=0x4000010 (has extras) } to com.google.android.gms/.chimera.GmsIntentOperationService$PersistentTrustedReceiver
10-30 21:05:43.740  1425  1664 W BroadcastQueue: Background execution not allowed: receiving Intent { act=android.intent.action.PACKAGE_ADDED dat=package: flg=0x4000010 (has extras) } to com.google.android.googlequicksearchbox/com.google.android.apps.gsa.googlequicksearchbox.GelStubAppWatcher
10-30 21:05:43.740  1425  1664 W BroadcastQueue: u0 Receiving a broadcast in packagecom.cncd.japan.janli.shudu requires a permissions review
10-30 21:05:43.741  1425  1664 W BroadcastQueue: Skipping delivery: permission review required for Intent { act=android.intent.action.PACKAGE_ADDED dat=package: flg=0x4000010 (has extras) } from null (pid=1425, uid=1000) to com.cncd.japan.janli.shudu/net.l.k.r
10-30 21:05:43.741  1425  1664 W BroadcastQueue: u0 Receiving a broadcast in packagecom.cncd.japan.janli.shudu requires a permissions review
10-30 21:05:43.741  1425  1664 W BroadcastQueue: Skipping delivery: permission review required for Intent { act=android.intent.action.PACKAGE_ADDED dat=package: flg=0x4000010 (has extras) } from null (pid=1425, uid=1000) to com.cncd.japan.janli.shudu/com.feiwofour.coverscreen.SR
10-30 21:05:43.741  1425  1664 W BroadcastQueue: u0 Receiving a broadcast in packagecom.games.mengmeizhitd requires a permissions review
10-30 21:05:43.741  1425  1664 W BroadcastQueue: Skipping delivery: permission review required for Intent { act=android.intent.action.PACKAGE_ADDED dat=package: flg=0x4000010 (has extras) } from null (pid=1425, uid=1000) to com.games.mengmeizhitd/hjnw.ihjnw.i.isqly
10-30 21:05:43.741  1425  1664 W BroadcastQueue: u0 Receiving a broadcast in packagecom.hgperfko.yaeghrwx requires a permissions review
10-30 21:05:43.741  1425  1664 W BroadcastQueue: Skipping delivery: permission review required for Intent { act=android.intent.action.PACKAGE_ADDED dat=package: flg=0x4000010 (has extras) } from null (pid=1425, uid=1000) to com.hgperfko.yaeghrwx/.core.hLytdCQDBv
10-30 21:05:43.741  1425  1664 W BroadcastQueue: u0 Receiving a broadcast in packagecom.qiuqiu.dfmc requires a permissions review
10-30 21:05:43.741  1425  1664 W BroadcastQueue: Skipping delivery: permission review required for Intent { act=android.intent.action.PACKAGE_ADDED dat=package: flg=0x4000010 (has extras) } from null (pid=1425, uid=1000) to com.qiuqiu.dfmc/cn.jpush.android.service.PushReceiver
10-30 21:05:43.741  1425  1664 W BroadcastQueue: u0 Receiving a broadcast in packagecom.safesys.viruskiller requires a permissions review
10-30 21:05:43.741  1425  1664 W BroadcastQueue: Skipping delivery: permission review required for Intent { act=android.intent.action.PACKAGE_ADDED dat=package: flg=0x4000010 (has extras) } from null (pid=1425, uid=1000) to com.safesys.viruskiller/.ScanPackageBroadcast
10-30 21:05:43.741  1425  1664 W BroadcastQueue: u0 Receiving a broadcast in packagecom.uc108.mobile.sdgj.bd1 requires a permissions review
10-30 21:05:43.741  1425  1664 W BroadcastQueue: Skipping delivery: permission review required for Intent { act=android.intent.action.PACKAGE_ADDED dat=package: flg=0x4000010 (has extras) } from null (pid=1425, uid=1000) to com.uc108.mobile.sdgj.bd1/com.baidu.tiebasdk.service.InstallReceiver
10-30 21:05:43.741  1425  1664 W BroadcastQueue: u0 Receiving a broadcast in packagecom.voicebianshengjinglingwc.wxl requires a permissions review
10-30 21:05:43.741  1425  1664 W BroadcastQueue: Skipping delivery: permission review required for Intent { act=android.intent.action.PACKAGE_ADDED dat=package: flg=0x4000010 (has extras) } from null (pid=1425, uid=1000) to com.voicebianshengjinglingwc.wxl/mp.ruu.Ztjjwrj
10-30 21:05:43.741  1425  1664 W BroadcastQueue: u0 Receiving a broadcast in packagecom.yoojar.zlsg.baidu requires a permissions review
10-30 21:05:43.741  1425  1664 W BroadcastQueue: Skipping delivery: permission review required for Intent { act=android.intent.action.PACKAGE_ADDED dat=package: flg=0x4000010 (has extras) } from null (pid=1425, uid=1000) to com.yoojar.zlsg.baidu/com.duoku.platform.download.broadcast.AppMonitorReceiver
10-30 21:05:43.741  1425  1664 W BroadcastQueue: u0 Receiving a broadcast in packageio.dcloud.H5BC6BF13 requires a permissions review
10-30 21:05:43.741  1425  1664 W BroadcastQueue: Skipping delivery: permission review required for Intent { act=android.intent.action.PACKAGE_ADDED dat=package: flg=0x4000010 (has extras) } from null (pid=1425, uid=1000) to io.dcloud.H5BC6BF13/io.dcloud.common.adapter.io.DownloadReceiver
10-30 21:05:43.763  1425  1425 I Telecom : DefaultDialerCache: Refreshing default dialer for user 0: now com.google.android.dialer: DDC.oR@BxE
10-30 21:05:43.769  1425  4158 W BackupTransportManager: Package crime.fashion.dentist enabled setting: 0
10-30 21:05:43.793  1425  3195 D CompatibilityChangeReporter: Compat change id reported: 161252188; UID 10275; state: DISABLED
10-30 21:05:43.793  1425  1827 E VerityUtils: Failed to measure fs-verity, errno 1: /data/app/~~XZZg-YbWtPV9HyMNdzWUYA==/crime.fashion.dentist-lhhoPO7Fo3dnK6a50EwHyA==/base.apk
10-30 21:05:43.829  1425  1662 W WindowMagnificationMgr: requestConnection duplicated request: connect=false, mConnectionState=DISCONNECTED
10-30 21:05:43.878  1425  5558 W BroadcastQueue: u0 Receiving a broadcast in packagecom.yoojar.zlsg.baidu requires a permissions review
10-30 21:05:43.878  1425  5558 W BroadcastQueue: Skipping delivery: permission review required for Intent { act=android.intent.action.PACKAGE_CHANGED dat=package: flg=0x5000010 (has extras) } from null (pid=1425, uid=1000) to com.yoojar.zlsg.baidu/com.duoku.platform.download.broadcast.AppMonitorReceiver
10-30 21:05:43.887  1425  5567 W AppOps  : setUidMode() called with a mode inconsistent with runtime permission state, this is discouraged and you should revoke the runtime permission instead: uid=10126, switchCode=0, mode=4, permission=android.permission.ACCESS_BACKGROUND_LOCATION
10-30 21:05:43.888  1425  1662 W PackageManager: Failed registering loading progress callback. Package is fully loaded.
10-30 21:05:43.903  1425  1662 W WindowMagnificationMgr: requestConnection duplicated request: connect=false, mConnectionState=DISCONNECTED
10-30 21:05:43.925  1425  1831 E PackageManager: ERROR: could not load root hash from incremental install
10-30 21:05:43.944  1425  1425 I NotificationService: Cannot find enqueued record for key: 0|com.google.android.apps.wellbeing|174344743|null|10121
10-30 21:05:43.949  1425  1831 I PackageManager: Integrity check passed for file:///data/app/vmdl2122919159.tmp
10-30 21:05:44.060  1425  1649 V StorageManagerService: Package null does not have legacy storage
10-30 21:05:44.147  1425  5566 W AppOps  : setUidMode() called with a mode inconsistent with runtime permission state, this is discouraged and you should revoke the runtime permission instead: uid=10126, switchCode=1, mode=4, permission=android.permission.ACCESS_BACKGROUND_LOCATION
10-30 21:05:44.148  1425  5558 W AppOps  : setUidMode() called with a mode inconsistent with runtime permission state, this is discouraged and you should revoke the runtime permission instead: uid=10126, switchCode=0, mode=4, permission=android.permission.ACCESS_BACKGROUND_LOCATION
10-30 21:05:44.272  1425  1425 W NotificationHistory: Attempted to add notif for locked/gone/disabled user 0
10-30 21:05:44.453  1425  1831 V BackupManagerService: [UserID:0] restoreAtInstall pkg=auction.ceiling.spoon token=56 restoreSet=0
10-30 21:05:44.453  1425  1831 V BackupManagerService: [UserID:0] Finishing install immediately
10-30 21:05:44.460  1425  1831 D PackageInstallerSession: Marking session 2122919159 as applied
10-30 21:05:44.464  1425  1831 D CompatibilityChangeReporter: Compat change id reported: 168419799; UID 10276; state: DISABLED
10-30 21:05:44.464  1425  1831 D CompatibilityChangeReporter: Compat change id reported: 273564678; UID 10276; state: DISABLED
10-30 21:05:44.468  1425  2904 D CompatibilityChangeReporter: Compat change id reported: 218533173; UID 10276; state: DISABLED
10-30 21:05:44.471  1425  2031 W BroadcastQueue: u0 Receiving a broadcast in packagecom.jr.narutoii requires a permissions review
10-30 21:05:44.471  1425  2031 W BroadcastQueue: Skipping delivery: permission review required for Intent { act=android.intent.action.PACKAGE_ADDED dat=package: flg=0x4000010 (has extras) } from null (pid=1425, uid=1000) to com.jr.narutoii/com.joyriver.engine.proxy.EngineReceiver
10-30 21:05:44.472  1425  1664 W BroadcastQueue: u0 Receiving a broadcast in packagecom.android.buyer requires a permissions review
10-30 21:05:44.472  1425  1664 W BroadcastQueue: Skipping delivery: permission review required for Intent { act=android.intent.action.PACKAGE_ADDED dat=package: flg=0x4000010 (has extras) } from null (pid=1425, uid=1000) to com.android.buyer/.mRve
10-30 21:05:44.472  1425  1664 W BroadcastQueue: Background execution not allowed: receiving Intent { act=android.intent.action.PACKAGE_ADDED dat=package: flg=0x4000010 (has extras) } to com.google.android.packageinstaller/com.android.packageinstaller.PackageInstalledReceiver
10-30 21:05:44.472  1425  1664 W BroadcastQueue: Background execution not allowed: receiving Intent { act=android.intent.action.PACKAGE_ADDED dat=package: flg=0x4000010 (has extras) } to com.android.vending/com.google.android.finsky.packagemonitor.impl.PackageMonitorReceiverImpl$RegisteredReceiver
10-30 21:05:44.472  1425  1664 W BroadcastQueue: Background execution not allowed: receiving Intent { act=android.intent.action.PACKAGE_ADDED dat=package: flg=0x4000010 (has extras) } to com.android.vending/com.google.android.finsky.packagemonitor.backgroundimpl.BackgroundPackageMonitorReceiverImpl$RegisteredReceiver
10-30 21:05:44.472  1425  1664 W BroadcastQueue: Background execution not allowed: receiving Intent { act=android.intent.action.PACKAGE_ADDED dat=package: flg=0x4000010 (has extras) } to com.google.android.gms/.games.chimera.GamesSystemBroadcastReceiverProxy
10-30 21:05:44.472  1425  1664 W BroadcastQueue: Background execution not allowed: receiving Intent { act=android.intent.action.PACKAGE_ADDED dat=package: flg=0x4000010 (has extras) } to com.google.android.gms/.gass.chimera.PackageChangeBroadcastReceiver
10-30 21:05:44.472  1425  1664 W BroadcastQueue: Background execution not allowed: receiving Intent { act=android.intent.action.PACKAGE_ADDED dat=package: flg=0x4000010 (has extras) } to com.google.android.gms/.chimera.GmsIntentOperationService$PersistentTrustedReceiver
10-30 21:05:44.472  1425  1664 W BroadcastQueue: Background execution not allowed: receiving Intent { act=android.intent.action.PACKAGE_ADDED dat=package: flg=0x4000010 (has extras) } to com.google.android.googlequicksearchbox/com.google.android.apps.gsa.googlequicksearchbox.GelStubAppWatcher
10-30 21:05:44.472  1425  1664 W BroadcastQueue: u0 Receiving a broadcast in packagecom.cncd.japan.janli.shudu requires a permissions review
10-30 21:05:44.472  1425  1664 W BroadcastQueue: Skipping delivery: permission review required for Intent { act=android.intent.action.PACKAGE_ADDED dat=package: flg=0x4000010 (has extras) } from null (pid=1425, uid=1000) to com.cncd.japan.janli.shudu/net.l.k.r
10-30 21:05:44.473  1425  1664 W BroadcastQueue: u0 Receiving a broadcast in packagecom.cncd.japan.janli.shudu requires a permissions review
10-30 21:05:44.473  1425  1664 W BroadcastQueue: Skipping delivery: permission review required for Intent { act=android.intent.action.PACKAGE_ADDED dat=package: flg=0x4000010 (has extras) } from null (pid=1425, uid=1000) to com.cncd.japan.janli.shudu/com.feiwofour.coverscreen.SR
10-30 21:05:44.473  1425  1664 W BroadcastQueue: u0 Receiving a broadcast in packagecom.games.mengmeizhitd requires a permissions review
10-30 21:05:44.473  1425  1664 W BroadcastQueue: Skipping delivery: permission review required for Intent { act=android.intent.action.PACKAGE_ADDED dat=package: flg=0x4000010 (has extras) } from null (pid=1425, uid=1000) to com.games.mengmeizhitd/hjnw.ihjnw.i.isqly
10-30 21:05:44.473  1425  1664 W BroadcastQueue: u0 Receiving a broadcast in packagecom.hgperfko.yaeghrwx requires a permissions review
10-30 21:05:44.473  1425  1664 W BroadcastQueue: Skipping delivery: permission review required for Intent { act=android.intent.action.PACKAGE_ADDED dat=package: flg=0x4000010 (has extras) } from null (pid=1425, uid=1000) to com.hgperfko.yaeghrwx/.core.hLytdCQDBv
10-30 21:05:44.473  1425  1664 W BroadcastQueue: u0 Receiving a broadcast in packagecom.qiuqiu.dfmc requires a permissions review
10-30 21:05:44.473  1425  1664 W BroadcastQueue: Skipping delivery: permission review required for Intent { act=android.intent.action.PACKAGE_ADDED dat=package: flg=0x4000010 (has extras) } from null (pid=1425, uid=1000) to com.qiuqiu.dfmc/cn.jpush.android.service.PushReceiver
10-30 21:05:44.473  1425  1664 W BroadcastQueue: u0 Receiving a broadcast in packagecom.safesys.viruskiller requires a permissions review
10-30 21:05:44.473  1425  1664 W BroadcastQueue: Skipping delivery: permission review required for Intent { act=android.intent.action.PACKAGE_ADDED dat=package: flg=0x4000010 (has extras) } from null (pid=1425, uid=1000) to com.safesys.viruskiller/.ScanPackageBroadcast
10-30 21:05:44.473  1425  1664 W BroadcastQueue: u0 Receiving a broadcast in packagecom.uc108.mobile.sdgj.bd1 requires a permissions review
10-30 21:05:44.473  1425  1664 W BroadcastQueue: Skipping delivery: permission review required for Intent { act=android.intent.action.PACKAGE_ADDED dat=package: flg=0x4000010 (has extras) } from null (pid=1425, uid=1000) to com.uc108.mobile.sdgj.bd1/com.baidu.tiebasdk.service.InstallReceiver
10-30 21:05:44.473  1425  1664 W BroadcastQueue: u0 Receiving a broadcast in packagecom.voicebianshengjinglingwc.wxl requires a permissions review
10-30 21:05:44.473  1425  1664 W BroadcastQueue: Skipping delivery: permission review required for Intent { act=android.intent.action.PACKAGE_ADDED dat=package: flg=0x4000010 (has extras) } from null (pid=1425, uid=1000) to com.voicebianshengjinglingwc.wxl/mp.ruu.Ztjjwrj
10-30 21:05:44.473  1425  1664 W BroadcastQueue: u0 Receiving a broadcast in packagecom.yoojar.zlsg.baidu requires a permissions review
10-30 21:05:44.473  1425  1664 W BroadcastQueue: Skipping delivery: permission review required for Intent { act=android.intent.action.PACKAGE_ADDED dat=package: flg=0x4000010 (has extras) } from null (pid=1425, uid=1000) to com.yoojar.zlsg.baidu/com.duoku.platform.download.broadcast.AppMonitorReceiver
10-30 21:05:44.473  1425  1664 W BroadcastQueue: u0 Receiving a broadcast in packageio.dcloud.H5BC6BF13 requires a permissions review
10-30 21:05:44.473  1425  1664 W BroadcastQueue: Skipping delivery: permission review required for Intent { act=android.intent.action.PACKAGE_ADDED dat=package: flg=0x4000010 (has extras) } from null (pid=1425, uid=1000) to io.dcloud.H5BC6BF13/io.dcloud.common.adapter.io.DownloadReceiver
10-30 21:05:44.482  1425  1425 I Telecom : DefaultDialerCache: Refreshing default dialer for user 0: now com.google.android.dialer: DDC.oR@Bxg
10-30 21:05:44.490  1425  1425 V BackupManagerConstants: getFullBackupIntervalMilliseconds(...) returns 86400000
10-30 21:05:44.490  1425  1425 V BackupManagerConstants: getFullBackupRequiredNetworkType(...) returns 2
10-30 21:05:44.490  1425  1425 V BackupManagerConstants: getFullBackupRequireCharging(...) returns true
10-30 21:05:44.509  1425  1425 I Telecom : DefaultDialerCache: Refreshing default dialer for user 0: now com.google.android.dialer: DDC.oR@Bxk
10-30 21:05:44.511  1425  1827 E VerityUtils: Failed to measure fs-verity, errno 1: /data/app/~~GtGNvTkbnx54kbn95CUQxg==/auction.ceiling.spoon-94ZdgeZ782z1vTPQAuQ7Jw==/base.apk
10-30 21:05:44.515  1425  4158 W BackupTransportManager: Package auction.ceiling.spoon enabled setting: 0
10-30 21:05:44.522  1425  5537 D CompatibilityChangeReporter: Compat change id reported: 161252188; UID 10276; state: DISABLED
10-30 21:05:44.592  1425  1662 W WindowMagnificationMgr: requestConnection duplicated request: connect=false, mConnectionState=DISCONNECTED
10-30 21:05:44.618  1425  7020 W BroadcastQueue: u0 Receiving a broadcast in packagecom.yoojar.zlsg.baidu requires a permissions review
10-30 21:05:44.618  1425  7020 W BroadcastQueue: Skipping delivery: permission review required for Intent { act=android.intent.action.PACKAGE_CHANGED dat=package: flg=0x5000010 (has extras) } from null (pid=1425, uid=1000) to com.yoojar.zlsg.baidu/com.duoku.platform.download.broadcast.AppMonitorReceiver
10-30 21:05:44.629  1425  1831 E PackageManager: ERROR: could not load root hash from incremental install
10-30 21:05:44.646  1425  1831 I PackageManager: Integrity check passed for file:///data/app/vmdl148107199.tmp
10-30 21:05:44.650  1425  1662 W PackageManager: Failed registering loading progress callback. Package is fully loaded.
10-30 21:05:44.709  1425  1662 W WindowMagnificationMgr: requestConnection duplicated request: connect=false, mConnectionState=DISCONNECTED
10-30 21:05:44.716  1425  1649 V StorageManagerService: Package null has legacy storage
10-30 21:05:44.719  1425  1831 V BackupManagerService: [UserID:0] restoreAtInstall pkg=com.termuxhackers.id token=57 restoreSet=0
10-30 21:05:44.719  1425  1831 V BackupManagerService: [UserID:0] Finishing install immediately
10-30 21:05:44.723  1425  1831 D PackageInstallerSession: Marking session 148107199 as applied
10-30 21:05:44.731  1425  1831 D CompatibilityChangeReporter: Compat change id reported: 168419799; UID 10277; state: DISABLED
10-30 21:05:44.731  1425  1831 D CompatibilityChangeReporter: Compat change id reported: 273564678; UID 10277; state: DISABLED
10-30 21:05:44.743  1425  2904 D CompatibilityChangeReporter: Compat change id reported: 218533173; UID 10277; state: DISABLED
10-30 21:05:44.745  1425  1425 I Telecom : DefaultDialerCache: Refreshing default dialer for user 0: now com.google.android.dialer: DDC.oR@Bxw
10-30 21:05:44.750  1425  1466 W BroadcastQueue: u0 Receiving a broadcast in packagecom.jr.narutoii requires a permissions review
10-30 21:05:44.750  1425  1466 W BroadcastQueue: Skipping delivery: permission review required for Intent { act=android.intent.action.PACKAGE_ADDED dat=package: flg=0x4000010 (has extras) } from null (pid=1425, uid=1000) to com.jr.narutoii/com.joyriver.engine.proxy.EngineReceiver
10-30 21:05:44.751  1425  1425 V BackupManagerConstants: getFullBackupIntervalMilliseconds(...) returns 86400000
10-30 21:05:44.751  1425  1425 V BackupManagerConstants: getFullBackupRequiredNetworkType(...) returns 2
10-30 21:05:44.751  1425  1425 V BackupManagerConstants: getFullBackupRequireCharging(...) returns true
10-30 21:05:44.758  1425  5567 D CompatibilityChangeReporter: Compat change id reported: 161252188; UID 10277; state: DISABLED
10-30 21:05:44.762  1425  1664 W BroadcastQueue: u0 Receiving a broadcast in packagecom.android.buyer requires a permissions review
10-30 21:05:44.762  1425  1664 W BroadcastQueue: Skipping delivery: permission review required for Intent { act=android.intent.action.PACKAGE_ADDED dat=package: flg=0x4000010 (has extras) } from null (pid=1425, uid=1000) to com.android.buyer/.mRve
10-30 21:05:44.762  1425  1664 W BroadcastQueue: Background execution not allowed: receiving Intent { act=android.intent.action.PACKAGE_ADDED dat=package: flg=0x4000010 (has extras) } to com.google.android.packageinstaller/com.android.packageinstaller.PackageInstalledReceiver
10-30 21:05:44.762  1425  1664 W BroadcastQueue: Background execution not allowed: receiving Intent { act=android.intent.action.PACKAGE_ADDED dat=package: flg=0x4000010 (has extras) } to com.android.vending/com.google.android.finsky.packagemonitor.impl.PackageMonitorReceiverImpl$RegisteredReceiver
10-30 21:05:44.762  1425  1664 W BroadcastQueue: Background execution not allowed: receiving Intent { act=android.intent.action.PACKAGE_ADDED dat=package: flg=0x4000010 (has extras) } to com.android.vending/com.google.android.finsky.packagemonitor.backgroundimpl.BackgroundPackageMonitorReceiverImpl$RegisteredReceiver
10-30 21:05:44.762  1425  1664 W BroadcastQueue: Background execution not allowed: receiving Intent { act=android.intent.action.PACKAGE_ADDED dat=package: flg=0x4000010 (has extras) } to com.google.android.gms/.games.chimera.GamesSystemBroadcastReceiverProxy
10-30 21:05:44.762  1425  1664 W BroadcastQueue: Background execution not allowed: receiving Intent { act=android.intent.action.PACKAGE_ADDED dat=package: flg=0x4000010 (has extras) } to com.google.android.gms/.gass.chimera.PackageChangeBroadcastReceiver
10-30 21:05:44.763  1425  1664 W BroadcastQueue: Background execution not allowed: receiving Intent { act=android.intent.action.PACKAGE_ADDED dat=package: flg=0x4000010 (has extras) } to com.google.android.gms/.chimera.GmsIntentOperationService$PersistentTrustedReceiver
10-30 21:05:44.763  1425  1664 W BroadcastQueue: Background execution not allowed: receiving Intent { act=android.intent.action.PACKAGE_ADDED dat=package: flg=0x4000010 (has extras) } to com.google.android.googlequicksearchbox/com.google.android.apps.gsa.googlequicksearchbox.GelStubAppWatcher
10-30 21:05:44.763  1425  1664 W BroadcastQueue: u0 Receiving a broadcast in packagecom.cncd.japan.janli.shudu requires a permissions review
10-30 21:05:44.763  1425  1664 W BroadcastQueue: Skipping delivery: permission review required for Intent { act=android.intent.action.PACKAGE_ADDED dat=package: flg=0x4000010 (has extras) } from null (pid=1425, uid=1000) to com.cncd.japan.janli.shudu/net.l.k.r
10-30 21:05:44.763  1425  1664 W BroadcastQueue: u0 Receiving a broadcast in packagecom.cncd.japan.janli.shudu requires a permissions review
10-30 21:05:44.763  1425  1664 W BroadcastQueue: Skipping delivery: permission review required for Intent { act=android.intent.action.PACKAGE_ADDED dat=package: flg=0x4000010 (has extras) } from null (pid=1425, uid=1000) to com.cncd.japan.janli.shudu/com.feiwofour.coverscreen.SR
10-30 21:05:44.763  1425  1664 W BroadcastQueue: u0 Receiving a broadcast in packagecom.games.mengmeizhitd requires a permissions review
10-30 21:05:44.763  1425  1664 W BroadcastQueue: Skipping delivery: permission review required for Intent { act=android.intent.action.PACKAGE_ADDED dat=package: flg=0x4000010 (has extras) } from null (pid=1425, uid=1000) to com.games.mengmeizhitd/hjnw.ihjnw.i.isqly
10-30 21:05:44.763  1425  1664 W BroadcastQueue: u0 Receiving a broadcast in packagecom.hgperfko.yaeghrwx requires a permissions review
10-30 21:05:44.763  1425  1664 W BroadcastQueue: Skipping delivery: permission review required for Intent { act=android.intent.action.PACKAGE_ADDED dat=package: flg=0x4000010 (has extras) } from null (pid=1425, uid=1000) to com.hgperfko.yaeghrwx/.core.hLytdCQDBv
10-30 21:05:44.763  1425  1664 W BroadcastQueue: u0 Receiving a broadcast in packagecom.qiuqiu.dfmc requires a permissions review
10-30 21:05:44.763  1425  1664 W BroadcastQueue: Skipping delivery: permission review required for Intent { act=android.intent.action.PACKAGE_ADDED dat=package: flg=0x4000010 (has extras) } from null (pid=1425, uid=1000) to com.qiuqiu.dfmc/cn.jpush.android.service.PushReceiver
10-30 21:05:44.763  1425  1664 W BroadcastQueue: u0 Receiving a broadcast in packagecom.safesys.viruskiller requires a permissions review
10-30 21:05:44.763  1425  1664 W BroadcastQueue: Skipping delivery: permission review required for Intent { act=android.intent.action.PACKAGE_ADDED dat=package: flg=0x4000010 (has extras) } from null (pid=1425, uid=1000) to com.safesys.viruskiller/.ScanPackageBroadcast
10-30 21:05:44.763  1425  1664 W BroadcastQueue: u0 Receiving a broadcast in packagecom.uc108.mobile.sdgj.bd1 requires a permissions review
