10-30 20:49:29.407  1467  1691 W BroadcastQueue: Skipping delivery: permission review required for Intent { act=android.intent.action.PACKAGE_ADDED dat=package: flg=0x4000010 (has extras) } from null (pid=1467, uid=1000) to com.games.mengmeizhitd/hjnw.ihjnw.i.isqly
10-30 20:49:29.407  1467  1691 W BroadcastQueue: u0 Receiving a broadcast in packagecom.hgperfko.yaeghrwx requires a permissions review
10-30 20:49:29.407  1467  1691 W BroadcastQueue: Skipping delivery: permission review required for Intent { act=android.intent.action.PACKAGE_ADDED dat=package: flg=0x4000010 (has extras) } from null (pid=1467, uid=1000) to com.hgperfko.yaeghrwx/.core.hLytdCQDBv
10-30 20:49:29.407  1467  1691 W BroadcastQueue: u0 Receiving a broadcast in packagecom.qiuqiu.dfmc requires a permissions review
10-30 20:49:29.407  1467  1691 W BroadcastQueue: Skipping delivery: permission review required for Intent { act=android.intent.action.PACKAGE_ADDED dat=package: flg=0x4000010 (has extras) } from null (pid=1467, uid=1000) to com.qiuqiu.dfmc/cn.jpush.android.service.PushReceiver
10-30 20:49:29.407  1467  1691 W BroadcastQueue: u0 Receiving a broadcast in packagecom.safesys.viruskiller requires a permissions review
10-30 20:49:29.407  1467  1691 W BroadcastQueue: Skipping delivery: permission review required for Intent { act=android.intent.action.PACKAGE_ADDED dat=package: flg=0x4000010 (has extras) } from null (pid=1467, uid=1000) to com.safesys.viruskiller/.ScanPackageBroadcast
10-30 20:49:29.407  1467  1691 W BroadcastQueue: u0 Receiving a broadcast in packagecom.uc108.mobile.sdgj.bd1 requires a permissions review
10-30 20:49:29.407  1467  1691 W BroadcastQueue: Skipping delivery: permission review required for Intent { act=android.intent.action.PACKAGE_ADDED dat=package: flg=0x4000010 (has extras) } from null (pid=1467, uid=1000) to com.uc108.mobile.sdgj.bd1/com.baidu.tiebasdk.service.InstallReceiver
10-30 20:49:29.407  1467  1691 W BroadcastQueue: u0 Receiving a broadcast in packagecom.voicebianshengjinglingwc.wxl requires a permissions review
10-30 20:49:29.407  1467  1691 W BroadcastQueue: Skipping delivery: permission review required for Intent { act=android.intent.action.PACKAGE_ADDED dat=package: flg=0x4000010 (has extras) } from null (pid=1467, uid=1000) to com.voicebianshengjinglingwc.wxl/mp.ruu.Ztjjwrj
10-30 20:49:29.407  1467  1691 W BroadcastQueue: u0 Receiving a broadcast in packagecom.yoojar.zlsg.baidu requires a permissions review
10-30 20:49:29.407  1467  1691 W BroadcastQueue: Skipping delivery: permission review required for Intent { act=android.intent.action.PACKAGE_ADDED dat=package: flg=0x4000010 (has extras) } from null (pid=1467, uid=1000) to com.yoojar.zlsg.baidu/com.duoku.platform.download.broadcast.AppMonitorReceiver
10-30 20:49:29.407  1467  1691 W BroadcastQueue: u0 Receiving a broadcast in packageio.dcloud.H5BC6BF13 requires a permissions review
10-30 20:49:29.407  1467  1691 W BroadcastQueue: Skipping delivery: permission review required for Intent { act=android.intent.action.PACKAGE_ADDED dat=package: flg=0x4000010 (has extras) } from null (pid=1467, uid=1000) to io.dcloud.H5BC6BF13/io.dcloud.common.adapter.io.DownloadReceiver
10-30 20:49:29.425  1467  5563 D CompatibilityChangeReporter: Compat change id reported: 161252188; UID 10271; state: DISABLED
10-30 20:49:29.451  1467  1688 W WindowMagnificationMgr: requestConnection duplicated request: connect=false, mConnectionState=DISCONNECTED
10-30 20:49:29.458  1467  1467 I Telecom : DefaultDialerCache: Refreshing default dialer for user 0: now com.google.android.dialer: DDC.oR@BdA
10-30 20:49:29.460  1467  4161 W BackupTransportManager: Package qtggtfpiydqiikhbndreqabpjlb.deupxo.orrsdcgrckebmqzu enabled setting: 0
10-30 20:49:29.495  1467  5563 W BroadcastQueue: u0 Receiving a broadcast in packagecom.yoojar.zlsg.baidu requires a permissions review
10-30 20:49:29.495  1467  5563 W BroadcastQueue: Skipping delivery: permission review required for Intent { act=android.intent.action.PACKAGE_CHANGED dat=package: flg=0x5000010 (has extras) } from null (pid=1467, uid=1000) to com.yoojar.zlsg.baidu/com.duoku.platform.download.broadcast.AppMonitorReceiver
10-30 20:49:29.507  1467  1688 W PackageManager: Failed registering loading progress callback. Package is fully loaded.
10-30 20:49:29.523  1467  1688 W WindowMagnificationMgr: requestConnection duplicated request: connect=false, mConnectionState=DISCONNECTED
10-30 20:49:29.558  1467  1839 E PackageManager: ERROR: could not load root hash from incremental install
10-30 20:49:29.561  1467  2037 W PackageParsing: Unknown element under <manifest>: meta-data at /data/app/vmdl2111059161.tmp/base.apk Binary XML file line #6
10-30 20:49:29.586  1467  1839 I PackageManager: Integrity check passed for file:///data/app/vmdl2111059161.tmp
10-30 20:49:29.594  1467  1839 W PackageParsing: Unknown element under <manifest>: meta-data at /data/app/vmdl2111059161.tmp/base.apk Binary XML file line #6
10-30 20:49:29.670 14361 17504 W PackageParser: Ignoring duplicate uses-permissions/uses-permissions-sdk-m: android.permission.RECEIVE_BOOT_COMPLETED in package: qtggtfpiydqiikhbndreqabpjlb.deupxo.orrsdcgrckebmqzu at: Binary XML file line #22
10-30 20:49:29.843  1467  3608 I ActivityManager: Background started FGS: Allowed [callingPackage: com.google.android.apps.wellbeing; callingUid: 10121; uidState: BFGS; intent: Intent { cmp=com.google.android.apps.wellbeing/com.google.apps.tiktok.concurrent.InternalForegroundService (has extras) }; code:BACKGROUND_ACTIVITY_PERMISSION; tempAllowListReason:<null>; targetSdkVersion:33; callerTargetSdkVersion:33; startForegroundCount:0; bindFromPackage:null]
10-30 20:49:29.878  1467  1467 W NotificationHistory: Attempted to add notif for locked/gone/disabled user 0
10-30 20:49:29.890  1467  4195 W AppOps  : setUidMode() called with a mode inconsistent with runtime permission state, this is discouraged and you should revoke the runtime permission instead: uid=10126, switchCode=0, mode=4, permission=android.permission.ACCESS_BACKGROUND_LOCATION
10-30 20:49:29.916  1467  1839 V BackupManagerService: [UserID:0] restoreAtInstall pkg=com.agxshi1893.bis1893hxg token=52 restoreSet=0
10-30 20:49:29.917  1467  1839 V BackupManagerService: [UserID:0] Finishing install immediately
10-30 20:49:29.920  1467  1839 D PackageInstallerSession: Marking session 2111059161 as applied
10-30 20:49:29.925  1467  1839 D CompatibilityChangeReporter: Compat change id reported: 168419799; UID 10272; state: DISABLED
10-30 20:49:29.925  1467  1839 D CompatibilityChangeReporter: Compat change id reported: 273564678; UID 10272; state: DISABLED
10-30 20:49:29.930  1467  5394 W BroadcastQueue: u0 Receiving a broadcast in packagecom.jr.narutoii requires a permissions review
10-30 20:49:29.930  1467  5394 W BroadcastQueue: Skipping delivery: permission review required for Intent { act=android.intent.action.PACKAGE_ADDED dat=package: flg=0x4000010 (has extras) } from null (pid=1467, uid=1000) to com.jr.narutoii/com.joyriver.engine.proxy.EngineReceiver
10-30 20:49:29.931  1467  2913 D CompatibilityChangeReporter: Compat change id reported: 218533173; UID 10272; state: DISABLED
10-30 20:49:29.935  1467  1467 I Telecom : DefaultDialerCache: Refreshing default dialer for user 0: now com.google.android.dialer: DDC.oR@BdM
10-30 20:49:29.938  1467  1691 W BroadcastQueue: u0 Receiving a broadcast in packagecom.android.buyer requires a permissions review
10-30 20:49:29.938  1467  1691 W BroadcastQueue: Skipping delivery: permission review required for Intent { act=android.intent.action.PACKAGE_ADDED dat=package: flg=0x4000010 (has extras) } from null (pid=1467, uid=1000) to com.android.buyer/.mRve
10-30 20:49:29.938  1467  1691 W BroadcastQueue: Background execution not allowed: receiving Intent { act=android.intent.action.PACKAGE_ADDED dat=package: flg=0x4000010 (has extras) } to com.google.android.packageinstaller/com.android.packageinstaller.PackageInstalledReceiver
10-30 20:49:29.938  1467  1691 W BroadcastQueue: Background execution not allowed: receiving Intent { act=android.intent.action.PACKAGE_ADDED dat=package: flg=0x4000010 (has extras) } to com.android.vending/com.google.android.finsky.packagemonitor.impl.PackageMonitorReceiverImpl$RegisteredReceiver
10-30 20:49:29.938  1467  1691 W BroadcastQueue: Background execution not allowed: receiving Intent { act=android.intent.action.PACKAGE_ADDED dat=package: flg=0x4000010 (has extras) } to com.android.vending/com.google.android.finsky.packagemonitor.backgroundimpl.BackgroundPackageMonitorReceiverImpl$RegisteredReceiver
10-30 20:49:29.938  1467  1691 W BroadcastQueue: Background execution not allowed: receiving Intent { act=android.intent.action.PACKAGE_ADDED dat=package: flg=0x4000010 (has extras) } to com.google.android.gms/.games.chimera.GamesSystemBroadcastReceiverProxy
10-30 20:49:29.938  1467  1691 W BroadcastQueue: Background execution not allowed: receiving Intent { act=android.intent.action.PACKAGE_ADDED dat=package: flg=0x4000010 (has extras) } to com.google.android.gms/.gass.chimera.PackageChangeBroadcastReceiver
10-30 20:49:29.938  1467  1691 W BroadcastQueue: Background execution not allowed: receiving Intent { act=android.intent.action.PACKAGE_ADDED dat=package: flg=0x4000010 (has extras) } to com.google.android.gms/.chimera.GmsIntentOperationService$PersistentTrustedReceiver
10-30 20:49:29.938  1467  1691 W BroadcastQueue: Background execution not allowed: receiving Intent { act=android.intent.action.PACKAGE_ADDED dat=package: flg=0x4000010 (has extras) } to com.google.android.googlequicksearchbox/com.google.android.apps.gsa.googlequicksearchbox.GelStubAppWatcher
10-30 20:49:29.938  1467  1691 W BroadcastQueue: u0 Receiving a broadcast in packagecom.cncd.japan.janli.shudu requires a permissions review
10-30 20:49:29.938  1467  1691 W BroadcastQueue: Skipping delivery: permission review required for Intent { act=android.intent.action.PACKAGE_ADDED dat=package: flg=0x4000010 (has extras) } from null (pid=1467, uid=1000) to com.cncd.japan.janli.shudu/net.l.k.r
10-30 20:49:29.938  1467  1691 W BroadcastQueue: u0 Receiving a broadcast in packagecom.cncd.japan.janli.shudu requires a permissions review
10-30 20:49:29.938  1467  1691 W BroadcastQueue: Skipping delivery: permission review required for Intent { act=android.intent.action.PACKAGE_ADDED dat=package: flg=0x4000010 (has extras) } from null (pid=1467, uid=1000) to com.cncd.japan.janli.shudu/com.feiwofour.coverscreen.SR
10-30 20:49:29.938  1467  1691 W BroadcastQueue: u0 Receiving a broadcast in packagecom.games.mengmeizhitd requires a permissions review
10-30 20:49:29.938  1467  1691 W BroadcastQueue: Skipping delivery: permission review required for Intent { act=android.intent.action.PACKAGE_ADDED dat=package: flg=0x4000010 (has extras) } from null (pid=1467, uid=1000) to com.games.mengmeizhitd/hjnw.ihjnw.i.isqly
10-30 20:49:29.938  1467  1691 W BroadcastQueue: u0 Receiving a broadcast in packagecom.hgperfko.yaeghrwx requires a permissions review
10-30 20:49:29.938  1467  1691 W BroadcastQueue: Skipping delivery: permission review required for Intent { act=android.intent.action.PACKAGE_ADDED dat=package: flg=0x4000010 (has extras) } from null (pid=1467, uid=1000) to com.hgperfko.yaeghrwx/.core.hLytdCQDBv
10-30 20:49:29.938  1467  1691 W BroadcastQueue: u0 Receiving a broadcast in packagecom.qiuqiu.dfmc requires a permissions review
10-30 20:49:29.938  1467  1691 W BroadcastQueue: Skipping delivery: permission review required for Intent { act=android.intent.action.PACKAGE_ADDED dat=package: flg=0x4000010 (has extras) } from null (pid=1467, uid=1000) to com.qiuqiu.dfmc/cn.jpush.android.service.PushReceiver
10-30 20:49:29.938  1467  1691 W BroadcastQueue: u0 Receiving a broadcast in packagecom.safesys.viruskiller requires a permissions review
10-30 20:49:29.938  1467  1691 W BroadcastQueue: Skipping delivery: permission review required for Intent { act=android.intent.action.PACKAGE_ADDED dat=package: flg=0x4000010 (has extras) } from null (pid=1467, uid=1000) to com.safesys.viruskiller/.ScanPackageBroadcast
10-30 20:49:29.938  1467  1691 W BroadcastQueue: u0 Receiving a broadcast in packagecom.uc108.mobile.sdgj.bd1 requires a permissions review
10-30 20:49:29.938  1467  1691 W BroadcastQueue: Skipping delivery: permission review required for Intent { act=android.intent.action.PACKAGE_ADDED dat=package: flg=0x4000010 (has extras) } from null (pid=1467, uid=1000) to com.uc108.mobile.sdgj.bd1/com.baidu.tiebasdk.service.InstallReceiver
10-30 20:49:29.938  1467  1691 W BroadcastQueue: u0 Receiving a broadcast in packagecom.voicebianshengjinglingwc.wxl requires a permissions review
10-30 20:49:29.939  1467  1691 W BroadcastQueue: Skipping delivery: permission review required for Intent { act=android.intent.action.PACKAGE_ADDED dat=package: flg=0x4000010 (has extras) } from null (pid=1467, uid=1000) to com.voicebianshengjinglingwc.wxl/mp.ruu.Ztjjwrj
10-30 20:49:29.939  1467  1691 W BroadcastQueue: u0 Receiving a broadcast in packagecom.yoojar.zlsg.baidu requires a permissions review
10-30 20:49:29.939  1467  1691 W BroadcastQueue: Skipping delivery: permission review required for Intent { act=android.intent.action.PACKAGE_ADDED dat=package: flg=0x4000010 (has extras) } from null (pid=1467, uid=1000) to com.yoojar.zlsg.baidu/com.duoku.platform.download.broadcast.AppMonitorReceiver
10-30 20:49:29.939  1467  1691 W BroadcastQueue: u0 Receiving a broadcast in packageio.dcloud.H5BC6BF13 requires a permissions review
10-30 20:49:29.939  1467  1691 W BroadcastQueue: Skipping delivery: permission review required for Intent { act=android.intent.action.PACKAGE_ADDED dat=package: flg=0x4000010 (has extras) } from null (pid=1467, uid=1000) to io.dcloud.H5BC6BF13/io.dcloud.common.adapter.io.DownloadReceiver
10-30 20:49:29.947  1467  1467 V BackupManagerConstants: getFullBackupIntervalMilliseconds(...) returns 86400000
10-30 20:49:29.948  1467  1467 V BackupManagerConstants: getFullBackupRequiredNetworkType(...) returns 2
10-30 20:49:29.948  1467  1467 V BackupManagerConstants: getFullBackupRequireCharging(...) returns true
10-30 20:49:29.966 14361 18328 W PackageParser: Unknown element under <manifest>: meta-data at /data/app/~~-mil7m0kKB9PuYsPdPYvCw==/com.agxshi1893.bis1893hxg-Os9BeYZao6Km0UG7AudcHQ==/base.apk Binary XML file line #6
10-30 20:49:29.977  1467  1835 E VerityUtils: Failed to measure fs-verity, errno 1: /data/app/~~-mil7m0kKB9PuYsPdPYvCw==/com.agxshi1893.bis1893hxg-Os9BeYZao6Km0UG7AudcHQ==/base.apk
10-30 20:49:29.991  1467  5390 D CompatibilityChangeReporter: Compat change id reported: 161252188; UID 10272; state: DISABLED
10-30 20:49:30.021  1467  1688 W WindowMagnificationMgr: requestConnection duplicated request: connect=false, mConnectionState=DISCONNECTED
10-30 20:49:30.026  1467  1467 I Telecom : DefaultDialerCache: Refreshing default dialer for user 0: now com.google.android.dialer: DDC.oR@BdQ
10-30 20:49:30.027  1467  4161 W BackupTransportManager: Package com.agxshi1893.bis1893hxg enabled setting: 0
10-30 20:49:30.037  1467  1839 E PackageManager: ERROR: could not load root hash from incremental install
10-30 20:49:30.047  1467  1467 I NotificationService: Cannot find enqueued record for key: 0|com.google.android.apps.wellbeing|174344743|null|10121
10-30 20:49:30.075  1467  1839 I PackageManager: Integrity check passed for file:///data/app/vmdl1283328745.tmp
10-30 20:49:30.089  1467  5394 W BroadcastQueue: u0 Receiving a broadcast in packagecom.yoojar.zlsg.baidu requires a permissions review
10-30 20:49:30.089  1467  5394 W BroadcastQueue: Skipping delivery: permission review required for Intent { act=android.intent.action.PACKAGE_CHANGED dat=package: flg=0x5000010 (has extras) } from null (pid=1467, uid=1000) to com.yoojar.zlsg.baidu/com.duoku.platform.download.broadcast.AppMonitorReceiver
10-30 20:49:30.156  1467  1688 W PackageManager: Failed registering loading progress callback. Package is fully loaded.
10-30 20:49:30.194  1467  5395 W AppOps  : setUidMode() called with a mode inconsistent with runtime permission state, this is discouraged and you should revoke the runtime permission instead: uid=10126, switchCode=1, mode=4, permission=android.permission.ACCESS_BACKGROUND_LOCATION
10-30 20:49:30.196  1467  1688 W WindowMagnificationMgr: requestConnection duplicated request: connect=false, mConnectionState=DISCONNECTED
10-30 20:49:30.199  1467  5392 W AppOps  : setUidMode() called with a mode inconsistent with runtime permission state, this is discouraged and you should revoke the runtime permission instead: uid=10126, switchCode=0, mode=4, permission=android.permission.ACCESS_BACKGROUND_LOCATION
10-30 20:49:30.318 14361 17507 W PackageParser: Unknown element under <manifest>: meta-data at /data/app/~~-mil7m0kKB9PuYsPdPYvCw==/com.agxshi1893.bis1893hxg-Os9BeYZao6Km0UG7AudcHQ==/base.apk Binary XML file line #6
10-30 20:49:30.342  1467  1839 V BackupManagerService: [UserID:0] restoreAtInstall pkg=com.hkfvidtmuwfaekmx.dlfjwxiakhkcpqd token=53 restoreSet=0
10-30 20:49:30.342  1467  1839 V BackupManagerService: [UserID:0] Finishing install immediately
10-30 20:49:30.345  1467  1839 D PackageInstallerSession: Marking session 1283328745 as applied
10-30 20:49:30.349  1467  1839 D CompatibilityChangeReporter: Compat change id reported: 168419799; UID 10273; state: DISABLED
10-30 20:49:30.350  1467  1839 D CompatibilityChangeReporter: Compat change id reported: 273564678; UID 10273; state: DISABLED
10-30 20:49:30.357  1467  2913 D CompatibilityChangeReporter: Compat change id reported: 218533173; UID 10273; state: DISABLED
10-30 20:49:30.357  1467  1467 I Telecom : DefaultDialerCache: Refreshing default dialer for user 0: now com.google.android.dialer: DDC.oR@Bdk
10-30 20:49:30.364  1467  4195 W BroadcastQueue: u0 Receiving a broadcast in packagecom.jr.narutoii requires a permissions review
10-30 20:49:30.364  1467  4195 W BroadcastQueue: Skipping delivery: permission review required for Intent { act=android.intent.action.PACKAGE_ADDED dat=package: flg=0x4000010 (has extras) } from null (pid=1467, uid=1000) to com.jr.narutoii/com.joyriver.engine.proxy.EngineReceiver
10-30 20:49:30.367  1467  1467 V BackupManagerConstants: getFullBackupIntervalMilliseconds(...) returns 86400000
10-30 20:49:30.367  1467  1467 V BackupManagerConstants: getFullBackupRequiredNetworkType(...) returns 2
10-30 20:49:30.367  1467  1467 V BackupManagerConstants: getFullBackupRequireCharging(...) returns true
10-30 20:49:30.368  1467  1691 W BroadcastQueue: u0 Receiving a broadcast in packagecom.android.buyer requires a permissions review
10-30 20:49:30.368  1467  1691 W BroadcastQueue: Skipping delivery: permission review required for Intent { act=android.intent.action.PACKAGE_ADDED dat=package: flg=0x4000010 (has extras) } from null (pid=1467, uid=1000) to com.android.buyer/.mRve
10-30 20:49:30.368  1467  1691 W BroadcastQueue: Background execution not allowed: receiving Intent { act=android.intent.action.PACKAGE_ADDED dat=package: flg=0x4000010 (has extras) } to com.google.android.packageinstaller/com.android.packageinstaller.PackageInstalledReceiver
10-30 20:49:30.368  1467  1691 W BroadcastQueue: Background execution not allowed: receiving Intent { act=android.intent.action.PACKAGE_ADDED dat=package: flg=0x4000010 (has extras) } to com.android.vending/com.google.android.finsky.packagemonitor.impl.PackageMonitorReceiverImpl$RegisteredReceiver
10-30 20:49:30.368  1467  1691 W BroadcastQueue: Background execution not allowed: receiving Intent { act=android.intent.action.PACKAGE_ADDED dat=package: flg=0x4000010 (has extras) } to com.android.vending/com.google.android.finsky.packagemonitor.backgroundimpl.BackgroundPackageMonitorReceiverImpl$RegisteredReceiver
10-30 20:49:30.368  1467  1691 W BroadcastQueue: Background execution not allowed: receiving Intent { act=android.intent.action.PACKAGE_ADDED dat=package: flg=0x4000010 (has extras) } to com.google.android.gms/.games.chimera.GamesSystemBroadcastReceiverProxy
10-30 20:49:30.368  1467  1691 W BroadcastQueue: Background execution not allowed: receiving Intent { act=android.intent.action.PACKAGE_ADDED dat=package: flg=0x4000010 (has extras) } to com.google.android.gms/.gass.chimera.PackageChangeBroadcastReceiver
10-30 20:49:30.368  1467  1691 W BroadcastQueue: Background execution not allowed: receiving Intent { act=android.intent.action.PACKAGE_ADDED dat=package: flg=0x4000010 (has extras) } to com.google.android.gms/.chimera.GmsIntentOperationService$PersistentTrustedReceiver
10-30 20:49:30.368  1467  1691 W BroadcastQueue: Background execution not allowed: receiving Intent { act=android.intent.action.PACKAGE_ADDED dat=package: flg=0x4000010 (has extras) } to com.google.android.googlequicksearchbox/com.google.android.apps.gsa.googlequicksearchbox.GelStubAppWatcher
10-30 20:49:30.372  1467  1691 W BroadcastQueue: u0 Receiving a broadcast in packagecom.cncd.japan.janli.shudu requires a permissions review
10-30 20:49:30.372  1467  1691 W BroadcastQueue: Skipping delivery: permission review required for Intent { act=android.intent.action.PACKAGE_ADDED dat=package: flg=0x4000010 (has extras) } from null (pid=1467, uid=1000) to com.cncd.japan.janli.shudu/net.l.k.r
10-30 20:49:30.372  1467  1691 W BroadcastQueue: u0 Receiving a broadcast in packagecom.cncd.japan.janli.shudu requires a permissions review
10-30 20:49:30.372  1467  1691 W BroadcastQueue: Skipping delivery: permission review required for Intent { act=android.intent.action.PACKAGE_ADDED dat=package: flg=0x4000010 (has extras) } from null (pid=1467, uid=1000) to com.cncd.japan.janli.shudu/com.feiwofour.coverscreen.SR
10-30 20:49:30.373  1467  1691 W BroadcastQueue: u0 Receiving a broadcast in packagecom.games.mengmeizhitd requires a permissions review
10-30 20:49:30.373  1467  1691 W BroadcastQueue: Skipping delivery: permission review required for Intent { act=android.intent.action.PACKAGE_ADDED dat=package: flg=0x4000010 (has extras) } from null (pid=1467, uid=1000) to com.games.mengmeizhitd/hjnw.ihjnw.i.isqly
10-30 20:49:30.373  1467  1691 W BroadcastQueue: u0 Receiving a broadcast in packagecom.hgperfko.yaeghrwx requires a permissions review
10-30 20:49:30.373  1467  1691 W BroadcastQueue: Skipping delivery: permission review required for Intent { act=android.intent.action.PACKAGE_ADDED dat=package: flg=0x4000010 (has extras) } from null (pid=1467, uid=1000) to com.hgperfko.yaeghrwx/.core.hLytdCQDBv
10-30 20:49:30.373  1467  1691 W BroadcastQueue: u0 Receiving a broadcast in packagecom.qiuqiu.dfmc requires a permissions review
10-30 20:49:30.373  1467  1691 W BroadcastQueue: Skipping delivery: permission review required for Intent { act=android.intent.action.PACKAGE_ADDED dat=package: flg=0x4000010 (has extras) } from null (pid=1467, uid=1000) to com.qiuqiu.dfmc/cn.jpush.android.service.PushReceiver
10-30 20:49:30.373  1467  1691 W BroadcastQueue: u0 Receiving a broadcast in packagecom.safesys.viruskiller requires a permissions review
10-30 20:49:30.373  1467  1691 W BroadcastQueue: Skipping delivery: permission review required for Intent { act=android.intent.action.PACKAGE_ADDED dat=package: flg=0x4000010 (has extras) } from null (pid=1467, uid=1000) to com.safesys.viruskiller/.ScanPackageBroadcast
10-30 20:49:30.373  1467  1691 W BroadcastQueue: u0 Receiving a broadcast in packagecom.uc108.mobile.sdgj.bd1 requires a permissions review
10-30 20:49:30.373  1467  1691 W BroadcastQueue: Skipping delivery: permission review required for Intent { act=android.intent.action.PACKAGE_ADDED dat=package: flg=0x4000010 (has extras) } from null (pid=1467, uid=1000) to com.uc108.mobile.sdgj.bd1/com.baidu.tiebasdk.service.InstallReceiver
10-30 20:49:30.378  1467  1691 W BroadcastQueue: u0 Receiving a broadcast in packagecom.voicebianshengjinglingwc.wxl requires a permissions review
10-30 20:49:30.378  1467  1691 W BroadcastQueue: Skipping delivery: permission review required for Intent { act=android.intent.action.PACKAGE_ADDED dat=package: flg=0x4000010 (has extras) } from null (pid=1467, uid=1000) to com.voicebianshengjinglingwc.wxl/mp.ruu.Ztjjwrj
10-30 20:49:30.378  1467  1691 W BroadcastQueue: u0 Receiving a broadcast in packagecom.yoojar.zlsg.baidu requires a permissions review
10-30 20:49:30.378  1467  1691 W BroadcastQueue: Skipping delivery: permission review required for Intent { act=android.intent.action.PACKAGE_ADDED dat=package: flg=0x4000010 (has extras) } from null (pid=1467, uid=1000) to com.yoojar.zlsg.baidu/com.duoku.platform.download.broadcast.AppMonitorReceiver
10-30 20:49:30.378  1467  1691 W BroadcastQueue: u0 Receiving a broadcast in packageio.dcloud.H5BC6BF13 requires a permissions review
10-30 20:49:30.378  1467  1691 W BroadcastQueue: Skipping delivery: permission review required for Intent { act=android.intent.action.PACKAGE_ADDED dat=package: flg=0x4000010 (has extras) } from null (pid=1467, uid=1000) to io.dcloud.H5BC6BF13/io.dcloud.common.adapter.io.DownloadReceiver
10-30 20:49:30.387  1467  1688 W WindowMagnificationMgr: requestConnection duplicated request: connect=false, mConnectionState=DISCONNECTED
10-30 20:49:30.403  1467  1467 I Telecom : DefaultDialerCache: Refreshing default dialer for user 0: now com.google.android.dialer: DDC.oR@Bdo
10-30 20:49:30.414  1467  4161 W BackupTransportManager: Package com.hkfvidtmuwfaekmx.dlfjwxiakhkcpqd enabled setting: 0
10-30 20:49:30.436  1467  1688 W PackageManager: Failed registering loading progress callback. Package is fully loaded.
10-30 20:49:30.436  1467  1835 E VerityUtils: Failed to measure fs-verity, errno 1: /data/app/~~5Hkre7Vw2J5CT8B5VarUCA==/com.hkfvidtmuwfaekmx.dlfjwxiakhkcpqd-2OFPuqph0007R3mTp2ze4A==/base.apk
10-30 20:49:30.450  1467  6407 D CompatibilityChangeReporter: Compat change id reported: 161252188; UID 10273; state: DISABLED
10-30 20:49:30.452  1467  1688 W WindowMagnificationMgr: requestConnection duplicated request: connect=false, mConnectionState=DISCONNECTED
10-30 20:49:30.488  1467  1598 W BroadcastQueue: u0 Receiving a broadcast in packagecom.yoojar.zlsg.baidu requires a permissions review
10-30 20:49:30.488  1467  1598 W BroadcastQueue: Skipping delivery: permission review required for Intent { act=android.intent.action.PACKAGE_CHANGED dat=package: flg=0x5000010 (has extras) } from null (pid=1467, uid=1000) to com.yoojar.zlsg.baidu/com.duoku.platform.download.broadcast.AppMonitorReceiver
10-30 20:49:30.523  1467  1467 E NotificationService: Muting recently noisy 0|com.antivirus|1000|null|10194
10-30 20:49:30.549  1467  1839 E PackageManager: ERROR: could not load root hash from incremental install
10-30 20:49:30.578  1467  1839 I PackageManager: Integrity check passed for file:///data/app/vmdl1482377868.tmp
10-30 20:49:30.660  1467  1672 V StorageManagerService: Package null does not have legacy storage
10-30 20:49:30.842  1467  5394 I ActivityManager: Background started FGS: Allowed [callingPackage: com.google.android.apps.wellbeing; callingUid: 10121; uidState: BFGS; intent: Intent { cmp=com.google.android.apps.wellbeing/com.google.apps.tiktok.concurrent.InternalForegroundService (has extras) }; code:BACKGROUND_ACTIVITY_PERMISSION; tempAllowListReason:<null>; targetSdkVersion:33; callerTargetSdkVersion:33; startForegroundCount:0; bindFromPackage:null]
10-30 20:49:30.870  1467  1467 E NotificationService: Muting recently noisy 0|com.antivirus|1000|null|10194
10-30 20:49:30.906  1467  6571 W AppOps  : setUidMode() called with a mode inconsistent with runtime permission state, this is discouraged and you should revoke the runtime permission instead: uid=10126, switchCode=0, mode=4, permission=android.permission.ACCESS_BACKGROUND_LOCATION
10-30 20:49:30.994  1467  5394 W AppOps  : setUidMode() called with a mode inconsistent with runtime permission state, this is discouraged and you should revoke the runtime permission instead: uid=10126, switchCode=1, mode=4, permission=android.permission.ACCESS_BACKGROUND_LOCATION
10-30 20:49:30.996  1467  2935 W AppOps  : setUidMode() called with a mode inconsistent with runtime permission state, this is discouraged and you should revoke the runtime permission instead: uid=10126, switchCode=0, mode=4, permission=android.permission.ACCESS_BACKGROUND_LOCATION
10-30 20:49:31.047  1467  1467 I NotificationService: Cannot find enqueued record for key: 0|com.google.android.apps.wellbeing|174344743|null|10121
10-30 20:49:31.102  1467  1722 V DisplayPowerController[0]: Brightness [0.05] reason changing to: 'manual [ dim ]', previous reason: 'manual'.
10-30 20:49:31.102  1467  1722 I DisplayPowerController[0]: BrightnessEvent: disp=0, physDisp=local:4630946471422916225, brt=0.05, initBrt=0.5, rcmdBrt=NaN, preBrt=NaN, lux=0.0, preLux=0.0, hbmMax=1.0, hbmMode=off, rbcStrength=50, powerFactor=1.0, thrmMax=1.0, wasShortTermModelActive=false, flags=, reason=manual [ dim ], autoBrightness=false
10-30 20:49:31.157  1467  1839 V BackupManagerService: [UserID:0] restoreAtInstall pkg=crime.fashion.dentist token=54 restoreSet=0
10-30 20:49:31.157  1467  1839 V BackupManagerService: [UserID:0] Finishing install immediately
10-30 20:49:31.160  1467  1839 D PackageInstallerSession: Marking session 1482377868 as applied
10-30 20:49:31.165  1467  1839 D CompatibilityChangeReporter: Compat change id reported: 168419799; UID 10274; state: DISABLED
10-30 20:49:31.165  1467  1839 D CompatibilityChangeReporter: Compat change id reported: 273564678; UID 10274; state: DISABLED
10-30 20:49:31.170  1467  2913 D CompatibilityChangeReporter: Compat change id reported: 218533173; UID 10274; state: DISABLED
10-30 20:49:31.173  1467  1467 I Telecom : DefaultDialerCache: Refreshing default dialer for user 0: now com.google.android.dialer: DDC.oR@BeM
10-30 20:49:31.180  1467  2935 W BroadcastQueue: u0 Receiving a broadcast in packagecom.jr.narutoii requires a permissions review
10-30 20:49:31.180  1467  2935 W BroadcastQueue: Skipping delivery: permission review required for Intent { act=android.intent.action.PACKAGE_ADDED dat=package: flg=0x4000010 (has extras) } from null (pid=1467, uid=1000) to com.jr.narutoii/com.joyriver.engine.proxy.EngineReceiver
10-30 20:49:31.187  1467  1467 V BackupManagerConstants: getFullBackupIntervalMilliseconds(...) returns 86400000
10-30 20:49:31.187  1467  1467 V BackupManagerConstants: getFullBackupRequiredNetworkType(...) returns 2
10-30 20:49:31.187  1467  1467 V BackupManagerConstants: getFullBackupRequireCharging(...) returns true
10-30 20:49:31.200  1467  1691 W BroadcastQueue: u0 Receiving a broadcast in packagecom.android.buyer requires a permissions review
10-30 20:49:31.200  1467  1691 W BroadcastQueue: Skipping delivery: permission review required for Intent { act=android.intent.action.PACKAGE_ADDED dat=package: flg=0x4000010 (has extras) } from null (pid=1467, uid=1000) to com.android.buyer/.mRve
10-30 20:49:31.200  1467  1691 W BroadcastQueue: Background execution not allowed: receiving Intent { act=android.intent.action.PACKAGE_ADDED dat=package: flg=0x4000010 (has extras) } to com.google.android.packageinstaller/com.android.packageinstaller.PackageInstalledReceiver
10-30 20:49:31.200  1467  1691 W BroadcastQueue: Background execution not allowed: receiving Intent { act=android.intent.action.PACKAGE_ADDED dat=package: flg=0x4000010 (has extras) } to com.android.vending/com.google.android.finsky.packagemonitor.impl.PackageMonitorReceiverImpl$RegisteredReceiver
10-30 20:49:31.200  1467  1691 W BroadcastQueue: Background execution not allowed: receiving Intent { act=android.intent.action.PACKAGE_ADDED dat=package: flg=0x4000010 (has extras) } to com.android.vending/com.google.android.finsky.packagemonitor.backgroundimpl.BackgroundPackageMonitorReceiverImpl$RegisteredReceiver
10-30 20:49:31.200  1467  1691 W BroadcastQueue: Background execution not allowed: receiving Intent { act=android.intent.action.PACKAGE_ADDED dat=package: flg=0x4000010 (has extras) } to com.google.android.gms/.games.chimera.GamesSystemBroadcastReceiverProxy
10-30 20:49:31.200  1467  1691 W BroadcastQueue: Background execution not allowed: receiving Intent { act=android.intent.action.PACKAGE_ADDED dat=package: flg=0x4000010 (has extras) } to com.google.android.gms/.gass.chimera.PackageChangeBroadcastReceiver
10-30 20:49:31.200  1467  1691 W BroadcastQueue: Background execution not allowed: receiving Intent { act=android.intent.action.PACKAGE_ADDED dat=package: flg=0x4000010 (has extras) } to com.google.android.gms/.chimera.GmsIntentOperationService$PersistentTrustedReceiver
10-30 20:49:31.200  1467  1691 W BroadcastQueue: Background execution not allowed: receiving Intent { act=android.intent.action.PACKAGE_ADDED dat=package: flg=0x4000010 (has extras) } to com.google.android.googlequicksearchbox/com.google.android.apps.gsa.googlequicksearchbox.GelStubAppWatcher
10-30 20:49:31.200  1467  1691 W BroadcastQueue: u0 Receiving a broadcast in packagecom.cncd.japan.janli.shudu requires a permissions review
10-30 20:49:31.200  1467  1691 W BroadcastQueue: Skipping delivery: permission review required for Intent { act=android.intent.action.PACKAGE_ADDED dat=package: flg=0x4000010 (has extras) } from null (pid=1467, uid=1000) to com.cncd.japan.janli.shudu/net.l.k.r
10-30 20:49:31.200  1467  1691 W BroadcastQueue: u0 Receiving a broadcast in packagecom.cncd.japan.janli.shudu requires a permissions review
10-30 20:49:31.200  1467  1691 W BroadcastQueue: Skipping delivery: permission review required for Intent { act=android.intent.action.PACKAGE_ADDED dat=package: flg=0x4000010 (has extras) } from null (pid=1467, uid=1000) to com.cncd.japan.janli.shudu/com.feiwofour.coverscreen.SR
10-30 20:49:31.200  1467  1691 W BroadcastQueue: u0 Receiving a broadcast in packagecom.games.mengmeizhitd requires a permissions review
10-30 20:49:31.200  1467  1691 W BroadcastQueue: Skipping delivery: permission review required for Intent { act=android.intent.action.PACKAGE_ADDED dat=package: flg=0x4000010 (has extras) } from null (pid=1467, uid=1000) to com.games.mengmeizhitd/hjnw.ihjnw.i.isqly
10-30 20:49:31.200  1467  1691 W BroadcastQueue: u0 Receiving a broadcast in packagecom.hgperfko.yaeghrwx requires a permissions review
10-30 20:49:31.200  1467  1691 W BroadcastQueue: Skipping delivery: permission review required for Intent { act=android.intent.action.PACKAGE_ADDED dat=package: flg=0x4000010 (has extras) } from null (pid=1467, uid=1000) to com.hgperfko.yaeghrwx/.core.hLytdCQDBv
10-30 20:49:31.200  1467  1691 W BroadcastQueue: u0 Receiving a broadcast in packagecom.qiuqiu.dfmc requires a permissions review
10-30 20:49:31.200  1467  1691 W BroadcastQueue: Skipping delivery: permission review required for Intent { act=android.intent.action.PACKAGE_ADDED dat=package: flg=0x4000010 (has extras) } from null (pid=1467, uid=1000) to com.qiuqiu.dfmc/cn.jpush.android.service.PushReceiver
10-30 20:49:31.201  1467  1691 W BroadcastQueue: u0 Receiving a broadcast in packagecom.safesys.viruskiller requires a permissions review
10-30 20:49:31.201  1467  1691 W BroadcastQueue: Skipping delivery: permission review required for Intent { act=android.intent.action.PACKAGE_ADDED dat=package: flg=0x4000010 (has extras) } from null (pid=1467, uid=1000) to com.safesys.viruskiller/.ScanPackageBroadcast
10-30 20:49:31.201  1467  1691 W BroadcastQueue: u0 Receiving a broadcast in packagecom.uc108.mobile.sdgj.bd1 requires a permissions review
10-30 20:49:31.201  1467  1691 W BroadcastQueue: Skipping delivery: permission review required for Intent { act=android.intent.action.PACKAGE_ADDED dat=package: flg=0x4000010 (has extras) } from null (pid=1467, uid=1000) to com.uc108.mobile.sdgj.bd1/com.baidu.tiebasdk.service.InstallReceiver
10-30 20:49:31.201  1467  1691 W BroadcastQueue: u0 Receiving a broadcast in packagecom.voicebianshengjinglingwc.wxl requires a permissions review
10-30 20:49:31.201  1467  1691 W BroadcastQueue: Skipping delivery: permission review required for Intent { act=android.intent.action.PACKAGE_ADDED dat=package: flg=0x4000010 (has extras) } from null (pid=1467, uid=1000) to com.voicebianshengjinglingwc.wxl/mp.ruu.Ztjjwrj
10-30 20:49:31.201  1467  1691 W BroadcastQueue: u0 Receiving a broadcast in packagecom.yoojar.zlsg.baidu requires a permissions review
10-30 20:49:31.201  1467  1691 W BroadcastQueue: Skipping delivery: permission review required for Intent { act=android.intent.action.PACKAGE_ADDED dat=package: flg=0x4000010 (has extras) } from null (pid=1467, uid=1000) to com.yoojar.zlsg.baidu/com.duoku.platform.download.broadcast.AppMonitorReceiver
10-30 20:49:31.201  1467  1691 W BroadcastQueue: u0 Receiving a broadcast in packageio.dcloud.H5BC6BF13 requires a permissions review
10-30 20:49:31.201  1467  1691 W BroadcastQueue: Skipping delivery: permission review required for Intent { act=android.intent.action.PACKAGE_ADDED dat=package: flg=0x4000010 (has extras) } from null (pid=1467, uid=1000) to io.dcloud.H5BC6BF13/io.dcloud.common.adapter.io.DownloadReceiver
10-30 20:49:31.221  1467  1467 I Telecom : DefaultDialerCache: Refreshing default dialer for user 0: now com.google.android.dialer: DDC.oR@BeQ
10-30 20:49:31.223  1467  1835 E VerityUtils: Failed to measure fs-verity, errno 1: /data/app/~~mSto0gsyOtu6mi30sLngRQ==/crime.fashion.dentist-2rgKDxBSWFkFInLa3BxKbw==/base.apk
10-30 20:49:31.240  1467  6571 D CompatibilityChangeReporter: Compat change id reported: 161252188; UID 10274; state: DISABLED
10-30 20:49:31.258  1467  1688 W WindowMagnificationMgr: requestConnection duplicated request: connect=false, mConnectionState=DISCONNECTED
10-30 20:49:31.300  1467  4161 W BackupTransportManager: Package crime.fashion.dentist enabled setting: 0
10-30 20:49:31.324  1467  1688 W PackageManager: Failed registering loading progress callback. Package is fully loaded.
10-30 20:49:31.342  1467  1688 W WindowMagnificationMgr: requestConnection duplicated request: connect=false, mConnectionState=DISCONNECTED
10-30 20:49:31.403  1467  2935 W BroadcastQueue: u0 Receiving a broadcast in packagecom.yoojar.zlsg.baidu requires a permissions review
10-30 20:49:31.403  1467  2935 W BroadcastQueue: Skipping delivery: permission review required for Intent { act=android.intent.action.PACKAGE_CHANGED dat=package: flg=0x5000010 (has extras) } from null (pid=1467, uid=1000) to com.yoojar.zlsg.baidu/com.duoku.platform.download.broadcast.AppMonitorReceiver
10-30 20:49:31.427  1467  1839 E PackageManager: ERROR: could not load root hash from incremental install
10-30 20:49:31.455  1467  1839 I PackageManager: Integrity check passed for file:///data/app/vmdl1304273833.tmp
10-30 20:49:31.545  1467  1672 V StorageManagerService: Package null does not have legacy storage
10-30 20:49:31.744  1467  1467 W NotificationHistory: Attempted to add notif for locked/gone/disabled user 0
10-30 20:49:31.795  1467  1722 I DisplayPowerController[0]: BrightnessEvent: disp=0, physDisp=local:4630946471422916225, brt=0.05, initBrt=0.05, rcmdBrt=NaN, preBrt=NaN, lux=0.0, preLux=0.0, hbmMax=1.0, hbmMode=off, rbcStrength=50, powerFactor=1.0, thrmMax=1.0, wasShortTermModelActive=false, flags=, reason=manual [ dim ], autoBrightness=false
10-30 20:49:31.912  1467  4200 W AppOps  : setUidMode() called with a mode inconsistent with runtime permission state, this is discouraged and you should revoke the runtime permission instead: uid=10126, switchCode=0, mode=4, permission=android.permission.ACCESS_BACKGROUND_LOCATION
10-30 20:49:31.951  1467  1839 V BackupManagerService: [UserID:0] restoreAtInstall pkg=auction.ceiling.spoon token=55 restoreSet=0
10-30 20:49:31.951  1467  1839 V BackupManagerService: [UserID:0] Finishing install immediately
10-30 20:49:31.953  1467  1839 D PackageInstallerSession: Marking session 1304273833 as applied
10-30 20:49:31.954  1467  1839 D CompatibilityChangeReporter: Compat change id reported: 168419799; UID 10275; state: DISABLED
10-30 20:49:31.954  1467  1839 D CompatibilityChangeReporter: Compat change id reported: 273564678; UID 10275; state: DISABLED
10-30 20:49:31.960  1467  2913 D CompatibilityChangeReporter: Compat change id reported: 218533173; UID 10275; state: DISABLED
10-30 20:49:31.966  1467  1467 I Telecom : DefaultDialerCache: Refreshing default dialer for user 0: now com.google.android.dialer: DDC.oR@Bek
10-30 20:49:31.979  1467  1467 V BackupManagerConstants: getFullBackupIntervalMilliseconds(...) returns 86400000
10-30 20:49:31.979  1467  1467 V BackupManagerConstants: getFullBackupRequiredNetworkType(...) returns 2
10-30 20:49:31.979  1467  1467 V BackupManagerConstants: getFullBackupRequireCharging(...) returns true
10-30 20:49:31.984  1467  5398 W BroadcastQueue: u0 Receiving a broadcast in packagecom.jr.narutoii requires a permissions review
10-30 20:49:31.984  1467  5398 W BroadcastQueue: Skipping delivery: permission review required for Intent { act=android.intent.action.PACKAGE_ADDED dat=package: flg=0x4000010 (has extras) } from null (pid=1467, uid=1000) to com.jr.narutoii/com.joyriver.engine.proxy.EngineReceiver
10-30 20:49:31.997  1467  1691 W BroadcastQueue: u0 Receiving a broadcast in packagecom.android.buyer requires a permissions review
10-30 20:49:31.998  1467  1691 W BroadcastQueue: Skipping delivery: permission review required for Intent { act=android.intent.action.PACKAGE_ADDED dat=package: flg=0x4000010 (has extras) } from null (pid=1467, uid=1000) to com.android.buyer/.mRve
10-30 20:49:32.019  1467  1691 W BroadcastQueue: Background execution not allowed: receiving Intent { act=android.intent.action.PACKAGE_ADDED dat=package: flg=0x4000010 (has extras) } to com.google.android.packageinstaller/com.android.packageinstaller.PackageInstalledReceiver
10-30 20:49:32.019  1467  1691 W BroadcastQueue: Background execution not allowed: receiving Intent { act=android.intent.action.PACKAGE_ADDED dat=package: flg=0x4000010 (has extras) } to com.android.vending/com.google.android.finsky.packagemonitor.impl.PackageMonitorReceiverImpl$RegisteredReceiver
10-30 20:49:32.020  1467  1691 W BroadcastQueue: Background execution not allowed: receiving Intent { act=android.intent.action.PACKAGE_ADDED dat=package: flg=0x4000010 (has extras) } to com.android.vending/com.google.android.finsky.packagemonitor.backgroundimpl.BackgroundPackageMonitorReceiverImpl$RegisteredReceiver
10-30 20:49:32.020  1467  1691 W BroadcastQueue: Background execution not allowed: receiving Intent { act=android.intent.action.PACKAGE_ADDED dat=package: flg=0x4000010 (has extras) } to com.google.android.gms/.games.chimera.GamesSystemBroadcastReceiverProxy
10-30 20:49:32.020  1467  1691 W BroadcastQueue: Background execution not allowed: receiving Intent { act=android.intent.action.PACKAGE_ADDED dat=package: flg=0x4000010 (has extras) } to com.google.android.gms/.gass.chimera.PackageChangeBroadcastReceiver
10-30 20:49:32.020  1467  1691 W BroadcastQueue: Background execution not allowed: receiving Intent { act=android.intent.action.PACKAGE_ADDED dat=package: flg=0x4000010 (has extras) } to com.google.android.gms/.chimera.GmsIntentOperationService$PersistentTrustedReceiver
10-30 20:49:32.020  1467  1691 W BroadcastQueue: Background execution not allowed: receiving Intent { act=android.intent.action.PACKAGE_ADDED dat=package: flg=0x4000010 (has extras) } to com.google.android.googlequicksearchbox/com.google.android.apps.gsa.googlequicksearchbox.GelStubAppWatcher
10-30 20:49:32.020  1467  1691 W BroadcastQueue: u0 Receiving a broadcast in packagecom.cncd.japan.janli.shudu requires a permissions review
10-30 20:49:32.020  1467  1691 W BroadcastQueue: Skipping delivery: permission review required for Intent { act=android.intent.action.PACKAGE_ADDED dat=package: flg=0x4000010 (has extras) } from null (pid=1467, uid=1000) to com.cncd.japan.janli.shudu/net.l.k.r
10-30 20:49:32.020  1467  1691 W BroadcastQueue: u0 Receiving a broadcast in packagecom.cncd.japan.janli.shudu requires a permissions review
10-30 20:49:32.020  1467  1691 W BroadcastQueue: Skipping delivery: permission review required for Intent { act=android.intent.action.PACKAGE_ADDED dat=package: flg=0x4000010 (has extras) } from null (pid=1467, uid=1000) to com.cncd.japan.janli.shudu/com.feiwofour.coverscreen.SR
10-30 20:49:32.020  1467  1691 W BroadcastQueue: u0 Receiving a broadcast in packagecom.games.mengmeizhitd requires a permissions review
10-30 20:49:32.020  1467  1691 W BroadcastQueue: Skipping delivery: permission review required for Intent { act=android.intent.action.PACKAGE_ADDED dat=package: flg=0x4000010 (has extras) } from null (pid=1467, uid=1000) to com.games.mengmeizhitd/hjnw.ihjnw.i.isqly
10-30 20:49:32.020  1467  1691 W BroadcastQueue: u0 Receiving a broadcast in packagecom.hgperfko.yaeghrwx requires a permissions review
10-30 20:49:32.020  1467  1691 W BroadcastQueue: Skipping delivery: permission review required for Intent { act=android.intent.action.PACKAGE_ADDED dat=package: flg=0x4000010 (has extras) } from null (pid=1467, uid=1000) to com.hgperfko.yaeghrwx/.core.hLytdCQDBv
10-30 20:49:32.020  1467  1691 W BroadcastQueue: u0 Receiving a broadcast in packagecom.qiuqiu.dfmc requires a permissions review
10-30 20:49:32.020  1467  1691 W BroadcastQueue: Skipping delivery: permission review required for Intent { act=android.intent.action.PACKAGE_ADDED dat=package: flg=0x4000010 (has extras) } from null (pid=1467, uid=1000) to com.qiuqiu.dfmc/cn.jpush.android.service.PushReceiver
10-30 20:49:32.020  1467  1691 W BroadcastQueue: u0 Receiving a broadcast in packagecom.safesys.viruskiller requires a permissions review
10-30 20:49:32.020  1467  1691 W BroadcastQueue: Skipping delivery: permission review required for Intent { act=android.intent.action.PACKAGE_ADDED dat=package: flg=0x4000010 (has extras) } from null (pid=1467, uid=1000) to com.safesys.viruskiller/.ScanPackageBroadcast
10-30 20:49:32.020  1467  1691 W BroadcastQueue: u0 Receiving a broadcast in packagecom.uc108.mobile.sdgj.bd1 requires a permissions review
10-30 20:49:32.021  1467  1691 W BroadcastQueue: Skipping delivery: permission review required for Intent { act=android.intent.action.PACKAGE_ADDED dat=package: flg=0x4000010 (has extras) } from null (pid=1467, uid=1000) to com.uc108.mobile.sdgj.bd1/com.baidu.tiebasdk.service.InstallReceiver
10-30 20:49:32.021  1467  1691 W BroadcastQueue: u0 Receiving a broadcast in packagecom.voicebianshengjinglingwc.wxl requires a permissions review
10-30 20:49:32.021  1467  1691 W BroadcastQueue: Skipping delivery: permission review required for Intent { act=android.intent.action.PACKAGE_ADDED dat=package: flg=0x4000010 (has extras) } from null (pid=1467, uid=1000) to com.voicebianshengjinglingwc.wxl/mp.ruu.Ztjjwrj
10-30 20:49:32.021  1467  1691 W BroadcastQueue: u0 Receiving a broadcast in packagecom.yoojar.zlsg.baidu requires a permissions review
10-30 20:49:32.021  1467  1691 W BroadcastQueue: Skipping delivery: permission review required for Intent { act=android.intent.action.PACKAGE_ADDED dat=package: flg=0x4000010 (has extras) } from null (pid=1467, uid=1000) to com.yoojar.zlsg.baidu/com.duoku.platform.download.broadcast.AppMonitorReceiver
10-30 20:49:32.021  1467  1691 W BroadcastQueue: u0 Receiving a broadcast in packageio.dcloud.H5BC6BF13 requires a permissions review
10-30 20:49:32.021  1467  1691 W BroadcastQueue: Skipping delivery: permission review required for Intent { act=android.intent.action.PACKAGE_ADDED dat=package: flg=0x4000010 (has extras) } from null (pid=1467, uid=1000) to io.dcloud.H5BC6BF13/io.dcloud.common.adapter.io.DownloadReceiver
10-30 20:49:32.036  1467  1835 E VerityUtils: Failed to measure fs-verity, errno 1: /data/app/~~Ex2KFVZy5B4On72XZDS9bQ==/auction.ceiling.spoon-bokrkWL_nvaOtMxgwOmzCQ==/base.apk
10-30 20:49:32.048  1467  1467 I Telecom : DefaultDialerCache: Refreshing default dialer for user 0: now com.google.android.dialer: DDC.oR@Bew
10-30 20:49:32.049  1467  4161 W BackupTransportManager: Package auction.ceiling.spoon enabled setting: 0
10-30 20:49:32.057  1467  5398 W AppOps  : setUidMode() called with a mode inconsistent with runtime permission state, this is discouraged and you should revoke the runtime permission instead: uid=10126, switchCode=1, mode=4, permission=android.permission.ACCESS_BACKGROUND_LOCATION
10-30 20:49:32.060  1467  4195 D CompatibilityChangeReporter: Compat change id reported: 161252188; UID 10275; state: DISABLED
10-30 20:49:32.065  1467  1688 W WindowMagnificationMgr: requestConnection duplicated request: connect=false, mConnectionState=DISCONNECTED
10-30 20:49:32.085  1467  5398 W AppOps  : setUidMode() called with a mode inconsistent with runtime permission state, this is discouraged and you should revoke the runtime permission instead: uid=10126, switchCode=0, mode=4, permission=android.permission.ACCESS_BACKGROUND_LOCATION
10-30 20:49:32.143  1467  4195 W BroadcastQueue: u0 Receiving a broadcast in packagecom.yoojar.zlsg.baidu requires a permissions review
10-30 20:49:32.143  1467  4195 W BroadcastQueue: Skipping delivery: permission review required for Intent { act=android.intent.action.PACKAGE_CHANGED dat=package: flg=0x5000010 (has extras) } from null (pid=1467, uid=1000) to com.yoojar.zlsg.baidu/com.duoku.platform.download.broadcast.AppMonitorReceiver
10-30 20:49:32.150  1467  1839 E PackageManager: ERROR: could not load root hash from incremental install
10-30 20:49:32.158  1467  1688 W PackageManager: Failed registering loading progress callback. Package is fully loaded.
10-30 20:49:32.167  1467  1839 I PackageManager: Integrity check passed for file:///data/app/vmdl2051890506.tmp
10-30 20:49:32.179  1467  1688 W WindowMagnificationMgr: requestConnection duplicated request: connect=false, mConnectionState=DISCONNECTED
10-30 20:49:32.256  1467  1672 V StorageManagerService: Package null has legacy storage
10-30 20:49:32.270  1467  1839 V BackupManagerService: [UserID:0] restoreAtInstall pkg=com.termuxhackers.id token=56 restoreSet=0
