--------- beginning of system
10-30 20:49:05.804 14361 18328 W PackageParser: Ignoring duplicate uses-permissions/uses-permissions-sdk-m: android.permission.ACCESS_COARSE_LOCATION in package: com.uc108.mobile.sdgj.bd1 at: Binary XML file line #56
10-30 20:49:05.804 14361 18328 W PackageParser: Ignoring duplicate uses-permissions/uses-permissions-sdk-m: android.permission.RECEIVE_BOOT_COMPLETED in package: com.uc108.mobile.sdgj.bd1 at: Binary XML file line #63
10-30 20:49:05.804 14361 18328 W PackageParser: Ignoring duplicate uses-permissions/uses-permissions-sdk-m: android.permission.VIBRATE in package: com.uc108.mobile.sdgj.bd1 at: Binary XML file line #64
10-30 20:49:05.804 14361 18328 W PackageParser: Ignoring duplicate uses-permissions/uses-permissions-sdk-m: android.permission.BROADCAST_STICKY in package: com.uc108.mobile.sdgj.bd1 at: Binary XML file line #70
10-30 20:49:05.804 14361 18328 W PackageParser: Ignoring duplicate uses-permissions/uses-permissions-sdk-m: android.permission.WAKE_LOCK in package: com.uc108.mobile.sdgj.bd1 at: Binary XML file line #76
10-30 20:49:05.804 14361 18328 W PackageParser: Ignoring duplicate uses-permissions/uses-permissions-sdk-m: android.permission.ACCESS_COARSE_LOCATION in package: com.uc108.mobile.sdgj.bd1 at: Binary XML file line #77
10-30 20:49:05.805 14361 18328 W PackageParser: No actions in intent filter at /data/app/~~fL70HCcsOSv2fDotETjtRw==/com.uc108.mobile.sdgj.bd1-fv3N3CLDwASzxSp2sL222g==/base.apk Binary XML file line #482
10-30 20:49:05.805 14361 18328 W PackageParser: No actions in intent filter at /data/app/~~fL70HCcsOSv2fDotETjtRw==/com.uc108.mobile.sdgj.bd1-fv3N3CLDwASzxSp2sL222g==/base.apk Binary XML file line #489
10-30 20:49:05.805 14361 18328 W PackageParser: No actions in intent filter at /data/app/~~fL70HCcsOSv2fDotETjtRw==/com.uc108.mobile.sdgj.bd1-fv3N3CLDwASzxSp2sL222g==/base.apk Binary XML file line #496
10-30 20:49:05.805 14361 18328 W PackageParser: No actions in intent filter at /data/app/~~fL70HCcsOSv2fDotETjtRw==/com.uc108.mobile.sdgj.bd1-fv3N3CLDwASzxSp2sL222g==/base.apk Binary XML file line #503
10-30 20:49:05.805 14361 18328 W PackageParser: No actions in intent filter at /data/app/~~fL70HCcsOSv2fDotETjtRw==/com.uc108.mobile.sdgj.bd1-fv3N3CLDwASzxSp2sL222g==/base.apk Binary XML file line #510
10-30 20:49:05.805 14361 18328 W PackageParser: No actions in intent filter at /data/app/~~fL70HCcsOSv2fDotETjtRw==/com.uc108.mobile.sdgj.bd1-fv3N3CLDwASzxSp2sL222g==/base.apk Binary XML file line #527
10-30 20:49:05.805 14361 18328 W PackageParser: No actions in intent filter at /data/app/~~fL70HCcsOSv2fDotETjtRw==/com.uc108.mobile.sdgj.bd1-fv3N3CLDwASzxSp2sL222g==/base.apk Binary XML file line #534
10-30 20:49:05.805 14361 18328 W PackageParser: No actions in intent filter at /data/app/~~fL70HCcsOSv2fDotETjtRw==/com.uc108.mobile.sdgj.bd1-fv3N3CLDwASzxSp2sL222g==/base.apk Binary XML file line #541
10-30 20:49:05.805 14361 18328 W PackageParser: No actions in intent filter at /data/app/~~fL70HCcsOSv2fDotETjtRw==/com.uc108.mobile.sdgj.bd1-fv3N3CLDwASzxSp2sL222g==/base.apk Binary XML file line #549
10-30 20:49:05.805 14361 18328 W PackageParser: No actions in intent filter at /data/app/~~fL70HCcsOSv2fDotETjtRw==/com.uc108.mobile.sdgj.bd1-fv3N3CLDwASzxSp2sL222g==/base.apk Binary XML file line #557
10-30 20:49:05.805 14361 18328 W PackageParser: No actions in intent filter at /data/app/~~fL70HCcsOSv2fDotETjtRw==/com.uc108.mobile.sdgj.bd1-fv3N3CLDwASzxSp2sL222g==/base.apk Binary XML file line #565
10-30 20:49:05.805 14361 18328 W PackageParser: No actions in intent filter at /data/app/~~fL70HCcsOSv2fDotETjtRw==/com.uc108.mobile.sdgj.bd1-fv3N3CLDwASzxSp2sL222g==/base.apk Binary XML file line #573
10-30 20:49:05.805 14361 18328 W PackageParser: No actions in intent filter at /data/app/~~fL70HCcsOSv2fDotETjtRw==/com.uc108.mobile.sdgj.bd1-fv3N3CLDwASzxSp2sL222g==/base.apk Binary XML file line #581
10-30 20:49:05.805 14361 18328 W PackageParser: No actions in intent filter at /data/app/~~fL70HCcsOSv2fDotETjtRw==/com.uc108.mobile.sdgj.bd1-fv3N3CLDwASzxSp2sL222g==/base.apk Binary XML file line #588
10-30 20:49:05.805 14361 18328 W PackageParser: No actions in intent filter at /data/app/~~fL70HCcsOSv2fDotETjtRw==/com.uc108.mobile.sdgj.bd1-fv3N3CLDwASzxSp2sL222g==/base.apk Binary XML file line #595
10-30 20:49:05.805 14361 18328 W PackageParser: No actions in intent filter at /data/app/~~fL70HCcsOSv2fDotETjtRw==/com.uc108.mobile.sdgj.bd1-fv3N3CLDwASzxSp2sL222g==/base.apk Binary XML file line #602
10-30 20:49:05.806 14361 18328 W PackageParser: No actions in intent filter at /data/app/~~fL70HCcsOSv2fDotETjtRw==/com.uc108.mobile.sdgj.bd1-fv3N3CLDwASzxSp2sL222g==/base.apk Binary XML file line #609
10-30 20:49:05.806 14361 18328 W PackageParser: No actions in intent filter at /data/app/~~fL70HCcsOSv2fDotETjtRw==/com.uc108.mobile.sdgj.bd1-fv3N3CLDwASzxSp2sL222g==/base.apk Binary XML file line #615
10-30 20:49:05.810  1467  1467 I Telecom : DefaultDialerCache: Refreshing default dialer for user 0: now com.google.android.dialer: DDC.oR@BMg
10-30 20:49:05.814  1467  5389 D CompatibilityChangeReporter: Compat change id reported: 161252188; UID 10232; state: DISABLED
10-30 20:49:05.871  1467  1688 W PackageManager: Failed registering loading progress callback. Package is fully loaded.
10-30 20:49:05.878  1467  1688 W WindowMagnificationMgr: requestConnection duplicated request: connect=false, mConnectionState=DISCONNECTED
10-30 20:49:05.909  1467  4161 W BackupTransportManager: Package com.uc108.mobile.sdgj.bd1 enabled setting: 0
10-30 20:49:06.022  1467  1598 W AppOps  : setUidMode() called with a mode inconsistent with runtime permission state, this is discouraged and you should revoke the runtime permission instead: uid=10126, switchCode=0, mode=4, permission=android.permission.ACCESS_BACKGROUND_LOCATION
10-30 20:49:06.095 14361 17504 W PackageParser: Ignoring duplicate uses-permissions/uses-permissions-sdk-m: android.permission.INTERNET in package: com.uc108.mobile.sdgj.bd1 at: Binary XML file line #25
10-30 20:49:06.096 14361 17504 W PackageParser: Ignoring duplicate uses-permissions/uses-permissions-sdk-m: android.permission.READ_PHONE_STATE in package: com.uc108.mobile.sdgj.bd1 at: Binary XML file line #26
10-30 20:49:06.096 14361 17504 W PackageParser: Ignoring duplicate uses-permissions/uses-permissions-sdk-m: android.permission.ACCESS_WIFI_STATE in package: com.uc108.mobile.sdgj.bd1 at: Binary XML file line #27
10-30 20:49:06.096 14361 17504 W PackageParser: Ignoring duplicate uses-permissions/uses-permissions-sdk-m: android.permission.ACCESS_NETWORK_STATE in package: com.uc108.mobile.sdgj.bd1 at: Binary XML file line #28
10-30 20:49:06.096 14361 17504 W PackageParser: Ignoring duplicate uses-permissions/uses-permissions-sdk-m: android.permission.BROADCAST_STICKY in package: com.uc108.mobile.sdgj.bd1 at: Binary XML file line #31
10-30 20:49:06.096 14361 17504 W PackageParser: Ignoring duplicate uses-permissions/uses-permissions-sdk-m: android.permission.WRITE_SETTINGS in package: com.uc108.mobile.sdgj.bd1 at: Binary XML file line #32
10-30 20:49:06.096 14361 17504 W PackageParser: Ignoring duplicate uses-permissions/uses-permissions-sdk-m: android.permission.WRITE_EXTERNAL_STORAGE in package: com.uc108.mobile.sdgj.bd1 at: Binary XML file line #34
10-30 20:49:06.096 14361 17504 W PackageParser: Ignoring duplicate uses-permissions/uses-permissions-sdk-m: android.permission.WAKE_LOCK in package: com.uc108.mobile.sdgj.bd1 at: Binary XML file line #35
10-30 20:49:06.096 14361 17504 W PackageParser: Ignoring duplicate uses-permissions/uses-permissions-sdk-m: android.permission.VIBRATE in package: com.uc108.mobile.sdgj.bd1 at: Binary XML file line #39
10-30 20:49:06.096 14361 17504 W PackageParser: Ignoring duplicate uses-permissions/uses-permissions-sdk-m: android.permission.ACCESS_NETWORK_STATE in package: com.uc108.mobile.sdgj.bd1 at: Binary XML file line #46
10-30 20:49:06.096 14361 17504 W PackageParser: Ignoring duplicate uses-permissions/uses-permissions-sdk-m: android.permission.ACCESS_WIFI_STATE in package: com.uc108.mobile.sdgj.bd1 at: Binary XML file line #47
10-30 20:49:06.096 14361 17504 W PackageParser: Ignoring duplicate uses-permissions/uses-permissions-sdk-m: android.permission.READ_PHONE_STATE in package: com.uc108.mobile.sdgj.bd1 at: Binary XML file line #48
10-30 20:49:06.096 14361 17504 W PackageParser: Ignoring duplicate uses-permissions/uses-permissions-sdk-m: android.permission.WRITE_SETTINGS in package: com.uc108.mobile.sdgj.bd1 at: Binary XML file line #49
10-30 20:49:06.096 14361 17504 W PackageParser: Ignoring duplicate uses-permissions/uses-permissions-sdk-m: android.permission.WRITE_EXTERNAL_STORAGE in package: com.uc108.mobile.sdgj.bd1 at: Binary XML file line #50
10-30 20:49:06.096 14361 17504 W PackageParser: Ignoring duplicate uses-permissions/uses-permissions-sdk-m: android.permission.INTERNET in package: com.uc108.mobile.sdgj.bd1 at: Binary XML file line #51
10-30 20:49:06.096 14361 17504 W PackageParser: Ignoring duplicate uses-permissions/uses-permissions-sdk-m: android.permission.GET_TASKS in package: com.uc108.mobile.sdgj.bd1 at: Binary XML file line #52
10-30 20:49:06.096 14361 17504 W PackageParser: Ignoring duplicate uses-permissions/uses-permissions-sdk-m: android.permission.ACCESS_COARSE_LOCATION in package: com.uc108.mobile.sdgj.bd1 at: Binary XML file line #56
10-30 20:49:06.096 14361 17504 W PackageParser: Ignoring duplicate uses-permissions/uses-permissions-sdk-m: android.permission.RECEIVE_BOOT_COMPLETED in package: com.uc108.mobile.sdgj.bd1 at: Binary XML file line #63
10-30 20:49:06.096 14361 17504 W PackageParser: Ignoring duplicate uses-permissions/uses-permissions-sdk-m: android.permission.VIBRATE in package: com.uc108.mobile.sdgj.bd1 at: Binary XML file line #64
10-30 20:49:06.096 14361 17504 W PackageParser: Ignoring duplicate uses-permissions/uses-permissions-sdk-m: android.permission.BROADCAST_STICKY in package: com.uc108.mobile.sdgj.bd1 at: Binary XML file line #70
10-30 20:49:06.096 14361 17504 W PackageParser: Ignoring duplicate uses-permissions/uses-permissions-sdk-m: android.permission.WAKE_LOCK in package: com.uc108.mobile.sdgj.bd1 at: Binary XML file line #76
10-30 20:49:06.096 14361 17504 W PackageParser: Ignoring duplicate uses-permissions/uses-permissions-sdk-m: android.permission.ACCESS_COARSE_LOCATION in package: com.uc108.mobile.sdgj.bd1 at: Binary XML file line #77
10-30 20:49:06.097 14361 17504 W PackageParser: No actions in intent filter at /data/app/~~fL70HCcsOSv2fDotETjtRw==/com.uc108.mobile.sdgj.bd1-fv3N3CLDwASzxSp2sL222g==/base.apk Binary XML file line #482
10-30 20:49:06.097 14361 17504 W PackageParser: No actions in intent filter at /data/app/~~fL70HCcsOSv2fDotETjtRw==/com.uc108.mobile.sdgj.bd1-fv3N3CLDwASzxSp2sL222g==/base.apk Binary XML file line #489
10-30 20:49:06.097 14361 17504 W PackageParser: No actions in intent filter at /data/app/~~fL70HCcsOSv2fDotETjtRw==/com.uc108.mobile.sdgj.bd1-fv3N3CLDwASzxSp2sL222g==/base.apk Binary XML file line #496
10-30 20:49:06.098 14361 17504 W PackageParser: No actions in intent filter at /data/app/~~fL70HCcsOSv2fDotETjtRw==/com.uc108.mobile.sdgj.bd1-fv3N3CLDwASzxSp2sL222g==/base.apk Binary XML file line #503
10-30 20:49:06.098 14361 17504 W PackageParser: No actions in intent filter at /data/app/~~fL70HCcsOSv2fDotETjtRw==/com.uc108.mobile.sdgj.bd1-fv3N3CLDwASzxSp2sL222g==/base.apk Binary XML file line #510
10-30 20:49:06.099 14361 17504 W PackageParser: No actions in intent filter at /data/app/~~fL70HCcsOSv2fDotETjtRw==/com.uc108.mobile.sdgj.bd1-fv3N3CLDwASzxSp2sL222g==/base.apk Binary XML file line #527
10-30 20:49:06.099 14361 17504 W PackageParser: No actions in intent filter at /data/app/~~fL70HCcsOSv2fDotETjtRw==/com.uc108.mobile.sdgj.bd1-fv3N3CLDwASzxSp2sL222g==/base.apk Binary XML file line #534
10-30 20:49:06.099 14361 17504 W PackageParser: No actions in intent filter at /data/app/~~fL70HCcsOSv2fDotETjtRw==/com.uc108.mobile.sdgj.bd1-fv3N3CLDwASzxSp2sL222g==/base.apk Binary XML file line #541
10-30 20:49:06.099 14361 17504 W PackageParser: No actions in intent filter at /data/app/~~fL70HCcsOSv2fDotETjtRw==/com.uc108.mobile.sdgj.bd1-fv3N3CLDwASzxSp2sL222g==/base.apk Binary XML file line #549
10-30 20:49:06.099 14361 17504 W PackageParser: No actions in intent filter at /data/app/~~fL70HCcsOSv2fDotETjtRw==/com.uc108.mobile.sdgj.bd1-fv3N3CLDwASzxSp2sL222g==/base.apk Binary XML file line #557
10-30 20:49:06.099 14361 17504 W PackageParser: No actions in intent filter at /data/app/~~fL70HCcsOSv2fDotETjtRw==/com.uc108.mobile.sdgj.bd1-fv3N3CLDwASzxSp2sL222g==/base.apk Binary XML file line #565
10-30 20:49:06.099 14361 17504 W PackageParser: No actions in intent filter at /data/app/~~fL70HCcsOSv2fDotETjtRw==/com.uc108.mobile.sdgj.bd1-fv3N3CLDwASzxSp2sL222g==/base.apk Binary XML file line #573
10-30 20:49:06.099 14361 17504 W PackageParser: No actions in intent filter at /data/app/~~fL70HCcsOSv2fDotETjtRw==/com.uc108.mobile.sdgj.bd1-fv3N3CLDwASzxSp2sL222g==/base.apk Binary XML file line #581
10-30 20:49:06.099 14361 17504 W PackageParser: No actions in intent filter at /data/app/~~fL70HCcsOSv2fDotETjtRw==/com.uc108.mobile.sdgj.bd1-fv3N3CLDwASzxSp2sL222g==/base.apk Binary XML file line #588
10-30 20:49:06.099 14361 17504 W PackageParser: No actions in intent filter at /data/app/~~fL70HCcsOSv2fDotETjtRw==/com.uc108.mobile.sdgj.bd1-fv3N3CLDwASzxSp2sL222g==/base.apk Binary XML file line #595
10-30 20:49:06.099 14361 17504 W PackageParser: No actions in intent filter at /data/app/~~fL70HCcsOSv2fDotETjtRw==/com.uc108.mobile.sdgj.bd1-fv3N3CLDwASzxSp2sL222g==/base.apk Binary XML file line #602
10-30 20:49:06.099 14361 17504 W PackageParser: No actions in intent filter at /data/app/~~fL70HCcsOSv2fDotETjtRw==/com.uc108.mobile.sdgj.bd1-fv3N3CLDwASzxSp2sL222g==/base.apk Binary XML file line #609
10-30 20:49:06.099 14361 17504 W PackageParser: No actions in intent filter at /data/app/~~fL70HCcsOSv2fDotETjtRw==/com.uc108.mobile.sdgj.bd1-fv3N3CLDwASzxSp2sL222g==/base.apk Binary XML file line #615
10-30 20:49:06.141  1467  1839 E PackageManager: ERROR: could not load root hash from incremental install
10-30 20:49:06.160  1467  5397 W AppOps  : setUidMode() called with a mode inconsistent with runtime permission state, this is discouraged and you should revoke the runtime permission instead: uid=10126, switchCode=1, mode=4, permission=android.permission.ACCESS_BACKGROUND_LOCATION
10-30 20:49:06.163  1467  5397 W AppOps  : setUidMode() called with a mode inconsistent with runtime permission state, this is discouraged and you should revoke the runtime permission instead: uid=10126, switchCode=0, mode=4, permission=android.permission.ACCESS_BACKGROUND_LOCATION
10-30 20:49:06.165  1467  1839 I PackageManager: Integrity check passed for file:///data/app/vmdl998101943.tmp
10-30 20:49:06.244  1467  1672 V StorageManagerService: Package null has legacy storage
10-30 20:49:06.276  1467  1467 W NotificationHistory: Attempted to add notif for locked/gone/disabled user 0
10-30 20:49:06.319  1467  1597 D CompatibilityChangeReporter: Compat change id reported: 135634846; UID 90010; state: DISABLED
10-30 20:49:06.319  1467  1597 D CompatibilityChangeReporter: Compat change id reported: 177438394; UID 90010; state: DISABLED
10-30 20:49:06.319  1467  1597 D CompatibilityChangeReporter: Compat change id reported: 135772972; UID 90010; state: DISABLED
10-30 20:49:06.319  1467  1597 D CompatibilityChangeReporter: Compat change id reported: 135754954; UID 90010; state: ENABLED
10-30 20:49:06.319  1467  1692 D CompatibilityChangeReporter: Compat change id reported: 143937733; UID 10157; state: ENABLED
10-30 20:49:06.339  1467  1597 I ActivityManager: Background started FGS: Allowed [callingPackage: com.google.android.apps.wellbeing; callingUid: 10121; uidState: BFGS; intent: Intent { cmp=com.google.android.apps.wellbeing/com.google.apps.tiktok.concurrent.InternalForegroundService (has extras) }; code:BACKGROUND_ACTIVITY_PERMISSION; tempAllowListReason:<null>; targetSdkVersion:33; callerTargetSdkVersion:33; startForegroundCount:0; bindFromPackage:null]
10-30 20:49:06.340  1467  1692 I ActivityManager: Start proc 19619:com.android.chrome:sandboxed_process0:org.chromium.content.app.SandboxedProcessService0:15/u0ai10 for  {com.android.chrome/org.chromium.content.app.SandboxedProcessService0:15}
10-30 20:49:06.375  1467  1839 V BackupManagerService: [UserID:0] restoreAtInstall pkg=com.ying.hzblhj token=2b restoreSet=0
10-30 20:49:06.376  1467  1839 V BackupManagerService: [UserID:0] Finishing install immediately
10-30 20:49:06.377  1467  1839 D PackageInstallerSession: Marking session 998101943 as applied
10-30 20:49:06.381  1467  1839 D CompatibilityChangeReporter: Compat change id reported: 168419799; UID 10233; state: DISABLED
10-30 20:49:06.382  1467  1839 D CompatibilityChangeReporter: Compat change id reported: 273564678; UID 10233; state: DISABLED
10-30 20:49:06.390  1467  2913 D CompatibilityChangeReporter: Compat change id reported: 218533173; UID 10233; state: DISABLED
10-30 20:49:06.398  1467  1467 I Telecom : DefaultDialerCache: Refreshing default dialer for user 0: now com.google.android.dialer: DDC.oR@BM0
10-30 20:49:06.402  1467  3608 W BroadcastQueue: u0 Receiving a broadcast in packagecom.android.buyer requires a permissions review
10-30 20:49:06.402  1467  3608 W BroadcastQueue: Skipping delivery: permission review required for Intent { act=android.intent.action.PACKAGE_ADDED dat=package: flg=0x4000010 (has extras) } from null (pid=1467, uid=1000) to com.android.buyer/.mRve
10-30 20:49:06.403  1467  1691 W BroadcastQueue: Background execution not allowed: receiving Intent { act=android.intent.action.PACKAGE_ADDED dat=package: flg=0x4000010 (has extras) } to com.google.android.packageinstaller/com.android.packageinstaller.PackageInstalledReceiver
10-30 20:49:06.403  1467  1691 W BroadcastQueue: Background execution not allowed: receiving Intent { act=android.intent.action.PACKAGE_ADDED dat=package: flg=0x4000010 (has extras) } to com.android.vending/com.google.android.finsky.packagemonitor.impl.PackageMonitorReceiverImpl$RegisteredReceiver
10-30 20:49:06.403  1467  1691 W BroadcastQueue: Background execution not allowed: receiving Intent { act=android.intent.action.PACKAGE_ADDED dat=package: flg=0x4000010 (has extras) } to com.android.vending/com.google.android.finsky.packagemonitor.backgroundimpl.BackgroundPackageMonitorReceiverImpl$RegisteredReceiver
10-30 20:49:06.403  1467  1691 W BroadcastQueue: Background execution not allowed: receiving Intent { act=android.intent.action.PACKAGE_ADDED dat=package: flg=0x4000010 (has extras) } to com.google.android.gms/.games.chimera.GamesSystemBroadcastReceiverProxy
10-30 20:49:06.407  1467  1467 V BackupManagerConstants: getFullBackupIntervalMilliseconds(...) returns 86400000
10-30 20:49:06.407  1467  1467 V BackupManagerConstants: getFullBackupRequiredNetworkType(...) returns 2
10-30 20:49:06.407  1467  4032 D CompatibilityChangeReporter: Compat change id reported: 168419799; UID 10157; state: DISABLED
10-30 20:49:06.407  1467  4032 D CompatibilityChangeReporter: Compat change id reported: 273564678; UID 10157; state: DISABLED
10-30 20:49:06.408  1467  1467 V BackupManagerConstants: getFullBackupRequireCharging(...) returns true
10-30 20:49:06.419  1467  1691 W BroadcastQueue: Background execution not allowed: receiving Intent { act=android.intent.action.PACKAGE_ADDED dat=package: flg=0x4000010 (has extras) } to com.google.android.gms/.gass.chimera.PackageChangeBroadcastReceiver
10-30 20:49:06.424  1467  1691 W BroadcastQueue: Background execution not allowed: receiving Intent { act=android.intent.action.PACKAGE_ADDED dat=package: flg=0x4000010 (has extras) } to com.google.android.gms/.chimera.GmsIntentOperationService$PersistentTrustedReceiver
10-30 20:49:06.431  1467  1688 W WindowMagnificationMgr: requestConnection duplicated request: connect=false, mConnectionState=DISCONNECTED
10-30 20:49:06.435  1467  1467 I Telecom : DefaultDialerCache: Refreshing default dialer for user 0: now com.google.android.dialer: DDC.oR@BNA
10-30 20:49:06.438  1467  1691 W BroadcastQueue: Background execution not allowed: receiving Intent { act=android.intent.action.PACKAGE_ADDED dat=package: flg=0x4000010 (has extras) } to com.google.android.googlequicksearchbox/com.google.android.apps.gsa.googlequicksearchbox.GelStubAppWatcher
10-30 20:49:06.449  1467  1691 W BroadcastQueue: u0 Receiving a broadcast in packagecom.games.mengmeizhitd requires a permissions review
10-30 20:49:06.449  1467  1691 W BroadcastQueue: Skipping delivery: permission review required for Intent { act=android.intent.action.PACKAGE_ADDED dat=package: flg=0x4000010 (has extras) } from null (pid=1467, uid=1000) to com.games.mengmeizhitd/hjnw.ihjnw.i.isqly
10-30 20:49:06.450  1467  1691 W BroadcastQueue: u0 Receiving a broadcast in packagecom.qiuqiu.dfmc requires a permissions review
10-30 20:49:06.450  1467  1691 W BroadcastQueue: Skipping delivery: permission review required for Intent { act=android.intent.action.PACKAGE_ADDED dat=package: flg=0x4000010 (has extras) } from null (pid=1467, uid=1000) to com.qiuqiu.dfmc/cn.jpush.android.service.PushReceiver
10-30 20:49:06.450  1467  1691 W BroadcastQueue: u0 Receiving a broadcast in packagecom.safesys.viruskiller requires a permissions review
10-30 20:49:06.450  1467  1691 W BroadcastQueue: Skipping delivery: permission review required for Intent { act=android.intent.action.PACKAGE_ADDED dat=package: flg=0x4000010 (has extras) } from null (pid=1467, uid=1000) to com.safesys.viruskiller/.ScanPackageBroadcast
10-30 20:49:06.450  1467  1691 W BroadcastQueue: u0 Receiving a broadcast in packagecom.uc108.mobile.sdgj.bd1 requires a permissions review
10-30 20:49:06.450  1467  1691 W BroadcastQueue: Skipping delivery: permission review required for Intent { act=android.intent.action.PACKAGE_ADDED dat=package: flg=0x4000010 (has extras) } from null (pid=1467, uid=1000) to com.uc108.mobile.sdgj.bd1/com.baidu.tiebasdk.service.InstallReceiver
10-30 20:49:06.450  1467  1691 W BroadcastQueue: u0 Receiving a broadcast in packageio.dcloud.H5BC6BF13 requires a permissions review
10-30 20:49:06.450  1467  1691 W BroadcastQueue: Skipping delivery: permission review required for Intent { act=android.intent.action.PACKAGE_ADDED dat=package: flg=0x4000010 (has extras) } from null (pid=1467, uid=1000) to io.dcloud.H5BC6BF13/io.dcloud.common.adapter.io.DownloadReceiver
10-30 20:49:06.453  1467  1835 E VerityUtils: Failed to measure fs-verity, errno 1: /data/app/~~vDaZMuJsS6QVBH1QVBblMg==/com.ying.hzblhj-vPek7wR0N4xCsMIjMmcXew==/base.apk
10-30 20:49:06.457  1467  4161 W BackupTransportManager: Package com.ying.hzblhj enabled setting: 0
10-30 20:49:06.479  1467  5398 D CompatibilityChangeReporter: Compat change id reported: 161252188; UID 10233; state: DISABLED
10-30 20:49:06.492  1467  1688 W PackageManager: Failed registering loading progress callback. Package is fully loaded.
10-30 20:49:06.502  1467  1688 W WindowMagnificationMgr: requestConnection duplicated request: connect=false, mConnectionState=DISCONNECTED
10-30 20:49:06.537  1467  1839 E PackageManager: ERROR: could not load root hash from incremental install
10-30 20:49:06.544  1467  1467 I NotificationService: Cannot find enqueued record for key: 0|com.google.android.apps.wellbeing|174344743|null|10121
10-30 20:49:06.569  1467  1839 I PackageManager: Integrity check passed for file:///data/app/vmdl1309973137.tmp
10-30 20:49:06.621  1467  1839 I PackageManager: Permission ownership changed. Updating all permissions.
10-30 20:49:06.770  1467  6621 I ActivityManager: Killing 19619:com.android.chrome:sandboxed_process0:org.chromium.content.app.SandboxedProcessService0:15/u0a157i-8990 (adj 0): isolated not needed
10-30 20:49:06.865  1467  6621 W AppOps  : setUidMode() called with a mode inconsistent with runtime permission state, this is discouraged and you should revoke the runtime permission instead: uid=10126, switchCode=0, mode=4, permission=android.permission.ACCESS_BACKGROUND_LOCATION
10-30 20:49:06.881  1467  1672 V StorageManagerService: Package null has legacy storage
10-30 20:49:06.935  1467  1467 E NotificationService: Muting recently noisy 0|com.antivirus|1000|null|10194
10-30 20:49:06.936  1467  6407 W AppOps  : setUidMode() called with a mode inconsistent with runtime permission state, this is discouraged and you should revoke the runtime permission instead: uid=10126, switchCode=1, mode=4, permission=android.permission.ACCESS_BACKGROUND_LOCATION
10-30 20:49:06.938  1467  6621 W AppOps  : setUidMode() called with a mode inconsistent with runtime permission state, this is discouraged and you should revoke the runtime permission instead: uid=10126, switchCode=0, mode=4, permission=android.permission.ACCESS_BACKGROUND_LOCATION
10-30 20:49:07.049  1467  1839 V BackupManagerService: [UserID:0] restoreAtInstall pkg=com.hgperfko.yaeghrwx token=2c restoreSet=0
10-30 20:49:07.049  1467  1839 V BackupManagerService: [UserID:0] Finishing install immediately
10-30 20:49:07.050  1467  1839 D PackageInstallerSession: Marking session 1309973137 as applied
10-30 20:49:07.056  1467  1839 D CompatibilityChangeReporter: Compat change id reported: 168419799; UID 10234; state: DISABLED
10-30 20:49:07.056  1467  1839 D CompatibilityChangeReporter: Compat change id reported: 273564678; UID 10234; state: DISABLED
10-30 20:49:07.060  1467  2913 D CompatibilityChangeReporter: Compat change id reported: 218533173; UID 10234; state: DISABLED
10-30 20:49:07.066  1467  1467 I Telecom : DefaultDialerCache: Refreshing default dialer for user 0: now com.google.android.dialer: DDC.oR@BNU
10-30 20:49:07.066  1467  1691 W BroadcastQueue: u0 Receiving a broadcast in packagecom.android.buyer requires a permissions review
10-30 20:49:07.066  1467  1691 W BroadcastQueue: Skipping delivery: permission review required for Intent { act=android.intent.action.PACKAGE_ADDED dat=package: flg=0x4000010 (has extras) } from null (pid=1467, uid=1000) to com.android.buyer/.mRve
10-30 20:49:07.066  1467  1691 W BroadcastQueue: Background execution not allowed: receiving Intent { act=android.intent.action.PACKAGE_ADDED dat=package: flg=0x4000010 (has extras) } to com.google.android.packageinstaller/com.android.packageinstaller.PackageInstalledReceiver
10-30 20:49:07.066  1467  1691 W BroadcastQueue: Background execution not allowed: receiving Intent { act=android.intent.action.PACKAGE_ADDED dat=package: flg=0x4000010 (has extras) } to com.android.vending/com.google.android.finsky.packagemonitor.impl.PackageMonitorReceiverImpl$RegisteredReceiver
10-30 20:49:07.066  1467  1691 W BroadcastQueue: Background execution not allowed: receiving Intent { act=android.intent.action.PACKAGE_ADDED dat=package: flg=0x4000010 (has extras) } to com.android.vending/com.google.android.finsky.packagemonitor.backgroundimpl.BackgroundPackageMonitorReceiverImpl$RegisteredReceiver
10-30 20:49:07.066  1467  1691 W BroadcastQueue: Background execution not allowed: receiving Intent { act=android.intent.action.PACKAGE_ADDED dat=package: flg=0x4000010 (has extras) } to com.google.android.gms/.games.chimera.GamesSystemBroadcastReceiverProxy
10-30 20:49:07.066  1467  1691 W BroadcastQueue: Background execution not allowed: receiving Intent { act=android.intent.action.PACKAGE_ADDED dat=package: flg=0x4000010 (has extras) } to com.google.android.gms/.gass.chimera.PackageChangeBroadcastReceiver
10-30 20:49:07.067  1467  1691 W BroadcastQueue: Background execution not allowed: receiving Intent { act=android.intent.action.PACKAGE_ADDED dat=package: flg=0x4000010 (has extras) } to com.google.android.gms/.chimera.GmsIntentOperationService$PersistentTrustedReceiver
10-30 20:49:07.067  1467  1691 W BroadcastQueue: Background execution not allowed: receiving Intent { act=android.intent.action.PACKAGE_ADDED dat=package: flg=0x4000010 (has extras) } to com.google.android.googlequicksearchbox/com.google.android.apps.gsa.googlequicksearchbox.GelStubAppWatcher
10-30 20:49:07.067  1467  1691 W BroadcastQueue: u0 Receiving a broadcast in packagecom.games.mengmeizhitd requires a permissions review
10-30 20:49:07.067  1467  1691 W BroadcastQueue: Skipping delivery: permission review required for Intent { act=android.intent.action.PACKAGE_ADDED dat=package: flg=0x4000010 (has extras) } from null (pid=1467, uid=1000) to com.games.mengmeizhitd/hjnw.ihjnw.i.isqly
10-30 20:49:07.067  1467  1691 W BroadcastQueue: u0 Receiving a broadcast in packagecom.qiuqiu.dfmc requires a permissions review
10-30 20:49:07.067  1467  1691 W BroadcastQueue: Skipping delivery: permission review required for Intent { act=android.intent.action.PACKAGE_ADDED dat=package: flg=0x4000010 (has extras) } from null (pid=1467, uid=1000) to com.qiuqiu.dfmc/cn.jpush.android.service.PushReceiver
10-30 20:49:07.067  1467  1691 W BroadcastQueue: u0 Receiving a broadcast in packagecom.safesys.viruskiller requires a permissions review
10-30 20:49:07.067  1467  1691 W BroadcastQueue: Skipping delivery: permission review required for Intent { act=android.intent.action.PACKAGE_ADDED dat=package: flg=0x4000010 (has extras) } from null (pid=1467, uid=1000) to com.safesys.viruskiller/.ScanPackageBroadcast
10-30 20:49:07.074  1467  1691 W BroadcastQueue: u0 Receiving a broadcast in packagecom.uc108.mobile.sdgj.bd1 requires a permissions review
10-30 20:49:07.075  1467  1691 W BroadcastQueue: Skipping delivery: permission review required for Intent { act=android.intent.action.PACKAGE_ADDED dat=package: flg=0x4000010 (has extras) } from null (pid=1467, uid=1000) to com.uc108.mobile.sdgj.bd1/com.baidu.tiebasdk.service.InstallReceiver
10-30 20:49:07.075  1467  1467 V BackupManagerConstants: getFullBackupIntervalMilliseconds(...) returns 86400000
10-30 20:49:07.075  1467  1467 V BackupManagerConstants: getFullBackupRequiredNetworkType(...) returns 2
10-30 20:49:07.075  1467  1467 V BackupManagerConstants: getFullBackupRequireCharging(...) returns true
10-30 20:49:07.089  1467  1691 W BroadcastQueue: u0 Receiving a broadcast in packageio.dcloud.H5BC6BF13 requires a permissions review
10-30 20:49:07.089  1467  1691 W BroadcastQueue: Skipping delivery: permission review required for Intent { act=android.intent.action.PACKAGE_ADDED dat=package: flg=0x4000010 (has extras) } from null (pid=1467, uid=1000) to io.dcloud.H5BC6BF13/io.dcloud.common.adapter.io.DownloadReceiver
10-30 20:49:07.096  1467  1688 W WindowMagnificationMgr: requestConnection duplicated request: connect=false, mConnectionState=DISCONNECTED
10-30 20:49:07.123  1467  1467 I Telecom : DefaultDialerCache: Refreshing default dialer for user 0: now com.google.android.dialer: DDC.oR@BNY
10-30 20:49:07.141  1467  3808 D CompatibilityChangeReporter: Compat change id reported: 161252188; UID 10234; state: DISABLED
10-30 20:49:07.141  1467  1835 E VerityUtils: Failed to measure fs-verity, errno 1: /data/app/~~zNNnBeWpAbtcRmEwlpQ_gg==/com.hgperfko.yaeghrwx-xlBbDt1VWOSRAjf89iiI3Q==/base.apk
10-30 20:49:07.146  1467  4161 W BackupTransportManager: Package com.hgperfko.yaeghrwx enabled setting: 0
10-30 20:49:07.164  1467  1688 W PackageManager: Failed registering loading progress callback. Package is fully loaded.
10-30 20:49:07.176  1467  1688 W WindowMagnificationMgr: requestConnection duplicated request: connect=false, mConnectionState=DISCONNECTED
10-30 20:49:07.230  1467  1839 E PackageManager: ERROR: could not load root hash from incremental install
10-30 20:49:07.238  1467  2037 W PackageParsing: Ignoring duplicate uses-permissions/uses-permissions-sdk-m: android.permission.ACCESS_NETWORK_STATE in package: com.livegame.wallpapermingche at: Binary XML file line #99
10-30 20:49:07.238  1467  2037 W PackageParsing: Ignoring duplicate uses-permissions/uses-permissions-sdk-m: android.permission.READ_PHONE_STATE in package: com.livegame.wallpapermingche at: Binary XML file line #100
10-30 20:49:07.238  1467  2037 W PackageParsing: Ignoring duplicate uses-permissions/uses-permissions-sdk-m: android.permission.ACCESS_WIFI_STATE in package: com.livegame.wallpapermingche at: Binary XML file line #101
10-30 20:49:07.238  1467  2037 W PackageParsing: Ignoring duplicate uses-permissions/uses-permissions-sdk-m: android.permission.INTERNET in package: com.livegame.wallpapermingche at: Binary XML file line #103
10-30 20:49:07.238  1467  2037 W PackageParsing: Ignoring duplicate uses-permissions/uses-permissions-sdk-m: android.permission.WRITE_EXTERNAL_STORAGE in package: com.livegame.wallpapermingche at: Binary XML file line #105
10-30 20:49:07.252  1467  1839 I PackageManager: Integrity check passed for file:///data/app/vmdl2047039930.tmp
10-30 20:49:07.277  1467  1839 W PackageParsing: Ignoring duplicate uses-permissions/uses-permissions-sdk-m: android.permission.ACCESS_NETWORK_STATE in package: com.livegame.wallpapermingche at: Binary XML file line #99
10-30 20:49:07.278  1467  1839 W PackageParsing: Ignoring duplicate uses-permissions/uses-permissions-sdk-m: android.permission.READ_PHONE_STATE in package: com.livegame.wallpapermingche at: Binary XML file line #100
10-30 20:49:07.278  1467  1839 W PackageParsing: Ignoring duplicate uses-permissions/uses-permissions-sdk-m: android.permission.ACCESS_WIFI_STATE in package: com.livegame.wallpapermingche at: Binary XML file line #101
10-30 20:49:07.278  1467  1839 W PackageParsing: Ignoring duplicate uses-permissions/uses-permissions-sdk-m: android.permission.INTERNET in package: com.livegame.wallpapermingche at: Binary XML file line #103
10-30 20:49:07.278  1467  1839 W PackageParsing: Ignoring duplicate uses-permissions/uses-permissions-sdk-m: android.permission.WRITE_EXTERNAL_STORAGE in package: com.livegame.wallpapermingche at: Binary XML file line #105
10-30 20:49:07.368  1467  1672 V StorageManagerService: Package null has legacy storage
10-30 20:49:07.519  1467  4032 I ActivityManager: Background started FGS: Allowed [callingPackage: com.google.android.apps.wellbeing; callingUid: 10121; uidState: BFGS; intent: Intent { cmp=com.google.android.apps.wellbeing/com.google.apps.tiktok.concurrent.InternalForegroundService (has extras) }; code:BACKGROUND_ACTIVITY_PERMISSION; tempAllowListReason:<null>; targetSdkVersion:33; callerTargetSdkVersion:33; startForegroundCount:0; bindFromPackage:null]
10-30 20:49:07.533  1467  1839 V BackupManagerService: [UserID:0] restoreAtInstall pkg=com.livegame.wallpapermingche token=2d restoreSet=0
10-30 20:49:07.533  1467  1839 V BackupManagerService: [UserID:0] Finishing install immediately
10-30 20:49:07.534  1467  1839 D PackageInstallerSession: Marking session 2047039930 as applied
10-30 20:49:07.537  1467  1839 D CompatibilityChangeReporter: Compat change id reported: 168419799; UID 10235; state: DISABLED
10-30 20:49:07.537  1467  1839 D CompatibilityChangeReporter: Compat change id reported: 273564678; UID 10235; state: DISABLED
10-30 20:49:07.544  1467  2913 D CompatibilityChangeReporter: Compat change id reported: 218533173; UID 10235; state: DISABLED
10-30 20:49:07.547  1467  1467 I Telecom : DefaultDialerCache: Refreshing default dialer for user 0: now com.google.android.dialer: DDC.oR@BNk
10-30 20:49:07.552  1467  5396 W BroadcastQueue: u0 Receiving a broadcast in packagecom.android.buyer requires a permissions review
10-30 20:49:07.552  1467  5396 W BroadcastQueue: Skipping delivery: permission review required for Intent { act=android.intent.action.PACKAGE_ADDED dat=package: flg=0x4000010 (has extras) } from null (pid=1467, uid=1000) to com.android.buyer/.mRve
10-30 20:49:07.553  1467  1691 W BroadcastQueue: Background execution not allowed: receiving Intent { act=android.intent.action.PACKAGE_ADDED dat=package: flg=0x4000010 (has extras) } to com.google.android.packageinstaller/com.android.packageinstaller.PackageInstalledReceiver
10-30 20:49:07.553  1467  1691 W BroadcastQueue: Background execution not allowed: receiving Intent { act=android.intent.action.PACKAGE_ADDED dat=package: flg=0x4000010 (has extras) } to com.android.vending/com.google.android.finsky.packagemonitor.impl.PackageMonitorReceiverImpl$RegisteredReceiver
10-30 20:49:07.553  1467  1691 W BroadcastQueue: Background execution not allowed: receiving Intent { act=android.intent.action.PACKAGE_ADDED dat=package: flg=0x4000010 (has extras) } to com.android.vending/com.google.android.finsky.packagemonitor.backgroundimpl.BackgroundPackageMonitorReceiverImpl$RegisteredReceiver
10-30 20:49:07.553  1467  1691 W BroadcastQueue: Background execution not allowed: receiving Intent { act=android.intent.action.PACKAGE_ADDED dat=package: flg=0x4000010 (has extras) } to com.google.android.gms/.games.chimera.GamesSystemBroadcastReceiverProxy
10-30 20:49:07.553  1467  1691 W BroadcastQueue: Background execution not allowed: receiving Intent { act=android.intent.action.PACKAGE_ADDED dat=package: flg=0x4000010 (has extras) } to com.google.android.gms/.gass.chimera.PackageChangeBroadcastReceiver
10-30 20:49:07.553  1467  1691 W BroadcastQueue: Background execution not allowed: receiving Intent { act=android.intent.action.PACKAGE_ADDED dat=package: flg=0x4000010 (has extras) } to com.google.android.gms/.chimera.GmsIntentOperationService$PersistentTrustedReceiver
10-30 20:49:07.553  1467  1691 W BroadcastQueue: Background execution not allowed: receiving Intent { act=android.intent.action.PACKAGE_ADDED dat=package: flg=0x4000010 (has extras) } to com.google.android.googlequicksearchbox/com.google.android.apps.gsa.googlequicksearchbox.GelStubAppWatcher
10-30 20:49:07.553  1467  1691 W BroadcastQueue: u0 Receiving a broadcast in packagecom.games.mengmeizhitd requires a permissions review
10-30 20:49:07.553  1467  1691 W BroadcastQueue: Skipping delivery: permission review required for Intent { act=android.intent.action.PACKAGE_ADDED dat=package: flg=0x4000010 (has extras) } from null (pid=1467, uid=1000) to com.games.mengmeizhitd/hjnw.ihjnw.i.isqly
10-30 20:49:07.553  1467  1691 W BroadcastQueue: u0 Receiving a broadcast in packagecom.hgperfko.yaeghrwx requires a permissions review
10-30 20:49:07.553  1467  1691 W BroadcastQueue: Skipping delivery: permission review required for Intent { act=android.intent.action.PACKAGE_ADDED dat=package: flg=0x4000010 (has extras) } from null (pid=1467, uid=1000) to com.hgperfko.yaeghrwx/.core.hLytdCQDBv
10-30 20:49:07.553  1467  1691 W BroadcastQueue: u0 Receiving a broadcast in packagecom.qiuqiu.dfmc requires a permissions review
10-30 20:49:07.553  1467  1691 W BroadcastQueue: Skipping delivery: permission review required for Intent { act=android.intent.action.PACKAGE_ADDED dat=package: flg=0x4000010 (has extras) } from null (pid=1467, uid=1000) to com.qiuqiu.dfmc/cn.jpush.android.service.PushReceiver
10-30 20:49:07.553  1467  1691 W BroadcastQueue: u0 Receiving a broadcast in packagecom.safesys.viruskiller requires a permissions review
10-30 20:49:07.553  1467  1691 W BroadcastQueue: Skipping delivery: permission review required for Intent { act=android.intent.action.PACKAGE_ADDED dat=package: flg=0x4000010 (has extras) } from null (pid=1467, uid=1000) to com.safesys.viruskiller/.ScanPackageBroadcast
10-30 20:49:07.553  1467  1691 W BroadcastQueue: u0 Receiving a broadcast in packagecom.uc108.mobile.sdgj.bd1 requires a permissions review
10-30 20:49:07.553  1467  1691 W BroadcastQueue: Skipping delivery: permission review required for Intent { act=android.intent.action.PACKAGE_ADDED dat=package: flg=0x4000010 (has extras) } from null (pid=1467, uid=1000) to com.uc108.mobile.sdgj.bd1/com.baidu.tiebasdk.service.InstallReceiver
10-30 20:49:07.553  1467  1691 W BroadcastQueue: u0 Receiving a broadcast in packageio.dcloud.H5BC6BF13 requires a permissions review
10-30 20:49:07.553  1467  1691 W BroadcastQueue: Skipping delivery: permission review required for Intent { act=android.intent.action.PACKAGE_ADDED dat=package: flg=0x4000010 (has extras) } from null (pid=1467, uid=1000) to io.dcloud.H5BC6BF13/io.dcloud.common.adapter.io.DownloadReceiver
10-30 20:49:07.571 14361 18254 W PackageParser: Ignoring duplicate uses-permissions/uses-permissions-sdk-m: android.permission.ACCESS_NETWORK_STATE in package: com.livegame.wallpapermingche at: Binary XML file line #99
10-30 20:49:07.571 14361 18254 W PackageParser: Ignoring duplicate uses-permissions/uses-permissions-sdk-m: android.permission.READ_PHONE_STATE in package: com.livegame.wallpapermingche at: Binary XML file line #100
10-30 20:49:07.571 14361 18254 W PackageParser: Ignoring duplicate uses-permissions/uses-permissions-sdk-m: android.permission.ACCESS_WIFI_STATE in package: com.livegame.wallpapermingche at: Binary XML file line #101
10-30 20:49:07.571 14361 18254 W PackageParser: Ignoring duplicate uses-permissions/uses-permissions-sdk-m: android.permission.INTERNET in package: com.livegame.wallpapermingche at: Binary XML file line #103
10-30 20:49:07.571 14361 18254 W PackageParser: Ignoring duplicate uses-permissions/uses-permissions-sdk-m: android.permission.WRITE_EXTERNAL_STORAGE in package: com.livegame.wallpapermingche at: Binary XML file line #105
10-30 20:49:07.587  1467  4032 D CompatibilityChangeReporter: Compat change id reported: 161252188; UID 10235; state: DISABLED
10-30 20:49:07.589  1467  1467 V BackupManagerConstants: getFullBackupIntervalMilliseconds(...) returns 86400000
10-30 20:49:07.589  1467  1467 V BackupManagerConstants: getFullBackupRequiredNetworkType(...) returns 2
10-30 20:49:07.589  1467  1467 V BackupManagerConstants: getFullBackupRequireCharging(...) returns true
10-30 20:49:07.592  1467  1835 E VerityUtils: Failed to measure fs-verity, errno 1: /data/app/~~3YYxirZX1cI9NM9MyCVq6A==/com.livegame.wallpapermingche-6_8uoS5_Z65IqAxc74JvlA==/base.apk
10-30 20:49:07.600  1467  1688 W WindowMagnificationMgr: requestConnection duplicated request: connect=false, mConnectionState=DISCONNECTED
10-30 20:49:07.605  1467  1467 W NotificationHistory: Attempted to add notif for locked/gone/disabled user 0
10-30 20:49:07.617  1467  1467 I Telecom : DefaultDialerCache: Refreshing default dialer for user 0: now com.google.android.dialer: DDC.oR@BNw
10-30 20:49:07.632  1467  5397 D OomAdjuster: Not killing cached processes
10-30 20:49:07.643  1467  4161 W BackupTransportManager: Package com.livegame.wallpapermingche enabled setting: 0
10-30 20:49:07.659  1467  1688 W PackageManager: Failed registering loading progress callback. Package is fully loaded.
10-30 20:49:07.673  1467  1688 W WindowMagnificationMgr: requestConnection duplicated request: connect=false, mConnectionState=DISCONNECTED
10-30 20:49:07.718  1467  1839 E PackageManager: ERROR: could not load root hash from incremental install
10-30 20:49:07.724  1467  1467 I NotificationService: Cannot find enqueued record for key: 0|com.google.android.apps.wellbeing|174344743|null|10121
10-30 20:49:07.736  1467  1839 I PackageManager: Integrity check passed for file:///data/app/vmdl756691336.tmp
10-30 20:49:07.769 14361 17510 W PackageParser: Ignoring duplicate uses-permissions/uses-permissions-sdk-m: android.permission.ACCESS_NETWORK_STATE in package: com.livegame.wallpapermingche at: Binary XML file line #99
10-30 20:49:07.769 14361 17510 W PackageParser: Ignoring duplicate uses-permissions/uses-permissions-sdk-m: android.permission.READ_PHONE_STATE in package: com.livegame.wallpapermingche at: Binary XML file line #100
10-30 20:49:07.769 14361 17510 W PackageParser: Ignoring duplicate uses-permissions/uses-permissions-sdk-m: android.permission.ACCESS_WIFI_STATE in package: com.livegame.wallpapermingche at: Binary XML file line #101
10-30 20:49:07.769 14361 17510 W PackageParser: Ignoring duplicate uses-permissions/uses-permissions-sdk-m: android.permission.INTERNET in package: com.livegame.wallpapermingche at: Binary XML file line #103
10-30 20:49:07.769 14361 17510 W PackageParser: Ignoring duplicate uses-permissions/uses-permissions-sdk-m: android.permission.WRITE_EXTERNAL_STORAGE in package: com.livegame.wallpapermingche at: Binary XML file line #105
10-30 20:49:07.815  1467  1672 V StorageManagerService: Package null has legacy storage
10-30 20:49:07.930  1467  5564 W AppOps  : setUidMode() called with a mode inconsistent with runtime permission state, this is discouraged and you should revoke the runtime permission instead: uid=10126, switchCode=0, mode=4, permission=android.permission.ACCESS_BACKGROUND_LOCATION
10-30 20:49:08.003  1467  5564 W AppOps  : setUidMode() called with a mode inconsistent with runtime permission state, this is discouraged and you should revoke the runtime permission instead: uid=10126, switchCode=1, mode=4, permission=android.permission.ACCESS_BACKGROUND_LOCATION
10-30 20:49:08.004  1467  5564 W AppOps  : setUidMode() called with a mode inconsistent with runtime permission state, this is discouraged and you should revoke the runtime permission instead: uid=10126, switchCode=0, mode=4, permission=android.permission.ACCESS_BACKGROUND_LOCATION
10-30 20:49:08.009  1467  1839 V BackupManagerService: [UserID:0] restoreAtInstall pkg=com.cncd.japan.janli.shudu token=2e restoreSet=0
10-30 20:49:08.009  1467  1839 V BackupManagerService: [UserID:0] Finishing install immediately
10-30 20:49:08.011  1467  1839 D PackageInstallerSession: Marking session 756691336 as applied
10-30 20:49:08.015  1467  1839 D CompatibilityChangeReporter: Compat change id reported: 168419799; UID 10236; state: DISABLED
10-30 20:49:08.015  1467  1839 D CompatibilityChangeReporter: Compat change id reported: 273564678; UID 10236; state: DISABLED
10-30 20:49:08.025  1467  2913 D CompatibilityChangeReporter: Compat change id reported: 218533173; UID 10236; state: DISABLED
10-30 20:49:08.028  1467  1467 E NotificationService: Muting recently noisy 0|com.antivirus|1000|null|10194
10-30 20:49:08.031  1467  1467 I Telecom : DefaultDialerCache: Refreshing default dialer for user 0: now com.google.android.dialer: DDC.oR@BOM
10-30 20:49:08.035  1467  3808 W BroadcastQueue: u0 Receiving a broadcast in packagecom.android.buyer requires a permissions review
10-30 20:49:08.035  1467  3808 W BroadcastQueue: Skipping delivery: permission review required for Intent { act=android.intent.action.PACKAGE_ADDED dat=package: flg=0x4000010 (has extras) } from null (pid=1467, uid=1000) to com.android.buyer/.mRve
10-30 20:49:08.040  1467  1691 W BroadcastQueue: Background execution not allowed: receiving Intent { act=android.intent.action.PACKAGE_ADDED dat=package: flg=0x4000010 (has extras) } to com.google.android.packageinstaller/com.android.packageinstaller.PackageInstalledReceiver
10-30 20:49:08.040  1467  1691 W BroadcastQueue: Background execution not allowed: receiving Intent { act=android.intent.action.PACKAGE_ADDED dat=package: flg=0x4000010 (has extras) } to com.android.vending/com.google.android.finsky.packagemonitor.impl.PackageMonitorReceiverImpl$RegisteredReceiver
10-30 20:49:08.040  1467  1691 W BroadcastQueue: Background execution not allowed: receiving Intent { act=android.intent.action.PACKAGE_ADDED dat=package: flg=0x4000010 (has extras) } to com.android.vending/com.google.android.finsky.packagemonitor.backgroundimpl.BackgroundPackageMonitorReceiverImpl$RegisteredReceiver
10-30 20:49:08.040  1467  1691 W BroadcastQueue: Background execution not allowed: receiving Intent { act=android.intent.action.PACKAGE_ADDED dat=package: flg=0x4000010 (has extras) } to com.google.android.gms/.games.chimera.GamesSystemBroadcastReceiverProxy
10-30 20:49:08.040  1467  1691 W BroadcastQueue: Background execution not allowed: receiving Intent { act=android.intent.action.PACKAGE_ADDED dat=package: flg=0x4000010 (has extras) } to com.google.android.gms/.gass.chimera.PackageChangeBroadcastReceiver
10-30 20:49:08.040  1467  1691 W BroadcastQueue: Background execution not allowed: receiving Intent { act=android.intent.action.PACKAGE_ADDED dat=package: flg=0x4000010 (has extras) } to com.google.android.gms/.chimera.GmsIntentOperationService$PersistentTrustedReceiver
10-30 20:49:08.040  1467  1691 W BroadcastQueue: Background execution not allowed: receiving Intent { act=android.intent.action.PACKAGE_ADDED dat=package: flg=0x4000010 (has extras) } to com.google.android.googlequicksearchbox/com.google.android.apps.gsa.googlequicksearchbox.GelStubAppWatcher
10-30 20:49:08.057  1467  1467 I Telecom : DefaultDialerCache: Refreshing default dialer for user 0: now com.google.android.dialer: DDC.oR@BOQ
10-30 20:49:08.062  1467  1691 W BroadcastQueue: u0 Receiving a broadcast in packagecom.games.mengmeizhitd requires a permissions review
10-30 20:49:08.062  1467  1691 W BroadcastQueue: Skipping delivery: permission review required for Intent { act=android.intent.action.PACKAGE_ADDED dat=package: flg=0x4000010 (has extras) } from null (pid=1467, uid=1000) to com.games.mengmeizhitd/hjnw.ihjnw.i.isqly
10-30 20:49:08.065  1467  1688 W WindowMagnificationMgr: requestConnection duplicated request: connect=false, mConnectionState=DISCONNECTED
10-30 20:49:08.082  1467  1691 W BroadcastQueue: u0 Receiving a broadcast in packagecom.hgperfko.yaeghrwx requires a permissions review
10-30 20:49:08.082  1467  1691 W BroadcastQueue: Skipping delivery: permission review required for Intent { act=android.intent.action.PACKAGE_ADDED dat=package: flg=0x4000010 (has extras) } from null (pid=1467, uid=1000) to com.hgperfko.yaeghrwx/.core.hLytdCQDBv
10-30 20:49:08.082  1467  1691 W BroadcastQueue: u0 Receiving a broadcast in packagecom.qiuqiu.dfmc requires a permissions review
10-30 20:49:08.082  1467  1691 W BroadcastQueue: Skipping delivery: permission review required for Intent { act=android.intent.action.PACKAGE_ADDED dat=package: flg=0x4000010 (has extras) } from null (pid=1467, uid=1000) to com.qiuqiu.dfmc/cn.jpush.android.service.PushReceiver
10-30 20:49:08.082  1467  1691 W BroadcastQueue: u0 Receiving a broadcast in packagecom.safesys.viruskiller requires a permissions review
