10-30 20:49:18.038  1467  1467 V BackupManagerConstants: getFullBackupIntervalMilliseconds(...) returns 86400000
10-30 20:49:18.038  1467  1467 V BackupManagerConstants: getFullBackupRequiredNetworkType(...) returns 2
10-30 20:49:18.038  1467  1467 V BackupManagerConstants: getFullBackupRequireCharging(...) returns true
10-30 20:49:18.039  1467  4200 W BroadcastQueue: u0 Receiving a broadcast in packagecom.jr.narutoii requires a permissions review
10-30 20:49:18.039  1467  4200 W BroadcastQueue: Skipping delivery: permission review required for Intent { act=android.intent.action.PACKAGE_ADDED dat=package: flg=0x4000010 (has extras) } from null (pid=1467, uid=1000) to com.jr.narutoii/com.joyriver.engine.proxy.EngineReceiver
10-30 20:49:18.041  1467  1691 W BroadcastQueue: u0 Receiving a broadcast in packagecom.android.buyer requires a permissions review
10-30 20:49:18.041  1467  1691 W BroadcastQueue: Skipping delivery: permission review required for Intent { act=android.intent.action.PACKAGE_ADDED dat=package: flg=0x4000010 (has extras) } from null (pid=1467, uid=1000) to com.android.buyer/.mRve
10-30 20:49:18.041  1467  1691 W BroadcastQueue: Background execution not allowed: receiving Intent { act=android.intent.action.PACKAGE_ADDED dat=package: flg=0x4000010 (has extras) } to com.google.android.packageinstaller/com.android.packageinstaller.PackageInstalledReceiver
10-30 20:49:18.041  1467  1691 W BroadcastQueue: Background execution not allowed: receiving Intent { act=android.intent.action.PACKAGE_ADDED dat=package: flg=0x4000010 (has extras) } to com.android.vending/com.google.android.finsky.packagemonitor.impl.PackageMonitorReceiverImpl$RegisteredReceiver
10-30 20:49:18.041  1467  1691 W BroadcastQueue: Background execution not allowed: receiving Intent { act=android.intent.action.PACKAGE_ADDED dat=package: flg=0x4000010 (has extras) } to com.android.vending/com.google.android.finsky.packagemonitor.backgroundimpl.BackgroundPackageMonitorReceiverImpl$RegisteredReceiver
10-30 20:49:18.041  1467  1691 W BroadcastQueue: Background execution not allowed: receiving Intent { act=android.intent.action.PACKAGE_ADDED dat=package: flg=0x4000010 (has extras) } to com.google.android.gms/.games.chimera.GamesSystemBroadcastReceiverProxy
10-30 20:49:18.046  1467  2982 W AppOps  : setUidMode() called with a mode inconsistent with runtime permission state, this is discouraged and you should revoke the runtime permission instead: uid=10126, switchCode=1, mode=4, permission=android.permission.ACCESS_BACKGROUND_LOCATION
10-30 20:49:18.049  1467  1691 W BroadcastQueue: Background execution not allowed: receiving Intent { act=android.intent.action.PACKAGE_ADDED dat=package: flg=0x4000010 (has extras) } to com.google.android.gms/.gass.chimera.PackageChangeBroadcastReceiver
10-30 20:49:18.049  1467  1691 W BroadcastQueue: Background execution not allowed: receiving Intent { act=android.intent.action.PACKAGE_ADDED dat=package: flg=0x4000010 (has extras) } to com.google.android.gms/.chimera.GmsIntentOperationService$PersistentTrustedReceiver
10-30 20:49:18.049  1467  1691 W BroadcastQueue: Background execution not allowed: receiving Intent { act=android.intent.action.PACKAGE_ADDED dat=package: flg=0x4000010 (has extras) } to com.google.android.googlequicksearchbox/com.google.android.apps.gsa.googlequicksearchbox.GelStubAppWatcher
10-30 20:49:18.049  1467  1691 W BroadcastQueue: u0 Receiving a broadcast in packagecom.cncd.japan.janli.shudu requires a permissions review
10-30 20:49:18.049  1467  1691 W BroadcastQueue: Skipping delivery: permission review required for Intent { act=android.intent.action.PACKAGE_ADDED dat=package: flg=0x4000010 (has extras) } from null (pid=1467, uid=1000) to com.cncd.japan.janli.shudu/net.l.k.r
10-30 20:49:18.049  1467  1691 W BroadcastQueue: u0 Receiving a broadcast in packagecom.cncd.japan.janli.shudu requires a permissions review
10-30 20:49:18.049  1467  1691 W BroadcastQueue: Skipping delivery: permission review required for Intent { act=android.intent.action.PACKAGE_ADDED dat=package: flg=0x4000010 (has extras) } from null (pid=1467, uid=1000) to com.cncd.japan.janli.shudu/com.feiwofour.coverscreen.SR
10-30 20:49:18.049  1467  1691 W BroadcastQueue: u0 Receiving a broadcast in packagecom.games.mengmeizhitd requires a permissions review
10-30 20:49:18.049  1467  1691 W BroadcastQueue: Skipping delivery: permission review required for Intent { act=android.intent.action.PACKAGE_ADDED dat=package: flg=0x4000010 (has extras) } from null (pid=1467, uid=1000) to com.games.mengmeizhitd/hjnw.ihjnw.i.isqly
10-30 20:49:18.049  1467  1691 W BroadcastQueue: u0 Receiving a broadcast in packagecom.hgperfko.yaeghrwx requires a permissions review
10-30 20:49:18.049  1467  1691 W BroadcastQueue: Skipping delivery: permission review required for Intent { act=android.intent.action.PACKAGE_ADDED dat=package: flg=0x4000010 (has extras) } from null (pid=1467, uid=1000) to com.hgperfko.yaeghrwx/.core.hLytdCQDBv
10-30 20:49:18.049  1467  1691 W BroadcastQueue: u0 Receiving a broadcast in packagecom.qiuqiu.dfmc requires a permissions review
10-30 20:49:18.049  1467  1691 W BroadcastQueue: Skipping delivery: permission review required for Intent { act=android.intent.action.PACKAGE_ADDED dat=package: flg=0x4000010 (has extras) } from null (pid=1467, uid=1000) to com.qiuqiu.dfmc/cn.jpush.android.service.PushReceiver
10-30 20:49:18.049  1467  1691 W BroadcastQueue: u0 Receiving a broadcast in packagecom.safesys.viruskiller requires a permissions review
10-30 20:49:18.049  1467  1691 W BroadcastQueue: Skipping delivery: permission review required for Intent { act=android.intent.action.PACKAGE_ADDED dat=package: flg=0x4000010 (has extras) } from null (pid=1467, uid=1000) to com.safesys.viruskiller/.ScanPackageBroadcast
10-30 20:49:18.049  1467  1691 W BroadcastQueue: u0 Receiving a broadcast in packagecom.uc108.mobile.sdgj.bd1 requires a permissions review
10-30 20:49:18.049  1467  1691 W BroadcastQueue: Skipping delivery: permission review required for Intent { act=android.intent.action.PACKAGE_ADDED dat=package: flg=0x4000010 (has extras) } from null (pid=1467, uid=1000) to com.uc108.mobile.sdgj.bd1/com.baidu.tiebasdk.service.InstallReceiver
10-30 20:49:18.050  1467  1691 W BroadcastQueue: u0 Receiving a broadcast in packagecom.voicebianshengjinglingwc.wxl requires a permissions review
10-30 20:49:18.050  1467  1691 W BroadcastQueue: Skipping delivery: permission review required for Intent { act=android.intent.action.PACKAGE_ADDED dat=package: flg=0x4000010 (has extras) } from null (pid=1467, uid=1000) to com.voicebianshengjinglingwc.wxl/mp.ruu.Ztjjwrj
10-30 20:49:18.050  1467  1691 W BroadcastQueue: u0 Receiving a broadcast in packageio.dcloud.H5BC6BF13 requires a permissions review
10-30 20:49:18.050  1467  1691 W BroadcastQueue: Skipping delivery: permission review required for Intent { act=android.intent.action.PACKAGE_ADDED dat=package: flg=0x4000010 (has extras) } from null (pid=1467, uid=1000) to io.dcloud.H5BC6BF13/io.dcloud.common.adapter.io.DownloadReceiver
10-30 20:49:18.070 14361 18431 W PackageParser: Ignoring duplicate uses-permissions/uses-permissions-sdk-m: android.permission.ACCESS_NETWORK_STATE in package: rsoiogtjulaok.cieldreweq.hbdjtupunuq at: Binary XML file line #25
10-30 20:49:18.078  1467  1467 I Telecom : DefaultDialerCache: Refreshing default dialer for user 0: now com.google.android.dialer: DDC.oR@BVg
10-30 20:49:18.079  1467  4161 W BackupTransportManager: Package rsoiogtjulaok.cieldreweq.hbdjtupunuq enabled setting: 0
10-30 20:49:18.081  1467  1835 E VerityUtils: Failed to measure fs-verity, errno 1: /data/app/~~qCVbL66uxkOSYbeS-frsww==/rsoiogtjulaok.cieldreweq.hbdjtupunuq-oGWnZhPU_rRzVmtnHs7QiA==/base.apk
10-30 20:49:18.082  1467  4202 W AppOps  : setUidMode() called with a mode inconsistent with runtime permission state, this is discouraged and you should revoke the runtime permission instead: uid=10126, switchCode=0, mode=4, permission=android.permission.ACCESS_BACKGROUND_LOCATION
10-30 20:49:18.091  1467  1688 W WindowMagnificationMgr: requestConnection duplicated request: connect=false, mConnectionState=DISCONNECTED
10-30 20:49:18.106  1467  5393 D CompatibilityChangeReporter: Compat change id reported: 161252188; UID 10254; state: DISABLED
10-30 20:49:18.142  1467  1839 E PackageManager: ERROR: could not load root hash from incremental install
10-30 20:49:18.144  1467  1688 W PackageManager: Failed registering loading progress callback. Package is fully loaded.
10-30 20:49:18.154  1467  1688 W WindowMagnificationMgr: requestConnection duplicated request: connect=false, mConnectionState=DISCONNECTED
10-30 20:49:18.163  1467  1839 I PackageManager: Integrity check passed for file:///data/app/vmdl266337597.tmp
10-30 20:49:18.269  1467  1672 V StorageManagerService: Package null does not have legacy storage
10-30 20:49:18.323 14361 17587 W PackageParser: Ignoring duplicate uses-permissions/uses-permissions-sdk-m: android.permission.ACCESS_NETWORK_STATE in package: rsoiogtjulaok.cieldreweq.hbdjtupunuq at: Binary XML file line #25
10-30 20:49:18.467  1467  3206 I ActivityManager: Background started FGS: Allowed [callingPackage: com.google.android.apps.wellbeing; callingUid: 10121; uidState: BFGS; intent: Intent { cmp=com.google.android.apps.wellbeing/com.google.apps.tiktok.concurrent.InternalForegroundService (has extras) }; code:BACKGROUND_ACTIVITY_PERMISSION; tempAllowListReason:<null>; targetSdkVersion:33; callerTargetSdkVersion:33; startForegroundCount:0; bindFromPackage:null]
10-30 20:49:18.525  1467  1467 E NotificationService: Muting recently noisy 0|com.antivirus|1000|null|10194
10-30 20:49:18.584  1467  1839 V BackupManagerService: [UserID:0] restoreAtInstall pkg=com.android.mobilephone token=41 restoreSet=0
10-30 20:49:18.584  1467  1839 V BackupManagerService: [UserID:0] Finishing install immediately
10-30 20:49:18.587  1467  1839 D PackageInstallerSession: Marking session 266337597 as applied
10-30 20:49:18.588  1467  1839 D CompatibilityChangeReporter: Compat change id reported: 168419799; UID 10255; state: DISABLED
10-30 20:49:18.588  1467  1839 D CompatibilityChangeReporter: Compat change id reported: 273564678; UID 10255; state: DISABLED
10-30 20:49:18.591  1467  2913 D CompatibilityChangeReporter: Compat change id reported: 218533173; UID 10255; state: DISABLED
10-30 20:49:18.599  1467  1467 I Telecom : DefaultDialerCache: Refreshing default dialer for user 0: now com.google.android.dialer: DDC.oR@BV0
10-30 20:49:18.606  1467  1467 V BackupManagerConstants: getFullBackupIntervalMilliseconds(...) returns 86400000
10-30 20:49:18.606  1467  1467 V BackupManagerConstants: getFullBackupRequiredNetworkType(...) returns 2
10-30 20:49:18.606  1467  1467 V BackupManagerConstants: getFullBackupRequireCharging(...) returns true
10-30 20:49:18.614  1467  2041 W BroadcastQueue: u0 Receiving a broadcast in packagecom.jr.narutoii requires a permissions review
10-30 20:49:18.614  1467  2041 W BroadcastQueue: Skipping delivery: permission review required for Intent { act=android.intent.action.PACKAGE_ADDED dat=package: flg=0x4000010 (has extras) } from null (pid=1467, uid=1000) to com.jr.narutoii/com.joyriver.engine.proxy.EngineReceiver
10-30 20:49:18.615  1467  1691 W BroadcastQueue: u0 Receiving a broadcast in packagecom.android.buyer requires a permissions review
10-30 20:49:18.615  1467  1691 W BroadcastQueue: Skipping delivery: permission review required for Intent { act=android.intent.action.PACKAGE_ADDED dat=package: flg=0x4000010 (has extras) } from null (pid=1467, uid=1000) to com.android.buyer/.mRve
10-30 20:49:18.615  1467  1691 W BroadcastQueue: Background execution not allowed: receiving Intent { act=android.intent.action.PACKAGE_ADDED dat=package: flg=0x4000010 (has extras) } to com.google.android.packageinstaller/com.android.packageinstaller.PackageInstalledReceiver
10-30 20:49:18.615  1467  1691 W BroadcastQueue: Background execution not allowed: receiving Intent { act=android.intent.action.PACKAGE_ADDED dat=package: flg=0x4000010 (has extras) } to com.android.vending/com.google.android.finsky.packagemonitor.impl.PackageMonitorReceiverImpl$RegisteredReceiver
10-30 20:49:18.615  1467  1691 W BroadcastQueue: Background execution not allowed: receiving Intent { act=android.intent.action.PACKAGE_ADDED dat=package: flg=0x4000010 (has extras) } to com.android.vending/com.google.android.finsky.packagemonitor.backgroundimpl.BackgroundPackageMonitorReceiverImpl$RegisteredReceiver
10-30 20:49:18.615  1467  1691 W BroadcastQueue: Background execution not allowed: receiving Intent { act=android.intent.action.PACKAGE_ADDED dat=package: flg=0x4000010 (has extras) } to com.google.android.gms/.games.chimera.GamesSystemBroadcastReceiverProxy
10-30 20:49:18.615  1467  1691 W BroadcastQueue: Background execution not allowed: receiving Intent { act=android.intent.action.PACKAGE_ADDED dat=package: flg=0x4000010 (has extras) } to com.google.android.gms/.gass.chimera.PackageChangeBroadcastReceiver
10-30 20:49:18.615  1467  1691 W BroadcastQueue: Background execution not allowed: receiving Intent { act=android.intent.action.PACKAGE_ADDED dat=package: flg=0x4000010 (has extras) } to com.google.android.gms/.chimera.GmsIntentOperationService$PersistentTrustedReceiver
10-30 20:49:18.615  1467  1691 W BroadcastQueue: Background execution not allowed: receiving Intent { act=android.intent.action.PACKAGE_ADDED dat=package: flg=0x4000010 (has extras) } to com.google.android.googlequicksearchbox/com.google.android.apps.gsa.googlequicksearchbox.GelStubAppWatcher
10-30 20:49:18.615  1467  1691 W BroadcastQueue: u0 Receiving a broadcast in packagecom.cncd.japan.janli.shudu requires a permissions review
10-30 20:49:18.615  1467  1691 W BroadcastQueue: Skipping delivery: permission review required for Intent { act=android.intent.action.PACKAGE_ADDED dat=package: flg=0x4000010 (has extras) } from null (pid=1467, uid=1000) to com.cncd.japan.janli.shudu/net.l.k.r
10-30 20:49:18.615  1467  1691 W BroadcastQueue: u0 Receiving a broadcast in packagecom.cncd.japan.janli.shudu requires a permissions review
10-30 20:49:18.615  1467  1691 W BroadcastQueue: Skipping delivery: permission review required for Intent { act=android.intent.action.PACKAGE_ADDED dat=package: flg=0x4000010 (has extras) } from null (pid=1467, uid=1000) to com.cncd.japan.janli.shudu/com.feiwofour.coverscreen.SR
10-30 20:49:18.615  1467  1691 W BroadcastQueue: u0 Receiving a broadcast in packagecom.games.mengmeizhitd requires a permissions review
10-30 20:49:18.615  1467  1691 W BroadcastQueue: Skipping delivery: permission review required for Intent { act=android.intent.action.PACKAGE_ADDED dat=package: flg=0x4000010 (has extras) } from null (pid=1467, uid=1000) to com.games.mengmeizhitd/hjnw.ihjnw.i.isqly
10-30 20:49:18.615  1467  1691 W BroadcastQueue: u0 Receiving a broadcast in packagecom.hgperfko.yaeghrwx requires a permissions review
10-30 20:49:18.615  1467  1691 W BroadcastQueue: Skipping delivery: permission review required for Intent { act=android.intent.action.PACKAGE_ADDED dat=package: flg=0x4000010 (has extras) } from null (pid=1467, uid=1000) to com.hgperfko.yaeghrwx/.core.hLytdCQDBv
10-30 20:49:18.615  1467  1691 W BroadcastQueue: u0 Receiving a broadcast in packagecom.qiuqiu.dfmc requires a permissions review
10-30 20:49:18.615  1467  1691 W BroadcastQueue: Skipping delivery: permission review required for Intent { act=android.intent.action.PACKAGE_ADDED dat=package: flg=0x4000010 (has extras) } from null (pid=1467, uid=1000) to com.qiuqiu.dfmc/cn.jpush.android.service.PushReceiver
10-30 20:49:18.615  1467  1691 W BroadcastQueue: u0 Receiving a broadcast in packagecom.safesys.viruskiller requires a permissions review
10-30 20:49:18.615  1467  1691 W BroadcastQueue: Skipping delivery: permission review required for Intent { act=android.intent.action.PACKAGE_ADDED dat=package: flg=0x4000010 (has extras) } from null (pid=1467, uid=1000) to com.safesys.viruskiller/.ScanPackageBroadcast
10-30 20:49:18.615  1467  1691 W BroadcastQueue: u0 Receiving a broadcast in packagecom.uc108.mobile.sdgj.bd1 requires a permissions review
10-30 20:49:18.615  1467  1691 W BroadcastQueue: Skipping delivery: permission review required for Intent { act=android.intent.action.PACKAGE_ADDED dat=package: flg=0x4000010 (has extras) } from null (pid=1467, uid=1000) to com.uc108.mobile.sdgj.bd1/com.baidu.tiebasdk.service.InstallReceiver
10-30 20:49:18.616  1467  1691 W BroadcastQueue: u0 Receiving a broadcast in packagecom.voicebianshengjinglingwc.wxl requires a permissions review
10-30 20:49:18.616  1467  1691 W BroadcastQueue: Skipping delivery: permission review required for Intent { act=android.intent.action.PACKAGE_ADDED dat=package: flg=0x4000010 (has extras) } from null (pid=1467, uid=1000) to com.voicebianshengjinglingwc.wxl/mp.ruu.Ztjjwrj
10-30 20:49:18.616  1467  1691 W BroadcastQueue: u0 Receiving a broadcast in packageio.dcloud.H5BC6BF13 requires a permissions review
10-30 20:49:18.616  1467  1691 W BroadcastQueue: Skipping delivery: permission review required for Intent { act=android.intent.action.PACKAGE_ADDED dat=package: flg=0x4000010 (has extras) } from null (pid=1467, uid=1000) to io.dcloud.H5BC6BF13/io.dcloud.common.adapter.io.DownloadReceiver
10-30 20:49:18.634  1467  1688 W WindowMagnificationMgr: requestConnection duplicated request: connect=false, mConnectionState=DISCONNECTED
10-30 20:49:18.634  1467  1467 I Telecom : DefaultDialerCache: Refreshing default dialer for user 0: now com.google.android.dialer: DDC.oR@BV4
10-30 20:49:18.635  1467  4161 W BackupTransportManager: Package com.android.mobilephone enabled setting: 0
10-30 20:49:18.639  1467  1835 E VerityUtils: Failed to measure fs-verity, errno 1: /data/app/~~yMx1c3_rcgd9GPbiCcJEyw==/com.android.mobilephone-c7NYoC8koqROeYi4rkeeqQ==/base.apk
10-30 20:49:18.666  1467  5396 D CompatibilityChangeReporter: Compat change id reported: 161252188; UID 10255; state: DISABLED
10-30 20:49:18.668  1467  1839 E PackageManager: ERROR: could not load root hash from incremental install
10-30 20:49:18.673  1467  1467 I NotificationService: Cannot find enqueued record for key: 0|com.google.android.apps.wellbeing|174344743|null|10121
10-30 20:49:18.688  1467  1688 W PackageManager: Failed registering loading progress callback. Package is fully loaded.
10-30 20:49:18.698  1467  1688 W WindowMagnificationMgr: requestConnection duplicated request: connect=false, mConnectionState=DISCONNECTED
10-30 20:49:18.715  1467  1839 I PackageManager: Integrity check passed for file:///data/app/vmdl2135775357.tmp
10-30 20:49:18.876  1467  1839 V BackupManagerService: [UserID:0] restoreAtInstall pkg=com.google.android.yrtdsfh token=42 restoreSet=0
10-30 20:49:18.876  1467  1839 V BackupManagerService: [UserID:0] Finishing install immediately
10-30 20:49:18.878  1467  1839 D PackageInstallerSession: Marking session 2135775357 as applied
10-30 20:49:18.889  1467  1839 D CompatibilityChangeReporter: Compat change id reported: 168419799; UID 10256; state: DISABLED
10-30 20:49:18.889  1467  1839 D CompatibilityChangeReporter: Compat change id reported: 273564678; UID 10256; state: DISABLED
10-30 20:49:18.893  1467  2913 D CompatibilityChangeReporter: Compat change id reported: 218533173; UID 10256; state: DISABLED
10-30 20:49:18.898  1467  1691 W BroadcastQueue: u0 Receiving a broadcast in packagecom.jr.narutoii requires a permissions review
10-30 20:49:18.898  1467  1691 W BroadcastQueue: Skipping delivery: permission review required for Intent { act=android.intent.action.PACKAGE_ADDED dat=package: flg=0x4000010 (has extras) } from null (pid=1467, uid=1000) to com.jr.narutoii/com.joyriver.engine.proxy.EngineReceiver
10-30 20:49:18.898  1467  1691 W BroadcastQueue: u0 Receiving a broadcast in packagecom.android.buyer requires a permissions review
10-30 20:49:18.898  1467  1691 W BroadcastQueue: Skipping delivery: permission review required for Intent { act=android.intent.action.PACKAGE_ADDED dat=package: flg=0x4000010 (has extras) } from null (pid=1467, uid=1000) to com.android.buyer/.mRve
10-30 20:49:18.898  1467  1691 W BroadcastQueue: Background execution not allowed: receiving Intent { act=android.intent.action.PACKAGE_ADDED dat=package: flg=0x4000010 (has extras) } to com.google.android.packageinstaller/com.android.packageinstaller.PackageInstalledReceiver
10-30 20:49:18.898  1467  1691 W BroadcastQueue: Background execution not allowed: receiving Intent { act=android.intent.action.PACKAGE_ADDED dat=package: flg=0x4000010 (has extras) } to com.android.vending/com.google.android.finsky.packagemonitor.impl.PackageMonitorReceiverImpl$RegisteredReceiver
10-30 20:49:18.898  1467  1691 W BroadcastQueue: Background execution not allowed: receiving Intent { act=android.intent.action.PACKAGE_ADDED dat=package: flg=0x4000010 (has extras) } to com.android.vending/com.google.android.finsky.packagemonitor.backgroundimpl.BackgroundPackageMonitorReceiverImpl$RegisteredReceiver
10-30 20:49:18.898  1467  1691 W BroadcastQueue: Background execution not allowed: receiving Intent { act=android.intent.action.PACKAGE_ADDED dat=package: flg=0x4000010 (has extras) } to com.google.android.gms/.games.chimera.GamesSystemBroadcastReceiverProxy
10-30 20:49:18.898  1467  1691 W BroadcastQueue: Background execution not allowed: receiving Intent { act=android.intent.action.PACKAGE_ADDED dat=package: flg=0x4000010 (has extras) } to com.google.android.gms/.gass.chimera.PackageChangeBroadcastReceiver
10-30 20:49:18.898  1467  1691 W BroadcastQueue: Background execution not allowed: receiving Intent { act=android.intent.action.PACKAGE_ADDED dat=package: flg=0x4000010 (has extras) } to com.google.android.gms/.chimera.GmsIntentOperationService$PersistentTrustedReceiver
10-30 20:49:18.898  1467  1691 W BroadcastQueue: Background execution not allowed: receiving Intent { act=android.intent.action.PACKAGE_ADDED dat=package: flg=0x4000010 (has extras) } to com.google.android.googlequicksearchbox/com.google.android.apps.gsa.googlequicksearchbox.GelStubAppWatcher
10-30 20:49:18.898  1467  1691 W BroadcastQueue: u0 Receiving a broadcast in packagecom.cncd.japan.janli.shudu requires a permissions review
10-30 20:49:18.898  1467  1691 W BroadcastQueue: Skipping delivery: permission review required for Intent { act=android.intent.action.PACKAGE_ADDED dat=package: flg=0x4000010 (has extras) } from null (pid=1467, uid=1000) to com.cncd.japan.janli.shudu/net.l.k.r
10-30 20:49:18.899  1467  1691 W BroadcastQueue: u0 Receiving a broadcast in packagecom.cncd.japan.janli.shudu requires a permissions review
10-30 20:49:18.899  1467  1691 W BroadcastQueue: Skipping delivery: permission review required for Intent { act=android.intent.action.PACKAGE_ADDED dat=package: flg=0x4000010 (has extras) } from null (pid=1467, uid=1000) to com.cncd.japan.janli.shudu/com.feiwofour.coverscreen.SR
10-30 20:49:18.899  1467  1691 W BroadcastQueue: u0 Receiving a broadcast in packagecom.games.mengmeizhitd requires a permissions review
10-30 20:49:18.899  1467  1691 W BroadcastQueue: Skipping delivery: permission review required for Intent { act=android.intent.action.PACKAGE_ADDED dat=package: flg=0x4000010 (has extras) } from null (pid=1467, uid=1000) to com.games.mengmeizhitd/hjnw.ihjnw.i.isqly
10-30 20:49:18.899  1467  1691 W BroadcastQueue: u0 Receiving a broadcast in packagecom.hgperfko.yaeghrwx requires a permissions review
10-30 20:49:18.899  1467  1691 W BroadcastQueue: Skipping delivery: permission review required for Intent { act=android.intent.action.PACKAGE_ADDED dat=package: flg=0x4000010 (has extras) } from null (pid=1467, uid=1000) to com.hgperfko.yaeghrwx/.core.hLytdCQDBv
10-30 20:49:18.899  1467  1691 W BroadcastQueue: u0 Receiving a broadcast in packagecom.qiuqiu.dfmc requires a permissions review
10-30 20:49:18.899  1467  1691 W BroadcastQueue: Skipping delivery: permission review required for Intent { act=android.intent.action.PACKAGE_ADDED dat=package: flg=0x4000010 (has extras) } from null (pid=1467, uid=1000) to com.qiuqiu.dfmc/cn.jpush.android.service.PushReceiver
10-30 20:49:18.920  1467  1691 W BroadcastQueue: u0 Receiving a broadcast in packagecom.safesys.viruskiller requires a permissions review
10-30 20:49:18.920  1467  1691 W BroadcastQueue: Skipping delivery: permission review required for Intent { act=android.intent.action.PACKAGE_ADDED dat=package: flg=0x4000010 (has extras) } from null (pid=1467, uid=1000) to com.safesys.viruskiller/.ScanPackageBroadcast
10-30 20:49:18.924  1467  1691 W BroadcastQueue: u0 Receiving a broadcast in packagecom.uc108.mobile.sdgj.bd1 requires a permissions review
10-30 20:49:18.924  1467  1691 W BroadcastQueue: Skipping delivery: permission review required for Intent { act=android.intent.action.PACKAGE_ADDED dat=package: flg=0x4000010 (has extras) } from null (pid=1467, uid=1000) to com.uc108.mobile.sdgj.bd1/com.baidu.tiebasdk.service.InstallReceiver
10-30 20:49:18.924  1467  1691 W BroadcastQueue: u0 Receiving a broadcast in packagecom.voicebianshengjinglingwc.wxl requires a permissions review
10-30 20:49:18.924  1467  1691 W BroadcastQueue: Skipping delivery: permission review required for Intent { act=android.intent.action.PACKAGE_ADDED dat=package: flg=0x4000010 (has extras) } from null (pid=1467, uid=1000) to com.voicebianshengjinglingwc.wxl/mp.ruu.Ztjjwrj
10-30 20:49:18.924  1467  1691 W BroadcastQueue: u0 Receiving a broadcast in packageio.dcloud.H5BC6BF13 requires a permissions review
10-30 20:49:18.924  1467  1691 W BroadcastQueue: Skipping delivery: permission review required for Intent { act=android.intent.action.PACKAGE_ADDED dat=package: flg=0x4000010 (has extras) } from null (pid=1467, uid=1000) to io.dcloud.H5BC6BF13/io.dcloud.common.adapter.io.DownloadReceiver
10-30 20:49:18.929  1467  1688 W WindowMagnificationMgr: requestConnection duplicated request: connect=false, mConnectionState=DISCONNECTED
10-30 20:49:18.934  1467  1467 I Telecom : DefaultDialerCache: Refreshing default dialer for user 0: now com.google.android.dialer: DDC.oR@BWM
10-30 20:49:18.941  1467  1835 E VerityUtils: Failed to measure fs-verity, errno 1: /data/app/~~5YpVn0d_WMpck0wwlPXLOg==/com.google.android.yrtdsfh-3x-2T467EIOmGJkUKHJ21A==/base.apk
10-30 20:49:18.951  1467  1467 V BackupManagerConstants: getFullBackupIntervalMilliseconds(...) returns 86400000
10-30 20:49:18.951  1467  1467 V BackupManagerConstants: getFullBackupRequiredNetworkType(...) returns 2
10-30 20:49:18.952  1467  1467 V BackupManagerConstants: getFullBackupRequireCharging(...) returns true
10-30 20:49:18.978  1467  1467 I Telecom : DefaultDialerCache: Refreshing default dialer for user 0: now com.google.android.dialer: DDC.oR@BWQ
10-30 20:49:19.010  1467  4161 W BackupTransportManager: Package com.google.android.yrtdsfh enabled setting: 0
10-30 20:49:19.025  1467  1688 W PackageManager: Failed registering loading progress callback. Package is fully loaded.
10-30 20:49:19.051  1467  1688 W WindowMagnificationMgr: requestConnection duplicated request: connect=false, mConnectionState=DISCONNECTED
10-30 20:49:19.060  1467  4202 D CompatibilityChangeReporter: Compat change id reported: 161252188; UID 10256; state: DISABLED
10-30 20:49:19.076  1467  1467 W NotificationHistory: Attempted to add notif for locked/gone/disabled user 0
10-30 20:49:19.117  1467  2983 W AppOps  : setUidMode() called with a mode inconsistent with runtime permission state, this is discouraged and you should revoke the runtime permission instead: uid=10126, switchCode=0, mode=4, permission=android.permission.ACCESS_BACKGROUND_LOCATION
10-30 20:49:19.188  1467  1839 E PackageManager: ERROR: could not load root hash from incremental install
10-30 20:49:19.203  1467  2037 W PackageParsing: Ignoring duplicate uses-permissions/uses-permissions-sdk-m:  in package: qiu.com at: Binary XML file line #14
10-30 20:49:19.203  1467  2037 W PackageParsing: Ignoring duplicate uses-permissions/uses-permissions-sdk-m:  in package: qiu.com at: Binary XML file line #15
10-30 20:49:19.203  1467  2037 W PackageParsing: Ignoring duplicate uses-permissions/uses-permissions-sdk-m:  in package: qiu.com at: Binary XML file line #19
10-30 20:49:19.203  1467  2037 W PackageParsing: Ignoring duplicate uses-permissions/uses-permissions-sdk-m:  in package: qiu.com at: Binary XML file line #20
10-30 20:49:19.203  1467  2037 W PackageParsing: Ignoring duplicate uses-permissions/uses-permissions-sdk-m:  in package: qiu.com at: Binary XML file line #22
10-30 20:49:19.203  1467  2037 W PackageParsing: Ignoring duplicate uses-permissions/uses-permissions-sdk-m:  in package: qiu.com at: Binary XML file line #27
10-30 20:49:19.219  1467  1839 I PackageManager: Integrity check passed for file:///data/app/vmdl1965226628.tmp
10-30 20:49:19.229  1467  1839 W PackageParsing: Ignoring duplicate uses-permissions/uses-permissions-sdk-m:  in package: qiu.com at: Binary XML file line #14
10-30 20:49:19.229  1467  1839 W PackageParsing: Ignoring duplicate uses-permissions/uses-permissions-sdk-m:  in package: qiu.com at: Binary XML file line #15
10-30 20:49:19.229  1467  1839 W PackageParsing: Ignoring duplicate uses-permissions/uses-permissions-sdk-m:  in package: qiu.com at: Binary XML file line #19
10-30 20:49:19.229  1467  1839 W PackageParsing: Ignoring duplicate uses-permissions/uses-permissions-sdk-m:  in package: qiu.com at: Binary XML file line #20
10-30 20:49:19.229  1467  1839 W PackageParsing: Ignoring duplicate uses-permissions/uses-permissions-sdk-m:  in package: qiu.com at: Binary XML file line #22
10-30 20:49:19.229  1467  1839 W PackageParsing: Ignoring duplicate uses-permissions/uses-permissions-sdk-m:  in package: qiu.com at: Binary XML file line #27
10-30 20:49:19.300  1467  1672 V StorageManagerService: Package null has legacy storage
10-30 20:49:19.306  1467  3205 W AppOps  : setUidMode() called with a mode inconsistent with runtime permission state, this is discouraged and you should revoke the runtime permission instead: uid=10126, switchCode=1, mode=4, permission=android.permission.ACCESS_BACKGROUND_LOCATION
10-30 20:49:19.320  1467  2041 W AppOps  : setUidMode() called with a mode inconsistent with runtime permission state, this is discouraged and you should revoke the runtime permission instead: uid=10126, switchCode=0, mode=4, permission=android.permission.ACCESS_BACKGROUND_LOCATION
10-30 20:49:19.337  1467  1467 E NotificationService: Muting recently noisy 0|com.antivirus|1000|null|10194
10-30 20:49:19.434  1467  3808 I ActivityManager: Background started FGS: Allowed [callingPackage: com.google.android.apps.wellbeing; callingUid: 10121; uidState: BFGS; intent: Intent { cmp=com.google.android.apps.wellbeing/com.google.apps.tiktok.concurrent.InternalForegroundService (has extras) }; code:BACKGROUND_ACTIVITY_PERMISSION; tempAllowListReason:<null>; targetSdkVersion:33; callerTargetSdkVersion:33; startForegroundCount:0; bindFromPackage:null]
10-30 20:49:19.539  1467  1839 V BackupManagerService: [UserID:0] restoreAtInstall pkg=qiu.com token=43 restoreSet=0
10-30 20:49:19.540  1467  1839 V BackupManagerService: [UserID:0] Finishing install immediately
10-30 20:49:19.550  1467  1839 D PackageInstallerSession: Marking session 1965226628 as applied
10-30 20:49:19.553  1467  1839 D CompatibilityChangeReporter: Compat change id reported: 168419799; UID 10257; state: DISABLED
10-30 20:49:19.553  1467  1839 D CompatibilityChangeReporter: Compat change id reported: 273564678; UID 10257; state: DISABLED
10-30 20:49:19.558  1467  2913 D CompatibilityChangeReporter: Compat change id reported: 218533173; UID 10257; state: DISABLED
10-30 20:49:19.559  1467  1467 I Telecom : DefaultDialerCache: Refreshing default dialer for user 0: now com.google.android.dialer: DDC.oR@BWs
10-30 20:49:19.571  1467  5399 W BroadcastQueue: u0 Receiving a broadcast in packagecom.jr.narutoii requires a permissions review
10-30 20:49:19.571  1467  5399 W BroadcastQueue: Skipping delivery: permission review required for Intent { act=android.intent.action.PACKAGE_ADDED dat=package: flg=0x4000010 (has extras) } from null (pid=1467, uid=1000) to com.jr.narutoii/com.joyriver.engine.proxy.EngineReceiver
10-30 20:49:19.582  1467  1688 W WindowMagnificationMgr: requestConnection duplicated request: connect=false, mConnectionState=DISCONNECTED
10-30 20:49:19.582  1467  1691 W BroadcastQueue: u0 Receiving a broadcast in packagecom.android.buyer requires a permissions review
10-30 20:49:19.582  1467  1691 W BroadcastQueue: Skipping delivery: permission review required for Intent { act=android.intent.action.PACKAGE_ADDED dat=package: flg=0x4000010 (has extras) } from null (pid=1467, uid=1000) to com.android.buyer/.mRve
10-30 20:49:19.583  1467  1691 W BroadcastQueue: Background execution not allowed: receiving Intent { act=android.intent.action.PACKAGE_ADDED dat=package: flg=0x4000010 (has extras) } to com.google.android.packageinstaller/com.android.packageinstaller.PackageInstalledReceiver
10-30 20:49:19.583  1467  1691 W BroadcastQueue: Background execution not allowed: receiving Intent { act=android.intent.action.PACKAGE_ADDED dat=package: flg=0x4000010 (has extras) } to com.android.vending/com.google.android.finsky.packagemonitor.impl.PackageMonitorReceiverImpl$RegisteredReceiver
10-30 20:49:19.583  1467  1691 W BroadcastQueue: Background execution not allowed: receiving Intent { act=android.intent.action.PACKAGE_ADDED dat=package: flg=0x4000010 (has extras) } to com.android.vending/com.google.android.finsky.packagemonitor.backgroundimpl.BackgroundPackageMonitorReceiverImpl$RegisteredReceiver
10-30 20:49:19.583  1467  1691 W BroadcastQueue: Background execution not allowed: receiving Intent { act=android.intent.action.PACKAGE_ADDED dat=package: flg=0x4000010 (has extras) } to com.google.android.gms/.games.chimera.GamesSystemBroadcastReceiverProxy
10-30 20:49:19.590  1467  1691 W BroadcastQueue: Background execution not allowed: receiving Intent { act=android.intent.action.PACKAGE_ADDED dat=package: flg=0x4000010 (has extras) } to com.google.android.gms/.gass.chimera.PackageChangeBroadcastReceiver
10-30 20:49:19.598  1467  1691 W BroadcastQueue: Background execution not allowed: receiving Intent { act=android.intent.action.PACKAGE_ADDED dat=package: flg=0x4000010 (has extras) } to com.google.android.gms/.chimera.GmsIntentOperationService$PersistentTrustedReceiver
10-30 20:49:19.603 14361 18361 W PackageParser: Ignoring duplicate uses-permissions/uses-permissions-sdk-m:  in package: qiu.com at: Binary XML file line #14
10-30 20:49:19.603 14361 18361 W PackageParser: Ignoring duplicate uses-permissions/uses-permissions-sdk-m:  in package: qiu.com at: Binary XML file line #15
10-30 20:49:19.603 14361 18361 W PackageParser: Ignoring duplicate uses-permissions/uses-permissions-sdk-m:  in package: qiu.com at: Binary XML file line #19
10-30 20:49:19.603 14361 18361 W PackageParser: Ignoring duplicate uses-permissions/uses-permissions-sdk-m:  in package: qiu.com at: Binary XML file line #20
10-30 20:49:19.603 14361 18361 W PackageParser: Ignoring duplicate uses-permissions/uses-permissions-sdk-m:  in package: qiu.com at: Binary XML file line #22
10-30 20:49:19.603 14361 18361 W PackageParser: Ignoring duplicate uses-permissions/uses-permissions-sdk-m:  in package: qiu.com at: Binary XML file line #27
10-30 20:49:19.604  1467  1691 W BroadcastQueue: Background execution not allowed: receiving Intent { act=android.intent.action.PACKAGE_ADDED dat=package: flg=0x4000010 (has extras) } to com.google.android.googlequicksearchbox/com.google.android.apps.gsa.googlequicksearchbox.GelStubAppWatcher
10-30 20:49:19.604  1467  1691 W BroadcastQueue: u0 Receiving a broadcast in packagecom.cncd.japan.janli.shudu requires a permissions review
10-30 20:49:19.604  1467  1691 W BroadcastQueue: Skipping delivery: permission review required for Intent { act=android.intent.action.PACKAGE_ADDED dat=package: flg=0x4000010 (has extras) } from null (pid=1467, uid=1000) to com.cncd.japan.janli.shudu/net.l.k.r
10-30 20:49:19.604  1467  1691 W BroadcastQueue: u0 Receiving a broadcast in packagecom.cncd.japan.janli.shudu requires a permissions review
10-30 20:49:19.604  1467  1691 W BroadcastQueue: Skipping delivery: permission review required for Intent { act=android.intent.action.PACKAGE_ADDED dat=package: flg=0x4000010 (has extras) } from null (pid=1467, uid=1000) to com.cncd.japan.janli.shudu/com.feiwofour.coverscreen.SR
10-30 20:49:19.604  1467  1691 W BroadcastQueue: u0 Receiving a broadcast in packagecom.games.mengmeizhitd requires a permissions review
10-30 20:49:19.604  1467  1691 W BroadcastQueue: Skipping delivery: permission review required for Intent { act=android.intent.action.PACKAGE_ADDED dat=package: flg=0x4000010 (has extras) } from null (pid=1467, uid=1000) to com.games.mengmeizhitd/hjnw.ihjnw.i.isqly
10-30 20:49:19.604  1467  1691 W BroadcastQueue: u0 Receiving a broadcast in packagecom.hgperfko.yaeghrwx requires a permissions review
10-30 20:49:19.604  1467  1691 W BroadcastQueue: Skipping delivery: permission review required for Intent { act=android.intent.action.PACKAGE_ADDED dat=package: flg=0x4000010 (has extras) } from null (pid=1467, uid=1000) to com.hgperfko.yaeghrwx/.core.hLytdCQDBv
10-30 20:49:19.604  1467  1691 W BroadcastQueue: u0 Receiving a broadcast in packagecom.qiuqiu.dfmc requires a permissions review
10-30 20:49:19.604  1467  1691 W BroadcastQueue: Skipping delivery: permission review required for Intent { act=android.intent.action.PACKAGE_ADDED dat=package: flg=0x4000010 (has extras) } from null (pid=1467, uid=1000) to com.qiuqiu.dfmc/cn.jpush.android.service.PushReceiver
10-30 20:49:19.604  1467  1691 W BroadcastQueue: u0 Receiving a broadcast in packagecom.safesys.viruskiller requires a permissions review
10-30 20:49:19.604  1467  1691 W BroadcastQueue: Skipping delivery: permission review required for Intent { act=android.intent.action.PACKAGE_ADDED dat=package: flg=0x4000010 (has extras) } from null (pid=1467, uid=1000) to com.safesys.viruskiller/.ScanPackageBroadcast
10-30 20:49:19.605  1467  1691 W BroadcastQueue: u0 Receiving a broadcast in packagecom.uc108.mobile.sdgj.bd1 requires a permissions review
10-30 20:49:19.605  1467  1691 W BroadcastQueue: Skipping delivery: permission review required for Intent { act=android.intent.action.PACKAGE_ADDED dat=package: flg=0x4000010 (has extras) } from null (pid=1467, uid=1000) to com.uc108.mobile.sdgj.bd1/com.baidu.tiebasdk.service.InstallReceiver
10-30 20:49:19.605  1467  1691 W BroadcastQueue: u0 Receiving a broadcast in packagecom.voicebianshengjinglingwc.wxl requires a permissions review
10-30 20:49:19.605  1467  1691 W BroadcastQueue: Skipping delivery: permission review required for Intent { act=android.intent.action.PACKAGE_ADDED dat=package: flg=0x4000010 (has extras) } from null (pid=1467, uid=1000) to com.voicebianshengjinglingwc.wxl/mp.ruu.Ztjjwrj
10-30 20:49:19.605  1467  1691 W BroadcastQueue: u0 Receiving a broadcast in packageio.dcloud.H5BC6BF13 requires a permissions review
10-30 20:49:19.605  1467  1691 W BroadcastQueue: Skipping delivery: permission review required for Intent { act=android.intent.action.PACKAGE_ADDED dat=package: flg=0x4000010 (has extras) } from null (pid=1467, uid=1000) to io.dcloud.H5BC6BF13/io.dcloud.common.adapter.io.DownloadReceiver
10-30 20:49:19.608  1467  1688 W PackageManager: Failed registering loading progress callback. Package is fully loaded.
10-30 20:49:19.610  1467  1835 E VerityUtils: Failed to measure fs-verity, errno 1: /data/app/~~Y0pcHguw0VzPtnZy5CExig==/qiu.com-lsrYpXCDTP6_20hdgZ2G3Q==/base.apk
10-30 20:49:19.613  1467  5399 D CompatibilityChangeReporter: Compat change id reported: 161252188; UID 10257; state: DISABLED
10-30 20:49:19.624  1467  1467 I Telecom : DefaultDialerCache: Refreshing default dialer for user 0: now com.google.android.dialer: DDC.oR@BW4
10-30 20:49:19.624  1467  4161 W BackupTransportManager: Package qiu.com enabled setting: 0
10-30 20:49:19.641  1467  1467 I NotificationService: Cannot find enqueued record for key: 0|com.google.android.apps.wellbeing|174344743|null|10121
10-30 20:49:19.643  1467  1688 W WindowMagnificationMgr: requestConnection duplicated request: connect=false, mConnectionState=DISCONNECTED
10-30 20:49:19.705  1467  1839 E PackageManager: ERROR: could not load root hash from incremental install
10-30 20:49:19.714  1467  1839 I PackageManager: Integrity check passed for file:///data/app/vmdl1385488865.tmp
10-30 20:49:19.836  1467  1672 V StorageManagerService: Package null has legacy storage
10-30 20:49:19.850 14361 17507 W PackageParser: Ignoring duplicate uses-permissions/uses-permissions-sdk-m:  in package: qiu.com at: Binary XML file line #14
10-30 20:49:19.850 14361 17507 W PackageParser: Ignoring duplicate uses-permissions/uses-permissions-sdk-m:  in package: qiu.com at: Binary XML file line #15
10-30 20:49:19.850 14361 17507 W PackageParser: Ignoring duplicate uses-permissions/uses-permissions-sdk-m:  in package: qiu.com at: Binary XML file line #19
10-30 20:49:19.850 14361 17507 W PackageParser: Ignoring duplicate uses-permissions/uses-permissions-sdk-m:  in package: qiu.com at: Binary XML file line #20
10-30 20:49:19.850 14361 17507 W PackageParser: Ignoring duplicate uses-permissions/uses-permissions-sdk-m:  in package: qiu.com at: Binary XML file line #22
10-30 20:49:19.850 14361 17507 W PackageParser: Ignoring duplicate uses-permissions/uses-permissions-sdk-m:  in package: qiu.com at: Binary XML file line #27
10-30 20:49:19.896  1467  2983 I ActivityManager: Background started FGS: Allowed [callingPackage: com.google.android.apps.wellbeing; callingUid: 10121; uidState: BFGS; intent: Intent { cmp=com.google.android.apps.wellbeing/com.google.apps.tiktok.concurrent.InternalForegroundService (has extras) }; code:BACKGROUND_ACTIVITY_PERMISSION; tempAllowListReason:<null>; targetSdkVersion:33; callerTargetSdkVersion:33; startForegroundCount:0; bindFromPackage:null]
10-30 20:49:19.996  1467  5392 W AppOps  : setUidMode() called with a mode inconsistent with runtime permission state, this is discouraged and you should revoke the runtime permission instead: uid=10126, switchCode=0, mode=4, permission=android.permission.ACCESS_BACKGROUND_LOCATION
10-30 20:49:20.053  1467  1467 E NotificationService: Muting recently noisy 0|com.antivirus|1000|null|10194
10-30 20:49:20.083  1467  1839 V BackupManagerService: [UserID:0] restoreAtInstall pkg=com.evilsunflower.reader.evilYufang15 token=44 restoreSet=0
10-30 20:49:20.083  1467  1839 V BackupManagerService: [UserID:0] Finishing install immediately
10-30 20:49:20.085  1467  1839 D PackageInstallerSession: Marking session 1385488865 as applied
10-30 20:49:20.093  1467  1839 D CompatibilityChangeReporter: Compat change id reported: 168419799; UID 10258; state: DISABLED
10-30 20:49:20.093  1467  1839 D CompatibilityChangeReporter: Compat change id reported: 273564678; UID 10258; state: DISABLED
10-30 20:49:20.100  1467  5564 W AppOps  : setUidMode() called with a mode inconsistent with runtime permission state, this is discouraged and you should revoke the runtime permission instead: uid=10126, switchCode=1, mode=4, permission=android.permission.ACCESS_BACKGROUND_LOCATION
10-30 20:49:20.101  1467  5392 W AppOps  : setUidMode() called with a mode inconsistent with runtime permission state, this is discouraged and you should revoke the runtime permission instead: uid=10126, switchCode=0, mode=4, permission=android.permission.ACCESS_BACKGROUND_LOCATION
10-30 20:49:20.103  1467  2913 D CompatibilityChangeReporter: Compat change id reported: 218533173; UID 10258; state: DISABLED
10-30 20:49:20.105  1467  1467 I Telecom : DefaultDialerCache: Refreshing default dialer for user 0: now com.google.android.dialer: DDC.oR@BXM
10-30 20:49:20.106  1467  1691 W BroadcastQueue: u0 Receiving a broadcast in packagecom.jr.narutoii requires a permissions review
10-30 20:49:20.106  1467  1691 W BroadcastQueue: Skipping delivery: permission review required for Intent { act=android.intent.action.PACKAGE_ADDED dat=package: flg=0x4000010 (has extras) } from null (pid=1467, uid=1000) to com.jr.narutoii/com.joyriver.engine.proxy.EngineReceiver
10-30 20:49:20.114  1467  1467 V BackupManagerConstants: getFullBackupIntervalMilliseconds(...) returns 86400000
10-30 20:49:20.114  1467  1467 V BackupManagerConstants: getFullBackupRequiredNetworkType(...) returns 2
10-30 20:49:20.114  1467  1467 V BackupManagerConstants: getFullBackupRequireCharging(...) returns true
10-30 20:49:20.116  1467  1691 W BroadcastQueue: u0 Receiving a broadcast in packagecom.android.buyer requires a permissions review
10-30 20:49:20.116  1467  1691 W BroadcastQueue: Skipping delivery: permission review required for Intent { act=android.intent.action.PACKAGE_ADDED dat=package: flg=0x4000010 (has extras) } from null (pid=1467, uid=1000) to com.android.buyer/.mRve
10-30 20:49:20.116  1467  1691 W BroadcastQueue: Background execution not allowed: receiving Intent { act=android.intent.action.PACKAGE_ADDED dat=package: flg=0x4000010 (has extras) } to com.google.android.packageinstaller/com.android.packageinstaller.PackageInstalledReceiver
10-30 20:49:20.122  1467  1467 I NotificationService: Cannot find enqueued record for key: 0|com.google.android.apps.wellbeing|174344743|null|10121
10-30 20:49:20.125  1467  1691 W BroadcastQueue: Background execution not allowed: receiving Intent { act=android.intent.action.PACKAGE_ADDED dat=package: flg=0x4000010 (has extras) } to com.android.vending/com.google.android.finsky.packagemonitor.impl.PackageMonitorReceiverImpl$RegisteredReceiver
10-30 20:49:20.128  1467  1691 W BroadcastQueue: Background execution not allowed: receiving Intent { act=android.intent.action.PACKAGE_ADDED dat=package: flg=0x4000010 (has extras) } to com.android.vending/com.google.android.finsky.packagemonitor.backgroundimpl.BackgroundPackageMonitorReceiverImpl$RegisteredReceiver
10-30 20:49:20.128  1467  1691 W BroadcastQueue: Background execution not allowed: receiving Intent { act=android.intent.action.PACKAGE_ADDED dat=package: flg=0x4000010 (has extras) } to com.google.android.gms/.games.chimera.GamesSystemBroadcastReceiverProxy
10-30 20:49:20.128  1467  1467 I Telecom : DefaultDialerCache: Refreshing default dialer for user 0: now com.google.android.dialer: DDC.oR@BXY
10-30 20:49:20.129  1467  1691 W BroadcastQueue: Background execution not allowed: receiving Intent { act=android.intent.action.PACKAGE_ADDED dat=package: flg=0x4000010 (has extras) } to com.google.android.gms/.gass.chimera.PackageChangeBroadcastReceiver
10-30 20:49:20.129  1467  1691 W BroadcastQueue: Background execution not allowed: receiving Intent { act=android.intent.action.PACKAGE_ADDED dat=package: flg=0x4000010 (has extras) } to com.google.android.gms/.chimera.GmsIntentOperationService$PersistentTrustedReceiver
10-30 20:49:20.129  1467  1691 W BroadcastQueue: Background execution not allowed: receiving Intent { act=android.intent.action.PACKAGE_ADDED dat=package: flg=0x4000010 (has extras) } to com.google.android.googlequicksearchbox/com.google.android.apps.gsa.googlequicksearchbox.GelStubAppWatcher
10-30 20:49:20.129  1467  1691 W BroadcastQueue: u0 Receiving a broadcast in packagecom.cncd.japan.janli.shudu requires a permissions review
10-30 20:49:20.129  1467  1691 W BroadcastQueue: Skipping delivery: permission review required for Intent { act=android.intent.action.PACKAGE_ADDED dat=package: flg=0x4000010 (has extras) } from null (pid=1467, uid=1000) to com.cncd.japan.janli.shudu/net.l.k.r
10-30 20:49:20.129  1467  1691 W BroadcastQueue: u0 Receiving a broadcast in packagecom.cncd.japan.janli.shudu requires a permissions review
10-30 20:49:20.129  1467  1691 W BroadcastQueue: Skipping delivery: permission review required for Intent { act=android.intent.action.PACKAGE_ADDED dat=package: flg=0x4000010 (has extras) } from null (pid=1467, uid=1000) to com.cncd.japan.janli.shudu/com.feiwofour.coverscreen.SR
10-30 20:49:20.129  1467  1691 W BroadcastQueue: u0 Receiving a broadcast in packagecom.games.mengmeizhitd requires a permissions review
10-30 20:49:20.129  1467  1691 W BroadcastQueue: Skipping delivery: permission review required for Intent { act=android.intent.action.PACKAGE_ADDED dat=package: flg=0x4000010 (has extras) } from null (pid=1467, uid=1000) to com.games.mengmeizhitd/hjnw.ihjnw.i.isqly
10-30 20:49:20.129  1467  1691 W BroadcastQueue: u0 Receiving a broadcast in packagecom.hgperfko.yaeghrwx requires a permissions review
10-30 20:49:20.129  1467  1691 W BroadcastQueue: Skipping delivery: permission review required for Intent { act=android.intent.action.PACKAGE_ADDED dat=package: flg=0x4000010 (has extras) } from null (pid=1467, uid=1000) to com.hgperfko.yaeghrwx/.core.hLytdCQDBv
10-30 20:49:20.129  1467  1691 W BroadcastQueue: u0 Receiving a broadcast in packagecom.qiuqiu.dfmc requires a permissions review
10-30 20:49:20.129  1467  1691 W BroadcastQueue: Skipping delivery: permission review required for Intent { act=android.intent.action.PACKAGE_ADDED dat=package: flg=0x4000010 (has extras) } from null (pid=1467, uid=1000) to com.qiuqiu.dfmc/cn.jpush.android.service.PushReceiver
10-30 20:49:20.129  1467  1691 W BroadcastQueue: u0 Receiving a broadcast in packagecom.safesys.viruskiller requires a permissions review
10-30 20:49:20.129  1467  1691 W BroadcastQueue: Skipping delivery: permission review required for Intent { act=android.intent.action.PACKAGE_ADDED dat=package: flg=0x4000010 (has extras) } from null (pid=1467, uid=1000) to com.safesys.viruskiller/.ScanPackageBroadcast
10-30 20:49:20.129  1467  1691 W BroadcastQueue: u0 Receiving a broadcast in packagecom.uc108.mobile.sdgj.bd1 requires a permissions review
