11-01 22:08:11.059  1446  4225 I ActivityManager: Background started FGS: Allowed [callingPackage: com.google.android.apps.wellbeing; callingUid: 10121; uidState: BFGS; intent: Intent { cmp=com.google.android.apps.wellbeing/com.google.apps.tiktok.concurrent.InternalForegroundService (has extras) }; code:BACKGROUND_ACTIVITY_PERMISSION; tempAllowListReason:<null>; targetSdkVersion:33; callerTargetSdkVersion:33; startForegroundCount:0; bindFromPackage:null]
11-01 22:08:11.061  1446  1658 W Looper  : Drained
11-01 22:08:11.269  1446  1446 I NotificationService: Cannot find enqueued record for key: 0|com.google.android.apps.wellbeing|174344743|null|10121
11-01 22:08:11.286  1446  1847 V BackupManagerService: [UserID:0] restoreAtInstall pkg=com.yoojar.zlsg.baidu token=4f restoreSet=0
11-01 22:08:11.286  1446  1847 V BackupManagerService: [UserID:0] Finishing install immediately
11-01 22:08:11.295  1446  1847 D PackageInstallerSession: Marking session 1040023012 as applied
11-01 22:08:11.302  1446  1847 D CompatibilityChangeReporter: Compat change id reported: 168419799; UID 10260; state: DISABLED
11-01 22:08:11.302  1446  1847 D CompatibilityChangeReporter: Compat change id reported: 273564678; UID 10260; state: DISABLED
11-01 22:08:11.307  1446  1677 W BroadcastQueue: u0 Receiving a broadcast in packagecom.jr.narutoii requires a permissions review
11-01 22:08:11.307  1446  1677 W BroadcastQueue: Skipping delivery: permission review required for Intent { act=android.intent.action.PACKAGE_ADDED dat=package: flg=0x4000010 (has extras) } from null (pid=1446, uid=1000) to com.jr.narutoii/com.joyriver.engine.proxy.EngineReceiver
11-01 22:08:11.307  1446  1677 W BroadcastQueue: u0 Receiving a broadcast in packagecom.android.buyer requires a permissions review
11-01 22:08:11.307  1446  1677 W BroadcastQueue: Skipping delivery: permission review required for Intent { act=android.intent.action.PACKAGE_ADDED dat=package: flg=0x4000010 (has extras) } from null (pid=1446, uid=1000) to com.android.buyer/.mRve
11-01 22:08:11.307  1446  1677 W BroadcastQueue: Background execution not allowed: receiving Intent { act=android.intent.action.PACKAGE_ADDED dat=package: flg=0x4000010 (has extras) } to com.google.android.packageinstaller/com.android.packageinstaller.PackageInstalledReceiver
11-01 22:08:11.307  1446  1677 W BroadcastQueue: Background execution not allowed: receiving Intent { act=android.intent.action.PACKAGE_ADDED dat=package: flg=0x4000010 (has extras) } to com.android.vending/com.google.android.finsky.packagemonitor.impl.PackageMonitorReceiverImpl$RegisteredReceiver
11-01 22:08:11.307  1446  1677 W BroadcastQueue: Background execution not allowed: receiving Intent { act=android.intent.action.PACKAGE_ADDED dat=package: flg=0x4000010 (has extras) } to com.android.vending/com.google.android.finsky.packagemonitor.backgroundimpl.BackgroundPackageMonitorReceiverImpl$RegisteredReceiver
11-01 22:08:11.307  1446  1677 W BroadcastQueue: Background execution not allowed: receiving Intent { act=android.intent.action.PACKAGE_ADDED dat=package: flg=0x4000010 (has extras) } to com.google.android.gms/.games.chimera.GamesSystemBroadcastReceiverProxy
11-01 22:08:11.307  1446  1677 W BroadcastQueue: Background execution not allowed: receiving Intent { act=android.intent.action.PACKAGE_ADDED dat=package: flg=0x4000010 (has extras) } to com.google.android.gms/.gass.chimera.PackageChangeBroadcastReceiver
11-01 22:08:11.307  1446  1677 W BroadcastQueue: Background execution not allowed: receiving Intent { act=android.intent.action.PACKAGE_ADDED dat=package: flg=0x4000010 (has extras) } to com.google.android.gms/.chimera.GmsIntentOperationService$PersistentTrustedReceiver
11-01 22:08:11.307  1446  1677 W BroadcastQueue: Background execution not allowed: receiving Intent { act=android.intent.action.PACKAGE_ADDED dat=package: flg=0x4000010 (has extras) } to com.google.android.googlequicksearchbox/com.google.android.apps.gsa.googlequicksearchbox.GelStubAppWatcher
11-01 22:08:11.307  1446  1677 W BroadcastQueue: u0 Receiving a broadcast in packagecom.cncd.japan.janli.shudu requires a permissions review
11-01 22:08:11.308  1446  1677 W BroadcastQueue: Skipping delivery: permission review required for Intent { act=android.intent.action.PACKAGE_ADDED dat=package: flg=0x4000010 (has extras) } from null (pid=1446, uid=1000) to com.cncd.japan.janli.shudu/net.l.k.r
11-01 22:08:11.308  1446  1677 W BroadcastQueue: u0 Receiving a broadcast in packagecom.cncd.japan.janli.shudu requires a permissions review
11-01 22:08:11.308  1446  1677 W BroadcastQueue: Skipping delivery: permission review required for Intent { act=android.intent.action.PACKAGE_ADDED dat=package: flg=0x4000010 (has extras) } from null (pid=1446, uid=1000) to com.cncd.japan.janli.shudu/com.feiwofour.coverscreen.SR
11-01 22:08:11.308  1446  1677 W BroadcastQueue: u0 Receiving a broadcast in packagecom.games.mengmeizhitd requires a permissions review
11-01 22:08:11.308  1446  1677 W BroadcastQueue: Skipping delivery: permission review required for Intent { act=android.intent.action.PACKAGE_ADDED dat=package: flg=0x4000010 (has extras) } from null (pid=1446, uid=1000) to com.games.mengmeizhitd/hjnw.ihjnw.i.isqly
11-01 22:08:11.308  1446  1677 W BroadcastQueue: u0 Receiving a broadcast in packagecom.hgperfko.yaeghrwx requires a permissions review
11-01 22:08:11.308  1446  1677 W BroadcastQueue: Skipping delivery: permission review required for Intent { act=android.intent.action.PACKAGE_ADDED dat=package: flg=0x4000010 (has extras) } from null (pid=1446, uid=1000) to com.hgperfko.yaeghrwx/.core.hLytdCQDBv
11-01 22:08:11.308  1446  1677 W BroadcastQueue: u0 Receiving a broadcast in packagecom.qiuqiu.dfmc requires a permissions review
11-01 22:08:11.308  1446  1677 W BroadcastQueue: Skipping delivery: permission review required for Intent { act=android.intent.action.PACKAGE_ADDED dat=package: flg=0x4000010 (has extras) } from null (pid=1446, uid=1000) to com.qiuqiu.dfmc/cn.jpush.android.service.PushReceiver
11-01 22:08:11.308  1446  1677 W BroadcastQueue: u0 Receiving a broadcast in packagecom.safesys.viruskiller requires a permissions review
11-01 22:08:11.308  1446  1677 W BroadcastQueue: Skipping delivery: permission review required for Intent { act=android.intent.action.PACKAGE_ADDED dat=package: flg=0x4000010 (has extras) } from null (pid=1446, uid=1000) to com.safesys.viruskiller/.ScanPackageBroadcast
11-01 22:08:11.308  1446  1677 W BroadcastQueue: u0 Receiving a broadcast in packagecom.uc108.mobile.sdgj.bd1 requires a permissions review
11-01 22:08:11.308  1446  1677 W BroadcastQueue: Skipping delivery: permission review required for Intent { act=android.intent.action.PACKAGE_ADDED dat=package: flg=0x4000010 (has extras) } from null (pid=1446, uid=1000) to com.uc108.mobile.sdgj.bd1/com.baidu.tiebasdk.service.InstallReceiver
11-01 22:08:11.308  1446  1677 W BroadcastQueue: u0 Receiving a broadcast in packagecom.voicebianshengjinglingwc.wxl requires a permissions review
11-01 22:08:11.308  1446  1677 W BroadcastQueue: Skipping delivery: permission review required for Intent { act=android.intent.action.PACKAGE_ADDED dat=package: flg=0x4000010 (has extras) } from null (pid=1446, uid=1000) to com.voicebianshengjinglingwc.wxl/mp.ruu.Ztjjwrj
11-01 22:08:11.308  1446  1677 W BroadcastQueue: u0 Receiving a broadcast in packageio.dcloud.H5BC6BF13 requires a permissions review
11-01 22:08:11.308  1446  1677 W BroadcastQueue: Skipping delivery: permission review required for Intent { act=android.intent.action.PACKAGE_ADDED dat=package: flg=0x4000010 (has extras) } from null (pid=1446, uid=1000) to io.dcloud.H5BC6BF13/io.dcloud.common.adapter.io.DownloadReceiver
11-01 22:08:11.311  1446  1446 I Telecom : DefaultDialerCache: Refreshing default dialer for user 0: now com.google.android.dialer: DDC.oR@BIQ
11-01 22:08:11.321  1446  1446 V BackupManagerConstants: getFullBackupIntervalMilliseconds(...) returns 86400000
11-01 22:08:11.321  1446  1446 V BackupManagerConstants: getFullBackupRequiredNetworkType(...) returns 2
11-01 22:08:11.321  1446  1446 V BackupManagerConstants: getFullBackupRequireCharging(...) returns true
11-01 22:08:11.351  1446  1676 W WindowMagnificationMgr: requestConnection duplicated request: connect=false, mConnectionState=DISCONNECTED
11-01 22:08:11.365  1446  2004 D CompatibilityChangeReporter: Compat change id reported: 218533173; UID 10260; state: DISABLED
11-01 22:08:11.375  1446  5659 D CompatibilityChangeReporter: Compat change id reported: 161252188; UID 10260; state: DISABLED
11-01 22:08:11.377  1446  1446 I Telecom : DefaultDialerCache: Refreshing default dialer for user 0: now com.google.android.dialer: DDC.oR@BIU
11-01 22:08:11.392  1446  1843 E VerityUtils: Failed to measure fs-verity, errno 1: /data/app/~~Nh_vjrEUUikL47Nc0VyQ5A==/com.yoojar.zlsg.baidu-t63fy-eQI0o4vDvrvVl6dQ==/base.apk
11-01 22:08:11.410  1446  1676 W PackageManager: Failed registering loading progress callback. Package is fully loaded.
11-01 22:08:11.421  1446  1676 W WindowMagnificationMgr: requestConnection duplicated request: connect=false, mConnectionState=DISCONNECTED
11-01 22:08:11.478  1446  4162 W BackupTransportManager: Package com.yoojar.zlsg.baidu enabled setting: 0
11-01 22:08:11.537  1446  6869 W BroadcastQueue: u0 Receiving a broadcast in packagecom.yoojar.zlsg.baidu requires a permissions review
11-01 22:08:11.537  1446  6869 W BroadcastQueue: Skipping delivery: permission review required for Intent { act=android.intent.action.PACKAGE_CHANGED dat=package: flg=0x5000010 (has extras) } from null (pid=1446, uid=1000) to com.yoojar.zlsg.baidu/com.duoku.platform.download.broadcast.AppMonitorReceiver
11-01 22:08:11.759  1446  1847 E PackageManager: ERROR: could not load root hash from incremental install
11-01 22:08:11.763  1446  5659 I ActivityTaskManager: START u0 {flg=0x14000000 cmp=com.bitdefender.security/.antimalware.NotifyUserMalware (has extras)} from uid 10194
11-01 22:08:11.775  1446  2034 W PackageParsing: Ignoring duplicate uses-permissions/uses-permissions-sdk-m: android.permission.INTERNET in package: com.vbdcf54.d2b25 at: Binary XML file line #49
11-01 22:08:11.775  1446  2034 W PackageParsing: Ignoring duplicate uses-permissions/uses-permissions-sdk-m: android.permission.ACCESS_NETWORK_STATE in package: com.vbdcf54.d2b25 at: Binary XML file line #50
11-01 22:08:11.775  1446  2034 W PackageParsing: Ignoring duplicate uses-permissions/uses-permissions-sdk-m: android.permission.ACCESS_WIFI_STATE in package: com.vbdcf54.d2b25 at: Binary XML file line #51
11-01 22:08:11.775  1446  2034 W PackageParsing: Ignoring duplicate uses-permissions/uses-permissions-sdk-m: android.permission.READ_PHONE_STATE in package: com.vbdcf54.d2b25 at: Binary XML file line #52
11-01 22:08:11.775  1446  2034 W PackageParsing: Ignoring duplicate uses-permissions/uses-permissions-sdk-m: android.permission.WRITE_EXTERNAL_STORAGE in package: com.vbdcf54.d2b25 at: Binary XML file line #53
11-01 22:08:11.775  1446  2034 W PackageParsing: Ignoring duplicate uses-permissions/uses-permissions-sdk-m: android.permission.READ_PHONE_STATE in package: com.vbdcf54.d2b25 at: Binary XML file line #56
11-01 22:08:11.775  1446  2034 W PackageParsing: Ignoring duplicate uses-permissions/uses-permissions-sdk-m: android.permission.INTERNET in package: com.vbdcf54.d2b25 at: Binary XML file line #57
11-01 22:08:11.775  1446  2034 W PackageParsing: Ignoring duplicate uses-permissions/uses-permissions-sdk-m: android.permission.ACCESS_NETWORK_STATE in package: com.vbdcf54.d2b25 at: Binary XML file line #58
11-01 22:08:11.775  1446  2034 W PackageParsing: Ignoring duplicate uses-permissions/uses-permissions-sdk-m: android.permission.WRITE_EXTERNAL_STORAGE in package: com.vbdcf54.d2b25 at: Binary XML file line #59
11-01 22:08:11.775  1446  2034 W PackageParsing: Ignoring duplicate uses-permissions/uses-permissions-sdk-m: android.permission.GET_TASKS in package: com.vbdcf54.d2b25 at: Binary XML file line #61
11-01 22:08:11.789  1446  4228 W ActivityTaskManager: Tried to set launchTime (0) < mLastActivityLaunchTime (686889)
11-01 22:08:11.789  1446  1847 I PackageManager: Integrity check passed for file:///data/app/vmdl740687980.tmp
11-01 22:08:11.800  1446  1847 W PackageParsing: Ignoring duplicate uses-permissions/uses-permissions-sdk-m: android.permission.INTERNET in package: com.vbdcf54.d2b25 at: Binary XML file line #49
11-01 22:08:11.800  1446  1847 W PackageParsing: Ignoring duplicate uses-permissions/uses-permissions-sdk-m: android.permission.ACCESS_NETWORK_STATE in package: com.vbdcf54.d2b25 at: Binary XML file line #50
11-01 22:08:11.800  1446  1847 W PackageParsing: Ignoring duplicate uses-permissions/uses-permissions-sdk-m: android.permission.ACCESS_WIFI_STATE in package: com.vbdcf54.d2b25 at: Binary XML file line #51
11-01 22:08:11.800  1446  1847 W PackageParsing: Ignoring duplicate uses-permissions/uses-permissions-sdk-m: android.permission.READ_PHONE_STATE in package: com.vbdcf54.d2b25 at: Binary XML file line #52
11-01 22:08:11.800  1446  1847 W PackageParsing: Ignoring duplicate uses-permissions/uses-permissions-sdk-m: android.permission.WRITE_EXTERNAL_STORAGE in package: com.vbdcf54.d2b25 at: Binary XML file line #53
11-01 22:08:11.800  1446  1847 W PackageParsing: Ignoring duplicate uses-permissions/uses-permissions-sdk-m: android.permission.READ_PHONE_STATE in package: com.vbdcf54.d2b25 at: Binary XML file line #56
11-01 22:08:11.800  1446  1847 W PackageParsing: Ignoring duplicate uses-permissions/uses-permissions-sdk-m: android.permission.INTERNET in package: com.vbdcf54.d2b25 at: Binary XML file line #57
11-01 22:08:11.800  1446  1847 W PackageParsing: Ignoring duplicate uses-permissions/uses-permissions-sdk-m: android.permission.ACCESS_NETWORK_STATE in package: com.vbdcf54.d2b25 at: Binary XML file line #58
11-01 22:08:11.800  1446  1847 W PackageParsing: Ignoring duplicate uses-permissions/uses-permissions-sdk-m: android.permission.WRITE_EXTERNAL_STORAGE in package: com.vbdcf54.d2b25 at: Binary XML file line #59
11-01 22:08:11.800  1446  1847 W PackageParsing: Ignoring duplicate uses-permissions/uses-permissions-sdk-m: android.permission.GET_TASKS in package: com.vbdcf54.d2b25 at: Binary XML file line #61
11-01 22:08:11.829  1446  1847 I PackageManager: Permission ownership changed. Updating all permissions.
11-01 22:08:11.906  1446  9369 D CoreBackPreview: Window{a07f108 u0 com.bitdefender.security/com.bitdefender.security.antimalware.NotifyUserMalware}: Setting back callback OnBackInvokedCallbackInfo{mCallback=android.window.IOnBackInvokedCallback$Stub$Proxy@662230c, mPriority=0}
11-01 22:08:11.942  1446  4239 D CoreBackPreview: Window{d4a6c74 u0 com.bitdefender.security/com.bitdefender.security.antimalware.NotifyUserMalware}: Setting back callback null
11-01 22:08:11.982  1446  1658 V StorageManagerService: Package null has legacy storage
11-01 22:08:11.987  1446  1446 W NotificationHistory: Attempted to add notif for locked/gone/disabled user 0
11-01 22:08:12.098  1446  1847 V BackupManagerService: [UserID:0] restoreAtInstall pkg=com.vbdcf54.d2b25 token=50 restoreSet=0
11-01 22:08:12.099  1446  1847 V BackupManagerService: [UserID:0] Finishing install immediately
11-01 22:08:12.100  1446  1847 D PackageInstallerSession: Marking session 740687980 as applied
11-01 22:08:12.105  1446  1847 D CompatibilityChangeReporter: Compat change id reported: 168419799; UID 10261; state: DISABLED
11-01 22:08:12.105  1446  1847 D CompatibilityChangeReporter: Compat change id reported: 273564678; UID 10261; state: DISABLED
11-01 22:08:12.116  1446  1446 I Telecom : DefaultDialerCache: Refreshing default dialer for user 0: now com.google.android.dialer: DDC.oR@BIo
11-01 22:08:12.122  1446  4239 W BroadcastQueue: u0 Receiving a broadcast in packagecom.jr.narutoii requires a permissions review
11-01 22:08:12.122  1446  4239 W BroadcastQueue: Skipping delivery: permission review required for Intent { act=android.intent.action.PACKAGE_ADDED dat=package: flg=0x4000010 (has extras) } from null (pid=1446, uid=1000) to com.jr.narutoii/com.joyriver.engine.proxy.EngineReceiver
11-01 22:08:12.124  1446  1446 V BackupManagerConstants: getFullBackupIntervalMilliseconds(...) returns 86400000
11-01 22:08:12.125  1446  1446 V BackupManagerConstants: getFullBackupRequiredNetworkType(...) returns 2
11-01 22:08:12.125  1446  1446 V BackupManagerConstants: getFullBackupRequireCharging(...) returns true
11-01 22:08:12.127  1446  1677 W BroadcastQueue: u0 Receiving a broadcast in packagecom.android.buyer requires a permissions review
11-01 22:08:12.127  1446  1677 W BroadcastQueue: Skipping delivery: permission review required for Intent { act=android.intent.action.PACKAGE_ADDED dat=package: flg=0x4000010 (has extras) } from null (pid=1446, uid=1000) to com.android.buyer/.mRve
11-01 22:08:12.127  1446  1677 W BroadcastQueue: Background execution not allowed: receiving Intent { act=android.intent.action.PACKAGE_ADDED dat=package: flg=0x4000010 (has extras) } to com.google.android.packageinstaller/com.android.packageinstaller.PackageInstalledReceiver
11-01 22:08:12.127  1446  1677 W BroadcastQueue: Background execution not allowed: receiving Intent { act=android.intent.action.PACKAGE_ADDED dat=package: flg=0x4000010 (has extras) } to com.android.vending/com.google.android.finsky.packagemonitor.impl.PackageMonitorReceiverImpl$RegisteredReceiver
11-01 22:08:12.127  1446  1677 W BroadcastQueue: Background execution not allowed: receiving Intent { act=android.intent.action.PACKAGE_ADDED dat=package: flg=0x4000010 (has extras) } to com.android.vending/com.google.android.finsky.packagemonitor.backgroundimpl.BackgroundPackageMonitorReceiverImpl$RegisteredReceiver
11-01 22:08:12.127  1446  1677 W BroadcastQueue: Background execution not allowed: receiving Intent { act=android.intent.action.PACKAGE_ADDED dat=package: flg=0x4000010 (has extras) } to com.google.android.gms/.games.chimera.GamesSystemBroadcastReceiverProxy
11-01 22:08:12.127  1446  1677 W BroadcastQueue: Background execution not allowed: receiving Intent { act=android.intent.action.PACKAGE_ADDED dat=package: flg=0x4000010 (has extras) } to com.google.android.gms/.gass.chimera.PackageChangeBroadcastReceiver
11-01 22:08:12.127  1446  1677 W BroadcastQueue: Background execution not allowed: receiving Intent { act=android.intent.action.PACKAGE_ADDED dat=package: flg=0x4000010 (has extras) } to com.google.android.gms/.chimera.GmsIntentOperationService$PersistentTrustedReceiver
11-01 22:08:12.127  1446  1677 W BroadcastQueue: Background execution not allowed: receiving Intent { act=android.intent.action.PACKAGE_ADDED dat=package: flg=0x4000010 (has extras) } to com.google.android.googlequicksearchbox/com.google.android.apps.gsa.googlequicksearchbox.GelStubAppWatcher
11-01 22:08:12.127  1446  1677 W BroadcastQueue: u0 Receiving a broadcast in packagecom.cncd.japan.janli.shudu requires a permissions review
11-01 22:08:12.127  1446  1677 W BroadcastQueue: Skipping delivery: permission review required for Intent { act=android.intent.action.PACKAGE_ADDED dat=package: flg=0x4000010 (has extras) } from null (pid=1446, uid=1000) to com.cncd.japan.janli.shudu/net.l.k.r
11-01 22:08:12.127  1446  1677 W BroadcastQueue: u0 Receiving a broadcast in packagecom.cncd.japan.janli.shudu requires a permissions review
11-01 22:08:12.127  1446  1677 W BroadcastQueue: Skipping delivery: permission review required for Intent { act=android.intent.action.PACKAGE_ADDED dat=package: flg=0x4000010 (has extras) } from null (pid=1446, uid=1000) to com.cncd.japan.janli.shudu/com.feiwofour.coverscreen.SR
11-01 22:08:12.127  1446  1677 W BroadcastQueue: u0 Receiving a broadcast in packagecom.games.mengmeizhitd requires a permissions review
11-01 22:08:12.127  1446  1677 W BroadcastQueue: Skipping delivery: permission review required for Intent { act=android.intent.action.PACKAGE_ADDED dat=package: flg=0x4000010 (has extras) } from null (pid=1446, uid=1000) to com.games.mengmeizhitd/hjnw.ihjnw.i.isqly
11-01 22:08:12.128  1446  1677 W BroadcastQueue: u0 Receiving a broadcast in packagecom.hgperfko.yaeghrwx requires a permissions review
11-01 22:08:12.128  1446  1677 W BroadcastQueue: Skipping delivery: permission review required for Intent { act=android.intent.action.PACKAGE_ADDED dat=package: flg=0x4000010 (has extras) } from null (pid=1446, uid=1000) to com.hgperfko.yaeghrwx/.core.hLytdCQDBv
11-01 22:08:12.128  1446  1677 W BroadcastQueue: u0 Receiving a broadcast in packagecom.qiuqiu.dfmc requires a permissions review
11-01 22:08:12.128  1446  1677 W BroadcastQueue: Skipping delivery: permission review required for Intent { act=android.intent.action.PACKAGE_ADDED dat=package: flg=0x4000010 (has extras) } from null (pid=1446, uid=1000) to com.qiuqiu.dfmc/cn.jpush.android.service.PushReceiver
11-01 22:08:12.128  1446  1677 W BroadcastQueue: u0 Receiving a broadcast in packagecom.safesys.viruskiller requires a permissions review
11-01 22:08:12.128  1446  1677 W BroadcastQueue: Skipping delivery: permission review required for Intent { act=android.intent.action.PACKAGE_ADDED dat=package: flg=0x4000010 (has extras) } from null (pid=1446, uid=1000) to com.safesys.viruskiller/.ScanPackageBroadcast
11-01 22:08:12.128  1446  1677 W BroadcastQueue: u0 Receiving a broadcast in packagecom.uc108.mobile.sdgj.bd1 requires a permissions review
11-01 22:08:12.128  1446  1677 W BroadcastQueue: Skipping delivery: permission review required for Intent { act=android.intent.action.PACKAGE_ADDED dat=package: flg=0x4000010 (has extras) } from null (pid=1446, uid=1000) to com.uc108.mobile.sdgj.bd1/com.baidu.tiebasdk.service.InstallReceiver
11-01 22:08:12.128  1446  1677 W BroadcastQueue: u0 Receiving a broadcast in packagecom.voicebianshengjinglingwc.wxl requires a permissions review
11-01 22:08:12.128  1446  1677 W BroadcastQueue: Skipping delivery: permission review required for Intent { act=android.intent.action.PACKAGE_ADDED dat=package: flg=0x4000010 (has extras) } from null (pid=1446, uid=1000) to com.voicebianshengjinglingwc.wxl/mp.ruu.Ztjjwrj
11-01 22:08:12.128  1446  1677 W BroadcastQueue: u0 Receiving a broadcast in packagecom.yoojar.zlsg.baidu requires a permissions review
11-01 22:08:12.128  1446  1677 W BroadcastQueue: Skipping delivery: permission review required for Intent { act=android.intent.action.PACKAGE_ADDED dat=package: flg=0x4000010 (has extras) } from null (pid=1446, uid=1000) to com.yoojar.zlsg.baidu/com.duoku.platform.download.broadcast.AppMonitorReceiver
11-01 22:08:12.128  1446  1677 W BroadcastQueue: u0 Receiving a broadcast in packageio.dcloud.H5BC6BF13 requires a permissions review
11-01 22:08:12.128  1446  1677 W BroadcastQueue: Skipping delivery: permission review required for Intent { act=android.intent.action.PACKAGE_ADDED dat=package: flg=0x4000010 (has extras) } from null (pid=1446, uid=1000) to io.dcloud.H5BC6BF13/io.dcloud.common.adapter.io.DownloadReceiver
11-01 22:08:12.138  1446  2004 D CompatibilityChangeReporter: Compat change id reported: 218533173; UID 10261; state: DISABLED
11-01 22:08:12.141  1446  1446 I Telecom : DefaultDialerCache: Refreshing default dialer for user 0: now com.google.android.dialer: DDC.oR@BIs
11-01 22:08:12.143  1446  4162 W BackupTransportManager: Package com.vbdcf54.d2b25 enabled setting: 0
11-01 22:08:12.180  1446  1676 W WindowMagnificationMgr: requestConnection duplicated request: connect=false, mConnectionState=DISCONNECTED
11-01 22:08:12.203  1446  1843 E VerityUtils: Failed to measure fs-verity, errno 1: /data/app/~~rcXFeDtdgkN4tqcrwi_PzQ==/com.vbdcf54.d2b25-JB42GBECOA_bIjLVB2jpIw==/base.apk
11-01 22:08:12.210  1446  5487 D CompatibilityChangeReporter: Compat change id reported: 161252188; UID 10261; state: DISABLED
11-01 22:08:12.255  1446  1676 W PackageManager: Failed registering loading progress callback. Package is fully loaded.
11-01 22:08:12.279  1446  1676 W WindowMagnificationMgr: requestConnection duplicated request: connect=false, mConnectionState=DISCONNECTED
11-01 22:08:12.322  1446  4239 W BroadcastQueue: u0 Receiving a broadcast in packagecom.yoojar.zlsg.baidu requires a permissions review
11-01 22:08:12.322  1446  4239 W BroadcastQueue: Skipping delivery: permission review required for Intent { act=android.intent.action.PACKAGE_CHANGED dat=package: flg=0x5000010 (has extras) } from null (pid=1446, uid=1000) to com.yoojar.zlsg.baidu/com.duoku.platform.download.broadcast.AppMonitorReceiver
11-01 22:08:12.542  1446  1847 E PackageManager: ERROR: could not load root hash from incremental install
11-01 22:08:12.573  1446  1847 I PackageManager: Integrity check passed for file:///data/app/vmdl1362271728.tmp
11-01 22:08:12.811  1446  1446 W Looper  : Slow dispatch took 156ms main h=com.android.server.accessibility.AbstractAccessibilityServiceConnection$1 c=null m=2048
11-01 22:08:12.811  1446  1658 V StorageManagerService: Package null has legacy storage
11-01 22:08:12.812  1446  1658 W Looper  : Slow dispatch took 204ms android.fg h=android.os.Handler c=<recycled PooledLambda@a125845> m=0
11-01 22:08:12.812  1446  1658 W Looper  : Slow delivery took 204ms android.fg h=android.os.Handler c=<recycled PooledLambda@d01df28> m=0
11-01 22:08:12.812  1446  1658 W Looper  : Drained
11-01 22:08:12.825  1446  4228 I ActivityTaskManager: START u0 {flg=0x14000000 cmp=com.bitdefender.security/.antimalware.NotifyUserMalware (has extras)} from uid 10194
11-01 22:08:12.841  1446  4228 W ActivityTaskManager: Tried to set launchTime (0) < mLastActivityLaunchTime (688304)
11-01 22:08:12.868  1446  3729 D CoreBackPreview: Window{3435d1c u0 com.bitdefender.security/com.bitdefender.security.antimalware.NotifyUserMalware}: Setting back callback OnBackInvokedCallbackInfo{mCallback=android.window.IOnBackInvokedCallback$Stub$Proxy@4381efa, mPriority=0}
11-01 22:08:12.890  1446  3729 I ActivityManager: Background started FGS: Allowed [callingPackage: com.google.android.apps.wellbeing; callingUid: 10121; uidState: BFGS; intent: Intent { cmp=com.google.android.apps.wellbeing/com.google.apps.tiktok.concurrent.InternalForegroundService (has extras) }; code:BACKGROUND_ACTIVITY_PERMISSION; tempAllowListReason:<null>; targetSdkVersion:33; callerTargetSdkVersion:33; startForegroundCount:0; bindFromPackage:null]
11-01 22:08:12.903  1446  5660 D CoreBackPreview: Window{a07f108 u0 com.bitdefender.security/com.bitdefender.security.antimalware.NotifyUserMalware}: Setting back callback null
11-01 22:08:12.990  1446  1847 V BackupManagerService: [UserID:0] restoreAtInstall pkg=cn.inssgame.paokugame token=51 restoreSet=0
11-01 22:08:12.990  1446  1847 V BackupManagerService: [UserID:0] Finishing install immediately
11-01 22:08:12.992  1446  1847 D PackageInstallerSession: Marking session 1362271728 as applied
11-01 22:08:12.995  1446  1847 D CompatibilityChangeReporter: Compat change id reported: 168419799; UID 10262; state: DISABLED
11-01 22:08:12.995  1446  1847 D CompatibilityChangeReporter: Compat change id reported: 273564678; UID 10262; state: DISABLED
11-01 22:08:13.002  1446  1446 I Telecom : DefaultDialerCache: Refreshing default dialer for user 0: now com.google.android.dialer: DDC.oR@BI4
11-01 22:08:13.003  1446  4225 W BroadcastQueue: u0 Receiving a broadcast in packagecom.jr.narutoii requires a permissions review
11-01 22:08:13.003  1446  4225 W BroadcastQueue: Skipping delivery: permission review required for Intent { act=android.intent.action.PACKAGE_ADDED dat=package: flg=0x4000010 (has extras) } from null (pid=1446, uid=1000) to com.jr.narutoii/com.joyriver.engine.proxy.EngineReceiver
11-01 22:08:13.007  1446  1677 W BroadcastQueue: u0 Receiving a broadcast in packagecom.android.buyer requires a permissions review
11-01 22:08:13.007  1446  1677 W BroadcastQueue: Skipping delivery: permission review required for Intent { act=android.intent.action.PACKAGE_ADDED dat=package: flg=0x4000010 (has extras) } from null (pid=1446, uid=1000) to com.android.buyer/.mRve
11-01 22:08:13.007  1446  1677 W BroadcastQueue: Background execution not allowed: receiving Intent { act=android.intent.action.PACKAGE_ADDED dat=package: flg=0x4000010 (has extras) } to com.google.android.packageinstaller/com.android.packageinstaller.PackageInstalledReceiver
11-01 22:08:13.007  1446  1677 W BroadcastQueue: Background execution not allowed: receiving Intent { act=android.intent.action.PACKAGE_ADDED dat=package: flg=0x4000010 (has extras) } to com.android.vending/com.google.android.finsky.packagemonitor.impl.PackageMonitorReceiverImpl$RegisteredReceiver
11-01 22:08:13.010  1446  1677 W BroadcastQueue: Background execution not allowed: receiving Intent { act=android.intent.action.PACKAGE_ADDED dat=package: flg=0x4000010 (has extras) } to com.android.vending/com.google.android.finsky.packagemonitor.backgroundimpl.BackgroundPackageMonitorReceiverImpl$RegisteredReceiver
11-01 22:08:13.011  1446  1677 W BroadcastQueue: Background execution not allowed: receiving Intent { act=android.intent.action.PACKAGE_ADDED dat=package: flg=0x4000010 (has extras) } to com.google.android.gms/.games.chimera.GamesSystemBroadcastReceiverProxy
11-01 22:08:13.011  1446  1677 W BroadcastQueue: Background execution not allowed: receiving Intent { act=android.intent.action.PACKAGE_ADDED dat=package: flg=0x4000010 (has extras) } to com.google.android.gms/.gass.chimera.PackageChangeBroadcastReceiver
11-01 22:08:13.011  1446  1677 W BroadcastQueue: Background execution not allowed: receiving Intent { act=android.intent.action.PACKAGE_ADDED dat=package: flg=0x4000010 (has extras) } to com.google.android.gms/.chimera.GmsIntentOperationService$PersistentTrustedReceiver
11-01 22:08:13.011  1446  1677 W BroadcastQueue: Background execution not allowed: receiving Intent { act=android.intent.action.PACKAGE_ADDED dat=package: flg=0x4000010 (has extras) } to com.google.android.googlequicksearchbox/com.google.android.apps.gsa.googlequicksearchbox.GelStubAppWatcher
11-01 22:08:13.011  1446  1677 W BroadcastQueue: u0 Receiving a broadcast in packagecom.cncd.japan.janli.shudu requires a permissions review
11-01 22:08:13.011  1446  1677 W BroadcastQueue: Skipping delivery: permission review required for Intent { act=android.intent.action.PACKAGE_ADDED dat=package: flg=0x4000010 (has extras) } from null (pid=1446, uid=1000) to com.cncd.japan.janli.shudu/net.l.k.r
11-01 22:08:13.011  1446  1677 W BroadcastQueue: u0 Receiving a broadcast in packagecom.cncd.japan.janli.shudu requires a permissions review
11-01 22:08:13.011  1446  1677 W BroadcastQueue: Skipping delivery: permission review required for Intent { act=android.intent.action.PACKAGE_ADDED dat=package: flg=0x4000010 (has extras) } from null (pid=1446, uid=1000) to com.cncd.japan.janli.shudu/com.feiwofour.coverscreen.SR
11-01 22:08:13.011  1446  1677 W BroadcastQueue: u0 Receiving a broadcast in packagecom.games.mengmeizhitd requires a permissions review
11-01 22:08:13.011  1446  1677 W BroadcastQueue: Skipping delivery: permission review required for Intent { act=android.intent.action.PACKAGE_ADDED dat=package: flg=0x4000010 (has extras) } from null (pid=1446, uid=1000) to com.games.mengmeizhitd/hjnw.ihjnw.i.isqly
11-01 22:08:13.011  1446  1677 W BroadcastQueue: u0 Receiving a broadcast in packagecom.hgperfko.yaeghrwx requires a permissions review
11-01 22:08:13.011  1446  1677 W BroadcastQueue: Skipping delivery: permission review required for Intent { act=android.intent.action.PACKAGE_ADDED dat=package: flg=0x4000010 (has extras) } from null (pid=1446, uid=1000) to com.hgperfko.yaeghrwx/.core.hLytdCQDBv
11-01 22:08:13.017  1446  1446 V BackupManagerConstants: getFullBackupIntervalMilliseconds(...) returns 86400000
11-01 22:08:13.018  1446  1446 V BackupManagerConstants: getFullBackupRequiredNetworkType(...) returns 2
11-01 22:08:13.018  1446  1446 V BackupManagerConstants: getFullBackupRequireCharging(...) returns true
11-01 22:08:13.019  1446  1677 W BroadcastQueue: u0 Receiving a broadcast in packagecom.qiuqiu.dfmc requires a permissions review
11-01 22:08:13.019  1446  1677 W BroadcastQueue: Skipping delivery: permission review required for Intent { act=android.intent.action.PACKAGE_ADDED dat=package: flg=0x4000010 (has extras) } from null (pid=1446, uid=1000) to com.qiuqiu.dfmc/cn.jpush.android.service.PushReceiver
11-01 22:08:13.019  1446  1677 W BroadcastQueue: u0 Receiving a broadcast in packagecom.safesys.viruskiller requires a permissions review
11-01 22:08:13.019  1446  1677 W BroadcastQueue: Skipping delivery: permission review required for Intent { act=android.intent.action.PACKAGE_ADDED dat=package: flg=0x4000010 (has extras) } from null (pid=1446, uid=1000) to com.safesys.viruskiller/.ScanPackageBroadcast
11-01 22:08:13.019  1446  1677 W BroadcastQueue: u0 Receiving a broadcast in packagecom.uc108.mobile.sdgj.bd1 requires a permissions review
11-01 22:08:13.019  1446  1677 W BroadcastQueue: Skipping delivery: permission review required for Intent { act=android.intent.action.PACKAGE_ADDED dat=package: flg=0x4000010 (has extras) } from null (pid=1446, uid=1000) to com.uc108.mobile.sdgj.bd1/com.baidu.tiebasdk.service.InstallReceiver
11-01 22:08:13.019  1446  1677 W BroadcastQueue: u0 Receiving a broadcast in packagecom.voicebianshengjinglingwc.wxl requires a permissions review
11-01 22:08:13.019  1446  1677 W BroadcastQueue: Skipping delivery: permission review required for Intent { act=android.intent.action.PACKAGE_ADDED dat=package: flg=0x4000010 (has extras) } from null (pid=1446, uid=1000) to com.voicebianshengjinglingwc.wxl/mp.ruu.Ztjjwrj
11-01 22:08:13.019  1446  1677 W BroadcastQueue: u0 Receiving a broadcast in packagecom.yoojar.zlsg.baidu requires a permissions review
11-01 22:08:13.019  1446  1677 W BroadcastQueue: Skipping delivery: permission review required for Intent { act=android.intent.action.PACKAGE_ADDED dat=package: flg=0x4000010 (has extras) } from null (pid=1446, uid=1000) to com.yoojar.zlsg.baidu/com.duoku.platform.download.broadcast.AppMonitorReceiver
11-01 22:08:13.019  1446  1677 W BroadcastQueue: u0 Receiving a broadcast in packageio.dcloud.H5BC6BF13 requires a permissions review
11-01 22:08:13.019  1446  1677 W BroadcastQueue: Skipping delivery: permission review required for Intent { act=android.intent.action.PACKAGE_ADDED dat=package: flg=0x4000010 (has extras) } from null (pid=1446, uid=1000) to io.dcloud.H5BC6BF13/io.dcloud.common.adapter.io.DownloadReceiver
11-01 22:08:13.046  1446  1676 W WindowMagnificationMgr: requestConnection duplicated request: connect=false, mConnectionState=DISCONNECTED
11-01 22:08:13.069  1446  1446 W NotificationHistory: Attempted to add notif for locked/gone/disabled user 0
11-01 22:08:13.070  1446  4239 D CompatibilityChangeReporter: Compat change id reported: 161252188; UID 10262; state: DISABLED
11-01 22:08:13.090  1446  1843 E VerityUtils: Failed to measure fs-verity, errno 1: /data/app/~~0tBiHfwFWaIdUEs4y_-bXA==/cn.inssgame.paokugame-dGJ3Xo_UnDkQw3d5RCMRhQ==/base.apk
11-01 22:08:13.102  1446  2004 D CompatibilityChangeReporter: Compat change id reported: 218533173; UID 10262; state: DISABLED
11-01 22:08:13.105  1446  1446 I Telecom : DefaultDialerCache: Refreshing default dialer for user 0: now com.google.android.dialer: DDC.oR@BJE
11-01 22:08:13.106  1446  4162 W BackupTransportManager: Package cn.inssgame.paokugame enabled setting: 0
11-01 22:08:13.110  1446  1676 W PackageManager: Failed registering loading progress callback. Package is fully loaded.
11-01 22:08:13.120  1446  1446 I NotificationService: Cannot find enqueued record for key: 0|com.google.android.apps.wellbeing|174344743|null|10121
11-01 22:08:13.123  1446  1676 W WindowMagnificationMgr: requestConnection duplicated request: connect=false, mConnectionState=DISCONNECTED
11-01 22:08:13.208  1446  5475 W BroadcastQueue: u0 Receiving a broadcast in packagecom.yoojar.zlsg.baidu requires a permissions review
11-01 22:08:13.208  1446  5475 W BroadcastQueue: Skipping delivery: permission review required for Intent { act=android.intent.action.PACKAGE_CHANGED dat=package: flg=0x5000010 (has extras) } from null (pid=1446, uid=1000) to com.yoojar.zlsg.baidu/com.duoku.platform.download.broadcast.AppMonitorReceiver
11-01 22:08:13.495  1446  4228 I ActivityTaskManager: START u0 {flg=0x14000000 cmp=com.bitdefender.security/.antimalware.NotifyUserMalware (has extras)} from uid 10194
11-01 22:08:13.516  1446  5477 W ActivityTaskManager: Tried to set launchTime (0) < mLastActivityLaunchTime (689356)
11-01 22:08:13.562  1446  5659 D CoreBackPreview: Window{5cb50ea u0 com.bitdefender.security/com.bitdefender.security.antimalware.NotifyUserMalware}: Setting back callback OnBackInvokedCallbackInfo{mCallback=android.window.IOnBackInvokedCallback$Stub$Proxy@b010a78, mPriority=0}
11-01 22:08:13.598  1446  4228 D CoreBackPreview: Window{3435d1c u0 com.bitdefender.security/com.bitdefender.security.antimalware.NotifyUserMalware}: Setting back callback null
11-01 22:08:13.599  1446  5487 I ActivityManager: Background started FGS: Allowed [callingPackage: com.google.android.apps.wellbeing; callingUid: 10121; uidState: BFGS; intent: Intent { cmp=com.google.android.apps.wellbeing/com.google.apps.tiktok.concurrent.InternalForegroundService (has extras) }; code:BACKGROUND_ACTIVITY_PERMISSION; tempAllowListReason:<null>; targetSdkVersion:33; callerTargetSdkVersion:33; startForegroundCount:0; bindFromPackage:null]
11-01 22:08:13.712  1446  1446 E NotificationService: Muting recently noisy 0|com.bitdefender.security|1735972710|null|10194
11-01 22:08:13.718  1446  1446 W NotificationHistory: Attempted to add notif for locked/gone/disabled user 0
11-01 22:08:13.813  1446  1446 I NotificationService: Cannot find enqueued record for key: 0|com.google.android.apps.wellbeing|174344743|null|10121
11-01 22:08:13.932  1446  1847 E PackageManager: ERROR: could not load root hash from incremental install
11-01 22:08:14.042  1446  1847 I PackageManager: Integrity check passed for file:///data/app/vmdl1513392245.tmp
11-01 22:08:14.209  1446  1658 V StorageManagerService: Package null has legacy storage
11-01 22:08:14.349  1446  1847 V BackupManagerService: [UserID:0] restoreAtInstall pkg=com.kascend.chushov token=52 restoreSet=0
11-01 22:08:14.350  1446  1847 V BackupManagerService: [UserID:0] Finishing install immediately
11-01 22:08:14.353  1446  1847 D PackageInstallerSession: Marking session 1513392245 as applied
11-01 22:08:14.359  1446  1847 D CompatibilityChangeReporter: Compat change id reported: 168419799; UID 10263; state: DISABLED
11-01 22:08:14.359  1446  1847 D CompatibilityChangeReporter: Compat change id reported: 273564678; UID 10263; state: DISABLED
11-01 22:08:14.365  1446  1446 I Telecom : DefaultDialerCache: Refreshing default dialer for user 0: now com.google.android.dialer: DDC.oR@BJo
11-01 22:08:14.370  1446  4225 W BroadcastQueue: u0 Receiving a broadcast in packagecom.jr.narutoii requires a permissions review
11-01 22:08:14.370  1446  4225 W BroadcastQueue: Skipping delivery: permission review required for Intent { act=android.intent.action.PACKAGE_ADDED dat=package: flg=0x4000010 (has extras) } from null (pid=1446, uid=1000) to com.jr.narutoii/com.joyriver.engine.proxy.EngineReceiver
11-01 22:08:14.372  1446  1446 V BackupManagerConstants: getFullBackupIntervalMilliseconds(...) returns 86400000
11-01 22:08:14.373  1446  1446 V BackupManagerConstants: getFullBackupRequiredNetworkType(...) returns 2
11-01 22:08:14.373  1446  1446 V BackupManagerConstants: getFullBackupRequireCharging(...) returns true
11-01 22:08:14.373  1446  1677 W BroadcastQueue: u0 Receiving a broadcast in packagecom.android.buyer requires a permissions review
11-01 22:08:14.373  1446  1677 W BroadcastQueue: Skipping delivery: permission review required for Intent { act=android.intent.action.PACKAGE_ADDED dat=package: flg=0x4000010 (has extras) } from null (pid=1446, uid=1000) to com.android.buyer/.mRve
11-01 22:08:14.374  1446  1677 W BroadcastQueue: Background execution not allowed: receiving Intent { act=android.intent.action.PACKAGE_ADDED dat=package: flg=0x4000010 (has extras) } to com.google.android.packageinstaller/com.android.packageinstaller.PackageInstalledReceiver
11-01 22:08:14.374  1446  1677 W BroadcastQueue: Background execution not allowed: receiving Intent { act=android.intent.action.PACKAGE_ADDED dat=package: flg=0x4000010 (has extras) } to com.android.vending/com.google.android.finsky.packagemonitor.impl.PackageMonitorReceiverImpl$RegisteredReceiver
11-01 22:08:14.374  1446  1677 W BroadcastQueue: Background execution not allowed: receiving Intent { act=android.intent.action.PACKAGE_ADDED dat=package: flg=0x4000010 (has extras) } to com.android.vending/com.google.android.finsky.packagemonitor.backgroundimpl.BackgroundPackageMonitorReceiverImpl$RegisteredReceiver
11-01 22:08:14.374  1446  1677 W BroadcastQueue: Background execution not allowed: receiving Intent { act=android.intent.action.PACKAGE_ADDED dat=package: flg=0x4000010 (has extras) } to com.google.android.gms/.games.chimera.GamesSystemBroadcastReceiverProxy
11-01 22:08:14.374  1446  1677 W BroadcastQueue: Background execution not allowed: receiving Intent { act=android.intent.action.PACKAGE_ADDED dat=package: flg=0x4000010 (has extras) } to com.google.android.gms/.gass.chimera.PackageChangeBroadcastReceiver
11-01 22:08:14.374  1446  1677 W BroadcastQueue: Background execution not allowed: receiving Intent { act=android.intent.action.PACKAGE_ADDED dat=package: flg=0x4000010 (has extras) } to com.google.android.gms/.chimera.GmsIntentOperationService$PersistentTrustedReceiver
11-01 22:08:14.374  1446  1677 W BroadcastQueue: Background execution not allowed: receiving Intent { act=android.intent.action.PACKAGE_ADDED dat=package: flg=0x4000010 (has extras) } to com.google.android.googlequicksearchbox/com.google.android.apps.gsa.googlequicksearchbox.GelStubAppWatcher
11-01 22:08:14.374  1446  1677 W BroadcastQueue: u0 Receiving a broadcast in packagecom.cncd.japan.janli.shudu requires a permissions review
11-01 22:08:14.374  1446  1677 W BroadcastQueue: Skipping delivery: permission review required for Intent { act=android.intent.action.PACKAGE_ADDED dat=package: flg=0x4000010 (has extras) } from null (pid=1446, uid=1000) to com.cncd.japan.janli.shudu/net.l.k.r
11-01 22:08:14.374  1446  1677 W BroadcastQueue: u0 Receiving a broadcast in packagecom.cncd.japan.janli.shudu requires a permissions review
11-01 22:08:14.374  1446  1677 W BroadcastQueue: Skipping delivery: permission review required for Intent { act=android.intent.action.PACKAGE_ADDED dat=package: flg=0x4000010 (has extras) } from null (pid=1446, uid=1000) to com.cncd.japan.janli.shudu/com.feiwofour.coverscreen.SR
11-01 22:08:14.375  1446  1677 W BroadcastQueue: u0 Receiving a broadcast in packagecom.games.mengmeizhitd requires a permissions review
11-01 22:08:14.375  1446  1677 W BroadcastQueue: Skipping delivery: permission review required for Intent { act=android.intent.action.PACKAGE_ADDED dat=package: flg=0x4000010 (has extras) } from null (pid=1446, uid=1000) to com.games.mengmeizhitd/hjnw.ihjnw.i.isqly
11-01 22:08:14.375  1446  1677 W BroadcastQueue: u0 Receiving a broadcast in packagecom.hgperfko.yaeghrwx requires a permissions review
11-01 22:08:14.375  1446  1677 W BroadcastQueue: Skipping delivery: permission review required for Intent { act=android.intent.action.PACKAGE_ADDED dat=package: flg=0x4000010 (has extras) } from null (pid=1446, uid=1000) to com.hgperfko.yaeghrwx/.core.hLytdCQDBv
11-01 22:08:14.375  1446  1677 W BroadcastQueue: u0 Receiving a broadcast in packagecom.qiuqiu.dfmc requires a permissions review
11-01 22:08:14.375  1446  1677 W BroadcastQueue: Skipping delivery: permission review required for Intent { act=android.intent.action.PACKAGE_ADDED dat=package: flg=0x4000010 (has extras) } from null (pid=1446, uid=1000) to com.qiuqiu.dfmc/cn.jpush.android.service.PushReceiver
11-01 22:08:14.375  1446  1677 W BroadcastQueue: u0 Receiving a broadcast in packagecom.safesys.viruskiller requires a permissions review
11-01 22:08:14.375  1446  1677 W BroadcastQueue: Skipping delivery: permission review required for Intent { act=android.intent.action.PACKAGE_ADDED dat=package: flg=0x4000010 (has extras) } from null (pid=1446, uid=1000) to com.safesys.viruskiller/.ScanPackageBroadcast
11-01 22:08:14.375  1446  1677 W BroadcastQueue: u0 Receiving a broadcast in packagecom.uc108.mobile.sdgj.bd1 requires a permissions review
11-01 22:08:14.375  1446  1677 W BroadcastQueue: Skipping delivery: permission review required for Intent { act=android.intent.action.PACKAGE_ADDED dat=package: flg=0x4000010 (has extras) } from null (pid=1446, uid=1000) to com.uc108.mobile.sdgj.bd1/com.baidu.tiebasdk.service.InstallReceiver
11-01 22:08:14.375  1446  1677 W BroadcastQueue: u0 Receiving a broadcast in packagecom.voicebianshengjinglingwc.wxl requires a permissions review
11-01 22:08:14.375  1446  1677 W BroadcastQueue: Skipping delivery: permission review required for Intent { act=android.intent.action.PACKAGE_ADDED dat=package: flg=0x4000010 (has extras) } from null (pid=1446, uid=1000) to com.voicebianshengjinglingwc.wxl/mp.ruu.Ztjjwrj
11-01 22:08:14.375  1446  1677 W BroadcastQueue: u0 Receiving a broadcast in packagecom.yoojar.zlsg.baidu requires a permissions review
11-01 22:08:14.375  1446  1677 W BroadcastQueue: Skipping delivery: permission review required for Intent { act=android.intent.action.PACKAGE_ADDED dat=package: flg=0x4000010 (has extras) } from null (pid=1446, uid=1000) to com.yoojar.zlsg.baidu/com.duoku.platform.download.broadcast.AppMonitorReceiver
11-01 22:08:14.375  1446  1677 W BroadcastQueue: u0 Receiving a broadcast in packageio.dcloud.H5BC6BF13 requires a permissions review
11-01 22:08:14.375  1446  1677 W BroadcastQueue: Skipping delivery: permission review required for Intent { act=android.intent.action.PACKAGE_ADDED dat=package: flg=0x4000010 (has extras) } from null (pid=1446, uid=1000) to io.dcloud.H5BC6BF13/io.dcloud.common.adapter.io.DownloadReceiver
11-01 22:08:14.401  1446  2004 D CompatibilityChangeReporter: Compat change id reported: 218533173; UID 10263; state: DISABLED
11-01 22:08:14.409  1446  1446 I Telecom : DefaultDialerCache: Refreshing default dialer for user 0: now com.google.android.dialer: DDC.oR@BJs
11-01 22:08:14.418  1446  1676 W WindowMagnificationMgr: requestConnection duplicated request: connect=false, mConnectionState=DISCONNECTED
11-01 22:08:14.459  1446  6869 D CompatibilityChangeReporter: Compat change id reported: 161252188; UID 10263; state: DISABLED
11-01 22:08:14.466  1446  1843 E VerityUtils: Failed to measure fs-verity, errno 1: /data/app/~~O5GZf4zV2vHIRiMXmyxrRA==/com.kascend.chushov-QyIZmRpHcaK4fXp8x01sRQ==/base.apk
11-01 22:08:14.467  1446  1676 W PackageManager: Failed registering loading progress callback. Package is fully loaded.
11-01 22:08:14.476  1446  4162 W BackupTransportManager: Package com.kascend.chushov enabled setting: 0
11-01 22:08:14.477  1446  1676 W WindowMagnificationMgr: requestConnection duplicated request: connect=false, mConnectionState=DISCONNECTED
11-01 22:08:14.564  1446  5475 W BroadcastQueue: u0 Receiving a broadcast in packagecom.yoojar.zlsg.baidu requires a permissions review
11-01 22:08:14.564  1446  5475 W BroadcastQueue: Skipping delivery: permission review required for Intent { act=android.intent.action.PACKAGE_CHANGED dat=package: flg=0x5000010 (has extras) } from null (pid=1446, uid=1000) to com.yoojar.zlsg.baidu/com.duoku.platform.download.broadcast.AppMonitorReceiver
11-01 22:08:14.635  1446  1847 E PackageManager: ERROR: could not load root hash from incremental install
11-01 22:08:14.641  1446  2034 W PackageParsing: Ignoring duplicate uses-permissions/uses-permissions-sdk-m: android.permission.INTERNET in package: tfcqzk.lofst.hkgkaucmthtsmy at: Binary XML file line #10
11-01 22:08:14.650  1446  1847 I PackageManager: Integrity check passed for file:///data/app/vmdl1253369486.tmp
11-01 22:08:14.666  1446  1847 W PackageParsing: Ignoring duplicate uses-permissions/uses-permissions-sdk-m: android.permission.INTERNET in package: tfcqzk.lofst.hkgkaucmthtsmy at: Binary XML file line #10
11-01 22:08:14.752  1446  1658 V StorageManagerService: Package null does not have legacy storage
11-01 22:08:14.965  1446  5486 I ActivityTaskManager: START u0 {flg=0x14000000 cmp=com.bitdefender.security/.antimalware.NotifyUserMalware (has extras)} from uid 10194
11-01 22:08:14.982  1446  5486 W ActivityTaskManager: Tried to set launchTime (0) < mLastActivityLaunchTime (690031)
11-01 22:08:15.013  1446  5660 D CoreBackPreview: Window{1d68e1f u0 com.bitdefender.security/com.bitdefender.security.antimalware.NotifyUserMalware}: Setting back callback OnBackInvokedCallbackInfo{mCallback=android.window.IOnBackInvokedCallback$Stub$Proxy@3f90735, mPriority=0}
11-01 22:08:15.078  1446  5486 D CoreBackPreview: Window{5cb50ea u0 com.bitdefender.security/com.bitdefender.security.antimalware.NotifyUserMalware}: Setting back callback null
11-01 22:08:15.144  1446  1847 V BackupManagerService: [UserID:0] restoreAtInstall pkg=tfcqzk.lofst.hkgkaucmthtsmy token=53 restoreSet=0
11-01 22:08:15.144  1446  1847 V BackupManagerService: [UserID:0] Finishing install immediately
11-01 22:08:15.151  1446  1847 D PackageInstallerSession: Marking session 1253369486 as applied
11-01 22:08:15.157  1446  1847 D CompatibilityChangeReporter: Compat change id reported: 168419799; UID 10264; state: DISABLED
11-01 22:08:15.157  1446  1847 D CompatibilityChangeReporter: Compat change id reported: 273564678; UID 10264; state: DISABLED
11-01 22:08:15.168  1446  5486 W BroadcastQueue: u0 Receiving a broadcast in packagecom.jr.narutoii requires a permissions review
