--------- beginning of system
11-01 22:07:52.570  1446  1677 W BroadcastQueue: Background execution not allowed: receiving Intent { act=android.intent.action.PACKAGE_ADDED dat=package: flg=0x4000010 (has extras) } to com.google.android.gms/.gass.chimera.PackageChangeBroadcastReceiver
11-01 22:07:52.570  1446  1677 W BroadcastQueue: Background execution not allowed: receiving Intent { act=android.intent.action.PACKAGE_ADDED dat=package: flg=0x4000010 (has extras) } to com.google.android.gms/.chimera.GmsIntentOperationService$PersistentTrustedReceiver
11-01 22:07:52.570  1446  1677 W BroadcastQueue: Background execution not allowed: receiving Intent { act=android.intent.action.PACKAGE_ADDED dat=package: flg=0x4000010 (has extras) } to com.google.android.googlequicksearchbox/com.google.android.apps.gsa.googlequicksearchbox.GelStubAppWatcher
11-01 22:07:52.570  1446  1677 W BroadcastQueue: u0 Receiving a broadcast in packagecom.games.mengmeizhitd requires a permissions review
11-01 22:07:52.570  1446  1677 W BroadcastQueue: Skipping delivery: permission review required for Intent { act=android.intent.action.PACKAGE_ADDED dat=package: flg=0x4000010 (has extras) } from null (pid=1446, uid=1000) to com.games.mengmeizhitd/hjnw.ihjnw.i.isqly
11-01 22:07:52.571  1446  1677 W BroadcastQueue: u0 Receiving a broadcast in packagecom.qiuqiu.dfmc requires a permissions review
11-01 22:07:52.571  1446  1677 W BroadcastQueue: Skipping delivery: permission review required for Intent { act=android.intent.action.PACKAGE_ADDED dat=package: flg=0x4000010 (has extras) } from null (pid=1446, uid=1000) to com.qiuqiu.dfmc/cn.jpush.android.service.PushReceiver
11-01 22:07:52.571  1446  1677 W BroadcastQueue: u0 Receiving a broadcast in packagecom.safesys.viruskiller requires a permissions review
11-01 22:07:52.571  1446  1677 W BroadcastQueue: Skipping delivery: permission review required for Intent { act=android.intent.action.PACKAGE_ADDED dat=package: flg=0x4000010 (has extras) } from null (pid=1446, uid=1000) to com.safesys.viruskiller/.ScanPackageBroadcast
11-01 22:07:52.571  1446  1677 W BroadcastQueue: u0 Receiving a broadcast in packageio.dcloud.H5BC6BF13 requires a permissions review
11-01 22:07:52.571  1446  1677 W BroadcastQueue: Skipping delivery: permission review required for Intent { act=android.intent.action.PACKAGE_ADDED dat=package: flg=0x4000010 (has extras) } from null (pid=1446, uid=1000) to io.dcloud.H5BC6BF13/io.dcloud.common.adapter.io.DownloadReceiver
11-01 22:07:52.597  1446  1446 V BackupManagerConstants: getFullBackupIntervalMilliseconds(...) returns 86400000
11-01 22:07:52.597  1446  1446 V BackupManagerConstants: getFullBackupRequiredNetworkType(...) returns 2
11-01 22:07:52.597  1446  1446 V BackupManagerConstants: getFullBackupRequireCharging(...) returns true
11-01 22:07:52.603  1446  1676 W WindowMagnificationMgr: requestConnection duplicated request: connect=false, mConnectionState=DISCONNECTED
11-01 22:07:52.603  1446  2004 D CompatibilityChangeReporter: Compat change id reported: 218533173; UID 10232; state: DISABLED
11-01 22:07:52.630  1446  5494 D CompatibilityChangeReporter: Compat change id reported: 161252188; UID 10232; state: DISABLED
11-01 22:07:52.631  1446  1843 E VerityUtils: Failed to measure fs-verity, errno 1: /data/app/~~dOyCgY0KjN_7a69FUemxYw==/com.keji.danti1052-kFhO0N7N_nuhtOk2LZcJ3w==/base.apk
11-01 22:07:52.636  1446  1446 I Telecom : DefaultDialerCache: Refreshing default dialer for user 0: now com.google.android.dialer: DDC.oR@A8U
11-01 22:07:52.637  1446  4162 W BackupTransportManager: Package com.keji.danti1052 enabled setting: 0
11-01 22:07:52.661  1446  1676 W PackageManager: Failed registering loading progress callback. Package is fully loaded.
11-01 22:07:52.667  1446  1676 W WindowMagnificationMgr: requestConnection duplicated request: connect=false, mConnectionState=DISCONNECTED
11-01 22:07:52.856  1446  5475 I ActivityTaskManager: START u0 {flg=0x14000000 cmp=com.bitdefender.security/.antimalware.NotifyUserMalware (has extras)} from uid 10194
11-01 22:07:52.879  1446  5659 W ActivityTaskManager: Tried to set launchTime (0) < mLastActivityLaunchTime (668406)
11-01 22:07:52.912  1446  3771 D CoreBackPreview: Window{e642b64 u0 com.bitdefender.security/com.bitdefender.security.antimalware.NotifyUserMalware}: Setting back callback OnBackInvokedCallbackInfo{mCallback=android.window.IOnBackInvokedCallback$Stub$Proxy@3884593, mPriority=0}
11-01 22:07:52.957  1446  5477 D CoreBackPreview: Window{4a48568 u0 com.bitdefender.security/com.bitdefender.security.antimalware.NotifyUserMalware}: Setting back callback null
11-01 22:07:52.979  1446  4239 I ActivityTaskManager: START u0 {flg=0x14000000 cmp=com.bitdefender.security/.antimalware.NotifyUserMalware (has extras)} from uid 10194
11-01 22:07:53.001  1446  4239 W ActivityTaskManager: Tried to set launchTime (0) < mLastActivityLaunchTime (669394)
11-01 22:07:53.034  1446  5486 D CoreBackPreview: Window{6023078 u0 com.bitdefender.security/com.bitdefender.security.antimalware.NotifyUserMalware}: Setting back callback OnBackInvokedCallbackInfo{mCallback=android.window.IOnBackInvokedCallback$Stub$Proxy@cc08cb7, mPriority=0}
11-01 22:07:53.068  1446  5494 D CoreBackPreview: Window{e642b64 u0 com.bitdefender.security/com.bitdefender.security.antimalware.NotifyUserMalware}: Setting back callback null
11-01 22:07:53.079  1446  1446 W NotificationHistory: Attempted to add notif for locked/gone/disabled user 0
11-01 22:07:53.200  1446  1446 E NotificationService: Muting recently noisy 0|com.bitdefender.security|-1537681350|null|10194
11-01 22:07:53.203  1446  1446 W NotificationHistory: Attempted to add notif for locked/gone/disabled user 0
11-01 22:07:53.480  1446  1847 E PackageManager: ERROR: could not load root hash from incremental install
11-01 22:07:53.485  1446  2034 W PackageParsing: Ignoring duplicate uses-permissions/uses-permissions-sdk-m: android.permission.INTERNET in package: com.uc108.mobile.sdgj.bd1 at: Binary XML file line #25
11-01 22:07:53.485  1446  2034 W PackageParsing: Ignoring duplicate uses-permissions/uses-permissions-sdk-m: android.permission.READ_PHONE_STATE in package: com.uc108.mobile.sdgj.bd1 at: Binary XML file line #26
11-01 22:07:53.485  1446  2034 W PackageParsing: Ignoring duplicate uses-permissions/uses-permissions-sdk-m: android.permission.ACCESS_WIFI_STATE in package: com.uc108.mobile.sdgj.bd1 at: Binary XML file line #27
11-01 22:07:53.485  1446  2034 W PackageParsing: Ignoring duplicate uses-permissions/uses-permissions-sdk-m: android.permission.ACCESS_NETWORK_STATE in package: com.uc108.mobile.sdgj.bd1 at: Binary XML file line #28
11-01 22:07:53.485  1446  2034 W PackageParsing: Ignoring duplicate uses-permissions/uses-permissions-sdk-m: android.permission.BROADCAST_STICKY in package: com.uc108.mobile.sdgj.bd1 at: Binary XML file line #31
11-01 22:07:53.485  1446  2034 W PackageParsing: Ignoring duplicate uses-permissions/uses-permissions-sdk-m: android.permission.WRITE_SETTINGS in package: com.uc108.mobile.sdgj.bd1 at: Binary XML file line #32
11-01 22:07:53.485  1446  2034 W PackageParsing: Ignoring duplicate uses-permissions/uses-permissions-sdk-m: android.permission.WRITE_EXTERNAL_STORAGE in package: com.uc108.mobile.sdgj.bd1 at: Binary XML file line #34
11-01 22:07:53.485  1446  2034 W PackageParsing: Ignoring duplicate uses-permissions/uses-permissions-sdk-m: android.permission.WAKE_LOCK in package: com.uc108.mobile.sdgj.bd1 at: Binary XML file line #35
11-01 22:07:53.485  1446  2034 W PackageParsing: Ignoring duplicate uses-permissions/uses-permissions-sdk-m: android.permission.VIBRATE in package: com.uc108.mobile.sdgj.bd1 at: Binary XML file line #39
11-01 22:07:53.485  1446  2034 W PackageParsing: Ignoring duplicate uses-permissions/uses-permissions-sdk-m: android.permission.ACCESS_NETWORK_STATE in package: com.uc108.mobile.sdgj.bd1 at: Binary XML file line #46
11-01 22:07:53.485  1446  2034 W PackageParsing: Ignoring duplicate uses-permissions/uses-permissions-sdk-m: android.permission.ACCESS_WIFI_STATE in package: com.uc108.mobile.sdgj.bd1 at: Binary XML file line #47
11-01 22:07:53.485  1446  2034 W PackageParsing: Ignoring duplicate uses-permissions/uses-permissions-sdk-m: android.permission.READ_PHONE_STATE in package: com.uc108.mobile.sdgj.bd1 at: Binary XML file line #48
11-01 22:07:53.485  1446  2034 W PackageParsing: Ignoring duplicate uses-permissions/uses-permissions-sdk-m: android.permission.WRITE_SETTINGS in package: com.uc108.mobile.sdgj.bd1 at: Binary XML file line #49
11-01 22:07:53.485  1446  2034 W PackageParsing: Ignoring duplicate uses-permissions/uses-permissions-sdk-m: android.permission.WRITE_EXTERNAL_STORAGE in package: com.uc108.mobile.sdgj.bd1 at: Binary XML file line #50
11-01 22:07:53.485  1446  2034 W PackageParsing: Ignoring duplicate uses-permissions/uses-permissions-sdk-m: android.permission.INTERNET in package: com.uc108.mobile.sdgj.bd1 at: Binary XML file line #51
11-01 22:07:53.485  1446  2034 W PackageParsing: Ignoring duplicate uses-permissions/uses-permissions-sdk-m: android.permission.GET_TASKS in package: com.uc108.mobile.sdgj.bd1 at: Binary XML file line #52
11-01 22:07:53.485  1446  2034 W PackageParsing: Ignoring duplicate uses-permissions/uses-permissions-sdk-m: android.permission.ACCESS_COARSE_LOCATION in package: com.uc108.mobile.sdgj.bd1 at: Binary XML file line #56
11-01 22:07:53.485  1446  2034 W PackageParsing: Ignoring duplicate uses-permissions/uses-permissions-sdk-m: android.permission.RECEIVE_BOOT_COMPLETED in package: com.uc108.mobile.sdgj.bd1 at: Binary XML file line #63
11-01 22:07:53.485  1446  2034 W PackageParsing: Ignoring duplicate uses-permissions/uses-permissions-sdk-m: android.permission.VIBRATE in package: com.uc108.mobile.sdgj.bd1 at: Binary XML file line #64
11-01 22:07:53.485  1446  2034 W PackageParsing: Ignoring duplicate uses-permissions/uses-permissions-sdk-m: android.permission.BROADCAST_STICKY in package: com.uc108.mobile.sdgj.bd1 at: Binary XML file line #70
11-01 22:07:53.486  1446  2034 W PackageParsing: Ignoring duplicate uses-permissions/uses-permissions-sdk-m: android.permission.WAKE_LOCK in package: com.uc108.mobile.sdgj.bd1 at: Binary XML file line #76
11-01 22:07:53.486  1446  2034 W PackageParsing: Ignoring duplicate uses-permissions/uses-permissions-sdk-m: android.permission.ACCESS_COARSE_LOCATION in package: com.uc108.mobile.sdgj.bd1 at: Binary XML file line #77
11-01 22:07:53.486  1446  2034 D CompatibilityChangeReporter: Compat change id reported: 151163173; UID -1; state: DISABLED
11-01 22:07:53.487  1446  2034 W PackageParsing: No actions in intent-filter at /data/app/vmdl1052798675.tmp/base.apk Binary XML file line #482
11-01 22:07:53.487  1446  2034 W PackageParsing: No actions in intent-filter at /data/app/vmdl1052798675.tmp/base.apk Binary XML file line #489
11-01 22:07:53.487  1446  2034 W PackageParsing: No actions in intent-filter at /data/app/vmdl1052798675.tmp/base.apk Binary XML file line #496
11-01 22:07:53.487  1446  2034 W PackageParsing: No actions in intent-filter at /data/app/vmdl1052798675.tmp/base.apk Binary XML file line #503
11-01 22:07:53.487  1446  2034 W PackageParsing: No actions in intent-filter at /data/app/vmdl1052798675.tmp/base.apk Binary XML file line #510
11-01 22:07:53.487  1446  2034 W PackageParsing: No actions in intent-filter at /data/app/vmdl1052798675.tmp/base.apk Binary XML file line #527
11-01 22:07:53.487  1446  2034 W PackageParsing: No actions in intent-filter at /data/app/vmdl1052798675.tmp/base.apk Binary XML file line #534
11-01 22:07:53.487  1446  2034 W PackageParsing: No actions in intent-filter at /data/app/vmdl1052798675.tmp/base.apk Binary XML file line #541
11-01 22:07:53.487  1446  2034 W PackageParsing: No actions in intent-filter at /data/app/vmdl1052798675.tmp/base.apk Binary XML file line #549
11-01 22:07:53.487  1446  2034 W PackageParsing: No actions in intent-filter at /data/app/vmdl1052798675.tmp/base.apk Binary XML file line #557
11-01 22:07:53.487  1446  2034 W PackageParsing: No actions in intent-filter at /data/app/vmdl1052798675.tmp/base.apk Binary XML file line #565
11-01 22:07:53.487  1446  2034 W PackageParsing: No actions in intent-filter at /data/app/vmdl1052798675.tmp/base.apk Binary XML file line #573
11-01 22:07:53.487  1446  2034 W PackageParsing: No actions in intent-filter at /data/app/vmdl1052798675.tmp/base.apk Binary XML file line #581
11-01 22:07:53.487  1446  2034 W PackageParsing: No actions in intent-filter at /data/app/vmdl1052798675.tmp/base.apk Binary XML file line #588
11-01 22:07:53.487  1446  2034 W PackageParsing: No actions in intent-filter at /data/app/vmdl1052798675.tmp/base.apk Binary XML file line #595
11-01 22:07:53.488  1446  2034 W PackageParsing: No actions in intent-filter at /data/app/vmdl1052798675.tmp/base.apk Binary XML file line #602
11-01 22:07:53.488  1446  2034 W PackageParsing: No actions in intent-filter at /data/app/vmdl1052798675.tmp/base.apk Binary XML file line #609
11-01 22:07:53.488  1446  2034 W PackageParsing: No actions in intent-filter at /data/app/vmdl1052798675.tmp/base.apk Binary XML file line #615
11-01 22:07:53.516  1446  1847 I PackageManager: Integrity check passed for file:///data/app/vmdl1052798675.tmp
11-01 22:07:53.527  1446  1847 W PackageParsing: Ignoring duplicate uses-permissions/uses-permissions-sdk-m: android.permission.INTERNET in package: com.uc108.mobile.sdgj.bd1 at: Binary XML file line #25
11-01 22:07:53.527  1446  1847 W PackageParsing: Ignoring duplicate uses-permissions/uses-permissions-sdk-m: android.permission.READ_PHONE_STATE in package: com.uc108.mobile.sdgj.bd1 at: Binary XML file line #26
11-01 22:07:53.527  1446  1847 W PackageParsing: Ignoring duplicate uses-permissions/uses-permissions-sdk-m: android.permission.ACCESS_WIFI_STATE in package: com.uc108.mobile.sdgj.bd1 at: Binary XML file line #27
11-01 22:07:53.527  1446  1847 W PackageParsing: Ignoring duplicate uses-permissions/uses-permissions-sdk-m: android.permission.ACCESS_NETWORK_STATE in package: com.uc108.mobile.sdgj.bd1 at: Binary XML file line #28
11-01 22:07:53.527  1446  1847 W PackageParsing: Ignoring duplicate uses-permissions/uses-permissions-sdk-m: android.permission.BROADCAST_STICKY in package: com.uc108.mobile.sdgj.bd1 at: Binary XML file line #31
11-01 22:07:53.527  1446  1847 W PackageParsing: Ignoring duplicate uses-permissions/uses-permissions-sdk-m: android.permission.WRITE_SETTINGS in package: com.uc108.mobile.sdgj.bd1 at: Binary XML file line #32
11-01 22:07:53.527  1446  1847 W PackageParsing: Ignoring duplicate uses-permissions/uses-permissions-sdk-m: android.permission.WRITE_EXTERNAL_STORAGE in package: com.uc108.mobile.sdgj.bd1 at: Binary XML file line #34
11-01 22:07:53.527  1446  1847 W PackageParsing: Ignoring duplicate uses-permissions/uses-permissions-sdk-m: android.permission.WAKE_LOCK in package: com.uc108.mobile.sdgj.bd1 at: Binary XML file line #35
11-01 22:07:53.527  1446  1847 W PackageParsing: Ignoring duplicate uses-permissions/uses-permissions-sdk-m: android.permission.VIBRATE in package: com.uc108.mobile.sdgj.bd1 at: Binary XML file line #39
11-01 22:07:53.527  1446  1847 W PackageParsing: Ignoring duplicate uses-permissions/uses-permissions-sdk-m: android.permission.ACCESS_NETWORK_STATE in package: com.uc108.mobile.sdgj.bd1 at: Binary XML file line #46
11-01 22:07:53.527  1446  1847 W PackageParsing: Ignoring duplicate uses-permissions/uses-permissions-sdk-m: android.permission.ACCESS_WIFI_STATE in package: com.uc108.mobile.sdgj.bd1 at: Binary XML file line #47
11-01 22:07:53.527  1446  1847 W PackageParsing: Ignoring duplicate uses-permissions/uses-permissions-sdk-m: android.permission.READ_PHONE_STATE in package: com.uc108.mobile.sdgj.bd1 at: Binary XML file line #48
11-01 22:07:53.527  1446  1847 W PackageParsing: Ignoring duplicate uses-permissions/uses-permissions-sdk-m: android.permission.WRITE_SETTINGS in package: com.uc108.mobile.sdgj.bd1 at: Binary XML file line #49
11-01 22:07:53.527  1446  1847 W PackageParsing: Ignoring duplicate uses-permissions/uses-permissions-sdk-m: android.permission.WRITE_EXTERNAL_STORAGE in package: com.uc108.mobile.sdgj.bd1 at: Binary XML file line #50
11-01 22:07:53.527  1446  1847 W PackageParsing: Ignoring duplicate uses-permissions/uses-permissions-sdk-m: android.permission.INTERNET in package: com.uc108.mobile.sdgj.bd1 at: Binary XML file line #51
11-01 22:07:53.527  1446  1847 W PackageParsing: Ignoring duplicate uses-permissions/uses-permissions-sdk-m: android.permission.GET_TASKS in package: com.uc108.mobile.sdgj.bd1 at: Binary XML file line #52
11-01 22:07:53.527  1446  1847 W PackageParsing: Ignoring duplicate uses-permissions/uses-permissions-sdk-m: android.permission.ACCESS_COARSE_LOCATION in package: com.uc108.mobile.sdgj.bd1 at: Binary XML file line #56
11-01 22:07:53.527  1446  1847 W PackageParsing: Ignoring duplicate uses-permissions/uses-permissions-sdk-m: android.permission.RECEIVE_BOOT_COMPLETED in package: com.uc108.mobile.sdgj.bd1 at: Binary XML file line #63
11-01 22:07:53.527  1446  1847 W PackageParsing: Ignoring duplicate uses-permissions/uses-permissions-sdk-m: android.permission.VIBRATE in package: com.uc108.mobile.sdgj.bd1 at: Binary XML file line #64
11-01 22:07:53.528  1446  1847 W PackageParsing: Ignoring duplicate uses-permissions/uses-permissions-sdk-m: android.permission.BROADCAST_STICKY in package: com.uc108.mobile.sdgj.bd1 at: Binary XML file line #70
11-01 22:07:53.528  1446  1847 W PackageParsing: Ignoring duplicate uses-permissions/uses-permissions-sdk-m: android.permission.WAKE_LOCK in package: com.uc108.mobile.sdgj.bd1 at: Binary XML file line #76
11-01 22:07:53.528  1446  1847 W PackageParsing: Ignoring duplicate uses-permissions/uses-permissions-sdk-m: android.permission.ACCESS_COARSE_LOCATION in package: com.uc108.mobile.sdgj.bd1 at: Binary XML file line #77
11-01 22:07:53.530  1446  1847 W PackageParsing: No actions in intent-filter at /data/app/vmdl1052798675.tmp/base.apk Binary XML file line #482
11-01 22:07:53.531  1446  1847 W PackageParsing: No actions in intent-filter at /data/app/vmdl1052798675.tmp/base.apk Binary XML file line #489
11-01 22:07:53.531  1446  1847 W PackageParsing: No actions in intent-filter at /data/app/vmdl1052798675.tmp/base.apk Binary XML file line #496
11-01 22:07:53.531  1446  1847 W PackageParsing: No actions in intent-filter at /data/app/vmdl1052798675.tmp/base.apk Binary XML file line #503
11-01 22:07:53.531  1446  1847 W PackageParsing: No actions in intent-filter at /data/app/vmdl1052798675.tmp/base.apk Binary XML file line #510
11-01 22:07:53.531  1446  1847 W PackageParsing: No actions in intent-filter at /data/app/vmdl1052798675.tmp/base.apk Binary XML file line #527
11-01 22:07:53.531  1446  1847 W PackageParsing: No actions in intent-filter at /data/app/vmdl1052798675.tmp/base.apk Binary XML file line #534
11-01 22:07:53.531  1446  1847 W PackageParsing: No actions in intent-filter at /data/app/vmdl1052798675.tmp/base.apk Binary XML file line #541
11-01 22:07:53.531  1446  1847 W PackageParsing: No actions in intent-filter at /data/app/vmdl1052798675.tmp/base.apk Binary XML file line #549
11-01 22:07:53.531  1446  1847 W PackageParsing: No actions in intent-filter at /data/app/vmdl1052798675.tmp/base.apk Binary XML file line #557
11-01 22:07:53.531  1446  1847 W PackageParsing: No actions in intent-filter at /data/app/vmdl1052798675.tmp/base.apk Binary XML file line #565
11-01 22:07:53.532  1446  1847 W PackageParsing: No actions in intent-filter at /data/app/vmdl1052798675.tmp/base.apk Binary XML file line #573
11-01 22:07:53.532  1446  1847 W PackageParsing: No actions in intent-filter at /data/app/vmdl1052798675.tmp/base.apk Binary XML file line #581
11-01 22:07:53.532  1446  1847 W PackageParsing: No actions in intent-filter at /data/app/vmdl1052798675.tmp/base.apk Binary XML file line #588
11-01 22:07:53.532  1446  1847 W PackageParsing: No actions in intent-filter at /data/app/vmdl1052798675.tmp/base.apk Binary XML file line #595
11-01 22:07:53.532  1446  1847 W PackageParsing: No actions in intent-filter at /data/app/vmdl1052798675.tmp/base.apk Binary XML file line #602
11-01 22:07:53.532  1446  1847 W PackageParsing: No actions in intent-filter at /data/app/vmdl1052798675.tmp/base.apk Binary XML file line #609
11-01 22:07:53.532  1446  1847 W PackageParsing: No actions in intent-filter at /data/app/vmdl1052798675.tmp/base.apk Binary XML file line #615
11-01 22:07:53.623  1446  1658 V StorageManagerService: Package null has legacy storage
11-01 22:07:53.989  1446  1847 V BackupManagerService: [UserID:0] restoreAtInstall pkg=com.uc108.mobile.sdgj.bd1 token=34 restoreSet=0
11-01 22:07:53.990  1446  1847 V BackupManagerService: [UserID:0] Finishing install immediately
11-01 22:07:53.991  1446  1847 D PackageInstallerSession: Marking session 1052798675 as applied
11-01 22:07:53.995  1446  1847 D CompatibilityChangeReporter: Compat change id reported: 168419799; UID 10233; state: DISABLED
11-01 22:07:53.996  1446  1847 D CompatibilityChangeReporter: Compat change id reported: 273564678; UID 10233; state: DISABLED
11-01 22:07:54.010  1446  6869 W BroadcastQueue: u0 Receiving a broadcast in packagecom.android.buyer requires a permissions review
11-01 22:07:54.011  1446  1446 I Telecom : DefaultDialerCache: Refreshing default dialer for user 0: now com.google.android.dialer: DDC.oR@A8w
11-01 22:07:54.011  1446  6869 W BroadcastQueue: Skipping delivery: permission review required for Intent { act=android.intent.action.PACKAGE_ADDED dat=package: flg=0x4000010 (has extras) } from null (pid=1446, uid=1000) to com.android.buyer/.mRve
11-01 22:07:54.017  1446  1677 W BroadcastQueue: Background execution not allowed: receiving Intent { act=android.intent.action.PACKAGE_ADDED dat=package: flg=0x4000010 (has extras) } to com.google.android.packageinstaller/com.android.packageinstaller.PackageInstalledReceiver
11-01 22:07:54.018  1446  1677 W BroadcastQueue: Background execution not allowed: receiving Intent { act=android.intent.action.PACKAGE_ADDED dat=package: flg=0x4000010 (has extras) } to com.android.vending/com.google.android.finsky.packagemonitor.impl.PackageMonitorReceiverImpl$RegisteredReceiver
11-01 22:07:54.018  1446  1677 W BroadcastQueue: Background execution not allowed: receiving Intent { act=android.intent.action.PACKAGE_ADDED dat=package: flg=0x4000010 (has extras) } to com.android.vending/com.google.android.finsky.packagemonitor.backgroundimpl.BackgroundPackageMonitorReceiverImpl$RegisteredReceiver
11-01 22:07:54.018  1446  1677 W BroadcastQueue: Background execution not allowed: receiving Intent { act=android.intent.action.PACKAGE_ADDED dat=package: flg=0x4000010 (has extras) } to com.google.android.gms/.games.chimera.GamesSystemBroadcastReceiverProxy
11-01 22:07:54.018  1446  1677 W BroadcastQueue: Background execution not allowed: receiving Intent { act=android.intent.action.PACKAGE_ADDED dat=package: flg=0x4000010 (has extras) } to com.google.android.gms/.gass.chimera.PackageChangeBroadcastReceiver
11-01 22:07:54.018  1446  1677 W BroadcastQueue: Background execution not allowed: receiving Intent { act=android.intent.action.PACKAGE_ADDED dat=package: flg=0x4000010 (has extras) } to com.google.android.gms/.chimera.GmsIntentOperationService$PersistentTrustedReceiver
11-01 22:07:54.018  1446  1677 W BroadcastQueue: Background execution not allowed: receiving Intent { act=android.intent.action.PACKAGE_ADDED dat=package: flg=0x4000010 (has extras) } to com.google.android.googlequicksearchbox/com.google.android.apps.gsa.googlequicksearchbox.GelStubAppWatcher
11-01 22:07:54.018  1446  1677 W BroadcastQueue: u0 Receiving a broadcast in packagecom.games.mengmeizhitd requires a permissions review
11-01 22:07:54.018  1446  1677 W BroadcastQueue: Skipping delivery: permission review required for Intent { act=android.intent.action.PACKAGE_ADDED dat=package: flg=0x4000010 (has extras) } from null (pid=1446, uid=1000) to com.games.mengmeizhitd/hjnw.ihjnw.i.isqly
11-01 22:07:54.018  1446  1677 W BroadcastQueue: u0 Receiving a broadcast in packagecom.qiuqiu.dfmc requires a permissions review
11-01 22:07:54.018  1446  1677 W BroadcastQueue: Skipping delivery: permission review required for Intent { act=android.intent.action.PACKAGE_ADDED dat=package: flg=0x4000010 (has extras) } from null (pid=1446, uid=1000) to com.qiuqiu.dfmc/cn.jpush.android.service.PushReceiver
11-01 22:07:54.018  1446  1677 W BroadcastQueue: u0 Receiving a broadcast in packagecom.safesys.viruskiller requires a permissions review
11-01 22:07:54.018  1446  1677 W BroadcastQueue: Skipping delivery: permission review required for Intent { act=android.intent.action.PACKAGE_ADDED dat=package: flg=0x4000010 (has extras) } from null (pid=1446, uid=1000) to com.safesys.viruskiller/.ScanPackageBroadcast
11-01 22:07:54.018  1446  1677 W BroadcastQueue: u0 Receiving a broadcast in packageio.dcloud.H5BC6BF13 requires a permissions review
11-01 22:07:54.018  1446  1677 W BroadcastQueue: Skipping delivery: permission review required for Intent { act=android.intent.action.PACKAGE_ADDED dat=package: flg=0x4000010 (has extras) } from null (pid=1446, uid=1000) to io.dcloud.H5BC6BF13/io.dcloud.common.adapter.io.DownloadReceiver
11-01 22:07:54.022  1446  1446 V BackupManagerConstants: getFullBackupIntervalMilliseconds(...) returns 86400000
11-01 22:07:54.022  1446  1446 V BackupManagerConstants: getFullBackupRequiredNetworkType(...) returns 2
11-01 22:07:54.022  1446  1446 V BackupManagerConstants: getFullBackupRequireCharging(...) returns true
11-01 22:07:54.029  1446  1676 W WindowMagnificationMgr: requestConnection duplicated request: connect=false, mConnectionState=DISCONNECTED
11-01 22:07:54.050  1446  2004 D CompatibilityChangeReporter: Compat change id reported: 218533173; UID 10233; state: DISABLED
11-01 22:07:54.052  1446  1446 I Telecom : DefaultDialerCache: Refreshing default dialer for user 0: now com.google.android.dialer: DDC.oR@A80
11-01 22:07:54.083  1446  1676 W PackageManager: Failed registering loading progress callback. Package is fully loaded.
11-01 22:07:54.084  1446  1843 E VerityUtils: Failed to measure fs-verity, errno 1: /data/app/~~FvLwNsMxC52N8YYctPGmig==/com.uc108.mobile.sdgj.bd1-1nx7qra1r3t8KytqNkH1Xw==/base.apk
11-01 22:07:54.099  1446  4234 D CompatibilityChangeReporter: Compat change id reported: 161252188; UID 10233; state: DISABLED
11-01 22:07:54.120  1446  1676 W WindowMagnificationMgr: requestConnection duplicated request: connect=false, mConnectionState=DISCONNECTED
11-01 22:07:54.147  1446  4162 W BackupTransportManager: Package com.uc108.mobile.sdgj.bd1 enabled setting: 0
11-01 22:07:54.321  1446  1847 E PackageManager: ERROR: could not load root hash from incremental install
11-01 22:07:54.345  1446  1847 I PackageManager: Integrity check passed for file:///data/app/vmdl1572218504.tmp
11-01 22:07:54.501  1446  1658 V StorageManagerService: Package null has legacy storage
11-01 22:07:54.603  1446  1847 V BackupManagerService: [UserID:0] restoreAtInstall pkg=com.ying.hzblhj token=35 restoreSet=0
11-01 22:07:54.603  1446  1847 V BackupManagerService: [UserID:0] Finishing install immediately
11-01 22:07:54.605  1446  1847 D PackageInstallerSession: Marking session 1572218504 as applied
11-01 22:07:54.607  1446  1847 D CompatibilityChangeReporter: Compat change id reported: 168419799; UID 10234; state: DISABLED
11-01 22:07:54.607  1446  1847 D CompatibilityChangeReporter: Compat change id reported: 273564678; UID 10234; state: DISABLED
11-01 22:07:54.618  1446  1446 I Telecom : DefaultDialerCache: Refreshing default dialer for user 0: now com.google.android.dialer: DDC.oR@A9A
11-01 22:07:54.625  1446  1446 V BackupManagerConstants: getFullBackupIntervalMilliseconds(...) returns 86400000
11-01 22:07:54.625  1446  1446 V BackupManagerConstants: getFullBackupRequiredNetworkType(...) returns 2
11-01 22:07:54.625  1446  1446 V BackupManagerConstants: getFullBackupRequireCharging(...) returns true
11-01 22:07:54.634  1446  1676 W WindowMagnificationMgr: requestConnection duplicated request: connect=false, mConnectionState=DISCONNECTED
11-01 22:07:54.635  1446  5478 W BroadcastQueue: u0 Receiving a broadcast in packagecom.android.buyer requires a permissions review
11-01 22:07:54.635  1446  5478 W BroadcastQueue: Skipping delivery: permission review required for Intent { act=android.intent.action.PACKAGE_ADDED dat=package: flg=0x4000010 (has extras) } from null (pid=1446, uid=1000) to com.android.buyer/.mRve
11-01 22:07:54.654  1446  2004 D CompatibilityChangeReporter: Compat change id reported: 218533173; UID 10234; state: DISABLED
11-01 22:07:54.655  1446  1446 I Telecom : DefaultDialerCache: Refreshing default dialer for user 0: now com.google.android.dialer: DDC.oR@A9E
11-01 22:07:54.656  1446  4162 W BackupTransportManager: Package com.ying.hzblhj enabled setting: 0
11-01 22:07:54.658  1446  1677 W BroadcastQueue: Background execution not allowed: receiving Intent { act=android.intent.action.PACKAGE_ADDED dat=package: flg=0x4000010 (has extras) } to com.google.android.packageinstaller/com.android.packageinstaller.PackageInstalledReceiver
11-01 22:07:54.663  1446  1677 W BroadcastQueue: Background execution not allowed: receiving Intent { act=android.intent.action.PACKAGE_ADDED dat=package: flg=0x4000010 (has extras) } to com.android.vending/com.google.android.finsky.packagemonitor.impl.PackageMonitorReceiverImpl$RegisteredReceiver
11-01 22:07:54.663  1446  1677 W BroadcastQueue: Background execution not allowed: receiving Intent { act=android.intent.action.PACKAGE_ADDED dat=package: flg=0x4000010 (has extras) } to com.android.vending/com.google.android.finsky.packagemonitor.backgroundimpl.BackgroundPackageMonitorReceiverImpl$RegisteredReceiver
11-01 22:07:54.663  1446  1677 W BroadcastQueue: Background execution not allowed: receiving Intent { act=android.intent.action.PACKAGE_ADDED dat=package: flg=0x4000010 (has extras) } to com.google.android.gms/.games.chimera.GamesSystemBroadcastReceiverProxy
11-01 22:07:54.663  1446  1677 W BroadcastQueue: Background execution not allowed: receiving Intent { act=android.intent.action.PACKAGE_ADDED dat=package: flg=0x4000010 (has extras) } to com.google.android.gms/.gass.chimera.PackageChangeBroadcastReceiver
11-01 22:07:54.663  1446  1677 W BroadcastQueue: Background execution not allowed: receiving Intent { act=android.intent.action.PACKAGE_ADDED dat=package: flg=0x4000010 (has extras) } to com.google.android.gms/.chimera.GmsIntentOperationService$PersistentTrustedReceiver
11-01 22:07:54.663  1446  1677 W BroadcastQueue: Background execution not allowed: receiving Intent { act=android.intent.action.PACKAGE_ADDED dat=package: flg=0x4000010 (has extras) } to com.google.android.googlequicksearchbox/com.google.android.apps.gsa.googlequicksearchbox.GelStubAppWatcher
11-01 22:07:54.663  1446  1677 W BroadcastQueue: u0 Receiving a broadcast in packagecom.games.mengmeizhitd requires a permissions review
11-01 22:07:54.663  1446  1677 W BroadcastQueue: Skipping delivery: permission review required for Intent { act=android.intent.action.PACKAGE_ADDED dat=package: flg=0x4000010 (has extras) } from null (pid=1446, uid=1000) to com.games.mengmeizhitd/hjnw.ihjnw.i.isqly
11-01 22:07:54.663  1446  1677 W BroadcastQueue: u0 Receiving a broadcast in packagecom.qiuqiu.dfmc requires a permissions review
11-01 22:07:54.663  1446  1677 W BroadcastQueue: Skipping delivery: permission review required for Intent { act=android.intent.action.PACKAGE_ADDED dat=package: flg=0x4000010 (has extras) } from null (pid=1446, uid=1000) to com.qiuqiu.dfmc/cn.jpush.android.service.PushReceiver
11-01 22:07:54.663  1446  1677 W BroadcastQueue: u0 Receiving a broadcast in packagecom.safesys.viruskiller requires a permissions review
11-01 22:07:54.664  1446  1677 W BroadcastQueue: Skipping delivery: permission review required for Intent { act=android.intent.action.PACKAGE_ADDED dat=package: flg=0x4000010 (has extras) } from null (pid=1446, uid=1000) to com.safesys.viruskiller/.ScanPackageBroadcast
11-01 22:07:54.664  1446  1677 W BroadcastQueue: u0 Receiving a broadcast in packagecom.uc108.mobile.sdgj.bd1 requires a permissions review
11-01 22:07:54.664  1446  1677 W BroadcastQueue: Skipping delivery: permission review required for Intent { act=android.intent.action.PACKAGE_ADDED dat=package: flg=0x4000010 (has extras) } from null (pid=1446, uid=1000) to com.uc108.mobile.sdgj.bd1/com.baidu.tiebasdk.service.InstallReceiver
11-01 22:07:54.664  1446  1677 W BroadcastQueue: u0 Receiving a broadcast in packageio.dcloud.H5BC6BF13 requires a permissions review
11-01 22:07:54.664  1446  1677 W BroadcastQueue: Skipping delivery: permission review required for Intent { act=android.intent.action.PACKAGE_ADDED dat=package: flg=0x4000010 (has extras) } from null (pid=1446, uid=1000) to io.dcloud.H5BC6BF13/io.dcloud.common.adapter.io.DownloadReceiver
11-01 22:07:54.683  1446  4228 D CompatibilityChangeReporter: Compat change id reported: 161252188; UID 10234; state: DISABLED
11-01 22:07:54.709  1446  1843 E VerityUtils: Failed to measure fs-verity, errno 1: /data/app/~~y5CORFT0wDcMCInDcu-NIw==/com.ying.hzblhj-YtAXh_q9jy4hEWPRDtziQg==/base.apk
11-01 22:07:54.729  1446  1847 E PackageManager: ERROR: could not load root hash from incremental install
11-01 22:07:54.732  1446  1676 W PackageManager: Failed registering loading progress callback. Package is fully loaded.
11-01 22:07:54.739  1446  1676 W WindowMagnificationMgr: requestConnection duplicated request: connect=false, mConnectionState=DISCONNECTED
11-01 22:07:54.756  1446  1847 I PackageManager: Integrity check passed for file:///data/app/vmdl817635995.tmp
11-01 22:07:54.832  1446  1847 I PackageManager: Permission ownership changed. Updating all permissions.
11-01 22:07:54.933  1446  1658 W Looper  : Slow dispatch took 100ms android.fg h=android.os.Handler c=<recycled PooledLambda@e2bc977> m=0
11-01 22:07:54.963  1446  4239 I ActivityTaskManager: START u0 {flg=0x14000000 cmp=com.bitdefender.security/.antimalware.NotifyUserMalware (has extras)} from uid 10194
11-01 22:07:54.985  1446  4239 W ActivityTaskManager: Tried to set launchTime (0) < mLastActivityLaunchTime (669515)
11-01 22:07:55.029  1446  5477 D CoreBackPreview: Window{a9ecf3d u0 com.bitdefender.security/com.bitdefender.security.antimalware.NotifyUserMalware}: Setting back callback OnBackInvokedCallbackInfo{mCallback=android.window.IOnBackInvokedCallback$Stub$Proxy@428207e, mPriority=0}
11-01 22:07:55.067  1446  1658 V StorageManagerService: Package null has legacy storage
11-01 22:07:55.079  1446  3771 D CoreBackPreview: Window{6023078 u0 com.bitdefender.security/com.bitdefender.security.antimalware.NotifyUserMalware}: Setting back callback null
11-01 22:07:55.098  1446  5477 I ActivityTaskManager: START u0 {flg=0x14000000 cmp=com.bitdefender.security/.antimalware.NotifyUserMalware (has extras)} from uid 10194
11-01 22:07:55.115  1446  4239 W ActivityTaskManager: Tried to set launchTime (0) < mLastActivityLaunchTime (671500)
11-01 22:07:55.155  1446  4239 D CoreBackPreview: Window{972dc9b u0 com.bitdefender.security/com.bitdefender.security.antimalware.NotifyUserMalware}: Setting back callback OnBackInvokedCallbackInfo{mCallback=android.window.IOnBackInvokedCallback$Stub$Proxy@cc3d011, mPriority=0}
11-01 22:07:55.182  1446  1446 W NotificationHistory: Attempted to add notif for locked/gone/disabled user 0
11-01 22:07:55.196  1446  5475 D CoreBackPreview: Window{a9ecf3d u0 com.bitdefender.security/com.bitdefender.security.antimalware.NotifyUserMalware}: Setting back callback null
11-01 22:07:55.289  1446  1847 V BackupManagerService: [UserID:0] restoreAtInstall pkg=com.hgperfko.yaeghrwx token=36 restoreSet=0
11-01 22:07:55.290  1446  1847 V BackupManagerService: [UserID:0] Finishing install immediately
11-01 22:07:55.291  1446  1847 D PackageInstallerSession: Marking session 817635995 as applied
11-01 22:07:55.296  1446  1847 D CompatibilityChangeReporter: Compat change id reported: 168419799; UID 10235; state: DISABLED
11-01 22:07:55.296  1446  1847 D CompatibilityChangeReporter: Compat change id reported: 273564678; UID 10235; state: DISABLED
11-01 22:07:55.307  1446  1446 I Telecom : DefaultDialerCache: Refreshing default dialer for user 0: now com.google.android.dialer: DDC.oR@A9Y
11-01 22:07:55.315  1446  1446 V BackupManagerConstants: getFullBackupIntervalMilliseconds(...) returns 86400000
11-01 22:07:55.315  1446  1446 V BackupManagerConstants: getFullBackupRequiredNetworkType(...) returns 2
11-01 22:07:55.315  1446  1446 V BackupManagerConstants: getFullBackupRequireCharging(...) returns true
11-01 22:07:55.317  1446  1677 W BroadcastQueue: u0 Receiving a broadcast in packagecom.android.buyer requires a permissions review
11-01 22:07:55.317  1446  1677 W BroadcastQueue: Skipping delivery: permission review required for Intent { act=android.intent.action.PACKAGE_ADDED dat=package: flg=0x4000010 (has extras) } from null (pid=1446, uid=1000) to com.android.buyer/.mRve
11-01 22:07:55.317  1446  1677 W BroadcastQueue: Background execution not allowed: receiving Intent { act=android.intent.action.PACKAGE_ADDED dat=package: flg=0x4000010 (has extras) } to com.google.android.packageinstaller/com.android.packageinstaller.PackageInstalledReceiver
11-01 22:07:55.317  1446  1677 W BroadcastQueue: Background execution not allowed: receiving Intent { act=android.intent.action.PACKAGE_ADDED dat=package: flg=0x4000010 (has extras) } to com.android.vending/com.google.android.finsky.packagemonitor.impl.PackageMonitorReceiverImpl$RegisteredReceiver
11-01 22:07:55.317  1446  1677 W BroadcastQueue: Background execution not allowed: receiving Intent { act=android.intent.action.PACKAGE_ADDED dat=package: flg=0x4000010 (has extras) } to com.android.vending/com.google.android.finsky.packagemonitor.backgroundimpl.BackgroundPackageMonitorReceiverImpl$RegisteredReceiver
11-01 22:07:55.317  1446  1677 W BroadcastQueue: Background execution not allowed: receiving Intent { act=android.intent.action.PACKAGE_ADDED dat=package: flg=0x4000010 (has extras) } to com.google.android.gms/.games.chimera.GamesSystemBroadcastReceiverProxy
11-01 22:07:55.317  1446  1677 W BroadcastQueue: Background execution not allowed: receiving Intent { act=android.intent.action.PACKAGE_ADDED dat=package: flg=0x4000010 (has extras) } to com.google.android.gms/.gass.chimera.PackageChangeBroadcastReceiver
11-01 22:07:55.317  1446  1677 W BroadcastQueue: Background execution not allowed: receiving Intent { act=android.intent.action.PACKAGE_ADDED dat=package: flg=0x4000010 (has extras) } to com.google.android.gms/.chimera.GmsIntentOperationService$PersistentTrustedReceiver
11-01 22:07:55.318  1446  1677 W BroadcastQueue: Background execution not allowed: receiving Intent { act=android.intent.action.PACKAGE_ADDED dat=package: flg=0x4000010 (has extras) } to com.google.android.googlequicksearchbox/com.google.android.apps.gsa.googlequicksearchbox.GelStubAppWatcher
11-01 22:07:55.318  1446  1677 W BroadcastQueue: u0 Receiving a broadcast in packagecom.games.mengmeizhitd requires a permissions review
11-01 22:07:55.318  1446  1677 W BroadcastQueue: Skipping delivery: permission review required for Intent { act=android.intent.action.PACKAGE_ADDED dat=package: flg=0x4000010 (has extras) } from null (pid=1446, uid=1000) to com.games.mengmeizhitd/hjnw.ihjnw.i.isqly
11-01 22:07:55.318  1446  1677 W BroadcastQueue: u0 Receiving a broadcast in packagecom.qiuqiu.dfmc requires a permissions review
11-01 22:07:55.318  1446  1677 W BroadcastQueue: Skipping delivery: permission review required for Intent { act=android.intent.action.PACKAGE_ADDED dat=package: flg=0x4000010 (has extras) } from null (pid=1446, uid=1000) to com.qiuqiu.dfmc/cn.jpush.android.service.PushReceiver
11-01 22:07:55.318  1446  1677 W BroadcastQueue: u0 Receiving a broadcast in packagecom.safesys.viruskiller requires a permissions review
11-01 22:07:55.318  1446  1677 W BroadcastQueue: Skipping delivery: permission review required for Intent { act=android.intent.action.PACKAGE_ADDED dat=package: flg=0x4000010 (has extras) } from null (pid=1446, uid=1000) to com.safesys.viruskiller/.ScanPackageBroadcast
11-01 22:07:55.318  1446  1677 W BroadcastQueue: u0 Receiving a broadcast in packagecom.uc108.mobile.sdgj.bd1 requires a permissions review
11-01 22:07:55.318  1446  1677 W BroadcastQueue: Skipping delivery: permission review required for Intent { act=android.intent.action.PACKAGE_ADDED dat=package: flg=0x4000010 (has extras) } from null (pid=1446, uid=1000) to com.uc108.mobile.sdgj.bd1/com.baidu.tiebasdk.service.InstallReceiver
11-01 22:07:55.318  1446  1677 W BroadcastQueue: u0 Receiving a broadcast in packageio.dcloud.H5BC6BF13 requires a permissions review
11-01 22:07:55.318  1446  1677 W BroadcastQueue: Skipping delivery: permission review required for Intent { act=android.intent.action.PACKAGE_ADDED dat=package: flg=0x4000010 (has extras) } from null (pid=1446, uid=1000) to io.dcloud.H5BC6BF13/io.dcloud.common.adapter.io.DownloadReceiver
11-01 22:07:55.320  1446  1446 E NotificationService: Muting recently noisy 0|com.bitdefender.security|-340874570|null|10194
11-01 22:07:55.327  1446  4239 I ActivityManager: Background started FGS: Allowed [callingPackage: com.google.android.apps.wellbeing; callingUid: 10121; uidState: BFGS; intent: Intent { cmp=com.google.android.apps.wellbeing/com.google.apps.tiktok.concurrent.InternalForegroundService (has extras) }; code:BACKGROUND_ACTIVITY_PERMISSION; tempAllowListReason:<null>; targetSdkVersion:33; callerTargetSdkVersion:33; startForegroundCount:0; bindFromPackage:null]
11-01 22:07:55.328  1446  1446 W NotificationHistory: Attempted to add notif for locked/gone/disabled user 0
11-01 22:07:55.343  1446  2004 D CompatibilityChangeReporter: Compat change id reported: 218533173; UID 10235; state: DISABLED
11-01 22:07:55.349  1446  1446 I Telecom : DefaultDialerCache: Refreshing default dialer for user 0: now com.google.android.dialer: DDC.oR@A9k
11-01 22:07:55.350  1446  1676 W WindowMagnificationMgr: requestConnection duplicated request: connect=false, mConnectionState=DISCONNECTED
11-01 22:07:55.354  1446  1843 E VerityUtils: Failed to measure fs-verity, errno 1: /data/app/~~fkR8cOEiQ-UkanpreoCkVA==/com.hgperfko.yaeghrwx-sptS2z_yZfkB8MlxGJERaQ==/base.apk
11-01 22:07:55.400  1446  3771 D CompatibilityChangeReporter: Compat change id reported: 161252188; UID 10235; state: DISABLED
11-01 22:07:55.401  1446  1676 W PackageManager: Failed registering loading progress callback. Package is fully loaded.
11-01 22:07:55.416  1446  1676 W WindowMagnificationMgr: requestConnection duplicated request: connect=false, mConnectionState=DISCONNECTED
11-01 22:07:55.448  1446  4162 W BackupTransportManager: Package com.hgperfko.yaeghrwx enabled setting: 0
11-01 22:07:55.500  1446  1847 E PackageManager: ERROR: could not load root hash from incremental install
11-01 22:07:55.504  1446  2034 W PackageParsing: Ignoring duplicate uses-permissions/uses-permissions-sdk-m: android.permission.ACCESS_NETWORK_STATE in package: com.livegame.wallpapermingche at: Binary XML file line #99
11-01 22:07:55.504  1446  2034 W PackageParsing: Ignoring duplicate uses-permissions/uses-permissions-sdk-m: android.permission.READ_PHONE_STATE in package: com.livegame.wallpapermingche at: Binary XML file line #100
11-01 22:07:55.504  1446  2034 W PackageParsing: Ignoring duplicate uses-permissions/uses-permissions-sdk-m: android.permission.ACCESS_WIFI_STATE in package: com.livegame.wallpapermingche at: Binary XML file line #101
11-01 22:07:55.504  1446  2034 W PackageParsing: Ignoring duplicate uses-permissions/uses-permissions-sdk-m: android.permission.INTERNET in package: com.livegame.wallpapermingche at: Binary XML file line #103
11-01 22:07:55.504  1446  2034 W PackageParsing: Ignoring duplicate uses-permissions/uses-permissions-sdk-m: android.permission.WRITE_EXTERNAL_STORAGE in package: com.livegame.wallpapermingche at: Binary XML file line #105
11-01 22:07:55.519  1446  1847 I PackageManager: Integrity check passed for file:///data/app/vmdl1174684321.tmp
11-01 22:07:55.552  1446  1847 W PackageParsing: Ignoring duplicate uses-permissions/uses-permissions-sdk-m: android.permission.ACCESS_NETWORK_STATE in package: com.livegame.wallpapermingche at: Binary XML file line #99
11-01 22:07:55.552  1446  1847 W PackageParsing: Ignoring duplicate uses-permissions/uses-permissions-sdk-m: android.permission.READ_PHONE_STATE in package: com.livegame.wallpapermingche at: Binary XML file line #100
11-01 22:07:55.552  1446  1847 W PackageParsing: Ignoring duplicate uses-permissions/uses-permissions-sdk-m: android.permission.ACCESS_WIFI_STATE in package: com.livegame.wallpapermingche at: Binary XML file line #101
11-01 22:07:55.552  1446  1847 W PackageParsing: Ignoring duplicate uses-permissions/uses-permissions-sdk-m: android.permission.INTERNET in package: com.livegame.wallpapermingche at: Binary XML file line #103
11-01 22:07:55.552  1446  1847 W PackageParsing: Ignoring duplicate uses-permissions/uses-permissions-sdk-m: android.permission.WRITE_EXTERNAL_STORAGE in package: com.livegame.wallpapermingche at: Binary XML file line #105
11-01 22:07:55.626  1446  1658 V StorageManagerService: Package null has legacy storage
11-01 22:07:55.634  1446  1446 I NotificationService: Cannot find enqueued record for key: 0|com.google.android.apps.wellbeing|174344743|null|10121
11-01 22:07:55.727  1446  5659 I ActivityTaskManager: START u0 {flg=0x14000000 cmp=com.bitdefender.security/.antimalware.NotifyUserMalware (has extras)} from uid 10194
11-01 22:07:55.746  1446  6869 W ActivityTaskManager: Tried to set launchTime (0) < mLastActivityLaunchTime (671630)
11-01 22:07:55.789  1446  5660 D CoreBackPreview: Window{6b6e919 u0 com.bitdefender.security/com.bitdefender.security.antimalware.NotifyUserMalware}: Setting back callback OnBackInvokedCallbackInfo{mCallback=android.window.IOnBackInvokedCallback$Stub$Proxy@ecbbbf, mPriority=0}
11-01 22:07:55.821  1446  5661 D CoreBackPreview: Window{972dc9b u0 com.bitdefender.security/com.bitdefender.security.antimalware.NotifyUserMalware}: Setting back callback null
11-01 22:07:55.851  1446  1847 V BackupManagerService: [UserID:0] restoreAtInstall pkg=com.livegame.wallpapermingche token=37 restoreSet=0
11-01 22:07:55.851  1446  1847 V BackupManagerService: [UserID:0] Finishing install immediately
11-01 22:07:55.852  1446  1847 D PackageInstallerSession: Marking session 1174684321 as applied
11-01 22:07:55.855  1446  1847 D CompatibilityChangeReporter: Compat change id reported: 168419799; UID 10236; state: DISABLED
11-01 22:07:55.855  1446  1847 D CompatibilityChangeReporter: Compat change id reported: 273564678; UID 10236; state: DISABLED
11-01 22:07:55.859  1446  4225 W BroadcastQueue: u0 Receiving a broadcast in packagecom.android.buyer requires a permissions review
11-01 22:07:55.859  1446  4225 W BroadcastQueue: Skipping delivery: permission review required for Intent { act=android.intent.action.PACKAGE_ADDED dat=package: flg=0x4000010 (has extras) } from null (pid=1446, uid=1000) to com.android.buyer/.mRve
11-01 22:07:55.869  1446  1677 W BroadcastQueue: Background execution not allowed: receiving Intent { act=android.intent.action.PACKAGE_ADDED dat=package: flg=0x4000010 (has extras) } to com.google.android.packageinstaller/com.android.packageinstaller.PackageInstalledReceiver
11-01 22:07:55.871  1446  1446 I Telecom : DefaultDialerCache: Refreshing default dialer for user 0: now com.google.android.dialer: DDC.oR@A94
11-01 22:07:55.873  1446  1677 W BroadcastQueue: Background execution not allowed: receiving Intent { act=android.intent.action.PACKAGE_ADDED dat=package: flg=0x4000010 (has extras) } to com.android.vending/com.google.android.finsky.packagemonitor.impl.PackageMonitorReceiverImpl$RegisteredReceiver
11-01 22:07:55.873  1446  1677 W BroadcastQueue: Background execution not allowed: receiving Intent { act=android.intent.action.PACKAGE_ADDED dat=package: flg=0x4000010 (has extras) } to com.android.vending/com.google.android.finsky.packagemonitor.backgroundimpl.BackgroundPackageMonitorReceiverImpl$RegisteredReceiver
11-01 22:07:55.873  1446  1677 W BroadcastQueue: Background execution not allowed: receiving Intent { act=android.intent.action.PACKAGE_ADDED dat=package: flg=0x4000010 (has extras) } to com.google.android.gms/.games.chimera.GamesSystemBroadcastReceiverProxy
11-01 22:07:55.873  1446  1677 W BroadcastQueue: Background execution not allowed: receiving Intent { act=android.intent.action.PACKAGE_ADDED dat=package: flg=0x4000010 (has extras) } to com.google.android.gms/.gass.chimera.PackageChangeBroadcastReceiver
11-01 22:07:55.873  1446  1677 W BroadcastQueue: Background execution not allowed: receiving Intent { act=android.intent.action.PACKAGE_ADDED dat=package: flg=0x4000010 (has extras) } to com.google.android.gms/.chimera.GmsIntentOperationService$PersistentTrustedReceiver
11-01 22:07:55.873  1446  1677 W BroadcastQueue: Background execution not allowed: receiving Intent { act=android.intent.action.PACKAGE_ADDED dat=package: flg=0x4000010 (has extras) } to com.google.android.googlequicksearchbox/com.google.android.apps.gsa.googlequicksearchbox.GelStubAppWatcher
11-01 22:07:55.873  1446  1677 W BroadcastQueue: u0 Receiving a broadcast in packagecom.games.mengmeizhitd requires a permissions review
11-01 22:07:55.873  1446  1677 W BroadcastQueue: Skipping delivery: permission review required for Intent { act=android.intent.action.PACKAGE_ADDED dat=package: flg=0x4000010 (has extras) } from null (pid=1446, uid=1000) to com.games.mengmeizhitd/hjnw.ihjnw.i.isqly
11-01 22:07:55.873  1446  1677 W BroadcastQueue: u0 Receiving a broadcast in packagecom.hgperfko.yaeghrwx requires a permissions review
