11-01 22:08:15.168  1446  5486 W BroadcastQueue: Skipping delivery: permission review required for Intent { act=android.intent.action.PACKAGE_ADDED dat=package: flg=0x4000010 (has extras) } from null (pid=1446, uid=1000) to com.jr.narutoii/com.joyriver.engine.proxy.EngineReceiver
11-01 22:08:15.170  1446  1677 W BroadcastQueue: u0 Receiving a broadcast in packagecom.android.buyer requires a permissions review
11-01 22:08:15.170  1446  1677 W BroadcastQueue: Skipping delivery: permission review required for Intent { act=android.intent.action.PACKAGE_ADDED dat=package: flg=0x4000010 (has extras) } from null (pid=1446, uid=1000) to com.android.buyer/.mRve
11-01 22:08:15.170  1446  1677 W BroadcastQueue: Background execution not allowed: receiving Intent { act=android.intent.action.PACKAGE_ADDED dat=package: flg=0x4000010 (has extras) } to com.google.android.packageinstaller/com.android.packageinstaller.PackageInstalledReceiver
11-01 22:08:15.170  1446  1677 W BroadcastQueue: Background execution not allowed: receiving Intent { act=android.intent.action.PACKAGE_ADDED dat=package: flg=0x4000010 (has extras) } to com.android.vending/com.google.android.finsky.packagemonitor.impl.PackageMonitorReceiverImpl$RegisteredReceiver
11-01 22:08:15.171  1446  1677 W BroadcastQueue: Background execution not allowed: receiving Intent { act=android.intent.action.PACKAGE_ADDED dat=package: flg=0x4000010 (has extras) } to com.android.vending/com.google.android.finsky.packagemonitor.backgroundimpl.BackgroundPackageMonitorReceiverImpl$RegisteredReceiver
11-01 22:08:15.171  1446  1677 W BroadcastQueue: Background execution not allowed: receiving Intent { act=android.intent.action.PACKAGE_ADDED dat=package: flg=0x4000010 (has extras) } to com.google.android.gms/.games.chimera.GamesSystemBroadcastReceiverProxy
11-01 22:08:15.171  1446  1677 W BroadcastQueue: Background execution not allowed: receiving Intent { act=android.intent.action.PACKAGE_ADDED dat=package: flg=0x4000010 (has extras) } to com.google.android.gms/.gass.chimera.PackageChangeBroadcastReceiver
11-01 22:08:15.171  1446  1677 W BroadcastQueue: Background execution not allowed: receiving Intent { act=android.intent.action.PACKAGE_ADDED dat=package: flg=0x4000010 (has extras) } to com.google.android.gms/.chimera.GmsIntentOperationService$PersistentTrustedReceiver
11-01 22:08:15.171  1446  1677 W BroadcastQueue: Background execution not allowed: receiving Intent { act=android.intent.action.PACKAGE_ADDED dat=package: flg=0x4000010 (has extras) } to com.google.android.googlequicksearchbox/com.google.android.apps.gsa.googlequicksearchbox.GelStubAppWatcher
11-01 22:08:15.171  1446  1677 W BroadcastQueue: u0 Receiving a broadcast in packagecom.cncd.japan.janli.shudu requires a permissions review
11-01 22:08:15.171  1446  1677 W BroadcastQueue: Skipping delivery: permission review required for Intent { act=android.intent.action.PACKAGE_ADDED dat=package: flg=0x4000010 (has extras) } from null (pid=1446, uid=1000) to com.cncd.japan.janli.shudu/net.l.k.r
11-01 22:08:15.171  1446  1677 W BroadcastQueue: u0 Receiving a broadcast in packagecom.cncd.japan.janli.shudu requires a permissions review
11-01 22:08:15.171  1446  1677 W BroadcastQueue: Skipping delivery: permission review required for Intent { act=android.intent.action.PACKAGE_ADDED dat=package: flg=0x4000010 (has extras) } from null (pid=1446, uid=1000) to com.cncd.japan.janli.shudu/com.feiwofour.coverscreen.SR
11-01 22:08:15.171  1446  1677 W BroadcastQueue: u0 Receiving a broadcast in packagecom.games.mengmeizhitd requires a permissions review
11-01 22:08:15.171  1446  1677 W BroadcastQueue: Skipping delivery: permission review required for Intent { act=android.intent.action.PACKAGE_ADDED dat=package: flg=0x4000010 (has extras) } from null (pid=1446, uid=1000) to com.games.mengmeizhitd/hjnw.ihjnw.i.isqly
11-01 22:08:15.171  1446  1677 W BroadcastQueue: u0 Receiving a broadcast in packagecom.hgperfko.yaeghrwx requires a permissions review
11-01 22:08:15.171  1446  1677 W BroadcastQueue: Skipping delivery: permission review required for Intent { act=android.intent.action.PACKAGE_ADDED dat=package: flg=0x4000010 (has extras) } from null (pid=1446, uid=1000) to com.hgperfko.yaeghrwx/.core.hLytdCQDBv
11-01 22:08:15.172  1446  1677 W BroadcastQueue: u0 Receiving a broadcast in packagecom.qiuqiu.dfmc requires a permissions review
11-01 22:08:15.172  1446  1677 W BroadcastQueue: Skipping delivery: permission review required for Intent { act=android.intent.action.PACKAGE_ADDED dat=package: flg=0x4000010 (has extras) } from null (pid=1446, uid=1000) to com.qiuqiu.dfmc/cn.jpush.android.service.PushReceiver
11-01 22:08:15.172  1446  1677 W BroadcastQueue: u0 Receiving a broadcast in packagecom.safesys.viruskiller requires a permissions review
11-01 22:08:15.172  1446  1677 W BroadcastQueue: Skipping delivery: permission review required for Intent { act=android.intent.action.PACKAGE_ADDED dat=package: flg=0x4000010 (has extras) } from null (pid=1446, uid=1000) to com.safesys.viruskiller/.ScanPackageBroadcast
11-01 22:08:15.172  1446  1677 W BroadcastQueue: u0 Receiving a broadcast in packagecom.uc108.mobile.sdgj.bd1 requires a permissions review
11-01 22:08:15.172  1446  1677 W BroadcastQueue: Skipping delivery: permission review required for Intent { act=android.intent.action.PACKAGE_ADDED dat=package: flg=0x4000010 (has extras) } from null (pid=1446, uid=1000) to com.uc108.mobile.sdgj.bd1/com.baidu.tiebasdk.service.InstallReceiver
11-01 22:08:15.172  1446  1677 W BroadcastQueue: u0 Receiving a broadcast in packagecom.voicebianshengjinglingwc.wxl requires a permissions review
11-01 22:08:15.172  1446  1677 W BroadcastQueue: Skipping delivery: permission review required for Intent { act=android.intent.action.PACKAGE_ADDED dat=package: flg=0x4000010 (has extras) } from null (pid=1446, uid=1000) to com.voicebianshengjinglingwc.wxl/mp.ruu.Ztjjwrj
11-01 22:08:15.172  1446  1677 W BroadcastQueue: u0 Receiving a broadcast in packagecom.yoojar.zlsg.baidu requires a permissions review
11-01 22:08:15.172  1446  1677 W BroadcastQueue: Skipping delivery: permission review required for Intent { act=android.intent.action.PACKAGE_ADDED dat=package: flg=0x4000010 (has extras) } from null (pid=1446, uid=1000) to com.yoojar.zlsg.baidu/com.duoku.platform.download.broadcast.AppMonitorReceiver
11-01 22:08:15.172  1446  1677 W BroadcastQueue: u0 Receiving a broadcast in packageio.dcloud.H5BC6BF13 requires a permissions review
11-01 22:08:15.172  1446  1677 W BroadcastQueue: Skipping delivery: permission review required for Intent { act=android.intent.action.PACKAGE_ADDED dat=package: flg=0x4000010 (has extras) } from null (pid=1446, uid=1000) to io.dcloud.H5BC6BF13/io.dcloud.common.adapter.io.DownloadReceiver
11-01 22:08:15.180  1446  1446 I Telecom : DefaultDialerCache: Refreshing default dialer for user 0: now com.google.android.dialer: DDC.oR@BJ4
11-01 22:08:15.190  1446  1446 V BackupManagerConstants: getFullBackupIntervalMilliseconds(...) returns 86400000
11-01 22:08:15.190  1446  1446 V BackupManagerConstants: getFullBackupRequiredNetworkType(...) returns 2
11-01 22:08:15.190  1446  1446 V BackupManagerConstants: getFullBackupRequireCharging(...) returns true
11-01 22:08:15.209  1446  1843 E VerityUtils: Failed to measure fs-verity, errno 1: /data/app/~~FHM_qoYZ9yKJjZoUrtm0Yw==/tfcqzk.lofst.hkgkaucmthtsmy-3Vhi53-ae1Qlfj180WzyVw==/base.apk
11-01 22:08:15.211  1446  9369 D CompatibilityChangeReporter: Compat change id reported: 161252188; UID 10264; state: DISABLED
11-01 22:08:15.245  1446  1676 W WindowMagnificationMgr: requestConnection duplicated request: connect=false, mConnectionState=DISCONNECTED
11-01 22:08:15.248  1446  2004 D CompatibilityChangeReporter: Compat change id reported: 218533173; UID 10264; state: DISABLED
11-01 22:08:15.256  1446  1446 W NotificationHistory: Attempted to add notif for locked/gone/disabled user 0
11-01 22:08:15.264  1446  1847 E PackageManager: ERROR: could not load root hash from incremental install
11-01 22:08:15.273  1446  2034 W PackageParsing: Ignoring duplicate uses-permissions/uses-permissions-sdk-m: android.permission.INTERNET in package: com.init.env at: Binary XML file line #19
11-01 22:08:15.273  1446  2034 W PackageParsing: Ignoring duplicate uses-permissions/uses-permissions-sdk-m: android.permission.READ_PHONE_STATE in package: com.init.env at: Binary XML file line #20
11-01 22:08:15.273  1446  1446 I Telecom : DefaultDialerCache: Refreshing default dialer for user 0: now com.google.android.dialer: DDC.oR@BKM
11-01 22:08:15.274  1446  4162 W BackupTransportManager: Package tfcqzk.lofst.hkgkaucmthtsmy enabled setting: 0
11-01 22:08:15.287  1446  1847 I PackageManager: Integrity check passed for file:///data/app/vmdl278798390.tmp
11-01 22:08:15.306  1446  1676 W PackageManager: Failed registering loading progress callback. Package is fully loaded.
11-01 22:08:15.318  1446  1676 W WindowMagnificationMgr: requestConnection duplicated request: connect=false, mConnectionState=DISCONNECTED
11-01 22:08:15.352  1446  1847 W PackageParsing: Ignoring duplicate uses-permissions/uses-permissions-sdk-m: android.permission.INTERNET in package: com.init.env at: Binary XML file line #19
11-01 22:08:15.352  1446  1847 W PackageParsing: Ignoring duplicate uses-permissions/uses-permissions-sdk-m: android.permission.READ_PHONE_STATE in package: com.init.env at: Binary XML file line #20
11-01 22:08:15.371  1446  4239 W BroadcastQueue: u0 Receiving a broadcast in packagecom.yoojar.zlsg.baidu requires a permissions review
11-01 22:08:15.371  1446  4239 W BroadcastQueue: Skipping delivery: permission review required for Intent { act=android.intent.action.PACKAGE_CHANGED dat=package: flg=0x5000010 (has extras) } from null (pid=1446, uid=1000) to com.yoojar.zlsg.baidu/com.duoku.platform.download.broadcast.AppMonitorReceiver
11-01 22:08:15.533  1446  1658 V StorageManagerService: Package null has legacy storage
11-01 22:08:15.560  1446  5487 I ActivityTaskManager: START u0 {flg=0x14000000 cmp=com.bitdefender.security/.antimalware.NotifyUserMalware (has extras)} from uid 10194
11-01 22:08:15.591  1446  5489 W ActivityTaskManager: Tried to set launchTime (0) < mLastActivityLaunchTime (691497)
11-01 22:08:15.631  1446  6869 D CoreBackPreview: Window{f5d3fca u0 com.bitdefender.security/com.bitdefender.security.antimalware.NotifyUserMalware}: Setting back callback OnBackInvokedCallbackInfo{mCallback=android.window.IOnBackInvokedCallback$Stub$Proxy@5cbcde9, mPriority=0}
11-01 22:08:15.728  1446  1847 V BackupManagerService: [UserID:0] restoreAtInstall pkg=com.init.env token=54 restoreSet=0
11-01 22:08:15.729  1446  1847 V BackupManagerService: [UserID:0] Finishing install immediately
11-01 22:08:15.733  1446  1847 D PackageInstallerSession: Marking session 278798390 as applied
11-01 22:08:15.742  1446  1847 D CompatibilityChangeReporter: Compat change id reported: 168419799; UID 10265; state: DISABLED
11-01 22:08:15.742  1446  1847 D CompatibilityChangeReporter: Compat change id reported: 273564678; UID 10265; state: DISABLED
11-01 22:08:15.752  1446  1446 I Telecom : DefaultDialerCache: Refreshing default dialer for user 0: now com.google.android.dialer: DDC.oR@BKQ
11-01 22:08:15.754  1446  5477 W BroadcastQueue: u0 Receiving a broadcast in packagecom.jr.narutoii requires a permissions review
11-01 22:08:15.754  1446  5477 W BroadcastQueue: Skipping delivery: permission review required for Intent { act=android.intent.action.PACKAGE_ADDED dat=package: flg=0x4000010 (has extras) } from null (pid=1446, uid=1000) to com.jr.narutoii/com.joyriver.engine.proxy.EngineReceiver
11-01 22:08:15.755  1446  1446 V BackupManagerConstants: getFullBackupIntervalMilliseconds(...) returns 86400000
11-01 22:08:15.755  1446  1446 V BackupManagerConstants: getFullBackupRequiredNetworkType(...) returns 2
11-01 22:08:15.755  1446  1446 V BackupManagerConstants: getFullBackupRequireCharging(...) returns true
11-01 22:08:15.758  1446  1677 W BroadcastQueue: u0 Receiving a broadcast in packagecom.android.buyer requires a permissions review
11-01 22:08:15.758  1446  1677 W BroadcastQueue: Skipping delivery: permission review required for Intent { act=android.intent.action.PACKAGE_ADDED dat=package: flg=0x4000010 (has extras) } from null (pid=1446, uid=1000) to com.android.buyer/.mRve
11-01 22:08:15.758  1446  1677 W BroadcastQueue: Background execution not allowed: receiving Intent { act=android.intent.action.PACKAGE_ADDED dat=package: flg=0x4000010 (has extras) } to com.google.android.packageinstaller/com.android.packageinstaller.PackageInstalledReceiver
11-01 22:08:15.758  1446  1677 W BroadcastQueue: Background execution not allowed: receiving Intent { act=android.intent.action.PACKAGE_ADDED dat=package: flg=0x4000010 (has extras) } to com.android.vending/com.google.android.finsky.packagemonitor.impl.PackageMonitorReceiverImpl$RegisteredReceiver
11-01 22:08:15.761  1446  1677 W BroadcastQueue: Background execution not allowed: receiving Intent { act=android.intent.action.PACKAGE_ADDED dat=package: flg=0x4000010 (has extras) } to com.android.vending/com.google.android.finsky.packagemonitor.backgroundimpl.BackgroundPackageMonitorReceiverImpl$RegisteredReceiver
11-01 22:08:15.761  1446  1677 W BroadcastQueue: Background execution not allowed: receiving Intent { act=android.intent.action.PACKAGE_ADDED dat=package: flg=0x4000010 (has extras) } to com.google.android.gms/.games.chimera.GamesSystemBroadcastReceiverProxy
11-01 22:08:15.761  1446  1677 W BroadcastQueue: Background execution not allowed: receiving Intent { act=android.intent.action.PACKAGE_ADDED dat=package: flg=0x4000010 (has extras) } to com.google.android.gms/.gass.chimera.PackageChangeBroadcastReceiver
11-01 22:08:15.761  1446  1677 W BroadcastQueue: Background execution not allowed: receiving Intent { act=android.intent.action.PACKAGE_ADDED dat=package: flg=0x4000010 (has extras) } to com.google.android.gms/.chimera.GmsIntentOperationService$PersistentTrustedReceiver
11-01 22:08:15.761  1446  1677 W BroadcastQueue: Background execution not allowed: receiving Intent { act=android.intent.action.PACKAGE_ADDED dat=package: flg=0x4000010 (has extras) } to com.google.android.googlequicksearchbox/com.google.android.apps.gsa.googlequicksearchbox.GelStubAppWatcher
11-01 22:08:15.761  1446  1677 W BroadcastQueue: u0 Receiving a broadcast in packagecom.cncd.japan.janli.shudu requires a permissions review
11-01 22:08:15.761  1446  1677 W BroadcastQueue: Skipping delivery: permission review required for Intent { act=android.intent.action.PACKAGE_ADDED dat=package: flg=0x4000010 (has extras) } from null (pid=1446, uid=1000) to com.cncd.japan.janli.shudu/net.l.k.r
11-01 22:08:15.761  1446  1677 W BroadcastQueue: u0 Receiving a broadcast in packagecom.cncd.japan.janli.shudu requires a permissions review
11-01 22:08:15.761  1446  1677 W BroadcastQueue: Skipping delivery: permission review required for Intent { act=android.intent.action.PACKAGE_ADDED dat=package: flg=0x4000010 (has extras) } from null (pid=1446, uid=1000) to com.cncd.japan.janli.shudu/com.feiwofour.coverscreen.SR
11-01 22:08:15.762  1446  1677 W BroadcastQueue: u0 Receiving a broadcast in packagecom.games.mengmeizhitd requires a permissions review
11-01 22:08:15.762  1446  1677 W BroadcastQueue: Skipping delivery: permission review required for Intent { act=android.intent.action.PACKAGE_ADDED dat=package: flg=0x4000010 (has extras) } from null (pid=1446, uid=1000) to com.games.mengmeizhitd/hjnw.ihjnw.i.isqly
11-01 22:08:15.762  1446  1677 W BroadcastQueue: u0 Receiving a broadcast in packagecom.hgperfko.yaeghrwx requires a permissions review
11-01 22:08:15.763  1446  1677 W BroadcastQueue: Skipping delivery: permission review required for Intent { act=android.intent.action.PACKAGE_ADDED dat=package: flg=0x4000010 (has extras) } from null (pid=1446, uid=1000) to com.hgperfko.yaeghrwx/.core.hLytdCQDBv
11-01 22:08:15.763  1446  1677 W BroadcastQueue: u0 Receiving a broadcast in packagecom.qiuqiu.dfmc requires a permissions review
11-01 22:08:15.763  1446  1677 W BroadcastQueue: Skipping delivery: permission review required for Intent { act=android.intent.action.PACKAGE_ADDED dat=package: flg=0x4000010 (has extras) } from null (pid=1446, uid=1000) to com.qiuqiu.dfmc/cn.jpush.android.service.PushReceiver
11-01 22:08:15.763  1446  1677 W BroadcastQueue: u0 Receiving a broadcast in packagecom.safesys.viruskiller requires a permissions review
11-01 22:08:15.763  1446  1677 W BroadcastQueue: Skipping delivery: permission review required for Intent { act=android.intent.action.PACKAGE_ADDED dat=package: flg=0x4000010 (has extras) } from null (pid=1446, uid=1000) to com.safesys.viruskiller/.ScanPackageBroadcast
11-01 22:08:15.763  1446  1677 W BroadcastQueue: u0 Receiving a broadcast in packagecom.uc108.mobile.sdgj.bd1 requires a permissions review
11-01 22:08:15.763  1446  1677 W BroadcastQueue: Skipping delivery: permission review required for Intent { act=android.intent.action.PACKAGE_ADDED dat=package: flg=0x4000010 (has extras) } from null (pid=1446, uid=1000) to com.uc108.mobile.sdgj.bd1/com.baidu.tiebasdk.service.InstallReceiver
11-01 22:08:15.763  1446  1677 W BroadcastQueue: u0 Receiving a broadcast in packagecom.voicebianshengjinglingwc.wxl requires a permissions review
11-01 22:08:15.763  1446  1677 W BroadcastQueue: Skipping delivery: permission review required for Intent { act=android.intent.action.PACKAGE_ADDED dat=package: flg=0x4000010 (has extras) } from null (pid=1446, uid=1000) to com.voicebianshengjinglingwc.wxl/mp.ruu.Ztjjwrj
11-01 22:08:15.763  1446  1677 W BroadcastQueue: u0 Receiving a broadcast in packagecom.yoojar.zlsg.baidu requires a permissions review
11-01 22:08:15.763  1446  1677 W BroadcastQueue: Skipping delivery: permission review required for Intent { act=android.intent.action.PACKAGE_ADDED dat=package: flg=0x4000010 (has extras) } from null (pid=1446, uid=1000) to com.yoojar.zlsg.baidu/com.duoku.platform.download.broadcast.AppMonitorReceiver
11-01 22:08:15.763  1446  1677 W BroadcastQueue: u0 Receiving a broadcast in packageio.dcloud.H5BC6BF13 requires a permissions review
11-01 22:08:15.763  1446  1677 W BroadcastQueue: Skipping delivery: permission review required for Intent { act=android.intent.action.PACKAGE_ADDED dat=package: flg=0x4000010 (has extras) } from null (pid=1446, uid=1000) to io.dcloud.H5BC6BF13/io.dcloud.common.adapter.io.DownloadReceiver
11-01 22:08:15.768  1446  4234 D CoreBackPreview: Window{1d68e1f u0 com.bitdefender.security/com.bitdefender.security.antimalware.NotifyUserMalware}: Setting back callback null
11-01 22:08:15.781  1446  1446 E NotificationService: Muting recently noisy 0|com.bitdefender.security|1356215531|null|10194
11-01 22:08:15.783  1446  1446 W NotificationHistory: Attempted to add notif for locked/gone/disabled user 0
11-01 22:08:15.803  1446  1843 E VerityUtils: Failed to measure fs-verity, errno 1: /data/app/~~_rSg7vq94xK9xhZOvnzNPw==/com.init.env-vuGvNa-oWTEOWyLqvEWdHg==/base.apk
11-01 22:08:15.803  1446  2004 D CompatibilityChangeReporter: Compat change id reported: 218533173; UID 10265; state: DISABLED
11-01 22:08:15.809  1446  1446 I Telecom : DefaultDialerCache: Refreshing default dialer for user 0: now com.google.android.dialer: DDC.oR@BKc
11-01 22:08:15.839  1446  1517 D CompatibilityChangeReporter: Compat change id reported: 161252188; UID 10265; state: DISABLED
11-01 22:08:15.870  1446  4162 W BackupTransportManager: Package com.init.env enabled setting: 0
11-01 22:08:15.918  1446  1847 E PackageManager: ERROR: could not load root hash from incremental install
11-01 22:08:15.920  1446  1676 W WindowMagnificationMgr: requestConnection duplicated request: connect=false, mConnectionState=DISCONNECTED
11-01 22:08:15.941  1446  1847 I PackageManager: Integrity check passed for file:///data/app/vmdl1042236198.tmp
11-01 22:08:15.950  1446  5475 W BroadcastQueue: u0 Receiving a broadcast in packagecom.yoojar.zlsg.baidu requires a permissions review
11-01 22:08:15.950  1446  5475 W BroadcastQueue: Skipping delivery: permission review required for Intent { act=android.intent.action.PACKAGE_CHANGED dat=package: flg=0x5000010 (has extras) } from null (pid=1446, uid=1000) to com.yoojar.zlsg.baidu/com.duoku.platform.download.broadcast.AppMonitorReceiver
11-01 22:08:15.982  1446  1676 W PackageManager: Failed registering loading progress callback. Package is fully loaded.
11-01 22:08:15.992  1446  1676 W WindowMagnificationMgr: requestConnection duplicated request: connect=false, mConnectionState=DISCONNECTED
11-01 22:08:16.084  1446  1658 V StorageManagerService: Package null has legacy storage
11-01 22:08:16.159  1446  5484 I ActivityTaskManager: START u0 {flg=0x14000000 cmp=com.bitdefender.security/.antimalware.NotifyUserMalware (has extras)} from uid 10194
11-01 22:08:16.181  1446  5484 W ActivityTaskManager: Tried to set launchTime (0) < mLastActivityLaunchTime (692105)
11-01 22:08:16.225  1446  4678 D CoreBackPreview: Window{8924abf u0 com.bitdefender.security/com.bitdefender.security.antimalware.NotifyUserMalware}: Setting back callback OnBackInvokedCallbackInfo{mCallback=android.window.IOnBackInvokedCallback$Stub$Proxy@daad3db, mPriority=0}
11-01 22:08:16.327  1446  4228 D CoreBackPreview: Window{f5d3fca u0 com.bitdefender.security/com.bitdefender.security.antimalware.NotifyUserMalware}: Setting back callback null
11-01 22:08:16.377  1446  1446 W NotificationHistory: Attempted to add notif for locked/gone/disabled user 0
11-01 22:08:16.378  1446  1847 V BackupManagerService: [UserID:0] restoreAtInstall pkg=com.yadsssaawefnt.yyyfaa3a22eaa token=55 restoreSet=0
11-01 22:08:16.379  1446  1847 V BackupManagerService: [UserID:0] Finishing install immediately
11-01 22:08:16.380  1446  1847 D PackageInstallerSession: Marking session 1042236198 as applied
11-01 22:08:16.391  1446  1847 D CompatibilityChangeReporter: Compat change id reported: 168419799; UID 10266; state: DISABLED
11-01 22:08:16.391  1446  1847 D CompatibilityChangeReporter: Compat change id reported: 273564678; UID 10266; state: DISABLED
11-01 22:08:16.400  1446  1446 I Telecom : DefaultDialerCache: Refreshing default dialer for user 0: now com.google.android.dialer: DDC.oR@BKw
11-01 22:08:16.404  1446  1446 V BackupManagerConstants: getFullBackupIntervalMilliseconds(...) returns 86400000
11-01 22:08:16.404  1446  1446 V BackupManagerConstants: getFullBackupRequiredNetworkType(...) returns 2
11-01 22:08:16.404  1446  1446 V BackupManagerConstants: getFullBackupRequireCharging(...) returns true
11-01 22:08:16.404  1446  5478 D CompatibilityChangeReporter: Compat change id reported: 135634846; UID 10118; state: DISABLED
11-01 22:08:16.405  1446  5478 D CompatibilityChangeReporter: Compat change id reported: 177438394; UID 10118; state: DISABLED
11-01 22:08:16.405  1446  5478 D CompatibilityChangeReporter: Compat change id reported: 135772972; UID 10118; state: DISABLED
11-01 22:08:16.405  1446  5478 D CompatibilityChangeReporter: Compat change id reported: 135754954; UID 10118; state: ENABLED
11-01 22:08:16.408  1446  1678 D CompatibilityChangeReporter: Compat change id reported: 143937733; UID 10118; state: ENABLED
11-01 22:08:16.443  1446  2004 D CompatibilityChangeReporter: Compat change id reported: 218533173; UID 10266; state: DISABLED
11-01 22:08:16.445  1446  1446 I Telecom : DefaultDialerCache: Refreshing default dialer for user 0: now com.google.android.dialer: DDC.oR@BK0
11-01 22:08:16.449  1446  1678 I ActivityManager: Start proc 18930:com.google.android.apps.turbo:aab/u0a118 for broadcast {com.google.android.apps.turbo/com.google.android.libraries.smartbattery.common.phenotype.PhenotypeBroadcastReceiver}
11-01 22:08:16.467  1446  1843 E VerityUtils: Failed to measure fs-verity, errno 1: /data/app/~~uw_vEvHJyT4yGb5-G0qNqQ==/com.yadsssaawefnt.yyyfaa3a22eaa-jsTtQOGEFa8yQQFdEZNA0Q==/base.apk
11-01 22:08:16.474  1446  4239 D CompatibilityChangeReporter: Compat change id reported: 161252188; UID 10266; state: DISABLED
11-01 22:08:16.481  1446  1676 W WindowMagnificationMgr: requestConnection duplicated request: connect=false, mConnectionState=DISCONNECTED
11-01 22:08:16.534  1446  4162 W BackupTransportManager: Package com.yadsssaawefnt.yyyfaa3a22eaa enabled setting: 0
11-01 22:08:16.571  1446  1847 E PackageManager: ERROR: could not load root hash from incremental install
11-01 22:08:16.587  1446  1676 W PackageManager: Failed registering loading progress callback. Package is fully loaded.
11-01 22:08:16.597  1446  1676 W WindowMagnificationMgr: requestConnection duplicated request: connect=false, mConnectionState=DISCONNECTED
11-01 22:08:16.612  1446  1847 I PackageManager: Integrity check passed for file:///data/app/vmdl204271413.tmp
11-01 22:08:16.684  1446  1847 W PackageManager: Adding duplicate app id: 10267 name=com.eg.android.AlipayGphone
11-01 22:08:16.840  1446  3263 D CompatibilityChangeReporter: Compat change id reported: 168419799; UID 10138; state: DISABLED
11-01 22:08:16.840  1446  3263 D CompatibilityChangeReporter: Compat change id reported: 273564678; UID 10138; state: DISABLED
11-01 22:08:16.890  1446  5478 I ActivityManager: com.android.vending is exempt from freezer
11-01 22:08:16.890  1446  5478 D CompatibilityChangeReporter: Compat change id reported: 135634846; UID 10140; state: DISABLED
11-01 22:08:16.890  1446  5478 D CompatibilityChangeReporter: Compat change id reported: 177438394; UID 10140; state: DISABLED
11-01 22:08:16.890  1446  5478 D CompatibilityChangeReporter: Compat change id reported: 135772972; UID 10140; state: DISABLED
11-01 22:08:16.890  1446  5478 D CompatibilityChangeReporter: Compat change id reported: 135754954; UID 10140; state: ENABLED
11-01 22:08:16.902  1446  1678 D CompatibilityChangeReporter: Compat change id reported: 143937733; UID 10140; state: ENABLED
11-01 22:08:16.939  1446  1678 I ActivityManager: Start proc 18968:com.android.vending:instant_app_installer/u0a140 for broadcast {com.android.vending/com.google.android.finsky.instantapps.PhenotypeUpdateReceiver}
11-01 22:08:17.387  1446  1847 V BackupManagerService: [UserID:0] restoreAtInstall pkg=com.eg.android.AlipayGphone token=56 restoreSet=0
11-01 22:08:17.388  1446  1847 V BackupManagerService: [UserID:0] Finishing install immediately
11-01 22:08:17.396  1446  1847 D PackageInstallerSession: Marking session 204271413 as applied
11-01 22:08:17.408  1446  1847 D CompatibilityChangeReporter: Compat change id reported: 168419799; UID 10267; state: DISABLED
11-01 22:08:17.408  1446  1847 D CompatibilityChangeReporter: Compat change id reported: 273564678; UID 10267; state: DISABLED
11-01 22:08:17.424  1446  1446 I Telecom : DefaultDialerCache: Refreshing default dialer for user 0: now com.google.android.dialer: DDC.oR@BLA
11-01 22:08:17.435  1446  1446 V BackupManagerConstants: getFullBackupIntervalMilliseconds(...) returns 86400000
11-01 22:08:17.435  1446  1446 V BackupManagerConstants: getFullBackupRequiredNetworkType(...) returns 2
11-01 22:08:17.435  1446  1446 V BackupManagerConstants: getFullBackupRequireCharging(...) returns true
11-01 22:08:17.438  1446  2004 D CompatibilityChangeReporter: Compat change id reported: 218533173; UID 10267; state: DISABLED
11-01 22:08:17.441  1446  1446 I Telecom : DefaultDialerCache: Refreshing default dialer for user 0: now com.google.android.dialer: DDC.oR@BLE
11-01 22:08:17.454  1446  1843 E VerityUtils: Failed to measure fs-verity, errno 1: /data/app/~~H3rskbNMqDR6Q_Ghn3BRvA==/com.eg.android.AlipayGphone--yFOcLbbsO4Am09mnRvR3A==/base.apk
11-01 22:08:17.470  1446  1676 W WindowMagnificationMgr: requestConnection duplicated request: connect=false, mConnectionState=DISCONNECTED
11-01 22:08:17.488  1446  4228 D CompatibilityChangeReporter: Compat change id reported: 161252188; UID 10267; state: DISABLED
11-01 22:08:17.495  1446  4162 W BackupTransportManager: Package com.eg.android.AlipayGphone enabled setting: 0
11-01 22:08:17.535  1446  1676 W PackageManager: Failed registering loading progress callback. Package is fully loaded.
11-01 22:08:17.551  1446  1676 W WindowMagnificationMgr: requestConnection duplicated request: connect=false, mConnectionState=DISCONNECTED
11-01 22:08:17.556  1446  1847 E PackageManager: ERROR: could not load root hash from incremental install
11-01 22:08:17.560  1446  2034 W PackageParsing: Ignoring duplicate uses-permissions/uses-permissions-sdk-m: android.permission.RECEIVE_MMS in package: waXa6.ppt at: Binary XML file line #28
11-01 22:08:17.570  1446  1847 I PackageManager: Integrity check passed for file:///data/app/vmdl2034306855.tmp
11-01 22:08:17.599  1446  3198 D CompatibilityChangeReporter: Compat change id reported: 161145287; UID 10140; state: DISABLED
11-01 22:08:17.621  1446  1847 W PackageParsing: Ignoring duplicate uses-permissions/uses-permissions-sdk-m: android.permission.RECEIVE_MMS in package: waXa6.ppt at: Binary XML file line #28
11-01 22:08:17.714  1446  1658 V StorageManagerService: Package null has legacy storage
11-01 22:08:17.799  1446  5478 W BroadcastQueue: u0 Receiving a broadcast in packagecom.jr.narutoii requires a permissions review
11-01 22:08:17.799  1446  5478 W BroadcastQueue: Skipping delivery: permission review required for Intent { act=android.intent.action.PACKAGE_ADDED dat=package: flg=0x4000010 (has extras) } from null (pid=1446, uid=1000) to com.jr.narutoii/com.joyriver.engine.proxy.EngineReceiver
11-01 22:08:17.800  1446  1677 W BroadcastQueue: u0 Receiving a broadcast in packagecom.android.buyer requires a permissions review
11-01 22:08:17.800  1446  1677 W BroadcastQueue: Skipping delivery: permission review required for Intent { act=android.intent.action.PACKAGE_ADDED dat=package: flg=0x4000010 (has extras) } from null (pid=1446, uid=1000) to com.android.buyer/.mRve
11-01 22:08:17.800  1446  1677 W BroadcastQueue: Background execution not allowed: receiving Intent { act=android.intent.action.PACKAGE_ADDED dat=package: flg=0x4000010 (has extras) } to com.google.android.packageinstaller/com.android.packageinstaller.PackageInstalledReceiver
11-01 22:08:17.800  1446  1677 W BroadcastQueue: Background execution not allowed: receiving Intent { act=android.intent.action.PACKAGE_ADDED dat=package: flg=0x4000010 (has extras) } to com.android.vending/com.google.android.finsky.packagemonitor.impl.PackageMonitorReceiverImpl$RegisteredReceiver
11-01 22:08:17.800  1446  1677 W BroadcastQueue: Background execution not allowed: receiving Intent { act=android.intent.action.PACKAGE_ADDED dat=package: flg=0x4000010 (has extras) } to com.android.vending/com.google.android.finsky.packagemonitor.backgroundimpl.BackgroundPackageMonitorReceiverImpl$RegisteredReceiver
11-01 22:08:17.800  1446  1677 W BroadcastQueue: Background execution not allowed: receiving Intent { act=android.intent.action.PACKAGE_ADDED dat=package: flg=0x4000010 (has extras) } to com.google.android.gms/.games.chimera.GamesSystemBroadcastReceiverProxy
11-01 22:08:17.800  1446  1677 W BroadcastQueue: Background execution not allowed: receiving Intent { act=android.intent.action.PACKAGE_ADDED dat=package: flg=0x4000010 (has extras) } to com.google.android.gms/.gass.chimera.PackageChangeBroadcastReceiver
11-01 22:08:17.800  1446  1677 W BroadcastQueue: Background execution not allowed: receiving Intent { act=android.intent.action.PACKAGE_ADDED dat=package: flg=0x4000010 (has extras) } to com.google.android.gms/.chimera.GmsIntentOperationService$PersistentTrustedReceiver
11-01 22:08:17.800  1446  1677 W BroadcastQueue: Background execution not allowed: receiving Intent { act=android.intent.action.PACKAGE_ADDED dat=package: flg=0x4000010 (has extras) } to com.google.android.googlequicksearchbox/com.google.android.apps.gsa.googlequicksearchbox.GelStubAppWatcher
11-01 22:08:17.800  1446  1677 W BroadcastQueue: u0 Receiving a broadcast in packagecom.cncd.japan.janli.shudu requires a permissions review
11-01 22:08:17.800  1446  1677 W BroadcastQueue: Skipping delivery: permission review required for Intent { act=android.intent.action.PACKAGE_ADDED dat=package: flg=0x4000010 (has extras) } from null (pid=1446, uid=1000) to com.cncd.japan.janli.shudu/net.l.k.r
11-01 22:08:17.800  1446  1677 W BroadcastQueue: u0 Receiving a broadcast in packagecom.cncd.japan.janli.shudu requires a permissions review
11-01 22:08:17.800  1446  1677 W BroadcastQueue: Skipping delivery: permission review required for Intent { act=android.intent.action.PACKAGE_ADDED dat=package: flg=0x4000010 (has extras) } from null (pid=1446, uid=1000) to com.cncd.japan.janli.shudu/com.feiwofour.coverscreen.SR
11-01 22:08:17.800  1446  1677 W BroadcastQueue: u0 Receiving a broadcast in packagecom.games.mengmeizhitd requires a permissions review
11-01 22:08:17.800  1446  1677 W BroadcastQueue: Skipping delivery: permission review required for Intent { act=android.intent.action.PACKAGE_ADDED dat=package: flg=0x4000010 (has extras) } from null (pid=1446, uid=1000) to com.games.mengmeizhitd/hjnw.ihjnw.i.isqly
11-01 22:08:17.800  1446  1677 W BroadcastQueue: u0 Receiving a broadcast in packagecom.hgperfko.yaeghrwx requires a permissions review
11-01 22:08:17.800  1446  1677 W BroadcastQueue: Skipping delivery: permission review required for Intent { act=android.intent.action.PACKAGE_ADDED dat=package: flg=0x4000010 (has extras) } from null (pid=1446, uid=1000) to com.hgperfko.yaeghrwx/.core.hLytdCQDBv
11-01 22:08:17.801  1446  1677 W BroadcastQueue: u0 Receiving a broadcast in packagecom.qiuqiu.dfmc requires a permissions review
11-01 22:08:17.801  1446  1677 W BroadcastQueue: Skipping delivery: permission review required for Intent { act=android.intent.action.PACKAGE_ADDED dat=package: flg=0x4000010 (has extras) } from null (pid=1446, uid=1000) to com.qiuqiu.dfmc/cn.jpush.android.service.PushReceiver
11-01 22:08:17.801  1446  1677 W BroadcastQueue: u0 Receiving a broadcast in packagecom.safesys.viruskiller requires a permissions review
11-01 22:08:17.801  1446  1677 W BroadcastQueue: Skipping delivery: permission review required for Intent { act=android.intent.action.PACKAGE_ADDED dat=package: flg=0x4000010 (has extras) } from null (pid=1446, uid=1000) to com.safesys.viruskiller/.ScanPackageBroadcast
11-01 22:08:17.801  1446  1677 W BroadcastQueue: u0 Receiving a broadcast in packagecom.uc108.mobile.sdgj.bd1 requires a permissions review
11-01 22:08:17.801  1446  1677 W BroadcastQueue: Skipping delivery: permission review required for Intent { act=android.intent.action.PACKAGE_ADDED dat=package: flg=0x4000010 (has extras) } from null (pid=1446, uid=1000) to com.uc108.mobile.sdgj.bd1/com.baidu.tiebasdk.service.InstallReceiver
11-01 22:08:17.801  1446  1677 W BroadcastQueue: u0 Receiving a broadcast in packagecom.voicebianshengjinglingwc.wxl requires a permissions review
11-01 22:08:17.801  1446  1677 W BroadcastQueue: Skipping delivery: permission review required for Intent { act=android.intent.action.PACKAGE_ADDED dat=package: flg=0x4000010 (has extras) } from null (pid=1446, uid=1000) to com.voicebianshengjinglingwc.wxl/mp.ruu.Ztjjwrj
11-01 22:08:17.801  1446  1677 W BroadcastQueue: u0 Receiving a broadcast in packagecom.yoojar.zlsg.baidu requires a permissions review
11-01 22:08:17.801  1446  1677 W BroadcastQueue: Skipping delivery: permission review required for Intent { act=android.intent.action.PACKAGE_ADDED dat=package: flg=0x4000010 (has extras) } from null (pid=1446, uid=1000) to com.yoojar.zlsg.baidu/com.duoku.platform.download.broadcast.AppMonitorReceiver
11-01 22:08:17.801  1446  1677 W BroadcastQueue: u0 Receiving a broadcast in packageio.dcloud.H5BC6BF13 requires a permissions review
11-01 22:08:17.801  1446  1677 W BroadcastQueue: Skipping delivery: permission review required for Intent { act=android.intent.action.PACKAGE_ADDED dat=package: flg=0x4000010 (has extras) } from null (pid=1446, uid=1000) to io.dcloud.H5BC6BF13/io.dcloud.common.adapter.io.DownloadReceiver
11-01 22:08:17.818  1446  4225 D CompatibilityChangeReporter: Compat change id reported: 168419799; UID 10140; state: DISABLED
11-01 22:08:17.818  1446  4225 D CompatibilityChangeReporter: Compat change id reported: 273564678; UID 10140; state: DISABLED
11-01 22:08:17.848  1446  4239 W BroadcastQueue: u0 Receiving a broadcast in packagecom.yoojar.zlsg.baidu requires a permissions review
11-01 22:08:17.848  1446  4239 W BroadcastQueue: Skipping delivery: permission review required for Intent { act=android.intent.action.PACKAGE_CHANGED dat=package: flg=0x5000010 (has extras) } from null (pid=1446, uid=1000) to com.yoojar.zlsg.baidu/com.duoku.platform.download.broadcast.AppMonitorReceiver
11-01 22:08:17.936  1446  1847 V BackupManagerService: [UserID:0] restoreAtInstall pkg=waXa6.ppt token=57 restoreSet=0
11-01 22:08:17.936  1446  1847 V BackupManagerService: [UserID:0] Finishing install immediately
11-01 22:08:17.938  1446  1847 D PackageInstallerSession: Marking session 2034306855 as applied
11-01 22:08:17.944  1446  1847 D CompatibilityChangeReporter: Compat change id reported: 168419799; UID 10268; state: DISABLED
11-01 22:08:17.944  1446  1847 D CompatibilityChangeReporter: Compat change id reported: 273564678; UID 10268; state: DISABLED
11-01 22:08:17.953  1446  1446 I Telecom : DefaultDialerCache: Refreshing default dialer for user 0: now com.google.android.dialer: DDC.oR@BLQ
11-01 22:08:17.961  1446  1446 V BackupManagerConstants: getFullBackupIntervalMilliseconds(...) returns 86400000
11-01 22:08:17.961  1446  1446 V BackupManagerConstants: getFullBackupRequiredNetworkType(...) returns 2
11-01 22:08:17.961  1446  1446 V BackupManagerConstants: getFullBackupRequireCharging(...) returns true
11-01 22:08:17.968  1446  2004 D CompatibilityChangeReporter: Compat change id reported: 218533173; UID 10268; state: DISABLED
11-01 22:08:17.970  1446  1446 I Telecom : DefaultDialerCache: Refreshing default dialer for user 0: now com.google.android.dialer: DDC.oR@BLU
11-01 22:08:18.012  1446  1676 W WindowMagnificationMgr: requestConnection duplicated request: connect=false, mConnectionState=DISCONNECTED
11-01 22:08:18.039  1446  1843 E VerityUtils: Failed to measure fs-verity, errno 1: /data/app/~~7XOaAPKwvCWiL3wkyGpDIA==/waXa6.ppt-DlkvAwyfDgvBb9S-zazXZA==/base.apk
11-01 22:08:18.058  1446  4162 W BackupTransportManager: Package waXa6.ppt enabled setting: 0
11-01 22:08:18.063  1446  1676 W PackageManager: Failed registering loading progress callback. Package is fully loaded.
11-01 22:08:18.065  1446  4678 D CompatibilityChangeReporter: Compat change id reported: 161252188; UID 10268; state: DISABLED
11-01 22:08:18.072  1446  1676 W WindowMagnificationMgr: requestConnection duplicated request: connect=false, mConnectionState=DISCONNECTED
11-01 22:08:18.138  1446  1847 E PackageManager: ERROR: could not load root hash from incremental install
11-01 22:08:18.170  1446  1847 I PackageManager: Integrity check passed for file:///data/app/vmdl829694184.tmp
11-01 22:08:18.270  1446  1658 V StorageManagerService: Package null has legacy storage
11-01 22:08:18.861  1446  3263 I ActivityManager: Background started FGS: Allowed [callingPackage: com.google.android.apps.wellbeing; callingUid: 10121; uidState: BFGS; intent: Intent { cmp=com.google.android.apps.wellbeing/com.google.apps.tiktok.concurrent.InternalForegroundService (has extras) }; code:BACKGROUND_ACTIVITY_PERMISSION; tempAllowListReason:<null>; targetSdkVersion:33; callerTargetSdkVersion:33; startForegroundCount:0; bindFromPackage:null]
11-01 22:08:18.887  1446  1847 V BackupManagerService: [UserID:0] restoreAtInstall pkg=com.sqjuuzpr.ryxjuzs token=58 restoreSet=0
11-01 22:08:18.888  1446  1847 V BackupManagerService: [UserID:0] Finishing install immediately
11-01 22:08:18.894  1446  1847 D PackageInstallerSession: Marking session 829694184 as applied
11-01 22:08:18.898  1446  1847 D CompatibilityChangeReporter: Compat change id reported: 168419799; UID 10269; state: DISABLED
11-01 22:08:18.898  1446  1847 D CompatibilityChangeReporter: Compat change id reported: 273564678; UID 10269; state: DISABLED
11-01 22:08:18.917  1446  1446 I Telecom : DefaultDialerCache: Refreshing default dialer for user 0: now com.google.android.dialer: DDC.oR@BLg
11-01 22:08:18.928  1446  1446 V BackupManagerConstants: getFullBackupIntervalMilliseconds(...) returns 86400000
11-01 22:08:18.928  1446  1446 V BackupManagerConstants: getFullBackupRequiredNetworkType(...) returns 2
11-01 22:08:18.928  1446  1446 V BackupManagerConstants: getFullBackupRequireCharging(...) returns true
11-01 22:08:18.945  1446  1843 E VerityUtils: Failed to measure fs-verity, errno 1: /data/app/~~yV0bunLgOKsAXy03_eB0mQ==/com.sqjuuzpr.ryxjuzs-JGDRQoy0RUvxwbMincFR2g==/base.apk
11-01 22:08:18.947  1446  2004 D CompatibilityChangeReporter: Compat change id reported: 218533173; UID 10269; state: DISABLED
11-01 22:08:18.954  1446  1446 I Telecom : DefaultDialerCache: Refreshing default dialer for user 0: now com.google.android.dialer: DDC.oR@BLk
11-01 22:08:18.964  1446  4678 D CompatibilityChangeReporter: Compat change id reported: 161252188; UID 10269; state: DISABLED
11-01 22:08:18.979  1446  1676 W WindowMagnificationMgr: requestConnection duplicated request: connect=false, mConnectionState=DISCONNECTED
11-01 22:08:19.043  1446  1676 W PackageManager: Failed registering loading progress callback. Package is fully loaded.
11-01 22:08:19.053  1446  1676 W WindowMagnificationMgr: requestConnection duplicated request: connect=false, mConnectionState=DISCONNECTED
11-01 22:08:19.064  1446  4162 W BackupTransportManager: Package com.sqjuuzpr.ryxjuzs enabled setting: 0
11-01 22:08:19.129  1446  1446 I NotificationService: Cannot find enqueued record for key: 0|com.google.android.apps.wellbeing|174344743|null|10121
11-01 22:08:19.180  1446  1847 E PackageManager: ERROR: could not load root hash from incremental install
11-01 22:08:19.197  1446  3263 W BroadcastQueue: Background execution not allowed: receiving Intent { act=com.google.android.systemui.OPA_ENABLED flg=0x10000010 (has extras) } to com.google.android.apps.nexuslauncher/.qsb.OPAStatusReceiver
11-01 22:08:19.217  1446  1847 I PackageManager: Integrity check passed for file:///data/app/vmdl898105610.tmp
11-01 22:08:19.233  1446  1709 V DisplayPowerController[0]: Brightness [0.05] reason changing to: 'manual [ dim ]', previous reason: 'manual'.
11-01 22:08:19.233  1446  1709 I DisplayPowerController[0]: BrightnessEvent: disp=0, physDisp=local:4630946471422916225, brt=0.05, initBrt=0.5, rcmdBrt=NaN, preBrt=NaN, lux=0.0, preLux=0.0, hbmMax=1.0, hbmMode=off, rbcStrength=50, powerFactor=1.0, thrmMax=1.0, wasShortTermModelActive=false, flags=, reason=manual [ dim ], autoBrightness=false
11-01 22:08:19.338  1446  1658 V StorageManagerService: Package null has legacy storage
11-01 22:08:19.369  1446  4228 W JobScheduler: Job didn't exist in JobStore: 6ea3254 #u0a139/-43 com.google.android.googlequicksearchbox/com.google.android.apps.gsa.tasks.BackgroundTasksJobService
11-01 22:08:19.405  1446  1517 I ActivityTaskManager: START u0 {flg=0x14000000 cmp=com.bitdefender.security/.antimalware.NotifyUserMalware (has extras)} from uid 10194
11-01 22:08:19.430  1446  6869 W ActivityTaskManager: Tried to set launchTime (0) < mLastActivityLaunchTime (692695)
11-01 22:08:19.446  1446  5659 D CompatibilityChangeReporter: Compat change id reported: 161252188; UID 10194; state: DISABLED
11-01 22:08:19.468  1446  6869 D CoreBackPreview: Window{d1d4059 u0 com.bitdefender.security/com.bitdefender.security.antimalware.NotifyUserMalware}: Setting back callback OnBackInvokedCallbackInfo{mCallback=android.window.IOnBackInvokedCallback$Stub$Proxy@7e304ff, mPriority=0}
11-01 22:08:19.509  1446  4228 D CoreBackPreview: Window{8924abf u0 com.bitdefender.security/com.bitdefender.security.antimalware.NotifyUserMalware}: Setting back callback null
11-01 22:08:19.623  1446  1446 W NotificationHistory: Attempted to add notif for locked/gone/disabled user 0
11-01 22:08:19.921  1446  1709 I DisplayPowerController[0]: BrightnessEvent: disp=0, physDisp=local:4630946471422916225, brt=0.05, initBrt=0.05, rcmdBrt=NaN, preBrt=NaN, lux=0.0, preLux=0.0, hbmMax=1.0, hbmMode=off, rbcStrength=50, powerFactor=1.0, thrmMax=1.0, wasShortTermModelActive=false, flags=, reason=manual [ dim ], autoBrightness=false
11-01 22:08:19.951  1446  5478 I ActivityManager: Process com.google.android.settings.intelligence (pid 7224) has died: cch+5 CEM 
11-01 22:08:20.144  1446  1847 V BackupManagerService: [UserID:0] restoreAtInstall pkg=slam.cross.educate token=59 restoreSet=0
11-01 22:08:20.145  1446  1847 V BackupManagerService: [UserID:0] Finishing install immediately
11-01 22:08:20.150  1446  1847 D PackageInstallerSession: Marking session 898105610 as applied
11-01 22:08:20.154  1446  1847 D CompatibilityChangeReporter: Compat change id reported: 168419799; UID 10270; state: DISABLED
11-01 22:08:20.155  1446  1847 D CompatibilityChangeReporter: Compat change id reported: 273564678; UID 10270; state: DISABLED
11-01 22:08:20.164  1446  1446 I Telecom : DefaultDialerCache: Refreshing default dialer for user 0: now com.google.android.dialer: DDC.oR@BMA
11-01 22:08:20.174  1446  1446 V BackupManagerConstants: getFullBackupIntervalMilliseconds(...) returns 86400000
11-01 22:08:20.174  1446  1446 V BackupManagerConstants: getFullBackupRequiredNetworkType(...) returns 2
11-01 22:08:20.175  1446  1446 V BackupManagerConstants: getFullBackupRequireCharging(...) returns true
11-01 22:08:20.195  1446  2004 D CompatibilityChangeReporter: Compat change id reported: 218533173; UID 10270; state: DISABLED
11-01 22:08:20.197  1446  1446 I Telecom : DefaultDialerCache: Refreshing default dialer for user 0: now com.google.android.dialer: DDC.oR@BME
11-01 22:08:20.221  1446  1843 E VerityUtils: Failed to measure fs-verity, errno 1: /data/app/~~NhOenL14d2aEoFaIq_N7cg==/slam.cross.educate-X7WrJvGq3Z73DDK3S3CsxQ==/base.apk
11-01 22:08:20.237  1446  1676 W WindowMagnificationMgr: requestConnection duplicated request: connect=false, mConnectionState=DISCONNECTED
11-01 22:08:20.286  1446  4228 D CompatibilityChangeReporter: Compat change id reported: 161252188; UID 10270; state: DISABLED
11-01 22:08:20.294  1446  1676 W PackageManager: Failed registering loading progress callback. Package is fully loaded.
11-01 22:08:20.307  1446  1676 W WindowMagnificationMgr: requestConnection duplicated request: connect=false, mConnectionState=DISCONNECTED
11-01 22:08:20.366  1446  4162 W BackupTransportManager: Package slam.cross.educate enabled setting: 0
11-01 22:08:20.644  1446  1847 E PackageManager: ERROR: could not load root hash from incremental install
11-01 22:08:20.668  1446  1847 I PackageManager: Integrity check passed for file:///data/app/vmdl1833610235.tmp
11-01 22:08:20.767  1446  1658 V StorageManagerService: Package null has legacy storage
11-01 22:08:20.772  1446  1847 V BackupManagerService: [UserID:0] restoreAtInstall pkg=ermmmug.hxkkytzb.bvbfc token=5a restoreSet=0
11-01 22:08:20.772  1446  1847 V BackupManagerService: [UserID:0] Finishing install immediately
11-01 22:08:20.774  1446  1847 D PackageInstallerSession: Marking session 1833610235 as applied
11-01 22:08:20.780  1446  1847 D CompatibilityChangeReporter: Compat change id reported: 168419799; UID 10271; state: DISABLED
11-01 22:08:20.780  1446  1847 D CompatibilityChangeReporter: Compat change id reported: 273564678; UID 10271; state: DISABLED
11-01 22:08:20.790  1446  1446 I Telecom : DefaultDialerCache: Refreshing default dialer for user 0: now com.google.android.dialer: DDC.oR@BMQ
11-01 22:08:20.818  1446  2004 D CompatibilityChangeReporter: Compat change id reported: 218533173; UID 10271; state: DISABLED
11-01 22:08:20.842  1446  1843 E VerityUtils: Failed to measure fs-verity, errno 1: /data/app/~~CQu0RhuMUDBc6N26vrWRvQ==/ermmmug.hxkkytzb.bvbfc-EF4j04fPcXVOwKcDSLo0ZQ==/base.apk
11-01 22:08:20.849  1446  1676 W WindowMagnificationMgr: requestConnection duplicated request: connect=false, mConnectionState=DISCONNECTED
11-01 22:08:20.854  1446  1446 I Telecom : DefaultDialerCache: Refreshing default dialer for user 0: now com.google.android.dialer: DDC.oR@BMU
11-01 22:08:20.868  1446  4162 W BackupTransportManager: Package ermmmug.hxkkytzb.bvbfc enabled setting: 0
11-01 22:08:20.915  1446  5494 D CompatibilityChangeReporter: Compat change id reported: 161252188; UID 10271; state: DISABLED
11-01 22:08:20.915  1446  1676 W PackageManager: Failed registering loading progress callback. Package is fully loaded.
11-01 22:08:20.927  1446  1676 W WindowMagnificationMgr: requestConnection duplicated request: connect=false, mConnectionState=DISCONNECTED
11-01 22:08:20.987  1446  1847 E PackageManager: ERROR: could not load root hash from incremental install
11-01 22:08:20.992  1446  2034 W PackageParsing: Ignoring duplicate uses-permissions/uses-permissions-sdk-m: android.permission.RECEIVE_BOOT_COMPLETED in package: qtggtfpiydqiikhbndreqabpjlb.deupxo.orrsdcgrckebmqzu at: Binary XML file line #22
11-01 22:08:21.000  1446  1976 D BiometricService: canAuthenticate: User=0, Caller=0, Authenticators=255
11-01 22:08:21.000  1446  1976 D BiometricService/PreAuthInfo: Package: com.google.android.gms Sensor ID: 1008 Modality: 8 Status: 7
11-01 22:08:21.000  1446  1976 D BiometricService/PreAuthInfo: Package: com.google.android.gms Sensor ID: 0 Modality: 2 Status: 7
11-01 22:08:21.000  1446  1976 D BiometricService/PreAuthInfo: getCanAuthenticateInternal Modality: 8 AuthenticatorStatus: 7
11-01 22:08:21.000  1446  1976 D AuthService: canAuthenticate, userId: 0, callingUserId: 0, authenticators: 255, result: 11
11-01 22:08:21.009  1446  1847 I PackageManager: Integrity check passed for file:///data/app/vmdl1511946611.tmp
