11-01 22:08:21.032  1446  1847 W PackageParsing: Ignoring duplicate uses-permissions/uses-permissions-sdk-m: android.permission.RECEIVE_BOOT_COMPLETED in package: qtggtfpiydqiikhbndreqabpjlb.deupxo.orrsdcgrckebmqzu at: Binary XML file line #22
11-01 22:08:21.126  1446  1658 V StorageManagerService: Package null has legacy storage
11-01 22:08:21.342  1446  3263 I ActivityManager: Background started FGS: Allowed [callingPackage: com.google.android.apps.wellbeing; callingUid: 10121; uidState: BFGS; intent: Intent { cmp=com.google.android.apps.wellbeing/com.google.apps.tiktok.concurrent.InternalForegroundService (has extras) }; code:BACKGROUND_ACTIVITY_PERMISSION; tempAllowListReason:<null>; targetSdkVersion:33; callerTargetSdkVersion:33; startForegroundCount:0; bindFromPackage:null]
11-01 22:08:21.553  1446  1446 I NotificationService: Cannot find enqueued record for key: 0|com.google.android.apps.wellbeing|174344743|null|10121
11-01 22:08:21.565  1446  1847 V BackupManagerService: [UserID:0] restoreAtInstall pkg=qtggtfpiydqiikhbndreqabpjlb.deupxo.orrsdcgrckebmqzu token=5b restoreSet=0
11-01 22:08:21.565  1446  1847 V BackupManagerService: [UserID:0] Finishing install immediately
11-01 22:08:21.569  1446  1847 D PackageInstallerSession: Marking session 1511946611 as applied
11-01 22:08:21.572  1446  1847 D CompatibilityChangeReporter: Compat change id reported: 168419799; UID 10272; state: DISABLED
11-01 22:08:21.572  1446  1847 D CompatibilityChangeReporter: Compat change id reported: 273564678; UID 10272; state: DISABLED
11-01 22:08:21.587  1446  1446 I Telecom : DefaultDialerCache: Refreshing default dialer for user 0: now com.google.android.dialer: DDC.oR@BMo
11-01 22:08:21.591  1446  1446 V BackupManagerConstants: getFullBackupIntervalMilliseconds(...) returns 86400000
11-01 22:08:21.591  1446  1446 V BackupManagerConstants: getFullBackupRequiredNetworkType(...) returns 2
11-01 22:08:21.591  1446  1446 V BackupManagerConstants: getFullBackupRequireCharging(...) returns true
11-01 22:08:21.614  1446  2004 D CompatibilityChangeReporter: Compat change id reported: 218533173; UID 10272; state: DISABLED
11-01 22:08:21.617  1446  1446 I Telecom : DefaultDialerCache: Refreshing default dialer for user 0: now com.google.android.dialer: DDC.oR@BMs
11-01 22:08:21.637  1446  1843 E VerityUtils: Failed to measure fs-verity, errno 1: /data/app/~~5J9HAOY0XhfFVxMF9E4wtQ==/qtggtfpiydqiikhbndreqabpjlb.deupxo.orrsdcgrckebmqzu-YwZEcyaE6flLdRLEtBACYg==/base.apk
11-01 22:08:21.662  1446  1676 W WindowMagnificationMgr: requestConnection duplicated request: connect=false, mConnectionState=DISCONNECTED
11-01 22:08:21.693  1446  5489 D CompatibilityChangeReporter: Compat change id reported: 161252188; UID 10272; state: DISABLED
11-01 22:08:21.695  1446  4162 W BackupTransportManager: Package qtggtfpiydqiikhbndreqabpjlb.deupxo.orrsdcgrckebmqzu enabled setting: 0
11-01 22:08:21.706  1446  1676 W PackageManager: Failed registering loading progress callback. Package is fully loaded.
11-01 22:08:21.717  1446  1676 W WindowMagnificationMgr: requestConnection duplicated request: connect=false, mConnectionState=DISCONNECTED
11-01 22:08:21.807  1446  1847 E PackageManager: ERROR: could not load root hash from incremental install
11-01 22:08:21.813  1446  2034 W PackageParsing: Unknown element under <manifest>: meta-data at /data/app/vmdl2023549554.tmp/base.apk Binary XML file line #6
11-01 22:08:21.836  1446  1847 I PackageManager: Integrity check passed for file:///data/app/vmdl2023549554.tmp
11-01 22:08:21.842  1446  1847 W PackageParsing: Unknown element under <manifest>: meta-data at /data/app/vmdl2023549554.tmp/base.apk Binary XML file line #6
11-01 22:08:22.198  1446  1847 V BackupManagerService: [UserID:0] restoreAtInstall pkg=com.agxshi1893.bis1893hxg token=5c restoreSet=0
11-01 22:08:22.198  1446  1847 V BackupManagerService: [UserID:0] Finishing install immediately
11-01 22:08:22.201  1446  1847 D PackageInstallerSession: Marking session 2023549554 as applied
11-01 22:08:22.203  1446  1847 D CompatibilityChangeReporter: Compat change id reported: 168419799; UID 10273; state: DISABLED
11-01 22:08:22.203  1446  1847 D CompatibilityChangeReporter: Compat change id reported: 273564678; UID 10273; state: DISABLED
11-01 22:08:22.222  1446  1446 I Telecom : DefaultDialerCache: Refreshing default dialer for user 0: now com.google.android.dialer: DDC.oR@BM4
11-01 22:08:22.230  1446  1446 V BackupManagerConstants: getFullBackupIntervalMilliseconds(...) returns 86400000
11-01 22:08:22.230  1446  1446 V BackupManagerConstants: getFullBackupRequiredNetworkType(...) returns 2
11-01 22:08:22.230  1446  1446 V BackupManagerConstants: getFullBackupRequireCharging(...) returns true
11-01 22:08:22.233  1446  2004 D CompatibilityChangeReporter: Compat change id reported: 218533173; UID 10273; state: DISABLED
11-01 22:08:22.247  1446  1446 I Telecom : DefaultDialerCache: Refreshing default dialer for user 0: now com.google.android.dialer: DDC.oR@BM8
11-01 22:08:22.257  1446  1843 E VerityUtils: Failed to measure fs-verity, errno 1: /data/app/~~NGRb99r0fySsmebQdw-a4Q==/com.agxshi1893.bis1893hxg-rNtUtpRHuUO6lLCyVVACzQ==/base.apk
11-01 22:08:22.265  1446  1676 W WindowMagnificationMgr: requestConnection duplicated request: connect=false, mConnectionState=DISCONNECTED
11-01 22:08:22.276  1446  5489 D CompatibilityChangeReporter: Compat change id reported: 161252188; UID 10273; state: DISABLED
11-01 22:08:22.297  1446  1847 E PackageManager: ERROR: could not load root hash from incremental install
11-01 22:08:22.317  1446  1676 W PackageManager: Failed registering loading progress callback. Package is fully loaded.
11-01 22:08:22.323  1446  1847 I PackageManager: Integrity check passed for file:///data/app/vmdl774893467.tmp
11-01 22:08:22.330  1446  4162 W BackupTransportManager: Package com.agxshi1893.bis1893hxg enabled setting: 0
11-01 22:08:22.330  1446  1676 W WindowMagnificationMgr: requestConnection duplicated request: connect=false, mConnectionState=DISCONNECTED
11-01 22:08:22.518  1446  5487 D CompatibilityChangeReporter: Compat change id reported: 194532703; UID 10140; state: ENABLED
11-01 22:08:22.657  1446  1847 V BackupManagerService: [UserID:0] restoreAtInstall pkg=com.hkfvidtmuwfaekmx.dlfjwxiakhkcpqd token=5d restoreSet=0
11-01 22:08:22.657  1446  1847 V BackupManagerService: [UserID:0] Finishing install immediately
11-01 22:08:22.662  1446  1847 D PackageInstallerSession: Marking session 774893467 as applied
11-01 22:08:22.666  1446  1847 D CompatibilityChangeReporter: Compat change id reported: 168419799; UID 10274; state: DISABLED
11-01 22:08:22.667  1446  1847 D CompatibilityChangeReporter: Compat change id reported: 273564678; UID 10274; state: DISABLED
11-01 22:08:22.673  1446  1446 I Telecom : DefaultDialerCache: Refreshing default dialer for user 0: now com.google.android.dialer: DDC.oR@BNI
11-01 22:08:22.677  1446  1446 V BackupManagerConstants: getFullBackupIntervalMilliseconds(...) returns 86400000
11-01 22:08:22.677  1446  1446 V BackupManagerConstants: getFullBackupRequiredNetworkType(...) returns 2
11-01 22:08:22.677  1446  1446 V BackupManagerConstants: getFullBackupRequireCharging(...) returns true
11-01 22:08:22.737  1446  1843 E VerityUtils: Failed to measure fs-verity, errno 1: /data/app/~~LxkJXUwGl-zfmzEK4PxusA==/com.hkfvidtmuwfaekmx.dlfjwxiakhkcpqd-SgVwdaMWyuHOaeClmyZL0w==/base.apk
11-01 22:08:22.740  1446  1676 W WindowMagnificationMgr: requestConnection duplicated request: connect=false, mConnectionState=DISCONNECTED
11-01 22:08:22.742  1446  1517 D CompatibilityChangeReporter: Compat change id reported: 161252188; UID 10274; state: DISABLED
11-01 22:08:22.776  1446  1446 W Looper  : Slow dispatch took 103ms main h=android.app.ActivityThread$H c=android.app.LoadedApk$ReceiverDispatcher$Args$$ExternalSyntheticLambda0@a7b5313 m=0
11-01 22:08:22.778  1446  2004 D CompatibilityChangeReporter: Compat change id reported: 218533173; UID 10274; state: DISABLED
11-01 22:08:22.780  1446  1446 I Telecom : DefaultDialerCache: Refreshing default dialer for user 0: now com.google.android.dialer: DDC.oR@BNU
11-01 22:08:22.785  1446  1676 W PackageManager: Failed registering loading progress callback. Package is fully loaded.
11-01 22:08:22.800  1446  1676 W WindowMagnificationMgr: requestConnection duplicated request: connect=false, mConnectionState=DISCONNECTED
11-01 22:08:22.803  1446  4162 W BackupTransportManager: Package com.hkfvidtmuwfaekmx.dlfjwxiakhkcpqd enabled setting: 0
11-01 22:08:22.881  1446  1847 E PackageManager: ERROR: could not load root hash from incremental install
11-01 22:08:22.902  1446  1847 I PackageManager: Integrity check passed for file:///data/app/vmdl869617478.tmp
11-01 22:08:23.162  1446  1658 V StorageManagerService: Package null does not have legacy storage
11-01 22:08:23.162  1446  1658 W Looper  : Slow dispatch took 216ms android.fg h=android.os.Handler c=<recycled PooledLambda@bd1a451> m=0
11-01 22:08:23.162  1446  1658 W Looper  : Slow delivery took 216ms android.fg h=android.os.Handler c=<recycled PooledLambda@d01df28> m=0
11-01 22:08:23.163  1446  1658 W Looper  : Drained
11-01 22:08:23.245  1446  5494 I ActivityManager: Background started FGS: Allowed [callingPackage: com.google.android.apps.wellbeing; callingUid: 10121; uidState: BFGS; intent: Intent { cmp=com.google.android.apps.wellbeing/com.google.apps.tiktok.concurrent.InternalForegroundService (has extras) }; code:BACKGROUND_ACTIVITY_PERMISSION; tempAllowListReason:<null>; targetSdkVersion:33; callerTargetSdkVersion:33; startForegroundCount:0; bindFromPackage:null]
11-01 22:08:23.457  1446  1446 I NotificationService: Cannot find enqueued record for key: 0|com.google.android.apps.wellbeing|174344743|null|10121
11-01 22:08:23.617  1446  5478 D CompatibilityChangeReporter: Compat change id reported: 161145287; UID 10118; state: DISABLED
11-01 22:08:23.670  1446  1847 V BackupManagerService: [UserID:0] restoreAtInstall pkg=crime.fashion.dentist token=5e restoreSet=0
11-01 22:08:23.671  1446  1847 V BackupManagerService: [UserID:0] Finishing install immediately
11-01 22:08:23.677  1446  1847 D PackageInstallerSession: Marking session 869617478 as applied
11-01 22:08:23.679  1446  1847 D CompatibilityChangeReporter: Compat change id reported: 168419799; UID 10275; state: DISABLED
11-01 22:08:23.679  1446  1847 D CompatibilityChangeReporter: Compat change id reported: 273564678; UID 10275; state: DISABLED
11-01 22:08:23.690  1446  1446 I Telecom : DefaultDialerCache: Refreshing default dialer for user 0: now com.google.android.dialer: DDC.oR@BNg
11-01 22:08:23.699  1446  1446 V BackupManagerConstants: getFullBackupIntervalMilliseconds(...) returns 86400000
11-01 22:08:23.699  1446  1446 V BackupManagerConstants: getFullBackupRequiredNetworkType(...) returns 2
11-01 22:08:23.699  1446  1446 V BackupManagerConstants: getFullBackupRequireCharging(...) returns true
11-01 22:08:23.726  1446  1843 E VerityUtils: Failed to measure fs-verity, errno 1: /data/app/~~LIoDQRzjOUjfFnEPx8BLEg==/crime.fashion.dentist-jx88jxuJc-PsnTDeSlEw9Q==/base.apk
11-01 22:08:23.740  1446  5487 D CompatibilityChangeReporter: Compat change id reported: 161252188; UID 10275; state: DISABLED
11-01 22:08:23.752  1446  2004 D CompatibilityChangeReporter: Compat change id reported: 218533173; UID 10275; state: DISABLED
11-01 22:08:23.752  1446  1676 W WindowMagnificationMgr: requestConnection duplicated request: connect=false, mConnectionState=DISCONNECTED
11-01 22:08:23.755  1446  1446 I Telecom : DefaultDialerCache: Refreshing default dialer for user 0: now com.google.android.dialer: DDC.oR@BNk
11-01 22:08:23.795  1446  4162 W BackupTransportManager: Package crime.fashion.dentist enabled setting: 0
11-01 22:08:23.835  1446  1676 W PackageManager: Failed registering loading progress callback. Package is fully loaded.
11-01 22:08:23.849  1446  1676 W WindowMagnificationMgr: requestConnection duplicated request: connect=false, mConnectionState=DISCONNECTED
11-01 22:08:23.911  1446  1847 E PackageManager: ERROR: could not load root hash from incremental install
11-01 22:08:23.932  1446  1847 I PackageManager: Integrity check passed for file:///data/app/vmdl691632535.tmp
11-01 22:08:24.040  1446  1658 V StorageManagerService: Package null does not have legacy storage
11-01 22:08:24.426  1446  1847 V BackupManagerService: [UserID:0] restoreAtInstall pkg=auction.ceiling.spoon token=5f restoreSet=0
11-01 22:08:24.427  1446  1847 V BackupManagerService: [UserID:0] Finishing install immediately
11-01 22:08:24.432  1446  1847 D PackageInstallerSession: Marking session 691632535 as applied
11-01 22:08:24.437  1446  1847 D CompatibilityChangeReporter: Compat change id reported: 168419799; UID 10276; state: DISABLED
11-01 22:08:24.437  1446  1847 D CompatibilityChangeReporter: Compat change id reported: 273564678; UID 10276; state: DISABLED
11-01 22:08:24.450  1446  1446 I Telecom : DefaultDialerCache: Refreshing default dialer for user 0: now com.google.android.dialer: DDC.oR@BNw
11-01 22:08:24.455  1446  1446 V BackupManagerConstants: getFullBackupIntervalMilliseconds(...) returns 86400000
11-01 22:08:24.455  1446  1446 V BackupManagerConstants: getFullBackupRequiredNetworkType(...) returns 2
11-01 22:08:24.455  1446  1446 V BackupManagerConstants: getFullBackupRequireCharging(...) returns true
11-01 22:08:24.500  1446  5659 D CompatibilityChangeReporter: Compat change id reported: 161252188; UID 10276; state: DISABLED
11-01 22:08:24.509  1446  1676 W WindowMagnificationMgr: requestConnection duplicated request: connect=false, mConnectionState=DISCONNECTED
11-01 22:08:24.510  1446  1843 E VerityUtils: Failed to measure fs-verity, errno 1: /data/app/~~edalAYmjYvLwdTWAkTvLFg==/auction.ceiling.spoon-iIN01iTJLJLvVmN-5VqM1A==/base.apk
11-01 22:08:24.552  1446  2004 D CompatibilityChangeReporter: Compat change id reported: 218533173; UID 10276; state: DISABLED
11-01 22:08:24.557  1446  1446 I Telecom : DefaultDialerCache: Refreshing default dialer for user 0: now com.google.android.dialer: DDC.oR@BN8
11-01 22:08:24.570  1446  1676 W PackageManager: Failed registering loading progress callback. Package is fully loaded.
11-01 22:08:24.584  1446  1676 W WindowMagnificationMgr: requestConnection duplicated request: connect=false, mConnectionState=DISCONNECTED
11-01 22:08:24.588  1446  4162 W BackupTransportManager: Package auction.ceiling.spoon enabled setting: 0
11-01 22:08:24.594  1446  1847 E PackageManager: ERROR: could not load root hash from incremental install
11-01 22:08:24.622  1446  1847 I PackageManager: Integrity check passed for file:///data/app/vmdl1930654579.tmp
11-01 22:08:24.731  1446  1658 V StorageManagerService: Package null has legacy storage
11-01 22:08:24.735  1446  1847 V BackupManagerService: [UserID:0] restoreAtInstall pkg=com.termuxhackers.id token=60 restoreSet=0
11-01 22:08:24.736  1446  1847 V BackupManagerService: [UserID:0] Finishing install immediately
11-01 22:08:24.738  1446  1847 D PackageInstallerSession: Marking session 1930654579 as applied
11-01 22:08:24.741  1446  1847 D CompatibilityChangeReporter: Compat change id reported: 168419799; UID 10277; state: DISABLED
11-01 22:08:24.741  1446  1847 D CompatibilityChangeReporter: Compat change id reported: 273564678; UID 10277; state: DISABLED
11-01 22:08:24.758  1446  1446 I Telecom : DefaultDialerCache: Refreshing default dialer for user 0: now com.google.android.dialer: DDC.oR@BOA
11-01 22:08:24.772  1446  1446 V BackupManagerConstants: getFullBackupIntervalMilliseconds(...) returns 86400000
11-01 22:08:24.773  1446  1446 V BackupManagerConstants: getFullBackupRequiredNetworkType(...) returns 2
11-01 22:08:24.773  1446  1446 V BackupManagerConstants: getFullBackupRequireCharging(...) returns true
11-01 22:08:24.787  1446  1446 I Telecom : DefaultDialerCache: Refreshing default dialer for user 0: now com.google.android.dialer: DDC.oR@BOE
11-01 22:08:24.787  1446  1676 W WindowMagnificationMgr: requestConnection duplicated request: connect=false, mConnectionState=DISCONNECTED
11-01 22:08:24.787  1446  2004 D CompatibilityChangeReporter: Compat change id reported: 218533173; UID 10277; state: DISABLED
11-01 22:08:24.790  1446  1843 E VerityUtils: Failed to measure fs-verity, errno 1: /data/app/~~9D41XFgB5-2WKMlkM2xD1w==/com.termuxhackers.id-cCkfUPPJQOBW22quQFGESg==/base.apk
11-01 22:08:24.827  1446  1676 W PackageManager: Failed registering loading progress callback. Package is fully loaded.
11-01 22:08:24.847  1446  1676 W WindowMagnificationMgr: requestConnection duplicated request: connect=false, mConnectionState=DISCONNECTED
11-01 22:08:24.853  1446  4162 W BackupTransportManager: Package com.termuxhackers.id enabled setting: 0
11-01 22:08:24.926  1446  5475 D CompatibilityChangeReporter: Compat change id reported: 161252188; UID 10277; state: DISABLED
11-01 22:08:25.045  1446  1847 E PackageManager: ERROR: could not load root hash from incremental install
11-01 22:08:25.068  1446  1847 I PackageManager: Integrity check passed for file:///data/app/vmdl647921296.tmp
11-01 22:08:25.156  1446  1658 V StorageManagerService: Package null has legacy storage
11-01 22:08:25.225  1446  5477 I ActivityManager: Background started FGS: Allowed [callingPackage: com.google.android.apps.wellbeing; callingUid: 10121; uidState: BFGS; intent: Intent { cmp=com.google.android.apps.wellbeing/com.google.apps.tiktok.concurrent.InternalForegroundService (has extras) }; code:BACKGROUND_ACTIVITY_PERMISSION; tempAllowListReason:<null>; targetSdkVersion:33; callerTargetSdkVersion:33; startForegroundCount:0; bindFromPackage:null]
11-01 22:08:25.432  1446  1446 I NotificationService: Cannot find enqueued record for key: 0|com.google.android.apps.wellbeing|174344743|null|10121
11-01 22:08:25.482  1446  5494 I ActivityManager: Background started FGS: Allowed [callingPackage: com.google.android.apps.wellbeing; callingUid: 10121; uidState: BFGS; intent: Intent { cmp=com.google.android.apps.wellbeing/com.google.apps.tiktok.concurrent.InternalForegroundService (has extras) }; code:BACKGROUND_ACTIVITY_PERMISSION; tempAllowListReason:<null>; targetSdkVersion:33; callerTargetSdkVersion:33; startForegroundCount:0; bindFromPackage:null]
11-01 22:08:25.708  1446  1446 I NotificationService: Cannot find enqueued record for key: 0|com.google.android.apps.wellbeing|174344743|null|10121
11-01 22:08:25.857  1446  1847 V BackupManagerService: [UserID:0] restoreAtInstall pkg=cricket.antenna.copy token=61 restoreSet=0
11-01 22:08:25.857  1446  1847 V BackupManagerService: [UserID:0] Finishing install immediately
11-01 22:08:25.873  1446  1847 D PackageInstallerSession: Marking session 647921296 as applied
11-01 22:08:25.876  1446  1847 D CompatibilityChangeReporter: Compat change id reported: 168419799; UID 10278; state: DISABLED
11-01 22:08:25.876  1446  1847 D CompatibilityChangeReporter: Compat change id reported: 273564678; UID 10278; state: DISABLED
11-01 22:08:25.912  1446  1676 W WindowMagnificationMgr: requestConnection duplicated request: connect=false, mConnectionState=DISCONNECTED
11-01 22:08:25.918  1446  1446 I Telecom : DefaultDialerCache: Refreshing default dialer for user 0: now com.google.android.dialer: DDC.oR@BOg
11-01 22:08:25.921  1446  1446 V BackupManagerConstants: getFullBackupIntervalMilliseconds(...) returns 86400000
11-01 22:08:25.921  1446  1446 V BackupManagerConstants: getFullBackupRequiredNetworkType(...) returns 2
11-01 22:08:25.921  1446  1446 V BackupManagerConstants: getFullBackupRequireCharging(...) returns true
11-01 22:08:25.923  1446  1843 E VerityUtils: Failed to measure fs-verity, errno 1: /data/app/~~LdDDHgLiY7pYMBFecSABGQ==/cricket.antenna.copy-6WLTOVQbwCdN02geIvP4tg==/base.apk
11-01 22:08:25.931  1446  1676 W PackageManager: Failed registering loading progress callback. Package is fully loaded.
11-01 22:08:25.931  1446  2004 D CompatibilityChangeReporter: Compat change id reported: 218533173; UID 10278; state: DISABLED
11-01 22:08:25.947  1446  1676 W WindowMagnificationMgr: requestConnection duplicated request: connect=false, mConnectionState=DISCONNECTED
11-01 22:08:25.960  1446  1446 I Telecom : DefaultDialerCache: Refreshing default dialer for user 0: now com.google.android.dialer: DDC.oR@BOk
11-01 22:08:25.966  1446  5477 D CompatibilityChangeReporter: Compat change id reported: 161252188; UID 10278; state: DISABLED
11-01 22:08:25.983  1446  1847 E PackageManager: ERROR: could not load root hash from incremental install
11-01 22:08:25.987  1446  4162 W BackupTransportManager: Package cricket.antenna.copy enabled setting: 0
11-01 22:08:26.009  1446  1847 I PackageManager: Integrity check passed for file:///data/app/vmdl2072156030.tmp
11-01 22:08:26.152  1446  1658 V StorageManagerService: Package null has legacy storage
11-01 22:08:26.292  1446  1847 V BackupManagerService: [UserID:0] restoreAtInstall pkg=xizyt.few.uv.iivn token=62 restoreSet=0
11-01 22:08:26.292  1446  1847 V BackupManagerService: [UserID:0] Finishing install immediately
11-01 22:08:26.293  1446  1847 D PackageInstallerSession: Marking session 2072156030 as applied
11-01 22:08:26.297  1446  1847 D CompatibilityChangeReporter: Compat change id reported: 168419799; UID 10279; state: DISABLED
11-01 22:08:26.297  1446  1847 D CompatibilityChangeReporter: Compat change id reported: 273564678; UID 10279; state: DISABLED
11-01 22:08:26.307  1446  1446 I Telecom : DefaultDialerCache: Refreshing default dialer for user 0: now com.google.android.dialer: DDC.oR@BOw
11-01 22:08:26.340  1446  1843 E VerityUtils: Failed to measure fs-verity, errno 1: /data/app/~~rSbF4kgVxkrwUVjPetlAjw==/xizyt.few.uv.iivn-WlEuoUzSH6SJTfq3v1xqvw==/base.apk
11-01 22:08:26.348  1446  1446 V BackupManagerConstants: getFullBackupIntervalMilliseconds(...) returns 86400000
11-01 22:08:26.348  1446  1446 V BackupManagerConstants: getFullBackupRequiredNetworkType(...) returns 2
11-01 22:08:26.348  1446  1446 V BackupManagerConstants: getFullBackupRequireCharging(...) returns true
11-01 22:08:26.350  1446  1518 D CompatibilityChangeReporter: Compat change id reported: 161252188; UID 10279; state: DISABLED
11-01 22:08:26.351  1446  2004 D CompatibilityChangeReporter: Compat change id reported: 218533173; UID 10279; state: DISABLED
11-01 22:08:26.376  1446  1446 I Telecom : DefaultDialerCache: Refreshing default dialer for user 0: now com.google.android.dialer: DDC.oR@BO0
11-01 22:08:26.417  1446  4162 W BackupTransportManager: Package xizyt.few.uv.iivn enabled setting: 0
11-01 22:08:26.457  1446  1676 W WindowMagnificationMgr: requestConnection duplicated request: connect=false, mConnectionState=DISCONNECTED
11-01 22:08:26.545  1446  1676 W PackageManager: Failed registering loading progress callback. Package is fully loaded.
11-01 22:08:26.557  1446  1847 E PackageManager: ERROR: could not load root hash from incremental install
11-01 22:08:26.565  1446  1676 W WindowMagnificationMgr: requestConnection duplicated request: connect=false, mConnectionState=DISCONNECTED
11-01 22:08:26.577  1446  1847 I PackageManager: Integrity check passed for file:///data/app/vmdl1401365390.tmp
11-01 22:08:27.096  1446  1847 V BackupManagerService: [UserID:0] restoreAtInstall pkg=com.shrimp.major token=63 restoreSet=0
11-01 22:08:27.096  1446  1847 V BackupManagerService: [UserID:0] Finishing install immediately
11-01 22:08:27.098  1446  1847 D PackageInstallerSession: Marking session 1401365390 as applied
11-01 22:08:27.099  1446  1847 D CompatibilityChangeReporter: Compat change id reported: 168419799; UID 10280; state: DISABLED
11-01 22:08:27.099  1446  1847 D CompatibilityChangeReporter: Compat change id reported: 273564678; UID 10280; state: DISABLED
11-01 22:08:27.103  1446  1446 I Telecom : DefaultDialerCache: Refreshing default dialer for user 0: now com.google.android.dialer: DDC.oR@BPA
11-01 22:08:27.114  1446  1446 V BackupManagerConstants: getFullBackupIntervalMilliseconds(...) returns 86400000
11-01 22:08:27.115  1446  1446 V BackupManagerConstants: getFullBackupRequiredNetworkType(...) returns 2
11-01 22:08:27.115  1446  1446 V BackupManagerConstants: getFullBackupRequireCharging(...) returns true
11-01 22:08:27.164  1446  1843 E VerityUtils: Failed to measure fs-verity, errno 1: /data/app/~~yr5TdbHuxSIlZgV0A_FGyA==/com.shrimp.major-SQ7cWV1AzuqRFT061PIpdg==/base.apk
11-01 22:08:27.165  1446  2004 D CompatibilityChangeReporter: Compat change id reported: 218533173; UID 10280; state: DISABLED
11-01 22:08:27.168  1446  1446 I Telecom : DefaultDialerCache: Refreshing default dialer for user 0: now com.google.android.dialer: DDC.oR@BPE
11-01 22:08:27.180  1446  5494 D CompatibilityChangeReporter: Compat change id reported: 161252188; UID 10280; state: DISABLED
11-01 22:08:27.181  1446  4162 W BackupTransportManager: Package com.shrimp.major enabled setting: 0
11-01 22:08:27.195  1446  1676 W WindowMagnificationMgr: requestConnection duplicated request: connect=false, mConnectionState=DISCONNECTED
11-01 22:08:27.241  1446  1676 W PackageManager: Failed registering loading progress callback. Package is fully loaded.
11-01 22:08:27.254  1446  1676 W WindowMagnificationMgr: requestConnection duplicated request: connect=false, mConnectionState=DISCONNECTED
11-01 22:08:27.388  1446  1847 E PackageManager: ERROR: could not load root hash from incremental install
11-01 22:08:27.395  1446  2034 W PackageParsing: Ignoring duplicate uses-permissions/uses-permissions-sdk-m:  in package: com.kp1874 at: Binary XML file line #15
11-01 22:08:27.395  1446  2034 W PackageParsing: Ignoring duplicate uses-permissions/uses-permissions-sdk-m:  in package: com.kp1874 at: Binary XML file line #16
11-01 22:08:27.395  1446  2034 W PackageParsing: Ignoring duplicate uses-permissions/uses-permissions-sdk-m:  in package: com.kp1874 at: Binary XML file line #19
11-01 22:08:27.395  1446  2034 W PackageParsing: Ignoring duplicate uses-permissions/uses-permissions-sdk-m:  in package: com.kp1874 at: Binary XML file line #20
11-01 22:08:27.395  1446  2034 W PackageParsing: Ignoring duplicate uses-permissions/uses-permissions-sdk-m:  in package: com.kp1874 at: Binary XML file line #22
11-01 22:08:27.395  1446  2034 W PackageParsing: Ignoring duplicate uses-permissions/uses-permissions-sdk-m:  in package: com.kp1874 at: Binary XML file line #27
11-01 22:08:27.417  1446  1847 I PackageManager: Integrity check passed for file:///data/app/vmdl648706667.tmp
11-01 22:08:27.434  1446  1847 W PackageParsing: Ignoring duplicate uses-permissions/uses-permissions-sdk-m:  in package: com.kp1874 at: Binary XML file line #15
11-01 22:08:27.434  1446  1847 W PackageParsing: Ignoring duplicate uses-permissions/uses-permissions-sdk-m:  in package: com.kp1874 at: Binary XML file line #16
11-01 22:08:27.434  1446  1847 W PackageParsing: Ignoring duplicate uses-permissions/uses-permissions-sdk-m:  in package: com.kp1874 at: Binary XML file line #19
11-01 22:08:27.434  1446  1847 W PackageParsing: Ignoring duplicate uses-permissions/uses-permissions-sdk-m:  in package: com.kp1874 at: Binary XML file line #20
11-01 22:08:27.434  1446  1847 W PackageParsing: Ignoring duplicate uses-permissions/uses-permissions-sdk-m:  in package: com.kp1874 at: Binary XML file line #22
11-01 22:08:27.434  1446  1847 W PackageParsing: Ignoring duplicate uses-permissions/uses-permissions-sdk-m:  in package: com.kp1874 at: Binary XML file line #27
11-01 22:08:27.499  1446  1658 V StorageManagerService: Package null has legacy storage
11-01 22:08:27.805  1446  1847 V BackupManagerService: [UserID:0] restoreAtInstall pkg=com.kp1874 token=64 restoreSet=0
11-01 22:08:27.806  1446  1847 V BackupManagerService: [UserID:0] Finishing install immediately
11-01 22:08:27.807  1446  1847 D PackageInstallerSession: Marking session 648706667 as applied
11-01 22:08:27.810  1446  1847 D CompatibilityChangeReporter: Compat change id reported: 168419799; UID 10281; state: DISABLED
11-01 22:08:27.810  1446  1847 D CompatibilityChangeReporter: Compat change id reported: 273564678; UID 10281; state: DISABLED
11-01 22:08:27.818  1446  1446 I Telecom : DefaultDialerCache: Refreshing default dialer for user 0: now com.google.android.dialer: DDC.oR@BPQ
11-01 22:08:27.868  1446  2004 D CompatibilityChangeReporter: Compat change id reported: 218533173; UID 10281; state: DISABLED
11-01 22:08:27.871  1446  1446 I Telecom : DefaultDialerCache: Refreshing default dialer for user 0: now com.google.android.dialer: DDC.oR@BPU
11-01 22:08:27.871  1446  4162 W BackupTransportManager: Package com.kp1874 enabled setting: 0
11-01 22:08:27.878  1446  1843 E VerityUtils: Failed to measure fs-verity, errno 1: /data/app/~~sZzpleqqVovQjBnRL2geVA==/com.kp1874-_IUSSRXhUniL9llShJ_RmQ==/base.apk
11-01 22:08:27.891  1446  5662 D CompatibilityChangeReporter: Compat change id reported: 161252188; UID 10281; state: DISABLED
11-01 22:08:27.893  1446  1676 W WindowMagnificationMgr: requestConnection duplicated request: connect=false, mConnectionState=DISCONNECTED
11-01 22:08:27.924  1446  1847 E PackageManager: ERROR: could not load root hash from incremental install
11-01 22:08:27.942  1446  1676 W PackageManager: Failed registering loading progress callback. Package is fully loaded.
11-01 22:08:27.956  1446  1847 I PackageManager: Integrity check passed for file:///data/app/vmdl1606878561.tmp
11-01 22:08:28.222  1446  1658 V StorageManagerService: Package null has legacy storage
11-01 22:08:28.222  1446  1658 W Looper  : Slow dispatch took 218ms android.fg h=android.os.Handler c=<recycled PooledLambda@690d92d> m=0
11-01 22:08:28.222  1446  1658 W Looper  : Slow delivery took 218ms android.fg h=android.os.Handler c=<recycled PooledLambda@3a65e62> m=0
11-01 22:08:28.222  1446  1658 W Looper  : Drained
11-01 22:08:28.303  1446  1676 W WindowMagnificationMgr: requestConnection duplicated request: connect=false, mConnectionState=DISCONNECTED
11-01 22:08:28.350  1446  1847 V BackupManagerService: [UserID:0] restoreAtInstall pkg=com.eyelid.steady token=65 restoreSet=0
11-01 22:08:28.350  1446  1847 V BackupManagerService: [UserID:0] Finishing install immediately
11-01 22:08:28.351  1446  1847 D PackageInstallerSession: Marking session 1606878561 as applied
11-01 22:08:28.353  1446  1847 D CompatibilityChangeReporter: Compat change id reported: 168419799; UID 10282; state: DISABLED
11-01 22:08:28.354  1446  1847 D CompatibilityChangeReporter: Compat change id reported: 273564678; UID 10282; state: DISABLED
11-01 22:08:28.367  1446  1446 I Telecom : DefaultDialerCache: Refreshing default dialer for user 0: now com.google.android.dialer: DDC.oR@BPg
11-01 22:08:28.373  1446  1676 W WindowMagnificationMgr: requestConnection duplicated request: connect=false, mConnectionState=DISCONNECTED
11-01 22:08:28.375  1446  1446 V BackupManagerConstants: getFullBackupIntervalMilliseconds(...) returns 86400000
11-01 22:08:28.375  1446  1446 V BackupManagerConstants: getFullBackupRequiredNetworkType(...) returns 2
11-01 22:08:28.375  1446  1446 V BackupManagerConstants: getFullBackupRequireCharging(...) returns true
11-01 22:08:28.381  1446  2004 D CompatibilityChangeReporter: Compat change id reported: 218533173; UID 10282; state: DISABLED
11-01 22:08:28.382  1446  1446 I Telecom : DefaultDialerCache: Refreshing default dialer for user 0: now com.google.android.dialer: DDC.oR@BPk
11-01 22:08:28.389  1446  1676 D AppWidgetServiceImpl: Provider info from ComponentInfo{com.eyelid.steady/com.eyelid.steady.wp} won't be persisted.
11-01 22:08:28.418  1446  1676 W PackageManager: Failed registering loading progress callback. Package is fully loaded.
11-01 22:08:28.419  1446  4162 W BackupTransportManager: Package com.eyelid.steady enabled setting: 0
11-01 22:08:28.435  1446  1676 W WindowMagnificationMgr: requestConnection duplicated request: connect=false, mConnectionState=DISCONNECTED
11-01 22:08:28.436  1446  1976 D CompatibilityChangeReporter: Compat change id reported: 161252188; UID 10282; state: DISABLED
11-01 22:08:28.454  1446  1843 E VerityUtils: Failed to measure fs-verity, errno 1: /data/app/~~F84WAmADNvlp0pfRscfK6A==/com.eyelid.steady-BHNfi0LMV_-jpqRXZw-cvg==/base.apk
11-01 22:08:28.724  1446  1975 I ActivityManager: Background started FGS: Allowed [callingPackage: com.google.android.apps.wellbeing; callingUid: 10121; uidState: BFGS; intent: Intent { cmp=com.google.android.apps.wellbeing/com.google.apps.tiktok.concurrent.InternalForegroundService (has extras) }; code:BACKGROUND_ACTIVITY_PERMISSION; tempAllowListReason:<null>; targetSdkVersion:33; callerTargetSdkVersion:33; startForegroundCount:0; bindFromPackage:null]
11-01 22:08:28.750  1446  1847 E PackageManager: ERROR: could not load root hash from incremental install
11-01 22:08:28.778  1446  1847 I PackageManager: Integrity check passed for file:///data/app/vmdl1128461480.tmp
11-01 22:08:28.855  1446  1658 V StorageManagerService: Package null has legacy storage
11-01 22:08:28.939  1446  1446 I NotificationService: Cannot find enqueued record for key: 0|com.google.android.apps.wellbeing|174344743|null|10121
11-01 22:08:28.968  1446  1847 V BackupManagerService: [UserID:0] restoreAtInstall pkg=com.yang.game.dds token=66 restoreSet=0
11-01 22:08:28.968  1446  1847 V BackupManagerService: [UserID:0] Finishing install immediately
11-01 22:08:28.970  1446  1847 D PackageInstallerSession: Marking session 1128461480 as applied
11-01 22:08:28.971  1446  1847 D CompatibilityChangeReporter: Compat change id reported: 168419799; UID 10283; state: DISABLED
11-01 22:08:28.971  1446  1847 D CompatibilityChangeReporter: Compat change id reported: 273564678; UID 10283; state: DISABLED
11-01 22:08:28.976  1446  1446 I Telecom : DefaultDialerCache: Refreshing default dialer for user 0: now com.google.android.dialer: DDC.oR@BP4
11-01 22:08:28.981  1446  1446 V BackupManagerConstants: getFullBackupIntervalMilliseconds(...) returns 86400000
11-01 22:08:28.981  1446  1446 V BackupManagerConstants: getFullBackupRequiredNetworkType(...) returns 2
11-01 22:08:28.981  1446  1446 V BackupManagerConstants: getFullBackupRequireCharging(...) returns true
11-01 22:08:29.002  1446  2004 D CompatibilityChangeReporter: Compat change id reported: 218533173; UID 10283; state: DISABLED
11-01 22:08:29.007  1446  1446 I Telecom : DefaultDialerCache: Refreshing default dialer for user 0: now com.google.android.dialer: DDC.oR@BP8
11-01 22:08:29.022  1446  1843 E VerityUtils: Failed to measure fs-verity, errno 1: /data/app/~~CzD7axi81gZXKBg6M5olRg==/com.yang.game.dds-X3Y8dRHQMBGaPAWWmbMhEA==/base.apk
11-01 22:08:29.036  1446  1847 E PackageManager: ERROR: could not load root hash from incremental install
11-01 22:08:29.044  1446  1847 I PackageManager: Integrity check passed for file:///data/app/vmdl1233382543.tmp
11-01 22:08:29.047  1446  1676 W WindowMagnificationMgr: requestConnection duplicated request: connect=false, mConnectionState=DISCONNECTED
11-01 22:08:29.060  1446  5487 D CompatibilityChangeReporter: Compat change id reported: 161252188; UID 10283; state: DISABLED
11-01 22:08:29.065  1446  4162 W BackupTransportManager: Package com.yang.game.dds enabled setting: 0
11-01 22:08:29.110  1446  1676 W PackageManager: Failed registering loading progress callback. Package is fully loaded.
11-01 22:08:29.128  1446  1676 W WindowMagnificationMgr: requestConnection duplicated request: connect=false, mConnectionState=DISCONNECTED
11-01 22:08:29.327  1446  1847 V BackupManagerService: [UserID:0] restoreAtInstall pkg=com.gupocufbbxbijsq.gtenurim token=67 restoreSet=0
11-01 22:08:29.328  1446  1847 V BackupManagerService: [UserID:0] Finishing install immediately
11-01 22:08:29.331  1446  1847 D PackageInstallerSession: Marking session 1233382543 as applied
11-01 22:08:29.334  1446  1847 D CompatibilityChangeReporter: Compat change id reported: 168419799; UID 10284; state: DISABLED
11-01 22:08:29.335  1446  1847 D CompatibilityChangeReporter: Compat change id reported: 273564678; UID 10284; state: DISABLED
11-01 22:08:29.348  1446  1446 I Telecom : DefaultDialerCache: Refreshing default dialer for user 0: now com.google.android.dialer: DDC.oR@BQI
11-01 22:08:29.362  1446  1446 V BackupManagerConstants: getFullBackupIntervalMilliseconds(...) returns 86400000
11-01 22:08:29.362  1446  1446 V BackupManagerConstants: getFullBackupRequiredNetworkType(...) returns 2
11-01 22:08:29.362  1446  1446 V BackupManagerConstants: getFullBackupRequireCharging(...) returns true
11-01 22:08:29.367  1446  1676 W WindowMagnificationMgr: requestConnection duplicated request: connect=false, mConnectionState=DISCONNECTED
11-01 22:08:29.369  1446  2004 D CompatibilityChangeReporter: Compat change id reported: 218533173; UID 10284; state: DISABLED
11-01 22:08:29.373  1446  1446 I Telecom : DefaultDialerCache: Refreshing default dialer for user 0: now com.google.android.dialer: DDC.oR@BQM
11-01 22:08:29.401  1446  1676 W PackageManager: Failed registering loading progress callback. Package is fully loaded.
11-01 22:08:29.422  1446  1676 W WindowMagnificationMgr: requestConnection duplicated request: connect=false, mConnectionState=DISCONNECTED
11-01 22:08:29.426  1446  4162 W BackupTransportManager: Package com.gupocufbbxbijsq.gtenurim enabled setting: 0
11-01 22:08:29.455  1446  1843 E VerityUtils: Failed to measure fs-verity, errno 1: /data/app/~~Yr4eI98M3u33JAGbhCFQMg==/com.gupocufbbxbijsq.gtenurim-ZPCtXPZKHVBJO766n6nXeg==/base.apk
11-01 22:08:29.462  1446  1847 E PackageManager: ERROR: could not load root hash from incremental install
11-01 22:08:29.471  1446  5494 D CompatibilityChangeReporter: Compat change id reported: 161252188; UID 10284; state: DISABLED
11-01 22:08:29.482  1446  1847 I PackageManager: Integrity check passed for file:///data/app/vmdl2092779428.tmp
11-01 22:08:29.733  1446  1847 V BackupManagerService: [UserID:0] restoreAtInstall pkg=com.swivvtvzoky.ktmuzxo token=68 restoreSet=0
11-01 22:08:29.734  1446  1847 V BackupManagerService: [UserID:0] Finishing install immediately
11-01 22:08:29.739  1446  1847 D PackageInstallerSession: Marking session 2092779428 as applied
11-01 22:08:29.741  1446  1847 D CompatibilityChangeReporter: Compat change id reported: 168419799; UID 10285; state: DISABLED
11-01 22:08:29.741  1446  1847 D CompatibilityChangeReporter: Compat change id reported: 273564678; UID 10285; state: DISABLED
11-01 22:08:29.750  1446  1446 I Telecom : DefaultDialerCache: Refreshing default dialer for user 0: now com.google.android.dialer: DDC.oR@BQY
11-01 22:08:29.761  1446  1446 V BackupManagerConstants: getFullBackupIntervalMilliseconds(...) returns 86400000
11-01 22:08:29.761  1446  1446 V BackupManagerConstants: getFullBackupRequiredNetworkType(...) returns 2
11-01 22:08:29.761  1446  1446 V BackupManagerConstants: getFullBackupRequireCharging(...) returns true
11-01 22:08:29.769  1446  1676 W WindowMagnificationMgr: requestConnection duplicated request: connect=false, mConnectionState=DISCONNECTED
11-01 22:08:29.774  1446  2004 D CompatibilityChangeReporter: Compat change id reported: 218533173; UID 10285; state: DISABLED
11-01 22:08:29.778  1446  1446 I Telecom : DefaultDialerCache: Refreshing default dialer for user 0: now com.google.android.dialer: DDC.oR@BQc
11-01 22:08:29.804  1446  1676 W PackageManager: Failed registering loading progress callback. Package is fully loaded.
11-01 22:08:29.812  1446  5659 D CompatibilityChangeReporter: Compat change id reported: 161252188; UID 10285; state: DISABLED
11-01 22:08:29.820  1446  1843 E VerityUtils: Failed to measure fs-verity, errno 1: /data/app/~~ZXrT4lqEjOmlJcN7luHs7Q==/com.swivvtvzoky.ktmuzxo-J1E8MsmBzN5SaxmLkHL1iw==/base.apk
11-01 22:08:29.850  1446  1676 W WindowMagnificationMgr: requestConnection duplicated request: connect=false, mConnectionState=DISCONNECTED
11-01 22:08:29.859  1446  4162 W BackupTransportManager: Package com.swivvtvzoky.ktmuzxo enabled setting: 0
11-01 22:08:29.931  1446  1847 E PackageManager: ERROR: could not load root hash from incremental install
11-01 22:08:29.950  1446  1847 I PackageManager: Integrity check passed for file:///data/app/vmdl717944229.tmp
11-01 22:08:29.996  1446  1847 W PackageManager: Skipping provider name com.gsf.duopyj (in package com.gsf.duopyj): name already used by com.gsf.duopyj
11-01 22:08:29.996  1446  1847 W PackageManager: Skipping provider name com.gsf.duopyj (in package com.gsf.duopyj): name already used by com.gsf.duopyj
11-01 22:08:30.054  1446  1658 V StorageManagerService: Package null has legacy storage
11-01 22:08:30.156  1446  1847 V BackupManagerService: [UserID:0] restoreAtInstall pkg=com.gsf.duopyj token=69 restoreSet=0
11-01 22:08:30.159  1446  1847 V BackupManagerService: [UserID:0] Finishing install immediately
11-01 22:08:30.162  1446  1847 D PackageInstallerSession: Marking session 717944229 as applied
11-01 22:08:30.165  1446  1847 D CompatibilityChangeReporter: Compat change id reported: 168419799; UID 10286; state: DISABLED
11-01 22:08:30.165  1446  1847 D CompatibilityChangeReporter: Compat change id reported: 273564678; UID 10286; state: DISABLED
11-01 22:08:30.176  1446  1446 I Telecom : DefaultDialerCache: Refreshing default dialer for user 0: now com.google.android.dialer: DDC.oR@BQo
11-01 22:08:30.200  1446  1446 V BackupManagerConstants: getFullBackupIntervalMilliseconds(...) returns 86400000
11-01 22:08:30.201  1446  1446 V BackupManagerConstants: getFullBackupRequiredNetworkType(...) returns 2
11-01 22:08:30.201  1446  1446 V BackupManagerConstants: getFullBackupRequireCharging(...) returns true
11-01 22:08:30.210  1446  1676 W WindowMagnificationMgr: requestConnection duplicated request: connect=false, mConnectionState=DISCONNECTED
11-01 22:08:30.235  1446  1843 E VerityUtils: Failed to measure fs-verity, errno 1: /data/app/~~t0B1JU0KdomJ9rGtLIaQBw==/com.gsf.duopyj-p2luCf6NoOrxfi7vzXNGww==/base.apk
11-01 22:08:30.241  1446  1676 W PackageManager: Failed registering loading progress callback. Package is fully loaded.
11-01 22:08:30.242  1446  1518 D CompatibilityChangeReporter: Compat change id reported: 161252188; UID 10286; state: DISABLED
11-01 22:08:30.279  1446  1446 W Looper  : Slow dispatch took 102ms main h=android.app.ActivityThread$H c=android.app.LoadedApk$ReceiverDispatcher$Args$$ExternalSyntheticLambda0@a19b496 m=0
11-01 22:08:30.288  1446  2004 D CompatibilityChangeReporter: Compat change id reported: 218533173; UID 10286; state: DISABLED
11-01 22:08:30.316  1446  1446 I Telecom : DefaultDialerCache: Refreshing default dialer for user 0: now com.google.android.dialer: DDC.oR@BQ0
11-01 22:08:30.316  1446  4162 W BackupTransportManager: Package com.gsf.duopyj enabled setting: 0
11-01 22:08:30.316  1446  1676 W WindowMagnificationMgr: requestConnection duplicated request: connect=false, mConnectionState=DISCONNECTED
11-01 22:08:30.423  1446  1847 E PackageManager: ERROR: could not load root hash from incremental install
11-01 22:08:30.450  1446  1847 I PackageManager: Integrity check passed for file:///data/app/vmdl1450521934.tmp
11-01 22:08:30.539  1446  1658 V StorageManagerService: Package null does not have legacy storage
11-01 22:08:30.562  1446  5659 I ActivityManager: Background started FGS: Allowed [callingPackage: com.google.android.apps.wellbeing; callingUid: 10121; uidState: BFGS; intent: Intent { cmp=com.google.android.apps.wellbeing/com.google.apps.tiktok.concurrent.InternalForegroundService (has extras) }; code:BACKGROUND_ACTIVITY_PERMISSION; tempAllowListReason:<null>; targetSdkVersion:33; callerTargetSdkVersion:33; startForegroundCount:0; bindFromPackage:null]
11-01 22:08:30.769  1446  1446 I NotificationService: Cannot find enqueued record for key: 0|com.google.android.apps.wellbeing|174344743|null|10121
11-01 22:08:30.830  1446  5477 I ActivityManager: Background started FGS: Allowed [callingPackage: com.google.android.apps.wellbeing; callingUid: 10121; uidState: BFGS; intent: Intent { cmp=com.google.android.apps.wellbeing/com.google.apps.tiktok.concurrent.InternalForegroundService (has extras) }; code:BACKGROUND_ACTIVITY_PERMISSION; tempAllowListReason:<null>; targetSdkVersion:33; callerTargetSdkVersion:33; startForegroundCount:0; bindFromPackage:null]
11-01 22:08:31.037  1446  1847 V BackupManagerService: [UserID:0] restoreAtInstall pkg=outer.kitten.thunder token=6a restoreSet=0
11-01 22:08:31.037  1446  1847 V BackupManagerService: [UserID:0] Finishing install immediately
11-01 22:08:31.039  1446  1446 I NotificationService: Cannot find enqueued record for key: 0|com.google.android.apps.wellbeing|174344743|null|10121
11-01 22:08:31.040  1446  1847 D PackageInstallerSession: Marking session 1450521934 as applied
11-01 22:08:31.042  1446  1847 D CompatibilityChangeReporter: Compat change id reported: 168419799; UID 10287; state: DISABLED
11-01 22:08:31.042  1446  1847 D CompatibilityChangeReporter: Compat change id reported: 273564678; UID 10287; state: DISABLED
11-01 22:08:31.048  1446  1446 I Telecom : DefaultDialerCache: Refreshing default dialer for user 0: now com.google.android.dialer: DDC.oR@BRI
11-01 22:08:31.068  1446  1446 V BackupManagerConstants: getFullBackupIntervalMilliseconds(...) returns 86400000
11-01 22:08:31.068  1446  1446 V BackupManagerConstants: getFullBackupRequiredNetworkType(...) returns 2
11-01 22:08:31.068  1446  1446 V BackupManagerConstants: getFullBackupRequireCharging(...) returns true
11-01 22:08:31.082  1446  1676 W WindowMagnificationMgr: requestConnection duplicated request: connect=false, mConnectionState=DISCONNECTED
11-01 22:08:31.091  1446  1843 E VerityUtils: Failed to measure fs-verity, errno 1: /data/app/~~1JYxKKO2sgZuk4RST2Yi4A==/outer.kitten.thunder-2MgVNusm5j0PKtAJrRmyWg==/base.apk
11-01 22:08:31.103  1446  1975 D CompatibilityChangeReporter: Compat change id reported: 161252188; UID 10287; state: DISABLED
11-01 22:08:31.119  1446  1446 I Telecom : DefaultDialerCache: Refreshing default dialer for user 0: now com.google.android.dialer: DDC.oR@BRM
11-01 22:08:31.125  1446  2004 D CompatibilityChangeReporter: Compat change id reported: 218533173; UID 10287; state: DISABLED
11-01 22:08:31.142  1446  1676 W PackageManager: Failed registering loading progress callback. Package is fully loaded.
11-01 22:08:31.160  1446  4162 W BackupTransportManager: Package outer.kitten.thunder enabled setting: 0
11-01 22:08:31.162  1446  1676 W WindowMagnificationMgr: requestConnection duplicated request: connect=false, mConnectionState=DISCONNECTED
11-01 22:08:31.386  1446  1847 E PackageManager: ERROR: could not load root hash from incremental install
11-01 22:08:31.431  1446  1847 I PackageManager: Integrity check passed for file:///data/app/vmdl1302619201.tmp
11-01 22:08:31.520  1446  1658 V StorageManagerService: Package null has legacy storage
11-01 22:08:31.882  1446  1847 V BackupManagerService: [UserID:0] restoreAtInstall pkg=com.foresight.mobowifi token=6b restoreSet=0
11-01 22:08:31.882  1446  1847 V BackupManagerService: [UserID:0] Finishing install immediately
11-01 22:08:31.884  1446  1847 D PackageInstallerSession: Marking session 1302619201 as applied
11-01 22:08:31.888  1446  1847 D CompatibilityChangeReporter: Compat change id reported: 168419799; UID 10288; state: DISABLED
11-01 22:08:31.888  1446  1847 D CompatibilityChangeReporter: Compat change id reported: 273564678; UID 10288; state: DISABLED
11-01 22:08:31.905  1446  1446 I Telecom : DefaultDialerCache: Refreshing default dialer for user 0: now com.google.android.dialer: DDC.oR@BRY
11-01 22:08:31.910  1446  1446 V BackupManagerConstants: getFullBackupIntervalMilliseconds(...) returns 86400000
11-01 22:08:31.910  1446  1446 V BackupManagerConstants: getFullBackupRequiredNetworkType(...) returns 2
11-01 22:08:31.910  1446  1446 V BackupManagerConstants: getFullBackupRequireCharging(...) returns true
11-01 22:08:31.936  1446  2004 D CompatibilityChangeReporter: Compat change id reported: 218533173; UID 10288; state: DISABLED
11-01 22:08:31.943  1446  1843 E VerityUtils: Failed to measure fs-verity, errno 1: /data/app/~~XNUD08cmMBIGdHzPATtasw==/com.foresight.mobowifi-S1_hUI2RWNEFpAfzfYmuOg==/base.apk
11-01 22:08:31.959  1446  3729 D CompatibilityChangeReporter: Compat change id reported: 161252188; UID 10288; state: DISABLED
11-01 22:08:31.962  1446  1446 I Telecom : DefaultDialerCache: Refreshing default dialer for user 0: now com.google.android.dialer: DDC.oR@BRc
11-01 22:08:31.963  1446  4162 W BackupTransportManager: Package com.foresight.mobowifi enabled setting: 0
11-01 22:08:31.971  1446  1676 W WindowMagnificationMgr: requestConnection duplicated request: connect=false, mConnectionState=DISCONNECTED
11-01 22:08:32.049  1446  1676 W PackageManager: Failed registering loading progress callback. Package is fully loaded.
11-01 22:08:32.065  1446  1676 W WindowMagnificationMgr: requestConnection duplicated request: connect=false, mConnectionState=DISCONNECTED
11-01 22:08:32.136  1446  1847 E PackageManager: ERROR: could not load root hash from incremental install
11-01 22:08:32.166  1446  1847 I PackageManager: Integrity check passed for file:///data/app/vmdl1453404331.tmp
11-01 22:08:32.257  1446  1658 V StorageManagerService: Package null does not have legacy storage
11-01 22:08:32.747  1446  1847 V BackupManagerService: [UserID:0] restoreAtInstall pkg=host.meadow.inmate token=6c restoreSet=0
11-01 22:08:32.747  1446  1847 V BackupManagerService: [UserID:0] Finishing install immediately
11-01 22:08:32.751  1446  1847 D PackageInstallerSession: Marking session 1453404331 as applied
11-01 22:08:32.753  1446  1847 D CompatibilityChangeReporter: Compat change id reported: 168419799; UID 10289; state: DISABLED
11-01 22:08:32.753  1446  1847 D CompatibilityChangeReporter: Compat change id reported: 273564678; UID 10289; state: DISABLED
11-01 22:08:32.764  1446  1446 I Telecom : DefaultDialerCache: Refreshing default dialer for user 0: now com.google.android.dialer: DDC.oR@BRo
