10-30 23:56:58.643  1456  1831 E VerityUtils: Failed to measure fs-verity, errno 1: /data/app/~~qCr6i1y7w2NQFROwQ9EsaQ==/com.evilsunflower.animalpuzzle-h9ZTOe1TPLk_yYa9kFeMbQ==/base.apk
10-30 23:56:58.667  1456  4187 W BackupTransportManager: Package com.evilsunflower.animalpuzzle enabled setting: 0
10-30 23:56:58.675  1456  3224 W AppOps  : setUidMode() called with a mode inconsistent with runtime permission state, this is discouraged and you should revoke the runtime permission instead: uid=10127, switchCode=1, mode=4, permission=android.permission.ACCESS_BACKGROUND_LOCATION
10-30 23:56:58.680  1456  7081 W AppOps  : setUidMode() called with a mode inconsistent with runtime permission state, this is discouraged and you should revoke the runtime permission instead: uid=10127, switchCode=0, mode=4, permission=android.permission.ACCESS_BACKGROUND_LOCATION
10-30 23:56:58.736  1456  1838 E PackageManager: ERROR: could not load root hash from incremental install
10-30 23:56:58.770  1456  2054 W PackageParsing: Ignoring duplicate uses-permissions/uses-permissions-sdk-m: android.permission.ACCESS_WIFI_STATE in package: io.dcloud.H5BC6BF13 at: Binary XML file line #2
10-30 23:56:58.770  1456  2054 W PackageParsing: Ignoring duplicate uses-permissions/uses-permissions-sdk-m: android.permission.ACCESS_NETWORK_STATE in package: io.dcloud.H5BC6BF13 at: Binary XML file line #2
10-30 23:56:58.770  1456  2054 W PackageParsing: Ignoring duplicate uses-permissions/uses-permissions-sdk-m: android.permission.READ_PHONE_STATE in package: io.dcloud.H5BC6BF13 at: Binary XML file line #2
10-30 23:56:58.780  1456  1838 I PackageManager: Integrity check passed for file:///data/app/vmdl181081821.tmp
10-30 23:56:58.824  1456  1838 W PackageParsing: Ignoring duplicate uses-permissions/uses-permissions-sdk-m: android.permission.ACCESS_WIFI_STATE in package: io.dcloud.H5BC6BF13 at: Binary XML file line #2
10-30 23:56:58.824  1456  1838 W PackageParsing: Ignoring duplicate uses-permissions/uses-permissions-sdk-m: android.permission.ACCESS_NETWORK_STATE in package: io.dcloud.H5BC6BF13 at: Binary XML file line #2
10-30 23:56:58.824  1456  1838 W PackageParsing: Ignoring duplicate uses-permissions/uses-permissions-sdk-m: android.permission.READ_PHONE_STATE in package: io.dcloud.H5BC6BF13 at: Binary XML file line #2
10-30 23:56:58.900  1456  4204 D CompatibilityChangeReporter: Compat change id reported: 161252188; UID 10230; state: DISABLED
10-30 23:56:58.902  1456  1702 V StorageManagerService: Package null has legacy storage
10-30 23:56:59.016  1456  5527 I ActivityManager: Background started FGS: Allowed [callingPackage: com.google.android.apps.wellbeing; callingUid: 10121; uidState: BFGS; intent: Intent { cmp=com.google.android.apps.wellbeing/com.google.apps.tiktok.concurrent.InternalForegroundService (has extras) }; code:BACKGROUND_ACTIVITY_PERMISSION; tempAllowListReason:<null>; targetSdkVersion:33; callerTargetSdkVersion:33; startForegroundCount:0; bindFromPackage:null]
10-30 23:56:59.197  1456  5527 W AppOps  : setUidMode() called with a mode inconsistent with runtime permission state, this is discouraged and you should revoke the runtime permission instead: uid=10127, switchCode=0, mode=4, permission=android.permission.ACCESS_BACKGROUND_LOCATION
10-30 23:56:59.218  1456  5533 I ActivityManager: Background started FGS: Allowed [callingPackage: com.google.android.apps.wellbeing; callingUid: 10121; uidState: BFGS; intent: Intent { cmp=com.google.android.apps.wellbeing/com.google.apps.tiktok.concurrent.InternalForegroundService (has extras) }; code:BACKGROUND_ACTIVITY_PERMISSION; tempAllowListReason:<null>; targetSdkVersion:33; callerTargetSdkVersion:33; startForegroundCount:0; bindFromPackage:null]
10-30 23:56:59.221  1456  1838 V BackupManagerService: [UserID:0] restoreAtInstall pkg=io.dcloud.H5BC6BF13 token=29 restoreSet=0
10-30 23:56:59.222  1456  1838 V BackupManagerService: [UserID:0] Finishing install immediately
10-30 23:56:59.222  1456  1456 I NotificationService: Cannot find enqueued record for key: 0|com.google.android.apps.wellbeing|174344743|null|10121
10-30 23:56:59.223  1456  1838 D PackageInstallerSession: Marking session 181081821 as applied
10-30 23:56:59.235  1456  1838 D CompatibilityChangeReporter: Compat change id reported: 168419799; UID 10231; state: DISABLED
10-30 23:56:59.235  1456  1838 D CompatibilityChangeReporter: Compat change id reported: 273564678; UID 10231; state: DISABLED
10-30 23:56:59.240  1456  1717 W BroadcastQueue: u0 Receiving a broadcast in packagecom.android.buyer requires a permissions review
10-30 23:56:59.240  1456  1717 W BroadcastQueue: Skipping delivery: permission review required for Intent { act=android.intent.action.PACKAGE_ADDED dat=package: flg=0x4000010 (has extras) } from null (pid=1456, uid=1000) to com.android.buyer/.mRve
10-30 23:56:59.240  1456  1717 W BroadcastQueue: Background execution not allowed: receiving Intent { act=android.intent.action.PACKAGE_ADDED dat=package: flg=0x4000010 (has extras) } to com.google.android.packageinstaller/com.android.packageinstaller.PackageInstalledReceiver
10-30 23:56:59.240  1456  1717 W BroadcastQueue: Background execution not allowed: receiving Intent { act=android.intent.action.PACKAGE_ADDED dat=package: flg=0x4000010 (has extras) } to com.android.vending/com.google.android.finsky.packagemonitor.impl.PackageMonitorReceiverImpl$RegisteredReceiver
10-30 23:56:59.240  1456  1717 W BroadcastQueue: Background execution not allowed: receiving Intent { act=android.intent.action.PACKAGE_ADDED dat=package: flg=0x4000010 (has extras) } to com.android.vending/com.google.android.finsky.packagemonitor.backgroundimpl.BackgroundPackageMonitorReceiverImpl$RegisteredReceiver
10-30 23:56:59.240  1456  1717 W BroadcastQueue: Background execution not allowed: receiving Intent { act=android.intent.action.PACKAGE_ADDED dat=package: flg=0x4000010 (has extras) } to com.google.android.gms/.games.chimera.GamesSystemBroadcastReceiverProxy
10-30 23:56:59.240  1456  1717 W BroadcastQueue: Background execution not allowed: receiving Intent { act=android.intent.action.PACKAGE_ADDED dat=package: flg=0x4000010 (has extras) } to com.google.android.gms/.gass.chimera.PackageChangeBroadcastReceiver
10-30 23:56:59.240  1456  1717 W BroadcastQueue: Background execution not allowed: receiving Intent { act=android.intent.action.PACKAGE_ADDED dat=package: flg=0x4000010 (has extras) } to com.google.android.gms/.chimera.GmsIntentOperationService$PersistentTrustedReceiver
10-30 23:56:59.240  1456  1717 W BroadcastQueue: Background execution not allowed: receiving Intent { act=android.intent.action.PACKAGE_ADDED dat=package: flg=0x4000010 (has extras) } to com.google.android.googlequicksearchbox/com.google.android.apps.gsa.googlequicksearchbox.GelStubAppWatcher
10-30 23:56:59.240  1456  1717 W BroadcastQueue: Background execution not allowed: receiving Intent { act=android.intent.action.PACKAGE_ADDED dat=package: flg=0x4000010 (has extras) } to asecurity.phone.junk.cleaner.antivirus/com.lumos.cguard.notif.internal.system.install.InstallReceiver
10-30 23:56:59.240  1456  1717 W BroadcastQueue: u0 Receiving a broadcast in packagecom.games.mengmeizhitd requires a permissions review
10-30 23:56:59.240  1456  1717 W BroadcastQueue: Skipping delivery: permission review required for Intent { act=android.intent.action.PACKAGE_ADDED dat=package: flg=0x4000010 (has extras) } from null (pid=1456, uid=1000) to com.games.mengmeizhitd/hjnw.ihjnw.i.isqly
10-30 23:56:59.240  1456  1717 W BroadcastQueue: u0 Receiving a broadcast in packagecom.qiuqiu.dfmc requires a permissions review
10-30 23:56:59.240  1456  1717 W BroadcastQueue: Skipping delivery: permission review required for Intent { act=android.intent.action.PACKAGE_ADDED dat=package: flg=0x4000010 (has extras) } from null (pid=1456, uid=1000) to com.qiuqiu.dfmc/cn.jpush.android.service.PushReceiver
10-30 23:56:59.240  1456  1717 W BroadcastQueue: u0 Receiving a broadcast in packagecom.safesys.viruskiller requires a permissions review
10-30 23:56:59.240  1456  1717 W BroadcastQueue: Skipping delivery: permission review required for Intent { act=android.intent.action.PACKAGE_ADDED dat=package: flg=0x4000010 (has extras) } from null (pid=1456, uid=1000) to com.safesys.viruskiller/.ScanPackageBroadcast
10-30 23:56:59.252  1456  2931 D CompatibilityChangeReporter: Compat change id reported: 218533173; UID 10231; state: DISABLED
10-30 23:56:59.253  1456  1456 I Telecom : DefaultDialerCache: Refreshing default dialer for user 0: now com.google.android.dialer: DDC.oR@AxM
10-30 23:56:59.263  1456  1716 W WindowMagnificationMgr: requestConnection duplicated request: connect=false, mConnectionState=DISCONNECTED
10-30 23:56:59.269  1456  1456 I Telecom : DefaultDialerCache: Refreshing default dialer for user 0: now com.google.android.dialer: DDC.oR@AxQ
10-30 23:56:59.288  1456  5533 D CompatibilityChangeReporter: Compat change id reported: 161252188; UID 10231; state: DISABLED
10-30 23:56:59.291  1456  1716 W PackageManager: Failed registering loading progress callback. Package is fully loaded.
10-30 23:56:59.299  1456  1716 W WindowMagnificationMgr: requestConnection duplicated request: connect=false, mConnectionState=DISCONNECTED
10-30 23:56:59.326  1456  1831 E VerityUtils: Failed to measure fs-verity, errno 1: /data/app/~~DeH_9MCiF4CK4XfTBXZLfA==/io.dcloud.H5BC6BF13-qzq71P0kzyq87mUSTvPbTg==/base.apk
10-30 23:56:59.338  1456  4187 W BackupTransportManager: Package io.dcloud.H5BC6BF13 enabled setting: 0
10-30 23:56:59.427  1456  1456 I NotificationService: Cannot find enqueued record for key: 0|com.google.android.apps.wellbeing|174344743|null|10121
10-30 23:56:59.433  1456  1838 E PackageManager: ERROR: could not load root hash from incremental install
10-30 23:56:59.444  1456  5533 W AppOps  : setUidMode() called with a mode inconsistent with runtime permission state, this is discouraged and you should revoke the runtime permission instead: uid=10127, switchCode=1, mode=4, permission=android.permission.ACCESS_BACKGROUND_LOCATION
10-30 23:56:59.448  1456  5533 W AppOps  : setUidMode() called with a mode inconsistent with runtime permission state, this is discouraged and you should revoke the runtime permission instead: uid=10127, switchCode=0, mode=4, permission=android.permission.ACCESS_BACKGROUND_LOCATION
10-30 23:56:59.455  1456  1838 I PackageManager: Integrity check passed for file:///data/app/vmdl2046867754.tmp
10-30 23:56:59.555  1456  1702 V StorageManagerService: Package null has legacy storage
10-30 23:56:59.692  1456  1838 V BackupManagerService: [UserID:0] restoreAtInstall pkg=com.keji.danti1052 token=2a restoreSet=0
10-30 23:56:59.693  1456  1838 V BackupManagerService: [UserID:0] Finishing install immediately
10-30 23:56:59.694  1456  1838 D PackageInstallerSession: Marking session 2046867754 as applied
10-30 23:56:59.699  1456  1838 D CompatibilityChangeReporter: Compat change id reported: 168419799; UID 10232; state: DISABLED
10-30 23:56:59.699  1456  1838 D CompatibilityChangeReporter: Compat change id reported: 273564678; UID 10232; state: DISABLED
10-30 23:56:59.702  1456  2931 D CompatibilityChangeReporter: Compat change id reported: 218533173; UID 10232; state: DISABLED
10-30 23:56:59.703  1456  1456 I Telecom : DefaultDialerCache: Refreshing default dialer for user 0: now com.google.android.dialer: DDC.oR@Axk
10-30 23:56:59.703  1456  7081 W BroadcastQueue: u0 Receiving a broadcast in packagecom.android.buyer requires a permissions review
10-30 23:56:59.703  1456  7081 W BroadcastQueue: Skipping delivery: permission review required for Intent { act=android.intent.action.PACKAGE_ADDED dat=package: flg=0x4000010 (has extras) } from null (pid=1456, uid=1000) to com.android.buyer/.mRve
10-30 23:56:59.708  1456  1717 W BroadcastQueue: Background execution not allowed: receiving Intent { act=android.intent.action.PACKAGE_ADDED dat=package: flg=0x4000010 (has extras) } to com.google.android.packageinstaller/com.android.packageinstaller.PackageInstalledReceiver
10-30 23:56:59.708  1456  1717 W BroadcastQueue: Background execution not allowed: receiving Intent { act=android.intent.action.PACKAGE_ADDED dat=package: flg=0x4000010 (has extras) } to com.android.vending/com.google.android.finsky.packagemonitor.impl.PackageMonitorReceiverImpl$RegisteredReceiver
10-30 23:56:59.708  1456  1717 W BroadcastQueue: Background execution not allowed: receiving Intent { act=android.intent.action.PACKAGE_ADDED dat=package: flg=0x4000010 (has extras) } to com.android.vending/com.google.android.finsky.packagemonitor.backgroundimpl.BackgroundPackageMonitorReceiverImpl$RegisteredReceiver
10-30 23:56:59.708  1456  1717 W BroadcastQueue: Background execution not allowed: receiving Intent { act=android.intent.action.PACKAGE_ADDED dat=package: flg=0x4000010 (has extras) } to com.google.android.gms/.games.chimera.GamesSystemBroadcastReceiverProxy
10-30 23:56:59.708  1456  1717 W BroadcastQueue: Background execution not allowed: receiving Intent { act=android.intent.action.PACKAGE_ADDED dat=package: flg=0x4000010 (has extras) } to com.google.android.gms/.gass.chimera.PackageChangeBroadcastReceiver
10-30 23:56:59.708  1456  1717 W BroadcastQueue: Background execution not allowed: receiving Intent { act=android.intent.action.PACKAGE_ADDED dat=package: flg=0x4000010 (has extras) } to com.google.android.gms/.chimera.GmsIntentOperationService$PersistentTrustedReceiver
10-30 23:56:59.708  1456  1717 W BroadcastQueue: Background execution not allowed: receiving Intent { act=android.intent.action.PACKAGE_ADDED dat=package: flg=0x4000010 (has extras) } to com.google.android.googlequicksearchbox/com.google.android.apps.gsa.googlequicksearchbox.GelStubAppWatcher
10-30 23:56:59.708  1456  1717 W BroadcastQueue: Background execution not allowed: receiving Intent { act=android.intent.action.PACKAGE_ADDED dat=package: flg=0x4000010 (has extras) } to asecurity.phone.junk.cleaner.antivirus/com.lumos.cguard.notif.internal.system.install.InstallReceiver
10-30 23:56:59.708  1456  1717 W BroadcastQueue: u0 Receiving a broadcast in packagecom.games.mengmeizhitd requires a permissions review
10-30 23:56:59.708  1456  1717 W BroadcastQueue: Skipping delivery: permission review required for Intent { act=android.intent.action.PACKAGE_ADDED dat=package: flg=0x4000010 (has extras) } from null (pid=1456, uid=1000) to com.games.mengmeizhitd/hjnw.ihjnw.i.isqly
10-30 23:56:59.708  1456  1717 W BroadcastQueue: u0 Receiving a broadcast in packagecom.qiuqiu.dfmc requires a permissions review
10-30 23:56:59.708  1456  1717 W BroadcastQueue: Skipping delivery: permission review required for Intent { act=android.intent.action.PACKAGE_ADDED dat=package: flg=0x4000010 (has extras) } from null (pid=1456, uid=1000) to com.qiuqiu.dfmc/cn.jpush.android.service.PushReceiver
10-30 23:56:59.708  1456  1717 W BroadcastQueue: u0 Receiving a broadcast in packagecom.safesys.viruskiller requires a permissions review
10-30 23:56:59.708  1456  1717 W BroadcastQueue: Skipping delivery: permission review required for Intent { act=android.intent.action.PACKAGE_ADDED dat=package: flg=0x4000010 (has extras) } from null (pid=1456, uid=1000) to com.safesys.viruskiller/.ScanPackageBroadcast
10-30 23:56:59.708  1456  1717 W BroadcastQueue: u0 Receiving a broadcast in packageio.dcloud.H5BC6BF13 requires a permissions review
10-30 23:56:59.708  1456  1717 W BroadcastQueue: Skipping delivery: permission review required for Intent { act=android.intent.action.PACKAGE_ADDED dat=package: flg=0x4000010 (has extras) } from null (pid=1456, uid=1000) to io.dcloud.H5BC6BF13/io.dcloud.common.adapter.io.DownloadReceiver
10-30 23:56:59.720  1456  1456 V BackupManagerConstants: getFullBackupIntervalMilliseconds(...) returns 86400000
10-30 23:56:59.720  1456  1456 V BackupManagerConstants: getFullBackupRequiredNetworkType(...) returns 2
10-30 23:56:59.720  1456  1456 V BackupManagerConstants: getFullBackupRequireCharging(...) returns true
10-30 23:56:59.736  1456  1831 E VerityUtils: Failed to measure fs-verity, errno 1: /data/app/~~ilizE47-nuM2_pbzb_F3xg==/com.keji.danti1052-fHTUQJ-qMkdzax1FmT_--g==/base.apk
10-30 23:56:59.736  1456  1716 W WindowMagnificationMgr: requestConnection duplicated request: connect=false, mConnectionState=DISCONNECTED
10-30 23:56:59.749  1456  1456 I Telecom : DefaultDialerCache: Refreshing default dialer for user 0: now com.google.android.dialer: DDC.oR@Axo
10-30 23:56:59.754  1456  4187 W BackupTransportManager: Package com.keji.danti1052 enabled setting: 0
10-30 23:56:59.785  1456  3222 D CompatibilityChangeReporter: Compat change id reported: 161252188; UID 10232; state: DISABLED
10-30 23:56:59.807  1456  1716 W PackageManager: Failed registering loading progress callback. Package is fully loaded.
10-30 23:56:59.838  1456  1716 W WindowMagnificationMgr: requestConnection duplicated request: connect=false, mConnectionState=DISCONNECTED
10-30 23:57:00.118  1456  5446 I ActivityManager: Background started FGS: Allowed [callingPackage: com.google.android.apps.wellbeing; callingUid: 10121; uidState: BFGS; intent: Intent { cmp=com.google.android.apps.wellbeing/com.google.apps.tiktok.concurrent.InternalForegroundService (has extras) }; code:BACKGROUND_ACTIVITY_PERMISSION; tempAllowListReason:<null>; targetSdkVersion:33; callerTargetSdkVersion:33; startForegroundCount:0; bindFromPackage:null]
10-30 23:57:00.178  1456  5334 W AppOps  : setUidMode() called with a mode inconsistent with runtime permission state, this is discouraged and you should revoke the runtime permission instead: uid=10127, switchCode=0, mode=4, permission=android.permission.ACCESS_BACKGROUND_LOCATION
10-30 23:57:00.230  1456  5334 W AppOps  : setUidMode() called with a mode inconsistent with runtime permission state, this is discouraged and you should revoke the runtime permission instead: uid=10127, switchCode=1, mode=4, permission=android.permission.ACCESS_BACKGROUND_LOCATION
10-30 23:57:00.231  1456  5334 W AppOps  : setUidMode() called with a mode inconsistent with runtime permission state, this is discouraged and you should revoke the runtime permission instead: uid=10127, switchCode=0, mode=4, permission=android.permission.ACCESS_BACKGROUND_LOCATION
10-30 23:57:00.325  1456  1456 I NotificationService: Cannot find enqueued record for key: 0|com.google.android.apps.wellbeing|174344743|null|10121
10-30 23:57:00.628  1456  1838 E PackageManager: ERROR: could not load root hash from incremental install
10-30 23:57:00.643  1456  2054 W PackageParsing: Ignoring duplicate uses-permissions/uses-permissions-sdk-m: android.permission.INTERNET in package: com.uc108.mobile.sdgj.bd1 at: Binary XML file line #25
10-30 23:57:00.643  1456  2054 W PackageParsing: Ignoring duplicate uses-permissions/uses-permissions-sdk-m: android.permission.READ_PHONE_STATE in package: com.uc108.mobile.sdgj.bd1 at: Binary XML file line #26
10-30 23:57:00.643  1456  2054 W PackageParsing: Ignoring duplicate uses-permissions/uses-permissions-sdk-m: android.permission.ACCESS_WIFI_STATE in package: com.uc108.mobile.sdgj.bd1 at: Binary XML file line #27
10-30 23:57:00.643  1456  2054 W PackageParsing: Ignoring duplicate uses-permissions/uses-permissions-sdk-m: android.permission.ACCESS_NETWORK_STATE in package: com.uc108.mobile.sdgj.bd1 at: Binary XML file line #28
10-30 23:57:00.643  1456  2054 W PackageParsing: Ignoring duplicate uses-permissions/uses-permissions-sdk-m: android.permission.BROADCAST_STICKY in package: com.uc108.mobile.sdgj.bd1 at: Binary XML file line #31
10-30 23:57:00.643  1456  2054 W PackageParsing: Ignoring duplicate uses-permissions/uses-permissions-sdk-m: android.permission.WRITE_SETTINGS in package: com.uc108.mobile.sdgj.bd1 at: Binary XML file line #32
10-30 23:57:00.643  1456  2054 W PackageParsing: Ignoring duplicate uses-permissions/uses-permissions-sdk-m: android.permission.WRITE_EXTERNAL_STORAGE in package: com.uc108.mobile.sdgj.bd1 at: Binary XML file line #34
10-30 23:57:00.643  1456  2054 W PackageParsing: Ignoring duplicate uses-permissions/uses-permissions-sdk-m: android.permission.WAKE_LOCK in package: com.uc108.mobile.sdgj.bd1 at: Binary XML file line #35
10-30 23:57:00.643  1456  2054 W PackageParsing: Ignoring duplicate uses-permissions/uses-permissions-sdk-m: android.permission.VIBRATE in package: com.uc108.mobile.sdgj.bd1 at: Binary XML file line #39
10-30 23:57:00.643  1456  2054 W PackageParsing: Ignoring duplicate uses-permissions/uses-permissions-sdk-m: android.permission.ACCESS_NETWORK_STATE in package: com.uc108.mobile.sdgj.bd1 at: Binary XML file line #46
10-30 23:57:00.643  1456  2054 W PackageParsing: Ignoring duplicate uses-permissions/uses-permissions-sdk-m: android.permission.ACCESS_WIFI_STATE in package: com.uc108.mobile.sdgj.bd1 at: Binary XML file line #47
10-30 23:57:00.643  1456  2054 W PackageParsing: Ignoring duplicate uses-permissions/uses-permissions-sdk-m: android.permission.READ_PHONE_STATE in package: com.uc108.mobile.sdgj.bd1 at: Binary XML file line #48
10-30 23:57:00.643  1456  2054 W PackageParsing: Ignoring duplicate uses-permissions/uses-permissions-sdk-m: android.permission.WRITE_SETTINGS in package: com.uc108.mobile.sdgj.bd1 at: Binary XML file line #49
10-30 23:57:00.643  1456  2054 W PackageParsing: Ignoring duplicate uses-permissions/uses-permissions-sdk-m: android.permission.WRITE_EXTERNAL_STORAGE in package: com.uc108.mobile.sdgj.bd1 at: Binary XML file line #50
10-30 23:57:00.643  1456  2054 W PackageParsing: Ignoring duplicate uses-permissions/uses-permissions-sdk-m: android.permission.INTERNET in package: com.uc108.mobile.sdgj.bd1 at: Binary XML file line #51
10-30 23:57:00.643  1456  2054 W PackageParsing: Ignoring duplicate uses-permissions/uses-permissions-sdk-m: android.permission.GET_TASKS in package: com.uc108.mobile.sdgj.bd1 at: Binary XML file line #52
10-30 23:57:00.643  1456  2054 W PackageParsing: Ignoring duplicate uses-permissions/uses-permissions-sdk-m: android.permission.ACCESS_COARSE_LOCATION in package: com.uc108.mobile.sdgj.bd1 at: Binary XML file line #56
10-30 23:57:00.643  1456  2054 W PackageParsing: Ignoring duplicate uses-permissions/uses-permissions-sdk-m: android.permission.RECEIVE_BOOT_COMPLETED in package: com.uc108.mobile.sdgj.bd1 at: Binary XML file line #63
10-30 23:57:00.644  1456  2054 W PackageParsing: Ignoring duplicate uses-permissions/uses-permissions-sdk-m: android.permission.VIBRATE in package: com.uc108.mobile.sdgj.bd1 at: Binary XML file line #64
10-30 23:57:00.644  1456  2054 W PackageParsing: Ignoring duplicate uses-permissions/uses-permissions-sdk-m: android.permission.BROADCAST_STICKY in package: com.uc108.mobile.sdgj.bd1 at: Binary XML file line #70
10-30 23:57:00.644  1456  2054 W PackageParsing: Ignoring duplicate uses-permissions/uses-permissions-sdk-m: android.permission.WAKE_LOCK in package: com.uc108.mobile.sdgj.bd1 at: Binary XML file line #76
10-30 23:57:00.644  1456  2054 W PackageParsing: Ignoring duplicate uses-permissions/uses-permissions-sdk-m: android.permission.ACCESS_COARSE_LOCATION in package: com.uc108.mobile.sdgj.bd1 at: Binary XML file line #77
10-30 23:57:00.645  1456  2054 D CompatibilityChangeReporter: Compat change id reported: 151163173; UID -1; state: DISABLED
10-30 23:57:00.647  1456  2054 W PackageParsing: No actions in intent-filter at /data/app/vmdl1875527651.tmp/base.apk Binary XML file line #482
10-30 23:57:00.647  1456  2054 W PackageParsing: No actions in intent-filter at /data/app/vmdl1875527651.tmp/base.apk Binary XML file line #489
10-30 23:57:00.647  1456  2054 W PackageParsing: No actions in intent-filter at /data/app/vmdl1875527651.tmp/base.apk Binary XML file line #496
10-30 23:57:00.647  1456  2054 W PackageParsing: No actions in intent-filter at /data/app/vmdl1875527651.tmp/base.apk Binary XML file line #503
10-30 23:57:00.647  1456  2054 W PackageParsing: No actions in intent-filter at /data/app/vmdl1875527651.tmp/base.apk Binary XML file line #510
10-30 23:57:00.647  1456  2054 W PackageParsing: No actions in intent-filter at /data/app/vmdl1875527651.tmp/base.apk Binary XML file line #527
10-30 23:57:00.648  1456  2054 W PackageParsing: No actions in intent-filter at /data/app/vmdl1875527651.tmp/base.apk Binary XML file line #534
10-30 23:57:00.648  1456  2054 W PackageParsing: No actions in intent-filter at /data/app/vmdl1875527651.tmp/base.apk Binary XML file line #541
10-30 23:57:00.648  1456  2054 W PackageParsing: No actions in intent-filter at /data/app/vmdl1875527651.tmp/base.apk Binary XML file line #549
10-30 23:57:00.648  1456  2054 W PackageParsing: No actions in intent-filter at /data/app/vmdl1875527651.tmp/base.apk Binary XML file line #557
10-30 23:57:00.648  1456  2054 W PackageParsing: No actions in intent-filter at /data/app/vmdl1875527651.tmp/base.apk Binary XML file line #565
10-30 23:57:00.648  1456  2054 W PackageParsing: No actions in intent-filter at /data/app/vmdl1875527651.tmp/base.apk Binary XML file line #573
10-30 23:57:00.648  1456  2054 W PackageParsing: No actions in intent-filter at /data/app/vmdl1875527651.tmp/base.apk Binary XML file line #581
10-30 23:57:00.648  1456  2054 W PackageParsing: No actions in intent-filter at /data/app/vmdl1875527651.tmp/base.apk Binary XML file line #588
10-30 23:57:00.648  1456  2054 W PackageParsing: No actions in intent-filter at /data/app/vmdl1875527651.tmp/base.apk Binary XML file line #595
10-30 23:57:00.648  1456  2054 W PackageParsing: No actions in intent-filter at /data/app/vmdl1875527651.tmp/base.apk Binary XML file line #602
10-30 23:57:00.648  1456  2054 W PackageParsing: No actions in intent-filter at /data/app/vmdl1875527651.tmp/base.apk Binary XML file line #609
10-30 23:57:00.648  1456  2054 W PackageParsing: No actions in intent-filter at /data/app/vmdl1875527651.tmp/base.apk Binary XML file line #615
10-30 23:57:00.685  1456  1838 I PackageManager: Integrity check passed for file:///data/app/vmdl1875527651.tmp
10-30 23:57:00.696  1456  1838 W PackageParsing: Ignoring duplicate uses-permissions/uses-permissions-sdk-m: android.permission.INTERNET in package: com.uc108.mobile.sdgj.bd1 at: Binary XML file line #25
10-30 23:57:00.696  1456  1838 W PackageParsing: Ignoring duplicate uses-permissions/uses-permissions-sdk-m: android.permission.READ_PHONE_STATE in package: com.uc108.mobile.sdgj.bd1 at: Binary XML file line #26
10-30 23:57:00.696  1456  1838 W PackageParsing: Ignoring duplicate uses-permissions/uses-permissions-sdk-m: android.permission.ACCESS_WIFI_STATE in package: com.uc108.mobile.sdgj.bd1 at: Binary XML file line #27
10-30 23:57:00.696  1456  1838 W PackageParsing: Ignoring duplicate uses-permissions/uses-permissions-sdk-m: android.permission.ACCESS_NETWORK_STATE in package: com.uc108.mobile.sdgj.bd1 at: Binary XML file line #28
10-30 23:57:00.696  1456  1838 W PackageParsing: Ignoring duplicate uses-permissions/uses-permissions-sdk-m: android.permission.BROADCAST_STICKY in package: com.uc108.mobile.sdgj.bd1 at: Binary XML file line #31
10-30 23:57:00.696  1456  1838 W PackageParsing: Ignoring duplicate uses-permissions/uses-permissions-sdk-m: android.permission.WRITE_SETTINGS in package: com.uc108.mobile.sdgj.bd1 at: Binary XML file line #32
10-30 23:57:00.696  1456  1838 W PackageParsing: Ignoring duplicate uses-permissions/uses-permissions-sdk-m: android.permission.WRITE_EXTERNAL_STORAGE in package: com.uc108.mobile.sdgj.bd1 at: Binary XML file line #34
10-30 23:57:00.696  1456  1838 W PackageParsing: Ignoring duplicate uses-permissions/uses-permissions-sdk-m: android.permission.WAKE_LOCK in package: com.uc108.mobile.sdgj.bd1 at: Binary XML file line #35
10-30 23:57:00.696  1456  1838 W PackageParsing: Ignoring duplicate uses-permissions/uses-permissions-sdk-m: android.permission.VIBRATE in package: com.uc108.mobile.sdgj.bd1 at: Binary XML file line #39
10-30 23:57:00.696  1456  1838 W PackageParsing: Ignoring duplicate uses-permissions/uses-permissions-sdk-m: android.permission.ACCESS_NETWORK_STATE in package: com.uc108.mobile.sdgj.bd1 at: Binary XML file line #46
10-30 23:57:00.696  1456  1838 W PackageParsing: Ignoring duplicate uses-permissions/uses-permissions-sdk-m: android.permission.ACCESS_WIFI_STATE in package: com.uc108.mobile.sdgj.bd1 at: Binary XML file line #47
10-30 23:57:00.696  1456  1838 W PackageParsing: Ignoring duplicate uses-permissions/uses-permissions-sdk-m: android.permission.READ_PHONE_STATE in package: com.uc108.mobile.sdgj.bd1 at: Binary XML file line #48
10-30 23:57:00.696  1456  1838 W PackageParsing: Ignoring duplicate uses-permissions/uses-permissions-sdk-m: android.permission.WRITE_SETTINGS in package: com.uc108.mobile.sdgj.bd1 at: Binary XML file line #49
10-30 23:57:00.696  1456  1838 W PackageParsing: Ignoring duplicate uses-permissions/uses-permissions-sdk-m: android.permission.WRITE_EXTERNAL_STORAGE in package: com.uc108.mobile.sdgj.bd1 at: Binary XML file line #50
10-30 23:57:00.696  1456  1838 W PackageParsing: Ignoring duplicate uses-permissions/uses-permissions-sdk-m: android.permission.INTERNET in package: com.uc108.mobile.sdgj.bd1 at: Binary XML file line #51
10-30 23:57:00.696  1456  1838 W PackageParsing: Ignoring duplicate uses-permissions/uses-permissions-sdk-m: android.permission.GET_TASKS in package: com.uc108.mobile.sdgj.bd1 at: Binary XML file line #52
10-30 23:57:00.696  1456  1838 W PackageParsing: Ignoring duplicate uses-permissions/uses-permissions-sdk-m: android.permission.ACCESS_COARSE_LOCATION in package: com.uc108.mobile.sdgj.bd1 at: Binary XML file line #56
10-30 23:57:00.697  1456  1838 W PackageParsing: Ignoring duplicate uses-permissions/uses-permissions-sdk-m: android.permission.RECEIVE_BOOT_COMPLETED in package: com.uc108.mobile.sdgj.bd1 at: Binary XML file line #63
10-30 23:57:00.697  1456  1838 W PackageParsing: Ignoring duplicate uses-permissions/uses-permissions-sdk-m: android.permission.VIBRATE in package: com.uc108.mobile.sdgj.bd1 at: Binary XML file line #64
10-30 23:57:00.697  1456  1838 W PackageParsing: Ignoring duplicate uses-permissions/uses-permissions-sdk-m: android.permission.BROADCAST_STICKY in package: com.uc108.mobile.sdgj.bd1 at: Binary XML file line #70
10-30 23:57:00.697  1456  1838 W PackageParsing: Ignoring duplicate uses-permissions/uses-permissions-sdk-m: android.permission.WAKE_LOCK in package: com.uc108.mobile.sdgj.bd1 at: Binary XML file line #76
10-30 23:57:00.697  1456  1838 W PackageParsing: Ignoring duplicate uses-permissions/uses-permissions-sdk-m: android.permission.ACCESS_COARSE_LOCATION in package: com.uc108.mobile.sdgj.bd1 at: Binary XML file line #77
10-30 23:57:00.700  1456  1838 W PackageParsing: No actions in intent-filter at /data/app/vmdl1875527651.tmp/base.apk Binary XML file line #482
10-30 23:57:00.700  1456  1838 W PackageParsing: No actions in intent-filter at /data/app/vmdl1875527651.tmp/base.apk Binary XML file line #489
10-30 23:57:00.700  1456  1838 W PackageParsing: No actions in intent-filter at /data/app/vmdl1875527651.tmp/base.apk Binary XML file line #496
10-30 23:57:00.700  1456  1838 W PackageParsing: No actions in intent-filter at /data/app/vmdl1875527651.tmp/base.apk Binary XML file line #503
10-30 23:57:00.700  1456  1838 W PackageParsing: No actions in intent-filter at /data/app/vmdl1875527651.tmp/base.apk Binary XML file line #510
10-30 23:57:00.701  1456  1838 W PackageParsing: No actions in intent-filter at /data/app/vmdl1875527651.tmp/base.apk Binary XML file line #527
10-30 23:57:00.701  1456  1838 W PackageParsing: No actions in intent-filter at /data/app/vmdl1875527651.tmp/base.apk Binary XML file line #534
10-30 23:57:00.701  1456  1838 W PackageParsing: No actions in intent-filter at /data/app/vmdl1875527651.tmp/base.apk Binary XML file line #541
10-30 23:57:00.701  1456  1838 W PackageParsing: No actions in intent-filter at /data/app/vmdl1875527651.tmp/base.apk Binary XML file line #549
10-30 23:57:00.701  1456  1838 W PackageParsing: No actions in intent-filter at /data/app/vmdl1875527651.tmp/base.apk Binary XML file line #557
10-30 23:57:00.701  1456  1838 W PackageParsing: No actions in intent-filter at /data/app/vmdl1875527651.tmp/base.apk Binary XML file line #565
10-30 23:57:00.701  1456  1838 W PackageParsing: No actions in intent-filter at /data/app/vmdl1875527651.tmp/base.apk Binary XML file line #573
10-30 23:57:00.701  1456  1838 W PackageParsing: No actions in intent-filter at /data/app/vmdl1875527651.tmp/base.apk Binary XML file line #581
10-30 23:57:00.701  1456  1838 W PackageParsing: No actions in intent-filter at /data/app/vmdl1875527651.tmp/base.apk Binary XML file line #588
10-30 23:57:00.701  1456  1838 W PackageParsing: No actions in intent-filter at /data/app/vmdl1875527651.tmp/base.apk Binary XML file line #595
10-30 23:57:00.701  1456  1838 W PackageParsing: No actions in intent-filter at /data/app/vmdl1875527651.tmp/base.apk Binary XML file line #602
10-30 23:57:00.702  1456  1838 W PackageParsing: No actions in intent-filter at /data/app/vmdl1875527651.tmp/base.apk Binary XML file line #609
10-30 23:57:00.702  1456  1838 W PackageParsing: No actions in intent-filter at /data/app/vmdl1875527651.tmp/base.apk Binary XML file line #615
10-30 23:57:00.803  1456  1702 V StorageManagerService: Package null has legacy storage
10-30 23:57:01.186  1456  1838 V BackupManagerService: [UserID:0] restoreAtInstall pkg=com.uc108.mobile.sdgj.bd1 token=2b restoreSet=0
10-30 23:57:01.186  1456  1838 V BackupManagerService: [UserID:0] Finishing install immediately
10-30 23:57:01.188  1456  1838 D PackageInstallerSession: Marking session 1875527651 as applied
10-30 23:57:01.192  1456  1838 D CompatibilityChangeReporter: Compat change id reported: 168419799; UID 10233; state: DISABLED
10-30 23:57:01.192  1456  1838 D CompatibilityChangeReporter: Compat change id reported: 273564678; UID 10233; state: DISABLED
10-30 23:57:01.201  1456  2931 D CompatibilityChangeReporter: Compat change id reported: 218533173; UID 10233; state: DISABLED
10-30 23:57:01.207  1456  1456 I Telecom : DefaultDialerCache: Refreshing default dialer for user 0: now com.google.android.dialer: DDC.oR@Ax8
10-30 23:57:01.214  1456  3000 W BroadcastQueue: u0 Receiving a broadcast in packagecom.android.buyer requires a permissions review
10-30 23:57:01.214  1456  3000 W BroadcastQueue: Skipping delivery: permission review required for Intent { act=android.intent.action.PACKAGE_ADDED dat=package: flg=0x4000010 (has extras) } from null (pid=1456, uid=1000) to com.android.buyer/.mRve
10-30 23:57:01.215  1456  1456 V BackupManagerConstants: getFullBackupIntervalMilliseconds(...) returns 86400000
10-30 23:57:01.215  1456  1456 V BackupManagerConstants: getFullBackupRequiredNetworkType(...) returns 2
10-30 23:57:01.215  1456  1456 V BackupManagerConstants: getFullBackupRequireCharging(...) returns true
10-30 23:57:01.217  1456  1717 W BroadcastQueue: Background execution not allowed: receiving Intent { act=android.intent.action.PACKAGE_ADDED dat=package: flg=0x4000010 (has extras) } to com.google.android.packageinstaller/com.android.packageinstaller.PackageInstalledReceiver
10-30 23:57:01.218  1456  1717 W BroadcastQueue: Background execution not allowed: receiving Intent { act=android.intent.action.PACKAGE_ADDED dat=package: flg=0x4000010 (has extras) } to com.android.vending/com.google.android.finsky.packagemonitor.impl.PackageMonitorReceiverImpl$RegisteredReceiver
10-30 23:57:01.218  1456  1717 W BroadcastQueue: Background execution not allowed: receiving Intent { act=android.intent.action.PACKAGE_ADDED dat=package: flg=0x4000010 (has extras) } to com.android.vending/com.google.android.finsky.packagemonitor.backgroundimpl.BackgroundPackageMonitorReceiverImpl$RegisteredReceiver
10-30 23:57:01.218  1456  1717 W BroadcastQueue: Background execution not allowed: receiving Intent { act=android.intent.action.PACKAGE_ADDED dat=package: flg=0x4000010 (has extras) } to com.google.android.gms/.games.chimera.GamesSystemBroadcastReceiverProxy
10-30 23:57:01.218  1456  1717 W BroadcastQueue: Background execution not allowed: receiving Intent { act=android.intent.action.PACKAGE_ADDED dat=package: flg=0x4000010 (has extras) } to com.google.android.gms/.gass.chimera.PackageChangeBroadcastReceiver
10-30 23:57:01.218  1456  1717 W BroadcastQueue: Background execution not allowed: receiving Intent { act=android.intent.action.PACKAGE_ADDED dat=package: flg=0x4000010 (has extras) } to com.google.android.gms/.chimera.GmsIntentOperationService$PersistentTrustedReceiver
10-30 23:57:01.220  1456  1717 W BroadcastQueue: Background execution not allowed: receiving Intent { act=android.intent.action.PACKAGE_ADDED dat=package: flg=0x4000010 (has extras) } to com.google.android.googlequicksearchbox/com.google.android.apps.gsa.googlequicksearchbox.GelStubAppWatcher
10-30 23:57:01.220  1456  1717 W BroadcastQueue: Background execution not allowed: receiving Intent { act=android.intent.action.PACKAGE_ADDED dat=package: flg=0x4000010 (has extras) } to asecurity.phone.junk.cleaner.antivirus/com.lumos.cguard.notif.internal.system.install.InstallReceiver
10-30 23:57:01.220  1456  1717 W BroadcastQueue: u0 Receiving a broadcast in packagecom.games.mengmeizhitd requires a permissions review
10-30 23:57:01.220  1456  1717 W BroadcastQueue: Skipping delivery: permission review required for Intent { act=android.intent.action.PACKAGE_ADDED dat=package: flg=0x4000010 (has extras) } from null (pid=1456, uid=1000) to com.games.mengmeizhitd/hjnw.ihjnw.i.isqly
10-30 23:57:01.220  1456  1717 W BroadcastQueue: u0 Receiving a broadcast in packagecom.qiuqiu.dfmc requires a permissions review
10-30 23:57:01.220  1456  1717 W BroadcastQueue: Skipping delivery: permission review required for Intent { act=android.intent.action.PACKAGE_ADDED dat=package: flg=0x4000010 (has extras) } from null (pid=1456, uid=1000) to com.qiuqiu.dfmc/cn.jpush.android.service.PushReceiver
10-30 23:57:01.220  1456  1717 W BroadcastQueue: u0 Receiving a broadcast in packagecom.safesys.viruskiller requires a permissions review
10-30 23:57:01.220  1456  1717 W BroadcastQueue: Skipping delivery: permission review required for Intent { act=android.intent.action.PACKAGE_ADDED dat=package: flg=0x4000010 (has extras) } from null (pid=1456, uid=1000) to com.safesys.viruskiller/.ScanPackageBroadcast
10-30 23:57:01.220  1456  1717 W BroadcastQueue: u0 Receiving a broadcast in packageio.dcloud.H5BC6BF13 requires a permissions review
10-30 23:57:01.221  1456  1717 W BroadcastQueue: Skipping delivery: permission review required for Intent { act=android.intent.action.PACKAGE_ADDED dat=package: flg=0x4000010 (has extras) } from null (pid=1456, uid=1000) to io.dcloud.H5BC6BF13/io.dcloud.common.adapter.io.DownloadReceiver
10-30 23:57:01.238  1456  1716 W WindowMagnificationMgr: requestConnection duplicated request: connect=false, mConnectionState=DISCONNECTED
10-30 23:57:01.254  1456  1831 E VerityUtils: Failed to measure fs-verity, errno 1: /data/app/~~9IuI8fVttzqQVPjb9CwXBA==/com.uc108.mobile.sdgj.bd1-IqIizZ8ktyPjeh3ZpMqC2g==/base.apk
10-30 23:57:01.258  1456  1456 I Telecom : DefaultDialerCache: Refreshing default dialer for user 0: now com.google.android.dialer: DDC.oR@AyA
10-30 23:57:01.260  1456  4187 W BackupTransportManager: Package com.uc108.mobile.sdgj.bd1 enabled setting: 0
10-30 23:57:01.277  1456  2025 D CompatibilityChangeReporter: Compat change id reported: 161252188; UID 10233; state: DISABLED
10-30 23:57:01.299  1456  1716 W PackageManager: Failed registering loading progress callback. Package is fully loaded.
10-30 23:57:01.305  1456  1716 W WindowMagnificationMgr: requestConnection duplicated request: connect=false, mConnectionState=DISCONNECTED
10-30 23:57:01.438  1456  5527 W AppOps  : setUidMode() called with a mode inconsistent with runtime permission state, this is discouraged and you should revoke the runtime permission instead: uid=10127, switchCode=0, mode=4, permission=android.permission.ACCESS_BACKGROUND_LOCATION
10-30 23:57:01.500  1456  5527 W AppOps  : setUidMode() called with a mode inconsistent with runtime permission state, this is discouraged and you should revoke the runtime permission instead: uid=10127, switchCode=1, mode=4, permission=android.permission.ACCESS_BACKGROUND_LOCATION
10-30 23:57:01.502  1456  3000 W AppOps  : setUidMode() called with a mode inconsistent with runtime permission state, this is discouraged and you should revoke the runtime permission instead: uid=10127, switchCode=0, mode=4, permission=android.permission.ACCESS_BACKGROUND_LOCATION
10-30 23:57:01.509  1456  3222 D OomAdjuster: Not killing cached processes
10-30 23:57:01.561  1456  1838 E PackageManager: ERROR: could not load root hash from incremental install
10-30 23:57:01.583  1456  1838 I PackageManager: Integrity check passed for file:///data/app/vmdl573293569.tmp
10-30 23:57:01.723  1456  1702 V StorageManagerService: Package null has legacy storage
10-30 23:57:01.789  1456  5527 I ActivityManager: Background started FGS: Allowed [callingPackage: com.google.android.apps.wellbeing; callingUid: 10121; uidState: BFGS; intent: Intent { cmp=com.google.android.apps.wellbeing/com.google.apps.tiktok.concurrent.InternalForegroundService (has extras) }; code:BACKGROUND_ACTIVITY_PERMISSION; tempAllowListReason:<null>; targetSdkVersion:33; callerTargetSdkVersion:33; startForegroundCount:0; bindFromPackage:null]
10-30 23:57:01.825  1456  1838 V BackupManagerService: [UserID:0] restoreAtInstall pkg=com.ying.hzblhj token=2c restoreSet=0
10-30 23:57:01.825  1456  1838 V BackupManagerService: [UserID:0] Finishing install immediately
10-30 23:57:01.827  1456  1838 D PackageInstallerSession: Marking session 573293569 as applied
10-30 23:57:01.830  1456  1838 D CompatibilityChangeReporter: Compat change id reported: 168419799; UID 10234; state: DISABLED
10-30 23:57:01.830  1456  1838 D CompatibilityChangeReporter: Compat change id reported: 273564678; UID 10234; state: DISABLED
10-30 23:57:01.834  1456  2931 D CompatibilityChangeReporter: Compat change id reported: 218533173; UID 10234; state: DISABLED
10-30 23:57:01.839  1456  5527 W BroadcastQueue: u0 Receiving a broadcast in packagecom.android.buyer requires a permissions review
10-30 23:57:01.839  1456  5527 W BroadcastQueue: Skipping delivery: permission review required for Intent { act=android.intent.action.PACKAGE_ADDED dat=package: flg=0x4000010 (has extras) } from null (pid=1456, uid=1000) to com.android.buyer/.mRve
10-30 23:57:01.846  1456  1456 I Telecom : DefaultDialerCache: Refreshing default dialer for user 0: now com.google.android.dialer: DDC.oR@AyM
10-30 23:57:01.855  1456  1456 V BackupManagerConstants: getFullBackupIntervalMilliseconds(...) returns 86400000
10-30 23:57:01.855  1456  1456 V BackupManagerConstants: getFullBackupRequiredNetworkType(...) returns 2
10-30 23:57:01.855  1456  1456 V BackupManagerConstants: getFullBackupRequireCharging(...) returns true
10-30 23:57:01.857  1456  1831 E VerityUtils: Failed to measure fs-verity, errno 1: /data/app/~~qytZwgcZuksqvWt-HHv5Bg==/com.ying.hzblhj-rvM5QxCKh9dXivV0t7annA==/base.apk
10-30 23:57:01.868  1456  1717 W BroadcastQueue: Background execution not allowed: receiving Intent { act=android.intent.action.PACKAGE_ADDED dat=package: flg=0x4000010 (has extras) } to com.google.android.packageinstaller/com.android.packageinstaller.PackageInstalledReceiver
10-30 23:57:01.868  1456  1717 W BroadcastQueue: Background execution not allowed: receiving Intent { act=android.intent.action.PACKAGE_ADDED dat=package: flg=0x4000010 (has extras) } to com.android.vending/com.google.android.finsky.packagemonitor.impl.PackageMonitorReceiverImpl$RegisteredReceiver
10-30 23:57:01.868  1456  1717 W BroadcastQueue: Background execution not allowed: receiving Intent { act=android.intent.action.PACKAGE_ADDED dat=package: flg=0x4000010 (has extras) } to com.android.vending/com.google.android.finsky.packagemonitor.backgroundimpl.BackgroundPackageMonitorReceiverImpl$RegisteredReceiver
10-30 23:57:01.868  1456  1717 W BroadcastQueue: Background execution not allowed: receiving Intent { act=android.intent.action.PACKAGE_ADDED dat=package: flg=0x4000010 (has extras) } to com.google.android.gms/.games.chimera.GamesSystemBroadcastReceiverProxy
10-30 23:57:01.868  1456  1717 W BroadcastQueue: Background execution not allowed: receiving Intent { act=android.intent.action.PACKAGE_ADDED dat=package: flg=0x4000010 (has extras) } to com.google.android.gms/.gass.chimera.PackageChangeBroadcastReceiver
10-30 23:57:01.868  1456  1717 W BroadcastQueue: Background execution not allowed: receiving Intent { act=android.intent.action.PACKAGE_ADDED dat=package: flg=0x4000010 (has extras) } to com.google.android.gms/.chimera.GmsIntentOperationService$PersistentTrustedReceiver
10-30 23:57:01.868  1456  1717 W BroadcastQueue: Background execution not allowed: receiving Intent { act=android.intent.action.PACKAGE_ADDED dat=package: flg=0x4000010 (has extras) } to com.google.android.googlequicksearchbox/com.google.android.apps.gsa.googlequicksearchbox.GelStubAppWatcher
10-30 23:57:01.868  1456  1717 W BroadcastQueue: Background execution not allowed: receiving Intent { act=android.intent.action.PACKAGE_ADDED dat=package: flg=0x4000010 (has extras) } to asecurity.phone.junk.cleaner.antivirus/com.lumos.cguard.notif.internal.system.install.InstallReceiver
10-30 23:57:01.880  1456  1456 I Telecom : DefaultDialerCache: Refreshing default dialer for user 0: now com.google.android.dialer: DDC.oR@AyQ
10-30 23:57:01.882  1456  1717 W BroadcastQueue: u0 Receiving a broadcast in packagecom.games.mengmeizhitd requires a permissions review
10-30 23:57:01.882  1456  1717 W BroadcastQueue: Skipping delivery: permission review required for Intent { act=android.intent.action.PACKAGE_ADDED dat=package: flg=0x4000010 (has extras) } from null (pid=1456, uid=1000) to com.games.mengmeizhitd/hjnw.ihjnw.i.isqly
10-30 23:57:01.883  1456  1717 W BroadcastQueue: u0 Receiving a broadcast in packagecom.qiuqiu.dfmc requires a permissions review
10-30 23:57:01.883  1456  1717 W BroadcastQueue: Skipping delivery: permission review required for Intent { act=android.intent.action.PACKAGE_ADDED dat=package: flg=0x4000010 (has extras) } from null (pid=1456, uid=1000) to com.qiuqiu.dfmc/cn.jpush.android.service.PushReceiver
10-30 23:57:01.893  1456  5334 D CompatibilityChangeReporter: Compat change id reported: 161252188; UID 10234; state: DISABLED
10-30 23:57:01.902  1456  4187 W BackupTransportManager: Package com.ying.hzblhj enabled setting: 0
10-30 23:57:01.906  1456  1717 W BroadcastQueue: u0 Receiving a broadcast in packagecom.safesys.viruskiller requires a permissions review
10-30 23:57:01.906  1456  1717 W BroadcastQueue: Skipping delivery: permission review required for Intent { act=android.intent.action.PACKAGE_ADDED dat=package: flg=0x4000010 (has extras) } from null (pid=1456, uid=1000) to com.safesys.viruskiller/.ScanPackageBroadcast
10-30 23:57:01.920  1456  1717 W BroadcastQueue: u0 Receiving a broadcast in packagecom.uc108.mobile.sdgj.bd1 requires a permissions review
10-30 23:57:01.920  1456  1717 W BroadcastQueue: Skipping delivery: permission review required for Intent { act=android.intent.action.PACKAGE_ADDED dat=package: flg=0x4000010 (has extras) } from null (pid=1456, uid=1000) to com.uc108.mobile.sdgj.bd1/com.baidu.tiebasdk.service.InstallReceiver
10-30 23:57:01.922  1456  1717 W BroadcastQueue: u0 Receiving a broadcast in packageio.dcloud.H5BC6BF13 requires a permissions review
10-30 23:57:01.922  1456  1717 W BroadcastQueue: Skipping delivery: permission review required for Intent { act=android.intent.action.PACKAGE_ADDED dat=package: flg=0x4000010 (has extras) } from null (pid=1456, uid=1000) to io.dcloud.H5BC6BF13/io.dcloud.common.adapter.io.DownloadReceiver
10-30 23:57:01.954  1456  1838 E PackageManager: ERROR: could not load root hash from incremental install
10-30 23:57:01.961  1456  1716 W WindowMagnificationMgr: requestConnection duplicated request: connect=false, mConnectionState=DISCONNECTED
10-30 23:57:01.976  1456  1838 I PackageManager: Integrity check passed for file:///data/app/vmdl1455430136.tmp
10-30 23:57:01.997  1456  1456 I NotificationService: Cannot find enqueued record for key: 0|com.google.android.apps.wellbeing|174344743|null|10121
10-30 23:57:02.016  1456  1716 W PackageManager: Failed registering loading progress callback. Package is fully loaded.
10-30 23:57:02.040  1456  1838 I PackageManager: Permission ownership changed. Updating all permissions.
10-30 23:57:02.128  1456  1716 W WindowMagnificationMgr: requestConnection duplicated request: connect=false, mConnectionState=DISCONNECTED
10-30 23:57:02.134  1456  7081 D CompatibilityChangeReporter: Compat change id reported: 161252188; UID 10235; state: DISABLED
10-30 23:57:02.292  1456  1702 V StorageManagerService: Package null has legacy storage
10-30 23:57:02.317  1456  5446 W AppOps  : setUidMode() called with a mode inconsistent with runtime permission state, this is discouraged and you should revoke the runtime permission instead: uid=10127, switchCode=0, mode=4, permission=android.permission.ACCESS_BACKGROUND_LOCATION
10-30 23:57:02.397  1456  5529 W AppOps  : setUidMode() called with a mode inconsistent with runtime permission state, this is discouraged and you should revoke the runtime permission instead: uid=10127, switchCode=1, mode=4, permission=android.permission.ACCESS_BACKGROUND_LOCATION
10-30 23:57:02.399  1456  5529 W AppOps  : setUidMode() called with a mode inconsistent with runtime permission state, this is discouraged and you should revoke the runtime permission instead: uid=10127, switchCode=0, mode=4, permission=android.permission.ACCESS_BACKGROUND_LOCATION
10-30 23:57:02.422  1456  1838 V BackupManagerService: [UserID:0] restoreAtInstall pkg=com.hgperfko.yaeghrwx token=2d restoreSet=0
