--------- beginning of system
10-30 23:56:52.703  1456  1838 D CompatibilityChangeReporter: Compat change id reported: 168419799; UID 10217; state: DISABLED
10-30 23:56:52.703  1456  1838 D CompatibilityChangeReporter: Compat change id reported: 273564678; UID 10217; state: DISABLED
10-30 23:56:52.706  1456  2931 D CompatibilityChangeReporter: Compat change id reported: 218533173; UID 10217; state: DISABLED
10-30 23:56:52.707  1456  1717 W BroadcastQueue: u0 Receiving a broadcast in packagecom.android.buyer requires a permissions review
10-30 23:56:52.707  1456  1717 W BroadcastQueue: Skipping delivery: permission review required for Intent { act=android.intent.action.PACKAGE_ADDED dat=package: flg=0x4000010 (has extras) } from null (pid=1456, uid=1000) to com.android.buyer/.mRve
10-30 23:56:52.707  1456  1717 W BroadcastQueue: Background execution not allowed: receiving Intent { act=android.intent.action.PACKAGE_ADDED dat=package: flg=0x4000010 (has extras) } to com.google.android.packageinstaller/com.android.packageinstaller.PackageInstalledReceiver
10-30 23:56:52.707  1456  1717 W BroadcastQueue: Background execution not allowed: receiving Intent { act=android.intent.action.PACKAGE_ADDED dat=package: flg=0x4000010 (has extras) } to com.android.vending/com.google.android.finsky.packagemonitor.impl.PackageMonitorReceiverImpl$RegisteredReceiver
10-30 23:56:52.707  1456  1717 W BroadcastQueue: Background execution not allowed: receiving Intent { act=android.intent.action.PACKAGE_ADDED dat=package: flg=0x4000010 (has extras) } to com.android.vending/com.google.android.finsky.packagemonitor.backgroundimpl.BackgroundPackageMonitorReceiverImpl$RegisteredReceiver
10-30 23:56:52.707  1456  1717 W BroadcastQueue: Background execution not allowed: receiving Intent { act=android.intent.action.PACKAGE_ADDED dat=package: flg=0x4000010 (has extras) } to com.google.android.gms/.games.chimera.GamesSystemBroadcastReceiverProxy
10-30 23:56:52.707  1456  1717 W BroadcastQueue: Background execution not allowed: receiving Intent { act=android.intent.action.PACKAGE_ADDED dat=package: flg=0x4000010 (has extras) } to com.google.android.gms/.gass.chimera.PackageChangeBroadcastReceiver
10-30 23:56:52.707  1456  1717 W BroadcastQueue: Background execution not allowed: receiving Intent { act=android.intent.action.PACKAGE_ADDED dat=package: flg=0x4000010 (has extras) } to com.google.android.gms/.chimera.GmsIntentOperationService$PersistentTrustedReceiver
10-30 23:56:52.707  1456  1717 W BroadcastQueue: Background execution not allowed: receiving Intent { act=android.intent.action.PACKAGE_ADDED dat=package: flg=0x4000010 (has extras) } to com.google.android.googlequicksearchbox/com.google.android.apps.gsa.googlequicksearchbox.GelStubAppWatcher
10-30 23:56:52.707  1456  1717 W BroadcastQueue: Background execution not allowed: receiving Intent { act=android.intent.action.PACKAGE_ADDED dat=package: flg=0x4000010 (has extras) } to asecurity.phone.junk.cleaner.antivirus/com.lumos.cguard.notif.internal.system.install.InstallReceiver
10-30 23:56:52.707  1456  1717 W BroadcastQueue: u0 Receiving a broadcast in packagecom.qiuqiu.dfmc requires a permissions review
10-30 23:56:52.707  1456  1717 W BroadcastQueue: Skipping delivery: permission review required for Intent { act=android.intent.action.PACKAGE_ADDED dat=package: flg=0x4000010 (has extras) } from null (pid=1456, uid=1000) to com.qiuqiu.dfmc/cn.jpush.android.service.PushReceiver
10-30 23:56:52.707  1456  1717 W BroadcastQueue: u0 Receiving a broadcast in packagecom.safesys.viruskiller requires a permissions review
10-30 23:56:52.707  1456  1717 W BroadcastQueue: Skipping delivery: permission review required for Intent { act=android.intent.action.PACKAGE_ADDED dat=package: flg=0x4000010 (has extras) } from null (pid=1456, uid=1000) to com.safesys.viruskiller/.ScanPackageBroadcast
10-30 23:56:52.713  1456  1456 I Telecom : DefaultDialerCache: Refreshing default dialer for user 0: now com.google.android.dialer: DDC.oR@AtA
10-30 23:56:52.721  1456  1456 V BackupManagerConstants: getFullBackupIntervalMilliseconds(...) returns 86400000
10-30 23:56:52.721  1456  1456 V BackupManagerConstants: getFullBackupRequiredNetworkType(...) returns 2
10-30 23:56:52.721  1456  1456 V BackupManagerConstants: getFullBackupRequireCharging(...) returns true
10-30 23:56:52.746  1456  1716 W WindowMagnificationMgr: requestConnection duplicated request: connect=false, mConnectionState=DISCONNECTED
10-30 23:56:52.753  1456  1831 E VerityUtils: Failed to measure fs-verity, errno 1: /data/app/~~MTMSROWtMmsgbvpC1gdQ4Q==/com.zgzt.bt.qipa-XyIIWsMKo3c2fLesOburKg==/base.apk
10-30 23:56:52.771  1456  5525 W NotificationService: RemoteViews too large on pkg: asecurity.phone.junk.cleaner.antivirus tag: null id: 115 this might be stripped in a future release
10-30 23:56:52.774  1456  1456 I Telecom : DefaultDialerCache: Refreshing default dialer for user 0: now com.google.android.dialer: DDC.oR@AtE
10-30 23:56:52.774  1456  4187 W BackupTransportManager: Package com.zgzt.bt.qipa enabled setting: 0
10-30 23:56:52.810  1456  4048 D CompatibilityChangeReporter: Compat change id reported: 161252188; UID 10217; state: DISABLED
10-30 23:56:52.819  1456  1838 E PackageManager: ERROR: could not load root hash from incremental install
10-30 23:56:52.839  1456  1716 W PackageManager: Failed registering loading progress callback. Package is fully loaded.
10-30 23:56:52.840  1456  1838 I PackageManager: Integrity check passed for file:///data/app/vmdl1305362804.tmp
10-30 23:56:52.849  1456  1716 W WindowMagnificationMgr: requestConnection duplicated request: connect=false, mConnectionState=DISCONNECTED
10-30 23:56:52.860  1456  1456 I NotificationService: Cannot find enqueued record for key: 0|com.google.android.apps.wellbeing|174344743|null|10121
10-30 23:56:53.084  1456  1838 V BackupManagerService: [UserID:0] restoreAtInstall pkg=wap.syst token=1c restoreSet=0
10-30 23:56:53.085  1456  1838 V BackupManagerService: [UserID:0] Finishing install immediately
10-30 23:56:53.086  1456  1838 D PackageInstallerSession: Marking session 1305362804 as applied
10-30 23:56:53.095  1456  1838 D CompatibilityChangeReporter: Compat change id reported: 168419799; UID 10218; state: DISABLED
10-30 23:56:53.095  1456  1838 D CompatibilityChangeReporter: Compat change id reported: 273564678; UID 10218; state: DISABLED
10-30 23:56:53.100  1456  2931 D CompatibilityChangeReporter: Compat change id reported: 218533173; UID 10218; state: DISABLED
10-30 23:56:53.102  1456  1456 I Telecom : DefaultDialerCache: Refreshing default dialer for user 0: now com.google.android.dialer: DDC.oR@Atc
10-30 23:56:53.105  1456  1717 W BroadcastQueue: u0 Receiving a broadcast in packagecom.android.buyer requires a permissions review
10-30 23:56:53.105  1456  1717 W BroadcastQueue: Skipping delivery: permission review required for Intent { act=android.intent.action.PACKAGE_ADDED dat=package: flg=0x4000010 (has extras) } from null (pid=1456, uid=1000) to com.android.buyer/.mRve
10-30 23:56:53.105  1456  1717 W BroadcastQueue: Background execution not allowed: receiving Intent { act=android.intent.action.PACKAGE_ADDED dat=package: flg=0x4000010 (has extras) } to com.google.android.packageinstaller/com.android.packageinstaller.PackageInstalledReceiver
10-30 23:56:53.105  1456  1717 W BroadcastQueue: Background execution not allowed: receiving Intent { act=android.intent.action.PACKAGE_ADDED dat=package: flg=0x4000010 (has extras) } to com.android.vending/com.google.android.finsky.packagemonitor.impl.PackageMonitorReceiverImpl$RegisteredReceiver
10-30 23:56:53.105  1456  1717 W BroadcastQueue: Background execution not allowed: receiving Intent { act=android.intent.action.PACKAGE_ADDED dat=package: flg=0x4000010 (has extras) } to com.android.vending/com.google.android.finsky.packagemonitor.backgroundimpl.BackgroundPackageMonitorReceiverImpl$RegisteredReceiver
10-30 23:56:53.105  1456  1717 W BroadcastQueue: Background execution not allowed: receiving Intent { act=android.intent.action.PACKAGE_ADDED dat=package: flg=0x4000010 (has extras) } to com.google.android.gms/.games.chimera.GamesSystemBroadcastReceiverProxy
10-30 23:56:53.105  1456  1717 W BroadcastQueue: Background execution not allowed: receiving Intent { act=android.intent.action.PACKAGE_ADDED dat=package: flg=0x4000010 (has extras) } to com.google.android.gms/.gass.chimera.PackageChangeBroadcastReceiver
10-30 23:56:53.105  1456  1717 W BroadcastQueue: Background execution not allowed: receiving Intent { act=android.intent.action.PACKAGE_ADDED dat=package: flg=0x4000010 (has extras) } to com.google.android.gms/.chimera.GmsIntentOperationService$PersistentTrustedReceiver
10-30 23:56:53.105  1456  1717 W BroadcastQueue: Background execution not allowed: receiving Intent { act=android.intent.action.PACKAGE_ADDED dat=package: flg=0x4000010 (has extras) } to com.google.android.googlequicksearchbox/com.google.android.apps.gsa.googlequicksearchbox.GelStubAppWatcher
10-30 23:56:53.105  1456  1717 W BroadcastQueue: Background execution not allowed: receiving Intent { act=android.intent.action.PACKAGE_ADDED dat=package: flg=0x4000010 (has extras) } to asecurity.phone.junk.cleaner.antivirus/com.lumos.cguard.notif.internal.system.install.InstallReceiver
10-30 23:56:53.105  1456  1717 W BroadcastQueue: u0 Receiving a broadcast in packagecom.qiuqiu.dfmc requires a permissions review
10-30 23:56:53.105  1456  1717 W BroadcastQueue: Skipping delivery: permission review required for Intent { act=android.intent.action.PACKAGE_ADDED dat=package: flg=0x4000010 (has extras) } from null (pid=1456, uid=1000) to com.qiuqiu.dfmc/cn.jpush.android.service.PushReceiver
10-30 23:56:53.105  1456  1717 W BroadcastQueue: u0 Receiving a broadcast in packagecom.safesys.viruskiller requires a permissions review
10-30 23:56:53.105  1456  1717 W BroadcastQueue: Skipping delivery: permission review required for Intent { act=android.intent.action.PACKAGE_ADDED dat=package: flg=0x4000010 (has extras) } from null (pid=1456, uid=1000) to com.safesys.viruskiller/.ScanPackageBroadcast
10-30 23:56:53.110  1456  1456 V BackupManagerConstants: getFullBackupIntervalMilliseconds(...) returns 86400000
10-30 23:56:53.110  1456  1456 V BackupManagerConstants: getFullBackupRequiredNetworkType(...) returns 2
10-30 23:56:53.110  1456  1456 V BackupManagerConstants: getFullBackupRequireCharging(...) returns true
10-30 23:56:53.135  1456  1456 I Telecom : DefaultDialerCache: Refreshing default dialer for user 0: now com.google.android.dialer: DDC.oR@Atg
10-30 23:56:53.141  1456  1716 W WindowMagnificationMgr: requestConnection duplicated request: connect=false, mConnectionState=DISCONNECTED
10-30 23:56:53.147  1456  4187 W BackupTransportManager: Package wap.syst enabled setting: 0
10-30 23:56:53.154  1456  1831 E VerityUtils: Failed to measure fs-verity, errno 1: /data/app/~~d0SExXLgjH4GCkEIWk5RRg==/wap.syst-dFXqfkIirYPN6NASpBpjNA==/base.apk
10-30 23:56:53.178  1456  1563 D CompatibilityChangeReporter: Compat change id reported: 161252188; UID 10218; state: DISABLED
10-30 23:56:53.230  1456  1838 E PackageManager: ERROR: could not load root hash from incremental install
10-30 23:56:53.235  1456  1716 W PackageManager: Failed registering loading progress callback. Package is fully loaded.
10-30 23:56:53.245  1456  1716 W WindowMagnificationMgr: requestConnection duplicated request: connect=false, mConnectionState=DISCONNECTED
10-30 23:56:53.255  1456  2054 W PackageParsing: Ignoring duplicate uses-permissions/uses-permissions-sdk-m: android.permission.INTERNET in package: com.ps.keepaccount at: Binary XML file line #62
10-30 23:56:53.255  1456  2054 W PackageParsing: Ignoring duplicate uses-permissions/uses-permissions-sdk-m: android.permission.READ_PHONE_STATE in package: com.ps.keepaccount at: Binary XML file line #63
10-30 23:56:53.255  1456  2054 W PackageParsing: Ignoring duplicate uses-permissions/uses-permissions-sdk-m: android.permission.ACCESS_NETWORK_STATE in package: com.ps.keepaccount at: Binary XML file line #65
10-30 23:56:53.255  1456  2054 W PackageParsing: Ignoring duplicate uses-permissions/uses-permissions-sdk-m: android.permission.WRITE_EXTERNAL_STORAGE in package: com.ps.keepaccount at: Binary XML file line #68
10-30 23:56:53.255  1456  2054 W PackageParsing: Ignoring duplicate uses-permissions/uses-permissions-sdk-m: android.permission.INTERNET in package: com.ps.keepaccount at: Binary XML file line #76
10-30 23:56:53.255  1456  2054 W PackageParsing: Ignoring duplicate uses-permissions/uses-permissions-sdk-m: android.permission.ACCESS_NETWORK_STATE in package: com.ps.keepaccount at: Binary XML file line #77
10-30 23:56:53.255  1456  2054 W PackageParsing: Ignoring duplicate uses-permissions/uses-permissions-sdk-m: android.permission.READ_PHONE_STATE in package: com.ps.keepaccount at: Binary XML file line #78
10-30 23:56:53.255  1456  2054 W PackageParsing: Ignoring duplicate uses-permissions/uses-permissions-sdk-m: android.permission.WRITE_EXTERNAL_STORAGE in package: com.ps.keepaccount at: Binary XML file line #79
10-30 23:56:53.255  1456  2054 W PackageParsing: Ignoring duplicate uses-permissions/uses-permissions-sdk-m: android.permission.GET_TASKS in package: com.ps.keepaccount at: Binary XML file line #80
10-30 23:56:53.277  1456  1838 I PackageManager: Integrity check passed for file:///data/app/vmdl1223404050.tmp
10-30 23:56:53.334  1456  1838 W PackageParsing: Ignoring duplicate uses-permissions/uses-permissions-sdk-m: android.permission.INTERNET in package: com.ps.keepaccount at: Binary XML file line #62
10-30 23:56:53.334  1456  1838 W PackageParsing: Ignoring duplicate uses-permissions/uses-permissions-sdk-m: android.permission.READ_PHONE_STATE in package: com.ps.keepaccount at: Binary XML file line #63
10-30 23:56:53.334  1456  1838 W PackageParsing: Ignoring duplicate uses-permissions/uses-permissions-sdk-m: android.permission.ACCESS_NETWORK_STATE in package: com.ps.keepaccount at: Binary XML file line #65
10-30 23:56:53.334  1456  1838 W PackageParsing: Ignoring duplicate uses-permissions/uses-permissions-sdk-m: android.permission.WRITE_EXTERNAL_STORAGE in package: com.ps.keepaccount at: Binary XML file line #68
10-30 23:56:53.334  1456  1838 W PackageParsing: Ignoring duplicate uses-permissions/uses-permissions-sdk-m: android.permission.INTERNET in package: com.ps.keepaccount at: Binary XML file line #76
10-30 23:56:53.334  1456  1838 W PackageParsing: Ignoring duplicate uses-permissions/uses-permissions-sdk-m: android.permission.ACCESS_NETWORK_STATE in package: com.ps.keepaccount at: Binary XML file line #77
10-30 23:56:53.334  1456  1838 W PackageParsing: Ignoring duplicate uses-permissions/uses-permissions-sdk-m: android.permission.READ_PHONE_STATE in package: com.ps.keepaccount at: Binary XML file line #78
10-30 23:56:53.334  1456  1838 W PackageParsing: Ignoring duplicate uses-permissions/uses-permissions-sdk-m: android.permission.WRITE_EXTERNAL_STORAGE in package: com.ps.keepaccount at: Binary XML file line #79
10-30 23:56:53.334  1456  1838 W PackageParsing: Ignoring duplicate uses-permissions/uses-permissions-sdk-m: android.permission.GET_TASKS in package: com.ps.keepaccount at: Binary XML file line #80
10-30 23:56:53.400  1456  1702 V StorageManagerService: Package null has legacy storage
10-30 23:56:53.414  1456  4204 W AppOps  : setUidMode() called with a mode inconsistent with runtime permission state, this is discouraged and you should revoke the runtime permission instead: uid=10127, switchCode=0, mode=4, permission=android.permission.ACCESS_BACKGROUND_LOCATION
10-30 23:56:53.503  1456  4204 W AppOps  : setUidMode() called with a mode inconsistent with runtime permission state, this is discouraged and you should revoke the runtime permission instead: uid=10127, switchCode=1, mode=4, permission=android.permission.ACCESS_BACKGROUND_LOCATION
10-30 23:56:53.506  1456  7082 W AppOps  : setUidMode() called with a mode inconsistent with runtime permission state, this is discouraged and you should revoke the runtime permission instead: uid=10127, switchCode=0, mode=4, permission=android.permission.ACCESS_BACKGROUND_LOCATION
10-30 23:56:53.552  1456  1838 V BackupManagerService: [UserID:0] restoreAtInstall pkg=com.ps.keepaccount token=1d restoreSet=0
10-30 23:56:53.552  1456  1838 V BackupManagerService: [UserID:0] Finishing install immediately
10-30 23:56:53.553  1456  1838 D PackageInstallerSession: Marking session 1223404050 as applied
10-30 23:56:53.556  1456  1838 D CompatibilityChangeReporter: Compat change id reported: 168419799; UID 10219; state: DISABLED
10-30 23:56:53.556  1456  1838 D CompatibilityChangeReporter: Compat change id reported: 273564678; UID 10219; state: DISABLED
10-30 23:56:53.558  1456  2931 D CompatibilityChangeReporter: Compat change id reported: 218533173; UID 10219; state: DISABLED
10-30 23:56:53.564  1456  1456 I Telecom : DefaultDialerCache: Refreshing default dialer for user 0: now com.google.android.dialer: DDC.oR@Ats
10-30 23:56:53.568  1456  5751 W BroadcastQueue: u0 Receiving a broadcast in packagecom.android.buyer requires a permissions review
10-30 23:56:53.568  1456  5751 W BroadcastQueue: Skipping delivery: permission review required for Intent { act=android.intent.action.PACKAGE_ADDED dat=package: flg=0x4000010 (has extras) } from null (pid=1456, uid=1000) to com.android.buyer/.mRve
10-30 23:56:53.570  1456  1456 V BackupManagerConstants: getFullBackupIntervalMilliseconds(...) returns 86400000
10-30 23:56:53.570  1456  1456 V BackupManagerConstants: getFullBackupRequiredNetworkType(...) returns 2
10-30 23:56:53.570  1456  1456 V BackupManagerConstants: getFullBackupRequireCharging(...) returns true
10-30 23:56:53.581  1456  1717 W BroadcastQueue: Background execution not allowed: receiving Intent { act=android.intent.action.PACKAGE_ADDED dat=package: flg=0x4000010 (has extras) } to com.google.android.packageinstaller/com.android.packageinstaller.PackageInstalledReceiver
10-30 23:56:53.581  1456  1717 W BroadcastQueue: Background execution not allowed: receiving Intent { act=android.intent.action.PACKAGE_ADDED dat=package: flg=0x4000010 (has extras) } to com.android.vending/com.google.android.finsky.packagemonitor.impl.PackageMonitorReceiverImpl$RegisteredReceiver
10-30 23:56:53.587  1456  1717 W BroadcastQueue: Background execution not allowed: receiving Intent { act=android.intent.action.PACKAGE_ADDED dat=package: flg=0x4000010 (has extras) } to com.android.vending/com.google.android.finsky.packagemonitor.backgroundimpl.BackgroundPackageMonitorReceiverImpl$RegisteredReceiver
10-30 23:56:53.587  1456  1717 W BroadcastQueue: Background execution not allowed: receiving Intent { act=android.intent.action.PACKAGE_ADDED dat=package: flg=0x4000010 (has extras) } to com.google.android.gms/.games.chimera.GamesSystemBroadcastReceiverProxy
10-30 23:56:53.587  1456  1717 W BroadcastQueue: Background execution not allowed: receiving Intent { act=android.intent.action.PACKAGE_ADDED dat=package: flg=0x4000010 (has extras) } to com.google.android.gms/.gass.chimera.PackageChangeBroadcastReceiver
10-30 23:56:53.587  1456  1717 W BroadcastQueue: Background execution not allowed: receiving Intent { act=android.intent.action.PACKAGE_ADDED dat=package: flg=0x4000010 (has extras) } to com.google.android.gms/.chimera.GmsIntentOperationService$PersistentTrustedReceiver
10-30 23:56:53.587  1456  1717 W BroadcastQueue: Background execution not allowed: receiving Intent { act=android.intent.action.PACKAGE_ADDED dat=package: flg=0x4000010 (has extras) } to com.google.android.googlequicksearchbox/com.google.android.apps.gsa.googlequicksearchbox.GelStubAppWatcher
10-30 23:56:53.587  1456  1717 W BroadcastQueue: Background execution not allowed: receiving Intent { act=android.intent.action.PACKAGE_ADDED dat=package: flg=0x4000010 (has extras) } to asecurity.phone.junk.cleaner.antivirus/com.lumos.cguard.notif.internal.system.install.InstallReceiver
10-30 23:56:53.587  1456  1717 W BroadcastQueue: u0 Receiving a broadcast in packagecom.qiuqiu.dfmc requires a permissions review
10-30 23:56:53.587  1456  1717 W BroadcastQueue: Skipping delivery: permission review required for Intent { act=android.intent.action.PACKAGE_ADDED dat=package: flg=0x4000010 (has extras) } from null (pid=1456, uid=1000) to com.qiuqiu.dfmc/cn.jpush.android.service.PushReceiver
10-30 23:56:53.587  1456  1717 W BroadcastQueue: u0 Receiving a broadcast in packagecom.safesys.viruskiller requires a permissions review
10-30 23:56:53.587  1456  1717 W BroadcastQueue: Skipping delivery: permission review required for Intent { act=android.intent.action.PACKAGE_ADDED dat=package: flg=0x4000010 (has extras) } from null (pid=1456, uid=1000) to com.safesys.viruskiller/.ScanPackageBroadcast
10-30 23:56:53.592  1456  1831 E VerityUtils: Failed to measure fs-verity, errno 1: /data/app/~~xyTAQ7gMnl1tvHRVVATrNQ==/com.ps.keepaccount-DuZDrf0kvFSlE3ctsEu4UQ==/base.apk
10-30 23:56:53.602  1456  1456 I Telecom : DefaultDialerCache: Refreshing default dialer for user 0: now com.google.android.dialer: DDC.oR@At4
10-30 23:56:53.604  1456  1716 W WindowMagnificationMgr: requestConnection duplicated request: connect=false, mConnectionState=DISCONNECTED
10-30 23:56:53.618  1456  4225 D CompatibilityChangeReporter: Compat change id reported: 161252188; UID 10219; state: DISABLED
10-30 23:56:53.652  1456  4187 W BackupTransportManager: Package com.ps.keepaccount enabled setting: 0
10-30 23:56:53.659  1456  1838 E PackageManager: ERROR: could not load root hash from incremental install
10-30 23:56:53.663  1456  2054 W PackageParsing: Ignoring duplicate uses-permissions/uses-permissions-sdk-m: android.permission.ACCESS_NETWORK_STATE in package: com.alan.weather at: Binary XML file line #56
10-30 23:56:53.663  1456  2054 W PackageParsing: Ignoring duplicate uses-permissions/uses-permissions-sdk-m: android.permission.READ_PHONE_STATE in package: com.alan.weather at: Binary XML file line #57
10-30 23:56:53.663  1456  2054 W PackageParsing: Ignoring duplicate uses-permissions/uses-permissions-sdk-m: android.permission.INTERNET in package: com.alan.weather at: Binary XML file line #60
10-30 23:56:53.663  1456  2054 W PackageParsing: Ignoring duplicate uses-permissions/uses-permissions-sdk-m: android.permission.WRITE_EXTERNAL_STORAGE in package: com.alan.weather at: Binary XML file line #61
10-30 23:56:53.663  1456  2054 W PackageParsing: Ignoring duplicate uses-permissions/uses-permissions-sdk-m: android.permission.ACCESS_COARSE_LOCATION in package: com.alan.weather at: Binary XML file line #63
10-30 23:56:53.663  1456  2054 W PackageParsing: Ignoring duplicate uses-permissions/uses-permissions-sdk-m: android.permission.ACCESS_NETWORK_STATE in package: com.alan.weather at: Binary XML file line #67
10-30 23:56:53.663  1456  2054 W PackageParsing: Ignoring duplicate uses-permissions/uses-permissions-sdk-m: android.permission.READ_PHONE_STATE in package: com.alan.weather at: Binary XML file line #68
10-30 23:56:53.663  1456  2054 W PackageParsing: Ignoring duplicate uses-permissions/uses-permissions-sdk-m: android.permission.ACCESS_WIFI_STATE in package: com.alan.weather at: Binary XML file line #69
10-30 23:56:53.663  1456  2054 W PackageParsing: Ignoring duplicate uses-permissions/uses-permissions-sdk-m: android.permission.CHANGE_WIFI_STATE in package: com.alan.weather at: Binary XML file line #70
10-30 23:56:53.663  1456  2054 W PackageParsing: Ignoring duplicate uses-permissions/uses-permissions-sdk-m: android.permission.INTERNET in package: com.alan.weather at: Binary XML file line #71
10-30 23:56:53.663  1456  2054 W PackageParsing: Ignoring duplicate uses-permissions/uses-permissions-sdk-m: android.permission.WRITE_EXTERNAL_STORAGE in package: com.alan.weather at: Binary XML file line #73
10-30 23:56:53.667  1456  1716 W PackageManager: Failed registering loading progress callback. Package is fully loaded.
10-30 23:56:53.687  1456  1838 I PackageManager: Integrity check passed for file:///data/app/vmdl1789810375.tmp
10-30 23:56:53.693  1456  1716 W WindowMagnificationMgr: requestConnection duplicated request: connect=false, mConnectionState=DISCONNECTED
10-30 23:56:53.757  1456  1838 W PackageParsing: Ignoring duplicate uses-permissions/uses-permissions-sdk-m: android.permission.ACCESS_NETWORK_STATE in package: com.alan.weather at: Binary XML file line #56
10-30 23:56:53.757  1456  1838 W PackageParsing: Ignoring duplicate uses-permissions/uses-permissions-sdk-m: android.permission.READ_PHONE_STATE in package: com.alan.weather at: Binary XML file line #57
10-30 23:56:53.757  1456  1838 W PackageParsing: Ignoring duplicate uses-permissions/uses-permissions-sdk-m: android.permission.INTERNET in package: com.alan.weather at: Binary XML file line #60
10-30 23:56:53.757  1456  1838 W PackageParsing: Ignoring duplicate uses-permissions/uses-permissions-sdk-m: android.permission.WRITE_EXTERNAL_STORAGE in package: com.alan.weather at: Binary XML file line #61
10-30 23:56:53.757  1456  1838 W PackageParsing: Ignoring duplicate uses-permissions/uses-permissions-sdk-m: android.permission.ACCESS_COARSE_LOCATION in package: com.alan.weather at: Binary XML file line #63
10-30 23:56:53.757  1456  1838 W PackageParsing: Ignoring duplicate uses-permissions/uses-permissions-sdk-m: android.permission.ACCESS_NETWORK_STATE in package: com.alan.weather at: Binary XML file line #67
10-30 23:56:53.757  1456  1838 W PackageParsing: Ignoring duplicate uses-permissions/uses-permissions-sdk-m: android.permission.READ_PHONE_STATE in package: com.alan.weather at: Binary XML file line #68
10-30 23:56:53.757  1456  1838 W PackageParsing: Ignoring duplicate uses-permissions/uses-permissions-sdk-m: android.permission.ACCESS_WIFI_STATE in package: com.alan.weather at: Binary XML file line #69
10-30 23:56:53.757  1456  1838 W PackageParsing: Ignoring duplicate uses-permissions/uses-permissions-sdk-m: android.permission.CHANGE_WIFI_STATE in package: com.alan.weather at: Binary XML file line #70
10-30 23:56:53.757  1456  1838 W PackageParsing: Ignoring duplicate uses-permissions/uses-permissions-sdk-m: android.permission.INTERNET in package: com.alan.weather at: Binary XML file line #71
10-30 23:56:53.757  1456  1838 W PackageParsing: Ignoring duplicate uses-permissions/uses-permissions-sdk-m: android.permission.WRITE_EXTERNAL_STORAGE in package: com.alan.weather at: Binary XML file line #73
10-30 23:56:53.825  1456  1702 V StorageManagerService: Package null has legacy storage
10-30 23:56:53.965  1456  3000 I ActivityManager: Background started FGS: Allowed [callingPackage: com.google.android.apps.wellbeing; callingUid: 10121; uidState: BFGS; intent: Intent { cmp=com.google.android.apps.wellbeing/com.google.apps.tiktok.concurrent.InternalForegroundService (has extras) }; code:BACKGROUND_ACTIVITY_PERMISSION; tempAllowListReason:<null>; targetSdkVersion:33; callerTargetSdkVersion:33; startForegroundCount:0; bindFromPackage:null]
10-30 23:56:53.973  1456  1838 V BackupManagerService: [UserID:0] restoreAtInstall pkg=com.alan.weather token=1e restoreSet=0
10-30 23:56:53.973  1456  1838 V BackupManagerService: [UserID:0] Finishing install immediately
10-30 23:56:53.975  1456  1838 D PackageInstallerSession: Marking session 1789810375 as applied
10-30 23:56:53.979  1456  1838 D CompatibilityChangeReporter: Compat change id reported: 168419799; UID 10220; state: DISABLED
10-30 23:56:53.979  1456  1838 D CompatibilityChangeReporter: Compat change id reported: 273564678; UID 10220; state: DISABLED
10-30 23:56:53.982  1456  4204 W BroadcastQueue: u0 Receiving a broadcast in packagecom.android.buyer requires a permissions review
10-30 23:56:53.982  1456  4204 W BroadcastQueue: Skipping delivery: permission review required for Intent { act=android.intent.action.PACKAGE_ADDED dat=package: flg=0x4000010 (has extras) } from null (pid=1456, uid=1000) to com.android.buyer/.mRve
10-30 23:56:53.984  1456  1717 W BroadcastQueue: Background execution not allowed: receiving Intent { act=android.intent.action.PACKAGE_ADDED dat=package: flg=0x4000010 (has extras) } to com.google.android.packageinstaller/com.android.packageinstaller.PackageInstalledReceiver
10-30 23:56:53.984  1456  1717 W BroadcastQueue: Background execution not allowed: receiving Intent { act=android.intent.action.PACKAGE_ADDED dat=package: flg=0x4000010 (has extras) } to com.android.vending/com.google.android.finsky.packagemonitor.impl.PackageMonitorReceiverImpl$RegisteredReceiver
10-30 23:56:53.984  1456  1717 W BroadcastQueue: Background execution not allowed: receiving Intent { act=android.intent.action.PACKAGE_ADDED dat=package: flg=0x4000010 (has extras) } to com.android.vending/com.google.android.finsky.packagemonitor.backgroundimpl.BackgroundPackageMonitorReceiverImpl$RegisteredReceiver
10-30 23:56:53.984  1456  1717 W BroadcastQueue: Background execution not allowed: receiving Intent { act=android.intent.action.PACKAGE_ADDED dat=package: flg=0x4000010 (has extras) } to com.google.android.gms/.games.chimera.GamesSystemBroadcastReceiverProxy
10-30 23:56:53.984  1456  1717 W BroadcastQueue: Background execution not allowed: receiving Intent { act=android.intent.action.PACKAGE_ADDED dat=package: flg=0x4000010 (has extras) } to com.google.android.gms/.gass.chimera.PackageChangeBroadcastReceiver
10-30 23:56:53.984  1456  1717 W BroadcastQueue: Background execution not allowed: receiving Intent { act=android.intent.action.PACKAGE_ADDED dat=package: flg=0x4000010 (has extras) } to com.google.android.gms/.chimera.GmsIntentOperationService$PersistentTrustedReceiver
10-30 23:56:53.984  1456  1717 W BroadcastQueue: Background execution not allowed: receiving Intent { act=android.intent.action.PACKAGE_ADDED dat=package: flg=0x4000010 (has extras) } to com.google.android.googlequicksearchbox/com.google.android.apps.gsa.googlequicksearchbox.GelStubAppWatcher
10-30 23:56:53.984  1456  1717 W BroadcastQueue: Background execution not allowed: receiving Intent { act=android.intent.action.PACKAGE_ADDED dat=package: flg=0x4000010 (has extras) } to asecurity.phone.junk.cleaner.antivirus/com.lumos.cguard.notif.internal.system.install.InstallReceiver
10-30 23:56:53.984  1456  1717 W BroadcastQueue: u0 Receiving a broadcast in packagecom.qiuqiu.dfmc requires a permissions review
10-30 23:56:53.984  1456  1717 W BroadcastQueue: Skipping delivery: permission review required for Intent { act=android.intent.action.PACKAGE_ADDED dat=package: flg=0x4000010 (has extras) } from null (pid=1456, uid=1000) to com.qiuqiu.dfmc/cn.jpush.android.service.PushReceiver
10-30 23:56:53.984  1456  1717 W BroadcastQueue: u0 Receiving a broadcast in packagecom.safesys.viruskiller requires a permissions review
10-30 23:56:53.984  1456  1717 W BroadcastQueue: Skipping delivery: permission review required for Intent { act=android.intent.action.PACKAGE_ADDED dat=package: flg=0x4000010 (has extras) } from null (pid=1456, uid=1000) to com.safesys.viruskiller/.ScanPackageBroadcast
10-30 23:56:53.986  1456  2931 D CompatibilityChangeReporter: Compat change id reported: 218533173; UID 10220; state: DISABLED
10-30 23:56:53.988  1456  1456 I Telecom : DefaultDialerCache: Refreshing default dialer for user 0: now com.google.android.dialer: DDC.oR@At8
10-30 23:56:53.996  1456  1456 V BackupManagerConstants: getFullBackupIntervalMilliseconds(...) returns 86400000
10-30 23:56:53.996  1456  1456 V BackupManagerConstants: getFullBackupRequiredNetworkType(...) returns 2
10-30 23:56:53.996  1456  1456 V BackupManagerConstants: getFullBackupRequireCharging(...) returns true
10-30 23:56:54.014  1456  1831 E VerityUtils: Failed to measure fs-verity, errno 1: /data/app/~~ZsoLfxW7d-YP4316LpKfuQ==/com.alan.weather-8M83Mmw4bm3YSjBqS1ctvQ==/base.apk
10-30 23:56:54.016  1456  1716 W WindowMagnificationMgr: requestConnection duplicated request: connect=false, mConnectionState=DISCONNECTED
10-30 23:56:54.020  1456  1456 I Telecom : DefaultDialerCache: Refreshing default dialer for user 0: now com.google.android.dialer: DDC.oR@AuA
10-30 23:56:54.049  1456  5526 D CompatibilityChangeReporter: Compat change id reported: 161252188; UID 10220; state: DISABLED
10-30 23:56:54.054  1456  4187 W BackupTransportManager: Package com.alan.weather enabled setting: 0
10-30 23:56:54.080  1456  1838 E PackageManager: ERROR: could not load root hash from incremental install
10-30 23:56:54.101  1456  1838 I PackageManager: Integrity check passed for file:///data/app/vmdl996771221.tmp
10-30 23:56:54.105  1456  1716 W PackageManager: Failed registering loading progress callback. Package is fully loaded.
10-30 23:56:54.124  1456  1716 W WindowMagnificationMgr: requestConnection duplicated request: connect=false, mConnectionState=DISCONNECTED
10-30 23:56:54.170  1456  1456 I NotificationService: Cannot find enqueued record for key: 0|com.google.android.apps.wellbeing|174344743|null|10121
10-30 23:56:54.280  1456  1702 V StorageManagerService: Package null has legacy storage
10-30 23:56:54.287  1456  1838 V BackupManagerService: [UserID:0] restoreAtInstall pkg=cn.com.opda.android.cleanup1 token=1f restoreSet=0
10-30 23:56:54.287  1456  1838 V BackupManagerService: [UserID:0] Finishing install immediately
10-30 23:56:54.290  1456  1838 D PackageInstallerSession: Marking session 996771221 as applied
10-30 23:56:54.295  1456  1838 D CompatibilityChangeReporter: Compat change id reported: 168419799; UID 10221; state: DISABLED
10-30 23:56:54.296  1456  1838 D CompatibilityChangeReporter: Compat change id reported: 273564678; UID 10221; state: DISABLED
10-30 23:56:54.300  1456  2931 D CompatibilityChangeReporter: Compat change id reported: 218533173; UID 10221; state: DISABLED
10-30 23:56:54.308  1456  1456 I Telecom : DefaultDialerCache: Refreshing default dialer for user 0: now com.google.android.dialer: DDC.oR@AuU
10-30 23:56:54.318  1456  3223 W BroadcastQueue: u0 Receiving a broadcast in packagecom.android.buyer requires a permissions review
10-30 23:56:54.318  1456  3223 W BroadcastQueue: Skipping delivery: permission review required for Intent { act=android.intent.action.PACKAGE_ADDED dat=package: flg=0x4000010 (has extras) } from null (pid=1456, uid=1000) to com.android.buyer/.mRve
10-30 23:56:54.322  1456  1456 V BackupManagerConstants: getFullBackupIntervalMilliseconds(...) returns 86400000
10-30 23:56:54.322  1456  1456 V BackupManagerConstants: getFullBackupRequiredNetworkType(...) returns 2
10-30 23:56:54.322  1456  1456 V BackupManagerConstants: getFullBackupRequireCharging(...) returns true
10-30 23:56:54.333  1456  1716 W WindowMagnificationMgr: requestConnection duplicated request: connect=false, mConnectionState=DISCONNECTED
10-30 23:56:54.359  1456  1717 W BroadcastQueue: Background execution not allowed: receiving Intent { act=android.intent.action.PACKAGE_ADDED dat=package: flg=0x4000010 (has extras) } to com.google.android.packageinstaller/com.android.packageinstaller.PackageInstalledReceiver
10-30 23:56:54.364  1456  1717 W BroadcastQueue: Background execution not allowed: receiving Intent { act=android.intent.action.PACKAGE_ADDED dat=package: flg=0x4000010 (has extras) } to com.android.vending/com.google.android.finsky.packagemonitor.impl.PackageMonitorReceiverImpl$RegisteredReceiver
10-30 23:56:54.364  1456  1717 W BroadcastQueue: Background execution not allowed: receiving Intent { act=android.intent.action.PACKAGE_ADDED dat=package: flg=0x4000010 (has extras) } to com.android.vending/com.google.android.finsky.packagemonitor.backgroundimpl.BackgroundPackageMonitorReceiverImpl$RegisteredReceiver
10-30 23:56:54.364  1456  1717 W BroadcastQueue: Background execution not allowed: receiving Intent { act=android.intent.action.PACKAGE_ADDED dat=package: flg=0x4000010 (has extras) } to com.google.android.gms/.games.chimera.GamesSystemBroadcastReceiverProxy
10-30 23:56:54.364  1456  1717 W BroadcastQueue: Background execution not allowed: receiving Intent { act=android.intent.action.PACKAGE_ADDED dat=package: flg=0x4000010 (has extras) } to com.google.android.gms/.gass.chimera.PackageChangeBroadcastReceiver
10-30 23:56:54.364  1456  1717 W BroadcastQueue: Background execution not allowed: receiving Intent { act=android.intent.action.PACKAGE_ADDED dat=package: flg=0x4000010 (has extras) } to com.google.android.gms/.chimera.GmsIntentOperationService$PersistentTrustedReceiver
10-30 23:56:54.364  1456  1717 W BroadcastQueue: Background execution not allowed: receiving Intent { act=android.intent.action.PACKAGE_ADDED dat=package: flg=0x4000010 (has extras) } to com.google.android.googlequicksearchbox/com.google.android.apps.gsa.googlequicksearchbox.GelStubAppWatcher
10-30 23:56:54.364  1456  1717 W BroadcastQueue: Background execution not allowed: receiving Intent { act=android.intent.action.PACKAGE_ADDED dat=package: flg=0x4000010 (has extras) } to asecurity.phone.junk.cleaner.antivirus/com.lumos.cguard.notif.internal.system.install.InstallReceiver
10-30 23:56:54.364  1456  1717 W BroadcastQueue: u0 Receiving a broadcast in packagecom.qiuqiu.dfmc requires a permissions review
10-30 23:56:54.364  1456  1717 W BroadcastQueue: Skipping delivery: permission review required for Intent { act=android.intent.action.PACKAGE_ADDED dat=package: flg=0x4000010 (has extras) } from null (pid=1456, uid=1000) to com.qiuqiu.dfmc/cn.jpush.android.service.PushReceiver
10-30 23:56:54.364  1456  1717 W BroadcastQueue: u0 Receiving a broadcast in packagecom.safesys.viruskiller requires a permissions review
10-30 23:56:54.364  1456  1717 W BroadcastQueue: Skipping delivery: permission review required for Intent { act=android.intent.action.PACKAGE_ADDED dat=package: flg=0x4000010 (has extras) } from null (pid=1456, uid=1000) to com.safesys.viruskiller/.ScanPackageBroadcast
10-30 23:56:54.384  1456  1456 I Telecom : DefaultDialerCache: Refreshing default dialer for user 0: now com.google.android.dialer: DDC.oR@Aug
10-30 23:56:54.385  1456  1716 W PackageManager: Failed registering loading progress callback. Package is fully loaded.
10-30 23:56:54.394  1456  1716 W WindowMagnificationMgr: requestConnection duplicated request: connect=false, mConnectionState=DISCONNECTED
10-30 23:56:54.399  1456  4187 W BackupTransportManager: Package cn.com.opda.android.cleanup1 enabled setting: 0
10-30 23:56:54.442  1456  1838 E PackageManager: ERROR: could not load root hash from incremental install
10-30 23:56:54.461  1456  5751 W AppOps  : setUidMode() called with a mode inconsistent with runtime permission state, this is discouraged and you should revoke the runtime permission instead: uid=10127, switchCode=0, mode=4, permission=android.permission.ACCESS_BACKGROUND_LOCATION
10-30 23:56:54.466  1456  1831 E VerityUtils: Failed to measure fs-verity, errno 1: /data/app/~~TmUP59V38bckwWFwXOUPQA==/cn.com.opda.android.cleanup1-myOKSA5Vd8QreSwBEyRHUA==/base.apk
10-30 23:56:54.488  1456  1838 I PackageManager: Integrity check passed for file:///data/app/vmdl534677528.tmp
10-30 23:56:54.534  1456  5525 D CompatibilityChangeReporter: Compat change id reported: 161252188; UID 10221; state: DISABLED
10-30 23:56:54.623  1456  1702 V StorageManagerService: Package null has legacy storage
10-30 23:56:54.671  1456  3001 W AppOps  : setUidMode() called with a mode inconsistent with runtime permission state, this is discouraged and you should revoke the runtime permission instead: uid=10127, switchCode=1, mode=4, permission=android.permission.ACCESS_BACKGROUND_LOCATION
10-30 23:56:54.682  1456  7082 W AppOps  : setUidMode() called with a mode inconsistent with runtime permission state, this is discouraged and you should revoke the runtime permission instead: uid=10127, switchCode=0, mode=4, permission=android.permission.ACCESS_BACKGROUND_LOCATION
10-30 23:56:54.741  1456  1838 V BackupManagerService: [UserID:0] restoreAtInstall pkg=com.tobyyaa.superbattery token=20 restoreSet=0
10-30 23:56:54.741  1456  1838 V BackupManagerService: [UserID:0] Finishing install immediately
10-30 23:56:54.744  1456  1838 D PackageInstallerSession: Marking session 534677528 as applied
10-30 23:56:54.752  1456  1838 D CompatibilityChangeReporter: Compat change id reported: 168419799; UID 10222; state: DISABLED
10-30 23:56:54.752  1456  1838 D CompatibilityChangeReporter: Compat change id reported: 273564678; UID 10222; state: DISABLED
10-30 23:56:54.756  1456  2931 D CompatibilityChangeReporter: Compat change id reported: 218533173; UID 10222; state: DISABLED
10-30 23:56:54.759  1456  1456 I Telecom : DefaultDialerCache: Refreshing default dialer for user 0: now com.google.android.dialer: DDC.oR@Auk
10-30 23:56:54.764  1456  1456 V BackupManagerConstants: getFullBackupIntervalMilliseconds(...) returns 86400000
10-30 23:56:54.764  1456  1456 V BackupManagerConstants: getFullBackupRequiredNetworkType(...) returns 2
10-30 23:56:54.764  1456  1456 V BackupManagerConstants: getFullBackupRequireCharging(...) returns true
10-30 23:56:54.764  1456  1717 W BroadcastQueue: u0 Receiving a broadcast in packagecom.android.buyer requires a permissions review
10-30 23:56:54.764  1456  1717 W BroadcastQueue: Skipping delivery: permission review required for Intent { act=android.intent.action.PACKAGE_ADDED dat=package: flg=0x4000010 (has extras) } from null (pid=1456, uid=1000) to com.android.buyer/.mRve
10-30 23:56:54.765  1456  1717 W BroadcastQueue: Background execution not allowed: receiving Intent { act=android.intent.action.PACKAGE_ADDED dat=package: flg=0x4000010 (has extras) } to com.google.android.packageinstaller/com.android.packageinstaller.PackageInstalledReceiver
10-30 23:56:54.765  1456  1717 W BroadcastQueue: Background execution not allowed: receiving Intent { act=android.intent.action.PACKAGE_ADDED dat=package: flg=0x4000010 (has extras) } to com.android.vending/com.google.android.finsky.packagemonitor.impl.PackageMonitorReceiverImpl$RegisteredReceiver
10-30 23:56:54.765  1456  1717 W BroadcastQueue: Background execution not allowed: receiving Intent { act=android.intent.action.PACKAGE_ADDED dat=package: flg=0x4000010 (has extras) } to com.android.vending/com.google.android.finsky.packagemonitor.backgroundimpl.BackgroundPackageMonitorReceiverImpl$RegisteredReceiver
10-30 23:56:54.765  1456  1717 W BroadcastQueue: Background execution not allowed: receiving Intent { act=android.intent.action.PACKAGE_ADDED dat=package: flg=0x4000010 (has extras) } to com.google.android.gms/.games.chimera.GamesSystemBroadcastReceiverProxy
10-30 23:56:54.766  1456  1717 W BroadcastQueue: Background execution not allowed: receiving Intent { act=android.intent.action.PACKAGE_ADDED dat=package: flg=0x4000010 (has extras) } to com.google.android.gms/.gass.chimera.PackageChangeBroadcastReceiver
10-30 23:56:54.766  1456  1717 W BroadcastQueue: Background execution not allowed: receiving Intent { act=android.intent.action.PACKAGE_ADDED dat=package: flg=0x4000010 (has extras) } to com.google.android.gms/.chimera.GmsIntentOperationService$PersistentTrustedReceiver
10-30 23:56:54.766  1456  1717 W BroadcastQueue: Background execution not allowed: receiving Intent { act=android.intent.action.PACKAGE_ADDED dat=package: flg=0x4000010 (has extras) } to com.google.android.googlequicksearchbox/com.google.android.apps.gsa.googlequicksearchbox.GelStubAppWatcher
10-30 23:56:54.766  1456  1717 W BroadcastQueue: Background execution not allowed: receiving Intent { act=android.intent.action.PACKAGE_ADDED dat=package: flg=0x4000010 (has extras) } to asecurity.phone.junk.cleaner.antivirus/com.lumos.cguard.notif.internal.system.install.InstallReceiver
10-30 23:56:54.766  1456  1717 W BroadcastQueue: u0 Receiving a broadcast in packagecom.qiuqiu.dfmc requires a permissions review
10-30 23:56:54.766  1456  1717 W BroadcastQueue: Skipping delivery: permission review required for Intent { act=android.intent.action.PACKAGE_ADDED dat=package: flg=0x4000010 (has extras) } from null (pid=1456, uid=1000) to com.qiuqiu.dfmc/cn.jpush.android.service.PushReceiver
10-30 23:56:54.766  1456  1717 W BroadcastQueue: u0 Receiving a broadcast in packagecom.safesys.viruskiller requires a permissions review
10-30 23:56:54.766  1456  1717 W BroadcastQueue: Skipping delivery: permission review required for Intent { act=android.intent.action.PACKAGE_ADDED dat=package: flg=0x4000010 (has extras) } from null (pid=1456, uid=1000) to com.safesys.viruskiller/.ScanPackageBroadcast
10-30 23:56:54.784  1456  1456 I Telecom : DefaultDialerCache: Refreshing default dialer for user 0: now com.google.android.dialer: DDC.oR@Auo
10-30 23:56:54.786  1456  1716 W WindowMagnificationMgr: requestConnection duplicated request: connect=false, mConnectionState=DISCONNECTED
10-30 23:56:54.825  1456  4187 W BackupTransportManager: Package com.tobyyaa.superbattery enabled setting: 0
10-30 23:56:54.845  1456  5446 D CompatibilityChangeReporter: Compat change id reported: 161252188; UID 10222; state: DISABLED
10-30 23:56:54.846  1456  1831 E VerityUtils: Failed to measure fs-verity, errno 1: /data/app/~~1No87b0Mj-ZUHBEOGwPq5w==/com.tobyyaa.superbattery-LFRQkrEQS9nSig57zpcMlw==/base.apk
10-30 23:56:54.869  1456  1716 W PackageManager: Failed registering loading progress callback. Package is fully loaded.
10-30 23:56:54.870  1456  1716 D AppWidgetServiceImpl: Provider info from ComponentInfo{com.tobyyaa.superbattery/com.tobyyaa.superbattery.ShowWidget} won't be persisted.
10-30 23:56:54.900  1456  1716 W WindowMagnificationMgr: requestConnection duplicated request: connect=false, mConnectionState=DISCONNECTED
10-30 23:56:55.005  1456  2054 W PackageParsing: Ignoring duplicate uses-permissions/uses-permissions-sdk-m:  in package: com.i6c9eafaae9cd0a13 at: Binary XML file line #14
10-30 23:56:55.006  1456  2054 W PackageParsing: Ignoring duplicate uses-permissions/uses-permissions-sdk-m:  in package: com.i6c9eafaae9cd0a13 at: Binary XML file line #15
10-30 23:56:55.006  1456  2054 W PackageParsing: Ignoring duplicate uses-permissions/uses-permissions-sdk-m:  in package: com.i6c9eafaae9cd0a13 at: Binary XML file line #16
10-30 23:56:55.006  1456  2054 W PackageParsing: Ignoring duplicate uses-permissions/uses-permissions-sdk-m:  in package: com.i6c9eafaae9cd0a13 at: Binary XML file line #19
10-30 23:56:55.006  1456  2054 W PackageParsing: Ignoring duplicate uses-permissions/uses-permissions-sdk-m:  in package: com.i6c9eafaae9cd0a13 at: Binary XML file line #20
10-30 23:56:55.006  1456  2054 W PackageParsing: Ignoring duplicate uses-permissions/uses-permissions-sdk-m:  in package: com.i6c9eafaae9cd0a13 at: Binary XML file line #22
10-30 23:56:55.006  1456  2054 W PackageParsing: Ignoring duplicate uses-permissions/uses-permissions-sdk-m:  in package: com.i6c9eafaae9cd0a13 at: Binary XML file line #27
10-30 23:56:55.007  1456  1838 E PackageManager: ERROR: could not load root hash from incremental install
10-30 23:56:55.036  1456  1838 I PackageManager: Integrity check passed for file:///data/app/vmdl1950395830.tmp
10-30 23:56:55.043  1456  1838 W PackageParsing: Ignoring duplicate uses-permissions/uses-permissions-sdk-m:  in package: com.i6c9eafaae9cd0a13 at: Binary XML file line #14
10-30 23:56:55.043  1456  1838 W PackageParsing: Ignoring duplicate uses-permissions/uses-permissions-sdk-m:  in package: com.i6c9eafaae9cd0a13 at: Binary XML file line #15
10-30 23:56:55.043  1456  1838 W PackageParsing: Ignoring duplicate uses-permissions/uses-permissions-sdk-m:  in package: com.i6c9eafaae9cd0a13 at: Binary XML file line #16
10-30 23:56:55.043  1456  1838 W PackageParsing: Ignoring duplicate uses-permissions/uses-permissions-sdk-m:  in package: com.i6c9eafaae9cd0a13 at: Binary XML file line #19
10-30 23:56:55.043  1456  1838 W PackageParsing: Ignoring duplicate uses-permissions/uses-permissions-sdk-m:  in package: com.i6c9eafaae9cd0a13 at: Binary XML file line #20
10-30 23:56:55.043  1456  1838 W PackageParsing: Ignoring duplicate uses-permissions/uses-permissions-sdk-m:  in package: com.i6c9eafaae9cd0a13 at: Binary XML file line #22
10-30 23:56:55.043  1456  1838 W PackageParsing: Ignoring duplicate uses-permissions/uses-permissions-sdk-m:  in package: com.i6c9eafaae9cd0a13 at: Binary XML file line #27
10-30 23:56:55.120  1456  1702 V StorageManagerService: Package null has legacy storage
10-30 23:56:55.239  1456  3001 W AppOps  : setUidMode() called with a mode inconsistent with runtime permission state, this is discouraged and you should revoke the runtime permission instead: uid=10127, switchCode=0, mode=4, permission=android.permission.ACCESS_BACKGROUND_LOCATION
10-30 23:56:55.304  1456  3000 W AppOps  : setUidMode() called with a mode inconsistent with runtime permission state, this is discouraged and you should revoke the runtime permission instead: uid=10127, switchCode=1, mode=4, permission=android.permission.ACCESS_BACKGROUND_LOCATION
10-30 23:56:55.306  1456  3001 W AppOps  : setUidMode() called with a mode inconsistent with runtime permission state, this is discouraged and you should revoke the runtime permission instead: uid=10127, switchCode=0, mode=4, permission=android.permission.ACCESS_BACKGROUND_LOCATION
10-30 23:56:55.451  1456  5526 I ActivityManager: Background started FGS: Allowed [callingPackage: com.google.android.apps.wellbeing; callingUid: 10121; uidState: BFGS; intent: Intent { cmp=com.google.android.apps.wellbeing/com.google.apps.tiktok.concurrent.InternalForegroundService (has extras) }; code:BACKGROUND_ACTIVITY_PERMISSION; tempAllowListReason:<null>; targetSdkVersion:33; callerTargetSdkVersion:33; startForegroundCount:0; bindFromPackage:null]
10-30 23:56:55.462  1456  1838 V BackupManagerService: [UserID:0] restoreAtInstall pkg=com.i6c9eafaae9cd0a13 token=21 restoreSet=0
10-30 23:56:55.463  1456  1838 V BackupManagerService: [UserID:0] Finishing install immediately
10-30 23:56:55.465  1456  1838 D PackageInstallerSession: Marking session 1950395830 as applied
