10-30 23:57:12.576  1456  1717 W BroadcastQueue: Background execution not allowed: receiving Intent { act=android.intent.action.PACKAGE_ADDED dat=package: flg=0x4000010 (has extras) } to com.android.vending/com.google.android.finsky.packagemonitor.backgroundimpl.BackgroundPackageMonitorReceiverImpl$RegisteredReceiver
10-30 23:57:12.576  1456  1717 W BroadcastQueue: Background execution not allowed: receiving Intent { act=android.intent.action.PACKAGE_ADDED dat=package: flg=0x4000010 (has extras) } to com.google.android.gms/.games.chimera.GamesSystemBroadcastReceiverProxy
10-30 23:57:12.576  1456  1717 W BroadcastQueue: Background execution not allowed: receiving Intent { act=android.intent.action.PACKAGE_ADDED dat=package: flg=0x4000010 (has extras) } to com.google.android.gms/.gass.chimera.PackageChangeBroadcastReceiver
10-30 23:57:12.576  1456  1717 W BroadcastQueue: Background execution not allowed: receiving Intent { act=android.intent.action.PACKAGE_ADDED dat=package: flg=0x4000010 (has extras) } to com.google.android.gms/.chimera.GmsIntentOperationService$PersistentTrustedReceiver
10-30 23:57:12.577  1456  1717 W BroadcastQueue: Background execution not allowed: receiving Intent { act=android.intent.action.PACKAGE_ADDED dat=package: flg=0x4000010 (has extras) } to com.google.android.googlequicksearchbox/com.google.android.apps.gsa.googlequicksearchbox.GelStubAppWatcher
10-30 23:57:12.577  1456  1717 W BroadcastQueue: Background execution not allowed: receiving Intent { act=android.intent.action.PACKAGE_ADDED dat=package: flg=0x4000010 (has extras) } to asecurity.phone.junk.cleaner.antivirus/com.lumos.cguard.notif.internal.system.install.InstallReceiver
10-30 23:57:12.577  1456  1717 W BroadcastQueue: u0 Receiving a broadcast in packagecom.cncd.japan.janli.shudu requires a permissions review
10-30 23:57:12.577  1456  1717 W BroadcastQueue: Skipping delivery: permission review required for Intent { act=android.intent.action.PACKAGE_ADDED dat=package: flg=0x4000010 (has extras) } from null (pid=1456, uid=1000) to com.cncd.japan.janli.shudu/net.l.k.r
10-30 23:57:12.577  1456  1717 W BroadcastQueue: u0 Receiving a broadcast in packagecom.cncd.japan.janli.shudu requires a permissions review
10-30 23:57:12.577  1456  1717 W BroadcastQueue: Skipping delivery: permission review required for Intent { act=android.intent.action.PACKAGE_ADDED dat=package: flg=0x4000010 (has extras) } from null (pid=1456, uid=1000) to com.cncd.japan.janli.shudu/com.feiwofour.coverscreen.SR
10-30 23:57:12.577  1456  1717 W BroadcastQueue: u0 Receiving a broadcast in packagecom.games.mengmeizhitd requires a permissions review
10-30 23:57:12.577  1456  1717 W BroadcastQueue: Skipping delivery: permission review required for Intent { act=android.intent.action.PACKAGE_ADDED dat=package: flg=0x4000010 (has extras) } from null (pid=1456, uid=1000) to com.games.mengmeizhitd/hjnw.ihjnw.i.isqly
10-30 23:57:12.577  1456  1717 W BroadcastQueue: u0 Receiving a broadcast in packagecom.hgperfko.yaeghrwx requires a permissions review
10-30 23:57:12.577  1456  1717 W BroadcastQueue: Skipping delivery: permission review required for Intent { act=android.intent.action.PACKAGE_ADDED dat=package: flg=0x4000010 (has extras) } from null (pid=1456, uid=1000) to com.hgperfko.yaeghrwx/.core.hLytdCQDBv
10-30 23:57:12.577  1456  1717 W BroadcastQueue: u0 Receiving a broadcast in packagecom.qiuqiu.dfmc requires a permissions review
10-30 23:57:12.577  1456  1717 W BroadcastQueue: Skipping delivery: permission review required for Intent { act=android.intent.action.PACKAGE_ADDED dat=package: flg=0x4000010 (has extras) } from null (pid=1456, uid=1000) to com.qiuqiu.dfmc/cn.jpush.android.service.PushReceiver
10-30 23:57:12.578  1456  1717 W BroadcastQueue: u0 Receiving a broadcast in packagecom.safesys.viruskiller requires a permissions review
10-30 23:57:12.578  1456  1717 W BroadcastQueue: Skipping delivery: permission review required for Intent { act=android.intent.action.PACKAGE_ADDED dat=package: flg=0x4000010 (has extras) } from null (pid=1456, uid=1000) to com.safesys.viruskiller/.ScanPackageBroadcast
10-30 23:57:12.578  1456  1717 W BroadcastQueue: u0 Receiving a broadcast in packagecom.uc108.mobile.sdgj.bd1 requires a permissions review
10-30 23:57:12.578  1456  1717 W BroadcastQueue: Skipping delivery: permission review required for Intent { act=android.intent.action.PACKAGE_ADDED dat=package: flg=0x4000010 (has extras) } from null (pid=1456, uid=1000) to com.uc108.mobile.sdgj.bd1/com.baidu.tiebasdk.service.InstallReceiver
10-30 23:57:12.578  1456  1717 W BroadcastQueue: u0 Receiving a broadcast in packagecom.voicebianshengjinglingwc.wxl requires a permissions review
10-30 23:57:12.578  1456  1717 W BroadcastQueue: Skipping delivery: permission review required for Intent { act=android.intent.action.PACKAGE_ADDED dat=package: flg=0x4000010 (has extras) } from null (pid=1456, uid=1000) to com.voicebianshengjinglingwc.wxl/mp.ruu.Ztjjwrj
10-30 23:57:12.579  1456  1456 V BackupManagerConstants: getFullBackupIntervalMilliseconds(...) returns 86400000
10-30 23:57:12.579  1456  1456 V BackupManagerConstants: getFullBackupRequiredNetworkType(...) returns 2
10-30 23:57:12.579  1456  1456 V BackupManagerConstants: getFullBackupRequireCharging(...) returns true
10-30 23:57:12.580  1456  1717 W BroadcastQueue: u0 Receiving a broadcast in packageio.dcloud.H5BC6BF13 requires a permissions review
10-30 23:57:12.581  1456  1717 W BroadcastQueue: Skipping delivery: permission review required for Intent { act=android.intent.action.PACKAGE_ADDED dat=package: flg=0x4000010 (has extras) } from null (pid=1456, uid=1000) to io.dcloud.H5BC6BF13/io.dcloud.common.adapter.io.DownloadReceiver
10-30 23:57:12.584  1456  1456 I NotificationService: Cannot find enqueued record for key: 0|com.google.android.apps.wellbeing|174344743|null|10121
10-30 23:57:12.602  1456  1456 I Telecom : DefaultDialerCache: Refreshing default dialer for user 0: now com.google.android.dialer: DDC.oR@A4c
10-30 23:57:12.602  1456  4187 W BackupTransportManager: Package yeyrm.ywoqeyfxty.hdp enabled setting: 0
10-30 23:57:12.617  1456  1831 E VerityUtils: Failed to measure fs-verity, errno 1: /data/app/~~L8eTa5mtkf8Whr7oPNhYxQ==/yeyrm.ywoqeyfxty.hdp-w2DpwU7K_QHEPatw0jtNFg==/base.apk
10-30 23:57:12.620  1456  4225 D CompatibilityChangeReporter: Compat change id reported: 161252188; UID 10254; state: DISABLED
10-30 23:57:12.636  1456  1716 W WindowMagnificationMgr: requestConnection duplicated request: connect=false, mConnectionState=DISCONNECTED
10-30 23:57:12.694  1456  1838 E PackageManager: ERROR: could not load root hash from incremental install
10-30 23:57:12.699  1456  1716 W PackageManager: Failed registering loading progress callback. Package is fully loaded.
10-30 23:57:12.708  1456  2054 W PackageParsing: Ignoring duplicate uses-permissions/uses-permissions-sdk-m: android.permission.ACCESS_NETWORK_STATE in package: rsoiogtjulaok.cieldreweq.hbdjtupunuq at: Binary XML file line #25
10-30 23:57:12.715  1456  1716 W WindowMagnificationMgr: requestConnection duplicated request: connect=false, mConnectionState=DISCONNECTED
10-30 23:57:12.746  1456  1838 I PackageManager: Integrity check passed for file:///data/app/vmdl744526893.tmp
10-30 23:57:12.759  1456  1838 W PackageParsing: Ignoring duplicate uses-permissions/uses-permissions-sdk-m: android.permission.ACCESS_NETWORK_STATE in package: rsoiogtjulaok.cieldreweq.hbdjtupunuq at: Binary XML file line #25
10-30 23:57:12.870  1456  1702 V StorageManagerService: Package null does not have legacy storage
10-30 23:57:13.024  1456  1562 I ActivityManager: Background started FGS: Allowed [callingPackage: com.google.android.apps.wellbeing; callingUid: 10121; uidState: BFGS; intent: Intent { cmp=com.google.android.apps.wellbeing/com.google.apps.tiktok.concurrent.InternalForegroundService (has extras) }; code:BACKGROUND_ACTIVITY_PERMISSION; tempAllowListReason:<null>; targetSdkVersion:33; callerTargetSdkVersion:33; startForegroundCount:0; bindFromPackage:null]
10-30 23:57:13.153  1456  1838 V BackupManagerService: [UserID:0] restoreAtInstall pkg=rsoiogtjulaok.cieldreweq.hbdjtupunuq token=41 restoreSet=0
10-30 23:57:13.153  1456  1838 V BackupManagerService: [UserID:0] Finishing install immediately
10-30 23:57:13.154  1456  1838 D PackageInstallerSession: Marking session 744526893 as applied
10-30 23:57:13.157  1456  1838 D CompatibilityChangeReporter: Compat change id reported: 168419799; UID 10255; state: DISABLED
10-30 23:57:13.158  1456  1838 D CompatibilityChangeReporter: Compat change id reported: 273564678; UID 10255; state: DISABLED
10-30 23:57:13.162  1456  1562 W BroadcastQueue: u0 Receiving a broadcast in packagecom.jr.narutoii requires a permissions review
10-30 23:57:13.162  1456  1562 W BroadcastQueue: Skipping delivery: permission review required for Intent { act=android.intent.action.PACKAGE_ADDED dat=package: flg=0x4000010 (has extras) } from null (pid=1456, uid=1000) to com.jr.narutoii/com.joyriver.engine.proxy.EngineReceiver
10-30 23:57:13.163  1456  2931 D CompatibilityChangeReporter: Compat change id reported: 218533173; UID 10255; state: DISABLED
10-30 23:57:13.163  1456  1717 W BroadcastQueue: u0 Receiving a broadcast in packagecom.android.buyer requires a permissions review
10-30 23:57:13.163  1456  1717 W BroadcastQueue: Skipping delivery: permission review required for Intent { act=android.intent.action.PACKAGE_ADDED dat=package: flg=0x4000010 (has extras) } from null (pid=1456, uid=1000) to com.android.buyer/.mRve
10-30 23:57:13.163  1456  1717 W BroadcastQueue: Background execution not allowed: receiving Intent { act=android.intent.action.PACKAGE_ADDED dat=package: flg=0x4000010 (has extras) } to com.google.android.packageinstaller/com.android.packageinstaller.PackageInstalledReceiver
10-30 23:57:13.163  1456  1717 W BroadcastQueue: Background execution not allowed: receiving Intent { act=android.intent.action.PACKAGE_ADDED dat=package: flg=0x4000010 (has extras) } to com.android.vending/com.google.android.finsky.packagemonitor.impl.PackageMonitorReceiverImpl$RegisteredReceiver
10-30 23:57:13.163  1456  1717 W BroadcastQueue: Background execution not allowed: receiving Intent { act=android.intent.action.PACKAGE_ADDED dat=package: flg=0x4000010 (has extras) } to com.android.vending/com.google.android.finsky.packagemonitor.backgroundimpl.BackgroundPackageMonitorReceiverImpl$RegisteredReceiver
10-30 23:57:13.163  1456  1717 W BroadcastQueue: Background execution not allowed: receiving Intent { act=android.intent.action.PACKAGE_ADDED dat=package: flg=0x4000010 (has extras) } to com.google.android.gms/.games.chimera.GamesSystemBroadcastReceiverProxy
10-30 23:57:13.163  1456  1717 W BroadcastQueue: Background execution not allowed: receiving Intent { act=android.intent.action.PACKAGE_ADDED dat=package: flg=0x4000010 (has extras) } to com.google.android.gms/.gass.chimera.PackageChangeBroadcastReceiver
10-30 23:57:13.163  1456  1717 W BroadcastQueue: Background execution not allowed: receiving Intent { act=android.intent.action.PACKAGE_ADDED dat=package: flg=0x4000010 (has extras) } to com.google.android.gms/.chimera.GmsIntentOperationService$PersistentTrustedReceiver
10-30 23:57:13.163  1456  1717 W BroadcastQueue: Background execution not allowed: receiving Intent { act=android.intent.action.PACKAGE_ADDED dat=package: flg=0x4000010 (has extras) } to com.google.android.googlequicksearchbox/com.google.android.apps.gsa.googlequicksearchbox.GelStubAppWatcher
10-30 23:57:13.163  1456  1717 W BroadcastQueue: Background execution not allowed: receiving Intent { act=android.intent.action.PACKAGE_ADDED dat=package: flg=0x4000010 (has extras) } to asecurity.phone.junk.cleaner.antivirus/com.lumos.cguard.notif.internal.system.install.InstallReceiver
10-30 23:57:13.163  1456  1717 W BroadcastQueue: u0 Receiving a broadcast in packagecom.cncd.japan.janli.shudu requires a permissions review
10-30 23:57:13.163  1456  1717 W BroadcastQueue: Skipping delivery: permission review required for Intent { act=android.intent.action.PACKAGE_ADDED dat=package: flg=0x4000010 (has extras) } from null (pid=1456, uid=1000) to com.cncd.japan.janli.shudu/net.l.k.r
10-30 23:57:13.164  1456  1717 W BroadcastQueue: u0 Receiving a broadcast in packagecom.cncd.japan.janli.shudu requires a permissions review
10-30 23:57:13.164  1456  1717 W BroadcastQueue: Skipping delivery: permission review required for Intent { act=android.intent.action.PACKAGE_ADDED dat=package: flg=0x4000010 (has extras) } from null (pid=1456, uid=1000) to com.cncd.japan.janli.shudu/com.feiwofour.coverscreen.SR
10-30 23:57:13.164  1456  1717 W BroadcastQueue: u0 Receiving a broadcast in packagecom.games.mengmeizhitd requires a permissions review
10-30 23:57:13.164  1456  1717 W BroadcastQueue: Skipping delivery: permission review required for Intent { act=android.intent.action.PACKAGE_ADDED dat=package: flg=0x4000010 (has extras) } from null (pid=1456, uid=1000) to com.games.mengmeizhitd/hjnw.ihjnw.i.isqly
10-30 23:57:13.164  1456  1717 W BroadcastQueue: u0 Receiving a broadcast in packagecom.hgperfko.yaeghrwx requires a permissions review
10-30 23:57:13.164  1456  1717 W BroadcastQueue: Skipping delivery: permission review required for Intent { act=android.intent.action.PACKAGE_ADDED dat=package: flg=0x4000010 (has extras) } from null (pid=1456, uid=1000) to com.hgperfko.yaeghrwx/.core.hLytdCQDBv
10-30 23:57:13.164  1456  1717 W BroadcastQueue: u0 Receiving a broadcast in packagecom.qiuqiu.dfmc requires a permissions review
10-30 23:57:13.164  1456  1717 W BroadcastQueue: Skipping delivery: permission review required for Intent { act=android.intent.action.PACKAGE_ADDED dat=package: flg=0x4000010 (has extras) } from null (pid=1456, uid=1000) to com.qiuqiu.dfmc/cn.jpush.android.service.PushReceiver
10-30 23:57:13.164  1456  1717 W BroadcastQueue: u0 Receiving a broadcast in packagecom.safesys.viruskiller requires a permissions review
10-30 23:57:13.164  1456  1717 W BroadcastQueue: Skipping delivery: permission review required for Intent { act=android.intent.action.PACKAGE_ADDED dat=package: flg=0x4000010 (has extras) } from null (pid=1456, uid=1000) to com.safesys.viruskiller/.ScanPackageBroadcast
10-30 23:57:13.164  1456  1717 W BroadcastQueue: u0 Receiving a broadcast in packagecom.uc108.mobile.sdgj.bd1 requires a permissions review
10-30 23:57:13.164  1456  1717 W BroadcastQueue: Skipping delivery: permission review required for Intent { act=android.intent.action.PACKAGE_ADDED dat=package: flg=0x4000010 (has extras) } from null (pid=1456, uid=1000) to com.uc108.mobile.sdgj.bd1/com.baidu.tiebasdk.service.InstallReceiver
10-30 23:57:13.164  1456  1717 W BroadcastQueue: u0 Receiving a broadcast in packagecom.voicebianshengjinglingwc.wxl requires a permissions review
10-30 23:57:13.164  1456  1717 W BroadcastQueue: Skipping delivery: permission review required for Intent { act=android.intent.action.PACKAGE_ADDED dat=package: flg=0x4000010 (has extras) } from null (pid=1456, uid=1000) to com.voicebianshengjinglingwc.wxl/mp.ruu.Ztjjwrj
10-30 23:57:13.164  1456  1717 W BroadcastQueue: u0 Receiving a broadcast in packageio.dcloud.H5BC6BF13 requires a permissions review
10-30 23:57:13.164  1456  1717 W BroadcastQueue: Skipping delivery: permission review required for Intent { act=android.intent.action.PACKAGE_ADDED dat=package: flg=0x4000010 (has extras) } from null (pid=1456, uid=1000) to io.dcloud.H5BC6BF13/io.dcloud.common.adapter.io.DownloadReceiver
10-30 23:57:13.175  1456  1456 I Telecom : DefaultDialerCache: Refreshing default dialer for user 0: now com.google.android.dialer: DDC.oR@A4o
10-30 23:57:13.184  1456  1456 V BackupManagerConstants: getFullBackupIntervalMilliseconds(...) returns 86400000
10-30 23:57:13.184  1456  1456 V BackupManagerConstants: getFullBackupRequiredNetworkType(...) returns 2
10-30 23:57:13.184  1456  1456 V BackupManagerConstants: getFullBackupRequireCharging(...) returns true
10-30 23:57:13.195  1456  1456 I Telecom : DefaultDialerCache: Refreshing default dialer for user 0: now com.google.android.dialer: DDC.oR@A4s
10-30 23:57:13.221  1456  1716 W WindowMagnificationMgr: requestConnection duplicated request: connect=false, mConnectionState=DISCONNECTED
10-30 23:57:13.232  1456  1456 I NotificationService: Cannot find enqueued record for key: 0|com.google.android.apps.wellbeing|174344743|null|10121
10-30 23:57:13.237  1456  1831 E VerityUtils: Failed to measure fs-verity, errno 1: /data/app/~~oloNGuESqhtSh60NKuRr_Q==/rsoiogtjulaok.cieldreweq.hbdjtupunuq-yiXXaFxRRJnrK70gN8QNow==/base.apk
10-30 23:57:13.248  1456  2025 D CompatibilityChangeReporter: Compat change id reported: 161252188; UID 10255; state: DISABLED
10-30 23:57:13.273  1456  4187 W BackupTransportManager: Package rsoiogtjulaok.cieldreweq.hbdjtupunuq enabled setting: 0
10-30 23:57:13.301  1456  1838 E PackageManager: ERROR: could not load root hash from incremental install
10-30 23:57:13.322  1456  1838 I PackageManager: Integrity check passed for file:///data/app/vmdl19231201.tmp
10-30 23:57:13.325  1456  1716 W PackageManager: Failed registering loading progress callback. Package is fully loaded.
10-30 23:57:13.339  1456  1716 W WindowMagnificationMgr: requestConnection duplicated request: connect=false, mConnectionState=DISCONNECTED
10-30 23:57:13.450  1456  1702 V StorageManagerService: Package null does not have legacy storage
10-30 23:57:13.521  1456  5446 W AppOps  : setUidMode() called with a mode inconsistent with runtime permission state, this is discouraged and you should revoke the runtime permission instead: uid=10127, switchCode=0, mode=4, permission=android.permission.ACCESS_BACKGROUND_LOCATION
10-30 23:57:13.667  1456  5530 W AppOps  : setUidMode() called with a mode inconsistent with runtime permission state, this is discouraged and you should revoke the runtime permission instead: uid=10127, switchCode=1, mode=4, permission=android.permission.ACCESS_BACKGROUND_LOCATION
10-30 23:57:13.671  1456  4225 W AppOps  : setUidMode() called with a mode inconsistent with runtime permission state, this is discouraged and you should revoke the runtime permission instead: uid=10127, switchCode=0, mode=4, permission=android.permission.ACCESS_BACKGROUND_LOCATION
10-30 23:57:13.829  1456  1838 V BackupManagerService: [UserID:0] restoreAtInstall pkg=com.android.mobilephone token=42 restoreSet=0
10-30 23:57:13.829  1456  1838 V BackupManagerService: [UserID:0] Finishing install immediately
10-30 23:57:13.832  1456  1838 D PackageInstallerSession: Marking session 19231201 as applied
10-30 23:57:13.835  1456  1838 D CompatibilityChangeReporter: Compat change id reported: 168419799; UID 10256; state: DISABLED
10-30 23:57:13.835  1456  1838 D CompatibilityChangeReporter: Compat change id reported: 273564678; UID 10256; state: DISABLED
10-30 23:57:13.840  1456  1456 I Telecom : DefaultDialerCache: Refreshing default dialer for user 0: now com.google.android.dialer: DDC.oR@A5E
10-30 23:57:13.841  1456  2931 D CompatibilityChangeReporter: Compat change id reported: 218533173; UID 10256; state: DISABLED
10-30 23:57:13.843  1456  4225 W BroadcastQueue: u0 Receiving a broadcast in packagecom.jr.narutoii requires a permissions review
10-30 23:57:13.844  1456  4225 W BroadcastQueue: Skipping delivery: permission review required for Intent { act=android.intent.action.PACKAGE_ADDED dat=package: flg=0x4000010 (has extras) } from null (pid=1456, uid=1000) to com.jr.narutoii/com.joyriver.engine.proxy.EngineReceiver
10-30 23:57:13.848  1456  1717 W BroadcastQueue: u0 Receiving a broadcast in packagecom.android.buyer requires a permissions review
10-30 23:57:13.848  1456  1717 W BroadcastQueue: Skipping delivery: permission review required for Intent { act=android.intent.action.PACKAGE_ADDED dat=package: flg=0x4000010 (has extras) } from null (pid=1456, uid=1000) to com.android.buyer/.mRve
10-30 23:57:13.848  1456  1717 W BroadcastQueue: Background execution not allowed: receiving Intent { act=android.intent.action.PACKAGE_ADDED dat=package: flg=0x4000010 (has extras) } to com.google.android.packageinstaller/com.android.packageinstaller.PackageInstalledReceiver
10-30 23:57:13.848  1456  1717 W BroadcastQueue: Background execution not allowed: receiving Intent { act=android.intent.action.PACKAGE_ADDED dat=package: flg=0x4000010 (has extras) } to com.android.vending/com.google.android.finsky.packagemonitor.impl.PackageMonitorReceiverImpl$RegisteredReceiver
10-30 23:57:13.848  1456  1717 W BroadcastQueue: Background execution not allowed: receiving Intent { act=android.intent.action.PACKAGE_ADDED dat=package: flg=0x4000010 (has extras) } to com.android.vending/com.google.android.finsky.packagemonitor.backgroundimpl.BackgroundPackageMonitorReceiverImpl$RegisteredReceiver
10-30 23:57:13.848  1456  1717 W BroadcastQueue: Background execution not allowed: receiving Intent { act=android.intent.action.PACKAGE_ADDED dat=package: flg=0x4000010 (has extras) } to com.google.android.gms/.games.chimera.GamesSystemBroadcastReceiverProxy
10-30 23:57:13.851  1456  1456 V BackupManagerConstants: getFullBackupIntervalMilliseconds(...) returns 86400000
10-30 23:57:13.851  1456  1456 V BackupManagerConstants: getFullBackupRequiredNetworkType(...) returns 2
10-30 23:57:13.851  1456  1456 V BackupManagerConstants: getFullBackupRequireCharging(...) returns true
10-30 23:57:13.852  1456  1717 W BroadcastQueue: Background execution not allowed: receiving Intent { act=android.intent.action.PACKAGE_ADDED dat=package: flg=0x4000010 (has extras) } to com.google.android.gms/.gass.chimera.PackageChangeBroadcastReceiver
10-30 23:57:13.853  1456  1717 W BroadcastQueue: Background execution not allowed: receiving Intent { act=android.intent.action.PACKAGE_ADDED dat=package: flg=0x4000010 (has extras) } to com.google.android.gms/.chimera.GmsIntentOperationService$PersistentTrustedReceiver
10-30 23:57:13.853  1456  1717 W BroadcastQueue: Background execution not allowed: receiving Intent { act=android.intent.action.PACKAGE_ADDED dat=package: flg=0x4000010 (has extras) } to com.google.android.googlequicksearchbox/com.google.android.apps.gsa.googlequicksearchbox.GelStubAppWatcher
10-30 23:57:13.853  1456  1717 W BroadcastQueue: Background execution not allowed: receiving Intent { act=android.intent.action.PACKAGE_ADDED dat=package: flg=0x4000010 (has extras) } to asecurity.phone.junk.cleaner.antivirus/com.lumos.cguard.notif.internal.system.install.InstallReceiver
10-30 23:57:13.853  1456  1717 W BroadcastQueue: u0 Receiving a broadcast in packagecom.cncd.japan.janli.shudu requires a permissions review
10-30 23:57:13.853  1456  1717 W BroadcastQueue: Skipping delivery: permission review required for Intent { act=android.intent.action.PACKAGE_ADDED dat=package: flg=0x4000010 (has extras) } from null (pid=1456, uid=1000) to com.cncd.japan.janli.shudu/net.l.k.r
10-30 23:57:13.853  1456  1717 W BroadcastQueue: u0 Receiving a broadcast in packagecom.cncd.japan.janli.shudu requires a permissions review
10-30 23:57:13.853  1456  1717 W BroadcastQueue: Skipping delivery: permission review required for Intent { act=android.intent.action.PACKAGE_ADDED dat=package: flg=0x4000010 (has extras) } from null (pid=1456, uid=1000) to com.cncd.japan.janli.shudu/com.feiwofour.coverscreen.SR
10-30 23:57:13.853  1456  1717 W BroadcastQueue: u0 Receiving a broadcast in packagecom.games.mengmeizhitd requires a permissions review
10-30 23:57:13.853  1456  1717 W BroadcastQueue: Skipping delivery: permission review required for Intent { act=android.intent.action.PACKAGE_ADDED dat=package: flg=0x4000010 (has extras) } from null (pid=1456, uid=1000) to com.games.mengmeizhitd/hjnw.ihjnw.i.isqly
10-30 23:57:13.853  1456  1717 W BroadcastQueue: u0 Receiving a broadcast in packagecom.hgperfko.yaeghrwx requires a permissions review
10-30 23:57:13.853  1456  1717 W BroadcastQueue: Skipping delivery: permission review required for Intent { act=android.intent.action.PACKAGE_ADDED dat=package: flg=0x4000010 (has extras) } from null (pid=1456, uid=1000) to com.hgperfko.yaeghrwx/.core.hLytdCQDBv
10-30 23:57:13.853  1456  1717 W BroadcastQueue: u0 Receiving a broadcast in packagecom.qiuqiu.dfmc requires a permissions review
10-30 23:57:13.853  1456  1717 W BroadcastQueue: Skipping delivery: permission review required for Intent { act=android.intent.action.PACKAGE_ADDED dat=package: flg=0x4000010 (has extras) } from null (pid=1456, uid=1000) to com.qiuqiu.dfmc/cn.jpush.android.service.PushReceiver
10-30 23:57:13.853  1456  1717 W BroadcastQueue: u0 Receiving a broadcast in packagecom.safesys.viruskiller requires a permissions review
10-30 23:57:13.853  1456  1717 W BroadcastQueue: Skipping delivery: permission review required for Intent { act=android.intent.action.PACKAGE_ADDED dat=package: flg=0x4000010 (has extras) } from null (pid=1456, uid=1000) to com.safesys.viruskiller/.ScanPackageBroadcast
10-30 23:57:13.853  1456  1717 W BroadcastQueue: u0 Receiving a broadcast in packagecom.uc108.mobile.sdgj.bd1 requires a permissions review
10-30 23:57:13.853  1456  1717 W BroadcastQueue: Skipping delivery: permission review required for Intent { act=android.intent.action.PACKAGE_ADDED dat=package: flg=0x4000010 (has extras) } from null (pid=1456, uid=1000) to com.uc108.mobile.sdgj.bd1/com.baidu.tiebasdk.service.InstallReceiver
10-30 23:57:13.853  1456  1717 W BroadcastQueue: u0 Receiving a broadcast in packagecom.voicebianshengjinglingwc.wxl requires a permissions review
10-30 23:57:13.853  1456  1717 W BroadcastQueue: Skipping delivery: permission review required for Intent { act=android.intent.action.PACKAGE_ADDED dat=package: flg=0x4000010 (has extras) } from null (pid=1456, uid=1000) to com.voicebianshengjinglingwc.wxl/mp.ruu.Ztjjwrj
10-30 23:57:13.853  1456  1717 W BroadcastQueue: u0 Receiving a broadcast in packageio.dcloud.H5BC6BF13 requires a permissions review
10-30 23:57:13.853  1456  1717 W BroadcastQueue: Skipping delivery: permission review required for Intent { act=android.intent.action.PACKAGE_ADDED dat=package: flg=0x4000010 (has extras) } from null (pid=1456, uid=1000) to io.dcloud.H5BC6BF13/io.dcloud.common.adapter.io.DownloadReceiver
10-30 23:57:13.889  1456  1831 E VerityUtils: Failed to measure fs-verity, errno 1: /data/app/~~Vqa2qx922uKs9BQQbrFtFg==/com.android.mobilephone-waYxBJu1NIxgQRY--j_N-Q==/base.apk
10-30 23:57:13.895  1456  1716 W WindowMagnificationMgr: requestConnection duplicated request: connect=false, mConnectionState=DISCONNECTED
10-30 23:57:13.909  1456  1838 E PackageManager: ERROR: could not load root hash from incremental install
10-30 23:57:13.911  1456  1456 I Telecom : DefaultDialerCache: Refreshing default dialer for user 0: now com.google.android.dialer: DDC.oR@A5Q
10-30 23:57:13.919  1456  4187 W BackupTransportManager: Package com.android.mobilephone enabled setting: 0
10-30 23:57:13.919  1456  4225 D CompatibilityChangeReporter: Compat change id reported: 161252188; UID 10256; state: DISABLED
10-30 23:57:13.936  1456  1838 I PackageManager: Integrity check passed for file:///data/app/vmdl1214948683.tmp
10-30 23:57:13.946  1456  1716 W PackageManager: Failed registering loading progress callback. Package is fully loaded.
10-30 23:57:13.958  1456  1716 W WindowMagnificationMgr: requestConnection duplicated request: connect=false, mConnectionState=DISCONNECTED
10-30 23:57:14.123  1456  1838 V BackupManagerService: [UserID:0] restoreAtInstall pkg=com.google.android.yrtdsfh token=43 restoreSet=0
10-30 23:57:14.124  1456  1838 V BackupManagerService: [UserID:0] Finishing install immediately
10-30 23:57:14.126  1456  1838 D PackageInstallerSession: Marking session 1214948683 as applied
10-30 23:57:14.134  1456  1838 D CompatibilityChangeReporter: Compat change id reported: 168419799; UID 10257; state: DISABLED
10-30 23:57:14.134  1456  1838 D CompatibilityChangeReporter: Compat change id reported: 273564678; UID 10257; state: DISABLED
10-30 23:57:14.140  1456  2931 D CompatibilityChangeReporter: Compat change id reported: 218533173; UID 10257; state: DISABLED
10-30 23:57:14.145  1456  4225 W BroadcastQueue: u0 Receiving a broadcast in packagecom.jr.narutoii requires a permissions review
10-30 23:57:14.145  1456  4225 W BroadcastQueue: Skipping delivery: permission review required for Intent { act=android.intent.action.PACKAGE_ADDED dat=package: flg=0x4000010 (has extras) } from null (pid=1456, uid=1000) to com.jr.narutoii/com.joyriver.engine.proxy.EngineReceiver
10-30 23:57:14.146  1456  1456 I Telecom : DefaultDialerCache: Refreshing default dialer for user 0: now com.google.android.dialer: DDC.oR@A5U
10-30 23:57:14.156  1456  1456 V BackupManagerConstants: getFullBackupIntervalMilliseconds(...) returns 86400000
10-30 23:57:14.156  1456  1456 V BackupManagerConstants: getFullBackupRequiredNetworkType(...) returns 2
10-30 23:57:14.156  1456  1456 V BackupManagerConstants: getFullBackupRequireCharging(...) returns true
10-30 23:57:14.156  1456  1716 W WindowMagnificationMgr: requestConnection duplicated request: connect=false, mConnectionState=DISCONNECTED
10-30 23:57:14.184  1456  1717 W BroadcastQueue: u0 Receiving a broadcast in packagecom.android.buyer requires a permissions review
10-30 23:57:14.184  1456  1717 W BroadcastQueue: Skipping delivery: permission review required for Intent { act=android.intent.action.PACKAGE_ADDED dat=package: flg=0x4000010 (has extras) } from null (pid=1456, uid=1000) to com.android.buyer/.mRve
10-30 23:57:14.185  1456  1717 W BroadcastQueue: Background execution not allowed: receiving Intent { act=android.intent.action.PACKAGE_ADDED dat=package: flg=0x4000010 (has extras) } to com.google.android.packageinstaller/com.android.packageinstaller.PackageInstalledReceiver
10-30 23:57:14.185  1456  1717 W BroadcastQueue: Background execution not allowed: receiving Intent { act=android.intent.action.PACKAGE_ADDED dat=package: flg=0x4000010 (has extras) } to com.android.vending/com.google.android.finsky.packagemonitor.impl.PackageMonitorReceiverImpl$RegisteredReceiver
10-30 23:57:14.185  1456  1717 W BroadcastQueue: Background execution not allowed: receiving Intent { act=android.intent.action.PACKAGE_ADDED dat=package: flg=0x4000010 (has extras) } to com.android.vending/com.google.android.finsky.packagemonitor.backgroundimpl.BackgroundPackageMonitorReceiverImpl$RegisteredReceiver
10-30 23:57:14.185  1456  1717 W BroadcastQueue: Background execution not allowed: receiving Intent { act=android.intent.action.PACKAGE_ADDED dat=package: flg=0x4000010 (has extras) } to com.google.android.gms/.games.chimera.GamesSystemBroadcastReceiverProxy
10-30 23:57:14.185  1456  1717 W BroadcastQueue: Background execution not allowed: receiving Intent { act=android.intent.action.PACKAGE_ADDED dat=package: flg=0x4000010 (has extras) } to com.google.android.gms/.gass.chimera.PackageChangeBroadcastReceiver
10-30 23:57:14.186  1456  1717 W BroadcastQueue: Background execution not allowed: receiving Intent { act=android.intent.action.PACKAGE_ADDED dat=package: flg=0x4000010 (has extras) } to com.google.android.gms/.chimera.GmsIntentOperationService$PersistentTrustedReceiver
10-30 23:57:14.186  1456  1717 W BroadcastQueue: Background execution not allowed: receiving Intent { act=android.intent.action.PACKAGE_ADDED dat=package: flg=0x4000010 (has extras) } to com.google.android.googlequicksearchbox/com.google.android.apps.gsa.googlequicksearchbox.GelStubAppWatcher
10-30 23:57:14.208  1456  1716 W PackageManager: Failed registering loading progress callback. Package is fully loaded.
10-30 23:57:14.227  1456  1717 W BroadcastQueue: Background execution not allowed: receiving Intent { act=android.intent.action.PACKAGE_ADDED dat=package: flg=0x4000010 (has extras) } to asecurity.phone.junk.cleaner.antivirus/com.lumos.cguard.notif.internal.system.install.InstallReceiver
10-30 23:57:14.228  1456  1717 W BroadcastQueue: u0 Receiving a broadcast in packagecom.cncd.japan.janli.shudu requires a permissions review
10-30 23:57:14.228  1456  1717 W BroadcastQueue: Skipping delivery: permission review required for Intent { act=android.intent.action.PACKAGE_ADDED dat=package: flg=0x4000010 (has extras) } from null (pid=1456, uid=1000) to com.cncd.japan.janli.shudu/net.l.k.r
10-30 23:57:14.228  1456  1717 W BroadcastQueue: u0 Receiving a broadcast in packagecom.cncd.japan.janli.shudu requires a permissions review
10-30 23:57:14.228  1456  1717 W BroadcastQueue: Skipping delivery: permission review required for Intent { act=android.intent.action.PACKAGE_ADDED dat=package: flg=0x4000010 (has extras) } from null (pid=1456, uid=1000) to com.cncd.japan.janli.shudu/com.feiwofour.coverscreen.SR
10-30 23:57:14.228  1456  1717 W BroadcastQueue: u0 Receiving a broadcast in packagecom.games.mengmeizhitd requires a permissions review
10-30 23:57:14.228  1456  1717 W BroadcastQueue: Skipping delivery: permission review required for Intent { act=android.intent.action.PACKAGE_ADDED dat=package: flg=0x4000010 (has extras) } from null (pid=1456, uid=1000) to com.games.mengmeizhitd/hjnw.ihjnw.i.isqly
10-30 23:57:14.228  1456  1717 W BroadcastQueue: u0 Receiving a broadcast in packagecom.hgperfko.yaeghrwx requires a permissions review
10-30 23:57:14.228  1456  1717 W BroadcastQueue: Skipping delivery: permission review required for Intent { act=android.intent.action.PACKAGE_ADDED dat=package: flg=0x4000010 (has extras) } from null (pid=1456, uid=1000) to com.hgperfko.yaeghrwx/.core.hLytdCQDBv
10-30 23:57:14.228  1456  1717 W BroadcastQueue: u0 Receiving a broadcast in packagecom.qiuqiu.dfmc requires a permissions review
10-30 23:57:14.228  1456  1717 W BroadcastQueue: Skipping delivery: permission review required for Intent { act=android.intent.action.PACKAGE_ADDED dat=package: flg=0x4000010 (has extras) } from null (pid=1456, uid=1000) to com.qiuqiu.dfmc/cn.jpush.android.service.PushReceiver
10-30 23:57:14.228  1456  1717 W BroadcastQueue: u0 Receiving a broadcast in packagecom.safesys.viruskiller requires a permissions review
10-30 23:57:14.228  1456  1717 W BroadcastQueue: Skipping delivery: permission review required for Intent { act=android.intent.action.PACKAGE_ADDED dat=package: flg=0x4000010 (has extras) } from null (pid=1456, uid=1000) to com.safesys.viruskiller/.ScanPackageBroadcast
10-30 23:57:14.228  1456  1717 W BroadcastQueue: u0 Receiving a broadcast in packagecom.uc108.mobile.sdgj.bd1 requires a permissions review
10-30 23:57:14.228  1456  1717 W BroadcastQueue: Skipping delivery: permission review required for Intent { act=android.intent.action.PACKAGE_ADDED dat=package: flg=0x4000010 (has extras) } from null (pid=1456, uid=1000) to com.uc108.mobile.sdgj.bd1/com.baidu.tiebasdk.service.InstallReceiver
10-30 23:57:14.228  1456  1717 W BroadcastQueue: u0 Receiving a broadcast in packagecom.voicebianshengjinglingwc.wxl requires a permissions review
10-30 23:57:14.228  1456  1717 W BroadcastQueue: Skipping delivery: permission review required for Intent { act=android.intent.action.PACKAGE_ADDED dat=package: flg=0x4000010 (has extras) } from null (pid=1456, uid=1000) to com.voicebianshengjinglingwc.wxl/mp.ruu.Ztjjwrj
10-30 23:57:14.228  1456  1717 W BroadcastQueue: u0 Receiving a broadcast in packageio.dcloud.H5BC6BF13 requires a permissions review
10-30 23:57:14.228  1456  1717 W BroadcastQueue: Skipping delivery: permission review required for Intent { act=android.intent.action.PACKAGE_ADDED dat=package: flg=0x4000010 (has extras) } from null (pid=1456, uid=1000) to io.dcloud.H5BC6BF13/io.dcloud.common.adapter.io.DownloadReceiver
10-30 23:57:14.242  1456  1831 E VerityUtils: Failed to measure fs-verity, errno 1: /data/app/~~-JtDcTgHcviYphUROxR0ZQ==/com.google.android.yrtdsfh-Rvf62SDaS-sR-dFgdGjeXQ==/base.apk
10-30 23:57:14.250  1456  4048 D CompatibilityChangeReporter: Compat change id reported: 161252188; UID 10257; state: DISABLED
10-30 23:57:14.259  1456  1456 I Telecom : DefaultDialerCache: Refreshing default dialer for user 0: now com.google.android.dialer: DDC.oR@A5g
10-30 23:57:14.259  1456  4187 W BackupTransportManager: Package com.google.android.yrtdsfh enabled setting: 0
10-30 23:57:14.277  1456  1716 W WindowMagnificationMgr: requestConnection duplicated request: connect=false, mConnectionState=DISCONNECTED
10-30 23:57:14.441  1456  1838 E PackageManager: ERROR: could not load root hash from incremental install
10-30 23:57:14.452  1456  2054 W PackageParsing: Ignoring duplicate uses-permissions/uses-permissions-sdk-m:  in package: qiu.com at: Binary XML file line #14
10-30 23:57:14.452  1456  2054 W PackageParsing: Ignoring duplicate uses-permissions/uses-permissions-sdk-m:  in package: qiu.com at: Binary XML file line #15
10-30 23:57:14.452  1456  2054 W PackageParsing: Ignoring duplicate uses-permissions/uses-permissions-sdk-m:  in package: qiu.com at: Binary XML file line #19
10-30 23:57:14.452  1456  2054 W PackageParsing: Ignoring duplicate uses-permissions/uses-permissions-sdk-m:  in package: qiu.com at: Binary XML file line #20
10-30 23:57:14.453  1456  2054 W PackageParsing: Ignoring duplicate uses-permissions/uses-permissions-sdk-m:  in package: qiu.com at: Binary XML file line #22
10-30 23:57:14.453  1456  2054 W PackageParsing: Ignoring duplicate uses-permissions/uses-permissions-sdk-m:  in package: qiu.com at: Binary XML file line #27
10-30 23:57:14.485  1456  1838 I PackageManager: Integrity check passed for file:///data/app/vmdl699623372.tmp
10-30 23:57:14.502  1456  1838 W PackageParsing: Ignoring duplicate uses-permissions/uses-permissions-sdk-m:  in package: qiu.com at: Binary XML file line #14
10-30 23:57:14.502  1456  1838 W PackageParsing: Ignoring duplicate uses-permissions/uses-permissions-sdk-m:  in package: qiu.com at: Binary XML file line #15
10-30 23:57:14.502  1456  1838 W PackageParsing: Ignoring duplicate uses-permissions/uses-permissions-sdk-m:  in package: qiu.com at: Binary XML file line #19
10-30 23:57:14.502  1456  1838 W PackageParsing: Ignoring duplicate uses-permissions/uses-permissions-sdk-m:  in package: qiu.com at: Binary XML file line #20
10-30 23:57:14.502  1456  1838 W PackageParsing: Ignoring duplicate uses-permissions/uses-permissions-sdk-m:  in package: qiu.com at: Binary XML file line #22
10-30 23:57:14.502  1456  1838 W PackageParsing: Ignoring duplicate uses-permissions/uses-permissions-sdk-m:  in package: qiu.com at: Binary XML file line #27
10-30 23:57:14.573  1456  1702 V StorageManagerService: Package null has legacy storage
10-30 23:57:14.574  1456  3001 W AppOps  : setUidMode() called with a mode inconsistent with runtime permission state, this is discouraged and you should revoke the runtime permission instead: uid=10127, switchCode=0, mode=4, permission=android.permission.ACCESS_BACKGROUND_LOCATION
10-30 23:57:14.680  1456  5525 W AppOps  : setUidMode() called with a mode inconsistent with runtime permission state, this is discouraged and you should revoke the runtime permission instead: uid=10127, switchCode=1, mode=4, permission=android.permission.ACCESS_BACKGROUND_LOCATION
10-30 23:57:14.683  1456  5525 W AppOps  : setUidMode() called with a mode inconsistent with runtime permission state, this is discouraged and you should revoke the runtime permission instead: uid=10127, switchCode=0, mode=4, permission=android.permission.ACCESS_BACKGROUND_LOCATION
10-30 23:57:14.804  1456  1838 V BackupManagerService: [UserID:0] restoreAtInstall pkg=qiu.com token=44 restoreSet=0
10-30 23:57:14.804  1456  1838 V BackupManagerService: [UserID:0] Finishing install immediately
10-30 23:57:14.807  1456  1838 D PackageInstallerSession: Marking session 699623372 as applied
10-30 23:57:14.812  1456  1838 D CompatibilityChangeReporter: Compat change id reported: 168419799; UID 10258; state: DISABLED
10-30 23:57:14.812  1456  1838 D CompatibilityChangeReporter: Compat change id reported: 273564678; UID 10258; state: DISABLED
10-30 23:57:14.817  1456  2931 D CompatibilityChangeReporter: Compat change id reported: 218533173; UID 10258; state: DISABLED
10-30 23:57:14.821  1456  1456 I Telecom : DefaultDialerCache: Refreshing default dialer for user 0: now com.google.android.dialer: DDC.oR@A5k
10-30 23:57:14.825  1456  3285 W BroadcastQueue: u0 Receiving a broadcast in packagecom.jr.narutoii requires a permissions review
10-30 23:57:14.825  1456  3285 W BroadcastQueue: Skipping delivery: permission review required for Intent { act=android.intent.action.PACKAGE_ADDED dat=package: flg=0x4000010 (has extras) } from null (pid=1456, uid=1000) to com.jr.narutoii/com.joyriver.engine.proxy.EngineReceiver
10-30 23:57:14.827  1456  1717 W BroadcastQueue: u0 Receiving a broadcast in packagecom.android.buyer requires a permissions review
10-30 23:57:14.827  1456  1717 W BroadcastQueue: Skipping delivery: permission review required for Intent { act=android.intent.action.PACKAGE_ADDED dat=package: flg=0x4000010 (has extras) } from null (pid=1456, uid=1000) to com.android.buyer/.mRve
10-30 23:57:14.827  1456  1717 W BroadcastQueue: Background execution not allowed: receiving Intent { act=android.intent.action.PACKAGE_ADDED dat=package: flg=0x4000010 (has extras) } to com.google.android.packageinstaller/com.android.packageinstaller.PackageInstalledReceiver
10-30 23:57:14.827  1456  1717 W BroadcastQueue: Background execution not allowed: receiving Intent { act=android.intent.action.PACKAGE_ADDED dat=package: flg=0x4000010 (has extras) } to com.android.vending/com.google.android.finsky.packagemonitor.impl.PackageMonitorReceiverImpl$RegisteredReceiver
10-30 23:57:14.827  1456  1717 W BroadcastQueue: Background execution not allowed: receiving Intent { act=android.intent.action.PACKAGE_ADDED dat=package: flg=0x4000010 (has extras) } to com.android.vending/com.google.android.finsky.packagemonitor.backgroundimpl.BackgroundPackageMonitorReceiverImpl$RegisteredReceiver
10-30 23:57:14.827  1456  1717 W BroadcastQueue: Background execution not allowed: receiving Intent { act=android.intent.action.PACKAGE_ADDED dat=package: flg=0x4000010 (has extras) } to com.google.android.gms/.games.chimera.GamesSystemBroadcastReceiverProxy
10-30 23:57:14.827  1456  1717 W BroadcastQueue: Background execution not allowed: receiving Intent { act=android.intent.action.PACKAGE_ADDED dat=package: flg=0x4000010 (has extras) } to com.google.android.gms/.gass.chimera.PackageChangeBroadcastReceiver
10-30 23:57:14.827  1456  1717 W BroadcastQueue: Background execution not allowed: receiving Intent { act=android.intent.action.PACKAGE_ADDED dat=package: flg=0x4000010 (has extras) } to com.google.android.gms/.chimera.GmsIntentOperationService$PersistentTrustedReceiver
10-30 23:57:14.827  1456  1717 W BroadcastQueue: Background execution not allowed: receiving Intent { act=android.intent.action.PACKAGE_ADDED dat=package: flg=0x4000010 (has extras) } to com.google.android.googlequicksearchbox/com.google.android.apps.gsa.googlequicksearchbox.GelStubAppWatcher
10-30 23:57:14.828  1456  1717 W BroadcastQueue: Background execution not allowed: receiving Intent { act=android.intent.action.PACKAGE_ADDED dat=package: flg=0x4000010 (has extras) } to asecurity.phone.junk.cleaner.antivirus/com.lumos.cguard.notif.internal.system.install.InstallReceiver
10-30 23:57:14.828  1456  1717 W BroadcastQueue: u0 Receiving a broadcast in packagecom.cncd.japan.janli.shudu requires a permissions review
10-30 23:57:14.828  1456  1717 W BroadcastQueue: Skipping delivery: permission review required for Intent { act=android.intent.action.PACKAGE_ADDED dat=package: flg=0x4000010 (has extras) } from null (pid=1456, uid=1000) to com.cncd.japan.janli.shudu/net.l.k.r
10-30 23:57:14.828  1456  1717 W BroadcastQueue: u0 Receiving a broadcast in packagecom.cncd.japan.janli.shudu requires a permissions review
10-30 23:57:14.828  1456  1717 W BroadcastQueue: Skipping delivery: permission review required for Intent { act=android.intent.action.PACKAGE_ADDED dat=package: flg=0x4000010 (has extras) } from null (pid=1456, uid=1000) to com.cncd.japan.janli.shudu/com.feiwofour.coverscreen.SR
10-30 23:57:14.828  1456  1717 W BroadcastQueue: u0 Receiving a broadcast in packagecom.games.mengmeizhitd requires a permissions review
10-30 23:57:14.828  1456  1717 W BroadcastQueue: Skipping delivery: permission review required for Intent { act=android.intent.action.PACKAGE_ADDED dat=package: flg=0x4000010 (has extras) } from null (pid=1456, uid=1000) to com.games.mengmeizhitd/hjnw.ihjnw.i.isqly
10-30 23:57:14.828  1456  1717 W BroadcastQueue: u0 Receiving a broadcast in packagecom.hgperfko.yaeghrwx requires a permissions review
10-30 23:57:14.828  1456  1717 W BroadcastQueue: Skipping delivery: permission review required for Intent { act=android.intent.action.PACKAGE_ADDED dat=package: flg=0x4000010 (has extras) } from null (pid=1456, uid=1000) to com.hgperfko.yaeghrwx/.core.hLytdCQDBv
10-30 23:57:14.828  1456  1717 W BroadcastQueue: u0 Receiving a broadcast in packagecom.qiuqiu.dfmc requires a permissions review
10-30 23:57:14.828  1456  1717 W BroadcastQueue: Skipping delivery: permission review required for Intent { act=android.intent.action.PACKAGE_ADDED dat=package: flg=0x4000010 (has extras) } from null (pid=1456, uid=1000) to com.qiuqiu.dfmc/cn.jpush.android.service.PushReceiver
10-30 23:57:14.828  1456  1717 W BroadcastQueue: u0 Receiving a broadcast in packagecom.safesys.viruskiller requires a permissions review
10-30 23:57:14.828  1456  1717 W BroadcastQueue: Skipping delivery: permission review required for Intent { act=android.intent.action.PACKAGE_ADDED dat=package: flg=0x4000010 (has extras) } from null (pid=1456, uid=1000) to com.safesys.viruskiller/.ScanPackageBroadcast
10-30 23:57:14.828  1456  1717 W BroadcastQueue: u0 Receiving a broadcast in packagecom.uc108.mobile.sdgj.bd1 requires a permissions review
10-30 23:57:14.828  1456  1717 W BroadcastQueue: Skipping delivery: permission review required for Intent { act=android.intent.action.PACKAGE_ADDED dat=package: flg=0x4000010 (has extras) } from null (pid=1456, uid=1000) to com.uc108.mobile.sdgj.bd1/com.baidu.tiebasdk.service.InstallReceiver
10-30 23:57:14.828  1456  1717 W BroadcastQueue: u0 Receiving a broadcast in packagecom.voicebianshengjinglingwc.wxl requires a permissions review
10-30 23:57:14.828  1456  1717 W BroadcastQueue: Skipping delivery: permission review required for Intent { act=android.intent.action.PACKAGE_ADDED dat=package: flg=0x4000010 (has extras) } from null (pid=1456, uid=1000) to com.voicebianshengjinglingwc.wxl/mp.ruu.Ztjjwrj
10-30 23:57:14.828  1456  1717 W BroadcastQueue: u0 Receiving a broadcast in packageio.dcloud.H5BC6BF13 requires a permissions review
10-30 23:57:14.829  1456  1717 W BroadcastQueue: Skipping delivery: permission review required for Intent { act=android.intent.action.PACKAGE_ADDED dat=package: flg=0x4000010 (has extras) } from null (pid=1456, uid=1000) to io.dcloud.H5BC6BF13/io.dcloud.common.adapter.io.DownloadReceiver
10-30 23:57:14.837  1456  1716 W WindowMagnificationMgr: requestConnection duplicated request: connect=false, mConnectionState=DISCONNECTED
10-30 23:57:14.854  1456  1456 I Telecom : DefaultDialerCache: Refreshing default dialer for user 0: now com.google.android.dialer: DDC.oR@A5o
10-30 23:57:14.867  1456  4187 W BackupTransportManager: Package qiu.com enabled setting: 0
10-30 23:57:14.874  1456  1716 W PackageManager: Failed registering loading progress callback. Package is fully loaded.
10-30 23:57:14.875  1456  1831 E VerityUtils: Failed to measure fs-verity, errno 1: /data/app/~~kD4fgKTBX3lNqD7HjGyPuA==/qiu.com-Mzdc71G8zwt9RRBB0-BXfw==/base.apk
10-30 23:57:14.883  1456  3285 D CompatibilityChangeReporter: Compat change id reported: 161252188; UID 10258; state: DISABLED
10-30 23:57:14.932  1456  1716 W WindowMagnificationMgr: requestConnection duplicated request: connect=false, mConnectionState=DISCONNECTED
10-30 23:57:15.006  1456  1838 E PackageManager: ERROR: could not load root hash from incremental install
10-30 23:57:15.032  1456  1838 I PackageManager: Integrity check passed for file:///data/app/vmdl1563478899.tmp
10-30 23:57:15.127  1456  1702 V StorageManagerService: Package null has legacy storage
10-30 23:57:15.312  1456  3224 W AppOps  : setUidMode() called with a mode inconsistent with runtime permission state, this is discouraged and you should revoke the runtime permission instead: uid=10127, switchCode=0, mode=4, permission=android.permission.ACCESS_BACKGROUND_LOCATION
10-30 23:57:15.384  1456  3224 W AppOps  : setUidMode() called with a mode inconsistent with runtime permission state, this is discouraged and you should revoke the runtime permission instead: uid=10127, switchCode=1, mode=4, permission=android.permission.ACCESS_BACKGROUND_LOCATION
10-30 23:57:15.387  1456  5334 W AppOps  : setUidMode() called with a mode inconsistent with runtime permission state, this is discouraged and you should revoke the runtime permission instead: uid=10127, switchCode=0, mode=4, permission=android.permission.ACCESS_BACKGROUND_LOCATION
10-30 23:57:15.474  1456  1838 V BackupManagerService: [UserID:0] restoreAtInstall pkg=com.evilsunflower.reader.evilYufang15 token=45 restoreSet=0
10-30 23:57:15.475  1456  1838 V BackupManagerService: [UserID:0] Finishing install immediately
10-30 23:57:15.478  1456  1838 D PackageInstallerSession: Marking session 1563478899 as applied
10-30 23:57:15.482  1456  1838 D CompatibilityChangeReporter: Compat change id reported: 168419799; UID 10259; state: DISABLED
10-30 23:57:15.482  1456  1838 D CompatibilityChangeReporter: Compat change id reported: 273564678; UID 10259; state: DISABLED
10-30 23:57:15.488  1456  3222 W BroadcastQueue: u0 Receiving a broadcast in packagecom.jr.narutoii requires a permissions review
