11-01 23:07:02.028  1403  1666 W BroadcastQueue: Background execution not allowed: receiving Intent { act=android.intent.action.PACKAGE_ADDED dat=package: flg=0x4000010 (has extras) } to com.google.android.gms/.games.chimera.GamesSystemBroadcastReceiverProxy
11-01 23:07:02.028  1403  1666 W BroadcastQueue: Background execution not allowed: receiving Intent { act=android.intent.action.PACKAGE_ADDED dat=package: flg=0x4000010 (has extras) } to com.google.android.gms/.gass.chimera.PackageChangeBroadcastReceiver
11-01 23:07:02.028  1403  1666 W BroadcastQueue: Background execution not allowed: receiving Intent { act=android.intent.action.PACKAGE_ADDED dat=package: flg=0x4000010 (has extras) } to com.google.android.gms/.chimera.GmsIntentOperationService$PersistentTrustedReceiver
11-01 23:07:02.028  1403  1666 W BroadcastQueue: Background execution not allowed: receiving Intent { act=android.intent.action.PACKAGE_ADDED dat=package: flg=0x4000010 (has extras) } to com.google.android.googlequicksearchbox/com.google.android.apps.gsa.googlequicksearchbox.GelStubAppWatcher
11-01 23:07:02.029  1403  1666 W BroadcastQueue: u0 Receiving a broadcast in packagecom.qiuqiu.dfmc requires a permissions review
11-01 23:07:02.029  1403  1666 W BroadcastQueue: Skipping delivery: permission review required for Intent { act=android.intent.action.PACKAGE_ADDED dat=package: flg=0x4000010 (has extras) } from null (pid=1403, uid=1000) to com.qiuqiu.dfmc/cn.jpush.android.service.PushReceiver
11-01 23:07:02.029  1403  1666 W BroadcastQueue: u0 Receiving a broadcast in packagecom.safesys.viruskiller requires a permissions review
11-01 23:07:02.029  1403  1666 W BroadcastQueue: Skipping delivery: permission review required for Intent { act=android.intent.action.PACKAGE_ADDED dat=package: flg=0x4000010 (has extras) } from null (pid=1403, uid=1000) to com.safesys.viruskiller/.ScanPackageBroadcast
11-01 23:07:02.035  1403  2914 D CompatibilityChangeReporter: Compat change id reported: 218533173; UID 10221; state: DISABLED
11-01 23:07:02.038  1403  1403 V BackupManagerConstants: getFullBackupIntervalMilliseconds(...) returns 86400000
11-01 23:07:02.038  1403  1403 V BackupManagerConstants: getFullBackupRequiredNetworkType(...) returns 2
11-01 23:07:02.039  1403  1403 V BackupManagerConstants: getFullBackupRequireCharging(...) returns true
11-01 23:07:02.052  1403  1786 E VerityUtils: Failed to measure fs-verity, errno 1: /data/app/~~KwhWWqPmaiB1Hf6BxP6LLw==/com.tobyyaa.superbattery-YweDGJriEXrKs6MJ9QZ9kw==/base.apk
11-01 23:07:02.066  1403  1403 I Telecom : DefaultDialerCache: Refreshing default dialer for user 0: now com.google.android.dialer: DDC.oR@Asc
11-01 23:07:02.084  1403  4163 W BackupTransportManager: Package com.tobyyaa.superbattery enabled setting: 0
11-01 23:07:02.122  1403  1665 W WindowMagnificationMgr: requestConnection duplicated request: connect=false, mConnectionState=DISCONNECTED
11-01 23:07:02.134  1403  5500 D CompatibilityChangeReporter: Compat change id reported: 161252188; UID 10221; state: DISABLED
11-01 23:07:02.191  1403  1665 D AppWidgetServiceImpl: Provider info from ComponentInfo{com.tobyyaa.superbattery/com.tobyyaa.superbattery.ShowWidget} won't be persisted.
11-01 23:07:02.210  1403  1665 W PackageManager: Failed registering loading progress callback. Package is fully loaded.
11-01 23:07:02.216  1403  1665 W WindowMagnificationMgr: requestConnection duplicated request: connect=false, mConnectionState=DISCONNECTED
11-01 23:07:02.237  1403  1665 D AppWidgetServiceImpl: Provider info from ComponentInfo{com.tobyyaa.superbattery/com.tobyyaa.superbattery.ShowWidget} won't be persisted.
11-01 23:07:02.251  1403  5500 W AppOps  : setUidMode() called with a mode inconsistent with runtime permission state, this is discouraged and you should revoke the runtime permission instead: uid=10126, switchCode=0, mode=4, permission=android.permission.ACCESS_BACKGROUND_LOCATION
11-01 23:07:02.267  1403  1790 E PackageManager: ERROR: could not load root hash from incremental install
11-01 23:07:02.278  1403  2039 W PackageParsing: Ignoring duplicate uses-permissions/uses-permissions-sdk-m:  in package: com.i6c9eafaae9cd0a13 at: Binary XML file line #14
11-01 23:07:02.278  1403  2039 W PackageParsing: Ignoring duplicate uses-permissions/uses-permissions-sdk-m:  in package: com.i6c9eafaae9cd0a13 at: Binary XML file line #15
11-01 23:07:02.278  1403  2039 W PackageParsing: Ignoring duplicate uses-permissions/uses-permissions-sdk-m:  in package: com.i6c9eafaae9cd0a13 at: Binary XML file line #16
11-01 23:07:02.278  1403  2039 W PackageParsing: Ignoring duplicate uses-permissions/uses-permissions-sdk-m:  in package: com.i6c9eafaae9cd0a13 at: Binary XML file line #19
11-01 23:07:02.278  1403  2039 W PackageParsing: Ignoring duplicate uses-permissions/uses-permissions-sdk-m:  in package: com.i6c9eafaae9cd0a13 at: Binary XML file line #20
11-01 23:07:02.278  1403  2039 W PackageParsing: Ignoring duplicate uses-permissions/uses-permissions-sdk-m:  in package: com.i6c9eafaae9cd0a13 at: Binary XML file line #22
11-01 23:07:02.278  1403  2039 W PackageParsing: Ignoring duplicate uses-permissions/uses-permissions-sdk-m:  in package: com.i6c9eafaae9cd0a13 at: Binary XML file line #27
11-01 23:07:02.307  1403  1790 I PackageManager: Integrity check passed for file:///data/app/vmdl1852064440.tmp
11-01 23:07:02.317  1403  1790 W PackageParsing: Ignoring duplicate uses-permissions/uses-permissions-sdk-m:  in package: com.i6c9eafaae9cd0a13 at: Binary XML file line #14
11-01 23:07:02.317  1403  1790 W PackageParsing: Ignoring duplicate uses-permissions/uses-permissions-sdk-m:  in package: com.i6c9eafaae9cd0a13 at: Binary XML file line #15
11-01 23:07:02.317  1403  1790 W PackageParsing: Ignoring duplicate uses-permissions/uses-permissions-sdk-m:  in package: com.i6c9eafaae9cd0a13 at: Binary XML file line #16
11-01 23:07:02.317  1403  1790 W PackageParsing: Ignoring duplicate uses-permissions/uses-permissions-sdk-m:  in package: com.i6c9eafaae9cd0a13 at: Binary XML file line #19
11-01 23:07:02.317  1403  1790 W PackageParsing: Ignoring duplicate uses-permissions/uses-permissions-sdk-m:  in package: com.i6c9eafaae9cd0a13 at: Binary XML file line #20
11-01 23:07:02.317  1403  1790 W PackageParsing: Ignoring duplicate uses-permissions/uses-permissions-sdk-m:  in package: com.i6c9eafaae9cd0a13 at: Binary XML file line #22
11-01 23:07:02.317  1403  1790 W PackageParsing: Ignoring duplicate uses-permissions/uses-permissions-sdk-m:  in package: com.i6c9eafaae9cd0a13 at: Binary XML file line #27
11-01 23:07:02.383  1403  1651 V StorageManagerService: Package null has legacy storage
11-01 23:07:02.401  1403  3597 W AppOps  : setUidMode() called with a mode inconsistent with runtime permission state, this is discouraged and you should revoke the runtime permission instead: uid=10126, switchCode=1, mode=4, permission=android.permission.ACCESS_BACKGROUND_LOCATION
11-01 23:07:02.404  1403  5520 W AppOps  : setUidMode() called with a mode inconsistent with runtime permission state, this is discouraged and you should revoke the runtime permission instead: uid=10126, switchCode=0, mode=4, permission=android.permission.ACCESS_BACKGROUND_LOCATION
11-01 23:07:02.433  1403  3597 I ActivityManager: Background started FGS: Allowed [callingPackage: com.google.android.apps.wellbeing; callingUid: 10120; uidState: BFGS; intent: Intent { cmp=com.google.android.apps.wellbeing/com.google.apps.tiktok.concurrent.InternalForegroundService (has extras) }; code:BACKGROUND_ACTIVITY_PERMISSION; tempAllowListReason:<null>; targetSdkVersion:33; callerTargetSdkVersion:33; startForegroundCount:0; bindFromPackage:null]
11-01 23:07:02.619  1403  2986 I ActivityManager: Background started FGS: Allowed [callingPackage: com.google.android.apps.wellbeing; callingUid: 10120; uidState: BFGS; intent: Intent { cmp=com.google.android.apps.wellbeing/com.google.apps.tiktok.concurrent.InternalForegroundService (has extras) }; code:BACKGROUND_ACTIVITY_PERMISSION; tempAllowListReason:<null>; targetSdkVersion:33; callerTargetSdkVersion:33; startForegroundCount:0; bindFromPackage:null]
11-01 23:07:02.642  1403  1403 I NotificationService: Cannot find enqueued record for key: 0|com.google.android.apps.wellbeing|174344743|null|10120
11-01 23:07:02.665  1403  1790 V BackupManagerService: [UserID:0] restoreAtInstall pkg=com.i6c9eafaae9cd0a13 token=20 restoreSet=0
11-01 23:07:02.666  1403  1790 V BackupManagerService: [UserID:0] Finishing install immediately
11-01 23:07:02.668  1403  1790 D PackageInstallerSession: Marking session 1852064440 as applied
11-01 23:07:02.673  1403  1790 D CompatibilityChangeReporter: Compat change id reported: 168419799; UID 10222; state: DISABLED
11-01 23:07:02.673  1403  1790 D CompatibilityChangeReporter: Compat change id reported: 273564678; UID 10222; state: DISABLED
11-01 23:07:02.677  1403  2914 D CompatibilityChangeReporter: Compat change id reported: 218533173; UID 10222; state: DISABLED
11-01 23:07:02.679  1403  1665 W WindowMagnificationMgr: requestConnection duplicated request: connect=false, mConnectionState=DISCONNECTED
11-01 23:07:02.682  1403  1403 I Telecom : DefaultDialerCache: Refreshing default dialer for user 0: now com.google.android.dialer: DDC.oR@Asw
11-01 23:07:02.687  1403  4187 W BroadcastQueue: u0 Receiving a broadcast in packagecom.android.buyer requires a permissions review
11-01 23:07:02.687  1403  4187 W BroadcastQueue: Skipping delivery: permission review required for Intent { act=android.intent.action.PACKAGE_ADDED dat=package: flg=0x4000010 (has extras) } from null (pid=1403, uid=1000) to com.android.buyer/.mRve
11-01 23:07:02.688  1403  1666 W BroadcastQueue: Background execution not allowed: receiving Intent { act=android.intent.action.PACKAGE_ADDED dat=package: flg=0x4000010 (has extras) } to com.google.android.packageinstaller/com.android.packageinstaller.PackageInstalledReceiver
11-01 23:07:02.688  1403  1666 W BroadcastQueue: Background execution not allowed: receiving Intent { act=android.intent.action.PACKAGE_ADDED dat=package: flg=0x4000010 (has extras) } to com.android.vending/com.google.android.finsky.packagemonitor.impl.PackageMonitorReceiverImpl$RegisteredReceiver
11-01 23:07:02.688  1403  1666 W BroadcastQueue: Background execution not allowed: receiving Intent { act=android.intent.action.PACKAGE_ADDED dat=package: flg=0x4000010 (has extras) } to com.android.vending/com.google.android.finsky.packagemonitor.backgroundimpl.BackgroundPackageMonitorReceiverImpl$RegisteredReceiver
11-01 23:07:02.688  1403  1666 W BroadcastQueue: Background execution not allowed: receiving Intent { act=android.intent.action.PACKAGE_ADDED dat=package: flg=0x4000010 (has extras) } to com.google.android.gms/.games.chimera.GamesSystemBroadcastReceiverProxy
11-01 23:07:02.688  1403  1666 W BroadcastQueue: Background execution not allowed: receiving Intent { act=android.intent.action.PACKAGE_ADDED dat=package: flg=0x4000010 (has extras) } to com.google.android.gms/.gass.chimera.PackageChangeBroadcastReceiver
11-01 23:07:02.689  1403  1666 W BroadcastQueue: Background execution not allowed: receiving Intent { act=android.intent.action.PACKAGE_ADDED dat=package: flg=0x4000010 (has extras) } to com.google.android.gms/.chimera.GmsIntentOperationService$PersistentTrustedReceiver
11-01 23:07:02.689  1403  1666 W BroadcastQueue: Background execution not allowed: receiving Intent { act=android.intent.action.PACKAGE_ADDED dat=package: flg=0x4000010 (has extras) } to com.google.android.googlequicksearchbox/com.google.android.apps.gsa.googlequicksearchbox.GelStubAppWatcher
11-01 23:07:02.689  1403  1666 W BroadcastQueue: u0 Receiving a broadcast in packagecom.qiuqiu.dfmc requires a permissions review
11-01 23:07:02.689  1403  1666 W BroadcastQueue: Skipping delivery: permission review required for Intent { act=android.intent.action.PACKAGE_ADDED dat=package: flg=0x4000010 (has extras) } from null (pid=1403, uid=1000) to com.qiuqiu.dfmc/cn.jpush.android.service.PushReceiver
11-01 23:07:02.689  1403  1666 W BroadcastQueue: u0 Receiving a broadcast in packagecom.safesys.viruskiller requires a permissions review
11-01 23:07:02.689  1403  1666 W BroadcastQueue: Skipping delivery: permission review required for Intent { act=android.intent.action.PACKAGE_ADDED dat=package: flg=0x4000010 (has extras) } from null (pid=1403, uid=1000) to com.safesys.viruskiller/.ScanPackageBroadcast
11-01 23:07:02.703  1403  1665 W PackageManager: Failed registering loading progress callback. Package is fully loaded.
11-01 23:07:02.719  1403  1665 W WindowMagnificationMgr: requestConnection duplicated request: connect=false, mConnectionState=DISCONNECTED
11-01 23:07:02.721  1403  1786 E VerityUtils: Failed to measure fs-verity, errno 1: /data/app/~~5esZ-CA6hwHguLwvD2SITA==/com.i6c9eafaae9cd0a13-SI1OIDGOr8JUYY2qdln1Gw==/base.apk
11-01 23:07:02.744  1403  1403 I Telecom : DefaultDialerCache: Refreshing default dialer for user 0: now com.google.android.dialer: DDC.oR@As0
11-01 23:07:02.757  1403  5520 D CompatibilityChangeReporter: Compat change id reported: 161252188; UID 10222; state: DISABLED
11-01 23:07:02.759  1403  4163 W BackupTransportManager: Package com.i6c9eafaae9cd0a13 enabled setting: 0
11-01 23:07:02.826  1403  1403 I NotificationService: Cannot find enqueued record for key: 0|com.google.android.apps.wellbeing|174344743|null|10120
11-01 23:07:02.842  1403  1790 E PackageManager: ERROR: could not load root hash from incremental install
11-01 23:07:02.872  1403  1790 I PackageManager: Integrity check passed for file:///data/app/vmdl2599470.tmp
11-01 23:07:02.946  1403  1651 V StorageManagerService: Package null has legacy storage
11-01 23:07:03.091  1403  1790 V BackupManagerService: [UserID:0] restoreAtInstall pkg=com.keji.danti424 token=21 restoreSet=0
11-01 23:07:03.092  1403  1790 V BackupManagerService: [UserID:0] Finishing install immediately
11-01 23:07:03.093  1403  1790 D PackageInstallerSession: Marking session 2599470 as applied
11-01 23:07:03.095  1403  1790 D CompatibilityChangeReporter: Compat change id reported: 168419799; UID 10223; state: DISABLED
11-01 23:07:03.095  1403  1790 D CompatibilityChangeReporter: Compat change id reported: 273564678; UID 10223; state: DISABLED
11-01 23:07:03.104  1403  2914 D CompatibilityChangeReporter: Compat change id reported: 218533173; UID 10223; state: DISABLED
11-01 23:07:03.105  1403  1403 I Telecom : DefaultDialerCache: Refreshing default dialer for user 0: now com.google.android.dialer: DDC.oR@AtI
11-01 23:07:03.111  1403  1403 V BackupManagerConstants: getFullBackupIntervalMilliseconds(...) returns 86400000
11-01 23:07:03.111  1403  1403 V BackupManagerConstants: getFullBackupRequiredNetworkType(...) returns 2
11-01 23:07:03.111  1403  1403 V BackupManagerConstants: getFullBackupRequireCharging(...) returns true
11-01 23:07:03.112  1403  2985 W BroadcastQueue: u0 Receiving a broadcast in packagecom.android.buyer requires a permissions review
11-01 23:07:03.112  1403  2985 W BroadcastQueue: Skipping delivery: permission review required for Intent { act=android.intent.action.PACKAGE_ADDED dat=package: flg=0x4000010 (has extras) } from null (pid=1403, uid=1000) to com.android.buyer/.mRve
11-01 23:07:03.117  1403  1666 W BroadcastQueue: Background execution not allowed: receiving Intent { act=android.intent.action.PACKAGE_ADDED dat=package: flg=0x4000010 (has extras) } to com.google.android.packageinstaller/com.android.packageinstaller.PackageInstalledReceiver
11-01 23:07:03.117  1403  1666 W BroadcastQueue: Background execution not allowed: receiving Intent { act=android.intent.action.PACKAGE_ADDED dat=package: flg=0x4000010 (has extras) } to com.android.vending/com.google.android.finsky.packagemonitor.impl.PackageMonitorReceiverImpl$RegisteredReceiver
11-01 23:07:03.118  1403  1666 W BroadcastQueue: Background execution not allowed: receiving Intent { act=android.intent.action.PACKAGE_ADDED dat=package: flg=0x4000010 (has extras) } to com.android.vending/com.google.android.finsky.packagemonitor.backgroundimpl.BackgroundPackageMonitorReceiverImpl$RegisteredReceiver
11-01 23:07:03.118  1403  1666 W BroadcastQueue: Background execution not allowed: receiving Intent { act=android.intent.action.PACKAGE_ADDED dat=package: flg=0x4000010 (has extras) } to com.google.android.gms/.games.chimera.GamesSystemBroadcastReceiverProxy
11-01 23:07:03.118  1403  1666 W BroadcastQueue: Background execution not allowed: receiving Intent { act=android.intent.action.PACKAGE_ADDED dat=package: flg=0x4000010 (has extras) } to com.google.android.gms/.gass.chimera.PackageChangeBroadcastReceiver
11-01 23:07:03.118  1403  1666 W BroadcastQueue: Background execution not allowed: receiving Intent { act=android.intent.action.PACKAGE_ADDED dat=package: flg=0x4000010 (has extras) } to com.google.android.gms/.chimera.GmsIntentOperationService$PersistentTrustedReceiver
11-01 23:07:03.118  1403  1666 W BroadcastQueue: Background execution not allowed: receiving Intent { act=android.intent.action.PACKAGE_ADDED dat=package: flg=0x4000010 (has extras) } to com.google.android.googlequicksearchbox/com.google.android.apps.gsa.googlequicksearchbox.GelStubAppWatcher
11-01 23:07:03.118  1403  1666 W BroadcastQueue: u0 Receiving a broadcast in packagecom.qiuqiu.dfmc requires a permissions review
11-01 23:07:03.118  1403  1666 W BroadcastQueue: Skipping delivery: permission review required for Intent { act=android.intent.action.PACKAGE_ADDED dat=package: flg=0x4000010 (has extras) } from null (pid=1403, uid=1000) to com.qiuqiu.dfmc/cn.jpush.android.service.PushReceiver
11-01 23:07:03.118  1403  1666 W BroadcastQueue: u0 Receiving a broadcast in packagecom.safesys.viruskiller requires a permissions review
11-01 23:07:03.118  1403  1666 W BroadcastQueue: Skipping delivery: permission review required for Intent { act=android.intent.action.PACKAGE_ADDED dat=package: flg=0x4000010 (has extras) } from null (pid=1403, uid=1000) to com.safesys.viruskiller/.ScanPackageBroadcast
11-01 23:07:03.135  1403  1665 W WindowMagnificationMgr: requestConnection duplicated request: connect=false, mConnectionState=DISCONNECTED
11-01 23:07:03.141  1403  1786 E VerityUtils: Failed to measure fs-verity, errno 1: /data/app/~~j-jNA_j9q8HLiODbgDi-6A==/com.keji.danti424-dRFCqxdrs6l1NQDC2xdVIw==/base.apk
11-01 23:07:03.167  1403  7135 D CompatibilityChangeReporter: Compat change id reported: 161252188; UID 10223; state: DISABLED
11-01 23:07:03.195  1403  1403 I Telecom : DefaultDialerCache: Refreshing default dialer for user 0: now com.google.android.dialer: DDC.oR@AtU
11-01 23:07:03.195  1403  4163 W BackupTransportManager: Package com.keji.danti424 enabled setting: 0
11-01 23:07:03.214  1403  1665 W PackageManager: Failed registering loading progress callback. Package is fully loaded.
11-01 23:07:03.220  1403  1665 W WindowMagnificationMgr: requestConnection duplicated request: connect=false, mConnectionState=DISCONNECTED
11-01 23:07:03.265  1403  1790 E PackageManager: ERROR: could not load root hash from incremental install
11-01 23:07:03.287  1403  1790 I PackageManager: Integrity check passed for file:///data/app/vmdl1384110787.tmp
11-01 23:07:03.394  1403  1651 V StorageManagerService: Package null has legacy storage
11-01 23:07:03.415  1403  3597 W AppOps  : setUidMode() called with a mode inconsistent with runtime permission state, this is discouraged and you should revoke the runtime permission instead: uid=10126, switchCode=0, mode=4, permission=android.permission.ACCESS_BACKGROUND_LOCATION
11-01 23:07:03.519  1403  1790 V BackupManagerService: [UserID:0] restoreAtInstall pkg=com.keji.danti672 token=22 restoreSet=0
11-01 23:07:03.520  1403  1790 V BackupManagerService: [UserID:0] Finishing install immediately
11-01 23:07:03.521  1403  1790 D PackageInstallerSession: Marking session 1384110787 as applied
11-01 23:07:03.523  1403  7135 W AppOps  : setUidMode() called with a mode inconsistent with runtime permission state, this is discouraged and you should revoke the runtime permission instead: uid=10126, switchCode=1, mode=4, permission=android.permission.ACCESS_BACKGROUND_LOCATION
11-01 23:07:03.525  1403  1790 D CompatibilityChangeReporter: Compat change id reported: 168419799; UID 10224; state: DISABLED
11-01 23:07:03.525  1403  1790 D CompatibilityChangeReporter: Compat change id reported: 273564678; UID 10224; state: DISABLED
11-01 23:07:03.528  1403  7135 W AppOps  : setUidMode() called with a mode inconsistent with runtime permission state, this is discouraged and you should revoke the runtime permission instead: uid=10126, switchCode=0, mode=4, permission=android.permission.ACCESS_BACKGROUND_LOCATION
11-01 23:07:03.532  1403  2914 D CompatibilityChangeReporter: Compat change id reported: 218533173; UID 10224; state: DISABLED
11-01 23:07:03.536  1403  1403 I Telecom : DefaultDialerCache: Refreshing default dialer for user 0: now com.google.android.dialer: DDC.oR@AtY
11-01 23:07:03.536  1403  5504 W BroadcastQueue: u0 Receiving a broadcast in packagecom.android.buyer requires a permissions review
11-01 23:07:03.536  1403  5504 W BroadcastQueue: Skipping delivery: permission review required for Intent { act=android.intent.action.PACKAGE_ADDED dat=package: flg=0x4000010 (has extras) } from null (pid=1403, uid=1000) to com.android.buyer/.mRve
11-01 23:07:03.541  1403  1666 W BroadcastQueue: Background execution not allowed: receiving Intent { act=android.intent.action.PACKAGE_ADDED dat=package: flg=0x4000010 (has extras) } to com.google.android.packageinstaller/com.android.packageinstaller.PackageInstalledReceiver
11-01 23:07:03.544  1403  1403 V BackupManagerConstants: getFullBackupIntervalMilliseconds(...) returns 86400000
11-01 23:07:03.545  1403  1403 V BackupManagerConstants: getFullBackupRequiredNetworkType(...) returns 2
11-01 23:07:03.545  1403  1403 V BackupManagerConstants: getFullBackupRequireCharging(...) returns true
11-01 23:07:03.547  1403  1666 W BroadcastQueue: Background execution not allowed: receiving Intent { act=android.intent.action.PACKAGE_ADDED dat=package: flg=0x4000010 (has extras) } to com.android.vending/com.google.android.finsky.packagemonitor.impl.PackageMonitorReceiverImpl$RegisteredReceiver
11-01 23:07:03.547  1403  1666 W BroadcastQueue: Background execution not allowed: receiving Intent { act=android.intent.action.PACKAGE_ADDED dat=package: flg=0x4000010 (has extras) } to com.android.vending/com.google.android.finsky.packagemonitor.backgroundimpl.BackgroundPackageMonitorReceiverImpl$RegisteredReceiver
11-01 23:07:03.547  1403  1666 W BroadcastQueue: Background execution not allowed: receiving Intent { act=android.intent.action.PACKAGE_ADDED dat=package: flg=0x4000010 (has extras) } to com.google.android.gms/.games.chimera.GamesSystemBroadcastReceiverProxy
11-01 23:07:03.547  1403  1666 W BroadcastQueue: Background execution not allowed: receiving Intent { act=android.intent.action.PACKAGE_ADDED dat=package: flg=0x4000010 (has extras) } to com.google.android.gms/.gass.chimera.PackageChangeBroadcastReceiver
11-01 23:07:03.547  1403  1666 W BroadcastQueue: Background execution not allowed: receiving Intent { act=android.intent.action.PACKAGE_ADDED dat=package: flg=0x4000010 (has extras) } to com.google.android.gms/.chimera.GmsIntentOperationService$PersistentTrustedReceiver
11-01 23:07:03.560  1403  1666 W BroadcastQueue: Background execution not allowed: receiving Intent { act=android.intent.action.PACKAGE_ADDED dat=package: flg=0x4000010 (has extras) } to com.google.android.googlequicksearchbox/com.google.android.apps.gsa.googlequicksearchbox.GelStubAppWatcher
11-01 23:07:03.562  1403  1666 W BroadcastQueue: u0 Receiving a broadcast in packagecom.qiuqiu.dfmc requires a permissions review
11-01 23:07:03.562  1403  1666 W BroadcastQueue: Skipping delivery: permission review required for Intent { act=android.intent.action.PACKAGE_ADDED dat=package: flg=0x4000010 (has extras) } from null (pid=1403, uid=1000) to com.qiuqiu.dfmc/cn.jpush.android.service.PushReceiver
11-01 23:07:03.562  1403  1666 W BroadcastQueue: u0 Receiving a broadcast in packagecom.safesys.viruskiller requires a permissions review
11-01 23:07:03.562  1403  1666 W BroadcastQueue: Skipping delivery: permission review required for Intent { act=android.intent.action.PACKAGE_ADDED dat=package: flg=0x4000010 (has extras) } from null (pid=1403, uid=1000) to com.safesys.viruskiller/.ScanPackageBroadcast
11-01 23:07:03.566  1403  1403 I Telecom : DefaultDialerCache: Refreshing default dialer for user 0: now com.google.android.dialer: DDC.oR@Atc
11-01 23:07:03.567  1403  4163 W BackupTransportManager: Package com.keji.danti672 enabled setting: 0
11-01 23:07:03.577  1403  1665 W WindowMagnificationMgr: requestConnection duplicated request: connect=false, mConnectionState=DISCONNECTED
11-01 23:07:03.578  1403  1786 E VerityUtils: Failed to measure fs-verity, errno 1: /data/app/~~zOueyvpnOKtYwKKgG0FxWw==/com.keji.danti672-ITiBiyVeLTuXMqsR7zSAtQ==/base.apk
11-01 23:07:03.589  1403  1472 D CompatibilityChangeReporter: Compat change id reported: 161252188; UID 10224; state: DISABLED
11-01 23:07:03.675  1403  1665 W PackageManager: Failed registering loading progress callback. Package is fully loaded.
11-01 23:07:03.675  1403  1790 E PackageManager: ERROR: could not load root hash from incremental install
11-01 23:07:03.681  1403  1665 W WindowMagnificationMgr: requestConnection duplicated request: connect=false, mConnectionState=DISCONNECTED
11-01 23:07:03.693  1403  1790 I PackageManager: Integrity check passed for file:///data/app/vmdl1180838246.tmp
11-01 23:07:03.777  1403  1651 V StorageManagerService: Package null has legacy storage
11-01 23:07:03.899  1403  1790 V BackupManagerService: [UserID:0] restoreAtInstall pkg=android.dds.com token=23 restoreSet=0
11-01 23:07:03.904  1403  1790 V BackupManagerService: [UserID:0] Finishing install immediately
11-01 23:07:03.908  1403  1790 D PackageInstallerSession: Marking session 1180838246 as applied
11-01 23:07:03.910  1403  1790 D CompatibilityChangeReporter: Compat change id reported: 168419799; UID 10225; state: DISABLED
11-01 23:07:03.910  1403  1790 D CompatibilityChangeReporter: Compat change id reported: 273564678; UID 10225; state: DISABLED
11-01 23:07:03.921  1403  2914 D CompatibilityChangeReporter: Compat change id reported: 218533173; UID 10225; state: DISABLED
11-01 23:07:03.925  1403  1403 I Telecom : DefaultDialerCache: Refreshing default dialer for user 0: now com.google.android.dialer: DDC.oR@Ato
11-01 23:07:03.927  1403  1403 V BackupManagerConstants: getFullBackupIntervalMilliseconds(...) returns 86400000
11-01 23:07:03.927  1403  1403 V BackupManagerConstants: getFullBackupRequiredNetworkType(...) returns 2
11-01 23:07:03.927  1403  1403 V BackupManagerConstants: getFullBackupRequireCharging(...) returns true
11-01 23:07:03.941  1403  2984 W BroadcastQueue: u0 Receiving a broadcast in packagecom.android.buyer requires a permissions review
11-01 23:07:03.941  1403  2984 W BroadcastQueue: Skipping delivery: permission review required for Intent { act=android.intent.action.PACKAGE_ADDED dat=package: flg=0x4000010 (has extras) } from null (pid=1403, uid=1000) to com.android.buyer/.mRve
11-01 23:07:03.947  1403  1666 W BroadcastQueue: Background execution not allowed: receiving Intent { act=android.intent.action.PACKAGE_ADDED dat=package: flg=0x4000010 (has extras) } to com.google.android.packageinstaller/com.android.packageinstaller.PackageInstalledReceiver
11-01 23:07:03.947  1403  1666 W BroadcastQueue: Background execution not allowed: receiving Intent { act=android.intent.action.PACKAGE_ADDED dat=package: flg=0x4000010 (has extras) } to com.android.vending/com.google.android.finsky.packagemonitor.impl.PackageMonitorReceiverImpl$RegisteredReceiver
11-01 23:07:03.947  1403  1666 W BroadcastQueue: Background execution not allowed: receiving Intent { act=android.intent.action.PACKAGE_ADDED dat=package: flg=0x4000010 (has extras) } to com.android.vending/com.google.android.finsky.packagemonitor.backgroundimpl.BackgroundPackageMonitorReceiverImpl$RegisteredReceiver
11-01 23:07:03.947  1403  1666 W BroadcastQueue: Background execution not allowed: receiving Intent { act=android.intent.action.PACKAGE_ADDED dat=package: flg=0x4000010 (has extras) } to com.google.android.gms/.games.chimera.GamesSystemBroadcastReceiverProxy
11-01 23:07:03.947  1403  1666 W BroadcastQueue: Background execution not allowed: receiving Intent { act=android.intent.action.PACKAGE_ADDED dat=package: flg=0x4000010 (has extras) } to com.google.android.gms/.gass.chimera.PackageChangeBroadcastReceiver
11-01 23:07:03.957  1403  1403 I Telecom : DefaultDialerCache: Refreshing default dialer for user 0: now com.google.android.dialer: DDC.oR@Ats
11-01 23:07:03.960  1403  4163 W BackupTransportManager: Package android.dds.com enabled setting: 0
11-01 23:07:03.960  1403  1666 W BroadcastQueue: Background execution not allowed: receiving Intent { act=android.intent.action.PACKAGE_ADDED dat=package: flg=0x4000010 (has extras) } to com.google.android.gms/.chimera.GmsIntentOperationService$PersistentTrustedReceiver
11-01 23:07:03.968  1403  1786 E VerityUtils: Failed to measure fs-verity, errno 1: /data/app/~~_CD5_AI7LONfmAU1uU7C4A==/android.dds.com-ZsYMyeiA0TDyi4NbuhK2og==/base.apk
11-01 23:07:03.970  1403  1666 W BroadcastQueue: Background execution not allowed: receiving Intent { act=android.intent.action.PACKAGE_ADDED dat=package: flg=0x4000010 (has extras) } to com.google.android.googlequicksearchbox/com.google.android.apps.gsa.googlequicksearchbox.GelStubAppWatcher
11-01 23:07:03.970  1403  1666 W BroadcastQueue: u0 Receiving a broadcast in packagecom.qiuqiu.dfmc requires a permissions review
11-01 23:07:03.970  1403  1666 W BroadcastQueue: Skipping delivery: permission review required for Intent { act=android.intent.action.PACKAGE_ADDED dat=package: flg=0x4000010 (has extras) } from null (pid=1403, uid=1000) to com.qiuqiu.dfmc/cn.jpush.android.service.PushReceiver
11-01 23:07:03.970  1403  1666 W BroadcastQueue: u0 Receiving a broadcast in packagecom.safesys.viruskiller requires a permissions review
11-01 23:07:03.970  1403  1666 W BroadcastQueue: Skipping delivery: permission review required for Intent { act=android.intent.action.PACKAGE_ADDED dat=package: flg=0x4000010 (has extras) } from null (pid=1403, uid=1000) to com.safesys.viruskiller/.ScanPackageBroadcast
11-01 23:07:03.984  1403  5500 D OomAdjuster: Not killing cached processes
11-01 23:07:03.993  1403  5500 D CompatibilityChangeReporter: Compat change id reported: 161252188; UID 10225; state: DISABLED
11-01 23:07:04.021  1403  1472 I ActivityManager: Background started FGS: Allowed [callingPackage: com.google.android.apps.wellbeing; callingUid: 10120; uidState: BFGS; intent: Intent { cmp=com.google.android.apps.wellbeing/com.google.apps.tiktok.concurrent.InternalForegroundService (has extras) }; code:BACKGROUND_ACTIVITY_PERMISSION; tempAllowListReason:<null>; targetSdkVersion:33; callerTargetSdkVersion:33; startForegroundCount:0; bindFromPackage:null]
11-01 23:07:04.068  1403  1790 E PackageManager: ERROR: could not load root hash from incremental install
11-01 23:07:04.076  1403  2039 W PackageParsing: Ignoring duplicate uses-permissions/uses-permissions-sdk-m: android.permission.INTERNET in package: com.uwz.ihrork at: Binary XML file line #16
11-01 23:07:04.076  1403  2039 W PackageParsing: Ignoring duplicate uses-permissions/uses-permissions-sdk-m: android.permission.WRITE_EXTERNAL_STORAGE in package: com.uwz.ihrork at: Binary XML file line #33
11-01 23:07:04.076  1403  2039 W PackageParsing: Ignoring duplicate uses-permissions/uses-permissions-sdk-m: android.permission.INTERNET in package: com.uwz.ihrork at: Binary XML file line #35
11-01 23:07:04.076  1403  2039 W PackageParsing: Ignoring duplicate uses-permissions/uses-permissions-sdk-m: android.permission.READ_EXTERNAL_STORAGE in package: com.uwz.ihrork at: Binary XML file line #36
11-01 23:07:04.076  1403  2039 W PackageParsing: Ignoring duplicate uses-permissions/uses-permissions-sdk-m: android.permission.WRITE_EXTERNAL_STORAGE in package: com.uwz.ihrork at: Binary XML file line #37
11-01 23:07:04.076  1403  2039 W PackageParsing: Ignoring duplicate uses-permissions/uses-permissions-sdk-m: android.permission.SEND_SMS in package: com.uwz.ihrork at: Binary XML file line #38
11-01 23:07:04.076  1403  2039 W PackageParsing: Ignoring duplicate uses-permissions/uses-permissions-sdk-m: android.permission.READ_SMS in package: com.uwz.ihrork at: Binary XML file line #39
11-01 23:07:04.076  1403  2039 W PackageParsing: Ignoring duplicate uses-permissions/uses-permissions-sdk-m: android.permission.RECEIVE_SMS in package: com.uwz.ihrork at: Binary XML file line #40
11-01 23:07:04.076  1403  2039 W PackageParsing: Ignoring duplicate uses-permissions/uses-permissions-sdk-m: android.permission.WRITE_SMS in package: com.uwz.ihrork at: Binary XML file line #41
11-01 23:07:04.077  1403  2039 W PackageParsing: Ignoring duplicate uses-permissions/uses-permissions-sdk-m: android.permission.ACCESS_WIFI_STATE in package: com.uwz.ihrork at: Binary XML file line #42
11-01 23:07:04.077  1403  2039 W PackageParsing: Ignoring duplicate uses-permissions/uses-permissions-sdk-m: android.permission.CHANGE_NETWORK_STATE in package: com.uwz.ihrork at: Binary XML file line #43
11-01 23:07:04.077  1403  2039 W PackageParsing: Ignoring duplicate uses-permissions/uses-permissions-sdk-m: android.permission.CHANGE_WIFI_STATE in package: com.uwz.ihrork at: Binary XML file line #44
11-01 23:07:04.077  1403  2039 W PackageParsing: Ignoring duplicate uses-permissions/uses-permissions-sdk-m: android.permission.ACCESS_NETWORK_STATE in package: com.uwz.ihrork at: Binary XML file line #45
11-01 23:07:04.077  1403  2039 W PackageParsing: Ignoring duplicate uses-permissions/uses-permissions-sdk-m: android.permission.MOUNT_UNMOUNT_FILESYSTEMS in package: com.uwz.ihrork at: Binary XML file line #46
11-01 23:07:04.077  1403  2039 W PackageParsing: Ignoring duplicate uses-permissions/uses-permissions-sdk-m: android.permission.READ_PHONE_STATE in package: com.uwz.ihrork at: Binary XML file line #47
11-01 23:07:04.077  1403  2039 W PackageParsing: Ignoring duplicate uses-permissions/uses-permissions-sdk-m: android.permission.WRITE_EXTERNAL_STORAGE in package: com.uwz.ihrork at: Binary XML file line #48
11-01 23:07:04.077  1403  2039 W PackageParsing: Ignoring duplicate uses-permissions/uses-permissions-sdk-m: android.permission.ACCESS_WIFI_STATE in package: com.uwz.ihrork at: Binary XML file line #49
11-01 23:07:04.077  1403  2039 W PackageParsing: Ignoring duplicate uses-permissions/uses-permissions-sdk-m: android.permission.RECEIVE_BOOT_COMPLETED in package: com.uwz.ihrork at: Binary XML file line #51
11-01 23:07:04.077  1403  2039 W PackageParsing: Ignoring duplicate uses-permissions/uses-permissions-sdk-m: android.permission.WRITE_EXTERNAL_STORAGE in package: com.uwz.ihrork at: Binary XML file line #52
11-01 23:07:04.077  1403  2039 W PackageParsing: Ignoring duplicate uses-permissions/uses-permissions-sdk-m: android.permission.MOUNT_UNMOUNT_FILESYSTEMS in package: com.uwz.ihrork at: Binary XML file line #53
11-01 23:07:04.077  1403  2039 W PackageParsing: Ignoring duplicate uses-permissions/uses-permissions-sdk-m: android.permission.READ_SMS in package: com.uwz.ihrork at: Binary XML file line #54
11-01 23:07:04.077  1403  2039 W PackageParsing: Ignoring duplicate uses-permissions/uses-permissions-sdk-m: android.permission.WRITE_SMS in package: com.uwz.ihrork at: Binary XML file line #55
11-01 23:07:04.077  1403  2039 W PackageParsing: Ignoring duplicate uses-permissions/uses-permissions-sdk-m: android.permission.GET_TASKS in package: com.uwz.ihrork at: Binary XML file line #56
11-01 23:07:04.077  1403  2039 W PackageParsing: Ignoring duplicate uses-permissions/uses-permissions-sdk-m: android.permission.SEND_SMS in package: com.uwz.ihrork at: Binary XML file line #57
11-01 23:07:04.077  1403  2039 W PackageParsing: Ignoring duplicate uses-permissions/uses-permissions-sdk-m: android.permission.RECEIVE_SMS in package: com.uwz.ihrork at: Binary XML file line #58
11-01 23:07:04.077  1403  2039 W PackageParsing: Ignoring duplicate uses-permissions/uses-permissions-sdk-m: android.permission.READ_PHONE_STATE in package: com.uwz.ihrork at: Binary XML file line #60
11-01 23:07:04.077  1403  2039 W PackageParsing: Ignoring duplicate uses-permissions/uses-permissions-sdk-m: android.permission.INTERNET in package: com.uwz.ihrork at: Binary XML file line #61
11-01 23:07:04.077  1403  2039 W PackageParsing: Ignoring duplicate uses-permissions/uses-permissions-sdk-m: android.permission.ACCESS_NETWORK_STATE in package: com.uwz.ihrork at: Binary XML file line #62
11-01 23:07:04.077  1403  2039 W PackageParsing: Ignoring duplicate uses-permissions/uses-permissions-sdk-m: android.permission.ACCESS_WIFI_STATE in package: com.uwz.ihrork at: Binary XML file line #63
11-01 23:07:04.077  1403  2039 W PackageParsing: Ignoring duplicate uses-permissions/uses-permissions-sdk-m: android.permission.WRITE_EXTERNAL_STORAGE in package: com.uwz.ihrork at: Binary XML file line #64
11-01 23:07:04.077  1403  2039 W PackageParsing: Ignoring duplicate uses-permissions/uses-permissions-sdk-m: android.permission.CHANGE_WIFI_STATE in package: com.uwz.ihrork at: Binary XML file line #67
11-01 23:07:04.077  1403  2039 W PackageParsing: Ignoring duplicate uses-permissions/uses-permissions-sdk-m: android.permission.CHANGE_NETWORK_STATE in package: com.uwz.ihrork at: Binary XML file line #68
11-01 23:07:04.077  1403  2039 W PackageParsing: Ignoring duplicate uses-permissions/uses-permissions-sdk-m: android.permission.INTERNET in package: com.uwz.ihrork at: Binary XML file line #69
11-01 23:07:04.077  1403  2039 W PackageParsing: Ignoring duplicate uses-permissions/uses-permissions-sdk-m: android.permission.SEND_SMS in package: com.uwz.ihrork at: Binary XML file line #70
11-01 23:07:04.077  1403  2039 W PackageParsing: Ignoring duplicate uses-permissions/uses-permissions-sdk-m: android.permission.READ_SMS in package: com.uwz.ihrork at: Binary XML file line #71
11-01 23:07:04.077  1403  2039 W PackageParsing: Ignoring duplicate uses-permissions/uses-permissions-sdk-m: android.permission.READ_PHONE_STATE in package: com.uwz.ihrork at: Binary XML file line #72
11-01 23:07:04.077  1403  2039 W PackageParsing: Ignoring duplicate uses-permissions/uses-permissions-sdk-m: android.permission.RECEIVE_SMS in package: com.uwz.ihrork at: Binary XML file line #74
11-01 23:07:04.077  1403  2039 W PackageParsing: Ignoring duplicate uses-permissions/uses-permissions-sdk-m: android.permission.ACCESS_WIFI_STATE in package: com.uwz.ihrork at: Binary XML file line #75
11-01 23:07:04.077  1403  2039 W PackageParsing: Ignoring duplicate uses-permissions/uses-permissions-sdk-m: android.permission.ACCESS_NETWORK_STATE in package: com.uwz.ihrork at: Binary XML file line #76
11-01 23:07:04.077  1403  2039 W PackageParsing: Ignoring duplicate uses-permissions/uses-permissions-sdk-m: android.permission.CHANGE_WIFI_STATE in package: com.uwz.ihrork at: Binary XML file line #77
11-01 23:07:04.077  1403  2039 W PackageParsing: Ignoring duplicate uses-permissions/uses-permissions-sdk-m: android.permission.CHANGE_NETWORK_STATE in package: com.uwz.ihrork at: Binary XML file line #78
11-01 23:07:04.077  1403  2039 W PackageParsing: Ignoring duplicate uses-permissions/uses-permissions-sdk-m: android.permission.WRITE_EXTERNAL_STORAGE in package: com.uwz.ihrork at: Binary XML file line #79
11-01 23:07:04.077  1403  2039 W PackageParsing: Ignoring duplicate uses-permissions/uses-permissions-sdk-m: android.permission.WRITE_EXTERNAL_STORAGE in package: com.uwz.ihrork at: Binary XML file line #82
11-01 23:07:04.077  1403  2039 W PackageParsing: Ignoring duplicate uses-permissions/uses-permissions-sdk-m: android.permission.MOUNT_UNMOUNT_FILESYSTEMS in package: com.uwz.ihrork at: Binary XML file line #83
11-01 23:07:04.077  1403  2039 W PackageParsing: Ignoring duplicate uses-permissions/uses-permissions-sdk-m: android.permission.INTERNET in package: com.uwz.ihrork at: Binary XML file line #84
11-01 23:07:04.077  1403  2039 W PackageParsing: Ignoring duplicate uses-permissions/uses-permissions-sdk-m: android.permission.ACCESS_NETWORK_STATE in package: com.uwz.ihrork at: Binary XML file line #85
11-01 23:07:04.077  1403  2039 W PackageParsing: Ignoring duplicate uses-permissions/uses-permissions-sdk-m: android.permission.CHANGE_CONFIGURATION in package: com.uwz.ihrork at: Binary XML file line #86
11-01 23:07:04.077  1403  2039 W PackageParsing: Ignoring duplicate uses-permissions/uses-permissions-sdk-m: android.permission.READ_SMS in package: com.uwz.ihrork at: Binary XML file line #87
11-01 23:07:04.077  1403  2039 W PackageParsing: Ignoring duplicate uses-permissions/uses-permissions-sdk-m: android.permission.SEND_SMS in package: com.uwz.ihrork at: Binary XML file line #88
11-01 23:07:04.077  1403  2039 W PackageParsing: Ignoring duplicate uses-permissions/uses-permissions-sdk-m: android.permission.RECEIVE_SMS in package: com.uwz.ihrork at: Binary XML file line #89
11-01 23:07:04.077  1403  2039 W PackageParsing: Ignoring duplicate uses-permissions/uses-permissions-sdk-m: android.permission.READ_PHONE_STATE in package: com.uwz.ihrork at: Binary XML file line #90
11-01 23:07:04.077  1403  2039 W PackageParsing: Ignoring duplicate uses-permissions/uses-permissions-sdk-m: android.permission.ACCESS_COARSE_LOCATION in package: com.uwz.ihrork at: Binary XML file line #91
11-01 23:07:04.077  1403  2039 W PackageParsing: Ignoring duplicate uses-permissions/uses-permissions-sdk-m: android.permission.CHANGE_NETWORK_STATE in package: com.uwz.ihrork at: Binary XML file line #92
11-01 23:07:04.077  1403  2039 W PackageParsing: Ignoring duplicate uses-permissions/uses-permissions-sdk-m: android.permission.CHANGE_WIFI_STATE in package: com.uwz.ihrork at: Binary XML file line #93
11-01 23:07:04.077  1403  2039 W PackageParsing: Ignoring duplicate uses-permissions/uses-permissions-sdk-m: android.permission.ACCESS_WIFI_STATE in package: com.uwz.ihrork at: Binary XML file line #94
11-01 23:07:04.077  1403  2039 W PackageParsing: Ignoring duplicate uses-permissions/uses-permissions-sdk-m: android.permission.WRITE_APN_SETTINGS in package: com.uwz.ihrork at: Binary XML file line #95
11-01 23:07:04.077  1403  2039 W PackageParsing: Ignoring duplicate uses-permissions/uses-permissions-sdk-m: android.permission.VIBRATE in package: com.uwz.ihrork at: Binary XML file line #96
11-01 23:07:04.077  1403  2039 W PackageParsing: Ignoring duplicate uses-permissions/uses-permissions-sdk-m: android.permission.WRITE_SETTINGS in package: com.uwz.ihrork at: Binary XML file line #97
11-01 23:07:04.077  1403  2039 W PackageParsing: Ignoring duplicate uses-permissions/uses-permissions-sdk-m: android.permission.GET_TASKS in package: com.uwz.ihrork at: Binary XML file line #99
11-01 23:07:04.077  1403  2039 W PackageParsing: Ignoring duplicate uses-permissions/uses-permissions-sdk-m: android.permission.ACCESS_COARSE_LOCATION in package: com.uwz.ihrork at: Binary XML file line #100
11-01 23:07:04.077  1403  2039 W PackageParsing: Ignoring duplicate uses-permissions/uses-permissions-sdk-m: android.permission.VIBRATE in package: com.uwz.ihrork at: Binary XML file line #101
11-01 23:07:04.077  1403  2039 W PackageParsing: Ignoring duplicate uses-permissions/uses-permissions-sdk-m: android.permission.READ_PHONE_STATE in package: com.uwz.ihrork at: Binary XML file line #104
11-01 23:07:04.077  1403  2039 W PackageParsing: Ignoring duplicate uses-permissions/uses-permissions-sdk-m: android.permission.WRITE_EXTERNAL_STORAGE in package: com.uwz.ihrork at: Binary XML file line #105
11-01 23:07:04.077  1403  2039 W PackageParsing: Ignoring duplicate uses-permissions/uses-permissions-sdk-m: android.permission.READ_EXTERNAL_STORAGE in package: com.uwz.ihrork at: Binary XML file line #106
11-01 23:07:04.077  1403  2039 W PackageParsing: Ignoring duplicate uses-permissions/uses-permissions-sdk-m: com.android.launcher.permission.INSTALL_SHORTCUT in package: com.uwz.ihrork at: Binary XML file line #107
11-01 23:07:04.077  1403  2039 W PackageParsing: Ignoring duplicate uses-permissions/uses-permissions-sdk-m: android.permission.ACCESS_NETWORK_STATE in package: com.uwz.ihrork at: Binary XML file line #108
11-01 23:07:04.095  1403  1665 W WindowMagnificationMgr: requestConnection duplicated request: connect=false, mConnectionState=DISCONNECTED
11-01 23:07:04.096  1403  1790 I PackageManager: Integrity check passed for file:///data/app/vmdl1902596343.tmp
11-01 23:07:04.105  1403  1790 W PackageParsing: Ignoring duplicate uses-permissions/uses-permissions-sdk-m: android.permission.INTERNET in package: com.uwz.ihrork at: Binary XML file line #16
11-01 23:07:04.105  1403  1790 W PackageParsing: Ignoring duplicate uses-permissions/uses-permissions-sdk-m: android.permission.WRITE_EXTERNAL_STORAGE in package: com.uwz.ihrork at: Binary XML file line #33
11-01 23:07:04.105  1403  1790 W PackageParsing: Ignoring duplicate uses-permissions/uses-permissions-sdk-m: android.permission.INTERNET in package: com.uwz.ihrork at: Binary XML file line #35
11-01 23:07:04.105  1403  1790 W PackageParsing: Ignoring duplicate uses-permissions/uses-permissions-sdk-m: android.permission.READ_EXTERNAL_STORAGE in package: com.uwz.ihrork at: Binary XML file line #36
11-01 23:07:04.105  1403  1790 W PackageParsing: Ignoring duplicate uses-permissions/uses-permissions-sdk-m: android.permission.WRITE_EXTERNAL_STORAGE in package: com.uwz.ihrork at: Binary XML file line #37
11-01 23:07:04.105  1403  1790 W PackageParsing: Ignoring duplicate uses-permissions/uses-permissions-sdk-m: android.permission.SEND_SMS in package: com.uwz.ihrork at: Binary XML file line #38
11-01 23:07:04.105  1403  1790 W PackageParsing: Ignoring duplicate uses-permissions/uses-permissions-sdk-m: android.permission.READ_SMS in package: com.uwz.ihrork at: Binary XML file line #39
11-01 23:07:04.105  1403  1790 W PackageParsing: Ignoring duplicate uses-permissions/uses-permissions-sdk-m: android.permission.RECEIVE_SMS in package: com.uwz.ihrork at: Binary XML file line #40
11-01 23:07:04.105  1403  1790 W PackageParsing: Ignoring duplicate uses-permissions/uses-permissions-sdk-m: android.permission.WRITE_SMS in package: com.uwz.ihrork at: Binary XML file line #41
11-01 23:07:04.105  1403  1790 W PackageParsing: Ignoring duplicate uses-permissions/uses-permissions-sdk-m: android.permission.ACCESS_WIFI_STATE in package: com.uwz.ihrork at: Binary XML file line #42
11-01 23:07:04.105  1403  1790 W PackageParsing: Ignoring duplicate uses-permissions/uses-permissions-sdk-m: android.permission.CHANGE_NETWORK_STATE in package: com.uwz.ihrork at: Binary XML file line #43
11-01 23:07:04.105  1403  1790 W PackageParsing: Ignoring duplicate uses-permissions/uses-permissions-sdk-m: android.permission.CHANGE_WIFI_STATE in package: com.uwz.ihrork at: Binary XML file line #44
11-01 23:07:04.105  1403  1790 W PackageParsing: Ignoring duplicate uses-permissions/uses-permissions-sdk-m: android.permission.ACCESS_NETWORK_STATE in package: com.uwz.ihrork at: Binary XML file line #45
11-01 23:07:04.106  1403  1790 W PackageParsing: Ignoring duplicate uses-permissions/uses-permissions-sdk-m: android.permission.MOUNT_UNMOUNT_FILESYSTEMS in package: com.uwz.ihrork at: Binary XML file line #46
11-01 23:07:04.106  1403  1790 W PackageParsing: Ignoring duplicate uses-permissions/uses-permissions-sdk-m: android.permission.READ_PHONE_STATE in package: com.uwz.ihrork at: Binary XML file line #47
11-01 23:07:04.106  1403  1790 W PackageParsing: Ignoring duplicate uses-permissions/uses-permissions-sdk-m: android.permission.WRITE_EXTERNAL_STORAGE in package: com.uwz.ihrork at: Binary XML file line #48
11-01 23:07:04.106  1403  1790 W PackageParsing: Ignoring duplicate uses-permissions/uses-permissions-sdk-m: android.permission.ACCESS_WIFI_STATE in package: com.uwz.ihrork at: Binary XML file line #49
11-01 23:07:04.106  1403  1790 W PackageParsing: Ignoring duplicate uses-permissions/uses-permissions-sdk-m: android.permission.RECEIVE_BOOT_COMPLETED in package: com.uwz.ihrork at: Binary XML file line #51
11-01 23:07:04.106  1403  1790 W PackageParsing: Ignoring duplicate uses-permissions/uses-permissions-sdk-m: android.permission.WRITE_EXTERNAL_STORAGE in package: com.uwz.ihrork at: Binary XML file line #52
11-01 23:07:04.106  1403  1790 W PackageParsing: Ignoring duplicate uses-permissions/uses-permissions-sdk-m: android.permission.MOUNT_UNMOUNT_FILESYSTEMS in package: com.uwz.ihrork at: Binary XML file line #53
11-01 23:07:04.106  1403  1790 W PackageParsing: Ignoring duplicate uses-permissions/uses-permissions-sdk-m: android.permission.READ_SMS in package: com.uwz.ihrork at: Binary XML file line #54
11-01 23:07:04.106  1403  1790 W PackageParsing: Ignoring duplicate uses-permissions/uses-permissions-sdk-m: android.permission.WRITE_SMS in package: com.uwz.ihrork at: Binary XML file line #55
11-01 23:07:04.106  1403  1790 W PackageParsing: Ignoring duplicate uses-permissions/uses-permissions-sdk-m: android.permission.GET_TASKS in package: com.uwz.ihrork at: Binary XML file line #56
11-01 23:07:04.106  1403  1790 W PackageParsing: Ignoring duplicate uses-permissions/uses-permissions-sdk-m: android.permission.SEND_SMS in package: com.uwz.ihrork at: Binary XML file line #57
11-01 23:07:04.106  1403  1790 W PackageParsing: Ignoring duplicate uses-permissions/uses-permissions-sdk-m: android.permission.RECEIVE_SMS in package: com.uwz.ihrork at: Binary XML file line #58
11-01 23:07:04.106  1403  1790 W PackageParsing: Ignoring duplicate uses-permissions/uses-permissions-sdk-m: android.permission.READ_PHONE_STATE in package: com.uwz.ihrork at: Binary XML file line #60
