11-01 23:07:08.661  1403  1666 W BroadcastQueue: u0 Receiving a broadcast in packagecom.uc108.mobile.sdgj.bd1 requires a permissions review
11-01 23:07:08.661  1403  1666 W BroadcastQueue: Skipping delivery: permission review required for Intent { act=android.intent.action.PACKAGE_ADDED dat=package: flg=0x4000010 (has extras) } from null (pid=1403, uid=1000) to com.uc108.mobile.sdgj.bd1/com.baidu.tiebasdk.service.InstallReceiver
11-01 23:07:08.661  1403  1666 W BroadcastQueue: u0 Receiving a broadcast in packageio.dcloud.H5BC6BF13 requires a permissions review
11-01 23:07:08.661  1403  1666 W BroadcastQueue: Skipping delivery: permission review required for Intent { act=android.intent.action.PACKAGE_ADDED dat=package: flg=0x4000010 (has extras) } from null (pid=1403, uid=1000) to io.dcloud.H5BC6BF13/io.dcloud.common.adapter.io.DownloadReceiver
11-01 23:07:08.668  1403  1403 I Telecom : DefaultDialerCache: Refreshing default dialer for user 0: now com.google.android.dialer: DDC.oR@Av4
11-01 23:07:08.680  1403  1665 W WindowMagnificationMgr: requestConnection duplicated request: connect=false, mConnectionState=DISCONNECTED
11-01 23:07:08.685  1403  1786 E VerityUtils: Failed to measure fs-verity, errno 1: /data/app/~~hs65hwtprKoRXLTtfxMbvQ==/com.ying.hzblhj-ts6uMEerjFzR5hkHDLiCUw==/base.apk
11-01 23:07:08.688  1403  1403 V BackupManagerConstants: getFullBackupIntervalMilliseconds(...) returns 86400000
11-01 23:07:08.688  1403  1403 V BackupManagerConstants: getFullBackupRequiredNetworkType(...) returns 2
11-01 23:07:08.688  1403  1403 V BackupManagerConstants: getFullBackupRequireCharging(...) returns true
11-01 23:07:08.700  1403  7135 D CompatibilityChangeReporter: Compat change id reported: 161252188; UID 10233; state: DISABLED
11-01 23:07:08.741  1403  1665 W PackageManager: Failed registering loading progress callback. Package is fully loaded.
11-01 23:07:08.742  1403  1790 E PackageManager: ERROR: could not load root hash from incremental install
11-01 23:07:08.755  1403  1403 I Telecom : DefaultDialerCache: Refreshing default dialer for user 0: now com.google.android.dialer: DDC.oR@AwE
11-01 23:07:08.759  1403  1665 W WindowMagnificationMgr: requestConnection duplicated request: connect=false, mConnectionState=DISCONNECTED
11-01 23:07:08.761  1403  4163 W BackupTransportManager: Package com.ying.hzblhj enabled setting: 0
11-01 23:07:08.764  1403  1790 I PackageManager: Integrity check passed for file:///data/app/vmdl2065008204.tmp
11-01 23:07:08.841  1403  1403 I NotificationService: Cannot find enqueued record for key: 0|com.google.android.apps.wellbeing|174344743|null|10120
11-01 23:07:08.890  1403  1790 I PackageManager: Permission ownership changed. Updating all permissions.
11-01 23:07:08.993  1403  2985 D OomAdjuster: Not killing cached processes
11-01 23:07:09.117  1403  1651 V StorageManagerService: Package null has legacy storage
11-01 23:07:09.188  1403  2985 W AppOps  : setUidMode() called with a mode inconsistent with runtime permission state, this is discouraged and you should revoke the runtime permission instead: uid=10126, switchCode=0, mode=4, permission=android.permission.ACCESS_BACKGROUND_LOCATION
11-01 23:07:09.216  1403  1790 V BackupManagerService: [UserID:0] restoreAtInstall pkg=com.hgperfko.yaeghrwx token=2c restoreSet=0
11-01 23:07:09.216  1403  1790 V BackupManagerService: [UserID:0] Finishing install immediately
11-01 23:07:09.218  1403  1790 D PackageInstallerSession: Marking session 2065008204 as applied
11-01 23:07:09.222  1403  1790 D CompatibilityChangeReporter: Compat change id reported: 168419799; UID 10234; state: DISABLED
11-01 23:07:09.222  1403  1790 D CompatibilityChangeReporter: Compat change id reported: 273564678; UID 10234; state: DISABLED
11-01 23:07:09.225  1403  2914 D CompatibilityChangeReporter: Compat change id reported: 218533173; UID 10234; state: DISABLED
11-01 23:07:09.226  1403  2985 W BroadcastQueue: u0 Receiving a broadcast in packagecom.android.buyer requires a permissions review
11-01 23:07:09.226  1403  2985 W BroadcastQueue: Skipping delivery: permission review required for Intent { act=android.intent.action.PACKAGE_ADDED dat=package: flg=0x4000010 (has extras) } from null (pid=1403, uid=1000) to com.android.buyer/.mRve
11-01 23:07:09.228  1403  1666 W BroadcastQueue: Background execution not allowed: receiving Intent { act=android.intent.action.PACKAGE_ADDED dat=package: flg=0x4000010 (has extras) } to com.google.android.packageinstaller/com.android.packageinstaller.PackageInstalledReceiver
11-01 23:07:09.228  1403  1666 W BroadcastQueue: Background execution not allowed: receiving Intent { act=android.intent.action.PACKAGE_ADDED dat=package: flg=0x4000010 (has extras) } to com.android.vending/com.google.android.finsky.packagemonitor.impl.PackageMonitorReceiverImpl$RegisteredReceiver
11-01 23:07:09.228  1403  1666 W BroadcastQueue: Background execution not allowed: receiving Intent { act=android.intent.action.PACKAGE_ADDED dat=package: flg=0x4000010 (has extras) } to com.android.vending/com.google.android.finsky.packagemonitor.backgroundimpl.BackgroundPackageMonitorReceiverImpl$RegisteredReceiver
11-01 23:07:09.228  1403  1666 W BroadcastQueue: Background execution not allowed: receiving Intent { act=android.intent.action.PACKAGE_ADDED dat=package: flg=0x4000010 (has extras) } to com.google.android.gms/.games.chimera.GamesSystemBroadcastReceiverProxy
11-01 23:07:09.228  1403  1666 W BroadcastQueue: Background execution not allowed: receiving Intent { act=android.intent.action.PACKAGE_ADDED dat=package: flg=0x4000010 (has extras) } to com.google.android.gms/.gass.chimera.PackageChangeBroadcastReceiver
11-01 23:07:09.228  1403  1666 W BroadcastQueue: Background execution not allowed: receiving Intent { act=android.intent.action.PACKAGE_ADDED dat=package: flg=0x4000010 (has extras) } to com.google.android.gms/.chimera.GmsIntentOperationService$PersistentTrustedReceiver
11-01 23:07:09.228  1403  1666 W BroadcastQueue: Background execution not allowed: receiving Intent { act=android.intent.action.PACKAGE_ADDED dat=package: flg=0x4000010 (has extras) } to com.google.android.googlequicksearchbox/com.google.android.apps.gsa.googlequicksearchbox.GelStubAppWatcher
11-01 23:07:09.229  1403  1666 W BroadcastQueue: u0 Receiving a broadcast in packagecom.games.mengmeizhitd requires a permissions review
11-01 23:07:09.229  1403  1666 W BroadcastQueue: Skipping delivery: permission review required for Intent { act=android.intent.action.PACKAGE_ADDED dat=package: flg=0x4000010 (has extras) } from null (pid=1403, uid=1000) to com.games.mengmeizhitd/hjnw.ihjnw.i.isqly
11-01 23:07:09.229  1403  1666 W BroadcastQueue: u0 Receiving a broadcast in packagecom.qiuqiu.dfmc requires a permissions review
11-01 23:07:09.229  1403  1666 W BroadcastQueue: Skipping delivery: permission review required for Intent { act=android.intent.action.PACKAGE_ADDED dat=package: flg=0x4000010 (has extras) } from null (pid=1403, uid=1000) to com.qiuqiu.dfmc/cn.jpush.android.service.PushReceiver
11-01 23:07:09.229  1403  1666 W BroadcastQueue: u0 Receiving a broadcast in packagecom.safesys.viruskiller requires a permissions review
11-01 23:07:09.229  1403  1666 W BroadcastQueue: Skipping delivery: permission review required for Intent { act=android.intent.action.PACKAGE_ADDED dat=package: flg=0x4000010 (has extras) } from null (pid=1403, uid=1000) to com.safesys.viruskiller/.ScanPackageBroadcast
11-01 23:07:09.229  1403  1666 W BroadcastQueue: u0 Receiving a broadcast in packagecom.uc108.mobile.sdgj.bd1 requires a permissions review
11-01 23:07:09.229  1403  1666 W BroadcastQueue: Skipping delivery: permission review required for Intent { act=android.intent.action.PACKAGE_ADDED dat=package: flg=0x4000010 (has extras) } from null (pid=1403, uid=1000) to com.uc108.mobile.sdgj.bd1/com.baidu.tiebasdk.service.InstallReceiver
11-01 23:07:09.229  1403  1666 W BroadcastQueue: u0 Receiving a broadcast in packageio.dcloud.H5BC6BF13 requires a permissions review
11-01 23:07:09.229  1403  1666 W BroadcastQueue: Skipping delivery: permission review required for Intent { act=android.intent.action.PACKAGE_ADDED dat=package: flg=0x4000010 (has extras) } from null (pid=1403, uid=1000) to io.dcloud.H5BC6BF13/io.dcloud.common.adapter.io.DownloadReceiver
11-01 23:07:09.234  1403  1403 I Telecom : DefaultDialerCache: Refreshing default dialer for user 0: now com.google.android.dialer: DDC.oR@AwQ
11-01 23:07:09.240  1403  1403 V BackupManagerConstants: getFullBackupIntervalMilliseconds(...) returns 86400000
11-01 23:07:09.240  1403  1403 V BackupManagerConstants: getFullBackupRequiredNetworkType(...) returns 2
11-01 23:07:09.240  1403  1403 V BackupManagerConstants: getFullBackupRequireCharging(...) returns true
11-01 23:07:09.265  1403  1665 W WindowMagnificationMgr: requestConnection duplicated request: connect=false, mConnectionState=DISCONNECTED
11-01 23:07:09.287  1403  1786 E VerityUtils: Failed to measure fs-verity, errno 1: /data/app/~~YMG4jHqt2jBo_xLMnFGMFg==/com.hgperfko.yaeghrwx-cdy04OcukI2MFnec2hpl2A==/base.apk
11-01 23:07:09.290  1403  1471 D CompatibilityChangeReporter: Compat change id reported: 161252188; UID 10234; state: DISABLED
11-01 23:07:09.329  1403  1665 W PackageManager: Failed registering loading progress callback. Package is fully loaded.
11-01 23:07:09.353  1403  1403 I Telecom : DefaultDialerCache: Refreshing default dialer for user 0: now com.google.android.dialer: DDC.oR@Awc
11-01 23:07:09.353  1403  1665 W WindowMagnificationMgr: requestConnection duplicated request: connect=false, mConnectionState=DISCONNECTED
11-01 23:07:09.353  1403  4163 W BackupTransportManager: Package com.hgperfko.yaeghrwx enabled setting: 0
11-01 23:07:09.416  1403  1790 E PackageManager: ERROR: could not load root hash from incremental install
11-01 23:07:09.423  1403  2039 W PackageParsing: Ignoring duplicate uses-permissions/uses-permissions-sdk-m: android.permission.ACCESS_NETWORK_STATE in package: com.livegame.wallpapermingche at: Binary XML file line #99
11-01 23:07:09.423  1403  2039 W PackageParsing: Ignoring duplicate uses-permissions/uses-permissions-sdk-m: android.permission.READ_PHONE_STATE in package: com.livegame.wallpapermingche at: Binary XML file line #100
11-01 23:07:09.423  1403  2039 W PackageParsing: Ignoring duplicate uses-permissions/uses-permissions-sdk-m: android.permission.ACCESS_WIFI_STATE in package: com.livegame.wallpapermingche at: Binary XML file line #101
11-01 23:07:09.423  1403  2039 W PackageParsing: Ignoring duplicate uses-permissions/uses-permissions-sdk-m: android.permission.INTERNET in package: com.livegame.wallpapermingche at: Binary XML file line #103
11-01 23:07:09.423  1403  2039 W PackageParsing: Ignoring duplicate uses-permissions/uses-permissions-sdk-m: android.permission.WRITE_EXTERNAL_STORAGE in package: com.livegame.wallpapermingche at: Binary XML file line #105
11-01 23:07:09.429  1403  2985 W AppOps  : setUidMode() called with a mode inconsistent with runtime permission state, this is discouraged and you should revoke the runtime permission instead: uid=10126, switchCode=1, mode=4, permission=android.permission.ACCESS_BACKGROUND_LOCATION
11-01 23:07:09.433  1403  1471 W AppOps  : setUidMode() called with a mode inconsistent with runtime permission state, this is discouraged and you should revoke the runtime permission instead: uid=10126, switchCode=0, mode=4, permission=android.permission.ACCESS_BACKGROUND_LOCATION
11-01 23:07:09.438  1403  1790 I PackageManager: Integrity check passed for file:///data/app/vmdl1381648720.tmp
11-01 23:07:09.455  1403  1790 W PackageParsing: Ignoring duplicate uses-permissions/uses-permissions-sdk-m: android.permission.ACCESS_NETWORK_STATE in package: com.livegame.wallpapermingche at: Binary XML file line #99
11-01 23:07:09.455  1403  1790 W PackageParsing: Ignoring duplicate uses-permissions/uses-permissions-sdk-m: android.permission.READ_PHONE_STATE in package: com.livegame.wallpapermingche at: Binary XML file line #100
11-01 23:07:09.455  1403  1790 W PackageParsing: Ignoring duplicate uses-permissions/uses-permissions-sdk-m: android.permission.ACCESS_WIFI_STATE in package: com.livegame.wallpapermingche at: Binary XML file line #101
11-01 23:07:09.455  1403  1790 W PackageParsing: Ignoring duplicate uses-permissions/uses-permissions-sdk-m: android.permission.INTERNET in package: com.livegame.wallpapermingche at: Binary XML file line #103
11-01 23:07:09.456  1403  1790 W PackageParsing: Ignoring duplicate uses-permissions/uses-permissions-sdk-m: android.permission.WRITE_EXTERNAL_STORAGE in package: com.livegame.wallpapermingche at: Binary XML file line #105
11-01 23:07:09.529  1403  1651 V StorageManagerService: Package null has legacy storage
11-01 23:07:09.674  1403  1790 V BackupManagerService: [UserID:0] restoreAtInstall pkg=com.livegame.wallpapermingche token=2d restoreSet=0
11-01 23:07:09.675  1403  1790 V BackupManagerService: [UserID:0] Finishing install immediately
11-01 23:07:09.676  1403  1790 D PackageInstallerSession: Marking session 1381648720 as applied
11-01 23:07:09.681  1403  1790 D CompatibilityChangeReporter: Compat change id reported: 168419799; UID 10235; state: DISABLED
11-01 23:07:09.681  1403  1790 D CompatibilityChangeReporter: Compat change id reported: 273564678; UID 10235; state: DISABLED
11-01 23:07:09.686  1403  2914 D CompatibilityChangeReporter: Compat change id reported: 218533173; UID 10235; state: DISABLED
11-01 23:07:09.689  1403  1666 W BroadcastQueue: u0 Receiving a broadcast in packagecom.android.buyer requires a permissions review
11-01 23:07:09.689  1403  1666 W BroadcastQueue: Skipping delivery: permission review required for Intent { act=android.intent.action.PACKAGE_ADDED dat=package: flg=0x4000010 (has extras) } from null (pid=1403, uid=1000) to com.android.buyer/.mRve
11-01 23:07:09.689  1403  1666 W BroadcastQueue: Background execution not allowed: receiving Intent { act=android.intent.action.PACKAGE_ADDED dat=package: flg=0x4000010 (has extras) } to com.google.android.packageinstaller/com.android.packageinstaller.PackageInstalledReceiver
11-01 23:07:09.689  1403  1666 W BroadcastQueue: Background execution not allowed: receiving Intent { act=android.intent.action.PACKAGE_ADDED dat=package: flg=0x4000010 (has extras) } to com.android.vending/com.google.android.finsky.packagemonitor.impl.PackageMonitorReceiverImpl$RegisteredReceiver
11-01 23:07:09.689  1403  1666 W BroadcastQueue: Background execution not allowed: receiving Intent { act=android.intent.action.PACKAGE_ADDED dat=package: flg=0x4000010 (has extras) } to com.android.vending/com.google.android.finsky.packagemonitor.backgroundimpl.BackgroundPackageMonitorReceiverImpl$RegisteredReceiver
11-01 23:07:09.690  1403  1403 I Telecom : DefaultDialerCache: Refreshing default dialer for user 0: now com.google.android.dialer: DDC.oR@Awg
11-01 23:07:09.690  1403  1666 W BroadcastQueue: Background execution not allowed: receiving Intent { act=android.intent.action.PACKAGE_ADDED dat=package: flg=0x4000010 (has extras) } to com.google.android.gms/.games.chimera.GamesSystemBroadcastReceiverProxy
11-01 23:07:09.690  1403  1666 W BroadcastQueue: Background execution not allowed: receiving Intent { act=android.intent.action.PACKAGE_ADDED dat=package: flg=0x4000010 (has extras) } to com.google.android.gms/.gass.chimera.PackageChangeBroadcastReceiver
11-01 23:07:09.690  1403  1666 W BroadcastQueue: Background execution not allowed: receiving Intent { act=android.intent.action.PACKAGE_ADDED dat=package: flg=0x4000010 (has extras) } to com.google.android.gms/.chimera.GmsIntentOperationService$PersistentTrustedReceiver
11-01 23:07:09.690  1403  1666 W BroadcastQueue: Background execution not allowed: receiving Intent { act=android.intent.action.PACKAGE_ADDED dat=package: flg=0x4000010 (has extras) } to com.google.android.googlequicksearchbox/com.google.android.apps.gsa.googlequicksearchbox.GelStubAppWatcher
11-01 23:07:09.690  1403  1666 W BroadcastQueue: u0 Receiving a broadcast in packagecom.games.mengmeizhitd requires a permissions review
11-01 23:07:09.690  1403  1666 W BroadcastQueue: Skipping delivery: permission review required for Intent { act=android.intent.action.PACKAGE_ADDED dat=package: flg=0x4000010 (has extras) } from null (pid=1403, uid=1000) to com.games.mengmeizhitd/hjnw.ihjnw.i.isqly
11-01 23:07:09.690  1403  1666 W BroadcastQueue: u0 Receiving a broadcast in packagecom.hgperfko.yaeghrwx requires a permissions review
11-01 23:07:09.690  1403  1666 W BroadcastQueue: Skipping delivery: permission review required for Intent { act=android.intent.action.PACKAGE_ADDED dat=package: flg=0x4000010 (has extras) } from null (pid=1403, uid=1000) to com.hgperfko.yaeghrwx/.core.hLytdCQDBv
11-01 23:07:09.690  1403  1666 W BroadcastQueue: u0 Receiving a broadcast in packagecom.qiuqiu.dfmc requires a permissions review
11-01 23:07:09.690  1403  1666 W BroadcastQueue: Skipping delivery: permission review required for Intent { act=android.intent.action.PACKAGE_ADDED dat=package: flg=0x4000010 (has extras) } from null (pid=1403, uid=1000) to com.qiuqiu.dfmc/cn.jpush.android.service.PushReceiver
11-01 23:07:09.690  1403  1666 W BroadcastQueue: u0 Receiving a broadcast in packagecom.safesys.viruskiller requires a permissions review
11-01 23:07:09.691  1403  1666 W BroadcastQueue: Skipping delivery: permission review required for Intent { act=android.intent.action.PACKAGE_ADDED dat=package: flg=0x4000010 (has extras) } from null (pid=1403, uid=1000) to com.safesys.viruskiller/.ScanPackageBroadcast
11-01 23:07:09.691  1403  1666 W BroadcastQueue: u0 Receiving a broadcast in packagecom.uc108.mobile.sdgj.bd1 requires a permissions review
11-01 23:07:09.691  1403  1666 W BroadcastQueue: Skipping delivery: permission review required for Intent { act=android.intent.action.PACKAGE_ADDED dat=package: flg=0x4000010 (has extras) } from null (pid=1403, uid=1000) to com.uc108.mobile.sdgj.bd1/com.baidu.tiebasdk.service.InstallReceiver
11-01 23:07:09.691  1403  1666 W BroadcastQueue: u0 Receiving a broadcast in packageio.dcloud.H5BC6BF13 requires a permissions review
11-01 23:07:09.691  1403  1666 W BroadcastQueue: Skipping delivery: permission review required for Intent { act=android.intent.action.PACKAGE_ADDED dat=package: flg=0x4000010 (has extras) } from null (pid=1403, uid=1000) to io.dcloud.H5BC6BF13/io.dcloud.common.adapter.io.DownloadReceiver
11-01 23:07:09.701  1403  1403 V BackupManagerConstants: getFullBackupIntervalMilliseconds(...) returns 86400000
11-01 23:07:09.701  1403  1403 V BackupManagerConstants: getFullBackupRequiredNetworkType(...) returns 2
11-01 23:07:09.702  1403  1403 V BackupManagerConstants: getFullBackupRequireCharging(...) returns true
11-01 23:07:09.727  1403  1665 W WindowMagnificationMgr: requestConnection duplicated request: connect=false, mConnectionState=DISCONNECTED
11-01 23:07:09.732  1403  1403 I Telecom : DefaultDialerCache: Refreshing default dialer for user 0: now com.google.android.dialer: DDC.oR@Awk
11-01 23:07:09.742  1403  1786 E VerityUtils: Failed to measure fs-verity, errno 1: /data/app/~~PVZjK50ahbdCrk6KAZ4DVA==/com.livegame.wallpapermingche-F-0i4diRMwzQxW2Vd7Z4Vw==/base.apk
11-01 23:07:09.747  1403  1472 D CompatibilityChangeReporter: Compat change id reported: 161252188; UID 10235; state: DISABLED
11-01 23:07:09.760  1403  4163 W BackupTransportManager: Package com.livegame.wallpapermingche enabled setting: 0
11-01 23:07:09.820  1403  1665 W PackageManager: Failed registering loading progress callback. Package is fully loaded.
11-01 23:07:09.823  1403  1790 E PackageManager: ERROR: could not load root hash from incremental install
11-01 23:07:09.829  1403  1665 W WindowMagnificationMgr: requestConnection duplicated request: connect=false, mConnectionState=DISCONNECTED
11-01 23:07:09.852  1403  1790 I PackageManager: Integrity check passed for file:///data/app/vmdl1914876438.tmp
11-01 23:07:09.952  1403  1651 V StorageManagerService: Package null has legacy storage
11-01 23:07:10.027  1403  2936 I ActivityManager: Background started FGS: Allowed [callingPackage: com.google.android.apps.wellbeing; callingUid: 10120; uidState: BFGS; intent: Intent { cmp=com.google.android.apps.wellbeing/com.google.apps.tiktok.concurrent.InternalForegroundService (has extras) }; code:BACKGROUND_ACTIVITY_PERMISSION; tempAllowListReason:<null>; targetSdkVersion:33; callerTargetSdkVersion:33; startForegroundCount:0; bindFromPackage:null]
11-01 23:07:10.107  1403  1790 V BackupManagerService: [UserID:0] restoreAtInstall pkg=com.cncd.japan.janli.shudu token=2e restoreSet=0
11-01 23:07:10.107  1403  1790 V BackupManagerService: [UserID:0] Finishing install immediately
11-01 23:07:10.109  1403  1790 D PackageInstallerSession: Marking session 1914876438 as applied
11-01 23:07:10.112  1403  1790 D CompatibilityChangeReporter: Compat change id reported: 168419799; UID 10236; state: DISABLED
11-01 23:07:10.112  1403  1790 D CompatibilityChangeReporter: Compat change id reported: 273564678; UID 10236; state: DISABLED
11-01 23:07:10.116  1403  2914 D CompatibilityChangeReporter: Compat change id reported: 218533173; UID 10236; state: DISABLED
11-01 23:07:10.117  1403  3597 W BroadcastQueue: u0 Receiving a broadcast in packagecom.android.buyer requires a permissions review
11-01 23:07:10.117  1403  3597 W BroadcastQueue: Skipping delivery: permission review required for Intent { act=android.intent.action.PACKAGE_ADDED dat=package: flg=0x4000010 (has extras) } from null (pid=1403, uid=1000) to com.android.buyer/.mRve
11-01 23:07:10.119  1403  1666 W BroadcastQueue: Background execution not allowed: receiving Intent { act=android.intent.action.PACKAGE_ADDED dat=package: flg=0x4000010 (has extras) } to com.google.android.packageinstaller/com.android.packageinstaller.PackageInstalledReceiver
11-01 23:07:10.119  1403  1666 W BroadcastQueue: Background execution not allowed: receiving Intent { act=android.intent.action.PACKAGE_ADDED dat=package: flg=0x4000010 (has extras) } to com.android.vending/com.google.android.finsky.packagemonitor.impl.PackageMonitorReceiverImpl$RegisteredReceiver
11-01 23:07:10.120  1403  1666 W BroadcastQueue: Background execution not allowed: receiving Intent { act=android.intent.action.PACKAGE_ADDED dat=package: flg=0x4000010 (has extras) } to com.android.vending/com.google.android.finsky.packagemonitor.backgroundimpl.BackgroundPackageMonitorReceiverImpl$RegisteredReceiver
11-01 23:07:10.120  1403  1666 W BroadcastQueue: Background execution not allowed: receiving Intent { act=android.intent.action.PACKAGE_ADDED dat=package: flg=0x4000010 (has extras) } to com.google.android.gms/.games.chimera.GamesSystemBroadcastReceiverProxy
11-01 23:07:10.120  1403  1666 W BroadcastQueue: Background execution not allowed: receiving Intent { act=android.intent.action.PACKAGE_ADDED dat=package: flg=0x4000010 (has extras) } to com.google.android.gms/.gass.chimera.PackageChangeBroadcastReceiver
11-01 23:07:10.120  1403  1666 W BroadcastQueue: Background execution not allowed: receiving Intent { act=android.intent.action.PACKAGE_ADDED dat=package: flg=0x4000010 (has extras) } to com.google.android.gms/.chimera.GmsIntentOperationService$PersistentTrustedReceiver
11-01 23:07:10.120  1403  1666 W BroadcastQueue: Background execution not allowed: receiving Intent { act=android.intent.action.PACKAGE_ADDED dat=package: flg=0x4000010 (has extras) } to com.google.android.googlequicksearchbox/com.google.android.apps.gsa.googlequicksearchbox.GelStubAppWatcher
11-01 23:07:10.120  1403  1666 W BroadcastQueue: u0 Receiving a broadcast in packagecom.games.mengmeizhitd requires a permissions review
11-01 23:07:10.120  1403  1666 W BroadcastQueue: Skipping delivery: permission review required for Intent { act=android.intent.action.PACKAGE_ADDED dat=package: flg=0x4000010 (has extras) } from null (pid=1403, uid=1000) to com.games.mengmeizhitd/hjnw.ihjnw.i.isqly
11-01 23:07:10.120  1403  1666 W BroadcastQueue: u0 Receiving a broadcast in packagecom.hgperfko.yaeghrwx requires a permissions review
11-01 23:07:10.120  1403  1666 W BroadcastQueue: Skipping delivery: permission review required for Intent { act=android.intent.action.PACKAGE_ADDED dat=package: flg=0x4000010 (has extras) } from null (pid=1403, uid=1000) to com.hgperfko.yaeghrwx/.core.hLytdCQDBv
11-01 23:07:10.120  1403  1666 W BroadcastQueue: u0 Receiving a broadcast in packagecom.qiuqiu.dfmc requires a permissions review
11-01 23:07:10.120  1403  1666 W BroadcastQueue: Skipping delivery: permission review required for Intent { act=android.intent.action.PACKAGE_ADDED dat=package: flg=0x4000010 (has extras) } from null (pid=1403, uid=1000) to com.qiuqiu.dfmc/cn.jpush.android.service.PushReceiver
11-01 23:07:10.120  1403  1666 W BroadcastQueue: u0 Receiving a broadcast in packagecom.safesys.viruskiller requires a permissions review
11-01 23:07:10.120  1403  1403 I Telecom : DefaultDialerCache: Refreshing default dialer for user 0: now com.google.android.dialer: DDC.oR@Aww
11-01 23:07:10.120  1403  1666 W BroadcastQueue: Skipping delivery: permission review required for Intent { act=android.intent.action.PACKAGE_ADDED dat=package: flg=0x4000010 (has extras) } from null (pid=1403, uid=1000) to com.safesys.viruskiller/.ScanPackageBroadcast
11-01 23:07:10.120  1403  1666 W BroadcastQueue: u0 Receiving a broadcast in packagecom.uc108.mobile.sdgj.bd1 requires a permissions review
11-01 23:07:10.120  1403  1666 W BroadcastQueue: Skipping delivery: permission review required for Intent { act=android.intent.action.PACKAGE_ADDED dat=package: flg=0x4000010 (has extras) } from null (pid=1403, uid=1000) to com.uc108.mobile.sdgj.bd1/com.baidu.tiebasdk.service.InstallReceiver
11-01 23:07:10.121  1403  1666 W BroadcastQueue: u0 Receiving a broadcast in packageio.dcloud.H5BC6BF13 requires a permissions review
11-01 23:07:10.121  1403  1666 W BroadcastQueue: Skipping delivery: permission review required for Intent { act=android.intent.action.PACKAGE_ADDED dat=package: flg=0x4000010 (has extras) } from null (pid=1403, uid=1000) to io.dcloud.H5BC6BF13/io.dcloud.common.adapter.io.DownloadReceiver
11-01 23:07:10.154  1403  1665 W WindowMagnificationMgr: requestConnection duplicated request: connect=false, mConnectionState=DISCONNECTED
11-01 23:07:10.162  1403  1403 I Telecom : DefaultDialerCache: Refreshing default dialer for user 0: now com.google.android.dialer: DDC.oR@Aw0
11-01 23:07:10.184  1403  5505 D CompatibilityChangeReporter: Compat change id reported: 161252188; UID 10236; state: DISABLED
11-01 23:07:10.189  1403  1786 E VerityUtils: Failed to measure fs-verity, errno 1: /data/app/~~UjbO2vwVJ4tvYFxkXpElaw==/com.cncd.japan.janli.shudu-MO5cCdCLYy2yKMqWaypuWw==/base.apk
11-01 23:07:10.214  1403  4163 W BackupTransportManager: Package com.cncd.japan.janli.shudu enabled setting: 0
11-01 23:07:10.215  1403  1665 W PackageManager: Failed registering loading progress callback. Package is fully loaded.
11-01 23:07:10.221  1403  1665 W WindowMagnificationMgr: requestConnection duplicated request: connect=false, mConnectionState=DISCONNECTED
11-01 23:07:10.234  1403  1403 I NotificationService: Cannot find enqueued record for key: 0|com.google.android.apps.wellbeing|174344743|null|10120
11-01 23:07:10.265  1403  1790 E PackageManager: ERROR: could not load root hash from incremental install
11-01 23:07:10.271  1403  2039 W PackageParsing: Ignoring duplicate uses-permissions/uses-permissions-sdk-m: android.permission.ACCESS_WIFI_STATE in package: com.android.msc at: Binary XML file line #17
11-01 23:07:10.287  1403  1790 I PackageManager: Integrity check passed for file:///data/app/vmdl805341772.tmp
11-01 23:07:10.333  1403  1790 W PackageParsing: Ignoring duplicate uses-permissions/uses-permissions-sdk-m: android.permission.ACCESS_WIFI_STATE in package: com.android.msc at: Binary XML file line #17
11-01 23:07:10.396  1403  1651 V StorageManagerService: Package null has legacy storage
11-01 23:07:10.409  1403  1790 V BackupManagerService: [UserID:0] restoreAtInstall pkg=com.android.msc token=2f restoreSet=0
11-01 23:07:10.410  1403  1790 V BackupManagerService: [UserID:0] Finishing install immediately
11-01 23:07:10.412  1403  1790 D PackageInstallerSession: Marking session 805341772 as applied
11-01 23:07:10.415  1403  1790 D CompatibilityChangeReporter: Compat change id reported: 168419799; UID 10237; state: DISABLED
11-01 23:07:10.415  1403  1790 D CompatibilityChangeReporter: Compat change id reported: 273564678; UID 10237; state: DISABLED
11-01 23:07:10.422  1403  1403 I Telecom : DefaultDialerCache: Refreshing default dialer for user 0: now com.google.android.dialer: DDC.oR@AxI
11-01 23:07:10.433  1403  2914 D CompatibilityChangeReporter: Compat change id reported: 218533173; UID 10237; state: DISABLED
11-01 23:07:10.435  1403  1403 V BackupManagerConstants: getFullBackupIntervalMilliseconds(...) returns 86400000
11-01 23:07:10.435  1403  1403 V BackupManagerConstants: getFullBackupRequiredNetworkType(...) returns 2
11-01 23:07:10.435  1403  1403 V BackupManagerConstants: getFullBackupRequireCharging(...) returns true
11-01 23:07:10.441  1403  4217 W AppOps  : setUidMode() called with a mode inconsistent with runtime permission state, this is discouraged and you should revoke the runtime permission instead: uid=10126, switchCode=0, mode=4, permission=android.permission.ACCESS_BACKGROUND_LOCATION
11-01 23:07:10.449  1403  7135 W BroadcastQueue: u0 Receiving a broadcast in packagecom.android.buyer requires a permissions review
11-01 23:07:10.449  1403  7135 W BroadcastQueue: Skipping delivery: permission review required for Intent { act=android.intent.action.PACKAGE_ADDED dat=package: flg=0x4000010 (has extras) } from null (pid=1403, uid=1000) to com.android.buyer/.mRve
11-01 23:07:10.458  1403  1666 W BroadcastQueue: Background execution not allowed: receiving Intent { act=android.intent.action.PACKAGE_ADDED dat=package: flg=0x4000010 (has extras) } to com.google.android.packageinstaller/com.android.packageinstaller.PackageInstalledReceiver
11-01 23:07:10.458  1403  1666 W BroadcastQueue: Background execution not allowed: receiving Intent { act=android.intent.action.PACKAGE_ADDED dat=package: flg=0x4000010 (has extras) } to com.android.vending/com.google.android.finsky.packagemonitor.impl.PackageMonitorReceiverImpl$RegisteredReceiver
11-01 23:07:10.458  1403  1666 W BroadcastQueue: Background execution not allowed: receiving Intent { act=android.intent.action.PACKAGE_ADDED dat=package: flg=0x4000010 (has extras) } to com.android.vending/com.google.android.finsky.packagemonitor.backgroundimpl.BackgroundPackageMonitorReceiverImpl$RegisteredReceiver
11-01 23:07:10.458  1403  1666 W BroadcastQueue: Background execution not allowed: receiving Intent { act=android.intent.action.PACKAGE_ADDED dat=package: flg=0x4000010 (has extras) } to com.google.android.gms/.games.chimera.GamesSystemBroadcastReceiverProxy
11-01 23:07:10.458  1403  1666 W BroadcastQueue: Background execution not allowed: receiving Intent { act=android.intent.action.PACKAGE_ADDED dat=package: flg=0x4000010 (has extras) } to com.google.android.gms/.gass.chimera.PackageChangeBroadcastReceiver
11-01 23:07:10.458  1403  1666 W BroadcastQueue: Background execution not allowed: receiving Intent { act=android.intent.action.PACKAGE_ADDED dat=package: flg=0x4000010 (has extras) } to com.google.android.gms/.chimera.GmsIntentOperationService$PersistentTrustedReceiver
11-01 23:07:10.458  1403  1666 W BroadcastQueue: Background execution not allowed: receiving Intent { act=android.intent.action.PACKAGE_ADDED dat=package: flg=0x4000010 (has extras) } to com.google.android.googlequicksearchbox/com.google.android.apps.gsa.googlequicksearchbox.GelStubAppWatcher
11-01 23:07:10.462  1403  1666 W BroadcastQueue: u0 Receiving a broadcast in packagecom.cncd.japan.janli.shudu requires a permissions review
11-01 23:07:10.462  1403  1666 W BroadcastQueue: Skipping delivery: permission review required for Intent { act=android.intent.action.PACKAGE_ADDED dat=package: flg=0x4000010 (has extras) } from null (pid=1403, uid=1000) to com.cncd.japan.janli.shudu/net.l.k.r
11-01 23:07:10.462  1403  1666 W BroadcastQueue: u0 Receiving a broadcast in packagecom.cncd.japan.janli.shudu requires a permissions review
11-01 23:07:10.462  1403  1666 W BroadcastQueue: Skipping delivery: permission review required for Intent { act=android.intent.action.PACKAGE_ADDED dat=package: flg=0x4000010 (has extras) } from null (pid=1403, uid=1000) to com.cncd.japan.janli.shudu/com.feiwofour.coverscreen.SR
11-01 23:07:10.462  1403  1666 W BroadcastQueue: u0 Receiving a broadcast in packagecom.games.mengmeizhitd requires a permissions review
11-01 23:07:10.462  1403  1666 W BroadcastQueue: Skipping delivery: permission review required for Intent { act=android.intent.action.PACKAGE_ADDED dat=package: flg=0x4000010 (has extras) } from null (pid=1403, uid=1000) to com.games.mengmeizhitd/hjnw.ihjnw.i.isqly
11-01 23:07:10.462  1403  1666 W BroadcastQueue: u0 Receiving a broadcast in packagecom.hgperfko.yaeghrwx requires a permissions review
11-01 23:07:10.462  1403  1666 W BroadcastQueue: Skipping delivery: permission review required for Intent { act=android.intent.action.PACKAGE_ADDED dat=package: flg=0x4000010 (has extras) } from null (pid=1403, uid=1000) to com.hgperfko.yaeghrwx/.core.hLytdCQDBv
11-01 23:07:10.463  1403  1666 W BroadcastQueue: u0 Receiving a broadcast in packagecom.qiuqiu.dfmc requires a permissions review
11-01 23:07:10.463  1403  1666 W BroadcastQueue: Skipping delivery: permission review required for Intent { act=android.intent.action.PACKAGE_ADDED dat=package: flg=0x4000010 (has extras) } from null (pid=1403, uid=1000) to com.qiuqiu.dfmc/cn.jpush.android.service.PushReceiver
11-01 23:07:10.463  1403  1666 W BroadcastQueue: u0 Receiving a broadcast in packagecom.safesys.viruskiller requires a permissions review
11-01 23:07:10.463  1403  1666 W BroadcastQueue: Skipping delivery: permission review required for Intent { act=android.intent.action.PACKAGE_ADDED dat=package: flg=0x4000010 (has extras) } from null (pid=1403, uid=1000) to com.safesys.viruskiller/.ScanPackageBroadcast
11-01 23:07:10.463  1403  1666 W BroadcastQueue: u0 Receiving a broadcast in packagecom.uc108.mobile.sdgj.bd1 requires a permissions review
11-01 23:07:10.463  1403  1666 W BroadcastQueue: Skipping delivery: permission review required for Intent { act=android.intent.action.PACKAGE_ADDED dat=package: flg=0x4000010 (has extras) } from null (pid=1403, uid=1000) to com.uc108.mobile.sdgj.bd1/com.baidu.tiebasdk.service.InstallReceiver
11-01 23:07:10.463  1403  1666 W BroadcastQueue: u0 Receiving a broadcast in packageio.dcloud.H5BC6BF13 requires a permissions review
11-01 23:07:10.463  1403  1666 W BroadcastQueue: Skipping delivery: permission review required for Intent { act=android.intent.action.PACKAGE_ADDED dat=package: flg=0x4000010 (has extras) } from null (pid=1403, uid=1000) to io.dcloud.H5BC6BF13/io.dcloud.common.adapter.io.DownloadReceiver
11-01 23:07:10.465  1403  1403 I Telecom : DefaultDialerCache: Refreshing default dialer for user 0: now com.google.android.dialer: DDC.oR@AxM
11-01 23:07:10.467  1403  4163 W BackupTransportManager: Package com.android.msc enabled setting: 0
11-01 23:07:10.475  1403  1665 W WindowMagnificationMgr: requestConnection duplicated request: connect=false, mConnectionState=DISCONNECTED
11-01 23:07:10.491  1403  1786 E VerityUtils: Failed to measure fs-verity, errno 1: /data/app/~~KXSjoEk-6F4aDJRi6T4YWw==/com.android.msc-18A0juHprBpEd55zNv6llw==/base.apk
11-01 23:07:10.560  1403  5497 D CompatibilityChangeReporter: Compat change id reported: 161252188; UID 10237; state: DISABLED
11-01 23:07:10.577  1403  1665 W PackageManager: Failed registering loading progress callback. Package is fully loaded.
11-01 23:07:10.583  1403  1665 W WindowMagnificationMgr: requestConnection duplicated request: connect=false, mConnectionState=DISCONNECTED
11-01 23:07:10.648  1403  1472 W AppOps  : setUidMode() called with a mode inconsistent with runtime permission state, this is discouraged and you should revoke the runtime permission instead: uid=10126, switchCode=1, mode=4, permission=android.permission.ACCESS_BACKGROUND_LOCATION
11-01 23:07:10.650  1403  1472 W AppOps  : setUidMode() called with a mode inconsistent with runtime permission state, this is discouraged and you should revoke the runtime permission instead: uid=10126, switchCode=0, mode=4, permission=android.permission.ACCESS_BACKGROUND_LOCATION
11-01 23:07:10.786  1403  5497 I ActivityManager: Background started FGS: Allowed [callingPackage: com.google.android.apps.wellbeing; callingUid: 10120; uidState: BFGS; intent: Intent { cmp=com.google.android.apps.wellbeing/com.google.apps.tiktok.concurrent.InternalForegroundService (has extras) }; code:BACKGROUND_ACTIVITY_PERMISSION; tempAllowListReason:<null>; targetSdkVersion:33; callerTargetSdkVersion:33; startForegroundCount:0; bindFromPackage:null]
11-01 23:07:10.919  1403  1790 E PackageManager: ERROR: could not load root hash from incremental install
11-01 23:07:10.923  1403  2039 W PackageParsing: Ignoring duplicate uses-permissions/uses-permissions-sdk-m: android.permission.INTERNET in package: com.jr.narutoii at: Binary XML file line #10
11-01 23:07:10.923  1403  2039 W PackageParsing: Ignoring duplicate uses-permissions/uses-permissions-sdk-m: android.permission.ACCESS_NETWORK_STATE in package: com.jr.narutoii at: Binary XML file line #11
11-01 23:07:10.923  1403  2039 W PackageParsing: Ignoring duplicate uses-permissions/uses-permissions-sdk-m: android.permission.MOUNT_UNMOUNT_FILESYSTEMS in package: com.jr.narutoii at: Binary XML file line #13
11-01 23:07:10.923  1403  2039 W PackageParsing: Ignoring duplicate uses-permissions/uses-permissions-sdk-m: android.permission.WRITE_EXTERNAL_STORAGE in package: com.jr.narutoii at: Binary XML file line #14
11-01 23:07:10.924  1403  2039 W PackageParsing: Ignoring duplicate uses-permissions/uses-permissions-sdk-m: android.permission.INTERNET in package: com.jr.narutoii at: Binary XML file line #20
11-01 23:07:10.924  1403  2039 W PackageParsing: Ignoring duplicate uses-permissions/uses-permissions-sdk-m: android.permission.ACCESS_NETWORK_STATE in package: com.jr.narutoii at: Binary XML file line #21
11-01 23:07:10.924  1403  2039 W PackageParsing: Ignoring duplicate uses-permissions/uses-permissions-sdk-m: android.permission.READ_PHONE_STATE in package: com.jr.narutoii at: Binary XML file line #22
11-01 23:07:10.924  1403  2039 W PackageParsing: Ignoring duplicate uses-permissions/uses-permissions-sdk-m: android.permission.READ_PHONE_STATE in package: com.jr.narutoii at: Binary XML file line #35
11-01 23:07:10.924  1403  2039 W PackageParsing: Ignoring duplicate uses-permissions/uses-permissions-sdk-m: android.permission.ACCESS_NETWORK_STATE in package: com.jr.narutoii at: Binary XML file line #36
11-01 23:07:10.924  1403  2039 W PackageParsing: Ignoring duplicate uses-permissions/uses-permissions-sdk-m: android.permission.ACCESS_WIFI_STATE in package: com.jr.narutoii at: Binary XML file line #37
11-01 23:07:10.924  1403  2039 W PackageParsing: Ignoring duplicate uses-permissions/uses-permissions-sdk-m: android.permission.INTERNET in package: com.jr.narutoii at: Binary XML file line #38
11-01 23:07:10.924  1403  2039 W PackageParsing: Ignoring duplicate uses-permissions/uses-permissions-sdk-m: android.permission.WRITE_EXTERNAL_STORAGE in package: com.jr.narutoii at: Binary XML file line #39
11-01 23:07:10.924  1403  2039 W PackageParsing: Ignoring duplicate uses-permissions/uses-permissions-sdk-m: android.permission.READ_SMS in package: com.jr.narutoii at: Binary XML file line #48
11-01 23:07:10.924  1403  2039 W PackageParsing: Ignoring duplicate uses-permissions/uses-permissions-sdk-m: android.permission.SEND_SMS in package: com.jr.narutoii at: Binary XML file line #49
11-01 23:07:10.924  1403  2039 W PackageParsing: Ignoring duplicate uses-permissions/uses-permissions-sdk-m: android.permission.WRITE_SMS in package: com.jr.narutoii at: Binary XML file line #50
11-01 23:07:10.924  1403  2039 W PackageParsing: Ignoring duplicate uses-permissions/uses-permissions-sdk-m: android.permission.VIBRATE in package: com.jr.narutoii at: Binary XML file line #51
11-01 23:07:10.924  1403  2039 W PackageParsing: Ignoring duplicate uses-permissions/uses-permissions-sdk-m: android.permission.RECEIVE_BOOT_COMPLETED in package: com.jr.narutoii at: Binary XML file line #55
11-01 23:07:10.924  1403  2039 W PackageParsing: Ignoring duplicate uses-permissions/uses-permissions-sdk-m: android.permission.INTERNET in package: com.jr.narutoii at: Binary XML file line #142
11-01 23:07:10.934  1403  1790 I PackageManager: Integrity check passed for file:///data/app/vmdl1152704225.tmp
11-01 23:07:10.943  1403  1790 W PackageParsing: Ignoring duplicate uses-permissions/uses-permissions-sdk-m: android.permission.INTERNET in package: com.jr.narutoii at: Binary XML file line #10
11-01 23:07:10.943  1403  1790 W PackageParsing: Ignoring duplicate uses-permissions/uses-permissions-sdk-m: android.permission.ACCESS_NETWORK_STATE in package: com.jr.narutoii at: Binary XML file line #11
11-01 23:07:10.943  1403  1790 W PackageParsing: Ignoring duplicate uses-permissions/uses-permissions-sdk-m: android.permission.MOUNT_UNMOUNT_FILESYSTEMS in package: com.jr.narutoii at: Binary XML file line #13
11-01 23:07:10.943  1403  1790 W PackageParsing: Ignoring duplicate uses-permissions/uses-permissions-sdk-m: android.permission.WRITE_EXTERNAL_STORAGE in package: com.jr.narutoii at: Binary XML file line #14
11-01 23:07:10.944  1403  1790 W PackageParsing: Ignoring duplicate uses-permissions/uses-permissions-sdk-m: android.permission.INTERNET in package: com.jr.narutoii at: Binary XML file line #20
11-01 23:07:10.944  1403  1790 W PackageParsing: Ignoring duplicate uses-permissions/uses-permissions-sdk-m: android.permission.ACCESS_NETWORK_STATE in package: com.jr.narutoii at: Binary XML file line #21
11-01 23:07:10.944  1403  1790 W PackageParsing: Ignoring duplicate uses-permissions/uses-permissions-sdk-m: android.permission.READ_PHONE_STATE in package: com.jr.narutoii at: Binary XML file line #22
11-01 23:07:10.944  1403  1790 W PackageParsing: Ignoring duplicate uses-permissions/uses-permissions-sdk-m: android.permission.READ_PHONE_STATE in package: com.jr.narutoii at: Binary XML file line #35
11-01 23:07:10.944  1403  1790 W PackageParsing: Ignoring duplicate uses-permissions/uses-permissions-sdk-m: android.permission.ACCESS_NETWORK_STATE in package: com.jr.narutoii at: Binary XML file line #36
11-01 23:07:10.944  1403  1790 W PackageParsing: Ignoring duplicate uses-permissions/uses-permissions-sdk-m: android.permission.ACCESS_WIFI_STATE in package: com.jr.narutoii at: Binary XML file line #37
11-01 23:07:10.944  1403  1790 W PackageParsing: Ignoring duplicate uses-permissions/uses-permissions-sdk-m: android.permission.INTERNET in package: com.jr.narutoii at: Binary XML file line #38
11-01 23:07:10.944  1403  1790 W PackageParsing: Ignoring duplicate uses-permissions/uses-permissions-sdk-m: android.permission.WRITE_EXTERNAL_STORAGE in package: com.jr.narutoii at: Binary XML file line #39
11-01 23:07:10.944  1403  1790 W PackageParsing: Ignoring duplicate uses-permissions/uses-permissions-sdk-m: android.permission.READ_SMS in package: com.jr.narutoii at: Binary XML file line #48
11-01 23:07:10.944  1403  1790 W PackageParsing: Ignoring duplicate uses-permissions/uses-permissions-sdk-m: android.permission.SEND_SMS in package: com.jr.narutoii at: Binary XML file line #49
11-01 23:07:10.944  1403  1790 W PackageParsing: Ignoring duplicate uses-permissions/uses-permissions-sdk-m: android.permission.WRITE_SMS in package: com.jr.narutoii at: Binary XML file line #50
11-01 23:07:10.944  1403  1790 W PackageParsing: Ignoring duplicate uses-permissions/uses-permissions-sdk-m: android.permission.VIBRATE in package: com.jr.narutoii at: Binary XML file line #51
11-01 23:07:10.944  1403  1790 W PackageParsing: Ignoring duplicate uses-permissions/uses-permissions-sdk-m: android.permission.RECEIVE_BOOT_COMPLETED in package: com.jr.narutoii at: Binary XML file line #55
11-01 23:07:10.946  1403  1790 W PackageParsing: Ignoring duplicate uses-permissions/uses-permissions-sdk-m: android.permission.INTERNET in package: com.jr.narutoii at: Binary XML file line #142
11-01 23:07:11.005  1403  1651 V StorageManagerService: Package null has legacy storage
11-01 23:07:11.005  1403  1403 I NotificationService: Cannot find enqueued record for key: 0|com.google.android.apps.wellbeing|174344743|null|10120
11-01 23:07:11.129  1403  1790 V BackupManagerService: [UserID:0] restoreAtInstall pkg=com.jr.narutoii token=30 restoreSet=0
11-01 23:07:11.130  1403  1790 V BackupManagerService: [UserID:0] Finishing install immediately
11-01 23:07:11.132  1403  1790 D PackageInstallerSession: Marking session 1152704225 as applied
11-01 23:07:11.138  1403  1790 D CompatibilityChangeReporter: Compat change id reported: 168419799; UID 10238; state: DISABLED
11-01 23:07:11.138  1403  1790 D CompatibilityChangeReporter: Compat change id reported: 273564678; UID 10238; state: DISABLED
11-01 23:07:11.142  1403  2914 D CompatibilityChangeReporter: Compat change id reported: 218533173; UID 10238; state: DISABLED
11-01 23:07:11.142  1403  1666 W BroadcastQueue: u0 Receiving a broadcast in packagecom.android.buyer requires a permissions review
11-01 23:07:11.142  1403  1666 W BroadcastQueue: Skipping delivery: permission review required for Intent { act=android.intent.action.PACKAGE_ADDED dat=package: flg=0x4000010 (has extras) } from null (pid=1403, uid=1000) to com.android.buyer/.mRve
11-01 23:07:11.143  1403  1666 W BroadcastQueue: Background execution not allowed: receiving Intent { act=android.intent.action.PACKAGE_ADDED dat=package: flg=0x4000010 (has extras) } to com.google.android.packageinstaller/com.android.packageinstaller.PackageInstalledReceiver
11-01 23:07:11.143  1403  1666 W BroadcastQueue: Background execution not allowed: receiving Intent { act=android.intent.action.PACKAGE_ADDED dat=package: flg=0x4000010 (has extras) } to com.android.vending/com.google.android.finsky.packagemonitor.impl.PackageMonitorReceiverImpl$RegisteredReceiver
11-01 23:07:11.143  1403  1666 W BroadcastQueue: Background execution not allowed: receiving Intent { act=android.intent.action.PACKAGE_ADDED dat=package: flg=0x4000010 (has extras) } to com.android.vending/com.google.android.finsky.packagemonitor.backgroundimpl.BackgroundPackageMonitorReceiverImpl$RegisteredReceiver
11-01 23:07:11.143  1403  1666 W BroadcastQueue: Background execution not allowed: receiving Intent { act=android.intent.action.PACKAGE_ADDED dat=package: flg=0x4000010 (has extras) } to com.google.android.gms/.games.chimera.GamesSystemBroadcastReceiverProxy
11-01 23:07:11.143  1403  1666 W BroadcastQueue: Background execution not allowed: receiving Intent { act=android.intent.action.PACKAGE_ADDED dat=package: flg=0x4000010 (has extras) } to com.google.android.gms/.gass.chimera.PackageChangeBroadcastReceiver
11-01 23:07:11.143  1403  1403 I Telecom : DefaultDialerCache: Refreshing default dialer for user 0: now com.google.android.dialer: DDC.oR@Axg
11-01 23:07:11.145  1403  1666 W BroadcastQueue: Background execution not allowed: receiving Intent { act=android.intent.action.PACKAGE_ADDED dat=package: flg=0x4000010 (has extras) } to com.google.android.gms/.chimera.GmsIntentOperationService$PersistentTrustedReceiver
11-01 23:07:11.145  1403  1666 W BroadcastQueue: Background execution not allowed: receiving Intent { act=android.intent.action.PACKAGE_ADDED dat=package: flg=0x4000010 (has extras) } to com.google.android.googlequicksearchbox/com.google.android.apps.gsa.googlequicksearchbox.GelStubAppWatcher
11-01 23:07:11.145  1403  1666 W BroadcastQueue: u0 Receiving a broadcast in packagecom.cncd.japan.janli.shudu requires a permissions review
11-01 23:07:11.145  1403  1666 W BroadcastQueue: Skipping delivery: permission review required for Intent { act=android.intent.action.PACKAGE_ADDED dat=package: flg=0x4000010 (has extras) } from null (pid=1403, uid=1000) to com.cncd.japan.janli.shudu/net.l.k.r
11-01 23:07:11.150  1403  1666 W BroadcastQueue: u0 Receiving a broadcast in packagecom.cncd.japan.janli.shudu requires a permissions review
11-01 23:07:11.150  1403  1666 W BroadcastQueue: Skipping delivery: permission review required for Intent { act=android.intent.action.PACKAGE_ADDED dat=package: flg=0x4000010 (has extras) } from null (pid=1403, uid=1000) to com.cncd.japan.janli.shudu/com.feiwofour.coverscreen.SR
11-01 23:07:11.152  1403  1403 V BackupManagerConstants: getFullBackupIntervalMilliseconds(...) returns 86400000
11-01 23:07:11.152  1403  1403 V BackupManagerConstants: getFullBackupRequiredNetworkType(...) returns 2
11-01 23:07:11.152  1403  1403 V BackupManagerConstants: getFullBackupRequireCharging(...) returns true
11-01 23:07:11.152  1403  1666 W BroadcastQueue: u0 Receiving a broadcast in packagecom.games.mengmeizhitd requires a permissions review
11-01 23:07:11.152  1403  1666 W BroadcastQueue: Skipping delivery: permission review required for Intent { act=android.intent.action.PACKAGE_ADDED dat=package: flg=0x4000010 (has extras) } from null (pid=1403, uid=1000) to com.games.mengmeizhitd/hjnw.ihjnw.i.isqly
11-01 23:07:11.152  1403  1666 W BroadcastQueue: u0 Receiving a broadcast in packagecom.hgperfko.yaeghrwx requires a permissions review
11-01 23:07:11.152  1403  1666 W BroadcastQueue: Skipping delivery: permission review required for Intent { act=android.intent.action.PACKAGE_ADDED dat=package: flg=0x4000010 (has extras) } from null (pid=1403, uid=1000) to com.hgperfko.yaeghrwx/.core.hLytdCQDBv
