11-01 23:07:16.144  1403  1666 W BroadcastQueue: Skipping delivery: permission review required for Intent { act=android.intent.action.PACKAGE_ADDED dat=package: flg=0x4000010 (has extras) } from null (pid=1403, uid=1000) to com.uc108.mobile.sdgj.bd1/com.baidu.tiebasdk.service.InstallReceiver
11-01 23:07:16.144  1403  1666 W BroadcastQueue: u0 Receiving a broadcast in packagecom.voicebianshengjinglingwc.wxl requires a permissions review
11-01 23:07:16.144  1403  1666 W BroadcastQueue: Skipping delivery: permission review required for Intent { act=android.intent.action.PACKAGE_ADDED dat=package: flg=0x4000010 (has extras) } from null (pid=1403, uid=1000) to com.voicebianshengjinglingwc.wxl/mp.ruu.Ztjjwrj
11-01 23:07:16.144  1403  1666 W BroadcastQueue: u0 Receiving a broadcast in packageio.dcloud.H5BC6BF13 requires a permissions review
11-01 23:07:16.144  1403  1666 W BroadcastQueue: Skipping delivery: permission review required for Intent { act=android.intent.action.PACKAGE_ADDED dat=package: flg=0x4000010 (has extras) } from null (pid=1403, uid=1000) to io.dcloud.H5BC6BF13/io.dcloud.common.adapter.io.DownloadReceiver
11-01 23:07:16.148  1403  1403 V BackupManagerConstants: getFullBackupIntervalMilliseconds(...) returns 86400000
11-01 23:07:16.148  1403  1403 V BackupManagerConstants: getFullBackupRequiredNetworkType(...) returns 2
11-01 23:07:16.148  1403  1403 V BackupManagerConstants: getFullBackupRequireCharging(...) returns true
11-01 23:07:16.149  1403  1665 W WindowMagnificationMgr: requestConnection duplicated request: connect=false, mConnectionState=DISCONNECTED
11-01 23:07:16.166  1403  1786 E VerityUtils: Failed to measure fs-verity, errno 1: /data/app/~~9rAxPqN4CYNC93f52-cKWA==/com.kbwork.dygaqy-yAsVP7tPllS0hs7wXdJc1A==/base.apk
11-01 23:07:16.176  1403  1665 W PackageManager: Failed registering loading progress callback. Package is fully loaded.
11-01 23:07:16.189  1403  5119 D CompatibilityChangeReporter: Compat change id reported: 161252188; UID 10248; state: DISABLED
11-01 23:07:16.231  1403  1665 W WindowMagnificationMgr: requestConnection duplicated request: connect=false, mConnectionState=DISCONNECTED
11-01 23:07:16.282  1403  1403 I Telecom : DefaultDialerCache: Refreshing default dialer for user 0: now com.google.android.dialer: DDC.oR@A0k
11-01 23:07:16.298  1403  4163 W BackupTransportManager: Package com.kbwork.dygaqy enabled setting: 0
11-01 23:07:16.334  1403  1790 E PackageManager: ERROR: could not load root hash from incremental install
11-01 23:07:16.340  1403  2039 W PackageParsing: Ignoring duplicate uses-permissions/uses-permissions-sdk-m: android.permission.KILL_BACKGROUND_PROCESSES in package: rjpmscxyoicgj.rcmuksahjbgmzodorjn.pebcsfmlgnqxshaierbhj at: Binary XML file line #24
11-01 23:07:16.365  1403  1790 I PackageManager: Integrity check passed for file:///data/app/vmdl1044376427.tmp
11-01 23:07:16.372  1403  1790 W PackageParsing: Ignoring duplicate uses-permissions/uses-permissions-sdk-m: android.permission.KILL_BACKGROUND_PROCESSES in package: rjpmscxyoicgj.rcmuksahjbgmzodorjn.pebcsfmlgnqxshaierbhj at: Binary XML file line #24
11-01 23:07:16.377  1403  5520 W AppOps  : setUidMode() called with a mode inconsistent with runtime permission state, this is discouraged and you should revoke the runtime permission instead: uid=10126, switchCode=0, mode=4, permission=android.permission.ACCESS_BACKGROUND_LOCATION
11-01 23:07:16.441  1403  1651 V StorageManagerService: Package null does not have legacy storage
11-01 23:07:16.546  1403  5516 W AppOps  : setUidMode() called with a mode inconsistent with runtime permission state, this is discouraged and you should revoke the runtime permission instead: uid=10126, switchCode=1, mode=4, permission=android.permission.ACCESS_BACKGROUND_LOCATION
11-01 23:07:16.548  1403  4217 W AppOps  : setUidMode() called with a mode inconsistent with runtime permission state, this is discouraged and you should revoke the runtime permission instead: uid=10126, switchCode=0, mode=4, permission=android.permission.ACCESS_BACKGROUND_LOCATION
11-01 23:07:16.737  1403  1790 V BackupManagerService: [UserID:0] restoreAtInstall pkg=rjpmscxyoicgj.rcmuksahjbgmzodorjn.pebcsfmlgnqxshaierbhj token=3b restoreSet=0
11-01 23:07:16.737  1403  1790 V BackupManagerService: [UserID:0] Finishing install immediately
11-01 23:07:16.741  1403  1790 D PackageInstallerSession: Marking session 1044376427 as applied
11-01 23:07:16.742  1403  1790 D CompatibilityChangeReporter: Compat change id reported: 168419799; UID 10249; state: DISABLED
11-01 23:07:16.743  1403  1790 D CompatibilityChangeReporter: Compat change id reported: 273564678; UID 10249; state: DISABLED
11-01 23:07:16.748  1403  2914 D CompatibilityChangeReporter: Compat change id reported: 218533173; UID 10249; state: DISABLED
11-01 23:07:16.751  1403  1403 I Telecom : DefaultDialerCache: Refreshing default dialer for user 0: now com.google.android.dialer: DDC.oR@A0o
11-01 23:07:16.761  1403  1403 V BackupManagerConstants: getFullBackupIntervalMilliseconds(...) returns 86400000
11-01 23:07:16.761  1403  1403 V BackupManagerConstants: getFullBackupRequiredNetworkType(...) returns 2
11-01 23:07:16.761  1403  1403 V BackupManagerConstants: getFullBackupRequireCharging(...) returns true
11-01 23:07:16.777  1403  1403 I Telecom : DefaultDialerCache: Refreshing default dialer for user 0: now com.google.android.dialer: DDC.oR@A0s
11-01 23:07:16.790  1403  1665 W WindowMagnificationMgr: requestConnection duplicated request: connect=false, mConnectionState=DISCONNECTED
11-01 23:07:16.792  1403  1786 E VerityUtils: Failed to measure fs-verity, errno 1: /data/app/~~EcHiaAcii0jQOLMbG17IZQ==/rjpmscxyoicgj.rcmuksahjbgmzodorjn.pebcsfmlgnqxshaierbhj-eIcClb7CApT6gkrftKFpAA==/base.apk
11-01 23:07:16.814  1403  4194 D CompatibilityChangeReporter: Compat change id reported: 161252188; UID 10249; state: DISABLED
11-01 23:07:16.825  1403  4163 W BackupTransportManager: Package rjpmscxyoicgj.rcmuksahjbgmzodorjn.pebcsfmlgnqxshaierbhj enabled setting: 0
11-01 23:07:16.836  1403  5520 W BroadcastQueue: u0 Receiving a broadcast in packagecom.jr.narutoii requires a permissions review
11-01 23:07:16.836  1403  5520 W BroadcastQueue: Skipping delivery: permission review required for Intent { act=android.intent.action.PACKAGE_ADDED dat=package: flg=0x4000010 (has extras) } from null (pid=1403, uid=1000) to com.jr.narutoii/com.joyriver.engine.proxy.EngineReceiver
11-01 23:07:16.838  1403  1666 W BroadcastQueue: u0 Receiving a broadcast in packagecom.android.buyer requires a permissions review
11-01 23:07:16.838  1403  1666 W BroadcastQueue: Skipping delivery: permission review required for Intent { act=android.intent.action.PACKAGE_ADDED dat=package: flg=0x4000010 (has extras) } from null (pid=1403, uid=1000) to com.android.buyer/.mRve
11-01 23:07:16.838  1403  1666 W BroadcastQueue: Background execution not allowed: receiving Intent { act=android.intent.action.PACKAGE_ADDED dat=package: flg=0x4000010 (has extras) } to com.google.android.packageinstaller/com.android.packageinstaller.PackageInstalledReceiver
11-01 23:07:16.839  1403  1666 W BroadcastQueue: Background execution not allowed: receiving Intent { act=android.intent.action.PACKAGE_ADDED dat=package: flg=0x4000010 (has extras) } to com.android.vending/com.google.android.finsky.packagemonitor.impl.PackageMonitorReceiverImpl$RegisteredReceiver
11-01 23:07:16.839  1403  1666 W BroadcastQueue: Background execution not allowed: receiving Intent { act=android.intent.action.PACKAGE_ADDED dat=package: flg=0x4000010 (has extras) } to com.android.vending/com.google.android.finsky.packagemonitor.backgroundimpl.BackgroundPackageMonitorReceiverImpl$RegisteredReceiver
11-01 23:07:16.839  1403  1666 W BroadcastQueue: Background execution not allowed: receiving Intent { act=android.intent.action.PACKAGE_ADDED dat=package: flg=0x4000010 (has extras) } to com.google.android.gms/.games.chimera.GamesSystemBroadcastReceiverProxy
11-01 23:07:16.839  1403  1666 W BroadcastQueue: Background execution not allowed: receiving Intent { act=android.intent.action.PACKAGE_ADDED dat=package: flg=0x4000010 (has extras) } to com.google.android.gms/.gass.chimera.PackageChangeBroadcastReceiver
11-01 23:07:16.839  1403  1666 W BroadcastQueue: Background execution not allowed: receiving Intent { act=android.intent.action.PACKAGE_ADDED dat=package: flg=0x4000010 (has extras) } to com.google.android.gms/.chimera.GmsIntentOperationService$PersistentTrustedReceiver
11-01 23:07:16.839  1403  1666 W BroadcastQueue: Background execution not allowed: receiving Intent { act=android.intent.action.PACKAGE_ADDED dat=package: flg=0x4000010 (has extras) } to com.google.android.googlequicksearchbox/com.google.android.apps.gsa.googlequicksearchbox.GelStubAppWatcher
11-01 23:07:16.839  1403  1666 W BroadcastQueue: u0 Receiving a broadcast in packagecom.cncd.japan.janli.shudu requires a permissions review
11-01 23:07:16.839  1403  1666 W BroadcastQueue: Skipping delivery: permission review required for Intent { act=android.intent.action.PACKAGE_ADDED dat=package: flg=0x4000010 (has extras) } from null (pid=1403, uid=1000) to com.cncd.japan.janli.shudu/net.l.k.r
11-01 23:07:16.839  1403  1666 W BroadcastQueue: u0 Receiving a broadcast in packagecom.cncd.japan.janli.shudu requires a permissions review
11-01 23:07:16.839  1403  1666 W BroadcastQueue: Skipping delivery: permission review required for Intent { act=android.intent.action.PACKAGE_ADDED dat=package: flg=0x4000010 (has extras) } from null (pid=1403, uid=1000) to com.cncd.japan.janli.shudu/com.feiwofour.coverscreen.SR
11-01 23:07:16.839  1403  1666 W BroadcastQueue: u0 Receiving a broadcast in packagecom.games.mengmeizhitd requires a permissions review
11-01 23:07:16.839  1403  1666 W BroadcastQueue: Skipping delivery: permission review required for Intent { act=android.intent.action.PACKAGE_ADDED dat=package: flg=0x4000010 (has extras) } from null (pid=1403, uid=1000) to com.games.mengmeizhitd/hjnw.ihjnw.i.isqly
11-01 23:07:16.839  1403  1666 W BroadcastQueue: u0 Receiving a broadcast in packagecom.hgperfko.yaeghrwx requires a permissions review
11-01 23:07:16.839  1403  1666 W BroadcastQueue: Skipping delivery: permission review required for Intent { act=android.intent.action.PACKAGE_ADDED dat=package: flg=0x4000010 (has extras) } from null (pid=1403, uid=1000) to com.hgperfko.yaeghrwx/.core.hLytdCQDBv
11-01 23:07:16.839  1403  1666 W BroadcastQueue: u0 Receiving a broadcast in packagecom.qiuqiu.dfmc requires a permissions review
11-01 23:07:16.839  1403  1666 W BroadcastQueue: Skipping delivery: permission review required for Intent { act=android.intent.action.PACKAGE_ADDED dat=package: flg=0x4000010 (has extras) } from null (pid=1403, uid=1000) to com.qiuqiu.dfmc/cn.jpush.android.service.PushReceiver
11-01 23:07:16.839  1403  1666 W BroadcastQueue: u0 Receiving a broadcast in packagecom.safesys.viruskiller requires a permissions review
11-01 23:07:16.840  1403  1666 W BroadcastQueue: Skipping delivery: permission review required for Intent { act=android.intent.action.PACKAGE_ADDED dat=package: flg=0x4000010 (has extras) } from null (pid=1403, uid=1000) to com.safesys.viruskiller/.ScanPackageBroadcast
11-01 23:07:16.840  1403  1666 W BroadcastQueue: u0 Receiving a broadcast in packagecom.uc108.mobile.sdgj.bd1 requires a permissions review
11-01 23:07:16.840  1403  1666 W BroadcastQueue: Skipping delivery: permission review required for Intent { act=android.intent.action.PACKAGE_ADDED dat=package: flg=0x4000010 (has extras) } from null (pid=1403, uid=1000) to com.uc108.mobile.sdgj.bd1/com.baidu.tiebasdk.service.InstallReceiver
11-01 23:07:16.840  1403  1666 W BroadcastQueue: u0 Receiving a broadcast in packagecom.voicebianshengjinglingwc.wxl requires a permissions review
11-01 23:07:16.840  1403  1666 W BroadcastQueue: Skipping delivery: permission review required for Intent { act=android.intent.action.PACKAGE_ADDED dat=package: flg=0x4000010 (has extras) } from null (pid=1403, uid=1000) to com.voicebianshengjinglingwc.wxl/mp.ruu.Ztjjwrj
11-01 23:07:16.842  1403  1666 W BroadcastQueue: u0 Receiving a broadcast in packageio.dcloud.H5BC6BF13 requires a permissions review
11-01 23:07:16.842  1403  1666 W BroadcastQueue: Skipping delivery: permission review required for Intent { act=android.intent.action.PACKAGE_ADDED dat=package: flg=0x4000010 (has extras) } from null (pid=1403, uid=1000) to io.dcloud.H5BC6BF13/io.dcloud.common.adapter.io.DownloadReceiver
11-01 23:07:16.843  1403  1665 W PackageManager: Failed registering loading progress callback. Package is fully loaded.
11-01 23:07:16.851  1403  1665 W WindowMagnificationMgr: requestConnection duplicated request: connect=false, mConnectionState=DISCONNECTED
11-01 23:07:16.950  1403  1790 E PackageManager: ERROR: could not load root hash from incremental install
11-01 23:07:16.978  1403  1790 I PackageManager: Integrity check passed for file:///data/app/vmdl472179746.tmp
11-01 23:07:17.049  1403  1651 V StorageManagerService: Package null has legacy storage
11-01 23:07:17.209  1403  2984 W AppOps  : setUidMode() called with a mode inconsistent with runtime permission state, this is discouraged and you should revoke the runtime permission instead: uid=10126, switchCode=0, mode=4, permission=android.permission.ACCESS_BACKGROUND_LOCATION
11-01 23:07:17.266  1403  2984 W AppOps  : setUidMode() called with a mode inconsistent with runtime permission state, this is discouraged and you should revoke the runtime permission instead: uid=10126, switchCode=1, mode=4, permission=android.permission.ACCESS_BACKGROUND_LOCATION
11-01 23:07:17.268  1403  2984 I ActivityManager: Background started FGS: Allowed [callingPackage: com.google.android.apps.wellbeing; callingUid: 10120; uidState: BFGS; intent: Intent { cmp=com.google.android.apps.wellbeing/com.google.apps.tiktok.concurrent.InternalForegroundService (has extras) }; code:BACKGROUND_ACTIVITY_PERMISSION; tempAllowListReason:<null>; targetSdkVersion:33; callerTargetSdkVersion:33; startForegroundCount:0; bindFromPackage:null]
11-01 23:07:17.268  1403  5520 W AppOps  : setUidMode() called with a mode inconsistent with runtime permission state, this is discouraged and you should revoke the runtime permission instead: uid=10126, switchCode=0, mode=4, permission=android.permission.ACCESS_BACKGROUND_LOCATION
11-01 23:07:17.275  1403  1790 V BackupManagerService: [UserID:0] restoreAtInstall pkg=oaskok.rjsbiydsjifexwubpyuomxy.zslzeeeyzmnfnttztj token=3c restoreSet=0
11-01 23:07:17.275  1403  1790 V BackupManagerService: [UserID:0] Finishing install immediately
11-01 23:07:17.281  1403  1790 D PackageInstallerSession: Marking session 472179746 as applied
11-01 23:07:17.287  1403  1790 D CompatibilityChangeReporter: Compat change id reported: 168419799; UID 10250; state: DISABLED
11-01 23:07:17.287  1403  1790 D CompatibilityChangeReporter: Compat change id reported: 273564678; UID 10250; state: DISABLED
11-01 23:07:17.295  1403  2914 D CompatibilityChangeReporter: Compat change id reported: 218533173; UID 10250; state: DISABLED
11-01 23:07:17.296  1403  1403 I Telecom : DefaultDialerCache: Refreshing default dialer for user 0: now com.google.android.dialer: DDC.oR@A04
11-01 23:07:17.301  1403  5520 W BroadcastQueue: u0 Receiving a broadcast in packagecom.jr.narutoii requires a permissions review
11-01 23:07:17.301  1403  5520 W BroadcastQueue: Skipping delivery: permission review required for Intent { act=android.intent.action.PACKAGE_ADDED dat=package: flg=0x4000010 (has extras) } from null (pid=1403, uid=1000) to com.jr.narutoii/com.joyriver.engine.proxy.EngineReceiver
11-01 23:07:17.302  1403  1666 W BroadcastQueue: u0 Receiving a broadcast in packagecom.android.buyer requires a permissions review
11-01 23:07:17.303  1403  1666 W BroadcastQueue: Skipping delivery: permission review required for Intent { act=android.intent.action.PACKAGE_ADDED dat=package: flg=0x4000010 (has extras) } from null (pid=1403, uid=1000) to com.android.buyer/.mRve
11-01 23:07:17.303  1403  1666 W BroadcastQueue: Background execution not allowed: receiving Intent { act=android.intent.action.PACKAGE_ADDED dat=package: flg=0x4000010 (has extras) } to com.google.android.packageinstaller/com.android.packageinstaller.PackageInstalledReceiver
11-01 23:07:17.303  1403  1666 W BroadcastQueue: Background execution not allowed: receiving Intent { act=android.intent.action.PACKAGE_ADDED dat=package: flg=0x4000010 (has extras) } to com.android.vending/com.google.android.finsky.packagemonitor.impl.PackageMonitorReceiverImpl$RegisteredReceiver
11-01 23:07:17.303  1403  1666 W BroadcastQueue: Background execution not allowed: receiving Intent { act=android.intent.action.PACKAGE_ADDED dat=package: flg=0x4000010 (has extras) } to com.android.vending/com.google.android.finsky.packagemonitor.backgroundimpl.BackgroundPackageMonitorReceiverImpl$RegisteredReceiver
11-01 23:07:17.303  1403  1666 W BroadcastQueue: Background execution not allowed: receiving Intent { act=android.intent.action.PACKAGE_ADDED dat=package: flg=0x4000010 (has extras) } to com.google.android.gms/.games.chimera.GamesSystemBroadcastReceiverProxy
11-01 23:07:17.303  1403  1666 W BroadcastQueue: Background execution not allowed: receiving Intent { act=android.intent.action.PACKAGE_ADDED dat=package: flg=0x4000010 (has extras) } to com.google.android.gms/.gass.chimera.PackageChangeBroadcastReceiver
11-01 23:07:17.303  1403  1666 W BroadcastQueue: Background execution not allowed: receiving Intent { act=android.intent.action.PACKAGE_ADDED dat=package: flg=0x4000010 (has extras) } to com.google.android.gms/.chimera.GmsIntentOperationService$PersistentTrustedReceiver
11-01 23:07:17.303  1403  1666 W BroadcastQueue: Background execution not allowed: receiving Intent { act=android.intent.action.PACKAGE_ADDED dat=package: flg=0x4000010 (has extras) } to com.google.android.googlequicksearchbox/com.google.android.apps.gsa.googlequicksearchbox.GelStubAppWatcher
11-01 23:07:17.303  1403  1666 W BroadcastQueue: u0 Receiving a broadcast in packagecom.cncd.japan.janli.shudu requires a permissions review
11-01 23:07:17.303  1403  1666 W BroadcastQueue: Skipping delivery: permission review required for Intent { act=android.intent.action.PACKAGE_ADDED dat=package: flg=0x4000010 (has extras) } from null (pid=1403, uid=1000) to com.cncd.japan.janli.shudu/net.l.k.r
11-01 23:07:17.303  1403  1666 W BroadcastQueue: u0 Receiving a broadcast in packagecom.cncd.japan.janli.shudu requires a permissions review
11-01 23:07:17.303  1403  1666 W BroadcastQueue: Skipping delivery: permission review required for Intent { act=android.intent.action.PACKAGE_ADDED dat=package: flg=0x4000010 (has extras) } from null (pid=1403, uid=1000) to com.cncd.japan.janli.shudu/com.feiwofour.coverscreen.SR
11-01 23:07:17.303  1403  1666 W BroadcastQueue: u0 Receiving a broadcast in packagecom.games.mengmeizhitd requires a permissions review
11-01 23:07:17.303  1403  1666 W BroadcastQueue: Skipping delivery: permission review required for Intent { act=android.intent.action.PACKAGE_ADDED dat=package: flg=0x4000010 (has extras) } from null (pid=1403, uid=1000) to com.games.mengmeizhitd/hjnw.ihjnw.i.isqly
11-01 23:07:17.304  1403  1666 W BroadcastQueue: u0 Receiving a broadcast in packagecom.hgperfko.yaeghrwx requires a permissions review
11-01 23:07:17.304  1403  1666 W BroadcastQueue: Skipping delivery: permission review required for Intent { act=android.intent.action.PACKAGE_ADDED dat=package: flg=0x4000010 (has extras) } from null (pid=1403, uid=1000) to com.hgperfko.yaeghrwx/.core.hLytdCQDBv
11-01 23:07:17.304  1403  1666 W BroadcastQueue: u0 Receiving a broadcast in packagecom.qiuqiu.dfmc requires a permissions review
11-01 23:07:17.304  1403  1666 W BroadcastQueue: Skipping delivery: permission review required for Intent { act=android.intent.action.PACKAGE_ADDED dat=package: flg=0x4000010 (has extras) } from null (pid=1403, uid=1000) to com.qiuqiu.dfmc/cn.jpush.android.service.PushReceiver
11-01 23:07:17.304  1403  1666 W BroadcastQueue: u0 Receiving a broadcast in packagecom.safesys.viruskiller requires a permissions review
11-01 23:07:17.304  1403  1666 W BroadcastQueue: Skipping delivery: permission review required for Intent { act=android.intent.action.PACKAGE_ADDED dat=package: flg=0x4000010 (has extras) } from null (pid=1403, uid=1000) to com.safesys.viruskiller/.ScanPackageBroadcast
11-01 23:07:17.304  1403  1666 W BroadcastQueue: u0 Receiving a broadcast in packagecom.uc108.mobile.sdgj.bd1 requires a permissions review
11-01 23:07:17.304  1403  1666 W BroadcastQueue: Skipping delivery: permission review required for Intent { act=android.intent.action.PACKAGE_ADDED dat=package: flg=0x4000010 (has extras) } from null (pid=1403, uid=1000) to com.uc108.mobile.sdgj.bd1/com.baidu.tiebasdk.service.InstallReceiver
11-01 23:07:17.304  1403  1666 W BroadcastQueue: u0 Receiving a broadcast in packagecom.voicebianshengjinglingwc.wxl requires a permissions review
11-01 23:07:17.304  1403  1666 W BroadcastQueue: Skipping delivery: permission review required for Intent { act=android.intent.action.PACKAGE_ADDED dat=package: flg=0x4000010 (has extras) } from null (pid=1403, uid=1000) to com.voicebianshengjinglingwc.wxl/mp.ruu.Ztjjwrj
11-01 23:07:17.304  1403  1666 W BroadcastQueue: u0 Receiving a broadcast in packageio.dcloud.H5BC6BF13 requires a permissions review
11-01 23:07:17.304  1403  1666 W BroadcastQueue: Skipping delivery: permission review required for Intent { act=android.intent.action.PACKAGE_ADDED dat=package: flg=0x4000010 (has extras) } from null (pid=1403, uid=1000) to io.dcloud.H5BC6BF13/io.dcloud.common.adapter.io.DownloadReceiver
11-01 23:07:17.307  1403  1403 V BackupManagerConstants: getFullBackupIntervalMilliseconds(...) returns 86400000
11-01 23:07:17.307  1403  1403 V BackupManagerConstants: getFullBackupRequiredNetworkType(...) returns 2
11-01 23:07:17.307  1403  1403 V BackupManagerConstants: getFullBackupRequireCharging(...) returns true
11-01 23:07:17.336  1403  1786 E VerityUtils: Failed to measure fs-verity, errno 1: /data/app/~~RjoXHwq08whjej_iFBt5Mg==/oaskok.rjsbiydsjifexwubpyuomxy.zslzeeeyzmnfnttztj-cBZjQZEfKoh5i9-0lNKbVA==/base.apk
11-01 23:07:17.349  1403  5516 D CompatibilityChangeReporter: Compat change id reported: 161252188; UID 10250; state: DISABLED
11-01 23:07:17.351  1403  1665 W WindowMagnificationMgr: requestConnection duplicated request: connect=false, mConnectionState=DISCONNECTED
11-01 23:07:17.389  1403  1403 I Telecom : DefaultDialerCache: Refreshing default dialer for user 0: now com.google.android.dialer: DDC.oR@A08
11-01 23:07:17.413  1403  1665 W PackageManager: Failed registering loading progress callback. Package is fully loaded.
11-01 23:07:17.417  1403  4163 W BackupTransportManager: Package oaskok.rjsbiydsjifexwubpyuomxy.zslzeeeyzmnfnttztj enabled setting: 0
11-01 23:07:17.437  1403  1665 W WindowMagnificationMgr: requestConnection duplicated request: connect=false, mConnectionState=DISCONNECTED
11-01 23:07:17.441  1403  1790 E PackageManager: ERROR: could not load root hash from incremental install
11-01 23:07:17.467  1403  2039 W PackageParsing: Ignoring duplicate uses-permissions/uses-permissions-sdk-m: android.permission.DISABLE_KEYGUARD in package: com.lfnb.ccrh at: Binary XML file line #24
11-01 23:07:17.473  1403  1403 I NotificationService: Cannot find enqueued record for key: 0|com.google.android.apps.wellbeing|174344743|null|10120
11-01 23:07:17.479  1403  1790 I PackageManager: Integrity check passed for file:///data/app/vmdl1120317949.tmp
11-01 23:07:17.487  1403  1790 W PackageParsing: Ignoring duplicate uses-permissions/uses-permissions-sdk-m: android.permission.DISABLE_KEYGUARD in package: com.lfnb.ccrh at: Binary XML file line #24
11-01 23:07:17.560  1403  1651 V StorageManagerService: Package null has legacy storage
11-01 23:07:17.678  1403  1790 V BackupManagerService: [UserID:0] restoreAtInstall pkg=com.lfnb.ccrh token=3d restoreSet=0
11-01 23:07:17.678  1403  1790 V BackupManagerService: [UserID:0] Finishing install immediately
11-01 23:07:17.680  1403  1790 D PackageInstallerSession: Marking session 1120317949 as applied
11-01 23:07:17.686  1403  1790 D CompatibilityChangeReporter: Compat change id reported: 168419799; UID 10251; state: DISABLED
11-01 23:07:17.687  1403  1790 D CompatibilityChangeReporter: Compat change id reported: 273564678; UID 10251; state: DISABLED
11-01 23:07:17.697  1403  2914 D CompatibilityChangeReporter: Compat change id reported: 218533173; UID 10251; state: DISABLED
11-01 23:07:17.699  1403  1665 W WindowMagnificationMgr: requestConnection duplicated request: connect=false, mConnectionState=DISCONNECTED
11-01 23:07:17.709  1403  7135 W BroadcastQueue: u0 Receiving a broadcast in packagecom.jr.narutoii requires a permissions review
11-01 23:07:17.709  1403  7135 W BroadcastQueue: Skipping delivery: permission review required for Intent { act=android.intent.action.PACKAGE_ADDED dat=package: flg=0x4000010 (has extras) } from null (pid=1403, uid=1000) to com.jr.narutoii/com.joyriver.engine.proxy.EngineReceiver
11-01 23:07:17.709  1403  1403 I Telecom : DefaultDialerCache: Refreshing default dialer for user 0: now com.google.android.dialer: DDC.oR@A1Q
11-01 23:07:17.714  1403  1666 W BroadcastQueue: u0 Receiving a broadcast in packagecom.android.buyer requires a permissions review
11-01 23:07:17.714  1403  1666 W BroadcastQueue: Skipping delivery: permission review required for Intent { act=android.intent.action.PACKAGE_ADDED dat=package: flg=0x4000010 (has extras) } from null (pid=1403, uid=1000) to com.android.buyer/.mRve
11-01 23:07:17.714  1403  1666 W BroadcastQueue: Background execution not allowed: receiving Intent { act=android.intent.action.PACKAGE_ADDED dat=package: flg=0x4000010 (has extras) } to com.google.android.packageinstaller/com.android.packageinstaller.PackageInstalledReceiver
11-01 23:07:17.717  1403  1666 W BroadcastQueue: Background execution not allowed: receiving Intent { act=android.intent.action.PACKAGE_ADDED dat=package: flg=0x4000010 (has extras) } to com.android.vending/com.google.android.finsky.packagemonitor.impl.PackageMonitorReceiverImpl$RegisteredReceiver
11-01 23:07:17.719  1403  1666 W BroadcastQueue: Background execution not allowed: receiving Intent { act=android.intent.action.PACKAGE_ADDED dat=package: flg=0x4000010 (has extras) } to com.android.vending/com.google.android.finsky.packagemonitor.backgroundimpl.BackgroundPackageMonitorReceiverImpl$RegisteredReceiver
11-01 23:07:17.720  1403  1666 W BroadcastQueue: Background execution not allowed: receiving Intent { act=android.intent.action.PACKAGE_ADDED dat=package: flg=0x4000010 (has extras) } to com.google.android.gms/.games.chimera.GamesSystemBroadcastReceiverProxy
11-01 23:07:17.720  1403  1666 W BroadcastQueue: Background execution not allowed: receiving Intent { act=android.intent.action.PACKAGE_ADDED dat=package: flg=0x4000010 (has extras) } to com.google.android.gms/.gass.chimera.PackageChangeBroadcastReceiver
11-01 23:07:17.720  1403  1666 W BroadcastQueue: Background execution not allowed: receiving Intent { act=android.intent.action.PACKAGE_ADDED dat=package: flg=0x4000010 (has extras) } to com.google.android.gms/.chimera.GmsIntentOperationService$PersistentTrustedReceiver
11-01 23:07:17.720  1403  1666 W BroadcastQueue: Background execution not allowed: receiving Intent { act=android.intent.action.PACKAGE_ADDED dat=package: flg=0x4000010 (has extras) } to com.google.android.googlequicksearchbox/com.google.android.apps.gsa.googlequicksearchbox.GelStubAppWatcher
11-01 23:07:17.720  1403  1666 W BroadcastQueue: u0 Receiving a broadcast in packagecom.cncd.japan.janli.shudu requires a permissions review
11-01 23:07:17.720  1403  1666 W BroadcastQueue: Skipping delivery: permission review required for Intent { act=android.intent.action.PACKAGE_ADDED dat=package: flg=0x4000010 (has extras) } from null (pid=1403, uid=1000) to com.cncd.japan.janli.shudu/net.l.k.r
11-01 23:07:17.720  1403  1666 W BroadcastQueue: u0 Receiving a broadcast in packagecom.cncd.japan.janli.shudu requires a permissions review
11-01 23:07:17.720  1403  1666 W BroadcastQueue: Skipping delivery: permission review required for Intent { act=android.intent.action.PACKAGE_ADDED dat=package: flg=0x4000010 (has extras) } from null (pid=1403, uid=1000) to com.cncd.japan.janli.shudu/com.feiwofour.coverscreen.SR
11-01 23:07:17.720  1403  1666 W BroadcastQueue: u0 Receiving a broadcast in packagecom.games.mengmeizhitd requires a permissions review
11-01 23:07:17.720  1403  1666 W BroadcastQueue: Skipping delivery: permission review required for Intent { act=android.intent.action.PACKAGE_ADDED dat=package: flg=0x4000010 (has extras) } from null (pid=1403, uid=1000) to com.games.mengmeizhitd/hjnw.ihjnw.i.isqly
11-01 23:07:17.720  1403  1666 W BroadcastQueue: u0 Receiving a broadcast in packagecom.hgperfko.yaeghrwx requires a permissions review
11-01 23:07:17.720  1403  1666 W BroadcastQueue: Skipping delivery: permission review required for Intent { act=android.intent.action.PACKAGE_ADDED dat=package: flg=0x4000010 (has extras) } from null (pid=1403, uid=1000) to com.hgperfko.yaeghrwx/.core.hLytdCQDBv
11-01 23:07:17.720  1403  1666 W BroadcastQueue: u0 Receiving a broadcast in packagecom.qiuqiu.dfmc requires a permissions review
11-01 23:07:17.720  1403  1666 W BroadcastQueue: Skipping delivery: permission review required for Intent { act=android.intent.action.PACKAGE_ADDED dat=package: flg=0x4000010 (has extras) } from null (pid=1403, uid=1000) to com.qiuqiu.dfmc/cn.jpush.android.service.PushReceiver
11-01 23:07:17.720  1403  1666 W BroadcastQueue: u0 Receiving a broadcast in packagecom.safesys.viruskiller requires a permissions review
11-01 23:07:17.721  1403  1666 W BroadcastQueue: Skipping delivery: permission review required for Intent { act=android.intent.action.PACKAGE_ADDED dat=package: flg=0x4000010 (has extras) } from null (pid=1403, uid=1000) to com.safesys.viruskiller/.ScanPackageBroadcast
11-01 23:07:17.721  1403  1666 W BroadcastQueue: u0 Receiving a broadcast in packagecom.uc108.mobile.sdgj.bd1 requires a permissions review
11-01 23:07:17.721  1403  1666 W BroadcastQueue: Skipping delivery: permission review required for Intent { act=android.intent.action.PACKAGE_ADDED dat=package: flg=0x4000010 (has extras) } from null (pid=1403, uid=1000) to com.uc108.mobile.sdgj.bd1/com.baidu.tiebasdk.service.InstallReceiver
11-01 23:07:17.721  1403  1666 W BroadcastQueue: u0 Receiving a broadcast in packagecom.voicebianshengjinglingwc.wxl requires a permissions review
11-01 23:07:17.721  1403  1666 W BroadcastQueue: Skipping delivery: permission review required for Intent { act=android.intent.action.PACKAGE_ADDED dat=package: flg=0x4000010 (has extras) } from null (pid=1403, uid=1000) to com.voicebianshengjinglingwc.wxl/mp.ruu.Ztjjwrj
11-01 23:07:17.721  1403  1666 W BroadcastQueue: u0 Receiving a broadcast in packageio.dcloud.H5BC6BF13 requires a permissions review
11-01 23:07:17.721  1403  1666 W BroadcastQueue: Skipping delivery: permission review required for Intent { act=android.intent.action.PACKAGE_ADDED dat=package: flg=0x4000010 (has extras) } from null (pid=1403, uid=1000) to io.dcloud.H5BC6BF13/io.dcloud.common.adapter.io.DownloadReceiver
11-01 23:07:17.727  1403  1403 V BackupManagerConstants: getFullBackupIntervalMilliseconds(...) returns 86400000
11-01 23:07:17.727  1403  1403 V BackupManagerConstants: getFullBackupRequiredNetworkType(...) returns 2
11-01 23:07:17.727  1403  1403 V BackupManagerConstants: getFullBackupRequireCharging(...) returns true
11-01 23:07:17.732  1403  1665 W PackageManager: Failed registering loading progress callback. Package is fully loaded.
11-01 23:07:17.749  1403  1786 E VerityUtils: Failed to measure fs-verity, errno 1: /data/app/~~ITPMv1aQAp1WLWbpLlU3ug==/com.lfnb.ccrh-lRlutsVCtdEWIcaWwcbXlw==/base.apk
11-01 23:07:17.759  1403  1403 I Telecom : DefaultDialerCache: Refreshing default dialer for user 0: now com.google.android.dialer: DDC.oR@A1U
11-01 23:07:17.761  1403  1665 W WindowMagnificationMgr: requestConnection duplicated request: connect=false, mConnectionState=DISCONNECTED
11-01 23:07:17.779  1403  7092 D CompatibilityChangeReporter: Compat change id reported: 161252188; UID 10251; state: DISABLED
11-01 23:07:17.806  1403  4163 W BackupTransportManager: Package com.lfnb.ccrh enabled setting: 0
11-01 23:07:17.811  1403  1790 E PackageManager: ERROR: could not load root hash from incremental install
11-01 23:07:17.845  1403  1790 I PackageManager: Integrity check passed for file:///data/app/vmdl723226182.tmp
11-01 23:07:18.028  1403  1651 V StorageManagerService: Package null has legacy storage
11-01 23:07:18.154  1403  1790 V BackupManagerService: [UserID:0] restoreAtInstall pkg=com.android.system.admin token=3e restoreSet=0
11-01 23:07:18.155  1403  1790 V BackupManagerService: [UserID:0] Finishing install immediately
11-01 23:07:18.157  1403  1790 D PackageInstallerSession: Marking session 723226182 as applied
11-01 23:07:18.159  1403  1790 D CompatibilityChangeReporter: Compat change id reported: 168419799; UID 10252; state: DISABLED
11-01 23:07:18.159  1403  1790 D CompatibilityChangeReporter: Compat change id reported: 273564678; UID 10252; state: DISABLED
11-01 23:07:18.162  1403  2914 D CompatibilityChangeReporter: Compat change id reported: 218533173; UID 10252; state: DISABLED
11-01 23:07:18.173  1403  5119 W BroadcastQueue: u0 Receiving a broadcast in packagecom.jr.narutoii requires a permissions review
11-01 23:07:18.174  1403  5119 W BroadcastQueue: Skipping delivery: permission review required for Intent { act=android.intent.action.PACKAGE_ADDED dat=package: flg=0x4000010 (has extras) } from null (pid=1403, uid=1000) to com.jr.narutoii/com.joyriver.engine.proxy.EngineReceiver
11-01 23:07:18.176  1403  1665 W WindowMagnificationMgr: requestConnection duplicated request: connect=false, mConnectionState=DISCONNECTED
11-01 23:07:18.178  1403  1666 W BroadcastQueue: u0 Receiving a broadcast in packagecom.android.buyer requires a permissions review
11-01 23:07:18.178  1403  1666 W BroadcastQueue: Skipping delivery: permission review required for Intent { act=android.intent.action.PACKAGE_ADDED dat=package: flg=0x4000010 (has extras) } from null (pid=1403, uid=1000) to com.android.buyer/.mRve
11-01 23:07:18.179  1403  1666 W BroadcastQueue: Background execution not allowed: receiving Intent { act=android.intent.action.PACKAGE_ADDED dat=package: flg=0x4000010 (has extras) } to com.google.android.packageinstaller/com.android.packageinstaller.PackageInstalledReceiver
11-01 23:07:18.179  1403  1666 W BroadcastQueue: Background execution not allowed: receiving Intent { act=android.intent.action.PACKAGE_ADDED dat=package: flg=0x4000010 (has extras) } to com.android.vending/com.google.android.finsky.packagemonitor.impl.PackageMonitorReceiverImpl$RegisteredReceiver
11-01 23:07:18.179  1403  1666 W BroadcastQueue: Background execution not allowed: receiving Intent { act=android.intent.action.PACKAGE_ADDED dat=package: flg=0x4000010 (has extras) } to com.android.vending/com.google.android.finsky.packagemonitor.backgroundimpl.BackgroundPackageMonitorReceiverImpl$RegisteredReceiver
11-01 23:07:18.179  1403  1666 W BroadcastQueue: Background execution not allowed: receiving Intent { act=android.intent.action.PACKAGE_ADDED dat=package: flg=0x4000010 (has extras) } to com.google.android.gms/.games.chimera.GamesSystemBroadcastReceiverProxy
11-01 23:07:18.179  1403  1666 W BroadcastQueue: Background execution not allowed: receiving Intent { act=android.intent.action.PACKAGE_ADDED dat=package: flg=0x4000010 (has extras) } to com.google.android.gms/.gass.chimera.PackageChangeBroadcastReceiver
11-01 23:07:18.179  1403  1666 W BroadcastQueue: Background execution not allowed: receiving Intent { act=android.intent.action.PACKAGE_ADDED dat=package: flg=0x4000010 (has extras) } to com.google.android.gms/.chimera.GmsIntentOperationService$PersistentTrustedReceiver
11-01 23:07:18.179  1403  1666 W BroadcastQueue: Background execution not allowed: receiving Intent { act=android.intent.action.PACKAGE_ADDED dat=package: flg=0x4000010 (has extras) } to com.google.android.googlequicksearchbox/com.google.android.apps.gsa.googlequicksearchbox.GelStubAppWatcher
11-01 23:07:18.179  1403  1666 W BroadcastQueue: u0 Receiving a broadcast in packagecom.cncd.japan.janli.shudu requires a permissions review
11-01 23:07:18.179  1403  1666 W BroadcastQueue: Skipping delivery: permission review required for Intent { act=android.intent.action.PACKAGE_ADDED dat=package: flg=0x4000010 (has extras) } from null (pid=1403, uid=1000) to com.cncd.japan.janli.shudu/net.l.k.r
11-01 23:07:18.179  1403  1666 W BroadcastQueue: u0 Receiving a broadcast in packagecom.cncd.japan.janli.shudu requires a permissions review
11-01 23:07:18.179  1403  1666 W BroadcastQueue: Skipping delivery: permission review required for Intent { act=android.intent.action.PACKAGE_ADDED dat=package: flg=0x4000010 (has extras) } from null (pid=1403, uid=1000) to com.cncd.japan.janli.shudu/com.feiwofour.coverscreen.SR
11-01 23:07:18.179  1403  1666 W BroadcastQueue: u0 Receiving a broadcast in packagecom.games.mengmeizhitd requires a permissions review
11-01 23:07:18.179  1403  1666 W BroadcastQueue: Skipping delivery: permission review required for Intent { act=android.intent.action.PACKAGE_ADDED dat=package: flg=0x4000010 (has extras) } from null (pid=1403, uid=1000) to com.games.mengmeizhitd/hjnw.ihjnw.i.isqly
11-01 23:07:18.179  1403  1666 W BroadcastQueue: u0 Receiving a broadcast in packagecom.hgperfko.yaeghrwx requires a permissions review
11-01 23:07:18.179  1403  1666 W BroadcastQueue: Skipping delivery: permission review required for Intent { act=android.intent.action.PACKAGE_ADDED dat=package: flg=0x4000010 (has extras) } from null (pid=1403, uid=1000) to com.hgperfko.yaeghrwx/.core.hLytdCQDBv
11-01 23:07:18.179  1403  1666 W BroadcastQueue: u0 Receiving a broadcast in packagecom.qiuqiu.dfmc requires a permissions review
11-01 23:07:18.179  1403  1666 W BroadcastQueue: Skipping delivery: permission review required for Intent { act=android.intent.action.PACKAGE_ADDED dat=package: flg=0x4000010 (has extras) } from null (pid=1403, uid=1000) to com.qiuqiu.dfmc/cn.jpush.android.service.PushReceiver
11-01 23:07:18.179  1403  1666 W BroadcastQueue: u0 Receiving a broadcast in packagecom.safesys.viruskiller requires a permissions review
11-01 23:07:18.179  1403  1666 W BroadcastQueue: Skipping delivery: permission review required for Intent { act=android.intent.action.PACKAGE_ADDED dat=package: flg=0x4000010 (has extras) } from null (pid=1403, uid=1000) to com.safesys.viruskiller/.ScanPackageBroadcast
11-01 23:07:18.179  1403  1666 W BroadcastQueue: u0 Receiving a broadcast in packagecom.uc108.mobile.sdgj.bd1 requires a permissions review
11-01 23:07:18.179  1403  1666 W BroadcastQueue: Skipping delivery: permission review required for Intent { act=android.intent.action.PACKAGE_ADDED dat=package: flg=0x4000010 (has extras) } from null (pid=1403, uid=1000) to com.uc108.mobile.sdgj.bd1/com.baidu.tiebasdk.service.InstallReceiver
11-01 23:07:18.179  1403  1666 W BroadcastQueue: u0 Receiving a broadcast in packagecom.voicebianshengjinglingwc.wxl requires a permissions review
11-01 23:07:18.179  1403  1666 W BroadcastQueue: Skipping delivery: permission review required for Intent { act=android.intent.action.PACKAGE_ADDED dat=package: flg=0x4000010 (has extras) } from null (pid=1403, uid=1000) to com.voicebianshengjinglingwc.wxl/mp.ruu.Ztjjwrj
11-01 23:07:18.179  1403  1666 W BroadcastQueue: u0 Receiving a broadcast in packageio.dcloud.H5BC6BF13 requires a permissions review
11-01 23:07:18.179  1403  1666 W BroadcastQueue: Skipping delivery: permission review required for Intent { act=android.intent.action.PACKAGE_ADDED dat=package: flg=0x4000010 (has extras) } from null (pid=1403, uid=1000) to io.dcloud.H5BC6BF13/io.dcloud.common.adapter.io.DownloadReceiver
11-01 23:07:18.189  1403  1403 I Telecom : DefaultDialerCache: Refreshing default dialer for user 0: now com.google.android.dialer: DDC.oR@A1g
11-01 23:07:18.201  1403  1403 V BackupManagerConstants: getFullBackupIntervalMilliseconds(...) returns 86400000
11-01 23:07:18.201  1403  1403 V BackupManagerConstants: getFullBackupRequiredNetworkType(...) returns 2
11-01 23:07:18.201  1403  1403 V BackupManagerConstants: getFullBackupRequireCharging(...) returns true
11-01 23:07:18.207  1403  1665 W PackageManager: Failed registering loading progress callback. Package is fully loaded.
11-01 23:07:18.208  1403  1786 E VerityUtils: Failed to measure fs-verity, errno 1: /data/app/~~6xGumsz8Fro4Pmuvcv69Bg==/com.android.system.admin-YrQBxoqyNualvNUgnx1qdA==/base.apk
11-01 23:07:18.224  1403  3209 D CompatibilityChangeReporter: Compat change id reported: 161252188; UID 10252; state: DISABLED
11-01 23:07:18.239  1403  1665 W WindowMagnificationMgr: requestConnection duplicated request: connect=false, mConnectionState=DISCONNECTED
11-01 23:07:18.256  1403  1403 I Telecom : DefaultDialerCache: Refreshing default dialer for user 0: now com.google.android.dialer: DDC.oR@A1k
11-01 23:07:18.279  1403  4163 W BackupTransportManager: Package com.android.system.admin enabled setting: 0
11-01 23:07:18.349  1403  7135 I ActivityManager: Background started FGS: Allowed [callingPackage: com.google.android.apps.wellbeing; callingUid: 10120; uidState: BFGS; intent: Intent { cmp=com.google.android.apps.wellbeing/com.google.apps.tiktok.concurrent.InternalForegroundService (has extras) }; code:BACKGROUND_ACTIVITY_PERMISSION; tempAllowListReason:<null>; targetSdkVersion:33; callerTargetSdkVersion:33; startForegroundCount:0; bindFromPackage:null]
11-01 23:07:18.357  1403  1790 E PackageManager: ERROR: could not load root hash from incremental install
11-01 23:07:18.365  1403  3208 W AppOps  : setUidMode() called with a mode inconsistent with runtime permission state, this is discouraged and you should revoke the runtime permission instead: uid=10126, switchCode=0, mode=4, permission=android.permission.ACCESS_BACKGROUND_LOCATION
11-01 23:07:18.366  1403  2039 W PackageParsing: Ignoring duplicate uses-permissions/uses-permissions-sdk-m: android.permission.WAKE_LOCK in package: yeyrm.ywoqeyfxty.hdp at: Binary XML file line #24
11-01 23:07:18.385  1403  1790 I PackageManager: Integrity check passed for file:///data/app/vmdl1142257571.tmp
11-01 23:07:18.405  1403  1790 W PackageParsing: Ignoring duplicate uses-permissions/uses-permissions-sdk-m: android.permission.WAKE_LOCK in package: yeyrm.ywoqeyfxty.hdp at: Binary XML file line #24
11-01 23:07:18.485  1403  1651 V StorageManagerService: Package null has legacy storage
11-01 23:07:18.563  1403  1403 I NotificationService: Cannot find enqueued record for key: 0|com.google.android.apps.wellbeing|174344743|null|10120
11-01 23:07:18.581  1403  4195 W AppOps  : setUidMode() called with a mode inconsistent with runtime permission state, this is discouraged and you should revoke the runtime permission instead: uid=10126, switchCode=1, mode=4, permission=android.permission.ACCESS_BACKGROUND_LOCATION
11-01 23:07:18.585  1403  2936 W AppOps  : setUidMode() called with a mode inconsistent with runtime permission state, this is discouraged and you should revoke the runtime permission instead: uid=10126, switchCode=0, mode=4, permission=android.permission.ACCESS_BACKGROUND_LOCATION
11-01 23:07:18.728  1403  1790 V BackupManagerService: [UserID:0] restoreAtInstall pkg=yeyrm.ywoqeyfxty.hdp token=3f restoreSet=0
11-01 23:07:18.728  1403  1790 V BackupManagerService: [UserID:0] Finishing install immediately
11-01 23:07:18.732  1403  1790 D PackageInstallerSession: Marking session 1142257571 as applied
11-01 23:07:18.736  1403  1790 D CompatibilityChangeReporter: Compat change id reported: 168419799; UID 10253; state: DISABLED
11-01 23:07:18.736  1403  1790 D CompatibilityChangeReporter: Compat change id reported: 273564678; UID 10253; state: DISABLED
11-01 23:07:18.741  1403  2914 D CompatibilityChangeReporter: Compat change id reported: 218533173; UID 10253; state: DISABLED
11-01 23:07:18.770  1403  1403 I Telecom : DefaultDialerCache: Refreshing default dialer for user 0: now com.google.android.dialer: DDC.oR@A14
11-01 23:07:18.777  1403  7135 W BroadcastQueue: u0 Receiving a broadcast in packagecom.jr.narutoii requires a permissions review
11-01 23:07:18.777  1403  7135 W BroadcastQueue: Skipping delivery: permission review required for Intent { act=android.intent.action.PACKAGE_ADDED dat=package: flg=0x4000010 (has extras) } from null (pid=1403, uid=1000) to com.jr.narutoii/com.joyriver.engine.proxy.EngineReceiver
11-01 23:07:18.777  1403  1666 W BroadcastQueue: u0 Receiving a broadcast in packagecom.android.buyer requires a permissions review
11-01 23:07:18.777  1403  1666 W BroadcastQueue: Skipping delivery: permission review required for Intent { act=android.intent.action.PACKAGE_ADDED dat=package: flg=0x4000010 (has extras) } from null (pid=1403, uid=1000) to com.android.buyer/.mRve
11-01 23:07:18.777  1403  1666 W BroadcastQueue: Background execution not allowed: receiving Intent { act=android.intent.action.PACKAGE_ADDED dat=package: flg=0x4000010 (has extras) } to com.google.android.packageinstaller/com.android.packageinstaller.PackageInstalledReceiver
11-01 23:07:18.778  1403  1666 W BroadcastQueue: Background execution not allowed: receiving Intent { act=android.intent.action.PACKAGE_ADDED dat=package: flg=0x4000010 (has extras) } to com.android.vending/com.google.android.finsky.packagemonitor.impl.PackageMonitorReceiverImpl$RegisteredReceiver
11-01 23:07:18.778  1403  1666 W BroadcastQueue: Background execution not allowed: receiving Intent { act=android.intent.action.PACKAGE_ADDED dat=package: flg=0x4000010 (has extras) } to com.android.vending/com.google.android.finsky.packagemonitor.backgroundimpl.BackgroundPackageMonitorReceiverImpl$RegisteredReceiver
11-01 23:07:18.778  1403  1666 W BroadcastQueue: Background execution not allowed: receiving Intent { act=android.intent.action.PACKAGE_ADDED dat=package: flg=0x4000010 (has extras) } to com.google.android.gms/.games.chimera.GamesSystemBroadcastReceiverProxy
11-01 23:07:18.778  1403  1666 W BroadcastQueue: Background execution not allowed: receiving Intent { act=android.intent.action.PACKAGE_ADDED dat=package: flg=0x4000010 (has extras) } to com.google.android.gms/.gass.chimera.PackageChangeBroadcastReceiver
11-01 23:07:18.778  1403  1403 V BackupManagerConstants: getFullBackupIntervalMilliseconds(...) returns 86400000
11-01 23:07:18.778  1403  1666 W BroadcastQueue: Background execution not allowed: receiving Intent { act=android.intent.action.PACKAGE_ADDED dat=package: flg=0x4000010 (has extras) } to com.google.android.gms/.chimera.GmsIntentOperationService$PersistentTrustedReceiver
11-01 23:07:18.778  1403  1666 W BroadcastQueue: Background execution not allowed: receiving Intent { act=android.intent.action.PACKAGE_ADDED dat=package: flg=0x4000010 (has extras) } to com.google.android.googlequicksearchbox/com.google.android.apps.gsa.googlequicksearchbox.GelStubAppWatcher
11-01 23:07:18.778  1403  1666 W BroadcastQueue: u0 Receiving a broadcast in packagecom.cncd.japan.janli.shudu requires a permissions review
11-01 23:07:18.778  1403  1666 W BroadcastQueue: Skipping delivery: permission review required for Intent { act=android.intent.action.PACKAGE_ADDED dat=package: flg=0x4000010 (has extras) } from null (pid=1403, uid=1000) to com.cncd.japan.janli.shudu/net.l.k.r
11-01 23:07:18.778  1403  1666 W BroadcastQueue: u0 Receiving a broadcast in packagecom.cncd.japan.janli.shudu requires a permissions review
11-01 23:07:18.778  1403  1666 W BroadcastQueue: Skipping delivery: permission review required for Intent { act=android.intent.action.PACKAGE_ADDED dat=package: flg=0x4000010 (has extras) } from null (pid=1403, uid=1000) to com.cncd.japan.janli.shudu/com.feiwofour.coverscreen.SR
11-01 23:07:18.778  1403  1666 W BroadcastQueue: u0 Receiving a broadcast in packagecom.games.mengmeizhitd requires a permissions review
11-01 23:07:18.778  1403  1666 W BroadcastQueue: Skipping delivery: permission review required for Intent { act=android.intent.action.PACKAGE_ADDED dat=package: flg=0x4000010 (has extras) } from null (pid=1403, uid=1000) to com.games.mengmeizhitd/hjnw.ihjnw.i.isqly
11-01 23:07:18.778  1403  1666 W BroadcastQueue: u0 Receiving a broadcast in packagecom.hgperfko.yaeghrwx requires a permissions review
11-01 23:07:18.778  1403  1666 W BroadcastQueue: Skipping delivery: permission review required for Intent { act=android.intent.action.PACKAGE_ADDED dat=package: flg=0x4000010 (has extras) } from null (pid=1403, uid=1000) to com.hgperfko.yaeghrwx/.core.hLytdCQDBv
11-01 23:07:18.778  1403  1666 W BroadcastQueue: u0 Receiving a broadcast in packagecom.qiuqiu.dfmc requires a permissions review
11-01 23:07:18.778  1403  1666 W BroadcastQueue: Skipping delivery: permission review required for Intent { act=android.intent.action.PACKAGE_ADDED dat=package: flg=0x4000010 (has extras) } from null (pid=1403, uid=1000) to com.qiuqiu.dfmc/cn.jpush.android.service.PushReceiver
11-01 23:07:18.778  1403  1666 W BroadcastQueue: u0 Receiving a broadcast in packagecom.safesys.viruskiller requires a permissions review
11-01 23:07:18.778  1403  1666 W BroadcastQueue: Skipping delivery: permission review required for Intent { act=android.intent.action.PACKAGE_ADDED dat=package: flg=0x4000010 (has extras) } from null (pid=1403, uid=1000) to com.safesys.viruskiller/.ScanPackageBroadcast
11-01 23:07:18.778  1403  1666 W BroadcastQueue: u0 Receiving a broadcast in packagecom.uc108.mobile.sdgj.bd1 requires a permissions review
