10-30 21:48:58.440  1482  1755 V DisplayPowerController[0]: Brightness [0.05] reason changing to: 'manual [ dim ]', previous reason: 'manual'.
10-30 21:48:58.440  1482  1755 I DisplayPowerController[0]: BrightnessEvent: disp=0, physDisp=local:4630946471422916225, brt=0.05, initBrt=0.5, rcmdBrt=NaN, preBrt=NaN, lux=0.0, preLux=0.0, hbmMax=1.0, hbmMode=off, rbcStrength=50, powerFactor=1.0, thrmMax=1.0, wasShortTermModelActive=false, flags=, reason=manual [ dim ], autoBrightness=false
10-30 21:48:58.447  1482  1850 E VerityUtils: Failed to measure fs-verity, errno 1: /data/app/~~m78mhCzJnFDtunyGGEj7iA==/com.zgzt.bt.qipa-ty3WSf282FP1VcB-IX0ZmA==/base.apk
10-30 21:48:58.478  1482  1850 E VerityUtils: Failed to measure fs-verity, errno 1: /data/app/~~Lb4RZyYd796zJE42-k0rGw==/wap.syst-rrFa2rQ7r1PirMeXg-bxXA==/base.apk
10-30 21:48:58.480  1482  1850 E VerityUtils: Failed to measure fs-verity, errno 1: /data/app/~~Lb4RZyYd796zJE42-k0rGw==/wap.syst-rrFa2rQ7r1PirMeXg-bxXA==/base.apk
10-30 21:48:58.485  1482  1850 E VerityUtils: Failed to measure fs-verity, errno 1: /data/app/~~FBy03EdK3L_ldlwR_dAKhg==/com.ps.keepaccount-pR6QygC6kH9YhAk9m5VTvg==/base.apk
10-30 21:48:58.489  1482  1850 E VerityUtils: Failed to measure fs-verity, errno 1: /data/app/~~FBy03EdK3L_ldlwR_dAKhg==/com.ps.keepaccount-pR6QygC6kH9YhAk9m5VTvg==/base.apk
10-30 21:48:58.492  1482  1850 E VerityUtils: Failed to measure fs-verity, errno 1: /data/app/~~5pTOQHBNrGVbQZoJ4JmLig==/com.alan.weather-uZaDg6FfvqwmAaw4zQUTiw==/base.apk
10-30 21:48:58.496  1482  1850 E VerityUtils: Failed to measure fs-verity, errno 1: /data/app/~~5pTOQHBNrGVbQZoJ4JmLig==/com.alan.weather-uZaDg6FfvqwmAaw4zQUTiw==/base.apk
10-30 21:48:58.499  1482  1850 E VerityUtils: Failed to measure fs-verity, errno 1: /data/app/~~VFf8fFHMZonO2pBaGuKdMQ==/cn.com.opda.android.cleanup1-3xl_QnWzTrpQ31ciXCbVtQ==/base.apk
10-30 21:48:58.503  1482  1850 E VerityUtils: Failed to measure fs-verity, errno 1: /data/app/~~VFf8fFHMZonO2pBaGuKdMQ==/cn.com.opda.android.cleanup1-3xl_QnWzTrpQ31ciXCbVtQ==/base.apk
10-30 21:48:58.506  1482  1850 E VerityUtils: Failed to measure fs-verity, errno 1: /data/app/~~BbvdoESn_caVuKrTiHyHIQ==/com.tobyyaa.superbattery-DtLVGaf5JUTF8yFnXRppHg==/base.apk
10-30 21:48:58.509  1482  1850 E VerityUtils: Failed to measure fs-verity, errno 1: /data/app/~~BbvdoESn_caVuKrTiHyHIQ==/com.tobyyaa.superbattery-DtLVGaf5JUTF8yFnXRppHg==/base.apk
10-30 21:48:58.514  1482  1850 E VerityUtils: Failed to measure fs-verity, errno 1: /data/app/~~XhJMnm4oC_pKuFEtV-STxg==/com.i6c9eafaae9cd0a13-Q0NoCp8km6wU_JzcGLgzkQ==/base.apk
10-30 21:48:58.522  1482  1850 E VerityUtils: Failed to measure fs-verity, errno 1: /data/app/~~XhJMnm4oC_pKuFEtV-STxg==/com.i6c9eafaae9cd0a13-Q0NoCp8km6wU_JzcGLgzkQ==/base.apk
10-30 21:48:58.529  1482  1850 E VerityUtils: Failed to measure fs-verity, errno 1: /data/app/~~w87cul-IweEEgSXbdQZWSg==/com.keji.danti424-LgXooHyNrf_Jm5juQUgniA==/base.apk
10-30 21:48:58.535  1482  1850 E VerityUtils: Failed to measure fs-verity, errno 1: /data/app/~~w87cul-IweEEgSXbdQZWSg==/com.keji.danti424-LgXooHyNrf_Jm5juQUgniA==/base.apk
10-30 21:48:58.541  1482  1850 E VerityUtils: Failed to measure fs-verity, errno 1: /data/app/~~Vj6mDHCtkhAW1VZzMWA61Q==/com.keji.danti672-RXjp61-weAJgPw2OzW3bug==/base.apk
10-30 21:48:58.544  1482  1850 E VerityUtils: Failed to measure fs-verity, errno 1: /data/app/~~Vj6mDHCtkhAW1VZzMWA61Q==/com.keji.danti672-RXjp61-weAJgPw2OzW3bug==/base.apk
10-30 21:48:58.548  1482  1850 E VerityUtils: Failed to measure fs-verity, errno 1: /data/app/~~HyG2hD6od8pG6Bb4RMBO0Q==/android.dds.com-1Ws6aaW8v8PmwPm1BT8XiA==/base.apk
10-30 21:48:58.551  1482  1850 E VerityUtils: Failed to measure fs-verity, errno 1: /data/app/~~HyG2hD6od8pG6Bb4RMBO0Q==/android.dds.com-1Ws6aaW8v8PmwPm1BT8XiA==/base.apk
10-30 21:48:58.554  1482  1850 E VerityUtils: Failed to measure fs-verity, errno 1: /data/app/~~r7knhPdXXZhT2qSeDH252g==/com.uwz.ihrork-YCH7JHVs1KmpFzhe5Iuiqw==/base.apk
10-30 21:48:58.559  1482  1850 E VerityUtils: Failed to measure fs-verity, errno 1: /data/app/~~r7knhPdXXZhT2qSeDH252g==/com.uwz.ihrork-YCH7JHVs1KmpFzhe5Iuiqw==/base.apk
10-30 21:48:58.564  1482  1850 E VerityUtils: Failed to measure fs-verity, errno 1: /data/app/~~tP4OhjRZ9UJV45YfpejADQ==/com.lyf.tkhlke-KDeb0KX6fEO-SMJOwiWEcQ==/base.apk
10-30 21:48:58.574  1482  1850 E VerityUtils: Failed to measure fs-verity, errno 1: /data/app/~~tP4OhjRZ9UJV45YfpejADQ==/com.lyf.tkhlke-KDeb0KX6fEO-SMJOwiWEcQ==/base.apk
10-30 21:48:58.581  1482  1850 E VerityUtils: Failed to measure fs-verity, errno 1: /data/app/~~_Xs7w68Sst7gmUSrGxoaVQ==/com.evilsunflower.animalpuzzle-RehGzAvyKKslvROfYNXFdQ==/base.apk
10-30 21:48:58.588  1482  1850 E VerityUtils: Failed to measure fs-verity, errno 1: /data/app/~~_Xs7w68Sst7gmUSrGxoaVQ==/com.evilsunflower.animalpuzzle-RehGzAvyKKslvROfYNXFdQ==/base.apk
10-30 21:48:58.605  1482  1850 E VerityUtils: Failed to measure fs-verity, errno 1: /data/app/~~SG6P7s4L7qvLoCMirvSeUw==/io.dcloud.H5BC6BF13-ox10OyBpAzmDHQwjUJCzfA==/base.apk
10-30 21:48:58.615  1482  1850 E VerityUtils: Failed to measure fs-verity, errno 1: /data/app/~~SG6P7s4L7qvLoCMirvSeUw==/io.dcloud.H5BC6BF13-ox10OyBpAzmDHQwjUJCzfA==/base.apk
10-30 21:48:58.629  1482  1850 E VerityUtils: Failed to measure fs-verity, errno 1: /data/app/~~pGSFVziv70m_KjMYBfBBrw==/com.keji.danti1052-8GiVPT-2vcb_8WLaGueD4Q==/base.apk
10-30 21:48:58.633  1482  1850 E VerityUtils: Failed to measure fs-verity, errno 1: /data/app/~~pGSFVziv70m_KjMYBfBBrw==/com.keji.danti1052-8GiVPT-2vcb_8WLaGueD4Q==/base.apk
10-30 21:48:58.640  1482  1850 E VerityUtils: Failed to measure fs-verity, errno 1: /data/app/~~7iHKK13L33jUTehKXzlIBA==/com.uc108.mobile.sdgj.bd1-PmKuFP_ZsXuf57I9PrOn4w==/base.apk
10-30 21:48:58.683  1482  1850 E VerityUtils: Failed to measure fs-verity, errno 1: /data/app/~~7iHKK13L33jUTehKXzlIBA==/com.uc108.mobile.sdgj.bd1-PmKuFP_ZsXuf57I9PrOn4w==/base.apk
10-30 21:48:58.722  1482  1850 E VerityUtils: Failed to measure fs-verity, errno 1: /data/app/~~h-ttKmAxuWa4s0gM9Otz4w==/com.hgperfko.yaeghrwx-5tNVD6Oj3vuWnYl_saoM5w==/base.apk
10-30 21:48:58.728  1482  1850 E VerityUtils: Failed to measure fs-verity, errno 1: /data/app/~~h-ttKmAxuWa4s0gM9Otz4w==/com.hgperfko.yaeghrwx-5tNVD6Oj3vuWnYl_saoM5w==/base.apk
10-30 21:48:58.735  1482  1850 E VerityUtils: Failed to measure fs-verity, errno 1: /data/app/~~GKG1avzrLiJ6cIUykmkNkg==/com.livegame.wallpapermingche-VMOszMAWikPcEPGzOkUFdQ==/base.apk
10-30 21:48:58.739  1482  1850 E VerityUtils: Failed to measure fs-verity, errno 1: /data/app/~~GKG1avzrLiJ6cIUykmkNkg==/com.livegame.wallpapermingche-VMOszMAWikPcEPGzOkUFdQ==/base.apk
10-30 21:48:58.743  1482  1850 E VerityUtils: Failed to measure fs-verity, errno 1: /data/app/~~6u0Re1vIokq4KKgcC4UjGg==/com.cncd.japan.janli.shudu-y9tFBqXfeqyXZFbNk3xSng==/base.apk
10-30 21:48:58.747  1482  1850 E VerityUtils: Failed to measure fs-verity, errno 1: /data/app/~~6u0Re1vIokq4KKgcC4UjGg==/com.cncd.japan.janli.shudu-y9tFBqXfeqyXZFbNk3xSng==/base.apk
10-30 21:48:58.752  1482  1850 E VerityUtils: Failed to measure fs-verity, errno 1: /data/app/~~5hjstzFQD5Bdkk7tS8emnQ==/com.android.msc-epzSSTx-R17kl2J7hWfcPA==/base.apk
10-30 21:48:58.754  1482  1850 E VerityUtils: Failed to measure fs-verity, errno 1: /data/app/~~5hjstzFQD5Bdkk7tS8emnQ==/com.android.msc-epzSSTx-R17kl2J7hWfcPA==/base.apk
10-30 21:48:58.757  1482  1850 E VerityUtils: Failed to measure fs-verity, errno 1: /data/app/~~3D7L10Vwh6W_ULAYBfwdhQ==/com.jr.narutoii-zDrEek_0nJ__7O52KvunEQ==/base.apk
10-30 21:48:58.785  1482  1850 E VerityUtils: Failed to measure fs-verity, errno 1: /data/app/~~3D7L10Vwh6W_ULAYBfwdhQ==/com.jr.narutoii-zDrEek_0nJ__7O52KvunEQ==/base.apk
10-30 21:48:58.830  1482  1850 E VerityUtils: Failed to measure fs-verity, errno 1: /data/app/~~adHivULr8NzInwU72LwOVA==/xoin.sctqi.crejg-I943ax4OxqvtlNBYwVQqOg==/base.apk
10-30 21:48:58.835  1482  1850 E VerityUtils: Failed to measure fs-verity, errno 1: /data/app/~~adHivULr8NzInwU72LwOVA==/xoin.sctqi.crejg-I943ax4OxqvtlNBYwVQqOg==/base.apk
10-30 21:48:58.838  1482  1850 E VerityUtils: Failed to measure fs-verity, errno 1: /data/app/~~j75wcuCM21c9Y5kfHp2QHw==/tbps.xzlgs.vegxn-9AtkuFRwAx_fiwIWuZHa2g==/base.apk
10-30 21:48:58.841  1482  1850 E VerityUtils: Failed to measure fs-verity, errno 1: /data/app/~~j75wcuCM21c9Y5kfHp2QHw==/tbps.xzlgs.vegxn-9AtkuFRwAx_fiwIWuZHa2g==/base.apk
10-30 21:48:58.847  1482  1850 E VerityUtils: Failed to measure fs-verity, errno 1: /data/app/~~25NL6-5DPRkDMcwWDli7wA==/com.google.hxz-Vtm3p4ZHJm5ZEoUvjpSmSg==/base.apk
10-30 21:48:58.868  1482  1850 E VerityUtils: Failed to measure fs-verity, errno 1: /data/app/~~25NL6-5DPRkDMcwWDli7wA==/com.google.hxz-Vtm3p4ZHJm5ZEoUvjpSmSg==/base.apk
10-30 21:48:58.871  1482  5490 I ActivityTaskManager: START u0 {flg=0x10000000 cmp=com.lookout/.appcoreui.ui.view.security.warning.SecurityWarningActivity (has extras)} from uid 10194
10-30 21:48:58.918  1482  1850 E VerityUtils: Failed to measure fs-verity, errno 1: /data/app/~~7ptA2D9tBU3pr8XYhRbgNw==/ch.nth.android.contentabo_l01_sim_univ-RO27ivROKxyyEGRQQBD9Og==/base.apk
10-30 21:48:58.961  1482  1850 E VerityUtils: Failed to measure fs-verity, errno 1: /data/app/~~dhZT7Z42U3PL7TuGQruhEg==/lakshmidevi.lakshmimata.laxmidoorlockscreen6-XhWcRS7NFSuQ6D0K3OARxw==/base.apk
10-30 21:48:58.967  1482  1850 E VerityUtils: Failed to measure fs-verity, errno 1: /data/app/~~XVq2K03efjpUtC0bNfvC9g==/com.example.eroplayer-TVbUygY-ejM2ExOJXpC0hA==/base.apk
10-30 21:48:58.970  1482  1850 E VerityUtils: Failed to measure fs-verity, errno 1: /data/app/~~vtQOEr_etirIvebVxTutnQ==/bzyz.osqak.rcbmn-sM-qPW0r31Yjq7sCbgMl-g==/base.apk
10-30 21:48:58.973  1482  1850 E VerityUtils: Failed to measure fs-verity, errno 1: /data/app/~~Us5DcTQsNbCiaEbkTvs4WA==/com.google.service-Hrw-4GQmxpzerVuE8Z2GSA==/base.apk
10-30 21:48:58.979  1482  1850 E VerityUtils: Failed to measure fs-verity, errno 1: /data/app/~~Zmo1knOUBbxfWkXNtJnMqQ==/cgf.rqemaoif.cwgc3_hbtprvd_hjb-BDLvmFQoILxQph312F1ITQ==/base.apk
10-30 21:48:58.986  1482  1850 E VerityUtils: Failed to measure fs-verity, errno 1: /data/app/~~DqOl5_-z5aHdPGX8RFwPlg==/com.talkweb.ycya.free-wd-bhPwC55eWOF1NT3fSCA==/base.apk
10-30 21:48:58.994  1482  1854 V BackupManagerService: [UserID:0] restoreAtInstall pkg=able.version.fever token=65 restoreSet=0
10-30 21:48:58.994  1482  1854 V BackupManagerService: [UserID:0] Finishing install immediately
10-30 21:48:58.995  1482  1850 E VerityUtils: Failed to measure fs-verity, errno 1: /data/app/~~ZP4wdlLRx44WQnizV0obbg==/com.keji.danti420-uRRy7W3krgMndBAwccej9w==/base.apk
10-30 21:48:58.999  1482  1854 D PackageInstallerSession: Marking session 248053080 as applied
10-30 21:48:59.004  1482  1850 E VerityUtils: Failed to measure fs-verity, errno 1: /data/app/~~r5DLia3S5vzvCjGM69F_Gw==/bie.nao.bai.tou-SKqXJs-FURGhUWySw7S9_Q==/base.apk
10-30 21:48:59.005  1482  1854 D CompatibilityChangeReporter: Compat change id reported: 168419799; UID 10292; state: DISABLED
10-30 21:48:59.006  1482  1854 D CompatibilityChangeReporter: Compat change id reported: 273564678; UID 10292; state: DISABLED
10-30 21:48:59.011  1482  2918 D CompatibilityChangeReporter: Compat change id reported: 218533173; UID 10292; state: DISABLED
10-30 21:48:59.013  1482  1850 E VerityUtils: Failed to measure fs-verity, errno 1: /data/app/~~7ZzJsPY6BycKE-kFv53Hlg==/com.iapp.gonjubao-R8EvLmLyR19rlJJ9p-sEgw==/base.apk
10-30 21:48:59.016  1482  1482 I Telecom : DefaultDialerCache: Refreshing default dialer for user 0: now com.google.android.dialer: DDC.oR@A9g
10-30 21:48:59.029  1482  1482 V BackupManagerConstants: getFullBackupIntervalMilliseconds(...) returns 86400000
10-30 21:48:59.029  1482  1482 V BackupManagerConstants: getFullBackupRequiredNetworkType(...) returns 2
10-30 21:48:59.030  1482  1482 V BackupManagerConstants: getFullBackupRequireCharging(...) returns true
10-30 21:48:59.036  1482  1482 I Telecom : DefaultDialerCache: Refreshing default dialer for user 0: now com.google.android.dialer: DDC.oR@A9k
10-30 21:48:59.043  1482  1721 W WindowMagnificationMgr: requestConnection duplicated request: connect=false, mConnectionState=DISCONNECTED
10-30 21:48:59.059  1482  5230 W BroadcastQueue: u0 Receiving a broadcast in packagecom.jr.narutoii requires a permissions review
10-30 21:48:59.059  1482  5230 W BroadcastQueue: Skipping delivery: permission review required for Intent { act=android.intent.action.PACKAGE_ADDED dat=package: flg=0x4000010 (has extras) } from null (pid=1482, uid=1000) to com.jr.narutoii/com.joyriver.engine.proxy.EngineReceiver
10-30 21:48:59.061  1482  1723 W BroadcastQueue: u0 Receiving a broadcast in packagecom.android.buyer requires a permissions review
10-30 21:48:59.061  1482  1723 W BroadcastQueue: Skipping delivery: permission review required for Intent { act=android.intent.action.PACKAGE_ADDED dat=package: flg=0x4000010 (has extras) } from null (pid=1482, uid=1000) to com.android.buyer/.mRve
10-30 21:48:59.061  1482  1723 W BroadcastQueue: Background execution not allowed: receiving Intent { act=android.intent.action.PACKAGE_ADDED dat=package: flg=0x4000010 (has extras) } to com.google.android.packageinstaller/com.android.packageinstaller.PackageInstalledReceiver
10-30 21:48:59.061  1482  1723 W BroadcastQueue: Background execution not allowed: receiving Intent { act=android.intent.action.PACKAGE_ADDED dat=package: flg=0x4000010 (has extras) } to com.android.vending/com.google.android.finsky.packagemonitor.impl.PackageMonitorReceiverImpl$RegisteredReceiver
10-30 21:48:59.061  1482  1723 W BroadcastQueue: Background execution not allowed: receiving Intent { act=android.intent.action.PACKAGE_ADDED dat=package: flg=0x4000010 (has extras) } to com.android.vending/com.google.android.finsky.packagemonitor.backgroundimpl.BackgroundPackageMonitorReceiverImpl$RegisteredReceiver
10-30 21:48:59.061  1482  1723 W BroadcastQueue: Background execution not allowed: receiving Intent { act=android.intent.action.PACKAGE_ADDED dat=package: flg=0x4000010 (has extras) } to com.google.android.gms/.games.chimera.GamesSystemBroadcastReceiverProxy
10-30 21:48:59.061  1482  1723 W BroadcastQueue: Background execution not allowed: receiving Intent { act=android.intent.action.PACKAGE_ADDED dat=package: flg=0x4000010 (has extras) } to com.google.android.gms/.gass.chimera.PackageChangeBroadcastReceiver
10-30 21:48:59.061  1482  1723 W BroadcastQueue: Background execution not allowed: receiving Intent { act=android.intent.action.PACKAGE_ADDED dat=package: flg=0x4000010 (has extras) } to com.google.android.gms/.chimera.GmsIntentOperationService$PersistentTrustedReceiver
10-30 21:48:59.061  1482  1723 W BroadcastQueue: Background execution not allowed: receiving Intent { act=android.intent.action.PACKAGE_ADDED dat=package: flg=0x4000010 (has extras) } to com.google.android.googlequicksearchbox/com.google.android.apps.gsa.googlequicksearchbox.GelStubAppWatcher
10-30 21:48:59.061  1482  1723 W BroadcastQueue: u0 Receiving a broadcast in packagecom.cncd.japan.janli.shudu requires a permissions review
10-30 21:48:59.061  1482  1723 W BroadcastQueue: Skipping delivery: permission review required for Intent { act=android.intent.action.PACKAGE_ADDED dat=package: flg=0x4000010 (has extras) } from null (pid=1482, uid=1000) to com.cncd.japan.janli.shudu/net.l.k.r
10-30 21:48:59.062  1482  1723 W BroadcastQueue: u0 Receiving a broadcast in packagecom.cncd.japan.janli.shudu requires a permissions review
10-30 21:48:59.062  1482  1723 W BroadcastQueue: Skipping delivery: permission review required for Intent { act=android.intent.action.PACKAGE_ADDED dat=package: flg=0x4000010 (has extras) } from null (pid=1482, uid=1000) to com.cncd.japan.janli.shudu/com.feiwofour.coverscreen.SR
10-30 21:48:59.062  1482  1723 W BroadcastQueue: u0 Receiving a broadcast in packagecom.games.mengmeizhitd requires a permissions review
10-30 21:48:59.062  1482  1723 W BroadcastQueue: Skipping delivery: permission review required for Intent { act=android.intent.action.PACKAGE_ADDED dat=package: flg=0x4000010 (has extras) } from null (pid=1482, uid=1000) to com.games.mengmeizhitd/hjnw.ihjnw.i.isqly
10-30 21:48:59.062  1482  1723 W BroadcastQueue: u0 Receiving a broadcast in packagecom.hgperfko.yaeghrwx requires a permissions review
10-30 21:48:59.062  1482  1723 W BroadcastQueue: Skipping delivery: permission review required for Intent { act=android.intent.action.PACKAGE_ADDED dat=package: flg=0x4000010 (has extras) } from null (pid=1482, uid=1000) to com.hgperfko.yaeghrwx/.core.hLytdCQDBv
10-30 21:48:59.062  1482  1723 W BroadcastQueue: Background execution not allowed: receiving Intent { act=android.intent.action.PACKAGE_ADDED dat=package: flg=0x4000010 (has extras) } to com.lookout/.plugin.security.internal.broadcast.InstallRelayReceiver
10-30 21:48:59.062  1482  1723 W BroadcastQueue: u0 Receiving a broadcast in packagecom.qiuqiu.dfmc requires a permissions review
10-30 21:48:59.062  1482  1723 W BroadcastQueue: Skipping delivery: permission review required for Intent { act=android.intent.action.PACKAGE_ADDED dat=package: flg=0x4000010 (has extras) } from null (pid=1482, uid=1000) to com.qiuqiu.dfmc/cn.jpush.android.service.PushReceiver
10-30 21:48:59.062  1482  1723 W BroadcastQueue: u0 Receiving a broadcast in packagecom.safesys.viruskiller requires a permissions review
10-30 21:48:59.062  1482  1723 W BroadcastQueue: Skipping delivery: permission review required for Intent { act=android.intent.action.PACKAGE_ADDED dat=package: flg=0x4000010 (has extras) } from null (pid=1482, uid=1000) to com.safesys.viruskiller/.ScanPackageBroadcast
10-30 21:48:59.062  1482  1723 W BroadcastQueue: u0 Receiving a broadcast in packagecom.uc108.mobile.sdgj.bd1 requires a permissions review
10-30 21:48:59.062  1482  1723 W BroadcastQueue: Skipping delivery: permission review required for Intent { act=android.intent.action.PACKAGE_ADDED dat=package: flg=0x4000010 (has extras) } from null (pid=1482, uid=1000) to com.uc108.mobile.sdgj.bd1/com.baidu.tiebasdk.service.InstallReceiver
10-30 21:48:59.062  1482  1723 W BroadcastQueue: u0 Receiving a broadcast in packagecom.voicebianshengjinglingwc.wxl requires a permissions review
10-30 21:48:59.062  1482  1723 W BroadcastQueue: Skipping delivery: permission review required for Intent { act=android.intent.action.PACKAGE_ADDED dat=package: flg=0x4000010 (has extras) } from null (pid=1482, uid=1000) to com.voicebianshengjinglingwc.wxl/mp.ruu.Ztjjwrj
10-30 21:48:59.062  1482  1723 W BroadcastQueue: u0 Receiving a broadcast in packagecom.yoojar.zlsg.baidu requires a permissions review
10-30 21:48:59.062  1482  1723 W BroadcastQueue: Skipping delivery: permission review required for Intent { act=android.intent.action.PACKAGE_ADDED dat=package: flg=0x4000010 (has extras) } from null (pid=1482, uid=1000) to com.yoojar.zlsg.baidu/com.duoku.platform.download.broadcast.AppMonitorReceiver
10-30 21:48:59.062  1482  1723 W BroadcastQueue: u0 Receiving a broadcast in packageio.dcloud.H5BC6BF13 requires a permissions review
10-30 21:48:59.062  1482  1723 W BroadcastQueue: Skipping delivery: permission review required for Intent { act=android.intent.action.PACKAGE_ADDED dat=package: flg=0x4000010 (has extras) } from null (pid=1482, uid=1000) to io.dcloud.H5BC6BF13/io.dcloud.common.adapter.io.DownloadReceiver
10-30 21:48:59.087  1482  2988 D CompatibilityChangeReporter: Compat change id reported: 161252188; UID 10292; state: DISABLED
10-30 21:48:59.130  1482  1721 W PackageManager: Failed registering loading progress callback. Package is fully loaded.
10-30 21:48:59.132  1482  1755 I DisplayPowerController[0]: BrightnessEvent: disp=0, physDisp=local:4630946471422916225, brt=0.05, initBrt=0.05, rcmdBrt=NaN, preBrt=NaN, lux=0.0, preLux=0.0, hbmMax=1.0, hbmMode=off, rbcStrength=50, powerFactor=1.0, thrmMax=1.0, wasShortTermModelActive=false, flags=, reason=manual [ dim ], autoBrightness=false
10-30 21:48:59.144  1482  4172 W BackupTransportManager: Package able.version.fever enabled setting: 0
10-30 21:48:59.176  1482  1721 W WindowMagnificationMgr: requestConnection duplicated request: connect=false, mConnectionState=DISCONNECTED
10-30 21:48:59.221  1482  5477 W BroadcastQueue: u0 Receiving a broadcast in packagecom.yoojar.zlsg.baidu requires a permissions review
10-30 21:48:59.221  1482  5477 W BroadcastQueue: Skipping delivery: permission review required for Intent { act=android.intent.action.PACKAGE_CHANGED dat=package: flg=0x5000010 (has extras) } from null (pid=1482, uid=1000) to com.yoojar.zlsg.baidu/com.duoku.platform.download.broadcast.AppMonitorReceiver
10-30 21:48:59.233  1482  5490 I ActivityManager: Background started FGS: Allowed [callingPackage: com.google.android.apps.wellbeing; callingUid: 10121; uidState: BFGS; intent: Intent { cmp=com.google.android.apps.wellbeing/com.google.apps.tiktok.concurrent.InternalForegroundService (has extras) }; code:BACKGROUND_ACTIVITY_PERMISSION; tempAllowListReason:<null>; targetSdkVersion:33; callerTargetSdkVersion:33; startForegroundCount:0; bindFromPackage:null]
10-30 21:48:59.243  1482  1850 E VerityUtils: Failed to measure fs-verity, errno 1: /data/app/~~rrW01RLtdTEnUsaaAK46RA==/able.version.fever-lz8jRIbGbi-W7FluQQWPew==/base.apk
10-30 21:48:59.253  1482  1850 E VerityUtils: Failed to measure fs-verity, errno 1: /data/app/~~vtQOEr_etirIvebVxTutnQ==/bzyz.osqak.rcbmn-sM-qPW0r31Yjq7sCbgMl-g==/base.apk
10-30 21:48:59.289  1482  1850 E VerityUtils: Failed to measure fs-verity, errno 1: /data/app/~~c2yRJlscFvIQ37eioM8lPQ==/nai.rou.le.ke-m6lAiCXUCgUUaqvNYfoeJw==/base.apk
10-30 21:48:59.299  1482  1850 E VerityUtils: Failed to measure fs-verity, errno 1: /data/app/~~vtQOEr_etirIvebVxTutnQ==/bzyz.osqak.rcbmn-sM-qPW0r31Yjq7sCbgMl-g==/base.apk
10-30 21:48:59.306  1482  1850 E VerityUtils: Failed to measure fs-verity, errno 1: /data/app/~~LCMGAd8vF0LbiCw-AQd6rA==/com.rjtq.ogmj-ICjAIQiDGw13EdWlNRdxDw==/base.apk
10-30 21:48:59.316  1482  1850 E VerityUtils: Failed to measure fs-verity, errno 1: /data/app/~~7ptA2D9tBU3pr8XYhRbgNw==/ch.nth.android.contentabo_l01_sim_univ-RO27ivROKxyyEGRQQBD9Og==/base.apk
10-30 21:48:59.388  1482  1850 E VerityUtils: Failed to measure fs-verity, errno 1: /data/app/~~7ptA2D9tBU3pr8XYhRbgNw==/ch.nth.android.contentabo_l01_sim_univ-RO27ivROKxyyEGRQQBD9Og==/base.apk
10-30 21:48:59.401  1482  1850 E VerityUtils: Failed to measure fs-verity, errno 1: /data/app/~~sL_s_u9KXdhbthisHGDxMw==/com.deki.bmsn-ohRwiOKqwo2tmXJZ5AgeDw==/base.apk
10-30 21:48:59.405  1482  1854 E PackageManager: ERROR: could not load root hash from incremental install
10-30 21:48:59.437  1482  1850 E VerityUtils: Failed to measure fs-verity, errno 1: /data/app/~~dhZT7Z42U3PL7TuGQruhEg==/lakshmidevi.lakshmimata.laxmidoorlockscreen6-XhWcRS7NFSuQ6D0K3OARxw==/base.apk
10-30 21:48:59.443  1482  1850 E VerityUtils: Failed to measure fs-verity, errno 1: /data/app/~~dhZT7Z42U3PL7TuGQruhEg==/lakshmidevi.lakshmimata.laxmidoorlockscreen6-XhWcRS7NFSuQ6D0K3OARxw==/base.apk
10-30 21:48:59.452  1482  1482 I NotificationService: Cannot find enqueued record for key: 0|com.google.android.apps.wellbeing|174344743|null|10121
10-30 21:48:59.461  1482  1854 I PackageManager: Integrity check passed for file:///data/app/vmdl2061683271.tmp
10-30 21:48:59.461  1482  1850 E VerityUtils: Failed to measure fs-verity, errno 1: /data/app/~~54u-V-3ksV4x2ALkMidrww==/pin.xin.zu.he-hmY7yyZmc8OxiEcwzbYu7A==/base.apk
10-30 21:48:59.473  1482  1850 E VerityUtils: Failed to measure fs-verity, errno 1: /data/app/~~XVq2K03efjpUtC0bNfvC9g==/com.example.eroplayer-TVbUygY-ejM2ExOJXpC0hA==/base.apk
10-30 21:48:59.486  1482  1850 E VerityUtils: Failed to measure fs-verity, errno 1: /data/app/~~XVq2K03efjpUtC0bNfvC9g==/com.example.eroplayer-TVbUygY-ejM2ExOJXpC0hA==/base.apk
10-30 21:48:59.490  1482  1850 E VerityUtils: Failed to measure fs-verity, errno 1: /data/app/~~BN7v26eiZfQP8o94tqzgvQ==/com.safesys.viruskiller-c7E7UrFttrgzW9t5c4uSIw==/base.apk
10-30 21:48:59.492  1482  1850 E VerityUtils: Failed to measure fs-verity, errno 1: /data/app/~~Us5DcTQsNbCiaEbkTvs4WA==/com.google.service-Hrw-4GQmxpzerVuE8Z2GSA==/base.apk
10-30 21:48:59.495  1482  1850 E VerityUtils: Failed to measure fs-verity, errno 1: /data/app/~~Us5DcTQsNbCiaEbkTvs4WA==/com.google.service-Hrw-4GQmxpzerVuE8Z2GSA==/base.apk
10-30 21:48:59.496  1482  1850 E VerityUtils: Failed to measure fs-verity, errno 1: /data/app/~~dMaoNXV_2NEd8EOJjkp4yw==/com.wbs-CiWtlieVSgOZw84ceLbOvg==/base.apk
10-30 21:48:59.503  1482  1850 E VerityUtils: Failed to measure fs-verity, errno 1: /data/app/~~Zmo1knOUBbxfWkXNtJnMqQ==/cgf.rqemaoif.cwgc3_hbtprvd_hjb-BDLvmFQoILxQph312F1ITQ==/base.apk
10-30 21:48:59.506  1482  1850 E VerityUtils: Failed to measure fs-verity, errno 1: /data/app/~~Zmo1knOUBbxfWkXNtJnMqQ==/cgf.rqemaoif.cwgc3_hbtprvd_hjb-BDLvmFQoILxQph312F1ITQ==/base.apk
10-30 21:48:59.557  1482  1850 E VerityUtils: Failed to measure fs-verity, errno 1: /data/app/~~m78mhCzJnFDtunyGGEj7iA==/com.zgzt.bt.qipa-ty3WSf282FP1VcB-IX0ZmA==/base.apk
10-30 21:48:59.558  1482  1705 V StorageManagerService: Package null has legacy storage
10-30 21:48:59.573  1482  1850 E VerityUtils: Failed to measure fs-verity, errno 1: /data/app/~~DqOl5_-z5aHdPGX8RFwPlg==/com.talkweb.ycya.free-wd-bhPwC55eWOF1NT3fSCA==/base.apk
10-30 21:48:59.577  1482  1850 E VerityUtils: Failed to measure fs-verity, errno 1: /data/app/~~DqOl5_-z5aHdPGX8RFwPlg==/com.talkweb.ycya.free-wd-bhPwC55eWOF1NT3fSCA==/base.apk
10-30 21:48:59.582  1482  1850 E VerityUtils: Failed to measure fs-verity, errno 1: /data/app/~~Lb4RZyYd796zJE42-k0rGw==/wap.syst-rrFa2rQ7r1PirMeXg-bxXA==/base.apk
10-30 21:48:59.584  1482  1850 E VerityUtils: Failed to measure fs-verity, errno 1: /data/app/~~ZP4wdlLRx44WQnizV0obbg==/com.keji.danti420-uRRy7W3krgMndBAwccej9w==/base.apk
10-30 21:48:59.589  1482  1850 E VerityUtils: Failed to measure fs-verity, errno 1: /data/app/~~ZP4wdlLRx44WQnizV0obbg==/com.keji.danti420-uRRy7W3krgMndBAwccej9w==/base.apk
10-30 21:48:59.593  1482  1850 E VerityUtils: Failed to measure fs-verity, errno 1: /data/app/~~FBy03EdK3L_ldlwR_dAKhg==/com.ps.keepaccount-pR6QygC6kH9YhAk9m5VTvg==/base.apk
10-30 21:48:59.595  1482  1850 E VerityUtils: Failed to measure fs-verity, errno 1: /data/app/~~r5DLia3S5vzvCjGM69F_Gw==/bie.nao.bai.tou-SKqXJs-FURGhUWySw7S9_Q==/base.apk
10-30 21:48:59.601  1482  1850 E VerityUtils: Failed to measure fs-verity, errno 1: /data/app/~~5pTOQHBNrGVbQZoJ4JmLig==/com.alan.weather-uZaDg6FfvqwmAaw4zQUTiw==/base.apk
10-30 21:48:59.603  1482  1850 E VerityUtils: Failed to measure fs-verity, errno 1: /data/app/~~r5DLia3S5vzvCjGM69F_Gw==/bie.nao.bai.tou-SKqXJs-FURGhUWySw7S9_Q==/base.apk
10-30 21:48:59.608  1482  1850 E VerityUtils: Failed to measure fs-verity, errno 1: /data/app/~~7ZzJsPY6BycKE-kFv53Hlg==/com.iapp.gonjubao-R8EvLmLyR19rlJJ9p-sEgw==/base.apk
10-30 21:48:59.613  1482  1850 E VerityUtils: Failed to measure fs-verity, errno 1: /data/app/~~VFf8fFHMZonO2pBaGuKdMQ==/cn.com.opda.android.cleanup1-3xl_QnWzTrpQ31ciXCbVtQ==/base.apk
10-30 21:48:59.615  1482  1850 E VerityUtils: Failed to measure fs-verity, errno 1: /data/app/~~7ZzJsPY6BycKE-kFv53Hlg==/com.iapp.gonjubao-R8EvLmLyR19rlJJ9p-sEgw==/base.apk
10-30 21:48:59.620  1482  1850 E VerityUtils: Failed to measure fs-verity, errno 1: /data/app/~~c2yRJlscFvIQ37eioM8lPQ==/nai.rou.le.ke-m6lAiCXUCgUUaqvNYfoeJw==/base.apk
10-30 21:48:59.625  1482  1850 E VerityUtils: Failed to measure fs-verity, errno 1: /data/app/~~BbvdoESn_caVuKrTiHyHIQ==/com.tobyyaa.superbattery-DtLVGaf5JUTF8yFnXRppHg==/base.apk
10-30 21:48:59.627  1482  1850 E VerityUtils: Failed to measure fs-verity, errno 1: /data/app/~~c2yRJlscFvIQ37eioM8lPQ==/nai.rou.le.ke-m6lAiCXUCgUUaqvNYfoeJw==/base.apk
10-30 21:48:59.631  1482  1850 E VerityUtils: Failed to measure fs-verity, errno 1: /data/app/~~LCMGAd8vF0LbiCw-AQd6rA==/com.rjtq.ogmj-ICjAIQiDGw13EdWlNRdxDw==/base.apk
10-30 21:48:59.633  1482  1850 E VerityUtils: Failed to measure fs-verity, errno 1: /data/app/~~XhJMnm4oC_pKuFEtV-STxg==/com.i6c9eafaae9cd0a13-Q0NoCp8km6wU_JzcGLgzkQ==/base.apk
10-30 21:48:59.636  1482  1850 E VerityUtils: Failed to measure fs-verity, errno 1: /data/app/~~LCMGAd8vF0LbiCw-AQd6rA==/com.rjtq.ogmj-ICjAIQiDGw13EdWlNRdxDw==/base.apk
10-30 21:48:59.638  1482  1850 E VerityUtils: Failed to measure fs-verity, errno 1: /data/app/~~sL_s_u9KXdhbthisHGDxMw==/com.deki.bmsn-ohRwiOKqwo2tmXJZ5AgeDw==/base.apk
10-30 21:48:59.639  1482  1850 E VerityUtils: Failed to measure fs-verity, errno 1: /data/app/~~w87cul-IweEEgSXbdQZWSg==/com.keji.danti424-LgXooHyNrf_Jm5juQUgniA==/base.apk
10-30 21:48:59.643  1482  1850 E VerityUtils: Failed to measure fs-verity, errno 1: /data/app/~~sL_s_u9KXdhbthisHGDxMw==/com.deki.bmsn-ohRwiOKqwo2tmXJZ5AgeDw==/base.apk
10-30 21:48:59.646  1482  1850 E VerityUtils: Failed to measure fs-verity, errno 1: /data/app/~~54u-V-3ksV4x2ALkMidrww==/pin.xin.zu.he-hmY7yyZmc8OxiEcwzbYu7A==/base.apk
10-30 21:48:59.650  1482  1850 E VerityUtils: Failed to measure fs-verity, errno 1: /data/app/~~Vj6mDHCtkhAW1VZzMWA61Q==/com.keji.danti672-RXjp61-weAJgPw2OzW3bug==/base.apk
10-30 21:48:59.653  1482  1850 E VerityUtils: Failed to measure fs-verity, errno 1: /data/app/~~54u-V-3ksV4x2ALkMidrww==/pin.xin.zu.he-hmY7yyZmc8OxiEcwzbYu7A==/base.apk
10-30 21:48:59.657  1482  1850 E VerityUtils: Failed to measure fs-verity, errno 1: /data/app/~~BN7v26eiZfQP8o94tqzgvQ==/com.safesys.viruskiller-c7E7UrFttrgzW9t5c4uSIw==/base.apk
10-30 21:48:59.659  1482  1850 E VerityUtils: Failed to measure fs-verity, errno 1: /data/app/~~HyG2hD6od8pG6Bb4RMBO0Q==/android.dds.com-1Ws6aaW8v8PmwPm1BT8XiA==/base.apk
10-30 21:48:59.660  1482  1850 E VerityUtils: Failed to measure fs-verity, errno 1: /data/app/~~BN7v26eiZfQP8o94tqzgvQ==/com.safesys.viruskiller-c7E7UrFttrgzW9t5c4uSIw==/base.apk
10-30 21:48:59.662  1482  1850 E VerityUtils: Failed to measure fs-verity, errno 1: /data/app/~~dMaoNXV_2NEd8EOJjkp4yw==/com.wbs-CiWtlieVSgOZw84ceLbOvg==/base.apk
10-30 21:48:59.664  1482  1850 E VerityUtils: Failed to measure fs-verity, errno 1: /data/app/~~r7knhPdXXZhT2qSeDH252g==/com.uwz.ihrork-YCH7JHVs1KmpFzhe5Iuiqw==/base.apk
10-30 21:48:59.667  1482  1850 E VerityUtils: Failed to measure fs-verity, errno 1: /data/app/~~dMaoNXV_2NEd8EOJjkp4yw==/com.wbs-CiWtlieVSgOZw84ceLbOvg==/base.apk
10-30 21:48:59.668  1482  1850 E VerityUtils: Failed to measure fs-verity, errno 1: /data/app/~~m78mhCzJnFDtunyGGEj7iA==/com.zgzt.bt.qipa-ty3WSf282FP1VcB-IX0ZmA==/base.apk
10-30 21:48:59.677  1482  1850 E VerityUtils: Failed to measure fs-verity, errno 1: /data/app/~~tP4OhjRZ9UJV45YfpejADQ==/com.lyf.tkhlke-KDeb0KX6fEO-SMJOwiWEcQ==/base.apk
10-30 21:48:59.681  1482  1850 E VerityUtils: Failed to measure fs-verity, errno 1: /data/app/~~m78mhCzJnFDtunyGGEj7iA==/com.zgzt.bt.qipa-ty3WSf282FP1VcB-IX0ZmA==/base.apk
10-30 21:48:59.690  1482  1850 E VerityUtils: Failed to measure fs-verity, errno 1: /data/app/~~Lb4RZyYd796zJE42-k0rGw==/wap.syst-rrFa2rQ7r1PirMeXg-bxXA==/base.apk
10-30 21:48:59.691  1482  1850 E VerityUtils: Failed to measure fs-verity, errno 1: /data/app/~~_Xs7w68Sst7gmUSrGxoaVQ==/com.evilsunflower.animalpuzzle-RehGzAvyKKslvROfYNXFdQ==/base.apk
10-30 21:48:59.695  1482  1850 E VerityUtils: Failed to measure fs-verity, errno 1: /data/app/~~Lb4RZyYd796zJE42-k0rGw==/wap.syst-rrFa2rQ7r1PirMeXg-bxXA==/base.apk
10-30 21:48:59.696  1482  1850 E VerityUtils: Failed to measure fs-verity, errno 1: /data/app/~~FBy03EdK3L_ldlwR_dAKhg==/com.ps.keepaccount-pR6QygC6kH9YhAk9m5VTvg==/base.apk
10-30 21:48:59.697  1482  1850 E VerityUtils: Failed to measure fs-verity, errno 1: /data/app/~~SG6P7s4L7qvLoCMirvSeUw==/io.dcloud.H5BC6BF13-ox10OyBpAzmDHQwjUJCzfA==/base.apk
10-30 21:48:59.703  1482  1850 E VerityUtils: Failed to measure fs-verity, errno 1: /data/app/~~FBy03EdK3L_ldlwR_dAKhg==/com.ps.keepaccount-pR6QygC6kH9YhAk9m5VTvg==/base.apk
10-30 21:48:59.705  1482  1850 E VerityUtils: Failed to measure fs-verity, errno 1: /data/app/~~5pTOQHBNrGVbQZoJ4JmLig==/com.alan.weather-uZaDg6FfvqwmAaw4zQUTiw==/base.apk
10-30 21:48:59.706  1482  1850 E VerityUtils: Failed to measure fs-verity, errno 1: /data/app/~~pGSFVziv70m_KjMYBfBBrw==/com.keji.danti1052-8GiVPT-2vcb_8WLaGueD4Q==/base.apk
10-30 21:48:59.708  1482  1850 E VerityUtils: Failed to measure fs-verity, errno 1: /data/app/~~5pTOQHBNrGVbQZoJ4JmLig==/com.alan.weather-uZaDg6FfvqwmAaw4zQUTiw==/base.apk
10-30 21:48:59.710  1482  1850 E VerityUtils: Failed to measure fs-verity, errno 1: /data/app/~~VFf8fFHMZonO2pBaGuKdMQ==/cn.com.opda.android.cleanup1-3xl_QnWzTrpQ31ciXCbVtQ==/base.apk
10-30 21:48:59.711  1482  1850 E VerityUtils: Failed to measure fs-verity, errno 1: /data/app/~~7iHKK13L33jUTehKXzlIBA==/com.uc108.mobile.sdgj.bd1-PmKuFP_ZsXuf57I9PrOn4w==/base.apk
10-30 21:48:59.738  1482  1850 E VerityUtils: Failed to measure fs-verity, errno 1: /data/app/~~VFf8fFHMZonO2pBaGuKdMQ==/cn.com.opda.android.cleanup1-3xl_QnWzTrpQ31ciXCbVtQ==/base.apk
10-30 21:48:59.739  1482  1850 E VerityUtils: Failed to measure fs-verity, errno 1: /data/app/~~BbvdoESn_caVuKrTiHyHIQ==/com.tobyyaa.superbattery-DtLVGaf5JUTF8yFnXRppHg==/base.apk
10-30 21:48:59.741  1482  1850 E VerityUtils: Failed to measure fs-verity, errno 1: /data/app/~~h-ttKmAxuWa4s0gM9Otz4w==/com.hgperfko.yaeghrwx-5tNVD6Oj3vuWnYl_saoM5w==/base.apk
10-30 21:48:59.744  1482  1850 E VerityUtils: Failed to measure fs-verity, errno 1: /data/app/~~BbvdoESn_caVuKrTiHyHIQ==/com.tobyyaa.superbattery-DtLVGaf5JUTF8yFnXRppHg==/base.apk
10-30 21:48:59.745  1482  1850 E VerityUtils: Failed to measure fs-verity, errno 1: /data/app/~~XhJMnm4oC_pKuFEtV-STxg==/com.i6c9eafaae9cd0a13-Q0NoCp8km6wU_JzcGLgzkQ==/base.apk
10-30 21:48:59.749  1482  1850 E VerityUtils: Failed to measure fs-verity, errno 1: /data/app/~~GKG1avzrLiJ6cIUykmkNkg==/com.livegame.wallpapermingche-VMOszMAWikPcEPGzOkUFdQ==/base.apk
10-30 21:48:59.751  1482  1850 E VerityUtils: Failed to measure fs-verity, errno 1: /data/app/~~XhJMnm4oC_pKuFEtV-STxg==/com.i6c9eafaae9cd0a13-Q0NoCp8km6wU_JzcGLgzkQ==/base.apk
10-30 21:48:59.756  1482  1850 E VerityUtils: Failed to measure fs-verity, errno 1: /data/app/~~6u0Re1vIokq4KKgcC4UjGg==/com.cncd.japan.janli.shudu-y9tFBqXfeqyXZFbNk3xSng==/base.apk
10-30 21:48:59.761  1482  1850 E VerityUtils: Failed to measure fs-verity, errno 1: /data/app/~~w87cul-IweEEgSXbdQZWSg==/com.keji.danti424-LgXooHyNrf_Jm5juQUgniA==/base.apk
10-30 21:48:59.764  1482  1850 E VerityUtils: Failed to measure fs-verity, errno 1: /data/app/~~w87cul-IweEEgSXbdQZWSg==/com.keji.danti424-LgXooHyNrf_Jm5juQUgniA==/base.apk
10-30 21:48:59.769  1482  1850 E VerityUtils: Failed to measure fs-verity, errno 1: /data/app/~~5hjstzFQD5Bdkk7tS8emnQ==/com.android.msc-epzSSTx-R17kl2J7hWfcPA==/base.apk
10-30 21:48:59.771  1482  1850 E VerityUtils: Failed to measure fs-verity, errno 1: /data/app/~~Vj6mDHCtkhAW1VZzMWA61Q==/com.keji.danti672-RXjp61-weAJgPw2OzW3bug==/base.apk
10-30 21:48:59.775  1482  1850 E VerityUtils: Failed to measure fs-verity, errno 1: /data/app/~~Vj6mDHCtkhAW1VZzMWA61Q==/com.keji.danti672-RXjp61-weAJgPw2OzW3bug==/base.apk
10-30 21:48:59.778  1482  1850 E VerityUtils: Failed to measure fs-verity, errno 1: /data/app/~~3D7L10Vwh6W_ULAYBfwdhQ==/com.jr.narutoii-zDrEek_0nJ__7O52KvunEQ==/base.apk
10-30 21:48:59.795  1482  1850 E VerityUtils: Failed to measure fs-verity, errno 1: /data/app/~~HyG2hD6od8pG6Bb4RMBO0Q==/android.dds.com-1Ws6aaW8v8PmwPm1BT8XiA==/base.apk
10-30 21:48:59.797  1482  1850 E VerityUtils: Failed to measure fs-verity, errno 1: /data/app/~~HyG2hD6od8pG6Bb4RMBO0Q==/android.dds.com-1Ws6aaW8v8PmwPm1BT8XiA==/base.apk
10-30 21:48:59.800  1482  1850 E VerityUtils: Failed to measure fs-verity, errno 1: /data/app/~~adHivULr8NzInwU72LwOVA==/xoin.sctqi.crejg-I943ax4OxqvtlNBYwVQqOg==/base.apk
10-30 21:48:59.805  1482  1850 E VerityUtils: Failed to measure fs-verity, errno 1: /data/app/~~r7knhPdXXZhT2qSeDH252g==/com.uwz.ihrork-YCH7JHVs1KmpFzhe5Iuiqw==/base.apk
10-30 21:48:59.810  1482  1850 E VerityUtils: Failed to measure fs-verity, errno 1: /data/app/~~r7knhPdXXZhT2qSeDH252g==/com.uwz.ihrork-YCH7JHVs1KmpFzhe5Iuiqw==/base.apk
10-30 21:48:59.815  1482  1850 E VerityUtils: Failed to measure fs-verity, errno 1: /data/app/~~j75wcuCM21c9Y5kfHp2QHw==/tbps.xzlgs.vegxn-9AtkuFRwAx_fiwIWuZHa2g==/base.apk
10-30 21:48:59.818  1482  1850 E VerityUtils: Failed to measure fs-verity, errno 1: /data/app/~~tP4OhjRZ9UJV45YfpejADQ==/com.lyf.tkhlke-KDeb0KX6fEO-SMJOwiWEcQ==/base.apk
10-30 21:48:59.824  1482  1850 E VerityUtils: Failed to measure fs-verity, errno 1: /data/app/~~tP4OhjRZ9UJV45YfpejADQ==/com.lyf.tkhlke-KDeb0KX6fEO-SMJOwiWEcQ==/base.apk
10-30 21:48:59.829  1482  1850 E VerityUtils: Failed to measure fs-verity, errno 1: /data/app/~~25NL6-5DPRkDMcwWDli7wA==/com.google.hxz-Vtm3p4ZHJm5ZEoUvjpSmSg==/base.apk
10-30 21:48:59.840  1482  1850 E VerityUtils: Failed to measure fs-verity, errno 1: /data/app/~~_Xs7w68Sst7gmUSrGxoaVQ==/com.evilsunflower.animalpuzzle-RehGzAvyKKslvROfYNXFdQ==/base.apk
10-30 21:48:59.847  1482  1850 E VerityUtils: Failed to measure fs-verity, errno 1: /data/app/~~_Xs7w68Sst7gmUSrGxoaVQ==/com.evilsunflower.animalpuzzle-RehGzAvyKKslvROfYNXFdQ==/base.apk
10-30 21:48:59.857  1482  1850 E VerityUtils: Failed to measure fs-verity, errno 1: /data/app/~~SG6P7s4L7qvLoCMirvSeUw==/io.dcloud.H5BC6BF13-ox10OyBpAzmDHQwjUJCzfA==/base.apk
10-30 21:48:59.868  1482  1850 E VerityUtils: Failed to measure fs-verity, errno 1: /data/app/~~SG6P7s4L7qvLoCMirvSeUw==/io.dcloud.H5BC6BF13-ox10OyBpAzmDHQwjUJCzfA==/base.apk
10-30 21:48:59.875  1482  1850 E VerityUtils: Failed to measure fs-verity, errno 1: /data/app/~~pGSFVziv70m_KjMYBfBBrw==/com.keji.danti1052-8GiVPT-2vcb_8WLaGueD4Q==/base.apk
10-30 21:48:59.877  1482  1850 E VerityUtils: Failed to measure fs-verity, errno 1: /data/app/~~pGSFVziv70m_KjMYBfBBrw==/com.keji.danti1052-8GiVPT-2vcb_8WLaGueD4Q==/base.apk
10-30 21:48:59.878  1482  1850 E VerityUtils: Failed to measure fs-verity, errno 1: /data/app/~~7iHKK13L33jUTehKXzlIBA==/com.uc108.mobile.sdgj.bd1-PmKuFP_ZsXuf57I9PrOn4w==/base.apk
10-30 21:48:59.904  1482  1850 E VerityUtils: Failed to measure fs-verity, errno 1: /data/app/~~7iHKK13L33jUTehKXzlIBA==/com.uc108.mobile.sdgj.bd1-PmKuFP_ZsXuf57I9PrOn4w==/base.apk
10-30 21:48:59.915  1482  1854 V BackupManagerService: [UserID:0] restoreAtInstall pkg=com.hs.rjk token=66 restoreSet=0
10-30 21:48:59.915  1482  1854 V BackupManagerService: [UserID:0] Finishing install immediately
10-30 21:48:59.922  1482  1854 D PackageInstallerSession: Marking session 2061683271 as applied
10-30 21:48:59.924  1482  1723 D OomAdjuster: Not killing cached processes
10-30 21:48:59.926  1482  1854 D CompatibilityChangeReporter: Compat change id reported: 168419799; UID 10293; state: DISABLED
10-30 21:48:59.926  1482  1854 D CompatibilityChangeReporter: Compat change id reported: 273564678; UID 10293; state: DISABLED
10-30 21:48:59.930  1482  2918 D CompatibilityChangeReporter: Compat change id reported: 218533173; UID 10293; state: DISABLED
10-30 21:48:59.931  1482  1723 W BroadcastQueue: u0 Receiving a broadcast in packagecom.jr.narutoii requires a permissions review
10-30 21:48:59.931  1482  1723 W BroadcastQueue: Skipping delivery: permission review required for Intent { act=android.intent.action.PACKAGE_ADDED dat=package: flg=0x4000010 (has extras) } from null (pid=1482, uid=1000) to com.jr.narutoii/com.joyriver.engine.proxy.EngineReceiver
10-30 21:48:59.931  1482  1723 W BroadcastQueue: u0 Receiving a broadcast in packagecom.android.buyer requires a permissions review
10-30 21:48:59.932  1482  1723 W BroadcastQueue: Skipping delivery: permission review required for Intent { act=android.intent.action.PACKAGE_ADDED dat=package: flg=0x4000010 (has extras) } from null (pid=1482, uid=1000) to com.android.buyer/.mRve
10-30 21:48:59.932  1482  1723 W BroadcastQueue: Background execution not allowed: receiving Intent { act=android.intent.action.PACKAGE_ADDED dat=package: flg=0x4000010 (has extras) } to com.google.android.packageinstaller/com.android.packageinstaller.PackageInstalledReceiver
10-30 21:48:59.932  1482  1723 W BroadcastQueue: Background execution not allowed: receiving Intent { act=android.intent.action.PACKAGE_ADDED dat=package: flg=0x4000010 (has extras) } to com.android.vending/com.google.android.finsky.packagemonitor.impl.PackageMonitorReceiverImpl$RegisteredReceiver
10-30 21:48:59.932  1482  1723 W BroadcastQueue: Background execution not allowed: receiving Intent { act=android.intent.action.PACKAGE_ADDED dat=package: flg=0x4000010 (has extras) } to com.android.vending/com.google.android.finsky.packagemonitor.backgroundimpl.BackgroundPackageMonitorReceiverImpl$RegisteredReceiver
10-30 21:48:59.935  1482  1723 W BroadcastQueue: Background execution not allowed: receiving Intent { act=android.intent.action.PACKAGE_ADDED dat=package: flg=0x4000010 (has extras) } to com.google.android.gms/.games.chimera.GamesSystemBroadcastReceiverProxy
10-30 21:48:59.935  1482  1723 W BroadcastQueue: Background execution not allowed: receiving Intent { act=android.intent.action.PACKAGE_ADDED dat=package: flg=0x4000010 (has extras) } to com.google.android.gms/.gass.chimera.PackageChangeBroadcastReceiver
10-30 21:48:59.935  1482  1723 W BroadcastQueue: Background execution not allowed: receiving Intent { act=android.intent.action.PACKAGE_ADDED dat=package: flg=0x4000010 (has extras) } to com.google.android.gms/.chimera.GmsIntentOperationService$PersistentTrustedReceiver
10-30 21:48:59.935  1482  1723 W BroadcastQueue: Background execution not allowed: receiving Intent { act=android.intent.action.PACKAGE_ADDED dat=package: flg=0x4000010 (has extras) } to com.google.android.googlequicksearchbox/com.google.android.apps.gsa.googlequicksearchbox.GelStubAppWatcher
10-30 21:48:59.935  1482  1723 W BroadcastQueue: u0 Receiving a broadcast in packagecom.cncd.japan.janli.shudu requires a permissions review
10-30 21:48:59.935  1482  1723 W BroadcastQueue: Skipping delivery: permission review required for Intent { act=android.intent.action.PACKAGE_ADDED dat=package: flg=0x4000010 (has extras) } from null (pid=1482, uid=1000) to com.cncd.japan.janli.shudu/net.l.k.r
10-30 21:48:59.935  1482  1723 W BroadcastQueue: u0 Receiving a broadcast in packagecom.cncd.japan.janli.shudu requires a permissions review
10-30 21:48:59.935  1482  1723 W BroadcastQueue: Skipping delivery: permission review required for Intent { act=android.intent.action.PACKAGE_ADDED dat=package: flg=0x4000010 (has extras) } from null (pid=1482, uid=1000) to com.cncd.japan.janli.shudu/com.feiwofour.coverscreen.SR
10-30 21:48:59.935  1482  1723 W BroadcastQueue: u0 Receiving a broadcast in packagecom.games.mengmeizhitd requires a permissions review
10-30 21:48:59.936  1482  1723 W BroadcastQueue: Skipping delivery: permission review required for Intent { act=android.intent.action.PACKAGE_ADDED dat=package: flg=0x4000010 (has extras) } from null (pid=1482, uid=1000) to com.games.mengmeizhitd/hjnw.ihjnw.i.isqly
10-30 21:48:59.936  1482  1723 W BroadcastQueue: u0 Receiving a broadcast in packagecom.hgperfko.yaeghrwx requires a permissions review
10-30 21:48:59.936  1482  1723 W BroadcastQueue: Skipping delivery: permission review required for Intent { act=android.intent.action.PACKAGE_ADDED dat=package: flg=0x4000010 (has extras) } from null (pid=1482, uid=1000) to com.hgperfko.yaeghrwx/.core.hLytdCQDBv
10-30 21:48:59.936  1482  1723 W BroadcastQueue: Background execution not allowed: receiving Intent { act=android.intent.action.PACKAGE_ADDED dat=package: flg=0x4000010 (has extras) } to com.lookout/.plugin.security.internal.broadcast.InstallRelayReceiver
10-30 21:48:59.936  1482  1723 W BroadcastQueue: u0 Receiving a broadcast in packagecom.qiuqiu.dfmc requires a permissions review
10-30 21:48:59.936  1482  1723 W BroadcastQueue: Skipping delivery: permission review required for Intent { act=android.intent.action.PACKAGE_ADDED dat=package: flg=0x4000010 (has extras) } from null (pid=1482, uid=1000) to com.qiuqiu.dfmc/cn.jpush.android.service.PushReceiver
10-30 21:48:59.943  1482  1482 I Telecom : DefaultDialerCache: Refreshing default dialer for user 0: now com.google.android.dialer: DDC.oR@A+A
10-30 21:48:59.946  1482  1723 W BroadcastQueue: u0 Receiving a broadcast in packagecom.safesys.viruskiller requires a permissions review
10-30 21:48:59.946  1482  1723 W BroadcastQueue: Skipping delivery: permission review required for Intent { act=android.intent.action.PACKAGE_ADDED dat=package: flg=0x4000010 (has extras) } from null (pid=1482, uid=1000) to com.safesys.viruskiller/.ScanPackageBroadcast
10-30 21:48:59.946  1482  1723 W BroadcastQueue: u0 Receiving a broadcast in packagecom.uc108.mobile.sdgj.bd1 requires a permissions review
10-30 21:48:59.947  1482  1723 W BroadcastQueue: Skipping delivery: permission review required for Intent { act=android.intent.action.PACKAGE_ADDED dat=package: flg=0x4000010 (has extras) } from null (pid=1482, uid=1000) to com.uc108.mobile.sdgj.bd1/com.baidu.tiebasdk.service.InstallReceiver
10-30 21:48:59.947  1482  1723 W BroadcastQueue: u0 Receiving a broadcast in packagecom.voicebianshengjinglingwc.wxl requires a permissions review
10-30 21:48:59.947  1482  1723 W BroadcastQueue: Skipping delivery: permission review required for Intent { act=android.intent.action.PACKAGE_ADDED dat=package: flg=0x4000010 (has extras) } from null (pid=1482, uid=1000) to com.voicebianshengjinglingwc.wxl/mp.ruu.Ztjjwrj
10-30 21:48:59.947  1482  1723 W BroadcastQueue: u0 Receiving a broadcast in packagecom.yoojar.zlsg.baidu requires a permissions review
10-30 21:48:59.947  1482  1723 W BroadcastQueue: Skipping delivery: permission review required for Intent { act=android.intent.action.PACKAGE_ADDED dat=package: flg=0x4000010 (has extras) } from null (pid=1482, uid=1000) to com.yoojar.zlsg.baidu/com.duoku.platform.download.broadcast.AppMonitorReceiver
10-30 21:48:59.947  1482  1723 W BroadcastQueue: u0 Receiving a broadcast in packageio.dcloud.H5BC6BF13 requires a permissions review
10-30 21:48:59.947  1482  1723 W BroadcastQueue: Skipping delivery: permission review required for Intent { act=android.intent.action.PACKAGE_ADDED dat=package: flg=0x4000010 (has extras) } from null (pid=1482, uid=1000) to io.dcloud.H5BC6BF13/io.dcloud.common.adapter.io.DownloadReceiver
10-30 21:48:59.984  1482  1482 I Telecom : DefaultDialerCache: Refreshing default dialer for user 0: now com.google.android.dialer: DDC.oR@A+E
10-30 21:48:59.984  1482  4172 W BackupTransportManager: Package com.hs.rjk enabled setting: 0
10-30 21:49:00.014  1482  5230 D CompatibilityChangeReporter: Compat change id reported: 161252188; UID 10293; state: DISABLED
10-30 21:49:00.056  1482  1721 W WindowMagnificationMgr: requestConnection duplicated request: connect=false, mConnectionState=DISCONNECTED
10-30 21:49:00.106  1482  1850 E VerityUtils: Failed to measure fs-verity, errno 1: /data/app/~~h-ttKmAxuWa4s0gM9Otz4w==/com.hgperfko.yaeghrwx-5tNVD6Oj3vuWnYl_saoM5w==/base.apk
10-30 21:49:00.118  1482  5485 W BroadcastQueue: u0 Receiving a broadcast in packagecom.yoojar.zlsg.baidu requires a permissions review
10-30 21:49:00.118  1482  5485 W BroadcastQueue: Skipping delivery: permission review required for Intent { act=android.intent.action.PACKAGE_CHANGED dat=package: flg=0x5000010 (has extras) } from null (pid=1482, uid=1000) to com.yoojar.zlsg.baidu/com.duoku.platform.download.broadcast.AppMonitorReceiver
10-30 21:49:00.123  1482  1850 E VerityUtils: Failed to measure fs-verity, errno 1: /data/app/~~h-ttKmAxuWa4s0gM9Otz4w==/com.hgperfko.yaeghrwx-5tNVD6Oj3vuWnYl_saoM5w==/base.apk
10-30 21:49:00.131  1482  1721 W PackageManager: Failed registering loading progress callback. Package is fully loaded.
10-30 21:49:00.135  1482  1850 E VerityUtils: Failed to measure fs-verity, errno 1: /data/app/~~KzkhteU07HnzJCpqMshurg==/com.hs.rjk-sOtN-5a22tZV9tbSpA-qGw==/base.apk
10-30 21:49:00.146  1482  1721 W WindowMagnificationMgr: requestConnection duplicated request: connect=false, mConnectionState=DISCONNECTED
10-30 21:49:00.165  1482  1850 E VerityUtils: Failed to measure fs-verity, errno 1: /data/app/~~GKG1avzrLiJ6cIUykmkNkg==/com.livegame.wallpapermingche-VMOszMAWikPcEPGzOkUFdQ==/base.apk
10-30 21:49:00.181  1482  1850 E VerityUtils: Failed to measure fs-verity, errno 1: /data/app/~~GKG1avzrLiJ6cIUykmkNkg==/com.livegame.wallpapermingche-VMOszMAWikPcEPGzOkUFdQ==/base.apk
10-30 21:49:00.184  1482  1850 E VerityUtils: Failed to measure fs-verity, errno 1: /data/app/~~6u0Re1vIokq4KKgcC4UjGg==/com.cncd.japan.janli.shudu-y9tFBqXfeqyXZFbNk3xSng==/base.apk
10-30 21:49:00.189  1482  1850 E VerityUtils: Failed to measure fs-verity, errno 1: /data/app/~~6u0Re1vIokq4KKgcC4UjGg==/com.cncd.japan.janli.shudu-y9tFBqXfeqyXZFbNk3xSng==/base.apk
10-30 21:49:00.194  1482  1850 E VerityUtils: Failed to measure fs-verity, errno 1: /data/app/~~5hjstzFQD5Bdkk7tS8emnQ==/com.android.msc-epzSSTx-R17kl2J7hWfcPA==/base.apk
10-30 21:49:00.244  1482  1850 E VerityUtils: Failed to measure fs-verity, errno 1: /data/app/~~5hjstzFQD5Bdkk7tS8emnQ==/com.android.msc-epzSSTx-R17kl2J7hWfcPA==/base.apk
10-30 21:49:00.246  1482  1850 E VerityUtils: Failed to measure fs-verity, errno 1: /data/app/~~3D7L10Vwh6W_ULAYBfwdhQ==/com.jr.narutoii-zDrEek_0nJ__7O52KvunEQ==/base.apk
10-30 21:49:00.274  1482  1850 E VerityUtils: Failed to measure fs-verity, errno 1: /data/app/~~3D7L10Vwh6W_ULAYBfwdhQ==/com.jr.narutoii-zDrEek_0nJ__7O52KvunEQ==/base.apk
10-30 21:49:00.289  1482  1854 E PackageManager: ERROR: could not load root hash from incremental install
10-30 21:49:00.314  1482  1850 E VerityUtils: Failed to measure fs-verity, errno 1: /data/app/~~adHivULr8NzInwU72LwOVA==/xoin.sctqi.crejg-I943ax4OxqvtlNBYwVQqOg==/base.apk
10-30 21:49:00.314  1482  1854 I PackageManager: Integrity check passed for file:///data/app/vmdl2143474789.tmp
10-30 21:49:00.318  1482  1850 E VerityUtils: Failed to measure fs-verity, errno 1: /data/app/~~adHivULr8NzInwU72LwOVA==/xoin.sctqi.crejg-I943ax4OxqvtlNBYwVQqOg==/base.apk
