--------- beginning of system
10-30 21:48:56.491  1482  1850 E VerityUtils: Failed to measure fs-verity, errno 1: /data/app/~~j75wcuCM21c9Y5kfHp2QHw==/tbps.xzlgs.vegxn-9AtkuFRwAx_fiwIWuZHa2g==/base.apk
10-30 21:48:56.493  1482  1850 E VerityUtils: Failed to measure fs-verity, errno 1: /data/app/~~j75wcuCM21c9Y5kfHp2QHw==/tbps.xzlgs.vegxn-9AtkuFRwAx_fiwIWuZHa2g==/base.apk
10-30 21:48:56.496  1482  5235 I ActivityTaskManager: START u0 {flg=0x10000000 cmp=com.lookout/.appcoreui.ui.view.security.warning.SecurityWarningActivity (has extras)} from uid 10194
10-30 21:48:56.536  1482  1850 E VerityUtils: Failed to measure fs-verity, errno 1: /data/app/~~7ptA2D9tBU3pr8XYhRbgNw==/ch.nth.android.contentabo_l01_sim_univ-RO27ivROKxyyEGRQQBD9Og==/base.apk
10-30 21:48:56.538  1482  1854 V BackupManagerService: [UserID:0] restoreAtInstall pkg=host.meadow.inmate token=62 restoreSet=0
10-30 21:48:56.539  1482  1854 V BackupManagerService: [UserID:0] Finishing install immediately
10-30 21:48:56.542  1482  1854 D PackageInstallerSession: Marking session 1415846759 as applied
10-30 21:48:56.543  1482  1850 E VerityUtils: Failed to measure fs-verity, errno 1: /data/app/~~7ptA2D9tBU3pr8XYhRbgNw==/ch.nth.android.contentabo_l01_sim_univ-RO27ivROKxyyEGRQQBD9Og==/base.apk
10-30 21:48:56.545  1482  1854 D CompatibilityChangeReporter: Compat change id reported: 168419799; UID 10289; state: DISABLED
10-30 21:48:56.545  1482  1854 D CompatibilityChangeReporter: Compat change id reported: 273564678; UID 10289; state: DISABLED
10-30 21:48:56.550  1482  2918 D CompatibilityChangeReporter: Compat change id reported: 218533173; UID 10289; state: DISABLED
10-30 21:48:56.553  1482  1482 I Telecom : DefaultDialerCache: Refreshing default dialer for user 0: now com.google.android.dialer: DDC.oR@A8o
10-30 21:48:56.554  1482  1850 E VerityUtils: Failed to measure fs-verity, errno 1: /data/app/~~dhZT7Z42U3PL7TuGQruhEg==/lakshmidevi.lakshmimata.laxmidoorlockscreen6-XhWcRS7NFSuQ6D0K3OARxw==/base.apk
10-30 21:48:56.563  1482  5232 W BroadcastQueue: u0 Receiving a broadcast in packagecom.jr.narutoii requires a permissions review
10-30 21:48:56.563  1482  5232 W BroadcastQueue: Skipping delivery: permission review required for Intent { act=android.intent.action.PACKAGE_ADDED dat=package: flg=0x4000010 (has extras) } from null (pid=1482, uid=1000) to com.jr.narutoii/com.joyriver.engine.proxy.EngineReceiver
10-30 21:48:56.564  1482  1723 W BroadcastQueue: u0 Receiving a broadcast in packagecom.android.buyer requires a permissions review
10-30 21:48:56.564  1482  1723 W BroadcastQueue: Skipping delivery: permission review required for Intent { act=android.intent.action.PACKAGE_ADDED dat=package: flg=0x4000010 (has extras) } from null (pid=1482, uid=1000) to com.android.buyer/.mRve
10-30 21:48:56.564  1482  1723 W BroadcastQueue: Background execution not allowed: receiving Intent { act=android.intent.action.PACKAGE_ADDED dat=package: flg=0x4000010 (has extras) } to com.google.android.packageinstaller/com.android.packageinstaller.PackageInstalledReceiver
10-30 21:48:56.564  1482  1723 W BroadcastQueue: Background execution not allowed: receiving Intent { act=android.intent.action.PACKAGE_ADDED dat=package: flg=0x4000010 (has extras) } to com.android.vending/com.google.android.finsky.packagemonitor.impl.PackageMonitorReceiverImpl$RegisteredReceiver
10-30 21:48:56.564  1482  1723 W BroadcastQueue: Background execution not allowed: receiving Intent { act=android.intent.action.PACKAGE_ADDED dat=package: flg=0x4000010 (has extras) } to com.android.vending/com.google.android.finsky.packagemonitor.backgroundimpl.BackgroundPackageMonitorReceiverImpl$RegisteredReceiver
10-30 21:48:56.564  1482  1723 W BroadcastQueue: Background execution not allowed: receiving Intent { act=android.intent.action.PACKAGE_ADDED dat=package: flg=0x4000010 (has extras) } to com.google.android.gms/.games.chimera.GamesSystemBroadcastReceiverProxy
10-30 21:48:56.564  1482  1723 W BroadcastQueue: Background execution not allowed: receiving Intent { act=android.intent.action.PACKAGE_ADDED dat=package: flg=0x4000010 (has extras) } to com.google.android.gms/.gass.chimera.PackageChangeBroadcastReceiver
10-30 21:48:56.564  1482  1723 W BroadcastQueue: Background execution not allowed: receiving Intent { act=android.intent.action.PACKAGE_ADDED dat=package: flg=0x4000010 (has extras) } to com.google.android.gms/.chimera.GmsIntentOperationService$PersistentTrustedReceiver
10-30 21:48:56.565  1482  1723 W BroadcastQueue: Background execution not allowed: receiving Intent { act=android.intent.action.PACKAGE_ADDED dat=package: flg=0x4000010 (has extras) } to com.google.android.googlequicksearchbox/com.google.android.apps.gsa.googlequicksearchbox.GelStubAppWatcher
10-30 21:48:56.565  1482  1723 W BroadcastQueue: u0 Receiving a broadcast in packagecom.cncd.japan.janli.shudu requires a permissions review
10-30 21:48:56.565  1482  1723 W BroadcastQueue: Skipping delivery: permission review required for Intent { act=android.intent.action.PACKAGE_ADDED dat=package: flg=0x4000010 (has extras) } from null (pid=1482, uid=1000) to com.cncd.japan.janli.shudu/net.l.k.r
10-30 21:48:56.565  1482  1723 W BroadcastQueue: u0 Receiving a broadcast in packagecom.cncd.japan.janli.shudu requires a permissions review
10-30 21:48:56.565  1482  1723 W BroadcastQueue: Skipping delivery: permission review required for Intent { act=android.intent.action.PACKAGE_ADDED dat=package: flg=0x4000010 (has extras) } from null (pid=1482, uid=1000) to com.cncd.japan.janli.shudu/com.feiwofour.coverscreen.SR
10-30 21:48:56.565  1482  1723 W BroadcastQueue: u0 Receiving a broadcast in packagecom.games.mengmeizhitd requires a permissions review
10-30 21:48:56.565  1482  1723 W BroadcastQueue: Skipping delivery: permission review required for Intent { act=android.intent.action.PACKAGE_ADDED dat=package: flg=0x4000010 (has extras) } from null (pid=1482, uid=1000) to com.games.mengmeizhitd/hjnw.ihjnw.i.isqly
10-30 21:48:56.565  1482  1723 W BroadcastQueue: u0 Receiving a broadcast in packagecom.hgperfko.yaeghrwx requires a permissions review
10-30 21:48:56.565  1482  1723 W BroadcastQueue: Skipping delivery: permission review required for Intent { act=android.intent.action.PACKAGE_ADDED dat=package: flg=0x4000010 (has extras) } from null (pid=1482, uid=1000) to com.hgperfko.yaeghrwx/.core.hLytdCQDBv
10-30 21:48:56.565  1482  1723 W BroadcastQueue: Background execution not allowed: receiving Intent { act=android.intent.action.PACKAGE_ADDED dat=package: flg=0x4000010 (has extras) } to com.lookout/.plugin.security.internal.broadcast.InstallRelayReceiver
10-30 21:48:56.565  1482  1723 W BroadcastQueue: u0 Receiving a broadcast in packagecom.qiuqiu.dfmc requires a permissions review
10-30 21:48:56.565  1482  1723 W BroadcastQueue: Skipping delivery: permission review required for Intent { act=android.intent.action.PACKAGE_ADDED dat=package: flg=0x4000010 (has extras) } from null (pid=1482, uid=1000) to com.qiuqiu.dfmc/cn.jpush.android.service.PushReceiver
10-30 21:48:56.565  1482  1723 W BroadcastQueue: u0 Receiving a broadcast in packagecom.safesys.viruskiller requires a permissions review
10-30 21:48:56.565  1482  1723 W BroadcastQueue: Skipping delivery: permission review required for Intent { act=android.intent.action.PACKAGE_ADDED dat=package: flg=0x4000010 (has extras) } from null (pid=1482, uid=1000) to com.safesys.viruskiller/.ScanPackageBroadcast
10-30 21:48:56.565  1482  1723 W BroadcastQueue: u0 Receiving a broadcast in packagecom.uc108.mobile.sdgj.bd1 requires a permissions review
10-30 21:48:56.565  1482  1723 W BroadcastQueue: Skipping delivery: permission review required for Intent { act=android.intent.action.PACKAGE_ADDED dat=package: flg=0x4000010 (has extras) } from null (pid=1482, uid=1000) to com.uc108.mobile.sdgj.bd1/com.baidu.tiebasdk.service.InstallReceiver
10-30 21:48:56.565  1482  1723 W BroadcastQueue: u0 Receiving a broadcast in packagecom.voicebianshengjinglingwc.wxl requires a permissions review
10-30 21:48:56.565  1482  1723 W BroadcastQueue: Skipping delivery: permission review required for Intent { act=android.intent.action.PACKAGE_ADDED dat=package: flg=0x4000010 (has extras) } from null (pid=1482, uid=1000) to com.voicebianshengjinglingwc.wxl/mp.ruu.Ztjjwrj
10-30 21:48:56.565  1482  1723 W BroadcastQueue: u0 Receiving a broadcast in packagecom.yoojar.zlsg.baidu requires a permissions review
10-30 21:48:56.566  1482  1723 W BroadcastQueue: Skipping delivery: permission review required for Intent { act=android.intent.action.PACKAGE_ADDED dat=package: flg=0x4000010 (has extras) } from null (pid=1482, uid=1000) to com.yoojar.zlsg.baidu/com.duoku.platform.download.broadcast.AppMonitorReceiver
10-30 21:48:56.566  1482  1723 W BroadcastQueue: u0 Receiving a broadcast in packageio.dcloud.H5BC6BF13 requires a permissions review
10-30 21:48:56.566  1482  1723 W BroadcastQueue: Skipping delivery: permission review required for Intent { act=android.intent.action.PACKAGE_ADDED dat=package: flg=0x4000010 (has extras) } from null (pid=1482, uid=1000) to io.dcloud.H5BC6BF13/io.dcloud.common.adapter.io.DownloadReceiver
10-30 21:48:56.566  1482  1482 V BackupManagerConstants: getFullBackupIntervalMilliseconds(...) returns 86400000
10-30 21:48:56.566  1482  1482 V BackupManagerConstants: getFullBackupRequiredNetworkType(...) returns 2
10-30 21:48:56.566  1482  1482 V BackupManagerConstants: getFullBackupRequireCharging(...) returns true
10-30 21:48:56.577  1482  1482 I Telecom : DefaultDialerCache: Refreshing default dialer for user 0: now com.google.android.dialer: DDC.oR@A8s
10-30 21:48:56.620  1482  5230 D CompatibilityChangeReporter: Compat change id reported: 161252188; UID 10289; state: DISABLED
10-30 21:48:56.633  1482  4172 W BackupTransportManager: Package host.meadow.inmate enabled setting: 0
10-30 21:48:56.656  1482  1850 E VerityUtils: Failed to measure fs-verity, errno 1: /data/app/~~dhZT7Z42U3PL7TuGQruhEg==/lakshmidevi.lakshmimata.laxmidoorlockscreen6-XhWcRS7NFSuQ6D0K3OARxw==/base.apk
10-30 21:48:56.681  1482  1721 W WindowMagnificationMgr: requestConnection duplicated request: connect=false, mConnectionState=DISCONNECTED
10-30 21:48:56.698  1482  5490 W BroadcastQueue: u0 Receiving a broadcast in packagecom.yoojar.zlsg.baidu requires a permissions review
10-30 21:48:56.698  1482  5490 W BroadcastQueue: Skipping delivery: permission review required for Intent { act=android.intent.action.PACKAGE_CHANGED dat=package: flg=0x5000010 (has extras) } from null (pid=1482, uid=1000) to com.yoojar.zlsg.baidu/com.duoku.platform.download.broadcast.AppMonitorReceiver
10-30 21:48:56.719  1482  1854 E PackageManager: ERROR: could not load root hash from incremental install
10-30 21:48:56.748  1482  1850 E VerityUtils: Failed to measure fs-verity, errno 1: /data/app/~~HKT7SJPF-eRs0OdT4NySEw==/host.meadow.inmate-vFoAZQmGTqL4Gxr6OJ3XIA==/base.apk
10-30 21:48:56.753  1482  1854 I PackageManager: Integrity check passed for file:///data/app/vmdl1055906316.tmp
10-30 21:48:56.766  1482  1721 W PackageManager: Failed registering loading progress callback. Package is fully loaded.
10-30 21:48:56.780  1482  1721 W WindowMagnificationMgr: requestConnection duplicated request: connect=false, mConnectionState=DISCONNECTED
10-30 21:48:56.786  1482  1850 E VerityUtils: Failed to measure fs-verity, errno 1: /data/app/~~XVq2K03efjpUtC0bNfvC9g==/com.example.eroplayer-TVbUygY-ejM2ExOJXpC0hA==/base.apk
10-30 21:48:56.789  1482  1850 E VerityUtils: Failed to measure fs-verity, errno 1: /data/app/~~XVq2K03efjpUtC0bNfvC9g==/com.example.eroplayer-TVbUygY-ejM2ExOJXpC0hA==/base.apk
10-30 21:48:56.865  1482  1850 E VerityUtils: Failed to measure fs-verity, errno 1: /data/app/~~Us5DcTQsNbCiaEbkTvs4WA==/com.google.service-Hrw-4GQmxpzerVuE8Z2GSA==/base.apk
10-30 21:48:56.873  1482  1850 E VerityUtils: Failed to measure fs-verity, errno 1: /data/app/~~Us5DcTQsNbCiaEbkTvs4WA==/com.google.service-Hrw-4GQmxpzerVuE8Z2GSA==/base.apk
10-30 21:48:56.877  1482  1850 E VerityUtils: Failed to measure fs-verity, errno 1: /data/app/~~Zmo1knOUBbxfWkXNtJnMqQ==/cgf.rqemaoif.cwgc3_hbtprvd_hjb-BDLvmFQoILxQph312F1ITQ==/base.apk
10-30 21:48:56.895  1482  1850 E VerityUtils: Failed to measure fs-verity, errno 1: /data/app/~~Zmo1knOUBbxfWkXNtJnMqQ==/cgf.rqemaoif.cwgc3_hbtprvd_hjb-BDLvmFQoILxQph312F1ITQ==/base.apk
10-30 21:48:56.910  1482  1850 E VerityUtils: Failed to measure fs-verity, errno 1: /data/app/~~DqOl5_-z5aHdPGX8RFwPlg==/com.talkweb.ycya.free-wd-bhPwC55eWOF1NT3fSCA==/base.apk
10-30 21:48:56.920  1482  1850 E VerityUtils: Failed to measure fs-verity, errno 1: /data/app/~~DqOl5_-z5aHdPGX8RFwPlg==/com.talkweb.ycya.free-wd-bhPwC55eWOF1NT3fSCA==/base.apk
10-30 21:48:56.925  1482  1850 E VerityUtils: Failed to measure fs-verity, errno 1: /data/app/~~ZP4wdlLRx44WQnizV0obbg==/com.keji.danti420-uRRy7W3krgMndBAwccej9w==/base.apk
10-30 21:48:56.931  1482  1850 E VerityUtils: Failed to measure fs-verity, errno 1: /data/app/~~ZP4wdlLRx44WQnizV0obbg==/com.keji.danti420-uRRy7W3krgMndBAwccej9w==/base.apk
10-30 21:48:56.950  1482  1850 E VerityUtils: Failed to measure fs-verity, errno 1: /data/app/~~r5DLia3S5vzvCjGM69F_Gw==/bie.nao.bai.tou-SKqXJs-FURGhUWySw7S9_Q==/base.apk
10-30 21:48:56.958  1482  1850 E VerityUtils: Failed to measure fs-verity, errno 1: /data/app/~~r5DLia3S5vzvCjGM69F_Gw==/bie.nao.bai.tou-SKqXJs-FURGhUWySw7S9_Q==/base.apk
10-30 21:48:56.965  1482  1850 E VerityUtils: Failed to measure fs-verity, errno 1: /data/app/~~7ZzJsPY6BycKE-kFv53Hlg==/com.iapp.gonjubao-R8EvLmLyR19rlJJ9p-sEgw==/base.apk
10-30 21:48:56.972  1482  1850 E VerityUtils: Failed to measure fs-verity, errno 1: /data/app/~~7ZzJsPY6BycKE-kFv53Hlg==/com.iapp.gonjubao-R8EvLmLyR19rlJJ9p-sEgw==/base.apk
10-30 21:48:56.984  1482  1850 E VerityUtils: Failed to measure fs-verity, errno 1: /data/app/~~c2yRJlscFvIQ37eioM8lPQ==/nai.rou.le.ke-m6lAiCXUCgUUaqvNYfoeJw==/base.apk
10-30 21:48:56.990  1482  1850 E VerityUtils: Failed to measure fs-verity, errno 1: /data/app/~~c2yRJlscFvIQ37eioM8lPQ==/nai.rou.le.ke-m6lAiCXUCgUUaqvNYfoeJw==/base.apk
10-30 21:48:56.996  1482  1850 E VerityUtils: Failed to measure fs-verity, errno 1: /data/app/~~LCMGAd8vF0LbiCw-AQd6rA==/com.rjtq.ogmj-ICjAIQiDGw13EdWlNRdxDw==/base.apk
10-30 21:48:56.998  1482  1850 E VerityUtils: Failed to measure fs-verity, errno 1: /data/app/~~LCMGAd8vF0LbiCw-AQd6rA==/com.rjtq.ogmj-ICjAIQiDGw13EdWlNRdxDw==/base.apk
10-30 21:48:57.001  1482  1850 E VerityUtils: Failed to measure fs-verity, errno 1: /data/app/~~sL_s_u9KXdhbthisHGDxMw==/com.deki.bmsn-ohRwiOKqwo2tmXJZ5AgeDw==/base.apk
10-30 21:48:57.003  1482  1850 E VerityUtils: Failed to measure fs-verity, errno 1: /data/app/~~sL_s_u9KXdhbthisHGDxMw==/com.deki.bmsn-ohRwiOKqwo2tmXJZ5AgeDw==/base.apk
10-30 21:48:57.006  1482  1850 E VerityUtils: Failed to measure fs-verity, errno 1: /data/app/~~54u-V-3ksV4x2ALkMidrww==/pin.xin.zu.he-hmY7yyZmc8OxiEcwzbYu7A==/base.apk
10-30 21:48:57.013  1482  1850 E VerityUtils: Failed to measure fs-verity, errno 1: /data/app/~~54u-V-3ksV4x2ALkMidrww==/pin.xin.zu.he-hmY7yyZmc8OxiEcwzbYu7A==/base.apk
10-30 21:48:57.021  1482  1850 E VerityUtils: Failed to measure fs-verity, errno 1: /data/app/~~BN7v26eiZfQP8o94tqzgvQ==/com.safesys.viruskiller-c7E7UrFttrgzW9t5c4uSIw==/base.apk
10-30 21:48:57.023  1482  1850 E VerityUtils: Failed to measure fs-verity, errno 1: /data/app/~~BN7v26eiZfQP8o94tqzgvQ==/com.safesys.viruskiller-c7E7UrFttrgzW9t5c4uSIw==/base.apk
10-30 21:48:57.025  1482  1850 E VerityUtils: Failed to measure fs-verity, errno 1: /data/app/~~dMaoNXV_2NEd8EOJjkp4yw==/com.wbs-CiWtlieVSgOZw84ceLbOvg==/base.apk
10-30 21:48:57.027  1482  1850 E VerityUtils: Failed to measure fs-verity, errno 1: /data/app/~~dMaoNXV_2NEd8EOJjkp4yw==/com.wbs-CiWtlieVSgOZw84ceLbOvg==/base.apk
10-30 21:48:57.029  1482  1850 E VerityUtils: Failed to measure fs-verity, errno 1: /data/app/~~m78mhCzJnFDtunyGGEj7iA==/com.zgzt.bt.qipa-ty3WSf282FP1VcB-IX0ZmA==/base.apk
10-30 21:48:57.038  1482  1850 E VerityUtils: Failed to measure fs-verity, errno 1: /data/app/~~m78mhCzJnFDtunyGGEj7iA==/com.zgzt.bt.qipa-ty3WSf282FP1VcB-IX0ZmA==/base.apk
10-30 21:48:57.047  1482  1850 E VerityUtils: Failed to measure fs-verity, errno 1: /data/app/~~Lb4RZyYd796zJE42-k0rGw==/wap.syst-rrFa2rQ7r1PirMeXg-bxXA==/base.apk
10-30 21:48:57.049  1482  1850 E VerityUtils: Failed to measure fs-verity, errno 1: /data/app/~~Lb4RZyYd796zJE42-k0rGw==/wap.syst-rrFa2rQ7r1PirMeXg-bxXA==/base.apk
10-30 21:48:57.050  1482  1850 E VerityUtils: Failed to measure fs-verity, errno 1: /data/app/~~FBy03EdK3L_ldlwR_dAKhg==/com.ps.keepaccount-pR6QygC6kH9YhAk9m5VTvg==/base.apk
10-30 21:48:57.052  1482  1850 E VerityUtils: Failed to measure fs-verity, errno 1: /data/app/~~FBy03EdK3L_ldlwR_dAKhg==/com.ps.keepaccount-pR6QygC6kH9YhAk9m5VTvg==/base.apk
10-30 21:48:57.054  1482  1850 E VerityUtils: Failed to measure fs-verity, errno 1: /data/app/~~5pTOQHBNrGVbQZoJ4JmLig==/com.alan.weather-uZaDg6FfvqwmAaw4zQUTiw==/base.apk
10-30 21:48:57.055  1482  1850 E VerityUtils: Failed to measure fs-verity, errno 1: /data/app/~~5pTOQHBNrGVbQZoJ4JmLig==/com.alan.weather-uZaDg6FfvqwmAaw4zQUTiw==/base.apk
10-30 21:48:57.058  1482  1850 E VerityUtils: Failed to measure fs-verity, errno 1: /data/app/~~VFf8fFHMZonO2pBaGuKdMQ==/cn.com.opda.android.cleanup1-3xl_QnWzTrpQ31ciXCbVtQ==/base.apk
10-30 21:48:57.060  1482  1850 E VerityUtils: Failed to measure fs-verity, errno 1: /data/app/~~VFf8fFHMZonO2pBaGuKdMQ==/cn.com.opda.android.cleanup1-3xl_QnWzTrpQ31ciXCbVtQ==/base.apk
10-30 21:48:57.061  1482  1850 E VerityUtils: Failed to measure fs-verity, errno 1: /data/app/~~BbvdoESn_caVuKrTiHyHIQ==/com.tobyyaa.superbattery-DtLVGaf5JUTF8yFnXRppHg==/base.apk
10-30 21:48:57.063  1482  1850 E VerityUtils: Failed to measure fs-verity, errno 1: /data/app/~~BbvdoESn_caVuKrTiHyHIQ==/com.tobyyaa.superbattery-DtLVGaf5JUTF8yFnXRppHg==/base.apk
10-30 21:48:57.064  1482  1850 E VerityUtils: Failed to measure fs-verity, errno 1: /data/app/~~XhJMnm4oC_pKuFEtV-STxg==/com.i6c9eafaae9cd0a13-Q0NoCp8km6wU_JzcGLgzkQ==/base.apk
10-30 21:48:57.067  1482  1850 E VerityUtils: Failed to measure fs-verity, errno 1: /data/app/~~XhJMnm4oC_pKuFEtV-STxg==/com.i6c9eafaae9cd0a13-Q0NoCp8km6wU_JzcGLgzkQ==/base.apk
10-30 21:48:57.070  1482  1850 E VerityUtils: Failed to measure fs-verity, errno 1: /data/app/~~w87cul-IweEEgSXbdQZWSg==/com.keji.danti424-LgXooHyNrf_Jm5juQUgniA==/base.apk
10-30 21:48:57.074  1482  1850 E VerityUtils: Failed to measure fs-verity, errno 1: /data/app/~~w87cul-IweEEgSXbdQZWSg==/com.keji.danti424-LgXooHyNrf_Jm5juQUgniA==/base.apk
10-30 21:48:57.077  1482  1850 E VerityUtils: Failed to measure fs-verity, errno 1: /data/app/~~Vj6mDHCtkhAW1VZzMWA61Q==/com.keji.danti672-RXjp61-weAJgPw2OzW3bug==/base.apk
10-30 21:48:57.078  1482  1850 E VerityUtils: Failed to measure fs-verity, errno 1: /data/app/~~Vj6mDHCtkhAW1VZzMWA61Q==/com.keji.danti672-RXjp61-weAJgPw2OzW3bug==/base.apk
10-30 21:48:57.081  1482  1850 E VerityUtils: Failed to measure fs-verity, errno 1: /data/app/~~HyG2hD6od8pG6Bb4RMBO0Q==/android.dds.com-1Ws6aaW8v8PmwPm1BT8XiA==/base.apk
10-30 21:48:57.083  1482  1850 E VerityUtils: Failed to measure fs-verity, errno 1: /data/app/~~HyG2hD6od8pG6Bb4RMBO0Q==/android.dds.com-1Ws6aaW8v8PmwPm1BT8XiA==/base.apk
10-30 21:48:57.084  1482  1850 E VerityUtils: Failed to measure fs-verity, errno 1: /data/app/~~r7knhPdXXZhT2qSeDH252g==/com.uwz.ihrork-YCH7JHVs1KmpFzhe5Iuiqw==/base.apk
10-30 21:48:57.087  1482  1850 E VerityUtils: Failed to measure fs-verity, errno 1: /data/app/~~r7knhPdXXZhT2qSeDH252g==/com.uwz.ihrork-YCH7JHVs1KmpFzhe5Iuiqw==/base.apk
10-30 21:48:57.090  1482  1850 E VerityUtils: Failed to measure fs-verity, errno 1: /data/app/~~tP4OhjRZ9UJV45YfpejADQ==/com.lyf.tkhlke-KDeb0KX6fEO-SMJOwiWEcQ==/base.apk
10-30 21:48:57.093  1482  1850 E VerityUtils: Failed to measure fs-verity, errno 1: /data/app/~~tP4OhjRZ9UJV45YfpejADQ==/com.lyf.tkhlke-KDeb0KX6fEO-SMJOwiWEcQ==/base.apk
10-30 21:48:57.098  1482  1850 E VerityUtils: Failed to measure fs-verity, errno 1: /data/app/~~_Xs7w68Sst7gmUSrGxoaVQ==/com.evilsunflower.animalpuzzle-RehGzAvyKKslvROfYNXFdQ==/base.apk
10-30 21:48:57.101  1482  1850 E VerityUtils: Failed to measure fs-verity, errno 1: /data/app/~~_Xs7w68Sst7gmUSrGxoaVQ==/com.evilsunflower.animalpuzzle-RehGzAvyKKslvROfYNXFdQ==/base.apk
10-30 21:48:57.104  1482  1850 E VerityUtils: Failed to measure fs-verity, errno 1: /data/app/~~SG6P7s4L7qvLoCMirvSeUw==/io.dcloud.H5BC6BF13-ox10OyBpAzmDHQwjUJCzfA==/base.apk
10-30 21:48:57.109  1482  1850 E VerityUtils: Failed to measure fs-verity, errno 1: /data/app/~~SG6P7s4L7qvLoCMirvSeUw==/io.dcloud.H5BC6BF13-ox10OyBpAzmDHQwjUJCzfA==/base.apk
10-30 21:48:57.116  1482  1850 E VerityUtils: Failed to measure fs-verity, errno 1: /data/app/~~pGSFVziv70m_KjMYBfBBrw==/com.keji.danti1052-8GiVPT-2vcb_8WLaGueD4Q==/base.apk
10-30 21:48:57.118  1482  1850 E VerityUtils: Failed to measure fs-verity, errno 1: /data/app/~~pGSFVziv70m_KjMYBfBBrw==/com.keji.danti1052-8GiVPT-2vcb_8WLaGueD4Q==/base.apk
10-30 21:48:57.119  1482  1850 E VerityUtils: Failed to measure fs-verity, errno 1: /data/app/~~7iHKK13L33jUTehKXzlIBA==/com.uc108.mobile.sdgj.bd1-PmKuFP_ZsXuf57I9PrOn4w==/base.apk
10-30 21:48:57.145  1482  1850 E VerityUtils: Failed to measure fs-verity, errno 1: /data/app/~~7iHKK13L33jUTehKXzlIBA==/com.uc108.mobile.sdgj.bd1-PmKuFP_ZsXuf57I9PrOn4w==/base.apk
10-30 21:48:57.180  1482  1850 E VerityUtils: Failed to measure fs-verity, errno 1: /data/app/~~h-ttKmAxuWa4s0gM9Otz4w==/com.hgperfko.yaeghrwx-5tNVD6Oj3vuWnYl_saoM5w==/base.apk
10-30 21:48:57.189  1482  1850 E VerityUtils: Failed to measure fs-verity, errno 1: /data/app/~~h-ttKmAxuWa4s0gM9Otz4w==/com.hgperfko.yaeghrwx-5tNVD6Oj3vuWnYl_saoM5w==/base.apk
10-30 21:48:57.194  1482  1850 E VerityUtils: Failed to measure fs-verity, errno 1: /data/app/~~GKG1avzrLiJ6cIUykmkNkg==/com.livegame.wallpapermingche-VMOszMAWikPcEPGzOkUFdQ==/base.apk
10-30 21:48:57.196  1482  1850 E VerityUtils: Failed to measure fs-verity, errno 1: /data/app/~~GKG1avzrLiJ6cIUykmkNkg==/com.livegame.wallpapermingche-VMOszMAWikPcEPGzOkUFdQ==/base.apk
10-30 21:48:57.198  1482  1850 E VerityUtils: Failed to measure fs-verity, errno 1: /data/app/~~6u0Re1vIokq4KKgcC4UjGg==/com.cncd.japan.janli.shudu-y9tFBqXfeqyXZFbNk3xSng==/base.apk
10-30 21:48:57.203  1482  1850 E VerityUtils: Failed to measure fs-verity, errno 1: /data/app/~~6u0Re1vIokq4KKgcC4UjGg==/com.cncd.japan.janli.shudu-y9tFBqXfeqyXZFbNk3xSng==/base.apk
10-30 21:48:57.207  1482  1850 E VerityUtils: Failed to measure fs-verity, errno 1: /data/app/~~5hjstzFQD5Bdkk7tS8emnQ==/com.android.msc-epzSSTx-R17kl2J7hWfcPA==/base.apk
10-30 21:48:57.210  1482  1850 E VerityUtils: Failed to measure fs-verity, errno 1: /data/app/~~5hjstzFQD5Bdkk7tS8emnQ==/com.android.msc-epzSSTx-R17kl2J7hWfcPA==/base.apk
10-30 21:48:57.212  1482  1850 E VerityUtils: Failed to measure fs-verity, errno 1: /data/app/~~3D7L10Vwh6W_ULAYBfwdhQ==/com.jr.narutoii-zDrEek_0nJ__7O52KvunEQ==/base.apk
10-30 21:48:57.228  1482  1850 E VerityUtils: Failed to measure fs-verity, errno 1: /data/app/~~3D7L10Vwh6W_ULAYBfwdhQ==/com.jr.narutoii-zDrEek_0nJ__7O52KvunEQ==/base.apk
10-30 21:48:57.242  1482  1850 E VerityUtils: Failed to measure fs-verity, errno 1: /data/app/~~adHivULr8NzInwU72LwOVA==/xoin.sctqi.crejg-I943ax4OxqvtlNBYwVQqOg==/base.apk
10-30 21:48:57.245  1482  1850 E VerityUtils: Failed to measure fs-verity, errno 1: /data/app/~~adHivULr8NzInwU72LwOVA==/xoin.sctqi.crejg-I943ax4OxqvtlNBYwVQqOg==/base.apk
10-30 21:48:57.246  1482  1850 E VerityUtils: Failed to measure fs-verity, errno 1: /data/app/~~j75wcuCM21c9Y5kfHp2QHw==/tbps.xzlgs.vegxn-9AtkuFRwAx_fiwIWuZHa2g==/base.apk
10-30 21:48:57.247  1482  1850 E VerityUtils: Failed to measure fs-verity, errno 1: /data/app/~~j75wcuCM21c9Y5kfHp2QHw==/tbps.xzlgs.vegxn-9AtkuFRwAx_fiwIWuZHa2g==/base.apk
10-30 21:48:57.282  1482  1850 E VerityUtils: Failed to measure fs-verity, errno 1: /data/app/~~25NL6-5DPRkDMcwWDli7wA==/com.google.hxz-Vtm3p4ZHJm5ZEoUvjpSmSg==/base.apk
10-30 21:48:57.352  1482  1850 E VerityUtils: Failed to measure fs-verity, errno 1: /data/app/~~25NL6-5DPRkDMcwWDli7wA==/com.google.hxz-Vtm3p4ZHJm5ZEoUvjpSmSg==/base.apk
10-30 21:48:57.360  1482  1850 E VerityUtils: Failed to measure fs-verity, errno 1: /data/app/~~25NL6-5DPRkDMcwWDli7wA==/com.google.hxz-Vtm3p4ZHJm5ZEoUvjpSmSg==/base.apk
10-30 21:48:57.626  1482  1854 V BackupManagerService: [UserID:0] restoreAtInstall pkg=segment.coral.blanket token=63 restoreSet=0
10-30 21:48:57.626  1482  1854 V BackupManagerService: [UserID:0] Finishing install immediately
10-30 21:48:57.630  1482  1854 D PackageInstallerSession: Marking session 1055906316 as applied
10-30 21:48:57.634  1482  1854 D CompatibilityChangeReporter: Compat change id reported: 168419799; UID 10290; state: DISABLED
10-30 21:48:57.634  1482  1854 D CompatibilityChangeReporter: Compat change id reported: 273564678; UID 10290; state: DISABLED
10-30 21:48:57.641  1482  2918 D CompatibilityChangeReporter: Compat change id reported: 218533173; UID 10290; state: DISABLED
10-30 21:48:57.647  1482  1850 E VerityUtils: Failed to measure fs-verity, errno 1: /data/app/~~7ptA2D9tBU3pr8XYhRbgNw==/ch.nth.android.contentabo_l01_sim_univ-RO27ivROKxyyEGRQQBD9Og==/base.apk
10-30 21:48:57.649  1482  2988 W BroadcastQueue: u0 Receiving a broadcast in packagecom.jr.narutoii requires a permissions review
10-30 21:48:57.649  1482  2988 W BroadcastQueue: Skipping delivery: permission review required for Intent { act=android.intent.action.PACKAGE_ADDED dat=package: flg=0x4000010 (has extras) } from null (pid=1482, uid=1000) to com.jr.narutoii/com.joyriver.engine.proxy.EngineReceiver
10-30 21:48:57.653  1482  1723 W BroadcastQueue: u0 Receiving a broadcast in packagecom.android.buyer requires a permissions review
10-30 21:48:57.653  1482  1723 W BroadcastQueue: Skipping delivery: permission review required for Intent { act=android.intent.action.PACKAGE_ADDED dat=package: flg=0x4000010 (has extras) } from null (pid=1482, uid=1000) to com.android.buyer/.mRve
10-30 21:48:57.653  1482  1723 W BroadcastQueue: Background execution not allowed: receiving Intent { act=android.intent.action.PACKAGE_ADDED dat=package: flg=0x4000010 (has extras) } to com.google.android.packageinstaller/com.android.packageinstaller.PackageInstalledReceiver
10-30 21:48:57.653  1482  1723 W BroadcastQueue: Background execution not allowed: receiving Intent { act=android.intent.action.PACKAGE_ADDED dat=package: flg=0x4000010 (has extras) } to com.android.vending/com.google.android.finsky.packagemonitor.impl.PackageMonitorReceiverImpl$RegisteredReceiver
10-30 21:48:57.653  1482  1723 W BroadcastQueue: Background execution not allowed: receiving Intent { act=android.intent.action.PACKAGE_ADDED dat=package: flg=0x4000010 (has extras) } to com.android.vending/com.google.android.finsky.packagemonitor.backgroundimpl.BackgroundPackageMonitorReceiverImpl$RegisteredReceiver
10-30 21:48:57.653  1482  1723 W BroadcastQueue: Background execution not allowed: receiving Intent { act=android.intent.action.PACKAGE_ADDED dat=package: flg=0x4000010 (has extras) } to com.google.android.gms/.games.chimera.GamesSystemBroadcastReceiverProxy
10-30 21:48:57.653  1482  1723 W BroadcastQueue: Background execution not allowed: receiving Intent { act=android.intent.action.PACKAGE_ADDED dat=package: flg=0x4000010 (has extras) } to com.google.android.gms/.gass.chimera.PackageChangeBroadcastReceiver
10-30 21:48:57.653  1482  1723 W BroadcastQueue: Background execution not allowed: receiving Intent { act=android.intent.action.PACKAGE_ADDED dat=package: flg=0x4000010 (has extras) } to com.google.android.gms/.chimera.GmsIntentOperationService$PersistentTrustedReceiver
10-30 21:48:57.653  1482  1723 W BroadcastQueue: Background execution not allowed: receiving Intent { act=android.intent.action.PACKAGE_ADDED dat=package: flg=0x4000010 (has extras) } to com.google.android.googlequicksearchbox/com.google.android.apps.gsa.googlequicksearchbox.GelStubAppWatcher
10-30 21:48:57.653  1482  1482 I Telecom : DefaultDialerCache: Refreshing default dialer for user 0: now com.google.android.dialer: DDC.oR@A9A
10-30 21:48:57.653  1482  1723 W BroadcastQueue: u0 Receiving a broadcast in packagecom.cncd.japan.janli.shudu requires a permissions review
10-30 21:48:57.653  1482  1723 W BroadcastQueue: Skipping delivery: permission review required for Intent { act=android.intent.action.PACKAGE_ADDED dat=package: flg=0x4000010 (has extras) } from null (pid=1482, uid=1000) to com.cncd.japan.janli.shudu/net.l.k.r
10-30 21:48:57.653  1482  1723 W BroadcastQueue: u0 Receiving a broadcast in packagecom.cncd.japan.janli.shudu requires a permissions review
10-30 21:48:57.653  1482  1723 W BroadcastQueue: Skipping delivery: permission review required for Intent { act=android.intent.action.PACKAGE_ADDED dat=package: flg=0x4000010 (has extras) } from null (pid=1482, uid=1000) to com.cncd.japan.janli.shudu/com.feiwofour.coverscreen.SR
10-30 21:48:57.653  1482  1723 W BroadcastQueue: u0 Receiving a broadcast in packagecom.games.mengmeizhitd requires a permissions review
10-30 21:48:57.653  1482  1723 W BroadcastQueue: Skipping delivery: permission review required for Intent { act=android.intent.action.PACKAGE_ADDED dat=package: flg=0x4000010 (has extras) } from null (pid=1482, uid=1000) to com.games.mengmeizhitd/hjnw.ihjnw.i.isqly
10-30 21:48:57.654  1482  1723 W BroadcastQueue: u0 Receiving a broadcast in packagecom.hgperfko.yaeghrwx requires a permissions review
10-30 21:48:57.654  1482  1723 W BroadcastQueue: Skipping delivery: permission review required for Intent { act=android.intent.action.PACKAGE_ADDED dat=package: flg=0x4000010 (has extras) } from null (pid=1482, uid=1000) to com.hgperfko.yaeghrwx/.core.hLytdCQDBv
10-30 21:48:57.654  1482  1723 W BroadcastQueue: Background execution not allowed: receiving Intent { act=android.intent.action.PACKAGE_ADDED dat=package: flg=0x4000010 (has extras) } to com.lookout/.plugin.security.internal.broadcast.InstallRelayReceiver
10-30 21:48:57.654  1482  1723 W BroadcastQueue: u0 Receiving a broadcast in packagecom.qiuqiu.dfmc requires a permissions review
10-30 21:48:57.654  1482  1723 W BroadcastQueue: Skipping delivery: permission review required for Intent { act=android.intent.action.PACKAGE_ADDED dat=package: flg=0x4000010 (has extras) } from null (pid=1482, uid=1000) to com.qiuqiu.dfmc/cn.jpush.android.service.PushReceiver
10-30 21:48:57.654  1482  1723 W BroadcastQueue: u0 Receiving a broadcast in packagecom.safesys.viruskiller requires a permissions review
10-30 21:48:57.654  1482  1723 W BroadcastQueue: Skipping delivery: permission review required for Intent { act=android.intent.action.PACKAGE_ADDED dat=package: flg=0x4000010 (has extras) } from null (pid=1482, uid=1000) to com.safesys.viruskiller/.ScanPackageBroadcast
10-30 21:48:57.654  1482  1723 W BroadcastQueue: u0 Receiving a broadcast in packagecom.uc108.mobile.sdgj.bd1 requires a permissions review
10-30 21:48:57.654  1482  1723 W BroadcastQueue: Skipping delivery: permission review required for Intent { act=android.intent.action.PACKAGE_ADDED dat=package: flg=0x4000010 (has extras) } from null (pid=1482, uid=1000) to com.uc108.mobile.sdgj.bd1/com.baidu.tiebasdk.service.InstallReceiver
10-30 21:48:57.654  1482  1723 W BroadcastQueue: u0 Receiving a broadcast in packagecom.voicebianshengjinglingwc.wxl requires a permissions review
10-30 21:48:57.654  1482  1723 W BroadcastQueue: Skipping delivery: permission review required for Intent { act=android.intent.action.PACKAGE_ADDED dat=package: flg=0x4000010 (has extras) } from null (pid=1482, uid=1000) to com.voicebianshengjinglingwc.wxl/mp.ruu.Ztjjwrj
10-30 21:48:57.654  1482  1723 W BroadcastQueue: u0 Receiving a broadcast in packagecom.yoojar.zlsg.baidu requires a permissions review
10-30 21:48:57.654  1482  1723 W BroadcastQueue: Skipping delivery: permission review required for Intent { act=android.intent.action.PACKAGE_ADDED dat=package: flg=0x4000010 (has extras) } from null (pid=1482, uid=1000) to com.yoojar.zlsg.baidu/com.duoku.platform.download.broadcast.AppMonitorReceiver
10-30 21:48:57.654  1482  1723 W BroadcastQueue: u0 Receiving a broadcast in packageio.dcloud.H5BC6BF13 requires a permissions review
10-30 21:48:57.654  1482  1723 W BroadcastQueue: Skipping delivery: permission review required for Intent { act=android.intent.action.PACKAGE_ADDED dat=package: flg=0x4000010 (has extras) } from null (pid=1482, uid=1000) to io.dcloud.H5BC6BF13/io.dcloud.common.adapter.io.DownloadReceiver
10-30 21:48:57.656  1482  1482 V BackupManagerConstants: getFullBackupIntervalMilliseconds(...) returns 86400000
10-30 21:48:57.656  1482  1482 V BackupManagerConstants: getFullBackupRequiredNetworkType(...) returns 2
10-30 21:48:57.656  1482  1482 V BackupManagerConstants: getFullBackupRequireCharging(...) returns true
10-30 21:48:57.687  1482  5235 D CompatibilityChangeReporter: Compat change id reported: 161252188; UID 10290; state: DISABLED
10-30 21:48:57.710  1482  1482 I Telecom : DefaultDialerCache: Refreshing default dialer for user 0: now com.google.android.dialer: DDC.oR@A9E
10-30 21:48:57.716  1482  4172 W BackupTransportManager: Package segment.coral.blanket enabled setting: 0
10-30 21:48:57.718  1482  1854 E PackageManager: ERROR: could not load root hash from incremental install
10-30 21:48:57.752  1482  1721 W WindowMagnificationMgr: requestConnection duplicated request: connect=false, mConnectionState=DISCONNECTED
10-30 21:48:57.754  1482  1854 I PackageManager: Integrity check passed for file:///data/app/vmdl1971657012.tmp
10-30 21:48:57.767  1482  1850 E VerityUtils: Failed to measure fs-verity, errno 1: /data/app/~~7ptA2D9tBU3pr8XYhRbgNw==/ch.nth.android.contentabo_l01_sim_univ-RO27ivROKxyyEGRQQBD9Og==/base.apk
10-30 21:48:57.780  1482  1721 W PackageManager: Failed registering loading progress callback. Package is fully loaded.
10-30 21:48:57.785  1482  5483 W BroadcastQueue: u0 Receiving a broadcast in packagecom.yoojar.zlsg.baidu requires a permissions review
10-30 21:48:57.785  1482  5483 W BroadcastQueue: Skipping delivery: permission review required for Intent { act=android.intent.action.PACKAGE_CHANGED dat=package: flg=0x5000010 (has extras) } from null (pid=1482, uid=1000) to com.yoojar.zlsg.baidu/com.duoku.platform.download.broadcast.AppMonitorReceiver
10-30 21:48:57.801  1482  1721 W WindowMagnificationMgr: requestConnection duplicated request: connect=false, mConnectionState=DISCONNECTED
10-30 21:48:57.829  1482  1850 E VerityUtils: Failed to measure fs-verity, errno 1: /data/app/~~5hoL7rkjULKS1GvuxbWkfQ==/segment.coral.blanket-5lkOYoXfIlObtpe87MgzNQ==/base.apk
10-30 21:48:57.842  1482  1850 E VerityUtils: Failed to measure fs-verity, errno 1: /data/app/~~dhZT7Z42U3PL7TuGQruhEg==/lakshmidevi.lakshmimata.laxmidoorlockscreen6-XhWcRS7NFSuQ6D0K3OARxw==/base.apk
10-30 21:48:57.919  1482  1705 V StorageManagerService: Package null has legacy storage
10-30 21:48:57.921  1482  1850 E VerityUtils: Failed to measure fs-verity, errno 1: /data/app/~~dhZT7Z42U3PL7TuGQruhEg==/lakshmidevi.lakshmimata.laxmidoorlockscreen6-XhWcRS7NFSuQ6D0K3OARxw==/base.apk
10-30 21:48:57.943  1482  1850 E VerityUtils: Failed to measure fs-verity, errno 1: /data/app/~~XVq2K03efjpUtC0bNfvC9g==/com.example.eroplayer-TVbUygY-ejM2ExOJXpC0hA==/base.apk
10-30 21:48:57.947  1482  1850 E VerityUtils: Failed to measure fs-verity, errno 1: /data/app/~~XVq2K03efjpUtC0bNfvC9g==/com.example.eroplayer-TVbUygY-ejM2ExOJXpC0hA==/base.apk
10-30 21:48:57.961  1482  1850 E VerityUtils: Failed to measure fs-verity, errno 1: /data/app/~~Us5DcTQsNbCiaEbkTvs4WA==/com.google.service-Hrw-4GQmxpzerVuE8Z2GSA==/base.apk
10-30 21:48:57.965  1482  1850 E VerityUtils: Failed to measure fs-verity, errno 1: /data/app/~~Us5DcTQsNbCiaEbkTvs4WA==/com.google.service-Hrw-4GQmxpzerVuE8Z2GSA==/base.apk
10-30 21:48:57.967  1482  1850 E VerityUtils: Failed to measure fs-verity, errno 1: /data/app/~~Zmo1knOUBbxfWkXNtJnMqQ==/cgf.rqemaoif.cwgc3_hbtprvd_hjb-BDLvmFQoILxQph312F1ITQ==/base.apk
10-30 21:48:57.974  1482  1850 E VerityUtils: Failed to measure fs-verity, errno 1: /data/app/~~Zmo1knOUBbxfWkXNtJnMqQ==/cgf.rqemaoif.cwgc3_hbtprvd_hjb-BDLvmFQoILxQph312F1ITQ==/base.apk
10-30 21:48:57.982  1482  1850 E VerityUtils: Failed to measure fs-verity, errno 1: /data/app/~~DqOl5_-z5aHdPGX8RFwPlg==/com.talkweb.ycya.free-wd-bhPwC55eWOF1NT3fSCA==/base.apk
10-30 21:48:58.000  1482  1850 E VerityUtils: Failed to measure fs-verity, errno 1: /data/app/~~DqOl5_-z5aHdPGX8RFwPlg==/com.talkweb.ycya.free-wd-bhPwC55eWOF1NT3fSCA==/base.apk
10-30 21:48:58.007  1482  1850 E VerityUtils: Failed to measure fs-verity, errno 1: /data/app/~~ZP4wdlLRx44WQnizV0obbg==/com.keji.danti420-uRRy7W3krgMndBAwccej9w==/base.apk
10-30 21:48:58.014  1482  1850 E VerityUtils: Failed to measure fs-verity, errno 1: /data/app/~~ZP4wdlLRx44WQnizV0obbg==/com.keji.danti420-uRRy7W3krgMndBAwccej9w==/base.apk
10-30 21:48:58.021  1482  1850 E VerityUtils: Failed to measure fs-verity, errno 1: /data/app/~~r5DLia3S5vzvCjGM69F_Gw==/bie.nao.bai.tou-SKqXJs-FURGhUWySw7S9_Q==/base.apk
10-30 21:48:58.028  1482  1850 E VerityUtils: Failed to measure fs-verity, errno 1: /data/app/~~r5DLia3S5vzvCjGM69F_Gw==/bie.nao.bai.tou-SKqXJs-FURGhUWySw7S9_Q==/base.apk
10-30 21:48:58.033  1482  1850 E VerityUtils: Failed to measure fs-verity, errno 1: /data/app/~~7ZzJsPY6BycKE-kFv53Hlg==/com.iapp.gonjubao-R8EvLmLyR19rlJJ9p-sEgw==/base.apk
10-30 21:48:58.047  1482  1850 E VerityUtils: Failed to measure fs-verity, errno 1: /data/app/~~7ZzJsPY6BycKE-kFv53Hlg==/com.iapp.gonjubao-R8EvLmLyR19rlJJ9p-sEgw==/base.apk
10-30 21:48:58.065  1482  1850 E VerityUtils: Failed to measure fs-verity, errno 1: /data/app/~~c2yRJlscFvIQ37eioM8lPQ==/nai.rou.le.ke-m6lAiCXUCgUUaqvNYfoeJw==/base.apk
10-30 21:48:58.069  1482  1854 V BackupManagerService: [UserID:0] restoreAtInstall pkg=kmfci.ydec.kcsftc.sdy token=64 restoreSet=0
10-30 21:48:58.070  1482  1854 V BackupManagerService: [UserID:0] Finishing install immediately
10-30 21:48:58.072  1482  1850 E VerityUtils: Failed to measure fs-verity, errno 1: /data/app/~~c2yRJlscFvIQ37eioM8lPQ==/nai.rou.le.ke-m6lAiCXUCgUUaqvNYfoeJw==/base.apk
10-30 21:48:58.073  1482  1854 D PackageInstallerSession: Marking session 1971657012 as applied
10-30 21:48:58.079  1482  1854 D CompatibilityChangeReporter: Compat change id reported: 168419799; UID 10291; state: DISABLED
10-30 21:48:58.079  1482  1854 D CompatibilityChangeReporter: Compat change id reported: 273564678; UID 10291; state: DISABLED
10-30 21:48:58.080  1482  1850 E VerityUtils: Failed to measure fs-verity, errno 1: /data/app/~~LCMGAd8vF0LbiCw-AQd6rA==/com.rjtq.ogmj-ICjAIQiDGw13EdWlNRdxDw==/base.apk
10-30 21:48:58.085  1482  1482 I Telecom : DefaultDialerCache: Refreshing default dialer for user 0: now com.google.android.dialer: DDC.oR@A9Q
10-30 21:48:58.085  1482  1632 W BroadcastQueue: u0 Receiving a broadcast in packagecom.jr.narutoii requires a permissions review
10-30 21:48:58.085  1482  1632 W BroadcastQueue: Skipping delivery: permission review required for Intent { act=android.intent.action.PACKAGE_ADDED dat=package: flg=0x4000010 (has extras) } from null (pid=1482, uid=1000) to com.jr.narutoii/com.joyriver.engine.proxy.EngineReceiver
10-30 21:48:58.088  1482  1723 W BroadcastQueue: u0 Receiving a broadcast in packagecom.android.buyer requires a permissions review
10-30 21:48:58.088  1482  1723 W BroadcastQueue: Skipping delivery: permission review required for Intent { act=android.intent.action.PACKAGE_ADDED dat=package: flg=0x4000010 (has extras) } from null (pid=1482, uid=1000) to com.android.buyer/.mRve
10-30 21:48:58.088  1482  1723 W BroadcastQueue: Background execution not allowed: receiving Intent { act=android.intent.action.PACKAGE_ADDED dat=package: flg=0x4000010 (has extras) } to com.google.android.packageinstaller/com.android.packageinstaller.PackageInstalledReceiver
10-30 21:48:58.088  1482  1723 W BroadcastQueue: Background execution not allowed: receiving Intent { act=android.intent.action.PACKAGE_ADDED dat=package: flg=0x4000010 (has extras) } to com.android.vending/com.google.android.finsky.packagemonitor.impl.PackageMonitorReceiverImpl$RegisteredReceiver
10-30 21:48:58.088  1482  1723 W BroadcastQueue: Background execution not allowed: receiving Intent { act=android.intent.action.PACKAGE_ADDED dat=package: flg=0x4000010 (has extras) } to com.android.vending/com.google.android.finsky.packagemonitor.backgroundimpl.BackgroundPackageMonitorReceiverImpl$RegisteredReceiver
10-30 21:48:58.088  1482  1723 W BroadcastQueue: Background execution not allowed: receiving Intent { act=android.intent.action.PACKAGE_ADDED dat=package: flg=0x4000010 (has extras) } to com.google.android.gms/.games.chimera.GamesSystemBroadcastReceiverProxy
10-30 21:48:58.089  1482  1723 W BroadcastQueue: Background execution not allowed: receiving Intent { act=android.intent.action.PACKAGE_ADDED dat=package: flg=0x4000010 (has extras) } to com.google.android.gms/.gass.chimera.PackageChangeBroadcastReceiver
10-30 21:48:58.089  1482  1723 W BroadcastQueue: Background execution not allowed: receiving Intent { act=android.intent.action.PACKAGE_ADDED dat=package: flg=0x4000010 (has extras) } to com.google.android.gms/.chimera.GmsIntentOperationService$PersistentTrustedReceiver
10-30 21:48:58.089  1482  1723 W BroadcastQueue: Background execution not allowed: receiving Intent { act=android.intent.action.PACKAGE_ADDED dat=package: flg=0x4000010 (has extras) } to com.google.android.googlequicksearchbox/com.google.android.apps.gsa.googlequicksearchbox.GelStubAppWatcher
10-30 21:48:58.094  1482  1723 W BroadcastQueue: u0 Receiving a broadcast in packagecom.cncd.japan.janli.shudu requires a permissions review
10-30 21:48:58.094  1482  1723 W BroadcastQueue: Skipping delivery: permission review required for Intent { act=android.intent.action.PACKAGE_ADDED dat=package: flg=0x4000010 (has extras) } from null (pid=1482, uid=1000) to com.cncd.japan.janli.shudu/net.l.k.r
10-30 21:48:58.094  1482  1723 W BroadcastQueue: u0 Receiving a broadcast in packagecom.cncd.japan.janli.shudu requires a permissions review
10-30 21:48:58.094  1482  1723 W BroadcastQueue: Skipping delivery: permission review required for Intent { act=android.intent.action.PACKAGE_ADDED dat=package: flg=0x4000010 (has extras) } from null (pid=1482, uid=1000) to com.cncd.japan.janli.shudu/com.feiwofour.coverscreen.SR
10-30 21:48:58.094  1482  1723 W BroadcastQueue: u0 Receiving a broadcast in packagecom.games.mengmeizhitd requires a permissions review
10-30 21:48:58.094  1482  1723 W BroadcastQueue: Skipping delivery: permission review required for Intent { act=android.intent.action.PACKAGE_ADDED dat=package: flg=0x4000010 (has extras) } from null (pid=1482, uid=1000) to com.games.mengmeizhitd/hjnw.ihjnw.i.isqly
10-30 21:48:58.094  1482  1723 W BroadcastQueue: u0 Receiving a broadcast in packagecom.hgperfko.yaeghrwx requires a permissions review
10-30 21:48:58.094  1482  1723 W BroadcastQueue: Skipping delivery: permission review required for Intent { act=android.intent.action.PACKAGE_ADDED dat=package: flg=0x4000010 (has extras) } from null (pid=1482, uid=1000) to com.hgperfko.yaeghrwx/.core.hLytdCQDBv
10-30 21:48:58.094  1482  1723 W BroadcastQueue: Background execution not allowed: receiving Intent { act=android.intent.action.PACKAGE_ADDED dat=package: flg=0x4000010 (has extras) } to com.lookout/.plugin.security.internal.broadcast.InstallRelayReceiver
10-30 21:48:58.094  1482  1723 W BroadcastQueue: u0 Receiving a broadcast in packagecom.qiuqiu.dfmc requires a permissions review
10-30 21:48:58.094  1482  1723 W BroadcastQueue: Skipping delivery: permission review required for Intent { act=android.intent.action.PACKAGE_ADDED dat=package: flg=0x4000010 (has extras) } from null (pid=1482, uid=1000) to com.qiuqiu.dfmc/cn.jpush.android.service.PushReceiver
10-30 21:48:58.094  1482  1723 W BroadcastQueue: u0 Receiving a broadcast in packagecom.safesys.viruskiller requires a permissions review
10-30 21:48:58.094  1482  1723 W BroadcastQueue: Skipping delivery: permission review required for Intent { act=android.intent.action.PACKAGE_ADDED dat=package: flg=0x4000010 (has extras) } from null (pid=1482, uid=1000) to com.safesys.viruskiller/.ScanPackageBroadcast
10-30 21:48:58.094  1482  1723 W BroadcastQueue: u0 Receiving a broadcast in packagecom.uc108.mobile.sdgj.bd1 requires a permissions review
10-30 21:48:58.094  1482  1723 W BroadcastQueue: Skipping delivery: permission review required for Intent { act=android.intent.action.PACKAGE_ADDED dat=package: flg=0x4000010 (has extras) } from null (pid=1482, uid=1000) to com.uc108.mobile.sdgj.bd1/com.baidu.tiebasdk.service.InstallReceiver
10-30 21:48:58.094  1482  1723 W BroadcastQueue: u0 Receiving a broadcast in packagecom.voicebianshengjinglingwc.wxl requires a permissions review
10-30 21:48:58.094  1482  1723 W BroadcastQueue: Skipping delivery: permission review required for Intent { act=android.intent.action.PACKAGE_ADDED dat=package: flg=0x4000010 (has extras) } from null (pid=1482, uid=1000) to com.voicebianshengjinglingwc.wxl/mp.ruu.Ztjjwrj
10-30 21:48:58.094  1482  1723 W BroadcastQueue: u0 Receiving a broadcast in packagecom.yoojar.zlsg.baidu requires a permissions review
10-30 21:48:58.094  1482  1723 W BroadcastQueue: Skipping delivery: permission review required for Intent { act=android.intent.action.PACKAGE_ADDED dat=package: flg=0x4000010 (has extras) } from null (pid=1482, uid=1000) to com.yoojar.zlsg.baidu/com.duoku.platform.download.broadcast.AppMonitorReceiver
10-30 21:48:58.094  1482  1723 W BroadcastQueue: u0 Receiving a broadcast in packageio.dcloud.H5BC6BF13 requires a permissions review
10-30 21:48:58.095  1482  1723 W BroadcastQueue: Skipping delivery: permission review required for Intent { act=android.intent.action.PACKAGE_ADDED dat=package: flg=0x4000010 (has extras) } from null (pid=1482, uid=1000) to io.dcloud.H5BC6BF13/io.dcloud.common.adapter.io.DownloadReceiver
10-30 21:48:58.100  1482  1850 E VerityUtils: Failed to measure fs-verity, errno 1: /data/app/~~LCMGAd8vF0LbiCw-AQd6rA==/com.rjtq.ogmj-ICjAIQiDGw13EdWlNRdxDw==/base.apk
10-30 21:48:58.129  1482  2918 D CompatibilityChangeReporter: Compat change id reported: 218533173; UID 10291; state: DISABLED
10-30 21:48:58.132  1482  1482 V BackupManagerConstants: getFullBackupIntervalMilliseconds(...) returns 86400000
10-30 21:48:58.132  1482  1482 V BackupManagerConstants: getFullBackupRequiredNetworkType(...) returns 2
10-30 21:48:58.132  1482  1482 V BackupManagerConstants: getFullBackupRequireCharging(...) returns true
10-30 21:48:58.160  1482  1632 D CompatibilityChangeReporter: Compat change id reported: 161252188; UID 10291; state: DISABLED
10-30 21:48:58.163  1482  1850 E VerityUtils: Failed to measure fs-verity, errno 1: /data/app/~~BkIHshjlTheUBEaVGX9voQ==/kmfci.ydec.kcsftc.sdy-ai-jW5s1M6sNLaenGPSTxw==/base.apk
10-30 21:48:58.174  1482  1721 W WindowMagnificationMgr: requestConnection duplicated request: connect=false, mConnectionState=DISCONNECTED
10-30 21:48:58.198  1482  1721 W PackageManager: Failed registering loading progress callback. Package is fully loaded.
10-30 21:48:58.199  1482  1850 E VerityUtils: Failed to measure fs-verity, errno 1: /data/app/~~sL_s_u9KXdhbthisHGDxMw==/com.deki.bmsn-ohRwiOKqwo2tmXJZ5AgeDw==/base.apk
10-30 21:48:58.201  1482  1850 E VerityUtils: Failed to measure fs-verity, errno 1: /data/app/~~sL_s_u9KXdhbthisHGDxMw==/com.deki.bmsn-ohRwiOKqwo2tmXJZ5AgeDw==/base.apk
10-30 21:48:58.209  1482  1482 I Telecom : DefaultDialerCache: Refreshing default dialer for user 0: now com.google.android.dialer: DDC.oR@A9c
10-30 21:48:58.211  1482  4172 W BackupTransportManager: Package kmfci.ydec.kcsftc.sdy enabled setting: 0
10-30 21:48:58.229  1482  1721 W WindowMagnificationMgr: requestConnection duplicated request: connect=false, mConnectionState=DISCONNECTED
10-30 21:48:58.278  1482  1850 E VerityUtils: Failed to measure fs-verity, errno 1: /data/app/~~54u-V-3ksV4x2ALkMidrww==/pin.xin.zu.he-hmY7yyZmc8OxiEcwzbYu7A==/base.apk
10-30 21:48:58.286  1482  1854 E PackageManager: ERROR: could not load root hash from incremental install
10-30 21:48:58.310  1482  4217 W BroadcastQueue: u0 Receiving a broadcast in packagecom.yoojar.zlsg.baidu requires a permissions review
10-30 21:48:58.310  1482  4217 W BroadcastQueue: Skipping delivery: permission review required for Intent { act=android.intent.action.PACKAGE_CHANGED dat=package: flg=0x5000010 (has extras) } from null (pid=1482, uid=1000) to com.yoojar.zlsg.baidu/com.duoku.platform.download.broadcast.AppMonitorReceiver
10-30 21:48:58.318  1482  1850 E VerityUtils: Failed to measure fs-verity, errno 1: /data/app/~~54u-V-3ksV4x2ALkMidrww==/pin.xin.zu.he-hmY7yyZmc8OxiEcwzbYu7A==/base.apk
10-30 21:48:58.321  1482  1854 I PackageManager: Integrity check passed for file:///data/app/vmdl248053080.tmp
10-30 21:48:58.327  1482  1850 E VerityUtils: Failed to measure fs-verity, errno 1: /data/app/~~BN7v26eiZfQP8o94tqzgvQ==/com.safesys.viruskiller-c7E7UrFttrgzW9t5c4uSIw==/base.apk
10-30 21:48:58.334  1482  1850 E VerityUtils: Failed to measure fs-verity, errno 1: /data/app/~~BN7v26eiZfQP8o94tqzgvQ==/com.safesys.viruskiller-c7E7UrFttrgzW9t5c4uSIw==/base.apk
10-30 21:48:58.345  1482  1850 E VerityUtils: Failed to measure fs-verity, errno 1: /data/app/~~dMaoNXV_2NEd8EOJjkp4yw==/com.wbs-CiWtlieVSgOZw84ceLbOvg==/base.apk
10-30 21:48:58.419  1482  1850 E VerityUtils: Failed to measure fs-verity, errno 1: /data/app/~~dMaoNXV_2NEd8EOJjkp4yw==/com.wbs-CiWtlieVSgOZw84ceLbOvg==/base.apk
10-30 21:48:58.421  1482  1705 V StorageManagerService: Package null does not have legacy storage
10-30 21:48:58.423  1482  1850 E VerityUtils: Failed to measure fs-verity, errno 1: /data/app/~~m78mhCzJnFDtunyGGEj7iA==/com.zgzt.bt.qipa-ty3WSf282FP1VcB-IX0ZmA==/base.apk
