10-30 23:29:57.953  1448  1716 W BroadcastQueue: Background execution not allowed: receiving Intent { act=android.intent.action.PACKAGE_ADDED dat=package: flg=0x4000010 (has extras) } to com.android.vending/com.google.android.finsky.packagemonitor.impl.PackageMonitorReceiverImpl$RegisteredReceiver
10-30 23:29:57.953  1448  1716 W BroadcastQueue: Background execution not allowed: receiving Intent { act=android.intent.action.PACKAGE_ADDED dat=package: flg=0x4000010 (has extras) } to com.android.vending/com.google.android.finsky.packagemonitor.backgroundimpl.BackgroundPackageMonitorReceiverImpl$RegisteredReceiver
10-30 23:29:57.953  1448  1716 W BroadcastQueue: Background execution not allowed: receiving Intent { act=android.intent.action.PACKAGE_ADDED dat=package: flg=0x4000010 (has extras) } to com.google.android.gms/.games.chimera.GamesSystemBroadcastReceiverProxy
10-30 23:29:57.953  1448  1716 W BroadcastQueue: Background execution not allowed: receiving Intent { act=android.intent.action.PACKAGE_ADDED dat=package: flg=0x4000010 (has extras) } to com.google.android.gms/.gass.chimera.PackageChangeBroadcastReceiver
10-30 23:29:57.954  1448  1716 W BroadcastQueue: Background execution not allowed: receiving Intent { act=android.intent.action.PACKAGE_ADDED dat=package: flg=0x4000010 (has extras) } to com.google.android.gms/.chimera.GmsIntentOperationService$PersistentTrustedReceiver
10-30 23:29:57.954  1448  1716 W BroadcastQueue: Background execution not allowed: receiving Intent { act=android.intent.action.PACKAGE_ADDED dat=package: flg=0x4000010 (has extras) } to com.google.android.googlequicksearchbox/com.google.android.apps.gsa.googlequicksearchbox.GelStubAppWatcher
10-30 23:29:57.954  1448  1716 W BroadcastQueue: u0 Receiving a broadcast in packagecom.games.mengmeizhitd requires a permissions review
10-30 23:29:57.954  1448  1716 W BroadcastQueue: Skipping delivery: permission review required for Intent { act=android.intent.action.PACKAGE_ADDED dat=package: flg=0x4000010 (has extras) } from null (pid=1448, uid=1000) to com.games.mengmeizhitd/hjnw.ihjnw.i.isqly
10-30 23:29:57.954  1448  1716 W BroadcastQueue: u0 Receiving a broadcast in packagecom.qiuqiu.dfmc requires a permissions review
10-30 23:29:57.954  1448  1716 W BroadcastQueue: Skipping delivery: permission review required for Intent { act=android.intent.action.PACKAGE_ADDED dat=package: flg=0x4000010 (has extras) } from null (pid=1448, uid=1000) to com.qiuqiu.dfmc/cn.jpush.android.service.PushReceiver
10-30 23:29:57.954  1448  1716 W BroadcastQueue: u0 Receiving a broadcast in packagecom.safesys.viruskiller requires a permissions review
10-30 23:29:57.954  1448  1716 W BroadcastQueue: Skipping delivery: permission review required for Intent { act=android.intent.action.PACKAGE_ADDED dat=package: flg=0x4000010 (has extras) } from null (pid=1448, uid=1000) to com.safesys.viruskiller/.ScanPackageBroadcast
10-30 23:29:57.954  1448  1716 W BroadcastQueue: Background execution not allowed: receiving Intent { act=android.intent.action.PACKAGE_ADDED dat=package: flg=0x4000010 (has extras) } to com.wsandroid.suite/com.mcafee.vsm.sdk.receiver.PackageBroadcastReceiver
10-30 23:29:57.975  1448  1448 I Telecom : DefaultDialerCache: Refreshing default dialer for user 0: now com.google.android.dialer: DDC.oR@BBE
10-30 23:29:57.979  1448  1714 W PackageManager: Failed registering loading progress callback. Package is fully loaded.
10-30 23:29:57.986  1448  1714 W WindowMagnificationMgr: requestConnection duplicated request: connect=false, mConnectionState=DISCONNECTED
10-30 23:29:57.999  1448  1779 E VerityUtils: Failed to measure fs-verity, errno 1: /data/app/~~ywlqYplG8KYKBtMkq9qIyg==/io.dcloud.H5BC6BF13-JaJB7tlD_flOZiMQ419XqA==/base.apk
10-30 23:29:58.001  1448  1556 D CompatibilityChangeReporter: Compat change id reported: 161252188; UID 10231; state: DISABLED
10-30 23:29:58.010  1448  4175 W BackupTransportManager: Package io.dcloud.H5BC6BF13 enabled setting: 0
10-30 23:29:58.069  1448  1783 E PackageManager: ERROR: could not load root hash from incremental install
10-30 23:29:58.076  1448  1783 I PackageManager: Integrity check passed for file:///data/app/vmdl1384660731.tmp
10-30 23:29:58.091  1448  1448 I NotificationService: Cannot find enqueued record for key: 0|com.google.android.apps.wellbeing|174344743|null|10121
10-30 23:29:58.208  1448  1698 V StorageManagerService: Package null has legacy storage
10-30 23:29:58.269  1448  2996 W AppOps  : setUidMode() called with a mode inconsistent with runtime permission state, this is discouraged and you should revoke the runtime permission instead: uid=10125, switchCode=0, mode=4, permission=android.permission.ACCESS_BACKGROUND_LOCATION
10-30 23:29:58.327  1448  5196 W AppOps  : setUidMode() called with a mode inconsistent with runtime permission state, this is discouraged and you should revoke the runtime permission instead: uid=10125, switchCode=1, mode=4, permission=android.permission.ACCESS_BACKGROUND_LOCATION
10-30 23:29:58.329  1448  1555 W AppOps  : setUidMode() called with a mode inconsistent with runtime permission state, this is discouraged and you should revoke the runtime permission instead: uid=10125, switchCode=0, mode=4, permission=android.permission.ACCESS_BACKGROUND_LOCATION
10-30 23:29:58.332  1448  1783 V BackupManagerService: [UserID:0] restoreAtInstall pkg=com.keji.danti1052 token=2a restoreSet=0
10-30 23:29:58.332  1448  1783 V BackupManagerService: [UserID:0] Finishing install immediately
10-30 23:29:58.333  1448  1783 D PackageInstallerSession: Marking session 1384660731 as applied
10-30 23:29:58.336  1448  1783 D CompatibilityChangeReporter: Compat change id reported: 168419799; UID 10232; state: DISABLED
10-30 23:29:58.336  1448  1783 D CompatibilityChangeReporter: Compat change id reported: 273564678; UID 10232; state: DISABLED
10-30 23:29:58.340  1448  2923 D CompatibilityChangeReporter: Compat change id reported: 218533173; UID 10232; state: DISABLED
10-30 23:29:58.345  1448  1448 I Telecom : DefaultDialerCache: Refreshing default dialer for user 0: now com.google.android.dialer: DDC.oR@BBY
10-30 23:29:58.349  1448  5479 W BroadcastQueue: u0 Receiving a broadcast in packagecom.android.buyer requires a permissions review
10-30 23:29:58.349  1448  5479 W BroadcastQueue: Skipping delivery: permission review required for Intent { act=android.intent.action.PACKAGE_ADDED dat=package: flg=0x4000010 (has extras) } from null (pid=1448, uid=1000) to com.android.buyer/.mRve
10-30 23:29:58.352  1448  1448 V BackupManagerConstants: getFullBackupIntervalMilliseconds(...) returns 86400000
10-30 23:29:58.352  1448  1448 V BackupManagerConstants: getFullBackupRequiredNetworkType(...) returns 2
10-30 23:29:58.352  1448  1448 V BackupManagerConstants: getFullBackupRequireCharging(...) returns true
10-30 23:29:58.356  1448  1716 W BroadcastQueue: Background execution not allowed: receiving Intent { act=android.intent.action.PACKAGE_ADDED dat=package: flg=0x4000010 (has extras) } to com.google.android.packageinstaller/com.android.packageinstaller.PackageInstalledReceiver
10-30 23:29:58.356  1448  1716 W BroadcastQueue: Background execution not allowed: receiving Intent { act=android.intent.action.PACKAGE_ADDED dat=package: flg=0x4000010 (has extras) } to com.android.vending/com.google.android.finsky.packagemonitor.impl.PackageMonitorReceiverImpl$RegisteredReceiver
10-30 23:29:58.356  1448  1716 W BroadcastQueue: Background execution not allowed: receiving Intent { act=android.intent.action.PACKAGE_ADDED dat=package: flg=0x4000010 (has extras) } to com.android.vending/com.google.android.finsky.packagemonitor.backgroundimpl.BackgroundPackageMonitorReceiverImpl$RegisteredReceiver
10-30 23:29:58.356  1448  1716 W BroadcastQueue: Background execution not allowed: receiving Intent { act=android.intent.action.PACKAGE_ADDED dat=package: flg=0x4000010 (has extras) } to com.google.android.gms/.games.chimera.GamesSystemBroadcastReceiverProxy
10-30 23:29:58.356  1448  1716 W BroadcastQueue: Background execution not allowed: receiving Intent { act=android.intent.action.PACKAGE_ADDED dat=package: flg=0x4000010 (has extras) } to com.google.android.gms/.gass.chimera.PackageChangeBroadcastReceiver
10-30 23:29:58.356  1448  1716 W BroadcastQueue: Background execution not allowed: receiving Intent { act=android.intent.action.PACKAGE_ADDED dat=package: flg=0x4000010 (has extras) } to com.google.android.gms/.chimera.GmsIntentOperationService$PersistentTrustedReceiver
10-30 23:29:58.356  1448  1716 W BroadcastQueue: Background execution not allowed: receiving Intent { act=android.intent.action.PACKAGE_ADDED dat=package: flg=0x4000010 (has extras) } to com.google.android.googlequicksearchbox/com.google.android.apps.gsa.googlequicksearchbox.GelStubAppWatcher
10-30 23:29:58.356  1448  1716 W BroadcastQueue: u0 Receiving a broadcast in packagecom.games.mengmeizhitd requires a permissions review
10-30 23:29:58.356  1448  1716 W BroadcastQueue: Skipping delivery: permission review required for Intent { act=android.intent.action.PACKAGE_ADDED dat=package: flg=0x4000010 (has extras) } from null (pid=1448, uid=1000) to com.games.mengmeizhitd/hjnw.ihjnw.i.isqly
10-30 23:29:58.356  1448  1716 W BroadcastQueue: u0 Receiving a broadcast in packagecom.qiuqiu.dfmc requires a permissions review
10-30 23:29:58.356  1448  1716 W BroadcastQueue: Skipping delivery: permission review required for Intent { act=android.intent.action.PACKAGE_ADDED dat=package: flg=0x4000010 (has extras) } from null (pid=1448, uid=1000) to com.qiuqiu.dfmc/cn.jpush.android.service.PushReceiver
10-30 23:29:58.357  1448  1716 W BroadcastQueue: u0 Receiving a broadcast in packagecom.safesys.viruskiller requires a permissions review
10-30 23:29:58.357  1448  1716 W BroadcastQueue: Skipping delivery: permission review required for Intent { act=android.intent.action.PACKAGE_ADDED dat=package: flg=0x4000010 (has extras) } from null (pid=1448, uid=1000) to com.safesys.viruskiller/.ScanPackageBroadcast
10-30 23:29:58.357  1448  1716 W BroadcastQueue: Background execution not allowed: receiving Intent { act=android.intent.action.PACKAGE_ADDED dat=package: flg=0x4000010 (has extras) } to com.wsandroid.suite/com.mcafee.vsm.sdk.receiver.PackageBroadcastReceiver
10-30 23:29:58.357  1448  1716 W BroadcastQueue: u0 Receiving a broadcast in packageio.dcloud.H5BC6BF13 requires a permissions review
10-30 23:29:58.357  1448  1716 W BroadcastQueue: Skipping delivery: permission review required for Intent { act=android.intent.action.PACKAGE_ADDED dat=package: flg=0x4000010 (has extras) } from null (pid=1448, uid=1000) to io.dcloud.H5BC6BF13/io.dcloud.common.adapter.io.DownloadReceiver
10-30 23:29:58.381  1448  1448 I Telecom : DefaultDialerCache: Refreshing default dialer for user 0: now com.google.android.dialer: DDC.oR@BBc
10-30 23:29:58.383  1448  4175 W BackupTransportManager: Package com.keji.danti1052 enabled setting: 0
10-30 23:29:58.392  1448  1779 E VerityUtils: Failed to measure fs-verity, errno 1: /data/app/~~h1vyBVQbYokuLXVE7HtsCA==/com.keji.danti1052-PPwDYi7tJURFbgQOd8kGug==/base.apk
10-30 23:29:58.401  1448  1714 W WindowMagnificationMgr: requestConnection duplicated request: connect=false, mConnectionState=DISCONNECTED
10-30 23:29:58.426  1448  2996 D CompatibilityChangeReporter: Compat change id reported: 161252188; UID 10232; state: DISABLED
10-30 23:29:58.450  1448  1714 W PackageManager: Failed registering loading progress callback. Package is fully loaded.
10-30 23:29:58.471  1448  1714 W WindowMagnificationMgr: requestConnection duplicated request: connect=false, mConnectionState=DISCONNECTED
10-30 23:29:58.704  1448  2996 I ActivityManager: Background started FGS: Allowed [callingPackage: com.google.android.apps.wellbeing; callingUid: 10121; uidState: BFGS; intent: Intent { cmp=com.google.android.apps.wellbeing/com.google.apps.tiktok.concurrent.InternalForegroundService (has extras) }; code:BACKGROUND_ACTIVITY_PERMISSION; tempAllowListReason:<null>; targetSdkVersion:33; callerTargetSdkVersion:33; startForegroundCount:0; bindFromPackage:null]
10-30 23:29:58.910  1448  1448 I NotificationService: Cannot find enqueued record for key: 0|com.google.android.apps.wellbeing|174344743|null|10121
10-30 23:29:59.130  1448  3216 W AppOps  : setUidMode() called with a mode inconsistent with runtime permission state, this is discouraged and you should revoke the runtime permission instead: uid=10125, switchCode=0, mode=4, permission=android.permission.ACCESS_BACKGROUND_LOCATION
10-30 23:29:59.177  1448  5479 W AppOps  : setUidMode() called with a mode inconsistent with runtime permission state, this is discouraged and you should revoke the runtime permission instead: uid=10125, switchCode=1, mode=4, permission=android.permission.ACCESS_BACKGROUND_LOCATION
10-30 23:29:59.178  1448  5479 W AppOps  : setUidMode() called with a mode inconsistent with runtime permission state, this is discouraged and you should revoke the runtime permission instead: uid=10125, switchCode=0, mode=4, permission=android.permission.ACCESS_BACKGROUND_LOCATION
10-30 23:29:59.254  1448  1783 E PackageManager: ERROR: could not load root hash from incremental install
10-30 23:29:59.263  1448  2023 W PackageParsing: Ignoring duplicate uses-permissions/uses-permissions-sdk-m: android.permission.INTERNET in package: com.uc108.mobile.sdgj.bd1 at: Binary XML file line #25
10-30 23:29:59.263  1448  2023 W PackageParsing: Ignoring duplicate uses-permissions/uses-permissions-sdk-m: android.permission.READ_PHONE_STATE in package: com.uc108.mobile.sdgj.bd1 at: Binary XML file line #26
10-30 23:29:59.263  1448  2023 W PackageParsing: Ignoring duplicate uses-permissions/uses-permissions-sdk-m: android.permission.ACCESS_WIFI_STATE in package: com.uc108.mobile.sdgj.bd1 at: Binary XML file line #27
10-30 23:29:59.263  1448  2023 W PackageParsing: Ignoring duplicate uses-permissions/uses-permissions-sdk-m: android.permission.ACCESS_NETWORK_STATE in package: com.uc108.mobile.sdgj.bd1 at: Binary XML file line #28
10-30 23:29:59.263  1448  2023 W PackageParsing: Ignoring duplicate uses-permissions/uses-permissions-sdk-m: android.permission.BROADCAST_STICKY in package: com.uc108.mobile.sdgj.bd1 at: Binary XML file line #31
10-30 23:29:59.263  1448  2023 W PackageParsing: Ignoring duplicate uses-permissions/uses-permissions-sdk-m: android.permission.WRITE_SETTINGS in package: com.uc108.mobile.sdgj.bd1 at: Binary XML file line #32
10-30 23:29:59.263  1448  2023 W PackageParsing: Ignoring duplicate uses-permissions/uses-permissions-sdk-m: android.permission.WRITE_EXTERNAL_STORAGE in package: com.uc108.mobile.sdgj.bd1 at: Binary XML file line #34
10-30 23:29:59.263  1448  2023 W PackageParsing: Ignoring duplicate uses-permissions/uses-permissions-sdk-m: android.permission.WAKE_LOCK in package: com.uc108.mobile.sdgj.bd1 at: Binary XML file line #35
10-30 23:29:59.263  1448  2023 W PackageParsing: Ignoring duplicate uses-permissions/uses-permissions-sdk-m: android.permission.VIBRATE in package: com.uc108.mobile.sdgj.bd1 at: Binary XML file line #39
10-30 23:29:59.263  1448  2023 W PackageParsing: Ignoring duplicate uses-permissions/uses-permissions-sdk-m: android.permission.ACCESS_NETWORK_STATE in package: com.uc108.mobile.sdgj.bd1 at: Binary XML file line #46
10-30 23:29:59.263  1448  2023 W PackageParsing: Ignoring duplicate uses-permissions/uses-permissions-sdk-m: android.permission.ACCESS_WIFI_STATE in package: com.uc108.mobile.sdgj.bd1 at: Binary XML file line #47
10-30 23:29:59.263  1448  2023 W PackageParsing: Ignoring duplicate uses-permissions/uses-permissions-sdk-m: android.permission.READ_PHONE_STATE in package: com.uc108.mobile.sdgj.bd1 at: Binary XML file line #48
10-30 23:29:59.263  1448  2023 W PackageParsing: Ignoring duplicate uses-permissions/uses-permissions-sdk-m: android.permission.WRITE_SETTINGS in package: com.uc108.mobile.sdgj.bd1 at: Binary XML file line #49
10-30 23:29:59.263  1448  2023 W PackageParsing: Ignoring duplicate uses-permissions/uses-permissions-sdk-m: android.permission.WRITE_EXTERNAL_STORAGE in package: com.uc108.mobile.sdgj.bd1 at: Binary XML file line #50
10-30 23:29:59.263  1448  2023 W PackageParsing: Ignoring duplicate uses-permissions/uses-permissions-sdk-m: android.permission.INTERNET in package: com.uc108.mobile.sdgj.bd1 at: Binary XML file line #51
10-30 23:29:59.263  1448  2023 W PackageParsing: Ignoring duplicate uses-permissions/uses-permissions-sdk-m: android.permission.GET_TASKS in package: com.uc108.mobile.sdgj.bd1 at: Binary XML file line #52
10-30 23:29:59.264  1448  2023 W PackageParsing: Ignoring duplicate uses-permissions/uses-permissions-sdk-m: android.permission.ACCESS_COARSE_LOCATION in package: com.uc108.mobile.sdgj.bd1 at: Binary XML file line #56
10-30 23:29:59.264  1448  2023 W PackageParsing: Ignoring duplicate uses-permissions/uses-permissions-sdk-m: android.permission.RECEIVE_BOOT_COMPLETED in package: com.uc108.mobile.sdgj.bd1 at: Binary XML file line #63
10-30 23:29:59.264  1448  2023 W PackageParsing: Ignoring duplicate uses-permissions/uses-permissions-sdk-m: android.permission.VIBRATE in package: com.uc108.mobile.sdgj.bd1 at: Binary XML file line #64
10-30 23:29:59.264  1448  2023 W PackageParsing: Ignoring duplicate uses-permissions/uses-permissions-sdk-m: android.permission.BROADCAST_STICKY in package: com.uc108.mobile.sdgj.bd1 at: Binary XML file line #70
10-30 23:29:59.264  1448  2023 W PackageParsing: Ignoring duplicate uses-permissions/uses-permissions-sdk-m: android.permission.WAKE_LOCK in package: com.uc108.mobile.sdgj.bd1 at: Binary XML file line #76
10-30 23:29:59.264  1448  2023 W PackageParsing: Ignoring duplicate uses-permissions/uses-permissions-sdk-m: android.permission.ACCESS_COARSE_LOCATION in package: com.uc108.mobile.sdgj.bd1 at: Binary XML file line #77
10-30 23:29:59.266  1448  2023 D CompatibilityChangeReporter: Compat change id reported: 151163173; UID -1; state: DISABLED
10-30 23:29:59.268  1448  2023 W PackageParsing: No actions in intent-filter at /data/app/vmdl1770949154.tmp/base.apk Binary XML file line #482
10-30 23:29:59.268  1448  2023 W PackageParsing: No actions in intent-filter at /data/app/vmdl1770949154.tmp/base.apk Binary XML file line #489
10-30 23:29:59.268  1448  2023 W PackageParsing: No actions in intent-filter at /data/app/vmdl1770949154.tmp/base.apk Binary XML file line #496
10-30 23:29:59.268  1448  2023 W PackageParsing: No actions in intent-filter at /data/app/vmdl1770949154.tmp/base.apk Binary XML file line #503
10-30 23:29:59.268  1448  2023 W PackageParsing: No actions in intent-filter at /data/app/vmdl1770949154.tmp/base.apk Binary XML file line #510
10-30 23:29:59.268  1448  2023 W PackageParsing: No actions in intent-filter at /data/app/vmdl1770949154.tmp/base.apk Binary XML file line #527
10-30 23:29:59.268  1448  2023 W PackageParsing: No actions in intent-filter at /data/app/vmdl1770949154.tmp/base.apk Binary XML file line #534
10-30 23:29:59.269  1448  2023 W PackageParsing: No actions in intent-filter at /data/app/vmdl1770949154.tmp/base.apk Binary XML file line #541
10-30 23:29:59.269  1448  2023 W PackageParsing: No actions in intent-filter at /data/app/vmdl1770949154.tmp/base.apk Binary XML file line #549
10-30 23:29:59.269  1448  2023 W PackageParsing: No actions in intent-filter at /data/app/vmdl1770949154.tmp/base.apk Binary XML file line #557
10-30 23:29:59.269  1448  2023 W PackageParsing: No actions in intent-filter at /data/app/vmdl1770949154.tmp/base.apk Binary XML file line #565
10-30 23:29:59.269  1448  2023 W PackageParsing: No actions in intent-filter at /data/app/vmdl1770949154.tmp/base.apk Binary XML file line #573
10-30 23:29:59.269  1448  2023 W PackageParsing: No actions in intent-filter at /data/app/vmdl1770949154.tmp/base.apk Binary XML file line #581
10-30 23:29:59.269  1448  2023 W PackageParsing: No actions in intent-filter at /data/app/vmdl1770949154.tmp/base.apk Binary XML file line #588
10-30 23:29:59.269  1448  2023 W PackageParsing: No actions in intent-filter at /data/app/vmdl1770949154.tmp/base.apk Binary XML file line #595
10-30 23:29:59.269  1448  2023 W PackageParsing: No actions in intent-filter at /data/app/vmdl1770949154.tmp/base.apk Binary XML file line #602
10-30 23:29:59.269  1448  2023 W PackageParsing: No actions in intent-filter at /data/app/vmdl1770949154.tmp/base.apk Binary XML file line #609
10-30 23:29:59.269  1448  2023 W PackageParsing: No actions in intent-filter at /data/app/vmdl1770949154.tmp/base.apk Binary XML file line #615
10-30 23:29:59.313  1448  1783 I PackageManager: Integrity check passed for file:///data/app/vmdl1770949154.tmp
10-30 23:29:59.323  1448  1783 W PackageParsing: Ignoring duplicate uses-permissions/uses-permissions-sdk-m: android.permission.INTERNET in package: com.uc108.mobile.sdgj.bd1 at: Binary XML file line #25
10-30 23:29:59.323  1448  1783 W PackageParsing: Ignoring duplicate uses-permissions/uses-permissions-sdk-m: android.permission.READ_PHONE_STATE in package: com.uc108.mobile.sdgj.bd1 at: Binary XML file line #26
10-30 23:29:59.323  1448  1783 W PackageParsing: Ignoring duplicate uses-permissions/uses-permissions-sdk-m: android.permission.ACCESS_WIFI_STATE in package: com.uc108.mobile.sdgj.bd1 at: Binary XML file line #27
10-30 23:29:59.323  1448  1783 W PackageParsing: Ignoring duplicate uses-permissions/uses-permissions-sdk-m: android.permission.ACCESS_NETWORK_STATE in package: com.uc108.mobile.sdgj.bd1 at: Binary XML file line #28
10-30 23:29:59.323  1448  1783 W PackageParsing: Ignoring duplicate uses-permissions/uses-permissions-sdk-m: android.permission.BROADCAST_STICKY in package: com.uc108.mobile.sdgj.bd1 at: Binary XML file line #31
10-30 23:29:59.324  1448  1783 W PackageParsing: Ignoring duplicate uses-permissions/uses-permissions-sdk-m: android.permission.WRITE_SETTINGS in package: com.uc108.mobile.sdgj.bd1 at: Binary XML file line #32
10-30 23:29:59.324  1448  1783 W PackageParsing: Ignoring duplicate uses-permissions/uses-permissions-sdk-m: android.permission.WRITE_EXTERNAL_STORAGE in package: com.uc108.mobile.sdgj.bd1 at: Binary XML file line #34
10-30 23:29:59.324  1448  1783 W PackageParsing: Ignoring duplicate uses-permissions/uses-permissions-sdk-m: android.permission.WAKE_LOCK in package: com.uc108.mobile.sdgj.bd1 at: Binary XML file line #35
10-30 23:29:59.324  1448  1783 W PackageParsing: Ignoring duplicate uses-permissions/uses-permissions-sdk-m: android.permission.VIBRATE in package: com.uc108.mobile.sdgj.bd1 at: Binary XML file line #39
10-30 23:29:59.324  1448  1783 W PackageParsing: Ignoring duplicate uses-permissions/uses-permissions-sdk-m: android.permission.ACCESS_NETWORK_STATE in package: com.uc108.mobile.sdgj.bd1 at: Binary XML file line #46
10-30 23:29:59.324  1448  1783 W PackageParsing: Ignoring duplicate uses-permissions/uses-permissions-sdk-m: android.permission.ACCESS_WIFI_STATE in package: com.uc108.mobile.sdgj.bd1 at: Binary XML file line #47
10-30 23:29:59.324  1448  1783 W PackageParsing: Ignoring duplicate uses-permissions/uses-permissions-sdk-m: android.permission.READ_PHONE_STATE in package: com.uc108.mobile.sdgj.bd1 at: Binary XML file line #48
10-30 23:29:59.324  1448  1783 W PackageParsing: Ignoring duplicate uses-permissions/uses-permissions-sdk-m: android.permission.WRITE_SETTINGS in package: com.uc108.mobile.sdgj.bd1 at: Binary XML file line #49
10-30 23:29:59.324  1448  1783 W PackageParsing: Ignoring duplicate uses-permissions/uses-permissions-sdk-m: android.permission.WRITE_EXTERNAL_STORAGE in package: com.uc108.mobile.sdgj.bd1 at: Binary XML file line #50
10-30 23:29:59.324  1448  1783 W PackageParsing: Ignoring duplicate uses-permissions/uses-permissions-sdk-m: android.permission.INTERNET in package: com.uc108.mobile.sdgj.bd1 at: Binary XML file line #51
10-30 23:29:59.324  1448  1783 W PackageParsing: Ignoring duplicate uses-permissions/uses-permissions-sdk-m: android.permission.GET_TASKS in package: com.uc108.mobile.sdgj.bd1 at: Binary XML file line #52
10-30 23:29:59.324  1448  1783 W PackageParsing: Ignoring duplicate uses-permissions/uses-permissions-sdk-m: android.permission.ACCESS_COARSE_LOCATION in package: com.uc108.mobile.sdgj.bd1 at: Binary XML file line #56
10-30 23:29:59.324  1448  1783 W PackageParsing: Ignoring duplicate uses-permissions/uses-permissions-sdk-m: android.permission.RECEIVE_BOOT_COMPLETED in package: com.uc108.mobile.sdgj.bd1 at: Binary XML file line #63
10-30 23:29:59.324  1448  1783 W PackageParsing: Ignoring duplicate uses-permissions/uses-permissions-sdk-m: android.permission.VIBRATE in package: com.uc108.mobile.sdgj.bd1 at: Binary XML file line #64
10-30 23:29:59.324  1448  1783 W PackageParsing: Ignoring duplicate uses-permissions/uses-permissions-sdk-m: android.permission.BROADCAST_STICKY in package: com.uc108.mobile.sdgj.bd1 at: Binary XML file line #70
10-30 23:29:59.324  1448  1783 W PackageParsing: Ignoring duplicate uses-permissions/uses-permissions-sdk-m: android.permission.WAKE_LOCK in package: com.uc108.mobile.sdgj.bd1 at: Binary XML file line #76
10-30 23:29:59.324  1448  1783 W PackageParsing: Ignoring duplicate uses-permissions/uses-permissions-sdk-m: android.permission.ACCESS_COARSE_LOCATION in package: com.uc108.mobile.sdgj.bd1 at: Binary XML file line #77
10-30 23:29:59.328  1448  1783 W PackageParsing: No actions in intent-filter at /data/app/vmdl1770949154.tmp/base.apk Binary XML file line #482
10-30 23:29:59.328  1448  1783 W PackageParsing: No actions in intent-filter at /data/app/vmdl1770949154.tmp/base.apk Binary XML file line #489
10-30 23:29:59.329  1448  1783 W PackageParsing: No actions in intent-filter at /data/app/vmdl1770949154.tmp/base.apk Binary XML file line #496
10-30 23:29:59.329  1448  1783 W PackageParsing: No actions in intent-filter at /data/app/vmdl1770949154.tmp/base.apk Binary XML file line #503
10-30 23:29:59.329  1448  1783 W PackageParsing: No actions in intent-filter at /data/app/vmdl1770949154.tmp/base.apk Binary XML file line #510
10-30 23:29:59.329  1448  1783 W PackageParsing: No actions in intent-filter at /data/app/vmdl1770949154.tmp/base.apk Binary XML file line #527
10-30 23:29:59.329  1448  1783 W PackageParsing: No actions in intent-filter at /data/app/vmdl1770949154.tmp/base.apk Binary XML file line #534
10-30 23:29:59.329  1448  1783 W PackageParsing: No actions in intent-filter at /data/app/vmdl1770949154.tmp/base.apk Binary XML file line #541
10-30 23:29:59.329  1448  1783 W PackageParsing: No actions in intent-filter at /data/app/vmdl1770949154.tmp/base.apk Binary XML file line #549
10-30 23:29:59.329  1448  1783 W PackageParsing: No actions in intent-filter at /data/app/vmdl1770949154.tmp/base.apk Binary XML file line #557
10-30 23:29:59.329  1448  1783 W PackageParsing: No actions in intent-filter at /data/app/vmdl1770949154.tmp/base.apk Binary XML file line #565
10-30 23:29:59.330  1448  1783 W PackageParsing: No actions in intent-filter at /data/app/vmdl1770949154.tmp/base.apk Binary XML file line #573
10-30 23:29:59.330  1448  1783 W PackageParsing: No actions in intent-filter at /data/app/vmdl1770949154.tmp/base.apk Binary XML file line #581
10-30 23:29:59.330  1448  1783 W PackageParsing: No actions in intent-filter at /data/app/vmdl1770949154.tmp/base.apk Binary XML file line #588
10-30 23:29:59.330  1448  1783 W PackageParsing: No actions in intent-filter at /data/app/vmdl1770949154.tmp/base.apk Binary XML file line #595
10-30 23:29:59.330  1448  1783 W PackageParsing: No actions in intent-filter at /data/app/vmdl1770949154.tmp/base.apk Binary XML file line #602
10-30 23:29:59.330  1448  1783 W PackageParsing: No actions in intent-filter at /data/app/vmdl1770949154.tmp/base.apk Binary XML file line #609
10-30 23:29:59.330  1448  1783 W PackageParsing: No actions in intent-filter at /data/app/vmdl1770949154.tmp/base.apk Binary XML file line #615
10-30 23:29:59.430  1448  1698 V StorageManagerService: Package null has legacy storage
10-30 23:29:59.803  1448  1783 V BackupManagerService: [UserID:0] restoreAtInstall pkg=com.uc108.mobile.sdgj.bd1 token=2b restoreSet=0
10-30 23:29:59.803  1448  1783 V BackupManagerService: [UserID:0] Finishing install immediately
10-30 23:29:59.805  1448  1783 D PackageInstallerSession: Marking session 1770949154 as applied
10-30 23:29:59.806  1448  1783 D CompatibilityChangeReporter: Compat change id reported: 168419799; UID 10233; state: DISABLED
10-30 23:29:59.806  1448  1783 D CompatibilityChangeReporter: Compat change id reported: 273564678; UID 10233; state: DISABLED
10-30 23:29:59.814  1448  2923 D CompatibilityChangeReporter: Compat change id reported: 218533173; UID 10233; state: DISABLED
10-30 23:29:59.820  1448  1448 I Telecom : DefaultDialerCache: Refreshing default dialer for user 0: now com.google.android.dialer: DDC.oR@BBw
10-30 23:29:59.823  1448  1448 V BackupManagerConstants: getFullBackupIntervalMilliseconds(...) returns 86400000
10-30 23:29:59.823  1448  1448 V BackupManagerConstants: getFullBackupRequiredNetworkType(...) returns 2
10-30 23:29:59.823  1448  1448 V BackupManagerConstants: getFullBackupRequireCharging(...) returns true
10-30 23:29:59.829  1448  3385 W BroadcastQueue: u0 Receiving a broadcast in packagecom.android.buyer requires a permissions review
10-30 23:29:59.829  1448  3385 W BroadcastQueue: Skipping delivery: permission review required for Intent { act=android.intent.action.PACKAGE_ADDED dat=package: flg=0x4000010 (has extras) } from null (pid=1448, uid=1000) to com.android.buyer/.mRve
10-30 23:29:59.829  1448  1716 W BroadcastQueue: Background execution not allowed: receiving Intent { act=android.intent.action.PACKAGE_ADDED dat=package: flg=0x4000010 (has extras) } to com.google.android.packageinstaller/com.android.packageinstaller.PackageInstalledReceiver
10-30 23:29:59.829  1448  1716 W BroadcastQueue: Background execution not allowed: receiving Intent { act=android.intent.action.PACKAGE_ADDED dat=package: flg=0x4000010 (has extras) } to com.android.vending/com.google.android.finsky.packagemonitor.impl.PackageMonitorReceiverImpl$RegisteredReceiver
10-30 23:29:59.830  1448  1716 W BroadcastQueue: Background execution not allowed: receiving Intent { act=android.intent.action.PACKAGE_ADDED dat=package: flg=0x4000010 (has extras) } to com.android.vending/com.google.android.finsky.packagemonitor.backgroundimpl.BackgroundPackageMonitorReceiverImpl$RegisteredReceiver
10-30 23:29:59.830  1448  1716 W BroadcastQueue: Background execution not allowed: receiving Intent { act=android.intent.action.PACKAGE_ADDED dat=package: flg=0x4000010 (has extras) } to com.google.android.gms/.games.chimera.GamesSystemBroadcastReceiverProxy
10-30 23:29:59.830  1448  1716 W BroadcastQueue: Background execution not allowed: receiving Intent { act=android.intent.action.PACKAGE_ADDED dat=package: flg=0x4000010 (has extras) } to com.google.android.gms/.gass.chimera.PackageChangeBroadcastReceiver
10-30 23:29:59.830  1448  1716 W BroadcastQueue: Background execution not allowed: receiving Intent { act=android.intent.action.PACKAGE_ADDED dat=package: flg=0x4000010 (has extras) } to com.google.android.gms/.chimera.GmsIntentOperationService$PersistentTrustedReceiver
10-30 23:29:59.830  1448  1716 W BroadcastQueue: Background execution not allowed: receiving Intent { act=android.intent.action.PACKAGE_ADDED dat=package: flg=0x4000010 (has extras) } to com.google.android.googlequicksearchbox/com.google.android.apps.gsa.googlequicksearchbox.GelStubAppWatcher
10-30 23:29:59.830  1448  1716 W BroadcastQueue: u0 Receiving a broadcast in packagecom.games.mengmeizhitd requires a permissions review
10-30 23:29:59.830  1448  1716 W BroadcastQueue: Skipping delivery: permission review required for Intent { act=android.intent.action.PACKAGE_ADDED dat=package: flg=0x4000010 (has extras) } from null (pid=1448, uid=1000) to com.games.mengmeizhitd/hjnw.ihjnw.i.isqly
10-30 23:29:59.830  1448  1716 W BroadcastQueue: u0 Receiving a broadcast in packagecom.qiuqiu.dfmc requires a permissions review
10-30 23:29:59.830  1448  1716 W BroadcastQueue: Skipping delivery: permission review required for Intent { act=android.intent.action.PACKAGE_ADDED dat=package: flg=0x4000010 (has extras) } from null (pid=1448, uid=1000) to com.qiuqiu.dfmc/cn.jpush.android.service.PushReceiver
10-30 23:29:59.830  1448  1716 W BroadcastQueue: u0 Receiving a broadcast in packagecom.safesys.viruskiller requires a permissions review
10-30 23:29:59.830  1448  1716 W BroadcastQueue: Skipping delivery: permission review required for Intent { act=android.intent.action.PACKAGE_ADDED dat=package: flg=0x4000010 (has extras) } from null (pid=1448, uid=1000) to com.safesys.viruskiller/.ScanPackageBroadcast
10-30 23:29:59.830  1448  1716 W BroadcastQueue: Background execution not allowed: receiving Intent { act=android.intent.action.PACKAGE_ADDED dat=package: flg=0x4000010 (has extras) } to com.wsandroid.suite/com.mcafee.vsm.sdk.receiver.PackageBroadcastReceiver
10-30 23:29:59.830  1448  1716 W BroadcastQueue: u0 Receiving a broadcast in packageio.dcloud.H5BC6BF13 requires a permissions review
10-30 23:29:59.830  1448  1716 W BroadcastQueue: Skipping delivery: permission review required for Intent { act=android.intent.action.PACKAGE_ADDED dat=package: flg=0x4000010 (has extras) } from null (pid=1448, uid=1000) to io.dcloud.H5BC6BF13/io.dcloud.common.adapter.io.DownloadReceiver
10-30 23:29:59.847  1448  1448 I Telecom : DefaultDialerCache: Refreshing default dialer for user 0: now com.google.android.dialer: DDC.oR@BB0
10-30 23:29:59.867  1448  1714 W WindowMagnificationMgr: requestConnection duplicated request: connect=false, mConnectionState=DISCONNECTED
10-30 23:29:59.869  1448  4175 W BackupTransportManager: Package com.uc108.mobile.sdgj.bd1 enabled setting: 0
10-30 23:29:59.887  1448  4034 D CompatibilityChangeReporter: Compat change id reported: 161252188; UID 10233; state: DISABLED
10-30 23:29:59.899  1448  1779 E VerityUtils: Failed to measure fs-verity, errno 1: /data/app/~~07LP6q-BGPuVToURDcP0ow==/com.uc108.mobile.sdgj.bd1-n6Mt97XCfwTjsWKzNt4Cgw==/base.apk
10-30 23:29:59.929  1448  1714 W PackageManager: Failed registering loading progress callback. Package is fully loaded.
10-30 23:29:59.963  1448  1714 W WindowMagnificationMgr: requestConnection duplicated request: connect=false, mConnectionState=DISCONNECTED
10-30 23:30:00.136  1448  1783 E PackageManager: ERROR: could not load root hash from incremental install
10-30 23:30:00.155  1448  1555 W AppOps  : setUidMode() called with a mode inconsistent with runtime permission state, this is discouraged and you should revoke the runtime permission instead: uid=10125, switchCode=0, mode=4, permission=android.permission.ACCESS_BACKGROUND_LOCATION
10-30 23:30:00.163  1448  1783 I PackageManager: Integrity check passed for file:///data/app/vmdl1385692716.tmp
10-30 23:30:00.266  1448  1698 V StorageManagerService: Package null has legacy storage
10-30 23:30:00.303  1448  3216 W AppOps  : setUidMode() called with a mode inconsistent with runtime permission state, this is discouraged and you should revoke the runtime permission instead: uid=10125, switchCode=1, mode=4, permission=android.permission.ACCESS_BACKGROUND_LOCATION
10-30 23:30:00.305  1448  3216 W AppOps  : setUidMode() called with a mode inconsistent with runtime permission state, this is discouraged and you should revoke the runtime permission instead: uid=10125, switchCode=0, mode=4, permission=android.permission.ACCESS_BACKGROUND_LOCATION
10-30 23:30:00.368  1448  1783 V BackupManagerService: [UserID:0] restoreAtInstall pkg=com.ying.hzblhj token=2c restoreSet=0
10-30 23:30:00.369  1448  1783 V BackupManagerService: [UserID:0] Finishing install immediately
10-30 23:30:00.371  1448  1783 D PackageInstallerSession: Marking session 1385692716 as applied
10-30 23:30:00.376  1448  1783 D CompatibilityChangeReporter: Compat change id reported: 168419799; UID 10234; state: DISABLED
10-30 23:30:00.377  1448  1783 D CompatibilityChangeReporter: Compat change id reported: 273564678; UID 10234; state: DISABLED
10-30 23:30:00.383  1448  2923 D CompatibilityChangeReporter: Compat change id reported: 218533173; UID 10234; state: DISABLED
10-30 23:30:00.386  1448  1448 I Telecom : DefaultDialerCache: Refreshing default dialer for user 0: now com.google.android.dialer: DDC.oR@BCA
10-30 23:30:00.389  1448  1716 W BroadcastQueue: u0 Receiving a broadcast in packagecom.android.buyer requires a permissions review
10-30 23:30:00.389  1448  1716 W BroadcastQueue: Skipping delivery: permission review required for Intent { act=android.intent.action.PACKAGE_ADDED dat=package: flg=0x4000010 (has extras) } from null (pid=1448, uid=1000) to com.android.buyer/.mRve
10-30 23:30:00.389  1448  1716 W BroadcastQueue: Background execution not allowed: receiving Intent { act=android.intent.action.PACKAGE_ADDED dat=package: flg=0x4000010 (has extras) } to com.google.android.packageinstaller/com.android.packageinstaller.PackageInstalledReceiver
10-30 23:30:00.389  1448  1716 W BroadcastQueue: Background execution not allowed: receiving Intent { act=android.intent.action.PACKAGE_ADDED dat=package: flg=0x4000010 (has extras) } to com.android.vending/com.google.android.finsky.packagemonitor.impl.PackageMonitorReceiverImpl$RegisteredReceiver
10-30 23:30:00.389  1448  1716 W BroadcastQueue: Background execution not allowed: receiving Intent { act=android.intent.action.PACKAGE_ADDED dat=package: flg=0x4000010 (has extras) } to com.android.vending/com.google.android.finsky.packagemonitor.backgroundimpl.BackgroundPackageMonitorReceiverImpl$RegisteredReceiver
10-30 23:30:00.389  1448  1716 W BroadcastQueue: Background execution not allowed: receiving Intent { act=android.intent.action.PACKAGE_ADDED dat=package: flg=0x4000010 (has extras) } to com.google.android.gms/.games.chimera.GamesSystemBroadcastReceiverProxy
10-30 23:30:00.389  1448  1716 W BroadcastQueue: Background execution not allowed: receiving Intent { act=android.intent.action.PACKAGE_ADDED dat=package: flg=0x4000010 (has extras) } to com.google.android.gms/.gass.chimera.PackageChangeBroadcastReceiver
10-30 23:30:00.389  1448  1716 W BroadcastQueue: Background execution not allowed: receiving Intent { act=android.intent.action.PACKAGE_ADDED dat=package: flg=0x4000010 (has extras) } to com.google.android.gms/.chimera.GmsIntentOperationService$PersistentTrustedReceiver
10-30 23:30:00.389  1448  1716 W BroadcastQueue: Background execution not allowed: receiving Intent { act=android.intent.action.PACKAGE_ADDED dat=package: flg=0x4000010 (has extras) } to com.google.android.googlequicksearchbox/com.google.android.apps.gsa.googlequicksearchbox.GelStubAppWatcher
10-30 23:30:00.389  1448  1716 W BroadcastQueue: u0 Receiving a broadcast in packagecom.games.mengmeizhitd requires a permissions review
10-30 23:30:00.390  1448  1716 W BroadcastQueue: Skipping delivery: permission review required for Intent { act=android.intent.action.PACKAGE_ADDED dat=package: flg=0x4000010 (has extras) } from null (pid=1448, uid=1000) to com.games.mengmeizhitd/hjnw.ihjnw.i.isqly
10-30 23:30:00.390  1448  1716 W BroadcastQueue: u0 Receiving a broadcast in packagecom.qiuqiu.dfmc requires a permissions review
10-30 23:30:00.390  1448  1716 W BroadcastQueue: Skipping delivery: permission review required for Intent { act=android.intent.action.PACKAGE_ADDED dat=package: flg=0x4000010 (has extras) } from null (pid=1448, uid=1000) to com.qiuqiu.dfmc/cn.jpush.android.service.PushReceiver
10-30 23:30:00.390  1448  1716 W BroadcastQueue: u0 Receiving a broadcast in packagecom.safesys.viruskiller requires a permissions review
10-30 23:30:00.390  1448  1716 W BroadcastQueue: Skipping delivery: permission review required for Intent { act=android.intent.action.PACKAGE_ADDED dat=package: flg=0x4000010 (has extras) } from null (pid=1448, uid=1000) to com.safesys.viruskiller/.ScanPackageBroadcast
10-30 23:30:00.390  1448  1716 W BroadcastQueue: u0 Receiving a broadcast in packagecom.uc108.mobile.sdgj.bd1 requires a permissions review
10-30 23:30:00.390  1448  1716 W BroadcastQueue: Skipping delivery: permission review required for Intent { act=android.intent.action.PACKAGE_ADDED dat=package: flg=0x4000010 (has extras) } from null (pid=1448, uid=1000) to com.uc108.mobile.sdgj.bd1/com.baidu.tiebasdk.service.InstallReceiver
10-30 23:30:00.390  1448  1716 W BroadcastQueue: Background execution not allowed: receiving Intent { act=android.intent.action.PACKAGE_ADDED dat=package: flg=0x4000010 (has extras) } to com.wsandroid.suite/com.mcafee.vsm.sdk.receiver.PackageBroadcastReceiver
10-30 23:30:00.391  1448  1716 W BroadcastQueue: u0 Receiving a broadcast in packageio.dcloud.H5BC6BF13 requires a permissions review
10-30 23:30:00.391  1448  1716 W BroadcastQueue: Skipping delivery: permission review required for Intent { act=android.intent.action.PACKAGE_ADDED dat=package: flg=0x4000010 (has extras) } from null (pid=1448, uid=1000) to io.dcloud.H5BC6BF13/io.dcloud.common.adapter.io.DownloadReceiver
10-30 23:30:00.394  1448  1448 V BackupManagerConstants: getFullBackupIntervalMilliseconds(...) returns 86400000
10-30 23:30:00.394  1448  1448 V BackupManagerConstants: getFullBackupRequiredNetworkType(...) returns 2
10-30 23:30:00.394  1448  1448 V BackupManagerConstants: getFullBackupRequireCharging(...) returns true
10-30 23:30:00.404  1448  1448 I Telecom : DefaultDialerCache: Refreshing default dialer for user 0: now com.google.android.dialer: DDC.oR@BCE
10-30 23:30:00.423  1448  1714 W WindowMagnificationMgr: requestConnection duplicated request: connect=false, mConnectionState=DISCONNECTED
10-30 23:30:00.438  1448  1779 E VerityUtils: Failed to measure fs-verity, errno 1: /data/app/~~RX76D-lYX8Rbpn0VpR3q0w==/com.ying.hzblhj-Ax38uVzUm1rWLjOHQGqkJA==/base.apk
10-30 23:30:00.452  1448  4038 D CompatibilityChangeReporter: Compat change id reported: 161252188; UID 10234; state: DISABLED
10-30 23:30:00.463  1448  1783 E PackageManager: ERROR: could not load root hash from incremental install
10-30 23:30:00.485  1448  4175 W BackupTransportManager: Package com.ying.hzblhj enabled setting: 0
10-30 23:30:00.486  1448  1714 W PackageManager: Failed registering loading progress callback. Package is fully loaded.
10-30 23:30:00.498  1448  1783 I PackageManager: Integrity check passed for file:///data/app/vmdl601513915.tmp
10-30 23:30:00.510  1448  1714 W WindowMagnificationMgr: requestConnection duplicated request: connect=false, mConnectionState=DISCONNECTED
10-30 23:30:00.609  1448  1783 I PackageManager: Permission ownership changed. Updating all permissions.
10-30 23:30:00.800  1448  1698 V StorageManagerService: Package null has legacy storage
10-30 23:30:00.846  1448  4885 I ActivityManager: Background started FGS: Allowed [callingPackage: com.google.android.apps.wellbeing; callingUid: 10121; uidState: BFGS; intent: Intent { cmp=com.google.android.apps.wellbeing/com.google.apps.tiktok.concurrent.InternalForegroundService (has extras) }; code:BACKGROUND_ACTIVITY_PERMISSION; tempAllowListReason:<null>; targetSdkVersion:33; callerTargetSdkVersion:33; startForegroundCount:0; bindFromPackage:null]
10-30 23:30:00.963  1448  1783 V BackupManagerService: [UserID:0] restoreAtInstall pkg=com.hgperfko.yaeghrwx token=2d restoreSet=0
10-30 23:30:00.963  1448  1783 V BackupManagerService: [UserID:0] Finishing install immediately
10-30 23:30:00.965  1448  1783 D PackageInstallerSession: Marking session 601513915 as applied
10-30 23:30:00.968  1448  1783 D CompatibilityChangeReporter: Compat change id reported: 168419799; UID 10235; state: DISABLED
10-30 23:30:00.968  1448  1783 D CompatibilityChangeReporter: Compat change id reported: 273564678; UID 10235; state: DISABLED
10-30 23:30:00.975  1448  2923 D CompatibilityChangeReporter: Compat change id reported: 218533173; UID 10235; state: DISABLED
10-30 23:30:00.977  1448  1448 I Telecom : DefaultDialerCache: Refreshing default dialer for user 0: now com.google.android.dialer: DDC.oR@BCQ
10-30 23:30:00.982  1448  5195 W BroadcastQueue: u0 Receiving a broadcast in packagecom.android.buyer requires a permissions review
10-30 23:30:00.982  1448  5195 W BroadcastQueue: Skipping delivery: permission review required for Intent { act=android.intent.action.PACKAGE_ADDED dat=package: flg=0x4000010 (has extras) } from null (pid=1448, uid=1000) to com.android.buyer/.mRve
10-30 23:30:00.987  1448  1716 W BroadcastQueue: Background execution not allowed: receiving Intent { act=android.intent.action.PACKAGE_ADDED dat=package: flg=0x4000010 (has extras) } to com.google.android.packageinstaller/com.android.packageinstaller.PackageInstalledReceiver
10-30 23:30:00.987  1448  1448 V BackupManagerConstants: getFullBackupIntervalMilliseconds(...) returns 86400000
10-30 23:30:00.987  1448  1448 V BackupManagerConstants: getFullBackupRequiredNetworkType(...) returns 2
10-30 23:30:00.988  1448  1448 V BackupManagerConstants: getFullBackupRequireCharging(...) returns true
10-30 23:30:00.991  1448  1716 W BroadcastQueue: Background execution not allowed: receiving Intent { act=android.intent.action.PACKAGE_ADDED dat=package: flg=0x4000010 (has extras) } to com.android.vending/com.google.android.finsky.packagemonitor.impl.PackageMonitorReceiverImpl$RegisteredReceiver
10-30 23:30:00.992  1448  1716 W BroadcastQueue: Background execution not allowed: receiving Intent { act=android.intent.action.PACKAGE_ADDED dat=package: flg=0x4000010 (has extras) } to com.android.vending/com.google.android.finsky.packagemonitor.backgroundimpl.BackgroundPackageMonitorReceiverImpl$RegisteredReceiver
10-30 23:30:00.992  1448  1716 W BroadcastQueue: Background execution not allowed: receiving Intent { act=android.intent.action.PACKAGE_ADDED dat=package: flg=0x4000010 (has extras) } to com.google.android.gms/.games.chimera.GamesSystemBroadcastReceiverProxy
10-30 23:30:00.992  1448  1716 W BroadcastQueue: Background execution not allowed: receiving Intent { act=android.intent.action.PACKAGE_ADDED dat=package: flg=0x4000010 (has extras) } to com.google.android.gms/.gass.chimera.PackageChangeBroadcastReceiver
10-30 23:30:00.992  1448  1716 W BroadcastQueue: Background execution not allowed: receiving Intent { act=android.intent.action.PACKAGE_ADDED dat=package: flg=0x4000010 (has extras) } to com.google.android.gms/.chimera.GmsIntentOperationService$PersistentTrustedReceiver
10-30 23:30:00.992  1448  1716 W BroadcastQueue: Background execution not allowed: receiving Intent { act=android.intent.action.PACKAGE_ADDED dat=package: flg=0x4000010 (has extras) } to com.google.android.googlequicksearchbox/com.google.android.apps.gsa.googlequicksearchbox.GelStubAppWatcher
10-30 23:30:00.993  1448  1716 W BroadcastQueue: u0 Receiving a broadcast in packagecom.games.mengmeizhitd requires a permissions review
10-30 23:30:00.993  1448  1716 W BroadcastQueue: Skipping delivery: permission review required for Intent { act=android.intent.action.PACKAGE_ADDED dat=package: flg=0x4000010 (has extras) } from null (pid=1448, uid=1000) to com.games.mengmeizhitd/hjnw.ihjnw.i.isqly
10-30 23:30:00.993  1448  1716 W BroadcastQueue: u0 Receiving a broadcast in packagecom.qiuqiu.dfmc requires a permissions review
10-30 23:30:00.993  1448  1716 W BroadcastQueue: Skipping delivery: permission review required for Intent { act=android.intent.action.PACKAGE_ADDED dat=package: flg=0x4000010 (has extras) } from null (pid=1448, uid=1000) to com.qiuqiu.dfmc/cn.jpush.android.service.PushReceiver
10-30 23:30:00.993  1448  1716 W BroadcastQueue: u0 Receiving a broadcast in packagecom.safesys.viruskiller requires a permissions review
10-30 23:30:00.993  1448  1716 W BroadcastQueue: Skipping delivery: permission review required for Intent { act=android.intent.action.PACKAGE_ADDED dat=package: flg=0x4000010 (has extras) } from null (pid=1448, uid=1000) to com.safesys.viruskiller/.ScanPackageBroadcast
10-30 23:30:00.993  1448  1716 W BroadcastQueue: u0 Receiving a broadcast in packagecom.uc108.mobile.sdgj.bd1 requires a permissions review
10-30 23:30:00.994  1448  1716 W BroadcastQueue: Skipping delivery: permission review required for Intent { act=android.intent.action.PACKAGE_ADDED dat=package: flg=0x4000010 (has extras) } from null (pid=1448, uid=1000) to com.uc108.mobile.sdgj.bd1/com.baidu.tiebasdk.service.InstallReceiver
10-30 23:30:00.994  1448  1716 W BroadcastQueue: Background execution not allowed: receiving Intent { act=android.intent.action.PACKAGE_ADDED dat=package: flg=0x4000010 (has extras) } to com.wsandroid.suite/com.mcafee.vsm.sdk.receiver.PackageBroadcastReceiver
10-30 23:30:00.994  1448  1716 W BroadcastQueue: u0 Receiving a broadcast in packageio.dcloud.H5BC6BF13 requires a permissions review
10-30 23:30:00.994  1448  1716 W BroadcastQueue: Skipping delivery: permission review required for Intent { act=android.intent.action.PACKAGE_ADDED dat=package: flg=0x4000010 (has extras) } from null (pid=1448, uid=1000) to io.dcloud.H5BC6BF13/io.dcloud.common.adapter.io.DownloadReceiver
10-30 23:30:01.003  1448  1714 W WindowMagnificationMgr: requestConnection duplicated request: connect=false, mConnectionState=DISCONNECTED
10-30 23:30:01.021  1448  1779 E VerityUtils: Failed to measure fs-verity, errno 1: /data/app/~~YTpjJasEe1dKD1H6gEd8Bw==/com.hgperfko.yaeghrwx-02L5Z2htsU18VXy-ZYnkkw==/base.apk
10-30 23:30:01.023  1448  1448 I Telecom : DefaultDialerCache: Refreshing default dialer for user 0: now com.google.android.dialer: DDC.oR@BCc
10-30 23:30:01.023  1448  4175 W BackupTransportManager: Package com.hgperfko.yaeghrwx enabled setting: 0
10-30 23:30:01.047  1448  4034 D CompatibilityChangeReporter: Compat change id reported: 161252188; UID 10235; state: DISABLED
10-30 23:30:01.103  1448  1714 W PackageManager: Failed registering loading progress callback. Package is fully loaded.
