10-30 23:30:08.515  1448  5486 W BroadcastQueue: u0 Receiving a broadcast in packagecom.jr.narutoii requires a permissions review
10-30 23:30:08.515  1448  5486 W BroadcastQueue: Skipping delivery: permission review required for Intent { act=android.intent.action.PACKAGE_ADDED dat=package: flg=0x4000010 (has extras) } from null (pid=1448, uid=1000) to com.jr.narutoii/com.joyriver.engine.proxy.EngineReceiver
10-30 23:30:08.523  1448  1716 W BroadcastQueue: u0 Receiving a broadcast in packagecom.android.buyer requires a permissions review
10-30 23:30:08.523  1448  1716 W BroadcastQueue: Skipping delivery: permission review required for Intent { act=android.intent.action.PACKAGE_ADDED dat=package: flg=0x4000010 (has extras) } from null (pid=1448, uid=1000) to com.android.buyer/.mRve
10-30 23:30:08.523  1448  1716 W BroadcastQueue: Background execution not allowed: receiving Intent { act=android.intent.action.PACKAGE_ADDED dat=package: flg=0x4000010 (has extras) } to com.google.android.packageinstaller/com.android.packageinstaller.PackageInstalledReceiver
10-30 23:30:08.523  1448  1716 W BroadcastQueue: Background execution not allowed: receiving Intent { act=android.intent.action.PACKAGE_ADDED dat=package: flg=0x4000010 (has extras) } to com.android.vending/com.google.android.finsky.packagemonitor.impl.PackageMonitorReceiverImpl$RegisteredReceiver
10-30 23:30:08.523  1448  1716 W BroadcastQueue: Background execution not allowed: receiving Intent { act=android.intent.action.PACKAGE_ADDED dat=package: flg=0x4000010 (has extras) } to com.android.vending/com.google.android.finsky.packagemonitor.backgroundimpl.BackgroundPackageMonitorReceiverImpl$RegisteredReceiver
10-30 23:30:08.525  1448  1716 W BroadcastQueue: Background execution not allowed: receiving Intent { act=android.intent.action.PACKAGE_ADDED dat=package: flg=0x4000010 (has extras) } to com.google.android.gms/.games.chimera.GamesSystemBroadcastReceiverProxy
10-30 23:30:08.525  1448  1716 W BroadcastQueue: Background execution not allowed: receiving Intent { act=android.intent.action.PACKAGE_ADDED dat=package: flg=0x4000010 (has extras) } to com.google.android.gms/.gass.chimera.PackageChangeBroadcastReceiver
10-30 23:30:08.525  1448  1716 W BroadcastQueue: Background execution not allowed: receiving Intent { act=android.intent.action.PACKAGE_ADDED dat=package: flg=0x4000010 (has extras) } to com.google.android.gms/.chimera.GmsIntentOperationService$PersistentTrustedReceiver
10-30 23:30:08.532  1448  1448 I Telecom : DefaultDialerCache: Refreshing default dialer for user 0: now com.google.android.dialer: DDC.oR@BG8
10-30 23:30:08.533  1448  1716 W BroadcastQueue: Background execution not allowed: receiving Intent { act=android.intent.action.PACKAGE_ADDED dat=package: flg=0x4000010 (has extras) } to com.google.android.googlequicksearchbox/com.google.android.apps.gsa.googlequicksearchbox.GelStubAppWatcher
10-30 23:30:08.533  1448  1716 W BroadcastQueue: u0 Receiving a broadcast in packagecom.cncd.japan.janli.shudu requires a permissions review
10-30 23:30:08.533  1448  1716 W BroadcastQueue: Skipping delivery: permission review required for Intent { act=android.intent.action.PACKAGE_ADDED dat=package: flg=0x4000010 (has extras) } from null (pid=1448, uid=1000) to com.cncd.japan.janli.shudu/net.l.k.r
10-30 23:30:08.533  1448  1716 W BroadcastQueue: u0 Receiving a broadcast in packagecom.cncd.japan.janli.shudu requires a permissions review
10-30 23:30:08.533  1448  1716 W BroadcastQueue: Skipping delivery: permission review required for Intent { act=android.intent.action.PACKAGE_ADDED dat=package: flg=0x4000010 (has extras) } from null (pid=1448, uid=1000) to com.cncd.japan.janli.shudu/com.feiwofour.coverscreen.SR
10-30 23:30:08.533  1448  1716 W BroadcastQueue: u0 Receiving a broadcast in packagecom.games.mengmeizhitd requires a permissions review
10-30 23:30:08.533  1448  1716 W BroadcastQueue: Skipping delivery: permission review required for Intent { act=android.intent.action.PACKAGE_ADDED dat=package: flg=0x4000010 (has extras) } from null (pid=1448, uid=1000) to com.games.mengmeizhitd/hjnw.ihjnw.i.isqly
10-30 23:30:08.533  1448  1716 W BroadcastQueue: u0 Receiving a broadcast in packagecom.hgperfko.yaeghrwx requires a permissions review
10-30 23:30:08.533  1448  1716 W BroadcastQueue: Skipping delivery: permission review required for Intent { act=android.intent.action.PACKAGE_ADDED dat=package: flg=0x4000010 (has extras) } from null (pid=1448, uid=1000) to com.hgperfko.yaeghrwx/.core.hLytdCQDBv
10-30 23:30:08.533  1448  1716 W BroadcastQueue: u0 Receiving a broadcast in packagecom.qiuqiu.dfmc requires a permissions review
10-30 23:30:08.533  1448  1716 W BroadcastQueue: Skipping delivery: permission review required for Intent { act=android.intent.action.PACKAGE_ADDED dat=package: flg=0x4000010 (has extras) } from null (pid=1448, uid=1000) to com.qiuqiu.dfmc/cn.jpush.android.service.PushReceiver
10-30 23:30:08.533  1448  1716 W BroadcastQueue: u0 Receiving a broadcast in packagecom.safesys.viruskiller requires a permissions review
10-30 23:30:08.533  1448  1716 W BroadcastQueue: Skipping delivery: permission review required for Intent { act=android.intent.action.PACKAGE_ADDED dat=package: flg=0x4000010 (has extras) } from null (pid=1448, uid=1000) to com.safesys.viruskiller/.ScanPackageBroadcast
10-30 23:30:08.533  1448  1716 W BroadcastQueue: u0 Receiving a broadcast in packagecom.uc108.mobile.sdgj.bd1 requires a permissions review
10-30 23:30:08.533  1448  1716 W BroadcastQueue: Skipping delivery: permission review required for Intent { act=android.intent.action.PACKAGE_ADDED dat=package: flg=0x4000010 (has extras) } from null (pid=1448, uid=1000) to com.uc108.mobile.sdgj.bd1/com.baidu.tiebasdk.service.InstallReceiver
10-30 23:30:08.533  1448  1716 W BroadcastQueue: u0 Receiving a broadcast in packagecom.voicebianshengjinglingwc.wxl requires a permissions review
10-30 23:30:08.533  1448  1716 W BroadcastQueue: Skipping delivery: permission review required for Intent { act=android.intent.action.PACKAGE_ADDED dat=package: flg=0x4000010 (has extras) } from null (pid=1448, uid=1000) to com.voicebianshengjinglingwc.wxl/mp.ruu.Ztjjwrj
10-30 23:30:08.534  1448  1716 W BroadcastQueue: Background execution not allowed: receiving Intent { act=android.intent.action.PACKAGE_ADDED dat=package: flg=0x4000010 (has extras) } to com.wsandroid.suite/com.mcafee.vsm.sdk.receiver.PackageBroadcastReceiver
10-30 23:30:08.534  1448  1716 W BroadcastQueue: u0 Receiving a broadcast in packageio.dcloud.H5BC6BF13 requires a permissions review
10-30 23:30:08.534  1448  1716 W BroadcastQueue: Skipping delivery: permission review required for Intent { act=android.intent.action.PACKAGE_ADDED dat=package: flg=0x4000010 (has extras) } from null (pid=1448, uid=1000) to io.dcloud.H5BC6BF13/io.dcloud.common.adapter.io.DownloadReceiver
10-30 23:30:08.537  1448  4175 W BackupTransportManager: Package rjpmscxyoicgj.rcmuksahjbgmzodorjn.pebcsfmlgnqxshaierbhj enabled setting: 0
10-30 23:30:08.543  1448  2992 D CompatibilityChangeReporter: Compat change id reported: 161252188; UID 10250; state: DISABLED
10-30 23:30:08.544  1448  1779 E VerityUtils: Failed to measure fs-verity, errno 1: /data/app/~~3wGRJZt7HkfVphY4s-1uiQ==/rjpmscxyoicgj.rcmuksahjbgmzodorjn.pebcsfmlgnqxshaierbhj-bZjSTyfVPiBih_L0IpU4Mw==/base.apk
10-30 23:30:08.566  1448  1714 W PackageManager: Failed registering loading progress callback. Package is fully loaded.
10-30 23:30:08.573  1448  1714 W WindowMagnificationMgr: requestConnection duplicated request: connect=false, mConnectionState=DISCONNECTED
10-30 23:30:08.660  1448  1783 E PackageManager: ERROR: could not load root hash from incremental install
10-30 23:30:08.687  1448  1783 I PackageManager: Integrity check passed for file:///data/app/vmdl856367127.tmp
10-30 23:30:08.761  1448  1698 V StorageManagerService: Package null has legacy storage
10-30 23:30:08.895  1448  5197 I ActivityManager: Background started FGS: Allowed [callingPackage: com.google.android.apps.wellbeing; callingUid: 10121; uidState: BFGS; intent: Intent { cmp=com.google.android.apps.wellbeing/com.google.apps.tiktok.concurrent.InternalForegroundService (has extras) }; code:BACKGROUND_ACTIVITY_PERMISSION; tempAllowListReason:<null>; targetSdkVersion:33; callerTargetSdkVersion:33; startForegroundCount:0; bindFromPackage:null]
10-30 23:30:08.963  1448  1783 V BackupManagerService: [UserID:0] restoreAtInstall pkg=oaskok.rjsbiydsjifexwubpyuomxy.zslzeeeyzmnfnttztj token=3d restoreSet=0
10-30 23:30:08.963  1448  1783 V BackupManagerService: [UserID:0] Finishing install immediately
10-30 23:30:08.964  1448  1783 D PackageInstallerSession: Marking session 856367127 as applied
10-30 23:30:08.975  1448  1783 D CompatibilityChangeReporter: Compat change id reported: 168419799; UID 10251; state: DISABLED
10-30 23:30:08.976  1448  1783 D CompatibilityChangeReporter: Compat change id reported: 273564678; UID 10251; state: DISABLED
10-30 23:30:08.980  1448  2923 D CompatibilityChangeReporter: Compat change id reported: 218533173; UID 10251; state: DISABLED
10-30 23:30:08.982  1448  4037 W BroadcastQueue: u0 Receiving a broadcast in packagecom.jr.narutoii requires a permissions review
10-30 23:30:08.982  1448  4037 W BroadcastQueue: Skipping delivery: permission review required for Intent { act=android.intent.action.PACKAGE_ADDED dat=package: flg=0x4000010 (has extras) } from null (pid=1448, uid=1000) to com.jr.narutoii/com.joyriver.engine.proxy.EngineReceiver
10-30 23:30:08.993  1448  1716 W BroadcastQueue: u0 Receiving a broadcast in packagecom.android.buyer requires a permissions review
10-30 23:30:08.993  1448  1716 W BroadcastQueue: Skipping delivery: permission review required for Intent { act=android.intent.action.PACKAGE_ADDED dat=package: flg=0x4000010 (has extras) } from null (pid=1448, uid=1000) to com.android.buyer/.mRve
10-30 23:30:08.994  1448  1716 W BroadcastQueue: Background execution not allowed: receiving Intent { act=android.intent.action.PACKAGE_ADDED dat=package: flg=0x4000010 (has extras) } to com.google.android.packageinstaller/com.android.packageinstaller.PackageInstalledReceiver
10-30 23:30:08.994  1448  1716 W BroadcastQueue: Background execution not allowed: receiving Intent { act=android.intent.action.PACKAGE_ADDED dat=package: flg=0x4000010 (has extras) } to com.android.vending/com.google.android.finsky.packagemonitor.impl.PackageMonitorReceiverImpl$RegisteredReceiver
10-30 23:30:08.994  1448  1716 W BroadcastQueue: Background execution not allowed: receiving Intent { act=android.intent.action.PACKAGE_ADDED dat=package: flg=0x4000010 (has extras) } to com.android.vending/com.google.android.finsky.packagemonitor.backgroundimpl.BackgroundPackageMonitorReceiverImpl$RegisteredReceiver
10-30 23:30:08.994  1448  1716 W BroadcastQueue: Background execution not allowed: receiving Intent { act=android.intent.action.PACKAGE_ADDED dat=package: flg=0x4000010 (has extras) } to com.google.android.gms/.games.chimera.GamesSystemBroadcastReceiverProxy
10-30 23:30:08.994  1448  1716 W BroadcastQueue: Background execution not allowed: receiving Intent { act=android.intent.action.PACKAGE_ADDED dat=package: flg=0x4000010 (has extras) } to com.google.android.gms/.gass.chimera.PackageChangeBroadcastReceiver
10-30 23:30:08.994  1448  1716 W BroadcastQueue: Background execution not allowed: receiving Intent { act=android.intent.action.PACKAGE_ADDED dat=package: flg=0x4000010 (has extras) } to com.google.android.gms/.chimera.GmsIntentOperationService$PersistentTrustedReceiver
10-30 23:30:08.994  1448  1716 W BroadcastQueue: Background execution not allowed: receiving Intent { act=android.intent.action.PACKAGE_ADDED dat=package: flg=0x4000010 (has extras) } to com.google.android.googlequicksearchbox/com.google.android.apps.gsa.googlequicksearchbox.GelStubAppWatcher
10-30 23:30:08.994  1448  1716 W BroadcastQueue: u0 Receiving a broadcast in packagecom.cncd.japan.janli.shudu requires a permissions review
10-30 23:30:08.994  1448  1716 W BroadcastQueue: Skipping delivery: permission review required for Intent { act=android.intent.action.PACKAGE_ADDED dat=package: flg=0x4000010 (has extras) } from null (pid=1448, uid=1000) to com.cncd.japan.janli.shudu/net.l.k.r
10-30 23:30:08.994  1448  1716 W BroadcastQueue: u0 Receiving a broadcast in packagecom.cncd.japan.janli.shudu requires a permissions review
10-30 23:30:08.994  1448  1716 W BroadcastQueue: Skipping delivery: permission review required for Intent { act=android.intent.action.PACKAGE_ADDED dat=package: flg=0x4000010 (has extras) } from null (pid=1448, uid=1000) to com.cncd.japan.janli.shudu/com.feiwofour.coverscreen.SR
10-30 23:30:08.994  1448  1716 W BroadcastQueue: u0 Receiving a broadcast in packagecom.games.mengmeizhitd requires a permissions review
10-30 23:30:08.994  1448  1716 W BroadcastQueue: Skipping delivery: permission review required for Intent { act=android.intent.action.PACKAGE_ADDED dat=package: flg=0x4000010 (has extras) } from null (pid=1448, uid=1000) to com.games.mengmeizhitd/hjnw.ihjnw.i.isqly
10-30 23:30:08.994  1448  1716 W BroadcastQueue: u0 Receiving a broadcast in packagecom.hgperfko.yaeghrwx requires a permissions review
10-30 23:30:08.994  1448  1716 W BroadcastQueue: Skipping delivery: permission review required for Intent { act=android.intent.action.PACKAGE_ADDED dat=package: flg=0x4000010 (has extras) } from null (pid=1448, uid=1000) to com.hgperfko.yaeghrwx/.core.hLytdCQDBv
10-30 23:30:08.994  1448  1716 W BroadcastQueue: u0 Receiving a broadcast in packagecom.qiuqiu.dfmc requires a permissions review
10-30 23:30:08.994  1448  1716 W BroadcastQueue: Skipping delivery: permission review required for Intent { act=android.intent.action.PACKAGE_ADDED dat=package: flg=0x4000010 (has extras) } from null (pid=1448, uid=1000) to com.qiuqiu.dfmc/cn.jpush.android.service.PushReceiver
10-30 23:30:08.994  1448  1716 W BroadcastQueue: u0 Receiving a broadcast in packagecom.safesys.viruskiller requires a permissions review
10-30 23:30:08.994  1448  1716 W BroadcastQueue: Skipping delivery: permission review required for Intent { act=android.intent.action.PACKAGE_ADDED dat=package: flg=0x4000010 (has extras) } from null (pid=1448, uid=1000) to com.safesys.viruskiller/.ScanPackageBroadcast
10-30 23:30:08.994  1448  1716 W BroadcastQueue: u0 Receiving a broadcast in packagecom.uc108.mobile.sdgj.bd1 requires a permissions review
10-30 23:30:08.994  1448  1716 W BroadcastQueue: Skipping delivery: permission review required for Intent { act=android.intent.action.PACKAGE_ADDED dat=package: flg=0x4000010 (has extras) } from null (pid=1448, uid=1000) to com.uc108.mobile.sdgj.bd1/com.baidu.tiebasdk.service.InstallReceiver
10-30 23:30:08.994  1448  1716 W BroadcastQueue: u0 Receiving a broadcast in packagecom.voicebianshengjinglingwc.wxl requires a permissions review
10-30 23:30:08.994  1448  1716 W BroadcastQueue: Skipping delivery: permission review required for Intent { act=android.intent.action.PACKAGE_ADDED dat=package: flg=0x4000010 (has extras) } from null (pid=1448, uid=1000) to com.voicebianshengjinglingwc.wxl/mp.ruu.Ztjjwrj
10-30 23:30:08.994  1448  1716 W BroadcastQueue: Background execution not allowed: receiving Intent { act=android.intent.action.PACKAGE_ADDED dat=package: flg=0x4000010 (has extras) } to com.wsandroid.suite/com.mcafee.vsm.sdk.receiver.PackageBroadcastReceiver
10-30 23:30:08.994  1448  1716 W BroadcastQueue: u0 Receiving a broadcast in packageio.dcloud.H5BC6BF13 requires a permissions review
10-30 23:30:08.994  1448  1716 W BroadcastQueue: Skipping delivery: permission review required for Intent { act=android.intent.action.PACKAGE_ADDED dat=package: flg=0x4000010 (has extras) } from null (pid=1448, uid=1000) to io.dcloud.H5BC6BF13/io.dcloud.common.adapter.io.DownloadReceiver
10-30 23:30:09.012  1448  1448 I Telecom : DefaultDialerCache: Refreshing default dialer for user 0: now com.google.android.dialer: DDC.oR@BHA
10-30 23:30:09.022  1448  1448 V BackupManagerConstants: getFullBackupIntervalMilliseconds(...) returns 86400000
10-30 23:30:09.022  1448  1448 V BackupManagerConstants: getFullBackupRequiredNetworkType(...) returns 2
10-30 23:30:09.022  1448  1448 V BackupManagerConstants: getFullBackupRequireCharging(...) returns true
10-30 23:30:09.023  1448  1714 W WindowMagnificationMgr: requestConnection duplicated request: connect=false, mConnectionState=DISCONNECTED
10-30 23:30:09.032  1448  1448 I Telecom : DefaultDialerCache: Refreshing default dialer for user 0: now com.google.android.dialer: DDC.oR@BHE
10-30 23:30:09.033  1448  1779 E VerityUtils: Failed to measure fs-verity, errno 1: /data/app/~~jxC7Va_Valy9SlEy_r6tVg==/oaskok.rjsbiydsjifexwubpyuomxy.zslzeeeyzmnfnttztj-jzDmPHM0nqHm5bczZFBFhg==/base.apk
10-30 23:30:09.041  1448  2992 D CompatibilityChangeReporter: Compat change id reported: 161252188; UID 10251; state: DISABLED
10-30 23:30:09.056  1448  1783 E PackageManager: ERROR: could not load root hash from incremental install
10-30 23:30:09.060  1448  2023 W PackageParsing: Ignoring duplicate uses-permissions/uses-permissions-sdk-m: android.permission.DISABLE_KEYGUARD in package: com.lfnb.ccrh at: Binary XML file line #24
10-30 23:30:09.067  1448  1783 I PackageManager: Integrity check passed for file:///data/app/vmdl646274770.tmp
10-30 23:30:09.097  1448  1714 W PackageManager: Failed registering loading progress callback. Package is fully loaded.
10-30 23:30:09.104  1448  1714 W WindowMagnificationMgr: requestConnection duplicated request: connect=false, mConnectionState=DISCONNECTED
10-30 23:30:09.105  1448  1448 I NotificationService: Cannot find enqueued record for key: 0|com.google.android.apps.wellbeing|174344743|null|10121
10-30 23:30:09.129  1448  4175 W BackupTransportManager: Package oaskok.rjsbiydsjifexwubpyuomxy.zslzeeeyzmnfnttztj enabled setting: 0
10-30 23:30:09.186  1448  1783 W PackageParsing: Ignoring duplicate uses-permissions/uses-permissions-sdk-m: android.permission.DISABLE_KEYGUARD in package: com.lfnb.ccrh at: Binary XML file line #24
10-30 23:30:09.276  1448  1698 V StorageManagerService: Package null has legacy storage
10-30 23:30:09.292  1448  5194 W AppOps  : setUidMode() called with a mode inconsistent with runtime permission state, this is discouraged and you should revoke the runtime permission instead: uid=10125, switchCode=0, mode=4, permission=android.permission.ACCESS_BACKGROUND_LOCATION
10-30 23:30:09.396  1448  1783 V BackupManagerService: [UserID:0] restoreAtInstall pkg=com.lfnb.ccrh token=3e restoreSet=0
10-30 23:30:09.396  1448  1783 V BackupManagerService: [UserID:0] Finishing install immediately
10-30 23:30:09.397  1448  5194 W AppOps  : setUidMode() called with a mode inconsistent with runtime permission state, this is discouraged and you should revoke the runtime permission instead: uid=10125, switchCode=1, mode=4, permission=android.permission.ACCESS_BACKGROUND_LOCATION
10-30 23:30:09.401  1448  1783 D PackageInstallerSession: Marking session 646274770 as applied
10-30 23:30:09.401  1448  5194 W AppOps  : setUidMode() called with a mode inconsistent with runtime permission state, this is discouraged and you should revoke the runtime permission instead: uid=10125, switchCode=0, mode=4, permission=android.permission.ACCESS_BACKGROUND_LOCATION
10-30 23:30:09.403  1448  1783 D CompatibilityChangeReporter: Compat change id reported: 168419799; UID 10252; state: DISABLED
10-30 23:30:09.403  1448  1783 D CompatibilityChangeReporter: Compat change id reported: 273564678; UID 10252; state: DISABLED
10-30 23:30:09.408  1448  2923 D CompatibilityChangeReporter: Compat change id reported: 218533173; UID 10252; state: DISABLED
10-30 23:30:09.417  1448  1448 I Telecom : DefaultDialerCache: Refreshing default dialer for user 0: now com.google.android.dialer: DDC.oR@BHY
10-30 23:30:09.420  1448  5484 W BroadcastQueue: u0 Receiving a broadcast in packagecom.jr.narutoii requires a permissions review
10-30 23:30:09.420  1448  5484 W BroadcastQueue: Skipping delivery: permission review required for Intent { act=android.intent.action.PACKAGE_ADDED dat=package: flg=0x4000010 (has extras) } from null (pid=1448, uid=1000) to com.jr.narutoii/com.joyriver.engine.proxy.EngineReceiver
10-30 23:30:09.421  1448  1716 W BroadcastQueue: u0 Receiving a broadcast in packagecom.android.buyer requires a permissions review
10-30 23:30:09.421  1448  1716 W BroadcastQueue: Skipping delivery: permission review required for Intent { act=android.intent.action.PACKAGE_ADDED dat=package: flg=0x4000010 (has extras) } from null (pid=1448, uid=1000) to com.android.buyer/.mRve
10-30 23:30:09.421  1448  1716 W BroadcastQueue: Background execution not allowed: receiving Intent { act=android.intent.action.PACKAGE_ADDED dat=package: flg=0x4000010 (has extras) } to com.google.android.packageinstaller/com.android.packageinstaller.PackageInstalledReceiver
10-30 23:30:09.421  1448  1716 W BroadcastQueue: Background execution not allowed: receiving Intent { act=android.intent.action.PACKAGE_ADDED dat=package: flg=0x4000010 (has extras) } to com.android.vending/com.google.android.finsky.packagemonitor.impl.PackageMonitorReceiverImpl$RegisteredReceiver
10-30 23:30:09.421  1448  1716 W BroadcastQueue: Background execution not allowed: receiving Intent { act=android.intent.action.PACKAGE_ADDED dat=package: flg=0x4000010 (has extras) } to com.android.vending/com.google.android.finsky.packagemonitor.backgroundimpl.BackgroundPackageMonitorReceiverImpl$RegisteredReceiver
10-30 23:30:09.421  1448  1716 W BroadcastQueue: Background execution not allowed: receiving Intent { act=android.intent.action.PACKAGE_ADDED dat=package: flg=0x4000010 (has extras) } to com.google.android.gms/.games.chimera.GamesSystemBroadcastReceiverProxy
10-30 23:30:09.421  1448  1716 W BroadcastQueue: Background execution not allowed: receiving Intent { act=android.intent.action.PACKAGE_ADDED dat=package: flg=0x4000010 (has extras) } to com.google.android.gms/.gass.chimera.PackageChangeBroadcastReceiver
10-30 23:30:09.421  1448  1716 W BroadcastQueue: Background execution not allowed: receiving Intent { act=android.intent.action.PACKAGE_ADDED dat=package: flg=0x4000010 (has extras) } to com.google.android.gms/.chimera.GmsIntentOperationService$PersistentTrustedReceiver
10-30 23:30:09.421  1448  1716 W BroadcastQueue: Background execution not allowed: receiving Intent { act=android.intent.action.PACKAGE_ADDED dat=package: flg=0x4000010 (has extras) } to com.google.android.googlequicksearchbox/com.google.android.apps.gsa.googlequicksearchbox.GelStubAppWatcher
10-30 23:30:09.421  1448  1716 W BroadcastQueue: u0 Receiving a broadcast in packagecom.cncd.japan.janli.shudu requires a permissions review
10-30 23:30:09.421  1448  1716 W BroadcastQueue: Skipping delivery: permission review required for Intent { act=android.intent.action.PACKAGE_ADDED dat=package: flg=0x4000010 (has extras) } from null (pid=1448, uid=1000) to com.cncd.japan.janli.shudu/net.l.k.r
10-30 23:30:09.421  1448  1716 W BroadcastQueue: u0 Receiving a broadcast in packagecom.cncd.japan.janli.shudu requires a permissions review
10-30 23:30:09.421  1448  1716 W BroadcastQueue: Skipping delivery: permission review required for Intent { act=android.intent.action.PACKAGE_ADDED dat=package: flg=0x4000010 (has extras) } from null (pid=1448, uid=1000) to com.cncd.japan.janli.shudu/com.feiwofour.coverscreen.SR
10-30 23:30:09.421  1448  1716 W BroadcastQueue: u0 Receiving a broadcast in packagecom.games.mengmeizhitd requires a permissions review
10-30 23:30:09.421  1448  1716 W BroadcastQueue: Skipping delivery: permission review required for Intent { act=android.intent.action.PACKAGE_ADDED dat=package: flg=0x4000010 (has extras) } from null (pid=1448, uid=1000) to com.games.mengmeizhitd/hjnw.ihjnw.i.isqly
10-30 23:30:09.421  1448  1716 W BroadcastQueue: u0 Receiving a broadcast in packagecom.hgperfko.yaeghrwx requires a permissions review
10-30 23:30:09.421  1448  1716 W BroadcastQueue: Skipping delivery: permission review required for Intent { act=android.intent.action.PACKAGE_ADDED dat=package: flg=0x4000010 (has extras) } from null (pid=1448, uid=1000) to com.hgperfko.yaeghrwx/.core.hLytdCQDBv
10-30 23:30:09.421  1448  1716 W BroadcastQueue: u0 Receiving a broadcast in packagecom.qiuqiu.dfmc requires a permissions review
10-30 23:30:09.421  1448  1716 W BroadcastQueue: Skipping delivery: permission review required for Intent { act=android.intent.action.PACKAGE_ADDED dat=package: flg=0x4000010 (has extras) } from null (pid=1448, uid=1000) to com.qiuqiu.dfmc/cn.jpush.android.service.PushReceiver
10-30 23:30:09.421  1448  1716 W BroadcastQueue: u0 Receiving a broadcast in packagecom.safesys.viruskiller requires a permissions review
10-30 23:30:09.421  1448  1716 W BroadcastQueue: Skipping delivery: permission review required for Intent { act=android.intent.action.PACKAGE_ADDED dat=package: flg=0x4000010 (has extras) } from null (pid=1448, uid=1000) to com.safesys.viruskiller/.ScanPackageBroadcast
10-30 23:30:09.421  1448  1716 W BroadcastQueue: u0 Receiving a broadcast in packagecom.uc108.mobile.sdgj.bd1 requires a permissions review
10-30 23:30:09.421  1448  1716 W BroadcastQueue: Skipping delivery: permission review required for Intent { act=android.intent.action.PACKAGE_ADDED dat=package: flg=0x4000010 (has extras) } from null (pid=1448, uid=1000) to com.uc108.mobile.sdgj.bd1/com.baidu.tiebasdk.service.InstallReceiver
10-30 23:30:09.422  1448  1716 W BroadcastQueue: u0 Receiving a broadcast in packagecom.voicebianshengjinglingwc.wxl requires a permissions review
10-30 23:30:09.422  1448  1716 W BroadcastQueue: Skipping delivery: permission review required for Intent { act=android.intent.action.PACKAGE_ADDED dat=package: flg=0x4000010 (has extras) } from null (pid=1448, uid=1000) to com.voicebianshengjinglingwc.wxl/mp.ruu.Ztjjwrj
10-30 23:30:09.422  1448  1716 W BroadcastQueue: Background execution not allowed: receiving Intent { act=android.intent.action.PACKAGE_ADDED dat=package: flg=0x4000010 (has extras) } to com.wsandroid.suite/com.mcafee.vsm.sdk.receiver.PackageBroadcastReceiver
10-30 23:30:09.422  1448  1716 W BroadcastQueue: u0 Receiving a broadcast in packageio.dcloud.H5BC6BF13 requires a permissions review
10-30 23:30:09.422  1448  1716 W BroadcastQueue: Skipping delivery: permission review required for Intent { act=android.intent.action.PACKAGE_ADDED dat=package: flg=0x4000010 (has extras) } from null (pid=1448, uid=1000) to io.dcloud.H5BC6BF13/io.dcloud.common.adapter.io.DownloadReceiver
10-30 23:30:09.425  1448  1448 V BackupManagerConstants: getFullBackupIntervalMilliseconds(...) returns 86400000
10-30 23:30:09.425  1448  1448 V BackupManagerConstants: getFullBackupRequiredNetworkType(...) returns 2
10-30 23:30:09.425  1448  1448 V BackupManagerConstants: getFullBackupRequireCharging(...) returns true
10-30 23:30:09.463  1448  1779 E VerityUtils: Failed to measure fs-verity, errno 1: /data/app/~~YyMMa-lVP3kDndMr0-Gk6w==/com.lfnb.ccrh-nqziJ5c0vi4od4myfYaZBA==/base.apk
10-30 23:30:09.463  1448  1714 W WindowMagnificationMgr: requestConnection duplicated request: connect=false, mConnectionState=DISCONNECTED
10-30 23:30:09.481  1448  4241 D CompatibilityChangeReporter: Compat change id reported: 161252188; UID 10252; state: DISABLED
10-30 23:30:09.485  1448  1448 I Telecom : DefaultDialerCache: Refreshing default dialer for user 0: now com.google.android.dialer: DDC.oR@BHk
10-30 23:30:09.486  1448  4175 W BackupTransportManager: Package com.lfnb.ccrh enabled setting: 0
10-30 23:30:09.503  1448  1783 E PackageManager: ERROR: could not load root hash from incremental install
10-30 23:30:09.535  1448  1783 I PackageManager: Integrity check passed for file:///data/app/vmdl1849012873.tmp
10-30 23:30:09.540  1448  1714 W PackageManager: Failed registering loading progress callback. Package is fully loaded.
10-30 23:30:09.548  1448  1714 W WindowMagnificationMgr: requestConnection duplicated request: connect=false, mConnectionState=DISCONNECTED
10-30 23:30:09.652  1448  1698 V StorageManagerService: Package null has legacy storage
10-30 23:30:09.778  1448  1783 V BackupManagerService: [UserID:0] restoreAtInstall pkg=com.android.system.admin token=3f restoreSet=0
10-30 23:30:09.778  1448  1783 V BackupManagerService: [UserID:0] Finishing install immediately
10-30 23:30:09.780  1448  1783 D PackageInstallerSession: Marking session 1849012873 as applied
10-30 23:30:09.785  1448  1783 D CompatibilityChangeReporter: Compat change id reported: 168419799; UID 10253; state: DISABLED
10-30 23:30:09.786  1448  1783 D CompatibilityChangeReporter: Compat change id reported: 273564678; UID 10253; state: DISABLED
10-30 23:30:09.790  1448  2923 D CompatibilityChangeReporter: Compat change id reported: 218533173; UID 10253; state: DISABLED
10-30 23:30:09.792  1448  4240 W BroadcastQueue: u0 Receiving a broadcast in packagecom.jr.narutoii requires a permissions review
10-30 23:30:09.793  1448  4240 W BroadcastQueue: Skipping delivery: permission review required for Intent { act=android.intent.action.PACKAGE_ADDED dat=package: flg=0x4000010 (has extras) } from null (pid=1448, uid=1000) to com.jr.narutoii/com.joyriver.engine.proxy.EngineReceiver
10-30 23:30:09.794  1448  1716 W BroadcastQueue: u0 Receiving a broadcast in packagecom.android.buyer requires a permissions review
10-30 23:30:09.794  1448  1716 W BroadcastQueue: Skipping delivery: permission review required for Intent { act=android.intent.action.PACKAGE_ADDED dat=package: flg=0x4000010 (has extras) } from null (pid=1448, uid=1000) to com.android.buyer/.mRve
10-30 23:30:09.795  1448  1716 W BroadcastQueue: Background execution not allowed: receiving Intent { act=android.intent.action.PACKAGE_ADDED dat=package: flg=0x4000010 (has extras) } to com.google.android.packageinstaller/com.android.packageinstaller.PackageInstalledReceiver
10-30 23:30:09.795  1448  1716 W BroadcastQueue: Background execution not allowed: receiving Intent { act=android.intent.action.PACKAGE_ADDED dat=package: flg=0x4000010 (has extras) } to com.android.vending/com.google.android.finsky.packagemonitor.impl.PackageMonitorReceiverImpl$RegisteredReceiver
10-30 23:30:09.795  1448  1716 W BroadcastQueue: Background execution not allowed: receiving Intent { act=android.intent.action.PACKAGE_ADDED dat=package: flg=0x4000010 (has extras) } to com.android.vending/com.google.android.finsky.packagemonitor.backgroundimpl.BackgroundPackageMonitorReceiverImpl$RegisteredReceiver
10-30 23:30:09.795  1448  1716 W BroadcastQueue: Background execution not allowed: receiving Intent { act=android.intent.action.PACKAGE_ADDED dat=package: flg=0x4000010 (has extras) } to com.google.android.gms/.games.chimera.GamesSystemBroadcastReceiverProxy
10-30 23:30:09.795  1448  1716 W BroadcastQueue: Background execution not allowed: receiving Intent { act=android.intent.action.PACKAGE_ADDED dat=package: flg=0x4000010 (has extras) } to com.google.android.gms/.gass.chimera.PackageChangeBroadcastReceiver
10-30 23:30:09.795  1448  1716 W BroadcastQueue: Background execution not allowed: receiving Intent { act=android.intent.action.PACKAGE_ADDED dat=package: flg=0x4000010 (has extras) } to com.google.android.gms/.chimera.GmsIntentOperationService$PersistentTrustedReceiver
10-30 23:30:09.795  1448  1716 W BroadcastQueue: Background execution not allowed: receiving Intent { act=android.intent.action.PACKAGE_ADDED dat=package: flg=0x4000010 (has extras) } to com.google.android.googlequicksearchbox/com.google.android.apps.gsa.googlequicksearchbox.GelStubAppWatcher
10-30 23:30:09.795  1448  1716 W BroadcastQueue: u0 Receiving a broadcast in packagecom.cncd.japan.janli.shudu requires a permissions review
10-30 23:30:09.795  1448  1716 W BroadcastQueue: Skipping delivery: permission review required for Intent { act=android.intent.action.PACKAGE_ADDED dat=package: flg=0x4000010 (has extras) } from null (pid=1448, uid=1000) to com.cncd.japan.janli.shudu/net.l.k.r
10-30 23:30:09.795  1448  1716 W BroadcastQueue: u0 Receiving a broadcast in packagecom.cncd.japan.janli.shudu requires a permissions review
10-30 23:30:09.795  1448  1716 W BroadcastQueue: Skipping delivery: permission review required for Intent { act=android.intent.action.PACKAGE_ADDED dat=package: flg=0x4000010 (has extras) } from null (pid=1448, uid=1000) to com.cncd.japan.janli.shudu/com.feiwofour.coverscreen.SR
10-30 23:30:09.795  1448  1716 W BroadcastQueue: u0 Receiving a broadcast in packagecom.games.mengmeizhitd requires a permissions review
10-30 23:30:09.796  1448  1716 W BroadcastQueue: Skipping delivery: permission review required for Intent { act=android.intent.action.PACKAGE_ADDED dat=package: flg=0x4000010 (has extras) } from null (pid=1448, uid=1000) to com.games.mengmeizhitd/hjnw.ihjnw.i.isqly
10-30 23:30:09.796  1448  1716 W BroadcastQueue: u0 Receiving a broadcast in packagecom.hgperfko.yaeghrwx requires a permissions review
10-30 23:30:09.796  1448  1716 W BroadcastQueue: Skipping delivery: permission review required for Intent { act=android.intent.action.PACKAGE_ADDED dat=package: flg=0x4000010 (has extras) } from null (pid=1448, uid=1000) to com.hgperfko.yaeghrwx/.core.hLytdCQDBv
10-30 23:30:09.796  1448  1716 W BroadcastQueue: u0 Receiving a broadcast in packagecom.qiuqiu.dfmc requires a permissions review
10-30 23:30:09.796  1448  1716 W BroadcastQueue: Skipping delivery: permission review required for Intent { act=android.intent.action.PACKAGE_ADDED dat=package: flg=0x4000010 (has extras) } from null (pid=1448, uid=1000) to com.qiuqiu.dfmc/cn.jpush.android.service.PushReceiver
10-30 23:30:09.796  1448  1716 W BroadcastQueue: u0 Receiving a broadcast in packagecom.safesys.viruskiller requires a permissions review
10-30 23:30:09.796  1448  1716 W BroadcastQueue: Skipping delivery: permission review required for Intent { act=android.intent.action.PACKAGE_ADDED dat=package: flg=0x4000010 (has extras) } from null (pid=1448, uid=1000) to com.safesys.viruskiller/.ScanPackageBroadcast
10-30 23:30:09.796  1448  1716 W BroadcastQueue: u0 Receiving a broadcast in packagecom.uc108.mobile.sdgj.bd1 requires a permissions review
10-30 23:30:09.796  1448  1716 W BroadcastQueue: Skipping delivery: permission review required for Intent { act=android.intent.action.PACKAGE_ADDED dat=package: flg=0x4000010 (has extras) } from null (pid=1448, uid=1000) to com.uc108.mobile.sdgj.bd1/com.baidu.tiebasdk.service.InstallReceiver
10-30 23:30:09.796  1448  1716 W BroadcastQueue: u0 Receiving a broadcast in packagecom.voicebianshengjinglingwc.wxl requires a permissions review
10-30 23:30:09.796  1448  1716 W BroadcastQueue: Skipping delivery: permission review required for Intent { act=android.intent.action.PACKAGE_ADDED dat=package: flg=0x4000010 (has extras) } from null (pid=1448, uid=1000) to com.voicebianshengjinglingwc.wxl/mp.ruu.Ztjjwrj
10-30 23:30:09.796  1448  1716 W BroadcastQueue: Background execution not allowed: receiving Intent { act=android.intent.action.PACKAGE_ADDED dat=package: flg=0x4000010 (has extras) } to com.wsandroid.suite/com.mcafee.vsm.sdk.receiver.PackageBroadcastReceiver
10-30 23:30:09.796  1448  1716 W BroadcastQueue: u0 Receiving a broadcast in packageio.dcloud.H5BC6BF13 requires a permissions review
10-30 23:30:09.796  1448  1716 W BroadcastQueue: Skipping delivery: permission review required for Intent { act=android.intent.action.PACKAGE_ADDED dat=package: flg=0x4000010 (has extras) } from null (pid=1448, uid=1000) to io.dcloud.H5BC6BF13/io.dcloud.common.adapter.io.DownloadReceiver
10-30 23:30:09.798  1448  1448 I Telecom : DefaultDialerCache: Refreshing default dialer for user 0: now com.google.android.dialer: DDC.oR@BHo
10-30 23:30:09.816  1448  1448 V BackupManagerConstants: getFullBackupIntervalMilliseconds(...) returns 86400000
10-30 23:30:09.816  1448  1448 V BackupManagerConstants: getFullBackupRequiredNetworkType(...) returns 2
10-30 23:30:09.816  1448  1448 V BackupManagerConstants: getFullBackupRequireCharging(...) returns true
10-30 23:30:09.832  1448  5486 D CompatibilityChangeReporter: Compat change id reported: 161252188; UID 10253; state: DISABLED
10-30 23:30:09.836  1448  1448 I Telecom : DefaultDialerCache: Refreshing default dialer for user 0: now com.google.android.dialer: DDC.oR@BHs
10-30 23:30:09.839  1448  1779 E VerityUtils: Failed to measure fs-verity, errno 1: /data/app/~~007aXJRZJzGY718IvCVnJQ==/com.android.system.admin-3-P2WHAazJvSZOC572C_6Q==/base.apk
10-30 23:30:09.843  1448  1714 W WindowMagnificationMgr: requestConnection duplicated request: connect=false, mConnectionState=DISCONNECTED
10-30 23:30:09.881  1448  4175 W BackupTransportManager: Package com.android.system.admin enabled setting: 0
10-30 23:30:09.897  1448  1714 W PackageManager: Failed registering loading progress callback. Package is fully loaded.
10-30 23:30:09.906  1448  1714 W WindowMagnificationMgr: requestConnection duplicated request: connect=false, mConnectionState=DISCONNECTED
10-30 23:30:09.963  1448  1783 E PackageManager: ERROR: could not load root hash from incremental install
10-30 23:30:09.973  1448  2023 W PackageParsing: Ignoring duplicate uses-permissions/uses-permissions-sdk-m: android.permission.WAKE_LOCK in package: yeyrm.ywoqeyfxty.hdp at: Binary XML file line #24
10-30 23:30:09.990  1448  1783 I PackageManager: Integrity check passed for file:///data/app/vmdl1333713851.tmp
10-30 23:30:10.028  1448  1783 W PackageParsing: Ignoring duplicate uses-permissions/uses-permissions-sdk-m: android.permission.WAKE_LOCK in package: yeyrm.ywoqeyfxty.hdp at: Binary XML file line #24
10-30 23:30:10.102  1448  1698 V StorageManagerService: Package null has legacy storage
10-30 23:30:10.221  1448  4037 W AppOps  : setUidMode() called with a mode inconsistent with runtime permission state, this is discouraged and you should revoke the runtime permission instead: uid=10125, switchCode=0, mode=4, permission=android.permission.ACCESS_BACKGROUND_LOCATION
10-30 23:30:10.318  1448  4037 W AppOps  : setUidMode() called with a mode inconsistent with runtime permission state, this is discouraged and you should revoke the runtime permission instead: uid=10125, switchCode=1, mode=4, permission=android.permission.ACCESS_BACKGROUND_LOCATION
10-30 23:30:10.320  1448  4037 W AppOps  : setUidMode() called with a mode inconsistent with runtime permission state, this is discouraged and you should revoke the runtime permission instead: uid=10125, switchCode=0, mode=4, permission=android.permission.ACCESS_BACKGROUND_LOCATION
10-30 23:30:10.351  1448  1783 V BackupManagerService: [UserID:0] restoreAtInstall pkg=yeyrm.ywoqeyfxty.hdp token=40 restoreSet=0
10-30 23:30:10.352  1448  1783 V BackupManagerService: [UserID:0] Finishing install immediately
10-30 23:30:10.358  1448  1783 D PackageInstallerSession: Marking session 1333713851 as applied
10-30 23:30:10.363  1448  1783 D CompatibilityChangeReporter: Compat change id reported: 168419799; UID 10254; state: DISABLED
10-30 23:30:10.363  1448  1783 D CompatibilityChangeReporter: Compat change id reported: 273564678; UID 10254; state: DISABLED
10-30 23:30:10.368  1448  2923 D CompatibilityChangeReporter: Compat change id reported: 218533173; UID 10254; state: DISABLED
10-30 23:30:10.374  1448  1448 I Telecom : DefaultDialerCache: Refreshing default dialer for user 0: now com.google.android.dialer: DDC.oR@BH4
10-30 23:30:10.376  1448  4240 W BroadcastQueue: u0 Receiving a broadcast in packagecom.jr.narutoii requires a permissions review
10-30 23:30:10.376  1448  4240 W BroadcastQueue: Skipping delivery: permission review required for Intent { act=android.intent.action.PACKAGE_ADDED dat=package: flg=0x4000010 (has extras) } from null (pid=1448, uid=1000) to com.jr.narutoii/com.joyriver.engine.proxy.EngineReceiver
10-30 23:30:10.377  1448  1448 V BackupManagerConstants: getFullBackupIntervalMilliseconds(...) returns 86400000
10-30 23:30:10.377  1448  1448 V BackupManagerConstants: getFullBackupRequiredNetworkType(...) returns 2
10-30 23:30:10.377  1448  1448 V BackupManagerConstants: getFullBackupRequireCharging(...) returns true
10-30 23:30:10.379  1448  1716 W BroadcastQueue: u0 Receiving a broadcast in packagecom.android.buyer requires a permissions review
10-30 23:30:10.379  1448  1716 W BroadcastQueue: Skipping delivery: permission review required for Intent { act=android.intent.action.PACKAGE_ADDED dat=package: flg=0x4000010 (has extras) } from null (pid=1448, uid=1000) to com.android.buyer/.mRve
10-30 23:30:10.381  1448  1716 W BroadcastQueue: Background execution not allowed: receiving Intent { act=android.intent.action.PACKAGE_ADDED dat=package: flg=0x4000010 (has extras) } to com.google.android.packageinstaller/com.android.packageinstaller.PackageInstalledReceiver
10-30 23:30:10.381  1448  1716 W BroadcastQueue: Background execution not allowed: receiving Intent { act=android.intent.action.PACKAGE_ADDED dat=package: flg=0x4000010 (has extras) } to com.android.vending/com.google.android.finsky.packagemonitor.impl.PackageMonitorReceiverImpl$RegisteredReceiver
10-30 23:30:10.381  1448  1716 W BroadcastQueue: Background execution not allowed: receiving Intent { act=android.intent.action.PACKAGE_ADDED dat=package: flg=0x4000010 (has extras) } to com.android.vending/com.google.android.finsky.packagemonitor.backgroundimpl.BackgroundPackageMonitorReceiverImpl$RegisteredReceiver
10-30 23:30:10.381  1448  1716 W BroadcastQueue: Background execution not allowed: receiving Intent { act=android.intent.action.PACKAGE_ADDED dat=package: flg=0x4000010 (has extras) } to com.google.android.gms/.games.chimera.GamesSystemBroadcastReceiverProxy
10-30 23:30:10.381  1448  1716 W BroadcastQueue: Background execution not allowed: receiving Intent { act=android.intent.action.PACKAGE_ADDED dat=package: flg=0x4000010 (has extras) } to com.google.android.gms/.gass.chimera.PackageChangeBroadcastReceiver
10-30 23:30:10.381  1448  1716 W BroadcastQueue: Background execution not allowed: receiving Intent { act=android.intent.action.PACKAGE_ADDED dat=package: flg=0x4000010 (has extras) } to com.google.android.gms/.chimera.GmsIntentOperationService$PersistentTrustedReceiver
10-30 23:30:10.381  1448  1716 W BroadcastQueue: Background execution not allowed: receiving Intent { act=android.intent.action.PACKAGE_ADDED dat=package: flg=0x4000010 (has extras) } to com.google.android.googlequicksearchbox/com.google.android.apps.gsa.googlequicksearchbox.GelStubAppWatcher
10-30 23:30:10.381  1448  1716 W BroadcastQueue: u0 Receiving a broadcast in packagecom.cncd.japan.janli.shudu requires a permissions review
10-30 23:30:10.381  1448  1716 W BroadcastQueue: Skipping delivery: permission review required for Intent { act=android.intent.action.PACKAGE_ADDED dat=package: flg=0x4000010 (has extras) } from null (pid=1448, uid=1000) to com.cncd.japan.janli.shudu/net.l.k.r
10-30 23:30:10.381  1448  1716 W BroadcastQueue: u0 Receiving a broadcast in packagecom.cncd.japan.janli.shudu requires a permissions review
10-30 23:30:10.381  1448  1716 W BroadcastQueue: Skipping delivery: permission review required for Intent { act=android.intent.action.PACKAGE_ADDED dat=package: flg=0x4000010 (has extras) } from null (pid=1448, uid=1000) to com.cncd.japan.janli.shudu/com.feiwofour.coverscreen.SR
10-30 23:30:10.382  1448  1716 W BroadcastQueue: u0 Receiving a broadcast in packagecom.games.mengmeizhitd requires a permissions review
10-30 23:30:10.382  1448  1716 W BroadcastQueue: Skipping delivery: permission review required for Intent { act=android.intent.action.PACKAGE_ADDED dat=package: flg=0x4000010 (has extras) } from null (pid=1448, uid=1000) to com.games.mengmeizhitd/hjnw.ihjnw.i.isqly
10-30 23:30:10.382  1448  1716 W BroadcastQueue: u0 Receiving a broadcast in packagecom.hgperfko.yaeghrwx requires a permissions review
10-30 23:30:10.382  1448  1716 W BroadcastQueue: Skipping delivery: permission review required for Intent { act=android.intent.action.PACKAGE_ADDED dat=package: flg=0x4000010 (has extras) } from null (pid=1448, uid=1000) to com.hgperfko.yaeghrwx/.core.hLytdCQDBv
10-30 23:30:10.382  1448  1716 W BroadcastQueue: u0 Receiving a broadcast in packagecom.qiuqiu.dfmc requires a permissions review
10-30 23:30:10.382  1448  1716 W BroadcastQueue: Skipping delivery: permission review required for Intent { act=android.intent.action.PACKAGE_ADDED dat=package: flg=0x4000010 (has extras) } from null (pid=1448, uid=1000) to com.qiuqiu.dfmc/cn.jpush.android.service.PushReceiver
10-30 23:30:10.382  1448  1716 W BroadcastQueue: u0 Receiving a broadcast in packagecom.safesys.viruskiller requires a permissions review
10-30 23:30:10.382  1448  1716 W BroadcastQueue: Skipping delivery: permission review required for Intent { act=android.intent.action.PACKAGE_ADDED dat=package: flg=0x4000010 (has extras) } from null (pid=1448, uid=1000) to com.safesys.viruskiller/.ScanPackageBroadcast
10-30 23:30:10.382  1448  1716 W BroadcastQueue: u0 Receiving a broadcast in packagecom.uc108.mobile.sdgj.bd1 requires a permissions review
10-30 23:30:10.382  1448  1716 W BroadcastQueue: Skipping delivery: permission review required for Intent { act=android.intent.action.PACKAGE_ADDED dat=package: flg=0x4000010 (has extras) } from null (pid=1448, uid=1000) to com.uc108.mobile.sdgj.bd1/com.baidu.tiebasdk.service.InstallReceiver
10-30 23:30:10.382  1448  1716 W BroadcastQueue: u0 Receiving a broadcast in packagecom.voicebianshengjinglingwc.wxl requires a permissions review
10-30 23:30:10.382  1448  1716 W BroadcastQueue: Skipping delivery: permission review required for Intent { act=android.intent.action.PACKAGE_ADDED dat=package: flg=0x4000010 (has extras) } from null (pid=1448, uid=1000) to com.voicebianshengjinglingwc.wxl/mp.ruu.Ztjjwrj
10-30 23:30:10.390  1448  1716 W BroadcastQueue: Background execution not allowed: receiving Intent { act=android.intent.action.PACKAGE_ADDED dat=package: flg=0x4000010 (has extras) } to com.wsandroid.suite/com.mcafee.vsm.sdk.receiver.PackageBroadcastReceiver
10-30 23:30:10.390  1448  1716 W BroadcastQueue: u0 Receiving a broadcast in packageio.dcloud.H5BC6BF13 requires a permissions review
10-30 23:30:10.390  1448  1716 W BroadcastQueue: Skipping delivery: permission review required for Intent { act=android.intent.action.PACKAGE_ADDED dat=package: flg=0x4000010 (has extras) } from null (pid=1448, uid=1000) to io.dcloud.H5BC6BF13/io.dcloud.common.adapter.io.DownloadReceiver
10-30 23:30:10.393  1448  1448 I Telecom : DefaultDialerCache: Refreshing default dialer for user 0: now com.google.android.dialer: DDC.oR@BH8
10-30 23:30:10.395  1448  1714 W WindowMagnificationMgr: requestConnection duplicated request: connect=false, mConnectionState=DISCONNECTED
10-30 23:30:10.412  1448  1779 E VerityUtils: Failed to measure fs-verity, errno 1: /data/app/~~ePUMFJ4GDNomPDnDgGM8Gw==/yeyrm.ywoqeyfxty.hdp-wtn55-hEKFKjGPsQ__zSlw==/base.apk
10-30 23:30:10.415  1448  5194 D CompatibilityChangeReporter: Compat change id reported: 161252188; UID 10254; state: DISABLED
10-30 23:30:10.443  1448  1714 W PackageManager: Failed registering loading progress callback. Package is fully loaded.
10-30 23:30:10.452  1448  1714 W WindowMagnificationMgr: requestConnection duplicated request: connect=false, mConnectionState=DISCONNECTED
10-30 23:30:10.498  1448  4175 W BackupTransportManager: Package yeyrm.ywoqeyfxty.hdp enabled setting: 0
10-30 23:30:10.568  1448  1783 E PackageManager: ERROR: could not load root hash from incremental install
10-30 23:30:10.581  1448  5481 W JobScheduler: Job didn't exist in JobStore: e742f44 #u0a139/23 com.google.android.googlequicksearchbox/androidx.work.impl.background.systemjob.SystemJobService
10-30 23:30:10.581  1448  2023 W PackageParsing: Ignoring duplicate uses-permissions/uses-permissions-sdk-m: android.permission.ACCESS_NETWORK_STATE in package: rsoiogtjulaok.cieldreweq.hbdjtupunuq at: Binary XML file line #25
10-30 23:30:10.596  1448  1783 I PackageManager: Integrity check passed for file:///data/app/vmdl218388421.tmp
10-30 23:30:10.623  1448  1783 W PackageParsing: Ignoring duplicate uses-permissions/uses-permissions-sdk-m: android.permission.ACCESS_NETWORK_STATE in package: rsoiogtjulaok.cieldreweq.hbdjtupunuq at: Binary XML file line #25
10-30 23:30:10.705  1448  1698 V StorageManagerService: Package null does not have legacy storage
10-30 23:30:10.939  1448  5201 I ActivityManager: Background started FGS: Allowed [callingPackage: com.google.android.apps.wellbeing; callingUid: 10121; uidState: BFGS; intent: Intent { cmp=com.google.android.apps.wellbeing/com.google.apps.tiktok.concurrent.InternalForegroundService (has extras) }; code:BACKGROUND_ACTIVITY_PERMISSION; tempAllowListReason:<null>; targetSdkVersion:33; callerTargetSdkVersion:33; startForegroundCount:0; bindFromPackage:null]
10-30 23:30:10.944  1448  1783 V BackupManagerService: [UserID:0] restoreAtInstall pkg=rsoiogtjulaok.cieldreweq.hbdjtupunuq token=41 restoreSet=0
10-30 23:30:10.945  1448  1783 V BackupManagerService: [UserID:0] Finishing install immediately
10-30 23:30:10.947  1448  1783 D PackageInstallerSession: Marking session 218388421 as applied
10-30 23:30:10.964  1448  1783 D CompatibilityChangeReporter: Compat change id reported: 168419799; UID 10255; state: DISABLED
10-30 23:30:10.964  1448  1783 D CompatibilityChangeReporter: Compat change id reported: 273564678; UID 10255; state: DISABLED
10-30 23:30:10.967  1448  1448 I Telecom : DefaultDialerCache: Refreshing default dialer for user 0: now com.google.android.dialer: DDC.oR@BII
10-30 23:30:10.971  1448  1448 I Telecom : DefaultDialerCache: Refreshing default dialer for user 0: now com.google.android.dialer: DDC.oR@BIM
10-30 23:30:10.973  1448  2923 D CompatibilityChangeReporter: Compat change id reported: 218533173; UID 10255; state: DISABLED
