10-30 23:30:10.973  1448  1716 W BroadcastQueue: u0 Receiving a broadcast in packagecom.jr.narutoii requires a permissions review
10-30 23:30:10.973  1448  1716 W BroadcastQueue: Skipping delivery: permission review required for Intent { act=android.intent.action.PACKAGE_ADDED dat=package: flg=0x4000010 (has extras) } from null (pid=1448, uid=1000) to com.jr.narutoii/com.joyriver.engine.proxy.EngineReceiver
10-30 23:30:10.976  1448  1716 W BroadcastQueue: u0 Receiving a broadcast in packagecom.android.buyer requires a permissions review
10-30 23:30:10.976  1448  1716 W BroadcastQueue: Skipping delivery: permission review required for Intent { act=android.intent.action.PACKAGE_ADDED dat=package: flg=0x4000010 (has extras) } from null (pid=1448, uid=1000) to com.android.buyer/.mRve
10-30 23:30:10.976  1448  1716 W BroadcastQueue: Background execution not allowed: receiving Intent { act=android.intent.action.PACKAGE_ADDED dat=package: flg=0x4000010 (has extras) } to com.google.android.packageinstaller/com.android.packageinstaller.PackageInstalledReceiver
10-30 23:30:10.976  1448  1716 W BroadcastQueue: Background execution not allowed: receiving Intent { act=android.intent.action.PACKAGE_ADDED dat=package: flg=0x4000010 (has extras) } to com.android.vending/com.google.android.finsky.packagemonitor.impl.PackageMonitorReceiverImpl$RegisteredReceiver
10-30 23:30:10.976  1448  1716 W BroadcastQueue: Background execution not allowed: receiving Intent { act=android.intent.action.PACKAGE_ADDED dat=package: flg=0x4000010 (has extras) } to com.android.vending/com.google.android.finsky.packagemonitor.backgroundimpl.BackgroundPackageMonitorReceiverImpl$RegisteredReceiver
10-30 23:30:10.977  1448  1716 W BroadcastQueue: Background execution not allowed: receiving Intent { act=android.intent.action.PACKAGE_ADDED dat=package: flg=0x4000010 (has extras) } to com.google.android.gms/.games.chimera.GamesSystemBroadcastReceiverProxy
10-30 23:30:10.977  1448  1716 W BroadcastQueue: Background execution not allowed: receiving Intent { act=android.intent.action.PACKAGE_ADDED dat=package: flg=0x4000010 (has extras) } to com.google.android.gms/.gass.chimera.PackageChangeBroadcastReceiver
10-30 23:30:10.977  1448  1716 W BroadcastQueue: Background execution not allowed: receiving Intent { act=android.intent.action.PACKAGE_ADDED dat=package: flg=0x4000010 (has extras) } to com.google.android.gms/.chimera.GmsIntentOperationService$PersistentTrustedReceiver
10-30 23:30:10.977  1448  1716 W BroadcastQueue: Background execution not allowed: receiving Intent { act=android.intent.action.PACKAGE_ADDED dat=package: flg=0x4000010 (has extras) } to com.google.android.googlequicksearchbox/com.google.android.apps.gsa.googlequicksearchbox.GelStubAppWatcher
10-30 23:30:10.977  1448  1716 W BroadcastQueue: u0 Receiving a broadcast in packagecom.cncd.japan.janli.shudu requires a permissions review
10-30 23:30:10.977  1448  1716 W BroadcastQueue: Skipping delivery: permission review required for Intent { act=android.intent.action.PACKAGE_ADDED dat=package: flg=0x4000010 (has extras) } from null (pid=1448, uid=1000) to com.cncd.japan.janli.shudu/net.l.k.r
10-30 23:30:10.984  1448  1716 W BroadcastQueue: u0 Receiving a broadcast in packagecom.cncd.japan.janli.shudu requires a permissions review
10-30 23:30:10.984  1448  1716 W BroadcastQueue: Skipping delivery: permission review required for Intent { act=android.intent.action.PACKAGE_ADDED dat=package: flg=0x4000010 (has extras) } from null (pid=1448, uid=1000) to com.cncd.japan.janli.shudu/com.feiwofour.coverscreen.SR
10-30 23:30:10.984  1448  1716 W BroadcastQueue: u0 Receiving a broadcast in packagecom.games.mengmeizhitd requires a permissions review
10-30 23:30:10.984  1448  1716 W BroadcastQueue: Skipping delivery: permission review required for Intent { act=android.intent.action.PACKAGE_ADDED dat=package: flg=0x4000010 (has extras) } from null (pid=1448, uid=1000) to com.games.mengmeizhitd/hjnw.ihjnw.i.isqly
10-30 23:30:10.984  1448  1716 W BroadcastQueue: u0 Receiving a broadcast in packagecom.hgperfko.yaeghrwx requires a permissions review
10-30 23:30:10.984  1448  1716 W BroadcastQueue: Skipping delivery: permission review required for Intent { act=android.intent.action.PACKAGE_ADDED dat=package: flg=0x4000010 (has extras) } from null (pid=1448, uid=1000) to com.hgperfko.yaeghrwx/.core.hLytdCQDBv
10-30 23:30:10.984  1448  1716 W BroadcastQueue: u0 Receiving a broadcast in packagecom.qiuqiu.dfmc requires a permissions review
10-30 23:30:10.984  1448  1716 W BroadcastQueue: Skipping delivery: permission review required for Intent { act=android.intent.action.PACKAGE_ADDED dat=package: flg=0x4000010 (has extras) } from null (pid=1448, uid=1000) to com.qiuqiu.dfmc/cn.jpush.android.service.PushReceiver
10-30 23:30:10.984  1448  1716 W BroadcastQueue: u0 Receiving a broadcast in packagecom.safesys.viruskiller requires a permissions review
10-30 23:30:10.984  1448  1716 W BroadcastQueue: Skipping delivery: permission review required for Intent { act=android.intent.action.PACKAGE_ADDED dat=package: flg=0x4000010 (has extras) } from null (pid=1448, uid=1000) to com.safesys.viruskiller/.ScanPackageBroadcast
10-30 23:30:10.984  1448  1716 W BroadcastQueue: u0 Receiving a broadcast in packagecom.uc108.mobile.sdgj.bd1 requires a permissions review
10-30 23:30:10.984  1448  1716 W BroadcastQueue: Skipping delivery: permission review required for Intent { act=android.intent.action.PACKAGE_ADDED dat=package: flg=0x4000010 (has extras) } from null (pid=1448, uid=1000) to com.uc108.mobile.sdgj.bd1/com.baidu.tiebasdk.service.InstallReceiver
10-30 23:30:10.985  1448  1716 W BroadcastQueue: u0 Receiving a broadcast in packagecom.voicebianshengjinglingwc.wxl requires a permissions review
10-30 23:30:10.985  1448  1716 W BroadcastQueue: Skipping delivery: permission review required for Intent { act=android.intent.action.PACKAGE_ADDED dat=package: flg=0x4000010 (has extras) } from null (pid=1448, uid=1000) to com.voicebianshengjinglingwc.wxl/mp.ruu.Ztjjwrj
10-30 23:30:10.985  1448  1716 W BroadcastQueue: Background execution not allowed: receiving Intent { act=android.intent.action.PACKAGE_ADDED dat=package: flg=0x4000010 (has extras) } to com.wsandroid.suite/com.mcafee.vsm.sdk.receiver.PackageBroadcastReceiver
10-30 23:30:10.985  1448  1716 W BroadcastQueue: u0 Receiving a broadcast in packageio.dcloud.H5BC6BF13 requires a permissions review
10-30 23:30:10.985  1448  1716 W BroadcastQueue: Skipping delivery: permission review required for Intent { act=android.intent.action.PACKAGE_ADDED dat=package: flg=0x4000010 (has extras) } from null (pid=1448, uid=1000) to io.dcloud.H5BC6BF13/io.dcloud.common.adapter.io.DownloadReceiver
10-30 23:30:10.998  1448  1448 V BackupManagerConstants: getFullBackupIntervalMilliseconds(...) returns 86400000
10-30 23:30:10.998  1448  1448 V BackupManagerConstants: getFullBackupRequiredNetworkType(...) returns 2
10-30 23:30:10.998  1448  1448 V BackupManagerConstants: getFullBackupRequireCharging(...) returns true
10-30 23:30:11.057  1448  1779 E VerityUtils: Failed to measure fs-verity, errno 1: /data/app/~~mxbczgbMm6eTe4QbAezACw==/rsoiogtjulaok.cieldreweq.hbdjtupunuq-aB-AszdLtEprZlVPLxMhcg==/base.apk
10-30 23:30:11.065  1448  1714 D AppWidgetServiceImpl: Provider info from ComponentInfo{com.google.android.googlequicksearchbox/com.google.android.googlequicksearchbox.SearchWidgetProvider} won't be persisted.
10-30 23:30:11.065  1448  1714 D AppWidgetServiceImpl: Provider info from ComponentInfo{com.google.android.googlequicksearchbox/com.google.android.apps.gsa.staticplugins.smartspace.widget.SmartspaceWidgetProvider} won't be persisted.
10-30 23:30:11.065  1448  1714 D AppWidgetServiceImpl: Provider info from ComponentInfo{com.google.android.googlequicksearchbox/com.google.android.apps.search.assistant.verticals.snapshot.widgets.weather.WeatherWidget_Receiver} won't be persisted.
10-30 23:30:11.065  1448  1714 D AppWidgetServiceImpl: Provider info from ComponentInfo{com.google.android.googlequicksearchbox/com.google.android.apps.search.assistant.verticals.snapshot.widgets.weather.FreeformWeatherWidget_Receiver} won't be persisted.
10-30 23:30:11.099  1448  1448 I Telecom : DefaultDialerCache: Refreshing default dialer for user 0: now com.google.android.dialer: DDC.oR@BIY
10-30 23:30:11.100  1448  4175 W BackupTransportManager: Package rsoiogtjulaok.cieldreweq.hbdjtupunuq enabled setting: 0
10-30 23:30:11.111  1448  1783 E PackageManager: ERROR: could not load root hash from incremental install
10-30 23:30:11.142  1448  1783 I PackageManager: Integrity check passed for file:///data/app/vmdl1928694351.tmp
10-30 23:30:11.145  1448  1448 I NotificationService: Cannot find enqueued record for key: 0|com.google.android.apps.wellbeing|174344743|null|10121
10-30 23:30:11.180  1448  1714 W WindowMagnificationMgr: requestConnection duplicated request: connect=false, mConnectionState=DISCONNECTED
10-30 23:30:11.274  1448  3385 D CompatibilityChangeReporter: Compat change id reported: 161252188; UID 10255; state: DISABLED
10-30 23:30:11.278  1448  1698 V StorageManagerService: Package null does not have legacy storage
10-30 23:30:11.309  1448  1714 W PackageManager: Failed registering loading progress callback. Package is fully loaded.
10-30 23:30:11.335  1448  4037 W AppOps  : setUidMode() called with a mode inconsistent with runtime permission state, this is discouraged and you should revoke the runtime permission instead: uid=10125, switchCode=0, mode=4, permission=android.permission.ACCESS_BACKGROUND_LOCATION
10-30 23:30:11.343  1448  1714 W WindowMagnificationMgr: requestConnection duplicated request: connect=false, mConnectionState=DISCONNECTED
10-30 23:30:11.488  1448  5480 W AppOps  : setUidMode() called with a mode inconsistent with runtime permission state, this is discouraged and you should revoke the runtime permission instead: uid=10125, switchCode=1, mode=4, permission=android.permission.ACCESS_BACKGROUND_LOCATION
10-30 23:30:11.492  1448  5482 W AppOps  : setUidMode() called with a mode inconsistent with runtime permission state, this is discouraged and you should revoke the runtime permission instead: uid=10125, switchCode=0, mode=4, permission=android.permission.ACCESS_BACKGROUND_LOCATION
10-30 23:30:11.641  1448  1783 V BackupManagerService: [UserID:0] restoreAtInstall pkg=com.android.mobilephone token=42 restoreSet=0
10-30 23:30:11.641  1448  1783 V BackupManagerService: [UserID:0] Finishing install immediately
10-30 23:30:11.643  1448  1783 D PackageInstallerSession: Marking session 1928694351 as applied
10-30 23:30:11.649  1448  1783 D CompatibilityChangeReporter: Compat change id reported: 168419799; UID 10256; state: DISABLED
10-30 23:30:11.649  1448  1783 D CompatibilityChangeReporter: Compat change id reported: 273564678; UID 10256; state: DISABLED
10-30 23:30:11.653  1448  3216 W BroadcastQueue: u0 Receiving a broadcast in packagecom.jr.narutoii requires a permissions review
10-30 23:30:11.653  1448  3216 W BroadcastQueue: Skipping delivery: permission review required for Intent { act=android.intent.action.PACKAGE_ADDED dat=package: flg=0x4000010 (has extras) } from null (pid=1448, uid=1000) to com.jr.narutoii/com.joyriver.engine.proxy.EngineReceiver
10-30 23:30:11.655  1448  2923 D CompatibilityChangeReporter: Compat change id reported: 218533173; UID 10256; state: DISABLED
10-30 23:30:11.656  1448  1716 W BroadcastQueue: u0 Receiving a broadcast in packagecom.android.buyer requires a permissions review
10-30 23:30:11.656  1448  1716 W BroadcastQueue: Skipping delivery: permission review required for Intent { act=android.intent.action.PACKAGE_ADDED dat=package: flg=0x4000010 (has extras) } from null (pid=1448, uid=1000) to com.android.buyer/.mRve
10-30 23:30:11.657  1448  1716 W BroadcastQueue: Background execution not allowed: receiving Intent { act=android.intent.action.PACKAGE_ADDED dat=package: flg=0x4000010 (has extras) } to com.google.android.packageinstaller/com.android.packageinstaller.PackageInstalledReceiver
10-30 23:30:11.657  1448  1716 W BroadcastQueue: Background execution not allowed: receiving Intent { act=android.intent.action.PACKAGE_ADDED dat=package: flg=0x4000010 (has extras) } to com.android.vending/com.google.android.finsky.packagemonitor.impl.PackageMonitorReceiverImpl$RegisteredReceiver
10-30 23:30:11.657  1448  1716 W BroadcastQueue: Background execution not allowed: receiving Intent { act=android.intent.action.PACKAGE_ADDED dat=package: flg=0x4000010 (has extras) } to com.android.vending/com.google.android.finsky.packagemonitor.backgroundimpl.BackgroundPackageMonitorReceiverImpl$RegisteredReceiver
10-30 23:30:11.657  1448  1716 W BroadcastQueue: Background execution not allowed: receiving Intent { act=android.intent.action.PACKAGE_ADDED dat=package: flg=0x4000010 (has extras) } to com.google.android.gms/.games.chimera.GamesSystemBroadcastReceiverProxy
10-30 23:30:11.657  1448  1716 W BroadcastQueue: Background execution not allowed: receiving Intent { act=android.intent.action.PACKAGE_ADDED dat=package: flg=0x4000010 (has extras) } to com.google.android.gms/.gass.chimera.PackageChangeBroadcastReceiver
10-30 23:30:11.657  1448  1716 W BroadcastQueue: Background execution not allowed: receiving Intent { act=android.intent.action.PACKAGE_ADDED dat=package: flg=0x4000010 (has extras) } to com.google.android.gms/.chimera.GmsIntentOperationService$PersistentTrustedReceiver
10-30 23:30:11.657  1448  1716 W BroadcastQueue: Background execution not allowed: receiving Intent { act=android.intent.action.PACKAGE_ADDED dat=package: flg=0x4000010 (has extras) } to com.google.android.googlequicksearchbox/com.google.android.apps.gsa.googlequicksearchbox.GelStubAppWatcher
10-30 23:30:11.657  1448  1716 W BroadcastQueue: u0 Receiving a broadcast in packagecom.cncd.japan.janli.shudu requires a permissions review
10-30 23:30:11.657  1448  1716 W BroadcastQueue: Skipping delivery: permission review required for Intent { act=android.intent.action.PACKAGE_ADDED dat=package: flg=0x4000010 (has extras) } from null (pid=1448, uid=1000) to com.cncd.japan.janli.shudu/net.l.k.r
10-30 23:30:11.657  1448  1716 W BroadcastQueue: u0 Receiving a broadcast in packagecom.cncd.japan.janli.shudu requires a permissions review
10-30 23:30:11.657  1448  1716 W BroadcastQueue: Skipping delivery: permission review required for Intent { act=android.intent.action.PACKAGE_ADDED dat=package: flg=0x4000010 (has extras) } from null (pid=1448, uid=1000) to com.cncd.japan.janli.shudu/com.feiwofour.coverscreen.SR
10-30 23:30:11.657  1448  1716 W BroadcastQueue: u0 Receiving a broadcast in packagecom.games.mengmeizhitd requires a permissions review
10-30 23:30:11.657  1448  1716 W BroadcastQueue: Skipping delivery: permission review required for Intent { act=android.intent.action.PACKAGE_ADDED dat=package: flg=0x4000010 (has extras) } from null (pid=1448, uid=1000) to com.games.mengmeizhitd/hjnw.ihjnw.i.isqly
10-30 23:30:11.657  1448  1716 W BroadcastQueue: u0 Receiving a broadcast in packagecom.hgperfko.yaeghrwx requires a permissions review
10-30 23:30:11.658  1448  1716 W BroadcastQueue: Skipping delivery: permission review required for Intent { act=android.intent.action.PACKAGE_ADDED dat=package: flg=0x4000010 (has extras) } from null (pid=1448, uid=1000) to com.hgperfko.yaeghrwx/.core.hLytdCQDBv
10-30 23:30:11.658  1448  1716 W BroadcastQueue: u0 Receiving a broadcast in packagecom.qiuqiu.dfmc requires a permissions review
10-30 23:30:11.658  1448  1716 W BroadcastQueue: Skipping delivery: permission review required for Intent { act=android.intent.action.PACKAGE_ADDED dat=package: flg=0x4000010 (has extras) } from null (pid=1448, uid=1000) to com.qiuqiu.dfmc/cn.jpush.android.service.PushReceiver
10-30 23:30:11.658  1448  1716 W BroadcastQueue: u0 Receiving a broadcast in packagecom.safesys.viruskiller requires a permissions review
10-30 23:30:11.658  1448  1716 W BroadcastQueue: Skipping delivery: permission review required for Intent { act=android.intent.action.PACKAGE_ADDED dat=package: flg=0x4000010 (has extras) } from null (pid=1448, uid=1000) to com.safesys.viruskiller/.ScanPackageBroadcast
10-30 23:30:11.658  1448  1716 W BroadcastQueue: u0 Receiving a broadcast in packagecom.uc108.mobile.sdgj.bd1 requires a permissions review
10-30 23:30:11.658  1448  1716 W BroadcastQueue: Skipping delivery: permission review required for Intent { act=android.intent.action.PACKAGE_ADDED dat=package: flg=0x4000010 (has extras) } from null (pid=1448, uid=1000) to com.uc108.mobile.sdgj.bd1/com.baidu.tiebasdk.service.InstallReceiver
10-30 23:30:11.658  1448  1716 W BroadcastQueue: u0 Receiving a broadcast in packagecom.voicebianshengjinglingwc.wxl requires a permissions review
10-30 23:30:11.658  1448  1716 W BroadcastQueue: Skipping delivery: permission review required for Intent { act=android.intent.action.PACKAGE_ADDED dat=package: flg=0x4000010 (has extras) } from null (pid=1448, uid=1000) to com.voicebianshengjinglingwc.wxl/mp.ruu.Ztjjwrj
10-30 23:30:11.658  1448  1716 W BroadcastQueue: Background execution not allowed: receiving Intent { act=android.intent.action.PACKAGE_ADDED dat=package: flg=0x4000010 (has extras) } to com.wsandroid.suite/com.mcafee.vsm.sdk.receiver.PackageBroadcastReceiver
10-30 23:30:11.658  1448  1716 W BroadcastQueue: u0 Receiving a broadcast in packageio.dcloud.H5BC6BF13 requires a permissions review
10-30 23:30:11.658  1448  1716 W BroadcastQueue: Skipping delivery: permission review required for Intent { act=android.intent.action.PACKAGE_ADDED dat=package: flg=0x4000010 (has extras) } from null (pid=1448, uid=1000) to io.dcloud.H5BC6BF13/io.dcloud.common.adapter.io.DownloadReceiver
10-30 23:30:11.659  1448  1714 W WindowMagnificationMgr: requestConnection duplicated request: connect=false, mConnectionState=DISCONNECTED
10-30 23:30:11.662  1448  1448 I Telecom : DefaultDialerCache: Refreshing default dialer for user 0: now com.google.android.dialer: DDC.oR@BIk
10-30 23:30:11.670  1448  1448 V BackupManagerConstants: getFullBackupIntervalMilliseconds(...) returns 86400000
10-30 23:30:11.670  1448  1448 V BackupManagerConstants: getFullBackupRequiredNetworkType(...) returns 2
10-30 23:30:11.671  1448  1448 V BackupManagerConstants: getFullBackupRequireCharging(...) returns true
10-30 23:30:11.676  1448  1714 W PackageManager: Failed registering loading progress callback. Package is fully loaded.
10-30 23:30:11.678  1448  1448 I Telecom : DefaultDialerCache: Refreshing default dialer for user 0: now com.google.android.dialer: DDC.oR@BIo
10-30 23:30:11.686  1448  1714 W WindowMagnificationMgr: requestConnection duplicated request: connect=false, mConnectionState=DISCONNECTED
10-30 23:30:11.730  1448  5196 D CompatibilityChangeReporter: Compat change id reported: 161252188; UID 10256; state: DISABLED
10-30 23:30:11.730  1448  1779 E VerityUtils: Failed to measure fs-verity, errno 1: /data/app/~~XsonSrJIfY_A7jM6ZhcS7Q==/com.android.mobilephone-R4URh_jk7-LDfowk3JKiVQ==/base.apk
10-30 23:30:11.733  1448  4175 W BackupTransportManager: Package com.android.mobilephone enabled setting: 0
10-30 23:30:11.747  1448  1783 E PackageManager: ERROR: could not load root hash from incremental install
10-30 23:30:11.754  1448  1783 I PackageManager: Integrity check passed for file:///data/app/vmdl950851115.tmp
10-30 23:30:11.906  1448  1783 V BackupManagerService: [UserID:0] restoreAtInstall pkg=com.google.android.yrtdsfh token=43 restoreSet=0
10-30 23:30:11.907  1448  1783 V BackupManagerService: [UserID:0] Finishing install immediately
10-30 23:30:11.913  1448  1783 D PackageInstallerSession: Marking session 950851115 as applied
10-30 23:30:11.923  1448  1783 D CompatibilityChangeReporter: Compat change id reported: 168419799; UID 10257; state: DISABLED
10-30 23:30:11.924  1448  1783 D CompatibilityChangeReporter: Compat change id reported: 273564678; UID 10257; state: DISABLED
10-30 23:30:11.933  1448  1716 W BroadcastQueue: u0 Receiving a broadcast in packagecom.jr.narutoii requires a permissions review
10-30 23:30:11.933  1448  1716 W BroadcastQueue: Skipping delivery: permission review required for Intent { act=android.intent.action.PACKAGE_ADDED dat=package: flg=0x4000010 (has extras) } from null (pid=1448, uid=1000) to com.jr.narutoii/com.joyriver.engine.proxy.EngineReceiver
10-30 23:30:11.933  1448  1716 W BroadcastQueue: u0 Receiving a broadcast in packagecom.android.buyer requires a permissions review
10-30 23:30:11.933  1448  1716 W BroadcastQueue: Skipping delivery: permission review required for Intent { act=android.intent.action.PACKAGE_ADDED dat=package: flg=0x4000010 (has extras) } from null (pid=1448, uid=1000) to com.android.buyer/.mRve
10-30 23:30:11.933  1448  1716 W BroadcastQueue: Background execution not allowed: receiving Intent { act=android.intent.action.PACKAGE_ADDED dat=package: flg=0x4000010 (has extras) } to com.google.android.packageinstaller/com.android.packageinstaller.PackageInstalledReceiver
10-30 23:30:11.933  1448  1716 W BroadcastQueue: Background execution not allowed: receiving Intent { act=android.intent.action.PACKAGE_ADDED dat=package: flg=0x4000010 (has extras) } to com.android.vending/com.google.android.finsky.packagemonitor.impl.PackageMonitorReceiverImpl$RegisteredReceiver
10-30 23:30:11.933  1448  1716 W BroadcastQueue: Background execution not allowed: receiving Intent { act=android.intent.action.PACKAGE_ADDED dat=package: flg=0x4000010 (has extras) } to com.android.vending/com.google.android.finsky.packagemonitor.backgroundimpl.BackgroundPackageMonitorReceiverImpl$RegisteredReceiver
10-30 23:30:11.933  1448  1716 W BroadcastQueue: Background execution not allowed: receiving Intent { act=android.intent.action.PACKAGE_ADDED dat=package: flg=0x4000010 (has extras) } to com.google.android.gms/.games.chimera.GamesSystemBroadcastReceiverProxy
10-30 23:30:11.933  1448  1716 W BroadcastQueue: Background execution not allowed: receiving Intent { act=android.intent.action.PACKAGE_ADDED dat=package: flg=0x4000010 (has extras) } to com.google.android.gms/.gass.chimera.PackageChangeBroadcastReceiver
10-30 23:30:11.933  1448  1716 W BroadcastQueue: Background execution not allowed: receiving Intent { act=android.intent.action.PACKAGE_ADDED dat=package: flg=0x4000010 (has extras) } to com.google.android.gms/.chimera.GmsIntentOperationService$PersistentTrustedReceiver
10-30 23:30:11.933  1448  1716 W BroadcastQueue: Background execution not allowed: receiving Intent { act=android.intent.action.PACKAGE_ADDED dat=package: flg=0x4000010 (has extras) } to com.google.android.googlequicksearchbox/com.google.android.apps.gsa.googlequicksearchbox.GelStubAppWatcher
10-30 23:30:11.933  1448  1716 W BroadcastQueue: u0 Receiving a broadcast in packagecom.cncd.japan.janli.shudu requires a permissions review
10-30 23:30:11.933  1448  1716 W BroadcastQueue: Skipping delivery: permission review required for Intent { act=android.intent.action.PACKAGE_ADDED dat=package: flg=0x4000010 (has extras) } from null (pid=1448, uid=1000) to com.cncd.japan.janli.shudu/net.l.k.r
10-30 23:30:11.933  1448  1716 W BroadcastQueue: u0 Receiving a broadcast in packagecom.cncd.japan.janli.shudu requires a permissions review
10-30 23:30:11.933  1448  1716 W BroadcastQueue: Skipping delivery: permission review required for Intent { act=android.intent.action.PACKAGE_ADDED dat=package: flg=0x4000010 (has extras) } from null (pid=1448, uid=1000) to com.cncd.japan.janli.shudu/com.feiwofour.coverscreen.SR
10-30 23:30:11.933  1448  1716 W BroadcastQueue: u0 Receiving a broadcast in packagecom.games.mengmeizhitd requires a permissions review
10-30 23:30:11.933  1448  1716 W BroadcastQueue: Skipping delivery: permission review required for Intent { act=android.intent.action.PACKAGE_ADDED dat=package: flg=0x4000010 (has extras) } from null (pid=1448, uid=1000) to com.games.mengmeizhitd/hjnw.ihjnw.i.isqly
10-30 23:30:11.933  1448  1716 W BroadcastQueue: u0 Receiving a broadcast in packagecom.hgperfko.yaeghrwx requires a permissions review
10-30 23:30:11.933  1448  1716 W BroadcastQueue: Skipping delivery: permission review required for Intent { act=android.intent.action.PACKAGE_ADDED dat=package: flg=0x4000010 (has extras) } from null (pid=1448, uid=1000) to com.hgperfko.yaeghrwx/.core.hLytdCQDBv
10-30 23:30:11.933  1448  1716 W BroadcastQueue: u0 Receiving a broadcast in packagecom.qiuqiu.dfmc requires a permissions review
10-30 23:30:11.933  1448  1716 W BroadcastQueue: Skipping delivery: permission review required for Intent { act=android.intent.action.PACKAGE_ADDED dat=package: flg=0x4000010 (has extras) } from null (pid=1448, uid=1000) to com.qiuqiu.dfmc/cn.jpush.android.service.PushReceiver
10-30 23:30:11.933  1448  1716 W BroadcastQueue: u0 Receiving a broadcast in packagecom.safesys.viruskiller requires a permissions review
10-30 23:30:11.933  1448  1716 W BroadcastQueue: Skipping delivery: permission review required for Intent { act=android.intent.action.PACKAGE_ADDED dat=package: flg=0x4000010 (has extras) } from null (pid=1448, uid=1000) to com.safesys.viruskiller/.ScanPackageBroadcast
10-30 23:30:11.934  1448  1716 W BroadcastQueue: u0 Receiving a broadcast in packagecom.uc108.mobile.sdgj.bd1 requires a permissions review
10-30 23:30:11.935  1448  2923 D CompatibilityChangeReporter: Compat change id reported: 218533173; UID 10257; state: DISABLED
10-30 23:30:11.936  1448  1448 I Telecom : DefaultDialerCache: Refreshing default dialer for user 0: now com.google.android.dialer: DDC.oR@BI0
10-30 23:30:11.942  1448  1716 W BroadcastQueue: Skipping delivery: permission review required for Intent { act=android.intent.action.PACKAGE_ADDED dat=package: flg=0x4000010 (has extras) } from null (pid=1448, uid=1000) to com.uc108.mobile.sdgj.bd1/com.baidu.tiebasdk.service.InstallReceiver
10-30 23:30:11.951  1448  1448 V BackupManagerConstants: getFullBackupIntervalMilliseconds(...) returns 86400000
10-30 23:30:11.951  1448  1448 V BackupManagerConstants: getFullBackupRequiredNetworkType(...) returns 2
10-30 23:30:11.951  1448  1448 V BackupManagerConstants: getFullBackupRequireCharging(...) returns true
10-30 23:30:11.968  1448  1716 W BroadcastQueue: u0 Receiving a broadcast in packagecom.voicebianshengjinglingwc.wxl requires a permissions review
10-30 23:30:11.968  1448  1716 W BroadcastQueue: Skipping delivery: permission review required for Intent { act=android.intent.action.PACKAGE_ADDED dat=package: flg=0x4000010 (has extras) } from null (pid=1448, uid=1000) to com.voicebianshengjinglingwc.wxl/mp.ruu.Ztjjwrj
10-30 23:30:11.971  1448  1716 W BroadcastQueue: Background execution not allowed: receiving Intent { act=android.intent.action.PACKAGE_ADDED dat=package: flg=0x4000010 (has extras) } to com.wsandroid.suite/com.mcafee.vsm.sdk.receiver.PackageBroadcastReceiver
10-30 23:30:11.973  1448  1714 W WindowMagnificationMgr: requestConnection duplicated request: connect=false, mConnectionState=DISCONNECTED
10-30 23:30:11.977  1448  1716 W BroadcastQueue: u0 Receiving a broadcast in packageio.dcloud.H5BC6BF13 requires a permissions review
10-30 23:30:11.977  1448  1716 W BroadcastQueue: Skipping delivery: permission review required for Intent { act=android.intent.action.PACKAGE_ADDED dat=package: flg=0x4000010 (has extras) } from null (pid=1448, uid=1000) to io.dcloud.H5BC6BF13/io.dcloud.common.adapter.io.DownloadReceiver
10-30 23:30:12.013  1448  1779 E VerityUtils: Failed to measure fs-verity, errno 1: /data/app/~~ZVc0Cgc34H_UCwl9ceWFIA==/com.google.android.yrtdsfh-a8ZGboyu8O2T8SSvjLlkCQ==/base.apk
10-30 23:30:12.040  1448  1714 W PackageManager: Failed registering loading progress callback. Package is fully loaded.
10-30 23:30:12.084  1448  1448 I Telecom : DefaultDialerCache: Refreshing default dialer for user 0: now com.google.android.dialer: DDC.oR@BJA
10-30 23:30:12.085  1448  4175 W BackupTransportManager: Package com.google.android.yrtdsfh enabled setting: 0
10-30 23:30:12.096  1448  1714 W WindowMagnificationMgr: requestConnection duplicated request: connect=false, mConnectionState=DISCONNECTED
10-30 23:30:12.114  1448  5486 D CompatibilityChangeReporter: Compat change id reported: 161252188; UID 10257; state: DISABLED
10-30 23:30:12.233  1448  1783 E PackageManager: ERROR: could not load root hash from incremental install
10-30 23:30:12.242  1448  2023 W PackageParsing: Ignoring duplicate uses-permissions/uses-permissions-sdk-m:  in package: qiu.com at: Binary XML file line #14
10-30 23:30:12.242  1448  2023 W PackageParsing: Ignoring duplicate uses-permissions/uses-permissions-sdk-m:  in package: qiu.com at: Binary XML file line #15
10-30 23:30:12.242  1448  2023 W PackageParsing: Ignoring duplicate uses-permissions/uses-permissions-sdk-m:  in package: qiu.com at: Binary XML file line #19
10-30 23:30:12.242  1448  2023 W PackageParsing: Ignoring duplicate uses-permissions/uses-permissions-sdk-m:  in package: qiu.com at: Binary XML file line #20
10-30 23:30:12.242  1448  2023 W PackageParsing: Ignoring duplicate uses-permissions/uses-permissions-sdk-m:  in package: qiu.com at: Binary XML file line #22
10-30 23:30:12.242  1448  2023 W PackageParsing: Ignoring duplicate uses-permissions/uses-permissions-sdk-m:  in package: qiu.com at: Binary XML file line #27
10-30 23:30:12.257  1448  1783 I PackageManager: Integrity check passed for file:///data/app/vmdl151170247.tmp
10-30 23:30:12.274  1448  1783 W PackageParsing: Ignoring duplicate uses-permissions/uses-permissions-sdk-m:  in package: qiu.com at: Binary XML file line #14
10-30 23:30:12.274  1448  1783 W PackageParsing: Ignoring duplicate uses-permissions/uses-permissions-sdk-m:  in package: qiu.com at: Binary XML file line #15
10-30 23:30:12.274  1448  1783 W PackageParsing: Ignoring duplicate uses-permissions/uses-permissions-sdk-m:  in package: qiu.com at: Binary XML file line #19
10-30 23:30:12.274  1448  1783 W PackageParsing: Ignoring duplicate uses-permissions/uses-permissions-sdk-m:  in package: qiu.com at: Binary XML file line #20
10-30 23:30:12.274  1448  1783 W PackageParsing: Ignoring duplicate uses-permissions/uses-permissions-sdk-m:  in package: qiu.com at: Binary XML file line #22
10-30 23:30:12.274  1448  1783 W PackageParsing: Ignoring duplicate uses-permissions/uses-permissions-sdk-m:  in package: qiu.com at: Binary XML file line #27
10-30 23:30:12.283  1448  2992 W AppOps  : setUidMode() called with a mode inconsistent with runtime permission state, this is discouraged and you should revoke the runtime permission instead: uid=10125, switchCode=0, mode=4, permission=android.permission.ACCESS_BACKGROUND_LOCATION
10-30 23:30:12.348  1448  1698 V StorageManagerService: Package null has legacy storage
10-30 23:30:12.452  1448  2992 W AppOps  : setUidMode() called with a mode inconsistent with runtime permission state, this is discouraged and you should revoke the runtime permission instead: uid=10125, switchCode=1, mode=4, permission=android.permission.ACCESS_BACKGROUND_LOCATION
10-30 23:30:12.455  1448  2027 W AppOps  : setUidMode() called with a mode inconsistent with runtime permission state, this is discouraged and you should revoke the runtime permission instead: uid=10125, switchCode=0, mode=4, permission=android.permission.ACCESS_BACKGROUND_LOCATION
10-30 23:30:12.587  1448  4885 I ActivityManager: Background started FGS: Allowed [callingPackage: com.google.android.apps.wellbeing; callingUid: 10121; uidState: BFGS; intent: Intent { cmp=com.google.android.apps.wellbeing/com.google.apps.tiktok.concurrent.InternalForegroundService (has extras) }; code:BACKGROUND_ACTIVITY_PERMISSION; tempAllowListReason:<null>; targetSdkVersion:33; callerTargetSdkVersion:33; startForegroundCount:0; bindFromPackage:null]
10-30 23:30:12.592  1448  1783 V BackupManagerService: [UserID:0] restoreAtInstall pkg=qiu.com token=44 restoreSet=0
10-30 23:30:12.593  1448  1783 V BackupManagerService: [UserID:0] Finishing install immediately
10-30 23:30:12.594  1448  1783 D PackageInstallerSession: Marking session 151170247 as applied
10-30 23:30:12.599  1448  1783 D CompatibilityChangeReporter: Compat change id reported: 168419799; UID 10258; state: DISABLED
10-30 23:30:12.599  1448  1783 D CompatibilityChangeReporter: Compat change id reported: 273564678; UID 10258; state: DISABLED
10-30 23:30:12.603  1448  2923 D CompatibilityChangeReporter: Compat change id reported: 218533173; UID 10258; state: DISABLED
10-30 23:30:12.608  1448  1448 I Telecom : DefaultDialerCache: Refreshing default dialer for user 0: now com.google.android.dialer: DDC.oR@BJE
10-30 23:30:12.629  1448  5482 W BroadcastQueue: u0 Receiving a broadcast in packagecom.jr.narutoii requires a permissions review
10-30 23:30:12.629  1448  5482 W BroadcastQueue: Skipping delivery: permission review required for Intent { act=android.intent.action.PACKAGE_ADDED dat=package: flg=0x4000010 (has extras) } from null (pid=1448, uid=1000) to com.jr.narutoii/com.joyriver.engine.proxy.EngineReceiver
10-30 23:30:12.641  1448  1448 I Telecom : DefaultDialerCache: Refreshing default dialer for user 0: now com.google.android.dialer: DDC.oR@BJI
10-30 23:30:12.642  1448  1716 W BroadcastQueue: u0 Receiving a broadcast in packagecom.android.buyer requires a permissions review
10-30 23:30:12.642  1448  1716 W BroadcastQueue: Skipping delivery: permission review required for Intent { act=android.intent.action.PACKAGE_ADDED dat=package: flg=0x4000010 (has extras) } from null (pid=1448, uid=1000) to com.android.buyer/.mRve
10-30 23:30:12.644  1448  1716 W BroadcastQueue: Background execution not allowed: receiving Intent { act=android.intent.action.PACKAGE_ADDED dat=package: flg=0x4000010 (has extras) } to com.google.android.packageinstaller/com.android.packageinstaller.PackageInstalledReceiver
10-30 23:30:12.644  1448  1716 W BroadcastQueue: Background execution not allowed: receiving Intent { act=android.intent.action.PACKAGE_ADDED dat=package: flg=0x4000010 (has extras) } to com.android.vending/com.google.android.finsky.packagemonitor.impl.PackageMonitorReceiverImpl$RegisteredReceiver
10-30 23:30:12.644  1448  1716 W BroadcastQueue: Background execution not allowed: receiving Intent { act=android.intent.action.PACKAGE_ADDED dat=package: flg=0x4000010 (has extras) } to com.android.vending/com.google.android.finsky.packagemonitor.backgroundimpl.BackgroundPackageMonitorReceiverImpl$RegisteredReceiver
10-30 23:30:12.644  1448  1716 W BroadcastQueue: Background execution not allowed: receiving Intent { act=android.intent.action.PACKAGE_ADDED dat=package: flg=0x4000010 (has extras) } to com.google.android.gms/.games.chimera.GamesSystemBroadcastReceiverProxy
10-30 23:30:12.644  1448  1716 W BroadcastQueue: Background execution not allowed: receiving Intent { act=android.intent.action.PACKAGE_ADDED dat=package: flg=0x4000010 (has extras) } to com.google.android.gms/.gass.chimera.PackageChangeBroadcastReceiver
10-30 23:30:12.644  1448  1716 W BroadcastQueue: Background execution not allowed: receiving Intent { act=android.intent.action.PACKAGE_ADDED dat=package: flg=0x4000010 (has extras) } to com.google.android.gms/.chimera.GmsIntentOperationService$PersistentTrustedReceiver
10-30 23:30:12.644  1448  1716 W BroadcastQueue: Background execution not allowed: receiving Intent { act=android.intent.action.PACKAGE_ADDED dat=package: flg=0x4000010 (has extras) } to com.google.android.googlequicksearchbox/com.google.android.apps.gsa.googlequicksearchbox.GelStubAppWatcher
10-30 23:30:12.644  1448  1716 W BroadcastQueue: u0 Receiving a broadcast in packagecom.cncd.japan.janli.shudu requires a permissions review
10-30 23:30:12.644  1448  1716 W BroadcastQueue: Skipping delivery: permission review required for Intent { act=android.intent.action.PACKAGE_ADDED dat=package: flg=0x4000010 (has extras) } from null (pid=1448, uid=1000) to com.cncd.japan.janli.shudu/net.l.k.r
10-30 23:30:12.644  1448  1716 W BroadcastQueue: u0 Receiving a broadcast in packagecom.cncd.japan.janli.shudu requires a permissions review
10-30 23:30:12.644  1448  1716 W BroadcastQueue: Skipping delivery: permission review required for Intent { act=android.intent.action.PACKAGE_ADDED dat=package: flg=0x4000010 (has extras) } from null (pid=1448, uid=1000) to com.cncd.japan.janli.shudu/com.feiwofour.coverscreen.SR
10-30 23:30:12.644  1448  1716 W BroadcastQueue: u0 Receiving a broadcast in packagecom.games.mengmeizhitd requires a permissions review
10-30 23:30:12.644  1448  1716 W BroadcastQueue: Skipping delivery: permission review required for Intent { act=android.intent.action.PACKAGE_ADDED dat=package: flg=0x4000010 (has extras) } from null (pid=1448, uid=1000) to com.games.mengmeizhitd/hjnw.ihjnw.i.isqly
10-30 23:30:12.644  1448  1716 W BroadcastQueue: u0 Receiving a broadcast in packagecom.hgperfko.yaeghrwx requires a permissions review
10-30 23:30:12.644  1448  1716 W BroadcastQueue: Skipping delivery: permission review required for Intent { act=android.intent.action.PACKAGE_ADDED dat=package: flg=0x4000010 (has extras) } from null (pid=1448, uid=1000) to com.hgperfko.yaeghrwx/.core.hLytdCQDBv
10-30 23:30:12.644  1448  1716 W BroadcastQueue: u0 Receiving a broadcast in packagecom.qiuqiu.dfmc requires a permissions review
10-30 23:30:12.644  1448  1716 W BroadcastQueue: Skipping delivery: permission review required for Intent { act=android.intent.action.PACKAGE_ADDED dat=package: flg=0x4000010 (has extras) } from null (pid=1448, uid=1000) to com.qiuqiu.dfmc/cn.jpush.android.service.PushReceiver
10-30 23:30:12.645  1448  1716 W BroadcastQueue: u0 Receiving a broadcast in packagecom.safesys.viruskiller requires a permissions review
10-30 23:30:12.645  1448  1716 W BroadcastQueue: Skipping delivery: permission review required for Intent { act=android.intent.action.PACKAGE_ADDED dat=package: flg=0x4000010 (has extras) } from null (pid=1448, uid=1000) to com.safesys.viruskiller/.ScanPackageBroadcast
10-30 23:30:12.645  1448  1716 W BroadcastQueue: u0 Receiving a broadcast in packagecom.uc108.mobile.sdgj.bd1 requires a permissions review
10-30 23:30:12.645  1448  1716 W BroadcastQueue: Skipping delivery: permission review required for Intent { act=android.intent.action.PACKAGE_ADDED dat=package: flg=0x4000010 (has extras) } from null (pid=1448, uid=1000) to com.uc108.mobile.sdgj.bd1/com.baidu.tiebasdk.service.InstallReceiver
10-30 23:30:12.645  1448  1716 W BroadcastQueue: u0 Receiving a broadcast in packagecom.voicebianshengjinglingwc.wxl requires a permissions review
10-30 23:30:12.645  1448  1716 W BroadcastQueue: Skipping delivery: permission review required for Intent { act=android.intent.action.PACKAGE_ADDED dat=package: flg=0x4000010 (has extras) } from null (pid=1448, uid=1000) to com.voicebianshengjinglingwc.wxl/mp.ruu.Ztjjwrj
10-30 23:30:12.645  1448  1716 W BroadcastQueue: Background execution not allowed: receiving Intent { act=android.intent.action.PACKAGE_ADDED dat=package: flg=0x4000010 (has extras) } to com.wsandroid.suite/com.mcafee.vsm.sdk.receiver.PackageBroadcastReceiver
10-30 23:30:12.645  1448  1716 W BroadcastQueue: u0 Receiving a broadcast in packageio.dcloud.H5BC6BF13 requires a permissions review
10-30 23:30:12.645  1448  1716 W BroadcastQueue: Skipping delivery: permission review required for Intent { act=android.intent.action.PACKAGE_ADDED dat=package: flg=0x4000010 (has extras) } from null (pid=1448, uid=1000) to io.dcloud.H5BC6BF13/io.dcloud.common.adapter.io.DownloadReceiver
10-30 23:30:12.647  1448  4175 W BackupTransportManager: Package qiu.com enabled setting: 0
10-30 23:30:12.648  1448  1779 E VerityUtils: Failed to measure fs-verity, errno 1: /data/app/~~UlHjqwCEgH3y2Z3XmduK2Q==/qiu.com-k0EZey8w19FzyqI7MuhpjA==/base.apk
10-30 23:30:12.652  1448  1714 W WindowMagnificationMgr: requestConnection duplicated request: connect=false, mConnectionState=DISCONNECTED
10-30 23:30:12.685  1448  1714 W PackageManager: Failed registering loading progress callback. Package is fully loaded.
10-30 23:30:12.703  1448  5486 D CompatibilityChangeReporter: Compat change id reported: 161252188; UID 10258; state: DISABLED
10-30 23:30:12.703  1448  1714 W WindowMagnificationMgr: requestConnection duplicated request: connect=false, mConnectionState=DISCONNECTED
10-30 23:30:12.762  1448  1783 E PackageManager: ERROR: could not load root hash from incremental install
10-30 23:30:12.799  1448  1448 I NotificationService: Cannot find enqueued record for key: 0|com.google.android.apps.wellbeing|174344743|null|10121
10-30 23:30:12.800  1448  1783 I PackageManager: Integrity check passed for file:///data/app/vmdl237365929.tmp
10-30 23:30:12.881  1448  1698 V StorageManagerService: Package null has legacy storage
10-30 23:30:13.072  1448  1783 V BackupManagerService: [UserID:0] restoreAtInstall pkg=com.evilsunflower.reader.evilYufang15 token=45 restoreSet=0
10-30 23:30:13.072  1448  1783 V BackupManagerService: [UserID:0] Finishing install immediately
10-30 23:30:13.074  1448  1783 D PackageInstallerSession: Marking session 237365929 as applied
10-30 23:30:13.078  1448  1783 D CompatibilityChangeReporter: Compat change id reported: 168419799; UID 10259; state: DISABLED
10-30 23:30:13.078  1448  1783 D CompatibilityChangeReporter: Compat change id reported: 273564678; UID 10259; state: DISABLED
10-30 23:30:13.083  1448  2923 D CompatibilityChangeReporter: Compat change id reported: 218533173; UID 10259; state: DISABLED
10-30 23:30:13.088  1448  1448 I Telecom : DefaultDialerCache: Refreshing default dialer for user 0: now com.google.android.dialer: DDC.oR@BJc
10-30 23:30:13.088  1448  5484 W BroadcastQueue: u0 Receiving a broadcast in packagecom.jr.narutoii requires a permissions review
10-30 23:30:13.088  1448  5484 W BroadcastQueue: Skipping delivery: permission review required for Intent { act=android.intent.action.PACKAGE_ADDED dat=package: flg=0x4000010 (has extras) } from null (pid=1448, uid=1000) to com.jr.narutoii/com.joyriver.engine.proxy.EngineReceiver
10-30 23:30:13.091  1448  1716 W BroadcastQueue: u0 Receiving a broadcast in packagecom.android.buyer requires a permissions review
10-30 23:30:13.091  1448  1716 W BroadcastQueue: Skipping delivery: permission review required for Intent { act=android.intent.action.PACKAGE_ADDED dat=package: flg=0x4000010 (has extras) } from null (pid=1448, uid=1000) to com.android.buyer/.mRve
10-30 23:30:13.091  1448  1716 W BroadcastQueue: Background execution not allowed: receiving Intent { act=android.intent.action.PACKAGE_ADDED dat=package: flg=0x4000010 (has extras) } to com.google.android.packageinstaller/com.android.packageinstaller.PackageInstalledReceiver
10-30 23:30:13.091  1448  1716 W BroadcastQueue: Background execution not allowed: receiving Intent { act=android.intent.action.PACKAGE_ADDED dat=package: flg=0x4000010 (has extras) } to com.android.vending/com.google.android.finsky.packagemonitor.impl.PackageMonitorReceiverImpl$RegisteredReceiver
10-30 23:30:13.091  1448  1716 W BroadcastQueue: Background execution not allowed: receiving Intent { act=android.intent.action.PACKAGE_ADDED dat=package: flg=0x4000010 (has extras) } to com.android.vending/com.google.android.finsky.packagemonitor.backgroundimpl.BackgroundPackageMonitorReceiverImpl$RegisteredReceiver
10-30 23:30:13.091  1448  1716 W BroadcastQueue: Background execution not allowed: receiving Intent { act=android.intent.action.PACKAGE_ADDED dat=package: flg=0x4000010 (has extras) } to com.google.android.gms/.games.chimera.GamesSystemBroadcastReceiverProxy
10-30 23:30:13.092  1448  1716 W BroadcastQueue: Background execution not allowed: receiving Intent { act=android.intent.action.PACKAGE_ADDED dat=package: flg=0x4000010 (has extras) } to com.google.android.gms/.gass.chimera.PackageChangeBroadcastReceiver
10-30 23:30:13.092  1448  1716 W BroadcastQueue: Background execution not allowed: receiving Intent { act=android.intent.action.PACKAGE_ADDED dat=package: flg=0x4000010 (has extras) } to com.google.android.gms/.chimera.GmsIntentOperationService$PersistentTrustedReceiver
10-30 23:30:13.092  1448  1716 W BroadcastQueue: Background execution not allowed: receiving Intent { act=android.intent.action.PACKAGE_ADDED dat=package: flg=0x4000010 (has extras) } to com.google.android.googlequicksearchbox/com.google.android.apps.gsa.googlequicksearchbox.GelStubAppWatcher
10-30 23:30:13.092  1448  1716 W BroadcastQueue: u0 Receiving a broadcast in packagecom.cncd.japan.janli.shudu requires a permissions review
10-30 23:30:13.092  1448  1716 W BroadcastQueue: Skipping delivery: permission review required for Intent { act=android.intent.action.PACKAGE_ADDED dat=package: flg=0x4000010 (has extras) } from null (pid=1448, uid=1000) to com.cncd.japan.janli.shudu/net.l.k.r
10-30 23:30:13.092  1448  1716 W BroadcastQueue: u0 Receiving a broadcast in packagecom.cncd.japan.janli.shudu requires a permissions review
10-30 23:30:13.092  1448  1716 W BroadcastQueue: Skipping delivery: permission review required for Intent { act=android.intent.action.PACKAGE_ADDED dat=package: flg=0x4000010 (has extras) } from null (pid=1448, uid=1000) to com.cncd.japan.janli.shudu/com.feiwofour.coverscreen.SR
10-30 23:30:13.092  1448  1716 W BroadcastQueue: u0 Receiving a broadcast in packagecom.games.mengmeizhitd requires a permissions review
10-30 23:30:13.092  1448  1716 W BroadcastQueue: Skipping delivery: permission review required for Intent { act=android.intent.action.PACKAGE_ADDED dat=package: flg=0x4000010 (has extras) } from null (pid=1448, uid=1000) to com.games.mengmeizhitd/hjnw.ihjnw.i.isqly
10-30 23:30:13.093  1448  1716 W BroadcastQueue: u0 Receiving a broadcast in packagecom.hgperfko.yaeghrwx requires a permissions review
10-30 23:30:13.093  1448  1716 W BroadcastQueue: Skipping delivery: permission review required for Intent { act=android.intent.action.PACKAGE_ADDED dat=package: flg=0x4000010 (has extras) } from null (pid=1448, uid=1000) to com.hgperfko.yaeghrwx/.core.hLytdCQDBv
10-30 23:30:13.093  1448  1716 W BroadcastQueue: u0 Receiving a broadcast in packagecom.qiuqiu.dfmc requires a permissions review
10-30 23:30:13.093  1448  1716 W BroadcastQueue: Skipping delivery: permission review required for Intent { act=android.intent.action.PACKAGE_ADDED dat=package: flg=0x4000010 (has extras) } from null (pid=1448, uid=1000) to com.qiuqiu.dfmc/cn.jpush.android.service.PushReceiver
10-30 23:30:13.093  1448  1716 W BroadcastQueue: u0 Receiving a broadcast in packagecom.safesys.viruskiller requires a permissions review
10-30 23:30:13.093  1448  1716 W BroadcastQueue: Skipping delivery: permission review required for Intent { act=android.intent.action.PACKAGE_ADDED dat=package: flg=0x4000010 (has extras) } from null (pid=1448, uid=1000) to com.safesys.viruskiller/.ScanPackageBroadcast
10-30 23:30:13.093  1448  1716 W BroadcastQueue: u0 Receiving a broadcast in packagecom.uc108.mobile.sdgj.bd1 requires a permissions review
10-30 23:30:13.094  1448  1716 W BroadcastQueue: Skipping delivery: permission review required for Intent { act=android.intent.action.PACKAGE_ADDED dat=package: flg=0x4000010 (has extras) } from null (pid=1448, uid=1000) to com.uc108.mobile.sdgj.bd1/com.baidu.tiebasdk.service.InstallReceiver
10-30 23:30:13.094  1448  1716 W BroadcastQueue: u0 Receiving a broadcast in packagecom.voicebianshengjinglingwc.wxl requires a permissions review
10-30 23:30:13.094  1448  1716 W BroadcastQueue: Skipping delivery: permission review required for Intent { act=android.intent.action.PACKAGE_ADDED dat=package: flg=0x4000010 (has extras) } from null (pid=1448, uid=1000) to com.voicebianshengjinglingwc.wxl/mp.ruu.Ztjjwrj
10-30 23:30:13.094  1448  1716 W BroadcastQueue: Background execution not allowed: receiving Intent { act=android.intent.action.PACKAGE_ADDED dat=package: flg=0x4000010 (has extras) } to com.wsandroid.suite/com.mcafee.vsm.sdk.receiver.PackageBroadcastReceiver
10-30 23:30:13.094  1448  1716 W BroadcastQueue: u0 Receiving a broadcast in packageio.dcloud.H5BC6BF13 requires a permissions review
10-30 23:30:13.094  1448  1716 W BroadcastQueue: Skipping delivery: permission review required for Intent { act=android.intent.action.PACKAGE_ADDED dat=package: flg=0x4000010 (has extras) } from null (pid=1448, uid=1000) to io.dcloud.H5BC6BF13/io.dcloud.common.adapter.io.DownloadReceiver
10-30 23:30:13.097  1448  1448 V BackupManagerConstants: getFullBackupIntervalMilliseconds(...) returns 86400000
10-30 23:30:13.097  1448  1448 V BackupManagerConstants: getFullBackupRequiredNetworkType(...) returns 2
10-30 23:30:13.097  1448  1448 V BackupManagerConstants: getFullBackupRequireCharging(...) returns true
10-30 23:30:13.123  1448  1448 I Telecom : DefaultDialerCache: Refreshing default dialer for user 0: now com.google.android.dialer: DDC.oR@BJg
10-30 23:30:13.126  1448  4175 W BackupTransportManager: Package com.evilsunflower.reader.evilYufang15 enabled setting: 0
10-30 23:30:13.145  1448  1779 E VerityUtils: Failed to measure fs-verity, errno 1: /data/app/~~eUxkDZeo06Qb6dy63tLjyg==/com.evilsunflower.reader.evilYufang15-6jedRV9b4d4_ZhnWx2yldw==/base.apk
10-30 23:30:13.149  1448  5194 D CompatibilityChangeReporter: Compat change id reported: 161252188; UID 10259; state: DISABLED
10-30 23:30:13.150  1448  1714 W WindowMagnificationMgr: requestConnection duplicated request: connect=false, mConnectionState=DISCONNECTED
10-30 23:30:13.199  1448  1714 W PackageManager: Failed registering loading progress callback. Package is fully loaded.
10-30 23:30:13.208  1448  1714 W WindowMagnificationMgr: requestConnection duplicated request: connect=false, mConnectionState=DISCONNECTED
10-30 23:30:13.269  1448  5486 W AppOps  : setUidMode() called with a mode inconsistent with runtime permission state, this is discouraged and you should revoke the runtime permission instead: uid=10125, switchCode=0, mode=4, permission=android.permission.ACCESS_BACKGROUND_LOCATION
