10-31 00:10:26.475 16936 16936 W TransactionExecutor: tId:-731844561     LaunchActivityItem{intent=Intent { flg=0x14800000 cmp=com.nqmobile.antivirus20/com.netqin.antivirus.scan.ui.MonitorVirusTip (has extras) },ident=113342829,info=ActivityInfo{ba5b313 com.netqin.antivirus.scan.ui.MonitorVirusTip},curConfig={1.0 ?mcc?mnc [en_US] ldltr sw393dp w393dp h737dp 440dpi nrml long port night finger -keyb/v/h -nav/h winConfig={ mBounds=Rect(0, 0 - 1080, 2246) mAppBounds=Rect(0, 86 - 1080, 2114) mMaxBounds=Rect(0, 0 - 1080, 2246) mDisplayRotation=ROTATION_0 mWindowingMode=fullscreen mDisplayWindowingMode=fullscreen mActivityType=undefined mAlwaysOnTop=undefined mRotation=ROTATION_0} as.2 s.91 fontWeightAdjustment=0},overrideConfig={1.0 ?mcc?mnc [en_US] ldltr sw393dp w393dp h737dp 440dpi nrml long port night finger -keyb/v/h -nav/h winConfig={ mBounds=Rect(0, 0 - 1080, 2246) mAppBounds=Rect(0, 86 - 1080, 2114) mMaxBounds=Rect(0, 0 - 1080, 2246) mDisplayRotation=ROTATION_0 mWindowingMode=fullscreen mDisplayWindowingMode=fullscreen mActivityType=standard mAlwaysOnTop=undefined mRotation=ROTATION_0} as.2 s.1 fontWeightAdjustment=0},referrer=com.nqmobile.antivirus20,procState=2,state=null,persistentState=null,pendingResults=null,pendingNewIntents=null,options=null,profilerInfo=null,assistToken=android.os.BinderProxy@ce4734d,shareableActivityToken=android.os.BinderProxy@2f4be02}
10-31 00:10:26.475 16936 16936 W TransactionExecutor: tId:-731844561   ]
10-31 00:10:26.475 16936 16936 W TransactionExecutor: tId:-731844561   stateRequest=ResumeActivityItem{procState=-1,updateProcState=false,isForward=true,shouldSendCompatFakeFocus=false}
10-31 00:10:26.475 16936 16936 W TransactionExecutor: tId:-731844561 }
10-31 00:10:26.475 16936 16936 W TransactionExecutor: tId:-731844561 Target activity: Not found for token: android.os.BinderProxy@12ca02e
10-31 00:10:26.475 16936 16936 W TransactionExecutor: tId:-426732581 Skip pre-destroyed transaction:
10-31 00:10:26.475 16936 16936 W TransactionExecutor: tId:-426732581 ClientTransaction{
10-31 00:10:26.475 16936 16936 W TransactionExecutor: tId:-426732581   callbacks=[
10-31 00:10:26.475 16936 16936 W TransactionExecutor: tId:-426732581     TopResumedActivityChangeItem{onTop=true}
10-31 00:10:26.475 16936 16936 W TransactionExecutor: tId:-426732581   ]
10-31 00:10:26.475 16936 16936 W TransactionExecutor: tId:-426732581   stateRequest=null
10-31 00:10:26.475 16936 16936 W TransactionExecutor: tId:-426732581 }
10-31 00:10:26.475 16936 16936 W TransactionExecutor: tId:-426732581 Target activity: Not found for token: android.os.BinderProxy@12ca02e
10-31 00:10:26.478  1468  1550 D OomAdjuster: Not killing cached processes
10-31 00:10:26.481 16936 16936 W TransactionExecutor: tId:-426762372 Skip pre-destroyed transaction:
10-31 00:10:26.481 16936 16936 W TransactionExecutor: tId:-426762372 ClientTransaction{
10-31 00:10:26.481 16936 16936 W TransactionExecutor: tId:-426762372   callbacks=[
10-31 00:10:26.481 16936 16936 W TransactionExecutor: tId:-426762372     TopResumedActivityChangeItem{onTop=false}
10-31 00:10:26.481 16936 16936 W TransactionExecutor: tId:-426762372   ]
10-31 00:10:26.481 16936 16936 W TransactionExecutor: tId:-426762372   stateRequest=null
10-31 00:10:26.481 16936 16936 W TransactionExecutor: tId:-426762372 }
10-31 00:10:26.481 16936 16936 W TransactionExecutor: tId:-426762372 Target activity: Not found for token: android.os.BinderProxy@12ca02e
10-31 00:10:26.482 16936 16936 W TransactionExecutor: tId:7152345 Skip pre-destroyed transaction:
10-31 00:10:26.482 16936 16936 W TransactionExecutor: tId:7152345 ClientTransaction{
10-31 00:10:26.482 16936 16936 W TransactionExecutor: tId:7152345   callbacks=[]
10-31 00:10:26.482 16936 16936 W TransactionExecutor: tId:7152345   stateRequest=PauseActivityItem{finished=true,userLeaving=false,configChanges=0,dontReport=false,autoEnteringPip=false}
10-31 00:10:26.482 16936 16936 W TransactionExecutor: tId:7152345 }
10-31 00:10:26.482 16936 16936 W TransactionExecutor: tId:7152345 Target activity: Not found for token: android.os.BinderProxy@12ca02e
10-31 00:10:26.517  1468  1468 I NotificationService: Cannot find enqueued record for key: 0|com.google.android.apps.wellbeing|174344743|null|10121
10-31 00:10:26.607  1468  1817 V BackupManagerService: [UserID:0] restoreAtInstall pkg=com.yoojar.zlsg.baidu token=46 restoreSet=0
10-31 00:10:26.607  1468  1817 V BackupManagerService: [UserID:0] Finishing install immediately
10-31 00:10:26.609  1468  1817 D PackageInstallerSession: Marking session 1127871824 as applied
10-31 00:10:26.613  1468  1817 D CompatibilityChangeReporter: Compat change id reported: 168419799; UID 10260; state: DISABLED
10-31 00:10:26.613  1468  1817 D CompatibilityChangeReporter: Compat change id reported: 273564678; UID 10260; state: DISABLED
10-31 00:10:26.617  1468  2919 D CompatibilityChangeReporter: Compat change id reported: 218533173; UID 10260; state: DISABLED
10-31 00:10:26.618  1468  5405 W BroadcastQueue: u0 Receiving a broadcast in packagecom.jr.narutoii requires a permissions review
10-31 00:10:26.618  1468  5405 W BroadcastQueue: Skipping delivery: permission review required for Intent { act=android.intent.action.PACKAGE_ADDED dat=package: flg=0x4000010 (has extras) } from null (pid=1468, uid=1000) to com.jr.narutoii/com.joyriver.engine.proxy.EngineReceiver
10-31 00:10:26.619  1468  1701 W BroadcastQueue: u0 Receiving a broadcast in packagecom.android.buyer requires a permissions review
10-31 00:10:26.619  1468  1701 W BroadcastQueue: Skipping delivery: permission review required for Intent { act=android.intent.action.PACKAGE_ADDED dat=package: flg=0x4000010 (has extras) } from null (pid=1468, uid=1000) to com.android.buyer/.mRve
10-31 00:10:26.619  1468  1701 W BroadcastQueue: Background execution not allowed: receiving Intent { act=android.intent.action.PACKAGE_ADDED dat=package: flg=0x4000010 (has extras) } to com.google.android.packageinstaller/com.android.packageinstaller.PackageInstalledReceiver
10-31 00:10:26.619  1468  1701 W BroadcastQueue: Background execution not allowed: receiving Intent { act=android.intent.action.PACKAGE_ADDED dat=package: flg=0x4000010 (has extras) } to com.android.vending/com.google.android.finsky.packagemonitor.impl.PackageMonitorReceiverImpl$RegisteredReceiver
10-31 00:10:26.620  1468  1701 W BroadcastQueue: Background execution not allowed: receiving Intent { act=android.intent.action.PACKAGE_ADDED dat=package: flg=0x4000010 (has extras) } to com.android.vending/com.google.android.finsky.packagemonitor.backgroundimpl.BackgroundPackageMonitorReceiverImpl$RegisteredReceiver
10-31 00:10:26.620  1468  1701 W BroadcastQueue: Background execution not allowed: receiving Intent { act=android.intent.action.PACKAGE_ADDED dat=package: flg=0x4000010 (has extras) } to com.google.android.gms/.games.chimera.GamesSystemBroadcastReceiverProxy
10-31 00:10:26.620  1468  1701 W BroadcastQueue: Background execution not allowed: receiving Intent { act=android.intent.action.PACKAGE_ADDED dat=package: flg=0x4000010 (has extras) } to com.google.android.gms/.gass.chimera.PackageChangeBroadcastReceiver
10-31 00:10:26.620  1468  1701 W BroadcastQueue: Background execution not allowed: receiving Intent { act=android.intent.action.PACKAGE_ADDED dat=package: flg=0x4000010 (has extras) } to com.google.android.gms/.chimera.GmsIntentOperationService$PersistentTrustedReceiver
10-31 00:10:26.620  1468  1701 W BroadcastQueue: Background execution not allowed: receiving Intent { act=android.intent.action.PACKAGE_ADDED dat=package: flg=0x4000010 (has extras) } to com.google.android.googlequicksearchbox/com.google.android.apps.gsa.googlequicksearchbox.GelStubAppWatcher
10-31 00:10:26.620  1468  1701 W BroadcastQueue: u0 Receiving a broadcast in packagecom.cncd.japan.janli.shudu requires a permissions review
10-31 00:10:26.620  1468  1701 W BroadcastQueue: Skipping delivery: permission review required for Intent { act=android.intent.action.PACKAGE_ADDED dat=package: flg=0x4000010 (has extras) } from null (pid=1468, uid=1000) to com.cncd.japan.janli.shudu/net.l.k.r
10-31 00:10:26.620  1468  1701 W BroadcastQueue: u0 Receiving a broadcast in packagecom.cncd.japan.janli.shudu requires a permissions review
10-31 00:10:26.620  1468  1701 W BroadcastQueue: Skipping delivery: permission review required for Intent { act=android.intent.action.PACKAGE_ADDED dat=package: flg=0x4000010 (has extras) } from null (pid=1468, uid=1000) to com.cncd.japan.janli.shudu/com.feiwofour.coverscreen.SR
10-31 00:10:26.620  1468  1701 W BroadcastQueue: u0 Receiving a broadcast in packagecom.games.mengmeizhitd requires a permissions review
10-31 00:10:26.620  1468  1701 W BroadcastQueue: Skipping delivery: permission review required for Intent { act=android.intent.action.PACKAGE_ADDED dat=package: flg=0x4000010 (has extras) } from null (pid=1468, uid=1000) to com.games.mengmeizhitd/hjnw.ihjnw.i.isqly
10-31 00:10:26.620  1468  1701 W BroadcastQueue: u0 Receiving a broadcast in packagecom.hgperfko.yaeghrwx requires a permissions review
10-31 00:10:26.620  1468  1701 W BroadcastQueue: Skipping delivery: permission review required for Intent { act=android.intent.action.PACKAGE_ADDED dat=package: flg=0x4000010 (has extras) } from null (pid=1468, uid=1000) to com.hgperfko.yaeghrwx/.core.hLytdCQDBv
10-31 00:10:26.620  1468  1701 W BroadcastQueue: u0 Receiving a broadcast in packagecom.qiuqiu.dfmc requires a permissions review
10-31 00:10:26.620  1468  1701 W BroadcastQueue: Skipping delivery: permission review required for Intent { act=android.intent.action.PACKAGE_ADDED dat=package: flg=0x4000010 (has extras) } from null (pid=1468, uid=1000) to com.qiuqiu.dfmc/cn.jpush.android.service.PushReceiver
10-31 00:10:26.620  1468  1701 W BroadcastQueue: u0 Receiving a broadcast in packagecom.safesys.viruskiller requires a permissions review
10-31 00:10:26.620  1468  1701 W BroadcastQueue: Skipping delivery: permission review required for Intent { act=android.intent.action.PACKAGE_ADDED dat=package: flg=0x4000010 (has extras) } from null (pid=1468, uid=1000) to com.safesys.viruskiller/.ScanPackageBroadcast
10-31 00:10:26.620  1468  1701 W BroadcastQueue: u0 Receiving a broadcast in packagecom.uc108.mobile.sdgj.bd1 requires a permissions review
10-31 00:10:26.620  1468  1701 W BroadcastQueue: Skipping delivery: permission review required for Intent { act=android.intent.action.PACKAGE_ADDED dat=package: flg=0x4000010 (has extras) } from null (pid=1468, uid=1000) to com.uc108.mobile.sdgj.bd1/com.baidu.tiebasdk.service.InstallReceiver
10-31 00:10:26.620  1468  1701 W BroadcastQueue: u0 Receiving a broadcast in packagecom.voicebianshengjinglingwc.wxl requires a permissions review
10-31 00:10:26.620  1468  1701 W BroadcastQueue: Skipping delivery: permission review required for Intent { act=android.intent.action.PACKAGE_ADDED dat=package: flg=0x4000010 (has extras) } from null (pid=1468, uid=1000) to com.voicebianshengjinglingwc.wxl/mp.ruu.Ztjjwrj
10-31 00:10:26.621  1468  1701 W BroadcastQueue: u0 Receiving a broadcast in packageio.dcloud.H5BC6BF13 requires a permissions review
10-31 00:10:26.621  1468  1701 W BroadcastQueue: Skipping delivery: permission review required for Intent { act=android.intent.action.PACKAGE_ADDED dat=package: flg=0x4000010 (has extras) } from null (pid=1468, uid=1000) to io.dcloud.H5BC6BF13/io.dcloud.common.adapter.io.DownloadReceiver
10-31 00:10:26.623  1468  1468 I Telecom : DefaultDialerCache: Refreshing default dialer for user 0: now com.google.android.dialer: DDC.oR@BNg
10-31 00:10:26.627  1468  1468 V BackupManagerConstants: getFullBackupIntervalMilliseconds(...) returns 86400000
10-31 00:10:26.627  1468  1468 V BackupManagerConstants: getFullBackupRequiredNetworkType(...) returns 2
10-31 00:10:26.627  1468  1468 V BackupManagerConstants: getFullBackupRequireCharging(...) returns true
10-31 00:10:26.676  1468  5457 D CompatibilityChangeReporter: Compat change id reported: 161252188; UID 10260; state: DISABLED
10-31 00:10:26.680  1468  1813 E VerityUtils: Failed to measure fs-verity, errno 1: /data/app/~~ZPxshInjI6hiwjFn7XZ1YQ==/com.yoojar.zlsg.baidu-MW842D4CcyapORgpKZmdqg==/base.apk
10-31 00:10:26.682  1468  1699 W WindowMagnificationMgr: requestConnection duplicated request: connect=false, mConnectionState=DISCONNECTED
10-31 00:10:26.728  1468  1468 I Telecom : DefaultDialerCache: Refreshing default dialer for user 0: now com.google.android.dialer: DDC.oR@BOU
10-31 00:10:26.729  1468  4179 W BackupTransportManager: Package com.yoojar.zlsg.baidu enabled setting: 0
10-31 00:10:26.731  1468  1699 W PackageManager: Failed registering loading progress callback. Package is fully loaded.
10-31 00:10:26.757  1468  1699 W WindowMagnificationMgr: requestConnection duplicated request: connect=false, mConnectionState=DISCONNECTED
10-31 00:10:26.816  1468  5463 W BroadcastQueue: u0 Receiving a broadcast in packagecom.yoojar.zlsg.baidu requires a permissions review
10-31 00:10:26.816  1468  5463 W BroadcastQueue: Skipping delivery: permission review required for Intent { act=android.intent.action.PACKAGE_CHANGED dat=package: flg=0x5000010 (has extras) } from null (pid=1468, uid=1000) to com.yoojar.zlsg.baidu/com.duoku.platform.download.broadcast.AppMonitorReceiver
10-31 00:10:26.938  1468  1689 W ActivityTaskManager: Activity top resumed state loss timeout for ActivityRecord{6b5e8c3 u0 com.nqmobile.antivirus20/com.netqin.antivirus.scan.ui.MonitorVirusTip} t21 f}}
10-31 00:10:26.938  1468  1689 W ActivityTaskManager: Activity pause timeout for ActivityRecord{6b5e8c3 u0 com.nqmobile.antivirus20/com.netqin.antivirus.scan.ui.MonitorVirusTip} t21 f}}
10-31 00:10:26.939  1468  1689 W ActivityTaskManager: Tried to set launchTime (0) < mLastActivityLaunchTime (652048)
10-31 00:10:26.968  1468  3755 I ActivityTaskManager: START u0 {flg=0x14800000 cmp=com.nqmobile.antivirus20/com.netqin.antivirus.scan.ui.MonitorVirusTip (has extras)} from uid 10194
10-31 00:10:26.974  1468  5457 W AppOps  : setUidMode() called with a mode inconsistent with runtime permission state, this is discouraged and you should revoke the runtime permission instead: uid=10127, switchCode=0, mode=4, permission=android.permission.ACCESS_BACKGROUND_LOCATION
10-31 00:10:26.998 16936 16936 W TransactionExecutor: tId:1648913454 Skip pre-destroyed transaction:
10-31 00:10:26.998 16936 16936 W TransactionExecutor: tId:1648913454 ClientTransaction{
10-31 00:10:26.998 16936 16936 W TransactionExecutor: tId:1648913454   callbacks=[
10-31 00:10:26.998 16936 16936 W TransactionExecutor: tId:1648913454     LaunchActivityItem{intent=Intent { flg=0x14800000 cmp=com.nqmobile.antivirus20/com.netqin.antivirus.scan.ui.MonitorVirusTip (has extras) },ident=170299617,info=ActivityInfo{83b905f com.netqin.antivirus.scan.ui.MonitorVirusTip},curConfig={1.0 ?mcc?mnc [en_US] ldltr sw393dp w393dp h737dp 440dpi nrml long port night finger -keyb/v/h -nav/h winConfig={ mBounds=Rect(0, 0 - 1080, 2246) mAppBounds=Rect(0, 86 - 1080, 2114) mMaxBounds=Rect(0, 0 - 1080, 2246) mDisplayRotation=ROTATION_0 mWindowingMode=fullscreen mDisplayWindowingMode=fullscreen mActivityType=undefined mAlwaysOnTop=undefined mRotation=ROTATION_0} as.2 s.91 fontWeightAdjustment=0},overrideConfig={1.0 ?mcc?mnc [en_US] ldltr sw393dp w393dp h737dp 440dpi nrml long port night finger -keyb/v/h -nav/h winConfig={ mBounds=Rect(0, 0 - 1080, 2246) mAppBounds=Rect(0, 86 - 1080, 2114) mMaxBounds=Rect(0, 0 - 1080, 2246) mDisplayRotation=ROTATION_0 mWindowingMode=fullscreen mDisplayWindowingMode=fullscreen mActivityType=standard mAlwaysOnTop=undefined mRotation=ROTATION_0} as.2 s.1 fontWeightAdjustment=0},referrer=com.nqmobile.antivirus20,procState=2,state=null,persistentState=null,pendingResults=null,pendingNewIntents=null,options=null,profilerInfo=null,assistToken=android.os.BinderProxy@dca44b9,shareableActivityToken=android.os.BinderProxy@25d0fe}
10-31 00:10:26.998 16936 16936 W TransactionExecutor: tId:1648913454   ]
10-31 00:10:26.998 16936 16936 W TransactionExecutor: tId:1648913454   stateRequest=ResumeActivityItem{procState=-1,updateProcState=false,isForward=true,shouldSendCompatFakeFocus=false}
10-31 00:10:26.998 16936 16936 W TransactionExecutor: tId:1648913454 }
10-31 00:10:26.998 16936 16936 W TransactionExecutor: tId:1648913454 Target activity: Not found for token: android.os.BinderProxy@f5b12a9
10-31 00:10:26.998 16936 16936 W TransactionExecutor: tId:-188807594 Skip pre-destroyed transaction:
10-31 00:10:26.998 16936 16936 W TransactionExecutor: tId:-188807594 ClientTransaction{
10-31 00:10:26.998 16936 16936 W TransactionExecutor: tId:-188807594   callbacks=[
10-31 00:10:26.998 16936 16936 W TransactionExecutor: tId:-188807594     TopResumedActivityChangeItem{onTop=true}
10-31 00:10:26.998 16936 16936 W TransactionExecutor: tId:-188807594   ]
10-31 00:10:26.998 16936 16936 W TransactionExecutor: tId:-188807594   stateRequest=null
10-31 00:10:26.998 16936 16936 W TransactionExecutor: tId:-188807594 }
10-31 00:10:26.998 16936 16936 W TransactionExecutor: tId:-188807594 Target activity: Not found for token: android.os.BinderProxy@f5b12a9
10-31 00:10:27.001 16936 16936 W TransactionExecutor: tId:-188837385 Skip pre-destroyed transaction:
10-31 00:10:27.001 16936 16936 W TransactionExecutor: tId:-188837385 ClientTransaction{
10-31 00:10:27.001 16936 16936 W TransactionExecutor: tId:-188837385   callbacks=[
10-31 00:10:27.001 16936 16936 W TransactionExecutor: tId:-188837385     TopResumedActivityChangeItem{onTop=false}
10-31 00:10:27.001 16936 16936 W TransactionExecutor: tId:-188837385   ]
10-31 00:10:27.001 16936 16936 W TransactionExecutor: tId:-188837385   stateRequest=null
10-31 00:10:27.001 16936 16936 W TransactionExecutor: tId:-188837385 }
10-31 00:10:27.001 16936 16936 W TransactionExecutor: tId:-188837385 Target activity: Not found for token: android.os.BinderProxy@f5b12a9
10-31 00:10:27.001 16936 16936 W TransactionExecutor: tId:245077332 Skip pre-destroyed transaction:
10-31 00:10:27.001 16936 16936 W TransactionExecutor: tId:245077332 ClientTransaction{
10-31 00:10:27.001 16936 16936 W TransactionExecutor: tId:245077332   callbacks=[]
10-31 00:10:27.001 16936 16936 W TransactionExecutor: tId:245077332   stateRequest=PauseActivityItem{finished=true,userLeaving=false,configChanges=0,dontReport=false,autoEnteringPip=false}
10-31 00:10:27.001 16936 16936 W TransactionExecutor: tId:245077332 }
10-31 00:10:27.001 16936 16936 W TransactionExecutor: tId:245077332 Target activity: Not found for token: android.os.BinderProxy@f5b12a9
10-31 00:10:27.012 16936 16936 W PackageParser: Ignoring duplicate uses-permissions/uses-permissions-sdk-m: android.permission.KILL_BACKGROUND_PROCESSES in package: rjpmscxyoicgj.rcmuksahjbgmzodorjn.pebcsfmlgnqxshaierbhj at: Binary XML file line #24
10-31 00:10:27.087  1468  5457 W AppOps  : setUidMode() called with a mode inconsistent with runtime permission state, this is discouraged and you should revoke the runtime permission instead: uid=10127, switchCode=1, mode=4, permission=android.permission.ACCESS_BACKGROUND_LOCATION
10-31 00:10:27.088  1468  5457 W AppOps  : setUidMode() called with a mode inconsistent with runtime permission state, this is discouraged and you should revoke the runtime permission instead: uid=10127, switchCode=0, mode=4, permission=android.permission.ACCESS_BACKGROUND_LOCATION
10-31 00:10:27.132  1468  1817 E PackageManager: ERROR: could not load root hash from incremental install
10-31 00:10:27.136  1468  2044 W PackageParsing: Ignoring duplicate uses-permissions/uses-permissions-sdk-m: android.permission.INTERNET in package: com.vbdcf54.d2b25 at: Binary XML file line #49
10-31 00:10:27.136  1468  2044 W PackageParsing: Ignoring duplicate uses-permissions/uses-permissions-sdk-m: android.permission.ACCESS_NETWORK_STATE in package: com.vbdcf54.d2b25 at: Binary XML file line #50
10-31 00:10:27.136  1468  2044 W PackageParsing: Ignoring duplicate uses-permissions/uses-permissions-sdk-m: android.permission.ACCESS_WIFI_STATE in package: com.vbdcf54.d2b25 at: Binary XML file line #51
10-31 00:10:27.136  1468  2044 W PackageParsing: Ignoring duplicate uses-permissions/uses-permissions-sdk-m: android.permission.READ_PHONE_STATE in package: com.vbdcf54.d2b25 at: Binary XML file line #52
10-31 00:10:27.136  1468  2044 W PackageParsing: Ignoring duplicate uses-permissions/uses-permissions-sdk-m: android.permission.WRITE_EXTERNAL_STORAGE in package: com.vbdcf54.d2b25 at: Binary XML file line #53
10-31 00:10:27.136  1468  2044 W PackageParsing: Ignoring duplicate uses-permissions/uses-permissions-sdk-m: android.permission.READ_PHONE_STATE in package: com.vbdcf54.d2b25 at: Binary XML file line #56
10-31 00:10:27.136  1468  2044 W PackageParsing: Ignoring duplicate uses-permissions/uses-permissions-sdk-m: android.permission.INTERNET in package: com.vbdcf54.d2b25 at: Binary XML file line #57
10-31 00:10:27.136  1468  2044 W PackageParsing: Ignoring duplicate uses-permissions/uses-permissions-sdk-m: android.permission.ACCESS_NETWORK_STATE in package: com.vbdcf54.d2b25 at: Binary XML file line #58
10-31 00:10:27.136  1468  2044 W PackageParsing: Ignoring duplicate uses-permissions/uses-permissions-sdk-m: android.permission.WRITE_EXTERNAL_STORAGE in package: com.vbdcf54.d2b25 at: Binary XML file line #59
10-31 00:10:27.136  1468  2044 W PackageParsing: Ignoring duplicate uses-permissions/uses-permissions-sdk-m: android.permission.GET_TASKS in package: com.vbdcf54.d2b25 at: Binary XML file line #61
10-31 00:10:27.149  1468  1817 I PackageManager: Integrity check passed for file:///data/app/vmdl312230197.tmp
10-31 00:10:27.159  1468  1817 W PackageParsing: Ignoring duplicate uses-permissions/uses-permissions-sdk-m: android.permission.INTERNET in package: com.vbdcf54.d2b25 at: Binary XML file line #49
10-31 00:10:27.159  1468  1817 W PackageParsing: Ignoring duplicate uses-permissions/uses-permissions-sdk-m: android.permission.ACCESS_NETWORK_STATE in package: com.vbdcf54.d2b25 at: Binary XML file line #50
10-31 00:10:27.159  1468  1817 W PackageParsing: Ignoring duplicate uses-permissions/uses-permissions-sdk-m: android.permission.ACCESS_WIFI_STATE in package: com.vbdcf54.d2b25 at: Binary XML file line #51
10-31 00:10:27.159  1468  1817 W PackageParsing: Ignoring duplicate uses-permissions/uses-permissions-sdk-m: android.permission.READ_PHONE_STATE in package: com.vbdcf54.d2b25 at: Binary XML file line #52
10-31 00:10:27.159  1468  1817 W PackageParsing: Ignoring duplicate uses-permissions/uses-permissions-sdk-m: android.permission.WRITE_EXTERNAL_STORAGE in package: com.vbdcf54.d2b25 at: Binary XML file line #53
10-31 00:10:27.159  1468  1817 W PackageParsing: Ignoring duplicate uses-permissions/uses-permissions-sdk-m: android.permission.READ_PHONE_STATE in package: com.vbdcf54.d2b25 at: Binary XML file line #56
10-31 00:10:27.159  1468  1817 W PackageParsing: Ignoring duplicate uses-permissions/uses-permissions-sdk-m: android.permission.INTERNET in package: com.vbdcf54.d2b25 at: Binary XML file line #57
10-31 00:10:27.159  1468  1817 W PackageParsing: Ignoring duplicate uses-permissions/uses-permissions-sdk-m: android.permission.ACCESS_NETWORK_STATE in package: com.vbdcf54.d2b25 at: Binary XML file line #58
10-31 00:10:27.159  1468  1817 W PackageParsing: Ignoring duplicate uses-permissions/uses-permissions-sdk-m: android.permission.WRITE_EXTERNAL_STORAGE in package: com.vbdcf54.d2b25 at: Binary XML file line #59
10-31 00:10:27.159  1468  1817 W PackageParsing: Ignoring duplicate uses-permissions/uses-permissions-sdk-m: android.permission.GET_TASKS in package: com.vbdcf54.d2b25 at: Binary XML file line #61
10-31 00:10:27.182  1468  1817 I PackageManager: Permission ownership changed. Updating all permissions.
10-31 00:10:27.351  1468  1686 V StorageManagerService: Package null has legacy storage
10-31 00:10:27.472  1468  1689 W ActivityTaskManager: Activity top resumed state loss timeout for ActivityRecord{228a1c4 u0 com.nqmobile.antivirus20/com.netqin.antivirus.scan.ui.MonitorVirusTip} t21 f}}
10-31 00:10:27.473  1468  1689 W ActivityTaskManager: Activity pause timeout for ActivityRecord{228a1c4 u0 com.nqmobile.antivirus20/com.netqin.antivirus.scan.ui.MonitorVirusTip} t21 f}}
10-31 00:10:27.473  1468  1689 W ActivityTaskManager: Tried to set launchTime (0) < mLastActivityLaunchTime (653048)
10-31 00:10:27.570  1468  5454 I ActivityTaskManager: START u0 {flg=0x14800000 cmp=com.nqmobile.antivirus20/com.netqin.antivirus.scan.ui.MonitorVirusTip (has extras)} from uid 10194
10-31 00:10:28.073  1468  1689 W ActivityTaskManager: Activity top resumed state loss timeout for ActivityRecord{acf5bc6 u0 com.nqmobile.antivirus20/com.netqin.antivirus.scan.ui.MonitorVirusTip} t21 f}}
10-31 00:10:28.073  1468  1689 W ActivityTaskManager: Activity pause timeout for ActivityRecord{acf5bc6 u0 com.nqmobile.antivirus20/com.netqin.antivirus.scan.ui.MonitorVirusTip} t21 f}}
10-31 00:10:28.074  1468  1689 W ActivityTaskManager: Tried to set launchTime (0) < mLastActivityLaunchTime (653583)
10-31 00:10:28.453  1468  1817 V BackupManagerService: [UserID:0] restoreAtInstall pkg=com.vbdcf54.d2b25 token=47 restoreSet=0
10-31 00:10:28.454  1468  1817 V BackupManagerService: [UserID:0] Finishing install immediately
10-31 00:10:28.461  1468  1817 D PackageInstallerSession: Marking session 312230197 as applied
10-31 00:10:28.467  1468  1817 D CompatibilityChangeReporter: Compat change id reported: 168419799; UID 10261; state: DISABLED
10-31 00:10:28.467  1468  1817 D CompatibilityChangeReporter: Compat change id reported: 273564678; UID 10261; state: DISABLED
10-31 00:10:28.471  1468  2919 D CompatibilityChangeReporter: Compat change id reported: 218533173; UID 10261; state: DISABLED
10-31 00:10:28.475  1468  1468 I Telecom : DefaultDialerCache: Refreshing default dialer for user 0: now com.google.android.dialer: DDC.oR@BO4
10-31 00:10:28.479  1468  1701 W BroadcastQueue: u0 Receiving a broadcast in packagecom.jr.narutoii requires a permissions review
10-31 00:10:28.479  1468  1701 W BroadcastQueue: Skipping delivery: permission review required for Intent { act=android.intent.action.PACKAGE_ADDED dat=package: flg=0x4000010 (has extras) } from null (pid=1468, uid=1000) to com.jr.narutoii/com.joyriver.engine.proxy.EngineReceiver
10-31 00:10:28.479  1468  1701 W BroadcastQueue: u0 Receiving a broadcast in packagecom.android.buyer requires a permissions review
10-31 00:10:28.479  1468  1701 W BroadcastQueue: Skipping delivery: permission review required for Intent { act=android.intent.action.PACKAGE_ADDED dat=package: flg=0x4000010 (has extras) } from null (pid=1468, uid=1000) to com.android.buyer/.mRve
10-31 00:10:28.479  1468  1701 W BroadcastQueue: Background execution not allowed: receiving Intent { act=android.intent.action.PACKAGE_ADDED dat=package: flg=0x4000010 (has extras) } to com.google.android.packageinstaller/com.android.packageinstaller.PackageInstalledReceiver
10-31 00:10:28.479  1468  1701 W BroadcastQueue: Background execution not allowed: receiving Intent { act=android.intent.action.PACKAGE_ADDED dat=package: flg=0x4000010 (has extras) } to com.android.vending/com.google.android.finsky.packagemonitor.impl.PackageMonitorReceiverImpl$RegisteredReceiver
10-31 00:10:28.479  1468  1701 W BroadcastQueue: Background execution not allowed: receiving Intent { act=android.intent.action.PACKAGE_ADDED dat=package: flg=0x4000010 (has extras) } to com.android.vending/com.google.android.finsky.packagemonitor.backgroundimpl.BackgroundPackageMonitorReceiverImpl$RegisteredReceiver
10-31 00:10:28.479  1468  1701 W BroadcastQueue: Background execution not allowed: receiving Intent { act=android.intent.action.PACKAGE_ADDED dat=package: flg=0x4000010 (has extras) } to com.google.android.gms/.games.chimera.GamesSystemBroadcastReceiverProxy
10-31 00:10:28.479  1468  1701 W BroadcastQueue: Background execution not allowed: receiving Intent { act=android.intent.action.PACKAGE_ADDED dat=package: flg=0x4000010 (has extras) } to com.google.android.gms/.gass.chimera.PackageChangeBroadcastReceiver
10-31 00:10:28.479  1468  1701 W BroadcastQueue: Background execution not allowed: receiving Intent { act=android.intent.action.PACKAGE_ADDED dat=package: flg=0x4000010 (has extras) } to com.google.android.gms/.chimera.GmsIntentOperationService$PersistentTrustedReceiver
10-31 00:10:28.479  1468  1701 W BroadcastQueue: Background execution not allowed: receiving Intent { act=android.intent.action.PACKAGE_ADDED dat=package: flg=0x4000010 (has extras) } to com.google.android.googlequicksearchbox/com.google.android.apps.gsa.googlequicksearchbox.GelStubAppWatcher
10-31 00:10:28.479  1468  1701 W BroadcastQueue: u0 Receiving a broadcast in packagecom.cncd.japan.janli.shudu requires a permissions review
10-31 00:10:28.479  1468  1701 W BroadcastQueue: Skipping delivery: permission review required for Intent { act=android.intent.action.PACKAGE_ADDED dat=package: flg=0x4000010 (has extras) } from null (pid=1468, uid=1000) to com.cncd.japan.janli.shudu/net.l.k.r
10-31 00:10:28.479  1468  1701 W BroadcastQueue: u0 Receiving a broadcast in packagecom.cncd.japan.janli.shudu requires a permissions review
10-31 00:10:28.479  1468  1701 W BroadcastQueue: Skipping delivery: permission review required for Intent { act=android.intent.action.PACKAGE_ADDED dat=package: flg=0x4000010 (has extras) } from null (pid=1468, uid=1000) to com.cncd.japan.janli.shudu/com.feiwofour.coverscreen.SR
10-31 00:10:28.479  1468  1701 W BroadcastQueue: u0 Receiving a broadcast in packagecom.games.mengmeizhitd requires a permissions review
10-31 00:10:28.479  1468  1701 W BroadcastQueue: Skipping delivery: permission review required for Intent { act=android.intent.action.PACKAGE_ADDED dat=package: flg=0x4000010 (has extras) } from null (pid=1468, uid=1000) to com.games.mengmeizhitd/hjnw.ihjnw.i.isqly
10-31 00:10:28.479  1468  1701 W BroadcastQueue: u0 Receiving a broadcast in packagecom.hgperfko.yaeghrwx requires a permissions review
10-31 00:10:28.479  1468  1701 W BroadcastQueue: Skipping delivery: permission review required for Intent { act=android.intent.action.PACKAGE_ADDED dat=package: flg=0x4000010 (has extras) } from null (pid=1468, uid=1000) to com.hgperfko.yaeghrwx/.core.hLytdCQDBv
10-31 00:10:28.479  1468  1701 W BroadcastQueue: u0 Receiving a broadcast in packagecom.qiuqiu.dfmc requires a permissions review
10-31 00:10:28.479  1468  1701 W BroadcastQueue: Skipping delivery: permission review required for Intent { act=android.intent.action.PACKAGE_ADDED dat=package: flg=0x4000010 (has extras) } from null (pid=1468, uid=1000) to com.qiuqiu.dfmc/cn.jpush.android.service.PushReceiver
10-31 00:10:28.479  1468  1701 W BroadcastQueue: u0 Receiving a broadcast in packagecom.safesys.viruskiller requires a permissions review
10-31 00:10:28.479  1468  1701 W BroadcastQueue: Skipping delivery: permission review required for Intent { act=android.intent.action.PACKAGE_ADDED dat=package: flg=0x4000010 (has extras) } from null (pid=1468, uid=1000) to com.safesys.viruskiller/.ScanPackageBroadcast
10-31 00:10:28.479  1468  1701 W BroadcastQueue: u0 Receiving a broadcast in packagecom.uc108.mobile.sdgj.bd1 requires a permissions review
10-31 00:10:28.479  1468  1701 W BroadcastQueue: Skipping delivery: permission review required for Intent { act=android.intent.action.PACKAGE_ADDED dat=package: flg=0x4000010 (has extras) } from null (pid=1468, uid=1000) to com.uc108.mobile.sdgj.bd1/com.baidu.tiebasdk.service.InstallReceiver
10-31 00:10:28.479  1468  1701 W BroadcastQueue: u0 Receiving a broadcast in packagecom.voicebianshengjinglingwc.wxl requires a permissions review
10-31 00:10:28.479  1468  1701 W BroadcastQueue: Skipping delivery: permission review required for Intent { act=android.intent.action.PACKAGE_ADDED dat=package: flg=0x4000010 (has extras) } from null (pid=1468, uid=1000) to com.voicebianshengjinglingwc.wxl/mp.ruu.Ztjjwrj
10-31 00:10:28.480  1468  1701 W BroadcastQueue: u0 Receiving a broadcast in packagecom.yoojar.zlsg.baidu requires a permissions review
10-31 00:10:28.480  1468  1701 W BroadcastQueue: Skipping delivery: permission review required for Intent { act=android.intent.action.PACKAGE_ADDED dat=package: flg=0x4000010 (has extras) } from null (pid=1468, uid=1000) to com.yoojar.zlsg.baidu/com.duoku.platform.download.broadcast.AppMonitorReceiver
10-31 00:10:28.480  1468  1701 W BroadcastQueue: u0 Receiving a broadcast in packageio.dcloud.H5BC6BF13 requires a permissions review
10-31 00:10:28.480  1468  1701 W BroadcastQueue: Skipping delivery: permission review required for Intent { act=android.intent.action.PACKAGE_ADDED dat=package: flg=0x4000010 (has extras) } from null (pid=1468, uid=1000) to io.dcloud.H5BC6BF13/io.dcloud.common.adapter.io.DownloadReceiver
10-31 00:10:28.486  1468  1468 V BackupManagerConstants: getFullBackupIntervalMilliseconds(...) returns 86400000
10-31 00:10:28.486  1468  1468 V BackupManagerConstants: getFullBackupRequiredNetworkType(...) returns 2
10-31 00:10:28.486  1468  1468 V BackupManagerConstants: getFullBackupRequireCharging(...) returns true
10-31 00:10:28.544  1468  1699 W WindowMagnificationMgr: requestConnection duplicated request: connect=false, mConnectionState=DISCONNECTED
10-31 00:10:28.547  1468  1468 I Telecom : DefaultDialerCache: Refreshing default dialer for user 0: now com.google.android.dialer: DDC.oR@BO8
10-31 00:10:28.548  1468  4179 W BackupTransportManager: Package com.vbdcf54.d2b25 enabled setting: 0
10-31 00:10:28.568  1468  5405 D CompatibilityChangeReporter: Compat change id reported: 161252188; UID 10261; state: DISABLED
10-31 00:10:28.572  1468  1813 E VerityUtils: Failed to measure fs-verity, errno 1: /data/app/~~zNn65PYaodAaSLVxJmq55Q==/com.vbdcf54.d2b25-kVpVuatOC8gzggB_o0QPaA==/base.apk
10-31 00:10:28.605  1468  1699 W PackageManager: Failed registering loading progress callback. Package is fully loaded.
10-31 00:10:28.613  1468  1699 W WindowMagnificationMgr: requestConnection duplicated request: connect=false, mConnectionState=DISCONNECTED
10-31 00:10:28.694  1468  5410 W BroadcastQueue: u0 Receiving a broadcast in packagecom.yoojar.zlsg.baidu requires a permissions review
10-31 00:10:28.694  1468  5410 W BroadcastQueue: Skipping delivery: permission review required for Intent { act=android.intent.action.PACKAGE_CHANGED dat=package: flg=0x5000010 (has extras) } from null (pid=1468, uid=1000) to com.yoojar.zlsg.baidu/com.duoku.platform.download.broadcast.AppMonitorReceiver
10-31 00:10:28.764  1468  2989 W AppOps  : setUidMode() called with a mode inconsistent with runtime permission state, this is discouraged and you should revoke the runtime permission instead: uid=10127, switchCode=0, mode=4, permission=android.permission.ACCESS_BACKGROUND_LOCATION
10-31 00:10:28.865  1468  5459 W AppOps  : setUidMode() called with a mode inconsistent with runtime permission state, this is discouraged and you should revoke the runtime permission instead: uid=10127, switchCode=1, mode=4, permission=android.permission.ACCESS_BACKGROUND_LOCATION
10-31 00:10:28.867  1468  1550 W AppOps  : setUidMode() called with a mode inconsistent with runtime permission state, this is discouraged and you should revoke the runtime permission instead: uid=10127, switchCode=0, mode=4, permission=android.permission.ACCESS_BACKGROUND_LOCATION
10-31 00:10:28.901 16936 16936 W TransactionExecutor: tId:-1037759977 Skip pre-destroyed transaction:
10-31 00:10:28.901 16936 16936 W TransactionExecutor: tId:-1037759977 ClientTransaction{
10-31 00:10:28.901 16936 16936 W TransactionExecutor: tId:-1037759977   callbacks=[
10-31 00:10:28.901 16936 16936 W TransactionExecutor: tId:-1037759977     LaunchActivityItem{intent=Intent { flg=0x14800000 cmp=com.nqmobile.antivirus20/com.netqin.antivirus.scan.ui.MonitorVirusTip (has extras) },ident=91081611,info=ActivityInfo{e349509 com.netqin.antivirus.scan.ui.MonitorVirusTip},curConfig={1.0 ?mcc?mnc [en_US] ldltr sw393dp w393dp h737dp 440dpi nrml long port night finger -keyb/v/h -nav/h winConfig={ mBounds=Rect(0, 0 - 1080, 2246) mAppBounds=Rect(0, 86 - 1080, 2114) mMaxBounds=Rect(0, 0 - 1080, 2246) mDisplayRotation=ROTATION_0 mWindowingMode=fullscreen mDisplayWindowingMode=fullscreen mActivityType=undefined mAlwaysOnTop=undefined mRotation=ROTATION_0} as.2 s.91 fontWeightAdjustment=0},overrideConfig={1.0 ?mcc?mnc [en_US] ldltr sw393dp w393dp h737dp 440dpi nrml long port night finger -keyb/v/h -nav/h winConfig={ mBounds=Rect(0, 0 - 1080, 2246) mAppBounds=Rect(0, 86 - 1080, 2114) mMaxBounds=Rect(0, 0 - 1080, 2246) mDisplayRotation=ROTATION_0 mWindowingMode=fullscreen mDisplayWindowingMode=fullscreen mActivityType=standard mAlwaysOnTop=undefined mRotation=ROTATION_0} as.2 s.1 fontWeightAdjustment=0},referrer=com.nqmobile.antivirus20,procState=2,state=null,persistentState=null,pendingResults=null,pendingNewIntents=null,options=null,profilerInfo=null,assistToken=android.os.BinderProxy@d4e2ad3,shareableActivityToken=android.os.BinderProxy@d86b610}
10-31 00:10:28.901 16936 16936 W TransactionExecutor: tId:-1037759977   ]
10-31 00:10:28.901 16936 16936 W TransactionExecutor: tId:-1037759977   stateRequest=ResumeActivityItem{procState=-1,updateProcState=false,isForward=true,shouldSendCompatFakeFocus=false}
10-31 00:10:28.901 16936 16936 W TransactionExecutor: tId:-1037759977 }
10-31 00:10:28.901 16936 16936 W TransactionExecutor: tId:-1037759977 Target activity: Not found for token: android.os.BinderProxy@fa82630
10-31 00:10:28.901 16936 16936 W TransactionExecutor: tId:-183756323 Skip pre-destroyed transaction:
10-31 00:10:28.901 16936 16936 W TransactionExecutor: tId:-183756323 ClientTransaction{
10-31 00:10:28.901 16936 16936 W TransactionExecutor: tId:-183756323   callbacks=[
10-31 00:10:28.901 16936 16936 W TransactionExecutor: tId:-183756323     TopResumedActivityChangeItem{onTop=true}
10-31 00:10:28.901 16936 16936 W TransactionExecutor: tId:-183756323   ]
10-31 00:10:28.901 16936 16936 W TransactionExecutor: tId:-183756323   stateRequest=null
10-31 00:10:28.901 16936 16936 W TransactionExecutor: tId:-183756323 }
10-31 00:10:28.901 16936 16936 W TransactionExecutor: tId:-183756323 Target activity: Not found for token: android.os.BinderProxy@fa82630
10-31 00:10:28.902 16936 16936 W TransactionExecutor: tId:-183786114 Skip pre-destroyed transaction:
10-31 00:10:28.902 16936 16936 W TransactionExecutor: tId:-183786114 ClientTransaction{
10-31 00:10:28.902 16936 16936 W TransactionExecutor: tId:-183786114   callbacks=[
10-31 00:10:28.902 16936 16936 W TransactionExecutor: tId:-183786114     TopResumedActivityChangeItem{onTop=false}
10-31 00:10:28.902 16936 16936 W TransactionExecutor: tId:-183786114   ]
10-31 00:10:28.902 16936 16936 W TransactionExecutor: tId:-183786114   stateRequest=null
10-31 00:10:28.902 16936 16936 W TransactionExecutor: tId:-183786114 }
10-31 00:10:28.902 16936 16936 W TransactionExecutor: tId:-183786114 Target activity: Not found for token: android.os.BinderProxy@fa82630
10-31 00:10:28.902 16936 16936 W TransactionExecutor: tId:250128603 Skip pre-destroyed transaction:
10-31 00:10:28.902 16936 16936 W TransactionExecutor: tId:250128603 ClientTransaction{
10-31 00:10:28.902 16936 16936 W TransactionExecutor: tId:250128603   callbacks=[]
10-31 00:10:28.902 16936 16936 W TransactionExecutor: tId:250128603   stateRequest=PauseActivityItem{finished=true,userLeaving=false,configChanges=0,dontReport=false,autoEnteringPip=false}
10-31 00:10:28.902 16936 16936 W TransactionExecutor: tId:250128603 }
10-31 00:10:28.902 16936 16936 W TransactionExecutor: tId:250128603 Target activity: Not found for token: android.os.BinderProxy@fa82630
10-31 00:10:28.905 16936 16936 W TransactionExecutor: tId:357941234 Skip pre-destroyed transaction:
10-31 00:10:28.905 16936 16936 W TransactionExecutor: tId:357941234 ClientTransaction{
10-31 00:10:28.905 16936 16936 W TransactionExecutor: tId:357941234   callbacks=[
10-31 00:10:28.905 16936 16936 W TransactionExecutor: tId:357941234     LaunchActivityItem{intent=Intent { flg=0x14800000 cmp=com.nqmobile.antivirus20/com.netqin.antivirus.scan.ui.MonitorVirusTip (has extras) },ident=196910390,info=ActivityInfo{509233c com.netqin.antivirus.scan.ui.MonitorVirusTip},curConfig={1.0 ?mcc?mnc [en_US] ldltr sw393dp w393dp h737dp 440dpi nrml long port night finger -keyb/v/h -nav/h winConfig={ mBounds=Rect(0, 0 - 1080, 2246) mAppBounds=Rect(0, 86 - 1080, 2114) mMaxBounds=Rect(0, 0 - 1080, 2246) mDisplayRotation=ROTATION_0 mWindowingMode=fullscreen mDisplayWindowingMode=fullscreen mActivityType=undefined mAlwaysOnTop=undefined mRotation=ROTATION_0} as.2 s.91 fontWeightAdjustment=0},overrideConfig={1.0 ?mcc?mnc [en_US] ldltr sw393dp w393dp h737dp 440dpi nrml long port night finger -keyb/v/h -nav/h winConfig={ mBounds=Rect(0, 0 - 1080, 2246) mAppBounds=Rect(0, 86 - 1080, 2114) mMaxBounds=Rect(0, 0 - 1080, 2246) mDisplayRotation=ROTATION_0 mWindowingMode=fullscreen mDisplayWindowingMode=fullscreen mActivityType=standard mAlwaysOnTop=undefined mRotation=ROTATION_0} as.2 s.1 fontWeightAdjustment=0},referrer=com.nqmobile.antivirus20,procState=2,state=null,persistentState=null,pendingResults=null,pendingNewIntents=null,options=null,profilerInfo=null,assistToken=android.os.BinderProxy@fc2630e,shareableActivityToken=android.os.BinderProxy@ac6a12f}
10-31 00:10:28.905 16936 16936 W TransactionExecutor: tId:357941234   ]
10-31 00:10:28.905 16936 16936 W TransactionExecutor: tId:357941234   stateRequest=ResumeActivityItem{procState=-1,updateProcState=false,isForward=true,shouldSendCompatFakeFocus=false}
10-31 00:10:28.905 16936 16936 W TransactionExecutor: tId:357941234 }
10-31 00:10:28.905 16936 16936 W TransactionExecutor: tId:357941234 Target activity: Not found for token: android.os.BinderProxy@84906dc
10-31 00:10:28.905 16936 16936 W TransactionExecutor: tId:-307430775 Skip pre-destroyed transaction:
10-31 00:10:28.905 16936 16936 W TransactionExecutor: tId:-307430775 ClientTransaction{
10-31 00:10:28.905 16936 16936 W TransactionExecutor: tId:-307430775   callbacks=[
10-31 00:10:28.905 16936 16936 W TransactionExecutor: tId:-307430775     TopResumedActivityChangeItem{onTop=true}
10-31 00:10:28.905 16936 16936 W TransactionExecutor: tId:-307430775   ]
10-31 00:10:28.905 16936 16936 W TransactionExecutor: tId:-307430775   stateRequest=null
10-31 00:10:28.905 16936 16936 W TransactionExecutor: tId:-307430775 }
10-31 00:10:28.905 16936 16936 W TransactionExecutor: tId:-307430775 Target activity: Not found for token: android.os.BinderProxy@84906dc
10-31 00:10:28.905 16936 16936 W TransactionExecutor: tId:-184650053 Skip pre-destroyed transaction:
10-31 00:10:28.905 16936 16936 W TransactionExecutor: tId:-184650053 ClientTransaction{
10-31 00:10:28.905 16936 16936 W TransactionExecutor: tId:-184650053   callbacks=[]
10-31 00:10:28.905 16936 16936 W TransactionExecutor: tId:-184650053   stateRequest=DestroyActivityItem{finished=true,mConfigChanges=0}
10-31 00:10:28.905 16936 16936 W TransactionExecutor: tId:-184650053 }
10-31 00:10:28.905 16936 16936 W TransactionExecutor: tId:-184650053 Target activity: Not found for token: android.os.BinderProxy@fa82630
10-31 00:10:28.905 16936 16936 W TransactionExecutor: tId:-189701324 Skip pre-destroyed transaction:
10-31 00:10:28.905 16936 16936 W TransactionExecutor: tId:-189701324 ClientTransaction{
10-31 00:10:28.905 16936 16936 W TransactionExecutor: tId:-189701324   callbacks=[]
10-31 00:10:28.905 16936 16936 W TransactionExecutor: tId:-189701324   stateRequest=DestroyActivityItem{finished=true,mConfigChanges=0}
10-31 00:10:28.905 16936 16936 W TransactionExecutor: tId:-189701324 }
10-31 00:10:28.905 16936 16936 W TransactionExecutor: tId:-189701324 Target activity: Not found for token: android.os.BinderProxy@f5b12a9
10-31 00:10:28.906 16936 16936 W TransactionExecutor: tId:-427626311 Skip pre-destroyed transaction:
10-31 00:10:28.906 16936 16936 W TransactionExecutor: tId:-427626311 ClientTransaction{
10-31 00:10:28.906 16936 16936 W TransactionExecutor: tId:-427626311   callbacks=[]
10-31 00:10:28.906 16936 16936 W TransactionExecutor: tId:-427626311   stateRequest=DestroyActivityItem{finished=true,mConfigChanges=0}
10-31 00:10:28.906 16936 16936 W TransactionExecutor: tId:-427626311 }
10-31 00:10:28.906 16936 16936 W TransactionExecutor: tId:-427626311 Target activity: Not found for token: android.os.BinderProxy@12ca02e
10-31 00:10:28.913  1468  5459 D CoreBackPreview: Window{4b023d6 u0 com.nqmobile.antivirus20/com.netqin.antivirus.scan.ui.MonitorVirusTip}: Setting back callback null
10-31 00:10:28.916  1468  5454 D CoreBackPreview: Window{6a96de5 u0 com.nqmobile.antivirus20/com.netqin.antivirus.scan.ui.MonitorVirusTip}: Setting back callback null
10-31 00:10:28.919  1468  1817 E PackageManager: ERROR: could not load root hash from incremental install
10-31 00:10:28.922 16936 16936 W TransactionExecutor: tId:-307460566 Skip pre-destroyed transaction:
10-31 00:10:28.922 16936 16936 W TransactionExecutor: tId:-307460566 ClientTransaction{
10-31 00:10:28.922 16936 16936 W TransactionExecutor: tId:-307460566   callbacks=[
10-31 00:10:28.922 16936 16936 W TransactionExecutor: tId:-307460566     TopResumedActivityChangeItem{onTop=false}
10-31 00:10:28.922 16936 16936 W TransactionExecutor: tId:-307460566   ]
10-31 00:10:28.922 16936 16936 W TransactionExecutor: tId:-307460566   stateRequest=null
10-31 00:10:28.922 16936 16936 W TransactionExecutor: tId:-307460566 }
10-31 00:10:28.922 16936 16936 W TransactionExecutor: tId:-307460566 Target activity: Not found for token: android.os.BinderProxy@84906dc
10-31 00:10:28.922 16936 16936 W TransactionExecutor: tId:126454151 Skip pre-destroyed transaction:
10-31 00:10:28.922 16936 16936 W TransactionExecutor: tId:126454151 ClientTransaction{
10-31 00:10:28.922 16936 16936 W TransactionExecutor: tId:126454151   callbacks=[]
10-31 00:10:28.922 16936 16936 W TransactionExecutor: tId:126454151   stateRequest=PauseActivityItem{finished=true,userLeaving=false,configChanges=0,dontReport=false,autoEnteringPip=false}
10-31 00:10:28.922 16936 16936 W TransactionExecutor: tId:126454151 }
10-31 00:10:28.922 16936 16936 W TransactionExecutor: tId:126454151 Target activity: Not found for token: android.os.BinderProxy@84906dc
10-31 00:10:28.928 16936 16936 W TransactionExecutor: tId:-1642214764 Skip pre-destroyed transaction:
10-31 00:10:28.928 16936 16936 W TransactionExecutor: tId:-1642214764 ClientTransaction{
10-31 00:10:28.928 16936 16936 W TransactionExecutor: tId:-1642214764   callbacks=[
10-31 00:10:28.928 16936 16936 W TransactionExecutor: tId:-1642214764     LaunchActivityItem{intent=Intent { flg=0x14800000 cmp=com.nqmobile.antivirus20/com.netqin.antivirus.scan.ui.MonitorVirusTip (has extras) },ident=160510189,info=ActivityInfo{e8bc5e6 com.netqin.antivirus.scan.ui.MonitorVirusTip},curConfig={1.0 ?mcc?mnc [en_US] ldltr sw393dp w393dp h737dp 440dpi nrml long port night finger -keyb/v/h -nav/h winConfig={ mBounds=Rect(0, 0 - 1080, 2246) mAppBounds=Rect(0, 86 - 1080, 2114) mMaxBounds=Rect(0, 0 - 1080, 2246) mDisplayRotation=ROTATION_0 mWindowingMode=fullscreen mDisplayWindowingMode=fullscreen mActivityType=undefined mAlwaysOnTop=undefined mRotation=ROTATION_0} as.2 s.91 fontWeightAdjustment=0},overrideConfig={1.0 ?mcc?mnc [en_US] ldltr sw393dp w393dp h737dp 440dpi nrml long port night finger -keyb/v/h -nav/h winConfig={ mBounds=Rect(0, 0 - 1080, 2246) mAppBounds=Rect(0, 86 - 1080, 2114) mMaxBounds=Rect(0, 0 - 1080, 2246) mDisplayRotation=ROTATION_0 mWindowingMode=fullscreen mDisplayWindowingMode=fullscreen mActivityType=standard mAlwaysOnTop=undefined mRotation=ROTATION_0} as.2 s.1 fontWeightAdjustment=0},referrer=com.nqmobile.antivirus20,procState=2,state=null,persistentState=null,pendingResults=null,pendingNewIntents=null,options=null,profilerInfo=null,assistToken=android.os.BinderProxy@fe33728,shareableActivityToken=android.os.BinderProxy@f7cdc41}
10-31 00:10:28.928 16936 16936 W TransactionExecutor: tId:-1642214764   ]
10-31 00:10:28.928 16936 16936 W TransactionExecutor: tId:-1642214764   stateRequest=ResumeActivityItem{procState=-1,updateProcState=false,isForward=true,shouldSendCompatFakeFocus=false}
10-31 00:10:28.928 16936 16936 W TransactionExecutor: tId:-1642214764 }
10-31 00:10:28.928 16936 16936 W TransactionExecutor: tId:-1642214764 Target activity: Not found for token: android.os.BinderProxy@78f4f4f
10-31 00:10:28.929 16936 16936 W TransactionExecutor: tId:-319601924 Skip pre-destroyed transaction:
10-31 00:10:28.929 16936 16936 W TransactionExecutor: tId:-319601924 ClientTransaction{
10-31 00:10:28.929 16936 16936 W TransactionExecutor: tId:-319601924   callbacks=[
10-31 00:10:28.929 16936 16936 W TransactionExecutor: tId:-319601924     TopResumedActivityChangeItem{onTop=true}
10-31 00:10:28.929 16936 16936 W TransactionExecutor: tId:-319601924   ]
10-31 00:10:28.929 16936 16936 W TransactionExecutor: tId:-319601924   stateRequest=null
10-31 00:10:28.929 16936 16936 W TransactionExecutor: tId:-319601924 }
10-31 00:10:28.929 16936 16936 W TransactionExecutor: tId:-319601924 Target activity: Not found for token: android.os.BinderProxy@78f4f4f
10-31 00:10:28.938 16936 16936 W TransactionExecutor: tId:-319631715 Skip pre-destroyed transaction:
10-31 00:10:28.938 16936 16936 W TransactionExecutor: tId:-319631715 ClientTransaction{
10-31 00:10:28.938 16936 16936 W TransactionExecutor: tId:-319631715   callbacks=[
10-31 00:10:28.938 16936 16936 W TransactionExecutor: tId:-319631715     TopResumedActivityChangeItem{onTop=false}
10-31 00:10:28.938 16936 16936 W TransactionExecutor: tId:-319631715   ]
10-31 00:10:28.938 16936 16936 W TransactionExecutor: tId:-319631715   stateRequest=null
10-31 00:10:28.938 16936 16936 W TransactionExecutor: tId:-319631715 }
10-31 00:10:28.938 16936 16936 W TransactionExecutor: tId:-319631715 Target activity: Not found for token: android.os.BinderProxy@78f4f4f
