10-31 00:10:31.752  1468  1699 W ProcessCpuTracker: Failed to stat(/proc/19785): android.system.ErrnoException: stat failed: ENOENT (No such file or directory)
10-31 00:10:31.752  1468  1699 W ProcessCpuTracker: Skipping unknown process pid 19785
10-31 00:10:31.753  1468  1817 D CompatibilityChangeReporter: Compat change id reported: 168419799; UID 10265; state: DISABLED
10-31 00:10:31.753  1468  1817 D CompatibilityChangeReporter: Compat change id reported: 273564678; UID 10265; state: DISABLED
10-31 00:10:31.759  1468  5414 W BroadcastQueue: u0 Receiving a broadcast in packagecom.jr.narutoii requires a permissions review
10-31 00:10:31.759  1468  5414 W BroadcastQueue: Skipping delivery: permission review required for Intent { act=android.intent.action.PACKAGE_ADDED dat=package: flg=0x4000010 (has extras) } from null (pid=1468, uid=1000) to com.jr.narutoii/com.joyriver.engine.proxy.EngineReceiver
10-31 00:10:31.761  1468  2919 D CompatibilityChangeReporter: Compat change id reported: 218533173; UID 10265; state: DISABLED
10-31 00:10:31.767  1468  1468 I Telecom : DefaultDialerCache: Refreshing default dialer for user 0: now com.google.android.dialer: DDC.oR@BSI
10-31 00:10:31.778  1468  1468 V BackupManagerConstants: getFullBackupIntervalMilliseconds(...) returns 86400000
10-31 00:10:31.778  1468  1468 V BackupManagerConstants: getFullBackupRequiredNetworkType(...) returns 2
10-31 00:10:31.778  1468  1468 V BackupManagerConstants: getFullBackupRequireCharging(...) returns true
10-31 00:10:31.778  1468  1701 W BroadcastQueue: u0 Receiving a broadcast in packagecom.android.buyer requires a permissions review
10-31 00:10:31.779  1468  1701 W BroadcastQueue: Skipping delivery: permission review required for Intent { act=android.intent.action.PACKAGE_ADDED dat=package: flg=0x4000010 (has extras) } from null (pid=1468, uid=1000) to com.android.buyer/.mRve
10-31 00:10:31.779  1468  1701 W BroadcastQueue: Background execution not allowed: receiving Intent { act=android.intent.action.PACKAGE_ADDED dat=package: flg=0x4000010 (has extras) } to com.google.android.packageinstaller/com.android.packageinstaller.PackageInstalledReceiver
10-31 00:10:31.779  1468  1701 W BroadcastQueue: Background execution not allowed: receiving Intent { act=android.intent.action.PACKAGE_ADDED dat=package: flg=0x4000010 (has extras) } to com.android.vending/com.google.android.finsky.packagemonitor.impl.PackageMonitorReceiverImpl$RegisteredReceiver
10-31 00:10:31.779  1468  1701 W BroadcastQueue: Background execution not allowed: receiving Intent { act=android.intent.action.PACKAGE_ADDED dat=package: flg=0x4000010 (has extras) } to com.android.vending/com.google.android.finsky.packagemonitor.backgroundimpl.BackgroundPackageMonitorReceiverImpl$RegisteredReceiver
10-31 00:10:31.779  1468  1701 W BroadcastQueue: Background execution not allowed: receiving Intent { act=android.intent.action.PACKAGE_ADDED dat=package: flg=0x4000010 (has extras) } to com.google.android.gms/.games.chimera.GamesSystemBroadcastReceiverProxy
10-31 00:10:31.779  1468  1701 W BroadcastQueue: Background execution not allowed: receiving Intent { act=android.intent.action.PACKAGE_ADDED dat=package: flg=0x4000010 (has extras) } to com.google.android.gms/.gass.chimera.PackageChangeBroadcastReceiver
10-31 00:10:31.779  1468  1701 W BroadcastQueue: Background execution not allowed: receiving Intent { act=android.intent.action.PACKAGE_ADDED dat=package: flg=0x4000010 (has extras) } to com.google.android.gms/.chimera.GmsIntentOperationService$PersistentTrustedReceiver
10-31 00:10:31.788  1468  1701 W BroadcastQueue: Background execution not allowed: receiving Intent { act=android.intent.action.PACKAGE_ADDED dat=package: flg=0x4000010 (has extras) } to com.google.android.googlequicksearchbox/com.google.android.apps.gsa.googlequicksearchbox.GelStubAppWatcher
10-31 00:10:31.792  1468  1701 W BroadcastQueue: u0 Receiving a broadcast in packagecom.cncd.japan.janli.shudu requires a permissions review
10-31 00:10:31.792  1468  1701 W BroadcastQueue: Skipping delivery: permission review required for Intent { act=android.intent.action.PACKAGE_ADDED dat=package: flg=0x4000010 (has extras) } from null (pid=1468, uid=1000) to com.cncd.japan.janli.shudu/net.l.k.r
10-31 00:10:31.793  1468  1701 W BroadcastQueue: u0 Receiving a broadcast in packagecom.cncd.japan.janli.shudu requires a permissions review
10-31 00:10:31.793  1468  1701 W BroadcastQueue: Skipping delivery: permission review required for Intent { act=android.intent.action.PACKAGE_ADDED dat=package: flg=0x4000010 (has extras) } from null (pid=1468, uid=1000) to com.cncd.japan.janli.shudu/com.feiwofour.coverscreen.SR
10-31 00:10:31.793  1468  1701 W BroadcastQueue: u0 Receiving a broadcast in packagecom.games.mengmeizhitd requires a permissions review
10-31 00:10:31.793  1468  1701 W BroadcastQueue: Skipping delivery: permission review required for Intent { act=android.intent.action.PACKAGE_ADDED dat=package: flg=0x4000010 (has extras) } from null (pid=1468, uid=1000) to com.games.mengmeizhitd/hjnw.ihjnw.i.isqly
10-31 00:10:31.802  1468  1468 I Telecom : DefaultDialerCache: Refreshing default dialer for user 0: now com.google.android.dialer: DDC.oR@BSM
10-31 00:10:31.805  1468  1813 E VerityUtils: Failed to measure fs-verity, errno 1: /data/app/~~tXcOzvS5u3_SYoCRjF0Avg==/com.init.env-pjONCCztr__GAxOQyp6I-A==/base.apk
10-31 00:10:31.808  1468  1701 W BroadcastQueue: u0 Receiving a broadcast in packagecom.hgperfko.yaeghrwx requires a permissions review
10-31 00:10:31.808  1468  1701 W BroadcastQueue: Skipping delivery: permission review required for Intent { act=android.intent.action.PACKAGE_ADDED dat=package: flg=0x4000010 (has extras) } from null (pid=1468, uid=1000) to com.hgperfko.yaeghrwx/.core.hLytdCQDBv
10-31 00:10:31.808  1468  1701 W BroadcastQueue: u0 Receiving a broadcast in packagecom.qiuqiu.dfmc requires a permissions review
10-31 00:10:31.808  1468  1701 W BroadcastQueue: Skipping delivery: permission review required for Intent { act=android.intent.action.PACKAGE_ADDED dat=package: flg=0x4000010 (has extras) } from null (pid=1468, uid=1000) to com.qiuqiu.dfmc/cn.jpush.android.service.PushReceiver
10-31 00:10:31.808  1468  1701 W BroadcastQueue: u0 Receiving a broadcast in packagecom.safesys.viruskiller requires a permissions review
10-31 00:10:31.808  1468  1701 W BroadcastQueue: Skipping delivery: permission review required for Intent { act=android.intent.action.PACKAGE_ADDED dat=package: flg=0x4000010 (has extras) } from null (pid=1468, uid=1000) to com.safesys.viruskiller/.ScanPackageBroadcast
10-31 00:10:31.808  1468  1701 W BroadcastQueue: u0 Receiving a broadcast in packagecom.uc108.mobile.sdgj.bd1 requires a permissions review
10-31 00:10:31.808  1468  1701 W BroadcastQueue: Skipping delivery: permission review required for Intent { act=android.intent.action.PACKAGE_ADDED dat=package: flg=0x4000010 (has extras) } from null (pid=1468, uid=1000) to com.uc108.mobile.sdgj.bd1/com.baidu.tiebasdk.service.InstallReceiver
10-31 00:10:31.808  1468  1701 W BroadcastQueue: u0 Receiving a broadcast in packagecom.voicebianshengjinglingwc.wxl requires a permissions review
10-31 00:10:31.808  1468  1701 W BroadcastQueue: Skipping delivery: permission review required for Intent { act=android.intent.action.PACKAGE_ADDED dat=package: flg=0x4000010 (has extras) } from null (pid=1468, uid=1000) to com.voicebianshengjinglingwc.wxl/mp.ruu.Ztjjwrj
10-31 00:10:31.808  1468  1701 W BroadcastQueue: u0 Receiving a broadcast in packagecom.yoojar.zlsg.baidu requires a permissions review
10-31 00:10:31.808  1468  1701 W BroadcastQueue: Skipping delivery: permission review required for Intent { act=android.intent.action.PACKAGE_ADDED dat=package: flg=0x4000010 (has extras) } from null (pid=1468, uid=1000) to com.yoojar.zlsg.baidu/com.duoku.platform.download.broadcast.AppMonitorReceiver
10-31 00:10:31.808  1468  1701 W BroadcastQueue: u0 Receiving a broadcast in packageio.dcloud.H5BC6BF13 requires a permissions review
10-31 00:10:31.808  1468  1701 W BroadcastQueue: Skipping delivery: permission review required for Intent { act=android.intent.action.PACKAGE_ADDED dat=package: flg=0x4000010 (has extras) } from null (pid=1468, uid=1000) to io.dcloud.H5BC6BF13/io.dcloud.common.adapter.io.DownloadReceiver
10-31 00:10:31.823  1468  1699 W WindowMagnificationMgr: requestConnection duplicated request: connect=false, mConnectionState=DISCONNECTED
10-31 00:10:31.830  1468  4179 W BackupTransportManager: Package com.init.env enabled setting: 0
10-31 00:10:31.848  1468  5800 D CompatibilityChangeReporter: Compat change id reported: 161252188; UID 10265; state: DISABLED
10-31 00:10:31.851  1468  1817 E PackageManager: ERROR: could not load root hash from incremental install
10-31 00:10:31.874  1468  1817 I PackageManager: Integrity check passed for file:///data/app/vmdl74855660.tmp
10-31 00:10:31.882  1468  1699 W PackageManager: Failed registering loading progress callback. Package is fully loaded.
10-31 00:10:31.891  1468  1699 W WindowMagnificationMgr: requestConnection duplicated request: connect=false, mConnectionState=DISCONNECTED
10-31 00:10:31.948  1468  5461 W BroadcastQueue: u0 Receiving a broadcast in packagecom.yoojar.zlsg.baidu requires a permissions review
10-31 00:10:31.948  1468  5461 W BroadcastQueue: Skipping delivery: permission review required for Intent { act=android.intent.action.PACKAGE_CHANGED dat=package: flg=0x5000010 (has extras) } from null (pid=1468, uid=1000) to com.yoojar.zlsg.baidu/com.duoku.platform.download.broadcast.AppMonitorReceiver
10-31 00:10:32.026  1468  1686 V StorageManagerService: Package null has legacy storage
10-31 00:10:32.049  1468  5454 W AppOps  : setUidMode() called with a mode inconsistent with runtime permission state, this is discouraged and you should revoke the runtime permission instead: uid=10127, switchCode=1, mode=4, permission=android.permission.ACCESS_BACKGROUND_LOCATION
10-31 00:10:32.053  1468  5455 W AppOps  : setUidMode() called with a mode inconsistent with runtime permission state, this is discouraged and you should revoke the runtime permission instead: uid=10127, switchCode=0, mode=4, permission=android.permission.ACCESS_BACKGROUND_LOCATION
10-31 00:10:32.213  1468  1817 V BackupManagerService: [UserID:0] restoreAtInstall pkg=com.yadsssaawefnt.yyyfaa3a22eaa token=4c restoreSet=0
10-31 00:10:32.213  1468  1817 V BackupManagerService: [UserID:0] Finishing install immediately
10-31 00:10:32.214  1468  1817 D PackageInstallerSession: Marking session 74855660 as applied
10-31 00:10:32.220  1468  1817 D CompatibilityChangeReporter: Compat change id reported: 168419799; UID 10266; state: DISABLED
10-31 00:10:32.220  1468  1817 D CompatibilityChangeReporter: Compat change id reported: 273564678; UID 10266; state: DISABLED
10-31 00:10:32.224  1468  5413 W BroadcastQueue: u0 Receiving a broadcast in packagecom.jr.narutoii requires a permissions review
10-31 00:10:32.224  1468  5413 W BroadcastQueue: Skipping delivery: permission review required for Intent { act=android.intent.action.PACKAGE_ADDED dat=package: flg=0x4000010 (has extras) } from null (pid=1468, uid=1000) to com.jr.narutoii/com.joyriver.engine.proxy.EngineReceiver
10-31 00:10:32.226  1468  2919 D CompatibilityChangeReporter: Compat change id reported: 218533173; UID 10266; state: DISABLED
10-31 00:10:32.230  1468  1468 I Telecom : DefaultDialerCache: Refreshing default dialer for user 0: now com.google.android.dialer: DDC.oR@BSw
10-31 00:10:32.230  1468  1701 W BroadcastQueue: u0 Receiving a broadcast in packagecom.android.buyer requires a permissions review
10-31 00:10:32.230  1468  1701 W BroadcastQueue: Skipping delivery: permission review required for Intent { act=android.intent.action.PACKAGE_ADDED dat=package: flg=0x4000010 (has extras) } from null (pid=1468, uid=1000) to com.android.buyer/.mRve
10-31 00:10:32.231  1468  1701 W BroadcastQueue: Background execution not allowed: receiving Intent { act=android.intent.action.PACKAGE_ADDED dat=package: flg=0x4000010 (has extras) } to com.google.android.packageinstaller/com.android.packageinstaller.PackageInstalledReceiver
10-31 00:10:32.231  1468  1701 W BroadcastQueue: Background execution not allowed: receiving Intent { act=android.intent.action.PACKAGE_ADDED dat=package: flg=0x4000010 (has extras) } to com.android.vending/com.google.android.finsky.packagemonitor.impl.PackageMonitorReceiverImpl$RegisteredReceiver
10-31 00:10:32.231  1468  1701 W BroadcastQueue: Background execution not allowed: receiving Intent { act=android.intent.action.PACKAGE_ADDED dat=package: flg=0x4000010 (has extras) } to com.android.vending/com.google.android.finsky.packagemonitor.backgroundimpl.BackgroundPackageMonitorReceiverImpl$RegisteredReceiver
10-31 00:10:32.231  1468  1701 W BroadcastQueue: Background execution not allowed: receiving Intent { act=android.intent.action.PACKAGE_ADDED dat=package: flg=0x4000010 (has extras) } to com.google.android.gms/.games.chimera.GamesSystemBroadcastReceiverProxy
10-31 00:10:32.231  1468  1701 W BroadcastQueue: Background execution not allowed: receiving Intent { act=android.intent.action.PACKAGE_ADDED dat=package: flg=0x4000010 (has extras) } to com.google.android.gms/.gass.chimera.PackageChangeBroadcastReceiver
10-31 00:10:32.231  1468  1701 W BroadcastQueue: Background execution not allowed: receiving Intent { act=android.intent.action.PACKAGE_ADDED dat=package: flg=0x4000010 (has extras) } to com.google.android.gms/.chimera.GmsIntentOperationService$PersistentTrustedReceiver
10-31 00:10:32.231  1468  1701 W BroadcastQueue: Background execution not allowed: receiving Intent { act=android.intent.action.PACKAGE_ADDED dat=package: flg=0x4000010 (has extras) } to com.google.android.googlequicksearchbox/com.google.android.apps.gsa.googlequicksearchbox.GelStubAppWatcher
10-31 00:10:32.231  1468  1701 W BroadcastQueue: u0 Receiving a broadcast in packagecom.cncd.japan.janli.shudu requires a permissions review
10-31 00:10:32.231  1468  1701 W BroadcastQueue: Skipping delivery: permission review required for Intent { act=android.intent.action.PACKAGE_ADDED dat=package: flg=0x4000010 (has extras) } from null (pid=1468, uid=1000) to com.cncd.japan.janli.shudu/net.l.k.r
10-31 00:10:32.231  1468  1701 W BroadcastQueue: u0 Receiving a broadcast in packagecom.cncd.japan.janli.shudu requires a permissions review
10-31 00:10:32.231  1468  1701 W BroadcastQueue: Skipping delivery: permission review required for Intent { act=android.intent.action.PACKAGE_ADDED dat=package: flg=0x4000010 (has extras) } from null (pid=1468, uid=1000) to com.cncd.japan.janli.shudu/com.feiwofour.coverscreen.SR
10-31 00:10:32.231  1468  1701 W BroadcastQueue: u0 Receiving a broadcast in packagecom.games.mengmeizhitd requires a permissions review
10-31 00:10:32.231  1468  1701 W BroadcastQueue: Skipping delivery: permission review required for Intent { act=android.intent.action.PACKAGE_ADDED dat=package: flg=0x4000010 (has extras) } from null (pid=1468, uid=1000) to com.games.mengmeizhitd/hjnw.ihjnw.i.isqly
10-31 00:10:32.231  1468  1701 W BroadcastQueue: u0 Receiving a broadcast in packagecom.hgperfko.yaeghrwx requires a permissions review
10-31 00:10:32.231  1468  1701 W BroadcastQueue: Skipping delivery: permission review required for Intent { act=android.intent.action.PACKAGE_ADDED dat=package: flg=0x4000010 (has extras) } from null (pid=1468, uid=1000) to com.hgperfko.yaeghrwx/.core.hLytdCQDBv
10-31 00:10:32.231  1468  1701 W BroadcastQueue: u0 Receiving a broadcast in packagecom.qiuqiu.dfmc requires a permissions review
10-31 00:10:32.231  1468  1701 W BroadcastQueue: Skipping delivery: permission review required for Intent { act=android.intent.action.PACKAGE_ADDED dat=package: flg=0x4000010 (has extras) } from null (pid=1468, uid=1000) to com.qiuqiu.dfmc/cn.jpush.android.service.PushReceiver
10-31 00:10:32.232  1468  1701 W BroadcastQueue: u0 Receiving a broadcast in packagecom.safesys.viruskiller requires a permissions review
10-31 00:10:32.232  1468  1701 W BroadcastQueue: Skipping delivery: permission review required for Intent { act=android.intent.action.PACKAGE_ADDED dat=package: flg=0x4000010 (has extras) } from null (pid=1468, uid=1000) to com.safesys.viruskiller/.ScanPackageBroadcast
10-31 00:10:32.232  1468  1701 W BroadcastQueue: u0 Receiving a broadcast in packagecom.uc108.mobile.sdgj.bd1 requires a permissions review
10-31 00:10:32.232  1468  1701 W BroadcastQueue: Skipping delivery: permission review required for Intent { act=android.intent.action.PACKAGE_ADDED dat=package: flg=0x4000010 (has extras) } from null (pid=1468, uid=1000) to com.uc108.mobile.sdgj.bd1/com.baidu.tiebasdk.service.InstallReceiver
10-31 00:10:32.232  1468  1701 W BroadcastQueue: u0 Receiving a broadcast in packagecom.voicebianshengjinglingwc.wxl requires a permissions review
10-31 00:10:32.232  1468  1701 W BroadcastQueue: Skipping delivery: permission review required for Intent { act=android.intent.action.PACKAGE_ADDED dat=package: flg=0x4000010 (has extras) } from null (pid=1468, uid=1000) to com.voicebianshengjinglingwc.wxl/mp.ruu.Ztjjwrj
10-31 00:10:32.232  1468  1701 W BroadcastQueue: u0 Receiving a broadcast in packagecom.yoojar.zlsg.baidu requires a permissions review
10-31 00:10:32.232  1468  1701 W BroadcastQueue: Skipping delivery: permission review required for Intent { act=android.intent.action.PACKAGE_ADDED dat=package: flg=0x4000010 (has extras) } from null (pid=1468, uid=1000) to com.yoojar.zlsg.baidu/com.duoku.platform.download.broadcast.AppMonitorReceiver
10-31 00:10:32.232  1468  1701 W BroadcastQueue: u0 Receiving a broadcast in packageio.dcloud.H5BC6BF13 requires a permissions review
10-31 00:10:32.232  1468  1701 W BroadcastQueue: Skipping delivery: permission review required for Intent { act=android.intent.action.PACKAGE_ADDED dat=package: flg=0x4000010 (has extras) } from null (pid=1468, uid=1000) to io.dcloud.H5BC6BF13/io.dcloud.common.adapter.io.DownloadReceiver
10-31 00:10:32.232  1468  1699 W WindowMagnificationMgr: requestConnection duplicated request: connect=false, mConnectionState=DISCONNECTED
10-31 00:10:32.238  1468  1468 V BackupManagerConstants: getFullBackupIntervalMilliseconds(...) returns 86400000
10-31 00:10:32.239  1468  1468 V BackupManagerConstants: getFullBackupRequiredNetworkType(...) returns 2
10-31 00:10:32.239  1468  1468 V BackupManagerConstants: getFullBackupRequireCharging(...) returns true
10-31 00:10:32.254  1468  1813 E VerityUtils: Failed to measure fs-verity, errno 1: /data/app/~~v8dlIIPTbVT_Gdx282CrBQ==/com.yadsssaawefnt.yyyfaa3a22eaa-PHYdWiAn9i4_kliefFLZEg==/base.apk
10-31 00:10:32.257  1468  1699 W PackageManager: Failed registering loading progress callback. Package is fully loaded.
10-31 00:10:32.264  1468  5414 D CompatibilityChangeReporter: Compat change id reported: 161252188; UID 10266; state: DISABLED
10-31 00:10:32.340  1468  1468 I Telecom : DefaultDialerCache: Refreshing default dialer for user 0: now com.google.android.dialer: DDC.oR@BTM
10-31 00:10:32.344  1468  1699 W WindowMagnificationMgr: requestConnection duplicated request: connect=false, mConnectionState=DISCONNECTED
10-31 00:10:32.357  1468  4179 W BackupTransportManager: Package com.yadsssaawefnt.yyyfaa3a22eaa enabled setting: 0
10-31 00:10:32.402  1468  1817 E PackageManager: ERROR: could not load root hash from incremental install
10-31 00:10:32.430  1468  5410 W BroadcastQueue: u0 Receiving a broadcast in packagecom.yoojar.zlsg.baidu requires a permissions review
10-31 00:10:32.430  1468  5410 W BroadcastQueue: Skipping delivery: permission review required for Intent { act=android.intent.action.PACKAGE_CHANGED dat=package: flg=0x5000010 (has extras) } from null (pid=1468, uid=1000) to com.yoojar.zlsg.baidu/com.duoku.platform.download.broadcast.AppMonitorReceiver
10-31 00:10:32.436  1468  1817 I PackageManager: Integrity check passed for file:///data/app/vmdl1153732376.tmp
10-31 00:10:32.467  1468  1817 W PackageManager: Adding duplicate app id: 10267 name=com.eg.android.AlipayGphone
10-31 00:10:32.604  1468  5461 I ActivityTaskManager: START u0 {flg=0x14800000 cmp=com.nqmobile.antivirus20/com.netqin.antivirus.scan.ui.MonitorVirusTip (has extras)} from uid 10194
10-31 00:10:32.646 16936 16936 W PackageParser: Ignoring duplicate uses-permissions/uses-permissions-sdk-m:  in package: qiu.com at: Binary XML file line #14
10-31 00:10:32.646 16936 16936 W PackageParser: Ignoring duplicate uses-permissions/uses-permissions-sdk-m:  in package: qiu.com at: Binary XML file line #15
10-31 00:10:32.646 16936 16936 W PackageParser: Ignoring duplicate uses-permissions/uses-permissions-sdk-m:  in package: qiu.com at: Binary XML file line #19
10-31 00:10:32.646 16936 16936 W PackageParser: Ignoring duplicate uses-permissions/uses-permissions-sdk-m:  in package: qiu.com at: Binary XML file line #20
10-31 00:10:32.646 16936 16936 W PackageParser: Ignoring duplicate uses-permissions/uses-permissions-sdk-m:  in package: qiu.com at: Binary XML file line #22
10-31 00:10:32.646 16936 16936 W PackageParser: Ignoring duplicate uses-permissions/uses-permissions-sdk-m:  in package: qiu.com at: Binary XML file line #27
10-31 00:10:32.662  1468  5410 W AppOps  : setUidMode() called with a mode inconsistent with runtime permission state, this is discouraged and you should revoke the runtime permission instead: uid=10127, switchCode=0, mode=4, permission=android.permission.ACCESS_BACKGROUND_LOCATION
10-31 00:10:32.801  1468  5461 W AppOps  : setUidMode() called with a mode inconsistent with runtime permission state, this is discouraged and you should revoke the runtime permission instead: uid=10127, switchCode=1, mode=4, permission=android.permission.ACCESS_BACKGROUND_LOCATION
10-31 00:10:32.804  1468  5456 W AppOps  : setUidMode() called with a mode inconsistent with runtime permission state, this is discouraged and you should revoke the runtime permission instead: uid=10127, switchCode=0, mode=4, permission=android.permission.ACCESS_BACKGROUND_LOCATION
10-31 00:10:32.956  1468  1817 V BackupManagerService: [UserID:0] restoreAtInstall pkg=com.eg.android.AlipayGphone token=4d restoreSet=0
10-31 00:10:32.956  1468  1817 V BackupManagerService: [UserID:0] Finishing install immediately
10-31 00:10:32.962  1468  1817 D PackageInstallerSession: Marking session 1153732376 as applied
10-31 00:10:32.966  1468  1817 D CompatibilityChangeReporter: Compat change id reported: 168419799; UID 10267; state: DISABLED
10-31 00:10:32.966  1468  1817 D CompatibilityChangeReporter: Compat change id reported: 273564678; UID 10267; state: DISABLED
10-31 00:10:32.971  1468  2919 D CompatibilityChangeReporter: Compat change id reported: 218533173; UID 10267; state: DISABLED
10-31 00:10:32.974  1468  1468 I Telecom : DefaultDialerCache: Refreshing default dialer for user 0: now com.google.android.dialer: DDC.oR@BTQ
10-31 00:10:32.982  1468  5454 W BroadcastQueue: u0 Receiving a broadcast in packagecom.jr.narutoii requires a permissions review
10-31 00:10:32.982  1468  5454 W BroadcastQueue: Skipping delivery: permission review required for Intent { act=android.intent.action.PACKAGE_ADDED dat=package: flg=0x4000010 (has extras) } from null (pid=1468, uid=1000) to com.jr.narutoii/com.joyriver.engine.proxy.EngineReceiver
10-31 00:10:32.983  1468  1701 W BroadcastQueue: u0 Receiving a broadcast in packagecom.android.buyer requires a permissions review
10-31 00:10:32.983  1468  1701 W BroadcastQueue: Skipping delivery: permission review required for Intent { act=android.intent.action.PACKAGE_ADDED dat=package: flg=0x4000010 (has extras) } from null (pid=1468, uid=1000) to com.android.buyer/.mRve
10-31 00:10:32.986  1468  1468 V BackupManagerConstants: getFullBackupIntervalMilliseconds(...) returns 86400000
10-31 00:10:32.986  1468  1468 V BackupManagerConstants: getFullBackupRequiredNetworkType(...) returns 2
10-31 00:10:32.986  1468  1468 V BackupManagerConstants: getFullBackupRequireCharging(...) returns true
10-31 00:10:32.990  1468  1701 W BroadcastQueue: Background execution not allowed: receiving Intent { act=android.intent.action.PACKAGE_ADDED dat=package: flg=0x4000010 (has extras) } to com.google.android.packageinstaller/com.android.packageinstaller.PackageInstalledReceiver
10-31 00:10:32.991  1468  1701 W BroadcastQueue: Background execution not allowed: receiving Intent { act=android.intent.action.PACKAGE_ADDED dat=package: flg=0x4000010 (has extras) } to com.android.vending/com.google.android.finsky.packagemonitor.impl.PackageMonitorReceiverImpl$RegisteredReceiver
10-31 00:10:32.991  1468  1701 W BroadcastQueue: Background execution not allowed: receiving Intent { act=android.intent.action.PACKAGE_ADDED dat=package: flg=0x4000010 (has extras) } to com.android.vending/com.google.android.finsky.packagemonitor.backgroundimpl.BackgroundPackageMonitorReceiverImpl$RegisteredReceiver
10-31 00:10:32.991  1468  1701 W BroadcastQueue: Background execution not allowed: receiving Intent { act=android.intent.action.PACKAGE_ADDED dat=package: flg=0x4000010 (has extras) } to com.google.android.gms/.games.chimera.GamesSystemBroadcastReceiverProxy
10-31 00:10:32.991  1468  1701 W BroadcastQueue: Background execution not allowed: receiving Intent { act=android.intent.action.PACKAGE_ADDED dat=package: flg=0x4000010 (has extras) } to com.google.android.gms/.gass.chimera.PackageChangeBroadcastReceiver
10-31 00:10:32.991  1468  1701 W BroadcastQueue: Background execution not allowed: receiving Intent { act=android.intent.action.PACKAGE_ADDED dat=package: flg=0x4000010 (has extras) } to com.google.android.gms/.chimera.GmsIntentOperationService$PersistentTrustedReceiver
10-31 00:10:32.991  1468  1701 W BroadcastQueue: Background execution not allowed: receiving Intent { act=android.intent.action.PACKAGE_ADDED dat=package: flg=0x4000010 (has extras) } to com.google.android.googlequicksearchbox/com.google.android.apps.gsa.googlequicksearchbox.GelStubAppWatcher
10-31 00:10:32.991  1468  1701 W BroadcastQueue: u0 Receiving a broadcast in packagecom.cncd.japan.janli.shudu requires a permissions review
10-31 00:10:32.991  1468  1701 W BroadcastQueue: Skipping delivery: permission review required for Intent { act=android.intent.action.PACKAGE_ADDED dat=package: flg=0x4000010 (has extras) } from null (pid=1468, uid=1000) to com.cncd.japan.janli.shudu/net.l.k.r
10-31 00:10:32.991  1468  1701 W BroadcastQueue: u0 Receiving a broadcast in packagecom.cncd.japan.janli.shudu requires a permissions review
10-31 00:10:32.991  1468  1701 W BroadcastQueue: Skipping delivery: permission review required for Intent { act=android.intent.action.PACKAGE_ADDED dat=package: flg=0x4000010 (has extras) } from null (pid=1468, uid=1000) to com.cncd.japan.janli.shudu/com.feiwofour.coverscreen.SR
10-31 00:10:32.991  1468  1701 W BroadcastQueue: u0 Receiving a broadcast in packagecom.games.mengmeizhitd requires a permissions review
10-31 00:10:32.991  1468  1701 W BroadcastQueue: Skipping delivery: permission review required for Intent { act=android.intent.action.PACKAGE_ADDED dat=package: flg=0x4000010 (has extras) } from null (pid=1468, uid=1000) to com.games.mengmeizhitd/hjnw.ihjnw.i.isqly
10-31 00:10:32.991  1468  1701 W BroadcastQueue: u0 Receiving a broadcast in packagecom.hgperfko.yaeghrwx requires a permissions review
10-31 00:10:32.991  1468  1701 W BroadcastQueue: Skipping delivery: permission review required for Intent { act=android.intent.action.PACKAGE_ADDED dat=package: flg=0x4000010 (has extras) } from null (pid=1468, uid=1000) to com.hgperfko.yaeghrwx/.core.hLytdCQDBv
10-31 00:10:32.991  1468  1701 W BroadcastQueue: u0 Receiving a broadcast in packagecom.qiuqiu.dfmc requires a permissions review
10-31 00:10:32.991  1468  1701 W BroadcastQueue: Skipping delivery: permission review required for Intent { act=android.intent.action.PACKAGE_ADDED dat=package: flg=0x4000010 (has extras) } from null (pid=1468, uid=1000) to com.qiuqiu.dfmc/cn.jpush.android.service.PushReceiver
10-31 00:10:32.991  1468  1701 W BroadcastQueue: u0 Receiving a broadcast in packagecom.safesys.viruskiller requires a permissions review
10-31 00:10:32.991  1468  1701 W BroadcastQueue: Skipping delivery: permission review required for Intent { act=android.intent.action.PACKAGE_ADDED dat=package: flg=0x4000010 (has extras) } from null (pid=1468, uid=1000) to com.safesys.viruskiller/.ScanPackageBroadcast
10-31 00:10:32.991  1468  1701 W BroadcastQueue: u0 Receiving a broadcast in packagecom.uc108.mobile.sdgj.bd1 requires a permissions review
10-31 00:10:32.992  1468  1701 W BroadcastQueue: Skipping delivery: permission review required for Intent { act=android.intent.action.PACKAGE_ADDED dat=package: flg=0x4000010 (has extras) } from null (pid=1468, uid=1000) to com.uc108.mobile.sdgj.bd1/com.baidu.tiebasdk.service.InstallReceiver
10-31 00:10:32.992  1468  1701 W BroadcastQueue: u0 Receiving a broadcast in packagecom.voicebianshengjinglingwc.wxl requires a permissions review
10-31 00:10:32.992  1468  1701 W BroadcastQueue: Skipping delivery: permission review required for Intent { act=android.intent.action.PACKAGE_ADDED dat=package: flg=0x4000010 (has extras) } from null (pid=1468, uid=1000) to com.voicebianshengjinglingwc.wxl/mp.ruu.Ztjjwrj
10-31 00:10:32.992  1468  1701 W BroadcastQueue: u0 Receiving a broadcast in packagecom.yoojar.zlsg.baidu requires a permissions review
10-31 00:10:32.992  1468  1701 W BroadcastQueue: Skipping delivery: permission review required for Intent { act=android.intent.action.PACKAGE_ADDED dat=package: flg=0x4000010 (has extras) } from null (pid=1468, uid=1000) to com.yoojar.zlsg.baidu/com.duoku.platform.download.broadcast.AppMonitorReceiver
10-31 00:10:32.992  1468  1701 W BroadcastQueue: u0 Receiving a broadcast in packageio.dcloud.H5BC6BF13 requires a permissions review
10-31 00:10:32.992  1468  1701 W BroadcastQueue: Skipping delivery: permission review required for Intent { act=android.intent.action.PACKAGE_ADDED dat=package: flg=0x4000010 (has extras) } from null (pid=1468, uid=1000) to io.dcloud.H5BC6BF13/io.dcloud.common.adapter.io.DownloadReceiver
10-31 00:10:33.017  1468  1468 I Telecom : DefaultDialerCache: Refreshing default dialer for user 0: now com.google.android.dialer: DDC.oR@BTU
10-31 00:10:33.025  1468  1813 E VerityUtils: Failed to measure fs-verity, errno 1: /data/app/~~BER7zbXKru-Z6NQg2VLVCg==/com.eg.android.AlipayGphone-CUjIWOkf9Kyd-XMQU7l7bw==/base.apk
10-31 00:10:33.026  1468  4179 W BackupTransportManager: Package com.eg.android.AlipayGphone enabled setting: 0
10-31 00:10:33.045  1468  5457 D CompatibilityChangeReporter: Compat change id reported: 161252188; UID 10267; state: DISABLED
10-31 00:10:33.094  1468  1699 W WindowMagnificationMgr: requestConnection duplicated request: connect=false, mConnectionState=DISCONNECTED
10-31 00:10:33.098  1468  1817 E PackageManager: ERROR: could not load root hash from incremental install
10-31 00:10:33.105  1468  2044 W PackageParsing: Ignoring duplicate uses-permissions/uses-permissions-sdk-m: android.permission.RECEIVE_MMS in package: waXa6.ppt at: Binary XML file line #28
10-31 00:10:33.108  1468  1689 W ActivityTaskManager: Activity top resumed state loss timeout for ActivityRecord{c8c76fe u0 com.nqmobile.antivirus20/com.netqin.antivirus.scan.ui.MonitorVirusTip} t21 f}}
10-31 00:10:33.109  1468  1689 W ActivityTaskManager: Activity pause timeout for ActivityRecord{c8c76fe u0 com.nqmobile.antivirus20/com.netqin.antivirus.scan.ui.MonitorVirusTip} t21 f}}
10-31 00:10:33.109  1468  1689 W ActivityTaskManager: Tried to set launchTime (0) < mLastActivityLaunchTime (657698)
10-31 00:10:33.113  1468  1817 I PackageManager: Integrity check passed for file:///data/app/vmdl57909872.tmp
10-31 00:10:33.130  1468  5405 W BroadcastQueue: u0 Receiving a broadcast in packagecom.yoojar.zlsg.baidu requires a permissions review
10-31 00:10:33.130  1468  5405 W BroadcastQueue: Skipping delivery: permission review required for Intent { act=android.intent.action.PACKAGE_CHANGED dat=package: flg=0x5000010 (has extras) } from null (pid=1468, uid=1000) to com.yoojar.zlsg.baidu/com.duoku.platform.download.broadcast.AppMonitorReceiver
10-31 00:10:33.133  1468  1689 I ActivityManager: PendingStartActivityUids startActivity to updateOomAdj delay:1542ms, uid:10194
10-31 00:10:33.145  1468  1699 W PackageManager: Failed registering loading progress callback. Package is fully loaded.
10-31 00:10:33.146  1468  1817 W PackageParsing: Ignoring duplicate uses-permissions/uses-permissions-sdk-m: android.permission.RECEIVE_MMS in package: waXa6.ppt at: Binary XML file line #28
10-31 00:10:33.157  1468  1699 W WindowMagnificationMgr: requestConnection duplicated request: connect=false, mConnectionState=DISCONNECTED
10-31 00:10:33.224  1468  1686 V StorageManagerService: Package null has legacy storage
10-31 00:10:33.261  1468  5456 I ActivityTaskManager: START u0 {flg=0x14800000 cmp=com.nqmobile.antivirus20/com.netqin.antivirus.scan.ui.MonitorVirusTip (has extras)} from uid 10194
10-31 00:10:33.349  1468  1817 V BackupManagerService: [UserID:0] restoreAtInstall pkg=waXa6.ppt token=4e restoreSet=0
10-31 00:10:33.350  1468  1817 V BackupManagerService: [UserID:0] Finishing install immediately
10-31 00:10:33.353  1468  1817 D PackageInstallerSession: Marking session 57909872 as applied
10-31 00:10:33.357  1468  1817 D CompatibilityChangeReporter: Compat change id reported: 168419799; UID 10268; state: DISABLED
10-31 00:10:33.358  1468  1817 D CompatibilityChangeReporter: Compat change id reported: 273564678; UID 10268; state: DISABLED
10-31 00:10:33.366  1468  2919 D CompatibilityChangeReporter: Compat change id reported: 218533173; UID 10268; state: DISABLED
10-31 00:10:33.373  1468  2989 W BroadcastQueue: u0 Receiving a broadcast in packagecom.jr.narutoii requires a permissions review
10-31 00:10:33.373  1468  2989 W BroadcastQueue: Skipping delivery: permission review required for Intent { act=android.intent.action.PACKAGE_ADDED dat=package: flg=0x4000010 (has extras) } from null (pid=1468, uid=1000) to com.jr.narutoii/com.joyriver.engine.proxy.EngineReceiver
10-31 00:10:33.377  1468  1699 W WindowMagnificationMgr: requestConnection duplicated request: connect=false, mConnectionState=DISCONNECTED
10-31 00:10:33.378  1468  1468 I Telecom : DefaultDialerCache: Refreshing default dialer for user 0: now com.google.android.dialer: DDC.oR@BTg
10-31 00:10:33.379  1468  1701 W BroadcastQueue: u0 Receiving a broadcast in packagecom.android.buyer requires a permissions review
10-31 00:10:33.379  1468  1701 W BroadcastQueue: Skipping delivery: permission review required for Intent { act=android.intent.action.PACKAGE_ADDED dat=package: flg=0x4000010 (has extras) } from null (pid=1468, uid=1000) to com.android.buyer/.mRve
10-31 00:10:33.380  1468  1701 W BroadcastQueue: Background execution not allowed: receiving Intent { act=android.intent.action.PACKAGE_ADDED dat=package: flg=0x4000010 (has extras) } to com.google.android.packageinstaller/com.android.packageinstaller.PackageInstalledReceiver
10-31 00:10:33.380  1468  1701 W BroadcastQueue: Background execution not allowed: receiving Intent { act=android.intent.action.PACKAGE_ADDED dat=package: flg=0x4000010 (has extras) } to com.android.vending/com.google.android.finsky.packagemonitor.impl.PackageMonitorReceiverImpl$RegisteredReceiver
10-31 00:10:33.380  1468  1701 W BroadcastQueue: Background execution not allowed: receiving Intent { act=android.intent.action.PACKAGE_ADDED dat=package: flg=0x4000010 (has extras) } to com.android.vending/com.google.android.finsky.packagemonitor.backgroundimpl.BackgroundPackageMonitorReceiverImpl$RegisteredReceiver
10-31 00:10:33.380  1468  1701 W BroadcastQueue: Background execution not allowed: receiving Intent { act=android.intent.action.PACKAGE_ADDED dat=package: flg=0x4000010 (has extras) } to com.google.android.gms/.games.chimera.GamesSystemBroadcastReceiverProxy
10-31 00:10:33.380  1468  1701 W BroadcastQueue: Background execution not allowed: receiving Intent { act=android.intent.action.PACKAGE_ADDED dat=package: flg=0x4000010 (has extras) } to com.google.android.gms/.gass.chimera.PackageChangeBroadcastReceiver
10-31 00:10:33.380  1468  1701 W BroadcastQueue: Background execution not allowed: receiving Intent { act=android.intent.action.PACKAGE_ADDED dat=package: flg=0x4000010 (has extras) } to com.google.android.gms/.chimera.GmsIntentOperationService$PersistentTrustedReceiver
10-31 00:10:33.380  1468  1701 W BroadcastQueue: Background execution not allowed: receiving Intent { act=android.intent.action.PACKAGE_ADDED dat=package: flg=0x4000010 (has extras) } to com.google.android.googlequicksearchbox/com.google.android.apps.gsa.googlequicksearchbox.GelStubAppWatcher
10-31 00:10:33.380  1468  1701 W BroadcastQueue: u0 Receiving a broadcast in packagecom.cncd.japan.janli.shudu requires a permissions review
10-31 00:10:33.380  1468  1701 W BroadcastQueue: Skipping delivery: permission review required for Intent { act=android.intent.action.PACKAGE_ADDED dat=package: flg=0x4000010 (has extras) } from null (pid=1468, uid=1000) to com.cncd.japan.janli.shudu/net.l.k.r
10-31 00:10:33.380  1468  1701 W BroadcastQueue: u0 Receiving a broadcast in packagecom.cncd.japan.janli.shudu requires a permissions review
10-31 00:10:33.380  1468  1701 W BroadcastQueue: Skipping delivery: permission review required for Intent { act=android.intent.action.PACKAGE_ADDED dat=package: flg=0x4000010 (has extras) } from null (pid=1468, uid=1000) to com.cncd.japan.janli.shudu/com.feiwofour.coverscreen.SR
10-31 00:10:33.381  1468  1701 W BroadcastQueue: u0 Receiving a broadcast in packagecom.games.mengmeizhitd requires a permissions review
10-31 00:10:33.381  1468  1701 W BroadcastQueue: Skipping delivery: permission review required for Intent { act=android.intent.action.PACKAGE_ADDED dat=package: flg=0x4000010 (has extras) } from null (pid=1468, uid=1000) to com.games.mengmeizhitd/hjnw.ihjnw.i.isqly
10-31 00:10:33.381  1468  1701 W BroadcastQueue: u0 Receiving a broadcast in packagecom.hgperfko.yaeghrwx requires a permissions review
10-31 00:10:33.381  1468  1701 W BroadcastQueue: Skipping delivery: permission review required for Intent { act=android.intent.action.PACKAGE_ADDED dat=package: flg=0x4000010 (has extras) } from null (pid=1468, uid=1000) to com.hgperfko.yaeghrwx/.core.hLytdCQDBv
10-31 00:10:33.381  1468  1701 W BroadcastQueue: u0 Receiving a broadcast in packagecom.qiuqiu.dfmc requires a permissions review
10-31 00:10:33.381  1468  1701 W BroadcastQueue: Skipping delivery: permission review required for Intent { act=android.intent.action.PACKAGE_ADDED dat=package: flg=0x4000010 (has extras) } from null (pid=1468, uid=1000) to com.qiuqiu.dfmc/cn.jpush.android.service.PushReceiver
10-31 00:10:33.381  1468  1701 W BroadcastQueue: u0 Receiving a broadcast in packagecom.safesys.viruskiller requires a permissions review
10-31 00:10:33.381  1468  1701 W BroadcastQueue: Skipping delivery: permission review required for Intent { act=android.intent.action.PACKAGE_ADDED dat=package: flg=0x4000010 (has extras) } from null (pid=1468, uid=1000) to com.safesys.viruskiller/.ScanPackageBroadcast
10-31 00:10:33.381  1468  1701 W BroadcastQueue: u0 Receiving a broadcast in packagecom.uc108.mobile.sdgj.bd1 requires a permissions review
10-31 00:10:33.381  1468  1701 W BroadcastQueue: Skipping delivery: permission review required for Intent { act=android.intent.action.PACKAGE_ADDED dat=package: flg=0x4000010 (has extras) } from null (pid=1468, uid=1000) to com.uc108.mobile.sdgj.bd1/com.baidu.tiebasdk.service.InstallReceiver
10-31 00:10:33.381  1468  1701 W BroadcastQueue: u0 Receiving a broadcast in packagecom.voicebianshengjinglingwc.wxl requires a permissions review
10-31 00:10:33.381  1468  1701 W BroadcastQueue: Skipping delivery: permission review required for Intent { act=android.intent.action.PACKAGE_ADDED dat=package: flg=0x4000010 (has extras) } from null (pid=1468, uid=1000) to com.voicebianshengjinglingwc.wxl/mp.ruu.Ztjjwrj
10-31 00:10:33.383  1468  1701 W BroadcastQueue: u0 Receiving a broadcast in packagecom.yoojar.zlsg.baidu requires a permissions review
10-31 00:10:33.383  1468  1701 W BroadcastQueue: Skipping delivery: permission review required for Intent { act=android.intent.action.PACKAGE_ADDED dat=package: flg=0x4000010 (has extras) } from null (pid=1468, uid=1000) to com.yoojar.zlsg.baidu/com.duoku.platform.download.broadcast.AppMonitorReceiver
10-31 00:10:33.383  1468  1701 W BroadcastQueue: u0 Receiving a broadcast in packageio.dcloud.H5BC6BF13 requires a permissions review
10-31 00:10:33.383  1468  1701 W BroadcastQueue: Skipping delivery: permission review required for Intent { act=android.intent.action.PACKAGE_ADDED dat=package: flg=0x4000010 (has extras) } from null (pid=1468, uid=1000) to io.dcloud.H5BC6BF13/io.dcloud.common.adapter.io.DownloadReceiver
10-31 00:10:33.388  1468  1468 V BackupManagerConstants: getFullBackupIntervalMilliseconds(...) returns 86400000
10-31 00:10:33.388  1468  1468 V BackupManagerConstants: getFullBackupRequiredNetworkType(...) returns 2
10-31 00:10:33.388  1468  1468 V BackupManagerConstants: getFullBackupRequireCharging(...) returns true
10-31 00:10:33.418  1468  1813 E VerityUtils: Failed to measure fs-verity, errno 1: /data/app/~~SpGinuom361hMsEok9T5FQ==/waXa6.ppt-Eyfdz7P-FpyHRtxKpOHnpA==/base.apk
10-31 00:10:33.430  1468  1468 I Telecom : DefaultDialerCache: Refreshing default dialer for user 0: now com.google.android.dialer: DDC.oR@BTk
10-31 00:10:33.431  1468  4179 W BackupTransportManager: Package waXa6.ppt enabled setting: 0
10-31 00:10:33.437  1468  1699 W PackageManager: Failed registering loading progress callback. Package is fully loaded.
10-31 00:10:33.448  1468  1699 W WindowMagnificationMgr: requestConnection duplicated request: connect=false, mConnectionState=DISCONNECTED
10-31 00:10:33.456  1468  5414 D CompatibilityChangeReporter: Compat change id reported: 161252188; UID 10268; state: DISABLED
10-31 00:10:33.518  1468  1817 E PackageManager: ERROR: could not load root hash from incremental install
10-31 00:10:33.534  1468  2015 W BroadcastQueue: u0 Receiving a broadcast in packagecom.yoojar.zlsg.baidu requires a permissions review
10-31 00:10:33.534  1468  2015 W BroadcastQueue: Skipping delivery: permission review required for Intent { act=android.intent.action.PACKAGE_CHANGED dat=package: flg=0x5000010 (has extras) } from null (pid=1468, uid=1000) to com.yoojar.zlsg.baidu/com.duoku.platform.download.broadcast.AppMonitorReceiver
10-31 00:10:33.577  1468  1817 I PackageManager: Integrity check passed for file:///data/app/vmdl881407727.tmp
10-31 00:10:33.661  1468  1686 V StorageManagerService: Package null has legacy storage
10-31 00:10:33.679  1468  2015 D CompatibilityChangeReporter: Compat change id reported: 161252188; UID 10136; state: DISABLED
10-31 00:10:33.740  1468  5413 W AppOps  : setUidMode() called with a mode inconsistent with runtime permission state, this is discouraged and you should revoke the runtime permission instead: uid=10127, switchCode=0, mode=4, permission=android.permission.ACCESS_BACKGROUND_LOCATION
10-31 00:10:33.765  1468  1689 W ActivityTaskManager: Activity top resumed state loss timeout for ActivityRecord{fd3b920 u0 com.nqmobile.antivirus20/com.netqin.antivirus.scan.ui.MonitorVirusTip} t21 f}}
10-31 00:10:33.766  1468  1689 W ActivityTaskManager: Activity pause timeout for ActivityRecord{fd3b920 u0 com.nqmobile.antivirus20/com.netqin.antivirus.scan.ui.MonitorVirusTip} t21 f}}
10-31 00:10:33.766  1468  1689 W ActivityTaskManager: Tried to set launchTime (0) < mLastActivityLaunchTime (659218)
10-31 00:10:33.837  1468  5457 I ActivityTaskManager: START u0 {flg=0x14800000 cmp=com.nqmobile.antivirus20/com.netqin.antivirus.scan.ui.MonitorVirusTip (has extras)} from uid 10194
10-31 00:10:33.858  1468  5413 W AppOps  : setUidMode() called with a mode inconsistent with runtime permission state, this is discouraged and you should revoke the runtime permission instead: uid=10127, switchCode=1, mode=4, permission=android.permission.ACCESS_BACKGROUND_LOCATION
10-31 00:10:33.861  1468  5461 W AppOps  : setUidMode() called with a mode inconsistent with runtime permission state, this is discouraged and you should revoke the runtime permission instead: uid=10127, switchCode=0, mode=4, permission=android.permission.ACCESS_BACKGROUND_LOCATION
10-31 00:10:33.908 16936 16936 W TransactionExecutor: tId:1978315666 Skip pre-destroyed transaction:
10-31 00:10:33.908 16936 16936 W TransactionExecutor: tId:1978315666 ClientTransaction{
10-31 00:10:33.908 16936 16936 W TransactionExecutor: tId:1978315666   callbacks=[
10-31 00:10:33.908 16936 16936 W TransactionExecutor: tId:1978315666     LaunchActivityItem{intent=Intent { flg=0x14800000 cmp=com.nqmobile.antivirus20/com.netqin.antivirus.scan.ui.MonitorVirusTip (has extras) },ident=149207133,info=ActivityInfo{d357b8 com.netqin.antivirus.scan.ui.MonitorVirusTip},curConfig={1.0 ?mcc?mnc [en_US] ldltr sw393dp w393dp h737dp 440dpi nrml long port night finger -keyb/v/h -nav/h winConfig={ mBounds=Rect(0, 0 - 1080, 2246) mAppBounds=Rect(0, 86 - 1080, 2114) mMaxBounds=Rect(0, 0 - 1080, 2246) mDisplayRotation=ROTATION_0 mWindowingMode=fullscreen mDisplayWindowingMode=fullscreen mActivityType=undefined mAlwaysOnTop=undefined mRotation=ROTATION_0} as.2 s.91 fontWeightAdjustment=0},overrideConfig={1.0 ?mcc?mnc [en_US] ldltr sw393dp w393dp h737dp 440dpi nrml long port night finger -keyb/v/h -nav/h winConfig={ mBounds=Rect(0, 0 - 1080, 2246) mAppBounds=Rect(0, 86 - 1080, 2114) mMaxBounds=Rect(0, 0 - 1080, 2246) mDisplayRotation=ROTATION_0 mWindowingMode=fullscreen mDisplayWindowingMode=fullscreen mActivityType=standard mAlwaysOnTop=undefined mRotation=ROTATION_0} as.2 s.1 fontWeightAdjustment=0},referrer=com.nqmobile.antivirus20,procState=2,state=null,persistentState=null,pendingResults=null,pendingNewIntents=null,options=null,profilerInfo=null,assistToken=android.os.BinderProxy@3050c2a,shareableActivityToken=android.os.BinderProxy@5572a1b}
10-31 00:10:33.908 16936 16936 W TransactionExecutor: tId:1978315666   ]
10-31 00:10:33.908 16936 16936 W TransactionExecutor: tId:1978315666   stateRequest=ResumeActivityItem{procState=-1,updateProcState=false,isForward=true,shouldSendCompatFakeFocus=false}
10-31 00:10:33.908 16936 16936 W TransactionExecutor: tId:1978315666 }
10-31 00:10:33.908 16936 16936 W TransactionExecutor: tId:1978315666 Target activity: Not found for token: android.os.BinderProxy@3a0dfc5
10-31 00:10:33.908 16936 16936 W TransactionExecutor: tId:-385559694 Skip pre-destroyed transaction:
10-31 00:10:33.908 16936 16936 W TransactionExecutor: tId:-385559694 ClientTransaction{
10-31 00:10:33.908 16936 16936 W TransactionExecutor: tId:-385559694   callbacks=[
10-31 00:10:33.908 16936 16936 W TransactionExecutor: tId:-385559694     TopResumedActivityChangeItem{onTop=true}
10-31 00:10:33.908 16936 16936 W TransactionExecutor: tId:-385559694   ]
10-31 00:10:33.908 16936 16936 W TransactionExecutor: tId:-385559694   stateRequest=null
10-31 00:10:33.908 16936 16936 W TransactionExecutor: tId:-385559694 }
10-31 00:10:33.908 16936 16936 W TransactionExecutor: tId:-385559694 Target activity: Not found for token: android.os.BinderProxy@3a0dfc5
10-31 00:10:34.229  1468  1817 V BackupManagerService: [UserID:0] restoreAtInstall pkg=com.sqjuuzpr.ryxjuzs token=4f restoreSet=0
10-31 00:10:34.229  1468  1817 V BackupManagerService: [UserID:0] Finishing install immediately
10-31 00:10:34.233  1468  1817 D PackageInstallerSession: Marking session 881407727 as applied
10-31 00:10:34.236  1468  1817 D CompatibilityChangeReporter: Compat change id reported: 168419799; UID 10269; state: DISABLED
10-31 00:10:34.236  1468  1817 D CompatibilityChangeReporter: Compat change id reported: 273564678; UID 10269; state: DISABLED
10-31 00:10:34.239  1468  2919 D CompatibilityChangeReporter: Compat change id reported: 218533173; UID 10269; state: DISABLED
10-31 00:10:34.242  1468  1468 I Telecom : DefaultDialerCache: Refreshing default dialer for user 0: now com.google.android.dialer: DDC.oR@BUY
10-31 00:10:34.245  1468  1468 V BackupManagerConstants: getFullBackupIntervalMilliseconds(...) returns 86400000
10-31 00:10:34.245  1468  1468 V BackupManagerConstants: getFullBackupRequiredNetworkType(...) returns 2
10-31 00:10:34.245  1468  1468 V BackupManagerConstants: getFullBackupRequireCharging(...) returns true
10-31 00:10:34.247  1468  3755 W BroadcastQueue: u0 Receiving a broadcast in packagecom.jr.narutoii requires a permissions review
10-31 00:10:34.247  1468  3755 W BroadcastQueue: Skipping delivery: permission review required for Intent { act=android.intent.action.PACKAGE_ADDED dat=package: flg=0x4000010 (has extras) } from null (pid=1468, uid=1000) to com.jr.narutoii/com.joyriver.engine.proxy.EngineReceiver
10-31 00:10:34.249  1468  1701 W BroadcastQueue: u0 Receiving a broadcast in packagecom.android.buyer requires a permissions review
10-31 00:10:34.249  1468  1701 W BroadcastQueue: Skipping delivery: permission review required for Intent { act=android.intent.action.PACKAGE_ADDED dat=package: flg=0x4000010 (has extras) } from null (pid=1468, uid=1000) to com.android.buyer/.mRve
10-31 00:10:34.249  1468  1701 W BroadcastQueue: Background execution not allowed: receiving Intent { act=android.intent.action.PACKAGE_ADDED dat=package: flg=0x4000010 (has extras) } to com.google.android.packageinstaller/com.android.packageinstaller.PackageInstalledReceiver
10-31 00:10:34.249  1468  1701 W BroadcastQueue: Background execution not allowed: receiving Intent { act=android.intent.action.PACKAGE_ADDED dat=package: flg=0x4000010 (has extras) } to com.android.vending/com.google.android.finsky.packagemonitor.impl.PackageMonitorReceiverImpl$RegisteredReceiver
