10-31 00:10:46.765 16936 16936 W TransactionExecutor: tId:-1561519232     LaunchActivityItem{intent=Intent { flg=0x14800000 cmp=com.nqmobile.antivirus20/com.netqin.antivirus.scan.ui.MonitorVirusTip (has extras) },ident=105439346,info=ActivityInfo{61be0b4 com.netqin.antivirus.scan.ui.MonitorVirusTip},curConfig={1.0 ?mcc?mnc [en_US] ldltr sw393dp w393dp h737dp 440dpi nrml long port night finger -keyb/v/h -nav/h winConfig={ mBounds=Rect(0, 0 - 1080, 2246) mAppBounds=Rect(0, 86 - 1080, 2114) mMaxBounds=Rect(0, 0 - 1080, 2246) mDisplayRotation=ROTATION_0 mWindowingMode=fullscreen mDisplayWindowingMode=fullscreen mActivityType=undefined mAlwaysOnTop=undefined mRotation=ROTATION_0} as.2 s.91 fontWeightAdjustment=0},overrideConfig={1.0 ?mcc?mnc [en_US] ldltr sw393dp w393dp h737dp 440dpi nrml long port night finger -keyb/v/h -nav/h winConfig={ mBounds=Rect(0, 0 - 1080, 2246) mAppBounds=Rect(0, 86 - 1080, 2114) mMaxBounds=Rect(0, 0 - 1080, 2246) mDisplayRotation=ROTATION_0 mWindowingMode=fullscreen mDisplayWindowingMode=fullscreen mActivityType=standard mAlwaysOnTop=undefined mRotation=ROTATION_0} as.2 s.1 fontWeightAdjustment=0},referrer=com.nqmobile.antivirus20,procState=2,state=null,persistentState=null,pendingResults=null,pendingNewIntents=null,options=null,profilerInfo=null,assistToken=android.os.BinderProxy@f8bd5c6,shareableActivityToken=android.os.BinderProxy@6d08987}
10-31 00:10:46.765 16936 16936 W TransactionExecutor: tId:-1561519232   ]
10-31 00:10:46.765 16936 16936 W TransactionExecutor: tId:-1561519232   stateRequest=ResumeActivityItem{procState=-1,updateProcState=false,isForward=true,shouldSendCompatFakeFocus=false}
10-31 00:10:46.765 16936 16936 W TransactionExecutor: tId:-1561519232 }
10-31 00:10:46.765 16936 16936 W TransactionExecutor: tId:-1561519232 Target activity: Not found for token: android.os.BinderProxy@8d8798e
10-31 00:10:46.765 16936 16936 W TransactionExecutor: tId:-298029765 Skip pre-destroyed transaction:
10-31 00:10:46.765 16936 16936 W TransactionExecutor: tId:-298029765 ClientTransaction{
10-31 00:10:46.765 16936 16936 W TransactionExecutor: tId:-298029765   callbacks=[
10-31 00:10:46.765 16936 16936 W TransactionExecutor: tId:-298029765     TopResumedActivityChangeItem{onTop=true}
10-31 00:10:46.765 16936 16936 W TransactionExecutor: tId:-298029765   ]
10-31 00:10:46.765 16936 16936 W TransactionExecutor: tId:-298029765   stateRequest=null
10-31 00:10:46.765 16936 16936 W TransactionExecutor: tId:-298029765 }
10-31 00:10:46.765 16936 16936 W TransactionExecutor: tId:-298029765 Target activity: Not found for token: android.os.BinderProxy@8d8798e
10-31 00:10:46.765 16936 16936 W TransactionExecutor: tId:-298059556 Skip pre-destroyed transaction:
10-31 00:10:46.765 16936 16936 W TransactionExecutor: tId:-298059556 ClientTransaction{
10-31 00:10:46.765 16936 16936 W TransactionExecutor: tId:-298059556   callbacks=[
10-31 00:10:46.765 16936 16936 W TransactionExecutor: tId:-298059556     TopResumedActivityChangeItem{onTop=false}
10-31 00:10:46.765 16936 16936 W TransactionExecutor: tId:-298059556   ]
10-31 00:10:46.765 16936 16936 W TransactionExecutor: tId:-298059556   stateRequest=null
10-31 00:10:46.765 16936 16936 W TransactionExecutor: tId:-298059556 }
10-31 00:10:46.765 16936 16936 W TransactionExecutor: tId:-298059556 Target activity: Not found for token: android.os.BinderProxy@8d8798e
10-31 00:10:46.765 16936 16936 W TransactionExecutor: tId:135855161 Skip pre-destroyed transaction:
10-31 00:10:46.765 16936 16936 W TransactionExecutor: tId:135855161 ClientTransaction{
10-31 00:10:46.765 16936 16936 W TransactionExecutor: tId:135855161   callbacks=[]
10-31 00:10:46.765 16936 16936 W TransactionExecutor: tId:135855161   stateRequest=PauseActivityItem{finished=true,userLeaving=false,configChanges=0,dontReport=false,autoEnteringPip=false}
10-31 00:10:46.765 16936 16936 W TransactionExecutor: tId:135855161 }
10-31 00:10:46.765 16936 16936 W TransactionExecutor: tId:135855161 Target activity: Not found for token: android.os.BinderProxy@8d8798e
10-31 00:10:46.777  1468  1699 W WindowMagnificationMgr: requestConnection duplicated request: connect=false, mConnectionState=DISCONNECTED
10-31 00:10:46.783  1468  3211 D CoreBackPreview: Window{1bfe799 u0 com.nqmobile.antivirus20/com.netqin.antivirus.scan.ui.MonitorVirusTip}: Setting back callback OnBackInvokedCallbackInfo{mCallback=android.window.IOnBackInvokedCallback$Stub$Proxy@bc0ce6a, mPriority=0}
10-31 00:10:46.794  1468  5461 D CoreBackPreview: Window{139152f u0 com.nqmobile.antivirus20/com.netqin.antivirus.scan.ui.MonitorVirusTip}: Setting back callback OnBackInvokedCallbackInfo{mCallback=android.window.IOnBackInvokedCallback$Stub$Proxy@7e1a61a, mPriority=0}
10-31 00:10:46.796 16936 16936 W TransactionExecutor: tId:-298923495 Skip pre-destroyed transaction:
10-31 00:10:46.796 16936 16936 W TransactionExecutor: tId:-298923495 ClientTransaction{
10-31 00:10:46.796 16936 16936 W TransactionExecutor: tId:-298923495   callbacks=[]
10-31 00:10:46.796 16936 16936 W TransactionExecutor: tId:-298923495   stateRequest=DestroyActivityItem{finished=true,mConfigChanges=0}
10-31 00:10:46.796 16936 16936 W TransactionExecutor: tId:-298923495 }
10-31 00:10:46.796 16936 16936 W TransactionExecutor: tId:-298923495 Target activity: Not found for token: android.os.BinderProxy@8d8798e
10-31 00:10:46.796 16936 16936 W TransactionExecutor: tId:-262175174 Skip pre-destroyed transaction:
10-31 00:10:46.796 16936 16936 W TransactionExecutor: tId:-262175174 ClientTransaction{
10-31 00:10:46.796 16936 16936 W TransactionExecutor: tId:-262175174   callbacks=[]
10-31 00:10:46.796 16936 16936 W TransactionExecutor: tId:-262175174   stateRequest=DestroyActivityItem{finished=true,mConfigChanges=0}
10-31 00:10:46.796 16936 16936 W TransactionExecutor: tId:-262175174 }
10-31 00:10:46.796 16936 16936 W TransactionExecutor: tId:-262175174 Target activity: Not found for token: android.os.BinderProxy@b0935af
10-31 00:10:46.796 16936 16936 W TransactionExecutor: tId:-352866745 Skip pre-destroyed transaction:
10-31 00:10:46.796 16936 16936 W TransactionExecutor: tId:-352866745 ClientTransaction{
10-31 00:10:46.796 16936 16936 W TransactionExecutor: tId:-352866745   callbacks=[]
10-31 00:10:46.796 16936 16936 W TransactionExecutor: tId:-352866745   stateRequest=DestroyActivityItem{finished=true,mConfigChanges=0}
10-31 00:10:46.796 16936 16936 W TransactionExecutor: tId:-352866745 }
10-31 00:10:46.796 16936 16936 W TransactionExecutor: tId:-352866745 Target activity: Not found for token: android.os.BinderProxy@5a15dbc
10-31 00:10:46.796 16936 16936 W TransactionExecutor: tId:-251481648 Skip pre-destroyed transaction:
10-31 00:10:46.796 16936 16936 W TransactionExecutor: tId:-251481648 ClientTransaction{
10-31 00:10:46.796 16936 16936 W TransactionExecutor: tId:-251481648   callbacks=[]
10-31 00:10:46.796 16936 16936 W TransactionExecutor: tId:-251481648   stateRequest=DestroyActivityItem{finished=true,mConfigChanges=0}
10-31 00:10:46.796 16936 16936 W TransactionExecutor: tId:-251481648 }
10-31 00:10:46.796 16936 16936 W TransactionExecutor: tId:-251481648 Target activity: Not found for token: android.os.BinderProxy@bac6145
10-31 00:10:46.819  1468  5454 D CoreBackPreview: Window{f3926e7 u0 com.nqmobile.antivirus20/com.netqin.antivirus.scan.ui.MonitorVirusTip}: Setting back callback OnBackInvokedCallbackInfo{mCallback=android.window.IOnBackInvokedCallback$Stub$Proxy@e73aacf, mPriority=0}
10-31 00:10:46.826  1468  1699 W PackageManager: Failed registering loading progress callback. Package is fully loaded.
10-31 00:10:46.830  1468  1550 D CoreBackPreview: Window{3ffa7d8 u0 com.nqmobile.antivirus20/com.netqin.antivirus.scan.ui.MonitorVirusTip}: Setting back callback OnBackInvokedCallbackInfo{mCallback=android.window.IOnBackInvokedCallback$Stub$Proxy@d0c66fa, mPriority=0}
10-31 00:10:46.842  1468  1699 W WindowMagnificationMgr: requestConnection duplicated request: connect=false, mConnectionState=DISCONNECTED
10-31 00:10:46.848  1468  4203 W AppOps  : setUidMode() called with a mode inconsistent with runtime permission state, this is discouraged and you should revoke the runtime permission instead: uid=10127, switchCode=1, mode=4, permission=android.permission.ACCESS_BACKGROUND_LOCATION
10-31 00:10:46.852  1468  3211 W BroadcastQueue: u0 Receiving a broadcast in packagecom.yoojar.zlsg.baidu requires a permissions review
10-31 00:10:46.852  1468  3211 W BroadcastQueue: Skipping delivery: permission review required for Intent { act=android.intent.action.PACKAGE_CHANGED dat=package: flg=0x5000010 (has extras) } from null (pid=1468, uid=1000) to com.yoojar.zlsg.baidu/com.duoku.platform.download.broadcast.AppMonitorReceiver
10-31 00:10:46.881  1468  5411 W AppOps  : setUidMode() called with a mode inconsistent with runtime permission state, this is discouraged and you should revoke the runtime permission instead: uid=10127, switchCode=0, mode=4, permission=android.permission.ACCESS_BACKGROUND_LOCATION
10-31 00:10:47.037  1468  1817 E PackageManager: ERROR: could not load root hash from incremental install
10-31 00:10:47.067  1468  1817 I PackageManager: Integrity check passed for file:///data/app/vmdl2137873736.tmp
10-31 00:10:47.182  1468  1686 V StorageManagerService: Package null has legacy storage
10-31 00:10:47.326  1468  5406 I ActivityTaskManager: START u0 {flg=0x14800000 cmp=com.nqmobile.antivirus20/com.netqin.antivirus.scan.ui.MonitorVirusTip (has extras)} from uid 10194
10-31 00:10:47.547  1468  1817 V BackupManagerService: [UserID:0] restoreAtInstall pkg=com.foresight.mobowifi token=62 restoreSet=0
10-31 00:10:47.548  1468  1817 V BackupManagerService: [UserID:0] Finishing install immediately
10-31 00:10:47.550  1468  1817 D PackageInstallerSession: Marking session 2137873736 as applied
10-31 00:10:47.558  1468  1817 D CompatibilityChangeReporter: Compat change id reported: 168419799; UID 10288; state: DISABLED
10-31 00:10:47.558  1468  1817 D CompatibilityChangeReporter: Compat change id reported: 273564678; UID 10288; state: DISABLED
10-31 00:10:47.561  1468  1701 W BroadcastQueue: u0 Receiving a broadcast in packagecom.jr.narutoii requires a permissions review
10-31 00:10:47.561  1468  2919 D CompatibilityChangeReporter: Compat change id reported: 218533173; UID 10288; state: DISABLED
10-31 00:10:47.561  1468  1701 W BroadcastQueue: Skipping delivery: permission review required for Intent { act=android.intent.action.PACKAGE_ADDED dat=package: flg=0x4000010 (has extras) } from null (pid=1468, uid=1000) to com.jr.narutoii/com.joyriver.engine.proxy.EngineReceiver
10-31 00:10:47.561  1468  1701 W BroadcastQueue: u0 Receiving a broadcast in packagecom.android.buyer requires a permissions review
10-31 00:10:47.562  1468  1701 W BroadcastQueue: Skipping delivery: permission review required for Intent { act=android.intent.action.PACKAGE_ADDED dat=package: flg=0x4000010 (has extras) } from null (pid=1468, uid=1000) to com.android.buyer/.mRve
10-31 00:10:47.562  1468  1701 W BroadcastQueue: Background execution not allowed: receiving Intent { act=android.intent.action.PACKAGE_ADDED dat=package: flg=0x4000010 (has extras) } to com.google.android.packageinstaller/com.android.packageinstaller.PackageInstalledReceiver
10-31 00:10:47.562  1468  1701 W BroadcastQueue: Background execution not allowed: receiving Intent { act=android.intent.action.PACKAGE_ADDED dat=package: flg=0x4000010 (has extras) } to com.android.vending/com.google.android.finsky.packagemonitor.impl.PackageMonitorReceiverImpl$RegisteredReceiver
10-31 00:10:47.562  1468  1701 W BroadcastQueue: Background execution not allowed: receiving Intent { act=android.intent.action.PACKAGE_ADDED dat=package: flg=0x4000010 (has extras) } to com.android.vending/com.google.android.finsky.packagemonitor.backgroundimpl.BackgroundPackageMonitorReceiverImpl$RegisteredReceiver
10-31 00:10:47.562  1468  1701 W BroadcastQueue: Background execution not allowed: receiving Intent { act=android.intent.action.PACKAGE_ADDED dat=package: flg=0x4000010 (has extras) } to com.google.android.gms/.games.chimera.GamesSystemBroadcastReceiverProxy
10-31 00:10:47.562  1468  1701 W BroadcastQueue: Background execution not allowed: receiving Intent { act=android.intent.action.PACKAGE_ADDED dat=package: flg=0x4000010 (has extras) } to com.google.android.gms/.gass.chimera.PackageChangeBroadcastReceiver
10-31 00:10:47.562  1468  1701 W BroadcastQueue: Background execution not allowed: receiving Intent { act=android.intent.action.PACKAGE_ADDED dat=package: flg=0x4000010 (has extras) } to com.google.android.gms/.chimera.GmsIntentOperationService$PersistentTrustedReceiver
10-31 00:10:47.562  1468  1701 W BroadcastQueue: Background execution not allowed: receiving Intent { act=android.intent.action.PACKAGE_ADDED dat=package: flg=0x4000010 (has extras) } to com.google.android.googlequicksearchbox/com.google.android.apps.gsa.googlequicksearchbox.GelStubAppWatcher
10-31 00:10:47.562  1468  1701 W BroadcastQueue: u0 Receiving a broadcast in packagecom.cncd.japan.janli.shudu requires a permissions review
10-31 00:10:47.562  1468  1701 W BroadcastQueue: Skipping delivery: permission review required for Intent { act=android.intent.action.PACKAGE_ADDED dat=package: flg=0x4000010 (has extras) } from null (pid=1468, uid=1000) to com.cncd.japan.janli.shudu/net.l.k.r
10-31 00:10:47.562  1468  1701 W BroadcastQueue: u0 Receiving a broadcast in packagecom.cncd.japan.janli.shudu requires a permissions review
10-31 00:10:47.562  1468  1701 W BroadcastQueue: Skipping delivery: permission review required for Intent { act=android.intent.action.PACKAGE_ADDED dat=package: flg=0x4000010 (has extras) } from null (pid=1468, uid=1000) to com.cncd.japan.janli.shudu/com.feiwofour.coverscreen.SR
10-31 00:10:47.562  1468  1701 W BroadcastQueue: u0 Receiving a broadcast in packagecom.games.mengmeizhitd requires a permissions review
10-31 00:10:47.562  1468  1701 W BroadcastQueue: Skipping delivery: permission review required for Intent { act=android.intent.action.PACKAGE_ADDED dat=package: flg=0x4000010 (has extras) } from null (pid=1468, uid=1000) to com.games.mengmeizhitd/hjnw.ihjnw.i.isqly
10-31 00:10:47.563  1468  1701 W BroadcastQueue: u0 Receiving a broadcast in packagecom.hgperfko.yaeghrwx requires a permissions review
10-31 00:10:47.563  1468  1701 W BroadcastQueue: Skipping delivery: permission review required for Intent { act=android.intent.action.PACKAGE_ADDED dat=package: flg=0x4000010 (has extras) } from null (pid=1468, uid=1000) to com.hgperfko.yaeghrwx/.core.hLytdCQDBv
10-31 00:10:47.563  1468  1701 W BroadcastQueue: u0 Receiving a broadcast in packagecom.qiuqiu.dfmc requires a permissions review
10-31 00:10:47.563  1468  1701 W BroadcastQueue: Skipping delivery: permission review required for Intent { act=android.intent.action.PACKAGE_ADDED dat=package: flg=0x4000010 (has extras) } from null (pid=1468, uid=1000) to com.qiuqiu.dfmc/cn.jpush.android.service.PushReceiver
10-31 00:10:47.563  1468  1701 W BroadcastQueue: u0 Receiving a broadcast in packagecom.safesys.viruskiller requires a permissions review
10-31 00:10:47.563  1468  1701 W BroadcastQueue: Skipping delivery: permission review required for Intent { act=android.intent.action.PACKAGE_ADDED dat=package: flg=0x4000010 (has extras) } from null (pid=1468, uid=1000) to com.safesys.viruskiller/.ScanPackageBroadcast
10-31 00:10:47.563  1468  1701 W BroadcastQueue: u0 Receiving a broadcast in packagecom.uc108.mobile.sdgj.bd1 requires a permissions review
10-31 00:10:47.563  1468  1701 W BroadcastQueue: Skipping delivery: permission review required for Intent { act=android.intent.action.PACKAGE_ADDED dat=package: flg=0x4000010 (has extras) } from null (pid=1468, uid=1000) to com.uc108.mobile.sdgj.bd1/com.baidu.tiebasdk.service.InstallReceiver
10-31 00:10:47.563  1468  1701 W BroadcastQueue: u0 Receiving a broadcast in packagecom.voicebianshengjinglingwc.wxl requires a permissions review
10-31 00:10:47.563  1468  1701 W BroadcastQueue: Skipping delivery: permission review required for Intent { act=android.intent.action.PACKAGE_ADDED dat=package: flg=0x4000010 (has extras) } from null (pid=1468, uid=1000) to com.voicebianshengjinglingwc.wxl/mp.ruu.Ztjjwrj
10-31 00:10:47.563  1468  1701 W BroadcastQueue: u0 Receiving a broadcast in packagecom.yoojar.zlsg.baidu requires a permissions review
10-31 00:10:47.563  1468  1701 W BroadcastQueue: Skipping delivery: permission review required for Intent { act=android.intent.action.PACKAGE_ADDED dat=package: flg=0x4000010 (has extras) } from null (pid=1468, uid=1000) to com.yoojar.zlsg.baidu/com.duoku.platform.download.broadcast.AppMonitorReceiver
10-31 00:10:47.563  1468  1701 W BroadcastQueue: u0 Receiving a broadcast in packageio.dcloud.H5BC6BF13 requires a permissions review
10-31 00:10:47.563  1468  1701 W BroadcastQueue: Skipping delivery: permission review required for Intent { act=android.intent.action.PACKAGE_ADDED dat=package: flg=0x4000010 (has extras) } from null (pid=1468, uid=1000) to io.dcloud.H5BC6BF13/io.dcloud.common.adapter.io.DownloadReceiver
10-31 00:10:47.565  1468  5454 W AppOps  : setUidMode() called with a mode inconsistent with runtime permission state, this is discouraged and you should revoke the runtime permission instead: uid=10127, switchCode=0, mode=4, permission=android.permission.ACCESS_BACKGROUND_LOCATION
10-31 00:10:47.600  1468  1813 E VerityUtils: Failed to measure fs-verity, errno 1: /data/app/~~3IHaOj_satFWYHPOIm7PNA==/com.foresight.mobowifi-pNrM4xKAxOoYhB_n3dpR3Q==/base.apk
10-31 00:10:47.625  1468  5454 D CompatibilityChangeReporter: Compat change id reported: 161252188; UID 10288; state: DISABLED
10-31 00:10:47.635  1468  1699 W WindowMagnificationMgr: requestConnection duplicated request: connect=false, mConnectionState=DISCONNECTED
10-31 00:10:47.652  1468  1468 I Telecom : DefaultDialerCache: Refreshing default dialer for user 0: now com.google.android.dialer: DDC.oR@BhQ
10-31 00:10:47.655  1468  1468 V BackupManagerConstants: getFullBackupIntervalMilliseconds(...) returns 86400000
10-31 00:10:47.655  1468  1468 V BackupManagerConstants: getFullBackupRequiredNetworkType(...) returns 2
10-31 00:10:47.655  1468  1468 V BackupManagerConstants: getFullBackupRequireCharging(...) returns true
10-31 00:10:47.695  1468  1468 I Telecom : DefaultDialerCache: Refreshing default dialer for user 0: now com.google.android.dialer: DDC.oR@Bhc
10-31 00:10:47.711  1468  1699 W PackageManager: Failed registering loading progress callback. Package is fully loaded.
10-31 00:10:47.735  1468  4179 W BackupTransportManager: Package com.foresight.mobowifi enabled setting: 0
10-31 00:10:47.737  1468  1699 W WindowMagnificationMgr: requestConnection duplicated request: connect=false, mConnectionState=DISCONNECTED
10-31 00:10:47.747  1468  5463 W BroadcastQueue: u0 Receiving a broadcast in packagecom.yoojar.zlsg.baidu requires a permissions review
10-31 00:10:47.747  1468  5463 W BroadcastQueue: Skipping delivery: permission review required for Intent { act=android.intent.action.PACKAGE_CHANGED dat=package: flg=0x5000010 (has extras) } from null (pid=1468, uid=1000) to com.yoojar.zlsg.baidu/com.duoku.platform.download.broadcast.AppMonitorReceiver
10-31 00:10:47.826  1468  1817 E PackageManager: ERROR: could not load root hash from incremental install
10-31 00:10:47.829  1468  1689 W ActivityTaskManager: Activity top resumed state loss timeout for ActivityRecord{1cd2e44 u0 com.nqmobile.antivirus20/com.netqin.antivirus.scan.ui.MonitorVirusTip} t21 f}}
10-31 00:10:47.829  1468  1689 W ActivityTaskManager: Activity pause timeout for ActivityRecord{1cd2e44 u0 com.nqmobile.antivirus20/com.netqin.antivirus.scan.ui.MonitorVirusTip} t21 f}}
10-31 00:10:47.829  1468  1689 W ActivityTaskManager: Tried to set launchTime (0) < mLastActivityLaunchTime (672734)
10-31 00:10:47.851  1468  5463 W AppOps  : setUidMode() called with a mode inconsistent with runtime permission state, this is discouraged and you should revoke the runtime permission instead: uid=10127, switchCode=1, mode=4, permission=android.permission.ACCESS_BACKGROUND_LOCATION
10-31 00:10:47.857  1468  2989 W AppOps  : setUidMode() called with a mode inconsistent with runtime permission state, this is discouraged and you should revoke the runtime permission instead: uid=10127, switchCode=0, mode=4, permission=android.permission.ACCESS_BACKGROUND_LOCATION
10-31 00:10:47.863  1468  1817 I PackageManager: Integrity check passed for file:///data/app/vmdl1746220739.tmp
10-31 00:10:47.982  1468  1686 V StorageManagerService: Package null does not have legacy storage
10-31 00:10:48.237  1468  2015 I ActivityManager: Background started FGS: Allowed [callingPackage: com.google.android.apps.wellbeing; callingUid: 10121; uidState: BFGS; intent: Intent { cmp=com.google.android.apps.wellbeing/com.google.apps.tiktok.concurrent.InternalForegroundService (has extras) }; code:BACKGROUND_ACTIVITY_PERMISSION; tempAllowListReason:<null>; targetSdkVersion:33; callerTargetSdkVersion:33; startForegroundCount:0; bindFromPackage:null]
10-31 00:10:48.351  1468  1550 D CompatibilityChangeReporter: Compat change id reported: 161145287; UID 10137; state: DISABLED
10-31 00:10:48.442  1468  1468 I NotificationService: Cannot find enqueued record for key: 0|com.google.android.apps.wellbeing|174344743|null|10121
10-31 00:10:48.556  1468  1550 W AppOps  : setUidMode() called with a mode inconsistent with runtime permission state, this is discouraged and you should revoke the runtime permission instead: uid=10127, switchCode=0, mode=4, permission=android.permission.ACCESS_BACKGROUND_LOCATION
10-31 00:10:48.583  1468  1817 V BackupManagerService: [UserID:0] restoreAtInstall pkg=host.meadow.inmate token=63 restoreSet=0
10-31 00:10:48.583  1468  1817 V BackupManagerService: [UserID:0] Finishing install immediately
10-31 00:10:48.585  1468  1817 D PackageInstallerSession: Marking session 1746220739 as applied
10-31 00:10:48.589  1468  1817 D CompatibilityChangeReporter: Compat change id reported: 168419799; UID 10289; state: DISABLED
10-31 00:10:48.589  1468  1817 D CompatibilityChangeReporter: Compat change id reported: 273564678; UID 10289; state: DISABLED
10-31 00:10:48.594  1468  2919 D CompatibilityChangeReporter: Compat change id reported: 218533173; UID 10289; state: DISABLED
10-31 00:10:48.598  1468  1468 I Telecom : DefaultDialerCache: Refreshing default dialer for user 0: now com.google.android.dialer: DDC.oR@Bho
10-31 00:10:48.600  1468  5461 W BroadcastQueue: u0 Receiving a broadcast in packagecom.jr.narutoii requires a permissions review
10-31 00:10:48.600  1468  5461 W BroadcastQueue: Skipping delivery: permission review required for Intent { act=android.intent.action.PACKAGE_ADDED dat=package: flg=0x4000010 (has extras) } from null (pid=1468, uid=1000) to com.jr.narutoii/com.joyriver.engine.proxy.EngineReceiver
10-31 00:10:48.601  1468  1701 W BroadcastQueue: u0 Receiving a broadcast in packagecom.android.buyer requires a permissions review
10-31 00:10:48.601  1468  1701 W BroadcastQueue: Skipping delivery: permission review required for Intent { act=android.intent.action.PACKAGE_ADDED dat=package: flg=0x4000010 (has extras) } from null (pid=1468, uid=1000) to com.android.buyer/.mRve
10-31 00:10:48.601  1468  1701 W BroadcastQueue: Background execution not allowed: receiving Intent { act=android.intent.action.PACKAGE_ADDED dat=package: flg=0x4000010 (has extras) } to com.google.android.packageinstaller/com.android.packageinstaller.PackageInstalledReceiver
10-31 00:10:48.601  1468  1701 W BroadcastQueue: Background execution not allowed: receiving Intent { act=android.intent.action.PACKAGE_ADDED dat=package: flg=0x4000010 (has extras) } to com.android.vending/com.google.android.finsky.packagemonitor.impl.PackageMonitorReceiverImpl$RegisteredReceiver
10-31 00:10:48.601  1468  1701 W BroadcastQueue: Background execution not allowed: receiving Intent { act=android.intent.action.PACKAGE_ADDED dat=package: flg=0x4000010 (has extras) } to com.android.vending/com.google.android.finsky.packagemonitor.backgroundimpl.BackgroundPackageMonitorReceiverImpl$RegisteredReceiver
10-31 00:10:48.601  1468  1701 W BroadcastQueue: Background execution not allowed: receiving Intent { act=android.intent.action.PACKAGE_ADDED dat=package: flg=0x4000010 (has extras) } to com.google.android.gms/.games.chimera.GamesSystemBroadcastReceiverProxy
10-31 00:10:48.601  1468  1701 W BroadcastQueue: Background execution not allowed: receiving Intent { act=android.intent.action.PACKAGE_ADDED dat=package: flg=0x4000010 (has extras) } to com.google.android.gms/.gass.chimera.PackageChangeBroadcastReceiver
10-31 00:10:48.601  1468  1701 W BroadcastQueue: Background execution not allowed: receiving Intent { act=android.intent.action.PACKAGE_ADDED dat=package: flg=0x4000010 (has extras) } to com.google.android.gms/.chimera.GmsIntentOperationService$PersistentTrustedReceiver
10-31 00:10:48.603  1468  1701 W BroadcastQueue: Background execution not allowed: receiving Intent { act=android.intent.action.PACKAGE_ADDED dat=package: flg=0x4000010 (has extras) } to com.google.android.googlequicksearchbox/com.google.android.apps.gsa.googlequicksearchbox.GelStubAppWatcher
10-31 00:10:48.604  1468  1701 W BroadcastQueue: u0 Receiving a broadcast in packagecom.cncd.japan.janli.shudu requires a permissions review
10-31 00:10:48.604  1468  1701 W BroadcastQueue: Skipping delivery: permission review required for Intent { act=android.intent.action.PACKAGE_ADDED dat=package: flg=0x4000010 (has extras) } from null (pid=1468, uid=1000) to com.cncd.japan.janli.shudu/net.l.k.r
10-31 00:10:48.604  1468  1701 W BroadcastQueue: u0 Receiving a broadcast in packagecom.cncd.japan.janli.shudu requires a permissions review
10-31 00:10:48.604  1468  1701 W BroadcastQueue: Skipping delivery: permission review required for Intent { act=android.intent.action.PACKAGE_ADDED dat=package: flg=0x4000010 (has extras) } from null (pid=1468, uid=1000) to com.cncd.japan.janli.shudu/com.feiwofour.coverscreen.SR
10-31 00:10:48.604  1468  1701 W BroadcastQueue: u0 Receiving a broadcast in packagecom.games.mengmeizhitd requires a permissions review
10-31 00:10:48.604  1468  1701 W BroadcastQueue: Skipping delivery: permission review required for Intent { act=android.intent.action.PACKAGE_ADDED dat=package: flg=0x4000010 (has extras) } from null (pid=1468, uid=1000) to com.games.mengmeizhitd/hjnw.ihjnw.i.isqly
10-31 00:10:48.604  1468  1701 W BroadcastQueue: u0 Receiving a broadcast in packagecom.hgperfko.yaeghrwx requires a permissions review
10-31 00:10:48.604  1468  1701 W BroadcastQueue: Skipping delivery: permission review required for Intent { act=android.intent.action.PACKAGE_ADDED dat=package: flg=0x4000010 (has extras) } from null (pid=1468, uid=1000) to com.hgperfko.yaeghrwx/.core.hLytdCQDBv
10-31 00:10:48.604  1468  1701 W BroadcastQueue: u0 Receiving a broadcast in packagecom.qiuqiu.dfmc requires a permissions review
10-31 00:10:48.604  1468  1701 W BroadcastQueue: Skipping delivery: permission review required for Intent { act=android.intent.action.PACKAGE_ADDED dat=package: flg=0x4000010 (has extras) } from null (pid=1468, uid=1000) to com.qiuqiu.dfmc/cn.jpush.android.service.PushReceiver
10-31 00:10:48.604  1468  1701 W BroadcastQueue: u0 Receiving a broadcast in packagecom.safesys.viruskiller requires a permissions review
10-31 00:10:48.604  1468  1701 W BroadcastQueue: Skipping delivery: permission review required for Intent { act=android.intent.action.PACKAGE_ADDED dat=package: flg=0x4000010 (has extras) } from null (pid=1468, uid=1000) to com.safesys.viruskiller/.ScanPackageBroadcast
10-31 00:10:48.604  1468  1701 W BroadcastQueue: u0 Receiving a broadcast in packagecom.uc108.mobile.sdgj.bd1 requires a permissions review
10-31 00:10:48.604  1468  1701 W BroadcastQueue: Skipping delivery: permission review required for Intent { act=android.intent.action.PACKAGE_ADDED dat=package: flg=0x4000010 (has extras) } from null (pid=1468, uid=1000) to com.uc108.mobile.sdgj.bd1/com.baidu.tiebasdk.service.InstallReceiver
10-31 00:10:48.604  1468  1701 W BroadcastQueue: u0 Receiving a broadcast in packagecom.voicebianshengjinglingwc.wxl requires a permissions review
10-31 00:10:48.604  1468  1701 W BroadcastQueue: Skipping delivery: permission review required for Intent { act=android.intent.action.PACKAGE_ADDED dat=package: flg=0x4000010 (has extras) } from null (pid=1468, uid=1000) to com.voicebianshengjinglingwc.wxl/mp.ruu.Ztjjwrj
10-31 00:10:48.604  1468  1701 W BroadcastQueue: u0 Receiving a broadcast in packagecom.yoojar.zlsg.baidu requires a permissions review
10-31 00:10:48.604  1468  1701 W BroadcastQueue: Skipping delivery: permission review required for Intent { act=android.intent.action.PACKAGE_ADDED dat=package: flg=0x4000010 (has extras) } from null (pid=1468, uid=1000) to com.yoojar.zlsg.baidu/com.duoku.platform.download.broadcast.AppMonitorReceiver
10-31 00:10:48.604  1468  1701 W BroadcastQueue: u0 Receiving a broadcast in packageio.dcloud.H5BC6BF13 requires a permissions review
10-31 00:10:48.604  1468  1701 W BroadcastQueue: Skipping delivery: permission review required for Intent { act=android.intent.action.PACKAGE_ADDED dat=package: flg=0x4000010 (has extras) } from null (pid=1468, uid=1000) to io.dcloud.H5BC6BF13/io.dcloud.common.adapter.io.DownloadReceiver
10-31 00:10:48.617  1468  1468 V BackupManagerConstants: getFullBackupIntervalMilliseconds(...) returns 86400000
10-31 00:10:48.617  1468  1468 V BackupManagerConstants: getFullBackupRequiredNetworkType(...) returns 2
10-31 00:10:48.617  1468  1468 V BackupManagerConstants: getFullBackupRequireCharging(...) returns true
10-31 00:10:48.625  1468  1468 I Telecom : DefaultDialerCache: Refreshing default dialer for user 0: now com.google.android.dialer: DDC.oR@Bhs
10-31 00:10:48.647  1468  1813 E VerityUtils: Failed to measure fs-verity, errno 1: /data/app/~~r3jNSarzfFzqViT0hgmSYQ==/host.meadow.inmate-ga3l4zdQN_BESoYhLQ1v6A==/base.apk
10-31 00:10:48.651  1468  5800 D CompatibilityChangeReporter: Compat change id reported: 161252188; UID 10289; state: DISABLED
10-31 00:10:48.700  1468  1699 W WindowMagnificationMgr: requestConnection duplicated request: connect=false, mConnectionState=DISCONNECTED
10-31 00:10:48.707  1468  4179 W BackupTransportManager: Package host.meadow.inmate enabled setting: 0
10-31 00:10:48.754  1468  5461 W BroadcastQueue: u0 Receiving a broadcast in packagecom.yoojar.zlsg.baidu requires a permissions review
10-31 00:10:48.754  1468  5461 W BroadcastQueue: Skipping delivery: permission review required for Intent { act=android.intent.action.PACKAGE_CHANGED dat=package: flg=0x5000010 (has extras) } from null (pid=1468, uid=1000) to com.yoojar.zlsg.baidu/com.duoku.platform.download.broadcast.AppMonitorReceiver
10-31 00:10:48.758  1468  3211 W AppOps  : setUidMode() called with a mode inconsistent with runtime permission state, this is discouraged and you should revoke the runtime permission instead: uid=10127, switchCode=1, mode=4, permission=android.permission.ACCESS_BACKGROUND_LOCATION
10-31 00:10:48.761  1468  1817 E PackageManager: ERROR: could not load root hash from incremental install
10-31 00:10:48.762  1468  1699 W PackageManager: Failed registering loading progress callback. Package is fully loaded.
10-31 00:10:48.780  1468  1699 W WindowMagnificationMgr: requestConnection duplicated request: connect=false, mConnectionState=DISCONNECTED
10-31 00:10:48.782  1468  5414 W AppOps  : setUidMode() called with a mode inconsistent with runtime permission state, this is discouraged and you should revoke the runtime permission instead: uid=10127, switchCode=0, mode=4, permission=android.permission.ACCESS_BACKGROUND_LOCATION
10-31 00:10:48.802  1468  1817 I PackageManager: Integrity check passed for file:///data/app/vmdl1370002516.tmp
10-31 00:10:49.217 16936 16936 W PackageParser: Ignoring duplicate uses-permissions/uses-permissions-sdk-m:  in package: com.kp1874 at: Binary XML file line #15
10-31 00:10:49.217 16936 16936 W PackageParser: Ignoring duplicate uses-permissions/uses-permissions-sdk-m:  in package: com.kp1874 at: Binary XML file line #16
10-31 00:10:49.217 16936 16936 W PackageParser: Ignoring duplicate uses-permissions/uses-permissions-sdk-m:  in package: com.kp1874 at: Binary XML file line #19
10-31 00:10:49.217 16936 16936 W PackageParser: Ignoring duplicate uses-permissions/uses-permissions-sdk-m:  in package: com.kp1874 at: Binary XML file line #20
10-31 00:10:49.217 16936 16936 W PackageParser: Ignoring duplicate uses-permissions/uses-permissions-sdk-m:  in package: com.kp1874 at: Binary XML file line #22
10-31 00:10:49.217 16936 16936 W PackageParser: Ignoring duplicate uses-permissions/uses-permissions-sdk-m:  in package: com.kp1874 at: Binary XML file line #27
10-31 00:10:49.236  1468  5414 I ActivityManager: Background started FGS: Allowed [callingPackage: com.google.android.apps.wellbeing; callingUid: 10121; uidState: BFGS; intent: Intent { cmp=com.google.android.apps.wellbeing/com.google.apps.tiktok.concurrent.InternalForegroundService (has extras) }; code:BACKGROUND_ACTIVITY_PERMISSION; tempAllowListReason:<null>; targetSdkVersion:33; callerTargetSdkVersion:33; startForegroundCount:0; bindFromPackage:null]
10-31 00:10:49.314  1468  1817 V BackupManagerService: [UserID:0] restoreAtInstall pkg=segment.coral.blanket token=64 restoreSet=0
10-31 00:10:49.314  1468  1817 V BackupManagerService: [UserID:0] Finishing install immediately
10-31 00:10:49.316  1468  1817 D PackageInstallerSession: Marking session 1370002516 as applied
10-31 00:10:49.322  1468  1817 D CompatibilityChangeReporter: Compat change id reported: 168419799; UID 10290; state: DISABLED
10-31 00:10:49.322  1468  1817 D CompatibilityChangeReporter: Compat change id reported: 273564678; UID 10290; state: DISABLED
10-31 00:10:49.326  1468  2919 D CompatibilityChangeReporter: Compat change id reported: 218533173; UID 10290; state: DISABLED
10-31 00:10:49.327  1468  1701 W BroadcastQueue: u0 Receiving a broadcast in packagecom.jr.narutoii requires a permissions review
10-31 00:10:49.327  1468  1701 W BroadcastQueue: Skipping delivery: permission review required for Intent { act=android.intent.action.PACKAGE_ADDED dat=package: flg=0x4000010 (has extras) } from null (pid=1468, uid=1000) to com.jr.narutoii/com.joyriver.engine.proxy.EngineReceiver
10-31 00:10:49.327  1468  1701 W BroadcastQueue: u0 Receiving a broadcast in packagecom.android.buyer requires a permissions review
10-31 00:10:49.327  1468  1701 W BroadcastQueue: Skipping delivery: permission review required for Intent { act=android.intent.action.PACKAGE_ADDED dat=package: flg=0x4000010 (has extras) } from null (pid=1468, uid=1000) to com.android.buyer/.mRve
10-31 00:10:49.327  1468  1701 W BroadcastQueue: Background execution not allowed: receiving Intent { act=android.intent.action.PACKAGE_ADDED dat=package: flg=0x4000010 (has extras) } to com.google.android.packageinstaller/com.android.packageinstaller.PackageInstalledReceiver
10-31 00:10:49.327  1468  1701 W BroadcastQueue: Background execution not allowed: receiving Intent { act=android.intent.action.PACKAGE_ADDED dat=package: flg=0x4000010 (has extras) } to com.android.vending/com.google.android.finsky.packagemonitor.impl.PackageMonitorReceiverImpl$RegisteredReceiver
10-31 00:10:49.327  1468  1701 W BroadcastQueue: Background execution not allowed: receiving Intent { act=android.intent.action.PACKAGE_ADDED dat=package: flg=0x4000010 (has extras) } to com.android.vending/com.google.android.finsky.packagemonitor.backgroundimpl.BackgroundPackageMonitorReceiverImpl$RegisteredReceiver
10-31 00:10:49.327  1468  1701 W BroadcastQueue: Background execution not allowed: receiving Intent { act=android.intent.action.PACKAGE_ADDED dat=package: flg=0x4000010 (has extras) } to com.google.android.gms/.games.chimera.GamesSystemBroadcastReceiverProxy
10-31 00:10:49.327  1468  1701 W BroadcastQueue: Background execution not allowed: receiving Intent { act=android.intent.action.PACKAGE_ADDED dat=package: flg=0x4000010 (has extras) } to com.google.android.gms/.gass.chimera.PackageChangeBroadcastReceiver
10-31 00:10:49.327  1468  1701 W BroadcastQueue: Background execution not allowed: receiving Intent { act=android.intent.action.PACKAGE_ADDED dat=package: flg=0x4000010 (has extras) } to com.google.android.gms/.chimera.GmsIntentOperationService$PersistentTrustedReceiver
10-31 00:10:49.327  1468  1701 W BroadcastQueue: Background execution not allowed: receiving Intent { act=android.intent.action.PACKAGE_ADDED dat=package: flg=0x4000010 (has extras) } to com.google.android.googlequicksearchbox/com.google.android.apps.gsa.googlequicksearchbox.GelStubAppWatcher
10-31 00:10:49.327  1468  1701 W BroadcastQueue: u0 Receiving a broadcast in packagecom.cncd.japan.janli.shudu requires a permissions review
10-31 00:10:49.327  1468  1701 W BroadcastQueue: Skipping delivery: permission review required for Intent { act=android.intent.action.PACKAGE_ADDED dat=package: flg=0x4000010 (has extras) } from null (pid=1468, uid=1000) to com.cncd.japan.janli.shudu/net.l.k.r
10-31 00:10:49.329  1468  1468 I Telecom : DefaultDialerCache: Refreshing default dialer for user 0: now com.google.android.dialer: DDC.oR@Bh4
10-31 00:10:49.332  1468  1468 V BackupManagerConstants: getFullBackupIntervalMilliseconds(...) returns 86400000
10-31 00:10:49.332  1468  1468 V BackupManagerConstants: getFullBackupRequiredNetworkType(...) returns 2
10-31 00:10:49.332  1468  1468 V BackupManagerConstants: getFullBackupRequireCharging(...) returns true
10-31 00:10:49.343  1468  1701 W BroadcastQueue: u0 Receiving a broadcast in packagecom.cncd.japan.janli.shudu requires a permissions review
10-31 00:10:49.344  1468  1701 W BroadcastQueue: Skipping delivery: permission review required for Intent { act=android.intent.action.PACKAGE_ADDED dat=package: flg=0x4000010 (has extras) } from null (pid=1468, uid=1000) to com.cncd.japan.janli.shudu/com.feiwofour.coverscreen.SR
10-31 00:10:49.344  1468  1701 W BroadcastQueue: u0 Receiving a broadcast in packagecom.games.mengmeizhitd requires a permissions review
10-31 00:10:49.344  1468  1701 W BroadcastQueue: Skipping delivery: permission review required for Intent { act=android.intent.action.PACKAGE_ADDED dat=package: flg=0x4000010 (has extras) } from null (pid=1468, uid=1000) to com.games.mengmeizhitd/hjnw.ihjnw.i.isqly
10-31 00:10:49.344  1468  1701 W BroadcastQueue: u0 Receiving a broadcast in packagecom.hgperfko.yaeghrwx requires a permissions review
10-31 00:10:49.344  1468  1701 W BroadcastQueue: Skipping delivery: permission review required for Intent { act=android.intent.action.PACKAGE_ADDED dat=package: flg=0x4000010 (has extras) } from null (pid=1468, uid=1000) to com.hgperfko.yaeghrwx/.core.hLytdCQDBv
10-31 00:10:49.352  1468  1701 W BroadcastQueue: u0 Receiving a broadcast in packagecom.qiuqiu.dfmc requires a permissions review
10-31 00:10:49.352  1468  1701 W BroadcastQueue: Skipping delivery: permission review required for Intent { act=android.intent.action.PACKAGE_ADDED dat=package: flg=0x4000010 (has extras) } from null (pid=1468, uid=1000) to com.qiuqiu.dfmc/cn.jpush.android.service.PushReceiver
10-31 00:10:49.353  1468  1701 W BroadcastQueue: u0 Receiving a broadcast in packagecom.safesys.viruskiller requires a permissions review
10-31 00:10:49.353  1468  1701 W BroadcastQueue: Skipping delivery: permission review required for Intent { act=android.intent.action.PACKAGE_ADDED dat=package: flg=0x4000010 (has extras) } from null (pid=1468, uid=1000) to com.safesys.viruskiller/.ScanPackageBroadcast
10-31 00:10:49.353  1468  1701 W BroadcastQueue: u0 Receiving a broadcast in packagecom.uc108.mobile.sdgj.bd1 requires a permissions review
10-31 00:10:49.353  1468  1701 W BroadcastQueue: Skipping delivery: permission review required for Intent { act=android.intent.action.PACKAGE_ADDED dat=package: flg=0x4000010 (has extras) } from null (pid=1468, uid=1000) to com.uc108.mobile.sdgj.bd1/com.baidu.tiebasdk.service.InstallReceiver
10-31 00:10:49.353  1468  1701 W BroadcastQueue: u0 Receiving a broadcast in packagecom.voicebianshengjinglingwc.wxl requires a permissions review
10-31 00:10:49.353  1468  1701 W BroadcastQueue: Skipping delivery: permission review required for Intent { act=android.intent.action.PACKAGE_ADDED dat=package: flg=0x4000010 (has extras) } from null (pid=1468, uid=1000) to com.voicebianshengjinglingwc.wxl/mp.ruu.Ztjjwrj
10-31 00:10:49.353  1468  1701 W BroadcastQueue: u0 Receiving a broadcast in packagecom.yoojar.zlsg.baidu requires a permissions review
10-31 00:10:49.353  1468  1701 W BroadcastQueue: Skipping delivery: permission review required for Intent { act=android.intent.action.PACKAGE_ADDED dat=package: flg=0x4000010 (has extras) } from null (pid=1468, uid=1000) to com.yoojar.zlsg.baidu/com.duoku.platform.download.broadcast.AppMonitorReceiver
10-31 00:10:49.353  1468  1701 W BroadcastQueue: u0 Receiving a broadcast in packageio.dcloud.H5BC6BF13 requires a permissions review
10-31 00:10:49.353  1468  1701 W BroadcastQueue: Skipping delivery: permission review required for Intent { act=android.intent.action.PACKAGE_ADDED dat=package: flg=0x4000010 (has extras) } from null (pid=1468, uid=1000) to io.dcloud.H5BC6BF13/io.dcloud.common.adapter.io.DownloadReceiver
10-31 00:10:49.373  1468  1550 D CompatibilityChangeReporter: Compat change id reported: 161252188; UID 10290; state: DISABLED
10-31 00:10:49.383  1468  1813 E VerityUtils: Failed to measure fs-verity, errno 1: /data/app/~~WpwUGqG0Y3TaB5YpfjTwEA==/segment.coral.blanket-1QAl9oj3NOrl_y9p3YTp2Q==/base.apk
10-31 00:10:49.387  1468  1468 I Telecom : DefaultDialerCache: Refreshing default dialer for user 0: now com.google.android.dialer: DDC.oR@BiM
10-31 00:10:49.426  1468  1699 W WindowMagnificationMgr: requestConnection duplicated request: connect=false, mConnectionState=DISCONNECTED
10-31 00:10:49.445  1468  4179 W BackupTransportManager: Package segment.coral.blanket enabled setting: 0
10-31 00:10:49.455  1468  1468 I NotificationService: Cannot find enqueued record for key: 0|com.google.android.apps.wellbeing|174344743|null|10121
10-31 00:10:49.482  1468  1699 W PackageManager: Failed registering loading progress callback. Package is fully loaded.
10-31 00:10:49.499  1468  1699 W WindowMagnificationMgr: requestConnection duplicated request: connect=false, mConnectionState=DISCONNECTED
10-31 00:10:49.535  1468  1817 E PackageManager: ERROR: could not load root hash from incremental install
10-31 00:10:49.543  1468  1817 I PackageManager: Integrity check passed for file:///data/app/vmdl1218220687.tmp
10-31 00:10:49.603  1468  5461 W BroadcastQueue: u0 Receiving a broadcast in packagecom.yoojar.zlsg.baidu requires a permissions review
10-31 00:10:49.603  1468  5461 W BroadcastQueue: Skipping delivery: permission review required for Intent { act=android.intent.action.PACKAGE_CHANGED dat=package: flg=0x5000010 (has extras) } from null (pid=1468, uid=1000) to com.yoojar.zlsg.baidu/com.duoku.platform.download.broadcast.AppMonitorReceiver
10-31 00:10:49.722  1468  1686 V StorageManagerService: Package null has legacy storage
10-31 00:10:49.794  1468  4222 W AppOps  : setUidMode() called with a mode inconsistent with runtime permission state, this is discouraged and you should revoke the runtime permission instead: uid=10127, switchCode=0, mode=4, permission=android.permission.ACCESS_BACKGROUND_LOCATION
10-31 00:10:49.889  1468  5413 W AppOps  : setUidMode() called with a mode inconsistent with runtime permission state, this is discouraged and you should revoke the runtime permission instead: uid=10127, switchCode=1, mode=4, permission=android.permission.ACCESS_BACKGROUND_LOCATION
10-31 00:10:49.893  1468  1817 V BackupManagerService: [UserID:0] restoreAtInstall pkg=kmfci.ydec.kcsftc.sdy token=65 restoreSet=0
10-31 00:10:49.893  1468  1817 V BackupManagerService: [UserID:0] Finishing install immediately
10-31 00:10:49.894  1468  1817 D PackageInstallerSession: Marking session 1218220687 as applied
10-31 00:10:49.894  1468  5413 W AppOps  : setUidMode() called with a mode inconsistent with runtime permission state, this is discouraged and you should revoke the runtime permission instead: uid=10127, switchCode=0, mode=4, permission=android.permission.ACCESS_BACKGROUND_LOCATION
10-31 00:10:49.901  1468  1817 D CompatibilityChangeReporter: Compat change id reported: 168419799; UID 10291; state: DISABLED
10-31 00:10:49.901  1468  1817 D CompatibilityChangeReporter: Compat change id reported: 273564678; UID 10291; state: DISABLED
10-31 00:10:49.906  1468  2919 D CompatibilityChangeReporter: Compat change id reported: 218533173; UID 10291; state: DISABLED
10-31 00:10:49.913  1468  5413 W BroadcastQueue: u0 Receiving a broadcast in packagecom.jr.narutoii requires a permissions review
10-31 00:10:49.913  1468  5413 W BroadcastQueue: Skipping delivery: permission review required for Intent { act=android.intent.action.PACKAGE_ADDED dat=package: flg=0x4000010 (has extras) } from null (pid=1468, uid=1000) to com.jr.narutoii/com.joyriver.engine.proxy.EngineReceiver
10-31 00:10:49.922  1468  1468 I Telecom : DefaultDialerCache: Refreshing default dialer for user 0: now com.google.android.dialer: DDC.oR@Bi4
10-31 00:10:49.924  1468  1701 W BroadcastQueue: u0 Receiving a broadcast in packagecom.android.buyer requires a permissions review
10-31 00:10:49.924  1468  1701 W BroadcastQueue: Skipping delivery: permission review required for Intent { act=android.intent.action.PACKAGE_ADDED dat=package: flg=0x4000010 (has extras) } from null (pid=1468, uid=1000) to com.android.buyer/.mRve
10-31 00:10:49.924  1468  1701 W BroadcastQueue: Background execution not allowed: receiving Intent { act=android.intent.action.PACKAGE_ADDED dat=package: flg=0x4000010 (has extras) } to com.google.android.packageinstaller/com.android.packageinstaller.PackageInstalledReceiver
10-31 00:10:49.924  1468  1701 W BroadcastQueue: Background execution not allowed: receiving Intent { act=android.intent.action.PACKAGE_ADDED dat=package: flg=0x4000010 (has extras) } to com.android.vending/com.google.android.finsky.packagemonitor.impl.PackageMonitorReceiverImpl$RegisteredReceiver
10-31 00:10:49.924  1468  1701 W BroadcastQueue: Background execution not allowed: receiving Intent { act=android.intent.action.PACKAGE_ADDED dat=package: flg=0x4000010 (has extras) } to com.android.vending/com.google.android.finsky.packagemonitor.backgroundimpl.BackgroundPackageMonitorReceiverImpl$RegisteredReceiver
10-31 00:10:49.924  1468  1701 W BroadcastQueue: Background execution not allowed: receiving Intent { act=android.intent.action.PACKAGE_ADDED dat=package: flg=0x4000010 (has extras) } to com.google.android.gms/.games.chimera.GamesSystemBroadcastReceiverProxy
10-31 00:10:49.924  1468  1701 W BroadcastQueue: Background execution not allowed: receiving Intent { act=android.intent.action.PACKAGE_ADDED dat=package: flg=0x4000010 (has extras) } to com.google.android.gms/.gass.chimera.PackageChangeBroadcastReceiver
10-31 00:10:49.924  1468  1701 W BroadcastQueue: Background execution not allowed: receiving Intent { act=android.intent.action.PACKAGE_ADDED dat=package: flg=0x4000010 (has extras) } to com.google.android.gms/.chimera.GmsIntentOperationService$PersistentTrustedReceiver
10-31 00:10:49.924  1468  1701 W BroadcastQueue: Background execution not allowed: receiving Intent { act=android.intent.action.PACKAGE_ADDED dat=package: flg=0x4000010 (has extras) } to com.google.android.googlequicksearchbox/com.google.android.apps.gsa.googlequicksearchbox.GelStubAppWatcher
10-31 00:10:49.927  1468  1701 W BroadcastQueue: u0 Receiving a broadcast in packagecom.cncd.japan.janli.shudu requires a permissions review
10-31 00:10:49.927  1468  1701 W BroadcastQueue: Skipping delivery: permission review required for Intent { act=android.intent.action.PACKAGE_ADDED dat=package: flg=0x4000010 (has extras) } from null (pid=1468, uid=1000) to com.cncd.japan.janli.shudu/net.l.k.r
10-31 00:10:49.927  1468  1701 W BroadcastQueue: u0 Receiving a broadcast in packagecom.cncd.japan.janli.shudu requires a permissions review
10-31 00:10:49.927  1468  1701 W BroadcastQueue: Skipping delivery: permission review required for Intent { act=android.intent.action.PACKAGE_ADDED dat=package: flg=0x4000010 (has extras) } from null (pid=1468, uid=1000) to com.cncd.japan.janli.shudu/com.feiwofour.coverscreen.SR
10-31 00:10:49.927  1468  1701 W BroadcastQueue: u0 Receiving a broadcast in packagecom.games.mengmeizhitd requires a permissions review
10-31 00:10:49.927  1468  1701 W BroadcastQueue: Skipping delivery: permission review required for Intent { act=android.intent.action.PACKAGE_ADDED dat=package: flg=0x4000010 (has extras) } from null (pid=1468, uid=1000) to com.games.mengmeizhitd/hjnw.ihjnw.i.isqly
10-31 00:10:49.927  1468  1701 W BroadcastQueue: u0 Receiving a broadcast in packagecom.hgperfko.yaeghrwx requires a permissions review
10-31 00:10:49.927  1468  1701 W BroadcastQueue: Skipping delivery: permission review required for Intent { act=android.intent.action.PACKAGE_ADDED dat=package: flg=0x4000010 (has extras) } from null (pid=1468, uid=1000) to com.hgperfko.yaeghrwx/.core.hLytdCQDBv
10-31 00:10:49.927  1468  1701 W BroadcastQueue: u0 Receiving a broadcast in packagecom.qiuqiu.dfmc requires a permissions review
10-31 00:10:49.927  1468  1701 W BroadcastQueue: Skipping delivery: permission review required for Intent { act=android.intent.action.PACKAGE_ADDED dat=package: flg=0x4000010 (has extras) } from null (pid=1468, uid=1000) to com.qiuqiu.dfmc/cn.jpush.android.service.PushReceiver
10-31 00:10:49.927  1468  1701 W BroadcastQueue: u0 Receiving a broadcast in packagecom.safesys.viruskiller requires a permissions review
