--------- beginning of system
10-31 00:10:23.406  1468  1701 W BroadcastQueue: Skipping delivery: permission review required for Intent { act=android.intent.action.PACKAGE_ADDED dat=package: flg=0x4000010 (has extras) } from null (pid=1468, uid=1000) to com.games.mengmeizhitd/hjnw.ihjnw.i.isqly
10-31 00:10:23.406  1468  1701 W BroadcastQueue: u0 Receiving a broadcast in packagecom.hgperfko.yaeghrwx requires a permissions review
10-31 00:10:23.406  1468  1701 W BroadcastQueue: Skipping delivery: permission review required for Intent { act=android.intent.action.PACKAGE_ADDED dat=package: flg=0x4000010 (has extras) } from null (pid=1468, uid=1000) to com.hgperfko.yaeghrwx/.core.hLytdCQDBv
10-31 00:10:23.406  1468  1701 W BroadcastQueue: u0 Receiving a broadcast in packagecom.qiuqiu.dfmc requires a permissions review
10-31 00:10:23.406  1468  1701 W BroadcastQueue: Skipping delivery: permission review required for Intent { act=android.intent.action.PACKAGE_ADDED dat=package: flg=0x4000010 (has extras) } from null (pid=1468, uid=1000) to com.qiuqiu.dfmc/cn.jpush.android.service.PushReceiver
10-31 00:10:23.406  1468  1701 W BroadcastQueue: u0 Receiving a broadcast in packagecom.safesys.viruskiller requires a permissions review
10-31 00:10:23.406  1468  1701 W BroadcastQueue: Skipping delivery: permission review required for Intent { act=android.intent.action.PACKAGE_ADDED dat=package: flg=0x4000010 (has extras) } from null (pid=1468, uid=1000) to com.safesys.viruskiller/.ScanPackageBroadcast
10-31 00:10:23.406  1468  1701 W BroadcastQueue: u0 Receiving a broadcast in packagecom.uc108.mobile.sdgj.bd1 requires a permissions review
10-31 00:10:23.406  1468  1701 W BroadcastQueue: Skipping delivery: permission review required for Intent { act=android.intent.action.PACKAGE_ADDED dat=package: flg=0x4000010 (has extras) } from null (pid=1468, uid=1000) to com.uc108.mobile.sdgj.bd1/com.baidu.tiebasdk.service.InstallReceiver
10-31 00:10:23.406  1468  1701 W BroadcastQueue: u0 Receiving a broadcast in packagecom.voicebianshengjinglingwc.wxl requires a permissions review
10-31 00:10:23.406  1468  1701 W BroadcastQueue: Skipping delivery: permission review required for Intent { act=android.intent.action.PACKAGE_ADDED dat=package: flg=0x4000010 (has extras) } from null (pid=1468, uid=1000) to com.voicebianshengjinglingwc.wxl/mp.ruu.Ztjjwrj
10-31 00:10:23.406  1468  1701 W BroadcastQueue: u0 Receiving a broadcast in packageio.dcloud.H5BC6BF13 requires a permissions review
10-31 00:10:23.406  1468  1701 W BroadcastQueue: Skipping delivery: permission review required for Intent { act=android.intent.action.PACKAGE_ADDED dat=package: flg=0x4000010 (has extras) } from null (pid=1468, uid=1000) to io.dcloud.H5BC6BF13/io.dcloud.common.adapter.io.DownloadReceiver
10-31 00:10:23.409  1468  1468 I Telecom : DefaultDialerCache: Refreshing default dialer for user 0: now com.google.android.dialer: DDC.oR@BKY
10-31 00:10:23.417  1468  1468 V BackupManagerConstants: getFullBackupIntervalMilliseconds(...) returns 86400000
10-31 00:10:23.417  1468  1468 V BackupManagerConstants: getFullBackupRequiredNetworkType(...) returns 2
10-31 00:10:23.417  1468  1468 V BackupManagerConstants: getFullBackupRequireCharging(...) returns true
10-31 00:10:23.437  1468  1699 W WindowMagnificationMgr: requestConnection duplicated request: connect=false, mConnectionState=DISCONNECTED
10-31 00:10:23.488  1468  1550 D CompatibilityChangeReporter: Compat change id reported: 161252188; UID 10255; state: DISABLED
10-31 00:10:23.496  1468  1699 W PackageManager: Failed registering loading progress callback. Package is fully loaded.
10-31 00:10:23.503  1468  1817 E PackageManager: ERROR: could not load root hash from incremental install
10-31 00:10:23.523  1468  1813 E VerityUtils: Failed to measure fs-verity, errno 1: /data/app/~~07aX_3Z1agLENmn6u28kkQ==/rsoiogtjulaok.cieldreweq.hbdjtupunuq-Dm4ouncZ_gGh9bqjrxZHNg==/base.apk
10-31 00:10:23.523  1468  1817 I PackageManager: Integrity check passed for file:///data/app/vmdl1793812230.tmp
10-31 00:10:23.528  1468  1468 I Telecom : DefaultDialerCache: Refreshing default dialer for user 0: now com.google.android.dialer: DDC.oR@BKs
10-31 00:10:23.529  1468  4179 W BackupTransportManager: Package rsoiogtjulaok.cieldreweq.hbdjtupunuq enabled setting: 0
10-31 00:10:23.586  1468  1468 I NotificationService: Cannot find enqueued record for key: 0|com.google.android.apps.wellbeing|174344743|null|10121
10-31 00:10:23.615  1468  1699 W WindowMagnificationMgr: requestConnection duplicated request: connect=false, mConnectionState=DISCONNECTED
10-31 00:10:23.656  1468  1689 W ActivityTaskManager: Activity pause timeout for ActivityRecord{a2690e1 u0 com.nqmobile.antivirus20/com.netqin.antivirus.scan.ui.MonitorVirusTip} t21 f}}
10-31 00:10:23.717  1468  1686 V StorageManagerService: Package null does not have legacy storage
10-31 00:10:23.722  1468  1689 W ActivityTaskManager: Tried to set launchTime (0) < mLastActivityLaunchTime (648808)
10-31 00:10:23.786  1468  5800 I ActivityTaskManager: START u0 {flg=0x14800000 cmp=com.nqmobile.antivirus20/com.netqin.antivirus.scan.ui.MonitorVirusTip (has extras)} from uid 10194
10-31 00:10:23.924  1468  5800 W AppOps  : setUidMode() called with a mode inconsistent with runtime permission state, this is discouraged and you should revoke the runtime permission instead: uid=10127, switchCode=0, mode=4, permission=android.permission.ACCESS_BACKGROUND_LOCATION
10-31 00:10:23.984  1468  5461 W AppOps  : setUidMode() called with a mode inconsistent with runtime permission state, this is discouraged and you should revoke the runtime permission instead: uid=10127, switchCode=1, mode=4, permission=android.permission.ACCESS_BACKGROUND_LOCATION
10-31 00:10:23.986  1468  5461 W AppOps  : setUidMode() called with a mode inconsistent with runtime permission state, this is discouraged and you should revoke the runtime permission instead: uid=10127, switchCode=0, mode=4, permission=android.permission.ACCESS_BACKGROUND_LOCATION
10-31 00:10:23.992  1468  5456 I ActivityManager: Background started FGS: Allowed [callingPackage: com.google.android.apps.wellbeing; callingUid: 10121; uidState: BFGS; intent: Intent { cmp=com.google.android.apps.wellbeing/com.google.apps.tiktok.concurrent.InternalForegroundService (has extras) }; code:BACKGROUND_ACTIVITY_PERMISSION; tempAllowListReason:<null>; targetSdkVersion:33; callerTargetSdkVersion:33; startForegroundCount:0; bindFromPackage:null]
10-31 00:10:24.054  1468  1817 V BackupManagerService: [UserID:0] restoreAtInstall pkg=com.android.mobilephone token=42 restoreSet=0
10-31 00:10:24.054  1468  1817 V BackupManagerService: [UserID:0] Finishing install immediately
10-31 00:10:24.055  1468  1817 D PackageInstallerSession: Marking session 1793812230 as applied
10-31 00:10:24.063  1468  1817 D CompatibilityChangeReporter: Compat change id reported: 168419799; UID 10256; state: DISABLED
10-31 00:10:24.063  1468  1817 D CompatibilityChangeReporter: Compat change id reported: 273564678; UID 10256; state: DISABLED
10-31 00:10:24.068  1468  1689 W ActivityTaskManager: Launch timeout has expired, giving up wake lock!
10-31 00:10:24.069  1468  2919 D CompatibilityChangeReporter: Compat change id reported: 218533173; UID 10256; state: DISABLED
10-31 00:10:24.071  1468  5405 W BroadcastQueue: u0 Receiving a broadcast in packagecom.jr.narutoii requires a permissions review
10-31 00:10:24.071  1468  5405 W BroadcastQueue: Skipping delivery: permission review required for Intent { act=android.intent.action.PACKAGE_ADDED dat=package: flg=0x4000010 (has extras) } from null (pid=1468, uid=1000) to com.jr.narutoii/com.joyriver.engine.proxy.EngineReceiver
10-31 00:10:24.074  1468  1468 I Telecom : DefaultDialerCache: Refreshing default dialer for user 0: now com.google.android.dialer: DDC.oR@BLA
10-31 00:10:24.084  1468  1468 V BackupManagerConstants: getFullBackupIntervalMilliseconds(...) returns 86400000
10-31 00:10:24.084  1468  1468 V BackupManagerConstants: getFullBackupRequiredNetworkType(...) returns 2
10-31 00:10:24.084  1468  1468 V BackupManagerConstants: getFullBackupRequireCharging(...) returns true
10-31 00:10:24.089  1468  1701 W BroadcastQueue: u0 Receiving a broadcast in packagecom.android.buyer requires a permissions review
10-31 00:10:24.089  1468  1701 W BroadcastQueue: Skipping delivery: permission review required for Intent { act=android.intent.action.PACKAGE_ADDED dat=package: flg=0x4000010 (has extras) } from null (pid=1468, uid=1000) to com.android.buyer/.mRve
10-31 00:10:24.089  1468  1701 W BroadcastQueue: Background execution not allowed: receiving Intent { act=android.intent.action.PACKAGE_ADDED dat=package: flg=0x4000010 (has extras) } to com.google.android.packageinstaller/com.android.packageinstaller.PackageInstalledReceiver
10-31 00:10:24.090  1468  1701 W BroadcastQueue: Background execution not allowed: receiving Intent { act=android.intent.action.PACKAGE_ADDED dat=package: flg=0x4000010 (has extras) } to com.android.vending/com.google.android.finsky.packagemonitor.impl.PackageMonitorReceiverImpl$RegisteredReceiver
10-31 00:10:24.090  1468  1701 W BroadcastQueue: Background execution not allowed: receiving Intent { act=android.intent.action.PACKAGE_ADDED dat=package: flg=0x4000010 (has extras) } to com.android.vending/com.google.android.finsky.packagemonitor.backgroundimpl.BackgroundPackageMonitorReceiverImpl$RegisteredReceiver
10-31 00:10:24.090  1468  1701 W BroadcastQueue: Background execution not allowed: receiving Intent { act=android.intent.action.PACKAGE_ADDED dat=package: flg=0x4000010 (has extras) } to com.google.android.gms/.games.chimera.GamesSystemBroadcastReceiverProxy
10-31 00:10:24.090  1468  1701 W BroadcastQueue: Background execution not allowed: receiving Intent { act=android.intent.action.PACKAGE_ADDED dat=package: flg=0x4000010 (has extras) } to com.google.android.gms/.gass.chimera.PackageChangeBroadcastReceiver
10-31 00:10:24.090  1468  1701 W BroadcastQueue: Background execution not allowed: receiving Intent { act=android.intent.action.PACKAGE_ADDED dat=package: flg=0x4000010 (has extras) } to com.google.android.gms/.chimera.GmsIntentOperationService$PersistentTrustedReceiver
10-31 00:10:24.090  1468  1701 W BroadcastQueue: Background execution not allowed: receiving Intent { act=android.intent.action.PACKAGE_ADDED dat=package: flg=0x4000010 (has extras) } to com.google.android.googlequicksearchbox/com.google.android.apps.gsa.googlequicksearchbox.GelStubAppWatcher
10-31 00:10:24.090  1468  1701 W BroadcastQueue: u0 Receiving a broadcast in packagecom.cncd.japan.janli.shudu requires a permissions review
10-31 00:10:24.090  1468  1701 W BroadcastQueue: Skipping delivery: permission review required for Intent { act=android.intent.action.PACKAGE_ADDED dat=package: flg=0x4000010 (has extras) } from null (pid=1468, uid=1000) to com.cncd.japan.janli.shudu/net.l.k.r
10-31 00:10:24.090  1468  1701 W BroadcastQueue: u0 Receiving a broadcast in packagecom.cncd.japan.janli.shudu requires a permissions review
10-31 00:10:24.090  1468  1701 W BroadcastQueue: Skipping delivery: permission review required for Intent { act=android.intent.action.PACKAGE_ADDED dat=package: flg=0x4000010 (has extras) } from null (pid=1468, uid=1000) to com.cncd.japan.janli.shudu/com.feiwofour.coverscreen.SR
10-31 00:10:24.090  1468  1701 W BroadcastQueue: u0 Receiving a broadcast in packagecom.games.mengmeizhitd requires a permissions review
10-31 00:10:24.090  1468  1701 W BroadcastQueue: Skipping delivery: permission review required for Intent { act=android.intent.action.PACKAGE_ADDED dat=package: flg=0x4000010 (has extras) } from null (pid=1468, uid=1000) to com.games.mengmeizhitd/hjnw.ihjnw.i.isqly
10-31 00:10:24.090  1468  1701 W BroadcastQueue: u0 Receiving a broadcast in packagecom.hgperfko.yaeghrwx requires a permissions review
10-31 00:10:24.090  1468  1701 W BroadcastQueue: Skipping delivery: permission review required for Intent { act=android.intent.action.PACKAGE_ADDED dat=package: flg=0x4000010 (has extras) } from null (pid=1468, uid=1000) to com.hgperfko.yaeghrwx/.core.hLytdCQDBv
10-31 00:10:24.090  1468  1701 W BroadcastQueue: u0 Receiving a broadcast in packagecom.qiuqiu.dfmc requires a permissions review
10-31 00:10:24.090  1468  1701 W BroadcastQueue: Skipping delivery: permission review required for Intent { act=android.intent.action.PACKAGE_ADDED dat=package: flg=0x4000010 (has extras) } from null (pid=1468, uid=1000) to com.qiuqiu.dfmc/cn.jpush.android.service.PushReceiver
10-31 00:10:24.090  1468  1701 W BroadcastQueue: u0 Receiving a broadcast in packagecom.safesys.viruskiller requires a permissions review
10-31 00:10:24.090  1468  1701 W BroadcastQueue: Skipping delivery: permission review required for Intent { act=android.intent.action.PACKAGE_ADDED dat=package: flg=0x4000010 (has extras) } from null (pid=1468, uid=1000) to com.safesys.viruskiller/.ScanPackageBroadcast
10-31 00:10:24.090  1468  1701 W BroadcastQueue: u0 Receiving a broadcast in packagecom.uc108.mobile.sdgj.bd1 requires a permissions review
10-31 00:10:24.090  1468  1701 W BroadcastQueue: Skipping delivery: permission review required for Intent { act=android.intent.action.PACKAGE_ADDED dat=package: flg=0x4000010 (has extras) } from null (pid=1468, uid=1000) to com.uc108.mobile.sdgj.bd1/com.baidu.tiebasdk.service.InstallReceiver
10-31 00:10:24.090  1468  1701 W BroadcastQueue: u0 Receiving a broadcast in packagecom.voicebianshengjinglingwc.wxl requires a permissions review
10-31 00:10:24.090  1468  1701 W BroadcastQueue: Skipping delivery: permission review required for Intent { act=android.intent.action.PACKAGE_ADDED dat=package: flg=0x4000010 (has extras) } from null (pid=1468, uid=1000) to com.voicebianshengjinglingwc.wxl/mp.ruu.Ztjjwrj
10-31 00:10:24.090  1468  1701 W BroadcastQueue: u0 Receiving a broadcast in packageio.dcloud.H5BC6BF13 requires a permissions review
10-31 00:10:24.090  1468  1701 W BroadcastQueue: Skipping delivery: permission review required for Intent { act=android.intent.action.PACKAGE_ADDED dat=package: flg=0x4000010 (has extras) } from null (pid=1468, uid=1000) to io.dcloud.H5BC6BF13/io.dcloud.common.adapter.io.DownloadReceiver
10-31 00:10:24.103  1468  1813 E VerityUtils: Failed to measure fs-verity, errno 1: /data/app/~~7skstyZm7me8lNc19wCw4A==/com.android.mobilephone-PZJyfTKlQSxI2nlTo7n92Q==/base.apk
10-31 00:10:24.103  1468  1468 I Telecom : DefaultDialerCache: Refreshing default dialer for user 0: now com.google.android.dialer: DDC.oR@BLE
10-31 00:10:24.122  1468  3755 D CompatibilityChangeReporter: Compat change id reported: 161252188; UID 10256; state: DISABLED
10-31 00:10:24.135  1468  4179 W BackupTransportManager: Package com.android.mobilephone enabled setting: 0
10-31 00:10:24.136  1468  1699 W WindowMagnificationMgr: requestConnection duplicated request: connect=false, mConnectionState=DISCONNECTED
10-31 00:10:24.177  1468  1817 E PackageManager: ERROR: could not load root hash from incremental install
10-31 00:10:24.179  1468  1699 W PackageManager: Failed registering loading progress callback. Package is fully loaded.
10-31 00:10:24.187  1468  1699 W WindowMagnificationMgr: requestConnection duplicated request: connect=false, mConnectionState=DISCONNECTED
10-31 00:10:24.195  1468  1817 I PackageManager: Integrity check passed for file:///data/app/vmdl11775170.tmp
10-31 00:10:24.198  1468  1468 I NotificationService: Cannot find enqueued record for key: 0|com.google.android.apps.wellbeing|174344743|null|10121
10-31 00:10:24.288  1468  1689 W ActivityTaskManager: Activity top resumed state loss timeout for ActivityRecord{56dcb8b u0 com.nqmobile.antivirus20/com.netqin.antivirus.scan.ui.MonitorVirusTip} t21 f}}
10-31 00:10:24.289  1468  1689 W ActivityTaskManager: Activity pause timeout for ActivityRecord{56dcb8b u0 com.nqmobile.antivirus20/com.netqin.antivirus.scan.ui.MonitorVirusTip} t21 f}}
10-31 00:10:24.350  1468  1689 W ActivityTaskManager: Tried to set launchTime (0) < mLastActivityLaunchTime (649831)
10-31 00:10:24.363  1468  1817 V BackupManagerService: [UserID:0] restoreAtInstall pkg=com.google.android.yrtdsfh token=43 restoreSet=0
10-31 00:10:24.364  1468  1817 V BackupManagerService: [UserID:0] Finishing install immediately
10-31 00:10:24.366  1468  1817 D PackageInstallerSession: Marking session 11775170 as applied
10-31 00:10:24.371  1468  1817 D CompatibilityChangeReporter: Compat change id reported: 168419799; UID 10257; state: DISABLED
10-31 00:10:24.372  1468  1817 D CompatibilityChangeReporter: Compat change id reported: 273564678; UID 10257; state: DISABLED
10-31 00:10:24.375  1468  2919 D CompatibilityChangeReporter: Compat change id reported: 218533173; UID 10257; state: DISABLED
10-31 00:10:24.380  1468  1468 I Telecom : DefaultDialerCache: Refreshing default dialer for user 0: now com.google.android.dialer: DDC.oR@BLY
10-31 00:10:24.385  1468  1701 W BroadcastQueue: u0 Receiving a broadcast in packagecom.jr.narutoii requires a permissions review
10-31 00:10:24.385  1468  1701 W BroadcastQueue: Skipping delivery: permission review required for Intent { act=android.intent.action.PACKAGE_ADDED dat=package: flg=0x4000010 (has extras) } from null (pid=1468, uid=1000) to com.jr.narutoii/com.joyriver.engine.proxy.EngineReceiver
10-31 00:10:24.386  1468  1550 I ActivityTaskManager: START u0 {flg=0x14800000 cmp=com.nqmobile.antivirus20/com.netqin.antivirus.scan.ui.MonitorVirusTip (has extras)} from uid 10194
10-31 00:10:24.387  1468  1701 W BroadcastQueue: u0 Receiving a broadcast in packagecom.android.buyer requires a permissions review
10-31 00:10:24.387  1468  1701 W BroadcastQueue: Skipping delivery: permission review required for Intent { act=android.intent.action.PACKAGE_ADDED dat=package: flg=0x4000010 (has extras) } from null (pid=1468, uid=1000) to com.android.buyer/.mRve
10-31 00:10:24.387  1468  1701 W BroadcastQueue: Background execution not allowed: receiving Intent { act=android.intent.action.PACKAGE_ADDED dat=package: flg=0x4000010 (has extras) } to com.google.android.packageinstaller/com.android.packageinstaller.PackageInstalledReceiver
10-31 00:10:24.391  1468  1701 W BroadcastQueue: Background execution not allowed: receiving Intent { act=android.intent.action.PACKAGE_ADDED dat=package: flg=0x4000010 (has extras) } to com.android.vending/com.google.android.finsky.packagemonitor.impl.PackageMonitorReceiverImpl$RegisteredReceiver
10-31 00:10:24.391  1468  1701 W BroadcastQueue: Background execution not allowed: receiving Intent { act=android.intent.action.PACKAGE_ADDED dat=package: flg=0x4000010 (has extras) } to com.android.vending/com.google.android.finsky.packagemonitor.backgroundimpl.BackgroundPackageMonitorReceiverImpl$RegisteredReceiver
10-31 00:10:24.391  1468  1701 W BroadcastQueue: Background execution not allowed: receiving Intent { act=android.intent.action.PACKAGE_ADDED dat=package: flg=0x4000010 (has extras) } to com.google.android.gms/.games.chimera.GamesSystemBroadcastReceiverProxy
10-31 00:10:24.391  1468  1701 W BroadcastQueue: Background execution not allowed: receiving Intent { act=android.intent.action.PACKAGE_ADDED dat=package: flg=0x4000010 (has extras) } to com.google.android.gms/.gass.chimera.PackageChangeBroadcastReceiver
10-31 00:10:24.391  1468  1701 W BroadcastQueue: Background execution not allowed: receiving Intent { act=android.intent.action.PACKAGE_ADDED dat=package: flg=0x4000010 (has extras) } to com.google.android.gms/.chimera.GmsIntentOperationService$PersistentTrustedReceiver
10-31 00:10:24.391  1468  1701 W BroadcastQueue: Background execution not allowed: receiving Intent { act=android.intent.action.PACKAGE_ADDED dat=package: flg=0x4000010 (has extras) } to com.google.android.googlequicksearchbox/com.google.android.apps.gsa.googlequicksearchbox.GelStubAppWatcher
10-31 00:10:24.391  1468  1701 W BroadcastQueue: u0 Receiving a broadcast in packagecom.cncd.japan.janli.shudu requires a permissions review
10-31 00:10:24.391  1468  1701 W BroadcastQueue: Skipping delivery: permission review required for Intent { act=android.intent.action.PACKAGE_ADDED dat=package: flg=0x4000010 (has extras) } from null (pid=1468, uid=1000) to com.cncd.japan.janli.shudu/net.l.k.r
10-31 00:10:24.391  1468  1701 W BroadcastQueue: u0 Receiving a broadcast in packagecom.cncd.japan.janli.shudu requires a permissions review
10-31 00:10:24.391  1468  1701 W BroadcastQueue: Skipping delivery: permission review required for Intent { act=android.intent.action.PACKAGE_ADDED dat=package: flg=0x4000010 (has extras) } from null (pid=1468, uid=1000) to com.cncd.japan.janli.shudu/com.feiwofour.coverscreen.SR
10-31 00:10:24.391  1468  1701 W BroadcastQueue: u0 Receiving a broadcast in packagecom.games.mengmeizhitd requires a permissions review
10-31 00:10:24.391  1468  1701 W BroadcastQueue: Skipping delivery: permission review required for Intent { act=android.intent.action.PACKAGE_ADDED dat=package: flg=0x4000010 (has extras) } from null (pid=1468, uid=1000) to com.games.mengmeizhitd/hjnw.ihjnw.i.isqly
10-31 00:10:24.392  1468  1701 W BroadcastQueue: u0 Receiving a broadcast in packagecom.hgperfko.yaeghrwx requires a permissions review
10-31 00:10:24.392  1468  1701 W BroadcastQueue: Skipping delivery: permission review required for Intent { act=android.intent.action.PACKAGE_ADDED dat=package: flg=0x4000010 (has extras) } from null (pid=1468, uid=1000) to com.hgperfko.yaeghrwx/.core.hLytdCQDBv
10-31 00:10:24.392  1468  1701 W BroadcastQueue: u0 Receiving a broadcast in packagecom.qiuqiu.dfmc requires a permissions review
10-31 00:10:24.392  1468  1701 W BroadcastQueue: Skipping delivery: permission review required for Intent { act=android.intent.action.PACKAGE_ADDED dat=package: flg=0x4000010 (has extras) } from null (pid=1468, uid=1000) to com.qiuqiu.dfmc/cn.jpush.android.service.PushReceiver
10-31 00:10:24.392  1468  1701 W BroadcastQueue: u0 Receiving a broadcast in packagecom.safesys.viruskiller requires a permissions review
10-31 00:10:24.392  1468  1701 W BroadcastQueue: Skipping delivery: permission review required for Intent { act=android.intent.action.PACKAGE_ADDED dat=package: flg=0x4000010 (has extras) } from null (pid=1468, uid=1000) to com.safesys.viruskiller/.ScanPackageBroadcast
10-31 00:10:24.392  1468  1701 W BroadcastQueue: u0 Receiving a broadcast in packagecom.uc108.mobile.sdgj.bd1 requires a permissions review
10-31 00:10:24.392  1468  1701 W BroadcastQueue: Skipping delivery: permission review required for Intent { act=android.intent.action.PACKAGE_ADDED dat=package: flg=0x4000010 (has extras) } from null (pid=1468, uid=1000) to com.uc108.mobile.sdgj.bd1/com.baidu.tiebasdk.service.InstallReceiver
10-31 00:10:24.392  1468  1701 W BroadcastQueue: u0 Receiving a broadcast in packagecom.voicebianshengjinglingwc.wxl requires a permissions review
10-31 00:10:24.392  1468  1701 W BroadcastQueue: Skipping delivery: permission review required for Intent { act=android.intent.action.PACKAGE_ADDED dat=package: flg=0x4000010 (has extras) } from null (pid=1468, uid=1000) to com.voicebianshengjinglingwc.wxl/mp.ruu.Ztjjwrj
10-31 00:10:24.392  1468  1701 W BroadcastQueue: u0 Receiving a broadcast in packageio.dcloud.H5BC6BF13 requires a permissions review
10-31 00:10:24.392  1468  1701 W BroadcastQueue: Skipping delivery: permission review required for Intent { act=android.intent.action.PACKAGE_ADDED dat=package: flg=0x4000010 (has extras) } from null (pid=1468, uid=1000) to io.dcloud.H5BC6BF13/io.dcloud.common.adapter.io.DownloadReceiver
10-31 00:10:24.393  1468  1468 V BackupManagerConstants: getFullBackupIntervalMilliseconds(...) returns 86400000
10-31 00:10:24.393  1468  1468 V BackupManagerConstants: getFullBackupRequiredNetworkType(...) returns 2
10-31 00:10:24.393  1468  1468 V BackupManagerConstants: getFullBackupRequireCharging(...) returns true
10-31 00:10:24.431  1468  1813 E VerityUtils: Failed to measure fs-verity, errno 1: /data/app/~~A8n_3KUKyVAZWr6P9Zgiew==/com.google.android.yrtdsfh-teLZHc0Hqi9hzd7pj_ijPA==/base.apk
10-31 00:10:24.434  1468  1468 I Telecom : DefaultDialerCache: Refreshing default dialer for user 0: now com.google.android.dialer: DDC.oR@BLc
10-31 00:10:24.444  1468  4179 W BackupTransportManager: Package com.google.android.yrtdsfh enabled setting: 0
10-31 00:10:24.518  1468  1699 W WindowMagnificationMgr: requestConnection duplicated request: connect=false, mConnectionState=DISCONNECTED
10-31 00:10:24.564  1468  1699 W PackageManager: Failed registering loading progress callback. Package is fully loaded.
10-31 00:10:24.572  1468  1699 W WindowMagnificationMgr: requestConnection duplicated request: connect=false, mConnectionState=DISCONNECTED
10-31 00:10:24.589  1468  5461 D CompatibilityChangeReporter: Compat change id reported: 161252188; UID 10257; state: DISABLED
10-31 00:10:24.653  1468  1817 E PackageManager: ERROR: could not load root hash from incremental install
10-31 00:10:24.662  1468  2044 W PackageParsing: Ignoring duplicate uses-permissions/uses-permissions-sdk-m:  in package: qiu.com at: Binary XML file line #14
10-31 00:10:24.662  1468  2044 W PackageParsing: Ignoring duplicate uses-permissions/uses-permissions-sdk-m:  in package: qiu.com at: Binary XML file line #15
10-31 00:10:24.666  1468  2044 W PackageParsing: Ignoring duplicate uses-permissions/uses-permissions-sdk-m:  in package: qiu.com at: Binary XML file line #19
10-31 00:10:24.666  1468  2044 W PackageParsing: Ignoring duplicate uses-permissions/uses-permissions-sdk-m:  in package: qiu.com at: Binary XML file line #20
10-31 00:10:24.667  1468  2044 W PackageParsing: Ignoring duplicate uses-permissions/uses-permissions-sdk-m:  in package: qiu.com at: Binary XML file line #22
10-31 00:10:24.667  1468  2044 W PackageParsing: Ignoring duplicate uses-permissions/uses-permissions-sdk-m:  in package: qiu.com at: Binary XML file line #27
10-31 00:10:24.687  1468  1817 I PackageManager: Integrity check passed for file:///data/app/vmdl389509548.tmp
10-31 00:10:24.694  1468  1817 W PackageParsing: Ignoring duplicate uses-permissions/uses-permissions-sdk-m:  in package: qiu.com at: Binary XML file line #14
10-31 00:10:24.694  1468  1817 W PackageParsing: Ignoring duplicate uses-permissions/uses-permissions-sdk-m:  in package: qiu.com at: Binary XML file line #15
10-31 00:10:24.694  1468  1817 W PackageParsing: Ignoring duplicate uses-permissions/uses-permissions-sdk-m:  in package: qiu.com at: Binary XML file line #19
10-31 00:10:24.694  1468  1817 W PackageParsing: Ignoring duplicate uses-permissions/uses-permissions-sdk-m:  in package: qiu.com at: Binary XML file line #20
10-31 00:10:24.694  1468  1817 W PackageParsing: Ignoring duplicate uses-permissions/uses-permissions-sdk-m:  in package: qiu.com at: Binary XML file line #22
10-31 00:10:24.694  1468  1817 W PackageParsing: Ignoring duplicate uses-permissions/uses-permissions-sdk-m:  in package: qiu.com at: Binary XML file line #27
10-31 00:10:24.760  1468  1686 V StorageManagerService: Package null has legacy storage
10-31 00:10:24.890  1468  1689 W ActivityTaskManager: Activity top resumed state loss timeout for ActivityRecord{bbc9d36 u0 com.nqmobile.antivirus20/com.netqin.antivirus.scan.ui.MonitorVirusTip} t21 f}}
10-31 00:10:24.890  1468  1689 W ActivityTaskManager: Activity pause timeout for ActivityRecord{bbc9d36 u0 com.nqmobile.antivirus20/com.netqin.antivirus.scan.ui.MonitorVirusTip} t21 f}}
10-31 00:10:24.890  1468  1689 W ActivityTaskManager: Tried to set launchTime (0) < mLastActivityLaunchTime (650459)
10-31 00:10:24.890  1468  2989 E NotificationService: Package enqueue rate is 5.94717. Shedding 0|com.nqmobile.antivirus20|3|null|10194. package=com.nqmobile.antivirus20
10-31 00:10:24.914 16936 16936 W PackageParser: Ignoring duplicate uses-permissions/uses-permissions-sdk-m: android.permission.DISABLE_KEYGUARD in package: zqgd.bwqay.wekcq at: Binary XML file line #22
10-31 00:10:24.951  1468  5454 W AppOps  : setUidMode() called with a mode inconsistent with runtime permission state, this is discouraged and you should revoke the runtime permission instead: uid=10127, switchCode=0, mode=4, permission=android.permission.ACCESS_BACKGROUND_LOCATION
10-31 00:10:25.008  1468  1817 V BackupManagerService: [UserID:0] restoreAtInstall pkg=qiu.com token=44 restoreSet=0
10-31 00:10:25.009  1468  1817 V BackupManagerService: [UserID:0] Finishing install immediately
10-31 00:10:25.010  1468  1817 D PackageInstallerSession: Marking session 389509548 as applied
10-31 00:10:25.015  1468  1817 D CompatibilityChangeReporter: Compat change id reported: 168419799; UID 10258; state: DISABLED
10-31 00:10:25.015  1468  1817 D CompatibilityChangeReporter: Compat change id reported: 273564678; UID 10258; state: DISABLED
10-31 00:10:25.020  1468  2919 D CompatibilityChangeReporter: Compat change id reported: 218533173; UID 10258; state: DISABLED
10-31 00:10:25.025  1468  5410 W BroadcastQueue: u0 Receiving a broadcast in packagecom.jr.narutoii requires a permissions review
10-31 00:10:25.025  1468  5410 W BroadcastQueue: Skipping delivery: permission review required for Intent { act=android.intent.action.PACKAGE_ADDED dat=package: flg=0x4000010 (has extras) } from null (pid=1468, uid=1000) to com.jr.narutoii/com.joyriver.engine.proxy.EngineReceiver
10-31 00:10:25.025  1468  1468 I Telecom : DefaultDialerCache: Refreshing default dialer for user 0: now com.google.android.dialer: DDC.oR@BMQ
10-31 00:10:25.027  1468  1701 W BroadcastQueue: u0 Receiving a broadcast in packagecom.android.buyer requires a permissions review
10-31 00:10:25.027  1468  1701 W BroadcastQueue: Skipping delivery: permission review required for Intent { act=android.intent.action.PACKAGE_ADDED dat=package: flg=0x4000010 (has extras) } from null (pid=1468, uid=1000) to com.android.buyer/.mRve
10-31 00:10:25.027  1468  1701 W BroadcastQueue: Background execution not allowed: receiving Intent { act=android.intent.action.PACKAGE_ADDED dat=package: flg=0x4000010 (has extras) } to com.google.android.packageinstaller/com.android.packageinstaller.PackageInstalledReceiver
10-31 00:10:25.027  1468  1701 W BroadcastQueue: Background execution not allowed: receiving Intent { act=android.intent.action.PACKAGE_ADDED dat=package: flg=0x4000010 (has extras) } to com.android.vending/com.google.android.finsky.packagemonitor.impl.PackageMonitorReceiverImpl$RegisteredReceiver
10-31 00:10:25.027  1468  1701 W BroadcastQueue: Background execution not allowed: receiving Intent { act=android.intent.action.PACKAGE_ADDED dat=package: flg=0x4000010 (has extras) } to com.android.vending/com.google.android.finsky.packagemonitor.backgroundimpl.BackgroundPackageMonitorReceiverImpl$RegisteredReceiver
10-31 00:10:25.027  1468  1701 W BroadcastQueue: Background execution not allowed: receiving Intent { act=android.intent.action.PACKAGE_ADDED dat=package: flg=0x4000010 (has extras) } to com.google.android.gms/.games.chimera.GamesSystemBroadcastReceiverProxy
10-31 00:10:25.027  1468  1701 W BroadcastQueue: Background execution not allowed: receiving Intent { act=android.intent.action.PACKAGE_ADDED dat=package: flg=0x4000010 (has extras) } to com.google.android.gms/.gass.chimera.PackageChangeBroadcastReceiver
10-31 00:10:25.028  1468  1701 W BroadcastQueue: Background execution not allowed: receiving Intent { act=android.intent.action.PACKAGE_ADDED dat=package: flg=0x4000010 (has extras) } to com.google.android.gms/.chimera.GmsIntentOperationService$PersistentTrustedReceiver
10-31 00:10:25.028  1468  1701 W BroadcastQueue: Background execution not allowed: receiving Intent { act=android.intent.action.PACKAGE_ADDED dat=package: flg=0x4000010 (has extras) } to com.google.android.googlequicksearchbox/com.google.android.apps.gsa.googlequicksearchbox.GelStubAppWatcher
10-31 00:10:25.028  1468  1701 W BroadcastQueue: u0 Receiving a broadcast in packagecom.cncd.japan.janli.shudu requires a permissions review
10-31 00:10:25.028  1468  1701 W BroadcastQueue: Skipping delivery: permission review required for Intent { act=android.intent.action.PACKAGE_ADDED dat=package: flg=0x4000010 (has extras) } from null (pid=1468, uid=1000) to com.cncd.japan.janli.shudu/net.l.k.r
10-31 00:10:25.028  1468  1701 W BroadcastQueue: u0 Receiving a broadcast in packagecom.cncd.japan.janli.shudu requires a permissions review
10-31 00:10:25.028  1468  1701 W BroadcastQueue: Skipping delivery: permission review required for Intent { act=android.intent.action.PACKAGE_ADDED dat=package: flg=0x4000010 (has extras) } from null (pid=1468, uid=1000) to com.cncd.japan.janli.shudu/com.feiwofour.coverscreen.SR
10-31 00:10:25.028  1468  1701 W BroadcastQueue: u0 Receiving a broadcast in packagecom.games.mengmeizhitd requires a permissions review
10-31 00:10:25.028  1468  1701 W BroadcastQueue: Skipping delivery: permission review required for Intent { act=android.intent.action.PACKAGE_ADDED dat=package: flg=0x4000010 (has extras) } from null (pid=1468, uid=1000) to com.games.mengmeizhitd/hjnw.ihjnw.i.isqly
10-31 00:10:25.028  1468  1701 W BroadcastQueue: u0 Receiving a broadcast in packagecom.hgperfko.yaeghrwx requires a permissions review
10-31 00:10:25.028  1468  1701 W BroadcastQueue: Skipping delivery: permission review required for Intent { act=android.intent.action.PACKAGE_ADDED dat=package: flg=0x4000010 (has extras) } from null (pid=1468, uid=1000) to com.hgperfko.yaeghrwx/.core.hLytdCQDBv
10-31 00:10:25.028  1468  1701 W BroadcastQueue: u0 Receiving a broadcast in packagecom.qiuqiu.dfmc requires a permissions review
10-31 00:10:25.028  1468  1701 W BroadcastQueue: Skipping delivery: permission review required for Intent { act=android.intent.action.PACKAGE_ADDED dat=package: flg=0x4000010 (has extras) } from null (pid=1468, uid=1000) to com.qiuqiu.dfmc/cn.jpush.android.service.PushReceiver
10-31 00:10:25.028  1468  1701 W BroadcastQueue: u0 Receiving a broadcast in packagecom.safesys.viruskiller requires a permissions review
10-31 00:10:25.028  1468  1701 W BroadcastQueue: Skipping delivery: permission review required for Intent { act=android.intent.action.PACKAGE_ADDED dat=package: flg=0x4000010 (has extras) } from null (pid=1468, uid=1000) to com.safesys.viruskiller/.ScanPackageBroadcast
10-31 00:10:25.028  1468  1701 W BroadcastQueue: u0 Receiving a broadcast in packagecom.uc108.mobile.sdgj.bd1 requires a permissions review
10-31 00:10:25.028  1468  1701 W BroadcastQueue: Skipping delivery: permission review required for Intent { act=android.intent.action.PACKAGE_ADDED dat=package: flg=0x4000010 (has extras) } from null (pid=1468, uid=1000) to com.uc108.mobile.sdgj.bd1/com.baidu.tiebasdk.service.InstallReceiver
10-31 00:10:25.028  1468  1701 W BroadcastQueue: u0 Receiving a broadcast in packagecom.voicebianshengjinglingwc.wxl requires a permissions review
10-31 00:10:25.028  1468  1701 W BroadcastQueue: Skipping delivery: permission review required for Intent { act=android.intent.action.PACKAGE_ADDED dat=package: flg=0x4000010 (has extras) } from null (pid=1468, uid=1000) to com.voicebianshengjinglingwc.wxl/mp.ruu.Ztjjwrj
10-31 00:10:25.028  1468  1701 W BroadcastQueue: u0 Receiving a broadcast in packageio.dcloud.H5BC6BF13 requires a permissions review
10-31 00:10:25.028  1468  1701 W BroadcastQueue: Skipping delivery: permission review required for Intent { act=android.intent.action.PACKAGE_ADDED dat=package: flg=0x4000010 (has extras) } from null (pid=1468, uid=1000) to io.dcloud.H5BC6BF13/io.dcloud.common.adapter.io.DownloadReceiver
10-31 00:10:25.035  1468  1699 W WindowMagnificationMgr: requestConnection duplicated request: connect=false, mConnectionState=DISCONNECTED
10-31 00:10:25.056  1468  1468 I Telecom : DefaultDialerCache: Refreshing default dialer for user 0: now com.google.android.dialer: DDC.oR@BMU
10-31 00:10:25.066  1468  1699 W PackageManager: Failed registering loading progress callback. Package is fully loaded.
10-31 00:10:25.077  1468  1699 W WindowMagnificationMgr: requestConnection duplicated request: connect=false, mConnectionState=DISCONNECTED
10-31 00:10:25.077  1468  5456 D CompatibilityChangeReporter: Compat change id reported: 161252188; UID 10258; state: DISABLED
10-31 00:10:25.086  1468  5413 W AppOps  : setUidMode() called with a mode inconsistent with runtime permission state, this is discouraged and you should revoke the runtime permission instead: uid=10127, switchCode=1, mode=4, permission=android.permission.ACCESS_BACKGROUND_LOCATION
10-31 00:10:25.088  1468  1813 E VerityUtils: Failed to measure fs-verity, errno 1: /data/app/~~I2UAMwgmgHAmsV9Aeky20g==/qiu.com--sYfc6FqiK0udQsHAFnhVQ==/base.apk
10-31 00:10:25.097  1468  5461 W AppOps  : setUidMode() called with a mode inconsistent with runtime permission state, this is discouraged and you should revoke the runtime permission instead: uid=10127, switchCode=0, mode=4, permission=android.permission.ACCESS_BACKGROUND_LOCATION
10-31 00:10:25.232  1468  4179 W BackupTransportManager: Package qiu.com enabled setting: 0
10-31 00:10:25.316  1468  1817 E PackageManager: ERROR: could not load root hash from incremental install
10-31 00:10:25.331  1468  1817 I PackageManager: Integrity check passed for file:///data/app/vmdl2077883809.tmp
10-31 00:10:25.411  1468  1686 V StorageManagerService: Package null has legacy storage
10-31 00:10:25.437  1468  5405 I ActivityTaskManager: START u0 {flg=0x14800000 cmp=com.nqmobile.antivirus20/com.netqin.antivirus.scan.ui.MonitorVirusTip (has extras)} from uid 10194
10-31 00:10:25.619  1468  1817 V BackupManagerService: [UserID:0] restoreAtInstall pkg=com.evilsunflower.reader.evilYufang15 token=45 restoreSet=0
10-31 00:10:25.619  1468  1817 V BackupManagerService: [UserID:0] Finishing install immediately
10-31 00:10:25.621  1468  1817 D PackageInstallerSession: Marking session 2077883809 as applied
10-31 00:10:25.625  1468  1817 D CompatibilityChangeReporter: Compat change id reported: 168419799; UID 10259; state: DISABLED
10-31 00:10:25.625  1468  1817 D CompatibilityChangeReporter: Compat change id reported: 273564678; UID 10259; state: DISABLED
10-31 00:10:25.629  1468  2919 D CompatibilityChangeReporter: Compat change id reported: 218533173; UID 10259; state: DISABLED
10-31 00:10:25.636  1468  1468 I Telecom : DefaultDialerCache: Refreshing default dialer for user 0: now com.google.android.dialer: DDC.oR@BMg
10-31 00:10:25.638  1468  5410 W BroadcastQueue: u0 Receiving a broadcast in packagecom.jr.narutoii requires a permissions review
10-31 00:10:25.639  1468  5410 W BroadcastQueue: Skipping delivery: permission review required for Intent { act=android.intent.action.PACKAGE_ADDED dat=package: flg=0x4000010 (has extras) } from null (pid=1468, uid=1000) to com.jr.narutoii/com.joyriver.engine.proxy.EngineReceiver
10-31 00:10:25.644  1468  1468 V BackupManagerConstants: getFullBackupIntervalMilliseconds(...) returns 86400000
10-31 00:10:25.644  1468  1468 V BackupManagerConstants: getFullBackupRequiredNetworkType(...) returns 2
10-31 00:10:25.644  1468  1468 V BackupManagerConstants: getFullBackupRequireCharging(...) returns true
10-31 00:10:25.647  1468  1701 W BroadcastQueue: u0 Receiving a broadcast in packagecom.android.buyer requires a permissions review
10-31 00:10:25.647  1468  1701 W BroadcastQueue: Skipping delivery: permission review required for Intent { act=android.intent.action.PACKAGE_ADDED dat=package: flg=0x4000010 (has extras) } from null (pid=1468, uid=1000) to com.android.buyer/.mRve
10-31 00:10:25.649  1468  1701 W BroadcastQueue: Background execution not allowed: receiving Intent { act=android.intent.action.PACKAGE_ADDED dat=package: flg=0x4000010 (has extras) } to com.google.android.packageinstaller/com.android.packageinstaller.PackageInstalledReceiver
10-31 00:10:25.649  1468  1701 W BroadcastQueue: Background execution not allowed: receiving Intent { act=android.intent.action.PACKAGE_ADDED dat=package: flg=0x4000010 (has extras) } to com.android.vending/com.google.android.finsky.packagemonitor.impl.PackageMonitorReceiverImpl$RegisteredReceiver
10-31 00:10:25.649  1468  1701 W BroadcastQueue: Background execution not allowed: receiving Intent { act=android.intent.action.PACKAGE_ADDED dat=package: flg=0x4000010 (has extras) } to com.android.vending/com.google.android.finsky.packagemonitor.backgroundimpl.BackgroundPackageMonitorReceiverImpl$RegisteredReceiver
10-31 00:10:25.649  1468  1701 W BroadcastQueue: Background execution not allowed: receiving Intent { act=android.intent.action.PACKAGE_ADDED dat=package: flg=0x4000010 (has extras) } to com.google.android.gms/.games.chimera.GamesSystemBroadcastReceiverProxy
10-31 00:10:25.649  1468  1701 W BroadcastQueue: Background execution not allowed: receiving Intent { act=android.intent.action.PACKAGE_ADDED dat=package: flg=0x4000010 (has extras) } to com.google.android.gms/.gass.chimera.PackageChangeBroadcastReceiver
10-31 00:10:25.650  1468  1701 W BroadcastQueue: Background execution not allowed: receiving Intent { act=android.intent.action.PACKAGE_ADDED dat=package: flg=0x4000010 (has extras) } to com.google.android.gms/.chimera.GmsIntentOperationService$PersistentTrustedReceiver
10-31 00:10:25.650  1468  1701 W BroadcastQueue: Background execution not allowed: receiving Intent { act=android.intent.action.PACKAGE_ADDED dat=package: flg=0x4000010 (has extras) } to com.google.android.googlequicksearchbox/com.google.android.apps.gsa.googlequicksearchbox.GelStubAppWatcher
10-31 00:10:25.650  1468  1701 W BroadcastQueue: u0 Receiving a broadcast in packagecom.cncd.japan.janli.shudu requires a permissions review
10-31 00:10:25.650  1468  1701 W BroadcastQueue: Skipping delivery: permission review required for Intent { act=android.intent.action.PACKAGE_ADDED dat=package: flg=0x4000010 (has extras) } from null (pid=1468, uid=1000) to com.cncd.japan.janli.shudu/net.l.k.r
10-31 00:10:25.650  1468  1701 W BroadcastQueue: u0 Receiving a broadcast in packagecom.cncd.japan.janli.shudu requires a permissions review
10-31 00:10:25.650  1468  1701 W BroadcastQueue: Skipping delivery: permission review required for Intent { act=android.intent.action.PACKAGE_ADDED dat=package: flg=0x4000010 (has extras) } from null (pid=1468, uid=1000) to com.cncd.japan.janli.shudu/com.feiwofour.coverscreen.SR
10-31 00:10:25.650  1468  1701 W BroadcastQueue: u0 Receiving a broadcast in packagecom.games.mengmeizhitd requires a permissions review
10-31 00:10:25.650  1468  1701 W BroadcastQueue: Skipping delivery: permission review required for Intent { act=android.intent.action.PACKAGE_ADDED dat=package: flg=0x4000010 (has extras) } from null (pid=1468, uid=1000) to com.games.mengmeizhitd/hjnw.ihjnw.i.isqly
10-31 00:10:25.650  1468  1701 W BroadcastQueue: u0 Receiving a broadcast in packagecom.hgperfko.yaeghrwx requires a permissions review
10-31 00:10:25.650  1468  1701 W BroadcastQueue: Skipping delivery: permission review required for Intent { act=android.intent.action.PACKAGE_ADDED dat=package: flg=0x4000010 (has extras) } from null (pid=1468, uid=1000) to com.hgperfko.yaeghrwx/.core.hLytdCQDBv
10-31 00:10:25.650  1468  1701 W BroadcastQueue: u0 Receiving a broadcast in packagecom.qiuqiu.dfmc requires a permissions review
10-31 00:10:25.650  1468  1701 W BroadcastQueue: Skipping delivery: permission review required for Intent { act=android.intent.action.PACKAGE_ADDED dat=package: flg=0x4000010 (has extras) } from null (pid=1468, uid=1000) to com.qiuqiu.dfmc/cn.jpush.android.service.PushReceiver
10-31 00:10:25.650  1468  1701 W BroadcastQueue: u0 Receiving a broadcast in packagecom.safesys.viruskiller requires a permissions review
10-31 00:10:25.650  1468  1701 W BroadcastQueue: Skipping delivery: permission review required for Intent { act=android.intent.action.PACKAGE_ADDED dat=package: flg=0x4000010 (has extras) } from null (pid=1468, uid=1000) to com.safesys.viruskiller/.ScanPackageBroadcast
10-31 00:10:25.650  1468  1701 W BroadcastQueue: u0 Receiving a broadcast in packagecom.uc108.mobile.sdgj.bd1 requires a permissions review
10-31 00:10:25.650  1468  1701 W BroadcastQueue: Skipping delivery: permission review required for Intent { act=android.intent.action.PACKAGE_ADDED dat=package: flg=0x4000010 (has extras) } from null (pid=1468, uid=1000) to com.uc108.mobile.sdgj.bd1/com.baidu.tiebasdk.service.InstallReceiver
10-31 00:10:25.650  1468  1701 W BroadcastQueue: u0 Receiving a broadcast in packagecom.voicebianshengjinglingwc.wxl requires a permissions review
10-31 00:10:25.650  1468  1701 W BroadcastQueue: Skipping delivery: permission review required for Intent { act=android.intent.action.PACKAGE_ADDED dat=package: flg=0x4000010 (has extras) } from null (pid=1468, uid=1000) to com.voicebianshengjinglingwc.wxl/mp.ruu.Ztjjwrj
10-31 00:10:25.650  1468  1701 W BroadcastQueue: u0 Receiving a broadcast in packageio.dcloud.H5BC6BF13 requires a permissions review
10-31 00:10:25.650  1468  1701 W BroadcastQueue: Skipping delivery: permission review required for Intent { act=android.intent.action.PACKAGE_ADDED dat=package: flg=0x4000010 (has extras) } from null (pid=1468, uid=1000) to io.dcloud.H5BC6BF13/io.dcloud.common.adapter.io.DownloadReceiver
10-31 00:10:25.669  1468  1699 W WindowMagnificationMgr: requestConnection duplicated request: connect=false, mConnectionState=DISCONNECTED
10-31 00:10:25.683  1468  1813 E VerityUtils: Failed to measure fs-verity, errno 1: /data/app/~~wDediSFR0ZpiD0EfufL2PQ==/com.evilsunflower.reader.evilYufang15-M5x7wBBpFIkNURl_eyNL3Q==/base.apk
10-31 00:10:25.690  1468  5455 D CompatibilityChangeReporter: Compat change id reported: 161252188; UID 10259; state: DISABLED
10-31 00:10:25.713  1468  1468 I Telecom : DefaultDialerCache: Refreshing default dialer for user 0: now com.google.android.dialer: DDC.oR@BNU
10-31 00:10:25.714  1468  4179 W BackupTransportManager: Package com.evilsunflower.reader.evilYufang15 enabled setting: 0
10-31 00:10:25.720  1468  1699 W PackageManager: Failed registering loading progress callback. Package is fully loaded.
10-31 00:10:25.744  1468  1699 W WindowMagnificationMgr: requestConnection duplicated request: connect=false, mConnectionState=DISCONNECTED
10-31 00:10:25.805  1468  1689 W ActivityTaskManager: Activity destroy timeout for ActivityRecord{922c22b u0 com.nqmobile.antivirus20/com.netqin.antivirus.scan.ui.MonitorVirusTip} t21 f}}
10-31 00:10:25.930  1468  5410 W AppOps  : setUidMode() called with a mode inconsistent with runtime permission state, this is discouraged and you should revoke the runtime permission instead: uid=10127, switchCode=0, mode=4, permission=android.permission.ACCESS_BACKGROUND_LOCATION
10-31 00:10:25.936  1468  5454 I ActivityManager: PendingStartActivityUids startActivity to updateOomAdj delay:1045ms, uid:10194
10-31 00:10:25.939  1468  1689 W ActivityTaskManager: Activity top resumed state loss timeout for ActivityRecord{99130ed u0 com.nqmobile.antivirus20/com.netqin.antivirus.scan.ui.MonitorVirusTip} t21 f}}
10-31 00:10:25.939  1468  1689 W ActivityTaskManager: Activity pause timeout for ActivityRecord{99130ed u0 com.nqmobile.antivirus20/com.netqin.antivirus.scan.ui.MonitorVirusTip} t21 f}}
10-31 00:10:25.939  1468  1689 W ActivityTaskManager: Tried to set launchTime (0) < mLastActivityLaunchTime (650999)
10-31 00:10:25.949 16936 16936 W PackageParser: Ignoring duplicate uses-permissions/uses-permissions-sdk-m: android.permission.DISABLE_KEYGUARD in package: com.pqas.xrzm at: Binary XML file line #24
10-31 00:10:25.976  1468  1817 E PackageManager: ERROR: could not load root hash from incremental install
10-31 00:10:26.016  1468  1817 I PackageManager: Integrity check passed for file:///data/app/vmdl1127871824.tmp
10-31 00:10:26.063  1468  5454 W AppOps  : setUidMode() called with a mode inconsistent with runtime permission state, this is discouraged and you should revoke the runtime permission instead: uid=10127, switchCode=1, mode=4, permission=android.permission.ACCESS_BACKGROUND_LOCATION
10-31 00:10:26.065  1468  5454 W AppOps  : setUidMode() called with a mode inconsistent with runtime permission state, this is discouraged and you should revoke the runtime permission instead: uid=10127, switchCode=0, mode=4, permission=android.permission.ACCESS_BACKGROUND_LOCATION
10-31 00:10:26.086  1468  1817 I PackageManager: Permission ownership changed. Updating all permissions.
10-31 00:10:26.276  1468  1686 V StorageManagerService: Package null has legacy storage
10-31 00:10:26.311  1468  5461 I ActivityManager: Background started FGS: Allowed [callingPackage: com.google.android.apps.wellbeing; callingUid: 10121; uidState: BFGS; intent: Intent { cmp=com.google.android.apps.wellbeing/com.google.apps.tiktok.concurrent.InternalForegroundService (has extras) }; code:BACKGROUND_ACTIVITY_PERMISSION; tempAllowListReason:<null>; targetSdkVersion:33; callerTargetSdkVersion:33; startForegroundCount:0; bindFromPackage:null]
10-31 00:10:26.436  1468  5454 I ActivityTaskManager: START u0 {flg=0x14800000 cmp=com.nqmobile.antivirus20/com.netqin.antivirus.scan.ui.MonitorVirusTip (has extras)} from uid 10194
10-31 00:10:26.475 16936 16936 W TransactionExecutor: tId:-731844561 Skip pre-destroyed transaction:
10-31 00:10:26.475 16936 16936 W TransactionExecutor: tId:-731844561 ClientTransaction{
10-31 00:10:26.475 16936 16936 W TransactionExecutor: tId:-731844561   callbacks=[
