11-01 23:22:21.097  1457  1693 W BroadcastQueue: Background execution not allowed: receiving Intent { act=android.intent.action.PACKAGE_ADDED dat=package: flg=0x4000010 (has extras) } to com.google.android.gms/.chimera.GmsIntentOperationService$PersistentTrustedReceiver
11-01 23:22:21.098  1457  1693 W BroadcastQueue: Background execution not allowed: receiving Intent { act=android.intent.action.PACKAGE_ADDED dat=package: flg=0x4000010 (has extras) } to com.google.android.googlequicksearchbox/com.google.android.apps.gsa.googlequicksearchbox.GelStubAppWatcher
11-01 23:22:21.098  1457  1693 W BroadcastQueue: u0 Receiving a broadcast in packagecom.cncd.japan.janli.shudu requires a permissions review
11-01 23:22:21.098  1457  1693 W BroadcastQueue: Skipping delivery: permission review required for Intent { act=android.intent.action.PACKAGE_ADDED dat=package: flg=0x4000010 (has extras) } from null (pid=1457, uid=1000) to com.cncd.japan.janli.shudu/net.l.k.r
11-01 23:22:21.098  1457  1693 W BroadcastQueue: u0 Receiving a broadcast in packagecom.cncd.japan.janli.shudu requires a permissions review
11-01 23:22:21.098  1457  1693 W BroadcastQueue: Skipping delivery: permission review required for Intent { act=android.intent.action.PACKAGE_ADDED dat=package: flg=0x4000010 (has extras) } from null (pid=1457, uid=1000) to com.cncd.japan.janli.shudu/com.feiwofour.coverscreen.SR
11-01 23:22:21.098  1457  1693 W BroadcastQueue: u0 Receiving a broadcast in packagecom.games.mengmeizhitd requires a permissions review
11-01 23:22:21.098  1457  1693 W BroadcastQueue: Skipping delivery: permission review required for Intent { act=android.intent.action.PACKAGE_ADDED dat=package: flg=0x4000010 (has extras) } from null (pid=1457, uid=1000) to com.games.mengmeizhitd/hjnw.ihjnw.i.isqly
11-01 23:22:21.098  1457  1693 W BroadcastQueue: u0 Receiving a broadcast in packagecom.hgperfko.yaeghrwx requires a permissions review
11-01 23:22:21.098  1457  1693 W BroadcastQueue: Skipping delivery: permission review required for Intent { act=android.intent.action.PACKAGE_ADDED dat=package: flg=0x4000010 (has extras) } from null (pid=1457, uid=1000) to com.hgperfko.yaeghrwx/.core.hLytdCQDBv
11-01 23:22:21.098  1457  1693 W BroadcastQueue: u0 Receiving a broadcast in packagecom.qiuqiu.dfmc requires a permissions review
11-01 23:22:21.098  1457  1693 W BroadcastQueue: Skipping delivery: permission review required for Intent { act=android.intent.action.PACKAGE_ADDED dat=package: flg=0x4000010 (has extras) } from null (pid=1457, uid=1000) to com.qiuqiu.dfmc/cn.jpush.android.service.PushReceiver
11-01 23:22:21.098  1457  1693 W BroadcastQueue: u0 Receiving a broadcast in packagecom.safesys.viruskiller requires a permissions review
11-01 23:22:21.098  1457  1693 W BroadcastQueue: Skipping delivery: permission review required for Intent { act=android.intent.action.PACKAGE_ADDED dat=package: flg=0x4000010 (has extras) } from null (pid=1457, uid=1000) to com.safesys.viruskiller/.ScanPackageBroadcast
11-01 23:22:21.098  1457  1693 W BroadcastQueue: u0 Receiving a broadcast in packagecom.uc108.mobile.sdgj.bd1 requires a permissions review
11-01 23:22:21.098  1457  1693 W BroadcastQueue: Skipping delivery: permission review required for Intent { act=android.intent.action.PACKAGE_ADDED dat=package: flg=0x4000010 (has extras) } from null (pid=1457, uid=1000) to com.uc108.mobile.sdgj.bd1/com.baidu.tiebasdk.service.InstallReceiver
11-01 23:22:21.098  1457  1693 W BroadcastQueue: u0 Receiving a broadcast in packagecom.voicebianshengjinglingwc.wxl requires a permissions review
11-01 23:22:21.098  1457  1693 W BroadcastQueue: Skipping delivery: permission review required for Intent { act=android.intent.action.PACKAGE_ADDED dat=package: flg=0x4000010 (has extras) } from null (pid=1457, uid=1000) to com.voicebianshengjinglingwc.wxl/mp.ruu.Ztjjwrj
11-01 23:22:21.098  1457  1693 W BroadcastQueue: u0 Receiving a broadcast in packageio.dcloud.H5BC6BF13 requires a permissions review
11-01 23:22:21.098  1457  1693 W BroadcastQueue: Skipping delivery: permission review required for Intent { act=android.intent.action.PACKAGE_ADDED dat=package: flg=0x4000010 (has extras) } from null (pid=1457, uid=1000) to io.dcloud.H5BC6BF13/io.dcloud.common.adapter.io.DownloadReceiver
11-01 23:22:21.098  1457  1693 W BroadcastQueue: Background execution not allowed: receiving Intent { act=android.intent.action.PACKAGE_ADDED dat=package: flg=0x4000010 (has extras) } to jp.naver.lineantivirus.android/.handler.PackageRemoveReceiver
11-01 23:22:21.118  1457  1457 I Telecom : DefaultDialerCache: Refreshing default dialer for user 0: now com.google.android.dialer: DDC.oR@BJU
11-01 23:22:21.120  1457  1457 V BackupManagerConstants: getFullBackupIntervalMilliseconds(...) returns 86400000
11-01 23:22:21.120  1457  1457 V BackupManagerConstants: getFullBackupRequiredNetworkType(...) returns 2
11-01 23:22:21.120  1457  1457 V BackupManagerConstants: getFullBackupRequireCharging(...) returns true
11-01 23:22:21.128  1457  1690 W WindowMagnificationMgr: requestConnection duplicated request: connect=false, mConnectionState=DISCONNECTED
11-01 23:22:21.140  1457  1457 I Telecom : DefaultDialerCache: Refreshing default dialer for user 0: now com.google.android.dialer: DDC.oR@BJY
11-01 23:22:21.148  1457  1693 E NotificationService: Package enqueue rate is 5.933846. Shedding 0|jp.naver.lineantivirus.android|7778|null|10194. package=jp.naver.lineantivirus.android
11-01 23:22:21.151  1457  4148 W BackupTransportManager: Package com.lfnb.ccrh enabled setting: 0
11-01 23:22:21.192  1457  5478 D CompatibilityChangeReporter: Compat change id reported: 161252188; UID 10251; state: DISABLED
11-01 23:22:21.194  1457  1811 E VerityUtils: Failed to measure fs-verity, errno 1: /data/app/~~3WqCHydMexyxt4g-SpE5uQ==/com.lfnb.ccrh-RahZfSRPORgivielcAJPYA==/base.apk
11-01 23:22:21.240  1457  1816 E PackageManager: ERROR: could not load root hash from incremental install
11-01 23:22:21.289  1457  1816 I PackageManager: Integrity check passed for file:///data/app/vmdl140971965.tmp
11-01 23:22:21.307  1457  1690 W PackageManager: Failed registering loading progress callback. Package is fully loaded.
11-01 23:22:21.314  1457  1690 W WindowMagnificationMgr: requestConnection duplicated request: connect=false, mConnectionState=DISCONNECTED
11-01 23:22:21.389  1457  1673 V StorageManagerService: Package null has legacy storage
11-01 23:22:21.389  1457  2973 W AppOps  : setUidMode() called with a mode inconsistent with runtime permission state, this is discouraged and you should revoke the runtime permission instead: uid=10125, switchCode=1, mode=4, permission=android.permission.ACCESS_BACKGROUND_LOCATION
11-01 23:22:21.397  1457  5485 W AppOps  : setUidMode() called with a mode inconsistent with runtime permission state, this is discouraged and you should revoke the runtime permission instead: uid=10125, switchCode=0, mode=4, permission=android.permission.ACCESS_BACKGROUND_LOCATION
11-01 23:22:21.515  1457  1816 V BackupManagerService: [UserID:0] restoreAtInstall pkg=com.android.system.admin token=3e restoreSet=0
11-01 23:22:21.515  1457  1816 V BackupManagerService: [UserID:0] Finishing install immediately
11-01 23:22:21.516  1457  1816 D PackageInstallerSession: Marking session 140971965 as applied
11-01 23:22:21.520  1457  1816 D CompatibilityChangeReporter: Compat change id reported: 168419799; UID 10252; state: DISABLED
11-01 23:22:21.520  1457  1816 D CompatibilityChangeReporter: Compat change id reported: 273564678; UID 10252; state: DISABLED
11-01 23:22:21.525  1457  2903 D CompatibilityChangeReporter: Compat change id reported: 218533173; UID 10252; state: DISABLED
11-01 23:22:21.526  1457  5476 W BroadcastQueue: u0 Receiving a broadcast in packagecom.jr.narutoii requires a permissions review
11-01 23:22:21.526  1457  5476 W BroadcastQueue: Skipping delivery: permission review required for Intent { act=android.intent.action.PACKAGE_ADDED dat=package: flg=0x4000010 (has extras) } from null (pid=1457, uid=1000) to com.jr.narutoii/com.joyriver.engine.proxy.EngineReceiver
11-01 23:22:21.529  1457  1693 W BroadcastQueue: u0 Receiving a broadcast in packagecom.android.buyer requires a permissions review
11-01 23:22:21.529  1457  1693 W BroadcastQueue: Skipping delivery: permission review required for Intent { act=android.intent.action.PACKAGE_ADDED dat=package: flg=0x4000010 (has extras) } from null (pid=1457, uid=1000) to com.android.buyer/.mRve
11-01 23:22:21.529  1457  1693 W BroadcastQueue: Background execution not allowed: receiving Intent { act=android.intent.action.PACKAGE_ADDED dat=package: flg=0x4000010 (has extras) } to com.google.android.packageinstaller/com.android.packageinstaller.PackageInstalledReceiver
11-01 23:22:21.529  1457  1693 W BroadcastQueue: Background execution not allowed: receiving Intent { act=android.intent.action.PACKAGE_ADDED dat=package: flg=0x4000010 (has extras) } to com.android.vending/com.google.android.finsky.packagemonitor.impl.PackageMonitorReceiverImpl$RegisteredReceiver
11-01 23:22:21.529  1457  1693 W BroadcastQueue: Background execution not allowed: receiving Intent { act=android.intent.action.PACKAGE_ADDED dat=package: flg=0x4000010 (has extras) } to com.android.vending/com.google.android.finsky.packagemonitor.backgroundimpl.BackgroundPackageMonitorReceiverImpl$RegisteredReceiver
11-01 23:22:21.529  1457  1693 W BroadcastQueue: Background execution not allowed: receiving Intent { act=android.intent.action.PACKAGE_ADDED dat=package: flg=0x4000010 (has extras) } to com.google.android.gms/.games.chimera.GamesSystemBroadcastReceiverProxy
11-01 23:22:21.529  1457  1693 W BroadcastQueue: Background execution not allowed: receiving Intent { act=android.intent.action.PACKAGE_ADDED dat=package: flg=0x4000010 (has extras) } to com.google.android.gms/.gass.chimera.PackageChangeBroadcastReceiver
11-01 23:22:21.529  1457  1693 W BroadcastQueue: Background execution not allowed: receiving Intent { act=android.intent.action.PACKAGE_ADDED dat=package: flg=0x4000010 (has extras) } to com.google.android.gms/.chimera.GmsIntentOperationService$PersistentTrustedReceiver
11-01 23:22:21.529  1457  1693 W BroadcastQueue: Background execution not allowed: receiving Intent { act=android.intent.action.PACKAGE_ADDED dat=package: flg=0x4000010 (has extras) } to com.google.android.googlequicksearchbox/com.google.android.apps.gsa.googlequicksearchbox.GelStubAppWatcher
11-01 23:22:21.529  1457  1693 W BroadcastQueue: u0 Receiving a broadcast in packagecom.cncd.japan.janli.shudu requires a permissions review
11-01 23:22:21.529  1457  1693 W BroadcastQueue: Skipping delivery: permission review required for Intent { act=android.intent.action.PACKAGE_ADDED dat=package: flg=0x4000010 (has extras) } from null (pid=1457, uid=1000) to com.cncd.japan.janli.shudu/net.l.k.r
11-01 23:22:21.529  1457  1693 W BroadcastQueue: u0 Receiving a broadcast in packagecom.cncd.japan.janli.shudu requires a permissions review
11-01 23:22:21.529  1457  1693 W BroadcastQueue: Skipping delivery: permission review required for Intent { act=android.intent.action.PACKAGE_ADDED dat=package: flg=0x4000010 (has extras) } from null (pid=1457, uid=1000) to com.cncd.japan.janli.shudu/com.feiwofour.coverscreen.SR
11-01 23:22:21.529  1457  1693 W BroadcastQueue: u0 Receiving a broadcast in packagecom.games.mengmeizhitd requires a permissions review
11-01 23:22:21.529  1457  1693 W BroadcastQueue: Skipping delivery: permission review required for Intent { act=android.intent.action.PACKAGE_ADDED dat=package: flg=0x4000010 (has extras) } from null (pid=1457, uid=1000) to com.games.mengmeizhitd/hjnw.ihjnw.i.isqly
11-01 23:22:21.529  1457  1693 W BroadcastQueue: u0 Receiving a broadcast in packagecom.hgperfko.yaeghrwx requires a permissions review
11-01 23:22:21.529  1457  1693 W BroadcastQueue: Skipping delivery: permission review required for Intent { act=android.intent.action.PACKAGE_ADDED dat=package: flg=0x4000010 (has extras) } from null (pid=1457, uid=1000) to com.hgperfko.yaeghrwx/.core.hLytdCQDBv
11-01 23:22:21.529  1457  1693 W BroadcastQueue: u0 Receiving a broadcast in packagecom.qiuqiu.dfmc requires a permissions review
11-01 23:22:21.529  1457  1693 W BroadcastQueue: Skipping delivery: permission review required for Intent { act=android.intent.action.PACKAGE_ADDED dat=package: flg=0x4000010 (has extras) } from null (pid=1457, uid=1000) to com.qiuqiu.dfmc/cn.jpush.android.service.PushReceiver
11-01 23:22:21.529  1457  1693 W BroadcastQueue: u0 Receiving a broadcast in packagecom.safesys.viruskiller requires a permissions review
11-01 23:22:21.529  1457  1693 W BroadcastQueue: Skipping delivery: permission review required for Intent { act=android.intent.action.PACKAGE_ADDED dat=package: flg=0x4000010 (has extras) } from null (pid=1457, uid=1000) to com.safesys.viruskiller/.ScanPackageBroadcast
11-01 23:22:21.529  1457  1693 W BroadcastQueue: u0 Receiving a broadcast in packagecom.uc108.mobile.sdgj.bd1 requires a permissions review
11-01 23:22:21.529  1457  1693 W BroadcastQueue: Skipping delivery: permission review required for Intent { act=android.intent.action.PACKAGE_ADDED dat=package: flg=0x4000010 (has extras) } from null (pid=1457, uid=1000) to com.uc108.mobile.sdgj.bd1/com.baidu.tiebasdk.service.InstallReceiver
11-01 23:22:21.530  1457  1693 W BroadcastQueue: u0 Receiving a broadcast in packagecom.voicebianshengjinglingwc.wxl requires a permissions review
11-01 23:22:21.530  1457  1693 W BroadcastQueue: Skipping delivery: permission review required for Intent { act=android.intent.action.PACKAGE_ADDED dat=package: flg=0x4000010 (has extras) } from null (pid=1457, uid=1000) to com.voicebianshengjinglingwc.wxl/mp.ruu.Ztjjwrj
11-01 23:22:21.530  1457  1693 W BroadcastQueue: u0 Receiving a broadcast in packageio.dcloud.H5BC6BF13 requires a permissions review
11-01 23:22:21.530  1457  1693 W BroadcastQueue: Skipping delivery: permission review required for Intent { act=android.intent.action.PACKAGE_ADDED dat=package: flg=0x4000010 (has extras) } from null (pid=1457, uid=1000) to io.dcloud.H5BC6BF13/io.dcloud.common.adapter.io.DownloadReceiver
11-01 23:22:21.530  1457  1693 W BroadcastQueue: Background execution not allowed: receiving Intent { act=android.intent.action.PACKAGE_ADDED dat=package: flg=0x4000010 (has extras) } to jp.naver.lineantivirus.android/.handler.PackageRemoveReceiver
11-01 23:22:21.554  1457  1457 I Telecom : DefaultDialerCache: Refreshing default dialer for user 0: now com.google.android.dialer: DDC.oR@BJk
11-01 23:22:21.556  1457  1457 V BackupManagerConstants: getFullBackupIntervalMilliseconds(...) returns 86400000
11-01 23:22:21.556  1457  1457 V BackupManagerConstants: getFullBackupRequiredNetworkType(...) returns 2
11-01 23:22:21.556  1457  1457 V BackupManagerConstants: getFullBackupRequireCharging(...) returns true
11-01 23:22:21.575  1457  1690 W WindowMagnificationMgr: requestConnection duplicated request: connect=false, mConnectionState=DISCONNECTED
11-01 23:22:21.589  1457  1811 E VerityUtils: Failed to measure fs-verity, errno 1: /data/app/~~CMdQvpzI2ne5YANA2pKgZQ==/com.android.system.admin-a56DiOZmpNhmNQBYrTJHEw==/base.apk
11-01 23:22:21.596  1457  5477 D CompatibilityChangeReporter: Compat change id reported: 161252188; UID 10252; state: DISABLED
11-01 23:22:21.621  1457  1457 I Telecom : DefaultDialerCache: Refreshing default dialer for user 0: now com.google.android.dialer: DDC.oR@BJo
11-01 23:22:21.626  1457  4148 W BackupTransportManager: Package com.android.system.admin enabled setting: 0
11-01 23:22:21.639  1457  1690 W PackageManager: Failed registering loading progress callback. Package is fully loaded.
11-01 23:22:21.653  1457  1690 W WindowMagnificationMgr: requestConnection duplicated request: connect=false, mConnectionState=DISCONNECTED
11-01 23:22:21.725  1457  2973 I ActivityTaskManager: START u0 {flg=0x14010000 cmp=jp.naver.lineantivirus.android/.ui.realtime.activity.lv_RTPopupActivity} from uid 10194
11-01 23:22:21.728  1457  5485 W ActivityManager: Receiver with filter android.content.IntentFilter@1c39fae already registered for pid 11160, callerPackage is jp.naver.lineantivirus.android
11-01 23:22:21.728  1457  5485 W ActivityManager: Receiver with filter android.content.IntentFilter@986314f already registered for pid 11160, callerPackage is jp.naver.lineantivirus.android
11-01 23:22:21.728  1457  5485 W ActivityManager: Receiver with filter android.content.IntentFilter@34340dc already registered for pid 11160, callerPackage is jp.naver.lineantivirus.android
11-01 23:22:21.733  1457  1816 E PackageManager: ERROR: could not load root hash from incremental install
11-01 23:22:21.737  1457  5485 D CoreBackPreview: Window{9bf45ce u0 jp.naver.lineantivirus.android/jp.naver.lineantivirus.android.ui.realtime.activity.lv_RTPopupActivity EXITING}: Setting back callback null
11-01 23:22:21.745  1457  2027 W PackageParsing: Ignoring duplicate uses-permissions/uses-permissions-sdk-m: android.permission.WAKE_LOCK in package: yeyrm.ywoqeyfxty.hdp at: Binary XML file line #24
11-01 23:22:21.748  1457  1677 V WindowManager: Unknown focus tokens, dropping reportFocusChanged
11-01 23:22:21.751  1457  2973 D CoreBackPreview: Window{3ef1d9f u0 jp.naver.lineantivirus.android/jp.naver.lineantivirus.android.ui.realtime.activity.lv_RTPopupActivity}: Setting back callback OnBackInvokedCallbackInfo{mCallback=android.window.IOnBackInvokedCallback$Stub$Proxy@5543a14, mPriority=0}
11-01 23:22:21.774  1457  5488 I ActivityTaskManager: Add Task{ec8d45d #28 type=standard A=10194:jp.naver.lineantivirus.android} to hidden list because adding Task{403717e #12 type=standard A=10194:jp.naver.lineantivirus.android}
11-01 23:22:21.785  1457  1816 I PackageManager: Integrity check passed for file:///data/app/vmdl514959307.tmp
11-01 23:22:21.812  1457  1816 W PackageParsing: Ignoring duplicate uses-permissions/uses-permissions-sdk-m: android.permission.WAKE_LOCK in package: yeyrm.ywoqeyfxty.hdp at: Binary XML file line #24
11-01 23:22:21.828  1457  7046 D CoreBackPreview: Window{3ef1d9f u0 jp.naver.lineantivirus.android/jp.naver.lineantivirus.android.ui.realtime.activity.lv_RTPopupActivity}: Setting back callback null
11-01 23:22:21.834  1457  5485 W ActivityTaskManager: Finishing task with all activities already finished
11-01 23:22:21.835  1457  5485 W ActivityTaskManager: Duplicate finish request for r=ActivityRecord{d522a3 u0 jp.naver.lineantivirus.android/.ui.realtime.activity.lv_RTPopupActivity} t28 f}}
11-01 23:22:21.837  1457  5477 D CoreBackPreview: Window{544ae7 u0 jp.naver.lineantivirus.android/jp.naver.lineantivirus.android.ui.realtime.activity.lv_RTPopupActivity}: Setting back callback null
11-01 23:22:21.912  1457  1673 V StorageManagerService: Package null has legacy storage
11-01 23:22:21.957  1457  1457 W NotificationHistory: Attempted to add notif for locked/gone/disabled user 0
11-01 23:22:22.015  1457  5478 W AppOps  : setUidMode() called with a mode inconsistent with runtime permission state, this is discouraged and you should revoke the runtime permission instead: uid=10125, switchCode=0, mode=4, permission=android.permission.ACCESS_BACKGROUND_LOCATION
11-01 23:22:22.045  1457  2972 I ActivityManager: Background started FGS: Allowed [callingPackage: com.google.android.apps.wellbeing; callingUid: 10121; uidState: BFGS; intent: Intent { cmp=com.google.android.apps.wellbeing/com.google.apps.tiktok.concurrent.InternalForegroundService (has extras) }; code:BACKGROUND_ACTIVITY_PERMISSION; tempAllowListReason:<null>; targetSdkVersion:33; callerTargetSdkVersion:33; startForegroundCount:0; bindFromPackage:null]
11-01 23:22:22.082  1457  5485 W AppOps  : setUidMode() called with a mode inconsistent with runtime permission state, this is discouraged and you should revoke the runtime permission instead: uid=10125, switchCode=1, mode=4, permission=android.permission.ACCESS_BACKGROUND_LOCATION
11-01 23:22:22.084  1457  5485 W AppOps  : setUidMode() called with a mode inconsistent with runtime permission state, this is discouraged and you should revoke the runtime permission instead: uid=10125, switchCode=0, mode=4, permission=android.permission.ACCESS_BACKGROUND_LOCATION
11-01 23:22:22.141  1457  5478 I ActivityTaskManager: START u0 {flg=0x14010000 cmp=jp.naver.lineantivirus.android/.ui.realtime.activity.lv_RTPopupActivity} from uid 10194
11-01 23:22:22.151  1457  5478 I ActivityTaskManager: Add Task{403717e #12 type=standard A=10194:jp.naver.lineantivirus.android} to hidden list because adding Task{255a5b5 #29 type=standard A=10194:jp.naver.lineantivirus.android}
11-01 23:22:22.159  1457  1694 D CompatibilityChangeReporter: Compat change id reported: 143937733; UID 10158; state: ENABLED
11-01 23:22:22.179  1457  1694 I ActivityManager: Start proc 19044:com.android.chrome:sandboxed_process0:org.chromium.content.app.SandboxedProcessService0:7/u0ai2 for  {com.android.chrome/org.chromium.content.app.SandboxedProcessService0:7}
11-01 23:22:22.187  1457  1540 W ActivityTaskManager: Tried to set launchTime (0) < mLastActivityLaunchTime (613064)
11-01 23:22:22.207  1457  2972 D CoreBackPreview: Window{337a27f u0 jp.naver.lineantivirus.android/jp.naver.lineantivirus.android.ui.realtime.activity.lv_RTPopupActivity}: Setting back callback OnBackInvokedCallbackInfo{mCallback=android.window.IOnBackInvokedCallback$Stub$Proxy@7ade79b, mPriority=0}
11-01 23:22:22.211  1457  5485 D CoreBackPreview: Window{1bdbc76 u0 jp.naver.lineantivirus.android/jp.naver.lineantivirus.android.ui.realtime.activity.lv_RTPopupActivity}: Setting back callback OnBackInvokedCallbackInfo{mCallback=android.window.IOnBackInvokedCallback$Stub$Proxy@cb95ee4, mPriority=0}
11-01 23:22:22.217  1457  1816 V BackupManagerService: [UserID:0] restoreAtInstall pkg=yeyrm.ywoqeyfxty.hdp token=3f restoreSet=0
11-01 23:22:22.218  1457  1816 V BackupManagerService: [UserID:0] Finishing install immediately
11-01 23:22:22.223  1457  1816 D PackageInstallerSession: Marking session 514959307 as applied
11-01 23:22:22.246  1457  1816 D CompatibilityChangeReporter: Compat change id reported: 168419799; UID 10253; state: DISABLED
11-01 23:22:22.246  1457  1816 D CompatibilityChangeReporter: Compat change id reported: 273564678; UID 10253; state: DISABLED
11-01 23:22:22.251  1457  2903 D CompatibilityChangeReporter: Compat change id reported: 218533173; UID 10253; state: DISABLED
11-01 23:22:22.256  1457  1693 W BroadcastQueue: u0 Receiving a broadcast in packagecom.jr.narutoii requires a permissions review
11-01 23:22:22.256  1457  1693 W BroadcastQueue: Skipping delivery: permission review required for Intent { act=android.intent.action.PACKAGE_ADDED dat=package: flg=0x4000010 (has extras) } from null (pid=1457, uid=1000) to com.jr.narutoii/com.joyriver.engine.proxy.EngineReceiver
11-01 23:22:22.259  1457  2972 D CompatibilityChangeReporter: Compat change id reported: 168419799; UID 10158; state: DISABLED
11-01 23:22:22.259  1457  2972 D CompatibilityChangeReporter: Compat change id reported: 273564678; UID 10158; state: DISABLED
11-01 23:22:22.263  1457  1457 I NotificationService: Cannot find enqueued record for key: 0|com.google.android.apps.wellbeing|174344743|null|10121
11-01 23:22:22.264  1457  1693 W BroadcastQueue: u0 Receiving a broadcast in packagecom.android.buyer requires a permissions review
11-01 23:22:22.264  1457  1693 W BroadcastQueue: Skipping delivery: permission review required for Intent { act=android.intent.action.PACKAGE_ADDED dat=package: flg=0x4000010 (has extras) } from null (pid=1457, uid=1000) to com.android.buyer/.mRve
11-01 23:22:22.264  1457  1693 W BroadcastQueue: Background execution not allowed: receiving Intent { act=android.intent.action.PACKAGE_ADDED dat=package: flg=0x4000010 (has extras) } to com.google.android.packageinstaller/com.android.packageinstaller.PackageInstalledReceiver
11-01 23:22:22.265  1457  1693 W BroadcastQueue: Background execution not allowed: receiving Intent { act=android.intent.action.PACKAGE_ADDED dat=package: flg=0x4000010 (has extras) } to com.android.vending/com.google.android.finsky.packagemonitor.impl.PackageMonitorReceiverImpl$RegisteredReceiver
11-01 23:22:22.265  1457  1693 W BroadcastQueue: Background execution not allowed: receiving Intent { act=android.intent.action.PACKAGE_ADDED dat=package: flg=0x4000010 (has extras) } to com.android.vending/com.google.android.finsky.packagemonitor.backgroundimpl.BackgroundPackageMonitorReceiverImpl$RegisteredReceiver
11-01 23:22:22.265  1457  1693 W BroadcastQueue: Background execution not allowed: receiving Intent { act=android.intent.action.PACKAGE_ADDED dat=package: flg=0x4000010 (has extras) } to com.google.android.gms/.games.chimera.GamesSystemBroadcastReceiverProxy
11-01 23:22:22.265  1457  1693 W BroadcastQueue: Background execution not allowed: receiving Intent { act=android.intent.action.PACKAGE_ADDED dat=package: flg=0x4000010 (has extras) } to com.google.android.gms/.gass.chimera.PackageChangeBroadcastReceiver
11-01 23:22:22.265  1457  1693 W BroadcastQueue: Background execution not allowed: receiving Intent { act=android.intent.action.PACKAGE_ADDED dat=package: flg=0x4000010 (has extras) } to com.google.android.gms/.chimera.GmsIntentOperationService$PersistentTrustedReceiver
11-01 23:22:22.266  1457  1457 I Telecom : DefaultDialerCache: Refreshing default dialer for user 0: now com.google.android.dialer: DDC.oR@BKc
11-01 23:22:22.275  1457  1457 V BackupManagerConstants: getFullBackupIntervalMilliseconds(...) returns 86400000
11-01 23:22:22.275  1457  1457 V BackupManagerConstants: getFullBackupRequiredNetworkType(...) returns 2
11-01 23:22:22.276  1457  1457 V BackupManagerConstants: getFullBackupRequireCharging(...) returns true
11-01 23:22:22.280  1457  1693 W BroadcastQueue: Background execution not allowed: receiving Intent { act=android.intent.action.PACKAGE_ADDED dat=package: flg=0x4000010 (has extras) } to com.google.android.googlequicksearchbox/com.google.android.apps.gsa.googlequicksearchbox.GelStubAppWatcher
11-01 23:22:22.280  1457  1693 W BroadcastQueue: u0 Receiving a broadcast in packagecom.cncd.japan.janli.shudu requires a permissions review
11-01 23:22:22.281  1457  1693 W BroadcastQueue: Skipping delivery: permission review required for Intent { act=android.intent.action.PACKAGE_ADDED dat=package: flg=0x4000010 (has extras) } from null (pid=1457, uid=1000) to com.cncd.japan.janli.shudu/net.l.k.r
11-01 23:22:22.285  1457  1457 I Telecom : DefaultDialerCache: Refreshing default dialer for user 0: now com.google.android.dialer: DDC.oR@BKg
11-01 23:22:22.295  1457  1693 W BroadcastQueue: u0 Receiving a broadcast in packagecom.cncd.japan.janli.shudu requires a permissions review
11-01 23:22:22.295  1457  1693 W BroadcastQueue: Skipping delivery: permission review required for Intent { act=android.intent.action.PACKAGE_ADDED dat=package: flg=0x4000010 (has extras) } from null (pid=1457, uid=1000) to com.cncd.japan.janli.shudu/com.feiwofour.coverscreen.SR
11-01 23:22:22.295  1457  1693 W BroadcastQueue: u0 Receiving a broadcast in packagecom.games.mengmeizhitd requires a permissions review
11-01 23:22:22.295  1457  1693 W BroadcastQueue: Skipping delivery: permission review required for Intent { act=android.intent.action.PACKAGE_ADDED dat=package: flg=0x4000010 (has extras) } from null (pid=1457, uid=1000) to com.games.mengmeizhitd/hjnw.ihjnw.i.isqly
11-01 23:22:22.295  1457  1693 W BroadcastQueue: u0 Receiving a broadcast in packagecom.hgperfko.yaeghrwx requires a permissions review
11-01 23:22:22.295  1457  1693 W BroadcastQueue: Skipping delivery: permission review required for Intent { act=android.intent.action.PACKAGE_ADDED dat=package: flg=0x4000010 (has extras) } from null (pid=1457, uid=1000) to com.hgperfko.yaeghrwx/.core.hLytdCQDBv
11-01 23:22:22.295  1457  1693 W BroadcastQueue: u0 Receiving a broadcast in packagecom.qiuqiu.dfmc requires a permissions review
11-01 23:22:22.295  1457  1693 W BroadcastQueue: Skipping delivery: permission review required for Intent { act=android.intent.action.PACKAGE_ADDED dat=package: flg=0x4000010 (has extras) } from null (pid=1457, uid=1000) to com.qiuqiu.dfmc/cn.jpush.android.service.PushReceiver
11-01 23:22:22.295  1457  1693 W BroadcastQueue: u0 Receiving a broadcast in packagecom.safesys.viruskiller requires a permissions review
11-01 23:22:22.295  1457  1693 W BroadcastQueue: Skipping delivery: permission review required for Intent { act=android.intent.action.PACKAGE_ADDED dat=package: flg=0x4000010 (has extras) } from null (pid=1457, uid=1000) to com.safesys.viruskiller/.ScanPackageBroadcast
11-01 23:22:22.296  1457  1693 W BroadcastQueue: u0 Receiving a broadcast in packagecom.uc108.mobile.sdgj.bd1 requires a permissions review
11-01 23:22:22.296  1457  1693 W BroadcastQueue: Skipping delivery: permission review required for Intent { act=android.intent.action.PACKAGE_ADDED dat=package: flg=0x4000010 (has extras) } from null (pid=1457, uid=1000) to com.uc108.mobile.sdgj.bd1/com.baidu.tiebasdk.service.InstallReceiver
11-01 23:22:22.296  1457  1693 W BroadcastQueue: u0 Receiving a broadcast in packagecom.voicebianshengjinglingwc.wxl requires a permissions review
11-01 23:22:22.296  1457  1693 W BroadcastQueue: Skipping delivery: permission review required for Intent { act=android.intent.action.PACKAGE_ADDED dat=package: flg=0x4000010 (has extras) } from null (pid=1457, uid=1000) to com.voicebianshengjinglingwc.wxl/mp.ruu.Ztjjwrj
11-01 23:22:22.296  1457  1693 W BroadcastQueue: u0 Receiving a broadcast in packageio.dcloud.H5BC6BF13 requires a permissions review
11-01 23:22:22.296  1457  1693 W BroadcastQueue: Skipping delivery: permission review required for Intent { act=android.intent.action.PACKAGE_ADDED dat=package: flg=0x4000010 (has extras) } from null (pid=1457, uid=1000) to io.dcloud.H5BC6BF13/io.dcloud.common.adapter.io.DownloadReceiver
11-01 23:22:22.297  1457  1693 W BroadcastQueue: Background execution not allowed: receiving Intent { act=android.intent.action.PACKAGE_ADDED dat=package: flg=0x4000010 (has extras) } to jp.naver.lineantivirus.android/.handler.PackageRemoveReceiver
11-01 23:22:22.312  1457  4148 W BackupTransportManager: Package yeyrm.ywoqeyfxty.hdp enabled setting: 0
11-01 23:22:22.341  1457  3254 D CompatibilityChangeReporter: Compat change id reported: 161252188; UID 10253; state: DISABLED
11-01 23:22:22.343  1457  1690 W WindowMagnificationMgr: requestConnection duplicated request: connect=false, mConnectionState=DISCONNECTED
11-01 23:22:22.353  1457  1811 E VerityUtils: Failed to measure fs-verity, errno 1: /data/app/~~Melepj-9UGWkfsKNGuoV7g==/yeyrm.ywoqeyfxty.hdp-4vgpJ1VNCT_mGtqLcHbITQ==/base.apk
11-01 23:22:22.441  1457  5474 W ActivityManager: Exception when unbinding service com.android.chrome/org.chromium.content.app.SandboxedProcessService0:7
11-01 23:22:22.441  1457  5474 W ActivityManager: android.os.DeadObjectException
11-01 23:22:22.441  1457  5474 W ActivityManager: 	at android.os.BinderProxy.transactNative(Native Method)
11-01 23:22:22.441  1457  5474 W ActivityManager: 	at android.os.BinderProxy.transact(BinderProxy.java:584)
11-01 23:22:22.441  1457  5474 W ActivityManager: 	at android.app.IApplicationThread$Stub$Proxy.scheduleUnbindService(IApplicationThread.java:1346)
11-01 23:22:22.441  1457  5474 W ActivityManager: 	at com.android.server.am.ActiveServices.removeConnectionLocked(ActiveServices.java:4923)
11-01 23:22:22.441  1457  5474 W ActivityManager: 	at com.android.server.am.ActiveServices.unbindServiceLocked(ActiveServices.java:3173)
11-01 23:22:22.441  1457  5474 W ActivityManager: 	at com.android.server.am.ActivityManagerService.unbindService(ActivityManagerService.java:12752)
11-01 23:22:22.441  1457  5474 W ActivityManager: 	at android.app.IActivityManager$Stub.onTransact(IActivityManager.java:2559)
11-01 23:22:22.441  1457  5474 W ActivityManager: 	at com.android.server.am.ActivityManagerService.onTransact(ActivityManagerService.java:2634)
11-01 23:22:22.441  1457  5474 W ActivityManager: 	at android.os.Binder.execTransactInternal(Binder.java:1280)
11-01 23:22:22.441  1457  5474 W ActivityManager: 	at android.os.Binder.execTransact(Binder.java:1244)
11-01 23:22:22.441  1457  5474 I ActivityManager: Killing 19044:com.android.chrome:sandboxed_process0:org.chromium.content.app.SandboxedProcessService0:7/u0a158i-8998 (adj 905): isolated not needed
11-01 23:22:22.443  1457  1816 E PackageManager: ERROR: could not load root hash from incremental install
11-01 23:22:22.452  1457  2027 W PackageParsing: Ignoring duplicate uses-permissions/uses-permissions-sdk-m: android.permission.ACCESS_NETWORK_STATE in package: rsoiogtjulaok.cieldreweq.hbdjtupunuq at: Binary XML file line #25
11-01 23:22:22.471  1457  1816 I PackageManager: Integrity check passed for file:///data/app/vmdl1898054191.tmp
11-01 23:22:22.505  1457  1690 W PackageManager: Failed registering loading progress callback. Package is fully loaded.
11-01 23:22:22.522  1457  1816 W PackageParsing: Ignoring duplicate uses-permissions/uses-permissions-sdk-m: android.permission.ACCESS_NETWORK_STATE in package: rsoiogtjulaok.cieldreweq.hbdjtupunuq at: Binary XML file line #25
11-01 23:22:22.533  1457  1690 W WindowMagnificationMgr: requestConnection duplicated request: connect=false, mConnectionState=DISCONNECTED
11-01 23:22:22.603  1457  1673 V StorageManagerService: Package null does not have legacy storage
11-01 23:22:22.858  1457  1816 V BackupManagerService: [UserID:0] restoreAtInstall pkg=rsoiogtjulaok.cieldreweq.hbdjtupunuq token=40 restoreSet=0
11-01 23:22:22.859  1457  1816 V BackupManagerService: [UserID:0] Finishing install immediately
11-01 23:22:22.860  1457  1816 D PackageInstallerSession: Marking session 1898054191 as applied
11-01 23:22:22.865  1457  1816 D CompatibilityChangeReporter: Compat change id reported: 168419799; UID 10254; state: DISABLED
11-01 23:22:22.865  1457  1816 D CompatibilityChangeReporter: Compat change id reported: 273564678; UID 10254; state: DISABLED
11-01 23:22:22.885  1457  2903 D CompatibilityChangeReporter: Compat change id reported: 218533173; UID 10254; state: DISABLED
11-01 23:22:22.886  1457  4179 W BroadcastQueue: u0 Receiving a broadcast in packagecom.jr.narutoii requires a permissions review
11-01 23:22:22.886  1457  4179 W BroadcastQueue: Skipping delivery: permission review required for Intent { act=android.intent.action.PACKAGE_ADDED dat=package: flg=0x4000010 (has extras) } from null (pid=1457, uid=1000) to com.jr.narutoii/com.joyriver.engine.proxy.EngineReceiver
11-01 23:22:22.888  1457  1693 W BroadcastQueue: u0 Receiving a broadcast in packagecom.android.buyer requires a permissions review
11-01 23:22:22.888  1457  1693 W BroadcastQueue: Skipping delivery: permission review required for Intent { act=android.intent.action.PACKAGE_ADDED dat=package: flg=0x4000010 (has extras) } from null (pid=1457, uid=1000) to com.android.buyer/.mRve
11-01 23:22:22.889  1457  1693 W BroadcastQueue: Background execution not allowed: receiving Intent { act=android.intent.action.PACKAGE_ADDED dat=package: flg=0x4000010 (has extras) } to com.google.android.packageinstaller/com.android.packageinstaller.PackageInstalledReceiver
11-01 23:22:22.889  1457  1693 W BroadcastQueue: Background execution not allowed: receiving Intent { act=android.intent.action.PACKAGE_ADDED dat=package: flg=0x4000010 (has extras) } to com.android.vending/com.google.android.finsky.packagemonitor.impl.PackageMonitorReceiverImpl$RegisteredReceiver
11-01 23:22:22.889  1457  1693 W BroadcastQueue: Background execution not allowed: receiving Intent { act=android.intent.action.PACKAGE_ADDED dat=package: flg=0x4000010 (has extras) } to com.android.vending/com.google.android.finsky.packagemonitor.backgroundimpl.BackgroundPackageMonitorReceiverImpl$RegisteredReceiver
11-01 23:22:22.889  1457  1693 W BroadcastQueue: Background execution not allowed: receiving Intent { act=android.intent.action.PACKAGE_ADDED dat=package: flg=0x4000010 (has extras) } to com.google.android.gms/.games.chimera.GamesSystemBroadcastReceiverProxy
11-01 23:22:22.889  1457  1693 W BroadcastQueue: Background execution not allowed: receiving Intent { act=android.intent.action.PACKAGE_ADDED dat=package: flg=0x4000010 (has extras) } to com.google.android.gms/.gass.chimera.PackageChangeBroadcastReceiver
11-01 23:22:22.889  1457  1693 W BroadcastQueue: Background execution not allowed: receiving Intent { act=android.intent.action.PACKAGE_ADDED dat=package: flg=0x4000010 (has extras) } to com.google.android.gms/.chimera.GmsIntentOperationService$PersistentTrustedReceiver
11-01 23:22:22.889  1457  1693 W BroadcastQueue: Background execution not allowed: receiving Intent { act=android.intent.action.PACKAGE_ADDED dat=package: flg=0x4000010 (has extras) } to com.google.android.googlequicksearchbox/com.google.android.apps.gsa.googlequicksearchbox.GelStubAppWatcher
11-01 23:22:22.889  1457  1693 W BroadcastQueue: u0 Receiving a broadcast in packagecom.cncd.japan.janli.shudu requires a permissions review
11-01 23:22:22.889  1457  1693 W BroadcastQueue: Skipping delivery: permission review required for Intent { act=android.intent.action.PACKAGE_ADDED dat=package: flg=0x4000010 (has extras) } from null (pid=1457, uid=1000) to com.cncd.japan.janli.shudu/net.l.k.r
11-01 23:22:22.889  1457  1693 W BroadcastQueue: u0 Receiving a broadcast in packagecom.cncd.japan.janli.shudu requires a permissions review
11-01 23:22:22.889  1457  1693 W BroadcastQueue: Skipping delivery: permission review required for Intent { act=android.intent.action.PACKAGE_ADDED dat=package: flg=0x4000010 (has extras) } from null (pid=1457, uid=1000) to com.cncd.japan.janli.shudu/com.feiwofour.coverscreen.SR
11-01 23:22:22.889  1457  1693 W BroadcastQueue: u0 Receiving a broadcast in packagecom.games.mengmeizhitd requires a permissions review
11-01 23:22:22.889  1457  1693 W BroadcastQueue: Skipping delivery: permission review required for Intent { act=android.intent.action.PACKAGE_ADDED dat=package: flg=0x4000010 (has extras) } from null (pid=1457, uid=1000) to com.games.mengmeizhitd/hjnw.ihjnw.i.isqly
11-01 23:22:22.889  1457  1693 W BroadcastQueue: u0 Receiving a broadcast in packagecom.hgperfko.yaeghrwx requires a permissions review
11-01 23:22:22.889  1457  1693 W BroadcastQueue: Skipping delivery: permission review required for Intent { act=android.intent.action.PACKAGE_ADDED dat=package: flg=0x4000010 (has extras) } from null (pid=1457, uid=1000) to com.hgperfko.yaeghrwx/.core.hLytdCQDBv
11-01 23:22:22.889  1457  1693 W BroadcastQueue: u0 Receiving a broadcast in packagecom.qiuqiu.dfmc requires a permissions review
11-01 23:22:22.889  1457  1693 W BroadcastQueue: Skipping delivery: permission review required for Intent { act=android.intent.action.PACKAGE_ADDED dat=package: flg=0x4000010 (has extras) } from null (pid=1457, uid=1000) to com.qiuqiu.dfmc/cn.jpush.android.service.PushReceiver
11-01 23:22:22.889  1457  1693 W BroadcastQueue: u0 Receiving a broadcast in packagecom.safesys.viruskiller requires a permissions review
11-01 23:22:22.889  1457  1693 W BroadcastQueue: Skipping delivery: permission review required for Intent { act=android.intent.action.PACKAGE_ADDED dat=package: flg=0x4000010 (has extras) } from null (pid=1457, uid=1000) to com.safesys.viruskiller/.ScanPackageBroadcast
11-01 23:22:22.889  1457  1693 W BroadcastQueue: u0 Receiving a broadcast in packagecom.uc108.mobile.sdgj.bd1 requires a permissions review
11-01 23:22:22.889  1457  1693 W BroadcastQueue: Skipping delivery: permission review required for Intent { act=android.intent.action.PACKAGE_ADDED dat=package: flg=0x4000010 (has extras) } from null (pid=1457, uid=1000) to com.uc108.mobile.sdgj.bd1/com.baidu.tiebasdk.service.InstallReceiver
11-01 23:22:22.889  1457  1693 W BroadcastQueue: u0 Receiving a broadcast in packagecom.voicebianshengjinglingwc.wxl requires a permissions review
11-01 23:22:22.889  1457  1693 W BroadcastQueue: Skipping delivery: permission review required for Intent { act=android.intent.action.PACKAGE_ADDED dat=package: flg=0x4000010 (has extras) } from null (pid=1457, uid=1000) to com.voicebianshengjinglingwc.wxl/mp.ruu.Ztjjwrj
11-01 23:22:22.889  1457  1693 W BroadcastQueue: u0 Receiving a broadcast in packageio.dcloud.H5BC6BF13 requires a permissions review
11-01 23:22:22.889  1457  1693 W BroadcastQueue: Skipping delivery: permission review required for Intent { act=android.intent.action.PACKAGE_ADDED dat=package: flg=0x4000010 (has extras) } from null (pid=1457, uid=1000) to io.dcloud.H5BC6BF13/io.dcloud.common.adapter.io.DownloadReceiver
11-01 23:22:22.889  1457  1693 W BroadcastQueue: Background execution not allowed: receiving Intent { act=android.intent.action.PACKAGE_ADDED dat=package: flg=0x4000010 (has extras) } to jp.naver.lineantivirus.android/.handler.PackageRemoveReceiver
11-01 23:22:22.898  1457  1457 I Telecom : DefaultDialerCache: Refreshing default dialer for user 0: now com.google.android.dialer: DDC.oR@BLE
11-01 23:22:22.901  1457  1457 V BackupManagerConstants: getFullBackupIntervalMilliseconds(...) returns 86400000
11-01 23:22:22.901  1457  1457 V BackupManagerConstants: getFullBackupRequiredNetworkType(...) returns 2
11-01 23:22:22.901  1457  1457 V BackupManagerConstants: getFullBackupRequireCharging(...) returns true
11-01 23:22:22.913  1457  1690 W WindowMagnificationMgr: requestConnection duplicated request: connect=false, mConnectionState=DISCONNECTED
11-01 23:22:22.942  1457  1457 I Telecom : DefaultDialerCache: Refreshing default dialer for user 0: now com.google.android.dialer: DDC.oR@BLI
11-01 23:22:22.971  1457  1690 W PackageManager: Failed registering loading progress callback. Package is fully loaded.
11-01 23:22:22.975  1457  1811 E VerityUtils: Failed to measure fs-verity, errno 1: /data/app/~~6cII945Ohxc5srAaUkMDWQ==/rsoiogtjulaok.cieldreweq.hbdjtupunuq-udVx89nQIqzLMgI9R3aFIw==/base.apk
11-01 23:22:22.976  1457  2972 D CompatibilityChangeReporter: Compat change id reported: 161252188; UID 10254; state: DISABLED
11-01 23:22:23.042  1457  4148 W BackupTransportManager: Package rsoiogtjulaok.cieldreweq.hbdjtupunuq enabled setting: 0
11-01 23:22:23.053  1457  1690 W WindowMagnificationMgr: requestConnection duplicated request: connect=false, mConnectionState=DISCONNECTED
11-01 23:22:23.087  1457  1816 E PackageManager: ERROR: could not load root hash from incremental install
11-01 23:22:23.104  1457  1816 I PackageManager: Integrity check passed for file:///data/app/vmdl678837462.tmp
11-01 23:22:23.240  1457  1673 V StorageManagerService: Package null does not have legacy storage
11-01 23:22:23.261  1457  5480 W AppOps  : setUidMode() called with a mode inconsistent with runtime permission state, this is discouraged and you should revoke the runtime permission instead: uid=10125, switchCode=0, mode=4, permission=android.permission.ACCESS_BACKGROUND_LOCATION
11-01 23:22:23.355  1457  5480 W AppOps  : setUidMode() called with a mode inconsistent with runtime permission state, this is discouraged and you should revoke the runtime permission instead: uid=10125, switchCode=1, mode=4, permission=android.permission.ACCESS_BACKGROUND_LOCATION
11-01 23:22:23.357  1457  4179 W AppOps  : setUidMode() called with a mode inconsistent with runtime permission state, this is discouraged and you should revoke the runtime permission instead: uid=10125, switchCode=0, mode=4, permission=android.permission.ACCESS_BACKGROUND_LOCATION
11-01 23:22:23.404  1457  5480 I ActivityManager: Background started FGS: Allowed [callingPackage: com.google.android.apps.wellbeing; callingUid: 10121; uidState: BFGS; intent: Intent { cmp=com.google.android.apps.wellbeing/com.google.apps.tiktok.concurrent.InternalForegroundService (has extras) }; code:BACKGROUND_ACTIVITY_PERMISSION; tempAllowListReason:<null>; targetSdkVersion:33; callerTargetSdkVersion:33; startForegroundCount:0; bindFromPackage:null]
11-01 23:22:23.573  1457  1816 V BackupManagerService: [UserID:0] restoreAtInstall pkg=com.android.mobilephone token=41 restoreSet=0
11-01 23:22:23.573  1457  1816 V BackupManagerService: [UserID:0] Finishing install immediately
11-01 23:22:23.576  1457  1816 D PackageInstallerSession: Marking session 678837462 as applied
11-01 23:22:23.579  1457  1816 D CompatibilityChangeReporter: Compat change id reported: 168419799; UID 10255; state: DISABLED
11-01 23:22:23.579  1457  1816 D CompatibilityChangeReporter: Compat change id reported: 273564678; UID 10255; state: DISABLED
11-01 23:22:23.584  1457  2903 D CompatibilityChangeReporter: Compat change id reported: 218533173; UID 10255; state: DISABLED
11-01 23:22:23.585  1457  1457 I Telecom : DefaultDialerCache: Refreshing default dialer for user 0: now com.google.android.dialer: DDC.oR@BLs
11-01 23:22:23.591  1457  1457 V BackupManagerConstants: getFullBackupIntervalMilliseconds(...) returns 86400000
11-01 23:22:23.591  1457  1457 V BackupManagerConstants: getFullBackupRequiredNetworkType(...) returns 2
11-01 23:22:23.591  1457  1457 V BackupManagerConstants: getFullBackupRequireCharging(...) returns true
11-01 23:22:23.595  1457  5473 W BroadcastQueue: u0 Receiving a broadcast in packagecom.jr.narutoii requires a permissions review
11-01 23:22:23.595  1457  5473 W BroadcastQueue: Skipping delivery: permission review required for Intent { act=android.intent.action.PACKAGE_ADDED dat=package: flg=0x4000010 (has extras) } from null (pid=1457, uid=1000) to com.jr.narutoii/com.joyriver.engine.proxy.EngineReceiver
11-01 23:22:23.595  1457  1693 W BroadcastQueue: u0 Receiving a broadcast in packagecom.android.buyer requires a permissions review
11-01 23:22:23.595  1457  1693 W BroadcastQueue: Skipping delivery: permission review required for Intent { act=android.intent.action.PACKAGE_ADDED dat=package: flg=0x4000010 (has extras) } from null (pid=1457, uid=1000) to com.android.buyer/.mRve
11-01 23:22:23.596  1457  1693 W BroadcastQueue: Background execution not allowed: receiving Intent { act=android.intent.action.PACKAGE_ADDED dat=package: flg=0x4000010 (has extras) } to com.google.android.packageinstaller/com.android.packageinstaller.PackageInstalledReceiver
11-01 23:22:23.596  1457  1693 W BroadcastQueue: Background execution not allowed: receiving Intent { act=android.intent.action.PACKAGE_ADDED dat=package: flg=0x4000010 (has extras) } to com.android.vending/com.google.android.finsky.packagemonitor.impl.PackageMonitorReceiverImpl$RegisteredReceiver
11-01 23:22:23.596  1457  1693 W BroadcastQueue: Background execution not allowed: receiving Intent { act=android.intent.action.PACKAGE_ADDED dat=package: flg=0x4000010 (has extras) } to com.android.vending/com.google.android.finsky.packagemonitor.backgroundimpl.BackgroundPackageMonitorReceiverImpl$RegisteredReceiver
11-01 23:22:23.596  1457  1693 W BroadcastQueue: Background execution not allowed: receiving Intent { act=android.intent.action.PACKAGE_ADDED dat=package: flg=0x4000010 (has extras) } to com.google.android.gms/.games.chimera.GamesSystemBroadcastReceiverProxy
11-01 23:22:23.596  1457  1693 W BroadcastQueue: Background execution not allowed: receiving Intent { act=android.intent.action.PACKAGE_ADDED dat=package: flg=0x4000010 (has extras) } to com.google.android.gms/.gass.chimera.PackageChangeBroadcastReceiver
11-01 23:22:23.596  1457  1693 W BroadcastQueue: Background execution not allowed: receiving Intent { act=android.intent.action.PACKAGE_ADDED dat=package: flg=0x4000010 (has extras) } to com.google.android.gms/.chimera.GmsIntentOperationService$PersistentTrustedReceiver
11-01 23:22:23.596  1457  1693 W BroadcastQueue: Background execution not allowed: receiving Intent { act=android.intent.action.PACKAGE_ADDED dat=package: flg=0x4000010 (has extras) } to com.google.android.googlequicksearchbox/com.google.android.apps.gsa.googlequicksearchbox.GelStubAppWatcher
11-01 23:22:23.596  1457  1693 W BroadcastQueue: u0 Receiving a broadcast in packagecom.cncd.japan.janli.shudu requires a permissions review
11-01 23:22:23.596  1457  1693 W BroadcastQueue: Skipping delivery: permission review required for Intent { act=android.intent.action.PACKAGE_ADDED dat=package: flg=0x4000010 (has extras) } from null (pid=1457, uid=1000) to com.cncd.japan.janli.shudu/net.l.k.r
11-01 23:22:23.596  1457  1693 W BroadcastQueue: u0 Receiving a broadcast in packagecom.cncd.japan.janli.shudu requires a permissions review
11-01 23:22:23.596  1457  1693 W BroadcastQueue: Skipping delivery: permission review required for Intent { act=android.intent.action.PACKAGE_ADDED dat=package: flg=0x4000010 (has extras) } from null (pid=1457, uid=1000) to com.cncd.japan.janli.shudu/com.feiwofour.coverscreen.SR
11-01 23:22:23.596  1457  1693 W BroadcastQueue: u0 Receiving a broadcast in packagecom.games.mengmeizhitd requires a permissions review
11-01 23:22:23.596  1457  1693 W BroadcastQueue: Skipping delivery: permission review required for Intent { act=android.intent.action.PACKAGE_ADDED dat=package: flg=0x4000010 (has extras) } from null (pid=1457, uid=1000) to com.games.mengmeizhitd/hjnw.ihjnw.i.isqly
11-01 23:22:23.596  1457  1693 W BroadcastQueue: u0 Receiving a broadcast in packagecom.hgperfko.yaeghrwx requires a permissions review
11-01 23:22:23.596  1457  1693 W BroadcastQueue: Skipping delivery: permission review required for Intent { act=android.intent.action.PACKAGE_ADDED dat=package: flg=0x4000010 (has extras) } from null (pid=1457, uid=1000) to com.hgperfko.yaeghrwx/.core.hLytdCQDBv
11-01 23:22:23.596  1457  1693 W BroadcastQueue: u0 Receiving a broadcast in packagecom.qiuqiu.dfmc requires a permissions review
11-01 23:22:23.596  1457  1693 W BroadcastQueue: Skipping delivery: permission review required for Intent { act=android.intent.action.PACKAGE_ADDED dat=package: flg=0x4000010 (has extras) } from null (pid=1457, uid=1000) to com.qiuqiu.dfmc/cn.jpush.android.service.PushReceiver
