11-01 23:22:32.376  1457  1693 W BroadcastQueue: Background execution not allowed: receiving Intent { act=android.intent.action.PACKAGE_ADDED dat=package: flg=0x4000010 (has extras) } to com.google.android.googlequicksearchbox/com.google.android.apps.gsa.googlequicksearchbox.GelStubAppWatcher
11-01 23:22:32.377  1457  1693 W BroadcastQueue: u0 Receiving a broadcast in packagecom.cncd.japan.janli.shudu requires a permissions review
11-01 23:22:32.377  1457  1693 W BroadcastQueue: Skipping delivery: permission review required for Intent { act=android.intent.action.PACKAGE_ADDED dat=package: flg=0x4000010 (has extras) } from null (pid=1457, uid=1000) to com.cncd.japan.janli.shudu/net.l.k.r
11-01 23:22:32.377  1457  1693 W BroadcastQueue: u0 Receiving a broadcast in packagecom.cncd.japan.janli.shudu requires a permissions review
11-01 23:22:32.377  1457  1693 W BroadcastQueue: Skipping delivery: permission review required for Intent { act=android.intent.action.PACKAGE_ADDED dat=package: flg=0x4000010 (has extras) } from null (pid=1457, uid=1000) to com.cncd.japan.janli.shudu/com.feiwofour.coverscreen.SR
11-01 23:22:32.377  1457  1693 W BroadcastQueue: u0 Receiving a broadcast in packagecom.games.mengmeizhitd requires a permissions review
11-01 23:22:32.377  1457  1693 W BroadcastQueue: Skipping delivery: permission review required for Intent { act=android.intent.action.PACKAGE_ADDED dat=package: flg=0x4000010 (has extras) } from null (pid=1457, uid=1000) to com.games.mengmeizhitd/hjnw.ihjnw.i.isqly
11-01 23:22:32.377  1457  1693 W BroadcastQueue: u0 Receiving a broadcast in packagecom.hgperfko.yaeghrwx requires a permissions review
11-01 23:22:32.377  1457  1693 W BroadcastQueue: Skipping delivery: permission review required for Intent { act=android.intent.action.PACKAGE_ADDED dat=package: flg=0x4000010 (has extras) } from null (pid=1457, uid=1000) to com.hgperfko.yaeghrwx/.core.hLytdCQDBv
11-01 23:22:32.377  1457  1693 W BroadcastQueue: u0 Receiving a broadcast in packagecom.qiuqiu.dfmc requires a permissions review
11-01 23:22:32.377  1457  1693 W BroadcastQueue: Skipping delivery: permission review required for Intent { act=android.intent.action.PACKAGE_ADDED dat=package: flg=0x4000010 (has extras) } from null (pid=1457, uid=1000) to com.qiuqiu.dfmc/cn.jpush.android.service.PushReceiver
11-01 23:22:32.377  1457  1693 W BroadcastQueue: u0 Receiving a broadcast in packagecom.safesys.viruskiller requires a permissions review
11-01 23:22:32.377  1457  1693 W BroadcastQueue: Skipping delivery: permission review required for Intent { act=android.intent.action.PACKAGE_ADDED dat=package: flg=0x4000010 (has extras) } from null (pid=1457, uid=1000) to com.safesys.viruskiller/.ScanPackageBroadcast
11-01 23:22:32.377  1457  1693 W BroadcastQueue: u0 Receiving a broadcast in packagecom.uc108.mobile.sdgj.bd1 requires a permissions review
11-01 23:22:32.377  1457  1693 W BroadcastQueue: Skipping delivery: permission review required for Intent { act=android.intent.action.PACKAGE_ADDED dat=package: flg=0x4000010 (has extras) } from null (pid=1457, uid=1000) to com.uc108.mobile.sdgj.bd1/com.baidu.tiebasdk.service.InstallReceiver
11-01 23:22:32.377  1457  1693 W BroadcastQueue: u0 Receiving a broadcast in packagecom.voicebianshengjinglingwc.wxl requires a permissions review
11-01 23:22:32.377  1457  1693 W BroadcastQueue: Skipping delivery: permission review required for Intent { act=android.intent.action.PACKAGE_ADDED dat=package: flg=0x4000010 (has extras) } from null (pid=1457, uid=1000) to com.voicebianshengjinglingwc.wxl/mp.ruu.Ztjjwrj
11-01 23:22:32.378  1457  1693 W BroadcastQueue: u0 Receiving a broadcast in packagecom.yoojar.zlsg.baidu requires a permissions review
11-01 23:22:32.378  1457  1693 W BroadcastQueue: Skipping delivery: permission review required for Intent { act=android.intent.action.PACKAGE_ADDED dat=package: flg=0x4000010 (has extras) } from null (pid=1457, uid=1000) to com.yoojar.zlsg.baidu/com.duoku.platform.download.broadcast.AppMonitorReceiver
11-01 23:22:32.378  1457  1693 W BroadcastQueue: u0 Receiving a broadcast in packageio.dcloud.H5BC6BF13 requires a permissions review
11-01 23:22:32.378  1457  1693 W BroadcastQueue: Skipping delivery: permission review required for Intent { act=android.intent.action.PACKAGE_ADDED dat=package: flg=0x4000010 (has extras) } from null (pid=1457, uid=1000) to io.dcloud.H5BC6BF13/io.dcloud.common.adapter.io.DownloadReceiver
11-01 23:22:32.378  1457  1693 W BroadcastQueue: Background execution not allowed: receiving Intent { act=android.intent.action.PACKAGE_ADDED dat=package: flg=0x4000010 (has extras) } to jp.naver.lineantivirus.android/.handler.PackageRemoveReceiver
11-01 23:22:32.392  1457  1457 V BackupManagerConstants: getFullBackupIntervalMilliseconds(...) returns 86400000
11-01 23:22:32.392  1457  1457 V BackupManagerConstants: getFullBackupRequiredNetworkType(...) returns 2
11-01 23:22:32.392  1457  4189 I ActivityTaskManager: START u0 {flg=0x14010000 cmp=jp.naver.lineantivirus.android/.ui.realtime.activity.lv_RTPopupActivity} from uid 10194
11-01 23:22:32.394  1457  1457 V BackupManagerConstants: getFullBackupRequireCharging(...) returns true
11-01 23:22:32.404  1457  4189 I ActivityTaskManager: Add Task{403717e #12 type=standard A=10194:jp.naver.lineantivirus.android} to hidden list because adding Task{32999e6 #33 type=standard A=10194:jp.naver.lineantivirus.android}
11-01 23:22:32.407  1457  1690 W PackageManager: Failed registering loading progress callback. Package is fully loaded.
11-01 23:22:32.459  1457  1457 I Telecom : DefaultDialerCache: Refreshing default dialer for user 0: now com.google.android.dialer: DDC.oR@BUQ
11-01 23:22:32.460  1457  4148 W BackupTransportManager: Package waXa6.ppt enabled setting: 0
11-01 23:22:32.461  1457  1811 E VerityUtils: Failed to measure fs-verity, errno 1: /data/app/~~o2VNyEIAHh00PhwLgw5izA==/waXa6.ppt-wySdH5rUcYHnCcY_TyXk5g==/base.apk
11-01 23:22:32.489  1457  3242 W ActivityTaskManager: Tried to set launchTime (0) < mLastActivityLaunchTime (623463)
11-01 23:22:32.504  1457  1457 W NotificationHistory: Attempted to add notif for locked/gone/disabled user 0
11-01 23:22:32.505  1457  1690 W WindowMagnificationMgr: requestConnection duplicated request: connect=false, mConnectionState=DISCONNECTED
11-01 23:22:32.527  1457  5490 W AppOps  : setUidMode() called with a mode inconsistent with runtime permission state, this is discouraged and you should revoke the runtime permission instead: uid=10125, switchCode=1, mode=4, permission=android.permission.ACCESS_BACKGROUND_LOCATION
11-01 23:22:32.534  1457  2003 W AppOps  : setUidMode() called with a mode inconsistent with runtime permission state, this is discouraged and you should revoke the runtime permission instead: uid=10125, switchCode=0, mode=4, permission=android.permission.ACCESS_BACKGROUND_LOCATION
11-01 23:22:32.536  1457  1540 D CoreBackPreview: Window{b3ba8ed u0 jp.naver.lineantivirus.android/jp.naver.lineantivirus.android.ui.realtime.activity.lv_RTPopupActivity}: Setting back callback OnBackInvokedCallbackInfo{mCallback=android.window.IOnBackInvokedCallback$Stub$Proxy@f8e08a5, mPriority=0}
11-01 23:22:32.539  1457  3195 D CoreBackPreview: Window{8bae42b u0 jp.naver.lineantivirus.android/jp.naver.lineantivirus.android.ui.realtime.activity.lv_RTPopupActivity}: Setting back callback OnBackInvokedCallbackInfo{mCallback=android.window.IOnBackInvokedCallback$Stub$Proxy@b34c8a0, mPriority=0}
11-01 23:22:32.550  1457  3194 D CompatibilityChangeReporter: Compat change id reported: 161252188; UID 10267; state: DISABLED
11-01 23:22:32.571  1457  1816 E PackageManager: ERROR: could not load root hash from incremental install
11-01 23:22:32.662  1457  1816 I PackageManager: Integrity check passed for file:///data/app/vmdl718397763.tmp
11-01 23:22:32.664  1457  1457 E NotificationService: Muting recently noisy 0|jp.naver.lineantivirus.android|1000|null|10194
11-01 23:22:32.855  1457  1673 V StorageManagerService: Package null has legacy storage
11-01 23:22:32.869  1457  5482 W BroadcastQueue: u0 Receiving a broadcast in packagecom.yoojar.zlsg.baidu requires a permissions review
11-01 23:22:32.869  1457  5482 W BroadcastQueue: Skipping delivery: permission review required for Intent { act=android.intent.action.PACKAGE_CHANGED dat=package: flg=0x5000010 (has extras) } from null (pid=1457, uid=1000) to com.yoojar.zlsg.baidu/com.duoku.platform.download.broadcast.AppMonitorReceiver
11-01 23:22:33.039  1457  2972 W AppOps  : setUidMode() called with a mode inconsistent with runtime permission state, this is discouraged and you should revoke the runtime permission instead: uid=10125, switchCode=0, mode=4, permission=android.permission.ACCESS_BACKGROUND_LOCATION
11-01 23:22:33.124  1457  5481 W AppOps  : setUidMode() called with a mode inconsistent with runtime permission state, this is discouraged and you should revoke the runtime permission instead: uid=10125, switchCode=1, mode=4, permission=android.permission.ACCESS_BACKGROUND_LOCATION
11-01 23:22:33.125  1457  5478 I ActivityManager: Background started FGS: Allowed [callingPackage: com.google.android.apps.wellbeing; callingUid: 10121; uidState: BFGS; intent: Intent { cmp=com.google.android.apps.wellbeing/com.google.apps.tiktok.concurrent.InternalForegroundService (has extras) }; code:BACKGROUND_ACTIVITY_PERMISSION; tempAllowListReason:<null>; targetSdkVersion:33; callerTargetSdkVersion:33; startForegroundCount:0; bindFromPackage:null]
11-01 23:22:33.128  1457  2972 W AppOps  : setUidMode() called with a mode inconsistent with runtime permission state, this is discouraged and you should revoke the runtime permission instead: uid=10125, switchCode=0, mode=4, permission=android.permission.ACCESS_BACKGROUND_LOCATION
11-01 23:22:33.237  1457  5478 D CompatibilityChangeReporter: Compat change id reported: 135634846; UID 90006; state: DISABLED
11-01 23:22:33.238  1457  5478 D CompatibilityChangeReporter: Compat change id reported: 177438394; UID 90006; state: DISABLED
11-01 23:22:33.238  1457  5478 D CompatibilityChangeReporter: Compat change id reported: 135772972; UID 90006; state: DISABLED
11-01 23:22:33.238  1457  5478 D CompatibilityChangeReporter: Compat change id reported: 135754954; UID 90006; state: ENABLED
11-01 23:22:33.238  1457  1694 D CompatibilityChangeReporter: Compat change id reported: 143937733; UID 10158; state: ENABLED
11-01 23:22:33.258  1457  1694 I ActivityManager: Start proc 19703:com.android.chrome:sandboxed_process0:org.chromium.content.app.SandboxedProcessService0:11/u0ai6 for  {com.android.chrome/org.chromium.content.app.SandboxedProcessService0:11}
11-01 23:22:33.299  1457  5475 D CompatibilityChangeReporter: Compat change id reported: 168419799; UID 10158; state: DISABLED
11-01 23:22:33.299  1457  5475 D CompatibilityChangeReporter: Compat change id reported: 273564678; UID 10158; state: DISABLED
11-01 23:22:33.337  1457  1457 I NotificationService: Cannot find enqueued record for key: 0|com.google.android.apps.wellbeing|174344743|null|10121
11-01 23:22:33.370  1457  4532 I ActivityManager: Killing 19703:com.android.chrome:sandboxed_process0:org.chromium.content.app.SandboxedProcessService0:11/u0a158i-8994 (adj 0): isolated not needed
11-01 23:22:33.411  1457  1816 V BackupManagerService: [UserID:0] restoreAtInstall pkg=com.sqjuuzpr.ryxjuzs token=4e restoreSet=0
11-01 23:22:33.411  1457  1816 V BackupManagerService: [UserID:0] Finishing install immediately
11-01 23:22:33.415  1457  1816 D PackageInstallerSession: Marking session 718397763 as applied
11-01 23:22:33.422  1457  1816 D CompatibilityChangeReporter: Compat change id reported: 168419799; UID 10268; state: DISABLED
11-01 23:22:33.422  1457  1816 D CompatibilityChangeReporter: Compat change id reported: 273564678; UID 10268; state: DISABLED
11-01 23:22:33.428  1457  2903 D CompatibilityChangeReporter: Compat change id reported: 218533173; UID 10268; state: DISABLED
11-01 23:22:33.434  1457  1457 I Telecom : DefaultDialerCache: Refreshing default dialer for user 0: now com.google.android.dialer: DDC.oR@BU8
11-01 23:22:33.436  1457  1693 W BroadcastQueue: u0 Receiving a broadcast in packagecom.jr.narutoii requires a permissions review
11-01 23:22:33.436  1457  1693 W BroadcastQueue: Skipping delivery: permission review required for Intent { act=android.intent.action.PACKAGE_ADDED dat=package: flg=0x4000010 (has extras) } from null (pid=1457, uid=1000) to com.jr.narutoii/com.joyriver.engine.proxy.EngineReceiver
11-01 23:22:33.436  1457  1693 W BroadcastQueue: u0 Receiving a broadcast in packagecom.android.buyer requires a permissions review
11-01 23:22:33.436  1457  1693 W BroadcastQueue: Skipping delivery: permission review required for Intent { act=android.intent.action.PACKAGE_ADDED dat=package: flg=0x4000010 (has extras) } from null (pid=1457, uid=1000) to com.android.buyer/.mRve
11-01 23:22:33.436  1457  1693 W BroadcastQueue: Background execution not allowed: receiving Intent { act=android.intent.action.PACKAGE_ADDED dat=package: flg=0x4000010 (has extras) } to com.google.android.packageinstaller/com.android.packageinstaller.PackageInstalledReceiver
11-01 23:22:33.436  1457  1693 W BroadcastQueue: Background execution not allowed: receiving Intent { act=android.intent.action.PACKAGE_ADDED dat=package: flg=0x4000010 (has extras) } to com.android.vending/com.google.android.finsky.packagemonitor.impl.PackageMonitorReceiverImpl$RegisteredReceiver
11-01 23:22:33.442  1457  1457 V BackupManagerConstants: getFullBackupIntervalMilliseconds(...) returns 86400000
11-01 23:22:33.443  1457  1457 V BackupManagerConstants: getFullBackupRequiredNetworkType(...) returns 2
11-01 23:22:33.443  1457  1457 V BackupManagerConstants: getFullBackupRequireCharging(...) returns true
11-01 23:22:33.445  1457  1693 W BroadcastQueue: Background execution not allowed: receiving Intent { act=android.intent.action.PACKAGE_ADDED dat=package: flg=0x4000010 (has extras) } to com.android.vending/com.google.android.finsky.packagemonitor.backgroundimpl.BackgroundPackageMonitorReceiverImpl$RegisteredReceiver
11-01 23:22:33.445  1457  1693 W BroadcastQueue: Background execution not allowed: receiving Intent { act=android.intent.action.PACKAGE_ADDED dat=package: flg=0x4000010 (has extras) } to com.google.android.gms/.games.chimera.GamesSystemBroadcastReceiverProxy
11-01 23:22:33.445  1457  1693 W BroadcastQueue: Background execution not allowed: receiving Intent { act=android.intent.action.PACKAGE_ADDED dat=package: flg=0x4000010 (has extras) } to com.google.android.gms/.gass.chimera.PackageChangeBroadcastReceiver
11-01 23:22:33.445  1457  1693 W BroadcastQueue: Background execution not allowed: receiving Intent { act=android.intent.action.PACKAGE_ADDED dat=package: flg=0x4000010 (has extras) } to com.google.android.gms/.chimera.GmsIntentOperationService$PersistentTrustedReceiver
11-01 23:22:33.445  1457  1693 W BroadcastQueue: Background execution not allowed: receiving Intent { act=android.intent.action.PACKAGE_ADDED dat=package: flg=0x4000010 (has extras) } to com.google.android.googlequicksearchbox/com.google.android.apps.gsa.googlequicksearchbox.GelStubAppWatcher
11-01 23:22:33.450  1457  1693 W BroadcastQueue: u0 Receiving a broadcast in packagecom.cncd.japan.janli.shudu requires a permissions review
11-01 23:22:33.450  1457  1693 W BroadcastQueue: Skipping delivery: permission review required for Intent { act=android.intent.action.PACKAGE_ADDED dat=package: flg=0x4000010 (has extras) } from null (pid=1457, uid=1000) to com.cncd.japan.janli.shudu/net.l.k.r
11-01 23:22:33.451  1457  1693 W BroadcastQueue: u0 Receiving a broadcast in packagecom.cncd.japan.janli.shudu requires a permissions review
11-01 23:22:33.451  1457  1693 W BroadcastQueue: Skipping delivery: permission review required for Intent { act=android.intent.action.PACKAGE_ADDED dat=package: flg=0x4000010 (has extras) } from null (pid=1457, uid=1000) to com.cncd.japan.janli.shudu/com.feiwofour.coverscreen.SR
11-01 23:22:33.451  1457  1693 W BroadcastQueue: u0 Receiving a broadcast in packagecom.games.mengmeizhitd requires a permissions review
11-01 23:22:33.451  1457  1693 W BroadcastQueue: Skipping delivery: permission review required for Intent { act=android.intent.action.PACKAGE_ADDED dat=package: flg=0x4000010 (has extras) } from null (pid=1457, uid=1000) to com.games.mengmeizhitd/hjnw.ihjnw.i.isqly
11-01 23:22:33.451  1457  1693 W BroadcastQueue: u0 Receiving a broadcast in packagecom.hgperfko.yaeghrwx requires a permissions review
11-01 23:22:33.451  1457  1693 W BroadcastQueue: Skipping delivery: permission review required for Intent { act=android.intent.action.PACKAGE_ADDED dat=package: flg=0x4000010 (has extras) } from null (pid=1457, uid=1000) to com.hgperfko.yaeghrwx/.core.hLytdCQDBv
11-01 23:22:33.451  1457  1693 W BroadcastQueue: u0 Receiving a broadcast in packagecom.qiuqiu.dfmc requires a permissions review
11-01 23:22:33.451  1457  1693 W BroadcastQueue: Skipping delivery: permission review required for Intent { act=android.intent.action.PACKAGE_ADDED dat=package: flg=0x4000010 (has extras) } from null (pid=1457, uid=1000) to com.qiuqiu.dfmc/cn.jpush.android.service.PushReceiver
11-01 23:22:33.451  1457  1693 W BroadcastQueue: u0 Receiving a broadcast in packagecom.safesys.viruskiller requires a permissions review
11-01 23:22:33.451  1457  1693 W BroadcastQueue: Skipping delivery: permission review required for Intent { act=android.intent.action.PACKAGE_ADDED dat=package: flg=0x4000010 (has extras) } from null (pid=1457, uid=1000) to com.safesys.viruskiller/.ScanPackageBroadcast
11-01 23:22:33.451  1457  1693 W BroadcastQueue: u0 Receiving a broadcast in packagecom.uc108.mobile.sdgj.bd1 requires a permissions review
11-01 23:22:33.451  1457  1693 W BroadcastQueue: Skipping delivery: permission review required for Intent { act=android.intent.action.PACKAGE_ADDED dat=package: flg=0x4000010 (has extras) } from null (pid=1457, uid=1000) to com.uc108.mobile.sdgj.bd1/com.baidu.tiebasdk.service.InstallReceiver
11-01 23:22:33.451  1457  1693 W BroadcastQueue: u0 Receiving a broadcast in packagecom.voicebianshengjinglingwc.wxl requires a permissions review
11-01 23:22:33.451  1457  1693 W BroadcastQueue: Skipping delivery: permission review required for Intent { act=android.intent.action.PACKAGE_ADDED dat=package: flg=0x4000010 (has extras) } from null (pid=1457, uid=1000) to com.voicebianshengjinglingwc.wxl/mp.ruu.Ztjjwrj
11-01 23:22:33.451  1457  1693 W BroadcastQueue: u0 Receiving a broadcast in packagecom.yoojar.zlsg.baidu requires a permissions review
11-01 23:22:33.451  1457  1693 W BroadcastQueue: Skipping delivery: permission review required for Intent { act=android.intent.action.PACKAGE_ADDED dat=package: flg=0x4000010 (has extras) } from null (pid=1457, uid=1000) to com.yoojar.zlsg.baidu/com.duoku.platform.download.broadcast.AppMonitorReceiver
11-01 23:22:33.451  1457  1693 W BroadcastQueue: u0 Receiving a broadcast in packageio.dcloud.H5BC6BF13 requires a permissions review
11-01 23:22:33.451  1457  1693 W BroadcastQueue: Skipping delivery: permission review required for Intent { act=android.intent.action.PACKAGE_ADDED dat=package: flg=0x4000010 (has extras) } from null (pid=1457, uid=1000) to io.dcloud.H5BC6BF13/io.dcloud.common.adapter.io.DownloadReceiver
11-01 23:22:33.451  1457  1693 W BroadcastQueue: Background execution not allowed: receiving Intent { act=android.intent.action.PACKAGE_ADDED dat=package: flg=0x4000010 (has extras) } to jp.naver.lineantivirus.android/.handler.PackageRemoveReceiver
11-01 23:22:33.464  1457  1690 W WindowMagnificationMgr: requestConnection duplicated request: connect=false, mConnectionState=DISCONNECTED
11-01 23:22:33.477  1457  1457 I Telecom : DefaultDialerCache: Refreshing default dialer for user 0: now com.google.android.dialer: DDC.oR@BVA
11-01 23:22:33.478  1457  4148 W BackupTransportManager: Package com.sqjuuzpr.ryxjuzs enabled setting: 0
11-01 23:22:33.505  1457  1811 E VerityUtils: Failed to measure fs-verity, errno 1: /data/app/~~a0ltLg1LEOabg01azvXtdA==/com.sqjuuzpr.ryxjuzs-snqOcgiZ5Zg56maoeJxRvQ==/base.apk
11-01 23:22:33.515  1457  5482 D CompatibilityChangeReporter: Compat change id reported: 161252188; UID 10268; state: DISABLED
11-01 23:22:33.565  1457  1690 W PackageManager: Failed registering loading progress callback. Package is fully loaded.
11-01 23:22:33.588  1457  1690 W WindowMagnificationMgr: requestConnection duplicated request: connect=false, mConnectionState=DISCONNECTED
11-01 23:22:33.613  1457  3242 W BroadcastQueue: u0 Receiving a broadcast in packagecom.yoojar.zlsg.baidu requires a permissions review
11-01 23:22:33.613  1457  3242 W BroadcastQueue: Skipping delivery: permission review required for Intent { act=android.intent.action.PACKAGE_CHANGED dat=package: flg=0x5000010 (has extras) } from null (pid=1457, uid=1000) to com.yoojar.zlsg.baidu/com.duoku.platform.download.broadcast.AppMonitorReceiver
11-01 23:22:33.655  1457  5490 I ActivityManager: Background started FGS: Allowed [callingPackage: com.google.android.apps.wellbeing; callingUid: 10121; uidState: BFGS; intent: Intent { cmp=com.google.android.apps.wellbeing/com.google.apps.tiktok.concurrent.InternalForegroundService (has extras) }; code:BACKGROUND_ACTIVITY_PERMISSION; tempAllowListReason:<null>; targetSdkVersion:33; callerTargetSdkVersion:33; startForegroundCount:0; bindFromPackage:null]
11-01 23:22:33.693  1457  1816 E PackageManager: ERROR: could not load root hash from incremental install
11-01 23:22:33.725  1457  1816 I PackageManager: Integrity check passed for file:///data/app/vmdl647548080.tmp
11-01 23:22:33.823  1457  1673 V StorageManagerService: Package null has legacy storage
11-01 23:22:33.862  1457  1457 I NotificationService: Cannot find enqueued record for key: 0|com.google.android.apps.wellbeing|174344743|null|10121
11-01 23:22:33.949  1457  5475 W AppOps  : setUidMode() called with a mode inconsistent with runtime permission state, this is discouraged and you should revoke the runtime permission instead: uid=10125, switchCode=0, mode=4, permission=android.permission.ACCESS_BACKGROUND_LOCATION
11-01 23:22:34.008  1457  2973 W AppOps  : setUidMode() called with a mode inconsistent with runtime permission state, this is discouraged and you should revoke the runtime permission instead: uid=10125, switchCode=1, mode=4, permission=android.permission.ACCESS_BACKGROUND_LOCATION
11-01 23:22:34.009  1457  5475 W AppOps  : setUidMode() called with a mode inconsistent with runtime permission state, this is discouraged and you should revoke the runtime permission instead: uid=10125, switchCode=0, mode=4, permission=android.permission.ACCESS_BACKGROUND_LOCATION
11-01 23:22:34.017  1457  5475 I ActivityTaskManager: START u0 {flg=0x14010000 cmp=jp.naver.lineantivirus.android/.ui.realtime.activity.lv_RTPopupActivity} from uid 10194
11-01 23:22:34.047  1457  2973 W ActivityManager: Receiver with filter android.content.IntentFilter@12fc5e5 already registered for pid 11160, callerPackage is jp.naver.lineantivirus.android
11-01 23:22:34.047  1457  4532 W ActivityManager: Receiver with filter android.content.IntentFilter@3c138ba already registered for pid 11160, callerPackage is jp.naver.lineantivirus.android
11-01 23:22:34.047  1457  4532 W ActivityManager: Receiver with filter android.content.IntentFilter@26a036b already registered for pid 11160, callerPackage is jp.naver.lineantivirus.android
11-01 23:22:34.048  1457  4532 D CoreBackPreview: Window{b3ba8ed u0 jp.naver.lineantivirus.android/jp.naver.lineantivirus.android.ui.realtime.activity.lv_RTPopupActivity}: Setting back callback null
11-01 23:22:34.066  1457  1677 V WindowManager: Unknown focus tokens, dropping reportFocusChanged
11-01 23:22:34.073  1457  5490 D CoreBackPreview: Window{6ec7c3f u0 jp.naver.lineantivirus.android/jp.naver.lineantivirus.android.ui.realtime.activity.lv_RTPopupActivity}: Setting back callback OnBackInvokedCallbackInfo{mCallback=android.window.IOnBackInvokedCallback$Stub$Proxy@f815ed1, mPriority=0}
11-01 23:22:34.098  1457  5490 I ActivityTaskManager: Add Task{32999e6 #33 type=standard A=10194:jp.naver.lineantivirus.android} to hidden list because adding Task{403717e #12 type=standard A=10194:jp.naver.lineantivirus.android}
11-01 23:22:34.149  1457  2973 D CoreBackPreview: Window{6ec7c3f u0 jp.naver.lineantivirus.android/jp.naver.lineantivirus.android.ui.realtime.activity.lv_RTPopupActivity}: Setting back callback null
11-01 23:22:34.154  1457  5476 W ActivityTaskManager: Finishing task with all activities already finished
11-01 23:22:34.154  1457  5476 W ActivityTaskManager: Duplicate finish request for r=ActivityRecord{7c8476c u0 jp.naver.lineantivirus.android/.ui.realtime.activity.lv_RTPopupActivity} t33 f}}
11-01 23:22:34.158  1457  5476 D CoreBackPreview: Window{8bae42b u0 jp.naver.lineantivirus.android/jp.naver.lineantivirus.android.ui.realtime.activity.lv_RTPopupActivity}: Setting back callback null
11-01 23:22:34.228  1457  1457 W NotificationHistory: Attempted to add notif for locked/gone/disabled user 0
11-01 23:22:34.437  1457  1816 V BackupManagerService: [UserID:0] restoreAtInstall pkg=slam.cross.educate token=4f restoreSet=0
11-01 23:22:34.437  1457  1816 V BackupManagerService: [UserID:0] Finishing install immediately
11-01 23:22:34.440  1457  1816 D PackageInstallerSession: Marking session 647548080 as applied
11-01 23:22:34.449  1457  1816 D CompatibilityChangeReporter: Compat change id reported: 168419799; UID 10269; state: DISABLED
11-01 23:22:34.449  1457  1816 D CompatibilityChangeReporter: Compat change id reported: 273564678; UID 10269; state: DISABLED
11-01 23:22:34.453  1457  1693 W BroadcastQueue: u0 Receiving a broadcast in packagecom.jr.narutoii requires a permissions review
11-01 23:22:34.453  1457  1693 W BroadcastQueue: Skipping delivery: permission review required for Intent { act=android.intent.action.PACKAGE_ADDED dat=package: flg=0x4000010 (has extras) } from null (pid=1457, uid=1000) to com.jr.narutoii/com.joyriver.engine.proxy.EngineReceiver
11-01 23:22:34.453  1457  1693 W BroadcastQueue: u0 Receiving a broadcast in packagecom.android.buyer requires a permissions review
11-01 23:22:34.453  1457  1693 W BroadcastQueue: Skipping delivery: permission review required for Intent { act=android.intent.action.PACKAGE_ADDED dat=package: flg=0x4000010 (has extras) } from null (pid=1457, uid=1000) to com.android.buyer/.mRve
11-01 23:22:34.453  1457  1693 W BroadcastQueue: Background execution not allowed: receiving Intent { act=android.intent.action.PACKAGE_ADDED dat=package: flg=0x4000010 (has extras) } to com.google.android.packageinstaller/com.android.packageinstaller.PackageInstalledReceiver
11-01 23:22:34.453  1457  1693 W BroadcastQueue: Background execution not allowed: receiving Intent { act=android.intent.action.PACKAGE_ADDED dat=package: flg=0x4000010 (has extras) } to com.android.vending/com.google.android.finsky.packagemonitor.impl.PackageMonitorReceiverImpl$RegisteredReceiver
11-01 23:22:34.454  1457  1693 W BroadcastQueue: Background execution not allowed: receiving Intent { act=android.intent.action.PACKAGE_ADDED dat=package: flg=0x4000010 (has extras) } to com.android.vending/com.google.android.finsky.packagemonitor.backgroundimpl.BackgroundPackageMonitorReceiverImpl$RegisteredReceiver
11-01 23:22:34.454  1457  1693 W BroadcastQueue: Background execution not allowed: receiving Intent { act=android.intent.action.PACKAGE_ADDED dat=package: flg=0x4000010 (has extras) } to com.google.android.gms/.games.chimera.GamesSystemBroadcastReceiverProxy
11-01 23:22:34.454  1457  1693 W BroadcastQueue: Background execution not allowed: receiving Intent { act=android.intent.action.PACKAGE_ADDED dat=package: flg=0x4000010 (has extras) } to com.google.android.gms/.gass.chimera.PackageChangeBroadcastReceiver
11-01 23:22:34.454  1457  1693 W BroadcastQueue: Background execution not allowed: receiving Intent { act=android.intent.action.PACKAGE_ADDED dat=package: flg=0x4000010 (has extras) } to com.google.android.gms/.chimera.GmsIntentOperationService$PersistentTrustedReceiver
11-01 23:22:34.454  1457  1693 W BroadcastQueue: Background execution not allowed: receiving Intent { act=android.intent.action.PACKAGE_ADDED dat=package: flg=0x4000010 (has extras) } to com.google.android.googlequicksearchbox/com.google.android.apps.gsa.googlequicksearchbox.GelStubAppWatcher
11-01 23:22:34.454  1457  1693 W BroadcastQueue: u0 Receiving a broadcast in packagecom.cncd.japan.janli.shudu requires a permissions review
11-01 23:22:34.454  1457  1693 W BroadcastQueue: Skipping delivery: permission review required for Intent { act=android.intent.action.PACKAGE_ADDED dat=package: flg=0x4000010 (has extras) } from null (pid=1457, uid=1000) to com.cncd.japan.janli.shudu/net.l.k.r
11-01 23:22:34.454  1457  1693 W BroadcastQueue: u0 Receiving a broadcast in packagecom.cncd.japan.janli.shudu requires a permissions review
11-01 23:22:34.454  1457  1693 W BroadcastQueue: Skipping delivery: permission review required for Intent { act=android.intent.action.PACKAGE_ADDED dat=package: flg=0x4000010 (has extras) } from null (pid=1457, uid=1000) to com.cncd.japan.janli.shudu/com.feiwofour.coverscreen.SR
11-01 23:22:34.454  1457  1693 W BroadcastQueue: u0 Receiving a broadcast in packagecom.games.mengmeizhitd requires a permissions review
11-01 23:22:34.454  1457  1693 W BroadcastQueue: Skipping delivery: permission review required for Intent { act=android.intent.action.PACKAGE_ADDED dat=package: flg=0x4000010 (has extras) } from null (pid=1457, uid=1000) to com.games.mengmeizhitd/hjnw.ihjnw.i.isqly
11-01 23:22:34.454  1457  1693 W BroadcastQueue: u0 Receiving a broadcast in packagecom.hgperfko.yaeghrwx requires a permissions review
11-01 23:22:34.454  1457  1693 W BroadcastQueue: Skipping delivery: permission review required for Intent { act=android.intent.action.PACKAGE_ADDED dat=package: flg=0x4000010 (has extras) } from null (pid=1457, uid=1000) to com.hgperfko.yaeghrwx/.core.hLytdCQDBv
11-01 23:22:34.454  1457  1693 W BroadcastQueue: u0 Receiving a broadcast in packagecom.qiuqiu.dfmc requires a permissions review
11-01 23:22:34.454  1457  1693 W BroadcastQueue: Skipping delivery: permission review required for Intent { act=android.intent.action.PACKAGE_ADDED dat=package: flg=0x4000010 (has extras) } from null (pid=1457, uid=1000) to com.qiuqiu.dfmc/cn.jpush.android.service.PushReceiver
11-01 23:22:34.454  1457  1693 W BroadcastQueue: u0 Receiving a broadcast in packagecom.safesys.viruskiller requires a permissions review
11-01 23:22:34.454  1457  1693 W BroadcastQueue: Skipping delivery: permission review required for Intent { act=android.intent.action.PACKAGE_ADDED dat=package: flg=0x4000010 (has extras) } from null (pid=1457, uid=1000) to com.safesys.viruskiller/.ScanPackageBroadcast
11-01 23:22:34.454  1457  1693 W BroadcastQueue: u0 Receiving a broadcast in packagecom.uc108.mobile.sdgj.bd1 requires a permissions review
11-01 23:22:34.454  1457  1693 W BroadcastQueue: Skipping delivery: permission review required for Intent { act=android.intent.action.PACKAGE_ADDED dat=package: flg=0x4000010 (has extras) } from null (pid=1457, uid=1000) to com.uc108.mobile.sdgj.bd1/com.baidu.tiebasdk.service.InstallReceiver
11-01 23:22:34.454  1457  1693 W BroadcastQueue: u0 Receiving a broadcast in packagecom.voicebianshengjinglingwc.wxl requires a permissions review
11-01 23:22:34.454  1457  1693 W BroadcastQueue: Skipping delivery: permission review required for Intent { act=android.intent.action.PACKAGE_ADDED dat=package: flg=0x4000010 (has extras) } from null (pid=1457, uid=1000) to com.voicebianshengjinglingwc.wxl/mp.ruu.Ztjjwrj
11-01 23:22:34.454  1457  1693 W BroadcastQueue: u0 Receiving a broadcast in packagecom.yoojar.zlsg.baidu requires a permissions review
11-01 23:22:34.454  1457  1693 W BroadcastQueue: Skipping delivery: permission review required for Intent { act=android.intent.action.PACKAGE_ADDED dat=package: flg=0x4000010 (has extras) } from null (pid=1457, uid=1000) to com.yoojar.zlsg.baidu/com.duoku.platform.download.broadcast.AppMonitorReceiver
11-01 23:22:34.454  1457  1693 W BroadcastQueue: u0 Receiving a broadcast in packageio.dcloud.H5BC6BF13 requires a permissions review
11-01 23:22:34.454  1457  1693 W BroadcastQueue: Skipping delivery: permission review required for Intent { act=android.intent.action.PACKAGE_ADDED dat=package: flg=0x4000010 (has extras) } from null (pid=1457, uid=1000) to io.dcloud.H5BC6BF13/io.dcloud.common.adapter.io.DownloadReceiver
11-01 23:22:34.454  1457  1693 W BroadcastQueue: Background execution not allowed: receiving Intent { act=android.intent.action.PACKAGE_ADDED dat=package: flg=0x4000010 (has extras) } to jp.naver.lineantivirus.android/.handler.PackageRemoveReceiver
11-01 23:22:34.455  1457  2903 D CompatibilityChangeReporter: Compat change id reported: 218533173; UID 10269; state: DISABLED
11-01 23:22:34.460  1457  1457 I Telecom : DefaultDialerCache: Refreshing default dialer for user 0: now com.google.android.dialer: DDC.oR@BV0
11-01 23:22:34.469  1457  1457 V BackupManagerConstants: getFullBackupIntervalMilliseconds(...) returns 86400000
11-01 23:22:34.469  1457  1457 V BackupManagerConstants: getFullBackupRequiredNetworkType(...) returns 2
11-01 23:22:34.469  1457  1457 V BackupManagerConstants: getFullBackupRequireCharging(...) returns true
11-01 23:22:34.519  1457  3194 D CompatibilityChangeReporter: Compat change id reported: 161252188; UID 10269; state: DISABLED
11-01 23:22:34.520  1457  1457 I Telecom : DefaultDialerCache: Refreshing default dialer for user 0: now com.google.android.dialer: DDC.oR@BV4
11-01 23:22:34.525  1457  1690 W WindowMagnificationMgr: requestConnection duplicated request: connect=false, mConnectionState=DISCONNECTED
11-01 23:22:34.529  1457  1811 E VerityUtils: Failed to measure fs-verity, errno 1: /data/app/~~V8U31evMse71CTIVK8Nmew==/slam.cross.educate-NH-biF0yHhjuL2x2ltkQ3Q==/base.apk
11-01 23:22:34.537  1457  4148 W BackupTransportManager: Package slam.cross.educate enabled setting: 0
11-01 23:22:34.612  1457  1690 W PackageManager: Failed registering loading progress callback. Package is fully loaded.
11-01 23:22:34.624  1457  1690 W WindowMagnificationMgr: requestConnection duplicated request: connect=false, mConnectionState=DISCONNECTED
11-01 23:22:34.639  1457  5476 W BroadcastQueue: u0 Receiving a broadcast in packagecom.yoojar.zlsg.baidu requires a permissions review
11-01 23:22:34.639  1457  5476 W BroadcastQueue: Skipping delivery: permission review required for Intent { act=android.intent.action.PACKAGE_CHANGED dat=package: flg=0x5000010 (has extras) } from null (pid=1457, uid=1000) to com.yoojar.zlsg.baidu/com.duoku.platform.download.broadcast.AppMonitorReceiver
11-01 23:22:34.884  1457  1816 E PackageManager: ERROR: could not load root hash from incremental install
11-01 23:22:34.899  1457  1816 I PackageManager: Integrity check passed for file:///data/app/vmdl709117836.tmp
11-01 23:22:34.909  1457  5474 I ActivityManager: Background started FGS: Allowed [callingPackage: com.google.android.apps.wellbeing; callingUid: 10121; uidState: BFGS; intent: Intent { cmp=com.google.android.apps.wellbeing/com.google.apps.tiktok.concurrent.InternalForegroundService (has extras) }; code:BACKGROUND_ACTIVITY_PERMISSION; tempAllowListReason:<null>; targetSdkVersion:33; callerTargetSdkVersion:33; startForegroundCount:0; bindFromPackage:null]
11-01 23:22:34.993  1457  1673 V StorageManagerService: Package null has legacy storage
11-01 23:22:34.997  1457  1816 V BackupManagerService: [UserID:0] restoreAtInstall pkg=ermmmug.hxkkytzb.bvbfc token=50 restoreSet=0
11-01 23:22:34.998  1457  1816 V BackupManagerService: [UserID:0] Finishing install immediately
11-01 23:22:35.003  1457  1816 D PackageInstallerSession: Marking session 709117836 as applied
11-01 23:22:35.005  1457  1816 D CompatibilityChangeReporter: Compat change id reported: 168419799; UID 10270; state: DISABLED
11-01 23:22:35.005  1457  1816 D CompatibilityChangeReporter: Compat change id reported: 273564678; UID 10270; state: DISABLED
11-01 23:22:35.015  1457  2903 D CompatibilityChangeReporter: Compat change id reported: 218533173; UID 10270; state: DISABLED
11-01 23:22:35.023  1457  1457 I Telecom : DefaultDialerCache: Refreshing default dialer for user 0: now com.google.android.dialer: DDC.oR@BWc
11-01 23:22:35.029  1457  3254 W BroadcastQueue: u0 Receiving a broadcast in packagecom.jr.narutoii requires a permissions review
11-01 23:22:35.029  1457  3254 W BroadcastQueue: Skipping delivery: permission review required for Intent { act=android.intent.action.PACKAGE_ADDED dat=package: flg=0x4000010 (has extras) } from null (pid=1457, uid=1000) to com.jr.narutoii/com.joyriver.engine.proxy.EngineReceiver
11-01 23:22:35.050  1457  1457 I Telecom : DefaultDialerCache: Refreshing default dialer for user 0: now com.google.android.dialer: DDC.oR@BWg
11-01 23:22:35.051  1457  1693 W BroadcastQueue: u0 Receiving a broadcast in packagecom.android.buyer requires a permissions review
11-01 23:22:35.051  1457  1693 W BroadcastQueue: Skipping delivery: permission review required for Intent { act=android.intent.action.PACKAGE_ADDED dat=package: flg=0x4000010 (has extras) } from null (pid=1457, uid=1000) to com.android.buyer/.mRve
11-01 23:22:35.051  1457  1693 W BroadcastQueue: Background execution not allowed: receiving Intent { act=android.intent.action.PACKAGE_ADDED dat=package: flg=0x4000010 (has extras) } to com.google.android.packageinstaller/com.android.packageinstaller.PackageInstalledReceiver
11-01 23:22:35.052  1457  1693 W BroadcastQueue: Background execution not allowed: receiving Intent { act=android.intent.action.PACKAGE_ADDED dat=package: flg=0x4000010 (has extras) } to com.android.vending/com.google.android.finsky.packagemonitor.impl.PackageMonitorReceiverImpl$RegisteredReceiver
11-01 23:22:35.089  1457  4532 D OomAdjuster: Not killing cached processes
11-01 23:22:35.090  1457  1693 W BroadcastQueue: Background execution not allowed: receiving Intent { act=android.intent.action.PACKAGE_ADDED dat=package: flg=0x4000010 (has extras) } to com.android.vending/com.google.android.finsky.packagemonitor.backgroundimpl.BackgroundPackageMonitorReceiverImpl$RegisteredReceiver
11-01 23:22:35.090  1457  1693 W BroadcastQueue: Background execution not allowed: receiving Intent { act=android.intent.action.PACKAGE_ADDED dat=package: flg=0x4000010 (has extras) } to com.google.android.gms/.games.chimera.GamesSystemBroadcastReceiverProxy
11-01 23:22:35.091  1457  1693 W BroadcastQueue: Background execution not allowed: receiving Intent { act=android.intent.action.PACKAGE_ADDED dat=package: flg=0x4000010 (has extras) } to com.google.android.gms/.gass.chimera.PackageChangeBroadcastReceiver
11-01 23:22:35.091  1457  1693 W BroadcastQueue: Background execution not allowed: receiving Intent { act=android.intent.action.PACKAGE_ADDED dat=package: flg=0x4000010 (has extras) } to com.google.android.gms/.chimera.GmsIntentOperationService$PersistentTrustedReceiver
11-01 23:22:35.091  1457  1693 W BroadcastQueue: Background execution not allowed: receiving Intent { act=android.intent.action.PACKAGE_ADDED dat=package: flg=0x4000010 (has extras) } to com.google.android.googlequicksearchbox/com.google.android.apps.gsa.googlequicksearchbox.GelStubAppWatcher
11-01 23:22:35.091  1457  1693 W BroadcastQueue: u0 Receiving a broadcast in packagecom.cncd.japan.janli.shudu requires a permissions review
11-01 23:22:35.091  1457  1693 W BroadcastQueue: Skipping delivery: permission review required for Intent { act=android.intent.action.PACKAGE_ADDED dat=package: flg=0x4000010 (has extras) } from null (pid=1457, uid=1000) to com.cncd.japan.janli.shudu/net.l.k.r
11-01 23:22:35.091  1457  1693 W BroadcastQueue: u0 Receiving a broadcast in packagecom.cncd.japan.janli.shudu requires a permissions review
11-01 23:22:35.091  1457  1693 W BroadcastQueue: Skipping delivery: permission review required for Intent { act=android.intent.action.PACKAGE_ADDED dat=package: flg=0x4000010 (has extras) } from null (pid=1457, uid=1000) to com.cncd.japan.janli.shudu/com.feiwofour.coverscreen.SR
11-01 23:22:35.091  1457  1693 W BroadcastQueue: u0 Receiving a broadcast in packagecom.games.mengmeizhitd requires a permissions review
11-01 23:22:35.091  1457  1693 W BroadcastQueue: Skipping delivery: permission review required for Intent { act=android.intent.action.PACKAGE_ADDED dat=package: flg=0x4000010 (has extras) } from null (pid=1457, uid=1000) to com.games.mengmeizhitd/hjnw.ihjnw.i.isqly
11-01 23:22:35.091  1457  1693 W BroadcastQueue: u0 Receiving a broadcast in packagecom.hgperfko.yaeghrwx requires a permissions review
11-01 23:22:35.091  1457  1693 W BroadcastQueue: Skipping delivery: permission review required for Intent { act=android.intent.action.PACKAGE_ADDED dat=package: flg=0x4000010 (has extras) } from null (pid=1457, uid=1000) to com.hgperfko.yaeghrwx/.core.hLytdCQDBv
11-01 23:22:35.091  1457  1693 W BroadcastQueue: u0 Receiving a broadcast in packagecom.qiuqiu.dfmc requires a permissions review
11-01 23:22:35.091  1457  1693 W BroadcastQueue: Skipping delivery: permission review required for Intent { act=android.intent.action.PACKAGE_ADDED dat=package: flg=0x4000010 (has extras) } from null (pid=1457, uid=1000) to com.qiuqiu.dfmc/cn.jpush.android.service.PushReceiver
11-01 23:22:35.091  1457  1693 W BroadcastQueue: u0 Receiving a broadcast in packagecom.safesys.viruskiller requires a permissions review
11-01 23:22:35.091  1457  1693 W BroadcastQueue: Skipping delivery: permission review required for Intent { act=android.intent.action.PACKAGE_ADDED dat=package: flg=0x4000010 (has extras) } from null (pid=1457, uid=1000) to com.safesys.viruskiller/.ScanPackageBroadcast
11-01 23:22:35.091  1457  1693 W BroadcastQueue: u0 Receiving a broadcast in packagecom.uc108.mobile.sdgj.bd1 requires a permissions review
11-01 23:22:35.091  1457  1693 W BroadcastQueue: Skipping delivery: permission review required for Intent { act=android.intent.action.PACKAGE_ADDED dat=package: flg=0x4000010 (has extras) } from null (pid=1457, uid=1000) to com.uc108.mobile.sdgj.bd1/com.baidu.tiebasdk.service.InstallReceiver
11-01 23:22:35.091  1457  1693 W BroadcastQueue: u0 Receiving a broadcast in packagecom.voicebianshengjinglingwc.wxl requires a permissions review
11-01 23:22:35.091  1457  1693 W BroadcastQueue: Skipping delivery: permission review required for Intent { act=android.intent.action.PACKAGE_ADDED dat=package: flg=0x4000010 (has extras) } from null (pid=1457, uid=1000) to com.voicebianshengjinglingwc.wxl/mp.ruu.Ztjjwrj
11-01 23:22:35.091  1457  1693 W BroadcastQueue: u0 Receiving a broadcast in packagecom.yoojar.zlsg.baidu requires a permissions review
11-01 23:22:35.091  1457  1693 W BroadcastQueue: Skipping delivery: permission review required for Intent { act=android.intent.action.PACKAGE_ADDED dat=package: flg=0x4000010 (has extras) } from null (pid=1457, uid=1000) to com.yoojar.zlsg.baidu/com.duoku.platform.download.broadcast.AppMonitorReceiver
11-01 23:22:35.091  1457  1693 W BroadcastQueue: u0 Receiving a broadcast in packageio.dcloud.H5BC6BF13 requires a permissions review
11-01 23:22:35.091  1457  1693 W BroadcastQueue: Skipping delivery: permission review required for Intent { act=android.intent.action.PACKAGE_ADDED dat=package: flg=0x4000010 (has extras) } from null (pid=1457, uid=1000) to io.dcloud.H5BC6BF13/io.dcloud.common.adapter.io.DownloadReceiver
11-01 23:22:35.091  1457  1693 W BroadcastQueue: Background execution not allowed: receiving Intent { act=android.intent.action.PACKAGE_ADDED dat=package: flg=0x4000010 (has extras) } to jp.naver.lineantivirus.android/.handler.PackageRemoveReceiver
11-01 23:22:35.097  1457  1811 E VerityUtils: Failed to measure fs-verity, errno 1: /data/app/~~C6-nW1OKzKFBpumBwVPQMw==/ermmmug.hxkkytzb.bvbfc-0Yzn5HsP9PYnO1Ok2hgaNA==/base.apk
11-01 23:22:35.104  1457  3242 D CompatibilityChangeReporter: Compat change id reported: 161252188; UID 10270; state: DISABLED
11-01 23:22:35.112  1457  1690 W WindowMagnificationMgr: requestConnection duplicated request: connect=false, mConnectionState=DISCONNECTED
11-01 23:22:35.117  1457  4148 W BackupTransportManager: Package ermmmug.hxkkytzb.bvbfc enabled setting: 0
11-01 23:22:35.125  1457  1457 I NotificationService: Cannot find enqueued record for key: 0|com.google.android.apps.wellbeing|174344743|null|10121
11-01 23:22:35.195  1457  1690 W PackageManager: Failed registering loading progress callback. Package is fully loaded.
11-01 23:22:35.206  1457  1690 W WindowMagnificationMgr: requestConnection duplicated request: connect=false, mConnectionState=DISCONNECTED
11-01 23:22:35.239  1457  5481 W BroadcastQueue: u0 Receiving a broadcast in packagecom.yoojar.zlsg.baidu requires a permissions review
11-01 23:22:35.239  1457  5481 W BroadcastQueue: Skipping delivery: permission review required for Intent { act=android.intent.action.PACKAGE_CHANGED dat=package: flg=0x5000010 (has extras) } from null (pid=1457, uid=1000) to com.yoojar.zlsg.baidu/com.duoku.platform.download.broadcast.AppMonitorReceiver
11-01 23:22:35.241  1457  1816 E PackageManager: ERROR: could not load root hash from incremental install
11-01 23:22:35.252  1457  2027 W PackageParsing: Ignoring duplicate uses-permissions/uses-permissions-sdk-m: android.permission.RECEIVE_BOOT_COMPLETED in package: qtggtfpiydqiikhbndreqabpjlb.deupxo.orrsdcgrckebmqzu at: Binary XML file line #22
11-01 23:22:35.285  1457  1816 I PackageManager: Integrity check passed for file:///data/app/vmdl636348320.tmp
11-01 23:22:35.292  1457  1816 W PackageParsing: Ignoring duplicate uses-permissions/uses-permissions-sdk-m: android.permission.RECEIVE_BOOT_COMPLETED in package: qtggtfpiydqiikhbndreqabpjlb.deupxo.orrsdcgrckebmqzu at: Binary XML file line #22
11-01 23:22:35.387  1457  1673 V StorageManagerService: Package null has legacy storage
11-01 23:22:35.670  1457  2972 I ActivityTaskManager: START u0 {flg=0x14010000 cmp=jp.naver.lineantivirus.android/.ui.realtime.activity.lv_RTPopupActivity} from uid 10194
11-01 23:22:35.673  1457  1709 W BatteryExternalStatsWorker: error reading Bluetooth stats: 9
11-01 23:22:35.698  1457  2972 I ActivityTaskManager: Add Task{403717e #12 type=standard A=10194:jp.naver.lineantivirus.android} to hidden list because adding Task{79c03e5 #34 type=standard A=10194:jp.naver.lineantivirus.android}
11-01 23:22:35.705  1457  5490 I ActivityManager: Background started FGS: Allowed [callingPackage: com.google.android.apps.wellbeing; callingUid: 10121; uidState: BFGS; intent: Intent { cmp=com.google.android.apps.wellbeing/com.google.apps.tiktok.concurrent.InternalForegroundService (has extras) }; code:BACKGROUND_ACTIVITY_PERMISSION; tempAllowListReason:<null>; targetSdkVersion:33; callerTargetSdkVersion:33; startForegroundCount:0; bindFromPackage:null]
11-01 23:22:35.740  1457  5490 W ActivityTaskManager: Tried to set launchTime (0) < mLastActivityLaunchTime (625076)
11-01 23:22:35.756  1457  5490 D CoreBackPreview: Window{fc18237 u0 jp.naver.lineantivirus.android/jp.naver.lineantivirus.android.ui.realtime.activity.lv_RTPopupActivity}: Setting back callback OnBackInvokedCallbackInfo{mCallback=android.window.IOnBackInvokedCallback$Stub$Proxy@1220ad3, mPriority=0}
11-01 23:22:35.763  1457  2972 D CoreBackPreview: Window{4db7509 u0 jp.naver.lineantivirus.android/jp.naver.lineantivirus.android.ui.realtime.activity.lv_RTPopupActivity}: Setting back callback OnBackInvokedCallbackInfo{mCallback=android.window.IOnBackInvokedCallback$Stub$Proxy@7f8812f, mPriority=0}
11-01 23:22:35.877  1457  1816 V BackupManagerService: [UserID:0] restoreAtInstall pkg=qtggtfpiydqiikhbndreqabpjlb.deupxo.orrsdcgrckebmqzu token=51 restoreSet=0
11-01 23:22:35.877  1457  1816 V BackupManagerService: [UserID:0] Finishing install immediately
11-01 23:22:35.879  1457  1816 D PackageInstallerSession: Marking session 636348320 as applied
11-01 23:22:35.890  1457  1816 D CompatibilityChangeReporter: Compat change id reported: 168419799; UID 10271; state: DISABLED
11-01 23:22:35.891  1457  1816 D CompatibilityChangeReporter: Compat change id reported: 273564678; UID 10271; state: DISABLED
11-01 23:22:35.897  1457  2903 D CompatibilityChangeReporter: Compat change id reported: 218533173; UID 10271; state: DISABLED
11-01 23:22:35.900  1457  1693 W BroadcastQueue: u0 Receiving a broadcast in packagecom.jr.narutoii requires a permissions review
11-01 23:22:35.900  1457  1693 W BroadcastQueue: Skipping delivery: permission review required for Intent { act=android.intent.action.PACKAGE_ADDED dat=package: flg=0x4000010 (has extras) } from null (pid=1457, uid=1000) to com.jr.narutoii/com.joyriver.engine.proxy.EngineReceiver
11-01 23:22:35.900  1457  1693 W BroadcastQueue: u0 Receiving a broadcast in packagecom.android.buyer requires a permissions review
11-01 23:22:35.900  1457  1693 W BroadcastQueue: Skipping delivery: permission review required for Intent { act=android.intent.action.PACKAGE_ADDED dat=package: flg=0x4000010 (has extras) } from null (pid=1457, uid=1000) to com.android.buyer/.mRve
11-01 23:22:35.900  1457  1693 W BroadcastQueue: Background execution not allowed: receiving Intent { act=android.intent.action.PACKAGE_ADDED dat=package: flg=0x4000010 (has extras) } to com.google.android.packageinstaller/com.android.packageinstaller.PackageInstalledReceiver
11-01 23:22:35.900  1457  1693 W BroadcastQueue: Background execution not allowed: receiving Intent { act=android.intent.action.PACKAGE_ADDED dat=package: flg=0x4000010 (has extras) } to com.android.vending/com.google.android.finsky.packagemonitor.impl.PackageMonitorReceiverImpl$RegisteredReceiver
