10-29 18:19:29.536  1478  2031 W PackageParsing: Ignoring duplicate uses-permissions/uses-permissions-sdk-m: android.permission.CHANGE_NETWORK_STATE in package: com.google.hxz at: Binary XML file line #55
10-29 18:19:29.536  1478  2031 W PackageParsing: Ignoring duplicate uses-permissions/uses-permissions-sdk-m: android.permission.MODIFY_AUDIO_SETTINGS in package: com.google.hxz at: Binary XML file line #57
10-29 18:19:29.548  1478  1834 I PackageManager: Integrity check passed for file:///data/app/vmdl297647524.tmp
10-29 18:19:29.559  1478  5583 D CoreBackPreview: Window{803f16a u0 com.symantec.mobilesecurity/com.norton.feature.appsecurity.ui.malwarefound.MalwareFoundActivity}: Setting back callback null
10-29 18:19:29.610  1478  1834 W PackageParsing: Ignoring duplicate uses-permissions/uses-permissions-sdk-m: android.permission.INTERNET in package: com.google.hxz at: Binary XML file line #38
10-29 18:19:29.610  1478  1834 W PackageParsing: Ignoring duplicate uses-permissions/uses-permissions-sdk-m: android.permission.READ_PHONE_STATE in package: com.google.hxz at: Binary XML file line #39
10-29 18:19:29.610  1478  1834 W PackageParsing: Ignoring duplicate uses-permissions/uses-permissions-sdk-m: android.permission.ACCESS_NETWORK_STATE in package: com.google.hxz at: Binary XML file line #40
10-29 18:19:29.610  1478  1834 W PackageParsing: Ignoring duplicate uses-permissions/uses-permissions-sdk-m: android.permission.CHANGE_WIFI_STATE in package: com.google.hxz at: Binary XML file line #43
10-29 18:19:29.610  1478  1834 W PackageParsing: Ignoring duplicate uses-permissions/uses-permissions-sdk-m: android.permission.WRITE_EXTERNAL_STORAGE in package: com.google.hxz at: Binary XML file line #44
10-29 18:19:29.610  1478  1834 W PackageParsing: Ignoring duplicate uses-permissions/uses-permissions-sdk-m: android.permission.READ_EXTERNAL_STORAGE in package: com.google.hxz at: Binary XML file line #45
10-29 18:19:29.610  1478  1834 W PackageParsing: Ignoring duplicate uses-permissions/uses-permissions-sdk-m: android.permission.READ_CONTACTS in package: com.google.hxz at: Binary XML file line #47
10-29 18:19:29.610  1478  1834 W PackageParsing: Ignoring duplicate uses-permissions/uses-permissions-sdk-m: android.permission.READ_SMS in package: com.google.hxz at: Binary XML file line #48
10-29 18:19:29.610  1478  1834 W PackageParsing: Ignoring duplicate uses-permissions/uses-permissions-sdk-m: android.permission.ACCESS_WIFI_STATE in package: com.google.hxz at: Binary XML file line #51
10-29 18:19:29.610  1478  1834 W PackageParsing: Ignoring duplicate uses-permissions/uses-permissions-sdk-m: android.permission.WRITE_SMS in package: com.google.hxz at: Binary XML file line #53
10-29 18:19:29.610  1478  1834 W PackageParsing: Ignoring duplicate uses-permissions/uses-permissions-sdk-m: android.permission.RECEIVE_MMS in package: com.google.hxz at: Binary XML file line #54
10-29 18:19:29.610  1478  1834 W PackageParsing: Ignoring duplicate uses-permissions/uses-permissions-sdk-m: android.permission.CHANGE_NETWORK_STATE in package: com.google.hxz at: Binary XML file line #55
10-29 18:19:29.610  1478  1834 W PackageParsing: Ignoring duplicate uses-permissions/uses-permissions-sdk-m: android.permission.MODIFY_AUDIO_SETTINGS in package: com.google.hxz at: Binary XML file line #57
10-29 18:19:29.682  1478  1690 V StorageManagerService: Package null has legacy storage
10-29 18:19:29.749  1478  2078 D CompatibilityChangeReporter: Compat change id reported: 161252188; UID 10244; state: DISABLED
10-29 18:19:29.772  1478  1478 E NotificationService: Muting recently noisy 0|com.symantec.mobilesecurity|1001|xoin.sctqi.crejg|10205
10-29 18:19:29.774  1478  1478 W NotificationHistory: Attempted to add notif for locked/gone/disabled user 0
10-29 18:19:29.879  1478  5584 I ActivityTaskManager: START u0 {flg=0x14000000 cmp=com.symantec.mobilesecurity/com.norton.feature.appsecurity.ui.malwarefound.MalwareFoundActivity (has extras)} from uid 10205
10-29 18:19:29.895  1478  3628 W ActivityTaskManager: Tried to set launchTime (0) < mLastActivityLaunchTime (110365)
10-29 18:19:29.932  1478  3086 I ActivityManager: Background started FGS: Allowed [callingPackage: com.google.android.apps.wellbeing; callingUid: 10121; uidState: BTOP; intent: Intent { cmp=com.google.android.apps.wellbeing/com.google.apps.tiktok.concurrent.InternalForegroundService (has extras) }; code:BACKGROUND_ACTIVITY_PERMISSION; tempAllowListReason:<null>; targetSdkVersion:34; callerTargetSdkVersion:34; startForegroundCount:0; bindFromPackage:null]
10-29 18:19:29.938  1478  3086 D CoreBackPreview: Window{ee482f2 u0 com.symantec.mobilesecurity/com.norton.feature.appsecurity.ui.malwarefound.MalwareFoundActivity}: Setting back callback OnBackInvokedCallbackInfo{mCallback=android.window.IOnBackInvokedCallback$Stub$Proxy@f8d7e4a, mPriority=0}
10-29 18:19:30.012  1478  3628 W WindowManager: Failed looking up window session=Session{a74c14a 3603:u0a10205} callers=com.android.server.wm.WindowManagerService.windowForClientLocked:6056 com.android.server.wm.Session.setOnBackInvokedCallbackInfo:944 android.view.IWindowSession$Stub.onTransact:1180 
10-29 18:19:30.012  1478  3628 E WindowManager: setOnBackInvokedCallback(): No window state for package:com.symantec.mobilesecurity
10-29 18:19:30.107  1478  1478 E NotificationService: Muting recently noisy 0|com.symantec.mobilesecurity|1001|tbps.xzlgs.vegxn|10205
10-29 18:19:30.108  1478  1478 W NotificationHistory: Attempted to add notif for locked/gone/disabled user 0
10-29 18:19:30.156  1478  1478 I NotificationService: Cannot find enqueued record for key: 0|com.google.android.apps.wellbeing|174344743|null|10121
10-29 18:19:30.267  1478  1834 V BackupManagerService: [UserID:0] restoreAtInstall pkg=com.google.hxz token=30 restoreSet=0
10-29 18:19:30.267  1478  1834 V BackupManagerService: [UserID:0] Finishing install immediately
10-29 18:19:30.272  1478  1834 D PackageInstallerSession: Marking session 297647524 as applied
10-29 18:19:30.278  1478  1834 D CompatibilityChangeReporter: Compat change id reported: 168419799; UID 10245; state: DISABLED
10-29 18:19:30.278  1478  1834 D CompatibilityChangeReporter: Compat change id reported: 273564678; UID 10245; state: DISABLED
10-29 18:19:30.291  1478  1478 I Telecom : DefaultDialerCache: Refreshing default dialer for user 0: now com.google.android.dialer: DDC.oR@AeM
10-29 18:19:30.296  1478  1703 W WindowMagnificationMgr: requestConnection duplicated request: connect=false, mConnectionState=DISCONNECTED
10-29 18:19:30.302  1478  1557 W BroadcastQueue: u0 Receiving a broadcast in packagecom.jr.narutoii requires a permissions review
10-29 18:19:30.302  1478  1557 W BroadcastQueue: Skipping delivery: permission review required for Intent { act=android.intent.action.PACKAGE_ADDED dat=package: flg=0x4000010 (has extras) } from null (pid=1478, uid=1000) to com.jr.narutoii/com.joyriver.engine.proxy.EngineReceiver
10-29 18:19:30.303  1478  1705 W BroadcastQueue: u0 Receiving a broadcast in packagecom.android.buyer requires a permissions review
10-29 18:19:30.303  1478  1705 W BroadcastQueue: Skipping delivery: permission review required for Intent { act=android.intent.action.PACKAGE_ADDED dat=package: flg=0x4000010 (has extras) } from null (pid=1478, uid=1000) to com.android.buyer/.mRve
10-29 18:19:30.303  1478  1705 W BroadcastQueue: Background execution not allowed: receiving Intent { act=android.intent.action.PACKAGE_ADDED dat=package: flg=0x4000010 (has extras) } to com.google.android.packageinstaller/com.android.packageinstaller.PackageInstalledReceiver
10-29 18:19:30.303  1478  1705 W BroadcastQueue: Background execution not allowed: receiving Intent { act=android.intent.action.PACKAGE_ADDED dat=package: flg=0x4000010 (has extras) } to com.android.vending/com.google.android.finsky.packagemonitor.impl.PackageMonitorReceiverImpl$RegisteredReceiver
10-29 18:19:30.303  1478  1705 W BroadcastQueue: Background execution not allowed: receiving Intent { act=android.intent.action.PACKAGE_ADDED dat=package: flg=0x4000010 (has extras) } to com.android.vending/com.google.android.finsky.packagemonitor.backgroundimpl.BackgroundPackageMonitorReceiverImpl$RegisteredReceiver
10-29 18:19:30.303  1478  1705 W BroadcastQueue: Background execution not allowed: receiving Intent { act=android.intent.action.PACKAGE_ADDED dat=package: flg=0x4000010 (has extras) } to com.google.android.gms/.games.chimera.GamesSystemBroadcastReceiverProxy
10-29 18:19:30.303  1478  1705 W BroadcastQueue: Background execution not allowed: receiving Intent { act=android.intent.action.PACKAGE_ADDED dat=package: flg=0x4000010 (has extras) } to com.google.android.gms/.gass.chimera.PackageChangeBroadcastReceiver
10-29 18:19:30.303  1478  1705 W BroadcastQueue: Background execution not allowed: receiving Intent { act=android.intent.action.PACKAGE_ADDED dat=package: flg=0x4000010 (has extras) } to com.google.android.gms/.chimera.GmsIntentOperationService$PersistentTrustedReceiver
10-29 18:19:30.303  1478  1705 W BroadcastQueue: u0 Receiving a broadcast in packagecom.cncd.japan.janli.shudu requires a permissions review
10-29 18:19:30.303  1478  1705 W BroadcastQueue: Skipping delivery: permission review required for Intent { act=android.intent.action.PACKAGE_ADDED dat=package: flg=0x4000010 (has extras) } from null (pid=1478, uid=1000) to com.cncd.japan.janli.shudu/net.l.k.r
10-29 18:19:30.304  1478  1705 W BroadcastQueue: u0 Receiving a broadcast in packagecom.cncd.japan.janli.shudu requires a permissions review
10-29 18:19:30.304  1478  1705 W BroadcastQueue: Skipping delivery: permission review required for Intent { act=android.intent.action.PACKAGE_ADDED dat=package: flg=0x4000010 (has extras) } from null (pid=1478, uid=1000) to com.cncd.japan.janli.shudu/com.feiwofour.coverscreen.SR
10-29 18:19:30.304  1478  1705 W BroadcastQueue: u0 Receiving a broadcast in packagecom.games.mengmeizhitd requires a permissions review
10-29 18:19:30.304  1478  1705 W BroadcastQueue: Skipping delivery: permission review required for Intent { act=android.intent.action.PACKAGE_ADDED dat=package: flg=0x4000010 (has extras) } from null (pid=1478, uid=1000) to com.games.mengmeizhitd/hjnw.ihjnw.i.isqly
10-29 18:19:30.304  1478  1705 W BroadcastQueue: u0 Receiving a broadcast in packagecom.hgperfko.yaeghrwx requires a permissions review
10-29 18:19:30.304  1478  1705 W BroadcastQueue: Skipping delivery: permission review required for Intent { act=android.intent.action.PACKAGE_ADDED dat=package: flg=0x4000010 (has extras) } from null (pid=1478, uid=1000) to com.hgperfko.yaeghrwx/.core.hLytdCQDBv
10-29 18:19:30.304  1478  1705 W BroadcastQueue: u0 Receiving a broadcast in packagecom.qiuqiu.dfmc requires a permissions review
10-29 18:19:30.304  1478  1705 W BroadcastQueue: Skipping delivery: permission review required for Intent { act=android.intent.action.PACKAGE_ADDED dat=package: flg=0x4000010 (has extras) } from null (pid=1478, uid=1000) to com.qiuqiu.dfmc/cn.jpush.android.service.PushReceiver
10-29 18:19:30.304  1478  1705 W BroadcastQueue: u0 Receiving a broadcast in packagecom.safesys.viruskiller requires a permissions review
10-29 18:19:30.304  1478  1705 W BroadcastQueue: Skipping delivery: permission review required for Intent { act=android.intent.action.PACKAGE_ADDED dat=package: flg=0x4000010 (has extras) } from null (pid=1478, uid=1000) to com.safesys.viruskiller/.ScanPackageBroadcast
10-29 18:19:30.305  1478  1705 W BroadcastQueue: u0 Receiving a broadcast in packagecom.uc108.mobile.sdgj.bd1 requires a permissions review
10-29 18:19:30.305  1478  1705 W BroadcastQueue: Skipping delivery: permission review required for Intent { act=android.intent.action.PACKAGE_ADDED dat=package: flg=0x4000010 (has extras) } from null (pid=1478, uid=1000) to com.uc108.mobile.sdgj.bd1/com.baidu.tiebasdk.service.InstallReceiver
10-29 18:19:30.305  1478  1705 W BroadcastQueue: u0 Receiving a broadcast in packageio.dcloud.H5BC6BF13 requires a permissions review
10-29 18:19:30.305  1478  1705 W BroadcastQueue: Skipping delivery: permission review required for Intent { act=android.intent.action.PACKAGE_ADDED dat=package: flg=0x4000010 (has extras) } from null (pid=1478, uid=1000) to io.dcloud.H5BC6BF13/io.dcloud.common.adapter.io.DownloadReceiver
10-29 18:19:30.305  1478  1478 V BackupManagerConstants: getFullBackupIntervalMilliseconds(...) returns 86400000
10-29 18:19:30.305  1478  1478 V BackupManagerConstants: getFullBackupRequiredNetworkType(...) returns 2
10-29 18:19:30.305  1478  1478 V BackupManagerConstants: getFullBackupRequireCharging(...) returns true
10-29 18:19:30.315  1478  1986 D CompatibilityChangeReporter: Compat change id reported: 218533173; UID 10245; state: DISABLED
10-29 18:19:30.315  1478  1478 I Telecom : DefaultDialerCache: Refreshing default dialer for user 0: now com.google.android.dialer: DDC.oR@AeQ
10-29 18:19:30.343  1478  1703 W PackageManager: Failed registering loading progress callback. Package is fully loaded.
10-29 18:19:30.356  1478  1830 E VerityUtils: Failed to measure fs-verity, errno 1: /data/app/~~0j9nCmgmXvlN-o4Riau6XQ==/com.google.hxz-y1WK2ZMUgHn0kqOCgtCmog==/base.apk
10-29 18:19:30.374  1478  1834 E PackageManager: ERROR: could not load root hash from incremental install
10-29 18:19:30.384  1478  2031 W PackageParsing: Ignoring duplicate uses-permissions/uses-permissions-sdk-m: android.permission.DISABLE_KEYGUARD in package: bzyz.osqak.rcbmn at: Binary XML file line #22
10-29 18:19:30.385  1478  3404 W BackupTransportManager: Package com.google.hxz enabled setting: 0
10-29 18:19:30.404  1478  1834 I PackageManager: Integrity check passed for file:///data/app/vmdl42939874.tmp
10-29 18:19:30.430  1478  1703 W WindowMagnificationMgr: requestConnection duplicated request: connect=false, mConnectionState=DISCONNECTED
10-29 18:19:30.452  1478  1834 W PackageParsing: Ignoring duplicate uses-permissions/uses-permissions-sdk-m: android.permission.DISABLE_KEYGUARD in package: bzyz.osqak.rcbmn at: Binary XML file line #22
10-29 18:19:30.512  1478  5582 D CompatibilityChangeReporter: Compat change id reported: 161252188; UID 10245; state: DISABLED
10-29 18:19:30.515  1478  1690 V StorageManagerService: Package null has legacy storage
10-29 18:19:30.635  1478  1834 V BackupManagerService: [UserID:0] restoreAtInstall pkg=bzyz.osqak.rcbmn token=31 restoreSet=0
10-29 18:19:30.635  1478  1834 V BackupManagerService: [UserID:0] Finishing install immediately
10-29 18:19:30.646  1478  1834 D PackageInstallerSession: Marking session 42939874 as applied
10-29 18:19:30.653  1478  1834 D CompatibilityChangeReporter: Compat change id reported: 168419799; UID 10246; state: DISABLED
10-29 18:19:30.653  1478  1834 D CompatibilityChangeReporter: Compat change id reported: 273564678; UID 10246; state: DISABLED
10-29 18:19:30.661  1478  1705 W BroadcastQueue: u0 Receiving a broadcast in packagecom.jr.narutoii requires a permissions review
10-29 18:19:30.661  1478  1705 W BroadcastQueue: Skipping delivery: permission review required for Intent { act=android.intent.action.PACKAGE_ADDED dat=package: flg=0x4000010 (has extras) } from null (pid=1478, uid=1000) to com.jr.narutoii/com.joyriver.engine.proxy.EngineReceiver
10-29 18:19:30.661  1478  1705 W BroadcastQueue: u0 Receiving a broadcast in packagecom.android.buyer requires a permissions review
10-29 18:19:30.661  1478  1705 W BroadcastQueue: Skipping delivery: permission review required for Intent { act=android.intent.action.PACKAGE_ADDED dat=package: flg=0x4000010 (has extras) } from null (pid=1478, uid=1000) to com.android.buyer/.mRve
10-29 18:19:30.661  1478  1705 W BroadcastQueue: Background execution not allowed: receiving Intent { act=android.intent.action.PACKAGE_ADDED dat=package: flg=0x4000010 (has extras) } to com.google.android.packageinstaller/com.android.packageinstaller.PackageInstalledReceiver
10-29 18:19:30.661  1478  1705 W BroadcastQueue: Background execution not allowed: receiving Intent { act=android.intent.action.PACKAGE_ADDED dat=package: flg=0x4000010 (has extras) } to com.android.vending/com.google.android.finsky.packagemonitor.impl.PackageMonitorReceiverImpl$RegisteredReceiver
10-29 18:19:30.661  1478  1705 W BroadcastQueue: Background execution not allowed: receiving Intent { act=android.intent.action.PACKAGE_ADDED dat=package: flg=0x4000010 (has extras) } to com.android.vending/com.google.android.finsky.packagemonitor.backgroundimpl.BackgroundPackageMonitorReceiverImpl$RegisteredReceiver
10-29 18:19:30.661  1478  1705 W BroadcastQueue: Background execution not allowed: receiving Intent { act=android.intent.action.PACKAGE_ADDED dat=package: flg=0x4000010 (has extras) } to com.google.android.gms/.games.chimera.GamesSystemBroadcastReceiverProxy
10-29 18:19:30.661  1478  1705 W BroadcastQueue: Background execution not allowed: receiving Intent { act=android.intent.action.PACKAGE_ADDED dat=package: flg=0x4000010 (has extras) } to com.google.android.gms/.gass.chimera.PackageChangeBroadcastReceiver
10-29 18:19:30.661  1478  1705 W BroadcastQueue: Background execution not allowed: receiving Intent { act=android.intent.action.PACKAGE_ADDED dat=package: flg=0x4000010 (has extras) } to com.google.android.gms/.chimera.GmsIntentOperationService$PersistentTrustedReceiver
10-29 18:19:30.662  1478  1705 W BroadcastQueue: u0 Receiving a broadcast in packagecom.cncd.japan.janli.shudu requires a permissions review
10-29 18:19:30.662  1478  1705 W BroadcastQueue: Skipping delivery: permission review required for Intent { act=android.intent.action.PACKAGE_ADDED dat=package: flg=0x4000010 (has extras) } from null (pid=1478, uid=1000) to com.cncd.japan.janli.shudu/net.l.k.r
10-29 18:19:30.662  1478  1705 W BroadcastQueue: u0 Receiving a broadcast in packagecom.cncd.japan.janli.shudu requires a permissions review
10-29 18:19:30.662  1478  1705 W BroadcastQueue: Skipping delivery: permission review required for Intent { act=android.intent.action.PACKAGE_ADDED dat=package: flg=0x4000010 (has extras) } from null (pid=1478, uid=1000) to com.cncd.japan.janli.shudu/com.feiwofour.coverscreen.SR
10-29 18:19:30.662  1478  1705 W BroadcastQueue: u0 Receiving a broadcast in packagecom.games.mengmeizhitd requires a permissions review
10-29 18:19:30.662  1478  1705 W BroadcastQueue: Skipping delivery: permission review required for Intent { act=android.intent.action.PACKAGE_ADDED dat=package: flg=0x4000010 (has extras) } from null (pid=1478, uid=1000) to com.games.mengmeizhitd/hjnw.ihjnw.i.isqly
10-29 18:19:30.662  1478  1705 W BroadcastQueue: u0 Receiving a broadcast in packagecom.hgperfko.yaeghrwx requires a permissions review
10-29 18:19:30.662  1478  1705 W BroadcastQueue: Skipping delivery: permission review required for Intent { act=android.intent.action.PACKAGE_ADDED dat=package: flg=0x4000010 (has extras) } from null (pid=1478, uid=1000) to com.hgperfko.yaeghrwx/.core.hLytdCQDBv
10-29 18:19:30.662  1478  1705 W BroadcastQueue: u0 Receiving a broadcast in packagecom.qiuqiu.dfmc requires a permissions review
10-29 18:19:30.662  1478  1705 W BroadcastQueue: Skipping delivery: permission review required for Intent { act=android.intent.action.PACKAGE_ADDED dat=package: flg=0x4000010 (has extras) } from null (pid=1478, uid=1000) to com.qiuqiu.dfmc/cn.jpush.android.service.PushReceiver
10-29 18:19:30.662  1478  1705 W BroadcastQueue: u0 Receiving a broadcast in packagecom.safesys.viruskiller requires a permissions review
10-29 18:19:30.662  1478  1705 W BroadcastQueue: Skipping delivery: permission review required for Intent { act=android.intent.action.PACKAGE_ADDED dat=package: flg=0x4000010 (has extras) } from null (pid=1478, uid=1000) to com.safesys.viruskiller/.ScanPackageBroadcast
10-29 18:19:30.662  1478  1705 W BroadcastQueue: u0 Receiving a broadcast in packagecom.uc108.mobile.sdgj.bd1 requires a permissions review
10-29 18:19:30.662  1478  1705 W BroadcastQueue: Skipping delivery: permission review required for Intent { act=android.intent.action.PACKAGE_ADDED dat=package: flg=0x4000010 (has extras) } from null (pid=1478, uid=1000) to com.uc108.mobile.sdgj.bd1/com.baidu.tiebasdk.service.InstallReceiver
10-29 18:19:30.662  1478  1705 W BroadcastQueue: u0 Receiving a broadcast in packageio.dcloud.H5BC6BF13 requires a permissions review
10-29 18:19:30.662  1478  1705 W BroadcastQueue: Skipping delivery: permission review required for Intent { act=android.intent.action.PACKAGE_ADDED dat=package: flg=0x4000010 (has extras) } from null (pid=1478, uid=1000) to io.dcloud.H5BC6BF13/io.dcloud.common.adapter.io.DownloadReceiver
10-29 18:19:30.668  1478  1703 W WindowMagnificationMgr: requestConnection duplicated request: connect=false, mConnectionState=DISCONNECTED
10-29 18:19:30.677  1478  1478 I Telecom : DefaultDialerCache: Refreshing default dialer for user 0: now com.google.android.dialer: DDC.oR@Aec
10-29 18:19:30.720  1478  1830 E VerityUtils: Failed to measure fs-verity, errno 1: /data/app/~~oA_UQnyl5YYn7kRFjXCeiQ==/bzyz.osqak.rcbmn-I2tTDhjDT23e0YWRFshOpQ==/base.apk
10-29 18:19:30.720  1478  1703 W PackageManager: Failed registering loading progress callback. Package is fully loaded.
10-29 18:19:30.749  1478  1478 V BackupManagerConstants: getFullBackupIntervalMilliseconds(...) returns 86400000
10-29 18:19:30.749  1478  1478 V BackupManagerConstants: getFullBackupRequiredNetworkType(...) returns 2
10-29 18:19:30.749  1478  1478 V BackupManagerConstants: getFullBackupRequireCharging(...) returns true
10-29 18:19:30.777  1478  1834 E PackageManager: ERROR: could not load root hash from incremental install
10-29 18:19:30.789  1478  1834 I PackageManager: Integrity check passed for file:///data/app/vmdl1294644621.tmp
10-29 18:19:30.795  1478  1986 D CompatibilityChangeReporter: Compat change id reported: 218533173; UID 10246; state: DISABLED
10-29 18:19:30.801  1478  1703 W WindowMagnificationMgr: requestConnection duplicated request: connect=false, mConnectionState=DISCONNECTED
10-29 18:19:30.813  1478  3235 D CompatibilityChangeReporter: Compat change id reported: 161252188; UID 10246; state: DISABLED
10-29 18:19:30.832  1478  1478 I Telecom : DefaultDialerCache: Refreshing default dialer for user 0: now com.google.android.dialer: DDC.oR@Aeo
10-29 18:19:30.845  1478  3404 W BackupTransportManager: Package bzyz.osqak.rcbmn enabled setting: 0
10-29 18:19:30.850  1478  5582 I ActivityTaskManager: START u0 {flg=0x14000000 cmp=com.symantec.mobilesecurity/com.norton.feature.appsecurity.ui.malwarefound.MalwareFoundActivity (has extras)} from uid 10205
10-29 18:19:30.870  1478  4248 W ActivityTaskManager: Tried to set launchTime (0) < mLastActivityLaunchTime (110837)
10-29 18:19:30.960  1478  1478 W Looper  : Slow dispatch took 101ms main h=com.android.server.notification.NotificationManagerService$WorkerHandler c=com.android.server.notification.NotificationManagerService$CancelNotificationRunnable@77c1eb8 m=0
10-29 18:19:30.990  1478  4540 D CoreBackPreview: Window{5a8c860 u0 com.symantec.mobilesecurity/com.norton.feature.appsecurity.ui.malwarefound.MalwareFoundActivity}: Setting back callback OnBackInvokedCallbackInfo{mCallback=android.window.IOnBackInvokedCallback$Stub$Proxy@9df599a, mPriority=0}
10-29 18:19:31.014  1478  1690 V StorageManagerService: Package null has legacy storage
10-29 18:19:31.046  1478  5576 D CoreBackPreview: Window{ee482f2 u0 com.symantec.mobilesecurity/com.norton.feature.appsecurity.ui.malwarefound.MalwareFoundActivity}: Setting back callback null
10-29 18:19:31.064  1478  3086 D OomAdjuster: Not killing cached processes
10-29 18:19:31.073  1478  3628 I ActivityTaskManager: START u0 {flg=0x14000000 cmp=com.symantec.mobilesecurity/com.norton.feature.appsecurity.ui.malwarefound.MalwareFoundActivity (has extras)} from uid 10205
10-29 18:19:31.092  1478  2150 W ActivityTaskManager: Tried to set launchTime (0) < mLastActivityLaunchTime (111812)
10-29 18:19:31.134  1478  2077 D CoreBackPreview: Window{a02bb9f u0 com.symantec.mobilesecurity/com.norton.feature.appsecurity.ui.malwarefound.MalwareFoundActivity}: Setting back callback OnBackInvokedCallbackInfo{mCallback=android.window.IOnBackInvokedCallback$Stub$Proxy@22a7f97, mPriority=0}
10-29 18:19:31.137  1478  1834 V BackupManagerService: [UserID:0] restoreAtInstall pkg=com.novaspirit.usbcleaver token=32 restoreSet=0
10-29 18:19:31.138  1478  1834 V BackupManagerService: [UserID:0] Finishing install immediately
10-29 18:19:31.140  1478  1834 D PackageInstallerSession: Marking session 1294644621 as applied
10-29 18:19:31.154  1478  1834 D CompatibilityChangeReporter: Compat change id reported: 168419799; UID 10247; state: DISABLED
10-29 18:19:31.154  1478  1834 D CompatibilityChangeReporter: Compat change id reported: 273564678; UID 10247; state: DISABLED
10-29 18:19:31.164  1478  1478 I Telecom : DefaultDialerCache: Refreshing default dialer for user 0: now com.google.android.dialer: DDC.oR@Aes
10-29 18:19:31.168  1478  1703 W WindowMagnificationMgr: requestConnection duplicated request: connect=false, mConnectionState=DISCONNECTED
10-29 18:19:31.174  1478  1705 W BroadcastQueue: u0 Receiving a broadcast in packagecom.jr.narutoii requires a permissions review
10-29 18:19:31.174  1478  1705 W BroadcastQueue: Skipping delivery: permission review required for Intent { act=android.intent.action.PACKAGE_ADDED dat=package: flg=0x4000010 (has extras) } from null (pid=1478, uid=1000) to com.jr.narutoii/com.joyriver.engine.proxy.EngineReceiver
10-29 18:19:31.174  1478  1705 W BroadcastQueue: u0 Receiving a broadcast in packagecom.android.buyer requires a permissions review
10-29 18:19:31.174  1478  1705 W BroadcastQueue: Skipping delivery: permission review required for Intent { act=android.intent.action.PACKAGE_ADDED dat=package: flg=0x4000010 (has extras) } from null (pid=1478, uid=1000) to com.android.buyer/.mRve
10-29 18:19:31.175  1478  1478 W NotificationHistory: Attempted to add notif for locked/gone/disabled user 0
10-29 18:19:31.183  1478  4095 D CoreBackPreview: Window{5a8c860 u0 com.symantec.mobilesecurity/com.norton.feature.appsecurity.ui.malwarefound.MalwareFoundActivity}: Setting back callback null
10-29 18:19:31.184  1478  1705 W BroadcastQueue: Background execution not allowed: receiving Intent { act=android.intent.action.PACKAGE_ADDED dat=package: flg=0x4000010 (has extras) } to com.google.android.packageinstaller/com.android.packageinstaller.PackageInstalledReceiver
10-29 18:19:31.184  1478  1705 W BroadcastQueue: Background execution not allowed: receiving Intent { act=android.intent.action.PACKAGE_ADDED dat=package: flg=0x4000010 (has extras) } to com.android.vending/com.google.android.finsky.packagemonitor.impl.PackageMonitorReceiverImpl$RegisteredReceiver
10-29 18:19:31.184  1478  1705 W BroadcastQueue: Background execution not allowed: receiving Intent { act=android.intent.action.PACKAGE_ADDED dat=package: flg=0x4000010 (has extras) } to com.android.vending/com.google.android.finsky.packagemonitor.backgroundimpl.BackgroundPackageMonitorReceiverImpl$RegisteredReceiver
10-29 18:19:31.184  1478  1705 W BroadcastQueue: Background execution not allowed: receiving Intent { act=android.intent.action.PACKAGE_ADDED dat=package: flg=0x4000010 (has extras) } to com.google.android.gms/.games.chimera.GamesSystemBroadcastReceiverProxy
10-29 18:19:31.185  1478  1705 W BroadcastQueue: Background execution not allowed: receiving Intent { act=android.intent.action.PACKAGE_ADDED dat=package: flg=0x4000010 (has extras) } to com.google.android.gms/.gass.chimera.PackageChangeBroadcastReceiver
10-29 18:19:31.185  1478  1705 W BroadcastQueue: Background execution not allowed: receiving Intent { act=android.intent.action.PACKAGE_ADDED dat=package: flg=0x4000010 (has extras) } to com.google.android.gms/.chimera.GmsIntentOperationService$PersistentTrustedReceiver
10-29 18:19:31.185  1478  1705 W BroadcastQueue: u0 Receiving a broadcast in packagecom.cncd.japan.janli.shudu requires a permissions review
10-29 18:19:31.185  1478  1705 W BroadcastQueue: Skipping delivery: permission review required for Intent { act=android.intent.action.PACKAGE_ADDED dat=package: flg=0x4000010 (has extras) } from null (pid=1478, uid=1000) to com.cncd.japan.janli.shudu/net.l.k.r
10-29 18:19:31.185  1478  1705 W BroadcastQueue: u0 Receiving a broadcast in packagecom.cncd.japan.janli.shudu requires a permissions review
10-29 18:19:31.185  1478  1705 W BroadcastQueue: Skipping delivery: permission review required for Intent { act=android.intent.action.PACKAGE_ADDED dat=package: flg=0x4000010 (has extras) } from null (pid=1478, uid=1000) to com.cncd.japan.janli.shudu/com.feiwofour.coverscreen.SR
10-29 18:19:31.185  1478  1705 W BroadcastQueue: u0 Receiving a broadcast in packagecom.games.mengmeizhitd requires a permissions review
10-29 18:19:31.185  1478  1705 W BroadcastQueue: Skipping delivery: permission review required for Intent { act=android.intent.action.PACKAGE_ADDED dat=package: flg=0x4000010 (has extras) } from null (pid=1478, uid=1000) to com.games.mengmeizhitd/hjnw.ihjnw.i.isqly
10-29 18:19:31.185  1478  1705 W BroadcastQueue: u0 Receiving a broadcast in packagecom.hgperfko.yaeghrwx requires a permissions review
10-29 18:19:31.185  1478  1705 W BroadcastQueue: Skipping delivery: permission review required for Intent { act=android.intent.action.PACKAGE_ADDED dat=package: flg=0x4000010 (has extras) } from null (pid=1478, uid=1000) to com.hgperfko.yaeghrwx/.core.hLytdCQDBv
10-29 18:19:31.185  1478  1705 W BroadcastQueue: u0 Receiving a broadcast in packagecom.qiuqiu.dfmc requires a permissions review
10-29 18:19:31.185  1478  1705 W BroadcastQueue: Skipping delivery: permission review required for Intent { act=android.intent.action.PACKAGE_ADDED dat=package: flg=0x4000010 (has extras) } from null (pid=1478, uid=1000) to com.qiuqiu.dfmc/cn.jpush.android.service.PushReceiver
10-29 18:19:31.185  1478  1705 W BroadcastQueue: u0 Receiving a broadcast in packagecom.safesys.viruskiller requires a permissions review
10-29 18:19:31.185  1478  1705 W BroadcastQueue: Skipping delivery: permission review required for Intent { act=android.intent.action.PACKAGE_ADDED dat=package: flg=0x4000010 (has extras) } from null (pid=1478, uid=1000) to com.safesys.viruskiller/.ScanPackageBroadcast
10-29 18:19:31.186  1478  1705 W BroadcastQueue: u0 Receiving a broadcast in packagecom.uc108.mobile.sdgj.bd1 requires a permissions review
10-29 18:19:31.186  1478  1705 W BroadcastQueue: Skipping delivery: permission review required for Intent { act=android.intent.action.PACKAGE_ADDED dat=package: flg=0x4000010 (has extras) } from null (pid=1478, uid=1000) to com.uc108.mobile.sdgj.bd1/com.baidu.tiebasdk.service.InstallReceiver
10-29 18:19:31.186  1478  1705 W BroadcastQueue: u0 Receiving a broadcast in packageio.dcloud.H5BC6BF13 requires a permissions review
10-29 18:19:31.186  1478  1705 W BroadcastQueue: Skipping delivery: permission review required for Intent { act=android.intent.action.PACKAGE_ADDED dat=package: flg=0x4000010 (has extras) } from null (pid=1478, uid=1000) to io.dcloud.H5BC6BF13/io.dcloud.common.adapter.io.DownloadReceiver
10-29 18:19:31.187  1478  1478 V BackupManagerConstants: getFullBackupIntervalMilliseconds(...) returns 86400000
10-29 18:19:31.187  1478  1478 V BackupManagerConstants: getFullBackupRequiredNetworkType(...) returns 2
10-29 18:19:31.188  1478  1478 V BackupManagerConstants: getFullBackupRequireCharging(...) returns true
10-29 18:19:31.227  1478  1703 W PackageManager: Failed registering loading progress callback. Package is fully loaded.
10-29 18:19:31.237  1478  1830 E VerityUtils: Failed to measure fs-verity, errno 1: /data/app/~~nIVxpVjZ-xXNacqR5i3ucg==/com.novaspirit.usbcleaver-vGwuIq2wkjHy3R51GfIOkw==/base.apk
10-29 18:19:31.263  1478  1986 D CompatibilityChangeReporter: Compat change id reported: 218533173; UID 10247; state: DISABLED
10-29 18:19:31.283  1478  1703 W WindowMagnificationMgr: requestConnection duplicated request: connect=false, mConnectionState=DISCONNECTED
10-29 18:19:31.285  1478  1478 I Telecom : DefaultDialerCache: Refreshing default dialer for user 0: now com.google.android.dialer: DDC.oR@AfA
10-29 18:19:31.286  1478  1478 E NotificationService: Muting recently noisy 0|com.symantec.mobilesecurity|1001|bzyz.osqak.rcbmn|10205
10-29 18:19:31.294  1478  1478 W NotificationHistory: Attempted to add notif for locked/gone/disabled user 0
10-29 18:19:31.310  1478  3404 W BackupTransportManager: Package com.novaspirit.usbcleaver enabled setting: 0
10-29 18:19:31.386  1478  5573 D CompatibilityChangeReporter: Compat change id reported: 161252188; UID 10247; state: DISABLED
10-29 18:19:31.432  1478  1834 E PackageManager: ERROR: could not load root hash from incremental install
10-29 18:19:31.466  1478  1834 I PackageManager: Integrity check passed for file:///data/app/vmdl917852214.tmp
10-29 18:19:31.601  1478  1690 V StorageManagerService: Package null has legacy storage
10-29 18:19:31.725  1478  1834 V BackupManagerService: [UserID:0] restoreAtInstall pkg=com.voicebianshengjinglingwc.wxl token=33 restoreSet=0
10-29 18:19:31.725  1478  1834 V BackupManagerService: [UserID:0] Finishing install immediately
10-29 18:19:31.730  1478  1834 D PackageInstallerSession: Marking session 917852214 as applied
10-29 18:19:31.735  1478  1834 D CompatibilityChangeReporter: Compat change id reported: 168419799; UID 10248; state: DISABLED
10-29 18:19:31.735  1478  1834 D CompatibilityChangeReporter: Compat change id reported: 273564678; UID 10248; state: DISABLED
10-29 18:19:31.739  1478  1705 W BroadcastQueue: u0 Receiving a broadcast in packagecom.jr.narutoii requires a permissions review
10-29 18:19:31.739  1478  1705 W BroadcastQueue: Skipping delivery: permission review required for Intent { act=android.intent.action.PACKAGE_ADDED dat=package: flg=0x4000010 (has extras) } from null (pid=1478, uid=1000) to com.jr.narutoii/com.joyriver.engine.proxy.EngineReceiver
10-29 18:19:31.739  1478  1705 W BroadcastQueue: u0 Receiving a broadcast in packagecom.android.buyer requires a permissions review
10-29 18:19:31.739  1478  1705 W BroadcastQueue: Skipping delivery: permission review required for Intent { act=android.intent.action.PACKAGE_ADDED dat=package: flg=0x4000010 (has extras) } from null (pid=1478, uid=1000) to com.android.buyer/.mRve
10-29 18:19:31.739  1478  1705 W BroadcastQueue: Background execution not allowed: receiving Intent { act=android.intent.action.PACKAGE_ADDED dat=package: flg=0x4000010 (has extras) } to com.google.android.packageinstaller/com.android.packageinstaller.PackageInstalledReceiver
10-29 18:19:31.739  1478  1705 W BroadcastQueue: Background execution not allowed: receiving Intent { act=android.intent.action.PACKAGE_ADDED dat=package: flg=0x4000010 (has extras) } to com.android.vending/com.google.android.finsky.packagemonitor.impl.PackageMonitorReceiverImpl$RegisteredReceiver
10-29 18:19:31.739  1478  1705 W BroadcastQueue: Background execution not allowed: receiving Intent { act=android.intent.action.PACKAGE_ADDED dat=package: flg=0x4000010 (has extras) } to com.android.vending/com.google.android.finsky.packagemonitor.backgroundimpl.BackgroundPackageMonitorReceiverImpl$RegisteredReceiver
10-29 18:19:31.739  1478  1705 W BroadcastQueue: Background execution not allowed: receiving Intent { act=android.intent.action.PACKAGE_ADDED dat=package: flg=0x4000010 (has extras) } to com.google.android.gms/.games.chimera.GamesSystemBroadcastReceiverProxy
10-29 18:19:31.739  1478  1705 W BroadcastQueue: Background execution not allowed: receiving Intent { act=android.intent.action.PACKAGE_ADDED dat=package: flg=0x4000010 (has extras) } to com.google.android.gms/.gass.chimera.PackageChangeBroadcastReceiver
10-29 18:19:31.739  1478  1705 W BroadcastQueue: Background execution not allowed: receiving Intent { act=android.intent.action.PACKAGE_ADDED dat=package: flg=0x4000010 (has extras) } to com.google.android.gms/.chimera.GmsIntentOperationService$PersistentTrustedReceiver
10-29 18:19:31.739  1478  1705 W BroadcastQueue: u0 Receiving a broadcast in packagecom.cncd.japan.janli.shudu requires a permissions review
10-29 18:19:31.739  1478  1705 W BroadcastQueue: Skipping delivery: permission review required for Intent { act=android.intent.action.PACKAGE_ADDED dat=package: flg=0x4000010 (has extras) } from null (pid=1478, uid=1000) to com.cncd.japan.janli.shudu/net.l.k.r
10-29 18:19:31.739  1478  1705 W BroadcastQueue: u0 Receiving a broadcast in packagecom.cncd.japan.janli.shudu requires a permissions review
10-29 18:19:31.739  1478  1705 W BroadcastQueue: Skipping delivery: permission review required for Intent { act=android.intent.action.PACKAGE_ADDED dat=package: flg=0x4000010 (has extras) } from null (pid=1478, uid=1000) to com.cncd.japan.janli.shudu/com.feiwofour.coverscreen.SR
10-29 18:19:31.739  1478  1705 W BroadcastQueue: u0 Receiving a broadcast in packagecom.games.mengmeizhitd requires a permissions review
10-29 18:19:31.739  1478  1705 W BroadcastQueue: Skipping delivery: permission review required for Intent { act=android.intent.action.PACKAGE_ADDED dat=package: flg=0x4000010 (has extras) } from null (pid=1478, uid=1000) to com.games.mengmeizhitd/hjnw.ihjnw.i.isqly
10-29 18:19:31.739  1478  1705 W BroadcastQueue: u0 Receiving a broadcast in packagecom.hgperfko.yaeghrwx requires a permissions review
10-29 18:19:31.739  1478  1705 W BroadcastQueue: Skipping delivery: permission review required for Intent { act=android.intent.action.PACKAGE_ADDED dat=package: flg=0x4000010 (has extras) } from null (pid=1478, uid=1000) to com.hgperfko.yaeghrwx/.core.hLytdCQDBv
10-29 18:19:31.739  1478  1705 W BroadcastQueue: u0 Receiving a broadcast in packagecom.qiuqiu.dfmc requires a permissions review
10-29 18:19:31.739  1478  1705 W BroadcastQueue: Skipping delivery: permission review required for Intent { act=android.intent.action.PACKAGE_ADDED dat=package: flg=0x4000010 (has extras) } from null (pid=1478, uid=1000) to com.qiuqiu.dfmc/cn.jpush.android.service.PushReceiver
10-29 18:19:31.739  1478  1705 W BroadcastQueue: u0 Receiving a broadcast in packagecom.safesys.viruskiller requires a permissions review
10-29 18:19:31.739  1478  1705 W BroadcastQueue: Skipping delivery: permission review required for Intent { act=android.intent.action.PACKAGE_ADDED dat=package: flg=0x4000010 (has extras) } from null (pid=1478, uid=1000) to com.safesys.viruskiller/.ScanPackageBroadcast
10-29 18:19:31.739  1478  1705 W BroadcastQueue: u0 Receiving a broadcast in packagecom.uc108.mobile.sdgj.bd1 requires a permissions review
10-29 18:19:31.739  1478  3086 I ActivityTaskManager: START u0 {flg=0x14000000 cmp=com.symantec.mobilesecurity/com.norton.feature.appsecurity.ui.malwarefound.MalwareFoundActivity (has extras)} from uid 10205
10-29 18:19:31.745  1478  1705 W BroadcastQueue: Skipping delivery: permission review required for Intent { act=android.intent.action.PACKAGE_ADDED dat=package: flg=0x4000010 (has extras) } from null (pid=1478, uid=1000) to com.uc108.mobile.sdgj.bd1/com.baidu.tiebasdk.service.InstallReceiver
10-29 18:19:31.746  1478  1705 W BroadcastQueue: u0 Receiving a broadcast in packageio.dcloud.H5BC6BF13 requires a permissions review
10-29 18:19:31.747  1478  1705 W BroadcastQueue: Skipping delivery: permission review required for Intent { act=android.intent.action.PACKAGE_ADDED dat=package: flg=0x4000010 (has extras) } from null (pid=1478, uid=1000) to io.dcloud.H5BC6BF13/io.dcloud.common.adapter.io.DownloadReceiver
10-29 18:19:31.748  1478  1478 I Telecom : DefaultDialerCache: Refreshing default dialer for user 0: now com.google.android.dialer: DDC.oR@AfM
10-29 18:19:31.754  1478  3086 W ActivityTaskManager: Tried to set launchTime (0) < mLastActivityLaunchTime (112034)
10-29 18:19:31.766  1478  1478 V BackupManagerConstants: getFullBackupIntervalMilliseconds(...) returns 86400000
10-29 18:19:31.766  1478  1478 V BackupManagerConstants: getFullBackupRequiredNetworkType(...) returns 2
10-29 18:19:31.766  1478  1478 V BackupManagerConstants: getFullBackupRequireCharging(...) returns true
10-29 18:19:31.790  1478  1478 I Telecom : DefaultDialerCache: Refreshing default dialer for user 0: now com.google.android.dialer: DDC.oR@AfQ
10-29 18:19:31.808  1478  1986 D CompatibilityChangeReporter: Compat change id reported: 218533173; UID 10248; state: DISABLED
10-29 18:19:31.814  1478  4050 D CoreBackPreview: Window{8f7e090 u0 com.symantec.mobilesecurity/com.norton.feature.appsecurity.ui.malwarefound.MalwareFoundActivity}: Setting back callback OnBackInvokedCallbackInfo{mCallback=android.window.IOnBackInvokedCallback$Stub$Proxy@6b984c1, mPriority=0}
10-29 18:19:31.831  1478  1703 W WindowMagnificationMgr: requestConnection duplicated request: connect=false, mConnectionState=DISCONNECTED
10-29 18:19:31.883  1478  1703 W PackageManager: Failed registering loading progress callback. Package is fully loaded.
10-29 18:19:31.895  1478  1703 W WindowMagnificationMgr: requestConnection duplicated request: connect=false, mConnectionState=DISCONNECTED
10-29 18:19:31.927  1478  4253 D CompatibilityChangeReporter: Compat change id reported: 161252188; UID 10248; state: DISABLED
10-29 18:19:31.939  1478  3404 W BackupTransportManager: Package com.voicebianshengjinglingwc.wxl enabled setting: 0
10-29 18:19:31.944  1478  5572 W WindowManager: Failed looking up window session=Session{a74c14a 3603:u0a10205} callers=com.android.server.wm.WindowManagerService.windowForClientLocked:6056 com.android.server.wm.Session.setOnBackInvokedCallbackInfo:944 android.view.IWindowSession$Stub.onTransact:1180 
10-29 18:19:31.944  1478  5572 E WindowManager: setOnBackInvokedCallback(): No window state for package:com.symantec.mobilesecurity
10-29 18:19:31.947  1478  1830 E VerityUtils: Failed to measure fs-verity, errno 1: /data/app/~~bdWm6QRqBmR85l0qR68mXg==/com.voicebianshengjinglingwc.wxl-b6GyjHbbggewCrZHbATH3w==/base.apk
10-29 18:19:31.982  1478  1834 E PackageManager: ERROR: could not load root hash from incremental install
10-29 18:19:31.994  1478  2031 W PackageParsing: Ignoring duplicate uses-permissions/uses-permissions-sdk-m: android.permission.DISABLE_KEYGUARD in package: zqgd.bwqay.wekcq at: Binary XML file line #22
10-29 18:19:32.003  1478  1478 E NotificationService: Muting recently noisy 0|com.symantec.mobilesecurity|1001|com.novaspirit.usbcleaver|10205
10-29 18:19:32.004  1478  1478 W NotificationHistory: Attempted to add notif for locked/gone/disabled user 0
10-29 18:19:32.022  1478  1834 I PackageManager: Integrity check passed for file:///data/app/vmdl349961884.tmp
10-29 18:19:32.036  1478  1834 W PackageParsing: Ignoring duplicate uses-permissions/uses-permissions-sdk-m: android.permission.DISABLE_KEYGUARD in package: zqgd.bwqay.wekcq at: Binary XML file line #22
10-29 18:19:32.104  1478  1690 V StorageManagerService: Package null has legacy storage
10-29 18:19:32.236  1478  1834 V BackupManagerService: [UserID:0] restoreAtInstall pkg=zqgd.bwqay.wekcq token=34 restoreSet=0
10-29 18:19:32.236  1478  1834 V BackupManagerService: [UserID:0] Finishing install immediately
10-29 18:19:32.240  1478  1834 D PackageInstallerSession: Marking session 349961884 as applied
10-29 18:19:32.246  1478  1834 D CompatibilityChangeReporter: Compat change id reported: 168419799; UID 10249; state: DISABLED
10-29 18:19:32.246  1478  1834 D CompatibilityChangeReporter: Compat change id reported: 273564678; UID 10249; state: DISABLED
10-29 18:19:32.268  1478  1478 I Telecom : DefaultDialerCache: Refreshing default dialer for user 0: now com.google.android.dialer: DDC.oR@Afk
10-29 18:19:32.271  1478  1478 V BackupManagerConstants: getFullBackupIntervalMilliseconds(...) returns 86400000
10-29 18:19:32.271  1478  1478 V BackupManagerConstants: getFullBackupRequiredNetworkType(...) returns 2
10-29 18:19:32.271  1478  1478 V BackupManagerConstants: getFullBackupRequireCharging(...) returns true
10-29 18:19:32.272  1478  4248 W BroadcastQueue: u0 Receiving a broadcast in packagecom.jr.narutoii requires a permissions review
10-29 18:19:32.272  1478  4248 W BroadcastQueue: Skipping delivery: permission review required for Intent { act=android.intent.action.PACKAGE_ADDED dat=package: flg=0x4000010 (has extras) } from null (pid=1478, uid=1000) to com.jr.narutoii/com.joyriver.engine.proxy.EngineReceiver
10-29 18:19:32.273  1478  1705 W BroadcastQueue: u0 Receiving a broadcast in packagecom.android.buyer requires a permissions review
10-29 18:19:32.273  1478  1705 W BroadcastQueue: Skipping delivery: permission review required for Intent { act=android.intent.action.PACKAGE_ADDED dat=package: flg=0x4000010 (has extras) } from null (pid=1478, uid=1000) to com.android.buyer/.mRve
10-29 18:19:32.273  1478  1705 W BroadcastQueue: Background execution not allowed: receiving Intent { act=android.intent.action.PACKAGE_ADDED dat=package: flg=0x4000010 (has extras) } to com.google.android.packageinstaller/com.android.packageinstaller.PackageInstalledReceiver
10-29 18:19:32.273  1478  1705 W BroadcastQueue: Background execution not allowed: receiving Intent { act=android.intent.action.PACKAGE_ADDED dat=package: flg=0x4000010 (has extras) } to com.android.vending/com.google.android.finsky.packagemonitor.impl.PackageMonitorReceiverImpl$RegisteredReceiver
10-29 18:19:32.273  1478  1705 W BroadcastQueue: Background execution not allowed: receiving Intent { act=android.intent.action.PACKAGE_ADDED dat=package: flg=0x4000010 (has extras) } to com.android.vending/com.google.android.finsky.packagemonitor.backgroundimpl.BackgroundPackageMonitorReceiverImpl$RegisteredReceiver
10-29 18:19:32.274  1478  1705 W BroadcastQueue: Background execution not allowed: receiving Intent { act=android.intent.action.PACKAGE_ADDED dat=package: flg=0x4000010 (has extras) } to com.google.android.gms/.games.chimera.GamesSystemBroadcastReceiverProxy
10-29 18:19:32.274  1478  1705 W BroadcastQueue: Background execution not allowed: receiving Intent { act=android.intent.action.PACKAGE_ADDED dat=package: flg=0x4000010 (has extras) } to com.google.android.gms/.gass.chimera.PackageChangeBroadcastReceiver
10-29 18:19:32.274  1478  1705 W BroadcastQueue: Background execution not allowed: receiving Intent { act=android.intent.action.PACKAGE_ADDED dat=package: flg=0x4000010 (has extras) } to com.google.android.gms/.chimera.GmsIntentOperationService$PersistentTrustedReceiver
10-29 18:19:32.274  1478  1705 W BroadcastQueue: u0 Receiving a broadcast in packagecom.cncd.japan.janli.shudu requires a permissions review
10-29 18:19:32.274  1478  1705 W BroadcastQueue: Skipping delivery: permission review required for Intent { act=android.intent.action.PACKAGE_ADDED dat=package: flg=0x4000010 (has extras) } from null (pid=1478, uid=1000) to com.cncd.japan.janli.shudu/net.l.k.r
10-29 18:19:32.274  1478  1705 W BroadcastQueue: u0 Receiving a broadcast in packagecom.cncd.japan.janli.shudu requires a permissions review
10-29 18:19:32.274  1478  1705 W BroadcastQueue: Skipping delivery: permission review required for Intent { act=android.intent.action.PACKAGE_ADDED dat=package: flg=0x4000010 (has extras) } from null (pid=1478, uid=1000) to com.cncd.japan.janli.shudu/com.feiwofour.coverscreen.SR
10-29 18:19:32.274  1478  1705 W BroadcastQueue: u0 Receiving a broadcast in packagecom.games.mengmeizhitd requires a permissions review
10-29 18:19:32.274  1478  1705 W BroadcastQueue: Skipping delivery: permission review required for Intent { act=android.intent.action.PACKAGE_ADDED dat=package: flg=0x4000010 (has extras) } from null (pid=1478, uid=1000) to com.games.mengmeizhitd/hjnw.ihjnw.i.isqly
10-29 18:19:32.274  1478  1705 W BroadcastQueue: u0 Receiving a broadcast in packagecom.hgperfko.yaeghrwx requires a permissions review
10-29 18:19:32.274  1478  1705 W BroadcastQueue: Skipping delivery: permission review required for Intent { act=android.intent.action.PACKAGE_ADDED dat=package: flg=0x4000010 (has extras) } from null (pid=1478, uid=1000) to com.hgperfko.yaeghrwx/.core.hLytdCQDBv
10-29 18:19:32.274  1478  1705 W BroadcastQueue: u0 Receiving a broadcast in packagecom.qiuqiu.dfmc requires a permissions review
10-29 18:19:32.274  1478  1705 W BroadcastQueue: Skipping delivery: permission review required for Intent { act=android.intent.action.PACKAGE_ADDED dat=package: flg=0x4000010 (has extras) } from null (pid=1478, uid=1000) to com.qiuqiu.dfmc/cn.jpush.android.service.PushReceiver
10-29 18:19:32.274  1478  1705 W BroadcastQueue: u0 Receiving a broadcast in packagecom.safesys.viruskiller requires a permissions review
10-29 18:19:32.274  1478  1705 W BroadcastQueue: Skipping delivery: permission review required for Intent { act=android.intent.action.PACKAGE_ADDED dat=package: flg=0x4000010 (has extras) } from null (pid=1478, uid=1000) to com.safesys.viruskiller/.ScanPackageBroadcast
10-29 18:19:32.274  1478  1705 W BroadcastQueue: u0 Receiving a broadcast in packagecom.uc108.mobile.sdgj.bd1 requires a permissions review
10-29 18:19:32.274  1478  1705 W BroadcastQueue: Skipping delivery: permission review required for Intent { act=android.intent.action.PACKAGE_ADDED dat=package: flg=0x4000010 (has extras) } from null (pid=1478, uid=1000) to com.uc108.mobile.sdgj.bd1/com.baidu.tiebasdk.service.InstallReceiver
10-29 18:19:32.274  1478  1705 W BroadcastQueue: u0 Receiving a broadcast in packagecom.voicebianshengjinglingwc.wxl requires a permissions review
10-29 18:19:32.274  1478  1705 W BroadcastQueue: Skipping delivery: permission review required for Intent { act=android.intent.action.PACKAGE_ADDED dat=package: flg=0x4000010 (has extras) } from null (pid=1478, uid=1000) to com.voicebianshengjinglingwc.wxl/mp.ruu.Ztjjwrj
10-29 18:19:32.274  1478  1705 W BroadcastQueue: u0 Receiving a broadcast in packageio.dcloud.H5BC6BF13 requires a permissions review
