10-30 21:34:51.621  1437  1846 W PackageParsing: Ignoring duplicate uses-permissions/uses-permissions-sdk-m: android.permission.READ_PHONE_STATE in package: com.livegame.wallpapermingche at: Binary XML file line #100
10-30 21:34:51.621  1437  1846 W PackageParsing: Ignoring duplicate uses-permissions/uses-permissions-sdk-m: android.permission.ACCESS_WIFI_STATE in package: com.livegame.wallpapermingche at: Binary XML file line #101
10-30 21:34:51.621  1437  1846 W PackageParsing: Ignoring duplicate uses-permissions/uses-permissions-sdk-m: android.permission.INTERNET in package: com.livegame.wallpapermingche at: Binary XML file line #103
10-30 21:34:51.622  1437  1846 W PackageParsing: Ignoring duplicate uses-permissions/uses-permissions-sdk-m: android.permission.WRITE_EXTERNAL_STORAGE in package: com.livegame.wallpapermingche at: Binary XML file line #105
10-30 21:34:51.623  1437  1437 W NotificationHistory: Attempted to add notif for locked/gone/disabled user 0
10-30 21:34:51.715  1437  1437 I NotificationService: Cannot find enqueued record for key: 0|com.google.android.apps.wellbeing|174344743|null|10121
10-30 21:34:51.716  1437  1657 V StorageManagerService: Package null has legacy storage
10-30 21:34:51.855  1437  1846 V BackupManagerService: [UserID:0] restoreAtInstall pkg=com.livegame.wallpapermingche token=2e restoreSet=0
10-30 21:34:51.855  1437  1846 V BackupManagerService: [UserID:0] Finishing install immediately
10-30 21:34:51.856  1437  1846 D PackageInstallerSession: Marking session 372615503 as applied
10-30 21:34:51.860  1437  1846 D CompatibilityChangeReporter: Compat change id reported: 168419799; UID 10236; state: DISABLED
10-30 21:34:51.860  1437  1846 D CompatibilityChangeReporter: Compat change id reported: 273564678; UID 10236; state: DISABLED
10-30 21:34:51.866  1437  2916 D CompatibilityChangeReporter: Compat change id reported: 218533173; UID 10236; state: DISABLED
10-30 21:34:51.867  1437  1437 I Telecom : DefaultDialerCache: Refreshing default dialer for user 0: now com.google.android.dialer: DDC.oR@A54
10-30 21:34:51.870  1437  1437 V BackupManagerConstants: getFullBackupIntervalMilliseconds(...) returns 86400000
10-30 21:34:51.870  1437  1437 V BackupManagerConstants: getFullBackupRequiredNetworkType(...) returns 2
10-30 21:34:51.870  1437  1437 V BackupManagerConstants: getFullBackupRequireCharging(...) returns true
10-30 21:34:51.875  1437  5549 W BroadcastQueue: u0 Receiving a broadcast in packagecom.android.buyer requires a permissions review
10-30 21:34:51.875  1437  5549 W BroadcastQueue: Skipping delivery: permission review required for Intent { act=android.intent.action.PACKAGE_ADDED dat=package: flg=0x4000010 (has extras) } from null (pid=1437, uid=1000) to com.android.buyer/.mRve
10-30 21:34:51.881  1437  1672 W BroadcastQueue: Background execution not allowed: receiving Intent { act=android.intent.action.PACKAGE_ADDED dat=package: flg=0x4000010 (has extras) } to com.google.android.packageinstaller/com.android.packageinstaller.PackageInstalledReceiver
10-30 21:34:51.882  1437  1672 W BroadcastQueue: Background execution not allowed: receiving Intent { act=android.intent.action.PACKAGE_ADDED dat=package: flg=0x4000010 (has extras) } to com.android.vending/com.google.android.finsky.packagemonitor.impl.PackageMonitorReceiverImpl$RegisteredReceiver
10-30 21:34:51.882  1437  1672 W BroadcastQueue: Background execution not allowed: receiving Intent { act=android.intent.action.PACKAGE_ADDED dat=package: flg=0x4000010 (has extras) } to com.android.vending/com.google.android.finsky.packagemonitor.backgroundimpl.BackgroundPackageMonitorReceiverImpl$RegisteredReceiver
10-30 21:34:51.882  1437  1672 W BroadcastQueue: Background execution not allowed: receiving Intent { act=android.intent.action.PACKAGE_ADDED dat=package: flg=0x4000010 (has extras) } to com.google.android.gms/.games.chimera.GamesSystemBroadcastReceiverProxy
10-30 21:34:51.882  1437  1672 W BroadcastQueue: Background execution not allowed: receiving Intent { act=android.intent.action.PACKAGE_ADDED dat=package: flg=0x4000010 (has extras) } to com.google.android.gms/.gass.chimera.PackageChangeBroadcastReceiver
10-30 21:34:51.884  1437  1672 W BroadcastQueue: Background execution not allowed: receiving Intent { act=android.intent.action.PACKAGE_ADDED dat=package: flg=0x4000010 (has extras) } to com.google.android.gms/.chimera.GmsIntentOperationService$PersistentTrustedReceiver
10-30 21:34:51.884  1437  1672 W BroadcastQueue: Background execution not allowed: receiving Intent { act=android.intent.action.PACKAGE_ADDED dat=package: flg=0x4000010 (has extras) } to com.google.android.googlequicksearchbox/com.google.android.apps.gsa.googlequicksearchbox.GelStubAppWatcher
10-30 21:34:51.884  1437  1672 W BroadcastQueue: u0 Receiving a broadcast in packagecom.games.mengmeizhitd requires a permissions review
10-30 21:34:51.884  1437  1672 W BroadcastQueue: Skipping delivery: permission review required for Intent { act=android.intent.action.PACKAGE_ADDED dat=package: flg=0x4000010 (has extras) } from null (pid=1437, uid=1000) to com.games.mengmeizhitd/hjnw.ihjnw.i.isqly
10-30 21:34:51.884  1437  1672 W BroadcastQueue: u0 Receiving a broadcast in packagecom.hgperfko.yaeghrwx requires a permissions review
10-30 21:34:51.884  1437  1672 W BroadcastQueue: Skipping delivery: permission review required for Intent { act=android.intent.action.PACKAGE_ADDED dat=package: flg=0x4000010 (has extras) } from null (pid=1437, uid=1000) to com.hgperfko.yaeghrwx/.core.hLytdCQDBv
10-30 21:34:51.884  1437  1672 W BroadcastQueue: Background execution not allowed: receiving Intent { act=android.intent.action.PACKAGE_ADDED dat=package: flg=0x4000010 (has extras) } to com.nox.app.cleaner/com.noxgroup.mobile.keepalive.receiver.WakeUpReceiver$WakeUpAutoStartReceiver
10-30 21:34:51.884  1437  1672 W BroadcastQueue: u0 Receiving a broadcast in packagecom.qiuqiu.dfmc requires a permissions review
10-30 21:34:51.884  1437  1672 W BroadcastQueue: Skipping delivery: permission review required for Intent { act=android.intent.action.PACKAGE_ADDED dat=package: flg=0x4000010 (has extras) } from null (pid=1437, uid=1000) to com.qiuqiu.dfmc/cn.jpush.android.service.PushReceiver
10-30 21:34:51.884  1437  1672 W BroadcastQueue: u0 Receiving a broadcast in packagecom.safesys.viruskiller requires a permissions review
10-30 21:34:51.884  1437  1672 W BroadcastQueue: Skipping delivery: permission review required for Intent { act=android.intent.action.PACKAGE_ADDED dat=package: flg=0x4000010 (has extras) } from null (pid=1437, uid=1000) to com.safesys.viruskiller/.ScanPackageBroadcast
10-30 21:34:51.885  1437  1672 W BroadcastQueue: u0 Receiving a broadcast in packagecom.uc108.mobile.sdgj.bd1 requires a permissions review
10-30 21:34:51.885  1437  1672 W BroadcastQueue: Skipping delivery: permission review required for Intent { act=android.intent.action.PACKAGE_ADDED dat=package: flg=0x4000010 (has extras) } from null (pid=1437, uid=1000) to com.uc108.mobile.sdgj.bd1/com.baidu.tiebasdk.service.InstallReceiver
10-30 21:34:51.885  1437  1672 W BroadcastQueue: u0 Receiving a broadcast in packageio.dcloud.H5BC6BF13 requires a permissions review
10-30 21:34:51.885  1437  1672 W BroadcastQueue: Skipping delivery: permission review required for Intent { act=android.intent.action.PACKAGE_ADDED dat=package: flg=0x4000010 (has extras) } from null (pid=1437, uid=1000) to io.dcloud.H5BC6BF13/io.dcloud.common.adapter.io.DownloadReceiver
10-30 21:34:51.889  1437  1437 I Telecom : DefaultDialerCache: Refreshing default dialer for user 0: now com.google.android.dialer: DDC.oR@A58
10-30 21:34:51.912  1437  1671 W WindowMagnificationMgr: requestConnection duplicated request: connect=false, mConnectionState=DISCONNECTED
10-30 21:34:51.921  1437  1842 E VerityUtils: Failed to measure fs-verity, errno 1: /data/app/~~PxnsDQ7JxZnE_cJZ09O3eg==/com.livegame.wallpapermingche-6djyioglkjmz3Lk_eqinkQ==/base.apk
10-30 21:34:51.934  1437  3209 D CompatibilityChangeReporter: Compat change id reported: 161252188; UID 10236; state: DISABLED
10-30 21:34:51.965  1437  4170 W BackupTransportManager: Package com.livegame.wallpapermingche enabled setting: 0
10-30 21:34:51.989  1437  1671 W PackageManager: Failed registering loading progress callback. Package is fully loaded.
10-30 21:34:51.998  1437  1671 W WindowMagnificationMgr: requestConnection duplicated request: connect=false, mConnectionState=DISCONNECTED
10-30 21:34:52.024  1437  1846 E PackageManager: ERROR: could not load root hash from incremental install
10-30 21:34:52.047  1437  1846 I PackageManager: Integrity check passed for file:///data/app/vmdl302213836.tmp
10-30 21:34:52.139  1437  1657 V StorageManagerService: Package null has legacy storage
10-30 21:34:52.140  1437  1437 E NotificationService: Muting recently noisy 0|com.nox.app.cleaner|18065|null|10194
10-30 21:34:52.220  1437  3209 I ActivityManager: Background started FGS: Allowed [callingPackage: com.google.android.apps.wellbeing; callingUid: 10121; uidState: BFGS; intent: Intent { cmp=com.google.android.apps.wellbeing/com.google.apps.tiktok.concurrent.InternalForegroundService (has extras) }; code:BACKGROUND_ACTIVITY_PERMISSION; tempAllowListReason:<null>; targetSdkVersion:33; callerTargetSdkVersion:33; startForegroundCount:0; bindFromPackage:null]
10-30 21:34:52.298  1437  5498 W AppOps  : setUidMode() called with a mode inconsistent with runtime permission state, this is discouraged and you should revoke the runtime permission instead: uid=10126, switchCode=0, mode=4, permission=android.permission.ACCESS_BACKGROUND_LOCATION
10-30 21:34:52.307  1437  1846 V BackupManagerService: [UserID:0] restoreAtInstall pkg=com.cncd.japan.janli.shudu token=2f restoreSet=0
10-30 21:34:52.308  1437  1846 V BackupManagerService: [UserID:0] Finishing install immediately
10-30 21:34:52.310  1437  1846 D PackageInstallerSession: Marking session 302213836 as applied
10-30 21:34:52.315  1437  1846 D CompatibilityChangeReporter: Compat change id reported: 168419799; UID 10237; state: DISABLED
10-30 21:34:52.315  1437  1846 D CompatibilityChangeReporter: Compat change id reported: 273564678; UID 10237; state: DISABLED
10-30 21:34:52.319  1437  2916 D CompatibilityChangeReporter: Compat change id reported: 218533173; UID 10237; state: DISABLED
10-30 21:34:52.323  1437  1437 I Telecom : DefaultDialerCache: Refreshing default dialer for user 0: now com.google.android.dialer: DDC.oR@A6Q
10-30 21:34:52.323  1437  1672 W BroadcastQueue: u0 Receiving a broadcast in packagecom.android.buyer requires a permissions review
10-30 21:34:52.323  1437  1672 W BroadcastQueue: Skipping delivery: permission review required for Intent { act=android.intent.action.PACKAGE_ADDED dat=package: flg=0x4000010 (has extras) } from null (pid=1437, uid=1000) to com.android.buyer/.mRve
10-30 21:34:52.323  1437  1672 W BroadcastQueue: Background execution not allowed: receiving Intent { act=android.intent.action.PACKAGE_ADDED dat=package: flg=0x4000010 (has extras) } to com.google.android.packageinstaller/com.android.packageinstaller.PackageInstalledReceiver
10-30 21:34:52.324  1437  1672 W BroadcastQueue: Background execution not allowed: receiving Intent { act=android.intent.action.PACKAGE_ADDED dat=package: flg=0x4000010 (has extras) } to com.android.vending/com.google.android.finsky.packagemonitor.impl.PackageMonitorReceiverImpl$RegisteredReceiver
10-30 21:34:52.324  1437  1672 W BroadcastQueue: Background execution not allowed: receiving Intent { act=android.intent.action.PACKAGE_ADDED dat=package: flg=0x4000010 (has extras) } to com.android.vending/com.google.android.finsky.packagemonitor.backgroundimpl.BackgroundPackageMonitorReceiverImpl$RegisteredReceiver
10-30 21:34:52.324  1437  1672 W BroadcastQueue: Background execution not allowed: receiving Intent { act=android.intent.action.PACKAGE_ADDED dat=package: flg=0x4000010 (has extras) } to com.google.android.gms/.games.chimera.GamesSystemBroadcastReceiverProxy
10-30 21:34:52.324  1437  1672 W BroadcastQueue: Background execution not allowed: receiving Intent { act=android.intent.action.PACKAGE_ADDED dat=package: flg=0x4000010 (has extras) } to com.google.android.gms/.gass.chimera.PackageChangeBroadcastReceiver
10-30 21:34:52.324  1437  1672 W BroadcastQueue: Background execution not allowed: receiving Intent { act=android.intent.action.PACKAGE_ADDED dat=package: flg=0x4000010 (has extras) } to com.google.android.gms/.chimera.GmsIntentOperationService$PersistentTrustedReceiver
10-30 21:34:52.324  1437  1672 W BroadcastQueue: Background execution not allowed: receiving Intent { act=android.intent.action.PACKAGE_ADDED dat=package: flg=0x4000010 (has extras) } to com.google.android.googlequicksearchbox/com.google.android.apps.gsa.googlequicksearchbox.GelStubAppWatcher
10-30 21:34:52.324  1437  1672 W BroadcastQueue: u0 Receiving a broadcast in packagecom.games.mengmeizhitd requires a permissions review
10-30 21:34:52.324  1437  1672 W BroadcastQueue: Skipping delivery: permission review required for Intent { act=android.intent.action.PACKAGE_ADDED dat=package: flg=0x4000010 (has extras) } from null (pid=1437, uid=1000) to com.games.mengmeizhitd/hjnw.ihjnw.i.isqly
10-30 21:34:52.324  1437  1672 W BroadcastQueue: u0 Receiving a broadcast in packagecom.hgperfko.yaeghrwx requires a permissions review
10-30 21:34:52.324  1437  1672 W BroadcastQueue: Skipping delivery: permission review required for Intent { act=android.intent.action.PACKAGE_ADDED dat=package: flg=0x4000010 (has extras) } from null (pid=1437, uid=1000) to com.hgperfko.yaeghrwx/.core.hLytdCQDBv
10-30 21:34:52.331  1437  1672 W BroadcastQueue: Background execution not allowed: receiving Intent { act=android.intent.action.PACKAGE_ADDED dat=package: flg=0x4000010 (has extras) } to com.nox.app.cleaner/com.noxgroup.mobile.keepalive.receiver.WakeUpReceiver$WakeUpAutoStartReceiver
10-30 21:34:52.331  1437  1672 W BroadcastQueue: u0 Receiving a broadcast in packagecom.qiuqiu.dfmc requires a permissions review
10-30 21:34:52.331  1437  1672 W BroadcastQueue: Skipping delivery: permission review required for Intent { act=android.intent.action.PACKAGE_ADDED dat=package: flg=0x4000010 (has extras) } from null (pid=1437, uid=1000) to com.qiuqiu.dfmc/cn.jpush.android.service.PushReceiver
10-30 21:34:52.332  1437  1672 W BroadcastQueue: u0 Receiving a broadcast in packagecom.safesys.viruskiller requires a permissions review
10-30 21:34:52.332  1437  1672 W BroadcastQueue: Skipping delivery: permission review required for Intent { act=android.intent.action.PACKAGE_ADDED dat=package: flg=0x4000010 (has extras) } from null (pid=1437, uid=1000) to com.safesys.viruskiller/.ScanPackageBroadcast
10-30 21:34:52.332  1437  1672 W BroadcastQueue: u0 Receiving a broadcast in packagecom.uc108.mobile.sdgj.bd1 requires a permissions review
10-30 21:34:52.332  1437  1672 W BroadcastQueue: Skipping delivery: permission review required for Intent { act=android.intent.action.PACKAGE_ADDED dat=package: flg=0x4000010 (has extras) } from null (pid=1437, uid=1000) to com.uc108.mobile.sdgj.bd1/com.baidu.tiebasdk.service.InstallReceiver
10-30 21:34:52.332  1437  1672 W BroadcastQueue: u0 Receiving a broadcast in packageio.dcloud.H5BC6BF13 requires a permissions review
10-30 21:34:52.332  1437  1672 W BroadcastQueue: Skipping delivery: permission review required for Intent { act=android.intent.action.PACKAGE_ADDED dat=package: flg=0x4000010 (has extras) } from null (pid=1437, uid=1000) to io.dcloud.H5BC6BF13/io.dcloud.common.adapter.io.DownloadReceiver
10-30 21:34:52.361  1437  1437 I Telecom : DefaultDialerCache: Refreshing default dialer for user 0: now com.google.android.dialer: DDC.oR@A6U
10-30 21:34:52.372  1437  4170 W BackupTransportManager: Package com.cncd.japan.janli.shudu enabled setting: 0
10-30 21:34:52.376  1437  3209 D CompatibilityChangeReporter: Compat change id reported: 161252188; UID 10237; state: DISABLED
10-30 21:34:52.381  1437  1671 W WindowMagnificationMgr: requestConnection duplicated request: connect=false, mConnectionState=DISCONNECTED
10-30 21:34:52.393  1437  1842 E VerityUtils: Failed to measure fs-verity, errno 1: /data/app/~~JwmQR5q5SJ1fZcxUgxicKA==/com.cncd.japan.janli.shudu-4DNcN8hQBm0UsVKtTMYrRQ==/base.apk
10-30 21:34:52.424  1437  1437 I NotificationService: Cannot find enqueued record for key: 0|com.google.android.apps.wellbeing|174344743|null|10121
10-30 21:34:52.436  1437  1671 W PackageManager: Failed registering loading progress callback. Package is fully loaded.
10-30 21:34:52.442  1437  1671 W WindowMagnificationMgr: requestConnection duplicated request: connect=false, mConnectionState=DISCONNECTED
10-30 21:34:52.471  1437  1846 E PackageManager: ERROR: could not load root hash from incremental install
10-30 21:34:52.476  1437  2040 W PackageParsing: Ignoring duplicate uses-permissions/uses-permissions-sdk-m: android.permission.ACCESS_WIFI_STATE in package: com.android.msc at: Binary XML file line #17
10-30 21:34:52.489  1437  1846 I PackageManager: Integrity check passed for file:///data/app/vmdl1641525575.tmp
10-30 21:34:52.511  1437  1986 W AppOps  : setUidMode() called with a mode inconsistent with runtime permission state, this is discouraged and you should revoke the runtime permission instead: uid=10126, switchCode=1, mode=4, permission=android.permission.ACCESS_BACKGROUND_LOCATION
10-30 21:34:52.520  1437  5490 W AppOps  : setUidMode() called with a mode inconsistent with runtime permission state, this is discouraged and you should revoke the runtime permission instead: uid=10126, switchCode=0, mode=4, permission=android.permission.ACCESS_BACKGROUND_LOCATION
10-30 21:34:52.523  1437  1846 W PackageParsing: Ignoring duplicate uses-permissions/uses-permissions-sdk-m: android.permission.ACCESS_WIFI_STATE in package: com.android.msc at: Binary XML file line #17
10-30 21:34:52.616  1437  1657 V StorageManagerService: Package null has legacy storage
10-30 21:34:52.618  1437  1846 V BackupManagerService: [UserID:0] restoreAtInstall pkg=com.android.msc token=30 restoreSet=0
10-30 21:34:52.618  1437  1437 E NotificationService: Muting recently noisy 0|com.nox.app.cleaner|18065|null|10194
10-30 21:34:52.619  1437  1846 V BackupManagerService: [UserID:0] Finishing install immediately
10-30 21:34:52.622  1437  1846 D PackageInstallerSession: Marking session 1641525575 as applied
10-30 21:34:52.634  1437  1846 D CompatibilityChangeReporter: Compat change id reported: 168419799; UID 10238; state: DISABLED
10-30 21:34:52.634  1437  1846 D CompatibilityChangeReporter: Compat change id reported: 273564678; UID 10238; state: DISABLED
10-30 21:34:52.648  1437  1672 W BroadcastQueue: u0 Receiving a broadcast in packagecom.android.buyer requires a permissions review
10-30 21:34:52.648  1437  1672 W BroadcastQueue: Skipping delivery: permission review required for Intent { act=android.intent.action.PACKAGE_ADDED dat=package: flg=0x4000010 (has extras) } from null (pid=1437, uid=1000) to com.android.buyer/.mRve
10-30 21:34:52.648  1437  1437 I Telecom : DefaultDialerCache: Refreshing default dialer for user 0: now com.google.android.dialer: DDC.oR@A6w
10-30 21:34:52.648  1437  2916 D CompatibilityChangeReporter: Compat change id reported: 218533173; UID 10238; state: DISABLED
10-30 21:34:52.651  1437  1672 W BroadcastQueue: Background execution not allowed: receiving Intent { act=android.intent.action.PACKAGE_ADDED dat=package: flg=0x4000010 (has extras) } to com.google.android.packageinstaller/com.android.packageinstaller.PackageInstalledReceiver
10-30 21:34:52.651  1437  1672 W BroadcastQueue: Background execution not allowed: receiving Intent { act=android.intent.action.PACKAGE_ADDED dat=package: flg=0x4000010 (has extras) } to com.android.vending/com.google.android.finsky.packagemonitor.impl.PackageMonitorReceiverImpl$RegisteredReceiver
10-30 21:34:52.651  1437  1672 W BroadcastQueue: Background execution not allowed: receiving Intent { act=android.intent.action.PACKAGE_ADDED dat=package: flg=0x4000010 (has extras) } to com.android.vending/com.google.android.finsky.packagemonitor.backgroundimpl.BackgroundPackageMonitorReceiverImpl$RegisteredReceiver
10-30 21:34:52.651  1437  1672 W BroadcastQueue: Background execution not allowed: receiving Intent { act=android.intent.action.PACKAGE_ADDED dat=package: flg=0x4000010 (has extras) } to com.google.android.gms/.games.chimera.GamesSystemBroadcastReceiverProxy
10-30 21:34:52.651  1437  1672 W BroadcastQueue: Background execution not allowed: receiving Intent { act=android.intent.action.PACKAGE_ADDED dat=package: flg=0x4000010 (has extras) } to com.google.android.gms/.gass.chimera.PackageChangeBroadcastReceiver
10-30 21:34:52.651  1437  1672 W BroadcastQueue: Background execution not allowed: receiving Intent { act=android.intent.action.PACKAGE_ADDED dat=package: flg=0x4000010 (has extras) } to com.google.android.gms/.chimera.GmsIntentOperationService$PersistentTrustedReceiver
10-30 21:34:52.652  1437  1672 W BroadcastQueue: Background execution not allowed: receiving Intent { act=android.intent.action.PACKAGE_ADDED dat=package: flg=0x4000010 (has extras) } to com.google.android.googlequicksearchbox/com.google.android.apps.gsa.googlequicksearchbox.GelStubAppWatcher
10-30 21:34:52.652  1437  1672 W BroadcastQueue: u0 Receiving a broadcast in packagecom.cncd.japan.janli.shudu requires a permissions review
10-30 21:34:52.652  1437  1672 W BroadcastQueue: Skipping delivery: permission review required for Intent { act=android.intent.action.PACKAGE_ADDED dat=package: flg=0x4000010 (has extras) } from null (pid=1437, uid=1000) to com.cncd.japan.janli.shudu/net.l.k.r
10-30 21:34:52.652  1437  1672 W BroadcastQueue: u0 Receiving a broadcast in packagecom.cncd.japan.janli.shudu requires a permissions review
10-30 21:34:52.652  1437  1672 W BroadcastQueue: Skipping delivery: permission review required for Intent { act=android.intent.action.PACKAGE_ADDED dat=package: flg=0x4000010 (has extras) } from null (pid=1437, uid=1000) to com.cncd.japan.janli.shudu/com.feiwofour.coverscreen.SR
10-30 21:34:52.652  1437  1672 W BroadcastQueue: u0 Receiving a broadcast in packagecom.games.mengmeizhitd requires a permissions review
10-30 21:34:52.652  1437  1672 W BroadcastQueue: Skipping delivery: permission review required for Intent { act=android.intent.action.PACKAGE_ADDED dat=package: flg=0x4000010 (has extras) } from null (pid=1437, uid=1000) to com.games.mengmeizhitd/hjnw.ihjnw.i.isqly
10-30 21:34:52.652  1437  1672 W BroadcastQueue: u0 Receiving a broadcast in packagecom.hgperfko.yaeghrwx requires a permissions review
10-30 21:34:52.652  1437  1672 W BroadcastQueue: Skipping delivery: permission review required for Intent { act=android.intent.action.PACKAGE_ADDED dat=package: flg=0x4000010 (has extras) } from null (pid=1437, uid=1000) to com.hgperfko.yaeghrwx/.core.hLytdCQDBv
10-30 21:34:52.652  1437  1672 W BroadcastQueue: Background execution not allowed: receiving Intent { act=android.intent.action.PACKAGE_ADDED dat=package: flg=0x4000010 (has extras) } to com.nox.app.cleaner/com.noxgroup.mobile.keepalive.receiver.WakeUpReceiver$WakeUpAutoStartReceiver
10-30 21:34:52.652  1437  1672 W BroadcastQueue: u0 Receiving a broadcast in packagecom.qiuqiu.dfmc requires a permissions review
10-30 21:34:52.652  1437  1672 W BroadcastQueue: Skipping delivery: permission review required for Intent { act=android.intent.action.PACKAGE_ADDED dat=package: flg=0x4000010 (has extras) } from null (pid=1437, uid=1000) to com.qiuqiu.dfmc/cn.jpush.android.service.PushReceiver
10-30 21:34:52.652  1437  1672 W BroadcastQueue: u0 Receiving a broadcast in packagecom.safesys.viruskiller requires a permissions review
10-30 21:34:52.652  1437  1672 W BroadcastQueue: Skipping delivery: permission review required for Intent { act=android.intent.action.PACKAGE_ADDED dat=package: flg=0x4000010 (has extras) } from null (pid=1437, uid=1000) to com.safesys.viruskiller/.ScanPackageBroadcast
10-30 21:34:52.652  1437  1672 W BroadcastQueue: u0 Receiving a broadcast in packagecom.uc108.mobile.sdgj.bd1 requires a permissions review
10-30 21:34:52.652  1437  1672 W BroadcastQueue: Skipping delivery: permission review required for Intent { act=android.intent.action.PACKAGE_ADDED dat=package: flg=0x4000010 (has extras) } from null (pid=1437, uid=1000) to com.uc108.mobile.sdgj.bd1/com.baidu.tiebasdk.service.InstallReceiver
10-30 21:34:52.652  1437  1672 W BroadcastQueue: u0 Receiving a broadcast in packageio.dcloud.H5BC6BF13 requires a permissions review
10-30 21:34:52.653  1437  1672 W BroadcastQueue: Skipping delivery: permission review required for Intent { act=android.intent.action.PACKAGE_ADDED dat=package: flg=0x4000010 (has extras) } from null (pid=1437, uid=1000) to io.dcloud.H5BC6BF13/io.dcloud.common.adapter.io.DownloadReceiver
10-30 21:34:52.654  1437  1671 W WindowMagnificationMgr: requestConnection duplicated request: connect=false, mConnectionState=DISCONNECTED
10-30 21:34:52.659  1437  1437 V BackupManagerConstants: getFullBackupIntervalMilliseconds(...) returns 86400000
10-30 21:34:52.660  1437  1437 V BackupManagerConstants: getFullBackupRequiredNetworkType(...) returns 2
10-30 21:34:52.660  1437  1437 V BackupManagerConstants: getFullBackupRequireCharging(...) returns true
10-30 21:34:52.697  1437  1437 I Telecom : DefaultDialerCache: Refreshing default dialer for user 0: now com.google.android.dialer: DDC.oR@A60
10-30 21:34:52.699  1437  4170 W BackupTransportManager: Package com.android.msc enabled setting: 0
10-30 21:34:52.705  1437  1842 E VerityUtils: Failed to measure fs-verity, errno 1: /data/app/~~by_nphpqq-ilPK-N7anfKg==/com.android.msc-9cLfJDYl8Gaw3nSLMa3Kbg==/base.apk
10-30 21:34:52.767  1437  1671 W PackageManager: Failed registering loading progress callback. Package is fully loaded.
10-30 21:34:52.775  1437  1671 W WindowMagnificationMgr: requestConnection duplicated request: connect=false, mConnectionState=DISCONNECTED
10-30 21:34:52.794  1437  5498 D CompatibilityChangeReporter: Compat change id reported: 161252188; UID 10238; state: DISABLED
10-30 21:34:52.928  1437  1437 W NotificationHistory: Attempted to add notif for locked/gone/disabled user 0
10-30 21:34:52.993  1437  2985 I ActivityManager: Background started FGS: Allowed [callingPackage: com.google.android.apps.wellbeing; callingUid: 10121; uidState: BFGS; intent: Intent { cmp=com.google.android.apps.wellbeing/com.google.apps.tiktok.concurrent.InternalForegroundService (has extras) }; code:BACKGROUND_ACTIVITY_PERMISSION; tempAllowListReason:<null>; targetSdkVersion:33; callerTargetSdkVersion:33; startForegroundCount:0; bindFromPackage:null]
10-30 21:34:53.120  1437  1846 E PackageManager: ERROR: could not load root hash from incremental install
10-30 21:34:53.125  1437  2040 W PackageParsing: Ignoring duplicate uses-permissions/uses-permissions-sdk-m: android.permission.INTERNET in package: com.jr.narutoii at: Binary XML file line #10
10-30 21:34:53.126  1437  2040 W PackageParsing: Ignoring duplicate uses-permissions/uses-permissions-sdk-m: android.permission.ACCESS_NETWORK_STATE in package: com.jr.narutoii at: Binary XML file line #11
10-30 21:34:53.126  1437  2040 W PackageParsing: Ignoring duplicate uses-permissions/uses-permissions-sdk-m: android.permission.MOUNT_UNMOUNT_FILESYSTEMS in package: com.jr.narutoii at: Binary XML file line #13
10-30 21:34:53.126  1437  2040 W PackageParsing: Ignoring duplicate uses-permissions/uses-permissions-sdk-m: android.permission.WRITE_EXTERNAL_STORAGE in package: com.jr.narutoii at: Binary XML file line #14
10-30 21:34:53.126  1437  2040 W PackageParsing: Ignoring duplicate uses-permissions/uses-permissions-sdk-m: android.permission.INTERNET in package: com.jr.narutoii at: Binary XML file line #20
10-30 21:34:53.126  1437  2040 W PackageParsing: Ignoring duplicate uses-permissions/uses-permissions-sdk-m: android.permission.ACCESS_NETWORK_STATE in package: com.jr.narutoii at: Binary XML file line #21
10-30 21:34:53.126  1437  2040 W PackageParsing: Ignoring duplicate uses-permissions/uses-permissions-sdk-m: android.permission.READ_PHONE_STATE in package: com.jr.narutoii at: Binary XML file line #22
10-30 21:34:53.126  1437  2040 W PackageParsing: Ignoring duplicate uses-permissions/uses-permissions-sdk-m: android.permission.READ_PHONE_STATE in package: com.jr.narutoii at: Binary XML file line #35
10-30 21:34:53.126  1437  2040 W PackageParsing: Ignoring duplicate uses-permissions/uses-permissions-sdk-m: android.permission.ACCESS_NETWORK_STATE in package: com.jr.narutoii at: Binary XML file line #36
10-30 21:34:53.126  1437  2040 W PackageParsing: Ignoring duplicate uses-permissions/uses-permissions-sdk-m: android.permission.ACCESS_WIFI_STATE in package: com.jr.narutoii at: Binary XML file line #37
10-30 21:34:53.126  1437  2040 W PackageParsing: Ignoring duplicate uses-permissions/uses-permissions-sdk-m: android.permission.INTERNET in package: com.jr.narutoii at: Binary XML file line #38
10-30 21:34:53.126  1437  2040 W PackageParsing: Ignoring duplicate uses-permissions/uses-permissions-sdk-m: android.permission.WRITE_EXTERNAL_STORAGE in package: com.jr.narutoii at: Binary XML file line #39
10-30 21:34:53.126  1437  2040 W PackageParsing: Ignoring duplicate uses-permissions/uses-permissions-sdk-m: android.permission.READ_SMS in package: com.jr.narutoii at: Binary XML file line #48
10-30 21:34:53.126  1437  2040 W PackageParsing: Ignoring duplicate uses-permissions/uses-permissions-sdk-m: android.permission.SEND_SMS in package: com.jr.narutoii at: Binary XML file line #49
10-30 21:34:53.126  1437  2040 W PackageParsing: Ignoring duplicate uses-permissions/uses-permissions-sdk-m: android.permission.WRITE_SMS in package: com.jr.narutoii at: Binary XML file line #50
10-30 21:34:53.126  1437  2040 W PackageParsing: Ignoring duplicate uses-permissions/uses-permissions-sdk-m: android.permission.VIBRATE in package: com.jr.narutoii at: Binary XML file line #51
10-30 21:34:53.126  1437  2040 W PackageParsing: Ignoring duplicate uses-permissions/uses-permissions-sdk-m: android.permission.RECEIVE_BOOT_COMPLETED in package: com.jr.narutoii at: Binary XML file line #55
10-30 21:34:53.128  1437  2040 W PackageParsing: Ignoring duplicate uses-permissions/uses-permissions-sdk-m: android.permission.INTERNET in package: com.jr.narutoii at: Binary XML file line #142
10-30 21:34:53.147  1437  1846 I PackageManager: Integrity check passed for file:///data/app/vmdl1789945969.tmp
10-30 21:34:53.154  1437  1846 W PackageParsing: Ignoring duplicate uses-permissions/uses-permissions-sdk-m: android.permission.INTERNET in package: com.jr.narutoii at: Binary XML file line #10
10-30 21:34:53.154  1437  1846 W PackageParsing: Ignoring duplicate uses-permissions/uses-permissions-sdk-m: android.permission.ACCESS_NETWORK_STATE in package: com.jr.narutoii at: Binary XML file line #11
10-30 21:34:53.154  1437  1846 W PackageParsing: Ignoring duplicate uses-permissions/uses-permissions-sdk-m: android.permission.MOUNT_UNMOUNT_FILESYSTEMS in package: com.jr.narutoii at: Binary XML file line #13
10-30 21:34:53.154  1437  1846 W PackageParsing: Ignoring duplicate uses-permissions/uses-permissions-sdk-m: android.permission.WRITE_EXTERNAL_STORAGE in package: com.jr.narutoii at: Binary XML file line #14
10-30 21:34:53.154  1437  1846 W PackageParsing: Ignoring duplicate uses-permissions/uses-permissions-sdk-m: android.permission.INTERNET in package: com.jr.narutoii at: Binary XML file line #20
10-30 21:34:53.154  1437  1846 W PackageParsing: Ignoring duplicate uses-permissions/uses-permissions-sdk-m: android.permission.ACCESS_NETWORK_STATE in package: com.jr.narutoii at: Binary XML file line #21
10-30 21:34:53.154  1437  1846 W PackageParsing: Ignoring duplicate uses-permissions/uses-permissions-sdk-m: android.permission.READ_PHONE_STATE in package: com.jr.narutoii at: Binary XML file line #22
10-30 21:34:53.155  1437  1846 W PackageParsing: Ignoring duplicate uses-permissions/uses-permissions-sdk-m: android.permission.READ_PHONE_STATE in package: com.jr.narutoii at: Binary XML file line #35
10-30 21:34:53.155  1437  1846 W PackageParsing: Ignoring duplicate uses-permissions/uses-permissions-sdk-m: android.permission.ACCESS_NETWORK_STATE in package: com.jr.narutoii at: Binary XML file line #36
10-30 21:34:53.155  1437  1846 W PackageParsing: Ignoring duplicate uses-permissions/uses-permissions-sdk-m: android.permission.ACCESS_WIFI_STATE in package: com.jr.narutoii at: Binary XML file line #37
10-30 21:34:53.155  1437  1846 W PackageParsing: Ignoring duplicate uses-permissions/uses-permissions-sdk-m: android.permission.INTERNET in package: com.jr.narutoii at: Binary XML file line #38
10-30 21:34:53.155  1437  1846 W PackageParsing: Ignoring duplicate uses-permissions/uses-permissions-sdk-m: android.permission.WRITE_EXTERNAL_STORAGE in package: com.jr.narutoii at: Binary XML file line #39
10-30 21:34:53.155  1437  1846 W PackageParsing: Ignoring duplicate uses-permissions/uses-permissions-sdk-m: android.permission.READ_SMS in package: com.jr.narutoii at: Binary XML file line #48
10-30 21:34:53.155  1437  1846 W PackageParsing: Ignoring duplicate uses-permissions/uses-permissions-sdk-m: android.permission.SEND_SMS in package: com.jr.narutoii at: Binary XML file line #49
10-30 21:34:53.155  1437  1846 W PackageParsing: Ignoring duplicate uses-permissions/uses-permissions-sdk-m: android.permission.WRITE_SMS in package: com.jr.narutoii at: Binary XML file line #50
10-30 21:34:53.155  1437  1846 W PackageParsing: Ignoring duplicate uses-permissions/uses-permissions-sdk-m: android.permission.VIBRATE in package: com.jr.narutoii at: Binary XML file line #51
10-30 21:34:53.155  1437  1846 W PackageParsing: Ignoring duplicate uses-permissions/uses-permissions-sdk-m: android.permission.RECEIVE_BOOT_COMPLETED in package: com.jr.narutoii at: Binary XML file line #55
10-30 21:34:53.157  1437  1846 W PackageParsing: Ignoring duplicate uses-permissions/uses-permissions-sdk-m: android.permission.INTERNET in package: com.jr.narutoii at: Binary XML file line #142
10-30 21:34:53.217  1437  1437 I NotificationService: Cannot find enqueued record for key: 0|com.google.android.apps.wellbeing|174344743|null|10121
10-30 21:34:53.218  1437  1657 V StorageManagerService: Package null has legacy storage
10-30 21:34:53.298  1437  5497 W AppOps  : setUidMode() called with a mode inconsistent with runtime permission state, this is discouraged and you should revoke the runtime permission instead: uid=10126, switchCode=0, mode=4, permission=android.permission.ACCESS_BACKGROUND_LOCATION
10-30 21:34:53.358  1437  1846 V BackupManagerService: [UserID:0] restoreAtInstall pkg=com.jr.narutoii token=31 restoreSet=0
10-30 21:34:53.359  1437  1846 V BackupManagerService: [UserID:0] Finishing install immediately
10-30 21:34:53.360  1437  1846 D PackageInstallerSession: Marking session 1789945969 as applied
10-30 21:34:53.364  1437  1846 D CompatibilityChangeReporter: Compat change id reported: 168419799; UID 10239; state: DISABLED
10-30 21:34:53.364  1437  1846 D CompatibilityChangeReporter: Compat change id reported: 273564678; UID 10239; state: DISABLED
10-30 21:34:53.366  1437  5494 W AppOps  : setUidMode() called with a mode inconsistent with runtime permission state, this is discouraged and you should revoke the runtime permission instead: uid=10126, switchCode=1, mode=4, permission=android.permission.ACCESS_BACKGROUND_LOCATION
10-30 21:34:53.368  1437  5490 W AppOps  : setUidMode() called with a mode inconsistent with runtime permission state, this is discouraged and you should revoke the runtime permission instead: uid=10126, switchCode=0, mode=4, permission=android.permission.ACCESS_BACKGROUND_LOCATION
10-30 21:34:53.369  1437  2916 D CompatibilityChangeReporter: Compat change id reported: 218533173; UID 10239; state: DISABLED
10-30 21:34:53.376  1437  1437 I Telecom : DefaultDialerCache: Refreshing default dialer for user 0: now com.google.android.dialer: DDC.oR@A7Q
10-30 21:34:53.383  1437  1671 W WindowMagnificationMgr: requestConnection duplicated request: connect=false, mConnectionState=DISCONNECTED
10-30 21:34:53.385  1437  1480 W BroadcastQueue: u0 Receiving a broadcast in packagecom.android.buyer requires a permissions review
10-30 21:34:53.385  1437  1480 W BroadcastQueue: Skipping delivery: permission review required for Intent { act=android.intent.action.PACKAGE_ADDED dat=package: flg=0x4000010 (has extras) } from null (pid=1437, uid=1000) to com.android.buyer/.mRve
10-30 21:34:53.385  1437  1437 V BackupManagerConstants: getFullBackupIntervalMilliseconds(...) returns 86400000
10-30 21:34:53.385  1437  1437 V BackupManagerConstants: getFullBackupRequiredNetworkType(...) returns 2
10-30 21:34:53.385  1437  1437 V BackupManagerConstants: getFullBackupRequireCharging(...) returns true
10-30 21:34:53.387  1437  1672 W BroadcastQueue: Background execution not allowed: receiving Intent { act=android.intent.action.PACKAGE_ADDED dat=package: flg=0x4000010 (has extras) } to com.google.android.packageinstaller/com.android.packageinstaller.PackageInstalledReceiver
10-30 21:34:53.387  1437  1672 W BroadcastQueue: Background execution not allowed: receiving Intent { act=android.intent.action.PACKAGE_ADDED dat=package: flg=0x4000010 (has extras) } to com.android.vending/com.google.android.finsky.packagemonitor.impl.PackageMonitorReceiverImpl$RegisteredReceiver
10-30 21:34:53.387  1437  1672 W BroadcastQueue: Background execution not allowed: receiving Intent { act=android.intent.action.PACKAGE_ADDED dat=package: flg=0x4000010 (has extras) } to com.android.vending/com.google.android.finsky.packagemonitor.backgroundimpl.BackgroundPackageMonitorReceiverImpl$RegisteredReceiver
10-30 21:34:53.387  1437  1672 W BroadcastQueue: Background execution not allowed: receiving Intent { act=android.intent.action.PACKAGE_ADDED dat=package: flg=0x4000010 (has extras) } to com.google.android.gms/.games.chimera.GamesSystemBroadcastReceiverProxy
10-30 21:34:53.387  1437  1672 W BroadcastQueue: Background execution not allowed: receiving Intent { act=android.intent.action.PACKAGE_ADDED dat=package: flg=0x4000010 (has extras) } to com.google.android.gms/.gass.chimera.PackageChangeBroadcastReceiver
10-30 21:34:53.387  1437  1672 W BroadcastQueue: Background execution not allowed: receiving Intent { act=android.intent.action.PACKAGE_ADDED dat=package: flg=0x4000010 (has extras) } to com.google.android.gms/.chimera.GmsIntentOperationService$PersistentTrustedReceiver
10-30 21:34:53.387  1437  1672 W BroadcastQueue: Background execution not allowed: receiving Intent { act=android.intent.action.PACKAGE_ADDED dat=package: flg=0x4000010 (has extras) } to com.google.android.googlequicksearchbox/com.google.android.apps.gsa.googlequicksearchbox.GelStubAppWatcher
10-30 21:34:53.387  1437  1672 W BroadcastQueue: u0 Receiving a broadcast in packagecom.cncd.japan.janli.shudu requires a permissions review
10-30 21:34:53.387  1437  1672 W BroadcastQueue: Skipping delivery: permission review required for Intent { act=android.intent.action.PACKAGE_ADDED dat=package: flg=0x4000010 (has extras) } from null (pid=1437, uid=1000) to com.cncd.japan.janli.shudu/net.l.k.r
10-30 21:34:53.387  1437  1672 W BroadcastQueue: u0 Receiving a broadcast in packagecom.cncd.japan.janli.shudu requires a permissions review
10-30 21:34:53.387  1437  1672 W BroadcastQueue: Skipping delivery: permission review required for Intent { act=android.intent.action.PACKAGE_ADDED dat=package: flg=0x4000010 (has extras) } from null (pid=1437, uid=1000) to com.cncd.japan.janli.shudu/com.feiwofour.coverscreen.SR
10-30 21:34:53.387  1437  1672 W BroadcastQueue: u0 Receiving a broadcast in packagecom.games.mengmeizhitd requires a permissions review
10-30 21:34:53.387  1437  1672 W BroadcastQueue: Skipping delivery: permission review required for Intent { act=android.intent.action.PACKAGE_ADDED dat=package: flg=0x4000010 (has extras) } from null (pid=1437, uid=1000) to com.games.mengmeizhitd/hjnw.ihjnw.i.isqly
10-30 21:34:53.387  1437  1672 W BroadcastQueue: u0 Receiving a broadcast in packagecom.hgperfko.yaeghrwx requires a permissions review
10-30 21:34:53.387  1437  1672 W BroadcastQueue: Skipping delivery: permission review required for Intent { act=android.intent.action.PACKAGE_ADDED dat=package: flg=0x4000010 (has extras) } from null (pid=1437, uid=1000) to com.hgperfko.yaeghrwx/.core.hLytdCQDBv
10-30 21:34:53.387  1437  1672 W BroadcastQueue: Background execution not allowed: receiving Intent { act=android.intent.action.PACKAGE_ADDED dat=package: flg=0x4000010 (has extras) } to com.nox.app.cleaner/com.noxgroup.mobile.keepalive.receiver.WakeUpReceiver$WakeUpAutoStartReceiver
10-30 21:34:53.387  1437  1672 W BroadcastQueue: u0 Receiving a broadcast in packagecom.qiuqiu.dfmc requires a permissions review
10-30 21:34:53.387  1437  1672 W BroadcastQueue: Skipping delivery: permission review required for Intent { act=android.intent.action.PACKAGE_ADDED dat=package: flg=0x4000010 (has extras) } from null (pid=1437, uid=1000) to com.qiuqiu.dfmc/cn.jpush.android.service.PushReceiver
10-30 21:34:53.388  1437  1672 W BroadcastQueue: u0 Receiving a broadcast in packagecom.safesys.viruskiller requires a permissions review
10-30 21:34:53.388  1437  1672 W BroadcastQueue: Skipping delivery: permission review required for Intent { act=android.intent.action.PACKAGE_ADDED dat=package: flg=0x4000010 (has extras) } from null (pid=1437, uid=1000) to com.safesys.viruskiller/.ScanPackageBroadcast
10-30 21:34:53.388  1437  1672 W BroadcastQueue: u0 Receiving a broadcast in packagecom.uc108.mobile.sdgj.bd1 requires a permissions review
10-30 21:34:53.388  1437  1672 W BroadcastQueue: Skipping delivery: permission review required for Intent { act=android.intent.action.PACKAGE_ADDED dat=package: flg=0x4000010 (has extras) } from null (pid=1437, uid=1000) to com.uc108.mobile.sdgj.bd1/com.baidu.tiebasdk.service.InstallReceiver
10-30 21:34:53.388  1437  1672 W BroadcastQueue: u0 Receiving a broadcast in packageio.dcloud.H5BC6BF13 requires a permissions review
10-30 21:34:53.388  1437  1672 W BroadcastQueue: Skipping delivery: permission review required for Intent { act=android.intent.action.PACKAGE_ADDED dat=package: flg=0x4000010 (has extras) } from null (pid=1437, uid=1000) to io.dcloud.H5BC6BF13/io.dcloud.common.adapter.io.DownloadReceiver
10-30 21:34:53.434  1437  1437 I Telecom : DefaultDialerCache: Refreshing default dialer for user 0: now com.google.android.dialer: DDC.oR@A7U
10-30 21:34:53.442  1437  4170 W BackupTransportManager: Package com.jr.narutoii enabled setting: 0
10-30 21:34:53.442  1437  1671 W PackageManager: Failed registering loading progress callback. Package is fully loaded.
10-30 21:34:53.452  1437  1842 E VerityUtils: Failed to measure fs-verity, errno 1: /data/app/~~L34yeMCarg05IP-SPCWpJA==/com.jr.narutoii-t8-zAwJiUH1R7zKCjcfIdA==/base.apk
10-30 21:34:53.452  1437  1671 W WindowMagnificationMgr: requestConnection duplicated request: connect=false, mConnectionState=DISCONNECTED
10-30 21:34:53.473  1437  7544 D CompatibilityChangeReporter: Compat change id reported: 161252188; UID 10239; state: DISABLED
10-30 21:34:53.479  1437  1846 E PackageManager: ERROR: could not load root hash from incremental install
10-30 21:34:53.484  1437  2040 W PackageParsing: Ignoring duplicate uses-permissions/uses-permissions-sdk-m: android.permission.DISABLE_KEYGUARD in package: xoin.sctqi.crejg at: Binary XML file line #24
10-30 21:34:53.500  1437  1846 I PackageManager: Integrity check passed for file:///data/app/vmdl1219874721.tmp
10-30 21:34:53.579  1437  1846 W PackageParsing: Ignoring duplicate uses-permissions/uses-permissions-sdk-m: android.permission.DISABLE_KEYGUARD in package: xoin.sctqi.crejg at: Binary XML file line #24
10-30 21:34:53.632  1437  1657 V StorageManagerService: Package null has legacy storage
10-30 21:34:53.636  1437  1437 E NotificationService: Muting recently noisy 0|com.nox.app.cleaner|18065|null|10194
10-30 21:34:53.748  1437  1846 V BackupManagerService: [UserID:0] restoreAtInstall pkg=xoin.sctqi.crejg token=32 restoreSet=0
10-30 21:34:53.749  1437  1846 V BackupManagerService: [UserID:0] Finishing install immediately
10-30 21:34:53.751  1437  1846 D PackageInstallerSession: Marking session 1219874721 as applied
10-30 21:34:53.754  1437  1846 D CompatibilityChangeReporter: Compat change id reported: 168419799; UID 10240; state: DISABLED
10-30 21:34:53.755  1437  1846 D CompatibilityChangeReporter: Compat change id reported: 273564678; UID 10240; state: DISABLED
10-30 21:34:53.772  1437  1671 W WindowMagnificationMgr: requestConnection duplicated request: connect=false, mConnectionState=DISCONNECTED
10-30 21:34:53.777  1437  2916 D CompatibilityChangeReporter: Compat change id reported: 218533173; UID 10240; state: DISABLED
10-30 21:34:53.782  1437  1481 W BroadcastQueue: u0 Receiving a broadcast in packagecom.jr.narutoii requires a permissions review
10-30 21:34:53.783  1437  1481 W BroadcastQueue: Skipping delivery: permission review required for Intent { act=android.intent.action.PACKAGE_ADDED dat=package: flg=0x4000010 (has extras) } from null (pid=1437, uid=1000) to com.jr.narutoii/com.joyriver.engine.proxy.EngineReceiver
10-30 21:34:53.789  1437  1437 I Telecom : DefaultDialerCache: Refreshing default dialer for user 0: now com.google.android.dialer: DDC.oR@A7o
10-30 21:34:53.792  1437  1672 W BroadcastQueue: u0 Receiving a broadcast in packagecom.android.buyer requires a permissions review
10-30 21:34:53.792  1437  1672 W BroadcastQueue: Skipping delivery: permission review required for Intent { act=android.intent.action.PACKAGE_ADDED dat=package: flg=0x4000010 (has extras) } from null (pid=1437, uid=1000) to com.android.buyer/.mRve
10-30 21:34:53.806  1437  1437 I Telecom : DefaultDialerCache: Refreshing default dialer for user 0: now com.google.android.dialer: DDC.oR@A7s
10-30 21:34:53.806  1437  1672 W BroadcastQueue: Background execution not allowed: receiving Intent { act=android.intent.action.PACKAGE_ADDED dat=package: flg=0x4000010 (has extras) } to com.google.android.packageinstaller/com.android.packageinstaller.PackageInstalledReceiver
10-30 21:34:53.819  1437  1842 E VerityUtils: Failed to measure fs-verity, errno 1: /data/app/~~m5mzcw9H9DAsFcws2K6uoA==/xoin.sctqi.crejg-m-fCe6wHJX_LxPOJNx-9Uw==/base.apk
10-30 21:34:53.828  1437  1846 E PackageManager: ERROR: could not load root hash from incremental install
10-30 21:34:53.830  1437  4202 D CompatibilityChangeReporter: Compat change id reported: 161252188; UID 10240; state: DISABLED
10-30 21:34:53.869  1437  1672 W BroadcastQueue: Background execution not allowed: receiving Intent { act=android.intent.action.PACKAGE_ADDED dat=package: flg=0x4000010 (has extras) } to com.android.vending/com.google.android.finsky.packagemonitor.impl.PackageMonitorReceiverImpl$RegisteredReceiver
10-30 21:34:53.870  1437  1672 W BroadcastQueue: Background execution not allowed: receiving Intent { act=android.intent.action.PACKAGE_ADDED dat=package: flg=0x4000010 (has extras) } to com.android.vending/com.google.android.finsky.packagemonitor.backgroundimpl.BackgroundPackageMonitorReceiverImpl$RegisteredReceiver
10-30 21:34:53.870  1437  1672 W BroadcastQueue: Background execution not allowed: receiving Intent { act=android.intent.action.PACKAGE_ADDED dat=package: flg=0x4000010 (has extras) } to com.google.android.gms/.games.chimera.GamesSystemBroadcastReceiverProxy
10-30 21:34:53.870  1437  1672 W BroadcastQueue: Background execution not allowed: receiving Intent { act=android.intent.action.PACKAGE_ADDED dat=package: flg=0x4000010 (has extras) } to com.google.android.gms/.gass.chimera.PackageChangeBroadcastReceiver
10-30 21:34:53.870  1437  1672 W BroadcastQueue: Background execution not allowed: receiving Intent { act=android.intent.action.PACKAGE_ADDED dat=package: flg=0x4000010 (has extras) } to com.google.android.gms/.chimera.GmsIntentOperationService$PersistentTrustedReceiver
10-30 21:34:53.870  1437  1672 W BroadcastQueue: Background execution not allowed: receiving Intent { act=android.intent.action.PACKAGE_ADDED dat=package: flg=0x4000010 (has extras) } to com.google.android.googlequicksearchbox/com.google.android.apps.gsa.googlequicksearchbox.GelStubAppWatcher
10-30 21:34:53.872  1437  1672 W BroadcastQueue: u0 Receiving a broadcast in packagecom.cncd.japan.janli.shudu requires a permissions review
10-30 21:34:53.872  1437  1672 W BroadcastQueue: Skipping delivery: permission review required for Intent { act=android.intent.action.PACKAGE_ADDED dat=package: flg=0x4000010 (has extras) } from null (pid=1437, uid=1000) to com.cncd.japan.janli.shudu/net.l.k.r
10-30 21:34:53.872  1437  1672 W BroadcastQueue: u0 Receiving a broadcast in packagecom.cncd.japan.janli.shudu requires a permissions review
10-30 21:34:53.872  1437  1672 W BroadcastQueue: Skipping delivery: permission review required for Intent { act=android.intent.action.PACKAGE_ADDED dat=package: flg=0x4000010 (has extras) } from null (pid=1437, uid=1000) to com.cncd.japan.janli.shudu/com.feiwofour.coverscreen.SR
10-30 21:34:53.872  1437  1672 W BroadcastQueue: u0 Receiving a broadcast in packagecom.games.mengmeizhitd requires a permissions review
10-30 21:34:53.872  1437  1672 W BroadcastQueue: Skipping delivery: permission review required for Intent { act=android.intent.action.PACKAGE_ADDED dat=package: flg=0x4000010 (has extras) } from null (pid=1437, uid=1000) to com.games.mengmeizhitd/hjnw.ihjnw.i.isqly
10-30 21:34:53.873  1437  1672 W BroadcastQueue: u0 Receiving a broadcast in packagecom.hgperfko.yaeghrwx requires a permissions review
