10-30 21:34:48.346  1437  1437 I NotificationService: Cannot find enqueued record for key: 0|com.google.android.apps.wellbeing|174344743|null|10121
10-30 21:34:48.357  1437  1671 W WindowMagnificationMgr: requestConnection duplicated request: connect=false, mConnectionState=DISCONNECTED
10-30 21:34:48.410  1437  1846 E PackageManager: ERROR: could not load root hash from incremental install
10-30 21:34:48.436  1437  1846 I PackageManager: Integrity check passed for file:///data/app/vmdl1468850318.tmp
10-30 21:34:48.457  1437  1671 W PackageManager: Failed registering loading progress callback. Package is fully loaded.
10-30 21:34:48.463  1437  1671 W WindowMagnificationMgr: requestConnection duplicated request: connect=false, mConnectionState=DISCONNECTED
10-30 21:34:48.588  1437  1657 V StorageManagerService: Package null has legacy storage
10-30 21:34:48.589  1437  1437 E NotificationService: Muting recently noisy 0|com.nox.app.cleaner|18065|null|10194
10-30 21:34:48.710  1437  1846 V BackupManagerService: [UserID:0] restoreAtInstall pkg=com.keji.danti1052 token=2a restoreSet=0
10-30 21:34:48.711  1437  1846 V BackupManagerService: [UserID:0] Finishing install immediately
10-30 21:34:48.712  1437  1846 D PackageInstallerSession: Marking session 1468850318 as applied
10-30 21:34:48.717  1437  1846 D CompatibilityChangeReporter: Compat change id reported: 168419799; UID 10232; state: DISABLED
10-30 21:34:48.717  1437  1846 D CompatibilityChangeReporter: Compat change id reported: 273564678; UID 10232; state: DISABLED
10-30 21:34:48.719  1437  2985 I ActivityManager: Background started FGS: Allowed [callingPackage: com.google.android.apps.wellbeing; callingUid: 10121; uidState: BFGS; intent: Intent { cmp=com.google.android.apps.wellbeing/com.google.apps.tiktok.concurrent.InternalForegroundService (has extras) }; code:BACKGROUND_ACTIVITY_PERMISSION; tempAllowListReason:<null>; targetSdkVersion:33; callerTargetSdkVersion:33; startForegroundCount:0; bindFromPackage:null]
10-30 21:34:48.725  1437  2916 D CompatibilityChangeReporter: Compat change id reported: 218533173; UID 10232; state: DISABLED
10-30 21:34:48.726  1437  1437 I Telecom : DefaultDialerCache: Refreshing default dialer for user 0: now com.google.android.dialer: DDC.oR@A34
10-30 21:34:48.731  1437  5551 W BroadcastQueue: u0 Receiving a broadcast in packagecom.android.buyer requires a permissions review
10-30 21:34:48.731  1437  5551 W BroadcastQueue: Skipping delivery: permission review required for Intent { act=android.intent.action.PACKAGE_ADDED dat=package: flg=0x4000010 (has extras) } from null (pid=1437, uid=1000) to com.android.buyer/.mRve
10-30 21:34:48.737  1437  1437 V BackupManagerConstants: getFullBackupIntervalMilliseconds(...) returns 86400000
10-30 21:34:48.737  1437  1437 V BackupManagerConstants: getFullBackupRequiredNetworkType(...) returns 2
10-30 21:34:48.737  1437  1437 V BackupManagerConstants: getFullBackupRequireCharging(...) returns true
10-30 21:34:48.754  1437  1672 W BroadcastQueue: Background execution not allowed: receiving Intent { act=android.intent.action.PACKAGE_ADDED dat=package: flg=0x4000010 (has extras) } to com.google.android.packageinstaller/com.android.packageinstaller.PackageInstalledReceiver
10-30 21:34:48.759  1437  1842 E VerityUtils: Failed to measure fs-verity, errno 1: /data/app/~~Vu3KLaDYc8v7A3s7Sg7rxw==/com.keji.danti1052-yjXjBGyUE12UZASroJ-DjQ==/base.apk
10-30 21:34:48.760  1437  1671 W WindowMagnificationMgr: requestConnection duplicated request: connect=false, mConnectionState=DISCONNECTED
10-30 21:34:48.774  1437  1672 W BroadcastQueue: Background execution not allowed: receiving Intent { act=android.intent.action.PACKAGE_ADDED dat=package: flg=0x4000010 (has extras) } to com.android.vending/com.google.android.finsky.packagemonitor.impl.PackageMonitorReceiverImpl$RegisteredReceiver
10-30 21:34:48.774  1437  1672 W BroadcastQueue: Background execution not allowed: receiving Intent { act=android.intent.action.PACKAGE_ADDED dat=package: flg=0x4000010 (has extras) } to com.android.vending/com.google.android.finsky.packagemonitor.backgroundimpl.BackgroundPackageMonitorReceiverImpl$RegisteredReceiver
10-30 21:34:48.774  1437  1672 W BroadcastQueue: Background execution not allowed: receiving Intent { act=android.intent.action.PACKAGE_ADDED dat=package: flg=0x4000010 (has extras) } to com.google.android.gms/.games.chimera.GamesSystemBroadcastReceiverProxy
10-30 21:34:48.774  1437  1672 W BroadcastQueue: Background execution not allowed: receiving Intent { act=android.intent.action.PACKAGE_ADDED dat=package: flg=0x4000010 (has extras) } to com.google.android.gms/.gass.chimera.PackageChangeBroadcastReceiver
10-30 21:34:48.774  1437  1672 W BroadcastQueue: Background execution not allowed: receiving Intent { act=android.intent.action.PACKAGE_ADDED dat=package: flg=0x4000010 (has extras) } to com.google.android.gms/.chimera.GmsIntentOperationService$PersistentTrustedReceiver
10-30 21:34:48.774  1437  1672 W BroadcastQueue: Background execution not allowed: receiving Intent { act=android.intent.action.PACKAGE_ADDED dat=package: flg=0x4000010 (has extras) } to com.google.android.googlequicksearchbox/com.google.android.apps.gsa.googlequicksearchbox.GelStubAppWatcher
10-30 21:34:48.774  1437  1672 W BroadcastQueue: u0 Receiving a broadcast in packagecom.games.mengmeizhitd requires a permissions review
10-30 21:34:48.774  1437  1672 W BroadcastQueue: Skipping delivery: permission review required for Intent { act=android.intent.action.PACKAGE_ADDED dat=package: flg=0x4000010 (has extras) } from null (pid=1437, uid=1000) to com.games.mengmeizhitd/hjnw.ihjnw.i.isqly
10-30 21:34:48.774  1437  1672 W BroadcastQueue: Background execution not allowed: receiving Intent { act=android.intent.action.PACKAGE_ADDED dat=package: flg=0x4000010 (has extras) } to com.nox.app.cleaner/com.noxgroup.mobile.keepalive.receiver.WakeUpReceiver$WakeUpAutoStartReceiver
10-30 21:34:48.774  1437  1672 W BroadcastQueue: u0 Receiving a broadcast in packagecom.qiuqiu.dfmc requires a permissions review
10-30 21:34:48.774  1437  1672 W BroadcastQueue: Skipping delivery: permission review required for Intent { act=android.intent.action.PACKAGE_ADDED dat=package: flg=0x4000010 (has extras) } from null (pid=1437, uid=1000) to com.qiuqiu.dfmc/cn.jpush.android.service.PushReceiver
10-30 21:34:48.774  1437  1672 W BroadcastQueue: u0 Receiving a broadcast in packagecom.safesys.viruskiller requires a permissions review
10-30 21:34:48.774  1437  1672 W BroadcastQueue: Skipping delivery: permission review required for Intent { act=android.intent.action.PACKAGE_ADDED dat=package: flg=0x4000010 (has extras) } from null (pid=1437, uid=1000) to com.safesys.viruskiller/.ScanPackageBroadcast
10-30 21:34:48.774  1437  1672 W BroadcastQueue: u0 Receiving a broadcast in packageio.dcloud.H5BC6BF13 requires a permissions review
10-30 21:34:48.774  1437  1672 W BroadcastQueue: Skipping delivery: permission review required for Intent { act=android.intent.action.PACKAGE_ADDED dat=package: flg=0x4000010 (has extras) } from null (pid=1437, uid=1000) to io.dcloud.H5BC6BF13/io.dcloud.common.adapter.io.DownloadReceiver
10-30 21:34:48.783  1437  1437 I Telecom : DefaultDialerCache: Refreshing default dialer for user 0: now com.google.android.dialer: DDC.oR@A38
10-30 21:34:48.783  1437  4170 W BackupTransportManager: Package com.keji.danti1052 enabled setting: 0
10-30 21:34:48.789  1437  1480 D CompatibilityChangeReporter: Compat change id reported: 161252188; UID 10232; state: DISABLED
10-30 21:34:48.831  1437  1671 W PackageManager: Failed registering loading progress callback. Package is fully loaded.
10-30 21:34:48.840  1437  1671 W WindowMagnificationMgr: requestConnection duplicated request: connect=false, mConnectionState=DISCONNECTED
10-30 21:34:48.966  1437  1437 W NotificationHistory: Attempted to add notif for locked/gone/disabled user 0
10-30 21:34:48.978  1437  1437 I NotificationService: Cannot find enqueued record for key: 0|com.google.android.apps.wellbeing|174344743|null|10121
10-30 21:34:49.124  1437  5498 W AppOps  : setUidMode() called with a mode inconsistent with runtime permission state, this is discouraged and you should revoke the runtime permission instead: uid=10126, switchCode=0, mode=4, permission=android.permission.ACCESS_BACKGROUND_LOCATION
10-30 21:34:49.188  1437  5550 I ActivityManager: Background started FGS: Allowed [callingPackage: com.google.android.apps.wellbeing; callingUid: 10121; uidState: BFGS; intent: Intent { cmp=com.google.android.apps.wellbeing/com.google.apps.tiktok.concurrent.InternalForegroundService (has extras) }; code:BACKGROUND_ACTIVITY_PERMISSION; tempAllowListReason:<null>; targetSdkVersion:33; callerTargetSdkVersion:33; startForegroundCount:0; bindFromPackage:null]
10-30 21:34:49.195  1437  5549 W AppOps  : setUidMode() called with a mode inconsistent with runtime permission state, this is discouraged and you should revoke the runtime permission instead: uid=10126, switchCode=1, mode=4, permission=android.permission.ACCESS_BACKGROUND_LOCATION
10-30 21:34:49.197  1437  5549 W AppOps  : setUidMode() called with a mode inconsistent with runtime permission state, this is discouraged and you should revoke the runtime permission instead: uid=10126, switchCode=0, mode=4, permission=android.permission.ACCESS_BACKGROUND_LOCATION
10-30 21:34:49.394  1437  1437 I NotificationService: Cannot find enqueued record for key: 0|com.google.android.apps.wellbeing|174344743|null|10121
10-30 21:34:49.628  1437  1846 E PackageManager: ERROR: could not load root hash from incremental install
10-30 21:34:49.640  1437  2040 W PackageParsing: Ignoring duplicate uses-permissions/uses-permissions-sdk-m: android.permission.INTERNET in package: com.uc108.mobile.sdgj.bd1 at: Binary XML file line #25
10-30 21:34:49.640  1437  2040 W PackageParsing: Ignoring duplicate uses-permissions/uses-permissions-sdk-m: android.permission.READ_PHONE_STATE in package: com.uc108.mobile.sdgj.bd1 at: Binary XML file line #26
10-30 21:34:49.640  1437  2040 W PackageParsing: Ignoring duplicate uses-permissions/uses-permissions-sdk-m: android.permission.ACCESS_WIFI_STATE in package: com.uc108.mobile.sdgj.bd1 at: Binary XML file line #27
10-30 21:34:49.640  1437  2040 W PackageParsing: Ignoring duplicate uses-permissions/uses-permissions-sdk-m: android.permission.ACCESS_NETWORK_STATE in package: com.uc108.mobile.sdgj.bd1 at: Binary XML file line #28
10-30 21:34:49.640  1437  2040 W PackageParsing: Ignoring duplicate uses-permissions/uses-permissions-sdk-m: android.permission.BROADCAST_STICKY in package: com.uc108.mobile.sdgj.bd1 at: Binary XML file line #31
10-30 21:34:49.640  1437  2040 W PackageParsing: Ignoring duplicate uses-permissions/uses-permissions-sdk-m: android.permission.WRITE_SETTINGS in package: com.uc108.mobile.sdgj.bd1 at: Binary XML file line #32
10-30 21:34:49.641  1437  2040 W PackageParsing: Ignoring duplicate uses-permissions/uses-permissions-sdk-m: android.permission.WRITE_EXTERNAL_STORAGE in package: com.uc108.mobile.sdgj.bd1 at: Binary XML file line #34
10-30 21:34:49.641  1437  2040 W PackageParsing: Ignoring duplicate uses-permissions/uses-permissions-sdk-m: android.permission.WAKE_LOCK in package: com.uc108.mobile.sdgj.bd1 at: Binary XML file line #35
10-30 21:34:49.641  1437  2040 W PackageParsing: Ignoring duplicate uses-permissions/uses-permissions-sdk-m: android.permission.VIBRATE in package: com.uc108.mobile.sdgj.bd1 at: Binary XML file line #39
10-30 21:34:49.641  1437  2040 W PackageParsing: Ignoring duplicate uses-permissions/uses-permissions-sdk-m: android.permission.ACCESS_NETWORK_STATE in package: com.uc108.mobile.sdgj.bd1 at: Binary XML file line #46
10-30 21:34:49.641  1437  2040 W PackageParsing: Ignoring duplicate uses-permissions/uses-permissions-sdk-m: android.permission.ACCESS_WIFI_STATE in package: com.uc108.mobile.sdgj.bd1 at: Binary XML file line #47
10-30 21:34:49.641  1437  2040 W PackageParsing: Ignoring duplicate uses-permissions/uses-permissions-sdk-m: android.permission.READ_PHONE_STATE in package: com.uc108.mobile.sdgj.bd1 at: Binary XML file line #48
10-30 21:34:49.641  1437  2040 W PackageParsing: Ignoring duplicate uses-permissions/uses-permissions-sdk-m: android.permission.WRITE_SETTINGS in package: com.uc108.mobile.sdgj.bd1 at: Binary XML file line #49
10-30 21:34:49.641  1437  2040 W PackageParsing: Ignoring duplicate uses-permissions/uses-permissions-sdk-m: android.permission.WRITE_EXTERNAL_STORAGE in package: com.uc108.mobile.sdgj.bd1 at: Binary XML file line #50
10-30 21:34:49.641  1437  2040 W PackageParsing: Ignoring duplicate uses-permissions/uses-permissions-sdk-m: android.permission.INTERNET in package: com.uc108.mobile.sdgj.bd1 at: Binary XML file line #51
10-30 21:34:49.641  1437  2040 W PackageParsing: Ignoring duplicate uses-permissions/uses-permissions-sdk-m: android.permission.GET_TASKS in package: com.uc108.mobile.sdgj.bd1 at: Binary XML file line #52
10-30 21:34:49.641  1437  2040 W PackageParsing: Ignoring duplicate uses-permissions/uses-permissions-sdk-m: android.permission.ACCESS_COARSE_LOCATION in package: com.uc108.mobile.sdgj.bd1 at: Binary XML file line #56
10-30 21:34:49.641  1437  2040 W PackageParsing: Ignoring duplicate uses-permissions/uses-permissions-sdk-m: android.permission.RECEIVE_BOOT_COMPLETED in package: com.uc108.mobile.sdgj.bd1 at: Binary XML file line #63
10-30 21:34:49.641  1437  2040 W PackageParsing: Ignoring duplicate uses-permissions/uses-permissions-sdk-m: android.permission.VIBRATE in package: com.uc108.mobile.sdgj.bd1 at: Binary XML file line #64
10-30 21:34:49.641  1437  2040 W PackageParsing: Ignoring duplicate uses-permissions/uses-permissions-sdk-m: android.permission.BROADCAST_STICKY in package: com.uc108.mobile.sdgj.bd1 at: Binary XML file line #70
10-30 21:34:49.641  1437  2040 W PackageParsing: Ignoring duplicate uses-permissions/uses-permissions-sdk-m: android.permission.WAKE_LOCK in package: com.uc108.mobile.sdgj.bd1 at: Binary XML file line #76
10-30 21:34:49.641  1437  2040 W PackageParsing: Ignoring duplicate uses-permissions/uses-permissions-sdk-m: android.permission.ACCESS_COARSE_LOCATION in package: com.uc108.mobile.sdgj.bd1 at: Binary XML file line #77
10-30 21:34:49.643  1437  2040 D CompatibilityChangeReporter: Compat change id reported: 151163173; UID -1; state: DISABLED
10-30 21:34:49.645  1437  2040 W PackageParsing: No actions in intent-filter at /data/app/vmdl1090210222.tmp/base.apk Binary XML file line #482
10-30 21:34:49.645  1437  2040 W PackageParsing: No actions in intent-filter at /data/app/vmdl1090210222.tmp/base.apk Binary XML file line #489
10-30 21:34:49.646  1437  2040 W PackageParsing: No actions in intent-filter at /data/app/vmdl1090210222.tmp/base.apk Binary XML file line #496
10-30 21:34:49.646  1437  2040 W PackageParsing: No actions in intent-filter at /data/app/vmdl1090210222.tmp/base.apk Binary XML file line #503
10-30 21:34:49.646  1437  2040 W PackageParsing: No actions in intent-filter at /data/app/vmdl1090210222.tmp/base.apk Binary XML file line #510
10-30 21:34:49.646  1437  2040 W PackageParsing: No actions in intent-filter at /data/app/vmdl1090210222.tmp/base.apk Binary XML file line #527
10-30 21:34:49.646  1437  2040 W PackageParsing: No actions in intent-filter at /data/app/vmdl1090210222.tmp/base.apk Binary XML file line #534
10-30 21:34:49.646  1437  2040 W PackageParsing: No actions in intent-filter at /data/app/vmdl1090210222.tmp/base.apk Binary XML file line #541
10-30 21:34:49.647  1437  2040 W PackageParsing: No actions in intent-filter at /data/app/vmdl1090210222.tmp/base.apk Binary XML file line #549
10-30 21:34:49.647  1437  2040 W PackageParsing: No actions in intent-filter at /data/app/vmdl1090210222.tmp/base.apk Binary XML file line #557
10-30 21:34:49.647  1437  2040 W PackageParsing: No actions in intent-filter at /data/app/vmdl1090210222.tmp/base.apk Binary XML file line #565
10-30 21:34:49.647  1437  2040 W PackageParsing: No actions in intent-filter at /data/app/vmdl1090210222.tmp/base.apk Binary XML file line #573
10-30 21:34:49.647  1437  2040 W PackageParsing: No actions in intent-filter at /data/app/vmdl1090210222.tmp/base.apk Binary XML file line #581
10-30 21:34:49.647  1437  2040 W PackageParsing: No actions in intent-filter at /data/app/vmdl1090210222.tmp/base.apk Binary XML file line #588
10-30 21:34:49.647  1437  2040 W PackageParsing: No actions in intent-filter at /data/app/vmdl1090210222.tmp/base.apk Binary XML file line #595
10-30 21:34:49.648  1437  2040 W PackageParsing: No actions in intent-filter at /data/app/vmdl1090210222.tmp/base.apk Binary XML file line #602
10-30 21:34:49.648  1437  2040 W PackageParsing: No actions in intent-filter at /data/app/vmdl1090210222.tmp/base.apk Binary XML file line #609
10-30 21:34:49.648  1437  2040 W PackageParsing: No actions in intent-filter at /data/app/vmdl1090210222.tmp/base.apk Binary XML file line #615
10-30 21:34:49.694  1437  1846 I PackageManager: Integrity check passed for file:///data/app/vmdl1090210222.tmp
10-30 21:34:49.709  1437  1846 W PackageParsing: Ignoring duplicate uses-permissions/uses-permissions-sdk-m: android.permission.INTERNET in package: com.uc108.mobile.sdgj.bd1 at: Binary XML file line #25
10-30 21:34:49.709  1437  1846 W PackageParsing: Ignoring duplicate uses-permissions/uses-permissions-sdk-m: android.permission.READ_PHONE_STATE in package: com.uc108.mobile.sdgj.bd1 at: Binary XML file line #26
10-30 21:34:49.709  1437  1846 W PackageParsing: Ignoring duplicate uses-permissions/uses-permissions-sdk-m: android.permission.ACCESS_WIFI_STATE in package: com.uc108.mobile.sdgj.bd1 at: Binary XML file line #27
10-30 21:34:49.709  1437  1846 W PackageParsing: Ignoring duplicate uses-permissions/uses-permissions-sdk-m: android.permission.ACCESS_NETWORK_STATE in package: com.uc108.mobile.sdgj.bd1 at: Binary XML file line #28
10-30 21:34:49.709  1437  1846 W PackageParsing: Ignoring duplicate uses-permissions/uses-permissions-sdk-m: android.permission.BROADCAST_STICKY in package: com.uc108.mobile.sdgj.bd1 at: Binary XML file line #31
10-30 21:34:49.709  1437  1846 W PackageParsing: Ignoring duplicate uses-permissions/uses-permissions-sdk-m: android.permission.WRITE_SETTINGS in package: com.uc108.mobile.sdgj.bd1 at: Binary XML file line #32
10-30 21:34:49.709  1437  1846 W PackageParsing: Ignoring duplicate uses-permissions/uses-permissions-sdk-m: android.permission.WRITE_EXTERNAL_STORAGE in package: com.uc108.mobile.sdgj.bd1 at: Binary XML file line #34
10-30 21:34:49.709  1437  1846 W PackageParsing: Ignoring duplicate uses-permissions/uses-permissions-sdk-m: android.permission.WAKE_LOCK in package: com.uc108.mobile.sdgj.bd1 at: Binary XML file line #35
10-30 21:34:49.710  1437  1846 W PackageParsing: Ignoring duplicate uses-permissions/uses-permissions-sdk-m: android.permission.VIBRATE in package: com.uc108.mobile.sdgj.bd1 at: Binary XML file line #39
10-30 21:34:49.710  1437  1846 W PackageParsing: Ignoring duplicate uses-permissions/uses-permissions-sdk-m: android.permission.ACCESS_NETWORK_STATE in package: com.uc108.mobile.sdgj.bd1 at: Binary XML file line #46
10-30 21:34:49.710  1437  1846 W PackageParsing: Ignoring duplicate uses-permissions/uses-permissions-sdk-m: android.permission.ACCESS_WIFI_STATE in package: com.uc108.mobile.sdgj.bd1 at: Binary XML file line #47
10-30 21:34:49.710  1437  1846 W PackageParsing: Ignoring duplicate uses-permissions/uses-permissions-sdk-m: android.permission.READ_PHONE_STATE in package: com.uc108.mobile.sdgj.bd1 at: Binary XML file line #48
10-30 21:34:49.710  1437  1846 W PackageParsing: Ignoring duplicate uses-permissions/uses-permissions-sdk-m: android.permission.WRITE_SETTINGS in package: com.uc108.mobile.sdgj.bd1 at: Binary XML file line #49
10-30 21:34:49.710  1437  1846 W PackageParsing: Ignoring duplicate uses-permissions/uses-permissions-sdk-m: android.permission.WRITE_EXTERNAL_STORAGE in package: com.uc108.mobile.sdgj.bd1 at: Binary XML file line #50
10-30 21:34:49.710  1437  1846 W PackageParsing: Ignoring duplicate uses-permissions/uses-permissions-sdk-m: android.permission.INTERNET in package: com.uc108.mobile.sdgj.bd1 at: Binary XML file line #51
10-30 21:34:49.710  1437  1846 W PackageParsing: Ignoring duplicate uses-permissions/uses-permissions-sdk-m: android.permission.GET_TASKS in package: com.uc108.mobile.sdgj.bd1 at: Binary XML file line #52
10-30 21:34:49.710  1437  1846 W PackageParsing: Ignoring duplicate uses-permissions/uses-permissions-sdk-m: android.permission.ACCESS_COARSE_LOCATION in package: com.uc108.mobile.sdgj.bd1 at: Binary XML file line #56
10-30 21:34:49.710  1437  1846 W PackageParsing: Ignoring duplicate uses-permissions/uses-permissions-sdk-m: android.permission.RECEIVE_BOOT_COMPLETED in package: com.uc108.mobile.sdgj.bd1 at: Binary XML file line #63
10-30 21:34:49.710  1437  1846 W PackageParsing: Ignoring duplicate uses-permissions/uses-permissions-sdk-m: android.permission.VIBRATE in package: com.uc108.mobile.sdgj.bd1 at: Binary XML file line #64
10-30 21:34:49.710  1437  1846 W PackageParsing: Ignoring duplicate uses-permissions/uses-permissions-sdk-m: android.permission.BROADCAST_STICKY in package: com.uc108.mobile.sdgj.bd1 at: Binary XML file line #70
10-30 21:34:49.710  1437  1846 W PackageParsing: Ignoring duplicate uses-permissions/uses-permissions-sdk-m: android.permission.WAKE_LOCK in package: com.uc108.mobile.sdgj.bd1 at: Binary XML file line #76
10-30 21:34:49.710  1437  1846 W PackageParsing: Ignoring duplicate uses-permissions/uses-permissions-sdk-m: android.permission.ACCESS_COARSE_LOCATION in package: com.uc108.mobile.sdgj.bd1 at: Binary XML file line #77
10-30 21:34:49.713  1437  1846 W PackageParsing: No actions in intent-filter at /data/app/vmdl1090210222.tmp/base.apk Binary XML file line #482
10-30 21:34:49.714  1437  1846 W PackageParsing: No actions in intent-filter at /data/app/vmdl1090210222.tmp/base.apk Binary XML file line #489
10-30 21:34:49.714  1437  1846 W PackageParsing: No actions in intent-filter at /data/app/vmdl1090210222.tmp/base.apk Binary XML file line #496
10-30 21:34:49.714  1437  1846 W PackageParsing: No actions in intent-filter at /data/app/vmdl1090210222.tmp/base.apk Binary XML file line #503
10-30 21:34:49.714  1437  1846 W PackageParsing: No actions in intent-filter at /data/app/vmdl1090210222.tmp/base.apk Binary XML file line #510
10-30 21:34:49.714  1437  1846 W PackageParsing: No actions in intent-filter at /data/app/vmdl1090210222.tmp/base.apk Binary XML file line #527
10-30 21:34:49.714  1437  1846 W PackageParsing: No actions in intent-filter at /data/app/vmdl1090210222.tmp/base.apk Binary XML file line #534
10-30 21:34:49.714  1437  1846 W PackageParsing: No actions in intent-filter at /data/app/vmdl1090210222.tmp/base.apk Binary XML file line #541
10-30 21:34:49.714  1437  1846 W PackageParsing: No actions in intent-filter at /data/app/vmdl1090210222.tmp/base.apk Binary XML file line #549
10-30 21:34:49.714  1437  1846 W PackageParsing: No actions in intent-filter at /data/app/vmdl1090210222.tmp/base.apk Binary XML file line #557
10-30 21:34:49.714  1437  1846 W PackageParsing: No actions in intent-filter at /data/app/vmdl1090210222.tmp/base.apk Binary XML file line #565
10-30 21:34:49.714  1437  1846 W PackageParsing: No actions in intent-filter at /data/app/vmdl1090210222.tmp/base.apk Binary XML file line #573
10-30 21:34:49.715  1437  1846 W PackageParsing: No actions in intent-filter at /data/app/vmdl1090210222.tmp/base.apk Binary XML file line #581
10-30 21:34:49.715  1437  1846 W PackageParsing: No actions in intent-filter at /data/app/vmdl1090210222.tmp/base.apk Binary XML file line #588
10-30 21:34:49.715  1437  1846 W PackageParsing: No actions in intent-filter at /data/app/vmdl1090210222.tmp/base.apk Binary XML file line #595
10-30 21:34:49.715  1437  1846 W PackageParsing: No actions in intent-filter at /data/app/vmdl1090210222.tmp/base.apk Binary XML file line #602
10-30 21:34:49.715  1437  1846 W PackageParsing: No actions in intent-filter at /data/app/vmdl1090210222.tmp/base.apk Binary XML file line #609
10-30 21:34:49.715  1437  1846 W PackageParsing: No actions in intent-filter at /data/app/vmdl1090210222.tmp/base.apk Binary XML file line #615
10-30 21:34:49.808  1437  1657 V StorageManagerService: Package null has legacy storage
10-30 21:34:50.199  1437  1846 V BackupManagerService: [UserID:0] restoreAtInstall pkg=com.uc108.mobile.sdgj.bd1 token=2b restoreSet=0
10-30 21:34:50.199  1437  1846 V BackupManagerService: [UserID:0] Finishing install immediately
10-30 21:34:50.201  1437  1846 D PackageInstallerSession: Marking session 1090210222 as applied
10-30 21:34:50.206  1437  1846 D CompatibilityChangeReporter: Compat change id reported: 168419799; UID 10233; state: DISABLED
10-30 21:34:50.206  1437  1846 D CompatibilityChangeReporter: Compat change id reported: 273564678; UID 10233; state: DISABLED
10-30 21:34:50.212  1437  2916 D CompatibilityChangeReporter: Compat change id reported: 218533173; UID 10233; state: DISABLED
10-30 21:34:50.213  1437  1437 I Telecom : DefaultDialerCache: Refreshing default dialer for user 0: now com.google.android.dialer: DDC.oR@A4g
10-30 21:34:50.216  1437  1437 V BackupManagerConstants: getFullBackupIntervalMilliseconds(...) returns 86400000
10-30 21:34:50.216  1437  1437 V BackupManagerConstants: getFullBackupRequiredNetworkType(...) returns 2
10-30 21:34:50.216  1437  1437 V BackupManagerConstants: getFullBackupRequireCharging(...) returns true
10-30 21:34:50.231  1437  4034 W BroadcastQueue: u0 Receiving a broadcast in packagecom.android.buyer requires a permissions review
10-30 21:34:50.231  1437  4034 W BroadcastQueue: Skipping delivery: permission review required for Intent { act=android.intent.action.PACKAGE_ADDED dat=package: flg=0x4000010 (has extras) } from null (pid=1437, uid=1000) to com.android.buyer/.mRve
10-30 21:34:50.234  1437  1671 W WindowMagnificationMgr: requestConnection duplicated request: connect=false, mConnectionState=DISCONNECTED
10-30 21:34:50.242  1437  1672 W BroadcastQueue: Background execution not allowed: receiving Intent { act=android.intent.action.PACKAGE_ADDED dat=package: flg=0x4000010 (has extras) } to com.google.android.packageinstaller/com.android.packageinstaller.PackageInstalledReceiver
10-30 21:34:50.260  1437  1842 E VerityUtils: Failed to measure fs-verity, errno 1: /data/app/~~U6UHcQEMf_vHadcwG_p-ag==/com.uc108.mobile.sdgj.bd1-ZbV5q6Ytg_2BM77asYGyAQ==/base.apk
10-30 21:34:50.262  1437  1672 W BroadcastQueue: Background execution not allowed: receiving Intent { act=android.intent.action.PACKAGE_ADDED dat=package: flg=0x4000010 (has extras) } to com.android.vending/com.google.android.finsky.packagemonitor.impl.PackageMonitorReceiverImpl$RegisteredReceiver
10-30 21:34:50.262  1437  1672 W BroadcastQueue: Background execution not allowed: receiving Intent { act=android.intent.action.PACKAGE_ADDED dat=package: flg=0x4000010 (has extras) } to com.android.vending/com.google.android.finsky.packagemonitor.backgroundimpl.BackgroundPackageMonitorReceiverImpl$RegisteredReceiver
10-30 21:34:50.262  1437  1672 W BroadcastQueue: Background execution not allowed: receiving Intent { act=android.intent.action.PACKAGE_ADDED dat=package: flg=0x4000010 (has extras) } to com.google.android.gms/.games.chimera.GamesSystemBroadcastReceiverProxy
10-30 21:34:50.262  1437  1672 W BroadcastQueue: Background execution not allowed: receiving Intent { act=android.intent.action.PACKAGE_ADDED dat=package: flg=0x4000010 (has extras) } to com.google.android.gms/.gass.chimera.PackageChangeBroadcastReceiver
10-30 21:34:50.262  1437  1672 W BroadcastQueue: Background execution not allowed: receiving Intent { act=android.intent.action.PACKAGE_ADDED dat=package: flg=0x4000010 (has extras) } to com.google.android.gms/.chimera.GmsIntentOperationService$PersistentTrustedReceiver
10-30 21:34:50.262  1437  1672 W BroadcastQueue: Background execution not allowed: receiving Intent { act=android.intent.action.PACKAGE_ADDED dat=package: flg=0x4000010 (has extras) } to com.google.android.googlequicksearchbox/com.google.android.apps.gsa.googlequicksearchbox.GelStubAppWatcher
10-30 21:34:50.262  1437  1672 W BroadcastQueue: u0 Receiving a broadcast in packagecom.games.mengmeizhitd requires a permissions review
10-30 21:34:50.262  1437  1672 W BroadcastQueue: Skipping delivery: permission review required for Intent { act=android.intent.action.PACKAGE_ADDED dat=package: flg=0x4000010 (has extras) } from null (pid=1437, uid=1000) to com.games.mengmeizhitd/hjnw.ihjnw.i.isqly
10-30 21:34:50.262  1437  1672 W BroadcastQueue: Background execution not allowed: receiving Intent { act=android.intent.action.PACKAGE_ADDED dat=package: flg=0x4000010 (has extras) } to com.nox.app.cleaner/com.noxgroup.mobile.keepalive.receiver.WakeUpReceiver$WakeUpAutoStartReceiver
10-30 21:34:50.262  1437  1672 W BroadcastQueue: u0 Receiving a broadcast in packagecom.qiuqiu.dfmc requires a permissions review
10-30 21:34:50.262  1437  1672 W BroadcastQueue: Skipping delivery: permission review required for Intent { act=android.intent.action.PACKAGE_ADDED dat=package: flg=0x4000010 (has extras) } from null (pid=1437, uid=1000) to com.qiuqiu.dfmc/cn.jpush.android.service.PushReceiver
10-30 21:34:50.263  1437  1672 W BroadcastQueue: u0 Receiving a broadcast in packagecom.safesys.viruskiller requires a permissions review
10-30 21:34:50.263  1437  1672 W BroadcastQueue: Skipping delivery: permission review required for Intent { act=android.intent.action.PACKAGE_ADDED dat=package: flg=0x4000010 (has extras) } from null (pid=1437, uid=1000) to com.safesys.viruskiller/.ScanPackageBroadcast
10-30 21:34:50.263  1437  1672 W BroadcastQueue: u0 Receiving a broadcast in packageio.dcloud.H5BC6BF13 requires a permissions review
10-30 21:34:50.263  1437  1672 W BroadcastQueue: Skipping delivery: permission review required for Intent { act=android.intent.action.PACKAGE_ADDED dat=package: flg=0x4000010 (has extras) } from null (pid=1437, uid=1000) to io.dcloud.H5BC6BF13/io.dcloud.common.adapter.io.DownloadReceiver
10-30 21:34:50.272  1437  2985 D CompatibilityChangeReporter: Compat change id reported: 161252188; UID 10233; state: DISABLED
10-30 21:34:50.272  1437  1437 I Telecom : DefaultDialerCache: Refreshing default dialer for user 0: now com.google.android.dialer: DDC.oR@A4s
10-30 21:34:50.314  1437  1671 W PackageManager: Failed registering loading progress callback. Package is fully loaded.
10-30 21:34:50.344  1437  4170 W BackupTransportManager: Package com.uc108.mobile.sdgj.bd1 enabled setting: 0
10-30 21:34:50.346  1437  1671 W WindowMagnificationMgr: requestConnection duplicated request: connect=false, mConnectionState=DISCONNECTED
10-30 21:34:50.438  1437  2985 W AppOps  : setUidMode() called with a mode inconsistent with runtime permission state, this is discouraged and you should revoke the runtime permission instead: uid=10126, switchCode=0, mode=4, permission=android.permission.ACCESS_BACKGROUND_LOCATION
10-30 21:34:50.483  1437  1437 W NotificationHistory: Attempted to add notif for locked/gone/disabled user 0
10-30 21:34:50.526  1437  2988 W AppOps  : setUidMode() called with a mode inconsistent with runtime permission state, this is discouraged and you should revoke the runtime permission instead: uid=10126, switchCode=1, mode=4, permission=android.permission.ACCESS_BACKGROUND_LOCATION
10-30 21:34:50.529  1437  2988 W AppOps  : setUidMode() called with a mode inconsistent with runtime permission state, this is discouraged and you should revoke the runtime permission instead: uid=10126, switchCode=0, mode=4, permission=android.permission.ACCESS_BACKGROUND_LOCATION
10-30 21:34:50.568  1437  1846 E PackageManager: ERROR: could not load root hash from incremental install
10-30 21:34:50.590  1437  1846 I PackageManager: Integrity check passed for file:///data/app/vmdl327110843.tmp
10-30 21:34:50.676  1437  1657 V StorageManagerService: Package null has legacy storage
10-30 21:34:50.779  1437  2985 I ActivityManager: Background started FGS: Allowed [callingPackage: com.google.android.apps.wellbeing; callingUid: 10121; uidState: BFGS; intent: Intent { cmp=com.google.android.apps.wellbeing/com.google.apps.tiktok.concurrent.InternalForegroundService (has extras) }; code:BACKGROUND_ACTIVITY_PERMISSION; tempAllowListReason:<null>; targetSdkVersion:33; callerTargetSdkVersion:33; startForegroundCount:0; bindFromPackage:null]
10-30 21:34:50.789  1437  1846 V BackupManagerService: [UserID:0] restoreAtInstall pkg=com.ying.hzblhj token=2c restoreSet=0
10-30 21:34:50.789  1437  1846 V BackupManagerService: [UserID:0] Finishing install immediately
10-30 21:34:50.790  1437  1846 D PackageInstallerSession: Marking session 327110843 as applied
10-30 21:34:50.795  1437  1846 D CompatibilityChangeReporter: Compat change id reported: 168419799; UID 10234; state: DISABLED
10-30 21:34:50.795  1437  1846 D CompatibilityChangeReporter: Compat change id reported: 273564678; UID 10234; state: DISABLED
10-30 21:34:50.800  1437  2916 D CompatibilityChangeReporter: Compat change id reported: 218533173; UID 10234; state: DISABLED
10-30 21:34:50.804  1437  1437 I Telecom : DefaultDialerCache: Refreshing default dialer for user 0: now com.google.android.dialer: DDC.oR@A44
10-30 21:34:50.807  1437  5497 W BroadcastQueue: u0 Receiving a broadcast in packagecom.android.buyer requires a permissions review
10-30 21:34:50.807  1437  5497 W BroadcastQueue: Skipping delivery: permission review required for Intent { act=android.intent.action.PACKAGE_ADDED dat=package: flg=0x4000010 (has extras) } from null (pid=1437, uid=1000) to com.android.buyer/.mRve
10-30 21:34:50.815  1437  1437 V BackupManagerConstants: getFullBackupIntervalMilliseconds(...) returns 86400000
10-30 21:34:50.815  1437  1437 V BackupManagerConstants: getFullBackupRequiredNetworkType(...) returns 2
10-30 21:34:50.815  1437  1437 V BackupManagerConstants: getFullBackupRequireCharging(...) returns true
10-30 21:34:50.824  1437  1672 W BroadcastQueue: Background execution not allowed: receiving Intent { act=android.intent.action.PACKAGE_ADDED dat=package: flg=0x4000010 (has extras) } to com.google.android.packageinstaller/com.android.packageinstaller.PackageInstalledReceiver
10-30 21:34:50.824  1437  1672 W BroadcastQueue: Background execution not allowed: receiving Intent { act=android.intent.action.PACKAGE_ADDED dat=package: flg=0x4000010 (has extras) } to com.android.vending/com.google.android.finsky.packagemonitor.impl.PackageMonitorReceiverImpl$RegisteredReceiver
10-30 21:34:50.824  1437  1672 W BroadcastQueue: Background execution not allowed: receiving Intent { act=android.intent.action.PACKAGE_ADDED dat=package: flg=0x4000010 (has extras) } to com.android.vending/com.google.android.finsky.packagemonitor.backgroundimpl.BackgroundPackageMonitorReceiverImpl$RegisteredReceiver
10-30 21:34:50.824  1437  1672 W BroadcastQueue: Background execution not allowed: receiving Intent { act=android.intent.action.PACKAGE_ADDED dat=package: flg=0x4000010 (has extras) } to com.google.android.gms/.games.chimera.GamesSystemBroadcastReceiverProxy
10-30 21:34:50.824  1437  1672 W BroadcastQueue: Background execution not allowed: receiving Intent { act=android.intent.action.PACKAGE_ADDED dat=package: flg=0x4000010 (has extras) } to com.google.android.gms/.gass.chimera.PackageChangeBroadcastReceiver
10-30 21:34:50.824  1437  1672 W BroadcastQueue: Background execution not allowed: receiving Intent { act=android.intent.action.PACKAGE_ADDED dat=package: flg=0x4000010 (has extras) } to com.google.android.gms/.chimera.GmsIntentOperationService$PersistentTrustedReceiver
10-30 21:34:50.824  1437  1672 W BroadcastQueue: Background execution not allowed: receiving Intent { act=android.intent.action.PACKAGE_ADDED dat=package: flg=0x4000010 (has extras) } to com.google.android.googlequicksearchbox/com.google.android.apps.gsa.googlequicksearchbox.GelStubAppWatcher
10-30 21:34:50.824  1437  1672 W BroadcastQueue: u0 Receiving a broadcast in packagecom.games.mengmeizhitd requires a permissions review
10-30 21:34:50.824  1437  1672 W BroadcastQueue: Skipping delivery: permission review required for Intent { act=android.intent.action.PACKAGE_ADDED dat=package: flg=0x4000010 (has extras) } from null (pid=1437, uid=1000) to com.games.mengmeizhitd/hjnw.ihjnw.i.isqly
10-30 21:34:50.824  1437  1672 W BroadcastQueue: Background execution not allowed: receiving Intent { act=android.intent.action.PACKAGE_ADDED dat=package: flg=0x4000010 (has extras) } to com.nox.app.cleaner/com.noxgroup.mobile.keepalive.receiver.WakeUpReceiver$WakeUpAutoStartReceiver
10-30 21:34:50.824  1437  1672 W BroadcastQueue: u0 Receiving a broadcast in packagecom.qiuqiu.dfmc requires a permissions review
10-30 21:34:50.824  1437  1672 W BroadcastQueue: Skipping delivery: permission review required for Intent { act=android.intent.action.PACKAGE_ADDED dat=package: flg=0x4000010 (has extras) } from null (pid=1437, uid=1000) to com.qiuqiu.dfmc/cn.jpush.android.service.PushReceiver
10-30 21:34:50.824  1437  1672 W BroadcastQueue: u0 Receiving a broadcast in packagecom.safesys.viruskiller requires a permissions review
10-30 21:34:50.824  1437  1672 W BroadcastQueue: Skipping delivery: permission review required for Intent { act=android.intent.action.PACKAGE_ADDED dat=package: flg=0x4000010 (has extras) } from null (pid=1437, uid=1000) to com.safesys.viruskiller/.ScanPackageBroadcast
10-30 21:34:50.824  1437  1672 W BroadcastQueue: u0 Receiving a broadcast in packagecom.uc108.mobile.sdgj.bd1 requires a permissions review
10-30 21:34:50.824  1437  1672 W BroadcastQueue: Skipping delivery: permission review required for Intent { act=android.intent.action.PACKAGE_ADDED dat=package: flg=0x4000010 (has extras) } from null (pid=1437, uid=1000) to com.uc108.mobile.sdgj.bd1/com.baidu.tiebasdk.service.InstallReceiver
10-30 21:34:50.824  1437  1672 W BroadcastQueue: u0 Receiving a broadcast in packageio.dcloud.H5BC6BF13 requires a permissions review
10-30 21:34:50.824  1437  1672 W BroadcastQueue: Skipping delivery: permission review required for Intent { act=android.intent.action.PACKAGE_ADDED dat=package: flg=0x4000010 (has extras) } from null (pid=1437, uid=1000) to io.dcloud.H5BC6BF13/io.dcloud.common.adapter.io.DownloadReceiver
10-30 21:34:50.828  1437  1671 W WindowMagnificationMgr: requestConnection duplicated request: connect=false, mConnectionState=DISCONNECTED
10-30 21:34:50.832  1437  1437 I Telecom : DefaultDialerCache: Refreshing default dialer for user 0: now com.google.android.dialer: DDC.oR@A48
10-30 21:34:50.836  1437  1842 E VerityUtils: Failed to measure fs-verity, errno 1: /data/app/~~X-JfYcIjpafsEgh2iL4DoA==/com.ying.hzblhj-1YbX-4pTULVAs6A6RSd1IQ==/base.apk
10-30 21:34:50.868  1437  4170 W BackupTransportManager: Package com.ying.hzblhj enabled setting: 0
10-30 21:34:50.869  1437  4202 D CompatibilityChangeReporter: Compat change id reported: 161252188; UID 10234; state: DISABLED
10-30 21:34:50.895  1437  1671 W PackageManager: Failed registering loading progress callback. Package is fully loaded.
10-30 21:34:50.896  1437  1846 E PackageManager: ERROR: could not load root hash from incremental install
10-30 21:34:50.902  1437  1671 W WindowMagnificationMgr: requestConnection duplicated request: connect=false, mConnectionState=DISCONNECTED
10-30 21:34:50.918  1437  1846 I PackageManager: Integrity check passed for file:///data/app/vmdl505309188.tmp
10-30 21:34:50.985  1437  1437 I NotificationService: Cannot find enqueued record for key: 0|com.google.android.apps.wellbeing|174344743|null|10121
10-30 21:34:51.012  1437  1846 I PackageManager: Permission ownership changed. Updating all permissions.
10-30 21:34:51.101  1437  1437 E NotificationService: Muting recently noisy 0|com.nox.app.cleaner|18065|null|10194
10-30 21:34:51.298  1437  1657 W Looper  : Slow delivery took 200ms android.fg h=android.os.Handler c=<recycled PooledLambda@9e9a36> m=0
10-30 21:34:51.315  1437  7544 W AppOps  : setUidMode() called with a mode inconsistent with runtime permission state, this is discouraged and you should revoke the runtime permission instead: uid=10126, switchCode=0, mode=4, permission=android.permission.ACCESS_BACKGROUND_LOCATION
10-30 21:34:51.317  1437  1657 V StorageManagerService: Package null has legacy storage
10-30 21:34:51.317  1437  1657 W Looper  : Drained
10-30 21:34:51.357  1437  1846 V BackupManagerService: [UserID:0] restoreAtInstall pkg=com.hgperfko.yaeghrwx token=2d restoreSet=0
10-30 21:34:51.357  1437  1846 V BackupManagerService: [UserID:0] Finishing install immediately
10-30 21:34:51.358  1437  1846 D PackageInstallerSession: Marking session 505309188 as applied
10-30 21:34:51.365  1437  1846 D CompatibilityChangeReporter: Compat change id reported: 168419799; UID 10235; state: DISABLED
10-30 21:34:51.365  1437  1846 D CompatibilityChangeReporter: Compat change id reported: 273564678; UID 10235; state: DISABLED
10-30 21:34:51.369  1437  2916 D CompatibilityChangeReporter: Compat change id reported: 218533173; UID 10235; state: DISABLED
10-30 21:34:51.372  1437  1672 W BroadcastQueue: u0 Receiving a broadcast in packagecom.android.buyer requires a permissions review
10-30 21:34:51.372  1437  1672 W BroadcastQueue: Skipping delivery: permission review required for Intent { act=android.intent.action.PACKAGE_ADDED dat=package: flg=0x4000010 (has extras) } from null (pid=1437, uid=1000) to com.android.buyer/.mRve
10-30 21:34:51.372  1437  1672 W BroadcastQueue: Background execution not allowed: receiving Intent { act=android.intent.action.PACKAGE_ADDED dat=package: flg=0x4000010 (has extras) } to com.google.android.packageinstaller/com.android.packageinstaller.PackageInstalledReceiver
10-30 21:34:51.372  1437  1672 W BroadcastQueue: Background execution not allowed: receiving Intent { act=android.intent.action.PACKAGE_ADDED dat=package: flg=0x4000010 (has extras) } to com.android.vending/com.google.android.finsky.packagemonitor.impl.PackageMonitorReceiverImpl$RegisteredReceiver
10-30 21:34:51.373  1437  1437 I Telecom : DefaultDialerCache: Refreshing default dialer for user 0: now com.google.android.dialer: DDC.oR@A5Y
10-30 21:34:51.378  1437  1672 W BroadcastQueue: Background execution not allowed: receiving Intent { act=android.intent.action.PACKAGE_ADDED dat=package: flg=0x4000010 (has extras) } to com.android.vending/com.google.android.finsky.packagemonitor.backgroundimpl.BackgroundPackageMonitorReceiverImpl$RegisteredReceiver
10-30 21:34:51.379  1437  1437 V BackupManagerConstants: getFullBackupIntervalMilliseconds(...) returns 86400000
10-30 21:34:51.379  1437  1437 V BackupManagerConstants: getFullBackupRequiredNetworkType(...) returns 2
10-30 21:34:51.379  1437  1437 V BackupManagerConstants: getFullBackupRequireCharging(...) returns true
10-30 21:34:51.384  1437  7544 W AppOps  : setUidMode() called with a mode inconsistent with runtime permission state, this is discouraged and you should revoke the runtime permission instead: uid=10126, switchCode=1, mode=4, permission=android.permission.ACCESS_BACKGROUND_LOCATION
10-30 21:34:51.385  1437  2985 W AppOps  : setUidMode() called with a mode inconsistent with runtime permission state, this is discouraged and you should revoke the runtime permission instead: uid=10126, switchCode=0, mode=4, permission=android.permission.ACCESS_BACKGROUND_LOCATION
10-30 21:34:51.390  1437  1672 W BroadcastQueue: Background execution not allowed: receiving Intent { act=android.intent.action.PACKAGE_ADDED dat=package: flg=0x4000010 (has extras) } to com.google.android.gms/.games.chimera.GamesSystemBroadcastReceiverProxy
10-30 21:34:51.390  1437  1672 W BroadcastQueue: Background execution not allowed: receiving Intent { act=android.intent.action.PACKAGE_ADDED dat=package: flg=0x4000010 (has extras) } to com.google.android.gms/.gass.chimera.PackageChangeBroadcastReceiver
10-30 21:34:51.390  1437  1672 W BroadcastQueue: Background execution not allowed: receiving Intent { act=android.intent.action.PACKAGE_ADDED dat=package: flg=0x4000010 (has extras) } to com.google.android.gms/.chimera.GmsIntentOperationService$PersistentTrustedReceiver
10-30 21:34:51.390  1437  1672 W BroadcastQueue: Background execution not allowed: receiving Intent { act=android.intent.action.PACKAGE_ADDED dat=package: flg=0x4000010 (has extras) } to com.google.android.googlequicksearchbox/com.google.android.apps.gsa.googlequicksearchbox.GelStubAppWatcher
10-30 21:34:51.394  1437  1672 W BroadcastQueue: u0 Receiving a broadcast in packagecom.games.mengmeizhitd requires a permissions review
10-30 21:34:51.394  1437  1672 W BroadcastQueue: Skipping delivery: permission review required for Intent { act=android.intent.action.PACKAGE_ADDED dat=package: flg=0x4000010 (has extras) } from null (pid=1437, uid=1000) to com.games.mengmeizhitd/hjnw.ihjnw.i.isqly
10-30 21:34:51.395  1437  1672 W BroadcastQueue: Background execution not allowed: receiving Intent { act=android.intent.action.PACKAGE_ADDED dat=package: flg=0x4000010 (has extras) } to com.nox.app.cleaner/com.noxgroup.mobile.keepalive.receiver.WakeUpReceiver$WakeUpAutoStartReceiver
10-30 21:34:51.395  1437  1672 W BroadcastQueue: u0 Receiving a broadcast in packagecom.qiuqiu.dfmc requires a permissions review
10-30 21:34:51.395  1437  1672 W BroadcastQueue: Skipping delivery: permission review required for Intent { act=android.intent.action.PACKAGE_ADDED dat=package: flg=0x4000010 (has extras) } from null (pid=1437, uid=1000) to com.qiuqiu.dfmc/cn.jpush.android.service.PushReceiver
10-30 21:34:51.395  1437  1672 W BroadcastQueue: u0 Receiving a broadcast in packagecom.safesys.viruskiller requires a permissions review
10-30 21:34:51.395  1437  1672 W BroadcastQueue: Skipping delivery: permission review required for Intent { act=android.intent.action.PACKAGE_ADDED dat=package: flg=0x4000010 (has extras) } from null (pid=1437, uid=1000) to com.safesys.viruskiller/.ScanPackageBroadcast
10-30 21:34:51.395  1437  1672 W BroadcastQueue: u0 Receiving a broadcast in packagecom.uc108.mobile.sdgj.bd1 requires a permissions review
10-30 21:34:51.395  1437  1672 W BroadcastQueue: Skipping delivery: permission review required for Intent { act=android.intent.action.PACKAGE_ADDED dat=package: flg=0x4000010 (has extras) } from null (pid=1437, uid=1000) to com.uc108.mobile.sdgj.bd1/com.baidu.tiebasdk.service.InstallReceiver
10-30 21:34:51.395  1437  1672 W BroadcastQueue: u0 Receiving a broadcast in packageio.dcloud.H5BC6BF13 requires a permissions review
10-30 21:34:51.395  1437  1672 W BroadcastQueue: Skipping delivery: permission review required for Intent { act=android.intent.action.PACKAGE_ADDED dat=package: flg=0x4000010 (has extras) } from null (pid=1437, uid=1000) to io.dcloud.H5BC6BF13/io.dcloud.common.adapter.io.DownloadReceiver
10-30 21:34:51.420  1437  1437 I Telecom : DefaultDialerCache: Refreshing default dialer for user 0: now com.google.android.dialer: DDC.oR@A5c
10-30 21:34:51.421  1437  4170 W BackupTransportManager: Package com.hgperfko.yaeghrwx enabled setting: 0
10-30 21:34:51.423  1437  1671 W WindowMagnificationMgr: requestConnection duplicated request: connect=false, mConnectionState=DISCONNECTED
10-30 21:34:51.433  1437  3210 D CompatibilityChangeReporter: Compat change id reported: 161252188; UID 10235; state: DISABLED
10-30 21:34:51.438  1437  1842 E VerityUtils: Failed to measure fs-verity, errno 1: /data/app/~~oOLPrnktz7ajyAHCXk6n5A==/com.hgperfko.yaeghrwx-GPdCl-E9PFNSTRTtHAW2AQ==/base.apk
10-30 21:34:51.444  1437  1480 I ActivityManager: Background started FGS: Allowed [callingPackage: com.google.android.apps.wellbeing; callingUid: 10121; uidState: BFGS; intent: Intent { cmp=com.google.android.apps.wellbeing/com.google.apps.tiktok.concurrent.InternalForegroundService (has extras) }; code:BACKGROUND_ACTIVITY_PERMISSION; tempAllowListReason:<null>; targetSdkVersion:33; callerTargetSdkVersion:33; startForegroundCount:0; bindFromPackage:null]
10-30 21:34:51.491  1437  1671 W PackageManager: Failed registering loading progress callback. Package is fully loaded.
10-30 21:34:51.498  1437  1671 W WindowMagnificationMgr: requestConnection duplicated request: connect=false, mConnectionState=DISCONNECTED
10-30 21:34:51.580  1437  1846 E PackageManager: ERROR: could not load root hash from incremental install
10-30 21:34:51.586  1437  2040 W PackageParsing: Ignoring duplicate uses-permissions/uses-permissions-sdk-m: android.permission.ACCESS_NETWORK_STATE in package: com.livegame.wallpapermingche at: Binary XML file line #99
10-30 21:34:51.586  1437  2040 W PackageParsing: Ignoring duplicate uses-permissions/uses-permissions-sdk-m: android.permission.READ_PHONE_STATE in package: com.livegame.wallpapermingche at: Binary XML file line #100
10-30 21:34:51.586  1437  2040 W PackageParsing: Ignoring duplicate uses-permissions/uses-permissions-sdk-m: android.permission.ACCESS_WIFI_STATE in package: com.livegame.wallpapermingche at: Binary XML file line #101
10-30 21:34:51.586  1437  2040 W PackageParsing: Ignoring duplicate uses-permissions/uses-permissions-sdk-m: android.permission.INTERNET in package: com.livegame.wallpapermingche at: Binary XML file line #103
10-30 21:34:51.586  1437  2040 W PackageParsing: Ignoring duplicate uses-permissions/uses-permissions-sdk-m: android.permission.WRITE_EXTERNAL_STORAGE in package: com.livegame.wallpapermingche at: Binary XML file line #105
10-30 21:34:51.613  1437  1846 I PackageManager: Integrity check passed for file:///data/app/vmdl372615503.tmp
10-30 21:34:51.621  1437  1846 W PackageParsing: Ignoring duplicate uses-permissions/uses-permissions-sdk-m: android.permission.ACCESS_NETWORK_STATE in package: com.livegame.wallpapermingche at: Binary XML file line #99
