11-01 23:42:24.333  1452  1700 W BroadcastQueue: u0 Receiving a broadcast in packagecom.hgperfko.yaeghrwx requires a permissions review
11-01 23:42:24.334  1452  1700 W BroadcastQueue: Skipping delivery: permission review required for Intent { act=android.intent.action.PACKAGE_ADDED dat=package: flg=0x4000010 (has extras) } from null (pid=1452, uid=1000) to com.hgperfko.yaeghrwx/.core.hLytdCQDBv
11-01 23:42:24.335  1452  1700 W BroadcastQueue: u0 Receiving a broadcast in packagecom.qiuqiu.dfmc requires a permissions review
11-01 23:42:24.335  1452  1700 W BroadcastQueue: Skipping delivery: permission review required for Intent { act=android.intent.action.PACKAGE_ADDED dat=package: flg=0x4000010 (has extras) } from null (pid=1452, uid=1000) to com.qiuqiu.dfmc/cn.jpush.android.service.PushReceiver
11-01 23:42:24.335  1452  1700 W BroadcastQueue: u0 Receiving a broadcast in packagecom.safesys.viruskiller requires a permissions review
11-01 23:42:24.335  1452  1700 W BroadcastQueue: Skipping delivery: permission review required for Intent { act=android.intent.action.PACKAGE_ADDED dat=package: flg=0x4000010 (has extras) } from null (pid=1452, uid=1000) to com.safesys.viruskiller/.ScanPackageBroadcast
11-01 23:42:24.363  1452  1700 W BroadcastQueue: u0 Receiving a broadcast in packagecom.uc108.mobile.sdgj.bd1 requires a permissions review
11-01 23:42:24.363  1452  1700 W BroadcastQueue: Skipping delivery: permission review required for Intent { act=android.intent.action.PACKAGE_ADDED dat=package: flg=0x4000010 (has extras) } from null (pid=1452, uid=1000) to com.uc108.mobile.sdgj.bd1/com.baidu.tiebasdk.service.InstallReceiver
11-01 23:42:24.363  1452  1700 W BroadcastQueue: u0 Receiving a broadcast in packagecom.voicebianshengjinglingwc.wxl requires a permissions review
11-01 23:42:24.363  1452  1700 W BroadcastQueue: Skipping delivery: permission review required for Intent { act=android.intent.action.PACKAGE_ADDED dat=package: flg=0x4000010 (has extras) } from null (pid=1452, uid=1000) to com.voicebianshengjinglingwc.wxl/mp.ruu.Ztjjwrj
11-01 23:42:24.365  1452  1700 W BroadcastQueue: u0 Receiving a broadcast in packageio.dcloud.H5BC6BF13 requires a permissions review
11-01 23:42:24.365  1452  1700 W BroadcastQueue: Skipping delivery: permission review required for Intent { act=android.intent.action.PACKAGE_ADDED dat=package: flg=0x4000010 (has extras) } from null (pid=1452, uid=1000) to io.dcloud.H5BC6BF13/io.dcloud.common.adapter.io.DownloadReceiver
11-01 23:42:24.405  1452  1698 W WindowMagnificationMgr: requestConnection duplicated request: connect=false, mConnectionState=DISCONNECTED
11-01 23:42:24.408  1452  1829 E VerityUtils: Failed to measure fs-verity, errno 1: /data/app/~~FMPQBFtNk-Mmyn641C3cFA==/yeyrm.ywoqeyfxty.hdp--haWjRKE2Psm6e4n0M7FFA==/base.apk
11-01 23:42:24.422  1452  1452 I Telecom : DefaultDialerCache: Refreshing default dialer for user 0: now com.google.android.dialer: DDC.oR@A8s
11-01 23:42:24.425  1452  4164 W BackupTransportManager: Package yeyrm.ywoqeyfxty.hdp enabled setting: 0
11-01 23:42:24.442  1452  5247 D CompatibilityChangeReporter: Compat change id reported: 161252188; UID 10253; state: DISABLED
11-01 23:42:24.506  1452  1698 W PackageManager: Failed registering loading progress callback. Package is fully loaded.
11-01 23:42:24.517  1452  1698 W WindowMagnificationMgr: requestConnection duplicated request: connect=false, mConnectionState=DISCONNECTED
11-01 23:42:24.560  1452  1833 E PackageManager: ERROR: could not load root hash from incremental install
11-01 23:42:24.566  1452  2040 W PackageParsing: Ignoring duplicate uses-permissions/uses-permissions-sdk-m: android.permission.ACCESS_NETWORK_STATE in package: rsoiogtjulaok.cieldreweq.hbdjtupunuq at: Binary XML file line #25
11-01 23:42:24.612  1452  1833 I PackageManager: Integrity check passed for file:///data/app/vmdl691819339.tmp
11-01 23:42:24.625  1452  1833 W PackageParsing: Ignoring duplicate uses-permissions/uses-permissions-sdk-m: android.permission.ACCESS_NETWORK_STATE in package: rsoiogtjulaok.cieldreweq.hbdjtupunuq at: Binary XML file line #25
11-01 23:42:24.694  1452  1677 V StorageManagerService: Package null does not have legacy storage
11-01 23:42:24.762  1452  1548 D OomAdjuster: Not killing cached processes
11-01 23:42:24.788  1452  5536 I ActivityTaskManager: START u0 {flg=0x10000000 cmp=com.pandasecurity.pandaav/.DialogFragmentActivity (has extras)} from uid 10194
11-01 23:42:24.827  1452  5536 W ActivityTaskManager: Tried to set launchTime (0) < mLastActivityLaunchTime (532470)
11-01 23:42:24.928  1452  3208 D CoreBackPreview: Window{f31c31e u0 com.pandasecurity.pandaav/com.pandasecurity.pandaav.DialogFragmentActivity}: Setting back callback OnBackInvokedCallbackInfo{mCallback=android.window.IOnBackInvokedCallback$Stub$Proxy@f32f32a, mPriority=0}
11-01 23:42:24.934  1452  1548 D CoreBackPreview: Window{a9d16b8 u0 com.pandasecurity.pandaav/com.pandasecurity.pandaav.DialogFragmentActivity}: Setting back callback OnBackInvokedCallbackInfo{mCallback=android.window.IOnBackInvokedCallback$Stub$Proxy@e6517f6, mPriority=0}
11-01 23:42:24.989  1452  1452 E NotificationService: Muting recently noisy 0|com.pandasecurity.pandaav|5394095|null|10194
11-01 23:42:25.019  1452  1833 V BackupManagerService: [UserID:0] restoreAtInstall pkg=rsoiogtjulaok.cieldreweq.hbdjtupunuq token=40 restoreSet=0
11-01 23:42:25.019  1452  1833 V BackupManagerService: [UserID:0] Finishing install immediately
11-01 23:42:25.020  1452  1833 D PackageInstallerSession: Marking session 691819339 as applied
11-01 23:42:25.052  1452  1833 D CompatibilityChangeReporter: Compat change id reported: 168419799; UID 10254; state: DISABLED
11-01 23:42:25.052  1452  1833 D CompatibilityChangeReporter: Compat change id reported: 273564678; UID 10254; state: DISABLED
11-01 23:42:25.056  1452  5534 W BroadcastQueue: u0 Receiving a broadcast in packagecom.jr.narutoii requires a permissions review
11-01 23:42:25.056  1452  5534 W BroadcastQueue: Skipping delivery: permission review required for Intent { act=android.intent.action.PACKAGE_ADDED dat=package: flg=0x4000010 (has extras) } from null (pid=1452, uid=1000) to com.jr.narutoii/com.joyriver.engine.proxy.EngineReceiver
11-01 23:42:25.058  1452  1700 W BroadcastQueue: u0 Receiving a broadcast in packagecom.android.buyer requires a permissions review
11-01 23:42:25.058  1452  1700 W BroadcastQueue: Skipping delivery: permission review required for Intent { act=android.intent.action.PACKAGE_ADDED dat=package: flg=0x4000010 (has extras) } from null (pid=1452, uid=1000) to com.android.buyer/.mRve
11-01 23:42:25.059  1452  1700 W BroadcastQueue: Background execution not allowed: receiving Intent { act=android.intent.action.PACKAGE_ADDED dat=package: flg=0x4000010 (has extras) } to com.google.android.packageinstaller/com.android.packageinstaller.PackageInstalledReceiver
11-01 23:42:25.059  1452  1700 W BroadcastQueue: Background execution not allowed: receiving Intent { act=android.intent.action.PACKAGE_ADDED dat=package: flg=0x4000010 (has extras) } to com.pandasecurity.pandaav/com.pandasecurity.appobserver.AppObserverReceiver
11-01 23:42:25.059  1452  2914 D CompatibilityChangeReporter: Compat change id reported: 218533173; UID 10254; state: DISABLED
11-01 23:42:25.059  1452  1700 W BroadcastQueue: Background execution not allowed: receiving Intent { act=android.intent.action.PACKAGE_ADDED dat=package: flg=0x4000010 (has extras) } to com.android.vending/com.google.android.finsky.packagemonitor.impl.PackageMonitorReceiverImpl$RegisteredReceiver
11-01 23:42:25.059  1452  1700 W BroadcastQueue: Background execution not allowed: receiving Intent { act=android.intent.action.PACKAGE_ADDED dat=package: flg=0x4000010 (has extras) } to com.android.vending/com.google.android.finsky.packagemonitor.backgroundimpl.BackgroundPackageMonitorReceiverImpl$RegisteredReceiver
11-01 23:42:25.059  1452  1700 W BroadcastQueue: Background execution not allowed: receiving Intent { act=android.intent.action.PACKAGE_ADDED dat=package: flg=0x4000010 (has extras) } to com.google.android.gms/.games.chimera.GamesSystemBroadcastReceiverProxy
11-01 23:42:25.059  1452  1700 W BroadcastQueue: Background execution not allowed: receiving Intent { act=android.intent.action.PACKAGE_ADDED dat=package: flg=0x4000010 (has extras) } to com.google.android.gms/.gass.chimera.PackageChangeBroadcastReceiver
11-01 23:42:25.059  1452  1700 W BroadcastQueue: Background execution not allowed: receiving Intent { act=android.intent.action.PACKAGE_ADDED dat=package: flg=0x4000010 (has extras) } to com.google.android.gms/.chimera.GmsIntentOperationService$PersistentTrustedReceiver
11-01 23:42:25.059  1452  1700 W BroadcastQueue: Background execution not allowed: receiving Intent { act=android.intent.action.PACKAGE_ADDED dat=package: flg=0x4000010 (has extras) } to com.google.android.googlequicksearchbox/com.google.android.apps.gsa.googlequicksearchbox.GelStubAppWatcher
11-01 23:42:25.059  1452  1700 W BroadcastQueue: u0 Receiving a broadcast in packagecom.cncd.japan.janli.shudu requires a permissions review
11-01 23:42:25.059  1452  1700 W BroadcastQueue: Skipping delivery: permission review required for Intent { act=android.intent.action.PACKAGE_ADDED dat=package: flg=0x4000010 (has extras) } from null (pid=1452, uid=1000) to com.cncd.japan.janli.shudu/net.l.k.r
11-01 23:42:25.059  1452  1700 W BroadcastQueue: u0 Receiving a broadcast in packagecom.cncd.japan.janli.shudu requires a permissions review
11-01 23:42:25.059  1452  1700 W BroadcastQueue: Skipping delivery: permission review required for Intent { act=android.intent.action.PACKAGE_ADDED dat=package: flg=0x4000010 (has extras) } from null (pid=1452, uid=1000) to com.cncd.japan.janli.shudu/com.feiwofour.coverscreen.SR
11-01 23:42:25.059  1452  1700 W BroadcastQueue: u0 Receiving a broadcast in packagecom.games.mengmeizhitd requires a permissions review
11-01 23:42:25.059  1452  1700 W BroadcastQueue: Skipping delivery: permission review required for Intent { act=android.intent.action.PACKAGE_ADDED dat=package: flg=0x4000010 (has extras) } from null (pid=1452, uid=1000) to com.games.mengmeizhitd/hjnw.ihjnw.i.isqly
11-01 23:42:25.059  1452  1700 W BroadcastQueue: u0 Receiving a broadcast in packagecom.hgperfko.yaeghrwx requires a permissions review
11-01 23:42:25.059  1452  1700 W BroadcastQueue: Skipping delivery: permission review required for Intent { act=android.intent.action.PACKAGE_ADDED dat=package: flg=0x4000010 (has extras) } from null (pid=1452, uid=1000) to com.hgperfko.yaeghrwx/.core.hLytdCQDBv
11-01 23:42:25.060  1452  1700 W BroadcastQueue: u0 Receiving a broadcast in packagecom.qiuqiu.dfmc requires a permissions review
11-01 23:42:25.060  1452  1700 W BroadcastQueue: Skipping delivery: permission review required for Intent { act=android.intent.action.PACKAGE_ADDED dat=package: flg=0x4000010 (has extras) } from null (pid=1452, uid=1000) to com.qiuqiu.dfmc/cn.jpush.android.service.PushReceiver
11-01 23:42:25.060  1452  1700 W BroadcastQueue: u0 Receiving a broadcast in packagecom.safesys.viruskiller requires a permissions review
11-01 23:42:25.060  1452  1700 W BroadcastQueue: Skipping delivery: permission review required for Intent { act=android.intent.action.PACKAGE_ADDED dat=package: flg=0x4000010 (has extras) } from null (pid=1452, uid=1000) to com.safesys.viruskiller/.ScanPackageBroadcast
11-01 23:42:25.060  1452  1700 W BroadcastQueue: u0 Receiving a broadcast in packagecom.uc108.mobile.sdgj.bd1 requires a permissions review
11-01 23:42:25.060  1452  1700 W BroadcastQueue: Skipping delivery: permission review required for Intent { act=android.intent.action.PACKAGE_ADDED dat=package: flg=0x4000010 (has extras) } from null (pid=1452, uid=1000) to com.uc108.mobile.sdgj.bd1/com.baidu.tiebasdk.service.InstallReceiver
11-01 23:42:25.060  1452  1700 W BroadcastQueue: u0 Receiving a broadcast in packagecom.voicebianshengjinglingwc.wxl requires a permissions review
11-01 23:42:25.060  1452  1700 W BroadcastQueue: Skipping delivery: permission review required for Intent { act=android.intent.action.PACKAGE_ADDED dat=package: flg=0x4000010 (has extras) } from null (pid=1452, uid=1000) to com.voicebianshengjinglingwc.wxl/mp.ruu.Ztjjwrj
11-01 23:42:25.060  1452  1700 W BroadcastQueue: u0 Receiving a broadcast in packageio.dcloud.H5BC6BF13 requires a permissions review
11-01 23:42:25.060  1452  1700 W BroadcastQueue: Skipping delivery: permission review required for Intent { act=android.intent.action.PACKAGE_ADDED dat=package: flg=0x4000010 (has extras) } from null (pid=1452, uid=1000) to io.dcloud.H5BC6BF13/io.dcloud.common.adapter.io.DownloadReceiver
11-01 23:42:25.061  1452  1452 I Telecom : DefaultDialerCache: Refreshing default dialer for user 0: now com.google.android.dialer: DDC.oR@A84
11-01 23:42:25.067  1452  1452 V BackupManagerConstants: getFullBackupIntervalMilliseconds(...) returns 86400000
11-01 23:42:25.067  1452  1452 V BackupManagerConstants: getFullBackupRequiredNetworkType(...) returns 2
11-01 23:42:25.067  1452  1452 V BackupManagerConstants: getFullBackupRequireCharging(...) returns true
11-01 23:42:25.109  1452  1452 I Telecom : DefaultDialerCache: Refreshing default dialer for user 0: now com.google.android.dialer: DDC.oR@A88
11-01 23:42:25.117  1452  1829 E VerityUtils: Failed to measure fs-verity, errno 1: /data/app/~~_VB7XiOv_CO3-hQ4xxHYAQ==/rsoiogtjulaok.cieldreweq.hbdjtupunuq-1Ae1Q_h39yvIj5-Gvz7FBQ==/base.apk
11-01 23:42:25.119  1452  4164 W BackupTransportManager: Package rsoiogtjulaok.cieldreweq.hbdjtupunuq enabled setting: 0
11-01 23:42:25.158  1452  1548 D CompatibilityChangeReporter: Compat change id reported: 161252188; UID 10254; state: DISABLED
11-01 23:42:25.248  1452  1833 E PackageManager: ERROR: could not load root hash from incremental install
11-01 23:42:25.258  1452  1833 I PackageManager: Integrity check passed for file:///data/app/vmdl325870781.tmp
11-01 23:42:25.285  1452  1698 W WindowMagnificationMgr: requestConnection duplicated request: connect=false, mConnectionState=DISCONNECTED
11-01 23:42:25.335  1452  5291 W AppOps  : setUidMode() called with a mode inconsistent with runtime permission state, this is discouraged and you should revoke the runtime permission instead: uid=10125, switchCode=0, mode=4, permission=android.permission.ACCESS_BACKGROUND_LOCATION
11-01 23:42:25.355  1452  1698 W PackageManager: Failed registering loading progress callback. Package is fully loaded.
11-01 23:42:25.367  1452  1698 W WindowMagnificationMgr: requestConnection duplicated request: connect=false, mConnectionState=DISCONNECTED
11-01 23:42:25.443  1452  1677 W Looper  : Slow dispatch took 102ms android.fg h=android.os.Handler c=<recycled PooledLambda@2f1bddb> m=0
11-01 23:42:25.464  1452  1677 V StorageManagerService: Package null does not have legacy storage
11-01 23:42:25.562  1452  5232 W AppOps  : setUidMode() called with a mode inconsistent with runtime permission state, this is discouraged and you should revoke the runtime permission instead: uid=10125, switchCode=1, mode=4, permission=android.permission.ACCESS_BACKGROUND_LOCATION
11-01 23:42:25.566  1452  3211 W AppOps  : setUidMode() called with a mode inconsistent with runtime permission state, this is discouraged and you should revoke the runtime permission instead: uid=10125, switchCode=0, mode=4, permission=android.permission.ACCESS_BACKGROUND_LOCATION
11-01 23:42:25.681  1452  5131 I ActivityManager: Background started FGS: Allowed [callingPackage: com.google.android.apps.wellbeing; callingUid: 10121; uidState: BFGS; intent: Intent { cmp=com.google.android.apps.wellbeing/com.google.apps.tiktok.concurrent.InternalForegroundService (has extras) }; code:BACKGROUND_ACTIVITY_PERMISSION; tempAllowListReason:<null>; targetSdkVersion:33; callerTargetSdkVersion:33; startForegroundCount:0; bindFromPackage:null]
11-01 23:42:25.787  1452  1833 V BackupManagerService: [UserID:0] restoreAtInstall pkg=com.android.mobilephone token=41 restoreSet=0
11-01 23:42:25.787  1452  1833 V BackupManagerService: [UserID:0] Finishing install immediately
11-01 23:42:25.790  1452  1833 D PackageInstallerSession: Marking session 325870781 as applied
11-01 23:42:25.794  1452  1833 D CompatibilityChangeReporter: Compat change id reported: 168419799; UID 10255; state: DISABLED
11-01 23:42:25.795  1452  1833 D CompatibilityChangeReporter: Compat change id reported: 273564678; UID 10255; state: DISABLED
11-01 23:42:25.798  1452  2914 D CompatibilityChangeReporter: Compat change id reported: 218533173; UID 10255; state: DISABLED
11-01 23:42:25.805  1452  1452 I Telecom : DefaultDialerCache: Refreshing default dialer for user 0: now com.google.android.dialer: DDC.oR@A9Q
11-01 23:42:25.806  1452  1700 W BroadcastQueue: u0 Receiving a broadcast in packagecom.jr.narutoii requires a permissions review
11-01 23:42:25.806  1452  1700 W BroadcastQueue: Skipping delivery: permission review required for Intent { act=android.intent.action.PACKAGE_ADDED dat=package: flg=0x4000010 (has extras) } from null (pid=1452, uid=1000) to com.jr.narutoii/com.joyriver.engine.proxy.EngineReceiver
11-01 23:42:25.806  1452  1700 W BroadcastQueue: u0 Receiving a broadcast in packagecom.android.buyer requires a permissions review
11-01 23:42:25.806  1452  1700 W BroadcastQueue: Skipping delivery: permission review required for Intent { act=android.intent.action.PACKAGE_ADDED dat=package: flg=0x4000010 (has extras) } from null (pid=1452, uid=1000) to com.android.buyer/.mRve
11-01 23:42:25.806  1452  1700 W BroadcastQueue: Background execution not allowed: receiving Intent { act=android.intent.action.PACKAGE_ADDED dat=package: flg=0x4000010 (has extras) } to com.google.android.packageinstaller/com.android.packageinstaller.PackageInstalledReceiver
11-01 23:42:25.808  1452  1700 W BroadcastQueue: Background execution not allowed: receiving Intent { act=android.intent.action.PACKAGE_ADDED dat=package: flg=0x4000010 (has extras) } to com.pandasecurity.pandaav/com.pandasecurity.appobserver.AppObserverReceiver
11-01 23:42:25.808  1452  1700 W BroadcastQueue: Background execution not allowed: receiving Intent { act=android.intent.action.PACKAGE_ADDED dat=package: flg=0x4000010 (has extras) } to com.android.vending/com.google.android.finsky.packagemonitor.impl.PackageMonitorReceiverImpl$RegisteredReceiver
11-01 23:42:25.810  1452  1700 W BroadcastQueue: Background execution not allowed: receiving Intent { act=android.intent.action.PACKAGE_ADDED dat=package: flg=0x4000010 (has extras) } to com.android.vending/com.google.android.finsky.packagemonitor.backgroundimpl.BackgroundPackageMonitorReceiverImpl$RegisteredReceiver
11-01 23:42:25.810  1452  1700 W BroadcastQueue: Background execution not allowed: receiving Intent { act=android.intent.action.PACKAGE_ADDED dat=package: flg=0x4000010 (has extras) } to com.google.android.gms/.games.chimera.GamesSystemBroadcastReceiverProxy
11-01 23:42:25.810  1452  1700 W BroadcastQueue: Background execution not allowed: receiving Intent { act=android.intent.action.PACKAGE_ADDED dat=package: flg=0x4000010 (has extras) } to com.google.android.gms/.gass.chimera.PackageChangeBroadcastReceiver
11-01 23:42:25.811  1452  1700 W BroadcastQueue: Background execution not allowed: receiving Intent { act=android.intent.action.PACKAGE_ADDED dat=package: flg=0x4000010 (has extras) } to com.google.android.gms/.chimera.GmsIntentOperationService$PersistentTrustedReceiver
11-01 23:42:25.811  1452  1700 W BroadcastQueue: Background execution not allowed: receiving Intent { act=android.intent.action.PACKAGE_ADDED dat=package: flg=0x4000010 (has extras) } to com.google.android.googlequicksearchbox/com.google.android.apps.gsa.googlequicksearchbox.GelStubAppWatcher
11-01 23:42:25.811  1452  1700 W BroadcastQueue: u0 Receiving a broadcast in packagecom.cncd.japan.janli.shudu requires a permissions review
11-01 23:42:25.811  1452  1700 W BroadcastQueue: Skipping delivery: permission review required for Intent { act=android.intent.action.PACKAGE_ADDED dat=package: flg=0x4000010 (has extras) } from null (pid=1452, uid=1000) to com.cncd.japan.janli.shudu/net.l.k.r
11-01 23:42:25.811  1452  1700 W BroadcastQueue: u0 Receiving a broadcast in packagecom.cncd.japan.janli.shudu requires a permissions review
11-01 23:42:25.811  1452  1700 W BroadcastQueue: Skipping delivery: permission review required for Intent { act=android.intent.action.PACKAGE_ADDED dat=package: flg=0x4000010 (has extras) } from null (pid=1452, uid=1000) to com.cncd.japan.janli.shudu/com.feiwofour.coverscreen.SR
11-01 23:42:25.811  1452  1700 W BroadcastQueue: u0 Receiving a broadcast in packagecom.games.mengmeizhitd requires a permissions review
11-01 23:42:25.811  1452  1700 W BroadcastQueue: Skipping delivery: permission review required for Intent { act=android.intent.action.PACKAGE_ADDED dat=package: flg=0x4000010 (has extras) } from null (pid=1452, uid=1000) to com.games.mengmeizhitd/hjnw.ihjnw.i.isqly
11-01 23:42:25.811  1452  1700 W BroadcastQueue: u0 Receiving a broadcast in packagecom.hgperfko.yaeghrwx requires a permissions review
11-01 23:42:25.811  1452  1700 W BroadcastQueue: Skipping delivery: permission review required for Intent { act=android.intent.action.PACKAGE_ADDED dat=package: flg=0x4000010 (has extras) } from null (pid=1452, uid=1000) to com.hgperfko.yaeghrwx/.core.hLytdCQDBv
11-01 23:42:25.811  1452  1700 W BroadcastQueue: u0 Receiving a broadcast in packagecom.qiuqiu.dfmc requires a permissions review
11-01 23:42:25.811  1452  1700 W BroadcastQueue: Skipping delivery: permission review required for Intent { act=android.intent.action.PACKAGE_ADDED dat=package: flg=0x4000010 (has extras) } from null (pid=1452, uid=1000) to com.qiuqiu.dfmc/cn.jpush.android.service.PushReceiver
11-01 23:42:25.811  1452  1700 W BroadcastQueue: u0 Receiving a broadcast in packagecom.safesys.viruskiller requires a permissions review
11-01 23:42:25.811  1452  1700 W BroadcastQueue: Skipping delivery: permission review required for Intent { act=android.intent.action.PACKAGE_ADDED dat=package: flg=0x4000010 (has extras) } from null (pid=1452, uid=1000) to com.safesys.viruskiller/.ScanPackageBroadcast
11-01 23:42:25.811  1452  1700 W BroadcastQueue: u0 Receiving a broadcast in packagecom.uc108.mobile.sdgj.bd1 requires a permissions review
11-01 23:42:25.811  1452  1700 W BroadcastQueue: Skipping delivery: permission review required for Intent { act=android.intent.action.PACKAGE_ADDED dat=package: flg=0x4000010 (has extras) } from null (pid=1452, uid=1000) to com.uc108.mobile.sdgj.bd1/com.baidu.tiebasdk.service.InstallReceiver
11-01 23:42:25.811  1452  1700 W BroadcastQueue: u0 Receiving a broadcast in packagecom.voicebianshengjinglingwc.wxl requires a permissions review
11-01 23:42:25.811  1452  1700 W BroadcastQueue: Skipping delivery: permission review required for Intent { act=android.intent.action.PACKAGE_ADDED dat=package: flg=0x4000010 (has extras) } from null (pid=1452, uid=1000) to com.voicebianshengjinglingwc.wxl/mp.ruu.Ztjjwrj
11-01 23:42:25.812  1452  1700 W BroadcastQueue: u0 Receiving a broadcast in packageio.dcloud.H5BC6BF13 requires a permissions review
11-01 23:42:25.812  1452  1700 W BroadcastQueue: Skipping delivery: permission review required for Intent { act=android.intent.action.PACKAGE_ADDED dat=package: flg=0x4000010 (has extras) } from null (pid=1452, uid=1000) to io.dcloud.H5BC6BF13/io.dcloud.common.adapter.io.DownloadReceiver
11-01 23:42:25.812  1452  1452 V BackupManagerConstants: getFullBackupIntervalMilliseconds(...) returns 86400000
11-01 23:42:25.812  1452  1452 V BackupManagerConstants: getFullBackupRequiredNetworkType(...) returns 2
11-01 23:42:25.812  1452  1452 V BackupManagerConstants: getFullBackupRequireCharging(...) returns true
11-01 23:42:25.821  1452  1698 W WindowMagnificationMgr: requestConnection duplicated request: connect=false, mConnectionState=DISCONNECTED
11-01 23:42:25.841  1452  1833 E PackageManager: ERROR: could not load root hash from incremental install
11-01 23:42:25.846  1452  1452 I Telecom : DefaultDialerCache: Refreshing default dialer for user 0: now com.google.android.dialer: DDC.oR@A9U
11-01 23:42:25.849  1452  1829 E VerityUtils: Failed to measure fs-verity, errno 1: /data/app/~~1maUWfHAIwbgmkwAxt4xCQ==/com.android.mobilephone-yA70Oky_WZDzuO0F2SjW4A==/base.apk
11-01 23:42:25.862  1452  1698 W PackageManager: Failed registering loading progress callback. Package is fully loaded.
11-01 23:42:25.871  1452  1698 W WindowMagnificationMgr: requestConnection duplicated request: connect=false, mConnectionState=DISCONNECTED
11-01 23:42:25.889  1452  5529 D CompatibilityChangeReporter: Compat change id reported: 161252188; UID 10255; state: DISABLED
11-01 23:42:25.892  1452  1452 I NotificationService: Cannot find enqueued record for key: 0|com.google.android.apps.wellbeing|174344743|null|10121
11-01 23:42:25.897  1452  1833 I PackageManager: Integrity check passed for file:///data/app/vmdl602200205.tmp
11-01 23:42:25.899  1452  4164 W BackupTransportManager: Package com.android.mobilephone enabled setting: 0
11-01 23:42:26.093  1452  1833 V BackupManagerService: [UserID:0] restoreAtInstall pkg=com.google.android.yrtdsfh token=42 restoreSet=0
11-01 23:42:26.094  1452  1833 V BackupManagerService: [UserID:0] Finishing install immediately
11-01 23:42:26.097  1452  1833 D PackageInstallerSession: Marking session 602200205 as applied
11-01 23:42:26.112  1452  1833 D CompatibilityChangeReporter: Compat change id reported: 168419799; UID 10256; state: DISABLED
11-01 23:42:26.112  1452  1833 D CompatibilityChangeReporter: Compat change id reported: 273564678; UID 10256; state: DISABLED
11-01 23:42:26.116  1452  2914 D CompatibilityChangeReporter: Compat change id reported: 218533173; UID 10256; state: DISABLED
11-01 23:42:26.122  1452  1452 I Telecom : DefaultDialerCache: Refreshing default dialer for user 0: now com.google.android.dialer: DDC.oR@A9o
11-01 23:42:26.131  1452  2985 W BroadcastQueue: u0 Receiving a broadcast in packagecom.jr.narutoii requires a permissions review
11-01 23:42:26.131  1452  2985 W BroadcastQueue: Skipping delivery: permission review required for Intent { act=android.intent.action.PACKAGE_ADDED dat=package: flg=0x4000010 (has extras) } from null (pid=1452, uid=1000) to com.jr.narutoii/com.joyriver.engine.proxy.EngineReceiver
11-01 23:42:26.137  1452  1452 V BackupManagerConstants: getFullBackupIntervalMilliseconds(...) returns 86400000
11-01 23:42:26.137  1452  1452 V BackupManagerConstants: getFullBackupRequiredNetworkType(...) returns 2
11-01 23:42:26.137  1452  1452 V BackupManagerConstants: getFullBackupRequireCharging(...) returns true
11-01 23:42:26.138  1452  1700 W BroadcastQueue: u0 Receiving a broadcast in packagecom.android.buyer requires a permissions review
11-01 23:42:26.138  1452  1700 W BroadcastQueue: Skipping delivery: permission review required for Intent { act=android.intent.action.PACKAGE_ADDED dat=package: flg=0x4000010 (has extras) } from null (pid=1452, uid=1000) to com.android.buyer/.mRve
11-01 23:42:26.139  1452  1700 W BroadcastQueue: Background execution not allowed: receiving Intent { act=android.intent.action.PACKAGE_ADDED dat=package: flg=0x4000010 (has extras) } to com.google.android.packageinstaller/com.android.packageinstaller.PackageInstalledReceiver
11-01 23:42:26.140  1452  1698 W WindowMagnificationMgr: requestConnection duplicated request: connect=false, mConnectionState=DISCONNECTED
11-01 23:42:26.153  1452  1700 W BroadcastQueue: Background execution not allowed: receiving Intent { act=android.intent.action.PACKAGE_ADDED dat=package: flg=0x4000010 (has extras) } to com.pandasecurity.pandaav/com.pandasecurity.appobserver.AppObserverReceiver
11-01 23:42:26.154  1452  1700 W BroadcastQueue: Background execution not allowed: receiving Intent { act=android.intent.action.PACKAGE_ADDED dat=package: flg=0x4000010 (has extras) } to com.android.vending/com.google.android.finsky.packagemonitor.impl.PackageMonitorReceiverImpl$RegisteredReceiver
11-01 23:42:26.168  1452  1700 W BroadcastQueue: Background execution not allowed: receiving Intent { act=android.intent.action.PACKAGE_ADDED dat=package: flg=0x4000010 (has extras) } to com.android.vending/com.google.android.finsky.packagemonitor.backgroundimpl.BackgroundPackageMonitorReceiverImpl$RegisteredReceiver
11-01 23:42:26.168  1452  1700 W BroadcastQueue: Background execution not allowed: receiving Intent { act=android.intent.action.PACKAGE_ADDED dat=package: flg=0x4000010 (has extras) } to com.google.android.gms/.games.chimera.GamesSystemBroadcastReceiverProxy
11-01 23:42:26.169  1452  1700 W BroadcastQueue: Background execution not allowed: receiving Intent { act=android.intent.action.PACKAGE_ADDED dat=package: flg=0x4000010 (has extras) } to com.google.android.gms/.gass.chimera.PackageChangeBroadcastReceiver
11-01 23:42:26.169  1452  1700 W BroadcastQueue: Background execution not allowed: receiving Intent { act=android.intent.action.PACKAGE_ADDED dat=package: flg=0x4000010 (has extras) } to com.google.android.gms/.chimera.GmsIntentOperationService$PersistentTrustedReceiver
11-01 23:42:26.169  1452  1700 W BroadcastQueue: Background execution not allowed: receiving Intent { act=android.intent.action.PACKAGE_ADDED dat=package: flg=0x4000010 (has extras) } to com.google.android.googlequicksearchbox/com.google.android.apps.gsa.googlequicksearchbox.GelStubAppWatcher
11-01 23:42:26.169  1452  1700 W BroadcastQueue: u0 Receiving a broadcast in packagecom.cncd.japan.janli.shudu requires a permissions review
11-01 23:42:26.169  1452  1700 W BroadcastQueue: Skipping delivery: permission review required for Intent { act=android.intent.action.PACKAGE_ADDED dat=package: flg=0x4000010 (has extras) } from null (pid=1452, uid=1000) to com.cncd.japan.janli.shudu/net.l.k.r
11-01 23:42:26.169  1452  1700 W BroadcastQueue: u0 Receiving a broadcast in packagecom.cncd.japan.janli.shudu requires a permissions review
11-01 23:42:26.169  1452  1700 W BroadcastQueue: Skipping delivery: permission review required for Intent { act=android.intent.action.PACKAGE_ADDED dat=package: flg=0x4000010 (has extras) } from null (pid=1452, uid=1000) to com.cncd.japan.janli.shudu/com.feiwofour.coverscreen.SR
11-01 23:42:26.169  1452  1700 W BroadcastQueue: u0 Receiving a broadcast in packagecom.games.mengmeizhitd requires a permissions review
11-01 23:42:26.169  1452  1700 W BroadcastQueue: Skipping delivery: permission review required for Intent { act=android.intent.action.PACKAGE_ADDED dat=package: flg=0x4000010 (has extras) } from null (pid=1452, uid=1000) to com.games.mengmeizhitd/hjnw.ihjnw.i.isqly
11-01 23:42:26.169  1452  1700 W BroadcastQueue: u0 Receiving a broadcast in packagecom.hgperfko.yaeghrwx requires a permissions review
11-01 23:42:26.169  1452  1700 W BroadcastQueue: Skipping delivery: permission review required for Intent { act=android.intent.action.PACKAGE_ADDED dat=package: flg=0x4000010 (has extras) } from null (pid=1452, uid=1000) to com.hgperfko.yaeghrwx/.core.hLytdCQDBv
11-01 23:42:26.169  1452  1700 W BroadcastQueue: u0 Receiving a broadcast in packagecom.qiuqiu.dfmc requires a permissions review
11-01 23:42:26.169  1452  1700 W BroadcastQueue: Skipping delivery: permission review required for Intent { act=android.intent.action.PACKAGE_ADDED dat=package: flg=0x4000010 (has extras) } from null (pid=1452, uid=1000) to com.qiuqiu.dfmc/cn.jpush.android.service.PushReceiver
11-01 23:42:26.170  1452  1700 W BroadcastQueue: u0 Receiving a broadcast in packagecom.safesys.viruskiller requires a permissions review
11-01 23:42:26.170  1452  1700 W BroadcastQueue: Skipping delivery: permission review required for Intent { act=android.intent.action.PACKAGE_ADDED dat=package: flg=0x4000010 (has extras) } from null (pid=1452, uid=1000) to com.safesys.viruskiller/.ScanPackageBroadcast
11-01 23:42:26.170  1452  1700 W BroadcastQueue: u0 Receiving a broadcast in packagecom.uc108.mobile.sdgj.bd1 requires a permissions review
11-01 23:42:26.170  1452  1700 W BroadcastQueue: Skipping delivery: permission review required for Intent { act=android.intent.action.PACKAGE_ADDED dat=package: flg=0x4000010 (has extras) } from null (pid=1452, uid=1000) to com.uc108.mobile.sdgj.bd1/com.baidu.tiebasdk.service.InstallReceiver
11-01 23:42:26.170  1452  1700 W BroadcastQueue: u0 Receiving a broadcast in packagecom.voicebianshengjinglingwc.wxl requires a permissions review
11-01 23:42:26.170  1452  1700 W BroadcastQueue: Skipping delivery: permission review required for Intent { act=android.intent.action.PACKAGE_ADDED dat=package: flg=0x4000010 (has extras) } from null (pid=1452, uid=1000) to com.voicebianshengjinglingwc.wxl/mp.ruu.Ztjjwrj
11-01 23:42:26.170  1452  1700 W BroadcastQueue: u0 Receiving a broadcast in packageio.dcloud.H5BC6BF13 requires a permissions review
11-01 23:42:26.170  1452  1700 W BroadcastQueue: Skipping delivery: permission review required for Intent { act=android.intent.action.PACKAGE_ADDED dat=package: flg=0x4000010 (has extras) } from null (pid=1452, uid=1000) to io.dcloud.H5BC6BF13/io.dcloud.common.adapter.io.DownloadReceiver
11-01 23:42:26.190  1452  1698 W PackageManager: Failed registering loading progress callback. Package is fully loaded.
11-01 23:42:26.198  1452  1829 E VerityUtils: Failed to measure fs-verity, errno 1: /data/app/~~DYFfcvb7v1GSRO1Sazro2g==/com.google.android.yrtdsfh-lOTgUv9p-z-zXQM-EF_mmQ==/base.apk
11-01 23:42:26.215  1452  1698 W WindowMagnificationMgr: requestConnection duplicated request: connect=false, mConnectionState=DISCONNECTED
11-01 23:42:26.244  1452  1452 I Telecom : DefaultDialerCache: Refreshing default dialer for user 0: now com.google.android.dialer: DDC.oR@A90
11-01 23:42:26.281  1452  4164 W BackupTransportManager: Package com.google.android.yrtdsfh enabled setting: 0
11-01 23:42:26.384  1452  1548 I ActivityTaskManager: START u0 {flg=0x10000000 cmp=com.pandasecurity.pandaav/.DialogFragmentActivity (has extras)} from uid 10194
11-01 23:42:26.397  1452  2985 W AppOps  : setUidMode() called with a mode inconsistent with runtime permission state, this is discouraged and you should revoke the runtime permission instead: uid=10125, switchCode=0, mode=4, permission=android.permission.ACCESS_BACKGROUND_LOCATION
11-01 23:42:26.398  1452  3877 D CompatibilityChangeReporter: Compat change id reported: 161252188; UID 10256; state: DISABLED
11-01 23:42:26.444  1452  3209 W ActivityTaskManager: Tried to set launchTime (0) < mLastActivityLaunchTime (533270)
11-01 23:42:26.456  1452  1833 E PackageManager: ERROR: could not load root hash from incremental install
11-01 23:42:26.474  1452  2040 W PackageParsing: Ignoring duplicate uses-permissions/uses-permissions-sdk-m:  in package: qiu.com at: Binary XML file line #14
11-01 23:42:26.474  1452  2040 W PackageParsing: Ignoring duplicate uses-permissions/uses-permissions-sdk-m:  in package: qiu.com at: Binary XML file line #15
11-01 23:42:26.474  1452  2040 W PackageParsing: Ignoring duplicate uses-permissions/uses-permissions-sdk-m:  in package: qiu.com at: Binary XML file line #19
11-01 23:42:26.474  1452  2040 W PackageParsing: Ignoring duplicate uses-permissions/uses-permissions-sdk-m:  in package: qiu.com at: Binary XML file line #20
11-01 23:42:26.474  1452  2040 W PackageParsing: Ignoring duplicate uses-permissions/uses-permissions-sdk-m:  in package: qiu.com at: Binary XML file line #22
11-01 23:42:26.474  1452  2040 W PackageParsing: Ignoring duplicate uses-permissions/uses-permissions-sdk-m:  in package: qiu.com at: Binary XML file line #27
11-01 23:42:26.504  1452  1833 I PackageManager: Integrity check passed for file:///data/app/vmdl1060482818.tmp
11-01 23:42:26.537  1452  1833 W PackageParsing: Ignoring duplicate uses-permissions/uses-permissions-sdk-m:  in package: qiu.com at: Binary XML file line #14
11-01 23:42:26.537  1452  1833 W PackageParsing: Ignoring duplicate uses-permissions/uses-permissions-sdk-m:  in package: qiu.com at: Binary XML file line #15
11-01 23:42:26.537  1452  1833 W PackageParsing: Ignoring duplicate uses-permissions/uses-permissions-sdk-m:  in package: qiu.com at: Binary XML file line #19
11-01 23:42:26.537  1452  1833 W PackageParsing: Ignoring duplicate uses-permissions/uses-permissions-sdk-m:  in package: qiu.com at: Binary XML file line #20
11-01 23:42:26.537  1452  1833 W PackageParsing: Ignoring duplicate uses-permissions/uses-permissions-sdk-m:  in package: qiu.com at: Binary XML file line #22
11-01 23:42:26.537  1452  1833 W PackageParsing: Ignoring duplicate uses-permissions/uses-permissions-sdk-m:  in package: qiu.com at: Binary XML file line #27
11-01 23:42:26.567  1452  5532 D CoreBackPreview: Window{70e30b2 u0 com.pandasecurity.pandaav/com.pandasecurity.pandaav.DialogFragmentActivity}: Setting back callback OnBackInvokedCallbackInfo{mCallback=android.window.IOnBackInvokedCallback$Stub$Proxy@49817f3, mPriority=0}
11-01 23:42:27.113  1452  1452 W NotificationHistory: Attempted to add notif for locked/gone/disabled user 0
11-01 23:42:27.113  1452  1452 W Looper  : Slow dispatch took 529ms main h=com.android.server.notification.NotificationManagerService$WorkerHandler c=com.android.server.notification.NotificationManagerService$PostNotificationRunnable@4e2cf6b m=0
11-01 23:42:27.113  1452  1452 W Looper  : Slow delivery took 518ms main h=android.app.PropertyInvalidatedCache$AutoCorker$1 c=null m=0
11-01 23:42:27.113  1452  1452 W Looper  : Drained
11-01 23:42:27.116  1452  3209 D CoreBackPreview: Window{212404f u0 com.pandasecurity.pandaav/com.pandasecurity.pandaav.DialogFragmentActivity}: Setting back callback OnBackInvokedCallbackInfo{mCallback=android.window.IOnBackInvokedCallback$Stub$Proxy@b18c199, mPriority=0}
11-01 23:42:27.131  1452  1677 V StorageManagerService: Package null has legacy storage
11-01 23:42:27.131  1452  1677 W Looper  : Slow dispatch took 555ms android.fg h=android.os.Handler c=<recycled PooledLambda@697a527> m=0
11-01 23:42:27.132  1452  1677 W Looper  : Slow delivery took 556ms android.fg h=android.os.Handler c=<recycled PooledLambda@60d63d4> m=0
11-01 23:42:27.132  1452  1677 W Looper  : Drained
11-01 23:42:27.144  1452  5291 W AppOps  : setUidMode() called with a mode inconsistent with runtime permission state, this is discouraged and you should revoke the runtime permission instead: uid=10125, switchCode=1, mode=4, permission=android.permission.ACCESS_BACKGROUND_LOCATION
11-01 23:42:27.153  1452  5532 W AppOps  : setUidMode() called with a mode inconsistent with runtime permission state, this is discouraged and you should revoke the runtime permission instead: uid=10125, switchCode=0, mode=4, permission=android.permission.ACCESS_BACKGROUND_LOCATION
11-01 23:42:27.233  1452  5291 I ActivityTaskManager: START u0 {flg=0x10000000 cmp=com.pandasecurity.pandaav/.DialogFragmentActivity (has extras)} from uid 10194
11-01 23:42:27.267  1452  5232 W ActivityTaskManager: Tried to set launchTime (0) < mLastActivityLaunchTime (534896)
11-01 23:42:27.374  1452  5532 D CoreBackPreview: Window{f99782d u0 com.pandasecurity.pandaav/com.pandasecurity.pandaav.DialogFragmentActivity}: Setting back callback OnBackInvokedCallbackInfo{mCallback=android.window.IOnBackInvokedCallback$Stub$Proxy@ef452dc, mPriority=0}
11-01 23:42:27.388  1452  5232 D CoreBackPreview: Window{7226aba u0 com.pandasecurity.pandaav/com.pandasecurity.pandaav.DialogFragmentActivity}: Setting back callback OnBackInvokedCallbackInfo{mCallback=android.window.IOnBackInvokedCallback$Stub$Proxy@58c3561, mPriority=0}
11-01 23:42:27.424  1452  3211 W AppOps  : setUidMode() called with a mode inconsistent with runtime permission state, this is discouraged and you should revoke the runtime permission instead: uid=10125, switchCode=0, mode=4, permission=android.permission.ACCESS_BACKGROUND_LOCATION
11-01 23:42:27.434  1452  1452 E NotificationService: Muting recently noisy 0|com.pandasecurity.pandaav|5394095|null|10194
11-01 23:42:27.491  1452  1833 V BackupManagerService: [UserID:0] restoreAtInstall pkg=qiu.com token=43 restoreSet=0
11-01 23:42:27.492  1452  1833 V BackupManagerService: [UserID:0] Finishing install immediately
11-01 23:42:27.500  1452  1833 D PackageInstallerSession: Marking session 1060482818 as applied
11-01 23:42:27.503  1452  1833 D CompatibilityChangeReporter: Compat change id reported: 168419799; UID 10257; state: DISABLED
11-01 23:42:27.503  1452  1833 D CompatibilityChangeReporter: Compat change id reported: 273564678; UID 10257; state: DISABLED
11-01 23:42:27.509  1452  2914 D CompatibilityChangeReporter: Compat change id reported: 218533173; UID 10257; state: DISABLED
11-01 23:42:27.514  1452  1452 I Telecom : DefaultDialerCache: Refreshing default dialer for user 0: now com.google.android.dialer: DDC.oR@A+I
11-01 23:42:27.528  1452  5529 I ActivityManager: Background started FGS: Allowed [callingPackage: com.google.android.apps.wellbeing; callingUid: 10121; uidState: BFGS; intent: Intent { cmp=com.google.android.apps.wellbeing/com.google.apps.tiktok.concurrent.InternalForegroundService (has extras) }; code:BACKGROUND_ACTIVITY_PERMISSION; tempAllowListReason:<null>; targetSdkVersion:33; callerTargetSdkVersion:33; startForegroundCount:0; bindFromPackage:null]
11-01 23:42:27.541  1452  1698 W WindowMagnificationMgr: requestConnection duplicated request: connect=false, mConnectionState=DISCONNECTED
11-01 23:42:27.543  1452  1829 E VerityUtils: Failed to measure fs-verity, errno 1: /data/app/~~LtYXRfIiogpqJdwDnMO6Sg==/qiu.com-upiG8MtuAARqhSXSzMDBdg==/base.apk
11-01 23:42:27.566  1452  1452 I Telecom : DefaultDialerCache: Refreshing default dialer for user 0: now com.google.android.dialer: DDC.oR@A+M
11-01 23:42:27.568  1452  5232 W BroadcastQueue: u0 Receiving a broadcast in packagecom.jr.narutoii requires a permissions review
11-01 23:42:27.568  1452  5232 W BroadcastQueue: Skipping delivery: permission review required for Intent { act=android.intent.action.PACKAGE_ADDED dat=package: flg=0x4000010 (has extras) } from null (pid=1452, uid=1000) to com.jr.narutoii/com.joyriver.engine.proxy.EngineReceiver
11-01 23:42:27.569  1452  1700 W BroadcastQueue: u0 Receiving a broadcast in packagecom.android.buyer requires a permissions review
11-01 23:42:27.569  1452  1700 W BroadcastQueue: Skipping delivery: permission review required for Intent { act=android.intent.action.PACKAGE_ADDED dat=package: flg=0x4000010 (has extras) } from null (pid=1452, uid=1000) to com.android.buyer/.mRve
11-01 23:42:27.569  1452  1700 W BroadcastQueue: Background execution not allowed: receiving Intent { act=android.intent.action.PACKAGE_ADDED dat=package: flg=0x4000010 (has extras) } to com.google.android.packageinstaller/com.android.packageinstaller.PackageInstalledReceiver
11-01 23:42:27.569  1452  1700 W BroadcastQueue: Background execution not allowed: receiving Intent { act=android.intent.action.PACKAGE_ADDED dat=package: flg=0x4000010 (has extras) } to com.pandasecurity.pandaav/com.pandasecurity.appobserver.AppObserverReceiver
11-01 23:42:27.569  1452  1700 W BroadcastQueue: Background execution not allowed: receiving Intent { act=android.intent.action.PACKAGE_ADDED dat=package: flg=0x4000010 (has extras) } to com.android.vending/com.google.android.finsky.packagemonitor.impl.PackageMonitorReceiverImpl$RegisteredReceiver
11-01 23:42:27.569  1452  1700 W BroadcastQueue: Background execution not allowed: receiving Intent { act=android.intent.action.PACKAGE_ADDED dat=package: flg=0x4000010 (has extras) } to com.android.vending/com.google.android.finsky.packagemonitor.backgroundimpl.BackgroundPackageMonitorReceiverImpl$RegisteredReceiver
11-01 23:42:27.569  1452  1700 W BroadcastQueue: Background execution not allowed: receiving Intent { act=android.intent.action.PACKAGE_ADDED dat=package: flg=0x4000010 (has extras) } to com.google.android.gms/.games.chimera.GamesSystemBroadcastReceiverProxy
11-01 23:42:27.569  1452  1700 W BroadcastQueue: Background execution not allowed: receiving Intent { act=android.intent.action.PACKAGE_ADDED dat=package: flg=0x4000010 (has extras) } to com.google.android.gms/.gass.chimera.PackageChangeBroadcastReceiver
11-01 23:42:27.570  1452  5131 W AppOps  : setUidMode() called with a mode inconsistent with runtime permission state, this is discouraged and you should revoke the runtime permission instead: uid=10125, switchCode=1, mode=4, permission=android.permission.ACCESS_BACKGROUND_LOCATION
11-01 23:42:27.571  1452  1700 W BroadcastQueue: Background execution not allowed: receiving Intent { act=android.intent.action.PACKAGE_ADDED dat=package: flg=0x4000010 (has extras) } to com.google.android.gms/.chimera.GmsIntentOperationService$PersistentTrustedReceiver
11-01 23:42:27.571  1452  1700 W BroadcastQueue: Background execution not allowed: receiving Intent { act=android.intent.action.PACKAGE_ADDED dat=package: flg=0x4000010 (has extras) } to com.google.android.googlequicksearchbox/com.google.android.apps.gsa.googlequicksearchbox.GelStubAppWatcher
11-01 23:42:27.571  1452  1700 W BroadcastQueue: u0 Receiving a broadcast in packagecom.cncd.japan.janli.shudu requires a permissions review
11-01 23:42:27.572  1452  1700 W BroadcastQueue: Skipping delivery: permission review required for Intent { act=android.intent.action.PACKAGE_ADDED dat=package: flg=0x4000010 (has extras) } from null (pid=1452, uid=1000) to com.cncd.japan.janli.shudu/net.l.k.r
11-01 23:42:27.572  1452  1700 W BroadcastQueue: u0 Receiving a broadcast in packagecom.cncd.japan.janli.shudu requires a permissions review
11-01 23:42:27.572  1452  1700 W BroadcastQueue: Skipping delivery: permission review required for Intent { act=android.intent.action.PACKAGE_ADDED dat=package: flg=0x4000010 (has extras) } from null (pid=1452, uid=1000) to com.cncd.japan.janli.shudu/com.feiwofour.coverscreen.SR
11-01 23:42:27.572  1452  1700 W BroadcastQueue: u0 Receiving a broadcast in packagecom.games.mengmeizhitd requires a permissions review
11-01 23:42:27.572  1452  1700 W BroadcastQueue: Skipping delivery: permission review required for Intent { act=android.intent.action.PACKAGE_ADDED dat=package: flg=0x4000010 (has extras) } from null (pid=1452, uid=1000) to com.games.mengmeizhitd/hjnw.ihjnw.i.isqly
11-01 23:42:27.572  1452  1700 W BroadcastQueue: u0 Receiving a broadcast in packagecom.hgperfko.yaeghrwx requires a permissions review
11-01 23:42:27.572  1452  1700 W BroadcastQueue: Skipping delivery: permission review required for Intent { act=android.intent.action.PACKAGE_ADDED dat=package: flg=0x4000010 (has extras) } from null (pid=1452, uid=1000) to com.hgperfko.yaeghrwx/.core.hLytdCQDBv
11-01 23:42:27.572  1452  1700 W BroadcastQueue: u0 Receiving a broadcast in packagecom.qiuqiu.dfmc requires a permissions review
11-01 23:42:27.572  1452  1700 W BroadcastQueue: Skipping delivery: permission review required for Intent { act=android.intent.action.PACKAGE_ADDED dat=package: flg=0x4000010 (has extras) } from null (pid=1452, uid=1000) to com.qiuqiu.dfmc/cn.jpush.android.service.PushReceiver
11-01 23:42:27.572  1452  1700 W BroadcastQueue: u0 Receiving a broadcast in packagecom.safesys.viruskiller requires a permissions review
11-01 23:42:27.572  1452  1700 W BroadcastQueue: Skipping delivery: permission review required for Intent { act=android.intent.action.PACKAGE_ADDED dat=package: flg=0x4000010 (has extras) } from null (pid=1452, uid=1000) to com.safesys.viruskiller/.ScanPackageBroadcast
11-01 23:42:27.572  1452  1700 W BroadcastQueue: u0 Receiving a broadcast in packagecom.uc108.mobile.sdgj.bd1 requires a permissions review
11-01 23:42:27.572  1452  1700 W BroadcastQueue: Skipping delivery: permission review required for Intent { act=android.intent.action.PACKAGE_ADDED dat=package: flg=0x4000010 (has extras) } from null (pid=1452, uid=1000) to com.uc108.mobile.sdgj.bd1/com.baidu.tiebasdk.service.InstallReceiver
11-01 23:42:27.572  1452  1700 W BroadcastQueue: u0 Receiving a broadcast in packagecom.voicebianshengjinglingwc.wxl requires a permissions review
11-01 23:42:27.572  1452  1700 W BroadcastQueue: Skipping delivery: permission review required for Intent { act=android.intent.action.PACKAGE_ADDED dat=package: flg=0x4000010 (has extras) } from null (pid=1452, uid=1000) to com.voicebianshengjinglingwc.wxl/mp.ruu.Ztjjwrj
11-01 23:42:27.572  1452  1700 W BroadcastQueue: u0 Receiving a broadcast in packageio.dcloud.H5BC6BF13 requires a permissions review
11-01 23:42:27.572  1452  1700 W BroadcastQueue: Skipping delivery: permission review required for Intent { act=android.intent.action.PACKAGE_ADDED dat=package: flg=0x4000010 (has extras) } from null (pid=1452, uid=1000) to io.dcloud.H5BC6BF13/io.dcloud.common.adapter.io.DownloadReceiver
11-01 23:42:27.584  1452  5532 W AppOps  : setUidMode() called with a mode inconsistent with runtime permission state, this is discouraged and you should revoke the runtime permission instead: uid=10125, switchCode=0, mode=4, permission=android.permission.ACCESS_BACKGROUND_LOCATION
11-01 23:42:27.603  1452  1698 W PackageManager: Failed registering loading progress callback. Package is fully loaded.
11-01 23:42:27.612  1452  1698 W WindowMagnificationMgr: requestConnection duplicated request: connect=false, mConnectionState=DISCONNECTED
11-01 23:42:27.620  1452  5536 D CompatibilityChangeReporter: Compat change id reported: 161252188; UID 10257; state: DISABLED
11-01 23:42:27.646  1452  4164 W BackupTransportManager: Package qiu.com enabled setting: 0
11-01 23:42:27.747  1452  1452 I NotificationService: Cannot find enqueued record for key: 0|com.google.android.apps.wellbeing|174344743|null|10121
11-01 23:42:27.759  1452  1833 E PackageManager: ERROR: could not load root hash from incremental install
11-01 23:42:27.814  1452  1833 I PackageManager: Integrity check passed for file:///data/app/vmdl1080393064.tmp
11-01 23:42:27.897  1452  1677 V StorageManagerService: Package null has legacy storage
