11-01 23:42:32.038  1452  5291 W BroadcastQueue: Skipping delivery: permission review required for Intent { act=android.intent.action.PACKAGE_ADDED dat=package: flg=0x4000010 (has extras) } from null (pid=1452, uid=1000) to com.jr.narutoii/com.joyriver.engine.proxy.EngineReceiver
11-01 23:42:32.048  1452  1700 W BroadcastQueue: u0 Receiving a broadcast in packagecom.android.buyer requires a permissions review
11-01 23:42:32.048  1452  1700 W BroadcastQueue: Skipping delivery: permission review required for Intent { act=android.intent.action.PACKAGE_ADDED dat=package: flg=0x4000010 (has extras) } from null (pid=1452, uid=1000) to com.android.buyer/.mRve
11-01 23:42:32.048  1452  1700 W BroadcastQueue: Background execution not allowed: receiving Intent { act=android.intent.action.PACKAGE_ADDED dat=package: flg=0x4000010 (has extras) } to com.google.android.packageinstaller/com.android.packageinstaller.PackageInstalledReceiver
11-01 23:42:32.048  1452  1700 W BroadcastQueue: Background execution not allowed: receiving Intent { act=android.intent.action.PACKAGE_ADDED dat=package: flg=0x4000010 (has extras) } to com.pandasecurity.pandaav/com.pandasecurity.appobserver.AppObserverReceiver
11-01 23:42:32.049  1452  1700 W BroadcastQueue: Background execution not allowed: receiving Intent { act=android.intent.action.PACKAGE_ADDED dat=package: flg=0x4000010 (has extras) } to com.android.vending/com.google.android.finsky.packagemonitor.impl.PackageMonitorReceiverImpl$RegisteredReceiver
11-01 23:42:32.049  1452  1700 W BroadcastQueue: Background execution not allowed: receiving Intent { act=android.intent.action.PACKAGE_ADDED dat=package: flg=0x4000010 (has extras) } to com.android.vending/com.google.android.finsky.packagemonitor.backgroundimpl.BackgroundPackageMonitorReceiverImpl$RegisteredReceiver
11-01 23:42:32.049  1452  1700 W BroadcastQueue: Background execution not allowed: receiving Intent { act=android.intent.action.PACKAGE_ADDED dat=package: flg=0x4000010 (has extras) } to com.google.android.gms/.games.chimera.GamesSystemBroadcastReceiverProxy
11-01 23:42:32.049  1452  1700 W BroadcastQueue: Background execution not allowed: receiving Intent { act=android.intent.action.PACKAGE_ADDED dat=package: flg=0x4000010 (has extras) } to com.google.android.gms/.gass.chimera.PackageChangeBroadcastReceiver
11-01 23:42:32.049  1452  1700 W BroadcastQueue: Background execution not allowed: receiving Intent { act=android.intent.action.PACKAGE_ADDED dat=package: flg=0x4000010 (has extras) } to com.google.android.gms/.chimera.GmsIntentOperationService$PersistentTrustedReceiver
11-01 23:42:32.049  1452  1700 W BroadcastQueue: Background execution not allowed: receiving Intent { act=android.intent.action.PACKAGE_ADDED dat=package: flg=0x4000010 (has extras) } to com.google.android.googlequicksearchbox/com.google.android.apps.gsa.googlequicksearchbox.GelStubAppWatcher
11-01 23:42:32.049  1452  1700 W BroadcastQueue: u0 Receiving a broadcast in packagecom.cncd.japan.janli.shudu requires a permissions review
11-01 23:42:32.049  1452  1700 W BroadcastQueue: Skipping delivery: permission review required for Intent { act=android.intent.action.PACKAGE_ADDED dat=package: flg=0x4000010 (has extras) } from null (pid=1452, uid=1000) to com.cncd.japan.janli.shudu/net.l.k.r
11-01 23:42:32.050  1452  1700 W BroadcastQueue: u0 Receiving a broadcast in packagecom.cncd.japan.janli.shudu requires a permissions review
11-01 23:42:32.050  1452  1700 W BroadcastQueue: Skipping delivery: permission review required for Intent { act=android.intent.action.PACKAGE_ADDED dat=package: flg=0x4000010 (has extras) } from null (pid=1452, uid=1000) to com.cncd.japan.janli.shudu/com.feiwofour.coverscreen.SR
11-01 23:42:32.050  1452  1700 W BroadcastQueue: u0 Receiving a broadcast in packagecom.games.mengmeizhitd requires a permissions review
11-01 23:42:32.050  1452  1700 W BroadcastQueue: Skipping delivery: permission review required for Intent { act=android.intent.action.PACKAGE_ADDED dat=package: flg=0x4000010 (has extras) } from null (pid=1452, uid=1000) to com.games.mengmeizhitd/hjnw.ihjnw.i.isqly
11-01 23:42:32.050  1452  1700 W BroadcastQueue: u0 Receiving a broadcast in packagecom.hgperfko.yaeghrwx requires a permissions review
11-01 23:42:32.050  1452  1700 W BroadcastQueue: Skipping delivery: permission review required for Intent { act=android.intent.action.PACKAGE_ADDED dat=package: flg=0x4000010 (has extras) } from null (pid=1452, uid=1000) to com.hgperfko.yaeghrwx/.core.hLytdCQDBv
11-01 23:42:32.050  1452  1700 W BroadcastQueue: u0 Receiving a broadcast in packagecom.qiuqiu.dfmc requires a permissions review
11-01 23:42:32.050  1452  1700 W BroadcastQueue: Skipping delivery: permission review required for Intent { act=android.intent.action.PACKAGE_ADDED dat=package: flg=0x4000010 (has extras) } from null (pid=1452, uid=1000) to com.qiuqiu.dfmc/cn.jpush.android.service.PushReceiver
11-01 23:42:32.052  1452  1700 W BroadcastQueue: u0 Receiving a broadcast in packagecom.safesys.viruskiller requires a permissions review
11-01 23:42:32.052  1452  1700 W BroadcastQueue: Skipping delivery: permission review required for Intent { act=android.intent.action.PACKAGE_ADDED dat=package: flg=0x4000010 (has extras) } from null (pid=1452, uid=1000) to com.safesys.viruskiller/.ScanPackageBroadcast
11-01 23:42:32.052  1452  1700 W BroadcastQueue: u0 Receiving a broadcast in packagecom.uc108.mobile.sdgj.bd1 requires a permissions review
11-01 23:42:32.052  1452  1700 W BroadcastQueue: Skipping delivery: permission review required for Intent { act=android.intent.action.PACKAGE_ADDED dat=package: flg=0x4000010 (has extras) } from null (pid=1452, uid=1000) to com.uc108.mobile.sdgj.bd1/com.baidu.tiebasdk.service.InstallReceiver
11-01 23:42:32.052  1452  1700 W BroadcastQueue: u0 Receiving a broadcast in packagecom.voicebianshengjinglingwc.wxl requires a permissions review
11-01 23:42:32.052  1452  1700 W BroadcastQueue: Skipping delivery: permission review required for Intent { act=android.intent.action.PACKAGE_ADDED dat=package: flg=0x4000010 (has extras) } from null (pid=1452, uid=1000) to com.voicebianshengjinglingwc.wxl/mp.ruu.Ztjjwrj
11-01 23:42:32.052  1452  1700 W BroadcastQueue: u0 Receiving a broadcast in packagecom.yoojar.zlsg.baidu requires a permissions review
11-01 23:42:32.052  1452  1700 W BroadcastQueue: Skipping delivery: permission review required for Intent { act=android.intent.action.PACKAGE_ADDED dat=package: flg=0x4000010 (has extras) } from null (pid=1452, uid=1000) to com.yoojar.zlsg.baidu/com.duoku.platform.download.broadcast.AppMonitorReceiver
11-01 23:42:32.052  1452  1700 W BroadcastQueue: u0 Receiving a broadcast in packageio.dcloud.H5BC6BF13 requires a permissions review
11-01 23:42:32.052  1452  1700 W BroadcastQueue: Skipping delivery: permission review required for Intent { act=android.intent.action.PACKAGE_ADDED dat=package: flg=0x4000010 (has extras) } from null (pid=1452, uid=1000) to io.dcloud.H5BC6BF13/io.dcloud.common.adapter.io.DownloadReceiver
11-01 23:42:32.069  1452  1829 E VerityUtils: Failed to measure fs-verity, errno 1: /data/app/~~IGcX1QCrspLVDRPfhHGR6g==/com.kascend.chushov-EkiKRtCkpBWAEqFZIp0EnA==/base.apk
11-01 23:42:32.099  1452  5532 D CompatibilityChangeReporter: Compat change id reported: 161252188; UID 10262; state: DISABLED
11-01 23:42:32.124  1452  1452 I Telecom : DefaultDialerCache: Refreshing default dialer for user 0: now com.google.android.dialer: DDC.oR@BAM
11-01 23:42:32.128  1452  4164 W BackupTransportManager: Package com.kascend.chushov enabled setting: 0
11-01 23:42:32.139  1452  1698 W WindowMagnificationMgr: requestConnection duplicated request: connect=false, mConnectionState=DISCONNECTED
11-01 23:42:32.205  1452  5291 W BroadcastQueue: u0 Receiving a broadcast in packagecom.yoojar.zlsg.baidu requires a permissions review
11-01 23:42:32.205  1452  5291 W BroadcastQueue: Skipping delivery: permission review required for Intent { act=android.intent.action.PACKAGE_CHANGED dat=package: flg=0x5000010 (has extras) } from null (pid=1452, uid=1000) to com.yoojar.zlsg.baidu/com.duoku.platform.download.broadcast.AppMonitorReceiver
11-01 23:42:32.237  1452  1698 W PackageManager: Failed registering loading progress callback. Package is fully loaded.
11-01 23:42:32.247  1452  1698 W WindowMagnificationMgr: requestConnection duplicated request: connect=false, mConnectionState=DISCONNECTED
11-01 23:42:32.279  1452  1833 E PackageManager: ERROR: could not load root hash from incremental install
11-01 23:42:32.286  1452  2040 W PackageParsing: Ignoring duplicate uses-permissions/uses-permissions-sdk-m: android.permission.INTERNET in package: tfcqzk.lofst.hkgkaucmthtsmy at: Binary XML file line #10
11-01 23:42:32.316  1452  1833 I PackageManager: Integrity check passed for file:///data/app/vmdl771440303.tmp
11-01 23:42:32.321  1452  1833 W PackageParsing: Ignoring duplicate uses-permissions/uses-permissions-sdk-m: android.permission.INTERNET in package: tfcqzk.lofst.hkgkaucmthtsmy at: Binary XML file line #10
11-01 23:42:32.324  1452  3211 W AppOps  : setUidMode() called with a mode inconsistent with runtime permission state, this is discouraged and you should revoke the runtime permission instead: uid=10125, switchCode=0, mode=4, permission=android.permission.ACCESS_BACKGROUND_LOCATION
11-01 23:42:32.395  1452  1677 V StorageManagerService: Package null does not have legacy storage
11-01 23:42:32.509  1452  5533 I ActivityTaskManager: START u0 {flg=0x10000000 cmp=com.pandasecurity.pandaav/.DialogFragmentActivity (has extras)} from uid 10194
11-01 23:42:32.547  1452  5291 W AppOps  : setUidMode() called with a mode inconsistent with runtime permission state, this is discouraged and you should revoke the runtime permission instead: uid=10125, switchCode=1, mode=4, permission=android.permission.ACCESS_BACKGROUND_LOCATION
11-01 23:42:32.550  1452  5291 W AppOps  : setUidMode() called with a mode inconsistent with runtime permission state, this is discouraged and you should revoke the runtime permission instead: uid=10125, switchCode=0, mode=4, permission=android.permission.ACCESS_BACKGROUND_LOCATION
11-01 23:42:32.558  1452  3209 W ActivityTaskManager: Tried to set launchTime (0) < mLastActivityLaunchTime (538089)
11-01 23:42:32.620  1452  5300 D CoreBackPreview: Window{ab50d4e u0 com.pandasecurity.pandaav/com.pandasecurity.pandaav.DialogFragmentActivity}: Setting back callback OnBackInvokedCallbackInfo{mCallback=android.window.IOnBackInvokedCallback$Stub$Proxy@2acef81, mPriority=0}
11-01 23:42:32.637  1452  3211 D CoreBackPreview: Window{74015f u0 com.pandasecurity.pandaav/com.pandasecurity.pandaav.DialogFragmentActivity}: Setting back callback OnBackInvokedCallbackInfo{mCallback=android.window.IOnBackInvokedCallback$Stub$Proxy@b70a298, mPriority=0}
11-01 23:42:32.712  1452  1452 W NotificationHistory: Attempted to add notif for locked/gone/disabled user 0
11-01 23:42:32.827  1452  1833 V BackupManagerService: [UserID:0] restoreAtInstall pkg=tfcqzk.lofst.hkgkaucmthtsmy token=49 restoreSet=0
11-01 23:42:32.827  1452  1833 V BackupManagerService: [UserID:0] Finishing install immediately
11-01 23:42:32.833  1452  1833 D PackageInstallerSession: Marking session 771440303 as applied
11-01 23:42:32.841  1452  1833 D CompatibilityChangeReporter: Compat change id reported: 168419799; UID 10263; state: DISABLED
11-01 23:42:32.841  1452  1833 D CompatibilityChangeReporter: Compat change id reported: 273564678; UID 10263; state: DISABLED
11-01 23:42:32.844  1452  2914 D CompatibilityChangeReporter: Compat change id reported: 218533173; UID 10263; state: DISABLED
11-01 23:42:32.853  1452  1452 I Telecom : DefaultDialerCache: Refreshing default dialer for user 0: now com.google.android.dialer: DDC.oR@BAg
11-01 23:42:32.861  1452  5532 W BroadcastQueue: u0 Receiving a broadcast in packagecom.jr.narutoii requires a permissions review
11-01 23:42:32.862  1452  5532 W BroadcastQueue: Skipping delivery: permission review required for Intent { act=android.intent.action.PACKAGE_ADDED dat=package: flg=0x4000010 (has extras) } from null (pid=1452, uid=1000) to com.jr.narutoii/com.joyriver.engine.proxy.EngineReceiver
11-01 23:42:32.883  1452  1700 W BroadcastQueue: u0 Receiving a broadcast in packagecom.android.buyer requires a permissions review
11-01 23:42:32.883  1452  1700 W BroadcastQueue: Skipping delivery: permission review required for Intent { act=android.intent.action.PACKAGE_ADDED dat=package: flg=0x4000010 (has extras) } from null (pid=1452, uid=1000) to com.android.buyer/.mRve
11-01 23:42:32.883  1452  1700 W BroadcastQueue: Background execution not allowed: receiving Intent { act=android.intent.action.PACKAGE_ADDED dat=package: flg=0x4000010 (has extras) } to com.google.android.packageinstaller/com.android.packageinstaller.PackageInstalledReceiver
11-01 23:42:32.883  1452  1700 W BroadcastQueue: Background execution not allowed: receiving Intent { act=android.intent.action.PACKAGE_ADDED dat=package: flg=0x4000010 (has extras) } to com.pandasecurity.pandaav/com.pandasecurity.appobserver.AppObserverReceiver
11-01 23:42:32.887  1452  1700 W BroadcastQueue: Background execution not allowed: receiving Intent { act=android.intent.action.PACKAGE_ADDED dat=package: flg=0x4000010 (has extras) } to com.android.vending/com.google.android.finsky.packagemonitor.impl.PackageMonitorReceiverImpl$RegisteredReceiver
11-01 23:42:32.893  1452  1700 W BroadcastQueue: Background execution not allowed: receiving Intent { act=android.intent.action.PACKAGE_ADDED dat=package: flg=0x4000010 (has extras) } to com.android.vending/com.google.android.finsky.packagemonitor.backgroundimpl.BackgroundPackageMonitorReceiverImpl$RegisteredReceiver
11-01 23:42:32.895  1452  1700 W BroadcastQueue: Background execution not allowed: receiving Intent { act=android.intent.action.PACKAGE_ADDED dat=package: flg=0x4000010 (has extras) } to com.google.android.gms/.games.chimera.GamesSystemBroadcastReceiverProxy
11-01 23:42:32.895  1452  1700 W BroadcastQueue: Background execution not allowed: receiving Intent { act=android.intent.action.PACKAGE_ADDED dat=package: flg=0x4000010 (has extras) } to com.google.android.gms/.gass.chimera.PackageChangeBroadcastReceiver
11-01 23:42:32.895  1452  1700 W BroadcastQueue: Background execution not allowed: receiving Intent { act=android.intent.action.PACKAGE_ADDED dat=package: flg=0x4000010 (has extras) } to com.google.android.gms/.chimera.GmsIntentOperationService$PersistentTrustedReceiver
11-01 23:42:32.895  1452  1700 W BroadcastQueue: Background execution not allowed: receiving Intent { act=android.intent.action.PACKAGE_ADDED dat=package: flg=0x4000010 (has extras) } to com.google.android.googlequicksearchbox/com.google.android.apps.gsa.googlequicksearchbox.GelStubAppWatcher
11-01 23:42:32.895  1452  1700 W BroadcastQueue: u0 Receiving a broadcast in packagecom.cncd.japan.janli.shudu requires a permissions review
11-01 23:42:32.895  1452  1700 W BroadcastQueue: Skipping delivery: permission review required for Intent { act=android.intent.action.PACKAGE_ADDED dat=package: flg=0x4000010 (has extras) } from null (pid=1452, uid=1000) to com.cncd.japan.janli.shudu/net.l.k.r
11-01 23:42:32.895  1452  1700 W BroadcastQueue: u0 Receiving a broadcast in packagecom.cncd.japan.janli.shudu requires a permissions review
11-01 23:42:32.895  1452  1700 W BroadcastQueue: Skipping delivery: permission review required for Intent { act=android.intent.action.PACKAGE_ADDED dat=package: flg=0x4000010 (has extras) } from null (pid=1452, uid=1000) to com.cncd.japan.janli.shudu/com.feiwofour.coverscreen.SR
11-01 23:42:32.895  1452  1700 W BroadcastQueue: u0 Receiving a broadcast in packagecom.games.mengmeizhitd requires a permissions review
11-01 23:42:32.895  1452  1700 W BroadcastQueue: Skipping delivery: permission review required for Intent { act=android.intent.action.PACKAGE_ADDED dat=package: flg=0x4000010 (has extras) } from null (pid=1452, uid=1000) to com.games.mengmeizhitd/hjnw.ihjnw.i.isqly
11-01 23:42:32.895  1452  1700 W BroadcastQueue: u0 Receiving a broadcast in packagecom.hgperfko.yaeghrwx requires a permissions review
11-01 23:42:32.895  1452  1700 W BroadcastQueue: Skipping delivery: permission review required for Intent { act=android.intent.action.PACKAGE_ADDED dat=package: flg=0x4000010 (has extras) } from null (pid=1452, uid=1000) to com.hgperfko.yaeghrwx/.core.hLytdCQDBv
11-01 23:42:32.896  1452  1700 W BroadcastQueue: u0 Receiving a broadcast in packagecom.qiuqiu.dfmc requires a permissions review
11-01 23:42:32.896  1452  1700 W BroadcastQueue: Skipping delivery: permission review required for Intent { act=android.intent.action.PACKAGE_ADDED dat=package: flg=0x4000010 (has extras) } from null (pid=1452, uid=1000) to com.qiuqiu.dfmc/cn.jpush.android.service.PushReceiver
11-01 23:42:32.896  1452  1700 W BroadcastQueue: u0 Receiving a broadcast in packagecom.safesys.viruskiller requires a permissions review
11-01 23:42:32.896  1452  1700 W BroadcastQueue: Skipping delivery: permission review required for Intent { act=android.intent.action.PACKAGE_ADDED dat=package: flg=0x4000010 (has extras) } from null (pid=1452, uid=1000) to com.safesys.viruskiller/.ScanPackageBroadcast
11-01 23:42:32.896  1452  1700 W BroadcastQueue: u0 Receiving a broadcast in packagecom.uc108.mobile.sdgj.bd1 requires a permissions review
11-01 23:42:32.896  1452  1700 W BroadcastQueue: Skipping delivery: permission review required for Intent { act=android.intent.action.PACKAGE_ADDED dat=package: flg=0x4000010 (has extras) } from null (pid=1452, uid=1000) to com.uc108.mobile.sdgj.bd1/com.baidu.tiebasdk.service.InstallReceiver
11-01 23:42:32.896  1452  1700 W BroadcastQueue: u0 Receiving a broadcast in packagecom.voicebianshengjinglingwc.wxl requires a permissions review
11-01 23:42:32.896  1452  1700 W BroadcastQueue: Skipping delivery: permission review required for Intent { act=android.intent.action.PACKAGE_ADDED dat=package: flg=0x4000010 (has extras) } from null (pid=1452, uid=1000) to com.voicebianshengjinglingwc.wxl/mp.ruu.Ztjjwrj
11-01 23:42:32.896  1452  1700 W BroadcastQueue: u0 Receiving a broadcast in packagecom.yoojar.zlsg.baidu requires a permissions review
11-01 23:42:32.896  1452  1700 W BroadcastQueue: Skipping delivery: permission review required for Intent { act=android.intent.action.PACKAGE_ADDED dat=package: flg=0x4000010 (has extras) } from null (pid=1452, uid=1000) to com.yoojar.zlsg.baidu/com.duoku.platform.download.broadcast.AppMonitorReceiver
11-01 23:42:32.896  1452  1700 W BroadcastQueue: u0 Receiving a broadcast in packageio.dcloud.H5BC6BF13 requires a permissions review
11-01 23:42:32.896  1452  1700 W BroadcastQueue: Skipping delivery: permission review required for Intent { act=android.intent.action.PACKAGE_ADDED dat=package: flg=0x4000010 (has extras) } from null (pid=1452, uid=1000) to io.dcloud.H5BC6BF13/io.dcloud.common.adapter.io.DownloadReceiver
11-01 23:42:32.896  1452  1452 V BackupManagerConstants: getFullBackupIntervalMilliseconds(...) returns 86400000
11-01 23:42:32.896  1452  1452 V BackupManagerConstants: getFullBackupRequiredNetworkType(...) returns 2
11-01 23:42:32.896  1452  1452 V BackupManagerConstants: getFullBackupRequireCharging(...) returns true
11-01 23:42:32.910  1452  1698 W WindowMagnificationMgr: requestConnection duplicated request: connect=false, mConnectionState=DISCONNECTED
11-01 23:42:32.918  1452  1452 I Telecom : DefaultDialerCache: Refreshing default dialer for user 0: now com.google.android.dialer: DDC.oR@BAs
11-01 23:42:32.932  1452  4164 W BackupTransportManager: Package tfcqzk.lofst.hkgkaucmthtsmy enabled setting: 0
11-01 23:42:32.941  1452  1829 E VerityUtils: Failed to measure fs-verity, errno 1: /data/app/~~NtCm_ll1zBb9DbJl4lKUMg==/tfcqzk.lofst.hkgkaucmthtsmy-wOxuV2C4zBEOuluXANkMlg==/base.apk
11-01 23:42:32.952  1452  5536 D CompatibilityChangeReporter: Compat change id reported: 161252188; UID 10263; state: DISABLED
11-01 23:42:33.059  1452  1833 E PackageManager: ERROR: could not load root hash from incremental install
11-01 23:42:33.062  1452  2040 W PackageParsing: Ignoring duplicate uses-permissions/uses-permissions-sdk-m: android.permission.INTERNET in package: com.init.env at: Binary XML file line #19
11-01 23:42:33.062  1452  2040 W PackageParsing: Ignoring duplicate uses-permissions/uses-permissions-sdk-m: android.permission.READ_PHONE_STATE in package: com.init.env at: Binary XML file line #20
11-01 23:42:33.080  1452  1833 I PackageManager: Integrity check passed for file:///data/app/vmdl1423670759.tmp
11-01 23:42:33.098  1452  1698 W PackageManager: Failed registering loading progress callback. Package is fully loaded.
11-01 23:42:33.099  1452  3211 W BroadcastQueue: u0 Receiving a broadcast in packagecom.yoojar.zlsg.baidu requires a permissions review
11-01 23:42:33.099  1452  3211 W BroadcastQueue: Skipping delivery: permission review required for Intent { act=android.intent.action.PACKAGE_CHANGED dat=package: flg=0x5000010 (has extras) } from null (pid=1452, uid=1000) to com.yoojar.zlsg.baidu/com.duoku.platform.download.broadcast.AppMonitorReceiver
11-01 23:42:33.107  1452  1698 W WindowMagnificationMgr: requestConnection duplicated request: connect=false, mConnectionState=DISCONNECTED
11-01 23:42:33.132  1452  1833 W PackageParsing: Ignoring duplicate uses-permissions/uses-permissions-sdk-m: android.permission.INTERNET in package: com.init.env at: Binary XML file line #19
11-01 23:42:33.132  1452  1833 W PackageParsing: Ignoring duplicate uses-permissions/uses-permissions-sdk-m: android.permission.READ_PHONE_STATE in package: com.init.env at: Binary XML file line #20
11-01 23:42:33.219  1452  1677 V StorageManagerService: Package null has legacy storage
11-01 23:42:33.290  1452  5536 W AppOps  : setUidMode() called with a mode inconsistent with runtime permission state, this is discouraged and you should revoke the runtime permission instead: uid=10125, switchCode=0, mode=4, permission=android.permission.ACCESS_BACKGROUND_LOCATION
11-01 23:42:33.354  1452  1833 V BackupManagerService: [UserID:0] restoreAtInstall pkg=com.init.env token=4a restoreSet=0
11-01 23:42:33.354  1452  1833 V BackupManagerService: [UserID:0] Finishing install immediately
11-01 23:42:33.356  1452  1833 D PackageInstallerSession: Marking session 1423670759 as applied
11-01 23:42:33.360  1452  1833 D CompatibilityChangeReporter: Compat change id reported: 168419799; UID 10264; state: DISABLED
11-01 23:42:33.360  1452  1833 D CompatibilityChangeReporter: Compat change id reported: 273564678; UID 10264; state: DISABLED
11-01 23:42:33.365  1452  2914 D CompatibilityChangeReporter: Compat change id reported: 218533173; UID 10264; state: DISABLED
11-01 23:42:33.378  1452  3877 W BroadcastQueue: u0 Receiving a broadcast in packagecom.jr.narutoii requires a permissions review
11-01 23:42:33.378  1452  3877 W BroadcastQueue: Skipping delivery: permission review required for Intent { act=android.intent.action.PACKAGE_ADDED dat=package: flg=0x4000010 (has extras) } from null (pid=1452, uid=1000) to com.jr.narutoii/com.joyriver.engine.proxy.EngineReceiver
11-01 23:42:33.380  1452  1452 I Telecom : DefaultDialerCache: Refreshing default dialer for user 0: now com.google.android.dialer: DDC.oR@BAw
11-01 23:42:33.390  1452  1700 W BroadcastQueue: u0 Receiving a broadcast in packagecom.android.buyer requires a permissions review
11-01 23:42:33.390  1452  1700 W BroadcastQueue: Skipping delivery: permission review required for Intent { act=android.intent.action.PACKAGE_ADDED dat=package: flg=0x4000010 (has extras) } from null (pid=1452, uid=1000) to com.android.buyer/.mRve
11-01 23:42:33.390  1452  1700 W BroadcastQueue: Background execution not allowed: receiving Intent { act=android.intent.action.PACKAGE_ADDED dat=package: flg=0x4000010 (has extras) } to com.google.android.packageinstaller/com.android.packageinstaller.PackageInstalledReceiver
11-01 23:42:33.390  1452  1700 W BroadcastQueue: Background execution not allowed: receiving Intent { act=android.intent.action.PACKAGE_ADDED dat=package: flg=0x4000010 (has extras) } to com.pandasecurity.pandaav/com.pandasecurity.appobserver.AppObserverReceiver
11-01 23:42:33.390  1452  1700 W BroadcastQueue: Background execution not allowed: receiving Intent { act=android.intent.action.PACKAGE_ADDED dat=package: flg=0x4000010 (has extras) } to com.android.vending/com.google.android.finsky.packagemonitor.impl.PackageMonitorReceiverImpl$RegisteredReceiver
11-01 23:42:33.390  1452  1700 W BroadcastQueue: Background execution not allowed: receiving Intent { act=android.intent.action.PACKAGE_ADDED dat=package: flg=0x4000010 (has extras) } to com.android.vending/com.google.android.finsky.packagemonitor.backgroundimpl.BackgroundPackageMonitorReceiverImpl$RegisteredReceiver
11-01 23:42:33.390  1452  1700 W BroadcastQueue: Background execution not allowed: receiving Intent { act=android.intent.action.PACKAGE_ADDED dat=package: flg=0x4000010 (has extras) } to com.google.android.gms/.games.chimera.GamesSystemBroadcastReceiverProxy
11-01 23:42:33.390  1452  1700 W BroadcastQueue: Background execution not allowed: receiving Intent { act=android.intent.action.PACKAGE_ADDED dat=package: flg=0x4000010 (has extras) } to com.google.android.gms/.gass.chimera.PackageChangeBroadcastReceiver
11-01 23:42:33.390  1452  1700 W BroadcastQueue: Background execution not allowed: receiving Intent { act=android.intent.action.PACKAGE_ADDED dat=package: flg=0x4000010 (has extras) } to com.google.android.gms/.chimera.GmsIntentOperationService$PersistentTrustedReceiver
11-01 23:42:33.391  1452  1700 W BroadcastQueue: Background execution not allowed: receiving Intent { act=android.intent.action.PACKAGE_ADDED dat=package: flg=0x4000010 (has extras) } to com.google.android.googlequicksearchbox/com.google.android.apps.gsa.googlequicksearchbox.GelStubAppWatcher
11-01 23:42:33.391  1452  1700 W BroadcastQueue: u0 Receiving a broadcast in packagecom.cncd.japan.janli.shudu requires a permissions review
11-01 23:42:33.391  1452  1700 W BroadcastQueue: Skipping delivery: permission review required for Intent { act=android.intent.action.PACKAGE_ADDED dat=package: flg=0x4000010 (has extras) } from null (pid=1452, uid=1000) to com.cncd.japan.janli.shudu/net.l.k.r
11-01 23:42:33.391  1452  1700 W BroadcastQueue: u0 Receiving a broadcast in packagecom.cncd.japan.janli.shudu requires a permissions review
11-01 23:42:33.391  1452  1700 W BroadcastQueue: Skipping delivery: permission review required for Intent { act=android.intent.action.PACKAGE_ADDED dat=package: flg=0x4000010 (has extras) } from null (pid=1452, uid=1000) to com.cncd.japan.janli.shudu/com.feiwofour.coverscreen.SR
11-01 23:42:33.391  1452  1700 W BroadcastQueue: u0 Receiving a broadcast in packagecom.games.mengmeizhitd requires a permissions review
11-01 23:42:33.391  1452  1700 W BroadcastQueue: Skipping delivery: permission review required for Intent { act=android.intent.action.PACKAGE_ADDED dat=package: flg=0x4000010 (has extras) } from null (pid=1452, uid=1000) to com.games.mengmeizhitd/hjnw.ihjnw.i.isqly
11-01 23:42:33.391  1452  1700 W BroadcastQueue: u0 Receiving a broadcast in packagecom.hgperfko.yaeghrwx requires a permissions review
11-01 23:42:33.391  1452  1700 W BroadcastQueue: Skipping delivery: permission review required for Intent { act=android.intent.action.PACKAGE_ADDED dat=package: flg=0x4000010 (has extras) } from null (pid=1452, uid=1000) to com.hgperfko.yaeghrwx/.core.hLytdCQDBv
11-01 23:42:33.391  1452  1700 W BroadcastQueue: u0 Receiving a broadcast in packagecom.qiuqiu.dfmc requires a permissions review
11-01 23:42:33.391  1452  1700 W BroadcastQueue: Skipping delivery: permission review required for Intent { act=android.intent.action.PACKAGE_ADDED dat=package: flg=0x4000010 (has extras) } from null (pid=1452, uid=1000) to com.qiuqiu.dfmc/cn.jpush.android.service.PushReceiver
11-01 23:42:33.391  1452  1700 W BroadcastQueue: u0 Receiving a broadcast in packagecom.safesys.viruskiller requires a permissions review
11-01 23:42:33.391  1452  1700 W BroadcastQueue: Skipping delivery: permission review required for Intent { act=android.intent.action.PACKAGE_ADDED dat=package: flg=0x4000010 (has extras) } from null (pid=1452, uid=1000) to com.safesys.viruskiller/.ScanPackageBroadcast
11-01 23:42:33.391  1452  1700 W BroadcastQueue: u0 Receiving a broadcast in packagecom.uc108.mobile.sdgj.bd1 requires a permissions review
11-01 23:42:33.391  1452  1700 W BroadcastQueue: Skipping delivery: permission review required for Intent { act=android.intent.action.PACKAGE_ADDED dat=package: flg=0x4000010 (has extras) } from null (pid=1452, uid=1000) to com.uc108.mobile.sdgj.bd1/com.baidu.tiebasdk.service.InstallReceiver
11-01 23:42:33.391  1452  1700 W BroadcastQueue: u0 Receiving a broadcast in packagecom.voicebianshengjinglingwc.wxl requires a permissions review
11-01 23:42:33.391  1452  1700 W BroadcastQueue: Skipping delivery: permission review required for Intent { act=android.intent.action.PACKAGE_ADDED dat=package: flg=0x4000010 (has extras) } from null (pid=1452, uid=1000) to com.voicebianshengjinglingwc.wxl/mp.ruu.Ztjjwrj
11-01 23:42:33.391  1452  1700 W BroadcastQueue: u0 Receiving a broadcast in packagecom.yoojar.zlsg.baidu requires a permissions review
11-01 23:42:33.391  1452  1700 W BroadcastQueue: Skipping delivery: permission review required for Intent { act=android.intent.action.PACKAGE_ADDED dat=package: flg=0x4000010 (has extras) } from null (pid=1452, uid=1000) to com.yoojar.zlsg.baidu/com.duoku.platform.download.broadcast.AppMonitorReceiver
11-01 23:42:33.391  1452  1700 W BroadcastQueue: u0 Receiving a broadcast in packageio.dcloud.H5BC6BF13 requires a permissions review
11-01 23:42:33.391  1452  1700 W BroadcastQueue: Skipping delivery: permission review required for Intent { act=android.intent.action.PACKAGE_ADDED dat=package: flg=0x4000010 (has extras) } from null (pid=1452, uid=1000) to io.dcloud.H5BC6BF13/io.dcloud.common.adapter.io.DownloadReceiver
11-01 23:42:33.394  1452  1452 V BackupManagerConstants: getFullBackupIntervalMilliseconds(...) returns 86400000
11-01 23:42:33.394  1452  1452 V BackupManagerConstants: getFullBackupRequiredNetworkType(...) returns 2
11-01 23:42:33.395  1452  1452 V BackupManagerConstants: getFullBackupRequireCharging(...) returns true
11-01 23:42:33.423  1452  1452 I Telecom : DefaultDialerCache: Refreshing default dialer for user 0: now com.google.android.dialer: DDC.oR@BA0
11-01 23:42:33.430  1452  1698 W WindowMagnificationMgr: requestConnection duplicated request: connect=false, mConnectionState=DISCONNECTED
11-01 23:42:33.445  1452  3211 I ActivityTaskManager: START u0 {flg=0x10000000 cmp=com.pandasecurity.pandaav/.DialogFragmentActivity (has extras)} from uid 10194
11-01 23:42:33.447  1452  1829 E VerityUtils: Failed to measure fs-verity, errno 1: /data/app/~~e5sDuI_TEbomIksWo3R-EQ==/com.init.env-aJQwWBxcfwftPimt7iP7zQ==/base.apk
11-01 23:42:33.456  1452  5529 D CompatibilityChangeReporter: Compat change id reported: 161252188; UID 10264; state: DISABLED
11-01 23:42:33.460  1452  5131 W AppOps  : setUidMode() called with a mode inconsistent with runtime permission state, this is discouraged and you should revoke the runtime permission instead: uid=10125, switchCode=1, mode=4, permission=android.permission.ACCESS_BACKGROUND_LOCATION
11-01 23:42:33.464  1452  5530 W AppOps  : setUidMode() called with a mode inconsistent with runtime permission state, this is discouraged and you should revoke the runtime permission instead: uid=10125, switchCode=0, mode=4, permission=android.permission.ACCESS_BACKGROUND_LOCATION
11-01 23:42:33.476  1452  5295 W ActivityTaskManager: Tried to set launchTime (0) < mLastActivityLaunchTime (541002)
11-01 23:42:33.481  1452  4164 W BackupTransportManager: Package com.init.env enabled setting: 0
11-01 23:42:33.562  1452  2937 D CoreBackPreview: Window{2322b17 u0 com.pandasecurity.pandaav/com.pandasecurity.pandaav.DialogFragmentActivity}: Setting back callback OnBackInvokedCallbackInfo{mCallback=android.window.IOnBackInvokedCallback$Stub$Proxy@d891da3, mPriority=0}
11-01 23:42:33.569  1452  5232 D CoreBackPreview: Window{350d01e u0 com.pandasecurity.pandaav/com.pandasecurity.pandaav.DialogFragmentActivity}: Setting back callback OnBackInvokedCallbackInfo{mCallback=android.window.IOnBackInvokedCallback$Stub$Proxy@63bbbb8, mPriority=0}
11-01 23:42:33.573  1452  1833 E PackageManager: ERROR: could not load root hash from incremental install
11-01 23:42:33.590  1452  1698 W PackageManager: Failed registering loading progress callback. Package is fully loaded.
11-01 23:42:33.590  1452  1833 I PackageManager: Integrity check passed for file:///data/app/vmdl799780991.tmp
11-01 23:42:33.598  1452  1698 W WindowMagnificationMgr: requestConnection duplicated request: connect=false, mConnectionState=DISCONNECTED
11-01 23:42:33.646  1452  1452 E NotificationService: Muting recently noisy 0|com.pandasecurity.pandaav|5394095|null|10194
11-01 23:42:33.706  1452  5528 W BroadcastQueue: u0 Receiving a broadcast in packagecom.yoojar.zlsg.baidu requires a permissions review
11-01 23:42:33.706  1452  5528 W BroadcastQueue: Skipping delivery: permission review required for Intent { act=android.intent.action.PACKAGE_CHANGED dat=package: flg=0x5000010 (has extras) } from null (pid=1452, uid=1000) to com.yoojar.zlsg.baidu/com.duoku.platform.download.broadcast.AppMonitorReceiver
11-01 23:42:33.815  1452  1677 V StorageManagerService: Package null has legacy storage
11-01 23:42:33.873  1452  5295 I ActivityTaskManager: START u0 {flg=0x10000000 cmp=com.pandasecurity.pandaav/.DialogFragmentActivity (has extras)} from uid 10194
11-01 23:42:33.910  1452  5533 W ActivityTaskManager: Tried to set launchTime (0) < mLastActivityLaunchTime (541920)
11-01 23:42:33.994  1452  2937 D CoreBackPreview: Window{546ef93 u0 com.pandasecurity.pandaav/com.pandasecurity.pandaav.DialogFragmentActivity}: Setting back callback OnBackInvokedCallbackInfo{mCallback=android.window.IOnBackInvokedCallback$Stub$Proxy@add1785, mPriority=0}
11-01 23:42:34.002  1452  5247 D CoreBackPreview: Window{e8c74e8 u0 com.pandasecurity.pandaav/com.pandasecurity.pandaav.DialogFragmentActivity}: Setting back callback OnBackInvokedCallbackInfo{mCallback=android.window.IOnBackInvokedCallback$Stub$Proxy@49b99a6, mPriority=0}
11-01 23:42:34.018  1452  1833 V BackupManagerService: [UserID:0] restoreAtInstall pkg=com.yadsssaawefnt.yyyfaa3a22eaa token=4b restoreSet=0
11-01 23:42:34.018  1452  1833 V BackupManagerService: [UserID:0] Finishing install immediately
11-01 23:42:34.020  1452  1833 D PackageInstallerSession: Marking session 799780991 as applied
11-01 23:42:34.027  1452  1833 D CompatibilityChangeReporter: Compat change id reported: 168419799; UID 10265; state: DISABLED
11-01 23:42:34.028  1452  1833 D CompatibilityChangeReporter: Compat change id reported: 273564678; UID 10265; state: DISABLED
11-01 23:42:34.033  1452  1452 I Telecom : DefaultDialerCache: Refreshing default dialer for user 0: now com.google.android.dialer: DDC.oR@BBI
11-01 23:42:34.039  1452  1452 V BackupManagerConstants: getFullBackupIntervalMilliseconds(...) returns 86400000
11-01 23:42:34.039  1452  1452 V BackupManagerConstants: getFullBackupRequiredNetworkType(...) returns 2
11-01 23:42:34.039  1452  1452 V BackupManagerConstants: getFullBackupRequireCharging(...) returns true
11-01 23:42:34.042  1452  2914 D CompatibilityChangeReporter: Compat change id reported: 218533173; UID 10265; state: DISABLED
11-01 23:42:34.081  1452  1452 W NotificationHistory: Attempted to add notif for locked/gone/disabled user 0
11-01 23:42:34.109  1452  1698 W WindowMagnificationMgr: requestConnection duplicated request: connect=false, mConnectionState=DISCONNECTED
11-01 23:42:34.138  1452  1829 E VerityUtils: Failed to measure fs-verity, errno 1: /data/app/~~K398odzL3GPNBLNcvAX-CA==/com.yadsssaawefnt.yyyfaa3a22eaa-cKtUEzG0FJgth4fMKINejg==/base.apk
11-01 23:42:34.139  1452  5232 D CompatibilityChangeReporter: Compat change id reported: 161252188; UID 10265; state: DISABLED
11-01 23:42:34.153  1452  1452 I Telecom : DefaultDialerCache: Refreshing default dialer for user 0: now com.google.android.dialer: DDC.oR@BBc
11-01 23:42:34.166  1452  4164 W BackupTransportManager: Package com.yadsssaawefnt.yyyfaa3a22eaa enabled setting: 0
11-01 23:42:34.185  1452  5234 W BroadcastQueue: u0 Receiving a broadcast in packagecom.jr.narutoii requires a permissions review
11-01 23:42:34.185  1452  5234 W BroadcastQueue: Skipping delivery: permission review required for Intent { act=android.intent.action.PACKAGE_ADDED dat=package: flg=0x4000010 (has extras) } from null (pid=1452, uid=1000) to com.jr.narutoii/com.joyriver.engine.proxy.EngineReceiver
11-01 23:42:34.189  1452  1700 W BroadcastQueue: u0 Receiving a broadcast in packagecom.android.buyer requires a permissions review
11-01 23:42:34.189  1452  1700 W BroadcastQueue: Skipping delivery: permission review required for Intent { act=android.intent.action.PACKAGE_ADDED dat=package: flg=0x4000010 (has extras) } from null (pid=1452, uid=1000) to com.android.buyer/.mRve
11-01 23:42:34.189  1452  1700 W BroadcastQueue: Background execution not allowed: receiving Intent { act=android.intent.action.PACKAGE_ADDED dat=package: flg=0x4000010 (has extras) } to com.google.android.packageinstaller/com.android.packageinstaller.PackageInstalledReceiver
11-01 23:42:34.189  1452  1700 W BroadcastQueue: Background execution not allowed: receiving Intent { act=android.intent.action.PACKAGE_ADDED dat=package: flg=0x4000010 (has extras) } to com.pandasecurity.pandaav/com.pandasecurity.appobserver.AppObserverReceiver
11-01 23:42:34.189  1452  1700 W BroadcastQueue: Background execution not allowed: receiving Intent { act=android.intent.action.PACKAGE_ADDED dat=package: flg=0x4000010 (has extras) } to com.android.vending/com.google.android.finsky.packagemonitor.impl.PackageMonitorReceiverImpl$RegisteredReceiver
11-01 23:42:34.189  1452  1700 W BroadcastQueue: Background execution not allowed: receiving Intent { act=android.intent.action.PACKAGE_ADDED dat=package: flg=0x4000010 (has extras) } to com.android.vending/com.google.android.finsky.packagemonitor.backgroundimpl.BackgroundPackageMonitorReceiverImpl$RegisteredReceiver
11-01 23:42:34.189  1452  1700 W BroadcastQueue: Background execution not allowed: receiving Intent { act=android.intent.action.PACKAGE_ADDED dat=package: flg=0x4000010 (has extras) } to com.google.android.gms/.games.chimera.GamesSystemBroadcastReceiverProxy
11-01 23:42:34.189  1452  1700 W BroadcastQueue: Background execution not allowed: receiving Intent { act=android.intent.action.PACKAGE_ADDED dat=package: flg=0x4000010 (has extras) } to com.google.android.gms/.gass.chimera.PackageChangeBroadcastReceiver
11-01 23:42:34.189  1452  1700 W BroadcastQueue: Background execution not allowed: receiving Intent { act=android.intent.action.PACKAGE_ADDED dat=package: flg=0x4000010 (has extras) } to com.google.android.gms/.chimera.GmsIntentOperationService$PersistentTrustedReceiver
11-01 23:42:34.189  1452  1700 W BroadcastQueue: Background execution not allowed: receiving Intent { act=android.intent.action.PACKAGE_ADDED dat=package: flg=0x4000010 (has extras) } to com.google.android.googlequicksearchbox/com.google.android.apps.gsa.googlequicksearchbox.GelStubAppWatcher
11-01 23:42:34.189  1452  1700 W BroadcastQueue: u0 Receiving a broadcast in packagecom.cncd.japan.janli.shudu requires a permissions review
11-01 23:42:34.189  1452  1700 W BroadcastQueue: Skipping delivery: permission review required for Intent { act=android.intent.action.PACKAGE_ADDED dat=package: flg=0x4000010 (has extras) } from null (pid=1452, uid=1000) to com.cncd.japan.janli.shudu/net.l.k.r
11-01 23:42:34.189  1452  1700 W BroadcastQueue: u0 Receiving a broadcast in packagecom.cncd.japan.janli.shudu requires a permissions review
11-01 23:42:34.189  1452  1700 W BroadcastQueue: Skipping delivery: permission review required for Intent { act=android.intent.action.PACKAGE_ADDED dat=package: flg=0x4000010 (has extras) } from null (pid=1452, uid=1000) to com.cncd.japan.janli.shudu/com.feiwofour.coverscreen.SR
11-01 23:42:34.189  1452  1700 W BroadcastQueue: u0 Receiving a broadcast in packagecom.games.mengmeizhitd requires a permissions review
11-01 23:42:34.189  1452  1700 W BroadcastQueue: Skipping delivery: permission review required for Intent { act=android.intent.action.PACKAGE_ADDED dat=package: flg=0x4000010 (has extras) } from null (pid=1452, uid=1000) to com.games.mengmeizhitd/hjnw.ihjnw.i.isqly
11-01 23:42:34.189  1452  1700 W BroadcastQueue: u0 Receiving a broadcast in packagecom.hgperfko.yaeghrwx requires a permissions review
11-01 23:42:34.189  1452  1700 W BroadcastQueue: Skipping delivery: permission review required for Intent { act=android.intent.action.PACKAGE_ADDED dat=package: flg=0x4000010 (has extras) } from null (pid=1452, uid=1000) to com.hgperfko.yaeghrwx/.core.hLytdCQDBv
11-01 23:42:34.189  1452  1700 W BroadcastQueue: u0 Receiving a broadcast in packagecom.qiuqiu.dfmc requires a permissions review
11-01 23:42:34.189  1452  1700 W BroadcastQueue: Skipping delivery: permission review required for Intent { act=android.intent.action.PACKAGE_ADDED dat=package: flg=0x4000010 (has extras) } from null (pid=1452, uid=1000) to com.qiuqiu.dfmc/cn.jpush.android.service.PushReceiver
11-01 23:42:34.190  1452  1700 W BroadcastQueue: u0 Receiving a broadcast in packagecom.safesys.viruskiller requires a permissions review
11-01 23:42:34.190  1452  1700 W BroadcastQueue: Skipping delivery: permission review required for Intent { act=android.intent.action.PACKAGE_ADDED dat=package: flg=0x4000010 (has extras) } from null (pid=1452, uid=1000) to com.safesys.viruskiller/.ScanPackageBroadcast
11-01 23:42:34.190  1452  1700 W BroadcastQueue: u0 Receiving a broadcast in packagecom.uc108.mobile.sdgj.bd1 requires a permissions review
11-01 23:42:34.190  1452  1700 W BroadcastQueue: Skipping delivery: permission review required for Intent { act=android.intent.action.PACKAGE_ADDED dat=package: flg=0x4000010 (has extras) } from null (pid=1452, uid=1000) to com.uc108.mobile.sdgj.bd1/com.baidu.tiebasdk.service.InstallReceiver
11-01 23:42:34.190  1452  1700 W BroadcastQueue: u0 Receiving a broadcast in packagecom.voicebianshengjinglingwc.wxl requires a permissions review
11-01 23:42:34.190  1452  1700 W BroadcastQueue: Skipping delivery: permission review required for Intent { act=android.intent.action.PACKAGE_ADDED dat=package: flg=0x4000010 (has extras) } from null (pid=1452, uid=1000) to com.voicebianshengjinglingwc.wxl/mp.ruu.Ztjjwrj
11-01 23:42:34.190  1452  1700 W BroadcastQueue: u0 Receiving a broadcast in packagecom.yoojar.zlsg.baidu requires a permissions review
11-01 23:42:34.190  1452  1700 W BroadcastQueue: Skipping delivery: permission review required for Intent { act=android.intent.action.PACKAGE_ADDED dat=package: flg=0x4000010 (has extras) } from null (pid=1452, uid=1000) to com.yoojar.zlsg.baidu/com.duoku.platform.download.broadcast.AppMonitorReceiver
11-01 23:42:34.190  1452  1700 W BroadcastQueue: u0 Receiving a broadcast in packageio.dcloud.H5BC6BF13 requires a permissions review
11-01 23:42:34.190  1452  1700 W BroadcastQueue: Skipping delivery: permission review required for Intent { act=android.intent.action.PACKAGE_ADDED dat=package: flg=0x4000010 (has extras) } from null (pid=1452, uid=1000) to io.dcloud.H5BC6BF13/io.dcloud.common.adapter.io.DownloadReceiver
11-01 23:42:34.249  1452  1833 E PackageManager: ERROR: could not load root hash from incremental install
11-01 23:42:34.252  1452  1698 W PackageManager: Failed registering loading progress callback. Package is fully loaded.
11-01 23:42:34.278  1452  1698 W WindowMagnificationMgr: requestConnection duplicated request: connect=false, mConnectionState=DISCONNECTED
11-01 23:42:34.293  1452  1833 I PackageManager: Integrity check passed for file:///data/app/vmdl1461970528.tmp
11-01 23:42:34.366  1452  1833 W PackageManager: Adding duplicate app id: 10266 name=com.eg.android.AlipayGphone
11-01 23:42:34.427  1452  5232 W BroadcastQueue: u0 Receiving a broadcast in packagecom.yoojar.zlsg.baidu requires a permissions review
11-01 23:42:34.427  1452  5232 W BroadcastQueue: Skipping delivery: permission review required for Intent { act=android.intent.action.PACKAGE_CHANGED dat=package: flg=0x5000010 (has extras) } from null (pid=1452, uid=1000) to com.yoojar.zlsg.baidu/com.duoku.platform.download.broadcast.AppMonitorReceiver
11-01 23:42:34.441  1452  5532 W AppOps  : setUidMode() called with a mode inconsistent with runtime permission state, this is discouraged and you should revoke the runtime permission instead: uid=10125, switchCode=0, mode=4, permission=android.permission.ACCESS_BACKGROUND_LOCATION
11-01 23:42:34.530  1452  5232 I ActivityManager: Background started FGS: Allowed [callingPackage: com.google.android.apps.wellbeing; callingUid: 10121; uidState: BFGS; intent: Intent { cmp=com.google.android.apps.wellbeing/com.google.apps.tiktok.concurrent.InternalForegroundService (has extras) }; code:BACKGROUND_ACTIVITY_PERMISSION; tempAllowListReason:<null>; targetSdkVersion:33; callerTargetSdkVersion:33; startForegroundCount:0; bindFromPackage:null]
11-01 23:42:34.572  1452  5247 W AppOps  : setUidMode() called with a mode inconsistent with runtime permission state, this is discouraged and you should revoke the runtime permission instead: uid=10125, switchCode=1, mode=4, permission=android.permission.ACCESS_BACKGROUND_LOCATION
11-01 23:42:34.575  1452  5131 W AppOps  : setUidMode() called with a mode inconsistent with runtime permission state, this is discouraged and you should revoke the runtime permission instead: uid=10125, switchCode=0, mode=4, permission=android.permission.ACCESS_BACKGROUND_LOCATION
11-01 23:42:34.598  1452  5529 I ActivityTaskManager: START u0 {flg=0x10000000 cmp=com.pandasecurity.pandaav/.DialogFragmentActivity (has extras)} from uid 10194
11-01 23:42:34.645  1452  5247 W ActivityTaskManager: Tried to set launchTime (0) < mLastActivityLaunchTime (542353)
11-01 23:42:34.739  1452  1452 I NotificationService: Cannot find enqueued record for key: 0|com.google.android.apps.wellbeing|174344743|null|10121
11-01 23:42:34.781  1452  5529 D CoreBackPreview: Window{db0cc1a u0 com.pandasecurity.pandaav/com.pandasecurity.pandaav.DialogFragmentActivity}: Setting back callback OnBackInvokedCallbackInfo{mCallback=android.window.IOnBackInvokedCallback$Stub$Proxy@4afcd7d, mPriority=0}
11-01 23:42:34.786  1452  5298 D CoreBackPreview: Window{4ae90c3 u0 com.pandasecurity.pandaav/com.pandasecurity.pandaav.DialogFragmentActivity}: Setting back callback OnBackInvokedCallbackInfo{mCallback=android.window.IOnBackInvokedCallback$Stub$Proxy@3f0c479, mPriority=0}
11-01 23:42:34.799  1452  1452 E NotificationService: Muting recently noisy 0|com.pandasecurity.pandaav|5394095|null|10194
11-01 23:42:34.886  1452  5298 D OomAdjuster: Not killing cached processes
11-01 23:42:35.013  1452  1833 V BackupManagerService: [UserID:0] restoreAtInstall pkg=com.eg.android.AlipayGphone token=4c restoreSet=0
11-01 23:42:35.013  1452  1833 V BackupManagerService: [UserID:0] Finishing install immediately
11-01 23:42:35.018  1452  1833 D PackageInstallerSession: Marking session 1461970528 as applied
11-01 23:42:35.022  1452  1833 D CompatibilityChangeReporter: Compat change id reported: 168419799; UID 10266; state: DISABLED
11-01 23:42:35.022  1452  1833 D CompatibilityChangeReporter: Compat change id reported: 273564678; UID 10266; state: DISABLED
11-01 23:42:35.033  1452  2914 D CompatibilityChangeReporter: Compat change id reported: 218533173; UID 10266; state: DISABLED
11-01 23:42:35.038  1452  1452 I Telecom : DefaultDialerCache: Refreshing default dialer for user 0: now com.google.android.dialer: DDC.oR@BBw
11-01 23:42:35.055  1452  1452 V BackupManagerConstants: getFullBackupIntervalMilliseconds(...) returns 86400000
11-01 23:42:35.055  1452  1452 V BackupManagerConstants: getFullBackupRequiredNetworkType(...) returns 2
11-01 23:42:35.055  1452  1452 V BackupManagerConstants: getFullBackupRequireCharging(...) returns true
11-01 23:42:35.072  1452  1733 V DisplayPowerController[0]: Brightness [0.05] reason changing to: 'manual [ dim ]', previous reason: 'manual'.
11-01 23:42:35.072  1452  1733 I DisplayPowerController[0]: BrightnessEvent: disp=0, physDisp=local:4630946471422916225, brt=0.05, initBrt=0.5, rcmdBrt=NaN, preBrt=NaN, lux=0.0, preLux=0.0, hbmMax=1.0, hbmMode=off, rbcStrength=50, powerFactor=1.0, thrmMax=1.0, wasShortTermModelActive=false, flags=, reason=manual [ dim ], autoBrightness=false
11-01 23:42:35.084  1452  1452 I Telecom : DefaultDialerCache: Refreshing default dialer for user 0: now com.google.android.dialer: DDC.oR@BB0
11-01 23:42:35.100  1452  3209 W BroadcastQueue: u0 Receiving a broadcast in packagecom.jr.narutoii requires a permissions review
11-01 23:42:35.100  1452  3209 W BroadcastQueue: Skipping delivery: permission review required for Intent { act=android.intent.action.PACKAGE_ADDED dat=package: flg=0x4000010 (has extras) } from null (pid=1452, uid=1000) to com.jr.narutoii/com.joyriver.engine.proxy.EngineReceiver
11-01 23:42:35.126  1452  1833 E PackageManager: ERROR: could not load root hash from incremental install
11-01 23:42:35.127  1452  1829 E VerityUtils: Failed to measure fs-verity, errno 1: /data/app/~~dRCWMu3dvNR3dlKxVkvJLA==/com.eg.android.AlipayGphone-yDbJyAPrbetHBBrQtF6SrQ==/base.apk
11-01 23:42:35.134  1452  5247 D CompatibilityChangeReporter: Compat change id reported: 161252188; UID 10266; state: DISABLED
11-01 23:42:35.135  1452  1698 W WindowMagnificationMgr: requestConnection duplicated request: connect=false, mConnectionState=DISCONNECTED
