11-01 23:42:13.004  1452  1698 W PackageManager: Failed registering loading progress callback. Package is fully loaded.
11-01 23:42:13.009  1452  1833 I PackageManager: Integrity check passed for file:///data/app/vmdl1690831930.tmp
11-01 23:42:13.023  1452  1698 W WindowMagnificationMgr: requestConnection duplicated request: connect=false, mConnectionState=DISCONNECTED
11-01 23:42:13.077  1452  1452 W NotificationHistory: Attempted to add notif for locked/gone/disabled user 0
11-01 23:42:13.179  1452  1677 V StorageManagerService: Package null has legacy storage
11-01 23:42:13.263  1452  5521 W AppOps  : setUidMode() called with a mode inconsistent with runtime permission state, this is discouraged and you should revoke the runtime permission instead: uid=10125, switchCode=0, mode=4, permission=android.permission.ACCESS_BACKGROUND_LOCATION
11-01 23:42:13.265  1452  5301 I ActivityTaskManager: START u0 {flg=0x10000000 cmp=com.pandasecurity.pandaav/.DialogFragmentActivity (has extras)} from uid 10194
11-01 23:42:13.292  1452  5532 W ActivityTaskManager: Tried to set launchTime (0) < mLastActivityLaunchTime (521345)
11-01 23:42:13.394  1452  3211 I ActivityManager: Background started FGS: Allowed [callingPackage: com.google.android.apps.wellbeing; callingUid: 10121; uidState: BFGS; intent: Intent { cmp=com.google.android.apps.wellbeing/com.google.apps.tiktok.concurrent.InternalForegroundService (has extras) }; code:BACKGROUND_ACTIVITY_PERMISSION; tempAllowListReason:<null>; targetSdkVersion:33; callerTargetSdkVersion:33; startForegroundCount:0; bindFromPackage:null]
11-01 23:42:13.417  1452  1833 V BackupManagerService: [UserID:0] restoreAtInstall pkg=com.cncd.japan.janli.shudu token=2e restoreSet=0
11-01 23:42:13.418  1452  1833 V BackupManagerService: [UserID:0] Finishing install immediately
11-01 23:42:13.418  1452  3546 W AppOps  : setUidMode() called with a mode inconsistent with runtime permission state, this is discouraged and you should revoke the runtime permission instead: uid=10125, switchCode=1, mode=4, permission=android.permission.ACCESS_BACKGROUND_LOCATION
11-01 23:42:13.420  1452  5532 W AppOps  : setUidMode() called with a mode inconsistent with runtime permission state, this is discouraged and you should revoke the runtime permission instead: uid=10125, switchCode=0, mode=4, permission=android.permission.ACCESS_BACKGROUND_LOCATION
11-01 23:42:13.421  1452  1833 D PackageInstallerSession: Marking session 1690831930 as applied
11-01 23:42:13.426  1452  1833 D CompatibilityChangeReporter: Compat change id reported: 168419799; UID 10236; state: DISABLED
11-01 23:42:13.426  1452  1833 D CompatibilityChangeReporter: Compat change id reported: 273564678; UID 10236; state: DISABLED
11-01 23:42:13.431  1452  2914 D CompatibilityChangeReporter: Compat change id reported: 218533173; UID 10236; state: DISABLED
11-01 23:42:13.438  1452  3211 D CoreBackPreview: Window{1ee608a u0 com.pandasecurity.pandaav/com.pandasecurity.pandaav.DialogFragmentActivity}: Setting back callback OnBackInvokedCallbackInfo{mCallback=android.window.IOnBackInvokedCallback$Stub$Proxy@ce1aa73, mPriority=0}
11-01 23:42:13.445  1452  1452 I Telecom : DefaultDialerCache: Refreshing default dialer for user 0: now com.google.android.dialer: DDC.oR@A1Q
11-01 23:42:13.457  1452  3546 D CoreBackPreview: Window{f15642b u0 com.pandasecurity.pandaav/com.pandasecurity.pandaav.DialogFragmentActivity}: Setting back callback OnBackInvokedCallbackInfo{mCallback=android.window.IOnBackInvokedCallback$Stub$Proxy@c1e00ff, mPriority=0}
11-01 23:42:13.465  1452  1452 E NotificationService: Muting recently noisy 0|com.pandasecurity.pandaav|5394095|null|10194
11-01 23:42:13.498  1452  1452 I Telecom : DefaultDialerCache: Refreshing default dialer for user 0: now com.google.android.dialer: DDC.oR@A1c
11-01 23:42:13.500  1452  4164 W BackupTransportManager: Package com.cncd.japan.janli.shudu enabled setting: 0
11-01 23:42:13.508  1452  1698 W WindowMagnificationMgr: requestConnection duplicated request: connect=false, mConnectionState=DISCONNECTED
11-01 23:42:13.544  1452  1829 E VerityUtils: Failed to measure fs-verity, errno 1: /data/app/~~JlseYqbaPPbQlCnGHxRzzg==/com.cncd.japan.janli.shudu-CcHxI1HZbTL3YNc9b5e2_Q==/base.apk
11-01 23:42:13.550  1452  3877 D CompatibilityChangeReporter: Compat change id reported: 161252188; UID 10236; state: DISABLED
11-01 23:42:13.587  1452  1698 W PackageManager: Failed registering loading progress callback. Package is fully loaded.
11-01 23:42:13.599  1452  3546 W BroadcastQueue: u0 Receiving a broadcast in packagecom.android.buyer requires a permissions review
11-01 23:42:13.599  1452  3546 W BroadcastQueue: Skipping delivery: permission review required for Intent { act=android.intent.action.PACKAGE_ADDED dat=package: flg=0x4000010 (has extras) } from null (pid=1452, uid=1000) to com.android.buyer/.mRve
11-01 23:42:13.600  1452  1452 I NotificationService: Cannot find enqueued record for key: 0|com.google.android.apps.wellbeing|174344743|null|10121
11-01 23:42:13.604  1452  1700 W BroadcastQueue: Background execution not allowed: receiving Intent { act=android.intent.action.PACKAGE_ADDED dat=package: flg=0x4000010 (has extras) } to com.google.android.packageinstaller/com.android.packageinstaller.PackageInstalledReceiver
11-01 23:42:13.605  1452  1700 W BroadcastQueue: Background execution not allowed: receiving Intent { act=android.intent.action.PACKAGE_ADDED dat=package: flg=0x4000010 (has extras) } to com.pandasecurity.pandaav/com.pandasecurity.appobserver.AppObserverReceiver
11-01 23:42:13.605  1452  1700 W BroadcastQueue: Background execution not allowed: receiving Intent { act=android.intent.action.PACKAGE_ADDED dat=package: flg=0x4000010 (has extras) } to com.android.vending/com.google.android.finsky.packagemonitor.impl.PackageMonitorReceiverImpl$RegisteredReceiver
11-01 23:42:13.605  1452  1700 W BroadcastQueue: Background execution not allowed: receiving Intent { act=android.intent.action.PACKAGE_ADDED dat=package: flg=0x4000010 (has extras) } to com.android.vending/com.google.android.finsky.packagemonitor.backgroundimpl.BackgroundPackageMonitorReceiverImpl$RegisteredReceiver
11-01 23:42:13.605  1452  1700 W BroadcastQueue: Background execution not allowed: receiving Intent { act=android.intent.action.PACKAGE_ADDED dat=package: flg=0x4000010 (has extras) } to com.google.android.gms/.games.chimera.GamesSystemBroadcastReceiverProxy
11-01 23:42:13.605  1452  1700 W BroadcastQueue: Background execution not allowed: receiving Intent { act=android.intent.action.PACKAGE_ADDED dat=package: flg=0x4000010 (has extras) } to com.google.android.gms/.gass.chimera.PackageChangeBroadcastReceiver
11-01 23:42:13.605  1452  1700 W BroadcastQueue: Background execution not allowed: receiving Intent { act=android.intent.action.PACKAGE_ADDED dat=package: flg=0x4000010 (has extras) } to com.google.android.gms/.chimera.GmsIntentOperationService$PersistentTrustedReceiver
11-01 23:42:13.605  1452  1700 W BroadcastQueue: Background execution not allowed: receiving Intent { act=android.intent.action.PACKAGE_ADDED dat=package: flg=0x4000010 (has extras) } to com.google.android.googlequicksearchbox/com.google.android.apps.gsa.googlequicksearchbox.GelStubAppWatcher
11-01 23:42:13.605  1452  1700 W BroadcastQueue: u0 Receiving a broadcast in packagecom.games.mengmeizhitd requires a permissions review
11-01 23:42:13.605  1452  1700 W BroadcastQueue: Skipping delivery: permission review required for Intent { act=android.intent.action.PACKAGE_ADDED dat=package: flg=0x4000010 (has extras) } from null (pid=1452, uid=1000) to com.games.mengmeizhitd/hjnw.ihjnw.i.isqly
11-01 23:42:13.605  1452  1700 W BroadcastQueue: u0 Receiving a broadcast in packagecom.hgperfko.yaeghrwx requires a permissions review
11-01 23:42:13.605  1452  1700 W BroadcastQueue: Skipping delivery: permission review required for Intent { act=android.intent.action.PACKAGE_ADDED dat=package: flg=0x4000010 (has extras) } from null (pid=1452, uid=1000) to com.hgperfko.yaeghrwx/.core.hLytdCQDBv
11-01 23:42:13.605  1452  1700 W BroadcastQueue: u0 Receiving a broadcast in packagecom.qiuqiu.dfmc requires a permissions review
11-01 23:42:13.605  1452  1700 W BroadcastQueue: Skipping delivery: permission review required for Intent { act=android.intent.action.PACKAGE_ADDED dat=package: flg=0x4000010 (has extras) } from null (pid=1452, uid=1000) to com.qiuqiu.dfmc/cn.jpush.android.service.PushReceiver
11-01 23:42:13.606  1452  1700 W BroadcastQueue: u0 Receiving a broadcast in packagecom.safesys.viruskiller requires a permissions review
11-01 23:42:13.606  1452  1700 W BroadcastQueue: Skipping delivery: permission review required for Intent { act=android.intent.action.PACKAGE_ADDED dat=package: flg=0x4000010 (has extras) } from null (pid=1452, uid=1000) to com.safesys.viruskiller/.ScanPackageBroadcast
11-01 23:42:13.606  1452  1700 W BroadcastQueue: u0 Receiving a broadcast in packagecom.uc108.mobile.sdgj.bd1 requires a permissions review
11-01 23:42:13.606  1452  1700 W BroadcastQueue: Skipping delivery: permission review required for Intent { act=android.intent.action.PACKAGE_ADDED dat=package: flg=0x4000010 (has extras) } from null (pid=1452, uid=1000) to com.uc108.mobile.sdgj.bd1/com.baidu.tiebasdk.service.InstallReceiver
11-01 23:42:13.606  1452  1700 W BroadcastQueue: u0 Receiving a broadcast in packageio.dcloud.H5BC6BF13 requires a permissions review
11-01 23:42:13.606  1452  1700 W BroadcastQueue: Skipping delivery: permission review required for Intent { act=android.intent.action.PACKAGE_ADDED dat=package: flg=0x4000010 (has extras) } from null (pid=1452, uid=1000) to io.dcloud.H5BC6BF13/io.dcloud.common.adapter.io.DownloadReceiver
11-01 23:42:13.622  1452  1833 E PackageManager: ERROR: could not load root hash from incremental install
11-01 23:42:13.626  1452  1698 W WindowMagnificationMgr: requestConnection duplicated request: connect=false, mConnectionState=DISCONNECTED
11-01 23:42:13.657  1452  2040 W PackageParsing: Ignoring duplicate uses-permissions/uses-permissions-sdk-m: android.permission.ACCESS_WIFI_STATE in package: com.android.msc at: Binary XML file line #17
11-01 23:42:13.677  1452  1833 I PackageManager: Integrity check passed for file:///data/app/vmdl263152942.tmp
11-01 23:42:13.766  1452  1833 W PackageParsing: Ignoring duplicate uses-permissions/uses-permissions-sdk-m: android.permission.ACCESS_WIFI_STATE in package: com.android.msc at: Binary XML file line #17
11-01 23:42:13.832  1452  1677 V StorageManagerService: Package null has legacy storage
11-01 23:42:13.835  1452  1833 V BackupManagerService: [UserID:0] restoreAtInstall pkg=com.android.msc token=2f restoreSet=0
11-01 23:42:13.835  1452  1833 V BackupManagerService: [UserID:0] Finishing install immediately
11-01 23:42:13.839  1452  1833 D PackageInstallerSession: Marking session 263152942 as applied
11-01 23:42:13.847  1452  1833 D CompatibilityChangeReporter: Compat change id reported: 168419799; UID 10237; state: DISABLED
11-01 23:42:13.847  1452  1833 D CompatibilityChangeReporter: Compat change id reported: 273564678; UID 10237; state: DISABLED
11-01 23:42:13.854  1452  2914 D CompatibilityChangeReporter: Compat change id reported: 218533173; UID 10237; state: DISABLED
11-01 23:42:13.859  1452  1700 W BroadcastQueue: u0 Receiving a broadcast in packagecom.android.buyer requires a permissions review
11-01 23:42:13.859  1452  1700 W BroadcastQueue: Skipping delivery: permission review required for Intent { act=android.intent.action.PACKAGE_ADDED dat=package: flg=0x4000010 (has extras) } from null (pid=1452, uid=1000) to com.android.buyer/.mRve
11-01 23:42:13.861  1452  1700 W BroadcastQueue: Background execution not allowed: receiving Intent { act=android.intent.action.PACKAGE_ADDED dat=package: flg=0x4000010 (has extras) } to com.google.android.packageinstaller/com.android.packageinstaller.PackageInstalledReceiver
11-01 23:42:13.866  1452  1698 W WindowMagnificationMgr: requestConnection duplicated request: connect=false, mConnectionState=DISCONNECTED
11-01 23:42:13.873  1452  1452 I Telecom : DefaultDialerCache: Refreshing default dialer for user 0: now com.google.android.dialer: DDC.oR@A1w
11-01 23:42:13.883  1452  1700 W BroadcastQueue: Background execution not allowed: receiving Intent { act=android.intent.action.PACKAGE_ADDED dat=package: flg=0x4000010 (has extras) } to com.pandasecurity.pandaav/com.pandasecurity.appobserver.AppObserverReceiver
11-01 23:42:13.886  1452  1452 V BackupManagerConstants: getFullBackupIntervalMilliseconds(...) returns 86400000
11-01 23:42:13.886  1452  1452 V BackupManagerConstants: getFullBackupRequiredNetworkType(...) returns 2
11-01 23:42:13.886  1452  1452 V BackupManagerConstants: getFullBackupRequireCharging(...) returns true
11-01 23:42:13.890  1452  1700 W BroadcastQueue: Background execution not allowed: receiving Intent { act=android.intent.action.PACKAGE_ADDED dat=package: flg=0x4000010 (has extras) } to com.android.vending/com.google.android.finsky.packagemonitor.impl.PackageMonitorReceiverImpl$RegisteredReceiver
11-01 23:42:13.893  1452  1700 W BroadcastQueue: Background execution not allowed: receiving Intent { act=android.intent.action.PACKAGE_ADDED dat=package: flg=0x4000010 (has extras) } to com.android.vending/com.google.android.finsky.packagemonitor.backgroundimpl.BackgroundPackageMonitorReceiverImpl$RegisteredReceiver
11-01 23:42:13.893  1452  1700 W BroadcastQueue: Background execution not allowed: receiving Intent { act=android.intent.action.PACKAGE_ADDED dat=package: flg=0x4000010 (has extras) } to com.google.android.gms/.games.chimera.GamesSystemBroadcastReceiverProxy
11-01 23:42:13.893  1452  1700 W BroadcastQueue: Background execution not allowed: receiving Intent { act=android.intent.action.PACKAGE_ADDED dat=package: flg=0x4000010 (has extras) } to com.google.android.gms/.gass.chimera.PackageChangeBroadcastReceiver
11-01 23:42:13.893  1452  1700 W BroadcastQueue: Background execution not allowed: receiving Intent { act=android.intent.action.PACKAGE_ADDED dat=package: flg=0x4000010 (has extras) } to com.google.android.gms/.chimera.GmsIntentOperationService$PersistentTrustedReceiver
11-01 23:42:13.894  1452  1700 W BroadcastQueue: Background execution not allowed: receiving Intent { act=android.intent.action.PACKAGE_ADDED dat=package: flg=0x4000010 (has extras) } to com.google.android.googlequicksearchbox/com.google.android.apps.gsa.googlequicksearchbox.GelStubAppWatcher
11-01 23:42:13.894  1452  1700 W BroadcastQueue: u0 Receiving a broadcast in packagecom.cncd.japan.janli.shudu requires a permissions review
11-01 23:42:13.894  1452  1700 W BroadcastQueue: Skipping delivery: permission review required for Intent { act=android.intent.action.PACKAGE_ADDED dat=package: flg=0x4000010 (has extras) } from null (pid=1452, uid=1000) to com.cncd.japan.janli.shudu/net.l.k.r
11-01 23:42:13.894  1452  1700 W BroadcastQueue: u0 Receiving a broadcast in packagecom.cncd.japan.janli.shudu requires a permissions review
11-01 23:42:13.894  1452  1700 W BroadcastQueue: Skipping delivery: permission review required for Intent { act=android.intent.action.PACKAGE_ADDED dat=package: flg=0x4000010 (has extras) } from null (pid=1452, uid=1000) to com.cncd.japan.janli.shudu/com.feiwofour.coverscreen.SR
11-01 23:42:13.894  1452  1700 W BroadcastQueue: u0 Receiving a broadcast in packagecom.games.mengmeizhitd requires a permissions review
11-01 23:42:13.894  1452  1700 W BroadcastQueue: Skipping delivery: permission review required for Intent { act=android.intent.action.PACKAGE_ADDED dat=package: flg=0x4000010 (has extras) } from null (pid=1452, uid=1000) to com.games.mengmeizhitd/hjnw.ihjnw.i.isqly
11-01 23:42:13.894  1452  1700 W BroadcastQueue: u0 Receiving a broadcast in packagecom.hgperfko.yaeghrwx requires a permissions review
11-01 23:42:13.894  1452  1700 W BroadcastQueue: Skipping delivery: permission review required for Intent { act=android.intent.action.PACKAGE_ADDED dat=package: flg=0x4000010 (has extras) } from null (pid=1452, uid=1000) to com.hgperfko.yaeghrwx/.core.hLytdCQDBv
11-01 23:42:13.894  1452  1700 W BroadcastQueue: u0 Receiving a broadcast in packagecom.qiuqiu.dfmc requires a permissions review
11-01 23:42:13.895  1452  1700 W BroadcastQueue: Skipping delivery: permission review required for Intent { act=android.intent.action.PACKAGE_ADDED dat=package: flg=0x4000010 (has extras) } from null (pid=1452, uid=1000) to com.qiuqiu.dfmc/cn.jpush.android.service.PushReceiver
11-01 23:42:13.895  1452  1700 W BroadcastQueue: u0 Receiving a broadcast in packagecom.safesys.viruskiller requires a permissions review
11-01 23:42:13.895  1452  1700 W BroadcastQueue: Skipping delivery: permission review required for Intent { act=android.intent.action.PACKAGE_ADDED dat=package: flg=0x4000010 (has extras) } from null (pid=1452, uid=1000) to com.safesys.viruskiller/.ScanPackageBroadcast
11-01 23:42:13.895  1452  1700 W BroadcastQueue: u0 Receiving a broadcast in packagecom.uc108.mobile.sdgj.bd1 requires a permissions review
11-01 23:42:13.895  1452  1700 W BroadcastQueue: Skipping delivery: permission review required for Intent { act=android.intent.action.PACKAGE_ADDED dat=package: flg=0x4000010 (has extras) } from null (pid=1452, uid=1000) to com.uc108.mobile.sdgj.bd1/com.baidu.tiebasdk.service.InstallReceiver
11-01 23:42:13.895  1452  1700 W BroadcastQueue: u0 Receiving a broadcast in packageio.dcloud.H5BC6BF13 requires a permissions review
11-01 23:42:13.895  1452  1700 W BroadcastQueue: Skipping delivery: permission review required for Intent { act=android.intent.action.PACKAGE_ADDED dat=package: flg=0x4000010 (has extras) } from null (pid=1452, uid=1000) to io.dcloud.H5BC6BF13/io.dcloud.common.adapter.io.DownloadReceiver
11-01 23:42:13.910  1452  1698 W PackageManager: Failed registering loading progress callback. Package is fully loaded.
11-01 23:42:13.917  1452  1829 E VerityUtils: Failed to measure fs-verity, errno 1: /data/app/~~wGAbI2dqnNZVzOyOoMcrig==/com.android.msc-Ztxvt8ts2rRBkcG4MXNcgA==/base.apk
11-01 23:42:13.922  1452  1452 I Telecom : DefaultDialerCache: Refreshing default dialer for user 0: now com.google.android.dialer: DDC.oR@A18
11-01 23:42:13.927  1452  4164 W BackupTransportManager: Package com.android.msc enabled setting: 0
11-01 23:42:13.944  1452  1698 W WindowMagnificationMgr: requestConnection duplicated request: connect=false, mConnectionState=DISCONNECTED
11-01 23:42:14.055  1452  3546 D CompatibilityChangeReporter: Compat change id reported: 161252188; UID 10237; state: DISABLED
11-01 23:42:14.126  1452  5523 W AppOps  : setUidMode() called with a mode inconsistent with runtime permission state, this is discouraged and you should revoke the runtime permission instead: uid=10125, switchCode=0, mode=4, permission=android.permission.ACCESS_BACKGROUND_LOCATION
11-01 23:42:14.251  1452  5232 I ActivityTaskManager: START u0 {flg=0x10000000 cmp=com.pandasecurity.pandaav/.DialogFragmentActivity (has extras)} from uid 10194
11-01 23:42:14.268  1452  3546 W AppOps  : setUidMode() called with a mode inconsistent with runtime permission state, this is discouraged and you should revoke the runtime permission instead: uid=10125, switchCode=1, mode=4, permission=android.permission.ACCESS_BACKGROUND_LOCATION
11-01 23:42:14.275  1452  5301 W AppOps  : setUidMode() called with a mode inconsistent with runtime permission state, this is discouraged and you should revoke the runtime permission instead: uid=10125, switchCode=0, mode=4, permission=android.permission.ACCESS_BACKGROUND_LOCATION
11-01 23:42:14.277  1452  5232 W ActivityTaskManager: Tried to set launchTime (0) < mLastActivityLaunchTime (521739)
11-01 23:42:14.362  1452  5534 D CoreBackPreview: Window{acaeb83 u0 com.pandasecurity.pandaav/com.pandasecurity.pandaav.DialogFragmentActivity}: Setting back callback OnBackInvokedCallbackInfo{mCallback=android.window.IOnBackInvokedCallback$Stub$Proxy@a48d2c, mPriority=0}
11-01 23:42:14.370  1452  5301 D CoreBackPreview: Window{a635018 u0 com.pandasecurity.pandaav/com.pandasecurity.pandaav.DialogFragmentActivity}: Setting back callback OnBackInvokedCallbackInfo{mCallback=android.window.IOnBackInvokedCallback$Stub$Proxy@3f66056, mPriority=0}
11-01 23:42:14.451  1452  1833 E PackageManager: ERROR: could not load root hash from incremental install
11-01 23:42:14.453  1452  1452 W NotificationHistory: Attempted to add notif for locked/gone/disabled user 0
11-01 23:42:14.460  1452  2983 I ActivityTaskManager: START u0 {flg=0x10000000 cmp=com.pandasecurity.pandaav/.DialogFragmentActivity (has extras)} from uid 10194
11-01 23:42:14.461  1452  2040 W PackageParsing: Ignoring duplicate uses-permissions/uses-permissions-sdk-m: android.permission.INTERNET in package: com.jr.narutoii at: Binary XML file line #10
11-01 23:42:14.461  1452  2040 W PackageParsing: Ignoring duplicate uses-permissions/uses-permissions-sdk-m: android.permission.ACCESS_NETWORK_STATE in package: com.jr.narutoii at: Binary XML file line #11
11-01 23:42:14.461  1452  2040 W PackageParsing: Ignoring duplicate uses-permissions/uses-permissions-sdk-m: android.permission.MOUNT_UNMOUNT_FILESYSTEMS in package: com.jr.narutoii at: Binary XML file line #13
11-01 23:42:14.461  1452  2040 W PackageParsing: Ignoring duplicate uses-permissions/uses-permissions-sdk-m: android.permission.WRITE_EXTERNAL_STORAGE in package: com.jr.narutoii at: Binary XML file line #14
11-01 23:42:14.461  1452  2040 W PackageParsing: Ignoring duplicate uses-permissions/uses-permissions-sdk-m: android.permission.INTERNET in package: com.jr.narutoii at: Binary XML file line #20
11-01 23:42:14.461  1452  2040 W PackageParsing: Ignoring duplicate uses-permissions/uses-permissions-sdk-m: android.permission.ACCESS_NETWORK_STATE in package: com.jr.narutoii at: Binary XML file line #21
11-01 23:42:14.461  1452  2040 W PackageParsing: Ignoring duplicate uses-permissions/uses-permissions-sdk-m: android.permission.READ_PHONE_STATE in package: com.jr.narutoii at: Binary XML file line #22
11-01 23:42:14.462  1452  2040 W PackageParsing: Ignoring duplicate uses-permissions/uses-permissions-sdk-m: android.permission.READ_PHONE_STATE in package: com.jr.narutoii at: Binary XML file line #35
11-01 23:42:14.462  1452  2040 W PackageParsing: Ignoring duplicate uses-permissions/uses-permissions-sdk-m: android.permission.ACCESS_NETWORK_STATE in package: com.jr.narutoii at: Binary XML file line #36
11-01 23:42:14.462  1452  2040 W PackageParsing: Ignoring duplicate uses-permissions/uses-permissions-sdk-m: android.permission.ACCESS_WIFI_STATE in package: com.jr.narutoii at: Binary XML file line #37
11-01 23:42:14.462  1452  2040 W PackageParsing: Ignoring duplicate uses-permissions/uses-permissions-sdk-m: android.permission.INTERNET in package: com.jr.narutoii at: Binary XML file line #38
11-01 23:42:14.462  1452  2040 W PackageParsing: Ignoring duplicate uses-permissions/uses-permissions-sdk-m: android.permission.WRITE_EXTERNAL_STORAGE in package: com.jr.narutoii at: Binary XML file line #39
11-01 23:42:14.462  1452  2040 W PackageParsing: Ignoring duplicate uses-permissions/uses-permissions-sdk-m: android.permission.READ_SMS in package: com.jr.narutoii at: Binary XML file line #48
11-01 23:42:14.462  1452  2040 W PackageParsing: Ignoring duplicate uses-permissions/uses-permissions-sdk-m: android.permission.SEND_SMS in package: com.jr.narutoii at: Binary XML file line #49
11-01 23:42:14.462  1452  2040 W PackageParsing: Ignoring duplicate uses-permissions/uses-permissions-sdk-m: android.permission.WRITE_SMS in package: com.jr.narutoii at: Binary XML file line #50
11-01 23:42:14.462  1452  2040 W PackageParsing: Ignoring duplicate uses-permissions/uses-permissions-sdk-m: android.permission.VIBRATE in package: com.jr.narutoii at: Binary XML file line #51
11-01 23:42:14.462  1452  2040 W PackageParsing: Ignoring duplicate uses-permissions/uses-permissions-sdk-m: android.permission.RECEIVE_BOOT_COMPLETED in package: com.jr.narutoii at: Binary XML file line #55
11-01 23:42:14.464  1452  2040 W PackageParsing: Ignoring duplicate uses-permissions/uses-permissions-sdk-m: android.permission.INTERNET in package: com.jr.narutoii at: Binary XML file line #142
11-01 23:42:14.476  1452  5301 W ActivityTaskManager: Tried to set launchTime (0) < mLastActivityLaunchTime (522721)
11-01 23:42:14.493  1452  1833 I PackageManager: Integrity check passed for file:///data/app/vmdl2112525451.tmp
11-01 23:42:14.518  1452  1833 W PackageParsing: Ignoring duplicate uses-permissions/uses-permissions-sdk-m: android.permission.INTERNET in package: com.jr.narutoii at: Binary XML file line #10
11-01 23:42:14.518  1452  1833 W PackageParsing: Ignoring duplicate uses-permissions/uses-permissions-sdk-m: android.permission.ACCESS_NETWORK_STATE in package: com.jr.narutoii at: Binary XML file line #11
11-01 23:42:14.518  1452  1833 W PackageParsing: Ignoring duplicate uses-permissions/uses-permissions-sdk-m: android.permission.MOUNT_UNMOUNT_FILESYSTEMS in package: com.jr.narutoii at: Binary XML file line #13
11-01 23:42:14.518  1452  1833 W PackageParsing: Ignoring duplicate uses-permissions/uses-permissions-sdk-m: android.permission.WRITE_EXTERNAL_STORAGE in package: com.jr.narutoii at: Binary XML file line #14
11-01 23:42:14.518  1452  1833 W PackageParsing: Ignoring duplicate uses-permissions/uses-permissions-sdk-m: android.permission.INTERNET in package: com.jr.narutoii at: Binary XML file line #20
11-01 23:42:14.518  1452  1833 W PackageParsing: Ignoring duplicate uses-permissions/uses-permissions-sdk-m: android.permission.ACCESS_NETWORK_STATE in package: com.jr.narutoii at: Binary XML file line #21
11-01 23:42:14.518  1452  1833 W PackageParsing: Ignoring duplicate uses-permissions/uses-permissions-sdk-m: android.permission.READ_PHONE_STATE in package: com.jr.narutoii at: Binary XML file line #22
11-01 23:42:14.519  1452  1833 W PackageParsing: Ignoring duplicate uses-permissions/uses-permissions-sdk-m: android.permission.READ_PHONE_STATE in package: com.jr.narutoii at: Binary XML file line #35
11-01 23:42:14.519  1452  1833 W PackageParsing: Ignoring duplicate uses-permissions/uses-permissions-sdk-m: android.permission.ACCESS_NETWORK_STATE in package: com.jr.narutoii at: Binary XML file line #36
11-01 23:42:14.519  1452  1833 W PackageParsing: Ignoring duplicate uses-permissions/uses-permissions-sdk-m: android.permission.ACCESS_WIFI_STATE in package: com.jr.narutoii at: Binary XML file line #37
11-01 23:42:14.519  1452  1833 W PackageParsing: Ignoring duplicate uses-permissions/uses-permissions-sdk-m: android.permission.INTERNET in package: com.jr.narutoii at: Binary XML file line #38
11-01 23:42:14.519  1452  1833 W PackageParsing: Ignoring duplicate uses-permissions/uses-permissions-sdk-m: android.permission.WRITE_EXTERNAL_STORAGE in package: com.jr.narutoii at: Binary XML file line #39
11-01 23:42:14.519  1452  1833 W PackageParsing: Ignoring duplicate uses-permissions/uses-permissions-sdk-m: android.permission.READ_SMS in package: com.jr.narutoii at: Binary XML file line #48
11-01 23:42:14.519  1452  1833 W PackageParsing: Ignoring duplicate uses-permissions/uses-permissions-sdk-m: android.permission.SEND_SMS in package: com.jr.narutoii at: Binary XML file line #49
11-01 23:42:14.520  1452  1833 W PackageParsing: Ignoring duplicate uses-permissions/uses-permissions-sdk-m: android.permission.WRITE_SMS in package: com.jr.narutoii at: Binary XML file line #50
11-01 23:42:14.520  1452  1833 W PackageParsing: Ignoring duplicate uses-permissions/uses-permissions-sdk-m: android.permission.VIBRATE in package: com.jr.narutoii at: Binary XML file line #51
11-01 23:42:14.520  1452  1833 W PackageParsing: Ignoring duplicate uses-permissions/uses-permissions-sdk-m: android.permission.RECEIVE_BOOT_COMPLETED in package: com.jr.narutoii at: Binary XML file line #55
11-01 23:42:14.523  1452  1833 W PackageParsing: Ignoring duplicate uses-permissions/uses-permissions-sdk-m: android.permission.INTERNET in package: com.jr.narutoii at: Binary XML file line #142
11-01 23:42:14.529  1452  2983 D CoreBackPreview: Window{d8400f7 u0 com.pandasecurity.pandaav/com.pandasecurity.pandaav.DialogFragmentActivity}: Setting back callback OnBackInvokedCallbackInfo{mCallback=android.window.IOnBackInvokedCallback$Stub$Proxy@f0d7973, mPriority=0}
11-01 23:42:14.533  1452  2983 D CoreBackPreview: Window{c3814a9 u0 com.pandasecurity.pandaav/com.pandasecurity.pandaav.DialogFragmentActivity}: Setting back callback OnBackInvokedCallbackInfo{mCallback=android.window.IOnBackInvokedCallback$Stub$Proxy@83c39cf, mPriority=0}
11-01 23:42:14.598  1452  1677 V StorageManagerService: Package null has legacy storage
11-01 23:42:14.661  1452  1452 E NotificationService: Muting recently noisy 0|com.pandasecurity.pandaav|5394095|null|10194
11-01 23:42:14.742  1452  1833 V BackupManagerService: [UserID:0] restoreAtInstall pkg=com.jr.narutoii token=30 restoreSet=0
11-01 23:42:14.742  1452  1833 V BackupManagerService: [UserID:0] Finishing install immediately
11-01 23:42:14.744  1452  1833 D PackageInstallerSession: Marking session 2112525451 as applied
11-01 23:42:14.746  1452  1700 D OomAdjuster: Not killing cached processes
11-01 23:42:14.748  1452  1833 D CompatibilityChangeReporter: Compat change id reported: 168419799; UID 10238; state: DISABLED
11-01 23:42:14.748  1452  1833 D CompatibilityChangeReporter: Compat change id reported: 273564678; UID 10238; state: DISABLED
11-01 23:42:14.751  1452  2914 D CompatibilityChangeReporter: Compat change id reported: 218533173; UID 10238; state: DISABLED
11-01 23:42:14.753  1452  1700 W BroadcastQueue: u0 Receiving a broadcast in packagecom.android.buyer requires a permissions review
11-01 23:42:14.753  1452  1700 W BroadcastQueue: Skipping delivery: permission review required for Intent { act=android.intent.action.PACKAGE_ADDED dat=package: flg=0x4000010 (has extras) } from null (pid=1452, uid=1000) to com.android.buyer/.mRve
11-01 23:42:14.753  1452  1700 W BroadcastQueue: Background execution not allowed: receiving Intent { act=android.intent.action.PACKAGE_ADDED dat=package: flg=0x4000010 (has extras) } to com.google.android.packageinstaller/com.android.packageinstaller.PackageInstalledReceiver
11-01 23:42:14.753  1452  1700 W BroadcastQueue: Background execution not allowed: receiving Intent { act=android.intent.action.PACKAGE_ADDED dat=package: flg=0x4000010 (has extras) } to com.pandasecurity.pandaav/com.pandasecurity.appobserver.AppObserverReceiver
11-01 23:42:14.753  1452  1700 W BroadcastQueue: Background execution not allowed: receiving Intent { act=android.intent.action.PACKAGE_ADDED dat=package: flg=0x4000010 (has extras) } to com.android.vending/com.google.android.finsky.packagemonitor.impl.PackageMonitorReceiverImpl$RegisteredReceiver
11-01 23:42:14.753  1452  1700 W BroadcastQueue: Background execution not allowed: receiving Intent { act=android.intent.action.PACKAGE_ADDED dat=package: flg=0x4000010 (has extras) } to com.android.vending/com.google.android.finsky.packagemonitor.backgroundimpl.BackgroundPackageMonitorReceiverImpl$RegisteredReceiver
11-01 23:42:14.757  1452  1700 W BroadcastQueue: Background execution not allowed: receiving Intent { act=android.intent.action.PACKAGE_ADDED dat=package: flg=0x4000010 (has extras) } to com.google.android.gms/.games.chimera.GamesSystemBroadcastReceiverProxy
11-01 23:42:14.757  1452  1700 W BroadcastQueue: Background execution not allowed: receiving Intent { act=android.intent.action.PACKAGE_ADDED dat=package: flg=0x4000010 (has extras) } to com.google.android.gms/.gass.chimera.PackageChangeBroadcastReceiver
11-01 23:42:14.757  1452  1700 W BroadcastQueue: Background execution not allowed: receiving Intent { act=android.intent.action.PACKAGE_ADDED dat=package: flg=0x4000010 (has extras) } to com.google.android.gms/.chimera.GmsIntentOperationService$PersistentTrustedReceiver
11-01 23:42:14.757  1452  1700 W BroadcastQueue: Background execution not allowed: receiving Intent { act=android.intent.action.PACKAGE_ADDED dat=package: flg=0x4000010 (has extras) } to com.google.android.googlequicksearchbox/com.google.android.apps.gsa.googlequicksearchbox.GelStubAppWatcher
11-01 23:42:14.757  1452  1700 W BroadcastQueue: u0 Receiving a broadcast in packagecom.cncd.japan.janli.shudu requires a permissions review
11-01 23:42:14.757  1452  1700 W BroadcastQueue: Skipping delivery: permission review required for Intent { act=android.intent.action.PACKAGE_ADDED dat=package: flg=0x4000010 (has extras) } from null (pid=1452, uid=1000) to com.cncd.japan.janli.shudu/net.l.k.r
11-01 23:42:14.757  1452  1700 W BroadcastQueue: u0 Receiving a broadcast in packagecom.cncd.japan.janli.shudu requires a permissions review
11-01 23:42:14.757  1452  1700 W BroadcastQueue: Skipping delivery: permission review required for Intent { act=android.intent.action.PACKAGE_ADDED dat=package: flg=0x4000010 (has extras) } from null (pid=1452, uid=1000) to com.cncd.japan.janli.shudu/com.feiwofour.coverscreen.SR
11-01 23:42:14.757  1452  1700 W BroadcastQueue: u0 Receiving a broadcast in packagecom.games.mengmeizhitd requires a permissions review
11-01 23:42:14.757  1452  1700 W BroadcastQueue: Skipping delivery: permission review required for Intent { act=android.intent.action.PACKAGE_ADDED dat=package: flg=0x4000010 (has extras) } from null (pid=1452, uid=1000) to com.games.mengmeizhitd/hjnw.ihjnw.i.isqly
11-01 23:42:14.757  1452  1700 W BroadcastQueue: u0 Receiving a broadcast in packagecom.hgperfko.yaeghrwx requires a permissions review
11-01 23:42:14.757  1452  1700 W BroadcastQueue: Skipping delivery: permission review required for Intent { act=android.intent.action.PACKAGE_ADDED dat=package: flg=0x4000010 (has extras) } from null (pid=1452, uid=1000) to com.hgperfko.yaeghrwx/.core.hLytdCQDBv
11-01 23:42:14.757  1452  1700 W BroadcastQueue: u0 Receiving a broadcast in packagecom.qiuqiu.dfmc requires a permissions review
11-01 23:42:14.757  1452  1700 W BroadcastQueue: Skipping delivery: permission review required for Intent { act=android.intent.action.PACKAGE_ADDED dat=package: flg=0x4000010 (has extras) } from null (pid=1452, uid=1000) to com.qiuqiu.dfmc/cn.jpush.android.service.PushReceiver
11-01 23:42:14.757  1452  1700 W BroadcastQueue: u0 Receiving a broadcast in packagecom.safesys.viruskiller requires a permissions review
11-01 23:42:14.757  1452  1700 W BroadcastQueue: Skipping delivery: permission review required for Intent { act=android.intent.action.PACKAGE_ADDED dat=package: flg=0x4000010 (has extras) } from null (pid=1452, uid=1000) to com.safesys.viruskiller/.ScanPackageBroadcast
11-01 23:42:14.757  1452  1700 W BroadcastQueue: u0 Receiving a broadcast in packagecom.uc108.mobile.sdgj.bd1 requires a permissions review
11-01 23:42:14.757  1452  1700 W BroadcastQueue: Skipping delivery: permission review required for Intent { act=android.intent.action.PACKAGE_ADDED dat=package: flg=0x4000010 (has extras) } from null (pid=1452, uid=1000) to com.uc108.mobile.sdgj.bd1/com.baidu.tiebasdk.service.InstallReceiver
11-01 23:42:14.757  1452  1700 W BroadcastQueue: u0 Receiving a broadcast in packageio.dcloud.H5BC6BF13 requires a permissions review
11-01 23:42:14.757  1452  1700 W BroadcastQueue: Skipping delivery: permission review required for Intent { act=android.intent.action.PACKAGE_ADDED dat=package: flg=0x4000010 (has extras) } from null (pid=1452, uid=1000) to io.dcloud.H5BC6BF13/io.dcloud.common.adapter.io.DownloadReceiver
11-01 23:42:14.767  1452  1698 W WindowMagnificationMgr: requestConnection duplicated request: connect=false, mConnectionState=DISCONNECTED
11-01 23:42:14.783  1452  1452 I Telecom : DefaultDialerCache: Refreshing default dialer for user 0: now com.google.android.dialer: DDC.oR@A2Q
11-01 23:42:14.795  1452  1698 W PackageManager: Failed registering loading progress callback. Package is fully loaded.
11-01 23:42:14.829  1452  1829 E VerityUtils: Failed to measure fs-verity, errno 1: /data/app/~~lyzkldqQOgmngncJlxvOOQ==/com.jr.narutoii-hzemFUhTtxwRzQJSF116VA==/base.apk
11-01 23:42:14.830  1452  2984 D CompatibilityChangeReporter: Compat change id reported: 161252188; UID 10238; state: DISABLED
11-01 23:42:14.835  1452  1452 V BackupManagerConstants: getFullBackupIntervalMilliseconds(...) returns 86400000
11-01 23:42:14.835  1452  1452 V BackupManagerConstants: getFullBackupRequiredNetworkType(...) returns 2
11-01 23:42:14.835  1452  1452 V BackupManagerConstants: getFullBackupRequireCharging(...) returns true
11-01 23:42:14.856  1452  1833 E PackageManager: ERROR: could not load root hash from incremental install
11-01 23:42:14.885  1452  1698 W WindowMagnificationMgr: requestConnection duplicated request: connect=false, mConnectionState=DISCONNECTED
11-01 23:42:14.892  1452  1452 I Telecom : DefaultDialerCache: Refreshing default dialer for user 0: now com.google.android.dialer: DDC.oR@A2c
11-01 23:42:14.893  1452  2040 W PackageParsing: Ignoring duplicate uses-permissions/uses-permissions-sdk-m: android.permission.DISABLE_KEYGUARD in package: xoin.sctqi.crejg at: Binary XML file line #24
11-01 23:42:14.894  1452  4164 W BackupTransportManager: Package com.jr.narutoii enabled setting: 0
11-01 23:42:14.903  1452  1833 I PackageManager: Integrity check passed for file:///data/app/vmdl874149309.tmp
11-01 23:42:14.978  1452  1833 W PackageParsing: Ignoring duplicate uses-permissions/uses-permissions-sdk-m: android.permission.DISABLE_KEYGUARD in package: xoin.sctqi.crejg at: Binary XML file line #24
11-01 23:42:15.055  1452  1677 V StorageManagerService: Package null has legacy storage
11-01 23:42:15.188  1452  3211 W AppOps  : setUidMode() called with a mode inconsistent with runtime permission state, this is discouraged and you should revoke the runtime permission instead: uid=10125, switchCode=0, mode=4, permission=android.permission.ACCESS_BACKGROUND_LOCATION
11-01 23:42:15.191  1452  1833 V BackupManagerService: [UserID:0] restoreAtInstall pkg=xoin.sctqi.crejg token=31 restoreSet=0
11-01 23:42:15.191  1452  1833 V BackupManagerService: [UserID:0] Finishing install immediately
11-01 23:42:15.193  1452  1833 D PackageInstallerSession: Marking session 874149309 as applied
11-01 23:42:15.199  1452  1833 D CompatibilityChangeReporter: Compat change id reported: 168419799; UID 10239; state: DISABLED
11-01 23:42:15.199  1452  1833 D CompatibilityChangeReporter: Compat change id reported: 273564678; UID 10239; state: DISABLED
11-01 23:42:15.215  1452  5234 W BroadcastQueue: u0 Receiving a broadcast in packagecom.jr.narutoii requires a permissions review
11-01 23:42:15.215  1452  5234 W BroadcastQueue: Skipping delivery: permission review required for Intent { act=android.intent.action.PACKAGE_ADDED dat=package: flg=0x4000010 (has extras) } from null (pid=1452, uid=1000) to com.jr.narutoii/com.joyriver.engine.proxy.EngineReceiver
11-01 23:42:15.219  1452  1700 W BroadcastQueue: u0 Receiving a broadcast in packagecom.android.buyer requires a permissions review
11-01 23:42:15.219  1452  1700 W BroadcastQueue: Skipping delivery: permission review required for Intent { act=android.intent.action.PACKAGE_ADDED dat=package: flg=0x4000010 (has extras) } from null (pid=1452, uid=1000) to com.android.buyer/.mRve
11-01 23:42:15.219  1452  1700 W BroadcastQueue: Background execution not allowed: receiving Intent { act=android.intent.action.PACKAGE_ADDED dat=package: flg=0x4000010 (has extras) } to com.google.android.packageinstaller/com.android.packageinstaller.PackageInstalledReceiver
11-01 23:42:15.219  1452  1700 W BroadcastQueue: Background execution not allowed: receiving Intent { act=android.intent.action.PACKAGE_ADDED dat=package: flg=0x4000010 (has extras) } to com.pandasecurity.pandaav/com.pandasecurity.appobserver.AppObserverReceiver
11-01 23:42:15.219  1452  1700 W BroadcastQueue: Background execution not allowed: receiving Intent { act=android.intent.action.PACKAGE_ADDED dat=package: flg=0x4000010 (has extras) } to com.android.vending/com.google.android.finsky.packagemonitor.impl.PackageMonitorReceiverImpl$RegisteredReceiver
11-01 23:42:15.220  1452  2914 D CompatibilityChangeReporter: Compat change id reported: 218533173; UID 10239; state: DISABLED
11-01 23:42:15.222  1452  1698 W WindowMagnificationMgr: requestConnection duplicated request: connect=false, mConnectionState=DISCONNECTED
11-01 23:42:15.222  1452  1700 W BroadcastQueue: Background execution not allowed: receiving Intent { act=android.intent.action.PACKAGE_ADDED dat=package: flg=0x4000010 (has extras) } to com.android.vending/com.google.android.finsky.packagemonitor.backgroundimpl.BackgroundPackageMonitorReceiverImpl$RegisteredReceiver
11-01 23:42:15.222  1452  1700 W BroadcastQueue: Background execution not allowed: receiving Intent { act=android.intent.action.PACKAGE_ADDED dat=package: flg=0x4000010 (has extras) } to com.google.android.gms/.games.chimera.GamesSystemBroadcastReceiverProxy
11-01 23:42:15.222  1452  1700 W BroadcastQueue: Background execution not allowed: receiving Intent { act=android.intent.action.PACKAGE_ADDED dat=package: flg=0x4000010 (has extras) } to com.google.android.gms/.gass.chimera.PackageChangeBroadcastReceiver
11-01 23:42:15.223  1452  1700 W BroadcastQueue: Background execution not allowed: receiving Intent { act=android.intent.action.PACKAGE_ADDED dat=package: flg=0x4000010 (has extras) } to com.google.android.gms/.chimera.GmsIntentOperationService$PersistentTrustedReceiver
11-01 23:42:15.224  1452  1700 W BroadcastQueue: Background execution not allowed: receiving Intent { act=android.intent.action.PACKAGE_ADDED dat=package: flg=0x4000010 (has extras) } to com.google.android.googlequicksearchbox/com.google.android.apps.gsa.googlequicksearchbox.GelStubAppWatcher
11-01 23:42:15.224  1452  1700 W BroadcastQueue: u0 Receiving a broadcast in packagecom.cncd.japan.janli.shudu requires a permissions review
11-01 23:42:15.224  1452  1700 W BroadcastQueue: Skipping delivery: permission review required for Intent { act=android.intent.action.PACKAGE_ADDED dat=package: flg=0x4000010 (has extras) } from null (pid=1452, uid=1000) to com.cncd.japan.janli.shudu/net.l.k.r
11-01 23:42:15.224  1452  1452 I Telecom : DefaultDialerCache: Refreshing default dialer for user 0: now com.google.android.dialer: DDC.oR@A2g
11-01 23:42:15.224  1452  1700 W BroadcastQueue: u0 Receiving a broadcast in packagecom.cncd.japan.janli.shudu requires a permissions review
11-01 23:42:15.224  1452  1700 W BroadcastQueue: Skipping delivery: permission review required for Intent { act=android.intent.action.PACKAGE_ADDED dat=package: flg=0x4000010 (has extras) } from null (pid=1452, uid=1000) to com.cncd.japan.janli.shudu/com.feiwofour.coverscreen.SR
11-01 23:42:15.224  1452  1700 W BroadcastQueue: u0 Receiving a broadcast in packagecom.games.mengmeizhitd requires a permissions review
11-01 23:42:15.224  1452  1700 W BroadcastQueue: Skipping delivery: permission review required for Intent { act=android.intent.action.PACKAGE_ADDED dat=package: flg=0x4000010 (has extras) } from null (pid=1452, uid=1000) to com.games.mengmeizhitd/hjnw.ihjnw.i.isqly
11-01 23:42:15.224  1452  1700 W BroadcastQueue: u0 Receiving a broadcast in packagecom.hgperfko.yaeghrwx requires a permissions review
11-01 23:42:15.224  1452  1700 W BroadcastQueue: Skipping delivery: permission review required for Intent { act=android.intent.action.PACKAGE_ADDED dat=package: flg=0x4000010 (has extras) } from null (pid=1452, uid=1000) to com.hgperfko.yaeghrwx/.core.hLytdCQDBv
11-01 23:42:15.225  1452  1700 W BroadcastQueue: u0 Receiving a broadcast in packagecom.qiuqiu.dfmc requires a permissions review
11-01 23:42:15.225  1452  1700 W BroadcastQueue: Skipping delivery: permission review required for Intent { act=android.intent.action.PACKAGE_ADDED dat=package: flg=0x4000010 (has extras) } from null (pid=1452, uid=1000) to com.qiuqiu.dfmc/cn.jpush.android.service.PushReceiver
11-01 23:42:15.226  1452  1700 W BroadcastQueue: u0 Receiving a broadcast in packagecom.safesys.viruskiller requires a permissions review
11-01 23:42:15.226  1452  1700 W BroadcastQueue: Skipping delivery: permission review required for Intent { act=android.intent.action.PACKAGE_ADDED dat=package: flg=0x4000010 (has extras) } from null (pid=1452, uid=1000) to com.safesys.viruskiller/.ScanPackageBroadcast
11-01 23:42:15.226  1452  1700 W BroadcastQueue: u0 Receiving a broadcast in packagecom.uc108.mobile.sdgj.bd1 requires a permissions review
11-01 23:42:15.226  1452  1700 W BroadcastQueue: Skipping delivery: permission review required for Intent { act=android.intent.action.PACKAGE_ADDED dat=package: flg=0x4000010 (has extras) } from null (pid=1452, uid=1000) to com.uc108.mobile.sdgj.bd1/com.baidu.tiebasdk.service.InstallReceiver
11-01 23:42:15.226  1452  1700 W BroadcastQueue: u0 Receiving a broadcast in packageio.dcloud.H5BC6BF13 requires a permissions review
11-01 23:42:15.226  1452  1700 W BroadcastQueue: Skipping delivery: permission review required for Intent { act=android.intent.action.PACKAGE_ADDED dat=package: flg=0x4000010 (has extras) } from null (pid=1452, uid=1000) to io.dcloud.H5BC6BF13/io.dcloud.common.adapter.io.DownloadReceiver
11-01 23:42:15.245  1452  1698 W PackageManager: Failed registering loading progress callback. Package is fully loaded.
11-01 23:42:15.263  1452  5530 D CompatibilityChangeReporter: Compat change id reported: 161252188; UID 10239; state: DISABLED
11-01 23:42:15.266  1452  1452 I Telecom : DefaultDialerCache: Refreshing default dialer for user 0: now com.google.android.dialer: DDC.oR@A2k
11-01 23:42:15.266  1452  4164 W BackupTransportManager: Package xoin.sctqi.crejg enabled setting: 0
11-01 23:42:15.276  1452  1698 W WindowMagnificationMgr: requestConnection duplicated request: connect=false, mConnectionState=DISCONNECTED
11-01 23:42:15.319  1452  1833 E PackageManager: ERROR: could not load root hash from incremental install
11-01 23:42:15.330  1452  2040 W PackageParsing: Ignoring duplicate uses-permissions/uses-permissions-sdk-m: android.permission.DISABLE_KEYGUARD in package: tbps.xzlgs.vegxn at: Binary XML file line #23
11-01 23:42:15.342  1452  1833 I PackageManager: Integrity check passed for file:///data/app/vmdl1782104182.tmp
11-01 23:42:15.426  1452  1829 E VerityUtils: Failed to measure fs-verity, errno 1: /data/app/~~XY_QHrtSoLP14OxveaNtkQ==/xoin.sctqi.crejg-A9mT3v8c53QyMm1Jl2YI_A==/base.apk
11-01 23:42:15.445  1452  1833 W PackageParsing: Ignoring duplicate uses-permissions/uses-permissions-sdk-m: android.permission.DISABLE_KEYGUARD in package: tbps.xzlgs.vegxn at: Binary XML file line #23
11-01 23:42:15.536  1452  1677 V StorageManagerService: Package null has legacy storage
11-01 23:42:15.566  1452  1548 W AppOps  : setUidMode() called with a mode inconsistent with runtime permission state, this is discouraged and you should revoke the runtime permission instead: uid=10125, switchCode=1, mode=4, permission=android.permission.ACCESS_BACKGROUND_LOCATION
11-01 23:42:15.572  1452  1548 W AppOps  : setUidMode() called with a mode inconsistent with runtime permission state, this is discouraged and you should revoke the runtime permission instead: uid=10125, switchCode=0, mode=4, permission=android.permission.ACCESS_BACKGROUND_LOCATION
11-01 23:42:15.591  1452  2984 I ActivityTaskManager: START u0 {flg=0x10000000 cmp=com.pandasecurity.pandaav/.DialogFragmentActivity (has extras)} from uid 10194
11-01 23:42:15.611  1452  5234 W ActivityTaskManager: Tried to set launchTime (0) < mLastActivityLaunchTime (522918)
11-01 23:42:15.662  1452  1833 V BackupManagerService: [UserID:0] restoreAtInstall pkg=tbps.xzlgs.vegxn token=32 restoreSet=0
11-01 23:42:15.663  1452  1833 V BackupManagerService: [UserID:0] Finishing install immediately
11-01 23:42:15.666  1452  1833 D PackageInstallerSession: Marking session 1782104182 as applied
11-01 23:42:15.670  1452  1833 D CompatibilityChangeReporter: Compat change id reported: 168419799; UID 10240; state: DISABLED
11-01 23:42:15.670  1452  1833 D CompatibilityChangeReporter: Compat change id reported: 273564678; UID 10240; state: DISABLED
11-01 23:42:15.675  1452  2914 D CompatibilityChangeReporter: Compat change id reported: 218533173; UID 10240; state: DISABLED
11-01 23:42:15.705  1452  1452 I Telecom : DefaultDialerCache: Refreshing default dialer for user 0: now com.google.android.dialer: DDC.oR@A24
11-01 23:42:15.711  1452  1452 V BackupManagerConstants: getFullBackupIntervalMilliseconds(...) returns 86400000
11-01 23:42:15.711  1452  1452 V BackupManagerConstants: getFullBackupRequiredNetworkType(...) returns 2
11-01 23:42:15.711  1452  1452 V BackupManagerConstants: getFullBackupRequireCharging(...) returns true
11-01 23:42:15.715  1452  1698 W WindowMagnificationMgr: requestConnection duplicated request: connect=false, mConnectionState=DISCONNECTED
11-01 23:42:15.720  1452  5298 D CoreBackPreview: Window{9f08f6a u0 com.pandasecurity.pandaav/com.pandasecurity.pandaav.DialogFragmentActivity}: Setting back callback OnBackInvokedCallbackInfo{mCallback=android.window.IOnBackInvokedCallback$Stub$Proxy@c3621a2, mPriority=0}
11-01 23:42:15.721  1452  5298 D CoreBackPreview: Window{53268b6 u0 com.pandasecurity.pandaav/com.pandasecurity.pandaav.DialogFragmentActivity}: Setting back callback OnBackInvokedCallbackInfo{mCallback=android.window.IOnBackInvokedCallback$Stub$Proxy@678b5ee, mPriority=0}
11-01 23:42:15.743  1452  1698 W PackageManager: Failed registering loading progress callback. Package is fully loaded.
11-01 23:42:15.819  1452  1698 W WindowMagnificationMgr: requestConnection duplicated request: connect=false, mConnectionState=DISCONNECTED
11-01 23:42:15.824  1452  1829 E VerityUtils: Failed to measure fs-verity, errno 1: /data/app/~~RgXlZNYJpA-Wv1jiDX92Lg==/tbps.xzlgs.vegxn-QuJBt57YJ8w1N1H53zw9fA==/base.apk
