11-01 23:42:15.845  1452  1452 I Telecom : DefaultDialerCache: Refreshing default dialer for user 0: now com.google.android.dialer: DDC.oR@A3E
11-01 23:42:15.845  1452  4164 W BackupTransportManager: Package tbps.xzlgs.vegxn enabled setting: 0
11-01 23:42:15.847  1452  1452 W NotificationHistory: Attempted to add notif for locked/gone/disabled user 0
11-01 23:42:15.911  1452  1833 E PackageManager: ERROR: could not load root hash from incremental install
11-01 23:42:15.915  1452  2984 W BroadcastQueue: u0 Receiving a broadcast in packagecom.jr.narutoii requires a permissions review
11-01 23:42:15.915  1452  2984 W BroadcastQueue: Skipping delivery: permission review required for Intent { act=android.intent.action.PACKAGE_ADDED dat=package: flg=0x4000010 (has extras) } from null (pid=1452, uid=1000) to com.jr.narutoii/com.joyriver.engine.proxy.EngineReceiver
11-01 23:42:15.916  1452  1700 W BroadcastQueue: u0 Receiving a broadcast in packagecom.android.buyer requires a permissions review
11-01 23:42:15.916  1452  1700 W BroadcastQueue: Skipping delivery: permission review required for Intent { act=android.intent.action.PACKAGE_ADDED dat=package: flg=0x4000010 (has extras) } from null (pid=1452, uid=1000) to com.android.buyer/.mRve
11-01 23:42:15.916  1452  1700 W BroadcastQueue: Background execution not allowed: receiving Intent { act=android.intent.action.PACKAGE_ADDED dat=package: flg=0x4000010 (has extras) } to com.google.android.packageinstaller/com.android.packageinstaller.PackageInstalledReceiver
11-01 23:42:15.916  1452  1700 W BroadcastQueue: Background execution not allowed: receiving Intent { act=android.intent.action.PACKAGE_ADDED dat=package: flg=0x4000010 (has extras) } to com.pandasecurity.pandaav/com.pandasecurity.appobserver.AppObserverReceiver
11-01 23:42:15.916  1452  1700 W BroadcastQueue: Background execution not allowed: receiving Intent { act=android.intent.action.PACKAGE_ADDED dat=package: flg=0x4000010 (has extras) } to com.android.vending/com.google.android.finsky.packagemonitor.impl.PackageMonitorReceiverImpl$RegisteredReceiver
11-01 23:42:15.916  1452  1700 W BroadcastQueue: Background execution not allowed: receiving Intent { act=android.intent.action.PACKAGE_ADDED dat=package: flg=0x4000010 (has extras) } to com.android.vending/com.google.android.finsky.packagemonitor.backgroundimpl.BackgroundPackageMonitorReceiverImpl$RegisteredReceiver
11-01 23:42:15.916  1452  1700 W BroadcastQueue: Background execution not allowed: receiving Intent { act=android.intent.action.PACKAGE_ADDED dat=package: flg=0x4000010 (has extras) } to com.google.android.gms/.games.chimera.GamesSystemBroadcastReceiverProxy
11-01 23:42:15.916  1452  1700 W BroadcastQueue: Background execution not allowed: receiving Intent { act=android.intent.action.PACKAGE_ADDED dat=package: flg=0x4000010 (has extras) } to com.google.android.gms/.gass.chimera.PackageChangeBroadcastReceiver
11-01 23:42:15.916  1452  1700 W BroadcastQueue: Background execution not allowed: receiving Intent { act=android.intent.action.PACKAGE_ADDED dat=package: flg=0x4000010 (has extras) } to com.google.android.gms/.chimera.GmsIntentOperationService$PersistentTrustedReceiver
11-01 23:42:15.916  1452  1700 W BroadcastQueue: Background execution not allowed: receiving Intent { act=android.intent.action.PACKAGE_ADDED dat=package: flg=0x4000010 (has extras) } to com.google.android.googlequicksearchbox/com.google.android.apps.gsa.googlequicksearchbox.GelStubAppWatcher
11-01 23:42:15.916  1452  1700 W BroadcastQueue: u0 Receiving a broadcast in packagecom.cncd.japan.janli.shudu requires a permissions review
11-01 23:42:15.916  1452  1700 W BroadcastQueue: Skipping delivery: permission review required for Intent { act=android.intent.action.PACKAGE_ADDED dat=package: flg=0x4000010 (has extras) } from null (pid=1452, uid=1000) to com.cncd.japan.janli.shudu/net.l.k.r
11-01 23:42:15.916  1452  1700 W BroadcastQueue: u0 Receiving a broadcast in packagecom.cncd.japan.janli.shudu requires a permissions review
11-01 23:42:15.916  1452  1700 W BroadcastQueue: Skipping delivery: permission review required for Intent { act=android.intent.action.PACKAGE_ADDED dat=package: flg=0x4000010 (has extras) } from null (pid=1452, uid=1000) to com.cncd.japan.janli.shudu/com.feiwofour.coverscreen.SR
11-01 23:42:15.916  1452  1700 W BroadcastQueue: u0 Receiving a broadcast in packagecom.games.mengmeizhitd requires a permissions review
11-01 23:42:15.917  1452  1700 W BroadcastQueue: Skipping delivery: permission review required for Intent { act=android.intent.action.PACKAGE_ADDED dat=package: flg=0x4000010 (has extras) } from null (pid=1452, uid=1000) to com.games.mengmeizhitd/hjnw.ihjnw.i.isqly
11-01 23:42:15.917  1452  1700 W BroadcastQueue: u0 Receiving a broadcast in packagecom.hgperfko.yaeghrwx requires a permissions review
11-01 23:42:15.917  1452  1700 W BroadcastQueue: Skipping delivery: permission review required for Intent { act=android.intent.action.PACKAGE_ADDED dat=package: flg=0x4000010 (has extras) } from null (pid=1452, uid=1000) to com.hgperfko.yaeghrwx/.core.hLytdCQDBv
11-01 23:42:15.917  1452  1700 W BroadcastQueue: u0 Receiving a broadcast in packagecom.qiuqiu.dfmc requires a permissions review
11-01 23:42:15.917  1452  1700 W BroadcastQueue: Skipping delivery: permission review required for Intent { act=android.intent.action.PACKAGE_ADDED dat=package: flg=0x4000010 (has extras) } from null (pid=1452, uid=1000) to com.qiuqiu.dfmc/cn.jpush.android.service.PushReceiver
11-01 23:42:15.917  1452  1700 W BroadcastQueue: u0 Receiving a broadcast in packagecom.safesys.viruskiller requires a permissions review
11-01 23:42:15.917  1452  1700 W BroadcastQueue: Skipping delivery: permission review required for Intent { act=android.intent.action.PACKAGE_ADDED dat=package: flg=0x4000010 (has extras) } from null (pid=1452, uid=1000) to com.safesys.viruskiller/.ScanPackageBroadcast
11-01 23:42:15.917  1452  1700 W BroadcastQueue: u0 Receiving a broadcast in packagecom.uc108.mobile.sdgj.bd1 requires a permissions review
11-01 23:42:15.917  1452  1700 W BroadcastQueue: Skipping delivery: permission review required for Intent { act=android.intent.action.PACKAGE_ADDED dat=package: flg=0x4000010 (has extras) } from null (pid=1452, uid=1000) to com.uc108.mobile.sdgj.bd1/com.baidu.tiebasdk.service.InstallReceiver
11-01 23:42:15.917  1452  1700 W BroadcastQueue: u0 Receiving a broadcast in packageio.dcloud.H5BC6BF13 requires a permissions review
11-01 23:42:15.917  1452  1700 W BroadcastQueue: Skipping delivery: permission review required for Intent { act=android.intent.action.PACKAGE_ADDED dat=package: flg=0x4000010 (has extras) } from null (pid=1452, uid=1000) to io.dcloud.H5BC6BF13/io.dcloud.common.adapter.io.DownloadReceiver
11-01 23:42:15.922  1452  2040 W PackageParsing: Ignoring duplicate uses-permissions/uses-permissions-sdk-m: android.permission.INTERNET in package: com.google.hxz at: Binary XML file line #38
11-01 23:42:15.922  1452  2040 W PackageParsing: Ignoring duplicate uses-permissions/uses-permissions-sdk-m: android.permission.READ_PHONE_STATE in package: com.google.hxz at: Binary XML file line #39
11-01 23:42:15.922  1452  2040 W PackageParsing: Ignoring duplicate uses-permissions/uses-permissions-sdk-m: android.permission.ACCESS_NETWORK_STATE in package: com.google.hxz at: Binary XML file line #40
11-01 23:42:15.922  1452  2040 W PackageParsing: Ignoring duplicate uses-permissions/uses-permissions-sdk-m: android.permission.CHANGE_WIFI_STATE in package: com.google.hxz at: Binary XML file line #43
11-01 23:42:15.922  1452  2040 W PackageParsing: Ignoring duplicate uses-permissions/uses-permissions-sdk-m: android.permission.WRITE_EXTERNAL_STORAGE in package: com.google.hxz at: Binary XML file line #44
11-01 23:42:15.922  1452  2040 W PackageParsing: Ignoring duplicate uses-permissions/uses-permissions-sdk-m: android.permission.READ_EXTERNAL_STORAGE in package: com.google.hxz at: Binary XML file line #45
11-01 23:42:15.922  1452  2040 W PackageParsing: Ignoring duplicate uses-permissions/uses-permissions-sdk-m: android.permission.READ_CONTACTS in package: com.google.hxz at: Binary XML file line #47
11-01 23:42:15.922  1452  2040 W PackageParsing: Ignoring duplicate uses-permissions/uses-permissions-sdk-m: android.permission.READ_SMS in package: com.google.hxz at: Binary XML file line #48
11-01 23:42:15.922  1452  2040 W PackageParsing: Ignoring duplicate uses-permissions/uses-permissions-sdk-m: android.permission.ACCESS_WIFI_STATE in package: com.google.hxz at: Binary XML file line #51
11-01 23:42:15.922  1452  2040 W PackageParsing: Ignoring duplicate uses-permissions/uses-permissions-sdk-m: android.permission.WRITE_SMS in package: com.google.hxz at: Binary XML file line #53
11-01 23:42:15.922  1452  2040 W PackageParsing: Ignoring duplicate uses-permissions/uses-permissions-sdk-m: android.permission.RECEIVE_MMS in package: com.google.hxz at: Binary XML file line #54
11-01 23:42:15.922  1452  2040 W PackageParsing: Ignoring duplicate uses-permissions/uses-permissions-sdk-m: android.permission.CHANGE_NETWORK_STATE in package: com.google.hxz at: Binary XML file line #55
11-01 23:42:15.922  1452  2040 W PackageParsing: Ignoring duplicate uses-permissions/uses-permissions-sdk-m: android.permission.MODIFY_AUDIO_SETTINGS in package: com.google.hxz at: Binary XML file line #57
11-01 23:42:15.947  1452  1833 I PackageManager: Integrity check passed for file:///data/app/vmdl2090817412.tmp
11-01 23:42:15.962  1452  5298 D CompatibilityChangeReporter: Compat change id reported: 161252188; UID 10240; state: DISABLED
11-01 23:42:16.014  1452  1833 W PackageParsing: Ignoring duplicate uses-permissions/uses-permissions-sdk-m: android.permission.INTERNET in package: com.google.hxz at: Binary XML file line #38
11-01 23:42:16.014  1452  1833 W PackageParsing: Ignoring duplicate uses-permissions/uses-permissions-sdk-m: android.permission.READ_PHONE_STATE in package: com.google.hxz at: Binary XML file line #39
11-01 23:42:16.014  1452  1833 W PackageParsing: Ignoring duplicate uses-permissions/uses-permissions-sdk-m: android.permission.ACCESS_NETWORK_STATE in package: com.google.hxz at: Binary XML file line #40
11-01 23:42:16.014  1452  1833 W PackageParsing: Ignoring duplicate uses-permissions/uses-permissions-sdk-m: android.permission.CHANGE_WIFI_STATE in package: com.google.hxz at: Binary XML file line #43
11-01 23:42:16.014  1452  1833 W PackageParsing: Ignoring duplicate uses-permissions/uses-permissions-sdk-m: android.permission.WRITE_EXTERNAL_STORAGE in package: com.google.hxz at: Binary XML file line #44
11-01 23:42:16.014  1452  1833 W PackageParsing: Ignoring duplicate uses-permissions/uses-permissions-sdk-m: android.permission.READ_EXTERNAL_STORAGE in package: com.google.hxz at: Binary XML file line #45
11-01 23:42:16.014  1452  1833 W PackageParsing: Ignoring duplicate uses-permissions/uses-permissions-sdk-m: android.permission.READ_CONTACTS in package: com.google.hxz at: Binary XML file line #47
11-01 23:42:16.014  1452  1833 W PackageParsing: Ignoring duplicate uses-permissions/uses-permissions-sdk-m: android.permission.READ_SMS in package: com.google.hxz at: Binary XML file line #48
11-01 23:42:16.014  1452  1833 W PackageParsing: Ignoring duplicate uses-permissions/uses-permissions-sdk-m: android.permission.ACCESS_WIFI_STATE in package: com.google.hxz at: Binary XML file line #51
11-01 23:42:16.014  1452  1833 W PackageParsing: Ignoring duplicate uses-permissions/uses-permissions-sdk-m: android.permission.WRITE_SMS in package: com.google.hxz at: Binary XML file line #53
11-01 23:42:16.014  1452  1833 W PackageParsing: Ignoring duplicate uses-permissions/uses-permissions-sdk-m: android.permission.RECEIVE_MMS in package: com.google.hxz at: Binary XML file line #54
11-01 23:42:16.014  1452  1833 W PackageParsing: Ignoring duplicate uses-permissions/uses-permissions-sdk-m: android.permission.CHANGE_NETWORK_STATE in package: com.google.hxz at: Binary XML file line #55
11-01 23:42:16.014  1452  1833 W PackageParsing: Ignoring duplicate uses-permissions/uses-permissions-sdk-m: android.permission.MODIFY_AUDIO_SETTINGS in package: com.google.hxz at: Binary XML file line #57
11-01 23:42:16.111  1452  1677 V StorageManagerService: Package null has legacy storage
11-01 23:42:16.246  1452  5528 W AppOps  : setUidMode() called with a mode inconsistent with runtime permission state, this is discouraged and you should revoke the runtime permission instead: uid=10125, switchCode=0, mode=4, permission=android.permission.ACCESS_BACKGROUND_LOCATION
11-01 23:42:16.295  1452  5291 I ActivityTaskManager: START u0 {flg=0x10000000 cmp=com.pandasecurity.pandaav/.DialogFragmentActivity (has extras)} from uid 10194
11-01 23:42:16.336  1452  4541 W ActivityTaskManager: Tried to set launchTime (0) < mLastActivityLaunchTime (524054)
11-01 23:42:16.354  1452  5533 W AppOps  : setUidMode() called with a mode inconsistent with runtime permission state, this is discouraged and you should revoke the runtime permission instead: uid=10125, switchCode=1, mode=4, permission=android.permission.ACCESS_BACKGROUND_LOCATION
11-01 23:42:16.359  1452  5528 W AppOps  : setUidMode() called with a mode inconsistent with runtime permission state, this is discouraged and you should revoke the runtime permission instead: uid=10125, switchCode=0, mode=4, permission=android.permission.ACCESS_BACKGROUND_LOCATION
11-01 23:42:16.359  1452  5291 I ActivityManager: Background started FGS: Allowed [callingPackage: com.google.android.apps.wellbeing; callingUid: 10121; uidState: BFGS; intent: Intent { cmp=com.google.android.apps.wellbeing/com.google.apps.tiktok.concurrent.InternalForegroundService (has extras) }; code:BACKGROUND_ACTIVITY_PERMISSION; tempAllowListReason:<null>; targetSdkVersion:33; callerTargetSdkVersion:33; startForegroundCount:0; bindFromPackage:null]
11-01 23:42:16.400  1452  2984 D CoreBackPreview: Window{aa8f357 u0 com.pandasecurity.pandaav/com.pandasecurity.pandaav.DialogFragmentActivity}: Setting back callback OnBackInvokedCallbackInfo{mCallback=android.window.IOnBackInvokedCallback$Stub$Proxy@eea5d29, mPriority=0}
11-01 23:42:16.410  1452  4541 D CoreBackPreview: Window{3f8f64f u0 com.pandasecurity.pandaav/com.pandasecurity.pandaav.DialogFragmentActivity}: Setting back callback OnBackInvokedCallbackInfo{mCallback=android.window.IOnBackInvokedCallback$Stub$Proxy@522a2e5, mPriority=0}
11-01 23:42:16.498  1452  1452 E NotificationService: Muting recently noisy 0|com.pandasecurity.pandaav|5394095|null|10194
11-01 23:42:16.568  1452  1452 I NotificationService: Cannot find enqueued record for key: 0|com.google.android.apps.wellbeing|174344743|null|10121
11-01 23:42:16.591  1452  1833 V BackupManagerService: [UserID:0] restoreAtInstall pkg=com.google.hxz token=33 restoreSet=0
11-01 23:42:16.591  1452  1833 V BackupManagerService: [UserID:0] Finishing install immediately
11-01 23:42:16.600  1452  1833 D PackageInstallerSession: Marking session 2090817412 as applied
11-01 23:42:16.602  1452  1833 D CompatibilityChangeReporter: Compat change id reported: 168419799; UID 10241; state: DISABLED
11-01 23:42:16.603  1452  1833 D CompatibilityChangeReporter: Compat change id reported: 273564678; UID 10241; state: DISABLED
11-01 23:42:16.606  1452  2914 D CompatibilityChangeReporter: Compat change id reported: 218533173; UID 10241; state: DISABLED
11-01 23:42:16.621  1452  1452 I Telecom : DefaultDialerCache: Refreshing default dialer for user 0: now com.google.android.dialer: DDC.oR@A3g
11-01 23:42:16.624  1452  1452 V BackupManagerConstants: getFullBackupIntervalMilliseconds(...) returns 86400000
11-01 23:42:16.624  1452  1452 V BackupManagerConstants: getFullBackupRequiredNetworkType(...) returns 2
11-01 23:42:16.624  1452  1452 V BackupManagerConstants: getFullBackupRequireCharging(...) returns true
11-01 23:42:16.628  1452  5533 W BroadcastQueue: u0 Receiving a broadcast in packagecom.jr.narutoii requires a permissions review
11-01 23:42:16.628  1452  5533 W BroadcastQueue: Skipping delivery: permission review required for Intent { act=android.intent.action.PACKAGE_ADDED dat=package: flg=0x4000010 (has extras) } from null (pid=1452, uid=1000) to com.jr.narutoii/com.joyriver.engine.proxy.EngineReceiver
11-01 23:42:16.636  1452  1700 W BroadcastQueue: u0 Receiving a broadcast in packagecom.android.buyer requires a permissions review
11-01 23:42:16.636  1452  1700 W BroadcastQueue: Skipping delivery: permission review required for Intent { act=android.intent.action.PACKAGE_ADDED dat=package: flg=0x4000010 (has extras) } from null (pid=1452, uid=1000) to com.android.buyer/.mRve
11-01 23:42:16.636  1452  1700 W BroadcastQueue: Background execution not allowed: receiving Intent { act=android.intent.action.PACKAGE_ADDED dat=package: flg=0x4000010 (has extras) } to com.google.android.packageinstaller/com.android.packageinstaller.PackageInstalledReceiver
11-01 23:42:16.636  1452  1700 W BroadcastQueue: Background execution not allowed: receiving Intent { act=android.intent.action.PACKAGE_ADDED dat=package: flg=0x4000010 (has extras) } to com.pandasecurity.pandaav/com.pandasecurity.appobserver.AppObserverReceiver
11-01 23:42:16.636  1452  1700 W BroadcastQueue: Background execution not allowed: receiving Intent { act=android.intent.action.PACKAGE_ADDED dat=package: flg=0x4000010 (has extras) } to com.android.vending/com.google.android.finsky.packagemonitor.impl.PackageMonitorReceiverImpl$RegisteredReceiver
11-01 23:42:16.636  1452  1700 W BroadcastQueue: Background execution not allowed: receiving Intent { act=android.intent.action.PACKAGE_ADDED dat=package: flg=0x4000010 (has extras) } to com.android.vending/com.google.android.finsky.packagemonitor.backgroundimpl.BackgroundPackageMonitorReceiverImpl$RegisteredReceiver
11-01 23:42:16.636  1452  1700 W BroadcastQueue: Background execution not allowed: receiving Intent { act=android.intent.action.PACKAGE_ADDED dat=package: flg=0x4000010 (has extras) } to com.google.android.gms/.games.chimera.GamesSystemBroadcastReceiverProxy
11-01 23:42:16.636  1452  1700 W BroadcastQueue: Background execution not allowed: receiving Intent { act=android.intent.action.PACKAGE_ADDED dat=package: flg=0x4000010 (has extras) } to com.google.android.gms/.gass.chimera.PackageChangeBroadcastReceiver
11-01 23:42:16.636  1452  1700 W BroadcastQueue: Background execution not allowed: receiving Intent { act=android.intent.action.PACKAGE_ADDED dat=package: flg=0x4000010 (has extras) } to com.google.android.gms/.chimera.GmsIntentOperationService$PersistentTrustedReceiver
11-01 23:42:16.636  1452  1700 W BroadcastQueue: Background execution not allowed: receiving Intent { act=android.intent.action.PACKAGE_ADDED dat=package: flg=0x4000010 (has extras) } to com.google.android.googlequicksearchbox/com.google.android.apps.gsa.googlequicksearchbox.GelStubAppWatcher
11-01 23:42:16.636  1452  1700 W BroadcastQueue: u0 Receiving a broadcast in packagecom.cncd.japan.janli.shudu requires a permissions review
11-01 23:42:16.636  1452  1700 W BroadcastQueue: Skipping delivery: permission review required for Intent { act=android.intent.action.PACKAGE_ADDED dat=package: flg=0x4000010 (has extras) } from null (pid=1452, uid=1000) to com.cncd.japan.janli.shudu/net.l.k.r
11-01 23:42:16.636  1452  1700 W BroadcastQueue: u0 Receiving a broadcast in packagecom.cncd.japan.janli.shudu requires a permissions review
11-01 23:42:16.636  1452  1700 W BroadcastQueue: Skipping delivery: permission review required for Intent { act=android.intent.action.PACKAGE_ADDED dat=package: flg=0x4000010 (has extras) } from null (pid=1452, uid=1000) to com.cncd.japan.janli.shudu/com.feiwofour.coverscreen.SR
11-01 23:42:16.636  1452  1700 W BroadcastQueue: u0 Receiving a broadcast in packagecom.games.mengmeizhitd requires a permissions review
11-01 23:42:16.636  1452  1700 W BroadcastQueue: Skipping delivery: permission review required for Intent { act=android.intent.action.PACKAGE_ADDED dat=package: flg=0x4000010 (has extras) } from null (pid=1452, uid=1000) to com.games.mengmeizhitd/hjnw.ihjnw.i.isqly
11-01 23:42:16.637  1452  1700 W BroadcastQueue: u0 Receiving a broadcast in packagecom.hgperfko.yaeghrwx requires a permissions review
11-01 23:42:16.637  1452  1700 W BroadcastQueue: Skipping delivery: permission review required for Intent { act=android.intent.action.PACKAGE_ADDED dat=package: flg=0x4000010 (has extras) } from null (pid=1452, uid=1000) to com.hgperfko.yaeghrwx/.core.hLytdCQDBv
11-01 23:42:16.637  1452  1700 W BroadcastQueue: u0 Receiving a broadcast in packagecom.qiuqiu.dfmc requires a permissions review
11-01 23:42:16.637  1452  1700 W BroadcastQueue: Skipping delivery: permission review required for Intent { act=android.intent.action.PACKAGE_ADDED dat=package: flg=0x4000010 (has extras) } from null (pid=1452, uid=1000) to com.qiuqiu.dfmc/cn.jpush.android.service.PushReceiver
11-01 23:42:16.637  1452  1700 W BroadcastQueue: u0 Receiving a broadcast in packagecom.safesys.viruskiller requires a permissions review
11-01 23:42:16.637  1452  1700 W BroadcastQueue: Skipping delivery: permission review required for Intent { act=android.intent.action.PACKAGE_ADDED dat=package: flg=0x4000010 (has extras) } from null (pid=1452, uid=1000) to com.safesys.viruskiller/.ScanPackageBroadcast
11-01 23:42:16.637  1452  1700 W BroadcastQueue: u0 Receiving a broadcast in packagecom.uc108.mobile.sdgj.bd1 requires a permissions review
11-01 23:42:16.637  1452  1700 W BroadcastQueue: Skipping delivery: permission review required for Intent { act=android.intent.action.PACKAGE_ADDED dat=package: flg=0x4000010 (has extras) } from null (pid=1452, uid=1000) to com.uc108.mobile.sdgj.bd1/com.baidu.tiebasdk.service.InstallReceiver
11-01 23:42:16.637  1452  1700 W BroadcastQueue: u0 Receiving a broadcast in packageio.dcloud.H5BC6BF13 requires a permissions review
11-01 23:42:16.637  1452  1700 W BroadcastQueue: Skipping delivery: permission review required for Intent { act=android.intent.action.PACKAGE_ADDED dat=package: flg=0x4000010 (has extras) } from null (pid=1452, uid=1000) to io.dcloud.H5BC6BF13/io.dcloud.common.adapter.io.DownloadReceiver
11-01 23:42:16.648  1452  1452 I Telecom : DefaultDialerCache: Refreshing default dialer for user 0: now com.google.android.dialer: DDC.oR@A3k
11-01 23:42:16.653  1452  1698 W WindowMagnificationMgr: requestConnection duplicated request: connect=false, mConnectionState=DISCONNECTED
11-01 23:42:16.672  1452  4164 W BackupTransportManager: Package com.google.hxz enabled setting: 0
11-01 23:42:16.688  1452  1829 E VerityUtils: Failed to measure fs-verity, errno 1: /data/app/~~iiq5gujiouNcecIr588yDA==/com.google.hxz-QWh_wUiM0k_nSToSXVANYA==/base.apk
11-01 23:42:16.709  1452  5534 D CompatibilityChangeReporter: Compat change id reported: 161252188; UID 10241; state: DISABLED
11-01 23:42:16.723  1452  1698 W PackageManager: Failed registering loading progress callback. Package is fully loaded.
11-01 23:42:16.750  1452  1833 E PackageManager: ERROR: could not load root hash from incremental install
11-01 23:42:16.754  1452  2040 W PackageParsing: Ignoring duplicate uses-permissions/uses-permissions-sdk-m: android.permission.DISABLE_KEYGUARD in package: bzyz.osqak.rcbmn at: Binary XML file line #22
11-01 23:42:16.760  1452  1833 I PackageManager: Integrity check passed for file:///data/app/vmdl264619347.tmp
11-01 23:42:16.764  1452  1698 W WindowMagnificationMgr: requestConnection duplicated request: connect=false, mConnectionState=DISCONNECTED
11-01 23:42:16.845  1452  1833 W PackageParsing: Ignoring duplicate uses-permissions/uses-permissions-sdk-m: android.permission.DISABLE_KEYGUARD in package: bzyz.osqak.rcbmn at: Binary XML file line #22
11-01 23:42:16.903  1452  1677 V StorageManagerService: Package null has legacy storage
11-01 23:42:17.004  1452  2984 I ActivityManager: Background started FGS: Allowed [callingPackage: com.google.android.apps.wellbeing; callingUid: 10121; uidState: BFGS; intent: Intent { cmp=com.google.android.apps.wellbeing/com.google.apps.tiktok.concurrent.InternalForegroundService (has extras) }; code:BACKGROUND_ACTIVITY_PERMISSION; tempAllowListReason:<null>; targetSdkVersion:33; callerTargetSdkVersion:33; startForegroundCount:0; bindFromPackage:null]
11-01 23:42:17.049  1452  1833 V BackupManagerService: [UserID:0] restoreAtInstall pkg=bzyz.osqak.rcbmn token=34 restoreSet=0
11-01 23:42:17.049  1452  1833 V BackupManagerService: [UserID:0] Finishing install immediately
11-01 23:42:17.054  1452  1833 D PackageInstallerSession: Marking session 264619347 as applied
11-01 23:42:17.061  1452  1833 D CompatibilityChangeReporter: Compat change id reported: 168419799; UID 10242; state: DISABLED
11-01 23:42:17.061  1452  1833 D CompatibilityChangeReporter: Compat change id reported: 273564678; UID 10242; state: DISABLED
11-01 23:42:17.069  1452  1549 W BroadcastQueue: u0 Receiving a broadcast in packagecom.jr.narutoii requires a permissions review
11-01 23:42:17.069  1452  1549 W BroadcastQueue: Skipping delivery: permission review required for Intent { act=android.intent.action.PACKAGE_ADDED dat=package: flg=0x4000010 (has extras) } from null (pid=1452, uid=1000) to com.jr.narutoii/com.joyriver.engine.proxy.EngineReceiver
11-01 23:42:17.072  1452  2914 D CompatibilityChangeReporter: Compat change id reported: 218533173; UID 10242; state: DISABLED
11-01 23:42:17.080  1452  1700 W BroadcastQueue: u0 Receiving a broadcast in packagecom.android.buyer requires a permissions review
11-01 23:42:17.080  1452  1700 W BroadcastQueue: Skipping delivery: permission review required for Intent { act=android.intent.action.PACKAGE_ADDED dat=package: flg=0x4000010 (has extras) } from null (pid=1452, uid=1000) to com.android.buyer/.mRve
11-01 23:42:17.080  1452  1700 W BroadcastQueue: Background execution not allowed: receiving Intent { act=android.intent.action.PACKAGE_ADDED dat=package: flg=0x4000010 (has extras) } to com.google.android.packageinstaller/com.android.packageinstaller.PackageInstalledReceiver
11-01 23:42:17.081  1452  1700 W BroadcastQueue: Background execution not allowed: receiving Intent { act=android.intent.action.PACKAGE_ADDED dat=package: flg=0x4000010 (has extras) } to com.pandasecurity.pandaav/com.pandasecurity.appobserver.AppObserverReceiver
11-01 23:42:17.081  1452  1700 W BroadcastQueue: Background execution not allowed: receiving Intent { act=android.intent.action.PACKAGE_ADDED dat=package: flg=0x4000010 (has extras) } to com.android.vending/com.google.android.finsky.packagemonitor.impl.PackageMonitorReceiverImpl$RegisteredReceiver
11-01 23:42:17.081  1452  1700 W BroadcastQueue: Background execution not allowed: receiving Intent { act=android.intent.action.PACKAGE_ADDED dat=package: flg=0x4000010 (has extras) } to com.android.vending/com.google.android.finsky.packagemonitor.backgroundimpl.BackgroundPackageMonitorReceiverImpl$RegisteredReceiver
11-01 23:42:17.081  1452  1700 W BroadcastQueue: Background execution not allowed: receiving Intent { act=android.intent.action.PACKAGE_ADDED dat=package: flg=0x4000010 (has extras) } to com.google.android.gms/.games.chimera.GamesSystemBroadcastReceiverProxy
11-01 23:42:17.081  1452  1700 W BroadcastQueue: Background execution not allowed: receiving Intent { act=android.intent.action.PACKAGE_ADDED dat=package: flg=0x4000010 (has extras) } to com.google.android.gms/.gass.chimera.PackageChangeBroadcastReceiver
11-01 23:42:17.081  1452  1700 W BroadcastQueue: Background execution not allowed: receiving Intent { act=android.intent.action.PACKAGE_ADDED dat=package: flg=0x4000010 (has extras) } to com.google.android.gms/.chimera.GmsIntentOperationService$PersistentTrustedReceiver
11-01 23:42:17.081  1452  1700 W BroadcastQueue: Background execution not allowed: receiving Intent { act=android.intent.action.PACKAGE_ADDED dat=package: flg=0x4000010 (has extras) } to com.google.android.googlequicksearchbox/com.google.android.apps.gsa.googlequicksearchbox.GelStubAppWatcher
11-01 23:42:17.081  1452  1700 W BroadcastQueue: u0 Receiving a broadcast in packagecom.cncd.japan.janli.shudu requires a permissions review
11-01 23:42:17.081  1452  1700 W BroadcastQueue: Skipping delivery: permission review required for Intent { act=android.intent.action.PACKAGE_ADDED dat=package: flg=0x4000010 (has extras) } from null (pid=1452, uid=1000) to com.cncd.japan.janli.shudu/net.l.k.r
11-01 23:42:17.081  1452  1700 W BroadcastQueue: u0 Receiving a broadcast in packagecom.cncd.japan.janli.shudu requires a permissions review
11-01 23:42:17.081  1452  1700 W BroadcastQueue: Skipping delivery: permission review required for Intent { act=android.intent.action.PACKAGE_ADDED dat=package: flg=0x4000010 (has extras) } from null (pid=1452, uid=1000) to com.cncd.japan.janli.shudu/com.feiwofour.coverscreen.SR
11-01 23:42:17.081  1452  1700 W BroadcastQueue: u0 Receiving a broadcast in packagecom.games.mengmeizhitd requires a permissions review
11-01 23:42:17.081  1452  1700 W BroadcastQueue: Skipping delivery: permission review required for Intent { act=android.intent.action.PACKAGE_ADDED dat=package: flg=0x4000010 (has extras) } from null (pid=1452, uid=1000) to com.games.mengmeizhitd/hjnw.ihjnw.i.isqly
11-01 23:42:17.081  1452  1700 W BroadcastQueue: u0 Receiving a broadcast in packagecom.hgperfko.yaeghrwx requires a permissions review
11-01 23:42:17.081  1452  1700 W BroadcastQueue: Skipping delivery: permission review required for Intent { act=android.intent.action.PACKAGE_ADDED dat=package: flg=0x4000010 (has extras) } from null (pid=1452, uid=1000) to com.hgperfko.yaeghrwx/.core.hLytdCQDBv
11-01 23:42:17.081  1452  1700 W BroadcastQueue: u0 Receiving a broadcast in packagecom.qiuqiu.dfmc requires a permissions review
11-01 23:42:17.081  1452  1700 W BroadcastQueue: Skipping delivery: permission review required for Intent { act=android.intent.action.PACKAGE_ADDED dat=package: flg=0x4000010 (has extras) } from null (pid=1452, uid=1000) to com.qiuqiu.dfmc/cn.jpush.android.service.PushReceiver
11-01 23:42:17.081  1452  1700 W BroadcastQueue: u0 Receiving a broadcast in packagecom.safesys.viruskiller requires a permissions review
11-01 23:42:17.081  1452  1700 W BroadcastQueue: Skipping delivery: permission review required for Intent { act=android.intent.action.PACKAGE_ADDED dat=package: flg=0x4000010 (has extras) } from null (pid=1452, uid=1000) to com.safesys.viruskiller/.ScanPackageBroadcast
11-01 23:42:17.081  1452  1700 W BroadcastQueue: u0 Receiving a broadcast in packagecom.uc108.mobile.sdgj.bd1 requires a permissions review
11-01 23:42:17.081  1452  1700 W BroadcastQueue: Skipping delivery: permission review required for Intent { act=android.intent.action.PACKAGE_ADDED dat=package: flg=0x4000010 (has extras) } from null (pid=1452, uid=1000) to com.uc108.mobile.sdgj.bd1/com.baidu.tiebasdk.service.InstallReceiver
11-01 23:42:17.081  1452  1700 W BroadcastQueue: u0 Receiving a broadcast in packageio.dcloud.H5BC6BF13 requires a permissions review
11-01 23:42:17.081  1452  1700 W BroadcastQueue: Skipping delivery: permission review required for Intent { act=android.intent.action.PACKAGE_ADDED dat=package: flg=0x4000010 (has extras) } from null (pid=1452, uid=1000) to io.dcloud.H5BC6BF13/io.dcloud.common.adapter.io.DownloadReceiver
11-01 23:42:17.094  1452  1452 I Telecom : DefaultDialerCache: Refreshing default dialer for user 0: now com.google.android.dialer: DDC.oR@A3w
11-01 23:42:17.101  1452  1698 W WindowMagnificationMgr: requestConnection duplicated request: connect=false, mConnectionState=DISCONNECTED
11-01 23:42:17.111  1452  1829 E VerityUtils: Failed to measure fs-verity, errno 1: /data/app/~~WufwqqGBIvWu-ytnx5bH0Q==/bzyz.osqak.rcbmn-wEI1lTTQooEzsWd-HZyomA==/base.apk
11-01 23:42:17.114  1452  1452 V BackupManagerConstants: getFullBackupIntervalMilliseconds(...) returns 86400000
11-01 23:42:17.114  1452  1452 V BackupManagerConstants: getFullBackupRequiredNetworkType(...) returns 2
11-01 23:42:17.114  1452  1452 V BackupManagerConstants: getFullBackupRequireCharging(...) returns true
11-01 23:42:17.140  1452  3211 D CompatibilityChangeReporter: Compat change id reported: 161252188; UID 10242; state: DISABLED
11-01 23:42:17.193  1452  1452 I Telecom : DefaultDialerCache: Refreshing default dialer for user 0: now com.google.android.dialer: DDC.oR@A38
11-01 23:42:17.206  1452  4164 W BackupTransportManager: Package bzyz.osqak.rcbmn enabled setting: 0
11-01 23:42:17.213  1452  1698 W PackageManager: Failed registering loading progress callback. Package is fully loaded.
11-01 23:42:17.249  1452  1833 E PackageManager: ERROR: could not load root hash from incremental install
11-01 23:42:17.287  1452  5530 W AppOps  : setUidMode() called with a mode inconsistent with runtime permission state, this is discouraged and you should revoke the runtime permission instead: uid=10125, switchCode=0, mode=4, permission=android.permission.ACCESS_BACKGROUND_LOCATION
11-01 23:42:17.291  1452  1452 I NotificationService: Cannot find enqueued record for key: 0|com.google.android.apps.wellbeing|174344743|null|10121
11-01 23:42:17.295  1452  1698 W WindowMagnificationMgr: requestConnection duplicated request: connect=false, mConnectionState=DISCONNECTED
11-01 23:42:17.306  1452  2984 I ActivityTaskManager: START u0 {flg=0x10000000 cmp=com.pandasecurity.pandaav/.DialogFragmentActivity (has extras)} from uid 10194
11-01 23:42:17.315  1452  1833 I PackageManager: Integrity check passed for file:///data/app/vmdl720516745.tmp
11-01 23:42:17.327  1452  2985 W ActivityTaskManager: Tried to set launchTime (0) < mLastActivityLaunchTime (524779)
11-01 23:42:17.429  1452  1677 V StorageManagerService: Package null has legacy storage
11-01 23:42:17.433  1452  5533 D CoreBackPreview: Window{b0e93fc u0 com.pandasecurity.pandaav/com.pandasecurity.pandaav.DialogFragmentActivity}: Setting back callback OnBackInvokedCallbackInfo{mCallback=android.window.IOnBackInvokedCallback$Stub$Proxy@6f25aea, mPriority=0}
11-01 23:42:17.444  1452  5528 D CoreBackPreview: Window{19e929f u0 com.pandasecurity.pandaav/com.pandasecurity.pandaav.DialogFragmentActivity}: Setting back callback OnBackInvokedCallbackInfo{mCallback=android.window.IOnBackInvokedCallback$Stub$Proxy@31c9620, mPriority=0}
11-01 23:42:17.492  1452  5131 W AppOps  : setUidMode() called with a mode inconsistent with runtime permission state, this is discouraged and you should revoke the runtime permission instead: uid=10125, switchCode=1, mode=4, permission=android.permission.ACCESS_BACKGROUND_LOCATION
11-01 23:42:17.496  1452  5131 W AppOps  : setUidMode() called with a mode inconsistent with runtime permission state, this is discouraged and you should revoke the runtime permission instead: uid=10125, switchCode=0, mode=4, permission=android.permission.ACCESS_BACKGROUND_LOCATION
11-01 23:42:17.508  1452  1452 W NotificationHistory: Attempted to add notif for locked/gone/disabled user 0
11-01 23:42:17.582  1452  1833 V BackupManagerService: [UserID:0] restoreAtInstall pkg=com.novaspirit.usbcleaver token=35 restoreSet=0
11-01 23:42:17.582  1452  1833 V BackupManagerService: [UserID:0] Finishing install immediately
11-01 23:42:17.586  1452  1833 D PackageInstallerSession: Marking session 720516745 as applied
11-01 23:42:17.596  1452  1833 D CompatibilityChangeReporter: Compat change id reported: 168419799; UID 10243; state: DISABLED
11-01 23:42:17.596  1452  1833 D CompatibilityChangeReporter: Compat change id reported: 273564678; UID 10243; state: DISABLED
11-01 23:42:17.603  1452  2985 I ActivityTaskManager: START u0 {flg=0x10000000 cmp=com.pandasecurity.pandaav/.DialogFragmentActivity (has extras)} from uid 10194
11-01 23:42:17.606  1452  2914 D CompatibilityChangeReporter: Compat change id reported: 218533173; UID 10243; state: DISABLED
11-01 23:42:17.612  1452  1452 I Telecom : DefaultDialerCache: Refreshing default dialer for user 0: now com.google.android.dialer: DDC.oR@A4Q
11-01 23:42:17.618  1452  1452 V BackupManagerConstants: getFullBackupIntervalMilliseconds(...) returns 86400000
11-01 23:42:17.618  1452  1452 V BackupManagerConstants: getFullBackupRequiredNetworkType(...) returns 2
11-01 23:42:17.618  1452  1452 V BackupManagerConstants: getFullBackupRequireCharging(...) returns true
11-01 23:42:17.621  1452  1698 W WindowMagnificationMgr: requestConnection duplicated request: connect=false, mConnectionState=DISCONNECTED
11-01 23:42:17.648  1452  1829 E VerityUtils: Failed to measure fs-verity, errno 1: /data/app/~~JVisO-ZKOUEvsqKEBRLIoA==/com.novaspirit.usbcleaver-T6rCoBdfqjDd6jtIndJuwQ==/base.apk
11-01 23:42:17.657  1452  1698 W PackageManager: Failed registering loading progress callback. Package is fully loaded.
11-01 23:42:17.660  1452  5300 W ActivityTaskManager: Tried to set launchTime (0) < mLastActivityLaunchTime (525770)
11-01 23:42:17.764  1452  5536 D CompatibilityChangeReporter: Compat change id reported: 161252188; UID 10243; state: DISABLED
11-01 23:42:17.803  1452  5534 D CoreBackPreview: Window{78eacdb u0 com.pandasecurity.pandaav/com.pandasecurity.pandaav.DialogFragmentActivity}: Setting back callback OnBackInvokedCallbackInfo{mCallback=android.window.IOnBackInvokedCallback$Stub$Proxy@5d7aa8d, mPriority=0}
11-01 23:42:17.809  1452  5528 D CoreBackPreview: Window{d23dc53 u0 com.pandasecurity.pandaav/com.pandasecurity.pandaav.DialogFragmentActivity}: Setting back callback OnBackInvokedCallbackInfo{mCallback=android.window.IOnBackInvokedCallback$Stub$Proxy@405eaaf, mPriority=0}
11-01 23:42:17.820  1452  1452 E NotificationService: Muting recently noisy 0|com.pandasecurity.pandaav|5394095|null|10194
11-01 23:42:17.833  1452  1452 I Telecom : DefaultDialerCache: Refreshing default dialer for user 0: now com.google.android.dialer: DDC.oR@A4k
11-01 23:42:17.839  1452  4164 W BackupTransportManager: Package com.novaspirit.usbcleaver enabled setting: 0
11-01 23:42:17.848  1452  1833 E PackageManager: ERROR: could not load root hash from incremental install
11-01 23:42:17.883  1452  1698 W WindowMagnificationMgr: requestConnection duplicated request: connect=false, mConnectionState=DISCONNECTED
11-01 23:42:17.887  1452  1833 I PackageManager: Integrity check passed for file:///data/app/vmdl1607122488.tmp
11-01 23:42:18.012  1452  1677 V StorageManagerService: Package null has legacy storage
11-01 23:42:18.074  1452  5298 W BroadcastQueue: u0 Receiving a broadcast in packagecom.jr.narutoii requires a permissions review
11-01 23:42:18.074  1452  5298 W BroadcastQueue: Skipping delivery: permission review required for Intent { act=android.intent.action.PACKAGE_ADDED dat=package: flg=0x4000010 (has extras) } from null (pid=1452, uid=1000) to com.jr.narutoii/com.joyriver.engine.proxy.EngineReceiver
11-01 23:42:18.075  1452  1700 W BroadcastQueue: u0 Receiving a broadcast in packagecom.android.buyer requires a permissions review
11-01 23:42:18.075  1452  1700 W BroadcastQueue: Skipping delivery: permission review required for Intent { act=android.intent.action.PACKAGE_ADDED dat=package: flg=0x4000010 (has extras) } from null (pid=1452, uid=1000) to com.android.buyer/.mRve
11-01 23:42:18.075  1452  1700 W BroadcastQueue: Background execution not allowed: receiving Intent { act=android.intent.action.PACKAGE_ADDED dat=package: flg=0x4000010 (has extras) } to com.google.android.packageinstaller/com.android.packageinstaller.PackageInstalledReceiver
11-01 23:42:18.075  1452  1700 W BroadcastQueue: Background execution not allowed: receiving Intent { act=android.intent.action.PACKAGE_ADDED dat=package: flg=0x4000010 (has extras) } to com.pandasecurity.pandaav/com.pandasecurity.appobserver.AppObserverReceiver
11-01 23:42:18.075  1452  1700 W BroadcastQueue: Background execution not allowed: receiving Intent { act=android.intent.action.PACKAGE_ADDED dat=package: flg=0x4000010 (has extras) } to com.android.vending/com.google.android.finsky.packagemonitor.impl.PackageMonitorReceiverImpl$RegisteredReceiver
11-01 23:42:18.075  1452  1700 W BroadcastQueue: Background execution not allowed: receiving Intent { act=android.intent.action.PACKAGE_ADDED dat=package: flg=0x4000010 (has extras) } to com.android.vending/com.google.android.finsky.packagemonitor.backgroundimpl.BackgroundPackageMonitorReceiverImpl$RegisteredReceiver
11-01 23:42:18.075  1452  1700 W BroadcastQueue: Background execution not allowed: receiving Intent { act=android.intent.action.PACKAGE_ADDED dat=package: flg=0x4000010 (has extras) } to com.google.android.gms/.games.chimera.GamesSystemBroadcastReceiverProxy
11-01 23:42:18.075  1452  1700 W BroadcastQueue: Background execution not allowed: receiving Intent { act=android.intent.action.PACKAGE_ADDED dat=package: flg=0x4000010 (has extras) } to com.google.android.gms/.gass.chimera.PackageChangeBroadcastReceiver
11-01 23:42:18.075  1452  1700 W BroadcastQueue: Background execution not allowed: receiving Intent { act=android.intent.action.PACKAGE_ADDED dat=package: flg=0x4000010 (has extras) } to com.google.android.gms/.chimera.GmsIntentOperationService$PersistentTrustedReceiver
11-01 23:42:18.075  1452  1700 W BroadcastQueue: Background execution not allowed: receiving Intent { act=android.intent.action.PACKAGE_ADDED dat=package: flg=0x4000010 (has extras) } to com.google.android.googlequicksearchbox/com.google.android.apps.gsa.googlequicksearchbox.GelStubAppWatcher
11-01 23:42:18.075  1452  1700 W BroadcastQueue: u0 Receiving a broadcast in packagecom.cncd.japan.janli.shudu requires a permissions review
11-01 23:42:18.075  1452  1700 W BroadcastQueue: Skipping delivery: permission review required for Intent { act=android.intent.action.PACKAGE_ADDED dat=package: flg=0x4000010 (has extras) } from null (pid=1452, uid=1000) to com.cncd.japan.janli.shudu/net.l.k.r
11-01 23:42:18.075  1452  1700 W BroadcastQueue: u0 Receiving a broadcast in packagecom.cncd.japan.janli.shudu requires a permissions review
11-01 23:42:18.075  1452  1700 W BroadcastQueue: Skipping delivery: permission review required for Intent { act=android.intent.action.PACKAGE_ADDED dat=package: flg=0x4000010 (has extras) } from null (pid=1452, uid=1000) to com.cncd.japan.janli.shudu/com.feiwofour.coverscreen.SR
11-01 23:42:18.075  1452  1700 W BroadcastQueue: u0 Receiving a broadcast in packagecom.games.mengmeizhitd requires a permissions review
11-01 23:42:18.075  1452  1700 W BroadcastQueue: Skipping delivery: permission review required for Intent { act=android.intent.action.PACKAGE_ADDED dat=package: flg=0x4000010 (has extras) } from null (pid=1452, uid=1000) to com.games.mengmeizhitd/hjnw.ihjnw.i.isqly
11-01 23:42:18.075  1452  1700 W BroadcastQueue: u0 Receiving a broadcast in packagecom.hgperfko.yaeghrwx requires a permissions review
11-01 23:42:18.075  1452  1700 W BroadcastQueue: Skipping delivery: permission review required for Intent { act=android.intent.action.PACKAGE_ADDED dat=package: flg=0x4000010 (has extras) } from null (pid=1452, uid=1000) to com.hgperfko.yaeghrwx/.core.hLytdCQDBv
11-01 23:42:18.076  1452  1700 W BroadcastQueue: u0 Receiving a broadcast in packagecom.qiuqiu.dfmc requires a permissions review
11-01 23:42:18.076  1452  1700 W BroadcastQueue: Skipping delivery: permission review required for Intent { act=android.intent.action.PACKAGE_ADDED dat=package: flg=0x4000010 (has extras) } from null (pid=1452, uid=1000) to com.qiuqiu.dfmc/cn.jpush.android.service.PushReceiver
11-01 23:42:18.076  1452  1700 W BroadcastQueue: u0 Receiving a broadcast in packagecom.safesys.viruskiller requires a permissions review
11-01 23:42:18.076  1452  1700 W BroadcastQueue: Skipping delivery: permission review required for Intent { act=android.intent.action.PACKAGE_ADDED dat=package: flg=0x4000010 (has extras) } from null (pid=1452, uid=1000) to com.safesys.viruskiller/.ScanPackageBroadcast
11-01 23:42:18.076  1452  1700 W BroadcastQueue: u0 Receiving a broadcast in packagecom.uc108.mobile.sdgj.bd1 requires a permissions review
11-01 23:42:18.076  1452  1700 W BroadcastQueue: Skipping delivery: permission review required for Intent { act=android.intent.action.PACKAGE_ADDED dat=package: flg=0x4000010 (has extras) } from null (pid=1452, uid=1000) to com.uc108.mobile.sdgj.bd1/com.baidu.tiebasdk.service.InstallReceiver
11-01 23:42:18.076  1452  1700 W BroadcastQueue: u0 Receiving a broadcast in packageio.dcloud.H5BC6BF13 requires a permissions review
11-01 23:42:18.076  1452  1700 W BroadcastQueue: Skipping delivery: permission review required for Intent { act=android.intent.action.PACKAGE_ADDED dat=package: flg=0x4000010 (has extras) } from null (pid=1452, uid=1000) to io.dcloud.H5BC6BF13/io.dcloud.common.adapter.io.DownloadReceiver
11-01 23:42:18.153  1452  5301 W AppOps  : setUidMode() called with a mode inconsistent with runtime permission state, this is discouraged and you should revoke the runtime permission instead: uid=10125, switchCode=0, mode=4, permission=android.permission.ACCESS_BACKGROUND_LOCATION
11-01 23:42:18.189  1452  1833 V BackupManagerService: [UserID:0] restoreAtInstall pkg=com.voicebianshengjinglingwc.wxl token=36 restoreSet=0
11-01 23:42:18.190  1452  1833 V BackupManagerService: [UserID:0] Finishing install immediately
11-01 23:42:18.195  1452  1833 D PackageInstallerSession: Marking session 1607122488 as applied
11-01 23:42:18.219  1452  1833 D CompatibilityChangeReporter: Compat change id reported: 168419799; UID 10244; state: DISABLED
11-01 23:42:18.219  1452  1833 D CompatibilityChangeReporter: Compat change id reported: 273564678; UID 10244; state: DISABLED
11-01 23:42:18.223  1452  2914 D CompatibilityChangeReporter: Compat change id reported: 218533173; UID 10244; state: DISABLED
11-01 23:42:18.226  1452  1452 I Telecom : DefaultDialerCache: Refreshing default dialer for user 0: now com.google.android.dialer: DDC.oR@A4o
11-01 23:42:18.229  1452  1452 V BackupManagerConstants: getFullBackupIntervalMilliseconds(...) returns 86400000
11-01 23:42:18.229  1452  1452 V BackupManagerConstants: getFullBackupRequiredNetworkType(...) returns 2
11-01 23:42:18.229  1452  1452 V BackupManagerConstants: getFullBackupRequireCharging(...) returns true
11-01 23:42:18.273  1452  5523 D CompatibilityChangeReporter: Compat change id reported: 161252188; UID 10244; state: DISABLED
11-01 23:42:18.287  1452  1829 E VerityUtils: Failed to measure fs-verity, errno 1: /data/app/~~Wmi_79QXz6hPNMab8g8lmA==/com.voicebianshengjinglingwc.wxl-PqkoCicBzYo1ODsyBJTyJg==/base.apk
11-01 23:42:18.307  1452  1452 I Telecom : DefaultDialerCache: Refreshing default dialer for user 0: now com.google.android.dialer: DDC.oR@A4s
11-01 23:42:18.307  1452  4164 W BackupTransportManager: Package com.voicebianshengjinglingwc.wxl enabled setting: 0
11-01 23:42:18.370  1452  5131 I ActivityTaskManager: START u0 {flg=0x10000000 cmp=com.pandasecurity.pandaav/.DialogFragmentActivity (has extras)} from uid 10194
11-01 23:42:18.375  1452  1833 E PackageManager: ERROR: could not load root hash from incremental install
11-01 23:42:18.398  1452  1698 W WindowMagnificationMgr: requestConnection duplicated request: connect=false, mConnectionState=DISCONNECTED
11-01 23:42:18.401  1452  2985 W ActivityTaskManager: Tried to set launchTime (0) < mLastActivityLaunchTime (526103)
11-01 23:42:18.401  1452  2040 W PackageParsing: Ignoring duplicate uses-permissions/uses-permissions-sdk-m: android.permission.DISABLE_KEYGUARD in package: zqgd.bwqay.wekcq at: Binary XML file line #22
11-01 23:42:18.411  1452  5298 W AppOps  : setUidMode() called with a mode inconsistent with runtime permission state, this is discouraged and you should revoke the runtime permission instead: uid=10125, switchCode=1, mode=4, permission=android.permission.ACCESS_BACKGROUND_LOCATION
11-01 23:42:18.413  1452  1833 I PackageManager: Integrity check passed for file:///data/app/vmdl1391189057.tmp
11-01 23:42:18.417  1452  5291 W AppOps  : setUidMode() called with a mode inconsistent with runtime permission state, this is discouraged and you should revoke the runtime permission instead: uid=10125, switchCode=0, mode=4, permission=android.permission.ACCESS_BACKGROUND_LOCATION
11-01 23:42:18.462  1452  1698 W PackageManager: Failed registering loading progress callback. Package is fully loaded.
11-01 23:42:18.470  1452  1698 W WindowMagnificationMgr: requestConnection duplicated request: connect=false, mConnectionState=DISCONNECTED
11-01 23:42:18.470  1452  1833 W PackageParsing: Ignoring duplicate uses-permissions/uses-permissions-sdk-m: android.permission.DISABLE_KEYGUARD in package: zqgd.bwqay.wekcq at: Binary XML file line #22
11-01 23:42:18.471  1452  5131 D CoreBackPreview: Window{84e3dd0 u0 com.pandasecurity.pandaav/com.pandasecurity.pandaav.DialogFragmentActivity}: Setting back callback OnBackInvokedCallbackInfo{mCallback=android.window.IOnBackInvokedCallback$Stub$Proxy@fda7665, mPriority=0}
11-01 23:42:18.483  1452  5291 D CoreBackPreview: Window{bf7c620 u0 com.pandasecurity.pandaav/com.pandasecurity.pandaav.DialogFragmentActivity}: Setting back callback OnBackInvokedCallbackInfo{mCallback=android.window.IOnBackInvokedCallback$Stub$Proxy@b5db429, mPriority=0}
11-01 23:42:18.547  1452  1677 V StorageManagerService: Package null has legacy storage
11-01 23:42:18.552  1452  5528 W BroadcastQueue: u0 Receiving a broadcast in packagecom.jr.narutoii requires a permissions review
11-01 23:42:18.552  1452  5528 W BroadcastQueue: Skipping delivery: permission review required for Intent { act=android.intent.action.PACKAGE_ADDED dat=package: flg=0x4000010 (has extras) } from null (pid=1452, uid=1000) to com.jr.narutoii/com.joyriver.engine.proxy.EngineReceiver
11-01 23:42:18.553  1452  1700 W BroadcastQueue: u0 Receiving a broadcast in packagecom.android.buyer requires a permissions review
