10-30 21:19:47.507  1540  1872 V BackupManagerService: [UserID:0] restoreAtInstall pkg=rjpmscxyoicgj.rcmuksahjbgmzodorjn.pebcsfmlgnqxshaierbhj token=3c restoreSet=0
10-30 21:19:47.507  1540  1872 V BackupManagerService: [UserID:0] Finishing install immediately
10-30 21:19:47.513  1540  1872 D PackageInstallerSession: Marking session 1307297044 as applied
10-30 21:19:47.518  1540  1872 D CompatibilityChangeReporter: Compat change id reported: 168419799; UID 10250; state: DISABLED
10-30 21:19:47.519  1540  1872 D CompatibilityChangeReporter: Compat change id reported: 273564678; UID 10250; state: DISABLED
10-30 21:19:47.524  1540  2926 D CompatibilityChangeReporter: Compat change id reported: 218533173; UID 10250; state: DISABLED
10-30 21:19:47.530  1540  1540 I Telecom : DefaultDialerCache: Refreshing default dialer for user 0: now com.google.android.dialer: DDC.oR@A2c
10-30 21:19:47.532  1540  5627 W BroadcastQueue: u0 Receiving a broadcast in packagecom.jr.narutoii requires a permissions review
10-30 21:19:47.532  1540  5627 W BroadcastQueue: Skipping delivery: permission review required for Intent { act=android.intent.action.PACKAGE_ADDED dat=package: flg=0x4000010 (has extras) } from null (pid=1540, uid=1000) to com.jr.narutoii/com.joyriver.engine.proxy.EngineReceiver
10-30 21:19:47.533  1540  1746 W BroadcastQueue: u0 Receiving a broadcast in packagecom.android.buyer requires a permissions review
10-30 21:19:47.533  1540  1746 W BroadcastQueue: Skipping delivery: permission review required for Intent { act=android.intent.action.PACKAGE_ADDED dat=package: flg=0x4000010 (has extras) } from null (pid=1540, uid=1000) to com.android.buyer/.mRve
10-30 21:19:47.536  1540  1540 V BackupManagerConstants: getFullBackupIntervalMilliseconds(...) returns 86400000
10-30 21:19:47.536  1540  1540 V BackupManagerConstants: getFullBackupRequiredNetworkType(...) returns 2
10-30 21:19:47.536  1540  1540 V BackupManagerConstants: getFullBackupRequireCharging(...) returns true
10-30 21:19:47.537  1540  1746 W BroadcastQueue: Background execution not allowed: receiving Intent { act=android.intent.action.PACKAGE_ADDED dat=package: flg=0x4000010 (has extras) } to com.google.android.packageinstaller/com.android.packageinstaller.PackageInstalledReceiver
10-30 21:19:47.538  1540  1746 W BroadcastQueue: Background execution not allowed: receiving Intent { act=android.intent.action.PACKAGE_ADDED dat=package: flg=0x4000010 (has extras) } to com.android.vending/com.google.android.finsky.packagemonitor.impl.PackageMonitorReceiverImpl$RegisteredReceiver
10-30 21:19:47.538  1540  1746 W BroadcastQueue: Background execution not allowed: receiving Intent { act=android.intent.action.PACKAGE_ADDED dat=package: flg=0x4000010 (has extras) } to com.android.vending/com.google.android.finsky.packagemonitor.backgroundimpl.BackgroundPackageMonitorReceiverImpl$RegisteredReceiver
10-30 21:19:47.538  1540  1746 W BroadcastQueue: Background execution not allowed: receiving Intent { act=android.intent.action.PACKAGE_ADDED dat=package: flg=0x4000010 (has extras) } to com.google.android.gms/.games.chimera.GamesSystemBroadcastReceiverProxy
10-30 21:19:47.538  1540  1746 W BroadcastQueue: Background execution not allowed: receiving Intent { act=android.intent.action.PACKAGE_ADDED dat=package: flg=0x4000010 (has extras) } to com.google.android.gms/.gass.chimera.PackageChangeBroadcastReceiver
10-30 21:19:47.538  1540  1746 W BroadcastQueue: Background execution not allowed: receiving Intent { act=android.intent.action.PACKAGE_ADDED dat=package: flg=0x4000010 (has extras) } to com.google.android.gms/.chimera.GmsIntentOperationService$PersistentTrustedReceiver
10-30 21:19:47.538  1540  1746 W BroadcastQueue: Background execution not allowed: receiving Intent { act=android.intent.action.PACKAGE_ADDED dat=package: flg=0x4000010 (has extras) } to com.google.android.googlequicksearchbox/com.google.android.apps.gsa.googlequicksearchbox.GelStubAppWatcher
10-30 21:19:47.538  1540  1746 W BroadcastQueue: u0 Receiving a broadcast in packagecom.cncd.japan.janli.shudu requires a permissions review
10-30 21:19:47.538  1540  1746 W BroadcastQueue: Skipping delivery: permission review required for Intent { act=android.intent.action.PACKAGE_ADDED dat=package: flg=0x4000010 (has extras) } from null (pid=1540, uid=1000) to com.cncd.japan.janli.shudu/net.l.k.r
10-30 21:19:47.538  1540  1746 W BroadcastQueue: u0 Receiving a broadcast in packagecom.cncd.japan.janli.shudu requires a permissions review
10-30 21:19:47.539  1540  1746 W BroadcastQueue: Skipping delivery: permission review required for Intent { act=android.intent.action.PACKAGE_ADDED dat=package: flg=0x4000010 (has extras) } from null (pid=1540, uid=1000) to com.cncd.japan.janli.shudu/com.feiwofour.coverscreen.SR
10-30 21:19:47.539  1540  1746 W BroadcastQueue: u0 Receiving a broadcast in packagecom.games.mengmeizhitd requires a permissions review
10-30 21:19:47.539  1540  1746 W BroadcastQueue: Skipping delivery: permission review required for Intent { act=android.intent.action.PACKAGE_ADDED dat=package: flg=0x4000010 (has extras) } from null (pid=1540, uid=1000) to com.games.mengmeizhitd/hjnw.ihjnw.i.isqly
10-30 21:19:47.539  1540  1746 W BroadcastQueue: u0 Receiving a broadcast in packagecom.hgperfko.yaeghrwx requires a permissions review
10-30 21:19:47.539  1540  1746 W BroadcastQueue: Skipping delivery: permission review required for Intent { act=android.intent.action.PACKAGE_ADDED dat=package: flg=0x4000010 (has extras) } from null (pid=1540, uid=1000) to com.hgperfko.yaeghrwx/.core.hLytdCQDBv
10-30 21:19:47.539  1540  1746 W BroadcastQueue: u0 Receiving a broadcast in packagecom.qiuqiu.dfmc requires a permissions review
10-30 21:19:47.539  1540  1746 W BroadcastQueue: Skipping delivery: permission review required for Intent { act=android.intent.action.PACKAGE_ADDED dat=package: flg=0x4000010 (has extras) } from null (pid=1540, uid=1000) to com.qiuqiu.dfmc/cn.jpush.android.service.PushReceiver
10-30 21:19:47.539  1540  1746 W BroadcastQueue: u0 Receiving a broadcast in packagecom.safesys.viruskiller requires a permissions review
10-30 21:19:47.539  1540  1746 W BroadcastQueue: Skipping delivery: permission review required for Intent { act=android.intent.action.PACKAGE_ADDED dat=package: flg=0x4000010 (has extras) } from null (pid=1540, uid=1000) to com.safesys.viruskiller/.ScanPackageBroadcast
10-30 21:19:47.539  1540  1746 W BroadcastQueue: u0 Receiving a broadcast in packagecom.uc108.mobile.sdgj.bd1 requires a permissions review
10-30 21:19:47.539  1540  1746 W BroadcastQueue: Skipping delivery: permission review required for Intent { act=android.intent.action.PACKAGE_ADDED dat=package: flg=0x4000010 (has extras) } from null (pid=1540, uid=1000) to com.uc108.mobile.sdgj.bd1/com.baidu.tiebasdk.service.InstallReceiver
10-30 21:19:47.539  1540  1746 W BroadcastQueue: u0 Receiving a broadcast in packagecom.voicebianshengjinglingwc.wxl requires a permissions review
10-30 21:19:47.539  1540  1746 W BroadcastQueue: Skipping delivery: permission review required for Intent { act=android.intent.action.PACKAGE_ADDED dat=package: flg=0x4000010 (has extras) } from null (pid=1540, uid=1000) to com.voicebianshengjinglingwc.wxl/mp.ruu.Ztjjwrj
10-30 21:19:47.539  1540  1746 W BroadcastQueue: u0 Receiving a broadcast in packageio.dcloud.H5BC6BF13 requires a permissions review
10-30 21:19:47.539  1540  1746 W BroadcastQueue: Skipping delivery: permission review required for Intent { act=android.intent.action.PACKAGE_ADDED dat=package: flg=0x4000010 (has extras) } from null (pid=1540, uid=1000) to io.dcloud.H5BC6BF13/io.dcloud.common.adapter.io.DownloadReceiver
10-30 21:19:47.551  1540  1540 I Telecom : DefaultDialerCache: Refreshing default dialer for user 0: now com.google.android.dialer: DDC.oR@A2g
10-30 21:19:47.559  1540  4192 W BackupTransportManager: Package rjpmscxyoicgj.rcmuksahjbgmzodorjn.pebcsfmlgnqxshaierbhj enabled setting: 0
10-30 21:19:47.570  1540  1745 W WindowMagnificationMgr: requestConnection duplicated request: connect=false, mConnectionState=DISCONNECTED
10-30 21:19:47.575  1540  1869 E VerityUtils: Failed to measure fs-verity, errno 1: /data/app/~~b_sT9q_Vv2ZpxlMIVpP1EQ==/rjpmscxyoicgj.rcmuksahjbgmzodorjn.pebcsfmlgnqxshaierbhj-OzQIJK37Ch7b3VoqjFYnPw==/base.apk
10-30 21:19:47.582  1540  5618 D CompatibilityChangeReporter: Compat change id reported: 161252188; UID 10250; state: DISABLED
10-30 21:19:47.623  1540  1745 W PackageManager: Failed registering loading progress callback. Package is fully loaded.
10-30 21:19:47.634  1540  1745 W WindowMagnificationMgr: requestConnection duplicated request: connect=false, mConnectionState=DISCONNECTED
10-30 21:19:47.731  1540  1872 E PackageManager: ERROR: could not load root hash from incremental install
10-30 21:19:47.746  1540  1872 I PackageManager: Integrity check passed for file:///data/app/vmdl2117879747.tmp
10-30 21:19:47.855  1540  1729 V StorageManagerService: Package null has legacy storage
10-30 21:19:48.079  1540  1872 V BackupManagerService: [UserID:0] restoreAtInstall pkg=oaskok.rjsbiydsjifexwubpyuomxy.zslzeeeyzmnfnttztj token=3d restoreSet=0
10-30 21:19:48.080  1540  1872 V BackupManagerService: [UserID:0] Finishing install immediately
10-30 21:19:48.081  1540  1872 D PackageInstallerSession: Marking session 2117879747 as applied
10-30 21:19:48.087  1540  1872 D CompatibilityChangeReporter: Compat change id reported: 168419799; UID 10251; state: DISABLED
10-30 21:19:48.087  1540  1872 D CompatibilityChangeReporter: Compat change id reported: 273564678; UID 10251; state: DISABLED
10-30 21:19:48.092  1540  2926 D CompatibilityChangeReporter: Compat change id reported: 218533173; UID 10251; state: DISABLED
10-30 21:19:48.092  1540  1540 I Telecom : DefaultDialerCache: Refreshing default dialer for user 0: now com.google.android.dialer: DDC.oR@A2s
10-30 21:19:48.094  1540  1746 W BroadcastQueue: u0 Receiving a broadcast in packagecom.jr.narutoii requires a permissions review
10-30 21:19:48.094  1540  1746 W BroadcastQueue: Skipping delivery: permission review required for Intent { act=android.intent.action.PACKAGE_ADDED dat=package: flg=0x4000010 (has extras) } from null (pid=1540, uid=1000) to com.jr.narutoii/com.joyriver.engine.proxy.EngineReceiver
10-30 21:19:48.094  1540  1746 W BroadcastQueue: u0 Receiving a broadcast in packagecom.android.buyer requires a permissions review
10-30 21:19:48.094  1540  1746 W BroadcastQueue: Skipping delivery: permission review required for Intent { act=android.intent.action.PACKAGE_ADDED dat=package: flg=0x4000010 (has extras) } from null (pid=1540, uid=1000) to com.android.buyer/.mRve
10-30 21:19:48.095  1540  1746 W BroadcastQueue: Background execution not allowed: receiving Intent { act=android.intent.action.PACKAGE_ADDED dat=package: flg=0x4000010 (has extras) } to com.google.android.packageinstaller/com.android.packageinstaller.PackageInstalledReceiver
10-30 21:19:48.095  1540  1746 W BroadcastQueue: Background execution not allowed: receiving Intent { act=android.intent.action.PACKAGE_ADDED dat=package: flg=0x4000010 (has extras) } to com.android.vending/com.google.android.finsky.packagemonitor.impl.PackageMonitorReceiverImpl$RegisteredReceiver
10-30 21:19:48.095  1540  1746 W BroadcastQueue: Background execution not allowed: receiving Intent { act=android.intent.action.PACKAGE_ADDED dat=package: flg=0x4000010 (has extras) } to com.android.vending/com.google.android.finsky.packagemonitor.backgroundimpl.BackgroundPackageMonitorReceiverImpl$RegisteredReceiver
10-30 21:19:48.095  1540  1746 W BroadcastQueue: Background execution not allowed: receiving Intent { act=android.intent.action.PACKAGE_ADDED dat=package: flg=0x4000010 (has extras) } to com.google.android.gms/.games.chimera.GamesSystemBroadcastReceiverProxy
10-30 21:19:48.095  1540  1746 W BroadcastQueue: Background execution not allowed: receiving Intent { act=android.intent.action.PACKAGE_ADDED dat=package: flg=0x4000010 (has extras) } to com.google.android.gms/.gass.chimera.PackageChangeBroadcastReceiver
10-30 21:19:48.095  1540  1746 W BroadcastQueue: Background execution not allowed: receiving Intent { act=android.intent.action.PACKAGE_ADDED dat=package: flg=0x4000010 (has extras) } to com.google.android.gms/.chimera.GmsIntentOperationService$PersistentTrustedReceiver
10-30 21:19:48.095  1540  1746 W BroadcastQueue: Background execution not allowed: receiving Intent { act=android.intent.action.PACKAGE_ADDED dat=package: flg=0x4000010 (has extras) } to com.google.android.googlequicksearchbox/com.google.android.apps.gsa.googlequicksearchbox.GelStubAppWatcher
10-30 21:19:48.095  1540  1746 W BroadcastQueue: u0 Receiving a broadcast in packagecom.cncd.japan.janli.shudu requires a permissions review
10-30 21:19:48.095  1540  1746 W BroadcastQueue: Skipping delivery: permission review required for Intent { act=android.intent.action.PACKAGE_ADDED dat=package: flg=0x4000010 (has extras) } from null (pid=1540, uid=1000) to com.cncd.japan.janli.shudu/net.l.k.r
10-30 21:19:48.095  1540  1746 W BroadcastQueue: u0 Receiving a broadcast in packagecom.cncd.japan.janli.shudu requires a permissions review
10-30 21:19:48.095  1540  1746 W BroadcastQueue: Skipping delivery: permission review required for Intent { act=android.intent.action.PACKAGE_ADDED dat=package: flg=0x4000010 (has extras) } from null (pid=1540, uid=1000) to com.cncd.japan.janli.shudu/com.feiwofour.coverscreen.SR
10-30 21:19:48.095  1540  1746 W BroadcastQueue: u0 Receiving a broadcast in packagecom.games.mengmeizhitd requires a permissions review
10-30 21:19:48.095  1540  1746 W BroadcastQueue: Skipping delivery: permission review required for Intent { act=android.intent.action.PACKAGE_ADDED dat=package: flg=0x4000010 (has extras) } from null (pid=1540, uid=1000) to com.games.mengmeizhitd/hjnw.ihjnw.i.isqly
10-30 21:19:48.095  1540  1746 W BroadcastQueue: u0 Receiving a broadcast in packagecom.hgperfko.yaeghrwx requires a permissions review
10-30 21:19:48.095  1540  1746 W BroadcastQueue: Skipping delivery: permission review required for Intent { act=android.intent.action.PACKAGE_ADDED dat=package: flg=0x4000010 (has extras) } from null (pid=1540, uid=1000) to com.hgperfko.yaeghrwx/.core.hLytdCQDBv
10-30 21:19:48.095  1540  1746 W BroadcastQueue: u0 Receiving a broadcast in packagecom.qiuqiu.dfmc requires a permissions review
10-30 21:19:48.095  1540  1746 W BroadcastQueue: Skipping delivery: permission review required for Intent { act=android.intent.action.PACKAGE_ADDED dat=package: flg=0x4000010 (has extras) } from null (pid=1540, uid=1000) to com.qiuqiu.dfmc/cn.jpush.android.service.PushReceiver
10-30 21:19:48.096  1540  1746 W BroadcastQueue: u0 Receiving a broadcast in packagecom.safesys.viruskiller requires a permissions review
10-30 21:19:48.096  1540  1746 W BroadcastQueue: Skipping delivery: permission review required for Intent { act=android.intent.action.PACKAGE_ADDED dat=package: flg=0x4000010 (has extras) } from null (pid=1540, uid=1000) to com.safesys.viruskiller/.ScanPackageBroadcast
10-30 21:19:48.096  1540  1746 W BroadcastQueue: u0 Receiving a broadcast in packagecom.uc108.mobile.sdgj.bd1 requires a permissions review
10-30 21:19:48.096  1540  1746 W BroadcastQueue: Skipping delivery: permission review required for Intent { act=android.intent.action.PACKAGE_ADDED dat=package: flg=0x4000010 (has extras) } from null (pid=1540, uid=1000) to com.uc108.mobile.sdgj.bd1/com.baidu.tiebasdk.service.InstallReceiver
10-30 21:19:48.096  1540  1746 W BroadcastQueue: u0 Receiving a broadcast in packagecom.voicebianshengjinglingwc.wxl requires a permissions review
10-30 21:19:48.096  1540  1746 W BroadcastQueue: Skipping delivery: permission review required for Intent { act=android.intent.action.PACKAGE_ADDED dat=package: flg=0x4000010 (has extras) } from null (pid=1540, uid=1000) to com.voicebianshengjinglingwc.wxl/mp.ruu.Ztjjwrj
10-30 21:19:48.096  1540  1746 W BroadcastQueue: u0 Receiving a broadcast in packageio.dcloud.H5BC6BF13 requires a permissions review
10-30 21:19:48.096  1540  1746 W BroadcastQueue: Skipping delivery: permission review required for Intent { act=android.intent.action.PACKAGE_ADDED dat=package: flg=0x4000010 (has extras) } from null (pid=1540, uid=1000) to io.dcloud.H5BC6BF13/io.dcloud.common.adapter.io.DownloadReceiver
10-30 21:19:48.108  1540  1540 V BackupManagerConstants: getFullBackupIntervalMilliseconds(...) returns 86400000
10-30 21:19:48.108  1540  1540 V BackupManagerConstants: getFullBackupRequiredNetworkType(...) returns 2
10-30 21:19:48.108  1540  1540 V BackupManagerConstants: getFullBackupRequireCharging(...) returns true
10-30 21:19:48.133  1540  1540 I Telecom : DefaultDialerCache: Refreshing default dialer for user 0: now com.google.android.dialer: DDC.oR@A2w
10-30 21:19:48.135  1540  1745 W WindowMagnificationMgr: requestConnection duplicated request: connect=false, mConnectionState=DISCONNECTED
10-30 21:19:48.147  1540  4192 W BackupTransportManager: Package oaskok.rjsbiydsjifexwubpyuomxy.zslzeeeyzmnfnttztj enabled setting: 0
10-30 21:19:48.156  1540  1872 E PackageManager: ERROR: could not load root hash from incremental install
10-30 21:19:48.157  1540  1869 E VerityUtils: Failed to measure fs-verity, errno 1: /data/app/~~0d36a3sq18o1Degz7cVA4A==/oaskok.rjsbiydsjifexwubpyuomxy.zslzeeeyzmnfnttztj-L2pEwhw3qX1FjkiV8IcrDg==/base.apk
10-30 21:19:48.162  1540  5614 D CompatibilityChangeReporter: Compat change id reported: 161252188; UID 10251; state: DISABLED
10-30 21:19:48.167  1540  2049 W PackageParsing: Ignoring duplicate uses-permissions/uses-permissions-sdk-m: android.permission.DISABLE_KEYGUARD in package: com.lfnb.ccrh at: Binary XML file line #24
10-30 21:19:48.181  1540  1872 I PackageManager: Integrity check passed for file:///data/app/vmdl1180118442.tmp
10-30 21:19:48.206  1540  1745 W PackageManager: Failed registering loading progress callback. Package is fully loaded.
10-30 21:19:48.220  1540  1745 W WindowMagnificationMgr: requestConnection duplicated request: connect=false, mConnectionState=DISCONNECTED
10-30 21:19:48.254  1540  1872 W PackageParsing: Ignoring duplicate uses-permissions/uses-permissions-sdk-m: android.permission.DISABLE_KEYGUARD in package: com.lfnb.ccrh at: Binary XML file line #24
10-30 21:19:48.377  1540  1729 V StorageManagerService: Package null has legacy storage
10-30 21:19:48.449  1540  1872 V BackupManagerService: [UserID:0] restoreAtInstall pkg=com.lfnb.ccrh token=3e restoreSet=0
10-30 21:19:48.450  1540  1872 V BackupManagerService: [UserID:0] Finishing install immediately
10-30 21:19:48.451  1540  1872 D PackageInstallerSession: Marking session 1180118442 as applied
10-30 21:19:48.454  1540  1872 D CompatibilityChangeReporter: Compat change id reported: 168419799; UID 10252; state: DISABLED
10-30 21:19:48.454  1540  1872 D CompatibilityChangeReporter: Compat change id reported: 273564678; UID 10252; state: DISABLED
10-30 21:19:48.462  1540  5624 W BroadcastQueue: u0 Receiving a broadcast in packagecom.jr.narutoii requires a permissions review
10-30 21:19:48.462  1540  5624 W BroadcastQueue: Skipping delivery: permission review required for Intent { act=android.intent.action.PACKAGE_ADDED dat=package: flg=0x4000010 (has extras) } from null (pid=1540, uid=1000) to com.jr.narutoii/com.joyriver.engine.proxy.EngineReceiver
10-30 21:19:48.466  1540  2926 D CompatibilityChangeReporter: Compat change id reported: 218533173; UID 10252; state: DISABLED
10-30 21:19:48.472  1540  1540 I Telecom : DefaultDialerCache: Refreshing default dialer for user 0: now com.google.android.dialer: DDC.oR@A28
10-30 21:19:48.474  1540  1540 V BackupManagerConstants: getFullBackupIntervalMilliseconds(...) returns 86400000
10-30 21:19:48.474  1540  1540 V BackupManagerConstants: getFullBackupRequiredNetworkType(...) returns 2
10-30 21:19:48.475  1540  1540 V BackupManagerConstants: getFullBackupRequireCharging(...) returns true
10-30 21:19:48.482  1540  1746 W BroadcastQueue: u0 Receiving a broadcast in packagecom.android.buyer requires a permissions review
10-30 21:19:48.482  1540  1746 W BroadcastQueue: Skipping delivery: permission review required for Intent { act=android.intent.action.PACKAGE_ADDED dat=package: flg=0x4000010 (has extras) } from null (pid=1540, uid=1000) to com.android.buyer/.mRve
10-30 21:19:48.482  1540  1746 W BroadcastQueue: Background execution not allowed: receiving Intent { act=android.intent.action.PACKAGE_ADDED dat=package: flg=0x4000010 (has extras) } to com.google.android.packageinstaller/com.android.packageinstaller.PackageInstalledReceiver
10-30 21:19:48.482  1540  1746 W BroadcastQueue: Background execution not allowed: receiving Intent { act=android.intent.action.PACKAGE_ADDED dat=package: flg=0x4000010 (has extras) } to com.android.vending/com.google.android.finsky.packagemonitor.impl.PackageMonitorReceiverImpl$RegisteredReceiver
10-30 21:19:48.482  1540  1746 W BroadcastQueue: Background execution not allowed: receiving Intent { act=android.intent.action.PACKAGE_ADDED dat=package: flg=0x4000010 (has extras) } to com.android.vending/com.google.android.finsky.packagemonitor.backgroundimpl.BackgroundPackageMonitorReceiverImpl$RegisteredReceiver
10-30 21:19:48.482  1540  1746 W BroadcastQueue: Background execution not allowed: receiving Intent { act=android.intent.action.PACKAGE_ADDED dat=package: flg=0x4000010 (has extras) } to com.google.android.gms/.games.chimera.GamesSystemBroadcastReceiverProxy
10-30 21:19:48.483  1540  1746 W BroadcastQueue: Background execution not allowed: receiving Intent { act=android.intent.action.PACKAGE_ADDED dat=package: flg=0x4000010 (has extras) } to com.google.android.gms/.gass.chimera.PackageChangeBroadcastReceiver
10-30 21:19:48.483  1540  1746 W BroadcastQueue: Background execution not allowed: receiving Intent { act=android.intent.action.PACKAGE_ADDED dat=package: flg=0x4000010 (has extras) } to com.google.android.gms/.chimera.GmsIntentOperationService$PersistentTrustedReceiver
10-30 21:19:48.483  1540  1746 W BroadcastQueue: Background execution not allowed: receiving Intent { act=android.intent.action.PACKAGE_ADDED dat=package: flg=0x4000010 (has extras) } to com.google.android.googlequicksearchbox/com.google.android.apps.gsa.googlequicksearchbox.GelStubAppWatcher
10-30 21:19:48.483  1540  1746 W BroadcastQueue: u0 Receiving a broadcast in packagecom.cncd.japan.janli.shudu requires a permissions review
10-30 21:19:48.483  1540  1746 W BroadcastQueue: Skipping delivery: permission review required for Intent { act=android.intent.action.PACKAGE_ADDED dat=package: flg=0x4000010 (has extras) } from null (pid=1540, uid=1000) to com.cncd.japan.janli.shudu/net.l.k.r
10-30 21:19:48.483  1540  1746 W BroadcastQueue: u0 Receiving a broadcast in packagecom.cncd.japan.janli.shudu requires a permissions review
10-30 21:19:48.483  1540  1746 W BroadcastQueue: Skipping delivery: permission review required for Intent { act=android.intent.action.PACKAGE_ADDED dat=package: flg=0x4000010 (has extras) } from null (pid=1540, uid=1000) to com.cncd.japan.janli.shudu/com.feiwofour.coverscreen.SR
10-30 21:19:48.483  1540  1746 W BroadcastQueue: u0 Receiving a broadcast in packagecom.games.mengmeizhitd requires a permissions review
10-30 21:19:48.483  1540  1746 W BroadcastQueue: Skipping delivery: permission review required for Intent { act=android.intent.action.PACKAGE_ADDED dat=package: flg=0x4000010 (has extras) } from null (pid=1540, uid=1000) to com.games.mengmeizhitd/hjnw.ihjnw.i.isqly
10-30 21:19:48.483  1540  1746 W BroadcastQueue: u0 Receiving a broadcast in packagecom.hgperfko.yaeghrwx requires a permissions review
10-30 21:19:48.483  1540  1746 W BroadcastQueue: Skipping delivery: permission review required for Intent { act=android.intent.action.PACKAGE_ADDED dat=package: flg=0x4000010 (has extras) } from null (pid=1540, uid=1000) to com.hgperfko.yaeghrwx/.core.hLytdCQDBv
10-30 21:19:48.483  1540  1746 W BroadcastQueue: u0 Receiving a broadcast in packagecom.qiuqiu.dfmc requires a permissions review
10-30 21:19:48.483  1540  1746 W BroadcastQueue: Skipping delivery: permission review required for Intent { act=android.intent.action.PACKAGE_ADDED dat=package: flg=0x4000010 (has extras) } from null (pid=1540, uid=1000) to com.qiuqiu.dfmc/cn.jpush.android.service.PushReceiver
10-30 21:19:48.483  1540  1746 W BroadcastQueue: u0 Receiving a broadcast in packagecom.safesys.viruskiller requires a permissions review
10-30 21:19:48.483  1540  1746 W BroadcastQueue: Skipping delivery: permission review required for Intent { act=android.intent.action.PACKAGE_ADDED dat=package: flg=0x4000010 (has extras) } from null (pid=1540, uid=1000) to com.safesys.viruskiller/.ScanPackageBroadcast
10-30 21:19:48.483  1540  1746 W BroadcastQueue: u0 Receiving a broadcast in packagecom.uc108.mobile.sdgj.bd1 requires a permissions review
10-30 21:19:48.483  1540  1746 W BroadcastQueue: Skipping delivery: permission review required for Intent { act=android.intent.action.PACKAGE_ADDED dat=package: flg=0x4000010 (has extras) } from null (pid=1540, uid=1000) to com.uc108.mobile.sdgj.bd1/com.baidu.tiebasdk.service.InstallReceiver
10-30 21:19:48.483  1540  1746 W BroadcastQueue: u0 Receiving a broadcast in packagecom.voicebianshengjinglingwc.wxl requires a permissions review
10-30 21:19:48.483  1540  1746 W BroadcastQueue: Skipping delivery: permission review required for Intent { act=android.intent.action.PACKAGE_ADDED dat=package: flg=0x4000010 (has extras) } from null (pid=1540, uid=1000) to com.voicebianshengjinglingwc.wxl/mp.ruu.Ztjjwrj
10-30 21:19:48.483  1540  1746 W BroadcastQueue: u0 Receiving a broadcast in packageio.dcloud.H5BC6BF13 requires a permissions review
10-30 21:19:48.483  1540  1746 W BroadcastQueue: Skipping delivery: permission review required for Intent { act=android.intent.action.PACKAGE_ADDED dat=package: flg=0x4000010 (has extras) } from null (pid=1540, uid=1000) to io.dcloud.H5BC6BF13/io.dcloud.common.adapter.io.DownloadReceiver
10-30 21:19:48.492  1540  1540 I Telecom : DefaultDialerCache: Refreshing default dialer for user 0: now com.google.android.dialer: DDC.oR@A3A
10-30 21:19:48.495  1540  4192 W BackupTransportManager: Package com.lfnb.ccrh enabled setting: 0
10-30 21:19:48.528  1540  1869 E VerityUtils: Failed to measure fs-verity, errno 1: /data/app/~~9qAACm4Z7yvUs8eTZR0Q_g==/com.lfnb.ccrh-mUG3CEWEesMaMW810dJrFg==/base.apk
10-30 21:19:48.539  1540  5620 D CompatibilityChangeReporter: Compat change id reported: 161252188; UID 10252; state: DISABLED
10-30 21:19:48.581  1540  1872 E PackageManager: ERROR: could not load root hash from incremental install
10-30 21:19:48.596  1540  1872 I PackageManager: Integrity check passed for file:///data/app/vmdl1870285444.tmp
10-30 21:19:48.597  1540  1745 W WindowMagnificationMgr: requestConnection duplicated request: connect=false, mConnectionState=DISCONNECTED
10-30 21:19:48.697  1540  1745 W PackageManager: Failed registering loading progress callback. Package is fully loaded.
10-30 21:19:48.706  1540  1745 W WindowMagnificationMgr: requestConnection duplicated request: connect=false, mConnectionState=DISCONNECTED
10-30 21:19:48.732  1540  1729 V StorageManagerService: Package null has legacy storage
10-30 21:19:48.815  1540  1872 V BackupManagerService: [UserID:0] restoreAtInstall pkg=com.android.system.admin token=3f restoreSet=0
10-30 21:19:48.815  1540  1872 V BackupManagerService: [UserID:0] Finishing install immediately
10-30 21:19:48.818  1540  1872 D PackageInstallerSession: Marking session 1870285444 as applied
10-30 21:19:48.828  1540  1872 D CompatibilityChangeReporter: Compat change id reported: 168419799; UID 10253; state: DISABLED
10-30 21:19:48.828  1540  1872 D CompatibilityChangeReporter: Compat change id reported: 273564678; UID 10253; state: DISABLED
10-30 21:19:48.832  1540  1746 W BroadcastQueue: u0 Receiving a broadcast in packagecom.jr.narutoii requires a permissions review
10-30 21:19:48.832  1540  1746 W BroadcastQueue: Skipping delivery: permission review required for Intent { act=android.intent.action.PACKAGE_ADDED dat=package: flg=0x4000010 (has extras) } from null (pid=1540, uid=1000) to com.jr.narutoii/com.joyriver.engine.proxy.EngineReceiver
10-30 21:19:48.832  1540  1746 W BroadcastQueue: u0 Receiving a broadcast in packagecom.android.buyer requires a permissions review
10-30 21:19:48.832  1540  1746 W BroadcastQueue: Skipping delivery: permission review required for Intent { act=android.intent.action.PACKAGE_ADDED dat=package: flg=0x4000010 (has extras) } from null (pid=1540, uid=1000) to com.android.buyer/.mRve
10-30 21:19:48.832  1540  1746 W BroadcastQueue: Background execution not allowed: receiving Intent { act=android.intent.action.PACKAGE_ADDED dat=package: flg=0x4000010 (has extras) } to com.google.android.packageinstaller/com.android.packageinstaller.PackageInstalledReceiver
10-30 21:19:48.832  1540  1746 W BroadcastQueue: Background execution not allowed: receiving Intent { act=android.intent.action.PACKAGE_ADDED dat=package: flg=0x4000010 (has extras) } to com.android.vending/com.google.android.finsky.packagemonitor.impl.PackageMonitorReceiverImpl$RegisteredReceiver
10-30 21:19:48.832  1540  1746 W BroadcastQueue: Background execution not allowed: receiving Intent { act=android.intent.action.PACKAGE_ADDED dat=package: flg=0x4000010 (has extras) } to com.android.vending/com.google.android.finsky.packagemonitor.backgroundimpl.BackgroundPackageMonitorReceiverImpl$RegisteredReceiver
10-30 21:19:48.832  1540  1746 W BroadcastQueue: Background execution not allowed: receiving Intent { act=android.intent.action.PACKAGE_ADDED dat=package: flg=0x4000010 (has extras) } to com.google.android.gms/.games.chimera.GamesSystemBroadcastReceiverProxy
10-30 21:19:48.832  1540  1746 W BroadcastQueue: Background execution not allowed: receiving Intent { act=android.intent.action.PACKAGE_ADDED dat=package: flg=0x4000010 (has extras) } to com.google.android.gms/.gass.chimera.PackageChangeBroadcastReceiver
10-30 21:19:48.832  1540  1746 W BroadcastQueue: Background execution not allowed: receiving Intent { act=android.intent.action.PACKAGE_ADDED dat=package: flg=0x4000010 (has extras) } to com.google.android.gms/.chimera.GmsIntentOperationService$PersistentTrustedReceiver
10-30 21:19:48.832  1540  1746 W BroadcastQueue: Background execution not allowed: receiving Intent { act=android.intent.action.PACKAGE_ADDED dat=package: flg=0x4000010 (has extras) } to com.google.android.googlequicksearchbox/com.google.android.apps.gsa.googlequicksearchbox.GelStubAppWatcher
10-30 21:19:48.832  1540  1746 W BroadcastQueue: u0 Receiving a broadcast in packagecom.cncd.japan.janli.shudu requires a permissions review
10-30 21:19:48.832  1540  1746 W BroadcastQueue: Skipping delivery: permission review required for Intent { act=android.intent.action.PACKAGE_ADDED dat=package: flg=0x4000010 (has extras) } from null (pid=1540, uid=1000) to com.cncd.japan.janli.shudu/net.l.k.r
10-30 21:19:48.832  1540  1746 W BroadcastQueue: u0 Receiving a broadcast in packagecom.cncd.japan.janli.shudu requires a permissions review
10-30 21:19:48.832  1540  1746 W BroadcastQueue: Skipping delivery: permission review required for Intent { act=android.intent.action.PACKAGE_ADDED dat=package: flg=0x4000010 (has extras) } from null (pid=1540, uid=1000) to com.cncd.japan.janli.shudu/com.feiwofour.coverscreen.SR
10-30 21:19:48.832  1540  1746 W BroadcastQueue: u0 Receiving a broadcast in packagecom.games.mengmeizhitd requires a permissions review
10-30 21:19:48.832  1540  1746 W BroadcastQueue: Skipping delivery: permission review required for Intent { act=android.intent.action.PACKAGE_ADDED dat=package: flg=0x4000010 (has extras) } from null (pid=1540, uid=1000) to com.games.mengmeizhitd/hjnw.ihjnw.i.isqly
10-30 21:19:48.832  1540  1746 W BroadcastQueue: u0 Receiving a broadcast in packagecom.hgperfko.yaeghrwx requires a permissions review
10-30 21:19:48.832  1540  1746 W BroadcastQueue: Skipping delivery: permission review required for Intent { act=android.intent.action.PACKAGE_ADDED dat=package: flg=0x4000010 (has extras) } from null (pid=1540, uid=1000) to com.hgperfko.yaeghrwx/.core.hLytdCQDBv
10-30 21:19:48.832  1540  1746 W BroadcastQueue: u0 Receiving a broadcast in packagecom.qiuqiu.dfmc requires a permissions review
10-30 21:19:48.832  1540  1746 W BroadcastQueue: Skipping delivery: permission review required for Intent { act=android.intent.action.PACKAGE_ADDED dat=package: flg=0x4000010 (has extras) } from null (pid=1540, uid=1000) to com.qiuqiu.dfmc/cn.jpush.android.service.PushReceiver
10-30 21:19:48.832  1540  1746 W BroadcastQueue: u0 Receiving a broadcast in packagecom.safesys.viruskiller requires a permissions review
10-30 21:19:48.832  1540  1746 W BroadcastQueue: Skipping delivery: permission review required for Intent { act=android.intent.action.PACKAGE_ADDED dat=package: flg=0x4000010 (has extras) } from null (pid=1540, uid=1000) to com.safesys.viruskiller/.ScanPackageBroadcast
10-30 21:19:48.832  1540  1746 W BroadcastQueue: u0 Receiving a broadcast in packagecom.uc108.mobile.sdgj.bd1 requires a permissions review
10-30 21:19:48.832  1540  1746 W BroadcastQueue: Skipping delivery: permission review required for Intent { act=android.intent.action.PACKAGE_ADDED dat=package: flg=0x4000010 (has extras) } from null (pid=1540, uid=1000) to com.uc108.mobile.sdgj.bd1/com.baidu.tiebasdk.service.InstallReceiver
10-30 21:19:48.832  1540  1746 W BroadcastQueue: u0 Receiving a broadcast in packagecom.voicebianshengjinglingwc.wxl requires a permissions review
10-30 21:19:48.832  1540  1746 W BroadcastQueue: Skipping delivery: permission review required for Intent { act=android.intent.action.PACKAGE_ADDED dat=package: flg=0x4000010 (has extras) } from null (pid=1540, uid=1000) to com.voicebianshengjinglingwc.wxl/mp.ruu.Ztjjwrj
10-30 21:19:48.833  1540  2926 D CompatibilityChangeReporter: Compat change id reported: 218533173; UID 10253; state: DISABLED
10-30 21:19:48.838  1540  1540 I Telecom : DefaultDialerCache: Refreshing default dialer for user 0: now com.google.android.dialer: DDC.oR@A3M
10-30 21:19:48.844  1540  1745 W WindowMagnificationMgr: requestConnection duplicated request: connect=false, mConnectionState=DISCONNECTED
10-30 21:19:48.845  1540  1540 V BackupManagerConstants: getFullBackupIntervalMilliseconds(...) returns 86400000
10-30 21:19:48.845  1540  1540 V BackupManagerConstants: getFullBackupRequiredNetworkType(...) returns 2
10-30 21:19:48.845  1540  1540 V BackupManagerConstants: getFullBackupRequireCharging(...) returns true
10-30 21:19:48.850  1540  1746 W BroadcastQueue: u0 Receiving a broadcast in packageio.dcloud.H5BC6BF13 requires a permissions review
10-30 21:19:48.850  1540  1746 W BroadcastQueue: Skipping delivery: permission review required for Intent { act=android.intent.action.PACKAGE_ADDED dat=package: flg=0x4000010 (has extras) } from null (pid=1540, uid=1000) to io.dcloud.H5BC6BF13/io.dcloud.common.adapter.io.DownloadReceiver
10-30 21:19:48.867  1540  1540 I Telecom : DefaultDialerCache: Refreshing default dialer for user 0: now com.google.android.dialer: DDC.oR@A3Q
10-30 21:19:48.868  1540  1745 W PackageManager: Failed registering loading progress callback. Package is fully loaded.
10-30 21:19:48.876  1540  1745 W WindowMagnificationMgr: requestConnection duplicated request: connect=false, mConnectionState=DISCONNECTED
10-30 21:19:48.911  1540  1869 E VerityUtils: Failed to measure fs-verity, errno 1: /data/app/~~BC5a6zSc7ZJwdl9geP5m0Q==/com.android.system.admin-9nkwKj47EetAdc2UD_6H0A==/base.apk
10-30 21:19:48.920  1540  2994 D CompatibilityChangeReporter: Compat change id reported: 161252188; UID 10253; state: DISABLED
10-30 21:19:48.926  1540  4192 W BackupTransportManager: Package com.android.system.admin enabled setting: 0
10-30 21:19:49.029  1540  1872 E PackageManager: ERROR: could not load root hash from incremental install
10-30 21:19:49.036  1540  2049 W PackageParsing: Ignoring duplicate uses-permissions/uses-permissions-sdk-m: android.permission.WAKE_LOCK in package: yeyrm.ywoqeyfxty.hdp at: Binary XML file line #24
10-30 21:19:49.080  1540  1872 I PackageManager: Integrity check passed for file:///data/app/vmdl1773119089.tmp
10-30 21:19:49.085  1540  1872 W PackageParsing: Ignoring duplicate uses-permissions/uses-permissions-sdk-m: android.permission.WAKE_LOCK in package: yeyrm.ywoqeyfxty.hdp at: Binary XML file line #24
10-30 21:19:49.164  1540  1729 V StorageManagerService: Package null has legacy storage
10-30 21:19:49.423  1540  1872 V BackupManagerService: [UserID:0] restoreAtInstall pkg=yeyrm.ywoqeyfxty.hdp token=40 restoreSet=0
10-30 21:19:49.423  1540  1872 V BackupManagerService: [UserID:0] Finishing install immediately
10-30 21:19:49.427  1540  1872 D PackageInstallerSession: Marking session 1773119089 as applied
10-30 21:19:49.444  1540  1872 D CompatibilityChangeReporter: Compat change id reported: 168419799; UID 10254; state: DISABLED
10-30 21:19:49.444  1540  1872 D CompatibilityChangeReporter: Compat change id reported: 273564678; UID 10254; state: DISABLED
10-30 21:19:49.447  1540  2926 D CompatibilityChangeReporter: Compat change id reported: 218533173; UID 10254; state: DISABLED
10-30 21:19:49.450  1540  1540 I Telecom : DefaultDialerCache: Refreshing default dialer for user 0: now com.google.android.dialer: DDC.oR@A3c
10-30 21:19:49.451  1540  2993 W BroadcastQueue: u0 Receiving a broadcast in packagecom.jr.narutoii requires a permissions review
10-30 21:19:49.451  1540  2993 W BroadcastQueue: Skipping delivery: permission review required for Intent { act=android.intent.action.PACKAGE_ADDED dat=package: flg=0x4000010 (has extras) } from null (pid=1540, uid=1000) to com.jr.narutoii/com.joyriver.engine.proxy.EngineReceiver
10-30 21:19:49.451  1540  1746 W BroadcastQueue: u0 Receiving a broadcast in packagecom.android.buyer requires a permissions review
10-30 21:19:49.451  1540  1746 W BroadcastQueue: Skipping delivery: permission review required for Intent { act=android.intent.action.PACKAGE_ADDED dat=package: flg=0x4000010 (has extras) } from null (pid=1540, uid=1000) to com.android.buyer/.mRve
10-30 21:19:49.452  1540  1746 W BroadcastQueue: Background execution not allowed: receiving Intent { act=android.intent.action.PACKAGE_ADDED dat=package: flg=0x4000010 (has extras) } to com.google.android.packageinstaller/com.android.packageinstaller.PackageInstalledReceiver
10-30 21:19:49.452  1540  1746 W BroadcastQueue: Background execution not allowed: receiving Intent { act=android.intent.action.PACKAGE_ADDED dat=package: flg=0x4000010 (has extras) } to com.android.vending/com.google.android.finsky.packagemonitor.impl.PackageMonitorReceiverImpl$RegisteredReceiver
10-30 21:19:49.452  1540  1746 W BroadcastQueue: Background execution not allowed: receiving Intent { act=android.intent.action.PACKAGE_ADDED dat=package: flg=0x4000010 (has extras) } to com.android.vending/com.google.android.finsky.packagemonitor.backgroundimpl.BackgroundPackageMonitorReceiverImpl$RegisteredReceiver
10-30 21:19:49.452  1540  1746 W BroadcastQueue: Background execution not allowed: receiving Intent { act=android.intent.action.PACKAGE_ADDED dat=package: flg=0x4000010 (has extras) } to com.google.android.gms/.games.chimera.GamesSystemBroadcastReceiverProxy
10-30 21:19:49.452  1540  1746 W BroadcastQueue: Background execution not allowed: receiving Intent { act=android.intent.action.PACKAGE_ADDED dat=package: flg=0x4000010 (has extras) } to com.google.android.gms/.gass.chimera.PackageChangeBroadcastReceiver
10-30 21:19:49.452  1540  1746 W BroadcastQueue: Background execution not allowed: receiving Intent { act=android.intent.action.PACKAGE_ADDED dat=package: flg=0x4000010 (has extras) } to com.google.android.gms/.chimera.GmsIntentOperationService$PersistentTrustedReceiver
10-30 21:19:49.452  1540  1746 W BroadcastQueue: Background execution not allowed: receiving Intent { act=android.intent.action.PACKAGE_ADDED dat=package: flg=0x4000010 (has extras) } to com.google.android.googlequicksearchbox/com.google.android.apps.gsa.googlequicksearchbox.GelStubAppWatcher
10-30 21:19:49.452  1540  1746 W BroadcastQueue: u0 Receiving a broadcast in packagecom.cncd.japan.janli.shudu requires a permissions review
10-30 21:19:49.452  1540  1746 W BroadcastQueue: Skipping delivery: permission review required for Intent { act=android.intent.action.PACKAGE_ADDED dat=package: flg=0x4000010 (has extras) } from null (pid=1540, uid=1000) to com.cncd.japan.janli.shudu/net.l.k.r
10-30 21:19:49.452  1540  1746 W BroadcastQueue: u0 Receiving a broadcast in packagecom.cncd.japan.janli.shudu requires a permissions review
10-30 21:19:49.452  1540  1746 W BroadcastQueue: Skipping delivery: permission review required for Intent { act=android.intent.action.PACKAGE_ADDED dat=package: flg=0x4000010 (has extras) } from null (pid=1540, uid=1000) to com.cncd.japan.janli.shudu/com.feiwofour.coverscreen.SR
10-30 21:19:49.452  1540  1746 W BroadcastQueue: u0 Receiving a broadcast in packagecom.games.mengmeizhitd requires a permissions review
10-30 21:19:49.452  1540  1746 W BroadcastQueue: Skipping delivery: permission review required for Intent { act=android.intent.action.PACKAGE_ADDED dat=package: flg=0x4000010 (has extras) } from null (pid=1540, uid=1000) to com.games.mengmeizhitd/hjnw.ihjnw.i.isqly
10-30 21:19:49.452  1540  1746 W BroadcastQueue: u0 Receiving a broadcast in packagecom.hgperfko.yaeghrwx requires a permissions review
10-30 21:19:49.452  1540  1746 W BroadcastQueue: Skipping delivery: permission review required for Intent { act=android.intent.action.PACKAGE_ADDED dat=package: flg=0x4000010 (has extras) } from null (pid=1540, uid=1000) to com.hgperfko.yaeghrwx/.core.hLytdCQDBv
10-30 21:19:49.452  1540  1746 W BroadcastQueue: u0 Receiving a broadcast in packagecom.qiuqiu.dfmc requires a permissions review
10-30 21:19:49.452  1540  1746 W BroadcastQueue: Skipping delivery: permission review required for Intent { act=android.intent.action.PACKAGE_ADDED dat=package: flg=0x4000010 (has extras) } from null (pid=1540, uid=1000) to com.qiuqiu.dfmc/cn.jpush.android.service.PushReceiver
10-30 21:19:49.453  1540  1746 W BroadcastQueue: u0 Receiving a broadcast in packagecom.safesys.viruskiller requires a permissions review
10-30 21:19:49.453  1540  1746 W BroadcastQueue: Skipping delivery: permission review required for Intent { act=android.intent.action.PACKAGE_ADDED dat=package: flg=0x4000010 (has extras) } from null (pid=1540, uid=1000) to com.safesys.viruskiller/.ScanPackageBroadcast
10-30 21:19:49.453  1540  1746 W BroadcastQueue: u0 Receiving a broadcast in packagecom.uc108.mobile.sdgj.bd1 requires a permissions review
10-30 21:19:49.453  1540  1746 W BroadcastQueue: Skipping delivery: permission review required for Intent { act=android.intent.action.PACKAGE_ADDED dat=package: flg=0x4000010 (has extras) } from null (pid=1540, uid=1000) to com.uc108.mobile.sdgj.bd1/com.baidu.tiebasdk.service.InstallReceiver
10-30 21:19:49.453  1540  1746 W BroadcastQueue: u0 Receiving a broadcast in packagecom.voicebianshengjinglingwc.wxl requires a permissions review
10-30 21:19:49.453  1540  1746 W BroadcastQueue: Skipping delivery: permission review required for Intent { act=android.intent.action.PACKAGE_ADDED dat=package: flg=0x4000010 (has extras) } from null (pid=1540, uid=1000) to com.voicebianshengjinglingwc.wxl/mp.ruu.Ztjjwrj
10-30 21:19:49.453  1540  1746 W BroadcastQueue: u0 Receiving a broadcast in packageio.dcloud.H5BC6BF13 requires a permissions review
10-30 21:19:49.453  1540  1746 W BroadcastQueue: Skipping delivery: permission review required for Intent { act=android.intent.action.PACKAGE_ADDED dat=package: flg=0x4000010 (has extras) } from null (pid=1540, uid=1000) to io.dcloud.H5BC6BF13/io.dcloud.common.adapter.io.DownloadReceiver
10-30 21:19:49.463  1540  1540 V BackupManagerConstants: getFullBackupIntervalMilliseconds(...) returns 86400000
10-30 21:19:49.464  1540  1540 V BackupManagerConstants: getFullBackupRequiredNetworkType(...) returns 2
10-30 21:19:49.464  1540  1540 V BackupManagerConstants: getFullBackupRequireCharging(...) returns true
10-30 21:19:49.491  1540  1540 I Telecom : DefaultDialerCache: Refreshing default dialer for user 0: now com.google.android.dialer: DDC.oR@A3g
10-30 21:19:49.503  1540  1869 E VerityUtils: Failed to measure fs-verity, errno 1: /data/app/~~pZmDOmqjDVDG09-ZKkXkpg==/yeyrm.ywoqeyfxty.hdp-WDTIL4kC6TACMWRoDG28KA==/base.apk
10-30 21:19:49.509  1540  5211 D CompatibilityChangeReporter: Compat change id reported: 161252188; UID 10254; state: DISABLED
10-30 21:19:49.541  1540  4192 W BackupTransportManager: Package yeyrm.ywoqeyfxty.hdp enabled setting: 0
10-30 21:19:49.565  1540  1745 W WindowMagnificationMgr: requestConnection duplicated request: connect=false, mConnectionState=DISCONNECTED
10-30 21:19:49.589  1540  1872 E PackageManager: ERROR: could not load root hash from incremental install
10-30 21:19:49.599  1540  2049 W PackageParsing: Ignoring duplicate uses-permissions/uses-permissions-sdk-m: android.permission.ACCESS_NETWORK_STATE in package: rsoiogtjulaok.cieldreweq.hbdjtupunuq at: Binary XML file line #25
10-30 21:19:49.615  1540  1745 W PackageManager: Failed registering loading progress callback. Package is fully loaded.
10-30 21:19:49.623  1540  1745 W WindowMagnificationMgr: requestConnection duplicated request: connect=false, mConnectionState=DISCONNECTED
10-30 21:19:49.634  1540  1872 I PackageManager: Integrity check passed for file:///data/app/vmdl1942067334.tmp
10-30 21:19:49.639  1540  1872 W PackageParsing: Ignoring duplicate uses-permissions/uses-permissions-sdk-m: android.permission.ACCESS_NETWORK_STATE in package: rsoiogtjulaok.cieldreweq.hbdjtupunuq at: Binary XML file line #25
10-30 21:19:49.736  1540  1729 V StorageManagerService: Package null does not have legacy storage
10-30 21:19:49.988  1540  1872 V BackupManagerService: [UserID:0] restoreAtInstall pkg=rsoiogtjulaok.cieldreweq.hbdjtupunuq token=41 restoreSet=0
10-30 21:19:49.988  1540  1872 V BackupManagerService: [UserID:0] Finishing install immediately
10-30 21:19:49.991  1540  1872 D PackageInstallerSession: Marking session 1942067334 as applied
10-30 21:19:49.992  1540  1872 D CompatibilityChangeReporter: Compat change id reported: 168419799; UID 10255; state: DISABLED
10-30 21:19:49.993  1540  1872 D CompatibilityChangeReporter: Compat change id reported: 273564678; UID 10255; state: DISABLED
10-30 21:19:49.997  1540  2926 D CompatibilityChangeReporter: Compat change id reported: 218533173; UID 10255; state: DISABLED
10-30 21:19:50.006  1540  1540 I Telecom : DefaultDialerCache: Refreshing default dialer for user 0: now com.google.android.dialer: DDC.oR@A3s
10-30 21:19:50.014  1540  1540 V BackupManagerConstants: getFullBackupIntervalMilliseconds(...) returns 86400000
10-30 21:19:50.014  1540  1540 V BackupManagerConstants: getFullBackupRequiredNetworkType(...) returns 2
10-30 21:19:50.015  1540  1540 V BackupManagerConstants: getFullBackupRequireCharging(...) returns true
10-30 21:19:50.024  1540  5625 I ActivityManager: Background started FGS: Allowed [callingPackage: com.google.android.apps.wellbeing; callingUid: 10121; uidState: BFGS; intent: Intent { cmp=com.google.android.apps.wellbeing/com.google.apps.tiktok.concurrent.InternalForegroundService (has extras) }; code:BACKGROUND_ACTIVITY_PERMISSION; tempAllowListReason:<null>; targetSdkVersion:33; callerTargetSdkVersion:33; startForegroundCount:0; bindFromPackage:null]
10-30 21:19:50.031  1540  2994 W BroadcastQueue: u0 Receiving a broadcast in packagecom.jr.narutoii requires a permissions review
10-30 21:19:50.031  1540  2994 W BroadcastQueue: Skipping delivery: permission review required for Intent { act=android.intent.action.PACKAGE_ADDED dat=package: flg=0x4000010 (has extras) } from null (pid=1540, uid=1000) to com.jr.narutoii/com.joyriver.engine.proxy.EngineReceiver
10-30 21:19:50.042  1540  1745 W WindowMagnificationMgr: requestConnection duplicated request: connect=false, mConnectionState=DISCONNECTED
10-30 21:19:50.053  1540  1540 I Telecom : DefaultDialerCache: Refreshing default dialer for user 0: now com.google.android.dialer: DDC.oR@A3w
10-30 21:19:50.057  1540  4192 W BackupTransportManager: Package rsoiogtjulaok.cieldreweq.hbdjtupunuq enabled setting: 0
10-30 21:19:50.061  1540  1746 W BroadcastQueue: u0 Receiving a broadcast in packagecom.android.buyer requires a permissions review
10-30 21:19:50.061  1540  1746 W BroadcastQueue: Skipping delivery: permission review required for Intent { act=android.intent.action.PACKAGE_ADDED dat=package: flg=0x4000010 (has extras) } from null (pid=1540, uid=1000) to com.android.buyer/.mRve
10-30 21:19:50.077  1540  1869 E VerityUtils: Failed to measure fs-verity, errno 1: /data/app/~~OT9Qpuhu35TyBMdP6ErPCQ==/rsoiogtjulaok.cieldreweq.hbdjtupunuq-vFNsIqe7PwTDR7uHlmilOA==/base.apk
10-30 21:19:50.090  1540  1745 W PackageManager: Failed registering loading progress callback. Package is fully loaded.
10-30 21:19:50.096  1540  5627 D CompatibilityChangeReporter: Compat change id reported: 161252188; UID 10255; state: DISABLED
10-30 21:19:50.099  1540  1746 W BroadcastQueue: Background execution not allowed: receiving Intent { act=android.intent.action.PACKAGE_ADDED dat=package: flg=0x4000010 (has extras) } to com.google.android.packageinstaller/com.android.packageinstaller.PackageInstalledReceiver
10-30 21:19:50.100  1540  1745 W WindowMagnificationMgr: requestConnection duplicated request: connect=false, mConnectionState=DISCONNECTED
10-30 21:19:50.110  1540  1872 E PackageManager: ERROR: could not load root hash from incremental install
