--------- beginning of system
10-30 21:19:19.665  1540  1872 E PackageManager: ERROR: could not load root hash from incremental install
10-30 21:19:19.667  1540  1872 I ActivityManager: Killing 21554:com.android.vending:instant_app_installer/u0a140 (adj 985): empty #17
10-30 21:19:19.679  1540  2049 W PackageParsing: Ignoring duplicate uses-permissions/uses-permissions-sdk-m: android.permission.ACCESS_NETWORK_STATE in package: ch.nth.android.contentabo_l01_sim_univ at: Binary XML file line #26
10-30 21:19:19.681  1540  2049 D CompatibilityChangeReporter: Compat change id reported: 132742131; UID -1; state: DISABLED
10-30 21:19:19.684  1540  5618 D CompatibilityChangeReporter: Compat change id reported: 161145287; UID 10140; state: DISABLED
10-30 21:19:19.718  1540  1872 I PackageManager: Integrity check passed for file:///data/app/vmdl273968649.tmp
10-30 21:19:19.733  1540  1872 W PackageParsing: Ignoring duplicate uses-permissions/uses-permissions-sdk-m: android.permission.ACCESS_NETWORK_STATE in package: ch.nth.android.contentabo_l01_sim_univ at: Binary XML file line #26
10-30 21:19:19.742  1540  1872 D CompatibilityChangeReporter: Compat change id reported: 133396946; UID -1; state: DISABLED
10-30 21:19:19.757  1540  1872 I PackageManager: Permission ownership changed. Updating all permissions.
10-30 21:19:19.910  1540  1729 V StorageManagerService: Package null has legacy storage
10-30 21:19:20.198  1540  1872 V BackupManagerService: [UserID:0] restoreAtInstall pkg=ch.nth.android.contentabo_l01_sim_univ token=6 restoreSet=0
10-30 21:19:20.198  1540  1872 V BackupManagerService: [UserID:0] Finishing install immediately
10-30 21:19:20.200  1540  1872 D PackageInstallerSession: Marking session 273968649 as applied
10-30 21:19:20.205  1540  1872 D CompatibilityChangeReporter: Compat change id reported: 168419799; UID 10196; state: DISABLED
10-30 21:19:20.205  1540  1872 D CompatibilityChangeReporter: Compat change id reported: 273564678; UID 10196; state: DISABLED
10-30 21:19:20.222  1540  2926 D CompatibilityChangeReporter: Compat change id reported: 218533173; UID 10196; state: DISABLED
10-30 21:19:20.225  1540  4221 W BroadcastQueue: Background execution not allowed: receiving Intent { act=android.intent.action.PACKAGE_ADDED dat=package: flg=0x4000010 (has extras) } to com.google.android.packageinstaller/com.android.packageinstaller.PackageInstalledReceiver
10-30 21:19:20.229  1540  1745 W WindowMagnificationMgr: requestConnection duplicated request: connect=false, mConnectionState=DISCONNECTED
10-30 21:19:20.231  1540  1540 I Telecom : DefaultDialerCache: Refreshing default dialer for user 0: now com.google.android.dialer: DDC.oR@Am8
10-30 21:19:20.235  1540  1540 V BackupManagerConstants: getFullBackupIntervalMilliseconds(...) returns 86400000
10-30 21:19:20.235  1540  1540 V BackupManagerConstants: getFullBackupRequiredNetworkType(...) returns 2
10-30 21:19:20.235  1540  1540 V BackupManagerConstants: getFullBackupRequireCharging(...) returns true
10-30 21:19:20.235  1540  1540 D CompatibilityChangeReporter: Compat change id reported: 194532703; UID 1000; state: ENABLED
10-30 21:19:20.235  1540  1540 D CompatibilityChangeReporter: Compat change id reported: 194532703; UID 1000; state: DISABLED
10-30 21:19:20.238  1540  1746 W BroadcastQueue: Background execution not allowed: receiving Intent { act=android.intent.action.PACKAGE_ADDED dat=package: flg=0x4000010 (has extras) } to com.android.vending/com.google.android.finsky.packagemonitor.impl.PackageMonitorReceiverImpl$RegisteredReceiver
10-30 21:19:20.239  1540  4254 D CompatibilityChangeReporter: Compat change id reported: 135634846; UID 10121; state: DISABLED
10-30 21:19:20.239  1540  4254 D CompatibilityChangeReporter: Compat change id reported: 177438394; UID 10121; state: DISABLED
10-30 21:19:20.239  1540  4254 D CompatibilityChangeReporter: Compat change id reported: 135772972; UID 10121; state: DISABLED
10-30 21:19:20.239  1540  4254 D CompatibilityChangeReporter: Compat change id reported: 135754954; UID 10121; state: ENABLED
10-30 21:19:20.242  1540  1747 D CompatibilityChangeReporter: Compat change id reported: 143937733; UID 10121; state: ENABLED
10-30 21:19:20.252  1540  1746 W BroadcastQueue: Background execution not allowed: receiving Intent { act=android.intent.action.PACKAGE_ADDED dat=package: flg=0x4000010 (has extras) } to com.android.vending/com.google.android.finsky.packagemonitor.backgroundimpl.BackgroundPackageMonitorReceiverImpl$RegisteredReceiver
10-30 21:19:20.254  1540  1746 W BroadcastQueue: Background execution not allowed: receiving Intent { act=android.intent.action.PACKAGE_ADDED dat=package: flg=0x4000010 (has extras) } to com.google.android.gms/.games.chimera.GamesSystemBroadcastReceiverProxy
10-30 21:19:20.254  1540  1746 W BroadcastQueue: Background execution not allowed: receiving Intent { act=android.intent.action.PACKAGE_ADDED dat=package: flg=0x4000010 (has extras) } to com.google.android.gms/.gass.chimera.PackageChangeBroadcastReceiver
10-30 21:19:20.255  1540  1746 W BroadcastQueue: Background execution not allowed: receiving Intent { act=android.intent.action.PACKAGE_ADDED dat=package: flg=0x4000010 (has extras) } to com.google.android.gms/.chimera.GmsIntentOperationService$PersistentTrustedReceiver
10-30 21:19:20.255  1540  1746 W BroadcastQueue: Background execution not allowed: receiving Intent { act=android.intent.action.PACKAGE_ADDED dat=package: flg=0x4000010 (has extras) } to com.google.android.googlequicksearchbox/com.google.android.apps.gsa.googlequicksearchbox.GelStubAppWatcher
10-30 21:19:20.255  1540  1746 I ActivityManager: com.google.android.packageinstaller is exempt from freezer
10-30 21:19:20.255  1540  1746 D CompatibilityChangeReporter: Compat change id reported: 135634846; UID 10092; state: DISABLED
10-30 21:19:20.255  1540  1746 D CompatibilityChangeReporter: Compat change id reported: 177438394; UID 10092; state: DISABLED
10-30 21:19:20.255  1540  1746 D CompatibilityChangeReporter: Compat change id reported: 135772972; UID 10092; state: DISABLED
10-30 21:19:20.255  1540  1746 D CompatibilityChangeReporter: Compat change id reported: 135754954; UID 10092; state: ENABLED
10-30 21:19:20.271  1540  1540 I Telecom : DefaultDialerCache: Refreshing default dialer for user 0: now com.google.android.dialer: DDC.oR@AnI
10-30 21:19:20.272  1540  4192 W BackupTransportManager: Package ch.nth.android.contentabo_l01_sim_univ enabled setting: 0
10-30 21:19:20.277  1540  1745 W PackageManager: Failed registering loading progress callback. Package is fully loaded.
10-30 21:19:20.285  1540  1745 W WindowMagnificationMgr: requestConnection duplicated request: connect=false, mConnectionState=DISCONNECTED
10-30 21:19:20.307  1540  1872 E PackageManager: ERROR: could not load root hash from incremental install
10-30 21:19:20.311  1540  1747 W ActivityManager: Slow operation: 72ms so far, now at startProcess: returned from zygote!
10-30 21:19:20.311  1540  1747 W ActivityManager: Slow operation: 72ms so far, now at startProcess: done updating battery stats
10-30 21:19:20.311  1540  1747 W ActivityManager: Slow operation: 72ms so far, now at startProcess: building log message
10-30 21:19:20.311  1540  1747 I ActivityManager: Start proc 22076:com.google.android.apps.wellbeing/u0a121 for content provider {com.google.android.apps.wellbeing/com.google.android.apps.wellbeing.api.impl.WellbeingSettingsProvider}
10-30 21:19:20.311  1540  1747 W ActivityManager: Slow operation: 72ms so far, now at startProcess: starting to update pids map
10-30 21:19:20.311  1540  1747 W ActivityManager: Slow operation: 72ms so far, now at startProcess: done updating pids map
10-30 21:19:20.311  1540  1747 W ActivityManager: Slow operation: 56ms so far, now at startProcess: asking zygote to start proc
10-30 21:19:20.311  1540  1747 D CompatibilityChangeReporter: Compat change id reported: 143937733; UID 10092; state: ENABLED
10-30 21:19:20.347  1540  1872 I PackageManager: Integrity check passed for file:///data/app/vmdl1292287972.tmp
10-30 21:19:20.375  1540  2994 D CompatibilityChangeReporter: Compat change id reported: 161252188; UID 10196; state: DISABLED
10-30 21:19:20.423  1540  1869 E VerityUtils: Failed to measure fs-verity, errno 1: /data/app/~~JFX-lbWGqvLZy0Tim-0D1g==/ch.nth.android.contentabo_l01_sim_univ-hZ0BuwgsknLinNFSPyX54w==/base.apk
10-30 21:19:20.442  1540  1747 W ActivityManager: Slow operation: 187ms so far, now at startProcess: returned from zygote!
10-30 21:19:20.442  1540  1747 W ActivityManager: Slow operation: 187ms so far, now at startProcess: done updating battery stats
10-30 21:19:20.442  1540  1747 W ActivityManager: Slow operation: 187ms so far, now at startProcess: building log message
10-30 21:19:20.442  1540  1747 I ActivityManager: Start proc 22125:com.google.android.packageinstaller/u0a92 for broadcast {com.google.android.packageinstaller/com.android.packageinstaller.PackageInstalledReceiver}
10-30 21:19:20.442  1540  1747 W ActivityManager: Slow operation: 187ms so far, now at startProcess: starting to update pids map
10-30 21:19:20.442  1540  1747 W ActivityManager: Slow operation: 187ms so far, now at startProcess: done updating pids map
10-30 21:19:20.454  1540  3216 D CompatibilityChangeReporter: Compat change id reported: 194532703; UID 10140; state: ENABLED
10-30 21:19:20.560  1540  1729 V StorageManagerService: Package null has legacy storage
10-30 21:19:20.622  1540  1746 W BroadcastQueue: Background execution not allowed: receiving Intent { act=com.google.android.systemui.OPA_ENABLED flg=0x10000010 (has extras) } to com.google.android.apps.nexuslauncher/.qsb.OPAStatusReceiver
10-30 21:19:20.688  1540  1872 V BackupManagerService: [UserID:0] restoreAtInstall pkg=lakshmidevi.lakshmimata.laxmidoorlockscreen6 token=7 restoreSet=0
10-30 21:19:20.689  1540  1872 V BackupManagerService: [UserID:0] Finishing install immediately
10-30 21:19:20.690  1540  1872 D PackageInstallerSession: Marking session 1292287972 as applied
10-30 21:19:20.708  1540  1872 D CompatibilityChangeReporter: Compat change id reported: 168419799; UID 10197; state: DISABLED
10-30 21:19:20.708  1540  1872 D CompatibilityChangeReporter: Compat change id reported: 273564678; UID 10197; state: DISABLED
10-30 21:19:20.714  1540  1746 W BroadcastQueue: Background execution not allowed: receiving Intent { act=android.intent.action.PACKAGE_ADDED dat=package: flg=0x4000010 (has extras) } to com.google.android.packageinstaller/com.android.packageinstaller.PackageInstalledReceiver
10-30 21:19:20.714  1540  1746 W BroadcastQueue: Background execution not allowed: receiving Intent { act=android.intent.action.PACKAGE_ADDED dat=package: flg=0x4000010 (has extras) } to com.android.vending/com.google.android.finsky.packagemonitor.impl.PackageMonitorReceiverImpl$RegisteredReceiver
10-30 21:19:20.714  1540  1746 W BroadcastQueue: Background execution not allowed: receiving Intent { act=android.intent.action.PACKAGE_ADDED dat=package: flg=0x4000010 (has extras) } to com.android.vending/com.google.android.finsky.packagemonitor.backgroundimpl.BackgroundPackageMonitorReceiverImpl$RegisteredReceiver
10-30 21:19:20.714  1540  1746 W BroadcastQueue: Background execution not allowed: receiving Intent { act=android.intent.action.PACKAGE_ADDED dat=package: flg=0x4000010 (has extras) } to com.google.android.gms/.games.chimera.GamesSystemBroadcastReceiverProxy
10-30 21:19:20.714  1540  1746 W BroadcastQueue: Background execution not allowed: receiving Intent { act=android.intent.action.PACKAGE_ADDED dat=package: flg=0x4000010 (has extras) } to com.google.android.gms/.gass.chimera.PackageChangeBroadcastReceiver
10-30 21:19:20.714  1540  1746 W BroadcastQueue: Background execution not allowed: receiving Intent { act=android.intent.action.PACKAGE_ADDED dat=package: flg=0x4000010 (has extras) } to com.google.android.gms/.chimera.GmsIntentOperationService$PersistentTrustedReceiver
10-30 21:19:20.714  1540  1746 W BroadcastQueue: Background execution not allowed: receiving Intent { act=android.intent.action.PACKAGE_ADDED dat=package: flg=0x4000010 (has extras) } to com.google.android.googlequicksearchbox/com.google.android.apps.gsa.googlequicksearchbox.GelStubAppWatcher
10-30 21:19:20.721  1540  1540 I Telecom : DefaultDialerCache: Refreshing default dialer for user 0: now com.google.android.dialer: DDC.oR@AnM
10-30 21:19:20.743  1540  2926 D CompatibilityChangeReporter: Compat change id reported: 218533173; UID 10197; state: DISABLED
10-30 21:19:20.744  1540  1746 D CompatibilityChangeReporter: Compat change id reported: 168419799; UID 10092; state: DISABLED
10-30 21:19:20.744  1540  1746 D CompatibilityChangeReporter: Compat change id reported: 273564678; UID 10092; state: DISABLED
10-30 21:19:20.762  1540  1745 W WindowMagnificationMgr: requestConnection duplicated request: connect=false, mConnectionState=DISCONNECTED
10-30 21:19:20.766  1540  5625 W JobScheduler: Job didn't exist in JobStore: 8fc72dc #u0a139/-43 com.google.android.googlequicksearchbox/com.google.android.apps.gsa.tasks.BackgroundTasksJobService
10-30 21:19:20.788  1540  1869 E VerityUtils: Failed to measure fs-verity, errno 1: /data/app/~~C_5PO7NN4KQOAQuo_DY2xQ==/lakshmidevi.lakshmimata.laxmidoorlockscreen6-q5DBetKQ6IYD_b9Y5hZHKA==/base.apk
10-30 21:19:20.817  1540  1745 W PackageManager: Failed registering loading progress callback. Package is fully loaded.
10-30 21:19:20.822  1540  1872 E PackageManager: ERROR: could not load root hash from incremental install
10-30 21:19:20.847  1540  1872 I PackageManager: Integrity check passed for file:///data/app/vmdl403851062.tmp
10-30 21:19:20.855  1540  1540 I Telecom : DefaultDialerCache: Refreshing default dialer for user 0: now com.google.android.dialer: DDC.oR@AnY
10-30 21:19:20.857  1540  4192 W BackupTransportManager: Package lakshmidevi.lakshmimata.laxmidoorlockscreen6 enabled setting: 0
10-30 21:19:20.860  1540  1745 W WindowMagnificationMgr: requestConnection duplicated request: connect=false, mConnectionState=DISCONNECTED
10-30 21:19:20.933  1540  5624 D CompatibilityChangeReporter: Compat change id reported: 161145287; UID 10121; state: DISABLED
10-30 21:19:21.008  1540  5627 D CompatibilityChangeReporter: Compat change id reported: 161252188; UID 10197; state: DISABLED
10-30 21:19:21.017  1540  1872 V BackupManagerService: [UserID:0] restoreAtInstall pkg=com.example.eroplayer token=8 restoreSet=0
10-30 21:19:21.018  1540  1872 V BackupManagerService: [UserID:0] Finishing install immediately
10-30 21:19:21.020  1540  1872 D PackageInstallerSession: Marking session 403851062 as applied
10-30 21:19:21.037  1540  1872 D CompatibilityChangeReporter: Compat change id reported: 168419799; UID 10198; state: DISABLED
10-30 21:19:21.037  1540  1872 D CompatibilityChangeReporter: Compat change id reported: 273564678; UID 10198; state: DISABLED
10-30 21:19:21.042  1540  2926 D CompatibilityChangeReporter: Compat change id reported: 218533173; UID 10198; state: DISABLED
10-30 21:19:21.043  1540  1540 I Telecom : DefaultDialerCache: Refreshing default dialer for user 0: now com.google.android.dialer: DDC.oR@Anc
10-30 21:19:21.048  1540  1745 W WindowMagnificationMgr: requestConnection duplicated request: connect=false, mConnectionState=DISCONNECTED
10-30 21:19:21.049  1540  1540 V BackupManagerConstants: getFullBackupIntervalMilliseconds(...) returns 86400000
10-30 21:19:21.049  1540  1540 V BackupManagerConstants: getFullBackupRequiredNetworkType(...) returns 2
10-30 21:19:21.049  1540  1540 V BackupManagerConstants: getFullBackupRequireCharging(...) returns true
10-30 21:19:21.052  1540  5615 W BroadcastQueue: Background execution not allowed: receiving Intent { act=android.intent.action.PACKAGE_ADDED dat=package: flg=0x4000010 (has extras) } to com.google.android.packageinstaller/com.android.packageinstaller.PackageInstalledReceiver
10-30 21:19:21.060  1540  1746 W BroadcastQueue: Background execution not allowed: receiving Intent { act=android.intent.action.PACKAGE_ADDED dat=package: flg=0x4000010 (has extras) } to com.android.vending/com.google.android.finsky.packagemonitor.impl.PackageMonitorReceiverImpl$RegisteredReceiver
10-30 21:19:21.066  1540  1746 W BroadcastQueue: Background execution not allowed: receiving Intent { act=android.intent.action.PACKAGE_ADDED dat=package: flg=0x4000010 (has extras) } to com.android.vending/com.google.android.finsky.packagemonitor.backgroundimpl.BackgroundPackageMonitorReceiverImpl$RegisteredReceiver
10-30 21:19:21.066  1540  1746 W BroadcastQueue: Background execution not allowed: receiving Intent { act=android.intent.action.PACKAGE_ADDED dat=package: flg=0x4000010 (has extras) } to com.google.android.gms/.games.chimera.GamesSystemBroadcastReceiverProxy
10-30 21:19:21.067  1540  1746 W BroadcastQueue: Background execution not allowed: receiving Intent { act=android.intent.action.PACKAGE_ADDED dat=package: flg=0x4000010 (has extras) } to com.google.android.gms/.gass.chimera.PackageChangeBroadcastReceiver
10-30 21:19:21.067  1540  1746 W BroadcastQueue: Background execution not allowed: receiving Intent { act=android.intent.action.PACKAGE_ADDED dat=package: flg=0x4000010 (has extras) } to com.google.android.gms/.chimera.GmsIntentOperationService$PersistentTrustedReceiver
10-30 21:19:21.067  1540  1746 W BroadcastQueue: Background execution not allowed: receiving Intent { act=android.intent.action.PACKAGE_ADDED dat=package: flg=0x4000010 (has extras) } to com.google.android.googlequicksearchbox/com.google.android.apps.gsa.googlequicksearchbox.GelStubAppWatcher
10-30 21:19:21.075  1540  1540 I Telecom : DefaultDialerCache: Refreshing default dialer for user 0: now com.google.android.dialer: DDC.oR@Ang
10-30 21:19:21.075  1540  4192 W BackupTransportManager: Package com.example.eroplayer enabled setting: 0
10-30 21:19:21.081  1540  1745 W PackageManager: Failed registering loading progress callback. Package is fully loaded.
10-30 21:19:21.091  1540  1745 W WindowMagnificationMgr: requestConnection duplicated request: connect=false, mConnectionState=DISCONNECTED
10-30 21:19:21.101  1540  1869 E VerityUtils: Failed to measure fs-verity, errno 1: /data/app/~~GYcAq5_kHleGPAkqbFKQjg==/com.example.eroplayer-SAbthMCR7rw78VAzGu6zRw==/base.apk
10-30 21:19:21.247  1540  4221 D CompatibilityChangeReporter: Compat change id reported: 161252188; UID 10140; state: DISABLED
10-30 21:19:21.261  1540  1872 E PackageManager: ERROR: could not load root hash from incremental install
10-30 21:19:21.264  1540  2049 W PackageParsing: Ignoring duplicate uses-permissions/uses-permissions-sdk-m: android.permission.CHANGE_NETWORK_STATE in package: com.game.tangguo at: Binary XML file line #15
10-30 21:19:21.264  1540  2049 W PackageParsing: Ignoring duplicate uses-permissions/uses-permissions-sdk-m: android.permission.RECEIVE_SMS in package: com.game.tangguo at: Binary XML file line #16
10-30 21:19:21.264  1540  2049 W PackageParsing: Ignoring duplicate uses-permissions/uses-permissions-sdk-m: android.permission.READ_PHONE_STATE in package: com.game.tangguo at: Binary XML file line #17
10-30 21:19:21.264  1540  2049 W PackageParsing: Ignoring duplicate uses-permissions/uses-permissions-sdk-m: android.permission.CHANGE_WIFI_STATE in package: com.game.tangguo at: Binary XML file line #18
10-30 21:19:21.264  1540  2049 W PackageParsing: Ignoring duplicate uses-permissions/uses-permissions-sdk-m: android.permission.ACCESS_WIFI_STATE in package: com.game.tangguo at: Binary XML file line #19
10-30 21:19:21.264  1540  2049 W PackageParsing: Ignoring duplicate uses-permissions/uses-permissions-sdk-m: android.permission.ACCESS_NETWORK_STATE in package: com.game.tangguo at: Binary XML file line #20
10-30 21:19:21.264  1540  2049 W PackageParsing: Ignoring duplicate uses-permissions/uses-permissions-sdk-m: android.permission.RESTART_PACKAGES in package: com.game.tangguo at: Binary XML file line #21
10-30 21:19:21.264  1540  2049 W PackageParsing: Ignoring duplicate uses-permissions/uses-permissions-sdk-m: android.permission.WRITE_EXTERNAL_STORAGE in package: com.game.tangguo at: Binary XML file line #22
10-30 21:19:21.264  1540  2049 W PackageParsing: Ignoring duplicate uses-permissions/uses-permissions-sdk-m: android.permission.SEND_SMS in package: com.game.tangguo at: Binary XML file line #23
10-30 21:19:21.286  1540  1872 I PackageManager: Integrity check passed for file:///data/app/vmdl695574900.tmp
10-30 21:19:21.298  1540  1872 W PackageParsing: Ignoring duplicate uses-permissions/uses-permissions-sdk-m: android.permission.CHANGE_NETWORK_STATE in package: com.game.tangguo at: Binary XML file line #15
10-30 21:19:21.298  1540  1872 W PackageParsing: Ignoring duplicate uses-permissions/uses-permissions-sdk-m: android.permission.RECEIVE_SMS in package: com.game.tangguo at: Binary XML file line #16
10-30 21:19:21.298  1540  1872 W PackageParsing: Ignoring duplicate uses-permissions/uses-permissions-sdk-m: android.permission.READ_PHONE_STATE in package: com.game.tangguo at: Binary XML file line #17
10-30 21:19:21.298  1540  1872 W PackageParsing: Ignoring duplicate uses-permissions/uses-permissions-sdk-m: android.permission.CHANGE_WIFI_STATE in package: com.game.tangguo at: Binary XML file line #18
10-30 21:19:21.298  1540  1872 W PackageParsing: Ignoring duplicate uses-permissions/uses-permissions-sdk-m: android.permission.ACCESS_WIFI_STATE in package: com.game.tangguo at: Binary XML file line #19
10-30 21:19:21.298  1540  1872 W PackageParsing: Ignoring duplicate uses-permissions/uses-permissions-sdk-m: android.permission.ACCESS_NETWORK_STATE in package: com.game.tangguo at: Binary XML file line #20
10-30 21:19:21.298  1540  1872 W PackageParsing: Ignoring duplicate uses-permissions/uses-permissions-sdk-m: android.permission.RESTART_PACKAGES in package: com.game.tangguo at: Binary XML file line #21
10-30 21:19:21.298  1540  1872 W PackageParsing: Ignoring duplicate uses-permissions/uses-permissions-sdk-m: android.permission.WRITE_EXTERNAL_STORAGE in package: com.game.tangguo at: Binary XML file line #22
10-30 21:19:21.298  1540  1872 W PackageParsing: Ignoring duplicate uses-permissions/uses-permissions-sdk-m: android.permission.SEND_SMS in package: com.game.tangguo at: Binary XML file line #23
10-30 21:19:21.303  1540  5432 D CompatibilityChangeReporter: Compat change id reported: 161252188; UID 1000; state: DISABLED
10-30 21:19:21.391  1540  3218 D CompatibilityChangeReporter: Compat change id reported: 161252188; UID 10198; state: DISABLED
10-30 21:19:21.393  1540  1729 V StorageManagerService: Package null has legacy storage
10-30 21:19:21.595  1540  4254 I ActivityManager: Background started FGS: Allowed [callingPackage: com.google.android.apps.wellbeing; callingUid: 10121; uidState: BFGS; intent: Intent { cmp=com.google.android.apps.wellbeing/com.google.apps.tiktok.concurrent.InternalForegroundService (has extras) }; code:BACKGROUND_ACTIVITY_PERMISSION; tempAllowListReason:<null>; targetSdkVersion:33; callerTargetSdkVersion:33; startForegroundCount:0; bindFromPackage:null]
10-30 21:19:21.596  1540  4254 D CompatibilityChangeReporter: Compat change id reported: 168419799; UID 10121; state: DISABLED
10-30 21:19:21.596  1540  4254 D CompatibilityChangeReporter: Compat change id reported: 273564678; UID 10121; state: DISABLED
10-30 21:19:21.607  1540  1872 V BackupManagerService: [UserID:0] restoreAtInstall pkg=com.game.tangguo token=9 restoreSet=0
10-30 21:19:21.607  1540  1872 V BackupManagerService: [UserID:0] Finishing install immediately
10-30 21:19:21.608  1540  1872 D PackageInstallerSession: Marking session 695574900 as applied
10-30 21:19:21.613  1540  1872 D CompatibilityChangeReporter: Compat change id reported: 168419799; UID 10199; state: DISABLED
10-30 21:19:21.613  1540  1872 D CompatibilityChangeReporter: Compat change id reported: 273564678; UID 10199; state: DISABLED
10-30 21:19:21.620  1540  2926 D CompatibilityChangeReporter: Compat change id reported: 218533173; UID 10199; state: DISABLED
10-30 21:19:21.623  1540  1540 I Telecom : DefaultDialerCache: Refreshing default dialer for user 0: now com.google.android.dialer: DDC.oR@Ans
10-30 21:19:21.624  1540  3795 W BroadcastQueue: Background execution not allowed: receiving Intent { act=android.intent.action.PACKAGE_ADDED dat=package: flg=0x4000010 (has extras) } to com.google.android.packageinstaller/com.android.packageinstaller.PackageInstalledReceiver
10-30 21:19:21.631  1540  1540 V BackupManagerConstants: getFullBackupIntervalMilliseconds(...) returns 86400000
10-30 21:19:21.631  1540  1540 V BackupManagerConstants: getFullBackupRequiredNetworkType(...) returns 2
10-30 21:19:21.631  1540  1540 V BackupManagerConstants: getFullBackupRequireCharging(...) returns true
10-30 21:19:21.642  1540  1746 W BroadcastQueue: Background execution not allowed: receiving Intent { act=android.intent.action.PACKAGE_ADDED dat=package: flg=0x4000010 (has extras) } to com.android.vending/com.google.android.finsky.packagemonitor.impl.PackageMonitorReceiverImpl$RegisteredReceiver
10-30 21:19:21.642  1540  1746 W BroadcastQueue: Background execution not allowed: receiving Intent { act=android.intent.action.PACKAGE_ADDED dat=package: flg=0x4000010 (has extras) } to com.android.vending/com.google.android.finsky.packagemonitor.backgroundimpl.BackgroundPackageMonitorReceiverImpl$RegisteredReceiver
10-30 21:19:21.642  1540  1746 W BroadcastQueue: Background execution not allowed: receiving Intent { act=android.intent.action.PACKAGE_ADDED dat=package: flg=0x4000010 (has extras) } to com.google.android.gms/.games.chimera.GamesSystemBroadcastReceiverProxy
10-30 21:19:21.642  1540  1746 W BroadcastQueue: Background execution not allowed: receiving Intent { act=android.intent.action.PACKAGE_ADDED dat=package: flg=0x4000010 (has extras) } to com.google.android.gms/.gass.chimera.PackageChangeBroadcastReceiver
10-30 21:19:21.643  1540  1746 W BroadcastQueue: Background execution not allowed: receiving Intent { act=android.intent.action.PACKAGE_ADDED dat=package: flg=0x4000010 (has extras) } to com.google.android.gms/.chimera.GmsIntentOperationService$PersistentTrustedReceiver
10-30 21:19:21.643  1540  1746 W BroadcastQueue: Background execution not allowed: receiving Intent { act=android.intent.action.PACKAGE_ADDED dat=package: flg=0x4000010 (has extras) } to com.google.android.googlequicksearchbox/com.google.android.apps.gsa.googlequicksearchbox.GelStubAppWatcher
10-30 21:19:21.652  1540  1745 W WindowMagnificationMgr: requestConnection duplicated request: connect=false, mConnectionState=DISCONNECTED
10-30 21:19:21.659  1540  1869 E VerityUtils: Failed to measure fs-verity, errno 1: /data/app/~~T9o9ZQ8HW71sHdGG-k3-Xw==/com.game.tangguo-9Z3Bsm0t3SXF6ytDsA3k2w==/base.apk
10-30 21:19:21.682  1540  5615 D CompatibilityChangeReporter: Compat change id reported: 161252188; UID 10199; state: DISABLED
10-30 21:19:21.686  1540  1540 I Telecom : DefaultDialerCache: Refreshing default dialer for user 0: now com.google.android.dialer: DDC.oR@Anw
10-30 21:19:21.686  1540  4192 W BackupTransportManager: Package com.game.tangguo enabled setting: 0
10-30 21:19:21.723  1540  1745 W PackageManager: Failed registering loading progress callback. Package is fully loaded.
10-30 21:19:21.730  1540  1745 W WindowMagnificationMgr: requestConnection duplicated request: connect=false, mConnectionState=DISCONNECTED
10-30 21:19:21.791  1540  1872 E PackageManager: ERROR: could not load root hash from incremental install
10-30 21:19:21.802  1540  1540 I NotificationService: Cannot find enqueued record for key: 0|com.google.android.apps.wellbeing|174344743|null|10121
10-30 21:19:21.807  1540  1872 I PackageManager: Integrity check passed for file:///data/app/vmdl1943412121.tmp
10-30 21:19:21.889  1540  1729 V StorageManagerService: Package null has legacy storage
10-30 21:19:22.099  1540  1872 V BackupManagerService: [UserID:0] restoreAtInstall pkg=test.root0911 token=a restoreSet=0
10-30 21:19:22.100  1540  1872 V BackupManagerService: [UserID:0] Finishing install immediately
10-30 21:19:22.101  1540  1872 D PackageInstallerSession: Marking session 1943412121 as applied
10-30 21:19:22.116  1540  1872 D CompatibilityChangeReporter: Compat change id reported: 168419799; UID 10200; state: DISABLED
10-30 21:19:22.116  1540  1872 D CompatibilityChangeReporter: Compat change id reported: 273564678; UID 10200; state: DISABLED
10-30 21:19:22.120  1540  1746 W BroadcastQueue: Background execution not allowed: receiving Intent { act=android.intent.action.PACKAGE_ADDED dat=package: flg=0x4000010 (has extras) } to com.google.android.packageinstaller/com.android.packageinstaller.PackageInstalledReceiver
10-30 21:19:22.120  1540  1746 W BroadcastQueue: Background execution not allowed: receiving Intent { act=android.intent.action.PACKAGE_ADDED dat=package: flg=0x4000010 (has extras) } to com.android.vending/com.google.android.finsky.packagemonitor.impl.PackageMonitorReceiverImpl$RegisteredReceiver
10-30 21:19:22.120  1540  1746 W BroadcastQueue: Background execution not allowed: receiving Intent { act=android.intent.action.PACKAGE_ADDED dat=package: flg=0x4000010 (has extras) } to com.android.vending/com.google.android.finsky.packagemonitor.backgroundimpl.BackgroundPackageMonitorReceiverImpl$RegisteredReceiver
10-30 21:19:22.120  1540  1746 W BroadcastQueue: Background execution not allowed: receiving Intent { act=android.intent.action.PACKAGE_ADDED dat=package: flg=0x4000010 (has extras) } to com.google.android.gms/.games.chimera.GamesSystemBroadcastReceiverProxy
10-30 21:19:22.120  1540  1746 W BroadcastQueue: Background execution not allowed: receiving Intent { act=android.intent.action.PACKAGE_ADDED dat=package: flg=0x4000010 (has extras) } to com.google.android.gms/.gass.chimera.PackageChangeBroadcastReceiver
10-30 21:19:22.120  1540  1746 W BroadcastQueue: Background execution not allowed: receiving Intent { act=android.intent.action.PACKAGE_ADDED dat=package: flg=0x4000010 (has extras) } to com.google.android.gms/.chimera.GmsIntentOperationService$PersistentTrustedReceiver
10-30 21:19:22.120  1540  1746 W BroadcastQueue: Background execution not allowed: receiving Intent { act=android.intent.action.PACKAGE_ADDED dat=package: flg=0x4000010 (has extras) } to com.google.android.googlequicksearchbox/com.google.android.apps.gsa.googlequicksearchbox.GelStubAppWatcher
10-30 21:19:22.121  1540  2926 D CompatibilityChangeReporter: Compat change id reported: 218533173; UID 10200; state: DISABLED
10-30 21:19:22.126  1540  1540 I Telecom : DefaultDialerCache: Refreshing default dialer for user 0: now com.google.android.dialer: DDC.oR@AoE
10-30 21:19:22.133  1540  1540 V BackupManagerConstants: getFullBackupIntervalMilliseconds(...) returns 86400000
10-30 21:19:22.133  1540  1540 V BackupManagerConstants: getFullBackupRequiredNetworkType(...) returns 2
10-30 21:19:22.133  1540  1540 V BackupManagerConstants: getFullBackupRequireCharging(...) returns true
10-30 21:19:22.156  1540  1745 W WindowMagnificationMgr: requestConnection duplicated request: connect=false, mConnectionState=DISCONNECTED
10-30 21:19:22.161  1540  1540 I Telecom : DefaultDialerCache: Refreshing default dialer for user 0: now com.google.android.dialer: DDC.oR@AoQ
10-30 21:19:22.161  1540  4192 W BackupTransportManager: Package test.root0911 enabled setting: 0
10-30 21:19:22.191  1540  5619 D CompatibilityChangeReporter: Compat change id reported: 161252188; UID 10200; state: DISABLED
10-30 21:19:22.195  1540  1869 E VerityUtils: Failed to measure fs-verity, errno 1: /data/app/~~Q9LbRjK8cu40uCgFfEynuQ==/test.root0911-M5ri-b2muVOynJA9-jtqXw==/base.apk
10-30 21:19:22.211  1540  1745 W PackageManager: Failed registering loading progress callback. Package is fully loaded.
10-30 21:19:22.220  1540  1745 W WindowMagnificationMgr: requestConnection duplicated request: connect=false, mConnectionState=DISCONNECTED
10-30 21:19:22.280  1540  1872 E PackageManager: ERROR: could not load root hash from incremental install
10-30 21:19:22.306  1540  1872 I PackageManager: Integrity check passed for file:///data/app/vmdl1442451284.tmp
10-30 21:19:22.407  1540  1729 V StorageManagerService: Package null has legacy storage
10-30 21:19:22.418  1540  1872 V BackupManagerService: [UserID:0] restoreAtInstall pkg=com.ck.services token=b restoreSet=0
10-30 21:19:22.419  1540  1872 V BackupManagerService: [UserID:0] Finishing install immediately
10-30 21:19:22.422  1540  1872 D PackageInstallerSession: Marking session 1442451284 as applied
10-30 21:19:22.425  1540  1872 D CompatibilityChangeReporter: Compat change id reported: 168419799; UID 10201; state: DISABLED
10-30 21:19:22.425  1540  1872 D CompatibilityChangeReporter: Compat change id reported: 273564678; UID 10201; state: DISABLED
10-30 21:19:22.433  1540  1540 I Telecom : DefaultDialerCache: Refreshing default dialer for user 0: now com.google.android.dialer: DDC.oR@AoU
10-30 21:19:22.435  1540  2926 D CompatibilityChangeReporter: Compat change id reported: 218533173; UID 10201; state: DISABLED
10-30 21:19:22.437  1540  5618 W BroadcastQueue: Background execution not allowed: receiving Intent { act=android.intent.action.PACKAGE_ADDED dat=package: flg=0x4000010 (has extras) } to com.google.android.packageinstaller/com.android.packageinstaller.PackageInstalledReceiver
10-30 21:19:22.439  1540  1540 V BackupManagerConstants: getFullBackupIntervalMilliseconds(...) returns 86400000
10-30 21:19:22.439  1540  1540 V BackupManagerConstants: getFullBackupRequiredNetworkType(...) returns 2
10-30 21:19:22.439  1540  1540 V BackupManagerConstants: getFullBackupRequireCharging(...) returns true
10-30 21:19:22.441  1540  1746 W BroadcastQueue: Background execution not allowed: receiving Intent { act=android.intent.action.PACKAGE_ADDED dat=package: flg=0x4000010 (has extras) } to com.android.vending/com.google.android.finsky.packagemonitor.impl.PackageMonitorReceiverImpl$RegisteredReceiver
10-30 21:19:22.449  1540  1746 W BroadcastQueue: Background execution not allowed: receiving Intent { act=android.intent.action.PACKAGE_ADDED dat=package: flg=0x4000010 (has extras) } to com.android.vending/com.google.android.finsky.packagemonitor.backgroundimpl.BackgroundPackageMonitorReceiverImpl$RegisteredReceiver
10-30 21:19:22.449  1540  1746 W BroadcastQueue: Background execution not allowed: receiving Intent { act=android.intent.action.PACKAGE_ADDED dat=package: flg=0x4000010 (has extras) } to com.google.android.gms/.games.chimera.GamesSystemBroadcastReceiverProxy
10-30 21:19:22.449  1540  1746 W BroadcastQueue: Background execution not allowed: receiving Intent { act=android.intent.action.PACKAGE_ADDED dat=package: flg=0x4000010 (has extras) } to com.google.android.gms/.gass.chimera.PackageChangeBroadcastReceiver
10-30 21:19:22.449  1540  1746 W BroadcastQueue: Background execution not allowed: receiving Intent { act=android.intent.action.PACKAGE_ADDED dat=package: flg=0x4000010 (has extras) } to com.google.android.gms/.chimera.GmsIntentOperationService$PersistentTrustedReceiver
10-30 21:19:22.449  1540  1746 W BroadcastQueue: Background execution not allowed: receiving Intent { act=android.intent.action.PACKAGE_ADDED dat=package: flg=0x4000010 (has extras) } to com.google.android.googlequicksearchbox/com.google.android.apps.gsa.googlequicksearchbox.GelStubAppWatcher
10-30 21:19:22.461  1540  1540 I Telecom : DefaultDialerCache: Refreshing default dialer for user 0: now com.google.android.dialer: DDC.oR@AoY
10-30 21:19:22.461  1540  4192 W BackupTransportManager: Package com.ck.services enabled setting: 0
10-30 21:19:22.474  1540  1745 W WindowMagnificationMgr: requestConnection duplicated request: connect=false, mConnectionState=DISCONNECTED
10-30 21:19:22.496  1540  1869 E VerityUtils: Failed to measure fs-verity, errno 1: /data/app/~~JFdfJOZbAL8k42jbJxaIrA==/com.ck.services-1D0FcBd11N8OEKaZUK1Z6Q==/base.apk
10-30 21:19:22.525  1540  1745 W PackageManager: Failed registering loading progress callback. Package is fully loaded.
10-30 21:19:22.531  1540  1745 W WindowMagnificationMgr: requestConnection duplicated request: connect=false, mConnectionState=DISCONNECTED
10-30 21:19:22.560  1540  1872 E PackageManager: ERROR: could not load root hash from incremental install
10-30 21:19:22.564  1540  2049 W PackageParsing: No actions in intent-filter at /data/app/vmdl1343957959.tmp/base.apk Binary XML file line #56
10-30 21:19:22.583  1540  1872 I PackageManager: Integrity check passed for file:///data/app/vmdl1343957959.tmp
10-30 21:19:22.602  1540  1872 W PackageParsing: No actions in intent-filter at /data/app/vmdl1343957959.tmp/base.apk Binary XML file line #56
10-30 21:19:22.662  1540  1729 V StorageManagerService: Package null has legacy storage
10-30 21:19:22.803  1540  1872 V BackupManagerService: [UserID:0] restoreAtInstall pkg=com.google.service token=c restoreSet=0
10-30 21:19:22.804  1540  1872 V BackupManagerService: [UserID:0] Finishing install immediately
10-30 21:19:22.806  1540  1872 D PackageInstallerSession: Marking session 1343957959 as applied
10-30 21:19:22.810  1540  1872 D CompatibilityChangeReporter: Compat change id reported: 168419799; UID 10202; state: DISABLED
10-30 21:19:22.810  1540  1872 D CompatibilityChangeReporter: Compat change id reported: 273564678; UID 10202; state: DISABLED
10-30 21:19:22.817  1540  2926 D CompatibilityChangeReporter: Compat change id reported: 218533173; UID 10202; state: DISABLED
10-30 21:19:22.821  1540  1540 I Telecom : DefaultDialerCache: Refreshing default dialer for user 0: now com.google.android.dialer: DDC.oR@Aok
10-30 21:19:22.822  1540  1745 W WindowMagnificationMgr: requestConnection duplicated request: connect=false, mConnectionState=DISCONNECTED
10-30 21:19:22.822  1540  5628 W BroadcastQueue: Background execution not allowed: receiving Intent { act=android.intent.action.PACKAGE_ADDED dat=package: flg=0x4000010 (has extras) } to com.google.android.packageinstaller/com.android.packageinstaller.PackageInstalledReceiver
10-30 21:19:22.824  1540  1746 W BroadcastQueue: Background execution not allowed: receiving Intent { act=android.intent.action.PACKAGE_ADDED dat=package: flg=0x4000010 (has extras) } to com.android.vending/com.google.android.finsky.packagemonitor.impl.PackageMonitorReceiverImpl$RegisteredReceiver
10-30 21:19:22.824  1540  1746 W BroadcastQueue: Background execution not allowed: receiving Intent { act=android.intent.action.PACKAGE_ADDED dat=package: flg=0x4000010 (has extras) } to com.android.vending/com.google.android.finsky.packagemonitor.backgroundimpl.BackgroundPackageMonitorReceiverImpl$RegisteredReceiver
10-30 21:19:22.824  1540  1746 W BroadcastQueue: Background execution not allowed: receiving Intent { act=android.intent.action.PACKAGE_ADDED dat=package: flg=0x4000010 (has extras) } to com.google.android.gms/.games.chimera.GamesSystemBroadcastReceiverProxy
10-30 21:19:22.824  1540  1746 W BroadcastQueue: Background execution not allowed: receiving Intent { act=android.intent.action.PACKAGE_ADDED dat=package: flg=0x4000010 (has extras) } to com.google.android.gms/.gass.chimera.PackageChangeBroadcastReceiver
10-30 21:19:22.824  1540  1746 W BroadcastQueue: Background execution not allowed: receiving Intent { act=android.intent.action.PACKAGE_ADDED dat=package: flg=0x4000010 (has extras) } to com.google.android.gms/.chimera.GmsIntentOperationService$PersistentTrustedReceiver
10-30 21:19:22.825  1540  1746 W BroadcastQueue: Background execution not allowed: receiving Intent { act=android.intent.action.PACKAGE_ADDED dat=package: flg=0x4000010 (has extras) } to com.google.android.googlequicksearchbox/com.google.android.apps.gsa.googlequicksearchbox.GelStubAppWatcher
10-30 21:19:22.851  1540  1869 E VerityUtils: Failed to measure fs-verity, errno 1: /data/app/~~h0BD0OPh_1MDSBSzzUYbcg==/com.google.service-VhuZQnfYghx4Jr9sw_BufQ==/base.apk
10-30 21:19:22.852  1540  1745 W PackageManager: Failed registering loading progress callback. Package is fully loaded.
10-30 21:19:22.859  1540  1872 E PackageManager: ERROR: could not load root hash from incremental install
10-30 21:19:22.879  1540  1872 I PackageManager: Integrity check passed for file:///data/app/vmdl18194906.tmp
10-30 21:19:22.879  1540  5619 D CompatibilityChangeReporter: Compat change id reported: 161252188; UID 10202; state: DISABLED
10-30 21:19:22.924  1540  1745 W WindowMagnificationMgr: requestConnection duplicated request: connect=false, mConnectionState=DISCONNECTED
10-30 21:19:22.928  1540  1540 I Telecom : DefaultDialerCache: Refreshing default dialer for user 0: now com.google.android.dialer: DDC.oR@Aow
10-30 21:19:22.929  1540  4192 W BackupTransportManager: Package com.google.service enabled setting: 0
10-30 21:19:23.197  1540  1872 V BackupManagerService: [UserID:0] restoreAtInstall pkg=com.android.buyer token=d restoreSet=0
10-30 21:19:23.197  1540  1872 V BackupManagerService: [UserID:0] Finishing install immediately
10-30 21:19:23.200  1540  1872 D PackageInstallerSession: Marking session 18194906 as applied
10-30 21:19:23.216  1540  1872 D CompatibilityChangeReporter: Compat change id reported: 168419799; UID 10203; state: DISABLED
10-30 21:19:23.216  1540  1872 D CompatibilityChangeReporter: Compat change id reported: 273564678; UID 10203; state: DISABLED
10-30 21:19:23.220  1540  1746 W BroadcastQueue: Background execution not allowed: receiving Intent { act=android.intent.action.PACKAGE_ADDED dat=package: flg=0x4000010 (has extras) } to com.google.android.packageinstaller/com.android.packageinstaller.PackageInstalledReceiver
10-30 21:19:23.220  1540  1746 W BroadcastQueue: Background execution not allowed: receiving Intent { act=android.intent.action.PACKAGE_ADDED dat=package: flg=0x4000010 (has extras) } to com.android.vending/com.google.android.finsky.packagemonitor.impl.PackageMonitorReceiverImpl$RegisteredReceiver
10-30 21:19:23.220  1540  1746 W BroadcastQueue: Background execution not allowed: receiving Intent { act=android.intent.action.PACKAGE_ADDED dat=package: flg=0x4000010 (has extras) } to com.android.vending/com.google.android.finsky.packagemonitor.backgroundimpl.BackgroundPackageMonitorReceiverImpl$RegisteredReceiver
10-30 21:19:23.220  1540  1746 W BroadcastQueue: Background execution not allowed: receiving Intent { act=android.intent.action.PACKAGE_ADDED dat=package: flg=0x4000010 (has extras) } to com.google.android.gms/.games.chimera.GamesSystemBroadcastReceiverProxy
10-30 21:19:23.220  1540  1746 W BroadcastQueue: Background execution not allowed: receiving Intent { act=android.intent.action.PACKAGE_ADDED dat=package: flg=0x4000010 (has extras) } to com.google.android.gms/.gass.chimera.PackageChangeBroadcastReceiver
10-30 21:19:23.220  1540  1746 W BroadcastQueue: Background execution not allowed: receiving Intent { act=android.intent.action.PACKAGE_ADDED dat=package: flg=0x4000010 (has extras) } to com.google.android.gms/.chimera.GmsIntentOperationService$PersistentTrustedReceiver
10-30 21:19:23.220  1540  1746 W BroadcastQueue: Background execution not allowed: receiving Intent { act=android.intent.action.PACKAGE_ADDED dat=package: flg=0x4000010 (has extras) } to com.google.android.googlequicksearchbox/com.google.android.apps.gsa.googlequicksearchbox.GelStubAppWatcher
10-30 21:19:23.222  1540  1540 I Telecom : DefaultDialerCache: Refreshing default dialer for user 0: now com.google.android.dialer: DDC.oR@Ao0
10-30 21:19:23.225  1540  3795 I ActivityTaskManager: START u0 {flg=0x14000000 cmp=com.psafe.msuite/com.psafe.antivirus.installmonitor.ui.InstallMonitorActivity (has extras)} from uid 10194
10-30 21:19:23.228  1540  2926 D CompatibilityChangeReporter: Compat change id reported: 218533173; UID 10203; state: DISABLED
10-30 21:19:23.239  1540  1540 V BackupManagerConstants: getFullBackupIntervalMilliseconds(...) returns 86400000
10-30 21:19:23.239  1540  1540 V BackupManagerConstants: getFullBackupRequiredNetworkType(...) returns 2
10-30 21:19:23.239  1540  1540 V BackupManagerConstants: getFullBackupRequireCharging(...) returns true
10-30 21:19:23.257  1540  5630 W ActivityTaskManager: Tried to set launchTime (0) < mLastActivityLaunchTime (663285)
10-30 21:19:23.262  1540  1745 W WindowMagnificationMgr: requestConnection duplicated request: connect=false, mConnectionState=DISCONNECTED
10-30 21:19:23.279  1540  1869 E VerityUtils: Failed to measure fs-verity, errno 1: /data/app/~~YRbD7ed2uNQhVfFekq09SA==/com.android.buyer-Cbud8tu78_lfKT3Cr9fD1A==/base.apk
10-30 21:19:23.289  1540  1540 I Telecom : DefaultDialerCache: Refreshing default dialer for user 0: now com.google.android.dialer: DDC.oR@Ao8
10-30 21:19:23.292  1540  2993 D CompatibilityChangeReporter: Compat change id reported: 161252188; UID 10203; state: DISABLED
10-30 21:19:23.309  1540  3217 D CoreBackPreview: Window{1d68ec4 u0 com.psafe.msuite/com.psafe.antivirus.installmonitor.ui.InstallMonitorActivity}: Setting back callback OnBackInvokedCallbackInfo{mCallback=android.window.IOnBackInvokedCallback$Stub$Proxy@1056965, mPriority=0}
10-30 21:19:23.318  1540  3217 D CoreBackPreview: Window{2851bb7 u0 com.psafe.msuite/com.psafe.antivirus.installmonitor.ui.InstallMonitorActivity}: Setting back callback OnBackInvokedCallbackInfo{mCallback=android.window.IOnBackInvokedCallback$Stub$Proxy@7d62442, mPriority=0}
10-30 21:19:23.325  1540  4192 W BackupTransportManager: Package com.android.buyer enabled setting: 0
10-30 21:19:23.352  1540  1745 W PackageManager: Failed registering loading progress callback. Package is fully loaded.
10-30 21:19:23.371  1540  1745 W WindowMagnificationMgr: requestConnection duplicated request: connect=false, mConnectionState=DISCONNECTED
10-30 21:19:23.405  1540  1872 E PackageManager: ERROR: could not load root hash from incremental install
10-30 21:19:23.413  1540  2049 W PackageParsing: No actions in intent-filter at /data/app/vmdl289112161.tmp/base.apk Binary XML file line #9
10-30 21:19:23.432  1540  1872 I PackageManager: Integrity check passed for file:///data/app/vmdl289112161.tmp
10-30 21:19:23.596  1540  1872 W PackageParsing: No actions in intent-filter at /data/app/vmdl289112161.tmp/base.apk Binary XML file line #9
10-30 21:19:23.668  1540  1729 V StorageManagerService: Package null has legacy storage
10-30 21:19:23.818  1540  3795 I ActivityManager: Background started FGS: Allowed [callingPackage: com.google.android.apps.wellbeing; callingUid: 10121; uidState: BFGS; intent: Intent { cmp=com.google.android.apps.wellbeing/com.google.apps.tiktok.concurrent.InternalForegroundService (has extras) }; code:BACKGROUND_ACTIVITY_PERMISSION; tempAllowListReason:<null>; targetSdkVersion:33; callerTargetSdkVersion:33; startForegroundCount:0; bindFromPackage:null]
10-30 21:19:23.835  1540  1872 V BackupManagerService: [UserID:0] restoreAtInstall pkg=cgf.rqemaoif.cwgc3_hbtprvd_hjb token=e restoreSet=0
10-30 21:19:23.835  1540  1872 V BackupManagerService: [UserID:0] Finishing install immediately
10-30 21:19:23.836  1540  1872 D PackageInstallerSession: Marking session 289112161 as applied
10-30 21:19:23.844  1540  1872 D CompatibilityChangeReporter: Compat change id reported: 168419799; UID 10204; state: DISABLED
10-30 21:19:23.844  1540  1872 D CompatibilityChangeReporter: Compat change id reported: 273564678; UID 10204; state: DISABLED
10-30 21:19:23.848  1540  5432 W BroadcastQueue: u0 Receiving a broadcast in packagecom.android.buyer requires a permissions review
10-30 21:19:23.848  1540  5432 W BroadcastQueue: Skipping delivery: permission review required for Intent { act=android.intent.action.PACKAGE_ADDED dat=package: flg=0x4000010 (has extras) } from null (pid=1540, uid=1000) to com.android.buyer/.mRve
10-30 21:19:23.852  1540  2926 D CompatibilityChangeReporter: Compat change id reported: 218533173; UID 10204; state: DISABLED
10-30 21:19:23.853  1540  1746 W BroadcastQueue: Background execution not allowed: receiving Intent { act=android.intent.action.PACKAGE_ADDED dat=package: flg=0x4000010 (has extras) } to com.google.android.packageinstaller/com.android.packageinstaller.PackageInstalledReceiver
10-30 21:19:23.853  1540  1746 W BroadcastQueue: Background execution not allowed: receiving Intent { act=android.intent.action.PACKAGE_ADDED dat=package: flg=0x4000010 (has extras) } to com.android.vending/com.google.android.finsky.packagemonitor.impl.PackageMonitorReceiverImpl$RegisteredReceiver
10-30 21:19:23.853  1540  1746 W BroadcastQueue: Background execution not allowed: receiving Intent { act=android.intent.action.PACKAGE_ADDED dat=package: flg=0x4000010 (has extras) } to com.android.vending/com.google.android.finsky.packagemonitor.backgroundimpl.BackgroundPackageMonitorReceiverImpl$RegisteredReceiver
10-30 21:19:23.853  1540  1746 W BroadcastQueue: Background execution not allowed: receiving Intent { act=android.intent.action.PACKAGE_ADDED dat=package: flg=0x4000010 (has extras) } to com.google.android.gms/.games.chimera.GamesSystemBroadcastReceiverProxy
10-30 21:19:23.853  1540  1746 W BroadcastQueue: Background execution not allowed: receiving Intent { act=android.intent.action.PACKAGE_ADDED dat=package: flg=0x4000010 (has extras) } to com.google.android.gms/.gass.chimera.PackageChangeBroadcastReceiver
10-30 21:19:23.853  1540  1746 W BroadcastQueue: Background execution not allowed: receiving Intent { act=android.intent.action.PACKAGE_ADDED dat=package: flg=0x4000010 (has extras) } to com.google.android.gms/.chimera.GmsIntentOperationService$PersistentTrustedReceiver
10-30 21:19:23.853  1540  1746 W BroadcastQueue: Background execution not allowed: receiving Intent { act=android.intent.action.PACKAGE_ADDED dat=package: flg=0x4000010 (has extras) } to com.google.android.googlequicksearchbox/com.google.android.apps.gsa.googlequicksearchbox.GelStubAppWatcher
10-30 21:19:23.854  1540  1540 I Telecom : DefaultDialerCache: Refreshing default dialer for user 0: now com.google.android.dialer: DDC.oR@ApE
