10-30 21:19:44.092  1540  1746 W BroadcastQueue: Skipping delivery: permission review required for Intent { act=android.intent.action.PACKAGE_ADDED dat=package: flg=0x4000010 (has extras) } from null (pid=1540, uid=1000) to com.cncd.japan.janli.shudu/net.l.k.r
10-30 21:19:44.092  1540  1746 W BroadcastQueue: u0 Receiving a broadcast in packagecom.cncd.japan.janli.shudu requires a permissions review
10-30 21:19:44.092  1540  1746 W BroadcastQueue: Skipping delivery: permission review required for Intent { act=android.intent.action.PACKAGE_ADDED dat=package: flg=0x4000010 (has extras) } from null (pid=1540, uid=1000) to com.cncd.japan.janli.shudu/com.feiwofour.coverscreen.SR
10-30 21:19:44.092  1540  1746 W BroadcastQueue: u0 Receiving a broadcast in packagecom.games.mengmeizhitd requires a permissions review
10-30 21:19:44.092  1540  1746 W BroadcastQueue: Skipping delivery: permission review required for Intent { act=android.intent.action.PACKAGE_ADDED dat=package: flg=0x4000010 (has extras) } from null (pid=1540, uid=1000) to com.games.mengmeizhitd/hjnw.ihjnw.i.isqly
10-30 21:19:44.092  1540  1746 W BroadcastQueue: u0 Receiving a broadcast in packagecom.hgperfko.yaeghrwx requires a permissions review
10-30 21:19:44.092  1540  1746 W BroadcastQueue: Skipping delivery: permission review required for Intent { act=android.intent.action.PACKAGE_ADDED dat=package: flg=0x4000010 (has extras) } from null (pid=1540, uid=1000) to com.hgperfko.yaeghrwx/.core.hLytdCQDBv
10-30 21:19:44.093  1540  1746 W BroadcastQueue: u0 Receiving a broadcast in packagecom.qiuqiu.dfmc requires a permissions review
10-30 21:19:44.093  1540  1746 W BroadcastQueue: Skipping delivery: permission review required for Intent { act=android.intent.action.PACKAGE_ADDED dat=package: flg=0x4000010 (has extras) } from null (pid=1540, uid=1000) to com.qiuqiu.dfmc/cn.jpush.android.service.PushReceiver
10-30 21:19:44.093  1540  1746 W BroadcastQueue: u0 Receiving a broadcast in packagecom.safesys.viruskiller requires a permissions review
10-30 21:19:44.093  1540  1746 W BroadcastQueue: Skipping delivery: permission review required for Intent { act=android.intent.action.PACKAGE_ADDED dat=package: flg=0x4000010 (has extras) } from null (pid=1540, uid=1000) to com.safesys.viruskiller/.ScanPackageBroadcast
10-30 21:19:44.093  1540  1746 W BroadcastQueue: u0 Receiving a broadcast in packagecom.uc108.mobile.sdgj.bd1 requires a permissions review
10-30 21:19:44.093  1540  1746 W BroadcastQueue: Skipping delivery: permission review required for Intent { act=android.intent.action.PACKAGE_ADDED dat=package: flg=0x4000010 (has extras) } from null (pid=1540, uid=1000) to com.uc108.mobile.sdgj.bd1/com.baidu.tiebasdk.service.InstallReceiver
10-30 21:19:44.093  1540  1746 W BroadcastQueue: u0 Receiving a broadcast in packageio.dcloud.H5BC6BF13 requires a permissions review
10-30 21:19:44.093  1540  1746 W BroadcastQueue: Skipping delivery: permission review required for Intent { act=android.intent.action.PACKAGE_ADDED dat=package: flg=0x4000010 (has extras) } from null (pid=1540, uid=1000) to io.dcloud.H5BC6BF13/io.dcloud.common.adapter.io.DownloadReceiver
10-30 21:19:44.094  1540  1540 V BackupManagerConstants: getFullBackupIntervalMilliseconds(...) returns 86400000
10-30 21:19:44.094  1540  1540 V BackupManagerConstants: getFullBackupRequiredNetworkType(...) returns 2
10-30 21:19:44.094  1540  1540 V BackupManagerConstants: getFullBackupRequireCharging(...) returns true
10-30 21:19:44.103  1540  1540 I Telecom : DefaultDialerCache: Refreshing default dialer for user 0: now com.google.android.dialer: DDC.oR@A1A
10-30 21:19:44.117  1540  1745 W WindowMagnificationMgr: requestConnection duplicated request: connect=false, mConnectionState=DISCONNECTED
10-30 21:19:44.159  1540  1745 W PackageManager: Failed registering loading progress callback. Package is fully loaded.
10-30 21:19:44.165  1540  1745 W WindowMagnificationMgr: requestConnection duplicated request: connect=false, mConnectionState=DISCONNECTED
10-30 21:19:44.184  1540  1869 E VerityUtils: Failed to measure fs-verity, errno 1: /data/app/~~V2Kut5NM6UWtjE1u2e0nJA==/com.novaspirit.usbcleaver-jqhIYv2Jm8fyAeIZpSrf_g==/base.apk
10-30 21:19:44.190  1540  5626 D CompatibilityChangeReporter: Compat change id reported: 161252188; UID 10244; state: DISABLED
10-30 21:19:44.212  1540  4192 W BackupTransportManager: Package com.novaspirit.usbcleaver enabled setting: 0
10-30 21:19:44.300  1540  1872 E PackageManager: ERROR: could not load root hash from incremental install
10-30 21:19:44.332  1540  1872 I PackageManager: Integrity check passed for file:///data/app/vmdl183550080.tmp
10-30 21:19:44.442  1540  1729 V StorageManagerService: Package null has legacy storage
10-30 21:19:44.554  1540  1872 V BackupManagerService: [UserID:0] restoreAtInstall pkg=com.voicebianshengjinglingwc.wxl token=37 restoreSet=0
10-30 21:19:44.554  1540  1872 V BackupManagerService: [UserID:0] Finishing install immediately
10-30 21:19:44.560  1540  1872 D PackageInstallerSession: Marking session 183550080 as applied
10-30 21:19:44.562  1540  1872 D CompatibilityChangeReporter: Compat change id reported: 168419799; UID 10245; state: DISABLED
10-30 21:19:44.562  1540  1872 D CompatibilityChangeReporter: Compat change id reported: 273564678; UID 10245; state: DISABLED
10-30 21:19:44.566  1540  2926 D CompatibilityChangeReporter: Compat change id reported: 218533173; UID 10245; state: DISABLED
10-30 21:19:44.569  1540  1540 I Telecom : DefaultDialerCache: Refreshing default dialer for user 0: now com.google.android.dialer: DDC.oR@A1M
10-30 21:19:44.581  1540  5619 W BroadcastQueue: u0 Receiving a broadcast in packagecom.jr.narutoii requires a permissions review
10-30 21:19:44.581  1540  5619 W BroadcastQueue: Skipping delivery: permission review required for Intent { act=android.intent.action.PACKAGE_ADDED dat=package: flg=0x4000010 (has extras) } from null (pid=1540, uid=1000) to com.jr.narutoii/com.joyriver.engine.proxy.EngineReceiver
10-30 21:19:44.581  1540  1746 W BroadcastQueue: u0 Receiving a broadcast in packagecom.android.buyer requires a permissions review
10-30 21:19:44.581  1540  1746 W BroadcastQueue: Skipping delivery: permission review required for Intent { act=android.intent.action.PACKAGE_ADDED dat=package: flg=0x4000010 (has extras) } from null (pid=1540, uid=1000) to com.android.buyer/.mRve
10-30 21:19:44.582  1540  1746 W BroadcastQueue: Background execution not allowed: receiving Intent { act=android.intent.action.PACKAGE_ADDED dat=package: flg=0x4000010 (has extras) } to com.google.android.packageinstaller/com.android.packageinstaller.PackageInstalledReceiver
10-30 21:19:44.582  1540  1746 W BroadcastQueue: Background execution not allowed: receiving Intent { act=android.intent.action.PACKAGE_ADDED dat=package: flg=0x4000010 (has extras) } to com.android.vending/com.google.android.finsky.packagemonitor.impl.PackageMonitorReceiverImpl$RegisteredReceiver
10-30 21:19:44.582  1540  1746 W BroadcastQueue: Background execution not allowed: receiving Intent { act=android.intent.action.PACKAGE_ADDED dat=package: flg=0x4000010 (has extras) } to com.android.vending/com.google.android.finsky.packagemonitor.backgroundimpl.BackgroundPackageMonitorReceiverImpl$RegisteredReceiver
10-30 21:19:44.582  1540  1746 W BroadcastQueue: Background execution not allowed: receiving Intent { act=android.intent.action.PACKAGE_ADDED dat=package: flg=0x4000010 (has extras) } to com.google.android.gms/.games.chimera.GamesSystemBroadcastReceiverProxy
10-30 21:19:44.582  1540  1746 W BroadcastQueue: Background execution not allowed: receiving Intent { act=android.intent.action.PACKAGE_ADDED dat=package: flg=0x4000010 (has extras) } to com.google.android.gms/.gass.chimera.PackageChangeBroadcastReceiver
10-30 21:19:44.582  1540  1746 W BroadcastQueue: Background execution not allowed: receiving Intent { act=android.intent.action.PACKAGE_ADDED dat=package: flg=0x4000010 (has extras) } to com.google.android.gms/.chimera.GmsIntentOperationService$PersistentTrustedReceiver
10-30 21:19:44.582  1540  1746 W BroadcastQueue: Background execution not allowed: receiving Intent { act=android.intent.action.PACKAGE_ADDED dat=package: flg=0x4000010 (has extras) } to com.google.android.googlequicksearchbox/com.google.android.apps.gsa.googlequicksearchbox.GelStubAppWatcher
10-30 21:19:44.582  1540  1746 W BroadcastQueue: u0 Receiving a broadcast in packagecom.cncd.japan.janli.shudu requires a permissions review
10-30 21:19:44.582  1540  1746 W BroadcastQueue: Skipping delivery: permission review required for Intent { act=android.intent.action.PACKAGE_ADDED dat=package: flg=0x4000010 (has extras) } from null (pid=1540, uid=1000) to com.cncd.japan.janli.shudu/net.l.k.r
10-30 21:19:44.582  1540  1746 W BroadcastQueue: u0 Receiving a broadcast in packagecom.cncd.japan.janli.shudu requires a permissions review
10-30 21:19:44.582  1540  1746 W BroadcastQueue: Skipping delivery: permission review required for Intent { act=android.intent.action.PACKAGE_ADDED dat=package: flg=0x4000010 (has extras) } from null (pid=1540, uid=1000) to com.cncd.japan.janli.shudu/com.feiwofour.coverscreen.SR
10-30 21:19:44.582  1540  1746 W BroadcastQueue: u0 Receiving a broadcast in packagecom.games.mengmeizhitd requires a permissions review
10-30 21:19:44.582  1540  1746 W BroadcastQueue: Skipping delivery: permission review required for Intent { act=android.intent.action.PACKAGE_ADDED dat=package: flg=0x4000010 (has extras) } from null (pid=1540, uid=1000) to com.games.mengmeizhitd/hjnw.ihjnw.i.isqly
10-30 21:19:44.582  1540  1746 W BroadcastQueue: u0 Receiving a broadcast in packagecom.hgperfko.yaeghrwx requires a permissions review
10-30 21:19:44.582  1540  1746 W BroadcastQueue: Skipping delivery: permission review required for Intent { act=android.intent.action.PACKAGE_ADDED dat=package: flg=0x4000010 (has extras) } from null (pid=1540, uid=1000) to com.hgperfko.yaeghrwx/.core.hLytdCQDBv
10-30 21:19:44.582  1540  1746 W BroadcastQueue: u0 Receiving a broadcast in packagecom.qiuqiu.dfmc requires a permissions review
10-30 21:19:44.582  1540  1746 W BroadcastQueue: Skipping delivery: permission review required for Intent { act=android.intent.action.PACKAGE_ADDED dat=package: flg=0x4000010 (has extras) } from null (pid=1540, uid=1000) to com.qiuqiu.dfmc/cn.jpush.android.service.PushReceiver
10-30 21:19:44.582  1540  1746 W BroadcastQueue: u0 Receiving a broadcast in packagecom.safesys.viruskiller requires a permissions review
10-30 21:19:44.582  1540  1746 W BroadcastQueue: Skipping delivery: permission review required for Intent { act=android.intent.action.PACKAGE_ADDED dat=package: flg=0x4000010 (has extras) } from null (pid=1540, uid=1000) to com.safesys.viruskiller/.ScanPackageBroadcast
10-30 21:19:44.583  1540  1746 W BroadcastQueue: u0 Receiving a broadcast in packagecom.uc108.mobile.sdgj.bd1 requires a permissions review
10-30 21:19:44.583  1540  1746 W BroadcastQueue: Skipping delivery: permission review required for Intent { act=android.intent.action.PACKAGE_ADDED dat=package: flg=0x4000010 (has extras) } from null (pid=1540, uid=1000) to com.uc108.mobile.sdgj.bd1/com.baidu.tiebasdk.service.InstallReceiver
10-30 21:19:44.583  1540  1746 W BroadcastQueue: u0 Receiving a broadcast in packageio.dcloud.H5BC6BF13 requires a permissions review
10-30 21:19:44.583  1540  1746 W BroadcastQueue: Skipping delivery: permission review required for Intent { act=android.intent.action.PACKAGE_ADDED dat=package: flg=0x4000010 (has extras) } from null (pid=1540, uid=1000) to io.dcloud.H5BC6BF13/io.dcloud.common.adapter.io.DownloadReceiver
10-30 21:19:44.593  1540  1869 E VerityUtils: Failed to measure fs-verity, errno 1: /data/app/~~X0qBvsrS4iAWVABHRKRWQw==/com.voicebianshengjinglingwc.wxl-isjL1SH8-dV--2b3k6zCUg==/base.apk
10-30 21:19:44.595  1540  1540 V BackupManagerConstants: getFullBackupIntervalMilliseconds(...) returns 86400000
10-30 21:19:44.595  1540  1540 V BackupManagerConstants: getFullBackupRequiredNetworkType(...) returns 2
10-30 21:19:44.595  1540  1540 V BackupManagerConstants: getFullBackupRequireCharging(...) returns true
10-30 21:19:44.602  1540  1745 W WindowMagnificationMgr: requestConnection duplicated request: connect=false, mConnectionState=DISCONNECTED
10-30 21:19:44.631  1540  1540 I Telecom : DefaultDialerCache: Refreshing default dialer for user 0: now com.google.android.dialer: DDC.oR@A1Q
10-30 21:19:44.639  1540  4192 W BackupTransportManager: Package com.voicebianshengjinglingwc.wxl enabled setting: 0
10-30 21:19:44.646  1540  1745 W PackageManager: Failed registering loading progress callback. Package is fully loaded.
10-30 21:19:44.655  1540  1745 W WindowMagnificationMgr: requestConnection duplicated request: connect=false, mConnectionState=DISCONNECTED
10-30 21:19:44.657  1540  5630 D CompatibilityChangeReporter: Compat change id reported: 161252188; UID 10245; state: DISABLED
10-30 21:19:44.698  1540  1872 E PackageManager: ERROR: could not load root hash from incremental install
10-30 21:19:44.713  1540  2049 W PackageParsing: Ignoring duplicate uses-permissions/uses-permissions-sdk-m: android.permission.DISABLE_KEYGUARD in package: zqgd.bwqay.wekcq at: Binary XML file line #22
10-30 21:19:44.729  1540  1872 I PackageManager: Integrity check passed for file:///data/app/vmdl1932180451.tmp
10-30 21:19:44.755  1540  1872 W PackageParsing: Ignoring duplicate uses-permissions/uses-permissions-sdk-m: android.permission.DISABLE_KEYGUARD in package: zqgd.bwqay.wekcq at: Binary XML file line #22
10-30 21:19:44.831  1540  1729 V StorageManagerService: Package null has legacy storage
10-30 21:19:44.964  1540  1872 V BackupManagerService: [UserID:0] restoreAtInstall pkg=zqgd.bwqay.wekcq token=38 restoreSet=0
10-30 21:19:44.964  1540  1872 V BackupManagerService: [UserID:0] Finishing install immediately
10-30 21:19:44.966  1540  1872 D PackageInstallerSession: Marking session 1932180451 as applied
10-30 21:19:44.971  1540  1872 D CompatibilityChangeReporter: Compat change id reported: 168419799; UID 10246; state: DISABLED
10-30 21:19:44.971  1540  1872 D CompatibilityChangeReporter: Compat change id reported: 273564678; UID 10246; state: DISABLED
10-30 21:19:44.976  1540  2926 D CompatibilityChangeReporter: Compat change id reported: 218533173; UID 10246; state: DISABLED
10-30 21:19:44.981  1540  1746 W BroadcastQueue: u0 Receiving a broadcast in packagecom.jr.narutoii requires a permissions review
10-30 21:19:44.982  1540  1746 W BroadcastQueue: Skipping delivery: permission review required for Intent { act=android.intent.action.PACKAGE_ADDED dat=package: flg=0x4000010 (has extras) } from null (pid=1540, uid=1000) to com.jr.narutoii/com.joyriver.engine.proxy.EngineReceiver
10-30 21:19:44.982  1540  1746 W BroadcastQueue: u0 Receiving a broadcast in packagecom.android.buyer requires a permissions review
10-30 21:19:44.982  1540  1746 W BroadcastQueue: Skipping delivery: permission review required for Intent { act=android.intent.action.PACKAGE_ADDED dat=package: flg=0x4000010 (has extras) } from null (pid=1540, uid=1000) to com.android.buyer/.mRve
10-30 21:19:44.982  1540  1746 W BroadcastQueue: Background execution not allowed: receiving Intent { act=android.intent.action.PACKAGE_ADDED dat=package: flg=0x4000010 (has extras) } to com.google.android.packageinstaller/com.android.packageinstaller.PackageInstalledReceiver
10-30 21:19:44.982  1540  1746 W BroadcastQueue: Background execution not allowed: receiving Intent { act=android.intent.action.PACKAGE_ADDED dat=package: flg=0x4000010 (has extras) } to com.android.vending/com.google.android.finsky.packagemonitor.impl.PackageMonitorReceiverImpl$RegisteredReceiver
10-30 21:19:44.982  1540  1746 W BroadcastQueue: Background execution not allowed: receiving Intent { act=android.intent.action.PACKAGE_ADDED dat=package: flg=0x4000010 (has extras) } to com.android.vending/com.google.android.finsky.packagemonitor.backgroundimpl.BackgroundPackageMonitorReceiverImpl$RegisteredReceiver
10-30 21:19:44.982  1540  1746 W BroadcastQueue: Background execution not allowed: receiving Intent { act=android.intent.action.PACKAGE_ADDED dat=package: flg=0x4000010 (has extras) } to com.google.android.gms/.games.chimera.GamesSystemBroadcastReceiverProxy
10-30 21:19:44.982  1540  1746 W BroadcastQueue: Background execution not allowed: receiving Intent { act=android.intent.action.PACKAGE_ADDED dat=package: flg=0x4000010 (has extras) } to com.google.android.gms/.gass.chimera.PackageChangeBroadcastReceiver
10-30 21:19:44.983  1540  1746 W BroadcastQueue: Background execution not allowed: receiving Intent { act=android.intent.action.PACKAGE_ADDED dat=package: flg=0x4000010 (has extras) } to com.google.android.gms/.chimera.GmsIntentOperationService$PersistentTrustedReceiver
10-30 21:19:44.983  1540  1746 W BroadcastQueue: Background execution not allowed: receiving Intent { act=android.intent.action.PACKAGE_ADDED dat=package: flg=0x4000010 (has extras) } to com.google.android.googlequicksearchbox/com.google.android.apps.gsa.googlequicksearchbox.GelStubAppWatcher
10-30 21:19:44.983  1540  1746 W BroadcastQueue: u0 Receiving a broadcast in packagecom.cncd.japan.janli.shudu requires a permissions review
10-30 21:19:44.983  1540  1746 W BroadcastQueue: Skipping delivery: permission review required for Intent { act=android.intent.action.PACKAGE_ADDED dat=package: flg=0x4000010 (has extras) } from null (pid=1540, uid=1000) to com.cncd.japan.janli.shudu/net.l.k.r
10-30 21:19:44.983  1540  1746 W BroadcastQueue: u0 Receiving a broadcast in packagecom.cncd.japan.janli.shudu requires a permissions review
10-30 21:19:44.983  1540  1746 W BroadcastQueue: Skipping delivery: permission review required for Intent { act=android.intent.action.PACKAGE_ADDED dat=package: flg=0x4000010 (has extras) } from null (pid=1540, uid=1000) to com.cncd.japan.janli.shudu/com.feiwofour.coverscreen.SR
10-30 21:19:44.983  1540  1746 W BroadcastQueue: u0 Receiving a broadcast in packagecom.games.mengmeizhitd requires a permissions review
10-30 21:19:44.983  1540  1746 W BroadcastQueue: Skipping delivery: permission review required for Intent { act=android.intent.action.PACKAGE_ADDED dat=package: flg=0x4000010 (has extras) } from null (pid=1540, uid=1000) to com.games.mengmeizhitd/hjnw.ihjnw.i.isqly
10-30 21:19:44.983  1540  1746 W BroadcastQueue: u0 Receiving a broadcast in packagecom.hgperfko.yaeghrwx requires a permissions review
10-30 21:19:44.983  1540  1746 W BroadcastQueue: Skipping delivery: permission review required for Intent { act=android.intent.action.PACKAGE_ADDED dat=package: flg=0x4000010 (has extras) } from null (pid=1540, uid=1000) to com.hgperfko.yaeghrwx/.core.hLytdCQDBv
10-30 21:19:44.983  1540  1746 W BroadcastQueue: u0 Receiving a broadcast in packagecom.qiuqiu.dfmc requires a permissions review
10-30 21:19:44.983  1540  1746 W BroadcastQueue: Skipping delivery: permission review required for Intent { act=android.intent.action.PACKAGE_ADDED dat=package: flg=0x4000010 (has extras) } from null (pid=1540, uid=1000) to com.qiuqiu.dfmc/cn.jpush.android.service.PushReceiver
10-30 21:19:44.983  1540  1746 W BroadcastQueue: u0 Receiving a broadcast in packagecom.safesys.viruskiller requires a permissions review
10-30 21:19:44.983  1540  1746 W BroadcastQueue: Skipping delivery: permission review required for Intent { act=android.intent.action.PACKAGE_ADDED dat=package: flg=0x4000010 (has extras) } from null (pid=1540, uid=1000) to com.safesys.viruskiller/.ScanPackageBroadcast
10-30 21:19:44.990  1540  1746 W BroadcastQueue: u0 Receiving a broadcast in packagecom.uc108.mobile.sdgj.bd1 requires a permissions review
10-30 21:19:44.990  1540  1746 W BroadcastQueue: Skipping delivery: permission review required for Intent { act=android.intent.action.PACKAGE_ADDED dat=package: flg=0x4000010 (has extras) } from null (pid=1540, uid=1000) to com.uc108.mobile.sdgj.bd1/com.baidu.tiebasdk.service.InstallReceiver
10-30 21:19:44.990  1540  1746 W BroadcastQueue: u0 Receiving a broadcast in packagecom.voicebianshengjinglingwc.wxl requires a permissions review
10-30 21:19:44.990  1540  1746 W BroadcastQueue: Skipping delivery: permission review required for Intent { act=android.intent.action.PACKAGE_ADDED dat=package: flg=0x4000010 (has extras) } from null (pid=1540, uid=1000) to com.voicebianshengjinglingwc.wxl/mp.ruu.Ztjjwrj
10-30 21:19:44.990  1540  1746 W BroadcastQueue: u0 Receiving a broadcast in packageio.dcloud.H5BC6BF13 requires a permissions review
10-30 21:19:44.990  1540  1746 W BroadcastQueue: Skipping delivery: permission review required for Intent { act=android.intent.action.PACKAGE_ADDED dat=package: flg=0x4000010 (has extras) } from null (pid=1540, uid=1000) to io.dcloud.H5BC6BF13/io.dcloud.common.adapter.io.DownloadReceiver
10-30 21:19:44.999  1540  1540 I Telecom : DefaultDialerCache: Refreshing default dialer for user 0: now com.google.android.dialer: DDC.oR@A1c
10-30 21:19:45.007  1540  1540 V BackupManagerConstants: getFullBackupIntervalMilliseconds(...) returns 86400000
10-30 21:19:45.007  1540  1540 V BackupManagerConstants: getFullBackupRequiredNetworkType(...) returns 2
10-30 21:19:45.007  1540  1540 V BackupManagerConstants: getFullBackupRequireCharging(...) returns true
10-30 21:19:45.017  1540  1869 E VerityUtils: Failed to measure fs-verity, errno 1: /data/app/~~FAFYU35Q2B8ks27Dy-ru2Q==/zqgd.bwqay.wekcq-CByNBeDKSXdfqNdO0RRUEg==/base.apk
10-30 21:19:45.032  1540  1745 W WindowMagnificationMgr: requestConnection duplicated request: connect=false, mConnectionState=DISCONNECTED
10-30 21:19:45.040  1540  5620 D CompatibilityChangeReporter: Compat change id reported: 161252188; UID 10246; state: DISABLED
10-30 21:19:45.051  1540  1540 I Telecom : DefaultDialerCache: Refreshing default dialer for user 0: now com.google.android.dialer: DDC.oR@A1g
10-30 21:19:45.078  1540  4192 W BackupTransportManager: Package zqgd.bwqay.wekcq enabled setting: 0
10-30 21:19:45.083  1540  1745 W PackageManager: Failed registering loading progress callback. Package is fully loaded.
10-30 21:19:45.084  1540  1872 E PackageManager: ERROR: could not load root hash from incremental install
10-30 21:19:45.089  1540  1745 W WindowMagnificationMgr: requestConnection duplicated request: connect=false, mConnectionState=DISCONNECTED
10-30 21:19:45.103  1540  1872 I PackageManager: Integrity check passed for file:///data/app/vmdl1731833547.tmp
10-30 21:19:45.376  1540  1872 V BackupManagerService: [UserID:0] restoreAtInstall pkg=com.gone60 token=39 restoreSet=0
10-30 21:19:45.376  1540  1872 V BackupManagerService: [UserID:0] Finishing install immediately
10-30 21:19:45.377  1540  1872 D PackageInstallerSession: Marking session 1731833547 as applied
10-30 21:19:45.386  1540  1872 D CompatibilityChangeReporter: Compat change id reported: 168419799; UID 10247; state: DISABLED
10-30 21:19:45.386  1540  1872 D CompatibilityChangeReporter: Compat change id reported: 273564678; UID 10247; state: DISABLED
10-30 21:19:45.391  1540  2926 D CompatibilityChangeReporter: Compat change id reported: 218533173; UID 10247; state: DISABLED
10-30 21:19:45.399  1540  1540 I Telecom : DefaultDialerCache: Refreshing default dialer for user 0: now com.google.android.dialer: DDC.oR@A1s
10-30 21:19:45.401  1540  1746 W BroadcastQueue: u0 Receiving a broadcast in packagecom.jr.narutoii requires a permissions review
10-30 21:19:45.401  1540  1746 W BroadcastQueue: Skipping delivery: permission review required for Intent { act=android.intent.action.PACKAGE_ADDED dat=package: flg=0x4000010 (has extras) } from null (pid=1540, uid=1000) to com.jr.narutoii/com.joyriver.engine.proxy.EngineReceiver
10-30 21:19:45.402  1540  1540 V BackupManagerConstants: getFullBackupIntervalMilliseconds(...) returns 86400000
10-30 21:19:45.402  1540  1540 V BackupManagerConstants: getFullBackupRequiredNetworkType(...) returns 2
10-30 21:19:45.402  1540  1540 V BackupManagerConstants: getFullBackupRequireCharging(...) returns true
10-30 21:19:45.407  1540  1746 W BroadcastQueue: u0 Receiving a broadcast in packagecom.android.buyer requires a permissions review
10-30 21:19:45.408  1540  1746 W BroadcastQueue: Skipping delivery: permission review required for Intent { act=android.intent.action.PACKAGE_ADDED dat=package: flg=0x4000010 (has extras) } from null (pid=1540, uid=1000) to com.android.buyer/.mRve
10-30 21:19:45.408  1540  1746 W BroadcastQueue: Background execution not allowed: receiving Intent { act=android.intent.action.PACKAGE_ADDED dat=package: flg=0x4000010 (has extras) } to com.google.android.packageinstaller/com.android.packageinstaller.PackageInstalledReceiver
10-30 21:19:45.408  1540  1746 W BroadcastQueue: Background execution not allowed: receiving Intent { act=android.intent.action.PACKAGE_ADDED dat=package: flg=0x4000010 (has extras) } to com.android.vending/com.google.android.finsky.packagemonitor.impl.PackageMonitorReceiverImpl$RegisteredReceiver
10-30 21:19:45.408  1540  1746 W BroadcastQueue: Background execution not allowed: receiving Intent { act=android.intent.action.PACKAGE_ADDED dat=package: flg=0x4000010 (has extras) } to com.android.vending/com.google.android.finsky.packagemonitor.backgroundimpl.BackgroundPackageMonitorReceiverImpl$RegisteredReceiver
10-30 21:19:45.408  1540  1746 W BroadcastQueue: Background execution not allowed: receiving Intent { act=android.intent.action.PACKAGE_ADDED dat=package: flg=0x4000010 (has extras) } to com.google.android.gms/.games.chimera.GamesSystemBroadcastReceiverProxy
10-30 21:19:45.408  1540  1746 W BroadcastQueue: Background execution not allowed: receiving Intent { act=android.intent.action.PACKAGE_ADDED dat=package: flg=0x4000010 (has extras) } to com.google.android.gms/.gass.chimera.PackageChangeBroadcastReceiver
10-30 21:19:45.408  1540  1746 W BroadcastQueue: Background execution not allowed: receiving Intent { act=android.intent.action.PACKAGE_ADDED dat=package: flg=0x4000010 (has extras) } to com.google.android.gms/.chimera.GmsIntentOperationService$PersistentTrustedReceiver
10-30 21:19:45.408  1540  1746 W BroadcastQueue: Background execution not allowed: receiving Intent { act=android.intent.action.PACKAGE_ADDED dat=package: flg=0x4000010 (has extras) } to com.google.android.googlequicksearchbox/com.google.android.apps.gsa.googlequicksearchbox.GelStubAppWatcher
10-30 21:19:45.408  1540  1746 W BroadcastQueue: u0 Receiving a broadcast in packagecom.cncd.japan.janli.shudu requires a permissions review
10-30 21:19:45.408  1540  1746 W BroadcastQueue: Skipping delivery: permission review required for Intent { act=android.intent.action.PACKAGE_ADDED dat=package: flg=0x4000010 (has extras) } from null (pid=1540, uid=1000) to com.cncd.japan.janli.shudu/net.l.k.r
10-30 21:19:45.408  1540  1746 W BroadcastQueue: u0 Receiving a broadcast in packagecom.cncd.japan.janli.shudu requires a permissions review
10-30 21:19:45.408  1540  1746 W BroadcastQueue: Skipping delivery: permission review required for Intent { act=android.intent.action.PACKAGE_ADDED dat=package: flg=0x4000010 (has extras) } from null (pid=1540, uid=1000) to com.cncd.japan.janli.shudu/com.feiwofour.coverscreen.SR
10-30 21:19:45.408  1540  1746 W BroadcastQueue: u0 Receiving a broadcast in packagecom.games.mengmeizhitd requires a permissions review
10-30 21:19:45.408  1540  1746 W BroadcastQueue: Skipping delivery: permission review required for Intent { act=android.intent.action.PACKAGE_ADDED dat=package: flg=0x4000010 (has extras) } from null (pid=1540, uid=1000) to com.games.mengmeizhitd/hjnw.ihjnw.i.isqly
10-30 21:19:45.408  1540  1746 W BroadcastQueue: u0 Receiving a broadcast in packagecom.hgperfko.yaeghrwx requires a permissions review
10-30 21:19:45.408  1540  1746 W BroadcastQueue: Skipping delivery: permission review required for Intent { act=android.intent.action.PACKAGE_ADDED dat=package: flg=0x4000010 (has extras) } from null (pid=1540, uid=1000) to com.hgperfko.yaeghrwx/.core.hLytdCQDBv
10-30 21:19:45.408  1540  1746 W BroadcastQueue: u0 Receiving a broadcast in packagecom.qiuqiu.dfmc requires a permissions review
10-30 21:19:45.409  1540  1746 W BroadcastQueue: Skipping delivery: permission review required for Intent { act=android.intent.action.PACKAGE_ADDED dat=package: flg=0x4000010 (has extras) } from null (pid=1540, uid=1000) to com.qiuqiu.dfmc/cn.jpush.android.service.PushReceiver
10-30 21:19:45.409  1540  1746 W BroadcastQueue: u0 Receiving a broadcast in packagecom.safesys.viruskiller requires a permissions review
10-30 21:19:45.409  1540  1746 W BroadcastQueue: Skipping delivery: permission review required for Intent { act=android.intent.action.PACKAGE_ADDED dat=package: flg=0x4000010 (has extras) } from null (pid=1540, uid=1000) to com.safesys.viruskiller/.ScanPackageBroadcast
10-30 21:19:45.409  1540  1746 W BroadcastQueue: u0 Receiving a broadcast in packagecom.uc108.mobile.sdgj.bd1 requires a permissions review
10-30 21:19:45.409  1540  1746 W BroadcastQueue: Skipping delivery: permission review required for Intent { act=android.intent.action.PACKAGE_ADDED dat=package: flg=0x4000010 (has extras) } from null (pid=1540, uid=1000) to com.uc108.mobile.sdgj.bd1/com.baidu.tiebasdk.service.InstallReceiver
10-30 21:19:45.409  1540  1746 W BroadcastQueue: u0 Receiving a broadcast in packagecom.voicebianshengjinglingwc.wxl requires a permissions review
10-30 21:19:45.409  1540  1746 W BroadcastQueue: Skipping delivery: permission review required for Intent { act=android.intent.action.PACKAGE_ADDED dat=package: flg=0x4000010 (has extras) } from null (pid=1540, uid=1000) to com.voicebianshengjinglingwc.wxl/mp.ruu.Ztjjwrj
10-30 21:19:45.409  1540  1746 W BroadcastQueue: u0 Receiving a broadcast in packageio.dcloud.H5BC6BF13 requires a permissions review
10-30 21:19:45.409  1540  1746 W BroadcastQueue: Skipping delivery: permission review required for Intent { act=android.intent.action.PACKAGE_ADDED dat=package: flg=0x4000010 (has extras) } from null (pid=1540, uid=1000) to io.dcloud.H5BC6BF13/io.dcloud.common.adapter.io.DownloadReceiver
10-30 21:19:45.424  1540  1540 I Telecom : DefaultDialerCache: Refreshing default dialer for user 0: now com.google.android.dialer: DDC.oR@A1w
10-30 21:19:45.426  1540  1745 W WindowMagnificationMgr: requestConnection duplicated request: connect=false, mConnectionState=DISCONNECTED
10-30 21:19:45.428  1540  4192 W BackupTransportManager: Package com.gone60 enabled setting: 0
10-30 21:19:45.466  1540  1872 E PackageManager: ERROR: could not load root hash from incremental install
10-30 21:19:45.480  1540  2049 W PackageParsing: Ignoring duplicate uses-permissions/uses-permissions-sdk-m: android.permission.DISABLE_KEYGUARD in package: com.pqas.xrzm at: Binary XML file line #24
10-30 21:19:45.490  1540  1745 W PackageManager: Failed registering loading progress callback. Package is fully loaded.
10-30 21:19:45.500  1540  1745 W WindowMagnificationMgr: requestConnection duplicated request: connect=false, mConnectionState=DISCONNECTED
10-30 21:19:45.501  1540  1869 E VerityUtils: Failed to measure fs-verity, errno 1: /data/app/~~-Hd8DAHtoEWd8SdEbExiyQ==/com.gone60-IJs_BTDR7uVzj8ysdlO38Q==/base.apk
10-30 21:19:45.502  1540  5618 D CompatibilityChangeReporter: Compat change id reported: 161252188; UID 10247; state: DISABLED
10-30 21:19:45.530  1540  1872 I PackageManager: Integrity check passed for file:///data/app/vmdl1947197977.tmp
10-30 21:19:45.628  1540  1872 W PackageParsing: Ignoring duplicate uses-permissions/uses-permissions-sdk-m: android.permission.DISABLE_KEYGUARD in package: com.pqas.xrzm at: Binary XML file line #24
10-30 21:19:45.706  1540  1729 V StorageManagerService: Package null has legacy storage
10-30 21:19:45.829  1540  1872 V BackupManagerService: [UserID:0] restoreAtInstall pkg=com.pqas.xrzm token=3a restoreSet=0
10-30 21:19:45.830  1540  1872 V BackupManagerService: [UserID:0] Finishing install immediately
10-30 21:19:45.835  1540  1872 D PackageInstallerSession: Marking session 1947197977 as applied
10-30 21:19:45.840  1540  1872 D CompatibilityChangeReporter: Compat change id reported: 168419799; UID 10248; state: DISABLED
10-30 21:19:45.840  1540  1872 D CompatibilityChangeReporter: Compat change id reported: 273564678; UID 10248; state: DISABLED
10-30 21:19:45.844  1540  2926 D CompatibilityChangeReporter: Compat change id reported: 218533173; UID 10248; state: DISABLED
10-30 21:19:45.851  1540  5618 W BroadcastQueue: u0 Receiving a broadcast in packagecom.jr.narutoii requires a permissions review
10-30 21:19:45.851  1540  5618 W BroadcastQueue: Skipping delivery: permission review required for Intent { act=android.intent.action.PACKAGE_ADDED dat=package: flg=0x4000010 (has extras) } from null (pid=1540, uid=1000) to com.jr.narutoii/com.joyriver.engine.proxy.EngineReceiver
10-30 21:19:45.853  1540  1540 I Telecom : DefaultDialerCache: Refreshing default dialer for user 0: now com.google.android.dialer: DDC.oR@A18
10-30 21:19:45.863  1540  1540 V BackupManagerConstants: getFullBackupIntervalMilliseconds(...) returns 86400000
10-30 21:19:45.863  1540  1540 V BackupManagerConstants: getFullBackupRequiredNetworkType(...) returns 2
10-30 21:19:45.864  1540  1540 V BackupManagerConstants: getFullBackupRequireCharging(...) returns true
10-30 21:19:45.867  1540  1746 W BroadcastQueue: u0 Receiving a broadcast in packagecom.android.buyer requires a permissions review
10-30 21:19:45.867  1540  1746 W BroadcastQueue: Skipping delivery: permission review required for Intent { act=android.intent.action.PACKAGE_ADDED dat=package: flg=0x4000010 (has extras) } from null (pid=1540, uid=1000) to com.android.buyer/.mRve
10-30 21:19:45.867  1540  1746 W BroadcastQueue: Background execution not allowed: receiving Intent { act=android.intent.action.PACKAGE_ADDED dat=package: flg=0x4000010 (has extras) } to com.google.android.packageinstaller/com.android.packageinstaller.PackageInstalledReceiver
10-30 21:19:45.868  1540  1746 W BroadcastQueue: Background execution not allowed: receiving Intent { act=android.intent.action.PACKAGE_ADDED dat=package: flg=0x4000010 (has extras) } to com.android.vending/com.google.android.finsky.packagemonitor.impl.PackageMonitorReceiverImpl$RegisteredReceiver
10-30 21:19:45.868  1540  1746 W BroadcastQueue: Background execution not allowed: receiving Intent { act=android.intent.action.PACKAGE_ADDED dat=package: flg=0x4000010 (has extras) } to com.android.vending/com.google.android.finsky.packagemonitor.backgroundimpl.BackgroundPackageMonitorReceiverImpl$RegisteredReceiver
10-30 21:19:45.868  1540  1746 W BroadcastQueue: Background execution not allowed: receiving Intent { act=android.intent.action.PACKAGE_ADDED dat=package: flg=0x4000010 (has extras) } to com.google.android.gms/.games.chimera.GamesSystemBroadcastReceiverProxy
10-30 21:19:45.868  1540  1746 W BroadcastQueue: Background execution not allowed: receiving Intent { act=android.intent.action.PACKAGE_ADDED dat=package: flg=0x4000010 (has extras) } to com.google.android.gms/.gass.chimera.PackageChangeBroadcastReceiver
10-30 21:19:45.868  1540  1746 W BroadcastQueue: Background execution not allowed: receiving Intent { act=android.intent.action.PACKAGE_ADDED dat=package: flg=0x4000010 (has extras) } to com.google.android.gms/.chimera.GmsIntentOperationService$PersistentTrustedReceiver
10-30 21:19:45.868  1540  1746 W BroadcastQueue: Background execution not allowed: receiving Intent { act=android.intent.action.PACKAGE_ADDED dat=package: flg=0x4000010 (has extras) } to com.google.android.googlequicksearchbox/com.google.android.apps.gsa.googlequicksearchbox.GelStubAppWatcher
10-30 21:19:45.868  1540  1746 W BroadcastQueue: u0 Receiving a broadcast in packagecom.cncd.japan.janli.shudu requires a permissions review
10-30 21:19:45.868  1540  1746 W BroadcastQueue: Skipping delivery: permission review required for Intent { act=android.intent.action.PACKAGE_ADDED dat=package: flg=0x4000010 (has extras) } from null (pid=1540, uid=1000) to com.cncd.japan.janli.shudu/net.l.k.r
10-30 21:19:45.868  1540  1746 W BroadcastQueue: u0 Receiving a broadcast in packagecom.cncd.japan.janli.shudu requires a permissions review
10-30 21:19:45.868  1540  1746 W BroadcastQueue: Skipping delivery: permission review required for Intent { act=android.intent.action.PACKAGE_ADDED dat=package: flg=0x4000010 (has extras) } from null (pid=1540, uid=1000) to com.cncd.japan.janli.shudu/com.feiwofour.coverscreen.SR
10-30 21:19:45.868  1540  1746 W BroadcastQueue: u0 Receiving a broadcast in packagecom.games.mengmeizhitd requires a permissions review
10-30 21:19:45.868  1540  1746 W BroadcastQueue: Skipping delivery: permission review required for Intent { act=android.intent.action.PACKAGE_ADDED dat=package: flg=0x4000010 (has extras) } from null (pid=1540, uid=1000) to com.games.mengmeizhitd/hjnw.ihjnw.i.isqly
10-30 21:19:45.868  1540  1746 W BroadcastQueue: u0 Receiving a broadcast in packagecom.hgperfko.yaeghrwx requires a permissions review
10-30 21:19:45.868  1540  1746 W BroadcastQueue: Skipping delivery: permission review required for Intent { act=android.intent.action.PACKAGE_ADDED dat=package: flg=0x4000010 (has extras) } from null (pid=1540, uid=1000) to com.hgperfko.yaeghrwx/.core.hLytdCQDBv
10-30 21:19:45.868  1540  1746 W BroadcastQueue: u0 Receiving a broadcast in packagecom.qiuqiu.dfmc requires a permissions review
10-30 21:19:45.869  1540  1746 W BroadcastQueue: Skipping delivery: permission review required for Intent { act=android.intent.action.PACKAGE_ADDED dat=package: flg=0x4000010 (has extras) } from null (pid=1540, uid=1000) to com.qiuqiu.dfmc/cn.jpush.android.service.PushReceiver
10-30 21:19:45.869  1540  1746 W BroadcastQueue: u0 Receiving a broadcast in packagecom.safesys.viruskiller requires a permissions review
10-30 21:19:45.869  1540  1746 W BroadcastQueue: Skipping delivery: permission review required for Intent { act=android.intent.action.PACKAGE_ADDED dat=package: flg=0x4000010 (has extras) } from null (pid=1540, uid=1000) to com.safesys.viruskiller/.ScanPackageBroadcast
10-30 21:19:45.869  1540  1746 W BroadcastQueue: u0 Receiving a broadcast in packagecom.uc108.mobile.sdgj.bd1 requires a permissions review
10-30 21:19:45.869  1540  1746 W BroadcastQueue: Skipping delivery: permission review required for Intent { act=android.intent.action.PACKAGE_ADDED dat=package: flg=0x4000010 (has extras) } from null (pid=1540, uid=1000) to com.uc108.mobile.sdgj.bd1/com.baidu.tiebasdk.service.InstallReceiver
10-30 21:19:45.869  1540  1746 W BroadcastQueue: u0 Receiving a broadcast in packagecom.voicebianshengjinglingwc.wxl requires a permissions review
10-30 21:19:45.869  1540  1746 W BroadcastQueue: Skipping delivery: permission review required for Intent { act=android.intent.action.PACKAGE_ADDED dat=package: flg=0x4000010 (has extras) } from null (pid=1540, uid=1000) to com.voicebianshengjinglingwc.wxl/mp.ruu.Ztjjwrj
10-30 21:19:45.869  1540  1746 W BroadcastQueue: u0 Receiving a broadcast in packageio.dcloud.H5BC6BF13 requires a permissions review
10-30 21:19:45.869  1540  1746 W BroadcastQueue: Skipping delivery: permission review required for Intent { act=android.intent.action.PACKAGE_ADDED dat=package: flg=0x4000010 (has extras) } from null (pid=1540, uid=1000) to io.dcloud.H5BC6BF13/io.dcloud.common.adapter.io.DownloadReceiver
10-30 21:19:45.878  1540  1745 W WindowMagnificationMgr: requestConnection duplicated request: connect=false, mConnectionState=DISCONNECTED
10-30 21:19:45.885  1540  1869 E VerityUtils: Failed to measure fs-verity, errno 1: /data/app/~~ghmVxRDjrZwoqp2mMvqiOg==/com.pqas.xrzm-V2bYoOvp2-B1DLUGyRlDUA==/base.apk
10-30 21:19:45.886  1540  1540 I Telecom : DefaultDialerCache: Refreshing default dialer for user 0: now com.google.android.dialer: DDC.oR@A2A
10-30 21:19:45.886  1540  4192 W BackupTransportManager: Package com.pqas.xrzm enabled setting: 0
10-30 21:19:45.909  1540  5622 D CompatibilityChangeReporter: Compat change id reported: 161252188; UID 10248; state: DISABLED
10-30 21:19:45.921  1540  1745 W PackageManager: Failed registering loading progress callback. Package is fully loaded.
10-30 21:19:45.927  1540  1745 W WindowMagnificationMgr: requestConnection duplicated request: connect=false, mConnectionState=DISCONNECTED
10-30 21:19:46.491  1540  1872 E PackageManager: ERROR: could not load root hash from incremental install
10-30 21:19:46.500  1540  1872 I PackageManager: Integrity check passed for file:///data/app/vmdl1375428452.tmp
10-30 21:19:46.906  1540  1872 V BackupManagerService: [UserID:0] restoreAtInstall pkg=com.kbwork.dygaqy token=3b restoreSet=0
10-30 21:19:46.907  1540  1872 V BackupManagerService: [UserID:0] Finishing install immediately
10-30 21:19:46.908  1540  1872 D PackageInstallerSession: Marking session 1375428452 as applied
10-30 21:19:46.910  1540  1872 D CompatibilityChangeReporter: Compat change id reported: 168419799; UID 10249; state: DISABLED
10-30 21:19:46.910  1540  1872 D CompatibilityChangeReporter: Compat change id reported: 273564678; UID 10249; state: DISABLED
10-30 21:19:46.918  1540  1540 I Telecom : DefaultDialerCache: Refreshing default dialer for user 0: now com.google.android.dialer: DDC.oR@A2M
10-30 21:19:46.921  1540  3218 W BroadcastQueue: u0 Receiving a broadcast in packagecom.jr.narutoii requires a permissions review
10-30 21:19:46.921  1540  3218 W BroadcastQueue: Skipping delivery: permission review required for Intent { act=android.intent.action.PACKAGE_ADDED dat=package: flg=0x4000010 (has extras) } from null (pid=1540, uid=1000) to com.jr.narutoii/com.joyriver.engine.proxy.EngineReceiver
10-30 21:19:46.922  1540  1746 W BroadcastQueue: u0 Receiving a broadcast in packagecom.android.buyer requires a permissions review
10-30 21:19:46.923  1540  1746 W BroadcastQueue: Skipping delivery: permission review required for Intent { act=android.intent.action.PACKAGE_ADDED dat=package: flg=0x4000010 (has extras) } from null (pid=1540, uid=1000) to com.android.buyer/.mRve
10-30 21:19:46.923  1540  1746 W BroadcastQueue: Background execution not allowed: receiving Intent { act=android.intent.action.PACKAGE_ADDED dat=package: flg=0x4000010 (has extras) } to com.google.android.packageinstaller/com.android.packageinstaller.PackageInstalledReceiver
10-30 21:19:46.923  1540  1746 W BroadcastQueue: Background execution not allowed: receiving Intent { act=android.intent.action.PACKAGE_ADDED dat=package: flg=0x4000010 (has extras) } to com.android.vending/com.google.android.finsky.packagemonitor.impl.PackageMonitorReceiverImpl$RegisteredReceiver
10-30 21:19:46.923  1540  1746 W BroadcastQueue: Background execution not allowed: receiving Intent { act=android.intent.action.PACKAGE_ADDED dat=package: flg=0x4000010 (has extras) } to com.android.vending/com.google.android.finsky.packagemonitor.backgroundimpl.BackgroundPackageMonitorReceiverImpl$RegisteredReceiver
10-30 21:19:46.923  1540  1746 W BroadcastQueue: Background execution not allowed: receiving Intent { act=android.intent.action.PACKAGE_ADDED dat=package: flg=0x4000010 (has extras) } to com.google.android.gms/.games.chimera.GamesSystemBroadcastReceiverProxy
10-30 21:19:46.923  1540  1746 W BroadcastQueue: Background execution not allowed: receiving Intent { act=android.intent.action.PACKAGE_ADDED dat=package: flg=0x4000010 (has extras) } to com.google.android.gms/.gass.chimera.PackageChangeBroadcastReceiver
10-30 21:19:46.923  1540  1746 W BroadcastQueue: Background execution not allowed: receiving Intent { act=android.intent.action.PACKAGE_ADDED dat=package: flg=0x4000010 (has extras) } to com.google.android.gms/.chimera.GmsIntentOperationService$PersistentTrustedReceiver
10-30 21:19:46.923  1540  1746 W BroadcastQueue: Background execution not allowed: receiving Intent { act=android.intent.action.PACKAGE_ADDED dat=package: flg=0x4000010 (has extras) } to com.google.android.googlequicksearchbox/com.google.android.apps.gsa.googlequicksearchbox.GelStubAppWatcher
10-30 21:19:46.923  1540  1746 W BroadcastQueue: u0 Receiving a broadcast in packagecom.cncd.japan.janli.shudu requires a permissions review
10-30 21:19:46.923  1540  1746 W BroadcastQueue: Skipping delivery: permission review required for Intent { act=android.intent.action.PACKAGE_ADDED dat=package: flg=0x4000010 (has extras) } from null (pid=1540, uid=1000) to com.cncd.japan.janli.shudu/net.l.k.r
10-30 21:19:46.923  1540  1746 W BroadcastQueue: u0 Receiving a broadcast in packagecom.cncd.japan.janli.shudu requires a permissions review
10-30 21:19:46.923  1540  1746 W BroadcastQueue: Skipping delivery: permission review required for Intent { act=android.intent.action.PACKAGE_ADDED dat=package: flg=0x4000010 (has extras) } from null (pid=1540, uid=1000) to com.cncd.japan.janli.shudu/com.feiwofour.coverscreen.SR
10-30 21:19:46.923  1540  1746 W BroadcastQueue: u0 Receiving a broadcast in packagecom.games.mengmeizhitd requires a permissions review
10-30 21:19:46.923  1540  1746 W BroadcastQueue: Skipping delivery: permission review required for Intent { act=android.intent.action.PACKAGE_ADDED dat=package: flg=0x4000010 (has extras) } from null (pid=1540, uid=1000) to com.games.mengmeizhitd/hjnw.ihjnw.i.isqly
10-30 21:19:46.923  1540  1746 W BroadcastQueue: u0 Receiving a broadcast in packagecom.hgperfko.yaeghrwx requires a permissions review
10-30 21:19:46.923  1540  1746 W BroadcastQueue: Skipping delivery: permission review required for Intent { act=android.intent.action.PACKAGE_ADDED dat=package: flg=0x4000010 (has extras) } from null (pid=1540, uid=1000) to com.hgperfko.yaeghrwx/.core.hLytdCQDBv
10-30 21:19:46.923  1540  1746 W BroadcastQueue: u0 Receiving a broadcast in packagecom.qiuqiu.dfmc requires a permissions review
10-30 21:19:46.923  1540  1746 W BroadcastQueue: Skipping delivery: permission review required for Intent { act=android.intent.action.PACKAGE_ADDED dat=package: flg=0x4000010 (has extras) } from null (pid=1540, uid=1000) to com.qiuqiu.dfmc/cn.jpush.android.service.PushReceiver
10-30 21:19:46.924  1540  1746 W BroadcastQueue: u0 Receiving a broadcast in packagecom.safesys.viruskiller requires a permissions review
10-30 21:19:46.924  1540  1746 W BroadcastQueue: Skipping delivery: permission review required for Intent { act=android.intent.action.PACKAGE_ADDED dat=package: flg=0x4000010 (has extras) } from null (pid=1540, uid=1000) to com.safesys.viruskiller/.ScanPackageBroadcast
10-30 21:19:46.924  1540  1746 W BroadcastQueue: u0 Receiving a broadcast in packagecom.uc108.mobile.sdgj.bd1 requires a permissions review
10-30 21:19:46.924  1540  1746 W BroadcastQueue: Skipping delivery: permission review required for Intent { act=android.intent.action.PACKAGE_ADDED dat=package: flg=0x4000010 (has extras) } from null (pid=1540, uid=1000) to com.uc108.mobile.sdgj.bd1/com.baidu.tiebasdk.service.InstallReceiver
10-30 21:19:46.924  1540  1746 W BroadcastQueue: u0 Receiving a broadcast in packagecom.voicebianshengjinglingwc.wxl requires a permissions review
10-30 21:19:46.924  1540  1746 W BroadcastQueue: Skipping delivery: permission review required for Intent { act=android.intent.action.PACKAGE_ADDED dat=package: flg=0x4000010 (has extras) } from null (pid=1540, uid=1000) to com.voicebianshengjinglingwc.wxl/mp.ruu.Ztjjwrj
10-30 21:19:46.924  1540  1746 W BroadcastQueue: u0 Receiving a broadcast in packageio.dcloud.H5BC6BF13 requires a permissions review
10-30 21:19:46.924  1540  1746 W BroadcastQueue: Skipping delivery: permission review required for Intent { act=android.intent.action.PACKAGE_ADDED dat=package: flg=0x4000010 (has extras) } from null (pid=1540, uid=1000) to io.dcloud.H5BC6BF13/io.dcloud.common.adapter.io.DownloadReceiver
10-30 21:19:46.933  1540  1540 V BackupManagerConstants: getFullBackupIntervalMilliseconds(...) returns 86400000
10-30 21:19:46.933  1540  1540 V BackupManagerConstants: getFullBackupRequiredNetworkType(...) returns 2
10-30 21:19:46.933  1540  1540 V BackupManagerConstants: getFullBackupRequireCharging(...) returns true
10-30 21:19:46.946  1540  2926 D CompatibilityChangeReporter: Compat change id reported: 218533173; UID 10249; state: DISABLED
10-30 21:19:46.959  1540  1745 W WindowMagnificationMgr: requestConnection duplicated request: connect=false, mConnectionState=DISCONNECTED
10-30 21:19:46.971  1540  3218 D CompatibilityChangeReporter: Compat change id reported: 161252188; UID 10249; state: DISABLED
10-30 21:19:46.981  1540  1869 E VerityUtils: Failed to measure fs-verity, errno 1: /data/app/~~yD9ym2OgbaprNi68C4dQew==/com.kbwork.dygaqy-WssUwDLFJS44Fo_oYmxy7g==/base.apk
10-30 21:19:47.007  1540  1540 I Telecom : DefaultDialerCache: Refreshing default dialer for user 0: now com.google.android.dialer: DDC.oR@A2Q
10-30 21:19:47.008  1540  4192 W BackupTransportManager: Package com.kbwork.dygaqy enabled setting: 0
10-30 21:19:47.033  1540  1745 W PackageManager: Failed registering loading progress callback. Package is fully loaded.
10-30 21:19:47.040  1540  1745 W WindowMagnificationMgr: requestConnection duplicated request: connect=false, mConnectionState=DISCONNECTED
10-30 21:19:47.050  1540  1872 E PackageManager: ERROR: could not load root hash from incremental install
10-30 21:19:47.061  1540  2049 W PackageParsing: Ignoring duplicate uses-permissions/uses-permissions-sdk-m: android.permission.KILL_BACKGROUND_PROCESSES in package: rjpmscxyoicgj.rcmuksahjbgmzodorjn.pebcsfmlgnqxshaierbhj at: Binary XML file line #24
10-30 21:19:47.111  1540  1872 I PackageManager: Integrity check passed for file:///data/app/vmdl1307297044.tmp
10-30 21:19:47.116  1540  1872 W PackageParsing: Ignoring duplicate uses-permissions/uses-permissions-sdk-m: android.permission.KILL_BACKGROUND_PROCESSES in package: rjpmscxyoicgj.rcmuksahjbgmzodorjn.pebcsfmlgnqxshaierbhj at: Binary XML file line #24
10-30 21:19:47.198  1540  1729 V StorageManagerService: Package null does not have legacy storage
