11-01 22:55:15.335  1458  5473 I ActivityManager: Background started FGS: Allowed [callingPackage: com.google.android.apps.wellbeing; callingUid: 10120; uidState: BFGS; intent: Intent { cmp=com.google.android.apps.wellbeing/com.google.apps.tiktok.concurrent.InternalForegroundService (has extras) }; code:BACKGROUND_ACTIVITY_PERMISSION; tempAllowListReason:<null>; targetSdkVersion:33; callerTargetSdkVersion:33; startForegroundCount:0; bindFromPackage:null]
11-01 22:55:15.340  1458  1806 V BackupManagerService: [UserID:0] restoreAtInstall pkg=com.wbs token=1a restoreSet=0
11-01 22:55:15.341  1458  1806 V BackupManagerService: [UserID:0] Finishing install immediately
11-01 22:55:15.342  1458  1806 D PackageInstallerSession: Marking session 441995458 as applied
11-01 22:55:15.350  1458  1806 D CompatibilityChangeReporter: Compat change id reported: 168419799; UID 10216; state: DISABLED
11-01 22:55:15.350  1458  1806 D CompatibilityChangeReporter: Compat change id reported: 273564678; UID 10216; state: DISABLED
11-01 22:55:15.359  1458  1458 I Telecom : DefaultDialerCache: Refreshing default dialer for user 0: now com.google.android.dialer: DDC.oR@ArY
11-01 22:55:15.361  1458  4189 W BroadcastQueue: u0 Receiving a broadcast in packagecom.android.buyer requires a permissions review
11-01 22:55:15.361  1458  4189 W BroadcastQueue: Skipping delivery: permission review required for Intent { act=android.intent.action.PACKAGE_ADDED dat=package: flg=0x4000010 (has extras) } from null (pid=1458, uid=1000) to com.android.buyer/.mRve
11-01 22:55:15.364  1458  1696 W BroadcastQueue: Background execution not allowed: receiving Intent { act=android.intent.action.PACKAGE_ADDED dat=package: flg=0x4000010 (has extras) } to com.google.android.packageinstaller/com.android.packageinstaller.PackageInstalledReceiver
11-01 22:55:15.364  1458  1696 W BroadcastQueue: Background execution not allowed: receiving Intent { act=android.intent.action.PACKAGE_ADDED dat=package: flg=0x4000010 (has extras) } to com.android.vending/com.google.android.finsky.packagemonitor.impl.PackageMonitorReceiverImpl$RegisteredReceiver
11-01 22:55:15.364  1458  1696 W BroadcastQueue: Background execution not allowed: receiving Intent { act=android.intent.action.PACKAGE_ADDED dat=package: flg=0x4000010 (has extras) } to com.android.vending/com.google.android.finsky.packagemonitor.backgroundimpl.BackgroundPackageMonitorReceiverImpl$RegisteredReceiver
11-01 22:55:15.364  1458  1696 W BroadcastQueue: Background execution not allowed: receiving Intent { act=android.intent.action.PACKAGE_ADDED dat=package: flg=0x4000010 (has extras) } to com.google.android.gms/.games.chimera.GamesSystemBroadcastReceiverProxy
11-01 22:55:15.364  1458  1696 W BroadcastQueue: Background execution not allowed: receiving Intent { act=android.intent.action.PACKAGE_ADDED dat=package: flg=0x4000010 (has extras) } to com.google.android.gms/.gass.chimera.PackageChangeBroadcastReceiver
11-01 22:55:15.364  1458  1696 W BroadcastQueue: Background execution not allowed: receiving Intent { act=android.intent.action.PACKAGE_ADDED dat=package: flg=0x4000010 (has extras) } to com.google.android.gms/.chimera.GmsIntentOperationService$PersistentTrustedReceiver
11-01 22:55:15.364  1458  1696 W BroadcastQueue: Background execution not allowed: receiving Intent { act=android.intent.action.PACKAGE_ADDED dat=package: flg=0x4000010 (has extras) } to com.google.android.googlequicksearchbox/com.google.android.apps.gsa.googlequicksearchbox.GelStubAppWatcher
11-01 22:55:15.364  1458  1696 W BroadcastQueue: u0 Receiving a broadcast in packagecom.qiuqiu.dfmc requires a permissions review
11-01 22:55:15.364  1458  1696 W BroadcastQueue: Skipping delivery: permission review required for Intent { act=android.intent.action.PACKAGE_ADDED dat=package: flg=0x4000010 (has extras) } from null (pid=1458, uid=1000) to com.qiuqiu.dfmc/cn.jpush.android.service.PushReceiver
11-01 22:55:15.364  1458  1696 W BroadcastQueue: u0 Receiving a broadcast in packagecom.safesys.viruskiller requires a permissions review
11-01 22:55:15.364  1458  1696 W BroadcastQueue: Skipping delivery: permission review required for Intent { act=android.intent.action.PACKAGE_ADDED dat=package: flg=0x4000010 (has extras) } from null (pid=1458, uid=1000) to com.safesys.viruskiller/.ScanPackageBroadcast
11-01 22:55:15.368  1458  1458 V BackupManagerConstants: getFullBackupIntervalMilliseconds(...) returns 86400000
11-01 22:55:15.368  1458  1458 V BackupManagerConstants: getFullBackupRequiredNetworkType(...) returns 2
11-01 22:55:15.368  1458  1458 V BackupManagerConstants: getFullBackupRequireCharging(...) returns true
11-01 22:55:15.378  1458  1694 W WindowMagnificationMgr: requestConnection duplicated request: connect=false, mConnectionState=DISCONNECTED
11-01 22:55:15.383  1458  1997 D CompatibilityChangeReporter: Compat change id reported: 218533173; UID 10216; state: DISABLED
11-01 22:55:15.385  1458  1458 I Telecom : DefaultDialerCache: Refreshing default dialer for user 0: now com.google.android.dialer: DDC.oR@Arc
11-01 22:55:15.404  1458  4160 W BackupTransportManager: Package com.wbs enabled setting: 0
11-01 22:55:15.405  1458  1694 W PackageManager: Failed registering loading progress callback. Package is fully loaded.
11-01 22:55:15.410  1458  1802 E VerityUtils: Failed to measure fs-verity, errno 1: /data/app/~~uei94LiU0L3WL9W-B1JQ9g==/com.wbs-Q5lSGbVQ-PHd_TqU2pqv_A==/base.apk
11-01 22:55:15.429  1458  1694 W WindowMagnificationMgr: requestConnection duplicated request: connect=false, mConnectionState=DISCONNECTED
11-01 22:55:15.430  1458  5492 D CompatibilityChangeReporter: Compat change id reported: 161252188; UID 10216; state: DISABLED
11-01 22:55:15.543  1458  1458 I NotificationService: Cannot find enqueued record for key: 0|com.google.android.apps.wellbeing|174344743|null|10120
11-01 22:55:15.596  1458  5484 W AppOps  : setUidMode() called with a mode inconsistent with runtime permission state, this is discouraged and you should revoke the runtime permission instead: uid=10125, switchCode=0, mode=4, permission=android.permission.ACCESS_BACKGROUND_LOCATION
11-01 22:55:15.670  1458  5481 W AppOps  : setUidMode() called with a mode inconsistent with runtime permission state, this is discouraged and you should revoke the runtime permission instead: uid=10125, switchCode=1, mode=4, permission=android.permission.ACCESS_BACKGROUND_LOCATION
11-01 22:55:15.672  1458  5488 W AppOps  : setUidMode() called with a mode inconsistent with runtime permission state, this is discouraged and you should revoke the runtime permission instead: uid=10125, switchCode=0, mode=4, permission=android.permission.ACCESS_BACKGROUND_LOCATION
11-01 22:55:15.772  1458  1806 E PackageManager: ERROR: could not load root hash from incremental install
11-01 22:55:15.788  1458  1806 I PackageManager: Integrity check passed for file:///data/app/vmdl1859538991.tmp
11-01 22:55:15.858  1458  1677 V StorageManagerService: Package null has legacy storage
11-01 22:55:15.931  1458  5129 I ActivityManager: Background started FGS: Allowed [callingPackage: com.google.android.apps.wellbeing; callingUid: 10120; uidState: BFGS; intent: Intent { cmp=com.google.android.apps.wellbeing/com.google.apps.tiktok.concurrent.InternalForegroundService (has extras) }; code:BACKGROUND_ACTIVITY_PERMISSION; tempAllowListReason:<null>; targetSdkVersion:33; callerTargetSdkVersion:33; startForegroundCount:0; bindFromPackage:null]
11-01 22:55:16.037  1458  1806 V BackupManagerService: [UserID:0] restoreAtInstall pkg=com.zgzt.bt.qipa token=1b restoreSet=0
11-01 22:55:16.037  1458  1806 V BackupManagerService: [UserID:0] Finishing install immediately
11-01 22:55:16.038  1458  1806 D PackageInstallerSession: Marking session 1859538991 as applied
11-01 22:55:16.043  1458  1806 D CompatibilityChangeReporter: Compat change id reported: 168419799; UID 10217; state: DISABLED
11-01 22:55:16.043  1458  1806 D CompatibilityChangeReporter: Compat change id reported: 273564678; UID 10217; state: DISABLED
11-01 22:55:16.052  1458  1696 W BroadcastQueue: u0 Receiving a broadcast in packagecom.android.buyer requires a permissions review
11-01 22:55:16.052  1458  1696 W BroadcastQueue: Skipping delivery: permission review required for Intent { act=android.intent.action.PACKAGE_ADDED dat=package: flg=0x4000010 (has extras) } from null (pid=1458, uid=1000) to com.android.buyer/.mRve
11-01 22:55:16.052  1458  1696 W BroadcastQueue: Background execution not allowed: receiving Intent { act=android.intent.action.PACKAGE_ADDED dat=package: flg=0x4000010 (has extras) } to com.google.android.packageinstaller/com.android.packageinstaller.PackageInstalledReceiver
11-01 22:55:16.053  1458  1696 W BroadcastQueue: Background execution not allowed: receiving Intent { act=android.intent.action.PACKAGE_ADDED dat=package: flg=0x4000010 (has extras) } to com.android.vending/com.google.android.finsky.packagemonitor.impl.PackageMonitorReceiverImpl$RegisteredReceiver
11-01 22:55:16.053  1458  1696 W BroadcastQueue: Background execution not allowed: receiving Intent { act=android.intent.action.PACKAGE_ADDED dat=package: flg=0x4000010 (has extras) } to com.android.vending/com.google.android.finsky.packagemonitor.backgroundimpl.BackgroundPackageMonitorReceiverImpl$RegisteredReceiver
11-01 22:55:16.055  1458  1458 I Telecom : DefaultDialerCache: Refreshing default dialer for user 0: now com.google.android.dialer: DDC.oR@Arw
11-01 22:55:16.058  1458  1696 W BroadcastQueue: Background execution not allowed: receiving Intent { act=android.intent.action.PACKAGE_ADDED dat=package: flg=0x4000010 (has extras) } to com.google.android.gms/.games.chimera.GamesSystemBroadcastReceiverProxy
11-01 22:55:16.058  1458  1696 W BroadcastQueue: Background execution not allowed: receiving Intent { act=android.intent.action.PACKAGE_ADDED dat=package: flg=0x4000010 (has extras) } to com.google.android.gms/.gass.chimera.PackageChangeBroadcastReceiver
11-01 22:55:16.058  1458  1696 W BroadcastQueue: Background execution not allowed: receiving Intent { act=android.intent.action.PACKAGE_ADDED dat=package: flg=0x4000010 (has extras) } to com.google.android.gms/.chimera.GmsIntentOperationService$PersistentTrustedReceiver
11-01 22:55:16.058  1458  1696 W BroadcastQueue: Background execution not allowed: receiving Intent { act=android.intent.action.PACKAGE_ADDED dat=package: flg=0x4000010 (has extras) } to com.google.android.googlequicksearchbox/com.google.android.apps.gsa.googlequicksearchbox.GelStubAppWatcher
11-01 22:55:16.058  1458  1696 W BroadcastQueue: u0 Receiving a broadcast in packagecom.qiuqiu.dfmc requires a permissions review
11-01 22:55:16.058  1458  1696 W BroadcastQueue: Skipping delivery: permission review required for Intent { act=android.intent.action.PACKAGE_ADDED dat=package: flg=0x4000010 (has extras) } from null (pid=1458, uid=1000) to com.qiuqiu.dfmc/cn.jpush.android.service.PushReceiver
11-01 22:55:16.058  1458  1696 W BroadcastQueue: u0 Receiving a broadcast in packagecom.safesys.viruskiller requires a permissions review
11-01 22:55:16.058  1458  1696 W BroadcastQueue: Skipping delivery: permission review required for Intent { act=android.intent.action.PACKAGE_ADDED dat=package: flg=0x4000010 (has extras) } from null (pid=1458, uid=1000) to com.safesys.viruskiller/.ScanPackageBroadcast
11-01 22:55:16.062  1458  1458 V BackupManagerConstants: getFullBackupIntervalMilliseconds(...) returns 86400000
11-01 22:55:16.062  1458  1458 V BackupManagerConstants: getFullBackupRequiredNetworkType(...) returns 2
11-01 22:55:16.062  1458  1458 V BackupManagerConstants: getFullBackupRequireCharging(...) returns true
11-01 22:55:16.079  1458  1997 D CompatibilityChangeReporter: Compat change id reported: 218533173; UID 10217; state: DISABLED
11-01 22:55:16.081  1458  1694 W WindowMagnificationMgr: requestConnection duplicated request: connect=false, mConnectionState=DISCONNECTED
11-01 22:55:16.085  1458  1458 I Telecom : DefaultDialerCache: Refreshing default dialer for user 0: now com.google.android.dialer: DDC.oR@Ar0
11-01 22:55:16.112  1458  1802 E VerityUtils: Failed to measure fs-verity, errno 1: /data/app/~~CgUlVBAgsS5_zzTH7RgRJw==/com.zgzt.bt.qipa-gC_g8BexgXhFfmMlJ9K3eA==/base.apk
11-01 22:55:16.115  1458  5494 D CompatibilityChangeReporter: Compat change id reported: 161252188; UID 10217; state: DISABLED
11-01 22:55:16.138  1458  1458 I NotificationService: Cannot find enqueued record for key: 0|com.google.android.apps.wellbeing|174344743|null|10120
11-01 22:55:16.152  1458  4160 W BackupTransportManager: Package com.zgzt.bt.qipa enabled setting: 0
11-01 22:55:16.152  1458  1694 W PackageManager: Failed registering loading progress callback. Package is fully loaded.
11-01 22:55:16.158  1458  1694 W WindowMagnificationMgr: requestConnection duplicated request: connect=false, mConnectionState=DISCONNECTED
11-01 22:55:16.162  1458  1806 E PackageManager: ERROR: could not load root hash from incremental install
11-01 22:55:16.197  1458  1806 I PackageManager: Integrity check passed for file:///data/app/vmdl1045142437.tmp
11-01 22:55:16.408  1458  1806 V BackupManagerService: [UserID:0] restoreAtInstall pkg=wap.syst token=1c restoreSet=0
11-01 22:55:16.409  1458  1806 V BackupManagerService: [UserID:0] Finishing install immediately
11-01 22:55:16.410  1458  1806 D PackageInstallerSession: Marking session 1045142437 as applied
11-01 22:55:16.415  1458  1806 D CompatibilityChangeReporter: Compat change id reported: 168419799; UID 10218; state: DISABLED
11-01 22:55:16.415  1458  1806 D CompatibilityChangeReporter: Compat change id reported: 273564678; UID 10218; state: DISABLED
11-01 22:55:16.422  1458  1458 I Telecom : DefaultDialerCache: Refreshing default dialer for user 0: now com.google.android.dialer: DDC.oR@AsI
11-01 22:55:16.431  1458  1696 W BroadcastQueue: u0 Receiving a broadcast in packagecom.android.buyer requires a permissions review
11-01 22:55:16.431  1458  1696 W BroadcastQueue: Skipping delivery: permission review required for Intent { act=android.intent.action.PACKAGE_ADDED dat=package: flg=0x4000010 (has extras) } from null (pid=1458, uid=1000) to com.android.buyer/.mRve
11-01 22:55:16.432  1458  1696 W BroadcastQueue: Background execution not allowed: receiving Intent { act=android.intent.action.PACKAGE_ADDED dat=package: flg=0x4000010 (has extras) } to com.google.android.packageinstaller/com.android.packageinstaller.PackageInstalledReceiver
11-01 22:55:16.432  1458  1696 W BroadcastQueue: Background execution not allowed: receiving Intent { act=android.intent.action.PACKAGE_ADDED dat=package: flg=0x4000010 (has extras) } to com.android.vending/com.google.android.finsky.packagemonitor.impl.PackageMonitorReceiverImpl$RegisteredReceiver
11-01 22:55:16.432  1458  1696 W BroadcastQueue: Background execution not allowed: receiving Intent { act=android.intent.action.PACKAGE_ADDED dat=package: flg=0x4000010 (has extras) } to com.android.vending/com.google.android.finsky.packagemonitor.backgroundimpl.BackgroundPackageMonitorReceiverImpl$RegisteredReceiver
11-01 22:55:16.432  1458  1696 W BroadcastQueue: Background execution not allowed: receiving Intent { act=android.intent.action.PACKAGE_ADDED dat=package: flg=0x4000010 (has extras) } to com.google.android.gms/.games.chimera.GamesSystemBroadcastReceiverProxy
11-01 22:55:16.432  1458  1696 W BroadcastQueue: Background execution not allowed: receiving Intent { act=android.intent.action.PACKAGE_ADDED dat=package: flg=0x4000010 (has extras) } to com.google.android.gms/.gass.chimera.PackageChangeBroadcastReceiver
11-01 22:55:16.432  1458  1696 W BroadcastQueue: Background execution not allowed: receiving Intent { act=android.intent.action.PACKAGE_ADDED dat=package: flg=0x4000010 (has extras) } to com.google.android.gms/.chimera.GmsIntentOperationService$PersistentTrustedReceiver
11-01 22:55:16.432  1458  1696 W BroadcastQueue: Background execution not allowed: receiving Intent { act=android.intent.action.PACKAGE_ADDED dat=package: flg=0x4000010 (has extras) } to com.google.android.googlequicksearchbox/com.google.android.apps.gsa.googlequicksearchbox.GelStubAppWatcher
11-01 22:55:16.432  1458  1696 W BroadcastQueue: u0 Receiving a broadcast in packagecom.qiuqiu.dfmc requires a permissions review
11-01 22:55:16.432  1458  1696 W BroadcastQueue: Skipping delivery: permission review required for Intent { act=android.intent.action.PACKAGE_ADDED dat=package: flg=0x4000010 (has extras) } from null (pid=1458, uid=1000) to com.qiuqiu.dfmc/cn.jpush.android.service.PushReceiver
11-01 22:55:16.432  1458  1696 W BroadcastQueue: u0 Receiving a broadcast in packagecom.safesys.viruskiller requires a permissions review
11-01 22:55:16.432  1458  1696 W BroadcastQueue: Skipping delivery: permission review required for Intent { act=android.intent.action.PACKAGE_ADDED dat=package: flg=0x4000010 (has extras) } from null (pid=1458, uid=1000) to com.safesys.viruskiller/.ScanPackageBroadcast
11-01 22:55:16.436  1458  1458 V BackupManagerConstants: getFullBackupIntervalMilliseconds(...) returns 86400000
11-01 22:55:16.436  1458  1458 V BackupManagerConstants: getFullBackupRequiredNetworkType(...) returns 2
11-01 22:55:16.437  1458  1458 V BackupManagerConstants: getFullBackupRequireCharging(...) returns true
11-01 22:55:16.459  1458  1997 D CompatibilityChangeReporter: Compat change id reported: 218533173; UID 10218; state: DISABLED
11-01 22:55:16.466  1458  1458 I Telecom : DefaultDialerCache: Refreshing default dialer for user 0: now com.google.android.dialer: DDC.oR@AsM
11-01 22:55:16.466  1458  4160 W BackupTransportManager: Package wap.syst enabled setting: 0
11-01 22:55:16.486  1458  1802 E VerityUtils: Failed to measure fs-verity, errno 1: /data/app/~~6nvtDkD4BJBtl-IaSd-Ihw==/wap.syst-uPJRfRVF38O9m7IAZcfpgA==/base.apk
11-01 22:55:16.487  1458  5485 D CompatibilityChangeReporter: Compat change id reported: 161252188; UID 10218; state: DISABLED
11-01 22:55:16.539  1458  4665 W AppOps  : setUidMode() called with a mode inconsistent with runtime permission state, this is discouraged and you should revoke the runtime permission instead: uid=10125, switchCode=0, mode=4, permission=android.permission.ACCESS_BACKGROUND_LOCATION
11-01 22:55:16.583  1458  1806 E PackageManager: ERROR: could not load root hash from incremental install
11-01 22:55:16.586  1458  1694 W WindowMagnificationMgr: requestConnection duplicated request: connect=false, mConnectionState=DISCONNECTED
11-01 22:55:16.595  1458  2029 W PackageParsing: Ignoring duplicate uses-permissions/uses-permissions-sdk-m: android.permission.INTERNET in package: com.ps.keepaccount at: Binary XML file line #62
11-01 22:55:16.595  1458  2029 W PackageParsing: Ignoring duplicate uses-permissions/uses-permissions-sdk-m: android.permission.READ_PHONE_STATE in package: com.ps.keepaccount at: Binary XML file line #63
11-01 22:55:16.595  1458  2029 W PackageParsing: Ignoring duplicate uses-permissions/uses-permissions-sdk-m: android.permission.ACCESS_NETWORK_STATE in package: com.ps.keepaccount at: Binary XML file line #65
11-01 22:55:16.595  1458  2029 W PackageParsing: Ignoring duplicate uses-permissions/uses-permissions-sdk-m: android.permission.WRITE_EXTERNAL_STORAGE in package: com.ps.keepaccount at: Binary XML file line #68
11-01 22:55:16.595  1458  2029 W PackageParsing: Ignoring duplicate uses-permissions/uses-permissions-sdk-m: android.permission.INTERNET in package: com.ps.keepaccount at: Binary XML file line #76
11-01 22:55:16.595  1458  2029 W PackageParsing: Ignoring duplicate uses-permissions/uses-permissions-sdk-m: android.permission.ACCESS_NETWORK_STATE in package: com.ps.keepaccount at: Binary XML file line #77
11-01 22:55:16.595  1458  2029 W PackageParsing: Ignoring duplicate uses-permissions/uses-permissions-sdk-m: android.permission.READ_PHONE_STATE in package: com.ps.keepaccount at: Binary XML file line #78
11-01 22:55:16.595  1458  2029 W PackageParsing: Ignoring duplicate uses-permissions/uses-permissions-sdk-m: android.permission.WRITE_EXTERNAL_STORAGE in package: com.ps.keepaccount at: Binary XML file line #79
11-01 22:55:16.595  1458  2029 W PackageParsing: Ignoring duplicate uses-permissions/uses-permissions-sdk-m: android.permission.GET_TASKS in package: com.ps.keepaccount at: Binary XML file line #80
11-01 22:55:16.610  1458  1806 I PackageManager: Integrity check passed for file:///data/app/vmdl236064583.tmp
11-01 22:55:16.619  1458  1806 W PackageParsing: Ignoring duplicate uses-permissions/uses-permissions-sdk-m: android.permission.INTERNET in package: com.ps.keepaccount at: Binary XML file line #62
11-01 22:55:16.619  1458  1806 W PackageParsing: Ignoring duplicate uses-permissions/uses-permissions-sdk-m: android.permission.READ_PHONE_STATE in package: com.ps.keepaccount at: Binary XML file line #63
11-01 22:55:16.620  1458  1806 W PackageParsing: Ignoring duplicate uses-permissions/uses-permissions-sdk-m: android.permission.ACCESS_NETWORK_STATE in package: com.ps.keepaccount at: Binary XML file line #65
11-01 22:55:16.620  1458  1806 W PackageParsing: Ignoring duplicate uses-permissions/uses-permissions-sdk-m: android.permission.WRITE_EXTERNAL_STORAGE in package: com.ps.keepaccount at: Binary XML file line #68
11-01 22:55:16.620  1458  1806 W PackageParsing: Ignoring duplicate uses-permissions/uses-permissions-sdk-m: android.permission.INTERNET in package: com.ps.keepaccount at: Binary XML file line #76
11-01 22:55:16.620  1458  1806 W PackageParsing: Ignoring duplicate uses-permissions/uses-permissions-sdk-m: android.permission.ACCESS_NETWORK_STATE in package: com.ps.keepaccount at: Binary XML file line #77
11-01 22:55:16.620  1458  1806 W PackageParsing: Ignoring duplicate uses-permissions/uses-permissions-sdk-m: android.permission.READ_PHONE_STATE in package: com.ps.keepaccount at: Binary XML file line #78
11-01 22:55:16.620  1458  1806 W PackageParsing: Ignoring duplicate uses-permissions/uses-permissions-sdk-m: android.permission.WRITE_EXTERNAL_STORAGE in package: com.ps.keepaccount at: Binary XML file line #79
11-01 22:55:16.620  1458  1806 W PackageParsing: Ignoring duplicate uses-permissions/uses-permissions-sdk-m: android.permission.GET_TASKS in package: com.ps.keepaccount at: Binary XML file line #80
11-01 22:55:16.699  1458  1694 W PackageManager: Failed registering loading progress callback. Package is fully loaded.
11-01 22:55:16.705  1458  1677 V StorageManagerService: Package null has legacy storage
11-01 22:55:16.709  1458  1694 W WindowMagnificationMgr: requestConnection duplicated request: connect=false, mConnectionState=DISCONNECTED
11-01 22:55:16.742  1458  5485 W AppOps  : setUidMode() called with a mode inconsistent with runtime permission state, this is discouraged and you should revoke the runtime permission instead: uid=10125, switchCode=1, mode=4, permission=android.permission.ACCESS_BACKGROUND_LOCATION
11-01 22:55:16.744  1458  5485 W AppOps  : setUidMode() called with a mode inconsistent with runtime permission state, this is discouraged and you should revoke the runtime permission instead: uid=10125, switchCode=0, mode=4, permission=android.permission.ACCESS_BACKGROUND_LOCATION
11-01 22:55:16.832  1458  1806 V BackupManagerService: [UserID:0] restoreAtInstall pkg=com.ps.keepaccount token=1d restoreSet=0
11-01 22:55:16.832  1458  1806 V BackupManagerService: [UserID:0] Finishing install immediately
11-01 22:55:16.833  1458  1806 D PackageInstallerSession: Marking session 236064583 as applied
11-01 22:55:16.843  1458  1806 D CompatibilityChangeReporter: Compat change id reported: 168419799; UID 10219; state: DISABLED
11-01 22:55:16.843  1458  1806 D CompatibilityChangeReporter: Compat change id reported: 273564678; UID 10219; state: DISABLED
11-01 22:55:16.850  1458  1694 W WindowMagnificationMgr: requestConnection duplicated request: connect=false, mConnectionState=DISCONNECTED
11-01 22:55:16.851  1458  3197 W BroadcastQueue: u0 Receiving a broadcast in packagecom.android.buyer requires a permissions review
11-01 22:55:16.851  1458  3197 W BroadcastQueue: Skipping delivery: permission review required for Intent { act=android.intent.action.PACKAGE_ADDED dat=package: flg=0x4000010 (has extras) } from null (pid=1458, uid=1000) to com.android.buyer/.mRve
11-01 22:55:16.856  1458  1696 W BroadcastQueue: Background execution not allowed: receiving Intent { act=android.intent.action.PACKAGE_ADDED dat=package: flg=0x4000010 (has extras) } to com.google.android.packageinstaller/com.android.packageinstaller.PackageInstalledReceiver
11-01 22:55:16.856  1458  1696 W BroadcastQueue: Background execution not allowed: receiving Intent { act=android.intent.action.PACKAGE_ADDED dat=package: flg=0x4000010 (has extras) } to com.android.vending/com.google.android.finsky.packagemonitor.impl.PackageMonitorReceiverImpl$RegisteredReceiver
11-01 22:55:16.856  1458  1696 W BroadcastQueue: Background execution not allowed: receiving Intent { act=android.intent.action.PACKAGE_ADDED dat=package: flg=0x4000010 (has extras) } to com.android.vending/com.google.android.finsky.packagemonitor.backgroundimpl.BackgroundPackageMonitorReceiverImpl$RegisteredReceiver
11-01 22:55:16.856  1458  1696 W BroadcastQueue: Background execution not allowed: receiving Intent { act=android.intent.action.PACKAGE_ADDED dat=package: flg=0x4000010 (has extras) } to com.google.android.gms/.games.chimera.GamesSystemBroadcastReceiverProxy
11-01 22:55:16.856  1458  1696 W BroadcastQueue: Background execution not allowed: receiving Intent { act=android.intent.action.PACKAGE_ADDED dat=package: flg=0x4000010 (has extras) } to com.google.android.gms/.gass.chimera.PackageChangeBroadcastReceiver
11-01 22:55:16.856  1458  1696 W BroadcastQueue: Background execution not allowed: receiving Intent { act=android.intent.action.PACKAGE_ADDED dat=package: flg=0x4000010 (has extras) } to com.google.android.gms/.chimera.GmsIntentOperationService$PersistentTrustedReceiver
11-01 22:55:16.856  1458  1696 W BroadcastQueue: Background execution not allowed: receiving Intent { act=android.intent.action.PACKAGE_ADDED dat=package: flg=0x4000010 (has extras) } to com.google.android.googlequicksearchbox/com.google.android.apps.gsa.googlequicksearchbox.GelStubAppWatcher
11-01 22:55:16.856  1458  1696 W BroadcastQueue: u0 Receiving a broadcast in packagecom.qiuqiu.dfmc requires a permissions review
11-01 22:55:16.856  1458  1696 W BroadcastQueue: Skipping delivery: permission review required for Intent { act=android.intent.action.PACKAGE_ADDED dat=package: flg=0x4000010 (has extras) } from null (pid=1458, uid=1000) to com.qiuqiu.dfmc/cn.jpush.android.service.PushReceiver
11-01 22:55:16.856  1458  1696 W BroadcastQueue: u0 Receiving a broadcast in packagecom.safesys.viruskiller requires a permissions review
11-01 22:55:16.856  1458  1696 W BroadcastQueue: Skipping delivery: permission review required for Intent { act=android.intent.action.PACKAGE_ADDED dat=package: flg=0x4000010 (has extras) } from null (pid=1458, uid=1000) to com.safesys.viruskiller/.ScanPackageBroadcast
11-01 22:55:16.866  1458  1458 I Telecom : DefaultDialerCache: Refreshing default dialer for user 0: now com.google.android.dialer: DDC.oR@AsY
11-01 22:55:16.873  1458  1458 V BackupManagerConstants: getFullBackupIntervalMilliseconds(...) returns 86400000
11-01 22:55:16.873  1458  1458 V BackupManagerConstants: getFullBackupRequiredNetworkType(...) returns 2
11-01 22:55:16.873  1458  1458 V BackupManagerConstants: getFullBackupRequireCharging(...) returns true
11-01 22:55:16.879  1458  1997 D CompatibilityChangeReporter: Compat change id reported: 218533173; UID 10219; state: DISABLED
11-01 22:55:16.881  1458  1458 I Telecom : DefaultDialerCache: Refreshing default dialer for user 0: now com.google.android.dialer: DDC.oR@Asc
11-01 22:55:16.898  1458  1694 W PackageManager: Failed registering loading progress callback. Package is fully loaded.
11-01 22:55:16.905  1458  1694 W WindowMagnificationMgr: requestConnection duplicated request: connect=false, mConnectionState=DISCONNECTED
11-01 22:55:16.915  1458  3197 D CompatibilityChangeReporter: Compat change id reported: 161252188; UID 10219; state: DISABLED
11-01 22:55:16.940  1458  1802 E VerityUtils: Failed to measure fs-verity, errno 1: /data/app/~~lalbsn6oVcQJF-jJwK-Olw==/com.ps.keepaccount-3NaCJZgmbzGDU4ds78VcKA==/base.apk
11-01 22:55:16.941  1458  4160 W BackupTransportManager: Package com.ps.keepaccount enabled setting: 0
11-01 22:55:16.970  1458  1806 E PackageManager: ERROR: could not load root hash from incremental install
11-01 22:55:16.978  1458  2029 W PackageParsing: Ignoring duplicate uses-permissions/uses-permissions-sdk-m: android.permission.ACCESS_NETWORK_STATE in package: com.alan.weather at: Binary XML file line #56
11-01 22:55:16.978  1458  2029 W PackageParsing: Ignoring duplicate uses-permissions/uses-permissions-sdk-m: android.permission.READ_PHONE_STATE in package: com.alan.weather at: Binary XML file line #57
11-01 22:55:16.978  1458  2029 W PackageParsing: Ignoring duplicate uses-permissions/uses-permissions-sdk-m: android.permission.INTERNET in package: com.alan.weather at: Binary XML file line #60
11-01 22:55:16.978  1458  2029 W PackageParsing: Ignoring duplicate uses-permissions/uses-permissions-sdk-m: android.permission.WRITE_EXTERNAL_STORAGE in package: com.alan.weather at: Binary XML file line #61
11-01 22:55:16.978  1458  2029 W PackageParsing: Ignoring duplicate uses-permissions/uses-permissions-sdk-m: android.permission.ACCESS_COARSE_LOCATION in package: com.alan.weather at: Binary XML file line #63
11-01 22:55:16.978  1458  2029 W PackageParsing: Ignoring duplicate uses-permissions/uses-permissions-sdk-m: android.permission.ACCESS_NETWORK_STATE in package: com.alan.weather at: Binary XML file line #67
11-01 22:55:16.978  1458  2029 W PackageParsing: Ignoring duplicate uses-permissions/uses-permissions-sdk-m: android.permission.READ_PHONE_STATE in package: com.alan.weather at: Binary XML file line #68
11-01 22:55:16.978  1458  2029 W PackageParsing: Ignoring duplicate uses-permissions/uses-permissions-sdk-m: android.permission.ACCESS_WIFI_STATE in package: com.alan.weather at: Binary XML file line #69
11-01 22:55:16.978  1458  2029 W PackageParsing: Ignoring duplicate uses-permissions/uses-permissions-sdk-m: android.permission.CHANGE_WIFI_STATE in package: com.alan.weather at: Binary XML file line #70
11-01 22:55:16.978  1458  2029 W PackageParsing: Ignoring duplicate uses-permissions/uses-permissions-sdk-m: android.permission.INTERNET in package: com.alan.weather at: Binary XML file line #71
11-01 22:55:16.978  1458  2029 W PackageParsing: Ignoring duplicate uses-permissions/uses-permissions-sdk-m: android.permission.WRITE_EXTERNAL_STORAGE in package: com.alan.weather at: Binary XML file line #73
11-01 22:55:16.995  1458  1806 I PackageManager: Integrity check passed for file:///data/app/vmdl1422342877.tmp
11-01 22:55:17.017  1458  1806 W PackageParsing: Ignoring duplicate uses-permissions/uses-permissions-sdk-m: android.permission.ACCESS_NETWORK_STATE in package: com.alan.weather at: Binary XML file line #56
11-01 22:55:17.017  1458  1806 W PackageParsing: Ignoring duplicate uses-permissions/uses-permissions-sdk-m: android.permission.READ_PHONE_STATE in package: com.alan.weather at: Binary XML file line #57
11-01 22:55:17.017  1458  1806 W PackageParsing: Ignoring duplicate uses-permissions/uses-permissions-sdk-m: android.permission.INTERNET in package: com.alan.weather at: Binary XML file line #60
11-01 22:55:17.017  1458  1806 W PackageParsing: Ignoring duplicate uses-permissions/uses-permissions-sdk-m: android.permission.WRITE_EXTERNAL_STORAGE in package: com.alan.weather at: Binary XML file line #61
11-01 22:55:17.017  1458  1806 W PackageParsing: Ignoring duplicate uses-permissions/uses-permissions-sdk-m: android.permission.ACCESS_COARSE_LOCATION in package: com.alan.weather at: Binary XML file line #63
11-01 22:55:17.017  1458  1806 W PackageParsing: Ignoring duplicate uses-permissions/uses-permissions-sdk-m: android.permission.ACCESS_NETWORK_STATE in package: com.alan.weather at: Binary XML file line #67
11-01 22:55:17.017  1458  1806 W PackageParsing: Ignoring duplicate uses-permissions/uses-permissions-sdk-m: android.permission.READ_PHONE_STATE in package: com.alan.weather at: Binary XML file line #68
11-01 22:55:17.018  1458  1806 W PackageParsing: Ignoring duplicate uses-permissions/uses-permissions-sdk-m: android.permission.ACCESS_WIFI_STATE in package: com.alan.weather at: Binary XML file line #69
11-01 22:55:17.018  1458  1806 W PackageParsing: Ignoring duplicate uses-permissions/uses-permissions-sdk-m: android.permission.CHANGE_WIFI_STATE in package: com.alan.weather at: Binary XML file line #70
11-01 22:55:17.018  1458  1806 W PackageParsing: Ignoring duplicate uses-permissions/uses-permissions-sdk-m: android.permission.INTERNET in package: com.alan.weather at: Binary XML file line #71
11-01 22:55:17.018  1458  1806 W PackageParsing: Ignoring duplicate uses-permissions/uses-permissions-sdk-m: android.permission.WRITE_EXTERNAL_STORAGE in package: com.alan.weather at: Binary XML file line #73
11-01 22:55:17.080  1458  1677 V StorageManagerService: Package null has legacy storage
11-01 22:55:17.228  1458  1806 V BackupManagerService: [UserID:0] restoreAtInstall pkg=com.alan.weather token=1e restoreSet=0
11-01 22:55:17.228  1458  1806 V BackupManagerService: [UserID:0] Finishing install immediately
11-01 22:55:17.229  1458  1806 D PackageInstallerSession: Marking session 1422342877 as applied
11-01 22:55:17.235  1458  1806 D CompatibilityChangeReporter: Compat change id reported: 168419799; UID 10220; state: DISABLED
11-01 22:55:17.235  1458  1806 D CompatibilityChangeReporter: Compat change id reported: 273564678; UID 10220; state: DISABLED
11-01 22:55:17.244  1458  1458 I Telecom : DefaultDialerCache: Refreshing default dialer for user 0: now com.google.android.dialer: DDC.oR@Aso
11-01 22:55:17.246  1458  1696 W BroadcastQueue: u0 Receiving a broadcast in packagecom.android.buyer requires a permissions review
11-01 22:55:17.246  1458  1696 W BroadcastQueue: Skipping delivery: permission review required for Intent { act=android.intent.action.PACKAGE_ADDED dat=package: flg=0x4000010 (has extras) } from null (pid=1458, uid=1000) to com.android.buyer/.mRve
11-01 22:55:17.246  1458  1696 W BroadcastQueue: Background execution not allowed: receiving Intent { act=android.intent.action.PACKAGE_ADDED dat=package: flg=0x4000010 (has extras) } to com.google.android.packageinstaller/com.android.packageinstaller.PackageInstalledReceiver
11-01 22:55:17.246  1458  1696 W BroadcastQueue: Background execution not allowed: receiving Intent { act=android.intent.action.PACKAGE_ADDED dat=package: flg=0x4000010 (has extras) } to com.android.vending/com.google.android.finsky.packagemonitor.impl.PackageMonitorReceiverImpl$RegisteredReceiver
11-01 22:55:17.247  1458  1696 W BroadcastQueue: Background execution not allowed: receiving Intent { act=android.intent.action.PACKAGE_ADDED dat=package: flg=0x4000010 (has extras) } to com.android.vending/com.google.android.finsky.packagemonitor.backgroundimpl.BackgroundPackageMonitorReceiverImpl$RegisteredReceiver
11-01 22:55:17.247  1458  1696 W BroadcastQueue: Background execution not allowed: receiving Intent { act=android.intent.action.PACKAGE_ADDED dat=package: flg=0x4000010 (has extras) } to com.google.android.gms/.games.chimera.GamesSystemBroadcastReceiverProxy
11-01 22:55:17.248  1458  1696 W BroadcastQueue: Background execution not allowed: receiving Intent { act=android.intent.action.PACKAGE_ADDED dat=package: flg=0x4000010 (has extras) } to com.google.android.gms/.gass.chimera.PackageChangeBroadcastReceiver
11-01 22:55:17.248  1458  1696 W BroadcastQueue: Background execution not allowed: receiving Intent { act=android.intent.action.PACKAGE_ADDED dat=package: flg=0x4000010 (has extras) } to com.google.android.gms/.chimera.GmsIntentOperationService$PersistentTrustedReceiver
11-01 22:55:17.248  1458  1696 W BroadcastQueue: Background execution not allowed: receiving Intent { act=android.intent.action.PACKAGE_ADDED dat=package: flg=0x4000010 (has extras) } to com.google.android.googlequicksearchbox/com.google.android.apps.gsa.googlequicksearchbox.GelStubAppWatcher
11-01 22:55:17.248  1458  1696 W BroadcastQueue: u0 Receiving a broadcast in packagecom.qiuqiu.dfmc requires a permissions review
11-01 22:55:17.248  1458  1696 W BroadcastQueue: Skipping delivery: permission review required for Intent { act=android.intent.action.PACKAGE_ADDED dat=package: flg=0x4000010 (has extras) } from null (pid=1458, uid=1000) to com.qiuqiu.dfmc/cn.jpush.android.service.PushReceiver
11-01 22:55:17.248  1458  1696 W BroadcastQueue: u0 Receiving a broadcast in packagecom.safesys.viruskiller requires a permissions review
11-01 22:55:17.248  1458  1696 W BroadcastQueue: Skipping delivery: permission review required for Intent { act=android.intent.action.PACKAGE_ADDED dat=package: flg=0x4000010 (has extras) } from null (pid=1458, uid=1000) to com.safesys.viruskiller/.ScanPackageBroadcast
11-01 22:55:17.251  1458  1458 V BackupManagerConstants: getFullBackupIntervalMilliseconds(...) returns 86400000
11-01 22:55:17.251  1458  1458 V BackupManagerConstants: getFullBackupRequiredNetworkType(...) returns 2
11-01 22:55:17.252  1458  1458 V BackupManagerConstants: getFullBackupRequireCharging(...) returns true
11-01 22:55:17.262  1458  1458 I Telecom : DefaultDialerCache: Refreshing default dialer for user 0: now com.google.android.dialer: DDC.oR@Ass
11-01 22:55:17.263  1458  1997 D CompatibilityChangeReporter: Compat change id reported: 218533173; UID 10220; state: DISABLED
11-01 22:55:17.273  1458  4160 W BackupTransportManager: Package com.alan.weather enabled setting: 0
11-01 22:55:17.289  1458  1802 E VerityUtils: Failed to measure fs-verity, errno 1: /data/app/~~FNoOcx9g66Lng-a2zIfmYQ==/com.alan.weather-HV8TD8Aca5FlrK-MKB4GwA==/base.apk
11-01 22:55:17.300  1458  2975 D CompatibilityChangeReporter: Compat change id reported: 161252188; UID 10220; state: DISABLED
11-01 22:55:17.308  1458  1694 W WindowMagnificationMgr: requestConnection duplicated request: connect=false, mConnectionState=DISCONNECTED
11-01 22:55:17.334  1458  1806 E PackageManager: ERROR: could not load root hash from incremental install
11-01 22:55:17.363  1458  1806 I PackageManager: Integrity check passed for file:///data/app/vmdl1878812363.tmp
11-01 22:55:17.385  1458  1694 W PackageManager: Failed registering loading progress callback. Package is fully loaded.
11-01 22:55:17.396  1458  1694 W WindowMagnificationMgr: requestConnection duplicated request: connect=false, mConnectionState=DISCONNECTED
11-01 22:55:17.614  1458  1677 V StorageManagerService: Package null has legacy storage
11-01 22:55:17.614  1458  1677 W Looper  : Slow dispatch took 114ms android.fg h=android.os.Handler c=<recycled PooledLambda@5e14c31> m=0
11-01 22:55:17.620  1458  1806 V BackupManagerService: [UserID:0] restoreAtInstall pkg=cn.com.opda.android.cleanup1 token=1f restoreSet=0
11-01 22:55:17.620  1458  1806 V BackupManagerService: [UserID:0] Finishing install immediately
11-01 22:55:17.622  1458  1806 D PackageInstallerSession: Marking session 1878812363 as applied
11-01 22:55:17.623  1458  1806 D CompatibilityChangeReporter: Compat change id reported: 168419799; UID 10221; state: DISABLED
11-01 22:55:17.623  1458  1806 D CompatibilityChangeReporter: Compat change id reported: 273564678; UID 10221; state: DISABLED
11-01 22:55:17.627  1458  4665 W AppOps  : setUidMode() called with a mode inconsistent with runtime permission state, this is discouraged and you should revoke the runtime permission instead: uid=10125, switchCode=0, mode=4, permission=android.permission.ACCESS_BACKGROUND_LOCATION
11-01 22:55:17.633  1458  1458 I Telecom : DefaultDialerCache: Refreshing default dialer for user 0: now com.google.android.dialer: DDC.oR@As4
11-01 22:55:17.635  1458  1458 V BackupManagerConstants: getFullBackupIntervalMilliseconds(...) returns 86400000
11-01 22:55:17.635  1458  1458 V BackupManagerConstants: getFullBackupRequiredNetworkType(...) returns 2
11-01 22:55:17.635  1458  1458 V BackupManagerConstants: getFullBackupRequireCharging(...) returns true
11-01 22:55:17.638  1458  5490 W BroadcastQueue: u0 Receiving a broadcast in packagecom.android.buyer requires a permissions review
11-01 22:55:17.638  1458  5490 W BroadcastQueue: Skipping delivery: permission review required for Intent { act=android.intent.action.PACKAGE_ADDED dat=package: flg=0x4000010 (has extras) } from null (pid=1458, uid=1000) to com.android.buyer/.mRve
11-01 22:55:17.649  1458  1696 W BroadcastQueue: Background execution not allowed: receiving Intent { act=android.intent.action.PACKAGE_ADDED dat=package: flg=0x4000010 (has extras) } to com.google.android.packageinstaller/com.android.packageinstaller.PackageInstalledReceiver
11-01 22:55:17.649  1458  1696 W BroadcastQueue: Background execution not allowed: receiving Intent { act=android.intent.action.PACKAGE_ADDED dat=package: flg=0x4000010 (has extras) } to com.android.vending/com.google.android.finsky.packagemonitor.impl.PackageMonitorReceiverImpl$RegisteredReceiver
11-01 22:55:17.649  1458  1696 W BroadcastQueue: Background execution not allowed: receiving Intent { act=android.intent.action.PACKAGE_ADDED dat=package: flg=0x4000010 (has extras) } to com.android.vending/com.google.android.finsky.packagemonitor.backgroundimpl.BackgroundPackageMonitorReceiverImpl$RegisteredReceiver
11-01 22:55:17.649  1458  1696 W BroadcastQueue: Background execution not allowed: receiving Intent { act=android.intent.action.PACKAGE_ADDED dat=package: flg=0x4000010 (has extras) } to com.google.android.gms/.games.chimera.GamesSystemBroadcastReceiverProxy
11-01 22:55:17.649  1458  1696 W BroadcastQueue: Background execution not allowed: receiving Intent { act=android.intent.action.PACKAGE_ADDED dat=package: flg=0x4000010 (has extras) } to com.google.android.gms/.gass.chimera.PackageChangeBroadcastReceiver
11-01 22:55:17.649  1458  1696 W BroadcastQueue: Background execution not allowed: receiving Intent { act=android.intent.action.PACKAGE_ADDED dat=package: flg=0x4000010 (has extras) } to com.google.android.gms/.chimera.GmsIntentOperationService$PersistentTrustedReceiver
11-01 22:55:17.649  1458  1696 W BroadcastQueue: Background execution not allowed: receiving Intent { act=android.intent.action.PACKAGE_ADDED dat=package: flg=0x4000010 (has extras) } to com.google.android.googlequicksearchbox/com.google.android.apps.gsa.googlequicksearchbox.GelStubAppWatcher
11-01 22:55:17.649  1458  1696 W BroadcastQueue: u0 Receiving a broadcast in packagecom.qiuqiu.dfmc requires a permissions review
11-01 22:55:17.649  1458  1696 W BroadcastQueue: Skipping delivery: permission review required for Intent { act=android.intent.action.PACKAGE_ADDED dat=package: flg=0x4000010 (has extras) } from null (pid=1458, uid=1000) to com.qiuqiu.dfmc/cn.jpush.android.service.PushReceiver
11-01 22:55:17.649  1458  1696 W BroadcastQueue: u0 Receiving a broadcast in packagecom.safesys.viruskiller requires a permissions review
11-01 22:55:17.649  1458  1696 W BroadcastQueue: Skipping delivery: permission review required for Intent { act=android.intent.action.PACKAGE_ADDED dat=package: flg=0x4000010 (has extras) } from null (pid=1458, uid=1000) to com.safesys.viruskiller/.ScanPackageBroadcast
11-01 22:55:17.661  1458  1997 D CompatibilityChangeReporter: Compat change id reported: 218533173; UID 10221; state: DISABLED
11-01 22:55:17.666  1458  1802 E VerityUtils: Failed to measure fs-verity, errno 1: /data/app/~~h7XYloYt298h38MvN86JoQ==/cn.com.opda.android.cleanup1-ap1yIjF2xJ4gcvy7YaIzNg==/base.apk
11-01 22:55:17.671  1458  1694 W WindowMagnificationMgr: requestConnection duplicated request: connect=false, mConnectionState=DISCONNECTED
11-01 22:55:17.671  1458  1458 I Telecom : DefaultDialerCache: Refreshing default dialer for user 0: now com.google.android.dialer: DDC.oR@As8
11-01 22:55:17.678  1458  4160 W BackupTransportManager: Package cn.com.opda.android.cleanup1 enabled setting: 0
11-01 22:55:17.706  1458  1806 E PackageManager: ERROR: could not load root hash from incremental install
11-01 22:55:17.746  1458  1806 I PackageManager: Integrity check passed for file:///data/app/vmdl1896782508.tmp
11-01 22:55:17.762  1458  1694 W PackageManager: Failed registering loading progress callback. Package is fully loaded.
11-01 22:55:17.767  1458  1694 W WindowMagnificationMgr: requestConnection duplicated request: connect=false, mConnectionState=DISCONNECTED
11-01 22:55:17.848  1458  1677 V StorageManagerService: Package null has legacy storage
11-01 22:55:17.885  1458  4202 D CompatibilityChangeReporter: Compat change id reported: 161252188; UID 10221; state: DISABLED
11-01 22:55:17.904  1458  5484 W AppOps  : setUidMode() called with a mode inconsistent with runtime permission state, this is discouraged and you should revoke the runtime permission instead: uid=10125, switchCode=1, mode=4, permission=android.permission.ACCESS_BACKGROUND_LOCATION
11-01 22:55:17.911  1458  4672 W AppOps  : setUidMode() called with a mode inconsistent with runtime permission state, this is discouraged and you should revoke the runtime permission instead: uid=10125, switchCode=0, mode=4, permission=android.permission.ACCESS_BACKGROUND_LOCATION
11-01 22:55:18.016  1458  1806 V BackupManagerService: [UserID:0] restoreAtInstall pkg=com.tobyyaa.superbattery token=20 restoreSet=0
11-01 22:55:18.016  1458  1806 V BackupManagerService: [UserID:0] Finishing install immediately
11-01 22:55:18.019  1458  1806 D PackageInstallerSession: Marking session 1896782508 as applied
11-01 22:55:18.024  1458  1806 D CompatibilityChangeReporter: Compat change id reported: 168419799; UID 10222; state: DISABLED
11-01 22:55:18.025  1458  1806 D CompatibilityChangeReporter: Compat change id reported: 273564678; UID 10222; state: DISABLED
11-01 22:55:18.033  1458  1458 I Telecom : DefaultDialerCache: Refreshing default dialer for user 0: now com.google.android.dialer: DDC.oR@AtI
11-01 22:55:18.035  1458  1694 W WindowMagnificationMgr: requestConnection duplicated request: connect=false, mConnectionState=DISCONNECTED
11-01 22:55:18.037  1458  1458 V BackupManagerConstants: getFullBackupIntervalMilliseconds(...) returns 86400000
11-01 22:55:18.037  1458  1458 V BackupManagerConstants: getFullBackupRequiredNetworkType(...) returns 2
11-01 22:55:18.037  1458  1458 V BackupManagerConstants: getFullBackupRequireCharging(...) returns true
11-01 22:55:18.039  1458  1696 W BroadcastQueue: u0 Receiving a broadcast in packagecom.android.buyer requires a permissions review
11-01 22:55:18.039  1458  1696 W BroadcastQueue: Skipping delivery: permission review required for Intent { act=android.intent.action.PACKAGE_ADDED dat=package: flg=0x4000010 (has extras) } from null (pid=1458, uid=1000) to com.android.buyer/.mRve
11-01 22:55:18.050  1458  1696 W BroadcastQueue: Background execution not allowed: receiving Intent { act=android.intent.action.PACKAGE_ADDED dat=package: flg=0x4000010 (has extras) } to com.google.android.packageinstaller/com.android.packageinstaller.PackageInstalledReceiver
11-01 22:55:18.050  1458  1696 W BroadcastQueue: Background execution not allowed: receiving Intent { act=android.intent.action.PACKAGE_ADDED dat=package: flg=0x4000010 (has extras) } to com.android.vending/com.google.android.finsky.packagemonitor.impl.PackageMonitorReceiverImpl$RegisteredReceiver
11-01 22:55:18.050  1458  1696 W BroadcastQueue: Background execution not allowed: receiving Intent { act=android.intent.action.PACKAGE_ADDED dat=package: flg=0x4000010 (has extras) } to com.android.vending/com.google.android.finsky.packagemonitor.backgroundimpl.BackgroundPackageMonitorReceiverImpl$RegisteredReceiver
11-01 22:55:18.050  1458  1696 W BroadcastQueue: Background execution not allowed: receiving Intent { act=android.intent.action.PACKAGE_ADDED dat=package: flg=0x4000010 (has extras) } to com.google.android.gms/.games.chimera.GamesSystemBroadcastReceiverProxy
11-01 22:55:18.050  1458  1696 W BroadcastQueue: Background execution not allowed: receiving Intent { act=android.intent.action.PACKAGE_ADDED dat=package: flg=0x4000010 (has extras) } to com.google.android.gms/.gass.chimera.PackageChangeBroadcastReceiver
11-01 22:55:18.050  1458  1696 W BroadcastQueue: Background execution not allowed: receiving Intent { act=android.intent.action.PACKAGE_ADDED dat=package: flg=0x4000010 (has extras) } to com.google.android.gms/.chimera.GmsIntentOperationService$PersistentTrustedReceiver
11-01 22:55:18.050  1458  1696 W BroadcastQueue: Background execution not allowed: receiving Intent { act=android.intent.action.PACKAGE_ADDED dat=package: flg=0x4000010 (has extras) } to com.google.android.googlequicksearchbox/com.google.android.apps.gsa.googlequicksearchbox.GelStubAppWatcher
11-01 22:55:18.050  1458  1696 W BroadcastQueue: u0 Receiving a broadcast in packagecom.qiuqiu.dfmc requires a permissions review
11-01 22:55:18.050  1458  1696 W BroadcastQueue: Skipping delivery: permission review required for Intent { act=android.intent.action.PACKAGE_ADDED dat=package: flg=0x4000010 (has extras) } from null (pid=1458, uid=1000) to com.qiuqiu.dfmc/cn.jpush.android.service.PushReceiver
11-01 22:55:18.051  1458  1696 W BroadcastQueue: u0 Receiving a broadcast in packagecom.safesys.viruskiller requires a permissions review
11-01 22:55:18.051  1458  1696 W BroadcastQueue: Skipping delivery: permission review required for Intent { act=android.intent.action.PACKAGE_ADDED dat=package: flg=0x4000010 (has extras) } from null (pid=1458, uid=1000) to com.safesys.viruskiller/.ScanPackageBroadcast
11-01 22:55:18.070  1458  1458 I Telecom : DefaultDialerCache: Refreshing default dialer for user 0: now com.google.android.dialer: DDC.oR@AtM
