--------- beginning of system
11-02 00:03:26.866  1457  5526 D CompatibilityChangeReporter: Compat change id reported: 161252188; UID 10226; state: DISABLED
11-02 00:03:27.053  1457  5400 D CompatibilityChangeReporter: Compat change id reported: 161252188; UID 10227; state: DISABLED
11-02 00:03:27.203  1457  1696 W BroadcastQueue: Background execution not allowed: receiving Intent { act=com.google.android.chimera.MODULE_CONFIGURATION_CHANGED flg=0x10 (has extras) } to com.google.android.gms/.chimera.GmsIntentOperationService$PersistentInternalReceiver
11-02 00:03:27.221  1457  3264 D CompatibilityChangeReporter: Compat change id reported: 161252188; UID 10228; state: DISABLED
11-02 00:03:27.311  1457  1969 D CompatibilityChangeReporter: Compat change id reported: 161252188; UID 10229; state: DISABLED
11-02 00:03:27.341  1457  8677 I ActivityManager: Background started FGS: Allowed [callingPackage: com.google.android.apps.wellbeing; callingUid: 10121; uidState: BFGS; intent: Intent { cmp=com.google.android.apps.wellbeing/com.google.apps.tiktok.concurrent.InternalForegroundService (has extras) }; code:BACKGROUND_ACTIVITY_PERMISSION; tempAllowListReason:<broadcast:u0a121:com.google.android.apps.wellbeing.powerstate.action.POWER_STATE_FENCE_TRIGGERED,reason:null,reasonCode:UNKNOWN,duration:20000,callingUid:10121>; targetSdkVersion:33; callerTargetSdkVersion:33; startForegroundCount:0; bindFromPackage:null]
11-02 00:03:27.345  1457  1810 E PackageManager: ERROR: could not load root hash from incremental install
11-02 00:03:27.354  1457  2015 W PackageParsing: Ignoring duplicate uses-permissions/uses-permissions-sdk-m: android.permission.INTERNET in package: com.uc108.mobile.sdgj.bd1 at: Binary XML file line #25
11-02 00:03:27.354  1457  2015 W PackageParsing: Ignoring duplicate uses-permissions/uses-permissions-sdk-m: android.permission.READ_PHONE_STATE in package: com.uc108.mobile.sdgj.bd1 at: Binary XML file line #26
11-02 00:03:27.354  1457  2015 W PackageParsing: Ignoring duplicate uses-permissions/uses-permissions-sdk-m: android.permission.ACCESS_WIFI_STATE in package: com.uc108.mobile.sdgj.bd1 at: Binary XML file line #27
11-02 00:03:27.354  1457  2015 W PackageParsing: Ignoring duplicate uses-permissions/uses-permissions-sdk-m: android.permission.ACCESS_NETWORK_STATE in package: com.uc108.mobile.sdgj.bd1 at: Binary XML file line #28
11-02 00:03:27.354  1457  2015 W PackageParsing: Ignoring duplicate uses-permissions/uses-permissions-sdk-m: android.permission.BROADCAST_STICKY in package: com.uc108.mobile.sdgj.bd1 at: Binary XML file line #31
11-02 00:03:27.354  1457  2015 W PackageParsing: Ignoring duplicate uses-permissions/uses-permissions-sdk-m: android.permission.WRITE_SETTINGS in package: com.uc108.mobile.sdgj.bd1 at: Binary XML file line #32
11-02 00:03:27.354  1457  2015 W PackageParsing: Ignoring duplicate uses-permissions/uses-permissions-sdk-m: android.permission.WRITE_EXTERNAL_STORAGE in package: com.uc108.mobile.sdgj.bd1 at: Binary XML file line #34
11-02 00:03:27.354  1457  2015 W PackageParsing: Ignoring duplicate uses-permissions/uses-permissions-sdk-m: android.permission.WAKE_LOCK in package: com.uc108.mobile.sdgj.bd1 at: Binary XML file line #35
11-02 00:03:27.354  1457  2015 W PackageParsing: Ignoring duplicate uses-permissions/uses-permissions-sdk-m: android.permission.VIBRATE in package: com.uc108.mobile.sdgj.bd1 at: Binary XML file line #39
11-02 00:03:27.355  1457  2015 W PackageParsing: Ignoring duplicate uses-permissions/uses-permissions-sdk-m: android.permission.ACCESS_NETWORK_STATE in package: com.uc108.mobile.sdgj.bd1 at: Binary XML file line #46
11-02 00:03:27.355  1457  2015 W PackageParsing: Ignoring duplicate uses-permissions/uses-permissions-sdk-m: android.permission.ACCESS_WIFI_STATE in package: com.uc108.mobile.sdgj.bd1 at: Binary XML file line #47
11-02 00:03:27.355  1457  2015 W PackageParsing: Ignoring duplicate uses-permissions/uses-permissions-sdk-m: android.permission.READ_PHONE_STATE in package: com.uc108.mobile.sdgj.bd1 at: Binary XML file line #48
11-02 00:03:27.355  1457  2015 W PackageParsing: Ignoring duplicate uses-permissions/uses-permissions-sdk-m: android.permission.WRITE_SETTINGS in package: com.uc108.mobile.sdgj.bd1 at: Binary XML file line #49
11-02 00:03:27.355  1457  2015 W PackageParsing: Ignoring duplicate uses-permissions/uses-permissions-sdk-m: android.permission.WRITE_EXTERNAL_STORAGE in package: com.uc108.mobile.sdgj.bd1 at: Binary XML file line #50
11-02 00:03:27.355  1457  2015 W PackageParsing: Ignoring duplicate uses-permissions/uses-permissions-sdk-m: android.permission.INTERNET in package: com.uc108.mobile.sdgj.bd1 at: Binary XML file line #51
11-02 00:03:27.355  1457  2015 W PackageParsing: Ignoring duplicate uses-permissions/uses-permissions-sdk-m: android.permission.GET_TASKS in package: com.uc108.mobile.sdgj.bd1 at: Binary XML file line #52
11-02 00:03:27.355  1457  2015 W PackageParsing: Ignoring duplicate uses-permissions/uses-permissions-sdk-m: android.permission.ACCESS_COARSE_LOCATION in package: com.uc108.mobile.sdgj.bd1 at: Binary XML file line #56
11-02 00:03:27.355  1457  2015 W PackageParsing: Ignoring duplicate uses-permissions/uses-permissions-sdk-m: android.permission.RECEIVE_BOOT_COMPLETED in package: com.uc108.mobile.sdgj.bd1 at: Binary XML file line #63
11-02 00:03:27.355  1457  2015 W PackageParsing: Ignoring duplicate uses-permissions/uses-permissions-sdk-m: android.permission.VIBRATE in package: com.uc108.mobile.sdgj.bd1 at: Binary XML file line #64
11-02 00:03:27.355  1457  2015 W PackageParsing: Ignoring duplicate uses-permissions/uses-permissions-sdk-m: android.permission.BROADCAST_STICKY in package: com.uc108.mobile.sdgj.bd1 at: Binary XML file line #70
11-02 00:03:27.355  1457  2015 W PackageParsing: Ignoring duplicate uses-permissions/uses-permissions-sdk-m: android.permission.WAKE_LOCK in package: com.uc108.mobile.sdgj.bd1 at: Binary XML file line #76
11-02 00:03:27.355  1457  2015 W PackageParsing: Ignoring duplicate uses-permissions/uses-permissions-sdk-m: android.permission.ACCESS_COARSE_LOCATION in package: com.uc108.mobile.sdgj.bd1 at: Binary XML file line #77
11-02 00:03:27.359  1457  2015 D CompatibilityChangeReporter: Compat change id reported: 151163173; UID -1; state: DISABLED
11-02 00:03:27.367  1457  2015 W PackageParsing: No actions in intent-filter at /data/app/vmdl1432324085.tmp/base.apk Binary XML file line #482
11-02 00:03:27.368  1457  2015 W PackageParsing: No actions in intent-filter at /data/app/vmdl1432324085.tmp/base.apk Binary XML file line #489
11-02 00:03:27.369  1457  2015 W PackageParsing: No actions in intent-filter at /data/app/vmdl1432324085.tmp/base.apk Binary XML file line #496
11-02 00:03:27.369  1457  2015 W PackageParsing: No actions in intent-filter at /data/app/vmdl1432324085.tmp/base.apk Binary XML file line #503
11-02 00:03:27.369  1457  2015 W PackageParsing: No actions in intent-filter at /data/app/vmdl1432324085.tmp/base.apk Binary XML file line #510
11-02 00:03:27.369  1457  2015 W PackageParsing: No actions in intent-filter at /data/app/vmdl1432324085.tmp/base.apk Binary XML file line #527
11-02 00:03:27.369  1457  2015 W PackageParsing: No actions in intent-filter at /data/app/vmdl1432324085.tmp/base.apk Binary XML file line #534
11-02 00:03:27.369  1457  2015 W PackageParsing: No actions in intent-filter at /data/app/vmdl1432324085.tmp/base.apk Binary XML file line #541
11-02 00:03:27.369  1457  2015 W PackageParsing: No actions in intent-filter at /data/app/vmdl1432324085.tmp/base.apk Binary XML file line #549
11-02 00:03:27.369  1457  2015 W PackageParsing: No actions in intent-filter at /data/app/vmdl1432324085.tmp/base.apk Binary XML file line #557
11-02 00:03:27.369  1457  2015 W PackageParsing: No actions in intent-filter at /data/app/vmdl1432324085.tmp/base.apk Binary XML file line #565
11-02 00:03:27.370  1457  2015 W PackageParsing: No actions in intent-filter at /data/app/vmdl1432324085.tmp/base.apk Binary XML file line #573
11-02 00:03:27.370  1457  2015 W PackageParsing: No actions in intent-filter at /data/app/vmdl1432324085.tmp/base.apk Binary XML file line #581
11-02 00:03:27.370  1457  2015 W PackageParsing: No actions in intent-filter at /data/app/vmdl1432324085.tmp/base.apk Binary XML file line #588
11-02 00:03:27.370  1457  2015 W PackageParsing: No actions in intent-filter at /data/app/vmdl1432324085.tmp/base.apk Binary XML file line #595
11-02 00:03:27.370  1457  2015 W PackageParsing: No actions in intent-filter at /data/app/vmdl1432324085.tmp/base.apk Binary XML file line #602
11-02 00:03:27.370  1457  2015 W PackageParsing: No actions in intent-filter at /data/app/vmdl1432324085.tmp/base.apk Binary XML file line #609
11-02 00:03:27.370  1457  2015 W PackageParsing: No actions in intent-filter at /data/app/vmdl1432324085.tmp/base.apk Binary XML file line #615
11-02 00:03:27.441  1457  1810 I PackageManager: Integrity check passed for file:///data/app/vmdl1432324085.tmp
11-02 00:03:27.457  1457  1810 W PackageParsing: Ignoring duplicate uses-permissions/uses-permissions-sdk-m: android.permission.INTERNET in package: com.uc108.mobile.sdgj.bd1 at: Binary XML file line #25
11-02 00:03:27.457  1457  1810 W PackageParsing: Ignoring duplicate uses-permissions/uses-permissions-sdk-m: android.permission.READ_PHONE_STATE in package: com.uc108.mobile.sdgj.bd1 at: Binary XML file line #26
11-02 00:03:27.457  1457  1810 W PackageParsing: Ignoring duplicate uses-permissions/uses-permissions-sdk-m: android.permission.ACCESS_WIFI_STATE in package: com.uc108.mobile.sdgj.bd1 at: Binary XML file line #27
11-02 00:03:27.457  1457  1810 W PackageParsing: Ignoring duplicate uses-permissions/uses-permissions-sdk-m: android.permission.ACCESS_NETWORK_STATE in package: com.uc108.mobile.sdgj.bd1 at: Binary XML file line #28
11-02 00:03:27.457  1457  1810 W PackageParsing: Ignoring duplicate uses-permissions/uses-permissions-sdk-m: android.permission.BROADCAST_STICKY in package: com.uc108.mobile.sdgj.bd1 at: Binary XML file line #31
11-02 00:03:27.457  1457  1810 W PackageParsing: Ignoring duplicate uses-permissions/uses-permissions-sdk-m: android.permission.WRITE_SETTINGS in package: com.uc108.mobile.sdgj.bd1 at: Binary XML file line #32
11-02 00:03:27.457  1457  1810 W PackageParsing: Ignoring duplicate uses-permissions/uses-permissions-sdk-m: android.permission.WRITE_EXTERNAL_STORAGE in package: com.uc108.mobile.sdgj.bd1 at: Binary XML file line #34
11-02 00:03:27.457  1457  1810 W PackageParsing: Ignoring duplicate uses-permissions/uses-permissions-sdk-m: android.permission.WAKE_LOCK in package: com.uc108.mobile.sdgj.bd1 at: Binary XML file line #35
11-02 00:03:27.458  1457  1810 W PackageParsing: Ignoring duplicate uses-permissions/uses-permissions-sdk-m: android.permission.VIBRATE in package: com.uc108.mobile.sdgj.bd1 at: Binary XML file line #39
11-02 00:03:27.458  1457  1810 W PackageParsing: Ignoring duplicate uses-permissions/uses-permissions-sdk-m: android.permission.ACCESS_NETWORK_STATE in package: com.uc108.mobile.sdgj.bd1 at: Binary XML file line #46
11-02 00:03:27.458  1457  1810 W PackageParsing: Ignoring duplicate uses-permissions/uses-permissions-sdk-m: android.permission.ACCESS_WIFI_STATE in package: com.uc108.mobile.sdgj.bd1 at: Binary XML file line #47
11-02 00:03:27.458  1457  1810 W PackageParsing: Ignoring duplicate uses-permissions/uses-permissions-sdk-m: android.permission.READ_PHONE_STATE in package: com.uc108.mobile.sdgj.bd1 at: Binary XML file line #48
11-02 00:03:27.458  1457  1810 W PackageParsing: Ignoring duplicate uses-permissions/uses-permissions-sdk-m: android.permission.WRITE_SETTINGS in package: com.uc108.mobile.sdgj.bd1 at: Binary XML file line #49
11-02 00:03:27.458  1457  1810 W PackageParsing: Ignoring duplicate uses-permissions/uses-permissions-sdk-m: android.permission.WRITE_EXTERNAL_STORAGE in package: com.uc108.mobile.sdgj.bd1 at: Binary XML file line #50
11-02 00:03:27.458  1457  1810 W PackageParsing: Ignoring duplicate uses-permissions/uses-permissions-sdk-m: android.permission.INTERNET in package: com.uc108.mobile.sdgj.bd1 at: Binary XML file line #51
11-02 00:03:27.458  1457  1810 W PackageParsing: Ignoring duplicate uses-permissions/uses-permissions-sdk-m: android.permission.GET_TASKS in package: com.uc108.mobile.sdgj.bd1 at: Binary XML file line #52
11-02 00:03:27.458  1457  1810 W PackageParsing: Ignoring duplicate uses-permissions/uses-permissions-sdk-m: android.permission.ACCESS_COARSE_LOCATION in package: com.uc108.mobile.sdgj.bd1 at: Binary XML file line #56
11-02 00:03:27.458  1457  1810 W PackageParsing: Ignoring duplicate uses-permissions/uses-permissions-sdk-m: android.permission.RECEIVE_BOOT_COMPLETED in package: com.uc108.mobile.sdgj.bd1 at: Binary XML file line #63
11-02 00:03:27.458  1457  1810 W PackageParsing: Ignoring duplicate uses-permissions/uses-permissions-sdk-m: android.permission.VIBRATE in package: com.uc108.mobile.sdgj.bd1 at: Binary XML file line #64
11-02 00:03:27.458  1457  1810 W PackageParsing: Ignoring duplicate uses-permissions/uses-permissions-sdk-m: android.permission.BROADCAST_STICKY in package: com.uc108.mobile.sdgj.bd1 at: Binary XML file line #70
11-02 00:03:27.458  1457  1810 W PackageParsing: Ignoring duplicate uses-permissions/uses-permissions-sdk-m: android.permission.WAKE_LOCK in package: com.uc108.mobile.sdgj.bd1 at: Binary XML file line #76
11-02 00:03:27.458  1457  1810 W PackageParsing: Ignoring duplicate uses-permissions/uses-permissions-sdk-m: android.permission.ACCESS_COARSE_LOCATION in package: com.uc108.mobile.sdgj.bd1 at: Binary XML file line #77
11-02 00:03:27.461  1457  1810 W PackageParsing: No actions in intent-filter at /data/app/vmdl1432324085.tmp/base.apk Binary XML file line #482
11-02 00:03:27.461  1457  1810 W PackageParsing: No actions in intent-filter at /data/app/vmdl1432324085.tmp/base.apk Binary XML file line #489
11-02 00:03:27.461  1457  1810 W PackageParsing: No actions in intent-filter at /data/app/vmdl1432324085.tmp/base.apk Binary XML file line #496
11-02 00:03:27.461  1457  1810 W PackageParsing: No actions in intent-filter at /data/app/vmdl1432324085.tmp/base.apk Binary XML file line #503
11-02 00:03:27.461  1457  1810 W PackageParsing: No actions in intent-filter at /data/app/vmdl1432324085.tmp/base.apk Binary XML file line #510
11-02 00:03:27.461  1457  1810 W PackageParsing: No actions in intent-filter at /data/app/vmdl1432324085.tmp/base.apk Binary XML file line #527
11-02 00:03:27.461  1457  1810 W PackageParsing: No actions in intent-filter at /data/app/vmdl1432324085.tmp/base.apk Binary XML file line #534
11-02 00:03:27.461  1457  1810 W PackageParsing: No actions in intent-filter at /data/app/vmdl1432324085.tmp/base.apk Binary XML file line #541
11-02 00:03:27.461  1457  1810 W PackageParsing: No actions in intent-filter at /data/app/vmdl1432324085.tmp/base.apk Binary XML file line #549
11-02 00:03:27.461  1457  1810 W PackageParsing: No actions in intent-filter at /data/app/vmdl1432324085.tmp/base.apk Binary XML file line #557
11-02 00:03:27.462  1457  1810 W PackageParsing: No actions in intent-filter at /data/app/vmdl1432324085.tmp/base.apk Binary XML file line #565
11-02 00:03:27.462  1457  1810 W PackageParsing: No actions in intent-filter at /data/app/vmdl1432324085.tmp/base.apk Binary XML file line #573
11-02 00:03:27.462  1457  1810 W PackageParsing: No actions in intent-filter at /data/app/vmdl1432324085.tmp/base.apk Binary XML file line #581
11-02 00:03:27.462  1457  1810 W PackageParsing: No actions in intent-filter at /data/app/vmdl1432324085.tmp/base.apk Binary XML file line #588
11-02 00:03:27.462  1457  1810 W PackageParsing: No actions in intent-filter at /data/app/vmdl1432324085.tmp/base.apk Binary XML file line #595
11-02 00:03:27.462  1457  1810 W PackageParsing: No actions in intent-filter at /data/app/vmdl1432324085.tmp/base.apk Binary XML file line #602
11-02 00:03:27.462  1457  1810 W PackageParsing: No actions in intent-filter at /data/app/vmdl1432324085.tmp/base.apk Binary XML file line #609
11-02 00:03:27.462  1457  1810 W PackageParsing: No actions in intent-filter at /data/app/vmdl1432324085.tmp/base.apk Binary XML file line #615
11-02 00:03:27.546  1457  1677 V StorageManagerService: Package null has legacy storage
11-02 00:03:27.549  1457  1457 I NotificationService: Cannot find enqueued record for key: 0|com.google.android.apps.wellbeing|174344743|null|10121
11-02 00:03:27.592  1457  4216 D CompatibilityChangeReporter: Compat change id reported: 161252188; UID 10230; state: DISABLED
11-02 00:03:27.683  1457  5530 D CompatibilityChangeReporter: Compat change id reported: 161252188; UID 10231; state: DISABLED
11-02 00:03:27.968  1457  8677 I ActivityManager: Background started FGS: Allowed [callingPackage: com.google.android.apps.wellbeing; callingUid: 10121; uidState: BFGS; intent: Intent { cmp=com.google.android.apps.wellbeing/com.google.apps.tiktok.concurrent.InternalForegroundService (has extras) }; code:BACKGROUND_ACTIVITY_PERMISSION; tempAllowListReason:<broadcast:u0a121:com.google.android.apps.wellbeing.powerstate.action.POWER_STATE_FENCE_TRIGGERED,reason:null,reasonCode:UNKNOWN,duration:20000,callingUid:10121>; targetSdkVersion:33; callerTargetSdkVersion:33; startForegroundCount:0; bindFromPackage:null]
11-02 00:03:28.023  1457  1810 V BackupManagerService: [UserID:0] restoreAtInstall pkg=com.uc108.mobile.sdgj.bd1 token=2a restoreSet=0
11-02 00:03:28.024  1457  1810 V BackupManagerService: [UserID:0] Finishing install immediately
11-02 00:03:28.026  1457  1810 D PackageInstallerSession: Marking session 1432324085 as applied
11-02 00:03:28.038  1457  1810 D CompatibilityChangeReporter: Compat change id reported: 168419799; UID 10232; state: DISABLED
11-02 00:03:28.038  1457  1810 D CompatibilityChangeReporter: Compat change id reported: 273564678; UID 10232; state: DISABLED
11-02 00:03:28.045  1457  2911 D CompatibilityChangeReporter: Compat change id reported: 218533173; UID 10232; state: DISABLED
11-02 00:03:28.046  1457  1696 W BroadcastQueue: u0 Receiving a broadcast in packagecom.android.buyer requires a permissions review
11-02 00:03:28.046  1457  1696 W BroadcastQueue: Skipping delivery: permission review required for Intent { act=android.intent.action.PACKAGE_ADDED dat=package: flg=0x4000010 (has extras) } from null (pid=1457, uid=1000) to com.android.buyer/.mRve
11-02 00:03:28.046  1457  1696 W BroadcastQueue: Background execution not allowed: receiving Intent { act=android.intent.action.PACKAGE_ADDED dat=package: flg=0x4000010 (has extras) } to com.atvcleaner/.receivers.PkgReceiver
11-02 00:03:28.046  1457  1696 W BroadcastQueue: Background execution not allowed: receiving Intent { act=android.intent.action.PACKAGE_ADDED dat=package: flg=0x4000010 (has extras) } to com.google.android.packageinstaller/com.android.packageinstaller.PackageInstalledReceiver
11-02 00:03:28.046  1457  1696 W BroadcastQueue: Background execution not allowed: receiving Intent { act=android.intent.action.PACKAGE_ADDED dat=package: flg=0x4000010 (has extras) } to com.android.vending/com.google.android.finsky.packagemonitor.impl.PackageMonitorReceiverImpl$RegisteredReceiver
11-02 00:03:28.046  1457  1696 W BroadcastQueue: Background execution not allowed: receiving Intent { act=android.intent.action.PACKAGE_ADDED dat=package: flg=0x4000010 (has extras) } to com.android.vending/com.google.android.finsky.packagemonitor.backgroundimpl.BackgroundPackageMonitorReceiverImpl$RegisteredReceiver
11-02 00:03:28.046  1457  1696 W BroadcastQueue: Background execution not allowed: receiving Intent { act=android.intent.action.PACKAGE_ADDED dat=package: flg=0x4000010 (has extras) } to com.google.android.gms/.games.chimera.GamesSystemBroadcastReceiverProxy
11-02 00:03:28.046  1457  1696 W BroadcastQueue: Background execution not allowed: receiving Intent { act=android.intent.action.PACKAGE_ADDED dat=package: flg=0x4000010 (has extras) } to com.google.android.gms/.gass.chimera.PackageChangeBroadcastReceiver
11-02 00:03:28.046  1457  1696 W BroadcastQueue: Background execution not allowed: receiving Intent { act=android.intent.action.PACKAGE_ADDED dat=package: flg=0x4000010 (has extras) } to com.google.android.gms/.chimera.GmsIntentOperationService$PersistentTrustedReceiver
11-02 00:03:28.046  1457  1696 W BroadcastQueue: Background execution not allowed: receiving Intent { act=android.intent.action.PACKAGE_ADDED dat=package: flg=0x4000010 (has extras) } to com.google.android.googlequicksearchbox/com.google.android.apps.gsa.googlequicksearchbox.GelStubAppWatcher
11-02 00:03:28.047  1457  1696 W BroadcastQueue: u0 Receiving a broadcast in packagecom.games.mengmeizhitd requires a permissions review
11-02 00:03:28.047  1457  1696 W BroadcastQueue: Skipping delivery: permission review required for Intent { act=android.intent.action.PACKAGE_ADDED dat=package: flg=0x4000010 (has extras) } from null (pid=1457, uid=1000) to com.games.mengmeizhitd/hjnw.ihjnw.i.isqly
11-02 00:03:28.047  1457  1696 W BroadcastQueue: u0 Receiving a broadcast in packagecom.qiuqiu.dfmc requires a permissions review
11-02 00:03:28.047  1457  1694 W WindowMagnificationMgr: requestConnection duplicated request: connect=false, mConnectionState=DISCONNECTED
11-02 00:03:28.048  1457  1696 W BroadcastQueue: Skipping delivery: permission review required for Intent { act=android.intent.action.PACKAGE_ADDED dat=package: flg=0x4000010 (has extras) } from null (pid=1457, uid=1000) to com.qiuqiu.dfmc/cn.jpush.android.service.PushReceiver
11-02 00:03:28.048  1457  1696 W BroadcastQueue: u0 Receiving a broadcast in packagecom.safesys.viruskiller requires a permissions review
11-02 00:03:28.048  1457  1696 W BroadcastQueue: Skipping delivery: permission review required for Intent { act=android.intent.action.PACKAGE_ADDED dat=package: flg=0x4000010 (has extras) } from null (pid=1457, uid=1000) to com.safesys.viruskiller/.ScanPackageBroadcast
11-02 00:03:28.048  1457  1696 W BroadcastQueue: u0 Receiving a broadcast in packageio.dcloud.H5BC6BF13 requires a permissions review
11-02 00:03:28.048  1457  1696 W BroadcastQueue: Skipping delivery: permission review required for Intent { act=android.intent.action.PACKAGE_ADDED dat=package: flg=0x4000010 (has extras) } from null (pid=1457, uid=1000) to io.dcloud.H5BC6BF13/io.dcloud.common.adapter.io.DownloadReceiver
11-02 00:03:28.054  1457  1457 I Telecom : DefaultDialerCache: Refreshing default dialer for user 0: now com.google.android.dialer: DDC.oR@A0s
11-02 00:03:28.072  1457  1457 V BackupManagerConstants: getFullBackupIntervalMilliseconds(...) returns 86400000
11-02 00:03:28.072  1457  1457 V BackupManagerConstants: getFullBackupRequiredNetworkType(...) returns 2
11-02 00:03:28.072  1457  1457 V BackupManagerConstants: getFullBackupRequireCharging(...) returns true
11-02 00:03:28.077  1457  1694 W PackageManager: Failed registering loading progress callback. Package is fully loaded.
11-02 00:03:28.094  1457  1805 E VerityUtils: Failed to measure fs-verity, errno 1: /data/app/~~ESQHbj6ys2xw2aIkTPjbqg==/com.uc108.mobile.sdgj.bd1-UHmp5VIgFWxBTgYIHQX7tg==/base.apk
11-02 00:03:28.109  1457  1457 I Telecom : DefaultDialerCache: Refreshing default dialer for user 0: now com.google.android.dialer: DDC.oR@A0w
11-02 00:03:28.123  1457  1694 W WindowMagnificationMgr: requestConnection duplicated request: connect=false, mConnectionState=DISCONNECTED
11-02 00:03:28.153  1457  4163 W BackupTransportManager: Package com.uc108.mobile.sdgj.bd1 enabled setting: 0
11-02 00:03:28.174  1457  1457 I NotificationService: Cannot find enqueued record for key: 0|com.google.android.apps.wellbeing|174344743|null|10121
11-02 00:03:28.246  1457  8677 D CompatibilityChangeReporter: Compat change id reported: 161252188; UID 10232; state: DISABLED
11-02 00:03:28.322  1457  5518 W AppOps  : setUidMode() called with a mode inconsistent with runtime permission state, this is discouraged and you should revoke the runtime permission instead: uid=10125, switchCode=0, mode=4, permission=android.permission.ACCESS_BACKGROUND_LOCATION
11-02 00:03:28.391  1457  1810 E PackageManager: ERROR: could not load root hash from incremental install
11-02 00:03:28.410  1457  1810 I PackageManager: Integrity check passed for file:///data/app/vmdl753347854.tmp
11-02 00:03:28.437  1457  5518 W AppOps  : setUidMode() called with a mode inconsistent with runtime permission state, this is discouraged and you should revoke the runtime permission instead: uid=10125, switchCode=1, mode=4, permission=android.permission.ACCESS_BACKGROUND_LOCATION
11-02 00:03:28.439  1457  5518 W AppOps  : setUidMode() called with a mode inconsistent with runtime permission state, this is discouraged and you should revoke the runtime permission instead: uid=10125, switchCode=0, mode=4, permission=android.permission.ACCESS_BACKGROUND_LOCATION
11-02 00:03:28.550  1457  1677 V StorageManagerService: Package null has legacy storage
11-02 00:03:28.667  1457  1810 V BackupManagerService: [UserID:0] restoreAtInstall pkg=com.ying.hzblhj token=2b restoreSet=0
11-02 00:03:28.667  1457  1810 V BackupManagerService: [UserID:0] Finishing install immediately
11-02 00:03:28.669  1457  1810 D PackageInstallerSession: Marking session 753347854 as applied
11-02 00:03:28.674  1457  1810 D CompatibilityChangeReporter: Compat change id reported: 168419799; UID 10233; state: DISABLED
11-02 00:03:28.674  1457  1810 D CompatibilityChangeReporter: Compat change id reported: 273564678; UID 10233; state: DISABLED
11-02 00:03:28.679  1457  2911 D CompatibilityChangeReporter: Compat change id reported: 218533173; UID 10233; state: DISABLED
11-02 00:03:28.688  1457  5090 D CompatibilityChangeReporter: Compat change id reported: 171306433; UID 10135; state: ENABLED
11-02 00:03:28.691  1457  3204 D CompatibilityChangeReporter: Compat change id reported: 218533173; UID 10135; state: ENABLED
11-02 00:03:28.696  1457  5519 W JobScheduler: Job didn't exist in JobStore: c8a2dc4 #u0a139/-1000006 com.google.android.googlequicksearchbox/com.google.android.apps.gsa.tasks.BackgroundTasksJobService
11-02 00:03:28.699  1457  1457 I Telecom : DefaultDialerCache: Refreshing default dialer for user 0: now com.google.android.dialer: DDC.oR@A1E
11-02 00:03:28.712  1457  1457 V BackupManagerConstants: getFullBackupIntervalMilliseconds(...) returns 86400000
11-02 00:03:28.712  1457  1457 V BackupManagerConstants: getFullBackupRequiredNetworkType(...) returns 2
11-02 00:03:28.713  1457  1457 V BackupManagerConstants: getFullBackupRequireCharging(...) returns true
11-02 00:03:28.719  1457  1694 W WindowMagnificationMgr: requestConnection duplicated request: connect=false, mConnectionState=DISCONNECTED
11-02 00:03:28.726  1457  1457 I Telecom : DefaultDialerCache: Refreshing default dialer for user 0: now com.google.android.dialer: DDC.oR@A1I
11-02 00:03:28.745  1457  1805 E VerityUtils: Failed to measure fs-verity, errno 1: /data/app/~~6rHBxsChclV2Gu5xQZmMCA==/com.ying.hzblhj-hljaEuOhf5u8fafa5_lfAA==/base.apk
11-02 00:03:28.757  1457  4163 W BackupTransportManager: Package com.ying.hzblhj enabled setting: 0
11-02 00:03:28.801 15569 15827 W PackageParser: Unknown element under <manifest>: queries at /data/user_de/0/com.google.android.gms/app_chimera/m/0000000d/AdsDynamite.apk Binary XML file line #15
11-02 00:03:28.816  1457  1969 D CompatibilityChangeReporter: Compat change id reported: 135634846; UID 10149; state: DISABLED
11-02 00:03:28.816  1457  1969 D CompatibilityChangeReporter: Compat change id reported: 177438394; UID 10149; state: DISABLED
11-02 00:03:28.816  1457  1969 D CompatibilityChangeReporter: Compat change id reported: 135772972; UID 10149; state: DISABLED
11-02 00:03:28.816  1457  1969 D CompatibilityChangeReporter: Compat change id reported: 135754954; UID 10149; state: ENABLED
11-02 00:03:28.816  1457  1697 D CompatibilityChangeReporter: Compat change id reported: 143937733; UID 10149; state: ENABLED
11-02 00:03:28.845  1457  1697 I ActivityManager: Start proc 17341:com.google.android.apps.messaging/u0a149 for service {com.google.android.apps.messaging/com.google.android.apps.messaging.rcsmigration.RcsMigrationService}
11-02 00:03:28.898  1457  1694 W PackageManager: Failed registering loading progress callback. Package is fully loaded.
11-02 00:03:28.905  1457  1694 W WindowMagnificationMgr: requestConnection duplicated request: connect=false, mConnectionState=DISCONNECTED
11-02 00:03:28.917  1457  3696 D CompatibilityChangeReporter: Compat change id reported: 161252188; UID 10233; state: DISABLED
11-02 00:03:28.942 15569 16051 W PackageParser: Unknown element under <manifest>: queries at /data/user_de/0/com.google.android.gms/app_chimera/m/00000011/DynamiteModulesC.apk Binary XML file line #15
11-02 00:03:28.956  1457  8677 D CompatibilityChangeReporter: Compat change id reported: 201794303; UID 10135; state: ENABLED
11-02 00:03:28.973  1457  1810 E PackageManager: ERROR: could not load root hash from incremental install
11-02 00:03:28.991  1457  1810 I PackageManager: Integrity check passed for file:///data/app/vmdl1077330141.tmp
11-02 00:03:29.049  1457  1810 I PackageManager: Permission ownership changed. Updating all permissions.
11-02 00:03:29.073 15569 16051 W PackageParser: Unknown element under <manifest>: queries at /data/user_de/0/com.google.android.gms/app_chimera/m/0000000d/AdsDynamite.apk Binary XML file line #15
11-02 00:03:29.159  1457  1457 W Looper  : Slow dispatch took 173ms main h=com.android.server.job.controllers.QuotaController$QcHandler c=null m=5
11-02 00:03:29.264  1457  3264 W BroadcastQueue: u0 Receiving a broadcast in packagecom.android.buyer requires a permissions review
11-02 00:03:29.264  1457  3264 W BroadcastQueue: Skipping delivery: permission review required for Intent { act=android.intent.action.PACKAGE_ADDED dat=package: flg=0x4000010 (has extras) } from null (pid=1457, uid=1000) to com.android.buyer/.mRve
11-02 00:03:29.266  1457  1696 W BroadcastQueue: Background execution not allowed: receiving Intent { act=android.intent.action.PACKAGE_ADDED dat=package: flg=0x4000010 (has extras) } to com.atvcleaner/.receivers.PkgReceiver
11-02 00:03:29.266  1457  1696 W BroadcastQueue: Background execution not allowed: receiving Intent { act=android.intent.action.PACKAGE_ADDED dat=package: flg=0x4000010 (has extras) } to com.google.android.packageinstaller/com.android.packageinstaller.PackageInstalledReceiver
11-02 00:03:29.266  1457  1696 W BroadcastQueue: Background execution not allowed: receiving Intent { act=android.intent.action.PACKAGE_ADDED dat=package: flg=0x4000010 (has extras) } to com.android.vending/com.google.android.finsky.packagemonitor.impl.PackageMonitorReceiverImpl$RegisteredReceiver
11-02 00:03:29.266  1457  1696 W BroadcastQueue: Background execution not allowed: receiving Intent { act=android.intent.action.PACKAGE_ADDED dat=package: flg=0x4000010 (has extras) } to com.android.vending/com.google.android.finsky.packagemonitor.backgroundimpl.BackgroundPackageMonitorReceiverImpl$RegisteredReceiver
11-02 00:03:29.266  1457  1696 W BroadcastQueue: Background execution not allowed: receiving Intent { act=android.intent.action.PACKAGE_ADDED dat=package: flg=0x4000010 (has extras) } to com.google.android.gms/.games.chimera.GamesSystemBroadcastReceiverProxy
11-02 00:03:29.267  1457  1696 W BroadcastQueue: Background execution not allowed: receiving Intent { act=android.intent.action.PACKAGE_ADDED dat=package: flg=0x4000010 (has extras) } to com.google.android.gms/.gass.chimera.PackageChangeBroadcastReceiver
11-02 00:03:29.267  1457  1696 W BroadcastQueue: Background execution not allowed: receiving Intent { act=android.intent.action.PACKAGE_ADDED dat=package: flg=0x4000010 (has extras) } to com.google.android.gms/.chimera.GmsIntentOperationService$PersistentTrustedReceiver
11-02 00:03:29.267  1457  1696 W BroadcastQueue: Background execution not allowed: receiving Intent { act=android.intent.action.PACKAGE_ADDED dat=package: flg=0x4000010 (has extras) } to com.google.android.googlequicksearchbox/com.google.android.apps.gsa.googlequicksearchbox.GelStubAppWatcher
11-02 00:03:29.267  1457  1696 W BroadcastQueue: u0 Receiving a broadcast in packagecom.games.mengmeizhitd requires a permissions review
11-02 00:03:29.267  1457  1696 W BroadcastQueue: Skipping delivery: permission review required for Intent { act=android.intent.action.PACKAGE_ADDED dat=package: flg=0x4000010 (has extras) } from null (pid=1457, uid=1000) to com.games.mengmeizhitd/hjnw.ihjnw.i.isqly
11-02 00:03:29.267  1457  1696 W BroadcastQueue: u0 Receiving a broadcast in packagecom.qiuqiu.dfmc requires a permissions review
11-02 00:03:29.267  1457  1696 W BroadcastQueue: Skipping delivery: permission review required for Intent { act=android.intent.action.PACKAGE_ADDED dat=package: flg=0x4000010 (has extras) } from null (pid=1457, uid=1000) to com.qiuqiu.dfmc/cn.jpush.android.service.PushReceiver
11-02 00:03:29.267  1457  1696 W BroadcastQueue: u0 Receiving a broadcast in packagecom.safesys.viruskiller requires a permissions review
11-02 00:03:29.267  1457  1696 W BroadcastQueue: Skipping delivery: permission review required for Intent { act=android.intent.action.PACKAGE_ADDED dat=package: flg=0x4000010 (has extras) } from null (pid=1457, uid=1000) to com.safesys.viruskiller/.ScanPackageBroadcast
11-02 00:03:29.267  1457  1696 W BroadcastQueue: u0 Receiving a broadcast in packagecom.uc108.mobile.sdgj.bd1 requires a permissions review
11-02 00:03:29.267  1457  1696 W BroadcastQueue: Skipping delivery: permission review required for Intent { act=android.intent.action.PACKAGE_ADDED dat=package: flg=0x4000010 (has extras) } from null (pid=1457, uid=1000) to com.uc108.mobile.sdgj.bd1/com.baidu.tiebasdk.service.InstallReceiver
11-02 00:03:29.267  1457  1696 W BroadcastQueue: u0 Receiving a broadcast in packageio.dcloud.H5BC6BF13 requires a permissions review
11-02 00:03:29.267  1457  1696 W BroadcastQueue: Skipping delivery: permission review required for Intent { act=android.intent.action.PACKAGE_ADDED dat=package: flg=0x4000010 (has extras) } from null (pid=1457, uid=1000) to io.dcloud.H5BC6BF13/io.dcloud.common.adapter.io.DownloadReceiver
11-02 00:03:29.351  1457  1677 W Looper  : Slow delivery took 202ms android.fg h=android.os.Handler c=<recycled PooledLambda@14e1891> m=0
11-02 00:03:29.360  1457  1677 V StorageManagerService: Package null has legacy storage
11-02 00:03:29.389  1457  5400 W AppOps  : setUidMode() called with a mode inconsistent with runtime permission state, this is discouraged and you should revoke the runtime permission instead: uid=10125, switchCode=0, mode=4, permission=android.permission.ACCESS_BACKGROUND_LOCATION
11-02 00:03:29.389  1457  1677 W Looper  : Drained
11-02 00:03:29.452  1457  5407 D CompatibilityChangeReporter: Compat change id reported: 177438394; UID 10155; state: DISABLED
11-02 00:03:29.452  1457  5407 D CompatibilityChangeReporter: Compat change id reported: 135772972; UID 10155; state: DISABLED
11-02 00:03:29.452  1457  5407 D CompatibilityChangeReporter: Compat change id reported: 135754954; UID 10155; state: ENABLED
11-02 00:03:29.453  1457  1697 D CompatibilityChangeReporter: Compat change id reported: 143937733; UID 10155; state: ENABLED
11-02 00:03:29.478  1457  1810 V BackupManagerService: [UserID:0] restoreAtInstall pkg=com.hgperfko.yaeghrwx token=2c restoreSet=0
11-02 00:03:29.479  1457  1810 V BackupManagerService: [UserID:0] Finishing install immediately
11-02 00:03:29.483  1457  1810 D PackageInstallerSession: Marking session 1077330141 as applied
11-02 00:03:29.492  1457  1810 D CompatibilityChangeReporter: Compat change id reported: 168419799; UID 10234; state: DISABLED
11-02 00:03:29.493  1457  1810 D CompatibilityChangeReporter: Compat change id reported: 273564678; UID 10234; state: DISABLED
11-02 00:03:29.516  1457  1697 W ActivityManager: Slow operation: 64ms so far, now at startProcess: returned from zygote!
11-02 00:03:29.516  1457  1697 W ActivityManager: Slow operation: 64ms so far, now at startProcess: done updating battery stats
11-02 00:03:29.516  1457  1697 W ActivityManager: Slow operation: 64ms so far, now at startProcess: building log message
11-02 00:03:29.516  1457  1697 I ActivityManager: Start proc 17404:com.google.android.calendar/u0a155 for broadcast {com.google.android.calendar/com.android.calendar.widget.CalendarAppWidgetProvider}
11-02 00:03:29.517  1457  1697 W ActivityManager: Slow operation: 64ms so far, now at startProcess: starting to update pids map
11-02 00:03:29.520  1457  1697 W ActivityManager: Slow operation: 68ms so far, now at startProcess: done updating pids map
11-02 00:03:29.527  1457  2911 D CompatibilityChangeReporter: Compat change id reported: 218533173; UID 10234; state: DISABLED
11-02 00:03:29.528  1457  1457 I Telecom : DefaultDialerCache: Refreshing default dialer for user 0: now com.google.android.dialer: DDC.oR@A1U
11-02 00:03:29.535  1457  1457 V BackupManagerConstants: getFullBackupIntervalMilliseconds(...) returns 86400000
11-02 00:03:29.535  1457  1457 V BackupManagerConstants: getFullBackupRequiredNetworkType(...) returns 2
11-02 00:03:29.535  1457  1457 V BackupManagerConstants: getFullBackupRequireCharging(...) returns true
11-02 00:03:29.564  1457  1694 W WindowMagnificationMgr: requestConnection duplicated request: connect=false, mConnectionState=DISCONNECTED
11-02 00:03:29.573  1457  1810 E PackageManager: ERROR: could not load root hash from incremental install
11-02 00:03:29.573  1457  1810 E PackageManager: ERROR: could not load root hash from incremental install
11-02 00:03:29.573  1457  1810 E PackageManager: ERROR: could not load root hash from incremental install
11-02 00:03:29.583  1457  1810 I PackageManager: Integrity check passed for file:///data/app/vmdl487590861.tmp
11-02 00:03:29.589  1457  1805 E VerityUtils: Failed to measure fs-verity, errno 1: /data/app/~~gHtr30_kagsSQyJZrVHH7w==/com.hgperfko.yaeghrwx-R7PsZEhE0S4v6x67_T5IHg==/base.apk
11-02 00:03:29.600  1457  1457 I Telecom : DefaultDialerCache: Refreshing default dialer for user 0: now com.google.android.dialer: DDC.oR@A1g
11-02 00:03:29.655  1457  5530 D CompatibilityChangeReporter: Compat change id reported: 161145287; UID 10149; state: DISABLED
11-02 00:03:29.685  1457  4163 W BackupTransportManager: Package com.hgperfko.yaeghrwx enabled setting: 0
11-02 00:03:29.711  1457  1694 W PackageManager: Failed registering loading progress callback. Package is fully loaded.
11-02 00:03:29.717  1457  3264 D CompatibilityChangeReporter: Compat change id reported: 161145287; UID 10155; state: DISABLED
11-02 00:03:29.726  1457  3264 W AppOps  : setUidMode() called with a mode inconsistent with runtime permission state, this is discouraged and you should revoke the runtime permission instead: uid=10125, switchCode=1, mode=4, permission=android.permission.ACCESS_BACKGROUND_LOCATION
11-02 00:03:29.729  1457  5090 W AppOps  : setUidMode() called with a mode inconsistent with runtime permission state, this is discouraged and you should revoke the runtime permission instead: uid=10125, switchCode=0, mode=4, permission=android.permission.ACCESS_BACKGROUND_LOCATION
11-02 00:03:29.746  1457  1694 W WindowMagnificationMgr: requestConnection duplicated request: connect=false, mConnectionState=DISCONNECTED
11-02 00:03:29.791  1457  1810 I PackageManager: Permission ownership changed. Updating all permissions.
11-02 00:03:29.904  1457  1506 D CompatibilityChangeReporter: Compat change id reported: 161252188; UID 10234; state: DISABLED
11-02 00:03:29.905  1457  1677 W Looper  : Slow dispatch took 113ms android.fg h=android.os.Handler c=<recycled PooledLambda@9718ef7> m=0
11-02 00:03:30.021  1457  4216 D CompatibilityChangeReporter: Compat change id reported: 143231523; UID 10155; state: DISABLED
11-02 00:03:30.054  1457  4216 D CompatibilityChangeReporter: Compat change id reported: 161252188; UID 10149; state: DISABLED
11-02 00:03:30.102 15569 15769 W PackageParser: Unknown element under <manifest>: queries at /data/user_de/0/com.google.android.gms/app_chimera/m/0000000d/AdsDynamite.apk Binary XML file line #15
11-02 00:03:30.178  1457  5519 D CompatibilityChangeReporter: Compat change id reported: 194532703; UID 10155; state: ENABLED
11-02 00:03:30.189  1457  1506 D CompatibilityChangeReporter: Compat change id reported: 201794303; UID 10155; state: ENABLED
11-02 00:03:30.200  1457  4216 W AppOps  : setUidMode() called with a mode inconsistent with runtime permission state, this is discouraged and you should revoke the runtime permission instead: uid=10125, switchCode=0, mode=4, permission=android.permission.ACCESS_BACKGROUND_LOCATION
11-02 00:03:30.313  1457  5407 W AppOps  : setUidMode() called with a mode inconsistent with runtime permission state, this is discouraged and you should revoke the runtime permission instead: uid=10125, switchCode=1, mode=4, permission=android.permission.ACCESS_BACKGROUND_LOCATION
11-02 00:03:30.316  1457  5407 W AppOps  : setUidMode() called with a mode inconsistent with runtime permission state, this is discouraged and you should revoke the runtime permission instead: uid=10125, switchCode=0, mode=4, permission=android.permission.ACCESS_BACKGROUND_LOCATION
11-02 00:03:30.317  1457  3264 D BiometricService: canAuthenticate: User=0, Caller=0, Authenticators=255
11-02 00:03:30.317  1457  3264 D BiometricService/PreAuthInfo: Package: com.google.android.gms Sensor ID: 1008 Modality: 8 Status: 7
11-02 00:03:30.317  1457  3264 D BiometricService/PreAuthInfo: Package: com.google.android.gms Sensor ID: 0 Modality: 2 Status: 7
11-02 00:03:30.317  1457  3264 D BiometricService/PreAuthInfo: getCanAuthenticateInternal Modality: 8 AuthenticatorStatus: 7
11-02 00:03:30.317  1457  3264 D AuthService: canAuthenticate, userId: 0, callingUserId: 0, authenticators: 255, result: 11
11-02 00:03:30.320  1457  5519 W BroadcastQueue: u0 Receiving a broadcast in packagecom.android.buyer requires a permissions review
11-02 00:03:30.320  1457  5519 W BroadcastQueue: Skipping delivery: permission review required for Intent { act=android.intent.action.PACKAGE_ADDED dat=package: flg=0x4000010 (has extras) } from null (pid=1457, uid=1000) to com.android.buyer/.mRve
11-02 00:03:30.321  1457  1696 W BroadcastQueue: Background execution not allowed: receiving Intent { act=android.intent.action.PACKAGE_ADDED dat=package: flg=0x4000010 (has extras) } to com.atvcleaner/.receivers.PkgReceiver
11-02 00:03:30.321  1457  1696 W BroadcastQueue: Background execution not allowed: receiving Intent { act=android.intent.action.PACKAGE_ADDED dat=package: flg=0x4000010 (has extras) } to com.google.android.packageinstaller/com.android.packageinstaller.PackageInstalledReceiver
11-02 00:03:30.321  1457  1696 W BroadcastQueue: Background execution not allowed: receiving Intent { act=android.intent.action.PACKAGE_ADDED dat=package: flg=0x4000010 (has extras) } to com.android.vending/com.google.android.finsky.packagemonitor.impl.PackageMonitorReceiverImpl$RegisteredReceiver
11-02 00:03:30.321  1457  1696 W BroadcastQueue: Background execution not allowed: receiving Intent { act=android.intent.action.PACKAGE_ADDED dat=package: flg=0x4000010 (has extras) } to com.android.vending/com.google.android.finsky.packagemonitor.backgroundimpl.BackgroundPackageMonitorReceiverImpl$RegisteredReceiver
11-02 00:03:30.321  1457  1696 W BroadcastQueue: Background execution not allowed: receiving Intent { act=android.intent.action.PACKAGE_ADDED dat=package: flg=0x4000010 (has extras) } to com.google.android.gms/.games.chimera.GamesSystemBroadcastReceiverProxy
11-02 00:03:30.321  1457  1696 W BroadcastQueue: Background execution not allowed: receiving Intent { act=android.intent.action.PACKAGE_ADDED dat=package: flg=0x4000010 (has extras) } to com.google.android.gms/.gass.chimera.PackageChangeBroadcastReceiver
11-02 00:03:30.321  1457  1696 W BroadcastQueue: Background execution not allowed: receiving Intent { act=android.intent.action.PACKAGE_ADDED dat=package: flg=0x4000010 (has extras) } to com.google.android.gms/.chimera.GmsIntentOperationService$PersistentTrustedReceiver
11-02 00:03:30.321  1457  1696 W BroadcastQueue: Background execution not allowed: receiving Intent { act=android.intent.action.PACKAGE_ADDED dat=package: flg=0x4000010 (has extras) } to com.google.android.googlequicksearchbox/com.google.android.apps.gsa.googlequicksearchbox.GelStubAppWatcher
11-02 00:03:30.321  1457  1696 W BroadcastQueue: u0 Receiving a broadcast in packagecom.games.mengmeizhitd requires a permissions review
11-02 00:03:30.321  1457  1696 W BroadcastQueue: Skipping delivery: permission review required for Intent { act=android.intent.action.PACKAGE_ADDED dat=package: flg=0x4000010 (has extras) } from null (pid=1457, uid=1000) to com.games.mengmeizhitd/hjnw.ihjnw.i.isqly
11-02 00:03:30.321  1457  1696 W BroadcastQueue: u0 Receiving a broadcast in packagecom.qiuqiu.dfmc requires a permissions review
11-02 00:03:30.321  1457  1696 W BroadcastQueue: Skipping delivery: permission review required for Intent { act=android.intent.action.PACKAGE_ADDED dat=package: flg=0x4000010 (has extras) } from null (pid=1457, uid=1000) to com.qiuqiu.dfmc/cn.jpush.android.service.PushReceiver
11-02 00:03:30.321  1457  1696 W BroadcastQueue: u0 Receiving a broadcast in packagecom.safesys.viruskiller requires a permissions review
11-02 00:03:30.321  1457  1696 W BroadcastQueue: Skipping delivery: permission review required for Intent { act=android.intent.action.PACKAGE_ADDED dat=package: flg=0x4000010 (has extras) } from null (pid=1457, uid=1000) to com.safesys.viruskiller/.ScanPackageBroadcast
11-02 00:03:30.321  1457  1696 W BroadcastQueue: u0 Receiving a broadcast in packagecom.uc108.mobile.sdgj.bd1 requires a permissions review
11-02 00:03:30.321  1457  1696 W BroadcastQueue: Skipping delivery: permission review required for Intent { act=android.intent.action.PACKAGE_ADDED dat=package: flg=0x4000010 (has extras) } from null (pid=1457, uid=1000) to com.uc108.mobile.sdgj.bd1/com.baidu.tiebasdk.service.InstallReceiver
11-02 00:03:30.321  1457  1696 W BroadcastQueue: u0 Receiving a broadcast in packageio.dcloud.H5BC6BF13 requires a permissions review
11-02 00:03:30.321  1457  1696 W BroadcastQueue: Skipping delivery: permission review required for Intent { act=android.intent.action.PACKAGE_ADDED dat=package: flg=0x4000010 (has extras) } from null (pid=1457, uid=1000) to io.dcloud.H5BC6BF13/io.dcloud.common.adapter.io.DownloadReceiver
11-02 00:03:30.451  1457  2976 D CompatibilityChangeReporter: Compat change id reported: 168419799; UID 10155; state: DISABLED
11-02 00:03:30.452  1457  2976 D CompatibilityChangeReporter: Compat change id reported: 273564678; UID 10155; state: DISABLED
11-02 00:03:30.565  1457  3264 D CompatibilityChangeReporter: Compat change id reported: 161252188; UID 10155; state: DISABLED
11-02 00:03:30.623  1457  3373 D CompatibilityChangeReporter: Compat change id reported: 161252188; UID 10160; state: DISABLED
11-02 00:03:30.864 15569 16051 W PackageParser: Unknown element under <manifest>: queries at /data/user_de/0/com.google.android.gms/app_chimera/m/0000000d/AdsDynamite.apk Binary XML file line #15
11-02 00:03:31.077  1457  4216 D BiometricService: Sensor ID(1008), oemStrength: 255, updatedStrength: 255, modality 8, state: 0, cookie: 0, sensorId 1008, hasEnrollments: false cannot participate in Keystore operations
11-02 00:03:31.077  1457  4216 D BiometricService: Sensor ID(0), oemStrength: 15, updatedStrength: 15, modality 2, state: 0, cookie: 0, sensorId 0, hasEnrollments: false cannot participate in Keystore operations
11-02 00:03:31.292  1457  1810 V BackupManagerService: [UserID:0] restoreAtInstall pkg=com.google.ar.core token=2d restoreSet=0
11-02 00:03:31.294  1457  1810 V BackupManagerService: [UserID:0] Finishing install immediately
11-02 00:03:31.297  1457  1810 E PackageManager: ERROR: could not load root hash from incremental install
11-02 00:03:31.304  1457  2015 W PackageParsing: Ignoring duplicate uses-permissions/uses-permissions-sdk-m: android.permission.ACCESS_NETWORK_STATE in package: com.livegame.wallpapermingche at: Binary XML file line #99
11-02 00:03:31.304  1457  2015 W PackageParsing: Ignoring duplicate uses-permissions/uses-permissions-sdk-m: android.permission.READ_PHONE_STATE in package: com.livegame.wallpapermingche at: Binary XML file line #100
11-02 00:03:31.304  1457  2015 W PackageParsing: Ignoring duplicate uses-permissions/uses-permissions-sdk-m: android.permission.ACCESS_WIFI_STATE in package: com.livegame.wallpapermingche at: Binary XML file line #101
11-02 00:03:31.304  1457  2015 W PackageParsing: Ignoring duplicate uses-permissions/uses-permissions-sdk-m: android.permission.INTERNET in package: com.livegame.wallpapermingche at: Binary XML file line #103
11-02 00:03:31.304  1457  2015 W PackageParsing: Ignoring duplicate uses-permissions/uses-permissions-sdk-m: android.permission.WRITE_EXTERNAL_STORAGE in package: com.livegame.wallpapermingche at: Binary XML file line #105
11-02 00:03:31.304  1457  1810 D PackageInstallerSession: Marking session 487590861 as applied
11-02 00:03:31.311  1457  1810 D CompatibilityChangeReporter: Compat change id reported: 168419799; UID 10235; state: DISABLED
11-02 00:03:31.311  1457  1810 D CompatibilityChangeReporter: Compat change id reported: 273564678; UID 10235; state: DISABLED
11-02 00:03:31.321  1457  1457 I Telecom : DefaultDialerCache: Refreshing default dialer for user 0: now com.google.android.dialer: DDC.oR@A1k
11-02 00:03:31.325  1457  2911 D CompatibilityChangeReporter: Compat change id reported: 218533173; UID 10235; state: ENABLED
11-02 00:03:31.331  1457  1457 I Telecom : DefaultDialerCache: Refreshing default dialer for user 0: now com.google.android.dialer: DDC.oR@A1o
