11-02 00:03:55.329  1457  1696 W BroadcastQueue: Skipping delivery: permission review required for Intent { act=android.intent.action.PACKAGE_ADDED dat=package: flg=0x4000010 (has extras) } from null (pid=1457, uid=1000) to io.dcloud.H5BC6BF13/io.dcloud.common.adapter.io.DownloadReceiver
11-02 00:03:55.360  1457  1457 I Telecom : DefaultDialerCache: Refreshing default dialer for user 0: now com.google.android.dialer: DDC.oR@A/E
11-02 00:03:55.364  1457  4163 W BackupTransportManager: Package com.eg.android.AlipayGphone enabled setting: 0
11-02 00:03:55.366  1457  1810 E PackageManager: ERROR: could not load root hash from incremental install
11-02 00:03:55.369  1457  1694 W PackageManager: Failed registering loading progress callback. Package is fully loaded.
11-02 00:03:55.373  1457  2015 W PackageParsing: Ignoring duplicate uses-permissions/uses-permissions-sdk-m: android.permission.RECEIVE_MMS in package: waXa6.ppt at: Binary XML file line #28
11-02 00:03:55.378  1457  1694 W WindowMagnificationMgr: requestConnection duplicated request: connect=false, mConnectionState=DISCONNECTED
11-02 00:03:55.411  1457  1810 I PackageManager: Integrity check passed for file:///data/app/vmdl69824723.tmp
11-02 00:03:55.461  1457  3204 W BroadcastQueue: u0 Receiving a broadcast in packagecom.yoojar.zlsg.baidu requires a permissions review
11-02 00:03:55.461  1457  3204 W BroadcastQueue: Skipping delivery: permission review required for Intent { act=android.intent.action.PACKAGE_CHANGED dat=package: flg=0x5000010 (has extras) } from null (pid=1457, uid=1000) to com.yoojar.zlsg.baidu/com.duoku.platform.download.broadcast.AppMonitorReceiver
11-02 00:03:55.494  1457  1810 W PackageParsing: Ignoring duplicate uses-permissions/uses-permissions-sdk-m: android.permission.RECEIVE_MMS in package: waXa6.ppt at: Binary XML file line #28
11-02 00:03:55.570  1457  1677 V StorageManagerService: Package null has legacy storage
11-02 00:03:55.608  1457  1805 E VerityUtils: Failed to measure fs-verity, errno 1: /data/app/~~G8K2OgR8No0U-c0BbJyfLw==/com.eg.android.AlipayGphone-RNMFyaSdyW6828BqU2Pa9w==/base.apk
11-02 00:03:55.664  1457  5526 W AppOps  : setUidMode() called with a mode inconsistent with runtime permission state, this is discouraged and you should revoke the runtime permission instead: uid=10125, switchCode=0, mode=4, permission=android.permission.ACCESS_BACKGROUND_LOCATION
11-02 00:03:55.692  1457  1810 V BackupManagerService: [UserID:0] restoreAtInstall pkg=waXa6.ppt token=4e restoreSet=0
11-02 00:03:55.692  1457  1810 V BackupManagerService: [UserID:0] Finishing install immediately
11-02 00:03:55.698  1457  1810 D PackageInstallerSession: Marking session 69824723 as applied
11-02 00:03:55.704  1457  1810 D CompatibilityChangeReporter: Compat change id reported: 168419799; UID 10268; state: DISABLED
11-02 00:03:55.704  1457  1810 D CompatibilityChangeReporter: Compat change id reported: 273564678; UID 10268; state: DISABLED
11-02 00:03:55.712  1457  2911 D CompatibilityChangeReporter: Compat change id reported: 218533173; UID 10268; state: DISABLED
11-02 00:03:55.725  1457  1694 W WindowMagnificationMgr: requestConnection duplicated request: connect=false, mConnectionState=DISCONNECTED
11-02 00:03:55.733  1457  1457 I Telecom : DefaultDialerCache: Refreshing default dialer for user 0: now com.google.android.dialer: DDC.oR@A/Q
11-02 00:03:55.736  1457  5533 W BroadcastQueue: u0 Receiving a broadcast in packagecom.jr.narutoii requires a permissions review
11-02 00:03:55.736  1457  5533 W BroadcastQueue: Skipping delivery: permission review required for Intent { act=android.intent.action.PACKAGE_ADDED dat=package: flg=0x4000010 (has extras) } from null (pid=1457, uid=1000) to com.jr.narutoii/com.joyriver.engine.proxy.EngineReceiver
11-02 00:03:55.748  1457  1457 V BackupManagerConstants: getFullBackupIntervalMilliseconds(...) returns 86400000
11-02 00:03:55.748  1457  1457 V BackupManagerConstants: getFullBackupRequiredNetworkType(...) returns 2
11-02 00:03:55.748  1457  1457 V BackupManagerConstants: getFullBackupRequireCharging(...) returns true
11-02 00:03:55.751  1457  1694 W PackageManager: Failed registering loading progress callback. Package is fully loaded.
11-02 00:03:55.823  1457  1696 W BroadcastQueue: u0 Receiving a broadcast in packagecom.android.buyer requires a permissions review
11-02 00:03:55.823  1457  1696 W BroadcastQueue: Skipping delivery: permission review required for Intent { act=android.intent.action.PACKAGE_ADDED dat=package: flg=0x4000010 (has extras) } from null (pid=1457, uid=1000) to com.android.buyer/.mRve
11-02 00:03:55.828  1457  1696 W BroadcastQueue: Background execution not allowed: receiving Intent { act=android.intent.action.PACKAGE_ADDED dat=package: flg=0x4000010 (has extras) } to com.atvcleaner/.receivers.PkgReceiver
11-02 00:03:55.829  1457  1696 W BroadcastQueue: Background execution not allowed: receiving Intent { act=android.intent.action.PACKAGE_ADDED dat=package: flg=0x4000010 (has extras) } to com.google.android.packageinstaller/com.android.packageinstaller.PackageInstalledReceiver
11-02 00:03:55.829  1457  1696 W BroadcastQueue: Background execution not allowed: receiving Intent { act=android.intent.action.PACKAGE_ADDED dat=package: flg=0x4000010 (has extras) } to com.android.vending/com.google.android.finsky.packagemonitor.impl.PackageMonitorReceiverImpl$RegisteredReceiver
11-02 00:03:55.829  1457  1696 W BroadcastQueue: Background execution not allowed: receiving Intent { act=android.intent.action.PACKAGE_ADDED dat=package: flg=0x4000010 (has extras) } to com.android.vending/com.google.android.finsky.packagemonitor.backgroundimpl.BackgroundPackageMonitorReceiverImpl$RegisteredReceiver
11-02 00:03:55.830  1457  1696 W BroadcastQueue: Background execution not allowed: receiving Intent { act=android.intent.action.PACKAGE_ADDED dat=package: flg=0x4000010 (has extras) } to com.google.android.gms/.games.chimera.GamesSystemBroadcastReceiverProxy
11-02 00:03:55.830  1457  1696 W BroadcastQueue: Background execution not allowed: receiving Intent { act=android.intent.action.PACKAGE_ADDED dat=package: flg=0x4000010 (has extras) } to com.google.android.gms/.gass.chimera.PackageChangeBroadcastReceiver
11-02 00:03:55.830  1457  1696 W BroadcastQueue: Background execution not allowed: receiving Intent { act=android.intent.action.PACKAGE_ADDED dat=package: flg=0x4000010 (has extras) } to com.google.android.gms/.chimera.GmsIntentOperationService$PersistentTrustedReceiver
11-02 00:03:55.830  1457  1696 W BroadcastQueue: Background execution not allowed: receiving Intent { act=android.intent.action.PACKAGE_ADDED dat=package: flg=0x4000010 (has extras) } to com.google.android.googlequicksearchbox/com.google.android.apps.gsa.googlequicksearchbox.GelStubAppWatcher
11-02 00:03:55.830  1457  1696 W BroadcastQueue: u0 Receiving a broadcast in packagecom.cncd.japan.janli.shudu requires a permissions review
11-02 00:03:55.830  1457  1696 W BroadcastQueue: Skipping delivery: permission review required for Intent { act=android.intent.action.PACKAGE_ADDED dat=package: flg=0x4000010 (has extras) } from null (pid=1457, uid=1000) to com.cncd.japan.janli.shudu/net.l.k.r
11-02 00:03:55.830  1457  1696 W BroadcastQueue: u0 Receiving a broadcast in packagecom.cncd.japan.janli.shudu requires a permissions review
11-02 00:03:55.830  1457  1696 W BroadcastQueue: Skipping delivery: permission review required for Intent { act=android.intent.action.PACKAGE_ADDED dat=package: flg=0x4000010 (has extras) } from null (pid=1457, uid=1000) to com.cncd.japan.janli.shudu/com.feiwofour.coverscreen.SR
11-02 00:03:55.830  1457  1696 W BroadcastQueue: u0 Receiving a broadcast in packagecom.games.mengmeizhitd requires a permissions review
11-02 00:03:55.830  1457  1696 W BroadcastQueue: Skipping delivery: permission review required for Intent { act=android.intent.action.PACKAGE_ADDED dat=package: flg=0x4000010 (has extras) } from null (pid=1457, uid=1000) to com.games.mengmeizhitd/hjnw.ihjnw.i.isqly
11-02 00:03:55.830  1457  1696 W BroadcastQueue: u0 Receiving a broadcast in packagecom.hgperfko.yaeghrwx requires a permissions review
11-02 00:03:55.831  1457  1696 W BroadcastQueue: Skipping delivery: permission review required for Intent { act=android.intent.action.PACKAGE_ADDED dat=package: flg=0x4000010 (has extras) } from null (pid=1457, uid=1000) to com.hgperfko.yaeghrwx/.core.hLytdCQDBv
11-02 00:03:55.831  1457  1696 W BroadcastQueue: u0 Receiving a broadcast in packagecom.qiuqiu.dfmc requires a permissions review
11-02 00:03:55.831  1457  1696 W BroadcastQueue: Skipping delivery: permission review required for Intent { act=android.intent.action.PACKAGE_ADDED dat=package: flg=0x4000010 (has extras) } from null (pid=1457, uid=1000) to com.qiuqiu.dfmc/cn.jpush.android.service.PushReceiver
11-02 00:03:55.831  1457  1696 W BroadcastQueue: u0 Receiving a broadcast in packagecom.safesys.viruskiller requires a permissions review
11-02 00:03:55.831  1457  1696 W BroadcastQueue: Skipping delivery: permission review required for Intent { act=android.intent.action.PACKAGE_ADDED dat=package: flg=0x4000010 (has extras) } from null (pid=1457, uid=1000) to com.safesys.viruskiller/.ScanPackageBroadcast
11-02 00:03:55.831  1457  1696 W BroadcastQueue: u0 Receiving a broadcast in packagecom.uc108.mobile.sdgj.bd1 requires a permissions review
11-02 00:03:55.831  1457  1696 W BroadcastQueue: Skipping delivery: permission review required for Intent { act=android.intent.action.PACKAGE_ADDED dat=package: flg=0x4000010 (has extras) } from null (pid=1457, uid=1000) to com.uc108.mobile.sdgj.bd1/com.baidu.tiebasdk.service.InstallReceiver
11-02 00:03:55.831  1457  1696 W BroadcastQueue: u0 Receiving a broadcast in packagecom.voicebianshengjinglingwc.wxl requires a permissions review
11-02 00:03:55.831  1457  1696 W BroadcastQueue: Skipping delivery: permission review required for Intent { act=android.intent.action.PACKAGE_ADDED dat=package: flg=0x4000010 (has extras) } from null (pid=1457, uid=1000) to com.voicebianshengjinglingwc.wxl/mp.ruu.Ztjjwrj
11-02 00:03:55.831  1457  1696 W BroadcastQueue: u0 Receiving a broadcast in packagecom.yoojar.zlsg.baidu requires a permissions review
11-02 00:03:55.831  1457  1696 W BroadcastQueue: Skipping delivery: permission review required for Intent { act=android.intent.action.PACKAGE_ADDED dat=package: flg=0x4000010 (has extras) } from null (pid=1457, uid=1000) to com.yoojar.zlsg.baidu/com.duoku.platform.download.broadcast.AppMonitorReceiver
11-02 00:03:55.831  1457  1696 W BroadcastQueue: u0 Receiving a broadcast in packageio.dcloud.H5BC6BF13 requires a permissions review
11-02 00:03:55.831  1457  1696 W BroadcastQueue: Skipping delivery: permission review required for Intent { act=android.intent.action.PACKAGE_ADDED dat=package: flg=0x4000010 (has extras) } from null (pid=1457, uid=1000) to io.dcloud.H5BC6BF13/io.dcloud.common.adapter.io.DownloadReceiver
11-02 00:03:55.837  1457  1805 E VerityUtils: Failed to measure fs-verity, errno 1: /data/app/~~pf8oVw60OvN4RiIu5aitvg==/waXa6.ppt-iaHrFjirwwn6bV0rwcXqAQ==/base.apk
11-02 00:03:55.863  1457  1457 I Telecom : DefaultDialerCache: Refreshing default dialer for user 0: now com.google.android.dialer: DDC.oR@A/U
11-02 00:03:55.870  1457  1694 W WindowMagnificationMgr: requestConnection duplicated request: connect=false, mConnectionState=DISCONNECTED
11-02 00:03:55.881  1457  4163 W BackupTransportManager: Package waXa6.ppt enabled setting: 0
11-02 00:03:55.907  1457  1810 E PackageManager: ERROR: could not load root hash from incremental install
11-02 00:03:55.917  1457  1810 I PackageManager: Integrity check passed for file:///data/app/vmdl1010314280.tmp
11-02 00:03:56.056  1457  9222 W BroadcastQueue: u0 Receiving a broadcast in packagecom.yoojar.zlsg.baidu requires a permissions review
11-02 00:03:56.056  1457  9222 W BroadcastQueue: Skipping delivery: permission review required for Intent { act=android.intent.action.PACKAGE_CHANGED dat=package: flg=0x5000010 (has extras) } from null (pid=1457, uid=1000) to com.yoojar.zlsg.baidu/com.duoku.platform.download.broadcast.AppMonitorReceiver
11-02 00:03:56.079  1457  1677 V StorageManagerService: Package null has legacy storage
11-02 00:03:56.097  1457  5408 W AppOps  : setUidMode() called with a mode inconsistent with runtime permission state, this is discouraged and you should revoke the runtime permission instead: uid=10125, switchCode=1, mode=4, permission=android.permission.ACCESS_BACKGROUND_LOCATION
11-02 00:03:56.100  1457  3373 W AppOps  : setUidMode() called with a mode inconsistent with runtime permission state, this is discouraged and you should revoke the runtime permission instead: uid=10125, switchCode=0, mode=4, permission=android.permission.ACCESS_BACKGROUND_LOCATION
11-02 00:03:56.116  1457  5408 D CompatibilityChangeReporter: Compat change id reported: 161252188; UID 10267; state: DISABLED
11-02 00:03:56.384  1457  2982 D CompatibilityChangeReporter: Compat change id reported: 161252188; UID 10268; state: DISABLED
11-02 00:03:56.471  1457  3373 W AppOps  : setUidMode() called with a mode inconsistent with runtime permission state, this is discouraged and you should revoke the runtime permission instead: uid=10125, switchCode=0, mode=4, permission=android.permission.ACCESS_BACKGROUND_LOCATION
11-02 00:03:56.582  1457  3373 W AppOps  : setUidMode() called with a mode inconsistent with runtime permission state, this is discouraged and you should revoke the runtime permission instead: uid=10125, switchCode=1, mode=4, permission=android.permission.ACCESS_BACKGROUND_LOCATION
11-02 00:03:56.584  1457  3373 W AppOps  : setUidMode() called with a mode inconsistent with runtime permission state, this is discouraged and you should revoke the runtime permission instead: uid=10125, switchCode=0, mode=4, permission=android.permission.ACCESS_BACKGROUND_LOCATION
11-02 00:03:56.591  1457  2981 I RescueParty: Starting to observe: [android, com.android.systemui], updated namespace: app_compat
11-02 00:03:56.592  1457  1694 I PackageWatchdog: Syncing state, reason: observing new packages
11-02 00:03:56.592  1457  1694 D PackageWatchdog: rescue-party-observer added the following packages to monitor [android, com.android.systemui]
11-02 00:03:56.592  1457  1694 I PackageWatchdog: Syncing state, reason: updated observers
11-02 00:03:56.592  1457  1694 I PackageWatchdog: Not pruning observers, elapsed time: 0ms
11-02 00:03:56.592  1457  1694 I PackageWatchdog: Saving observer state to file
11-02 00:03:56.597  1457  1457 I PackageWatchdog: Syncing health check requests for packages: {}
11-02 00:03:56.597  1457  1457 I ExplicitHealthCheckController: Service not ready to get health check supported packages. Binding...
11-02 00:03:56.601  1457  1457 I ExplicitHealthCheckController: Explicit health check service is bound
11-02 00:03:56.612  1457  1457 I ExplicitHealthCheckController: Explicit health check service is connected ComponentInfo{android.ext.services/android.ext.services.watchdog.ExplicitHealthCheckServiceImpl}
11-02 00:03:56.612  1457  1457 I ExplicitHealthCheckController: Service initialized, syncing requests
11-02 00:03:56.615  1457  1457 I PackageWatchdog: Syncing health check requests for packages: {}
11-02 00:03:56.615  1457  1457 D ExplicitHealthCheckController: Getting health check supported packages
11-02 00:03:56.620  1457  2982 I ExplicitHealthCheckController: Explicit health check supported packages [PackageConfig{com.android.networkstack, 86400000}]
11-02 00:03:56.620  1457  2982 D PackageWatchdog: Received supported packages [PackageConfig{com.android.networkstack, 86400000}]
11-02 00:03:56.620  1457  2982 D ExplicitHealthCheckController: Getting health check requested packages
11-02 00:03:56.620  1457  5526 I ExplicitHealthCheckController: Explicit health check requested packages []
11-02 00:03:56.620  1457  5526 I ExplicitHealthCheckController: No more health check requests, unbinding...
11-02 00:03:56.622  1457  5526 I ExplicitHealthCheckController: Explicit health check service is unbound
11-02 00:03:56.735  1457  5519 W JobScheduler: Job didn't exist in JobStore: 9b29d8b #u0a151/7 com.google.android.contacts/com.google.android.apps.contacts.shortcut.ShortcutJobService
11-02 00:03:56.741  1457  1810 V BackupManagerService: [UserID:0] restoreAtInstall pkg=com.sqjuuzpr.ryxjuzs token=4f restoreSet=0
11-02 00:03:56.741  1457  1810 V BackupManagerService: [UserID:0] Finishing install immediately
11-02 00:03:56.755  1457  1810 D PackageInstallerSession: Marking session 1010314280 as applied
11-02 00:03:56.763  1457  1810 D CompatibilityChangeReporter: Compat change id reported: 168419799; UID 10269; state: DISABLED
11-02 00:03:56.763  1457  1810 D CompatibilityChangeReporter: Compat change id reported: 273564678; UID 10269; state: DISABLED
11-02 00:03:56.766  1457  9222 W BroadcastQueue: u0 Receiving a broadcast in packagecom.jr.narutoii requires a permissions review
11-02 00:03:56.766  1457  9222 W BroadcastQueue: Skipping delivery: permission review required for Intent { act=android.intent.action.PACKAGE_ADDED dat=package: flg=0x4000010 (has extras) } from null (pid=1457, uid=1000) to com.jr.narutoii/com.joyriver.engine.proxy.EngineReceiver
11-02 00:03:56.767  1457  1457 I Telecom : DefaultDialerCache: Refreshing default dialer for user 0: now com.google.android.dialer: DDC.oR@A/g
11-02 00:03:56.768  1457  2911 D CompatibilityChangeReporter: Compat change id reported: 218533173; UID 10269; state: DISABLED
11-02 00:03:56.770  1457  1457 V BackupManagerConstants: getFullBackupIntervalMilliseconds(...) returns 86400000
11-02 00:03:56.770  1457  1457 V BackupManagerConstants: getFullBackupRequiredNetworkType(...) returns 2
11-02 00:03:56.770  1457  1457 V BackupManagerConstants: getFullBackupRequireCharging(...) returns true
11-02 00:03:56.780  1457  1696 W BroadcastQueue: u0 Receiving a broadcast in packagecom.android.buyer requires a permissions review
11-02 00:03:56.780  1457  1696 W BroadcastQueue: Skipping delivery: permission review required for Intent { act=android.intent.action.PACKAGE_ADDED dat=package: flg=0x4000010 (has extras) } from null (pid=1457, uid=1000) to com.android.buyer/.mRve
11-02 00:03:56.780  1457  1696 W BroadcastQueue: Background execution not allowed: receiving Intent { act=android.intent.action.PACKAGE_ADDED dat=package: flg=0x4000010 (has extras) } to com.atvcleaner/.receivers.PkgReceiver
11-02 00:03:56.780  1457  1696 W BroadcastQueue: Background execution not allowed: receiving Intent { act=android.intent.action.PACKAGE_ADDED dat=package: flg=0x4000010 (has extras) } to com.google.android.packageinstaller/com.android.packageinstaller.PackageInstalledReceiver
11-02 00:03:56.780  1457  1696 W BroadcastQueue: Background execution not allowed: receiving Intent { act=android.intent.action.PACKAGE_ADDED dat=package: flg=0x4000010 (has extras) } to com.android.vending/com.google.android.finsky.packagemonitor.impl.PackageMonitorReceiverImpl$RegisteredReceiver
11-02 00:03:56.780  1457  1696 W BroadcastQueue: Background execution not allowed: receiving Intent { act=android.intent.action.PACKAGE_ADDED dat=package: flg=0x4000010 (has extras) } to com.android.vending/com.google.android.finsky.packagemonitor.backgroundimpl.BackgroundPackageMonitorReceiverImpl$RegisteredReceiver
11-02 00:03:56.781  1457  1696 W BroadcastQueue: Background execution not allowed: receiving Intent { act=android.intent.action.PACKAGE_ADDED dat=package: flg=0x4000010 (has extras) } to com.google.android.gms/.games.chimera.GamesSystemBroadcastReceiverProxy
11-02 00:03:56.781  1457  1696 W BroadcastQueue: Background execution not allowed: receiving Intent { act=android.intent.action.PACKAGE_ADDED dat=package: flg=0x4000010 (has extras) } to com.google.android.gms/.gass.chimera.PackageChangeBroadcastReceiver
11-02 00:03:56.781  1457  1696 W BroadcastQueue: Background execution not allowed: receiving Intent { act=android.intent.action.PACKAGE_ADDED dat=package: flg=0x4000010 (has extras) } to com.google.android.gms/.chimera.GmsIntentOperationService$PersistentTrustedReceiver
11-02 00:03:56.781  1457  1696 W BroadcastQueue: Background execution not allowed: receiving Intent { act=android.intent.action.PACKAGE_ADDED dat=package: flg=0x4000010 (has extras) } to com.google.android.googlequicksearchbox/com.google.android.apps.gsa.googlequicksearchbox.GelStubAppWatcher
11-02 00:03:56.781  1457  1696 W BroadcastQueue: u0 Receiving a broadcast in packagecom.cncd.japan.janli.shudu requires a permissions review
11-02 00:03:56.781  1457  1696 W BroadcastQueue: Skipping delivery: permission review required for Intent { act=android.intent.action.PACKAGE_ADDED dat=package: flg=0x4000010 (has extras) } from null (pid=1457, uid=1000) to com.cncd.japan.janli.shudu/net.l.k.r
11-02 00:03:56.781  1457  1696 W BroadcastQueue: u0 Receiving a broadcast in packagecom.cncd.japan.janli.shudu requires a permissions review
11-02 00:03:56.781  1457  1696 W BroadcastQueue: Skipping delivery: permission review required for Intent { act=android.intent.action.PACKAGE_ADDED dat=package: flg=0x4000010 (has extras) } from null (pid=1457, uid=1000) to com.cncd.japan.janli.shudu/com.feiwofour.coverscreen.SR
11-02 00:03:56.781  1457  1696 W BroadcastQueue: u0 Receiving a broadcast in packagecom.games.mengmeizhitd requires a permissions review
11-02 00:03:56.781  1457  1696 W BroadcastQueue: Skipping delivery: permission review required for Intent { act=android.intent.action.PACKAGE_ADDED dat=package: flg=0x4000010 (has extras) } from null (pid=1457, uid=1000) to com.games.mengmeizhitd/hjnw.ihjnw.i.isqly
11-02 00:03:56.781  1457  1696 W BroadcastQueue: u0 Receiving a broadcast in packagecom.hgperfko.yaeghrwx requires a permissions review
11-02 00:03:56.781  1457  1696 W BroadcastQueue: Skipping delivery: permission review required for Intent { act=android.intent.action.PACKAGE_ADDED dat=package: flg=0x4000010 (has extras) } from null (pid=1457, uid=1000) to com.hgperfko.yaeghrwx/.core.hLytdCQDBv
11-02 00:03:56.781  1457  1696 W BroadcastQueue: u0 Receiving a broadcast in packagecom.qiuqiu.dfmc requires a permissions review
11-02 00:03:56.781  1457  1696 W BroadcastQueue: Skipping delivery: permission review required for Intent { act=android.intent.action.PACKAGE_ADDED dat=package: flg=0x4000010 (has extras) } from null (pid=1457, uid=1000) to com.qiuqiu.dfmc/cn.jpush.android.service.PushReceiver
11-02 00:03:56.781  1457  1696 W BroadcastQueue: u0 Receiving a broadcast in packagecom.safesys.viruskiller requires a permissions review
11-02 00:03:56.781  1457  1696 W BroadcastQueue: Skipping delivery: permission review required for Intent { act=android.intent.action.PACKAGE_ADDED dat=package: flg=0x4000010 (has extras) } from null (pid=1457, uid=1000) to com.safesys.viruskiller/.ScanPackageBroadcast
11-02 00:03:56.781  1457  1696 W BroadcastQueue: u0 Receiving a broadcast in packagecom.uc108.mobile.sdgj.bd1 requires a permissions review
11-02 00:03:56.781  1457  1696 W BroadcastQueue: Skipping delivery: permission review required for Intent { act=android.intent.action.PACKAGE_ADDED dat=package: flg=0x4000010 (has extras) } from null (pid=1457, uid=1000) to com.uc108.mobile.sdgj.bd1/com.baidu.tiebasdk.service.InstallReceiver
11-02 00:03:56.781  1457  1696 W BroadcastQueue: u0 Receiving a broadcast in packagecom.voicebianshengjinglingwc.wxl requires a permissions review
11-02 00:03:56.781  1457  1696 W BroadcastQueue: Skipping delivery: permission review required for Intent { act=android.intent.action.PACKAGE_ADDED dat=package: flg=0x4000010 (has extras) } from null (pid=1457, uid=1000) to com.voicebianshengjinglingwc.wxl/mp.ruu.Ztjjwrj
11-02 00:03:56.781  1457  1696 W BroadcastQueue: u0 Receiving a broadcast in packagecom.yoojar.zlsg.baidu requires a permissions review
11-02 00:03:56.781  1457  1696 W BroadcastQueue: Skipping delivery: permission review required for Intent { act=android.intent.action.PACKAGE_ADDED dat=package: flg=0x4000010 (has extras) } from null (pid=1457, uid=1000) to com.yoojar.zlsg.baidu/com.duoku.platform.download.broadcast.AppMonitorReceiver
11-02 00:03:56.781  1457  1696 W BroadcastQueue: u0 Receiving a broadcast in packageio.dcloud.H5BC6BF13 requires a permissions review
11-02 00:03:56.781  1457  1696 W BroadcastQueue: Skipping delivery: permission review required for Intent { act=android.intent.action.PACKAGE_ADDED dat=package: flg=0x4000010 (has extras) } from null (pid=1457, uid=1000) to io.dcloud.H5BC6BF13/io.dcloud.common.adapter.io.DownloadReceiver
11-02 00:03:56.783  1457  1694 W WindowMagnificationMgr: requestConnection duplicated request: connect=false, mConnectionState=DISCONNECTED
11-02 00:03:56.785  1457  1696 D OomAdjuster: Not killing cached processes
11-02 00:03:56.819  1457  1694 W PackageManager: Failed registering loading progress callback. Package is fully loaded.
11-02 00:03:56.819  1457  1805 E VerityUtils: Failed to measure fs-verity, errno 1: /data/app/~~S_OSuV7IIsftXH8bkrOn_A==/com.sqjuuzpr.ryxjuzs-kpKTBg7PjnQTokKbuz5mIA==/base.apk
11-02 00:03:56.831  1457  1694 W WindowMagnificationMgr: requestConnection duplicated request: connect=false, mConnectionState=DISCONNECTED
11-02 00:03:56.843  1457  1457 I Telecom : DefaultDialerCache: Refreshing default dialer for user 0: now com.google.android.dialer: DDC.oR@A/k
11-02 00:03:56.844  1457  4163 W BackupTransportManager: Package com.sqjuuzpr.ryxjuzs enabled setting: 0
11-02 00:03:56.943  1457  2982 D CompatibilityChangeReporter: Compat change id reported: 161252188; UID 10269; state: DISABLED
11-02 00:03:56.995  1457  8677 W BroadcastQueue: u0 Receiving a broadcast in packagecom.yoojar.zlsg.baidu requires a permissions review
11-02 00:03:56.995  1457  8677 W BroadcastQueue: Skipping delivery: permission review required for Intent { act=android.intent.action.PACKAGE_CHANGED dat=package: flg=0x5000010 (has extras) } from null (pid=1457, uid=1000) to com.yoojar.zlsg.baidu/com.duoku.platform.download.broadcast.AppMonitorReceiver
11-02 00:03:57.044  1457  1810 E PackageManager: ERROR: could not load root hash from incremental install
11-02 00:03:57.071  1457  1810 I PackageManager: Integrity check passed for file:///data/app/vmdl2141413399.tmp
11-02 00:03:57.217  1457  1677 V StorageManagerService: Package null has legacy storage
11-02 00:03:57.366  1457  1970 I RescueParty: Starting to observe: [android, com.android.phone], updated namespace: telephony
11-02 00:03:57.367  1457  1694 I PackageWatchdog: Syncing state, reason: observing new packages
11-02 00:03:57.367  1457  1694 D PackageWatchdog: rescue-party-observer added the following packages to monitor [android, com.android.phone]
11-02 00:03:57.367  1457  1694 I PackageWatchdog: Syncing state, reason: updated observers
11-02 00:03:57.367  1457  1694 I PackageWatchdog: Not pruning observers, elapsed time: 0ms
11-02 00:03:57.367  1457  1457 I PackageWatchdog: Syncing health check requests for packages: {}
11-02 00:03:57.367  1457  1694 I PackageWatchdog: Saving observer state to file
11-02 00:03:57.367  1457  1457 I ExplicitHealthCheckController: Service not ready to get health check supported packages. Binding...
11-02 00:03:57.372  1457  1457 I ExplicitHealthCheckController: Explicit health check service is bound
11-02 00:03:57.373  1457  1457 I PackageWatchdog: Syncing health check requests for packages: {}
11-02 00:03:57.373  1457  1457 I ExplicitHealthCheckController: Service not ready to get health check supported packages. Binding...
11-02 00:03:57.373  1457  1457 I ExplicitHealthCheckController: Not binding to service, service already connecting
11-02 00:03:57.373  1457  1457 I ExplicitHealthCheckController: Explicit health check service is connected ComponentInfo{android.ext.services/android.ext.services.watchdog.ExplicitHealthCheckServiceImpl}
11-02 00:03:57.374  1457  1457 I ExplicitHealthCheckController: Service initialized, syncing requests
11-02 00:03:57.374  1457  1457 I PackageWatchdog: Syncing health check requests for packages: {}
11-02 00:03:57.374  1457  1457 D ExplicitHealthCheckController: Getting health check supported packages
11-02 00:03:57.375  1457  1970 I ExplicitHealthCheckController: Explicit health check supported packages [PackageConfig{com.android.networkstack, 86400000}]
11-02 00:03:57.375  1457  1970 D PackageWatchdog: Received supported packages [PackageConfig{com.android.networkstack, 86400000}]
11-02 00:03:57.375  1457  1970 D ExplicitHealthCheckController: Getting health check requested packages
11-02 00:03:57.375  1457  5530 I ExplicitHealthCheckController: Explicit health check requested packages []
11-02 00:03:57.375  1457  5530 I ExplicitHealthCheckController: No more health check requests, unbinding...
11-02 00:03:57.377  1457  5530 I ExplicitHealthCheckController: Explicit health check service is unbound
11-02 00:03:57.414  1457  5530 W AppOps  : setUidMode() called with a mode inconsistent with runtime permission state, this is discouraged and you should revoke the runtime permission instead: uid=10125, switchCode=0, mode=4, permission=android.permission.ACCESS_BACKGROUND_LOCATION
11-02 00:03:57.483  1457  5408 I RescueParty: Starting to observe: [android], updated namespace: app_standby
11-02 00:03:57.483  1457  1694 I PackageWatchdog: Syncing state, reason: observing new packages
11-02 00:03:57.483  1457  1694 D PackageWatchdog: rescue-party-observer added the following packages to monitor [android]
11-02 00:03:57.483  1457  1694 I PackageWatchdog: Syncing state, reason: updated observers
11-02 00:03:57.483  1457  1694 I PackageWatchdog: Not pruning observers, elapsed time: 0ms
11-02 00:03:57.483  1457  1694 I PackageWatchdog: Saving observer state to file
11-02 00:03:57.488  1457  1457 I PackageWatchdog: Syncing health check requests for packages: {}
11-02 00:03:57.488  1457  1457 I ExplicitHealthCheckController: Service not ready to get health check supported packages. Binding...
11-02 00:03:57.492  1457  1457 I ExplicitHealthCheckController: Explicit health check service is bound
11-02 00:03:57.492  1457  1457 I ExplicitHealthCheckController: Explicit health check service is connected ComponentInfo{android.ext.services/android.ext.services.watchdog.ExplicitHealthCheckServiceImpl}
11-02 00:03:57.493  1457  1457 I ExplicitHealthCheckController: Service initialized, syncing requests
11-02 00:03:57.493  1457  1457 I PackageWatchdog: Syncing health check requests for packages: {}
11-02 00:03:57.493  1457  1457 D ExplicitHealthCheckController: Getting health check supported packages
11-02 00:03:57.494  1457  2982 I ExplicitHealthCheckController: Explicit health check supported packages [PackageConfig{com.android.networkstack, 86400000}]
11-02 00:03:57.494  1457  2982 D PackageWatchdog: Received supported packages [PackageConfig{com.android.networkstack, 86400000}]
11-02 00:03:57.494  1457  2982 D ExplicitHealthCheckController: Getting health check requested packages
11-02 00:03:57.494  1457  2982 I ExplicitHealthCheckController: Explicit health check requested packages []
11-02 00:03:57.494  1457  2982 I ExplicitHealthCheckController: No more health check requests, unbinding...
11-02 00:03:57.495  1457  2982 I ExplicitHealthCheckController: Explicit health check service is unbound
11-02 00:03:57.503  1457  1983 D CompatibilityChangeReporter: Compat change id reported: 171306433; UID 10149; state: ENABLED
11-02 00:03:57.503  1457  1983 D CompatibilityChangeReporter: Compat change id reported: 226439802; UID 10149; state: DISABLED
11-02 00:03:57.510  1457  5530 W AppOps  : setUidMode() called with a mode inconsistent with runtime permission state, this is discouraged and you should revoke the runtime permission instead: uid=10125, switchCode=1, mode=4, permission=android.permission.ACCESS_BACKGROUND_LOCATION
11-02 00:03:57.511  1457  1983 D CompatibilityChangeReporter: Compat change id reported: 218533173; UID 10160; state: ENABLED
11-02 00:03:57.518  1457  5408 W AppOps  : setUidMode() called with a mode inconsistent with runtime permission state, this is discouraged and you should revoke the runtime permission instead: uid=10125, switchCode=0, mode=4, permission=android.permission.ACCESS_BACKGROUND_LOCATION
11-02 00:03:57.519  1457  1983 D CompatibilityChangeReporter: Compat change id reported: 218533173; UID 10135; state: ENABLED
11-02 00:03:57.524  1457  1983 D CompatibilityChangeReporter: Compat change id reported: 218533173; UID 10155; state: ENABLED
11-02 00:03:57.532  1457  5400 I RescueParty: Starting to observe: [com.google.android.apps.nexuslauncher], updated namespace: launcher
11-02 00:03:57.532  1457  1694 I PackageWatchdog: Syncing state, reason: observing new packages
11-02 00:03:57.533  1457  1694 D PackageWatchdog: rescue-party-observer added the following packages to monitor [com.google.android.apps.nexuslauncher]
11-02 00:03:57.533  1457  1694 I PackageWatchdog: Syncing state, reason: updated observers
11-02 00:03:57.533  1457  1694 I PackageWatchdog: Not pruning observers, elapsed time: 0ms
11-02 00:03:57.533  1457  1694 I PackageWatchdog: Saving observer state to file
11-02 00:03:57.535  1457  1983 D CompatibilityChangeReporter: Compat change id reported: 218533173; UID 10270; state: DISABLED
11-02 00:03:57.537  1457  1983 D CompatibilityChangeReporter: Compat change id reported: 218533173; UID 10148; state: ENABLED
11-02 00:03:57.541  1457  1457 I PackageWatchdog: Syncing health check requests for packages: {}
11-02 00:03:57.541  1457  1457 I ExplicitHealthCheckController: Service not ready to get health check supported packages. Binding...
11-02 00:03:57.545  1457  1457 I ExplicitHealthCheckController: Explicit health check service is bound
11-02 00:03:57.549  1457  1457 I ExplicitHealthCheckController: Explicit health check service is connected ComponentInfo{android.ext.services/android.ext.services.watchdog.ExplicitHealthCheckServiceImpl}
11-02 00:03:57.549  1457  1457 I ExplicitHealthCheckController: Service initialized, syncing requests
11-02 00:03:57.549  1457  1457 I PackageWatchdog: Syncing health check requests for packages: {}
11-02 00:03:57.549  1457  1457 D ExplicitHealthCheckController: Getting health check supported packages
11-02 00:03:57.550  1457  5530 D SearchUiPerUserService: Removing all callbacks for session Id=com.google.android.apps.nexuslauncher:8902543e-9d15-40a3-90c6-3c07b2d41584,0 and 0 callbacks.
11-02 00:03:57.551  1457  5530 I ExplicitHealthCheckController: Explicit health check supported packages [PackageConfig{com.android.networkstack, 86400000}]
11-02 00:03:57.551  1457  5530 D PackageWatchdog: Received supported packages [PackageConfig{com.android.networkstack, 86400000}]
11-02 00:03:57.551  1457  5530 D ExplicitHealthCheckController: Getting health check requested packages
11-02 00:03:57.551  1457  5400 I ExplicitHealthCheckController: Explicit health check requested packages []
11-02 00:03:57.552  1457  5400 I ExplicitHealthCheckController: No more health check requests, unbinding...
11-02 00:03:57.553  1457  5400 I ExplicitHealthCheckController: Explicit health check service is unbound
11-02 00:03:57.569  1457  2982 I RescueParty: Starting to observe: [android], updated namespace: configuration
11-02 00:03:57.569  1457  1694 I PackageWatchdog: Syncing state, reason: observing new packages
11-02 00:03:57.570  1457  1694 D PackageWatchdog: rescue-party-observer added the following packages to monitor [android]
11-02 00:03:57.570  1457  1694 I PackageWatchdog: Syncing state, reason: updated observers
11-02 00:03:57.570  1457  1694 I PackageWatchdog: Not pruning observers, elapsed time: 0ms
11-02 00:03:57.570  1457  1694 I PackageWatchdog: Saving observer state to file
11-02 00:03:57.572  1457  5530 I ActivityManager: Background started FGS: Allowed [callingPackage: com.google.android.apps.wellbeing; callingUid: 10121; uidState: BFGS; intent: Intent { cmp=com.google.android.apps.wellbeing/com.google.apps.tiktok.concurrent.InternalForegroundService (has extras) }; code:BACKGROUND_ACTIVITY_PERMISSION; tempAllowListReason:<null>; targetSdkVersion:33; callerTargetSdkVersion:33; startForegroundCount:0; bindFromPackage:null]
11-02 00:03:57.575  1457  1457 I PackageWatchdog: Syncing health check requests for packages: {}
11-02 00:03:57.575  1457  1457 I ExplicitHealthCheckController: Service not ready to get health check supported packages. Binding...
11-02 00:03:57.581  1457 18204 E SettingsToPropertiesMapper: adservices/disable_sdk_sandbox,adservices/enforce_broadcast_receiver_restrictions,adservices/fledge_ad_selection_enforce_foreground_status_custom_audience,adservices/fledge_custom_audience_max_count,adservices/fledge_custom_audience_max_num_ads,adservices/fledge_custom_audience_max_owner_count,adservices/fledge_custom_audience_per_app_max_count,adservices/fledge_js_isolate_enforce_max_heap_size,adservices/fledge_js_isolate_max_heap_size_bytes,adservices/sdk_request_permits_per_second,adservices/sdksandbox_customized_sdk_context_enabled,configuration/namespace_to_package_mapping,constrain_display_apis/always_constrain_display_apis,constrain_display_apis/never_constrain_display_apis,constrain_display_apis/never_constrain_display_apis_all_packages,device_policy_manager/disable_resources_updatability,flipendo/default_savings_mode_launch,flipendo/essential_apps,flipendo/flipendo_enabled_launch,flipendo/grayscale_enabled_launch,flipendo/lever_ble_scanning_enabled_launch,flipendo/lever_hotspot_enabled_launch,flipendo/lever_work_profile_enabled_launch,flipendo/resuspend_delay_minutes,namespace/key,namespace1/key1,namespace1/key2,namespace2/key1,namespace2/key2,package_manager_service/incfs_default_timeouts,package_manager_service/known_digesters_list,privacy/location_access_check_periodic_interval_millis,rollback/enable_rollback_timeout,rollback/watchdog_explicit_health_check_enabled,rollback/watchdog_request_timeout_millis,rollback/watchdog_trigger_failure_count,rollback/watchdog_trigger_failure_duration_millis,rollback_boot/rollback_lifetime_in_millis,systemui/nas_generate_actions,systemui/nas_generate_replies,systemui/nas_max_messages_to_extract,systemui/nas_max_suggestions,testspace/another,testspace/flagname,textclassifier/config_updater_model_enabled,textclassifier/key,textclassifier/key2,textclassifier/manifest_url_annotator_en,textclassifier/manifest_url_annotator_ru,textclassifier/model_download_backoff_delay_in_millis,textclassifier/model_download_manager_enabled,textclassifier/multi_language_support_enabled,textclassifier/testing_locale_list_override,textclassifier/textclassifier_service_package_override,window_manager/enable_default_rescind_bal_privileges_from_pending_intent_sender,wrong/nas_generate_replies, exceeds system property max length.
11-02 00:03:57.591  1457  1457 I ExplicitHealthCheckController: Explicit health check service is bound
11-02 00:03:57.597  1457  1457 I ExplicitHealthCheckController: Explicit health check service is connected ComponentInfo{android.ext.services/android.ext.services.watchdog.ExplicitHealthCheckServiceImpl}
11-02 00:03:57.597  1457  1457 I ExplicitHealthCheckController: Service initialized, syncing requests
11-02 00:03:57.597  1457  1457 I PackageWatchdog: Syncing health check requests for packages: {}
11-02 00:03:57.597  1457  1457 D ExplicitHealthCheckController: Getting health check supported packages
11-02 00:03:57.598  1457  3264 I ExplicitHealthCheckController: Explicit health check supported packages [PackageConfig{com.android.networkstack, 86400000}]
11-02 00:03:57.598  1457  3264 D PackageWatchdog: Received supported packages [PackageConfig{com.android.networkstack, 86400000}]
11-02 00:03:57.598  1457  3264 D ExplicitHealthCheckController: Getting health check requested packages
11-02 00:03:57.599  1457  2982 I ExplicitHealthCheckController: Explicit health check requested packages []
11-02 00:03:57.599  1457  2982 I ExplicitHealthCheckController: No more health check requests, unbinding...
11-02 00:03:57.600  1457  2982 I ExplicitHealthCheckController: Explicit health check service is unbound
11-02 00:03:57.690  1457  1507 I RescueParty: Starting to observe: [com.google.android.flipendo, com.android.bluetooth.bthelper, com.android.vending, com.android.networkstack, android, com.google.android.as, com.android.touch.gestures, co.aospa.sense, com.google.android.setupwizard, com.android.keychain, com.google.android.gms, com.google.android.gsf, android.ext.services, com.google.android.apps.nexuslauncher, com.android.settings, com.google.android.settings.intelligence, org.lineageos.settings, com.google.android.apps.wallpaper, com.android.phone, com.android.shell, com.android.providers.media.module, com.android.systemui, com.android.permissioncontroller, com.android.bluetooth, com.android.providers.contacts], updated namespace: privacy
11-02 00:03:57.690  1457  1694 I PackageWatchdog: Syncing state, reason: observing new packages
11-02 00:03:57.691  1457  1694 D PackageWatchdog: rescue-party-observer added the following packages to monitor [com.google.android.flipendo, com.android.bluetooth.bthelper, com.android.vending, com.android.networkstack, android, com.google.android.as, com.android.touch.gestures, co.aospa.sense, com.google.android.setupwizard, com.android.keychain, com.google.android.gms, com.google.android.gsf, android.ext.services, com.google.android.apps.nexuslauncher, com.android.settings, com.google.android.settings.intelligence, org.lineageos.settings, com.google.android.apps.wallpaper, com.android.phone, com.android.shell, com.android.providers.media.module, com.android.systemui, com.android.permissioncontroller, com.android.bluetooth, com.android.providers.contacts]
11-02 00:03:57.691  1457  1694 I PackageWatchdog: Syncing state, reason: updated observers
11-02 00:03:57.691  1457  1694 I PackageWatchdog: Not pruning observers, elapsed time: 0ms
11-02 00:03:57.691  1457  1694 I PackageWatchdog: Saving observer state to file
11-02 00:03:57.701  1457  1457 I PackageWatchdog: Syncing health check requests for packages: {}
11-02 00:03:57.701  1457  1457 I ExplicitHealthCheckController: Service not ready to get health check supported packages. Binding...
11-02 00:03:57.705  1457  1457 I ExplicitHealthCheckController: Explicit health check service is bound
11-02 00:03:57.726  1457  1457 I ExplicitHealthCheckController: Explicit health check service is connected ComponentInfo{android.ext.services/android.ext.services.watchdog.ExplicitHealthCheckServiceImpl}
11-02 00:03:57.726  1457  1457 I ExplicitHealthCheckController: Service initialized, syncing requests
11-02 00:03:57.726  1457  1457 I PackageWatchdog: Syncing health check requests for packages: {}
11-02 00:03:57.726  1457  1457 D ExplicitHealthCheckController: Getting health check supported packages
11-02 00:03:57.729  1457  5090 I ExplicitHealthCheckController: Explicit health check supported packages [PackageConfig{com.android.networkstack, 86400000}]
11-02 00:03:57.729  1457  5090 D PackageWatchdog: Received supported packages [PackageConfig{com.android.networkstack, 86400000}]
11-02 00:03:57.729  1457  5090 D ExplicitHealthCheckController: Getting health check requested packages
11-02 00:03:57.729  1457  6936 I ExplicitHealthCheckController: Explicit health check requested packages []
11-02 00:03:57.729  1457  6936 I ExplicitHealthCheckController: No more health check requests, unbinding...
11-02 00:03:57.731  1457  6936 I ExplicitHealthCheckController: Explicit health check service is unbound
11-02 00:03:57.746  1457  5411 D SearchUiPerUserService: Creating SearchSessionInfo for session Id=com.google.android.apps.nexuslauncher:1ad81824-4f44-45fe-ba7b-e19a1d6626a6,0
11-02 00:03:57.796  1457  1457 I NotificationService: Cannot find enqueued record for key: 0|com.google.android.apps.wellbeing|174344743|null|10121
11-02 00:03:57.805  1457  5532 D CoreBackPreview: Window{10cd408 u0 com.google.android.apps.nexuslauncher/com.google.android.apps.nexuslauncher.NexusLauncherActivity}: Setting back callback OnBackInvokedCallbackInfo{mCallback=android.window.IOnBackInvokedCallback$Stub$Proxy@6bbddc6, mPriority=0}
11-02 00:03:57.825  1457  5530 I RescueParty: Starting to observe: [android, com.google.android.as, com.android.settings, com.android.systemui], updated namespace: systemui
11-02 00:03:57.827  1457  1694 I PackageWatchdog: Syncing state, reason: observing new packages
11-02 00:03:57.827  1457  1694 D PackageWatchdog: rescue-party-observer added the following packages to monitor [android, com.google.android.as, com.android.settings, com.android.systemui]
11-02 00:03:57.827  1457  1694 I PackageWatchdog: Syncing state, reason: updated observers
11-02 00:03:57.827  1457  1694 I PackageWatchdog: Not pruning observers, elapsed time: 0ms
11-02 00:03:57.827  1457  1694 I PackageWatchdog: Saving observer state to file
11-02 00:03:57.833  1457  1457 I PackageWatchdog: Syncing health check requests for packages: {}
11-02 00:03:57.833  1457  1457 I ExplicitHealthCheckController: Service not ready to get health check supported packages. Binding...
11-02 00:03:57.838  1457  1969 I ActivityTaskManager: Activity reported stop, but no longer stopping: ActivityRecord{4aa3e57 u0 com.google.android.apps.nexuslauncher/.NexusLauncherActivity} t6} STOPPED
11-02 00:03:57.840  1457  1457 I ExplicitHealthCheckController: Explicit health check service is bound
11-02 00:03:57.848  1457  1969 D CompatibilityChangeReporter: Compat change id reported: 161252188; UID 10135; state: DISABLED
11-02 00:03:57.861  1457  1457 I ExplicitHealthCheckController: Explicit health check service is connected ComponentInfo{android.ext.services/android.ext.services.watchdog.ExplicitHealthCheckServiceImpl}
11-02 00:03:57.862  1457  1457 I ExplicitHealthCheckController: Service initialized, syncing requests
11-02 00:03:57.865  1457  1457 I PackageWatchdog: Syncing health check requests for packages: {}
11-02 00:03:57.865  1457  1457 D ExplicitHealthCheckController: Getting health check supported packages
11-02 00:03:57.867  1457  5532 I ExplicitHealthCheckController: Explicit health check supported packages [PackageConfig{com.android.networkstack, 86400000}]
11-02 00:03:57.867  1457  5532 D PackageWatchdog: Received supported packages [PackageConfig{com.android.networkstack, 86400000}]
11-02 00:03:57.867  1457  5532 D ExplicitHealthCheckController: Getting health check requested packages
11-02 00:03:57.868  1457  5532 I ExplicitHealthCheckController: Explicit health check requested packages []
11-02 00:03:57.868  1457  5532 I ExplicitHealthCheckController: No more health check requests, unbinding...
11-02 00:03:57.870  1457  5532 I ExplicitHealthCheckController: Explicit health check service is unbound
11-02 00:03:57.876  1457  5526 I RescueParty: Starting to observe: [android], updated namespace: media
11-02 00:03:57.876  1457  1694 I PackageWatchdog: Syncing state, reason: observing new packages
11-02 00:03:57.876  1457  1694 D PackageWatchdog: rescue-party-observer added the following packages to monitor [android]
11-02 00:03:57.876  1457  1694 I PackageWatchdog: Syncing state, reason: updated observers
11-02 00:03:57.876  1457  1694 I PackageWatchdog: Not pruning observers, elapsed time: 0ms
11-02 00:03:57.876  1457  1694 I PackageWatchdog: Saving observer state to file
11-02 00:03:57.880  1457  1457 I PackageWatchdog: Syncing health check requests for packages: {}
11-02 00:03:57.880  1457  1457 I ExplicitHealthCheckController: Service not ready to get health check supported packages. Binding...
11-02 00:03:57.883  1457  1457 I ExplicitHealthCheckController: Explicit health check service is bound
11-02 00:03:57.890  1457  1457 I ExplicitHealthCheckController: Explicit health check service is connected ComponentInfo{android.ext.services/android.ext.services.watchdog.ExplicitHealthCheckServiceImpl}
11-02 00:03:57.890  1457  1457 I ExplicitHealthCheckController: Service initialized, syncing requests
11-02 00:03:57.890  1457  1457 I PackageWatchdog: Syncing health check requests for packages: {}
11-02 00:03:57.890  1457  1457 D ExplicitHealthCheckController: Getting health check supported packages
11-02 00:03:57.892  1457  8677 I ExplicitHealthCheckController: Explicit health check supported packages [PackageConfig{com.android.networkstack, 86400000}]
11-02 00:03:57.892  1457  8677 D PackageWatchdog: Received supported packages [PackageConfig{com.android.networkstack, 86400000}]
11-02 00:03:57.892  1457  8677 D ExplicitHealthCheckController: Getting health check requested packages
11-02 00:03:57.892  1457  8677 I ExplicitHealthCheckController: Explicit health check requested packages []
11-02 00:03:57.892  1457  8677 I ExplicitHealthCheckController: No more health check requests, unbinding...
11-02 00:03:57.895  1457  8677 I ExplicitHealthCheckController: Explicit health check service is unbound
11-02 00:03:58.018  1457  1969 I RescueParty: Starting to observe: [android, com.android.settings], updated namespace: app_hibernation
11-02 00:03:58.019  1457  1694 I PackageWatchdog: Syncing state, reason: observing new packages
11-02 00:03:58.019  1457  1694 D PackageWatchdog: rescue-party-observer added the following packages to monitor [android, com.android.settings]
11-02 00:03:58.019  1457  1694 I PackageWatchdog: Syncing state, reason: updated observers
11-02 00:03:58.019  1457  1694 I PackageWatchdog: Not pruning observers, elapsed time: 0ms
11-02 00:03:58.019  1457  1694 I PackageWatchdog: Saving observer state to file
11-02 00:03:58.025  1457  1457 I PackageWatchdog: Syncing health check requests for packages: {}
11-02 00:03:58.026  1457  1457 I ExplicitHealthCheckController: Service not ready to get health check supported packages. Binding...
11-02 00:03:58.029  1457  1457 I ExplicitHealthCheckController: Explicit health check service is bound
11-02 00:03:58.030  1457  1457 D AppHibernationService: App hibernation changed to enabled=true
