11-01 22:55:21.795  1458  1696 W BroadcastQueue: Background execution not allowed: receiving Intent { act=android.intent.action.PACKAGE_ADDED dat=package: flg=0x4000010 (has extras) } to com.android.vending/com.google.android.finsky.packagemonitor.impl.PackageMonitorReceiverImpl$RegisteredReceiver
11-01 22:55:21.795  1458  1696 W BroadcastQueue: Background execution not allowed: receiving Intent { act=android.intent.action.PACKAGE_ADDED dat=package: flg=0x4000010 (has extras) } to com.android.vending/com.google.android.finsky.packagemonitor.backgroundimpl.BackgroundPackageMonitorReceiverImpl$RegisteredReceiver
11-01 22:55:21.795  1458  1696 W BroadcastQueue: Background execution not allowed: receiving Intent { act=android.intent.action.PACKAGE_ADDED dat=package: flg=0x4000010 (has extras) } to com.google.android.gms/.games.chimera.GamesSystemBroadcastReceiverProxy
11-01 22:55:21.795  1458  1696 W BroadcastQueue: Background execution not allowed: receiving Intent { act=android.intent.action.PACKAGE_ADDED dat=package: flg=0x4000010 (has extras) } to com.google.android.gms/.gass.chimera.PackageChangeBroadcastReceiver
11-01 22:55:21.795  1458  1696 W BroadcastQueue: Background execution not allowed: receiving Intent { act=android.intent.action.PACKAGE_ADDED dat=package: flg=0x4000010 (has extras) } to com.google.android.gms/.chimera.GmsIntentOperationService$PersistentTrustedReceiver
11-01 22:55:21.795  1458  1696 W BroadcastQueue: Background execution not allowed: receiving Intent { act=android.intent.action.PACKAGE_ADDED dat=package: flg=0x4000010 (has extras) } to com.google.android.googlequicksearchbox/com.google.android.apps.gsa.googlequicksearchbox.GelStubAppWatcher
11-01 22:55:21.796  1458  1696 W BroadcastQueue: u0 Receiving a broadcast in packagecom.games.mengmeizhitd requires a permissions review
11-01 22:55:21.796  1458  1696 W BroadcastQueue: Skipping delivery: permission review required for Intent { act=android.intent.action.PACKAGE_ADDED dat=package: flg=0x4000010 (has extras) } from null (pid=1458, uid=1000) to com.games.mengmeizhitd/hjnw.ihjnw.i.isqly
11-01 22:55:21.796  1458  1696 W BroadcastQueue: u0 Receiving a broadcast in packagecom.qiuqiu.dfmc requires a permissions review
11-01 22:55:21.796  1458  1696 W BroadcastQueue: Skipping delivery: permission review required for Intent { act=android.intent.action.PACKAGE_ADDED dat=package: flg=0x4000010 (has extras) } from null (pid=1458, uid=1000) to com.qiuqiu.dfmc/cn.jpush.android.service.PushReceiver
11-01 22:55:21.796  1458  1696 W BroadcastQueue: u0 Receiving a broadcast in packagecom.safesys.viruskiller requires a permissions review
11-01 22:55:21.796  1458  1696 W BroadcastQueue: Skipping delivery: permission review required for Intent { act=android.intent.action.PACKAGE_ADDED dat=package: flg=0x4000010 (has extras) } from null (pid=1458, uid=1000) to com.safesys.viruskiller/.ScanPackageBroadcast
11-01 22:55:21.797  1458  1458 V BackupManagerConstants: getFullBackupIntervalMilliseconds(...) returns 86400000
11-01 22:55:21.797  1458  1458 V BackupManagerConstants: getFullBackupRequiredNetworkType(...) returns 2
11-01 22:55:21.798  1458  1458 V BackupManagerConstants: getFullBackupRequireCharging(...) returns true
11-01 22:55:21.825  1458  1694 W PackageManager: Failed registering loading progress callback. Package is fully loaded.
11-01 22:55:21.831  1458  1997 D CompatibilityChangeReporter: Compat change id reported: 218533173; UID 10230; state: DISABLED
11-01 22:55:21.838  1458  1802 E VerityUtils: Failed to measure fs-verity, errno 1: /data/app/~~MHE_4Vw7GzUGyDTwTNZ2-w==/com.evilsunflower.animalpuzzle-L5JvE_YS85hzU6kSMU6WAQ==/base.apk
11-01 22:55:21.839  1458  1694 W WindowMagnificationMgr: requestConnection duplicated request: connect=false, mConnectionState=DISCONNECTED
11-01 22:55:21.845  1458  1458 I Telecom : DefaultDialerCache: Refreshing default dialer for user 0: now com.google.android.dialer: DDC.oR@Avk
11-01 22:55:21.858  1458  4160 W BackupTransportManager: Package com.evilsunflower.animalpuzzle enabled setting: 0
11-01 22:55:21.867  1458  3199 D CompatibilityChangeReporter: Compat change id reported: 161252188; UID 10230; state: DISABLED
11-01 22:55:21.912  1458  5490 W AppOps  : setUidMode() called with a mode inconsistent with runtime permission state, this is discouraged and you should revoke the runtime permission instead: uid=10125, switchCode=1, mode=4, permission=android.permission.ACCESS_BACKGROUND_LOCATION
11-01 22:55:21.915  1458  5484 W AppOps  : setUidMode() called with a mode inconsistent with runtime permission state, this is discouraged and you should revoke the runtime permission instead: uid=10125, switchCode=0, mode=4, permission=android.permission.ACCESS_BACKGROUND_LOCATION
11-01 22:55:21.985  1458  1806 E PackageManager: ERROR: could not load root hash from incremental install
11-01 22:55:22.000  1458  2029 W PackageParsing: Ignoring duplicate uses-permissions/uses-permissions-sdk-m: android.permission.ACCESS_WIFI_STATE in package: io.dcloud.H5BC6BF13 at: Binary XML file line #2
11-01 22:55:22.000  1458  2029 W PackageParsing: Ignoring duplicate uses-permissions/uses-permissions-sdk-m: android.permission.ACCESS_NETWORK_STATE in package: io.dcloud.H5BC6BF13 at: Binary XML file line #2
11-01 22:55:22.000  1458  2029 W PackageParsing: Ignoring duplicate uses-permissions/uses-permissions-sdk-m: android.permission.READ_PHONE_STATE in package: io.dcloud.H5BC6BF13 at: Binary XML file line #2
11-01 22:55:22.014  1458  1806 I PackageManager: Integrity check passed for file:///data/app/vmdl1950666382.tmp
11-01 22:55:22.034  1458  1806 W PackageParsing: Ignoring duplicate uses-permissions/uses-permissions-sdk-m: android.permission.ACCESS_WIFI_STATE in package: io.dcloud.H5BC6BF13 at: Binary XML file line #2
11-01 22:55:22.034  1458  1806 W PackageParsing: Ignoring duplicate uses-permissions/uses-permissions-sdk-m: android.permission.ACCESS_NETWORK_STATE in package: io.dcloud.H5BC6BF13 at: Binary XML file line #2
11-01 22:55:22.034  1458  1806 W PackageParsing: Ignoring duplicate uses-permissions/uses-permissions-sdk-m: android.permission.READ_PHONE_STATE in package: io.dcloud.H5BC6BF13 at: Binary XML file line #2
11-01 22:55:22.130  1458  1677 V StorageManagerService: Package null has legacy storage
11-01 22:55:22.258  1458  5129 I ActivityManager: Background started FGS: Allowed [callingPackage: com.google.android.apps.wellbeing; callingUid: 10120; uidState: BFGS; intent: Intent { cmp=com.google.android.apps.wellbeing/com.google.apps.tiktok.concurrent.InternalForegroundService (has extras) }; code:BACKGROUND_ACTIVITY_PERMISSION; tempAllowListReason:<null>; targetSdkVersion:33; callerTargetSdkVersion:33; startForegroundCount:0; bindFromPackage:null]
11-01 22:55:22.408  1458  1806 V BackupManagerService: [UserID:0] restoreAtInstall pkg=io.dcloud.H5BC6BF13 token=29 restoreSet=0
11-01 22:55:22.409  1458  1806 V BackupManagerService: [UserID:0] Finishing install immediately
11-01 22:55:22.411  1458  1806 D PackageInstallerSession: Marking session 1950666382 as applied
11-01 22:55:22.418  1458  1806 D CompatibilityChangeReporter: Compat change id reported: 168419799; UID 10231; state: DISABLED
11-01 22:55:22.418  1458  1806 D CompatibilityChangeReporter: Compat change id reported: 273564678; UID 10231; state: DISABLED
11-01 22:55:22.422  1458  1696 W BroadcastQueue: u0 Receiving a broadcast in packagecom.android.buyer requires a permissions review
11-01 22:55:22.422  1458  1696 W BroadcastQueue: Skipping delivery: permission review required for Intent { act=android.intent.action.PACKAGE_ADDED dat=package: flg=0x4000010 (has extras) } from null (pid=1458, uid=1000) to com.android.buyer/.mRve
11-01 22:55:22.422  1458  1696 W BroadcastQueue: Background execution not allowed: receiving Intent { act=android.intent.action.PACKAGE_ADDED dat=package: flg=0x4000010 (has extras) } to com.google.android.packageinstaller/com.android.packageinstaller.PackageInstalledReceiver
11-01 22:55:22.422  1458  1696 W BroadcastQueue: Background execution not allowed: receiving Intent { act=android.intent.action.PACKAGE_ADDED dat=package: flg=0x4000010 (has extras) } to com.android.vending/com.google.android.finsky.packagemonitor.impl.PackageMonitorReceiverImpl$RegisteredReceiver
11-01 22:55:22.422  1458  1696 W BroadcastQueue: Background execution not allowed: receiving Intent { act=android.intent.action.PACKAGE_ADDED dat=package: flg=0x4000010 (has extras) } to com.android.vending/com.google.android.finsky.packagemonitor.backgroundimpl.BackgroundPackageMonitorReceiverImpl$RegisteredReceiver
11-01 22:55:22.422  1458  1696 W BroadcastQueue: Background execution not allowed: receiving Intent { act=android.intent.action.PACKAGE_ADDED dat=package: flg=0x4000010 (has extras) } to com.google.android.gms/.games.chimera.GamesSystemBroadcastReceiverProxy
11-01 22:55:22.422  1458  1696 W BroadcastQueue: Background execution not allowed: receiving Intent { act=android.intent.action.PACKAGE_ADDED dat=package: flg=0x4000010 (has extras) } to com.google.android.gms/.gass.chimera.PackageChangeBroadcastReceiver
11-01 22:55:22.422  1458  1696 W BroadcastQueue: Background execution not allowed: receiving Intent { act=android.intent.action.PACKAGE_ADDED dat=package: flg=0x4000010 (has extras) } to com.google.android.gms/.chimera.GmsIntentOperationService$PersistentTrustedReceiver
11-01 22:55:22.422  1458  1696 W BroadcastQueue: Background execution not allowed: receiving Intent { act=android.intent.action.PACKAGE_ADDED dat=package: flg=0x4000010 (has extras) } to com.google.android.googlequicksearchbox/com.google.android.apps.gsa.googlequicksearchbox.GelStubAppWatcher
11-01 22:55:22.422  1458  1696 W BroadcastQueue: u0 Receiving a broadcast in packagecom.games.mengmeizhitd requires a permissions review
11-01 22:55:22.422  1458  1696 W BroadcastQueue: Skipping delivery: permission review required for Intent { act=android.intent.action.PACKAGE_ADDED dat=package: flg=0x4000010 (has extras) } from null (pid=1458, uid=1000) to com.games.mengmeizhitd/hjnw.ihjnw.i.isqly
11-01 22:55:22.422  1458  1696 W BroadcastQueue: u0 Receiving a broadcast in packagecom.qiuqiu.dfmc requires a permissions review
11-01 22:55:22.422  1458  1696 W BroadcastQueue: Skipping delivery: permission review required for Intent { act=android.intent.action.PACKAGE_ADDED dat=package: flg=0x4000010 (has extras) } from null (pid=1458, uid=1000) to com.qiuqiu.dfmc/cn.jpush.android.service.PushReceiver
11-01 22:55:22.422  1458  1696 W BroadcastQueue: u0 Receiving a broadcast in packagecom.safesys.viruskiller requires a permissions review
11-01 22:55:22.422  1458  1696 W BroadcastQueue: Skipping delivery: permission review required for Intent { act=android.intent.action.PACKAGE_ADDED dat=package: flg=0x4000010 (has extras) } from null (pid=1458, uid=1000) to com.safesys.viruskiller/.ScanPackageBroadcast
11-01 22:55:22.433  1458  1458 I Telecom : DefaultDialerCache: Refreshing default dialer for user 0: now com.google.android.dialer: DDC.oR@Avw
11-01 22:55:22.436  1458  1694 W WindowMagnificationMgr: requestConnection duplicated request: connect=false, mConnectionState=DISCONNECTED
11-01 22:55:22.451  1458  1997 D CompatibilityChangeReporter: Compat change id reported: 218533173; UID 10231; state: DISABLED
11-01 22:55:22.452  1458  1458 I Telecom : DefaultDialerCache: Refreshing default dialer for user 0: now com.google.android.dialer: DDC.oR@Av0
11-01 22:55:22.464  1458  1458 I NotificationService: Cannot find enqueued record for key: 0|com.google.android.apps.wellbeing|174344743|null|10120
11-01 22:55:22.480  1458  1694 W PackageManager: Failed registering loading progress callback. Package is fully loaded.
11-01 22:55:22.486  1458  1694 W WindowMagnificationMgr: requestConnection duplicated request: connect=false, mConnectionState=DISCONNECTED
11-01 22:55:22.488  1458  3199 D CompatibilityChangeReporter: Compat change id reported: 161252188; UID 10231; state: DISABLED
11-01 22:55:22.489  1458  1802 E VerityUtils: Failed to measure fs-verity, errno 1: /data/app/~~w4ho7WZuP_rMvWbItCg_7A==/io.dcloud.H5BC6BF13--cNI2r0jUJTgxpDMapzfJQ==/base.apk
11-01 22:55:22.529  1458  4160 W BackupTransportManager: Package io.dcloud.H5BC6BF13 enabled setting: 0
11-01 22:55:22.530  1458  3199 W AppOps  : setUidMode() called with a mode inconsistent with runtime permission state, this is discouraged and you should revoke the runtime permission instead: uid=10125, switchCode=0, mode=4, permission=android.permission.ACCESS_BACKGROUND_LOCATION
11-01 22:55:22.582  1458  1806 E PackageManager: ERROR: could not load root hash from incremental install
11-01 22:55:22.606  1458  1806 I PackageManager: Integrity check passed for file:///data/app/vmdl846713178.tmp
11-01 22:55:22.707  1458  1677 V StorageManagerService: Package null has legacy storage
11-01 22:55:22.760  1458  4672 W AppOps  : setUidMode() called with a mode inconsistent with runtime permission state, this is discouraged and you should revoke the runtime permission instead: uid=10125, switchCode=1, mode=4, permission=android.permission.ACCESS_BACKGROUND_LOCATION
11-01 22:55:22.763  1458  4189 W AppOps  : setUidMode() called with a mode inconsistent with runtime permission state, this is discouraged and you should revoke the runtime permission instead: uid=10125, switchCode=0, mode=4, permission=android.permission.ACCESS_BACKGROUND_LOCATION
11-01 22:55:22.835  1458  4025 I ActivityManager: Background started FGS: Allowed [callingPackage: com.google.android.apps.wellbeing; callingUid: 10120; uidState: BFGS; intent: Intent { cmp=com.google.android.apps.wellbeing/com.google.apps.tiktok.concurrent.InternalForegroundService (has extras) }; code:BACKGROUND_ACTIVITY_PERMISSION; tempAllowListReason:<null>; targetSdkVersion:33; callerTargetSdkVersion:33; startForegroundCount:0; bindFromPackage:null]
11-01 22:55:22.897  1458  1806 V BackupManagerService: [UserID:0] restoreAtInstall pkg=com.keji.danti1052 token=2a restoreSet=0
11-01 22:55:22.897  1458  1806 V BackupManagerService: [UserID:0] Finishing install immediately
11-01 22:55:22.900  1458  1806 D PackageInstallerSession: Marking session 846713178 as applied
11-01 22:55:22.904  1458  1806 D CompatibilityChangeReporter: Compat change id reported: 168419799; UID 10232; state: DISABLED
11-01 22:55:22.905  1458  1806 D CompatibilityChangeReporter: Compat change id reported: 273564678; UID 10232; state: DISABLED
11-01 22:55:22.909  1458  4025 W BroadcastQueue: u0 Receiving a broadcast in packagecom.android.buyer requires a permissions review
11-01 22:55:22.909  1458  4025 W BroadcastQueue: Skipping delivery: permission review required for Intent { act=android.intent.action.PACKAGE_ADDED dat=package: flg=0x4000010 (has extras) } from null (pid=1458, uid=1000) to com.android.buyer/.mRve
11-01 22:55:22.912  1458  1696 W BroadcastQueue: Background execution not allowed: receiving Intent { act=android.intent.action.PACKAGE_ADDED dat=package: flg=0x4000010 (has extras) } to com.google.android.packageinstaller/com.android.packageinstaller.PackageInstalledReceiver
11-01 22:55:22.912  1458  1696 W BroadcastQueue: Background execution not allowed: receiving Intent { act=android.intent.action.PACKAGE_ADDED dat=package: flg=0x4000010 (has extras) } to com.android.vending/com.google.android.finsky.packagemonitor.impl.PackageMonitorReceiverImpl$RegisteredReceiver
11-01 22:55:22.912  1458  1696 W BroadcastQueue: Background execution not allowed: receiving Intent { act=android.intent.action.PACKAGE_ADDED dat=package: flg=0x4000010 (has extras) } to com.android.vending/com.google.android.finsky.packagemonitor.backgroundimpl.BackgroundPackageMonitorReceiverImpl$RegisteredReceiver
11-01 22:55:22.912  1458  1696 W BroadcastQueue: Background execution not allowed: receiving Intent { act=android.intent.action.PACKAGE_ADDED dat=package: flg=0x4000010 (has extras) } to com.google.android.gms/.games.chimera.GamesSystemBroadcastReceiverProxy
11-01 22:55:22.912  1458  1696 W BroadcastQueue: Background execution not allowed: receiving Intent { act=android.intent.action.PACKAGE_ADDED dat=package: flg=0x4000010 (has extras) } to com.google.android.gms/.gass.chimera.PackageChangeBroadcastReceiver
11-01 22:55:22.912  1458  1696 W BroadcastQueue: Background execution not allowed: receiving Intent { act=android.intent.action.PACKAGE_ADDED dat=package: flg=0x4000010 (has extras) } to com.google.android.gms/.chimera.GmsIntentOperationService$PersistentTrustedReceiver
11-01 22:55:22.912  1458  1696 W BroadcastQueue: Background execution not allowed: receiving Intent { act=android.intent.action.PACKAGE_ADDED dat=package: flg=0x4000010 (has extras) } to com.google.android.googlequicksearchbox/com.google.android.apps.gsa.googlequicksearchbox.GelStubAppWatcher
11-01 22:55:22.912  1458  1696 W BroadcastQueue: u0 Receiving a broadcast in packagecom.games.mengmeizhitd requires a permissions review
11-01 22:55:22.912  1458  1696 W BroadcastQueue: Skipping delivery: permission review required for Intent { act=android.intent.action.PACKAGE_ADDED dat=package: flg=0x4000010 (has extras) } from null (pid=1458, uid=1000) to com.games.mengmeizhitd/hjnw.ihjnw.i.isqly
11-01 22:55:22.912  1458  1696 W BroadcastQueue: u0 Receiving a broadcast in packagecom.qiuqiu.dfmc requires a permissions review
11-01 22:55:22.912  1458  1696 W BroadcastQueue: Skipping delivery: permission review required for Intent { act=android.intent.action.PACKAGE_ADDED dat=package: flg=0x4000010 (has extras) } from null (pid=1458, uid=1000) to com.qiuqiu.dfmc/cn.jpush.android.service.PushReceiver
11-01 22:55:22.912  1458  1696 W BroadcastQueue: u0 Receiving a broadcast in packagecom.safesys.viruskiller requires a permissions review
11-01 22:55:22.912  1458  1696 W BroadcastQueue: Skipping delivery: permission review required for Intent { act=android.intent.action.PACKAGE_ADDED dat=package: flg=0x4000010 (has extras) } from null (pid=1458, uid=1000) to com.safesys.viruskiller/.ScanPackageBroadcast
11-01 22:55:22.913  1458  1696 W BroadcastQueue: u0 Receiving a broadcast in packageio.dcloud.H5BC6BF13 requires a permissions review
11-01 22:55:22.913  1458  1696 W BroadcastQueue: Skipping delivery: permission review required for Intent { act=android.intent.action.PACKAGE_ADDED dat=package: flg=0x4000010 (has extras) } from null (pid=1458, uid=1000) to io.dcloud.H5BC6BF13/io.dcloud.common.adapter.io.DownloadReceiver
11-01 22:55:22.913  1458  1458 I Telecom : DefaultDialerCache: Refreshing default dialer for user 0: now com.google.android.dialer: DDC.oR@AwI
11-01 22:55:22.919  1458  1458 V BackupManagerConstants: getFullBackupIntervalMilliseconds(...) returns 86400000
11-01 22:55:22.919  1458  1458 V BackupManagerConstants: getFullBackupRequiredNetworkType(...) returns 2
11-01 22:55:22.919  1458  1458 V BackupManagerConstants: getFullBackupRequireCharging(...) returns true
11-01 22:55:22.926  1458  1997 D CompatibilityChangeReporter: Compat change id reported: 218533173; UID 10232; state: DISABLED
11-01 22:55:22.929  1458  1458 I Telecom : DefaultDialerCache: Refreshing default dialer for user 0: now com.google.android.dialer: DDC.oR@AwM
11-01 22:55:22.952  1458  1802 E VerityUtils: Failed to measure fs-verity, errno 1: /data/app/~~LmrhqDpvH2X8_FFZBUt5yQ==/com.keji.danti1052-0CUdbt52LAmSq-VNllcitA==/base.apk
11-01 22:55:22.956  1458  1694 W WindowMagnificationMgr: requestConnection duplicated request: connect=false, mConnectionState=DISCONNECTED
11-01 22:55:22.984  1458  5494 D CompatibilityChangeReporter: Compat change id reported: 161252188; UID 10232; state: DISABLED
11-01 22:55:23.002  1458  4160 W BackupTransportManager: Package com.keji.danti1052 enabled setting: 0
11-01 22:55:23.042  1458  1458 I NotificationService: Cannot find enqueued record for key: 0|com.google.android.apps.wellbeing|174344743|null|10120
11-01 22:55:23.053  1458  1694 W PackageManager: Failed registering loading progress callback. Package is fully loaded.
11-01 22:55:23.064  1458  1694 W WindowMagnificationMgr: requestConnection duplicated request: connect=false, mConnectionState=DISCONNECTED
11-01 22:55:23.400  1458  3197 W AppOps  : setUidMode() called with a mode inconsistent with runtime permission state, this is discouraged and you should revoke the runtime permission instead: uid=10125, switchCode=0, mode=4, permission=android.permission.ACCESS_BACKGROUND_LOCATION
11-01 22:55:23.453  1458  5484 W AppOps  : setUidMode() called with a mode inconsistent with runtime permission state, this is discouraged and you should revoke the runtime permission instead: uid=10125, switchCode=1, mode=4, permission=android.permission.ACCESS_BACKGROUND_LOCATION
11-01 22:55:23.455  1458  5484 W AppOps  : setUidMode() called with a mode inconsistent with runtime permission state, this is discouraged and you should revoke the runtime permission instead: uid=10125, switchCode=0, mode=4, permission=android.permission.ACCESS_BACKGROUND_LOCATION
11-01 22:55:23.830  1458  1806 E PackageManager: ERROR: could not load root hash from incremental install
11-01 22:55:23.842  1458  2029 W PackageParsing: Ignoring duplicate uses-permissions/uses-permissions-sdk-m: android.permission.INTERNET in package: com.uc108.mobile.sdgj.bd1 at: Binary XML file line #25
11-01 22:55:23.842  1458  2029 W PackageParsing: Ignoring duplicate uses-permissions/uses-permissions-sdk-m: android.permission.READ_PHONE_STATE in package: com.uc108.mobile.sdgj.bd1 at: Binary XML file line #26
11-01 22:55:23.842  1458  2029 W PackageParsing: Ignoring duplicate uses-permissions/uses-permissions-sdk-m: android.permission.ACCESS_WIFI_STATE in package: com.uc108.mobile.sdgj.bd1 at: Binary XML file line #27
11-01 22:55:23.842  1458  2029 W PackageParsing: Ignoring duplicate uses-permissions/uses-permissions-sdk-m: android.permission.ACCESS_NETWORK_STATE in package: com.uc108.mobile.sdgj.bd1 at: Binary XML file line #28
11-01 22:55:23.842  1458  2029 W PackageParsing: Ignoring duplicate uses-permissions/uses-permissions-sdk-m: android.permission.BROADCAST_STICKY in package: com.uc108.mobile.sdgj.bd1 at: Binary XML file line #31
11-01 22:55:23.842  1458  2029 W PackageParsing: Ignoring duplicate uses-permissions/uses-permissions-sdk-m: android.permission.WRITE_SETTINGS in package: com.uc108.mobile.sdgj.bd1 at: Binary XML file line #32
11-01 22:55:23.842  1458  2029 W PackageParsing: Ignoring duplicate uses-permissions/uses-permissions-sdk-m: android.permission.WRITE_EXTERNAL_STORAGE in package: com.uc108.mobile.sdgj.bd1 at: Binary XML file line #34
11-01 22:55:23.842  1458  2029 W PackageParsing: Ignoring duplicate uses-permissions/uses-permissions-sdk-m: android.permission.WAKE_LOCK in package: com.uc108.mobile.sdgj.bd1 at: Binary XML file line #35
11-01 22:55:23.842  1458  2029 W PackageParsing: Ignoring duplicate uses-permissions/uses-permissions-sdk-m: android.permission.VIBRATE in package: com.uc108.mobile.sdgj.bd1 at: Binary XML file line #39
11-01 22:55:23.842  1458  2029 W PackageParsing: Ignoring duplicate uses-permissions/uses-permissions-sdk-m: android.permission.ACCESS_NETWORK_STATE in package: com.uc108.mobile.sdgj.bd1 at: Binary XML file line #46
11-01 22:55:23.842  1458  2029 W PackageParsing: Ignoring duplicate uses-permissions/uses-permissions-sdk-m: android.permission.ACCESS_WIFI_STATE in package: com.uc108.mobile.sdgj.bd1 at: Binary XML file line #47
11-01 22:55:23.842  1458  2029 W PackageParsing: Ignoring duplicate uses-permissions/uses-permissions-sdk-m: android.permission.READ_PHONE_STATE in package: com.uc108.mobile.sdgj.bd1 at: Binary XML file line #48
11-01 22:55:23.842  1458  2029 W PackageParsing: Ignoring duplicate uses-permissions/uses-permissions-sdk-m: android.permission.WRITE_SETTINGS in package: com.uc108.mobile.sdgj.bd1 at: Binary XML file line #49
11-01 22:55:23.842  1458  2029 W PackageParsing: Ignoring duplicate uses-permissions/uses-permissions-sdk-m: android.permission.WRITE_EXTERNAL_STORAGE in package: com.uc108.mobile.sdgj.bd1 at: Binary XML file line #50
11-01 22:55:23.842  1458  2029 W PackageParsing: Ignoring duplicate uses-permissions/uses-permissions-sdk-m: android.permission.INTERNET in package: com.uc108.mobile.sdgj.bd1 at: Binary XML file line #51
11-01 22:55:23.842  1458  2029 W PackageParsing: Ignoring duplicate uses-permissions/uses-permissions-sdk-m: android.permission.GET_TASKS in package: com.uc108.mobile.sdgj.bd1 at: Binary XML file line #52
11-01 22:55:23.842  1458  2029 W PackageParsing: Ignoring duplicate uses-permissions/uses-permissions-sdk-m: android.permission.ACCESS_COARSE_LOCATION in package: com.uc108.mobile.sdgj.bd1 at: Binary XML file line #56
11-01 22:55:23.842  1458  2029 W PackageParsing: Ignoring duplicate uses-permissions/uses-permissions-sdk-m: android.permission.RECEIVE_BOOT_COMPLETED in package: com.uc108.mobile.sdgj.bd1 at: Binary XML file line #63
11-01 22:55:23.843  1458  2029 W PackageParsing: Ignoring duplicate uses-permissions/uses-permissions-sdk-m: android.permission.VIBRATE in package: com.uc108.mobile.sdgj.bd1 at: Binary XML file line #64
11-01 22:55:23.843  1458  2029 W PackageParsing: Ignoring duplicate uses-permissions/uses-permissions-sdk-m: android.permission.BROADCAST_STICKY in package: com.uc108.mobile.sdgj.bd1 at: Binary XML file line #70
11-01 22:55:23.843  1458  2029 W PackageParsing: Ignoring duplicate uses-permissions/uses-permissions-sdk-m: android.permission.WAKE_LOCK in package: com.uc108.mobile.sdgj.bd1 at: Binary XML file line #76
11-01 22:55:23.843  1458  2029 W PackageParsing: Ignoring duplicate uses-permissions/uses-permissions-sdk-m: android.permission.ACCESS_COARSE_LOCATION in package: com.uc108.mobile.sdgj.bd1 at: Binary XML file line #77
11-01 22:55:23.844  1458  2029 D CompatibilityChangeReporter: Compat change id reported: 151163173; UID -1; state: DISABLED
11-01 22:55:23.846  1458  2029 W PackageParsing: No actions in intent-filter at /data/app/vmdl1273795652.tmp/base.apk Binary XML file line #482
11-01 22:55:23.846  1458  2029 W PackageParsing: No actions in intent-filter at /data/app/vmdl1273795652.tmp/base.apk Binary XML file line #489
11-01 22:55:23.846  1458  2029 W PackageParsing: No actions in intent-filter at /data/app/vmdl1273795652.tmp/base.apk Binary XML file line #496
11-01 22:55:23.846  1458  2029 W PackageParsing: No actions in intent-filter at /data/app/vmdl1273795652.tmp/base.apk Binary XML file line #503
11-01 22:55:23.846  1458  2029 W PackageParsing: No actions in intent-filter at /data/app/vmdl1273795652.tmp/base.apk Binary XML file line #510
11-01 22:55:23.847  1458  2029 W PackageParsing: No actions in intent-filter at /data/app/vmdl1273795652.tmp/base.apk Binary XML file line #527
11-01 22:55:23.847  1458  2029 W PackageParsing: No actions in intent-filter at /data/app/vmdl1273795652.tmp/base.apk Binary XML file line #534
11-01 22:55:23.847  1458  2029 W PackageParsing: No actions in intent-filter at /data/app/vmdl1273795652.tmp/base.apk Binary XML file line #541
11-01 22:55:23.847  1458  2029 W PackageParsing: No actions in intent-filter at /data/app/vmdl1273795652.tmp/base.apk Binary XML file line #549
11-01 22:55:23.847  1458  2029 W PackageParsing: No actions in intent-filter at /data/app/vmdl1273795652.tmp/base.apk Binary XML file line #557
11-01 22:55:23.847  1458  2029 W PackageParsing: No actions in intent-filter at /data/app/vmdl1273795652.tmp/base.apk Binary XML file line #565
11-01 22:55:23.847  1458  2029 W PackageParsing: No actions in intent-filter at /data/app/vmdl1273795652.tmp/base.apk Binary XML file line #573
11-01 22:55:23.847  1458  2029 W PackageParsing: No actions in intent-filter at /data/app/vmdl1273795652.tmp/base.apk Binary XML file line #581
11-01 22:55:23.847  1458  2029 W PackageParsing: No actions in intent-filter at /data/app/vmdl1273795652.tmp/base.apk Binary XML file line #588
11-01 22:55:23.847  1458  2029 W PackageParsing: No actions in intent-filter at /data/app/vmdl1273795652.tmp/base.apk Binary XML file line #595
11-01 22:55:23.847  1458  2029 W PackageParsing: No actions in intent-filter at /data/app/vmdl1273795652.tmp/base.apk Binary XML file line #602
11-01 22:55:23.848  1458  2029 W PackageParsing: No actions in intent-filter at /data/app/vmdl1273795652.tmp/base.apk Binary XML file line #609
11-01 22:55:23.848  1458  2029 W PackageParsing: No actions in intent-filter at /data/app/vmdl1273795652.tmp/base.apk Binary XML file line #615
11-01 22:55:23.886  1458  1806 I PackageManager: Integrity check passed for file:///data/app/vmdl1273795652.tmp
11-01 22:55:23.896  1458  1806 W PackageParsing: Ignoring duplicate uses-permissions/uses-permissions-sdk-m: android.permission.INTERNET in package: com.uc108.mobile.sdgj.bd1 at: Binary XML file line #25
11-01 22:55:23.896  1458  1806 W PackageParsing: Ignoring duplicate uses-permissions/uses-permissions-sdk-m: android.permission.READ_PHONE_STATE in package: com.uc108.mobile.sdgj.bd1 at: Binary XML file line #26
11-01 22:55:23.896  1458  1806 W PackageParsing: Ignoring duplicate uses-permissions/uses-permissions-sdk-m: android.permission.ACCESS_WIFI_STATE in package: com.uc108.mobile.sdgj.bd1 at: Binary XML file line #27
11-01 22:55:23.897  1458  1806 W PackageParsing: Ignoring duplicate uses-permissions/uses-permissions-sdk-m: android.permission.ACCESS_NETWORK_STATE in package: com.uc108.mobile.sdgj.bd1 at: Binary XML file line #28
11-01 22:55:23.897  1458  1806 W PackageParsing: Ignoring duplicate uses-permissions/uses-permissions-sdk-m: android.permission.BROADCAST_STICKY in package: com.uc108.mobile.sdgj.bd1 at: Binary XML file line #31
11-01 22:55:23.897  1458  1806 W PackageParsing: Ignoring duplicate uses-permissions/uses-permissions-sdk-m: android.permission.WRITE_SETTINGS in package: com.uc108.mobile.sdgj.bd1 at: Binary XML file line #32
11-01 22:55:23.897  1458  1806 W PackageParsing: Ignoring duplicate uses-permissions/uses-permissions-sdk-m: android.permission.WRITE_EXTERNAL_STORAGE in package: com.uc108.mobile.sdgj.bd1 at: Binary XML file line #34
11-01 22:55:23.897  1458  1806 W PackageParsing: Ignoring duplicate uses-permissions/uses-permissions-sdk-m: android.permission.WAKE_LOCK in package: com.uc108.mobile.sdgj.bd1 at: Binary XML file line #35
11-01 22:55:23.897  1458  1806 W PackageParsing: Ignoring duplicate uses-permissions/uses-permissions-sdk-m: android.permission.VIBRATE in package: com.uc108.mobile.sdgj.bd1 at: Binary XML file line #39
11-01 22:55:23.897  1458  1806 W PackageParsing: Ignoring duplicate uses-permissions/uses-permissions-sdk-m: android.permission.ACCESS_NETWORK_STATE in package: com.uc108.mobile.sdgj.bd1 at: Binary XML file line #46
11-01 22:55:23.897  1458  1806 W PackageParsing: Ignoring duplicate uses-permissions/uses-permissions-sdk-m: android.permission.ACCESS_WIFI_STATE in package: com.uc108.mobile.sdgj.bd1 at: Binary XML file line #47
11-01 22:55:23.897  1458  1806 W PackageParsing: Ignoring duplicate uses-permissions/uses-permissions-sdk-m: android.permission.READ_PHONE_STATE in package: com.uc108.mobile.sdgj.bd1 at: Binary XML file line #48
11-01 22:55:23.897  1458  1806 W PackageParsing: Ignoring duplicate uses-permissions/uses-permissions-sdk-m: android.permission.WRITE_SETTINGS in package: com.uc108.mobile.sdgj.bd1 at: Binary XML file line #49
11-01 22:55:23.897  1458  1806 W PackageParsing: Ignoring duplicate uses-permissions/uses-permissions-sdk-m: android.permission.WRITE_EXTERNAL_STORAGE in package: com.uc108.mobile.sdgj.bd1 at: Binary XML file line #50
11-01 22:55:23.897  1458  1806 W PackageParsing: Ignoring duplicate uses-permissions/uses-permissions-sdk-m: android.permission.INTERNET in package: com.uc108.mobile.sdgj.bd1 at: Binary XML file line #51
11-01 22:55:23.897  1458  1806 W PackageParsing: Ignoring duplicate uses-permissions/uses-permissions-sdk-m: android.permission.GET_TASKS in package: com.uc108.mobile.sdgj.bd1 at: Binary XML file line #52
11-01 22:55:23.897  1458  1806 W PackageParsing: Ignoring duplicate uses-permissions/uses-permissions-sdk-m: android.permission.ACCESS_COARSE_LOCATION in package: com.uc108.mobile.sdgj.bd1 at: Binary XML file line #56
11-01 22:55:23.897  1458  1806 W PackageParsing: Ignoring duplicate uses-permissions/uses-permissions-sdk-m: android.permission.RECEIVE_BOOT_COMPLETED in package: com.uc108.mobile.sdgj.bd1 at: Binary XML file line #63
11-01 22:55:23.897  1458  1806 W PackageParsing: Ignoring duplicate uses-permissions/uses-permissions-sdk-m: android.permission.VIBRATE in package: com.uc108.mobile.sdgj.bd1 at: Binary XML file line #64
11-01 22:55:23.897  1458  1806 W PackageParsing: Ignoring duplicate uses-permissions/uses-permissions-sdk-m: android.permission.BROADCAST_STICKY in package: com.uc108.mobile.sdgj.bd1 at: Binary XML file line #70
11-01 22:55:23.897  1458  1806 W PackageParsing: Ignoring duplicate uses-permissions/uses-permissions-sdk-m: android.permission.WAKE_LOCK in package: com.uc108.mobile.sdgj.bd1 at: Binary XML file line #76
11-01 22:55:23.897  1458  1806 W PackageParsing: Ignoring duplicate uses-permissions/uses-permissions-sdk-m: android.permission.ACCESS_COARSE_LOCATION in package: com.uc108.mobile.sdgj.bd1 at: Binary XML file line #77
11-01 22:55:23.901  1458  1806 W PackageParsing: No actions in intent-filter at /data/app/vmdl1273795652.tmp/base.apk Binary XML file line #482
11-01 22:55:23.901  1458  1806 W PackageParsing: No actions in intent-filter at /data/app/vmdl1273795652.tmp/base.apk Binary XML file line #489
11-01 22:55:23.901  1458  1806 W PackageParsing: No actions in intent-filter at /data/app/vmdl1273795652.tmp/base.apk Binary XML file line #496
11-01 22:55:23.901  1458  1806 W PackageParsing: No actions in intent-filter at /data/app/vmdl1273795652.tmp/base.apk Binary XML file line #503
11-01 22:55:23.901  1458  1806 W PackageParsing: No actions in intent-filter at /data/app/vmdl1273795652.tmp/base.apk Binary XML file line #510
11-01 22:55:23.901  1458  1806 W PackageParsing: No actions in intent-filter at /data/app/vmdl1273795652.tmp/base.apk Binary XML file line #527
11-01 22:55:23.901  1458  1806 W PackageParsing: No actions in intent-filter at /data/app/vmdl1273795652.tmp/base.apk Binary XML file line #534
11-01 22:55:23.901  1458  1806 W PackageParsing: No actions in intent-filter at /data/app/vmdl1273795652.tmp/base.apk Binary XML file line #541
11-01 22:55:23.901  1458  1806 W PackageParsing: No actions in intent-filter at /data/app/vmdl1273795652.tmp/base.apk Binary XML file line #549
11-01 22:55:23.901  1458  1806 W PackageParsing: No actions in intent-filter at /data/app/vmdl1273795652.tmp/base.apk Binary XML file line #557
11-01 22:55:23.902  1458  1806 W PackageParsing: No actions in intent-filter at /data/app/vmdl1273795652.tmp/base.apk Binary XML file line #565
11-01 22:55:23.902  1458  1806 W PackageParsing: No actions in intent-filter at /data/app/vmdl1273795652.tmp/base.apk Binary XML file line #573
11-01 22:55:23.902  1458  1806 W PackageParsing: No actions in intent-filter at /data/app/vmdl1273795652.tmp/base.apk Binary XML file line #581
11-01 22:55:23.902  1458  1806 W PackageParsing: No actions in intent-filter at /data/app/vmdl1273795652.tmp/base.apk Binary XML file line #588
11-01 22:55:23.902  1458  1806 W PackageParsing: No actions in intent-filter at /data/app/vmdl1273795652.tmp/base.apk Binary XML file line #595
11-01 22:55:23.902  1458  1806 W PackageParsing: No actions in intent-filter at /data/app/vmdl1273795652.tmp/base.apk Binary XML file line #602
11-01 22:55:23.902  1458  1806 W PackageParsing: No actions in intent-filter at /data/app/vmdl1273795652.tmp/base.apk Binary XML file line #609
11-01 22:55:23.902  1458  1806 W PackageParsing: No actions in intent-filter at /data/app/vmdl1273795652.tmp/base.apk Binary XML file line #615
11-01 22:55:23.988  1458  1677 V StorageManagerService: Package null has legacy storage
11-01 22:55:24.380  1458  1806 V BackupManagerService: [UserID:0] restoreAtInstall pkg=com.uc108.mobile.sdgj.bd1 token=2b restoreSet=0
11-01 22:55:24.380  1458  1806 V BackupManagerService: [UserID:0] Finishing install immediately
11-01 22:55:24.382  1458  1806 D PackageInstallerSession: Marking session 1273795652 as applied
11-01 22:55:24.384  1458  1806 D CompatibilityChangeReporter: Compat change id reported: 168419799; UID 10233; state: DISABLED
11-01 22:55:24.384  1458  1806 D CompatibilityChangeReporter: Compat change id reported: 273564678; UID 10233; state: DISABLED
11-01 22:55:24.400  1458  1458 I Telecom : DefaultDialerCache: Refreshing default dialer for user 0: now com.google.android.dialer: DDC.oR@Awg
11-01 22:55:24.403  1458  1696 D OomAdjuster: Not killing cached processes
11-01 22:55:24.410  1458  1458 V BackupManagerConstants: getFullBackupIntervalMilliseconds(...) returns 86400000
11-01 22:55:24.410  1458  1458 V BackupManagerConstants: getFullBackupRequiredNetworkType(...) returns 2
11-01 22:55:24.410  1458  1458 V BackupManagerConstants: getFullBackupRequireCharging(...) returns true
11-01 22:55:24.412  1458  3199 W BroadcastQueue: u0 Receiving a broadcast in packagecom.android.buyer requires a permissions review
11-01 22:55:24.412  1458  3199 W BroadcastQueue: Skipping delivery: permission review required for Intent { act=android.intent.action.PACKAGE_ADDED dat=package: flg=0x4000010 (has extras) } from null (pid=1458, uid=1000) to com.android.buyer/.mRve
11-01 22:55:24.417  1458  1694 W WindowMagnificationMgr: requestConnection duplicated request: connect=false, mConnectionState=DISCONNECTED
11-01 22:55:24.434  1458  1696 W BroadcastQueue: Background execution not allowed: receiving Intent { act=android.intent.action.PACKAGE_ADDED dat=package: flg=0x4000010 (has extras) } to com.google.android.packageinstaller/com.android.packageinstaller.PackageInstalledReceiver
11-01 22:55:24.435  1458  1696 W BroadcastQueue: Background execution not allowed: receiving Intent { act=android.intent.action.PACKAGE_ADDED dat=package: flg=0x4000010 (has extras) } to com.android.vending/com.google.android.finsky.packagemonitor.impl.PackageMonitorReceiverImpl$RegisteredReceiver
11-01 22:55:24.435  1458  1696 W BroadcastQueue: Background execution not allowed: receiving Intent { act=android.intent.action.PACKAGE_ADDED dat=package: flg=0x4000010 (has extras) } to com.android.vending/com.google.android.finsky.packagemonitor.backgroundimpl.BackgroundPackageMonitorReceiverImpl$RegisteredReceiver
11-01 22:55:24.435  1458  1696 W BroadcastQueue: Background execution not allowed: receiving Intent { act=android.intent.action.PACKAGE_ADDED dat=package: flg=0x4000010 (has extras) } to com.google.android.gms/.games.chimera.GamesSystemBroadcastReceiverProxy
11-01 22:55:24.435  1458  1696 W BroadcastQueue: Background execution not allowed: receiving Intent { act=android.intent.action.PACKAGE_ADDED dat=package: flg=0x4000010 (has extras) } to com.google.android.gms/.gass.chimera.PackageChangeBroadcastReceiver
11-01 22:55:24.435  1458  1696 W BroadcastQueue: Background execution not allowed: receiving Intent { act=android.intent.action.PACKAGE_ADDED dat=package: flg=0x4000010 (has extras) } to com.google.android.gms/.chimera.GmsIntentOperationService$PersistentTrustedReceiver
11-01 22:55:24.435  1458  1696 W BroadcastQueue: Background execution not allowed: receiving Intent { act=android.intent.action.PACKAGE_ADDED dat=package: flg=0x4000010 (has extras) } to com.google.android.googlequicksearchbox/com.google.android.apps.gsa.googlequicksearchbox.GelStubAppWatcher
11-01 22:55:24.459  1458  5484 D CompatibilityChangeReporter: Compat change id reported: 161252188; UID 10233; state: DISABLED
11-01 22:55:24.460  1458  1802 E VerityUtils: Failed to measure fs-verity, errno 1: /data/app/~~u1t85MP6sgtkc6w9rzPAaQ==/com.uc108.mobile.sdgj.bd1-WjEmNnxoS7hYd-sz3qjfmg==/base.apk
11-01 22:55:24.461  1458  1696 W BroadcastQueue: u0 Receiving a broadcast in packagecom.games.mengmeizhitd requires a permissions review
11-01 22:55:24.462  1458  1696 W BroadcastQueue: Skipping delivery: permission review required for Intent { act=android.intent.action.PACKAGE_ADDED dat=package: flg=0x4000010 (has extras) } from null (pid=1458, uid=1000) to com.games.mengmeizhitd/hjnw.ihjnw.i.isqly
11-01 22:55:24.485  1458  1997 D CompatibilityChangeReporter: Compat change id reported: 218533173; UID 10233; state: DISABLED
11-01 22:55:24.489  1458  1458 I Telecom : DefaultDialerCache: Refreshing default dialer for user 0: now com.google.android.dialer: DDC.oR@Aws
11-01 22:55:24.490  1458  1696 W BroadcastQueue: u0 Receiving a broadcast in packagecom.qiuqiu.dfmc requires a permissions review
11-01 22:55:24.490  1458  1696 W BroadcastQueue: Skipping delivery: permission review required for Intent { act=android.intent.action.PACKAGE_ADDED dat=package: flg=0x4000010 (has extras) } from null (pid=1458, uid=1000) to com.qiuqiu.dfmc/cn.jpush.android.service.PushReceiver
11-01 22:55:24.491  1458  1696 W BroadcastQueue: u0 Receiving a broadcast in packagecom.safesys.viruskiller requires a permissions review
11-01 22:55:24.491  1458  1696 W BroadcastQueue: Skipping delivery: permission review required for Intent { act=android.intent.action.PACKAGE_ADDED dat=package: flg=0x4000010 (has extras) } from null (pid=1458, uid=1000) to com.safesys.viruskiller/.ScanPackageBroadcast
11-01 22:55:24.503  1458  1696 W BroadcastQueue: u0 Receiving a broadcast in packageio.dcloud.H5BC6BF13 requires a permissions review
11-01 22:55:24.503  1458  1696 W BroadcastQueue: Skipping delivery: permission review required for Intent { act=android.intent.action.PACKAGE_ADDED dat=package: flg=0x4000010 (has extras) } from null (pid=1458, uid=1000) to io.dcloud.H5BC6BF13/io.dcloud.common.adapter.io.DownloadReceiver
11-01 22:55:24.504  1458  4160 W BackupTransportManager: Package com.uc108.mobile.sdgj.bd1 enabled setting: 0
11-01 22:55:24.507  1458  1694 W PackageManager: Failed registering loading progress callback. Package is fully loaded.
11-01 22:55:24.531  1458  1694 W WindowMagnificationMgr: requestConnection duplicated request: connect=false, mConnectionState=DISCONNECTED
11-01 22:55:24.612  1458  5574 W AppOps  : setUidMode() called with a mode inconsistent with runtime permission state, this is discouraged and you should revoke the runtime permission instead: uid=10125, switchCode=0, mode=4, permission=android.permission.ACCESS_BACKGROUND_LOCATION
11-01 22:55:24.677  1458  5574 W AppOps  : setUidMode() called with a mode inconsistent with runtime permission state, this is discouraged and you should revoke the runtime permission instead: uid=10125, switchCode=1, mode=4, permission=android.permission.ACCESS_BACKGROUND_LOCATION
11-01 22:55:24.679  1458  5484 W AppOps  : setUidMode() called with a mode inconsistent with runtime permission state, this is discouraged and you should revoke the runtime permission instead: uid=10125, switchCode=0, mode=4, permission=android.permission.ACCESS_BACKGROUND_LOCATION
11-01 22:55:24.725  1458  1806 E PackageManager: ERROR: could not load root hash from incremental install
11-01 22:55:24.746  1458  1806 I PackageManager: Integrity check passed for file:///data/app/vmdl754963299.tmp
11-01 22:55:24.835  1458  1677 V StorageManagerService: Package null has legacy storage
11-01 22:55:24.938  1458  5487 I ActivityManager: Background started FGS: Allowed [callingPackage: com.google.android.apps.wellbeing; callingUid: 10120; uidState: BFGS; intent: Intent { cmp=com.google.android.apps.wellbeing/com.google.apps.tiktok.concurrent.InternalForegroundService (has extras) }; code:BACKGROUND_ACTIVITY_PERMISSION; tempAllowListReason:<null>; targetSdkVersion:33; callerTargetSdkVersion:33; startForegroundCount:0; bindFromPackage:null]
11-01 22:55:24.958  1458  1806 V BackupManagerService: [UserID:0] restoreAtInstall pkg=com.ying.hzblhj token=2c restoreSet=0
11-01 22:55:24.959  1458  1806 V BackupManagerService: [UserID:0] Finishing install immediately
11-01 22:55:24.960  1458  1806 D PackageInstallerSession: Marking session 754963299 as applied
11-01 22:55:24.963  1458  1806 D CompatibilityChangeReporter: Compat change id reported: 168419799; UID 10234; state: DISABLED
11-01 22:55:24.963  1458  1806 D CompatibilityChangeReporter: Compat change id reported: 273564678; UID 10234; state: DISABLED
11-01 22:55:24.970  1458  1458 I Telecom : DefaultDialerCache: Refreshing default dialer for user 0: now com.google.android.dialer: DDC.oR@Aww
11-01 22:55:24.973  1458  3197 W BroadcastQueue: u0 Receiving a broadcast in packagecom.android.buyer requires a permissions review
11-01 22:55:24.973  1458  3197 W BroadcastQueue: Skipping delivery: permission review required for Intent { act=android.intent.action.PACKAGE_ADDED dat=package: flg=0x4000010 (has extras) } from null (pid=1458, uid=1000) to com.android.buyer/.mRve
11-01 22:55:24.975  1458  1696 W BroadcastQueue: Background execution not allowed: receiving Intent { act=android.intent.action.PACKAGE_ADDED dat=package: flg=0x4000010 (has extras) } to com.google.android.packageinstaller/com.android.packageinstaller.PackageInstalledReceiver
11-01 22:55:24.976  1458  1696 W BroadcastQueue: Background execution not allowed: receiving Intent { act=android.intent.action.PACKAGE_ADDED dat=package: flg=0x4000010 (has extras) } to com.android.vending/com.google.android.finsky.packagemonitor.impl.PackageMonitorReceiverImpl$RegisteredReceiver
11-01 22:55:24.976  1458  1696 W BroadcastQueue: Background execution not allowed: receiving Intent { act=android.intent.action.PACKAGE_ADDED dat=package: flg=0x4000010 (has extras) } to com.android.vending/com.google.android.finsky.packagemonitor.backgroundimpl.BackgroundPackageMonitorReceiverImpl$RegisteredReceiver
11-01 22:55:24.976  1458  1696 W BroadcastQueue: Background execution not allowed: receiving Intent { act=android.intent.action.PACKAGE_ADDED dat=package: flg=0x4000010 (has extras) } to com.google.android.gms/.games.chimera.GamesSystemBroadcastReceiverProxy
11-01 22:55:24.976  1458  1696 W BroadcastQueue: Background execution not allowed: receiving Intent { act=android.intent.action.PACKAGE_ADDED dat=package: flg=0x4000010 (has extras) } to com.google.android.gms/.gass.chimera.PackageChangeBroadcastReceiver
11-01 22:55:24.976  1458  1696 W BroadcastQueue: Background execution not allowed: receiving Intent { act=android.intent.action.PACKAGE_ADDED dat=package: flg=0x4000010 (has extras) } to com.google.android.gms/.chimera.GmsIntentOperationService$PersistentTrustedReceiver
11-01 22:55:24.976  1458  1696 W BroadcastQueue: Background execution not allowed: receiving Intent { act=android.intent.action.PACKAGE_ADDED dat=package: flg=0x4000010 (has extras) } to com.google.android.googlequicksearchbox/com.google.android.apps.gsa.googlequicksearchbox.GelStubAppWatcher
11-01 22:55:24.976  1458  1696 W BroadcastQueue: u0 Receiving a broadcast in packagecom.games.mengmeizhitd requires a permissions review
11-01 22:55:24.976  1458  1696 W BroadcastQueue: Skipping delivery: permission review required for Intent { act=android.intent.action.PACKAGE_ADDED dat=package: flg=0x4000010 (has extras) } from null (pid=1458, uid=1000) to com.games.mengmeizhitd/hjnw.ihjnw.i.isqly
11-01 22:55:24.976  1458  1696 W BroadcastQueue: u0 Receiving a broadcast in packagecom.qiuqiu.dfmc requires a permissions review
11-01 22:55:24.976  1458  1696 W BroadcastQueue: Skipping delivery: permission review required for Intent { act=android.intent.action.PACKAGE_ADDED dat=package: flg=0x4000010 (has extras) } from null (pid=1458, uid=1000) to com.qiuqiu.dfmc/cn.jpush.android.service.PushReceiver
11-01 22:55:24.976  1458  1696 W BroadcastQueue: u0 Receiving a broadcast in packagecom.safesys.viruskiller requires a permissions review
11-01 22:55:24.976  1458  1696 W BroadcastQueue: Skipping delivery: permission review required for Intent { act=android.intent.action.PACKAGE_ADDED dat=package: flg=0x4000010 (has extras) } from null (pid=1458, uid=1000) to com.safesys.viruskiller/.ScanPackageBroadcast
11-01 22:55:24.976  1458  1696 W BroadcastQueue: u0 Receiving a broadcast in packagecom.uc108.mobile.sdgj.bd1 requires a permissions review
11-01 22:55:24.976  1458  1696 W BroadcastQueue: Skipping delivery: permission review required for Intent { act=android.intent.action.PACKAGE_ADDED dat=package: flg=0x4000010 (has extras) } from null (pid=1458, uid=1000) to com.uc108.mobile.sdgj.bd1/com.baidu.tiebasdk.service.InstallReceiver
11-01 22:55:24.977  1458  1696 W BroadcastQueue: u0 Receiving a broadcast in packageio.dcloud.H5BC6BF13 requires a permissions review
11-01 22:55:24.977  1458  1696 W BroadcastQueue: Skipping delivery: permission review required for Intent { act=android.intent.action.PACKAGE_ADDED dat=package: flg=0x4000010 (has extras) } from null (pid=1458, uid=1000) to io.dcloud.H5BC6BF13/io.dcloud.common.adapter.io.DownloadReceiver
11-01 22:55:24.982  1458  1458 V BackupManagerConstants: getFullBackupIntervalMilliseconds(...) returns 86400000
11-01 22:55:24.982  1458  1458 V BackupManagerConstants: getFullBackupRequiredNetworkType(...) returns 2
11-01 22:55:24.982  1458  1458 V BackupManagerConstants: getFullBackupRequireCharging(...) returns true
11-01 22:55:24.992  1458  1997 D CompatibilityChangeReporter: Compat change id reported: 218533173; UID 10234; state: DISABLED
11-01 22:55:24.997  1458  1458 I Telecom : DefaultDialerCache: Refreshing default dialer for user 0: now com.google.android.dialer: DDC.oR@Aw0
11-01 22:55:24.997  1458  4160 W BackupTransportManager: Package com.ying.hzblhj enabled setting: 0
11-01 22:55:25.000  1458  1694 W WindowMagnificationMgr: requestConnection duplicated request: connect=false, mConnectionState=DISCONNECTED
11-01 22:55:25.001  1458  1802 E VerityUtils: Failed to measure fs-verity, errno 1: /data/app/~~7nt1hME27OUetOHYw_pOHw==/com.ying.hzblhj-nBWtEd68aAM2Vsmo-VDA3A==/base.apk
11-01 22:55:25.011  1458  3197 D CompatibilityChangeReporter: Compat change id reported: 161252188; UID 10234; state: DISABLED
