11-01 22:55:25.050  1458  1806 E PackageManager: ERROR: could not load root hash from incremental install
11-01 22:55:25.051  1458  1694 W PackageManager: Failed registering loading progress callback. Package is fully loaded.
11-01 22:55:25.061  1458  1694 W WindowMagnificationMgr: requestConnection duplicated request: connect=false, mConnectionState=DISCONNECTED
11-01 22:55:25.075  1458  1806 I PackageManager: Integrity check passed for file:///data/app/vmdl947209205.tmp
11-01 22:55:25.144  1458  1458 I NotificationService: Cannot find enqueued record for key: 0|com.google.android.apps.wellbeing|174344743|null|10120
11-01 22:55:25.215  1458  1806 I PackageManager: Permission ownership changed. Updating all permissions.
11-01 22:55:25.435  1458  1677 V StorageManagerService: Package null has legacy storage
11-01 22:55:25.472  1458  4189 W AppOps  : setUidMode() called with a mode inconsistent with runtime permission state, this is discouraged and you should revoke the runtime permission instead: uid=10125, switchCode=0, mode=4, permission=android.permission.ACCESS_BACKGROUND_LOCATION
11-01 22:55:25.537  1458  4672 W AppOps  : setUidMode() called with a mode inconsistent with runtime permission state, this is discouraged and you should revoke the runtime permission instead: uid=10125, switchCode=1, mode=4, permission=android.permission.ACCESS_BACKGROUND_LOCATION
11-01 22:55:25.539  1458  4672 W AppOps  : setUidMode() called with a mode inconsistent with runtime permission state, this is discouraged and you should revoke the runtime permission instead: uid=10125, switchCode=0, mode=4, permission=android.permission.ACCESS_BACKGROUND_LOCATION
11-01 22:55:25.558  1458  1806 V BackupManagerService: [UserID:0] restoreAtInstall pkg=com.hgperfko.yaeghrwx token=2d restoreSet=0
11-01 22:55:25.558  1458  1806 V BackupManagerService: [UserID:0] Finishing install immediately
11-01 22:55:25.560  1458  1806 D PackageInstallerSession: Marking session 947209205 as applied
11-01 22:55:25.566  1458  1806 D CompatibilityChangeReporter: Compat change id reported: 168419799; UID 10235; state: DISABLED
11-01 22:55:25.566  1458  1806 D CompatibilityChangeReporter: Compat change id reported: 273564678; UID 10235; state: DISABLED
11-01 22:55:25.570  1458  4202 W BroadcastQueue: u0 Receiving a broadcast in packagecom.android.buyer requires a permissions review
11-01 22:55:25.570  1458  4202 W BroadcastQueue: Skipping delivery: permission review required for Intent { act=android.intent.action.PACKAGE_ADDED dat=package: flg=0x4000010 (has extras) } from null (pid=1458, uid=1000) to com.android.buyer/.mRve
11-01 22:55:25.572  1458  1696 W BroadcastQueue: Background execution not allowed: receiving Intent { act=android.intent.action.PACKAGE_ADDED dat=package: flg=0x4000010 (has extras) } to com.google.android.packageinstaller/com.android.packageinstaller.PackageInstalledReceiver
11-01 22:55:25.572  1458  1696 W BroadcastQueue: Background execution not allowed: receiving Intent { act=android.intent.action.PACKAGE_ADDED dat=package: flg=0x4000010 (has extras) } to com.android.vending/com.google.android.finsky.packagemonitor.impl.PackageMonitorReceiverImpl$RegisteredReceiver
11-01 22:55:25.572  1458  1696 W BroadcastQueue: Background execution not allowed: receiving Intent { act=android.intent.action.PACKAGE_ADDED dat=package: flg=0x4000010 (has extras) } to com.android.vending/com.google.android.finsky.packagemonitor.backgroundimpl.BackgroundPackageMonitorReceiverImpl$RegisteredReceiver
11-01 22:55:25.572  1458  1696 W BroadcastQueue: Background execution not allowed: receiving Intent { act=android.intent.action.PACKAGE_ADDED dat=package: flg=0x4000010 (has extras) } to com.google.android.gms/.games.chimera.GamesSystemBroadcastReceiverProxy
11-01 22:55:25.572  1458  1696 W BroadcastQueue: Background execution not allowed: receiving Intent { act=android.intent.action.PACKAGE_ADDED dat=package: flg=0x4000010 (has extras) } to com.google.android.gms/.gass.chimera.PackageChangeBroadcastReceiver
11-01 22:55:25.572  1458  1696 W BroadcastQueue: Background execution not allowed: receiving Intent { act=android.intent.action.PACKAGE_ADDED dat=package: flg=0x4000010 (has extras) } to com.google.android.gms/.chimera.GmsIntentOperationService$PersistentTrustedReceiver
11-01 22:55:25.572  1458  1696 W BroadcastQueue: Background execution not allowed: receiving Intent { act=android.intent.action.PACKAGE_ADDED dat=package: flg=0x4000010 (has extras) } to com.google.android.googlequicksearchbox/com.google.android.apps.gsa.googlequicksearchbox.GelStubAppWatcher
11-01 22:55:25.572  1458  1696 W BroadcastQueue: u0 Receiving a broadcast in packagecom.games.mengmeizhitd requires a permissions review
11-01 22:55:25.572  1458  1696 W BroadcastQueue: Skipping delivery: permission review required for Intent { act=android.intent.action.PACKAGE_ADDED dat=package: flg=0x4000010 (has extras) } from null (pid=1458, uid=1000) to com.games.mengmeizhitd/hjnw.ihjnw.i.isqly
11-01 22:55:25.572  1458  1696 W BroadcastQueue: u0 Receiving a broadcast in packagecom.qiuqiu.dfmc requires a permissions review
11-01 22:55:25.572  1458  1696 W BroadcastQueue: Skipping delivery: permission review required for Intent { act=android.intent.action.PACKAGE_ADDED dat=package: flg=0x4000010 (has extras) } from null (pid=1458, uid=1000) to com.qiuqiu.dfmc/cn.jpush.android.service.PushReceiver
11-01 22:55:25.578  1458  1696 W BroadcastQueue: u0 Receiving a broadcast in packagecom.safesys.viruskiller requires a permissions review
11-01 22:55:25.578  1458  1696 W BroadcastQueue: Skipping delivery: permission review required for Intent { act=android.intent.action.PACKAGE_ADDED dat=package: flg=0x4000010 (has extras) } from null (pid=1458, uid=1000) to com.safesys.viruskiller/.ScanPackageBroadcast
11-01 22:55:25.578  1458  1696 W BroadcastQueue: u0 Receiving a broadcast in packagecom.uc108.mobile.sdgj.bd1 requires a permissions review
11-01 22:55:25.578  1458  1696 W BroadcastQueue: Skipping delivery: permission review required for Intent { act=android.intent.action.PACKAGE_ADDED dat=package: flg=0x4000010 (has extras) } from null (pid=1458, uid=1000) to com.uc108.mobile.sdgj.bd1/com.baidu.tiebasdk.service.InstallReceiver
11-01 22:55:25.578  1458  1696 W BroadcastQueue: u0 Receiving a broadcast in packageio.dcloud.H5BC6BF13 requires a permissions review
11-01 22:55:25.578  1458  1696 W BroadcastQueue: Skipping delivery: permission review required for Intent { act=android.intent.action.PACKAGE_ADDED dat=package: flg=0x4000010 (has extras) } from null (pid=1458, uid=1000) to io.dcloud.H5BC6BF13/io.dcloud.common.adapter.io.DownloadReceiver
11-01 22:55:25.582  1458  1458 I Telecom : DefaultDialerCache: Refreshing default dialer for user 0: now com.google.android.dialer: DDC.oR@AxI
11-01 22:55:25.593  1458  1458 V BackupManagerConstants: getFullBackupIntervalMilliseconds(...) returns 86400000
11-01 22:55:25.593  1458  1458 V BackupManagerConstants: getFullBackupRequiredNetworkType(...) returns 2
11-01 22:55:25.593  1458  1458 V BackupManagerConstants: getFullBackupRequireCharging(...) returns true
11-01 22:55:25.606  1458  1802 E VerityUtils: Failed to measure fs-verity, errno 1: /data/app/~~U8mdw3gd_DcffuiQqKiChg==/com.hgperfko.yaeghrwx-h8073n0nyVbzIExgL_gLXg==/base.apk
11-01 22:55:25.609  1458  1997 D CompatibilityChangeReporter: Compat change id reported: 218533173; UID 10235; state: DISABLED
11-01 22:55:25.611  1458  1458 I Telecom : DefaultDialerCache: Refreshing default dialer for user 0: now com.google.android.dialer: DDC.oR@AxM
11-01 22:55:25.619  1458  1694 W WindowMagnificationMgr: requestConnection duplicated request: connect=false, mConnectionState=DISCONNECTED
11-01 22:55:25.619  1458  4160 W BackupTransportManager: Package com.hgperfko.yaeghrwx enabled setting: 0
11-01 22:55:25.715  1458  4189 D CompatibilityChangeReporter: Compat change id reported: 161252188; UID 10235; state: DISABLED
11-01 22:55:25.716  1458  1694 W PackageManager: Failed registering loading progress callback. Package is fully loaded.
11-01 22:55:25.728  1458  1806 E PackageManager: ERROR: could not load root hash from incremental install
11-01 22:55:25.732  1458  1694 W WindowMagnificationMgr: requestConnection duplicated request: connect=false, mConnectionState=DISCONNECTED
11-01 22:55:25.733  1458  2029 W PackageParsing: Ignoring duplicate uses-permissions/uses-permissions-sdk-m: android.permission.ACCESS_NETWORK_STATE in package: com.livegame.wallpapermingche at: Binary XML file line #99
11-01 22:55:25.733  1458  2029 W PackageParsing: Ignoring duplicate uses-permissions/uses-permissions-sdk-m: android.permission.READ_PHONE_STATE in package: com.livegame.wallpapermingche at: Binary XML file line #100
11-01 22:55:25.733  1458  2029 W PackageParsing: Ignoring duplicate uses-permissions/uses-permissions-sdk-m: android.permission.ACCESS_WIFI_STATE in package: com.livegame.wallpapermingche at: Binary XML file line #101
11-01 22:55:25.733  1458  2029 W PackageParsing: Ignoring duplicate uses-permissions/uses-permissions-sdk-m: android.permission.INTERNET in package: com.livegame.wallpapermingche at: Binary XML file line #103
11-01 22:55:25.733  1458  2029 W PackageParsing: Ignoring duplicate uses-permissions/uses-permissions-sdk-m: android.permission.WRITE_EXTERNAL_STORAGE in package: com.livegame.wallpapermingche at: Binary XML file line #105
11-01 22:55:25.740  1458  1806 I PackageManager: Integrity check passed for file:///data/app/vmdl1567379545.tmp
11-01 22:55:25.760  1458  1806 W PackageParsing: Ignoring duplicate uses-permissions/uses-permissions-sdk-m: android.permission.ACCESS_NETWORK_STATE in package: com.livegame.wallpapermingche at: Binary XML file line #99
11-01 22:55:25.760  1458  1806 W PackageParsing: Ignoring duplicate uses-permissions/uses-permissions-sdk-m: android.permission.READ_PHONE_STATE in package: com.livegame.wallpapermingche at: Binary XML file line #100
11-01 22:55:25.760  1458  1806 W PackageParsing: Ignoring duplicate uses-permissions/uses-permissions-sdk-m: android.permission.ACCESS_WIFI_STATE in package: com.livegame.wallpapermingche at: Binary XML file line #101
11-01 22:55:25.760  1458  1806 W PackageParsing: Ignoring duplicate uses-permissions/uses-permissions-sdk-m: android.permission.INTERNET in package: com.livegame.wallpapermingche at: Binary XML file line #103
11-01 22:55:25.760  1458  1806 W PackageParsing: Ignoring duplicate uses-permissions/uses-permissions-sdk-m: android.permission.WRITE_EXTERNAL_STORAGE in package: com.livegame.wallpapermingche at: Binary XML file line #105
11-01 22:55:25.846  1458  1677 V StorageManagerService: Package null has legacy storage
11-01 22:55:25.984  1458  1806 V BackupManagerService: [UserID:0] restoreAtInstall pkg=com.livegame.wallpapermingche token=2e restoreSet=0
11-01 22:55:25.984  1458  1806 V BackupManagerService: [UserID:0] Finishing install immediately
11-01 22:55:25.986  1458  1806 D PackageInstallerSession: Marking session 1567379545 as applied
11-01 22:55:25.991  1458  1806 D CompatibilityChangeReporter: Compat change id reported: 168419799; UID 10236; state: DISABLED
11-01 22:55:25.991  1458  1806 D CompatibilityChangeReporter: Compat change id reported: 273564678; UID 10236; state: DISABLED
11-01 22:55:25.998  1458  1458 I Telecom : DefaultDialerCache: Refreshing default dialer for user 0: now com.google.android.dialer: DDC.oR@AxY
11-01 22:55:26.000  1458  4189 W BroadcastQueue: u0 Receiving a broadcast in packagecom.android.buyer requires a permissions review
11-01 22:55:26.000  1458  4189 W BroadcastQueue: Skipping delivery: permission review required for Intent { act=android.intent.action.PACKAGE_ADDED dat=package: flg=0x4000010 (has extras) } from null (pid=1458, uid=1000) to com.android.buyer/.mRve
11-01 22:55:26.000  1458  1696 W BroadcastQueue: Background execution not allowed: receiving Intent { act=android.intent.action.PACKAGE_ADDED dat=package: flg=0x4000010 (has extras) } to com.google.android.packageinstaller/com.android.packageinstaller.PackageInstalledReceiver
11-01 22:55:26.001  1458  1696 W BroadcastQueue: Background execution not allowed: receiving Intent { act=android.intent.action.PACKAGE_ADDED dat=package: flg=0x4000010 (has extras) } to com.android.vending/com.google.android.finsky.packagemonitor.impl.PackageMonitorReceiverImpl$RegisteredReceiver
11-01 22:55:26.001  1458  1696 W BroadcastQueue: Background execution not allowed: receiving Intent { act=android.intent.action.PACKAGE_ADDED dat=package: flg=0x4000010 (has extras) } to com.android.vending/com.google.android.finsky.packagemonitor.backgroundimpl.BackgroundPackageMonitorReceiverImpl$RegisteredReceiver
11-01 22:55:26.001  1458  1696 W BroadcastQueue: Background execution not allowed: receiving Intent { act=android.intent.action.PACKAGE_ADDED dat=package: flg=0x4000010 (has extras) } to com.google.android.gms/.games.chimera.GamesSystemBroadcastReceiverProxy
11-01 22:55:26.001  1458  1696 W BroadcastQueue: Background execution not allowed: receiving Intent { act=android.intent.action.PACKAGE_ADDED dat=package: flg=0x4000010 (has extras) } to com.google.android.gms/.gass.chimera.PackageChangeBroadcastReceiver
11-01 22:55:26.002  1458  1696 W BroadcastQueue: Background execution not allowed: receiving Intent { act=android.intent.action.PACKAGE_ADDED dat=package: flg=0x4000010 (has extras) } to com.google.android.gms/.chimera.GmsIntentOperationService$PersistentTrustedReceiver
11-01 22:55:26.002  1458  1696 W BroadcastQueue: Background execution not allowed: receiving Intent { act=android.intent.action.PACKAGE_ADDED dat=package: flg=0x4000010 (has extras) } to com.google.android.googlequicksearchbox/com.google.android.apps.gsa.googlequicksearchbox.GelStubAppWatcher
11-01 22:55:26.002  1458  1696 W BroadcastQueue: u0 Receiving a broadcast in packagecom.games.mengmeizhitd requires a permissions review
11-01 22:55:26.002  1458  1696 W BroadcastQueue: Skipping delivery: permission review required for Intent { act=android.intent.action.PACKAGE_ADDED dat=package: flg=0x4000010 (has extras) } from null (pid=1458, uid=1000) to com.games.mengmeizhitd/hjnw.ihjnw.i.isqly
11-01 22:55:26.002  1458  1696 W BroadcastQueue: u0 Receiving a broadcast in packagecom.hgperfko.yaeghrwx requires a permissions review
11-01 22:55:26.002  1458  1696 W BroadcastQueue: Skipping delivery: permission review required for Intent { act=android.intent.action.PACKAGE_ADDED dat=package: flg=0x4000010 (has extras) } from null (pid=1458, uid=1000) to com.hgperfko.yaeghrwx/.core.hLytdCQDBv
11-01 22:55:26.002  1458  1696 W BroadcastQueue: u0 Receiving a broadcast in packagecom.qiuqiu.dfmc requires a permissions review
11-01 22:55:26.002  1458  1696 W BroadcastQueue: Skipping delivery: permission review required for Intent { act=android.intent.action.PACKAGE_ADDED dat=package: flg=0x4000010 (has extras) } from null (pid=1458, uid=1000) to com.qiuqiu.dfmc/cn.jpush.android.service.PushReceiver
11-01 22:55:26.002  1458  1696 W BroadcastQueue: u0 Receiving a broadcast in packagecom.safesys.viruskiller requires a permissions review
11-01 22:55:26.002  1458  1696 W BroadcastQueue: Skipping delivery: permission review required for Intent { act=android.intent.action.PACKAGE_ADDED dat=package: flg=0x4000010 (has extras) } from null (pid=1458, uid=1000) to com.safesys.viruskiller/.ScanPackageBroadcast
11-01 22:55:26.002  1458  1696 W BroadcastQueue: u0 Receiving a broadcast in packagecom.uc108.mobile.sdgj.bd1 requires a permissions review
11-01 22:55:26.002  1458  1696 W BroadcastQueue: Skipping delivery: permission review required for Intent { act=android.intent.action.PACKAGE_ADDED dat=package: flg=0x4000010 (has extras) } from null (pid=1458, uid=1000) to com.uc108.mobile.sdgj.bd1/com.baidu.tiebasdk.service.InstallReceiver
11-01 22:55:26.003  1458  1696 W BroadcastQueue: u0 Receiving a broadcast in packageio.dcloud.H5BC6BF13 requires a permissions review
11-01 22:55:26.003  1458  1696 W BroadcastQueue: Skipping delivery: permission review required for Intent { act=android.intent.action.PACKAGE_ADDED dat=package: flg=0x4000010 (has extras) } from null (pid=1458, uid=1000) to io.dcloud.H5BC6BF13/io.dcloud.common.adapter.io.DownloadReceiver
11-01 22:55:26.010  1458  1458 V BackupManagerConstants: getFullBackupIntervalMilliseconds(...) returns 86400000
11-01 22:55:26.010  1458  1458 V BackupManagerConstants: getFullBackupRequiredNetworkType(...) returns 2
11-01 22:55:26.010  1458  1458 V BackupManagerConstants: getFullBackupRequireCharging(...) returns true
11-01 22:55:26.037  1458  5488 D CompatibilityChangeReporter: Compat change id reported: 161252188; UID 10236; state: DISABLED
11-01 22:55:26.038  1458  1694 W WindowMagnificationMgr: requestConnection duplicated request: connect=false, mConnectionState=DISCONNECTED
11-01 22:55:26.048  1458  1802 E VerityUtils: Failed to measure fs-verity, errno 1: /data/app/~~wxfUE2GrBdaEypXeNgEuFw==/com.livegame.wallpapermingche-552mSFhHOvmHW-5at4MGQA==/base.apk
11-01 22:55:26.083  1458  1997 D CompatibilityChangeReporter: Compat change id reported: 218533173; UID 10236; state: DISABLED
11-01 22:55:26.093  1458  1458 I Telecom : DefaultDialerCache: Refreshing default dialer for user 0: now com.google.android.dialer: DDC.oR@Axk
11-01 22:55:26.102  1458  1694 W PackageManager: Failed registering loading progress callback. Package is fully loaded.
11-01 22:55:26.104  1458  4160 W BackupTransportManager: Package com.livegame.wallpapermingche enabled setting: 0
11-01 22:55:26.117  1458  1694 W WindowMagnificationMgr: requestConnection duplicated request: connect=false, mConnectionState=DISCONNECTED
11-01 22:55:26.122  1458  1806 E PackageManager: ERROR: could not load root hash from incremental install
11-01 22:55:26.140  1458  1806 I PackageManager: Integrity check passed for file:///data/app/vmdl1830741673.tmp
11-01 22:55:26.260  1458  1677 V StorageManagerService: Package null has legacy storage
11-01 22:55:26.399  1458  4025 I ActivityManager: Background started FGS: Allowed [callingPackage: com.google.android.apps.wellbeing; callingUid: 10120; uidState: BFGS; intent: Intent { cmp=com.google.android.apps.wellbeing/com.google.apps.tiktok.concurrent.InternalForegroundService (has extras) }; code:BACKGROUND_ACTIVITY_PERMISSION; tempAllowListReason:<null>; targetSdkVersion:33; callerTargetSdkVersion:33; startForegroundCount:0; bindFromPackage:null]
11-01 22:55:26.418  1458  1806 V BackupManagerService: [UserID:0] restoreAtInstall pkg=com.cncd.japan.janli.shudu token=2f restoreSet=0
11-01 22:55:26.418  1458  1806 V BackupManagerService: [UserID:0] Finishing install immediately
11-01 22:55:26.420  1458  1806 D PackageInstallerSession: Marking session 1830741673 as applied
11-01 22:55:26.421  1458  1806 D CompatibilityChangeReporter: Compat change id reported: 168419799; UID 10237; state: DISABLED
11-01 22:55:26.421  1458  1806 D CompatibilityChangeReporter: Compat change id reported: 273564678; UID 10237; state: DISABLED
11-01 22:55:26.434  1458  1458 I Telecom : DefaultDialerCache: Refreshing default dialer for user 0: now com.google.android.dialer: DDC.oR@Axo
11-01 22:55:26.436  1458  4202 W BroadcastQueue: u0 Receiving a broadcast in packagecom.android.buyer requires a permissions review
11-01 22:55:26.436  1458  4202 W BroadcastQueue: Skipping delivery: permission review required for Intent { act=android.intent.action.PACKAGE_ADDED dat=package: flg=0x4000010 (has extras) } from null (pid=1458, uid=1000) to com.android.buyer/.mRve
11-01 22:55:26.437  1458  1696 W BroadcastQueue: Background execution not allowed: receiving Intent { act=android.intent.action.PACKAGE_ADDED dat=package: flg=0x4000010 (has extras) } to com.google.android.packageinstaller/com.android.packageinstaller.PackageInstalledReceiver
11-01 22:55:26.437  1458  1696 W BroadcastQueue: Background execution not allowed: receiving Intent { act=android.intent.action.PACKAGE_ADDED dat=package: flg=0x4000010 (has extras) } to com.android.vending/com.google.android.finsky.packagemonitor.impl.PackageMonitorReceiverImpl$RegisteredReceiver
11-01 22:55:26.437  1458  1696 W BroadcastQueue: Background execution not allowed: receiving Intent { act=android.intent.action.PACKAGE_ADDED dat=package: flg=0x4000010 (has extras) } to com.android.vending/com.google.android.finsky.packagemonitor.backgroundimpl.BackgroundPackageMonitorReceiverImpl$RegisteredReceiver
11-01 22:55:26.437  1458  1696 W BroadcastQueue: Background execution not allowed: receiving Intent { act=android.intent.action.PACKAGE_ADDED dat=package: flg=0x4000010 (has extras) } to com.google.android.gms/.games.chimera.GamesSystemBroadcastReceiverProxy
11-01 22:55:26.437  1458  1696 W BroadcastQueue: Background execution not allowed: receiving Intent { act=android.intent.action.PACKAGE_ADDED dat=package: flg=0x4000010 (has extras) } to com.google.android.gms/.gass.chimera.PackageChangeBroadcastReceiver
11-01 22:55:26.438  1458  1696 W BroadcastQueue: Background execution not allowed: receiving Intent { act=android.intent.action.PACKAGE_ADDED dat=package: flg=0x4000010 (has extras) } to com.google.android.gms/.chimera.GmsIntentOperationService$PersistentTrustedReceiver
11-01 22:55:26.438  1458  1696 W BroadcastQueue: Background execution not allowed: receiving Intent { act=android.intent.action.PACKAGE_ADDED dat=package: flg=0x4000010 (has extras) } to com.google.android.googlequicksearchbox/com.google.android.apps.gsa.googlequicksearchbox.GelStubAppWatcher
11-01 22:55:26.438  1458  1696 W BroadcastQueue: u0 Receiving a broadcast in packagecom.games.mengmeizhitd requires a permissions review
11-01 22:55:26.438  1458  1696 W BroadcastQueue: Skipping delivery: permission review required for Intent { act=android.intent.action.PACKAGE_ADDED dat=package: flg=0x4000010 (has extras) } from null (pid=1458, uid=1000) to com.games.mengmeizhitd/hjnw.ihjnw.i.isqly
11-01 22:55:26.438  1458  1696 W BroadcastQueue: u0 Receiving a broadcast in packagecom.hgperfko.yaeghrwx requires a permissions review
11-01 22:55:26.438  1458  1696 W BroadcastQueue: Skipping delivery: permission review required for Intent { act=android.intent.action.PACKAGE_ADDED dat=package: flg=0x4000010 (has extras) } from null (pid=1458, uid=1000) to com.hgperfko.yaeghrwx/.core.hLytdCQDBv
11-01 22:55:26.438  1458  1696 W BroadcastQueue: u0 Receiving a broadcast in packagecom.qiuqiu.dfmc requires a permissions review
11-01 22:55:26.438  1458  1696 W BroadcastQueue: Skipping delivery: permission review required for Intent { act=android.intent.action.PACKAGE_ADDED dat=package: flg=0x4000010 (has extras) } from null (pid=1458, uid=1000) to com.qiuqiu.dfmc/cn.jpush.android.service.PushReceiver
11-01 22:55:26.438  1458  1696 W BroadcastQueue: u0 Receiving a broadcast in packagecom.safesys.viruskiller requires a permissions review
11-01 22:55:26.438  1458  1696 W BroadcastQueue: Skipping delivery: permission review required for Intent { act=android.intent.action.PACKAGE_ADDED dat=package: flg=0x4000010 (has extras) } from null (pid=1458, uid=1000) to com.safesys.viruskiller/.ScanPackageBroadcast
11-01 22:55:26.438  1458  1696 W BroadcastQueue: u0 Receiving a broadcast in packagecom.uc108.mobile.sdgj.bd1 requires a permissions review
11-01 22:55:26.438  1458  1696 W BroadcastQueue: Skipping delivery: permission review required for Intent { act=android.intent.action.PACKAGE_ADDED dat=package: flg=0x4000010 (has extras) } from null (pid=1458, uid=1000) to com.uc108.mobile.sdgj.bd1/com.baidu.tiebasdk.service.InstallReceiver
11-01 22:55:26.438  1458  1696 W BroadcastQueue: u0 Receiving a broadcast in packageio.dcloud.H5BC6BF13 requires a permissions review
11-01 22:55:26.438  1458  1696 W BroadcastQueue: Skipping delivery: permission review required for Intent { act=android.intent.action.PACKAGE_ADDED dat=package: flg=0x4000010 (has extras) } from null (pid=1458, uid=1000) to io.dcloud.H5BC6BF13/io.dcloud.common.adapter.io.DownloadReceiver
11-01 22:55:26.456  1458  1997 D CompatibilityChangeReporter: Compat change id reported: 218533173; UID 10237; state: DISABLED
11-01 22:55:26.460  1458  1458 I Telecom : DefaultDialerCache: Refreshing default dialer for user 0: now com.google.android.dialer: DDC.oR@Axs
11-01 22:55:26.467  1458  1802 E VerityUtils: Failed to measure fs-verity, errno 1: /data/app/~~LO6SRqcI6kDFhAOLaMPWDQ==/com.cncd.japan.janli.shudu-XlweivoSQhJxUjgVvIPBIQ==/base.apk
11-01 22:55:26.475  1458  1694 W WindowMagnificationMgr: requestConnection duplicated request: connect=false, mConnectionState=DISCONNECTED
11-01 22:55:26.480  1458  4160 W BackupTransportManager: Package com.cncd.japan.janli.shudu enabled setting: 0
11-01 22:55:26.482  1458  3198 D CompatibilityChangeReporter: Compat change id reported: 161252188; UID 10237; state: DISABLED
11-01 22:55:26.509  1458  1806 E PackageManager: ERROR: could not load root hash from incremental install
11-01 22:55:26.513  1458  2029 W PackageParsing: Ignoring duplicate uses-permissions/uses-permissions-sdk-m: android.permission.ACCESS_WIFI_STATE in package: com.android.msc at: Binary XML file line #17
11-01 22:55:26.521  1458  1806 I PackageManager: Integrity check passed for file:///data/app/vmdl1020397779.tmp
11-01 22:55:26.539  1458  1694 W PackageManager: Failed registering loading progress callback. Package is fully loaded.
11-01 22:55:26.547  1458  1694 W WindowMagnificationMgr: requestConnection duplicated request: connect=false, mConnectionState=DISCONNECTED
11-01 22:55:26.606  1458  1458 I NotificationService: Cannot find enqueued record for key: 0|com.google.android.apps.wellbeing|174344743|null|10120
11-01 22:55:26.617  1458  1806 W PackageParsing: Ignoring duplicate uses-permissions/uses-permissions-sdk-m: android.permission.ACCESS_WIFI_STATE in package: com.android.msc at: Binary XML file line #17
11-01 22:55:26.699  1458  1677 V StorageManagerService: Package null has legacy storage
11-01 22:55:26.699  1458  5484 W AppOps  : setUidMode() called with a mode inconsistent with runtime permission state, this is discouraged and you should revoke the runtime permission instead: uid=10125, switchCode=0, mode=4, permission=android.permission.ACCESS_BACKGROUND_LOCATION
11-01 22:55:26.703  1458  1806 V BackupManagerService: [UserID:0] restoreAtInstall pkg=com.android.msc token=30 restoreSet=0
11-01 22:55:26.703  1458  1806 V BackupManagerService: [UserID:0] Finishing install immediately
11-01 22:55:26.705  1458  1806 D PackageInstallerSession: Marking session 1020397779 as applied
11-01 22:55:26.711  1458  1806 D CompatibilityChangeReporter: Compat change id reported: 168419799; UID 10238; state: DISABLED
11-01 22:55:26.712  1458  1806 D CompatibilityChangeReporter: Compat change id reported: 273564678; UID 10238; state: DISABLED
11-01 22:55:26.718  1458  4672 W BroadcastQueue: u0 Receiving a broadcast in packagecom.android.buyer requires a permissions review
11-01 22:55:26.719  1458  4672 W BroadcastQueue: Skipping delivery: permission review required for Intent { act=android.intent.action.PACKAGE_ADDED dat=package: flg=0x4000010 (has extras) } from null (pid=1458, uid=1000) to com.android.buyer/.mRve
11-01 22:55:26.719  1458  1696 W BroadcastQueue: Background execution not allowed: receiving Intent { act=android.intent.action.PACKAGE_ADDED dat=package: flg=0x4000010 (has extras) } to com.google.android.packageinstaller/com.android.packageinstaller.PackageInstalledReceiver
11-01 22:55:26.720  1458  1696 W BroadcastQueue: Background execution not allowed: receiving Intent { act=android.intent.action.PACKAGE_ADDED dat=package: flg=0x4000010 (has extras) } to com.android.vending/com.google.android.finsky.packagemonitor.impl.PackageMonitorReceiverImpl$RegisteredReceiver
11-01 22:55:26.720  1458  1696 W BroadcastQueue: Background execution not allowed: receiving Intent { act=android.intent.action.PACKAGE_ADDED dat=package: flg=0x4000010 (has extras) } to com.android.vending/com.google.android.finsky.packagemonitor.backgroundimpl.BackgroundPackageMonitorReceiverImpl$RegisteredReceiver
11-01 22:55:26.720  1458  1696 W BroadcastQueue: Background execution not allowed: receiving Intent { act=android.intent.action.PACKAGE_ADDED dat=package: flg=0x4000010 (has extras) } to com.google.android.gms/.games.chimera.GamesSystemBroadcastReceiverProxy
11-01 22:55:26.720  1458  1696 W BroadcastQueue: Background execution not allowed: receiving Intent { act=android.intent.action.PACKAGE_ADDED dat=package: flg=0x4000010 (has extras) } to com.google.android.gms/.gass.chimera.PackageChangeBroadcastReceiver
11-01 22:55:26.720  1458  1696 W BroadcastQueue: Background execution not allowed: receiving Intent { act=android.intent.action.PACKAGE_ADDED dat=package: flg=0x4000010 (has extras) } to com.google.android.gms/.chimera.GmsIntentOperationService$PersistentTrustedReceiver
11-01 22:55:26.720  1458  1696 W BroadcastQueue: Background execution not allowed: receiving Intent { act=android.intent.action.PACKAGE_ADDED dat=package: flg=0x4000010 (has extras) } to com.google.android.googlequicksearchbox/com.google.android.apps.gsa.googlequicksearchbox.GelStubAppWatcher
11-01 22:55:26.720  1458  1696 W BroadcastQueue: u0 Receiving a broadcast in packagecom.cncd.japan.janli.shudu requires a permissions review
11-01 22:55:26.720  1458  1696 W BroadcastQueue: Skipping delivery: permission review required for Intent { act=android.intent.action.PACKAGE_ADDED dat=package: flg=0x4000010 (has extras) } from null (pid=1458, uid=1000) to com.cncd.japan.janli.shudu/net.l.k.r
11-01 22:55:26.720  1458  1696 W BroadcastQueue: u0 Receiving a broadcast in packagecom.cncd.japan.janli.shudu requires a permissions review
11-01 22:55:26.720  1458  1696 W BroadcastQueue: Skipping delivery: permission review required for Intent { act=android.intent.action.PACKAGE_ADDED dat=package: flg=0x4000010 (has extras) } from null (pid=1458, uid=1000) to com.cncd.japan.janli.shudu/com.feiwofour.coverscreen.SR
11-01 22:55:26.720  1458  1696 W BroadcastQueue: u0 Receiving a broadcast in packagecom.games.mengmeizhitd requires a permissions review
11-01 22:55:26.720  1458  1696 W BroadcastQueue: Skipping delivery: permission review required for Intent { act=android.intent.action.PACKAGE_ADDED dat=package: flg=0x4000010 (has extras) } from null (pid=1458, uid=1000) to com.games.mengmeizhitd/hjnw.ihjnw.i.isqly
11-01 22:55:26.721  1458  1696 W BroadcastQueue: u0 Receiving a broadcast in packagecom.hgperfko.yaeghrwx requires a permissions review
11-01 22:55:26.721  1458  1696 W BroadcastQueue: Skipping delivery: permission review required for Intent { act=android.intent.action.PACKAGE_ADDED dat=package: flg=0x4000010 (has extras) } from null (pid=1458, uid=1000) to com.hgperfko.yaeghrwx/.core.hLytdCQDBv
11-01 22:55:26.721  1458  1696 W BroadcastQueue: u0 Receiving a broadcast in packagecom.qiuqiu.dfmc requires a permissions review
11-01 22:55:26.721  1458  1696 W BroadcastQueue: Skipping delivery: permission review required for Intent { act=android.intent.action.PACKAGE_ADDED dat=package: flg=0x4000010 (has extras) } from null (pid=1458, uid=1000) to com.qiuqiu.dfmc/cn.jpush.android.service.PushReceiver
11-01 22:55:26.721  1458  1696 W BroadcastQueue: u0 Receiving a broadcast in packagecom.safesys.viruskiller requires a permissions review
11-01 22:55:26.721  1458  1696 W BroadcastQueue: Skipping delivery: permission review required for Intent { act=android.intent.action.PACKAGE_ADDED dat=package: flg=0x4000010 (has extras) } from null (pid=1458, uid=1000) to com.safesys.viruskiller/.ScanPackageBroadcast
11-01 22:55:26.721  1458  1696 W BroadcastQueue: u0 Receiving a broadcast in packagecom.uc108.mobile.sdgj.bd1 requires a permissions review
11-01 22:55:26.721  1458  1696 W BroadcastQueue: Skipping delivery: permission review required for Intent { act=android.intent.action.PACKAGE_ADDED dat=package: flg=0x4000010 (has extras) } from null (pid=1458, uid=1000) to com.uc108.mobile.sdgj.bd1/com.baidu.tiebasdk.service.InstallReceiver
11-01 22:55:26.721  1458  1696 W BroadcastQueue: u0 Receiving a broadcast in packageio.dcloud.H5BC6BF13 requires a permissions review
11-01 22:55:26.721  1458  1696 W BroadcastQueue: Skipping delivery: permission review required for Intent { act=android.intent.action.PACKAGE_ADDED dat=package: flg=0x4000010 (has extras) } from null (pid=1458, uid=1000) to io.dcloud.H5BC6BF13/io.dcloud.common.adapter.io.DownloadReceiver
11-01 22:55:26.729  1458  1458 I Telecom : DefaultDialerCache: Refreshing default dialer for user 0: now com.google.android.dialer: DDC.oR@AyA
11-01 22:55:26.736  1458  1694 W WindowMagnificationMgr: requestConnection duplicated request: connect=false, mConnectionState=DISCONNECTED
11-01 22:55:26.744  1458  1458 V BackupManagerConstants: getFullBackupIntervalMilliseconds(...) returns 86400000
11-01 22:55:26.744  1458  1458 V BackupManagerConstants: getFullBackupRequiredNetworkType(...) returns 2
11-01 22:55:26.744  1458  1458 V BackupManagerConstants: getFullBackupRequireCharging(...) returns true
11-01 22:55:26.748  1458  1802 E VerityUtils: Failed to measure fs-verity, errno 1: /data/app/~~RCPa9Ney12IbMc9HrIqm1A==/com.android.msc-VW1WwCF_OcdyQm2icWYcVA==/base.apk
11-01 22:55:26.780  1458  1694 W PackageManager: Failed registering loading progress callback. Package is fully loaded.
11-01 22:55:26.800  1458  1997 D CompatibilityChangeReporter: Compat change id reported: 218533173; UID 10238; state: DISABLED
11-01 22:55:26.805  1458  1458 I Telecom : DefaultDialerCache: Refreshing default dialer for user 0: now com.google.android.dialer: DDC.oR@AyE
11-01 22:55:26.812  1458  1694 W WindowMagnificationMgr: requestConnection duplicated request: connect=false, mConnectionState=DISCONNECTED
11-01 22:55:26.823  1458  4160 W BackupTransportManager: Package com.android.msc enabled setting: 0
11-01 22:55:26.925  1458  5473 D CompatibilityChangeReporter: Compat change id reported: 161252188; UID 10238; state: DISABLED
11-01 22:55:26.971  1458  5484 W AppOps  : setUidMode() called with a mode inconsistent with runtime permission state, this is discouraged and you should revoke the runtime permission instead: uid=10125, switchCode=1, mode=4, permission=android.permission.ACCESS_BACKGROUND_LOCATION
11-01 22:55:26.974  1458  5487 W AppOps  : setUidMode() called with a mode inconsistent with runtime permission state, this is discouraged and you should revoke the runtime permission instead: uid=10125, switchCode=0, mode=4, permission=android.permission.ACCESS_BACKGROUND_LOCATION
11-01 22:55:27.206  1458  1806 E PackageManager: ERROR: could not load root hash from incremental install
11-01 22:55:27.210  1458  2029 W PackageParsing: Ignoring duplicate uses-permissions/uses-permissions-sdk-m: android.permission.INTERNET in package: com.jr.narutoii at: Binary XML file line #10
11-01 22:55:27.210  1458  2029 W PackageParsing: Ignoring duplicate uses-permissions/uses-permissions-sdk-m: android.permission.ACCESS_NETWORK_STATE in package: com.jr.narutoii at: Binary XML file line #11
11-01 22:55:27.210  1458  2029 W PackageParsing: Ignoring duplicate uses-permissions/uses-permissions-sdk-m: android.permission.MOUNT_UNMOUNT_FILESYSTEMS in package: com.jr.narutoii at: Binary XML file line #13
11-01 22:55:27.210  1458  2029 W PackageParsing: Ignoring duplicate uses-permissions/uses-permissions-sdk-m: android.permission.WRITE_EXTERNAL_STORAGE in package: com.jr.narutoii at: Binary XML file line #14
11-01 22:55:27.210  1458  2029 W PackageParsing: Ignoring duplicate uses-permissions/uses-permissions-sdk-m: android.permission.INTERNET in package: com.jr.narutoii at: Binary XML file line #20
11-01 22:55:27.210  1458  2029 W PackageParsing: Ignoring duplicate uses-permissions/uses-permissions-sdk-m: android.permission.ACCESS_NETWORK_STATE in package: com.jr.narutoii at: Binary XML file line #21
11-01 22:55:27.210  1458  2029 W PackageParsing: Ignoring duplicate uses-permissions/uses-permissions-sdk-m: android.permission.READ_PHONE_STATE in package: com.jr.narutoii at: Binary XML file line #22
11-01 22:55:27.210  1458  2029 W PackageParsing: Ignoring duplicate uses-permissions/uses-permissions-sdk-m: android.permission.READ_PHONE_STATE in package: com.jr.narutoii at: Binary XML file line #35
11-01 22:55:27.210  1458  2029 W PackageParsing: Ignoring duplicate uses-permissions/uses-permissions-sdk-m: android.permission.ACCESS_NETWORK_STATE in package: com.jr.narutoii at: Binary XML file line #36
11-01 22:55:27.210  1458  2029 W PackageParsing: Ignoring duplicate uses-permissions/uses-permissions-sdk-m: android.permission.ACCESS_WIFI_STATE in package: com.jr.narutoii at: Binary XML file line #37
11-01 22:55:27.210  1458  2029 W PackageParsing: Ignoring duplicate uses-permissions/uses-permissions-sdk-m: android.permission.INTERNET in package: com.jr.narutoii at: Binary XML file line #38
11-01 22:55:27.211  1458  2029 W PackageParsing: Ignoring duplicate uses-permissions/uses-permissions-sdk-m: android.permission.WRITE_EXTERNAL_STORAGE in package: com.jr.narutoii at: Binary XML file line #39
11-01 22:55:27.211  1458  2029 W PackageParsing: Ignoring duplicate uses-permissions/uses-permissions-sdk-m: android.permission.READ_SMS in package: com.jr.narutoii at: Binary XML file line #48
11-01 22:55:27.211  1458  2029 W PackageParsing: Ignoring duplicate uses-permissions/uses-permissions-sdk-m: android.permission.SEND_SMS in package: com.jr.narutoii at: Binary XML file line #49
11-01 22:55:27.211  1458  2029 W PackageParsing: Ignoring duplicate uses-permissions/uses-permissions-sdk-m: android.permission.WRITE_SMS in package: com.jr.narutoii at: Binary XML file line #50
11-01 22:55:27.211  1458  2029 W PackageParsing: Ignoring duplicate uses-permissions/uses-permissions-sdk-m: android.permission.VIBRATE in package: com.jr.narutoii at: Binary XML file line #51
11-01 22:55:27.211  1458  2029 W PackageParsing: Ignoring duplicate uses-permissions/uses-permissions-sdk-m: android.permission.RECEIVE_BOOT_COMPLETED in package: com.jr.narutoii at: Binary XML file line #55
11-01 22:55:27.211  1458  2029 W PackageParsing: Ignoring duplicate uses-permissions/uses-permissions-sdk-m: android.permission.INTERNET in package: com.jr.narutoii at: Binary XML file line #142
11-01 22:55:27.229  1458  1806 I PackageManager: Integrity check passed for file:///data/app/vmdl1324547908.tmp
11-01 22:55:27.235  1458  1806 W PackageParsing: Ignoring duplicate uses-permissions/uses-permissions-sdk-m: android.permission.INTERNET in package: com.jr.narutoii at: Binary XML file line #10
11-01 22:55:27.235  1458  1806 W PackageParsing: Ignoring duplicate uses-permissions/uses-permissions-sdk-m: android.permission.ACCESS_NETWORK_STATE in package: com.jr.narutoii at: Binary XML file line #11
11-01 22:55:27.235  1458  1806 W PackageParsing: Ignoring duplicate uses-permissions/uses-permissions-sdk-m: android.permission.MOUNT_UNMOUNT_FILESYSTEMS in package: com.jr.narutoii at: Binary XML file line #13
11-01 22:55:27.235  1458  1806 W PackageParsing: Ignoring duplicate uses-permissions/uses-permissions-sdk-m: android.permission.WRITE_EXTERNAL_STORAGE in package: com.jr.narutoii at: Binary XML file line #14
11-01 22:55:27.235  1458  1806 W PackageParsing: Ignoring duplicate uses-permissions/uses-permissions-sdk-m: android.permission.INTERNET in package: com.jr.narutoii at: Binary XML file line #20
11-01 22:55:27.235  1458  1806 W PackageParsing: Ignoring duplicate uses-permissions/uses-permissions-sdk-m: android.permission.ACCESS_NETWORK_STATE in package: com.jr.narutoii at: Binary XML file line #21
11-01 22:55:27.235  1458  1806 W PackageParsing: Ignoring duplicate uses-permissions/uses-permissions-sdk-m: android.permission.READ_PHONE_STATE in package: com.jr.narutoii at: Binary XML file line #22
11-01 22:55:27.236  1458  1806 W PackageParsing: Ignoring duplicate uses-permissions/uses-permissions-sdk-m: android.permission.READ_PHONE_STATE in package: com.jr.narutoii at: Binary XML file line #35
11-01 22:55:27.236  1458  1806 W PackageParsing: Ignoring duplicate uses-permissions/uses-permissions-sdk-m: android.permission.ACCESS_NETWORK_STATE in package: com.jr.narutoii at: Binary XML file line #36
11-01 22:55:27.236  1458  1806 W PackageParsing: Ignoring duplicate uses-permissions/uses-permissions-sdk-m: android.permission.ACCESS_WIFI_STATE in package: com.jr.narutoii at: Binary XML file line #37
11-01 22:55:27.236  1458  1806 W PackageParsing: Ignoring duplicate uses-permissions/uses-permissions-sdk-m: android.permission.INTERNET in package: com.jr.narutoii at: Binary XML file line #38
11-01 22:55:27.236  1458  1806 W PackageParsing: Ignoring duplicate uses-permissions/uses-permissions-sdk-m: android.permission.WRITE_EXTERNAL_STORAGE in package: com.jr.narutoii at: Binary XML file line #39
11-01 22:55:27.236  1458  1806 W PackageParsing: Ignoring duplicate uses-permissions/uses-permissions-sdk-m: android.permission.READ_SMS in package: com.jr.narutoii at: Binary XML file line #48
11-01 22:55:27.236  1458  1806 W PackageParsing: Ignoring duplicate uses-permissions/uses-permissions-sdk-m: android.permission.SEND_SMS in package: com.jr.narutoii at: Binary XML file line #49
11-01 22:55:27.236  1458  1806 W PackageParsing: Ignoring duplicate uses-permissions/uses-permissions-sdk-m: android.permission.WRITE_SMS in package: com.jr.narutoii at: Binary XML file line #50
11-01 22:55:27.236  1458  1806 W PackageParsing: Ignoring duplicate uses-permissions/uses-permissions-sdk-m: android.permission.VIBRATE in package: com.jr.narutoii at: Binary XML file line #51
11-01 22:55:27.236  1458  1806 W PackageParsing: Ignoring duplicate uses-permissions/uses-permissions-sdk-m: android.permission.RECEIVE_BOOT_COMPLETED in package: com.jr.narutoii at: Binary XML file line #55
11-01 22:55:27.238  1458  1806 W PackageParsing: Ignoring duplicate uses-permissions/uses-permissions-sdk-m: android.permission.INTERNET in package: com.jr.narutoii at: Binary XML file line #142
11-01 22:55:27.306  1458  1677 V StorageManagerService: Package null has legacy storage
11-01 22:55:27.379  1458  4665 I ActivityManager: Background started FGS: Allowed [callingPackage: com.google.android.apps.wellbeing; callingUid: 10120; uidState: BFGS; intent: Intent { cmp=com.google.android.apps.wellbeing/com.google.apps.tiktok.concurrent.InternalForegroundService (has extras) }; code:BACKGROUND_ACTIVITY_PERMISSION; tempAllowListReason:<null>; targetSdkVersion:33; callerTargetSdkVersion:33; startForegroundCount:0; bindFromPackage:null]
11-01 22:55:27.428  1458  1806 V BackupManagerService: [UserID:0] restoreAtInstall pkg=com.jr.narutoii token=31 restoreSet=0
11-01 22:55:27.429  1458  1806 V BackupManagerService: [UserID:0] Finishing install immediately
11-01 22:55:27.433  1458  1806 D PackageInstallerSession: Marking session 1324547908 as applied
11-01 22:55:27.435  1458  1806 D CompatibilityChangeReporter: Compat change id reported: 168419799; UID 10239; state: DISABLED
11-01 22:55:27.435  1458  1806 D CompatibilityChangeReporter: Compat change id reported: 273564678; UID 10239; state: DISABLED
11-01 22:55:27.451  1458  1458 I Telecom : DefaultDialerCache: Refreshing default dialer for user 0: now com.google.android.dialer: DDC.oR@AyQ
11-01 22:55:27.451  1458  5494 W BroadcastQueue: u0 Receiving a broadcast in packagecom.android.buyer requires a permissions review
11-01 22:55:27.451  1458  5494 W BroadcastQueue: Skipping delivery: permission review required for Intent { act=android.intent.action.PACKAGE_ADDED dat=package: flg=0x4000010 (has extras) } from null (pid=1458, uid=1000) to com.android.buyer/.mRve
11-01 22:55:27.459  1458  1458 V BackupManagerConstants: getFullBackupIntervalMilliseconds(...) returns 86400000
11-01 22:55:27.459  1458  1458 V BackupManagerConstants: getFullBackupRequiredNetworkType(...) returns 2
11-01 22:55:27.459  1458  1458 V BackupManagerConstants: getFullBackupRequireCharging(...) returns true
11-01 22:55:27.461  1458  1696 W BroadcastQueue: Background execution not allowed: receiving Intent { act=android.intent.action.PACKAGE_ADDED dat=package: flg=0x4000010 (has extras) } to com.google.android.packageinstaller/com.android.packageinstaller.PackageInstalledReceiver
11-01 22:55:27.461  1458  1696 W BroadcastQueue: Background execution not allowed: receiving Intent { act=android.intent.action.PACKAGE_ADDED dat=package: flg=0x4000010 (has extras) } to com.android.vending/com.google.android.finsky.packagemonitor.impl.PackageMonitorReceiverImpl$RegisteredReceiver
11-01 22:55:27.461  1458  1696 W BroadcastQueue: Background execution not allowed: receiving Intent { act=android.intent.action.PACKAGE_ADDED dat=package: flg=0x4000010 (has extras) } to com.android.vending/com.google.android.finsky.packagemonitor.backgroundimpl.BackgroundPackageMonitorReceiverImpl$RegisteredReceiver
11-01 22:55:27.461  1458  1696 W BroadcastQueue: Background execution not allowed: receiving Intent { act=android.intent.action.PACKAGE_ADDED dat=package: flg=0x4000010 (has extras) } to com.google.android.gms/.games.chimera.GamesSystemBroadcastReceiverProxy
11-01 22:55:27.462  1458  1696 W BroadcastQueue: Background execution not allowed: receiving Intent { act=android.intent.action.PACKAGE_ADDED dat=package: flg=0x4000010 (has extras) } to com.google.android.gms/.gass.chimera.PackageChangeBroadcastReceiver
11-01 22:55:27.462  1458  1696 W BroadcastQueue: Background execution not allowed: receiving Intent { act=android.intent.action.PACKAGE_ADDED dat=package: flg=0x4000010 (has extras) } to com.google.android.gms/.chimera.GmsIntentOperationService$PersistentTrustedReceiver
11-01 22:55:27.462  1458  1696 W BroadcastQueue: Background execution not allowed: receiving Intent { act=android.intent.action.PACKAGE_ADDED dat=package: flg=0x4000010 (has extras) } to com.google.android.googlequicksearchbox/com.google.android.apps.gsa.googlequicksearchbox.GelStubAppWatcher
11-01 22:55:27.462  1458  1696 W BroadcastQueue: u0 Receiving a broadcast in packagecom.cncd.japan.janli.shudu requires a permissions review
11-01 22:55:27.462  1458  1696 W BroadcastQueue: Skipping delivery: permission review required for Intent { act=android.intent.action.PACKAGE_ADDED dat=package: flg=0x4000010 (has extras) } from null (pid=1458, uid=1000) to com.cncd.japan.janli.shudu/net.l.k.r
11-01 22:55:27.462  1458  1696 W BroadcastQueue: u0 Receiving a broadcast in packagecom.cncd.japan.janli.shudu requires a permissions review
11-01 22:55:27.462  1458  1696 W BroadcastQueue: Skipping delivery: permission review required for Intent { act=android.intent.action.PACKAGE_ADDED dat=package: flg=0x4000010 (has extras) } from null (pid=1458, uid=1000) to com.cncd.japan.janli.shudu/com.feiwofour.coverscreen.SR
11-01 22:55:27.462  1458  1696 W BroadcastQueue: u0 Receiving a broadcast in packagecom.games.mengmeizhitd requires a permissions review
11-01 22:55:27.462  1458  1696 W BroadcastQueue: Skipping delivery: permission review required for Intent { act=android.intent.action.PACKAGE_ADDED dat=package: flg=0x4000010 (has extras) } from null (pid=1458, uid=1000) to com.games.mengmeizhitd/hjnw.ihjnw.i.isqly
11-01 22:55:27.470  1458  1694 W WindowMagnificationMgr: requestConnection duplicated request: connect=false, mConnectionState=DISCONNECTED
11-01 22:55:27.478  1458  1696 W BroadcastQueue: u0 Receiving a broadcast in packagecom.hgperfko.yaeghrwx requires a permissions review
11-01 22:55:27.478  1458  1696 W BroadcastQueue: Skipping delivery: permission review required for Intent { act=android.intent.action.PACKAGE_ADDED dat=package: flg=0x4000010 (has extras) } from null (pid=1458, uid=1000) to com.hgperfko.yaeghrwx/.core.hLytdCQDBv
11-01 22:55:27.478  1458  1696 W BroadcastQueue: u0 Receiving a broadcast in packagecom.qiuqiu.dfmc requires a permissions review
11-01 22:55:27.478  1458  1696 W BroadcastQueue: Skipping delivery: permission review required for Intent { act=android.intent.action.PACKAGE_ADDED dat=package: flg=0x4000010 (has extras) } from null (pid=1458, uid=1000) to com.qiuqiu.dfmc/cn.jpush.android.service.PushReceiver
11-01 22:55:27.478  1458  1696 W BroadcastQueue: u0 Receiving a broadcast in packagecom.safesys.viruskiller requires a permissions review
11-01 22:55:27.478  1458  1696 W BroadcastQueue: Skipping delivery: permission review required for Intent { act=android.intent.action.PACKAGE_ADDED dat=package: flg=0x4000010 (has extras) } from null (pid=1458, uid=1000) to com.safesys.viruskiller/.ScanPackageBroadcast
11-01 22:55:27.478  1458  1696 W BroadcastQueue: u0 Receiving a broadcast in packagecom.uc108.mobile.sdgj.bd1 requires a permissions review
11-01 22:55:27.478  1458  1696 W BroadcastQueue: Skipping delivery: permission review required for Intent { act=android.intent.action.PACKAGE_ADDED dat=package: flg=0x4000010 (has extras) } from null (pid=1458, uid=1000) to com.uc108.mobile.sdgj.bd1/com.baidu.tiebasdk.service.InstallReceiver
11-01 22:55:27.480  1458  1997 D CompatibilityChangeReporter: Compat change id reported: 218533173; UID 10239; state: DISABLED
11-01 22:55:27.484  1458  1802 E VerityUtils: Failed to measure fs-verity, errno 1: /data/app/~~wNlzISlJLcRfXUWqtvXxjw==/com.jr.narutoii-te1nShJfIwWAoUCOMJxrnw==/base.apk
11-01 22:55:27.484  1458  1458 I Telecom : DefaultDialerCache: Refreshing default dialer for user 0: now com.google.android.dialer: DDC.oR@AyU
11-01 22:55:27.485  1458  4160 W BackupTransportManager: Package com.jr.narutoii enabled setting: 0
11-01 22:55:27.485  1458  1696 W BroadcastQueue: u0 Receiving a broadcast in packageio.dcloud.H5BC6BF13 requires a permissions review
11-01 22:55:27.485  1458  1696 W BroadcastQueue: Skipping delivery: permission review required for Intent { act=android.intent.action.PACKAGE_ADDED dat=package: flg=0x4000010 (has extras) } from null (pid=1458, uid=1000) to io.dcloud.H5BC6BF13/io.dcloud.common.adapter.io.DownloadReceiver
