11-01 22:55:32.512  1458  1806 E PackageManager: ERROR: could not load root hash from incremental install
11-01 22:55:32.520  1458  2029 W PackageParsing: Ignoring duplicate uses-permissions/uses-permissions-sdk-m: android.permission.KILL_BACKGROUND_PROCESSES in package: rjpmscxyoicgj.rcmuksahjbgmzodorjn.pebcsfmlgnqxshaierbhj at: Binary XML file line #24
11-01 22:55:32.547  1458  1806 I PackageManager: Integrity check passed for file:///data/app/vmdl1649824144.tmp
11-01 22:55:32.553  1458  1806 W PackageParsing: Ignoring duplicate uses-permissions/uses-permissions-sdk-m: android.permission.KILL_BACKGROUND_PROCESSES in package: rjpmscxyoicgj.rcmuksahjbgmzodorjn.pebcsfmlgnqxshaierbhj at: Binary XML file line #24
11-01 22:55:32.605  1458  1677 V StorageManagerService: Package null does not have legacy storage
11-01 22:55:32.635  1458  2928 W AppOps  : setUidMode() called with a mode inconsistent with runtime permission state, this is discouraged and you should revoke the runtime permission instead: uid=10125, switchCode=0, mode=4, permission=android.permission.ACCESS_BACKGROUND_LOCATION
11-01 22:55:32.752  1458  2928 W AppOps  : setUidMode() called with a mode inconsistent with runtime permission state, this is discouraged and you should revoke the runtime permission instead: uid=10125, switchCode=1, mode=4, permission=android.permission.ACCESS_BACKGROUND_LOCATION
11-01 22:55:32.754  1458  2928 W AppOps  : setUidMode() called with a mode inconsistent with runtime permission state, this is discouraged and you should revoke the runtime permission instead: uid=10125, switchCode=0, mode=4, permission=android.permission.ACCESS_BACKGROUND_LOCATION
11-01 22:55:32.943  1458  1806 V BackupManagerService: [UserID:0] restoreAtInstall pkg=rjpmscxyoicgj.rcmuksahjbgmzodorjn.pebcsfmlgnqxshaierbhj token=3c restoreSet=0
11-01 22:55:32.943  1458  1806 V BackupManagerService: [UserID:0] Finishing install immediately
11-01 22:55:32.946  1458  1806 D PackageInstallerSession: Marking session 1649824144 as applied
11-01 22:55:32.948  1458  1806 D CompatibilityChangeReporter: Compat change id reported: 168419799; UID 10250; state: DISABLED
11-01 22:55:32.948  1458  1806 D CompatibilityChangeReporter: Compat change id reported: 273564678; UID 10250; state: DISABLED
11-01 22:55:32.961  1458  1458 I Telecom : DefaultDialerCache: Refreshing default dialer for user 0: now com.google.android.dialer: DDC.oR@A1g
11-01 22:55:32.963  1458  1458 V BackupManagerConstants: getFullBackupIntervalMilliseconds(...) returns 86400000
11-01 22:55:32.963  1458  1458 V BackupManagerConstants: getFullBackupRequiredNetworkType(...) returns 2
11-01 22:55:32.964  1458  1458 V BackupManagerConstants: getFullBackupRequireCharging(...) returns true
11-01 22:55:32.983  1458  1694 W WindowMagnificationMgr: requestConnection duplicated request: connect=false, mConnectionState=DISCONNECTED
11-01 22:55:32.983  1458  1997 D CompatibilityChangeReporter: Compat change id reported: 218533173; UID 10250; state: DISABLED
11-01 22:55:32.985  1458  1458 I Telecom : DefaultDialerCache: Refreshing default dialer for user 0: now com.google.android.dialer: DDC.oR@A1k
11-01 22:55:32.985  1458  4160 W BackupTransportManager: Package rjpmscxyoicgj.rcmuksahjbgmzodorjn.pebcsfmlgnqxshaierbhj enabled setting: 0
11-01 22:55:32.986  1458  5490 I ActivityManager: Background started FGS: Allowed [callingPackage: com.google.android.apps.wellbeing; callingUid: 10120; uidState: BFGS; intent: Intent { cmp=com.google.android.apps.wellbeing/com.google.apps.tiktok.concurrent.InternalForegroundService (has extras) }; code:BACKGROUND_ACTIVITY_PERMISSION; tempAllowListReason:<null>; targetSdkVersion:33; callerTargetSdkVersion:33; startForegroundCount:0; bindFromPackage:null]
11-01 22:55:32.998  1458  5491 W BroadcastQueue: u0 Receiving a broadcast in packagecom.jr.narutoii requires a permissions review
11-01 22:55:32.998  1458  5491 W BroadcastQueue: Skipping delivery: permission review required for Intent { act=android.intent.action.PACKAGE_ADDED dat=package: flg=0x4000010 (has extras) } from null (pid=1458, uid=1000) to com.jr.narutoii/com.joyriver.engine.proxy.EngineReceiver
11-01 22:55:33.001  1458  1696 W BroadcastQueue: u0 Receiving a broadcast in packagecom.android.buyer requires a permissions review
11-01 22:55:33.001  1458  1696 W BroadcastQueue: Skipping delivery: permission review required for Intent { act=android.intent.action.PACKAGE_ADDED dat=package: flg=0x4000010 (has extras) } from null (pid=1458, uid=1000) to com.android.buyer/.mRve
11-01 22:55:33.001  1458  1696 W BroadcastQueue: Background execution not allowed: receiving Intent { act=android.intent.action.PACKAGE_ADDED dat=package: flg=0x4000010 (has extras) } to com.google.android.packageinstaller/com.android.packageinstaller.PackageInstalledReceiver
11-01 22:55:33.001  1458  1696 W BroadcastQueue: Background execution not allowed: receiving Intent { act=android.intent.action.PACKAGE_ADDED dat=package: flg=0x4000010 (has extras) } to com.android.vending/com.google.android.finsky.packagemonitor.impl.PackageMonitorReceiverImpl$RegisteredReceiver
11-01 22:55:33.001  1458  1696 W BroadcastQueue: Background execution not allowed: receiving Intent { act=android.intent.action.PACKAGE_ADDED dat=package: flg=0x4000010 (has extras) } to com.android.vending/com.google.android.finsky.packagemonitor.backgroundimpl.BackgroundPackageMonitorReceiverImpl$RegisteredReceiver
11-01 22:55:33.001  1458  1696 W BroadcastQueue: Background execution not allowed: receiving Intent { act=android.intent.action.PACKAGE_ADDED dat=package: flg=0x4000010 (has extras) } to com.google.android.gms/.games.chimera.GamesSystemBroadcastReceiverProxy
11-01 22:55:33.001  1458  1696 W BroadcastQueue: Background execution not allowed: receiving Intent { act=android.intent.action.PACKAGE_ADDED dat=package: flg=0x4000010 (has extras) } to com.google.android.gms/.gass.chimera.PackageChangeBroadcastReceiver
11-01 22:55:33.001  1458  1696 W BroadcastQueue: Background execution not allowed: receiving Intent { act=android.intent.action.PACKAGE_ADDED dat=package: flg=0x4000010 (has extras) } to com.google.android.gms/.chimera.GmsIntentOperationService$PersistentTrustedReceiver
11-01 22:55:33.005  1458  1696 W BroadcastQueue: Background execution not allowed: receiving Intent { act=android.intent.action.PACKAGE_ADDED dat=package: flg=0x4000010 (has extras) } to com.google.android.googlequicksearchbox/com.google.android.apps.gsa.googlequicksearchbox.GelStubAppWatcher
11-01 22:55:33.006  1458  1696 W BroadcastQueue: u0 Receiving a broadcast in packagecom.cncd.japan.janli.shudu requires a permissions review
11-01 22:55:33.006  1458  1696 W BroadcastQueue: Skipping delivery: permission review required for Intent { act=android.intent.action.PACKAGE_ADDED dat=package: flg=0x4000010 (has extras) } from null (pid=1458, uid=1000) to com.cncd.japan.janli.shudu/net.l.k.r
11-01 22:55:33.007  1458  1696 W BroadcastQueue: u0 Receiving a broadcast in packagecom.cncd.japan.janli.shudu requires a permissions review
11-01 22:55:33.007  1458  1696 W BroadcastQueue: Skipping delivery: permission review required for Intent { act=android.intent.action.PACKAGE_ADDED dat=package: flg=0x4000010 (has extras) } from null (pid=1458, uid=1000) to com.cncd.japan.janli.shudu/com.feiwofour.coverscreen.SR
11-01 22:55:33.007  1458  1696 W BroadcastQueue: u0 Receiving a broadcast in packagecom.games.mengmeizhitd requires a permissions review
11-01 22:55:33.007  1458  1696 W BroadcastQueue: Skipping delivery: permission review required for Intent { act=android.intent.action.PACKAGE_ADDED dat=package: flg=0x4000010 (has extras) } from null (pid=1458, uid=1000) to com.games.mengmeizhitd/hjnw.ihjnw.i.isqly
11-01 22:55:33.007  1458  1696 W BroadcastQueue: u0 Receiving a broadcast in packagecom.hgperfko.yaeghrwx requires a permissions review
11-01 22:55:33.007  1458  1696 W BroadcastQueue: Skipping delivery: permission review required for Intent { act=android.intent.action.PACKAGE_ADDED dat=package: flg=0x4000010 (has extras) } from null (pid=1458, uid=1000) to com.hgperfko.yaeghrwx/.core.hLytdCQDBv
11-01 22:55:33.007  1458  1696 W BroadcastQueue: u0 Receiving a broadcast in packagecom.qiuqiu.dfmc requires a permissions review
11-01 22:55:33.007  1458  1696 W BroadcastQueue: Skipping delivery: permission review required for Intent { act=android.intent.action.PACKAGE_ADDED dat=package: flg=0x4000010 (has extras) } from null (pid=1458, uid=1000) to com.qiuqiu.dfmc/cn.jpush.android.service.PushReceiver
11-01 22:55:33.007  1458  1696 W BroadcastQueue: u0 Receiving a broadcast in packagecom.safesys.viruskiller requires a permissions review
11-01 22:55:33.007  1458  1696 W BroadcastQueue: Skipping delivery: permission review required for Intent { act=android.intent.action.PACKAGE_ADDED dat=package: flg=0x4000010 (has extras) } from null (pid=1458, uid=1000) to com.safesys.viruskiller/.ScanPackageBroadcast
11-01 22:55:33.007  1458  1696 W BroadcastQueue: u0 Receiving a broadcast in packagecom.uc108.mobile.sdgj.bd1 requires a permissions review
11-01 22:55:33.007  1458  1696 W BroadcastQueue: Skipping delivery: permission review required for Intent { act=android.intent.action.PACKAGE_ADDED dat=package: flg=0x4000010 (has extras) } from null (pid=1458, uid=1000) to com.uc108.mobile.sdgj.bd1/com.baidu.tiebasdk.service.InstallReceiver
11-01 22:55:33.007  1458  1696 W BroadcastQueue: u0 Receiving a broadcast in packagecom.voicebianshengjinglingwc.wxl requires a permissions review
11-01 22:55:33.007  1458  1696 W BroadcastQueue: Skipping delivery: permission review required for Intent { act=android.intent.action.PACKAGE_ADDED dat=package: flg=0x4000010 (has extras) } from null (pid=1458, uid=1000) to com.voicebianshengjinglingwc.wxl/mp.ruu.Ztjjwrj
11-01 22:55:33.007  1458  1696 W BroadcastQueue: u0 Receiving a broadcast in packageio.dcloud.H5BC6BF13 requires a permissions review
11-01 22:55:33.007  1458  1696 W BroadcastQueue: Skipping delivery: permission review required for Intent { act=android.intent.action.PACKAGE_ADDED dat=package: flg=0x4000010 (has extras) } from null (pid=1458, uid=1000) to io.dcloud.H5BC6BF13/io.dcloud.common.adapter.io.DownloadReceiver
11-01 22:55:33.023  1458  5129 D CompatibilityChangeReporter: Compat change id reported: 161252188; UID 10250; state: DISABLED
11-01 22:55:33.032  1458  1802 E VerityUtils: Failed to measure fs-verity, errno 1: /data/app/~~Fi7nGc24OgRz78Kf0i5W5Q==/rjpmscxyoicgj.rcmuksahjbgmzodorjn.pebcsfmlgnqxshaierbhj-Iu24_DCryjHJRja7neJ83A==/base.apk
11-01 22:55:33.045  1458  1694 W PackageManager: Failed registering loading progress callback. Package is fully loaded.
11-01 22:55:33.053  1458  1694 W WindowMagnificationMgr: requestConnection duplicated request: connect=false, mConnectionState=DISCONNECTED
11-01 22:55:33.164  1458  1806 E PackageManager: ERROR: could not load root hash from incremental install
11-01 22:55:33.191  1458  1806 I PackageManager: Integrity check passed for file:///data/app/vmdl821155958.tmp
11-01 22:55:33.276  1458  1458 I NotificationService: Cannot find enqueued record for key: 0|com.google.android.apps.wellbeing|174344743|null|10120
11-01 22:55:33.276  1458  1677 V StorageManagerService: Package null has legacy storage
11-01 22:55:33.465  1458  5487 W AppOps  : setUidMode() called with a mode inconsistent with runtime permission state, this is discouraged and you should revoke the runtime permission instead: uid=10125, switchCode=0, mode=4, permission=android.permission.ACCESS_BACKGROUND_LOCATION
11-01 22:55:33.509  1458  1806 V BackupManagerService: [UserID:0] restoreAtInstall pkg=oaskok.rjsbiydsjifexwubpyuomxy.zslzeeeyzmnfnttztj token=3d restoreSet=0
11-01 22:55:33.509  1458  1806 V BackupManagerService: [UserID:0] Finishing install immediately
11-01 22:55:33.511  1458  1806 D PackageInstallerSession: Marking session 821155958 as applied
11-01 22:55:33.512  1458  1806 D CompatibilityChangeReporter: Compat change id reported: 168419799; UID 10251; state: DISABLED
11-01 22:55:33.512  1458  1806 D CompatibilityChangeReporter: Compat change id reported: 273564678; UID 10251; state: DISABLED
11-01 22:55:33.519  1458  1458 I Telecom : DefaultDialerCache: Refreshing default dialer for user 0: now com.google.android.dialer: DDC.oR@A14
11-01 22:55:33.521  1458  1458 V BackupManagerConstants: getFullBackupIntervalMilliseconds(...) returns 86400000
11-01 22:55:33.521  1458  1458 V BackupManagerConstants: getFullBackupRequiredNetworkType(...) returns 2
11-01 22:55:33.522  1458  1458 V BackupManagerConstants: getFullBackupRequireCharging(...) returns true
11-01 22:55:33.528  1458  3199 W BroadcastQueue: u0 Receiving a broadcast in packagecom.jr.narutoii requires a permissions review
11-01 22:55:33.528  1458  3199 W BroadcastQueue: Skipping delivery: permission review required for Intent { act=android.intent.action.PACKAGE_ADDED dat=package: flg=0x4000010 (has extras) } from null (pid=1458, uid=1000) to com.jr.narutoii/com.joyriver.engine.proxy.EngineReceiver
11-01 22:55:33.529  1458  1696 W BroadcastQueue: u0 Receiving a broadcast in packagecom.android.buyer requires a permissions review
11-01 22:55:33.529  1458  1696 W BroadcastQueue: Skipping delivery: permission review required for Intent { act=android.intent.action.PACKAGE_ADDED dat=package: flg=0x4000010 (has extras) } from null (pid=1458, uid=1000) to com.android.buyer/.mRve
11-01 22:55:33.529  1458  1696 W BroadcastQueue: Background execution not allowed: receiving Intent { act=android.intent.action.PACKAGE_ADDED dat=package: flg=0x4000010 (has extras) } to com.google.android.packageinstaller/com.android.packageinstaller.PackageInstalledReceiver
11-01 22:55:33.529  1458  1696 W BroadcastQueue: Background execution not allowed: receiving Intent { act=android.intent.action.PACKAGE_ADDED dat=package: flg=0x4000010 (has extras) } to com.android.vending/com.google.android.finsky.packagemonitor.impl.PackageMonitorReceiverImpl$RegisteredReceiver
11-01 22:55:33.529  1458  1696 W BroadcastQueue: Background execution not allowed: receiving Intent { act=android.intent.action.PACKAGE_ADDED dat=package: flg=0x4000010 (has extras) } to com.android.vending/com.google.android.finsky.packagemonitor.backgroundimpl.BackgroundPackageMonitorReceiverImpl$RegisteredReceiver
11-01 22:55:33.529  1458  1696 W BroadcastQueue: Background execution not allowed: receiving Intent { act=android.intent.action.PACKAGE_ADDED dat=package: flg=0x4000010 (has extras) } to com.google.android.gms/.games.chimera.GamesSystemBroadcastReceiverProxy
11-01 22:55:33.529  1458  1696 W BroadcastQueue: Background execution not allowed: receiving Intent { act=android.intent.action.PACKAGE_ADDED dat=package: flg=0x4000010 (has extras) } to com.google.android.gms/.gass.chimera.PackageChangeBroadcastReceiver
11-01 22:55:33.529  1458  1696 W BroadcastQueue: Background execution not allowed: receiving Intent { act=android.intent.action.PACKAGE_ADDED dat=package: flg=0x4000010 (has extras) } to com.google.android.gms/.chimera.GmsIntentOperationService$PersistentTrustedReceiver
11-01 22:55:33.530  1458  1696 W BroadcastQueue: Background execution not allowed: receiving Intent { act=android.intent.action.PACKAGE_ADDED dat=package: flg=0x4000010 (has extras) } to com.google.android.googlequicksearchbox/com.google.android.apps.gsa.googlequicksearchbox.GelStubAppWatcher
11-01 22:55:33.530  1458  1696 W BroadcastQueue: u0 Receiving a broadcast in packagecom.cncd.japan.janli.shudu requires a permissions review
11-01 22:55:33.530  1458  1696 W BroadcastQueue: Skipping delivery: permission review required for Intent { act=android.intent.action.PACKAGE_ADDED dat=package: flg=0x4000010 (has extras) } from null (pid=1458, uid=1000) to com.cncd.japan.janli.shudu/net.l.k.r
11-01 22:55:33.530  1458  1696 W BroadcastQueue: u0 Receiving a broadcast in packagecom.cncd.japan.janli.shudu requires a permissions review
11-01 22:55:33.530  1458  1696 W BroadcastQueue: Skipping delivery: permission review required for Intent { act=android.intent.action.PACKAGE_ADDED dat=package: flg=0x4000010 (has extras) } from null (pid=1458, uid=1000) to com.cncd.japan.janli.shudu/com.feiwofour.coverscreen.SR
11-01 22:55:33.530  1458  1696 W BroadcastQueue: u0 Receiving a broadcast in packagecom.games.mengmeizhitd requires a permissions review
11-01 22:55:33.530  1458  1696 W BroadcastQueue: Skipping delivery: permission review required for Intent { act=android.intent.action.PACKAGE_ADDED dat=package: flg=0x4000010 (has extras) } from null (pid=1458, uid=1000) to com.games.mengmeizhitd/hjnw.ihjnw.i.isqly
11-01 22:55:33.530  1458  1696 W BroadcastQueue: u0 Receiving a broadcast in packagecom.hgperfko.yaeghrwx requires a permissions review
11-01 22:55:33.530  1458  1696 W BroadcastQueue: Skipping delivery: permission review required for Intent { act=android.intent.action.PACKAGE_ADDED dat=package: flg=0x4000010 (has extras) } from null (pid=1458, uid=1000) to com.hgperfko.yaeghrwx/.core.hLytdCQDBv
11-01 22:55:33.530  1458  1696 W BroadcastQueue: u0 Receiving a broadcast in packagecom.qiuqiu.dfmc requires a permissions review
11-01 22:55:33.530  1458  1696 W BroadcastQueue: Skipping delivery: permission review required for Intent { act=android.intent.action.PACKAGE_ADDED dat=package: flg=0x4000010 (has extras) } from null (pid=1458, uid=1000) to com.qiuqiu.dfmc/cn.jpush.android.service.PushReceiver
11-01 22:55:33.530  1458  1696 W BroadcastQueue: u0 Receiving a broadcast in packagecom.safesys.viruskiller requires a permissions review
11-01 22:55:33.530  1458  1696 W BroadcastQueue: Skipping delivery: permission review required for Intent { act=android.intent.action.PACKAGE_ADDED dat=package: flg=0x4000010 (has extras) } from null (pid=1458, uid=1000) to com.safesys.viruskiller/.ScanPackageBroadcast
11-01 22:55:33.530  1458  1696 W BroadcastQueue: u0 Receiving a broadcast in packagecom.uc108.mobile.sdgj.bd1 requires a permissions review
11-01 22:55:33.530  1458  1696 W BroadcastQueue: Skipping delivery: permission review required for Intent { act=android.intent.action.PACKAGE_ADDED dat=package: flg=0x4000010 (has extras) } from null (pid=1458, uid=1000) to com.uc108.mobile.sdgj.bd1/com.baidu.tiebasdk.service.InstallReceiver
11-01 22:55:33.530  1458  1696 W BroadcastQueue: u0 Receiving a broadcast in packagecom.voicebianshengjinglingwc.wxl requires a permissions review
11-01 22:55:33.530  1458  1696 W BroadcastQueue: Skipping delivery: permission review required for Intent { act=android.intent.action.PACKAGE_ADDED dat=package: flg=0x4000010 (has extras) } from null (pid=1458, uid=1000) to com.voicebianshengjinglingwc.wxl/mp.ruu.Ztjjwrj
11-01 22:55:33.530  1458  1696 W BroadcastQueue: u0 Receiving a broadcast in packageio.dcloud.H5BC6BF13 requires a permissions review
11-01 22:55:33.530  1458  1696 W BroadcastQueue: Skipping delivery: permission review required for Intent { act=android.intent.action.PACKAGE_ADDED dat=package: flg=0x4000010 (has extras) } from null (pid=1458, uid=1000) to io.dcloud.H5BC6BF13/io.dcloud.common.adapter.io.DownloadReceiver
11-01 22:55:33.544  1458  1997 D CompatibilityChangeReporter: Compat change id reported: 218533173; UID 10251; state: DISABLED
11-01 22:55:33.546  1458  1458 I Telecom : DefaultDialerCache: Refreshing default dialer for user 0: now com.google.android.dialer: DDC.oR@A18
11-01 22:55:33.556  1458  1802 E VerityUtils: Failed to measure fs-verity, errno 1: /data/app/~~3lJE6Q5PKRv8uSKPATACsQ==/oaskok.rjsbiydsjifexwubpyuomxy.zslzeeeyzmnfnttztj-tPiJphf4aKEEzOhFj_l2_A==/base.apk
11-01 22:55:33.563  1458  4160 W BackupTransportManager: Package oaskok.rjsbiydsjifexwubpyuomxy.zslzeeeyzmnfnttztj enabled setting: 0
11-01 22:55:33.565  1458  1694 W WindowMagnificationMgr: requestConnection duplicated request: connect=false, mConnectionState=DISCONNECTED
11-01 22:55:33.569  1458  4671 D CompatibilityChangeReporter: Compat change id reported: 161252188; UID 10251; state: DISABLED
11-01 22:55:33.637  1458  5481 W AppOps  : setUidMode() called with a mode inconsistent with runtime permission state, this is discouraged and you should revoke the runtime permission instead: uid=10125, switchCode=1, mode=4, permission=android.permission.ACCESS_BACKGROUND_LOCATION
11-01 22:55:33.642  1458  2928 W AppOps  : setUidMode() called with a mode inconsistent with runtime permission state, this is discouraged and you should revoke the runtime permission instead: uid=10125, switchCode=0, mode=4, permission=android.permission.ACCESS_BACKGROUND_LOCATION
11-01 22:55:33.644  1458  1806 E PackageManager: ERROR: could not load root hash from incremental install
11-01 22:55:33.646  1458  2029 W PackageParsing: Ignoring duplicate uses-permissions/uses-permissions-sdk-m: android.permission.DISABLE_KEYGUARD in package: com.lfnb.ccrh at: Binary XML file line #24
11-01 22:55:33.666  1458  1806 I PackageManager: Integrity check passed for file:///data/app/vmdl786901876.tmp
11-01 22:55:33.684  1458  1694 W PackageManager: Failed registering loading progress callback. Package is fully loaded.
11-01 22:55:33.692  1458  1694 W WindowMagnificationMgr: requestConnection duplicated request: connect=false, mConnectionState=DISCONNECTED
11-01 22:55:33.730  1458  1806 W PackageParsing: Ignoring duplicate uses-permissions/uses-permissions-sdk-m: android.permission.DISABLE_KEYGUARD in package: com.lfnb.ccrh at: Binary XML file line #24
11-01 22:55:33.788  1458  1677 V StorageManagerService: Package null has legacy storage
11-01 22:55:33.894  1458  1806 V BackupManagerService: [UserID:0] restoreAtInstall pkg=com.lfnb.ccrh token=3e restoreSet=0
11-01 22:55:33.895  1458  1806 V BackupManagerService: [UserID:0] Finishing install immediately
11-01 22:55:33.897  1458  1806 D PackageInstallerSession: Marking session 786901876 as applied
11-01 22:55:33.909  1458  1806 D CompatibilityChangeReporter: Compat change id reported: 168419799; UID 10252; state: DISABLED
11-01 22:55:33.909  1458  1806 D CompatibilityChangeReporter: Compat change id reported: 273564678; UID 10252; state: DISABLED
11-01 22:55:33.916  1458  1696 W BroadcastQueue: u0 Receiving a broadcast in packagecom.jr.narutoii requires a permissions review
11-01 22:55:33.916  1458  1696 W BroadcastQueue: Skipping delivery: permission review required for Intent { act=android.intent.action.PACKAGE_ADDED dat=package: flg=0x4000010 (has extras) } from null (pid=1458, uid=1000) to com.jr.narutoii/com.joyriver.engine.proxy.EngineReceiver
11-01 22:55:33.925  1458  1696 W BroadcastQueue: u0 Receiving a broadcast in packagecom.android.buyer requires a permissions review
11-01 22:55:33.925  1458  1696 W BroadcastQueue: Skipping delivery: permission review required for Intent { act=android.intent.action.PACKAGE_ADDED dat=package: flg=0x4000010 (has extras) } from null (pid=1458, uid=1000) to com.android.buyer/.mRve
11-01 22:55:33.925  1458  1696 W BroadcastQueue: Background execution not allowed: receiving Intent { act=android.intent.action.PACKAGE_ADDED dat=package: flg=0x4000010 (has extras) } to com.google.android.packageinstaller/com.android.packageinstaller.PackageInstalledReceiver
11-01 22:55:33.926  1458  1458 I Telecom : DefaultDialerCache: Refreshing default dialer for user 0: now com.google.android.dialer: DDC.oR@A2I
11-01 22:55:33.928  1458  1694 W WindowMagnificationMgr: requestConnection duplicated request: connect=false, mConnectionState=DISCONNECTED
11-01 22:55:33.929  1458  1696 W BroadcastQueue: Background execution not allowed: receiving Intent { act=android.intent.action.PACKAGE_ADDED dat=package: flg=0x4000010 (has extras) } to com.android.vending/com.google.android.finsky.packagemonitor.impl.PackageMonitorReceiverImpl$RegisteredReceiver
11-01 22:55:33.929  1458  1696 W BroadcastQueue: Background execution not allowed: receiving Intent { act=android.intent.action.PACKAGE_ADDED dat=package: flg=0x4000010 (has extras) } to com.android.vending/com.google.android.finsky.packagemonitor.backgroundimpl.BackgroundPackageMonitorReceiverImpl$RegisteredReceiver
11-01 22:55:33.929  1458  1696 W BroadcastQueue: Background execution not allowed: receiving Intent { act=android.intent.action.PACKAGE_ADDED dat=package: flg=0x4000010 (has extras) } to com.google.android.gms/.games.chimera.GamesSystemBroadcastReceiverProxy
11-01 22:55:33.929  1458  1696 W BroadcastQueue: Background execution not allowed: receiving Intent { act=android.intent.action.PACKAGE_ADDED dat=package: flg=0x4000010 (has extras) } to com.google.android.gms/.gass.chimera.PackageChangeBroadcastReceiver
11-01 22:55:33.929  1458  1696 W BroadcastQueue: Background execution not allowed: receiving Intent { act=android.intent.action.PACKAGE_ADDED dat=package: flg=0x4000010 (has extras) } to com.google.android.gms/.chimera.GmsIntentOperationService$PersistentTrustedReceiver
11-01 22:55:33.929  1458  1696 W BroadcastQueue: Background execution not allowed: receiving Intent { act=android.intent.action.PACKAGE_ADDED dat=package: flg=0x4000010 (has extras) } to com.google.android.googlequicksearchbox/com.google.android.apps.gsa.googlequicksearchbox.GelStubAppWatcher
11-01 22:55:33.932  1458  1696 W BroadcastQueue: u0 Receiving a broadcast in packagecom.cncd.japan.janli.shudu requires a permissions review
11-01 22:55:33.932  1458  1696 W BroadcastQueue: Skipping delivery: permission review required for Intent { act=android.intent.action.PACKAGE_ADDED dat=package: flg=0x4000010 (has extras) } from null (pid=1458, uid=1000) to com.cncd.japan.janli.shudu/net.l.k.r
11-01 22:55:33.932  1458  1696 W BroadcastQueue: u0 Receiving a broadcast in packagecom.cncd.japan.janli.shudu requires a permissions review
11-01 22:55:33.932  1458  1696 W BroadcastQueue: Skipping delivery: permission review required for Intent { act=android.intent.action.PACKAGE_ADDED dat=package: flg=0x4000010 (has extras) } from null (pid=1458, uid=1000) to com.cncd.japan.janli.shudu/com.feiwofour.coverscreen.SR
11-01 22:55:33.932  1458  1696 W BroadcastQueue: u0 Receiving a broadcast in packagecom.games.mengmeizhitd requires a permissions review
11-01 22:55:33.932  1458  1696 W BroadcastQueue: Skipping delivery: permission review required for Intent { act=android.intent.action.PACKAGE_ADDED dat=package: flg=0x4000010 (has extras) } from null (pid=1458, uid=1000) to com.games.mengmeizhitd/hjnw.ihjnw.i.isqly
11-01 22:55:33.932  1458  1696 W BroadcastQueue: u0 Receiving a broadcast in packagecom.hgperfko.yaeghrwx requires a permissions review
11-01 22:55:33.932  1458  1696 W BroadcastQueue: Skipping delivery: permission review required for Intent { act=android.intent.action.PACKAGE_ADDED dat=package: flg=0x4000010 (has extras) } from null (pid=1458, uid=1000) to com.hgperfko.yaeghrwx/.core.hLytdCQDBv
11-01 22:55:33.933  1458  1696 W BroadcastQueue: u0 Receiving a broadcast in packagecom.qiuqiu.dfmc requires a permissions review
11-01 22:55:33.933  1458  1696 W BroadcastQueue: Skipping delivery: permission review required for Intent { act=android.intent.action.PACKAGE_ADDED dat=package: flg=0x4000010 (has extras) } from null (pid=1458, uid=1000) to com.qiuqiu.dfmc/cn.jpush.android.service.PushReceiver
11-01 22:55:33.933  1458  1696 W BroadcastQueue: u0 Receiving a broadcast in packagecom.safesys.viruskiller requires a permissions review
11-01 22:55:33.933  1458  1696 W BroadcastQueue: Skipping delivery: permission review required for Intent { act=android.intent.action.PACKAGE_ADDED dat=package: flg=0x4000010 (has extras) } from null (pid=1458, uid=1000) to com.safesys.viruskiller/.ScanPackageBroadcast
11-01 22:55:33.933  1458  1696 W BroadcastQueue: u0 Receiving a broadcast in packagecom.uc108.mobile.sdgj.bd1 requires a permissions review
11-01 22:55:33.933  1458  1696 W BroadcastQueue: Skipping delivery: permission review required for Intent { act=android.intent.action.PACKAGE_ADDED dat=package: flg=0x4000010 (has extras) } from null (pid=1458, uid=1000) to com.uc108.mobile.sdgj.bd1/com.baidu.tiebasdk.service.InstallReceiver
11-01 22:55:33.933  1458  1696 W BroadcastQueue: u0 Receiving a broadcast in packagecom.voicebianshengjinglingwc.wxl requires a permissions review
11-01 22:55:33.933  1458  1696 W BroadcastQueue: Skipping delivery: permission review required for Intent { act=android.intent.action.PACKAGE_ADDED dat=package: flg=0x4000010 (has extras) } from null (pid=1458, uid=1000) to com.voicebianshengjinglingwc.wxl/mp.ruu.Ztjjwrj
11-01 22:55:33.933  1458  1696 W BroadcastQueue: u0 Receiving a broadcast in packageio.dcloud.H5BC6BF13 requires a permissions review
11-01 22:55:33.933  1458  1696 W BroadcastQueue: Skipping delivery: permission review required for Intent { act=android.intent.action.PACKAGE_ADDED dat=package: flg=0x4000010 (has extras) } from null (pid=1458, uid=1000) to io.dcloud.H5BC6BF13/io.dcloud.common.adapter.io.DownloadReceiver
11-01 22:55:33.936  1458  1458 V BackupManagerConstants: getFullBackupIntervalMilliseconds(...) returns 86400000
11-01 22:55:33.936  1458  1458 V BackupManagerConstants: getFullBackupRequiredNetworkType(...) returns 2
11-01 22:55:33.937  1458  1458 V BackupManagerConstants: getFullBackupRequireCharging(...) returns true
11-01 22:55:33.960  1458  1802 E VerityUtils: Failed to measure fs-verity, errno 1: /data/app/~~jDq4KPVaGeYTHkmd8f8UQQ==/com.lfnb.ccrh-0h5iYkuuZmdWX8xqNnZgew==/base.apk
11-01 22:55:33.968  1458  1694 W PackageManager: Failed registering loading progress callback. Package is fully loaded.
11-01 22:55:33.994  1458  1997 D CompatibilityChangeReporter: Compat change id reported: 218533173; UID 10252; state: DISABLED
11-01 22:55:34.002  1458  1458 I Telecom : DefaultDialerCache: Refreshing default dialer for user 0: now com.google.android.dialer: DDC.oR@A2U
11-01 22:55:34.003  1458  4160 W BackupTransportManager: Package com.lfnb.ccrh enabled setting: 0
11-01 22:55:34.007  1458  4671 D CompatibilityChangeReporter: Compat change id reported: 161252188; UID 10252; state: DISABLED
11-01 22:55:34.019  1458  1806 E PackageManager: ERROR: could not load root hash from incremental install
11-01 22:55:34.019  1458  1694 W WindowMagnificationMgr: requestConnection duplicated request: connect=false, mConnectionState=DISCONNECTED
11-01 22:55:34.030  1458  1806 I PackageManager: Integrity check passed for file:///data/app/vmdl284350283.tmp
11-01 22:55:34.228  1458  1677 V StorageManagerService: Package null has legacy storage
11-01 22:55:34.350  1458  1806 V BackupManagerService: [UserID:0] restoreAtInstall pkg=com.android.system.admin token=3f restoreSet=0
11-01 22:55:34.351  1458  1806 V BackupManagerService: [UserID:0] Finishing install immediately
11-01 22:55:34.352  1458  1806 D PackageInstallerSession: Marking session 284350283 as applied
11-01 22:55:34.354  1458  1806 D CompatibilityChangeReporter: Compat change id reported: 168419799; UID 10253; state: DISABLED
11-01 22:55:34.355  1458  1806 D CompatibilityChangeReporter: Compat change id reported: 273564678; UID 10253; state: DISABLED
11-01 22:55:34.367  1458  1458 I Telecom : DefaultDialerCache: Refreshing default dialer for user 0: now com.google.android.dialer: DDC.oR@A2Y
11-01 22:55:34.370  1458  5484 I ActivityManager: Background started FGS: Allowed [callingPackage: com.google.android.apps.wellbeing; callingUid: 10120; uidState: BFGS; intent: Intent { cmp=com.google.android.apps.wellbeing/com.google.apps.tiktok.concurrent.InternalForegroundService (has extras) }; code:BACKGROUND_ACTIVITY_PERMISSION; tempAllowListReason:<null>; targetSdkVersion:33; callerTargetSdkVersion:33; startForegroundCount:0; bindFromPackage:null]
11-01 22:55:34.371  1458  1694 W WindowMagnificationMgr: requestConnection duplicated request: connect=false, mConnectionState=DISCONNECTED
11-01 22:55:34.375  1458  1458 V BackupManagerConstants: getFullBackupIntervalMilliseconds(...) returns 86400000
11-01 22:55:34.375  1458  1458 V BackupManagerConstants: getFullBackupRequiredNetworkType(...) returns 2
11-01 22:55:34.375  1458  1458 V BackupManagerConstants: getFullBackupRequireCharging(...) returns true
11-01 22:55:34.384  1458  1590 W BroadcastQueue: u0 Receiving a broadcast in packagecom.jr.narutoii requires a permissions review
11-01 22:55:34.385  1458  1590 W BroadcastQueue: Skipping delivery: permission review required for Intent { act=android.intent.action.PACKAGE_ADDED dat=package: flg=0x4000010 (has extras) } from null (pid=1458, uid=1000) to com.jr.narutoii/com.joyriver.engine.proxy.EngineReceiver
11-01 22:55:34.389  1458  1696 W BroadcastQueue: u0 Receiving a broadcast in packagecom.android.buyer requires a permissions review
11-01 22:55:34.389  1458  1696 W BroadcastQueue: Skipping delivery: permission review required for Intent { act=android.intent.action.PACKAGE_ADDED dat=package: flg=0x4000010 (has extras) } from null (pid=1458, uid=1000) to com.android.buyer/.mRve
11-01 22:55:34.389  1458  1696 W BroadcastQueue: Background execution not allowed: receiving Intent { act=android.intent.action.PACKAGE_ADDED dat=package: flg=0x4000010 (has extras) } to com.google.android.packageinstaller/com.android.packageinstaller.PackageInstalledReceiver
11-01 22:55:34.389  1458  1696 W BroadcastQueue: Background execution not allowed: receiving Intent { act=android.intent.action.PACKAGE_ADDED dat=package: flg=0x4000010 (has extras) } to com.android.vending/com.google.android.finsky.packagemonitor.impl.PackageMonitorReceiverImpl$RegisteredReceiver
11-01 22:55:34.389  1458  1696 W BroadcastQueue: Background execution not allowed: receiving Intent { act=android.intent.action.PACKAGE_ADDED dat=package: flg=0x4000010 (has extras) } to com.android.vending/com.google.android.finsky.packagemonitor.backgroundimpl.BackgroundPackageMonitorReceiverImpl$RegisteredReceiver
11-01 22:55:34.389  1458  1696 W BroadcastQueue: Background execution not allowed: receiving Intent { act=android.intent.action.PACKAGE_ADDED dat=package: flg=0x4000010 (has extras) } to com.google.android.gms/.games.chimera.GamesSystemBroadcastReceiverProxy
11-01 22:55:34.389  1458  1696 W BroadcastQueue: Background execution not allowed: receiving Intent { act=android.intent.action.PACKAGE_ADDED dat=package: flg=0x4000010 (has extras) } to com.google.android.gms/.gass.chimera.PackageChangeBroadcastReceiver
11-01 22:55:34.389  1458  1696 W BroadcastQueue: Background execution not allowed: receiving Intent { act=android.intent.action.PACKAGE_ADDED dat=package: flg=0x4000010 (has extras) } to com.google.android.gms/.chimera.GmsIntentOperationService$PersistentTrustedReceiver
11-01 22:55:34.389  1458  1696 W BroadcastQueue: Background execution not allowed: receiving Intent { act=android.intent.action.PACKAGE_ADDED dat=package: flg=0x4000010 (has extras) } to com.google.android.googlequicksearchbox/com.google.android.apps.gsa.googlequicksearchbox.GelStubAppWatcher
11-01 22:55:34.389  1458  1696 W BroadcastQueue: u0 Receiving a broadcast in packagecom.cncd.japan.janli.shudu requires a permissions review
11-01 22:55:34.389  1458  1696 W BroadcastQueue: Skipping delivery: permission review required for Intent { act=android.intent.action.PACKAGE_ADDED dat=package: flg=0x4000010 (has extras) } from null (pid=1458, uid=1000) to com.cncd.japan.janli.shudu/net.l.k.r
11-01 22:55:34.389  1458  1696 W BroadcastQueue: u0 Receiving a broadcast in packagecom.cncd.japan.janli.shudu requires a permissions review
11-01 22:55:34.389  1458  1696 W BroadcastQueue: Skipping delivery: permission review required for Intent { act=android.intent.action.PACKAGE_ADDED dat=package: flg=0x4000010 (has extras) } from null (pid=1458, uid=1000) to com.cncd.japan.janli.shudu/com.feiwofour.coverscreen.SR
11-01 22:55:34.389  1458  1696 W BroadcastQueue: u0 Receiving a broadcast in packagecom.games.mengmeizhitd requires a permissions review
11-01 22:55:34.389  1458  1696 W BroadcastQueue: Skipping delivery: permission review required for Intent { act=android.intent.action.PACKAGE_ADDED dat=package: flg=0x4000010 (has extras) } from null (pid=1458, uid=1000) to com.games.mengmeizhitd/hjnw.ihjnw.i.isqly
11-01 22:55:34.389  1458  1696 W BroadcastQueue: u0 Receiving a broadcast in packagecom.hgperfko.yaeghrwx requires a permissions review
11-01 22:55:34.389  1458  1696 W BroadcastQueue: Skipping delivery: permission review required for Intent { act=android.intent.action.PACKAGE_ADDED dat=package: flg=0x4000010 (has extras) } from null (pid=1458, uid=1000) to com.hgperfko.yaeghrwx/.core.hLytdCQDBv
11-01 22:55:34.389  1458  1696 W BroadcastQueue: u0 Receiving a broadcast in packagecom.qiuqiu.dfmc requires a permissions review
11-01 22:55:34.389  1458  1696 W BroadcastQueue: Skipping delivery: permission review required for Intent { act=android.intent.action.PACKAGE_ADDED dat=package: flg=0x4000010 (has extras) } from null (pid=1458, uid=1000) to com.qiuqiu.dfmc/cn.jpush.android.service.PushReceiver
11-01 22:55:34.389  1458  1696 W BroadcastQueue: u0 Receiving a broadcast in packagecom.safesys.viruskiller requires a permissions review
11-01 22:55:34.389  1458  1696 W BroadcastQueue: Skipping delivery: permission review required for Intent { act=android.intent.action.PACKAGE_ADDED dat=package: flg=0x4000010 (has extras) } from null (pid=1458, uid=1000) to com.safesys.viruskiller/.ScanPackageBroadcast
11-01 22:55:34.389  1458  1696 W BroadcastQueue: u0 Receiving a broadcast in packagecom.uc108.mobile.sdgj.bd1 requires a permissions review
11-01 22:55:34.389  1458  1696 W BroadcastQueue: Skipping delivery: permission review required for Intent { act=android.intent.action.PACKAGE_ADDED dat=package: flg=0x4000010 (has extras) } from null (pid=1458, uid=1000) to com.uc108.mobile.sdgj.bd1/com.baidu.tiebasdk.service.InstallReceiver
11-01 22:55:34.389  1458  1696 W BroadcastQueue: u0 Receiving a broadcast in packagecom.voicebianshengjinglingwc.wxl requires a permissions review
11-01 22:55:34.389  1458  1696 W BroadcastQueue: Skipping delivery: permission review required for Intent { act=android.intent.action.PACKAGE_ADDED dat=package: flg=0x4000010 (has extras) } from null (pid=1458, uid=1000) to com.voicebianshengjinglingwc.wxl/mp.ruu.Ztjjwrj
11-01 22:55:34.390  1458  1696 W BroadcastQueue: u0 Receiving a broadcast in packageio.dcloud.H5BC6BF13 requires a permissions review
11-01 22:55:34.390  1458  1696 W BroadcastQueue: Skipping delivery: permission review required for Intent { act=android.intent.action.PACKAGE_ADDED dat=package: flg=0x4000010 (has extras) } from null (pid=1458, uid=1000) to io.dcloud.H5BC6BF13/io.dcloud.common.adapter.io.DownloadReceiver
11-01 22:55:34.400  1458  1997 D CompatibilityChangeReporter: Compat change id reported: 218533173; UID 10253; state: DISABLED
11-01 22:55:34.409  1458  5484 D OomAdjuster: Not killing cached processes
11-01 22:55:34.413  1458  1694 W PackageManager: Failed registering loading progress callback. Package is fully loaded.
11-01 22:55:34.427  1458  1694 W WindowMagnificationMgr: requestConnection duplicated request: connect=false, mConnectionState=DISCONNECTED
11-01 22:55:34.427  1458  1802 E VerityUtils: Failed to measure fs-verity, errno 1: /data/app/~~JH-g7FGeHqZR3phJpZDOEA==/com.android.system.admin-tuVgvT7N0lTnjMOZGf--Ag==/base.apk
11-01 22:55:34.429  1458  4671 D CompatibilityChangeReporter: Compat change id reported: 161252188; UID 10253; state: DISABLED
11-01 22:55:34.430  1458  1458 I Telecom : DefaultDialerCache: Refreshing default dialer for user 0: now com.google.android.dialer: DDC.oR@A2c
11-01 22:55:34.430  1458  4160 W BackupTransportManager: Package com.android.system.admin enabled setting: 0
11-01 22:55:34.580  1458  1806 E PackageManager: ERROR: could not load root hash from incremental install
11-01 22:55:34.586  1458  2029 W PackageParsing: Ignoring duplicate uses-permissions/uses-permissions-sdk-m: android.permission.WAKE_LOCK in package: yeyrm.ywoqeyfxty.hdp at: Binary XML file line #24
11-01 22:55:34.608  1458  3199 W AppOps  : setUidMode() called with a mode inconsistent with runtime permission state, this is discouraged and you should revoke the runtime permission instead: uid=10125, switchCode=0, mode=4, permission=android.permission.ACCESS_BACKGROUND_LOCATION
11-01 22:55:34.611  1458  1806 I PackageManager: Integrity check passed for file:///data/app/vmdl671148808.tmp
11-01 22:55:34.616  1458  1806 W PackageParsing: Ignoring duplicate uses-permissions/uses-permissions-sdk-m: android.permission.WAKE_LOCK in package: yeyrm.ywoqeyfxty.hdp at: Binary XML file line #24
11-01 22:55:34.676  1458  1677 V StorageManagerService: Package null has legacy storage
11-01 22:55:34.678  1458  1458 I NotificationService: Cannot find enqueued record for key: 0|com.google.android.apps.wellbeing|174344743|null|10120
11-01 22:55:34.769  1458  5490 W AppOps  : setUidMode() called with a mode inconsistent with runtime permission state, this is discouraged and you should revoke the runtime permission instead: uid=10125, switchCode=1, mode=4, permission=android.permission.ACCESS_BACKGROUND_LOCATION
11-01 22:55:34.772  1458  5490 W AppOps  : setUidMode() called with a mode inconsistent with runtime permission state, this is discouraged and you should revoke the runtime permission instead: uid=10125, switchCode=0, mode=4, permission=android.permission.ACCESS_BACKGROUND_LOCATION
11-01 22:55:34.927  1458  1806 V BackupManagerService: [UserID:0] restoreAtInstall pkg=yeyrm.ywoqeyfxty.hdp token=40 restoreSet=0
11-01 22:55:34.927  1458  1806 V BackupManagerService: [UserID:0] Finishing install immediately
11-01 22:55:34.932  1458  1806 D PackageInstallerSession: Marking session 671148808 as applied
11-01 22:55:34.936  1458  1806 D CompatibilityChangeReporter: Compat change id reported: 168419799; UID 10254; state: DISABLED
11-01 22:55:34.936  1458  1806 D CompatibilityChangeReporter: Compat change id reported: 273564678; UID 10254; state: DISABLED
11-01 22:55:34.947  1458  5487 W BroadcastQueue: u0 Receiving a broadcast in packagecom.jr.narutoii requires a permissions review
11-01 22:55:34.947  1458  1458 I Telecom : DefaultDialerCache: Refreshing default dialer for user 0: now com.google.android.dialer: DDC.oR@A2w
11-01 22:55:34.947  1458  5487 W BroadcastQueue: Skipping delivery: permission review required for Intent { act=android.intent.action.PACKAGE_ADDED dat=package: flg=0x4000010 (has extras) } from null (pid=1458, uid=1000) to com.jr.narutoii/com.joyriver.engine.proxy.EngineReceiver
11-01 22:55:34.951  1458  1696 W BroadcastQueue: u0 Receiving a broadcast in packagecom.android.buyer requires a permissions review
11-01 22:55:34.951  1458  1696 W BroadcastQueue: Skipping delivery: permission review required for Intent { act=android.intent.action.PACKAGE_ADDED dat=package: flg=0x4000010 (has extras) } from null (pid=1458, uid=1000) to com.android.buyer/.mRve
11-01 22:55:34.951  1458  1696 W BroadcastQueue: Background execution not allowed: receiving Intent { act=android.intent.action.PACKAGE_ADDED dat=package: flg=0x4000010 (has extras) } to com.google.android.packageinstaller/com.android.packageinstaller.PackageInstalledReceiver
11-01 22:55:34.951  1458  1696 W BroadcastQueue: Background execution not allowed: receiving Intent { act=android.intent.action.PACKAGE_ADDED dat=package: flg=0x4000010 (has extras) } to com.android.vending/com.google.android.finsky.packagemonitor.impl.PackageMonitorReceiverImpl$RegisteredReceiver
11-01 22:55:34.951  1458  1696 W BroadcastQueue: Background execution not allowed: receiving Intent { act=android.intent.action.PACKAGE_ADDED dat=package: flg=0x4000010 (has extras) } to com.android.vending/com.google.android.finsky.packagemonitor.backgroundimpl.BackgroundPackageMonitorReceiverImpl$RegisteredReceiver
11-01 22:55:34.952  1458  1696 W BroadcastQueue: Background execution not allowed: receiving Intent { act=android.intent.action.PACKAGE_ADDED dat=package: flg=0x4000010 (has extras) } to com.google.android.gms/.games.chimera.GamesSystemBroadcastReceiverProxy
11-01 22:55:34.952  1458  1696 W BroadcastQueue: Background execution not allowed: receiving Intent { act=android.intent.action.PACKAGE_ADDED dat=package: flg=0x4000010 (has extras) } to com.google.android.gms/.gass.chimera.PackageChangeBroadcastReceiver
11-01 22:55:34.952  1458  1696 W BroadcastQueue: Background execution not allowed: receiving Intent { act=android.intent.action.PACKAGE_ADDED dat=package: flg=0x4000010 (has extras) } to com.google.android.gms/.chimera.GmsIntentOperationService$PersistentTrustedReceiver
11-01 22:55:34.952  1458  1696 W BroadcastQueue: Background execution not allowed: receiving Intent { act=android.intent.action.PACKAGE_ADDED dat=package: flg=0x4000010 (has extras) } to com.google.android.googlequicksearchbox/com.google.android.apps.gsa.googlequicksearchbox.GelStubAppWatcher
11-01 22:55:34.952  1458  1696 W BroadcastQueue: u0 Receiving a broadcast in packagecom.cncd.japan.janli.shudu requires a permissions review
11-01 22:55:34.952  1458  1696 W BroadcastQueue: Skipping delivery: permission review required for Intent { act=android.intent.action.PACKAGE_ADDED dat=package: flg=0x4000010 (has extras) } from null (pid=1458, uid=1000) to com.cncd.japan.janli.shudu/net.l.k.r
11-01 22:55:34.952  1458  1696 W BroadcastQueue: u0 Receiving a broadcast in packagecom.cncd.japan.janli.shudu requires a permissions review
11-01 22:55:34.952  1458  1696 W BroadcastQueue: Skipping delivery: permission review required for Intent { act=android.intent.action.PACKAGE_ADDED dat=package: flg=0x4000010 (has extras) } from null (pid=1458, uid=1000) to com.cncd.japan.janli.shudu/com.feiwofour.coverscreen.SR
11-01 22:55:34.952  1458  1696 W BroadcastQueue: u0 Receiving a broadcast in packagecom.games.mengmeizhitd requires a permissions review
11-01 22:55:34.952  1458  1696 W BroadcastQueue: Skipping delivery: permission review required for Intent { act=android.intent.action.PACKAGE_ADDED dat=package: flg=0x4000010 (has extras) } from null (pid=1458, uid=1000) to com.games.mengmeizhitd/hjnw.ihjnw.i.isqly
11-01 22:55:34.952  1458  1696 W BroadcastQueue: u0 Receiving a broadcast in packagecom.hgperfko.yaeghrwx requires a permissions review
11-01 22:55:34.952  1458  1696 W BroadcastQueue: Skipping delivery: permission review required for Intent { act=android.intent.action.PACKAGE_ADDED dat=package: flg=0x4000010 (has extras) } from null (pid=1458, uid=1000) to com.hgperfko.yaeghrwx/.core.hLytdCQDBv
11-01 22:55:34.952  1458  1696 W BroadcastQueue: u0 Receiving a broadcast in packagecom.qiuqiu.dfmc requires a permissions review
11-01 22:55:34.952  1458  1696 W BroadcastQueue: Skipping delivery: permission review required for Intent { act=android.intent.action.PACKAGE_ADDED dat=package: flg=0x4000010 (has extras) } from null (pid=1458, uid=1000) to com.qiuqiu.dfmc/cn.jpush.android.service.PushReceiver
11-01 22:55:34.952  1458  1696 W BroadcastQueue: u0 Receiving a broadcast in packagecom.safesys.viruskiller requires a permissions review
11-01 22:55:34.952  1458  1696 W BroadcastQueue: Skipping delivery: permission review required for Intent { act=android.intent.action.PACKAGE_ADDED dat=package: flg=0x4000010 (has extras) } from null (pid=1458, uid=1000) to com.safesys.viruskiller/.ScanPackageBroadcast
11-01 22:55:34.952  1458  1696 W BroadcastQueue: u0 Receiving a broadcast in packagecom.uc108.mobile.sdgj.bd1 requires a permissions review
11-01 22:55:34.952  1458  1696 W BroadcastQueue: Skipping delivery: permission review required for Intent { act=android.intent.action.PACKAGE_ADDED dat=package: flg=0x4000010 (has extras) } from null (pid=1458, uid=1000) to com.uc108.mobile.sdgj.bd1/com.baidu.tiebasdk.service.InstallReceiver
11-01 22:55:34.952  1458  1696 W BroadcastQueue: u0 Receiving a broadcast in packagecom.voicebianshengjinglingwc.wxl requires a permissions review
11-01 22:55:34.952  1458  1696 W BroadcastQueue: Skipping delivery: permission review required for Intent { act=android.intent.action.PACKAGE_ADDED dat=package: flg=0x4000010 (has extras) } from null (pid=1458, uid=1000) to com.voicebianshengjinglingwc.wxl/mp.ruu.Ztjjwrj
11-01 22:55:34.952  1458  1696 W BroadcastQueue: u0 Receiving a broadcast in packageio.dcloud.H5BC6BF13 requires a permissions review
11-01 22:55:34.953  1458  1696 W BroadcastQueue: Skipping delivery: permission review required for Intent { act=android.intent.action.PACKAGE_ADDED dat=package: flg=0x4000010 (has extras) } from null (pid=1458, uid=1000) to io.dcloud.H5BC6BF13/io.dcloud.common.adapter.io.DownloadReceiver
11-01 22:55:34.954  1458  1458 V BackupManagerConstants: getFullBackupIntervalMilliseconds(...) returns 86400000
11-01 22:55:34.954  1458  1458 V BackupManagerConstants: getFullBackupRequiredNetworkType(...) returns 2
11-01 22:55:34.954  1458  1458 V BackupManagerConstants: getFullBackupRequireCharging(...) returns true
11-01 22:55:34.971  1458  1997 D CompatibilityChangeReporter: Compat change id reported: 218533173; UID 10254; state: DISABLED
11-01 22:55:34.973  1458  1458 I Telecom : DefaultDialerCache: Refreshing default dialer for user 0: now com.google.android.dialer: DDC.oR@A20
11-01 22:55:34.981  1458  1802 E VerityUtils: Failed to measure fs-verity, errno 1: /data/app/~~TJgDEImP5Fveij-5o7stWA==/yeyrm.ywoqeyfxty.hdp-3dp_0bGXMzgY6qLpO61OJQ==/base.apk
11-01 22:55:34.995  1458  1694 W WindowMagnificationMgr: requestConnection duplicated request: connect=false, mConnectionState=DISCONNECTED
11-01 22:55:35.019  1458  4160 W BackupTransportManager: Package yeyrm.ywoqeyfxty.hdp enabled setting: 0
11-01 22:55:35.026  1458  5489 D CompatibilityChangeReporter: Compat change id reported: 161252188; UID 10254; state: DISABLED
11-01 22:55:35.058  1458  1694 W PackageManager: Failed registering loading progress callback. Package is fully loaded.
11-01 22:55:35.068  1458  1694 W WindowMagnificationMgr: requestConnection duplicated request: connect=false, mConnectionState=DISCONNECTED
11-01 22:55:35.098  1458  1806 E PackageManager: ERROR: could not load root hash from incremental install
