10-30 23:02:10.284  1444  1673 V StorageManagerService: Package null has legacy storage
10-30 23:02:10.466  1444  1833 V BackupManagerService: [UserID:0] restoreAtInstall pkg=com.yadsssaawefnt.yyyfaa3a22eaa token=4c restoreSet=0
10-30 23:02:10.466  1444  1833 V BackupManagerService: [UserID:0] Finishing install immediately
10-30 23:02:10.469  1444  1833 D PackageInstallerSession: Marking session 1869699637 as applied
10-30 23:02:10.476  1444  1833 D CompatibilityChangeReporter: Compat change id reported: 168419799; UID 10266; state: DISABLED
10-30 23:02:10.476  1444  1833 D CompatibilityChangeReporter: Compat change id reported: 273564678; UID 10266; state: DISABLED
10-30 23:02:10.479  1444  2922 D CompatibilityChangeReporter: Compat change id reported: 218533173; UID 10266; state: DISABLED
10-30 23:02:10.480  1444  1686 W BroadcastQueue: u0 Receiving a broadcast in packagecom.jr.narutoii requires a permissions review
10-30 23:02:10.480  1444  1686 W BroadcastQueue: Skipping delivery: permission review required for Intent { act=android.intent.action.PACKAGE_ADDED dat=package: flg=0x4000010 (has extras) } from null (pid=1444, uid=1000) to com.jr.narutoii/com.joyriver.engine.proxy.EngineReceiver
10-30 23:02:10.480  1444  1686 W BroadcastQueue: u0 Receiving a broadcast in packagecom.android.buyer requires a permissions review
10-30 23:02:10.480  1444  1686 W BroadcastQueue: Skipping delivery: permission review required for Intent { act=android.intent.action.PACKAGE_ADDED dat=package: flg=0x4000010 (has extras) } from null (pid=1444, uid=1000) to com.android.buyer/.mRve
10-30 23:02:10.480  1444  1686 W BroadcastQueue: Background execution not allowed: receiving Intent { act=android.intent.action.PACKAGE_ADDED dat=package: flg=0x4000010 (has extras) } to com.google.android.packageinstaller/com.android.packageinstaller.PackageInstalledReceiver
10-30 23:02:10.480  1444  1686 W BroadcastQueue: Background execution not allowed: receiving Intent { act=android.intent.action.PACKAGE_ADDED dat=package: flg=0x4000010 (has extras) } to com.android.vending/com.google.android.finsky.packagemonitor.impl.PackageMonitorReceiverImpl$RegisteredReceiver
10-30 23:02:10.480  1444  1686 W BroadcastQueue: Background execution not allowed: receiving Intent { act=android.intent.action.PACKAGE_ADDED dat=package: flg=0x4000010 (has extras) } to com.android.vending/com.google.android.finsky.packagemonitor.backgroundimpl.BackgroundPackageMonitorReceiverImpl$RegisteredReceiver
10-30 23:02:10.480  1444  1686 W BroadcastQueue: Background execution not allowed: receiving Intent { act=android.intent.action.PACKAGE_ADDED dat=package: flg=0x4000010 (has extras) } to com.google.android.gms/.games.chimera.GamesSystemBroadcastReceiverProxy
10-30 23:02:10.480  1444  1686 W BroadcastQueue: Background execution not allowed: receiving Intent { act=android.intent.action.PACKAGE_ADDED dat=package: flg=0x4000010 (has extras) } to com.google.android.gms/.gass.chimera.PackageChangeBroadcastReceiver
10-30 23:02:10.480  1444  1686 W BroadcastQueue: Background execution not allowed: receiving Intent { act=android.intent.action.PACKAGE_ADDED dat=package: flg=0x4000010 (has extras) } to com.google.android.gms/.chimera.GmsIntentOperationService$PersistentTrustedReceiver
10-30 23:02:10.498  1444  1686 W BroadcastQueue: Background execution not allowed: receiving Intent { act=android.intent.action.PACKAGE_ADDED dat=package: flg=0x4000010 (has extras) } to com.google.android.googlequicksearchbox/com.google.android.apps.gsa.googlequicksearchbox.GelStubAppWatcher
10-30 23:02:10.499  1444  1686 W BroadcastQueue: u0 Receiving a broadcast in packagecom.cncd.japan.janli.shudu requires a permissions review
10-30 23:02:10.499  1444  1686 W BroadcastQueue: Skipping delivery: permission review required for Intent { act=android.intent.action.PACKAGE_ADDED dat=package: flg=0x4000010 (has extras) } from null (pid=1444, uid=1000) to com.cncd.japan.janli.shudu/net.l.k.r
10-30 23:02:10.499  1444  1686 W BroadcastQueue: u0 Receiving a broadcast in packagecom.cncd.japan.janli.shudu requires a permissions review
10-30 23:02:10.499  1444  1686 W BroadcastQueue: Skipping delivery: permission review required for Intent { act=android.intent.action.PACKAGE_ADDED dat=package: flg=0x4000010 (has extras) } from null (pid=1444, uid=1000) to com.cncd.japan.janli.shudu/com.feiwofour.coverscreen.SR
10-30 23:02:10.501  1444  1686 W BroadcastQueue: u0 Receiving a broadcast in packagecom.games.mengmeizhitd requires a permissions review
10-30 23:02:10.505  1444  1686 W BroadcastQueue: Skipping delivery: permission review required for Intent { act=android.intent.action.PACKAGE_ADDED dat=package: flg=0x4000010 (has extras) } from null (pid=1444, uid=1000) to com.games.mengmeizhitd/hjnw.ihjnw.i.isqly
10-30 23:02:10.511  1444  1685 W WindowMagnificationMgr: requestConnection duplicated request: connect=false, mConnectionState=DISCONNECTED
10-30 23:02:10.514  1444  1444 I Telecom : DefaultDialerCache: Refreshing default dialer for user 0: now com.google.android.dialer: DDC.oR@A40
10-30 23:02:10.515  1444  1686 W BroadcastQueue: u0 Receiving a broadcast in packagecom.hgperfko.yaeghrwx requires a permissions review
10-30 23:02:10.515  1444  1686 W BroadcastQueue: Skipping delivery: permission review required for Intent { act=android.intent.action.PACKAGE_ADDED dat=package: flg=0x4000010 (has extras) } from null (pid=1444, uid=1000) to com.hgperfko.yaeghrwx/.core.hLytdCQDBv
10-30 23:02:10.515  1444  1686 W BroadcastQueue: u0 Receiving a broadcast in packagecom.qiuqiu.dfmc requires a permissions review
10-30 23:02:10.515  1444  1686 W BroadcastQueue: Skipping delivery: permission review required for Intent { act=android.intent.action.PACKAGE_ADDED dat=package: flg=0x4000010 (has extras) } from null (pid=1444, uid=1000) to com.qiuqiu.dfmc/cn.jpush.android.service.PushReceiver
10-30 23:02:10.515  1444  1686 W BroadcastQueue: u0 Receiving a broadcast in packagecom.safesys.viruskiller requires a permissions review
10-30 23:02:10.515  1444  1686 W BroadcastQueue: Skipping delivery: permission review required for Intent { act=android.intent.action.PACKAGE_ADDED dat=package: flg=0x4000010 (has extras) } from null (pid=1444, uid=1000) to com.safesys.viruskiller/.ScanPackageBroadcast
10-30 23:02:10.515  1444  1686 W BroadcastQueue: u0 Receiving a broadcast in packagecom.uc108.mobile.sdgj.bd1 requires a permissions review
10-30 23:02:10.515  1444  1686 W BroadcastQueue: Skipping delivery: permission review required for Intent { act=android.intent.action.PACKAGE_ADDED dat=package: flg=0x4000010 (has extras) } from null (pid=1444, uid=1000) to com.uc108.mobile.sdgj.bd1/com.baidu.tiebasdk.service.InstallReceiver
10-30 23:02:10.515  1444  1686 W BroadcastQueue: u0 Receiving a broadcast in packagecom.voicebianshengjinglingwc.wxl requires a permissions review
10-30 23:02:10.515  1444  1686 W BroadcastQueue: Skipping delivery: permission review required for Intent { act=android.intent.action.PACKAGE_ADDED dat=package: flg=0x4000010 (has extras) } from null (pid=1444, uid=1000) to com.voicebianshengjinglingwc.wxl/mp.ruu.Ztjjwrj
10-30 23:02:10.515  1444  1686 W BroadcastQueue: u0 Receiving a broadcast in packagecom.yoojar.zlsg.baidu requires a permissions review
10-30 23:02:10.515  1444  1686 W BroadcastQueue: Skipping delivery: permission review required for Intent { act=android.intent.action.PACKAGE_ADDED dat=package: flg=0x4000010 (has extras) } from null (pid=1444, uid=1000) to com.yoojar.zlsg.baidu/com.duoku.platform.download.broadcast.AppMonitorReceiver
10-30 23:02:10.515  1444  1686 W BroadcastQueue: u0 Receiving a broadcast in packageio.dcloud.H5BC6BF13 requires a permissions review
10-30 23:02:10.515  1444  1686 W BroadcastQueue: Skipping delivery: permission review required for Intent { act=android.intent.action.PACKAGE_ADDED dat=package: flg=0x4000010 (has extras) } from null (pid=1444, uid=1000) to io.dcloud.H5BC6BF13/io.dcloud.common.adapter.io.DownloadReceiver
10-30 23:02:10.528  1444  1444 V BackupManagerConstants: getFullBackupIntervalMilliseconds(...) returns 86400000
10-30 23:02:10.528  1444  1444 V BackupManagerConstants: getFullBackupRequiredNetworkType(...) returns 2
10-30 23:02:10.528  1444  1444 V BackupManagerConstants: getFullBackupRequireCharging(...) returns true
10-30 23:02:10.543  1444  1830 E VerityUtils: Failed to measure fs-verity, errno 1: /data/app/~~m-YSaITVTXEbJ6-7pY3kUQ==/com.yadsssaawefnt.yyyfaa3a22eaa-FsQGfVWNTc6psByxxRNTrg==/base.apk
10-30 23:02:10.548  1444  2993 D CompatibilityChangeReporter: Compat change id reported: 161252188; UID 10266; state: DISABLED
10-30 23:02:10.556  1444  1444 I Telecom : DefaultDialerCache: Refreshing default dialer for user 0: now com.google.android.dialer: DDC.oR@A44
10-30 23:02:10.575  1444  1685 W PackageManager: Failed registering loading progress callback. Package is fully loaded.
10-30 23:02:10.586  1444  1685 W WindowMagnificationMgr: requestConnection duplicated request: connect=false, mConnectionState=DISCONNECTED
10-30 23:02:10.615  1444  4177 W BackupTransportManager: Package com.yadsssaawefnt.yyyfaa3a22eaa enabled setting: 0
10-30 23:02:10.640  1444  5554 W AppOps  : setUidMode() called with a mode inconsistent with runtime permission state, this is discouraged and you should revoke the runtime permission instead: uid=10125, switchCode=0, mode=4, permission=android.permission.ACCESS_BACKGROUND_LOCATION
10-30 23:02:10.676  1444  1833 E PackageManager: ERROR: could not load root hash from incremental install
10-30 23:02:10.719  1444  5554 W BroadcastQueue: u0 Receiving a broadcast in packagecom.yoojar.zlsg.baidu requires a permissions review
10-30 23:02:10.719  1444  5554 W BroadcastQueue: Skipping delivery: permission review required for Intent { act=android.intent.action.PACKAGE_CHANGED dat=package: flg=0x5000010 (has extras) } from null (pid=1444, uid=1000) to com.yoojar.zlsg.baidu/com.duoku.platform.download.broadcast.AppMonitorReceiver
10-30 23:02:10.723  1444  1833 I PackageManager: Integrity check passed for file:///data/app/vmdl590709629.tmp
10-30 23:02:10.761  1444  1833 W PackageManager: Adding duplicate app id: 10267 name=com.eg.android.AlipayGphone
10-30 23:02:10.914  1444  5548 W AppOps  : setUidMode() called with a mode inconsistent with runtime permission state, this is discouraged and you should revoke the runtime permission instead: uid=10125, switchCode=1, mode=4, permission=android.permission.ACCESS_BACKGROUND_LOCATION
10-30 23:02:10.918  1444  3215 W AppOps  : setUidMode() called with a mode inconsistent with runtime permission state, this is discouraged and you should revoke the runtime permission instead: uid=10125, switchCode=0, mode=4, permission=android.permission.ACCESS_BACKGROUND_LOCATION
10-30 23:02:11.145  1444  5544 I ActivityManager: Background started FGS: Allowed [callingPackage: com.google.android.apps.wellbeing; callingUid: 10121; uidState: BFGS; intent: Intent { cmp=com.google.android.apps.wellbeing/com.google.apps.tiktok.concurrent.InternalForegroundService (has extras) }; code:BACKGROUND_ACTIVITY_PERMISSION; tempAllowListReason:<null>; targetSdkVersion:33; callerTargetSdkVersion:33; startForegroundCount:0; bindFromPackage:null]
10-30 23:02:11.287  1444  1833 V BackupManagerService: [UserID:0] restoreAtInstall pkg=com.eg.android.AlipayGphone token=4d restoreSet=0
10-30 23:02:11.287  1444  1833 V BackupManagerService: [UserID:0] Finishing install immediately
10-30 23:02:11.291  1444  1833 D PackageInstallerSession: Marking session 590709629 as applied
10-30 23:02:11.296  1444  1833 D CompatibilityChangeReporter: Compat change id reported: 168419799; UID 10267; state: DISABLED
10-30 23:02:11.296  1444  1833 D CompatibilityChangeReporter: Compat change id reported: 273564678; UID 10267; state: DISABLED
10-30 23:02:11.306  1444  2922 D CompatibilityChangeReporter: Compat change id reported: 218533173; UID 10267; state: DISABLED
10-30 23:02:11.309  1444  1444 I Telecom : DefaultDialerCache: Refreshing default dialer for user 0: now com.google.android.dialer: DDC.oR@A5E
10-30 23:02:11.312  1444  1444 V BackupManagerConstants: getFullBackupIntervalMilliseconds(...) returns 86400000
10-30 23:02:11.312  1444  1444 V BackupManagerConstants: getFullBackupRequiredNetworkType(...) returns 2
10-30 23:02:11.312  1444  1444 V BackupManagerConstants: getFullBackupRequireCharging(...) returns true
10-30 23:02:11.320  1444  3809 W BroadcastQueue: u0 Receiving a broadcast in packagecom.jr.narutoii requires a permissions review
10-30 23:02:11.320  1444  3809 W BroadcastQueue: Skipping delivery: permission review required for Intent { act=android.intent.action.PACKAGE_ADDED dat=package: flg=0x4000010 (has extras) } from null (pid=1444, uid=1000) to com.jr.narutoii/com.joyriver.engine.proxy.EngineReceiver
10-30 23:02:11.322  1444  1686 W BroadcastQueue: u0 Receiving a broadcast in packagecom.android.buyer requires a permissions review
10-30 23:02:11.322  1444  1686 W BroadcastQueue: Skipping delivery: permission review required for Intent { act=android.intent.action.PACKAGE_ADDED dat=package: flg=0x4000010 (has extras) } from null (pid=1444, uid=1000) to com.android.buyer/.mRve
10-30 23:02:11.322  1444  1686 W BroadcastQueue: Background execution not allowed: receiving Intent { act=android.intent.action.PACKAGE_ADDED dat=package: flg=0x4000010 (has extras) } to com.google.android.packageinstaller/com.android.packageinstaller.PackageInstalledReceiver
10-30 23:02:11.322  1444  1686 W BroadcastQueue: Background execution not allowed: receiving Intent { act=android.intent.action.PACKAGE_ADDED dat=package: flg=0x4000010 (has extras) } to com.android.vending/com.google.android.finsky.packagemonitor.impl.PackageMonitorReceiverImpl$RegisteredReceiver
10-30 23:02:11.322  1444  1686 W BroadcastQueue: Background execution not allowed: receiving Intent { act=android.intent.action.PACKAGE_ADDED dat=package: flg=0x4000010 (has extras) } to com.android.vending/com.google.android.finsky.packagemonitor.backgroundimpl.BackgroundPackageMonitorReceiverImpl$RegisteredReceiver
10-30 23:02:11.322  1444  1686 W BroadcastQueue: Background execution not allowed: receiving Intent { act=android.intent.action.PACKAGE_ADDED dat=package: flg=0x4000010 (has extras) } to com.google.android.gms/.games.chimera.GamesSystemBroadcastReceiverProxy
10-30 23:02:11.323  1444  1686 W BroadcastQueue: Background execution not allowed: receiving Intent { act=android.intent.action.PACKAGE_ADDED dat=package: flg=0x4000010 (has extras) } to com.google.android.gms/.gass.chimera.PackageChangeBroadcastReceiver
10-30 23:02:11.323  1444  1686 W BroadcastQueue: Background execution not allowed: receiving Intent { act=android.intent.action.PACKAGE_ADDED dat=package: flg=0x4000010 (has extras) } to com.google.android.gms/.chimera.GmsIntentOperationService$PersistentTrustedReceiver
10-30 23:02:11.323  1444  1686 W BroadcastQueue: Background execution not allowed: receiving Intent { act=android.intent.action.PACKAGE_ADDED dat=package: flg=0x4000010 (has extras) } to com.google.android.googlequicksearchbox/com.google.android.apps.gsa.googlequicksearchbox.GelStubAppWatcher
10-30 23:02:11.323  1444  1686 W BroadcastQueue: u0 Receiving a broadcast in packagecom.cncd.japan.janli.shudu requires a permissions review
10-30 23:02:11.323  1444  1686 W BroadcastQueue: Skipping delivery: permission review required for Intent { act=android.intent.action.PACKAGE_ADDED dat=package: flg=0x4000010 (has extras) } from null (pid=1444, uid=1000) to com.cncd.japan.janli.shudu/net.l.k.r
10-30 23:02:11.323  1444  1686 W BroadcastQueue: u0 Receiving a broadcast in packagecom.cncd.japan.janli.shudu requires a permissions review
10-30 23:02:11.323  1444  1686 W BroadcastQueue: Skipping delivery: permission review required for Intent { act=android.intent.action.PACKAGE_ADDED dat=package: flg=0x4000010 (has extras) } from null (pid=1444, uid=1000) to com.cncd.japan.janli.shudu/com.feiwofour.coverscreen.SR
10-30 23:02:11.323  1444  1686 W BroadcastQueue: u0 Receiving a broadcast in packagecom.games.mengmeizhitd requires a permissions review
10-30 23:02:11.323  1444  1686 W BroadcastQueue: Skipping delivery: permission review required for Intent { act=android.intent.action.PACKAGE_ADDED dat=package: flg=0x4000010 (has extras) } from null (pid=1444, uid=1000) to com.games.mengmeizhitd/hjnw.ihjnw.i.isqly
10-30 23:02:11.323  1444  1686 W BroadcastQueue: u0 Receiving a broadcast in packagecom.hgperfko.yaeghrwx requires a permissions review
10-30 23:02:11.323  1444  1686 W BroadcastQueue: Skipping delivery: permission review required for Intent { act=android.intent.action.PACKAGE_ADDED dat=package: flg=0x4000010 (has extras) } from null (pid=1444, uid=1000) to com.hgperfko.yaeghrwx/.core.hLytdCQDBv
10-30 23:02:11.323  1444  1686 W BroadcastQueue: u0 Receiving a broadcast in packagecom.qiuqiu.dfmc requires a permissions review
10-30 23:02:11.323  1444  1686 W BroadcastQueue: Skipping delivery: permission review required for Intent { act=android.intent.action.PACKAGE_ADDED dat=package: flg=0x4000010 (has extras) } from null (pid=1444, uid=1000) to com.qiuqiu.dfmc/cn.jpush.android.service.PushReceiver
10-30 23:02:11.323  1444  1686 W BroadcastQueue: u0 Receiving a broadcast in packagecom.safesys.viruskiller requires a permissions review
10-30 23:02:11.323  1444  1686 W BroadcastQueue: Skipping delivery: permission review required for Intent { act=android.intent.action.PACKAGE_ADDED dat=package: flg=0x4000010 (has extras) } from null (pid=1444, uid=1000) to com.safesys.viruskiller/.ScanPackageBroadcast
10-30 23:02:11.323  1444  1686 W BroadcastQueue: u0 Receiving a broadcast in packagecom.uc108.mobile.sdgj.bd1 requires a permissions review
10-30 23:02:11.323  1444  1686 W BroadcastQueue: Skipping delivery: permission review required for Intent { act=android.intent.action.PACKAGE_ADDED dat=package: flg=0x4000010 (has extras) } from null (pid=1444, uid=1000) to com.uc108.mobile.sdgj.bd1/com.baidu.tiebasdk.service.InstallReceiver
10-30 23:02:11.323  1444  1686 W BroadcastQueue: u0 Receiving a broadcast in packagecom.voicebianshengjinglingwc.wxl requires a permissions review
10-30 23:02:11.323  1444  1686 W BroadcastQueue: Skipping delivery: permission review required for Intent { act=android.intent.action.PACKAGE_ADDED dat=package: flg=0x4000010 (has extras) } from null (pid=1444, uid=1000) to com.voicebianshengjinglingwc.wxl/mp.ruu.Ztjjwrj
10-30 23:02:11.323  1444  1686 W BroadcastQueue: u0 Receiving a broadcast in packagecom.yoojar.zlsg.baidu requires a permissions review
10-30 23:02:11.323  1444  1686 W BroadcastQueue: Skipping delivery: permission review required for Intent { act=android.intent.action.PACKAGE_ADDED dat=package: flg=0x4000010 (has extras) } from null (pid=1444, uid=1000) to com.yoojar.zlsg.baidu/com.duoku.platform.download.broadcast.AppMonitorReceiver
10-30 23:02:11.323  1444  1686 W BroadcastQueue: u0 Receiving a broadcast in packageio.dcloud.H5BC6BF13 requires a permissions review
10-30 23:02:11.323  1444  1686 W BroadcastQueue: Skipping delivery: permission review required for Intent { act=android.intent.action.PACKAGE_ADDED dat=package: flg=0x4000010 (has extras) } from null (pid=1444, uid=1000) to io.dcloud.H5BC6BF13/io.dcloud.common.adapter.io.DownloadReceiver
10-30 23:02:11.346  1444  1444 I Telecom : DefaultDialerCache: Refreshing default dialer for user 0: now com.google.android.dialer: DDC.oR@A5I
10-30 23:02:11.351  1444  1444 I NotificationService: Cannot find enqueued record for key: 0|com.google.android.apps.wellbeing|174344743|null|10121
10-30 23:02:11.377  1444  1833 E PackageManager: ERROR: could not load root hash from incremental install
10-30 23:02:11.378  1444  1685 W WindowMagnificationMgr: requestConnection duplicated request: connect=false, mConnectionState=DISCONNECTED
10-30 23:02:11.390  1444  2047 W PackageParsing: Ignoring duplicate uses-permissions/uses-permissions-sdk-m: android.permission.RECEIVE_MMS in package: waXa6.ppt at: Binary XML file line #28
10-30 23:02:11.395  1444  4177 W BackupTransportManager: Package com.eg.android.AlipayGphone enabled setting: 0
10-30 23:02:11.402  1444  5551 D CompatibilityChangeReporter: Compat change id reported: 161252188; UID 10267; state: DISABLED
10-30 23:02:11.407  1444  1830 E VerityUtils: Failed to measure fs-verity, errno 1: /data/app/~~EfQk3ZqFmpqowsRqe7IWaw==/com.eg.android.AlipayGphone-ekZ9Fg3unqUiAoXKcP7XXw==/base.apk
10-30 23:02:11.424  1444  1833 I PackageManager: Integrity check passed for file:///data/app/vmdl272102114.tmp
10-30 23:02:11.464  1444  1685 W PackageManager: Failed registering loading progress callback. Package is fully loaded.
10-30 23:02:11.469  1444  5556 W JobScheduler: Job didn't exist in JobStore: 52370d9 #u0a194/453 com.smartsecurityxzt/androidx.work.impl.background.systemjob.SystemJobService
10-30 23:02:11.478  1444  1685 W WindowMagnificationMgr: requestConnection duplicated request: connect=false, mConnectionState=DISCONNECTED
10-30 23:02:11.485  1444  2993 W BroadcastQueue: u0 Receiving a broadcast in packagecom.yoojar.zlsg.baidu requires a permissions review
10-30 23:02:11.485  1444  2993 W BroadcastQueue: Skipping delivery: permission review required for Intent { act=android.intent.action.PACKAGE_CHANGED dat=package: flg=0x5000010 (has extras) } from null (pid=1444, uid=1000) to com.yoojar.zlsg.baidu/com.duoku.platform.download.broadcast.AppMonitorReceiver
10-30 23:02:11.516  1444  1833 W PackageParsing: Ignoring duplicate uses-permissions/uses-permissions-sdk-m: android.permission.RECEIVE_MMS in package: waXa6.ppt at: Binary XML file line #28
10-30 23:02:11.608  1444  1673 V StorageManagerService: Package null has legacy storage
10-30 23:02:11.664  1444  5556 W AppOps  : setUidMode() called with a mode inconsistent with runtime permission state, this is discouraged and you should revoke the runtime permission instead: uid=10125, switchCode=0, mode=4, permission=android.permission.ACCESS_BACKGROUND_LOCATION
10-30 23:02:11.755  1444  1833 V BackupManagerService: [UserID:0] restoreAtInstall pkg=waXa6.ppt token=4e restoreSet=0
10-30 23:02:11.756  1444  1833 V BackupManagerService: [UserID:0] Finishing install immediately
10-30 23:02:11.757  1444  1833 D PackageInstallerSession: Marking session 272102114 as applied
10-30 23:02:11.760  1444  1833 D CompatibilityChangeReporter: Compat change id reported: 168419799; UID 10268; state: DISABLED
10-30 23:02:11.760  1444  1833 D CompatibilityChangeReporter: Compat change id reported: 273564678; UID 10268; state: DISABLED
10-30 23:02:11.767  1444  2922 D CompatibilityChangeReporter: Compat change id reported: 218533173; UID 10268; state: DISABLED
10-30 23:02:11.780  1444  4221 I ActivityManager: Background started FGS: Allowed [callingPackage: com.google.android.apps.wellbeing; callingUid: 10121; uidState: BFGS; intent: Intent { cmp=com.google.android.apps.wellbeing/com.google.apps.tiktok.concurrent.InternalForegroundService (has extras) }; code:BACKGROUND_ACTIVITY_PERMISSION; tempAllowListReason:<null>; targetSdkVersion:33; callerTargetSdkVersion:33; startForegroundCount:0; bindFromPackage:null]
10-30 23:02:11.781  1444  1444 I Telecom : DefaultDialerCache: Refreshing default dialer for user 0: now com.google.android.dialer: DDC.oR@A5c
10-30 23:02:11.792  1444  1444 V BackupManagerConstants: getFullBackupIntervalMilliseconds(...) returns 86400000
10-30 23:02:11.792  1444  1444 V BackupManagerConstants: getFullBackupRequiredNetworkType(...) returns 2
10-30 23:02:11.792  1444  1444 V BackupManagerConstants: getFullBackupRequireCharging(...) returns true
10-30 23:02:11.817  1444  3216 W BroadcastQueue: u0 Receiving a broadcast in packagecom.jr.narutoii requires a permissions review
10-30 23:02:11.817  1444  3216 W BroadcastQueue: Skipping delivery: permission review required for Intent { act=android.intent.action.PACKAGE_ADDED dat=package: flg=0x4000010 (has extras) } from null (pid=1444, uid=1000) to com.jr.narutoii/com.joyriver.engine.proxy.EngineReceiver
10-30 23:02:11.818  1444  1686 W BroadcastQueue: u0 Receiving a broadcast in packagecom.android.buyer requires a permissions review
10-30 23:02:11.818  1444  1686 W BroadcastQueue: Skipping delivery: permission review required for Intent { act=android.intent.action.PACKAGE_ADDED dat=package: flg=0x4000010 (has extras) } from null (pid=1444, uid=1000) to com.android.buyer/.mRve
10-30 23:02:11.818  1444  1686 W BroadcastQueue: Background execution not allowed: receiving Intent { act=android.intent.action.PACKAGE_ADDED dat=package: flg=0x4000010 (has extras) } to com.google.android.packageinstaller/com.android.packageinstaller.PackageInstalledReceiver
10-30 23:02:11.818  1444  1686 W BroadcastQueue: Background execution not allowed: receiving Intent { act=android.intent.action.PACKAGE_ADDED dat=package: flg=0x4000010 (has extras) } to com.android.vending/com.google.android.finsky.packagemonitor.impl.PackageMonitorReceiverImpl$RegisteredReceiver
10-30 23:02:11.818  1444  1686 W BroadcastQueue: Background execution not allowed: receiving Intent { act=android.intent.action.PACKAGE_ADDED dat=package: flg=0x4000010 (has extras) } to com.android.vending/com.google.android.finsky.packagemonitor.backgroundimpl.BackgroundPackageMonitorReceiverImpl$RegisteredReceiver
10-30 23:02:11.821  1444  1686 W BroadcastQueue: Background execution not allowed: receiving Intent { act=android.intent.action.PACKAGE_ADDED dat=package: flg=0x4000010 (has extras) } to com.google.android.gms/.games.chimera.GamesSystemBroadcastReceiverProxy
10-30 23:02:11.821  1444  1686 W BroadcastQueue: Background execution not allowed: receiving Intent { act=android.intent.action.PACKAGE_ADDED dat=package: flg=0x4000010 (has extras) } to com.google.android.gms/.gass.chimera.PackageChangeBroadcastReceiver
10-30 23:02:11.821  1444  1686 W BroadcastQueue: Background execution not allowed: receiving Intent { act=android.intent.action.PACKAGE_ADDED dat=package: flg=0x4000010 (has extras) } to com.google.android.gms/.chimera.GmsIntentOperationService$PersistentTrustedReceiver
10-30 23:02:11.821  1444  1686 W BroadcastQueue: Background execution not allowed: receiving Intent { act=android.intent.action.PACKAGE_ADDED dat=package: flg=0x4000010 (has extras) } to com.google.android.googlequicksearchbox/com.google.android.apps.gsa.googlequicksearchbox.GelStubAppWatcher
10-30 23:02:11.821  1444  1686 W BroadcastQueue: u0 Receiving a broadcast in packagecom.cncd.japan.janli.shudu requires a permissions review
10-30 23:02:11.821  1444  1686 W BroadcastQueue: Skipping delivery: permission review required for Intent { act=android.intent.action.PACKAGE_ADDED dat=package: flg=0x4000010 (has extras) } from null (pid=1444, uid=1000) to com.cncd.japan.janli.shudu/net.l.k.r
10-30 23:02:11.821  1444  1686 W BroadcastQueue: u0 Receiving a broadcast in packagecom.cncd.japan.janli.shudu requires a permissions review
10-30 23:02:11.821  1444  1686 W BroadcastQueue: Skipping delivery: permission review required for Intent { act=android.intent.action.PACKAGE_ADDED dat=package: flg=0x4000010 (has extras) } from null (pid=1444, uid=1000) to com.cncd.japan.janli.shudu/com.feiwofour.coverscreen.SR
10-30 23:02:11.821  1444  1686 W BroadcastQueue: u0 Receiving a broadcast in packagecom.games.mengmeizhitd requires a permissions review
10-30 23:02:11.821  1444  1686 W BroadcastQueue: Skipping delivery: permission review required for Intent { act=android.intent.action.PACKAGE_ADDED dat=package: flg=0x4000010 (has extras) } from null (pid=1444, uid=1000) to com.games.mengmeizhitd/hjnw.ihjnw.i.isqly
10-30 23:02:11.821  1444  1686 W BroadcastQueue: u0 Receiving a broadcast in packagecom.hgperfko.yaeghrwx requires a permissions review
10-30 23:02:11.821  1444  1686 W BroadcastQueue: Skipping delivery: permission review required for Intent { act=android.intent.action.PACKAGE_ADDED dat=package: flg=0x4000010 (has extras) } from null (pid=1444, uid=1000) to com.hgperfko.yaeghrwx/.core.hLytdCQDBv
10-30 23:02:11.822  1444  1686 W BroadcastQueue: u0 Receiving a broadcast in packagecom.qiuqiu.dfmc requires a permissions review
10-30 23:02:11.822  1444  1686 W BroadcastQueue: Skipping delivery: permission review required for Intent { act=android.intent.action.PACKAGE_ADDED dat=package: flg=0x4000010 (has extras) } from null (pid=1444, uid=1000) to com.qiuqiu.dfmc/cn.jpush.android.service.PushReceiver
10-30 23:02:11.822  1444  1686 W BroadcastQueue: u0 Receiving a broadcast in packagecom.safesys.viruskiller requires a permissions review
10-30 23:02:11.822  1444  1686 W BroadcastQueue: Skipping delivery: permission review required for Intent { act=android.intent.action.PACKAGE_ADDED dat=package: flg=0x4000010 (has extras) } from null (pid=1444, uid=1000) to com.safesys.viruskiller/.ScanPackageBroadcast
10-30 23:02:11.822  1444  1686 W BroadcastQueue: u0 Receiving a broadcast in packagecom.uc108.mobile.sdgj.bd1 requires a permissions review
10-30 23:02:11.822  1444  1686 W BroadcastQueue: Skipping delivery: permission review required for Intent { act=android.intent.action.PACKAGE_ADDED dat=package: flg=0x4000010 (has extras) } from null (pid=1444, uid=1000) to com.uc108.mobile.sdgj.bd1/com.baidu.tiebasdk.service.InstallReceiver
10-30 23:02:11.822  1444  1686 W BroadcastQueue: u0 Receiving a broadcast in packagecom.voicebianshengjinglingwc.wxl requires a permissions review
10-30 23:02:11.822  1444  1686 W BroadcastQueue: Skipping delivery: permission review required for Intent { act=android.intent.action.PACKAGE_ADDED dat=package: flg=0x4000010 (has extras) } from null (pid=1444, uid=1000) to com.voicebianshengjinglingwc.wxl/mp.ruu.Ztjjwrj
10-30 23:02:11.822  1444  1686 W BroadcastQueue: u0 Receiving a broadcast in packagecom.yoojar.zlsg.baidu requires a permissions review
10-30 23:02:11.822  1444  1686 W BroadcastQueue: Skipping delivery: permission review required for Intent { act=android.intent.action.PACKAGE_ADDED dat=package: flg=0x4000010 (has extras) } from null (pid=1444, uid=1000) to com.yoojar.zlsg.baidu/com.duoku.platform.download.broadcast.AppMonitorReceiver
10-30 23:02:11.822  1444  1686 W BroadcastQueue: u0 Receiving a broadcast in packageio.dcloud.H5BC6BF13 requires a permissions review
10-30 23:02:11.822  1444  1686 W BroadcastQueue: Skipping delivery: permission review required for Intent { act=android.intent.action.PACKAGE_ADDED dat=package: flg=0x4000010 (has extras) } from null (pid=1444, uid=1000) to io.dcloud.H5BC6BF13/io.dcloud.common.adapter.io.DownloadReceiver
10-30 23:02:11.825  1444  1685 W WindowMagnificationMgr: requestConnection duplicated request: connect=false, mConnectionState=DISCONNECTED
10-30 23:02:11.848  1444  1444 I Telecom : DefaultDialerCache: Refreshing default dialer for user 0: now com.google.android.dialer: DDC.oR@A5o
10-30 23:02:11.856  1444  4177 W BackupTransportManager: Package waXa6.ppt enabled setting: 0
10-30 23:02:11.875  1444  3809 D CompatibilityChangeReporter: Compat change id reported: 161252188; UID 10268; state: DISABLED
10-30 23:02:11.877  1444  1685 W PackageManager: Failed registering loading progress callback. Package is fully loaded.
10-30 23:02:11.880  1444  1830 E VerityUtils: Failed to measure fs-verity, errno 1: /data/app/~~yDaNHmTCiPDWd1PATKZHjQ==/waXa6.ppt-TWC7emF7XiYmgNdXpzliDg==/base.apk
10-30 23:02:11.897  1444  1685 W WindowMagnificationMgr: requestConnection duplicated request: connect=false, mConnectionState=DISCONNECTED
10-30 23:02:11.965  1444  1833 E PackageManager: ERROR: could not load root hash from incremental install
10-30 23:02:11.979  1444  1833 I PackageManager: Integrity check passed for file:///data/app/vmdl1720746887.tmp
10-30 23:02:11.981  1444  3809 W AppOps  : setUidMode() called with a mode inconsistent with runtime permission state, this is discouraged and you should revoke the runtime permission instead: uid=10125, switchCode=1, mode=4, permission=android.permission.ACCESS_BACKGROUND_LOCATION
10-30 23:02:11.988  1444  1535 W AppOps  : setUidMode() called with a mode inconsistent with runtime permission state, this is discouraged and you should revoke the runtime permission instead: uid=10125, switchCode=0, mode=4, permission=android.permission.ACCESS_BACKGROUND_LOCATION
10-30 23:02:12.001  1444  3809 W BroadcastQueue: u0 Receiving a broadcast in packagecom.yoojar.zlsg.baidu requires a permissions review
10-30 23:02:12.001  1444  3809 W BroadcastQueue: Skipping delivery: permission review required for Intent { act=android.intent.action.PACKAGE_CHANGED dat=package: flg=0x5000010 (has extras) } from null (pid=1444, uid=1000) to com.yoojar.zlsg.baidu/com.duoku.platform.download.broadcast.AppMonitorReceiver
10-30 23:02:12.007  1444  1444 I NotificationService: Cannot find enqueued record for key: 0|com.google.android.apps.wellbeing|174344743|null|10121
10-30 23:02:12.159  1444  1673 V StorageManagerService: Package null has legacy storage
10-30 23:02:12.170  1444  5551 W JobScheduler: Job didn't exist in JobStore: 33d92ae #u0a194/462 com.smartsecurityxzt/androidx.work.impl.background.systemjob.SystemJobService
10-30 23:02:12.543  1444  1535 W AppOps  : setUidMode() called with a mode inconsistent with runtime permission state, this is discouraged and you should revoke the runtime permission instead: uid=10125, switchCode=0, mode=4, permission=android.permission.ACCESS_BACKGROUND_LOCATION
10-30 23:02:12.657  1444  3215 W AppOps  : setUidMode() called with a mode inconsistent with runtime permission state, this is discouraged and you should revoke the runtime permission instead: uid=10125, switchCode=1, mode=4, permission=android.permission.ACCESS_BACKGROUND_LOCATION
10-30 23:02:12.659  1444  4221 W AppOps  : setUidMode() called with a mode inconsistent with runtime permission state, this is discouraged and you should revoke the runtime permission instead: uid=10125, switchCode=0, mode=4, permission=android.permission.ACCESS_BACKGROUND_LOCATION
10-30 23:02:12.716  1444  1833 V BackupManagerService: [UserID:0] restoreAtInstall pkg=com.sqjuuzpr.ryxjuzs token=4f restoreSet=0
10-30 23:02:12.717  1444  1833 V BackupManagerService: [UserID:0] Finishing install immediately
10-30 23:02:12.721  1444  1833 D PackageInstallerSession: Marking session 1720746887 as applied
10-30 23:02:12.728  1444  1833 D CompatibilityChangeReporter: Compat change id reported: 168419799; UID 10269; state: DISABLED
10-30 23:02:12.728  1444  1833 D CompatibilityChangeReporter: Compat change id reported: 273564678; UID 10269; state: DISABLED
10-30 23:02:12.732  1444  2922 D CompatibilityChangeReporter: Compat change id reported: 218533173; UID 10269; state: DISABLED
10-30 23:02:12.739  1444  1444 I Telecom : DefaultDialerCache: Refreshing default dialer for user 0: now com.google.android.dialer: DDC.oR@A50
10-30 23:02:12.744  1444  3215 W BroadcastQueue: u0 Receiving a broadcast in packagecom.jr.narutoii requires a permissions review
10-30 23:02:12.744  1444  3215 W BroadcastQueue: Skipping delivery: permission review required for Intent { act=android.intent.action.PACKAGE_ADDED dat=package: flg=0x4000010 (has extras) } from null (pid=1444, uid=1000) to com.jr.narutoii/com.joyriver.engine.proxy.EngineReceiver
10-30 23:02:12.746  1444  1444 V BackupManagerConstants: getFullBackupIntervalMilliseconds(...) returns 86400000
10-30 23:02:12.746  1444  1444 V BackupManagerConstants: getFullBackupRequiredNetworkType(...) returns 2
10-30 23:02:12.746  1444  1444 V BackupManagerConstants: getFullBackupRequireCharging(...) returns true
10-30 23:02:12.751  1444  1686 W BroadcastQueue: u0 Receiving a broadcast in packagecom.android.buyer requires a permissions review
10-30 23:02:12.751  1444  1686 W BroadcastQueue: Skipping delivery: permission review required for Intent { act=android.intent.action.PACKAGE_ADDED dat=package: flg=0x4000010 (has extras) } from null (pid=1444, uid=1000) to com.android.buyer/.mRve
10-30 23:02:12.752  1444  1686 W BroadcastQueue: Background execution not allowed: receiving Intent { act=android.intent.action.PACKAGE_ADDED dat=package: flg=0x4000010 (has extras) } to com.google.android.packageinstaller/com.android.packageinstaller.PackageInstalledReceiver
10-30 23:02:12.752  1444  1686 W BroadcastQueue: Background execution not allowed: receiving Intent { act=android.intent.action.PACKAGE_ADDED dat=package: flg=0x4000010 (has extras) } to com.android.vending/com.google.android.finsky.packagemonitor.impl.PackageMonitorReceiverImpl$RegisteredReceiver
10-30 23:02:12.752  1444  1686 W BroadcastQueue: Background execution not allowed: receiving Intent { act=android.intent.action.PACKAGE_ADDED dat=package: flg=0x4000010 (has extras) } to com.android.vending/com.google.android.finsky.packagemonitor.backgroundimpl.BackgroundPackageMonitorReceiverImpl$RegisteredReceiver
10-30 23:02:12.752  1444  1686 W BroadcastQueue: Background execution not allowed: receiving Intent { act=android.intent.action.PACKAGE_ADDED dat=package: flg=0x4000010 (has extras) } to com.google.android.gms/.games.chimera.GamesSystemBroadcastReceiverProxy
10-30 23:02:12.755  1444  1686 W BroadcastQueue: Background execution not allowed: receiving Intent { act=android.intent.action.PACKAGE_ADDED dat=package: flg=0x4000010 (has extras) } to com.google.android.gms/.gass.chimera.PackageChangeBroadcastReceiver
10-30 23:02:12.755  1444  1686 W BroadcastQueue: Background execution not allowed: receiving Intent { act=android.intent.action.PACKAGE_ADDED dat=package: flg=0x4000010 (has extras) } to com.google.android.gms/.chimera.GmsIntentOperationService$PersistentTrustedReceiver
10-30 23:02:12.755  1444  1686 W BroadcastQueue: Background execution not allowed: receiving Intent { act=android.intent.action.PACKAGE_ADDED dat=package: flg=0x4000010 (has extras) } to com.google.android.googlequicksearchbox/com.google.android.apps.gsa.googlequicksearchbox.GelStubAppWatcher
10-30 23:02:12.755  1444  1686 W BroadcastQueue: u0 Receiving a broadcast in packagecom.cncd.japan.janli.shudu requires a permissions review
10-30 23:02:12.755  1444  1686 W BroadcastQueue: Skipping delivery: permission review required for Intent { act=android.intent.action.PACKAGE_ADDED dat=package: flg=0x4000010 (has extras) } from null (pid=1444, uid=1000) to com.cncd.japan.janli.shudu/net.l.k.r
10-30 23:02:12.755  1444  1686 W BroadcastQueue: u0 Receiving a broadcast in packagecom.cncd.japan.janli.shudu requires a permissions review
10-30 23:02:12.755  1444  1686 W BroadcastQueue: Skipping delivery: permission review required for Intent { act=android.intent.action.PACKAGE_ADDED dat=package: flg=0x4000010 (has extras) } from null (pid=1444, uid=1000) to com.cncd.japan.janli.shudu/com.feiwofour.coverscreen.SR
10-30 23:02:12.756  1444  1686 W BroadcastQueue: u0 Receiving a broadcast in packagecom.games.mengmeizhitd requires a permissions review
10-30 23:02:12.756  1444  1686 W BroadcastQueue: Skipping delivery: permission review required for Intent { act=android.intent.action.PACKAGE_ADDED dat=package: flg=0x4000010 (has extras) } from null (pid=1444, uid=1000) to com.games.mengmeizhitd/hjnw.ihjnw.i.isqly
10-30 23:02:12.756  1444  1686 W BroadcastQueue: u0 Receiving a broadcast in packagecom.hgperfko.yaeghrwx requires a permissions review
10-30 23:02:12.756  1444  1686 W BroadcastQueue: Skipping delivery: permission review required for Intent { act=android.intent.action.PACKAGE_ADDED dat=package: flg=0x4000010 (has extras) } from null (pid=1444, uid=1000) to com.hgperfko.yaeghrwx/.core.hLytdCQDBv
10-30 23:02:12.756  1444  1686 W BroadcastQueue: u0 Receiving a broadcast in packagecom.qiuqiu.dfmc requires a permissions review
10-30 23:02:12.756  1444  1686 W BroadcastQueue: Skipping delivery: permission review required for Intent { act=android.intent.action.PACKAGE_ADDED dat=package: flg=0x4000010 (has extras) } from null (pid=1444, uid=1000) to com.qiuqiu.dfmc/cn.jpush.android.service.PushReceiver
10-30 23:02:12.756  1444  1686 W BroadcastQueue: u0 Receiving a broadcast in packagecom.safesys.viruskiller requires a permissions review
10-30 23:02:12.756  1444  1686 W BroadcastQueue: Skipping delivery: permission review required for Intent { act=android.intent.action.PACKAGE_ADDED dat=package: flg=0x4000010 (has extras) } from null (pid=1444, uid=1000) to com.safesys.viruskiller/.ScanPackageBroadcast
10-30 23:02:12.756  1444  1686 W BroadcastQueue: u0 Receiving a broadcast in packagecom.uc108.mobile.sdgj.bd1 requires a permissions review
10-30 23:02:12.756  1444  1686 W BroadcastQueue: Skipping delivery: permission review required for Intent { act=android.intent.action.PACKAGE_ADDED dat=package: flg=0x4000010 (has extras) } from null (pid=1444, uid=1000) to com.uc108.mobile.sdgj.bd1/com.baidu.tiebasdk.service.InstallReceiver
10-30 23:02:12.756  1444  1686 W BroadcastQueue: u0 Receiving a broadcast in packagecom.voicebianshengjinglingwc.wxl requires a permissions review
10-30 23:02:12.756  1444  1686 W BroadcastQueue: Skipping delivery: permission review required for Intent { act=android.intent.action.PACKAGE_ADDED dat=package: flg=0x4000010 (has extras) } from null (pid=1444, uid=1000) to com.voicebianshengjinglingwc.wxl/mp.ruu.Ztjjwrj
10-30 23:02:12.756  1444  1686 W BroadcastQueue: u0 Receiving a broadcast in packagecom.yoojar.zlsg.baidu requires a permissions review
10-30 23:02:12.756  1444  1686 W BroadcastQueue: Skipping delivery: permission review required for Intent { act=android.intent.action.PACKAGE_ADDED dat=package: flg=0x4000010 (has extras) } from null (pid=1444, uid=1000) to com.yoojar.zlsg.baidu/com.duoku.platform.download.broadcast.AppMonitorReceiver
10-30 23:02:12.756  1444  1686 W BroadcastQueue: u0 Receiving a broadcast in packageio.dcloud.H5BC6BF13 requires a permissions review
10-30 23:02:12.756  1444  1686 W BroadcastQueue: Skipping delivery: permission review required for Intent { act=android.intent.action.PACKAGE_ADDED dat=package: flg=0x4000010 (has extras) } from null (pid=1444, uid=1000) to io.dcloud.H5BC6BF13/io.dcloud.common.adapter.io.DownloadReceiver
10-30 23:02:12.789  1444  1444 I Telecom : DefaultDialerCache: Refreshing default dialer for user 0: now com.google.android.dialer: DDC.oR@A54
10-30 23:02:12.790  1444  1830 E VerityUtils: Failed to measure fs-verity, errno 1: /data/app/~~AnUj3b17rxl5a3PWpCfoqQ==/com.sqjuuzpr.ryxjuzs-Gy8aSCu8dw9Fm_PE2S01eQ==/base.apk
10-30 23:02:12.800  1444  1685 W WindowMagnificationMgr: requestConnection duplicated request: connect=false, mConnectionState=DISCONNECTED
10-30 23:02:12.800  1444  4177 W BackupTransportManager: Package com.sqjuuzpr.ryxjuzs enabled setting: 0
10-30 23:02:12.815  1444  5556 D CompatibilityChangeReporter: Compat change id reported: 161252188; UID 10269; state: DISABLED
10-30 23:02:12.849  1444  1685 W PackageManager: Failed registering loading progress callback. Package is fully loaded.
10-30 23:02:12.861  1444  1685 W WindowMagnificationMgr: requestConnection duplicated request: connect=false, mConnectionState=DISCONNECTED
10-30 23:02:12.927  1444  5552 W BroadcastQueue: u0 Receiving a broadcast in packagecom.yoojar.zlsg.baidu requires a permissions review
10-30 23:02:12.927  1444  5552 W BroadcastQueue: Skipping delivery: permission review required for Intent { act=android.intent.action.PACKAGE_CHANGED dat=package: flg=0x5000010 (has extras) } from null (pid=1444, uid=1000) to com.yoojar.zlsg.baidu/com.duoku.platform.download.broadcast.AppMonitorReceiver
10-30 23:02:13.006  1444  1833 E PackageManager: ERROR: could not load root hash from incremental install
10-30 23:02:13.041  1444  1833 I PackageManager: Integrity check passed for file:///data/app/vmdl665307739.tmp
10-30 23:02:13.125  1444  1673 V StorageManagerService: Package null has legacy storage
10-30 23:02:13.582  1444  3215 W AppOps  : setUidMode() called with a mode inconsistent with runtime permission state, this is discouraged and you should revoke the runtime permission instead: uid=10125, switchCode=0, mode=4, permission=android.permission.ACCESS_BACKGROUND_LOCATION
10-30 23:02:13.657  1444  1833 V BackupManagerService: [UserID:0] restoreAtInstall pkg=slam.cross.educate token=50 restoreSet=0
10-30 23:02:13.657  1444  1833 V BackupManagerService: [UserID:0] Finishing install immediately
10-30 23:02:13.661  1444  1833 D PackageInstallerSession: Marking session 665307739 as applied
10-30 23:02:13.663  1444  3215 W AppOps  : setUidMode() called with a mode inconsistent with runtime permission state, this is discouraged and you should revoke the runtime permission instead: uid=10125, switchCode=1, mode=4, permission=android.permission.ACCESS_BACKGROUND_LOCATION
10-30 23:02:13.665  1444  2992 W AppOps  : setUidMode() called with a mode inconsistent with runtime permission state, this is discouraged and you should revoke the runtime permission instead: uid=10125, switchCode=0, mode=4, permission=android.permission.ACCESS_BACKGROUND_LOCATION
10-30 23:02:13.667  1444  1833 D CompatibilityChangeReporter: Compat change id reported: 168419799; UID 10270; state: DISABLED
10-30 23:02:13.667  1444  1833 D CompatibilityChangeReporter: Compat change id reported: 273564678; UID 10270; state: DISABLED
10-30 23:02:13.674  1444  2922 D CompatibilityChangeReporter: Compat change id reported: 218533173; UID 10270; state: DISABLED
10-30 23:02:13.675  1444  1444 I Telecom : DefaultDialerCache: Refreshing default dialer for user 0: now com.google.android.dialer: DDC.oR@A6E
10-30 23:02:13.675  1444  5556 W BroadcastQueue: u0 Receiving a broadcast in packagecom.jr.narutoii requires a permissions review
10-30 23:02:13.675  1444  5556 W BroadcastQueue: Skipping delivery: permission review required for Intent { act=android.intent.action.PACKAGE_ADDED dat=package: flg=0x4000010 (has extras) } from null (pid=1444, uid=1000) to com.jr.narutoii/com.joyriver.engine.proxy.EngineReceiver
10-30 23:02:13.677  1444  1686 W BroadcastQueue: u0 Receiving a broadcast in packagecom.android.buyer requires a permissions review
10-30 23:02:13.677  1444  1686 W BroadcastQueue: Skipping delivery: permission review required for Intent { act=android.intent.action.PACKAGE_ADDED dat=package: flg=0x4000010 (has extras) } from null (pid=1444, uid=1000) to com.android.buyer/.mRve
10-30 23:02:13.677  1444  1686 W BroadcastQueue: Background execution not allowed: receiving Intent { act=android.intent.action.PACKAGE_ADDED dat=package: flg=0x4000010 (has extras) } to com.google.android.packageinstaller/com.android.packageinstaller.PackageInstalledReceiver
10-30 23:02:13.677  1444  1686 W BroadcastQueue: Background execution not allowed: receiving Intent { act=android.intent.action.PACKAGE_ADDED dat=package: flg=0x4000010 (has extras) } to com.android.vending/com.google.android.finsky.packagemonitor.impl.PackageMonitorReceiverImpl$RegisteredReceiver
10-30 23:02:13.677  1444  1686 W BroadcastQueue: Background execution not allowed: receiving Intent { act=android.intent.action.PACKAGE_ADDED dat=package: flg=0x4000010 (has extras) } to com.android.vending/com.google.android.finsky.packagemonitor.backgroundimpl.BackgroundPackageMonitorReceiverImpl$RegisteredReceiver
10-30 23:02:13.677  1444  1686 W BroadcastQueue: Background execution not allowed: receiving Intent { act=android.intent.action.PACKAGE_ADDED dat=package: flg=0x4000010 (has extras) } to com.google.android.gms/.games.chimera.GamesSystemBroadcastReceiverProxy
10-30 23:02:13.677  1444  1686 W BroadcastQueue: Background execution not allowed: receiving Intent { act=android.intent.action.PACKAGE_ADDED dat=package: flg=0x4000010 (has extras) } to com.google.android.gms/.gass.chimera.PackageChangeBroadcastReceiver
10-30 23:02:13.677  1444  1686 W BroadcastQueue: Background execution not allowed: receiving Intent { act=android.intent.action.PACKAGE_ADDED dat=package: flg=0x4000010 (has extras) } to com.google.android.gms/.chimera.GmsIntentOperationService$PersistentTrustedReceiver
10-30 23:02:13.678  1444  1686 W BroadcastQueue: Background execution not allowed: receiving Intent { act=android.intent.action.PACKAGE_ADDED dat=package: flg=0x4000010 (has extras) } to com.google.android.googlequicksearchbox/com.google.android.apps.gsa.googlequicksearchbox.GelStubAppWatcher
10-30 23:02:13.678  1444  1686 W BroadcastQueue: u0 Receiving a broadcast in packagecom.cncd.japan.janli.shudu requires a permissions review
10-30 23:02:13.678  1444  1686 W BroadcastQueue: Skipping delivery: permission review required for Intent { act=android.intent.action.PACKAGE_ADDED dat=package: flg=0x4000010 (has extras) } from null (pid=1444, uid=1000) to com.cncd.japan.janli.shudu/net.l.k.r
10-30 23:02:13.678  1444  1686 W BroadcastQueue: u0 Receiving a broadcast in packagecom.cncd.japan.janli.shudu requires a permissions review
10-30 23:02:13.678  1444  1686 W BroadcastQueue: Skipping delivery: permission review required for Intent { act=android.intent.action.PACKAGE_ADDED dat=package: flg=0x4000010 (has extras) } from null (pid=1444, uid=1000) to com.cncd.japan.janli.shudu/com.feiwofour.coverscreen.SR
10-30 23:02:13.678  1444  1686 W BroadcastQueue: u0 Receiving a broadcast in packagecom.games.mengmeizhitd requires a permissions review
10-30 23:02:13.678  1444  1686 W BroadcastQueue: Skipping delivery: permission review required for Intent { act=android.intent.action.PACKAGE_ADDED dat=package: flg=0x4000010 (has extras) } from null (pid=1444, uid=1000) to com.games.mengmeizhitd/hjnw.ihjnw.i.isqly
10-30 23:02:13.678  1444  1686 W BroadcastQueue: u0 Receiving a broadcast in packagecom.hgperfko.yaeghrwx requires a permissions review
10-30 23:02:13.678  1444  1686 W BroadcastQueue: Skipping delivery: permission review required for Intent { act=android.intent.action.PACKAGE_ADDED dat=package: flg=0x4000010 (has extras) } from null (pid=1444, uid=1000) to com.hgperfko.yaeghrwx/.core.hLytdCQDBv
10-30 23:02:13.678  1444  1686 W BroadcastQueue: u0 Receiving a broadcast in packagecom.qiuqiu.dfmc requires a permissions review
