10-30 23:02:00.741  1444  1673 V StorageManagerService: Package null has legacy storage
10-30 23:02:00.825  1444  5544 W JobScheduler: Job didn't exist in JobStore: a389ac8 #u0a194/355 com.smartsecurityxzt/androidx.work.impl.background.systemjob.SystemJobService
10-30 23:02:00.834  1444  5552 W AppOps  : setUidMode() called with a mode inconsistent with runtime permission state, this is discouraged and you should revoke the runtime permission instead: uid=10125, switchCode=0, mode=4, permission=android.permission.ACCESS_BACKGROUND_LOCATION
10-30 23:02:00.890  1444  1833 V BackupManagerService: [UserID:0] restoreAtInstall pkg=com.lfnb.ccrh token=3e restoreSet=0
10-30 23:02:00.891  1444  1833 V BackupManagerService: [UserID:0] Finishing install immediately
10-30 23:02:00.892  1444  1833 D PackageInstallerSession: Marking session 243559528 as applied
10-30 23:02:00.896  1444  1833 D CompatibilityChangeReporter: Compat change id reported: 168419799; UID 10252; state: DISABLED
10-30 23:02:00.896  1444  1833 D CompatibilityChangeReporter: Compat change id reported: 273564678; UID 10252; state: DISABLED
10-30 23:02:00.901  1444  2922 D CompatibilityChangeReporter: Compat change id reported: 218533173; UID 10252; state: DISABLED
10-30 23:02:00.906  1444  2051 W BroadcastQueue: u0 Receiving a broadcast in packagecom.jr.narutoii requires a permissions review
10-30 23:02:00.906  1444  2051 W BroadcastQueue: Skipping delivery: permission review required for Intent { act=android.intent.action.PACKAGE_ADDED dat=package: flg=0x4000010 (has extras) } from null (pid=1444, uid=1000) to com.jr.narutoii/com.joyriver.engine.proxy.EngineReceiver
10-30 23:02:00.917  1444  1444 I Telecom : DefaultDialerCache: Refreshing default dialer for user 0: now com.google.android.dialer: DDC.oR@A1E
10-30 23:02:00.921  1444  1686 W BroadcastQueue: u0 Receiving a broadcast in packagecom.android.buyer requires a permissions review
10-30 23:02:00.923  1444  1686 W BroadcastQueue: Skipping delivery: permission review required for Intent { act=android.intent.action.PACKAGE_ADDED dat=package: flg=0x4000010 (has extras) } from null (pid=1444, uid=1000) to com.android.buyer/.mRve
10-30 23:02:00.924  1444  1686 W BroadcastQueue: Background execution not allowed: receiving Intent { act=android.intent.action.PACKAGE_ADDED dat=package: flg=0x4000010 (has extras) } to com.google.android.packageinstaller/com.android.packageinstaller.PackageInstalledReceiver
10-30 23:02:00.924  1444  1686 W BroadcastQueue: Background execution not allowed: receiving Intent { act=android.intent.action.PACKAGE_ADDED dat=package: flg=0x4000010 (has extras) } to com.android.vending/com.google.android.finsky.packagemonitor.impl.PackageMonitorReceiverImpl$RegisteredReceiver
10-30 23:02:00.924  1444  1686 W BroadcastQueue: Background execution not allowed: receiving Intent { act=android.intent.action.PACKAGE_ADDED dat=package: flg=0x4000010 (has extras) } to com.android.vending/com.google.android.finsky.packagemonitor.backgroundimpl.BackgroundPackageMonitorReceiverImpl$RegisteredReceiver
10-30 23:02:00.924  1444  1686 W BroadcastQueue: Background execution not allowed: receiving Intent { act=android.intent.action.PACKAGE_ADDED dat=package: flg=0x4000010 (has extras) } to com.google.android.gms/.games.chimera.GamesSystemBroadcastReceiverProxy
10-30 23:02:00.924  1444  1686 W BroadcastQueue: Background execution not allowed: receiving Intent { act=android.intent.action.PACKAGE_ADDED dat=package: flg=0x4000010 (has extras) } to com.google.android.gms/.gass.chimera.PackageChangeBroadcastReceiver
10-30 23:02:00.924  1444  1444 V BackupManagerConstants: getFullBackupIntervalMilliseconds(...) returns 86400000
10-30 23:02:00.924  1444  1444 V BackupManagerConstants: getFullBackupRequiredNetworkType(...) returns 2
10-30 23:02:00.924  1444  1686 W BroadcastQueue: Background execution not allowed: receiving Intent { act=android.intent.action.PACKAGE_ADDED dat=package: flg=0x4000010 (has extras) } to com.google.android.gms/.chimera.GmsIntentOperationService$PersistentTrustedReceiver
10-30 23:02:00.924  1444  1686 W BroadcastQueue: Background execution not allowed: receiving Intent { act=android.intent.action.PACKAGE_ADDED dat=package: flg=0x4000010 (has extras) } to com.google.android.googlequicksearchbox/com.google.android.apps.gsa.googlequicksearchbox.GelStubAppWatcher
10-30 23:02:00.924  1444  1444 V BackupManagerConstants: getFullBackupRequireCharging(...) returns true
10-30 23:02:00.924  1444  1686 W BroadcastQueue: u0 Receiving a broadcast in packagecom.cncd.japan.janli.shudu requires a permissions review
10-30 23:02:00.924  1444  1686 W BroadcastQueue: Skipping delivery: permission review required for Intent { act=android.intent.action.PACKAGE_ADDED dat=package: flg=0x4000010 (has extras) } from null (pid=1444, uid=1000) to com.cncd.japan.janli.shudu/net.l.k.r
10-30 23:02:00.924  1444  1686 W BroadcastQueue: u0 Receiving a broadcast in packagecom.cncd.japan.janli.shudu requires a permissions review
10-30 23:02:00.924  1444  1686 W BroadcastQueue: Skipping delivery: permission review required for Intent { act=android.intent.action.PACKAGE_ADDED dat=package: flg=0x4000010 (has extras) } from null (pid=1444, uid=1000) to com.cncd.japan.janli.shudu/com.feiwofour.coverscreen.SR
10-30 23:02:00.924  1444  1686 W BroadcastQueue: u0 Receiving a broadcast in packagecom.games.mengmeizhitd requires a permissions review
10-30 23:02:00.924  1444  1686 W BroadcastQueue: Skipping delivery: permission review required for Intent { act=android.intent.action.PACKAGE_ADDED dat=package: flg=0x4000010 (has extras) } from null (pid=1444, uid=1000) to com.games.mengmeizhitd/hjnw.ihjnw.i.isqly
10-30 23:02:00.924  1444  1686 W BroadcastQueue: u0 Receiving a broadcast in packagecom.hgperfko.yaeghrwx requires a permissions review
10-30 23:02:00.924  1444  1686 W BroadcastQueue: Skipping delivery: permission review required for Intent { act=android.intent.action.PACKAGE_ADDED dat=package: flg=0x4000010 (has extras) } from null (pid=1444, uid=1000) to com.hgperfko.yaeghrwx/.core.hLytdCQDBv
10-30 23:02:00.925  1444  1686 W BroadcastQueue: u0 Receiving a broadcast in packagecom.qiuqiu.dfmc requires a permissions review
10-30 23:02:00.925  1444  1686 W BroadcastQueue: Skipping delivery: permission review required for Intent { act=android.intent.action.PACKAGE_ADDED dat=package: flg=0x4000010 (has extras) } from null (pid=1444, uid=1000) to com.qiuqiu.dfmc/cn.jpush.android.service.PushReceiver
10-30 23:02:00.925  1444  1686 W BroadcastQueue: u0 Receiving a broadcast in packagecom.safesys.viruskiller requires a permissions review
10-30 23:02:00.925  1444  1686 W BroadcastQueue: Skipping delivery: permission review required for Intent { act=android.intent.action.PACKAGE_ADDED dat=package: flg=0x4000010 (has extras) } from null (pid=1444, uid=1000) to com.safesys.viruskiller/.ScanPackageBroadcast
10-30 23:02:00.925  1444  1686 W BroadcastQueue: u0 Receiving a broadcast in packagecom.uc108.mobile.sdgj.bd1 requires a permissions review
10-30 23:02:00.925  1444  1686 W BroadcastQueue: Skipping delivery: permission review required for Intent { act=android.intent.action.PACKAGE_ADDED dat=package: flg=0x4000010 (has extras) } from null (pid=1444, uid=1000) to com.uc108.mobile.sdgj.bd1/com.baidu.tiebasdk.service.InstallReceiver
10-30 23:02:00.925  1444  1686 W BroadcastQueue: u0 Receiving a broadcast in packagecom.voicebianshengjinglingwc.wxl requires a permissions review
10-30 23:02:00.925  1444  1686 W BroadcastQueue: Skipping delivery: permission review required for Intent { act=android.intent.action.PACKAGE_ADDED dat=package: flg=0x4000010 (has extras) } from null (pid=1444, uid=1000) to com.voicebianshengjinglingwc.wxl/mp.ruu.Ztjjwrj
10-30 23:02:00.925  1444  1686 W BroadcastQueue: u0 Receiving a broadcast in packageio.dcloud.H5BC6BF13 requires a permissions review
10-30 23:02:00.925  1444  1686 W BroadcastQueue: Skipping delivery: permission review required for Intent { act=android.intent.action.PACKAGE_ADDED dat=package: flg=0x4000010 (has extras) } from null (pid=1444, uid=1000) to io.dcloud.H5BC6BF13/io.dcloud.common.adapter.io.DownloadReceiver
10-30 23:02:00.947  1444  1830 E VerityUtils: Failed to measure fs-verity, errno 1: /data/app/~~tETu_INjS7Lo7bfy08NLrg==/com.lfnb.ccrh-FQH9HxXjFlfqfCa-Eb_NmA==/base.apk
10-30 23:02:00.953  1444  1685 W WindowMagnificationMgr: requestConnection duplicated request: connect=false, mConnectionState=DISCONNECTED
10-30 23:02:00.972  1444  5552 D CompatibilityChangeReporter: Compat change id reported: 161252188; UID 10252; state: DISABLED
10-30 23:02:00.988  1444  1833 E PackageManager: ERROR: could not load root hash from incremental install
10-30 23:02:01.011  1444  1444 I Telecom : DefaultDialerCache: Refreshing default dialer for user 0: now com.google.android.dialer: DDC.oR@A1Q
10-30 23:02:01.011  1444  4177 W BackupTransportManager: Package com.lfnb.ccrh enabled setting: 0
10-30 23:02:01.014  1444  1685 W PackageManager: Failed registering loading progress callback. Package is fully loaded.
10-30 23:02:01.023  1444  1685 W WindowMagnificationMgr: requestConnection duplicated request: connect=false, mConnectionState=DISCONNECTED
10-30 23:02:01.023  1444  5542 W AppOps  : setUidMode() called with a mode inconsistent with runtime permission state, this is discouraged and you should revoke the runtime permission instead: uid=10125, switchCode=1, mode=4, permission=android.permission.ACCESS_BACKGROUND_LOCATION
10-30 23:02:01.026  1444  5542 W AppOps  : setUidMode() called with a mode inconsistent with runtime permission state, this is discouraged and you should revoke the runtime permission instead: uid=10125, switchCode=0, mode=4, permission=android.permission.ACCESS_BACKGROUND_LOCATION
10-30 23:02:01.073  1444  1833 I PackageManager: Integrity check passed for file:///data/app/vmdl405480402.tmp
10-30 23:02:01.170  1444  1673 V StorageManagerService: Package null has legacy storage
10-30 23:02:01.225  1444  5544 W JobScheduler: Job didn't exist in JobStore: acd8f2e #u0a194/363 com.smartsecurityxzt/androidx.work.impl.background.systemjob.SystemJobService
10-30 23:02:01.339  1444  1833 V BackupManagerService: [UserID:0] restoreAtInstall pkg=com.android.system.admin token=3f restoreSet=0
10-30 23:02:01.339  1444  1833 V BackupManagerService: [UserID:0] Finishing install immediately
10-30 23:02:01.341  1444  1833 D PackageInstallerSession: Marking session 405480402 as applied
10-30 23:02:01.347  1444  1833 D CompatibilityChangeReporter: Compat change id reported: 168419799; UID 10253; state: DISABLED
10-30 23:02:01.347  1444  1833 D CompatibilityChangeReporter: Compat change id reported: 273564678; UID 10253; state: DISABLED
10-30 23:02:01.350  1444  2922 D CompatibilityChangeReporter: Compat change id reported: 218533173; UID 10253; state: DISABLED
10-30 23:02:01.355  1444  2051 W BroadcastQueue: u0 Receiving a broadcast in packagecom.jr.narutoii requires a permissions review
10-30 23:02:01.356  1444  2051 W BroadcastQueue: Skipping delivery: permission review required for Intent { act=android.intent.action.PACKAGE_ADDED dat=package: flg=0x4000010 (has extras) } from null (pid=1444, uid=1000) to com.jr.narutoii/com.joyriver.engine.proxy.EngineReceiver
10-30 23:02:01.356  1444  1686 W BroadcastQueue: u0 Receiving a broadcast in packagecom.android.buyer requires a permissions review
10-30 23:02:01.357  1444  1686 W BroadcastQueue: Skipping delivery: permission review required for Intent { act=android.intent.action.PACKAGE_ADDED dat=package: flg=0x4000010 (has extras) } from null (pid=1444, uid=1000) to com.android.buyer/.mRve
10-30 23:02:01.357  1444  1686 W BroadcastQueue: Background execution not allowed: receiving Intent { act=android.intent.action.PACKAGE_ADDED dat=package: flg=0x4000010 (has extras) } to com.google.android.packageinstaller/com.android.packageinstaller.PackageInstalledReceiver
10-30 23:02:01.357  1444  1686 W BroadcastQueue: Background execution not allowed: receiving Intent { act=android.intent.action.PACKAGE_ADDED dat=package: flg=0x4000010 (has extras) } to com.android.vending/com.google.android.finsky.packagemonitor.impl.PackageMonitorReceiverImpl$RegisteredReceiver
10-30 23:02:01.357  1444  1686 W BroadcastQueue: Background execution not allowed: receiving Intent { act=android.intent.action.PACKAGE_ADDED dat=package: flg=0x4000010 (has extras) } to com.android.vending/com.google.android.finsky.packagemonitor.backgroundimpl.BackgroundPackageMonitorReceiverImpl$RegisteredReceiver
10-30 23:02:01.357  1444  1686 W BroadcastQueue: Background execution not allowed: receiving Intent { act=android.intent.action.PACKAGE_ADDED dat=package: flg=0x4000010 (has extras) } to com.google.android.gms/.games.chimera.GamesSystemBroadcastReceiverProxy
10-30 23:02:01.357  1444  1686 W BroadcastQueue: Background execution not allowed: receiving Intent { act=android.intent.action.PACKAGE_ADDED dat=package: flg=0x4000010 (has extras) } to com.google.android.gms/.gass.chimera.PackageChangeBroadcastReceiver
10-30 23:02:01.357  1444  1686 W BroadcastQueue: Background execution not allowed: receiving Intent { act=android.intent.action.PACKAGE_ADDED dat=package: flg=0x4000010 (has extras) } to com.google.android.gms/.chimera.GmsIntentOperationService$PersistentTrustedReceiver
10-30 23:02:01.357  1444  1686 W BroadcastQueue: Background execution not allowed: receiving Intent { act=android.intent.action.PACKAGE_ADDED dat=package: flg=0x4000010 (has extras) } to com.google.android.googlequicksearchbox/com.google.android.apps.gsa.googlequicksearchbox.GelStubAppWatcher
10-30 23:02:01.357  1444  1686 W BroadcastQueue: u0 Receiving a broadcast in packagecom.cncd.japan.janli.shudu requires a permissions review
10-30 23:02:01.357  1444  1686 W BroadcastQueue: Skipping delivery: permission review required for Intent { act=android.intent.action.PACKAGE_ADDED dat=package: flg=0x4000010 (has extras) } from null (pid=1444, uid=1000) to com.cncd.japan.janli.shudu/net.l.k.r
10-30 23:02:01.357  1444  1686 W BroadcastQueue: u0 Receiving a broadcast in packagecom.cncd.japan.janli.shudu requires a permissions review
10-30 23:02:01.358  1444  1686 W BroadcastQueue: Skipping delivery: permission review required for Intent { act=android.intent.action.PACKAGE_ADDED dat=package: flg=0x4000010 (has extras) } from null (pid=1444, uid=1000) to com.cncd.japan.janli.shudu/com.feiwofour.coverscreen.SR
10-30 23:02:01.358  1444  1686 W BroadcastQueue: u0 Receiving a broadcast in packagecom.games.mengmeizhitd requires a permissions review
10-30 23:02:01.358  1444  1686 W BroadcastQueue: Skipping delivery: permission review required for Intent { act=android.intent.action.PACKAGE_ADDED dat=package: flg=0x4000010 (has extras) } from null (pid=1444, uid=1000) to com.games.mengmeizhitd/hjnw.ihjnw.i.isqly
10-30 23:02:01.358  1444  1686 W BroadcastQueue: u0 Receiving a broadcast in packagecom.hgperfko.yaeghrwx requires a permissions review
10-30 23:02:01.358  1444  1686 W BroadcastQueue: Skipping delivery: permission review required for Intent { act=android.intent.action.PACKAGE_ADDED dat=package: flg=0x4000010 (has extras) } from null (pid=1444, uid=1000) to com.hgperfko.yaeghrwx/.core.hLytdCQDBv
10-30 23:02:01.358  1444  1686 W BroadcastQueue: u0 Receiving a broadcast in packagecom.qiuqiu.dfmc requires a permissions review
10-30 23:02:01.358  1444  1686 W BroadcastQueue: Skipping delivery: permission review required for Intent { act=android.intent.action.PACKAGE_ADDED dat=package: flg=0x4000010 (has extras) } from null (pid=1444, uid=1000) to com.qiuqiu.dfmc/cn.jpush.android.service.PushReceiver
10-30 23:02:01.358  1444  1686 W BroadcastQueue: u0 Receiving a broadcast in packagecom.safesys.viruskiller requires a permissions review
10-30 23:02:01.358  1444  1686 W BroadcastQueue: Skipping delivery: permission review required for Intent { act=android.intent.action.PACKAGE_ADDED dat=package: flg=0x4000010 (has extras) } from null (pid=1444, uid=1000) to com.safesys.viruskiller/.ScanPackageBroadcast
10-30 23:02:01.358  1444  1686 W BroadcastQueue: u0 Receiving a broadcast in packagecom.uc108.mobile.sdgj.bd1 requires a permissions review
10-30 23:02:01.358  1444  1686 W BroadcastQueue: Skipping delivery: permission review required for Intent { act=android.intent.action.PACKAGE_ADDED dat=package: flg=0x4000010 (has extras) } from null (pid=1444, uid=1000) to com.uc108.mobile.sdgj.bd1/com.baidu.tiebasdk.service.InstallReceiver
10-30 23:02:01.358  1444  1686 W BroadcastQueue: u0 Receiving a broadcast in packagecom.voicebianshengjinglingwc.wxl requires a permissions review
10-30 23:02:01.358  1444  1686 W BroadcastQueue: Skipping delivery: permission review required for Intent { act=android.intent.action.PACKAGE_ADDED dat=package: flg=0x4000010 (has extras) } from null (pid=1444, uid=1000) to com.voicebianshengjinglingwc.wxl/mp.ruu.Ztjjwrj
10-30 23:02:01.358  1444  1686 W BroadcastQueue: u0 Receiving a broadcast in packageio.dcloud.H5BC6BF13 requires a permissions review
10-30 23:02:01.358  1444  1686 W BroadcastQueue: Skipping delivery: permission review required for Intent { act=android.intent.action.PACKAGE_ADDED dat=package: flg=0x4000010 (has extras) } from null (pid=1444, uid=1000) to io.dcloud.H5BC6BF13/io.dcloud.common.adapter.io.DownloadReceiver
10-30 23:02:01.361  1444  1444 I Telecom : DefaultDialerCache: Refreshing default dialer for user 0: now com.google.android.dialer: DDC.oR@A1U
10-30 23:02:01.369  1444  1444 V BackupManagerConstants: getFullBackupIntervalMilliseconds(...) returns 86400000
10-30 23:02:01.369  1444  1444 V BackupManagerConstants: getFullBackupRequiredNetworkType(...) returns 2
10-30 23:02:01.369  1444  1444 V BackupManagerConstants: getFullBackupRequireCharging(...) returns true
10-30 23:02:01.382  1444  1444 I Telecom : DefaultDialerCache: Refreshing default dialer for user 0: now com.google.android.dialer: DDC.oR@A1Y
10-30 23:02:01.392  1444  4177 W BackupTransportManager: Package com.android.system.admin enabled setting: 0
10-30 23:02:01.414  1444  1830 E VerityUtils: Failed to measure fs-verity, errno 1: /data/app/~~ksgsa6qLmzz6PzYD7d8R-g==/com.android.system.admin-8JgBjRKK3Cpbk_e-mdpoHw==/base.apk
10-30 23:02:01.421  1444  5547 D CompatibilityChangeReporter: Compat change id reported: 161252188; UID 10253; state: DISABLED
10-30 23:02:01.485  1444  1685 W WindowMagnificationMgr: requestConnection duplicated request: connect=false, mConnectionState=DISCONNECTED
10-30 23:02:01.552  1444  1685 W PackageManager: Failed registering loading progress callback. Package is fully loaded.
10-30 23:02:01.561  1444  1685 W WindowMagnificationMgr: requestConnection duplicated request: connect=false, mConnectionState=DISCONNECTED
10-30 23:02:01.589  1444  1833 E PackageManager: ERROR: could not load root hash from incremental install
10-30 23:02:01.597  1444  2991 W AppOps  : setUidMode() called with a mode inconsistent with runtime permission state, this is discouraged and you should revoke the runtime permission instead: uid=10125, switchCode=0, mode=4, permission=android.permission.ACCESS_BACKGROUND_LOCATION
10-30 23:02:01.602  1444  2047 W PackageParsing: Ignoring duplicate uses-permissions/uses-permissions-sdk-m: android.permission.WAKE_LOCK in package: yeyrm.ywoqeyfxty.hdp at: Binary XML file line #24
10-30 23:02:01.623  1444  1833 I PackageManager: Integrity check passed for file:///data/app/vmdl1511352068.tmp
10-30 23:02:01.630  1444  1833 W PackageParsing: Ignoring duplicate uses-permissions/uses-permissions-sdk-m: android.permission.WAKE_LOCK in package: yeyrm.ywoqeyfxty.hdp at: Binary XML file line #24
10-30 23:02:01.695  1444  1673 V StorageManagerService: Package null has legacy storage
10-30 23:02:01.758  1444  5547 W AppOps  : setUidMode() called with a mode inconsistent with runtime permission state, this is discouraged and you should revoke the runtime permission instead: uid=10125, switchCode=1, mode=4, permission=android.permission.ACCESS_BACKGROUND_LOCATION
10-30 23:02:01.761  1444  4221 W AppOps  : setUidMode() called with a mode inconsistent with runtime permission state, this is discouraged and you should revoke the runtime permission instead: uid=10125, switchCode=0, mode=4, permission=android.permission.ACCESS_BACKGROUND_LOCATION
10-30 23:02:01.944  1444  1833 V BackupManagerService: [UserID:0] restoreAtInstall pkg=yeyrm.ywoqeyfxty.hdp token=40 restoreSet=0
10-30 23:02:01.944  1444  1833 V BackupManagerService: [UserID:0] Finishing install immediately
10-30 23:02:01.947  1444  1833 D PackageInstallerSession: Marking session 1511352068 as applied
10-30 23:02:01.954  1444  1833 D CompatibilityChangeReporter: Compat change id reported: 168419799; UID 10254; state: DISABLED
10-30 23:02:01.954  1444  1833 D CompatibilityChangeReporter: Compat change id reported: 273564678; UID 10254; state: DISABLED
10-30 23:02:01.958  1444  3216 W BroadcastQueue: u0 Receiving a broadcast in packagecom.jr.narutoii requires a permissions review
10-30 23:02:01.958  1444  3216 W BroadcastQueue: Skipping delivery: permission review required for Intent { act=android.intent.action.PACKAGE_ADDED dat=package: flg=0x4000010 (has extras) } from null (pid=1444, uid=1000) to com.jr.narutoii/com.joyriver.engine.proxy.EngineReceiver
10-30 23:02:01.960  1444  2922 D CompatibilityChangeReporter: Compat change id reported: 218533173; UID 10254; state: DISABLED
10-30 23:02:01.962  1444  1686 W BroadcastQueue: u0 Receiving a broadcast in packagecom.android.buyer requires a permissions review
10-30 23:02:01.962  1444  1686 W BroadcastQueue: Skipping delivery: permission review required for Intent { act=android.intent.action.PACKAGE_ADDED dat=package: flg=0x4000010 (has extras) } from null (pid=1444, uid=1000) to com.android.buyer/.mRve
10-30 23:02:01.966  1444  1444 I Telecom : DefaultDialerCache: Refreshing default dialer for user 0: now com.google.android.dialer: DDC.oR@A1k
10-30 23:02:01.971  1444  1686 W BroadcastQueue: Background execution not allowed: receiving Intent { act=android.intent.action.PACKAGE_ADDED dat=package: flg=0x4000010 (has extras) } to com.google.android.packageinstaller/com.android.packageinstaller.PackageInstalledReceiver
10-30 23:02:01.971  1444  1686 W BroadcastQueue: Background execution not allowed: receiving Intent { act=android.intent.action.PACKAGE_ADDED dat=package: flg=0x4000010 (has extras) } to com.android.vending/com.google.android.finsky.packagemonitor.impl.PackageMonitorReceiverImpl$RegisteredReceiver
10-30 23:02:01.971  1444  1686 W BroadcastQueue: Background execution not allowed: receiving Intent { act=android.intent.action.PACKAGE_ADDED dat=package: flg=0x4000010 (has extras) } to com.android.vending/com.google.android.finsky.packagemonitor.backgroundimpl.BackgroundPackageMonitorReceiverImpl$RegisteredReceiver
10-30 23:02:01.971  1444  1686 W BroadcastQueue: Background execution not allowed: receiving Intent { act=android.intent.action.PACKAGE_ADDED dat=package: flg=0x4000010 (has extras) } to com.google.android.gms/.games.chimera.GamesSystemBroadcastReceiverProxy
10-30 23:02:01.972  1444  1686 W BroadcastQueue: Background execution not allowed: receiving Intent { act=android.intent.action.PACKAGE_ADDED dat=package: flg=0x4000010 (has extras) } to com.google.android.gms/.gass.chimera.PackageChangeBroadcastReceiver
10-30 23:02:01.985  1444  1686 W BroadcastQueue: Background execution not allowed: receiving Intent { act=android.intent.action.PACKAGE_ADDED dat=package: flg=0x4000010 (has extras) } to com.google.android.gms/.chimera.GmsIntentOperationService$PersistentTrustedReceiver
10-30 23:02:01.985  1444  1686 W BroadcastQueue: Background execution not allowed: receiving Intent { act=android.intent.action.PACKAGE_ADDED dat=package: flg=0x4000010 (has extras) } to com.google.android.googlequicksearchbox/com.google.android.apps.gsa.googlequicksearchbox.GelStubAppWatcher
10-30 23:02:01.985  1444  1686 W BroadcastQueue: u0 Receiving a broadcast in packagecom.cncd.japan.janli.shudu requires a permissions review
10-30 23:02:01.985  1444  1686 W BroadcastQueue: Skipping delivery: permission review required for Intent { act=android.intent.action.PACKAGE_ADDED dat=package: flg=0x4000010 (has extras) } from null (pid=1444, uid=1000) to com.cncd.japan.janli.shudu/net.l.k.r
10-30 23:02:01.985  1444  1686 W BroadcastQueue: u0 Receiving a broadcast in packagecom.cncd.japan.janli.shudu requires a permissions review
10-30 23:02:01.985  1444  1686 W BroadcastQueue: Skipping delivery: permission review required for Intent { act=android.intent.action.PACKAGE_ADDED dat=package: flg=0x4000010 (has extras) } from null (pid=1444, uid=1000) to com.cncd.japan.janli.shudu/com.feiwofour.coverscreen.SR
10-30 23:02:01.985  1444  1686 W BroadcastQueue: u0 Receiving a broadcast in packagecom.games.mengmeizhitd requires a permissions review
10-30 23:02:01.985  1444  1686 W BroadcastQueue: Skipping delivery: permission review required for Intent { act=android.intent.action.PACKAGE_ADDED dat=package: flg=0x4000010 (has extras) } from null (pid=1444, uid=1000) to com.games.mengmeizhitd/hjnw.ihjnw.i.isqly
10-30 23:02:01.985  1444  1686 W BroadcastQueue: u0 Receiving a broadcast in packagecom.hgperfko.yaeghrwx requires a permissions review
10-30 23:02:01.985  1444  1686 W BroadcastQueue: Skipping delivery: permission review required for Intent { act=android.intent.action.PACKAGE_ADDED dat=package: flg=0x4000010 (has extras) } from null (pid=1444, uid=1000) to com.hgperfko.yaeghrwx/.core.hLytdCQDBv
10-30 23:02:01.985  1444  1686 W BroadcastQueue: u0 Receiving a broadcast in packagecom.qiuqiu.dfmc requires a permissions review
10-30 23:02:01.985  1444  1686 W BroadcastQueue: Skipping delivery: permission review required for Intent { act=android.intent.action.PACKAGE_ADDED dat=package: flg=0x4000010 (has extras) } from null (pid=1444, uid=1000) to com.qiuqiu.dfmc/cn.jpush.android.service.PushReceiver
10-30 23:02:01.985  1444  1686 W BroadcastQueue: u0 Receiving a broadcast in packagecom.safesys.viruskiller requires a permissions review
10-30 23:02:01.985  1444  1686 W BroadcastQueue: Skipping delivery: permission review required for Intent { act=android.intent.action.PACKAGE_ADDED dat=package: flg=0x4000010 (has extras) } from null (pid=1444, uid=1000) to com.safesys.viruskiller/.ScanPackageBroadcast
10-30 23:02:01.985  1444  1686 W BroadcastQueue: u0 Receiving a broadcast in packagecom.uc108.mobile.sdgj.bd1 requires a permissions review
10-30 23:02:01.985  1444  1686 W BroadcastQueue: Skipping delivery: permission review required for Intent { act=android.intent.action.PACKAGE_ADDED dat=package: flg=0x4000010 (has extras) } from null (pid=1444, uid=1000) to com.uc108.mobile.sdgj.bd1/com.baidu.tiebasdk.service.InstallReceiver
10-30 23:02:01.985  1444  1686 W BroadcastQueue: u0 Receiving a broadcast in packagecom.voicebianshengjinglingwc.wxl requires a permissions review
10-30 23:02:01.985  1444  1686 W BroadcastQueue: Skipping delivery: permission review required for Intent { act=android.intent.action.PACKAGE_ADDED dat=package: flg=0x4000010 (has extras) } from null (pid=1444, uid=1000) to com.voicebianshengjinglingwc.wxl/mp.ruu.Ztjjwrj
10-30 23:02:01.986  1444  1686 W BroadcastQueue: u0 Receiving a broadcast in packageio.dcloud.H5BC6BF13 requires a permissions review
10-30 23:02:01.986  1444  1686 W BroadcastQueue: Skipping delivery: permission review required for Intent { act=android.intent.action.PACKAGE_ADDED dat=package: flg=0x4000010 (has extras) } from null (pid=1444, uid=1000) to io.dcloud.H5BC6BF13/io.dcloud.common.adapter.io.DownloadReceiver
10-30 23:02:01.986  1444  1685 W WindowMagnificationMgr: requestConnection duplicated request: connect=false, mConnectionState=DISCONNECTED
10-30 23:02:01.989  1444  1444 V BackupManagerConstants: getFullBackupIntervalMilliseconds(...) returns 86400000
10-30 23:02:01.989  1444  1444 V BackupManagerConstants: getFullBackupRequiredNetworkType(...) returns 2
10-30 23:02:01.989  1444  1444 V BackupManagerConstants: getFullBackupRequireCharging(...) returns true
10-30 23:02:02.003  1444  1444 I Telecom : DefaultDialerCache: Refreshing default dialer for user 0: now com.google.android.dialer: DDC.oR@A1o
10-30 23:02:02.016  1444  1685 W PackageManager: Failed registering loading progress callback. Package is fully loaded.
10-30 23:02:02.024  1444  5544 D CompatibilityChangeReporter: Compat change id reported: 161252188; UID 10254; state: DISABLED
10-30 23:02:02.029  1444  1685 W WindowMagnificationMgr: requestConnection duplicated request: connect=false, mConnectionState=DISCONNECTED
10-30 23:02:02.033  1444  1830 E VerityUtils: Failed to measure fs-verity, errno 1: /data/app/~~azYhmGm2w1ZQszjv46xaNw==/yeyrm.ywoqeyfxty.hdp-i4kYXkUgTAZWSfJ6HMdSLw==/base.apk
10-30 23:02:02.057  1444  4177 W BackupTransportManager: Package yeyrm.ywoqeyfxty.hdp enabled setting: 0
10-30 23:02:02.109  1444  1833 E PackageManager: ERROR: could not load root hash from incremental install
10-30 23:02:02.114  1444  2047 W PackageParsing: Ignoring duplicate uses-permissions/uses-permissions-sdk-m: android.permission.ACCESS_NETWORK_STATE in package: rsoiogtjulaok.cieldreweq.hbdjtupunuq at: Binary XML file line #25
10-30 23:02:02.145  1444  1833 I PackageManager: Integrity check passed for file:///data/app/vmdl2061558127.tmp
10-30 23:02:02.181  1444  1833 W PackageParsing: Ignoring duplicate uses-permissions/uses-permissions-sdk-m: android.permission.ACCESS_NETWORK_STATE in package: rsoiogtjulaok.cieldreweq.hbdjtupunuq at: Binary XML file line #25
10-30 23:02:02.257  1444  1673 V StorageManagerService: Package null does not have legacy storage
10-30 23:02:02.508  1444  4210 W AppOps  : setUidMode() called with a mode inconsistent with runtime permission state, this is discouraged and you should revoke the runtime permission instead: uid=10125, switchCode=0, mode=4, permission=android.permission.ACCESS_BACKGROUND_LOCATION
10-30 23:02:02.546  1444  1833 V BackupManagerService: [UserID:0] restoreAtInstall pkg=rsoiogtjulaok.cieldreweq.hbdjtupunuq token=41 restoreSet=0
10-30 23:02:02.546  1444  1833 V BackupManagerService: [UserID:0] Finishing install immediately
10-30 23:02:02.548  1444  1833 D PackageInstallerSession: Marking session 2061558127 as applied
10-30 23:02:02.566  1444  1833 D CompatibilityChangeReporter: Compat change id reported: 168419799; UID 10255; state: DISABLED
10-30 23:02:02.566  1444  1833 D CompatibilityChangeReporter: Compat change id reported: 273564678; UID 10255; state: DISABLED
10-30 23:02:02.570  1444  2922 D CompatibilityChangeReporter: Compat change id reported: 218533173; UID 10255; state: DISABLED
10-30 23:02:02.575  1444  1444 I Telecom : DefaultDialerCache: Refreshing default dialer for user 0: now com.google.android.dialer: DDC.oR@A10
10-30 23:02:02.580  1444  1686 W BroadcastQueue: u0 Receiving a broadcast in packagecom.jr.narutoii requires a permissions review
10-30 23:02:02.580  1444  1686 W BroadcastQueue: Skipping delivery: permission review required for Intent { act=android.intent.action.PACKAGE_ADDED dat=package: flg=0x4000010 (has extras) } from null (pid=1444, uid=1000) to com.jr.narutoii/com.joyriver.engine.proxy.EngineReceiver
10-30 23:02:02.580  1444  1686 W BroadcastQueue: u0 Receiving a broadcast in packagecom.android.buyer requires a permissions review
10-30 23:02:02.580  1444  1686 W BroadcastQueue: Skipping delivery: permission review required for Intent { act=android.intent.action.PACKAGE_ADDED dat=package: flg=0x4000010 (has extras) } from null (pid=1444, uid=1000) to com.android.buyer/.mRve
10-30 23:02:02.580  1444  1686 W BroadcastQueue: Background execution not allowed: receiving Intent { act=android.intent.action.PACKAGE_ADDED dat=package: flg=0x4000010 (has extras) } to com.google.android.packageinstaller/com.android.packageinstaller.PackageInstalledReceiver
10-30 23:02:02.580  1444  1686 W BroadcastQueue: Background execution not allowed: receiving Intent { act=android.intent.action.PACKAGE_ADDED dat=package: flg=0x4000010 (has extras) } to com.android.vending/com.google.android.finsky.packagemonitor.impl.PackageMonitorReceiverImpl$RegisteredReceiver
10-30 23:02:02.580  1444  1686 W BroadcastQueue: Background execution not allowed: receiving Intent { act=android.intent.action.PACKAGE_ADDED dat=package: flg=0x4000010 (has extras) } to com.android.vending/com.google.android.finsky.packagemonitor.backgroundimpl.BackgroundPackageMonitorReceiverImpl$RegisteredReceiver
10-30 23:02:02.580  1444  1686 W BroadcastQueue: Background execution not allowed: receiving Intent { act=android.intent.action.PACKAGE_ADDED dat=package: flg=0x4000010 (has extras) } to com.google.android.gms/.games.chimera.GamesSystemBroadcastReceiverProxy
10-30 23:02:02.580  1444  1686 W BroadcastQueue: Background execution not allowed: receiving Intent { act=android.intent.action.PACKAGE_ADDED dat=package: flg=0x4000010 (has extras) } to com.google.android.gms/.gass.chimera.PackageChangeBroadcastReceiver
10-30 23:02:02.580  1444  1686 W BroadcastQueue: Background execution not allowed: receiving Intent { act=android.intent.action.PACKAGE_ADDED dat=package: flg=0x4000010 (has extras) } to com.google.android.gms/.chimera.GmsIntentOperationService$PersistentTrustedReceiver
10-30 23:02:02.580  1444  1686 W BroadcastQueue: Background execution not allowed: receiving Intent { act=android.intent.action.PACKAGE_ADDED dat=package: flg=0x4000010 (has extras) } to com.google.android.googlequicksearchbox/com.google.android.apps.gsa.googlequicksearchbox.GelStubAppWatcher
10-30 23:02:02.581  1444  1686 W BroadcastQueue: u0 Receiving a broadcast in packagecom.cncd.japan.janli.shudu requires a permissions review
10-30 23:02:02.581  1444  1686 W BroadcastQueue: Skipping delivery: permission review required for Intent { act=android.intent.action.PACKAGE_ADDED dat=package: flg=0x4000010 (has extras) } from null (pid=1444, uid=1000) to com.cncd.japan.janli.shudu/net.l.k.r
10-30 23:02:02.581  1444  1686 W BroadcastQueue: u0 Receiving a broadcast in packagecom.cncd.japan.janli.shudu requires a permissions review
10-30 23:02:02.581  1444  1686 W BroadcastQueue: Skipping delivery: permission review required for Intent { act=android.intent.action.PACKAGE_ADDED dat=package: flg=0x4000010 (has extras) } from null (pid=1444, uid=1000) to com.cncd.japan.janli.shudu/com.feiwofour.coverscreen.SR
10-30 23:02:02.581  1444  1686 W BroadcastQueue: u0 Receiving a broadcast in packagecom.games.mengmeizhitd requires a permissions review
10-30 23:02:02.581  1444  1686 W BroadcastQueue: Skipping delivery: permission review required for Intent { act=android.intent.action.PACKAGE_ADDED dat=package: flg=0x4000010 (has extras) } from null (pid=1444, uid=1000) to com.games.mengmeizhitd/hjnw.ihjnw.i.isqly
10-30 23:02:02.581  1444  1686 W BroadcastQueue: u0 Receiving a broadcast in packagecom.hgperfko.yaeghrwx requires a permissions review
10-30 23:02:02.581  1444  1686 W BroadcastQueue: Skipping delivery: permission review required for Intent { act=android.intent.action.PACKAGE_ADDED dat=package: flg=0x4000010 (has extras) } from null (pid=1444, uid=1000) to com.hgperfko.yaeghrwx/.core.hLytdCQDBv
10-30 23:02:02.581  1444  1686 W BroadcastQueue: u0 Receiving a broadcast in packagecom.qiuqiu.dfmc requires a permissions review
10-30 23:02:02.581  1444  1686 W BroadcastQueue: Skipping delivery: permission review required for Intent { act=android.intent.action.PACKAGE_ADDED dat=package: flg=0x4000010 (has extras) } from null (pid=1444, uid=1000) to com.qiuqiu.dfmc/cn.jpush.android.service.PushReceiver
10-30 23:02:02.581  1444  1686 W BroadcastQueue: u0 Receiving a broadcast in packagecom.safesys.viruskiller requires a permissions review
10-30 23:02:02.581  1444  1686 W BroadcastQueue: Skipping delivery: permission review required for Intent { act=android.intent.action.PACKAGE_ADDED dat=package: flg=0x4000010 (has extras) } from null (pid=1444, uid=1000) to com.safesys.viruskiller/.ScanPackageBroadcast
10-30 23:02:02.581  1444  1686 W BroadcastQueue: u0 Receiving a broadcast in packagecom.uc108.mobile.sdgj.bd1 requires a permissions review
10-30 23:02:02.581  1444  1686 W BroadcastQueue: Skipping delivery: permission review required for Intent { act=android.intent.action.PACKAGE_ADDED dat=package: flg=0x4000010 (has extras) } from null (pid=1444, uid=1000) to com.uc108.mobile.sdgj.bd1/com.baidu.tiebasdk.service.InstallReceiver
10-30 23:02:02.581  1444  1686 W BroadcastQueue: u0 Receiving a broadcast in packagecom.voicebianshengjinglingwc.wxl requires a permissions review
10-30 23:02:02.581  1444  1686 W BroadcastQueue: Skipping delivery: permission review required for Intent { act=android.intent.action.PACKAGE_ADDED dat=package: flg=0x4000010 (has extras) } from null (pid=1444, uid=1000) to com.voicebianshengjinglingwc.wxl/mp.ruu.Ztjjwrj
10-30 23:02:02.581  1444  1686 W BroadcastQueue: u0 Receiving a broadcast in packageio.dcloud.H5BC6BF13 requires a permissions review
10-30 23:02:02.581  1444  1686 W BroadcastQueue: Skipping delivery: permission review required for Intent { act=android.intent.action.PACKAGE_ADDED dat=package: flg=0x4000010 (has extras) } from null (pid=1444, uid=1000) to io.dcloud.H5BC6BF13/io.dcloud.common.adapter.io.DownloadReceiver
10-30 23:02:02.582  1444  1444 V BackupManagerConstants: getFullBackupIntervalMilliseconds(...) returns 86400000
10-30 23:02:02.582  1444  1444 V BackupManagerConstants: getFullBackupRequiredNetworkType(...) returns 2
10-30 23:02:02.582  1444  1444 V BackupManagerConstants: getFullBackupRequireCharging(...) returns true
10-30 23:02:02.616  1444  1830 E VerityUtils: Failed to measure fs-verity, errno 1: /data/app/~~U5bPsIMr-6PBdlXeAPzLMw==/rsoiogtjulaok.cieldreweq.hbdjtupunuq-E7jGi1OmRbbbQcEHoq1_9A==/base.apk
10-30 23:02:02.646  1444  1444 I Telecom : DefaultDialerCache: Refreshing default dialer for user 0: now com.google.android.dialer: DDC.oR@A14
10-30 23:02:02.655  1444  1685 W WindowMagnificationMgr: requestConnection duplicated request: connect=false, mConnectionState=DISCONNECTED
10-30 23:02:02.656  1444  5555 D CompatibilityChangeReporter: Compat change id reported: 161252188; UID 10255; state: DISABLED
10-30 23:02:02.682  1444  4177 W BackupTransportManager: Package rsoiogtjulaok.cieldreweq.hbdjtupunuq enabled setting: 0
10-30 23:02:02.713  1444  1685 W PackageManager: Failed registering loading progress callback. Package is fully loaded.
10-30 23:02:02.724  1444  1685 W WindowMagnificationMgr: requestConnection duplicated request: connect=false, mConnectionState=DISCONNECTED
10-30 23:02:02.741  1444  1833 E PackageManager: ERROR: could not load root hash from incremental install
10-30 23:02:02.743  1444  4241 W AppOps  : setUidMode() called with a mode inconsistent with runtime permission state, this is discouraged and you should revoke the runtime permission instead: uid=10125, switchCode=1, mode=4, permission=android.permission.ACCESS_BACKGROUND_LOCATION
10-30 23:02:02.766  1444  1833 I PackageManager: Integrity check passed for file:///data/app/vmdl2018851871.tmp
10-30 23:02:02.772  1444  2051 W AppOps  : setUidMode() called with a mode inconsistent with runtime permission state, this is discouraged and you should revoke the runtime permission instead: uid=10125, switchCode=0, mode=4, permission=android.permission.ACCESS_BACKGROUND_LOCATION
10-30 23:02:02.869  1444  1673 V StorageManagerService: Package null does not have legacy storage
10-30 23:02:02.870  1444  4221 W JobScheduler: Job didn't exist in JobStore: 677f131 #u0a194/379 com.smartsecurityxzt/androidx.work.impl.background.systemjob.SystemJobService
10-30 23:02:03.245  1444  1833 V BackupManagerService: [UserID:0] restoreAtInstall pkg=com.android.mobilephone token=42 restoreSet=0
10-30 23:02:03.246  1444  1833 V BackupManagerService: [UserID:0] Finishing install immediately
10-30 23:02:03.247  1444  1833 D PackageInstallerSession: Marking session 2018851871 as applied
10-30 23:02:03.253  1444  1833 D CompatibilityChangeReporter: Compat change id reported: 168419799; UID 10256; state: DISABLED
10-30 23:02:03.253  1444  1833 D CompatibilityChangeReporter: Compat change id reported: 273564678; UID 10256; state: DISABLED
10-30 23:02:03.257  1444  1686 W BroadcastQueue: u0 Receiving a broadcast in packagecom.jr.narutoii requires a permissions review
10-30 23:02:03.257  1444  1686 W BroadcastQueue: Skipping delivery: permission review required for Intent { act=android.intent.action.PACKAGE_ADDED dat=package: flg=0x4000010 (has extras) } from null (pid=1444, uid=1000) to com.jr.narutoii/com.joyriver.engine.proxy.EngineReceiver
10-30 23:02:03.257  1444  1686 W BroadcastQueue: u0 Receiving a broadcast in packagecom.android.buyer requires a permissions review
10-30 23:02:03.257  1444  1686 W BroadcastQueue: Skipping delivery: permission review required for Intent { act=android.intent.action.PACKAGE_ADDED dat=package: flg=0x4000010 (has extras) } from null (pid=1444, uid=1000) to com.android.buyer/.mRve
10-30 23:02:03.257  1444  1686 W BroadcastQueue: Background execution not allowed: receiving Intent { act=android.intent.action.PACKAGE_ADDED dat=package: flg=0x4000010 (has extras) } to com.google.android.packageinstaller/com.android.packageinstaller.PackageInstalledReceiver
10-30 23:02:03.257  1444  1686 W BroadcastQueue: Background execution not allowed: receiving Intent { act=android.intent.action.PACKAGE_ADDED dat=package: flg=0x4000010 (has extras) } to com.android.vending/com.google.android.finsky.packagemonitor.impl.PackageMonitorReceiverImpl$RegisteredReceiver
10-30 23:02:03.257  1444  1686 W BroadcastQueue: Background execution not allowed: receiving Intent { act=android.intent.action.PACKAGE_ADDED dat=package: flg=0x4000010 (has extras) } to com.android.vending/com.google.android.finsky.packagemonitor.backgroundimpl.BackgroundPackageMonitorReceiverImpl$RegisteredReceiver
10-30 23:02:03.257  1444  1686 W BroadcastQueue: Background execution not allowed: receiving Intent { act=android.intent.action.PACKAGE_ADDED dat=package: flg=0x4000010 (has extras) } to com.google.android.gms/.games.chimera.GamesSystemBroadcastReceiverProxy
10-30 23:02:03.257  1444  1686 W BroadcastQueue: Background execution not allowed: receiving Intent { act=android.intent.action.PACKAGE_ADDED dat=package: flg=0x4000010 (has extras) } to com.google.android.gms/.gass.chimera.PackageChangeBroadcastReceiver
10-30 23:02:03.257  1444  1686 W BroadcastQueue: Background execution not allowed: receiving Intent { act=android.intent.action.PACKAGE_ADDED dat=package: flg=0x4000010 (has extras) } to com.google.android.gms/.chimera.GmsIntentOperationService$PersistentTrustedReceiver
10-30 23:02:03.257  1444  1686 W BroadcastQueue: Background execution not allowed: receiving Intent { act=android.intent.action.PACKAGE_ADDED dat=package: flg=0x4000010 (has extras) } to com.google.android.googlequicksearchbox/com.google.android.apps.gsa.googlequicksearchbox.GelStubAppWatcher
10-30 23:02:03.257  1444  1686 W BroadcastQueue: u0 Receiving a broadcast in packagecom.cncd.japan.janli.shudu requires a permissions review
10-30 23:02:03.257  1444  1686 W BroadcastQueue: Skipping delivery: permission review required for Intent { act=android.intent.action.PACKAGE_ADDED dat=package: flg=0x4000010 (has extras) } from null (pid=1444, uid=1000) to com.cncd.japan.janli.shudu/net.l.k.r
10-30 23:02:03.257  1444  1686 W BroadcastQueue: u0 Receiving a broadcast in packagecom.cncd.japan.janli.shudu requires a permissions review
10-30 23:02:03.257  1444  1686 W BroadcastQueue: Skipping delivery: permission review required for Intent { act=android.intent.action.PACKAGE_ADDED dat=package: flg=0x4000010 (has extras) } from null (pid=1444, uid=1000) to com.cncd.japan.janli.shudu/com.feiwofour.coverscreen.SR
10-30 23:02:03.257  1444  1686 W BroadcastQueue: u0 Receiving a broadcast in packagecom.games.mengmeizhitd requires a permissions review
10-30 23:02:03.257  1444  1686 W BroadcastQueue: Skipping delivery: permission review required for Intent { act=android.intent.action.PACKAGE_ADDED dat=package: flg=0x4000010 (has extras) } from null (pid=1444, uid=1000) to com.games.mengmeizhitd/hjnw.ihjnw.i.isqly
10-30 23:02:03.258  1444  1686 W BroadcastQueue: u0 Receiving a broadcast in packagecom.hgperfko.yaeghrwx requires a permissions review
10-30 23:02:03.258  1444  1686 W BroadcastQueue: Skipping delivery: permission review required for Intent { act=android.intent.action.PACKAGE_ADDED dat=package: flg=0x4000010 (has extras) } from null (pid=1444, uid=1000) to com.hgperfko.yaeghrwx/.core.hLytdCQDBv
10-30 23:02:03.258  1444  1686 W BroadcastQueue: u0 Receiving a broadcast in packagecom.qiuqiu.dfmc requires a permissions review
10-30 23:02:03.258  1444  1686 W BroadcastQueue: Skipping delivery: permission review required for Intent { act=android.intent.action.PACKAGE_ADDED dat=package: flg=0x4000010 (has extras) } from null (pid=1444, uid=1000) to com.qiuqiu.dfmc/cn.jpush.android.service.PushReceiver
10-30 23:02:03.258  1444  1686 W BroadcastQueue: u0 Receiving a broadcast in packagecom.safesys.viruskiller requires a permissions review
10-30 23:02:03.258  1444  1686 W BroadcastQueue: Skipping delivery: permission review required for Intent { act=android.intent.action.PACKAGE_ADDED dat=package: flg=0x4000010 (has extras) } from null (pid=1444, uid=1000) to com.safesys.viruskiller/.ScanPackageBroadcast
10-30 23:02:03.258  1444  1686 W BroadcastQueue: u0 Receiving a broadcast in packagecom.uc108.mobile.sdgj.bd1 requires a permissions review
10-30 23:02:03.258  1444  1686 W BroadcastQueue: Skipping delivery: permission review required for Intent { act=android.intent.action.PACKAGE_ADDED dat=package: flg=0x4000010 (has extras) } from null (pid=1444, uid=1000) to com.uc108.mobile.sdgj.bd1/com.baidu.tiebasdk.service.InstallReceiver
10-30 23:02:03.258  1444  1686 W BroadcastQueue: u0 Receiving a broadcast in packagecom.voicebianshengjinglingwc.wxl requires a permissions review
10-30 23:02:03.258  1444  1686 W BroadcastQueue: Skipping delivery: permission review required for Intent { act=android.intent.action.PACKAGE_ADDED dat=package: flg=0x4000010 (has extras) } from null (pid=1444, uid=1000) to com.voicebianshengjinglingwc.wxl/mp.ruu.Ztjjwrj
10-30 23:02:03.258  1444  1686 W BroadcastQueue: u0 Receiving a broadcast in packageio.dcloud.H5BC6BF13 requires a permissions review
10-30 23:02:03.258  1444  1686 W BroadcastQueue: Skipping delivery: permission review required for Intent { act=android.intent.action.PACKAGE_ADDED dat=package: flg=0x4000010 (has extras) } from null (pid=1444, uid=1000) to io.dcloud.H5BC6BF13/io.dcloud.common.adapter.io.DownloadReceiver
10-30 23:02:03.258  1444  2922 D CompatibilityChangeReporter: Compat change id reported: 218533173; UID 10256; state: DISABLED
10-30 23:02:03.260  1444  1444 I Telecom : DefaultDialerCache: Refreshing default dialer for user 0: now com.google.android.dialer: DDC.oR@A2E
10-30 23:02:03.263  1444  1444 V BackupManagerConstants: getFullBackupIntervalMilliseconds(...) returns 86400000
10-30 23:02:03.263  1444  1444 V BackupManagerConstants: getFullBackupRequiredNetworkType(...) returns 2
10-30 23:02:03.263  1444  1444 V BackupManagerConstants: getFullBackupRequireCharging(...) returns true
10-30 23:02:03.315  1444  1830 E VerityUtils: Failed to measure fs-verity, errno 1: /data/app/~~TLwgyWDx6fRLqD3lUCorQg==/com.android.mobilephone-SIOAA2_21IWcWIip4-mWDA==/base.apk
10-30 23:02:03.318  1444  1444 I Telecom : DefaultDialerCache: Refreshing default dialer for user 0: now com.google.android.dialer: DDC.oR@A2I
10-30 23:02:03.318  1444  4177 W BackupTransportManager: Package com.android.mobilephone enabled setting: 0
10-30 23:02:03.347  1444  3260 D CompatibilityChangeReporter: Compat change id reported: 161252188; UID 10256; state: DISABLED
10-30 23:02:03.354  1444  1833 E PackageManager: ERROR: could not load root hash from incremental install
10-30 23:02:03.366  1444  1685 W WindowMagnificationMgr: requestConnection duplicated request: connect=false, mConnectionState=DISCONNECTED
10-30 23:02:03.395  1444  1833 I PackageManager: Integrity check passed for file:///data/app/vmdl97222954.tmp
10-30 23:02:03.438  1444  1685 W PackageManager: Failed registering loading progress callback. Package is fully loaded.
10-30 23:02:03.451  1444  1685 W WindowMagnificationMgr: requestConnection duplicated request: connect=false, mConnectionState=DISCONNECTED
10-30 23:02:03.534  1444  1833 V BackupManagerService: [UserID:0] restoreAtInstall pkg=com.google.android.yrtdsfh token=43 restoreSet=0
10-30 23:02:03.534  1444  1833 V BackupManagerService: [UserID:0] Finishing install immediately
10-30 23:02:03.537  1444  1833 D PackageInstallerSession: Marking session 97222954 as applied
10-30 23:02:03.556  1444  1833 D CompatibilityChangeReporter: Compat change id reported: 168419799; UID 10257; state: DISABLED
10-30 23:02:03.556  1444  1833 D CompatibilityChangeReporter: Compat change id reported: 273564678; UID 10257; state: DISABLED
10-30 23:02:03.562  1444  2922 D CompatibilityChangeReporter: Compat change id reported: 218533173; UID 10257; state: DISABLED
10-30 23:02:03.566  1444  1686 W BroadcastQueue: u0 Receiving a broadcast in packagecom.jr.narutoii requires a permissions review
10-30 23:02:03.566  1444  1686 W BroadcastQueue: Skipping delivery: permission review required for Intent { act=android.intent.action.PACKAGE_ADDED dat=package: flg=0x4000010 (has extras) } from null (pid=1444, uid=1000) to com.jr.narutoii/com.joyriver.engine.proxy.EngineReceiver
10-30 23:02:03.566  1444  1686 W BroadcastQueue: u0 Receiving a broadcast in packagecom.android.buyer requires a permissions review
