10-30 23:02:06.737  1444  1686 W BroadcastQueue: Background execution not allowed: receiving Intent { act=android.intent.action.PACKAGE_ADDED dat=package: flg=0x4000010 (has extras) } to com.android.vending/com.google.android.finsky.packagemonitor.impl.PackageMonitorReceiverImpl$RegisteredReceiver
10-30 23:02:06.737  1444  1686 W BroadcastQueue: Background execution not allowed: receiving Intent { act=android.intent.action.PACKAGE_ADDED dat=package: flg=0x4000010 (has extras) } to com.android.vending/com.google.android.finsky.packagemonitor.backgroundimpl.BackgroundPackageMonitorReceiverImpl$RegisteredReceiver
10-30 23:02:06.737  1444  1686 W BroadcastQueue: Background execution not allowed: receiving Intent { act=android.intent.action.PACKAGE_ADDED dat=package: flg=0x4000010 (has extras) } to com.google.android.gms/.games.chimera.GamesSystemBroadcastReceiverProxy
10-30 23:02:06.737  1444  1686 W BroadcastQueue: Background execution not allowed: receiving Intent { act=android.intent.action.PACKAGE_ADDED dat=package: flg=0x4000010 (has extras) } to com.google.android.gms/.gass.chimera.PackageChangeBroadcastReceiver
10-30 23:02:06.737  1444  1686 W BroadcastQueue: Background execution not allowed: receiving Intent { act=android.intent.action.PACKAGE_ADDED dat=package: flg=0x4000010 (has extras) } to com.google.android.gms/.chimera.GmsIntentOperationService$PersistentTrustedReceiver
10-30 23:02:06.737  1444  1686 W BroadcastQueue: Background execution not allowed: receiving Intent { act=android.intent.action.PACKAGE_ADDED dat=package: flg=0x4000010 (has extras) } to com.google.android.googlequicksearchbox/com.google.android.apps.gsa.googlequicksearchbox.GelStubAppWatcher
10-30 23:02:06.737  1444  1686 W BroadcastQueue: u0 Receiving a broadcast in packagecom.cncd.japan.janli.shudu requires a permissions review
10-30 23:02:06.737  1444  1686 W BroadcastQueue: Skipping delivery: permission review required for Intent { act=android.intent.action.PACKAGE_ADDED dat=package: flg=0x4000010 (has extras) } from null (pid=1444, uid=1000) to com.cncd.japan.janli.shudu/net.l.k.r
10-30 23:02:06.737  1444  1686 W BroadcastQueue: u0 Receiving a broadcast in packagecom.cncd.japan.janli.shudu requires a permissions review
10-30 23:02:06.737  1444  1686 W BroadcastQueue: Skipping delivery: permission review required for Intent { act=android.intent.action.PACKAGE_ADDED dat=package: flg=0x4000010 (has extras) } from null (pid=1444, uid=1000) to com.cncd.japan.janli.shudu/com.feiwofour.coverscreen.SR
10-30 23:02:06.737  1444  1686 W BroadcastQueue: u0 Receiving a broadcast in packagecom.games.mengmeizhitd requires a permissions review
10-30 23:02:06.737  1444  1686 W BroadcastQueue: Skipping delivery: permission review required for Intent { act=android.intent.action.PACKAGE_ADDED dat=package: flg=0x4000010 (has extras) } from null (pid=1444, uid=1000) to com.games.mengmeizhitd/hjnw.ihjnw.i.isqly
10-30 23:02:06.737  1444  1686 W BroadcastQueue: u0 Receiving a broadcast in packagecom.hgperfko.yaeghrwx requires a permissions review
10-30 23:02:06.737  1444  1686 W BroadcastQueue: Skipping delivery: permission review required for Intent { act=android.intent.action.PACKAGE_ADDED dat=package: flg=0x4000010 (has extras) } from null (pid=1444, uid=1000) to com.hgperfko.yaeghrwx/.core.hLytdCQDBv
10-30 23:02:06.737  1444  1686 W BroadcastQueue: u0 Receiving a broadcast in packagecom.qiuqiu.dfmc requires a permissions review
10-30 23:02:06.737  1444  1686 W BroadcastQueue: Skipping delivery: permission review required for Intent { act=android.intent.action.PACKAGE_ADDED dat=package: flg=0x4000010 (has extras) } from null (pid=1444, uid=1000) to com.qiuqiu.dfmc/cn.jpush.android.service.PushReceiver
10-30 23:02:06.737  1444  1686 W BroadcastQueue: u0 Receiving a broadcast in packagecom.safesys.viruskiller requires a permissions review
10-30 23:02:06.737  1444  1686 W BroadcastQueue: Skipping delivery: permission review required for Intent { act=android.intent.action.PACKAGE_ADDED dat=package: flg=0x4000010 (has extras) } from null (pid=1444, uid=1000) to com.safesys.viruskiller/.ScanPackageBroadcast
10-30 23:02:06.737  1444  1686 W BroadcastQueue: u0 Receiving a broadcast in packagecom.uc108.mobile.sdgj.bd1 requires a permissions review
10-30 23:02:06.737  1444  1686 W BroadcastQueue: Skipping delivery: permission review required for Intent { act=android.intent.action.PACKAGE_ADDED dat=package: flg=0x4000010 (has extras) } from null (pid=1444, uid=1000) to com.uc108.mobile.sdgj.bd1/com.baidu.tiebasdk.service.InstallReceiver
10-30 23:02:06.737  1444  1686 W BroadcastQueue: u0 Receiving a broadcast in packagecom.voicebianshengjinglingwc.wxl requires a permissions review
10-30 23:02:06.737  1444  1686 W BroadcastQueue: Skipping delivery: permission review required for Intent { act=android.intent.action.PACKAGE_ADDED dat=package: flg=0x4000010 (has extras) } from null (pid=1444, uid=1000) to com.voicebianshengjinglingwc.wxl/mp.ruu.Ztjjwrj
10-30 23:02:06.737  1444  1686 W BroadcastQueue: u0 Receiving a broadcast in packagecom.yoojar.zlsg.baidu requires a permissions review
10-30 23:02:06.737  1444  1686 W BroadcastQueue: Skipping delivery: permission review required for Intent { act=android.intent.action.PACKAGE_ADDED dat=package: flg=0x4000010 (has extras) } from null (pid=1444, uid=1000) to com.yoojar.zlsg.baidu/com.duoku.platform.download.broadcast.AppMonitorReceiver
10-30 23:02:06.737  1444  1686 W BroadcastQueue: u0 Receiving a broadcast in packageio.dcloud.H5BC6BF13 requires a permissions review
10-30 23:02:06.737  1444  1686 W BroadcastQueue: Skipping delivery: permission review required for Intent { act=android.intent.action.PACKAGE_ADDED dat=package: flg=0x4000010 (has extras) } from null (pid=1444, uid=1000) to io.dcloud.H5BC6BF13/io.dcloud.common.adapter.io.DownloadReceiver
10-30 23:02:06.755  1444  1444 I Telecom : DefaultDialerCache: Refreshing default dialer for user 0: now com.google.android.dialer: DDC.oR@A3g
10-30 23:02:06.755  1444  1685 W WindowMagnificationMgr: requestConnection duplicated request: connect=false, mConnectionState=DISCONNECTED
10-30 23:02:06.774  1444  4037 D CompatibilityChangeReporter: Compat change id reported: 161252188; UID 10261; state: DISABLED
10-30 23:02:06.786  1444  4177 W BackupTransportManager: Package com.vbdcf54.d2b25 enabled setting: 0
10-30 23:02:06.824  1444  1685 W PackageManager: Failed registering loading progress callback. Package is fully loaded.
10-30 23:02:06.833  1444  1685 W WindowMagnificationMgr: requestConnection duplicated request: connect=false, mConnectionState=DISCONNECTED
10-30 23:02:06.890  1444  2992 W BroadcastQueue: u0 Receiving a broadcast in packagecom.yoojar.zlsg.baidu requires a permissions review
10-30 23:02:06.890  1444  2992 W BroadcastQueue: Skipping delivery: permission review required for Intent { act=android.intent.action.PACKAGE_CHANGED dat=package: flg=0x5000010 (has extras) } from null (pid=1444, uid=1000) to com.yoojar.zlsg.baidu/com.duoku.platform.download.broadcast.AppMonitorReceiver
10-30 23:02:07.127  1444  1833 E PackageManager: ERROR: could not load root hash from incremental install
10-30 23:02:07.151  1444  1833 I PackageManager: Integrity check passed for file:///data/app/vmdl1081941499.tmp
10-30 23:02:07.225  1444  1673 V StorageManagerService: Package null has legacy storage
10-30 23:02:07.391  1444  1833 V BackupManagerService: [UserID:0] restoreAtInstall pkg=cn.inssgame.paokugame token=48 restoreSet=0
10-30 23:02:07.392  1444  1833 V BackupManagerService: [UserID:0] Finishing install immediately
10-30 23:02:07.399  1444  1833 D PackageInstallerSession: Marking session 1081941499 as applied
10-30 23:02:07.400  1444  1833 D CompatibilityChangeReporter: Compat change id reported: 168419799; UID 10262; state: DISABLED
10-30 23:02:07.400  1444  1833 D CompatibilityChangeReporter: Compat change id reported: 273564678; UID 10262; state: DISABLED
10-30 23:02:07.407  1444  2922 D CompatibilityChangeReporter: Compat change id reported: 218533173; UID 10262; state: DISABLED
10-30 23:02:07.417  1444  5542 W BroadcastQueue: u0 Receiving a broadcast in packagecom.jr.narutoii requires a permissions review
10-30 23:02:07.417  1444  5542 W BroadcastQueue: Skipping delivery: permission review required for Intent { act=android.intent.action.PACKAGE_ADDED dat=package: flg=0x4000010 (has extras) } from null (pid=1444, uid=1000) to com.jr.narutoii/com.joyriver.engine.proxy.EngineReceiver
10-30 23:02:07.417  1444  1686 W BroadcastQueue: u0 Receiving a broadcast in packagecom.android.buyer requires a permissions review
10-30 23:02:07.417  1444  1686 W BroadcastQueue: Skipping delivery: permission review required for Intent { act=android.intent.action.PACKAGE_ADDED dat=package: flg=0x4000010 (has extras) } from null (pid=1444, uid=1000) to com.android.buyer/.mRve
10-30 23:02:07.418  1444  1686 W BroadcastQueue: Background execution not allowed: receiving Intent { act=android.intent.action.PACKAGE_ADDED dat=package: flg=0x4000010 (has extras) } to com.google.android.packageinstaller/com.android.packageinstaller.PackageInstalledReceiver
10-30 23:02:07.418  1444  1686 W BroadcastQueue: Background execution not allowed: receiving Intent { act=android.intent.action.PACKAGE_ADDED dat=package: flg=0x4000010 (has extras) } to com.android.vending/com.google.android.finsky.packagemonitor.impl.PackageMonitorReceiverImpl$RegisteredReceiver
10-30 23:02:07.418  1444  1686 W BroadcastQueue: Background execution not allowed: receiving Intent { act=android.intent.action.PACKAGE_ADDED dat=package: flg=0x4000010 (has extras) } to com.android.vending/com.google.android.finsky.packagemonitor.backgroundimpl.BackgroundPackageMonitorReceiverImpl$RegisteredReceiver
10-30 23:02:07.418  1444  1686 W BroadcastQueue: Background execution not allowed: receiving Intent { act=android.intent.action.PACKAGE_ADDED dat=package: flg=0x4000010 (has extras) } to com.google.android.gms/.games.chimera.GamesSystemBroadcastReceiverProxy
10-30 23:02:07.418  1444  1686 W BroadcastQueue: Background execution not allowed: receiving Intent { act=android.intent.action.PACKAGE_ADDED dat=package: flg=0x4000010 (has extras) } to com.google.android.gms/.gass.chimera.PackageChangeBroadcastReceiver
10-30 23:02:07.418  1444  1444 I Telecom : DefaultDialerCache: Refreshing default dialer for user 0: now com.google.android.dialer: DDC.oR@A3s
10-30 23:02:07.418  1444  1686 W BroadcastQueue: Background execution not allowed: receiving Intent { act=android.intent.action.PACKAGE_ADDED dat=package: flg=0x4000010 (has extras) } to com.google.android.gms/.chimera.GmsIntentOperationService$PersistentTrustedReceiver
10-30 23:02:07.418  1444  1686 W BroadcastQueue: Background execution not allowed: receiving Intent { act=android.intent.action.PACKAGE_ADDED dat=package: flg=0x4000010 (has extras) } to com.google.android.googlequicksearchbox/com.google.android.apps.gsa.googlequicksearchbox.GelStubAppWatcher
10-30 23:02:07.424  1444  1686 W BroadcastQueue: u0 Receiving a broadcast in packagecom.cncd.japan.janli.shudu requires a permissions review
10-30 23:02:07.424  1444  1686 W BroadcastQueue: Skipping delivery: permission review required for Intent { act=android.intent.action.PACKAGE_ADDED dat=package: flg=0x4000010 (has extras) } from null (pid=1444, uid=1000) to com.cncd.japan.janli.shudu/net.l.k.r
10-30 23:02:07.426  1444  1444 V BackupManagerConstants: getFullBackupIntervalMilliseconds(...) returns 86400000
10-30 23:02:07.426  1444  1444 V BackupManagerConstants: getFullBackupRequiredNetworkType(...) returns 2
10-30 23:02:07.427  1444  1444 V BackupManagerConstants: getFullBackupRequireCharging(...) returns true
10-30 23:02:07.429  1444  1686 W BroadcastQueue: u0 Receiving a broadcast in packagecom.cncd.japan.janli.shudu requires a permissions review
10-30 23:02:07.429  1444  1686 W BroadcastQueue: Skipping delivery: permission review required for Intent { act=android.intent.action.PACKAGE_ADDED dat=package: flg=0x4000010 (has extras) } from null (pid=1444, uid=1000) to com.cncd.japan.janli.shudu/com.feiwofour.coverscreen.SR
10-30 23:02:07.429  1444  1686 W BroadcastQueue: u0 Receiving a broadcast in packagecom.games.mengmeizhitd requires a permissions review
10-30 23:02:07.429  1444  1686 W BroadcastQueue: Skipping delivery: permission review required for Intent { act=android.intent.action.PACKAGE_ADDED dat=package: flg=0x4000010 (has extras) } from null (pid=1444, uid=1000) to com.games.mengmeizhitd/hjnw.ihjnw.i.isqly
10-30 23:02:07.429  1444  1686 W BroadcastQueue: u0 Receiving a broadcast in packagecom.hgperfko.yaeghrwx requires a permissions review
10-30 23:02:07.429  1444  1686 W BroadcastQueue: Skipping delivery: permission review required for Intent { act=android.intent.action.PACKAGE_ADDED dat=package: flg=0x4000010 (has extras) } from null (pid=1444, uid=1000) to com.hgperfko.yaeghrwx/.core.hLytdCQDBv
10-30 23:02:07.430  1444  1686 W BroadcastQueue: u0 Receiving a broadcast in packagecom.qiuqiu.dfmc requires a permissions review
10-30 23:02:07.430  1444  1686 W BroadcastQueue: Skipping delivery: permission review required for Intent { act=android.intent.action.PACKAGE_ADDED dat=package: flg=0x4000010 (has extras) } from null (pid=1444, uid=1000) to com.qiuqiu.dfmc/cn.jpush.android.service.PushReceiver
10-30 23:02:07.430  1444  1686 W BroadcastQueue: u0 Receiving a broadcast in packagecom.safesys.viruskiller requires a permissions review
10-30 23:02:07.430  1444  1686 W BroadcastQueue: Skipping delivery: permission review required for Intent { act=android.intent.action.PACKAGE_ADDED dat=package: flg=0x4000010 (has extras) } from null (pid=1444, uid=1000) to com.safesys.viruskiller/.ScanPackageBroadcast
10-30 23:02:07.430  1444  1686 W BroadcastQueue: u0 Receiving a broadcast in packagecom.uc108.mobile.sdgj.bd1 requires a permissions review
10-30 23:02:07.430  1444  1686 W BroadcastQueue: Skipping delivery: permission review required for Intent { act=android.intent.action.PACKAGE_ADDED dat=package: flg=0x4000010 (has extras) } from null (pid=1444, uid=1000) to com.uc108.mobile.sdgj.bd1/com.baidu.tiebasdk.service.InstallReceiver
10-30 23:02:07.430  1444  1686 W BroadcastQueue: u0 Receiving a broadcast in packagecom.voicebianshengjinglingwc.wxl requires a permissions review
10-30 23:02:07.430  1444  1686 W BroadcastQueue: Skipping delivery: permission review required for Intent { act=android.intent.action.PACKAGE_ADDED dat=package: flg=0x4000010 (has extras) } from null (pid=1444, uid=1000) to com.voicebianshengjinglingwc.wxl/mp.ruu.Ztjjwrj
10-30 23:02:07.430  1444  1686 W BroadcastQueue: u0 Receiving a broadcast in packagecom.yoojar.zlsg.baidu requires a permissions review
10-30 23:02:07.430  1444  1686 W BroadcastQueue: Skipping delivery: permission review required for Intent { act=android.intent.action.PACKAGE_ADDED dat=package: flg=0x4000010 (has extras) } from null (pid=1444, uid=1000) to com.yoojar.zlsg.baidu/com.duoku.platform.download.broadcast.AppMonitorReceiver
10-30 23:02:07.430  1444  1686 W BroadcastQueue: u0 Receiving a broadcast in packageio.dcloud.H5BC6BF13 requires a permissions review
10-30 23:02:07.430  1444  1686 W BroadcastQueue: Skipping delivery: permission review required for Intent { act=android.intent.action.PACKAGE_ADDED dat=package: flg=0x4000010 (has extras) } from null (pid=1444, uid=1000) to io.dcloud.H5BC6BF13/io.dcloud.common.adapter.io.DownloadReceiver
10-30 23:02:07.446  1444  1685 W WindowMagnificationMgr: requestConnection duplicated request: connect=false, mConnectionState=DISCONNECTED
10-30 23:02:07.479  1444  1444 I Telecom : DefaultDialerCache: Refreshing default dialer for user 0: now com.google.android.dialer: DDC.oR@A3w
10-30 23:02:07.480  1444  4177 W BackupTransportManager: Package cn.inssgame.paokugame enabled setting: 0
10-30 23:02:07.495  1444  1685 W PackageManager: Failed registering loading progress callback. Package is fully loaded.
10-30 23:02:07.504  1444  1685 W WindowMagnificationMgr: requestConnection duplicated request: connect=false, mConnectionState=DISCONNECTED
10-30 23:02:07.508  1444  1830 E VerityUtils: Failed to measure fs-verity, errno 1: /data/app/~~gnj7RyQdlv0UOXsFaM-LBg==/cn.inssgame.paokugame-jpPXYkyES9xZk4jc7j4MJA==/base.apk
10-30 23:02:07.523  1444  2993 D CompatibilityChangeReporter: Compat change id reported: 161252188; UID 10262; state: DISABLED
10-30 23:02:07.615  1444  2992 W BroadcastQueue: u0 Receiving a broadcast in packagecom.yoojar.zlsg.baidu requires a permissions review
10-30 23:02:07.615  1444  2992 W BroadcastQueue: Skipping delivery: permission review required for Intent { act=android.intent.action.PACKAGE_CHANGED dat=package: flg=0x5000010 (has extras) } from null (pid=1444, uid=1000) to com.yoojar.zlsg.baidu/com.duoku.platform.download.broadcast.AppMonitorReceiver
10-30 23:02:07.668  1444  5204 W AppOps  : setUidMode() called with a mode inconsistent with runtime permission state, this is discouraged and you should revoke the runtime permission instead: uid=10125, switchCode=0, mode=4, permission=android.permission.ACCESS_BACKGROUND_LOCATION
10-30 23:02:07.747  1444  5204 W AppOps  : setUidMode() called with a mode inconsistent with runtime permission state, this is discouraged and you should revoke the runtime permission instead: uid=10125, switchCode=1, mode=4, permission=android.permission.ACCESS_BACKGROUND_LOCATION
10-30 23:02:07.750  1444  5204 W AppOps  : setUidMode() called with a mode inconsistent with runtime permission state, this is discouraged and you should revoke the runtime permission instead: uid=10125, switchCode=0, mode=4, permission=android.permission.ACCESS_BACKGROUND_LOCATION
10-30 23:02:08.319  1444  1833 E PackageManager: ERROR: could not load root hash from incremental install
10-30 23:02:08.415  1444  1833 I PackageManager: Integrity check passed for file:///data/app/vmdl821536313.tmp
10-30 23:02:08.584  1444  1673 V StorageManagerService: Package null has legacy storage
10-30 23:02:08.736  1444  1833 V BackupManagerService: [UserID:0] restoreAtInstall pkg=com.kascend.chushov token=49 restoreSet=0
10-30 23:02:08.736  1444  1833 V BackupManagerService: [UserID:0] Finishing install immediately
10-30 23:02:08.738  1444  1833 D PackageInstallerSession: Marking session 821536313 as applied
10-30 23:02:08.742  1444  1833 D CompatibilityChangeReporter: Compat change id reported: 168419799; UID 10263; state: DISABLED
10-30 23:02:08.742  1444  1833 D CompatibilityChangeReporter: Compat change id reported: 273564678; UID 10263; state: DISABLED
10-30 23:02:08.748  1444  2922 D CompatibilityChangeReporter: Compat change id reported: 218533173; UID 10263; state: DISABLED
10-30 23:02:08.756  1444  1444 I Telecom : DefaultDialerCache: Refreshing default dialer for user 0: now com.google.android.dialer: DDC.oR@A38
10-30 23:02:08.768  1444  1444 V BackupManagerConstants: getFullBackupIntervalMilliseconds(...) returns 86400000
10-30 23:02:08.768  1444  1444 V BackupManagerConstants: getFullBackupRequiredNetworkType(...) returns 2
10-30 23:02:08.769  1444  1444 V BackupManagerConstants: getFullBackupRequireCharging(...) returns true
10-30 23:02:08.772  1444  4037 W BroadcastQueue: u0 Receiving a broadcast in packagecom.jr.narutoii requires a permissions review
10-30 23:02:08.772  1444  4037 W BroadcastQueue: Skipping delivery: permission review required for Intent { act=android.intent.action.PACKAGE_ADDED dat=package: flg=0x4000010 (has extras) } from null (pid=1444, uid=1000) to com.jr.narutoii/com.joyriver.engine.proxy.EngineReceiver
10-30 23:02:08.774  1444  1686 W BroadcastQueue: u0 Receiving a broadcast in packagecom.android.buyer requires a permissions review
10-30 23:02:08.774  1444  1686 W BroadcastQueue: Skipping delivery: permission review required for Intent { act=android.intent.action.PACKAGE_ADDED dat=package: flg=0x4000010 (has extras) } from null (pid=1444, uid=1000) to com.android.buyer/.mRve
10-30 23:02:08.774  1444  1686 W BroadcastQueue: Background execution not allowed: receiving Intent { act=android.intent.action.PACKAGE_ADDED dat=package: flg=0x4000010 (has extras) } to com.google.android.packageinstaller/com.android.packageinstaller.PackageInstalledReceiver
10-30 23:02:08.774  1444  1686 W BroadcastQueue: Background execution not allowed: receiving Intent { act=android.intent.action.PACKAGE_ADDED dat=package: flg=0x4000010 (has extras) } to com.android.vending/com.google.android.finsky.packagemonitor.impl.PackageMonitorReceiverImpl$RegisteredReceiver
10-30 23:02:08.774  1444  1686 W BroadcastQueue: Background execution not allowed: receiving Intent { act=android.intent.action.PACKAGE_ADDED dat=package: flg=0x4000010 (has extras) } to com.android.vending/com.google.android.finsky.packagemonitor.backgroundimpl.BackgroundPackageMonitorReceiverImpl$RegisteredReceiver
10-30 23:02:08.774  1444  1686 W BroadcastQueue: Background execution not allowed: receiving Intent { act=android.intent.action.PACKAGE_ADDED dat=package: flg=0x4000010 (has extras) } to com.google.android.gms/.games.chimera.GamesSystemBroadcastReceiverProxy
10-30 23:02:08.775  1444  1686 W BroadcastQueue: Background execution not allowed: receiving Intent { act=android.intent.action.PACKAGE_ADDED dat=package: flg=0x4000010 (has extras) } to com.google.android.gms/.gass.chimera.PackageChangeBroadcastReceiver
10-30 23:02:08.775  1444  1686 W BroadcastQueue: Background execution not allowed: receiving Intent { act=android.intent.action.PACKAGE_ADDED dat=package: flg=0x4000010 (has extras) } to com.google.android.gms/.chimera.GmsIntentOperationService$PersistentTrustedReceiver
10-30 23:02:08.775  1444  1686 W BroadcastQueue: Background execution not allowed: receiving Intent { act=android.intent.action.PACKAGE_ADDED dat=package: flg=0x4000010 (has extras) } to com.google.android.googlequicksearchbox/com.google.android.apps.gsa.googlequicksearchbox.GelStubAppWatcher
10-30 23:02:08.775  1444  1686 W BroadcastQueue: u0 Receiving a broadcast in packagecom.cncd.japan.janli.shudu requires a permissions review
10-30 23:02:08.775  1444  1686 W BroadcastQueue: Skipping delivery: permission review required for Intent { act=android.intent.action.PACKAGE_ADDED dat=package: flg=0x4000010 (has extras) } from null (pid=1444, uid=1000) to com.cncd.japan.janli.shudu/net.l.k.r
10-30 23:02:08.775  1444  1686 W BroadcastQueue: u0 Receiving a broadcast in packagecom.cncd.japan.janli.shudu requires a permissions review
10-30 23:02:08.775  1444  1686 W BroadcastQueue: Skipping delivery: permission review required for Intent { act=android.intent.action.PACKAGE_ADDED dat=package: flg=0x4000010 (has extras) } from null (pid=1444, uid=1000) to com.cncd.japan.janli.shudu/com.feiwofour.coverscreen.SR
10-30 23:02:08.775  1444  1686 W BroadcastQueue: u0 Receiving a broadcast in packagecom.games.mengmeizhitd requires a permissions review
10-30 23:02:08.775  1444  1686 W BroadcastQueue: Skipping delivery: permission review required for Intent { act=android.intent.action.PACKAGE_ADDED dat=package: flg=0x4000010 (has extras) } from null (pid=1444, uid=1000) to com.games.mengmeizhitd/hjnw.ihjnw.i.isqly
10-30 23:02:08.775  1444  1686 W BroadcastQueue: u0 Receiving a broadcast in packagecom.hgperfko.yaeghrwx requires a permissions review
10-30 23:02:08.775  1444  1686 W BroadcastQueue: Skipping delivery: permission review required for Intent { act=android.intent.action.PACKAGE_ADDED dat=package: flg=0x4000010 (has extras) } from null (pid=1444, uid=1000) to com.hgperfko.yaeghrwx/.core.hLytdCQDBv
10-30 23:02:08.775  1444  1686 W BroadcastQueue: u0 Receiving a broadcast in packagecom.qiuqiu.dfmc requires a permissions review
10-30 23:02:08.775  1444  1686 W BroadcastQueue: Skipping delivery: permission review required for Intent { act=android.intent.action.PACKAGE_ADDED dat=package: flg=0x4000010 (has extras) } from null (pid=1444, uid=1000) to com.qiuqiu.dfmc/cn.jpush.android.service.PushReceiver
10-30 23:02:08.775  1444  1686 W BroadcastQueue: u0 Receiving a broadcast in packagecom.safesys.viruskiller requires a permissions review
10-30 23:02:08.775  1444  1686 W BroadcastQueue: Skipping delivery: permission review required for Intent { act=android.intent.action.PACKAGE_ADDED dat=package: flg=0x4000010 (has extras) } from null (pid=1444, uid=1000) to com.safesys.viruskiller/.ScanPackageBroadcast
10-30 23:02:08.776  1444  1686 W BroadcastQueue: u0 Receiving a broadcast in packagecom.uc108.mobile.sdgj.bd1 requires a permissions review
10-30 23:02:08.776  1444  1686 W BroadcastQueue: Skipping delivery: permission review required for Intent { act=android.intent.action.PACKAGE_ADDED dat=package: flg=0x4000010 (has extras) } from null (pid=1444, uid=1000) to com.uc108.mobile.sdgj.bd1/com.baidu.tiebasdk.service.InstallReceiver
10-30 23:02:08.776  1444  1686 W BroadcastQueue: u0 Receiving a broadcast in packagecom.voicebianshengjinglingwc.wxl requires a permissions review
10-30 23:02:08.776  1444  1686 W BroadcastQueue: Skipping delivery: permission review required for Intent { act=android.intent.action.PACKAGE_ADDED dat=package: flg=0x4000010 (has extras) } from null (pid=1444, uid=1000) to com.voicebianshengjinglingwc.wxl/mp.ruu.Ztjjwrj
10-30 23:02:08.787  1444  1686 W BroadcastQueue: u0 Receiving a broadcast in packagecom.yoojar.zlsg.baidu requires a permissions review
10-30 23:02:08.787  1444  1686 W BroadcastQueue: Skipping delivery: permission review required for Intent { act=android.intent.action.PACKAGE_ADDED dat=package: flg=0x4000010 (has extras) } from null (pid=1444, uid=1000) to com.yoojar.zlsg.baidu/com.duoku.platform.download.broadcast.AppMonitorReceiver
10-30 23:02:08.788  1444  1686 W BroadcastQueue: u0 Receiving a broadcast in packageio.dcloud.H5BC6BF13 requires a permissions review
10-30 23:02:08.788  1444  1686 W BroadcastQueue: Skipping delivery: permission review required for Intent { act=android.intent.action.PACKAGE_ADDED dat=package: flg=0x4000010 (has extras) } from null (pid=1444, uid=1000) to io.dcloud.H5BC6BF13/io.dcloud.common.adapter.io.DownloadReceiver
10-30 23:02:08.790  1444  1685 W WindowMagnificationMgr: requestConnection duplicated request: connect=false, mConnectionState=DISCONNECTED
10-30 23:02:08.818  1444  1444 I Telecom : DefaultDialerCache: Refreshing default dialer for user 0: now com.google.android.dialer: DDC.oR@A4I
10-30 23:02:08.824  1444  3216 D CompatibilityChangeReporter: Compat change id reported: 161252188; UID 10263; state: DISABLED
10-30 23:02:08.831  1444  4177 W BackupTransportManager: Package com.kascend.chushov enabled setting: 0
10-30 23:02:08.857  1444  1685 W PackageManager: Failed registering loading progress callback. Package is fully loaded.
10-30 23:02:08.866  1444  1685 W WindowMagnificationMgr: requestConnection duplicated request: connect=false, mConnectionState=DISCONNECTED
10-30 23:02:08.876  1444  1830 E VerityUtils: Failed to measure fs-verity, errno 1: /data/app/~~uBuXnQW35GYm-W7qxBSfMw==/com.kascend.chushov-jvq2H0UymOc0TrgJhKHiLw==/base.apk
10-30 23:02:08.931  1444  5548 W BroadcastQueue: u0 Receiving a broadcast in packagecom.yoojar.zlsg.baidu requires a permissions review
10-30 23:02:08.931  1444  5548 W BroadcastQueue: Skipping delivery: permission review required for Intent { act=android.intent.action.PACKAGE_CHANGED dat=package: flg=0x5000010 (has extras) } from null (pid=1444, uid=1000) to com.yoojar.zlsg.baidu/com.duoku.platform.download.broadcast.AppMonitorReceiver
10-30 23:02:08.970  1444  1833 E PackageManager: ERROR: could not load root hash from incremental install
10-30 23:02:08.974  1444  2047 W PackageParsing: Ignoring duplicate uses-permissions/uses-permissions-sdk-m: android.permission.INTERNET in package: tfcqzk.lofst.hkgkaucmthtsmy at: Binary XML file line #10
10-30 23:02:08.984  1444  1833 I PackageManager: Integrity check passed for file:///data/app/vmdl1888523314.tmp
10-30 23:02:09.003  1444  1833 W PackageParsing: Ignoring duplicate uses-permissions/uses-permissions-sdk-m: android.permission.INTERNET in package: tfcqzk.lofst.hkgkaucmthtsmy at: Binary XML file line #10
10-30 23:02:09.100  1444  1673 V StorageManagerService: Package null does not have legacy storage
10-30 23:02:09.432  1444  1833 V BackupManagerService: [UserID:0] restoreAtInstall pkg=tfcqzk.lofst.hkgkaucmthtsmy token=4a restoreSet=0
10-30 23:02:09.433  1444  1833 V BackupManagerService: [UserID:0] Finishing install immediately
10-30 23:02:09.434  1444  1833 D PackageInstallerSession: Marking session 1888523314 as applied
10-30 23:02:09.453  1444  5554 I ActivityManager: Background started FGS: Allowed [callingPackage: com.google.android.apps.wellbeing; callingUid: 10121; uidState: BFGS; intent: Intent { cmp=com.google.android.apps.wellbeing/com.google.apps.tiktok.concurrent.InternalForegroundService (has extras) }; code:BACKGROUND_ACTIVITY_PERMISSION; tempAllowListReason:<null>; targetSdkVersion:33; callerTargetSdkVersion:33; startForegroundCount:0; bindFromPackage:null]
10-30 23:02:09.465  1444  1833 D CompatibilityChangeReporter: Compat change id reported: 168419799; UID 10264; state: DISABLED
10-30 23:02:09.465  1444  1833 D CompatibilityChangeReporter: Compat change id reported: 273564678; UID 10264; state: DISABLED
10-30 23:02:09.471  1444  2922 D CompatibilityChangeReporter: Compat change id reported: 218533173; UID 10264; state: DISABLED
10-30 23:02:09.473  1444  5204 W BroadcastQueue: u0 Receiving a broadcast in packagecom.jr.narutoii requires a permissions review
10-30 23:02:09.473  1444  5204 W BroadcastQueue: Skipping delivery: permission review required for Intent { act=android.intent.action.PACKAGE_ADDED dat=package: flg=0x4000010 (has extras) } from null (pid=1444, uid=1000) to com.jr.narutoii/com.joyriver.engine.proxy.EngineReceiver
10-30 23:02:09.477  1444  1444 I Telecom : DefaultDialerCache: Refreshing default dialer for user 0: now com.google.android.dialer: DDC.oR@A4M
10-30 23:02:09.481  1444  1686 W BroadcastQueue: u0 Receiving a broadcast in packagecom.android.buyer requires a permissions review
10-30 23:02:09.481  1444  1686 W BroadcastQueue: Skipping delivery: permission review required for Intent { act=android.intent.action.PACKAGE_ADDED dat=package: flg=0x4000010 (has extras) } from null (pid=1444, uid=1000) to com.android.buyer/.mRve
10-30 23:02:09.481  1444  1686 W BroadcastQueue: Background execution not allowed: receiving Intent { act=android.intent.action.PACKAGE_ADDED dat=package: flg=0x4000010 (has extras) } to com.google.android.packageinstaller/com.android.packageinstaller.PackageInstalledReceiver
10-30 23:02:09.482  1444  1686 W BroadcastQueue: Background execution not allowed: receiving Intent { act=android.intent.action.PACKAGE_ADDED dat=package: flg=0x4000010 (has extras) } to com.android.vending/com.google.android.finsky.packagemonitor.impl.PackageMonitorReceiverImpl$RegisteredReceiver
10-30 23:02:09.482  1444  1686 W BroadcastQueue: Background execution not allowed: receiving Intent { act=android.intent.action.PACKAGE_ADDED dat=package: flg=0x4000010 (has extras) } to com.android.vending/com.google.android.finsky.packagemonitor.backgroundimpl.BackgroundPackageMonitorReceiverImpl$RegisteredReceiver
10-30 23:02:09.482  1444  1686 W BroadcastQueue: Background execution not allowed: receiving Intent { act=android.intent.action.PACKAGE_ADDED dat=package: flg=0x4000010 (has extras) } to com.google.android.gms/.games.chimera.GamesSystemBroadcastReceiverProxy
10-30 23:02:09.482  1444  1686 W BroadcastQueue: Background execution not allowed: receiving Intent { act=android.intent.action.PACKAGE_ADDED dat=package: flg=0x4000010 (has extras) } to com.google.android.gms/.gass.chimera.PackageChangeBroadcastReceiver
10-30 23:02:09.482  1444  1686 W BroadcastQueue: Background execution not allowed: receiving Intent { act=android.intent.action.PACKAGE_ADDED dat=package: flg=0x4000010 (has extras) } to com.google.android.gms/.chimera.GmsIntentOperationService$PersistentTrustedReceiver
10-30 23:02:09.482  1444  1686 W BroadcastQueue: Background execution not allowed: receiving Intent { act=android.intent.action.PACKAGE_ADDED dat=package: flg=0x4000010 (has extras) } to com.google.android.googlequicksearchbox/com.google.android.apps.gsa.googlequicksearchbox.GelStubAppWatcher
10-30 23:02:09.482  1444  1686 W BroadcastQueue: u0 Receiving a broadcast in packagecom.cncd.japan.janli.shudu requires a permissions review
10-30 23:02:09.482  1444  1686 W BroadcastQueue: Skipping delivery: permission review required for Intent { act=android.intent.action.PACKAGE_ADDED dat=package: flg=0x4000010 (has extras) } from null (pid=1444, uid=1000) to com.cncd.japan.janli.shudu/net.l.k.r
10-30 23:02:09.482  1444  1686 W BroadcastQueue: u0 Receiving a broadcast in packagecom.cncd.japan.janli.shudu requires a permissions review
10-30 23:02:09.482  1444  1686 W BroadcastQueue: Skipping delivery: permission review required for Intent { act=android.intent.action.PACKAGE_ADDED dat=package: flg=0x4000010 (has extras) } from null (pid=1444, uid=1000) to com.cncd.japan.janli.shudu/com.feiwofour.coverscreen.SR
10-30 23:02:09.482  1444  1686 W BroadcastQueue: u0 Receiving a broadcast in packagecom.games.mengmeizhitd requires a permissions review
10-30 23:02:09.482  1444  1686 W BroadcastQueue: Skipping delivery: permission review required for Intent { act=android.intent.action.PACKAGE_ADDED dat=package: flg=0x4000010 (has extras) } from null (pid=1444, uid=1000) to com.games.mengmeizhitd/hjnw.ihjnw.i.isqly
10-30 23:02:09.482  1444  1686 W BroadcastQueue: u0 Receiving a broadcast in packagecom.hgperfko.yaeghrwx requires a permissions review
10-30 23:02:09.482  1444  1686 W BroadcastQueue: Skipping delivery: permission review required for Intent { act=android.intent.action.PACKAGE_ADDED dat=package: flg=0x4000010 (has extras) } from null (pid=1444, uid=1000) to com.hgperfko.yaeghrwx/.core.hLytdCQDBv
10-30 23:02:09.482  1444  1686 W BroadcastQueue: u0 Receiving a broadcast in packagecom.qiuqiu.dfmc requires a permissions review
10-30 23:02:09.482  1444  1686 W BroadcastQueue: Skipping delivery: permission review required for Intent { act=android.intent.action.PACKAGE_ADDED dat=package: flg=0x4000010 (has extras) } from null (pid=1444, uid=1000) to com.qiuqiu.dfmc/cn.jpush.android.service.PushReceiver
10-30 23:02:09.482  1444  1686 W BroadcastQueue: u0 Receiving a broadcast in packagecom.safesys.viruskiller requires a permissions review
10-30 23:02:09.482  1444  1686 W BroadcastQueue: Skipping delivery: permission review required for Intent { act=android.intent.action.PACKAGE_ADDED dat=package: flg=0x4000010 (has extras) } from null (pid=1444, uid=1000) to com.safesys.viruskiller/.ScanPackageBroadcast
10-30 23:02:09.482  1444  1686 W BroadcastQueue: u0 Receiving a broadcast in packagecom.uc108.mobile.sdgj.bd1 requires a permissions review
10-30 23:02:09.482  1444  1686 W BroadcastQueue: Skipping delivery: permission review required for Intent { act=android.intent.action.PACKAGE_ADDED dat=package: flg=0x4000010 (has extras) } from null (pid=1444, uid=1000) to com.uc108.mobile.sdgj.bd1/com.baidu.tiebasdk.service.InstallReceiver
10-30 23:02:09.483  1444  1686 W BroadcastQueue: u0 Receiving a broadcast in packagecom.voicebianshengjinglingwc.wxl requires a permissions review
10-30 23:02:09.483  1444  1686 W BroadcastQueue: Skipping delivery: permission review required for Intent { act=android.intent.action.PACKAGE_ADDED dat=package: flg=0x4000010 (has extras) } from null (pid=1444, uid=1000) to com.voicebianshengjinglingwc.wxl/mp.ruu.Ztjjwrj
10-30 23:02:09.483  1444  1686 W BroadcastQueue: u0 Receiving a broadcast in packagecom.yoojar.zlsg.baidu requires a permissions review
10-30 23:02:09.483  1444  1686 W BroadcastQueue: Skipping delivery: permission review required for Intent { act=android.intent.action.PACKAGE_ADDED dat=package: flg=0x4000010 (has extras) } from null (pid=1444, uid=1000) to com.yoojar.zlsg.baidu/com.duoku.platform.download.broadcast.AppMonitorReceiver
10-30 23:02:09.483  1444  1686 W BroadcastQueue: u0 Receiving a broadcast in packageio.dcloud.H5BC6BF13 requires a permissions review
10-30 23:02:09.483  1444  1686 W BroadcastQueue: Skipping delivery: permission review required for Intent { act=android.intent.action.PACKAGE_ADDED dat=package: flg=0x4000010 (has extras) } from null (pid=1444, uid=1000) to io.dcloud.H5BC6BF13/io.dcloud.common.adapter.io.DownloadReceiver
10-30 23:02:09.486  1444  1444 V BackupManagerConstants: getFullBackupIntervalMilliseconds(...) returns 86400000
10-30 23:02:09.486  1444  1444 V BackupManagerConstants: getFullBackupRequiredNetworkType(...) returns 2
10-30 23:02:09.486  1444  1444 V BackupManagerConstants: getFullBackupRequireCharging(...) returns true
10-30 23:02:09.517  1444  1685 W WindowMagnificationMgr: requestConnection duplicated request: connect=false, mConnectionState=DISCONNECTED
10-30 23:02:09.532  1444  1444 I Telecom : DefaultDialerCache: Refreshing default dialer for user 0: now com.google.android.dialer: DDC.oR@A4Q
10-30 23:02:09.543  1444  5547 D CompatibilityChangeReporter: Compat change id reported: 161252188; UID 10264; state: DISABLED
10-30 23:02:09.544  1444  1833 E PackageManager: ERROR: could not load root hash from incremental install
10-30 23:02:09.551  1444  1830 E VerityUtils: Failed to measure fs-verity, errno 1: /data/app/~~GNdIY7Pv3C0hnwIjXwq0hg==/tfcqzk.lofst.hkgkaucmthtsmy-53ieK82ui2n81sLJ_WQ1uw==/base.apk
10-30 23:02:09.563  1444  2047 W PackageParsing: Ignoring duplicate uses-permissions/uses-permissions-sdk-m: android.permission.INTERNET in package: com.init.env at: Binary XML file line #19
10-30 23:02:09.563  1444  2047 W PackageParsing: Ignoring duplicate uses-permissions/uses-permissions-sdk-m: android.permission.READ_PHONE_STATE in package: com.init.env at: Binary XML file line #20
10-30 23:02:09.570  1444  1833 I PackageManager: Integrity check passed for file:///data/app/vmdl137778171.tmp
10-30 23:02:09.587  1444  1685 W PackageManager: Failed registering loading progress callback. Package is fully loaded.
10-30 23:02:09.604  1444  1685 W WindowMagnificationMgr: requestConnection duplicated request: connect=false, mConnectionState=DISCONNECTED
10-30 23:02:09.628  1444  4177 W BackupTransportManager: Package tfcqzk.lofst.hkgkaucmthtsmy enabled setting: 0
10-30 23:02:09.663  1444  1444 I NotificationService: Cannot find enqueued record for key: 0|com.google.android.apps.wellbeing|174344743|null|10121
10-30 23:02:09.671  1444  3809 W AppOps  : setUidMode() called with a mode inconsistent with runtime permission state, this is discouraged and you should revoke the runtime permission instead: uid=10125, switchCode=0, mode=4, permission=android.permission.ACCESS_BACKGROUND_LOCATION
10-30 23:02:09.683  1444  1833 W PackageParsing: Ignoring duplicate uses-permissions/uses-permissions-sdk-m: android.permission.INTERNET in package: com.init.env at: Binary XML file line #19
10-30 23:02:09.683  1444  1833 W PackageParsing: Ignoring duplicate uses-permissions/uses-permissions-sdk-m: android.permission.READ_PHONE_STATE in package: com.init.env at: Binary XML file line #20
10-30 23:02:09.690  1444  5547 W BroadcastQueue: u0 Receiving a broadcast in packagecom.yoojar.zlsg.baidu requires a permissions review
10-30 23:02:09.690  1444  5547 W BroadcastQueue: Skipping delivery: permission review required for Intent { act=android.intent.action.PACKAGE_CHANGED dat=package: flg=0x5000010 (has extras) } from null (pid=1444, uid=1000) to com.yoojar.zlsg.baidu/com.duoku.platform.download.broadcast.AppMonitorReceiver
10-30 23:02:09.751  1444  1673 V StorageManagerService: Package null has legacy storage
10-30 23:02:09.880  1444  5554 W AppOps  : setUidMode() called with a mode inconsistent with runtime permission state, this is discouraged and you should revoke the runtime permission instead: uid=10125, switchCode=1, mode=4, permission=android.permission.ACCESS_BACKGROUND_LOCATION
10-30 23:02:09.882  1444  5554 W AppOps  : setUidMode() called with a mode inconsistent with runtime permission state, this is discouraged and you should revoke the runtime permission instead: uid=10125, switchCode=0, mode=4, permission=android.permission.ACCESS_BACKGROUND_LOCATION
10-30 23:02:09.917  1444  1833 V BackupManagerService: [UserID:0] restoreAtInstall pkg=com.init.env token=4b restoreSet=0
10-30 23:02:09.918  1444  1833 V BackupManagerService: [UserID:0] Finishing install immediately
10-30 23:02:09.922  1444  1833 D PackageInstallerSession: Marking session 137778171 as applied
10-30 23:02:09.926  1444  1833 D CompatibilityChangeReporter: Compat change id reported: 168419799; UID 10265; state: DISABLED
10-30 23:02:09.926  1444  1833 D CompatibilityChangeReporter: Compat change id reported: 273564678; UID 10265; state: DISABLED
10-30 23:02:09.939  1444  2922 D CompatibilityChangeReporter: Compat change id reported: 218533173; UID 10265; state: DISABLED
10-30 23:02:09.939  1444  1444 I Telecom : DefaultDialerCache: Refreshing default dialer for user 0: now com.google.android.dialer: DDC.oR@A4k
10-30 23:02:09.942  1444  3215 W BroadcastQueue: u0 Receiving a broadcast in packagecom.jr.narutoii requires a permissions review
10-30 23:02:09.942  1444  3215 W BroadcastQueue: Skipping delivery: permission review required for Intent { act=android.intent.action.PACKAGE_ADDED dat=package: flg=0x4000010 (has extras) } from null (pid=1444, uid=1000) to com.jr.narutoii/com.joyriver.engine.proxy.EngineReceiver
10-30 23:02:09.943  1444  1444 V BackupManagerConstants: getFullBackupIntervalMilliseconds(...) returns 86400000
10-30 23:02:09.943  1444  1444 V BackupManagerConstants: getFullBackupRequiredNetworkType(...) returns 2
10-30 23:02:09.943  1444  1444 V BackupManagerConstants: getFullBackupRequireCharging(...) returns true
10-30 23:02:09.943  1444  1686 W BroadcastQueue: u0 Receiving a broadcast in packagecom.android.buyer requires a permissions review
10-30 23:02:09.943  1444  1686 W BroadcastQueue: Skipping delivery: permission review required for Intent { act=android.intent.action.PACKAGE_ADDED dat=package: flg=0x4000010 (has extras) } from null (pid=1444, uid=1000) to com.android.buyer/.mRve
10-30 23:02:09.946  1444  1686 W BroadcastQueue: Background execution not allowed: receiving Intent { act=android.intent.action.PACKAGE_ADDED dat=package: flg=0x4000010 (has extras) } to com.google.android.packageinstaller/com.android.packageinstaller.PackageInstalledReceiver
10-30 23:02:09.946  1444  1686 W BroadcastQueue: Background execution not allowed: receiving Intent { act=android.intent.action.PACKAGE_ADDED dat=package: flg=0x4000010 (has extras) } to com.android.vending/com.google.android.finsky.packagemonitor.impl.PackageMonitorReceiverImpl$RegisteredReceiver
10-30 23:02:09.946  1444  1686 W BroadcastQueue: Background execution not allowed: receiving Intent { act=android.intent.action.PACKAGE_ADDED dat=package: flg=0x4000010 (has extras) } to com.android.vending/com.google.android.finsky.packagemonitor.backgroundimpl.BackgroundPackageMonitorReceiverImpl$RegisteredReceiver
10-30 23:02:09.946  1444  1686 W BroadcastQueue: Background execution not allowed: receiving Intent { act=android.intent.action.PACKAGE_ADDED dat=package: flg=0x4000010 (has extras) } to com.google.android.gms/.games.chimera.GamesSystemBroadcastReceiverProxy
10-30 23:02:09.946  1444  1686 W BroadcastQueue: Background execution not allowed: receiving Intent { act=android.intent.action.PACKAGE_ADDED dat=package: flg=0x4000010 (has extras) } to com.google.android.gms/.gass.chimera.PackageChangeBroadcastReceiver
10-30 23:02:09.946  1444  1686 W BroadcastQueue: Background execution not allowed: receiving Intent { act=android.intent.action.PACKAGE_ADDED dat=package: flg=0x4000010 (has extras) } to com.google.android.gms/.chimera.GmsIntentOperationService$PersistentTrustedReceiver
10-30 23:02:09.946  1444  1686 W BroadcastQueue: Background execution not allowed: receiving Intent { act=android.intent.action.PACKAGE_ADDED dat=package: flg=0x4000010 (has extras) } to com.google.android.googlequicksearchbox/com.google.android.apps.gsa.googlequicksearchbox.GelStubAppWatcher
10-30 23:02:09.946  1444  1686 W BroadcastQueue: u0 Receiving a broadcast in packagecom.cncd.japan.janli.shudu requires a permissions review
10-30 23:02:09.946  1444  1686 W BroadcastQueue: Skipping delivery: permission review required for Intent { act=android.intent.action.PACKAGE_ADDED dat=package: flg=0x4000010 (has extras) } from null (pid=1444, uid=1000) to com.cncd.japan.janli.shudu/net.l.k.r
10-30 23:02:09.947  1444  1686 W BroadcastQueue: u0 Receiving a broadcast in packagecom.cncd.japan.janli.shudu requires a permissions review
10-30 23:02:09.947  1444  1686 W BroadcastQueue: Skipping delivery: permission review required for Intent { act=android.intent.action.PACKAGE_ADDED dat=package: flg=0x4000010 (has extras) } from null (pid=1444, uid=1000) to com.cncd.japan.janli.shudu/com.feiwofour.coverscreen.SR
10-30 23:02:09.947  1444  1686 W BroadcastQueue: u0 Receiving a broadcast in packagecom.games.mengmeizhitd requires a permissions review
10-30 23:02:09.947  1444  1686 W BroadcastQueue: Skipping delivery: permission review required for Intent { act=android.intent.action.PACKAGE_ADDED dat=package: flg=0x4000010 (has extras) } from null (pid=1444, uid=1000) to com.games.mengmeizhitd/hjnw.ihjnw.i.isqly
10-30 23:02:09.947  1444  1686 W BroadcastQueue: u0 Receiving a broadcast in packagecom.hgperfko.yaeghrwx requires a permissions review
10-30 23:02:09.947  1444  1686 W BroadcastQueue: Skipping delivery: permission review required for Intent { act=android.intent.action.PACKAGE_ADDED dat=package: flg=0x4000010 (has extras) } from null (pid=1444, uid=1000) to com.hgperfko.yaeghrwx/.core.hLytdCQDBv
10-30 23:02:09.947  1444  1686 W BroadcastQueue: u0 Receiving a broadcast in packagecom.qiuqiu.dfmc requires a permissions review
10-30 23:02:09.947  1444  1686 W BroadcastQueue: Skipping delivery: permission review required for Intent { act=android.intent.action.PACKAGE_ADDED dat=package: flg=0x4000010 (has extras) } from null (pid=1444, uid=1000) to com.qiuqiu.dfmc/cn.jpush.android.service.PushReceiver
10-30 23:02:09.947  1444  1686 W BroadcastQueue: u0 Receiving a broadcast in packagecom.safesys.viruskiller requires a permissions review
10-30 23:02:09.947  1444  1686 W BroadcastQueue: Skipping delivery: permission review required for Intent { act=android.intent.action.PACKAGE_ADDED dat=package: flg=0x4000010 (has extras) } from null (pid=1444, uid=1000) to com.safesys.viruskiller/.ScanPackageBroadcast
10-30 23:02:09.947  1444  1686 W BroadcastQueue: u0 Receiving a broadcast in packagecom.uc108.mobile.sdgj.bd1 requires a permissions review
10-30 23:02:09.947  1444  1686 W BroadcastQueue: Skipping delivery: permission review required for Intent { act=android.intent.action.PACKAGE_ADDED dat=package: flg=0x4000010 (has extras) } from null (pid=1444, uid=1000) to com.uc108.mobile.sdgj.bd1/com.baidu.tiebasdk.service.InstallReceiver
10-30 23:02:09.947  1444  1686 W BroadcastQueue: u0 Receiving a broadcast in packagecom.voicebianshengjinglingwc.wxl requires a permissions review
10-30 23:02:09.947  1444  1686 W BroadcastQueue: Skipping delivery: permission review required for Intent { act=android.intent.action.PACKAGE_ADDED dat=package: flg=0x4000010 (has extras) } from null (pid=1444, uid=1000) to com.voicebianshengjinglingwc.wxl/mp.ruu.Ztjjwrj
10-30 23:02:09.947  1444  1686 W BroadcastQueue: u0 Receiving a broadcast in packagecom.yoojar.zlsg.baidu requires a permissions review
10-30 23:02:09.947  1444  1686 W BroadcastQueue: Skipping delivery: permission review required for Intent { act=android.intent.action.PACKAGE_ADDED dat=package: flg=0x4000010 (has extras) } from null (pid=1444, uid=1000) to com.yoojar.zlsg.baidu/com.duoku.platform.download.broadcast.AppMonitorReceiver
10-30 23:02:09.947  1444  1686 W BroadcastQueue: u0 Receiving a broadcast in packageio.dcloud.H5BC6BF13 requires a permissions review
10-30 23:02:09.947  1444  1686 W BroadcastQueue: Skipping delivery: permission review required for Intent { act=android.intent.action.PACKAGE_ADDED dat=package: flg=0x4000010 (has extras) } from null (pid=1444, uid=1000) to io.dcloud.H5BC6BF13/io.dcloud.common.adapter.io.DownloadReceiver
10-30 23:02:09.975  1444  1444 I Telecom : DefaultDialerCache: Refreshing default dialer for user 0: now com.google.android.dialer: DDC.oR@A4o
10-30 23:02:09.979  1444  4177 W BackupTransportManager: Package com.init.env enabled setting: 0
10-30 23:02:09.990  1444  1830 E VerityUtils: Failed to measure fs-verity, errno 1: /data/app/~~VTOj1FoXg1fDyuQ4cSIvog==/com.init.env-y8BnP2c7bB5Trf3elDbALg==/base.apk
10-30 23:02:09.995  1444  5547 D CompatibilityChangeReporter: Compat change id reported: 161252188; UID 10265; state: DISABLED
10-30 23:02:10.105  1444  1685 W WindowMagnificationMgr: requestConnection duplicated request: connect=false, mConnectionState=DISCONNECTED
10-30 23:02:10.109  1444  5547 W BroadcastQueue: u0 Receiving a broadcast in packagecom.yoojar.zlsg.baidu requires a permissions review
10-30 23:02:10.109  1444  5547 W BroadcastQueue: Skipping delivery: permission review required for Intent { act=android.intent.action.PACKAGE_CHANGED dat=package: flg=0x5000010 (has extras) } from null (pid=1444, uid=1000) to com.yoojar.zlsg.baidu/com.duoku.platform.download.broadcast.AppMonitorReceiver
10-30 23:02:10.119  1444  1833 E PackageManager: ERROR: could not load root hash from incremental install
10-30 23:02:10.128  1444  1833 I PackageManager: Integrity check passed for file:///data/app/vmdl1869699637.tmp
10-30 23:02:10.147  1444  1685 W PackageManager: Failed registering loading progress callback. Package is fully loaded.
10-30 23:02:10.157  1444  1685 W WindowMagnificationMgr: requestConnection duplicated request: connect=false, mConnectionState=DISCONNECTED
