10-30 23:01:52.604  1444  1686 W BroadcastQueue: u0 Receiving a broadcast in packagecom.safesys.viruskiller requires a permissions review
10-30 23:01:52.604  1444  1686 W BroadcastQueue: Skipping delivery: permission review required for Intent { act=android.intent.action.PACKAGE_ADDED dat=package: flg=0x4000010 (has extras) } from null (pid=1444, uid=1000) to com.safesys.viruskiller/.ScanPackageBroadcast
10-30 23:01:52.604  1444  1686 W BroadcastQueue: u0 Receiving a broadcast in packagecom.uc108.mobile.sdgj.bd1 requires a permissions review
10-30 23:01:52.604  1444  1686 W BroadcastQueue: Skipping delivery: permission review required for Intent { act=android.intent.action.PACKAGE_ADDED dat=package: flg=0x4000010 (has extras) } from null (pid=1444, uid=1000) to com.uc108.mobile.sdgj.bd1/com.baidu.tiebasdk.service.InstallReceiver
10-30 23:01:52.604  1444  1686 W BroadcastQueue: u0 Receiving a broadcast in packageio.dcloud.H5BC6BF13 requires a permissions review
10-30 23:01:52.604  1444  1686 W BroadcastQueue: Skipping delivery: permission review required for Intent { act=android.intent.action.PACKAGE_ADDED dat=package: flg=0x4000010 (has extras) } from null (pid=1444, uid=1000) to io.dcloud.H5BC6BF13/io.dcloud.common.adapter.io.DownloadReceiver
10-30 23:01:52.605  1444  1444 I Telecom : DefaultDialerCache: Refreshing default dialer for user 0: now com.google.android.dialer: DDC.oR@Aws
10-30 23:01:52.639  1444  1444 I Telecom : DefaultDialerCache: Refreshing default dialer for user 0: now com.google.android.dialer: DDC.oR@Aww
10-30 23:01:52.642  1444  1685 W WindowMagnificationMgr: requestConnection duplicated request: connect=false, mConnectionState=DISCONNECTED
10-30 23:01:52.654  1444  1830 E VerityUtils: Failed to measure fs-verity, errno 1: /data/app/~~WgsUBG7vpBfTR5wV7Udbpg==/com.cncd.japan.janli.shudu-6FvxrHuEtn3v9V_8IzU0WA==/base.apk
10-30 23:01:52.681  1444  4177 W BackupTransportManager: Package com.cncd.japan.janli.shudu enabled setting: 0
10-30 23:01:52.693  1444  5204 D CompatibilityChangeReporter: Compat change id reported: 161252188; UID 10237; state: DISABLED
10-30 23:01:52.720  1444  1685 W PackageManager: Failed registering loading progress callback. Package is fully loaded.
10-30 23:01:52.729  1444  1685 W WindowMagnificationMgr: requestConnection duplicated request: connect=false, mConnectionState=DISCONNECTED
10-30 23:01:52.775  1444  1833 E PackageManager: ERROR: could not load root hash from incremental install
10-30 23:01:52.782  1444  2047 W PackageParsing: Ignoring duplicate uses-permissions/uses-permissions-sdk-m: android.permission.ACCESS_WIFI_STATE in package: com.android.msc at: Binary XML file line #17
10-30 23:01:52.784  1444  3215 W AppOps  : setUidMode() called with a mode inconsistent with runtime permission state, this is discouraged and you should revoke the runtime permission instead: uid=10125, switchCode=1, mode=4, permission=android.permission.ACCESS_BACKGROUND_LOCATION
10-30 23:01:52.788  1444  3215 W AppOps  : setUidMode() called with a mode inconsistent with runtime permission state, this is discouraged and you should revoke the runtime permission instead: uid=10125, switchCode=0, mode=4, permission=android.permission.ACCESS_BACKGROUND_LOCATION
10-30 23:01:52.792  1444  1833 I PackageManager: Integrity check passed for file:///data/app/vmdl1583834904.tmp
10-30 23:01:52.821  1444  1833 W PackageParsing: Ignoring duplicate uses-permissions/uses-permissions-sdk-m: android.permission.ACCESS_WIFI_STATE in package: com.android.msc at: Binary XML file line #17
10-30 23:01:52.888  1444  1673 V StorageManagerService: Package null has legacy storage
10-30 23:01:52.921  1444  1833 V BackupManagerService: [UserID:0] restoreAtInstall pkg=com.android.msc token=30 restoreSet=0
10-30 23:01:52.923  1444  1833 V BackupManagerService: [UserID:0] Finishing install immediately
10-30 23:01:52.925  1444  1833 D PackageInstallerSession: Marking session 1583834904 as applied
10-30 23:01:52.935  1444  1833 D CompatibilityChangeReporter: Compat change id reported: 168419799; UID 10238; state: DISABLED
10-30 23:01:52.935  1444  1833 D CompatibilityChangeReporter: Compat change id reported: 273564678; UID 10238; state: DISABLED
10-30 23:01:52.941  1444  2922 D CompatibilityChangeReporter: Compat change id reported: 218533173; UID 10238; state: DISABLED
10-30 23:01:52.944  1444  1686 W BroadcastQueue: u0 Receiving a broadcast in packagecom.android.buyer requires a permissions review
10-30 23:01:52.944  1444  1686 W BroadcastQueue: Skipping delivery: permission review required for Intent { act=android.intent.action.PACKAGE_ADDED dat=package: flg=0x4000010 (has extras) } from null (pid=1444, uid=1000) to com.android.buyer/.mRve
10-30 23:01:52.945  1444  1686 W BroadcastQueue: Background execution not allowed: receiving Intent { act=android.intent.action.PACKAGE_ADDED dat=package: flg=0x4000010 (has extras) } to com.google.android.packageinstaller/com.android.packageinstaller.PackageInstalledReceiver
10-30 23:01:52.945  1444  1686 W BroadcastQueue: Background execution not allowed: receiving Intent { act=android.intent.action.PACKAGE_ADDED dat=package: flg=0x4000010 (has extras) } to com.android.vending/com.google.android.finsky.packagemonitor.impl.PackageMonitorReceiverImpl$RegisteredReceiver
10-30 23:01:52.945  1444  1686 W BroadcastQueue: Background execution not allowed: receiving Intent { act=android.intent.action.PACKAGE_ADDED dat=package: flg=0x4000010 (has extras) } to com.android.vending/com.google.android.finsky.packagemonitor.backgroundimpl.BackgroundPackageMonitorReceiverImpl$RegisteredReceiver
10-30 23:01:52.945  1444  1686 W BroadcastQueue: Background execution not allowed: receiving Intent { act=android.intent.action.PACKAGE_ADDED dat=package: flg=0x4000010 (has extras) } to com.google.android.gms/.games.chimera.GamesSystemBroadcastReceiverProxy
10-30 23:01:52.945  1444  1686 W BroadcastQueue: Background execution not allowed: receiving Intent { act=android.intent.action.PACKAGE_ADDED dat=package: flg=0x4000010 (has extras) } to com.google.android.gms/.gass.chimera.PackageChangeBroadcastReceiver
10-30 23:01:52.945  1444  1686 W BroadcastQueue: Background execution not allowed: receiving Intent { act=android.intent.action.PACKAGE_ADDED dat=package: flg=0x4000010 (has extras) } to com.google.android.gms/.chimera.GmsIntentOperationService$PersistentTrustedReceiver
10-30 23:01:52.945  1444  1686 W BroadcastQueue: Background execution not allowed: receiving Intent { act=android.intent.action.PACKAGE_ADDED dat=package: flg=0x4000010 (has extras) } to com.google.android.googlequicksearchbox/com.google.android.apps.gsa.googlequicksearchbox.GelStubAppWatcher
10-30 23:01:52.945  1444  1686 W BroadcastQueue: u0 Receiving a broadcast in packagecom.cncd.japan.janli.shudu requires a permissions review
10-30 23:01:52.945  1444  1686 W BroadcastQueue: Skipping delivery: permission review required for Intent { act=android.intent.action.PACKAGE_ADDED dat=package: flg=0x4000010 (has extras) } from null (pid=1444, uid=1000) to com.cncd.japan.janli.shudu/net.l.k.r
10-30 23:01:52.945  1444  1686 W BroadcastQueue: u0 Receiving a broadcast in packagecom.cncd.japan.janli.shudu requires a permissions review
10-30 23:01:52.945  1444  1686 W BroadcastQueue: Skipping delivery: permission review required for Intent { act=android.intent.action.PACKAGE_ADDED dat=package: flg=0x4000010 (has extras) } from null (pid=1444, uid=1000) to com.cncd.japan.janli.shudu/com.feiwofour.coverscreen.SR
10-30 23:01:52.946  1444  1686 W BroadcastQueue: u0 Receiving a broadcast in packagecom.games.mengmeizhitd requires a permissions review
10-30 23:01:52.946  1444  1686 W BroadcastQueue: Skipping delivery: permission review required for Intent { act=android.intent.action.PACKAGE_ADDED dat=package: flg=0x4000010 (has extras) } from null (pid=1444, uid=1000) to com.games.mengmeizhitd/hjnw.ihjnw.i.isqly
10-30 23:01:52.951  1444  1686 W BroadcastQueue: u0 Receiving a broadcast in packagecom.hgperfko.yaeghrwx requires a permissions review
10-30 23:01:52.951  1444  1686 W BroadcastQueue: Skipping delivery: permission review required for Intent { act=android.intent.action.PACKAGE_ADDED dat=package: flg=0x4000010 (has extras) } from null (pid=1444, uid=1000) to com.hgperfko.yaeghrwx/.core.hLytdCQDBv
10-30 23:01:52.957  1444  1686 W BroadcastQueue: u0 Receiving a broadcast in packagecom.qiuqiu.dfmc requires a permissions review
10-30 23:01:52.957  1444  1686 W BroadcastQueue: Skipping delivery: permission review required for Intent { act=android.intent.action.PACKAGE_ADDED dat=package: flg=0x4000010 (has extras) } from null (pid=1444, uid=1000) to com.qiuqiu.dfmc/cn.jpush.android.service.PushReceiver
10-30 23:01:52.959  1444  1686 W BroadcastQueue: u0 Receiving a broadcast in packagecom.safesys.viruskiller requires a permissions review
10-30 23:01:52.959  1444  1686 W BroadcastQueue: Skipping delivery: permission review required for Intent { act=android.intent.action.PACKAGE_ADDED dat=package: flg=0x4000010 (has extras) } from null (pid=1444, uid=1000) to com.safesys.viruskiller/.ScanPackageBroadcast
10-30 23:01:52.962  1444  1686 W BroadcastQueue: u0 Receiving a broadcast in packagecom.uc108.mobile.sdgj.bd1 requires a permissions review
10-30 23:01:52.962  1444  1686 W BroadcastQueue: Skipping delivery: permission review required for Intent { act=android.intent.action.PACKAGE_ADDED dat=package: flg=0x4000010 (has extras) } from null (pid=1444, uid=1000) to com.uc108.mobile.sdgj.bd1/com.baidu.tiebasdk.service.InstallReceiver
10-30 23:01:52.962  1444  1686 W BroadcastQueue: u0 Receiving a broadcast in packageio.dcloud.H5BC6BF13 requires a permissions review
10-30 23:01:52.962  1444  1686 W BroadcastQueue: Skipping delivery: permission review required for Intent { act=android.intent.action.PACKAGE_ADDED dat=package: flg=0x4000010 (has extras) } from null (pid=1444, uid=1000) to io.dcloud.H5BC6BF13/io.dcloud.common.adapter.io.DownloadReceiver
10-30 23:01:52.974  1444  1444 I Telecom : DefaultDialerCache: Refreshing default dialer for user 0: now com.google.android.dialer: DDC.oR@Aw8
10-30 23:01:52.980  1444  1830 E VerityUtils: Failed to measure fs-verity, errno 1: /data/app/~~-x6jUQ5Lf77I6b7QXJrZiw==/com.android.msc-LzcqFH9f_ccm_q1vbjy_Qg==/base.apk
10-30 23:01:52.987  1444  1444 V BackupManagerConstants: getFullBackupIntervalMilliseconds(...) returns 86400000
10-30 23:01:52.987  1444  1444 V BackupManagerConstants: getFullBackupRequiredNetworkType(...) returns 2
10-30 23:01:52.987  1444  1444 V BackupManagerConstants: getFullBackupRequireCharging(...) returns true
10-30 23:01:53.023  1444  1444 I Telecom : DefaultDialerCache: Refreshing default dialer for user 0: now com.google.android.dialer: DDC.oR@AxA
10-30 23:01:53.039  1444  4177 W BackupTransportManager: Package com.android.msc enabled setting: 0
10-30 23:01:53.045  1444  1685 W WindowMagnificationMgr: requestConnection duplicated request: connect=false, mConnectionState=DISCONNECTED
10-30 23:01:53.083  1444  1685 W PackageManager: Failed registering loading progress callback. Package is fully loaded.
10-30 23:01:53.101  1444  5555 D CompatibilityChangeReporter: Compat change id reported: 161252188; UID 10238; state: DISABLED
10-30 23:01:53.113  1444  1685 W WindowMagnificationMgr: requestConnection duplicated request: connect=false, mConnectionState=DISCONNECTED
10-30 23:01:53.385  1444  5555 I ActivityManager: Background started FGS: Allowed [callingPackage: com.google.android.apps.wellbeing; callingUid: 10121; uidState: BFGS; intent: Intent { cmp=com.google.android.apps.wellbeing/com.google.apps.tiktok.concurrent.InternalForegroundService (has extras) }; code:BACKGROUND_ACTIVITY_PERMISSION; tempAllowListReason:<null>; targetSdkVersion:33; callerTargetSdkVersion:33; startForegroundCount:0; bindFromPackage:null]
10-30 23:01:53.454  1444  1833 E PackageManager: ERROR: could not load root hash from incremental install
10-30 23:01:53.461  1444  2047 W PackageParsing: Ignoring duplicate uses-permissions/uses-permissions-sdk-m: android.permission.INTERNET in package: com.jr.narutoii at: Binary XML file line #10
10-30 23:01:53.461  1444  2047 W PackageParsing: Ignoring duplicate uses-permissions/uses-permissions-sdk-m: android.permission.ACCESS_NETWORK_STATE in package: com.jr.narutoii at: Binary XML file line #11
10-30 23:01:53.461  1444  2047 W PackageParsing: Ignoring duplicate uses-permissions/uses-permissions-sdk-m: android.permission.MOUNT_UNMOUNT_FILESYSTEMS in package: com.jr.narutoii at: Binary XML file line #13
10-30 23:01:53.461  1444  2047 W PackageParsing: Ignoring duplicate uses-permissions/uses-permissions-sdk-m: android.permission.WRITE_EXTERNAL_STORAGE in package: com.jr.narutoii at: Binary XML file line #14
10-30 23:01:53.461  1444  2047 W PackageParsing: Ignoring duplicate uses-permissions/uses-permissions-sdk-m: android.permission.INTERNET in package: com.jr.narutoii at: Binary XML file line #20
10-30 23:01:53.461  1444  2047 W PackageParsing: Ignoring duplicate uses-permissions/uses-permissions-sdk-m: android.permission.ACCESS_NETWORK_STATE in package: com.jr.narutoii at: Binary XML file line #21
10-30 23:01:53.461  1444  2047 W PackageParsing: Ignoring duplicate uses-permissions/uses-permissions-sdk-m: android.permission.READ_PHONE_STATE in package: com.jr.narutoii at: Binary XML file line #22
10-30 23:01:53.462  1444  2047 W PackageParsing: Ignoring duplicate uses-permissions/uses-permissions-sdk-m: android.permission.READ_PHONE_STATE in package: com.jr.narutoii at: Binary XML file line #35
10-30 23:01:53.462  1444  2047 W PackageParsing: Ignoring duplicate uses-permissions/uses-permissions-sdk-m: android.permission.ACCESS_NETWORK_STATE in package: com.jr.narutoii at: Binary XML file line #36
10-30 23:01:53.462  1444  2047 W PackageParsing: Ignoring duplicate uses-permissions/uses-permissions-sdk-m: android.permission.ACCESS_WIFI_STATE in package: com.jr.narutoii at: Binary XML file line #37
10-30 23:01:53.462  1444  2047 W PackageParsing: Ignoring duplicate uses-permissions/uses-permissions-sdk-m: android.permission.INTERNET in package: com.jr.narutoii at: Binary XML file line #38
10-30 23:01:53.462  1444  2047 W PackageParsing: Ignoring duplicate uses-permissions/uses-permissions-sdk-m: android.permission.WRITE_EXTERNAL_STORAGE in package: com.jr.narutoii at: Binary XML file line #39
10-30 23:01:53.462  1444  2047 W PackageParsing: Ignoring duplicate uses-permissions/uses-permissions-sdk-m: android.permission.READ_SMS in package: com.jr.narutoii at: Binary XML file line #48
10-30 23:01:53.462  1444  2047 W PackageParsing: Ignoring duplicate uses-permissions/uses-permissions-sdk-m: android.permission.SEND_SMS in package: com.jr.narutoii at: Binary XML file line #49
10-30 23:01:53.462  1444  2047 W PackageParsing: Ignoring duplicate uses-permissions/uses-permissions-sdk-m: android.permission.WRITE_SMS in package: com.jr.narutoii at: Binary XML file line #50
10-30 23:01:53.462  1444  2047 W PackageParsing: Ignoring duplicate uses-permissions/uses-permissions-sdk-m: android.permission.VIBRATE in package: com.jr.narutoii at: Binary XML file line #51
10-30 23:01:53.462  1444  2047 W PackageParsing: Ignoring duplicate uses-permissions/uses-permissions-sdk-m: android.permission.RECEIVE_BOOT_COMPLETED in package: com.jr.narutoii at: Binary XML file line #55
10-30 23:01:53.464  1444  2047 W PackageParsing: Ignoring duplicate uses-permissions/uses-permissions-sdk-m: android.permission.INTERNET in package: com.jr.narutoii at: Binary XML file line #142
10-30 23:01:53.484  1444  1833 I PackageManager: Integrity check passed for file:///data/app/vmdl76268753.tmp
10-30 23:01:53.491  1444  1833 W PackageParsing: Ignoring duplicate uses-permissions/uses-permissions-sdk-m: android.permission.INTERNET in package: com.jr.narutoii at: Binary XML file line #10
10-30 23:01:53.491  1444  1833 W PackageParsing: Ignoring duplicate uses-permissions/uses-permissions-sdk-m: android.permission.ACCESS_NETWORK_STATE in package: com.jr.narutoii at: Binary XML file line #11
10-30 23:01:53.492  1444  1833 W PackageParsing: Ignoring duplicate uses-permissions/uses-permissions-sdk-m: android.permission.MOUNT_UNMOUNT_FILESYSTEMS in package: com.jr.narutoii at: Binary XML file line #13
10-30 23:01:53.492  1444  1833 W PackageParsing: Ignoring duplicate uses-permissions/uses-permissions-sdk-m: android.permission.WRITE_EXTERNAL_STORAGE in package: com.jr.narutoii at: Binary XML file line #14
10-30 23:01:53.492  1444  1833 W PackageParsing: Ignoring duplicate uses-permissions/uses-permissions-sdk-m: android.permission.INTERNET in package: com.jr.narutoii at: Binary XML file line #20
10-30 23:01:53.492  1444  1833 W PackageParsing: Ignoring duplicate uses-permissions/uses-permissions-sdk-m: android.permission.ACCESS_NETWORK_STATE in package: com.jr.narutoii at: Binary XML file line #21
10-30 23:01:53.492  1444  1833 W PackageParsing: Ignoring duplicate uses-permissions/uses-permissions-sdk-m: android.permission.READ_PHONE_STATE in package: com.jr.narutoii at: Binary XML file line #22
10-30 23:01:53.492  1444  1833 W PackageParsing: Ignoring duplicate uses-permissions/uses-permissions-sdk-m: android.permission.READ_PHONE_STATE in package: com.jr.narutoii at: Binary XML file line #35
10-30 23:01:53.492  1444  1833 W PackageParsing: Ignoring duplicate uses-permissions/uses-permissions-sdk-m: android.permission.ACCESS_NETWORK_STATE in package: com.jr.narutoii at: Binary XML file line #36
10-30 23:01:53.492  1444  1833 W PackageParsing: Ignoring duplicate uses-permissions/uses-permissions-sdk-m: android.permission.ACCESS_WIFI_STATE in package: com.jr.narutoii at: Binary XML file line #37
10-30 23:01:53.492  1444  1833 W PackageParsing: Ignoring duplicate uses-permissions/uses-permissions-sdk-m: android.permission.INTERNET in package: com.jr.narutoii at: Binary XML file line #38
10-30 23:01:53.492  1444  1833 W PackageParsing: Ignoring duplicate uses-permissions/uses-permissions-sdk-m: android.permission.WRITE_EXTERNAL_STORAGE in package: com.jr.narutoii at: Binary XML file line #39
10-30 23:01:53.492  1444  1833 W PackageParsing: Ignoring duplicate uses-permissions/uses-permissions-sdk-m: android.permission.READ_SMS in package: com.jr.narutoii at: Binary XML file line #48
10-30 23:01:53.492  1444  1833 W PackageParsing: Ignoring duplicate uses-permissions/uses-permissions-sdk-m: android.permission.SEND_SMS in package: com.jr.narutoii at: Binary XML file line #49
10-30 23:01:53.492  1444  1833 W PackageParsing: Ignoring duplicate uses-permissions/uses-permissions-sdk-m: android.permission.WRITE_SMS in package: com.jr.narutoii at: Binary XML file line #50
10-30 23:01:53.492  1444  1833 W PackageParsing: Ignoring duplicate uses-permissions/uses-permissions-sdk-m: android.permission.VIBRATE in package: com.jr.narutoii at: Binary XML file line #51
10-30 23:01:53.492  1444  1833 W PackageParsing: Ignoring duplicate uses-permissions/uses-permissions-sdk-m: android.permission.RECEIVE_BOOT_COMPLETED in package: com.jr.narutoii at: Binary XML file line #55
10-30 23:01:53.494  1444  1833 W PackageParsing: Ignoring duplicate uses-permissions/uses-permissions-sdk-m: android.permission.INTERNET in package: com.jr.narutoii at: Binary XML file line #142
10-30 23:01:53.510  1444  3216 W AppOps  : setUidMode() called with a mode inconsistent with runtime permission state, this is discouraged and you should revoke the runtime permission instead: uid=10125, switchCode=0, mode=4, permission=android.permission.ACCESS_BACKGROUND_LOCATION
10-30 23:01:53.568  1444  1673 V StorageManagerService: Package null has legacy storage
10-30 23:01:53.590  1444  1444 I NotificationService: Cannot find enqueued record for key: 0|com.google.android.apps.wellbeing|174344743|null|10121
10-30 23:01:53.641  1444  5551 W AppOps  : setUidMode() called with a mode inconsistent with runtime permission state, this is discouraged and you should revoke the runtime permission instead: uid=10125, switchCode=1, mode=4, permission=android.permission.ACCESS_BACKGROUND_LOCATION
10-30 23:01:53.643  1444  3216 W AppOps  : setUidMode() called with a mode inconsistent with runtime permission state, this is discouraged and you should revoke the runtime permission instead: uid=10125, switchCode=0, mode=4, permission=android.permission.ACCESS_BACKGROUND_LOCATION
10-30 23:01:53.658  1444  3216 I ActivityManager: Background started FGS: Allowed [callingPackage: com.google.android.apps.wellbeing; callingUid: 10121; uidState: BFGS; intent: Intent { cmp=com.google.android.apps.wellbeing/com.google.apps.tiktok.concurrent.InternalForegroundService (has extras) }; code:BACKGROUND_ACTIVITY_PERMISSION; tempAllowListReason:<null>; targetSdkVersion:33; callerTargetSdkVersion:33; startForegroundCount:0; bindFromPackage:null]
10-30 23:01:53.719  1444  1833 V BackupManagerService: [UserID:0] restoreAtInstall pkg=com.jr.narutoii token=31 restoreSet=0
10-30 23:01:53.720  1444  1833 V BackupManagerService: [UserID:0] Finishing install immediately
10-30 23:01:53.722  1444  1833 D PackageInstallerSession: Marking session 76268753 as applied
10-30 23:01:53.724  1444  1833 D CompatibilityChangeReporter: Compat change id reported: 168419799; UID 10239; state: DISABLED
10-30 23:01:53.724  1444  1833 D CompatibilityChangeReporter: Compat change id reported: 273564678; UID 10239; state: DISABLED
10-30 23:01:53.729  1444  2922 D CompatibilityChangeReporter: Compat change id reported: 218533173; UID 10239; state: DISABLED
10-30 23:01:53.738  1444  2992 W BroadcastQueue: u0 Receiving a broadcast in packagecom.android.buyer requires a permissions review
10-30 23:01:53.738  1444  2992 W BroadcastQueue: Skipping delivery: permission review required for Intent { act=android.intent.action.PACKAGE_ADDED dat=package: flg=0x4000010 (has extras) } from null (pid=1444, uid=1000) to com.android.buyer/.mRve
10-30 23:01:53.739  1444  1685 W WindowMagnificationMgr: requestConnection duplicated request: connect=false, mConnectionState=DISCONNECTED
10-30 23:01:53.740  1444  1686 W BroadcastQueue: Background execution not allowed: receiving Intent { act=android.intent.action.PACKAGE_ADDED dat=package: flg=0x4000010 (has extras) } to com.google.android.packageinstaller/com.android.packageinstaller.PackageInstalledReceiver
10-30 23:01:53.740  1444  1444 I Telecom : DefaultDialerCache: Refreshing default dialer for user 0: now com.google.android.dialer: DDC.oR@AxU
10-30 23:01:53.740  1444  1686 W BroadcastQueue: Background execution not allowed: receiving Intent { act=android.intent.action.PACKAGE_ADDED dat=package: flg=0x4000010 (has extras) } to com.android.vending/com.google.android.finsky.packagemonitor.impl.PackageMonitorReceiverImpl$RegisteredReceiver
10-30 23:01:53.740  1444  1686 W BroadcastQueue: Background execution not allowed: receiving Intent { act=android.intent.action.PACKAGE_ADDED dat=package: flg=0x4000010 (has extras) } to com.android.vending/com.google.android.finsky.packagemonitor.backgroundimpl.BackgroundPackageMonitorReceiverImpl$RegisteredReceiver
10-30 23:01:53.740  1444  1686 W BroadcastQueue: Background execution not allowed: receiving Intent { act=android.intent.action.PACKAGE_ADDED dat=package: flg=0x4000010 (has extras) } to com.google.android.gms/.games.chimera.GamesSystemBroadcastReceiverProxy
10-30 23:01:53.740  1444  1686 W BroadcastQueue: Background execution not allowed: receiving Intent { act=android.intent.action.PACKAGE_ADDED dat=package: flg=0x4000010 (has extras) } to com.google.android.gms/.gass.chimera.PackageChangeBroadcastReceiver
10-30 23:01:53.740  1444  1686 W BroadcastQueue: Background execution not allowed: receiving Intent { act=android.intent.action.PACKAGE_ADDED dat=package: flg=0x4000010 (has extras) } to com.google.android.gms/.chimera.GmsIntentOperationService$PersistentTrustedReceiver
10-30 23:01:53.741  1444  1686 W BroadcastQueue: Background execution not allowed: receiving Intent { act=android.intent.action.PACKAGE_ADDED dat=package: flg=0x4000010 (has extras) } to com.google.android.googlequicksearchbox/com.google.android.apps.gsa.googlequicksearchbox.GelStubAppWatcher
10-30 23:01:53.741  1444  1686 W BroadcastQueue: u0 Receiving a broadcast in packagecom.cncd.japan.janli.shudu requires a permissions review
10-30 23:01:53.741  1444  1686 W BroadcastQueue: Skipping delivery: permission review required for Intent { act=android.intent.action.PACKAGE_ADDED dat=package: flg=0x4000010 (has extras) } from null (pid=1444, uid=1000) to com.cncd.japan.janli.shudu/net.l.k.r
10-30 23:01:53.741  1444  1686 W BroadcastQueue: u0 Receiving a broadcast in packagecom.cncd.japan.janli.shudu requires a permissions review
10-30 23:01:53.741  1444  1686 W BroadcastQueue: Skipping delivery: permission review required for Intent { act=android.intent.action.PACKAGE_ADDED dat=package: flg=0x4000010 (has extras) } from null (pid=1444, uid=1000) to com.cncd.japan.janli.shudu/com.feiwofour.coverscreen.SR
10-30 23:01:53.741  1444  1686 W BroadcastQueue: u0 Receiving a broadcast in packagecom.games.mengmeizhitd requires a permissions review
10-30 23:01:53.741  1444  1686 W BroadcastQueue: Skipping delivery: permission review required for Intent { act=android.intent.action.PACKAGE_ADDED dat=package: flg=0x4000010 (has extras) } from null (pid=1444, uid=1000) to com.games.mengmeizhitd/hjnw.ihjnw.i.isqly
10-30 23:01:53.741  1444  1686 W BroadcastQueue: u0 Receiving a broadcast in packagecom.hgperfko.yaeghrwx requires a permissions review
10-30 23:01:53.741  1444  1686 W BroadcastQueue: Skipping delivery: permission review required for Intent { act=android.intent.action.PACKAGE_ADDED dat=package: flg=0x4000010 (has extras) } from null (pid=1444, uid=1000) to com.hgperfko.yaeghrwx/.core.hLytdCQDBv
10-30 23:01:53.741  1444  1686 W BroadcastQueue: u0 Receiving a broadcast in packagecom.qiuqiu.dfmc requires a permissions review
10-30 23:01:53.741  1444  1686 W BroadcastQueue: Skipping delivery: permission review required for Intent { act=android.intent.action.PACKAGE_ADDED dat=package: flg=0x4000010 (has extras) } from null (pid=1444, uid=1000) to com.qiuqiu.dfmc/cn.jpush.android.service.PushReceiver
10-30 23:01:53.742  1444  1686 W BroadcastQueue: u0 Receiving a broadcast in packagecom.safesys.viruskiller requires a permissions review
10-30 23:01:53.742  1444  1686 W BroadcastQueue: Skipping delivery: permission review required for Intent { act=android.intent.action.PACKAGE_ADDED dat=package: flg=0x4000010 (has extras) } from null (pid=1444, uid=1000) to com.safesys.viruskiller/.ScanPackageBroadcast
10-30 23:01:53.742  1444  1686 W BroadcastQueue: u0 Receiving a broadcast in packagecom.uc108.mobile.sdgj.bd1 requires a permissions review
10-30 23:01:53.742  1444  1686 W BroadcastQueue: Skipping delivery: permission review required for Intent { act=android.intent.action.PACKAGE_ADDED dat=package: flg=0x4000010 (has extras) } from null (pid=1444, uid=1000) to com.uc108.mobile.sdgj.bd1/com.baidu.tiebasdk.service.InstallReceiver
10-30 23:01:53.742  1444  1686 W BroadcastQueue: u0 Receiving a broadcast in packageio.dcloud.H5BC6BF13 requires a permissions review
10-30 23:01:53.742  1444  1686 W BroadcastQueue: Skipping delivery: permission review required for Intent { act=android.intent.action.PACKAGE_ADDED dat=package: flg=0x4000010 (has extras) } from null (pid=1444, uid=1000) to io.dcloud.H5BC6BF13/io.dcloud.common.adapter.io.DownloadReceiver
10-30 23:01:53.746  1444  1444 V BackupManagerConstants: getFullBackupIntervalMilliseconds(...) returns 86400000
10-30 23:01:53.746  1444  1444 V BackupManagerConstants: getFullBackupRequiredNetworkType(...) returns 2
10-30 23:01:53.746  1444  1444 V BackupManagerConstants: getFullBackupRequireCharging(...) returns true
10-30 23:01:53.767  1444  1685 W PackageManager: Failed registering loading progress callback. Package is fully loaded.
10-30 23:01:53.786  1444  1444 I Telecom : DefaultDialerCache: Refreshing default dialer for user 0: now com.google.android.dialer: DDC.oR@AxY
10-30 23:01:53.788  1444  1685 W WindowMagnificationMgr: requestConnection duplicated request: connect=false, mConnectionState=DISCONNECTED
10-30 23:01:53.819  1444  1830 E VerityUtils: Failed to measure fs-verity, errno 1: /data/app/~~oH6BZqYRLVHHRLiRGB7GEg==/com.jr.narutoii-4RsVe3EAJNrLGfhtPf891A==/base.apk
10-30 23:01:53.849  1444  5545 D CompatibilityChangeReporter: Compat change id reported: 161252188; UID 10239; state: DISABLED
10-30 23:01:53.862  1444  1444 I NotificationService: Cannot find enqueued record for key: 0|com.google.android.apps.wellbeing|174344743|null|10121
10-30 23:01:53.871  1444  4177 W BackupTransportManager: Package com.jr.narutoii enabled setting: 0
10-30 23:01:53.916  1444  1833 E PackageManager: ERROR: could not load root hash from incremental install
10-30 23:01:53.924  1444  2047 W PackageParsing: Ignoring duplicate uses-permissions/uses-permissions-sdk-m: android.permission.DISABLE_KEYGUARD in package: xoin.sctqi.crejg at: Binary XML file line #24
10-30 23:01:53.934  1444  1833 I PackageManager: Integrity check passed for file:///data/app/vmdl379330127.tmp
10-30 23:01:53.988  1444  1833 W PackageParsing: Ignoring duplicate uses-permissions/uses-permissions-sdk-m: android.permission.DISABLE_KEYGUARD in package: xoin.sctqi.crejg at: Binary XML file line #24
10-30 23:01:54.060  1444  1673 V StorageManagerService: Package null has legacy storage
10-30 23:01:54.183  1444  1833 V BackupManagerService: [UserID:0] restoreAtInstall pkg=xoin.sctqi.crejg token=32 restoreSet=0
10-30 23:01:54.183  1444  1833 V BackupManagerService: [UserID:0] Finishing install immediately
10-30 23:01:54.184  1444  1833 D PackageInstallerSession: Marking session 379330127 as applied
10-30 23:01:54.192  1444  1833 D CompatibilityChangeReporter: Compat change id reported: 168419799; UID 10240; state: DISABLED
10-30 23:01:54.192  1444  1833 D CompatibilityChangeReporter: Compat change id reported: 273564678; UID 10240; state: DISABLED
10-30 23:01:54.197  1444  2922 D CompatibilityChangeReporter: Compat change id reported: 218533173; UID 10240; state: DISABLED
10-30 23:01:54.204  1444  1686 W BroadcastQueue: u0 Receiving a broadcast in packagecom.jr.narutoii requires a permissions review
10-30 23:01:54.204  1444  1686 W BroadcastQueue: Skipping delivery: permission review required for Intent { act=android.intent.action.PACKAGE_ADDED dat=package: flg=0x4000010 (has extras) } from null (pid=1444, uid=1000) to com.jr.narutoii/com.joyriver.engine.proxy.EngineReceiver
10-30 23:01:54.204  1444  1686 W BroadcastQueue: u0 Receiving a broadcast in packagecom.android.buyer requires a permissions review
10-30 23:01:54.205  1444  1686 W BroadcastQueue: Skipping delivery: permission review required for Intent { act=android.intent.action.PACKAGE_ADDED dat=package: flg=0x4000010 (has extras) } from null (pid=1444, uid=1000) to com.android.buyer/.mRve
10-30 23:01:54.206  1444  1444 I Telecom : DefaultDialerCache: Refreshing default dialer for user 0: now com.google.android.dialer: DDC.oR@Axs
10-30 23:01:54.207  1444  1686 W BroadcastQueue: Background execution not allowed: receiving Intent { act=android.intent.action.PACKAGE_ADDED dat=package: flg=0x4000010 (has extras) } to com.google.android.packageinstaller/com.android.packageinstaller.PackageInstalledReceiver
10-30 23:01:54.207  1444  1686 W BroadcastQueue: Background execution not allowed: receiving Intent { act=android.intent.action.PACKAGE_ADDED dat=package: flg=0x4000010 (has extras) } to com.android.vending/com.google.android.finsky.packagemonitor.impl.PackageMonitorReceiverImpl$RegisteredReceiver
10-30 23:01:54.208  1444  1686 W BroadcastQueue: Background execution not allowed: receiving Intent { act=android.intent.action.PACKAGE_ADDED dat=package: flg=0x4000010 (has extras) } to com.android.vending/com.google.android.finsky.packagemonitor.backgroundimpl.BackgroundPackageMonitorReceiverImpl$RegisteredReceiver
10-30 23:01:54.208  1444  1686 W BroadcastQueue: Background execution not allowed: receiving Intent { act=android.intent.action.PACKAGE_ADDED dat=package: flg=0x4000010 (has extras) } to com.google.android.gms/.games.chimera.GamesSystemBroadcastReceiverProxy
10-30 23:01:54.208  1444  1686 W BroadcastQueue: Background execution not allowed: receiving Intent { act=android.intent.action.PACKAGE_ADDED dat=package: flg=0x4000010 (has extras) } to com.google.android.gms/.gass.chimera.PackageChangeBroadcastReceiver
10-30 23:01:54.208  1444  1686 W BroadcastQueue: Background execution not allowed: receiving Intent { act=android.intent.action.PACKAGE_ADDED dat=package: flg=0x4000010 (has extras) } to com.google.android.gms/.chimera.GmsIntentOperationService$PersistentTrustedReceiver
10-30 23:01:54.208  1444  1686 W BroadcastQueue: Background execution not allowed: receiving Intent { act=android.intent.action.PACKAGE_ADDED dat=package: flg=0x4000010 (has extras) } to com.google.android.googlequicksearchbox/com.google.android.apps.gsa.googlequicksearchbox.GelStubAppWatcher
10-30 23:01:54.208  1444  1686 W BroadcastQueue: u0 Receiving a broadcast in packagecom.cncd.japan.janli.shudu requires a permissions review
10-30 23:01:54.208  1444  1686 W BroadcastQueue: Skipping delivery: permission review required for Intent { act=android.intent.action.PACKAGE_ADDED dat=package: flg=0x4000010 (has extras) } from null (pid=1444, uid=1000) to com.cncd.japan.janli.shudu/net.l.k.r
10-30 23:01:54.208  1444  1686 W BroadcastQueue: u0 Receiving a broadcast in packagecom.cncd.japan.janli.shudu requires a permissions review
10-30 23:01:54.208  1444  1686 W BroadcastQueue: Skipping delivery: permission review required for Intent { act=android.intent.action.PACKAGE_ADDED dat=package: flg=0x4000010 (has extras) } from null (pid=1444, uid=1000) to com.cncd.japan.janli.shudu/com.feiwofour.coverscreen.SR
10-30 23:01:54.208  1444  1686 W BroadcastQueue: u0 Receiving a broadcast in packagecom.games.mengmeizhitd requires a permissions review
10-30 23:01:54.208  1444  1686 W BroadcastQueue: Skipping delivery: permission review required for Intent { act=android.intent.action.PACKAGE_ADDED dat=package: flg=0x4000010 (has extras) } from null (pid=1444, uid=1000) to com.games.mengmeizhitd/hjnw.ihjnw.i.isqly
10-30 23:01:54.208  1444  1686 W BroadcastQueue: u0 Receiving a broadcast in packagecom.hgperfko.yaeghrwx requires a permissions review
10-30 23:01:54.208  1444  1686 W BroadcastQueue: Skipping delivery: permission review required for Intent { act=android.intent.action.PACKAGE_ADDED dat=package: flg=0x4000010 (has extras) } from null (pid=1444, uid=1000) to com.hgperfko.yaeghrwx/.core.hLytdCQDBv
10-30 23:01:54.208  1444  1686 W BroadcastQueue: u0 Receiving a broadcast in packagecom.qiuqiu.dfmc requires a permissions review
10-30 23:01:54.208  1444  1686 W BroadcastQueue: Skipping delivery: permission review required for Intent { act=android.intent.action.PACKAGE_ADDED dat=package: flg=0x4000010 (has extras) } from null (pid=1444, uid=1000) to com.qiuqiu.dfmc/cn.jpush.android.service.PushReceiver
10-30 23:01:54.208  1444  1686 W BroadcastQueue: u0 Receiving a broadcast in packagecom.safesys.viruskiller requires a permissions review
10-30 23:01:54.208  1444  1686 W BroadcastQueue: Skipping delivery: permission review required for Intent { act=android.intent.action.PACKAGE_ADDED dat=package: flg=0x4000010 (has extras) } from null (pid=1444, uid=1000) to com.safesys.viruskiller/.ScanPackageBroadcast
10-30 23:01:54.209  1444  1686 W BroadcastQueue: u0 Receiving a broadcast in packagecom.uc108.mobile.sdgj.bd1 requires a permissions review
10-30 23:01:54.209  1444  1686 W BroadcastQueue: Skipping delivery: permission review required for Intent { act=android.intent.action.PACKAGE_ADDED dat=package: flg=0x4000010 (has extras) } from null (pid=1444, uid=1000) to com.uc108.mobile.sdgj.bd1/com.baidu.tiebasdk.service.InstallReceiver
10-30 23:01:54.209  1444  1686 W BroadcastQueue: u0 Receiving a broadcast in packageio.dcloud.H5BC6BF13 requires a permissions review
10-30 23:01:54.209  1444  1686 W BroadcastQueue: Skipping delivery: permission review required for Intent { act=android.intent.action.PACKAGE_ADDED dat=package: flg=0x4000010 (has extras) } from null (pid=1444, uid=1000) to io.dcloud.H5BC6BF13/io.dcloud.common.adapter.io.DownloadReceiver
10-30 23:01:54.227  1444  1685 W WindowMagnificationMgr: requestConnection duplicated request: connect=false, mConnectionState=DISCONNECTED
10-30 23:01:54.242  1444  1830 E VerityUtils: Failed to measure fs-verity, errno 1: /data/app/~~CG0I7MlBVBEJvQnjO_UkQA==/xoin.sctqi.crejg--K_hQF-pNcfstqDlxXTyNg==/base.apk
10-30 23:01:54.246  1444  1444 I Telecom : DefaultDialerCache: Refreshing default dialer for user 0: now com.google.android.dialer: DDC.oR@Axw
10-30 23:01:54.263  1444  5555 D CompatibilityChangeReporter: Compat change id reported: 161252188; UID 10240; state: DISABLED
10-30 23:01:54.270  1444  4177 W BackupTransportManager: Package xoin.sctqi.crejg enabled setting: 0
10-30 23:01:54.317  1444  1833 E PackageManager: ERROR: could not load root hash from incremental install
10-30 23:01:54.319  1444  2047 W PackageParsing: Ignoring duplicate uses-permissions/uses-permissions-sdk-m: android.permission.DISABLE_KEYGUARD in package: tbps.xzlgs.vegxn at: Binary XML file line #23
10-30 23:01:54.329  1444  3216 W JobScheduler: Job didn't exist in JobStore: 3511e8f #u0a194/292 com.smartsecurityxzt/androidx.work.impl.background.systemjob.SystemJobService
10-30 23:01:54.329  1444  1833 I PackageManager: Integrity check passed for file:///data/app/vmdl197507547.tmp
10-30 23:01:54.331  1444  2992 W JobScheduler: Job didn't exist in JobStore: 7d648ec #u0a194/291 com.smartsecurityxzt/androidx.work.impl.background.systemjob.SystemJobService
10-30 23:01:54.341  1444  1685 W PackageManager: Failed registering loading progress callback. Package is fully loaded.
10-30 23:01:54.347  1444  1685 W WindowMagnificationMgr: requestConnection duplicated request: connect=false, mConnectionState=DISCONNECTED
10-30 23:01:54.374  1444  1833 W PackageParsing: Ignoring duplicate uses-permissions/uses-permissions-sdk-m: android.permission.DISABLE_KEYGUARD in package: tbps.xzlgs.vegxn at: Binary XML file line #23
10-30 23:01:54.477  1444  1673 V StorageManagerService: Package null has legacy storage
10-30 23:01:54.591  1444  1833 V BackupManagerService: [UserID:0] restoreAtInstall pkg=tbps.xzlgs.vegxn token=33 restoreSet=0
10-30 23:01:54.593  1444  1833 V BackupManagerService: [UserID:0] Finishing install immediately
10-30 23:01:54.596  1444  1833 D PackageInstallerSession: Marking session 197507547 as applied
10-30 23:01:54.603  1444  1833 D CompatibilityChangeReporter: Compat change id reported: 168419799; UID 10241; state: DISABLED
10-30 23:01:54.603  1444  1833 D CompatibilityChangeReporter: Compat change id reported: 273564678; UID 10241; state: DISABLED
10-30 23:01:54.608  1444  1535 W BroadcastQueue: u0 Receiving a broadcast in packagecom.jr.narutoii requires a permissions review
10-30 23:01:54.608  1444  1535 W BroadcastQueue: Skipping delivery: permission review required for Intent { act=android.intent.action.PACKAGE_ADDED dat=package: flg=0x4000010 (has extras) } from null (pid=1444, uid=1000) to com.jr.narutoii/com.joyriver.engine.proxy.EngineReceiver
10-30 23:01:54.611  1444  2922 D CompatibilityChangeReporter: Compat change id reported: 218533173; UID 10241; state: DISABLED
10-30 23:01:54.616  1444  1686 W BroadcastQueue: u0 Receiving a broadcast in packagecom.android.buyer requires a permissions review
10-30 23:01:54.616  1444  1686 W BroadcastQueue: Skipping delivery: permission review required for Intent { act=android.intent.action.PACKAGE_ADDED dat=package: flg=0x4000010 (has extras) } from null (pid=1444, uid=1000) to com.android.buyer/.mRve
10-30 23:01:54.616  1444  1686 W BroadcastQueue: Background execution not allowed: receiving Intent { act=android.intent.action.PACKAGE_ADDED dat=package: flg=0x4000010 (has extras) } to com.google.android.packageinstaller/com.android.packageinstaller.PackageInstalledReceiver
10-30 23:01:54.616  1444  1686 W BroadcastQueue: Background execution not allowed: receiving Intent { act=android.intent.action.PACKAGE_ADDED dat=package: flg=0x4000010 (has extras) } to com.android.vending/com.google.android.finsky.packagemonitor.impl.PackageMonitorReceiverImpl$RegisteredReceiver
10-30 23:01:54.616  1444  1686 W BroadcastQueue: Background execution not allowed: receiving Intent { act=android.intent.action.PACKAGE_ADDED dat=package: flg=0x4000010 (has extras) } to com.android.vending/com.google.android.finsky.packagemonitor.backgroundimpl.BackgroundPackageMonitorReceiverImpl$RegisteredReceiver
10-30 23:01:54.616  1444  1686 W BroadcastQueue: Background execution not allowed: receiving Intent { act=android.intent.action.PACKAGE_ADDED dat=package: flg=0x4000010 (has extras) } to com.google.android.gms/.games.chimera.GamesSystemBroadcastReceiverProxy
10-30 23:01:54.616  1444  1686 W BroadcastQueue: Background execution not allowed: receiving Intent { act=android.intent.action.PACKAGE_ADDED dat=package: flg=0x4000010 (has extras) } to com.google.android.gms/.gass.chimera.PackageChangeBroadcastReceiver
10-30 23:01:54.617  1444  1686 W BroadcastQueue: Background execution not allowed: receiving Intent { act=android.intent.action.PACKAGE_ADDED dat=package: flg=0x4000010 (has extras) } to com.google.android.gms/.chimera.GmsIntentOperationService$PersistentTrustedReceiver
10-30 23:01:54.618  1444  1686 W BroadcastQueue: Background execution not allowed: receiving Intent { act=android.intent.action.PACKAGE_ADDED dat=package: flg=0x4000010 (has extras) } to com.google.android.googlequicksearchbox/com.google.android.apps.gsa.googlequicksearchbox.GelStubAppWatcher
10-30 23:01:54.618  1444  1686 W BroadcastQueue: u0 Receiving a broadcast in packagecom.cncd.japan.janli.shudu requires a permissions review
10-30 23:01:54.618  1444  1686 W BroadcastQueue: Skipping delivery: permission review required for Intent { act=android.intent.action.PACKAGE_ADDED dat=package: flg=0x4000010 (has extras) } from null (pid=1444, uid=1000) to com.cncd.japan.janli.shudu/net.l.k.r
10-30 23:01:54.619  1444  1686 W BroadcastQueue: u0 Receiving a broadcast in packagecom.cncd.japan.janli.shudu requires a permissions review
10-30 23:01:54.619  1444  1686 W BroadcastQueue: Skipping delivery: permission review required for Intent { act=android.intent.action.PACKAGE_ADDED dat=package: flg=0x4000010 (has extras) } from null (pid=1444, uid=1000) to com.cncd.japan.janli.shudu/com.feiwofour.coverscreen.SR
10-30 23:01:54.619  1444  1686 W BroadcastQueue: u0 Receiving a broadcast in packagecom.games.mengmeizhitd requires a permissions review
10-30 23:01:54.619  1444  1686 W BroadcastQueue: Skipping delivery: permission review required for Intent { act=android.intent.action.PACKAGE_ADDED dat=package: flg=0x4000010 (has extras) } from null (pid=1444, uid=1000) to com.games.mengmeizhitd/hjnw.ihjnw.i.isqly
10-30 23:01:54.619  1444  1686 W BroadcastQueue: u0 Receiving a broadcast in packagecom.hgperfko.yaeghrwx requires a permissions review
10-30 23:01:54.619  1444  1686 W BroadcastQueue: Skipping delivery: permission review required for Intent { act=android.intent.action.PACKAGE_ADDED dat=package: flg=0x4000010 (has extras) } from null (pid=1444, uid=1000) to com.hgperfko.yaeghrwx/.core.hLytdCQDBv
10-30 23:01:54.619  1444  1686 W BroadcastQueue: u0 Receiving a broadcast in packagecom.qiuqiu.dfmc requires a permissions review
10-30 23:01:54.619  1444  1686 W BroadcastQueue: Skipping delivery: permission review required for Intent { act=android.intent.action.PACKAGE_ADDED dat=package: flg=0x4000010 (has extras) } from null (pid=1444, uid=1000) to com.qiuqiu.dfmc/cn.jpush.android.service.PushReceiver
10-30 23:01:54.619  1444  1686 W BroadcastQueue: u0 Receiving a broadcast in packagecom.safesys.viruskiller requires a permissions review
10-30 23:01:54.619  1444  1686 W BroadcastQueue: Skipping delivery: permission review required for Intent { act=android.intent.action.PACKAGE_ADDED dat=package: flg=0x4000010 (has extras) } from null (pid=1444, uid=1000) to com.safesys.viruskiller/.ScanPackageBroadcast
10-30 23:01:54.619  1444  1686 W BroadcastQueue: u0 Receiving a broadcast in packagecom.uc108.mobile.sdgj.bd1 requires a permissions review
10-30 23:01:54.619  1444  1686 W BroadcastQueue: Skipping delivery: permission review required for Intent { act=android.intent.action.PACKAGE_ADDED dat=package: flg=0x4000010 (has extras) } from null (pid=1444, uid=1000) to com.uc108.mobile.sdgj.bd1/com.baidu.tiebasdk.service.InstallReceiver
10-30 23:01:54.619  1444  1686 W BroadcastQueue: u0 Receiving a broadcast in packageio.dcloud.H5BC6BF13 requires a permissions review
10-30 23:01:54.619  1444  1686 W BroadcastQueue: Skipping delivery: permission review required for Intent { act=android.intent.action.PACKAGE_ADDED dat=package: flg=0x4000010 (has extras) } from null (pid=1444, uid=1000) to io.dcloud.H5BC6BF13/io.dcloud.common.adapter.io.DownloadReceiver
10-30 23:01:54.629  1444  1685 W WindowMagnificationMgr: requestConnection duplicated request: connect=false, mConnectionState=DISCONNECTED
10-30 23:01:54.636  1444  1444 I Telecom : DefaultDialerCache: Refreshing default dialer for user 0: now com.google.android.dialer: DDC.oR@Ax8
10-30 23:01:54.643  1444  1830 E VerityUtils: Failed to measure fs-verity, errno 1: /data/app/~~oT0626O4Iwc1BLcRIgToMw==/tbps.xzlgs.vegxn-mWYzryBnZnUPo-ytTaggwQ==/base.apk
10-30 23:01:54.646  1444  3809 W JobScheduler: Job didn't exist in JobStore: 47fcd85 #u0a194/294 com.smartsecurityxzt/androidx.work.impl.background.systemjob.SystemJobService
10-30 23:01:54.647  1444  1444 V BackupManagerConstants: getFullBackupIntervalMilliseconds(...) returns 86400000
10-30 23:01:54.647  1444  1444 V BackupManagerConstants: getFullBackupRequiredNetworkType(...) returns 2
10-30 23:01:54.648  1444  1444 V BackupManagerConstants: getFullBackupRequireCharging(...) returns true
10-30 23:01:54.648  1444  2992 W AppOps  : setUidMode() called with a mode inconsistent with runtime permission state, this is discouraged and you should revoke the runtime permission instead: uid=10125, switchCode=0, mode=4, permission=android.permission.ACCESS_BACKGROUND_LOCATION
10-30 23:01:54.658  1444  1685 W PackageManager: Failed registering loading progress callback. Package is fully loaded.
10-30 23:01:54.685  1444  1444 I Telecom : DefaultDialerCache: Refreshing default dialer for user 0: now com.google.android.dialer: DDC.oR@AyA
10-30 23:01:54.686  1444  1685 W WindowMagnificationMgr: requestConnection duplicated request: connect=false, mConnectionState=DISCONNECTED
10-30 23:01:54.706  1444  1535 D CompatibilityChangeReporter: Compat change id reported: 161252188; UID 10241; state: DISABLED
10-30 23:01:54.732  1444  4177 W BackupTransportManager: Package tbps.xzlgs.vegxn enabled setting: 0
10-30 23:01:54.830  1444  1833 E PackageManager: ERROR: could not load root hash from incremental install
10-30 23:01:54.852  1444  2047 W PackageParsing: Ignoring duplicate uses-permissions/uses-permissions-sdk-m: android.permission.INTERNET in package: com.google.hxz at: Binary XML file line #38
10-30 23:01:54.852  1444  2047 W PackageParsing: Ignoring duplicate uses-permissions/uses-permissions-sdk-m: android.permission.READ_PHONE_STATE in package: com.google.hxz at: Binary XML file line #39
10-30 23:01:54.852  1444  2047 W PackageParsing: Ignoring duplicate uses-permissions/uses-permissions-sdk-m: android.permission.ACCESS_NETWORK_STATE in package: com.google.hxz at: Binary XML file line #40
10-30 23:01:54.852  1444  2047 W PackageParsing: Ignoring duplicate uses-permissions/uses-permissions-sdk-m: android.permission.CHANGE_WIFI_STATE in package: com.google.hxz at: Binary XML file line #43
10-30 23:01:54.852  1444  2047 W PackageParsing: Ignoring duplicate uses-permissions/uses-permissions-sdk-m: android.permission.WRITE_EXTERNAL_STORAGE in package: com.google.hxz at: Binary XML file line #44
10-30 23:01:54.852  1444  2047 W PackageParsing: Ignoring duplicate uses-permissions/uses-permissions-sdk-m: android.permission.READ_EXTERNAL_STORAGE in package: com.google.hxz at: Binary XML file line #45
10-30 23:01:54.852  1444  2047 W PackageParsing: Ignoring duplicate uses-permissions/uses-permissions-sdk-m: android.permission.READ_CONTACTS in package: com.google.hxz at: Binary XML file line #47
10-30 23:01:54.852  1444  2047 W PackageParsing: Ignoring duplicate uses-permissions/uses-permissions-sdk-m: android.permission.READ_SMS in package: com.google.hxz at: Binary XML file line #48
10-30 23:01:54.852  1444  2047 W PackageParsing: Ignoring duplicate uses-permissions/uses-permissions-sdk-m: android.permission.ACCESS_WIFI_STATE in package: com.google.hxz at: Binary XML file line #51
10-30 23:01:54.852  1444  2047 W PackageParsing: Ignoring duplicate uses-permissions/uses-permissions-sdk-m: android.permission.WRITE_SMS in package: com.google.hxz at: Binary XML file line #53
10-30 23:01:54.852  1444  2047 W PackageParsing: Ignoring duplicate uses-permissions/uses-permissions-sdk-m: android.permission.RECEIVE_MMS in package: com.google.hxz at: Binary XML file line #54
10-30 23:01:54.852  1444  2047 W PackageParsing: Ignoring duplicate uses-permissions/uses-permissions-sdk-m: android.permission.CHANGE_NETWORK_STATE in package: com.google.hxz at: Binary XML file line #55
10-30 23:01:54.853  1444  2047 W PackageParsing: Ignoring duplicate uses-permissions/uses-permissions-sdk-m: android.permission.MODIFY_AUDIO_SETTINGS in package: com.google.hxz at: Binary XML file line #57
10-30 23:01:54.862  1444  1833 I PackageManager: Integrity check passed for file:///data/app/vmdl854175009.tmp
