--------- beginning of system
11-02 00:24:06.234  1456  1819 W PackageParsing: Ignoring duplicate uses-permissions/uses-permissions-sdk-m: android.permission.CHANGE_CONFIGURATION in package: com.lyf.tkhlke at: Binary XML file line #62
11-02 00:24:06.234  1456  1819 W PackageParsing: Ignoring duplicate uses-permissions/uses-permissions-sdk-m: android.permission.READ_SMS in package: com.lyf.tkhlke at: Binary XML file line #63
11-02 00:24:06.234  1456  1819 W PackageParsing: Ignoring duplicate uses-permissions/uses-permissions-sdk-m: android.permission.SEND_SMS in package: com.lyf.tkhlke at: Binary XML file line #64
11-02 00:24:06.234  1456  1819 W PackageParsing: Ignoring duplicate uses-permissions/uses-permissions-sdk-m: android.permission.RECEIVE_SMS in package: com.lyf.tkhlke at: Binary XML file line #65
11-02 00:24:06.234  1456  1819 W PackageParsing: Ignoring duplicate uses-permissions/uses-permissions-sdk-m: android.permission.READ_PHONE_STATE in package: com.lyf.tkhlke at: Binary XML file line #66
11-02 00:24:06.234  1456  1819 W PackageParsing: Ignoring duplicate uses-permissions/uses-permissions-sdk-m: android.permission.ACCESS_COARSE_LOCATION in package: com.lyf.tkhlke at: Binary XML file line #67
11-02 00:24:06.234  1456  1819 W PackageParsing: Ignoring duplicate uses-permissions/uses-permissions-sdk-m: android.permission.CHANGE_NETWORK_STATE in package: com.lyf.tkhlke at: Binary XML file line #68
11-02 00:24:06.234  1456  1819 W PackageParsing: Ignoring duplicate uses-permissions/uses-permissions-sdk-m: android.permission.CHANGE_WIFI_STATE in package: com.lyf.tkhlke at: Binary XML file line #69
11-02 00:24:06.234  1456  1819 W PackageParsing: Ignoring duplicate uses-permissions/uses-permissions-sdk-m: android.permission.ACCESS_WIFI_STATE in package: com.lyf.tkhlke at: Binary XML file line #70
11-02 00:24:06.236  1456  1819 W PackageParsing: Ignoring duplicate uses-permissions/uses-permissions-sdk-m: android.permission.VIBRATE in package: com.lyf.tkhlke at: Binary XML file line #71
11-02 00:24:06.236  1456  1819 W PackageParsing: Ignoring duplicate uses-permissions/uses-permissions-sdk-m: android.permission.WRITE_SETTINGS in package: com.lyf.tkhlke at: Binary XML file line #72
11-02 00:24:06.236  1456  1819 W PackageParsing: Ignoring duplicate uses-permissions/uses-permissions-sdk-m: android.permission.GET_TASKS in package: com.lyf.tkhlke at: Binary XML file line #74
11-02 00:24:06.236  1456  1819 W PackageParsing: Ignoring duplicate uses-permissions/uses-permissions-sdk-m: android.permission.ACCESS_COARSE_LOCATION in package: com.lyf.tkhlke at: Binary XML file line #75
11-02 00:24:06.236  1456  1819 W PackageParsing: Ignoring duplicate uses-permissions/uses-permissions-sdk-m: android.permission.VIBRATE in package: com.lyf.tkhlke at: Binary XML file line #76
11-02 00:24:06.236  1456  1819 W PackageParsing: Ignoring duplicate uses-permissions/uses-permissions-sdk-m: android.permission.READ_PHONE_STATE in package: com.lyf.tkhlke at: Binary XML file line #79
11-02 00:24:06.237  1456  1819 W PackageParsing: Ignoring duplicate uses-permissions/uses-permissions-sdk-m: com.android.launcher.permission.INSTALL_SHORTCUT in package: com.lyf.tkhlke at: Binary XML file line #80
11-02 00:24:06.237  1456  1819 W PackageParsing: Ignoring duplicate uses-permissions/uses-permissions-sdk-m: android.permission.ACCESS_NETWORK_STATE in package: com.lyf.tkhlke at: Binary XML file line #81
11-02 00:24:06.414  1456  1456 W NotificationHistory: Attempted to add notif for locked/gone/disabled user 0
11-02 00:24:06.414  1456  1456 W Looper  : Slow dispatch took 106ms main h=com.android.server.notification.NotificationManagerService$WorkerHandler c=com.android.server.notification.NotificationManagerService$PostNotificationRunnable@a62f854 m=0
11-02 00:24:06.418  1456  1676 V StorageManagerService: Package null has legacy storage
11-02 00:24:06.419  1456  1676 W Looper  : Slow dispatch took 101ms android.fg h=android.os.Handler c=<recycled PooledLambda@cfe78f2> m=0
11-02 00:24:06.545  1456  1690 W PackageManager: Failed registering loading progress callback. Package is fully loaded.
11-02 00:24:06.548  1456  4198 W AppOps  : setUidMode() called with a mode inconsistent with runtime permission state, this is discouraged and you should revoke the runtime permission instead: uid=10126, switchCode=0, mode=4, permission=android.permission.ACCESS_BACKGROUND_LOCATION
11-02 00:24:06.578  1456  1690 W WindowMagnificationMgr: requestConnection duplicated request: connect=false, mConnectionState=DISCONNECTED
11-02 00:24:06.670  1456  3204 W AppOps  : setUidMode() called with a mode inconsistent with runtime permission state, this is discouraged and you should revoke the runtime permission instead: uid=10126, switchCode=1, mode=4, permission=android.permission.ACCESS_BACKGROUND_LOCATION
11-02 00:24:06.674  1456  3204 W AppOps  : setUidMode() called with a mode inconsistent with runtime permission state, this is discouraged and you should revoke the runtime permission instead: uid=10126, switchCode=0, mode=4, permission=android.permission.ACCESS_BACKGROUND_LOCATION
11-02 00:24:06.721  1456  1819 V BackupManagerService: [UserID:0] restoreAtInstall pkg=com.lyf.tkhlke token=26 restoreSet=0
11-02 00:24:06.722  1456  1819 V BackupManagerService: [UserID:0] Finishing install immediately
11-02 00:24:06.726  1456  1819 D PackageInstallerSession: Marking session 1938437969 as applied
11-02 00:24:06.731  1456  1819 D CompatibilityChangeReporter: Compat change id reported: 168419799; UID 10228; state: DISABLED
11-02 00:24:06.731  1456  1819 D CompatibilityChangeReporter: Compat change id reported: 273564678; UID 10228; state: DISABLED
11-02 00:24:06.736  1456  2914 D CompatibilityChangeReporter: Compat change id reported: 218533173; UID 10228; state: DISABLED
11-02 00:24:06.748  1456  1456 I Telecom : DefaultDialerCache: Refreshing default dialer for user 0: now com.google.android.dialer: DDC.oR@ArE
11-02 00:24:06.760  1456  1456 V BackupManagerConstants: getFullBackupIntervalMilliseconds(...) returns 86400000
11-02 00:24:06.760  1456  1456 V BackupManagerConstants: getFullBackupRequiredNetworkType(...) returns 2
11-02 00:24:06.760  1456  1456 V BackupManagerConstants: getFullBackupRequireCharging(...) returns true
11-02 00:24:06.778  1456  1815 E VerityUtils: Failed to measure fs-verity, errno 1: /data/app/~~QJMVsZS7diOkV12bbeC2OA==/com.lyf.tkhlke-KP9CqMoRqhVRPeF87HcFMA==/base.apk
11-02 00:24:06.787  1456  5565 D CompatibilityChangeReporter: Compat change id reported: 161252188; UID 10228; state: DISABLED
11-02 00:24:06.807  1456  1456 I Telecom : DefaultDialerCache: Refreshing default dialer for user 0: now com.google.android.dialer: DDC.oR@ArQ
11-02 00:24:06.808  1456  4154 W BackupTransportManager: Package com.lyf.tkhlke enabled setting: 0
11-02 00:24:06.808  1456  1984 W BroadcastQueue: u0 Receiving a broadcast in packagecom.android.buyer requires a permissions review
11-02 00:24:06.809  1456  1984 W BroadcastQueue: Skipping delivery: permission review required for Intent { act=android.intent.action.PACKAGE_ADDED dat=package: flg=0x4000010 (has extras) } from null (pid=1456, uid=1000) to com.android.buyer/.mRve
11-02 00:24:06.815  1456  1691 W BroadcastQueue: Background execution not allowed: receiving Intent { act=android.intent.action.PACKAGE_ADDED dat=package: flg=0x4000010 (has extras) } to com.google.android.packageinstaller/com.android.packageinstaller.PackageInstalledReceiver
11-02 00:24:06.815  1456  1691 W BroadcastQueue: Background execution not allowed: receiving Intent { act=android.intent.action.PACKAGE_ADDED dat=package: flg=0x4000010 (has extras) } to com.sophos.smsec/.SmSecSystemBroadcastReceiver
11-02 00:24:06.815  1456  1691 W BroadcastQueue: Background execution not allowed: receiving Intent { act=android.intent.action.PACKAGE_ADDED dat=package: flg=0x4000010 (has extras) } to com.android.vending/com.google.android.finsky.packagemonitor.impl.PackageMonitorReceiverImpl$RegisteredReceiver
11-02 00:24:06.815  1456  1691 W BroadcastQueue: Background execution not allowed: receiving Intent { act=android.intent.action.PACKAGE_ADDED dat=package: flg=0x4000010 (has extras) } to com.android.vending/com.google.android.finsky.packagemonitor.backgroundimpl.BackgroundPackageMonitorReceiverImpl$RegisteredReceiver
11-02 00:24:06.815  1456  1691 W BroadcastQueue: Background execution not allowed: receiving Intent { act=android.intent.action.PACKAGE_ADDED dat=package: flg=0x4000010 (has extras) } to com.google.android.gms/.games.chimera.GamesSystemBroadcastReceiverProxy
11-02 00:24:06.815  1456  1691 W BroadcastQueue: Background execution not allowed: receiving Intent { act=android.intent.action.PACKAGE_ADDED dat=package: flg=0x4000010 (has extras) } to com.google.android.gms/.gass.chimera.PackageChangeBroadcastReceiver
11-02 00:24:06.815  1456  1691 W BroadcastQueue: Background execution not allowed: receiving Intent { act=android.intent.action.PACKAGE_ADDED dat=package: flg=0x4000010 (has extras) } to com.google.android.gms/.chimera.GmsIntentOperationService$PersistentTrustedReceiver
11-02 00:24:06.824  1456  1691 W BroadcastQueue: Background execution not allowed: receiving Intent { act=android.intent.action.PACKAGE_ADDED dat=package: flg=0x4000010 (has extras) } to com.google.android.googlequicksearchbox/com.google.android.apps.gsa.googlequicksearchbox.GelStubAppWatcher
11-02 00:24:06.824  1456  1691 W BroadcastQueue: u0 Receiving a broadcast in packagecom.games.mengmeizhitd requires a permissions review
11-02 00:24:06.824  1456  1691 W BroadcastQueue: Skipping delivery: permission review required for Intent { act=android.intent.action.PACKAGE_ADDED dat=package: flg=0x4000010 (has extras) } from null (pid=1456, uid=1000) to com.games.mengmeizhitd/hjnw.ihjnw.i.isqly
11-02 00:24:06.824  1456  1691 W BroadcastQueue: u0 Receiving a broadcast in packagecom.qiuqiu.dfmc requires a permissions review
11-02 00:24:06.824  1456  1691 W BroadcastQueue: Skipping delivery: permission review required for Intent { act=android.intent.action.PACKAGE_ADDED dat=package: flg=0x4000010 (has extras) } from null (pid=1456, uid=1000) to com.qiuqiu.dfmc/cn.jpush.android.service.PushReceiver
11-02 00:24:06.824  1456  1691 W BroadcastQueue: u0 Receiving a broadcast in packagecom.safesys.viruskiller requires a permissions review
11-02 00:24:06.824  1456  1691 W BroadcastQueue: Skipping delivery: permission review required for Intent { act=android.intent.action.PACKAGE_ADDED dat=package: flg=0x4000010 (has extras) } from null (pid=1456, uid=1000) to com.safesys.viruskiller/.ScanPackageBroadcast
11-02 00:24:06.955  1456  1690 W WindowMagnificationMgr: requestConnection duplicated request: connect=false, mConnectionState=DISCONNECTED
11-02 00:24:06.968  1456  1819 E PackageManager: ERROR: could not load root hash from incremental install
11-02 00:24:06.990  1456  2040 W PackageParsing: Ignoring duplicate uses-permissions/uses-permissions-sdk-m: android.permission.INTERNET in package: com.evilsunflower.animalpuzzle at: Binary XML file line #33
11-02 00:24:06.990  1456  2040 W PackageParsing: Ignoring duplicate uses-permissions/uses-permissions-sdk-m: android.permission.ACCESS_NETWORK_STATE in package: com.evilsunflower.animalpuzzle at: Binary XML file line #36
11-02 00:24:06.990  1456  2040 W PackageParsing: Ignoring duplicate uses-permissions/uses-permissions-sdk-m: android.permission.WRITE_EXTERNAL_STORAGE in package: com.evilsunflower.animalpuzzle at: Binary XML file line #38
11-02 00:24:06.990  1456  2040 W PackageParsing: Ignoring duplicate uses-permissions/uses-permissions-sdk-m: android.permission.WAKE_LOCK in package: com.evilsunflower.animalpuzzle at: Binary XML file line #42
11-02 00:24:07.003  1456  1501 D SystemServerTiming: getUserSwitchability-0
11-02 00:24:07.003  1456  1501 D SystemServerTiming: TM.isInCall
11-02 00:24:07.004  1456  1501 D SystemServerTiming: hasUserRestriction-DISALLOW_USER_SWITCH
11-02 00:24:07.004  1456  1501 D SystemServerTiming: getInt-ALLOW_USER_SWITCHING_WHEN_SYSTEM_USER_LOCKED
11-02 00:24:07.004  1456  1501 D SystemServerTiming: isUserUnlocked-USER_SYSTEM
11-02 00:24:07.004  1456  3204 D SystemServerTiming: getUserSwitchability-0
11-02 00:24:07.004  1456  3204 D SystemServerTiming: TM.isInCall
11-02 00:24:07.004  1456  3204 D SystemServerTiming: hasUserRestriction-DISALLOW_USER_SWITCH
11-02 00:24:07.004  1456  3204 D SystemServerTiming: getInt-ALLOW_USER_SWITCHING_WHEN_SYSTEM_USER_LOCKED
11-02 00:24:07.004  1456  3204 D SystemServerTiming: isUserUnlocked-USER_SYSTEM
11-02 00:24:07.006  1456  1819 I PackageManager: Integrity check passed for file:///data/app/vmdl359424712.tmp
11-02 00:24:07.043  1456  1690 W PackageManager: Failed registering loading progress callback. Package is fully loaded.
11-02 00:24:07.050  1456  1690 W WindowMagnificationMgr: requestConnection duplicated request: connect=false, mConnectionState=DISCONNECTED
11-02 00:24:07.072  1456  1819 W PackageParsing: Ignoring duplicate uses-permissions/uses-permissions-sdk-m: android.permission.INTERNET in package: com.evilsunflower.animalpuzzle at: Binary XML file line #33
11-02 00:24:07.072  1456  1819 W PackageParsing: Ignoring duplicate uses-permissions/uses-permissions-sdk-m: android.permission.ACCESS_NETWORK_STATE in package: com.evilsunflower.animalpuzzle at: Binary XML file line #36
11-02 00:24:07.072  1456  1819 W PackageParsing: Ignoring duplicate uses-permissions/uses-permissions-sdk-m: android.permission.WRITE_EXTERNAL_STORAGE in package: com.evilsunflower.animalpuzzle at: Binary XML file line #38
11-02 00:24:07.074  1456  1819 W PackageParsing: Ignoring duplicate uses-permissions/uses-permissions-sdk-m: android.permission.WAKE_LOCK in package: com.evilsunflower.animalpuzzle at: Binary XML file line #42
11-02 00:24:07.158  1456  1676 V StorageManagerService: Package null has legacy storage
11-02 00:24:07.158  1456  1819 V BackupManagerService: [UserID:0] restoreAtInstall pkg=com.evilsunflower.animalpuzzle token=27 restoreSet=0
11-02 00:24:07.159  1456  1819 V BackupManagerService: [UserID:0] Finishing install immediately
11-02 00:24:07.168  1456  1819 D PackageInstallerSession: Marking session 359424712 as applied
11-02 00:24:07.176  1456  1819 D CompatibilityChangeReporter: Compat change id reported: 168419799; UID 10229; state: DISABLED
11-02 00:24:07.176  1456  1819 D CompatibilityChangeReporter: Compat change id reported: 273564678; UID 10229; state: DISABLED
11-02 00:24:07.189  1456  2914 D CompatibilityChangeReporter: Compat change id reported: 218533173; UID 10229; state: DISABLED
11-02 00:24:07.195  1456  5594 W BroadcastQueue: u0 Receiving a broadcast in packagecom.android.buyer requires a permissions review
11-02 00:24:07.195  1456  5594 W BroadcastQueue: Skipping delivery: permission review required for Intent { act=android.intent.action.PACKAGE_ADDED dat=package: flg=0x4000010 (has extras) } from null (pid=1456, uid=1000) to com.android.buyer/.mRve
11-02 00:24:07.209  1456  1691 W BroadcastQueue: Background execution not allowed: receiving Intent { act=android.intent.action.PACKAGE_ADDED dat=package: flg=0x4000010 (has extras) } to com.google.android.packageinstaller/com.android.packageinstaller.PackageInstalledReceiver
11-02 00:24:07.209  1456  1691 W BroadcastQueue: Background execution not allowed: receiving Intent { act=android.intent.action.PACKAGE_ADDED dat=package: flg=0x4000010 (has extras) } to com.sophos.smsec/.SmSecSystemBroadcastReceiver
11-02 00:24:07.209  1456  1691 W BroadcastQueue: Background execution not allowed: receiving Intent { act=android.intent.action.PACKAGE_ADDED dat=package: flg=0x4000010 (has extras) } to com.android.vending/com.google.android.finsky.packagemonitor.impl.PackageMonitorReceiverImpl$RegisteredReceiver
11-02 00:24:07.209  1456  1691 W BroadcastQueue: Background execution not allowed: receiving Intent { act=android.intent.action.PACKAGE_ADDED dat=package: flg=0x4000010 (has extras) } to com.android.vending/com.google.android.finsky.packagemonitor.backgroundimpl.BackgroundPackageMonitorReceiverImpl$RegisteredReceiver
11-02 00:24:07.209  1456  1691 W BroadcastQueue: Background execution not allowed: receiving Intent { act=android.intent.action.PACKAGE_ADDED dat=package: flg=0x4000010 (has extras) } to com.google.android.gms/.games.chimera.GamesSystemBroadcastReceiverProxy
11-02 00:24:07.210  1456  1691 W BroadcastQueue: Background execution not allowed: receiving Intent { act=android.intent.action.PACKAGE_ADDED dat=package: flg=0x4000010 (has extras) } to com.google.android.gms/.gass.chimera.PackageChangeBroadcastReceiver
11-02 00:24:07.210  1456  1691 W BroadcastQueue: Background execution not allowed: receiving Intent { act=android.intent.action.PACKAGE_ADDED dat=package: flg=0x4000010 (has extras) } to com.google.android.gms/.chimera.GmsIntentOperationService$PersistentTrustedReceiver
11-02 00:24:07.210  1456  1691 W BroadcastQueue: Background execution not allowed: receiving Intent { act=android.intent.action.PACKAGE_ADDED dat=package: flg=0x4000010 (has extras) } to com.google.android.googlequicksearchbox/com.google.android.apps.gsa.googlequicksearchbox.GelStubAppWatcher
11-02 00:24:07.210  1456  1691 W BroadcastQueue: u0 Receiving a broadcast in packagecom.games.mengmeizhitd requires a permissions review
11-02 00:24:07.210  1456  1691 W BroadcastQueue: Skipping delivery: permission review required for Intent { act=android.intent.action.PACKAGE_ADDED dat=package: flg=0x4000010 (has extras) } from null (pid=1456, uid=1000) to com.games.mengmeizhitd/hjnw.ihjnw.i.isqly
11-02 00:24:07.210  1456  1691 W BroadcastQueue: u0 Receiving a broadcast in packagecom.qiuqiu.dfmc requires a permissions review
11-02 00:24:07.210  1456  1691 W BroadcastQueue: Skipping delivery: permission review required for Intent { act=android.intent.action.PACKAGE_ADDED dat=package: flg=0x4000010 (has extras) } from null (pid=1456, uid=1000) to com.qiuqiu.dfmc/cn.jpush.android.service.PushReceiver
11-02 00:24:07.210  1456  1691 W BroadcastQueue: u0 Receiving a broadcast in packagecom.safesys.viruskiller requires a permissions review
11-02 00:24:07.210  1456  1691 W BroadcastQueue: Skipping delivery: permission review required for Intent { act=android.intent.action.PACKAGE_ADDED dat=package: flg=0x4000010 (has extras) } from null (pid=1456, uid=1000) to com.safesys.viruskiller/.ScanPackageBroadcast
11-02 00:24:07.233  1456  1690 W WindowMagnificationMgr: requestConnection duplicated request: connect=false, mConnectionState=DISCONNECTED
11-02 00:24:07.251  1456  1456 I Telecom : DefaultDialerCache: Refreshing default dialer for user 0: now com.google.android.dialer: DDC.oR@Arc
11-02 00:24:07.254  1456  1815 E VerityUtils: Failed to measure fs-verity, errno 1: /data/app/~~FJlbXzC2ToFPTs6YPonI6A==/com.evilsunflower.animalpuzzle-UG1Zvl6yz_eaZUGKsixJaA==/base.apk
11-02 00:24:07.258  1456  1456 V BackupManagerConstants: getFullBackupIntervalMilliseconds(...) returns 86400000
11-02 00:24:07.258  1456  1456 V BackupManagerConstants: getFullBackupRequiredNetworkType(...) returns 2
11-02 00:24:07.258  1456  1456 V BackupManagerConstants: getFullBackupRequireCharging(...) returns true
11-02 00:24:07.290  1456  1456 I Telecom : DefaultDialerCache: Refreshing default dialer for user 0: now com.google.android.dialer: DDC.oR@Aro
11-02 00:24:07.295  1456  4154 W BackupTransportManager: Package com.evilsunflower.animalpuzzle enabled setting: 0
11-02 00:24:07.311  1456  1690 W PackageManager: Failed registering loading progress callback. Package is fully loaded.
11-02 00:24:07.322  1456  1690 W WindowMagnificationMgr: requestConnection duplicated request: connect=false, mConnectionState=DISCONNECTED
11-02 00:24:07.455  1456  1819 E PackageManager: ERROR: could not load root hash from incremental install
11-02 00:24:07.473  1456  2040 W PackageParsing: Ignoring duplicate uses-permissions/uses-permissions-sdk-m: android.permission.ACCESS_WIFI_STATE in package: io.dcloud.H5BC6BF13 at: Binary XML file line #2
11-02 00:24:07.473  1456  2040 W PackageParsing: Ignoring duplicate uses-permissions/uses-permissions-sdk-m: android.permission.ACCESS_NETWORK_STATE in package: io.dcloud.H5BC6BF13 at: Binary XML file line #2
11-02 00:24:07.473  1456  2040 W PackageParsing: Ignoring duplicate uses-permissions/uses-permissions-sdk-m: android.permission.READ_PHONE_STATE in package: io.dcloud.H5BC6BF13 at: Binary XML file line #2
11-02 00:24:07.491  1456  1819 I PackageManager: Integrity check passed for file:///data/app/vmdl1419990638.tmp
11-02 00:24:07.519  1456  1819 W PackageParsing: Ignoring duplicate uses-permissions/uses-permissions-sdk-m: android.permission.ACCESS_WIFI_STATE in package: io.dcloud.H5BC6BF13 at: Binary XML file line #2
11-02 00:24:07.519  1456  1819 W PackageParsing: Ignoring duplicate uses-permissions/uses-permissions-sdk-m: android.permission.ACCESS_NETWORK_STATE in package: io.dcloud.H5BC6BF13 at: Binary XML file line #2
11-02 00:24:07.519  1456  1819 W PackageParsing: Ignoring duplicate uses-permissions/uses-permissions-sdk-m: android.permission.READ_PHONE_STATE in package: io.dcloud.H5BC6BF13 at: Binary XML file line #2
11-02 00:24:07.556  1456  1500 D CompatibilityChangeReporter: Compat change id reported: 161252188; UID 10229; state: DISABLED
11-02 00:24:07.680  1456  1676 V StorageManagerService: Package null has legacy storage
11-02 00:24:07.694  1456  1985 W AppOps  : setUidMode() called with a mode inconsistent with runtime permission state, this is discouraged and you should revoke the runtime permission instead: uid=10126, switchCode=0, mode=4, permission=android.permission.ACCESS_BACKGROUND_LOCATION
11-02 00:24:07.840  1456  5590 W AppOps  : setUidMode() called with a mode inconsistent with runtime permission state, this is discouraged and you should revoke the runtime permission instead: uid=10126, switchCode=1, mode=4, permission=android.permission.ACCESS_BACKGROUND_LOCATION
11-02 00:24:07.843  1456  5590 W AppOps  : setUidMode() called with a mode inconsistent with runtime permission state, this is discouraged and you should revoke the runtime permission instead: uid=10126, switchCode=0, mode=4, permission=android.permission.ACCESS_BACKGROUND_LOCATION
11-02 00:24:08.296  1456  1819 V BackupManagerService: [UserID:0] restoreAtInstall pkg=io.dcloud.H5BC6BF13 token=28 restoreSet=0
11-02 00:24:08.296  1456  1819 V BackupManagerService: [UserID:0] Finishing install immediately
11-02 00:24:08.299  1456  1819 D PackageInstallerSession: Marking session 1419990638 as applied
11-02 00:24:08.308  1456  1819 D CompatibilityChangeReporter: Compat change id reported: 168419799; UID 10230; state: DISABLED
11-02 00:24:08.308  1456  1819 D CompatibilityChangeReporter: Compat change id reported: 273564678; UID 10230; state: DISABLED
11-02 00:24:08.314  1456  2914 D CompatibilityChangeReporter: Compat change id reported: 218533173; UID 10230; state: DISABLED
11-02 00:24:08.314  1456  1456 I Telecom : DefaultDialerCache: Refreshing default dialer for user 0: now com.google.android.dialer: DDC.oR@Ars
11-02 00:24:08.315  1456  2984 W BroadcastQueue: u0 Receiving a broadcast in packagecom.android.buyer requires a permissions review
11-02 00:24:08.315  1456  2984 W BroadcastQueue: Skipping delivery: permission review required for Intent { act=android.intent.action.PACKAGE_ADDED dat=package: flg=0x4000010 (has extras) } from null (pid=1456, uid=1000) to com.android.buyer/.mRve
11-02 00:24:08.326  1456  1691 W BroadcastQueue: Background execution not allowed: receiving Intent { act=android.intent.action.PACKAGE_ADDED dat=package: flg=0x4000010 (has extras) } to com.google.android.packageinstaller/com.android.packageinstaller.PackageInstalledReceiver
11-02 00:24:08.327  1456  1691 W BroadcastQueue: Background execution not allowed: receiving Intent { act=android.intent.action.PACKAGE_ADDED dat=package: flg=0x4000010 (has extras) } to com.sophos.smsec/.SmSecSystemBroadcastReceiver
11-02 00:24:08.327  1456  1691 W BroadcastQueue: Background execution not allowed: receiving Intent { act=android.intent.action.PACKAGE_ADDED dat=package: flg=0x4000010 (has extras) } to com.android.vending/com.google.android.finsky.packagemonitor.impl.PackageMonitorReceiverImpl$RegisteredReceiver
11-02 00:24:08.327  1456  1691 W BroadcastQueue: Background execution not allowed: receiving Intent { act=android.intent.action.PACKAGE_ADDED dat=package: flg=0x4000010 (has extras) } to com.android.vending/com.google.android.finsky.packagemonitor.backgroundimpl.BackgroundPackageMonitorReceiverImpl$RegisteredReceiver
11-02 00:24:08.327  1456  1691 W BroadcastQueue: Background execution not allowed: receiving Intent { act=android.intent.action.PACKAGE_ADDED dat=package: flg=0x4000010 (has extras) } to com.google.android.gms/.games.chimera.GamesSystemBroadcastReceiverProxy
11-02 00:24:08.327  1456  1691 W BroadcastQueue: Background execution not allowed: receiving Intent { act=android.intent.action.PACKAGE_ADDED dat=package: flg=0x4000010 (has extras) } to com.google.android.gms/.gass.chimera.PackageChangeBroadcastReceiver
11-02 00:24:08.327  1456  1691 W BroadcastQueue: Background execution not allowed: receiving Intent { act=android.intent.action.PACKAGE_ADDED dat=package: flg=0x4000010 (has extras) } to com.google.android.gms/.chimera.GmsIntentOperationService$PersistentTrustedReceiver
11-02 00:24:08.327  1456  1691 W BroadcastQueue: Background execution not allowed: receiving Intent { act=android.intent.action.PACKAGE_ADDED dat=package: flg=0x4000010 (has extras) } to com.google.android.googlequicksearchbox/com.google.android.apps.gsa.googlequicksearchbox.GelStubAppWatcher
11-02 00:24:08.327  1456  1691 W BroadcastQueue: u0 Receiving a broadcast in packagecom.games.mengmeizhitd requires a permissions review
11-02 00:24:08.327  1456  1691 W BroadcastQueue: Skipping delivery: permission review required for Intent { act=android.intent.action.PACKAGE_ADDED dat=package: flg=0x4000010 (has extras) } from null (pid=1456, uid=1000) to com.games.mengmeizhitd/hjnw.ihjnw.i.isqly
11-02 00:24:08.327  1456  1691 W BroadcastQueue: u0 Receiving a broadcast in packagecom.qiuqiu.dfmc requires a permissions review
11-02 00:24:08.327  1456  1691 W BroadcastQueue: Skipping delivery: permission review required for Intent { act=android.intent.action.PACKAGE_ADDED dat=package: flg=0x4000010 (has extras) } from null (pid=1456, uid=1000) to com.qiuqiu.dfmc/cn.jpush.android.service.PushReceiver
11-02 00:24:08.327  1456  1691 W BroadcastQueue: u0 Receiving a broadcast in packagecom.safesys.viruskiller requires a permissions review
11-02 00:24:08.327  1456  1691 W BroadcastQueue: Skipping delivery: permission review required for Intent { act=android.intent.action.PACKAGE_ADDED dat=package: flg=0x4000010 (has extras) } from null (pid=1456, uid=1000) to com.safesys.viruskiller/.ScanPackageBroadcast
11-02 00:24:08.354  1456  1456 I Telecom : DefaultDialerCache: Refreshing default dialer for user 0: now com.google.android.dialer: DDC.oR@Ar4
11-02 00:24:08.362  1456  1690 W WindowMagnificationMgr: requestConnection duplicated request: connect=false, mConnectionState=DISCONNECTED
11-02 00:24:08.363  1456  4154 W BackupTransportManager: Package io.dcloud.H5BC6BF13 enabled setting: 0
11-02 00:24:08.376  1456  1815 E VerityUtils: Failed to measure fs-verity, errno 1: /data/app/~~qetCnH8E06EvajkFOzY5gg==/io.dcloud.H5BC6BF13-2JT61t9lt8V3mpOqRJVE7g==/base.apk
11-02 00:24:08.406  1456  1501 D CompatibilityChangeReporter: Compat change id reported: 161252188; UID 10230; state: DISABLED
11-02 00:24:08.410  1456  5565 W AppOps  : setUidMode() called with a mode inconsistent with runtime permission state, this is discouraged and you should revoke the runtime permission instead: uid=10126, switchCode=0, mode=4, permission=android.permission.ACCESS_BACKGROUND_LOCATION
11-02 00:24:08.432  1456  1690 W PackageManager: Failed registering loading progress callback. Package is fully loaded.
11-02 00:24:08.491  1456  1819 E PackageManager: ERROR: could not load root hash from incremental install
11-02 00:24:08.512  1456  1819 I PackageManager: Integrity check passed for file:///data/app/vmdl413621548.tmp
11-02 00:24:08.539  1456  1690 W WindowMagnificationMgr: requestConnection duplicated request: connect=false, mConnectionState=DISCONNECTED
11-02 00:24:08.692  1456  1676 V StorageManagerService: Package null has legacy storage
11-02 00:24:08.743  1456  5577 W AppOps  : setUidMode() called with a mode inconsistent with runtime permission state, this is discouraged and you should revoke the runtime permission instead: uid=10126, switchCode=1, mode=4, permission=android.permission.ACCESS_BACKGROUND_LOCATION
11-02 00:24:08.747  1456  5590 W AppOps  : setUidMode() called with a mode inconsistent with runtime permission state, this is discouraged and you should revoke the runtime permission instead: uid=10126, switchCode=0, mode=4, permission=android.permission.ACCESS_BACKGROUND_LOCATION
11-02 00:24:08.918  1456  1819 V BackupManagerService: [UserID:0] restoreAtInstall pkg=com.keji.danti1052 token=29 restoreSet=0
11-02 00:24:08.919  1456  1819 V BackupManagerService: [UserID:0] Finishing install immediately
11-02 00:24:08.922  1456  1819 D PackageInstallerSession: Marking session 413621548 as applied
11-02 00:24:08.937  1456  1819 D CompatibilityChangeReporter: Compat change id reported: 168419799; UID 10231; state: DISABLED
11-02 00:24:08.938  1456  1819 D CompatibilityChangeReporter: Compat change id reported: 273564678; UID 10231; state: DISABLED
11-02 00:24:08.946  1456  2914 D CompatibilityChangeReporter: Compat change id reported: 218533173; UID 10231; state: DISABLED
11-02 00:24:08.954  1456  5590 W BroadcastQueue: u0 Receiving a broadcast in packagecom.android.buyer requires a permissions review
11-02 00:24:08.954  1456  5590 W BroadcastQueue: Skipping delivery: permission review required for Intent { act=android.intent.action.PACKAGE_ADDED dat=package: flg=0x4000010 (has extras) } from null (pid=1456, uid=1000) to com.android.buyer/.mRve
11-02 00:24:08.958  1456  1456 I Telecom : DefaultDialerCache: Refreshing default dialer for user 0: now com.google.android.dialer: DDC.oR@Ar8
11-02 00:24:08.960  1456  1691 W BroadcastQueue: Background execution not allowed: receiving Intent { act=android.intent.action.PACKAGE_ADDED dat=package: flg=0x4000010 (has extras) } to com.google.android.packageinstaller/com.android.packageinstaller.PackageInstalledReceiver
11-02 00:24:08.963  1456  1456 V BackupManagerConstants: getFullBackupIntervalMilliseconds(...) returns 86400000
11-02 00:24:08.963  1456  1456 V BackupManagerConstants: getFullBackupRequiredNetworkType(...) returns 2
11-02 00:24:08.963  1456  1456 V BackupManagerConstants: getFullBackupRequireCharging(...) returns true
11-02 00:24:08.970  1456  1691 W BroadcastQueue: Background execution not allowed: receiving Intent { act=android.intent.action.PACKAGE_ADDED dat=package: flg=0x4000010 (has extras) } to com.sophos.smsec/.SmSecSystemBroadcastReceiver
11-02 00:24:08.971  1456  1691 W BroadcastQueue: Background execution not allowed: receiving Intent { act=android.intent.action.PACKAGE_ADDED dat=package: flg=0x4000010 (has extras) } to com.android.vending/com.google.android.finsky.packagemonitor.impl.PackageMonitorReceiverImpl$RegisteredReceiver
11-02 00:24:08.971  1456  1691 W BroadcastQueue: Background execution not allowed: receiving Intent { act=android.intent.action.PACKAGE_ADDED dat=package: flg=0x4000010 (has extras) } to com.android.vending/com.google.android.finsky.packagemonitor.backgroundimpl.BackgroundPackageMonitorReceiverImpl$RegisteredReceiver
11-02 00:24:08.971  1456  1691 W BroadcastQueue: Background execution not allowed: receiving Intent { act=android.intent.action.PACKAGE_ADDED dat=package: flg=0x4000010 (has extras) } to com.google.android.gms/.games.chimera.GamesSystemBroadcastReceiverProxy
11-02 00:24:08.971  1456  1691 W BroadcastQueue: Background execution not allowed: receiving Intent { act=android.intent.action.PACKAGE_ADDED dat=package: flg=0x4000010 (has extras) } to com.google.android.gms/.gass.chimera.PackageChangeBroadcastReceiver
11-02 00:24:08.971  1456  1691 W BroadcastQueue: Background execution not allowed: receiving Intent { act=android.intent.action.PACKAGE_ADDED dat=package: flg=0x4000010 (has extras) } to com.google.android.gms/.chimera.GmsIntentOperationService$PersistentTrustedReceiver
11-02 00:24:08.971  1456  1691 W BroadcastQueue: Background execution not allowed: receiving Intent { act=android.intent.action.PACKAGE_ADDED dat=package: flg=0x4000010 (has extras) } to com.google.android.googlequicksearchbox/com.google.android.apps.gsa.googlequicksearchbox.GelStubAppWatcher
11-02 00:24:08.971  1456  1691 W BroadcastQueue: u0 Receiving a broadcast in packagecom.games.mengmeizhitd requires a permissions review
11-02 00:24:08.971  1456  1691 W BroadcastQueue: Skipping delivery: permission review required for Intent { act=android.intent.action.PACKAGE_ADDED dat=package: flg=0x4000010 (has extras) } from null (pid=1456, uid=1000) to com.games.mengmeizhitd/hjnw.ihjnw.i.isqly
11-02 00:24:08.971  1456  1691 W BroadcastQueue: u0 Receiving a broadcast in packagecom.qiuqiu.dfmc requires a permissions review
11-02 00:24:08.971  1456  1691 W BroadcastQueue: Skipping delivery: permission review required for Intent { act=android.intent.action.PACKAGE_ADDED dat=package: flg=0x4000010 (has extras) } from null (pid=1456, uid=1000) to com.qiuqiu.dfmc/cn.jpush.android.service.PushReceiver
11-02 00:24:08.971  1456  1691 W BroadcastQueue: u0 Receiving a broadcast in packagecom.safesys.viruskiller requires a permissions review
11-02 00:24:08.971  1456  1691 W BroadcastQueue: Skipping delivery: permission review required for Intent { act=android.intent.action.PACKAGE_ADDED dat=package: flg=0x4000010 (has extras) } from null (pid=1456, uid=1000) to com.safesys.viruskiller/.ScanPackageBroadcast
11-02 00:24:08.971  1456  1691 W BroadcastQueue: u0 Receiving a broadcast in packageio.dcloud.H5BC6BF13 requires a permissions review
11-02 00:24:08.971  1456  1691 W BroadcastQueue: Skipping delivery: permission review required for Intent { act=android.intent.action.PACKAGE_ADDED dat=package: flg=0x4000010 (has extras) } from null (pid=1456, uid=1000) to io.dcloud.H5BC6BF13/io.dcloud.common.adapter.io.DownloadReceiver
11-02 00:24:09.018  1456  1456 I Telecom : DefaultDialerCache: Refreshing default dialer for user 0: now com.google.android.dialer: DDC.oR@AsA
11-02 00:24:09.021  1456  4154 W BackupTransportManager: Package com.keji.danti1052 enabled setting: 0
11-02 00:24:09.039  1456  1815 E VerityUtils: Failed to measure fs-verity, errno 1: /data/app/~~J0HLQhFY9XSIBL_mgeNmyw==/com.keji.danti1052-Io5kZnJBrOwVy8vjGnVYog==/base.apk
11-02 00:24:09.041  1456  5567 D OomAdjuster: Not killing cached processes
11-02 00:24:09.045  1456  3257 D CompatibilityChangeReporter: Compat change id reported: 161252188; UID 10231; state: DISABLED
11-02 00:24:09.090  1456  1690 W WindowMagnificationMgr: requestConnection duplicated request: connect=false, mConnectionState=DISCONNECTED
11-02 00:24:09.153  1456  1690 W PackageManager: Failed registering loading progress callback. Package is fully loaded.
11-02 00:24:09.160  1456  1690 W WindowMagnificationMgr: requestConnection duplicated request: connect=false, mConnectionState=DISCONNECTED
11-02 00:24:09.353  1456  5577 W AppOps  : setUidMode() called with a mode inconsistent with runtime permission state, this is discouraged and you should revoke the runtime permission instead: uid=10126, switchCode=0, mode=4, permission=android.permission.ACCESS_BACKGROUND_LOCATION
11-02 00:24:09.502  1456  1984 W AppOps  : setUidMode() called with a mode inconsistent with runtime permission state, this is discouraged and you should revoke the runtime permission instead: uid=10126, switchCode=1, mode=4, permission=android.permission.ACCESS_BACKGROUND_LOCATION
11-02 00:24:09.504  1456  2984 W AppOps  : setUidMode() called with a mode inconsistent with runtime permission state, this is discouraged and you should revoke the runtime permission instead: uid=10126, switchCode=0, mode=4, permission=android.permission.ACCESS_BACKGROUND_LOCATION
11-02 00:24:09.607  1456  5567 I ActivityTaskManager: START u0 {flg=0x10020000 cmp=com.sophos.smsec/.plugin.scanner.MaliciousAppInstalledActivity (has extras)} from uid 10194
11-02 00:24:09.800  1456  1456 I NotificationService: Cannot find enqueued record for key: 0|com.sophos.smsec|3623781|ThreatFoundNotification_TAG|10194
11-02 00:24:10.010  1456  1819 E PackageManager: ERROR: could not load root hash from incremental install
11-02 00:24:10.020  1456  2040 W PackageParsing: Ignoring duplicate uses-permissions/uses-permissions-sdk-m: android.permission.INTERNET in package: com.uc108.mobile.sdgj.bd1 at: Binary XML file line #25
11-02 00:24:10.020  1456  2040 W PackageParsing: Ignoring duplicate uses-permissions/uses-permissions-sdk-m: android.permission.READ_PHONE_STATE in package: com.uc108.mobile.sdgj.bd1 at: Binary XML file line #26
11-02 00:24:10.020  1456  2040 W PackageParsing: Ignoring duplicate uses-permissions/uses-permissions-sdk-m: android.permission.ACCESS_WIFI_STATE in package: com.uc108.mobile.sdgj.bd1 at: Binary XML file line #27
11-02 00:24:10.020  1456  2040 W PackageParsing: Ignoring duplicate uses-permissions/uses-permissions-sdk-m: android.permission.ACCESS_NETWORK_STATE in package: com.uc108.mobile.sdgj.bd1 at: Binary XML file line #28
11-02 00:24:10.020  1456  2040 W PackageParsing: Ignoring duplicate uses-permissions/uses-permissions-sdk-m: android.permission.BROADCAST_STICKY in package: com.uc108.mobile.sdgj.bd1 at: Binary XML file line #31
11-02 00:24:10.020  1456  2040 W PackageParsing: Ignoring duplicate uses-permissions/uses-permissions-sdk-m: android.permission.WRITE_SETTINGS in package: com.uc108.mobile.sdgj.bd1 at: Binary XML file line #32
11-02 00:24:10.020  1456  2040 W PackageParsing: Ignoring duplicate uses-permissions/uses-permissions-sdk-m: android.permission.WRITE_EXTERNAL_STORAGE in package: com.uc108.mobile.sdgj.bd1 at: Binary XML file line #34
11-02 00:24:10.020  1456  2040 W PackageParsing: Ignoring duplicate uses-permissions/uses-permissions-sdk-m: android.permission.WAKE_LOCK in package: com.uc108.mobile.sdgj.bd1 at: Binary XML file line #35
11-02 00:24:10.020  1456  2040 W PackageParsing: Ignoring duplicate uses-permissions/uses-permissions-sdk-m: android.permission.VIBRATE in package: com.uc108.mobile.sdgj.bd1 at: Binary XML file line #39
11-02 00:24:10.020  1456  2040 W PackageParsing: Ignoring duplicate uses-permissions/uses-permissions-sdk-m: android.permission.ACCESS_NETWORK_STATE in package: com.uc108.mobile.sdgj.bd1 at: Binary XML file line #46
11-02 00:24:10.021  1456  2040 W PackageParsing: Ignoring duplicate uses-permissions/uses-permissions-sdk-m: android.permission.ACCESS_WIFI_STATE in package: com.uc108.mobile.sdgj.bd1 at: Binary XML file line #47
11-02 00:24:10.021  1456  2040 W PackageParsing: Ignoring duplicate uses-permissions/uses-permissions-sdk-m: android.permission.READ_PHONE_STATE in package: com.uc108.mobile.sdgj.bd1 at: Binary XML file line #48
11-02 00:24:10.021  1456  2040 W PackageParsing: Ignoring duplicate uses-permissions/uses-permissions-sdk-m: android.permission.WRITE_SETTINGS in package: com.uc108.mobile.sdgj.bd1 at: Binary XML file line #49
11-02 00:24:10.021  1456  2040 W PackageParsing: Ignoring duplicate uses-permissions/uses-permissions-sdk-m: android.permission.WRITE_EXTERNAL_STORAGE in package: com.uc108.mobile.sdgj.bd1 at: Binary XML file line #50
11-02 00:24:10.021  1456  2040 W PackageParsing: Ignoring duplicate uses-permissions/uses-permissions-sdk-m: android.permission.INTERNET in package: com.uc108.mobile.sdgj.bd1 at: Binary XML file line #51
11-02 00:24:10.021  1456  2040 W PackageParsing: Ignoring duplicate uses-permissions/uses-permissions-sdk-m: android.permission.GET_TASKS in package: com.uc108.mobile.sdgj.bd1 at: Binary XML file line #52
11-02 00:24:10.021  1456  2040 W PackageParsing: Ignoring duplicate uses-permissions/uses-permissions-sdk-m: android.permission.ACCESS_COARSE_LOCATION in package: com.uc108.mobile.sdgj.bd1 at: Binary XML file line #56
11-02 00:24:10.021  1456  2040 W PackageParsing: Ignoring duplicate uses-permissions/uses-permissions-sdk-m: android.permission.RECEIVE_BOOT_COMPLETED in package: com.uc108.mobile.sdgj.bd1 at: Binary XML file line #63
11-02 00:24:10.021  1456  2040 W PackageParsing: Ignoring duplicate uses-permissions/uses-permissions-sdk-m: android.permission.VIBRATE in package: com.uc108.mobile.sdgj.bd1 at: Binary XML file line #64
11-02 00:24:10.021  1456  2040 W PackageParsing: Ignoring duplicate uses-permissions/uses-permissions-sdk-m: android.permission.BROADCAST_STICKY in package: com.uc108.mobile.sdgj.bd1 at: Binary XML file line #70
11-02 00:24:10.021  1456  2040 W PackageParsing: Ignoring duplicate uses-permissions/uses-permissions-sdk-m: android.permission.WAKE_LOCK in package: com.uc108.mobile.sdgj.bd1 at: Binary XML file line #76
11-02 00:24:10.021  1456  2040 W PackageParsing: Ignoring duplicate uses-permissions/uses-permissions-sdk-m: android.permission.ACCESS_COARSE_LOCATION in package: com.uc108.mobile.sdgj.bd1 at: Binary XML file line #77
11-02 00:24:10.023  1456  2040 D CompatibilityChangeReporter: Compat change id reported: 151163173; UID -1; state: DISABLED
11-02 00:24:10.024  1456  2040 W PackageParsing: No actions in intent-filter at /data/app/vmdl2120009860.tmp/base.apk Binary XML file line #482
11-02 00:24:10.025  1456  2040 W PackageParsing: No actions in intent-filter at /data/app/vmdl2120009860.tmp/base.apk Binary XML file line #489
11-02 00:24:10.025  1456  2040 W PackageParsing: No actions in intent-filter at /data/app/vmdl2120009860.tmp/base.apk Binary XML file line #496
11-02 00:24:10.025  1456  2040 W PackageParsing: No actions in intent-filter at /data/app/vmdl2120009860.tmp/base.apk Binary XML file line #503
11-02 00:24:10.025  1456  2040 W PackageParsing: No actions in intent-filter at /data/app/vmdl2120009860.tmp/base.apk Binary XML file line #510
11-02 00:24:10.025  1456  2040 W PackageParsing: No actions in intent-filter at /data/app/vmdl2120009860.tmp/base.apk Binary XML file line #527
11-02 00:24:10.025  1456  2040 W PackageParsing: No actions in intent-filter at /data/app/vmdl2120009860.tmp/base.apk Binary XML file line #534
11-02 00:24:10.025  1456  2040 W PackageParsing: No actions in intent-filter at /data/app/vmdl2120009860.tmp/base.apk Binary XML file line #541
11-02 00:24:10.025  1456  2040 W PackageParsing: No actions in intent-filter at /data/app/vmdl2120009860.tmp/base.apk Binary XML file line #549
11-02 00:24:10.025  1456  2040 W PackageParsing: No actions in intent-filter at /data/app/vmdl2120009860.tmp/base.apk Binary XML file line #557
11-02 00:24:10.025  1456  2040 W PackageParsing: No actions in intent-filter at /data/app/vmdl2120009860.tmp/base.apk Binary XML file line #565
11-02 00:24:10.025  1456  2040 W PackageParsing: No actions in intent-filter at /data/app/vmdl2120009860.tmp/base.apk Binary XML file line #573
11-02 00:24:10.025  1456  2040 W PackageParsing: No actions in intent-filter at /data/app/vmdl2120009860.tmp/base.apk Binary XML file line #581
11-02 00:24:10.026  1456  2040 W PackageParsing: No actions in intent-filter at /data/app/vmdl2120009860.tmp/base.apk Binary XML file line #588
11-02 00:24:10.026  1456  2040 W PackageParsing: No actions in intent-filter at /data/app/vmdl2120009860.tmp/base.apk Binary XML file line #595
11-02 00:24:10.026  1456  2040 W PackageParsing: No actions in intent-filter at /data/app/vmdl2120009860.tmp/base.apk Binary XML file line #602
11-02 00:24:10.026  1456  2040 W PackageParsing: No actions in intent-filter at /data/app/vmdl2120009860.tmp/base.apk Binary XML file line #609
11-02 00:24:10.026  1456  2040 W PackageParsing: No actions in intent-filter at /data/app/vmdl2120009860.tmp/base.apk Binary XML file line #615
11-02 00:24:10.089  1456  1819 I PackageManager: Integrity check passed for file:///data/app/vmdl2120009860.tmp
11-02 00:24:10.101  1456  1819 W PackageParsing: Ignoring duplicate uses-permissions/uses-permissions-sdk-m: android.permission.INTERNET in package: com.uc108.mobile.sdgj.bd1 at: Binary XML file line #25
11-02 00:24:10.101  1456  1819 W PackageParsing: Ignoring duplicate uses-permissions/uses-permissions-sdk-m: android.permission.READ_PHONE_STATE in package: com.uc108.mobile.sdgj.bd1 at: Binary XML file line #26
11-02 00:24:10.101  1456  1819 W PackageParsing: Ignoring duplicate uses-permissions/uses-permissions-sdk-m: android.permission.ACCESS_WIFI_STATE in package: com.uc108.mobile.sdgj.bd1 at: Binary XML file line #27
11-02 00:24:10.101  1456  1819 W PackageParsing: Ignoring duplicate uses-permissions/uses-permissions-sdk-m: android.permission.ACCESS_NETWORK_STATE in package: com.uc108.mobile.sdgj.bd1 at: Binary XML file line #28
11-02 00:24:10.101  1456  1819 W PackageParsing: Ignoring duplicate uses-permissions/uses-permissions-sdk-m: android.permission.BROADCAST_STICKY in package: com.uc108.mobile.sdgj.bd1 at: Binary XML file line #31
11-02 00:24:10.101  1456  1819 W PackageParsing: Ignoring duplicate uses-permissions/uses-permissions-sdk-m: android.permission.WRITE_SETTINGS in package: com.uc108.mobile.sdgj.bd1 at: Binary XML file line #32
11-02 00:24:10.101  1456  1819 W PackageParsing: Ignoring duplicate uses-permissions/uses-permissions-sdk-m: android.permission.WRITE_EXTERNAL_STORAGE in package: com.uc108.mobile.sdgj.bd1 at: Binary XML file line #34
11-02 00:24:10.101  1456  1819 W PackageParsing: Ignoring duplicate uses-permissions/uses-permissions-sdk-m: android.permission.WAKE_LOCK in package: com.uc108.mobile.sdgj.bd1 at: Binary XML file line #35
11-02 00:24:10.101  1456  1819 W PackageParsing: Ignoring duplicate uses-permissions/uses-permissions-sdk-m: android.permission.VIBRATE in package: com.uc108.mobile.sdgj.bd1 at: Binary XML file line #39
11-02 00:24:10.101  1456  1819 W PackageParsing: Ignoring duplicate uses-permissions/uses-permissions-sdk-m: android.permission.ACCESS_NETWORK_STATE in package: com.uc108.mobile.sdgj.bd1 at: Binary XML file line #46
11-02 00:24:10.101  1456  1819 W PackageParsing: Ignoring duplicate uses-permissions/uses-permissions-sdk-m: android.permission.ACCESS_WIFI_STATE in package: com.uc108.mobile.sdgj.bd1 at: Binary XML file line #47
11-02 00:24:10.101  1456  1819 W PackageParsing: Ignoring duplicate uses-permissions/uses-permissions-sdk-m: android.permission.READ_PHONE_STATE in package: com.uc108.mobile.sdgj.bd1 at: Binary XML file line #48
11-02 00:24:10.101  1456  1819 W PackageParsing: Ignoring duplicate uses-permissions/uses-permissions-sdk-m: android.permission.WRITE_SETTINGS in package: com.uc108.mobile.sdgj.bd1 at: Binary XML file line #49
11-02 00:24:10.101  1456  1819 W PackageParsing: Ignoring duplicate uses-permissions/uses-permissions-sdk-m: android.permission.WRITE_EXTERNAL_STORAGE in package: com.uc108.mobile.sdgj.bd1 at: Binary XML file line #50
11-02 00:24:10.101  1456  1819 W PackageParsing: Ignoring duplicate uses-permissions/uses-permissions-sdk-m: android.permission.INTERNET in package: com.uc108.mobile.sdgj.bd1 at: Binary XML file line #51
11-02 00:24:10.101  1456  1819 W PackageParsing: Ignoring duplicate uses-permissions/uses-permissions-sdk-m: android.permission.GET_TASKS in package: com.uc108.mobile.sdgj.bd1 at: Binary XML file line #52
11-02 00:24:10.101  1456  1819 W PackageParsing: Ignoring duplicate uses-permissions/uses-permissions-sdk-m: android.permission.ACCESS_COARSE_LOCATION in package: com.uc108.mobile.sdgj.bd1 at: Binary XML file line #56
11-02 00:24:10.102  1456  1819 W PackageParsing: Ignoring duplicate uses-permissions/uses-permissions-sdk-m: android.permission.RECEIVE_BOOT_COMPLETED in package: com.uc108.mobile.sdgj.bd1 at: Binary XML file line #63
11-02 00:24:10.102  1456  1819 W PackageParsing: Ignoring duplicate uses-permissions/uses-permissions-sdk-m: android.permission.VIBRATE in package: com.uc108.mobile.sdgj.bd1 at: Binary XML file line #64
11-02 00:24:10.102  1456  1819 W PackageParsing: Ignoring duplicate uses-permissions/uses-permissions-sdk-m: android.permission.BROADCAST_STICKY in package: com.uc108.mobile.sdgj.bd1 at: Binary XML file line #70
11-02 00:24:10.102  1456  1819 W PackageParsing: Ignoring duplicate uses-permissions/uses-permissions-sdk-m: android.permission.WAKE_LOCK in package: com.uc108.mobile.sdgj.bd1 at: Binary XML file line #76
11-02 00:24:10.102  1456  1819 W PackageParsing: Ignoring duplicate uses-permissions/uses-permissions-sdk-m: android.permission.ACCESS_COARSE_LOCATION in package: com.uc108.mobile.sdgj.bd1 at: Binary XML file line #77
11-02 00:24:10.104  1456  1819 W PackageParsing: No actions in intent-filter at /data/app/vmdl2120009860.tmp/base.apk Binary XML file line #482
11-02 00:24:10.104  1456  1819 W PackageParsing: No actions in intent-filter at /data/app/vmdl2120009860.tmp/base.apk Binary XML file line #489
11-02 00:24:10.105  1456  1819 W PackageParsing: No actions in intent-filter at /data/app/vmdl2120009860.tmp/base.apk Binary XML file line #496
11-02 00:24:10.105  1456  1819 W PackageParsing: No actions in intent-filter at /data/app/vmdl2120009860.tmp/base.apk Binary XML file line #503
11-02 00:24:10.105  1456  1819 W PackageParsing: No actions in intent-filter at /data/app/vmdl2120009860.tmp/base.apk Binary XML file line #510
11-02 00:24:10.105  1456  1819 W PackageParsing: No actions in intent-filter at /data/app/vmdl2120009860.tmp/base.apk Binary XML file line #527
11-02 00:24:10.105  1456  1819 W PackageParsing: No actions in intent-filter at /data/app/vmdl2120009860.tmp/base.apk Binary XML file line #534
11-02 00:24:10.105  1456  1819 W PackageParsing: No actions in intent-filter at /data/app/vmdl2120009860.tmp/base.apk Binary XML file line #541
