11-02 00:24:34.976  1456  1691 W BroadcastQueue: u0 Receiving a broadcast in packagecom.qiuqiu.dfmc requires a permissions review
11-02 00:24:34.976  1456  1691 W BroadcastQueue: Skipping delivery: permission review required for Intent { act=android.intent.action.PACKAGE_ADDED dat=package: flg=0x4000010 (has extras) } from null (pid=1456, uid=1000) to com.qiuqiu.dfmc/cn.jpush.android.service.PushReceiver
11-02 00:24:34.976  1456  1691 W BroadcastQueue: u0 Receiving a broadcast in packagecom.safesys.viruskiller requires a permissions review
11-02 00:24:34.976  1456  1691 W BroadcastQueue: Skipping delivery: permission review required for Intent { act=android.intent.action.PACKAGE_ADDED dat=package: flg=0x4000010 (has extras) } from null (pid=1456, uid=1000) to com.safesys.viruskiller/.ScanPackageBroadcast
11-02 00:24:34.976  1456  1691 W BroadcastQueue: u0 Receiving a broadcast in packagecom.uc108.mobile.sdgj.bd1 requires a permissions review
11-02 00:24:34.976  1456  1691 W BroadcastQueue: Skipping delivery: permission review required for Intent { act=android.intent.action.PACKAGE_ADDED dat=package: flg=0x4000010 (has extras) } from null (pid=1456, uid=1000) to com.uc108.mobile.sdgj.bd1/com.baidu.tiebasdk.service.InstallReceiver
11-02 00:24:34.976  1456  1691 W BroadcastQueue: u0 Receiving a broadcast in packagecom.voicebianshengjinglingwc.wxl requires a permissions review
11-02 00:24:34.976  1456  1691 W BroadcastQueue: Skipping delivery: permission review required for Intent { act=android.intent.action.PACKAGE_ADDED dat=package: flg=0x4000010 (has extras) } from null (pid=1456, uid=1000) to com.voicebianshengjinglingwc.wxl/mp.ruu.Ztjjwrj
11-02 00:24:34.976  1456  1691 W BroadcastQueue: u0 Receiving a broadcast in packageio.dcloud.H5BC6BF13 requires a permissions review
11-02 00:24:34.976  1456  1691 W BroadcastQueue: Skipping delivery: permission review required for Intent { act=android.intent.action.PACKAGE_ADDED dat=package: flg=0x4000010 (has extras) } from null (pid=1456, uid=1000) to io.dcloud.H5BC6BF13/io.dcloud.common.adapter.io.DownloadReceiver
11-02 00:24:35.007  1456  1815 E VerityUtils: Failed to measure fs-verity, errno 1: /data/app/~~CmO9Bgjr7WFpUX45xUPCbw==/com.yoojar.zlsg.baidu-GFidvvHya65RIdNnqqvTZg==/base.apk
11-02 00:24:35.016  1456  1456 I Telecom : DefaultDialerCache: Refreshing default dialer for user 0: now com.google.android.dialer: DDC.oR@A1g
11-02 00:24:35.017  1456  1456 I NotificationService: Cannot find enqueued record for key: 0|com.google.android.apps.wellbeing|174344743|null|10120
11-02 00:24:35.047  1456  4154 W BackupTransportManager: Package com.yoojar.zlsg.baidu enabled setting: 0
11-02 00:24:35.066  1456  5588 D CompatibilityChangeReporter: Compat change id reported: 161252188; UID 10259; state: DISABLED
11-02 00:24:35.091  1456  1456 I NotificationService: Cannot find enqueued record for key: 0|com.sophos.smsec|-1539023111|ThreatFoundNotification_TAG|10194
11-02 00:24:35.152  1456  1708 E KernelWakelockReader: neither /proc/wakelocks nor /d/wakeup_sources exists
11-02 00:24:35.153  1456  1708 W BatteryStatsImpl: Couldn't get kernel wake lock stats
11-02 00:24:35.153  1456  1690 W WindowMagnificationMgr: requestConnection duplicated request: connect=false, mConnectionState=DISCONNECTED
11-02 00:24:35.160  1456  5590 W BroadcastQueue: u0 Receiving a broadcast in packagecom.yoojar.zlsg.baidu requires a permissions review
11-02 00:24:35.160  1456  5590 W BroadcastQueue: Skipping delivery: permission review required for Intent { act=android.intent.action.PACKAGE_CHANGED dat=package: flg=0x5000010 (has extras) } from null (pid=1456, uid=1000) to com.yoojar.zlsg.baidu/com.duoku.platform.download.broadcast.AppMonitorReceiver
11-02 00:24:35.230  1456  1690 W PackageManager: Failed registering loading progress callback. Package is fully loaded.
11-02 00:24:35.245  1456  1690 W WindowMagnificationMgr: requestConnection duplicated request: connect=false, mConnectionState=DISCONNECTED
11-02 00:24:35.264  1456  5577 D CompatibilityChangeReporter: Compat change id reported: 135634846; UID 90012; state: DISABLED
11-02 00:24:35.264  1456  5577 D CompatibilityChangeReporter: Compat change id reported: 177438394; UID 90012; state: DISABLED
11-02 00:24:35.264  1456  5577 D CompatibilityChangeReporter: Compat change id reported: 135772972; UID 90012; state: DISABLED
11-02 00:24:35.264  1456  5577 D CompatibilityChangeReporter: Compat change id reported: 135754954; UID 90012; state: ENABLED
11-02 00:24:35.265  1456  1692 D CompatibilityChangeReporter: Compat change id reported: 143937733; UID 10156; state: ENABLED
11-02 00:24:35.295  1456  1692 I ActivityManager: Start proc 18749:com.android.chrome:sandboxed_process0:org.chromium.content.app.SandboxedProcessService0:12/u0ai12 for  {com.android.chrome/org.chromium.content.app.SandboxedProcessService0:12}
11-02 00:24:35.378  1456  5566 D CompatibilityChangeReporter: Compat change id reported: 168419799; UID 10156; state: DISABLED
11-02 00:24:35.378  1456  5566 D CompatibilityChangeReporter: Compat change id reported: 273564678; UID 10156; state: DISABLED
11-02 00:24:35.470  1456  5597 D SystemServerTiming: getUserSwitchability-0
11-02 00:24:35.470  1456  5597 D SystemServerTiming: TM.isInCall
11-02 00:24:35.471  1456  5597 D SystemServerTiming: hasUserRestriction-DISALLOW_USER_SWITCH
11-02 00:24:35.471  1456  5597 D SystemServerTiming: getInt-ALLOW_USER_SWITCHING_WHEN_SYSTEM_USER_LOCKED
11-02 00:24:35.471  1456  5597 D SystemServerTiming: isUserUnlocked-USER_SYSTEM
11-02 00:24:35.471  1456  2984 D SystemServerTiming: getUserSwitchability-0
11-02 00:24:35.471  1456  2984 D SystemServerTiming: TM.isInCall
11-02 00:24:35.471  1456  2984 D SystemServerTiming: hasUserRestriction-DISALLOW_USER_SWITCH
11-02 00:24:35.471  1456  2984 D SystemServerTiming: getInt-ALLOW_USER_SWITCHING_WHEN_SYSTEM_USER_LOCKED
11-02 00:24:35.471  1456  2984 D SystemServerTiming: isUserUnlocked-USER_SYSTEM
11-02 00:24:35.533  1456  1819 E PackageManager: ERROR: could not load root hash from incremental install
11-02 00:24:35.536  1456  5597 I ActivityManager: Killing 18749:com.android.chrome:sandboxed_process0:org.chromium.content.app.SandboxedProcessService0:12/u0a156i-8988 (adj 0): isolated not needed
11-02 00:24:35.539  1456  2040 W PackageParsing: Ignoring duplicate uses-permissions/uses-permissions-sdk-m: android.permission.INTERNET in package: com.vbdcf54.d2b25 at: Binary XML file line #49
11-02 00:24:35.539  1456  2040 W PackageParsing: Ignoring duplicate uses-permissions/uses-permissions-sdk-m: android.permission.ACCESS_NETWORK_STATE in package: com.vbdcf54.d2b25 at: Binary XML file line #50
11-02 00:24:35.539  1456  2040 W PackageParsing: Ignoring duplicate uses-permissions/uses-permissions-sdk-m: android.permission.ACCESS_WIFI_STATE in package: com.vbdcf54.d2b25 at: Binary XML file line #51
11-02 00:24:35.539  1456  2040 W PackageParsing: Ignoring duplicate uses-permissions/uses-permissions-sdk-m: android.permission.READ_PHONE_STATE in package: com.vbdcf54.d2b25 at: Binary XML file line #52
11-02 00:24:35.539  1456  2040 W PackageParsing: Ignoring duplicate uses-permissions/uses-permissions-sdk-m: android.permission.WRITE_EXTERNAL_STORAGE in package: com.vbdcf54.d2b25 at: Binary XML file line #53
11-02 00:24:35.539  1456  2040 W PackageParsing: Ignoring duplicate uses-permissions/uses-permissions-sdk-m: android.permission.READ_PHONE_STATE in package: com.vbdcf54.d2b25 at: Binary XML file line #56
11-02 00:24:35.539  1456  2040 W PackageParsing: Ignoring duplicate uses-permissions/uses-permissions-sdk-m: android.permission.INTERNET in package: com.vbdcf54.d2b25 at: Binary XML file line #57
11-02 00:24:35.539  1456  2040 W PackageParsing: Ignoring duplicate uses-permissions/uses-permissions-sdk-m: android.permission.ACCESS_NETWORK_STATE in package: com.vbdcf54.d2b25 at: Binary XML file line #58
11-02 00:24:35.539  1456  2040 W PackageParsing: Ignoring duplicate uses-permissions/uses-permissions-sdk-m: android.permission.WRITE_EXTERNAL_STORAGE in package: com.vbdcf54.d2b25 at: Binary XML file line #59
11-02 00:24:35.539  1456  2040 W PackageParsing: Ignoring duplicate uses-permissions/uses-permissions-sdk-m: android.permission.GET_TASKS in package: com.vbdcf54.d2b25 at: Binary XML file line #61
11-02 00:24:35.553  1456  1819 I PackageManager: Integrity check passed for file:///data/app/vmdl934883311.tmp
11-02 00:24:35.614  1456  1819 W PackageParsing: Ignoring duplicate uses-permissions/uses-permissions-sdk-m: android.permission.INTERNET in package: com.vbdcf54.d2b25 at: Binary XML file line #49
11-02 00:24:35.614  1456  1819 W PackageParsing: Ignoring duplicate uses-permissions/uses-permissions-sdk-m: android.permission.ACCESS_NETWORK_STATE in package: com.vbdcf54.d2b25 at: Binary XML file line #50
11-02 00:24:35.614  1456  1819 W PackageParsing: Ignoring duplicate uses-permissions/uses-permissions-sdk-m: android.permission.ACCESS_WIFI_STATE in package: com.vbdcf54.d2b25 at: Binary XML file line #51
11-02 00:24:35.614  1456  1819 W PackageParsing: Ignoring duplicate uses-permissions/uses-permissions-sdk-m: android.permission.READ_PHONE_STATE in package: com.vbdcf54.d2b25 at: Binary XML file line #52
11-02 00:24:35.614  1456  1819 W PackageParsing: Ignoring duplicate uses-permissions/uses-permissions-sdk-m: android.permission.WRITE_EXTERNAL_STORAGE in package: com.vbdcf54.d2b25 at: Binary XML file line #53
11-02 00:24:35.615  1456  1819 W PackageParsing: Ignoring duplicate uses-permissions/uses-permissions-sdk-m: android.permission.READ_PHONE_STATE in package: com.vbdcf54.d2b25 at: Binary XML file line #56
11-02 00:24:35.615  1456  1819 W PackageParsing: Ignoring duplicate uses-permissions/uses-permissions-sdk-m: android.permission.INTERNET in package: com.vbdcf54.d2b25 at: Binary XML file line #57
11-02 00:24:35.615  1456  1819 W PackageParsing: Ignoring duplicate uses-permissions/uses-permissions-sdk-m: android.permission.ACCESS_NETWORK_STATE in package: com.vbdcf54.d2b25 at: Binary XML file line #58
11-02 00:24:35.615  1456  1819 W PackageParsing: Ignoring duplicate uses-permissions/uses-permissions-sdk-m: android.permission.WRITE_EXTERNAL_STORAGE in package: com.vbdcf54.d2b25 at: Binary XML file line #59
11-02 00:24:35.615  1456  1819 W PackageParsing: Ignoring duplicate uses-permissions/uses-permissions-sdk-m: android.permission.GET_TASKS in package: com.vbdcf54.d2b25 at: Binary XML file line #61
11-02 00:24:35.657  1456  1819 I PackageManager: Permission ownership changed. Updating all permissions.
11-02 00:24:35.797  1456  1676 W Looper  : Slow dispatch took 140ms android.fg h=android.os.Handler c=<recycled PooledLambda@e25421b> m=0
11-02 00:24:35.952  1456  1676 V StorageManagerService: Package null has legacy storage
11-02 00:24:36.090  1456  5567 W AppOps  : setUidMode() called with a mode inconsistent with runtime permission state, this is discouraged and you should revoke the runtime permission instead: uid=10126, switchCode=0, mode=4, permission=android.permission.ACCESS_BACKGROUND_LOCATION
11-02 00:24:36.141  1456  1819 V BackupManagerService: [UserID:0] restoreAtInstall pkg=com.vbdcf54.d2b25 token=46 restoreSet=0
11-02 00:24:36.141  1456  1819 V BackupManagerService: [UserID:0] Finishing install immediately
11-02 00:24:36.144  1456  1819 D PackageInstallerSession: Marking session 934883311 as applied
11-02 00:24:36.157  1456  1819 D CompatibilityChangeReporter: Compat change id reported: 168419799; UID 10260; state: DISABLED
11-02 00:24:36.158  1456  1819 D CompatibilityChangeReporter: Compat change id reported: 273564678; UID 10260; state: DISABLED
11-02 00:24:36.168  1456  2914 D CompatibilityChangeReporter: Compat change id reported: 218533173; UID 10260; state: DISABLED
11-02 00:24:36.169  1456  1691 W BroadcastQueue: u0 Receiving a broadcast in packagecom.jr.narutoii requires a permissions review
11-02 00:24:36.169  1456  1691 W BroadcastQueue: Skipping delivery: permission review required for Intent { act=android.intent.action.PACKAGE_ADDED dat=package: flg=0x4000010 (has extras) } from null (pid=1456, uid=1000) to com.jr.narutoii/com.joyriver.engine.proxy.EngineReceiver
11-02 00:24:36.169  1456  1691 W BroadcastQueue: u0 Receiving a broadcast in packagecom.android.buyer requires a permissions review
11-02 00:24:36.169  1456  1691 W BroadcastQueue: Skipping delivery: permission review required for Intent { act=android.intent.action.PACKAGE_ADDED dat=package: flg=0x4000010 (has extras) } from null (pid=1456, uid=1000) to com.android.buyer/.mRve
11-02 00:24:36.169  1456  1691 W BroadcastQueue: Background execution not allowed: receiving Intent { act=android.intent.action.PACKAGE_ADDED dat=package: flg=0x4000010 (has extras) } to com.google.android.packageinstaller/com.android.packageinstaller.PackageInstalledReceiver
11-02 00:24:36.169  1456  1691 W BroadcastQueue: Background execution not allowed: receiving Intent { act=android.intent.action.PACKAGE_ADDED dat=package: flg=0x4000010 (has extras) } to com.sophos.smsec/.SmSecSystemBroadcastReceiver
11-02 00:24:36.170  1456  1691 W BroadcastQueue: Background execution not allowed: receiving Intent { act=android.intent.action.PACKAGE_ADDED dat=package: flg=0x4000010 (has extras) } to com.android.vending/com.google.android.finsky.packagemonitor.impl.PackageMonitorReceiverImpl$RegisteredReceiver
11-02 00:24:36.170  1456  1691 W BroadcastQueue: Background execution not allowed: receiving Intent { act=android.intent.action.PACKAGE_ADDED dat=package: flg=0x4000010 (has extras) } to com.android.vending/com.google.android.finsky.packagemonitor.backgroundimpl.BackgroundPackageMonitorReceiverImpl$RegisteredReceiver
11-02 00:24:36.170  1456  1691 W BroadcastQueue: Background execution not allowed: receiving Intent { act=android.intent.action.PACKAGE_ADDED dat=package: flg=0x4000010 (has extras) } to com.google.android.gms/.games.chimera.GamesSystemBroadcastReceiverProxy
11-02 00:24:36.170  1456  1691 W BroadcastQueue: Background execution not allowed: receiving Intent { act=android.intent.action.PACKAGE_ADDED dat=package: flg=0x4000010 (has extras) } to com.google.android.gms/.gass.chimera.PackageChangeBroadcastReceiver
11-02 00:24:36.170  1456  1691 W BroadcastQueue: Background execution not allowed: receiving Intent { act=android.intent.action.PACKAGE_ADDED dat=package: flg=0x4000010 (has extras) } to com.google.android.gms/.chimera.GmsIntentOperationService$PersistentTrustedReceiver
11-02 00:24:36.170  1456  1691 W BroadcastQueue: Background execution not allowed: receiving Intent { act=android.intent.action.PACKAGE_ADDED dat=package: flg=0x4000010 (has extras) } to com.google.android.googlequicksearchbox/com.google.android.apps.gsa.googlequicksearchbox.GelStubAppWatcher
11-02 00:24:36.170  1456  1691 W BroadcastQueue: u0 Receiving a broadcast in packagecom.cncd.japan.janli.shudu requires a permissions review
11-02 00:24:36.170  1456  1691 W BroadcastQueue: Skipping delivery: permission review required for Intent { act=android.intent.action.PACKAGE_ADDED dat=package: flg=0x4000010 (has extras) } from null (pid=1456, uid=1000) to com.cncd.japan.janli.shudu/net.l.k.r
11-02 00:24:36.170  1456  1691 W BroadcastQueue: u0 Receiving a broadcast in packagecom.cncd.japan.janli.shudu requires a permissions review
11-02 00:24:36.170  1456  1691 W BroadcastQueue: Skipping delivery: permission review required for Intent { act=android.intent.action.PACKAGE_ADDED dat=package: flg=0x4000010 (has extras) } from null (pid=1456, uid=1000) to com.cncd.japan.janli.shudu/com.feiwofour.coverscreen.SR
11-02 00:24:36.170  1456  1691 W BroadcastQueue: u0 Receiving a broadcast in packagecom.games.mengmeizhitd requires a permissions review
11-02 00:24:36.170  1456  1691 W BroadcastQueue: Skipping delivery: permission review required for Intent { act=android.intent.action.PACKAGE_ADDED dat=package: flg=0x4000010 (has extras) } from null (pid=1456, uid=1000) to com.games.mengmeizhitd/hjnw.ihjnw.i.isqly
11-02 00:24:36.170  1456  1691 W BroadcastQueue: u0 Receiving a broadcast in packagecom.hgperfko.yaeghrwx requires a permissions review
11-02 00:24:36.170  1456  1691 W BroadcastQueue: Skipping delivery: permission review required for Intent { act=android.intent.action.PACKAGE_ADDED dat=package: flg=0x4000010 (has extras) } from null (pid=1456, uid=1000) to com.hgperfko.yaeghrwx/.core.hLytdCQDBv
11-02 00:24:36.170  1456  1691 W BroadcastQueue: u0 Receiving a broadcast in packagecom.qiuqiu.dfmc requires a permissions review
11-02 00:24:36.171  1456  1691 W BroadcastQueue: Skipping delivery: permission review required for Intent { act=android.intent.action.PACKAGE_ADDED dat=package: flg=0x4000010 (has extras) } from null (pid=1456, uid=1000) to com.qiuqiu.dfmc/cn.jpush.android.service.PushReceiver
11-02 00:24:36.171  1456  1691 W BroadcastQueue: u0 Receiving a broadcast in packagecom.safesys.viruskiller requires a permissions review
11-02 00:24:36.171  1456  1691 W BroadcastQueue: Skipping delivery: permission review required for Intent { act=android.intent.action.PACKAGE_ADDED dat=package: flg=0x4000010 (has extras) } from null (pid=1456, uid=1000) to com.safesys.viruskiller/.ScanPackageBroadcast
11-02 00:24:36.171  1456  1691 W BroadcastQueue: u0 Receiving a broadcast in packagecom.uc108.mobile.sdgj.bd1 requires a permissions review
11-02 00:24:36.171  1456  1691 W BroadcastQueue: Skipping delivery: permission review required for Intent { act=android.intent.action.PACKAGE_ADDED dat=package: flg=0x4000010 (has extras) } from null (pid=1456, uid=1000) to com.uc108.mobile.sdgj.bd1/com.baidu.tiebasdk.service.InstallReceiver
11-02 00:24:36.171  1456  1691 W BroadcastQueue: u0 Receiving a broadcast in packagecom.voicebianshengjinglingwc.wxl requires a permissions review
11-02 00:24:36.171  1456  1691 W BroadcastQueue: Skipping delivery: permission review required for Intent { act=android.intent.action.PACKAGE_ADDED dat=package: flg=0x4000010 (has extras) } from null (pid=1456, uid=1000) to com.voicebianshengjinglingwc.wxl/mp.ruu.Ztjjwrj
11-02 00:24:36.171  1456  1691 W BroadcastQueue: u0 Receiving a broadcast in packagecom.yoojar.zlsg.baidu requires a permissions review
11-02 00:24:36.171  1456  1691 W BroadcastQueue: Skipping delivery: permission review required for Intent { act=android.intent.action.PACKAGE_ADDED dat=package: flg=0x4000010 (has extras) } from null (pid=1456, uid=1000) to com.yoojar.zlsg.baidu/com.duoku.platform.download.broadcast.AppMonitorReceiver
11-02 00:24:36.171  1456  1691 W BroadcastQueue: u0 Receiving a broadcast in packageio.dcloud.H5BC6BF13 requires a permissions review
11-02 00:24:36.171  1456  1691 W BroadcastQueue: Skipping delivery: permission review required for Intent { act=android.intent.action.PACKAGE_ADDED dat=package: flg=0x4000010 (has extras) } from null (pid=1456, uid=1000) to io.dcloud.H5BC6BF13/io.dcloud.common.adapter.io.DownloadReceiver
11-02 00:24:36.183  1456  1456 I Telecom : DefaultDialerCache: Refreshing default dialer for user 0: now com.google.android.dialer: DDC.oR@A2M
11-02 00:24:36.194  1456  1456 V BackupManagerConstants: getFullBackupIntervalMilliseconds(...) returns 86400000
11-02 00:24:36.194  1456  1456 V BackupManagerConstants: getFullBackupRequiredNetworkType(...) returns 2
11-02 00:24:36.195  1456  1456 V BackupManagerConstants: getFullBackupRequireCharging(...) returns true
11-02 00:24:36.239  1456  1815 E VerityUtils: Failed to measure fs-verity, errno 1: /data/app/~~xr3A-8NI7jH7alhr0EX2wQ==/com.vbdcf54.d2b25-qU1YalBkq_aULXt4EQLGhA==/base.apk
11-02 00:24:36.245  1456  1456 I Telecom : DefaultDialerCache: Refreshing default dialer for user 0: now com.google.android.dialer: DDC.oR@A2Q
11-02 00:24:36.256  1456  5566 D CompatibilityChangeReporter: Compat change id reported: 161252188; UID 10260; state: DISABLED
11-02 00:24:36.289  1456  4154 W BackupTransportManager: Package com.vbdcf54.d2b25 enabled setting: 0
11-02 00:24:36.327  1456  5566 W BroadcastQueue: u0 Receiving a broadcast in packagecom.yoojar.zlsg.baidu requires a permissions review
11-02 00:24:36.327  1456  5566 W BroadcastQueue: Skipping delivery: permission review required for Intent { act=android.intent.action.PACKAGE_CHANGED dat=package: flg=0x5000010 (has extras) } from null (pid=1456, uid=1000) to com.yoojar.zlsg.baidu/com.duoku.platform.download.broadcast.AppMonitorReceiver
11-02 00:24:36.353  1456  5591 W AppOps  : setUidMode() called with a mode inconsistent with runtime permission state, this is discouraged and you should revoke the runtime permission instead: uid=10126, switchCode=1, mode=4, permission=android.permission.ACCESS_BACKGROUND_LOCATION
11-02 00:24:36.369  1456  1690 W WindowMagnificationMgr: requestConnection duplicated request: connect=false, mConnectionState=DISCONNECTED
11-02 00:24:36.381  1456  5587 W AppOps  : setUidMode() called with a mode inconsistent with runtime permission state, this is discouraged and you should revoke the runtime permission instead: uid=10126, switchCode=0, mode=4, permission=android.permission.ACCESS_BACKGROUND_LOCATION
11-02 00:24:36.422  1456  1690 W PackageManager: Failed registering loading progress callback. Package is fully loaded.
11-02 00:24:36.436  1456  1690 W WindowMagnificationMgr: requestConnection duplicated request: connect=false, mConnectionState=DISCONNECTED
11-02 00:24:36.619  1456  1819 E PackageManager: ERROR: could not load root hash from incremental install
11-02 00:24:36.668  1456  1819 I PackageManager: Integrity check passed for file:///data/app/vmdl325733544.tmp
11-02 00:24:36.781  1456  1676 V StorageManagerService: Package null has legacy storage
11-02 00:24:37.085  1456  1819 V BackupManagerService: [UserID:0] restoreAtInstall pkg=cn.inssgame.paokugame token=47 restoreSet=0
11-02 00:24:37.086  1456  1819 V BackupManagerService: [UserID:0] Finishing install immediately
11-02 00:24:37.092  1456  1819 D PackageInstallerSession: Marking session 325733544 as applied
11-02 00:24:37.101  1456  1819 D CompatibilityChangeReporter: Compat change id reported: 168419799; UID 10261; state: DISABLED
11-02 00:24:37.101  1456  1819 D CompatibilityChangeReporter: Compat change id reported: 273564678; UID 10261; state: DISABLED
11-02 00:24:37.108  1456  2914 D CompatibilityChangeReporter: Compat change id reported: 218533173; UID 10261; state: DISABLED
11-02 00:24:37.111  1456  1456 I Telecom : DefaultDialerCache: Refreshing default dialer for user 0: now com.google.android.dialer: DDC.oR@A2c
11-02 00:24:37.120  1456  5577 W BroadcastQueue: u0 Receiving a broadcast in packagecom.jr.narutoii requires a permissions review
11-02 00:24:37.120  1456  5577 W BroadcastQueue: Skipping delivery: permission review required for Intent { act=android.intent.action.PACKAGE_ADDED dat=package: flg=0x4000010 (has extras) } from null (pid=1456, uid=1000) to com.jr.narutoii/com.joyriver.engine.proxy.EngineReceiver
11-02 00:24:37.124  1456  1691 W BroadcastQueue: u0 Receiving a broadcast in packagecom.android.buyer requires a permissions review
11-02 00:24:37.124  1456  1691 W BroadcastQueue: Skipping delivery: permission review required for Intent { act=android.intent.action.PACKAGE_ADDED dat=package: flg=0x4000010 (has extras) } from null (pid=1456, uid=1000) to com.android.buyer/.mRve
11-02 00:24:37.124  1456  1456 V BackupManagerConstants: getFullBackupIntervalMilliseconds(...) returns 86400000
11-02 00:24:37.124  1456  1456 V BackupManagerConstants: getFullBackupRequiredNetworkType(...) returns 2
11-02 00:24:37.124  1456  1456 V BackupManagerConstants: getFullBackupRequireCharging(...) returns true
11-02 00:24:37.128  1456  1691 W BroadcastQueue: Background execution not allowed: receiving Intent { act=android.intent.action.PACKAGE_ADDED dat=package: flg=0x4000010 (has extras) } to com.google.android.packageinstaller/com.android.packageinstaller.PackageInstalledReceiver
11-02 00:24:37.128  1456  1691 W BroadcastQueue: Background execution not allowed: receiving Intent { act=android.intent.action.PACKAGE_ADDED dat=package: flg=0x4000010 (has extras) } to com.sophos.smsec/.SmSecSystemBroadcastReceiver
11-02 00:24:37.128  1456  1691 W BroadcastQueue: Background execution not allowed: receiving Intent { act=android.intent.action.PACKAGE_ADDED dat=package: flg=0x4000010 (has extras) } to com.android.vending/com.google.android.finsky.packagemonitor.impl.PackageMonitorReceiverImpl$RegisteredReceiver
11-02 00:24:37.128  1456  1691 W BroadcastQueue: Background execution not allowed: receiving Intent { act=android.intent.action.PACKAGE_ADDED dat=package: flg=0x4000010 (has extras) } to com.android.vending/com.google.android.finsky.packagemonitor.backgroundimpl.BackgroundPackageMonitorReceiverImpl$RegisteredReceiver
11-02 00:24:37.128  1456  1691 W BroadcastQueue: Background execution not allowed: receiving Intent { act=android.intent.action.PACKAGE_ADDED dat=package: flg=0x4000010 (has extras) } to com.google.android.gms/.games.chimera.GamesSystemBroadcastReceiverProxy
11-02 00:24:37.128  1456  1691 W BroadcastQueue: Background execution not allowed: receiving Intent { act=android.intent.action.PACKAGE_ADDED dat=package: flg=0x4000010 (has extras) } to com.google.android.gms/.gass.chimera.PackageChangeBroadcastReceiver
11-02 00:24:37.128  1456  1691 W BroadcastQueue: Background execution not allowed: receiving Intent { act=android.intent.action.PACKAGE_ADDED dat=package: flg=0x4000010 (has extras) } to com.google.android.gms/.chimera.GmsIntentOperationService$PersistentTrustedReceiver
11-02 00:24:37.128  1456  1691 W BroadcastQueue: Background execution not allowed: receiving Intent { act=android.intent.action.PACKAGE_ADDED dat=package: flg=0x4000010 (has extras) } to com.google.android.googlequicksearchbox/com.google.android.apps.gsa.googlequicksearchbox.GelStubAppWatcher
11-02 00:24:37.128  1456  1691 W BroadcastQueue: u0 Receiving a broadcast in packagecom.cncd.japan.janli.shudu requires a permissions review
11-02 00:24:37.128  1456  1691 W BroadcastQueue: Skipping delivery: permission review required for Intent { act=android.intent.action.PACKAGE_ADDED dat=package: flg=0x4000010 (has extras) } from null (pid=1456, uid=1000) to com.cncd.japan.janli.shudu/net.l.k.r
11-02 00:24:37.128  1456  1691 W BroadcastQueue: u0 Receiving a broadcast in packagecom.cncd.japan.janli.shudu requires a permissions review
11-02 00:24:37.128  1456  1691 W BroadcastQueue: Skipping delivery: permission review required for Intent { act=android.intent.action.PACKAGE_ADDED dat=package: flg=0x4000010 (has extras) } from null (pid=1456, uid=1000) to com.cncd.japan.janli.shudu/com.feiwofour.coverscreen.SR
11-02 00:24:37.128  1456  1691 W BroadcastQueue: u0 Receiving a broadcast in packagecom.games.mengmeizhitd requires a permissions review
11-02 00:24:37.128  1456  1691 W BroadcastQueue: Skipping delivery: permission review required for Intent { act=android.intent.action.PACKAGE_ADDED dat=package: flg=0x4000010 (has extras) } from null (pid=1456, uid=1000) to com.games.mengmeizhitd/hjnw.ihjnw.i.isqly
11-02 00:24:37.128  1456  1691 W BroadcastQueue: u0 Receiving a broadcast in packagecom.hgperfko.yaeghrwx requires a permissions review
11-02 00:24:37.128  1456  1691 W BroadcastQueue: Skipping delivery: permission review required for Intent { act=android.intent.action.PACKAGE_ADDED dat=package: flg=0x4000010 (has extras) } from null (pid=1456, uid=1000) to com.hgperfko.yaeghrwx/.core.hLytdCQDBv
11-02 00:24:37.128  1456  1691 W BroadcastQueue: u0 Receiving a broadcast in packagecom.qiuqiu.dfmc requires a permissions review
11-02 00:24:37.128  1456  1691 W BroadcastQueue: Skipping delivery: permission review required for Intent { act=android.intent.action.PACKAGE_ADDED dat=package: flg=0x4000010 (has extras) } from null (pid=1456, uid=1000) to com.qiuqiu.dfmc/cn.jpush.android.service.PushReceiver
11-02 00:24:37.128  1456  1691 W BroadcastQueue: u0 Receiving a broadcast in packagecom.safesys.viruskiller requires a permissions review
11-02 00:24:37.128  1456  1691 W BroadcastQueue: Skipping delivery: permission review required for Intent { act=android.intent.action.PACKAGE_ADDED dat=package: flg=0x4000010 (has extras) } from null (pid=1456, uid=1000) to com.safesys.viruskiller/.ScanPackageBroadcast
11-02 00:24:37.128  1456  1691 W BroadcastQueue: u0 Receiving a broadcast in packagecom.uc108.mobile.sdgj.bd1 requires a permissions review
11-02 00:24:37.128  1456  1691 W BroadcastQueue: Skipping delivery: permission review required for Intent { act=android.intent.action.PACKAGE_ADDED dat=package: flg=0x4000010 (has extras) } from null (pid=1456, uid=1000) to com.uc108.mobile.sdgj.bd1/com.baidu.tiebasdk.service.InstallReceiver
11-02 00:24:37.128  1456  1691 W BroadcastQueue: u0 Receiving a broadcast in packagecom.voicebianshengjinglingwc.wxl requires a permissions review
11-02 00:24:37.128  1456  1691 W BroadcastQueue: Skipping delivery: permission review required for Intent { act=android.intent.action.PACKAGE_ADDED dat=package: flg=0x4000010 (has extras) } from null (pid=1456, uid=1000) to com.voicebianshengjinglingwc.wxl/mp.ruu.Ztjjwrj
11-02 00:24:37.128  1456  1691 W BroadcastQueue: u0 Receiving a broadcast in packagecom.yoojar.zlsg.baidu requires a permissions review
11-02 00:24:37.128  1456  1691 W BroadcastQueue: Skipping delivery: permission review required for Intent { act=android.intent.action.PACKAGE_ADDED dat=package: flg=0x4000010 (has extras) } from null (pid=1456, uid=1000) to com.yoojar.zlsg.baidu/com.duoku.platform.download.broadcast.AppMonitorReceiver
11-02 00:24:37.128  1456  1691 W BroadcastQueue: u0 Receiving a broadcast in packageio.dcloud.H5BC6BF13 requires a permissions review
11-02 00:24:37.128  1456  1691 W BroadcastQueue: Skipping delivery: permission review required for Intent { act=android.intent.action.PACKAGE_ADDED dat=package: flg=0x4000010 (has extras) } from null (pid=1456, uid=1000) to io.dcloud.H5BC6BF13/io.dcloud.common.adapter.io.DownloadReceiver
11-02 00:24:37.150  1456  1456 I Telecom : DefaultDialerCache: Refreshing default dialer for user 0: now com.google.android.dialer: DDC.oR@A2g
11-02 00:24:37.152  1456  4154 W BackupTransportManager: Package cn.inssgame.paokugame enabled setting: 0
11-02 00:24:37.161  1456  1815 E VerityUtils: Failed to measure fs-verity, errno 1: /data/app/~~RMOo3C-sLGVQuksixwHYCQ==/cn.inssgame.paokugame-wuiQFFdJ5Qm8b3fTRQGdaQ==/base.apk
11-02 00:24:37.183  1456  5568 D CompatibilityChangeReporter: Compat change id reported: 161252188; UID 10261; state: DISABLED
11-02 00:24:37.254  1456  5568 W AppOps  : setUidMode() called with a mode inconsistent with runtime permission state, this is discouraged and you should revoke the runtime permission instead: uid=10126, switchCode=0, mode=4, permission=android.permission.ACCESS_BACKGROUND_LOCATION
11-02 00:24:37.265  1456  1690 W WindowMagnificationMgr: requestConnection duplicated request: connect=false, mConnectionState=DISCONNECTED
11-02 00:24:37.290  1456  1985 W BroadcastQueue: u0 Receiving a broadcast in packagecom.yoojar.zlsg.baidu requires a permissions review
11-02 00:24:37.290  1456  1985 W BroadcastQueue: Skipping delivery: permission review required for Intent { act=android.intent.action.PACKAGE_CHANGED dat=package: flg=0x5000010 (has extras) } from null (pid=1456, uid=1000) to com.yoojar.zlsg.baidu/com.duoku.platform.download.broadcast.AppMonitorReceiver
11-02 00:24:37.369  1456  1690 W PackageManager: Failed registering loading progress callback. Package is fully loaded.
11-02 00:24:37.394  1456  1690 W WindowMagnificationMgr: requestConnection duplicated request: connect=false, mConnectionState=DISCONNECTED
11-02 00:24:37.449  1456  3207 W AppOps  : setUidMode() called with a mode inconsistent with runtime permission state, this is discouraged and you should revoke the runtime permission instead: uid=10126, switchCode=1, mode=4, permission=android.permission.ACCESS_BACKGROUND_LOCATION
11-02 00:24:37.453  1456  3207 W AppOps  : setUidMode() called with a mode inconsistent with runtime permission state, this is discouraged and you should revoke the runtime permission instead: uid=10126, switchCode=0, mode=4, permission=android.permission.ACCESS_BACKGROUND_LOCATION
11-02 00:24:38.070  1456  5592 I ActivityTaskManager: START u0 {flg=0x10020000 cmp=com.sophos.smsec/.plugin.scanner.MaliciousAppInstalledActivity (has extras)} from uid 10194
11-02 00:24:38.265  1456  1456 I NotificationService: Cannot find enqueued record for key: 0|com.sophos.smsec|1531763655|ThreatFoundNotification_TAG|10194
11-02 00:24:38.313  1456  1819 E PackageManager: ERROR: could not load root hash from incremental install
11-02 00:24:38.466  1456  1819 I PackageManager: Integrity check passed for file:///data/app/vmdl1472993206.tmp
11-02 00:24:38.711  1456  1676 V StorageManagerService: Package null has legacy storage
11-02 00:24:38.943  1456  1819 V BackupManagerService: [UserID:0] restoreAtInstall pkg=com.kascend.chushov token=48 restoreSet=0
11-02 00:24:38.943  1456  1819 V BackupManagerService: [UserID:0] Finishing install immediately
11-02 00:24:38.945  1456  1819 D PackageInstallerSession: Marking session 1472993206 as applied
11-02 00:24:38.954  1456  1819 D CompatibilityChangeReporter: Compat change id reported: 168419799; UID 10262; state: DISABLED
11-02 00:24:38.954  1456  1819 D CompatibilityChangeReporter: Compat change id reported: 273564678; UID 10262; state: DISABLED
11-02 00:24:38.961  1456  2914 D CompatibilityChangeReporter: Compat change id reported: 218533173; UID 10262; state: DISABLED
11-02 00:24:38.969  1456  1456 I Telecom : DefaultDialerCache: Refreshing default dialer for user 0: now com.google.android.dialer: DDC.oR@A28
11-02 00:24:38.971  1456  3207 W BroadcastQueue: u0 Receiving a broadcast in packagecom.jr.narutoii requires a permissions review
11-02 00:24:38.971  1456  3207 W BroadcastQueue: Skipping delivery: permission review required for Intent { act=android.intent.action.PACKAGE_ADDED dat=package: flg=0x4000010 (has extras) } from null (pid=1456, uid=1000) to com.jr.narutoii/com.joyriver.engine.proxy.EngineReceiver
11-02 00:24:38.977  1456  1691 W BroadcastQueue: u0 Receiving a broadcast in packagecom.android.buyer requires a permissions review
11-02 00:24:38.977  1456  1691 W BroadcastQueue: Skipping delivery: permission review required for Intent { act=android.intent.action.PACKAGE_ADDED dat=package: flg=0x4000010 (has extras) } from null (pid=1456, uid=1000) to com.android.buyer/.mRve
11-02 00:24:38.977  1456  1691 W BroadcastQueue: Background execution not allowed: receiving Intent { act=android.intent.action.PACKAGE_ADDED dat=package: flg=0x4000010 (has extras) } to com.google.android.packageinstaller/com.android.packageinstaller.PackageInstalledReceiver
11-02 00:24:38.977  1456  1691 W BroadcastQueue: Background execution not allowed: receiving Intent { act=android.intent.action.PACKAGE_ADDED dat=package: flg=0x4000010 (has extras) } to com.sophos.smsec/.SmSecSystemBroadcastReceiver
11-02 00:24:38.977  1456  1456 V BackupManagerConstants: getFullBackupIntervalMilliseconds(...) returns 86400000
11-02 00:24:38.977  1456  1456 V BackupManagerConstants: getFullBackupRequiredNetworkType(...) returns 2
11-02 00:24:38.977  1456  1691 W BroadcastQueue: Background execution not allowed: receiving Intent { act=android.intent.action.PACKAGE_ADDED dat=package: flg=0x4000010 (has extras) } to com.android.vending/com.google.android.finsky.packagemonitor.impl.PackageMonitorReceiverImpl$RegisteredReceiver
11-02 00:24:38.977  1456  1691 W BroadcastQueue: Background execution not allowed: receiving Intent { act=android.intent.action.PACKAGE_ADDED dat=package: flg=0x4000010 (has extras) } to com.android.vending/com.google.android.finsky.packagemonitor.backgroundimpl.BackgroundPackageMonitorReceiverImpl$RegisteredReceiver
11-02 00:24:38.977  1456  1691 W BroadcastQueue: Background execution not allowed: receiving Intent { act=android.intent.action.PACKAGE_ADDED dat=package: flg=0x4000010 (has extras) } to com.google.android.gms/.games.chimera.GamesSystemBroadcastReceiverProxy
11-02 00:24:38.977  1456  1456 V BackupManagerConstants: getFullBackupRequireCharging(...) returns true
11-02 00:24:38.977  1456  1691 W BroadcastQueue: Background execution not allowed: receiving Intent { act=android.intent.action.PACKAGE_ADDED dat=package: flg=0x4000010 (has extras) } to com.google.android.gms/.gass.chimera.PackageChangeBroadcastReceiver
11-02 00:24:38.977  1456  1691 W BroadcastQueue: Background execution not allowed: receiving Intent { act=android.intent.action.PACKAGE_ADDED dat=package: flg=0x4000010 (has extras) } to com.google.android.gms/.chimera.GmsIntentOperationService$PersistentTrustedReceiver
11-02 00:24:38.977  1456  1691 W BroadcastQueue: Background execution not allowed: receiving Intent { act=android.intent.action.PACKAGE_ADDED dat=package: flg=0x4000010 (has extras) } to com.google.android.googlequicksearchbox/com.google.android.apps.gsa.googlequicksearchbox.GelStubAppWatcher
11-02 00:24:38.977  1456  1691 W BroadcastQueue: u0 Receiving a broadcast in packagecom.cncd.japan.janli.shudu requires a permissions review
11-02 00:24:38.977  1456  1691 W BroadcastQueue: Skipping delivery: permission review required for Intent { act=android.intent.action.PACKAGE_ADDED dat=package: flg=0x4000010 (has extras) } from null (pid=1456, uid=1000) to com.cncd.japan.janli.shudu/net.l.k.r
11-02 00:24:38.978  1456  1691 W BroadcastQueue: u0 Receiving a broadcast in packagecom.cncd.japan.janli.shudu requires a permissions review
11-02 00:24:38.978  1456  1691 W BroadcastQueue: Skipping delivery: permission review required for Intent { act=android.intent.action.PACKAGE_ADDED dat=package: flg=0x4000010 (has extras) } from null (pid=1456, uid=1000) to com.cncd.japan.janli.shudu/com.feiwofour.coverscreen.SR
11-02 00:24:38.978  1456  1691 W BroadcastQueue: u0 Receiving a broadcast in packagecom.games.mengmeizhitd requires a permissions review
11-02 00:24:38.978  1456  1691 W BroadcastQueue: Skipping delivery: permission review required for Intent { act=android.intent.action.PACKAGE_ADDED dat=package: flg=0x4000010 (has extras) } from null (pid=1456, uid=1000) to com.games.mengmeizhitd/hjnw.ihjnw.i.isqly
11-02 00:24:39.001  1456  1691 W BroadcastQueue: u0 Receiving a broadcast in packagecom.hgperfko.yaeghrwx requires a permissions review
11-02 00:24:39.001  1456  1691 W BroadcastQueue: Skipping delivery: permission review required for Intent { act=android.intent.action.PACKAGE_ADDED dat=package: flg=0x4000010 (has extras) } from null (pid=1456, uid=1000) to com.hgperfko.yaeghrwx/.core.hLytdCQDBv
11-02 00:24:39.001  1456  1691 W BroadcastQueue: u0 Receiving a broadcast in packagecom.qiuqiu.dfmc requires a permissions review
11-02 00:24:39.001  1456  1691 W BroadcastQueue: Skipping delivery: permission review required for Intent { act=android.intent.action.PACKAGE_ADDED dat=package: flg=0x4000010 (has extras) } from null (pid=1456, uid=1000) to com.qiuqiu.dfmc/cn.jpush.android.service.PushReceiver
11-02 00:24:39.002  1456  1691 W BroadcastQueue: u0 Receiving a broadcast in packagecom.safesys.viruskiller requires a permissions review
11-02 00:24:39.002  1456  1691 W BroadcastQueue: Skipping delivery: permission review required for Intent { act=android.intent.action.PACKAGE_ADDED dat=package: flg=0x4000010 (has extras) } from null (pid=1456, uid=1000) to com.safesys.viruskiller/.ScanPackageBroadcast
11-02 00:24:39.002  1456  1691 W BroadcastQueue: u0 Receiving a broadcast in packagecom.uc108.mobile.sdgj.bd1 requires a permissions review
11-02 00:24:39.002  1456  1691 W BroadcastQueue: Skipping delivery: permission review required for Intent { act=android.intent.action.PACKAGE_ADDED dat=package: flg=0x4000010 (has extras) } from null (pid=1456, uid=1000) to com.uc108.mobile.sdgj.bd1/com.baidu.tiebasdk.service.InstallReceiver
11-02 00:24:39.002  1456  1691 W BroadcastQueue: u0 Receiving a broadcast in packagecom.voicebianshengjinglingwc.wxl requires a permissions review
11-02 00:24:39.002  1456  1691 W BroadcastQueue: Skipping delivery: permission review required for Intent { act=android.intent.action.PACKAGE_ADDED dat=package: flg=0x4000010 (has extras) } from null (pid=1456, uid=1000) to com.voicebianshengjinglingwc.wxl/mp.ruu.Ztjjwrj
11-02 00:24:39.002  1456  1691 W BroadcastQueue: u0 Receiving a broadcast in packagecom.yoojar.zlsg.baidu requires a permissions review
11-02 00:24:39.002  1456  1691 W BroadcastQueue: Skipping delivery: permission review required for Intent { act=android.intent.action.PACKAGE_ADDED dat=package: flg=0x4000010 (has extras) } from null (pid=1456, uid=1000) to com.yoojar.zlsg.baidu/com.duoku.platform.download.broadcast.AppMonitorReceiver
11-02 00:24:39.002  1456  1691 W BroadcastQueue: u0 Receiving a broadcast in packageio.dcloud.H5BC6BF13 requires a permissions review
11-02 00:24:39.002  1456  1691 W BroadcastQueue: Skipping delivery: permission review required for Intent { act=android.intent.action.PACKAGE_ADDED dat=package: flg=0x4000010 (has extras) } from null (pid=1456, uid=1000) to io.dcloud.H5BC6BF13/io.dcloud.common.adapter.io.DownloadReceiver
11-02 00:24:39.030  1456  1456 I Telecom : DefaultDialerCache: Refreshing default dialer for user 0: now com.google.android.dialer: DDC.oR@A3A
11-02 00:24:39.037  1456  4154 W BackupTransportManager: Package com.kascend.chushov enabled setting: 0
11-02 00:24:39.044  1456  5597 D CompatibilityChangeReporter: Compat change id reported: 161252188; UID 10262; state: DISABLED
11-02 00:24:39.048  1456  1815 E VerityUtils: Failed to measure fs-verity, errno 1: /data/app/~~KfdcF1o1na2hqV58gkJwCg==/com.kascend.chushov-c8e15KBaYHLQgn79emG1FA==/base.apk
11-02 00:24:39.151  1456  2984 W BroadcastQueue: u0 Receiving a broadcast in packagecom.yoojar.zlsg.baidu requires a permissions review
11-02 00:24:39.152  1456  2984 W BroadcastQueue: Skipping delivery: permission review required for Intent { act=android.intent.action.PACKAGE_CHANGED dat=package: flg=0x5000010 (has extras) } from null (pid=1456, uid=1000) to com.yoojar.zlsg.baidu/com.duoku.platform.download.broadcast.AppMonitorReceiver
11-02 00:24:39.229  1456  1819 E PackageManager: ERROR: could not load root hash from incremental install
11-02 00:24:39.254  1456  2040 W PackageParsing: Ignoring duplicate uses-permissions/uses-permissions-sdk-m: android.permission.INTERNET in package: tfcqzk.lofst.hkgkaucmthtsmy at: Binary XML file line #10
11-02 00:24:39.260  1456  5597 W AppOps  : setUidMode() called with a mode inconsistent with runtime permission state, this is discouraged and you should revoke the runtime permission instead: uid=10126, switchCode=0, mode=4, permission=android.permission.ACCESS_BACKGROUND_LOCATION
11-02 00:24:39.284  1456  1690 W WindowMagnificationMgr: requestConnection duplicated request: connect=false, mConnectionState=DISCONNECTED
11-02 00:24:39.297  1456  5566 D OomAdjuster: Not killing cached processes
11-02 00:24:39.304  1456  1819 I PackageManager: Integrity check passed for file:///data/app/vmdl1625817869.tmp
11-02 00:24:39.317  1456  1819 W PackageParsing: Ignoring duplicate uses-permissions/uses-permissions-sdk-m: android.permission.INTERNET in package: tfcqzk.lofst.hkgkaucmthtsmy at: Binary XML file line #10
11-02 00:24:39.427  1456  1676 V StorageManagerService: Package null does not have legacy storage
11-02 00:24:39.506  1456  1984 W AppOps  : setUidMode() called with a mode inconsistent with runtime permission state, this is discouraged and you should revoke the runtime permission instead: uid=10126, switchCode=1, mode=4, permission=android.permission.ACCESS_BACKGROUND_LOCATION
11-02 00:24:39.509  1456  1690 W PackageManager: Failed registering loading progress callback. Package is fully loaded.
11-02 00:24:39.545  1456  4197 W AppOps  : setUidMode() called with a mode inconsistent with runtime permission state, this is discouraged and you should revoke the runtime permission instead: uid=10126, switchCode=0, mode=4, permission=android.permission.ACCESS_BACKGROUND_LOCATION
11-02 00:24:39.568  1456  1690 W WindowMagnificationMgr: requestConnection duplicated request: connect=false, mConnectionState=DISCONNECTED
11-02 00:24:39.770  1456  3204 D CompatibilityChangeReporter: Compat change id reported: 135634846; UID 90013; state: DISABLED
11-02 00:24:39.771  1456  3204 D CompatibilityChangeReporter: Compat change id reported: 177438394; UID 90013; state: DISABLED
11-02 00:24:39.771  1456  3204 D CompatibilityChangeReporter: Compat change id reported: 135772972; UID 90013; state: DISABLED
11-02 00:24:39.771  1456  3204 D CompatibilityChangeReporter: Compat change id reported: 135754954; UID 90013; state: ENABLED
11-02 00:24:39.771  1456  1692 D CompatibilityChangeReporter: Compat change id reported: 143937733; UID 10156; state: ENABLED
11-02 00:24:39.794  1456  1692 I ActivityManager: Start proc 18903:com.android.chrome:sandboxed_process0:org.chromium.content.app.SandboxedProcessService0:13/u0ai13 for  {com.android.chrome/org.chromium.content.app.SandboxedProcessService0:13}
11-02 00:24:39.795  1456  4225 I ActivityTaskManager: START u0 {flg=0x10020000 cmp=com.sophos.smsec/.plugin.scanner.MaliciousAppInstalledActivity (has extras)} from uid 10194
11-02 00:24:39.922  1456  4197 D CompatibilityChangeReporter: Compat change id reported: 168419799; UID 10156; state: DISABLED
11-02 00:24:39.922  1456  4197 D CompatibilityChangeReporter: Compat change id reported: 273564678; UID 10156; state: DISABLED
11-02 00:24:39.993  1456  1456 I NotificationService: Cannot find enqueued record for key: 0|com.sophos.smsec|-1614680585|ThreatFoundNotification_TAG|10194
11-02 00:24:40.018  1456  4225 I ActivityManager: Killing 18903:com.android.chrome:sandboxed_process0:org.chromium.content.app.SandboxedProcessService0:13/u0a156i-8987 (adj 0): isolated not needed
11-02 00:24:40.141  1456  4197 W AppOps  : setUidMode() called with a mode inconsistent with runtime permission state, this is discouraged and you should revoke the runtime permission instead: uid=10126, switchCode=0, mode=4, permission=android.permission.ACCESS_BACKGROUND_LOCATION
11-02 00:24:40.225  1456  1819 V BackupManagerService: [UserID:0] restoreAtInstall pkg=tfcqzk.lofst.hkgkaucmthtsmy token=49 restoreSet=0
11-02 00:24:40.225  1456  1819 V BackupManagerService: [UserID:0] Finishing install immediately
11-02 00:24:40.239  1456  1819 D PackageInstallerSession: Marking session 1625817869 as applied
11-02 00:24:40.249  1456  1819 D CompatibilityChangeReporter: Compat change id reported: 168419799; UID 10263; state: DISABLED
11-02 00:24:40.249  1456  1819 D CompatibilityChangeReporter: Compat change id reported: 273564678; UID 10263; state: DISABLED
11-02 00:24:40.260  1456  1456 I Telecom : DefaultDialerCache: Refreshing default dialer for user 0: now com.google.android.dialer: DDC.oR@A3c
11-02 00:24:40.261  1456  2914 D CompatibilityChangeReporter: Compat change id reported: 218533173; UID 10263; state: DISABLED
11-02 00:24:40.272  1456  1691 W BroadcastQueue: u0 Receiving a broadcast in packagecom.jr.narutoii requires a permissions review
11-02 00:24:40.272  1456  1691 W BroadcastQueue: Skipping delivery: permission review required for Intent { act=android.intent.action.PACKAGE_ADDED dat=package: flg=0x4000010 (has extras) } from null (pid=1456, uid=1000) to com.jr.narutoii/com.joyriver.engine.proxy.EngineReceiver
11-02 00:24:40.272  1456  1691 W BroadcastQueue: u0 Receiving a broadcast in packagecom.android.buyer requires a permissions review
11-02 00:24:40.272  1456  1691 W BroadcastQueue: Skipping delivery: permission review required for Intent { act=android.intent.action.PACKAGE_ADDED dat=package: flg=0x4000010 (has extras) } from null (pid=1456, uid=1000) to com.android.buyer/.mRve
11-02 00:24:40.304  1456  1691 W BroadcastQueue: Background execution not allowed: receiving Intent { act=android.intent.action.PACKAGE_ADDED dat=package: flg=0x4000010 (has extras) } to com.google.android.packageinstaller/com.android.packageinstaller.PackageInstalledReceiver
11-02 00:24:40.304  1456  1691 W BroadcastQueue: Background execution not allowed: receiving Intent { act=android.intent.action.PACKAGE_ADDED dat=package: flg=0x4000010 (has extras) } to com.sophos.smsec/.SmSecSystemBroadcastReceiver
11-02 00:24:40.304  1456  1691 W BroadcastQueue: Background execution not allowed: receiving Intent { act=android.intent.action.PACKAGE_ADDED dat=package: flg=0x4000010 (has extras) } to com.android.vending/com.google.android.finsky.packagemonitor.impl.PackageMonitorReceiverImpl$RegisteredReceiver
11-02 00:24:40.308  1456  1691 W BroadcastQueue: Background execution not allowed: receiving Intent { act=android.intent.action.PACKAGE_ADDED dat=package: flg=0x4000010 (has extras) } to com.android.vending/com.google.android.finsky.packagemonitor.backgroundimpl.BackgroundPackageMonitorReceiverImpl$RegisteredReceiver
11-02 00:24:40.308  1456  1691 W BroadcastQueue: Background execution not allowed: receiving Intent { act=android.intent.action.PACKAGE_ADDED dat=package: flg=0x4000010 (has extras) } to com.google.android.gms/.games.chimera.GamesSystemBroadcastReceiverProxy
11-02 00:24:40.308  1456  1691 W BroadcastQueue: Background execution not allowed: receiving Intent { act=android.intent.action.PACKAGE_ADDED dat=package: flg=0x4000010 (has extras) } to com.google.android.gms/.gass.chimera.PackageChangeBroadcastReceiver
11-02 00:24:40.308  1456  1691 W BroadcastQueue: Background execution not allowed: receiving Intent { act=android.intent.action.PACKAGE_ADDED dat=package: flg=0x4000010 (has extras) } to com.google.android.gms/.chimera.GmsIntentOperationService$PersistentTrustedReceiver
11-02 00:24:40.308  1456  1815 E VerityUtils: Failed to measure fs-verity, errno 1: /data/app/~~qKzl1vkl4ihDzloikCUbWg==/tfcqzk.lofst.hkgkaucmthtsmy-xCcQ56TMzp_jLAVACzqy9A==/base.apk
