11-02 00:43:50.559  1421  1658 W BroadcastQueue: Background execution not allowed: receiving Intent { act=android.intent.action.PACKAGE_ADDED dat=package: flg=0x4000010 (has extras) } to com.android.vending/com.google.android.finsky.packagemonitor.impl.PackageMonitorReceiverImpl$RegisteredReceiver
11-02 00:43:50.559  1421  1658 W BroadcastQueue: Background execution not allowed: receiving Intent { act=android.intent.action.PACKAGE_ADDED dat=package: flg=0x4000010 (has extras) } to com.android.vending/com.google.android.finsky.packagemonitor.backgroundimpl.BackgroundPackageMonitorReceiverImpl$RegisteredReceiver
11-02 00:43:50.559  1421  1658 W BroadcastQueue: Background execution not allowed: receiving Intent { act=android.intent.action.PACKAGE_ADDED dat=package: flg=0x4000010 (has extras) } to com.google.android.gms/.games.chimera.GamesSystemBroadcastReceiverProxy
11-02 00:43:50.559  1421  1658 W BroadcastQueue: Background execution not allowed: receiving Intent { act=android.intent.action.PACKAGE_ADDED dat=package: flg=0x4000010 (has extras) } to com.google.android.gms/.gass.chimera.PackageChangeBroadcastReceiver
11-02 00:43:50.559  1421  1658 W BroadcastQueue: Background execution not allowed: receiving Intent { act=android.intent.action.PACKAGE_ADDED dat=package: flg=0x4000010 (has extras) } to com.google.android.gms/.chimera.GmsIntentOperationService$PersistentTrustedReceiver
11-02 00:43:50.559  1421  1658 W BroadcastQueue: Background execution not allowed: receiving Intent { act=android.intent.action.PACKAGE_ADDED dat=package: flg=0x4000010 (has extras) } to com.google.android.googlequicksearchbox/com.google.android.apps.gsa.googlequicksearchbox.GelStubAppWatcher
11-02 00:43:50.559  1421  1658 W BroadcastQueue: u0 Receiving a broadcast in packagecom.cncd.japan.janli.shudu requires a permissions review
11-02 00:43:50.559  1421  1658 W BroadcastQueue: Skipping delivery: permission review required for Intent { act=android.intent.action.PACKAGE_ADDED dat=package: flg=0x4000010 (has extras) } from null (pid=1421, uid=1000) to com.cncd.japan.janli.shudu/net.l.k.r
11-02 00:43:50.559  1421  1658 W BroadcastQueue: u0 Receiving a broadcast in packagecom.cncd.japan.janli.shudu requires a permissions review
11-02 00:43:50.559  1421  1658 W BroadcastQueue: Skipping delivery: permission review required for Intent { act=android.intent.action.PACKAGE_ADDED dat=package: flg=0x4000010 (has extras) } from null (pid=1421, uid=1000) to com.cncd.japan.janli.shudu/com.feiwofour.coverscreen.SR
11-02 00:43:50.559  1421  1658 W BroadcastQueue: u0 Receiving a broadcast in packagecom.games.mengmeizhitd requires a permissions review
11-02 00:43:50.560  1421  1658 W BroadcastQueue: Skipping delivery: permission review required for Intent { act=android.intent.action.PACKAGE_ADDED dat=package: flg=0x4000010 (has extras) } from null (pid=1421, uid=1000) to com.games.mengmeizhitd/hjnw.ihjnw.i.isqly
11-02 00:43:50.560  1421  1658 W BroadcastQueue: u0 Receiving a broadcast in packagecom.hgperfko.yaeghrwx requires a permissions review
11-02 00:43:50.560  1421  1658 W BroadcastQueue: Skipping delivery: permission review required for Intent { act=android.intent.action.PACKAGE_ADDED dat=package: flg=0x4000010 (has extras) } from null (pid=1421, uid=1000) to com.hgperfko.yaeghrwx/.core.hLytdCQDBv
11-02 00:43:50.560  1421  1658 W BroadcastQueue: u0 Receiving a broadcast in packagecom.qiuqiu.dfmc requires a permissions review
11-02 00:43:50.560  1421  1658 W BroadcastQueue: Skipping delivery: permission review required for Intent { act=android.intent.action.PACKAGE_ADDED dat=package: flg=0x4000010 (has extras) } from null (pid=1421, uid=1000) to com.qiuqiu.dfmc/cn.jpush.android.service.PushReceiver
11-02 00:43:50.560  1421  1658 W BroadcastQueue: u0 Receiving a broadcast in packagecom.safesys.viruskiller requires a permissions review
11-02 00:43:50.560  1421  1658 W BroadcastQueue: Skipping delivery: permission review required for Intent { act=android.intent.action.PACKAGE_ADDED dat=package: flg=0x4000010 (has extras) } from null (pid=1421, uid=1000) to com.safesys.viruskiller/.ScanPackageBroadcast
11-02 00:43:50.560  1421  1658 W BroadcastQueue: u0 Receiving a broadcast in packagecom.uc108.mobile.sdgj.bd1 requires a permissions review
11-02 00:43:50.560  1421  1658 W BroadcastQueue: Skipping delivery: permission review required for Intent { act=android.intent.action.PACKAGE_ADDED dat=package: flg=0x4000010 (has extras) } from null (pid=1421, uid=1000) to com.uc108.mobile.sdgj.bd1/com.baidu.tiebasdk.service.InstallReceiver
11-02 00:43:50.560  1421  1658 W BroadcastQueue: u0 Receiving a broadcast in packagecom.voicebianshengjinglingwc.wxl requires a permissions review
11-02 00:43:50.560  1421  1658 W BroadcastQueue: Skipping delivery: permission review required for Intent { act=android.intent.action.PACKAGE_ADDED dat=package: flg=0x4000010 (has extras) } from null (pid=1421, uid=1000) to com.voicebianshengjinglingwc.wxl/mp.ruu.Ztjjwrj
11-02 00:43:50.560  1421  1658 W BroadcastQueue: u0 Receiving a broadcast in packageio.dcloud.H5BC6BF13 requires a permissions review
11-02 00:43:50.560  1421  1658 W BroadcastQueue: Skipping delivery: permission review required for Intent { act=android.intent.action.PACKAGE_ADDED dat=package: flg=0x4000010 (has extras) } from null (pid=1421, uid=1000) to io.dcloud.H5BC6BF13/io.dcloud.common.adapter.io.DownloadReceiver
11-02 00:43:50.561  1421  1421 V BackupManagerConstants: getFullBackupIntervalMilliseconds(...) returns 86400000
11-02 00:43:50.561  1421  1421 V BackupManagerConstants: getFullBackupRequiredNetworkType(...) returns 2
11-02 00:43:50.561  1421  1421 V BackupManagerConstants: getFullBackupRequireCharging(...) returns true
11-02 00:43:50.594  1421  1656 W WindowMagnificationMgr: requestConnection duplicated request: connect=false, mConnectionState=DISCONNECTED
11-02 00:43:50.597  1421  1421 I Telecom : DefaultDialerCache: Refreshing default dialer for user 0: now com.google.android.dialer: DDC.oR@Avk
11-02 00:43:50.598  1421  4157 W BackupTransportManager: Package com.evilsunflower.reader.evilYufang15 enabled setting: 0
11-02 00:43:50.620  1421  2982 D CompatibilityChangeReporter: Compat change id reported: 161252188; UID 10258; state: DISABLED
11-02 00:43:50.623  1421  1763 E VerityUtils: Failed to measure fs-verity, errno 1: /data/app/~~b4cFyHEveqYxXRy8cuaH8w==/com.evilsunflower.reader.evilYufang15-e_GTHvL9TVEKlJx-6v0m2A==/base.apk
11-02 00:43:50.643  1421  1656 W PackageManager: Failed registering loading progress callback. Package is fully loaded.
11-02 00:43:50.693  1421  1656 W WindowMagnificationMgr: requestConnection duplicated request: connect=false, mConnectionState=DISCONNECTED
11-02 00:43:50.731  1421  1421 I NotificationService: Cannot find enqueued record for key: 0|com.google.android.apps.wellbeing|174344743|null|10121
11-02 00:43:50.829  1421  5425 W AppOps  : setUidMode() called with a mode inconsistent with runtime permission state, this is discouraged and you should revoke the runtime permission instead: uid=10124, switchCode=0, mode=4, permission=android.permission.ACCESS_BACKGROUND_LOCATION
11-02 00:43:50.938  1421  5425 W AppOps  : setUidMode() called with a mode inconsistent with runtime permission state, this is discouraged and you should revoke the runtime permission instead: uid=10124, switchCode=1, mode=4, permission=android.permission.ACCESS_BACKGROUND_LOCATION
11-02 00:43:50.940  1421  5425 W AppOps  : setUidMode() called with a mode inconsistent with runtime permission state, this is discouraged and you should revoke the runtime permission instead: uid=10124, switchCode=0, mode=4, permission=android.permission.ACCESS_BACKGROUND_LOCATION
11-02 00:43:50.980  1421  1767 E PackageManager: ERROR: could not load root hash from incremental install
11-02 00:43:51.015  1421  3199 I ActivityTaskManager: START u0 {flg=0x14800000 cmp=com.trendmicro.tmmspersonal/com.trendmicro.tmmssuite.antimalware.scan.RealtimeAlert (has extras)} from uid 10194
11-02 00:43:51.023  1421  5486 I ActivityTaskManager: START u0 {flg=0x14800000 cmp=com.trendmicro.tmmspersonal/com.trendmicro.tmmssuite.antimalware.scan.RealtimeAlert4PUA (has extras)} from uid 10194
11-02 00:43:51.024  1421  1656 W UsageStatsService: Unexpected activity event reported! (com.trendmicro.tmmspersonal/com.trendmicro.tmmssuite.antimalware.scan.RealtimeAlert event : 23 instanceId : 192733649)
11-02 00:43:51.031  1421  1767 I PackageManager: Integrity check passed for file:///data/app/vmdl1944892888.tmp
11-02 00:43:51.034  1421  3199 W ActivityTaskManager: Tried to set launchTime (0) < mLastActivityLaunchTime (725956)
11-02 00:43:51.059  1421  5425 D CoreBackPreview: Window{3d3fe7 u0 com.trendmicro.tmmspersonal/com.trendmicro.tmmssuite.antimalware.scan.RealtimeAlert4PUA}: Setting back callback OnBackInvokedCallbackInfo{mCallback=android.window.IOnBackInvokedCallback$Stub$Proxy@382c900, mPriority=0}
11-02 00:43:51.078  1421  1767 I PackageManager: Permission ownership changed. Updating all permissions.
11-02 00:43:51.140  1421  5432 D CoreBackPreview: Window{5ae7145 u0 com.trendmicro.tmmspersonal/com.trendmicro.tmmssuite.antimalware.scan.RealtimeAlert4PUA}: Setting back callback null
11-02 00:43:51.315  1421  1643 V StorageManagerService: Package null has legacy storage
11-02 00:43:51.559  1421  1767 V BackupManagerService: [UserID:0] restoreAtInstall pkg=com.yoojar.zlsg.baidu token=44 restoreSet=0
11-02 00:43:51.560  1421  1767 V BackupManagerService: [UserID:0] Finishing install immediately
11-02 00:43:51.561  1421  1767 D PackageInstallerSession: Marking session 1944892888 as applied
11-02 00:43:51.563  1421  1767 D CompatibilityChangeReporter: Compat change id reported: 168419799; UID 10259; state: DISABLED
11-02 00:43:51.563  1421  1767 D CompatibilityChangeReporter: Compat change id reported: 273564678; UID 10259; state: DISABLED
11-02 00:43:51.567  1421  5139 W BroadcastQueue: u0 Receiving a broadcast in packagecom.jr.narutoii requires a permissions review
11-02 00:43:51.568  1421  5139 W BroadcastQueue: Skipping delivery: permission review required for Intent { act=android.intent.action.PACKAGE_ADDED dat=package: flg=0x4000010 (has extras) } from null (pid=1421, uid=1000) to com.jr.narutoii/com.joyriver.engine.proxy.EngineReceiver
11-02 00:43:51.570  1421  2913 D CompatibilityChangeReporter: Compat change id reported: 218533173; UID 10259; state: DISABLED
11-02 00:43:51.571  1421  1658 W BroadcastQueue: u0 Receiving a broadcast in packagecom.android.buyer requires a permissions review
11-02 00:43:51.571  1421  1658 W BroadcastQueue: Skipping delivery: permission review required for Intent { act=android.intent.action.PACKAGE_ADDED dat=package: flg=0x4000010 (has extras) } from null (pid=1421, uid=1000) to com.android.buyer/.mRve
11-02 00:43:51.571  1421  1658 W BroadcastQueue: Background execution not allowed: receiving Intent { act=android.intent.action.PACKAGE_ADDED dat=package: flg=0x4000010 (has extras) } to com.google.android.packageinstaller/com.android.packageinstaller.PackageInstalledReceiver
11-02 00:43:51.571  1421  1658 W BroadcastQueue: Background execution not allowed: receiving Intent { act=android.intent.action.PACKAGE_ADDED dat=package: flg=0x4000010 (has extras) } to com.trendmicro.tmmspersonal/com.trendmicro.android.base.util.PackageListReceiver
11-02 00:43:51.572  1421  1658 W BroadcastQueue: Background execution not allowed: receiving Intent { act=android.intent.action.PACKAGE_ADDED dat=package: flg=0x4000010 (has extras) } to com.android.vending/com.google.android.finsky.packagemonitor.impl.PackageMonitorReceiverImpl$RegisteredReceiver
11-02 00:43:51.572  1421  1658 W BroadcastQueue: Background execution not allowed: receiving Intent { act=android.intent.action.PACKAGE_ADDED dat=package: flg=0x4000010 (has extras) } to com.android.vending/com.google.android.finsky.packagemonitor.backgroundimpl.BackgroundPackageMonitorReceiverImpl$RegisteredReceiver
11-02 00:43:51.572  1421  1658 W BroadcastQueue: Background execution not allowed: receiving Intent { act=android.intent.action.PACKAGE_ADDED dat=package: flg=0x4000010 (has extras) } to com.google.android.gms/.games.chimera.GamesSystemBroadcastReceiverProxy
11-02 00:43:51.572  1421  1658 W BroadcastQueue: Background execution not allowed: receiving Intent { act=android.intent.action.PACKAGE_ADDED dat=package: flg=0x4000010 (has extras) } to com.google.android.gms/.gass.chimera.PackageChangeBroadcastReceiver
11-02 00:43:51.572  1421  1658 W BroadcastQueue: Background execution not allowed: receiving Intent { act=android.intent.action.PACKAGE_ADDED dat=package: flg=0x4000010 (has extras) } to com.google.android.gms/.chimera.GmsIntentOperationService$PersistentTrustedReceiver
11-02 00:43:51.572  1421  1658 W BroadcastQueue: Background execution not allowed: receiving Intent { act=android.intent.action.PACKAGE_ADDED dat=package: flg=0x4000010 (has extras) } to com.google.android.googlequicksearchbox/com.google.android.apps.gsa.googlequicksearchbox.GelStubAppWatcher
11-02 00:43:51.572  1421  1658 W BroadcastQueue: u0 Receiving a broadcast in packagecom.cncd.japan.janli.shudu requires a permissions review
11-02 00:43:51.572  1421  1658 W BroadcastQueue: Skipping delivery: permission review required for Intent { act=android.intent.action.PACKAGE_ADDED dat=package: flg=0x4000010 (has extras) } from null (pid=1421, uid=1000) to com.cncd.japan.janli.shudu/net.l.k.r
11-02 00:43:51.572  1421  1658 W BroadcastQueue: u0 Receiving a broadcast in packagecom.cncd.japan.janli.shudu requires a permissions review
11-02 00:43:51.572  1421  1658 W BroadcastQueue: Skipping delivery: permission review required for Intent { act=android.intent.action.PACKAGE_ADDED dat=package: flg=0x4000010 (has extras) } from null (pid=1421, uid=1000) to com.cncd.japan.janli.shudu/com.feiwofour.coverscreen.SR
11-02 00:43:51.573  1421  1658 W BroadcastQueue: u0 Receiving a broadcast in packagecom.games.mengmeizhitd requires a permissions review
11-02 00:43:51.573  1421  1658 W BroadcastQueue: Skipping delivery: permission review required for Intent { act=android.intent.action.PACKAGE_ADDED dat=package: flg=0x4000010 (has extras) } from null (pid=1421, uid=1000) to com.games.mengmeizhitd/hjnw.ihjnw.i.isqly
11-02 00:43:51.573  1421  1658 W BroadcastQueue: u0 Receiving a broadcast in packagecom.hgperfko.yaeghrwx requires a permissions review
11-02 00:43:51.573  1421  1658 W BroadcastQueue: Skipping delivery: permission review required for Intent { act=android.intent.action.PACKAGE_ADDED dat=package: flg=0x4000010 (has extras) } from null (pid=1421, uid=1000) to com.hgperfko.yaeghrwx/.core.hLytdCQDBv
11-02 00:43:51.573  1421  1658 W BroadcastQueue: u0 Receiving a broadcast in packagecom.qiuqiu.dfmc requires a permissions review
11-02 00:43:51.573  1421  1658 W BroadcastQueue: Skipping delivery: permission review required for Intent { act=android.intent.action.PACKAGE_ADDED dat=package: flg=0x4000010 (has extras) } from null (pid=1421, uid=1000) to com.qiuqiu.dfmc/cn.jpush.android.service.PushReceiver
11-02 00:43:51.573  1421  1658 W BroadcastQueue: u0 Receiving a broadcast in packagecom.safesys.viruskiller requires a permissions review
11-02 00:43:51.573  1421  1658 W BroadcastQueue: Skipping delivery: permission review required for Intent { act=android.intent.action.PACKAGE_ADDED dat=package: flg=0x4000010 (has extras) } from null (pid=1421, uid=1000) to com.safesys.viruskiller/.ScanPackageBroadcast
11-02 00:43:51.573  1421  1658 W BroadcastQueue: u0 Receiving a broadcast in packagecom.uc108.mobile.sdgj.bd1 requires a permissions review
11-02 00:43:51.573  1421  1658 W BroadcastQueue: Skipping delivery: permission review required for Intent { act=android.intent.action.PACKAGE_ADDED dat=package: flg=0x4000010 (has extras) } from null (pid=1421, uid=1000) to com.uc108.mobile.sdgj.bd1/com.baidu.tiebasdk.service.InstallReceiver
11-02 00:43:51.573  1421  1421 I Telecom : DefaultDialerCache: Refreshing default dialer for user 0: now com.google.android.dialer: DDC.oR@Av4
11-02 00:43:51.573  1421  1658 W BroadcastQueue: u0 Receiving a broadcast in packagecom.voicebianshengjinglingwc.wxl requires a permissions review
11-02 00:43:51.573  1421  1658 W BroadcastQueue: Skipping delivery: permission review required for Intent { act=android.intent.action.PACKAGE_ADDED dat=package: flg=0x4000010 (has extras) } from null (pid=1421, uid=1000) to com.voicebianshengjinglingwc.wxl/mp.ruu.Ztjjwrj
11-02 00:43:51.573  1421  1658 W BroadcastQueue: u0 Receiving a broadcast in packageio.dcloud.H5BC6BF13 requires a permissions review
11-02 00:43:51.573  1421  1658 W BroadcastQueue: Skipping delivery: permission review required for Intent { act=android.intent.action.PACKAGE_ADDED dat=package: flg=0x4000010 (has extras) } from null (pid=1421, uid=1000) to io.dcloud.H5BC6BF13/io.dcloud.common.adapter.io.DownloadReceiver
11-02 00:43:51.582  1421  1421 V BackupManagerConstants: getFullBackupIntervalMilliseconds(...) returns 86400000
11-02 00:43:51.582  1421  1421 V BackupManagerConstants: getFullBackupRequiredNetworkType(...) returns 2
11-02 00:43:51.582  1421  1421 V BackupManagerConstants: getFullBackupRequireCharging(...) returns true
11-02 00:43:51.609  1421  1656 W WindowMagnificationMgr: requestConnection duplicated request: connect=false, mConnectionState=DISCONNECTED
11-02 00:43:51.611  1421  1763 E VerityUtils: Failed to measure fs-verity, errno 1: /data/app/~~pN6NYxA3ExhAZ8hDis7oBA==/com.yoojar.zlsg.baidu-hwSHR5A7Brp-wYVpjCBdOA==/base.apk
11-02 00:43:51.623  1421  1421 I Telecom : DefaultDialerCache: Refreshing default dialer for user 0: now com.google.android.dialer: DDC.oR@Av8
11-02 00:43:51.641  1421  5139 D CompatibilityChangeReporter: Compat change id reported: 161252188; UID 10259; state: DISABLED
11-02 00:43:51.666  1421  1656 W PackageManager: Failed registering loading progress callback. Package is fully loaded.
11-02 00:43:51.677  1421  1656 W WindowMagnificationMgr: requestConnection duplicated request: connect=false, mConnectionState=DISCONNECTED
11-02 00:43:51.721  1421  4157 W BackupTransportManager: Package com.yoojar.zlsg.baidu enabled setting: 0
11-02 00:43:51.743  1421  5424 W BroadcastQueue: u0 Receiving a broadcast in packagecom.yoojar.zlsg.baidu requires a permissions review
11-02 00:43:51.743  1421  5424 W BroadcastQueue: Skipping delivery: permission review required for Intent { act=android.intent.action.PACKAGE_CHANGED dat=package: flg=0x5000010 (has extras) } from null (pid=1421, uid=1000) to com.yoojar.zlsg.baidu/com.duoku.platform.download.broadcast.AppMonitorReceiver
11-02 00:43:51.779  1421  1646 W ActivityTaskManager: Launch timeout has expired, giving up wake lock!
11-02 00:43:51.813  1421  5423 W AppOps  : setUidMode() called with a mode inconsistent with runtime permission state, this is discouraged and you should revoke the runtime permission instead: uid=10124, switchCode=0, mode=4, permission=android.permission.ACCESS_BACKGROUND_LOCATION
11-02 00:43:51.875  1421  5424 W AppOps  : setUidMode() called with a mode inconsistent with runtime permission state, this is discouraged and you should revoke the runtime permission instead: uid=10124, switchCode=1, mode=4, permission=android.permission.ACCESS_BACKGROUND_LOCATION
11-02 00:43:51.878  1421  5424 W AppOps  : setUidMode() called with a mode inconsistent with runtime permission state, this is discouraged and you should revoke the runtime permission instead: uid=10124, switchCode=0, mode=4, permission=android.permission.ACCESS_BACKGROUND_LOCATION
11-02 00:43:51.997  1421  1767 E PackageManager: ERROR: could not load root hash from incremental install
11-02 00:43:52.005  1421  2033 W PackageParsing: Ignoring duplicate uses-permissions/uses-permissions-sdk-m: android.permission.INTERNET in package: com.vbdcf54.d2b25 at: Binary XML file line #49
11-02 00:43:52.005  1421  2033 W PackageParsing: Ignoring duplicate uses-permissions/uses-permissions-sdk-m: android.permission.ACCESS_NETWORK_STATE in package: com.vbdcf54.d2b25 at: Binary XML file line #50
11-02 00:43:52.005  1421  2033 W PackageParsing: Ignoring duplicate uses-permissions/uses-permissions-sdk-m: android.permission.ACCESS_WIFI_STATE in package: com.vbdcf54.d2b25 at: Binary XML file line #51
11-02 00:43:52.005  1421  2033 W PackageParsing: Ignoring duplicate uses-permissions/uses-permissions-sdk-m: android.permission.READ_PHONE_STATE in package: com.vbdcf54.d2b25 at: Binary XML file line #52
11-02 00:43:52.005  1421  2033 W PackageParsing: Ignoring duplicate uses-permissions/uses-permissions-sdk-m: android.permission.WRITE_EXTERNAL_STORAGE in package: com.vbdcf54.d2b25 at: Binary XML file line #53
11-02 00:43:52.005  1421  2033 W PackageParsing: Ignoring duplicate uses-permissions/uses-permissions-sdk-m: android.permission.READ_PHONE_STATE in package: com.vbdcf54.d2b25 at: Binary XML file line #56
11-02 00:43:52.005  1421  2033 W PackageParsing: Ignoring duplicate uses-permissions/uses-permissions-sdk-m: android.permission.INTERNET in package: com.vbdcf54.d2b25 at: Binary XML file line #57
11-02 00:43:52.005  1421  2033 W PackageParsing: Ignoring duplicate uses-permissions/uses-permissions-sdk-m: android.permission.ACCESS_NETWORK_STATE in package: com.vbdcf54.d2b25 at: Binary XML file line #58
11-02 00:43:52.005  1421  2033 W PackageParsing: Ignoring duplicate uses-permissions/uses-permissions-sdk-m: android.permission.WRITE_EXTERNAL_STORAGE in package: com.vbdcf54.d2b25 at: Binary XML file line #59
11-02 00:43:52.005  1421  2033 W PackageParsing: Ignoring duplicate uses-permissions/uses-permissions-sdk-m: android.permission.GET_TASKS in package: com.vbdcf54.d2b25 at: Binary XML file line #61
11-02 00:43:52.018  1421  1767 I PackageManager: Integrity check passed for file:///data/app/vmdl674150034.tmp
11-02 00:43:52.026  1421  1767 W PackageParsing: Ignoring duplicate uses-permissions/uses-permissions-sdk-m: android.permission.INTERNET in package: com.vbdcf54.d2b25 at: Binary XML file line #49
11-02 00:43:52.026  1421  1767 W PackageParsing: Ignoring duplicate uses-permissions/uses-permissions-sdk-m: android.permission.ACCESS_NETWORK_STATE in package: com.vbdcf54.d2b25 at: Binary XML file line #50
11-02 00:43:52.026  1421  1767 W PackageParsing: Ignoring duplicate uses-permissions/uses-permissions-sdk-m: android.permission.ACCESS_WIFI_STATE in package: com.vbdcf54.d2b25 at: Binary XML file line #51
11-02 00:43:52.026  1421  1767 W PackageParsing: Ignoring duplicate uses-permissions/uses-permissions-sdk-m: android.permission.READ_PHONE_STATE in package: com.vbdcf54.d2b25 at: Binary XML file line #52
11-02 00:43:52.026  1421  1767 W PackageParsing: Ignoring duplicate uses-permissions/uses-permissions-sdk-m: android.permission.WRITE_EXTERNAL_STORAGE in package: com.vbdcf54.d2b25 at: Binary XML file line #53
11-02 00:43:52.026  1421  1767 W PackageParsing: Ignoring duplicate uses-permissions/uses-permissions-sdk-m: android.permission.READ_PHONE_STATE in package: com.vbdcf54.d2b25 at: Binary XML file line #56
11-02 00:43:52.026  1421  1767 W PackageParsing: Ignoring duplicate uses-permissions/uses-permissions-sdk-m: android.permission.INTERNET in package: com.vbdcf54.d2b25 at: Binary XML file line #57
11-02 00:43:52.026  1421  1767 W PackageParsing: Ignoring duplicate uses-permissions/uses-permissions-sdk-m: android.permission.ACCESS_NETWORK_STATE in package: com.vbdcf54.d2b25 at: Binary XML file line #58
11-02 00:43:52.027  1421  1767 W PackageParsing: Ignoring duplicate uses-permissions/uses-permissions-sdk-m: android.permission.WRITE_EXTERNAL_STORAGE in package: com.vbdcf54.d2b25 at: Binary XML file line #59
11-02 00:43:52.027  1421  1767 W PackageParsing: Ignoring duplicate uses-permissions/uses-permissions-sdk-m: android.permission.GET_TASKS in package: com.vbdcf54.d2b25 at: Binary XML file line #61
11-02 00:43:52.058  1421  1767 I PackageManager: Permission ownership changed. Updating all permissions.
11-02 00:43:52.231  1421  1643 V StorageManagerService: Package null has legacy storage
11-02 00:43:52.329  1421  1767 V BackupManagerService: [UserID:0] restoreAtInstall pkg=com.vbdcf54.d2b25 token=45 restoreSet=0
11-02 00:43:52.329  1421  1767 V BackupManagerService: [UserID:0] Finishing install immediately
11-02 00:43:52.330  1421  1767 D PackageInstallerSession: Marking session 674150034 as applied
11-02 00:43:52.334  1421  1767 D CompatibilityChangeReporter: Compat change id reported: 168419799; UID 10260; state: DISABLED
11-02 00:43:52.334  1421  1767 D CompatibilityChangeReporter: Compat change id reported: 273564678; UID 10260; state: DISABLED
11-02 00:43:52.341  1421  2913 D CompatibilityChangeReporter: Compat change id reported: 218533173; UID 10260; state: DISABLED
11-02 00:43:52.343  1421  1421 I Telecom : DefaultDialerCache: Refreshing default dialer for user 0: now com.google.android.dialer: DDC.oR@AwI
11-02 00:43:52.350  1421  8260 W BroadcastQueue: u0 Receiving a broadcast in packagecom.jr.narutoii requires a permissions review
11-02 00:43:52.350  1421  8260 W BroadcastQueue: Skipping delivery: permission review required for Intent { act=android.intent.action.PACKAGE_ADDED dat=package: flg=0x4000010 (has extras) } from null (pid=1421, uid=1000) to com.jr.narutoii/com.joyriver.engine.proxy.EngineReceiver
11-02 00:43:52.350  1421  1658 W BroadcastQueue: u0 Receiving a broadcast in packagecom.android.buyer requires a permissions review
11-02 00:43:52.350  1421  1658 W BroadcastQueue: Skipping delivery: permission review required for Intent { act=android.intent.action.PACKAGE_ADDED dat=package: flg=0x4000010 (has extras) } from null (pid=1421, uid=1000) to com.android.buyer/.mRve
11-02 00:43:52.350  1421  1658 W BroadcastQueue: Background execution not allowed: receiving Intent { act=android.intent.action.PACKAGE_ADDED dat=package: flg=0x4000010 (has extras) } to com.google.android.packageinstaller/com.android.packageinstaller.PackageInstalledReceiver
11-02 00:43:52.350  1421  1658 W BroadcastQueue: Background execution not allowed: receiving Intent { act=android.intent.action.PACKAGE_ADDED dat=package: flg=0x4000010 (has extras) } to com.trendmicro.tmmspersonal/com.trendmicro.android.base.util.PackageListReceiver
11-02 00:43:52.350  1421  1658 W BroadcastQueue: Background execution not allowed: receiving Intent { act=android.intent.action.PACKAGE_ADDED dat=package: flg=0x4000010 (has extras) } to com.android.vending/com.google.android.finsky.packagemonitor.impl.PackageMonitorReceiverImpl$RegisteredReceiver
11-02 00:43:52.350  1421  1658 W BroadcastQueue: Background execution not allowed: receiving Intent { act=android.intent.action.PACKAGE_ADDED dat=package: flg=0x4000010 (has extras) } to com.android.vending/com.google.android.finsky.packagemonitor.backgroundimpl.BackgroundPackageMonitorReceiverImpl$RegisteredReceiver
11-02 00:43:52.350  1421  1658 W BroadcastQueue: Background execution not allowed: receiving Intent { act=android.intent.action.PACKAGE_ADDED dat=package: flg=0x4000010 (has extras) } to com.google.android.gms/.games.chimera.GamesSystemBroadcastReceiverProxy
11-02 00:43:52.351  1421  1658 W BroadcastQueue: Background execution not allowed: receiving Intent { act=android.intent.action.PACKAGE_ADDED dat=package: flg=0x4000010 (has extras) } to com.google.android.gms/.gass.chimera.PackageChangeBroadcastReceiver
11-02 00:43:52.351  1421  1658 W BroadcastQueue: Background execution not allowed: receiving Intent { act=android.intent.action.PACKAGE_ADDED dat=package: flg=0x4000010 (has extras) } to com.google.android.gms/.chimera.GmsIntentOperationService$PersistentTrustedReceiver
11-02 00:43:52.351  1421  1658 W BroadcastQueue: Background execution not allowed: receiving Intent { act=android.intent.action.PACKAGE_ADDED dat=package: flg=0x4000010 (has extras) } to com.google.android.googlequicksearchbox/com.google.android.apps.gsa.googlequicksearchbox.GelStubAppWatcher
11-02 00:43:52.351  1421  1658 W BroadcastQueue: u0 Receiving a broadcast in packagecom.cncd.japan.janli.shudu requires a permissions review
11-02 00:43:52.351  1421  1658 W BroadcastQueue: Skipping delivery: permission review required for Intent { act=android.intent.action.PACKAGE_ADDED dat=package: flg=0x4000010 (has extras) } from null (pid=1421, uid=1000) to com.cncd.japan.janli.shudu/net.l.k.r
11-02 00:43:52.351  1421  1658 W BroadcastQueue: u0 Receiving a broadcast in packagecom.cncd.japan.janli.shudu requires a permissions review
11-02 00:43:52.351  1421  1658 W BroadcastQueue: Skipping delivery: permission review required for Intent { act=android.intent.action.PACKAGE_ADDED dat=package: flg=0x4000010 (has extras) } from null (pid=1421, uid=1000) to com.cncd.japan.janli.shudu/com.feiwofour.coverscreen.SR
11-02 00:43:52.351  1421  1658 W BroadcastQueue: u0 Receiving a broadcast in packagecom.games.mengmeizhitd requires a permissions review
11-02 00:43:52.351  1421  1658 W BroadcastQueue: Skipping delivery: permission review required for Intent { act=android.intent.action.PACKAGE_ADDED dat=package: flg=0x4000010 (has extras) } from null (pid=1421, uid=1000) to com.games.mengmeizhitd/hjnw.ihjnw.i.isqly
11-02 00:43:52.351  1421  1658 W BroadcastQueue: u0 Receiving a broadcast in packagecom.hgperfko.yaeghrwx requires a permissions review
11-02 00:43:52.351  1421  1658 W BroadcastQueue: Skipping delivery: permission review required for Intent { act=android.intent.action.PACKAGE_ADDED dat=package: flg=0x4000010 (has extras) } from null (pid=1421, uid=1000) to com.hgperfko.yaeghrwx/.core.hLytdCQDBv
11-02 00:43:52.351  1421  1658 W BroadcastQueue: u0 Receiving a broadcast in packagecom.qiuqiu.dfmc requires a permissions review
11-02 00:43:52.351  1421  1658 W BroadcastQueue: Skipping delivery: permission review required for Intent { act=android.intent.action.PACKAGE_ADDED dat=package: flg=0x4000010 (has extras) } from null (pid=1421, uid=1000) to com.qiuqiu.dfmc/cn.jpush.android.service.PushReceiver
11-02 00:43:52.351  1421  1658 W BroadcastQueue: u0 Receiving a broadcast in packagecom.safesys.viruskiller requires a permissions review
11-02 00:43:52.351  1421  1658 W BroadcastQueue: Skipping delivery: permission review required for Intent { act=android.intent.action.PACKAGE_ADDED dat=package: flg=0x4000010 (has extras) } from null (pid=1421, uid=1000) to com.safesys.viruskiller/.ScanPackageBroadcast
11-02 00:43:52.351  1421  1658 W BroadcastQueue: u0 Receiving a broadcast in packagecom.uc108.mobile.sdgj.bd1 requires a permissions review
11-02 00:43:52.351  1421  1658 W BroadcastQueue: Skipping delivery: permission review required for Intent { act=android.intent.action.PACKAGE_ADDED dat=package: flg=0x4000010 (has extras) } from null (pid=1421, uid=1000) to com.uc108.mobile.sdgj.bd1/com.baidu.tiebasdk.service.InstallReceiver
11-02 00:43:52.351  1421  1658 W BroadcastQueue: u0 Receiving a broadcast in packagecom.voicebianshengjinglingwc.wxl requires a permissions review
11-02 00:43:52.351  1421  1658 W BroadcastQueue: Skipping delivery: permission review required for Intent { act=android.intent.action.PACKAGE_ADDED dat=package: flg=0x4000010 (has extras) } from null (pid=1421, uid=1000) to com.voicebianshengjinglingwc.wxl/mp.ruu.Ztjjwrj
11-02 00:43:52.351  1421  1658 W BroadcastQueue: u0 Receiving a broadcast in packagecom.yoojar.zlsg.baidu requires a permissions review
11-02 00:43:52.351  1421  1658 W BroadcastQueue: Skipping delivery: permission review required for Intent { act=android.intent.action.PACKAGE_ADDED dat=package: flg=0x4000010 (has extras) } from null (pid=1421, uid=1000) to com.yoojar.zlsg.baidu/com.duoku.platform.download.broadcast.AppMonitorReceiver
11-02 00:43:52.351  1421  1658 W BroadcastQueue: u0 Receiving a broadcast in packageio.dcloud.H5BC6BF13 requires a permissions review
11-02 00:43:52.351  1421  1658 W BroadcastQueue: Skipping delivery: permission review required for Intent { act=android.intent.action.PACKAGE_ADDED dat=package: flg=0x4000010 (has extras) } from null (pid=1421, uid=1000) to io.dcloud.H5BC6BF13/io.dcloud.common.adapter.io.DownloadReceiver
11-02 00:43:52.356  1421  1421 V BackupManagerConstants: getFullBackupIntervalMilliseconds(...) returns 86400000
11-02 00:43:52.356  1421  1421 V BackupManagerConstants: getFullBackupRequiredNetworkType(...) returns 2
11-02 00:43:52.356  1421  1421 V BackupManagerConstants: getFullBackupRequireCharging(...) returns true
11-02 00:43:52.382  1421  1656 W WindowMagnificationMgr: requestConnection duplicated request: connect=false, mConnectionState=DISCONNECTED
11-02 00:43:52.396  1421  1763 E VerityUtils: Failed to measure fs-verity, errno 1: /data/app/~~pOO-ROOavIfSQQFB4_Oz5w==/com.vbdcf54.d2b25-3UZdTRZqQk-71VOed2BcQQ==/base.apk
11-02 00:43:52.401  1421  5425 D CompatibilityChangeReporter: Compat change id reported: 161252188; UID 10260; state: DISABLED
11-02 00:43:52.438  1421  1421 I Telecom : DefaultDialerCache: Refreshing default dialer for user 0: now com.google.android.dialer: DDC.oR@AwM
11-02 00:43:52.438  1421  4157 W BackupTransportManager: Package com.vbdcf54.d2b25 enabled setting: 0
11-02 00:43:52.458  1421  1656 W PackageManager: Failed registering loading progress callback. Package is fully loaded.
11-02 00:43:52.466  1421  1656 W WindowMagnificationMgr: requestConnection duplicated request: connect=false, mConnectionState=DISCONNECTED
11-02 00:43:52.543  1421  3199 W BroadcastQueue: u0 Receiving a broadcast in packagecom.yoojar.zlsg.baidu requires a permissions review
11-02 00:43:52.543  1421  3199 W BroadcastQueue: Skipping delivery: permission review required for Intent { act=android.intent.action.PACKAGE_CHANGED dat=package: flg=0x5000010 (has extras) } from null (pid=1421, uid=1000) to com.yoojar.zlsg.baidu/com.duoku.platform.download.broadcast.AppMonitorReceiver
11-02 00:43:52.752  1421  5137 W AppOps  : setUidMode() called with a mode inconsistent with runtime permission state, this is discouraged and you should revoke the runtime permission instead: uid=10124, switchCode=0, mode=4, permission=android.permission.ACCESS_BACKGROUND_LOCATION
11-02 00:43:52.776  1421  1767 E PackageManager: ERROR: could not load root hash from incremental install
11-02 00:43:52.800  1421  1767 I PackageManager: Integrity check passed for file:///data/app/vmdl231862433.tmp
11-02 00:43:52.890  1421  1643 V StorageManagerService: Package null has legacy storage
11-02 00:43:52.900  1421  5137 W AppOps  : setUidMode() called with a mode inconsistent with runtime permission state, this is discouraged and you should revoke the runtime permission instead: uid=10124, switchCode=1, mode=4, permission=android.permission.ACCESS_BACKGROUND_LOCATION
11-02 00:43:52.902  1421  5137 W AppOps  : setUidMode() called with a mode inconsistent with runtime permission state, this is discouraged and you should revoke the runtime permission instead: uid=10124, switchCode=0, mode=4, permission=android.permission.ACCESS_BACKGROUND_LOCATION
11-02 00:43:53.051  1421  1767 V BackupManagerService: [UserID:0] restoreAtInstall pkg=cn.inssgame.paokugame token=46 restoreSet=0
11-02 00:43:53.051  1421  1767 V BackupManagerService: [UserID:0] Finishing install immediately
11-02 00:43:53.058  1421  1767 D PackageInstallerSession: Marking session 231862433 as applied
11-02 00:43:53.062  1421  1767 D CompatibilityChangeReporter: Compat change id reported: 168419799; UID 10261; state: DISABLED
11-02 00:43:53.063  1421  1767 D CompatibilityChangeReporter: Compat change id reported: 273564678; UID 10261; state: DISABLED
11-02 00:43:53.074  1421  2913 D CompatibilityChangeReporter: Compat change id reported: 218533173; UID 10261; state: DISABLED
11-02 00:43:53.075  1421  1421 I Telecom : DefaultDialerCache: Refreshing default dialer for user 0: now com.google.android.dialer: DDC.oR@AwY
11-02 00:43:53.078  1421  5423 W BroadcastQueue: u0 Receiving a broadcast in packagecom.jr.narutoii requires a permissions review
11-02 00:43:53.078  1421  5423 W BroadcastQueue: Skipping delivery: permission review required for Intent { act=android.intent.action.PACKAGE_ADDED dat=package: flg=0x4000010 (has extras) } from null (pid=1421, uid=1000) to com.jr.narutoii/com.joyriver.engine.proxy.EngineReceiver
11-02 00:43:53.079  1421  1658 W BroadcastQueue: u0 Receiving a broadcast in packagecom.android.buyer requires a permissions review
11-02 00:43:53.079  1421  1658 W BroadcastQueue: Skipping delivery: permission review required for Intent { act=android.intent.action.PACKAGE_ADDED dat=package: flg=0x4000010 (has extras) } from null (pid=1421, uid=1000) to com.android.buyer/.mRve
11-02 00:43:53.079  1421  1658 W BroadcastQueue: Background execution not allowed: receiving Intent { act=android.intent.action.PACKAGE_ADDED dat=package: flg=0x4000010 (has extras) } to com.google.android.packageinstaller/com.android.packageinstaller.PackageInstalledReceiver
11-02 00:43:53.079  1421  1658 W BroadcastQueue: Background execution not allowed: receiving Intent { act=android.intent.action.PACKAGE_ADDED dat=package: flg=0x4000010 (has extras) } to com.trendmicro.tmmspersonal/com.trendmicro.android.base.util.PackageListReceiver
11-02 00:43:53.079  1421  1658 W BroadcastQueue: Background execution not allowed: receiving Intent { act=android.intent.action.PACKAGE_ADDED dat=package: flg=0x4000010 (has extras) } to com.android.vending/com.google.android.finsky.packagemonitor.impl.PackageMonitorReceiverImpl$RegisteredReceiver
11-02 00:43:53.079  1421  1658 W BroadcastQueue: Background execution not allowed: receiving Intent { act=android.intent.action.PACKAGE_ADDED dat=package: flg=0x4000010 (has extras) } to com.android.vending/com.google.android.finsky.packagemonitor.backgroundimpl.BackgroundPackageMonitorReceiverImpl$RegisteredReceiver
11-02 00:43:53.079  1421  1658 W BroadcastQueue: Background execution not allowed: receiving Intent { act=android.intent.action.PACKAGE_ADDED dat=package: flg=0x4000010 (has extras) } to com.google.android.gms/.games.chimera.GamesSystemBroadcastReceiverProxy
11-02 00:43:53.079  1421  1658 W BroadcastQueue: Background execution not allowed: receiving Intent { act=android.intent.action.PACKAGE_ADDED dat=package: flg=0x4000010 (has extras) } to com.google.android.gms/.gass.chimera.PackageChangeBroadcastReceiver
11-02 00:43:53.079  1421  1658 W BroadcastQueue: Background execution not allowed: receiving Intent { act=android.intent.action.PACKAGE_ADDED dat=package: flg=0x4000010 (has extras) } to com.google.android.gms/.chimera.GmsIntentOperationService$PersistentTrustedReceiver
11-02 00:43:53.088  1421  1421 V BackupManagerConstants: getFullBackupIntervalMilliseconds(...) returns 86400000
11-02 00:43:53.088  1421  1421 V BackupManagerConstants: getFullBackupRequiredNetworkType(...) returns 2
11-02 00:43:53.088  1421  1421 V BackupManagerConstants: getFullBackupRequireCharging(...) returns true
11-02 00:43:53.090  1421  1658 W BroadcastQueue: Background execution not allowed: receiving Intent { act=android.intent.action.PACKAGE_ADDED dat=package: flg=0x4000010 (has extras) } to com.google.android.googlequicksearchbox/com.google.android.apps.gsa.googlequicksearchbox.GelStubAppWatcher
11-02 00:43:53.095  1421  1421 I Telecom : DefaultDialerCache: Refreshing default dialer for user 0: now com.google.android.dialer: DDC.oR@Awc
11-02 00:43:53.096  1421  1658 W BroadcastQueue: u0 Receiving a broadcast in packagecom.cncd.japan.janli.shudu requires a permissions review
11-02 00:43:53.096  1421  1658 W BroadcastQueue: Skipping delivery: permission review required for Intent { act=android.intent.action.PACKAGE_ADDED dat=package: flg=0x4000010 (has extras) } from null (pid=1421, uid=1000) to com.cncd.japan.janli.shudu/net.l.k.r
11-02 00:43:53.096  1421  1658 W BroadcastQueue: u0 Receiving a broadcast in packagecom.cncd.japan.janli.shudu requires a permissions review
11-02 00:43:53.096  1421  1658 W BroadcastQueue: Skipping delivery: permission review required for Intent { act=android.intent.action.PACKAGE_ADDED dat=package: flg=0x4000010 (has extras) } from null (pid=1421, uid=1000) to com.cncd.japan.janli.shudu/com.feiwofour.coverscreen.SR
11-02 00:43:53.096  1421  1658 W BroadcastQueue: u0 Receiving a broadcast in packagecom.games.mengmeizhitd requires a permissions review
11-02 00:43:53.096  1421  1658 W BroadcastQueue: Skipping delivery: permission review required for Intent { act=android.intent.action.PACKAGE_ADDED dat=package: flg=0x4000010 (has extras) } from null (pid=1421, uid=1000) to com.games.mengmeizhitd/hjnw.ihjnw.i.isqly
11-02 00:43:53.096  1421  1658 W BroadcastQueue: u0 Receiving a broadcast in packagecom.hgperfko.yaeghrwx requires a permissions review
11-02 00:43:53.096  1421  1658 W BroadcastQueue: Skipping delivery: permission review required for Intent { act=android.intent.action.PACKAGE_ADDED dat=package: flg=0x4000010 (has extras) } from null (pid=1421, uid=1000) to com.hgperfko.yaeghrwx/.core.hLytdCQDBv
11-02 00:43:53.096  1421  1658 W BroadcastQueue: u0 Receiving a broadcast in packagecom.qiuqiu.dfmc requires a permissions review
11-02 00:43:53.096  1421  1658 W BroadcastQueue: Skipping delivery: permission review required for Intent { act=android.intent.action.PACKAGE_ADDED dat=package: flg=0x4000010 (has extras) } from null (pid=1421, uid=1000) to com.qiuqiu.dfmc/cn.jpush.android.service.PushReceiver
11-02 00:43:53.096  1421  1658 W BroadcastQueue: u0 Receiving a broadcast in packagecom.safesys.viruskiller requires a permissions review
11-02 00:43:53.096  1421  1658 W BroadcastQueue: Skipping delivery: permission review required for Intent { act=android.intent.action.PACKAGE_ADDED dat=package: flg=0x4000010 (has extras) } from null (pid=1421, uid=1000) to com.safesys.viruskiller/.ScanPackageBroadcast
11-02 00:43:53.096  1421  1658 W BroadcastQueue: u0 Receiving a broadcast in packagecom.uc108.mobile.sdgj.bd1 requires a permissions review
11-02 00:43:53.096  1421  1658 W BroadcastQueue: Skipping delivery: permission review required for Intent { act=android.intent.action.PACKAGE_ADDED dat=package: flg=0x4000010 (has extras) } from null (pid=1421, uid=1000) to com.uc108.mobile.sdgj.bd1/com.baidu.tiebasdk.service.InstallReceiver
11-02 00:43:53.096  1421  1658 W BroadcastQueue: u0 Receiving a broadcast in packagecom.voicebianshengjinglingwc.wxl requires a permissions review
11-02 00:43:53.096  1421  1658 W BroadcastQueue: Skipping delivery: permission review required for Intent { act=android.intent.action.PACKAGE_ADDED dat=package: flg=0x4000010 (has extras) } from null (pid=1421, uid=1000) to com.voicebianshengjinglingwc.wxl/mp.ruu.Ztjjwrj
11-02 00:43:53.096  1421  1658 W BroadcastQueue: u0 Receiving a broadcast in packagecom.yoojar.zlsg.baidu requires a permissions review
11-02 00:43:53.096  1421  1658 W BroadcastQueue: Skipping delivery: permission review required for Intent { act=android.intent.action.PACKAGE_ADDED dat=package: flg=0x4000010 (has extras) } from null (pid=1421, uid=1000) to com.yoojar.zlsg.baidu/com.duoku.platform.download.broadcast.AppMonitorReceiver
11-02 00:43:53.096  1421  1658 W BroadcastQueue: u0 Receiving a broadcast in packageio.dcloud.H5BC6BF13 requires a permissions review
11-02 00:43:53.096  1421  1658 W BroadcastQueue: Skipping delivery: permission review required for Intent { act=android.intent.action.PACKAGE_ADDED dat=package: flg=0x4000010 (has extras) } from null (pid=1421, uid=1000) to io.dcloud.H5BC6BF13/io.dcloud.common.adapter.io.DownloadReceiver
11-02 00:43:53.111  1421  1656 W WindowMagnificationMgr: requestConnection duplicated request: connect=false, mConnectionState=DISCONNECTED
11-02 00:43:53.156  1421  1656 W PackageManager: Failed registering loading progress callback. Package is fully loaded.
11-02 00:43:53.165  1421  1656 W WindowMagnificationMgr: requestConnection duplicated request: connect=false, mConnectionState=DISCONNECTED
11-02 00:43:53.165  1421  2982 D CompatibilityChangeReporter: Compat change id reported: 161252188; UID 10261; state: DISABLED
11-02 00:43:53.178  1421  4157 W BackupTransportManager: Package cn.inssgame.paokugame enabled setting: 0
11-02 00:43:53.178  1421  1763 E VerityUtils: Failed to measure fs-verity, errno 1: /data/app/~~rVMzCQShiwdCXeIOQlIyjg==/cn.inssgame.paokugame-Hyv5e2EV8q_KmrLGZS6Jsg==/base.apk
11-02 00:43:53.188  1421  1480 W BroadcastQueue: u0 Receiving a broadcast in packagecom.yoojar.zlsg.baidu requires a permissions review
11-02 00:43:53.188  1421  1480 W BroadcastQueue: Skipping delivery: permission review required for Intent { act=android.intent.action.PACKAGE_CHANGED dat=package: flg=0x5000010 (has extras) } from null (pid=1421, uid=1000) to com.yoojar.zlsg.baidu/com.duoku.platform.download.broadcast.AppMonitorReceiver
11-02 00:43:53.498  1421  5422 I ActivityManager: Background started FGS: Allowed [callingPackage: com.google.android.apps.wellbeing; callingUid: 10121; uidState: BFGS; intent: Intent { cmp=com.google.android.apps.wellbeing/com.google.apps.tiktok.concurrent.InternalForegroundService (has extras) }; code:BACKGROUND_ACTIVITY_PERMISSION; tempAllowListReason:<null>; targetSdkVersion:33; callerTargetSdkVersion:33; startForegroundCount:0; bindFromPackage:null]
11-02 00:43:53.566  1421  1971 I ActivityTaskManager: START u0 {flg=0x14800000 cmp=com.trendmicro.tmmspersonal/com.trendmicro.tmmssuite.antimalware.scan.RealtimeAlert4PUA (has extras)} from uid 10194
11-02 00:43:53.576  1421  5422 W ActivityTaskManager: Tried to set launchTime (0) < mLastActivityLaunchTime (727119)
11-02 00:43:53.597  1421  5422 D CoreBackPreview: Window{3b8d7aa u0 com.trendmicro.tmmspersonal/com.trendmicro.tmmssuite.antimalware.scan.RealtimeAlert4PUA}: Setting back callback OnBackInvokedCallbackInfo{mCallback=android.window.IOnBackInvokedCallback$Stub$Proxy@9fccf38, mPriority=0}
11-02 00:43:53.648  1421  1971 D CoreBackPreview: Window{3d3fe7 u0 com.trendmicro.tmmspersonal/com.trendmicro.tmmssuite.antimalware.scan.RealtimeAlert4PUA}: Setting back callback null
11-02 00:43:53.706  1421  1421 I NotificationService: Cannot find enqueued record for key: 0|com.google.android.apps.wellbeing|174344743|null|10121
11-02 00:43:53.707  1421  5424 W AppOps  : setUidMode() called with a mode inconsistent with runtime permission state, this is discouraged and you should revoke the runtime permission instead: uid=10124, switchCode=0, mode=4, permission=android.permission.ACCESS_BACKGROUND_LOCATION
11-02 00:43:53.753  1421  5424 W AppOps  : setUidMode() called with a mode inconsistent with runtime permission state, this is discouraged and you should revoke the runtime permission instead: uid=10124, switchCode=1, mode=4, permission=android.permission.ACCESS_BACKGROUND_LOCATION
11-02 00:43:53.755  1421  5424 W AppOps  : setUidMode() called with a mode inconsistent with runtime permission state, this is discouraged and you should revoke the runtime permission instead: uid=10124, switchCode=0, mode=4, permission=android.permission.ACCESS_BACKGROUND_LOCATION
11-02 00:43:53.871  1421  1480 I ActivityTaskManager: START u0 {flg=0x14800000 cmp=com.trendmicro.tmmspersonal/com.trendmicro.tmmssuite.antimalware.scan.RealtimeAlert4PUA (has extras)} from uid 10194
11-02 00:43:53.888  1421  5424 W ActivityTaskManager: Tried to set launchTime (0) < mLastActivityLaunchTime (729661)
11-02 00:43:53.909  1421  1767 E PackageManager: ERROR: could not load root hash from incremental install
11-02 00:43:53.912  1421  5424 D CoreBackPreview: Window{2884637 u0 com.trendmicro.tmmspersonal/com.trendmicro.tmmssuite.antimalware.scan.RealtimeAlert4PUA}: Setting back callback OnBackInvokedCallbackInfo{mCallback=android.window.IOnBackInvokedCallback$Stub$Proxy@4cbf90d, mPriority=0}
11-02 00:43:53.966  1421  5422 D CoreBackPreview: Window{3b8d7aa u0 com.trendmicro.tmmspersonal/com.trendmicro.tmmssuite.antimalware.scan.RealtimeAlert4PUA}: Setting back callback null
11-02 00:43:54.000  1421  1767 I PackageManager: Integrity check passed for file:///data/app/vmdl818901836.tmp
11-02 00:43:54.157  1421  1643 V StorageManagerService: Package null has legacy storage
11-02 00:43:54.313  1421  1767 V BackupManagerService: [UserID:0] restoreAtInstall pkg=com.kascend.chushov token=47 restoreSet=0
11-02 00:43:54.313  1421  1767 V BackupManagerService: [UserID:0] Finishing install immediately
11-02 00:43:54.315  1421  1767 D PackageInstallerSession: Marking session 818901836 as applied
11-02 00:43:54.318  1421  1767 D CompatibilityChangeReporter: Compat change id reported: 168419799; UID 10262; state: DISABLED
11-02 00:43:54.318  1421  1767 D CompatibilityChangeReporter: Compat change id reported: 273564678; UID 10262; state: DISABLED
11-02 00:43:54.326  1421  2913 D CompatibilityChangeReporter: Compat change id reported: 218533173; UID 10262; state: DISABLED
11-02 00:43:54.329  1421  1421 I Telecom : DefaultDialerCache: Refreshing default dialer for user 0: now com.google.android.dialer: DDC.oR@Aww
11-02 00:43:54.333  1421  1421 V BackupManagerConstants: getFullBackupIntervalMilliseconds(...) returns 86400000
11-02 00:43:54.333  1421  1421 V BackupManagerConstants: getFullBackupRequiredNetworkType(...) returns 2
11-02 00:43:54.333  1421  1421 V BackupManagerConstants: getFullBackupRequireCharging(...) returns true
11-02 00:43:54.342  1421  5425 W BroadcastQueue: u0 Receiving a broadcast in packagecom.jr.narutoii requires a permissions review
11-02 00:43:54.342  1421  5425 W BroadcastQueue: Skipping delivery: permission review required for Intent { act=android.intent.action.PACKAGE_ADDED dat=package: flg=0x4000010 (has extras) } from null (pid=1421, uid=1000) to com.jr.narutoii/com.joyriver.engine.proxy.EngineReceiver
11-02 00:43:54.349  1421  1658 W BroadcastQueue: u0 Receiving a broadcast in packagecom.android.buyer requires a permissions review
