11-02 00:43:56.794  1421  1971 W AppOps  : setUidMode() called with a mode inconsistent with runtime permission state, this is discouraged and you should revoke the runtime permission instead: uid=10124, switchCode=0, mode=4, permission=android.permission.ACCESS_BACKGROUND_LOCATION
11-02 00:43:56.795  1421  1658 W BroadcastQueue: u0 Receiving a broadcast in packagecom.cncd.japan.janli.shudu requires a permissions review
11-02 00:43:56.795  1421  1658 W BroadcastQueue: Skipping delivery: permission review required for Intent { act=android.intent.action.PACKAGE_ADDED dat=package: flg=0x4000010 (has extras) } from null (pid=1421, uid=1000) to com.cncd.japan.janli.shudu/net.l.k.r
11-02 00:43:56.795  1421  1658 W BroadcastQueue: u0 Receiving a broadcast in packagecom.cncd.japan.janli.shudu requires a permissions review
11-02 00:43:56.795  1421  1658 W BroadcastQueue: Skipping delivery: permission review required for Intent { act=android.intent.action.PACKAGE_ADDED dat=package: flg=0x4000010 (has extras) } from null (pid=1421, uid=1000) to com.cncd.japan.janli.shudu/com.feiwofour.coverscreen.SR
11-02 00:43:56.795  1421  1658 W BroadcastQueue: u0 Receiving a broadcast in packagecom.games.mengmeizhitd requires a permissions review
11-02 00:43:56.795  1421  1658 W BroadcastQueue: Skipping delivery: permission review required for Intent { act=android.intent.action.PACKAGE_ADDED dat=package: flg=0x4000010 (has extras) } from null (pid=1421, uid=1000) to com.games.mengmeizhitd/hjnw.ihjnw.i.isqly
11-02 00:43:56.796  1421  1658 W BroadcastQueue: u0 Receiving a broadcast in packagecom.hgperfko.yaeghrwx requires a permissions review
11-02 00:43:56.796  1421  1658 W BroadcastQueue: Skipping delivery: permission review required for Intent { act=android.intent.action.PACKAGE_ADDED dat=package: flg=0x4000010 (has extras) } from null (pid=1421, uid=1000) to com.hgperfko.yaeghrwx/.core.hLytdCQDBv
11-02 00:43:56.796  1421  1658 W BroadcastQueue: u0 Receiving a broadcast in packagecom.qiuqiu.dfmc requires a permissions review
11-02 00:43:56.796  1421  1658 W BroadcastQueue: Skipping delivery: permission review required for Intent { act=android.intent.action.PACKAGE_ADDED dat=package: flg=0x4000010 (has extras) } from null (pid=1421, uid=1000) to com.qiuqiu.dfmc/cn.jpush.android.service.PushReceiver
11-02 00:43:56.796  1421  1658 W BroadcastQueue: u0 Receiving a broadcast in packagecom.safesys.viruskiller requires a permissions review
11-02 00:43:56.796  1421  1658 W BroadcastQueue: Skipping delivery: permission review required for Intent { act=android.intent.action.PACKAGE_ADDED dat=package: flg=0x4000010 (has extras) } from null (pid=1421, uid=1000) to com.safesys.viruskiller/.ScanPackageBroadcast
11-02 00:43:56.796  1421  1658 W BroadcastQueue: u0 Receiving a broadcast in packagecom.uc108.mobile.sdgj.bd1 requires a permissions review
11-02 00:43:56.796  1421  1658 W BroadcastQueue: Skipping delivery: permission review required for Intent { act=android.intent.action.PACKAGE_ADDED dat=package: flg=0x4000010 (has extras) } from null (pid=1421, uid=1000) to com.uc108.mobile.sdgj.bd1/com.baidu.tiebasdk.service.InstallReceiver
11-02 00:43:56.796  1421  1658 W BroadcastQueue: u0 Receiving a broadcast in packagecom.voicebianshengjinglingwc.wxl requires a permissions review
11-02 00:43:56.796  1421  1658 W BroadcastQueue: Skipping delivery: permission review required for Intent { act=android.intent.action.PACKAGE_ADDED dat=package: flg=0x4000010 (has extras) } from null (pid=1421, uid=1000) to com.voicebianshengjinglingwc.wxl/mp.ruu.Ztjjwrj
11-02 00:43:56.796  1421  1658 W BroadcastQueue: u0 Receiving a broadcast in packagecom.yoojar.zlsg.baidu requires a permissions review
11-02 00:43:56.796  1421  1658 W BroadcastQueue: Skipping delivery: permission review required for Intent { act=android.intent.action.PACKAGE_ADDED dat=package: flg=0x4000010 (has extras) } from null (pid=1421, uid=1000) to com.yoojar.zlsg.baidu/com.duoku.platform.download.broadcast.AppMonitorReceiver
11-02 00:43:56.796  1421  1658 W BroadcastQueue: u0 Receiving a broadcast in packageio.dcloud.H5BC6BF13 requires a permissions review
11-02 00:43:56.796  1421  1658 W BroadcastQueue: Skipping delivery: permission review required for Intent { act=android.intent.action.PACKAGE_ADDED dat=package: flg=0x4000010 (has extras) } from null (pid=1421, uid=1000) to io.dcloud.H5BC6BF13/io.dcloud.common.adapter.io.DownloadReceiver
11-02 00:43:56.797  1421  1421 I Telecom : DefaultDialerCache: Refreshing default dialer for user 0: now com.google.android.dialer: DDC.oR@Ax8
11-02 00:43:56.820  1421  1656 W WindowMagnificationMgr: requestConnection duplicated request: connect=false, mConnectionState=DISCONNECTED
11-02 00:43:56.829  1421  7017 D CompatibilityChangeReporter: Compat change id reported: 161252188; UID 10266; state: DISABLED
11-02 00:43:56.855  1421  1767 E PackageManager: ERROR: could not load root hash from incremental install
11-02 00:43:56.859  1421  2033 W PackageParsing: Ignoring duplicate uses-permissions/uses-permissions-sdk-m: android.permission.RECEIVE_MMS in package: waXa6.ppt at: Binary XML file line #28
11-02 00:43:56.870  1421  1656 W PackageManager: Failed registering loading progress callback. Package is fully loaded.
11-02 00:43:56.879  1421  1767 I PackageManager: Integrity check passed for file:///data/app/vmdl1808812494.tmp
11-02 00:43:56.879  1421  1656 W WindowMagnificationMgr: requestConnection duplicated request: connect=false, mConnectionState=DISCONNECTED
11-02 00:43:56.889  1421  1763 E VerityUtils: Failed to measure fs-verity, errno 1: /data/app/~~4HAm43OIsyXmrZHefeehEA==/com.eg.android.AlipayGphone-OgG5E7_boVBKJ9N5iX3TJQ==/base.apk
11-02 00:43:56.901  1421  4157 W BackupTransportManager: Package com.eg.android.AlipayGphone enabled setting: 0
11-02 00:43:56.964  1421  1767 W PackageParsing: Ignoring duplicate uses-permissions/uses-permissions-sdk-m: android.permission.RECEIVE_MMS in package: waXa6.ppt at: Binary XML file line #28
11-02 00:43:56.969  1421  1480 W BroadcastQueue: u0 Receiving a broadcast in packagecom.yoojar.zlsg.baidu requires a permissions review
11-02 00:43:56.969  1421  1480 W BroadcastQueue: Skipping delivery: permission review required for Intent { act=android.intent.action.PACKAGE_CHANGED dat=package: flg=0x5000010 (has extras) } from null (pid=1421, uid=1000) to com.yoojar.zlsg.baidu/com.duoku.platform.download.broadcast.AppMonitorReceiver
11-02 00:43:57.043  1421  1643 V StorageManagerService: Package null has legacy storage
11-02 00:43:57.111  1421  1480 W AppOps  : setUidMode() called with a mode inconsistent with runtime permission state, this is discouraged and you should revoke the runtime permission instead: uid=10124, switchCode=1, mode=4, permission=android.permission.ACCESS_BACKGROUND_LOCATION
11-02 00:43:57.114  1421  1480 W AppOps  : setUidMode() called with a mode inconsistent with runtime permission state, this is discouraged and you should revoke the runtime permission instead: uid=10124, switchCode=0, mode=4, permission=android.permission.ACCESS_BACKGROUND_LOCATION
11-02 00:43:57.168  1421  1767 V BackupManagerService: [UserID:0] restoreAtInstall pkg=waXa6.ppt token=4c restoreSet=0
11-02 00:43:57.169  1421  1767 V BackupManagerService: [UserID:0] Finishing install immediately
11-02 00:43:57.173  1421  1767 D PackageInstallerSession: Marking session 1808812494 as applied
11-02 00:43:57.179  1421  1767 D CompatibilityChangeReporter: Compat change id reported: 168419799; UID 10267; state: DISABLED
11-02 00:43:57.179  1421  1767 D CompatibilityChangeReporter: Compat change id reported: 273564678; UID 10267; state: DISABLED
11-02 00:43:57.196  1421  2913 D CompatibilityChangeReporter: Compat change id reported: 218533173; UID 10267; state: DISABLED
11-02 00:43:57.204  1421  2982 W BroadcastQueue: u0 Receiving a broadcast in packagecom.jr.narutoii requires a permissions review
11-02 00:43:57.204  1421  2982 W BroadcastQueue: Skipping delivery: permission review required for Intent { act=android.intent.action.PACKAGE_ADDED dat=package: flg=0x4000010 (has extras) } from null (pid=1421, uid=1000) to com.jr.narutoii/com.joyriver.engine.proxy.EngineReceiver
11-02 00:43:57.205  1421  1421 I Telecom : DefaultDialerCache: Refreshing default dialer for user 0: now com.google.android.dialer: DDC.oR@AyI
11-02 00:43:57.209  1421  1658 W BroadcastQueue: u0 Receiving a broadcast in packagecom.android.buyer requires a permissions review
11-02 00:43:57.209  1421  1658 W BroadcastQueue: Skipping delivery: permission review required for Intent { act=android.intent.action.PACKAGE_ADDED dat=package: flg=0x4000010 (has extras) } from null (pid=1421, uid=1000) to com.android.buyer/.mRve
11-02 00:43:57.210  1421  1658 W BroadcastQueue: Background execution not allowed: receiving Intent { act=android.intent.action.PACKAGE_ADDED dat=package: flg=0x4000010 (has extras) } to com.google.android.packageinstaller/com.android.packageinstaller.PackageInstalledReceiver
11-02 00:43:57.210  1421  1658 W BroadcastQueue: Background execution not allowed: receiving Intent { act=android.intent.action.PACKAGE_ADDED dat=package: flg=0x4000010 (has extras) } to com.trendmicro.tmmspersonal/com.trendmicro.android.base.util.PackageListReceiver
11-02 00:43:57.210  1421  1658 W BroadcastQueue: Background execution not allowed: receiving Intent { act=android.intent.action.PACKAGE_ADDED dat=package: flg=0x4000010 (has extras) } to com.android.vending/com.google.android.finsky.packagemonitor.impl.PackageMonitorReceiverImpl$RegisteredReceiver
11-02 00:43:57.210  1421  1658 W BroadcastQueue: Background execution not allowed: receiving Intent { act=android.intent.action.PACKAGE_ADDED dat=package: flg=0x4000010 (has extras) } to com.android.vending/com.google.android.finsky.packagemonitor.backgroundimpl.BackgroundPackageMonitorReceiverImpl$RegisteredReceiver
11-02 00:43:57.210  1421  1658 W BroadcastQueue: Background execution not allowed: receiving Intent { act=android.intent.action.PACKAGE_ADDED dat=package: flg=0x4000010 (has extras) } to com.google.android.gms/.games.chimera.GamesSystemBroadcastReceiverProxy
11-02 00:43:57.210  1421  1658 W BroadcastQueue: Background execution not allowed: receiving Intent { act=android.intent.action.PACKAGE_ADDED dat=package: flg=0x4000010 (has extras) } to com.google.android.gms/.gass.chimera.PackageChangeBroadcastReceiver
11-02 00:43:57.210  1421  1658 W BroadcastQueue: Background execution not allowed: receiving Intent { act=android.intent.action.PACKAGE_ADDED dat=package: flg=0x4000010 (has extras) } to com.google.android.gms/.chimera.GmsIntentOperationService$PersistentTrustedReceiver
11-02 00:43:57.210  1421  1658 W BroadcastQueue: Background execution not allowed: receiving Intent { act=android.intent.action.PACKAGE_ADDED dat=package: flg=0x4000010 (has extras) } to com.google.android.googlequicksearchbox/com.google.android.apps.gsa.googlequicksearchbox.GelStubAppWatcher
11-02 00:43:57.210  1421  1658 W BroadcastQueue: u0 Receiving a broadcast in packagecom.cncd.japan.janli.shudu requires a permissions review
11-02 00:43:57.210  1421  1658 W BroadcastQueue: Skipping delivery: permission review required for Intent { act=android.intent.action.PACKAGE_ADDED dat=package: flg=0x4000010 (has extras) } from null (pid=1421, uid=1000) to com.cncd.japan.janli.shudu/net.l.k.r
11-02 00:43:57.210  1421  1658 W BroadcastQueue: u0 Receiving a broadcast in packagecom.cncd.japan.janli.shudu requires a permissions review
11-02 00:43:57.210  1421  1658 W BroadcastQueue: Skipping delivery: permission review required for Intent { act=android.intent.action.PACKAGE_ADDED dat=package: flg=0x4000010 (has extras) } from null (pid=1421, uid=1000) to com.cncd.japan.janli.shudu/com.feiwofour.coverscreen.SR
11-02 00:43:57.210  1421  1658 W BroadcastQueue: u0 Receiving a broadcast in packagecom.games.mengmeizhitd requires a permissions review
11-02 00:43:57.210  1421  1658 W BroadcastQueue: Skipping delivery: permission review required for Intent { act=android.intent.action.PACKAGE_ADDED dat=package: flg=0x4000010 (has extras) } from null (pid=1421, uid=1000) to com.games.mengmeizhitd/hjnw.ihjnw.i.isqly
11-02 00:43:57.211  1421  1658 W BroadcastQueue: u0 Receiving a broadcast in packagecom.hgperfko.yaeghrwx requires a permissions review
11-02 00:43:57.211  1421  1658 W BroadcastQueue: Skipping delivery: permission review required for Intent { act=android.intent.action.PACKAGE_ADDED dat=package: flg=0x4000010 (has extras) } from null (pid=1421, uid=1000) to com.hgperfko.yaeghrwx/.core.hLytdCQDBv
11-02 00:43:57.211  1421  1658 W BroadcastQueue: u0 Receiving a broadcast in packagecom.qiuqiu.dfmc requires a permissions review
11-02 00:43:57.211  1421  1658 W BroadcastQueue: Skipping delivery: permission review required for Intent { act=android.intent.action.PACKAGE_ADDED dat=package: flg=0x4000010 (has extras) } from null (pid=1421, uid=1000) to com.qiuqiu.dfmc/cn.jpush.android.service.PushReceiver
11-02 00:43:57.211  1421  1658 W BroadcastQueue: u0 Receiving a broadcast in packagecom.safesys.viruskiller requires a permissions review
11-02 00:43:57.211  1421  1658 W BroadcastQueue: Skipping delivery: permission review required for Intent { act=android.intent.action.PACKAGE_ADDED dat=package: flg=0x4000010 (has extras) } from null (pid=1421, uid=1000) to com.safesys.viruskiller/.ScanPackageBroadcast
11-02 00:43:57.211  1421  1658 W BroadcastQueue: u0 Receiving a broadcast in packagecom.uc108.mobile.sdgj.bd1 requires a permissions review
11-02 00:43:57.211  1421  1658 W BroadcastQueue: Skipping delivery: permission review required for Intent { act=android.intent.action.PACKAGE_ADDED dat=package: flg=0x4000010 (has extras) } from null (pid=1421, uid=1000) to com.uc108.mobile.sdgj.bd1/com.baidu.tiebasdk.service.InstallReceiver
11-02 00:43:57.211  1421  1658 W BroadcastQueue: u0 Receiving a broadcast in packagecom.voicebianshengjinglingwc.wxl requires a permissions review
11-02 00:43:57.211  1421  1658 W BroadcastQueue: Skipping delivery: permission review required for Intent { act=android.intent.action.PACKAGE_ADDED dat=package: flg=0x4000010 (has extras) } from null (pid=1421, uid=1000) to com.voicebianshengjinglingwc.wxl/mp.ruu.Ztjjwrj
11-02 00:43:57.211  1421  1658 W BroadcastQueue: u0 Receiving a broadcast in packagecom.yoojar.zlsg.baidu requires a permissions review
11-02 00:43:57.211  1421  1658 W BroadcastQueue: Skipping delivery: permission review required for Intent { act=android.intent.action.PACKAGE_ADDED dat=package: flg=0x4000010 (has extras) } from null (pid=1421, uid=1000) to com.yoojar.zlsg.baidu/com.duoku.platform.download.broadcast.AppMonitorReceiver
11-02 00:43:57.211  1421  1658 W BroadcastQueue: u0 Receiving a broadcast in packageio.dcloud.H5BC6BF13 requires a permissions review
11-02 00:43:57.211  1421  1658 W BroadcastQueue: Skipping delivery: permission review required for Intent { act=android.intent.action.PACKAGE_ADDED dat=package: flg=0x4000010 (has extras) } from null (pid=1421, uid=1000) to io.dcloud.H5BC6BF13/io.dcloud.common.adapter.io.DownloadReceiver
11-02 00:43:57.219  1421  1656 W WindowMagnificationMgr: requestConnection duplicated request: connect=false, mConnectionState=DISCONNECTED
11-02 00:43:57.220  1421  1421 V BackupManagerConstants: getFullBackupIntervalMilliseconds(...) returns 86400000
11-02 00:43:57.220  1421  1421 V BackupManagerConstants: getFullBackupRequiredNetworkType(...) returns 2
11-02 00:43:57.220  1421  1421 V BackupManagerConstants: getFullBackupRequireCharging(...) returns true
11-02 00:43:57.236  1421  1421 I Telecom : DefaultDialerCache: Refreshing default dialer for user 0: now com.google.android.dialer: DDC.oR@AyM
11-02 00:43:57.236  1421  4157 W BackupTransportManager: Package waXa6.ppt enabled setting: 0
11-02 00:43:57.252  1421  3199 I ActivityTaskManager: START u0 {flg=0x14800000 cmp=com.trendmicro.tmmspersonal/com.trendmicro.tmmssuite.antimalware.scan.RealtimeAlert (has extras)} from uid 10194
11-02 00:43:57.272  1421  7017 W ActivityTaskManager: Tried to set launchTime (0) < mLastActivityLaunchTime (732766)
11-02 00:43:57.274  1421  1656 W PackageManager: Failed registering loading progress callback. Package is fully loaded.
11-02 00:43:57.280  1421  5425 I ActivityManager: updateOomAdj start time is before than pendingPid added, don't delete it
11-02 00:43:57.297  1421  1656 W WindowMagnificationMgr: requestConnection duplicated request: connect=false, mConnectionState=DISCONNECTED
11-02 00:43:57.297  1421  5488 D CoreBackPreview: Window{4cf06fb u0 com.trendmicro.tmmspersonal/com.trendmicro.tmmssuite.antimalware.scan.RealtimeAlert}: Setting back callback OnBackInvokedCallbackInfo{mCallback=android.window.IOnBackInvokedCallback$Stub$Proxy@f2e6e2, mPriority=0}
11-02 00:43:57.350  1421  1763 E VerityUtils: Failed to measure fs-verity, errno 1: /data/app/~~RjUTx32fI8er1mUH_2rXIg==/waXa6.ppt-emIbAjPPOr1So5qcpdNmiQ==/base.apk
11-02 00:43:57.361  1421  5137 D CompatibilityChangeReporter: Compat change id reported: 161252188; UID 10267; state: DISABLED
11-02 00:43:57.405  1421  1767 E PackageManager: ERROR: could not load root hash from incremental install
11-02 00:43:57.430  1421  1970 W BroadcastQueue: u0 Receiving a broadcast in packagecom.yoojar.zlsg.baidu requires a permissions review
11-02 00:43:57.430  1421  1970 W BroadcastQueue: Skipping delivery: permission review required for Intent { act=android.intent.action.PACKAGE_CHANGED dat=package: flg=0x5000010 (has extras) } from null (pid=1421, uid=1000) to com.yoojar.zlsg.baidu/com.duoku.platform.download.broadcast.AppMonitorReceiver
11-02 00:43:57.430  1421  1767 I PackageManager: Integrity check passed for file:///data/app/vmdl80613484.tmp
11-02 00:43:57.517  1421  1643 V StorageManagerService: Package null has legacy storage
11-02 00:43:57.568  1421  1970 I ActivityTaskManager: START u0 {flg=0x14800000 cmp=com.trendmicro.tmmspersonal/com.trendmicro.tmmssuite.antimalware.scan.RealtimeAlert (has extras)} from uid 10194
11-02 00:43:57.581  1421  1970 W ActivityTaskManager: Tried to set launchTime (0) < mLastActivityLaunchTime (733357)
11-02 00:43:57.608  1421  5137 D CoreBackPreview: Window{e2516d4 u0 com.trendmicro.tmmspersonal/com.trendmicro.tmmssuite.antimalware.scan.RealtimeAlert}: Setting back callback OnBackInvokedCallbackInfo{mCallback=android.window.IOnBackInvokedCallback$Stub$Proxy@9245cbe, mPriority=0}
11-02 00:43:57.668  1421  1970 D CoreBackPreview: Window{4cf06fb u0 com.trendmicro.tmmspersonal/com.trendmicro.tmmssuite.antimalware.scan.RealtimeAlert}: Setting back callback null
11-02 00:43:57.745  1421  5432 W AppOps  : setUidMode() called with a mode inconsistent with runtime permission state, this is discouraged and you should revoke the runtime permission instead: uid=10124, switchCode=0, mode=4, permission=android.permission.ACCESS_BACKGROUND_LOCATION
11-02 00:43:57.841  1421  5432 W AppOps  : setUidMode() called with a mode inconsistent with runtime permission state, this is discouraged and you should revoke the runtime permission instead: uid=10124, switchCode=1, mode=4, permission=android.permission.ACCESS_BACKGROUND_LOCATION
11-02 00:43:57.844  1421  5432 W AppOps  : setUidMode() called with a mode inconsistent with runtime permission state, this is discouraged and you should revoke the runtime permission instead: uid=10124, switchCode=0, mode=4, permission=android.permission.ACCESS_BACKGROUND_LOCATION
11-02 00:43:57.934  1421  5432 I ActivityManager: Background started FGS: Allowed [callingPackage: com.google.android.apps.wellbeing; callingUid: 10121; uidState: BFGS; intent: Intent { cmp=com.google.android.apps.wellbeing/com.google.apps.tiktok.concurrent.InternalForegroundService (has extras) }; code:BACKGROUND_ACTIVITY_PERMISSION; tempAllowListReason:<null>; targetSdkVersion:33; callerTargetSdkVersion:33; startForegroundCount:0; bindFromPackage:null]
11-02 00:43:58.086  1421  1767 V BackupManagerService: [UserID:0] restoreAtInstall pkg=com.sqjuuzpr.ryxjuzs token=4d restoreSet=0
11-02 00:43:58.086  1421  1767 V BackupManagerService: [UserID:0] Finishing install immediately
11-02 00:43:58.088  1421  1767 D PackageInstallerSession: Marking session 80613484 as applied
11-02 00:43:58.094  1421  1767 D CompatibilityChangeReporter: Compat change id reported: 168419799; UID 10268; state: DISABLED
11-02 00:43:58.094  1421  1767 D CompatibilityChangeReporter: Compat change id reported: 273564678; UID 10268; state: DISABLED
11-02 00:43:58.097  1421  2913 D CompatibilityChangeReporter: Compat change id reported: 218533173; UID 10268; state: DISABLED
11-02 00:43:58.100  1421  1421 I Telecom : DefaultDialerCache: Refreshing default dialer for user 0: now com.google.android.dialer: DDC.oR@AyY
11-02 00:43:58.103  1421  1421 V BackupManagerConstants: getFullBackupIntervalMilliseconds(...) returns 86400000
11-02 00:43:58.103  1421  1421 V BackupManagerConstants: getFullBackupRequiredNetworkType(...) returns 2
11-02 00:43:58.103  1421  1421 V BackupManagerConstants: getFullBackupRequireCharging(...) returns true
11-02 00:43:58.113  1421  1656 W WindowMagnificationMgr: requestConnection duplicated request: connect=false, mConnectionState=DISCONNECTED
11-02 00:43:58.133  1421  8260 W BroadcastQueue: u0 Receiving a broadcast in packagecom.jr.narutoii requires a permissions review
11-02 00:43:58.133  1421  8260 W BroadcastQueue: Skipping delivery: permission review required for Intent { act=android.intent.action.PACKAGE_ADDED dat=package: flg=0x4000010 (has extras) } from null (pid=1421, uid=1000) to com.jr.narutoii/com.joyriver.engine.proxy.EngineReceiver
11-02 00:43:58.140  1421  1658 W BroadcastQueue: u0 Receiving a broadcast in packagecom.android.buyer requires a permissions review
11-02 00:43:58.140  1421  1658 W BroadcastQueue: Skipping delivery: permission review required for Intent { act=android.intent.action.PACKAGE_ADDED dat=package: flg=0x4000010 (has extras) } from null (pid=1421, uid=1000) to com.android.buyer/.mRve
11-02 00:43:58.140  1421  1658 W BroadcastQueue: Background execution not allowed: receiving Intent { act=android.intent.action.PACKAGE_ADDED dat=package: flg=0x4000010 (has extras) } to com.google.android.packageinstaller/com.android.packageinstaller.PackageInstalledReceiver
11-02 00:43:58.140  1421  1658 W BroadcastQueue: Background execution not allowed: receiving Intent { act=android.intent.action.PACKAGE_ADDED dat=package: flg=0x4000010 (has extras) } to com.trendmicro.tmmspersonal/com.trendmicro.android.base.util.PackageListReceiver
11-02 00:43:58.140  1421  1658 W BroadcastQueue: Background execution not allowed: receiving Intent { act=android.intent.action.PACKAGE_ADDED dat=package: flg=0x4000010 (has extras) } to com.android.vending/com.google.android.finsky.packagemonitor.impl.PackageMonitorReceiverImpl$RegisteredReceiver
11-02 00:43:58.142  1421  1658 W BroadcastQueue: Background execution not allowed: receiving Intent { act=android.intent.action.PACKAGE_ADDED dat=package: flg=0x4000010 (has extras) } to com.android.vending/com.google.android.finsky.packagemonitor.backgroundimpl.BackgroundPackageMonitorReceiverImpl$RegisteredReceiver
11-02 00:43:58.142  1421  1658 W BroadcastQueue: Background execution not allowed: receiving Intent { act=android.intent.action.PACKAGE_ADDED dat=package: flg=0x4000010 (has extras) } to com.google.android.gms/.games.chimera.GamesSystemBroadcastReceiverProxy
11-02 00:43:58.142  1421  1658 W BroadcastQueue: Background execution not allowed: receiving Intent { act=android.intent.action.PACKAGE_ADDED dat=package: flg=0x4000010 (has extras) } to com.google.android.gms/.gass.chimera.PackageChangeBroadcastReceiver
11-02 00:43:58.142  1421  1658 W BroadcastQueue: Background execution not allowed: receiving Intent { act=android.intent.action.PACKAGE_ADDED dat=package: flg=0x4000010 (has extras) } to com.google.android.gms/.chimera.GmsIntentOperationService$PersistentTrustedReceiver
11-02 00:43:58.142  1421  1658 W BroadcastQueue: Background execution not allowed: receiving Intent { act=android.intent.action.PACKAGE_ADDED dat=package: flg=0x4000010 (has extras) } to com.google.android.googlequicksearchbox/com.google.android.apps.gsa.googlequicksearchbox.GelStubAppWatcher
11-02 00:43:58.142  1421  1658 W BroadcastQueue: u0 Receiving a broadcast in packagecom.cncd.japan.janli.shudu requires a permissions review
11-02 00:43:58.142  1421  1658 W BroadcastQueue: Skipping delivery: permission review required for Intent { act=android.intent.action.PACKAGE_ADDED dat=package: flg=0x4000010 (has extras) } from null (pid=1421, uid=1000) to com.cncd.japan.janli.shudu/net.l.k.r
11-02 00:43:58.142  1421  1658 W BroadcastQueue: u0 Receiving a broadcast in packagecom.cncd.japan.janli.shudu requires a permissions review
11-02 00:43:58.142  1421  1658 W BroadcastQueue: Skipping delivery: permission review required for Intent { act=android.intent.action.PACKAGE_ADDED dat=package: flg=0x4000010 (has extras) } from null (pid=1421, uid=1000) to com.cncd.japan.janli.shudu/com.feiwofour.coverscreen.SR
11-02 00:43:58.142  1421  1658 W BroadcastQueue: u0 Receiving a broadcast in packagecom.games.mengmeizhitd requires a permissions review
11-02 00:43:58.142  1421  1658 W BroadcastQueue: Skipping delivery: permission review required for Intent { act=android.intent.action.PACKAGE_ADDED dat=package: flg=0x4000010 (has extras) } from null (pid=1421, uid=1000) to com.games.mengmeizhitd/hjnw.ihjnw.i.isqly
11-02 00:43:58.142  1421  1658 W BroadcastQueue: u0 Receiving a broadcast in packagecom.hgperfko.yaeghrwx requires a permissions review
11-02 00:43:58.142  1421  1658 W BroadcastQueue: Skipping delivery: permission review required for Intent { act=android.intent.action.PACKAGE_ADDED dat=package: flg=0x4000010 (has extras) } from null (pid=1421, uid=1000) to com.hgperfko.yaeghrwx/.core.hLytdCQDBv
11-02 00:43:58.142  1421  1658 W BroadcastQueue: u0 Receiving a broadcast in packagecom.qiuqiu.dfmc requires a permissions review
11-02 00:43:58.142  1421  1658 W BroadcastQueue: Skipping delivery: permission review required for Intent { act=android.intent.action.PACKAGE_ADDED dat=package: flg=0x4000010 (has extras) } from null (pid=1421, uid=1000) to com.qiuqiu.dfmc/cn.jpush.android.service.PushReceiver
11-02 00:43:58.142  1421  1658 W BroadcastQueue: u0 Receiving a broadcast in packagecom.safesys.viruskiller requires a permissions review
11-02 00:43:58.142  1421  1658 W BroadcastQueue: Skipping delivery: permission review required for Intent { act=android.intent.action.PACKAGE_ADDED dat=package: flg=0x4000010 (has extras) } from null (pid=1421, uid=1000) to com.safesys.viruskiller/.ScanPackageBroadcast
11-02 00:43:58.143  1421  1658 W BroadcastQueue: u0 Receiving a broadcast in packagecom.uc108.mobile.sdgj.bd1 requires a permissions review
11-02 00:43:58.143  1421  1658 W BroadcastQueue: Skipping delivery: permission review required for Intent { act=android.intent.action.PACKAGE_ADDED dat=package: flg=0x4000010 (has extras) } from null (pid=1421, uid=1000) to com.uc108.mobile.sdgj.bd1/com.baidu.tiebasdk.service.InstallReceiver
11-02 00:43:58.143  1421  1658 W BroadcastQueue: u0 Receiving a broadcast in packagecom.voicebianshengjinglingwc.wxl requires a permissions review
11-02 00:43:58.143  1421  1658 W BroadcastQueue: Skipping delivery: permission review required for Intent { act=android.intent.action.PACKAGE_ADDED dat=package: flg=0x4000010 (has extras) } from null (pid=1421, uid=1000) to com.voicebianshengjinglingwc.wxl/mp.ruu.Ztjjwrj
11-02 00:43:58.143  1421  1658 W BroadcastQueue: u0 Receiving a broadcast in packagecom.yoojar.zlsg.baidu requires a permissions review
11-02 00:43:58.143  1421  1658 W BroadcastQueue: Skipping delivery: permission review required for Intent { act=android.intent.action.PACKAGE_ADDED dat=package: flg=0x4000010 (has extras) } from null (pid=1421, uid=1000) to com.yoojar.zlsg.baidu/com.duoku.platform.download.broadcast.AppMonitorReceiver
11-02 00:43:58.143  1421  1658 W BroadcastQueue: u0 Receiving a broadcast in packageio.dcloud.H5BC6BF13 requires a permissions review
11-02 00:43:58.143  1421  1658 W BroadcastQueue: Skipping delivery: permission review required for Intent { act=android.intent.action.PACKAGE_ADDED dat=package: flg=0x4000010 (has extras) } from null (pid=1421, uid=1000) to io.dcloud.H5BC6BF13/io.dcloud.common.adapter.io.DownloadReceiver
11-02 00:43:58.147  1421  1656 W PackageManager: Failed registering loading progress callback. Package is fully loaded.
11-02 00:43:58.148  1421  1763 E VerityUtils: Failed to measure fs-verity, errno 1: /data/app/~~Ly7_AvVyGZlLsAYnJ0pGSw==/com.sqjuuzpr.ryxjuzs-Ny5p61nIcEioXLeHGi4O6A==/base.apk
11-02 00:43:58.172  1421  1421 I Telecom : DefaultDialerCache: Refreshing default dialer for user 0: now com.google.android.dialer: DDC.oR@Ayc
11-02 00:43:58.178  1421  1421 I NotificationService: Cannot find enqueued record for key: 0|com.google.android.apps.wellbeing|174344743|null|10121
11-02 00:43:58.184  1421  1971 D CompatibilityChangeReporter: Compat change id reported: 161252188; UID 10268; state: DISABLED
11-02 00:43:58.187  1421  1656 W WindowMagnificationMgr: requestConnection duplicated request: connect=false, mConnectionState=DISCONNECTED
11-02 00:43:58.223  1421  4157 W BackupTransportManager: Package com.sqjuuzpr.ryxjuzs enabled setting: 0
11-02 00:43:58.282  1421  5424 W BroadcastQueue: u0 Receiving a broadcast in packagecom.yoojar.zlsg.baidu requires a permissions review
11-02 00:43:58.282  1421  5424 W BroadcastQueue: Skipping delivery: permission review required for Intent { act=android.intent.action.PACKAGE_CHANGED dat=package: flg=0x5000010 (has extras) } from null (pid=1421, uid=1000) to com.yoojar.zlsg.baidu/com.duoku.platform.download.broadcast.AppMonitorReceiver
11-02 00:43:58.364  1421  1767 E PackageManager: ERROR: could not load root hash from incremental install
11-02 00:43:58.393  1421  1767 I PackageManager: Integrity check passed for file:///data/app/vmdl924338669.tmp
11-02 00:43:58.470  1421  1643 V StorageManagerService: Package null has legacy storage
11-02 00:43:58.491  1421  5486 I ActivityTaskManager: START u0 {flg=0x14800000 cmp=com.trendmicro.tmmspersonal/com.trendmicro.tmmssuite.antimalware.scan.RealtimeAlert (has extras)} from uid 10194
11-02 00:43:58.505  1421  8796 W ActivityTaskManager: Tried to set launchTime (0) < mLastActivityLaunchTime (733666)
11-02 00:43:58.529  1421  2982 D CoreBackPreview: Window{88ab9f3 u0 com.trendmicro.tmmspersonal/com.trendmicro.tmmssuite.antimalware.scan.RealtimeAlert}: Setting back callback OnBackInvokedCallbackInfo{mCallback=android.window.IOnBackInvokedCallback$Stub$Proxy@a648929, mPriority=0}
11-02 00:43:58.593  1421  5486 D CoreBackPreview: Window{e2516d4 u0 com.trendmicro.tmmspersonal/com.trendmicro.tmmssuite.antimalware.scan.RealtimeAlert}: Setting back callback null
11-02 00:43:58.730  1421  2982 W AppOps  : setUidMode() called with a mode inconsistent with runtime permission state, this is discouraged and you should revoke the runtime permission instead: uid=10124, switchCode=0, mode=4, permission=android.permission.ACCESS_BACKGROUND_LOCATION
11-02 00:43:58.804  1421  2982 W AppOps  : setUidMode() called with a mode inconsistent with runtime permission state, this is discouraged and you should revoke the runtime permission instead: uid=10124, switchCode=1, mode=4, permission=android.permission.ACCESS_BACKGROUND_LOCATION
11-02 00:43:58.806  1421  2982 W AppOps  : setUidMode() called with a mode inconsistent with runtime permission state, this is discouraged and you should revoke the runtime permission instead: uid=10124, switchCode=0, mode=4, permission=android.permission.ACCESS_BACKGROUND_LOCATION
11-02 00:43:59.028  1421  1767 V BackupManagerService: [UserID:0] restoreAtInstall pkg=slam.cross.educate token=4e restoreSet=0
11-02 00:43:59.028  1421  1767 V BackupManagerService: [UserID:0] Finishing install immediately
11-02 00:43:59.032  1421  1767 D PackageInstallerSession: Marking session 924338669 as applied
11-02 00:43:59.036  1421  1767 D CompatibilityChangeReporter: Compat change id reported: 168419799; UID 10269; state: DISABLED
11-02 00:43:59.036  1421  1767 D CompatibilityChangeReporter: Compat change id reported: 273564678; UID 10269; state: DISABLED
11-02 00:43:59.041  1421  2913 D CompatibilityChangeReporter: Compat change id reported: 218533173; UID 10269; state: DISABLED
11-02 00:43:59.057  1421  1421 I Telecom : DefaultDialerCache: Refreshing default dialer for user 0: now com.google.android.dialer: DDC.oR@Ayw
11-02 00:43:59.060  1421  1421 V BackupManagerConstants: getFullBackupIntervalMilliseconds(...) returns 86400000
11-02 00:43:59.060  1421  1421 V BackupManagerConstants: getFullBackupRequiredNetworkType(...) returns 2
11-02 00:43:59.060  1421  1421 V BackupManagerConstants: getFullBackupRequireCharging(...) returns true
11-02 00:43:59.064  1421  1970 W BroadcastQueue: u0 Receiving a broadcast in packagecom.jr.narutoii requires a permissions review
11-02 00:43:59.065  1421  1970 W BroadcastQueue: Skipping delivery: permission review required for Intent { act=android.intent.action.PACKAGE_ADDED dat=package: flg=0x4000010 (has extras) } from null (pid=1421, uid=1000) to com.jr.narutoii/com.joyriver.engine.proxy.EngineReceiver
11-02 00:43:59.069  1421  1658 W BroadcastQueue: u0 Receiving a broadcast in packagecom.android.buyer requires a permissions review
11-02 00:43:59.069  1421  1658 W BroadcastQueue: Skipping delivery: permission review required for Intent { act=android.intent.action.PACKAGE_ADDED dat=package: flg=0x4000010 (has extras) } from null (pid=1421, uid=1000) to com.android.buyer/.mRve
11-02 00:43:59.069  1421  1658 W BroadcastQueue: Background execution not allowed: receiving Intent { act=android.intent.action.PACKAGE_ADDED dat=package: flg=0x4000010 (has extras) } to com.google.android.packageinstaller/com.android.packageinstaller.PackageInstalledReceiver
11-02 00:43:59.069  1421  1658 W BroadcastQueue: Background execution not allowed: receiving Intent { act=android.intent.action.PACKAGE_ADDED dat=package: flg=0x4000010 (has extras) } to com.trendmicro.tmmspersonal/com.trendmicro.android.base.util.PackageListReceiver
11-02 00:43:59.069  1421  1658 W BroadcastQueue: Background execution not allowed: receiving Intent { act=android.intent.action.PACKAGE_ADDED dat=package: flg=0x4000010 (has extras) } to com.android.vending/com.google.android.finsky.packagemonitor.impl.PackageMonitorReceiverImpl$RegisteredReceiver
11-02 00:43:59.069  1421  1658 W BroadcastQueue: Background execution not allowed: receiving Intent { act=android.intent.action.PACKAGE_ADDED dat=package: flg=0x4000010 (has extras) } to com.android.vending/com.google.android.finsky.packagemonitor.backgroundimpl.BackgroundPackageMonitorReceiverImpl$RegisteredReceiver
11-02 00:43:59.069  1421  1658 W BroadcastQueue: Background execution not allowed: receiving Intent { act=android.intent.action.PACKAGE_ADDED dat=package: flg=0x4000010 (has extras) } to com.google.android.gms/.games.chimera.GamesSystemBroadcastReceiverProxy
11-02 00:43:59.069  1421  1658 W BroadcastQueue: Background execution not allowed: receiving Intent { act=android.intent.action.PACKAGE_ADDED dat=package: flg=0x4000010 (has extras) } to com.google.android.gms/.gass.chimera.PackageChangeBroadcastReceiver
11-02 00:43:59.069  1421  1658 W BroadcastQueue: Background execution not allowed: receiving Intent { act=android.intent.action.PACKAGE_ADDED dat=package: flg=0x4000010 (has extras) } to com.google.android.gms/.chimera.GmsIntentOperationService$PersistentTrustedReceiver
11-02 00:43:59.069  1421  1658 W BroadcastQueue: Background execution not allowed: receiving Intent { act=android.intent.action.PACKAGE_ADDED dat=package: flg=0x4000010 (has extras) } to com.google.android.googlequicksearchbox/com.google.android.apps.gsa.googlequicksearchbox.GelStubAppWatcher
11-02 00:43:59.069  1421  1658 W BroadcastQueue: u0 Receiving a broadcast in packagecom.cncd.japan.janli.shudu requires a permissions review
11-02 00:43:59.069  1421  1658 W BroadcastQueue: Skipping delivery: permission review required for Intent { act=android.intent.action.PACKAGE_ADDED dat=package: flg=0x4000010 (has extras) } from null (pid=1421, uid=1000) to com.cncd.japan.janli.shudu/net.l.k.r
11-02 00:43:59.069  1421  1658 W BroadcastQueue: u0 Receiving a broadcast in packagecom.cncd.japan.janli.shudu requires a permissions review
11-02 00:43:59.069  1421  1658 W BroadcastQueue: Skipping delivery: permission review required for Intent { act=android.intent.action.PACKAGE_ADDED dat=package: flg=0x4000010 (has extras) } from null (pid=1421, uid=1000) to com.cncd.japan.janli.shudu/com.feiwofour.coverscreen.SR
11-02 00:43:59.069  1421  1658 W BroadcastQueue: u0 Receiving a broadcast in packagecom.games.mengmeizhitd requires a permissions review
11-02 00:43:59.069  1421  1658 W BroadcastQueue: Skipping delivery: permission review required for Intent { act=android.intent.action.PACKAGE_ADDED dat=package: flg=0x4000010 (has extras) } from null (pid=1421, uid=1000) to com.games.mengmeizhitd/hjnw.ihjnw.i.isqly
11-02 00:43:59.069  1421  1658 W BroadcastQueue: u0 Receiving a broadcast in packagecom.hgperfko.yaeghrwx requires a permissions review
11-02 00:43:59.069  1421  1658 W BroadcastQueue: Skipping delivery: permission review required for Intent { act=android.intent.action.PACKAGE_ADDED dat=package: flg=0x4000010 (has extras) } from null (pid=1421, uid=1000) to com.hgperfko.yaeghrwx/.core.hLytdCQDBv
11-02 00:43:59.069  1421  1658 W BroadcastQueue: u0 Receiving a broadcast in packagecom.qiuqiu.dfmc requires a permissions review
11-02 00:43:59.069  1421  1658 W BroadcastQueue: Skipping delivery: permission review required for Intent { act=android.intent.action.PACKAGE_ADDED dat=package: flg=0x4000010 (has extras) } from null (pid=1421, uid=1000) to com.qiuqiu.dfmc/cn.jpush.android.service.PushReceiver
11-02 00:43:59.069  1421  1658 W BroadcastQueue: u0 Receiving a broadcast in packagecom.safesys.viruskiller requires a permissions review
11-02 00:43:59.069  1421  1658 W BroadcastQueue: Skipping delivery: permission review required for Intent { act=android.intent.action.PACKAGE_ADDED dat=package: flg=0x4000010 (has extras) } from null (pid=1421, uid=1000) to com.safesys.viruskiller/.ScanPackageBroadcast
11-02 00:43:59.069  1421  1658 W BroadcastQueue: u0 Receiving a broadcast in packagecom.uc108.mobile.sdgj.bd1 requires a permissions review
11-02 00:43:59.069  1421  1658 W BroadcastQueue: Skipping delivery: permission review required for Intent { act=android.intent.action.PACKAGE_ADDED dat=package: flg=0x4000010 (has extras) } from null (pid=1421, uid=1000) to com.uc108.mobile.sdgj.bd1/com.baidu.tiebasdk.service.InstallReceiver
11-02 00:43:59.069  1421  1658 W BroadcastQueue: u0 Receiving a broadcast in packagecom.voicebianshengjinglingwc.wxl requires a permissions review
11-02 00:43:59.069  1421  1658 W BroadcastQueue: Skipping delivery: permission review required for Intent { act=android.intent.action.PACKAGE_ADDED dat=package: flg=0x4000010 (has extras) } from null (pid=1421, uid=1000) to com.voicebianshengjinglingwc.wxl/mp.ruu.Ztjjwrj
11-02 00:43:59.069  1421  1658 W BroadcastQueue: u0 Receiving a broadcast in packagecom.yoojar.zlsg.baidu requires a permissions review
11-02 00:43:59.069  1421  1658 W BroadcastQueue: Skipping delivery: permission review required for Intent { act=android.intent.action.PACKAGE_ADDED dat=package: flg=0x4000010 (has extras) } from null (pid=1421, uid=1000) to com.yoojar.zlsg.baidu/com.duoku.platform.download.broadcast.AppMonitorReceiver
11-02 00:43:59.069  1421  1658 W BroadcastQueue: u0 Receiving a broadcast in packageio.dcloud.H5BC6BF13 requires a permissions review
11-02 00:43:59.069  1421  1658 W BroadcastQueue: Skipping delivery: permission review required for Intent { act=android.intent.action.PACKAGE_ADDED dat=package: flg=0x4000010 (has extras) } from null (pid=1421, uid=1000) to io.dcloud.H5BC6BF13/io.dcloud.common.adapter.io.DownloadReceiver
11-02 00:43:59.101  1421  1763 E VerityUtils: Failed to measure fs-verity, errno 1: /data/app/~~-0rctZXMJZ-vMgo1msRqMw==/slam.cross.educate-HxTI7zAODvPV_rQSCqe9RQ==/base.apk
11-02 00:43:59.110  1421  1421 I Telecom : DefaultDialerCache: Refreshing default dialer for user 0: now com.google.android.dialer: DDC.oR@Ay0
11-02 00:43:59.118  1421  1656 W WindowMagnificationMgr: requestConnection duplicated request: connect=false, mConnectionState=DISCONNECTED
11-02 00:43:59.146  1421  5139 D CompatibilityChangeReporter: Compat change id reported: 161252188; UID 10269; state: DISABLED
11-02 00:43:59.154  1421  4157 W BackupTransportManager: Package slam.cross.educate enabled setting: 0
11-02 00:43:59.183  1421  1656 W PackageManager: Failed registering loading progress callback. Package is fully loaded.
11-02 00:43:59.193  1421  1656 W WindowMagnificationMgr: requestConnection duplicated request: connect=false, mConnectionState=DISCONNECTED
11-02 00:43:59.215  1421  7017 W BroadcastQueue: u0 Receiving a broadcast in packagecom.yoojar.zlsg.baidu requires a permissions review
11-02 00:43:59.215  1421  7017 W BroadcastQueue: Skipping delivery: permission review required for Intent { act=android.intent.action.PACKAGE_CHANGED dat=package: flg=0x5000010 (has extras) } from null (pid=1421, uid=1000) to com.yoojar.zlsg.baidu/com.duoku.platform.download.broadcast.AppMonitorReceiver
11-02 00:43:59.452  1421  1767 E PackageManager: ERROR: could not load root hash from incremental install
11-02 00:43:59.464  1421  1767 I PackageManager: Integrity check passed for file:///data/app/vmdl584166452.tmp
11-02 00:43:59.536  1421  1643 V StorageManagerService: Package null has legacy storage
11-02 00:43:59.540  1421  1767 V BackupManagerService: [UserID:0] restoreAtInstall pkg=ermmmug.hxkkytzb.bvbfc token=4f restoreSet=0
11-02 00:43:59.540  1421  1767 V BackupManagerService: [UserID:0] Finishing install immediately
11-02 00:43:59.542  1421  1767 D PackageInstallerSession: Marking session 584166452 as applied
11-02 00:43:59.547  1421  1767 D CompatibilityChangeReporter: Compat change id reported: 168419799; UID 10270; state: DISABLED
11-02 00:43:59.547  1421  1767 D CompatibilityChangeReporter: Compat change id reported: 273564678; UID 10270; state: DISABLED
11-02 00:43:59.555  1421  2913 D CompatibilityChangeReporter: Compat change id reported: 218533173; UID 10270; state: DISABLED
11-02 00:43:59.560  1421  1421 I Telecom : DefaultDialerCache: Refreshing default dialer for user 0: now com.google.android.dialer: DDC.oR@AzA
11-02 00:43:59.562  1421  5424 W BroadcastQueue: u0 Receiving a broadcast in packagecom.jr.narutoii requires a permissions review
11-02 00:43:59.562  1421  5424 W BroadcastQueue: Skipping delivery: permission review required for Intent { act=android.intent.action.PACKAGE_ADDED dat=package: flg=0x4000010 (has extras) } from null (pid=1421, uid=1000) to com.jr.narutoii/com.joyriver.engine.proxy.EngineReceiver
11-02 00:43:59.570  1421  1658 W BroadcastQueue: u0 Receiving a broadcast in packagecom.android.buyer requires a permissions review
11-02 00:43:59.570  1421  1658 W BroadcastQueue: Skipping delivery: permission review required for Intent { act=android.intent.action.PACKAGE_ADDED dat=package: flg=0x4000010 (has extras) } from null (pid=1421, uid=1000) to com.android.buyer/.mRve
11-02 00:43:59.570  1421  1658 W BroadcastQueue: Background execution not allowed: receiving Intent { act=android.intent.action.PACKAGE_ADDED dat=package: flg=0x4000010 (has extras) } to com.google.android.packageinstaller/com.android.packageinstaller.PackageInstalledReceiver
11-02 00:43:59.571  1421  1658 W BroadcastQueue: Background execution not allowed: receiving Intent { act=android.intent.action.PACKAGE_ADDED dat=package: flg=0x4000010 (has extras) } to com.trendmicro.tmmspersonal/com.trendmicro.android.base.util.PackageListReceiver
11-02 00:43:59.571  1421  1658 W BroadcastQueue: Background execution not allowed: receiving Intent { act=android.intent.action.PACKAGE_ADDED dat=package: flg=0x4000010 (has extras) } to com.android.vending/com.google.android.finsky.packagemonitor.impl.PackageMonitorReceiverImpl$RegisteredReceiver
11-02 00:43:59.571  1421  1658 W BroadcastQueue: Background execution not allowed: receiving Intent { act=android.intent.action.PACKAGE_ADDED dat=package: flg=0x4000010 (has extras) } to com.android.vending/com.google.android.finsky.packagemonitor.backgroundimpl.BackgroundPackageMonitorReceiverImpl$RegisteredReceiver
11-02 00:43:59.571  1421  1658 W BroadcastQueue: Background execution not allowed: receiving Intent { act=android.intent.action.PACKAGE_ADDED dat=package: flg=0x4000010 (has extras) } to com.google.android.gms/.games.chimera.GamesSystemBroadcastReceiverProxy
11-02 00:43:59.571  1421  1658 W BroadcastQueue: Background execution not allowed: receiving Intent { act=android.intent.action.PACKAGE_ADDED dat=package: flg=0x4000010 (has extras) } to com.google.android.gms/.gass.chimera.PackageChangeBroadcastReceiver
11-02 00:43:59.571  1421  1658 W BroadcastQueue: Background execution not allowed: receiving Intent { act=android.intent.action.PACKAGE_ADDED dat=package: flg=0x4000010 (has extras) } to com.google.android.gms/.chimera.GmsIntentOperationService$PersistentTrustedReceiver
11-02 00:43:59.571  1421  1658 W BroadcastQueue: Background execution not allowed: receiving Intent { act=android.intent.action.PACKAGE_ADDED dat=package: flg=0x4000010 (has extras) } to com.google.android.googlequicksearchbox/com.google.android.apps.gsa.googlequicksearchbox.GelStubAppWatcher
11-02 00:43:59.571  1421  1658 W BroadcastQueue: u0 Receiving a broadcast in packagecom.cncd.japan.janli.shudu requires a permissions review
11-02 00:43:59.571  1421  1658 W BroadcastQueue: Skipping delivery: permission review required for Intent { act=android.intent.action.PACKAGE_ADDED dat=package: flg=0x4000010 (has extras) } from null (pid=1421, uid=1000) to com.cncd.japan.janli.shudu/net.l.k.r
11-02 00:43:59.571  1421  1658 W BroadcastQueue: u0 Receiving a broadcast in packagecom.cncd.japan.janli.shudu requires a permissions review
11-02 00:43:59.571  1421  1658 W BroadcastQueue: Skipping delivery: permission review required for Intent { act=android.intent.action.PACKAGE_ADDED dat=package: flg=0x4000010 (has extras) } from null (pid=1421, uid=1000) to com.cncd.japan.janli.shudu/com.feiwofour.coverscreen.SR
11-02 00:43:59.571  1421  1658 W BroadcastQueue: u0 Receiving a broadcast in packagecom.games.mengmeizhitd requires a permissions review
11-02 00:43:59.571  1421  1658 W BroadcastQueue: Skipping delivery: permission review required for Intent { act=android.intent.action.PACKAGE_ADDED dat=package: flg=0x4000010 (has extras) } from null (pid=1421, uid=1000) to com.games.mengmeizhitd/hjnw.ihjnw.i.isqly
11-02 00:43:59.571  1421  1658 W BroadcastQueue: u0 Receiving a broadcast in packagecom.hgperfko.yaeghrwx requires a permissions review
11-02 00:43:59.571  1421  1658 W BroadcastQueue: Skipping delivery: permission review required for Intent { act=android.intent.action.PACKAGE_ADDED dat=package: flg=0x4000010 (has extras) } from null (pid=1421, uid=1000) to com.hgperfko.yaeghrwx/.core.hLytdCQDBv
11-02 00:43:59.571  1421  1658 W BroadcastQueue: u0 Receiving a broadcast in packagecom.qiuqiu.dfmc requires a permissions review
11-02 00:43:59.571  1421  1658 W BroadcastQueue: Skipping delivery: permission review required for Intent { act=android.intent.action.PACKAGE_ADDED dat=package: flg=0x4000010 (has extras) } from null (pid=1421, uid=1000) to com.qiuqiu.dfmc/cn.jpush.android.service.PushReceiver
11-02 00:43:59.571  1421  1658 W BroadcastQueue: u0 Receiving a broadcast in packagecom.safesys.viruskiller requires a permissions review
11-02 00:43:59.571  1421  1658 W BroadcastQueue: Skipping delivery: permission review required for Intent { act=android.intent.action.PACKAGE_ADDED dat=package: flg=0x4000010 (has extras) } from null (pid=1421, uid=1000) to com.safesys.viruskiller/.ScanPackageBroadcast
11-02 00:43:59.571  1421  1658 W BroadcastQueue: u0 Receiving a broadcast in packagecom.uc108.mobile.sdgj.bd1 requires a permissions review
11-02 00:43:59.571  1421  1658 W BroadcastQueue: Skipping delivery: permission review required for Intent { act=android.intent.action.PACKAGE_ADDED dat=package: flg=0x4000010 (has extras) } from null (pid=1421, uid=1000) to com.uc108.mobile.sdgj.bd1/com.baidu.tiebasdk.service.InstallReceiver
11-02 00:43:59.571  1421  1658 W BroadcastQueue: u0 Receiving a broadcast in packagecom.voicebianshengjinglingwc.wxl requires a permissions review
11-02 00:43:59.571  1421  1658 W BroadcastQueue: Skipping delivery: permission review required for Intent { act=android.intent.action.PACKAGE_ADDED dat=package: flg=0x4000010 (has extras) } from null (pid=1421, uid=1000) to com.voicebianshengjinglingwc.wxl/mp.ruu.Ztjjwrj
11-02 00:43:59.571  1421  1658 W BroadcastQueue: u0 Receiving a broadcast in packagecom.yoojar.zlsg.baidu requires a permissions review
11-02 00:43:59.571  1421  1658 W BroadcastQueue: Skipping delivery: permission review required for Intent { act=android.intent.action.PACKAGE_ADDED dat=package: flg=0x4000010 (has extras) } from null (pid=1421, uid=1000) to com.yoojar.zlsg.baidu/com.duoku.platform.download.broadcast.AppMonitorReceiver
11-02 00:43:59.571  1421  1658 W BroadcastQueue: u0 Receiving a broadcast in packageio.dcloud.H5BC6BF13 requires a permissions review
11-02 00:43:59.571  1421  1658 W BroadcastQueue: Skipping delivery: permission review required for Intent { act=android.intent.action.PACKAGE_ADDED dat=package: flg=0x4000010 (has extras) } from null (pid=1421, uid=1000) to io.dcloud.H5BC6BF13/io.dcloud.common.adapter.io.DownloadReceiver
11-02 00:43:59.590  1421  1421 I Telecom : DefaultDialerCache: Refreshing default dialer for user 0: now com.google.android.dialer: DDC.oR@AzE
