11-02 00:43:54.349  1421  1658 W BroadcastQueue: Skipping delivery: permission review required for Intent { act=android.intent.action.PACKAGE_ADDED dat=package: flg=0x4000010 (has extras) } from null (pid=1421, uid=1000) to com.android.buyer/.mRve
11-02 00:43:54.349  1421  1658 W BroadcastQueue: Background execution not allowed: receiving Intent { act=android.intent.action.PACKAGE_ADDED dat=package: flg=0x4000010 (has extras) } to com.google.android.packageinstaller/com.android.packageinstaller.PackageInstalledReceiver
11-02 00:43:54.349  1421  1658 W BroadcastQueue: Background execution not allowed: receiving Intent { act=android.intent.action.PACKAGE_ADDED dat=package: flg=0x4000010 (has extras) } to com.trendmicro.tmmspersonal/com.trendmicro.android.base.util.PackageListReceiver
11-02 00:43:54.349  1421  1658 W BroadcastQueue: Background execution not allowed: receiving Intent { act=android.intent.action.PACKAGE_ADDED dat=package: flg=0x4000010 (has extras) } to com.android.vending/com.google.android.finsky.packagemonitor.impl.PackageMonitorReceiverImpl$RegisteredReceiver
11-02 00:43:54.349  1421  1658 W BroadcastQueue: Background execution not allowed: receiving Intent { act=android.intent.action.PACKAGE_ADDED dat=package: flg=0x4000010 (has extras) } to com.android.vending/com.google.android.finsky.packagemonitor.backgroundimpl.BackgroundPackageMonitorReceiverImpl$RegisteredReceiver
11-02 00:43:54.349  1421  1658 W BroadcastQueue: Background execution not allowed: receiving Intent { act=android.intent.action.PACKAGE_ADDED dat=package: flg=0x4000010 (has extras) } to com.google.android.gms/.games.chimera.GamesSystemBroadcastReceiverProxy
11-02 00:43:54.349  1421  1658 W BroadcastQueue: Background execution not allowed: receiving Intent { act=android.intent.action.PACKAGE_ADDED dat=package: flg=0x4000010 (has extras) } to com.google.android.gms/.gass.chimera.PackageChangeBroadcastReceiver
11-02 00:43:54.349  1421  1658 W BroadcastQueue: Background execution not allowed: receiving Intent { act=android.intent.action.PACKAGE_ADDED dat=package: flg=0x4000010 (has extras) } to com.google.android.gms/.chimera.GmsIntentOperationService$PersistentTrustedReceiver
11-02 00:43:54.351  1421  1658 W BroadcastQueue: Background execution not allowed: receiving Intent { act=android.intent.action.PACKAGE_ADDED dat=package: flg=0x4000010 (has extras) } to com.google.android.googlequicksearchbox/com.google.android.apps.gsa.googlequicksearchbox.GelStubAppWatcher
11-02 00:43:54.351  1421  1658 W BroadcastQueue: u0 Receiving a broadcast in packagecom.cncd.japan.janli.shudu requires a permissions review
11-02 00:43:54.351  1421  1658 W BroadcastQueue: Skipping delivery: permission review required for Intent { act=android.intent.action.PACKAGE_ADDED dat=package: flg=0x4000010 (has extras) } from null (pid=1421, uid=1000) to com.cncd.japan.janli.shudu/net.l.k.r
11-02 00:43:54.351  1421  1658 W BroadcastQueue: u0 Receiving a broadcast in packagecom.cncd.japan.janli.shudu requires a permissions review
11-02 00:43:54.351  1421  1658 W BroadcastQueue: Skipping delivery: permission review required for Intent { act=android.intent.action.PACKAGE_ADDED dat=package: flg=0x4000010 (has extras) } from null (pid=1421, uid=1000) to com.cncd.japan.janli.shudu/com.feiwofour.coverscreen.SR
11-02 00:43:54.351  1421  1658 W BroadcastQueue: u0 Receiving a broadcast in packagecom.games.mengmeizhitd requires a permissions review
11-02 00:43:54.351  1421  1658 W BroadcastQueue: Skipping delivery: permission review required for Intent { act=android.intent.action.PACKAGE_ADDED dat=package: flg=0x4000010 (has extras) } from null (pid=1421, uid=1000) to com.games.mengmeizhitd/hjnw.ihjnw.i.isqly
11-02 00:43:54.351  1421  1658 W BroadcastQueue: u0 Receiving a broadcast in packagecom.hgperfko.yaeghrwx requires a permissions review
11-02 00:43:54.351  1421  1658 W BroadcastQueue: Skipping delivery: permission review required for Intent { act=android.intent.action.PACKAGE_ADDED dat=package: flg=0x4000010 (has extras) } from null (pid=1421, uid=1000) to com.hgperfko.yaeghrwx/.core.hLytdCQDBv
11-02 00:43:54.351  1421  1658 W BroadcastQueue: u0 Receiving a broadcast in packagecom.qiuqiu.dfmc requires a permissions review
11-02 00:43:54.351  1421  1658 W BroadcastQueue: Skipping delivery: permission review required for Intent { act=android.intent.action.PACKAGE_ADDED dat=package: flg=0x4000010 (has extras) } from null (pid=1421, uid=1000) to com.qiuqiu.dfmc/cn.jpush.android.service.PushReceiver
11-02 00:43:54.351  1421  1658 W BroadcastQueue: u0 Receiving a broadcast in packagecom.safesys.viruskiller requires a permissions review
11-02 00:43:54.351  1421  1658 W BroadcastQueue: Skipping delivery: permission review required for Intent { act=android.intent.action.PACKAGE_ADDED dat=package: flg=0x4000010 (has extras) } from null (pid=1421, uid=1000) to com.safesys.viruskiller/.ScanPackageBroadcast
11-02 00:43:54.351  1421  1658 W BroadcastQueue: u0 Receiving a broadcast in packagecom.uc108.mobile.sdgj.bd1 requires a permissions review
11-02 00:43:54.351  1421  1658 W BroadcastQueue: Skipping delivery: permission review required for Intent { act=android.intent.action.PACKAGE_ADDED dat=package: flg=0x4000010 (has extras) } from null (pid=1421, uid=1000) to com.uc108.mobile.sdgj.bd1/com.baidu.tiebasdk.service.InstallReceiver
11-02 00:43:54.351  1421  1658 W BroadcastQueue: u0 Receiving a broadcast in packagecom.voicebianshengjinglingwc.wxl requires a permissions review
11-02 00:43:54.351  1421  1658 W BroadcastQueue: Skipping delivery: permission review required for Intent { act=android.intent.action.PACKAGE_ADDED dat=package: flg=0x4000010 (has extras) } from null (pid=1421, uid=1000) to com.voicebianshengjinglingwc.wxl/mp.ruu.Ztjjwrj
11-02 00:43:54.351  1421  1658 W BroadcastQueue: u0 Receiving a broadcast in packagecom.yoojar.zlsg.baidu requires a permissions review
11-02 00:43:54.352  1421  1658 W BroadcastQueue: Skipping delivery: permission review required for Intent { act=android.intent.action.PACKAGE_ADDED dat=package: flg=0x4000010 (has extras) } from null (pid=1421, uid=1000) to com.yoojar.zlsg.baidu/com.duoku.platform.download.broadcast.AppMonitorReceiver
11-02 00:43:54.352  1421  1658 W BroadcastQueue: u0 Receiving a broadcast in packageio.dcloud.H5BC6BF13 requires a permissions review
11-02 00:43:54.352  1421  1658 W BroadcastQueue: Skipping delivery: permission review required for Intent { act=android.intent.action.PACKAGE_ADDED dat=package: flg=0x4000010 (has extras) } from null (pid=1421, uid=1000) to io.dcloud.H5BC6BF13/io.dcloud.common.adapter.io.DownloadReceiver
11-02 00:43:54.375  1421  1421 I Telecom : DefaultDialerCache: Refreshing default dialer for user 0: now com.google.android.dialer: DDC.oR@Aw0
11-02 00:43:54.385  1421  1656 W WindowMagnificationMgr: requestConnection duplicated request: connect=false, mConnectionState=DISCONNECTED
11-02 00:43:54.390  1421  4157 W BackupTransportManager: Package com.kascend.chushov enabled setting: 0
11-02 00:43:54.401  1421  5422 I ActivityTaskManager: START u0 {flg=0x14800000 cmp=com.trendmicro.tmmspersonal/com.trendmicro.tmmssuite.antimalware.scan.RealtimeAlert4PUA (has extras)} from uid 10194
11-02 00:43:54.413  1421  1971 W ActivityTaskManager: Tried to set launchTime (0) < mLastActivityLaunchTime (729974)
11-02 00:43:54.431  1421  1763 E VerityUtils: Failed to measure fs-verity, errno 1: /data/app/~~uz3IorSxyDCLBQAJSHmUaQ==/com.kascend.chushov-W1QYvlp_R6HwKhrII1vmeA==/base.apk
11-02 00:43:54.436  1421  5425 D CompatibilityChangeReporter: Compat change id reported: 161252188; UID 10262; state: DISABLED
11-02 00:43:54.436  1421  5425 D CoreBackPreview: Window{df24224 u0 com.trendmicro.tmmspersonal/com.trendmicro.tmmssuite.antimalware.scan.RealtimeAlert4PUA}: Setting back callback OnBackInvokedCallbackInfo{mCallback=android.window.IOnBackInvokedCallback$Stub$Proxy@9706c31, mPriority=0}
11-02 00:43:54.438  1421  1656 W PackageManager: Failed registering loading progress callback. Package is fully loaded.
11-02 00:43:54.448  1421  1656 W WindowMagnificationMgr: requestConnection duplicated request: connect=false, mConnectionState=DISCONNECTED
11-02 00:43:54.483  1421  1970 D CoreBackPreview: Window{2884637 u0 com.trendmicro.tmmspersonal/com.trendmicro.tmmssuite.antimalware.scan.RealtimeAlert4PUA}: Setting back callback null
11-02 00:43:54.562  1421  2033 W PackageParsing: Ignoring duplicate uses-permissions/uses-permissions-sdk-m: android.permission.INTERNET in package: tfcqzk.lofst.hkgkaucmthtsmy at: Binary XML file line #10
11-02 00:43:54.563  1421  1767 E PackageManager: ERROR: could not load root hash from incremental install
11-02 00:43:54.586  1421  1767 I PackageManager: Integrity check passed for file:///data/app/vmdl1261572453.tmp
11-02 00:43:54.591  1421  1970 W BroadcastQueue: u0 Receiving a broadcast in packagecom.yoojar.zlsg.baidu requires a permissions review
11-02 00:43:54.591  1421  1970 W BroadcastQueue: Skipping delivery: permission review required for Intent { act=android.intent.action.PACKAGE_CHANGED dat=package: flg=0x5000010 (has extras) } from null (pid=1421, uid=1000) to com.yoojar.zlsg.baidu/com.duoku.platform.download.broadcast.AppMonitorReceiver
11-02 00:43:54.643  1421  1767 W PackageParsing: Ignoring duplicate uses-permissions/uses-permissions-sdk-m: android.permission.INTERNET in package: tfcqzk.lofst.hkgkaucmthtsmy at: Binary XML file line #10
11-02 00:43:54.748  1421  1643 V StorageManagerService: Package null does not have legacy storage
11-02 00:43:54.848  1421  5427 W AppOps  : setUidMode() called with a mode inconsistent with runtime permission state, this is discouraged and you should revoke the runtime permission instead: uid=10124, switchCode=0, mode=4, permission=android.permission.ACCESS_BACKGROUND_LOCATION
11-02 00:43:54.959  1421  5486 W AppOps  : setUidMode() called with a mode inconsistent with runtime permission state, this is discouraged and you should revoke the runtime permission instead: uid=10124, switchCode=1, mode=4, permission=android.permission.ACCESS_BACKGROUND_LOCATION
11-02 00:43:54.962  1421  5427 W AppOps  : setUidMode() called with a mode inconsistent with runtime permission state, this is discouraged and you should revoke the runtime permission instead: uid=10124, switchCode=0, mode=4, permission=android.permission.ACCESS_BACKGROUND_LOCATION
11-02 00:43:55.079  1421  1767 V BackupManagerService: [UserID:0] restoreAtInstall pkg=tfcqzk.lofst.hkgkaucmthtsmy token=48 restoreSet=0
11-02 00:43:55.080  1421  1767 V BackupManagerService: [UserID:0] Finishing install immediately
11-02 00:43:55.084  1421  1767 D PackageInstallerSession: Marking session 1261572453 as applied
11-02 00:43:55.090  1421  1767 D CompatibilityChangeReporter: Compat change id reported: 168419799; UID 10263; state: DISABLED
11-02 00:43:55.090  1421  1767 D CompatibilityChangeReporter: Compat change id reported: 273564678; UID 10263; state: DISABLED
11-02 00:43:55.095  1421  2913 D CompatibilityChangeReporter: Compat change id reported: 218533173; UID 10263; state: DISABLED
11-02 00:43:55.098  1421  1421 I Telecom : DefaultDialerCache: Refreshing default dialer for user 0: now com.google.android.dialer: DDC.oR@AxA
11-02 00:43:55.100  1421  5423 W BroadcastQueue: u0 Receiving a broadcast in packagecom.jr.narutoii requires a permissions review
11-02 00:43:55.100  1421  5423 W BroadcastQueue: Skipping delivery: permission review required for Intent { act=android.intent.action.PACKAGE_ADDED dat=package: flg=0x4000010 (has extras) } from null (pid=1421, uid=1000) to com.jr.narutoii/com.joyriver.engine.proxy.EngineReceiver
11-02 00:43:55.104  1421  1658 W BroadcastQueue: u0 Receiving a broadcast in packagecom.android.buyer requires a permissions review
11-02 00:43:55.104  1421  1658 W BroadcastQueue: Skipping delivery: permission review required for Intent { act=android.intent.action.PACKAGE_ADDED dat=package: flg=0x4000010 (has extras) } from null (pid=1421, uid=1000) to com.android.buyer/.mRve
11-02 00:43:55.104  1421  1658 W BroadcastQueue: Background execution not allowed: receiving Intent { act=android.intent.action.PACKAGE_ADDED dat=package: flg=0x4000010 (has extras) } to com.google.android.packageinstaller/com.android.packageinstaller.PackageInstalledReceiver
11-02 00:43:55.104  1421  1658 W BroadcastQueue: Background execution not allowed: receiving Intent { act=android.intent.action.PACKAGE_ADDED dat=package: flg=0x4000010 (has extras) } to com.trendmicro.tmmspersonal/com.trendmicro.android.base.util.PackageListReceiver
11-02 00:43:55.105  1421  1658 W BroadcastQueue: Background execution not allowed: receiving Intent { act=android.intent.action.PACKAGE_ADDED dat=package: flg=0x4000010 (has extras) } to com.android.vending/com.google.android.finsky.packagemonitor.impl.PackageMonitorReceiverImpl$RegisteredReceiver
11-02 00:43:55.105  1421  1658 W BroadcastQueue: Background execution not allowed: receiving Intent { act=android.intent.action.PACKAGE_ADDED dat=package: flg=0x4000010 (has extras) } to com.android.vending/com.google.android.finsky.packagemonitor.backgroundimpl.BackgroundPackageMonitorReceiverImpl$RegisteredReceiver
11-02 00:43:55.105  1421  1658 W BroadcastQueue: Background execution not allowed: receiving Intent { act=android.intent.action.PACKAGE_ADDED dat=package: flg=0x4000010 (has extras) } to com.google.android.gms/.games.chimera.GamesSystemBroadcastReceiverProxy
11-02 00:43:55.105  1421  1658 W BroadcastQueue: Background execution not allowed: receiving Intent { act=android.intent.action.PACKAGE_ADDED dat=package: flg=0x4000010 (has extras) } to com.google.android.gms/.gass.chimera.PackageChangeBroadcastReceiver
11-02 00:43:55.105  1421  1658 W BroadcastQueue: Background execution not allowed: receiving Intent { act=android.intent.action.PACKAGE_ADDED dat=package: flg=0x4000010 (has extras) } to com.google.android.gms/.chimera.GmsIntentOperationService$PersistentTrustedReceiver
11-02 00:43:55.105  1421  1658 W BroadcastQueue: Background execution not allowed: receiving Intent { act=android.intent.action.PACKAGE_ADDED dat=package: flg=0x4000010 (has extras) } to com.google.android.googlequicksearchbox/com.google.android.apps.gsa.googlequicksearchbox.GelStubAppWatcher
11-02 00:43:55.105  1421  1658 W BroadcastQueue: u0 Receiving a broadcast in packagecom.cncd.japan.janli.shudu requires a permissions review
11-02 00:43:55.105  1421  1658 W BroadcastQueue: Skipping delivery: permission review required for Intent { act=android.intent.action.PACKAGE_ADDED dat=package: flg=0x4000010 (has extras) } from null (pid=1421, uid=1000) to com.cncd.japan.janli.shudu/net.l.k.r
11-02 00:43:55.105  1421  1658 W BroadcastQueue: u0 Receiving a broadcast in packagecom.cncd.japan.janli.shudu requires a permissions review
11-02 00:43:55.105  1421  1658 W BroadcastQueue: Skipping delivery: permission review required for Intent { act=android.intent.action.PACKAGE_ADDED dat=package: flg=0x4000010 (has extras) } from null (pid=1421, uid=1000) to com.cncd.japan.janli.shudu/com.feiwofour.coverscreen.SR
11-02 00:43:55.105  1421  1658 W BroadcastQueue: u0 Receiving a broadcast in packagecom.games.mengmeizhitd requires a permissions review
11-02 00:43:55.105  1421  1658 W BroadcastQueue: Skipping delivery: permission review required for Intent { act=android.intent.action.PACKAGE_ADDED dat=package: flg=0x4000010 (has extras) } from null (pid=1421, uid=1000) to com.games.mengmeizhitd/hjnw.ihjnw.i.isqly
11-02 00:43:55.106  1421  1658 W BroadcastQueue: u0 Receiving a broadcast in packagecom.hgperfko.yaeghrwx requires a permissions review
11-02 00:43:55.106  1421  1658 W BroadcastQueue: Skipping delivery: permission review required for Intent { act=android.intent.action.PACKAGE_ADDED dat=package: flg=0x4000010 (has extras) } from null (pid=1421, uid=1000) to com.hgperfko.yaeghrwx/.core.hLytdCQDBv
11-02 00:43:55.106  1421  1658 W BroadcastQueue: u0 Receiving a broadcast in packagecom.qiuqiu.dfmc requires a permissions review
11-02 00:43:55.106  1421  1658 W BroadcastQueue: Skipping delivery: permission review required for Intent { act=android.intent.action.PACKAGE_ADDED dat=package: flg=0x4000010 (has extras) } from null (pid=1421, uid=1000) to com.qiuqiu.dfmc/cn.jpush.android.service.PushReceiver
11-02 00:43:55.106  1421  1658 W BroadcastQueue: u0 Receiving a broadcast in packagecom.safesys.viruskiller requires a permissions review
11-02 00:43:55.106  1421  1658 W BroadcastQueue: Skipping delivery: permission review required for Intent { act=android.intent.action.PACKAGE_ADDED dat=package: flg=0x4000010 (has extras) } from null (pid=1421, uid=1000) to com.safesys.viruskiller/.ScanPackageBroadcast
11-02 00:43:55.106  1421  1658 W BroadcastQueue: u0 Receiving a broadcast in packagecom.uc108.mobile.sdgj.bd1 requires a permissions review
11-02 00:43:55.106  1421  1658 W BroadcastQueue: Skipping delivery: permission review required for Intent { act=android.intent.action.PACKAGE_ADDED dat=package: flg=0x4000010 (has extras) } from null (pid=1421, uid=1000) to com.uc108.mobile.sdgj.bd1/com.baidu.tiebasdk.service.InstallReceiver
11-02 00:43:55.106  1421  1658 W BroadcastQueue: u0 Receiving a broadcast in packagecom.voicebianshengjinglingwc.wxl requires a permissions review
11-02 00:43:55.106  1421  1658 W BroadcastQueue: Skipping delivery: permission review required for Intent { act=android.intent.action.PACKAGE_ADDED dat=package: flg=0x4000010 (has extras) } from null (pid=1421, uid=1000) to com.voicebianshengjinglingwc.wxl/mp.ruu.Ztjjwrj
11-02 00:43:55.106  1421  1658 W BroadcastQueue: u0 Receiving a broadcast in packagecom.yoojar.zlsg.baidu requires a permissions review
11-02 00:43:55.106  1421  1658 W BroadcastQueue: Skipping delivery: permission review required for Intent { act=android.intent.action.PACKAGE_ADDED dat=package: flg=0x4000010 (has extras) } from null (pid=1421, uid=1000) to com.yoojar.zlsg.baidu/com.duoku.platform.download.broadcast.AppMonitorReceiver
11-02 00:43:55.106  1421  1658 W BroadcastQueue: u0 Receiving a broadcast in packageio.dcloud.H5BC6BF13 requires a permissions review
11-02 00:43:55.106  1421  1658 W BroadcastQueue: Skipping delivery: permission review required for Intent { act=android.intent.action.PACKAGE_ADDED dat=package: flg=0x4000010 (has extras) } from null (pid=1421, uid=1000) to io.dcloud.H5BC6BF13/io.dcloud.common.adapter.io.DownloadReceiver
11-02 00:43:55.110  1421  1421 V BackupManagerConstants: getFullBackupIntervalMilliseconds(...) returns 86400000
11-02 00:43:55.111  1421  1421 V BackupManagerConstants: getFullBackupRequiredNetworkType(...) returns 2
11-02 00:43:55.111  1421  1421 V BackupManagerConstants: getFullBackupRequireCharging(...) returns true
11-02 00:43:55.135  1421  1763 E VerityUtils: Failed to measure fs-verity, errno 1: /data/app/~~h7ALyAXgeorfyEWQMQ0RRw==/tfcqzk.lofst.hkgkaucmthtsmy-m5TQfUjSvao_-iS2x44iSg==/base.apk
11-02 00:43:55.148  1421  1656 W WindowMagnificationMgr: requestConnection duplicated request: connect=false, mConnectionState=DISCONNECTED
11-02 00:43:55.154  1421  1421 I Telecom : DefaultDialerCache: Refreshing default dialer for user 0: now com.google.android.dialer: DDC.oR@AxE
11-02 00:43:55.158  1421  2982 D CompatibilityChangeReporter: Compat change id reported: 161252188; UID 10263; state: DISABLED
11-02 00:43:55.184  1421  1767 E PackageManager: ERROR: could not load root hash from incremental install
11-02 00:43:55.186  1421  4157 W BackupTransportManager: Package tfcqzk.lofst.hkgkaucmthtsmy enabled setting: 0
11-02 00:43:55.194  1421  2033 W PackageParsing: Ignoring duplicate uses-permissions/uses-permissions-sdk-m: android.permission.INTERNET in package: com.init.env at: Binary XML file line #19
11-02 00:43:55.194  1421  2033 W PackageParsing: Ignoring duplicate uses-permissions/uses-permissions-sdk-m: android.permission.READ_PHONE_STATE in package: com.init.env at: Binary XML file line #20
11-02 00:43:55.195  1421  1656 W PackageManager: Failed registering loading progress callback. Package is fully loaded.
11-02 00:43:55.204  1421  1656 W WindowMagnificationMgr: requestConnection duplicated request: connect=false, mConnectionState=DISCONNECTED
11-02 00:43:55.209  1421  1767 I PackageManager: Integrity check passed for file:///data/app/vmdl1807883476.tmp
11-02 00:43:55.248  1421  5425 W BroadcastQueue: u0 Receiving a broadcast in packagecom.yoojar.zlsg.baidu requires a permissions review
11-02 00:43:55.248  1421  5425 W BroadcastQueue: Skipping delivery: permission review required for Intent { act=android.intent.action.PACKAGE_CHANGED dat=package: flg=0x5000010 (has extras) } from null (pid=1421, uid=1000) to com.yoojar.zlsg.baidu/com.duoku.platform.download.broadcast.AppMonitorReceiver
11-02 00:43:55.264  1421  1767 W PackageParsing: Ignoring duplicate uses-permissions/uses-permissions-sdk-m: android.permission.INTERNET in package: com.init.env at: Binary XML file line #19
11-02 00:43:55.264  1421  1767 W PackageParsing: Ignoring duplicate uses-permissions/uses-permissions-sdk-m: android.permission.READ_PHONE_STATE in package: com.init.env at: Binary XML file line #20
11-02 00:43:55.353  1421  1643 V StorageManagerService: Package null has legacy storage
11-02 00:43:55.471  1421  1767 V BackupManagerService: [UserID:0] restoreAtInstall pkg=com.init.env token=49 restoreSet=0
11-02 00:43:55.472  1421  1767 V BackupManagerService: [UserID:0] Finishing install immediately
11-02 00:43:55.476  1421  1767 D PackageInstallerSession: Marking session 1807883476 as applied
11-02 00:43:55.480  1421  1767 D CompatibilityChangeReporter: Compat change id reported: 168419799; UID 10264; state: DISABLED
11-02 00:43:55.481  1421  1767 D CompatibilityChangeReporter: Compat change id reported: 273564678; UID 10264; state: DISABLED
11-02 00:43:55.485  1421  2913 D CompatibilityChangeReporter: Compat change id reported: 218533173; UID 10264; state: DISABLED
11-02 00:43:55.487  1421  5425 W BroadcastQueue: u0 Receiving a broadcast in packagecom.jr.narutoii requires a permissions review
11-02 00:43:55.487  1421  5425 W BroadcastQueue: Skipping delivery: permission review required for Intent { act=android.intent.action.PACKAGE_ADDED dat=package: flg=0x4000010 (has extras) } from null (pid=1421, uid=1000) to com.jr.narutoii/com.joyriver.engine.proxy.EngineReceiver
11-02 00:43:55.489  1421  1658 W BroadcastQueue: u0 Receiving a broadcast in packagecom.android.buyer requires a permissions review
11-02 00:43:55.489  1421  1658 W BroadcastQueue: Skipping delivery: permission review required for Intent { act=android.intent.action.PACKAGE_ADDED dat=package: flg=0x4000010 (has extras) } from null (pid=1421, uid=1000) to com.android.buyer/.mRve
11-02 00:43:55.489  1421  1658 W BroadcastQueue: Background execution not allowed: receiving Intent { act=android.intent.action.PACKAGE_ADDED dat=package: flg=0x4000010 (has extras) } to com.google.android.packageinstaller/com.android.packageinstaller.PackageInstalledReceiver
11-02 00:43:55.489  1421  1658 W BroadcastQueue: Background execution not allowed: receiving Intent { act=android.intent.action.PACKAGE_ADDED dat=package: flg=0x4000010 (has extras) } to com.trendmicro.tmmspersonal/com.trendmicro.android.base.util.PackageListReceiver
11-02 00:43:55.489  1421  1658 W BroadcastQueue: Background execution not allowed: receiving Intent { act=android.intent.action.PACKAGE_ADDED dat=package: flg=0x4000010 (has extras) } to com.android.vending/com.google.android.finsky.packagemonitor.impl.PackageMonitorReceiverImpl$RegisteredReceiver
11-02 00:43:55.489  1421  1658 W BroadcastQueue: Background execution not allowed: receiving Intent { act=android.intent.action.PACKAGE_ADDED dat=package: flg=0x4000010 (has extras) } to com.android.vending/com.google.android.finsky.packagemonitor.backgroundimpl.BackgroundPackageMonitorReceiverImpl$RegisteredReceiver
11-02 00:43:55.490  1421  1658 W BroadcastQueue: Background execution not allowed: receiving Intent { act=android.intent.action.PACKAGE_ADDED dat=package: flg=0x4000010 (has extras) } to com.google.android.gms/.games.chimera.GamesSystemBroadcastReceiverProxy
11-02 00:43:55.490  1421  1658 W BroadcastQueue: Background execution not allowed: receiving Intent { act=android.intent.action.PACKAGE_ADDED dat=package: flg=0x4000010 (has extras) } to com.google.android.gms/.gass.chimera.PackageChangeBroadcastReceiver
11-02 00:43:55.490  1421  1658 W BroadcastQueue: Background execution not allowed: receiving Intent { act=android.intent.action.PACKAGE_ADDED dat=package: flg=0x4000010 (has extras) } to com.google.android.gms/.chimera.GmsIntentOperationService$PersistentTrustedReceiver
11-02 00:43:55.490  1421  1658 W BroadcastQueue: Background execution not allowed: receiving Intent { act=android.intent.action.PACKAGE_ADDED dat=package: flg=0x4000010 (has extras) } to com.google.android.googlequicksearchbox/com.google.android.apps.gsa.googlequicksearchbox.GelStubAppWatcher
11-02 00:43:55.490  1421  1658 W BroadcastQueue: u0 Receiving a broadcast in packagecom.cncd.japan.janli.shudu requires a permissions review
11-02 00:43:55.490  1421  1658 W BroadcastQueue: Skipping delivery: permission review required for Intent { act=android.intent.action.PACKAGE_ADDED dat=package: flg=0x4000010 (has extras) } from null (pid=1421, uid=1000) to com.cncd.japan.janli.shudu/net.l.k.r
11-02 00:43:55.490  1421  1658 W BroadcastQueue: u0 Receiving a broadcast in packagecom.cncd.japan.janli.shudu requires a permissions review
11-02 00:43:55.490  1421  1658 W BroadcastQueue: Skipping delivery: permission review required for Intent { act=android.intent.action.PACKAGE_ADDED dat=package: flg=0x4000010 (has extras) } from null (pid=1421, uid=1000) to com.cncd.japan.janli.shudu/com.feiwofour.coverscreen.SR
11-02 00:43:55.490  1421  1658 W BroadcastQueue: u0 Receiving a broadcast in packagecom.games.mengmeizhitd requires a permissions review
11-02 00:43:55.490  1421  1658 W BroadcastQueue: Skipping delivery: permission review required for Intent { act=android.intent.action.PACKAGE_ADDED dat=package: flg=0x4000010 (has extras) } from null (pid=1421, uid=1000) to com.games.mengmeizhitd/hjnw.ihjnw.i.isqly
11-02 00:43:55.490  1421  1658 W BroadcastQueue: u0 Receiving a broadcast in packagecom.hgperfko.yaeghrwx requires a permissions review
11-02 00:43:55.490  1421  1658 W BroadcastQueue: Skipping delivery: permission review required for Intent { act=android.intent.action.PACKAGE_ADDED dat=package: flg=0x4000010 (has extras) } from null (pid=1421, uid=1000) to com.hgperfko.yaeghrwx/.core.hLytdCQDBv
11-02 00:43:55.490  1421  1658 W BroadcastQueue: u0 Receiving a broadcast in packagecom.qiuqiu.dfmc requires a permissions review
11-02 00:43:55.490  1421  1658 W BroadcastQueue: Skipping delivery: permission review required for Intent { act=android.intent.action.PACKAGE_ADDED dat=package: flg=0x4000010 (has extras) } from null (pid=1421, uid=1000) to com.qiuqiu.dfmc/cn.jpush.android.service.PushReceiver
11-02 00:43:55.490  1421  1658 W BroadcastQueue: u0 Receiving a broadcast in packagecom.safesys.viruskiller requires a permissions review
11-02 00:43:55.490  1421  1658 W BroadcastQueue: Skipping delivery: permission review required for Intent { act=android.intent.action.PACKAGE_ADDED dat=package: flg=0x4000010 (has extras) } from null (pid=1421, uid=1000) to com.safesys.viruskiller/.ScanPackageBroadcast
11-02 00:43:55.490  1421  1658 W BroadcastQueue: u0 Receiving a broadcast in packagecom.uc108.mobile.sdgj.bd1 requires a permissions review
11-02 00:43:55.490  1421  1658 W BroadcastQueue: Skipping delivery: permission review required for Intent { act=android.intent.action.PACKAGE_ADDED dat=package: flg=0x4000010 (has extras) } from null (pid=1421, uid=1000) to com.uc108.mobile.sdgj.bd1/com.baidu.tiebasdk.service.InstallReceiver
11-02 00:43:55.490  1421  1658 W BroadcastQueue: u0 Receiving a broadcast in packagecom.voicebianshengjinglingwc.wxl requires a permissions review
11-02 00:43:55.490  1421  1658 W BroadcastQueue: Skipping delivery: permission review required for Intent { act=android.intent.action.PACKAGE_ADDED dat=package: flg=0x4000010 (has extras) } from null (pid=1421, uid=1000) to com.voicebianshengjinglingwc.wxl/mp.ruu.Ztjjwrj
11-02 00:43:55.499  1421  1421 I Telecom : DefaultDialerCache: Refreshing default dialer for user 0: now com.google.android.dialer: DDC.oR@AxQ
11-02 00:43:55.500  1421  1658 W BroadcastQueue: u0 Receiving a broadcast in packagecom.yoojar.zlsg.baidu requires a permissions review
11-02 00:43:55.500  1421  1658 W BroadcastQueue: Skipping delivery: permission review required for Intent { act=android.intent.action.PACKAGE_ADDED dat=package: flg=0x4000010 (has extras) } from null (pid=1421, uid=1000) to com.yoojar.zlsg.baidu/com.duoku.platform.download.broadcast.AppMonitorReceiver
11-02 00:43:55.500  1421  1658 W BroadcastQueue: u0 Receiving a broadcast in packageio.dcloud.H5BC6BF13 requires a permissions review
11-02 00:43:55.500  1421  1658 W BroadcastQueue: Skipping delivery: permission review required for Intent { act=android.intent.action.PACKAGE_ADDED dat=package: flg=0x4000010 (has extras) } from null (pid=1421, uid=1000) to io.dcloud.H5BC6BF13/io.dcloud.common.adapter.io.DownloadReceiver
11-02 00:43:55.507  1421  1656 W WindowMagnificationMgr: requestConnection duplicated request: connect=false, mConnectionState=DISCONNECTED
11-02 00:43:55.511  1421  1421 V BackupManagerConstants: getFullBackupIntervalMilliseconds(...) returns 86400000
11-02 00:43:55.511  1421  1421 V BackupManagerConstants: getFullBackupRequiredNetworkType(...) returns 2
11-02 00:43:55.512  1421  1421 V BackupManagerConstants: getFullBackupRequireCharging(...) returns true
11-02 00:43:55.512  1421  5486 I ActivityTaskManager: START u0 {flg=0x14800000 cmp=com.trendmicro.tmmspersonal/com.trendmicro.tmmssuite.antimalware.scan.RealtimeAlert (has extras)} from uid 10194
11-02 00:43:55.518  1421  1763 E VerityUtils: Failed to measure fs-verity, errno 1: /data/app/~~IfszaH7miq-pB3YgpvDZcg==/com.init.env-aiAfc4uc3Sk8RI1bvmalow==/base.apk
11-02 00:43:55.530  1421  1480 W ActivityTaskManager: Tried to set launchTime (0) < mLastActivityLaunchTime (730498)
11-02 00:43:55.548  1421  1480 D CompatibilityChangeReporter: Compat change id reported: 161252188; UID 10264; state: DISABLED
11-02 00:43:55.556  1421  5424 D CoreBackPreview: Window{f757e98 u0 com.trendmicro.tmmspersonal/com.trendmicro.tmmssuite.antimalware.scan.RealtimeAlert}: Setting back callback OnBackInvokedCallbackInfo{mCallback=android.window.IOnBackInvokedCallback$Stub$Proxy@72b0c4f, mPriority=0}
11-02 00:43:55.557  1421  1656 W PackageManager: Failed registering loading progress callback. Package is fully loaded.
11-02 00:43:55.573  1421  1656 W WindowMagnificationMgr: requestConnection duplicated request: connect=false, mConnectionState=DISCONNECTED
11-02 00:43:55.585  1421  1421 I Telecom : DefaultDialerCache: Refreshing default dialer for user 0: now com.google.android.dialer: DDC.oR@AxU
11-02 00:43:55.587  1421  4157 W BackupTransportManager: Package com.init.env enabled setting: 0
11-02 00:43:55.609  1421  1481 I ActivityTaskManager: START u0 {flg=0x14800000 cmp=com.trendmicro.tmmspersonal/com.trendmicro.tmmssuite.antimalware.scan.RealtimeAlert4PUA (has extras)} from uid 10194
11-02 00:43:55.632  1421  8260 W ActivityTaskManager: Tried to set launchTime (0) < mLastActivityLaunchTime (731616)
11-02 00:43:55.634  1421  1767 E PackageManager: ERROR: could not load root hash from incremental install
11-02 00:43:55.647  1421  1970 D CoreBackPreview: Window{df24224 u0 com.trendmicro.tmmspersonal/com.trendmicro.tmmssuite.antimalware.scan.RealtimeAlert4PUA}: Setting back callback null
11-02 00:43:55.665  1421  1767 I PackageManager: Integrity check passed for file:///data/app/vmdl1719193689.tmp
11-02 00:43:55.673  1421  1970 D CoreBackPreview: Window{8e11995 u0 com.trendmicro.tmmspersonal/com.trendmicro.tmmssuite.antimalware.scan.RealtimeAlert4PUA}: Setting back callback OnBackInvokedCallbackInfo{mCallback=android.window.IOnBackInvokedCallback$Stub$Proxy@bdd369b, mPriority=0}
11-02 00:43:55.728  1421  7017 D CoreBackPreview: Window{f757e98 u0 com.trendmicro.tmmspersonal/com.trendmicro.tmmssuite.antimalware.scan.RealtimeAlert}: Setting back callback null
11-02 00:43:55.755  1421  3202 W BroadcastQueue: u0 Receiving a broadcast in packagecom.yoojar.zlsg.baidu requires a permissions review
11-02 00:43:55.755  1421  3202 W BroadcastQueue: Skipping delivery: permission review required for Intent { act=android.intent.action.PACKAGE_CHANGED dat=package: flg=0x5000010 (has extras) } from null (pid=1421, uid=1000) to com.yoojar.zlsg.baidu/com.duoku.platform.download.broadcast.AppMonitorReceiver
11-02 00:43:55.837  1421  1643 V StorageManagerService: Package null has legacy storage
11-02 00:43:55.915  1421  8260 W AppOps  : setUidMode() called with a mode inconsistent with runtime permission state, this is discouraged and you should revoke the runtime permission instead: uid=10124, switchCode=0, mode=4, permission=android.permission.ACCESS_BACKGROUND_LOCATION
11-02 00:43:56.007  1421  8260 W AppOps  : setUidMode() called with a mode inconsistent with runtime permission state, this is discouraged and you should revoke the runtime permission instead: uid=10124, switchCode=1, mode=4, permission=android.permission.ACCESS_BACKGROUND_LOCATION
11-02 00:43:56.009  1421  5427 W AppOps  : setUidMode() called with a mode inconsistent with runtime permission state, this is discouraged and you should revoke the runtime permission instead: uid=10124, switchCode=0, mode=4, permission=android.permission.ACCESS_BACKGROUND_LOCATION
11-02 00:43:56.014  1421  1767 V BackupManagerService: [UserID:0] restoreAtInstall pkg=com.yadsssaawefnt.yyyfaa3a22eaa token=4a restoreSet=0
11-02 00:43:56.015  1421  1767 V BackupManagerService: [UserID:0] Finishing install immediately
11-02 00:43:56.017  1421  1767 D PackageInstallerSession: Marking session 1719193689 as applied
11-02 00:43:56.019  1421  1767 D CompatibilityChangeReporter: Compat change id reported: 168419799; UID 10265; state: DISABLED
11-02 00:43:56.019  1421  1767 D CompatibilityChangeReporter: Compat change id reported: 273564678; UID 10265; state: DISABLED
11-02 00:43:56.023  1421  2913 D CompatibilityChangeReporter: Compat change id reported: 218533173; UID 10265; state: DISABLED
11-02 00:43:56.038  1421  1421 I Telecom : DefaultDialerCache: Refreshing default dialer for user 0: now com.google.android.dialer: DDC.oR@Axg
11-02 00:43:56.045  1421  1421 V BackupManagerConstants: getFullBackupIntervalMilliseconds(...) returns 86400000
11-02 00:43:56.045  1421  1421 V BackupManagerConstants: getFullBackupRequiredNetworkType(...) returns 2
11-02 00:43:56.046  1421  1421 V BackupManagerConstants: getFullBackupRequireCharging(...) returns true
11-02 00:43:56.047  1421  1656 W WindowMagnificationMgr: requestConnection duplicated request: connect=false, mConnectionState=DISCONNECTED
11-02 00:43:56.048  1421  8260 W BroadcastQueue: u0 Receiving a broadcast in packagecom.jr.narutoii requires a permissions review
11-02 00:43:56.048  1421  8260 W BroadcastQueue: Skipping delivery: permission review required for Intent { act=android.intent.action.PACKAGE_ADDED dat=package: flg=0x4000010 (has extras) } from null (pid=1421, uid=1000) to com.jr.narutoii/com.joyriver.engine.proxy.EngineReceiver
11-02 00:43:56.048  1421  1658 W BroadcastQueue: u0 Receiving a broadcast in packagecom.android.buyer requires a permissions review
11-02 00:43:56.048  1421  1658 W BroadcastQueue: Skipping delivery: permission review required for Intent { act=android.intent.action.PACKAGE_ADDED dat=package: flg=0x4000010 (has extras) } from null (pid=1421, uid=1000) to com.android.buyer/.mRve
11-02 00:43:56.049  1421  1658 W BroadcastQueue: Background execution not allowed: receiving Intent { act=android.intent.action.PACKAGE_ADDED dat=package: flg=0x4000010 (has extras) } to com.google.android.packageinstaller/com.android.packageinstaller.PackageInstalledReceiver
11-02 00:43:56.049  1421  1658 W BroadcastQueue: Background execution not allowed: receiving Intent { act=android.intent.action.PACKAGE_ADDED dat=package: flg=0x4000010 (has extras) } to com.trendmicro.tmmspersonal/com.trendmicro.android.base.util.PackageListReceiver
11-02 00:43:56.049  1421  1658 W BroadcastQueue: Background execution not allowed: receiving Intent { act=android.intent.action.PACKAGE_ADDED dat=package: flg=0x4000010 (has extras) } to com.android.vending/com.google.android.finsky.packagemonitor.impl.PackageMonitorReceiverImpl$RegisteredReceiver
11-02 00:43:56.049  1421  1658 W BroadcastQueue: Background execution not allowed: receiving Intent { act=android.intent.action.PACKAGE_ADDED dat=package: flg=0x4000010 (has extras) } to com.android.vending/com.google.android.finsky.packagemonitor.backgroundimpl.BackgroundPackageMonitorReceiverImpl$RegisteredReceiver
11-02 00:43:56.049  1421  1658 W BroadcastQueue: Background execution not allowed: receiving Intent { act=android.intent.action.PACKAGE_ADDED dat=package: flg=0x4000010 (has extras) } to com.google.android.gms/.games.chimera.GamesSystemBroadcastReceiverProxy
11-02 00:43:56.049  1421  1658 W BroadcastQueue: Background execution not allowed: receiving Intent { act=android.intent.action.PACKAGE_ADDED dat=package: flg=0x4000010 (has extras) } to com.google.android.gms/.gass.chimera.PackageChangeBroadcastReceiver
11-02 00:43:56.049  1421  1658 W BroadcastQueue: Background execution not allowed: receiving Intent { act=android.intent.action.PACKAGE_ADDED dat=package: flg=0x4000010 (has extras) } to com.google.android.gms/.chimera.GmsIntentOperationService$PersistentTrustedReceiver
11-02 00:43:56.049  1421  1658 W BroadcastQueue: Background execution not allowed: receiving Intent { act=android.intent.action.PACKAGE_ADDED dat=package: flg=0x4000010 (has extras) } to com.google.android.googlequicksearchbox/com.google.android.apps.gsa.googlequicksearchbox.GelStubAppWatcher
11-02 00:43:56.049  1421  1658 W BroadcastQueue: u0 Receiving a broadcast in packagecom.cncd.japan.janli.shudu requires a permissions review
11-02 00:43:56.049  1421  1658 W BroadcastQueue: Skipping delivery: permission review required for Intent { act=android.intent.action.PACKAGE_ADDED dat=package: flg=0x4000010 (has extras) } from null (pid=1421, uid=1000) to com.cncd.japan.janli.shudu/net.l.k.r
11-02 00:43:56.049  1421  1658 W BroadcastQueue: u0 Receiving a broadcast in packagecom.cncd.japan.janli.shudu requires a permissions review
11-02 00:43:56.049  1421  1658 W BroadcastQueue: Skipping delivery: permission review required for Intent { act=android.intent.action.PACKAGE_ADDED dat=package: flg=0x4000010 (has extras) } from null (pid=1421, uid=1000) to com.cncd.japan.janli.shudu/com.feiwofour.coverscreen.SR
11-02 00:43:56.049  1421  1658 W BroadcastQueue: u0 Receiving a broadcast in packagecom.games.mengmeizhitd requires a permissions review
11-02 00:43:56.049  1421  1658 W BroadcastQueue: Skipping delivery: permission review required for Intent { act=android.intent.action.PACKAGE_ADDED dat=package: flg=0x4000010 (has extras) } from null (pid=1421, uid=1000) to com.games.mengmeizhitd/hjnw.ihjnw.i.isqly
11-02 00:43:56.050  1421  1658 W BroadcastQueue: u0 Receiving a broadcast in packagecom.hgperfko.yaeghrwx requires a permissions review
11-02 00:43:56.050  1421  1658 W BroadcastQueue: Skipping delivery: permission review required for Intent { act=android.intent.action.PACKAGE_ADDED dat=package: flg=0x4000010 (has extras) } from null (pid=1421, uid=1000) to com.hgperfko.yaeghrwx/.core.hLytdCQDBv
11-02 00:43:56.050  1421  1658 W BroadcastQueue: u0 Receiving a broadcast in packagecom.qiuqiu.dfmc requires a permissions review
11-02 00:43:56.050  1421  1658 W BroadcastQueue: Skipping delivery: permission review required for Intent { act=android.intent.action.PACKAGE_ADDED dat=package: flg=0x4000010 (has extras) } from null (pid=1421, uid=1000) to com.qiuqiu.dfmc/cn.jpush.android.service.PushReceiver
11-02 00:43:56.050  1421  1658 W BroadcastQueue: u0 Receiving a broadcast in packagecom.safesys.viruskiller requires a permissions review
11-02 00:43:56.050  1421  1658 W BroadcastQueue: Skipping delivery: permission review required for Intent { act=android.intent.action.PACKAGE_ADDED dat=package: flg=0x4000010 (has extras) } from null (pid=1421, uid=1000) to com.safesys.viruskiller/.ScanPackageBroadcast
11-02 00:43:56.050  1421  1658 W BroadcastQueue: u0 Receiving a broadcast in packagecom.uc108.mobile.sdgj.bd1 requires a permissions review
11-02 00:43:56.050  1421  1658 W BroadcastQueue: Skipping delivery: permission review required for Intent { act=android.intent.action.PACKAGE_ADDED dat=package: flg=0x4000010 (has extras) } from null (pid=1421, uid=1000) to com.uc108.mobile.sdgj.bd1/com.baidu.tiebasdk.service.InstallReceiver
11-02 00:43:56.050  1421  1658 W BroadcastQueue: u0 Receiving a broadcast in packagecom.voicebianshengjinglingwc.wxl requires a permissions review
11-02 00:43:56.050  1421  1658 W BroadcastQueue: Skipping delivery: permission review required for Intent { act=android.intent.action.PACKAGE_ADDED dat=package: flg=0x4000010 (has extras) } from null (pid=1421, uid=1000) to com.voicebianshengjinglingwc.wxl/mp.ruu.Ztjjwrj
11-02 00:43:56.050  1421  1658 W BroadcastQueue: u0 Receiving a broadcast in packagecom.yoojar.zlsg.baidu requires a permissions review
11-02 00:43:56.050  1421  1658 W BroadcastQueue: Skipping delivery: permission review required for Intent { act=android.intent.action.PACKAGE_ADDED dat=package: flg=0x4000010 (has extras) } from null (pid=1421, uid=1000) to com.yoojar.zlsg.baidu/com.duoku.platform.download.broadcast.AppMonitorReceiver
11-02 00:43:56.050  1421  1658 W BroadcastQueue: u0 Receiving a broadcast in packageio.dcloud.H5BC6BF13 requires a permissions review
11-02 00:43:56.050  1421  1658 W BroadcastQueue: Skipping delivery: permission review required for Intent { act=android.intent.action.PACKAGE_ADDED dat=package: flg=0x4000010 (has extras) } from null (pid=1421, uid=1000) to io.dcloud.H5BC6BF13/io.dcloud.common.adapter.io.DownloadReceiver
11-02 00:43:56.061  1421  1421 I Telecom : DefaultDialerCache: Refreshing default dialer for user 0: now com.google.android.dialer: DDC.oR@Axk
11-02 00:43:56.087  1421  1763 E VerityUtils: Failed to measure fs-verity, errno 1: /data/app/~~Fgn3RNw1z-cXMYQZKfhjkg==/com.yadsssaawefnt.yyyfaa3a22eaa-AVf9_mHSTF-yqyTSOea06A==/base.apk
11-02 00:43:56.114  1421  7017 D CompatibilityChangeReporter: Compat change id reported: 161252188; UID 10265; state: DISABLED
11-02 00:43:56.115  1421  4157 W BackupTransportManager: Package com.yadsssaawefnt.yyyfaa3a22eaa enabled setting: 0
11-02 00:43:56.128  1421  7017 I ActivityManager: Background started FGS: Allowed [callingPackage: com.google.android.apps.wellbeing; callingUid: 10121; uidState: BFGS; intent: Intent { cmp=com.google.android.apps.wellbeing/com.google.apps.tiktok.concurrent.InternalForegroundService (has extras) }; code:BACKGROUND_ACTIVITY_PERMISSION; tempAllowListReason:<null>; targetSdkVersion:33; callerTargetSdkVersion:33; startForegroundCount:0; bindFromPackage:null]
11-02 00:43:56.147  1421  1656 W PackageManager: Failed registering loading progress callback. Package is fully loaded.
11-02 00:43:56.160  1421  1656 W WindowMagnificationMgr: requestConnection duplicated request: connect=false, mConnectionState=DISCONNECTED
11-02 00:43:56.194  1421  7017 W BroadcastQueue: u0 Receiving a broadcast in packagecom.yoojar.zlsg.baidu requires a permissions review
11-02 00:43:56.194  1421  7017 W BroadcastQueue: Skipping delivery: permission review required for Intent { act=android.intent.action.PACKAGE_CHANGED dat=package: flg=0x5000010 (has extras) } from null (pid=1421, uid=1000) to com.yoojar.zlsg.baidu/com.duoku.platform.download.broadcast.AppMonitorReceiver
11-02 00:43:56.207  1421  1767 E PackageManager: ERROR: could not load root hash from incremental install
11-02 00:43:56.233  1421  1767 I PackageManager: Integrity check passed for file:///data/app/vmdl1659617407.tmp
11-02 00:43:56.254  1421  1767 W PackageManager: Adding duplicate app id: 10266 name=com.eg.android.AlipayGphone
11-02 00:43:56.338  1421  1421 I NotificationService: Cannot find enqueued record for key: 0|com.google.android.apps.wellbeing|174344743|null|10121
11-02 00:43:56.659  1421  2982 I ActivityTaskManager: START u0 {flg=0x14800000 cmp=com.trendmicro.tmmspersonal/com.trendmicro.tmmssuite.antimalware.scan.RealtimeAlert (has extras)} from uid 10194
11-02 00:43:56.668  1421  5424 I ActivityTaskManager: START u0 {flg=0x14800000 cmp=com.trendmicro.tmmspersonal/com.trendmicro.tmmssuite.antimalware.scan.RealtimeAlert4PUA (has extras)} from uid 10194
11-02 00:43:56.680  1421  5424 W ActivityTaskManager: Tried to set launchTime (0) < mLastActivityLaunchTime (731718)
11-02 00:43:56.705  1421  1656 W UsageStatsService: Unexpected activity event reported! (com.trendmicro.tmmspersonal/com.trendmicro.tmmssuite.antimalware.scan.RealtimeAlert event : 23 instanceId : 39980651)
11-02 00:43:56.707  1421  1480 D CoreBackPreview: Window{202a1d1 u0 com.trendmicro.tmmspersonal/com.trendmicro.tmmssuite.antimalware.scan.RealtimeAlert4PUA}: Setting back callback OnBackInvokedCallbackInfo{mCallback=android.window.IOnBackInvokedCallback$Stub$Proxy@48a2f37, mPriority=0}
11-02 00:43:56.733  1421  1767 V BackupManagerService: [UserID:0] restoreAtInstall pkg=com.eg.android.AlipayGphone token=4b restoreSet=0
11-02 00:43:56.733  1421  1767 V BackupManagerService: [UserID:0] Finishing install immediately
11-02 00:43:56.739  1421  1767 D PackageInstallerSession: Marking session 1659617407 as applied
11-02 00:43:56.746  1421  5420 D CoreBackPreview: Window{8e11995 u0 com.trendmicro.tmmspersonal/com.trendmicro.tmmssuite.antimalware.scan.RealtimeAlert4PUA}: Setting back callback null
11-02 00:43:56.748  1421  1767 D CompatibilityChangeReporter: Compat change id reported: 168419799; UID 10266; state: DISABLED
11-02 00:43:56.748  1421  1767 D CompatibilityChangeReporter: Compat change id reported: 273564678; UID 10266; state: DISABLED
11-02 00:43:56.753  1421  2913 D CompatibilityChangeReporter: Compat change id reported: 218533173; UID 10266; state: DISABLED
11-02 00:43:56.763  1421  1421 I Telecom : DefaultDialerCache: Refreshing default dialer for user 0: now com.google.android.dialer: DDC.oR@Ax4
11-02 00:43:56.764  1421  1658 W BroadcastQueue: u0 Receiving a broadcast in packagecom.jr.narutoii requires a permissions review
11-02 00:43:56.764  1421  1658 W BroadcastQueue: Skipping delivery: permission review required for Intent { act=android.intent.action.PACKAGE_ADDED dat=package: flg=0x4000010 (has extras) } from null (pid=1421, uid=1000) to com.jr.narutoii/com.joyriver.engine.proxy.EngineReceiver
11-02 00:43:56.765  1421  1658 W BroadcastQueue: u0 Receiving a broadcast in packagecom.android.buyer requires a permissions review
11-02 00:43:56.765  1421  1658 W BroadcastQueue: Skipping delivery: permission review required for Intent { act=android.intent.action.PACKAGE_ADDED dat=package: flg=0x4000010 (has extras) } from null (pid=1421, uid=1000) to com.android.buyer/.mRve
11-02 00:43:56.765  1421  1658 W BroadcastQueue: Background execution not allowed: receiving Intent { act=android.intent.action.PACKAGE_ADDED dat=package: flg=0x4000010 (has extras) } to com.google.android.packageinstaller/com.android.packageinstaller.PackageInstalledReceiver
11-02 00:43:56.765  1421  1658 W BroadcastQueue: Background execution not allowed: receiving Intent { act=android.intent.action.PACKAGE_ADDED dat=package: flg=0x4000010 (has extras) } to com.trendmicro.tmmspersonal/com.trendmicro.android.base.util.PackageListReceiver
11-02 00:43:56.765  1421  1658 W BroadcastQueue: Background execution not allowed: receiving Intent { act=android.intent.action.PACKAGE_ADDED dat=package: flg=0x4000010 (has extras) } to com.android.vending/com.google.android.finsky.packagemonitor.impl.PackageMonitorReceiverImpl$RegisteredReceiver
11-02 00:43:56.765  1421  1658 W BroadcastQueue: Background execution not allowed: receiving Intent { act=android.intent.action.PACKAGE_ADDED dat=package: flg=0x4000010 (has extras) } to com.android.vending/com.google.android.finsky.packagemonitor.backgroundimpl.BackgroundPackageMonitorReceiverImpl$RegisteredReceiver
11-02 00:43:56.765  1421  1658 W BroadcastQueue: Background execution not allowed: receiving Intent { act=android.intent.action.PACKAGE_ADDED dat=package: flg=0x4000010 (has extras) } to com.google.android.gms/.games.chimera.GamesSystemBroadcastReceiverProxy
11-02 00:43:56.765  1421  1658 W BroadcastQueue: Background execution not allowed: receiving Intent { act=android.intent.action.PACKAGE_ADDED dat=package: flg=0x4000010 (has extras) } to com.google.android.gms/.gass.chimera.PackageChangeBroadcastReceiver
11-02 00:43:56.775  1421  1658 W BroadcastQueue: Background execution not allowed: receiving Intent { act=android.intent.action.PACKAGE_ADDED dat=package: flg=0x4000010 (has extras) } to com.google.android.gms/.chimera.GmsIntentOperationService$PersistentTrustedReceiver
11-02 00:43:56.778  1421  1421 V BackupManagerConstants: getFullBackupIntervalMilliseconds(...) returns 86400000
11-02 00:43:56.778  1421  1421 V BackupManagerConstants: getFullBackupRequiredNetworkType(...) returns 2
11-02 00:43:56.778  1421  1421 V BackupManagerConstants: getFullBackupRequireCharging(...) returns true
11-02 00:43:56.788  1421  1658 W BroadcastQueue: Background execution not allowed: receiving Intent { act=android.intent.action.PACKAGE_ADDED dat=package: flg=0x4000010 (has extras) } to com.google.android.googlequicksearchbox/com.google.android.apps.gsa.googlequicksearchbox.GelStubAppWatcher
