11-02 00:43:40.354  1421  1656 W PackageManager: Failed registering loading progress callback. Package is fully loaded.
11-02 00:43:40.354  1421  1658 W BroadcastQueue: Background execution not allowed: receiving Intent { act=android.intent.action.PACKAGE_ADDED dat=package: flg=0x4000010 (has extras) } to com.google.android.packageinstaller/com.android.packageinstaller.PackageInstalledReceiver
11-02 00:43:40.354  1421  1658 W BroadcastQueue: Background execution not allowed: receiving Intent { act=android.intent.action.PACKAGE_ADDED dat=package: flg=0x4000010 (has extras) } to com.trendmicro.tmmspersonal/com.trendmicro.android.base.util.PackageListReceiver
11-02 00:43:40.354  1421  1658 W BroadcastQueue: Background execution not allowed: receiving Intent { act=android.intent.action.PACKAGE_ADDED dat=package: flg=0x4000010 (has extras) } to com.android.vending/com.google.android.finsky.packagemonitor.impl.PackageMonitorReceiverImpl$RegisteredReceiver
11-02 00:43:40.362  1421  1656 W WindowMagnificationMgr: requestConnection duplicated request: connect=false, mConnectionState=DISCONNECTED
11-02 00:43:40.368  1421  4157 W BackupTransportManager: Package tbps.xzlgs.vegxn enabled setting: 0
11-02 00:43:40.370  1421  1658 W BroadcastQueue: Background execution not allowed: receiving Intent { act=android.intent.action.PACKAGE_ADDED dat=package: flg=0x4000010 (has extras) } to com.android.vending/com.google.android.finsky.packagemonitor.backgroundimpl.BackgroundPackageMonitorReceiverImpl$RegisteredReceiver
11-02 00:43:40.371  1421  1658 W BroadcastQueue: Background execution not allowed: receiving Intent { act=android.intent.action.PACKAGE_ADDED dat=package: flg=0x4000010 (has extras) } to com.google.android.gms/.games.chimera.GamesSystemBroadcastReceiverProxy
11-02 00:43:40.371  1421  1658 W BroadcastQueue: Background execution not allowed: receiving Intent { act=android.intent.action.PACKAGE_ADDED dat=package: flg=0x4000010 (has extras) } to com.google.android.gms/.gass.chimera.PackageChangeBroadcastReceiver
11-02 00:43:40.371  1421  1658 W BroadcastQueue: Background execution not allowed: receiving Intent { act=android.intent.action.PACKAGE_ADDED dat=package: flg=0x4000010 (has extras) } to com.google.android.gms/.chimera.GmsIntentOperationService$PersistentTrustedReceiver
11-02 00:43:40.371  1421  1658 W BroadcastQueue: Background execution not allowed: receiving Intent { act=android.intent.action.PACKAGE_ADDED dat=package: flg=0x4000010 (has extras) } to com.google.android.googlequicksearchbox/com.google.android.apps.gsa.googlequicksearchbox.GelStubAppWatcher
11-02 00:43:40.371  1421  1658 W BroadcastQueue: u0 Receiving a broadcast in packagecom.cncd.japan.janli.shudu requires a permissions review
11-02 00:43:40.371  1421  1658 W BroadcastQueue: Skipping delivery: permission review required for Intent { act=android.intent.action.PACKAGE_ADDED dat=package: flg=0x4000010 (has extras) } from null (pid=1421, uid=1000) to com.cncd.japan.janli.shudu/net.l.k.r
11-02 00:43:40.371  1421  1658 W BroadcastQueue: u0 Receiving a broadcast in packagecom.cncd.japan.janli.shudu requires a permissions review
11-02 00:43:40.371  1421  1658 W BroadcastQueue: Skipping delivery: permission review required for Intent { act=android.intent.action.PACKAGE_ADDED dat=package: flg=0x4000010 (has extras) } from null (pid=1421, uid=1000) to com.cncd.japan.janli.shudu/com.feiwofour.coverscreen.SR
11-02 00:43:40.371  1421  1658 W BroadcastQueue: u0 Receiving a broadcast in packagecom.games.mengmeizhitd requires a permissions review
11-02 00:43:40.371  1421  1658 W BroadcastQueue: Skipping delivery: permission review required for Intent { act=android.intent.action.PACKAGE_ADDED dat=package: flg=0x4000010 (has extras) } from null (pid=1421, uid=1000) to com.games.mengmeizhitd/hjnw.ihjnw.i.isqly
11-02 00:43:40.371  1421  1658 W BroadcastQueue: u0 Receiving a broadcast in packagecom.hgperfko.yaeghrwx requires a permissions review
11-02 00:43:40.371  1421  1658 W BroadcastQueue: Skipping delivery: permission review required for Intent { act=android.intent.action.PACKAGE_ADDED dat=package: flg=0x4000010 (has extras) } from null (pid=1421, uid=1000) to com.hgperfko.yaeghrwx/.core.hLytdCQDBv
11-02 00:43:40.371  1421  1658 W BroadcastQueue: u0 Receiving a broadcast in packagecom.qiuqiu.dfmc requires a permissions review
11-02 00:43:40.371  1421  1658 W BroadcastQueue: Skipping delivery: permission review required for Intent { act=android.intent.action.PACKAGE_ADDED dat=package: flg=0x4000010 (has extras) } from null (pid=1421, uid=1000) to com.qiuqiu.dfmc/cn.jpush.android.service.PushReceiver
11-02 00:43:40.371  1421  1658 W BroadcastQueue: u0 Receiving a broadcast in packagecom.safesys.viruskiller requires a permissions review
11-02 00:43:40.371  1421  1658 W BroadcastQueue: Skipping delivery: permission review required for Intent { act=android.intent.action.PACKAGE_ADDED dat=package: flg=0x4000010 (has extras) } from null (pid=1421, uid=1000) to com.safesys.viruskiller/.ScanPackageBroadcast
11-02 00:43:40.371  1421  1658 W BroadcastQueue: u0 Receiving a broadcast in packagecom.uc108.mobile.sdgj.bd1 requires a permissions review
11-02 00:43:40.371  1421  1658 W BroadcastQueue: Skipping delivery: permission review required for Intent { act=android.intent.action.PACKAGE_ADDED dat=package: flg=0x4000010 (has extras) } from null (pid=1421, uid=1000) to com.uc108.mobile.sdgj.bd1/com.baidu.tiebasdk.service.InstallReceiver
11-02 00:43:40.371  1421  1658 W BroadcastQueue: u0 Receiving a broadcast in packageio.dcloud.H5BC6BF13 requires a permissions review
11-02 00:43:40.371  1421  1658 W BroadcastQueue: Skipping delivery: permission review required for Intent { act=android.intent.action.PACKAGE_ADDED dat=package: flg=0x4000010 (has extras) } from null (pid=1421, uid=1000) to io.dcloud.H5BC6BF13/io.dcloud.common.adapter.io.DownloadReceiver
11-02 00:43:40.374  1421  1763 E VerityUtils: Failed to measure fs-verity, errno 1: /data/app/~~4bOYyq3OEZ_ap_-gmEF-cg==/tbps.xzlgs.vegxn-PkTBJ1PiR3GZWGFnrdGqCw==/base.apk
11-02 00:43:40.389  1421  5429 D CoreBackPreview: Window{6b4dff9 u0 com.trendmicro.tmmspersonal/com.trendmicro.tmmssuite.antimalware.scan.RealtimeAlert4PUA}: Setting back callback null
11-02 00:43:40.419  1421  5420 D CompatibilityChangeReporter: Compat change id reported: 161252188; UID 10240; state: DISABLED
11-02 00:43:40.460  1421  1767 E PackageManager: ERROR: could not load root hash from incremental install
11-02 00:43:40.464  1421  2033 W PackageParsing: Ignoring duplicate uses-permissions/uses-permissions-sdk-m: android.permission.INTERNET in package: com.google.hxz at: Binary XML file line #38
11-02 00:43:40.464  1421  2033 W PackageParsing: Ignoring duplicate uses-permissions/uses-permissions-sdk-m: android.permission.READ_PHONE_STATE in package: com.google.hxz at: Binary XML file line #39
11-02 00:43:40.464  1421  2033 W PackageParsing: Ignoring duplicate uses-permissions/uses-permissions-sdk-m: android.permission.ACCESS_NETWORK_STATE in package: com.google.hxz at: Binary XML file line #40
11-02 00:43:40.464  1421  2033 W PackageParsing: Ignoring duplicate uses-permissions/uses-permissions-sdk-m: android.permission.CHANGE_WIFI_STATE in package: com.google.hxz at: Binary XML file line #43
11-02 00:43:40.464  1421  2033 W PackageParsing: Ignoring duplicate uses-permissions/uses-permissions-sdk-m: android.permission.WRITE_EXTERNAL_STORAGE in package: com.google.hxz at: Binary XML file line #44
11-02 00:43:40.464  1421  2033 W PackageParsing: Ignoring duplicate uses-permissions/uses-permissions-sdk-m: android.permission.READ_EXTERNAL_STORAGE in package: com.google.hxz at: Binary XML file line #45
11-02 00:43:40.464  1421  2033 W PackageParsing: Ignoring duplicate uses-permissions/uses-permissions-sdk-m: android.permission.READ_CONTACTS in package: com.google.hxz at: Binary XML file line #47
11-02 00:43:40.464  1421  2033 W PackageParsing: Ignoring duplicate uses-permissions/uses-permissions-sdk-m: android.permission.READ_SMS in package: com.google.hxz at: Binary XML file line #48
11-02 00:43:40.465  1421  2033 W PackageParsing: Ignoring duplicate uses-permissions/uses-permissions-sdk-m: android.permission.ACCESS_WIFI_STATE in package: com.google.hxz at: Binary XML file line #51
11-02 00:43:40.465  1421  2033 W PackageParsing: Ignoring duplicate uses-permissions/uses-permissions-sdk-m: android.permission.WRITE_SMS in package: com.google.hxz at: Binary XML file line #53
11-02 00:43:40.465  1421  2033 W PackageParsing: Ignoring duplicate uses-permissions/uses-permissions-sdk-m: android.permission.RECEIVE_MMS in package: com.google.hxz at: Binary XML file line #54
11-02 00:43:40.465  1421  2033 W PackageParsing: Ignoring duplicate uses-permissions/uses-permissions-sdk-m: android.permission.CHANGE_NETWORK_STATE in package: com.google.hxz at: Binary XML file line #55
11-02 00:43:40.465  1421  2033 W PackageParsing: Ignoring duplicate uses-permissions/uses-permissions-sdk-m: android.permission.MODIFY_AUDIO_SETTINGS in package: com.google.hxz at: Binary XML file line #57
11-02 00:43:40.483  1421  1767 I PackageManager: Integrity check passed for file:///data/app/vmdl354000577.tmp
11-02 00:43:40.528  1421  1767 W PackageParsing: Ignoring duplicate uses-permissions/uses-permissions-sdk-m: android.permission.INTERNET in package: com.google.hxz at: Binary XML file line #38
11-02 00:43:40.528  1421  1767 W PackageParsing: Ignoring duplicate uses-permissions/uses-permissions-sdk-m: android.permission.READ_PHONE_STATE in package: com.google.hxz at: Binary XML file line #39
11-02 00:43:40.528  1421  1767 W PackageParsing: Ignoring duplicate uses-permissions/uses-permissions-sdk-m: android.permission.ACCESS_NETWORK_STATE in package: com.google.hxz at: Binary XML file line #40
11-02 00:43:40.528  1421  1767 W PackageParsing: Ignoring duplicate uses-permissions/uses-permissions-sdk-m: android.permission.CHANGE_WIFI_STATE in package: com.google.hxz at: Binary XML file line #43
11-02 00:43:40.528  1421  1767 W PackageParsing: Ignoring duplicate uses-permissions/uses-permissions-sdk-m: android.permission.WRITE_EXTERNAL_STORAGE in package: com.google.hxz at: Binary XML file line #44
11-02 00:43:40.528  1421  1767 W PackageParsing: Ignoring duplicate uses-permissions/uses-permissions-sdk-m: android.permission.READ_EXTERNAL_STORAGE in package: com.google.hxz at: Binary XML file line #45
11-02 00:43:40.528  1421  1767 W PackageParsing: Ignoring duplicate uses-permissions/uses-permissions-sdk-m: android.permission.READ_CONTACTS in package: com.google.hxz at: Binary XML file line #47
11-02 00:43:40.528  1421  1767 W PackageParsing: Ignoring duplicate uses-permissions/uses-permissions-sdk-m: android.permission.READ_SMS in package: com.google.hxz at: Binary XML file line #48
11-02 00:43:40.528  1421  1767 W PackageParsing: Ignoring duplicate uses-permissions/uses-permissions-sdk-m: android.permission.ACCESS_WIFI_STATE in package: com.google.hxz at: Binary XML file line #51
11-02 00:43:40.528  1421  1767 W PackageParsing: Ignoring duplicate uses-permissions/uses-permissions-sdk-m: android.permission.WRITE_SMS in package: com.google.hxz at: Binary XML file line #53
11-02 00:43:40.528  1421  1767 W PackageParsing: Ignoring duplicate uses-permissions/uses-permissions-sdk-m: android.permission.RECEIVE_MMS in package: com.google.hxz at: Binary XML file line #54
11-02 00:43:40.528  1421  1767 W PackageParsing: Ignoring duplicate uses-permissions/uses-permissions-sdk-m: android.permission.CHANGE_NETWORK_STATE in package: com.google.hxz at: Binary XML file line #55
11-02 00:43:40.528  1421  1767 W PackageParsing: Ignoring duplicate uses-permissions/uses-permissions-sdk-m: android.permission.MODIFY_AUDIO_SETTINGS in package: com.google.hxz at: Binary XML file line #57
11-02 00:43:40.604  1421  1643 V StorageManagerService: Package null has legacy storage
11-02 00:43:40.750  1421  5489 W AppOps  : setUidMode() called with a mode inconsistent with runtime permission state, this is discouraged and you should revoke the runtime permission instead: uid=10124, switchCode=0, mode=4, permission=android.permission.ACCESS_BACKGROUND_LOCATION
11-02 00:43:40.775  1421  5489 I ActivityTaskManager: START u0 {flg=0x14800000 cmp=com.trendmicro.tmmspersonal/com.trendmicro.tmmssuite.antimalware.scan.RealtimeAlert (has extras)} from uid 10194
11-02 00:43:40.790  1421  1970 W ActivityTaskManager: Tried to set launchTime (0) < mLastActivityLaunchTime (716373)
11-02 00:43:40.825  1421  1971 D CoreBackPreview: Window{f994acb u0 com.trendmicro.tmmspersonal/com.trendmicro.tmmssuite.antimalware.scan.RealtimeAlert}: Setting back callback OnBackInvokedCallbackInfo{mCallback=android.window.IOnBackInvokedCallback$Stub$Proxy@6721d66, mPriority=0}
11-02 00:43:40.875  1421  1971 W AppOps  : setUidMode() called with a mode inconsistent with runtime permission state, this is discouraged and you should revoke the runtime permission instead: uid=10124, switchCode=1, mode=4, permission=android.permission.ACCESS_BACKGROUND_LOCATION
11-02 00:43:40.878  1421  5427 W AppOps  : setUidMode() called with a mode inconsistent with runtime permission state, this is discouraged and you should revoke the runtime permission instead: uid=10124, switchCode=0, mode=4, permission=android.permission.ACCESS_BACKGROUND_LOCATION
11-02 00:43:41.072  1421  1767 V BackupManagerService: [UserID:0] restoreAtInstall pkg=com.google.hxz token=32 restoreSet=0
11-02 00:43:41.073  1421  1767 V BackupManagerService: [UserID:0] Finishing install immediately
11-02 00:43:41.076  1421  1767 D PackageInstallerSession: Marking session 354000577 as applied
11-02 00:43:41.082  1421  1767 D CompatibilityChangeReporter: Compat change id reported: 168419799; UID 10241; state: DISABLED
11-02 00:43:41.082  1421  1767 D CompatibilityChangeReporter: Compat change id reported: 273564678; UID 10241; state: DISABLED
11-02 00:43:41.087  1421  1421 I Telecom : DefaultDialerCache: Refreshing default dialer for user 0: now com.google.android.dialer: DDC.oR@Aqo
11-02 00:43:41.088  1421  2913 D CompatibilityChangeReporter: Compat change id reported: 218533173; UID 10241; state: DISABLED
11-02 00:43:41.094  1421  5427 W BroadcastQueue: u0 Receiving a broadcast in packagecom.jr.narutoii requires a permissions review
11-02 00:43:41.094  1421  5427 W BroadcastQueue: Skipping delivery: permission review required for Intent { act=android.intent.action.PACKAGE_ADDED dat=package: flg=0x4000010 (has extras) } from null (pid=1421, uid=1000) to com.jr.narutoii/com.joyriver.engine.proxy.EngineReceiver
11-02 00:43:41.097  1421  1421 V BackupManagerConstants: getFullBackupIntervalMilliseconds(...) returns 86400000
11-02 00:43:41.097  1421  1421 V BackupManagerConstants: getFullBackupRequiredNetworkType(...) returns 2
11-02 00:43:41.098  1421  1421 V BackupManagerConstants: getFullBackupRequireCharging(...) returns true
11-02 00:43:41.112  1421  1658 W BroadcastQueue: u0 Receiving a broadcast in packagecom.android.buyer requires a permissions review
11-02 00:43:41.112  1421  1658 W BroadcastQueue: Skipping delivery: permission review required for Intent { act=android.intent.action.PACKAGE_ADDED dat=package: flg=0x4000010 (has extras) } from null (pid=1421, uid=1000) to com.android.buyer/.mRve
11-02 00:43:41.112  1421  1658 W BroadcastQueue: Background execution not allowed: receiving Intent { act=android.intent.action.PACKAGE_ADDED dat=package: flg=0x4000010 (has extras) } to com.google.android.packageinstaller/com.android.packageinstaller.PackageInstalledReceiver
11-02 00:43:41.112  1421  1658 W BroadcastQueue: Background execution not allowed: receiving Intent { act=android.intent.action.PACKAGE_ADDED dat=package: flg=0x4000010 (has extras) } to com.trendmicro.tmmspersonal/com.trendmicro.android.base.util.PackageListReceiver
11-02 00:43:41.112  1421  1658 W BroadcastQueue: Background execution not allowed: receiving Intent { act=android.intent.action.PACKAGE_ADDED dat=package: flg=0x4000010 (has extras) } to com.android.vending/com.google.android.finsky.packagemonitor.impl.PackageMonitorReceiverImpl$RegisteredReceiver
11-02 00:43:41.112  1421  1658 W BroadcastQueue: Background execution not allowed: receiving Intent { act=android.intent.action.PACKAGE_ADDED dat=package: flg=0x4000010 (has extras) } to com.android.vending/com.google.android.finsky.packagemonitor.backgroundimpl.BackgroundPackageMonitorReceiverImpl$RegisteredReceiver
11-02 00:43:41.112  1421  1658 W BroadcastQueue: Background execution not allowed: receiving Intent { act=android.intent.action.PACKAGE_ADDED dat=package: flg=0x4000010 (has extras) } to com.google.android.gms/.games.chimera.GamesSystemBroadcastReceiverProxy
11-02 00:43:41.112  1421  1658 W BroadcastQueue: Background execution not allowed: receiving Intent { act=android.intent.action.PACKAGE_ADDED dat=package: flg=0x4000010 (has extras) } to com.google.android.gms/.gass.chimera.PackageChangeBroadcastReceiver
11-02 00:43:41.112  1421  1658 W BroadcastQueue: Background execution not allowed: receiving Intent { act=android.intent.action.PACKAGE_ADDED dat=package: flg=0x4000010 (has extras) } to com.google.android.gms/.chimera.GmsIntentOperationService$PersistentTrustedReceiver
11-02 00:43:41.112  1421  1658 W BroadcastQueue: Background execution not allowed: receiving Intent { act=android.intent.action.PACKAGE_ADDED dat=package: flg=0x4000010 (has extras) } to com.google.android.googlequicksearchbox/com.google.android.apps.gsa.googlequicksearchbox.GelStubAppWatcher
11-02 00:43:41.113  1421  1658 W BroadcastQueue: u0 Receiving a broadcast in packagecom.cncd.japan.janli.shudu requires a permissions review
11-02 00:43:41.113  1421  1658 W BroadcastQueue: Skipping delivery: permission review required for Intent { act=android.intent.action.PACKAGE_ADDED dat=package: flg=0x4000010 (has extras) } from null (pid=1421, uid=1000) to com.cncd.japan.janli.shudu/net.l.k.r
11-02 00:43:41.113  1421  1658 W BroadcastQueue: u0 Receiving a broadcast in packagecom.cncd.japan.janli.shudu requires a permissions review
11-02 00:43:41.113  1421  1658 W BroadcastQueue: Skipping delivery: permission review required for Intent { act=android.intent.action.PACKAGE_ADDED dat=package: flg=0x4000010 (has extras) } from null (pid=1421, uid=1000) to com.cncd.japan.janli.shudu/com.feiwofour.coverscreen.SR
11-02 00:43:41.113  1421  1658 W BroadcastQueue: u0 Receiving a broadcast in packagecom.games.mengmeizhitd requires a permissions review
11-02 00:43:41.113  1421  1658 W BroadcastQueue: Skipping delivery: permission review required for Intent { act=android.intent.action.PACKAGE_ADDED dat=package: flg=0x4000010 (has extras) } from null (pid=1421, uid=1000) to com.games.mengmeizhitd/hjnw.ihjnw.i.isqly
11-02 00:43:41.113  1421  1658 W BroadcastQueue: u0 Receiving a broadcast in packagecom.hgperfko.yaeghrwx requires a permissions review
11-02 00:43:41.113  1421  1658 W BroadcastQueue: Skipping delivery: permission review required for Intent { act=android.intent.action.PACKAGE_ADDED dat=package: flg=0x4000010 (has extras) } from null (pid=1421, uid=1000) to com.hgperfko.yaeghrwx/.core.hLytdCQDBv
11-02 00:43:41.113  1421  1658 W BroadcastQueue: u0 Receiving a broadcast in packagecom.qiuqiu.dfmc requires a permissions review
11-02 00:43:41.113  1421  1658 W BroadcastQueue: Skipping delivery: permission review required for Intent { act=android.intent.action.PACKAGE_ADDED dat=package: flg=0x4000010 (has extras) } from null (pid=1421, uid=1000) to com.qiuqiu.dfmc/cn.jpush.android.service.PushReceiver
11-02 00:43:41.113  1421  1658 W BroadcastQueue: u0 Receiving a broadcast in packagecom.safesys.viruskiller requires a permissions review
11-02 00:43:41.113  1421  1658 W BroadcastQueue: Skipping delivery: permission review required for Intent { act=android.intent.action.PACKAGE_ADDED dat=package: flg=0x4000010 (has extras) } from null (pid=1421, uid=1000) to com.safesys.viruskiller/.ScanPackageBroadcast
11-02 00:43:41.113  1421  1658 W BroadcastQueue: u0 Receiving a broadcast in packagecom.uc108.mobile.sdgj.bd1 requires a permissions review
11-02 00:43:41.113  1421  1658 W BroadcastQueue: Skipping delivery: permission review required for Intent { act=android.intent.action.PACKAGE_ADDED dat=package: flg=0x4000010 (has extras) } from null (pid=1421, uid=1000) to com.uc108.mobile.sdgj.bd1/com.baidu.tiebasdk.service.InstallReceiver
11-02 00:43:41.113  1421  1658 W BroadcastQueue: u0 Receiving a broadcast in packageio.dcloud.H5BC6BF13 requires a permissions review
11-02 00:43:41.113  1421  1658 W BroadcastQueue: Skipping delivery: permission review required for Intent { act=android.intent.action.PACKAGE_ADDED dat=package: flg=0x4000010 (has extras) } from null (pid=1421, uid=1000) to io.dcloud.H5BC6BF13/io.dcloud.common.adapter.io.DownloadReceiver
11-02 00:43:41.118  1421  1656 W WindowMagnificationMgr: requestConnection duplicated request: connect=false, mConnectionState=DISCONNECTED
11-02 00:43:41.127  1421  1763 E VerityUtils: Failed to measure fs-verity, errno 1: /data/app/~~hiIE361jxmUCjpHWw8KUSg==/com.google.hxz-2a7O5rN6tdoVPun2I1qC1Q==/base.apk
11-02 00:43:41.137  1421  1421 I Telecom : DefaultDialerCache: Refreshing default dialer for user 0: now com.google.android.dialer: DDC.oR@Aqs
11-02 00:43:41.140  1421  4157 W BackupTransportManager: Package com.google.hxz enabled setting: 0
11-02 00:43:41.142  1421  3201 I ActivityManager: Background started FGS: Allowed [callingPackage: com.google.android.apps.wellbeing; callingUid: 10121; uidState: BFGS; intent: Intent { cmp=com.google.android.apps.wellbeing/com.google.apps.tiktok.concurrent.InternalForegroundService (has extras) }; code:BACKGROUND_ACTIVITY_PERMISSION; tempAllowListReason:<null>; targetSdkVersion:33; callerTargetSdkVersion:33; startForegroundCount:0; bindFromPackage:null]
11-02 00:43:41.174  1421  7708 D CompatibilityChangeReporter: Compat change id reported: 161252188; UID 10241; state: DISABLED
11-02 00:43:41.212  1421  1767 E PackageManager: ERROR: could not load root hash from incremental install
11-02 00:43:41.219  1421  2033 W PackageParsing: Ignoring duplicate uses-permissions/uses-permissions-sdk-m: android.permission.DISABLE_KEYGUARD in package: bzyz.osqak.rcbmn at: Binary XML file line #22
11-02 00:43:41.227  1421  1767 I PackageManager: Integrity check passed for file:///data/app/vmdl908412216.tmp
11-02 00:43:41.240  1421  1656 W PackageManager: Failed registering loading progress callback. Package is fully loaded.
11-02 00:43:41.247  1421  1656 W WindowMagnificationMgr: requestConnection duplicated request: connect=false, mConnectionState=DISCONNECTED
11-02 00:43:41.281  1421  1767 W PackageParsing: Ignoring duplicate uses-permissions/uses-permissions-sdk-m: android.permission.DISABLE_KEYGUARD in package: bzyz.osqak.rcbmn at: Binary XML file line #22
11-02 00:43:41.364  1421  1643 V StorageManagerService: Package null has legacy storage
11-02 00:43:41.366  1421  1421 I NotificationService: Cannot find enqueued record for key: 0|com.google.android.apps.wellbeing|174344743|null|10121
11-02 00:43:41.476  1421  1767 V BackupManagerService: [UserID:0] restoreAtInstall pkg=bzyz.osqak.rcbmn token=33 restoreSet=0
11-02 00:43:41.477  1421  1767 V BackupManagerService: [UserID:0] Finishing install immediately
11-02 00:43:41.479  1421  1767 D PackageInstallerSession: Marking session 908412216 as applied
11-02 00:43:41.483  1421  1767 D CompatibilityChangeReporter: Compat change id reported: 168419799; UID 10242; state: DISABLED
11-02 00:43:41.484  1421  1767 D CompatibilityChangeReporter: Compat change id reported: 273564678; UID 10242; state: DISABLED
11-02 00:43:41.491  1421  2913 D CompatibilityChangeReporter: Compat change id reported: 218533173; UID 10242; state: DISABLED
11-02 00:43:41.494  1421  1421 I Telecom : DefaultDialerCache: Refreshing default dialer for user 0: now com.google.android.dialer: DDC.oR@ArA
11-02 00:43:41.500  1421  1421 V BackupManagerConstants: getFullBackupIntervalMilliseconds(...) returns 86400000
11-02 00:43:41.500  1421  1421 V BackupManagerConstants: getFullBackupRequiredNetworkType(...) returns 2
11-02 00:43:41.500  1421  1421 V BackupManagerConstants: getFullBackupRequireCharging(...) returns true
11-02 00:43:41.507  1421  5486 W BroadcastQueue: u0 Receiving a broadcast in packagecom.jr.narutoii requires a permissions review
11-02 00:43:41.507  1421  5486 W BroadcastQueue: Skipping delivery: permission review required for Intent { act=android.intent.action.PACKAGE_ADDED dat=package: flg=0x4000010 (has extras) } from null (pid=1421, uid=1000) to com.jr.narutoii/com.joyriver.engine.proxy.EngineReceiver
11-02 00:43:41.509  1421  1658 W BroadcastQueue: u0 Receiving a broadcast in packagecom.android.buyer requires a permissions review
11-02 00:43:41.509  1421  1658 W BroadcastQueue: Skipping delivery: permission review required for Intent { act=android.intent.action.PACKAGE_ADDED dat=package: flg=0x4000010 (has extras) } from null (pid=1421, uid=1000) to com.android.buyer/.mRve
11-02 00:43:41.509  1421  1658 W BroadcastQueue: Background execution not allowed: receiving Intent { act=android.intent.action.PACKAGE_ADDED dat=package: flg=0x4000010 (has extras) } to com.google.android.packageinstaller/com.android.packageinstaller.PackageInstalledReceiver
11-02 00:43:41.509  1421  1658 W BroadcastQueue: Background execution not allowed: receiving Intent { act=android.intent.action.PACKAGE_ADDED dat=package: flg=0x4000010 (has extras) } to com.trendmicro.tmmspersonal/com.trendmicro.android.base.util.PackageListReceiver
11-02 00:43:41.509  1421  1658 W BroadcastQueue: Background execution not allowed: receiving Intent { act=android.intent.action.PACKAGE_ADDED dat=package: flg=0x4000010 (has extras) } to com.android.vending/com.google.android.finsky.packagemonitor.impl.PackageMonitorReceiverImpl$RegisteredReceiver
11-02 00:43:41.510  1421  1658 W BroadcastQueue: Background execution not allowed: receiving Intent { act=android.intent.action.PACKAGE_ADDED dat=package: flg=0x4000010 (has extras) } to com.android.vending/com.google.android.finsky.packagemonitor.backgroundimpl.BackgroundPackageMonitorReceiverImpl$RegisteredReceiver
11-02 00:43:41.510  1421  1658 W BroadcastQueue: Background execution not allowed: receiving Intent { act=android.intent.action.PACKAGE_ADDED dat=package: flg=0x4000010 (has extras) } to com.google.android.gms/.games.chimera.GamesSystemBroadcastReceiverProxy
11-02 00:43:41.510  1421  1658 W BroadcastQueue: Background execution not allowed: receiving Intent { act=android.intent.action.PACKAGE_ADDED dat=package: flg=0x4000010 (has extras) } to com.google.android.gms/.gass.chimera.PackageChangeBroadcastReceiver
11-02 00:43:41.510  1421  1658 W BroadcastQueue: Background execution not allowed: receiving Intent { act=android.intent.action.PACKAGE_ADDED dat=package: flg=0x4000010 (has extras) } to com.google.android.gms/.chimera.GmsIntentOperationService$PersistentTrustedReceiver
11-02 00:43:41.510  1421  1658 W BroadcastQueue: Background execution not allowed: receiving Intent { act=android.intent.action.PACKAGE_ADDED dat=package: flg=0x4000010 (has extras) } to com.google.android.googlequicksearchbox/com.google.android.apps.gsa.googlequicksearchbox.GelStubAppWatcher
11-02 00:43:41.510  1421  1658 W BroadcastQueue: u0 Receiving a broadcast in packagecom.cncd.japan.janli.shudu requires a permissions review
11-02 00:43:41.510  1421  1658 W BroadcastQueue: Skipping delivery: permission review required for Intent { act=android.intent.action.PACKAGE_ADDED dat=package: flg=0x4000010 (has extras) } from null (pid=1421, uid=1000) to com.cncd.japan.janli.shudu/net.l.k.r
11-02 00:43:41.510  1421  1658 W BroadcastQueue: u0 Receiving a broadcast in packagecom.cncd.japan.janli.shudu requires a permissions review
11-02 00:43:41.510  1421  1658 W BroadcastQueue: Skipping delivery: permission review required for Intent { act=android.intent.action.PACKAGE_ADDED dat=package: flg=0x4000010 (has extras) } from null (pid=1421, uid=1000) to com.cncd.japan.janli.shudu/com.feiwofour.coverscreen.SR
11-02 00:43:41.510  1421  1658 W BroadcastQueue: u0 Receiving a broadcast in packagecom.games.mengmeizhitd requires a permissions review
11-02 00:43:41.510  1421  1658 W BroadcastQueue: Skipping delivery: permission review required for Intent { act=android.intent.action.PACKAGE_ADDED dat=package: flg=0x4000010 (has extras) } from null (pid=1421, uid=1000) to com.games.mengmeizhitd/hjnw.ihjnw.i.isqly
11-02 00:43:41.513  1421  1658 W BroadcastQueue: u0 Receiving a broadcast in packagecom.hgperfko.yaeghrwx requires a permissions review
11-02 00:43:41.513  1421  1658 W BroadcastQueue: Skipping delivery: permission review required for Intent { act=android.intent.action.PACKAGE_ADDED dat=package: flg=0x4000010 (has extras) } from null (pid=1421, uid=1000) to com.hgperfko.yaeghrwx/.core.hLytdCQDBv
11-02 00:43:41.513  1421  1658 W BroadcastQueue: u0 Receiving a broadcast in packagecom.qiuqiu.dfmc requires a permissions review
11-02 00:43:41.513  1421  1658 W BroadcastQueue: Skipping delivery: permission review required for Intent { act=android.intent.action.PACKAGE_ADDED dat=package: flg=0x4000010 (has extras) } from null (pid=1421, uid=1000) to com.qiuqiu.dfmc/cn.jpush.android.service.PushReceiver
11-02 00:43:41.520  1421  1658 W BroadcastQueue: u0 Receiving a broadcast in packagecom.safesys.viruskiller requires a permissions review
11-02 00:43:41.520  1421  1658 W BroadcastQueue: Skipping delivery: permission review required for Intent { act=android.intent.action.PACKAGE_ADDED dat=package: flg=0x4000010 (has extras) } from null (pid=1421, uid=1000) to com.safesys.viruskiller/.ScanPackageBroadcast
11-02 00:43:41.520  1421  1658 W BroadcastQueue: u0 Receiving a broadcast in packagecom.uc108.mobile.sdgj.bd1 requires a permissions review
11-02 00:43:41.520  1421  1658 W BroadcastQueue: Skipping delivery: permission review required for Intent { act=android.intent.action.PACKAGE_ADDED dat=package: flg=0x4000010 (has extras) } from null (pid=1421, uid=1000) to com.uc108.mobile.sdgj.bd1/com.baidu.tiebasdk.service.InstallReceiver
11-02 00:43:41.520  1421  1658 W BroadcastQueue: u0 Receiving a broadcast in packageio.dcloud.H5BC6BF13 requires a permissions review
11-02 00:43:41.520  1421  1658 W BroadcastQueue: Skipping delivery: permission review required for Intent { act=android.intent.action.PACKAGE_ADDED dat=package: flg=0x4000010 (has extras) } from null (pid=1421, uid=1000) to io.dcloud.H5BC6BF13/io.dcloud.common.adapter.io.DownloadReceiver
11-02 00:43:41.527  1421  1656 W WindowMagnificationMgr: requestConnection duplicated request: connect=false, mConnectionState=DISCONNECTED
11-02 00:43:41.529  1421  1421 I Telecom : DefaultDialerCache: Refreshing default dialer for user 0: now com.google.android.dialer: DDC.oR@ArM
11-02 00:43:41.552  1421  1763 E VerityUtils: Failed to measure fs-verity, errno 1: /data/app/~~EDnrBKm-M9CKtmMl48wsCw==/bzyz.osqak.rcbmn-hSWSCKBBMB8wuvd9o-2xQA==/base.apk
11-02 00:43:41.576  1421  1767 E PackageManager: ERROR: could not load root hash from incremental install
11-02 00:43:41.589  1421  1656 W PackageManager: Failed registering loading progress callback. Package is fully loaded.
11-02 00:43:41.594  1421  1656 W WindowMagnificationMgr: requestConnection duplicated request: connect=false, mConnectionState=DISCONNECTED
11-02 00:43:41.595  1421  1767 I PackageManager: Integrity check passed for file:///data/app/vmdl1484929452.tmp
11-02 00:43:41.629  1421  4157 W BackupTransportManager: Package bzyz.osqak.rcbmn enabled setting: 0
11-02 00:43:41.631  1421  3199 D CompatibilityChangeReporter: Compat change id reported: 161252188; UID 10242; state: DISABLED
11-02 00:43:41.761  1421  1646 W ActivityTaskManager: Launch timeout has expired, giving up wake lock!
11-02 00:43:41.770  1421  1643 V StorageManagerService: Package null has legacy storage
11-02 00:43:41.775  1421  1970 I ActivityTaskManager: START u0 {flg=0x14800000 cmp=com.trendmicro.tmmspersonal/com.trendmicro.tmmssuite.antimalware.scan.RealtimeAlert (has extras)} from uid 10194
11-02 00:43:41.801  1421  5429 W ActivityTaskManager: Tried to set launchTime (0) < mLastActivityLaunchTime (716876)
11-02 00:43:41.839  1421  5486 D CoreBackPreview: Window{4991b33 u0 com.trendmicro.tmmspersonal/com.trendmicro.tmmssuite.antimalware.scan.RealtimeAlert}: Setting back callback OnBackInvokedCallbackInfo{mCallback=android.window.IOnBackInvokedCallback$Stub$Proxy@fdf3723, mPriority=0}
11-02 00:43:41.895  1421  5486 W AppOps  : setUidMode() called with a mode inconsistent with runtime permission state, this is discouraged and you should revoke the runtime permission instead: uid=10124, switchCode=0, mode=4, permission=android.permission.ACCESS_BACKGROUND_LOCATION
11-02 00:43:41.906  1421  5424 W WindowManager: Failed looking up window session=Session{d8e5d00 10366:u0a10194} callers=com.android.server.wm.WindowManagerService.windowForClientLocked:6056 com.android.server.wm.Session.setOnBackInvokedCallbackInfo:944 android.view.IWindowSession$Stub.onTransact:1180 
11-02 00:43:41.906  1421  5424 E WindowManager: setOnBackInvokedCallback(): No window state for package:com.trendmicro.tmmspersonal
11-02 00:43:41.918  1421  1767 V BackupManagerService: [UserID:0] restoreAtInstall pkg=com.novaspirit.usbcleaver token=34 restoreSet=0
11-02 00:43:41.925  1421  1767 V BackupManagerService: [UserID:0] Finishing install immediately
11-02 00:43:41.928  1421  1767 D PackageInstallerSession: Marking session 1484929452 as applied
11-02 00:43:41.934  1421  1767 D CompatibilityChangeReporter: Compat change id reported: 168419799; UID 10243; state: DISABLED
11-02 00:43:41.934  1421  1767 D CompatibilityChangeReporter: Compat change id reported: 273564678; UID 10243; state: DISABLED
11-02 00:43:41.944  1421  1421 I Telecom : DefaultDialerCache: Refreshing default dialer for user 0: now com.google.android.dialer: DDC.oR@ArQ
11-02 00:43:41.951  1421  5486 W BroadcastQueue: u0 Receiving a broadcast in packagecom.jr.narutoii requires a permissions review
11-02 00:43:41.951  1421  5486 W BroadcastQueue: Skipping delivery: permission review required for Intent { act=android.intent.action.PACKAGE_ADDED dat=package: flg=0x4000010 (has extras) } from null (pid=1421, uid=1000) to com.jr.narutoii/com.joyriver.engine.proxy.EngineReceiver
11-02 00:43:41.957  1421  1658 W BroadcastQueue: u0 Receiving a broadcast in packagecom.android.buyer requires a permissions review
11-02 00:43:41.957  1421  1658 W BroadcastQueue: Skipping delivery: permission review required for Intent { act=android.intent.action.PACKAGE_ADDED dat=package: flg=0x4000010 (has extras) } from null (pid=1421, uid=1000) to com.android.buyer/.mRve
11-02 00:43:41.957  1421  1658 W BroadcastQueue: Background execution not allowed: receiving Intent { act=android.intent.action.PACKAGE_ADDED dat=package: flg=0x4000010 (has extras) } to com.google.android.packageinstaller/com.android.packageinstaller.PackageInstalledReceiver
11-02 00:43:41.957  1421  1658 W BroadcastQueue: Background execution not allowed: receiving Intent { act=android.intent.action.PACKAGE_ADDED dat=package: flg=0x4000010 (has extras) } to com.trendmicro.tmmspersonal/com.trendmicro.android.base.util.PackageListReceiver
11-02 00:43:41.957  1421  1658 W BroadcastQueue: Background execution not allowed: receiving Intent { act=android.intent.action.PACKAGE_ADDED dat=package: flg=0x4000010 (has extras) } to com.android.vending/com.google.android.finsky.packagemonitor.impl.PackageMonitorReceiverImpl$RegisteredReceiver
11-02 00:43:41.957  1421  1658 W BroadcastQueue: Background execution not allowed: receiving Intent { act=android.intent.action.PACKAGE_ADDED dat=package: flg=0x4000010 (has extras) } to com.android.vending/com.google.android.finsky.packagemonitor.backgroundimpl.BackgroundPackageMonitorReceiverImpl$RegisteredReceiver
11-02 00:43:41.957  1421  1658 W BroadcastQueue: Background execution not allowed: receiving Intent { act=android.intent.action.PACKAGE_ADDED dat=package: flg=0x4000010 (has extras) } to com.google.android.gms/.games.chimera.GamesSystemBroadcastReceiverProxy
11-02 00:43:41.957  1421  1658 W BroadcastQueue: Background execution not allowed: receiving Intent { act=android.intent.action.PACKAGE_ADDED dat=package: flg=0x4000010 (has extras) } to com.google.android.gms/.gass.chimera.PackageChangeBroadcastReceiver
11-02 00:43:41.957  1421  1658 W BroadcastQueue: Background execution not allowed: receiving Intent { act=android.intent.action.PACKAGE_ADDED dat=package: flg=0x4000010 (has extras) } to com.google.android.gms/.chimera.GmsIntentOperationService$PersistentTrustedReceiver
11-02 00:43:41.957  1421  1658 W BroadcastQueue: Background execution not allowed: receiving Intent { act=android.intent.action.PACKAGE_ADDED dat=package: flg=0x4000010 (has extras) } to com.google.android.googlequicksearchbox/com.google.android.apps.gsa.googlequicksearchbox.GelStubAppWatcher
11-02 00:43:41.958  1421  1658 W BroadcastQueue: u0 Receiving a broadcast in packagecom.cncd.japan.janli.shudu requires a permissions review
11-02 00:43:41.958  1421  1658 W BroadcastQueue: Skipping delivery: permission review required for Intent { act=android.intent.action.PACKAGE_ADDED dat=package: flg=0x4000010 (has extras) } from null (pid=1421, uid=1000) to com.cncd.japan.janli.shudu/net.l.k.r
11-02 00:43:41.958  1421  1658 W BroadcastQueue: u0 Receiving a broadcast in packagecom.cncd.japan.janli.shudu requires a permissions review
11-02 00:43:41.958  1421  1658 W BroadcastQueue: Skipping delivery: permission review required for Intent { act=android.intent.action.PACKAGE_ADDED dat=package: flg=0x4000010 (has extras) } from null (pid=1421, uid=1000) to com.cncd.japan.janli.shudu/com.feiwofour.coverscreen.SR
11-02 00:43:41.958  1421  1658 W BroadcastQueue: u0 Receiving a broadcast in packagecom.games.mengmeizhitd requires a permissions review
11-02 00:43:41.958  1421  1658 W BroadcastQueue: Skipping delivery: permission review required for Intent { act=android.intent.action.PACKAGE_ADDED dat=package: flg=0x4000010 (has extras) } from null (pid=1421, uid=1000) to com.games.mengmeizhitd/hjnw.ihjnw.i.isqly
11-02 00:43:41.958  1421  1658 W BroadcastQueue: u0 Receiving a broadcast in packagecom.hgperfko.yaeghrwx requires a permissions review
11-02 00:43:41.958  1421  1658 W BroadcastQueue: Skipping delivery: permission review required for Intent { act=android.intent.action.PACKAGE_ADDED dat=package: flg=0x4000010 (has extras) } from null (pid=1421, uid=1000) to com.hgperfko.yaeghrwx/.core.hLytdCQDBv
11-02 00:43:41.958  1421  1658 W BroadcastQueue: u0 Receiving a broadcast in packagecom.qiuqiu.dfmc requires a permissions review
11-02 00:43:41.958  1421  1658 W BroadcastQueue: Skipping delivery: permission review required for Intent { act=android.intent.action.PACKAGE_ADDED dat=package: flg=0x4000010 (has extras) } from null (pid=1421, uid=1000) to com.qiuqiu.dfmc/cn.jpush.android.service.PushReceiver
11-02 00:43:41.958  1421  1658 W BroadcastQueue: u0 Receiving a broadcast in packagecom.safesys.viruskiller requires a permissions review
11-02 00:43:41.958  1421  1658 W BroadcastQueue: Skipping delivery: permission review required for Intent { act=android.intent.action.PACKAGE_ADDED dat=package: flg=0x4000010 (has extras) } from null (pid=1421, uid=1000) to com.safesys.viruskiller/.ScanPackageBroadcast
11-02 00:43:41.958  1421  1658 W BroadcastQueue: u0 Receiving a broadcast in packagecom.uc108.mobile.sdgj.bd1 requires a permissions review
11-02 00:43:41.958  1421  1658 W BroadcastQueue: Skipping delivery: permission review required for Intent { act=android.intent.action.PACKAGE_ADDED dat=package: flg=0x4000010 (has extras) } from null (pid=1421, uid=1000) to com.uc108.mobile.sdgj.bd1/com.baidu.tiebasdk.service.InstallReceiver
11-02 00:43:41.958  1421  1658 W BroadcastQueue: u0 Receiving a broadcast in packageio.dcloud.H5BC6BF13 requires a permissions review
11-02 00:43:41.958  1421  1658 W BroadcastQueue: Skipping delivery: permission review required for Intent { act=android.intent.action.PACKAGE_ADDED dat=package: flg=0x4000010 (has extras) } from null (pid=1421, uid=1000) to io.dcloud.H5BC6BF13/io.dcloud.common.adapter.io.DownloadReceiver
11-02 00:43:41.984  1421  1656 W WindowMagnificationMgr: requestConnection duplicated request: connect=false, mConnectionState=DISCONNECTED
11-02 00:43:41.997  1421  2913 D CompatibilityChangeReporter: Compat change id reported: 218533173; UID 10243; state: DISABLED
11-02 00:43:42.000  1421  1421 V BackupManagerConstants: getFullBackupIntervalMilliseconds(...) returns 86400000
11-02 00:43:42.000  1421  1421 V BackupManagerConstants: getFullBackupRequiredNetworkType(...) returns 2
11-02 00:43:42.000  1421  1421 V BackupManagerConstants: getFullBackupRequireCharging(...) returns true
11-02 00:43:42.003  1421  1763 E VerityUtils: Failed to measure fs-verity, errno 1: /data/app/~~c_t6viCdd-8Shhz2fNFhjA==/com.novaspirit.usbcleaver-EyQwzvKbBv08WNj6zB1sOw==/base.apk
11-02 00:43:42.024  1421  5487 I ActivityTaskManager: START u0 {flg=0x14800000 cmp=com.trendmicro.tmmspersonal/com.trendmicro.tmmssuite.antimalware.scan.RealtimeAlert (has extras)} from uid 10194
11-02 00:43:42.036  1421  1656 W PackageManager: Failed registering loading progress callback. Package is fully loaded.
11-02 00:43:42.038  1421  5424 W ActivityTaskManager: Tried to set launchTime (0) < mLastActivityLaunchTime (717886)
11-02 00:43:42.072  1421  1971 D CoreBackPreview: Window{641085f u0 com.trendmicro.tmmspersonal/com.trendmicro.tmmssuite.antimalware.scan.RealtimeAlert}: Setting back callback OnBackInvokedCallbackInfo{mCallback=android.window.IOnBackInvokedCallback$Stub$Proxy@dafab75, mPriority=0}
11-02 00:43:42.095  1421  1421 I Telecom : DefaultDialerCache: Refreshing default dialer for user 0: now com.google.android.dialer: DDC.oR@Arc
11-02 00:43:42.095  1421  1656 W WindowMagnificationMgr: requestConnection duplicated request: connect=false, mConnectionState=DISCONNECTED
11-02 00:43:42.096  1421  4157 W BackupTransportManager: Package com.novaspirit.usbcleaver enabled setting: 0
11-02 00:43:42.112  1421  5424 D CoreBackPreview: Window{4991b33 u0 com.trendmicro.tmmspersonal/com.trendmicro.tmmssuite.antimalware.scan.RealtimeAlert}: Setting back callback null
11-02 00:43:42.113  1421  5432 W AppOps  : setUidMode() called with a mode inconsistent with runtime permission state, this is discouraged and you should revoke the runtime permission instead: uid=10124, switchCode=1, mode=4, permission=android.permission.ACCESS_BACKGROUND_LOCATION
11-02 00:43:42.145  1421  5489 W AppOps  : setUidMode() called with a mode inconsistent with runtime permission state, this is discouraged and you should revoke the runtime permission instead: uid=10124, switchCode=0, mode=4, permission=android.permission.ACCESS_BACKGROUND_LOCATION
11-02 00:43:42.171  1421  5432 D CompatibilityChangeReporter: Compat change id reported: 161252188; UID 10243; state: DISABLED
11-02 00:43:42.206  1421  1767 E PackageManager: ERROR: could not load root hash from incremental install
11-02 00:43:42.237  1421  1767 I PackageManager: Integrity check passed for file:///data/app/vmdl136530329.tmp
11-02 00:43:42.321  1421  1643 V StorageManagerService: Package null has legacy storage
11-02 00:43:42.443  1421  1767 V BackupManagerService: [UserID:0] restoreAtInstall pkg=com.voicebianshengjinglingwc.wxl token=35 restoreSet=0
11-02 00:43:42.443  1421  1767 V BackupManagerService: [UserID:0] Finishing install immediately
11-02 00:43:42.446  1421  1767 D PackageInstallerSession: Marking session 136530329 as applied
11-02 00:43:42.450  1421  1767 D CompatibilityChangeReporter: Compat change id reported: 168419799; UID 10244; state: DISABLED
11-02 00:43:42.450  1421  1767 D CompatibilityChangeReporter: Compat change id reported: 273564678; UID 10244; state: DISABLED
11-02 00:43:42.454  1421  2913 D CompatibilityChangeReporter: Compat change id reported: 218533173; UID 10244; state: DISABLED
11-02 00:43:42.454  1421  5423 W BroadcastQueue: u0 Receiving a broadcast in packagecom.jr.narutoii requires a permissions review
11-02 00:43:42.454  1421  5423 W BroadcastQueue: Skipping delivery: permission review required for Intent { act=android.intent.action.PACKAGE_ADDED dat=package: flg=0x4000010 (has extras) } from null (pid=1421, uid=1000) to com.jr.narutoii/com.joyriver.engine.proxy.EngineReceiver
11-02 00:43:42.459  1421  1421 I Telecom : DefaultDialerCache: Refreshing default dialer for user 0: now com.google.android.dialer: DDC.oR@Arg
11-02 00:43:42.460  1421  1656 W WindowMagnificationMgr: requestConnection duplicated request: connect=false, mConnectionState=DISCONNECTED
11-02 00:43:42.464  1421  1658 W BroadcastQueue: u0 Receiving a broadcast in packagecom.android.buyer requires a permissions review
11-02 00:43:42.464  1421  1658 W BroadcastQueue: Skipping delivery: permission review required for Intent { act=android.intent.action.PACKAGE_ADDED dat=package: flg=0x4000010 (has extras) } from null (pid=1421, uid=1000) to com.android.buyer/.mRve
11-02 00:43:42.471  1421  1421 V BackupManagerConstants: getFullBackupIntervalMilliseconds(...) returns 86400000
11-02 00:43:42.471  1421  1421 V BackupManagerConstants: getFullBackupRequiredNetworkType(...) returns 2
11-02 00:43:42.471  1421  1658 W BroadcastQueue: Background execution not allowed: receiving Intent { act=android.intent.action.PACKAGE_ADDED dat=package: flg=0x4000010 (has extras) } to com.google.android.packageinstaller/com.android.packageinstaller.PackageInstalledReceiver
11-02 00:43:42.471  1421  1421 V BackupManagerConstants: getFullBackupRequireCharging(...) returns true
11-02 00:43:42.471  1421  1658 W BroadcastQueue: Background execution not allowed: receiving Intent { act=android.intent.action.PACKAGE_ADDED dat=package: flg=0x4000010 (has extras) } to com.trendmicro.tmmspersonal/com.trendmicro.android.base.util.PackageListReceiver
11-02 00:43:42.471  1421  1658 W BroadcastQueue: Background execution not allowed: receiving Intent { act=android.intent.action.PACKAGE_ADDED dat=package: flg=0x4000010 (has extras) } to com.android.vending/com.google.android.finsky.packagemonitor.impl.PackageMonitorReceiverImpl$RegisteredReceiver
11-02 00:43:42.471  1421  1658 W BroadcastQueue: Background execution not allowed: receiving Intent { act=android.intent.action.PACKAGE_ADDED dat=package: flg=0x4000010 (has extras) } to com.android.vending/com.google.android.finsky.packagemonitor.backgroundimpl.BackgroundPackageMonitorReceiverImpl$RegisteredReceiver
11-02 00:43:42.472  1421  1658 W BroadcastQueue: Background execution not allowed: receiving Intent { act=android.intent.action.PACKAGE_ADDED dat=package: flg=0x4000010 (has extras) } to com.google.android.gms/.games.chimera.GamesSystemBroadcastReceiverProxy
11-02 00:43:42.472  1421  1658 W BroadcastQueue: Background execution not allowed: receiving Intent { act=android.intent.action.PACKAGE_ADDED dat=package: flg=0x4000010 (has extras) } to com.google.android.gms/.gass.chimera.PackageChangeBroadcastReceiver
11-02 00:43:42.472  1421  1658 W BroadcastQueue: Background execution not allowed: receiving Intent { act=android.intent.action.PACKAGE_ADDED dat=package: flg=0x4000010 (has extras) } to com.google.android.gms/.chimera.GmsIntentOperationService$PersistentTrustedReceiver
11-02 00:43:42.472  1421  1658 W BroadcastQueue: Background execution not allowed: receiving Intent { act=android.intent.action.PACKAGE_ADDED dat=package: flg=0x4000010 (has extras) } to com.google.android.googlequicksearchbox/com.google.android.apps.gsa.googlequicksearchbox.GelStubAppWatcher
11-02 00:43:42.472  1421  1658 W BroadcastQueue: u0 Receiving a broadcast in packagecom.cncd.japan.janli.shudu requires a permissions review
11-02 00:43:42.472  1421  1658 W BroadcastQueue: Skipping delivery: permission review required for Intent { act=android.intent.action.PACKAGE_ADDED dat=package: flg=0x4000010 (has extras) } from null (pid=1421, uid=1000) to com.cncd.japan.janli.shudu/net.l.k.r
11-02 00:43:42.472  1421  1658 W BroadcastQueue: u0 Receiving a broadcast in packagecom.cncd.japan.janli.shudu requires a permissions review
11-02 00:43:42.472  1421  1658 W BroadcastQueue: Skipping delivery: permission review required for Intent { act=android.intent.action.PACKAGE_ADDED dat=package: flg=0x4000010 (has extras) } from null (pid=1421, uid=1000) to com.cncd.japan.janli.shudu/com.feiwofour.coverscreen.SR
11-02 00:43:42.472  1421  1658 W BroadcastQueue: u0 Receiving a broadcast in packagecom.games.mengmeizhitd requires a permissions review
11-02 00:43:42.472  1421  1658 W BroadcastQueue: Skipping delivery: permission review required for Intent { act=android.intent.action.PACKAGE_ADDED dat=package: flg=0x4000010 (has extras) } from null (pid=1421, uid=1000) to com.games.mengmeizhitd/hjnw.ihjnw.i.isqly
11-02 00:43:42.472  1421  1658 W BroadcastQueue: u0 Receiving a broadcast in packagecom.hgperfko.yaeghrwx requires a permissions review
11-02 00:43:42.472  1421  1658 W BroadcastQueue: Skipping delivery: permission review required for Intent { act=android.intent.action.PACKAGE_ADDED dat=package: flg=0x4000010 (has extras) } from null (pid=1421, uid=1000) to com.hgperfko.yaeghrwx/.core.hLytdCQDBv
11-02 00:43:42.472  1421  1658 W BroadcastQueue: u0 Receiving a broadcast in packagecom.qiuqiu.dfmc requires a permissions review
11-02 00:43:42.472  1421  1658 W BroadcastQueue: Skipping delivery: permission review required for Intent { act=android.intent.action.PACKAGE_ADDED dat=package: flg=0x4000010 (has extras) } from null (pid=1421, uid=1000) to com.qiuqiu.dfmc/cn.jpush.android.service.PushReceiver
11-02 00:43:42.472  1421  1658 W BroadcastQueue: u0 Receiving a broadcast in packagecom.safesys.viruskiller requires a permissions review
